Java HotSpot(TM) 64-Bit Server VM (24.80-b11) for linux-amd64 JRE (1.7.0_80-b15), built on Apr 10 2015 19:53:14 by "java_re" with gcc 4.3.0 20080428 (Red Hat 4.3.0-8)
Memory: 4k page, physical 8000092k(6358256k free), swap 8218620k(8218620k free)
CommandLine flags: -XX:InitialHeapSize=70181888 -XX:MaxHeapSize=70181888 -XX:+PrintGC -XX:+PrintGCApplicationConcurrentTime -XX:+PrintGCApplicationStoppedTime -XX:+PrintGCDetails -XX:+PrintGCTimeStamps -XX:-UseAdaptiveSizePolicy -XX:+UseCompressedOops -XX:+UseParallelGC 
1.009: Application time: 0.9850350 seconds
1.009: Total time for which application threads were stopped: 0.0000410 seconds, Stopping threads took: 0.0000110 seconds
4.030: Application time: 3.0203670 seconds
4.030: Total time for which application threads were stopped: 0.0000650 seconds, Stopping threads took: 0.0000110 seconds
14.757: Application time: 10.7268150 seconds
14.757: Total time for which application threads were stopped: 0.0000240 seconds, Stopping threads took: 0.0000080 seconds
14.757: Application time: 0.0000630 seconds
14.757: Total time for which application threads were stopped: 0.0000230 seconds, Stopping threads took: 0.0000070 seconds
14.758: Application time: 0.0015620 seconds
14.758: Total time for which application threads were stopped: 0.0000250 seconds, Stopping threads took: 0.0000180 seconds
14.778: Application time: 0.0199820 seconds
14.778: Total time for which application threads were stopped: 0.0000370 seconds, Stopping threads took: 0.0000090 seconds
14.791: Application time: 0.0122900 seconds
14.791: [GC [PSYoungGen: 9832K->2551K(20480K)] 9832K->3339K(66560K), 0.0024010 secs] [Times: user=0.00 sys=0.00, real=0.00 secs] 
14.793: [Full GC [PSYoungGen: 2551K->0K(20480K)] [ParOldGen: 787K->3145K(46080K)] 3339K->3145K(66560K) [PSPermGen: 5075K->5074K(21504K)], 0.0106940 secs] [Times: user=0.04 sys=0.00, real=0.01 secs] 
14.804: Total time for which application threads were stopped: 0.0132190 seconds, Stopping threads took: 0.0000180 seconds
14.804: Application time: 0.0000330 seconds
14.804: [GC [PSYoungGen: 0K->0K(20480K)] 3145K->3145K(66560K), 0.0002870 secs] [Times: user=0.00 sys=0.00, real=0.00 secs] 
14.804: [Full GC [PSYoungGen: 0K->0K(20480K)] [ParOldGen: 3145K->3145K(46080K)] 3145K->3145K(66560K) [PSPermGen: 5074K->5074K(21504K)], 0.0042730 secs] [Times: user=0.01 sys=0.01, real=0.00 secs] 
14.809: Total time for which application threads were stopped: 0.0046530 seconds, Stopping threads took: 0.0000060 seconds
14.809: Application time: 0.0000780 seconds
14.809: Total time for which application threads were stopped: 0.0000230 seconds, Stopping threads took: 0.0000150 seconds
14.809: Application time: 0.0000250 seconds
14.809: Total time for which application threads were stopped: 0.0000200 seconds, Stopping threads took: 0.0000160 seconds
14.809: Application time: 0.0000110 seconds
14.809: Total time for which application threads were stopped: 0.0000170 seconds, Stopping threads took: 0.0000130 seconds
14.809: Application time: 0.0000110 seconds
14.809: Total time for which application threads were stopped: 0.0000180 seconds, Stopping threads took: 0.0000140 seconds
14.809: Application time: 0.0000100 seconds
14.809: Total time for which application threads were stopped: 0.0000190 seconds, Stopping threads took: 0.0000150 seconds
14.809: Application time: 0.0000290 seconds
14.809: Total time for which application threads were stopped: 0.0000170 seconds, Stopping threads took: 0.0000130 seconds
14.809: Application time: 0.0000100 seconds
14.809: Total time for which application threads were stopped: 0.0000160 seconds, Stopping threads took: 0.0000120 seconds
14.809: Application time: 0.0000110 seconds
14.809: Total time for which application threads were stopped: 0.0000130 seconds, Stopping threads took: 0.0000100 seconds
14.809: Application time: 0.0000130 seconds
14.809: Total time for which application threads were stopped: 0.0000160 seconds, Stopping threads took: 0.0000120 seconds
14.809: Application time: 0.0000120 seconds
14.809: Total time for which application threads were stopped: 0.0000170 seconds, Stopping threads took: 0.0000140 seconds
14.809: Application time: 0.0000120 seconds
14.809: Total time for which application threads were stopped: 0.0000170 seconds, Stopping threads took: 0.0000130 seconds
14.809: Application time: 0.0000130 seconds
14.809: Total time for which application threads were stopped: 0.0000210 seconds, Stopping threads took: 0.0000170 seconds
14.809: Application time: 0.0000120 seconds
14.809: Total time for which application threads were stopped: 0.0000200 seconds, Stopping threads took: 0.0000170 seconds
14.809: Application time: 0.0000120 seconds
14.809: Total time for which application threads were stopped: 0.0000140 seconds, Stopping threads took: 0.0000100 seconds
14.809: Application time: 0.0000130 seconds
14.809: Total time for which application threads were stopped: 0.0000180 seconds, Stopping threads took: 0.0000140 seconds
14.809: Application time: 0.0000130 seconds
14.809: Total time for which application threads were stopped: 0.0000170 seconds, Stopping threads took: 0.0000130 seconds
14.809: Application time: 0.0000120 seconds
14.809: Total time for which application threads were stopped: 0.0000180 seconds, Stopping threads took: 0.0000140 seconds
14.809: Application time: 0.0000120 seconds
14.809: Total time for which application threads were stopped: 0.0000130 seconds, Stopping threads took: 0.0000090 seconds
14.809: Application time: 0.0001420 seconds
14.809: Total time for which application threads were stopped: 0.0000150 seconds, Stopping threads took: 0.0000110 seconds
14.809: Application time: 0.0000110 seconds
14.809: Total time for which application threads were stopped: 0.0000250 seconds, Stopping threads took: 0.0000140 seconds
14.809: Application time: 0.0000110 seconds
14.809: Total time for which application threads were stopped: 0.0000170 seconds, Stopping threads took: 0.0000130 seconds
14.809: Application time: 0.0000100 seconds
14.809: Total time for which application threads were stopped: 0.0000170 seconds, Stopping threads took: 0.0000130 seconds
14.809: Application time: 0.0000100 seconds
14.809: Total time for which application threads were stopped: 0.0000160 seconds, Stopping threads took: 0.0000130 seconds
14.809: Application time: 0.0000110 seconds
14.810: Total time for which application threads were stopped: 0.0000170 seconds, Stopping threads took: 0.0000130 seconds
14.810: Application time: 0.0000160 seconds
14.810: Total time for which application threads were stopped: 0.0000160 seconds, Stopping threads took: 0.0000110 seconds
14.810: Application time: 0.0000100 seconds
14.810: Total time for which application threads were stopped: 0.0000140 seconds, Stopping threads took: 0.0000100 seconds
14.810: Application time: 0.0000100 seconds
14.810: Total time for which application threads were stopped: 0.0000130 seconds, Stopping threads took: 0.0000090 seconds
14.810: Application time: 0.0000090 seconds
14.810: Total time for which application threads were stopped: 0.0000130 seconds, Stopping threads took: 0.0000090 seconds
14.810: Application time: 0.0000090 seconds
14.810: Total time for which application threads were stopped: 0.0000130 seconds, Stopping threads took: 0.0000100 seconds
14.810: Application time: 0.0000090 seconds
14.810: Total time for which application threads were stopped: 0.0000130 seconds, Stopping threads took: 0.0000100 seconds
14.810: Application time: 0.0000090 seconds
14.810: Total time for which application threads were stopped: 0.0000140 seconds, Stopping threads took: 0.0000100 seconds
14.810: Application time: 0.0000080 seconds
14.810: Total time for which application threads were stopped: 0.0000140 seconds, Stopping threads took: 0.0000100 seconds
14.810: Application time: 0.0000090 seconds
14.810: Total time for which application threads were stopped: 0.0000120 seconds, Stopping threads took: 0.0000090 seconds
14.810: Application time: 0.0000090 seconds
14.810: Total time for which application threads were stopped: 0.0000170 seconds, Stopping threads took: 0.0000130 seconds
14.810: Application time: 0.0000090 seconds
14.810: Total time for which application threads were stopped: 0.0000090 seconds, Stopping threads took: 0.0000050 seconds
14.810: Application time: 0.0000090 seconds
14.810: Total time for which application threads were stopped: 0.0000140 seconds, Stopping threads took: 0.0000110 seconds
14.810: Application time: 0.0000090 seconds
14.810: Total time for which application threads were stopped: 0.0000130 seconds, Stopping threads took: 0.0000100 seconds
14.810: Application time: 0.0000090 seconds
14.810: Total time for which application threads were stopped: 0.0000140 seconds, Stopping threads took: 0.0000100 seconds
14.810: Application time: 0.0000100 seconds
14.810: Total time for which application threads were stopped: 0.0000130 seconds, Stopping threads took: 0.0000090 seconds
14.810: Application time: 0.0000090 seconds
14.810: Total time for which application threads were stopped: 0.0000200 seconds, Stopping threads took: 0.0000120 seconds
14.810: Application time: 0.0004240 seconds
14.810: Total time for which application threads were stopped: 0.0000150 seconds, Stopping threads took: 0.0000070 seconds
14.889: Application time: 0.0782840 seconds
14.889: Total time for which application threads were stopped: 0.0000770 seconds, Stopping threads took: 0.0000510 seconds
14.889: Application time: 0.0002310 seconds
14.889: Total time for which application threads were stopped: 0.0000460 seconds, Stopping threads took: 0.0000340 seconds
14.889: Application time: 0.0001430 seconds
14.889: Total time for which application threads were stopped: 0.0000690 seconds, Stopping threads took: 0.0000550 seconds
14.889: Application time: 0.0001330 seconds
14.889: Total time for which application threads were stopped: 0.0000470 seconds, Stopping threads took: 0.0000160 seconds
14.890: Application time: 0.0005700 seconds
14.890: Total time for which application threads were stopped: 0.0005170 seconds, Stopping threads took: 0.0005040 seconds
14.891: Application time: 0.0000190 seconds
14.891: Total time for which application threads were stopped: 0.0000270 seconds, Stopping threads took: 0.0000200 seconds
14.891: Application time: 0.0000250 seconds
14.891: Total time for which application threads were stopped: 0.0000290 seconds, Stopping threads took: 0.0000230 seconds
14.901: Application time: 0.0107750 seconds
14.901: Total time for which application threads were stopped: 0.0000560 seconds, Stopping threads took: 0.0000360 seconds
15.089: Application time: 0.1871260 seconds
15.089: [GC [PSYoungGen: 17744K->2528K(20480K)] 20889K->8769K(66560K), 0.0015010 secs] [Times: user=0.01 sys=0.01, real=0.00 secs] 
15.090: Total time for which application threads were stopped: 0.0018040 seconds, Stopping threads took: 0.0002190 seconds
15.091: Application time: 0.0001330 seconds
15.091: Total time for which application threads were stopped: 0.0003590 seconds, Stopping threads took: 0.0003420 seconds
15.091: Application time: 0.0000220 seconds
15.091: Total time for which application threads were stopped: 0.0000490 seconds, Stopping threads took: 0.0000370 seconds
15.091: Application time: 0.0000210 seconds
15.091: Total time for which application threads were stopped: 0.0001880 seconds, Stopping threads took: 0.0001750 seconds
15.091: Application time: 0.0000160 seconds
15.091: Total time for which application threads were stopped: 0.0000380 seconds, Stopping threads took: 0.0000270 seconds
15.118: Application time: 0.0270390 seconds
15.123: [GC [PSYoungGen: 19428K->2464K(20480K)] 25669K->13825K(66560K), 0.0021360 secs] [Times: user=0.00 sys=0.01, real=0.00 secs] 
15.125: Total time for which application threads were stopped: 0.0064700 seconds, Stopping threads took: 0.0042480 seconds
15.169: Application time: 0.0439100 seconds
15.169: [GC [PSYoungGen: 20016K->2544K(20480K)] 31378K->17009K(66560K), 0.0017800 secs] [Times: user=0.01 sys=0.00, real=0.01 secs] 
15.171: Total time for which application threads were stopped: 0.0019400 seconds, Stopping threads took: 0.0000670 seconds
15.203: Application time: 0.0326290 seconds
15.203: [GC [PSYoungGen: 20314K->2544K(20480K)] 34779K->22161K(66560K), 0.0018600 secs] [Times: user=0.01 sys=0.01, real=0.00 secs] 
15.205: Total time for which application threads were stopped: 0.0019860 seconds, Stopping threads took: 0.0000530 seconds
15.243: Application time: 0.0379790 seconds
15.243: [GC [PSYoungGen: 19915K->2544K(20480K)] 39533K->26257K(66560K), 0.0017470 secs] [Times: user=0.01 sys=0.00, real=0.00 secs] 
15.245: Total time for which application threads were stopped: 0.0018980 seconds, Stopping threads took: 0.0000560 seconds
15.281: Application time: 0.0359440 seconds
15.281: [GC [PSYoungGen: 20200K->2528K(20480K)] 43913K->30337K(66560K), 0.0018500 secs] [Times: user=0.00 sys=0.01, real=0.00 secs] 
15.283: Total time for which application threads were stopped: 0.0020250 seconds, Stopping threads took: 0.0000930 seconds
15.325: Application time: 0.0420510 seconds
15.325: [GC [PSYoungGen: 19987K->2528K(20480K)] 47797K->32393K(66560K), 0.0010870 secs] [Times: user=0.01 sys=0.00, real=0.00 secs] 
15.326: Total time for which application threads were stopped: 0.0012200 seconds, Stopping threads took: 0.0000690 seconds
15.359: Application time: 0.0327470 seconds
15.359: [GC [PSYoungGen: 20373K->2512K(20480K)] 50239K->36473K(66560K), 0.0016010 secs] [Times: user=0.01 sys=0.00, real=0.00 secs] 
15.361: Total time for which application threads were stopped: 0.0017220 seconds, Stopping threads took: 0.0000590 seconds
15.391: Application time: 0.0300970 seconds
15.391: [GC [PSYoungGen: 19477K->2528K(20480K)] 53439K->40586K(66560K), 0.0016940 secs] [Times: user=0.01 sys=0.00, real=0.00 secs] 
15.393: Total time for which application threads were stopped: 0.0018300 seconds, Stopping threads took: 0.0000730 seconds
15.424: Application time: 0.0308620 seconds
15.424: [GC [PSYoungGen: 20403K->2480K(20480K)] 58461K->44634K(66560K), 0.0016880 secs] [Times: user=0.01 sys=0.00, real=0.00 secs] 
15.425: [Full GC [PSYoungGen: 2480K->0K(20480K)] [ParOldGen: 42154K->9570K(46080K)] 44634K->9570K(66560K) [PSPermGen: 5364K->5340K(21504K)], 0.0116360 secs] [Times: user=0.06 sys=0.00, real=0.01 secs] 
15.437: Total time for which application threads were stopped: 0.0135340 seconds, Stopping threads took: 0.0000910 seconds
15.474: Application time: 0.0372670 seconds
15.475: [GC [PSYoungGen: 17247K->2304K(20480K)] 26818K->15970K(66560K), 0.0017650 secs] [Times: user=0.01 sys=0.01, real=0.00 secs] 
15.476: Total time for which application threads were stopped: 0.0019100 seconds, Stopping threads took: 0.0000790 seconds
15.504: Application time: 0.0278820 seconds
15.504: [GC [PSYoungGen: 20083K->2304K(20480K)] 33750K->21090K(66560K), 0.0021270 secs] [Times: user=0.01 sys=0.00, real=0.00 secs] 
15.506: Total time for which application threads were stopped: 0.0022750 seconds, Stopping threads took: 0.0000690 seconds
15.544: Application time: 0.0374380 seconds
15.547: [GC [PSYoungGen: 19379K->2304K(20480K)] 38166K->26210K(66560K), 0.0020180 secs] [Times: user=0.01 sys=0.00, real=0.00 secs] 
15.549: Total time for which application threads were stopped: 0.0046740 seconds, Stopping threads took: 0.0025820 seconds
15.580: Application time: 0.0309510 seconds
15.580: [GC [PSYoungGen: 19306K->2304K(20480K)] 43212K->31330K(66560K), 0.0021020 secs] [Times: user=0.01 sys=0.00, real=0.00 secs] 
15.582: Total time for which application threads were stopped: 0.0022460 seconds, Stopping threads took: 0.0000770 seconds
15.617: Application time: 0.0352290 seconds
15.617: [GC [PSYoungGen: 19358K->2304K(20480K)] 48385K->35426K(66560K), 0.0018540 secs] [Times: user=0.01 sys=0.00, real=0.01 secs] 
15.619: Total time for which application threads were stopped: 0.0020080 seconds, Stopping threads took: 0.0000860 seconds
15.651: Application time: 0.0317260 seconds
15.651: [GC [PSYoungGen: 19306K->2304K(20480K)] 52429K->40546K(66560K), 0.0020450 secs] [Times: user=0.02 sys=0.00, real=0.00 secs] 
15.653: Total time for which application threads were stopped: 0.0021740 seconds, Stopping threads took: 0.0000600 seconds
15.686: Application time: 0.0326720 seconds
15.686: [GC [PSYoungGen: 20224K->2304K(20480K)] 58466K->44643K(66560K), 0.0018370 secs] [Times: user=0.01 sys=0.00, real=0.00 secs] 
15.688: [Full GC [PSYoungGen: 2304K->0K(20480K)] [ParOldGen: 42339K->9603K(46080K)] 44643K->9603K(66560K) [PSPermGen: 5367K->5367K(21504K)], 0.0062530 secs] [Times: user=0.03 sys=0.00, real=0.01 secs] 
15.694: Total time for which application threads were stopped: 0.0082730 seconds, Stopping threads took: 0.0000620 seconds
15.727: Application time: 0.0332050 seconds
15.727: [GC [PSYoungGen: 17128K->2304K(20480K)] 26731K->17027K(66560K), 0.0020900 secs] [Times: user=0.02 sys=0.00, real=0.00 secs] 
15.729: Total time for which application threads were stopped: 0.0022350 seconds, Stopping threads took: 0.0000760 seconds
15.764: Application time: 0.0343220 seconds
15.764: [GC [PSYoungGen: 20224K->2304K(20480K)] 34947K->21123K(66560K), 0.0017370 secs] [Times: user=0.01 sys=0.00, real=0.00 secs] 
15.766: Total time for which application threads were stopped: 0.0018870 seconds, Stopping threads took: 0.0000790 seconds
15.799: Application time: 0.0334340 seconds
15.799: [GC [PSYoungGen: 19476K->2304K(20480K)] 38295K->26243K(66560K), 0.0020060 secs] [Times: user=0.02 sys=0.00, real=0.00 secs] 
15.801: Total time for which application threads were stopped: 0.0021760 seconds, Stopping threads took: 0.0000730 seconds
15.816: Application time: 0.0146840 seconds
15.816: Total time for which application threads were stopped: 0.0000860 seconds, Stopping threads took: 0.0000630 seconds
15.826: Application time: 0.0100790 seconds
15.826: Total time for which application threads were stopped: 0.0000740 seconds, Stopping threads took: 0.0000560 seconds
15.841: Application time: 0.0150350 seconds
15.841: [GC [PSYoungGen: 19678K->2368K(20480K)] 43618K->29379K(66560K), 0.0016920 secs] [Times: user=0.01 sys=0.00, real=0.00 secs] 
15.843: Total time for which application threads were stopped: 0.0018280 seconds, Stopping threads took: 0.0000660 seconds
15.863: Application time: 0.0196670 seconds
15.863: Total time for which application threads were stopped: 0.0000830 seconds, Stopping threads took: 0.0000640 seconds
15.863: Application time: 0.0001470 seconds
15.863: Total time for which application threads were stopped: 0.0000410 seconds, Stopping threads took: 0.0000290 seconds
15.863: Application time: 0.0004060 seconds
15.863: Total time for which application threads were stopped: 0.0000480 seconds, Stopping threads took: 0.0000350 seconds
15.864: Application time: 0.0002040 seconds
15.864: Total time for which application threads were stopped: 0.0000410 seconds, Stopping threads took: 0.0000300 seconds
15.879: Application time: 0.0150370 seconds
15.879: [GC [PSYoungGen: 19356K->2480K(20480K)] 46368K->30515K(66560K), 0.0010500 secs] [Times: user=0.01 sys=0.00, real=0.00 secs] 
15.880: Total time for which application threads were stopped: 0.0011730 seconds, Stopping threads took: 0.0000640 seconds
15.913: Application time: 0.0329940 seconds
15.913: [GC [PSYoungGen: 19978K->2528K(20480K)] 48014K->33643K(66560K), 0.0015750 secs] [Times: user=0.01 sys=0.00, real=0.00 secs] 
15.915: Total time for which application threads were stopped: 0.0017220 seconds, Stopping threads took: 0.0000800 seconds
15.951: Application time: 0.0363220 seconds
15.951: [GC [PSYoungGen: 20272K->2512K(20480K)] 51388K->35675K(66560K), 0.0012020 secs] [Times: user=0.01 sys=0.00, real=0.00 secs] 
15.952: Total time for which application threads were stopped: 0.0013130 seconds, Stopping threads took: 0.0000490 seconds
15.983: Application time: 0.0308780 seconds
15.983: [GC [PSYoungGen: 19629K->2528K(20480K)] 52793K->38763K(66560K), 0.0016630 secs] [Times: user=0.01 sys=0.00, real=0.00 secs] 
15.985: Total time for which application threads were stopped: 0.0017850 seconds, Stopping threads took: 0.0000570 seconds
16.016: Application time: 0.0315660 seconds
16.016: [GC [PSYoungGen: 19970K->2480K(20480K)] 56206K->40763K(66560K), 0.0012410 secs] [Times: user=0.01 sys=0.00, real=0.00 secs] 
16.018: Total time for which application threads were stopped: 0.0013740 seconds, Stopping threads took: 0.0000690 seconds
16.052: Application time: 0.0345910 seconds
16.052: [GC [PSYoungGen: 20024K->2496K(20480K)] 58308K->43851K(66560K), 0.0015290 secs] [Times: user=0.01 sys=0.00, real=0.00 secs] 
16.054: [Full GC [PSYoungGen: 2496K->0K(20480K)] [ParOldGen: 41355K->8553K(46080K)] 43851K->8553K(66560K) [PSPermGen: 5379K->5379K(21504K)], 0.0060870 secs] [Times: user=0.03 sys=0.00, real=0.01 secs] 
16.060: Total time for which application threads were stopped: 0.0077970 seconds, Stopping threads took: 0.0000640 seconds
16.091: Application time: 0.0308010 seconds
16.091: [GC [PSYoungGen: 17392K->2272K(20480K)] 25946K->14922K(66560K), 0.0018320 secs] [Times: user=0.01 sys=0.00, real=0.00 secs] 
16.093: Total time for which application threads were stopped: 0.0019800 seconds, Stopping threads took: 0.0000580 seconds
16.131: Application time: 0.0377860 seconds
16.131: [GC [PSYoungGen: 19934K->2304K(20480K)] 32584K->19050K(66560K), 0.0018120 secs] [Times: user=0.01 sys=0.00, real=0.00 secs] 
16.133: Total time for which application threads were stopped: 0.0024610 seconds, Stopping threads took: 0.0005770 seconds
16.165: Application time: 0.0319190 seconds
16.165: [GC [PSYoungGen: 19642K->2304K(20480K)] 36388K->24170K(66560K), 0.0020790 secs] [Times: user=0.01 sys=0.00, real=0.00 secs] 
16.167: Total time for which application threads were stopped: 0.0022370 seconds, Stopping threads took: 0.0000860 seconds
16.204: Application time: 0.0368060 seconds
16.204: [GC [PSYoungGen: 20039K->2304K(20480K)] 41905K->28266K(66560K), 0.0017270 secs] [Times: user=0.02 sys=0.00, real=0.00 secs] 
16.206: Total time for which application threads were stopped: 0.0018560 seconds, Stopping threads took: 0.0000620 seconds
16.236: Application time: 0.0301440 seconds
16.236: [GC [PSYoungGen: 19668K->2272K(20480K)] 45630K->32330K(66560K), 0.0017100 secs] [Times: user=0.01 sys=0.00, real=0.00 secs] 
16.238: Total time for which application threads were stopped: 0.0018350 seconds, Stopping threads took: 0.0000610 seconds
16.276: Application time: 0.0379030 seconds
16.276: [GC [PSYoungGen: 20008K->2304K(20480K)] 50066K->35434K(66560K), 0.0014300 secs] [Times: user=0.01 sys=0.00, real=0.00 secs] 
16.277: Total time for which application threads were stopped: 0.0015750 seconds, Stopping threads took: 0.0000840 seconds
16.307: Application time: 0.0293540 seconds
16.307: [GC [PSYoungGen: 19636K->2304K(20480K)] 52767K->40554K(66560K), 0.0019670 secs] [Times: user=0.02 sys=0.00, real=0.00 secs] 
16.309: Total time for which application threads were stopped: 0.0021150 seconds, Stopping threads took: 0.0000680 seconds
16.349: Application time: 0.0397750 seconds
16.349: [GC [PSYoungGen: 20020K->2304K(20480K)] 58270K->43626K(66560K), 0.0016080 secs] [Times: user=0.01 sys=0.00, real=0.01 secs] 
16.350: [Full GC [PSYoungGen: 2304K->0K(20480K)] [ParOldGen: 41322K->8570K(46080K)] 43626K->8570K(66560K) [PSPermGen: 5400K->5400K(21504K)], 0.0063070 secs] [Times: user=0.03 sys=0.00, real=0.00 secs] 
16.357: Total time for which application threads were stopped: 0.0081070 seconds, Stopping threads took: 0.0000680 seconds
16.387: Application time: 0.0298970 seconds
16.387: [GC [PSYoungGen: 17414K->2304K(20480K)] 25984K->15994K(66560K), 0.0020060 secs] [Times: user=0.02 sys=0.00, real=0.00 secs] 
16.389: Total time for which application threads were stopped: 0.0021400 seconds, Stopping threads took: 0.0000650 seconds
16.426: Application time: 0.0369540 seconds
16.427: [GC [PSYoungGen: 19876K->2208K(20480K)] 33567K->18970K(66560K), 0.0014840 secs] [Times: user=0.00 sys=0.00, real=0.00 secs] 
16.428: Total time for which application threads were stopped: 0.0022020 seconds, Stopping threads took: 0.0006550 seconds
16.458: Application time: 0.0297150 seconds
16.458: [GC [PSYoungGen: 19596K->2304K(20480K)] 36359K->23162K(66560K), 0.0017180 secs] [Times: user=0.02 sys=0.00, real=0.01 secs] 
16.460: Total time for which application threads were stopped: 0.0018440 seconds, Stopping threads took: 0.0000630 seconds
16.498: Application time: 0.0382720 seconds
16.498: [GC [PSYoungGen: 19879K->2304K(20480K)] 40738K->26234K(66560K), 0.0014120 secs] [Times: user=0.01 sys=0.00, real=0.01 secs] 
16.499: Total time for which application threads were stopped: 0.0015740 seconds, Stopping threads took: 0.0000900 seconds
16.528: Application time: 0.0283200 seconds
16.528: [GC [PSYoungGen: 19788K->2336K(20480K)] 43718K->30362K(66560K), 0.0018480 secs] [Times: user=0.01 sys=0.00, real=0.00 secs] 
16.530: Total time for which application threads were stopped: 0.0020190 seconds, Stopping threads took: 0.0001060 seconds
16.569: Application time: 0.0392570 seconds
16.569: [GC [PSYoungGen: 19947K->2336K(20480K)] 47974K->34459K(66560K), 0.0017240 secs] [Times: user=0.01 sys=0.00, real=0.01 secs] 
16.571: Total time for which application threads were stopped: 0.0019050 seconds, Stopping threads took: 0.0000900 seconds
16.601: Application time: 0.0296890 seconds
16.601: [GC [PSYoungGen: 20161K->2416K(20480K)] 52284K->38635K(66560K), 0.0017720 secs] [Times: user=0.01 sys=0.00, real=0.00 secs] 
16.603: Total time for which application threads were stopped: 0.0019030 seconds, Stopping threads took: 0.0000650 seconds
16.642: Application time: 0.0391400 seconds
16.642: [GC [PSYoungGen: 19323K->2544K(20480K)] 55542K->41835K(66560K), 0.0016150 secs] [Times: user=0.01 sys=0.00, real=0.00 secs] 
16.644: Total time for which application threads were stopped: 0.0023030 seconds, Stopping threads took: 0.0006190 seconds
16.668: Application time: 0.0243010 seconds
16.668: [GC [PSYoungGen: 20043K->2512K(20480K)] 59334K->45899K(66560K), 0.0018460 secs] [Times: user=0.01 sys=0.00, real=0.00 secs] 
16.670: [Full GC [PSYoungGen: 2512K->0K(20480K)] [ParOldGen: 43387K->9580K(46080K)] 45899K->9580K(66560K) [PSPermGen: 5411K->5411K(21504K)], 0.0064510 secs] [Times: user=0.03 sys=0.00, real=0.01 secs] 
16.677: Total time for which application threads were stopped: 0.0085450 seconds, Stopping threads took: 0.0001310 seconds
16.718: Application time: 0.0408640 seconds
16.718: [GC [PSYoungGen: 17355K->2304K(20480K)] 26936K->14957K(66560K), 0.0014990 secs] [Times: user=0.01 sys=0.00, real=0.01 secs] 
16.719: Total time for which application threads were stopped: 0.0016260 seconds, Stopping threads took: 0.0000680 seconds
16.748: Application time: 0.0291310 seconds
16.751: [GC [PSYoungGen: 20076K->2304K(20480K)] 32729K->19053K(66560K), 0.0017140 secs] [Times: user=0.01 sys=0.00, real=0.00 secs] 
16.752: Total time for which application threads were stopped: 0.0037950 seconds, Stopping threads took: 0.0020150 seconds
16.791: Application time: 0.0386550 seconds
16.791: [GC [PSYoungGen: 19645K->2272K(20480K)] 36394K->21069K(66560K), 0.0012420 secs] [Times: user=0.00 sys=0.00, real=0.00 secs] 
16.792: Total time for which application threads were stopped: 0.0014570 seconds, Stopping threads took: 0.0001510 seconds
16.823: Application time: 0.0305410 seconds
16.823: [GC [PSYoungGen: 19980K->2304K(20480K)] 38777K->24173K(66560K), 0.0013430 secs] [Times: user=0.01 sys=0.00, real=0.00 secs] 
16.824: Total time for which application threads were stopped: 0.0014870 seconds, Stopping threads took: 0.0000670 seconds
16.862: Application time: 0.0376570 seconds
16.862: [GC [PSYoungGen: 19656K->2304K(20480K)] 41525K->25197K(66560K), 0.0010290 secs] [Times: user=0.01 sys=0.00, real=0.00 secs] 
16.863: Total time for which application threads were stopped: 0.0011820 seconds, Stopping threads took: 0.0000890 seconds
16.889: Application time: 0.0259240 seconds
16.889: [GC [PSYoungGen: 19866K->2304K(20480K)] 42760K->28269K(66560K), 0.0014370 secs] [Times: user=0.01 sys=0.00, real=0.01 secs] 
16.891: Total time for which application threads were stopped: 0.0015840 seconds, Stopping threads took: 0.0000810 seconds
16.930: Application time: 0.0394940 seconds
16.930: [GC [PSYoungGen: 19491K->2304K(20480K)] 45456K->30317K(66560K), 0.0012260 secs] [Times: user=0.00 sys=0.01, real=0.01 secs] 
16.932: Total time for which application threads were stopped: 0.0013470 seconds, Stopping threads took: 0.0000570 seconds
16.962: Application time: 0.0307840 seconds
16.963: [GC [PSYoungGen: 19384K->2272K(20480K)] 47398K->33357K(66560K), 0.0015800 secs] [Times: user=0.01 sys=0.00, real=0.00 secs] 
16.964: Total time for which application threads were stopped: 0.0017470 seconds, Stopping threads took: 0.0000810 seconds
16.997: Application time: 0.0325190 seconds
16.997: [GC [PSYoungGen: 19609K->2304K(20480K)] 50694K->35437K(66560K), 0.0012630 secs] [Times: user=0.01 sys=0.01, real=0.00 secs] 
16.998: Total time for which application threads were stopped: 0.0014080 seconds, Stopping threads took: 0.0000870 seconds
17.042: Application time: 0.0434580 seconds
17.042: [GC [PSYoungGen: 20197K->2192K(20480K)] 53331K->37373K(66560K), 0.0015540 secs] [Times: user=0.01 sys=0.00, real=0.00 secs] 
17.043: Total time for which application threads were stopped: 0.0017410 seconds, Stopping threads took: 0.0000900 seconds
17.077: Application time: 0.0332830 seconds
17.077: [GC [PSYoungGen: 19525K->2304K(20480K)] 54706K->41581K(66560K), 0.0017390 secs] [Times: user=0.01 sys=0.00, real=0.00 secs] 
17.078: Total time for which application threads were stopped: 0.0018750 seconds, Stopping threads took: 0.0000610 seconds
17.115: Application time: 0.0361730 seconds
17.115: [GC [PSYoungGen: 19983K->2320K(20480K)] 59260K->44669K(66560K), 0.0014740 secs] [Times: user=0.01 sys=0.00, real=0.00 secs] 
17.116: [Full GC [PSYoungGen: 2320K->0K(20480K)] [ParOldGen: 42349K->8599K(46080K)] 44669K->8599K(66560K) [PSPermGen: 5436K->5436K(21504K)], 0.0063040 secs] [Times: user=0.02 sys=0.01, real=0.01 secs] 
17.123: Total time for which application threads were stopped: 0.0079610 seconds, Stopping threads took: 0.0000700 seconds
17.154: Application time: 0.0316540 seconds
17.154: [GC [PSYoungGen: 17394K->2304K(20480K)] 25993K->14999K(66560K), 0.0016270 secs] [Times: user=0.01 sys=0.00, real=0.00 secs] 
17.156: Total time for which application threads were stopped: 0.0017530 seconds, Stopping threads took: 0.0000520 seconds
17.192: Application time: 0.0355380 seconds
17.192: [GC [PSYoungGen: 19959K->2288K(20480K)] 32655K->17031K(66560K), 0.0012360 secs] [Times: user=0.01 sys=0.00, real=0.00 secs] 
17.193: Total time for which application threads were stopped: 0.0013660 seconds, Stopping threads took: 0.0000670 seconds
17.219: Application time: 0.0259890 seconds
17.219: [GC [PSYoungGen: 19450K->2304K(20480K)] 34193K->20119K(66560K), 0.0013950 secs] [Times: user=0.01 sys=0.00, real=0.00 secs] 
17.220: Total time for which application threads were stopped: 0.0015490 seconds, Stopping threads took: 0.0000840 seconds
17.259: Application time: 0.0386350 seconds
17.259: [GC [PSYoungGen: 19911K->2304K(20480K)] 37726K->21143K(66560K), 0.0009670 secs] [Times: user=0.01 sys=0.00, real=0.00 secs] 
17.260: Total time for which application threads were stopped: 0.0010970 seconds, Stopping threads took: 0.0000670 seconds
17.286: Application time: 0.0256450 seconds
17.286: [GC [PSYoungGen: 19647K->2304K(20480K)] 38486K->25239K(66560K), 0.0017670 secs] [Times: user=0.01 sys=0.00, real=0.00 secs] 
17.288: Total time for which application threads were stopped: 0.0019060 seconds, Stopping threads took: 0.0000690 seconds
17.329: Application time: 0.0412510 seconds
17.331: [GC [PSYoungGen: 20223K->2384K(20480K)] 43159K->27367K(66560K), 0.0011630 secs] [Times: user=0.00 sys=0.00, real=0.00 secs] 
17.332: Total time for which application threads were stopped: 0.0027230 seconds, Stopping threads took: 0.0014870 seconds
17.358: Application time: 0.0267690 seconds
17.359: [GC [PSYoungGen: 19949K->2400K(20480K)] 44932K->31479K(66560K), 0.0017310 secs] [Times: user=0.01 sys=0.00, real=0.00 secs] 
17.360: Total time for which application threads were stopped: 0.0018870 seconds, Stopping threads took: 0.0000900 seconds
17.396: Application time: 0.0353790 seconds
17.396: [GC [PSYoungGen: 19883K->2496K(20480K)] 48963K->34647K(66560K), 0.0015410 secs] [Times: user=0.01 sys=0.00, real=0.00 secs] 
17.397: Total time for which application threads were stopped: 0.0016940 seconds, Stopping threads took: 0.0000870 seconds
17.427: Application time: 0.0297080 seconds
17.427: [GC [PSYoungGen: 20416K->2544K(20480K)] 52567K->39815K(66560K), 0.0020960 secs] [Times: user=0.01 sys=0.00, real=0.00 secs] 
17.429: Total time for which application threads were stopped: 0.0022320 seconds, Stopping threads took: 0.0000670 seconds
17.466: Application time: 0.0363420 seconds
17.466: [GC [PSYoungGen: 19722K->2528K(20480K)] 56993K->42879K(66560K), 0.0016170 secs] [Times: user=0.01 sys=0.00, real=0.00 secs] 
17.468: Total time for which application threads were stopped: 0.0017500 seconds, Stopping threads took: 0.0000650 seconds
17.496: Application time: 0.0283890 seconds
17.496: [GC [PSYoungGen: 20340K->2528K(20480K)] 60691K->47999K(66560K), 0.0019910 secs] [Times: user=0.02 sys=0.00, real=0.00 secs] 
17.498: [Full GC [PSYoungGen: 2528K->0K(20480K)] [ParOldGen: 45471K->10613K(46080K)] 47999K->10613K(66560K) [PSPermGen: 5440K->5440K(21504K)], 0.0069710 secs] [Times: user=0.03 sys=0.00, real=0.01 secs] 
17.505: Total time for which application threads were stopped: 0.0091630 seconds, Stopping threads took: 0.0000820 seconds
17.542: Application time: 0.0370670 seconds
17.542: [GC [PSYoungGen: 17136K->2304K(20480K)] 27750K->17013K(66560K), 0.0018370 secs] [Times: user=0.01 sys=0.00, real=0.00 secs] 
17.544: Total time for which application threads were stopped: 0.0019660 seconds, Stopping threads took: 0.0000610 seconds
17.575: Application time: 0.0305230 seconds
17.575: [GC [PSYoungGen: 20224K->2304K(20480K)] 34933K->23157K(66560K), 0.0022720 secs] [Times: user=0.01 sys=0.00, real=0.00 secs] 
17.577: Total time for which application threads were stopped: 0.0024110 seconds, Stopping threads took: 0.0000700 seconds
17.614: Application time: 0.0369150 seconds
17.614: [GC [PSYoungGen: 19438K->2304K(20480K)] 40292K->27253K(66560K), 0.0017890 secs] [Times: user=0.01 sys=0.00, real=0.00 secs] 
17.616: Total time for which application threads were stopped: 0.0019190 seconds, Stopping threads took: 0.0000610 seconds
17.644: Application time: 0.0280570 seconds
17.644: [GC [PSYoungGen: 20223K->2304K(20480K)] 45173K->33398K(66560K), 0.0023790 secs] [Times: user=0.01 sys=0.00, real=0.00 secs] 
17.646: Total time for which application threads were stopped: 0.0025460 seconds, Stopping threads took: 0.0000870 seconds
17.685: Application time: 0.0387780 seconds
17.686: [GC [PSYoungGen: 19416K->2304K(20480K)] 50510K->37494K(66560K), 0.0017680 secs] [Times: user=0.02 sys=0.00, real=0.00 secs] 
17.688: Total time for which application threads were stopped: 0.0025880 seconds, Stopping threads took: 0.0007540 seconds
17.716: Application time: 0.0282410 seconds
17.716: [GC [PSYoungGen: 20223K->2304K(20480K)] 55414K->43638K(66560K), 0.0023650 secs] [Times: user=0.01 sys=0.00, real=0.01 secs] 
17.719: [Full GC [PSYoungGen: 2304K->0K(20480K)] [ParOldGen: 41334K->11640K(46080K)] 43638K->11640K(66560K) [PSPermGen: 5449K->5449K(21504K)], 0.0070070 secs] [Times: user=0.04 sys=0.00, real=0.00 secs] 
17.726: Total time for which application threads were stopped: 0.0095610 seconds, Stopping threads took: 0.0000620 seconds
17.761: Application time: 0.0354390 seconds
17.761: [GC [PSYoungGen: 16986K->2304K(20480K)] 28626K->18040K(66560K), 0.0017960 secs] [Times: user=0.01 sys=0.00, real=0.00 secs] 
17.763: Total time for which application threads were stopped: 0.0019380 seconds, Stopping threads took: 0.0000700 seconds
17.794: Application time: 0.0305130 seconds
17.794: [GC [PSYoungGen: 19325K->2304K(20480K)] 35061K->22136K(66560K), 0.0018240 secs] [Times: user=0.01 sys=0.00, real=0.00 secs] 
17.796: Total time for which application threads were stopped: 0.0019780 seconds, Stopping threads took: 0.0000830 seconds
17.830: Application time: 0.0342410 seconds
17.830: [GC [PSYoungGen: 19221K->2272K(20480K)] 39053K->24152K(66560K), 0.0012870 secs] [Times: user=0.01 sys=0.00, real=0.01 secs] 
17.831: Total time for which application threads were stopped: 0.0014210 seconds, Stopping threads took: 0.0000680 seconds
17.863: Application time: 0.0315940 seconds
17.863: [GC [PSYoungGen: 19296K->2272K(20480K)] 41176K->28248K(66560K), 0.0017350 secs] [Times: user=0.02 sys=0.00, real=0.00 secs] 
17.865: Total time for which application threads were stopped: 0.0018970 seconds, Stopping threads took: 0.0000730 seconds
17.899: Application time: 0.0338430 seconds
17.899: [GC [PSYoungGen: 20031K->2320K(20480K)] 46008K->30344K(66560K), 0.0012710 secs] [Times: user=0.01 sys=0.00, real=0.00 secs] 
17.900: Total time for which application threads were stopped: 0.0014160 seconds, Stopping threads took: 0.0000810 seconds
17.930: Application time: 0.0301380 seconds
17.930: [GC [PSYoungGen: 19349K->2304K(20480K)] 47373K->34424K(66560K), 0.0017080 secs] [Times: user=0.02 sys=0.00, real=0.01 secs] 
17.932: Total time for which application threads were stopped: 0.0018520 seconds, Stopping threads took: 0.0000780 seconds
17.969: Application time: 0.0369630 seconds
17.969: [GC [PSYoungGen: 19316K->2272K(20480K)] 51436K->36440K(66560K), 0.0011380 secs] [Times: user=0.01 sys=0.00, real=0.00 secs] 
17.970: Total time for which application threads were stopped: 0.0012880 seconds, Stopping threads took: 0.0000840 seconds
17.997: Application time: 0.0265620 seconds
17.997: [GC [PSYoungGen: 19181K->2304K(20480K)] 53350K->40568K(66560K), 0.0018700 secs] [Times: user=0.01 sys=0.00, real=0.01 secs] 
17.999: Total time for which application threads were stopped: 0.0020070 seconds, Stopping threads took: 0.0000690 seconds
18.034: Application time: 0.0347370 seconds
18.034: [GC [PSYoungGen: 20019K->2304K(20480K)] 58283K->43640K(66560K), 0.0015220 secs] [Times: user=0.01 sys=0.00, real=0.00 secs] 
18.035: [Full GC [PSYoungGen: 2304K->0K(20480K)] [ParOldGen: 41336K->8718K(46080K)] 43640K->8718K(66560K) [PSPermGen: 5449K->5449K(21504K)], 0.0061360 secs] [Times: user=0.03 sys=0.00, real=0.01 secs] 
18.041: Total time for which application threads were stopped: 0.0078970 seconds, Stopping threads took: 0.0001210 seconds
18.074: Application time: 0.0329800 seconds
18.075: [GC [PSYoungGen: 17672K->2368K(20480K)] 26391K->15182K(66560K), 0.0017530 secs] [Times: user=0.01 sys=0.00, real=0.00 secs] 
18.076: Total time for which application threads were stopped: 0.0019230 seconds, Stopping threads took: 0.0001020 seconds
18.110: Application time: 0.0335210 seconds
18.110: [GC [PSYoungGen: 20288K->2496K(20480K)] 33102K->18382K(66560K), 0.0015680 secs] [Times: user=0.01 sys=0.00, real=0.01 secs] 
18.112: Total time for which application threads were stopped: 0.0017000 seconds, Stopping threads took: 0.0000700 seconds
18.146: Application time: 0.0340130 seconds
18.146: [GC [PSYoungGen: 20079K->2448K(20480K)] 35965K->22430K(66560K), 0.0017890 secs] [Times: user=0.01 sys=0.00, real=0.00 secs] 
18.148: Total time for which application threads were stopped: 0.0019840 seconds, Stopping threads took: 0.0001250 seconds
18.182: Application time: 0.0339880 seconds
18.182: [GC [PSYoungGen: 20178K->2496K(20480K)] 40161K->24526K(66560K), 0.0012500 secs] [Times: user=0.00 sys=0.00, real=0.00 secs] 
18.183: Total time for which application threads were stopped: 0.0013970 seconds, Stopping threads took: 0.0000810 seconds
18.217: Application time: 0.0338930 seconds
18.217: [GC [PSYoungGen: 19962K->2512K(20480K)] 41993K->27614K(66560K), 0.0015250 secs] [Times: user=0.01 sys=0.00, real=0.01 secs] 
18.218: Total time for which application threads were stopped: 0.0016560 seconds, Stopping threads took: 0.0000620 seconds
18.248: Application time: 0.0299630 seconds
18.249: [GC [PSYoungGen: 19959K->2480K(20480K)] 45062K->31679K(66560K), 0.0018550 secs] [Times: user=0.00 sys=0.01, real=0.00 secs] 
18.250: Total time for which application threads were stopped: 0.0020040 seconds, Stopping threads took: 0.0000730 seconds
18.284: Application time: 0.0334950 seconds
18.284: [GC [PSYoungGen: 19801K->2496K(20480K)] 49000K->35791K(66560K), 0.0017510 secs] [Times: user=0.01 sys=0.00, real=0.00 secs] 
18.286: Total time for which application threads were stopped: 0.0018910 seconds, Stopping threads took: 0.0000730 seconds
18.320: Application time: 0.0344430 seconds
18.320: [GC [PSYoungGen: 20309K->2528K(20480K)] 53605K->39919K(66560K), 0.0017880 secs] [Times: user=0.01 sys=0.00, real=0.00 secs] 
18.322: Total time for which application threads were stopped: 0.0019560 seconds, Stopping threads took: 0.0000920 seconds
18.356: Application time: 0.0334910 seconds
18.356: [GC [PSYoungGen: 19819K->2528K(20480K)] 57210K->44015K(66560K), 0.0018490 secs] [Times: user=0.01 sys=0.00, real=0.00 secs] 
18.358: [Full GC [PSYoungGen: 2528K->0K(20480K)] [ParOldGen: 41487K->9604K(46080K)] 44015K->9604K(66560K) [PSPermGen: 5453K->5453K(21504K)], 0.0062780 secs] [Times: user=0.03 sys=0.00, real=0.01 secs] 
18.364: Total time for which application threads were stopped: 0.0083170 seconds, Stopping threads took: 0.0000700 seconds
18.392: Application time: 0.0274510 seconds
18.392: [GC [PSYoungGen: 17420K->2304K(20480K)] 27024K->14980K(66560K), 0.0014730 secs] [Times: user=0.01 sys=0.00, real=0.00 secs] 
18.393: Total time for which application threads were stopped: 0.0016190 seconds, Stopping threads took: 0.0000670 seconds
18.432: Application time: 0.0392020 seconds
18.432: [GC [PSYoungGen: 19931K->2304K(20480K)] 32607K->19076K(66560K), 0.0017330 secs] [Times: user=0.01 sys=0.00, real=0.00 secs] 
18.434: Total time for which application threads were stopped: 0.0018940 seconds, Stopping threads took: 0.0000930 seconds
18.462: Application time: 0.0281340 seconds
18.462: [GC [PSYoungGen: 19751K->2272K(20480K)] 36523K->22116K(66560K), 0.0015490 secs] [Times: user=0.01 sys=0.00, real=0.00 secs] 
18.464: Total time for which application threads were stopped: 0.0016910 seconds, Stopping threads took: 0.0000750 seconds
18.499: Application time: 0.0346280 seconds
18.499: [GC [PSYoungGen: 19689K->2304K(20480K)] 39533K->26244K(66560K), 0.0017670 secs] [Times: user=0.02 sys=0.00, real=0.00 secs] 
18.501: Total time for which application threads were stopped: 0.0019120 seconds, Stopping threads took: 0.0000770 seconds
18.532: Application time: 0.0311690 seconds
18.532: [GC [PSYoungGen: 19783K->2240K(20480K)] 43723K->30276K(66560K), 0.0017620 secs] [Times: user=0.01 sys=0.00, real=0.00 secs] 
18.534: Total time for which application threads were stopped: 0.0019720 seconds, Stopping threads took: 0.0001400 seconds
18.576: Application time: 0.0426170 seconds
18.577: [GC [PSYoungGen: 20000K->2240K(20480K)] 48037K->33348K(66560K), 0.0015710 secs] [Times: user=0.01 sys=0.00, real=0.00 secs] 
18.578: Total time for which application threads were stopped: 0.0017370 seconds, Stopping threads took: 0.0001060 seconds
18.604: Application time: 0.0256530 seconds
18.604: [GC [PSYoungGen: 19444K->2304K(20480K)] 50553K->37508K(66560K), 0.0017500 secs] [Times: user=0.01 sys=0.00, real=0.00 secs] 
18.606: Total time for which application threads were stopped: 0.0019250 seconds, Stopping threads took: 0.0001060 seconds
18.644: Application time: 0.0382090 seconds
18.644: [GC [PSYoungGen: 19837K->2272K(20480K)] 55041K->40548K(66560K), 0.0015160 secs] [Times: user=0.01 sys=0.00, real=0.00 secs] 
18.646: Total time for which application threads were stopped: 0.0016490 seconds, Stopping threads took: 0.0000650 seconds
18.675: Application time: 0.0293750 seconds
18.675: [GC [PSYoungGen: 19817K->2304K(20480K)] 58094K->43652K(66560K), 0.0014560 secs] [Times: user=0.01 sys=0.00, real=0.00 secs] 
18.677: [Full GC [PSYoungGen: 2304K->0K(20480K)] [ParOldGen: 41348K->8567K(46080K)] 43652K->8567K(66560K) [PSPermGen: 5472K->5472K(21504K)], 0.0061880 secs] [Times: user=0.02 sys=0.00, real=0.01 secs] 
18.683: Total time for which application threads were stopped: 0.0078200 seconds, Stopping threads took: 0.0000610 seconds
18.720: Application time: 0.0369790 seconds
18.720: [GC [PSYoungGen: 17386K->2304K(20480K)] 25954K->13943K(66560K), 0.0014970 secs] [Times: user=0.01 sys=0.00, real=0.00 secs] 
18.721: Total time for which application threads were stopped: 0.0017090 seconds, Stopping threads took: 0.0001480 seconds
18.754: Application time: 0.0328960 seconds
18.754: [GC [PSYoungGen: 20051K->2304K(20480K)] 31690K->18039K(66560K), 0.0016280 secs] [Times: user=0.01 sys=0.00, real=0.00 secs] 
18.756: Total time for which application threads were stopped: 0.0017730 seconds, Stopping threads took: 0.0000630 seconds
18.791: Application time: 0.0352200 seconds
18.791: [GC [PSYoungGen: 19794K->2336K(20480K)] 35529K->21143K(66560K), 0.0015280 secs] [Times: user=0.01 sys=0.00, real=0.00 secs] 
18.793: Total time for which application threads were stopped: 0.0016580 seconds, Stopping threads took: 0.0000640 seconds
18.822: Application time: 0.0287940 seconds
18.822: [GC [PSYoungGen: 20138K->2400K(20480K)] 38945K->26327K(66560K), 0.0020110 secs] [Times: user=0.01 sys=0.00, real=0.00 secs] 
18.824: Total time for which application threads were stopped: 0.0021600 seconds, Stopping threads took: 0.0000800 seconds
18.862: Application time: 0.0384410 seconds
18.867: [GC [PSYoungGen: 20081K->2496K(20480K)] 44009K->29495K(66560K), 0.0015750 secs] [Times: user=0.01 sys=0.00, real=0.00 secs] 
18.868: Total time for which application threads were stopped: 0.0057220 seconds, Stopping threads took: 0.0040850 seconds
18.897: Application time: 0.0287400 seconds
18.897: [GC [PSYoungGen: 20296K->2496K(20480K)] 47296K->34615K(66560K), 0.0020290 secs] [Times: user=0.01 sys=0.00, real=0.01 secs] 
18.899: Total time for which application threads were stopped: 0.0021740 seconds, Stopping threads took: 0.0000650 seconds
18.938: Application time: 0.0389980 seconds
18.938: [GC [PSYoungGen: 19696K->2496K(20480K)] 51816K->36663K(66560K), 0.0013520 secs] [Times: user=0.01 sys=0.00, real=0.01 secs] 
18.940: Total time for which application threads were stopped: 0.0014820 seconds, Stopping threads took: 0.0000690 seconds
18.967: Application time: 0.0275520 seconds
18.967: [GC [PSYoungGen: 20416K->2432K(20480K)] 54583K->42743K(66560K), 0.0024390 secs] [Times: user=0.02 sys=0.00, real=0.00 secs] 
18.970: [Full GC [PSYoungGen: 2432K->0K(20480K)] [ParOldGen: 40311K->11643K(46080K)] 42743K->11643K(66560K) [PSPermGen: 5473K->5473K(21504K)], 0.0069480 secs] [Times: user=0.04 sys=0.00, real=0.01 secs] 
18.977: Total time for which application threads were stopped: 0.0095900 seconds, Stopping threads took: 0.0000820 seconds
19.014: Application time: 0.0377460 seconds
19.015: [GC [PSYoungGen: 16993K->2320K(20480K)] 28637K->17035K(66560K), 0.0015460 secs] [Times: user=0.01 sys=0.00, real=0.00 secs] 
19.016: Total time for which application threads were stopped: 0.0016900 seconds, Stopping threads took: 0.0000730 seconds
19.047: Application time: 0.0304980 seconds
19.047: [GC [PSYoungGen: 19369K->2304K(20480K)] 34085K->22139K(66560K), 0.0020590 secs] [Times: user=0.01 sys=0.00, real=0.00 secs] 
19.049: Total time for which application threads were stopped: 0.0021990 seconds, Stopping threads took: 0.0000660 seconds
19.082: Application time: 0.0333770 seconds
19.082: [GC [PSYoungGen: 20097K->2304K(20480K)] 39932K->25211K(66560K), 0.0014240 secs] [Times: user=0.01 sys=0.00, real=0.00 secs] 
19.084: Total time for which application threads were stopped: 0.0015700 seconds, Stopping threads took: 0.0000790 seconds
19.116: Application time: 0.0327210 seconds
19.119: [GC [PSYoungGen: 19553K->2304K(20480K)] 42461K->29308K(66560K), 0.0017480 secs] [Times: user=0.02 sys=0.00, real=0.00 secs] 
19.120: Total time for which application threads were stopped: 0.0038300 seconds, Stopping threads took: 0.0020100 seconds
19.151: Application time: 0.0311640 seconds
19.152: [GC [PSYoungGen: 19940K->2240K(20480K)] 46944K->32316K(66560K), 0.0016300 secs] [Times: user=0.00 sys=0.00, real=0.00 secs] 
19.153: Total time for which application threads were stopped: 0.0017950 seconds, Stopping threads took: 0.0000990 seconds
19.188: Application time: 0.0342380 seconds
19.188: [GC [PSYoungGen: 19618K->2304K(20480K)] 49694K->36476K(66560K), 0.0017260 secs] [Times: user=0.01 sys=0.00, real=0.00 secs] 
19.189: Total time for which application threads were stopped: 0.0018730 seconds, Stopping threads took: 0.0000780 seconds
19.222: Application time: 0.0321090 seconds
19.222: [GC [PSYoungGen: 19976K->2304K(20480K)] 54148K->39548K(66560K), 0.0015220 secs] [Times: user=0.01 sys=0.00, real=0.00 secs] 
19.223: Total time for which application threads were stopped: 0.0016910 seconds, Stopping threads took: 0.0000950 seconds
19.256: Application time: 0.0330570 seconds
19.256: [GC [PSYoungGen: 19582K->2272K(20480K)] 56826K->42588K(66560K), 0.0015080 secs] [Times: user=0.01 sys=0.00, real=0.00 secs] 
19.258: [Full GC [PSYoungGen: 2272K->0K(20480K)] [ParOldGen: 40316K->8609K(46080K)] 42588K->8609K(66560K) [PSPermGen: 5473K->5473K(21504K)], 0.0064700 secs] [Times: user=0.03 sys=0.00, real=0.01 secs] 
19.264: Total time for which application threads were stopped: 0.0081600 seconds, Stopping threads took: 0.0000720 seconds
19.299: Application time: 0.0342230 seconds
19.299: [GC [PSYoungGen: 17909K->2272K(20480K)] 26519K->13953K(66560K), 0.0014650 secs] [Times: user=0.01 sys=0.00, real=0.00 secs] 
19.300: Total time for which application threads were stopped: 0.0015930 seconds, Stopping threads took: 0.0000630 seconds
19.333: Application time: 0.0330690 seconds
19.335: [GC [PSYoungGen: 19260K->2304K(20480K)] 30942K->16033K(66560K), 0.0011990 secs] [Times: user=0.01 sys=0.00, real=0.00 secs] 
19.336: Total time for which application threads were stopped: 0.0024980 seconds, Stopping threads took: 0.0012270 seconds
19.367: Application time: 0.0314390 seconds
19.367: [GC [PSYoungGen: 20224K->2304K(20480K)] 33953K->19106K(66560K), 0.0014900 secs] [Times: user=0.01 sys=0.00, real=0.00 secs] 
19.369: Total time for which application threads were stopped: 0.0016320 seconds, Stopping threads took: 0.0000730 seconds
19.402: Application time: 0.0335270 seconds
19.403: [GC [PSYoungGen: 19291K->2304K(20480K)] 36093K->21154K(66560K), 0.0011510 secs] [Times: user=0.00 sys=0.00, real=0.00 secs] 
19.404: Total time for which application threads were stopped: 0.0012870 seconds, Stopping threads took: 0.0000640 seconds
19.435: Application time: 0.0312610 seconds
19.435: [GC [PSYoungGen: 20223K->2304K(20480K)] 39073K->25250K(66560K), 0.0017070 secs] [Times: user=0.01 sys=0.00, real=0.00 secs] 
19.437: Total time for which application threads were stopped: 0.0018540 seconds, Stopping threads took: 0.0000810 seconds
19.471: Application time: 0.0337360 seconds
19.471: [GC [PSYoungGen: 19308K->2304K(20480K)] 42254K->27298K(66560K), 0.0011330 secs] [Times: user=0.01 sys=0.00, real=0.00 secs] 
19.472: Total time for which application threads were stopped: 0.0012720 seconds, Stopping threads took: 0.0000730 seconds
19.502: Application time: 0.0305100 seconds
19.502: [GC [PSYoungGen: 20224K->2304K(20480K)] 45218K->31394K(66560K), 0.0017490 secs] [Times: user=0.02 sys=0.00, real=0.00 secs] 
19.504: Total time for which application threads were stopped: 0.0018940 seconds, Stopping threads took: 0.0000730 seconds
19.538: Application time: 0.0338460 seconds
19.538: [GC [PSYoungGen: 19491K->2320K(20480K)] 48581K->33458K(66560K), 0.0012630 secs] [Times: user=0.00 sys=0.00, real=0.01 secs] 
19.540: Total time for which application threads were stopped: 0.0013990 seconds, Stopping threads took: 0.0000730 seconds
19.572: Application time: 0.0329890 seconds
19.573: [GC [PSYoungGen: 19698K->2448K(20480K)] 50836K->35634K(66560K), 0.0012350 secs] [Times: user=0.01 sys=0.00, real=0.00 secs] 
19.574: Total time for which application threads were stopped: 0.0013670 seconds, Stopping threads took: 0.0000700 seconds
19.605: Application time: 0.0310430 seconds
19.605: [GC [PSYoungGen: 20368K->2464K(20480K)] 53554K->39746K(66560K), 0.0017720 secs] [Times: user=0.02 sys=0.00, real=0.00 secs] 
19.607: Total time for which application threads were stopped: 0.0019050 seconds, Stopping threads took: 0.0000620 seconds
19.640: Application time: 0.0328760 seconds
19.640: [GC [PSYoungGen: 19636K->2528K(20480K)] 56918K->42882K(66560K), 0.0016200 secs] [Times: user=0.01 sys=0.00, real=0.00 secs] 
19.641: Total time for which application threads were stopped: 0.0017510 seconds, Stopping threads took: 0.0000690 seconds
19.672: Application time: 0.0301000 seconds
19.672: [GC [PSYoungGen: 19443K->2512K(20480K)] 59797K->46962K(66560K), 0.0018620 secs] [Times: user=0.01 sys=0.00, real=0.00 secs] 
19.674: [Full GC [PSYoungGen: 2512K->0K(20480K)] [ParOldGen: 44450K->9596K(46080K)] 46962K->9596K(66560K) [PSPermGen: 5473K->5473K(21504K)], 0.0064650 secs] [Times: user=0.03 sys=0.00, real=0.01 secs] 
19.680: Total time for which application threads were stopped: 0.0085220 seconds, Stopping threads took: 0.0000700 seconds
19.711: Application time: 0.0308780 seconds
19.711: [GC [PSYoungGen: 17920K->2304K(20480K)] 27516K->18044K(66560K), 0.0022890 secs] [Times: user=0.01 sys=0.00, real=0.00 secs] 
19.713: Total time for which application threads were stopped: 0.0024220 seconds, Stopping threads took: 0.0000650 seconds
19.749: Application time: 0.0358290 seconds
19.749: [GC [PSYoungGen: 19456K->2304K(20480K)] 35196K->22140K(66560K), 0.0018060 secs] [Times: user=0.01 sys=0.00, real=0.01 secs] 
19.751: Total time for which application threads were stopped: 0.0019460 seconds, Stopping threads took: 0.0000700 seconds
19.782: Application time: 0.0312390 seconds
19.783: [GC [PSYoungGen: 20224K->2304K(20480K)] 40060K->28284K(66560K), 0.0022580 secs] [Times: user=0.02 sys=0.00, real=0.00 secs] 
19.785: Total time for which application threads were stopped: 0.0024200 seconds, Stopping threads took: 0.0000870 seconds
19.817: Application time: 0.0317470 seconds
19.817: [GC [PSYoungGen: 19264K->2304K(20480K)] 45245K->33404K(66560K), 0.0020120 secs] [Times: user=0.02 sys=0.00, real=0.01 secs] 
19.819: Total time for which application threads were stopped: 0.0021610 seconds, Stopping threads took: 0.0000810 seconds
19.852: Application time: 0.0332970 seconds
19.852: [GC [PSYoungGen: 19366K->2304K(20480K)] 50467K->38525K(66560K), 0.0020060 secs] [Times: user=0.01 sys=0.01, real=0.00 secs] 
19.854: Total time for which application threads were stopped: 0.0021530 seconds, Stopping threads took: 0.0000780 seconds
19.886: Application time: 0.0320200 seconds
19.886: [GC [PSYoungGen: 19294K->2304K(20480K)] 55515K->42621K(66560K), 0.0018030 secs] [Times: user=0.01 sys=0.00, real=0.00 secs] 
19.888: [Full GC [PSYoungGen: 2304K->0K(20480K)] [ParOldGen: 40317K->9591K(46080K)] 42621K->9591K(66560K) [PSPermGen: 5473K->5473K(21504K)], 0.0064660 secs] [Times: user=0.03 sys=0.00, real=0.01 secs] 
19.895: Total time for which application threads were stopped: 0.0084800 seconds, Stopping threads took: 0.0000890 seconds
19.927: Application time: 0.0318990 seconds
19.927: [GC [PSYoungGen: 16974K->2304K(20480K)] 26566K->17015K(66560K), 0.0020690 secs] [Times: user=0.01 sys=0.00, real=0.00 secs] 
19.929: Total time for which application threads were stopped: 0.0022190 seconds, Stopping threads took: 0.0000700 seconds
19.962: Application time: 0.0331360 seconds
19.962: [GC [PSYoungGen: 19299K->2304K(20480K)] 34010K->21111K(66560K), 0.0018110 secs] [Times: user=0.01 sys=0.00, real=0.00 secs] 
19.964: Total time for which application threads were stopped: 0.0019480 seconds, Stopping threads took: 0.0000650 seconds
19.995: Application time: 0.0313510 seconds
19.995: [GC [PSYoungGen: 19258K->2304K(20480K)] 38065K->24183K(66560K), 0.0014900 secs] [Times: user=0.01 sys=0.00, real=0.00 secs] 
19.997: Total time for which application threads were stopped: 0.0016340 seconds, Stopping threads took: 0.0000750 seconds
20.031: Application time: 0.0337160 seconds
20.031: [GC [PSYoungGen: 19329K->2288K(20480K)] 41208K->27239K(66560K), 0.0014850 secs] [Times: user=0.00 sys=0.00, real=0.00 secs] 
20.032: Total time for which application threads were stopped: 0.0016320 seconds, Stopping threads took: 0.0000800 seconds
20.065: Application time: 0.0324070 seconds
20.065: [GC [PSYoungGen: 19241K->2272K(20480K)] 44192K->29271K(66560K), 0.0012160 secs] [Times: user=0.01 sys=0.00, real=0.00 secs] 
20.066: Total time for which application threads were stopped: 0.0013420 seconds, Stopping threads took: 0.0000620 seconds
20.100: Application time: 0.0336320 seconds
20.100: [GC [PSYoungGen: 19248K->2272K(20480K)] 46248K->31319K(66560K), 0.0011590 secs] [Times: user=0.01 sys=0.00, real=0.00 secs] 
20.101: Total time for which application threads were stopped: 0.0012880 seconds, Stopping threads took: 0.0000650 seconds
20.135: Application time: 0.0340890 seconds
20.135: [GC [PSYoungGen: 19283K->2256K(20480K)] 48330K->32327K(66560K), 0.0010000 secs] [Times: user=0.01 sys=0.00, real=0.00 secs] 
20.136: Total time for which application threads were stopped: 0.0011320 seconds, Stopping threads took: 0.0000720 seconds
20.169: Application time: 0.0328540 seconds
20.169: [GC [PSYoungGen: 19310K->2288K(20480K)] 49382K->34407K(66560K), 0.0011300 secs] [Times: user=0.00 sys=0.00, real=0.00 secs] 
20.170: Total time for which application threads were stopped: 0.0012660 seconds, Stopping threads took: 0.0000680 seconds
20.204: Application time: 0.0334650 seconds
20.204: [GC [PSYoungGen: 20144K->2304K(20480K)] 52264K->35447K(66560K), 0.0009060 secs] [Times: user=0.01 sys=0.00, real=0.00 secs] 
20.205: Total time for which application threads were stopped: 0.0010260 seconds, Stopping threads took: 0.0000530 seconds
20.234: Application time: 0.0296150 seconds
20.234: [GC [PSYoungGen: 20224K->2320K(20480K)] 53367K->37511K(66560K), 0.0011920 secs] [Times: user=0.01 sys=0.00, real=0.00 secs] 
20.236: Total time for which application threads were stopped: 0.0013370 seconds, Stopping threads took: 0.0000750 seconds
20.273: Application time: 0.0377750 seconds
20.274: [GC [PSYoungGen: 19688K->2400K(20480K)] 54879K->38615K(66560K), 0.0009110 secs] [Times: user=0.01 sys=0.00, real=0.00 secs] 
20.275: Total time for which application threads were stopped: 0.0010460 seconds, Stopping threads took: 0.0000710 seconds
20.301: Application time: 0.0267510 seconds
20.301: [GC [PSYoungGen: 19811K->2368K(20480K)] 56027K->41655K(66560K), 0.0015330 secs] [Times: user=0.01 sys=0.00, real=0.00 secs] 
20.303: Total time for which application threads were stopped: 0.0016780 seconds, Stopping threads took: 0.0000810 seconds
20.342: Application time: 0.0393210 seconds
20.345: [GC [PSYoungGen: 20263K->2496K(20480K)] 59551K->42807K(66560K), 0.0010040 secs] [Times: user=0.01 sys=0.00, real=0.00 secs] 
20.346: [Full GC [PSYoungGen: 2496K->0K(20480K)] [ParOldGen: 40311K->6930K(46080K)] 42807K->6930K(66560K) [PSPermGen: 5486K->5486K(21504K)], 0.0059060 secs] [Times: user=0.02 sys=0.00, real=0.01 secs] 
20.352: Total time for which application threads were stopped: 0.0097580 seconds, Stopping threads took: 0.0027370 seconds
20.380: Application time: 0.0277990 seconds
20.380: [GC [PSYoungGen: 17715K->2304K(20480K)] 24646K->12306K(66560K), 0.0014910 secs] [Times: user=0.01 sys=0.00, real=0.00 secs] 
20.381: Total time for which application threads were stopped: 0.0016320 seconds, Stopping threads took: 0.0000780 seconds
20.414: Application time: 0.0330110 seconds
20.415: [GC [PSYoungGen: 20224K->2304K(20480K)] 30226K->14354K(66560K), 0.0011430 secs] [Times: user=0.00 sys=0.00, real=0.00 secs] 
20.416: Total time for which application threads were stopped: 0.0012670 seconds, Stopping threads took: 0.0000610 seconds
20.451: Application time: 0.0352630 seconds
20.451: [GC [PSYoungGen: 19504K->2304K(20480K)] 31554K->17426K(66560K), 0.0014180 secs] [Times: user=0.01 sys=0.00, real=0.00 secs] 
20.453: Total time for which application threads were stopped: 0.0015750 seconds, Stopping threads took: 0.0000800 seconds
20.483: Application time: 0.0305270 seconds
20.483: [GC [PSYoungGen: 20107K->2304K(20480K)] 35230K->22546K(66560K), 0.0020240 secs] [Times: user=0.01 sys=0.00, real=0.00 secs] 
20.485: Total time for which application threads were stopped: 0.0021640 seconds, Stopping threads took: 0.0000670 seconds
20.521: Application time: 0.0361940 seconds
20.522: [GC [PSYoungGen: 19544K->2336K(20480K)] 39787K->25651K(66560K), 0.0013520 secs] [Times: user=0.01 sys=0.00, real=0.00 secs] 
20.523: Total time for which application threads were stopped: 0.0014780 seconds, Stopping threads took: 0.0000600 seconds
20.553: Application time: 0.0301750 seconds
20.553: [GC [PSYoungGen: 20182K->2304K(20480K)] 43497K->30739K(66560K), 0.0020970 secs] [Times: user=0.02 sys=0.00, real=0.00 secs] 
20.555: Total time for which application threads were stopped: 0.0022530 seconds, Stopping threads took: 0.0000840 seconds
20.583: Application time: 0.0276920 seconds
20.583: [GC [PSYoungGen: 19235K->2304K(20480K)] 47670K->35859K(66560K), 0.0021120 secs] [Times: user=0.01 sys=0.00, real=0.00 secs] 
20.585: Total time for which application threads were stopped: 0.0022570 seconds, Stopping threads took: 0.0000740 seconds
20.625: Application time: 0.0395070 seconds
20.625: [GC [PSYoungGen: 19407K->2272K(20480K)] 52962K->40947K(66560K), 0.0020130 secs] [Times: user=0.01 sys=0.00, real=0.00 secs] 
20.627: Total time for which application threads were stopped: 0.0021550 seconds, Stopping threads took: 0.0000720 seconds
20.655: Application time: 0.0279790 seconds
20.655: [GC [PSYoungGen: 19215K->2336K(20480K)] 57890K->46131K(66560K), 0.0021210 secs] [Times: user=0.01 sys=0.00, real=0.00 secs] 
20.657: [Full GC [PSYoungGen: 2336K->0K(20480K)] [ParOldGen: 43795K->10628K(46080K)] 46131K->10628K(66560K) [PSPermGen: 5486K->5486K(21504K)], 0.0065400 secs] [Times: user=0.03 sys=0.00, real=0.01 secs] 
20.664: Total time for which application threads were stopped: 0.0088660 seconds, Stopping threads took: 0.0000850 seconds
20.698: Application time: 0.0341860 seconds
20.698: [GC [PSYoungGen: 16989K->2304K(20480K)] 27617K->17028K(66560K), 0.0017510 secs] [Times: user=0.02 sys=0.00, real=0.01 secs] 
20.700: Total time for which application threads were stopped: 0.0018850 seconds, Stopping threads took: 0.0000620 seconds
20.732: Application time: 0.0320190 seconds
20.732: [GC [PSYoungGen: 19314K->2304K(20480K)] 34038K->22148K(66560K), 0.0019850 secs] [Times: user=0.02 sys=0.00, real=0.00 secs] 
20.734: Total time for which application threads were stopped: 0.0021380 seconds, Stopping threads took: 0.0000840 seconds
20.767: Application time: 0.0326410 seconds
20.767: [GC [PSYoungGen: 20061K->2256K(20480K)] 39905K->25172K(66560K), 0.0015030 secs] [Times: user=0.00 sys=0.00, real=0.00 secs] 
20.768: Total time for which application threads were stopped: 0.0016460 seconds, Stopping threads took: 0.0000750 seconds
20.801: Application time: 0.0329120 seconds
20.801: [GC [PSYoungGen: 19571K->2304K(20480K)] 42487K->30340K(66560K), 0.0020170 secs] [Times: user=0.01 sys=0.00, real=0.00 secs] 
20.803: Total time for which application threads were stopped: 0.0021610 seconds, Stopping threads took: 0.0000740 seconds
20.841: Application time: 0.0371420 seconds
20.841: [GC [PSYoungGen: 20224K->2304K(20480K)] 48260K->34436K(66560K), 0.0016750 secs] [Times: user=0.01 sys=0.00, real=0.00 secs] 
20.842: Total time for which application threads were stopped: 0.0018150 seconds, Stopping threads took: 0.0000700 seconds
20.870: Application time: 0.0271400 seconds
20.870: [GC [PSYoungGen: 19356K->2320K(20480K)] 51488K->38548K(66560K), 0.0017830 secs] [Times: user=0.02 sys=0.00, real=0.01 secs] 
20.872: Total time for which application threads were stopped: 0.0019430 seconds, Stopping threads took: 0.0000900 seconds
20.909: Application time: 0.0373110 seconds
20.909: [GC [PSYoungGen: 20240K->2320K(20480K)] 56468K->41620K(66560K), 0.0014520 secs] [Times: user=0.01 sys=0.00, real=0.00 secs] 
20.910: Total time for which application threads were stopped: 0.0015920 seconds, Stopping threads took: 0.0000730 seconds
20.940: Application time: 0.0296060 seconds
20.940: [GC [PSYoungGen: 19437K->2304K(20480K)] 58738K->45700K(66560K), 0.0017940 secs] [Times: user=0.01 sys=0.01, real=0.00 secs] 
20.942: [Full GC [PSYoungGen: 2304K->0K(20480K)] [ParOldGen: 43396K->9783K(46080K)] 45700K->9783K(66560K) [PSPermGen: 5487K->5487K(21504K)], 0.0064460 secs] [Times: user=0.02 sys=0.00, real=0.00 secs] 
20.948: Total time for which application threads were stopped: 0.0084370 seconds, Stopping threads took: 0.0000790 seconds
20.984: Application time: 0.0355960 seconds
20.984: [GC [PSYoungGen: 17916K->2320K(20480K)] 27699K->15175K(66560K), 0.0014780 secs] [Times: user=0.01 sys=0.00, real=0.00 secs] 
20.986: Total time for which application threads were stopped: 0.0016250 seconds, Stopping threads took: 0.0000680 seconds
21.017: Application time: 0.0312720 seconds
21.017: [GC [PSYoungGen: 19797K->2384K(20480K)] 32653K->19335K(66560K), 0.0018070 secs] [Times: user=0.02 sys=0.00, real=0.01 secs] 
21.019: Total time for which application threads were stopped: 0.0019490 seconds, Stopping threads took: 0.0000690 seconds
21.053: Application time: 0.0343470 seconds
21.053: [GC [PSYoungGen: 20304K->2448K(20480K)] 37255K->21447K(66560K), 0.0012590 secs] [Times: user=0.01 sys=0.00, real=0.00 secs] 
21.055: Total time for which application threads were stopped: 0.0013910 seconds, Stopping threads took: 0.0000610 seconds
21.086: Application time: 0.0317030 seconds
21.086: [GC [PSYoungGen: 19981K->2496K(20480K)] 38981K->25591K(66560K), 0.0018070 secs] [Times: user=0.02 sys=0.00, real=0.00 secs] 
21.088: Total time for which application threads were stopped: 0.0019480 seconds, Stopping threads took: 0.0000750 seconds
21.122: Application time: 0.0334170 seconds
21.122: [GC [PSYoungGen: 20192K->2496K(20480K)] 43288K->26616K(66560K), 0.0009900 secs] [Times: user=0.01 sys=0.00, real=0.00 secs] 
21.123: Total time for which application threads were stopped: 0.0011830 seconds, Stopping threads took: 0.0001330 seconds
21.157: Application time: 0.0336130 seconds
21.157: [GC [PSYoungGen: 20009K->2528K(20480K)] 44129K->29728K(66560K), 0.0015070 secs] [Times: user=0.02 sys=0.00, real=0.00 secs] 
21.158: Total time for which application threads were stopped: 0.0016450 seconds, Stopping threads took: 0.0000700 seconds
21.192: Application time: 0.0334870 seconds
21.192: [GC [PSYoungGen: 20050K->2480K(20480K)] 47250K->30704K(66560K), 0.0011210 secs] [Times: user=0.01 sys=0.00, real=0.00 secs] 
21.193: Total time for which application threads were stopped: 0.0012310 seconds, Stopping threads took: 0.0000480 seconds
21.224: Application time: 0.0311210 seconds
21.224: [GC [PSYoungGen: 19864K->2512K(20480K)] 48088K->32784K(66560K), 0.0013170 secs] [Times: user=0.00 sys=0.00, real=0.00 secs] 
21.226: Total time for which application threads were stopped: 0.0014870 seconds, Stopping threads took: 0.0001050 seconds
21.257: Application time: 0.0310970 seconds
21.257: [GC [PSYoungGen: 19792K->2496K(20480K)] 50064K->35840K(66560K), 0.0014560 secs] [Times: user=0.01 sys=0.00, real=0.00 secs] 
21.258: Total time for which application threads were stopped: 0.0015790 seconds, Stopping threads took: 0.0000570 seconds
21.294: Application time: 0.0359900 seconds
21.294: [GC [PSYoungGen: 20300K->2528K(20480K)] 53644K->37928K(66560K), 0.0013130 secs] [Times: user=0.01 sys=0.00, real=0.00 secs] 
21.296: Total time for which application threads were stopped: 0.0014560 seconds, Stopping threads took: 0.0000760 seconds
21.322: Application time: 0.0262660 seconds
21.322: [GC [PSYoungGen: 19605K->2496K(20480K)] 55005K->41992K(66560K), 0.0018180 secs] [Times: user=0.01 sys=0.00, real=0.00 secs] 
21.324: Total time for which application threads were stopped: 0.0019760 seconds, Stopping threads took: 0.0000900 seconds
21.363: Application time: 0.0391100 seconds
21.367: [GC [PSYoungGen: 20345K->2528K(20480K)] 59841K->44088K(66560K), 0.0013170 secs] [Times: user=0.00 sys=0.00, real=0.00 secs] 
21.368: [Full GC [PSYoungGen: 2528K->0K(20480K)] [ParOldGen: 41560K->7609K(46080K)] 44088K->7609K(66560K) [PSPermGen: 5487K->5487K(21504K)], 0.0062050 secs] [Times: user=0.03 sys=0.00, real=0.01 secs] 
21.374: Total time for which application threads were stopped: 0.0111340 seconds, Stopping threads took: 0.0034970 seconds
21.400: Application time: 0.0255200 seconds
21.400: [GC [PSYoungGen: 17187K->2304K(20480K)] 24796K->15033K(66560K), 0.0020210 secs] [Times: user=0.02 sys=0.00, real=0.00 secs] 
21.402: Total time for which application threads were stopped: 0.0021590 seconds, Stopping threads took: 0.0000580 seconds
21.442: Application time: 0.0397790 seconds
21.442: [GC [PSYoungGen: 20022K->2272K(20480K)] 32751K->16025K(66560K), 0.0009750 secs] [Times: user=0.00 sys=0.00, real=0.00 secs] 
21.443: Total time for which application threads were stopped: 0.0011090 seconds, Stopping threads took: 0.0000720 seconds
21.469: Application time: 0.0266120 seconds
21.469: [GC [PSYoungGen: 19616K->2304K(20480K)] 33369K->21177K(66560K), 0.0019410 secs] [Times: user=0.01 sys=0.00, real=0.01 secs] 
21.471: Total time for which application threads were stopped: 0.0020760 seconds, Stopping threads took: 0.0000650 seconds
21.512: Application time: 0.0408880 seconds
21.512: [GC [PSYoungGen: 20067K->2320K(20480K)] 38941K->22217K(66560K), 0.0008960 secs] [Times: user=0.01 sys=0.00, real=0.00 secs] 
21.513: Total time for which application threads were stopped: 0.0010310 seconds, Stopping threads took: 0.0000680 seconds
21.535: Application time: 0.0216880 seconds
21.535: [GC [PSYoungGen: 19527K->2304K(20480K)] 39424K->27321K(66560K), 0.0019440 secs] [Times: user=0.01 sys=0.00, real=0.00 secs] 
21.537: Total time for which application threads were stopped: 0.0020750 seconds, Stopping threads took: 0.0000620 seconds
21.575: Application time: 0.0377550 seconds
21.575: [GC [PSYoungGen: 19534K->2272K(20480K)] 44551K->30361K(66560K), 0.0015320 secs] [Times: user=0.01 sys=0.00, real=0.00 secs] 
21.577: Total time for which application threads were stopped: 0.0016700 seconds, Stopping threads took: 0.0000700 seconds
21.602: Application time: 0.0255830 seconds
21.602: [GC [PSYoungGen: 20097K->2304K(20480K)] 48187K->35513K(66560K), 0.0020650 secs] [Times: user=0.01 sys=0.00, real=0.00 secs] 
21.604: Total time for which application threads were stopped: 0.0022320 seconds, Stopping threads took: 0.0000930 seconds
21.643: Application time: 0.0390610 seconds
21.644: [GC [PSYoungGen: 19414K->2272K(20480K)] 52624K->38553K(66560K), 0.0014950 secs] [Times: user=0.01 sys=0.00, real=0.00 secs] 
21.645: Total time for which application threads were stopped: 0.0016400 seconds, Stopping threads took: 0.0000790 seconds
21.672: Application time: 0.0272110 seconds
21.672: [GC [PSYoungGen: 20189K->2272K(20480K)] 56471K->43673K(66560K), 0.0021200 secs] [Times: user=0.02 sys=0.00, real=0.00 secs] 
21.675: [Full GC [PSYoungGen: 2272K->0K(20480K)] [ParOldGen: 41401K->10625K(46080K)] 43673K->10625K(66560K) [PSPermGen: 5487K->5487K(21504K)], 0.0069250 secs] [Times: user=0.03 sys=0.00, real=0.01 secs] 
21.682: Total time for which application threads were stopped: 0.0092500 seconds, Stopping threads took: 0.0000870 seconds
21.722: Application time: 0.0403650 seconds
21.722: [GC [PSYoungGen: 17271K->2304K(20480K)] 27896K->16001K(66560K), 0.0014270 secs] [Times: user=0.01 sys=0.00, real=0.00 secs] 
21.723: Total time for which application threads were stopped: 0.0015580 seconds, Stopping threads took: 0.0000660 seconds
21.749: Application time: 0.0259700 seconds
21.750: [GC [PSYoungGen: 19390K->2368K(20480K)] 33087K->21185K(66560K), 0.0020590 secs] [Times: user=0.01 sys=0.00, real=0.01 secs] 
21.752: Total time for which application threads were stopped: 0.0022580 seconds, Stopping threads took: 0.0001260 seconds
21.790: Application time: 0.0387680 seconds
21.791: [GC [PSYoungGen: 20288K->2336K(20480K)] 39105K->27297K(66560K), 0.0023630 secs] [Times: user=0.02 sys=0.00, real=0.00 secs] 
21.793: Total time for which application threads were stopped: 0.0025040 seconds, Stopping threads took: 0.0000700 seconds
21.822: Application time: 0.0290040 seconds
21.822: [GC [PSYoungGen: 19874K->2496K(20480K)] 44836K->32577K(66560K), 0.0020800 secs] [Times: user=0.01 sys=0.00, real=0.00 secs] 
21.824: Total time for which application threads were stopped: 0.0022530 seconds, Stopping threads took: 0.0000970 seconds
21.860: Application time: 0.0354550 seconds
21.860: [GC [PSYoungGen: 19397K->2448K(20480K)] 49478K->37649K(66560K), 0.0021030 secs] [Times: user=0.01 sys=0.00, real=0.00 secs] 
21.862: Total time for which application threads were stopped: 0.0022540 seconds, Stopping threads took: 0.0000770 seconds
21.892: Application time: 0.0300490 seconds
21.892: [GC [PSYoungGen: 19697K->2480K(20480K)] 54899K->42801K(66560K), 0.0021300 secs] [Times: user=0.01 sys=0.00, real=0.00 secs] 
21.894: [Full GC [PSYoungGen: 2480K->0K(20480K)] [ParOldGen: 40321K->10629K(46080K)] 42801K->10629K(66560K) [PSPermGen: 5487K->5487K(21504K)], 0.0069020 secs] [Times: user=0.04 sys=0.00, real=0.01 secs] 
21.901: Total time for which application threads were stopped: 0.0092400 seconds, Stopping threads took: 0.0000810 seconds
21.936: Application time: 0.0351940 seconds
21.937: [GC [PSYoungGen: 17739K->2304K(20480K)] 28368K->17029K(66560K), 0.0017520 secs] [Times: user=0.01 sys=0.00, real=0.00 secs] 
21.938: Total time for which application threads were stopped: 0.0019050 seconds, Stopping threads took: 0.0000860 seconds
21.971: Application time: 0.0324510 seconds
21.971: [GC [PSYoungGen: 19649K->2304K(20480K)] 34375K->22149K(66560K), 0.0019710 secs] [Times: user=0.01 sys=0.00, real=0.00 secs] 
21.973: Total time for which application threads were stopped: 0.0021250 seconds, Stopping threads took: 0.0000830 seconds
22.006: Application time: 0.0332050 seconds
22.006: [GC [PSYoungGen: 19952K->2304K(20480K)] 39797K->25221K(66560K), 0.0014680 secs] [Times: user=0.01 sys=0.00, real=0.00 secs] 
22.008: Total time for which application threads were stopped: 0.0015960 seconds, Stopping threads took: 0.0000610 seconds
22.039: Application time: 0.0313730 seconds
22.039: [GC [PSYoungGen: 19648K->2304K(20480K)] 42566K->29317K(66560K), 0.0017650 secs] [Times: user=0.01 sys=0.00, real=0.00 secs] 
22.041: Total time for which application threads were stopped: 0.0019190 seconds, Stopping threads took: 0.0000780 seconds
22.074: Application time: 0.0331910 seconds
22.074: [GC [PSYoungGen: 19827K->2304K(20480K)] 46840K->32389K(66560K), 0.0014490 secs] [Times: user=0.01 sys=0.00, real=0.00 secs] 
22.076: Total time for which application threads were stopped: 0.0015920 seconds, Stopping threads took: 0.0000730 seconds
22.109: Application time: 0.0332480 seconds
22.109: [GC [PSYoungGen: 19807K->2304K(20480K)] 49893K->36485K(66560K), 0.0017770 secs] [Times: user=0.01 sys=0.00, real=0.01 secs] 
22.111: Total time for which application threads were stopped: 0.0019270 seconds, Stopping threads took: 0.0000820 seconds
22.143: Application time: 0.0316390 seconds
22.143: [GC [PSYoungGen: 19718K->2304K(20480K)] 53899K->38533K(66560K), 0.0011930 secs] [Times: user=0.01 sys=0.00, real=0.00 secs] 
22.144: Total time for which application threads were stopped: 0.0013250 seconds, Stopping threads took: 0.0000700 seconds
22.179: Application time: 0.0354170 seconds
22.179: [GC [PSYoungGen: 19972K->2304K(20480K)] 56202K->42629K(66560K), 0.0017880 secs] [Times: user=0.01 sys=0.00, real=0.00 secs] 
22.181: [Full GC [PSYoungGen: 2304K->0K(20480K)] [ParOldGen: 40325K->9627K(46080K)] 42629K->9627K(66560K) [PSPermGen: 5488K->5488K(21504K)], 0.0069310 secs] [Times: user=0.03 sys=0.00, real=0.00 secs] 
22.188: Total time for which application threads were stopped: 0.0089180 seconds, Stopping threads took: 0.0000820 seconds
22.219: Application time: 0.0304960 seconds
22.219: [GC [PSYoungGen: 17403K->2288K(20480K)] 27031K->14987K(66560K), 0.0014920 secs] [Times: user=0.01 sys=0.00, real=0.00 secs] 
22.220: Total time for which application threads were stopped: 0.0016650 seconds, Stopping threads took: 0.0001050 seconds
22.256: Application time: 0.0351150 seconds
22.256: [GC [PSYoungGen: 19916K->2240K(20480K)] 32615K->19035K(66560K), 0.0018150 secs] [Times: user=0.01 sys=0.00, real=0.00 secs] 
22.258: Total time for which application threads were stopped: 0.0019940 seconds, Stopping threads took: 0.0001070 seconds
22.290: Application time: 0.0328820 seconds
22.291: [GC [PSYoungGen: 19768K->2304K(20480K)] 36563K->22171K(66560K), 0.0014480 secs] [Times: user=0.00 sys=0.00, real=0.00 secs] 
22.292: Total time for which application threads were stopped: 0.0015650 seconds, Stopping threads took: 0.0000540 seconds
22.326: Application time: 0.0344020 seconds
22.327: [GC [PSYoungGen: 19867K->2272K(20480K)] 39735K->25211K(66560K), 0.0014740 secs] [Times: user=0.01 sys=0.00, real=0.00 secs] 
22.328: Total time for which application threads were stopped: 0.0016930 seconds, Stopping threads took: 0.0001520 seconds
22.356: Application time: 0.0280830 seconds
22.356: [GC [PSYoungGen: 19437K->2304K(20480K)] 42377K->28315K(66560K), 0.0013600 secs] [Times: user=0.01 sys=0.00, real=0.00 secs] 
22.358: Total time for which application threads were stopped: 0.0015140 seconds, Stopping threads took: 0.0000770 seconds
22.398: Application time: 0.0398510 seconds
22.398: [GC [PSYoungGen: 20215K->2272K(20480K)] 46227K->31355K(66560K), 0.0015480 secs] [Times: user=0.01 sys=0.00, real=0.01 secs] 
22.399: Total time for which application threads were stopped: 0.0016900 seconds, Stopping threads took: 0.0000720 seconds
22.425: Application time: 0.0257000 seconds
22.425: [GC [PSYoungGen: 19486K->2304K(20480K)] 48569K->34459K(66560K), 0.0015230 secs] [Times: user=0.01 sys=0.00, real=0.00 secs] 
22.427: Total time for which application threads were stopped: 0.0016710 seconds, Stopping threads took: 0.0000800 seconds
22.466: Application time: 0.0398380 seconds
22.467: [GC [PSYoungGen: 20125K->2384K(20480K)] 52281K->35563K(66560K), 0.0009730 secs] [Times: user=0.01 sys=0.00, real=0.00 secs] 
22.468: Total time for which application threads were stopped: 0.0010940 seconds, Stopping threads took: 0.0000610 seconds
22.494: Application time: 0.0260820 seconds
22.494: [GC [PSYoungGen: 19941K->2368K(20480K)] 53121K->38619K(66560K), 0.0015210 secs] [Times: user=0.01 sys=0.00, real=0.00 secs] 
22.495: Total time for which application threads were stopped: 0.0016810 seconds, Stopping threads took: 0.0000930 seconds
22.538: Application time: 0.0422990 seconds
22.539: [GC [PSYoungGen: 20288K->2512K(20480K)] 56539K->38763K(66560K), 0.0008620 secs] [Times: user=0.01 sys=0.00, real=0.00 secs] 
22.539: Total time for which application threads were stopped: 0.0017670 seconds, Stopping threads took: 0.0008410 seconds
22.565: Application time: 0.0256770 seconds
22.565: [GC [PSYoungGen: 19997K->2464K(20480K)] 56249K->41787K(66560K), 0.0015700 secs] [Times: user=0.01 sys=0.00, real=0.00 secs] 
22.567: Total time for which application threads were stopped: 0.0017340 seconds, Stopping threads took: 0.0000860 seconds
22.604: Application time: 0.0368640 seconds
22.604: [GC [PSYoungGen: 19426K->2512K(20480K)] 58750K->42860K(66560K), 0.0010160 secs] [Times: user=0.01 sys=0.00, real=0.00 secs] 
22.605: Total time for which application threads were stopped: 0.0011360 seconds, Stopping threads took: 0.0000570 seconds
22.634: Application time: 0.0291230 seconds
22.634: [GC [PSYoungGen: 19711K->2496K(20480K)] 60059K->45915K(66560K), 0.0337570 secs] [Times: user=0.23 sys=0.00, real=0.03 secs] 
22.668: [Full GC [PSYoungGen: 2496K->0K(20480K)] [ParOldGen: 43419K->8605K(46080K)] 45915K->8605K(66560K) [PSPermGen: 5488K->5488K(21504K)], 0.0115050 secs] [Times: user=0.06 sys=0.00, real=0.02 secs] 
22.679: Total time for which application threads were stopped: 0.0454530 seconds, Stopping threads took: 0.0000730 seconds
22.717: Application time: 0.0374980 seconds
22.717: [GC [PSYoungGen: 17821K->2304K(20480K)] 26426K->12957K(66560K), 0.0010720 secs] [Times: user=0.01 sys=0.00, real=0.00 secs] 
22.718: Total time for which application threads were stopped: 0.0011870 seconds, Stopping threads took: 0.0000540 seconds
22.747: Application time: 0.0289610 seconds
22.747: [GC [PSYoungGen: 19556K->2304K(20480K)] 30209K->16029K(66560K), 0.0014620 secs] [Times: user=0.01 sys=0.00, real=0.00 secs] 
22.749: Total time for which application threads were stopped: 0.0016060 seconds, Stopping threads took: 0.0000740 seconds
22.780: Application time: 0.0309320 seconds
22.780: [GC [PSYoungGen: 19618K->2240K(20480K)] 33343K->20061K(66560K), 0.0017170 secs] [Times: user=0.01 sys=0.00, real=0.00 secs] 
22.781: Total time for which application threads were stopped: 0.0018540 seconds, Stopping threads took: 0.0000660 seconds
22.818: Application time: 0.0361520 seconds
22.818: [GC [PSYoungGen: 19946K->2304K(20480K)] 37767K->23197K(66560K), 0.0014720 secs] [Times: user=0.01 sys=0.00, real=0.01 secs] 
22.819: Total time for which application threads were stopped: 0.0016010 seconds, Stopping threads took: 0.0000680 seconds
22.856: Application time: 0.0372240 seconds
22.857: [GC [PSYoungGen: 20039K->2272K(20480K)] 40932K->25213K(66560K), 0.0010610 secs] [Times: user=0.00 sys=0.00, real=0.00 secs] 
22.858: Total time for which application threads were stopped: 0.0012190 seconds, Stopping threads took: 0.0000800 seconds
22.887: Application time: 0.0291720 seconds
22.887: [GC [PSYoungGen: 19488K->2304K(20480K)] 42429K->29341K(66560K), 0.0017290 secs] [Times: user=0.01 sys=0.00, real=0.00 secs] 
22.889: Total time for which application threads were stopped: 0.0018720 seconds, Stopping threads took: 0.0000690 seconds
22.921: Application time: 0.0318280 seconds
22.921: [GC [PSYoungGen: 19761K->2272K(20480K)] 46799K->33405K(66560K), 0.0018070 secs] [Times: user=0.01 sys=0.00, real=0.00 secs] 
22.923: Total time for which application threads were stopped: 0.0019480 seconds, Stopping threads took: 0.0000720 seconds
22.956: Application time: 0.0332840 seconds
22.956: [GC [PSYoungGen: 19807K->2272K(20480K)] 50941K->37501K(66560K), 0.0017440 secs] [Times: user=0.01 sys=0.00, real=0.00 secs] 
22.958: Total time for which application threads were stopped: 0.0018940 seconds, Stopping threads took: 0.0000810 seconds
22.991: Application time: 0.0332340 seconds
22.991: [GC [PSYoungGen: 19787K->2288K(20480K)] 55017K->40589K(66560K), 0.0014880 secs] [Times: user=0.01 sys=0.00, real=0.00 secs] 
22.993: Total time for which application threads were stopped: 0.0016210 seconds, Stopping threads took: 0.0000630 seconds
23.026: Application time: 0.0339430 seconds
23.027: [GC [PSYoungGen: 19830K->2304K(20480K)] 58132K->43677K(66560K), 0.0014420 secs] [Times: user=0.01 sys=0.00, real=0.00 secs] 
23.028: [Full GC [PSYoungGen: 2304K->0K(20480K)] [ParOldGen: 41373K->8589K(46080K)] 43677K->8589K(66560K) [PSPermGen: 5488K->5488K(21504K)], 0.0064600 secs] [Times: user=0.02 sys=0.00, real=0.01 secs] 
23.035: Total time for which application threads were stopped: 0.0080860 seconds, Stopping threads took: 0.0000650 seconds
23.065: Application time: 0.0304460 seconds
23.065: [GC [PSYoungGen: 17409K->2272K(20480K)] 25998K->13933K(66560K), 0.0014290 secs] [Times: user=0.01 sys=0.00, real=0.00 secs] 
23.067: Total time for which application threads were stopped: 0.0015970 seconds, Stopping threads took: 0.0001040 seconds
23.101: Application time: 0.0340400 seconds
23.101: [GC [PSYoungGen: 19794K->2304K(20480K)] 31456K->17037K(66560K), 0.0014310 secs] [Times: user=0.01 sys=0.00, real=0.00 secs] 
23.102: Total time for which application threads were stopped: 0.0015720 seconds, Stopping threads took: 0.0000660 seconds
23.135: Application time: 0.0332560 seconds
23.136: [GC [PSYoungGen: 19835K->2272K(20480K)] 34569K->18029K(66560K), 0.0009950 secs] [Times: user=0.01 sys=0.00, real=0.00 secs] 
23.137: Total time for which application threads were stopped: 0.0011340 seconds, Stopping threads took: 0.0000770 seconds
23.168: Application time: 0.0311230 seconds
23.171: [GC [PSYoungGen: 19670K->2272K(20480K)] 35427K->22125K(66560K), 0.0018610 secs] [Times: user=0.01 sys=0.00, real=0.00 secs] 
23.172: Total time for which application threads were stopped: 0.0046560 seconds, Stopping threads took: 0.0027260 seconds
23.206: Application time: 0.0331750 seconds
23.206: [GC [PSYoungGen: 19851K->2304K(20480K)] 39705K->24205K(66560K), 0.0011390 secs] [Times: user=0.01 sys=0.00, real=0.00 secs] 
23.207: Total time for which application threads were stopped: 0.0012700 seconds, Stopping threads took: 0.0000660 seconds
23.241: Application time: 0.0343170 seconds
23.241: [GC [PSYoungGen: 20114K->2368K(20480K)] 42016K->27341K(66560K), 0.0015820 secs] [Times: user=0.01 sys=0.00, real=0.00 secs] 
23.243: Total time for which application threads were stopped: 0.0017550 seconds, Stopping threads took: 0.0001030 seconds
23.269: Application time: 0.0260520 seconds
23.269: [GC [PSYoungGen: 19681K->2400K(20480K)] 44655K->31469K(66560K), 0.0018130 secs] [Times: user=0.01 sys=0.00, real=0.01 secs] 
23.271: Total time for which application threads were stopped: 0.0020060 seconds, Stopping threads took: 0.0001230 seconds
23.311: Application time: 0.0403950 seconds
23.312: [GC [PSYoungGen: 19534K->2528K(20480K)] 48604K->34669K(66560K), 0.0015060 secs] [Times: user=0.01 sys=0.00, real=0.00 secs] 
23.313: Total time for which application threads were stopped: 0.0016490 seconds, Stopping threads took: 0.0000680 seconds
23.337: Application time: 0.0241090 seconds
23.337: [GC [PSYoungGen: 19673K->2480K(20480K)] 51815K->39741K(66560K), 0.0020910 secs] [Times: user=0.02 sys=0.00, real=0.01 secs] 
23.339: Total time for which application threads were stopped: 0.0022330 seconds, Stopping threads took: 0.0000660 seconds
23.381: Application time: 0.0414360 seconds
23.381: [GC [PSYoungGen: 19417K->2544K(20480K)] 56679K->41853K(66560K), 0.0012810 secs] [Times: user=0.01 sys=0.00, real=0.00 secs] 
23.382: Total time for which application threads were stopped: 0.0014080 seconds, Stopping threads took: 0.0000640 seconds
23.405: Application time: 0.0226060 seconds
23.405: [GC [PSYoungGen: 19711K->2496K(20480K)] 59021K->46926K(66560K), 0.0020860 secs] [Times: user=0.01 sys=0.00, real=0.00 secs] 
23.407: [Full GC [PSYoungGen: 2496K->0K(20480K)] [ParOldGen: 44430K->10637K(46080K)] 46926K->10637K(66560K) [PSPermGen: 5488K->5488K(21504K)], 0.0067470 secs] [Times: user=0.03 sys=0.00, real=0.01 secs] 
23.414: Total time for which application threads were stopped: 0.0090130 seconds, Stopping threads took: 0.0000610 seconds
23.455: Application time: 0.0412770 seconds
23.455: [GC [PSYoungGen: 17646K->2304K(20480K)] 28284K->14989K(66560K), 0.0012140 secs] [Times: user=0.01 sys=0.00, real=0.00 secs] 
23.457: Total time for which application threads were stopped: 0.0013550 seconds, Stopping threads took: 0.0000740 seconds
23.480: Application time: 0.0238980 seconds
23.481: [GC [PSYoungGen: 19692K->2272K(20480K)] 32378K->20077K(66560K), 0.0020740 secs] [Times: user=0.01 sys=0.00, real=0.00 secs] 
23.483: Total time for which application threads were stopped: 0.0022200 seconds, Stopping threads took: 0.0000760 seconds
23.526: Application time: 0.0431290 seconds
23.526: [GC [PSYoungGen: 19947K->2304K(20480K)] 37752K->21133K(66560K), 0.0009630 secs] [Times: user=0.01 sys=0.00, real=0.00 secs] 
23.527: Total time for which application threads were stopped: 0.0010960 seconds, Stopping threads took: 0.0000680 seconds
23.549: Application time: 0.0220860 seconds
23.549: [GC [PSYoungGen: 19691K->2304K(20480K)] 38520K->26253K(66560K), 0.0020600 secs] [Times: user=0.02 sys=0.00, real=0.01 secs] 
23.551: Total time for which application threads were stopped: 0.0022120 seconds, Stopping threads took: 0.0000810 seconds
23.591: Application time: 0.0399970 seconds
23.591: [GC [PSYoungGen: 19372K->2304K(20480K)] 43322K->26253K(66560K), 0.0007640 secs] [Times: user=0.00 sys=0.00, real=0.00 secs] 
23.592: Total time for which application threads were stopped: 0.0008950 seconds, Stopping threads took: 0.0000700 seconds
23.618: Application time: 0.0259620 seconds
23.618: [GC [PSYoungGen: 19248K->2272K(20480K)] 43198K->30317K(66560K), 0.0017580 secs] [Times: user=0.01 sys=0.00, real=0.01 secs] 
23.620: Total time for which application threads were stopped: 0.0019100 seconds, Stopping threads took: 0.0000760 seconds
23.659: Application time: 0.0390980 seconds
23.659: [GC [PSYoungGen: 20192K->2240K(20480K)] 48237K->30285K(66560K), 0.0007860 secs] [Times: user=0.00 sys=0.00, real=0.00 secs] 
23.660: Total time for which application threads were stopped: 0.0009150 seconds, Stopping threads took: 0.0000680 seconds
23.688: Application time: 0.0281690 seconds
23.688: [GC [PSYoungGen: 19385K->2304K(20480K)] 47430K->34445K(66560K), 0.0016480 secs] [Times: user=0.01 sys=0.00, real=0.00 secs] 
23.690: Total time for which application threads were stopped: 0.0017860 seconds, Stopping threads took: 0.0000710 seconds
23.727: Application time: 0.0366970 seconds
23.727: [GC [PSYoungGen: 19977K->2272K(20480K)] 52119K->34413K(66560K), 0.0007040 secs] [Times: user=0.00 sys=0.00, real=0.00 secs] 
23.727: Total time for which application threads were stopped: 0.0008260 seconds, Stopping threads took: 0.0000640 seconds
23.753: Application time: 0.0256750 seconds
23.753: [GC [PSYoungGen: 19475K->2304K(20480K)] 51617K->38541K(66560K), 0.0017300 secs] [Times: user=0.01 sys=0.00, real=0.00 secs] 
23.755: Total time for which application threads were stopped: 0.0018740 seconds, Stopping threads took: 0.0000630 seconds
23.793: Application time: 0.0384630 seconds
23.794: [GC [PSYoungGen: 19888K->2304K(20480K)] 56126K->40589K(66560K), 0.0012010 secs] [Times: user=0.00 sys=0.00, real=0.00 secs] 
23.795: Total time for which application threads were stopped: 0.0013410 seconds, Stopping threads took: 0.0000770 seconds
23.823: Application time: 0.0281700 seconds
23.823: [GC [PSYoungGen: 19783K->2304K(20480K)] 58068K->43662K(66560K), 0.0014760 secs] [Times: user=0.01 sys=0.00, real=0.00 secs] 
23.825: [Full GC [PSYoungGen: 2304K->0K(20480K)] [ParOldGen: 41358K->8609K(46080K)] 43662K->8609K(66560K) [PSPermGen: 5488K->5488K(21504K)], 0.0064030 secs] [Times: user=0.02 sys=0.00, real=0.01 secs] 
23.831: Total time for which application threads were stopped: 0.0080640 seconds, Stopping threads took: 0.0000720 seconds
23.865: Application time: 0.0343730 seconds
23.866: [GC [PSYoungGen: 17377K->2304K(20480K)] 25987K->15009K(66560K), 0.0016200 secs] [Times: user=0.01 sys=0.00, real=0.00 secs] 
23.867: Total time for which application threads were stopped: 0.0017520 seconds, Stopping threads took: 0.0000620 seconds
23.898: Application time: 0.0304960 seconds
23.899: [GC [PSYoungGen: 19852K->2304K(20480K)] 32558K->19105K(66560K), 0.0018110 secs] [Times: user=0.02 sys=0.00, real=0.00 secs] 
23.900: Total time for which application threads were stopped: 0.0027350 seconds, Stopping threads took: 0.0008550 seconds
23.929: Application time: 0.0282860 seconds
23.929: [GC [PSYoungGen: 19437K->2304K(20480K)] 36239K->23201K(66560K), 0.0017380 secs] [Times: user=0.01 sys=0.00, real=0.01 secs] 
23.931: Total time for which application threads were stopped: 0.0018800 seconds, Stopping threads took: 0.0000760 seconds
23.967: Application time: 0.0362620 seconds
23.967: [GC [PSYoungGen: 19585K->2336K(20480K)] 40482K->27329K(66560K), 0.0017560 secs] [Times: user=0.02 sys=0.00, real=0.00 secs] 
23.969: Total time for which application threads were stopped: 0.0019140 seconds, Stopping threads took: 0.0000860 seconds
23.996: Application time: 0.0270490 seconds
23.996: [GC [PSYoungGen: 19457K->2432K(20480K)] 44451K->31521K(66560K), 0.0017380 secs] [Times: user=0.01 sys=0.00, real=0.00 secs] 
23.998: Total time for which application threads were stopped: 0.0018780 seconds, Stopping threads took: 0.0000730 seconds
24.035: Application time: 0.0374450 seconds
24.035: [GC [PSYoungGen: 19596K->2512K(20480K)] 48685K->35697K(66560K), 0.0017770 secs] [Times: user=0.02 sys=0.00, real=0.00 secs] 
24.037: Total time for which application threads were stopped: 0.0019260 seconds, Stopping threads took: 0.0000770 seconds
24.063: Application time: 0.0263760 seconds
24.064: [GC [PSYoungGen: 19581K->2464K(20480K)] 52767K->40769K(66560K), 0.0020110 secs] [Times: user=0.01 sys=0.00, real=0.00 secs] 
24.066: Total time for which application threads were stopped: 0.0021510 seconds, Stopping threads took: 0.0000690 seconds
24.103: Application time: 0.0369760 seconds
24.103: [GC [PSYoungGen: 20384K->2400K(20480K)] 58689K->45825K(66560K), 0.0021720 secs] [Times: user=0.01 sys=0.00, real=0.00 secs] 
24.105: [Full GC [PSYoungGen: 2400K->0K(20480K)] [ParOldGen: 43425K->10634K(46080K)] 45825K->10634K(66560K) [PSPermGen: 5488K->5488K(21504K)], 0.0068080 secs] [Times: user=0.03 sys=0.00, real=0.01 secs] 
24.112: Total time for which application threads were stopped: 0.0091680 seconds, Stopping threads took: 0.0000660 seconds
24.141: Application time: 0.0292890 seconds
24.141: [GC [PSYoungGen: 17236K->2304K(20480K)] 27871K->17034K(66560K), 0.0016140 secs] [Times: user=0.02 sys=0.00, real=0.00 secs] 
24.143: Total time for which application threads were stopped: 0.0017540 seconds, Stopping threads took: 0.0000600 seconds
24.180: Application time: 0.0374570 seconds
24.180: [GC [PSYoungGen: 20121K->2304K(20480K)] 34852K->21130K(66560K), 0.0017660 secs] [Times: user=0.01 sys=0.00, real=0.00 secs] 
24.182: Total time for which application threads were stopped: 0.0019440 seconds, Stopping threads took: 0.0001060 seconds
24.208: Application time: 0.0254710 seconds
24.208: [GC [PSYoungGen: 19511K->2304K(20480K)] 38337K->26250K(66560K), 0.0020130 secs] [Times: user=0.02 sys=0.00, real=0.00 secs] 
24.210: Total time for which application threads were stopped: 0.0021620 seconds, Stopping threads took: 0.0000800 seconds
24.251: Application time: 0.0407010 seconds
24.251: [GC [PSYoungGen: 20105K->2304K(20480K)] 44052K->29322K(66560K), 0.0015660 secs] [Times: user=0.01 sys=0.00, real=0.00 secs] 
24.252: Total time for which application threads were stopped: 0.0017170 seconds, Stopping threads took: 0.0000820 seconds
24.277: Application time: 0.0246840 seconds
24.277: [GC [PSYoungGen: 19557K->2304K(20480K)] 46575K->34442K(66560K), 0.0020000 secs] [Times: user=0.01 sys=0.00, real=0.01 secs] 
24.279: Total time for which application threads were stopped: 0.0021370 seconds, Stopping threads took: 0.0000660 seconds
24.321: Application time: 0.0418470 seconds
24.321: [GC [PSYoungGen: 20091K->2304K(20480K)] 52230K->36490K(66560K), 0.0013130 secs] [Times: user=0.01 sys=0.00, real=0.00 secs] 
24.322: Total time for which application threads were stopped: 0.0014580 seconds, Stopping threads took: 0.0000740 seconds
24.347: Application time: 0.0245350 seconds
24.347: [GC [PSYoungGen: 19540K->2304K(20480K)] 53727K->41610K(66560K), 0.0020090 secs] [Times: user=0.02 sys=0.00, real=0.00 secs] 
24.349: [Full GC [PSYoungGen: 2304K->0K(20480K)] [ParOldGen: 39306K->10630K(46080K)] 41610K->10630K(66560K) [PSPermGen: 5488K->5488K(21504K)], 0.0068290 secs] [Times: user=0.03 sys=0.00, real=0.01 secs] 
24.356: Total time for which application threads were stopped: 0.0090370 seconds, Stopping threads took: 0.0000750 seconds
24.398: Application time: 0.0416200 seconds
24.398: [GC [PSYoungGen: 17766K->2272K(20480K)] 28397K->14950K(66560K), 0.0013180 secs] [Times: user=0.01 sys=0.00, real=0.01 secs] 
24.399: Total time for which application threads were stopped: 0.0014520 seconds, Stopping threads took: 0.0000660 seconds
24.424: Application time: 0.0244630 seconds
24.424: [GC [PSYoungGen: 19555K->2304K(20480K)] 32233K->19078K(66560K), 0.0017210 secs] [Times: user=0.01 sys=0.00, real=0.00 secs] 
24.425: Total time for which application threads were stopped: 0.0018520 seconds, Stopping threads took: 0.0000630 seconds
24.468: Application time: 0.0428700 seconds
24.468: [GC [PSYoungGen: 20084K->2272K(20480K)] 36859K->20070K(66560K), 0.0010150 secs] [Times: user=0.01 sys=0.00, real=0.00 secs] 
24.469: Total time for which application threads were stopped: 0.0011530 seconds, Stopping threads took: 0.0000710 seconds
24.493: Application time: 0.0231450 seconds
24.493: [GC [PSYoungGen: 19502K->2304K(20480K)] 37301K->23174K(66560K), 0.0014340 secs] [Times: user=0.01 sys=0.00, real=0.00 secs] 
24.494: Total time for which application threads were stopped: 0.0015740 seconds, Stopping threads took: 0.0000740 seconds
24.537: Application time: 0.0424560 seconds
24.537: [GC [PSYoungGen: 19912K->2256K(20480K)] 40782K->23126K(66560K), 0.0007740 secs] [Times: user=0.00 sys=0.00, real=0.00 secs] 
24.537: Total time for which application threads were stopped: 0.0009020 seconds, Stopping threads took: 0.0000680 seconds
24.561: Application time: 0.0236100 seconds
24.561: [GC [PSYoungGen: 19675K->2272K(20480K)] 40546K->27238K(66560K), 0.0017100 secs] [Times: user=0.01 sys=0.00, real=0.00 secs] 
24.563: Total time for which application threads were stopped: 0.0018600 seconds, Stopping threads took: 0.0000790 seconds
24.601: Application time: 0.0380050 seconds
24.601: [GC [PSYoungGen: 20192K->2272K(20480K)] 45158K->29286K(66560K), 0.0012300 secs] [Times: user=0.01 sys=0.00, real=0.00 secs] 
24.602: Total time for which application threads were stopped: 0.0013780 seconds, Stopping threads took: 0.0000790 seconds
24.631: Application time: 0.0289670 seconds
24.631: [GC [PSYoungGen: 19399K->2304K(20480K)] 46413K->33414K(66560K), 0.0016770 secs] [Times: user=0.01 sys=0.00, real=0.00 secs] 
24.633: Total time for which application threads were stopped: 0.0018280 seconds, Stopping threads took: 0.0000770 seconds
24.669: Application time: 0.0362910 seconds
24.670: [GC [PSYoungGen: 19292K->2320K(20480K)] 50402K->34454K(66560K), 0.0009110 secs] [Times: user=0.00 sys=0.00, real=0.00 secs] 
24.670: Total time for which application threads were stopped: 0.0010420 seconds, Stopping threads took: 0.0000580 seconds
24.696: Application time: 0.0257770 seconds
24.696: [GC [PSYoungGen: 19658K->2432K(20480K)] 51793K->38663K(66560K), 0.0017550 secs] [Times: user=0.01 sys=0.00, real=0.00 secs] 
24.698: Total time for which application threads were stopped: 0.0018930 seconds, Stopping threads took: 0.0000690 seconds
24.735: Application time: 0.0366340 seconds
24.735: [GC [PSYoungGen: 20134K->2368K(20480K)] 56365K->41671K(66560K), 0.0015220 secs] [Times: user=0.01 sys=0.00, real=0.00 secs] 
24.736: Total time for which application threads were stopped: 0.0016580 seconds, Stopping threads took: 0.0000710 seconds
24.764: Application time: 0.0278480 seconds
24.764: [GC [PSYoungGen: 19932K->2496K(20480K)] 59235K->45895K(66560K), 0.0018440 secs] [Times: user=0.01 sys=0.00, real=0.00 secs] 
24.766: [Full GC [PSYoungGen: 2496K->0K(20480K)] [ParOldGen: 43399K->9617K(46080K)] 45895K->9617K(66560K) [PSPermGen: 5488K->5488K(21504K)], 0.0067920 secs] [Times: user=0.03 sys=0.00, real=0.01 secs] 
24.773: Total time for which application threads were stopped: 0.0088480 seconds, Stopping threads took: 0.0000930 seconds
24.805: Application time: 0.0321000 seconds
24.805: [GC [PSYoungGen: 17515K->2320K(20480K)] 27133K->16034K(66560K), 0.0017200 secs] [Times: user=0.01 sys=0.00, real=0.00 secs] 
24.807: Total time for which application threads were stopped: 0.0018710 seconds, Stopping threads took: 0.0000790 seconds
24.841: Application time: 0.0337360 seconds
24.841: [GC [PSYoungGen: 19933K->2304K(20480K)] 33647K->20114K(66560K), 0.0017810 secs] [Times: user=0.02 sys=0.00, real=0.00 secs] 
24.843: Total time for which application threads were stopped: 0.0019330 seconds, Stopping threads took: 0.0000810 seconds
24.874: Application time: 0.0313550 seconds
24.874: [GC [PSYoungGen: 19686K->2304K(20480K)] 37497K->23186K(66560K), 0.0015430 secs] [Times: user=0.01 sys=0.00, real=0.00 secs] 
24.876: Total time for which application threads were stopped: 0.0016860 seconds, Stopping threads took: 0.0000760 seconds
24.911: Application time: 0.0356290 seconds
24.912: [GC [PSYoungGen: 19983K->2304K(20480K)] 40865K->27282K(66560K), 0.0017910 secs] [Times: user=0.01 sys=0.00, real=0.00 secs] 
24.913: Total time for which application threads were stopped: 0.0019250 seconds, Stopping threads took: 0.0000640 seconds
24.943: Application time: 0.0298670 seconds
24.943: [GC [PSYoungGen: 19641K->2272K(20480K)] 44619K->31346K(66560K), 0.0017250 secs] [Times: user=0.01 sys=0.00, real=0.00 secs] 
24.945: Total time for which application threads were stopped: 0.0018630 seconds, Stopping threads took: 0.0000660 seconds
24.982: Application time: 0.0366830 seconds
24.982: [GC [PSYoungGen: 19992K->2288K(20480K)] 49066K->35458K(66560K), 0.0017410 secs] [Times: user=0.01 sys=0.00, real=0.00 secs] 
24.984: Total time for which application threads were stopped: 0.0018870 seconds, Stopping threads took: 0.0000730 seconds
25.011: Application time: 0.0274740 seconds
25.011: [GC [PSYoungGen: 19521K->2304K(20480K)] 52692K->39570K(66560K), 0.0017960 secs] [Times: user=0.02 sys=0.00, real=0.00 secs] 
25.013: Total time for which application threads were stopped: 0.0019620 seconds, Stopping threads took: 0.0000940 seconds
25.052: Application time: 0.0385480 seconds
25.052: [GC [PSYoungGen: 20071K->2320K(20480K)] 57337K->43682K(66560K), 0.0017520 secs] [Times: user=0.02 sys=0.00, real=0.00 secs] 
25.054: [Full GC [PSYoungGen: 2320K->0K(20480K)] [ParOldGen: 41362K->9612K(46080K)] 43682K->9612K(66560K) [PSPermGen: 5488K->5488K(21504K)], 0.0068070 secs] [Times: user=0.02 sys=0.00, real=0.01 secs] 
25.060: Total time for which application threads were stopped: 0.0087440 seconds, Stopping threads took: 0.0000690 seconds
25.089: Application time: 0.0282550 seconds
25.089: [GC [PSYoungGen: 17219K->2304K(20480K)] 26831K->14988K(66560K), 0.0014450 secs] [Times: user=0.01 sys=0.00, real=0.00 secs] 
25.090: Total time for which application threads were stopped: 0.0015860 seconds, Stopping threads took: 0.0000750 seconds
25.128: Application time: 0.0375850 seconds
25.128: [GC [PSYoungGen: 20109K->2304K(20480K)] 32793K->20108K(66560K), 0.0019970 secs] [Times: user=0.01 sys=0.00, real=0.00 secs] 
25.130: Total time for which application threads were stopped: 0.0021450 seconds, Stopping threads took: 0.0000780 seconds
25.159: Application time: 0.0293430 seconds
25.159: [GC [PSYoungGen: 19513K->2304K(20480K)] 37317K->23180K(66560K), 0.0013910 secs] [Times: user=0.01 sys=0.00, real=0.00 secs] 
25.161: Total time for which application threads were stopped: 0.0015250 seconds, Stopping threads took: 0.0000690 seconds
25.201: Application time: 0.0397560 seconds
25.201: [GC [PSYoungGen: 20129K->2272K(20480K)] 41005K->26220K(66560K), 0.0014930 secs] [Times: user=0.01 sys=0.00, real=0.00 secs] 
25.202: Total time for which application threads were stopped: 0.0016360 seconds, Stopping threads took: 0.0000710 seconds
25.228: Application time: 0.0256720 seconds
25.228: [GC [PSYoungGen: 19462K->2240K(20480K)] 43411K->30284K(66560K), 0.0017370 secs] [Times: user=0.01 sys=0.00, real=0.00 secs] 
25.230: Total time for which application threads were stopped: 0.0018660 seconds, Stopping threads took: 0.0000610 seconds
25.268: Application time: 0.0383790 seconds
25.268: [GC [PSYoungGen: 19989K->2304K(20480K)] 48033K->34444K(66560K), 0.0018010 secs] [Times: user=0.01 sys=0.00, real=0.00 secs] 
25.270: Total time for which application threads were stopped: 0.0019400 seconds, Stopping threads took: 0.0000710 seconds
25.296: Application time: 0.0255680 seconds
25.296: [GC [PSYoungGen: 19541K->2272K(20480K)] 51682K->39532K(66560K), 0.0020520 secs] [Times: user=0.01 sys=0.00, real=0.00 secs] 
25.298: Total time for which application threads were stopped: 0.0022050 seconds, Stopping threads took: 0.0000860 seconds
25.345: Application time: 0.0467690 seconds
25.345: [GC [PSYoungGen: 19933K->2320K(20480K)] 57194K->41628K(66560K), 0.0014910 secs] [Times: user=0.01 sys=0.00, real=0.00 secs] 
25.346: Total time for which application threads were stopped: 0.0016420 seconds, Stopping threads took: 0.0000680 seconds
25.382: Application time: 0.0361550 seconds
25.383: [GC [PSYoungGen: 20087K->2272K(20480K)] 59396K->43628K(66560K), 0.0012630 secs] [Times: user=0.00 sys=0.00, real=0.00 secs] 
25.384: [Full GC [PSYoungGen: 2272K->0K(20480K)] [ParOldGen: 41356K->7712K(46080K)] 43628K->7712K(66560K) [PSPermGen: 5494K->5494K(21504K)], 0.0064740 secs] [Times: user=0.03 sys=0.01, real=0.00 secs] 
25.390: Total time for which application threads were stopped: 0.0078920 seconds, Stopping threads took: 0.0000450 seconds
25.425: Application time: 0.0347930 seconds
25.425: [GC [PSYoungGen: 17498K->2368K(20480K)] 25211K->11104K(66560K), 0.0010420 secs] [Times: user=0.01 sys=0.00, real=0.00 secs] 
25.426: Total time for which application threads were stopped: 0.0012110 seconds, Stopping threads took: 0.0001070 seconds
25.457: Application time: 0.0301770 seconds
25.457: [GC [PSYoungGen: 20179K->2384K(20480K)] 28916K->14192K(66560K), 0.0014530 secs] [Times: user=0.01 sys=0.00, real=0.00 secs] 
25.458: Total time for which application threads were stopped: 0.0015870 seconds, Stopping threads took: 0.0000670 seconds
25.495: Application time: 0.0366270 seconds
25.495: [GC [PSYoungGen: 19777K->2432K(20480K)] 31586K->14240K(66560K), 0.0009050 secs] [Times: user=0.00 sys=0.00, real=0.00 secs] 
25.496: Total time for which application threads were stopped: 0.0010390 seconds, Stopping threads took: 0.0000710 seconds
25.524: Application time: 0.0279060 seconds
25.524: [GC [PSYoungGen: 20352K->2544K(20480K)] 32160K->18448K(66560K), 0.0017810 secs] [Times: user=0.02 sys=0.00, real=0.00 secs] 
25.526: Total time for which application threads were stopped: 0.0019300 seconds, Stopping threads took: 0.0000760 seconds
25.565: Application time: 0.0393850 seconds
25.565: [GC [PSYoungGen: 19924K->1440K(20480K)] 35829K->17344K(66560K), 0.0005980 secs] [Times: user=0.00 sys=0.00, real=0.00 secs] 
25.566: Total time for which application threads were stopped: 0.0007360 seconds, Stopping threads took: 0.0000760 seconds
25.592: Application time: 0.0264260 seconds
25.592: [GC [PSYoungGen: 19033K->2528K(20480K)] 34938K->21504K(66560K), 0.0014490 secs] [Times: user=0.01 sys=0.00, real=0.00 secs] 
25.594: Total time for which application threads were stopped: 0.0015970 seconds, Stopping threads took: 0.0000790 seconds
25.633: Application time: 0.0394240 seconds
25.633: [GC [PSYoungGen: 19874K->2512K(20480K)] 38851K->21489K(66560K), 0.0008070 secs] [Times: user=0.01 sys=0.00, real=0.00 secs] 
25.634: Total time for which application threads were stopped: 0.0009350 seconds, Stopping threads took: 0.0000640 seconds
25.661: Application time: 0.0270260 seconds
25.661: [GC [PSYoungGen: 20210K->2544K(20480K)] 39187K->24593K(66560K), 0.0014430 secs] [Times: user=0.01 sys=0.00, real=0.00 secs] 
25.663: Total time for which application threads were stopped: 0.0015990 seconds, Stopping threads took: 0.0000920 seconds
25.703: Application time: 0.0404730 seconds
25.703: [GC [PSYoungGen: 19852K->2528K(20480K)] 41901K->24577K(66560K), 0.0007190 secs] [Times: user=0.00 sys=0.00, real=0.00 secs] 
25.704: Total time for which application threads were stopped: 0.0008350 seconds, Stopping threads took: 0.0000510 seconds
25.730: Application time: 0.0255330 seconds
25.730: [GC [PSYoungGen: 20338K->2512K(20480K)] 42387K->27633K(66560K), 0.0015410 secs] [Times: user=0.01 sys=0.00, real=0.01 secs] 
25.731: Total time for which application threads were stopped: 0.0016930 seconds, Stopping threads took: 0.0000870 seconds
25.768: Application time: 0.0366730 seconds
25.768: [GC [PSYoungGen: 20105K->2512K(20480K)] 45226K->28657K(66560K), 0.0010420 secs] [Times: user=0.00 sys=0.00, real=0.00 secs] 
25.769: Total time for which application threads were stopped: 0.0011610 seconds, Stopping threads took: 0.0000560 seconds
25.799: Application time: 0.0301000 seconds
25.799: [GC [PSYoungGen: 19965K->2464K(20480K)] 46110K->31681K(66560K), 0.0015830 secs] [Times: user=0.01 sys=0.00, real=0.00 secs] 
25.801: Total time for which application threads were stopped: 0.0017150 seconds, Stopping threads took: 0.0000640 seconds
25.832: Application time: 0.0309470 seconds
25.832: [GC [PSYoungGen: 19718K->2464K(20480K)] 48935K->34753K(66560K), 0.0015970 secs] [Times: user=0.01 sys=0.00, real=0.00 secs] 
25.834: Total time for which application threads were stopped: 0.0017490 seconds, Stopping threads took: 0.0000850 seconds
25.869: Application time: 0.0350350 seconds
25.869: [GC [PSYoungGen: 20221K->2528K(20480K)] 52511K->37889K(66560K), 0.0014510 secs] [Times: user=0.01 sys=0.00, real=0.00 secs] 
25.870: Total time for which application threads were stopped: 0.0015810 seconds, Stopping threads took: 0.0000600 seconds
25.897: Application time: 0.0268140 seconds
25.897: [GC [PSYoungGen: 19683K->2512K(20480K)] 55044K->42993K(66560K), 0.0020830 secs] [Times: user=0.01 sys=0.00, real=0.01 secs] 
25.899: [Full GC [PSYoungGen: 2512K->0K(20480K)] [ParOldGen: 40481K->10636K(46080K)] 42993K->10636K(66560K) [PSPermGen: 5494K->5494K(21504K)], 0.0070030 secs] [Times: user=0.04 sys=0.00, real=0.00 secs] 
25.906: Total time for which application threads were stopped: 0.0092810 seconds, Stopping threads took: 0.0000740 seconds
25.943: Application time: 0.0361390 seconds
25.943: [GC [PSYoungGen: 17691K->2304K(20480K)] 28327K->17036K(66560K), 0.0017120 secs] [Times: user=0.01 sys=0.00, real=0.00 secs] 
25.944: Total time for which application threads were stopped: 0.0018890 seconds, Stopping threads took: 0.0001040 seconds
25.976: Application time: 0.0312490 seconds
25.976: [GC [PSYoungGen: 19666K->2304K(20480K)] 34399K->22156K(66560K), 0.0019460 secs] [Times: user=0.01 sys=0.00, real=0.00 secs] 
25.978: Total time for which application threads were stopped: 0.0020820 seconds, Stopping threads took: 0.0000690 seconds
26.013: Application time: 0.0355320 seconds
26.013: [GC [PSYoungGen: 19967K->2304K(20480K)] 39820K->25228K(66560K), 0.0015170 secs] [Times: user=0.00 sys=0.00, real=0.00 secs] 
26.015: Total time for which application threads were stopped: 0.0016520 seconds, Stopping threads took: 0.0000660 seconds
26.039: Application time: 0.0243050 seconds
26.039: [GC [PSYoungGen: 19607K->2304K(20480K)] 42532K->30349K(66560K), 0.0020530 secs] [Times: user=0.01 sys=0.00, real=0.00 secs] 
26.041: Total time for which application threads were stopped: 0.0021910 seconds, Stopping threads took: 0.0000660 seconds
26.083: Application time: 0.0413510 seconds
26.083: [GC [PSYoungGen: 20012K->2304K(20480K)] 48057K->33421K(66560K), 0.0015510 secs] [Times: user=0.01 sys=0.00, real=0.00 secs] 
26.085: Total time for which application threads were stopped: 0.0016980 seconds, Stopping threads took: 0.0000780 seconds
26.110: Application time: 0.0253570 seconds
26.110: [GC [PSYoungGen: 19666K->2304K(20480K)] 50783K->37517K(66560K), 0.0018140 secs] [Times: user=0.01 sys=0.00, real=0.01 secs] 
26.112: Total time for which application threads were stopped: 0.0019560 seconds, Stopping threads took: 0.0000690 seconds
26.152: Application time: 0.0404100 seconds
26.152: [GC [PSYoungGen: 19277K->2400K(20480K)] 54490K->39661K(66560K), 0.0012100 secs] [Times: user=0.01 sys=0.00, real=0.00 secs] 
26.154: Total time for which application threads were stopped: 0.0013510 seconds, Stopping threads took: 0.0000780 seconds
26.179: Application time: 0.0253880 seconds
26.179: [GC [PSYoungGen: 19877K->2400K(20480K)] 57138K->43757K(66560K), 0.0018970 secs] [Times: user=0.02 sys=0.00, real=0.00 secs] 
26.181: [Full GC [PSYoungGen: 2400K->0K(20480K)] [ParOldGen: 41357K->9612K(46080K)] 43757K->9612K(66560K) [PSPermGen: 5494K->5494K(21504K)], 0.0067650 secs] [Times: user=0.02 sys=0.00, real=0.00 secs] 
26.188: Total time for which application threads were stopped: 0.0088610 seconds, Stopping threads took: 0.0000830 seconds
26.224: Application time: 0.0366310 seconds
26.225: [GC [PSYoungGen: 17530K->2320K(20480K)] 27143K->15004K(66560K), 0.0015690 secs] [Times: user=0.01 sys=0.00, real=0.00 secs] 
26.226: Total time for which application threads were stopped: 0.0017340 seconds, Stopping threads took: 0.0000870 seconds
26.254: Application time: 0.0279570 seconds
26.254: [GC [PSYoungGen: 20238K->2400K(20480K)] 32923K->20204K(66560K), 0.0021010 secs] [Times: user=0.02 sys=0.00, real=0.00 secs] 
26.256: Total time for which application threads were stopped: 0.0022500 seconds, Stopping threads took: 0.0000730 seconds
26.294: Application time: 0.0378670 seconds
26.299: [GC [PSYoungGen: 19656K->2416K(20480K)] 37461K->23292K(66560K), 0.0015640 secs] [Times: user=0.01 sys=0.00, real=0.00 secs] 
26.300: Total time for which application threads were stopped: 0.0058230 seconds, Stopping threads took: 0.0041910 seconds
26.328: Application time: 0.0275560 seconds
26.328: [GC [PSYoungGen: 20204K->2400K(20480K)] 41081K->28396K(66560K), 0.0020450 secs] [Times: user=0.02 sys=0.00, real=0.00 secs] 
26.330: Total time for which application threads were stopped: 0.0021890 seconds, Stopping threads took: 0.0000700 seconds
26.369: Application time: 0.0388370 seconds
26.369: [GC [PSYoungGen: 19622K->2416K(20480K)] 45619K->31485K(66560K), 0.0014100 secs] [Times: user=0.01 sys=0.00, real=0.00 secs] 
26.370: Total time for which application threads were stopped: 0.0015720 seconds, Stopping threads took: 0.0000960 seconds
26.398: Application time: 0.0274220 seconds
26.398: [GC [PSYoungGen: 20258K->2400K(20480K)] 49327K->36589K(66560K), 0.0020960 secs] [Times: user=0.01 sys=0.00, real=0.01 secs] 
26.400: Total time for which application threads were stopped: 0.0022410 seconds, Stopping threads took: 0.0000740 seconds
26.434: Application time: 0.0342620 seconds
26.434: [GC [PSYoungGen: 20320K->2336K(20480K)] 54509K->40621K(66560K), 0.0019080 secs] [Times: user=0.01 sys=0.00, real=0.00 secs] 
26.436: Total time for which application threads were stopped: 0.0020560 seconds, Stopping threads took: 0.0000760 seconds
26.469: Application time: 0.0323240 seconds
26.469: [GC [PSYoungGen: 19476K->2432K(20480K)] 57761K->44813K(66560K), 0.0017610 secs] [Times: user=0.01 sys=0.00, real=0.01 secs] 
26.471: [Full GC [PSYoungGen: 2432K->0K(20480K)] [ParOldGen: 42381K->9618K(46080K)] 44813K->9618K(66560K) [PSPermGen: 5494K->5494K(21504K)], 0.0065740 secs] [Times: user=0.03 sys=0.00, real=0.00 secs] 
26.477: Total time for which application threads were stopped: 0.0085320 seconds, Stopping threads took: 0.0000810 seconds
26.511: Application time: 0.0343500 seconds
26.512: [GC [PSYoungGen: 17898K->2272K(20480K)] 27517K->14962K(66560K), 0.0014640 secs] [Times: user=0.01 sys=0.00, real=0.00 secs] 
26.513: Total time for which application threads were stopped: 0.0016750 seconds, Stopping threads took: 0.0001370 seconds
26.545: Application time: 0.0317780 seconds
26.545: [GC [PSYoungGen: 19413K->2304K(20480K)] 32104K->18066K(66560K), 0.0013800 secs] [Times: user=0.01 sys=0.01, real=0.00 secs] 
26.546: Total time for which application threads were stopped: 0.0015190 seconds, Stopping threads took: 0.0000670 seconds
26.582: Application time: 0.0352190 seconds
26.582: [GC [PSYoungGen: 20180K->2272K(20480K)] 35943K->20082K(66560K), 0.0012410 secs] [Times: user=0.01 sys=0.00, real=0.00 secs] 
26.583: Total time for which application threads were stopped: 0.0013860 seconds, Stopping threads took: 0.0000790 seconds
26.610: Application time: 0.0265420 seconds
26.610: [GC [PSYoungGen: 19260K->2288K(20480K)] 37070K->24194K(66560K), 0.0017200 secs] [Times: user=0.01 sys=0.00, real=0.01 secs] 
26.612: Total time for which application threads were stopped: 0.0018660 seconds, Stopping threads took: 0.0000780 seconds
26.651: Application time: 0.0391660 seconds
26.651: [GC [PSYoungGen: 19275K->2304K(20480K)] 41182K->26258K(66560K), 0.0011550 secs] [Times: user=0.00 sys=0.00, real=0.00 secs] 
26.652: Total time for which application threads were stopped: 0.0012850 seconds, Stopping threads took: 0.0000670 seconds
26.679: Application time: 0.0269300 seconds
26.679: [GC [PSYoungGen: 19303K->2256K(20480K)] 43258K->29282K(66560K), 0.0014340 secs] [Times: user=0.01 sys=0.00, real=0.00 secs] 
26.680: Total time for which application threads were stopped: 0.0015680 seconds, Stopping threads took: 0.0000680 seconds
26.714: Application time: 0.0338210 seconds
26.714: [GC [PSYoungGen: 19851K->2240K(20480K)] 46878K->31314K(66560K), 0.0011610 secs] [Times: user=0.01 sys=0.00, real=0.00 secs] 
26.716: Total time for which application threads were stopped: 0.0012940 seconds, Stopping threads took: 0.0000720 seconds
26.749: Application time: 0.0332810 seconds
26.749: [GC [PSYoungGen: 19716K->2304K(20480K)] 48791K->33426K(66560K), 0.0011960 secs] [Times: user=0.00 sys=0.00, real=0.00 secs] 
26.750: Total time for which application threads were stopped: 0.0013530 seconds, Stopping threads took: 0.0000850 seconds
26.784: Application time: 0.0334250 seconds
26.784: [GC [PSYoungGen: 19828K->2304K(20480K)] 50951K->34450K(66560K), 0.0008980 secs] [Times: user=0.01 sys=0.00, real=0.00 secs] 
26.785: Total time for which application threads were stopped: 0.0010220 seconds, Stopping threads took: 0.0000610 seconds
26.815: Application time: 0.0307620 seconds
26.816: [GC [PSYoungGen: 19685K->2304K(20480K)] 51831K->37522K(66560K), 0.0014620 secs] [Times: user=0.01 sys=0.00, real=0.00 secs] 
26.817: Total time for which application threads were stopped: 0.0016020 seconds, Stopping threads took: 0.0000720 seconds
26.848: Application time: 0.0306980 seconds
26.848: [GC [PSYoungGen: 19873K->2336K(20480K)] 55091K->40627K(66560K), 0.0015770 secs] [Times: user=0.01 sys=0.00, real=0.00 secs] 
26.849: Total time for which application threads were stopped: 0.0017040 seconds, Stopping threads took: 0.0000600 seconds
26.885: Application time: 0.0350740 seconds
26.885: [GC [PSYoungGen: 20237K->2400K(20480K)] 58528K->43763K(66560K), 0.0015270 secs] [Times: user=0.00 sys=0.00, real=0.00 secs] 
26.886: [Full GC [PSYoungGen: 2400K->0K(20480K)] [ParOldGen: 41363K->8604K(46080K)] 43763K->8604K(66560K) [PSPermGen: 5494K->5494K(21504K)], 0.0065340 secs] [Times: user=0.02 sys=0.00, real=0.01 secs] 
26.893: Total time for which application threads were stopped: 0.0082660 seconds, Stopping threads took: 0.0000810 seconds
26.924: Application time: 0.0307500 seconds
26.924: [GC [PSYoungGen: 17323K->2304K(20480K)] 25927K->12956K(66560K), 0.0011890 secs] [Times: user=0.01 sys=0.00, real=0.00 secs] 
26.925: Total time for which application threads were stopped: 0.0013240 seconds, Stopping threads took: 0.0000720 seconds
26.960: Application time: 0.0349640 seconds
26.960: [GC [PSYoungGen: 19357K->2368K(20480K)] 30009K->15068K(66560K), 0.0011790 secs] [Times: user=0.00 sys=0.00, real=0.00 secs] 
26.961: Total time for which application threads were stopped: 0.0012980 seconds, Stopping threads took: 0.0000540 seconds
26.987: Application time: 0.0258530 seconds
26.987: [GC [PSYoungGen: 19557K->2384K(20480K)] 32257K->19180K(66560K), 0.0016790 secs] [Times: user=0.01 sys=0.00, real=0.00 secs] 
26.989: Total time for which application threads were stopped: 0.0018140 seconds, Stopping threads took: 0.0000670 seconds
27.025: Application time: 0.0365350 seconds
27.025: [GC [PSYoungGen: 19940K->2320K(20480K)] 36736K->22188K(66560K), 0.0015050 secs] [Times: user=0.01 sys=0.00, real=0.00 secs] 
27.027: Total time for which application threads were stopped: 0.0016430 seconds, Stopping threads took: 0.0000690 seconds
27.052: Application time: 0.0245790 seconds
27.052: [GC [PSYoungGen: 19723K->2352K(20480K)] 39592K->27340K(66560K), 0.0020810 secs] [Times: user=0.01 sys=0.00, real=0.00 secs] 
27.054: Total time for which application threads were stopped: 0.0022230 seconds, Stopping threads took: 0.0000740 seconds
27.094: Application time: 0.0397130 seconds
27.094: [GC [PSYoungGen: 19860K->2400K(20480K)] 44849K->29436K(66560K), 0.0012900 secs] [Times: user=0.01 sys=0.00, real=0.00 secs] 
27.095: Total time for which application threads were stopped: 0.0014360 seconds, Stopping threads took: 0.0000820 seconds
27.122: Application time: 0.0269780 seconds
27.122: [GC [PSYoungGen: 19957K->2336K(20480K)] 46994K->34492K(66560K), 0.0021340 secs] [Times: user=0.01 sys=0.00, real=0.00 secs] 
27.124: Total time for which application threads were stopped: 0.0022660 seconds, Stopping threads took: 0.0000610 seconds
27.163: Application time: 0.0389620 seconds
27.163: [GC [PSYoungGen: 19763K->2352K(20480K)] 51920K->36556K(66560K), 0.0012690 secs] [Times: user=0.00 sys=0.00, real=0.00 secs] 
27.165: Total time for which application threads were stopped: 0.0014030 seconds, Stopping threads took: 0.0000680 seconds
27.191: Application time: 0.0265650 seconds
27.191: [GC [PSYoungGen: 19973K->2368K(20480K)] 54178K->41692K(66560K), 0.0020390 secs] [Times: user=0.01 sys=0.00, real=0.00 secs] 
27.193: Total time for which application threads were stopped: 0.0021830 seconds, Stopping threads took: 0.0000750 seconds
27.234: Application time: 0.0405430 seconds
27.234: [GC [PSYoungGen: 19799K->2416K(20480K)] 59124K->43788K(66560K), 0.0012500 secs] [Times: user=0.01 sys=0.00, real=0.00 secs] 
27.235: [Full GC [PSYoungGen: 2416K->0K(20480K)] [ParOldGen: 41372K->7572K(46080K)] 43788K->7572K(66560K) [PSPermGen: 5494K->5494K(21504K)], 0.0063020 secs] [Times: user=0.03 sys=0.00, real=0.01 secs] 
27.242: Total time for which application threads were stopped: 0.0077450 seconds, Stopping threads took: 0.0000800 seconds
27.268: Application time: 0.0266550 seconds
27.268: [GC [PSYoungGen: 17629K->2304K(20480K)] 25201K->14996K(66560K), 0.0019680 secs] [Times: user=0.02 sys=0.00, real=0.00 secs] 
27.270: Total time for which application threads were stopped: 0.0021120 seconds, Stopping threads took: 0.0000620 seconds
27.310: Application time: 0.0400850 seconds
27.311: [GC [PSYoungGen: 19739K->2304K(20480K)] 32431K->17044K(66560K), 0.0012340 secs] [Times: user=0.00 sys=0.00, real=0.00 secs] 
27.312: Total time for which application threads were stopped: 0.0013640 seconds, Stopping threads took: 0.0000650 seconds
27.338: Application time: 0.0257460 seconds
27.338: [GC [PSYoungGen: 19905K->2304K(20480K)] 34645K->22164K(66560K), 0.0019630 secs] [Times: user=0.01 sys=0.00, real=0.01 secs] 
27.340: Total time for which application threads were stopped: 0.0020960 seconds, Stopping threads took: 0.0000620 seconds
27.378: Application time: 0.0385790 seconds
27.378: [GC [PSYoungGen: 19618K->2272K(20480K)] 39478K->25204K(66560K), 0.0014970 secs] [Times: user=0.01 sys=0.00, real=0.01 secs] 
27.380: Total time for which application threads were stopped: 0.0016290 seconds, Stopping threads took: 0.0000630 seconds
27.406: Application time: 0.0256390 seconds
27.406: [GC [PSYoungGen: 19951K->2304K(20480K)] 42883K->30356K(66560K), 0.0019890 secs] [Times: user=0.02 sys=0.00, real=0.00 secs] 
27.408: Total time for which application threads were stopped: 0.0021740 seconds, Stopping threads took: 0.0001150 seconds
27.448: Application time: 0.0405710 seconds
27.448: [GC [PSYoungGen: 19612K->2240K(20480K)] 47664K->32340K(66560K), 0.0012030 secs] [Times: user=0.01 sys=0.00, real=0.00 secs] 
27.450: Total time for which application threads were stopped: 0.0013390 seconds, Stopping threads took: 0.0000700 seconds
27.474: Application time: 0.0247140 seconds
27.474: [GC [PSYoungGen: 19971K->2272K(20480K)] 50071K->37492K(66560K), 0.0020510 secs] [Times: user=0.01 sys=0.00, real=0.00 secs] 
27.477: Total time for which application threads were stopped: 0.0021940 seconds, Stopping threads took: 0.0000730 seconds
27.515: Application time: 0.0388730 seconds
27.516: [GC [PSYoungGen: 19335K->2304K(20480K)] 54556K->38548K(66560K), 0.0009250 secs] [Times: user=0.00 sys=0.00, real=0.00 secs] 
27.516: Total time for which application threads were stopped: 0.0010590 seconds, Stopping threads took: 0.0000720 seconds
27.541: Application time: 0.0244460 seconds
27.541: [GC [PSYoungGen: 20224K->2304K(20480K)] 56468K->43668K(66560K), 0.0021110 secs] [Times: user=0.01 sys=0.00, real=0.00 secs] 
27.543: [Full GC [PSYoungGen: 2304K->0K(20480K)] [ParOldGen: 41364K->10656K(46080K)] 43668K->10656K(66560K) [PSPermGen: 5494K->5494K(21504K)], 0.0069460 secs] [Times: user=0.03 sys=0.00, real=0.00 secs] 
27.550: Total time for which application threads were stopped: 0.0092470 seconds, Stopping threads took: 0.0000700 seconds
27.588: Application time: 0.0373760 seconds
27.588: [GC [PSYoungGen: 16982K->2368K(20480K)] 27638K->15072K(66560K), 0.0012470 secs] [Times: user=0.01 sys=0.00, real=0.00 secs] 
27.589: Total time for which application threads were stopped: 0.0013760 seconds, Stopping threads took: 0.0000650 seconds
27.618: Application time: 0.0293760 seconds
27.618: [GC [PSYoungGen: 19876K->2368K(20480K)] 32580K->18144K(66560K), 0.0014660 secs] [Times: user=0.01 sys=0.01, real=0.01 secs] 
27.620: Total time for which application threads were stopped: 0.0016290 seconds, Stopping threads took: 0.0000970 seconds
27.655: Application time: 0.0351770 seconds
27.655: [GC [PSYoungGen: 19960K->2384K(20480K)] 35736K->19184K(66560K), 0.0009280 secs] [Times: user=0.00 sys=0.00, real=0.00 secs] 
27.656: Total time for which application threads were stopped: 0.0010580 seconds, Stopping threads took: 0.0000680 seconds
27.687: Application time: 0.0309740 seconds
27.687: [GC [PSYoungGen: 20253K->2480K(20480K)] 37053K->23376K(66560K), 0.0018810 secs] [Times: user=0.01 sys=0.00, real=0.00 secs] 
27.689: Total time for which application threads were stopped: 0.0020480 seconds, Stopping threads took: 0.0000960 seconds
27.723: Application time: 0.0341400 seconds
27.723: [GC [PSYoungGen: 19851K->2528K(20480K)] 40747K->25472K(66560K), 0.0011760 secs] [Times: user=0.01 sys=0.00, real=0.00 secs] 
27.725: Total time for which application threads were stopped: 0.0013090 seconds, Stopping threads took: 0.0000700 seconds
27.757: Application time: 0.0328160 seconds
27.758: [GC [PSYoungGen: 20200K->2528K(20480K)] 43144K->28552K(66560K), 0.0015160 secs] [Times: user=0.01 sys=0.00, real=0.01 secs] 
27.759: Total time for which application threads were stopped: 0.0016670 seconds, Stopping threads took: 0.0000850 seconds
27.790: Application time: 0.0304340 seconds
27.790: [GC [PSYoungGen: 19772K->2512K(20480K)] 45797K->32632K(66560K), 0.0017860 secs] [Times: user=0.01 sys=0.00, real=0.01 secs] 
27.792: Total time for which application threads were stopped: 0.0019380 seconds, Stopping threads took: 0.0000760 seconds
27.826: Application time: 0.0343500 seconds
27.826: [GC [PSYoungGen: 20207K->2496K(20480K)] 50328K->35688K(66560K), 0.0015610 secs] [Times: user=0.01 sys=0.00, real=0.00 secs] 
27.828: Total time for which application threads were stopped: 0.0017290 seconds, Stopping threads took: 0.0000980 seconds
27.858: Application time: 0.0305240 seconds
27.858: [GC [PSYoungGen: 19789K->2512K(20480K)] 52981K->39800K(66560K), 0.0017590 secs] [Times: user=0.01 sys=0.00, real=0.01 secs] 
27.860: Total time for which application threads were stopped: 0.0019030 seconds, Stopping threads took: 0.0000760 seconds
27.895: Application time: 0.0348020 seconds
27.895: [GC [PSYoungGen: 20195K->2544K(20480K)] 57483K->42904K(66560K), 0.0015560 secs] [Times: user=0.01 sys=0.00, real=0.00 secs] 
27.897: [Full GC [PSYoungGen: 2544K->0K(20480K)] [ParOldGen: 40360K->8626K(46080K)] 42904K->8626K(66560K) [PSPermGen: 5494K->5494K(21504K)], 0.0066310 secs] [Times: user=0.03 sys=0.00, real=0.01 secs] 
27.903: Total time for which application threads were stopped: 0.0083830 seconds, Stopping threads took: 0.0000780 seconds
27.929: Application time: 0.0254400 seconds
27.929: [GC [PSYoungGen: 17137K->2304K(20480K)] 25764K->15026K(66560K), 0.0017200 secs] [Times: user=0.01 sys=0.00, real=0.01 secs] 
27.931: Total time for which application threads were stopped: 0.0018660 seconds, Stopping threads took: 0.0000790 seconds
27.971: Application time: 0.0402490 seconds
27.971: [GC [PSYoungGen: 20208K->2304K(20480K)] 32931K->17074K(66560K), 0.0012470 secs] [Times: user=0.01 sys=0.00, real=0.00 secs] 
27.972: Total time for which application threads were stopped: 0.0014000 seconds, Stopping threads took: 0.0000870 seconds
27.997: Application time: 0.0248890 seconds
27.997: [GC [PSYoungGen: 19373K->2304K(20480K)] 34144K->21170K(66560K), 0.0016940 secs] [Times: user=0.01 sys=0.00, real=0.01 secs] 
27.999: Total time for which application threads were stopped: 0.0018330 seconds, Stopping threads took: 0.0000720 seconds
28.038: Application time: 0.0392630 seconds
28.038: [GC [PSYoungGen: 20088K->2304K(20480K)] 38954K->23218K(66560K), 0.0012210 secs] [Times: user=0.01 sys=0.00, real=0.01 secs] 
28.040: Total time for which application threads were stopped: 0.0013720 seconds, Stopping threads took: 0.0000800 seconds
28.065: Application time: 0.0256250 seconds
28.065: [GC [PSYoungGen: 19556K->2304K(20480K)] 40471K->27314K(66560K), 0.0017120 secs] [Times: user=0.01 sys=0.00, real=0.00 secs] 
28.067: Total time for which application threads were stopped: 0.0018590 seconds, Stopping threads took: 0.0000790 seconds
28.108: Application time: 0.0410000 seconds
28.108: [GC [PSYoungGen: 20081K->2272K(20480K)] 45092K->29330K(66560K), 0.0011370 secs] [Times: user=0.00 sys=0.00, real=0.00 secs] 
28.109: Total time for which application threads were stopped: 0.0012900 seconds, Stopping threads took: 0.0000860 seconds
28.134: Application time: 0.0251460 seconds
28.135: [GC [PSYoungGen: 19516K->2304K(20480K)] 46575K->34482K(66560K), 0.0019540 secs] [Times: user=0.02 sys=0.00, real=0.00 secs] 
28.137: Total time for which application threads were stopped: 0.0020850 seconds, Stopping threads took: 0.0000630 seconds
28.174: Application time: 0.0376920 seconds
28.174: [GC [PSYoungGen: 19817K->2304K(20480K)] 51996K->36531K(66560K), 0.0012210 secs] [Times: user=0.01 sys=0.00, real=0.00 secs] 
28.176: Total time for which application threads were stopped: 0.0013650 seconds, Stopping threads took: 0.0000770 seconds
28.203: Application time: 0.0275040 seconds
28.203: [GC [PSYoungGen: 19830K->2304K(20480K)] 54057K->41651K(66560K), 0.0019910 secs] [Times: user=0.02 sys=0.00, real=0.00 secs] 
28.205: Total time for which application threads were stopped: 0.0021210 seconds, Stopping threads took: 0.0000580 seconds
28.245: Application time: 0.0395990 seconds
28.245: [GC [PSYoungGen: 19847K->2272K(20480K)] 59194K->42643K(66560K), 0.0009680 secs] [Times: user=0.01 sys=0.00, real=0.00 secs] 
28.246: [Full GC [PSYoungGen: 2272K->0K(20480K)] [ParOldGen: 40371K->6588K(46080K)] 42643K->6588K(66560K) [PSPermGen: 5494K->5494K(21504K)], 0.0058570 secs] [Times: user=0.02 sys=0.00, real=0.01 secs] 
28.252: Total time for which application threads were stopped: 0.0070150 seconds, Stopping threads took: 0.0000790 seconds
28.278: Application time: 0.0258030 seconds
28.278: [GC [PSYoungGen: 17499K->2304K(20480K)] 24088K->14012K(66560K), 0.0019150 secs] [Times: user=0.01 sys=0.00, real=0.01 secs] 
28.280: Total time for which application threads were stopped: 0.0020510 seconds, Stopping threads took: 0.0000640 seconds
28.318: Application time: 0.0382450 seconds
28.323: [GC [PSYoungGen: 20105K->2368K(20480K)] 31814K->16124K(66560K), 0.0013200 secs] [Times: user=0.01 sys=0.00, real=0.00 secs] 
28.324: Total time for which application threads were stopped: 0.0059380 seconds, Stopping threads took: 0.0045480 seconds
28.349: Application time: 0.0250710 seconds
28.349: [GC [PSYoungGen: 20016K->2432K(20480K)] 33773K->21308K(66560K), 0.0021140 secs] [Times: user=0.01 sys=0.00, real=0.01 secs] 
28.351: Total time for which application threads were stopped: 0.0022800 seconds, Stopping threads took: 0.0000970 seconds
28.392: Application time: 0.0407610 seconds
28.392: [GC [PSYoungGen: 19898K->2464K(20480K)] 38775K->24412K(66560K), 0.0015250 secs] [Times: user=0.01 sys=0.00, real=0.00 secs] 
28.394: Total time for which application threads were stopped: 0.0016640 seconds, Stopping threads took: 0.0000740 seconds
28.418: Application time: 0.0247310 seconds
28.419: [GC [PSYoungGen: 19444K->2448K(20480K)] 41393K->29516K(66560K), 0.0021680 secs] [Times: user=0.01 sys=0.00, real=0.00 secs] 
28.421: Total time for which application threads were stopped: 0.0023070 seconds, Stopping threads took: 0.0000690 seconds
28.458: Application time: 0.0376110 seconds
28.458: [GC [PSYoungGen: 19461K->2464K(20480K)] 46530K->31580K(66560K), 0.0013200 secs] [Times: user=0.00 sys=0.01, real=0.00 secs] 
28.460: Total time for which application threads were stopped: 0.0014630 seconds, Stopping threads took: 0.0000720 seconds
28.485: Application time: 0.0256280 seconds
28.486: [GC [PSYoungGen: 20384K->2416K(20480K)] 49500K->37677K(66560K), 0.0023940 secs] [Times: user=0.02 sys=0.00, real=0.00 secs] 
28.488: Total time for which application threads were stopped: 0.0025550 seconds, Stopping threads took: 0.0000860 seconds
28.526: Application time: 0.0377230 seconds
28.526: [GC [PSYoungGen: 20336K->2528K(20480K)] 55597K->41885K(66560K), 0.0018710 secs] [Times: user=0.01 sys=0.00, real=0.00 secs] 
28.528: [Full GC [PSYoungGen: 2528K->0K(20480K)] [ParOldGen: 39357K->9648K(46080K)] 41885K->9648K(66560K) [PSPermGen: 5494K->5494K(21504K)], 0.0067210 secs] [Times: user=0.03 sys=0.00, real=0.01 secs] 
28.535: Total time for which application threads were stopped: 0.0087840 seconds, Stopping threads took: 0.0000760 seconds
28.563: Application time: 0.0285630 seconds
28.563: [GC [PSYoungGen: 17146K->2304K(20480K)] 26795K->17072K(66560K), 0.0020130 secs] [Times: user=0.01 sys=0.00, real=0.00 secs] 
28.565: Total time for which application threads were stopped: 0.0021470 seconds, Stopping threads took: 0.0000600 seconds
28.603: Application time: 0.0375350 seconds
28.603: [GC [PSYoungGen: 20184K->2304K(20480K)] 34953K->20144K(66560K), 0.0015290 secs] [Times: user=0.01 sys=0.00, real=0.00 secs] 
28.604: Total time for which application threads were stopped: 0.0016870 seconds, Stopping threads took: 0.0000890 seconds
28.632: Application time: 0.0280080 seconds
28.633: [GC [PSYoungGen: 19473K->2304K(20480K)] 37314K->24240K(66560K), 0.0017310 secs] [Times: user=0.01 sys=0.00, real=0.00 secs] 
28.634: Total time for which application threads were stopped: 0.0018810 seconds, Stopping threads took: 0.0000820 seconds
28.671: Application time: 0.0363050 seconds
28.671: [GC [PSYoungGen: 20038K->2304K(20480K)] 41975K->26289K(66560K), 0.0012800 secs] [Times: user=0.01 sys=0.00, real=0.00 secs] 
28.672: Total time for which application threads were stopped: 0.0014120 seconds, Stopping threads took: 0.0000580 seconds
28.701: Application time: 0.0294420 seconds
28.702: [GC [PSYoungGen: 19594K->2304K(20480K)] 43579K->30385K(66560K), 0.0018210 secs] [Times: user=0.02 sys=0.00, real=0.00 secs] 
28.703: Total time for which application threads were stopped: 0.0019630 seconds, Stopping threads took: 0.0000710 seconds
28.739: Application time: 0.0350700 seconds
28.739: [GC [PSYoungGen: 19893K->2272K(20480K)] 47975K->32401K(66560K), 0.0012380 secs] [Times: user=0.01 sys=0.00, real=0.00 secs] 
28.740: Total time for which application threads were stopped: 0.0013770 seconds, Stopping threads took: 0.0000760 seconds
28.771: Application time: 0.0315230 seconds
28.772: [GC [PSYoungGen: 19731K->2240K(20480K)] 49861K->36465K(66560K), 0.0018350 secs] [Times: user=0.01 sys=0.00, real=0.00 secs] 
28.773: Total time for which application threads were stopped: 0.0019880 seconds, Stopping threads took: 0.0000840 seconds
28.806: Application time: 0.0329760 seconds
28.807: [GC [PSYoungGen: 19647K->2240K(20480K)] 53872K->38513K(66560K), 0.0011630 secs] [Times: user=0.00 sys=0.00, real=0.00 secs] 
28.808: Total time for which application threads were stopped: 0.0013270 seconds, Stopping threads took: 0.0001000 seconds
28.842: Application time: 0.0338010 seconds
28.842: [GC [PSYoungGen: 19895K->2304K(20480K)] 56168K->42673K(66560K), 0.0017450 secs] [Times: user=0.01 sys=0.00, real=0.00 secs] 
28.843: [Full GC [PSYoungGen: 2304K->0K(20480K)] [ParOldGen: 40369K->9615K(46080K)] 42673K->9615K(66560K) [PSPermGen: 5494K->5494K(21504K)], 0.0067140 secs] [Times: user=0.03 sys=0.00, real=0.00 secs] 
28.850: Total time for which application threads were stopped: 0.0086770 seconds, Stopping threads took: 0.0000910 seconds
28.883: Application time: 0.0331070 seconds
28.883: [GC [PSYoungGen: 17319K->2320K(20480K)] 26934K->13983K(66560K), 0.0012100 secs] [Times: user=0.01 sys=0.00, real=0.00 secs] 
28.885: Total time for which application threads were stopped: 0.0013460 seconds, Stopping threads took: 0.0000740 seconds
28.918: Application time: 0.0333440 seconds
28.918: [GC [PSYoungGen: 20047K->2304K(20480K)] 31710K->17039K(66560K), 0.0014720 secs] [Times: user=0.01 sys=0.00, real=0.01 secs] 
28.920: Total time for which application threads were stopped: 0.0016040 seconds, Stopping threads took: 0.0000630 seconds
28.946: Application time: 0.0267300 seconds
28.946: [GC [PSYoungGen: 19348K->2304K(20480K)] 34083K->21135K(66560K), 0.0016810 secs] [Times: user=0.01 sys=0.00, real=0.00 secs] 
28.948: Total time for which application threads were stopped: 0.0018250 seconds, Stopping threads took: 0.0000710 seconds
28.986: Application time: 0.0379190 seconds
28.986: [GC [PSYoungGen: 20224K->2304K(20480K)] 39055K->25231K(66560K), 0.0017790 secs] [Times: user=0.01 sys=0.00, real=0.00 secs] 
28.988: Total time for which application threads were stopped: 0.0019200 seconds, Stopping threads took: 0.0000710 seconds
29.012: Application time: 0.0237450 seconds
29.012: [GC [PSYoungGen: 19375K->2320K(20480K)] 42302K->29343K(66560K), 0.0017550 secs] [Times: user=0.01 sys=0.00, real=0.00 secs] 
29.014: Total time for which application threads were stopped: 0.0019020 seconds, Stopping threads took: 0.0000790 seconds
29.055: Application time: 0.0412570 seconds
29.055: [GC [PSYoungGen: 19627K->2464K(20480K)] 46651K->31535K(66560K), 0.0012700 secs] [Times: user=0.01 sys=0.00, real=0.00 secs] 
29.056: Total time for which application threads were stopped: 0.0014090 seconds, Stopping threads took: 0.0000770 seconds
29.082: Application time: 0.0251770 seconds
29.082: [GC [PSYoungGen: 19487K->2416K(20480K)] 48558K->34559K(66560K), 0.0014360 secs] [Times: user=0.01 sys=0.00, real=0.00 secs] 
29.083: Total time for which application threads were stopped: 0.0016080 seconds, Stopping threads took: 0.0001060 seconds
29.118: Application time: 0.0348210 seconds
29.118: [GC [PSYoungGen: 20336K->2496K(20480K)] 52479K->37711K(66560K), 0.0016130 secs] [Times: user=0.01 sys=0.00, real=0.01 secs] 
29.120: Total time for which application threads were stopped: 0.0017620 seconds, Stopping threads took: 0.0000740 seconds
29.150: Application time: 0.0300490 seconds
29.150: [GC [PSYoungGen: 20035K->2480K(20480K)] 55251K->42815K(66560K), 0.0020000 secs] [Times: user=0.01 sys=0.00, real=0.01 secs] 
29.152: [Full GC [PSYoungGen: 2480K->0K(20480K)] [ParOldGen: 40335K->10637K(46080K)] 42815K->10637K(66560K) [PSPermGen: 5494K->5494K(21504K)], 0.0068590 secs] [Times: user=0.03 sys=0.00, real=0.01 secs] 
29.159: Total time for which application threads were stopped: 0.0090560 seconds, Stopping threads took: 0.0000760 seconds
29.198: Application time: 0.0392890 seconds
29.198: [GC [PSYoungGen: 17712K->2304K(20480K)] 28349K->14989K(66560K), 0.0011630 secs] [Times: user=0.01 sys=0.00, real=0.01 secs] 
29.199: Total time for which application threads were stopped: 0.0013060 seconds, Stopping threads took: 0.0000770 seconds
29.225: Application time: 0.0257960 seconds
29.225: [GC [PSYoungGen: 19651K->2304K(20480K)] 32336K->20109K(66560K), 0.0019400 secs] [Times: user=0.01 sys=0.00, real=0.00 secs] 
29.227: Total time for which application threads were stopped: 0.0020920 seconds, Stopping threads took: 0.0000790 seconds
29.265: Application time: 0.0376810 seconds
29.265: [GC [PSYoungGen: 19781K->2240K(20480K)] 37586K->22093K(66560K), 0.0012170 secs] [Times: user=0.00 sys=0.00, real=0.00 secs] 
29.266: Total time for which application threads were stopped: 0.0013460 seconds, Stopping threads took: 0.0000620 seconds
29.294: Application time: 0.0275170 seconds
29.294: [GC [PSYoungGen: 19778K->2304K(20480K)] 39632K->27277K(66560K), 0.0019310 secs] [Times: user=0.02 sys=0.00, real=0.00 secs] 
29.296: Total time for which application threads were stopped: 0.0020810 seconds, Stopping threads took: 0.0000800 seconds
29.334: Application time: 0.0383000 seconds
29.334: [GC [PSYoungGen: 19748K->2304K(20480K)] 44721K->31373K(66560K), 0.0018110 secs] [Times: user=0.01 sys=0.01, real=0.00 secs] 
29.336: Total time for which application threads were stopped: 0.0019500 seconds, Stopping threads took: 0.0000670 seconds
29.362: Application time: 0.0256540 seconds
29.362: [GC [PSYoungGen: 19897K->2304K(20480K)] 48966K->36493K(66560K), 0.0020480 secs] [Times: user=0.01 sys=0.00, real=0.00 secs] 
29.364: Total time for which application threads were stopped: 0.0022010 seconds, Stopping threads took: 0.0000730 seconds
29.405: Application time: 0.0411300 seconds
29.405: [GC [PSYoungGen: 19778K->2272K(20480K)] 53968K->40557K(66560K), 0.0017680 secs] [Times: user=0.01 sys=0.00, real=0.00 secs] 
29.407: Total time for which application threads were stopped: 0.0019060 seconds, Stopping threads took: 0.0000680 seconds
29.431: Application time: 0.0238550 seconds
29.431: [GC [PSYoungGen: 19812K->2240K(20480K)] 58098K->45645K(66560K), 0.0020220 secs] [Times: user=0.01 sys=0.00, real=0.00 secs] 
29.433: [Full GC [PSYoungGen: 2240K->0K(20480K)] [ParOldGen: 43405K->10637K(46080K)] 45645K->10637K(66560K) [PSPermGen: 5494K->5494K(21504K)], 0.0066750 secs] [Times: user=0.03 sys=0.00, real=0.01 secs] 
29.440: Total time for which application threads were stopped: 0.0089310 seconds, Stopping threads took: 0.0001200 seconds
29.482: Application time: 0.0416460 seconds
29.482: [GC [PSYoungGen: 17438K->2304K(20480K)] 28075K->16013K(66560K), 0.0014530 secs] [Times: user=0.00 sys=0.00, real=0.00 secs] 
29.483: Total time for which application threads were stopped: 0.0016010 seconds, Stopping threads took: 0.0000780 seconds
29.508: Application time: 0.0251690 seconds
29.508: [GC [PSYoungGen: 19928K->2304K(20480K)] 33638K->21133K(66560K), 0.0019420 secs] [Times: user=0.01 sys=0.00, real=0.00 secs] 
29.510: Total time for which application threads were stopped: 0.0020830 seconds, Stopping threads took: 0.0000680 seconds
29.553: Application time: 0.0428690 seconds
29.553: [GC [PSYoungGen: 19860K->2272K(20480K)] 38689K->23149K(66560K), 0.0011640 secs] [Times: user=0.00 sys=0.00, real=0.00 secs] 
29.555: Total time for which application threads were stopped: 0.0012970 seconds, Stopping threads took: 0.0000700 seconds
29.576: Application time: 0.0215890 seconds
29.576: [GC [PSYoungGen: 19755K->2304K(20480K)] 40633K->28301K(66560K), 0.0020420 secs] [Times: user=0.01 sys=0.00, real=0.00 secs] 
29.578: Total time for which application threads were stopped: 0.0022130 seconds, Stopping threads took: 0.0001000 seconds
29.620: Application time: 0.0412480 seconds
29.620: [GC [PSYoungGen: 19477K->2304K(20480K)] 45475K->29325K(66560K), 0.0009460 secs] [Times: user=0.00 sys=0.00, real=0.00 secs] 
29.621: Total time for which application threads were stopped: 0.0010730 seconds, Stopping threads took: 0.0000630 seconds
29.646: Application time: 0.0255640 seconds
29.646: [GC [PSYoungGen: 20181K->2304K(20480K)] 47202K->34445K(66560K), 0.0020480 secs] [Times: user=0.01 sys=0.00, real=0.00 secs] 
29.648: Total time for which application threads were stopped: 0.0022070 seconds, Stopping threads took: 0.0000890 seconds
29.688: Application time: 0.0392380 seconds
29.688: [GC [PSYoungGen: 20210K->2272K(20480K)] 52352K->35437K(66560K), 0.0009740 secs] [Times: user=0.01 sys=0.00, real=0.00 secs] 
29.689: Total time for which application threads were stopped: 0.0011070 seconds, Stopping threads took: 0.0000680 seconds
29.715: Application time: 0.0263710 seconds
29.715: [GC [PSYoungGen: 19395K->2304K(20480K)] 52561K->40589K(66560K), 0.0019470 secs] [Times: user=0.01 sys=0.00, real=0.00 secs] 
29.717: [Full GC [PSYoungGen: 2304K->0K(20480K)] [ParOldGen: 38285K->10756K(46080K)] 40589K->10756K(66560K) [PSPermGen: 5494K->5494K(21504K)], 0.0067370 secs] [Times: user=0.03 sys=0.00, real=0.01 secs] 
29.724: Total time for which application threads were stopped: 0.0088880 seconds, Stopping threads took: 0.0000850 seconds
29.761: Application time: 0.0369040 seconds
29.761: [GC [PSYoungGen: 17917K->2352K(20480K)] 28673K->14132K(66560K), 0.0009340 secs] [Times: user=0.00 sys=0.00, real=0.00 secs] 
29.762: Total time for which application threads were stopped: 0.0010620 seconds, Stopping threads took: 0.0000640 seconds
29.791: Application time: 0.0292950 seconds
29.791: [GC [PSYoungGen: 19923K->2432K(20480K)] 31704K->19332K(66560K), 0.0020550 secs] [Times: user=0.01 sys=0.00, real=0.00 secs] 
29.794: Total time for which application threads were stopped: 0.0022070 seconds, Stopping threads took: 0.0000780 seconds
29.827: Application time: 0.0332940 seconds
29.827: [GC [PSYoungGen: 19940K->2448K(20480K)] 36841K->22420K(66560K), 0.0015540 secs] [Times: user=0.01 sys=0.00, real=0.00 secs] 
29.829: Total time for which application threads were stopped: 0.0017400 seconds, Stopping threads took: 0.0001190 seconds
29.861: Application time: 0.0328230 seconds
29.862: [GC [PSYoungGen: 19406K->2528K(20480K)] 39379K->25572K(66560K), 0.0014860 secs] [Times: user=0.01 sys=0.00, real=0.00 secs] 
29.863: Total time for which application threads were stopped: 0.0016270 seconds, Stopping threads took: 0.0000720 seconds
29.897: Application time: 0.0340660 seconds
29.897: [GC [PSYoungGen: 19811K->2528K(20480K)] 42855K->27621K(66560K), 0.0012340 secs] [Times: user=0.01 sys=0.00, real=0.01 secs] 
29.899: Total time for which application threads were stopped: 0.0013820 seconds, Stopping threads took: 0.0000770 seconds
29.928: Application time: 0.0298730 seconds
29.929: [GC [PSYoungGen: 20188K->2544K(20480K)] 45281K->30709K(66560K), 0.0015420 secs] [Times: user=0.01 sys=0.00, real=0.00 secs] 
29.930: Total time for which application threads were stopped: 0.0016930 seconds, Stopping threads took: 0.0000850 seconds
29.957: Application time: 0.0264100 seconds
29.957: [GC [PSYoungGen: 19480K->2528K(20480K)] 47645K->34789K(66560K), 0.0017620 secs] [Times: user=0.01 sys=0.00, real=0.00 secs] 
29.958: Total time for which application threads were stopped: 0.0018960 seconds, Stopping threads took: 0.0000640 seconds
29.997: Application time: 0.0387340 seconds
29.997: [GC [PSYoungGen: 19539K->2512K(20480K)] 51800K->36821K(66560K), 0.0013540 secs] [Times: user=0.00 sys=0.01, real=0.01 secs] 
29.999: Total time for which application threads were stopped: 0.0015420 seconds, Stopping threads took: 0.0001210 seconds
30.025: Application time: 0.0259930 seconds
30.025: [GC [PSYoungGen: 19491K->2528K(20480K)] 53800K->38885K(66560K), 0.0012700 secs] [Times: user=0.01 sys=0.00, real=0.00 secs] 
30.026: Total time for which application threads were stopped: 0.0013930 seconds, Stopping threads took: 0.0000600 seconds
30.066: Application time: 0.0401110 seconds
30.066: [GC [PSYoungGen: 19557K->2528K(20480K)] 55915K->41957K(66560K), 0.0015670 secs] [Times: user=0.01 sys=0.00, real=0.00 secs] 
30.068: Total time for which application threads were stopped: 0.0016990 seconds, Stopping threads took: 0.0000640 seconds
30.091: Application time: 0.0230320 seconds
30.091: [GC [PSYoungGen: 19444K->2528K(20480K)] 58873K->47077K(66560K), 0.0020660 secs] [Times: user=0.02 sys=0.00, real=0.00 secs] 
30.093: [Full GC [PSYoungGen: 2528K->0K(20480K)] [ParOldGen: 44549K->10637K(46080K)] 47077K->10637K(66560K) [PSPermGen: 5494K->5494K(21504K)], 0.0069050 secs] [Times: user=0.03 sys=0.00, real=0.01 secs] 
30.100: Total time for which application threads were stopped: 0.0091540 seconds, Stopping threads took: 0.0000620 seconds
30.141: Application time: 0.0412010 seconds
30.141: [GC [PSYoungGen: 17863K->2304K(20480K)] 28500K->14989K(66560K), 0.0011940 secs] [Times: user=0.01 sys=0.00, real=0.00 secs] 
30.143: Total time for which application threads were stopped: 0.0013370 seconds, Stopping threads took: 0.0000750 seconds
30.168: Application time: 0.0251690 seconds
30.168: [GC [PSYoungGen: 19510K->2304K(20480K)] 32195K->19085K(66560K), 0.0016690 secs] [Times: user=0.01 sys=0.00, real=0.00 secs] 
30.170: Total time for which application threads were stopped: 0.0018090 seconds, Stopping threads took: 0.0000730 seconds
30.209: Application time: 0.0395790 seconds
30.209: [GC [PSYoungGen: 20045K->2304K(20480K)] 36826K->21133K(66560K), 0.0012490 secs] [Times: user=0.00 sys=0.00, real=0.01 secs] 
30.211: Total time for which application threads were stopped: 0.0013930 seconds, Stopping threads took: 0.0000750 seconds
30.236: Application time: 0.0256220 seconds
30.236: [GC [PSYoungGen: 19599K->2304K(20480K)] 38428K->26253K(66560K), 0.0019540 secs] [Times: user=0.02 sys=0.00, real=0.00 secs] 
30.238: Total time for which application threads were stopped: 0.0020940 seconds, Stopping threads took: 0.0000700 seconds
30.280: Application time: 0.0414430 seconds
30.280: [GC [PSYoungGen: 20056K->2320K(20480K)] 44006K->27293K(66560K), 0.0010330 secs] [Times: user=0.00 sys=0.00, real=0.00 secs] 
30.281: Total time for which application threads were stopped: 0.0011620 seconds, Stopping threads took: 0.0000620 seconds
30.305: Application time: 0.0242400 seconds
30.305: [GC [PSYoungGen: 19618K->2304K(20480K)] 44592K->31373K(66560K), 0.0016970 secs] [Times: user=0.01 sys=0.00, real=0.00 secs] 
30.307: Total time for which application threads were stopped: 0.0018290 seconds, Stopping threads took: 0.0000620 seconds
30.354: Application time: 0.0470170 seconds
30.354: [GC [PSYoungGen: 20224K->2272K(20480K)] 49293K->33389K(66560K), 0.0012800 secs] [Times: user=0.01 sys=0.00, real=0.00 secs] 
30.355: Total time for which application threads were stopped: 0.0013920 seconds, Stopping threads took: 0.0000490 seconds
30.379: Application time: 0.0237820 seconds
30.379: [GC [PSYoungGen: 19384K->2304K(20480K)] 50501K->38541K(66560K), 0.0019790 secs] [Times: user=0.02 sys=0.00, real=0.00 secs] 
30.381: Total time for which application threads were stopped: 0.0021160 seconds, Stopping threads took: 0.0000650 seconds
30.427: Application time: 0.0460690 seconds
30.428: [GC [PSYoungGen: 20037K->2272K(20480K)] 56274K->39533K(66560K), 0.0010480 secs] [Times: user=0.01 sys=0.00, real=0.00 secs] 
30.429: Total time for which application threads were stopped: 0.0012790 seconds, Stopping threads took: 0.0001640 seconds
30.452: Application time: 0.0231160 seconds
30.452: [GC [PSYoungGen: 19552K->2304K(20480K)] 56814K->44685K(66560K), 0.0019660 secs] [Times: user=0.02 sys=0.00, real=0.00 secs] 
30.454: [Full GC [PSYoungGen: 2304K->0K(20480K)] [ParOldGen: 42381K->10640K(46080K)] 44685K->10640K(66560K) [PSPermGen: 5494K->5494K(21504K)], 0.0068920 secs] [Times: user=0.03 sys=0.00, real=0.01 secs] 
30.461: Total time for which application threads were stopped: 0.0090410 seconds, Stopping threads took: 0.0000640 seconds
30.504: Application time: 0.0433460 seconds
30.504: [GC [PSYoungGen: 17124K->2384K(20480K)] 27765K->13024K(66560K), 0.0007440 secs] [Times: user=0.00 sys=0.00, real=0.00 secs] 
30.505: Total time for which application threads were stopped: 0.0008870 seconds, Stopping threads took: 0.0000810 seconds
30.527: Application time: 0.0215980 seconds
30.527: [GC [PSYoungGen: 19710K->2336K(20480K)] 30350K->18096K(66560K), 0.0020640 secs] [Times: user=0.01 sys=0.00, real=0.00 secs] 
30.529: Total time for which application threads were stopped: 0.0021950 seconds, Stopping threads took: 0.0000590 seconds
30.573: Application time: 0.0442880 seconds
30.573: [GC [PSYoungGen: 20249K->1472K(20480K)] 36010K->17233K(66560K), 0.0005990 secs] [Times: user=0.00 sys=0.00, real=0.00 secs] 
30.574: Total time for which application threads were stopped: 0.0007290 seconds, Stopping threads took: 0.0000700 seconds
30.596: Application time: 0.0226250 seconds
30.597: [GC [PSYoungGen: 19052K->2464K(20480K)] 34813K->23345K(66560K), 0.0019900 secs] [Times: user=0.01 sys=0.00, real=0.01 secs] 
30.599: Total time for which application threads were stopped: 0.0021320 seconds, Stopping threads took: 0.0000730 seconds
30.640: Application time: 0.0410280 seconds
30.640: [GC [PSYoungGen: 20384K->1408K(20480K)] 41265K->22289K(66560K), 0.0005730 secs] [Times: user=0.00 sys=0.00, real=0.00 secs] 
30.640: Total time for which application threads were stopped: 0.0007040 seconds, Stopping threads took: 0.0000700 seconds
30.663: Application time: 0.0228130 seconds
30.663: [GC [PSYoungGen: 18484K->2416K(20480K)] 39365K->28417K(66560K), 0.0020320 secs] [Times: user=0.01 sys=0.00, real=0.00 secs] 
30.665: Total time for which application threads were stopped: 0.0021670 seconds, Stopping threads took: 0.0000650 seconds
30.707: Application time: 0.0413570 seconds
30.707: [GC [PSYoungGen: 20062K->1424K(20480K)] 46063K->27425K(66560K), 0.0007050 secs] [Times: user=0.00 sys=0.00, real=0.00 secs] 
30.708: Total time for which application threads were stopped: 0.0008870 seconds, Stopping threads took: 0.0001120 seconds
30.731: Application time: 0.0230090 seconds
30.731: [GC [PSYoungGen: 18755K->2512K(20480K)] 44756K->33633K(66560K), 0.0020210 secs] [Times: user=0.02 sys=0.00, real=0.00 secs] 
30.733: Total time for which application threads were stopped: 0.0021800 seconds, Stopping threads took: 0.0000880 seconds
30.764: Application time: 0.0312390 seconds
30.764: [GC [PSYoungGen: 20432K->2432K(20480K)] 51553K->39697K(66560K), 0.0023620 secs] [Times: user=0.02 sys=0.00, real=0.00 secs] 
30.767: Total time for which application threads were stopped: 0.0025010 seconds, Stopping threads took: 0.0000650 seconds
30.803: Application time: 0.0365120 seconds
30.803: [GC [PSYoungGen: 19626K->2528K(20480K)] 56891K->44913K(66560K), 0.0020360 secs] [Times: user=0.01 sys=0.00, real=0.00 secs] 
30.805: [Full GC [PSYoungGen: 2528K->0K(20480K)] [ParOldGen: 42385K->10643K(46080K)] 44913K->10643K(66560K) [PSPermGen: 5494K->5494K(21504K)], 0.0069440 secs] [Times: user=0.03 sys=0.00, real=0.01 secs] 
30.812: Total time for which application threads were stopped: 0.0091630 seconds, Stopping threads took: 0.0000670 seconds
30.840: Application time: 0.0272990 seconds
30.840: [GC [PSYoungGen: 17853K->2304K(20480K)] 28497K->18067K(66560K), 0.0019550 secs] [Times: user=0.02 sys=0.00, real=0.00 secs] 
30.842: Total time for which application threads were stopped: 0.0021140 seconds, Stopping threads took: 0.0000930 seconds
30.878: Application time: 0.0361950 seconds
30.878: [GC [PSYoungGen: 19437K->2304K(20480K)] 35201K->23188K(66560K), 0.0020460 secs] [Times: user=0.01 sys=0.00, real=0.01 secs] 
30.880: Total time for which application threads were stopped: 0.0021920 seconds, Stopping threads took: 0.0000770 seconds
30.909: Application time: 0.0287110 seconds
30.909: [GC [PSYoungGen: 20208K->2304K(20480K)] 41092K->28308K(66560K), 0.0019760 secs] [Times: user=0.01 sys=0.00, real=0.01 secs] 
30.911: Total time for which application threads were stopped: 0.0021220 seconds, Stopping threads took: 0.0000770 seconds
30.947: Application time: 0.0361500 seconds
30.947: [GC [PSYoungGen: 19433K->2304K(20480K)] 45437K->33428K(66560K), 0.0020810 secs] [Times: user=0.01 sys=0.00, real=0.00 secs] 
30.949: Total time for which application threads were stopped: 0.0022400 seconds, Stopping threads took: 0.0000790 seconds
30.976: Application time: 0.0272210 seconds
30.977: [GC [PSYoungGen: 20200K->2304K(20480K)] 51324K->38548K(66560K), 0.0020750 secs] [Times: user=0.01 sys=0.00, real=0.01 secs] 
30.979: Total time for which application threads were stopped: 0.0022200 seconds, Stopping threads took: 0.0000700 seconds
31.019: Application time: 0.0398660 seconds
31.019: [GC [PSYoungGen: 19458K->2272K(20480K)] 55703K->42612K(66560K), 0.0018650 secs] [Times: user=0.01 sys=0.00, real=0.00 secs] 
31.021: [Full GC [PSYoungGen: 2272K->0K(20480K)] [ParOldGen: 40340K->9630K(46080K)] 42612K->9630K(66560K) [PSPermGen: 5494K->5494K(21504K)], 0.0067640 secs] [Times: user=0.03 sys=0.00, real=0.00 secs] 
31.027: Total time for which application threads were stopped: 0.0088370 seconds, Stopping threads took: 0.0000890 seconds
31.053: Application time: 0.0258930 seconds
31.053: [GC [PSYoungGen: 17892K->2272K(20480K)] 27522K->15998K(66560K), 0.0017600 secs] [Times: user=0.01 sys=0.00, real=0.00 secs] 
31.055: Total time for which application threads were stopped: 0.0018890 seconds, Stopping threads took: 0.0000660 seconds
31.097: Application time: 0.0413820 seconds
31.099: [GC [PSYoungGen: 19443K->2304K(20480K)] 33169K->20126K(66560K), 0.0017290 secs] [Times: user=0.01 sys=0.00, real=0.00 secs] 
31.100: Total time for which application threads were stopped: 0.0037280 seconds, Stopping threads took: 0.0019310 seconds
31.126: Application time: 0.0261720 seconds
31.127: [GC [PSYoungGen: 20199K->2304K(20480K)] 38021K->23198K(66560K), 0.0014110 secs] [Times: user=0.01 sys=0.00, real=0.00 secs] 
31.128: Total time for which application threads were stopped: 0.0015480 seconds, Stopping threads took: 0.0000700 seconds
31.169: Application time: 0.0404850 seconds
31.169: [GC [PSYoungGen: 19472K->2272K(20480K)] 40367K->27262K(66560K), 0.0017440 secs] [Times: user=0.01 sys=0.00, real=0.00 secs] 
31.170: Total time for which application threads were stopped: 0.0018800 seconds, Stopping threads took: 0.0000680 seconds
31.196: Application time: 0.0258090 seconds
31.196: [GC [PSYoungGen: 20146K->2304K(20480K)] 45137K->30366K(66560K), 0.0014120 secs] [Times: user=0.01 sys=0.00, real=0.00 secs] 
31.198: Total time for which application threads were stopped: 0.0015410 seconds, Stopping threads took: 0.0000650 seconds
31.238: Application time: 0.0405710 seconds
31.238: [GC [PSYoungGen: 19904K->2432K(20480K)] 47967K->34590K(66560K), 0.0017830 secs] [Times: user=0.01 sys=0.00, real=0.01 secs] 
31.240: Total time for which application threads were stopped: 0.0019320 seconds, Stopping threads took: 0.0000790 seconds
31.266: Application time: 0.0257500 seconds
31.266: [GC [PSYoungGen: 20297K->2368K(20480K)] 52456K->39647K(66560K), 0.0019680 secs] [Times: user=0.02 sys=0.00, real=0.00 secs] 
31.268: Total time for which application threads were stopped: 0.0021280 seconds, Stopping threads took: 0.0000860 seconds
31.309: Application time: 0.0407470 seconds
31.309: [GC [PSYoungGen: 19907K->2512K(20480K)] 57186K->43887K(66560K), 0.0017680 secs] [Times: user=0.01 sys=0.01, real=0.01 secs] 
31.311: [Full GC [PSYoungGen: 2512K->0K(20480K)] [ParOldGen: 41375K->9617K(46080K)] 43887K->9617K(66560K) [PSPermGen: 5494K->5494K(21504K)], 0.0069120 secs] [Times: user=0.03 sys=0.00, real=0.00 secs] 
31.318: Total time for which application threads were stopped: 0.0088770 seconds, Stopping threads took: 0.0000830 seconds
31.342: Application time: 0.0239020 seconds
31.342: [GC [PSYoungGen: 17920K->2304K(20480K)] 27537K->18065K(66560K), 0.0023160 secs] [Times: user=0.01 sys=0.00, real=0.00 secs] 
31.344: Total time for which application threads were stopped: 0.0024710 seconds, Stopping threads took: 0.0000780 seconds
31.384: Application time: 0.0401690 seconds
31.385: [GC [PSYoungGen: 19212K->2272K(20480K)] 34973K->21105K(66560K), 0.0014910 secs] [Times: user=0.01 sys=0.00, real=0.00 secs] 
31.386: Total time for which application threads were stopped: 0.0017640 seconds, Stopping threads took: 0.0002020 seconds
31.411: Application time: 0.0250390 seconds
31.411: [GC [PSYoungGen: 19395K->2304K(20480K)] 38228K->25233K(66560K), 0.0016980 secs] [Times: user=0.01 sys=0.00, real=0.00 secs] 
31.413: Total time for which application threads were stopped: 0.0018200 seconds, Stopping threads took: 0.0000580 seconds
31.455: Application time: 0.0416310 seconds
31.455: [GC [PSYoungGen: 20202K->2208K(20480K)] 43132K->27185K(66560K), 0.0012470 secs] [Times: user=0.01 sys=0.00, real=0.00 secs] 
31.456: Total time for which application threads were stopped: 0.0014760 seconds, Stopping threads took: 0.0001520 seconds
31.477: Application time: 0.0207750 seconds
31.477: [GC [PSYoungGen: 19314K->2304K(20480K)] 44292K->32401K(66560K), 0.0020700 secs] [Times: user=0.01 sys=0.00, real=0.01 secs] 
31.479: Total time for which application threads were stopped: 0.0022240 seconds, Stopping threads took: 0.0000870 seconds
31.524: Application time: 0.0450190 seconds
31.524: [GC [PSYoungGen: 20224K->2256K(20480K)] 50321K->34401K(66560K), 0.0012590 secs] [Times: user=0.01 sys=0.00, real=0.00 secs] 
31.525: Total time for which application threads were stopped: 0.0013880 seconds, Stopping threads took: 0.0000660 seconds
31.547: Application time: 0.0212170 seconds
31.547: [GC [PSYoungGen: 19399K->2304K(20480K)] 51544K->39569K(66560K), 0.0019980 secs] [Times: user=0.02 sys=0.00, real=0.00 secs] 
31.549: Total time for which application threads were stopped: 0.0021630 seconds, Stopping threads took: 0.0000950 seconds
31.595: Application time: 0.0461230 seconds
31.595: [GC [PSYoungGen: 20224K->2304K(20480K)] 57489K->40593K(66560K), 0.0009790 secs] [Times: user=0.00 sys=0.00, real=0.00 secs] 
31.596: Total time for which application threads were stopped: 0.0011150 seconds, Stopping threads took: 0.0000710 seconds
31.617: Application time: 0.0209680 seconds
31.617: [GC [PSYoungGen: 19439K->2272K(20480K)] 57729K->45681K(66560K), 0.0019410 secs] [Times: user=0.01 sys=0.00, real=0.01 secs] 
31.619: [Full GC [PSYoungGen: 2272K->0K(20480K)] [ParOldGen: 43409K->10639K(46080K)] 45681K->10639K(66560K) [PSPermGen: 5494K->5494K(21504K)], 0.0071610 secs] [Times: user=0.04 sys=0.00, real=0.00 secs] 
31.626: Total time for which application threads were stopped: 0.0092940 seconds, Stopping threads took: 0.0000760 seconds
31.672: Application time: 0.0453260 seconds
31.672: [GC [PSYoungGen: 17798K->2272K(20480K)] 28437K->12911K(66560K), 0.0007940 secs] [Times: user=0.00 sys=0.00, real=0.00 secs] 
31.673: Total time for which application threads were stopped: 0.0009230 seconds, Stopping threads took: 0.0000680 seconds
31.693: Application time: 0.0204850 seconds
31.693: [GC [PSYoungGen: 19521K->2304K(20480K)] 30160K->18063K(66560K), 0.0019590 secs] [Times: user=0.01 sys=0.00, real=0.00 secs] 
31.695: Total time for which application threads were stopped: 0.0021050 seconds, Stopping threads took: 0.0000760 seconds
31.739: Application time: 0.0442030 seconds
31.740: [GC [PSYoungGen: 19709K->1280K(20480K)] 35468K->17039K(66560K), 0.0005320 secs] [Times: user=0.00 sys=0.00, real=0.00 secs] 
31.740: Total time for which application threads were stopped: 0.0006610 seconds, Stopping threads took: 0.0000680 seconds
31.760: Application time: 0.0202850 seconds
31.760: [GC [PSYoungGen: 18885K->2304K(20480K)] 34644K->23183K(66560K), 0.0019500 secs] [Times: user=0.02 sys=0.00, real=0.00 secs] 
31.762: Total time for which application threads were stopped: 0.0020970 seconds, Stopping threads took: 0.0000700 seconds
31.806: Application time: 0.0432220 seconds
31.806: [GC [PSYoungGen: 20224K->1280K(20480K)] 41103K->22159K(66560K), 0.0005510 secs] [Times: user=0.00 sys=0.00, real=0.00 secs] 
31.806: Total time for which application threads were stopped: 0.0006680 seconds, Stopping threads took: 0.0000560 seconds
31.827: Application time: 0.0204470 seconds
31.827: [GC [PSYoungGen: 18349K->2272K(20480K)] 39228K->28271K(66560K), 0.0021380 secs] [Times: user=0.02 sys=0.00, real=0.00 secs] 
31.829: Total time for which application threads were stopped: 0.0022800 seconds, Stopping threads took: 0.0000720 seconds
31.873: Application time: 0.0443380 seconds
31.874: [GC [PSYoungGen: 20006K->1248K(20480K)] 46006K->27247K(66560K), 0.0005000 secs] [Times: user=0.00 sys=0.00, real=0.00 secs] 
31.874: Total time for which application threads were stopped: 0.0006090 seconds, Stopping threads took: 0.0000480 seconds
31.896: Application time: 0.0221180 seconds
31.896: [GC [PSYoungGen: 18582K->2304K(20480K)] 44581K->33423K(66560K), 0.0020090 secs] [Times: user=0.02 sys=0.00, real=0.00 secs] 
31.898: Total time for which application threads were stopped: 0.0021640 seconds, Stopping threads took: 0.0000840 seconds
31.929: Application time: 0.0302640 seconds
31.929: [GC [PSYoungGen: 20215K->2272K(20480K)] 51334K->38511K(66560K), 0.0020340 secs] [Times: user=0.01 sys=0.00, real=0.01 secs] 
31.931: Total time for which application threads were stopped: 0.0021720 seconds, Stopping threads took: 0.0000700 seconds
31.967: Application time: 0.0365270 seconds
31.967: [GC [PSYoungGen: 19859K->2400K(20480K)] 56099K->43759K(66560K), 0.0021670 secs] [Times: user=0.01 sys=0.00, real=0.00 secs] 
31.970: [Full GC [PSYoungGen: 2400K->0K(20480K)] [ParOldGen: 41359K->10869K(46080K)] 43759K->10869K(66560K) [PSPermGen: 5495K->5495K(21504K)], 0.0066080 secs] [Times: user=0.04 sys=0.00, real=0.01 secs] 
31.976: Total time for which application threads were stopped: 0.0089780 seconds, Stopping threads took: 0.0000770 seconds
32.003: Application time: 0.0267110 seconds
32.003: [GC [PSYoungGen: 17874K->2304K(20480K)] 28744K->18293K(66560K), 0.0020250 secs] [Times: user=0.01 sys=0.00, real=0.00 secs] 
32.005: Total time for which application threads were stopped: 0.0021780 seconds, Stopping threads took: 0.0000820 seconds
32.045: Application time: 0.0402860 seconds
32.046: [GC [PSYoungGen: 19924K->2400K(20480K)] 35914K->22485K(66560K), 0.0017980 secs] [Times: user=0.01 sys=0.00, real=0.00 secs] 
32.047: Total time for which application threads were stopped: 0.0019290 seconds, Stopping threads took: 0.0000620 seconds
32.074: Application time: 0.0266110 seconds
32.074: [GC [PSYoungGen: 20270K->2400K(20480K)] 40356K->26581K(66560K), 0.0018410 secs] [Times: user=0.01 sys=0.00, real=0.00 secs] 
32.076: Total time for which application threads were stopped: 0.0019930 seconds, Stopping threads took: 0.0000830 seconds
32.116: Application time: 0.0397870 seconds
32.116: [GC [PSYoungGen: 19587K->2400K(20480K)] 43769K->31701K(66560K), 0.0020380 secs] [Times: user=0.01 sys=0.00, real=0.00 secs] 
32.118: Total time for which application threads were stopped: 0.0021770 seconds, Stopping threads took: 0.0000690 seconds
32.145: Application time: 0.0272220 seconds
32.145: [GC [PSYoungGen: 20273K->2400K(20480K)] 49575K->34774K(66560K), 0.0015720 secs] [Times: user=0.01 sys=0.00, real=0.00 secs] 
32.147: Total time for which application threads were stopped: 0.0017180 seconds, Stopping threads took: 0.0000800 seconds
32.184: Application time: 0.0375350 seconds
32.185: [GC [PSYoungGen: 19520K->2336K(20480K)] 51893K->39830K(66560K), 0.0020830 secs] [Times: user=0.02 sys=0.00, real=0.00 secs] 
32.187: Total time for which application threads were stopped: 0.0022250 seconds, Stopping threads took: 0.0000720 seconds
32.215: Application time: 0.0282830 seconds
32.215: [GC [PSYoungGen: 20248K->2400K(20480K)] 57742K->43990K(66560K), 0.0017610 secs] [Times: user=0.02 sys=0.00, real=0.00 secs] 
32.217: [Full GC [PSYoungGen: 2400K->0K(20480K)] [ParOldGen: 41590K->9618K(46080K)] 43990K->9618K(66560K) [PSPermGen: 5495K->5495K(21504K)], 0.0067060 secs] [Times: user=0.02 sys=0.00, real=0.01 secs] 
32.224: Total time for which application threads were stopped: 0.0086640 seconds, Stopping threads took: 0.0000700 seconds
32.262: Application time: 0.0384380 seconds
32.262: [GC [PSYoungGen: 17138K->2304K(20480K)] 26756K->17042K(66560K), 0.0020150 secs] [Times: user=0.02 sys=0.00, real=0.00 secs] 
32.264: Total time for which application threads were stopped: 0.0021600 seconds, Stopping threads took: 0.0000750 seconds
32.292: Application time: 0.0277830 seconds
32.292: [GC [PSYoungGen: 20222K->2304K(20480K)] 34960K->21138K(66560K), 0.0016470 secs] [Times: user=0.01 sys=0.00, real=0.00 secs] 
32.294: Total time for which application threads were stopped: 0.0017750 seconds, Stopping threads took: 0.0000590 seconds
32.333: Application time: 0.0391770 seconds
32.333: [GC [PSYoungGen: 19452K->2304K(20480K)] 38287K->25234K(66560K), 0.0016830 secs] [Times: user=0.02 sys=0.00, real=0.00 secs] 
32.335: Total time for which application threads were stopped: 0.0018330 seconds, Stopping threads took: 0.0000810 seconds
32.361: Application time: 0.0262390 seconds
32.361: [GC [PSYoungGen: 20179K->2304K(20480K)] 43109K->30354K(66560K), 0.0018750 secs] [Times: user=0.01 sys=0.00, real=0.00 secs] 
32.363: Total time for which application threads were stopped: 0.0020290 seconds, Stopping threads took: 0.0000850 seconds
32.401: Application time: 0.0380690 seconds
32.403: [GC [PSYoungGen: 19383K->2304K(20480K)] 47433K->34450K(66560K), 0.0017720 secs] [Times: user=0.02 sys=0.00, real=0.00 secs] 
32.404: Total time for which application threads were stopped: 0.0032080 seconds, Stopping threads took: 0.0013650 seconds
32.428: Application time: 0.0232580 seconds
32.428: [GC [PSYoungGen: 20192K->2304K(20480K)] 52339K->39570K(66560K), 0.0019330 secs] [Times: user=0.02 sys=0.00, real=0.00 secs] 
32.430: Total time for which application threads were stopped: 0.0020830 seconds, Stopping threads took: 0.0000810 seconds
32.473: Application time: 0.0433800 seconds
32.473: [GC [PSYoungGen: 19467K->2304K(20480K)] 56734K->42642K(66560K), 0.0015280 secs] [Times: user=0.01 sys=0.00, real=0.00 secs] 
32.475: [Full GC [PSYoungGen: 2304K->0K(20480K)] [ParOldGen: 40338K->8847K(46080K)] 42642K->8847K(66560K) [PSPermGen: 5495K->5495K(21504K)], 0.0061480 secs] [Times: user=0.03 sys=0.00, real=0.01 secs] 
32.481: Total time for which application threads were stopped: 0.0078660 seconds, Stopping threads took: 0.0000700 seconds
32.501: Application time: 0.0205140 seconds
32.502: [GC [PSYoungGen: 17885K->2304K(20480K)] 26733K->16271K(66560K), 0.0020920 secs] [Times: user=0.01 sys=0.00, real=0.00 secs] 
32.504: Total time for which application threads were stopped: 0.0022840 seconds, Stopping threads took: 0.0001180 seconds
32.548: Application time: 0.0444840 seconds
32.548: [GC [PSYoungGen: 19308K->2304K(20480K)] 33276K->18319K(66560K), 0.0012100 secs] [Times: user=0.00 sys=0.00, real=0.00 secs] 
32.550: Total time for which application threads were stopped: 0.0013390 seconds, Stopping threads took: 0.0000640 seconds
32.571: Application time: 0.0213490 seconds
32.571: [GC [PSYoungGen: 19331K->2304K(20480K)] 35347K->23440K(66560K), 0.0019760 secs] [Times: user=0.02 sys=0.00, real=0.00 secs] 
32.573: Total time for which application threads were stopped: 0.0021110 seconds, Stopping threads took: 0.0000650 seconds
32.617: Application time: 0.0444460 seconds
32.618: [GC [PSYoungGen: 20224K->2288K(20480K)] 41360K->24448K(66560K), 0.0009740 secs] [Times: user=0.01 sys=0.00, real=0.01 secs] 
32.619: Total time for which application threads were stopped: 0.0010970 seconds, Stopping threads took: 0.0000580 seconds
32.641: Application time: 0.0224320 seconds
32.641: [GC [PSYoungGen: 19429K->2304K(20480K)] 41589K->28560K(66560K), 0.0017120 secs] [Times: user=0.01 sys=0.00, real=0.00 secs] 
32.643: Total time for which application threads were stopped: 0.0018660 seconds, Stopping threads took: 0.0000840 seconds
32.684: Application time: 0.0415980 seconds
32.685: [GC [PSYoungGen: 20209K->2336K(20480K)] 46465K->28592K(66560K), 0.0008260 secs] [Times: user=0.00 sys=0.00, real=0.00 secs] 
32.686: Total time for which application threads were stopped: 0.0010530 seconds, Stopping threads took: 0.0001510 seconds
32.710: Application time: 0.0243020 seconds
32.710: [GC [PSYoungGen: 19898K->2432K(20480K)] 46154K->32784K(66560K), 0.0018750 secs] [Times: user=0.01 sys=0.00, real=0.01 secs] 
32.712: Total time for which application threads were stopped: 0.0020010 seconds, Stopping threads took: 0.0000570 seconds
32.754: Application time: 0.0425040 seconds
32.759: [GC [PSYoungGen: 20238K->1472K(20480K)] 50590K->31824K(66560K), 0.0006610 secs] [Times: user=0.01 sys=0.00, real=0.00 secs] 
32.759: Total time for which application threads were stopped: 0.0048720 seconds, Stopping threads took: 0.0041470 seconds
32.783: Application time: 0.0233360 seconds
32.783: [GC [PSYoungGen: 19114K->2528K(20480K)] 49466K->38000K(66560K), 0.0020880 secs] [Times: user=0.02 sys=0.00, real=0.00 secs] 
32.785: Total time for which application threads were stopped: 0.0022480 seconds, Stopping threads took: 0.0000860 seconds
32.826: Application time: 0.0414250 seconds
32.831: [GC [PSYoungGen: 19644K->2480K(20480K)] 55117K->37952K(66560K), 0.0008740 secs] [Times: user=0.00 sys=0.00, real=0.00 secs] 
32.831: Total time for which application threads were stopped: 0.0052170 seconds, Stopping threads took: 0.0042780 seconds
32.855: Application time: 0.0236190 seconds
32.855: [GC [PSYoungGen: 20400K->2432K(20480K)] 55872K->44048K(66560K), 0.0023960 secs] [Times: user=0.02 sys=0.00, real=0.00 secs] 
32.858: [Full GC [PSYoungGen: 2432K->0K(20480K)] [ParOldGen: 41616K->11666K(46080K)] 44048K->11666K(66560K) [PSPermGen: 5495K->5495K(21504K)], 0.0069590 secs] [Times: user=0.03 sys=0.00, real=0.01 secs] 
32.865: Total time for which application threads were stopped: 0.0095670 seconds, Stopping threads took: 0.0000910 seconds
32.906: Application time: 0.0415960 seconds
32.906: [GC [PSYoungGen: 17920K->2304K(20480K)] 29586K->16018K(66560K), 0.0011200 secs] [Times: user=0.01 sys=0.00, real=0.00 secs] 
32.908: Total time for which application threads were stopped: 0.0012690 seconds, Stopping threads took: 0.0000830 seconds
32.933: Application time: 0.0251530 seconds
32.933: [GC [PSYoungGen: 19436K->2304K(20480K)] 33150K->21138K(66560K), 0.0020060 secs] [Times: user=0.01 sys=0.00, real=0.00 secs] 
32.935: Total time for which application threads were stopped: 0.0021990 seconds, Stopping threads took: 0.0001260 seconds
32.974: Application time: 0.0386920 seconds
32.974: [GC [PSYoungGen: 19972K->2304K(20480K)] 38806K->23186K(66560K), 0.0011770 secs] [Times: user=0.01 sys=0.00, real=0.00 secs] 
32.975: Total time for which application threads were stopped: 0.0013140 seconds, Stopping threads took: 0.0000660 seconds
33.001: Application time: 0.0260720 seconds
33.001: [GC [PSYoungGen: 19599K->2304K(20480K)] 40481K->27282K(66560K), 0.0017740 secs] [Times: user=0.01 sys=0.00, real=0.00 secs] 
33.003: Total time for which application threads were stopped: 0.0019280 seconds, Stopping threads took: 0.0000830 seconds
33.041: Application time: 0.0381510 seconds
33.041: [GC [PSYoungGen: 19973K->2304K(20480K)] 44952K->29330K(66560K), 0.0011720 secs] [Times: user=0.01 sys=0.00, real=0.00 secs] 
33.042: Total time for which application threads were stopped: 0.0012940 seconds, Stopping threads took: 0.0000600 seconds
33.071: Application time: 0.0281540 seconds
33.071: [GC [PSYoungGen: 19684K->2304K(20480K)] 46711K->33426K(66560K), 0.0017090 secs] [Times: user=0.01 sys=0.00, real=0.00 secs] 
33.072: Total time for which application threads were stopped: 0.0018500 seconds, Stopping threads took: 0.0000730 seconds
33.110: Application time: 0.0380910 seconds
33.111: [GC [PSYoungGen: 19958K->2272K(20480K)] 51081K->34418K(66560K), 0.0008900 secs] [Times: user=0.00 sys=0.00, real=0.00 secs] 
33.111: Total time for which application threads were stopped: 0.0010160 seconds, Stopping threads took: 0.0000620 seconds
33.139: Application time: 0.0278990 seconds
33.139: [GC [PSYoungGen: 19618K->2304K(20480K)] 51765K->38546K(66560K), 0.0017190 secs] [Times: user=0.02 sys=0.00, real=0.00 secs] 
33.141: Total time for which application threads were stopped: 0.0018670 seconds, Stopping threads took: 0.0000700 seconds
33.168: Application time: 0.0268680 seconds
33.168: [GC [PSYoungGen: 19249K->2304K(20480K)] 55491K->42642K(66560K), 0.0017510 secs] [Times: user=0.01 sys=0.00, real=0.00 secs] 
33.170: [Full GC [PSYoungGen: 2304K->0K(20480K)] [ParOldGen: 40338K->9619K(46080K)] 42642K->9619K(66560K) [PSPermGen: 5495K->5495K(21504K)], 0.0066320 secs] [Times: user=0.03 sys=0.00, real=0.01 secs] 
33.177: Total time for which application threads were stopped: 0.0085760 seconds, Stopping threads took: 0.0000790 seconds
33.212: Application time: 0.0356980 seconds
33.213: [GC [PSYoungGen: 16902K->2304K(20480K)] 26521K->16019K(66560K), 0.0016970 secs] [Times: user=0.01 sys=0.00, real=0.00 secs] 
33.214: Total time for which application threads were stopped: 0.0018640 seconds, Stopping threads took: 0.0000960 seconds
33.241: Application time: 0.0268890 seconds
33.241: [GC [PSYoungGen: 19362K->2304K(20480K)] 33077K->21139K(66560K), 0.0019990 secs] [Times: user=0.01 sys=0.01, real=0.00 secs] 
33.243: Total time for which application threads were stopped: 0.0021610 seconds, Stopping threads took: 0.0000930 seconds
33.283: Application time: 0.0401320 seconds
33.284: [GC [PSYoungGen: 19320K->2240K(20480K)] 38155K->23123K(66560K), 0.0013570 secs] [Times: user=0.01 sys=0.00, real=0.00 secs] 
33.285: Total time for which application threads were stopped: 0.0014920 seconds, Stopping threads took: 0.0000690 seconds
33.308: Application time: 0.0232340 seconds
33.308: [GC [PSYoungGen: 19206K->2304K(20480K)] 40089K->28307K(66560K), 0.0019290 secs] [Times: user=0.01 sys=0.00, real=0.00 secs] 
33.310: Total time for which application threads were stopped: 0.0020710 seconds, Stopping threads took: 0.0000710 seconds
33.351: Application time: 0.0407590 seconds
33.351: [GC [PSYoungGen: 20224K->2272K(20480K)] 46227K->31347K(66560K), 0.0014830 secs] [Times: user=0.01 sys=0.00, real=0.00 secs] 
33.353: Total time for which application threads were stopped: 0.0017060 seconds, Stopping threads took: 0.0001520 seconds
33.378: Application time: 0.0254050 seconds
33.378: [GC [PSYoungGen: 19388K->2304K(20480K)] 48463K->36499K(66560K), 0.0018800 secs] [Times: user=0.01 sys=0.00, real=0.01 secs] 
33.380: Total time for which application threads were stopped: 0.0020190 seconds, Stopping threads took: 0.0000700 seconds
33.418: Application time: 0.0376650 seconds
33.418: [GC [PSYoungGen: 19301K->2416K(20480K)] 53496K->38659K(66560K), 0.0013650 secs] [Times: user=0.01 sys=0.00, real=0.01 secs] 
33.419: Total time for which application threads were stopped: 0.0015090 seconds, Stopping threads took: 0.0000770 seconds
33.445: Application time: 0.0257420 seconds
33.445: [GC [PSYoungGen: 19842K->2400K(20480K)] 56085K->43763K(66560K), 0.0019990 secs] [Times: user=0.01 sys=0.00, real=0.00 secs] 
33.447: [Full GC [PSYoungGen: 2400K->0K(20480K)] [ParOldGen: 41363K->10873K(46080K)] 43763K->10873K(66560K) [PSPermGen: 5495K->5495K(21504K)], 0.0068790 secs] [Times: user=0.03 sys=0.00, real=0.01 secs] 
33.454: Total time for which application threads were stopped: 0.0090740 seconds, Stopping threads took: 0.0000750 seconds
33.493: Application time: 0.0388140 seconds
33.493: [GC [PSYoungGen: 16986K->2384K(20480K)] 27860K->15305K(66560K), 0.0012500 secs] [Times: user=0.01 sys=0.00, real=0.00 secs] 
33.494: Total time for which application threads were stopped: 0.0013980 seconds, Stopping threads took: 0.0000680 seconds
33.518: Application time: 0.0241230 seconds
33.519: [GC [PSYoungGen: 19799K->2400K(20480K)] 32721K->19417K(66560K), 0.0017340 secs] [Times: user=0.01 sys=0.00, real=0.00 secs] 
33.520: Total time for which application threads were stopped: 0.0018640 seconds, Stopping threads took: 0.0000610 seconds
33.561: Application time: 0.0409490 seconds
33.561: [GC [PSYoungGen: 19899K->2384K(20480K)] 36917K->21450K(66560K), 0.0012390 secs] [Times: user=0.01 sys=0.00, real=0.00 secs] 
33.563: Total time for which application threads were stopped: 0.0013980 seconds, Stopping threads took: 0.0000910 seconds
33.587: Application time: 0.0247180 seconds
33.588: [GC [PSYoungGen: 19923K->2384K(20480K)] 38989K->25546K(66560K), 0.0018770 secs] [Times: user=0.01 sys=0.00, real=0.00 secs] 
33.589: Total time for which application threads were stopped: 0.0020330 seconds, Stopping threads took: 0.0000840 seconds
33.629: Application time: 0.0390800 seconds
33.631: [GC [PSYoungGen: 19559K->2400K(20480K)] 42721K->27610K(66560K), 0.0012780 secs] [Times: user=0.01 sys=0.00, real=0.00 secs] 
33.632: Total time for which application threads were stopped: 0.0032900 seconds, Stopping threads took: 0.0019490 seconds
33.659: Application time: 0.0275140 seconds
33.659: [GC [PSYoungGen: 20290K->2416K(20480K)] 45500K->31722K(66560K), 0.0017890 secs] [Times: user=0.01 sys=0.00, real=0.00 secs] 
33.661: Total time for which application threads were stopped: 0.0019590 seconds, Stopping threads took: 0.0001010 seconds
33.700: Application time: 0.0389750 seconds
33.700: [GC [PSYoungGen: 19545K->2400K(20480K)] 48851K->33754K(66560K), 0.0012060 secs] [Times: user=0.01 sys=0.00, real=0.00 secs] 
33.702: Total time for which application threads were stopped: 0.0013320 seconds, Stopping threads took: 0.0000620 seconds
33.729: Application time: 0.0278210 seconds
33.730: [GC [PSYoungGen: 19297K->2400K(20480K)] 50651K->36826K(66560K), 0.0014700 secs] [Times: user=0.01 sys=0.00, real=0.01 secs] 
33.731: Total time for which application threads were stopped: 0.0016060 seconds, Stopping threads took: 0.0000690 seconds
33.768: Application time: 0.0372250 seconds
33.768: [GC [PSYoungGen: 19356K->2336K(20480K)] 53782K->36762K(66560K), 0.0007490 secs] [Times: user=0.00 sys=0.00, real=0.00 secs] 
33.769: Total time for which application threads were stopped: 0.0008700 seconds, Stopping threads took: 0.0000600 seconds
33.794: Application time: 0.0248850 seconds
33.794: [GC [PSYoungGen: 20256K->2400K(20480K)] 54682K->41946K(66560K), 0.0020070 secs] [Times: user=0.01 sys=0.00, real=0.00 secs] 
33.796: Total time for which application threads were stopped: 0.0021500 seconds, Stopping threads took: 0.0000690 seconds
33.836: Application time: 0.0396200 seconds
33.836: [GC [PSYoungGen: 20320K->2384K(20480K)] 59866K->41930K(66560K), 0.0008010 secs] [Times: user=0.01 sys=0.00, real=0.00 secs] 
33.837: Total time for which application threads were stopped: 0.0009150 seconds, Stopping threads took: 0.0000530 seconds
33.862: Application time: 0.0249090 seconds
33.862: [GC [PSYoungGen: 19406K->2400K(20480K)] 58952K->46042K(66560K), 0.0017700 secs] [Times: user=0.02 sys=0.00, real=0.00 secs] 
33.864: [Full GC [PSYoungGen: 2400K->0K(20480K)] [ParOldGen: 43642K->9621K(46080K)] 46042K->9621K(66560K) [PSPermGen: 5495K->5495K(21504K)], 0.0070210 secs] [Times: user=0.03 sys=0.00, real=0.01 secs] 
33.871: Total time for which application threads were stopped: 0.0089990 seconds, Stopping threads took: 0.0000930 seconds
33.911: Application time: 0.0408250 seconds
33.912: [GC [PSYoungGen: 17920K->1280K(20480K)] 27541K->10901K(66560K), 0.0004800 secs] [Times: user=0.01 sys=0.00, real=0.00 secs] 
33.912: Total time for which application threads were stopped: 0.0005910 seconds, Stopping threads took: 0.0000530 seconds
33.937: Application time: 0.0254030 seconds
33.938: [GC [PSYoungGen: 18418K->2304K(20480K)] 28040K->16022K(66560K), 0.0016930 secs] [Times: user=0.01 sys=0.00, real=0.01 secs] 
33.939: Total time for which application threads were stopped: 0.0018330 seconds, Stopping threads took: 0.0000660 seconds
33.969: Application time: 0.0301130 seconds
33.970: [GC [PSYoungGen: 19373K->2304K(20480K)] 33091K->21142K(66560K), 0.0020060 secs] [Times: user=0.02 sys=0.00, real=0.01 secs] 
33.972: Total time for which application threads were stopped: 0.0021510 seconds, Stopping threads took: 0.0000720 seconds
34.005: Application time: 0.0337910 seconds
34.005: [GC [PSYoungGen: 19207K->2304K(20480K)] 38045K->25238K(66560K), 0.0017970 secs] [Times: user=0.01 sys=0.01, real=0.00 secs] 
34.007: Total time for which application threads were stopped: 0.0019440 seconds, Stopping threads took: 0.0000660 seconds
34.033: Application time: 0.0252260 seconds
34.033: [GC [PSYoungGen: 19313K->2304K(20480K)] 42247K->30358K(66560K), 0.0020180 secs] [Times: user=0.01 sys=0.00, real=0.00 secs] 
34.035: Total time for which application threads were stopped: 0.0021680 seconds, Stopping threads took: 0.0000770 seconds
34.076: Application time: 0.0416540 seconds
34.076: [GC [PSYoungGen: 19322K->2304K(20480K)] 47376K->32406K(66560K), 0.0011750 secs] [Times: user=0.01 sys=0.00, real=0.00 secs] 
34.078: Total time for which application threads were stopped: 0.0013010 seconds, Stopping threads took: 0.0000620 seconds
34.099: Application time: 0.0216680 seconds
34.099: [GC [PSYoungGen: 19275K->2272K(20480K)] 49378K->37494K(66560K), 0.0020260 secs] [Times: user=0.01 sys=0.00, real=0.00 secs] 
34.102: Total time for which application threads were stopped: 0.0021990 seconds, Stopping threads took: 0.0000990 seconds
34.140: Application time: 0.0388260 seconds
34.140: [GC [PSYoungGen: 19337K->2400K(20480K)] 54560K->41718K(66560K), 0.0018120 secs] [Times: user=0.01 sys=0.00, real=0.00 secs] 
34.142: [Full GC [PSYoungGen: 2400K->0K(20480K)] [ParOldGen: 39318K->9634K(46080K)] 41718K->9634K(66560K) [PSPermGen: 5495K->5495K(21504K)], 0.0066790 secs] [Times: user=0.03 sys=0.00, real=0.00 secs] 
34.149: Total time for which application threads were stopped: 0.0086800 seconds, Stopping threads took: 0.0000710 seconds
34.175: Application time: 0.0262230 seconds
34.175: [GC [PSYoungGen: 17381K->2336K(20480K)] 27016K->17090K(66560K), 0.0020340 secs] [Times: user=0.02 sys=0.00, real=0.00 secs] 
34.177: Total time for which application threads were stopped: 0.0021710 seconds, Stopping threads took: 0.0000650 seconds
34.216: Application time: 0.0390230 seconds
34.217: [GC [PSYoungGen: 19422K->2448K(20480K)] 34177K->19250K(66560K), 0.0013540 secs] [Times: user=0.01 sys=0.00, real=0.00 secs] 
34.218: Total time for which application threads were stopped: 0.0014920 seconds, Stopping threads took: 0.0000720 seconds
34.243: Application time: 0.0253150 seconds
34.243: [GC [PSYoungGen: 19817K->2432K(20480K)] 36620K->23330K(66560K), 0.0017400 secs] [Times: user=0.01 sys=0.00, real=0.00 secs] 
34.245: Total time for which application threads were stopped: 0.0018830 seconds, Stopping threads took: 0.0000770 seconds
34.286: Application time: 0.0412810 seconds
34.287: [GC [PSYoungGen: 20102K->2416K(20480K)] 41001K->25362K(66560K), 0.0013300 secs] [Times: user=0.01 sys=0.00, real=0.00 secs] 
34.288: Total time for which application threads were stopped: 0.0015250 seconds, Stopping threads took: 0.0001280 seconds
34.313: Application time: 0.0245930 seconds
34.313: [GC [PSYoungGen: 19789K->2432K(20480K)] 42736K->29475K(66560K), 0.0017720 secs] [Times: user=0.01 sys=0.01, real=0.00 secs] 
34.314: Total time for which application threads were stopped: 0.0019150 seconds, Stopping threads took: 0.0000730 seconds
34.357: Application time: 0.0422930 seconds
34.357: [GC [PSYoungGen: 20102K->2448K(20480K)] 47145K->30515K(66560K), 0.0010650 secs] [Times: user=0.01 sys=0.00, real=0.00 secs] 
34.358: Total time for which application threads were stopped: 0.0011970 seconds, Stopping threads took: 0.0000720 seconds
34.382: Application time: 0.0244320 seconds
34.383: [GC [PSYoungGen: 19821K->2432K(20480K)] 47888K->34595K(66560K), 0.0017300 secs] [Times: user=0.01 sys=0.00, real=0.00 secs] 
34.384: Total time for which application threads were stopped: 0.0018950 seconds, Stopping threads took: 0.0000960 seconds
34.426: Application time: 0.0413280 seconds
34.426: [GC [PSYoungGen: 19952K->2432K(20480K)] 52115K->35619K(66560K), 0.0010470 secs] [Times: user=0.01 sys=0.00, real=0.00 secs] 
34.427: Total time for which application threads were stopped: 0.0011840 seconds, Stopping threads took: 0.0000670 seconds
34.452: Application time: 0.0248660 seconds
34.452: [GC [PSYoungGen: 19952K->2432K(20480K)] 53139K->39715K(66560K), 0.0017960 secs] [Times: user=0.01 sys=0.00, real=0.00 secs] 
34.454: Total time for which application threads were stopped: 0.0019220 seconds, Stopping threads took: 0.0000590 seconds
34.494: Application time: 0.0405490 seconds
34.494: [GC [PSYoungGen: 19807K->2352K(20480K)] 57090K->40659K(66560K), 0.0010540 secs] [Times: user=0.00 sys=0.00, real=0.00 secs] 
34.495: Total time for which application threads were stopped: 0.0011900 seconds, Stopping threads took: 0.0000690 seconds
34.519: Application time: 0.0235450 seconds
34.519: [GC [PSYoungGen: 20005K->2400K(20480K)] 58312K->45827K(66560K), 0.0020230 secs] [Times: user=0.01 sys=0.00, real=0.00 secs] 
34.521: [Full GC [PSYoungGen: 2400K->0K(20480K)] [ParOldGen: 43427K->10640K(46080K)] 45827K->10640K(66560K) [PSPermGen: 5495K->5495K(21504K)], 0.0068510 secs] [Times: user=0.03 sys=0.00, real=0.00 secs] 
34.528: Total time for which application threads were stopped: 0.0090820 seconds, Stopping threads took: 0.0000820 seconds
34.569: Application time: 0.0409910 seconds
34.569: [GC [PSYoungGen: 17172K->2288K(20480K)] 27813K->12928K(66560K), 0.0006810 secs] [Times: user=0.00 sys=0.00, real=0.00 secs] 
34.570: Total time for which application threads were stopped: 0.0008110 seconds, Stopping threads took: 0.0000680 seconds
34.595: Application time: 0.0256600 seconds
34.596: [GC [PSYoungGen: 20171K->2304K(20480K)] 30812K->18064K(66560K), 0.0020140 secs] [Times: user=0.01 sys=0.00, real=0.00 secs] 
34.598: Total time for which application threads were stopped: 0.0021560 seconds, Stopping threads took: 0.0000690 seconds
34.638: Application time: 0.0398880 seconds
34.638: [GC [PSYoungGen: 20224K->2304K(20480K)] 35984K->19088K(66560K), 0.0009150 secs] [Times: user=0.01 sys=0.00, real=0.01 secs] 
34.639: Total time for which application threads were stopped: 0.0010440 seconds, Stopping threads took: 0.0000660 seconds
34.663: Application time: 0.0240420 seconds
34.663: [GC [PSYoungGen: 19367K->2304K(20480K)] 36151K->23184K(66560K), 0.0017960 secs] [Times: user=0.01 sys=0.00, real=0.00 secs] 
34.665: Total time for which application threads were stopped: 0.0019540 seconds, Stopping threads took: 0.0000860 seconds
34.705: Application time: 0.0401270 seconds
34.705: [GC [PSYoungGen: 20095K->2272K(20480K)] 40976K->24176K(66560K), 0.0008880 secs] [Times: user=0.00 sys=0.00, real=0.00 secs] 
34.706: Total time for which application threads were stopped: 0.0010400 seconds, Stopping threads took: 0.0000870 seconds
34.733: Application time: 0.0277730 seconds
34.734: [GC [PSYoungGen: 19569K->2272K(20480K)] 41474K->29297K(66560K), 0.0020770 secs] [Times: user=0.02 sys=0.00, real=0.00 secs] 
34.736: Total time for which application threads were stopped: 0.0022340 seconds, Stopping threads took: 0.0000840 seconds
34.769: Application time: 0.0331860 seconds
34.769: [GC [PSYoungGen: 19439K->2240K(20480K)] 46464K->31313K(66560K), 0.0012260 secs] [Times: user=0.00 sys=0.00, real=0.00 secs] 
34.770: Total time for which application threads were stopped: 0.0013630 seconds, Stopping threads took: 0.0000750 seconds
34.801: Application time: 0.0311570 seconds
34.802: [GC [PSYoungGen: 20039K->2304K(20480K)] 49112K->35473K(66560K), 0.0017850 secs] [Times: user=0.01 sys=0.00, real=0.00 secs] 
34.803: Total time for which application threads were stopped: 0.0019530 seconds, Stopping threads took: 0.0000970 seconds
34.836: Application time: 0.0328970 seconds
34.836: [GC [PSYoungGen: 19656K->2304K(20480K)] 52825K->38545K(66560K), 0.0015400 secs] [Times: user=0.01 sys=0.00, real=0.00 secs] 
34.838: Total time for which application threads were stopped: 0.0016710 seconds, Stopping threads took: 0.0000640 seconds
34.871: Application time: 0.0326330 seconds
34.871: [GC [PSYoungGen: 19365K->2384K(20480K)] 55606K->41697K(66560K), 0.0014830 secs] [Times: user=0.01 sys=0.00, real=0.00 secs] 
34.872: Total time for which application threads were stopped: 0.0016310 seconds, Stopping threads took: 0.0000790 seconds
34.896: Application time: 0.0238340 seconds
34.896: [GC [PSYoungGen: 19290K->2336K(20480K)] 58603K->46769K(66560K), 0.0020720 secs] [Times: user=0.01 sys=0.00, real=0.00 secs] 
34.898: [Full GC [PSYoungGen: 2336K->0K(20480K)] [ParOldGen: 44433K->10643K(46080K)] 46769K->10643K(66560K) [PSPermGen: 5495K->5495K(21504K)], 0.0070700 secs] [Times: user=0.03 sys=0.00, real=0.01 secs] 
34.905: Total time for which application threads were stopped: 0.0093430 seconds, Stopping threads took: 0.0000730 seconds
34.946: Application time: 0.0405450 seconds
34.946: [GC [PSYoungGen: 17419K->2400K(20480K)] 28063K->16115K(66560K), 0.0016330 secs] [Times: user=0.01 sys=0.00, real=0.00 secs] 
34.948: Total time for which application threads were stopped: 0.0017740 seconds, Stopping threads took: 0.0000690 seconds
34.974: Application time: 0.0259130 seconds
34.974: [GC [PSYoungGen: 19446K->2416K(20480K)] 33162K->20227K(66560K), 0.0017610 secs] [Times: user=0.01 sys=0.00, real=0.00 secs] 
34.976: Total time for which application threads were stopped: 0.0019070 seconds, Stopping threads took: 0.0000760 seconds
35.016: Application time: 0.0401170 seconds
35.016: [GC [PSYoungGen: 19388K->2400K(20480K)] 37200K->23283K(66560K), 0.0014400 secs] [Times: user=0.01 sys=0.00, real=0.00 secs] 
35.017: Total time for which application threads were stopped: 0.0016000 seconds, Stopping threads took: 0.0000900 seconds
35.042: Application time: 0.0248980 seconds
35.042: [GC [PSYoungGen: 19427K->2400K(20480K)] 40311K->27379K(66560K), 0.0016670 secs] [Times: user=0.01 sys=0.00, real=0.00 secs] 
35.044: Total time for which application threads were stopped: 0.0018210 seconds, Stopping threads took: 0.0000700 seconds
35.083: Application time: 0.0386610 seconds
35.083: [GC [PSYoungGen: 20176K->2400K(20480K)] 45156K->30451K(66560K), 0.0014750 secs] [Times: user=0.01 sys=0.00, real=0.00 secs] 
35.084: Total time for which application threads were stopped: 0.0016100 seconds, Stopping threads took: 0.0000670 seconds
35.105: Application time: 0.0203490 seconds
35.105: [GC [PSYoungGen: 19566K->2320K(20480K)] 47618K->35491K(66560K), 0.0021210 secs] [Times: user=0.01 sys=0.00, real=0.00 secs] 
35.107: Total time for which application threads were stopped: 0.0022650 seconds, Stopping threads took: 0.0000750 seconds
35.153: Application time: 0.0463930 seconds
35.153: [GC [PSYoungGen: 20217K->2368K(20480K)] 53389K->37587K(66560K), 0.0012320 secs] [Times: user=0.01 sys=0.00, real=0.00 secs] 
35.155: Total time for which application threads were stopped: 0.0013860 seconds, Stopping threads took: 0.0000860 seconds
35.175: Application time: 0.0200720 seconds
35.175: [GC [PSYoungGen: 19559K->2400K(20480K)] 54778K->42739K(66560K), 0.0020770 secs] [Times: user=0.01 sys=0.00, real=0.00 secs] 
35.177: [Full GC [PSYoungGen: 2400K->0K(20480K)] [ParOldGen: 40339K->10644K(46080K)] 42739K->10644K(66560K) [PSPermGen: 5495K->5495K(21504K)], 0.0068490 secs] [Times: user=0.04 sys=0.00, real=0.01 secs] 
35.184: Total time for which application threads were stopped: 0.0091190 seconds, Stopping threads took: 0.0000770 seconds
35.229: Application time: 0.0451520 seconds
35.229: [GC [PSYoungGen: 17726K->2304K(20480K)] 28370K->13972K(66560K), 0.0009200 secs] [Times: user=0.00 sys=0.00, real=0.00 secs] 
35.230: Total time for which application threads were stopped: 0.0010450 seconds, Stopping threads took: 0.0000590 seconds
35.251: Application time: 0.0207040 seconds
35.251: [GC [PSYoungGen: 19628K->2272K(20480K)] 31296K->19060K(66560K), 0.0021050 secs] [Times: user=0.01 sys=0.00, real=0.00 secs] 
35.253: Total time for which application threads were stopped: 0.0022580 seconds, Stopping threads took: 0.0000860 seconds
35.297: Application time: 0.0441750 seconds
35.297: [GC [PSYoungGen: 19745K->2320K(20480K)] 36534K->20132K(66560K), 0.0009480 secs] [Times: user=0.01 sys=0.00, real=0.00 secs] 
35.298: Total time for which application threads were stopped: 0.0010800 seconds, Stopping threads took: 0.0000680 seconds
35.321: Application time: 0.0226660 seconds
35.321: [GC [PSYoungGen: 19916K->2304K(20480K)] 37729K->24212K(66560K), 0.0017690 secs] [Times: user=0.01 sys=0.00, real=0.00 secs] 
35.323: Total time for which application threads were stopped: 0.0019180 seconds, Stopping threads took: 0.0000810 seconds
35.364: Application time: 0.0407990 seconds
35.364: [GC [PSYoungGen: 19380K->2208K(20480K)] 41288K->24116K(66560K), 0.0008760 secs] [Times: user=0.00 sys=0.00, real=0.00 secs] 
35.365: Total time for which application threads were stopped: 0.0010050 seconds, Stopping threads took: 0.0000690 seconds
35.390: Application time: 0.0253020 seconds
35.390: [GC [PSYoungGen: 20128K->2304K(20480K)] 42036K->30356K(66560K), 0.0023520 secs] [Times: user=0.02 sys=0.00, real=0.01 secs] 
35.393: Total time for which application threads were stopped: 0.0024990 seconds, Stopping threads took: 0.0000760 seconds
35.431: Application time: 0.0389060 seconds
35.432: [GC [PSYoungGen: 20139K->2304K(20480K)] 48191K->32404K(66560K), 0.0012320 secs] [Times: user=0.01 sys=0.00, real=0.00 secs] 
35.433: Total time for which application threads were stopped: 0.0013620 seconds, Stopping threads took: 0.0000670 seconds
35.461: Application time: 0.0284460 seconds
35.461: [GC [PSYoungGen: 19571K->2304K(20480K)] 49672K->37524K(66560K), 0.0020290 secs] [Times: user=0.01 sys=0.00, real=0.00 secs] 
35.463: Total time for which application threads were stopped: 0.0021940 seconds, Stopping threads took: 0.0000940 seconds
35.499: Application time: 0.0357050 seconds
35.499: [GC [PSYoungGen: 19874K->2304K(20480K)] 55095K->41620K(66560K), 0.0017490 secs] [Times: user=0.01 sys=0.00, real=0.00 secs] 
35.501: [Full GC [PSYoungGen: 2304K->0K(20480K)] [ParOldGen: 39316K->9856K(46080K)] 41620K->9856K(66560K) [PSPermGen: 5495K->5495K(21504K)], 0.0063960 secs] [Times: user=0.03 sys=0.00, real=0.00 secs] 
35.507: Total time for which application threads were stopped: 0.0083270 seconds, Stopping threads took: 0.0000700 seconds
35.539: Application time: 0.0313600 seconds
35.539: [GC [PSYoungGen: 17472K->2304K(20480K)] 27328K->16256K(66560K), 0.0016340 secs] [Times: user=0.01 sys=0.00, real=0.00 secs] 
35.541: Total time for which application threads were stopped: 0.0017840 seconds, Stopping threads took: 0.0000790 seconds
35.571: Application time: 0.0307440 seconds
35.571: [GC [PSYoungGen: 19935K->2368K(20480K)] 33887K->21440K(66560K), 0.0020400 secs] [Times: user=0.01 sys=0.00, real=0.00 secs] 
35.574: Total time for which application threads were stopped: 0.0021880 seconds, Stopping threads took: 0.0000630 seconds
35.607: Application time: 0.0330650 seconds
35.607: [GC [PSYoungGen: 20156K->2400K(20480K)] 39228K->26592K(66560K), 0.0020250 secs] [Times: user=0.01 sys=0.00, real=0.00 secs] 
35.609: Total time for which application threads were stopped: 0.0021600 seconds, Stopping threads took: 0.0000640 seconds
35.640: Application time: 0.0316660 seconds
35.641: [GC [PSYoungGen: 19830K->2432K(20480K)] 44022K->30720K(66560K), 0.0018070 secs] [Times: user=0.02 sys=0.00, real=0.00 secs] 
35.642: Total time for which application threads were stopped: 0.0019460 seconds, Stopping threads took: 0.0000720 seconds
35.675: Application time: 0.0328960 seconds
35.675: [GC [PSYoungGen: 19429K->2512K(20480K)] 47717K->34896K(66560K), 0.0018660 secs] [Times: user=0.01 sys=0.00, real=0.00 secs] 
35.677: Total time for which application threads were stopped: 0.0020540 seconds, Stopping threads took: 0.0001150 seconds
35.711: Application time: 0.0332210 seconds
35.711: [GC [PSYoungGen: 19970K->2480K(20480K)] 52355K->36912K(66560K), 0.0013360 secs] [Times: user=0.00 sys=0.00, real=0.00 secs] 
35.712: Total time for which application threads were stopped: 0.0014590 seconds, Stopping threads took: 0.0000650 seconds
35.746: Application time: 0.0335880 seconds
35.746: [GC [PSYoungGen: 19869K->2544K(20480K)] 54301K->39024K(66560K), 0.0013340 secs] [Times: user=0.01 sys=0.00, real=0.00 secs] 
35.747: Total time for which application threads were stopped: 0.0014860 seconds, Stopping threads took: 0.0000890 seconds
35.780: Application time: 0.0330170 seconds
35.780: [GC [PSYoungGen: 20248K->2512K(20480K)] 56729K->41040K(66560K), 0.0012840 secs] [Times: user=0.01 sys=0.00, real=0.00 secs] 
35.782: Total time for which application threads were stopped: 0.0014050 seconds, Stopping threads took: 0.0000580 seconds
35.815: Application time: 0.0331270 seconds
35.815: [GC [PSYoungGen: 19823K->2496K(20480K)] 58352K->43072K(66560K), 0.0013070 secs] [Times: user=0.00 sys=0.00, real=0.00 secs] 
35.816: [Full GC [PSYoungGen: 2496K->0K(20480K)] [ParOldGen: 40576K->7594K(46080K)] 43072K->7594K(66560K) [PSPermGen: 5495K->5495K(21504K)], 0.0063020 secs] [Times: user=0.03 sys=0.00, real=0.01 secs] 
35.822: Total time for which application threads were stopped: 0.0078020 seconds, Stopping threads took: 0.0000730 seconds
35.853: Application time: 0.0304760 seconds
35.853: [GC [PSYoungGen: 17443K->2304K(20480K)] 25038K->11946K(66560K), 0.0011820 secs] [Times: user=0.01 sys=0.00, real=0.00 secs] 
35.854: Total time for which application threads were stopped: 0.0013120 seconds, Stopping threads took: 0.0000650 seconds
35.889: Application time: 0.0342940 seconds
35.889: [GC [PSYoungGen: 19779K->2304K(20480K)] 29422K->13994K(66560K), 0.0011690 secs] [Times: user=0.01 sys=0.00, real=0.00 secs] 
35.890: Total time for which application threads were stopped: 0.0012980 seconds, Stopping threads took: 0.0000640 seconds
35.917: Application time: 0.0275290 seconds
35.917: [GC [PSYoungGen: 19643K->2272K(20480K)] 31334K->17034K(66560K), 0.0014370 secs] [Times: user=0.01 sys=0.00, real=0.01 secs] 
35.919: Total time for which application threads were stopped: 0.0015780 seconds, Stopping threads took: 0.0000740 seconds
35.958: Application time: 0.0392220 seconds
35.958: [GC [PSYoungGen: 19989K->2304K(20480K)] 34752K->18091K(66560K), 0.0009040 secs] [Times: user=0.01 sys=0.00, real=0.01 secs] 
35.959: Total time for which application threads were stopped: 0.0010430 seconds, Stopping threads took: 0.0000760 seconds
35.985: Application time: 0.0257580 seconds
35.985: [GC [PSYoungGen: 19563K->2304K(20480K)] 35350K->22187K(66560K), 0.0017000 secs] [Times: user=0.01 sys=0.00, real=0.00 secs] 
35.987: Total time for which application threads were stopped: 0.0018470 seconds, Stopping threads took: 0.0000750 seconds
36.024: Application time: 0.0374370 seconds
36.024: [GC [PSYoungGen: 19874K->2304K(20480K)] 39757K->25259K(66560K), 0.0014770 secs] [Times: user=0.01 sys=0.00, real=0.00 secs] 
36.026: Total time for which application threads were stopped: 0.0016160 seconds, Stopping threads took: 0.0000710 seconds
36.052: Application time: 0.0259010 seconds
36.052: [GC [PSYoungGen: 19734K->2304K(20480K)] 42689K->29355K(66560K), 0.0017540 secs] [Times: user=0.01 sys=0.00, real=0.00 secs] 
36.054: Total time for which application threads were stopped: 0.0019150 seconds, Stopping threads took: 0.0000930 seconds
36.096: Application time: 0.0427430 seconds
36.097: [GC [PSYoungGen: 20148K->2304K(20480K)] 47199K->31403K(66560K), 0.0012180 secs] [Times: user=0.01 sys=0.00, real=0.00 secs] 
36.098: Total time for which application threads were stopped: 0.0013620 seconds, Stopping threads took: 0.0000720 seconds
36.121: Application time: 0.0231540 seconds
36.121: [GC [PSYoungGen: 19502K->2272K(20480K)] 48601K->35467K(66560K), 0.0017800 secs] [Times: user=0.01 sys=0.00, real=0.00 secs] 
36.123: Total time for which application threads were stopped: 0.0019230 seconds, Stopping threads took: 0.0000740 seconds
36.165: Application time: 0.0423780 seconds
36.165: [GC [PSYoungGen: 20040K->2272K(20480K)] 53235K->37515K(66560K), 0.0012070 secs] [Times: user=0.00 sys=0.00, real=0.00 secs] 
36.167: Total time for which application threads were stopped: 0.0013420 seconds, Stopping threads took: 0.0000670 seconds
36.189: Application time: 0.0228390 seconds
36.190: [GC [PSYoungGen: 19535K->2304K(20480K)] 54779K->42667K(66560K), 0.0020490 secs] [Times: user=0.01 sys=0.00, real=0.01 secs] 
36.192: [Full GC [PSYoungGen: 2304K->0K(20480K)] [ParOldGen: 40363K->10641K(46080K)] 42667K->10641K(66560K) [PSPermGen: 5495K->5495K(21504K)], 0.0070160 secs] [Times: user=0.03 sys=0.00, real=0.01 secs] 
36.199: Total time for which application threads were stopped: 0.0092910 seconds, Stopping threads took: 0.0001040 seconds
36.234: Application time: 0.0356060 seconds
36.234: [GC [PSYoungGen: 16994K->2304K(20480K)] 27635K->13969K(66560K), 0.0010030 secs] [Times: user=0.00 sys=0.01, real=0.00 secs] 
36.236: Total time for which application threads were stopped: 0.0011330 seconds, Stopping threads took: 0.0000560 seconds
36.264: Application time: 0.0280090 seconds
36.264: [GC [PSYoungGen: 19307K->2304K(20480K)] 30972K->19089K(66560K), 0.0020050 secs] [Times: user=0.01 sys=0.00, real=0.00 secs] 
36.266: Total time for which application threads were stopped: 0.0021450 seconds, Stopping threads took: 0.0000700 seconds
36.302: Application time: 0.0363130 seconds
36.307: [GC [PSYoungGen: 19515K->2304K(20480K)] 36300K->21137K(66560K), 0.0012710 secs] [Times: user=0.01 sys=0.00, real=0.00 secs] 
36.308: Total time for which application threads were stopped: 0.0058610 seconds, Stopping threads took: 0.0045230 seconds
36.336: Application time: 0.0280800 seconds
36.336: [GC [PSYoungGen: 19482K->2432K(20480K)] 38316K->25361K(66560K), 0.0017500 secs] [Times: user=0.01 sys=0.00, real=0.00 secs] 
36.338: Total time for which application threads were stopped: 0.0018810 seconds, Stopping threads took: 0.0000630 seconds
36.372: Application time: 0.0339640 seconds
36.372: [GC [PSYoungGen: 20319K->2368K(20480K)] 43249K->30417K(66560K), 0.0021410 secs] [Times: user=0.01 sys=0.00, real=0.00 secs] 
36.374: Total time for which application threads were stopped: 0.0022930 seconds, Stopping threads took: 0.0000800 seconds
36.405: Application time: 0.0307030 seconds
36.405: [GC [PSYoungGen: 19894K->2496K(20480K)] 47943K->34641K(66560K), 0.0019280 secs] [Times: user=0.02 sys=0.00, real=0.00 secs] 
36.407: Total time for which application threads were stopped: 0.0020710 seconds, Stopping threads took: 0.0000730 seconds
36.443: Application time: 0.0358040 seconds
36.443: [GC [PSYoungGen: 20360K->2512K(20480K)] 52506K->38753K(66560K), 0.0019130 secs] [Times: user=0.02 sys=0.00, real=0.00 secs] 
36.445: Total time for which application threads were stopped: 0.0020510 seconds, Stopping threads took: 0.0000660 seconds
36.475: Application time: 0.0306530 seconds
36.475: [GC [PSYoungGen: 19717K->2496K(20480K)] 55959K->41810K(66560K), 0.0015870 secs] [Times: user=0.01 sys=0.00, real=0.00 secs] 
36.477: Total time for which application threads were stopped: 0.0017210 seconds, Stopping threads took: 0.0000660 seconds
36.511: Application time: 0.0339950 seconds
36.511: [GC [PSYoungGen: 20275K->2464K(20480K)] 59589K->44850K(66560K), 0.0016850 secs] [Times: user=0.01 sys=0.00, real=0.00 secs] 
36.513: [Full GC [PSYoungGen: 2464K->0K(20480K)] [ParOldGen: 42385K->8603K(46080K)] 44850K->8603K(66560K) [PSPermGen: 5495K->5495K(21504K)], 0.0064650 secs] [Times: user=0.03 sys=0.00, real=0.01 secs] 
36.519: Total time for which application threads were stopped: 0.0083330 seconds, Stopping threads took: 0.0000620 seconds
36.551: Application time: 0.0318830 seconds
36.551: [GC [PSYoungGen: 17275K->2304K(20480K)] 25878K->13979K(66560K), 0.0014300 secs] [Times: user=0.01 sys=0.00, real=0.00 secs] 
36.553: Total time for which application threads were stopped: 0.0015700 seconds, Stopping threads took: 0.0000740 seconds
36.587: Application time: 0.0337320 seconds
36.587: [GC [PSYoungGen: 20046K->2208K(20480K)] 31721K->17979K(66560K), 0.0016720 secs] [Times: user=0.01 sys=0.00, real=0.00 secs] 
36.588: Total time for which application threads were stopped: 0.0018060 seconds, Stopping threads took: 0.0000610 seconds
36.620: Application time: 0.0314340 seconds
36.620: [GC [PSYoungGen: 19460K->2304K(20480K)] 35231K->22171K(66560K), 0.0016740 secs] [Times: user=0.01 sys=0.00, real=0.00 secs] 
36.622: Total time for which application threads were stopped: 0.0018370 seconds, Stopping threads took: 0.0000870 seconds
36.650: Application time: 0.0284800 seconds
36.650: [GC [PSYoungGen: 19746K->2304K(20480K)] 39614K->25243K(66560K), 0.0015340 secs] [Times: user=0.01 sys=0.00, real=0.01 secs] 
36.652: Total time for which application threads were stopped: 0.0016740 seconds, Stopping threads took: 0.0000700 seconds
36.687: Application time: 0.0353550 seconds
36.687: [GC [PSYoungGen: 19818K->2304K(20480K)] 42757K->29339K(66560K), 0.0017410 secs] [Times: user=0.02 sys=0.00, real=0.00 secs] 
36.689: Total time for which application threads were stopped: 0.0019140 seconds, Stopping threads took: 0.0000920 seconds
36.721: Application time: 0.0316380 seconds
36.721: [GC [PSYoungGen: 19833K->2240K(20480K)] 46869K->31323K(66560K), 0.0012340 secs] [Times: user=0.00 sys=0.00, real=0.00 secs] 
36.722: Total time for which application threads were stopped: 0.0013690 seconds, Stopping threads took: 0.0000700 seconds
36.756: Application time: 0.0339020 seconds
36.756: [GC [PSYoungGen: 19721K->2240K(20480K)] 48805K->35420K(66560K), 0.0017610 secs] [Times: user=0.01 sys=0.00, real=0.00 secs] 
36.758: Total time for which application threads were stopped: 0.0019380 seconds, Stopping threads took: 0.0001110 seconds
36.790: Application time: 0.0321290 seconds
36.790: [GC [PSYoungGen: 19789K->2304K(20480K)] 52969K->36508K(66560K), 0.0009620 secs] [Times: user=0.01 sys=0.00, real=0.01 secs] 
36.791: Total time for which application threads were stopped: 0.0010900 seconds, Stopping threads took: 0.0000610 seconds
36.826: Application time: 0.0350380 seconds
36.826: [GC [PSYoungGen: 19838K->2272K(20480K)] 54042K->39548K(66560K), 0.0014540 secs] [Times: user=0.01 sys=0.00, real=0.00 secs] 
36.828: Total time for which application threads were stopped: 0.0016010 seconds, Stopping threads took: 0.0000800 seconds
36.857: Application time: 0.0294070 seconds
36.857: [GC [PSYoungGen: 19679K->2304K(20480K)] 56955K->42652K(66560K), 0.0014840 secs] [Times: user=0.01 sys=0.00, real=0.01 secs] 
36.859: Total time for which application threads were stopped: 0.0016310 seconds, Stopping threads took: 0.0000800 seconds
36.895: Application time: 0.0357530 seconds
36.895: [GC [PSYoungGen: 19812K->2272K(20480K)] 60160K->44668K(66560K), 0.0012770 secs] [Times: user=0.01 sys=0.00, real=0.00 secs] 
36.896: [Full GC [PSYoungGen: 2272K->0K(20480K)] [ParOldGen: 42396K->7577K(46080K)] 44668K->7577K(66560K) [PSPermGen: 5495K->5495K(21504K)], 0.0061870 secs] [Times: user=0.03 sys=0.00, real=0.01 secs] 
36.902: Total time for which application threads were stopped: 0.0076610 seconds, Stopping threads took: 0.0000880 seconds
36.934: Application time: 0.0313850 seconds
36.934: [GC [PSYoungGen: 17643K->2304K(20480K)] 25220K->11929K(66560K), 0.0011960 secs] [Times: user=0.01 sys=0.00, real=0.00 secs] 
36.935: Total time for which application threads were stopped: 0.0013190 seconds, Stopping threads took: 0.0000660 seconds
36.970: Application time: 0.0350540 seconds
36.970: [GC [PSYoungGen: 19700K->2272K(20480K)] 29325K->13945K(66560K), 0.0012060 secs] [Times: user=0.00 sys=0.00, real=0.01 secs] 
36.971: Total time for which application threads were stopped: 0.0014030 seconds, Stopping threads took: 0.0001320 seconds
37.001: Application time: 0.0297560 seconds
37.001: [GC [PSYoungGen: 20002K->2336K(20480K)] 31675K->17081K(66560K), 0.0014130 secs] [Times: user=0.01 sys=0.00, real=0.00 secs] 
37.003: Total time for which application threads were stopped: 0.0015320 seconds, Stopping threads took: 0.0000550 seconds
37.040: Application time: 0.0370530 seconds
37.040: [GC [PSYoungGen: 20014K->2416K(20480K)] 34759K->18185K(66560K), 0.0009440 secs] [Times: user=0.01 sys=0.00, real=0.00 secs] 
37.041: Total time for which application threads were stopped: 0.0010710 seconds, Stopping threads took: 0.0000650 seconds
37.065: Application time: 0.0245230 seconds
37.066: [GC [PSYoungGen: 19759K->2400K(20480K)] 35528K->21241K(66560K), 0.0015050 secs] [Times: user=0.01 sys=0.00, real=0.00 secs] 
37.067: Total time for which application threads were stopped: 0.0016380 seconds, Stopping threads took: 0.0000670 seconds
37.105: Application time: 0.0381850 seconds
37.105: [GC [PSYoungGen: 20104K->2432K(20480K)] 38945K->23321K(66560K), 0.0012500 secs] [Times: user=0.01 sys=0.00, real=0.00 secs] 
37.107: Total time for which application threads were stopped: 0.0013880 seconds, Stopping threads took: 0.0000710 seconds
37.134: Application time: 0.0276650 seconds
37.134: [GC [PSYoungGen: 20200K->2528K(20480K)] 41089K->26497K(66560K), 0.0015000 secs] [Times: user=0.01 sys=0.00, real=0.00 secs] 
37.136: Total time for which application threads were stopped: 0.0016590 seconds, Stopping threads took: 0.0000760 seconds
37.170: Application time: 0.0339800 seconds
37.170: [GC [PSYoungGen: 19469K->2496K(20480K)] 43438K->27489K(66560K), 0.0010580 secs] [Times: user=0.01 sys=0.00, real=0.01 secs] 
37.171: Total time for which application threads were stopped: 0.0011920 seconds, Stopping threads took: 0.0000720 seconds
37.200: Application time: 0.0292940 seconds
37.201: [GC [PSYoungGen: 19463K->2496K(20480K)] 44456K->32609K(66560K), 0.0020580 secs] [Times: user=0.01 sys=0.00, real=0.00 secs] 
37.203: Total time for which application threads were stopped: 0.0022040 seconds, Stopping threads took: 0.0000770 seconds
37.238: Application time: 0.0353160 seconds
37.238: [GC [PSYoungGen: 19417K->2528K(20480K)] 49530K->35713K(66560K), 0.0015020 secs] [Times: user=0.01 sys=0.00, real=0.01 secs] 
37.240: Total time for which application threads were stopped: 0.0016420 seconds, Stopping threads took: 0.0000720 seconds
37.267: Application time: 0.0276020 seconds
37.271: [GC [PSYoungGen: 19543K->2496K(20480K)] 52729K->40801K(66560K), 0.0020770 secs] [Times: user=0.02 sys=0.00, real=0.00 secs] 
37.273: Total time for which application threads were stopped: 0.0054340 seconds, Stopping threads took: 0.0032820 seconds
37.308: Application time: 0.0353830 seconds
37.308: [GC [PSYoungGen: 20349K->2528K(20480K)] 58655K->44929K(66560K), 0.0018680 secs] [Times: user=0.01 sys=0.00, real=0.00 secs] 
37.310: [Full GC [PSYoungGen: 2528K->0K(20480K)] [ParOldGen: 42401K->9623K(46080K)] 44929K->9623K(66560K) [PSPermGen: 5495K->5495K(21504K)], 0.0066940 secs] [Times: user=0.03 sys=0.00, real=0.01 secs] 
37.317: Total time for which application threads were stopped: 0.0087510 seconds, Stopping threads took: 0.0000700 seconds
37.346: Application time: 0.0292510 seconds
37.346: [GC [PSYoungGen: 17180K->2304K(20480K)] 26803K->17047K(66560K), 0.0019820 secs] [Times: user=0.02 sys=0.00, real=0.00 secs] 
37.348: Total time for which application threads were stopped: 0.0021210 seconds, Stopping threads took: 0.0000650 seconds
37.383: Application time: 0.0351450 seconds
37.383: [GC [PSYoungGen: 20086K->2304K(20480K)] 34829K->20119K(66560K), 0.0015160 secs] [Times: user=0.01 sys=0.00, real=0.00 secs] 
37.385: Total time for which application threads were stopped: 0.0016480 seconds, Stopping threads took: 0.0000650 seconds
37.415: Application time: 0.0298700 seconds
37.415: [GC [PSYoungGen: 19542K->2304K(20480K)] 37358K->24215K(66560K), 0.0017420 secs] [Times: user=0.01 sys=0.00, real=0.00 secs] 
37.417: Total time for which application threads were stopped: 0.0018750 seconds, Stopping threads took: 0.0000660 seconds
37.451: Application time: 0.0344670 seconds
37.451: [GC [PSYoungGen: 19989K->2272K(20480K)] 41900K->28279K(66560K), 0.0018320 secs] [Times: user=0.01 sys=0.00, real=0.00 secs] 
37.453: Total time for which application threads were stopped: 0.0019850 seconds, Stopping threads took: 0.0000840 seconds
37.483: Application time: 0.0303380 seconds
37.484: [GC [PSYoungGen: 19605K->2304K(20480K)] 45612K->32407K(66560K), 0.0017400 secs] [Times: user=0.01 sys=0.00, real=0.00 secs] 
37.485: Total time for which application threads were stopped: 0.0018710 seconds, Stopping threads took: 0.0000620 seconds
37.521: Application time: 0.0355500 seconds
37.521: [GC [PSYoungGen: 19980K->2304K(20480K)] 50083K->35479K(66560K), 0.0014940 secs] [Times: user=0.01 sys=0.00, real=0.00 secs] 
37.523: Total time for which application threads were stopped: 0.0016330 seconds, Stopping threads took: 0.0000720 seconds
37.552: Application time: 0.0295410 seconds
37.552: [GC [PSYoungGen: 19620K->2272K(20480K)] 52796K->39543K(66560K), 0.0017360 secs] [Times: user=0.01 sys=0.00, real=0.00 secs] 
37.554: Total time for which application threads were stopped: 0.0018780 seconds, Stopping threads took: 0.0000730 seconds
37.588: Application time: 0.0338100 seconds
37.588: [GC [PSYoungGen: 19926K->2304K(20480K)] 57198K->43671K(66560K), 0.0017000 secs] [Times: user=0.02 sys=0.00, real=0.00 secs] 
37.590: [Full GC [PSYoungGen: 2304K->0K(20480K)] [ParOldGen: 41367K->9628K(46080K)] 43671K->9628K(66560K) [PSPermGen: 5495K->5495K(21504K)], 0.0068570 secs] [Times: user=0.03 sys=0.00, real=0.01 secs] 
37.597: Total time for which application threads were stopped: 0.0087420 seconds, Stopping threads took: 0.0000680 seconds
37.628: Application time: 0.0315230 seconds
37.628: [GC [PSYoungGen: 17350K->2304K(20480K)] 26978K->16028K(66560K), 0.0018020 secs] [Times: user=0.01 sys=0.00, real=0.00 secs] 
37.630: Total time for which application threads were stopped: 0.0019420 seconds, Stopping threads took: 0.0000690 seconds
37.661: Application time: 0.0314610 seconds
37.662: [GC [PSYoungGen: 19838K->2272K(20480K)] 33563K->20092K(66560K), 0.0017680 secs] [Times: user=0.02 sys=0.00, real=0.00 secs] 
37.663: Total time for which application threads were stopped: 0.0019170 seconds, Stopping threads took: 0.0000710 seconds
37.698: Application time: 0.0343030 seconds
37.698: [GC [PSYoungGen: 19775K->2304K(20480K)] 37595K->24220K(66560K), 0.0017600 secs] [Times: user=0.01 sys=0.00, real=0.01 secs] 
37.700: Total time for which application threads were stopped: 0.0019020 seconds, Stopping threads took: 0.0000740 seconds
37.731: Application time: 0.0316750 seconds
37.731: [GC [PSYoungGen: 20026K->2304K(20480K)] 41943K->28316K(66560K), 0.0018410 secs] [Times: user=0.01 sys=0.00, real=0.00 secs] 
37.733: Total time for which application threads were stopped: 0.0019710 seconds, Stopping threads took: 0.0000600 seconds
37.768: Application time: 0.0349700 seconds
37.768: [GC [PSYoungGen: 20027K->2400K(20480K)] 46039K->31484K(66560K), 0.0015200 secs] [Times: user=0.01 sys=0.00, real=0.00 secs] 
37.770: Total time for which application threads were stopped: 0.0016650 seconds, Stopping threads took: 0.0000730 seconds
37.800: Application time: 0.0300980 seconds
37.800: [GC [PSYoungGen: 19858K->2368K(20480K)] 48943K->34524K(66560K), 0.0014940 secs] [Times: user=0.01 sys=0.00, real=0.00 secs] 
37.802: Total time for which application threads were stopped: 0.0016300 seconds, Stopping threads took: 0.0000700 seconds
37.838: Application time: 0.0365020 seconds
37.838: [GC [PSYoungGen: 20277K->2512K(20480K)] 52433K->37740K(66560K), 0.0014940 secs] [Times: user=0.01 sys=0.00, real=0.01 secs] 
37.840: Total time for which application threads were stopped: 0.0016360 seconds, Stopping threads took: 0.0000700 seconds
37.867: Application time: 0.0273850 seconds
37.867: [GC [PSYoungGen: 20028K->2528K(20480K)] 55257K->40828K(66560K), 0.0015480 secs] [Times: user=0.01 sys=0.00, real=0.00 secs] 
37.869: Total time for which application threads were stopped: 0.0016920 seconds, Stopping threads took: 0.0000740 seconds
37.905: Application time: 0.0362100 seconds
37.905: [GC [PSYoungGen: 19833K->2544K(20480K)] 58133K->42892K(66560K), 0.0013360 secs] [Times: user=0.01 sys=0.00, real=0.00 secs] 
37.907: Total time for which application threads were stopped: 0.0014730 seconds, Stopping threads took: 0.0000690 seconds
37.936: Application time: 0.0293190 seconds
37.936: [GC [PSYoungGen: 20234K->2496K(20480K)] 60583K->45916K(66560K), 0.0015390 secs] [Times: user=0.01 sys=0.00, real=0.00 secs] 
37.938: [Full GC [PSYoungGen: 2496K->0K(20480K)] [ParOldGen: 43420K->8600K(46080K)] 45916K->8600K(66560K) [PSPermGen: 5495K->5495K(21504K)], 0.0065320 secs] [Times: user=0.03 sys=0.00, real=0.01 secs] 
37.944: Total time for which application threads were stopped: 0.0082550 seconds, Stopping threads took: 0.0000670 seconds
37.980: Application time: 0.0354800 seconds
37.980: [GC [PSYoungGen: 17224K->2304K(20480K)] 25825K->12952K(66560K), 0.0011490 secs] [Times: user=0.01 sys=0.00, real=0.00 secs] 
37.981: Total time for which application threads were stopped: 0.0012740 seconds, Stopping threads took: 0.0000590 seconds
38.011: Application time: 0.0305060 seconds
38.011: [GC [PSYoungGen: 20050K->2272K(20480K)] 30699K->15992K(66560K), 0.0014760 secs] [Times: user=0.00 sys=0.00, real=0.00 secs] 
38.013: Total time for which application threads were stopped: 0.0016250 seconds, Stopping threads took: 0.0000750 seconds
38.047: Application time: 0.0337400 seconds
38.047: [GC [PSYoungGen: 19425K->2304K(20480K)] 33145K->19096K(66560K), 0.0014600 secs] [Times: user=0.01 sys=0.00, real=0.00 secs] 
38.048: Total time for which application threads were stopped: 0.0016130 seconds, Stopping threads took: 0.0000880 seconds
38.081: Application time: 0.0324490 seconds
38.081: [GC [PSYoungGen: 20152K->2304K(20480K)] 36945K->21144K(66560K), 0.0011200 secs] [Times: user=0.00 sys=0.00, real=0.00 secs] 
38.082: Total time for which application threads were stopped: 0.0012430 seconds, Stopping threads took: 0.0000600 seconds
38.122: Application time: 0.0401270 seconds
38.122: [GC [PSYoungGen: 19824K->1280K(20480K)] 38664K->20120K(66560K), 0.0005230 secs] [Times: user=0.00 sys=0.00, real=0.00 secs] 
38.123: Total time for which application threads were stopped: 0.0006480 seconds, Stopping threads took: 0.0000590 seconds
38.149: Application time: 0.0258470 seconds
38.149: [GC [PSYoungGen: 18737K->2272K(20480K)] 37577K->24184K(66560K), 0.0013500 secs] [Times: user=0.00 sys=0.00, real=0.00 secs] 
38.150: Total time for which application threads were stopped: 0.0014870 seconds, Stopping threads took: 0.0000740 seconds
38.184: Application time: 0.0338950 seconds
38.184: [GC [PSYoungGen: 19257K->2304K(20480K)] 41169K->26264K(66560K), 0.0012040 secs] [Times: user=0.00 sys=0.00, real=0.00 secs] 
38.185: Total time for which application threads were stopped: 0.0013560 seconds, Stopping threads took: 0.0000770 seconds
38.215: Application time: 0.0294430 seconds
38.215: [GC [PSYoungGen: 19247K->2272K(20480K)] 43207K->30328K(66560K), 0.0016610 secs] [Times: user=0.01 sys=0.00, real=0.00 secs] 
38.217: Total time for which application threads were stopped: 0.0017810 seconds, Stopping threads took: 0.0000540 seconds
38.253: Application time: 0.0366740 seconds
38.253: [GC [PSYoungGen: 19319K->2272K(20480K)] 47375K->33400K(66560K), 0.0013920 secs] [Times: user=0.01 sys=0.00, real=0.00 secs] 
38.255: Total time for which application threads were stopped: 0.0015300 seconds, Stopping threads took: 0.0000680 seconds
38.279: Application time: 0.0240540 seconds
38.279: [GC [PSYoungGen: 20150K->2304K(20480K)] 51279K->38552K(66560K), 0.0020920 secs] [Times: user=0.02 sys=0.00, real=0.00 secs] 
38.281: Total time for which application threads were stopped: 0.0022400 seconds, Stopping threads took: 0.0000780 seconds
38.324: Application time: 0.0426950 seconds
38.324: [GC [PSYoungGen: 19528K->2240K(20480K)] 55776K->39512K(66560K), 0.0009520 secs] [Times: user=0.01 sys=0.00, real=0.00 secs] 
38.325: Total time for which application threads were stopped: 0.0010740 seconds, Stopping threads took: 0.0000590 seconds
38.351: Application time: 0.0261350 seconds
38.351: [GC [PSYoungGen: 20110K->2304K(20480K)] 57383K->44696K(66560K), 0.0019420 secs] [Times: user=0.01 sys=0.00, real=0.00 secs] 
38.353: [Full GC [PSYoungGen: 2304K->0K(20480K)] [ParOldGen: 42392K->10649K(46080K)] 44696K->10649K(66560K) [PSPermGen: 5495K->5495K(21504K)], 0.0069800 secs] [Times: user=0.03 sys=0.00, real=0.01 secs] 
38.360: Total time for which application threads were stopped: 0.0091050 seconds, Stopping threads took: 0.0000650 seconds
38.398: Application time: 0.0376230 seconds
38.398: [GC [PSYoungGen: 17920K->2304K(20480K)] 28569K->16025K(66560K), 0.0014140 secs] [Times: user=0.01 sys=0.00, real=0.01 secs] 
38.399: Total time for which application threads were stopped: 0.0015480 seconds, Stopping threads took: 0.0000690 seconds
38.426: Application time: 0.0265830 seconds
38.426: [GC [PSYoungGen: 19367K->2304K(20480K)] 33089K->21145K(66560K), 0.0020280 secs] [Times: user=0.01 sys=0.00, real=0.00 secs] 
38.428: Total time for which application threads were stopped: 0.0021810 seconds, Stopping threads took: 0.0000840 seconds
38.464: Application time: 0.0354570 seconds
38.464: [GC [PSYoungGen: 20224K->2336K(20480K)] 39065K->24249K(66560K), 0.0015360 secs] [Times: user=0.01 sys=0.00, real=0.00 secs] 
38.465: Total time for which application threads were stopped: 0.0016700 seconds, Stopping threads took: 0.0000580 seconds
38.494: Application time: 0.0290900 seconds
38.494: [GC [PSYoungGen: 19873K->2400K(20480K)] 41787K->29433K(66560K), 0.0020770 secs] [Times: user=0.02 sys=0.00, real=0.00 secs] 
38.497: Total time for which application threads were stopped: 0.0022410 seconds, Stopping threads took: 0.0000840 seconds
38.532: Application time: 0.0354200 seconds
38.532: [GC [PSYoungGen: 20132K->2432K(20480K)] 47165K->32537K(66560K), 0.0015150 secs] [Times: user=0.01 sys=0.00, real=0.00 secs] 
38.534: Total time for which application threads were stopped: 0.0016460 seconds, Stopping threads took: 0.0000630 seconds
38.565: Application time: 0.0309170 seconds
38.565: [GC [PSYoungGen: 20195K->2448K(20480K)] 50301K->37673K(66560K), 0.0021200 secs] [Times: user=0.01 sys=0.00, real=0.00 secs] 
38.567: Total time for which application threads were stopped: 0.0022740 seconds, Stopping threads took: 0.0000760 seconds
38.600: Application time: 0.0330820 seconds
38.600: [GC [PSYoungGen: 19981K->2400K(20480K)] 55206K->41721K(66560K), 0.0019000 secs] [Times: user=0.01 sys=0.00, real=0.00 secs] 
38.602: Total time for which application threads were stopped: 0.0020470 seconds, Stopping threads took: 0.0000780 seconds
38.635: Application time: 0.0325330 seconds
38.635: [GC [PSYoungGen: 19907K->2464K(20480K)] 59229K->45882K(66560K), 0.0018760 secs] [Times: user=0.01 sys=0.00, real=0.00 secs] 
38.637: [Full GC [PSYoungGen: 2464K->0K(20480K)] [ParOldGen: 43417K->9640K(46080K)] 45882K->9640K(66560K) [PSPermGen: 5495K->5495K(21504K)], 0.0069400 secs] [Times: user=0.03 sys=0.00, real=0.01 secs] 
38.644: Total time for which application threads were stopped: 0.0090070 seconds, Stopping threads took: 0.0000750 seconds
38.676: Application time: 0.0324140 seconds
38.676: [GC [PSYoungGen: 17488K->2272K(20480K)] 27129K->14984K(66560K), 0.0014680 secs] [Times: user=0.01 sys=0.00, real=0.00 secs] 
38.678: Total time for which application threads were stopped: 0.0015940 seconds, Stopping threads took: 0.0000600 seconds
38.712: Application time: 0.0341190 seconds
38.712: [GC [PSYoungGen: 19823K->2304K(20480K)] 32536K->19113K(66560K), 0.0017220 secs] [Times: user=0.01 sys=0.00, real=0.00 secs] 
38.714: Total time for which application threads were stopped: 0.0018840 seconds, Stopping threads took: 0.0000870 seconds
38.746: Application time: 0.0322260 seconds
38.746: [GC [PSYoungGen: 19723K->2304K(20480K)] 36532K->23209K(66560K), 0.0017620 secs] [Times: user=0.01 sys=0.00, real=0.00 secs] 
38.748: Total time for which application threads were stopped: 0.0019060 seconds, Stopping threads took: 0.0000730 seconds
38.782: Application time: 0.0343050 seconds
38.782: [GC [PSYoungGen: 19954K->2304K(20480K)] 40859K->27305K(66560K), 0.0017390 secs] [Times: user=0.01 sys=0.00, real=0.00 secs] 
38.784: Total time for which application threads were stopped: 0.0018780 seconds, Stopping threads took: 0.0000680 seconds
38.814: Application time: 0.0306350 seconds
38.815: [GC [PSYoungGen: 19642K->2320K(20480K)] 44643K->31417K(66560K), 0.0017030 secs] [Times: user=0.01 sys=0.00, real=0.00 secs] 
38.816: Total time for which application threads were stopped: 0.0018310 seconds, Stopping threads took: 0.0000630 seconds
38.849: Application time: 0.0331630 seconds
38.850: [GC [PSYoungGen: 19819K->2304K(20480K)] 48917K->34473K(66560K), 0.0015540 secs] [Times: user=0.01 sys=0.00, real=0.01 secs] 
38.851: Total time for which application threads were stopped: 0.0017160 seconds, Stopping threads took: 0.0000930 seconds
38.883: Application time: 0.0320580 seconds
38.883: [GC [PSYoungGen: 19741K->2304K(20480K)] 51910K->37545K(66560K), 0.0014550 secs] [Times: user=0.01 sys=0.00, real=0.00 secs] 
38.885: Total time for which application threads were stopped: 0.0015770 seconds, Stopping threads took: 0.0000560 seconds
38.919: Application time: 0.0346380 seconds
38.920: [GC [PSYoungGen: 19835K->2240K(20480K)] 55077K->39529K(66560K), 0.0011930 secs] [Times: user=0.01 sys=0.00, real=0.00 secs] 
38.921: Total time for which application threads were stopped: 0.0013500 seconds, Stopping threads took: 0.0000840 seconds
38.948: Application time: 0.0269050 seconds
38.948: [GC [PSYoungGen: 19524K->2272K(20480K)] 56813K->42633K(66560K), 0.0014530 secs] [Times: user=0.01 sys=0.00, real=0.00 secs] 
38.949: Total time for which application threads were stopped: 0.0015960 seconds, Stopping threads took: 0.0000760 seconds
38.989: Application time: 0.0393920 seconds
38.989: [GC [PSYoungGen: 20024K->2272K(20480K)] 60385K->44681K(66560K), 0.0012100 secs] [Times: user=0.00 sys=0.00, real=0.00 secs] 
38.990: [Full GC [PSYoungGen: 2272K->0K(20480K)] [ParOldGen: 42409K->7610K(46080K)] 44681K->7610K(66560K) [PSPermGen: 5495K->5495K(21504K)], 0.0062920 secs] [Times: user=0.03 sys=0.00, real=0.01 secs] 
38.996: Total time for which application threads were stopped: 0.0076850 seconds, Stopping threads took: 0.0000690 seconds
39.024: Application time: 0.0272950 seconds
39.024: [GC [PSYoungGen: 17226K->2304K(20480K)] 24836K->14010K(66560K), 0.0016540 secs] [Times: user=0.01 sys=0.00, real=0.00 secs] 
39.026: Total time for which application threads were stopped: 0.0017830 seconds, Stopping threads took: 0.0000610 seconds
39.060: Application time: 0.0346360 seconds
39.060: [GC [PSYoungGen: 19783K->2304K(20480K)] 31490K->16058K(66560K), 0.0012190 secs] [Times: user=0.00 sys=0.00, real=0.00 secs] 
39.062: Total time for which application threads were stopped: 0.0013610 seconds, Stopping threads took: 0.0000770 seconds
39.093: Application time: 0.0315300 seconds
39.093: [GC [PSYoungGen: 19842K->2304K(20480K)] 33596K->19130K(66560K), 0.0014050 secs] [Times: user=0.01 sys=0.00, real=0.00 secs] 
39.095: Total time for which application threads were stopped: 0.0015170 seconds, Stopping threads took: 0.0000510 seconds
39.129: Application time: 0.0344330 seconds
39.129: [GC [PSYoungGen: 19786K->2240K(20480K)] 36612K->21114K(66560K), 0.0012850 secs] [Times: user=0.00 sys=0.00, real=0.00 secs] 
39.130: Total time for which application threads were stopped: 0.0014330 seconds, Stopping threads took: 0.0000830 seconds
39.158: Application time: 0.0274180 seconds
39.158: [GC [PSYoungGen: 19709K->2304K(20480K)] 38583K->26298K(66560K), 0.0019800 secs] [Times: user=0.01 sys=0.00, real=0.01 secs] 
39.160: Total time for which application threads were stopped: 0.0021450 seconds, Stopping threads took: 0.0000960 seconds
39.199: Application time: 0.0385720 seconds
39.199: [GC [PSYoungGen: 20100K->2352K(20480K)] 44094K->29418K(66560K), 0.0014790 secs] [Times: user=0.01 sys=0.00, real=0.00 secs] 
39.200: Total time for which application threads were stopped: 0.0016080 seconds, Stopping threads took: 0.0000640 seconds
39.226: Application time: 0.0262560 seconds
39.227: [GC [PSYoungGen: 20020K->2432K(20480K)] 47087K->34618K(66560K), 0.0020050 secs] [Times: user=0.01 sys=0.00, real=0.00 secs] 
39.229: Total time for which application threads were stopped: 0.0021680 seconds, Stopping threads took: 0.0000850 seconds
39.268: Application time: 0.0394900 seconds
39.268: [GC [PSYoungGen: 20294K->2544K(20480K)] 52480K->36778K(66560K), 0.0013000 secs] [Times: user=0.01 sys=0.00, real=0.00 secs] 
39.270: Total time for which application threads were stopped: 0.0014320 seconds, Stopping threads took: 0.0000690 seconds
39.294: Application time: 0.0245490 seconds
39.299: [GC [PSYoungGen: 20117K->2528K(20480K)] 54351K->41882K(66560K), 0.0021810 secs] [Times: user=0.01 sys=0.00, real=0.00 secs] 
39.301: Total time for which application threads were stopped: 0.0067140 seconds, Stopping threads took: 0.0044620 seconds
39.342: Application time: 0.0411050 seconds
39.342: [GC [PSYoungGen: 19930K->2528K(20480K)] 59284K->44954K(66560K), 0.0015560 secs] [Times: user=0.01 sys=0.00, real=0.00 secs] 
39.344: [Full GC [PSYoungGen: 2528K->0K(20480K)] [ParOldGen: 42426K->8604K(46080K)] 44954K->8604K(66560K) [PSPermGen: 5495K->5495K(21504K)], 0.0064050 secs] [Times: user=0.03 sys=0.00, real=0.00 secs] 
39.350: Total time for which application threads were stopped: 0.0081390 seconds, Stopping threads took: 0.0000600 seconds
39.376: Application time: 0.0257210 seconds
39.376: [GC [PSYoungGen: 17648K->2304K(20480K)] 26253K->15004K(66560K), 0.0017210 secs] [Times: user=0.01 sys=0.00, real=0.00 secs] 
39.378: Total time for which application threads were stopped: 0.0018610 seconds, Stopping threads took: 0.0000740 seconds
39.414: Application time: 0.0360530 seconds
39.414: [GC [PSYoungGen: 19465K->2304K(20480K)] 32165K->19100K(66560K), 0.0018030 secs] [Times: user=0.01 sys=0.00, real=0.00 secs] 
39.416: Total time for which application threads were stopped: 0.0019580 seconds, Stopping threads took: 0.0000810 seconds
39.443: Application time: 0.0278320 seconds
39.444: [GC [PSYoungGen: 20151K->2304K(20480K)] 36947K->24220K(66560K), 0.0020780 secs] [Times: user=0.01 sys=0.00, real=0.00 secs] 
39.446: Total time for which application threads were stopped: 0.0022190 seconds, Stopping threads took: 0.0000710 seconds
39.484: Application time: 0.0385470 seconds
39.484: [GC [PSYoungGen: 19523K->2304K(20480K)] 41440K->28316K(66560K), 0.0017540 secs] [Times: user=0.01 sys=0.00, real=0.00 secs] 
39.486: Total time for which application threads were stopped: 0.0018900 seconds, Stopping threads took: 0.0000650 seconds
39.514: Application time: 0.0279790 seconds
39.514: [GC [PSYoungGen: 20150K->2320K(20480K)] 46162K->32428K(66560K), 0.0018300 secs] [Times: user=0.02 sys=0.00, real=0.00 secs] 
39.516: Total time for which application threads were stopped: 0.0019790 seconds, Stopping threads took: 0.0000780 seconds
39.555: Application time: 0.0384510 seconds
39.555: [GC [PSYoungGen: 19493K->2304K(20480K)] 49601K->35484K(66560K), 0.0014670 secs] [Times: user=0.01 sys=0.00, real=0.00 secs] 
39.556: Total time for which application threads were stopped: 0.0015950 seconds, Stopping threads took: 0.0000570 seconds
39.585: Application time: 0.0287110 seconds
39.585: [GC [PSYoungGen: 20209K->2320K(20480K)] 53389K->39596K(66560K), 0.0018430 secs] [Times: user=0.02 sys=0.00, real=0.00 secs] 
39.587: Total time for which application threads were stopped: 0.0019850 seconds, Stopping threads took: 0.0000690 seconds
39.624: Application time: 0.0369250 seconds
39.624: [GC [PSYoungGen: 20240K->2304K(20480K)] 57516K->42652K(66560K), 0.0014410 secs] [Times: user=0.01 sys=0.00, real=0.00 secs] 
39.625: [Full GC [PSYoungGen: 2304K->0K(20480K)] [ParOldGen: 40348K->8605K(46080K)] 42652K->8605K(66560K) [PSPermGen: 5495K->5495K(21504K)], 0.0065720 secs] [Times: user=0.03 sys=0.00, real=0.01 secs] 
39.632: Total time for which application threads were stopped: 0.0081970 seconds, Stopping threads took: 0.0000700 seconds
39.661: Application time: 0.0294770 seconds
39.662: [GC [PSYoungGen: 17136K->2304K(20480K)] 25742K->15005K(66560K), 0.0017390 secs] [Times: user=0.01 sys=0.00, real=0.00 secs] 
39.663: Total time for which application threads were stopped: 0.0018930 seconds, Stopping threads took: 0.0000840 seconds
39.697: Application time: 0.0335410 seconds
39.697: [GC [PSYoungGen: 19949K->2304K(20480K)] 32651K->18077K(66560K), 0.0014960 secs] [Times: user=0.01 sys=0.00, real=0.01 secs] 
39.699: Total time for which application threads were stopped: 0.0016530 seconds, Stopping threads took: 0.0000890 seconds
39.731: Application time: 0.0321280 seconds
39.731: [GC [PSYoungGen: 19693K->2304K(20480K)] 35467K->22174K(66560K), 0.0017110 secs] [Times: user=0.02 sys=0.00, real=0.00 secs] 
39.733: Total time for which application threads were stopped: 0.0018600 seconds, Stopping threads took: 0.0000760 seconds
39.766: Application time: 0.0332970 seconds
39.767: [GC [PSYoungGen: 19930K->2272K(20480K)] 39800K->24190K(66560K), 0.0011970 secs] [Times: user=0.01 sys=0.00, real=0.00 secs] 
39.768: Total time for which application threads were stopped: 0.0019480 seconds, Stopping threads took: 0.0006850 seconds
39.801: Application time: 0.0329660 seconds
39.803: [GC [PSYoungGen: 19690K->2320K(20480K)] 41608K->28334K(66560K), 0.0016570 secs] [Times: user=0.01 sys=0.00, real=0.00 secs] 
39.804: Total time for which application threads were stopped: 0.0034910 seconds, Stopping threads took: 0.0017650 seconds
39.834: Application time: 0.0300160 seconds
39.834: [GC [PSYoungGen: 19796K->2304K(20480K)] 45810K->31390K(66560K), 0.0015540 secs] [Times: user=0.00 sys=0.01, real=0.00 secs] 
39.836: Total time for which application threads were stopped: 0.0016900 seconds, Stopping threads took: 0.0000670 seconds
39.869: Application time: 0.0325910 seconds
39.869: [GC [PSYoungGen: 19692K->2272K(20480K)] 48778K->35454K(66560K), 0.0018160 secs] [Times: user=0.01 sys=0.00, real=0.01 secs] 
39.871: Total time for which application threads were stopped: 0.0019850 seconds, Stopping threads took: 0.0000960 seconds
39.904: Application time: 0.0330710 seconds
39.904: [GC [PSYoungGen: 20106K->2304K(20480K)] 53288K->38558K(66560K), 0.0015090 secs] [Times: user=0.01 sys=0.00, real=0.00 secs] 
39.905: Total time for which application threads were stopped: 0.0016470 seconds, Stopping threads took: 0.0000720 seconds
39.938: Application time: 0.0326640 seconds
39.938: [GC [PSYoungGen: 19942K->2416K(20480K)] 56196K->41742K(66560K), 0.0015830 secs] [Times: user=0.01 sys=0.00, real=0.01 secs] 
39.940: Total time for which application threads were stopped: 0.0017180 seconds, Stopping threads took: 0.0000670 seconds
39.971: Application time: 0.0311340 seconds
39.971: [GC [PSYoungGen: 19873K->2400K(20480K)] 59199K->45822K(66560K), 0.0017230 secs] [Times: user=0.02 sys=0.00, real=0.00 secs] 
39.973: [Full GC [PSYoungGen: 2400K->0K(20480K)] [ParOldGen: 43422K->9851K(46080K)] 45822K->9851K(66560K) [PSPermGen: 5495K->5495K(21504K)], 0.0069220 secs] [Times: user=0.03 sys=0.00, real=0.01 secs] 
39.980: Total time for which application threads were stopped: 0.0088510 seconds, Stopping threads took: 0.0000880 seconds
40.014: Application time: 0.0345300 seconds
40.014: [GC [PSYoungGen: 17920K->2400K(20480K)] 27771K->16347K(66560K), 0.0017860 secs] [Times: user=0.01 sys=0.00, real=0.00 secs] 
40.016: Total time for which application threads were stopped: 0.0019210 seconds, Stopping threads took: 0.0000590 seconds
40.046: Application time: 0.0302790 seconds
40.047: [GC [PSYoungGen: 19918K->2384K(20480K)] 33865K->19403K(66560K), 0.0015510 secs] [Times: user=0.01 sys=0.00, real=0.00 secs] 
40.048: Total time for which application threads were stopped: 0.0016970 seconds, Stopping threads took: 0.0000780 seconds
40.086: Application time: 0.0383770 seconds
40.087: [GC [PSYoungGen: 20072K->2400K(20480K)] 37091K->21467K(66560K), 0.0012610 secs] [Times: user=0.01 sys=0.01, real=0.00 secs] 
40.088: Total time for which application threads were stopped: 0.0013940 seconds, Stopping threads took: 0.0000670 seconds
40.113: Application time: 0.0255970 seconds
40.114: [GC [PSYoungGen: 19626K->2400K(20480K)] 38693K->26587K(66560K), 0.0019960 secs] [Times: user=0.02 sys=0.00, real=0.00 secs] 
40.116: Total time for which application threads were stopped: 0.0021440 seconds, Stopping threads took: 0.0000780 seconds
40.156: Application time: 0.0406670 seconds
40.156: [GC [PSYoungGen: 20052K->2384K(20480K)] 44239K->28619K(66560K), 0.0012570 secs] [Times: user=0.01 sys=0.00, real=0.00 secs] 
40.158: Total time for which application threads were stopped: 0.0013860 seconds, Stopping threads took: 0.0000640 seconds
40.180: Application time: 0.0226410 seconds
40.180: [GC [PSYoungGen: 19751K->2432K(20480K)] 45986K->32763K(66560K), 0.0018390 secs] [Times: user=0.02 sys=0.00, real=0.00 secs] 
40.182: Total time for which application threads were stopped: 0.0019990 seconds, Stopping threads took: 0.0000940 seconds
40.224: Application time: 0.0415380 seconds
40.224: [GC [PSYoungGen: 19720K->2432K(20480K)] 50052K->36859K(66560K), 0.0017650 secs] [Times: user=0.02 sys=0.00, real=0.00 secs] 
40.226: Total time for which application threads were stopped: 0.0019060 seconds, Stopping threads took: 0.0000700 seconds
40.254: Application time: 0.0280800 seconds
40.254: [GC [PSYoungGen: 20352K->2432K(20480K)] 54779K->40955K(66560K), 0.0017820 secs] [Times: user=0.01 sys=0.00, real=0.00 secs] 
40.256: Total time for which application threads were stopped: 0.0019430 seconds, Stopping threads took: 0.0000850 seconds
40.292: Application time: 0.0358630 seconds
40.292: [GC [PSYoungGen: 19473K->2432K(20480K)] 57997K->45051K(66560K), 0.0017750 secs] [Times: user=0.01 sys=0.00, real=0.00 secs] 
40.294: [Full GC [PSYoungGen: 2432K->0K(20480K)] [ParOldGen: 42619K->9645K(46080K)] 45051K->9645K(66560K) [PSPermGen: 5495K->5495K(21504K)], 0.0067980 secs] [Times: user=0.03 sys=0.00, real=0.01 secs] 
40.300: Total time for which application threads were stopped: 0.0087490 seconds, Stopping threads took: 0.0000570 seconds
40.329: Application time: 0.0283040 seconds
40.329: [GC [PSYoungGen: 16908K->2304K(20480K)] 26554K->15021K(66560K), 0.0014660 secs] [Times: user=0.01 sys=0.00, real=0.00 secs] 
40.330: Total time for which application threads were stopped: 0.0016160 seconds, Stopping threads took: 0.0000840 seconds
40.365: Application time: 0.0350770 seconds
40.366: [GC [PSYoungGen: 20224K->2320K(20480K)] 32941K->18109K(66560K), 0.0014400 secs] [Times: user=0.00 sys=0.01, real=0.00 secs] 
40.367: Total time for which application threads were stopped: 0.0015840 seconds, Stopping threads took: 0.0000730 seconds
40.398: Application time: 0.0312150 seconds
40.398: [GC [PSYoungGen: 19458K->2272K(20480K)] 35247K->21133K(66560K), 0.0014550 secs] [Times: user=0.01 sys=0.00, real=0.01 secs] 
40.400: Total time for which application threads were stopped: 0.0016070 seconds, Stopping threads took: 0.0000840 seconds
40.435: Application time: 0.0349260 seconds
40.435: [GC [PSYoungGen: 20179K->2304K(20480K)] 39041K->23213K(66560K), 0.0011620 secs] [Times: user=0.01 sys=0.00, real=0.00 secs] 
40.436: Total time for which application threads were stopped: 0.0012980 seconds, Stopping threads took: 0.0000700 seconds
40.468: Application time: 0.0321010 seconds
40.468: [GC [PSYoungGen: 19420K->2240K(20480K)] 40330K->26221K(66560K), 0.0014470 secs] [Times: user=0.01 sys=0.00, real=0.00 secs] 
40.470: Total time for which application threads were stopped: 0.0015880 seconds, Stopping threads took: 0.0000770 seconds
40.502: Application time: 0.0325790 seconds
40.502: [GC [PSYoungGen: 20036K->2272K(20480K)] 44017K->27277K(66560K), 0.0009880 secs] [Times: user=0.00 sys=0.00, real=0.00 secs] 
40.503: Total time for which application threads were stopped: 0.0011240 seconds, Stopping threads took: 0.0000710 seconds
40.536: Application time: 0.0330310 seconds
40.537: [GC [PSYoungGen: 19507K->2304K(20480K)] 44512K->31405K(66560K), 0.0016110 secs] [Times: user=0.01 sys=0.00, real=0.00 secs] 
40.538: Total time for which application threads were stopped: 0.0017460 seconds, Stopping threads took: 0.0000650 seconds
40.571: Application time: 0.0332240 seconds
40.575: [GC [PSYoungGen: 20089K->2304K(20480K)] 49190K->32429K(66560K), 0.0009510 secs] [Times: user=0.00 sys=0.00, real=0.00 secs] 
40.576: Total time for which application threads were stopped: 0.0040550 seconds, Stopping threads took: 0.0030420 seconds
40.605: Application time: 0.0296020 seconds
40.605: [GC [PSYoungGen: 19536K->2352K(20480K)] 49662K->36573K(66560K), 0.0017450 secs] [Times: user=0.01 sys=0.00, real=0.00 secs] 
40.607: Total time for which application threads were stopped: 0.0019220 seconds, Stopping threads took: 0.0001070 seconds
40.640: Application time: 0.0331990 seconds
40.640: [GC [PSYoungGen: 20160K->2400K(20480K)] 54381K->38669K(66560K), 0.0012140 secs] [Times: user=0.00 sys=0.00, real=0.00 secs] 
40.642: Total time for which application threads were stopped: 0.0013380 seconds, Stopping threads took: 0.0000600 seconds
40.675: Application time: 0.0333210 seconds
40.675: [GC [PSYoungGen: 19969K->2416K(20480K)] 56239K->41757K(66560K), 0.0014690 secs] [Times: user=0.01 sys=0.00, real=0.00 secs] 
40.677: Total time for which application threads were stopped: 0.0016060 seconds, Stopping threads took: 0.0000700 seconds
40.709: Application time: 0.0327560 seconds
40.709: [GC [PSYoungGen: 20151K->2368K(20480K)] 59492K->42733K(66560K), 0.0010990 secs] [Times: user=0.01 sys=0.00, real=0.01 secs] 
40.711: Total time for which application threads were stopped: 0.0012380 seconds, Stopping threads took: 0.0000730 seconds
40.742: Application time: 0.0318100 seconds
40.742: [GC [PSYoungGen: 19900K->2528K(20480K)] 60266K->44941K(66560K), 0.0012930 secs] [Times: user=0.00 sys=0.01, real=0.00 secs] 
40.744: [Full GC [PSYoungGen: 2528K->0K(20480K)] [ParOldGen: 42413K->7596K(46080K)] 44941K->7596K(66560K) [PSPermGen: 5495K->5495K(21504K)], 0.0063680 secs] [Times: user=0.03 sys=0.00, real=0.00 secs] 
40.750: Total time for which application threads were stopped: 0.0078360 seconds, Stopping threads took: 0.0000640 seconds
40.779: Application time: 0.0290450 seconds
40.779: [GC [PSYoungGen: 17435K->2304K(20480K)] 25031K->13996K(66560K), 0.0017100 secs] [Times: user=0.01 sys=0.00, real=0.00 secs] 
40.781: Total time for which application threads were stopped: 0.0018550 seconds, Stopping threads took: 0.0000660 seconds
40.819: Application time: 0.0384030 seconds
40.820: [GC [PSYoungGen: 19970K->2304K(20480K)] 31663K->15020K(66560K), 0.0009330 secs] [Times: user=0.01 sys=0.00, real=0.00 secs] 
40.821: Total time for which application threads were stopped: 0.0010580 seconds, Stopping threads took: 0.0000630 seconds
40.849: Application time: 0.0281050 seconds
40.849: [GC [PSYoungGen: 19695K->2304K(20480K)] 32412K->19116K(66560K), 0.0016500 secs] [Times: user=0.01 sys=0.00, real=0.00 secs] 
40.850: Total time for which application threads were stopped: 0.0018060 seconds, Stopping threads took: 0.0000880 seconds
40.885: Application time: 0.0343340 seconds
40.885: [GC [PSYoungGen: 19680K->2304K(20480K)] 36493K->21164K(66560K), 0.0011730 secs] [Times: user=0.00 sys=0.00, real=0.00 secs] 
40.886: Total time for which application threads were stopped: 0.0013100 seconds, Stopping threads took: 0.0000740 seconds
40.913: Application time: 0.0267020 seconds
40.913: [GC [PSYoungGen: 19895K->2304K(20480K)] 38756K->26284K(66560K), 0.0021280 secs] [Times: user=0.01 sys=0.00, real=0.00 secs] 
40.915: Total time for which application threads were stopped: 0.0022840 seconds, Stopping threads took: 0.0000830 seconds
40.954: Application time: 0.0391300 seconds
40.954: [GC [PSYoungGen: 19667K->2304K(20480K)] 43648K->28332K(66560K), 0.0011500 secs] [Times: user=0.01 sys=0.00, real=0.00 secs] 
40.955: Total time for which application threads were stopped: 0.0012810 seconds, Stopping threads took: 0.0000670 seconds
40.982: Application time: 0.0264550 seconds
40.987: [GC [PSYoungGen: 19989K->2272K(20480K)] 46018K->33420K(66560K), 0.0020690 secs] [Times: user=0.01 sys=0.00, real=0.00 secs] 
40.989: Total time for which application threads were stopped: 0.0067040 seconds, Stopping threads took: 0.0045650 seconds
41.024: Application time: 0.0349270 seconds
41.024: [GC [PSYoungGen: 19343K->2304K(20480K)] 50492K->37548K(66560K), 0.0018310 secs] [Times: user=0.02 sys=0.00, real=0.00 secs] 
41.026: Total time for which application threads were stopped: 0.0019720 seconds, Stopping threads took: 0.0000730 seconds
41.057: Application time: 0.0313870 seconds
41.057: [GC [PSYoungGen: 19274K->2304K(20480K)] 54519K->41644K(66560K), 0.0016540 secs] [Times: user=0.01 sys=0.00, real=0.01 secs] 
41.059: Total time for which application threads were stopped: 0.0018100 seconds, Stopping threads took: 0.0000880 seconds
41.092: Application time: 0.0332400 seconds
41.092: [GC [PSYoungGen: 19317K->2304K(20480K)] 58658K->44717K(66560K), 0.0014950 secs] [Times: user=0.01 sys=0.00, real=0.00 secs] 
41.094: [Full GC [PSYoungGen: 2304K->0K(20480K)] [ParOldGen: 42412K->8619K(46080K)] 44717K->8619K(66560K) [PSPermGen: 5495K->5495K(21504K)], 0.0065000 secs] [Times: user=0.03 sys=0.00, real=0.01 secs] 
41.100: Total time for which application threads were stopped: 0.0081750 seconds, Stopping threads took: 0.0000630 seconds
41.128: Application time: 0.0280740 seconds
41.128: [GC [PSYoungGen: 17860K->2304K(20480K)] 26480K->15020K(66560K), 0.0017650 secs] [Times: user=0.01 sys=0.00, real=0.00 secs] 
41.130: Total time for which application threads were stopped: 0.0019150 seconds, Stopping threads took: 0.0000820 seconds
41.169: Application time: 0.0386100 seconds
41.169: [GC [PSYoungGen: 19496K->2304K(20480K)] 32212K->17068K(66560K), 0.0012520 secs] [Times: user=0.01 sys=0.00, real=0.00 secs] 
41.170: Total time for which application threads were stopped: 0.0013800 seconds, Stopping threads took: 0.0000610 seconds
41.197: Application time: 0.0273260 seconds
41.198: [GC [PSYoungGen: 20115K->2304K(20480K)] 34879K->20140K(66560K), 0.0015020 secs] [Times: user=0.01 sys=0.00, real=0.01 secs] 
41.199: Total time for which application threads were stopped: 0.0016510 seconds, Stopping threads took: 0.0000780 seconds
41.235: Application time: 0.0354500 seconds
41.235: [GC [PSYoungGen: 19389K->2304K(20480K)] 37225K->24236K(66560K), 0.0017920 secs] [Times: user=0.02 sys=0.00, real=0.00 secs] 
41.237: Total time for which application threads were stopped: 0.0019330 seconds, Stopping threads took: 0.0000730 seconds
41.267: Application time: 0.0304470 seconds
41.267: [GC [PSYoungGen: 20224K->2304K(20480K)] 42156K->29356K(66560K), 0.0019500 secs] [Times: user=0.01 sys=0.00, real=0.00 secs] 
41.269: Total time for which application threads were stopped: 0.0021030 seconds, Stopping threads took: 0.0000810 seconds
41.305: Application time: 0.0356790 seconds
41.305: [GC [PSYoungGen: 19388K->2304K(20480K)] 46441K->33452K(66560K), 0.0017020 secs] [Times: user=0.01 sys=0.00, real=0.00 secs] 
41.307: Total time for which application threads were stopped: 0.0018590 seconds, Stopping threads took: 0.0000740 seconds
41.333: Application time: 0.0266730 seconds
41.333: [GC [PSYoungGen: 19335K->2368K(20480K)] 50483K->37612K(66560K), 0.0017990 secs] [Times: user=0.01 sys=0.00, real=0.00 secs] 
41.335: Total time for which application threads were stopped: 0.0019580 seconds, Stopping threads took: 0.0000900 seconds
41.369: Application time: 0.0338570 seconds
41.369: [GC [PSYoungGen: 20288K->2352K(20480K)] 55532K->40668K(66560K), 0.0015630 secs] [Times: user=0.01 sys=0.00, real=0.01 secs] 
41.371: Total time for which application threads were stopped: 0.0017210 seconds, Stopping threads took: 0.0000910 seconds
41.404: Application time: 0.0327990 seconds
41.404: [GC [PSYoungGen: 19701K->2400K(20480K)] 58018K->44812K(66560K), 0.0017710 secs] [Times: user=0.01 sys=0.00, real=0.00 secs] 
41.406: [Full GC [PSYoungGen: 2400K->0K(20480K)] [ParOldGen: 42412K->9849K(46080K)] 44812K->9849K(66560K) [PSPermGen: 5495K->5495K(21504K)], 0.0064820 secs] [Times: user=0.03 sys=0.00, real=0.01 secs] 
41.412: Total time for which application threads were stopped: 0.0084400 seconds, Stopping threads took: 0.0000700 seconds
41.444: Application time: 0.0322960 seconds
41.444: [GC [PSYoungGen: 16964K->2336K(20480K)] 26814K->13209K(66560K), 0.0010430 secs] [Times: user=0.00 sys=0.00, real=0.00 secs] 
41.446: Total time for which application threads were stopped: 0.0011710 seconds, Stopping threads took: 0.0000670 seconds
41.478: Application time: 0.0327550 seconds
41.478: [GC [PSYoungGen: 19783K->2416K(20480K)] 30657K->16361K(66560K), 0.0015700 secs] [Times: user=0.01 sys=0.00, real=0.01 secs] 
41.480: Total time for which application threads were stopped: 0.0017160 seconds, Stopping threads took: 0.0000790 seconds
41.514: Application time: 0.0337920 seconds
41.514: [GC [PSYoungGen: 19982K->2368K(20480K)] 33928K->16313K(66560K), 0.0007480 secs] [Times: user=0.00 sys=0.00, real=0.00 secs] 
41.515: Total time for which application threads were stopped: 0.0008770 seconds, Stopping threads took: 0.0000650 seconds
41.548: Application time: 0.0328710 seconds
41.548: [GC [PSYoungGen: 19849K->2368K(20480K)] 33795K->19385K(66560K), 0.0014890 secs] [Times: user=0.01 sys=0.00, real=0.00 secs] 
41.549: Total time for which application threads were stopped: 0.0016270 seconds, Stopping threads took: 0.0000730 seconds
41.583: Application time: 0.0339690 seconds
41.583: [GC [PSYoungGen: 19805K->2336K(20480K)] 36822K->21401K(66560K), 0.0012730 secs] [Times: user=0.01 sys=0.00, real=0.00 secs] 
41.585: Total time for which application threads were stopped: 0.0014080 seconds, Stopping threads took: 0.0000710 seconds
41.614: Application time: 0.0290810 seconds
41.614: [GC [PSYoungGen: 19800K->2432K(20480K)] 38865K->25593K(66560K), 0.0017420 secs] [Times: user=0.01 sys=0.00, real=0.00 secs] 
41.616: Total time for which application threads were stopped: 0.0018890 seconds, Stopping threads took: 0.0000800 seconds
41.650: Application time: 0.0341330 seconds
41.650: [GC [PSYoungGen: 19813K->2416K(20480K)] 42975K->29674K(66560K), 0.0017890 secs] [Times: user=0.01 sys=0.00, real=0.01 secs] 
41.652: Total time for which application threads were stopped: 0.0019280 seconds, Stopping threads took: 0.0000720 seconds
41.685: Application time: 0.0330490 seconds
41.685: [GC [PSYoungGen: 19979K->2432K(20480K)] 47237K->33786K(66560K), 0.0017850 secs] [Times: user=0.01 sys=0.00, real=0.00 secs] 
41.687: Total time for which application threads were stopped: 0.0019360 seconds, Stopping threads took: 0.0000830 seconds
41.719: Application time: 0.0321590 seconds
41.723: [GC [PSYoungGen: 19995K->2384K(20480K)] 51349K->36810K(66560K), 0.0015220 secs] [Times: user=0.01 sys=0.00, real=0.00 secs] 
41.724: Total time for which application threads were stopped: 0.0052910 seconds, Stopping threads took: 0.0037070 seconds
41.758: Application time: 0.0335300 seconds
41.758: [GC [PSYoungGen: 19817K->2384K(20480K)] 54243K->39882K(66560K), 0.0014570 secs] [Times: user=0.00 sys=0.00, real=0.01 secs] 
41.759: Total time for which application threads were stopped: 0.0016020 seconds, Stopping threads took: 0.0000800 seconds
41.792: Application time: 0.0330670 seconds
41.792: [GC [PSYoungGen: 19988K->2400K(20480K)] 57486K->42970K(66560K), 0.0014430 secs] [Times: user=0.01 sys=0.00, real=0.00 secs] 
41.794: Total time for which application threads were stopped: 0.0015630 seconds, Stopping threads took: 0.0000540 seconds
41.824: Application time: 0.0298460 seconds
41.824: [GC [PSYoungGen: 19689K->2432K(20480K)] 60259K->47098K(66560K), 0.0018180 secs] [Times: user=0.02 sys=0.00, real=0.00 secs] 
41.826: [Full GC [PSYoungGen: 2432K->0K(20480K)] [ParOldGen: 44666K->9641K(46080K)] 47098K->9641K(66560K) [PSPermGen: 5495K->5495K(21504K)], 0.0069650 secs] [Times: user=0.03 sys=0.00, real=0.01 secs] 
41.833: Total time for which application threads were stopped: 0.0089790 seconds, Stopping threads took: 0.0000710 seconds
41.864: Application time: 0.0313160 seconds
41.864: [GC [PSYoungGen: 17432K->2304K(20480K)] 27073K->15017K(66560K), 0.0013470 secs] [Times: user=0.01 sys=0.00, real=0.00 secs] 
41.865: Total time for which application threads were stopped: 0.0014810 seconds, Stopping threads took: 0.0000690 seconds
41.898: Application time: 0.0327450 seconds
41.898: [GC [PSYoungGen: 19634K->2304K(20480K)] 32347K->18089K(66560K), 0.0015060 secs] [Times: user=0.01 sys=0.00, real=0.01 secs] 
41.900: Total time for which application threads were stopped: 0.0016470 seconds, Stopping threads took: 0.0000730 seconds
41.930: Application time: 0.0299900 seconds
41.930: [GC [PSYoungGen: 19838K->2304K(20480K)] 35624K->22185K(66560K), 0.0017310 secs] [Times: user=0.01 sys=0.00, real=0.01 secs] 
41.932: Total time for which application threads were stopped: 0.0018790 seconds, Stopping threads took: 0.0000800 seconds
41.967: Application time: 0.0351630 seconds
41.967: [GC [PSYoungGen: 19759K->2304K(20480K)] 39641K->25257K(66560K), 0.0014930 secs] [Times: user=0.01 sys=0.00, real=0.00 secs] 
41.969: Total time for which application threads were stopped: 0.0016340 seconds, Stopping threads took: 0.0000770 seconds
41.997: Application time: 0.0288920 seconds
41.998: [GC [PSYoungGen: 19857K->2304K(20480K)] 42811K->30377K(66560K), 0.0020520 secs] [Times: user=0.01 sys=0.00, real=0.01 secs] 
42.000: Total time for which application threads were stopped: 0.0021980 seconds, Stopping threads took: 0.0000710 seconds
42.037: Application time: 0.0372320 seconds
42.037: [GC [PSYoungGen: 19779K->2304K(20480K)] 47852K->33449K(66560K), 0.0015020 secs] [Times: user=0.01 sys=0.00, real=0.01 secs] 
42.039: Total time for which application threads were stopped: 0.0016460 seconds, Stopping threads took: 0.0000790 seconds
42.068: Application time: 0.0292370 seconds
42.071: [GC [PSYoungGen: 19978K->2336K(20480K)] 51123K->37577K(66560K), 0.0017460 secs] [Times: user=0.01 sys=0.00, real=0.00 secs] 
42.072: Total time for which application threads were stopped: 0.0045580 seconds, Stopping threads took: 0.0027400 seconds
42.108: Application time: 0.0356510 seconds
42.108: [GC [PSYoungGen: 20056K->2432K(20480K)] 55297K->41769K(66560K), 0.0019300 secs] [Times: user=0.01 sys=0.00, real=0.00 secs] 
42.110: Total time for which application threads were stopped: 0.0020660 seconds, Stopping threads took: 0.0000640 seconds
42.141: Application time: 0.0312100 seconds
42.141: [GC [PSYoungGen: 20094K->2400K(20480K)] 59431K->45833K(66560K), 0.0017010 secs] [Times: user=0.01 sys=0.00, real=0.00 secs] 
42.143: [Full GC [PSYoungGen: 2400K->0K(20480K)] [ParOldGen: 43433K->9626K(46080K)] 45833K->9626K(66560K) [PSPermGen: 5495K->5495K(21504K)], 0.0066910 secs] [Times: user=0.03 sys=0.00, real=0.00 secs] 
42.150: Total time for which application threads were stopped: 0.0085730 seconds, Stopping threads took: 0.0000610 seconds
42.185: Application time: 0.0347790 seconds
42.185: [GC [PSYoungGen: 17694K->2368K(20480K)] 27320K->16090K(66560K), 0.0018730 secs] [Times: user=0.01 sys=0.00, real=0.00 secs] 
42.187: Total time for which application threads were stopped: 0.0020180 seconds, Stopping threads took: 0.0000690 seconds
42.214: Application time: 0.0273960 seconds
42.214: [GC [PSYoungGen: 20127K->2384K(20480K)] 33849K->21226K(66560K), 0.0021150 secs] [Times: user=0.02 sys=0.00, real=0.00 secs] 
42.216: Total time for which application threads were stopped: 0.0022650 seconds, Stopping threads took: 0.0000780 seconds
42.250: Application time: 0.0332750 seconds
42.250: [GC [PSYoungGen: 19512K->2416K(20480K)] 38354K->25354K(66560K), 0.0018730 secs] [Times: user=0.01 sys=0.00, real=0.01 secs] 
42.252: Total time for which application threads were stopped: 0.0020220 seconds, Stopping threads took: 0.0000760 seconds
42.286: Application time: 0.0340850 seconds
42.286: [GC [PSYoungGen: 20336K->2400K(20480K)] 43274K->30458K(66560K), 0.0020660 secs] [Times: user=0.01 sys=0.00, real=0.00 secs] 
42.288: Total time for which application threads were stopped: 0.0022180 seconds, Stopping threads took: 0.0000800 seconds
42.319: Application time: 0.0311790 seconds
42.319: [GC [PSYoungGen: 19504K->2432K(20480K)] 47562K->34586K(66560K), 0.0018300 secs] [Times: user=0.01 sys=0.00, real=0.00 secs] 
42.321: Total time for which application threads were stopped: 0.0019810 seconds, Stopping threads took: 0.0000830 seconds
42.356: Application time: 0.0349760 seconds
42.356: [GC [PSYoungGen: 20343K->2368K(20480K)] 52498K->39642K(66560K), 0.0021000 secs] [Times: user=0.01 sys=0.00, real=0.00 secs] 
42.358: Total time for which application threads were stopped: 0.0022460 seconds, Stopping threads took: 0.0000620 seconds
42.390: Application time: 0.0314330 seconds
42.390: [GC [PSYoungGen: 19473K->2400K(20480K)] 56748K->42746K(66560K), 0.0015420 secs] [Times: user=0.02 sys=0.00, real=0.01 secs] 
42.391: [Full GC [PSYoungGen: 2400K->0K(20480K)] [ParOldGen: 40346K->8620K(46080K)] 42746K->8620K(66560K) [PSPermGen: 5495K->5495K(21504K)], 0.0064320 secs] [Times: user=0.02 sys=0.00, real=0.00 secs] 
42.398: Total time for which application threads were stopped: 0.0081670 seconds, Stopping threads took: 0.0000770 seconds
42.431: Application time: 0.0335150 seconds
42.432: [GC [PSYoungGen: 17905K->2304K(20480K)] 26526K->15020K(66560K), 0.0017180 secs] [Times: user=0.01 sys=0.00, real=0.00 secs] 
42.433: Total time for which application threads were stopped: 0.0018830 seconds, Stopping threads took: 0.0000950 seconds
42.466: Application time: 0.0324970 seconds
42.466: [GC [PSYoungGen: 19453K->2304K(20480K)] 32170K->18093K(66560K), 0.0015030 secs] [Times: user=0.01 sys=0.00, real=0.00 secs] 
42.467: Total time for which application threads were stopped: 0.0016550 seconds, Stopping threads took: 0.0000820 seconds
42.500: Application time: 0.0321250 seconds
42.500: [GC [PSYoungGen: 20076K->2304K(20480K)] 35865K->21165K(66560K), 0.0015150 secs] [Times: user=0.01 sys=0.00, real=0.00 secs] 
42.501: Total time for which application threads were stopped: 0.0016810 seconds, Stopping threads took: 0.0000900 seconds
42.535: Application time: 0.0341800 seconds
42.536: [GC [PSYoungGen: 19484K->2272K(20480K)] 38345K->23181K(66560K), 0.0013560 secs] [Times: user=0.00 sys=0.00, real=0.00 secs] 
42.537: Total time for which application threads were stopped: 0.0014860 seconds, Stopping threads took: 0.0000640 seconds
42.568: Application time: 0.0314590 seconds
42.569: [GC [PSYoungGen: 20110K->2272K(20480K)] 41019K->26253K(66560K), 0.0014600 secs] [Times: user=0.01 sys=0.00, real=0.00 secs] 
42.570: Total time for which application threads were stopped: 0.0016030 seconds, Stopping threads took: 0.0000740 seconds
42.604: Application time: 0.0337040 seconds
42.604: [GC [PSYoungGen: 19422K->2272K(20480K)] 43403K->29325K(66560K), 0.0014740 secs] [Times: user=0.01 sys=0.00, real=0.00 secs] 
42.605: Total time for which application threads were stopped: 0.0016260 seconds, Stopping threads took: 0.0000850 seconds
42.636: Application time: 0.0301780 seconds
42.636: [GC [PSYoungGen: 20027K->2304K(20480K)] 47080K->32429K(66560K), 0.0014270 secs] [Times: user=0.01 sys=0.00, real=0.00 secs] 
42.637: Total time for which application threads were stopped: 0.0015680 seconds, Stopping threads took: 0.0000740 seconds
42.673: Application time: 0.0355810 seconds
42.673: [GC [PSYoungGen: 19517K->2304K(20480K)] 49642K->34477K(66560K), 0.0012370 secs] [Times: user=0.01 sys=0.00, real=0.00 secs] 
42.674: Total time for which application threads were stopped: 0.0013690 seconds, Stopping threads took: 0.0000670 seconds
42.702: Application time: 0.0282790 seconds
42.702: [GC [PSYoungGen: 20006K->2240K(20480K)] 52179K->37485K(66560K), 0.0014720 secs] [Times: user=0.01 sys=0.00, real=0.00 secs] 
42.704: Total time for which application threads were stopped: 0.0016210 seconds, Stopping threads took: 0.0000800 seconds
42.738: Application time: 0.0337450 seconds
42.738: [GC [PSYoungGen: 19244K->2304K(20480K)] 54490K->40621K(66560K), 0.0015440 secs] [Times: user=0.01 sys=0.00, real=0.01 secs] 
42.739: Total time for which application threads were stopped: 0.0016820 seconds, Stopping threads took: 0.0000700 seconds
42.772: Application time: 0.0326530 seconds
42.775: [GC [PSYoungGen: 19426K->2240K(20480K)] 57743K->41581K(66560K), 0.0009840 secs] [Times: user=0.01 sys=0.00, real=0.00 secs] 
42.776: Total time for which application threads were stopped: 0.0035180 seconds, Stopping threads took: 0.0024660 seconds
42.809: Application time: 0.0336900 seconds
42.809: [GC [PSYoungGen: 19251K->2368K(20480K)] 58593K->43757K(66560K), 0.0012110 secs] [Times: user=0.01 sys=0.00, real=0.01 secs] 
42.811: [Full GC [PSYoungGen: 2368K->0K(20480K)] [ParOldGen: 41389K->7879K(46080K)] 43757K->7879K(66560K) [PSPermGen: 5495K->5495K(21504K)], 0.0060890 secs] [Times: user=0.02 sys=0.00, real=0.00 secs] 
42.817: Total time for which application threads were stopped: 0.0074760 seconds, Stopping threads took: 0.0000610 seconds
42.847: Application time: 0.0298810 seconds
42.847: [GC [PSYoungGen: 17079K->2304K(20480K)] 24959K->13255K(66560K), 0.0013690 secs] [Times: user=0.01 sys=0.00, real=0.00 secs] 
42.848: Total time for which application threads were stopped: 0.0015140 seconds, Stopping threads took: 0.0000830 seconds
42.879: Application time: 0.0309450 seconds
42.879: [GC [PSYoungGen: 19411K->2384K(20480K)] 30362K->16407K(66560K), 0.0014700 secs] [Times: user=0.01 sys=0.00, real=0.00 secs] 
42.881: Total time for which application threads were stopped: 0.0016140 seconds, Stopping threads took: 0.0000720 seconds
42.908: Application time: 0.0272610 seconds
42.908: [GC [PSYoungGen: 19478K->2448K(20480K)] 33502K->20567K(66560K), 0.0018870 secs] [Times: user=0.01 sys=0.00, real=0.00 secs] 
42.910: Total time for which application threads were stopped: 0.0020210 seconds, Stopping threads took: 0.0000640 seconds
42.944: Application time: 0.0339760 seconds
42.944: [GC [PSYoungGen: 20304K->2432K(20480K)] 38424K->23623K(66560K), 0.0016440 secs] [Times: user=0.01 sys=0.00, real=0.00 secs] 
42.946: Total time for which application threads were stopped: 0.0017850 seconds, Stopping threads took: 0.0000620 seconds
42.979: Application time: 0.0327960 seconds
42.979: [GC [PSYoungGen: 19636K->2432K(20480K)] 40828K->26695K(66560K), 0.0015350 secs] [Times: user=0.01 sys=0.00, real=0.00 secs] 
42.980: Total time for which application threads were stopped: 0.0016870 seconds, Stopping threads took: 0.0000880 seconds
43.014: Application time: 0.0334470 seconds
43.014: [GC [PSYoungGen: 20253K->2496K(20480K)] 44517K->29831K(66560K), 0.0014590 secs] [Times: user=0.01 sys=0.00, real=0.00 secs] 
43.015: Total time for which application threads were stopped: 0.0015980 seconds, Stopping threads took: 0.0000730 seconds
43.046: Application time: 0.0307290 seconds
43.046: [GC [PSYoungGen: 19644K->2464K(20480K)] 46980K->34920K(66560K), 0.0021050 secs] [Times: user=0.02 sys=0.00, real=0.00 secs] 
43.048: Total time for which application threads were stopped: 0.0022520 seconds, Stopping threads took: 0.0000750 seconds
43.080: Application time: 0.0315000 seconds
43.080: [GC [PSYoungGen: 20226K->2496K(20480K)] 52682K->39048K(66560K), 0.0017900 secs] [Times: user=0.01 sys=0.00, real=0.00 secs] 
43.082: Total time for which application threads were stopped: 0.0019400 seconds, Stopping threads took: 0.0000810 seconds
43.116: Application time: 0.0342670 seconds
43.116: [GC [PSYoungGen: 19791K->2464K(20480K)] 56343K->44136K(66560K), 0.0021510 secs] [Times: user=0.02 sys=0.00, real=0.00 secs] 
43.118: [Full GC [PSYoungGen: 2464K->0K(20480K)] [ParOldGen: 41672K->10647K(46080K)] 44136K->10647K(66560K) [PSPermGen: 5497K->5497K(21504K)], 0.0068130 secs] [Times: user=0.03 sys=0.00, real=0.01 secs] 
43.125: Total time for which application threads were stopped: 0.0091550 seconds, Stopping threads took: 0.0000720 seconds
43.157: Application time: 0.0319720 seconds
43.157: [GC [PSYoungGen: 17750K->2304K(20480K)] 28397K->17047K(66560K), 0.0017690 secs] [Times: user=0.01 sys=0.00, real=0.01 secs] 
43.159: Total time for which application threads were stopped: 0.0019350 seconds, Stopping threads took: 0.0000930 seconds
43.193: Application time: 0.0342910 seconds
43.193: [GC [PSYoungGen: 19624K->2304K(20480K)] 34367K->22167K(66560K), 0.0020300 secs] [Times: user=0.01 sys=0.00, real=0.00 secs] 
43.195: Total time for which application threads were stopped: 0.0021660 seconds, Stopping threads took: 0.0000650 seconds
43.226: Application time: 0.0307800 seconds
43.226: [GC [PSYoungGen: 20021K->2304K(20480K)] 39884K->27287K(66560K), 0.0020490 secs] [Times: user=0.01 sys=0.00, real=0.00 secs] 
43.228: Total time for which application threads were stopped: 0.0022010 seconds, Stopping threads took: 0.0000810 seconds
43.264: Application time: 0.0356810 seconds
43.264: [GC [PSYoungGen: 19639K->2304K(20480K)] 44622K->31383K(66560K), 0.0017440 secs] [Times: user=0.01 sys=0.00, real=0.00 secs] 
43.266: Total time for which application threads were stopped: 0.0018760 seconds, Stopping threads took: 0.0000610 seconds
43.297: Application time: 0.0305010 seconds
43.297: [GC [PSYoungGen: 20026K->2272K(20480K)] 49106K->35447K(66560K), 0.0017520 secs] [Times: user=0.01 sys=0.00, real=0.00 secs] 
43.298: Total time for which application threads were stopped: 0.0018910 seconds, Stopping threads took: 0.0000700 seconds
43.332: Application time: 0.0339870 seconds
43.333: [GC [PSYoungGen: 19458K->2304K(20480K)] 52633K->38551K(66560K), 0.0014410 secs] [Times: user=0.01 sys=0.00, real=0.00 secs] 
43.334: Total time for which application threads were stopped: 0.0016030 seconds, Stopping threads took: 0.0000910 seconds
43.364: Application time: 0.0303960 seconds
43.365: [GC [PSYoungGen: 20120K->2304K(20480K)] 56367K->42647K(66560K), 0.0017270 secs] [Times: user=0.01 sys=0.00, real=0.00 secs] 
43.366: [Full GC [PSYoungGen: 2304K->0K(20480K)] [ParOldGen: 40343K->9629K(46080K)] 42647K->9629K(66560K) [PSPermGen: 5497K->5497K(21504K)], 0.0068160 secs] [Times: user=0.03 sys=0.00, real=0.01 secs] 
43.373: Total time for which application threads were stopped: 0.0087360 seconds, Stopping threads took: 0.0000710 seconds
43.407: Application time: 0.0335620 seconds
43.407: [GC [PSYoungGen: 17089K->2304K(20480K)] 26718K->15005K(66560K), 0.0015370 secs] [Times: user=0.01 sys=0.00, real=0.00 secs] 
43.408: Total time for which application threads were stopped: 0.0016800 seconds, Stopping threads took: 0.0000690 seconds
43.437: Application time: 0.0288460 seconds
43.437: [GC [PSYoungGen: 20093K->2304K(20480K)] 32795K->19101K(66560K), 0.0017770 secs] [Times: user=0.01 sys=0.00, real=0.01 secs] 
43.439: Total time for which application threads were stopped: 0.0019410 seconds, Stopping threads took: 0.0000940 seconds
43.475: Application time: 0.0358140 seconds
43.475: [GC [PSYoungGen: 19468K->2304K(20480K)] 36265K->21150K(66560K), 0.0012520 secs] [Times: user=0.00 sys=0.00, real=0.00 secs] 
43.476: Total time for which application threads were stopped: 0.0013810 seconds, Stopping threads took: 0.0000590 seconds
43.507: Application time: 0.0301990 seconds
43.507: [GC [PSYoungGen: 20224K->2304K(20480K)] 39070K->25246K(66560K), 0.0016950 secs] [Times: user=0.02 sys=0.00, real=0.00 secs] 
43.508: Total time for which application threads were stopped: 0.0018310 seconds, Stopping threads took: 0.0000620 seconds
43.543: Application time: 0.0349970 seconds
43.544: [GC [PSYoungGen: 19663K->2416K(20480K)] 42605K->27406K(66560K), 0.0012500 secs] [Times: user=0.00 sys=0.00, real=0.00 secs] 
43.545: Total time for which application threads were stopped: 0.0013720 seconds, Stopping threads took: 0.0000570 seconds
43.574: Application time: 0.0293840 seconds
43.574: [GC [PSYoungGen: 20336K->2432K(20480K)] 45326K->31518K(66560K), 0.0017930 secs] [Times: user=0.01 sys=0.00, real=0.00 secs] 
43.576: Total time for which application threads were stopped: 0.0019330 seconds, Stopping threads took: 0.0000720 seconds
43.612: Application time: 0.0355810 seconds
43.612: [GC [PSYoungGen: 19870K->2480K(20480K)] 48956K->33614K(66560K), 0.0013140 secs] [Times: user=0.00 sys=0.00, real=0.00 secs] 
43.613: Total time for which application threads were stopped: 0.0014550 seconds, Stopping threads took: 0.0000760 seconds
43.643: Application time: 0.0294060 seconds
43.643: [GC [PSYoungGen: 19454K->2496K(20480K)] 50588K->36702K(66560K), 0.0016130 secs] [Times: user=0.01 sys=0.00, real=0.00 secs] 
43.644: Total time for which application threads were stopped: 0.0017430 seconds, Stopping threads took: 0.0000560 seconds
43.678: Application time: 0.0338290 seconds
43.683: [GC [PSYoungGen: 19407K->2512K(20480K)] 53613K->39790K(66560K), 0.0015400 secs] [Times: user=0.01 sys=0.00, real=0.00 secs] 
43.684: Total time for which application threads were stopped: 0.0059560 seconds, Stopping threads took: 0.0043470 seconds
43.714: Application time: 0.0300050 seconds
43.714: [GC [PSYoungGen: 19525K->2528K(20480K)] 56803K->43902K(66560K), 0.0017940 secs] [Times: user=0.02 sys=0.00, real=0.00 secs] 
43.716: [Full GC [PSYoungGen: 2528K->0K(20480K)] [ParOldGen: 41374K->9646K(46080K)] 43902K->9646K(66560K) [PSPermGen: 5497K->5497K(21504K)], 0.0069900 secs] [Times: user=0.03 sys=0.00, real=0.01 secs] 
43.723: Total time for which application threads were stopped: 0.0089840 seconds, Stopping threads took: 0.0000860 seconds
43.758: Application time: 0.0351260 seconds
43.758: [GC [PSYoungGen: 17919K->2304K(20480K)] 27565K->15022K(66560K), 0.0015040 secs] [Times: user=0.01 sys=0.00, real=0.01 secs] 
43.760: Total time for which application threads were stopped: 0.0016370 seconds, Stopping threads took: 0.0000620 seconds
43.789: Application time: 0.0291440 seconds
43.789: [GC [PSYoungGen: 19295K->2304K(20480K)] 32013K->18094K(66560K), 0.0013730 secs] [Times: user=0.01 sys=0.00, real=0.01 secs] 
43.791: Total time for which application threads were stopped: 0.0015180 seconds, Stopping threads took: 0.0000760 seconds
43.826: Application time: 0.0354750 seconds
43.826: [GC [PSYoungGen: 20221K->2272K(20480K)] 36012K->20110K(66560K), 0.0011520 secs] [Times: user=0.01 sys=0.00, real=0.00 secs] 
43.827: Total time for which application threads were stopped: 0.0012970 seconds, Stopping threads took: 0.0000720 seconds
43.854: Application time: 0.0269830 seconds
43.854: [GC [PSYoungGen: 19204K->2272K(20480K)] 37042K->23182K(66560K), 0.0015450 secs] [Times: user=0.01 sys=0.00, real=0.00 secs] 
43.856: Total time for which application threads were stopped: 0.0017570 seconds, Stopping threads took: 0.0001370 seconds
43.890: Application time: 0.0338600 seconds
43.890: [GC [PSYoungGen: 20025K->2304K(20480K)] 40935K->26286K(66560K), 0.0014630 secs] [Times: user=0.01 sys=0.00, real=0.01 secs] 
43.892: Total time for which application threads were stopped: 0.0015930 seconds, Stopping threads took: 0.0000630 seconds
43.924: Application time: 0.0325020 seconds
43.924: [GC [PSYoungGen: 19604K->2272K(20480K)] 43586K->29326K(66560K), 0.0015050 secs] [Times: user=0.01 sys=0.00, real=0.00 secs] 
43.926: Total time for which application threads were stopped: 0.0016580 seconds, Stopping threads took: 0.0000810 seconds
43.959: Application time: 0.0336260 seconds
43.959: [GC [PSYoungGen: 19990K->2272K(20480K)] 47044K->32398K(66560K), 0.0013720 secs] [Times: user=0.00 sys=0.00, real=0.00 secs] 
43.961: Total time for which application threads were stopped: 0.0015050 seconds, Stopping threads took: 0.0000650 seconds
43.992: Application time: 0.0316120 seconds
43.993: [GC [PSYoungGen: 19541K->2304K(20480K)] 49667K->36526K(66560K), 0.0016930 secs] [Times: user=0.01 sys=0.00, real=0.00 secs] 
43.994: Total time for which application threads were stopped: 0.0018320 seconds, Stopping threads took: 0.0000700 seconds
44.025: Application time: 0.0304450 seconds
44.025: [GC [PSYoungGen: 19989K->2304K(20480K)] 54212K->40622K(66560K), 0.0017560 secs] [Times: user=0.01 sys=0.00, real=0.00 secs] 
44.027: Total time for which application threads were stopped: 0.0018910 seconds, Stopping threads took: 0.0000650 seconds
44.060: Application time: 0.0332160 seconds
44.060: [GC [PSYoungGen: 19594K->2272K(20480K)] 57913K->44686K(66560K), 0.0017970 secs] [Times: user=0.02 sys=0.00, real=0.00 secs] 
44.062: [Full GC [PSYoungGen: 2272K->0K(20480K)] [ParOldGen: 42414K->9629K(46080K)] 44686K->9629K(66560K) [PSPermGen: 5497K->5497K(21504K)], 0.0068220 secs] [Times: user=0.02 sys=0.00, real=0.00 secs] 
44.069: Total time for which application threads were stopped: 0.0088110 seconds, Stopping threads took: 0.0000740 seconds
44.100: Application time: 0.0309250 seconds
44.100: [GC [PSYoungGen: 17621K->2304K(20480K)] 27251K->16029K(66560K), 0.0017740 secs] [Times: user=0.01 sys=0.00, real=0.00 secs] 
44.101: Total time for which application threads were stopped: 0.0019110 seconds, Stopping threads took: 0.0000710 seconds
44.137: Application time: 0.0358550 seconds
44.137: [GC [PSYoungGen: 19752K->2272K(20480K)] 33477K->19069K(66560K), 0.0014580 secs] [Times: user=0.01 sys=0.00, real=0.01 secs] 
44.139: Total time for which application threads were stopped: 0.0015990 seconds, Stopping threads took: 0.0000740 seconds
44.169: Application time: 0.0298530 seconds
44.169: [GC [PSYoungGen: 19851K->2304K(20480K)] 36649K->23197K(66560K), 0.0016880 secs] [Times: user=0.01 sys=0.00, real=0.01 secs] 
44.171: Total time for which application threads were stopped: 0.0018370 seconds, Stopping threads took: 0.0000780 seconds
44.205: Application time: 0.0341270 seconds
44.205: [GC [PSYoungGen: 19706K->2304K(20480K)] 40600K->27294K(66560K), 0.0018700 secs] [Times: user=0.02 sys=0.00, real=0.00 secs] 
44.207: Total time for which application threads were stopped: 0.0020090 seconds, Stopping threads took: 0.0000690 seconds
44.239: Application time: 0.0318730 seconds
44.239: [GC [PSYoungGen: 20040K->2256K(20480K)] 45030K->30318K(66560K), 0.0014980 secs] [Times: user=0.01 sys=0.00, real=0.00 secs] 
44.240: Total time for which application threads were stopped: 0.0016210 seconds, Stopping threads took: 0.0000560 seconds
44.275: Application time: 0.0350540 seconds
44.275: [GC [PSYoungGen: 19906K->2368K(20480K)] 47968K->34526K(66560K), 0.0017710 secs] [Times: user=0.01 sys=0.00, real=0.00 secs] 
44.277: Total time for which application threads were stopped: 0.0019220 seconds, Stopping threads took: 0.0000720 seconds
44.303: Application time: 0.0261460 seconds
44.304: [GC [PSYoungGen: 19927K->2352K(20480K)] 52085K->38606K(66560K), 0.0018160 secs] [Times: user=0.01 sys=0.00, real=0.00 secs] 
44.305: Total time for which application threads were stopped: 0.0019700 seconds, Stopping threads took: 0.0000820 seconds
44.345: Application time: 0.0398570 seconds
44.345: [GC [PSYoungGen: 19353K->2496K(20480K)] 55607K->41822K(66560K), 0.0014700 secs] [Times: user=0.01 sys=0.00, real=0.00 secs] 
44.347: Total time for which application threads were stopped: 0.0016010 seconds, Stopping threads took: 0.0000660 seconds
44.374: Application time: 0.0268710 seconds
44.374: [GC [PSYoungGen: 19952K->2496K(20480K)] 59279K->43870K(66560K), 0.0012320 secs] [Times: user=0.01 sys=0.00, real=0.00 secs] 
44.375: [Full GC [PSYoungGen: 2496K->0K(20480K)] [ParOldGen: 41374K->7584K(46080K)] 43870K->7584K(66560K) [PSPermGen: 5497K->5497K(21504K)], 0.0061720 secs] [Times: user=0.03 sys=0.00, real=0.01 secs] 
44.381: Total time for which application threads were stopped: 0.0075800 seconds, Stopping threads took: 0.0000660 seconds
44.415: Application time: 0.0339490 seconds
44.415: [GC [PSYoungGen: 17205K->2304K(20480K)] 24789K->12960K(66560K), 0.0014780 secs] [Times: user=0.01 sys=0.00, real=0.00 secs] 
44.417: Total time for which application threads were stopped: 0.0016060 seconds, Stopping threads took: 0.0000620 seconds
44.445: Application time: 0.0278620 seconds
44.445: [GC [PSYoungGen: 20012K->2304K(20480K)] 30669K->18080K(66560K), 0.0020280 secs] [Times: user=0.01 sys=0.01, real=0.00 secs] 
44.447: Total time for which application threads were stopped: 0.0022050 seconds, Stopping threads took: 0.0000980 seconds
44.486: Application time: 0.0388530 seconds
44.486: [GC [PSYoungGen: 19626K->2336K(20480K)] 35402K->20160K(66560K), 0.0012440 secs] [Times: user=0.01 sys=0.00, real=0.00 secs] 
44.487: Total time for which application threads were stopped: 0.0013720 seconds, Stopping threads took: 0.0000620 seconds
44.515: Application time: 0.0282970 seconds
44.516: [GC [PSYoungGen: 20093K->2304K(20480K)] 37918K->23200K(66560K), 0.0014500 secs] [Times: user=0.01 sys=0.00, real=0.00 secs] 
44.517: Total time for which application threads were stopped: 0.0016190 seconds, Stopping threads took: 0.0001040 seconds
44.553: Application time: 0.0356570 seconds
44.553: [GC [PSYoungGen: 19366K->2288K(20480K)] 40263K->24208K(66560K), 0.0009670 secs] [Times: user=0.01 sys=0.00, real=0.00 secs] 
44.554: Total time for which application threads were stopped: 0.0010930 seconds, Stopping threads took: 0.0000630 seconds
44.585: Application time: 0.0313890 seconds
44.587: [GC [PSYoungGen: 19267K->2304K(20480K)] 41188K->26272K(66560K), 0.0011630 secs] [Times: user=0.01 sys=0.01, real=0.00 secs] 
44.588: Total time for which application threads were stopped: 0.0025100 seconds, Stopping threads took: 0.0012820 seconds
44.622: Application time: 0.0338960 seconds
44.622: [GC [PSYoungGen: 20184K->2272K(20480K)] 44152K->27264K(66560K), 0.0009560 secs] [Times: user=0.00 sys=0.00, real=0.00 secs] 
44.623: Total time for which application threads were stopped: 0.0010980 seconds, Stopping threads took: 0.0000770 seconds
44.650: Application time: 0.0276330 seconds
44.650: [GC [PSYoungGen: 19259K->2304K(20480K)] 44251K->31392K(66560K), 0.0017300 secs] [Times: user=0.02 sys=0.01, real=0.00 secs] 
44.652: Total time for which application threads were stopped: 0.0018690 seconds, Stopping threads took: 0.0000670 seconds
44.687: Application time: 0.0344270 seconds
44.687: [GC [PSYoungGen: 20134K->2304K(20480K)] 49223K->34464K(66560K), 0.0014570 secs] [Times: user=0.01 sys=0.00, real=0.00 secs] 
44.688: Total time for which application threads were stopped: 0.0016000 seconds, Stopping threads took: 0.0000780 seconds
44.721: Application time: 0.0325320 seconds
44.721: [GC [PSYoungGen: 19552K->2240K(20480K)] 51713K->37472K(66560K), 0.0014970 secs] [Times: user=0.01 sys=0.00, real=0.00 secs] 
44.723: Total time for which application threads were stopped: 0.0017190 seconds, Stopping threads took: 0.0001430 seconds
44.756: Application time: 0.0338960 seconds
44.757: [GC [PSYoungGen: 20057K->2304K(20480K)] 55289K->40608K(66560K), 0.0014310 secs] [Times: user=0.01 sys=0.00, real=0.00 secs] 
44.758: Total time for which application threads were stopped: 0.0015580 seconds, Stopping threads took: 0.0000600 seconds
44.791: Application time: 0.0329300 seconds
44.791: [GC [PSYoungGen: 19559K->2272K(20480K)] 57864K->42624K(66560K), 0.0012670 secs] [Times: user=0.01 sys=0.00, real=0.00 secs] 
44.792: Total time for which application threads were stopped: 0.0014060 seconds, Stopping threads took: 0.0000750 seconds
44.823: Application time: 0.0311670 seconds
44.824: [GC [PSYoungGen: 19844K->2272K(20480K)] 60197K->44672K(66560K), 0.0012280 secs] [Times: user=0.01 sys=0.00, real=0.00 secs] 
44.825: [Full GC [PSYoungGen: 2272K->0K(20480K)] [ParOldGen: 42400K->7587K(46080K)] 44672K->7587K(66560K) [PSPermGen: 5497K->5497K(21504K)], 0.0061400 secs] [Times: user=0.02 sys=0.00, real=0.01 secs] 
44.831: Total time for which application threads were stopped: 0.0075540 seconds, Stopping threads took: 0.0000720 seconds
44.864: Application time: 0.0330570 seconds
44.864: [GC [PSYoungGen: 17320K->2272K(20480K)] 24908K->12931K(66560K), 0.0014600 secs] [Times: user=0.01 sys=0.00, real=0.00 secs] 
44.866: Total time for which application threads were stopped: 0.0016050 seconds, Stopping threads took: 0.0000790 seconds
44.897: Application time: 0.0310170 seconds
44.897: [GC [PSYoungGen: 19898K->2304K(20480K)] 30557K->16035K(66560K), 0.0015160 secs] [Times: user=0.01 sys=0.00, real=0.00 secs] 
44.898: Total time for which application threads were stopped: 0.0016550 seconds, Stopping threads took: 0.0000650 seconds
44.934: Application time: 0.0353030 seconds
44.934: [GC [PSYoungGen: 19847K->2304K(20480K)] 33578K->19107K(66560K), 0.0014770 secs] [Times: user=0.01 sys=0.00, real=0.00 secs] 
44.935: Total time for which application threads were stopped: 0.0016240 seconds, Stopping threads took: 0.0000770 seconds
44.967: Application time: 0.0313260 seconds
44.967: [GC [PSYoungGen: 20039K->2336K(20480K)] 36843K->22211K(66560K), 0.0014440 secs] [Times: user=0.01 sys=0.00, real=0.00 secs] 
44.968: Total time for which application threads were stopped: 0.0015880 seconds, Stopping threads took: 0.0000720 seconds
45.002: Application time: 0.0340440 seconds
45.002: [GC [PSYoungGen: 19812K->2352K(20480K)] 39688K->25299K(66560K), 0.0014330 secs] [Times: user=0.00 sys=0.00, real=0.00 secs] 
45.004: Total time for which application threads were stopped: 0.0015680 seconds, Stopping threads took: 0.0000690 seconds
45.033: Application time: 0.0295560 seconds
45.034: [GC [PSYoungGen: 20084K->2448K(20480K)] 43031K->28467K(66560K), 0.0014540 secs] [Times: user=0.01 sys=0.00, real=0.00 secs] 
45.035: Total time for which application threads were stopped: 0.0016030 seconds, Stopping threads took: 0.0000820 seconds
45.069: Application time: 0.0342400 seconds
45.069: [GC [PSYoungGen: 20123K->2512K(20480K)] 46143K->30579K(66560K), 0.0012140 secs] [Times: user=0.00 sys=0.00, real=0.01 secs] 
45.071: Total time for which application threads were stopped: 0.0013570 seconds, Stopping threads took: 0.0000790 seconds
45.101: Application time: 0.0299790 seconds
45.101: [GC [PSYoungGen: 20137K->2512K(20480K)] 48204K->34675K(66560K), 0.0018580 secs] [Times: user=0.02 sys=0.00, real=0.00 secs] 
45.103: Total time for which application threads were stopped: 0.0019870 seconds, Stopping threads took: 0.0000600 seconds
45.136: Application time: 0.0335360 seconds
45.136: [GC [PSYoungGen: 19681K->2512K(20480K)] 51845K->37747K(66560K), 0.0015530 secs] [Times: user=0.01 sys=0.00, real=0.00 secs] 
45.138: Total time for which application threads were stopped: 0.0016940 seconds, Stopping threads took: 0.0000740 seconds
45.170: Application time: 0.0320990 seconds
45.170: [GC [PSYoungGen: 20353K->2544K(20480K)] 55589K->40851K(66560K), 0.0015020 secs] [Times: user=0.01 sys=0.00, real=0.01 secs] 
45.172: Total time for which application threads were stopped: 0.0016630 seconds, Stopping threads took: 0.0000840 seconds
45.205: Application time: 0.0336830 seconds
45.205: [GC [PSYoungGen: 19753K->2528K(20480K)] 58061K->42883K(66560K), 0.0013540 secs] [Times: user=0.01 sys=0.00, real=0.00 secs] 
45.207: Total time for which application threads were stopped: 0.0014950 seconds, Stopping threads took: 0.0000760 seconds
45.237: Application time: 0.0304970 seconds
45.237: [GC [PSYoungGen: 20263K->2528K(20480K)] 60619K->46980K(66560K), 0.0017820 secs] [Times: user=0.01 sys=0.00, real=0.01 secs] 
45.239: [Full GC [PSYoungGen: 2528K->0K(20480K)] [ParOldGen: 44452K->9629K(46080K)] 46980K->9629K(66560K) [PSPermGen: 5497K->5497K(21504K)], 0.0068940 secs] [Times: user=0.03 sys=0.00, real=0.00 secs] 
45.246: Total time for which application threads were stopped: 0.0088690 seconds, Stopping threads took: 0.0000790 seconds
45.281: Application time: 0.0351720 seconds
45.281: [GC [PSYoungGen: 17239K->2320K(20480K)] 26868K->13997K(66560K), 0.0012020 secs] [Times: user=0.01 sys=0.00, real=0.00 secs] 
45.283: Total time for which application threads were stopped: 0.0013430 seconds, Stopping threads took: 0.0000760 seconds
45.311: Application time: 0.0281930 seconds
45.311: [GC [PSYoungGen: 20080K->2304K(20480K)] 31757K->18077K(66560K), 0.0017730 secs] [Times: user=0.01 sys=0.00, real=0.00 secs] 
45.313: Total time for which application threads were stopped: 0.0019180 seconds, Stopping threads took: 0.0000770 seconds
45.350: Application time: 0.0377250 seconds
45.351: [GC [PSYoungGen: 19565K->2272K(20480K)] 35338K->19069K(66560K), 0.0010440 secs] [Times: user=0.00 sys=0.00, real=0.00 secs] 
45.352: Total time for which application threads were stopped: 0.0011660 seconds, Stopping threads took: 0.0000580 seconds
45.380: Application time: 0.0282160 seconds
45.380: [GC [PSYoungGen: 20016K->2304K(20480K)] 36813K->23197K(66560K), 0.0017080 secs] [Times: user=0.01 sys=0.00, real=0.00 secs] 
45.382: Total time for which application threads were stopped: 0.0018710 seconds, Stopping threads took: 0.0000910 seconds
45.416: Application time: 0.0337990 seconds
45.416: [GC [PSYoungGen: 19339K->2240K(20480K)] 40233K->26205K(66560K), 0.0015460 secs] [Times: user=0.01 sys=0.00, real=0.00 secs] 
45.417: Total time for which application threads were stopped: 0.0017020 seconds, Stopping threads took: 0.0000900 seconds
45.446: Application time: 0.0292360 seconds
45.447: [GC [PSYoungGen: 20129K->2240K(20480K)] 44094K->30301K(66560K), 0.0017430 secs] [Times: user=0.01 sys=0.00, real=0.00 secs] 
45.448: Total time for which application threads were stopped: 0.0018790 seconds, Stopping threads took: 0.0000690 seconds
45.484: Application time: 0.0361260 seconds
45.485: [GC [PSYoungGen: 19288K->2304K(20480K)] 47350K->34461K(66560K), 0.0017260 secs] [Times: user=0.01 sys=0.00, real=0.00 secs] 
45.486: Total time for which application threads were stopped: 0.0018670 seconds, Stopping threads took: 0.0000620 seconds
45.515: Application time: 0.0286770 seconds
45.515: [GC [PSYoungGen: 20224K->2272K(20480K)] 52381K->38525K(66560K), 0.0017650 secs] [Times: user=0.01 sys=0.00, real=0.00 secs] 
45.517: Total time for which application threads were stopped: 0.0019070 seconds, Stopping threads took: 0.0000750 seconds
45.552: Application time: 0.0354230 seconds
45.552: [GC [PSYoungGen: 19359K->2304K(20480K)] 55612K->42653K(66560K), 0.0017320 secs] [Times: user=0.01 sys=0.00, real=0.00 secs] 
45.554: Total time for which application threads were stopped: 0.0018700 seconds, Stopping threads took: 0.0000700 seconds
45.583: Application time: 0.0289560 seconds
45.583: [GC [PSYoungGen: 19206K->2304K(20480K)] 59556K->47773K(66560K), 0.0020710 secs] [Times: user=0.01 sys=0.00, real=0.00 secs] 
45.585: [Full GC [PSYoungGen: 2304K->0K(20480K)] [ParOldGen: 45469K->10648K(46080K)] 47773K->10648K(66560K) [PSPermGen: 5497K->5497K(21504K)], 0.0068320 secs] [Times: user=0.03 sys=0.00, real=0.01 secs] 
45.592: Total time for which application threads were stopped: 0.0090910 seconds, Stopping threads took: 0.0000720 seconds
45.627: Application time: 0.0347660 seconds
45.631: [GC [PSYoungGen: 17006K->2304K(20480K)] 27654K->17048K(66560K), 0.0018000 secs] [Times: user=0.01 sys=0.00, real=0.00 secs] 
45.632: Total time for which application threads were stopped: 0.0053040 seconds, Stopping threads took: 0.0034310 seconds
45.663: Application time: 0.0307050 seconds
45.663: [GC [PSYoungGen: 19394K->2336K(20480K)] 34139K->21177K(66560K), 0.0018100 secs] [Times: user=0.01 sys=0.00, real=0.00 secs] 
45.665: Total time for which application threads were stopped: 0.0019370 seconds, Stopping threads took: 0.0000590 seconds
45.698: Application time: 0.0333290 seconds
45.698: [GC [PSYoungGen: 19365K->2368K(20480K)] 38206K->24281K(66560K), 0.0014630 secs] [Times: user=0.01 sys=0.01, real=0.01 secs] 
45.700: Total time for which application threads were stopped: 0.0015930 seconds, Stopping threads took: 0.0000600 seconds
45.727: Application time: 0.0272030 seconds
45.731: [GC [PSYoungGen: 19334K->2400K(20480K)] 41247K->28409K(66560K), 0.0018220 secs] [Times: user=0.01 sys=0.00, real=0.00 secs] 
45.732: Total time for which application threads were stopped: 0.0052420 seconds, Stopping threads took: 0.0033500 seconds
45.765: Application time: 0.0323720 seconds
45.765: [GC [PSYoungGen: 20319K->2464K(20480K)] 46329K->30521K(66560K), 0.0013290 secs] [Times: user=0.00 sys=0.00, real=0.00 secs] 
45.766: Total time for which application threads were stopped: 0.0014750 seconds, Stopping threads took: 0.0000840 seconds
45.800: Application time: 0.0340220 seconds
45.800: [GC [PSYoungGen: 20124K->2544K(20480K)] 48181K->33673K(66560K), 0.0015640 secs] [Times: user=0.01 sys=0.00, real=0.00 secs] 
45.802: Total time for which application threads were stopped: 0.0017080 seconds, Stopping threads took: 0.0000770 seconds
45.834: Application time: 0.0319700 seconds
45.834: [GC [PSYoungGen: 20091K->2496K(20480K)] 51220K->34649K(66560K), 0.0010390 secs] [Times: user=0.01 sys=0.00, real=0.00 secs] 
45.835: Total time for which application threads were stopped: 0.0012060 seconds, Stopping threads took: 0.0001020 seconds
45.869: Application time: 0.0343040 seconds
45.870: [GC [PSYoungGen: 19989K->2544K(20480K)] 52142K->37769K(66560K), 0.0015600 secs] [Times: user=0.01 sys=0.00, real=0.01 secs] 
45.871: Total time for which application threads were stopped: 0.0017240 seconds, Stopping threads took: 0.0000930 seconds
45.903: Application time: 0.0320000 seconds
45.903: [GC [PSYoungGen: 20077K->2512K(20480K)] 55302K->40809K(66560K), 0.0014960 secs] [Times: user=0.01 sys=0.00, real=0.00 secs] 
45.905: Total time for which application threads were stopped: 0.0016260 seconds, Stopping threads took: 0.0000630 seconds
45.939: Application time: 0.0337350 seconds
45.939: [GC [PSYoungGen: 19995K->2528K(20480K)] 58292K->43897K(66560K), 0.0015110 secs] [Times: user=0.01 sys=0.00, real=0.00 secs] 
45.940: [Full GC [PSYoungGen: 2528K->0K(20480K)] [ParOldGen: 41369K->8608K(46080K)] 43897K->8608K(66560K) [PSPermGen: 5497K->5497K(21504K)], 0.0064900 secs] [Times: user=0.03 sys=0.00, real=0.00 secs] 
45.947: Total time for which application threads were stopped: 0.0081820 seconds, Stopping threads took: 0.0000700 seconds
45.978: Application time: 0.0315140 seconds
45.978: [GC [PSYoungGen: 17508K->2304K(20480K)] 26116K->13984K(66560K), 0.0014950 secs] [Times: user=0.01 sys=0.01, real=0.01 secs] 
45.980: Total time for which application threads were stopped: 0.0016390 seconds, Stopping threads took: 0.0000740 seconds
46.014: Application time: 0.0339340 seconds
46.015: [GC [PSYoungGen: 19867K->2272K(20480K)] 31547K->17024K(66560K), 0.0014570 secs] [Times: user=0.01 sys=0.00, real=0.00 secs] 
46.016: Total time for which application threads were stopped: 0.0022010 seconds, Stopping threads took: 0.0006690 seconds
46.046: Application time: 0.0302160 seconds
46.046: [GC [PSYoungGen: 19750K->2304K(20480K)] 34503K->21152K(66560K), 0.0016530 secs] [Times: user=0.01 sys=0.00, real=0.00 secs] 
46.048: Total time for which application threads were stopped: 0.0018020 seconds, Stopping threads took: 0.0000760 seconds
46.085: Application time: 0.0374030 seconds
46.087: [GC [PSYoungGen: 19799K->2304K(20480K)] 38647K->23200K(66560K), 0.0011690 secs] [Times: user=0.01 sys=0.00, real=0.00 secs] 
46.088: Total time for which application threads were stopped: 0.0022870 seconds, Stopping threads took: 0.0010510 seconds
46.114: Application time: 0.0260590 seconds
46.114: [GC [PSYoungGen: 19788K->2304K(20480K)] 40684K->27296K(66560K), 0.0017300 secs] [Times: user=0.01 sys=0.00, real=0.00 secs] 
46.116: Total time for which application threads were stopped: 0.0019020 seconds, Stopping threads took: 0.0001020 seconds
46.155: Application time: 0.0393520 seconds
46.155: [GC [PSYoungGen: 19810K->2304K(20480K)] 44802K->29344K(66560K), 0.0011500 secs] [Times: user=0.01 sys=0.00, real=0.00 secs] 
46.156: Total time for which application threads were stopped: 0.0012740 seconds, Stopping threads took: 0.0000560 seconds
46.183: Application time: 0.0271150 seconds
46.184: [GC [PSYoungGen: 19839K->2240K(20480K)] 46879K->32352K(66560K), 0.0014620 secs] [Times: user=0.00 sys=0.00, real=0.00 secs] 
46.185: Total time for which application threads were stopped: 0.0015990 seconds, Stopping threads took: 0.0000670 seconds
46.219: Application time: 0.0335290 seconds
46.219: [GC [PSYoungGen: 19263K->2288K(20480K)] 49375K->34448K(66560K), 0.0012490 secs] [Times: user=0.01 sys=0.00, real=0.00 secs] 
46.220: Total time for which application threads were stopped: 0.0013830 seconds, Stopping threads took: 0.0000690 seconds
46.251: Application time: 0.0314670 seconds
46.252: [GC [PSYoungGen: 20207K->2304K(20480K)] 52368K->38560K(66560K), 0.0016900 secs] [Times: user=0.01 sys=0.00, real=0.00 secs] 
46.253: Total time for which application threads were stopped: 0.0018170 seconds, Stopping threads took: 0.0000580 seconds
46.289: Application time: 0.0353300 seconds
46.289: [GC [PSYoungGen: 19450K->2304K(20480K)] 55706K->39584K(66560K), 0.0009800 secs] [Times: user=0.01 sys=0.00, real=0.00 secs] 
46.290: Total time for which application threads were stopped: 0.0011310 seconds, Stopping threads took: 0.0000870 seconds
46.317: Application time: 0.0270180 seconds
46.317: [GC [PSYoungGen: 20087K->2304K(20480K)] 57367K->43680K(66560K), 0.0017810 secs] [Times: user=0.01 sys=0.00, real=0.01 secs] 
46.319: [Full GC [PSYoungGen: 2304K->0K(20480K)] [ParOldGen: 41376K->9644K(46080K)] 43680K->9644K(66560K) [PSPermGen: 5497K->5497K(21504K)], 0.0070220 secs] [Times: user=0.03 sys=0.00, real=0.00 secs] 
46.326: Total time for which application threads were stopped: 0.0089970 seconds, Stopping threads took: 0.0000760 seconds
46.365: Application time: 0.0395870 seconds
46.365: [GC [PSYoungGen: 17256K->2304K(20480K)] 26900K->12972K(66560K), 0.0009250 secs] [Times: user=0.01 sys=0.00, real=0.00 secs] 
46.366: Total time for which application threads were stopped: 0.0010520 seconds, Stopping threads took: 0.0000620 seconds
46.392: Application time: 0.0259990 seconds
46.393: [GC [PSYoungGen: 20167K->2320K(20480K)] 30835K->17084K(66560K), 0.0017360 secs] [Times: user=0.01 sys=0.00, real=0.00 secs] 
46.394: Total time for which application threads were stopped: 0.0018820 seconds, Stopping threads took: 0.0000790 seconds
46.432: Application time: 0.0375020 seconds
46.432: [GC [PSYoungGen: 19508K->2336K(20480K)] 34273K->19148K(66560K), 0.0012210 secs] [Times: user=0.01 sys=0.00, real=0.00 secs] 
46.433: Total time for which application threads were stopped: 0.0013520 seconds, Stopping threads took: 0.0000680 seconds
46.459: Application time: 0.0256220 seconds
46.459: [GC [PSYoungGen: 19408K->2400K(20480K)] 36220K->23308K(66560K), 0.0017910 secs] [Times: user=0.01 sys=0.00, real=0.00 secs] 
46.461: Total time for which application threads were stopped: 0.0019290 seconds, Stopping threads took: 0.0000730 seconds
46.493: Application time: 0.0325910 seconds
46.493: [GC [PSYoungGen: 19339K->2432K(20480K)] 40248K->27436K(66560K), 0.0017640 secs] [Times: user=0.01 sys=0.00, real=0.00 secs] 
46.495: Total time for which application threads were stopped: 0.0018970 seconds, Stopping threads took: 0.0000660 seconds
46.527: Application time: 0.0321420 seconds
46.527: [GC [PSYoungGen: 19858K->2528K(20480K)] 44862K->30604K(66560K), 0.0015530 secs] [Times: user=0.01 sys=0.00, real=0.00 secs] 
46.529: Total time for which application threads were stopped: 0.0016920 seconds, Stopping threads took: 0.0000660 seconds
46.563: Application time: 0.0339950 seconds
46.563: [GC [PSYoungGen: 20362K->2544K(20480K)] 48439K->33700K(66560K), 0.0016420 secs] [Times: user=0.01 sys=0.00, real=0.00 secs] 
46.565: Total time for which application threads were stopped: 0.0017770 seconds, Stopping threads took: 0.0000680 seconds
46.598: Application time: 0.0327460 seconds
46.599: [GC [PSYoungGen: 19760K->2512K(20480K)] 50916K->35716K(66560K), 0.0012850 secs] [Times: user=0.00 sys=0.00, real=0.00 secs] 
46.600: Total time for which application threads were stopped: 0.0023140 seconds, Stopping threads took: 0.0009680 seconds
46.634: Application time: 0.0337570 seconds
46.634: [GC [PSYoungGen: 20348K->2544K(20480K)] 53552K->38820K(66560K), 0.0015310 secs] [Times: user=0.01 sys=0.00, real=0.00 secs] 
46.635: Total time for which application threads were stopped: 0.0016670 seconds, Stopping threads took: 0.0000680 seconds
46.667: Application time: 0.0319280 seconds
46.667: [GC [PSYoungGen: 19695K->2512K(20480K)] 55972K->42884K(66560K), 0.0017200 secs] [Times: user=0.01 sys=0.00, real=0.00 secs] 
46.669: Total time for which application threads were stopped: 0.0018680 seconds, Stopping threads took: 0.0000790 seconds
46.702: Application time: 0.0331090 seconds
46.702: [GC [PSYoungGen: 20323K->2512K(20480K)] 60696K->46980K(66560K), 0.0017770 secs] [Times: user=0.01 sys=0.00, real=0.00 secs] 
46.704: [Full GC [PSYoungGen: 2512K->0K(20480K)] [ParOldGen: 44468K->9632K(46080K)] 46980K->9632K(66560K) [PSPermGen: 5497K->5497K(21504K)], 0.0069340 secs] [Times: user=0.03 sys=0.00, real=0.01 secs] 
46.711: Total time for which application threads were stopped: 0.0089110 seconds, Stopping threads took: 0.0000810 seconds
46.743: Application time: 0.0317180 seconds
46.743: [GC [PSYoungGen: 17171K->2304K(20480K)] 26804K->15009K(66560K), 0.0014520 secs] [Times: user=0.01 sys=0.00, real=0.00 secs] 
46.744: Total time for which application threads were stopped: 0.0016020 seconds, Stopping threads took: 0.0000820 seconds
46.778: Application time: 0.0337720 seconds
46.778: [GC [PSYoungGen: 20123K->2304K(20480K)] 32828K->19105K(66560K), 0.0016500 secs] [Times: user=0.01 sys=0.00, real=0.01 secs] 
46.780: Total time for which application threads were stopped: 0.0018030 seconds, Stopping threads took: 0.0000860 seconds
46.810: Application time: 0.0303610 seconds
46.810: [GC [PSYoungGen: 19353K->2304K(20480K)] 36154K->22177K(66560K), 0.0014730 secs] [Times: user=0.01 sys=0.00, real=0.00 secs] 
46.812: Total time for which application threads were stopped: 0.0016250 seconds, Stopping threads took: 0.0000700 seconds
46.840: Application time: 0.0275810 seconds
46.840: [GC [PSYoungGen: 19831K->2240K(20480K)] 39704K->25185K(66560K), 0.0014970 secs] [Times: user=0.01 sys=0.00, real=0.00 secs] 
46.841: Total time for which application threads were stopped: 0.0016790 seconds, Stopping threads took: 0.0001130 seconds
46.878: Application time: 0.0364590 seconds
46.878: [GC [PSYoungGen: 19631K->2304K(20480K)] 42577K->28321K(66560K), 0.0014870 secs] [Times: user=0.01 sys=0.00, real=0.01 secs] 
46.879: Total time for which application threads were stopped: 0.0016280 seconds, Stopping threads took: 0.0000710 seconds
46.910: Application time: 0.0303900 seconds
46.910: [GC [PSYoungGen: 20015K->2304K(20480K)] 46032K->31393K(66560K), 0.0014430 secs] [Times: user=0.01 sys=0.00, real=0.01 secs] 
46.911: Total time for which application threads were stopped: 0.0015850 seconds, Stopping threads took: 0.0000750 seconds
46.948: Application time: 0.0364450 seconds
46.948: [GC [PSYoungGen: 19635K->2240K(20480K)] 48725K->34401K(66560K), 0.0014670 secs] [Times: user=0.01 sys=0.00, real=0.00 secs] 
46.949: Total time for which application threads were stopped: 0.0015900 seconds, Stopping threads took: 0.0000540 seconds
46.980: Application time: 0.0304250 seconds
46.980: [GC [PSYoungGen: 19971K->2272K(20480K)] 52132K->36481K(66560K), 0.0011620 secs] [Times: user=0.01 sys=0.00, real=0.00 secs] 
46.981: Total time for which application threads were stopped: 0.0013020 seconds, Stopping threads took: 0.0000750 seconds
47.013: Application time: 0.0318980 seconds
47.013: [GC [PSYoungGen: 19354K->2304K(20480K)] 53564K->41633K(66560K), 0.0020230 secs] [Times: user=0.01 sys=0.00, real=0.00 secs] 
47.015: Total time for which application threads were stopped: 0.0021690 seconds, Stopping threads took: 0.0000760 seconds
47.048: Application time: 0.0324560 seconds
47.048: [GC [PSYoungGen: 20197K->2304K(20480K)] 59526K->44705K(66560K), 0.0014810 secs] [Times: user=0.01 sys=0.00, real=0.00 secs] 
47.049: [Full GC [PSYoungGen: 2304K->0K(20480K)] [ParOldGen: 42401K->8612K(46080K)] 44705K->8612K(66560K) [PSPermGen: 5497K->5497K(21504K)], 0.0064890 secs] [Times: user=0.03 sys=0.00, real=0.01 secs] 
47.056: Total time for which application threads were stopped: 0.0081790 seconds, Stopping threads took: 0.0000860 seconds
47.089: Application time: 0.0328790 seconds
47.089: [GC [PSYoungGen: 17172K->2304K(20480K)] 25784K->16036K(66560K), 0.0020560 secs] [Times: user=0.02 sys=0.00, real=0.01 secs] 
47.091: Total time for which application threads were stopped: 0.0022090 seconds, Stopping threads took: 0.0000820 seconds
47.123: Application time: 0.0319730 seconds
47.123: [GC [PSYoungGen: 19299K->2304K(20480K)] 33031K->18084K(66560K), 0.0012440 secs] [Times: user=0.01 sys=0.00, real=0.00 secs] 
47.124: Total time for which application threads were stopped: 0.0013830 seconds, Stopping threads took: 0.0000800 seconds
47.159: Application time: 0.0342750 seconds
47.159: [GC [PSYoungGen: 19552K->2320K(20480K)] 35333K->21172K(66560K), 0.0014830 secs] [Times: user=0.01 sys=0.00, real=0.00 secs] 
47.160: Total time for which application threads were stopped: 0.0016140 seconds, Stopping threads took: 0.0000630 seconds
47.191: Application time: 0.0308700 seconds
47.191: [GC [PSYoungGen: 20240K->2416K(20480K)] 39092K->24340K(66560K), 0.0015060 secs] [Times: user=0.01 sys=0.00, real=0.00 secs] 
47.193: Total time for which application threads were stopped: 0.0016480 seconds, Stopping threads took: 0.0000740 seconds
47.227: Application time: 0.0339560 seconds
47.227: [GC [PSYoungGen: 20098K->2512K(20480K)] 42022K->27508K(66560K), 0.0015420 secs] [Times: user=0.01 sys=0.00, real=0.00 secs] 
47.228: Total time for which application threads were stopped: 0.0016800 seconds, Stopping threads took: 0.0000740 seconds
47.258: Application time: 0.0295700 seconds
47.258: [GC [PSYoungGen: 20194K->2464K(20480K)] 45190K->31556K(66560K), 0.0018880 secs] [Times: user=0.01 sys=0.00, real=0.01 secs] 
47.260: Total time for which application threads were stopped: 0.0020370 seconds, Stopping threads took: 0.0000800 seconds
47.296: Application time: 0.0364720 seconds
47.297: [GC [PSYoungGen: 19800K->2512K(20480K)] 48893K->33652K(66560K), 0.0012830 secs] [Times: user=0.01 sys=0.00, real=0.00 secs] 
47.298: Total time for which application threads were stopped: 0.0014070 seconds, Stopping threads took: 0.0000600 seconds
47.325: Application time: 0.0275930 seconds
47.326: [GC [PSYoungGen: 20129K->2512K(20480K)] 51269K->37748K(66560K), 0.0018590 secs] [Times: user=0.01 sys=0.00, real=0.00 secs] 
47.327: Total time for which application threads were stopped: 0.0019930 seconds, Stopping threads took: 0.0000630 seconds
47.360: Application time: 0.0323830 seconds
47.360: [GC [PSYoungGen: 20432K->2480K(20480K)] 55668K->40788K(66560K), 0.0015310 secs] [Times: user=0.01 sys=0.00, real=0.00 secs] 
47.361: Total time for which application threads were stopped: 0.0016620 seconds, Stopping threads took: 0.0000620 seconds
47.393: Application time: 0.0318230 seconds
47.393: [GC [PSYoungGen: 19559K->2528K(20480K)] 57868K->44933K(66560K), 0.0018230 secs] [Times: user=0.01 sys=0.00, real=0.00 secs] 
47.395: [Full GC [PSYoungGen: 2528K->0K(20480K)] [ParOldGen: 42404K->9633K(46080K)] 44933K->9633K(66560K) [PSPermGen: 5497K->5497K(21504K)], 0.0066290 secs] [Times: user=0.03 sys=0.00, real=0.01 secs] 
47.402: Total time for which application threads were stopped: 0.0086460 seconds, Stopping threads took: 0.0000670 seconds
47.435: Application time: 0.0335430 seconds
47.436: [GC [PSYoungGen: 17920K->2304K(20480K)] 27553K->15009K(66560K), 0.0014330 secs] [Times: user=0.01 sys=0.00, real=0.00 secs] 
47.437: Total time for which application threads were stopped: 0.0015650 seconds, Stopping threads took: 0.0000640 seconds
47.468: Application time: 0.0308070 seconds
47.468: [GC [PSYoungGen: 19369K->2304K(20480K)] 32074K->19105K(66560K), 0.0017430 secs] [Times: user=0.02 sys=0.00, real=0.00 secs] 
47.470: Total time for which application threads were stopped: 0.0018890 seconds, Stopping threads took: 0.0000790 seconds
47.504: Application time: 0.0339450 seconds
47.504: [GC [PSYoungGen: 20195K->2272K(20480K)] 36996K->22145K(66560K), 0.0015060 secs] [Times: user=0.01 sys=0.00, real=0.00 secs] 
47.505: Total time for which application threads were stopped: 0.0016600 seconds, Stopping threads took: 0.0000860 seconds
47.538: Application time: 0.0322740 seconds
47.538: [GC [PSYoungGen: 19438K->2304K(20480K)] 39311K->25249K(66560K), 0.0014750 secs] [Times: user=0.00 sys=0.00, real=0.01 secs] 
47.539: Total time for which application threads were stopped: 0.0016130 seconds, Stopping threads took: 0.0000730 seconds
47.573: Application time: 0.0337420 seconds
47.573: [GC [PSYoungGen: 20174K->2304K(20480K)] 43120K->28321K(66560K), 0.0015060 secs] [Times: user=0.01 sys=0.00, real=0.00 secs] 
47.575: Total time for which application threads were stopped: 0.0016880 seconds, Stopping threads took: 0.0001040 seconds
47.606: Application time: 0.0316750 seconds
47.606: [GC [PSYoungGen: 19412K->2304K(20480K)] 45429K->32417K(66560K), 0.0017600 secs] [Times: user=0.01 sys=0.00, real=0.00 secs] 
47.608: Total time for which application threads were stopped: 0.0019140 seconds, Stopping threads took: 0.0000790 seconds
47.642: Application time: 0.0339560 seconds
47.642: [GC [PSYoungGen: 20224K->2304K(20480K)] 50337K->34465K(66560K), 0.0013430 secs] [Times: user=0.01 sys=0.00, real=0.00 secs] 
47.644: Total time for which application threads were stopped: 0.0014820 seconds, Stopping threads took: 0.0000740 seconds
47.676: Application time: 0.0323600 seconds
47.676: [GC [PSYoungGen: 19447K->2272K(20480K)] 51608K->38529K(66560K), 0.0017400 secs] [Times: user=0.01 sys=0.00, real=0.00 secs] 
47.678: Total time for which application threads were stopped: 0.0018830 seconds, Stopping threads took: 0.0000760 seconds
47.711: Application time: 0.0333220 seconds
47.711: [GC [PSYoungGen: 20099K->2304K(20480K)] 56357K->43681K(66560K), 0.0020000 secs] [Times: user=0.01 sys=0.00, real=0.00 secs] 
47.713: [Full GC [PSYoungGen: 2304K->0K(20480K)] [ParOldGen: 41377K->10651K(46080K)] 43681K->10651K(66560K) [PSPermGen: 5497K->5497K(21504K)], 0.0067300 secs] [Times: user=0.03 sys=0.00, real=0.01 secs] 
47.720: Total time for which application threads were stopped: 0.0089120 seconds, Stopping threads took: 0.0000670 seconds
47.752: Application time: 0.0316370 seconds
47.752: [GC [PSYoungGen: 17148K->2272K(20480K)] 27800K->15995K(66560K), 0.0015510 secs] [Times: user=0.01 sys=0.00, real=0.00 secs] 
47.754: Total time for which application threads were stopped: 0.0016890 seconds, Stopping threads took: 0.0000670 seconds
47.785: Application time: 0.0311400 seconds
47.785: [GC [PSYoungGen: 20104K->2304K(20480K)] 33828K->21147K(66560K), 0.0019920 secs] [Times: user=0.02 sys=0.00, real=0.00 secs] 
47.787: Total time for which application threads were stopped: 0.0021260 seconds, Stopping threads took: 0.0000610 seconds
47.820: Application time: 0.0331460 seconds
47.820: [GC [PSYoungGen: 19502K->2320K(20480K)] 38345K->24235K(66560K), 0.0014810 secs] [Times: user=0.01 sys=0.00, real=0.00 secs] 
47.822: Total time for which application threads were stopped: 0.0016090 seconds, Stopping threads took: 0.0000620 seconds
47.851: Application time: 0.0295580 seconds
47.851: [GC [PSYoungGen: 20240K->2368K(20480K)] 42155K->28379K(66560K), 0.0017740 secs] [Times: user=0.01 sys=0.00, real=0.00 secs] 
47.853: Total time for which application threads were stopped: 0.0019050 seconds, Stopping threads took: 0.0000640 seconds
47.888: Application time: 0.0346650 seconds
47.888: [GC [PSYoungGen: 19550K->2336K(20480K)] 45561K->30395K(66560K), 0.0013940 secs] [Times: user=0.01 sys=0.00, real=0.00 secs] 
47.889: Total time for which application threads were stopped: 0.0015400 seconds, Stopping threads took: 0.0000800 seconds
47.920: Application time: 0.0309400 seconds
47.923: [GC [PSYoungGen: 19479K->2400K(20480K)] 47538K->32507K(66560K), 0.0012870 secs] [Times: user=0.01 sys=0.00, real=0.00 secs] 
47.924: Total time for which application threads were stopped: 0.0036890 seconds, Stopping threads took: 0.0023350 seconds
47.959: Application time: 0.0353470 seconds
47.959: [GC [PSYoungGen: 19792K->2512K(20480K)] 49899K->34667K(66560K), 0.0012610 secs] [Times: user=0.01 sys=0.00, real=0.00 secs] 
47.961: Total time for which application threads were stopped: 0.0014290 seconds, Stopping threads took: 0.0001030 seconds
47.991: Application time: 0.0304640 seconds
47.991: [GC [PSYoungGen: 20432K->2528K(20480K)] 52587K->38779K(66560K), 0.0017540 secs] [Times: user=0.01 sys=0.00, real=0.00 secs] 
47.993: Total time for which application threads were stopped: 0.0018950 seconds, Stopping threads took: 0.0000710 seconds
48.029: Application time: 0.0363130 seconds
48.029: [GC [PSYoungGen: 19697K->2512K(20480K)] 55949K->40811K(66560K), 0.0011870 secs] [Times: user=0.01 sys=0.00, real=0.01 secs] 
48.031: Total time for which application threads were stopped: 0.0013150 seconds, Stopping threads took: 0.0000620 seconds
48.057: Application time: 0.0267390 seconds
48.057: [GC [PSYoungGen: 20203K->2512K(20480K)] 58502K->43883K(66560K), 0.0016140 secs] [Times: user=0.01 sys=0.00, real=0.01 secs] 
48.059: [Full GC [PSYoungGen: 2512K->0K(20480K)] [ParOldGen: 41371K->8626K(46080K)] 43883K->8626K(66560K) [PSPermGen: 5497K->5497K(21504K)], 0.0065130 secs] [Times: user=0.03 sys=0.01, real=0.00 secs] 
48.066: Total time for which application threads were stopped: 0.0083250 seconds, Stopping threads took: 0.0000810 seconds
48.099: Application time: 0.0337500 seconds
48.100: [GC [PSYoungGen: 16932K->2304K(20480K)] 25559K->14003K(66560K), 0.0014830 secs] [Times: user=0.01 sys=0.00, real=0.00 secs] 
48.101: Total time for which application threads were stopped: 0.0016230 seconds, Stopping threads took: 0.0000600 seconds
48.134: Application time: 0.0325080 seconds
48.134: [GC [PSYoungGen: 19357K->2240K(20480K)] 31056K->14963K(66560K), 0.0009400 secs] [Times: user=0.00 sys=0.00, real=0.00 secs] 
48.135: Total time for which application threads were stopped: 0.0011220 seconds, Stopping threads took: 0.0001210 seconds
48.168: Application time: 0.0337570 seconds
48.169: [GC [PSYoungGen: 20160K->2304K(20480K)] 32883K->17075K(66560K), 0.0011540 secs] [Times: user=0.01 sys=0.00, real=0.00 secs] 
48.170: Total time for which application threads were stopped: 0.0012890 seconds, Stopping threads took: 0.0000680 seconds
48.203: Application time: 0.0331010 seconds
48.203: [GC [PSYoungGen: 19446K->2272K(20480K)] 34217K->18067K(66560K), 0.0009380 secs] [Times: user=0.01 sys=0.00, real=0.00 secs] 
48.204: Total time for which application threads were stopped: 0.0010570 seconds, Stopping threads took: 0.0000530 seconds
48.237: Application time: 0.0331960 seconds
48.237: [GC [PSYoungGen: 20177K->2304K(20480K)] 35972K->19123K(66560K), 0.0009270 secs] [Times: user=0.01 sys=0.00, real=0.00 secs] 
48.238: Total time for which application threads were stopped: 0.0010550 seconds, Stopping threads took: 0.0000650 seconds
48.268: Application time: 0.0295550 seconds
48.268: [GC [PSYoungGen: 20224K->2304K(20480K)] 37043K->22195K(66560K), 0.0014130 secs] [Times: user=0.00 sys=0.00, real=0.00 secs] 
48.269: Total time for which application threads were stopped: 0.0015350 seconds, Stopping threads took: 0.0000550 seconds
48.304: Application time: 0.0344660 seconds
48.304: [GC [PSYoungGen: 20224K->2288K(20480K)] 40115K->25251K(66560K), 0.0014390 secs] [Times: user=0.01 sys=0.00, real=0.00 secs] 
48.305: Total time for which application threads were stopped: 0.0015660 seconds, Stopping threads took: 0.0000590 seconds
48.337: Application time: 0.0317280 seconds
48.337: [GC [PSYoungGen: 19404K->2304K(20480K)] 42367K->27315K(66560K), 0.0011770 secs] [Times: user=0.01 sys=0.00, real=0.00 secs] 
48.338: Total time for which application threads were stopped: 0.0013050 seconds, Stopping threads took: 0.0000630 seconds
48.372: Application time: 0.0338190 seconds
48.372: [GC [PSYoungGen: 20153K->2304K(20480K)] 45164K->29363K(66560K), 0.0011690 secs] [Times: user=0.01 sys=0.00, real=0.00 secs] 
48.373: Total time for which application threads were stopped: 0.0013020 seconds, Stopping threads took: 0.0000700 seconds
48.402: Application time: 0.0290060 seconds
48.403: [GC [PSYoungGen: 19309K->2272K(20480K)] 46368K->33427K(66560K), 0.0017960 secs] [Times: user=0.01 sys=0.00, real=0.00 secs] 
48.404: Total time for which application threads were stopped: 0.0019340 seconds, Stopping threads took: 0.0000710 seconds
48.440: Application time: 0.0353110 seconds
48.440: [GC [PSYoungGen: 20183K->2304K(20480K)] 51338K->37555K(66560K), 0.0015810 secs] [Times: user=0.01 sys=0.00, real=0.00 secs] 
48.441: Total time for which application threads were stopped: 0.0017130 seconds, Stopping threads took: 0.0000620 seconds
48.472: Application time: 0.0301230 seconds
48.472: [GC [PSYoungGen: 19425K->2272K(20480K)] 54677K->41619K(66560K), 0.0018110 secs] [Times: user=0.01 sys=0.00, real=0.00 secs] 
48.474: Total time for which application threads were stopped: 0.0019560 seconds, Stopping threads took: 0.0000740 seconds
48.504: Application time: 0.0305740 seconds
48.504: [GC [PSYoungGen: 19926K->2304K(20480K)] 59274K->45747K(66560K), 0.0016950 secs] [Times: user=0.01 sys=0.00, real=0.00 secs] 
48.506: [Full GC [PSYoungGen: 2304K->0K(20480K)] [ParOldGen: 43443K->9631K(46080K)] 45747K->9631K(66560K) [PSPermGen: 5497K->5497K(21504K)], 0.0066590 secs] [Times: user=0.03 sys=0.00, real=0.01 secs] 
48.513: Total time for which application threads were stopped: 0.0085350 seconds, Stopping threads took: 0.0000640 seconds
48.548: Application time: 0.0355330 seconds
48.548: [GC [PSYoungGen: 17499K->2320K(20480K)] 27131K->16047K(66560K), 0.0017190 secs] [Times: user=0.02 sys=0.00, real=0.00 secs] 
48.550: Total time for which application threads were stopped: 0.0018600 seconds, Stopping threads took: 0.0000700 seconds
48.578: Application time: 0.0283660 seconds
48.579: [GC [PSYoungGen: 20052K->2336K(20480K)] 33780K->21183K(66560K), 0.0021080 secs] [Times: user=0.01 sys=0.00, real=0.00 secs] 
48.581: Total time for which application threads were stopped: 0.0022630 seconds, Stopping threads took: 0.0000830 seconds
48.618: Application time: 0.0369060 seconds
48.618: [GC [PSYoungGen: 19940K->2368K(20480K)] 38787K->25311K(66560K), 0.0017120 secs] [Times: user=0.01 sys=0.00, real=0.01 secs] 
48.619: Total time for which application threads were stopped: 0.0018600 seconds, Stopping threads took: 0.0000650 seconds
48.649: Application time: 0.0298550 seconds
48.649: [GC [PSYoungGen: 20164K->2432K(20480K)] 43107K->29471K(66560K), 0.0018370 secs] [Times: user=0.02 sys=0.00, real=0.01 secs] 
48.651: Total time for which application threads were stopped: 0.0019890 seconds, Stopping threads took: 0.0000820 seconds
48.685: Application time: 0.0337200 seconds
48.685: [GC [PSYoungGen: 20038K->2528K(20480K)] 47078K->34687K(66560K), 0.0021440 secs] [Times: user=0.01 sys=0.00, real=0.00 secs] 
48.687: Total time for which application threads were stopped: 0.0023040 seconds, Stopping threads took: 0.0000850 seconds
48.721: Application time: 0.0333120 seconds
48.721: [GC [PSYoungGen: 20312K->2464K(20480K)] 52472K->38719K(66560K), 0.0017920 secs] [Times: user=0.01 sys=0.00, real=0.00 secs] 
48.723: Total time for which application threads were stopped: 0.0019360 seconds, Stopping threads took: 0.0000710 seconds
48.756: Application time: 0.0331430 seconds
48.756: [GC [PSYoungGen: 19719K->2512K(20480K)] 55975K->41839K(66560K), 0.0015890 secs] [Times: user=0.01 sys=0.00, real=0.00 secs] 
48.757: Total time for which application threads were stopped: 0.0017200 seconds, Stopping threads took: 0.0000650 seconds
48.790: Application time: 0.0321190 seconds
48.790: [GC [PSYoungGen: 20293K->2528K(20480K)] 59621K->46976K(66560K), 0.0020030 secs] [Times: user=0.01 sys=0.00, real=0.01 secs] 
48.792: [Full GC [PSYoungGen: 2528K->0K(20480K)] [ParOldGen: 44447K->10655K(46080K)] 46976K->10655K(66560K) [PSPermGen: 5497K->5497K(21504K)], 0.0072810 secs] [Times: user=0.04 sys=0.00, real=0.01 secs] 
48.799: Total time for which application threads were stopped: 0.0094830 seconds, Stopping threads took: 0.0000790 seconds
48.835: Application time: 0.0361380 seconds
48.835: [GC [PSYoungGen: 17292K->2320K(20480K)] 27947K->15023K(66560K), 0.0011840 secs] [Times: user=0.01 sys=0.00, real=0.00 secs] 
48.837: Total time for which application threads were stopped: 0.0013490 seconds, Stopping threads took: 0.0000980 seconds
48.862: Application time: 0.0257900 seconds
48.863: [GC [PSYoungGen: 19974K->2272K(20480K)] 32677K->20095K(66560K), 0.0020440 secs] [Times: user=0.01 sys=0.00, real=0.00 secs] 
48.865: Total time for which application threads were stopped: 0.0022530 seconds, Stopping threads took: 0.0001370 seconds
48.900: Application time: 0.0358400 seconds
48.901: [GC [PSYoungGen: 19327K->2304K(20480K)] 37150K->23199K(66560K), 0.0015210 secs] [Times: user=0.01 sys=0.00, real=0.00 secs] 
48.902: Total time for which application threads were stopped: 0.0016550 seconds, Stopping threads took: 0.0000640 seconds
48.933: Application time: 0.0309080 seconds
48.933: [GC [PSYoungGen: 19281K->2304K(20480K)] 40176K->26271K(66560K), 0.0014350 secs] [Times: user=0.01 sys=0.00, real=0.00 secs] 
48.935: Total time for which application threads were stopped: 0.0015710 seconds, Stopping threads took: 0.0000670 seconds
48.968: Application time: 0.0336560 seconds
48.968: [GC [PSYoungGen: 19213K->2304K(20480K)] 43181K->28319K(66560K), 0.0012350 secs] [Times: user=0.01 sys=0.00, real=0.00 secs] 
48.970: Total time for which application threads were stopped: 0.0013660 seconds, Stopping threads took: 0.0000680 seconds
49.000: Application time: 0.0300810 seconds
49.000: [GC [PSYoungGen: 19272K->2320K(20480K)] 45287K->30383K(66560K), 0.0012710 secs] [Times: user=0.00 sys=0.00, real=0.00 secs] 
49.001: Total time for which application threads were stopped: 0.0014090 seconds, Stopping threads took: 0.0000730 seconds
49.036: Application time: 0.0347560 seconds
49.036: [GC [PSYoungGen: 20240K->2304K(20480K)] 48303K->33439K(66560K), 0.0014270 secs] [Times: user=0.01 sys=0.00, real=0.00 secs] 
49.037: Total time for which application threads were stopped: 0.0015600 seconds, Stopping threads took: 0.0000650 seconds
49.069: Application time: 0.0315420 seconds
49.069: [GC [PSYoungGen: 19394K->2256K(20480K)] 50529K->35439K(66560K), 0.0012870 secs] [Times: user=0.01 sys=0.00, real=0.00 secs] 
49.070: Total time for which application threads were stopped: 0.0014360 seconds, Stopping threads took: 0.0000870 seconds
49.104: Application time: 0.0338930 seconds
49.104: [GC [PSYoungGen: 20101K->2320K(20480K)] 53284K->37551K(66560K), 0.0011710 secs] [Times: user=0.00 sys=0.00, real=0.00 secs] 
49.106: Total time for which application threads were stopped: 0.0013100 seconds, Stopping threads took: 0.0000740 seconds
49.137: Application time: 0.0310280 seconds
49.137: [GC [PSYoungGen: 19402K->2304K(20480K)] 54633K->40607K(66560K), 0.0013880 secs] [Times: user=0.01 sys=0.00, real=0.00 secs] 
49.138: Total time for which application threads were stopped: 0.0015360 seconds, Stopping threads took: 0.0000700 seconds
49.172: Application time: 0.0336730 seconds
49.172: [GC [PSYoungGen: 20151K->2304K(20480K)] 58455K->44703K(66560K), 0.0016430 secs] [Times: user=0.01 sys=0.00, real=0.00 secs] 
49.174: [Full GC [PSYoungGen: 2304K->0K(20480K)] [ParOldGen: 42399K->9637K(46080K)] 44703K->9637K(66560K) [PSPermGen: 5497K->5497K(21504K)], 0.0067270 secs] [Times: user=0.03 sys=0.00, real=0.01 secs] 
49.180: Total time for which application threads were stopped: 0.0085550 seconds, Stopping threads took: 0.0000580 seconds
49.209: Application time: 0.0282970 seconds
49.209: [GC [PSYoungGen: 16937K->2304K(20480K)] 26574K->15013K(66560K), 0.0014520 secs] [Times: user=0.01 sys=0.00, real=0.00 secs] 
49.210: Total time for which application threads were stopped: 0.0015890 seconds, Stopping threads took: 0.0000730 seconds
49.243: Application time: 0.0331480 seconds
49.244: [GC [PSYoungGen: 20207K->2304K(20480K)] 32916K->18085K(66560K), 0.0015080 secs] [Times: user=0.01 sys=0.00, real=0.00 secs] 
49.245: Total time for which application threads were stopped: 0.0016480 seconds, Stopping threads took: 0.0000770 seconds
49.279: Application time: 0.0338890 seconds
49.279: [GC [PSYoungGen: 19676K->2320K(20480K)] 35457K->20149K(66560K), 0.0012380 secs] [Times: user=0.01 sys=0.00, real=0.00 secs] 
49.280: Total time for which application threads were stopped: 0.0013560 seconds, Stopping threads took: 0.0000560 seconds
49.313: Application time: 0.0330160 seconds
49.314: [GC [PSYoungGen: 20228K->2272K(20480K)] 38058K->22149K(66560K), 0.0012800 secs] [Times: user=0.01 sys=0.00, real=0.00 secs] 
49.315: Total time for which application threads were stopped: 0.0014800 seconds, Stopping threads took: 0.0001330 seconds
49.348: Application time: 0.0328480 seconds
49.348: [GC [PSYoungGen: 19675K->2368K(20480K)] 39552K->24293K(66560K), 0.0011720 secs] [Times: user=0.01 sys=0.00, real=0.00 secs] 
49.349: Total time for which application threads were stopped: 0.0013130 seconds, Stopping threads took: 0.0000770 seconds
49.383: Application time: 0.0339140 seconds
49.383: [GC [PSYoungGen: 19646K->2496K(20480K)] 41571K->26469K(66560K), 0.0012780 secs] [Times: user=0.01 sys=0.00, real=0.00 secs] 
49.384: Total time for which application threads were stopped: 0.0013970 seconds, Stopping threads took: 0.0000530 seconds
49.414: Application time: 0.0296500 seconds
49.414: [GC [PSYoungGen: 19433K->2512K(20480K)] 43407K->30581K(66560K), 0.0017590 secs] [Times: user=0.02 sys=0.00, real=0.00 secs] 
49.416: Total time for which application threads were stopped: 0.0019020 seconds, Stopping threads took: 0.0000720 seconds
49.444: Application time: 0.0282600 seconds
49.444: [GC [PSYoungGen: 20116K->2528K(20480K)] 48185K->33669K(66560K), 0.0015430 secs] [Times: user=0.01 sys=0.00, real=0.00 secs] 
49.446: Total time for which application threads were stopped: 0.0016830 seconds, Stopping threads took: 0.0000660 seconds
49.480: Application time: 0.0337710 seconds
49.480: [GC [PSYoungGen: 19791K->2512K(20480K)] 50933K->37749K(66560K), 0.0018400 secs] [Times: user=0.01 sys=0.00, real=0.00 secs] 
49.482: Total time for which application threads were stopped: 0.0019860 seconds, Stopping threads took: 0.0000760 seconds
49.517: Application time: 0.0351500 seconds
49.517: [GC [PSYoungGen: 20421K->2528K(20480K)] 55659K->41861K(66560K), 0.0017970 secs] [Times: user=0.01 sys=0.00, real=0.01 secs] 
49.519: Total time for which application threads were stopped: 0.0019650 seconds, Stopping threads took: 0.0000960 seconds
49.550: Application time: 0.0316570 seconds
49.550: [GC [PSYoungGen: 20447K->2496K(20480K)] 59781K->45925K(66560K), 0.0017670 secs] [Times: user=0.01 sys=0.00, real=0.00 secs] 
49.552: [Full GC [PSYoungGen: 2496K->0K(20480K)] [ParOldGen: 43429K->9639K(46080K)] 45925K->9639K(66560K) [PSPermGen: 5497K->5497K(21504K)], 0.0069140 secs] [Times: user=0.03 sys=0.00, real=0.01 secs] 
49.559: Total time for which application threads were stopped: 0.0088770 seconds, Stopping threads took: 0.0000710 seconds
49.593: Application time: 0.0341530 seconds
49.593: [GC [PSYoungGen: 17117K->2304K(20480K)] 26757K->15015K(66560K), 0.0013820 secs] [Times: user=0.01 sys=0.00, real=0.00 secs] 
49.595: Total time for which application threads were stopped: 0.0015150 seconds, Stopping threads took: 0.0000660 seconds
49.625: Application time: 0.0301030 seconds
49.625: [GC [PSYoungGen: 20164K->2304K(20480K)] 32875K->19111K(66560K), 0.0017200 secs] [Times: user=0.01 sys=0.00, real=0.00 secs] 
49.627: Total time for which application threads were stopped: 0.0018720 seconds, Stopping threads took: 0.0000730 seconds
49.659: Application time: 0.0324140 seconds
49.660: [GC [PSYoungGen: 19356K->2304K(20480K)] 36163K->23207K(66560K), 0.0017880 secs] [Times: user=0.01 sys=0.00, real=0.00 secs] 
49.661: Total time for which application threads were stopped: 0.0020930 seconds, Stopping threads took: 0.0002230 seconds
49.693: Application time: 0.0312900 seconds
49.693: [GC [PSYoungGen: 20224K->2304K(20480K)] 41127K->29351K(66560K), 0.0023270 secs] [Times: user=0.02 sys=0.00, real=0.00 secs] 
49.695: Total time for which application threads were stopped: 0.0024740 seconds, Stopping threads took: 0.0000730 seconds
49.731: Application time: 0.0357080 seconds
49.731: [GC [PSYoungGen: 19458K->2304K(20480K)] 46506K->33447K(66560K), 0.0017340 secs] [Times: user=0.02 sys=0.00, real=0.00 secs] 
49.733: Total time for which application threads were stopped: 0.0018720 seconds, Stopping threads took: 0.0000730 seconds
49.763: Application time: 0.0300340 seconds
49.763: [GC [PSYoungGen: 20182K->2272K(20480K)] 51326K->38535K(66560K), 0.0020270 secs] [Times: user=0.01 sys=0.00, real=0.00 secs] 
49.765: Total time for which application threads were stopped: 0.0021590 seconds, Stopping threads took: 0.0000620 seconds
49.801: Application time: 0.0364990 seconds
49.802: [GC [PSYoungGen: 19459K->2304K(20480K)] 55723K->41639K(66560K), 0.0014880 secs] [Times: user=0.01 sys=0.00, real=0.00 secs] 
49.803: Total time for which application threads were stopped: 0.0016370 seconds, Stopping threads took: 0.0000780 seconds
49.832: Application time: 0.0287830 seconds
49.832: [GC [PSYoungGen: 20182K->2272K(20480K)] 59518K->46727K(66560K), 0.0020390 secs] [Times: user=0.01 sys=0.00, real=0.00 secs] 
49.834: [Full GC [PSYoungGen: 2272K->0K(20480K)] [ParOldGen: 44455K->10651K(46080K)] 46727K->10651K(66560K) [PSPermGen: 5497K->5497K(21504K)], 0.0069380 secs] [Times: user=0.03 sys=0.00, real=0.01 secs] 
49.841: Total time for which application threads were stopped: 0.0091720 seconds, Stopping threads took: 0.0000710 seconds
49.875: Application time: 0.0340650 seconds
49.875: [GC [PSYoungGen: 16983K->2272K(20480K)] 27634K->15995K(66560K), 0.0015420 secs] [Times: user=0.01 sys=0.00, real=0.00 secs] 
49.877: Total time for which application threads were stopped: 0.0017060 seconds, Stopping threads took: 0.0000920 seconds
49.909: Application time: 0.0316980 seconds
49.909: [GC [PSYoungGen: 19328K->2304K(20480K)] 33051K->20123K(66560K), 0.0017050 secs] [Times: user=0.01 sys=0.00, real=0.00 secs] 
49.910: Total time for which application threads were stopped: 0.0018470 seconds, Stopping threads took: 0.0000730 seconds
49.944: Application time: 0.0337780 seconds
49.944: [GC [PSYoungGen: 20224K->2304K(20480K)] 38043K->23195K(66560K), 0.0014120 secs] [Times: user=0.01 sys=0.00, real=0.00 secs] 
49.946: Total time for which application threads were stopped: 0.0015530 seconds, Stopping threads took: 0.0000750 seconds
49.976: Application time: 0.0307640 seconds
49.977: [GC [PSYoungGen: 19463K->2288K(20480K)] 40354K->27275K(66560K), 0.0017900 secs] [Times: user=0.01 sys=0.00, real=0.00 secs] 
49.978: Total time for which application threads were stopped: 0.0019300 seconds, Stopping threads took: 0.0000700 seconds
50.012: Application time: 0.0334090 seconds
50.012: [GC [PSYoungGen: 20208K->2336K(20480K)] 45195K->31419K(66560K), 0.0016870 secs] [Times: user=0.02 sys=0.00, real=0.00 secs] 
50.014: Total time for which application threads were stopped: 0.0018200 seconds, Stopping threads took: 0.0000660 seconds
50.044: Application time: 0.0303620 seconds
50.044: [GC [PSYoungGen: 19470K->2304K(20480K)] 48554K->35483K(66560K), 0.0017770 secs] [Times: user=0.01 sys=0.00, real=0.00 secs] 
50.046: Total time for which application threads were stopped: 0.0019210 seconds, Stopping threads took: 0.0000740 seconds
50.079: Application time: 0.0331290 seconds
50.079: [GC [PSYoungGen: 19436K->2400K(20480K)] 52616K->37627K(66560K), 0.0013500 secs] [Times: user=0.01 sys=0.00, real=0.00 secs] 
50.081: Total time for which application threads were stopped: 0.0014890 seconds, Stopping threads took: 0.0000750 seconds
50.112: Application time: 0.0318870 seconds
50.113: [GC [PSYoungGen: 19803K->2528K(20480K)] 55031K->39803K(66560K), 0.0013530 secs] [Times: user=0.00 sys=0.00, real=0.00 secs] 
50.114: Total time for which application threads were stopped: 0.0014850 seconds, Stopping threads took: 0.0000660 seconds
50.148: Application time: 0.0341850 seconds
50.148: [GC [PSYoungGen: 20448K->2496K(20480K)] 57723K->40796K(66560K), 0.0011370 secs] [Times: user=0.00 sys=0.00, real=0.00 secs] 
50.149: Total time for which application threads were stopped: 0.0012730 seconds, Stopping threads took: 0.0000730 seconds
50.181: Application time: 0.0315680 seconds
50.181: [GC [PSYoungGen: 19601K->2544K(20480K)] 57901K->43916K(66560K), 0.0015290 secs] [Times: user=0.01 sys=0.00, real=0.00 secs] 
50.183: [Full GC [PSYoungGen: 2544K->0K(20480K)] [ParOldGen: 41371K->8612K(46080K)] 43916K->8612K(66560K) [PSPermGen: 5497K->5497K(21504K)], 0.0064300 secs] [Times: user=0.02 sys=0.00, real=0.00 secs] 
50.189: Total time for which application threads were stopped: 0.0081610 seconds, Stopping threads took: 0.0000750 seconds
50.222: Application time: 0.0332310 seconds
50.222: [GC [PSYoungGen: 17780K->2304K(20480K)] 26393K->13988K(66560K), 0.0014510 secs] [Times: user=0.01 sys=0.00, real=0.00 secs] 
50.224: Total time for which application threads were stopped: 0.0015890 seconds, Stopping threads took: 0.0000630 seconds
50.254: Application time: 0.0302220 seconds
50.254: [GC [PSYoungGen: 19382K->2304K(20480K)] 31067K->16036K(66560K), 0.0012710 secs] [Times: user=0.01 sys=0.00, real=0.00 secs] 
50.256: Total time for which application threads were stopped: 0.0013990 seconds, Stopping threads took: 0.0000600 seconds
50.288: Application time: 0.0324010 seconds
50.288: [GC [PSYoungGen: 20049K->2304K(20480K)] 33782K->19108K(66560K), 0.0013870 secs] [Times: user=0.01 sys=0.00, real=0.00 secs] 
50.289: Total time for which application threads were stopped: 0.0015150 seconds, Stopping threads took: 0.0000620 seconds
50.323: Application time: 0.0332760 seconds
50.323: [GC [PSYoungGen: 19558K->2288K(20480K)] 36362K->21140K(66560K), 0.0011730 secs] [Times: user=0.01 sys=0.00, real=0.00 secs] 
50.324: Total time for which application threads were stopped: 0.0013060 seconds, Stopping threads took: 0.0000690 seconds
50.357: Application time: 0.0330110 seconds
50.357: [GC [PSYoungGen: 20089K->2304K(20480K)] 38942K->23204K(66560K), 0.0011420 secs] [Times: user=0.01 sys=0.00, real=0.00 secs] 
50.358: Total time for which application threads were stopped: 0.0012730 seconds, Stopping threads took: 0.0000660 seconds
50.391: Application time: 0.0326770 seconds
50.391: [GC [PSYoungGen: 19442K->2304K(20480K)] 40342K->24228K(66560K), 0.0009050 secs] [Times: user=0.00 sys=0.00, real=0.00 secs] 
50.392: Total time for which application threads were stopped: 0.0010300 seconds, Stopping threads took: 0.0000630 seconds
50.421: Application time: 0.0284950 seconds
50.421: [GC [PSYoungGen: 19907K->2304K(20480K)] 41832K->27300K(66560K), 0.0014550 secs] [Times: user=0.01 sys=0.00, real=0.00 secs] 
50.422: Total time for which application threads were stopped: 0.0016000 seconds, Stopping threads took: 0.0000790 seconds
50.456: Application time: 0.0340170 seconds
50.456: [GC [PSYoungGen: 19561K->2304K(20480K)] 44558K->30372K(66560K), 0.0015110 secs] [Times: user=0.01 sys=0.00, real=0.00 secs] 
50.458: Total time for which application threads were stopped: 0.0016540 seconds, Stopping threads took: 0.0000750 seconds
50.490: Application time: 0.0320900 seconds
50.490: [GC [PSYoungGen: 20104K->2304K(20480K)] 48173K->33444K(66560K), 0.0014140 secs] [Times: user=0.01 sys=0.00, real=0.01 secs] 
50.492: Total time for which application threads were stopped: 0.0015570 seconds, Stopping threads took: 0.0000790 seconds
50.526: Application time: 0.0342480 seconds
50.527: [GC [PSYoungGen: 19537K->2304K(20480K)] 50678K->36516K(66560K), 0.0015020 secs] [Times: user=0.01 sys=0.00, real=0.00 secs] 
50.528: Total time for which application threads were stopped: 0.0023190 seconds, Stopping threads took: 0.0007490 seconds
50.560: Application time: 0.0323520 seconds
50.561: [GC [PSYoungGen: 20124K->2272K(20480K)] 54337K->39556K(66560K), 0.0014850 secs] [Times: user=0.01 sys=0.00, real=0.00 secs] 
50.562: Total time for which application threads were stopped: 0.0016160 seconds, Stopping threads took: 0.0000660 seconds
50.596: Application time: 0.0339150 seconds
50.596: [GC [PSYoungGen: 19502K->2240K(20480K)] 56787K->42597K(66560K), 0.0013780 secs] [Times: user=0.01 sys=0.00, real=0.00 secs] 
50.597: Total time for which application threads were stopped: 0.0015080 seconds, Stopping threads took: 0.0000650 seconds
50.624: Application time: 0.0269540 seconds
50.625: [GC [PSYoungGen: 19851K->2304K(20480K)] 60208K->46757K(66560K), 0.0016500 secs] [Times: user=0.01 sys=0.00, real=0.00 secs] 
50.626: [Full GC [PSYoungGen: 2304K->0K(20480K)] [ParOldGen: 44453K->9632K(46080K)] 46757K->9632K(66560K) [PSPermGen: 5497K->5497K(21504K)], 0.0064550 secs] [Times: user=0.03 sys=0.00, real=0.01 secs] 
50.633: Total time for which application threads were stopped: 0.0082980 seconds, Stopping threads took: 0.0000770 seconds
50.666: Application time: 0.0329870 seconds
50.666: [GC [PSYoungGen: 17027K->2304K(20480K)] 26659K->16033K(66560K), 0.0017700 secs] [Times: user=0.01 sys=0.00, real=0.00 secs] 
50.668: Total time for which application threads were stopped: 0.0019380 seconds, Stopping threads took: 0.0000910 seconds
50.697: Application time: 0.0289560 seconds
50.697: [GC [PSYoungGen: 19338K->2304K(20480K)] 33067K->21153K(66560K), 0.0020860 secs] [Times: user=0.02 sys=0.00, real=0.01 secs] 
50.699: Total time for which application threads were stopped: 0.0022500 seconds, Stopping threads took: 0.0000800 seconds
50.735: Application time: 0.0364570 seconds
50.735: [GC [PSYoungGen: 19476K->2384K(20480K)] 38325K->25329K(66560K), 0.0018650 secs] [Times: user=0.01 sys=0.00, real=0.00 secs] 
50.737: Total time for which application threads were stopped: 0.0020050 seconds, Stopping threads took: 0.0000740 seconds
50.766: Application time: 0.0283760 seconds
50.766: [GC [PSYoungGen: 19326K->2368K(20480K)] 42271K->30433K(66560K), 0.0020550 secs] [Times: user=0.01 sys=0.00, real=0.00 secs] 
50.768: Total time for which application threads were stopped: 0.0022070 seconds, Stopping threads took: 0.0000790 seconds
50.800: Application time: 0.0321580 seconds
50.800: [GC [PSYoungGen: 19558K->2448K(20480K)] 47623K->34609K(66560K), 0.0018320 secs] [Times: user=0.02 sys=0.00, real=0.00 secs] 
50.802: Total time for which application threads were stopped: 0.0019850 seconds, Stopping threads took: 0.0000800 seconds
50.835: Application time: 0.0324520 seconds
50.835: [GC [PSYoungGen: 19889K->2496K(20480K)] 52051K->38753K(66560K), 0.0018350 secs] [Times: user=0.01 sys=0.00, real=0.00 secs] 
50.836: Total time for which application threads were stopped: 0.0019660 seconds, Stopping threads took: 0.0000610 seconds
50.870: Application time: 0.0336600 seconds
50.870: [GC [PSYoungGen: 20377K->2544K(20480K)] 56634K->41873K(66560K), 0.0015510 secs] [Times: user=0.02 sys=0.00, real=0.01 secs] 
50.872: Total time for which application threads were stopped: 0.0016910 seconds, Stopping threads took: 0.0000740 seconds
50.905: Application time: 0.0328560 seconds
50.905: [GC [PSYoungGen: 19711K->2528K(20480K)] 59040K->44929K(66560K), 0.0016660 secs] [Times: user=0.01 sys=0.00, real=0.00 secs] 
50.907: [Full GC [PSYoungGen: 2528K->0K(20480K)] [ParOldGen: 42401K->8617K(46080K)] 44929K->8617K(66560K) [PSPermGen: 5497K->5497K(21504K)], 0.0065260 secs] [Times: user=0.03 sys=0.00, real=0.01 secs] 
50.913: Total time for which application threads were stopped: 0.0083750 seconds, Stopping threads took: 0.0000690 seconds
50.946: Application time: 0.0329540 seconds
50.946: [GC [PSYoungGen: 17802K->2320K(20480K)] 26420K->12985K(66560K), 0.0011740 secs] [Times: user=0.01 sys=0.00, real=0.00 secs] 
50.947: Total time for which application threads were stopped: 0.0013120 seconds, Stopping threads took: 0.0000670 seconds
50.980: Application time: 0.0323880 seconds
50.980: [GC [PSYoungGen: 19519K->2304K(20480K)] 30185K->17065K(66560K), 0.0017430 secs] [Times: user=0.01 sys=0.00, real=0.00 secs] 
50.982: Total time for which application threads were stopped: 0.0018900 seconds, Stopping threads took: 0.0000730 seconds
51.014: Application time: 0.0319110 seconds
51.014: [GC [PSYoungGen: 20005K->2304K(20480K)] 34767K->19113K(66560K), 0.0012430 secs] [Times: user=0.00 sys=0.00, real=0.00 secs] 
51.015: Total time for which application threads were stopped: 0.0013830 seconds, Stopping threads took: 0.0000740 seconds
51.049: Application time: 0.0336390 seconds
51.049: [GC [PSYoungGen: 19620K->2304K(20480K)] 36430K->23210K(66560K), 0.0017140 secs] [Times: user=0.01 sys=0.00, real=0.00 secs] 
51.050: Total time for which application threads were stopped: 0.0018590 seconds, Stopping threads took: 0.0000760 seconds
51.082: Application time: 0.0312530 seconds
51.082: [GC [PSYoungGen: 19876K->2304K(20480K)] 40782K->26282K(66560K), 0.0014970 secs] [Times: user=0.01 sys=0.00, real=0.00 secs] 
51.083: Total time for which application threads were stopped: 0.0016380 seconds, Stopping threads took: 0.0000740 seconds
51.119: Application time: 0.0355760 seconds
51.119: [GC [PSYoungGen: 19783K->2304K(20480K)] 43762K->30378K(66560K), 0.0016800 secs] [Times: user=0.01 sys=0.00, real=0.00 secs] 
51.121: Total time for which application threads were stopped: 0.0018180 seconds, Stopping threads took: 0.0000680 seconds
51.152: Application time: 0.0312170 seconds
51.152: [GC [PSYoungGen: 19885K->2272K(20480K)] 47959K->32394K(66560K), 0.0011800 secs] [Times: user=0.00 sys=0.00, real=0.00 secs] 
51.153: Total time for which application threads were stopped: 0.0013150 seconds, Stopping threads took: 0.0000720 seconds
51.187: Application time: 0.0339960 seconds
51.187: [GC [PSYoungGen: 19703K->2320K(20480K)] 49825K->35514K(66560K), 0.0014540 secs] [Times: user=0.01 sys=0.00, real=0.00 secs] 
51.189: Total time for which application threads were stopped: 0.0015840 seconds, Stopping threads took: 0.0000620 seconds
51.215: Application time: 0.0264140 seconds
51.215: [GC [PSYoungGen: 19606K->2304K(20480K)] 52800K->38570K(66560K), 0.0014130 secs] [Times: user=0.01 sys=0.00, real=0.00 secs] 
51.217: Total time for which application threads were stopped: 0.0015530 seconds, Stopping threads took: 0.0000640 seconds
51.257: Application time: 0.0401840 seconds
51.257: [GC [PSYoungGen: 20060K->2304K(20480K)] 56326K->40618K(66560K), 0.0011420 secs] [Times: user=0.01 sys=0.00, real=0.00 secs] 
51.258: Total time for which application threads were stopped: 0.0012650 seconds, Stopping threads took: 0.0000560 seconds
51.282: Application time: 0.0238170 seconds
51.282: [GC [PSYoungGen: 19504K->2304K(20480K)] 57819K->45738K(66560K), 0.0020040 secs] [Times: user=0.01 sys=0.00, real=0.00 secs] 
51.284: [Full GC [PSYoungGen: 2304K->0K(20480K)] [ParOldGen: 43434K->10656K(46080K)] 45738K->10656K(66560K) [PSPermGen: 5497K->5497K(21504K)], 0.0068050 secs] [Times: user=0.03 sys=0.00, real=0.01 secs] 
51.291: Total time for which application threads were stopped: 0.0090110 seconds, Stopping threads took: 0.0000840 seconds
51.328: Application time: 0.0368100 seconds
51.328: [GC [PSYoungGen: 17192K->2304K(20480K)] 27849K->13984K(66560K), 0.0009200 secs] [Times: user=0.01 sys=0.00, real=0.00 secs] 
51.329: Total time for which application threads were stopped: 0.0010530 seconds, Stopping threads took: 0.0000690 seconds
51.358: Application time: 0.0286590 seconds
51.358: [GC [PSYoungGen: 20224K->2304K(20480K)] 31904K->19104K(66560K), 0.0020230 secs] [Times: user=0.01 sys=0.00, real=0.01 secs] 
51.360: Total time for which application threads were stopped: 0.0021800 seconds, Stopping threads took: 0.0000890 seconds
51.397: Application time: 0.0367890 seconds
51.397: [GC [PSYoungGen: 20224K->2304K(20480K)] 37024K->23200K(66560K), 0.0017260 secs] [Times: user=0.01 sys=0.00, real=0.00 secs] 
51.398: Total time for which application threads were stopped: 0.0018800 seconds, Stopping threads took: 0.0000670 seconds
51.428: Application time: 0.0294240 seconds
51.428: [GC [PSYoungGen: 19541K->2336K(20480K)] 40438K->27328K(66560K), 0.0017060 secs] [Times: user=0.01 sys=0.00, real=0.00 secs] 
51.430: Total time for which application threads were stopped: 0.0018450 seconds, Stopping threads took: 0.0000690 seconds
51.464: Application time: 0.0344910 seconds
51.464: [GC [PSYoungGen: 20256K->2368K(20480K)] 45248K->31457K(66560K), 0.0016880 secs] [Times: user=0.01 sys=0.00, real=0.00 secs] 
51.466: Total time for which application threads were stopped: 0.0018290 seconds, Stopping threads took: 0.0000710 seconds
51.497: Application time: 0.0310680 seconds
51.497: [GC [PSYoungGen: 19811K->2400K(20480K)] 48900K->35585K(66560K), 0.0018000 secs] [Times: user=0.01 sys=0.00, real=0.01 secs] 
51.499: Total time for which application threads were stopped: 0.0019470 seconds, Stopping threads took: 0.0000800 seconds
51.531: Application time: 0.0320240 seconds
51.531: [GC [PSYoungGen: 20158K->2400K(20480K)] 53343K->40705K(66560K), 0.0021080 secs] [Times: user=0.02 sys=0.00, real=0.00 secs] 
51.533: Total time for which application threads were stopped: 0.0022440 seconds, Stopping threads took: 0.0000670 seconds
51.567: Application time: 0.0337940 seconds
51.567: [GC [PSYoungGen: 20103K->2448K(20480K)] 58408K->44849K(66560K), 0.0019170 secs] [Times: user=0.01 sys=0.00, real=0.00 secs] 
51.569: [Full GC [PSYoungGen: 2448K->0K(20480K)] [ParOldGen: 42401K->9633K(46080K)] 44849K->9633K(66560K) [PSPermGen: 5497K->5497K(21504K)], 0.0067910 secs] [Times: user=0.03 sys=0.00, real=0.01 secs] 
51.576: Total time for which application threads were stopped: 0.0089540 seconds, Stopping threads took: 0.0001290 seconds
51.608: Application time: 0.0316150 seconds
51.608: [GC [PSYoungGen: 17664K->2304K(20480K)] 27298K->16033K(66560K), 0.0017900 secs] [Times: user=0.01 sys=0.00, real=0.00 secs] 
51.610: Total time for which application threads were stopped: 0.0019250 seconds, Stopping threads took: 0.0000660 seconds
51.645: Application time: 0.0348980 seconds
51.645: [GC [PSYoungGen: 19689K->2304K(20480K)] 33419K->20129K(66560K), 0.0017220 secs] [Times: user=0.01 sys=0.00, real=0.00 secs] 
51.646: Total time for which application threads were stopped: 0.0018680 seconds, Stopping threads took: 0.0000780 seconds
51.678: Application time: 0.0312330 seconds
51.678: [GC [PSYoungGen: 19927K->2304K(20480K)] 37753K->24225K(66560K), 0.0017570 secs] [Times: user=0.02 sys=0.00, real=0.01 secs] 
51.680: Total time for which application threads were stopped: 0.0018990 seconds, Stopping threads took: 0.0000720 seconds
51.714: Application time: 0.0346210 seconds
51.714: [GC [PSYoungGen: 19620K->2304K(20480K)] 41542K->26273K(66560K), 0.0012460 secs] [Times: user=0.00 sys=0.00, real=0.00 secs] 
51.716: Total time for which application threads were stopped: 0.0013800 seconds, Stopping threads took: 0.0000680 seconds
51.745: Application time: 0.0295060 seconds
51.745: [GC [PSYoungGen: 19984K->2304K(20480K)] 43954K->30369K(66560K), 0.0022420 secs] [Times: user=0.01 sys=0.00, real=0.00 secs] 
51.747: Total time for which application threads were stopped: 0.0024000 seconds, Stopping threads took: 0.0000790 seconds
51.782: Application time: 0.0346800 seconds
51.782: [GC [PSYoungGen: 19528K->2272K(20480K)] 47594K->33410K(66560K), 0.0014380 secs] [Times: user=0.01 sys=0.00, real=0.00 secs] 
51.784: Total time for which application threads were stopped: 0.0015710 seconds, Stopping threads took: 0.0000660 seconds
51.816: Application time: 0.0323180 seconds
51.816: [GC [PSYoungGen: 20115K->2304K(20480K)] 51253K->36514K(66560K), 0.0014430 secs] [Times: user=0.01 sys=0.00, real=0.00 secs] 
51.818: Total time for which application threads were stopped: 0.0015850 seconds, Stopping threads took: 0.0000730 seconds
51.847: Application time: 0.0295090 seconds
51.847: [GC [PSYoungGen: 19320K->2304K(20480K)] 53530K->41634K(66560K), 0.0020750 secs] [Times: user=0.01 sys=0.00, real=0.00 secs] 
51.849: Total time for which application threads were stopped: 0.0022420 seconds, Stopping threads took: 0.0000860 seconds
51.882: Application time: 0.0330170 seconds
51.883: [GC [PSYoungGen: 20204K->2304K(20480K)] 59535K->45730K(66560K), 0.0017360 secs] [Times: user=0.01 sys=0.00, real=0.00 secs] 
51.884: [Full GC [PSYoungGen: 2304K->0K(20480K)] [ParOldGen: 43426K->9636K(46080K)] 45730K->9636K(66560K) [PSPermGen: 5497K->5497K(21504K)], 0.0067150 secs] [Times: user=0.03 sys=0.00, real=0.01 secs] 
51.891: Total time for which application threads were stopped: 0.0086380 seconds, Stopping threads took: 0.0000700 seconds
51.924: Application time: 0.0327750 seconds
51.924: [GC [PSYoungGen: 17162K->2304K(20480K)] 26798K->16036K(66560K), 0.0017950 secs] [Times: user=0.02 sys=0.00, real=0.00 secs] 
51.926: Total time for which application threads were stopped: 0.0019270 seconds, Stopping threads took: 0.0000660 seconds
51.959: Application time: 0.0337250 seconds
51.960: [GC [PSYoungGen: 20190K->2304K(20480K)] 33922K->19108K(66560K), 0.0014110 secs] [Times: user=0.00 sys=0.00, real=0.00 secs] 
51.961: Total time for which application threads were stopped: 0.0015430 seconds, Stopping threads took: 0.0000680 seconds
51.993: Application time: 0.0322210 seconds
51.993: [GC [PSYoungGen: 19275K->2304K(20480K)] 36080K->22180K(66560K), 0.0015000 secs] [Times: user=0.01 sys=0.00, real=0.00 secs] 
51.995: Total time for which application threads were stopped: 0.0016540 seconds, Stopping threads took: 0.0000850 seconds
52.026: Application time: 0.0306030 seconds
52.026: [GC [PSYoungGen: 19233K->2304K(20480K)] 39110K->26276K(66560K), 0.0017670 secs] [Times: user=0.01 sys=0.00, real=0.00 secs] 
52.027: Total time for which application threads were stopped: 0.0019120 seconds, Stopping threads took: 0.0000780 seconds
52.060: Application time: 0.0328600 seconds
52.060: [GC [PSYoungGen: 19241K->2272K(20480K)] 43213K->29316K(66560K), 0.0014250 secs] [Times: user=0.01 sys=0.00, real=0.00 secs] 
52.062: Total time for which application threads were stopped: 0.0016180 seconds, Stopping threads took: 0.0001210 seconds
52.094: Application time: 0.0316580 seconds
52.094: [GC [PSYoungGen: 19274K->2304K(20480K)] 46319K->33444K(66560K), 0.0017400 secs] [Times: user=0.02 sys=0.00, real=0.00 secs] 
52.095: Total time for which application threads were stopped: 0.0018740 seconds, Stopping threads took: 0.0000650 seconds
52.128: Application time: 0.0324870 seconds
52.128: [GC [PSYoungGen: 20224K->2272K(20480K)] 51364K->38532K(66560K), 0.0021100 secs] [Times: user=0.01 sys=0.00, real=0.00 secs] 
52.130: Total time for which application threads were stopped: 0.0022530 seconds, Stopping threads took: 0.0000710 seconds
52.162: Application time: 0.0313850 seconds
52.162: [GC [PSYoungGen: 19432K->2336K(20480K)] 55693K->42692K(66560K), 0.0017350 secs] [Times: user=0.01 sys=0.00, real=0.00 secs] 
52.163: [Full GC [PSYoungGen: 2336K->0K(20480K)] [ParOldGen: 40356K->9785K(46080K)] 42692K->9785K(66560K) [PSPermGen: 5497K->5497K(21504K)], 0.0065340 secs] [Times: user=0.03 sys=0.00, real=0.00 secs] 
52.170: Total time for which application threads were stopped: 0.0084530 seconds, Stopping threads took: 0.0000630 seconds
52.202: Application time: 0.0319260 seconds
52.206: [GC [PSYoungGen: 16983K->2336K(20480K)] 26768K->15193K(66560K), 0.0015930 secs] [Times: user=0.01 sys=0.00, real=0.00 secs] 
52.208: Total time for which application threads were stopped: 0.0057500 seconds, Stopping threads took: 0.0040880 seconds
52.240: Application time: 0.0320610 seconds
52.240: [GC [PSYoungGen: 19678K->2368K(20480K)] 32535K->18297K(66560K), 0.0015260 secs] [Times: user=0.01 sys=0.00, real=0.00 secs] 
52.241: Total time for which application threads were stopped: 0.0016620 seconds, Stopping threads took: 0.0000650 seconds
52.273: Application time: 0.0317870 seconds
52.273: [GC [PSYoungGen: 19493K->2512K(20480K)] 35423K->19465K(66560K), 0.0010640 secs] [Times: user=0.01 sys=0.00, real=0.00 secs] 
52.274: Total time for which application threads were stopped: 0.0011990 seconds, Stopping threads took: 0.0000620 seconds
52.308: Application time: 0.0330770 seconds
52.308: [GC [PSYoungGen: 19639K->2448K(20480K)] 36592K->21449K(66560K), 0.0012830 secs] [Times: user=0.01 sys=0.00, real=0.00 secs] 
52.309: Total time for which application threads were stopped: 0.0014110 seconds, Stopping threads took: 0.0000620 seconds
52.341: Application time: 0.0321730 seconds
52.341: [GC [PSYoungGen: 20238K->2528K(20480K)] 39240K->23577K(66560K), 0.0012280 secs] [Times: user=0.00 sys=0.01, real=0.00 secs] 
52.342: Total time for which application threads were stopped: 0.0013790 seconds, Stopping threads took: 0.0000750 seconds
52.375: Application time: 0.0327820 seconds
52.375: [GC [PSYoungGen: 19683K->2448K(20480K)] 40732K->25545K(66560K), 0.0012630 secs] [Times: user=0.00 sys=0.00, real=0.00 secs] 
52.377: Total time for which application threads were stopped: 0.0013950 seconds, Stopping threads took: 0.0000710 seconds
52.409: Application time: 0.0318970 seconds
52.409: [GC [PSYoungGen: 20262K->2416K(20480K)] 43359K->28585K(66560K), 0.0014860 secs] [Times: user=0.01 sys=0.00, real=0.00 secs] 
52.410: Total time for which application threads were stopped: 0.0016230 seconds, Stopping threads took: 0.0000700 seconds
52.440: Application time: 0.0297090 seconds
52.440: [GC [PSYoungGen: 20336K->2480K(20480K)] 46505K->32745K(66560K), 0.0018420 secs] [Times: user=0.02 sys=0.00, real=0.00 secs] 
52.442: Total time for which application threads were stopped: 0.0019900 seconds, Stopping threads took: 0.0000780 seconds
52.473: Application time: 0.0313860 seconds
52.473: [GC [PSYoungGen: 19394K->2464K(20480K)] 49660K->35801K(66560K), 0.0016270 secs] [Times: user=0.01 sys=0.00, real=0.00 secs] 
52.475: Total time for which application threads were stopped: 0.0017670 seconds, Stopping threads took: 0.0000710 seconds
52.508: Application time: 0.0328180 seconds
52.508: [GC [PSYoungGen: 19477K->2464K(20480K)] 52815K->38873K(66560K), 0.0015690 secs] [Times: user=0.00 sys=0.00, real=0.00 secs] 
52.510: Total time for which application threads were stopped: 0.0016970 seconds, Stopping threads took: 0.0000610 seconds
52.542: Application time: 0.0322540 seconds
52.542: [GC [PSYoungGen: 19426K->2480K(20480K)] 55836K->41962K(66560K), 0.0016320 secs] [Times: user=0.01 sys=0.00, real=0.00 secs] 
52.544: Total time for which application threads were stopped: 0.0017700 seconds, Stopping threads took: 0.0000710 seconds
52.575: Application time: 0.0318480 seconds
52.576: [GC [PSYoungGen: 19422K->2464K(20480K)] 58904K->43994K(66560K), 0.0012980 secs] [Times: user=0.01 sys=0.00, real=0.00 secs] 
52.577: [Full GC [PSYoungGen: 2464K->0K(20480K)] [ParOldGen: 41530K->7593K(46080K)] 43994K->7593K(66560K) [PSPermGen: 5497K->5497K(21504K)], 0.0062250 secs] [Times: user=0.02 sys=0.00, real=0.01 secs] 
52.583: Total time for which application threads were stopped: 0.0077000 seconds, Stopping threads took: 0.0000650 seconds
52.616: Application time: 0.0332850 seconds
52.617: [GC [PSYoungGen: 17034K->2304K(20480K)] 24628K->12969K(66560K), 0.0013980 secs] [Times: user=0.01 sys=0.00, real=0.00 secs] 
52.618: Total time for which application threads were stopped: 0.0015390 seconds, Stopping threads took: 0.0000730 seconds
52.649: Application time: 0.0313890 seconds
52.649: [GC [PSYoungGen: 20224K->2304K(20480K)] 30889K->18089K(66560K), 0.0020020 secs] [Times: user=0.01 sys=0.00, real=0.01 secs] 
52.652: Total time for which application threads were stopped: 0.0021500 seconds, Stopping threads took: 0.0000770 seconds
52.683: Application time: 0.0316260 seconds
52.683: [GC [PSYoungGen: 19201K->2304K(20480K)] 34986K->22185K(66560K), 0.0016780 secs] [Times: user=0.01 sys=0.00, real=0.00 secs] 
52.685: Total time for which application threads were stopped: 0.0018220 seconds, Stopping threads took: 0.0000720 seconds
52.714: Application time: 0.0291970 seconds
52.714: [GC [PSYoungGen: 19223K->2304K(20480K)] 39104K->26281K(66560K), 0.0017350 secs] [Times: user=0.02 sys=0.00, real=0.00 secs] 
52.716: Total time for which application threads were stopped: 0.0018660 seconds, Stopping threads took: 0.0000630 seconds
52.749: Application time: 0.0325800 seconds
52.749: [GC [PSYoungGen: 19200K->2272K(20480K)] 43178K->29321K(66560K), 0.0015500 secs] [Times: user=0.01 sys=0.00, real=0.00 secs] 
52.750: Total time for which application threads were stopped: 0.0016910 seconds, Stopping threads took: 0.0000750 seconds
52.783: Application time: 0.0326110 seconds
52.783: [GC [PSYoungGen: 19369K->2272K(20480K)] 46419K->32393K(66560K), 0.0015880 secs] [Times: user=0.01 sys=0.00, real=0.00 secs] 
52.785: Total time for which application threads were stopped: 0.0017240 seconds, Stopping threads took: 0.0000580 seconds
52.817: Application time: 0.0319690 seconds
52.819: [GC [PSYoungGen: 20091K->2304K(20480K)] 50213K->34473K(66560K), 0.0011650 secs] [Times: user=0.01 sys=0.00, real=0.00 secs] 
52.820: Total time for which application threads were stopped: 0.0031380 seconds, Stopping threads took: 0.0019090 seconds
52.854: Application time: 0.0346050 seconds
52.854: [GC [PSYoungGen: 19656K->2304K(20480K)] 51825K->37545K(66560K), 0.0014730 secs] [Times: user=0.01 sys=0.00, real=0.00 secs] 
52.856: Total time for which application threads were stopped: 0.0016260 seconds, Stopping threads took: 0.0000840 seconds
52.885: Application time: 0.0290240 seconds
52.885: [GC [PSYoungGen: 20046K->2304K(20480K)] 55287K->41641K(66560K), 0.0017890 secs] [Times: user=0.02 sys=0.00, real=0.00 secs] 
52.887: Total time for which application threads were stopped: 0.0019290 seconds, Stopping threads took: 0.0000720 seconds
52.920: Application time: 0.0331000 seconds
52.920: [GC [PSYoungGen: 19500K->2368K(20480K)] 58838K->45801K(66560K), 0.0018140 secs] [Times: user=0.01 sys=0.00, real=0.00 secs] 
52.922: [Full GC [PSYoungGen: 2368K->0K(20480K)] [ParOldGen: 43433K->9651K(46080K)] 45801K->9651K(66560K) [PSPermGen: 5497K->5497K(21504K)], 0.0067460 secs] [Times: user=0.03 sys=0.00, real=0.00 secs] 
52.929: Total time for which application threads were stopped: 0.0087510 seconds, Stopping threads took: 0.0000690 seconds
52.961: Application time: 0.0323060 seconds
52.961: [GC [PSYoungGen: 17233K->2336K(20480K)] 26885K->14035K(66560K), 0.0012030 secs] [Times: user=0.01 sys=0.00, real=0.00 secs] 
52.962: Total time for which application threads were stopped: 0.0013260 seconds, Stopping threads took: 0.0000590 seconds
52.994: Application time: 0.0317270 seconds
52.994: [GC [PSYoungGen: 19614K->2464K(20480K)] 31314K->17235K(66560K), 0.0015010 secs] [Times: user=0.01 sys=0.00, real=0.00 secs] 
52.996: Total time for which application threads were stopped: 0.0016380 seconds, Stopping threads took: 0.0000700 seconds
53.028: Application time: 0.0319780 seconds
53.028: [GC [PSYoungGen: 20384K->2464K(20480K)] 35155K->20307K(66560K), 0.0014970 secs] [Times: user=0.01 sys=0.00, real=0.00 secs] 
53.029: Total time for which application threads were stopped: 0.0016380 seconds, Stopping threads took: 0.0000730 seconds
53.064: Application time: 0.0345750 seconds
53.064: [GC [PSYoungGen: 19598K->2448K(20480K)] 37442K->22340K(66560K), 0.0012710 secs] [Times: user=0.01 sys=0.00, real=0.00 secs] 
53.065: Total time for which application threads were stopped: 0.0013940 seconds, Stopping threads took: 0.0000580 seconds
53.094: Application time: 0.0290740 seconds
53.095: [GC [PSYoungGen: 20241K->2480K(20480K)] 40133K->26468K(66560K), 0.0017900 secs] [Times: user=0.01 sys=0.00, real=0.00 secs] 
53.096: Total time for which application threads were stopped: 0.0019340 seconds, Stopping threads took: 0.0000770 seconds
53.131: Application time: 0.0341770 seconds
53.131: [GC [PSYoungGen: 19517K->2448K(20480K)] 43505K->28484K(66560K), 0.0012810 secs] [Times: user=0.01 sys=0.00, real=0.00 secs] 
53.132: Total time for which application threads were stopped: 0.0014140 seconds, Stopping threads took: 0.0000700 seconds
53.163: Application time: 0.0307970 seconds
53.163: [GC [PSYoungGen: 19376K->2464K(20480K)] 45412K->32596K(66560K), 0.0017440 secs] [Times: user=0.01 sys=0.00, real=0.00 secs] 
53.165: Total time for which application threads were stopped: 0.0018800 seconds, Stopping threads took: 0.0000680 seconds
53.198: Application time: 0.0332060 seconds
53.198: [GC [PSYoungGen: 20325K->2464K(20480K)] 50457K->35668K(66560K), 0.0014960 secs] [Times: user=0.01 sys=0.00, real=0.01 secs] 
53.200: Total time for which application threads were stopped: 0.0016300 seconds, Stopping threads took: 0.0000660 seconds
53.229: Application time: 0.0297340 seconds
53.229: [GC [PSYoungGen: 19501K->2432K(20480K)] 52705K->38708K(66560K), 0.0015820 secs] [Times: user=0.01 sys=0.00, real=0.01 secs] 
53.231: Total time for which application threads were stopped: 0.0017180 seconds, Stopping threads took: 0.0000700 seconds
53.265: Application time: 0.0339420 seconds
53.265: [GC [PSYoungGen: 20319K->2464K(20480K)] 56595K->41812K(66560K), 0.0015560 secs] [Times: user=0.01 sys=0.00, real=0.00 secs] 
53.267: Total time for which application threads were stopped: 0.0016910 seconds, Stopping threads took: 0.0000720 seconds
53.299: Application time: 0.0326120 seconds
53.303: [GC [PSYoungGen: 19638K->2480K(20480K)] 58986K->44900K(66560K), 0.0015140 secs] [Times: user=0.01 sys=0.00, real=0.00 secs] 
53.304: [Full GC [PSYoungGen: 2480K->0K(20480K)] [ParOldGen: 42420K->8629K(46080K)] 44900K->8629K(66560K) [PSPermGen: 5497K->5497K(21504K)], 0.0063960 secs] [Times: user=0.03 sys=0.00, real=0.01 secs] 
53.311: Total time for which application threads were stopped: 0.0112800 seconds, Stopping threads took: 0.0032460 seconds
53.344: Application time: 0.0333980 seconds
53.344: [GC [PSYoungGen: 17843K->2304K(20480K)] 26472K->14005K(66560K), 0.0014050 secs] [Times: user=0.01 sys=0.00, real=0.00 secs] 
53.345: Total time for which application threads were stopped: 0.0015490 seconds, Stopping threads took: 0.0000810 seconds
53.379: Application time: 0.0330760 seconds
53.379: [GC [PSYoungGen: 19477K->2304K(20480K)] 31178K->18101K(66560K), 0.0016790 secs] [Times: user=0.01 sys=0.00, real=0.00 secs] 
53.380: Total time for which application threads were stopped: 0.0018230 seconds, Stopping threads took: 0.0000740 seconds
53.413: Application time: 0.0322480 seconds
53.413: [GC [PSYoungGen: 20133K->2304K(20480K)] 35930K->22197K(66560K), 0.0017420 secs] [Times: user=0.01 sys=0.00, real=0.00 secs] 
53.415: Total time for which application threads were stopped: 0.0018820 seconds, Stopping threads took: 0.0000710 seconds
53.448: Application time: 0.0337100 seconds
53.448: [GC [PSYoungGen: 19529K->2304K(20480K)] 39422K->25269K(66560K), 0.0015240 secs] [Times: user=0.01 sys=0.00, real=0.00 secs] 
53.450: Total time for which application threads were stopped: 0.0016650 seconds, Stopping threads took: 0.0000770 seconds
53.478: Application time: 0.0282770 seconds
53.478: [GC [PSYoungGen: 19964K->2304K(20480K)] 42929K->29365K(66560K), 0.0017510 secs] [Times: user=0.01 sys=0.00, real=0.01 secs] 
53.480: Total time for which application threads were stopped: 0.0018960 seconds, Stopping threads took: 0.0000740 seconds
53.518: Application time: 0.0376770 seconds
53.518: [GC [PSYoungGen: 19670K->2304K(20480K)] 46731K->32437K(66560K), 0.0014320 secs] [Times: user=0.01 sys=0.00, real=0.01 secs] 
53.519: Total time for which application threads were stopped: 0.0015590 seconds, Stopping threads took: 0.0000600 seconds
53.545: Application time: 0.0260490 seconds
53.545: [GC [PSYoungGen: 19881K->2304K(20480K)] 50014K->36533K(66560K), 0.0017880 secs] [Times: user=0.01 sys=0.00, real=0.00 secs] 
53.547: Total time for which application threads were stopped: 0.0019350 seconds, Stopping threads took: 0.0000750 seconds
53.580: Application time: 0.0331950 seconds
53.581: [GC [PSYoungGen: 19439K->2320K(20480K)] 53669K->39621K(66560K), 0.0015190 secs] [Times: user=0.01 sys=0.00, real=0.00 secs] 
53.582: Total time for which application threads were stopped: 0.0016770 seconds, Stopping threads took: 0.0000900 seconds
53.614: Application time: 0.0321790 seconds
53.614: [GC [PSYoungGen: 19374K->2320K(20480K)] 56676K->42693K(66560K), 0.0015020 secs] [Times: user=0.01 sys=0.00, real=0.00 secs] 
53.616: Total time for which application threads were stopped: 0.0016530 seconds, Stopping threads took: 0.0000780 seconds
53.649: Application time: 0.0327730 seconds
53.649: [GC [PSYoungGen: 19327K->2336K(20480K)] 59700K->45781K(66560K), 0.0015340 secs] [Times: user=0.01 sys=0.00, real=0.00 secs] 
53.650: [Full GC [PSYoungGen: 2336K->0K(20480K)] [ParOldGen: 43445K->8626K(46080K)] 45781K->8626K(66560K) [PSPermGen: 5497K->5497K(21504K)], 0.0064150 secs] [Times: user=0.02 sys=0.00, real=0.00 secs] 
53.657: Total time for which application threads were stopped: 0.0081450 seconds, Stopping threads took: 0.0000710 seconds
53.686: Application time: 0.0287810 seconds
53.686: [GC [PSYoungGen: 17173K->2368K(20480K)] 25800K->15090K(66560K), 0.0017900 secs] [Times: user=0.01 sys=0.00, real=0.00 secs] 
53.688: Total time for which application threads were stopped: 0.0019810 seconds, Stopping threads took: 0.0001220 seconds
53.723: Application time: 0.0353540 seconds
53.723: [GC [PSYoungGen: 19748K->2464K(20480K)] 32471K->18258K(66560K), 0.0014550 secs] [Times: user=0.01 sys=0.00, real=0.00 secs] 
53.725: Total time for which application threads were stopped: 0.0016140 seconds, Stopping threads took: 0.0000870 seconds
53.755: Application time: 0.0307350 seconds
53.756: [GC [PSYoungGen: 19417K->2496K(20480K)] 35212K->21363K(66560K), 0.0015170 secs] [Times: user=0.01 sys=0.00, real=0.00 secs] 
53.757: Total time for which application threads were stopped: 0.0016620 seconds, Stopping threads took: 0.0000760 seconds
53.791: Application time: 0.0338150 seconds
53.791: [GC [PSYoungGen: 19457K->2448K(20480K)] 38324K->23363K(66560K), 0.0012070 secs] [Times: user=0.01 sys=0.00, real=0.00 secs] 
53.792: Total time for which application threads were stopped: 0.0013470 seconds, Stopping threads took: 0.0000750 seconds
53.822: Application time: 0.0293040 seconds
53.823: [GC [PSYoungGen: 20365K->2416K(20480K)] 41280K->27427K(66560K), 0.0018230 secs] [Times: user=0.01 sys=0.00, real=0.00 secs] 
53.824: Total time for which application threads were stopped: 0.0028780 seconds, Stopping threads took: 0.0009710 seconds
53.859: Application time: 0.0349540 seconds
53.859: [GC [PSYoungGen: 19367K->2432K(20480K)] 44379K->29491K(66560K), 0.0012040 secs] [Times: user=0.01 sys=0.00, real=0.00 secs] 
53.861: Total time for which application threads were stopped: 0.0013470 seconds, Stopping threads took: 0.0000780 seconds
53.890: Application time: 0.0293720 seconds
53.890: [GC [PSYoungGen: 19396K->2512K(20480K)] 46455K->32643K(66560K), 0.0014260 secs] [Times: user=0.01 sys=0.00, real=0.01 secs] 
53.892: Total time for which application threads were stopped: 0.0015630 seconds, Stopping threads took: 0.0000690 seconds
53.923: Application time: 0.0312080 seconds
53.923: [GC [PSYoungGen: 20161K->2432K(20480K)] 50293K->35635K(66560K), 0.0015510 secs] [Times: user=0.01 sys=0.00, real=0.00 secs] 
53.925: Total time for which application threads were stopped: 0.0016860 seconds, Stopping threads took: 0.0000690 seconds
53.957: Application time: 0.0323750 seconds
53.957: [GC [PSYoungGen: 19655K->2416K(20480K)] 52858K->39715K(66560K), 0.0019100 secs] [Times: user=0.01 sys=0.00, real=0.01 secs] 
53.959: Total time for which application threads were stopped: 0.0020680 seconds, Stopping threads took: 0.0000880 seconds
53.993: Application time: 0.0335500 seconds
53.993: [GC [PSYoungGen: 20189K->2464K(20480K)] 57489K->42835K(66560K), 0.0014580 secs] [Times: user=0.01 sys=0.00, real=0.00 secs] 
53.994: Total time for which application threads were stopped: 0.0016100 seconds, Stopping threads took: 0.0000840 seconds
54.026: Application time: 0.0317670 seconds
54.026: [GC [PSYoungGen: 19716K->2464K(20480K)] 60088K->46931K(66560K), 0.0018540 secs] [Times: user=0.01 sys=0.00, real=0.00 secs] 
54.028: [Full GC [PSYoungGen: 2464K->0K(20480K)] [ParOldGen: 44467K->9635K(46080K)] 46931K->9635K(66560K) [PSPermGen: 5497K->5497K(21504K)], 0.0067350 secs] [Times: user=0.03 sys=0.00, real=0.01 secs] 
54.035: Total time for which application threads were stopped: 0.0087880 seconds, Stopping threads took: 0.0000780 seconds
54.066: Application time: 0.0310310 seconds
54.066: [GC [PSYoungGen: 17657K->2304K(20480K)] 27293K->16035K(66560K), 0.0017550 secs] [Times: user=0.02 sys=0.00, real=0.00 secs] 
54.068: Total time for which application threads were stopped: 0.0018900 seconds, Stopping threads took: 0.0000660 seconds
54.102: Application time: 0.0339560 seconds
54.102: [GC [PSYoungGen: 19714K->2272K(20480K)] 33445K->20099K(66560K), 0.0017960 secs] [Times: user=0.01 sys=0.00, real=0.00 secs] 
54.104: Total time for which application threads were stopped: 0.0020400 seconds, Stopping threads took: 0.0001710 seconds
54.136: Application time: 0.0327960 seconds
54.137: [GC [PSYoungGen: 19931K->2272K(20480K)] 37759K->23171K(66560K), 0.0014270 secs] [Times: user=0.01 sys=0.00, real=0.00 secs] 
54.138: Total time for which application threads were stopped: 0.0015530 seconds, Stopping threads took: 0.0000610 seconds
54.172: Application time: 0.0336840 seconds
54.172: [GC [PSYoungGen: 19670K->2304K(20480K)] 40570K->27299K(66560K), 0.0017130 secs] [Times: user=0.01 sys=0.00, real=0.00 secs] 
54.174: Total time for which application threads were stopped: 0.0018540 seconds, Stopping threads took: 0.0000720 seconds
54.204: Application time: 0.0301080 seconds
54.204: [GC [PSYoungGen: 19857K->2272K(20480K)] 44852K->31363K(66560K), 0.0017610 secs] [Times: user=0.01 sys=0.00, real=0.00 secs] 
54.206: Total time for which application threads were stopped: 0.0019150 seconds, Stopping threads took: 0.0000850 seconds
54.242: Application time: 0.0360590 seconds
54.242: [GC [PSYoungGen: 19773K->2304K(20480K)] 48865K->34467K(66560K), 0.0014490 secs] [Times: user=0.01 sys=0.00, real=0.00 secs] 
54.243: Total time for which application threads were stopped: 0.0015940 seconds, Stopping threads took: 0.0000780 seconds
54.271: Application time: 0.0273390 seconds
54.271: [GC [PSYoungGen: 19728K->2304K(20480K)] 51892K->38563K(66560K), 0.0017810 secs] [Times: user=0.01 sys=0.00, real=0.00 secs] 
54.273: Total time for which application threads were stopped: 0.0019390 seconds, Stopping threads took: 0.0000900 seconds
54.310: Application time: 0.0375350 seconds
54.310: [GC [PSYoungGen: 19925K->2304K(20480K)] 56185K->41635K(66560K), 0.0015190 secs] [Times: user=0.01 sys=0.00, real=0.01 secs] 
54.312: Total time for which application threads were stopped: 0.0016640 seconds, Stopping threads took: 0.0000780 seconds
54.341: Application time: 0.0294640 seconds
54.341: [GC [PSYoungGen: 20074K->2368K(20480K)] 59406K->45795K(66560K), 0.0017770 secs] [Times: user=0.02 sys=0.00, real=0.00 secs] 
54.343: [Full GC [PSYoungGen: 2368K->0K(20480K)] [ParOldGen: 43427K->9653K(46080K)] 45795K->9653K(66560K) [PSPermGen: 5497K->5497K(21504K)], 0.0065620 secs] [Times: user=0.03 sys=0.00, real=0.00 secs] 
54.350: Total time for which application threads were stopped: 0.0085470 seconds, Stopping threads took: 0.0000820 seconds
54.387: Application time: 0.0371690 seconds
54.387: [GC [PSYoungGen: 17614K->2320K(20480K)] 27268K->14021K(66560K), 0.0011970 secs] [Times: user=0.01 sys=0.00, real=0.00 secs] 
54.388: Total time for which application threads were stopped: 0.0013370 seconds, Stopping threads took: 0.0000750 seconds
54.417: Application time: 0.0289300 seconds
54.417: [GC [PSYoungGen: 20051K->2400K(20480K)] 31753K->18197K(66560K), 0.0016600 secs] [Times: user=0.01 sys=0.00, real=0.01 secs] 
54.419: Total time for which application threads were stopped: 0.0018160 seconds, Stopping threads took: 0.0000870 seconds
54.454: Application time: 0.0350880 seconds
54.454: [GC [PSYoungGen: 19935K->2432K(20480K)] 35732K->19253K(66560K), 0.0010690 secs] [Times: user=0.01 sys=0.00, real=0.00 secs] 
54.455: Total time for which application threads were stopped: 0.0012040 seconds, Stopping threads took: 0.0000660 seconds
54.484: Application time: 0.0289570 seconds
54.484: [GC [PSYoungGen: 20181K->2496K(20480K)] 37002K->23413K(66560K), 0.0017270 secs] [Times: user=0.01 sys=0.00, real=0.00 secs] 
54.486: Total time for which application threads were stopped: 0.0018750 seconds, Stopping threads took: 0.0000760 seconds
54.523: Application time: 0.0370030 seconds
54.523: [GC [PSYoungGen: 19658K->2448K(20480K)] 40575K->23365K(66560K), 0.0007790 secs] [Times: user=0.00 sys=0.00, real=0.00 secs] 
54.524: Total time for which application threads were stopped: 0.0009160 seconds, Stopping threads took: 0.0000740 seconds
54.550: Application time: 0.0262790 seconds
54.550: [GC [PSYoungGen: 20157K->2464K(20480K)] 41074K->26453K(66560K), 0.0015510 secs] [Times: user=0.01 sys=0.01, real=0.01 secs] 
54.552: Total time for which application threads were stopped: 0.0016940 seconds, Stopping threads took: 0.0000740 seconds
54.589: Application time: 0.0367410 seconds
54.589: [GC [PSYoungGen: 19482K->2432K(20480K)] 43472K->28469K(66560K), 0.0013080 secs] [Times: user=0.01 sys=0.00, real=0.00 secs] 
54.590: Total time for which application threads were stopped: 0.0014350 seconds, Stopping threads took: 0.0000580 seconds
54.619: Application time: 0.0286780 seconds
54.619: [GC [PSYoungGen: 19382K->2464K(20480K)] 45420K->30549K(66560K), 0.0012860 secs] [Times: user=0.01 sys=0.00, real=0.00 secs] 
54.620: Total time for which application threads were stopped: 0.0014160 seconds, Stopping threads took: 0.0000660 seconds
54.656: Application time: 0.0353670 seconds
54.659: [GC [PSYoungGen: 20384K->2448K(20480K)] 48469K->33605K(66560K), 0.0014800 secs] [Times: user=0.01 sys=0.00, real=0.00 secs] 
54.660: Total time for which application threads were stopped: 0.0043710 seconds, Stopping threads took: 0.0028210 seconds
54.692: Application time: 0.0316650 seconds
54.692: [GC [PSYoungGen: 19595K->2480K(20480K)] 50753K->34661K(66560K), 0.0009580 secs] [Times: user=0.01 sys=0.00, real=0.00 secs] 
54.693: Total time for which application threads were stopped: 0.0010910 seconds, Stopping threads took: 0.0000700 seconds
54.728: Application time: 0.0347330 seconds
54.728: [GC [PSYoungGen: 20363K->2432K(20480K)] 52545K->36661K(66560K), 0.0011440 secs] [Times: user=0.00 sys=0.00, real=0.00 secs] 
54.729: Total time for which application threads were stopped: 0.0012830 seconds, Stopping threads took: 0.0000760 seconds
54.758: Application time: 0.0293830 seconds
54.758: [GC [PSYoungGen: 19475K->2480K(20480K)] 53705K->39781K(66560K), 0.0014820 secs] [Times: user=0.01 sys=0.00, real=0.01 secs] 
54.760: Total time for which application threads were stopped: 0.0016180 seconds, Stopping threads took: 0.0000690 seconds
54.793: Application time: 0.0335180 seconds
54.793: [GC [PSYoungGen: 20276K->2368K(20480K)] 57578K->43766K(66560K), 0.0018350 secs] [Times: user=0.01 sys=0.00, real=0.00 secs] 
54.795: [Full GC [PSYoungGen: 2368K->0K(20480K)] [ParOldGen: 41398K->9654K(46080K)] 43766K->9654K(66560K) [PSPermGen: 5497K->5497K(21504K)], 0.0066780 secs] [Times: user=0.03 sys=0.00, real=0.01 secs] 
54.802: Total time for which application threads were stopped: 0.0086950 seconds, Stopping threads took: 0.0000660 seconds
54.833: Application time: 0.0312470 seconds
54.833: [GC [PSYoungGen: 17136K->2304K(20480K)] 26791K->15030K(66560K), 0.0013570 secs] [Times: user=0.01 sys=0.00, real=0.00 secs] 
54.835: Total time for which application threads were stopped: 0.0014880 seconds, Stopping threads took: 0.0000630 seconds
54.868: Application time: 0.0335340 seconds
54.868: [GC [PSYoungGen: 20124K->2288K(20480K)] 32851K->18086K(66560K), 0.0014470 secs] [Times: user=0.01 sys=0.00, real=0.00 secs] 
54.870: Total time for which application threads were stopped: 0.0015860 seconds, Stopping threads took: 0.0000620 seconds
54.899: Application time: 0.0286760 seconds
54.899: [GC [PSYoungGen: 19397K->2304K(20480K)] 35196K->22198K(66560K), 0.0018210 secs] [Times: user=0.02 sys=0.00, real=0.00 secs] 
54.901: Total time for which application threads were stopped: 0.0020420 seconds, Stopping threads took: 0.0001500 seconds
54.935: Application time: 0.0344000 seconds
54.935: [GC [PSYoungGen: 20048K->2240K(20480K)] 39943K->25206K(66560K), 0.0014610 secs] [Times: user=0.01 sys=0.00, real=0.00 secs] 
54.937: Total time for which application threads were stopped: 0.0015880 seconds, Stopping threads took: 0.0000580 seconds
54.970: Application time: 0.0333160 seconds
54.970: [GC [PSYoungGen: 19586K->2304K(20480K)] 42553K->28342K(66560K), 0.0014780 secs] [Times: user=0.01 sys=0.00, real=0.01 secs] 
54.972: Total time for which application threads were stopped: 0.0016110 seconds, Stopping threads took: 0.0000690 seconds
55.001: Application time: 0.0294630 seconds
55.001: [GC [PSYoungGen: 19809K->2272K(20480K)] 45848K->31383K(66560K), 0.0013790 secs] [Times: user=0.01 sys=0.00, real=0.00 secs] 
55.003: Total time for which application threads were stopped: 0.0015340 seconds, Stopping threads took: 0.0000860 seconds
55.038: Application time: 0.0358380 seconds
55.039: [GC [PSYoungGen: 19897K->2336K(20480K)] 49008K->36567K(66560K), 0.0020950 secs] [Times: user=0.01 sys=0.00, real=0.00 secs] 
55.041: Total time for which application threads were stopped: 0.0022520 seconds, Stopping threads took: 0.0000860 seconds
55.068: Application time: 0.0278120 seconds
55.069: [GC [PSYoungGen: 19896K->2368K(20480K)] 54127K->40695K(66560K), 0.0017520 secs] [Times: user=0.01 sys=0.00, real=0.00 secs] 
55.070: Total time for which application threads were stopped: 0.0019310 seconds, Stopping threads took: 0.0001100 seconds
55.108: Application time: 0.0375270 seconds
55.108: [GC [PSYoungGen: 20154K->2368K(20480K)] 58481K->45815K(66560K), 0.0021290 secs] [Times: user=0.01 sys=0.00, real=0.00 secs] 
55.110: [Full GC [PSYoungGen: 2368K->0K(20480K)] [ParOldGen: 43447K->10659K(46080K)] 45815K->10659K(66560K) [PSPermGen: 5497K->5497K(21504K)], 0.0070540 secs] [Times: user=0.03 sys=0.00, real=0.01 secs] 
55.117: Total time for which application threads were stopped: 0.0093700 seconds, Stopping threads took: 0.0000690 seconds
55.146: Application time: 0.0289330 seconds
55.146: [GC [PSYoungGen: 17717K->2320K(20480K)] 28376K->16051K(66560K), 0.0015370 secs] [Times: user=0.00 sys=0.00, real=0.00 secs] 
55.148: Total time for which application threads were stopped: 0.0016780 seconds, Stopping threads took: 0.0000750 seconds
55.185: Application time: 0.0368840 seconds
55.185: [GC [PSYoungGen: 20086K->2400K(20480K)] 33817K->21251K(66560K), 0.0020050 secs] [Times: user=0.01 sys=0.00, real=0.00 secs] 
55.187: Total time for which application threads were stopped: 0.0021580 seconds, Stopping threads took: 0.0000800 seconds
55.216: Application time: 0.0285740 seconds
55.216: [GC [PSYoungGen: 19861K->2384K(20480K)] 38712K->24307K(66560K), 0.0015260 secs] [Times: user=0.01 sys=0.00, real=0.00 secs] 
55.217: Total time for which application threads were stopped: 0.0016510 seconds, Stopping threads took: 0.0000600 seconds
55.253: Application time: 0.0356140 seconds
55.253: [GC [PSYoungGen: 19885K->2336K(20480K)] 41808K->28355K(66560K), 0.0018020 secs] [Times: user=0.00 sys=0.00, real=0.00 secs] 
55.255: Total time for which application threads were stopped: 0.0019680 seconds, Stopping threads took: 0.0000940 seconds
55.286: Application time: 0.0312460 seconds
55.286: [GC [PSYoungGen: 19897K->2400K(20480K)] 45917K->31491K(66560K), 0.0014950 secs] [Times: user=0.01 sys=0.00, real=0.00 secs] 
55.288: Total time for which application threads were stopped: 0.0016260 seconds, Stopping threads took: 0.0000600 seconds
55.323: Application time: 0.0349260 seconds
55.323: [GC [PSYoungGen: 19860K->2368K(20480K)] 48951K->34531K(66560K), 0.0014860 secs] [Times: user=0.01 sys=0.00, real=0.00 secs] 
55.324: Total time for which application threads were stopped: 0.0016290 seconds, Stopping threads took: 0.0000720 seconds
55.354: Application time: 0.0302840 seconds
55.355: [GC [PSYoungGen: 19910K->2320K(20480K)] 52073K->39603K(66560K), 0.0020560 secs] [Times: user=0.02 sys=0.00, real=0.00 secs] 
55.357: Total time for which application threads were stopped: 0.0021820 seconds, Stopping threads took: 0.0000550 seconds
55.393: Application time: 0.0365520 seconds
55.393: [GC [PSYoungGen: 19884K->2432K(20480K)] 57168K->41763K(66560K), 0.0012360 secs] [Times: user=0.01 sys=0.00, real=0.00 secs] 
55.395: Total time for which application threads were stopped: 0.0013850 seconds, Stopping threads took: 0.0000710 seconds
55.423: Application time: 0.0288220 seconds
55.424: [GC [PSYoungGen: 19889K->2432K(20480K)] 59221K->45859K(66560K), 0.0017600 secs] [Times: user=0.01 sys=0.00, real=0.00 secs] 
55.425: [Full GC [PSYoungGen: 2432K->0K(20480K)] [ParOldGen: 43427K->9649K(46080K)] 45859K->9649K(66560K) [PSPermGen: 5497K->5497K(21504K)], 0.0067400 secs] [Times: user=0.03 sys=0.00, real=0.01 secs] 
55.432: Total time for which application threads were stopped: 0.0087030 seconds, Stopping threads took: 0.0000820 seconds
55.466: Application time: 0.0338740 seconds
55.466: [GC [PSYoungGen: 17229K->2304K(20480K)] 26879K->14002K(66560K), 0.0011720 secs] [Times: user=0.01 sys=0.01, real=0.00 secs] 
55.467: Total time for which application threads were stopped: 0.0012990 seconds, Stopping threads took: 0.0000600 seconds
55.498: Application time: 0.0303040 seconds
55.498: [GC [PSYoungGen: 20058K->2304K(20480K)] 31756K->18098K(66560K), 0.0018060 secs] [Times: user=0.01 sys=0.00, real=0.01 secs] 
55.500: Total time for which application threads were stopped: 0.0019440 seconds, Stopping threads took: 0.0000660 seconds
55.533: Application time: 0.0336660 seconds
55.533: [GC [PSYoungGen: 19224K->2304K(20480K)] 35018K->20146K(66560K), 0.0012300 secs] [Times: user=0.01 sys=0.00, real=0.00 secs] 
55.535: Total time for which application threads were stopped: 0.0013650 seconds, Stopping threads took: 0.0000670 seconds
55.562: Application time: 0.0278840 seconds
55.563: [GC [PSYoungGen: 20224K->2304K(20480K)] 38066K->24242K(66560K), 0.0017610 secs] [Times: user=0.01 sys=0.00, real=0.00 secs] 
55.564: Total time for which application threads were stopped: 0.0018950 seconds, Stopping threads took: 0.0000620 seconds
55.603: Application time: 0.0388890 seconds
55.603: [GC [PSYoungGen: 19531K->2272K(20480K)] 41470K->26258K(66560K), 0.0011960 secs] [Times: user=0.01 sys=0.00, real=0.00 secs] 
55.605: Total time for which application threads were stopped: 0.0013360 seconds, Stopping threads took: 0.0000710 seconds
55.632: Application time: 0.0275490 seconds
55.632: [GC [PSYoungGen: 20074K->2304K(20480K)] 44060K->29362K(66560K), 0.0014900 secs] [Times: user=0.01 sys=0.00, real=0.00 secs] 
55.634: Total time for which application threads were stopped: 0.0016350 seconds, Stopping threads took: 0.0000790 seconds
55.672: Application time: 0.0380340 seconds
55.672: [GC [PSYoungGen: 19447K->2224K(20480K)] 46506K->31330K(66560K), 0.0012000 secs] [Times: user=0.00 sys=0.00, real=0.00 secs] 
55.673: Total time for which application threads were stopped: 0.0013310 seconds, Stopping threads took: 0.0000680 seconds
55.702: Application time: 0.0283170 seconds
55.702: [GC [PSYoungGen: 20054K->2304K(20480K)] 49161K->34482K(66560K), 0.0015160 secs] [Times: user=0.01 sys=0.00, real=0.00 secs] 
55.703: Total time for which application threads were stopped: 0.0016610 seconds, Stopping threads took: 0.0000790 seconds
55.738: Application time: 0.0352930 seconds
55.739: [GC [PSYoungGen: 19424K->2304K(20480K)] 51602K->36530K(66560K), 0.0011820 secs] [Times: user=0.01 sys=0.00, real=0.00 secs] 
55.740: Total time for which application threads were stopped: 0.0013060 seconds, Stopping threads took: 0.0000600 seconds
55.769: Application time: 0.0295130 seconds
55.769: [GC [PSYoungGen: 19277K->2320K(20480K)] 53504K->39618K(66560K), 0.0014680 secs] [Times: user=0.01 sys=0.00, real=0.01 secs] 
55.771: Total time for which application threads were stopped: 0.0016000 seconds, Stopping threads took: 0.0000670 seconds
55.804: Application time: 0.0330780 seconds
55.804: [GC [PSYoungGen: 20240K->2368K(20480K)] 57538K->42738K(66560K), 0.0015100 secs] [Times: user=0.01 sys=0.00, real=0.00 secs] 
55.806: Total time for which application threads were stopped: 0.0016470 seconds, Stopping threads took: 0.0000710 seconds
55.839: Application time: 0.0333940 seconds
55.839: [GC [PSYoungGen: 19823K->2416K(20480K)] 60193K->45858K(66560K), 0.0014450 secs] [Times: user=0.00 sys=0.00, real=0.00 secs] 
55.841: [Full GC [PSYoungGen: 2416K->0K(20480K)] [ParOldGen: 43442K->8620K(46080K)] 45858K->8620K(66560K) [PSPermGen: 5497K->5497K(21504K)], 0.0065190 secs] [Times: user=0.03 sys=0.00, real=0.00 secs] 
55.847: Total time for which application threads were stopped: 0.0081460 seconds, Stopping threads took: 0.0000630 seconds
55.877: Application time: 0.0300600 seconds
55.877: [GC [PSYoungGen: 16943K->2352K(20480K)] 25563K->15068K(66560K), 0.0017410 secs] [Times: user=0.01 sys=0.00, real=0.01 secs] 
55.879: Total time for which application threads were stopped: 0.0018770 seconds, Stopping threads took: 0.0000670 seconds
55.907: Application time: 0.0278690 seconds
55.907: [GC [PSYoungGen: 19514K->2368K(20480K)] 32230K->20204K(66560K), 0.0021240 secs] [Times: user=0.02 sys=0.00, real=0.00 secs] 
55.909: Total time for which application threads were stopped: 0.0022950 seconds, Stopping threads took: 0.0000860 seconds
55.942: Application time: 0.0325390 seconds
55.942: [GC [PSYoungGen: 20133K->2368K(20480K)] 37969K->24300K(66560K), 0.0017670 secs] [Times: user=0.01 sys=0.00, real=0.00 secs] 
55.944: Total time for which application threads were stopped: 0.0019280 seconds, Stopping threads took: 0.0000900 seconds
55.977: Application time: 0.0337050 seconds
55.978: [GC [PSYoungGen: 19666K->2368K(20480K)] 41599K->29420K(66560K), 0.0021350 secs] [Times: user=0.01 sys=0.00, real=0.01 secs] 
55.980: Total time for which application threads were stopped: 0.0022880 seconds, Stopping threads took: 0.0000820 seconds
56.012: Application time: 0.0322280 seconds
56.012: [GC [PSYoungGen: 20078K->2400K(20480K)] 47130K->33548K(66560K), 0.0018080 secs] [Times: user=0.01 sys=0.00, real=0.00 secs] 
56.014: Total time for which application threads were stopped: 0.0019560 seconds, Stopping threads took: 0.0000800 seconds
56.048: Application time: 0.0342770 seconds
56.048: [GC [PSYoungGen: 19738K->2320K(20480K)] 50886K->38588K(66560K), 0.0020820 secs] [Times: user=0.01 sys=0.00, real=0.00 secs] 
56.050: Total time for which application threads were stopped: 0.0022330 seconds, Stopping threads took: 0.0000790 seconds
56.081: Application time: 0.0308830 seconds
56.081: [GC [PSYoungGen: 19991K->2400K(20480K)] 56259K->42764K(66560K), 0.0017730 secs] [Times: user=0.01 sys=0.00, real=0.00 secs] 
56.083: [Full GC [PSYoungGen: 2400K->0K(20480K)] [ParOldGen: 40364K->9640K(46080K)] 42764K->9640K(66560K) [PSPermGen: 5497K->5497K(21504K)], 0.0065330 secs] [Times: user=0.03 sys=0.00, real=0.00 secs] 
56.090: Total time for which application threads were stopped: 0.0084950 seconds, Stopping threads took: 0.0000720 seconds
56.125: Application time: 0.0352970 seconds
56.125: [GC [PSYoungGen: 17374K->2304K(20480K)] 27014K->16040K(66560K), 0.0017980 secs] [Times: user=0.01 sys=0.00, real=0.00 secs] 
56.127: Total time for which application threads were stopped: 0.0019510 seconds, Stopping threads took: 0.0000810 seconds
56.157: Application time: 0.0299350 seconds
56.157: [GC [PSYoungGen: 19930K->2304K(20480K)] 33666K->20136K(66560K), 0.0016900 secs] [Times: user=0.01 sys=0.00, real=0.01 secs] 
56.159: Total time for which application threads were stopped: 0.0018340 seconds, Stopping threads took: 0.0000760 seconds
56.194: Application time: 0.0352720 seconds
56.194: [GC [PSYoungGen: 19687K->2320K(20480K)] 37519K->24248K(66560K), 0.0017470 secs] [Times: user=0.02 sys=0.00, real=0.00 secs] 
56.196: Total time for which application threads were stopped: 0.0018950 seconds, Stopping threads took: 0.0000760 seconds
56.225: Application time: 0.0287160 seconds
56.225: [GC [PSYoungGen: 19911K->2304K(20480K)] 41840K->28328K(66560K), 0.0017560 secs] [Times: user=0.01 sys=0.00, real=0.00 secs] 
56.227: Total time for which application threads were stopped: 0.0019050 seconds, Stopping threads took: 0.0000790 seconds
56.263: Application time: 0.0363200 seconds
56.263: [GC [PSYoungGen: 19710K->2304K(20480K)] 45734K->32424K(66560K), 0.0017310 secs] [Times: user=0.01 sys=0.00, real=0.00 secs] 
56.265: Total time for which application threads were stopped: 0.0018750 seconds, Stopping threads took: 0.0000760 seconds
56.293: Application time: 0.0282490 seconds
56.293: [GC [PSYoungGen: 19857K->2304K(20480K)] 49978K->36520K(66560K), 0.0018190 secs] [Times: user=0.00 sys=0.00, real=0.00 secs] 
56.295: Total time for which application threads were stopped: 0.0019660 seconds, Stopping threads took: 0.0000660 seconds
56.330: Application time: 0.0352440 seconds
56.330: [GC [PSYoungGen: 19574K->2240K(20480K)] 53791K->39528K(66560K), 0.0015090 secs] [Times: user=0.01 sys=0.00, real=0.01 secs] 
56.332: Total time for which application threads were stopped: 0.0016540 seconds, Stopping threads took: 0.0000750 seconds
56.363: Application time: 0.0306190 seconds
56.363: [GC [PSYoungGen: 20006K->2304K(20480K)] 57294K->43688K(66560K), 0.0017010 secs] [Times: user=0.02 sys=0.00, real=0.00 secs] 
56.364: [Full GC [PSYoungGen: 2304K->0K(20480K)] [ParOldGen: 41384K->9821K(46080K)] 43688K->9821K(66560K) [PSPermGen: 5497K->5497K(21504K)], 0.0064920 secs] [Times: user=0.02 sys=0.00, real=0.01 secs] 
56.371: Total time for which application threads were stopped: 0.0083790 seconds, Stopping threads took: 0.0000720 seconds
56.405: Application time: 0.0338110 seconds
56.405: [GC [PSYoungGen: 17134K->2304K(20480K)] 26955K->14173K(66560K), 0.0012280 secs] [Times: user=0.00 sys=0.00, real=0.00 secs] 
56.406: Total time for which application threads were stopped: 0.0013590 seconds, Stopping threads took: 0.0000690 seconds
56.439: Application time: 0.0324920 seconds
56.439: [GC [PSYoungGen: 20210K->2304K(20480K)] 32079K->17245K(66560K), 0.0014280 secs] [Times: user=0.01 sys=0.00, real=0.00 secs] 
56.440: Total time for which application threads were stopped: 0.0015660 seconds, Stopping threads took: 0.0000630 seconds
56.473: Application time: 0.0330170 seconds
56.473: [GC [PSYoungGen: 19468K->2304K(20480K)] 34409K->18269K(66560K), 0.0010360 secs] [Times: user=0.00 sys=0.00, real=0.00 secs] 
56.474: Total time for which application threads were stopped: 0.0012410 seconds, Stopping threads took: 0.0001350 seconds
56.504: Application time: 0.0296220 seconds
56.504: [GC [PSYoungGen: 20217K->2336K(20480K)] 36182K->23421K(66560K), 0.0020260 secs] [Times: user=0.01 sys=0.00, real=0.00 secs] 
56.506: Total time for which application threads were stopped: 0.0021640 seconds, Stopping threads took: 0.0000660 seconds
56.543: Application time: 0.0368640 seconds
56.543: [GC [PSYoungGen: 19810K->2352K(20480K)] 40895K->23437K(66560K), 0.0008420 secs] [Times: user=0.00 sys=0.00, real=0.00 secs] 
56.544: Total time for which application threads were stopped: 0.0009630 seconds, Stopping threads took: 0.0000620 seconds
56.575: Application time: 0.0304260 seconds
56.575: [GC [PSYoungGen: 19278K->2464K(20480K)] 40363K->27645K(66560K), 0.0017670 secs] [Times: user=0.01 sys=0.00, real=0.00 secs] 
56.576: Total time for which application threads were stopped: 0.0019000 seconds, Stopping threads took: 0.0000650 seconds
56.605: Application time: 0.0286400 seconds
56.605: [GC [PSYoungGen: 20384K->2528K(20480K)] 45565K->31805K(66560K), 0.0018350 secs] [Times: user=0.01 sys=0.00, real=0.00 secs] 
56.607: Total time for which application threads were stopped: 0.0020040 seconds, Stopping threads took: 0.0000980 seconds
56.643: Application time: 0.0361830 seconds
56.643: [GC [PSYoungGen: 19945K->2496K(20480K)] 49223K->35869K(66560K), 0.0017840 secs] [Times: user=0.02 sys=0.00, real=0.00 secs] 
56.645: Total time for which application threads were stopped: 0.0019220 seconds, Stopping threads took: 0.0000670 seconds
56.676: Application time: 0.0306100 seconds
56.676: [GC [PSYoungGen: 20145K->2528K(20480K)] 53519K->38973K(66560K), 0.0015010 secs] [Times: user=0.01 sys=0.00, real=0.00 secs] 
56.677: Total time for which application threads were stopped: 0.0016410 seconds, Stopping threads took: 0.0000740 seconds
56.709: Application time: 0.0319920 seconds
56.710: [GC [PSYoungGen: 19688K->2496K(20480K)] 56134K->42013K(66560K), 0.0016600 secs] [Times: user=0.01 sys=0.00, real=0.01 secs] 
56.711: Total time for which application threads were stopped: 0.0017890 seconds, Stopping threads took: 0.0000590 seconds
56.743: Application time: 0.0321150 seconds
56.743: [GC [PSYoungGen: 20280K->2512K(20480K)] 59798K->46125K(66560K), 0.0018210 secs] [Times: user=0.01 sys=0.00, real=0.00 secs] 
56.745: [Full GC [PSYoungGen: 2512K->0K(20480K)] [ParOldGen: 43613K->9641K(46080K)] 46125K->9641K(66560K) [PSPermGen: 5497K->5497K(21504K)], 0.0066930 secs] [Times: user=0.03 sys=0.00, real=0.01 secs] 
56.752: Total time for which application threads were stopped: 0.0086980 seconds, Stopping threads took: 0.0000620 seconds
56.786: Application time: 0.0341310 seconds
56.786: [GC [PSYoungGen: 17269K->2304K(20480K)] 26910K->15017K(66560K), 0.0014940 secs] [Times: user=0.01 sys=0.00, real=0.00 secs] 
56.788: Total time for which application threads were stopped: 0.0016390 seconds, Stopping threads took: 0.0000740 seconds
56.818: Application time: 0.0297200 seconds
56.818: [GC [PSYoungGen: 20022K->2304K(20480K)] 32735K->20137K(66560K), 0.0020380 secs] [Times: user=0.01 sys=0.00, real=0.01 secs] 
56.820: Total time for which application threads were stopped: 0.0021760 seconds, Stopping threads took: 0.0000650 seconds
56.856: Application time: 0.0366630 seconds
56.856: [GC [PSYoungGen: 19652K->2304K(20480K)] 37485K->23209K(66560K), 0.0014450 secs] [Times: user=0.01 sys=0.00, real=0.00 secs] 
56.858: Total time for which application threads were stopped: 0.0015850 seconds, Stopping threads took: 0.0000730 seconds
56.887: Application time: 0.0289590 seconds
56.887: [GC [PSYoungGen: 20024K->2272K(20480K)] 40929K->28297K(66560K), 0.0020510 secs] [Times: user=0.01 sys=0.00, real=0.00 secs] 
56.889: Total time for which application threads were stopped: 0.0022010 seconds, Stopping threads took: 0.0000800 seconds
56.925: Application time: 0.0362320 seconds
56.925: [GC [PSYoungGen: 19491K->2240K(20480K)] 45516K->30313K(66560K), 0.0011800 secs] [Times: user=0.01 sys=0.00, real=0.00 secs] 
56.927: Total time for which application threads were stopped: 0.0013320 seconds, Stopping threads took: 0.0000870 seconds
56.957: Application time: 0.0303660 seconds
56.957: [GC [PSYoungGen: 20088K->2304K(20480K)] 48162K->35497K(66560K), 0.0019850 secs] [Times: user=0.01 sys=0.00, real=0.01 secs] 
56.959: Total time for which application threads were stopped: 0.0021400 seconds, Stopping threads took: 0.0000740 seconds
56.992: Application time: 0.0331950 seconds
56.993: [GC [PSYoungGen: 19254K->2304K(20480K)] 52447K->38569K(66560K), 0.0014410 secs] [Times: user=0.01 sys=0.00, real=0.00 secs] 
56.994: Total time for which application threads were stopped: 0.0015970 seconds, Stopping threads took: 0.0000850 seconds
57.024: Application time: 0.0300250 seconds
57.024: [GC [PSYoungGen: 19257K->2208K(20480K)] 55523K->42569K(66560K), 0.0017730 secs] [Times: user=0.01 sys=0.00, real=0.00 secs] 
57.026: [Full GC [PSYoungGen: 2208K->0K(20480K)] [ParOldGen: 40361K->9651K(46080K)] 42569K->9651K(66560K) [PSPermGen: 5497K->5497K(21504K)], 0.0067460 secs] [Times: user=0.03 sys=0.00, real=0.01 secs] 
57.033: Total time for which application threads were stopped: 0.0087120 seconds, Stopping threads took: 0.0000770 seconds
57.067: Application time: 0.0339730 seconds
57.067: [GC [PSYoungGen: 17920K->2304K(20480K)] 27571K->15027K(66560K), 0.0013630 secs] [Times: user=0.01 sys=0.00, real=0.00 secs] 
57.068: Total time for which application threads were stopped: 0.0014870 seconds, Stopping threads took: 0.0000570 seconds
57.099: Application time: 0.0309200 seconds
57.099: [GC [PSYoungGen: 19406K->2240K(20480K)] 32129K->19059K(66560K), 0.0017370 secs] [Times: user=0.00 sys=0.00, real=0.00 secs] 
57.101: Total time for which application threads were stopped: 0.0018810 seconds, Stopping threads took: 0.0000700 seconds
57.132: Application time: 0.0314290 seconds
57.135: [GC [PSYoungGen: 19881K->2304K(20480K)] 36701K->22195K(66560K), 0.0014830 secs] [Times: user=0.01 sys=0.00, real=0.00 secs] 
57.136: Total time for which application threads were stopped: 0.0036290 seconds, Stopping threads took: 0.0020870 seconds
57.173: Application time: 0.0372700 seconds
57.173: [GC [PSYoungGen: 19727K->2272K(20480K)] 39619K->26259K(66560K), 0.0019870 secs] [Times: user=0.01 sys=0.00, real=0.00 secs] 
57.175: Total time for which application threads were stopped: 0.0021610 seconds, Stopping threads took: 0.0000810 seconds
57.209: Application time: 0.0335810 seconds
57.209: [GC [PSYoungGen: 19939K->2208K(20480K)] 43926K->29267K(66560K), 0.0015710 secs] [Times: user=0.00 sys=0.00, real=0.01 secs] 
57.211: Total time for which application threads were stopped: 0.0017740 seconds, Stopping threads took: 0.0001300 seconds
57.248: Application time: 0.0371440 seconds
57.248: [GC [PSYoungGen: 20057K->2336K(20480K)] 47116K->31443K(66560K), 0.0012770 secs] [Times: user=0.01 sys=0.00, real=0.00 secs] 
57.249: Total time for which application threads were stopped: 0.0014150 seconds, Stopping threads took: 0.0000720 seconds
57.279: Application time: 0.0294190 seconds
57.279: [GC [PSYoungGen: 19980K->2432K(20480K)] 49088K->33587K(66560K), 0.0012270 secs] [Times: user=0.01 sys=0.00, real=0.00 secs] 
57.280: Total time for which application threads were stopped: 0.0013680 seconds, Stopping threads took: 0.0000690 seconds
57.316: Application time: 0.0357440 seconds
57.316: [GC [PSYoungGen: 20186K->2496K(20480K)] 51341K->36723K(66560K), 0.0015660 secs] [Times: user=0.01 sys=0.00, real=0.00 secs] 
57.318: Total time for which application threads were stopped: 0.0017080 seconds, Stopping threads took: 0.0000710 seconds
57.347: Application time: 0.0296790 seconds
57.347: [GC [PSYoungGen: 20145K->2544K(20480K)] 54372K->39851K(66560K), 0.0015050 secs] [Times: user=0.01 sys=0.00, real=0.00 secs] 
57.349: Total time for which application threads were stopped: 0.0016440 seconds, Stopping threads took: 0.0000680 seconds
57.385: Application time: 0.0360780 seconds
57.385: [GC [PSYoungGen: 20033K->2528K(20480K)] 57341K->42907K(66560K), 0.0015460 secs] [Times: user=0.01 sys=0.00, real=0.00 secs] 
57.387: Total time for which application threads were stopped: 0.0016860 seconds, Stopping threads took: 0.0000680 seconds
57.415: Application time: 0.0286260 seconds
57.415: [GC [PSYoungGen: 20005K->2496K(20480K)] 60385K->45947K(66560K), 0.0014730 secs] [Times: user=0.01 sys=0.00, real=0.00 secs] 
57.417: [Full GC [PSYoungGen: 2496K->0K(20480K)] [ParOldGen: 43451K->8629K(46080K)] 45947K->8629K(66560K) [PSPermGen: 5497K->5497K(21504K)], 0.0066580 secs] [Times: user=0.03 sys=0.00, real=0.01 secs] 
57.424: Total time for which application threads were stopped: 0.0083190 seconds, Stopping threads took: 0.0000690 seconds
57.462: Application time: 0.0380940 seconds
57.462: [GC [PSYoungGen: 17588K->2304K(20480K)] 26217K->12981K(66560K), 0.0011760 secs] [Times: user=0.01 sys=0.00, real=0.00 secs] 
57.463: Total time for which application threads were stopped: 0.0013160 seconds, Stopping threads took: 0.0000620 seconds
57.490: Application time: 0.0271990 seconds
57.490: [GC [PSYoungGen: 19713K->2272K(20480K)] 30391K->14997K(66560K), 0.0010960 secs] [Times: user=0.00 sys=0.00, real=0.01 secs] 
57.492: Total time for which application threads were stopped: 0.0012250 seconds, Stopping threads took: 0.0000660 seconds
57.530: Application time: 0.0383420 seconds
57.530: [GC [PSYoungGen: 19834K->2320K(20480K)] 32559K->16069K(66560K), 0.0009200 secs] [Times: user=0.00 sys=0.00, real=0.01 secs] 
57.531: Total time for which application threads were stopped: 0.0010650 seconds, Stopping threads took: 0.0000800 seconds
57.555: Application time: 0.0243070 seconds
57.555: [GC [PSYoungGen: 19578K->2240K(20480K)] 33327K->20085K(66560K), 0.0018200 secs] [Times: user=0.00 sys=0.00, real=0.00 secs] 
57.557: Total time for which application threads were stopped: 0.0019590 seconds, Stopping threads took: 0.0000730 seconds
57.596: Application time: 0.0385130 seconds
57.596: [GC [PSYoungGen: 19644K->2304K(20480K)] 37489K->22197K(66560K), 0.0011850 secs] [Times: user=0.01 sys=0.00, real=0.00 secs] 
57.597: Total time for which application threads were stopped: 0.0013130 seconds, Stopping threads took: 0.0000630 seconds
57.625: Application time: 0.0278460 seconds
57.625: [GC [PSYoungGen: 19980K->2272K(20480K)] 39874K->26261K(66560K), 0.0016980 secs] [Times: user=0.02 sys=0.00, real=0.00 secs] 
57.627: Total time for which application threads were stopped: 0.0019090 seconds, Stopping threads took: 0.0001270 seconds
57.666: Application time: 0.0390290 seconds
57.666: [GC [PSYoungGen: 19587K->2304K(20480K)] 43576K->26293K(66560K), 0.0007030 secs] [Times: user=0.00 sys=0.00, real=0.00 secs] 
57.667: Total time for which application threads were stopped: 0.0008240 seconds, Stopping threads took: 0.0000610 seconds
57.694: Application time: 0.0275550 seconds
57.694: [GC [PSYoungGen: 20052K->2304K(20480K)] 44042K->30389K(66560K), 0.0016360 secs] [Times: user=0.01 sys=0.00, real=0.00 secs] 
57.696: Total time for which application threads were stopped: 0.0017810 seconds, Stopping threads took: 0.0000790 seconds
57.732: Application time: 0.0362110 seconds
57.732: [GC [PSYoungGen: 20224K->2272K(20480K)] 48309K->30357K(66560K), 0.0007210 secs] [Times: user=0.00 sys=0.00, real=0.00 secs] 
57.733: Total time for which application threads were stopped: 0.0008570 seconds, Stopping threads took: 0.0000720 seconds
57.760: Application time: 0.0269100 seconds
57.760: [GC [PSYoungGen: 19279K->2272K(20480K)] 47365K->34453K(66560K), 0.0017180 secs] [Times: user=0.01 sys=0.00, real=0.00 secs] 
57.762: Total time for which application threads were stopped: 0.0018550 seconds, Stopping threads took: 0.0000700 seconds
57.801: Application time: 0.0390080 seconds
57.801: [GC [PSYoungGen: 20192K->2304K(20480K)] 52373K->36533K(66560K), 0.0011320 secs] [Times: user=0.00 sys=0.00, real=0.00 secs] 
57.803: Total time for which application threads were stopped: 0.0016940 seconds, Stopping threads took: 0.0000680 seconds
57.827: Application time: 0.0246700 seconds
57.827: [GC [PSYoungGen: 19396K->2304K(20480K)] 53626K->41653K(66560K), 0.0021230 secs] [Times: user=0.01 sys=0.00, real=0.00 secs] 
57.830: Total time for which application threads were stopped: 0.0022700 seconds, Stopping threads took: 0.0000780 seconds
57.867: Application time: 0.0375580 seconds
57.867: [GC [PSYoungGen: 19986K->2272K(20480K)] 59336K->43669K(66560K), 0.0011430 secs] [Times: user=0.01 sys=0.00, real=0.00 secs] 
57.868: [Full GC [PSYoungGen: 2272K->0K(20480K)] [ParOldGen: 41397K->7600K(46080K)] 43669K->7600K(66560K) [PSPermGen: 5497K->5497K(21504K)], 0.0064080 secs] [Times: user=0.03 sys=0.00, real=0.01 secs] 
57.875: Total time for which application threads were stopped: 0.0077260 seconds, Stopping threads took: 0.0000630 seconds
57.903: Application time: 0.0279790 seconds
57.903: [GC [PSYoungGen: 17347K->2272K(20480K)] 24947K->14992K(66560K), 0.0020710 secs] [Times: user=0.01 sys=0.00, real=0.00 secs] 
57.905: Total time for which application threads were stopped: 0.0022360 seconds, Stopping threads took: 0.0000930 seconds
57.938: Application time: 0.0326450 seconds
57.938: [GC [PSYoungGen: 19697K->2304K(20480K)] 32417K->20144K(66560K), 0.0019890 secs] [Times: user=0.02 sys=0.00, real=0.01 secs] 
57.940: Total time for which application threads were stopped: 0.0021370 seconds, Stopping threads took: 0.0000760 seconds
57.973: Application time: 0.0330820 seconds
57.973: [GC [PSYoungGen: 19229K->2368K(20480K)] 37069K->25328K(66560K), 0.0020190 secs] [Times: user=0.01 sys=0.00, real=0.00 secs] 
57.975: Total time for which application threads were stopped: 0.0021740 seconds, Stopping threads took: 0.0000770 seconds
58.003: Application time: 0.0278970 seconds
58.003: [GC [PSYoungGen: 19852K->2400K(20480K)] 42812K->30480K(66560K), 0.0021170 secs] [Times: user=0.02 sys=0.00, real=0.00 secs] 
58.005: Total time for which application threads were stopped: 0.0022560 seconds, Stopping threads took: 0.0000680 seconds
58.041: Application time: 0.0354560 seconds
58.041: [GC [PSYoungGen: 19299K->2480K(20480K)] 47379K->35680K(66560K), 0.0020690 secs] [Times: user=0.02 sys=0.00, real=0.00 secs] 
58.043: Total time for which application threads were stopped: 0.0022410 seconds, Stopping threads took: 0.0000980 seconds
58.073: Application time: 0.0303620 seconds
58.073: [GC [PSYoungGen: 20039K->2528K(20480K)] 53240K->39824K(66560K), 0.0018450 secs] [Times: user=0.01 sys=0.00, real=0.00 secs] 
58.075: Total time for which application threads were stopped: 0.0020090 seconds, Stopping threads took: 0.0000860 seconds
58.109: Application time: 0.0338740 seconds
58.109: [GC [PSYoungGen: 20020K->2496K(20480K)] 57317K->43888K(66560K), 0.0019900 secs] [Times: user=0.01 sys=0.00, real=0.01 secs] 
58.111: [Full GC [PSYoungGen: 2496K->0K(20480K)] [ParOldGen: 41392K->9636K(46080K)] 43888K->9636K(66560K) [PSPermGen: 5497K->5497K(21504K)], 0.0066550 secs] [Times: user=0.03 sys=0.00, real=0.00 secs] 
58.118: Total time for which application threads were stopped: 0.0088520 seconds, Stopping threads took: 0.0000900 seconds
58.150: Application time: 0.0317930 seconds
58.150: [GC [PSYoungGen: 17539K->2320K(20480K)] 27175K->15028K(66560K), 0.0014730 secs] [Times: user=0.01 sys=0.00, real=0.01 secs] 
58.151: Total time for which application threads were stopped: 0.0016190 seconds, Stopping threads took: 0.0000770 seconds
58.187: Application time: 0.0354790 seconds
58.187: [GC [PSYoungGen: 19863K->2304K(20480K)] 32572K->19108K(66560K), 0.0017870 secs] [Times: user=0.01 sys=0.00, real=0.00 secs] 
58.189: Total time for which application threads were stopped: 0.0019400 seconds, Stopping threads took: 0.0000810 seconds
58.217: Application time: 0.0282860 seconds
58.217: [GC [PSYoungGen: 19606K->2304K(20480K)] 36411K->23205K(66560K), 0.0017020 secs] [Times: user=0.01 sys=0.00, real=0.01 secs] 
58.219: Total time for which application threads were stopped: 0.0018540 seconds, Stopping threads took: 0.0000810 seconds
58.257: Application time: 0.0379850 seconds
58.257: [GC [PSYoungGen: 20053K->2304K(20480K)] 40954K->27301K(66560K), 0.0017560 secs] [Times: user=0.01 sys=0.00, real=0.01 secs] 
58.259: Total time for which application threads were stopped: 0.0019040 seconds, Stopping threads took: 0.0000780 seconds
58.285: Application time: 0.0262490 seconds
58.285: [GC [PSYoungGen: 19541K->2272K(20480K)] 44538K->31365K(66560K), 0.0016720 secs] [Times: user=0.01 sys=0.00, real=0.00 secs] 
58.287: Total time for which application threads were stopped: 0.0018250 seconds, Stopping threads took: 0.0000850 seconds
58.326: Application time: 0.0391020 seconds
58.326: [GC [PSYoungGen: 20049K->2272K(20480K)] 49142K->34437K(66560K), 0.0014350 secs] [Times: user=0.01 sys=0.00, real=0.00 secs] 
58.328: Total time for which application threads were stopped: 0.0015830 seconds, Stopping threads took: 0.0000750 seconds
58.355: Application time: 0.0272300 seconds
58.355: [GC [PSYoungGen: 19552K->2272K(20480K)] 51717K->37509K(66560K), 0.0014220 secs] [Times: user=0.01 sys=0.00, real=0.00 secs] 
58.356: Total time for which application threads were stopped: 0.0015600 seconds, Stopping threads took: 0.0000710 seconds
58.393: Application time: 0.0366460 seconds
58.393: [GC [PSYoungGen: 19804K->2304K(20480K)] 55041K->39589K(66560K), 0.0012000 secs] [Times: user=0.00 sys=0.00, real=0.00 secs] 
58.394: Total time for which application threads were stopped: 0.0013530 seconds, Stopping threads took: 0.0000790 seconds
58.421: Application time: 0.0266720 seconds
58.421: [GC [PSYoungGen: 19690K->2320K(20480K)] 56975K->43701K(66560K), 0.0018010 secs] [Times: user=0.00 sys=0.01, real=0.00 secs] 
58.423: [Full GC [PSYoungGen: 2320K->0K(20480K)] [ParOldGen: 41381K->9652K(46080K)] 43701K->9652K(66560K) [PSPermGen: 5497K->5497K(21504K)], 0.0059300 secs] [Times: user=0.03 sys=0.00, real=0.00 secs] 
58.429: Total time for which application threads were stopped: 0.0079350 seconds, Stopping threads took: 0.0000870 seconds
58.467: Application time: 0.0379090 seconds
58.467: [GC [PSYoungGen: 17458K->2304K(20480K)] 27110K->12980K(66560K), 0.0010690 secs] [Times: user=0.00 sys=0.00, real=0.00 secs] 
58.468: Total time for which application threads were stopped: 0.0012000 seconds, Stopping threads took: 0.0000640 seconds
58.497: Application time: 0.0288080 seconds
58.497: [GC [PSYoungGen: 19919K->2304K(20480K)] 30595K->17076K(66560K), 0.0016700 secs] [Times: user=0.01 sys=0.00, real=0.01 secs] 
58.499: Total time for which application threads were stopped: 0.0018220 seconds, Stopping threads took: 0.0000770 seconds
58.537: Application time: 0.0378870 seconds
58.537: [GC [PSYoungGen: 19793K->2304K(20480K)] 34565K->18100K(66560K), 0.0009790 secs] [Times: user=0.01 sys=0.00, real=0.00 secs] 
58.538: Total time for which application threads were stopped: 0.0011150 seconds, Stopping threads took: 0.0000710 seconds
58.563: Application time: 0.0254830 seconds
58.563: [GC [PSYoungGen: 19688K->2272K(20480K)] 35484K->22164K(66560K), 0.0017200 secs] [Times: user=0.01 sys=0.00, real=0.00 secs] 
58.565: Total time for which application threads were stopped: 0.0018970 seconds, Stopping threads took: 0.0001080 seconds
58.606: Application time: 0.0411030 seconds
58.606: [GC [PSYoungGen: 19917K->2240K(20480K)] 39809K->22132K(66560K), 0.0007310 secs] [Times: user=0.00 sys=0.00, real=0.00 secs] 
58.607: Total time for which application threads were stopped: 0.0008570 seconds, Stopping threads took: 0.0000640 seconds
58.632: Application time: 0.0245550 seconds
58.632: [GC [PSYoungGen: 19634K->2240K(20480K)] 39526K->25204K(66560K), 0.0015110 secs] [Times: user=0.01 sys=0.00, real=0.00 secs] 
58.633: Total time for which application threads were stopped: 0.0016390 seconds, Stopping threads took: 0.0000600 seconds
58.674: Application time: 0.0401380 seconds
58.674: [GC [PSYoungGen: 20011K->2336K(20480K)] 42976K->25300K(66560K), 0.0007210 secs] [Times: user=0.00 sys=0.00, real=0.00 secs] 
58.674: Total time for which application threads were stopped: 0.0008400 seconds, Stopping threads took: 0.0000580 seconds
58.698: Application time: 0.0239870 seconds
58.698: [GC [PSYoungGen: 19874K->2400K(20480K)] 42838K->29460K(66560K), 0.0017300 secs] [Times: user=0.02 sys=0.00, real=0.00 secs] 
58.700: Total time for which application threads were stopped: 0.0018830 seconds, Stopping threads took: 0.0000780 seconds
58.738: Application time: 0.0376770 seconds
58.738: [GC [PSYoungGen: 19814K->2464K(20480K)] 46874K->30548K(66560K), 0.0009940 secs] [Times: user=0.01 sys=0.00, real=0.01 secs] 
58.739: Total time for which application threads were stopped: 0.0011270 seconds, Stopping threads took: 0.0000710 seconds
58.765: Application time: 0.0262290 seconds
58.765: [GC [PSYoungGen: 19442K->2496K(20480K)] 47526K->35700K(66560K), 0.0020970 secs] [Times: user=0.02 sys=0.00, real=0.00 secs] 
58.768: Total time for which application threads were stopped: 0.0022330 seconds, Stopping threads took: 0.0000660 seconds
58.805: Application time: 0.0371100 seconds
58.805: [GC [PSYoungGen: 20416K->2528K(20480K)] 53620K->37780K(66560K), 0.0012790 secs] [Times: user=0.01 sys=0.00, real=0.00 secs] 
58.806: Total time for which application threads were stopped: 0.0013980 seconds, Stopping threads took: 0.0000510 seconds
58.831: Application time: 0.0254610 seconds
58.832: [GC [PSYoungGen: 19678K->2528K(20480K)] 54930K->42900K(66560K), 0.0020600 secs] [Times: user=0.02 sys=0.00, real=0.00 secs] 
58.834: [Full GC [PSYoungGen: 2528K->0K(20480K)] [ParOldGen: 40372K->10660K(46080K)] 42900K->10660K(66560K) [PSPermGen: 5497K->5497K(21504K)], 0.0065820 secs] [Times: user=0.03 sys=0.00, real=0.01 secs] 
58.840: Total time for which application threads were stopped: 0.0088260 seconds, Stopping threads took: 0.0000670 seconds
58.880: Application time: 0.0392580 seconds
58.880: [GC [PSYoungGen: 17798K->2304K(20480K)] 28459K->16036K(66560K), 0.0014960 secs] [Times: user=0.01 sys=0.00, real=0.00 secs] 
58.881: Total time for which application threads were stopped: 0.0016330 seconds, Stopping threads took: 0.0000680 seconds
58.907: Application time: 0.0256540 seconds
58.911: [GC [PSYoungGen: 19559K->2272K(20480K)] 33291K->21124K(66560K), 0.0021180 secs] [Times: user=0.01 sys=0.00, real=0.00 secs] 
58.913: Total time for which application threads were stopped: 0.0058160 seconds, Stopping threads took: 0.0036270 seconds
58.946: Application time: 0.0338010 seconds
58.947: [GC [PSYoungGen: 19793K->2304K(20480K)] 38645K->25252K(66560K), 0.0017600 secs] [Times: user=0.01 sys=0.00, real=0.00 secs] 
58.948: Total time for which application threads were stopped: 0.0019050 seconds, Stopping threads took: 0.0000750 seconds
58.981: Application time: 0.0329740 seconds
58.982: [GC [PSYoungGen: 19849K->2304K(20480K)] 42797K->29348K(66560K), 0.0017900 secs] [Times: user=0.01 sys=0.00, real=0.00 secs] 
58.983: Total time for which application threads were stopped: 0.0019530 seconds, Stopping threads took: 0.0000960 seconds
59.016: Application time: 0.0322860 seconds
59.016: [GC [PSYoungGen: 19735K->2272K(20480K)] 46779K->32388K(66560K), 0.0014820 secs] [Times: user=0.01 sys=0.00, real=0.00 secs] 
59.017: Total time for which application threads were stopped: 0.0017060 seconds, Stopping threads took: 0.0001490 seconds
59.052: Application time: 0.0343590 seconds
59.052: [GC [PSYoungGen: 19897K->2272K(20480K)] 50014K->36484K(66560K), 0.0018040 secs] [Times: user=0.02 sys=0.00, real=0.00 secs] 
59.054: Total time for which application threads were stopped: 0.0019570 seconds, Stopping threads took: 0.0000830 seconds
59.086: Application time: 0.0322860 seconds
59.086: [GC [PSYoungGen: 19712K->2320K(20480K)] 53924K->40628K(66560K), 0.0016700 secs] [Times: user=0.02 sys=0.00, real=0.00 secs] 
59.088: Total time for which application threads were stopped: 0.0018170 seconds, Stopping threads took: 0.0000780 seconds
59.121: Application time: 0.0327570 seconds
59.121: [GC [PSYoungGen: 19884K->2240K(20480K)] 58193K->45668K(66560K), 0.0020310 secs] [Times: user=0.01 sys=0.00, real=0.00 secs] 
59.123: [Full GC [PSYoungGen: 2240K->0K(20480K)] [ParOldGen: 43428K->10659K(46080K)] 45668K->10659K(66560K) [PSPermGen: 5497K->5497K(21504K)], 0.0066680 secs] [Times: user=0.03 sys=0.00, real=0.00 secs] 
59.129: Total time for which application threads were stopped: 0.0088930 seconds, Stopping threads took: 0.0000740 seconds
59.160: Application time: 0.0304850 seconds
59.160: [GC [PSYoungGen: 17370K->2304K(20480K)] 28030K->17059K(66560K), 0.0018130 secs] [Times: user=0.02 sys=0.00, real=0.00 secs] 
59.162: Total time for which application threads were stopped: 0.0019580 seconds, Stopping threads took: 0.0000630 seconds
59.197: Application time: 0.0351660 seconds
59.197: [GC [PSYoungGen: 19999K->2304K(20480K)] 34754K->22179K(66560K), 0.0020370 secs] [Times: user=0.01 sys=0.00, real=0.01 secs] 
59.199: Total time for which application threads were stopped: 0.0021820 seconds, Stopping threads took: 0.0000740 seconds
59.231: Application time: 0.0319500 seconds
59.231: [GC [PSYoungGen: 19644K->2304K(20480K)] 39520K->23203K(66560K), 0.0010010 secs] [Times: user=0.00 sys=0.00, real=0.00 secs] 
59.232: Total time for which application threads were stopped: 0.0011310 seconds, Stopping threads took: 0.0000680 seconds
59.266: Application time: 0.0339100 seconds
59.266: [GC [PSYoungGen: 19996K->2304K(20480K)] 40895K->27299K(66560K), 0.0018610 secs] [Times: user=0.02 sys=0.00, real=0.00 secs] 
59.268: Total time for which application threads were stopped: 0.0020090 seconds, Stopping threads took: 0.0000760 seconds
59.301: Application time: 0.0327270 seconds
59.301: [GC [PSYoungGen: 19666K->2240K(20480K)] 44661K->28259K(66560K), 0.0009500 secs] [Times: user=0.00 sys=0.00, real=0.00 secs] 
59.302: Total time for which application threads were stopped: 0.0010760 seconds, Stopping threads took: 0.0000670 seconds
59.336: Application time: 0.0340200 seconds
59.336: [GC [PSYoungGen: 19951K->2304K(20480K)] 45971K->31395K(66560K), 0.0015480 secs] [Times: user=0.01 sys=0.00, real=0.00 secs] 
59.338: Total time for which application threads were stopped: 0.0016720 seconds, Stopping threads took: 0.0000570 seconds
59.365: Application time: 0.0277800 seconds
59.366: [GC [PSYoungGen: 19353K->2304K(20480K)] 48445K->34467K(66560K), 0.0013970 secs] [Times: user=0.01 sys=0.00, real=0.00 secs] 
59.367: Total time for which application threads were stopped: 0.0015410 seconds, Stopping threads took: 0.0000760 seconds
59.406: Application time: 0.0389490 seconds
59.406: [GC [PSYoungGen: 19611K->2352K(20480K)] 51775K->36563K(66560K), 0.0012010 secs] [Times: user=0.01 sys=0.00, real=0.00 secs] 
59.407: Total time for which application threads were stopped: 0.0013280 seconds, Stopping threads took: 0.0000580 seconds
59.431: Application time: 0.0240490 seconds
59.431: [GC [PSYoungGen: 20261K->2384K(20480K)] 54473K->40691K(66560K), 0.0017790 secs] [Times: user=0.01 sys=0.00, real=0.00 secs] 
59.433: Total time for which application threads were stopped: 0.0019200 seconds, Stopping threads took: 0.0000730 seconds
59.471: Application time: 0.0379170 seconds
59.471: [GC [PSYoungGen: 19541K->2544K(20480K)] 57849K->42900K(66560K), 0.0012640 secs] [Times: user=0.01 sys=0.00, real=0.00 secs] 
59.473: [Full GC [PSYoungGen: 2544K->0K(20480K)] [ParOldGen: 40355K->7939K(46080K)] 42900K->7939K(66560K) [PSPermGen: 5497K->5497K(21504K)], 0.0058470 secs] [Times: user=0.02 sys=0.00, real=0.01 secs] 
59.479: Total time for which application threads were stopped: 0.0073100 seconds, Stopping threads took: 0.0000820 seconds
59.506: Application time: 0.0274380 seconds
59.506: [GC [PSYoungGen: 17367K->2304K(20480K)] 25307K->13315K(66560K), 0.0014600 secs] [Times: user=0.01 sys=0.00, real=0.00 secs] 
59.508: Total time for which application threads were stopped: 0.0015860 seconds, Stopping threads took: 0.0000610 seconds
59.544: Application time: 0.0368120 seconds
59.544: [GC [PSYoungGen: 19711K->2304K(20480K)] 30723K->14339K(66560K), 0.0009470 secs] [Times: user=0.01 sys=0.00, real=0.00 secs] 
59.545: Total time for which application threads were stopped: 0.0011020 seconds, Stopping threads took: 0.0000810 seconds
59.573: Application time: 0.0277460 seconds
59.573: [GC [PSYoungGen: 19917K->2304K(20480K)] 31953K->19460K(66560K), 0.0019740 secs] [Times: user=0.01 sys=0.00, real=0.00 secs] 
59.575: Total time for which application threads were stopped: 0.0021170 seconds, Stopping threads took: 0.0000700 seconds
59.614: Application time: 0.0387340 seconds
59.614: [GC [PSYoungGen: 19718K->2320K(20480K)] 36874K->19476K(66560K), 0.0007580 secs] [Times: user=0.01 sys=0.00, real=0.00 secs] 
59.615: Total time for which application threads were stopped: 0.0008860 seconds, Stopping threads took: 0.0000660 seconds
59.642: Application time: 0.0265850 seconds
59.642: [GC [PSYoungGen: 19953K->2336K(20480K)] 37109K->24612K(66560K), 0.0019900 secs] [Times: user=0.02 sys=0.00, real=0.00 secs] 
59.644: Total time for which application threads were stopped: 0.0021220 seconds, Stopping threads took: 0.0000630 seconds
59.681: Application time: 0.0371010 seconds
59.683: [GC [PSYoungGen: 19466K->2304K(20480K)] 41742K->26628K(66560K), 0.0012360 secs] [Times: user=0.01 sys=0.00, real=0.00 secs] 
59.684: Total time for which application threads were stopped: 0.0030170 seconds, Stopping threads took: 0.0017160 seconds
59.710: Application time: 0.0259350 seconds
59.710: [GC [PSYoungGen: 20183K->2336K(20480K)] 44507K->31780K(66560K), 0.0021470 secs] [Times: user=0.01 sys=0.00, real=0.01 secs] 
59.712: Total time for which application threads were stopped: 0.0022940 seconds, Stopping threads took: 0.0000770 seconds
59.751: Application time: 0.0394390 seconds
59.752: [GC [PSYoungGen: 19434K->2304K(20480K)] 48878K->33796K(66560K), 0.0011520 secs] [Times: user=0.00 sys=0.00, real=0.00 secs] 
59.753: Total time for which application threads were stopped: 0.0012830 seconds, Stopping threads took: 0.0000680 seconds
59.779: Application time: 0.0257950 seconds
59.779: [GC [PSYoungGen: 20224K->2336K(20480K)] 51716K->38948K(66560K), 0.0020570 secs] [Times: user=0.01 sys=0.00, real=0.00 secs] 
59.781: Total time for which application threads were stopped: 0.0021900 seconds, Stopping threads took: 0.0000640 seconds
59.819: Application time: 0.0378850 seconds
59.819: [GC [PSYoungGen: 20256K->2272K(20480K)] 56868K->42980K(66560K), 0.0017720 secs] [Times: user=0.01 sys=0.00, real=0.00 secs] 
59.821: [Full GC [PSYoungGen: 2272K->0K(20480K)] [ParOldGen: 40708K->9643K(46080K)] 42980K->9643K(66560K) [PSPermGen: 5497K->5497K(21504K)], 0.0060550 secs] [Times: user=0.02 sys=0.00, real=0.00 secs] 
59.827: Total time for which application threads were stopped: 0.0079980 seconds, Stopping threads took: 0.0000540 seconds
59.855: Application time: 0.0279670 seconds
59.855: [GC [PSYoungGen: 17104K->2304K(20480K)] 26747K->17067K(66560K), 0.0019740 secs] [Times: user=0.02 sys=0.00, real=0.00 secs] 
59.857: Total time for which application threads were stopped: 0.0021170 seconds, Stopping threads took: 0.0000740 seconds
59.893: Application time: 0.0358260 seconds
59.893: [GC [PSYoungGen: 20160K->2304K(20480K)] 34923K->21163K(66560K), 0.0017000 secs] [Times: user=0.02 sys=0.00, real=0.00 secs] 
59.894: Total time for which application threads were stopped: 0.0018580 seconds, Stopping threads took: 0.0000900 seconds
59.925: Application time: 0.0303410 seconds
59.925: [GC [PSYoungGen: 19502K->2240K(20480K)] 38362K->26219K(66560K), 0.0019890 secs] [Times: user=0.00 sys=0.00, real=0.00 secs] 
59.927: Total time for which application threads were stopped: 0.0021410 seconds, Stopping threads took: 0.0000830 seconds
59.961: Application time: 0.0337180 seconds
59.961: [GC [PSYoungGen: 19898K->2304K(20480K)] 43877K->29355K(66560K), 0.0014940 secs] [Times: user=0.01 sys=0.00, real=0.00 secs] 
59.962: Total time for which application threads were stopped: 0.0016380 seconds, Stopping threads took: 0.0000780 seconds
59.991: Application time: 0.0287640 seconds
59.991: [GC [PSYoungGen: 19638K->2272K(20480K)] 46690K->34443K(66560K), 0.0020350 secs] [Times: user=0.02 sys=0.00, real=0.00 secs] 
59.993: Total time for which application threads were stopped: 0.0021820 seconds, Stopping threads took: 0.0000730 seconds
60.029: Application time: 0.0359490 seconds
60.029: [GC [PSYoungGen: 19921K->2304K(20480K)] 52093K->38571K(66560K), 0.0017690 secs] [Times: user=0.02 sys=0.00, real=0.01 secs] 
60.031: Total time for which application threads were stopped: 0.0019030 seconds, Stopping threads took: 0.0000630 seconds
60.060: Application time: 0.0291970 seconds
60.060: [GC [PSYoungGen: 19692K->2304K(20480K)] 55959K->42667K(66560K), 0.0018080 secs] [Times: user=0.01 sys=0.00, real=0.00 secs] 
60.062: [Full GC [PSYoungGen: 2304K->0K(20480K)] [ParOldGen: 40363K->9781K(46080K)] 42667K->9781K(66560K) [PSPermGen: 5497K->5497K(21504K)], 0.0060970 secs] [Times: user=0.02 sys=0.00, real=0.00 secs] 
60.068: Total time for which application threads were stopped: 0.0081040 seconds, Stopping threads took: 0.0000790 seconds
60.103: Application time: 0.0345990 seconds
60.103: [GC [PSYoungGen: 17663K->2336K(20480K)] 27444K->16213K(66560K), 0.0017610 secs] [Times: user=0.01 sys=0.00, real=0.00 secs] 
60.105: Total time for which application threads were stopped: 0.0019040 seconds, Stopping threads took: 0.0000740 seconds
60.137: Application time: 0.0321070 seconds
60.137: [GC [PSYoungGen: 20017K->2400K(20480K)] 33894K->20373K(66560K), 0.0018600 secs] [Times: user=0.01 sys=0.00, real=0.01 secs] 
60.139: Total time for which application threads were stopped: 0.0020290 seconds, Stopping threads took: 0.0000990 seconds
60.173: Application time: 0.0335000 seconds
60.173: [GC [PSYoungGen: 20028K->2352K(20480K)] 38002K->24421K(66560K), 0.0017860 secs] [Times: user=0.01 sys=0.00, real=0.00 secs] 
60.174: Total time for which application threads were stopped: 0.0019210 seconds, Stopping threads took: 0.0000620 seconds
60.208: Application time: 0.0330820 seconds
60.208: [GC [PSYoungGen: 20201K->2384K(20480K)] 42270K->28549K(66560K), 0.0018540 secs] [Times: user=0.01 sys=0.00, real=0.00 secs] 
60.210: Total time for which application threads were stopped: 0.0020170 seconds, Stopping threads took: 0.0000920 seconds
60.242: Application time: 0.0320280 seconds
60.242: [GC [PSYoungGen: 19959K->2512K(20480K)] 46125K->32773K(66560K), 0.0018180 secs] [Times: user=0.01 sys=0.00, real=0.00 secs] 
60.244: Total time for which application threads were stopped: 0.0019570 seconds, Stopping threads took: 0.0000700 seconds
60.279: Application time: 0.0350100 seconds
60.279: [GC [PSYoungGen: 20121K->2528K(20480K)] 50383K->35861K(66560K), 0.0015540 secs] [Times: user=0.01 sys=0.00, real=0.00 secs] 
60.280: Total time for which application threads were stopped: 0.0017130 seconds, Stopping threads took: 0.0000930 seconds
60.312: Application time: 0.0317410 seconds
60.312: [GC [PSYoungGen: 19879K->2544K(20480K)] 53213K->38949K(66560K), 0.0015210 secs] [Times: user=0.01 sys=0.00, real=0.00 secs] 
60.314: Total time for which application threads were stopped: 0.0016520 seconds, Stopping threads took: 0.0000640 seconds
60.349: Application time: 0.0349410 seconds
60.349: [GC [PSYoungGen: 20251K->2544K(20480K)] 56657K->42021K(66560K), 0.0015110 secs] [Times: user=0.01 sys=0.00, real=0.00 secs] 
60.350: Total time for which application threads were stopped: 0.0016580 seconds, Stopping threads took: 0.0000750 seconds
60.377: Application time: 0.0269190 seconds
60.377: [GC [PSYoungGen: 19626K->2480K(20480K)] 59103K->45029K(66560K), 0.0015740 secs] [Times: user=0.01 sys=0.00, real=0.01 secs] 
60.379: [Full GC [PSYoungGen: 2480K->0K(20480K)] [ParOldGen: 42549K->8618K(46080K)] 45029K->8618K(66560K) [PSPermGen: 5497K->5497K(21504K)], 0.0057600 secs] [Times: user=0.02 sys=0.00, real=0.00 secs] 
60.385: Total time for which application threads were stopped: 0.0075130 seconds, Stopping threads took: 0.0000660 seconds
60.423: Application time: 0.0382910 seconds
60.423: [GC [PSYoungGen: 17920K->2320K(20480K)] 26538K->15035K(66560K), 0.0029430 secs] [Times: user=0.02 sys=0.00, real=0.00 secs] 
60.426: Total time for which application threads were stopped: 0.0030760 seconds, Stopping threads took: 0.0000590 seconds
60.454: Application time: 0.0279830 seconds
60.454: [GC [PSYoungGen: 19450K->2304K(20480K)] 32165K->17067K(66560K), 0.0011810 secs] [Times: user=0.01 sys=0.00, real=0.00 secs] 
60.455: Total time for which application threads were stopped: 0.0013120 seconds, Stopping threads took: 0.0000620 seconds
60.490: Application time: 0.0341770 seconds
60.490: [GC [PSYoungGen: 19920K->2272K(20480K)] 34683K->20107K(66560K), 0.0014430 secs] [Times: user=0.01 sys=0.00, real=0.01 secs] 
60.491: Total time for which application threads were stopped: 0.0015920 seconds, Stopping threads took: 0.0000790 seconds
60.520: Application time: 0.0292170 seconds
60.520: [GC [PSYoungGen: 19518K->2272K(20480K)] 37353K->23179K(66560K), 0.0014500 secs] [Times: user=0.01 sys=0.00, real=0.00 secs] 
60.522: Total time for which application threads were stopped: 0.0015780 seconds, Stopping threads took: 0.0000650 seconds
60.560: Application time: 0.0376860 seconds
60.560: [GC [PSYoungGen: 20100K->2272K(20480K)] 41007K->25227K(66560K), 0.0012440 secs] [Times: user=0.00 sys=0.00, real=0.00 secs] 
60.561: Total time for which application threads were stopped: 0.0013770 seconds, Stopping threads took: 0.0000660 seconds
60.587: Application time: 0.0259180 seconds
60.587: [GC [PSYoungGen: 19424K->2304K(20480K)] 42379K->30379K(66560K), 0.0019320 secs] [Times: user=0.01 sys=0.00, real=0.00 secs] 
60.589: Total time for which application threads were stopped: 0.0020910 seconds, Stopping threads took: 0.0000820 seconds
60.627: Application time: 0.0377840 seconds
60.627: [GC [PSYoungGen: 19966K->2240K(20480K)] 48041K->31339K(66560K), 0.0011070 secs] [Times: user=0.00 sys=0.00, real=0.00 secs] 
60.628: Total time for which application threads were stopped: 0.0012470 seconds, Stopping threads took: 0.0000750 seconds
60.654: Application time: 0.0256390 seconds
60.654: [GC [PSYoungGen: 19617K->2272K(20480K)] 48716K->36491K(66560K), 0.0019990 secs] [Times: user=0.01 sys=0.00, real=0.00 secs] 
60.656: Total time for which application threads were stopped: 0.0021410 seconds, Stopping threads took: 0.0000720 seconds
60.697: Application time: 0.0413350 seconds
60.697: [GC [PSYoungGen: 19935K->2240K(20480K)] 54154K->36459K(66560K), 0.0007870 secs] [Times: user=0.01 sys=0.00, real=0.00 secs] 
60.698: Total time for which application threads were stopped: 0.0009550 seconds, Stopping threads took: 0.0001060 seconds
60.723: Application time: 0.0252870 seconds
60.724: [GC [PSYoungGen: 19647K->2272K(20480K)] 53867K->40587K(66560K), 0.0018210 secs] [Times: user=0.01 sys=0.00, real=0.00 secs] 
60.725: Total time for which application threads were stopped: 0.0019600 seconds, Stopping threads took: 0.0000730 seconds
60.767: Application time: 0.0414180 seconds
60.767: [GC [PSYoungGen: 19873K->2304K(20480K)] 58188K->42667K(66560K), 0.0012850 secs] [Times: user=0.01 sys=0.00, real=0.00 secs] 
60.768: [Full GC [PSYoungGen: 2304K->0K(20480K)] [ParOldGen: 40363K->7613K(46080K)] 42667K->7613K(66560K) [PSPermGen: 5497K->5497K(21504K)], 0.0057530 secs] [Times: user=0.02 sys=0.00, real=0.01 secs] 
60.774: Total time for which application threads were stopped: 0.0072180 seconds, Stopping threads took: 0.0000700 seconds
60.799: Application time: 0.0254080 seconds
60.800: [GC [PSYoungGen: 17472K->2304K(20480K)] 25085K->12989K(66560K), 0.0014630 secs] [Times: user=0.01 sys=0.00, real=0.00 secs] 
60.801: Total time for which application threads were stopped: 0.0016020 seconds, Stopping threads took: 0.0000750 seconds
60.843: Application time: 0.0415140 seconds
60.843: [GC [PSYoungGen: 20103K->2304K(20480K)] 30788K->14013K(66560K), 0.0009510 secs] [Times: user=0.00 sys=0.00, real=0.00 secs] 
60.844: Total time for which application threads were stopped: 0.0010720 seconds, Stopping threads took: 0.0000580 seconds
60.868: Application time: 0.0247530 seconds
60.868: [GC [PSYoungGen: 19868K->2400K(20480K)] 31578K->18205K(66560K), 0.0018080 secs] [Times: user=0.01 sys=0.00, real=0.00 secs] 
60.870: Total time for which application threads were stopped: 0.0019510 seconds, Stopping threads took: 0.0000730 seconds
60.906: Application time: 0.0355900 seconds
60.906: [GC [PSYoungGen: 19830K->2496K(20480K)] 35636K->21374K(66560K), 0.0014750 secs] [Times: user=0.01 sys=0.00, real=0.00 secs] 
60.908: Total time for which application threads were stopped: 0.0016100 seconds, Stopping threads took: 0.0000660 seconds
60.933: Application time: 0.0256580 seconds
60.933: [GC [PSYoungGen: 20416K->2384K(20480K)] 39294K->27406K(66560K), 0.0023820 secs] [Times: user=0.02 sys=0.00, real=0.00 secs] 
60.936: Total time for which application threads were stopped: 0.0025230 seconds, Stopping threads took: 0.0000670 seconds
60.976: Application time: 0.0405100 seconds
60.976: [GC [PSYoungGen: 19706K->2512K(20480K)] 44728K->29582K(66560K), 0.0012360 secs] [Times: user=0.00 sys=0.00, real=0.00 secs] 
60.978: Total time for which application threads were stopped: 0.0013680 seconds, Stopping threads took: 0.0000670 seconds
61.003: Application time: 0.0250500 seconds
61.003: [GC [PSYoungGen: 20352K->2464K(20480K)] 47422K->34654K(66560K), 0.0021360 secs] [Times: user=0.02 sys=0.00, real=0.00 secs] 
61.005: Total time for which application threads were stopped: 0.0022790 seconds, Stopping threads took: 0.0000710 seconds
61.043: Application time: 0.0378340 seconds
61.043: [GC [PSYoungGen: 19424K->2496K(20480K)] 51615K->36734K(66560K), 0.0013400 secs] [Times: user=0.01 sys=0.00, real=0.00 secs] 
61.044: Total time for which application threads were stopped: 0.0014800 seconds, Stopping threads took: 0.0000740 seconds
61.070: Application time: 0.0256240 seconds
61.070: [GC [PSYoungGen: 19432K->2496K(20480K)] 53670K->40830K(66560K), 0.0018740 secs] [Times: user=0.01 sys=0.00, real=0.01 secs] 
61.072: Total time for which application threads were stopped: 0.0020170 seconds, Stopping threads took: 0.0000710 seconds
61.110: Application time: 0.0384810 seconds
61.110: [GC [PSYoungGen: 19417K->2528K(20480K)] 57751K->43942K(66560K), 0.0015240 secs] [Times: user=0.01 sys=0.00, real=0.00 secs] 
61.112: [Full GC [PSYoungGen: 2528K->0K(20480K)] [ParOldGen: 41414K->8656K(46080K)] 43942K->8656K(66560K) [PSPermGen: 5497K->5497K(21504K)], 0.0058800 secs] [Times: user=0.02 sys=0.00, real=0.00 secs] 
61.118: Total time for which application threads were stopped: 0.0076060 seconds, Stopping threads took: 0.0000820 seconds
61.146: Application time: 0.0276190 seconds
61.146: [GC [PSYoungGen: 17073K->2272K(20480K)] 25730K->14001K(66560K), 0.0014880 secs] [Times: user=0.01 sys=0.00, real=0.00 secs] 
61.147: Total time for which application threads were stopped: 0.0016410 seconds, Stopping threads took: 0.0000780 seconds
61.182: Application time: 0.0344620 seconds
61.182: [GC [PSYoungGen: 19987K->2304K(20480K)] 31716K->17105K(66560K), 0.0014290 secs] [Times: user=0.01 sys=0.00, real=0.00 secs] 
61.183: Total time for which application threads were stopped: 0.0015670 seconds, Stopping threads took: 0.0000600 seconds
61.214: Application time: 0.0310120 seconds
61.214: [GC [PSYoungGen: 19595K->2240K(20480K)] 34396K->21137K(66560K), 0.0017150 secs] [Times: user=0.00 sys=0.00, real=0.00 secs] 
61.216: Total time for which application threads were stopped: 0.0018550 seconds, Stopping threads took: 0.0000700 seconds
61.249: Application time: 0.0332780 seconds
61.250: [GC [PSYoungGen: 19850K->2304K(20480K)] 38747K->24273K(66560K), 0.0014410 secs] [Times: user=0.00 sys=0.00, real=0.01 secs] 
61.251: Total time for which application threads were stopped: 0.0015880 seconds, Stopping threads took: 0.0000790 seconds
61.282: Application time: 0.0306770 seconds
61.282: [GC [PSYoungGen: 19680K->2304K(20480K)] 41649K->28369K(66560K), 0.0017980 secs] [Times: user=0.01 sys=0.00, real=0.00 secs] 
61.284: Total time for which application threads were stopped: 0.0019590 seconds, Stopping threads took: 0.0000900 seconds
61.317: Application time: 0.0330610 seconds
61.317: [GC [PSYoungGen: 19689K->2272K(20480K)] 45754K->30385K(66560K), 0.0012080 secs] [Times: user=0.01 sys=0.00, real=0.00 secs] 
61.318: Total time for which application threads were stopped: 0.0013420 seconds, Stopping threads took: 0.0000700 seconds
61.352: Application time: 0.0338780 seconds
61.352: [GC [PSYoungGen: 19955K->2304K(20480K)] 48068K->33489K(66560K), 0.0015120 secs] [Times: user=0.01 sys=0.00, real=0.00 secs] 
61.354: Total time for which application threads were stopped: 0.0016410 seconds, Stopping threads took: 0.0000590 seconds
61.384: Application time: 0.0301810 seconds
61.384: [GC [PSYoungGen: 19567K->2272K(20480K)] 50752K->37553K(66560K), 0.0017730 secs] [Times: user=0.01 sys=0.00, real=0.00 secs] 
61.386: Total time for which application threads were stopped: 0.0019030 seconds, Stopping threads took: 0.0000620 seconds
61.422: Application time: 0.0364160 seconds
61.422: [GC [PSYoungGen: 20074K->2304K(20480K)] 55356K->41681K(66560K), 0.0017660 secs] [Times: user=0.01 sys=0.00, real=0.00 secs] 
61.424: Total time for which application threads were stopped: 0.0019010 seconds, Stopping threads took: 0.0000660 seconds
61.452: Application time: 0.0284310 seconds
61.453: [GC [PSYoungGen: 19492K->2304K(20480K)] 58870K->44753K(66560K), 0.0014540 secs] [Times: user=0.01 sys=0.00, real=0.00 secs] 
61.454: [Full GC [PSYoungGen: 2304K->0K(20480K)] [ParOldGen: 42449K->8620K(46080K)] 44753K->8620K(66560K) [PSPermGen: 5497K->5497K(21504K)], 0.0059770 secs] [Times: user=0.02 sys=0.00, real=0.01 secs] 
61.460: Total time for which application threads were stopped: 0.0076120 seconds, Stopping threads took: 0.0000700 seconds
61.498: Application time: 0.0379290 seconds
61.498: [GC [PSYoungGen: 17885K->2304K(20480K)] 26505K->13996K(66560K), 0.0013830 secs] [Times: user=0.01 sys=0.00, real=0.01 secs] 
61.500: Total time for which application threads were stopped: 0.0015290 seconds, Stopping threads took: 0.0000770 seconds
61.525: Application time: 0.0258240 seconds
61.525: [GC [PSYoungGen: 19372K->2304K(20480K)] 31064K->18092K(66560K), 0.0016100 secs] [Times: user=0.01 sys=0.00, real=0.00 secs] 
61.527: Total time for which application threads were stopped: 0.0017390 seconds, Stopping threads took: 0.0000620 seconds
61.563: Application time: 0.0356660 seconds
61.563: [GC [PSYoungGen: 20216K->2400K(20480K)] 36004K->21260K(66560K), 0.0014830 secs] [Times: user=0.01 sys=0.00, real=0.00 secs] 
61.564: Total time for which application threads were stopped: 0.0016340 seconds, Stopping threads took: 0.0000850 seconds
61.590: Application time: 0.0258040 seconds
61.590: [GC [PSYoungGen: 19731K->2368K(20480K)] 38592K->26348K(66560K), 0.0020500 secs] [Times: user=0.01 sys=0.00, real=0.01 secs] 
61.592: Total time for which application threads were stopped: 0.0021930 seconds, Stopping threads took: 0.0000710 seconds
61.632: Application time: 0.0393420 seconds
61.632: [GC [PSYoungGen: 19400K->2512K(20480K)] 43380K->28540K(66560K), 0.0013230 secs] [Times: user=0.01 sys=0.00, real=0.00 secs] 
61.633: Total time for which application threads were stopped: 0.0014660 seconds, Stopping threads took: 0.0000590 seconds
61.659: Application time: 0.0260050 seconds
61.659: [GC [PSYoungGen: 19950K->2480K(20480K)] 45979K->33628K(66560K), 0.0020390 secs] [Times: user=0.01 sys=0.00, real=0.00 secs] 
61.661: Total time for which application threads were stopped: 0.0021940 seconds, Stopping threads took: 0.0000850 seconds
61.699: Application time: 0.0379560 seconds
61.699: [GC [PSYoungGen: 20072K->2544K(20480K)] 51220K->36764K(66560K), 0.0015620 secs] [Times: user=0.01 sys=0.00, real=0.00 secs] 
61.701: Total time for which application threads were stopped: 0.0017010 seconds, Stopping threads took: 0.0000730 seconds
61.730: Application time: 0.0288410 seconds
61.730: [GC [PSYoungGen: 20109K->2464K(20480K)] 54329K->41804K(66560K), 0.0020440 secs] [Times: user=0.02 sys=0.00, real=0.01 secs] 
61.732: Total time for which application threads were stopped: 0.0021860 seconds, Stopping threads took: 0.0000740 seconds
61.770: Application time: 0.0378700 seconds
61.770: [GC [PSYoungGen: 19938K->2464K(20480K)] 59279K->43852K(66560K), 0.0012910 secs] [Times: user=0.01 sys=0.00, real=0.01 secs] 
61.771: [Full GC [PSYoungGen: 2464K->0K(20480K)] [ParOldGen: 41388K->7920K(46080K)] 43852K->7920K(66560K) [PSPermGen: 5497K->5497K(21504K)], 0.0055580 secs] [Times: user=0.02 sys=0.00, real=0.00 secs] 
61.777: Total time for which application threads were stopped: 0.0070130 seconds, Stopping threads took: 0.0000500 seconds
61.804: Application time: 0.0265520 seconds
61.804: [GC [PSYoungGen: 17579K->2304K(20480K)] 25499K->15344K(66560K), 0.0019900 secs] [Times: user=0.02 sys=0.00, real=0.00 secs] 
61.806: Total time for which application threads were stopped: 0.0021290 seconds, Stopping threads took: 0.0000700 seconds
61.844: Application time: 0.0383440 seconds
61.847: [GC [PSYoungGen: 19688K->2272K(20480K)] 32729K->17360K(66560K), 0.0012690 secs] [Times: user=0.01 sys=0.00, real=0.00 secs] 
61.848: Total time for which application threads were stopped: 0.0038540 seconds, Stopping threads took: 0.0025210 seconds
61.873: Application time: 0.0256360 seconds
61.874: [GC [PSYoungGen: 19887K->2304K(20480K)] 34976K->22512K(66560K), 0.0019620 secs] [Times: user=0.01 sys=0.00, real=0.00 secs] 
61.876: Total time for which application threads were stopped: 0.0021000 seconds, Stopping threads took: 0.0000650 seconds
61.917: Application time: 0.0409610 seconds
61.917: [GC [PSYoungGen: 19757K->2304K(20480K)] 39965K->24560K(66560K), 0.0011650 secs] [Times: user=0.01 sys=0.00, real=0.00 secs] 
61.918: Total time for which application threads were stopped: 0.0013060 seconds, Stopping threads took: 0.0000740 seconds
61.940: Application time: 0.0225570 seconds
61.941: [GC [PSYoungGen: 19841K->2272K(20480K)] 42098K->29648K(66560K), 0.0021100 secs] [Times: user=0.01 sys=0.00, real=0.00 secs] 
61.943: Total time for which application threads were stopped: 0.0022640 seconds, Stopping threads took: 0.0000800 seconds
61.985: Application time: 0.0422210 seconds
61.985: [GC [PSYoungGen: 19605K->2272K(20480K)] 46981K->31696K(66560K), 0.0011390 secs] [Times: user=0.01 sys=0.00, real=0.00 secs] 
61.986: Total time for which application threads were stopped: 0.0012770 seconds, Stopping threads took: 0.0000730 seconds
62.009: Application time: 0.0230580 seconds
62.009: [GC [PSYoungGen: 20004K->2304K(20480K)] 49428K->36848K(66560K), 0.0020950 secs] [Times: user=0.01 sys=0.00, real=0.01 secs] 
62.012: Total time for which application threads were stopped: 0.0022540 seconds, Stopping threads took: 0.0000860 seconds
62.050: Application time: 0.0388450 seconds
62.050: [GC [PSYoungGen: 19249K->2272K(20480K)] 53794K->38864K(66560K), 0.0012520 secs] [Times: user=0.01 sys=0.00, real=0.00 secs] 
62.052: Total time for which application threads were stopped: 0.0013970 seconds, Stopping threads took: 0.0000730 seconds
62.078: Application time: 0.0259620 seconds
62.078: [GC [PSYoungGen: 19295K->2304K(20480K)] 55888K->42993K(66560K), 0.0018240 secs] [Times: user=0.02 sys=0.00, real=0.01 secs] 
62.080: [Full GC [PSYoungGen: 2304K->0K(20480K)] [ParOldGen: 40689K->9643K(46080K)] 42993K->9643K(66560K) [PSPermGen: 5497K->5497K(21504K)], 0.0059810 secs] [Times: user=0.02 sys=0.00, real=0.00 secs] 
62.086: Total time for which application threads were stopped: 0.0079970 seconds, Stopping threads took: 0.0000690 seconds
62.124: Application time: 0.0386320 seconds
62.124: [GC [PSYoungGen: 17815K->2304K(20480K)] 27458K->12971K(66560K), 0.0009370 secs] [Times: user=0.01 sys=0.00, real=0.00 secs] 
62.125: Total time for which application threads were stopped: 0.0010680 seconds, Stopping threads took: 0.0000670 seconds
62.153: Application time: 0.0280500 seconds
62.154: [GC [PSYoungGen: 19606K->2304K(20480K)] 30273K->17067K(66560K), 0.0017520 secs] [Times: user=0.01 sys=0.00, real=0.00 secs] 
62.155: Total time for which application threads were stopped: 0.0019060 seconds, Stopping threads took: 0.0000760 seconds
62.187: Application time: 0.0312970 seconds
62.187: [GC [PSYoungGen: 19531K->2272K(20480K)] 34294K->21131K(66560K), 0.0017240 secs] [Times: user=0.01 sys=0.00, real=0.00 secs] 
62.189: Total time for which application threads were stopped: 0.0018660 seconds, Stopping threads took: 0.0000730 seconds
62.223: Application time: 0.0345490 seconds
62.223: [GC [PSYoungGen: 20072K->2304K(20480K)] 38931K->26283K(66560K), 0.0019830 secs] [Times: user=0.01 sys=0.00, real=0.00 secs] 
62.225: Total time for which application threads were stopped: 0.0021230 seconds, Stopping threads took: 0.0000710 seconds
62.256: Application time: 0.0305000 seconds
62.256: [GC [PSYoungGen: 19524K->2272K(20480K)] 43503K->29323K(66560K), 0.0014510 secs] [Times: user=0.01 sys=0.00, real=0.00 secs] 
62.257: Total time for which application threads were stopped: 0.0016560 seconds, Stopping threads took: 0.0001350 seconds
62.291: Application time: 0.0338310 seconds
62.291: [GC [PSYoungGen: 19395K->2400K(20480K)] 46447K->33547K(66560K), 0.0017780 secs] [Times: user=0.01 sys=0.00, real=0.00 secs] 
62.293: Total time for which application threads were stopped: 0.0019570 seconds, Stopping threads took: 0.0001070 seconds
62.322: Application time: 0.0291820 seconds
62.323: [GC [PSYoungGen: 19468K->2400K(20480K)] 50615K->37643K(66560K), 0.0017600 secs] [Times: user=0.02 sys=0.00, real=0.00 secs] 
62.324: Total time for which application threads were stopped: 0.0019200 seconds, Stopping threads took: 0.0000920 seconds
62.360: Application time: 0.0358330 seconds
62.360: [GC [PSYoungGen: 19622K->2496K(20480K)] 54865K->40811K(66560K), 0.0015380 secs] [Times: user=0.01 sys=0.00, real=0.00 secs] 
62.362: Total time for which application threads were stopped: 0.0016840 seconds, Stopping threads took: 0.0000770 seconds
62.385: Application time: 0.0231920 seconds
62.387: [GC [PSYoungGen: 19577K->2528K(20480K)] 57893K->44939K(66560K), 0.0018160 secs] [Times: user=0.01 sys=0.00, real=0.00 secs] 
62.388: [Full GC [PSYoungGen: 2528K->0K(20480K)] [ParOldGen: 42411K->9642K(46080K)] 44939K->9642K(66560K) [PSPermGen: 5497K->5497K(21504K)], 0.0062800 secs] [Times: user=0.02 sys=0.00, real=0.01 secs] 
62.395: Total time for which application threads were stopped: 0.0096760 seconds, Stopping threads took: 0.0014640 seconds
62.436: Application time: 0.0408700 seconds
62.436: [GC [PSYoungGen: 16941K->2304K(20480K)] 26584K->13994K(66560K), 0.0011930 secs] [Times: user=0.01 sys=0.01, real=0.00 secs] 
62.437: Total time for which application threads were stopped: 0.0013420 seconds, Stopping threads took: 0.0000800 seconds
62.460: Application time: 0.0235200 seconds
62.461: [GC [PSYoungGen: 19330K->2304K(20480K)] 31021K->19114K(66560K), 0.0019660 secs] [Times: user=0.01 sys=0.00, real=0.00 secs] 
62.463: Total time for which application threads were stopped: 0.0021410 seconds, Stopping threads took: 0.0001030 seconds
62.504: Application time: 0.0417840 seconds
62.505: [GC [PSYoungGen: 20120K->2272K(20480K)] 36930K->20106K(66560K), 0.0009780 secs] [Times: user=0.01 sys=0.00, real=0.00 secs] 
62.506: Total time for which application threads were stopped: 0.0011590 seconds, Stopping threads took: 0.0001070 seconds
62.531: Application time: 0.0255860 seconds
62.531: [GC [PSYoungGen: 19539K->2304K(20480K)] 37374K->23210K(66560K), 0.0013780 secs] [Times: user=0.00 sys=0.00, real=0.00 secs] 
62.533: Total time for which application threads were stopped: 0.0015400 seconds, Stopping threads took: 0.0000970 seconds
62.574: Application time: 0.0411910 seconds
62.574: [GC [PSYoungGen: 20101K->2304K(20480K)] 41008K->23210K(66560K), 0.0007270 secs] [Times: user=0.01 sys=0.00, real=0.00 secs] 
62.575: Total time for which application threads were stopped: 0.0008670 seconds, Stopping threads took: 0.0000770 seconds
62.597: Application time: 0.0225450 seconds
62.597: [GC [PSYoungGen: 19504K->2304K(20480K)] 40411K->28330K(66560K), 0.0019710 secs] [Times: user=0.01 sys=0.00, real=0.01 secs] 
62.599: Total time for which application threads were stopped: 0.0021140 seconds, Stopping threads took: 0.0000750 seconds
62.637: Application time: 0.0373530 seconds
62.637: [GC [PSYoungGen: 19528K->2240K(20480K)] 45555K->31338K(66560K), 0.0015700 secs] [Times: user=0.01 sys=0.00, real=0.00 secs] 
62.638: Total time for which application threads were stopped: 0.0017260 seconds, Stopping threads took: 0.0000780 seconds
62.667: Application time: 0.0281140 seconds
62.667: [GC [PSYoungGen: 20057K->2304K(20480K)] 49155K->36522K(66560K), 0.0018970 secs] [Times: user=0.01 sys=0.00, real=0.00 secs] 
62.669: Total time for which application threads were stopped: 0.0020330 seconds, Stopping threads took: 0.0000560 seconds
62.708: Application time: 0.0398270 seconds
62.709: [GC [PSYoungGen: 19709K->2272K(20480K)] 53927K->38538K(66560K), 0.0015050 secs] [Times: user=0.01 sys=0.00, real=0.00 secs] 
62.710: Total time for which application threads were stopped: 0.0017100 seconds, Stopping threads took: 0.0001250 seconds
62.735: Application time: 0.0244050 seconds
62.735: [GC [PSYoungGen: 19904K->2240K(20480K)] 56171K->43627K(66560K), 0.0020080 secs] [Times: user=0.01 sys=0.00, real=0.00 secs] 
62.737: [Full GC [PSYoungGen: 2240K->0K(20480K)] [ParOldGen: 41387K->10668K(46080K)] 43627K->10668K(66560K) [PSPermGen: 5497K->5497K(21504K)], 0.0062550 secs] [Times: user=0.02 sys=0.00, real=0.01 secs] 
62.743: Total time for which application threads were stopped: 0.0084430 seconds, Stopping threads took: 0.0000650 seconds
62.784: Application time: 0.0410430 seconds
62.784: [GC [PSYoungGen: 17329K->2304K(20480K)] 27998K->13996K(66560K), 0.0009700 secs] [Times: user=0.00 sys=0.00, real=0.00 secs] 
62.785: Total time for which application threads were stopped: 0.0010890 seconds, Stopping threads took: 0.0000580 seconds
62.810: Application time: 0.0248690 seconds
62.810: [GC [PSYoungGen: 20020K->2304K(20480K)] 31712K->18092K(66560K), 0.0017480 secs] [Times: user=0.01 sys=0.00, real=0.01 secs] 
62.812: Total time for which application threads were stopped: 0.0019060 seconds, Stopping threads took: 0.0000910 seconds
62.852: Application time: 0.0402130 seconds
62.852: [GC [PSYoungGen: 19455K->2288K(20480K)] 35243K->19100K(66560K), 0.0009050 secs] [Times: user=0.01 sys=0.00, real=0.00 secs] 
62.853: Total time for which application threads were stopped: 0.0010360 seconds, Stopping threads took: 0.0000700 seconds
62.878: Application time: 0.0246480 seconds
62.878: [GC [PSYoungGen: 20176K->2304K(20480K)] 36989K->23212K(66560K), 0.0017440 secs] [Times: user=0.02 sys=0.00, real=0.01 secs] 
62.880: Total time for which application threads were stopped: 0.0018940 seconds, Stopping threads took: 0.0000850 seconds
62.920: Application time: 0.0397880 seconds
62.920: [GC [PSYoungGen: 20224K->2304K(20480K)] 41132K->25260K(66560K), 0.0011520 secs] [Times: user=0.00 sys=0.00, real=0.00 secs] 
62.921: Total time for which application threads were stopped: 0.0012770 seconds, Stopping threads took: 0.0000600 seconds
62.948: Application time: 0.0267450 seconds
62.948: [GC [PSYoungGen: 19431K->2304K(20480K)] 42388K->29356K(66560K), 0.0016830 secs] [Times: user=0.01 sys=0.00, real=0.00 secs] 
62.949: Total time for which application threads were stopped: 0.0018360 seconds, Stopping threads took: 0.0000760 seconds
62.985: Application time: 0.0360420 seconds
62.986: [GC [PSYoungGen: 20047K->2336K(20480K)] 47100K->32460K(66560K), 0.0014890 secs] [Times: user=0.01 sys=0.00, real=0.00 secs] 
62.987: Total time for which application threads were stopped: 0.0016270 seconds, Stopping threads took: 0.0000730 seconds
63.015: Application time: 0.0283000 seconds
63.015: [GC [PSYoungGen: 19926K->2368K(20480K)] 50050K->37612K(66560K), 0.0020370 secs] [Times: user=0.01 sys=0.00, real=0.00 secs] 
63.018: Total time for which application threads were stopped: 0.0021960 seconds, Stopping threads took: 0.0000890 seconds
63.054: Application time: 0.0363740 seconds
63.054: [GC [PSYoungGen: 20153K->2432K(20480K)] 55397K->39724K(66560K), 0.0012540 secs] [Times: user=0.01 sys=0.00, real=0.00 secs] 
63.055: Total time for which application threads were stopped: 0.0013900 seconds, Stopping threads took: 0.0000700 seconds
63.085: Application time: 0.0292850 seconds
63.085: [GC [PSYoungGen: 20139K->2464K(20480K)] 57431K->43852K(66560K), 0.0018340 secs] [Times: user=0.01 sys=0.00, real=0.00 secs] 
63.087: [Full GC [PSYoungGen: 2464K->0K(20480K)] [ParOldGen: 41388K->9658K(46080K)] 43852K->9658K(66560K) [PSPermGen: 5497K->5497K(21504K)], 0.0061840 secs] [Times: user=0.02 sys=0.00, real=0.01 secs] 
63.093: Total time for which application threads were stopped: 0.0082030 seconds, Stopping threads took: 0.0000650 seconds
63.127: Application time: 0.0339100 seconds
63.127: [GC [PSYoungGen: 17501K->2352K(20480K)] 27160K->16106K(66560K), 0.0017460 secs] [Times: user=0.02 sys=0.00, real=0.00 secs] 
63.129: Total time for which application threads were stopped: 0.0018710 seconds, Stopping threads took: 0.0000580 seconds
63.162: Application time: 0.0337330 seconds
63.162: [GC [PSYoungGen: 20015K->2336K(20480K)] 33770K->20186K(66560K), 0.0017460 secs] [Times: user=0.01 sys=0.00, real=0.00 secs] 
63.164: Total time for which application threads were stopped: 0.0018940 seconds, Stopping threads took: 0.0000750 seconds
63.194: Application time: 0.0297840 seconds
63.194: [GC [PSYoungGen: 19595K->2320K(20480K)] 37446K->24266K(66560K), 0.0016860 secs] [Times: user=0.01 sys=0.00, real=0.00 secs] 
63.196: Total time for which application threads were stopped: 0.0018320 seconds, Stopping threads took: 0.0000690 seconds
63.230: Application time: 0.0339900 seconds
63.230: [GC [PSYoungGen: 19939K->2320K(20480K)] 41886K->27339K(66560K), 0.0015300 secs] [Times: user=0.01 sys=0.00, real=0.01 secs] 
63.232: Total time for which application threads were stopped: 0.0016810 seconds, Stopping threads took: 0.0000830 seconds
63.257: Application time: 0.0256060 seconds
63.257: [GC [PSYoungGen: 19565K->2304K(20480K)] 44584K->32443K(66560K), 0.0020780 secs] [Times: user=0.01 sys=0.00, real=0.01 secs] 
63.259: Total time for which application threads were stopped: 0.0022340 seconds, Stopping threads took: 0.0000860 seconds
63.299: Application time: 0.0399040 seconds
63.303: [GC [PSYoungGen: 20088K->2320K(20480K)] 50227K->35531K(66560K), 0.0014980 secs] [Times: user=0.01 sys=0.00, real=0.00 secs] 
63.304: Total time for which application threads were stopped: 0.0048000 seconds, Stopping threads took: 0.0032370 seconds
63.330: Application time: 0.0261560 seconds
63.330: [GC [PSYoungGen: 19597K->2320K(20480K)] 52808K->39627K(66560K), 0.0017730 secs] [Times: user=0.01 sys=0.00, real=0.01 secs] 
63.332: Total time for which application threads were stopped: 0.0019130 seconds, Stopping threads took: 0.0000710 seconds
63.371: Application time: 0.0393280 seconds
63.372: [GC [PSYoungGen: 19910K->2304K(20480K)] 57217K->42683K(66560K), 0.0014300 secs] [Times: user=0.01 sys=0.00, real=0.00 secs] 
63.373: [Full GC [PSYoungGen: 2304K->0K(20480K)] [ParOldGen: 40379K->8640K(46080K)] 42683K->8640K(66560K) [PSPermGen: 5497K->5497K(21504K)], 0.0058330 secs] [Times: user=0.02 sys=0.00, real=0.01 secs] 
63.379: Total time for which application threads were stopped: 0.0074600 seconds, Stopping threads took: 0.0000780 seconds
63.406: Application time: 0.0271070 seconds
63.406: [GC [PSYoungGen: 17479K->2304K(20480K)] 26120K->15041K(66560K), 0.0018190 secs] [Times: user=0.01 sys=0.00, real=0.00 secs] 
63.408: Total time for which application threads were stopped: 0.0019550 seconds, Stopping threads took: 0.0000640 seconds
63.445: Application time: 0.0370470 seconds
63.447: [GC [PSYoungGen: 19748K->2304K(20480K)] 32485K->19137K(66560K), 0.0017510 secs] [Times: user=0.01 sys=0.00, real=0.00 secs] 
63.448: Total time for which application threads were stopped: 0.0032610 seconds, Stopping threads took: 0.0014410 seconds
63.478: Application time: 0.0295260 seconds
63.478: [GC [PSYoungGen: 19935K->2320K(20480K)] 36768K->22225K(66560K), 0.0015090 secs] [Times: user=0.01 sys=0.00, real=0.01 secs] 
63.479: Total time for which application threads were stopped: 0.0016450 seconds, Stopping threads took: 0.0000640 seconds
63.515: Application time: 0.0358540 seconds
63.515: [GC [PSYoungGen: 19774K->2304K(20480K)] 39679K->25281K(66560K), 0.0014810 secs] [Times: user=0.01 sys=0.00, real=0.00 secs] 
63.517: Total time for which application threads were stopped: 0.0016390 seconds, Stopping threads took: 0.0000780 seconds
63.546: Application time: 0.0288000 seconds
63.546: [GC [PSYoungGen: 19848K->2304K(20480K)] 42825K->29377K(66560K), 0.0017140 secs] [Times: user=0.02 sys=0.00, real=0.00 secs] 
63.548: Total time for which application threads were stopped: 0.0018660 seconds, Stopping threads took: 0.0000830 seconds
63.585: Application time: 0.0374420 seconds
63.587: [GC [PSYoungGen: 19798K->2304K(20480K)] 46872K->32449K(66560K), 0.0014470 secs] [Times: user=0.01 sys=0.00, real=0.00 secs] 
63.588: Total time for which application threads were stopped: 0.0029110 seconds, Stopping threads took: 0.0014000 seconds
63.616: Application time: 0.0283340 seconds
63.616: [GC [PSYoungGen: 19852K->2304K(20480K)] 49997K->36545K(66560K), 0.0017540 secs] [Times: user=0.01 sys=0.00, real=0.00 secs] 
63.618: Total time for which application threads were stopped: 0.0018860 seconds, Stopping threads took: 0.0000600 seconds
63.657: Application time: 0.0387410 seconds
63.657: [GC [PSYoungGen: 19813K->2304K(20480K)] 54054K->38593K(66560K), 0.0011610 secs] [Times: user=0.01 sys=0.00, real=0.00 secs] 
63.658: Total time for which application threads were stopped: 0.0012910 seconds, Stopping threads took: 0.0000640 seconds
63.684: Application time: 0.0261160 seconds
63.684: [GC [PSYoungGen: 19732K->2320K(20480K)] 56021K->42705K(66560K), 0.0016270 secs] [Times: user=0.01 sys=0.00, real=0.00 secs] 
63.686: Total time for which application threads were stopped: 0.0017520 seconds, Stopping threads took: 0.0000560 seconds
63.725: Application time: 0.0386420 seconds
63.725: [GC [PSYoungGen: 19963K->2304K(20480K)] 60349K->44737K(66560K), 0.0012230 secs] [Times: user=0.01 sys=0.00, real=0.00 secs] 
63.726: [Full GC [PSYoungGen: 2304K->0K(20480K)] [ParOldGen: 42433K->7780K(46080K)] 44737K->7780K(66560K) [PSPermGen: 5497K->5497K(21504K)], 0.0056170 secs] [Times: user=0.02 sys=0.00, real=0.01 secs] 
63.732: Total time for which application threads were stopped: 0.0070370 seconds, Stopping threads took: 0.0000760 seconds
63.757: Application time: 0.0248160 seconds
63.757: [GC [PSYoungGen: 17685K->2352K(20480K)] 25465K->14228K(66560K), 0.0017570 secs] [Times: user=0.01 sys=0.00, real=0.01 secs] 
63.759: Total time for which application threads were stopped: 0.0019000 seconds, Stopping threads took: 0.0000730 seconds
63.798: Application time: 0.0399330 seconds
63.799: [GC [PSYoungGen: 20129K->2432K(20480K)] 32005K->16356K(66560K), 0.0013030 secs] [Times: user=0.00 sys=0.00, real=0.00 secs] 
63.800: Total time for which application threads were stopped: 0.0014300 seconds, Stopping threads took: 0.0000610 seconds
63.826: Application time: 0.0258570 seconds
63.826: [GC [PSYoungGen: 20191K->2464K(20480K)] 34115K->19460K(66560K), 0.0014760 secs] [Times: user=0.01 sys=0.00, real=0.00 secs] 
63.827: Total time for which application threads were stopped: 0.0016290 seconds, Stopping threads took: 0.0000830 seconds
63.868: Application time: 0.0409440 seconds
63.868: [GC [PSYoungGen: 19882K->2432K(20480K)] 36878K->20452K(66560K), 0.0010320 secs] [Times: user=0.00 sys=0.00, real=0.00 secs] 
63.870: Total time for which application threads were stopped: 0.0011850 seconds, Stopping threads took: 0.0000900 seconds
63.895: Application time: 0.0257330 seconds
63.899: [GC [PSYoungGen: 20021K->2448K(20480K)] 38041K->23540K(66560K), 0.0014770 secs] [Times: user=0.01 sys=0.00, real=0.00 secs] 
63.900: Total time for which application threads were stopped: 0.0047720 seconds, Stopping threads took: 0.0032290 seconds
63.939: Application time: 0.0384950 seconds
63.939: [GC [PSYoungGen: 19687K->2416K(20480K)] 40780K->24532K(66560K), 0.0009780 secs] [Times: user=0.01 sys=0.00, real=0.00 secs] 
63.940: Total time for which application threads were stopped: 0.0010990 seconds, Stopping threads took: 0.0000590 seconds
63.968: Application time: 0.0280350 seconds
63.968: [GC [PSYoungGen: 20225K->2480K(20480K)] 42341K->28692K(66560K), 0.0016470 secs] [Times: user=0.01 sys=0.00, real=0.00 secs] 
63.969: Total time for which application threads were stopped: 0.0017750 seconds, Stopping threads took: 0.0000600 seconds
64.005: Application time: 0.0352570 seconds
64.005: [GC [PSYoungGen: 20400K->2432K(20480K)] 46612K->29668K(66560K), 0.0010170 secs] [Times: user=0.01 sys=0.00, real=0.00 secs] 
64.006: Total time for which application threads were stopped: 0.0011620 seconds, Stopping threads took: 0.0000810 seconds
64.032: Application time: 0.0261480 seconds
64.032: [GC [PSYoungGen: 19468K->2496K(20480K)] 46704K->34852K(66560K), 0.0020480 secs] [Times: user=0.02 sys=0.00, real=0.00 secs] 
64.034: Total time for which application threads were stopped: 0.0021870 seconds, Stopping threads took: 0.0000650 seconds
64.075: Application time: 0.0406350 seconds
64.078: [GC [PSYoungGen: 19555K->2448K(20480K)] 51912K->35828K(66560K), 0.0010070 secs] [Times: user=0.00 sys=0.00, real=0.01 secs] 
64.079: Total time for which application threads were stopped: 0.0042500 seconds, Stopping threads took: 0.0031820 seconds
64.105: Application time: 0.0259180 seconds
64.105: [GC [PSYoungGen: 20338K->2464K(20480K)] 53719K->39940K(66560K), 0.0018470 secs] [Times: user=0.01 sys=0.00, real=0.00 secs] 
64.107: Total time for which application threads were stopped: 0.0019820 seconds, Stopping threads took: 0.0000640 seconds
64.145: Application time: 0.0382040 seconds
64.145: [GC [PSYoungGen: 20384K->2464K(20480K)] 57860K->41988K(66560K), 0.0012750 secs] [Times: user=0.01 sys=0.00, real=0.00 secs] 
64.147: Total time for which application threads were stopped: 0.0014040 seconds, Stopping threads took: 0.0000580 seconds
64.173: Application time: 0.0267890 seconds
64.174: [GC [PSYoungGen: 19558K->2464K(20480K)] 59082K->46084K(66560K), 0.0017580 secs] [Times: user=0.01 sys=0.00, real=0.00 secs] 
64.175: [Full GC [PSYoungGen: 2464K->0K(20480K)] [ParOldGen: 43620K->9658K(46080K)] 46084K->9658K(66560K) [PSPermGen: 5498K->5498K(21504K)], 0.0061860 secs] [Times: user=0.02 sys=0.00, real=0.01 secs] 
64.182: Total time for which application threads were stopped: 0.0081440 seconds, Stopping threads took: 0.0000870 seconds
64.220: Application time: 0.0388150 seconds
64.220: [GC [PSYoungGen: 17856K->2304K(20480K)] 27514K->14010K(66560K), 0.0011520 secs] [Times: user=0.01 sys=0.00, real=0.00 secs] 
64.222: Total time for which application threads were stopped: 0.0012750 seconds, Stopping threads took: 0.0000610 seconds
64.249: Application time: 0.0270330 seconds
64.249: [GC [PSYoungGen: 19468K->2304K(20480K)] 31175K->18106K(66560K), 0.0016970 secs] [Times: user=0.01 sys=0.00, real=0.01 secs] 
64.251: Total time for which application threads were stopped: 0.0018500 seconds, Stopping threads took: 0.0000760 seconds
64.285: Application time: 0.0348780 seconds
64.286: [GC [PSYoungGen: 19841K->2304K(20480K)] 35643K->20154K(66560K), 0.0011380 secs] [Times: user=0.00 sys=0.00, real=0.00 secs] 
64.287: Total time for which application threads were stopped: 0.0012660 seconds, Stopping threads took: 0.0000630 seconds
64.316: Application time: 0.0290050 seconds
64.316: [GC [PSYoungGen: 19741K->2304K(20480K)] 37591K->24250K(66560K), 0.0017800 secs] [Times: user=0.01 sys=0.00, real=0.00 secs] 
64.318: Total time for which application threads were stopped: 0.0019260 seconds, Stopping threads took: 0.0000760 seconds
64.348: Application time: 0.0305350 seconds
64.348: [GC [PSYoungGen: 19657K->2304K(20480K)] 41603K->29370K(66560K), 0.0020590 secs] [Times: user=0.01 sys=0.00, real=0.00 secs] 
64.350: Total time for which application threads were stopped: 0.0022100 seconds, Stopping threads took: 0.0000790 seconds
64.386: Application time: 0.0351590 seconds
64.386: [GC [PSYoungGen: 19983K->2304K(20480K)] 47050K->33466K(66560K), 0.0018140 secs] [Times: user=0.01 sys=0.00, real=0.00 secs] 
64.388: Total time for which application threads were stopped: 0.0019810 seconds, Stopping threads took: 0.0001000 seconds
64.419: Application time: 0.0315430 seconds
64.419: [GC [PSYoungGen: 19744K->2304K(20480K)] 50907K->36538K(66560K), 0.0014730 secs] [Times: user=0.01 sys=0.00, real=0.00 secs] 
64.421: Total time for which application threads were stopped: 0.0016050 seconds, Stopping threads took: 0.0000630 seconds
64.456: Application time: 0.0355880 seconds
64.456: [GC [PSYoungGen: 19220K->2336K(20480K)] 53455K->39642K(66560K), 0.0015010 secs] [Times: user=0.01 sys=0.00, real=0.00 secs] 
64.458: Total time for which application threads were stopped: 0.0016350 seconds, Stopping threads took: 0.0000670 seconds
64.485: Application time: 0.0266660 seconds
64.485: [GC [PSYoungGen: 19523K->2352K(20480K)] 56830K->43754K(66560K), 0.0017680 secs] [Times: user=0.01 sys=0.00, real=0.00 secs] 
64.486: [Full GC [PSYoungGen: 2352K->0K(20480K)] [ParOldGen: 41402K->9655K(46080K)] 43754K->9655K(66560K) [PSPermGen: 5498K->5498K(21504K)], 0.0062560 secs] [Times: user=0.02 sys=0.01, real=0.01 secs] 
64.493: Total time for which application threads were stopped: 0.0082100 seconds, Stopping threads took: 0.0000660 seconds
64.531: Application time: 0.0380500 seconds
64.531: [GC [PSYoungGen: 17199K->2432K(20480K)] 26854K->16183K(66560K), 0.0016850 secs] [Times: user=0.02 sys=0.00, real=0.00 secs] 
64.533: Total time for which application threads were stopped: 0.0018130 seconds, Stopping threads took: 0.0000560 seconds
64.561: Application time: 0.0286180 seconds
64.561: [GC [PSYoungGen: 19776K->2400K(20480K)] 33527K->18199K(66560K), 0.0011630 secs] [Times: user=0.00 sys=0.00, real=0.00 secs] 
64.563: Total time for which application threads were stopped: 0.0012840 seconds, Stopping threads took: 0.0000560 seconds
64.597: Application time: 0.0349190 seconds
64.598: [GC [PSYoungGen: 20061K->2432K(20480K)] 35861K->22327K(66560K), 0.0018310 secs] [Times: user=0.01 sys=0.00, real=0.01 secs] 
64.599: Total time for which application threads were stopped: 0.0019710 seconds, Stopping threads took: 0.0000680 seconds
64.623: Application time: 0.0239890 seconds
64.624: [GC [PSYoungGen: 19580K->2432K(20480K)] 39476K->27447K(66560K), 0.0020730 secs] [Times: user=0.02 sys=0.00, real=0.00 secs] 
64.626: Total time for which application threads were stopped: 0.0022180 seconds, Stopping threads took: 0.0000740 seconds
64.668: Application time: 0.0422080 seconds
64.668: [GC [PSYoungGen: 20279K->2400K(20480K)] 45295K->30487K(66560K), 0.0015760 secs] [Times: user=0.00 sys=0.00, real=0.00 secs] 
64.670: Total time for which application threads were stopped: 0.0017480 seconds, Stopping threads took: 0.0001030 seconds
64.694: Application time: 0.0244270 seconds
64.694: [GC [PSYoungGen: 19624K->2432K(20480K)] 47712K->35639K(66560K), 0.0020100 secs] [Times: user=0.01 sys=0.00, real=0.00 secs] 
64.696: Total time for which application threads were stopped: 0.0021590 seconds, Stopping threads took: 0.0000800 seconds
64.738: Application time: 0.0415330 seconds
64.738: [GC [PSYoungGen: 20190K->2416K(20480K)] 53398K->37671K(66560K), 0.0013080 secs] [Times: user=0.01 sys=0.00, real=0.01 secs] 
64.739: Total time for which application threads were stopped: 0.0014500 seconds, Stopping threads took: 0.0000740 seconds
64.764: Application time: 0.0249490 seconds
64.764: [GC [PSYoungGen: 19687K->2384K(20480K)] 54942K->41735K(66560K), 0.0018080 secs] [Times: user=0.01 sys=0.00, real=0.00 secs] 
64.766: Total time for which application threads were stopped: 0.0019540 seconds, Stopping threads took: 0.0000690 seconds
64.805: Application time: 0.0383980 seconds
64.805: [GC [PSYoungGen: 19896K->2416K(20480K)] 59248K->42792K(66560K), 0.0010420 secs] [Times: user=0.01 sys=0.00, real=0.00 secs] 
64.806: [Full GC [PSYoungGen: 2416K->0K(20480K)] [ParOldGen: 40375K->6945K(46080K)] 42792K->6945K(66560K) [PSPermGen: 5498K->5498K(21504K)], 0.0051660 secs] [Times: user=0.02 sys=0.00, real=0.01 secs] 
64.811: Total time for which application threads were stopped: 0.0063950 seconds, Stopping threads took: 0.0000730 seconds
64.836: Application time: 0.0252310 seconds
64.839: [GC [PSYoungGen: 17472K->2304K(20480K)] 24417K->13345K(66560K), 0.0017850 secs] [Times: user=0.01 sys=0.00, real=0.00 secs] 
64.840: Total time for which application threads were stopped: 0.0042210 seconds, Stopping threads took: 0.0023660 seconds
64.882: Application time: 0.0412420 seconds
64.882: [GC [PSYoungGen: 19849K->2304K(20480K)] 30890K->14369K(66560K), 0.0009950 secs] [Times: user=0.01 sys=0.00, real=0.00 secs] 
64.883: Total time for which application threads were stopped: 0.0011240 seconds, Stopping threads took: 0.0000640 seconds
64.908: Application time: 0.0257510 seconds
64.909: [GC [PSYoungGen: 19829K->2320K(20480K)] 31894K->17457K(66560K), 0.0014620 secs] [Times: user=0.01 sys=0.00, real=0.00 secs] 
64.910: Total time for which application threads were stopped: 0.0016010 seconds, Stopping threads took: 0.0000700 seconds
64.948: Application time: 0.0379770 seconds
64.948: [GC [PSYoungGen: 19514K->2272K(20480K)] 34652K->18433K(66560K), 0.0009390 secs] [Times: user=0.00 sys=0.00, real=0.00 secs] 
64.949: Total time for which application threads were stopped: 0.0010630 seconds, Stopping threads took: 0.0000610 seconds
64.978: Application time: 0.0288670 seconds
64.978: [GC [PSYoungGen: 20126K->2304K(20480K)] 36287K->22561K(66560K), 0.0016640 secs] [Times: user=0.02 sys=0.00, real=0.01 secs] 
64.980: Total time for which application threads were stopped: 0.0018070 seconds, Stopping threads took: 0.0000720 seconds
65.016: Application time: 0.0362980 seconds
65.016: [GC [PSYoungGen: 19311K->2240K(20480K)] 39568K->23521K(66560K), 0.0009750 secs] [Times: user=0.00 sys=0.00, real=0.00 secs] 
65.017: Total time for which application threads were stopped: 0.0011020 seconds, Stopping threads took: 0.0000640 seconds
65.045: Application time: 0.0279160 seconds
65.045: [GC [PSYoungGen: 20160K->2304K(20480K)] 41441K->28705K(66560K), 0.0019740 secs] [Times: user=0.01 sys=0.00, real=0.00 secs] 
65.047: Total time for which application threads were stopped: 0.0021150 seconds, Stopping threads took: 0.0000680 seconds
65.084: Application time: 0.0364680 seconds
65.084: [GC [PSYoungGen: 19308K->2304K(20480K)] 45709K->31777K(66560K), 0.0014390 secs] [Times: user=0.01 sys=0.00, real=0.00 secs] 
65.085: Total time for which application threads were stopped: 0.0015630 seconds, Stopping threads took: 0.0000570 seconds
65.112: Application time: 0.0269450 seconds
65.112: [GC [PSYoungGen: 19220K->2208K(20480K)] 48694K->34753K(66560K), 0.0015190 secs] [Times: user=0.01 sys=0.00, real=0.00 secs] 
65.114: Total time for which application threads were stopped: 0.0016480 seconds, Stopping threads took: 0.0000610 seconds
65.149: Application time: 0.0351780 seconds
65.149: [GC [PSYoungGen: 19179K->2304K(20480K)] 51725K->38945K(66560K), 0.0016960 secs] [Times: user=0.01 sys=0.00, real=0.01 secs] 
65.151: Total time for which application threads were stopped: 0.0018310 seconds, Stopping threads took: 0.0000650 seconds
65.178: Application time: 0.0273710 seconds
65.178: [GC [PSYoungGen: 19435K->2272K(20480K)] 56077K->44033K(66560K), 0.0021500 secs] [Times: user=0.00 sys=0.00, real=0.01 secs] 
65.181: [Full GC [PSYoungGen: 2272K->0K(20480K)] [ParOldGen: 41761K->10664K(46080K)] 44033K->10664K(66560K) [PSPermGen: 5498K->5498K(21504K)], 0.0063050 secs] [Times: user=0.03 sys=0.00, real=0.00 secs] 
65.187: Total time for which application threads were stopped: 0.0086990 seconds, Stopping threads took: 0.0001200 seconds
65.220: Application time: 0.0334940 seconds
65.221: [GC [PSYoungGen: 16953K->2368K(20480K)] 27617K->16104K(66560K), 0.0014590 secs] [Times: user=0.01 sys=0.00, real=0.00 secs] 
65.222: Total time for which application threads were stopped: 0.0015840 seconds, Stopping threads took: 0.0000570 seconds
65.253: Application time: 0.0309350 seconds
65.253: [GC [PSYoungGen: 19945K->2464K(20480K)] 33681K->21320K(66560K), 0.0020900 secs] [Times: user=0.02 sys=0.00, real=0.00 secs] 
65.255: Total time for which application threads were stopped: 0.0022430 seconds, Stopping threads took: 0.0000820 seconds
65.288: Application time: 0.0323980 seconds
65.291: [GC [PSYoungGen: 20156K->2464K(20480K)] 39013K->23368K(66560K), 0.0011960 secs] [Times: user=0.01 sys=0.00, real=0.00 secs] 
65.292: Total time for which application threads were stopped: 0.0041240 seconds, Stopping threads took: 0.0028560 seconds
65.325: Application time: 0.0336730 seconds
65.326: [GC [PSYoungGen: 19934K->2464K(20480K)] 40838K->28488K(66560K), 0.0020240 secs] [Times: user=0.02 sys=0.00, real=0.00 secs] 
65.328: Total time for which application threads were stopped: 0.0021780 seconds, Stopping threads took: 0.0000810 seconds
65.358: Application time: 0.0301230 seconds
65.358: [GC [PSYoungGen: 19851K->2416K(20480K)] 45875K->30488K(66560K), 0.0013140 secs] [Times: user=0.00 sys=0.00, real=0.01 secs] 
65.359: Total time for which application threads were stopped: 0.0014580 seconds, Stopping threads took: 0.0000790 seconds
65.393: Application time: 0.0339710 seconds
65.395: [GC [PSYoungGen: 19881K->2464K(20480K)] 47954K->33608K(66560K), 0.0015880 secs] [Times: user=0.01 sys=0.00, real=0.00 secs] 
65.396: Total time for which application threads were stopped: 0.0029870 seconds, Stopping threads took: 0.0013300 seconds
65.428: Application time: 0.0322310 seconds
65.429: [GC [PSYoungGen: 20029K->2448K(20480K)] 51174K->35640K(66560K), 0.0012650 secs] [Times: user=0.01 sys=0.00, real=0.00 secs] 
65.430: Total time for which application threads were stopped: 0.0014310 seconds, Stopping threads took: 0.0001010 seconds
65.464: Application time: 0.0338690 seconds
65.464: [GC [PSYoungGen: 19915K->2432K(20480K)] 53107K->38696K(66560K), 0.0016440 secs] [Times: user=0.01 sys=0.00, real=0.00 secs] 
65.466: Total time for which application threads were stopped: 0.0018130 seconds, Stopping threads took: 0.0000980 seconds
65.496: Application time: 0.0309350 seconds
65.497: [GC [PSYoungGen: 19944K->2384K(20480K)] 56209K->41720K(66560K), 0.0015660 secs] [Times: user=0.00 sys=0.00, real=0.00 secs] 
65.498: Total time for which application threads were stopped: 0.0017160 seconds, Stopping threads took: 0.0000860 seconds
65.534: Application time: 0.0353940 seconds
65.534: [GC [PSYoungGen: 19926K->2400K(20480K)] 59263K->43784K(66560K), 0.0013330 secs] [Times: user=0.00 sys=0.00, real=0.00 secs] 
65.535: [Full GC [PSYoungGen: 2400K->0K(20480K)] [ParOldGen: 41384K->7950K(46080K)] 43784K->7950K(66560K) [PSPermGen: 5498K->5498K(21504K)], 0.0056830 secs] [Times: user=0.02 sys=0.00, real=0.01 secs] 
65.541: Total time for which application threads were stopped: 0.0071880 seconds, Stopping threads took: 0.0000580 seconds
65.571: Application time: 0.0300730 seconds
65.571: [GC [PSYoungGen: 17485K->2304K(20480K)] 25435K->14350K(66560K), 0.0017140 secs] [Times: user=0.01 sys=0.00, real=0.00 secs] 
65.573: Total time for which application threads were stopped: 0.0018520 seconds, Stopping threads took: 0.0000700 seconds
65.608: Application time: 0.0352190 seconds
65.608: [GC [PSYoungGen: 19809K->2304K(20480K)] 31856K->16398K(66560K), 0.0011040 secs] [Times: user=0.01 sys=0.00, real=0.00 secs] 
65.609: Total time for which application threads were stopped: 0.0012320 seconds, Stopping threads took: 0.0000610 seconds
65.637: Application time: 0.0274570 seconds
65.637: [GC [PSYoungGen: 19747K->2304K(20480K)] 33842K->20494K(66560K), 0.0016660 secs] [Times: user=0.01 sys=0.00, real=0.00 secs] 
65.638: Total time for which application threads were stopped: 0.0017990 seconds, Stopping threads took: 0.0000650 seconds
65.672: Application time: 0.0333090 seconds
65.672: [GC [PSYoungGen: 19345K->2304K(20480K)] 37536K->22542K(66560K), 0.0012290 secs] [Times: user=0.00 sys=0.00, real=0.00 secs] 
65.673: Total time for which application threads were stopped: 0.0013830 seconds, Stopping threads took: 0.0000890 seconds
65.702: Application time: 0.0292020 seconds
65.702: [GC [PSYoungGen: 19200K->2304K(20480K)] 39439K->26638K(66560K), 0.0017800 secs] [Times: user=0.01 sys=0.00, real=0.00 secs] 
65.704: Total time for which application threads were stopped: 0.0019230 seconds, Stopping threads took: 0.0000730 seconds
65.739: Application time: 0.0345100 seconds
65.739: [GC [PSYoungGen: 19248K->2304K(20480K)] 43583K->28687K(66560K), 0.0011770 secs] [Times: user=0.01 sys=0.00, real=0.00 secs] 
65.740: Total time for which application threads were stopped: 0.0013090 seconds, Stopping threads took: 0.0000690 seconds
65.772: Application time: 0.0314900 seconds
65.772: [GC [PSYoungGen: 19389K->2272K(20480K)] 45772K->32751K(66560K), 0.0017410 secs] [Times: user=0.01 sys=0.00, real=0.00 secs] 
65.773: Total time for which application threads were stopped: 0.0018840 seconds, Stopping threads took: 0.0000750 seconds
65.808: Application time: 0.0340890 seconds
65.808: [GC [PSYoungGen: 20164K->2304K(20480K)] 50643K->34831K(66560K), 0.0011490 secs] [Times: user=0.01 sys=0.00, real=0.00 secs] 
65.809: Total time for which application threads were stopped: 0.0012970 seconds, Stopping threads took: 0.0000720 seconds
65.840: Application time: 0.0315240 seconds
65.840: [GC [PSYoungGen: 19443K->2272K(20480K)] 51970K->38895K(66560K), 0.0017720 secs] [Times: user=0.01 sys=0.00, real=0.00 secs] 
65.842: Total time for which application threads were stopped: 0.0019000 seconds, Stopping threads took: 0.0000590 seconds
65.870: Application time: 0.0280320 seconds
65.870: [GC [PSYoungGen: 20104K->2304K(20480K)] 56727K->44047K(66560K), 0.0021150 secs] [Times: user=0.01 sys=0.00, real=0.01 secs] 
65.873: [Full GC [PSYoungGen: 2304K->0K(20480K)] [ParOldGen: 41743K->10664K(46080K)] 44047K->10664K(66560K) [PSPermGen: 5498K->5498K(21504K)], 0.0063140 secs] [Times: user=0.03 sys=0.01, real=0.01 secs] 
65.879: Total time for which application threads were stopped: 0.0086210 seconds, Stopping threads took: 0.0000750 seconds
65.912: Application time: 0.0332670 seconds
65.912: [GC [PSYoungGen: 17301K->2336K(20480K)] 27966K->17096K(66560K), 0.0017910 secs] [Times: user=0.01 sys=0.00, real=0.00 secs] 
65.914: Total time for which application threads were stopped: 0.0019710 seconds, Stopping threads took: 0.0001060 seconds
65.947: Application time: 0.0325170 seconds
65.947: [GC [PSYoungGen: 19352K->2368K(20480K)] 34112K->20200K(66560K), 0.0016450 secs] [Times: user=0.01 sys=0.00, real=0.00 secs] 
65.948: Total time for which application threads were stopped: 0.0018090 seconds, Stopping threads took: 0.0000930 seconds
65.981: Application time: 0.0324210 seconds
65.981: [GC [PSYoungGen: 19720K->2384K(20480K)] 37553K->23288K(66560K), 0.0016020 secs] [Times: user=0.01 sys=0.00, real=0.00 secs] 
65.983: Total time for which application threads were stopped: 0.0017480 seconds, Stopping threads took: 0.0000810 seconds
66.013: Application time: 0.0299970 seconds
66.013: [GC [PSYoungGen: 20304K->2464K(20480K)] 41208K->28488K(66560K), 0.0020850 secs] [Times: user=0.01 sys=0.00, real=0.00 secs] 
66.015: Total time for which application threads were stopped: 0.0022220 seconds, Stopping threads took: 0.0000670 seconds
66.050: Application time: 0.0354360 seconds
66.050: [GC [PSYoungGen: 19672K->2480K(20480K)] 45697K->31576K(66560K), 0.0014960 secs] [Times: user=0.01 sys=0.00, real=0.01 secs] 
66.052: Total time for which application threads were stopped: 0.0016270 seconds, Stopping threads took: 0.0000630 seconds
66.085: Application time: 0.0327080 seconds
66.085: [GC [PSYoungGen: 20400K->2528K(20480K)] 49496K->34696K(66560K), 0.0016050 secs] [Times: user=0.01 sys=0.00, real=0.00 secs] 
66.086: Total time for which application threads were stopped: 0.0017490 seconds, Stopping threads took: 0.0000760 seconds
66.120: Application time: 0.0337500 seconds
66.120: [GC [PSYoungGen: 19714K->2496K(20480K)] 51883K->37737K(66560K), 0.0014790 secs] [Times: user=0.01 sys=0.00, real=0.00 secs] 
66.122: Total time for which application threads were stopped: 0.0016080 seconds, Stopping threads took: 0.0000600 seconds
66.153: Application time: 0.0317030 seconds
66.154: [GC [PSYoungGen: 20257K->2528K(20480K)] 55498K->40841K(66560K), 0.0015200 secs] [Times: user=0.01 sys=0.00, real=0.00 secs] 
66.155: Total time for which application threads were stopped: 0.0016650 seconds, Stopping threads took: 0.0000750 seconds
66.187: Application time: 0.0314930 seconds
66.187: [GC [PSYoungGen: 19656K->2496K(20480K)] 57969K->44905K(66560K), 0.0018560 secs] [Times: user=0.02 sys=0.00, real=0.00 secs] 
66.189: [Full GC [PSYoungGen: 2496K->0K(20480K)] [ParOldGen: 42409K->9660K(46080K)] 44905K->9660K(66560K) [PSPermGen: 5498K->5498K(21504K)], 0.0062820 secs] [Times: user=0.02 sys=0.00, real=0.01 secs] 
66.195: Total time for which application threads were stopped: 0.0083230 seconds, Stopping threads took: 0.0000690 seconds
66.227: Application time: 0.0321250 seconds
66.227: [GC [PSYoungGen: 17773K->2304K(20480K)] 27434K->15036K(66560K), 0.0014490 secs] [Times: user=0.01 sys=0.00, real=0.00 secs] 
66.229: Total time for which application threads were stopped: 0.0015790 seconds, Stopping threads took: 0.0000620 seconds
66.262: Application time: 0.0330590 seconds
66.262: [GC [PSYoungGen: 19543K->2304K(20480K)] 32276K->19132K(66560K), 0.0017220 secs] [Times: user=0.02 sys=0.00, real=0.00 secs] 
66.264: Total time for which application threads were stopped: 0.0018630 seconds, Stopping threads took: 0.0000710 seconds
66.298: Application time: 0.0344840 seconds
66.298: [GC [PSYoungGen: 20035K->2304K(20480K)] 36863K->22204K(66560K), 0.0013580 secs] [Times: user=0.01 sys=0.00, real=0.01 secs] 
66.300: Total time for which application threads were stopped: 0.0014860 seconds, Stopping threads took: 0.0000580 seconds
66.331: Application time: 0.0315940 seconds
66.331: [GC [PSYoungGen: 19524K->2304K(20480K)] 39425K->25276K(66560K), 0.0013880 secs] [Times: user=0.01 sys=0.00, real=0.00 secs] 
66.333: Total time for which application threads were stopped: 0.0015260 seconds, Stopping threads took: 0.0000620 seconds
66.362: Application time: 0.0297910 seconds
66.363: [GC [PSYoungGen: 19928K->2304K(20480K)] 42900K->29372K(66560K), 0.0017370 secs] [Times: user=0.01 sys=0.00, real=0.00 secs] 
66.364: Total time for which application threads were stopped: 0.0018970 seconds, Stopping threads took: 0.0000890 seconds
66.399: Application time: 0.0342570 seconds
66.403: [GC [PSYoungGen: 19583K->2304K(20480K)] 46651K->32444K(66560K), 0.0014670 secs] [Times: user=0.01 sys=0.00, real=0.00 secs] 
66.404: Total time for which application threads were stopped: 0.0054310 seconds, Stopping threads took: 0.0038970 seconds
66.437: Application time: 0.0325420 seconds
66.437: [GC [PSYoungGen: 20090K->2304K(20480K)] 50231K->36540K(66560K), 0.0017740 secs] [Times: user=0.01 sys=0.00, real=0.01 secs] 
66.439: Total time for which application threads were stopped: 0.0019070 seconds, Stopping threads took: 0.0000630 seconds
66.472: Application time: 0.0330560 seconds
66.472: [GC [PSYoungGen: 19547K->2304K(20480K)] 53783K->40636K(66560K), 0.0017340 secs] [Times: user=0.01 sys=0.00, real=0.00 secs] 
66.473: Total time for which application threads were stopped: 0.0018730 seconds, Stopping threads took: 0.0000710 seconds
66.506: Application time: 0.0326150 seconds
66.506: [GC [PSYoungGen: 20089K->2304K(20480K)] 58422K->44732K(66560K), 0.0017420 secs] [Times: user=0.01 sys=0.00, real=0.00 secs] 
66.508: [Full GC [PSYoungGen: 2304K->0K(20480K)] [ParOldGen: 42428K->9663K(46080K)] 44732K->9663K(66560K) [PSPermGen: 5498K->5498K(21504K)], 0.0060860 secs] [Times: user=0.03 sys=0.00, real=0.01 secs] 
66.514: Total time for which application threads were stopped: 0.0080140 seconds, Stopping threads took: 0.0000630 seconds
66.547: Application time: 0.0331480 seconds
66.547: [GC [PSYoungGen: 17267K->2304K(20480K)] 26930K->15039K(66560K), 0.0014680 secs] [Times: user=0.01 sys=0.00, real=0.00 secs] 
66.549: Total time for which application threads were stopped: 0.0016080 seconds, Stopping threads took: 0.0000690 seconds
66.581: Application time: 0.0324240 seconds
66.581: [GC [PSYoungGen: 20050K->2304K(20480K)] 32786K->18111K(66560K), 0.0014810 secs] [Times: user=0.01 sys=0.00, real=0.00 secs] 
66.583: Total time for which application threads were stopped: 0.0016130 seconds, Stopping threads took: 0.0000640 seconds
66.616: Application time: 0.0335350 seconds
66.617: [GC [PSYoungGen: 19670K->2352K(20480K)] 35477K->22255K(66560K), 0.0017360 secs] [Times: user=0.02 sys=0.00, real=0.00 secs] 
66.618: Total time for which application threads were stopped: 0.0018760 seconds, Stopping threads took: 0.0000690 seconds
66.649: Application time: 0.0307480 seconds
66.649: [GC [PSYoungGen: 20118K->2384K(20480K)] 40021K->25359K(66560K), 0.0014810 secs] [Times: user=0.01 sys=0.00, real=0.01 secs] 
66.651: Total time for which application threads were stopped: 0.0016270 seconds, Stopping threads took: 0.0000750 seconds
66.685: Application time: 0.0339090 seconds
66.685: [GC [PSYoungGen: 20201K->2528K(20480K)] 43177K->28575K(66560K), 0.0015270 secs] [Times: user=0.01 sys=0.00, real=0.00 secs] 
66.686: Total time for which application threads were stopped: 0.0016620 seconds, Stopping threads took: 0.0000660 seconds
66.715: Application time: 0.0290410 seconds
66.715: [GC [PSYoungGen: 20105K->2512K(20480K)] 46152K->31631K(66560K), 0.0014540 secs] [Times: user=0.01 sys=0.00, real=0.00 secs] 
66.717: Total time for which application threads were stopped: 0.0016300 seconds, Stopping threads took: 0.0001120 seconds
66.753: Application time: 0.0358140 seconds
66.753: [GC [PSYoungGen: 19933K->2528K(20480K)] 49052K->33695K(66560K), 0.0012570 secs] [Times: user=0.01 sys=0.00, real=0.00 secs] 
66.754: Total time for which application threads were stopped: 0.0013880 seconds, Stopping threads took: 0.0000630 seconds
66.785: Application time: 0.0308330 seconds
66.785: [GC [PSYoungGen: 20168K->2480K(20480K)] 51336K->36719K(66560K), 0.0014500 secs] [Times: user=0.01 sys=0.00, real=0.00 secs] 
66.787: Total time for which application threads were stopped: 0.0015720 seconds, Stopping threads took: 0.0000560 seconds
66.817: Application time: 0.0309150 seconds
66.818: [GC [PSYoungGen: 19524K->2512K(20480K)] 53763K->39823K(66560K), 0.0015630 secs] [Times: user=0.01 sys=0.00, real=0.01 secs] 
66.819: Total time for which application threads were stopped: 0.0017100 seconds, Stopping threads took: 0.0000770 seconds
66.850: Application time: 0.0310020 seconds
66.850: [GC [PSYoungGen: 20303K->2448K(20480K)] 57615K->44879K(66560K), 0.0021790 secs] [Times: user=0.01 sys=0.00, real=0.01 secs] 
66.853: [Full GC [PSYoungGen: 2448K->0K(20480K)] [ParOldGen: 42431K->10666K(46080K)] 44879K->10666K(66560K) [PSPermGen: 5498K->5498K(21504K)], 0.0063910 secs] [Times: user=0.03 sys=0.00, real=0.01 secs] 
66.859: Total time for which application threads were stopped: 0.0087790 seconds, Stopping threads took: 0.0000820 seconds
66.895: Application time: 0.0357650 seconds
66.895: [GC [PSYoungGen: 17248K->2304K(20480K)] 27914K->16042K(66560K), 0.0015450 secs] [Times: user=0.01 sys=0.00, real=0.00 secs] 
66.896: Total time for which application threads were stopped: 0.0016830 seconds, Stopping threads took: 0.0000670 seconds
66.927: Application time: 0.0303740 seconds
66.927: [GC [PSYoungGen: 20134K->2304K(20480K)] 33873K->20138K(66560K), 0.0017650 secs] [Times: user=0.02 sys=0.00, real=0.00 secs] 
66.929: Total time for which application threads were stopped: 0.0019060 seconds, Stopping threads took: 0.0000750 seconds
66.964: Application time: 0.0355890 seconds
66.964: [GC [PSYoungGen: 19510K->2272K(20480K)] 37345K->23178K(66560K), 0.0015000 secs] [Times: user=0.01 sys=0.00, real=0.00 secs] 
66.966: Total time for which application threads were stopped: 0.0016570 seconds, Stopping threads took: 0.0000680 seconds
66.995: Application time: 0.0290690 seconds
66.995: [GC [PSYoungGen: 19934K->2240K(20480K)] 40841K->27242K(66560K), 0.0017770 secs] [Times: user=0.01 sys=0.00, real=0.00 secs] 
66.997: Total time for which application threads were stopped: 0.0019310 seconds, Stopping threads took: 0.0000900 seconds
67.034: Application time: 0.0366440 seconds
67.034: [GC [PSYoungGen: 19627K->2304K(20480K)] 44630K->30378K(66560K), 0.0014740 secs] [Times: user=0.01 sys=0.00, real=0.00 secs] 
67.035: Total time for which application threads were stopped: 0.0016160 seconds, Stopping threads took: 0.0000750 seconds
67.064: Application time: 0.0282960 seconds
67.064: [GC [PSYoungGen: 19931K->2272K(20480K)] 48006K->34443K(66560K), 0.0018130 secs] [Times: user=0.02 sys=0.00, real=0.00 secs] 
67.065: Total time for which application threads were stopped: 0.0019570 seconds, Stopping threads took: 0.0000760 seconds
67.103: Application time: 0.0373470 seconds
67.103: [GC [PSYoungGen: 19673K->2304K(20480K)] 51844K->37547K(66560K), 0.0013640 secs] [Times: user=0.01 sys=0.00, real=0.00 secs] 
67.104: Total time for which application threads were stopped: 0.0015000 seconds, Stopping threads took: 0.0000700 seconds
67.134: Application time: 0.0294990 seconds
67.134: [GC [PSYoungGen: 19975K->2304K(20480K)] 55218K->41643K(66560K), 0.0016720 secs] [Times: user=0.01 sys=0.00, real=0.00 secs] 
67.136: Total time for which application threads were stopped: 0.0018030 seconds, Stopping threads took: 0.0000620 seconds
67.166: Application time: 0.0301560 seconds
67.166: [GC [PSYoungGen: 19273K->2304K(20480K)] 58612K->45739K(66560K), 0.0018430 secs] [Times: user=0.01 sys=0.00, real=0.00 secs] 
67.168: [Full GC [PSYoungGen: 2304K->0K(20480K)] [ParOldGen: 43435K->9660K(46080K)] 45739K->9660K(66560K) [PSPermGen: 5498K->5498K(21504K)], 0.0061310 secs] [Times: user=0.03 sys=0.00, real=0.01 secs] 
67.174: Total time for which application threads were stopped: 0.0081720 seconds, Stopping threads took: 0.0000800 seconds
67.206: Application time: 0.0320350 seconds
67.206: [GC [PSYoungGen: 17920K->2304K(20480K)] 27580K->16060K(66560K), 0.0017650 secs] [Times: user=0.02 sys=0.00, real=0.00 secs] 
67.208: Total time for which application threads were stopped: 0.0019190 seconds, Stopping threads took: 0.0000790 seconds
67.242: Application time: 0.0336760 seconds
67.242: [GC [PSYoungGen: 19406K->2304K(20480K)] 33163K->19133K(66560K), 0.0015430 secs] [Times: user=0.01 sys=0.00, real=0.00 secs] 
67.243: Total time for which application threads were stopped: 0.0016970 seconds, Stopping threads took: 0.0000810 seconds
67.275: Application time: 0.0319990 seconds
67.275: [GC [PSYoungGen: 20218K->2304K(20480K)] 37047K->23229K(66560K), 0.0016390 secs] [Times: user=0.01 sys=0.00, real=0.00 secs] 
67.277: Total time for which application threads were stopped: 0.0017810 seconds, Stopping threads took: 0.0000720 seconds
67.312: Application time: 0.0350570 seconds
67.312: [GC [PSYoungGen: 19587K->2336K(20480K)] 40512K->26333K(66560K), 0.0015090 secs] [Times: user=0.01 sys=0.00, real=0.00 secs] 
67.314: Total time for which application threads were stopped: 0.0016720 seconds, Stopping threads took: 0.0000950 seconds
67.341: Application time: 0.0274700 seconds
67.341: [GC [PSYoungGen: 20114K->2336K(20480K)] 44111K->30429K(66560K), 0.0018040 secs] [Times: user=0.01 sys=0.00, real=0.00 secs] 
67.343: Total time for which application threads were stopped: 0.0019630 seconds, Stopping threads took: 0.0000880 seconds
67.381: Application time: 0.0380020 seconds
67.381: [GC [PSYoungGen: 19865K->2400K(20480K)] 47958K->33565K(66560K), 0.0015220 secs] [Times: user=0.01 sys=0.00, real=0.00 secs] 
67.383: Total time for which application threads were stopped: 0.0016750 seconds, Stopping threads took: 0.0000750 seconds
67.411: Application time: 0.0277370 seconds
67.411: [GC [PSYoungGen: 19516K->2496K(20480K)] 50681K->36733K(66560K), 0.0016060 secs] [Times: user=0.01 sys=0.00, real=0.00 secs] 
67.412: Total time for which application threads were stopped: 0.0017680 seconds, Stopping threads took: 0.0000860 seconds
67.447: Application time: 0.0342130 seconds
67.447: [GC [PSYoungGen: 19520K->2496K(20480K)] 53758K->39805K(66560K), 0.0014940 secs] [Times: user=0.01 sys=0.00, real=0.00 secs] 
67.448: Total time for which application threads were stopped: 0.0016290 seconds, Stopping threads took: 0.0000670 seconds
67.480: Application time: 0.0319600 seconds
67.480: [GC [PSYoungGen: 19567K->2464K(20480K)] 56876K->42845K(66560K), 0.0014700 secs] [Times: user=0.01 sys=0.00, real=0.00 secs] 
67.482: Total time for which application threads were stopped: 0.0016020 seconds, Stopping threads took: 0.0000640 seconds
67.516: Application time: 0.0337920 seconds
67.516: [GC [PSYoungGen: 20384K->2544K(20480K)] 60765K->44973K(66560K), 0.0011970 secs] [Times: user=0.01 sys=0.00, real=0.00 secs] 
67.517: [Full GC [PSYoungGen: 2544K->0K(20480K)] [ParOldGen: 42429K->7940K(46080K)] 44973K->7940K(66560K) [PSPermGen: 5498K->5498K(21504K)], 0.0055890 secs] [Times: user=0.02 sys=0.00, real=0.01 secs] 
67.523: Total time for which application threads were stopped: 0.0069640 seconds, Stopping threads took: 0.0000670 seconds
67.552: Application time: 0.0292080 seconds
67.552: [GC [PSYoungGen: 16985K->2304K(20480K)] 24926K->14340K(66560K), 0.0017130 secs] [Times: user=0.01 sys=0.00, real=0.00 secs] 
67.554: Total time for which application threads were stopped: 0.0018530 seconds, Stopping threads took: 0.0000710 seconds
67.585: Application time: 0.0311680 seconds
67.585: [GC [PSYoungGen: 19942K->2240K(20480K)] 31979K->17348K(66560K), 0.0015530 secs] [Times: user=0.01 sys=0.00, real=0.00 secs] 
67.587: Total time for which application threads were stopped: 0.0017160 seconds, Stopping threads took: 0.0000960 seconds
67.619: Application time: 0.0327680 seconds
67.619: [GC [PSYoungGen: 19538K->2304K(20480K)] 34646K->21508K(66560K), 0.0016970 secs] [Times: user=0.01 sys=0.00, real=0.00 secs] 
67.621: Total time for which application threads were stopped: 0.0018410 seconds, Stopping threads took: 0.0000690 seconds
67.655: Application time: 0.0340030 seconds
67.655: [GC [PSYoungGen: 20068K->2304K(20480K)] 39273K->24580K(66560K), 0.0014630 secs] [Times: user=0.01 sys=0.00, real=0.00 secs] 
67.657: Total time for which application threads were stopped: 0.0015930 seconds, Stopping threads took: 0.0000620 seconds
67.688: Application time: 0.0308070 seconds
67.688: [GC [PSYoungGen: 19535K->2304K(20480K)] 41812K->28676K(66560K), 0.0017300 secs] [Times: user=0.01 sys=0.00, real=0.00 secs] 
67.689: Total time for which application threads were stopped: 0.0018780 seconds, Stopping threads took: 0.0000790 seconds
67.725: Application time: 0.0352830 seconds
67.725: [GC [PSYoungGen: 20075K->2272K(20480K)] 46447K->31716K(66560K), 0.0014170 secs] [Times: user=0.01 sys=0.00, real=0.00 secs] 
67.726: Total time for which application threads were stopped: 0.0015610 seconds, Stopping threads took: 0.0000760 seconds
67.758: Application time: 0.0314120 seconds
67.758: [GC [PSYoungGen: 19565K->2304K(20480K)] 49010K->35844K(66560K), 0.0017480 secs] [Times: user=0.01 sys=0.00, real=0.01 secs] 
67.760: Total time for which application threads were stopped: 0.0018870 seconds, Stopping threads took: 0.0000720 seconds
67.793: Application time: 0.0329630 seconds
67.793: [GC [PSYoungGen: 20033K->2304K(20480K)] 53574K->38916K(66560K), 0.0014220 secs] [Times: user=0.01 sys=0.00, real=0.00 secs] 
67.794: Total time for which application threads were stopped: 0.0015550 seconds, Stopping threads took: 0.0000680 seconds
67.828: Application time: 0.0334360 seconds
67.828: [GC [PSYoungGen: 19619K->2304K(20480K)] 56232K->41989K(66560K), 0.0015740 secs] [Times: user=0.01 sys=0.00, real=0.00 secs] 
67.829: Total time for which application threads were stopped: 0.0017150 seconds, Stopping threads took: 0.0000720 seconds
67.859: Application time: 0.0293610 seconds
67.859: [GC [PSYoungGen: 19854K->2272K(20480K)] 59539K->46053K(66560K), 0.0016750 secs] [Times: user=0.01 sys=0.00, real=0.00 secs] 
67.860: [Full GC [PSYoungGen: 2272K->0K(20480K)] [ParOldGen: 43781K->9647K(46080K)] 46053K->9647K(66560K) [PSPermGen: 5498K->5498K(21504K)], 0.0061670 secs] [Times: user=0.02 sys=0.00, real=0.00 secs] 
67.867: Total time for which application threads were stopped: 0.0080370 seconds, Stopping threads took: 0.0000660 seconds
67.902: Application time: 0.0353030 seconds
67.902: [GC [PSYoungGen: 17414K->2304K(20480K)] 27062K->15024K(66560K), 0.0014510 secs] [Times: user=0.01 sys=0.00, real=0.00 secs] 
67.904: Total time for which application threads were stopped: 0.0016060 seconds, Stopping threads took: 0.0000780 seconds
67.931: Application time: 0.0278020 seconds
67.932: [GC [PSYoungGen: 19814K->2304K(20480K)] 32534K->18096K(66560K), 0.0014630 secs] [Times: user=0.01 sys=0.00, real=0.00 secs] 
67.933: Total time for which application threads were stopped: 0.0016070 seconds, Stopping threads took: 0.0000700 seconds
67.970: Application time: 0.0368120 seconds
67.970: [GC [PSYoungGen: 19739K->2304K(20480K)] 35531K->21168K(66560K), 0.0014180 secs] [Times: user=0.01 sys=0.00, real=0.01 secs] 
67.971: Total time for which application threads were stopped: 0.0015520 seconds, Stopping threads took: 0.0000640 seconds
68.000: Application time: 0.0289290 seconds
68.000: [GC [PSYoungGen: 19867K->2304K(20480K)] 38731K->23216K(66560K), 0.0012330 secs] [Times: user=0.00 sys=0.00, real=0.00 secs] 
68.002: Total time for which application threads were stopped: 0.0013740 seconds, Stopping threads took: 0.0000730 seconds
68.039: Application time: 0.0377660 seconds
68.040: [GC [PSYoungGen: 19879K->2304K(20480K)] 40791K->25264K(66560K), 0.0012360 secs] [Times: user=0.01 sys=0.00, real=0.00 secs] 
68.041: Total time for which application threads were stopped: 0.0013650 seconds, Stopping threads took: 0.0000650 seconds
68.067: Application time: 0.0266250 seconds
68.068: [GC [PSYoungGen: 19906K->2368K(20480K)] 42866K->29424K(66560K), 0.0017910 secs] [Times: user=0.01 sys=0.00, real=0.00 secs] 
68.069: Total time for which application threads were stopped: 0.0019300 seconds, Stopping threads took: 0.0000690 seconds
68.106: Application time: 0.0367610 seconds
68.106: [GC [PSYoungGen: 20074K->2448K(20480K)] 47130K->31552K(66560K), 0.0012700 secs] [Times: user=0.00 sys=0.00, real=0.00 secs] 
68.108: Total time for which application threads were stopped: 0.0014070 seconds, Stopping threads took: 0.0000730 seconds
68.138: Application time: 0.0300030 seconds
68.139: [GC [PSYoungGen: 20345K->2496K(20480K)] 49449K->34672K(66560K), 0.0016150 secs] [Times: user=0.01 sys=0.00, real=0.00 secs] 
68.140: Total time for which application threads were stopped: 0.0026610 seconds, Stopping threads took: 0.0009770 seconds
68.176: Application time: 0.0353510 seconds
68.176: [GC [PSYoungGen: 19770K->2528K(20480K)] 51947K->36752K(66560K), 0.0012500 secs] [Times: user=0.00 sys=0.00, real=0.00 secs] 
68.177: Total time for which application threads were stopped: 0.0013760 seconds, Stopping threads took: 0.0000620 seconds
68.207: Application time: 0.0305400 seconds
68.208: [GC [PSYoungGen: 20380K->2512K(20480K)] 54605K->40832K(66560K), 0.0017340 secs] [Times: user=0.01 sys=0.00, real=0.00 secs] 
68.209: Total time for which application threads were stopped: 0.0018760 seconds, Stopping threads took: 0.0000730 seconds
68.244: Application time: 0.0342330 seconds
68.244: [GC [PSYoungGen: 19568K->2496K(20480K)] 57888K->41840K(66560K), 0.0010440 secs] [Times: user=0.01 sys=0.00, real=0.00 secs] 
68.245: Total time for which application threads were stopped: 0.0011700 seconds, Stopping threads took: 0.0000640 seconds
68.273: Application time: 0.0286400 seconds
68.274: [GC [PSYoungGen: 20416K->2512K(20480K)] 59760K->46976K(66560K), 0.0020830 secs] [Times: user=0.01 sys=0.00, real=0.00 secs] 
68.276: [Full GC [PSYoungGen: 2512K->0K(20480K)] [ParOldGen: 44464K->10674K(46080K)] 46976K->10674K(66560K) [PSPermGen: 5498K->5498K(21504K)], 0.0066330 secs] [Times: user=0.03 sys=0.00, real=0.01 secs] 
68.282: Total time for which application threads were stopped: 0.0089060 seconds, Stopping threads took: 0.0000620 seconds
68.318: Application time: 0.0354780 seconds
68.318: [GC [PSYoungGen: 17919K->2304K(20480K)] 28594K->17075K(66560K), 0.0017770 secs] [Times: user=0.01 sys=0.00, real=0.01 secs] 
68.320: Total time for which application threads were stopped: 0.0019170 seconds, Stopping threads took: 0.0000680 seconds
68.348: Application time: 0.0283510 seconds
68.348: [GC [PSYoungGen: 19322K->2304K(20480K)] 34093K->22195K(66560K), 0.0019830 secs] [Times: user=0.01 sys=0.00, real=0.00 secs] 
68.350: Total time for which application threads were stopped: 0.0021240 seconds, Stopping threads took: 0.0000700 seconds
68.386: Application time: 0.0355750 seconds
68.387: [GC [PSYoungGen: 20204K->2304K(20480K)] 40095K->26291K(66560K), 0.0017580 secs] [Times: user=0.01 sys=0.00, real=0.00 secs] 
68.388: Total time for which application threads were stopped: 0.0025430 seconds, Stopping threads took: 0.0007140 seconds
68.419: Application time: 0.0306040 seconds
68.419: [GC [PSYoungGen: 19467K->2304K(20480K)] 43454K->30387K(66560K), 0.0017360 secs] [Times: user=0.01 sys=0.00, real=0.00 secs] 
68.421: Total time for which application threads were stopped: 0.0018930 seconds, Stopping threads took: 0.0000830 seconds
68.457: Application time: 0.0361980 seconds
68.459: [GC [PSYoungGen: 20182K->2240K(20480K)] 48265K->33395K(66560K), 0.0015400 secs] [Times: user=0.01 sys=0.01, real=0.00 secs] 
68.460: Total time for which application threads were stopped: 0.0031330 seconds, Stopping threads took: 0.0015220 seconds
68.490: Application time: 0.0303110 seconds
68.491: [GC [PSYoungGen: 19421K->2304K(20480K)] 50577K->37555K(66560K), 0.0016800 secs] [Times: user=0.01 sys=0.00, real=0.00 secs] 
68.492: Total time for which application threads were stopped: 0.0018140 seconds, Stopping threads took: 0.0000670 seconds
68.526: Application time: 0.0333660 seconds
68.526: [GC [PSYoungGen: 20067K->2304K(20480K)] 55318K->40627K(66560K), 0.0015140 secs] [Times: user=0.01 sys=0.00, real=0.00 secs] 
68.527: Total time for which application threads were stopped: 0.0016570 seconds, Stopping threads took: 0.0000750 seconds
68.557: Application time: 0.0300050 seconds
68.557: [GC [PSYoungGen: 19501K->2304K(20480K)] 57824K->44723K(66560K), 0.0017860 secs] [Times: user=0.01 sys=0.00, real=0.01 secs] 
68.559: [Full GC [PSYoungGen: 2304K->0K(20480K)] [ParOldGen: 42419K->9665K(46080K)] 44723K->9665K(66560K) [PSPermGen: 5498K->5498K(21504K)], 0.0061290 secs] [Times: user=0.02 sys=0.00, real=0.00 secs] 
68.565: Total time for which application threads were stopped: 0.0080930 seconds, Stopping threads took: 0.0000640 seconds
68.600: Application time: 0.0343360 seconds
68.600: [GC [PSYoungGen: 17731K->2304K(20480K)] 27397K->16065K(66560K), 0.0016690 secs] [Times: user=0.01 sys=0.00, real=0.00 secs] 
68.602: Total time for which application threads were stopped: 0.0018100 seconds, Stopping threads took: 0.0000740 seconds
68.633: Application time: 0.0310610 seconds
68.633: [GC [PSYoungGen: 19592K->2304K(20480K)] 33354K->20161K(66560K), 0.0017130 secs] [Times: user=0.00 sys=0.01, real=0.00 secs] 
68.634: Total time for which application threads were stopped: 0.0018590 seconds, Stopping threads took: 0.0000640 seconds
68.664: Application time: 0.0297250 seconds
68.664: [GC [PSYoungGen: 19856K->2304K(20480K)] 37713K->24257K(66560K), 0.0018010 secs] [Times: user=0.01 sys=0.00, real=0.00 secs] 
68.666: Total time for which application threads were stopped: 0.0019360 seconds, Stopping threads took: 0.0000640 seconds
68.701: Application time: 0.0347750 seconds
68.701: [GC [PSYoungGen: 19717K->2304K(20480K)] 41671K->28353K(66560K), 0.0016960 secs] [Times: user=0.01 sys=0.00, real=0.00 secs] 
68.703: Total time for which application threads were stopped: 0.0018470 seconds, Stopping threads took: 0.0000800 seconds
68.733: Application time: 0.0302350 seconds
68.733: [GC [PSYoungGen: 19925K->2304K(20480K)] 45975K->32449K(66560K), 0.0018160 secs] [Times: user=0.01 sys=0.00, real=0.00 secs] 
68.735: Total time for which application threads were stopped: 0.0019670 seconds, Stopping threads took: 0.0000730 seconds
68.768: Application time: 0.0333610 seconds
68.771: [GC [PSYoungGen: 19681K->2304K(20480K)] 49827K->36545K(66560K), 0.0018770 secs] [Times: user=0.01 sys=0.00, real=0.00 secs] 
68.772: Total time for which application threads were stopped: 0.0041060 seconds, Stopping threads took: 0.0021590 seconds
68.805: Application time: 0.0326000 seconds
68.805: [GC [PSYoungGen: 19257K->2368K(20480K)] 53498K->39681K(66560K), 0.0014890 secs] [Times: user=0.01 sys=0.00, real=0.00 secs] 
68.807: Total time for which application threads were stopped: 0.0016240 seconds, Stopping threads took: 0.0000640 seconds
68.841: Application time: 0.0339360 seconds
68.841: [GC [PSYoungGen: 20079K->2480K(20480K)] 57392K->42865K(66560K), 0.0015250 secs] [Times: user=0.01 sys=0.00, real=0.00 secs] 
68.842: Total time for which application threads were stopped: 0.0016630 seconds, Stopping threads took: 0.0000690 seconds
68.873: Application time: 0.0311510 seconds
68.874: [GC [PSYoungGen: 20152K->2496K(20480K)] 60538K->46977K(66560K), 0.0017910 secs] [Times: user=0.01 sys=0.00, real=0.00 secs] 
68.875: [Full GC [PSYoungGen: 2496K->0K(20480K)] [ParOldGen: 44481K->9646K(46080K)] 46977K->9646K(66560K) [PSPermGen: 5498K->5498K(21504K)], 0.0061370 secs] [Times: user=0.02 sys=0.00, real=0.01 secs] 
68.882: Total time for which application threads were stopped: 0.0081280 seconds, Stopping threads took: 0.0000810 seconds
68.915: Application time: 0.0335790 seconds
68.915: [GC [PSYoungGen: 17438K->2336K(20480K)] 27084K->16078K(66560K), 0.0017860 secs] [Times: user=0.01 sys=0.00, real=0.00 secs] 
68.917: Total time for which application threads were stopped: 0.0019220 seconds, Stopping threads took: 0.0000700 seconds
68.948: Application time: 0.0312440 seconds
68.948: [GC [PSYoungGen: 20013K->2336K(20480K)] 33756K->20174K(66560K), 0.0018230 secs] [Times: user=0.01 sys=0.00, real=0.00 secs] 
68.950: Total time for which application threads were stopped: 0.0019740 seconds, Stopping threads took: 0.0000720 seconds
68.985: Application time: 0.0348970 seconds
68.985: [GC [PSYoungGen: 19687K->2320K(20480K)] 37526K->23230K(66560K), 0.0015090 secs] [Times: user=0.01 sys=0.00, real=0.00 secs] 
68.987: Total time for which application threads were stopped: 0.0016480 seconds, Stopping threads took: 0.0000680 seconds
69.017: Application time: 0.0306350 seconds
69.018: [GC [PSYoungGen: 19968K->2336K(20480K)] 40879K->27342K(66560K), 0.0016410 secs] [Times: user=0.01 sys=0.00, real=0.01 secs] 
69.019: Total time for which application threads were stopped: 0.0017860 seconds, Stopping threads took: 0.0000750 seconds
69.055: Application time: 0.0353970 seconds
69.055: [GC [PSYoungGen: 19734K->2320K(20480K)] 44741K->30398K(66560K), 0.0014790 secs] [Times: user=0.01 sys=0.00, real=0.00 secs] 
69.056: Total time for which application threads were stopped: 0.0016160 seconds, Stopping threads took: 0.0000690 seconds
69.084: Application time: 0.0280690 seconds
69.084: [GC [PSYoungGen: 19809K->2304K(20480K)] 47887K->33454K(66560K), 0.0014050 secs] [Times: user=0.00 sys=0.00, real=0.00 secs] 
69.086: Total time for which application threads were stopped: 0.0015340 seconds, Stopping threads took: 0.0000640 seconds
69.123: Application time: 0.0367860 seconds
69.123: [GC [PSYoungGen: 19745K->2320K(20480K)] 50895K->35518K(66560K), 0.0012080 secs] [Times: user=0.01 sys=0.00, real=0.00 secs] 
69.124: Total time for which application threads were stopped: 0.0013440 seconds, Stopping threads took: 0.0000690 seconds
69.151: Application time: 0.0274700 seconds
69.152: [GC [PSYoungGen: 19796K->2304K(20480K)] 52995K->38574K(66560K), 0.0014400 secs] [Times: user=0.01 sys=0.00, real=0.00 secs] 
69.153: Total time for which application threads were stopped: 0.0015790 seconds, Stopping threads took: 0.0000680 seconds
69.187: Application time: 0.0339280 seconds
69.187: [GC [PSYoungGen: 19296K->2288K(20480K)] 55567K->40606K(66560K), 0.0012970 secs] [Times: user=0.01 sys=0.00, real=0.00 secs] 
69.188: Total time for which application threads were stopped: 0.0014340 seconds, Stopping threads took: 0.0000620 seconds
69.219: Application time: 0.0305040 seconds
69.219: [GC [PSYoungGen: 19219K->2336K(20480K)] 57538K->44750K(66560K), 0.0017180 secs] [Times: user=0.01 sys=0.00, real=0.00 secs] 
69.221: [Full GC [PSYoungGen: 2336K->0K(20480K)] [ParOldGen: 42414K->9648K(46080K)] 44750K->9648K(66560K) [PSPermGen: 5498K->5498K(21504K)], 0.0061010 secs] [Times: user=0.02 sys=0.00, real=0.00 secs] 
69.227: Total time for which application threads were stopped: 0.0079980 seconds, Stopping threads took: 0.0000670 seconds
69.262: Application time: 0.0354490 seconds
69.262: [GC [PSYoungGen: 17051K->2304K(20480K)] 26700K->14000K(66560K), 0.0011260 secs] [Times: user=0.01 sys=0.00, real=0.00 secs] 
69.264: Total time for which application threads were stopped: 0.0012560 seconds, Stopping threads took: 0.0000620 seconds
69.292: Application time: 0.0287250 seconds
69.292: [GC [PSYoungGen: 20224K->2304K(20480K)] 31920K->19120K(66560K), 0.0019480 secs] [Times: user=0.01 sys=0.00, real=0.00 secs] 
69.294: Total time for which application threads were stopped: 0.0020910 seconds, Stopping threads took: 0.0000630 seconds
69.329: Application time: 0.0349670 seconds
69.330: [GC [PSYoungGen: 20224K->2304K(20480K)] 37040K->23216K(66560K), 0.0017260 secs] [Times: user=0.01 sys=0.00, real=0.01 secs] 
69.331: Total time for which application threads were stopped: 0.0018790 seconds, Stopping threads took: 0.0000780 seconds
69.363: Application time: 0.0315870 seconds
69.363: [GC [PSYoungGen: 19481K->2272K(20480K)] 40393K->27280K(66560K), 0.0017750 secs] [Times: user=0.01 sys=0.00, real=0.00 secs] 
69.365: Total time for which application threads were stopped: 0.0019180 seconds, Stopping threads took: 0.0000730 seconds
69.398: Application time: 0.0332540 seconds
69.398: [GC [PSYoungGen: 20069K->2320K(20480K)] 45078K->31424K(66560K), 0.0017440 secs] [Times: user=0.01 sys=0.00, real=0.01 secs] 
69.400: Total time for which application threads were stopped: 0.0018900 seconds, Stopping threads took: 0.0000750 seconds
69.431: Application time: 0.0310640 seconds
69.431: [GC [PSYoungGen: 19459K->2304K(20480K)] 48563K->34480K(66560K), 0.0013840 secs] [Times: user=0.01 sys=0.00, real=0.00 secs] 
69.433: Total time for which application threads were stopped: 0.0015190 seconds, Stopping threads took: 0.0000680 seconds
69.466: Application time: 0.0333000 seconds
69.466: [GC [PSYoungGen: 19236K->2320K(20480K)] 51413K->37568K(66560K), 0.0014860 secs] [Times: user=0.01 sys=0.01, real=0.00 secs] 
69.468: Total time for which application threads were stopped: 0.0016390 seconds, Stopping threads took: 0.0000750 seconds
69.498: Application time: 0.0303440 seconds
69.498: [GC [PSYoungGen: 19458K->2368K(20480K)] 54707K->39664K(66560K), 0.0012710 secs] [Times: user=0.01 sys=0.00, real=0.01 secs] 
69.499: Total time for which application threads were stopped: 0.0014070 seconds, Stopping threads took: 0.0000710 seconds
69.531: Application time: 0.0320830 seconds
69.531: [GC [PSYoungGen: 19321K->2400K(20480K)] 56617K->43792K(66560K), 0.0016920 secs] [Times: user=0.01 sys=0.00, real=0.00 secs] 
69.533: [Full GC [PSYoungGen: 2400K->0K(20480K)] [ParOldGen: 41392K->9855K(46080K)] 43792K->9855K(66560K) [PSPermGen: 5498K->5498K(21504K)], 0.0060880 secs] [Times: user=0.02 sys=0.00, real=0.01 secs] 
69.539: Total time for which application threads were stopped: 0.0079790 seconds, Stopping threads took: 0.0000820 seconds
69.572: Application time: 0.0328800 seconds
69.572: [GC [PSYoungGen: 17462K->2384K(20480K)] 27318K->14288K(66560K), 0.0013090 secs] [Times: user=0.01 sys=0.00, real=0.00 secs] 
69.574: Total time for which application threads were stopped: 0.0014440 seconds, Stopping threads took: 0.0000720 seconds
69.605: Application time: 0.0312060 seconds
69.605: [GC [PSYoungGen: 19448K->2400K(20480K)] 31352K->17376K(66560K), 0.0015020 secs] [Times: user=0.01 sys=0.00, real=0.00 secs] 
69.607: Total time for which application threads were stopped: 0.0016410 seconds, Stopping threads took: 0.0000690 seconds
69.640: Application time: 0.0337410 seconds
69.640: [GC [PSYoungGen: 20242K->2432K(20480K)] 35218K->20480K(66560K), 0.0015290 secs] [Times: user=0.01 sys=0.00, real=0.00 secs] 
69.642: Total time for which application threads were stopped: 0.0016820 seconds, Stopping threads took: 0.0000830 seconds
69.672: Application time: 0.0295940 seconds
69.672: [GC [PSYoungGen: 20352K->2464K(20480K)] 38400K->24608K(66560K), 0.0017370 secs] [Times: user=0.01 sys=0.00, real=0.00 secs] 
69.673: Total time for which application threads were stopped: 0.0018810 seconds, Stopping threads took: 0.0000680 seconds
69.707: Application time: 0.0337170 seconds
69.711: [GC [PSYoungGen: 19408K->2400K(20480K)] 41552K->27616K(66560K), 0.0016710 secs] [Times: user=0.01 sys=0.00, real=0.00 secs] 
69.712: Total time for which application threads were stopped: 0.0051170 seconds, Stopping threads took: 0.0033770 seconds
69.743: Application time: 0.0306210 seconds
69.743: [GC [PSYoungGen: 19429K->2432K(20480K)] 44646K->30720K(66560K), 0.0016400 secs] [Times: user=0.01 sys=0.00, real=0.00 secs] 
69.745: Total time for which application threads were stopped: 0.0017750 seconds, Stopping threads took: 0.0000640 seconds
69.779: Application time: 0.0341170 seconds
69.779: [GC [PSYoungGen: 20325K->2432K(20480K)] 48613K->33792K(66560K), 0.0014720 secs] [Times: user=0.01 sys=0.00, real=0.00 secs] 
69.780: Total time for which application threads were stopped: 0.0016150 seconds, Stopping threads took: 0.0000780 seconds
69.813: Application time: 0.0326480 seconds
69.813: [GC [PSYoungGen: 19610K->2400K(20480K)] 50970K->36832K(66560K), 0.0015400 secs] [Times: user=0.01 sys=0.00, real=0.00 secs] 
69.815: Total time for which application threads were stopped: 0.0016760 seconds, Stopping threads took: 0.0000670 seconds
69.848: Application time: 0.0330810 seconds
69.848: [GC [PSYoungGen: 20260K->2432K(20480K)] 54692K->39936K(66560K), 0.0015400 secs] [Times: user=0.01 sys=0.00, real=0.00 secs] 
69.849: Total time for which application threads were stopped: 0.0016780 seconds, Stopping threads took: 0.0000700 seconds
69.882: Application time: 0.0323020 seconds
69.882: [GC [PSYoungGen: 19598K->2384K(20480K)] 57102K->43984K(66560K), 0.0018960 secs] [Times: user=0.01 sys=0.00, real=0.00 secs] 
69.884: [Full GC [PSYoungGen: 2384K->0K(20480K)] [ParOldGen: 41600K->9662K(46080K)] 43984K->9662K(66560K) [PSPermGen: 5498K->5498K(21504K)], 0.0060540 secs] [Times: user=0.02 sys=0.00, real=0.00 secs] 
69.890: Total time for which application threads were stopped: 0.0081510 seconds, Stopping threads took: 0.0000850 seconds
69.924: Application time: 0.0336440 seconds
69.924: [GC [PSYoungGen: 17869K->2304K(20480K)] 27532K->14015K(66560K), 0.0011820 secs] [Times: user=0.01 sys=0.00, real=0.00 secs] 
69.925: Total time for which application threads were stopped: 0.0013210 seconds, Stopping threads took: 0.0000700 seconds
69.956: Application time: 0.0311330 seconds
69.956: [GC [PSYoungGen: 19408K->2304K(20480K)] 31119K->18111K(66560K), 0.0017280 secs] [Times: user=0.01 sys=0.00, real=0.00 secs] 
69.958: Total time for which application threads were stopped: 0.0018750 seconds, Stopping threads took: 0.0000800 seconds
69.993: Application time: 0.0353150 seconds
69.995: [GC [PSYoungGen: 20224K->2304K(20480K)] 36031K->20159K(66560K), 0.0011450 secs] [Times: user=0.00 sys=0.00, real=0.00 secs] 
69.996: Total time for which application threads were stopped: 0.0025010 seconds, Stopping threads took: 0.0012790 seconds
70.027: Application time: 0.0312100 seconds
70.027: [GC [PSYoungGen: 19450K->2272K(20480K)] 37305K->24223K(66560K), 0.0017320 secs] [Times: user=0.01 sys=0.00, real=0.00 secs] 
70.029: Total time for which application threads were stopped: 0.0018620 seconds, Stopping threads took: 0.0000620 seconds
70.058: Application time: 0.0290520 seconds
70.058: [GC [PSYoungGen: 19887K->2304K(20480K)] 41838K->28351K(66560K), 0.0017510 secs] [Times: user=0.01 sys=0.00, real=0.01 secs] 
70.060: Total time for which application threads were stopped: 0.0019050 seconds, Stopping threads took: 0.0000840 seconds
70.093: Application time: 0.0336720 seconds
70.094: [GC [PSYoungGen: 19602K->2304K(20480K)] 45649K->32447K(66560K), 0.0017380 secs] [Times: user=0.01 sys=0.00, real=0.00 secs] 
70.095: Total time for which application threads were stopped: 0.0018730 seconds, Stopping threads took: 0.0000660 seconds
70.128: Application time: 0.0326660 seconds
70.128: [GC [PSYoungGen: 20073K->2304K(20480K)] 50216K->35519K(66560K), 0.0014760 secs] [Times: user=0.01 sys=0.00, real=0.00 secs] 
70.130: Total time for which application threads were stopped: 0.0016140 seconds, Stopping threads took: 0.0000680 seconds
70.163: Application time: 0.0331270 seconds
70.163: [GC [PSYoungGen: 19529K->2272K(20480K)] 52745K->38559K(66560K), 0.0014380 secs] [Times: user=0.01 sys=0.00, real=0.00 secs] 
70.164: Total time for which application threads were stopped: 0.0015660 seconds, Stopping threads took: 0.0000570 seconds
70.195: Application time: 0.0309630 seconds
70.195: [GC [PSYoungGen: 20085K->2272K(20480K)] 56373K->41631K(66560K), 0.0015050 secs] [Times: user=0.01 sys=0.00, real=0.00 secs] 
70.197: Total time for which application threads were stopped: 0.0016440 seconds, Stopping threads took: 0.0000730 seconds
70.229: Application time: 0.0325540 seconds
70.230: [GC [PSYoungGen: 19542K->2336K(20480K)] 58902K->44767K(66560K), 0.0015370 secs] [Times: user=0.01 sys=0.00, real=0.01 secs] 
70.231: [Full GC [PSYoungGen: 2336K->0K(20480K)] [ParOldGen: 42431K->8930K(46080K)] 44767K->8930K(66560K) [PSPermGen: 5498K->5498K(21504K)], 0.0058870 secs] [Times: user=0.02 sys=0.00, real=0.00 secs] 
70.237: Total time for which application threads were stopped: 0.0076120 seconds, Stopping threads took: 0.0000740 seconds
70.269: Application time: 0.0314730 seconds
70.269: [GC [PSYoungGen: 16941K->2336K(20480K)] 25872K->14338K(66560K), 0.0014460 secs] [Times: user=0.01 sys=0.00, real=0.00 secs] 
70.270: Total time for which application threads were stopped: 0.0015710 seconds, Stopping threads took: 0.0000610 seconds
70.303: Application time: 0.0329590 seconds
70.303: [GC [PSYoungGen: 19911K->2416K(20480K)] 31914K->16466K(66560K), 0.0012250 secs] [Times: user=0.00 sys=0.00, real=0.00 secs] 
70.304: Total time for which application threads were stopped: 0.0013540 seconds, Stopping threads took: 0.0000650 seconds
70.335: Application time: 0.0303680 seconds
70.335: [GC [PSYoungGen: 20167K->2432K(20480K)] 34218K->20578K(66560K), 0.0017570 secs] [Times: user=0.02 sys=0.00, real=0.00 secs] 
70.337: Total time for which application threads were stopped: 0.0019130 seconds, Stopping threads took: 0.0000850 seconds
70.371: Application time: 0.0340920 seconds
70.371: [GC [PSYoungGen: 19598K->2416K(20480K)] 37745K->23634K(66560K), 0.0015690 secs] [Times: user=0.01 sys=0.00, real=0.00 secs] 
70.373: Total time for which application threads were stopped: 0.0016960 seconds, Stopping threads took: 0.0000600 seconds
70.403: Application time: 0.0304770 seconds
70.407: [GC [PSYoungGen: 20258K->2464K(20480K)] 41477K->27779K(66560K), 0.0017540 secs] [Times: user=0.01 sys=0.00, real=0.00 secs] 
70.408: Total time for which application threads were stopped: 0.0053170 seconds, Stopping threads took: 0.0034920 seconds
70.442: Application time: 0.0337540 seconds
70.442: [GC [PSYoungGen: 19572K->2464K(20480K)] 44887K->31875K(66560K), 0.0018410 secs] [Times: user=0.01 sys=0.00, real=0.00 secs] 
70.444: Total time for which application threads were stopped: 0.0020040 seconds, Stopping threads took: 0.0000930 seconds
70.476: Application time: 0.0323510 seconds
70.477: [GC [PSYoungGen: 20384K->2448K(20480K)] 49795K->34931K(66560K), 0.0014510 secs] [Times: user=0.01 sys=0.00, real=0.00 secs] 
70.478: Total time for which application threads were stopped: 0.0015970 seconds, Stopping threads took: 0.0000790 seconds
70.512: Application time: 0.0340400 seconds
70.512: [GC [PSYoungGen: 19558K->2448K(20480K)] 52041K->38003K(66560K), 0.0016130 secs] [Times: user=0.01 sys=0.00, real=0.00 secs] 
70.514: Total time for which application threads were stopped: 0.0017670 seconds, Stopping threads took: 0.0000770 seconds
70.542: Application time: 0.0281950 seconds
70.542: [GC [PSYoungGen: 20206K->2464K(20480K)] 55761K->42115K(66560K), 0.0018750 secs] [Times: user=0.01 sys=0.00, real=0.00 secs] 
70.544: Total time for which application threads were stopped: 0.0020190 seconds, Stopping threads took: 0.0000740 seconds
70.581: Application time: 0.0366780 seconds
70.581: [GC [PSYoungGen: 19644K->2432K(20480K)] 59295K->45155K(66560K), 0.0014900 secs] [Times: user=0.01 sys=0.00, real=0.00 secs] 
70.582: [Full GC [PSYoungGen: 2432K->0K(20480K)] [ParOldGen: 42723K->8625K(46080K)] 45155K->8625K(66560K) [PSPermGen: 5498K->5498K(21504K)], 0.0059930 secs] [Times: user=0.03 sys=0.00, real=0.00 secs] 
70.588: Total time for which application threads were stopped: 0.0076600 seconds, Stopping threads took: 0.0000640 seconds
70.618: Application time: 0.0299720 seconds
70.619: [GC [PSYoungGen: 17892K->2304K(20480K)] 26518K->14001K(66560K), 0.0015140 secs] [Times: user=0.01 sys=0.00, real=0.00 secs] 
70.620: Total time for which application threads were stopped: 0.0016670 seconds, Stopping threads took: 0.0000870 seconds
70.654: Application time: 0.0342030 seconds
70.654: [GC [PSYoungGen: 19369K->2240K(20480K)] 31067K->17009K(66560K), 0.0015480 secs] [Times: user=0.00 sys=0.00, real=0.00 secs] 
70.656: Total time for which application threads were stopped: 0.0016880 seconds, Stopping threads took: 0.0000740 seconds
70.689: Application time: 0.0325620 seconds
70.689: [GC [PSYoungGen: 20135K->2304K(20480K)] 34905K->19121K(66560K), 0.0011580 secs] [Times: user=0.00 sys=0.00, real=0.00 secs] 
70.690: Total time for which application threads were stopped: 0.0012910 seconds, Stopping threads took: 0.0000680 seconds
70.724: Application time: 0.0341530 seconds
70.724: [GC [PSYoungGen: 19448K->2304K(20480K)] 36266K->21170K(66560K), 0.0011430 secs] [Times: user=0.01 sys=0.00, real=0.00 secs] 
70.725: Total time for which application threads were stopped: 0.0012740 seconds, Stopping threads took: 0.0000690 seconds
70.752: Application time: 0.0267840 seconds
70.752: [GC [PSYoungGen: 20062K->2304K(20480K)] 38928K->25266K(66560K), 0.0017770 secs] [Times: user=0.01 sys=0.00, real=0.00 secs] 
70.754: Total time for which application threads were stopped: 0.0019240 seconds, Stopping threads took: 0.0000780 seconds
70.788: Application time: 0.0344790 seconds
70.789: [GC [PSYoungGen: 20224K->2304K(20480K)] 43186K->29362K(66560K), 0.0017550 secs] [Times: user=0.01 sys=0.00, real=0.00 secs] 
70.790: Total time for which application threads were stopped: 0.0019070 seconds, Stopping threads took: 0.0000810 seconds
70.823: Application time: 0.0323370 seconds
70.823: [GC [PSYoungGen: 19401K->2240K(20480K)] 46459K->32370K(66560K), 0.0015540 secs] [Times: user=0.01 sys=0.00, real=0.00 secs] 
70.824: Total time for which application threads were stopped: 0.0017000 seconds, Stopping threads took: 0.0000750 seconds
70.858: Application time: 0.0332240 seconds
70.858: [GC [PSYoungGen: 20153K->2304K(20480K)] 50283K->36530K(66560K), 0.0017740 secs] [Times: user=0.01 sys=0.00, real=0.01 secs] 
70.860: Total time for which application threads were stopped: 0.0019410 seconds, Stopping threads took: 0.0000950 seconds
70.892: Application time: 0.0326850 seconds
70.895: [GC [PSYoungGen: 19431K->2272K(20480K)] 53658K->39570K(66560K), 0.0014240 secs] [Times: user=0.01 sys=0.00, real=0.00 secs] 
70.896: Total time for which application threads were stopped: 0.0037830 seconds, Stopping threads took: 0.0022910 seconds
70.928: Application time: 0.0320140 seconds
70.928: [GC [PSYoungGen: 20192K->2336K(20480K)] 57490K->42706K(66560K), 0.0014900 secs] [Times: user=0.01 sys=0.00, real=0.00 secs] 
70.930: Total time for which application threads were stopped: 0.0016480 seconds, Stopping threads took: 0.0000890 seconds
70.964: Application time: 0.0344520 seconds
70.964: [GC [PSYoungGen: 19787K->2352K(20480K)] 60157K->44770K(66560K), 0.0011590 secs] [Times: user=0.01 sys=0.00, real=0.00 secs] 
70.965: [Full GC [PSYoungGen: 2352K->0K(20480K)] [ParOldGen: 42418K->7941K(46080K)] 44770K->7941K(66560K) [PSPermGen: 5498K->5498K(21504K)], 0.0056290 secs] [Times: user=0.02 sys=0.00, real=0.01 secs] 
70.971: Total time for which application threads were stopped: 0.0069710 seconds, Stopping threads took: 0.0000670 seconds
71.002: Application time: 0.0304260 seconds
71.002: [GC [PSYoungGen: 17091K->2336K(20480K)] 25033K->12325K(66560K), 0.0012150 secs] [Times: user=0.00 sys=0.00, real=0.00 secs] 
71.003: Total time for which application threads were stopped: 0.0013630 seconds, Stopping threads took: 0.0000860 seconds
71.036: Application time: 0.0334370 seconds
71.036: [GC [PSYoungGen: 19647K->2400K(20480K)] 29636K->13413K(66560K), 0.0009880 secs] [Times: user=0.01 sys=0.00, real=0.00 secs] 
71.038: Total time for which application threads were stopped: 0.0011530 seconds, Stopping threads took: 0.0000910 seconds
71.070: Application time: 0.0327020 seconds
71.070: [GC [PSYoungGen: 20320K->2384K(20480K)] 31333K->15445K(66560K), 0.0012760 secs] [Times: user=0.01 sys=0.00, real=0.01 secs] 
71.072: Total time for which application threads were stopped: 0.0014410 seconds, Stopping threads took: 0.0000940 seconds
71.103: Application time: 0.0313280 seconds
71.103: [GC [PSYoungGen: 19377K->2416K(20480K)] 32438K->18549K(66560K), 0.0014670 secs] [Times: user=0.01 sys=0.00, real=0.00 secs] 
71.105: Total time for which application threads were stopped: 0.0016110 seconds, Stopping threads took: 0.0000740 seconds
71.137: Application time: 0.0325000 seconds
71.137: [GC [PSYoungGen: 19322K->2432K(20480K)] 35456K->20613K(66560K), 0.0012080 secs] [Times: user=0.01 sys=0.00, real=0.00 secs] 
71.138: Total time for which application threads were stopped: 0.0013470 seconds, Stopping threads took: 0.0000770 seconds
71.168: Application time: 0.0298110 seconds
71.168: [GC [PSYoungGen: 19351K->2384K(20480K)] 37532K->24661K(66560K), 0.0017930 secs] [Times: user=0.01 sys=0.00, real=0.00 secs] 
71.170: Total time for which application threads were stopped: 0.0019290 seconds, Stopping threads took: 0.0000710 seconds
71.204: Application time: 0.0333790 seconds
71.204: [GC [PSYoungGen: 20301K->2400K(20480K)] 42579K->27749K(66560K), 0.0014260 secs] [Times: user=0.01 sys=0.00, real=0.00 secs] 
71.205: Total time for which application threads were stopped: 0.0015590 seconds, Stopping threads took: 0.0000650 seconds
71.235: Application time: 0.0299080 seconds
71.235: [GC [PSYoungGen: 19422K->2448K(20480K)] 44771K->31893K(66560K), 0.0017930 secs] [Times: user=0.01 sys=0.00, real=0.00 secs] 
71.237: Total time for which application threads were stopped: 0.0019350 seconds, Stopping threads took: 0.0000740 seconds
71.268: Application time: 0.0311470 seconds
71.271: [GC [PSYoungGen: 20190K->2400K(20480K)] 49636K->35941K(66560K), 0.0018480 secs] [Times: user=0.01 sys=0.00, real=0.00 secs] 
71.272: Total time for which application threads were stopped: 0.0042850 seconds, Stopping threads took: 0.0023720 seconds
71.308: Application time: 0.0352940 seconds
71.308: [GC [PSYoungGen: 19720K->2480K(20480K)] 53262K->39093K(66560K), 0.0015250 secs] [Times: user=0.01 sys=0.00, real=0.00 secs] 
71.309: Total time for which application threads were stopped: 0.0016540 seconds, Stopping threads took: 0.0000580 seconds
71.341: Application time: 0.0311410 seconds
71.341: [GC [PSYoungGen: 20214K->2352K(20480K)] 56828K->43061K(66560K), 0.0018000 secs] [Times: user=0.01 sys=0.00, real=0.00 secs] 
71.342: Total time for which application threads were stopped: 0.0019360 seconds, Stopping threads took: 0.0000710 seconds
71.375: Application time: 0.0322430 seconds
71.375: [GC [PSYoungGen: 19520K->2352K(20480K)] 60230K->46133K(66560K), 0.0015770 secs] [Times: user=0.01 sys=0.00, real=0.00 secs] 
71.376: [Full GC [PSYoungGen: 2352K->0K(20480K)] [ParOldGen: 43781K->8633K(46080K)] 46133K->8633K(66560K) [PSPermGen: 5498K->5498K(21504K)], 0.0062760 secs] [Times: user=0.02 sys=0.00, real=0.01 secs] 
71.383: Total time for which application threads were stopped: 0.0080280 seconds, Stopping threads took: 0.0000610 seconds
71.415: Application time: 0.0318390 seconds
71.415: [GC [PSYoungGen: 17842K->2304K(20480K)] 26475K->15033K(66560K), 0.0017810 secs] [Times: user=0.01 sys=0.00, real=0.00 secs] 
71.416: Total time for which application threads were stopped: 0.0019080 seconds, Stopping threads took: 0.0000580 seconds
71.450: Application time: 0.0331380 seconds
71.450: [GC [PSYoungGen: 19433K->2304K(20480K)] 32162K->19129K(66560K), 0.0017300 secs] [Times: user=0.02 sys=0.00, real=0.01 secs] 
71.451: Total time for which application threads were stopped: 0.0018730 seconds, Stopping threads took: 0.0000660 seconds
71.482: Application time: 0.0309010 seconds
71.483: [GC [PSYoungGen: 20140K->2272K(20480K)] 36966K->24217K(66560K), 0.0020080 secs] [Times: user=0.01 sys=0.00, real=0.00 secs] 
71.485: Total time for which application threads were stopped: 0.0021640 seconds, Stopping threads took: 0.0000890 seconds
71.520: Application time: 0.0349970 seconds
71.520: [GC [PSYoungGen: 19519K->2304K(20480K)] 41465K->28345K(66560K), 0.0017260 secs] [Times: user=0.01 sys=0.00, real=0.00 secs] 
71.521: Total time for which application threads were stopped: 0.0018710 seconds, Stopping threads took: 0.0000750 seconds
71.550: Application time: 0.0290230 seconds
71.551: [GC [PSYoungGen: 19983K->2272K(20480K)] 46025K->32409K(66560K), 0.0018410 secs] [Times: user=0.01 sys=0.00, real=0.00 secs] 
71.552: Total time for which application threads were stopped: 0.0020170 seconds, Stopping threads took: 0.0000930 seconds
71.588: Application time: 0.0356580 seconds
71.588: [GC [PSYoungGen: 19555K->2304K(20480K)] 49692K->36537K(66560K), 0.0017440 secs] [Times: user=0.01 sys=0.00, real=0.00 secs] 
71.590: Total time for which application threads were stopped: 0.0018910 seconds, Stopping threads took: 0.0000790 seconds
71.620: Application time: 0.0300580 seconds
71.620: [GC [PSYoungGen: 20071K->2304K(20480K)] 54305K->40633K(66560K), 0.0017880 secs] [Times: user=0.01 sys=0.00, real=0.00 secs] 
71.622: Total time for which application threads were stopped: 0.0019590 seconds, Stopping threads took: 0.0001010 seconds
71.657: Application time: 0.0351010 seconds
71.657: [GC [PSYoungGen: 19666K->2336K(20480K)] 57996K->44761K(66560K), 0.0017750 secs] [Times: user=0.01 sys=0.00, real=0.01 secs] 
71.659: [Full GC [PSYoungGen: 2336K->0K(20480K)] [ParOldGen: 42425K->9910K(46080K)] 44761K->9910K(66560K) [PSPermGen: 5498K->5498K(21504K)], 0.0060850 secs] [Times: user=0.03 sys=0.00, real=0.00 secs] 
71.665: Total time for which application threads were stopped: 0.0080440 seconds, Stopping threads took: 0.0000680 seconds
71.695: Application time: 0.0299460 seconds
71.695: [GC [PSYoungGen: 16945K->2368K(20480K)] 26855K->16374K(66560K), 0.0017620 secs] [Times: user=0.01 sys=0.00, real=0.00 secs] 
71.697: Total time for which application threads were stopped: 0.0018930 seconds, Stopping threads took: 0.0000590 seconds
71.731: Application time: 0.0336600 seconds
71.731: [GC [PSYoungGen: 19893K->2432K(20480K)] 33899K->18486K(66560K), 0.0012300 secs] [Times: user=0.01 sys=0.00, real=0.00 secs] 
71.732: Total time for which application threads were stopped: 0.0013720 seconds, Stopping threads took: 0.0000780 seconds
71.763: Application time: 0.0309640 seconds
71.763: [GC [PSYoungGen: 19342K->2496K(20480K)] 35397K->21622K(66560K), 0.0014340 secs] [Times: user=0.01 sys=0.00, real=0.00 secs] 
71.765: Total time for which application threads were stopped: 0.0015720 seconds, Stopping threads took: 0.0000700 seconds
71.797: Application time: 0.0319920 seconds
71.797: [GC [PSYoungGen: 20416K->2464K(20480K)] 39542K->23638K(66560K), 0.0012850 secs] [Times: user=0.00 sys=0.00, real=0.00 secs] 
71.798: Total time for which application threads were stopped: 0.0014150 seconds, Stopping threads took: 0.0000650 seconds
71.828: Application time: 0.0302400 seconds
71.828: [GC [PSYoungGen: 19375K->2512K(20480K)] 40549K->26758K(66560K), 0.0014270 secs] [Times: user=0.00 sys=0.00, real=0.00 secs] 
71.830: Total time for which application threads were stopped: 0.0015730 seconds, Stopping threads took: 0.0000750 seconds
71.864: Application time: 0.0336710 seconds
71.864: [GC [PSYoungGen: 19428K->2496K(20480K)] 43674K->28790K(66560K), 0.0013110 secs] [Times: user=0.01 sys=0.00, real=0.00 secs] 
71.865: Total time for which application threads were stopped: 0.0014490 seconds, Stopping threads took: 0.0000720 seconds
71.894: Application time: 0.0287620 seconds
71.894: [GC [PSYoungGen: 19395K->2480K(20480K)] 45689K->31846K(66560K), 0.0015830 secs] [Times: user=0.01 sys=0.00, real=0.00 secs] 
71.896: Total time for which application threads were stopped: 0.0017770 seconds, Stopping threads took: 0.0001290 seconds
71.931: Application time: 0.0350160 seconds
71.931: [GC [PSYoungGen: 20400K->2432K(20480K)] 49766K->34870K(66560K), 0.0014530 secs] [Times: user=0.01 sys=0.00, real=0.00 secs] 
71.932: Total time for which application threads were stopped: 0.0015710 seconds, Stopping threads took: 0.0000480 seconds
71.964: Application time: 0.0316160 seconds
71.964: [GC [PSYoungGen: 19573K->2448K(20480K)] 52011K->37958K(66560K), 0.0016140 secs] [Times: user=0.01 sys=0.00, real=0.00 secs] 
71.965: Total time for which application threads were stopped: 0.0017530 seconds, Stopping threads took: 0.0000720 seconds
71.998: Application time: 0.0321180 seconds
71.998: [GC [PSYoungGen: 20215K->2480K(20480K)] 55725K->42086K(66560K), 0.0018050 secs] [Times: user=0.01 sys=0.00, real=0.01 secs] 
72.000: Total time for which application threads were stopped: 0.0019450 seconds, Stopping threads took: 0.0000730 seconds
72.033: Application time: 0.0331940 seconds
72.033: [GC [PSYoungGen: 19721K->2480K(20480K)] 59327K->45158K(66560K), 0.0016100 secs] [Times: user=0.01 sys=0.00, real=0.00 secs] 
72.034: [Full GC [PSYoungGen: 2480K->0K(20480K)] [ParOldGen: 42678K->8644K(46080K)] 45158K->8644K(66560K) [PSPermGen: 5498K->5498K(21504K)], 0.0057960 secs] [Times: user=0.03 sys=0.00, real=0.01 secs] 
72.040: Total time for which application threads were stopped: 0.0075940 seconds, Stopping threads took: 0.0000770 seconds
72.072: Application time: 0.0319660 seconds
72.075: [GC [PSYoungGen: 17767K->2304K(20480K)] 26412K->15044K(66560K), 0.0016940 secs] [Times: user=0.01 sys=0.01, real=0.00 secs] 
72.076: Total time for which application threads were stopped: 0.0039830 seconds, Stopping threads took: 0.0022110 seconds
72.110: Application time: 0.0340060 seconds
72.110: [GC [PSYoungGen: 19588K->2304K(20480K)] 32329K->17092K(66560K), 0.0012140 secs] [Times: user=0.00 sys=0.00, real=0.01 secs] 
72.112: Total time for which application threads were stopped: 0.0013850 seconds, Stopping threads took: 0.0001050 seconds
72.139: Application time: 0.0277980 seconds
72.140: [GC [PSYoungGen: 19933K->2304K(20480K)] 34722K->21189K(66560K), 0.0018150 secs] [Times: user=0.01 sys=0.00, real=0.00 secs] 
72.141: Total time for which application threads were stopped: 0.0019580 seconds, Stopping threads took: 0.0000730 seconds
72.172: Application time: 0.0308460 seconds
72.172: [GC [PSYoungGen: 19378K->2272K(20480K)] 38263K->26277K(66560K), 0.0022090 secs] [Times: user=0.01 sys=0.00, real=0.00 secs] 
72.175: Total time for which application threads were stopped: 0.0023660 seconds, Stopping threads took: 0.0000850 seconds
72.209: Application time: 0.0348150 seconds
72.210: [GC [PSYoungGen: 20192K->2272K(20480K)] 44197K->30373K(66560K), 0.0017540 secs] [Times: user=0.01 sys=0.00, real=0.01 secs] 
72.211: Total time for which application threads were stopped: 0.0018940 seconds, Stopping threads took: 0.0000710 seconds
72.243: Application time: 0.0319960 seconds
72.243: [GC [PSYoungGen: 19397K->2208K(20480K)] 47498K->33381K(66560K), 0.0016070 secs] [Times: user=0.01 sys=0.00, real=0.00 secs] 
72.245: Total time for which application threads were stopped: 0.0017610 seconds, Stopping threads took: 0.0000830 seconds
72.280: Application time: 0.0345720 seconds
72.280: [GC [PSYoungGen: 20125K->2272K(20480K)] 51298K->36517K(66560K), 0.0015170 secs] [Times: user=0.01 sys=0.00, real=0.00 secs] 
72.281: Total time for which application threads were stopped: 0.0016520 seconds, Stopping threads took: 0.0000690 seconds
72.313: Application time: 0.0315350 seconds
72.315: [GC [PSYoungGen: 19267K->2304K(20480K)] 53513K->39621K(66560K), 0.0015250 secs] [Times: user=0.01 sys=0.00, real=0.00 secs] 
72.316: Total time for which application threads were stopped: 0.0031830 seconds, Stopping threads took: 0.0015900 seconds
72.346: Application time: 0.0299790 seconds
72.346: [GC [PSYoungGen: 20224K->2304K(20480K)] 57541K->44741K(66560K), 0.0020970 secs] [Times: user=0.01 sys=0.00, real=0.00 secs] 
72.348: [Full GC [PSYoungGen: 2304K->0K(20480K)] [ParOldGen: 42437K->10696K(46080K)] 44741K->10696K(66560K) [PSPermGen: 5498K->5498K(21504K)], 0.0065280 secs] [Times: user=0.03 sys=0.00, real=0.01 secs] 
72.355: Total time for which application threads were stopped: 0.0089160 seconds, Stopping threads took: 0.0001760 seconds
72.391: Application time: 0.0360190 seconds
72.391: [GC [PSYoungGen: 17331K->2320K(20480K)] 28028K->16089K(66560K), 0.0014950 secs] [Times: user=0.01 sys=0.00, real=0.00 secs] 
72.393: Total time for which application threads were stopped: 0.0016250 seconds, Stopping threads took: 0.0000590 seconds
72.423: Application time: 0.0299080 seconds
72.423: [GC [PSYoungGen: 19268K->2368K(20480K)] 33037K->20233K(66560K), 0.0017790 secs] [Times: user=0.01 sys=0.00, real=0.00 secs] 
72.424: Total time for which application threads were stopped: 0.0019450 seconds, Stopping threads took: 0.0000950 seconds
72.459: Application time: 0.0346220 seconds
72.459: [GC [PSYoungGen: 19898K->2464K(20480K)] 37763K->24425K(66560K), 0.0017930 secs] [Times: user=0.01 sys=0.00, real=0.00 secs] 
72.461: Total time for which application threads were stopped: 0.0019360 seconds, Stopping threads took: 0.0000760 seconds
72.492: Application time: 0.0314320 seconds
72.493: [GC [PSYoungGen: 19496K->2464K(20480K)] 41457K->28521K(66560K), 0.0017230 secs] [Times: user=0.01 sys=0.00, real=0.00 secs] 
72.494: Total time for which application threads were stopped: 0.0018710 seconds, Stopping threads took: 0.0000720 seconds
72.527: Application time: 0.0330590 seconds
72.528: [GC [PSYoungGen: 19448K->2512K(20480K)] 45505K->30617K(66560K), 0.0012610 secs] [Times: user=0.01 sys=0.00, real=0.00 secs] 
72.529: Total time for which application threads were stopped: 0.0013910 seconds, Stopping threads took: 0.0000640 seconds
72.560: Application time: 0.0309810 seconds
72.560: [GC [PSYoungGen: 19506K->2496K(20480K)] 47611K->33673K(66560K), 0.0014820 secs] [Times: user=0.01 sys=0.00, real=0.00 secs] 
72.561: Total time for which application threads were stopped: 0.0016090 seconds, Stopping threads took: 0.0000580 seconds
72.596: Application time: 0.0344100 seconds
72.599: [GC [PSYoungGen: 19440K->2496K(20480K)] 50617K->34697K(66560K), 0.0010490 secs] [Times: user=0.01 sys=0.00, real=0.00 secs] 
72.600: Total time for which application threads were stopped: 0.0037950 seconds, Stopping threads took: 0.0026710 seconds
72.627: Application time: 0.0269440 seconds
72.627: [GC [PSYoungGen: 20326K->2496K(20480K)] 52527K->37769K(66560K), 0.0015800 secs] [Times: user=0.02 sys=0.00, real=0.00 secs] 
72.628: Total time for which application threads were stopped: 0.0017540 seconds, Stopping threads took: 0.0001030 seconds
72.665: Application time: 0.0365150 seconds
72.665: [GC [PSYoungGen: 20416K->2528K(20480K)] 55689K->40873K(66560K), 0.0015390 secs] [Times: user=0.01 sys=0.00, real=0.00 secs] 
72.667: Total time for which application threads were stopped: 0.0016770 seconds, Stopping threads took: 0.0000690 seconds
72.695: Application time: 0.0286590 seconds
72.695: [GC [PSYoungGen: 19618K->2544K(20480K)] 57964K->43961K(66560K), 0.0015700 secs] [Times: user=0.01 sys=0.00, real=0.00 secs] 
72.697: [Full GC [PSYoungGen: 2544K->0K(20480K)] [ParOldGen: 41417K->8640K(46080K)] 43961K->8640K(66560K) [PSPermGen: 5498K->5498K(21504K)], 0.0057270 secs] [Times: user=0.02 sys=0.00, real=0.01 secs] 
72.703: Total time for which application threads were stopped: 0.0074910 seconds, Stopping threads took: 0.0000750 seconds
72.739: Application time: 0.0365600 seconds
72.739: [GC [PSYoungGen: 17810K->2320K(20480K)] 26450K->14032K(66560K), 0.0014200 secs] [Times: user=0.01 sys=0.00, real=0.00 secs] 
72.741: Total time for which application threads were stopped: 0.0015590 seconds, Stopping threads took: 0.0000630 seconds
72.771: Application time: 0.0303700 seconds
72.771: [GC [PSYoungGen: 19581K->2304K(20480K)] 31294K->17088K(66560K), 0.0014170 secs] [Times: user=0.01 sys=0.00, real=0.00 secs] 
72.773: Total time for which application threads were stopped: 0.0015440 seconds, Stopping threads took: 0.0000570 seconds
72.807: Application time: 0.0338370 seconds
72.807: [GC [PSYoungGen: 19945K->2272K(20480K)] 34729K->20128K(66560K), 0.0014340 secs] [Times: user=0.01 sys=0.00, real=0.00 secs] 
72.808: Total time for which application threads were stopped: 0.0015690 seconds, Stopping threads took: 0.0000700 seconds
72.839: Application time: 0.0308610 seconds
72.839: [GC [PSYoungGen: 19609K->2304K(20480K)] 37466K->23232K(66560K), 0.0015150 secs] [Times: user=0.01 sys=0.00, real=0.00 secs] 
72.841: Total time for which application threads were stopped: 0.0016600 seconds, Stopping threads took: 0.0000730 seconds
72.871: Application time: 0.0302880 seconds
72.871: [GC [PSYoungGen: 19697K->2272K(20480K)] 40626K->26272K(66560K), 0.0015220 secs] [Times: user=0.01 sys=0.00, real=0.00 secs] 
72.873: Total time for which application threads were stopped: 0.0016580 seconds, Stopping threads took: 0.0000650 seconds
72.909: Application time: 0.0363870 seconds
72.909: [GC [PSYoungGen: 19974K->2304K(20480K)] 43975K->29377K(66560K), 0.0014010 secs] [Times: user=0.01 sys=0.00, real=0.01 secs] 
72.911: Total time for which application threads were stopped: 0.0015360 seconds, Stopping threads took: 0.0000690 seconds
72.939: Application time: 0.0279870 seconds
72.939: [GC [PSYoungGen: 19534K->2272K(20480K)] 46607K->33441K(66560K), 0.0017290 secs] [Times: user=0.01 sys=0.00, real=0.00 secs] 
72.940: Total time for which application threads were stopped: 0.0018690 seconds, Stopping threads took: 0.0000740 seconds
72.979: Application time: 0.0382470 seconds
72.979: [GC [PSYoungGen: 20078K->2272K(20480K)] 51248K->36513K(66560K), 0.0013900 secs] [Times: user=0.01 sys=0.00, real=0.00 secs] 
72.980: Total time for which application threads were stopped: 0.0015180 seconds, Stopping threads took: 0.0000600 seconds
73.008: Application time: 0.0274320 seconds
73.008: [GC [PSYoungGen: 19505K->2208K(20480K)] 53747K->39521K(66560K), 0.0016640 secs] [Times: user=0.00 sys=0.00, real=0.00 secs] 
73.009: Total time for which application threads were stopped: 0.0017870 seconds, Stopping threads took: 0.0000550 seconds
73.044: Application time: 0.0347840 seconds
73.044: [GC [PSYoungGen: 19790K->2304K(20480K)] 57103K->43713K(66560K), 0.0018120 secs] [Times: user=0.02 sys=0.00, real=0.00 secs] 
73.046: Total time for which application threads were stopped: 0.0019520 seconds, Stopping threads took: 0.0000660 seconds
73.075: Application time: 0.0293860 seconds
73.076: [GC [PSYoungGen: 19819K->2336K(20480K)] 61228K->47841K(66560K), 0.0016720 secs] [Times: user=0.01 sys=0.00, real=0.00 secs] 
73.077: [Full GC [PSYoungGen: 2336K->0K(20480K)] [ParOldGen: 45505K->9651K(46080K)] 47841K->9651K(66560K) [PSPermGen: 5498K->5498K(21504K)], 0.0060260 secs] [Times: user=0.03 sys=0.00, real=0.01 secs] 
73.083: Total time for which application threads were stopped: 0.0078810 seconds, Stopping threads took: 0.0000690 seconds
73.120: Application time: 0.0369170 seconds
73.123: [GC [PSYoungGen: 17759K->2304K(20480K)] 27410K->15027K(66560K), 0.0016560 secs] [Times: user=0.01 sys=0.00, real=0.00 secs] 
73.124: Total time for which application threads were stopped: 0.0039410 seconds, Stopping threads took: 0.0022080 seconds
73.150: Application time: 0.0256050 seconds
73.150: [GC [PSYoungGen: 19728K->2368K(20480K)] 32451K->20211K(66560K), 0.0019990 secs] [Times: user=0.01 sys=0.00, real=0.01 secs] 
73.152: Total time for which application threads were stopped: 0.0021380 seconds, Stopping threads took: 0.0000650 seconds
73.190: Application time: 0.0377540 seconds
73.190: [GC [PSYoungGen: 19404K->2496K(20480K)] 37247K->22387K(66560K), 0.0012050 secs] [Times: user=0.00 sys=0.00, real=0.01 secs] 
73.191: Total time for which application threads were stopped: 0.0013520 seconds, Stopping threads took: 0.0000710 seconds
73.215: Application time: 0.0242600 seconds
73.215: [GC [PSYoungGen: 19984K->2528K(20480K)] 39876K->27539K(66560K), 0.0021130 secs] [Times: user=0.01 sys=0.00, real=0.00 secs] 
73.218: Total time for which application threads were stopped: 0.0022520 seconds, Stopping threads took: 0.0000670 seconds
73.257: Application time: 0.0393130 seconds
73.257: [GC [PSYoungGen: 19926K->2496K(20480K)] 44937K->30579K(66560K), 0.0016890 secs] [Times: user=0.01 sys=0.00, real=0.01 secs] 
73.259: Total time for which application threads were stopped: 0.0018930 seconds, Stopping threads took: 0.0001300 seconds
73.286: Application time: 0.0274020 seconds
73.286: [GC [PSYoungGen: 20129K->2480K(20480K)] 48213K->35683K(66560K), 0.0020970 secs] [Times: user=0.01 sys=0.00, real=0.00 secs] 
73.288: Total time for which application threads were stopped: 0.0022510 seconds, Stopping threads took: 0.0000840 seconds
73.328: Application time: 0.0392370 seconds
73.328: [GC [PSYoungGen: 19731K->2512K(20480K)] 52935K->37763K(66560K), 0.0013250 secs] [Times: user=0.00 sys=0.00, real=0.00 secs] 
73.329: Total time for which application threads were stopped: 0.0014600 seconds, Stopping threads took: 0.0000700 seconds
73.355: Application time: 0.0256590 seconds
73.355: [GC [PSYoungGen: 20308K->2480K(20480K)] 55560K->42851K(66560K), 0.0020720 secs] [Times: user=0.01 sys=0.00, real=0.00 secs] 
73.357: [Full GC [PSYoungGen: 2480K->0K(20480K)] [ParOldGen: 40371K->10669K(46080K)] 42851K->10669K(66560K) [PSPermGen: 5498K->5498K(21504K)], 0.0066280 secs] [Times: user=0.03 sys=0.00, real=0.01 secs] 
73.364: Total time for which application threads were stopped: 0.0088780 seconds, Stopping threads took: 0.0000640 seconds
73.403: Application time: 0.0392610 seconds
73.403: [GC [PSYoungGen: 17130K->2304K(20480K)] 27800K->15021K(66560K), 0.0011960 secs] [Times: user=0.01 sys=0.00, real=0.00 secs] 
73.404: Total time for which application threads were stopped: 0.0013230 seconds, Stopping threads took: 0.0000590 seconds
73.430: Application time: 0.0260200 seconds
73.430: [GC [PSYoungGen: 20221K->2304K(20480K)] 32938K->19117K(66560K), 0.0018200 secs] [Times: user=0.01 sys=0.00, real=0.00 secs] 
73.432: Total time for which application threads were stopped: 0.0019810 seconds, Stopping threads took: 0.0000880 seconds
73.470: Application time: 0.0375320 seconds
73.470: [GC [PSYoungGen: 20224K->2304K(20480K)] 37037K->22189K(66560K), 0.0015330 secs] [Times: user=0.01 sys=0.00, real=0.01 secs] 
73.472: Total time for which application threads were stopped: 0.0016700 seconds, Stopping threads took: 0.0000700 seconds
73.500: Application time: 0.0288310 seconds
73.500: [GC [PSYoungGen: 19446K->2240K(20480K)] 39332K->26221K(66560K), 0.0018040 secs] [Times: user=0.01 sys=0.00, real=0.00 secs] 
73.502: Total time for which application threads were stopped: 0.0019620 seconds, Stopping threads took: 0.0000890 seconds
73.539: Application time: 0.0364730 seconds
73.539: [GC [PSYoungGen: 20149K->2304K(20480K)] 44131K->30381K(66560K), 0.0017300 secs] [Times: user=0.01 sys=0.00, real=0.00 secs] 
73.541: Total time for which application threads were stopped: 0.0018770 seconds, Stopping threads took: 0.0000750 seconds
73.572: Application time: 0.0309860 seconds
73.572: [GC [PSYoungGen: 19435K->2240K(20480K)] 47512K->33389K(66560K), 0.0014540 secs] [Times: user=0.01 sys=0.00, real=0.00 secs] 
73.573: Total time for which application threads were stopped: 0.0015800 seconds, Stopping threads took: 0.0000610 seconds
73.608: Application time: 0.0346890 seconds
73.608: [GC [PSYoungGen: 20122K->2304K(20480K)] 51271K->37549K(66560K), 0.0017410 secs] [Times: user=0.01 sys=0.00, real=0.00 secs] 
73.610: Total time for which application threads were stopped: 0.0018900 seconds, Stopping threads took: 0.0000800 seconds
73.640: Application time: 0.0299910 seconds
73.640: [GC [PSYoungGen: 19439K->2304K(20480K)] 54685K->42669K(66560K), 0.0020000 secs] [Times: user=0.01 sys=0.00, real=0.00 secs] 
73.642: [Full GC [PSYoungGen: 2304K->0K(20480K)] [ParOldGen: 40365K->10671K(46080K)] 42669K->10671K(66560K) [PSPermGen: 5498K->5498K(21504K)], 0.0065510 secs] [Times: user=0.03 sys=0.00, real=0.00 secs] 
73.649: Total time for which application threads were stopped: 0.0087550 seconds, Stopping threads took: 0.0000690 seconds
73.685: Application time: 0.0360250 seconds
73.685: [GC [PSYoungGen: 17873K->2304K(20480K)] 28545K->16047K(66560K), 0.0014270 secs] [Times: user=0.01 sys=0.00, real=0.00 secs] 
73.686: Total time for which application threads were stopped: 0.0015570 seconds, Stopping threads took: 0.0000630 seconds
73.715: Application time: 0.0284080 seconds
73.715: [GC [PSYoungGen: 19393K->2304K(20480K)] 33137K->20144K(66560K), 0.0016690 secs] [Times: user=0.01 sys=0.00, real=0.00 secs] 
73.716: Total time for which application threads were stopped: 0.0018130 seconds, Stopping threads took: 0.0000750 seconds
73.752: Application time: 0.0352180 seconds
73.752: [GC [PSYoungGen: 19977K->2272K(20480K)] 37816K->22160K(66560K), 0.0012020 secs] [Times: user=0.00 sys=0.00, real=0.00 secs] 
73.753: Total time for which application threads were stopped: 0.0013300 seconds, Stopping threads took: 0.0000600 seconds
73.783: Application time: 0.0304960 seconds
73.784: [GC [PSYoungGen: 19646K->2304K(20480K)] 39534K->25264K(66560K), 0.0015140 secs] [Times: user=0.01 sys=0.00, real=0.00 secs] 
73.785: Total time for which application threads were stopped: 0.0016590 seconds, Stopping threads took: 0.0000790 seconds
73.820: Application time: 0.0349820 seconds
73.820: [GC [PSYoungGen: 20002K->2272K(20480K)] 42962K->26256K(66560K), 0.0010170 secs] [Times: user=0.00 sys=0.00, real=0.00 secs] 
73.821: Total time for which application threads were stopped: 0.0011490 seconds, Stopping threads took: 0.0000680 seconds
73.854: Application time: 0.0322920 seconds
73.854: [GC [PSYoungGen: 19991K->2352K(20480K)] 43975K->28384K(66560K), 0.0012890 secs] [Times: user=0.00 sys=0.01, real=0.00 secs] 
73.855: Total time for which application threads were stopped: 0.0014990 seconds, Stopping threads took: 0.0001420 seconds
73.888: Application time: 0.0329340 seconds
73.888: [GC [PSYoungGen: 20045K->2448K(20480K)] 46077K->29504K(66560K), 0.0010610 secs] [Times: user=0.00 sys=0.00, real=0.00 secs] 
73.889: Total time for which application threads were stopped: 0.0011850 seconds, Stopping threads took: 0.0000610 seconds
73.923: Application time: 0.0340070 seconds
73.923: [GC [PSYoungGen: 20365K->2544K(20480K)] 47421K->32672K(66560K), 0.0016160 secs] [Times: user=0.01 sys=0.00, real=0.00 secs] 
73.925: Total time for which application threads were stopped: 0.0017570 seconds, Stopping threads took: 0.0000720 seconds
73.956: Application time: 0.0311330 seconds
73.956: [GC [PSYoungGen: 19779K->2528K(20480K)] 49907K->35736K(66560K), 0.0014630 secs] [Times: user=0.00 sys=0.00, real=0.00 secs] 
73.958: Total time for which application threads were stopped: 0.0015840 seconds, Stopping threads took: 0.0000540 seconds
73.993: Application time: 0.0357250 seconds
73.993: [GC [PSYoungGen: 20351K->2512K(20480K)] 53559K->37768K(66560K), 0.0013640 secs] [Times: user=0.00 sys=0.00, real=0.00 secs] 
73.995: Total time for which application threads were stopped: 0.0015010 seconds, Stopping threads took: 0.0000730 seconds
74.021: Application time: 0.0256870 seconds
74.021: [GC [PSYoungGen: 19488K->2496K(20480K)] 54745K->40824K(66560K), 0.0015330 secs] [Times: user=0.01 sys=0.00, real=0.00 secs] 
74.022: Total time for which application threads were stopped: 0.0016710 seconds, Stopping threads took: 0.0000740 seconds
74.060: Application time: 0.0381460 seconds
74.060: [GC [PSYoungGen: 20416K->2544K(20480K)] 58744K->43952K(66560K), 0.0014840 secs] [Times: user=0.01 sys=0.00, real=0.00 secs] 
74.062: [Full GC [PSYoungGen: 2544K->0K(20480K)] [ParOldGen: 41408K->8683K(46080K)] 43952K->8683K(66560K) [PSPermGen: 5498K->5498K(21504K)], 0.0061300 secs] [Times: user=0.03 sys=0.00, real=0.00 secs] 
74.068: Total time for which application threads were stopped: 0.0077890 seconds, Stopping threads took: 0.0000550 seconds
74.092: Application time: 0.0243030 seconds
74.093: [GC [PSYoungGen: 16966K->2304K(20480K)] 25650K->15083K(66560K), 0.0017310 secs] [Times: user=0.02 sys=0.00, real=0.00 secs] 
74.094: Total time for which application threads were stopped: 0.0018820 seconds, Stopping threads took: 0.0000790 seconds
74.133: Application time: 0.0381580 seconds
74.133: [GC [PSYoungGen: 20007K->2272K(20480K)] 32787K->17099K(66560K), 0.0012300 secs] [Times: user=0.01 sys=0.00, real=0.00 secs] 
74.134: Total time for which application threads were stopped: 0.0013740 seconds, Stopping threads took: 0.0000780 seconds
74.163: Application time: 0.0289780 seconds
74.163: [GC [PSYoungGen: 19642K->2304K(20480K)] 34470K->20203K(66560K), 0.0014170 secs] [Times: user=0.01 sys=0.00, real=0.00 secs] 
74.164: Total time for which application threads were stopped: 0.0015600 seconds, Stopping threads took: 0.0000700 seconds
74.201: Application time: 0.0364790 seconds
74.201: [GC [PSYoungGen: 19889K->2272K(20480K)] 37789K->21195K(66560K), 0.0010300 secs] [Times: user=0.01 sys=0.00, real=0.00 secs] 
74.202: Total time for which application threads were stopped: 0.0012590 seconds, Stopping threads took: 0.0001640 seconds
74.230: Application time: 0.0277190 seconds
74.230: [GC [PSYoungGen: 19719K->2272K(20480K)] 38643K->26316K(66560K), 0.0020250 secs] [Times: user=0.01 sys=0.00, real=0.01 secs] 
74.232: Total time for which application threads were stopped: 0.0021600 seconds, Stopping threads took: 0.0000660 seconds
74.271: Application time: 0.0391340 seconds
74.271: [GC [PSYoungGen: 19887K->2208K(20480K)] 43931K->26252K(66560K), 0.0007720 secs] [Times: user=0.00 sys=0.00, real=0.00 secs] 
74.272: Total time for which application threads were stopped: 0.0009270 seconds, Stopping threads took: 0.0000930 seconds
74.298: Application time: 0.0259250 seconds
74.298: [GC [PSYoungGen: 19651K->2304K(20480K)] 43695K->31468K(66560K), 0.0019870 secs] [Times: user=0.02 sys=0.00, real=0.01 secs] 
74.300: Total time for which application threads were stopped: 0.0021330 seconds, Stopping threads took: 0.0000770 seconds
74.341: Application time: 0.0405660 seconds
74.341: [GC [PSYoungGen: 19873K->2272K(20480K)] 49037K->32460K(66560K), 0.0009560 secs] [Times: user=0.01 sys=0.00, real=0.00 secs] 
74.342: Total time for which application threads were stopped: 0.0010840 seconds, Stopping threads took: 0.0000650 seconds
74.367: Application time: 0.0255930 seconds
74.368: [GC [PSYoungGen: 19759K->2304K(20480K)] 49947K->36588K(66560K), 0.0016550 secs] [Times: user=0.01 sys=0.00, real=0.00 secs] 
74.369: Total time for which application threads were stopped: 0.0018030 seconds, Stopping threads took: 0.0000790 seconds
74.408: Application time: 0.0384720 seconds
74.408: [GC [PSYoungGen: 19651K->2272K(20480K)] 53935K->37580K(66560K), 0.0008740 secs] [Times: user=0.01 sys=0.00, real=0.00 secs] 
74.409: Total time for which application threads were stopped: 0.0010030 seconds, Stopping threads took: 0.0000680 seconds
74.433: Application time: 0.0245140 seconds
74.433: [GC [PSYoungGen: 19890K->2304K(20480K)] 55198K->42732K(66560K), 0.0020000 secs] [Times: user=0.02 sys=0.00, real=0.00 secs] 
74.435: [Full GC [PSYoungGen: 2304K->0K(20480K)] [ParOldGen: 40428K->10669K(46080K)] 42732K->10669K(66560K) [PSPermGen: 5498K->5498K(21504K)], 0.0063120 secs] [Times: user=0.02 sys=0.00, real=0.01 secs] 
74.442: Total time for which application threads were stopped: 0.0085080 seconds, Stopping threads took: 0.0000770 seconds
74.479: Application time: 0.0374310 seconds
74.479: [GC [PSYoungGen: 17142K->2304K(20480K)] 27812K->17070K(66560K), 0.0017870 secs] [Times: user=0.01 sys=0.00, real=0.00 secs] 
74.481: Total time for which application threads were stopped: 0.0019330 seconds, Stopping threads took: 0.0000790 seconds
74.509: Application time: 0.0275210 seconds
74.509: [GC [PSYoungGen: 20202K->2304K(20480K)] 34968K->22190K(66560K), 0.0019980 secs] [Times: user=0.01 sys=0.00, real=0.01 secs] 
74.511: Total time for which application threads were stopped: 0.0021480 seconds, Stopping threads took: 0.0000670 seconds
74.549: Application time: 0.0377770 seconds
74.549: [GC [PSYoungGen: 19656K->2320K(20480K)] 39542K->25278K(66560K), 0.0015430 secs] [Times: user=0.01 sys=0.00, real=0.00 secs] 
74.550: Total time for which application threads were stopped: 0.0016850 seconds, Stopping threads took: 0.0000760 seconds
74.575: Application time: 0.0242700 seconds
74.575: [GC [PSYoungGen: 19247K->2368K(20480K)] 42205K->30446K(66560K), 0.0020830 secs] [Times: user=0.02 sys=0.00, real=0.00 secs] 
74.577: Total time for which application threads were stopped: 0.0022260 seconds, Stopping threads took: 0.0000710 seconds
74.617: Application time: 0.0398900 seconds
74.617: [GC [PSYoungGen: 19707K->2464K(20480K)] 47785K->32590K(66560K), 0.0011870 secs] [Times: user=0.00 sys=0.00, real=0.00 secs] 
74.618: Total time for which application threads were stopped: 0.0013230 seconds, Stopping threads took: 0.0000690 seconds
74.644: Application time: 0.0256340 seconds
74.644: [GC [PSYoungGen: 19679K->2512K(20480K)] 49805K->36734K(66560K), 0.0018330 secs] [Times: user=0.01 sys=0.00, real=0.00 secs] 
74.646: Total time for which application threads were stopped: 0.0019870 seconds, Stopping threads took: 0.0000840 seconds
74.680: Application time: 0.0344630 seconds
74.680: [GC [PSYoungGen: 20134K->2496K(20480K)] 54356K->39790K(66560K), 0.0016180 secs] [Times: user=0.01 sys=0.00, real=0.00 secs] 
74.682: Total time for which application threads were stopped: 0.0017680 seconds, Stopping threads took: 0.0000720 seconds
74.714: Application time: 0.0321830 seconds
74.714: [GC [PSYoungGen: 19932K->2528K(20480K)] 57227K->43918K(66560K), 0.0017560 secs] [Times: user=0.01 sys=0.00, real=0.00 secs] 
74.716: [Full GC [PSYoungGen: 2528K->0K(20480K)] [ParOldGen: 41390K->9648K(46080K)] 43918K->9648K(66560K) [PSPermGen: 5498K->5498K(21504K)], 0.0059810 secs] [Times: user=0.02 sys=0.00, real=0.01 secs] 
74.722: Total time for which application threads were stopped: 0.0079300 seconds, Stopping threads took: 0.0000790 seconds
74.756: Application time: 0.0337800 seconds
74.756: [GC [PSYoungGen: 17551K->2304K(20480K)] 27199K->15024K(66560K), 0.0015090 secs] [Times: user=0.01 sys=0.00, real=0.00 secs] 
74.757: Total time for which application threads were stopped: 0.0016350 seconds, Stopping threads took: 0.0000620 seconds
74.790: Application time: 0.0322730 seconds
74.790: [GC [PSYoungGen: 19799K->2304K(20480K)] 32519K->19120K(66560K), 0.0017200 secs] [Times: user=0.01 sys=0.00, real=0.01 secs] 
74.792: Total time for which application threads were stopped: 0.0018710 seconds, Stopping threads took: 0.0000820 seconds
74.825: Application time: 0.0331230 seconds
74.825: [GC [PSYoungGen: 19824K->2304K(20480K)] 36640K->21168K(66560K), 0.0012020 secs] [Times: user=0.01 sys=0.00, real=0.00 secs] 
74.826: Total time for which application threads were stopped: 0.0013490 seconds, Stopping threads took: 0.0000800 seconds
74.859: Application time: 0.0331090 seconds
74.859: [GC [PSYoungGen: 19832K->2304K(20480K)] 38696K->24240K(66560K), 0.0014100 secs] [Times: user=0.01 sys=0.00, real=0.00 secs] 
74.861: Total time for which application threads were stopped: 0.0015480 seconds, Stopping threads took: 0.0000670 seconds
74.894: Application time: 0.0332920 seconds
74.894: [GC [PSYoungGen: 19826K->2272K(20480K)] 41762K->25232K(66560K), 0.0009430 secs] [Times: user=0.00 sys=0.00, real=0.00 secs] 
74.895: Total time for which application threads were stopped: 0.0010770 seconds, Stopping threads took: 0.0000720 seconds
74.925: Application time: 0.0302640 seconds
74.925: [GC [PSYoungGen: 19644K->2304K(20480K)] 42604K->28336K(66560K), 0.0014880 secs] [Times: user=0.01 sys=0.00, real=0.00 secs] 
74.927: Total time for which application threads were stopped: 0.0016480 seconds, Stopping threads took: 0.0000900 seconds
74.959: Application time: 0.0318970 seconds
74.959: [GC [PSYoungGen: 19604K->2272K(20480K)] 45636K->30352K(66560K), 0.0010760 secs] [Times: user=0.01 sys=0.00, real=0.00 secs] 
74.960: Total time for which application threads were stopped: 0.0012140 seconds, Stopping threads took: 0.0000660 seconds
74.994: Application time: 0.0339400 seconds
74.994: [GC [PSYoungGen: 19973K->2304K(20480K)] 48053K->33456K(66560K), 0.0015060 secs] [Times: user=0.01 sys=0.00, real=0.00 secs] 
74.996: Total time for which application threads were stopped: 0.0016500 seconds, Stopping threads took: 0.0000750 seconds
75.022: Application time: 0.0267210 seconds
75.022: [GC [PSYoungGen: 19396K->2304K(20480K)] 50549K->37552K(66560K), 0.0017900 secs] [Times: user=0.01 sys=0.00, real=0.00 secs] 
75.024: Total time for which application threads were stopped: 0.0019260 seconds, Stopping threads took: 0.0000660 seconds
75.063: Application time: 0.0385770 seconds
75.063: [GC [PSYoungGen: 20204K->2304K(20480K)] 55452K->39600K(66560K), 0.0012630 secs] [Times: user=0.01 sys=0.00, real=0.00 secs] 
75.064: Total time for which application threads were stopped: 0.0014010 seconds, Stopping threads took: 0.0000720 seconds
75.091: Application time: 0.0267650 seconds
75.091: [GC [PSYoungGen: 19425K->2304K(20480K)] 56721K->42672K(66560K), 0.0014930 secs] [Times: user=0.01 sys=0.00, real=0.00 secs] 
75.093: Total time for which application threads were stopped: 0.0016360 seconds, Stopping threads took: 0.0000780 seconds
75.132: Application time: 0.0394460 seconds
75.132: [GC [PSYoungGen: 20158K->2272K(20480K)] 60527K->44688K(66560K), 0.0012480 secs] [Times: user=0.00 sys=0.00, real=0.00 secs] 
75.134: [Full GC [PSYoungGen: 2272K->0K(20480K)] [ParOldGen: 42416K->7956K(46080K)] 44688K->7956K(66560K) [PSPermGen: 5498K->5498K(21504K)], 0.0056350 secs] [Times: user=0.03 sys=0.00, real=0.01 secs] 
75.139: Total time for which application threads were stopped: 0.0070640 seconds, Stopping threads took: 0.0000740 seconds
75.166: Application time: 0.0271550 seconds
75.166: [GC [PSYoungGen: 17215K->2304K(20480K)] 25171K->14356K(66560K), 0.0016620 secs] [Times: user=0.01 sys=0.00, real=0.00 secs] 
75.168: Total time for which application threads were stopped: 0.0018060 seconds, Stopping threads took: 0.0000700 seconds
75.208: Application time: 0.0400500 seconds
75.208: [GC [PSYoungGen: 20224K->2304K(20480K)] 32276K->15380K(66560K), 0.0009120 secs] [Times: user=0.01 sys=0.00, real=0.00 secs] 
75.209: Total time for which application threads were stopped: 0.0010780 seconds, Stopping threads took: 0.0000940 seconds
75.232: Application time: 0.0227520 seconds
75.232: [GC [PSYoungGen: 19335K->2304K(20480K)] 32411K->20500K(66560K), 0.0018770 secs] [Times: user=0.02 sys=0.00, real=0.00 secs] 
75.234: Total time for which application threads were stopped: 0.0020230 seconds, Stopping threads took: 0.0000790 seconds
75.273: Application time: 0.0393280 seconds
75.274: [GC [PSYoungGen: 20221K->2320K(20480K)] 38417K->22564K(66560K), 0.0012280 secs] [Times: user=0.01 sys=0.00, real=0.00 secs] 
75.275: Total time for which application threads were stopped: 0.0014040 seconds, Stopping threads took: 0.0001100 seconds
75.298: Application time: 0.0229100 seconds
75.299: [GC [PSYoungGen: 19743K->2368K(20480K)] 39987K->27732K(66560K), 0.0020650 secs] [Times: user=0.01 sys=0.00, real=0.00 secs] 
75.301: Total time for which application threads were stopped: 0.0029220 seconds, Stopping threads took: 0.0007810 seconds
75.343: Application time: 0.0422650 seconds
75.343: [GC [PSYoungGen: 20288K->2496K(20480K)] 45652K->30932K(66560K), 0.0014790 secs] [Times: user=0.01 sys=0.00, real=0.00 secs] 
75.345: Total time for which application threads were stopped: 0.0016100 seconds, Stopping threads took: 0.0000620 seconds
75.368: Application time: 0.0235870 seconds
75.368: [GC [PSYoungGen: 20161K->2528K(20480K)] 48597K->36084K(66560K), 0.0021140 secs] [Times: user=0.01 sys=0.00, real=0.00 secs] 
75.370: Total time for which application threads were stopped: 0.0022560 seconds, Stopping threads took: 0.0000710 seconds
75.412: Application time: 0.0413730 seconds
75.412: [GC [PSYoungGen: 19929K->2512K(20480K)] 53486K->39140K(66560K), 0.0016020 secs] [Times: user=0.01 sys=0.01, real=0.00 secs] 
75.414: Total time for which application threads were stopped: 0.0017580 seconds, Stopping threads took: 0.0000790 seconds
75.439: Application time: 0.0251990 seconds
75.439: [GC [PSYoungGen: 20174K->2496K(20480K)] 56802K->43220K(66560K), 0.0019020 secs] [Times: user=0.02 sys=0.00, real=0.00 secs] 
75.441: [Full GC [PSYoungGen: 2496K->0K(20480K)] [ParOldGen: 40724K->9651K(46080K)] 43220K->9651K(66560K) [PSPermGen: 5498K->5498K(21504K)], 0.0061740 secs] [Times: user=0.02 sys=0.00, real=0.00 secs] 
75.447: Total time for which application threads were stopped: 0.0082760 seconds, Stopping threads took: 0.0000890 seconds
75.486: Application time: 0.0387310 seconds
75.486: [GC [PSYoungGen: 17242K->2304K(20480K)] 26894K->15027K(66560K), 0.0015910 secs] [Times: user=0.01 sys=0.00, real=0.00 secs] 
75.487: Total time for which application threads were stopped: 0.0017350 seconds, Stopping threads took: 0.0000700 seconds
75.514: Application time: 0.0260330 seconds
75.514: [GC [PSYoungGen: 20090K->2304K(20480K)] 32814K->20147K(66560K), 0.0020820 secs] [Times: user=0.01 sys=0.00, real=0.00 secs] 
75.516: Total time for which application threads were stopped: 0.0022400 seconds, Stopping threads took: 0.0000860 seconds
75.555: Application time: 0.0393140 seconds
75.555: [GC [PSYoungGen: 19499K->2304K(20480K)] 37343K->23219K(66560K), 0.0015190 secs] [Times: user=0.01 sys=0.00, real=0.00 secs] 
75.557: Total time for which application threads were stopped: 0.0016570 seconds, Stopping threads took: 0.0000720 seconds
75.584: Application time: 0.0273230 seconds
75.584: [GC [PSYoungGen: 20167K->2304K(20480K)] 41083K->28340K(66560K), 0.0019730 secs] [Times: user=0.01 sys=0.00, real=0.00 secs] 
75.586: Total time for which application threads were stopped: 0.0021140 seconds, Stopping threads took: 0.0000690 seconds
75.624: Application time: 0.0383140 seconds
75.625: [GC [PSYoungGen: 19432K->2304K(20480K)] 45468K->31412K(66560K), 0.0014660 secs] [Times: user=0.01 sys=0.00, real=0.00 secs] 
75.626: Total time for which application threads were stopped: 0.0016150 seconds, Stopping threads took: 0.0000820 seconds
75.653: Application time: 0.0264860 seconds
75.653: [GC [PSYoungGen: 20112K->2304K(20480K)] 49220K->35508K(66560K), 0.0017730 secs] [Times: user=0.01 sys=0.00, real=0.00 secs] 
75.655: Total time for which application threads were stopped: 0.0019300 seconds, Stopping threads took: 0.0000880 seconds
75.693: Application time: 0.0387470 seconds
75.693: [GC [PSYoungGen: 19472K->2304K(20480K)] 52676K->37556K(66560K), 0.0012690 secs] [Times: user=0.01 sys=0.00, real=0.00 secs] 
75.695: Total time for which application threads were stopped: 0.0014170 seconds, Stopping threads took: 0.0000790 seconds
75.723: Application time: 0.0283410 seconds
75.723: [GC [PSYoungGen: 20207K->2304K(20480K)] 55459K->41652K(66560K), 0.0017210 secs] [Times: user=0.01 sys=0.00, real=0.00 secs] 
75.725: Total time for which application threads were stopped: 0.0018640 seconds, Stopping threads took: 0.0000710 seconds
75.763: Application time: 0.0376880 seconds
75.763: [GC [PSYoungGen: 19415K->2272K(20480K)] 58763K->42644K(66560K), 0.0009810 secs] [Times: user=0.01 sys=0.00, real=0.00 secs] 
75.764: [Full GC [PSYoungGen: 2272K->0K(20480K)] [ParOldGen: 40372K->6917K(46080K)] 42644K->6917K(66560K) [PSPermGen: 5498K->5498K(21504K)], 0.0052020 secs] [Times: user=0.02 sys=0.00, real=0.00 secs] 
75.769: Total time for which application threads were stopped: 0.0063600 seconds, Stopping threads took: 0.0000690 seconds
75.794: Application time: 0.0255190 seconds
75.795: [GC [PSYoungGen: 17804K->2304K(20480K)] 24721K->13317K(66560K), 0.0018620 secs] [Times: user=0.02 sys=0.00, real=0.00 secs] 
75.796: Total time for which application threads were stopped: 0.0020020 seconds, Stopping threads took: 0.0000730 seconds
75.835: Application time: 0.0388500 seconds
75.835: [GC [PSYoungGen: 19278K->2304K(20480K)] 30291K->14341K(66560K), 0.0009060 secs] [Times: user=0.00 sys=0.00, real=0.00 secs] 
75.836: Total time for which application threads were stopped: 0.0010290 seconds, Stopping threads took: 0.0000630 seconds
75.863: Application time: 0.0267520 seconds
75.863: [GC [PSYoungGen: 19326K->2304K(20480K)] 31363K->18437K(66560K), 0.0017010 secs] [Times: user=0.01 sys=0.00, real=0.00 secs] 
75.865: Total time for which application threads were stopped: 0.0018630 seconds, Stopping threads took: 0.0000910 seconds
75.898: Application time: 0.0333900 seconds
75.898: [GC [PSYoungGen: 19869K->2304K(20480K)] 36002K->20485K(66560K), 0.0012130 secs] [Times: user=0.00 sys=0.00, real=0.00 secs] 
75.900: Total time for which application threads were stopped: 0.0013480 seconds, Stopping threads took: 0.0000620 seconds
75.932: Application time: 0.0320570 seconds
75.932: [GC [PSYoungGen: 19730K->2240K(20480K)] 37911K->24517K(66560K), 0.0017370 secs] [Times: user=0.01 sys=0.00, real=0.00 secs] 
75.934: Total time for which application threads were stopped: 0.0018880 seconds, Stopping threads took: 0.0000840 seconds
75.967: Application time: 0.0336280 seconds
75.967: [GC [PSYoungGen: 19960K->2304K(20480K)] 42238K->25605K(66560K), 0.0009600 secs] [Times: user=0.01 sys=0.00, real=0.00 secs] 
75.968: Total time for which application threads were stopped: 0.0010820 seconds, Stopping threads took: 0.0000600 seconds
76.002: Application time: 0.0339850 seconds
76.002: [GC [PSYoungGen: 19961K->2368K(20480K)] 43263K->27717K(66560K), 0.0012840 secs] [Times: user=0.00 sys=0.00, real=0.00 secs] 
76.004: Total time for which application threads were stopped: 0.0014270 seconds, Stopping threads took: 0.0000770 seconds
76.035: Application time: 0.0310910 seconds
76.035: [GC [PSYoungGen: 19932K->2448K(20480K)] 45282K->30869K(66560K), 0.0014310 secs] [Times: user=0.01 sys=0.00, real=0.00 secs] 
76.036: Total time for which application threads were stopped: 0.0015580 seconds, Stopping threads took: 0.0000640 seconds
76.069: Application time: 0.0322750 seconds
76.069: [GC [PSYoungGen: 20353K->2528K(20480K)] 48774K->34021K(66560K), 0.0015600 secs] [Times: user=0.01 sys=0.00, real=0.00 secs] 
76.070: Total time for which application threads were stopped: 0.0017060 seconds, Stopping threads took: 0.0000810 seconds
76.100: Application time: 0.0293600 seconds
76.100: [GC [PSYoungGen: 19823K->2528K(20480K)] 51317K->38117K(66560K), 0.0017550 secs] [Times: user=0.01 sys=0.00, real=0.00 secs] 
76.102: Total time for which application threads were stopped: 0.0018840 seconds, Stopping threads took: 0.0000620 seconds
76.138: Application time: 0.0366720 seconds
76.143: [GC [PSYoungGen: 20244K->2496K(20480K)] 55834K->42181K(66560K), 0.0018110 secs] [Times: user=0.01 sys=0.00, real=0.00 secs] 
76.144: Total time for which application threads were stopped: 0.0060190 seconds, Stopping threads took: 0.0041400 seconds
76.171: Application time: 0.0264440 seconds
76.171: [GC [PSYoungGen: 19711K->2496K(20480K)] 59397K->47301K(66560K), 0.0021360 secs] [Times: user=0.02 sys=0.00, real=0.00 secs] 
76.173: [Full GC [PSYoungGen: 2496K->0K(20480K)] [ParOldGen: 44805K->10671K(46080K)] 47301K->10671K(66560K) [PSPermGen: 5498K->5498K(21504K)], 0.0064620 secs] [Times: user=0.03 sys=0.00, real=0.01 secs] 
76.180: Total time for which application threads were stopped: 0.0087900 seconds, Stopping threads took: 0.0000760 seconds
76.217: Application time: 0.0374930 seconds
76.217: [GC [PSYoungGen: 17722K->2304K(20480K)] 28393K->17071K(66560K), 0.0017080 secs] [Times: user=0.01 sys=0.00, real=0.01 secs] 
76.219: Total time for which application threads were stopped: 0.0018430 seconds, Stopping threads took: 0.0000670 seconds
76.247: Application time: 0.0285130 seconds
76.248: [GC [PSYoungGen: 19656K->2304K(20480K)] 34423K->22191K(66560K), 0.0019990 secs] [Times: user=0.02 sys=0.00, real=0.00 secs] 
76.250: Total time for which application threads were stopped: 0.0021490 seconds, Stopping threads took: 0.0000720 seconds
76.286: Application time: 0.0368530 seconds
76.287: [GC [PSYoungGen: 19914K->2304K(20480K)] 39801K->25263K(66560K), 0.0014350 secs] [Times: user=0.01 sys=0.00, real=0.00 secs] 
76.288: Total time for which application threads were stopped: 0.0015760 seconds, Stopping threads took: 0.0000750 seconds
76.316: Application time: 0.0280290 seconds
76.316: [GC [PSYoungGen: 19730K->2272K(20480K)] 42689K->30351K(66560K), 0.0020380 secs] [Times: user=0.02 sys=0.00, real=0.00 secs] 
76.318: Total time for which application threads were stopped: 0.0021790 seconds, Stopping threads took: 0.0000740 seconds
76.354: Application time: 0.0358130 seconds
76.354: [GC [PSYoungGen: 19790K->2320K(20480K)] 47869K->34495K(66560K), 0.0018200 secs] [Times: user=0.01 sys=0.00, real=0.00 secs] 
76.356: Total time for which application threads were stopped: 0.0019650 seconds, Stopping threads took: 0.0000770 seconds
76.382: Application time: 0.0259600 seconds
76.382: [GC [PSYoungGen: 19770K->2304K(20480K)] 51945K->39599K(66560K), 0.0021760 secs] [Times: user=0.01 sys=0.00, real=0.00 secs] 
76.384: Total time for which application threads were stopped: 0.0023240 seconds, Stopping threads took: 0.0000750 seconds
76.426: Application time: 0.0416970 seconds
76.426: [GC [PSYoungGen: 19896K->2304K(20480K)] 57191K->42671K(66560K), 0.0015320 secs] [Times: user=0.01 sys=0.00, real=0.00 secs] 
76.428: [Full GC [PSYoungGen: 2304K->0K(20480K)] [ParOldGen: 40367K->8643K(46080K)] 42671K->8643K(66560K) [PSPermGen: 5498K->5498K(21504K)], 0.0059420 secs] [Times: user=0.02 sys=0.00, real=0.01 secs] 
76.434: Total time for which application threads were stopped: 0.0076680 seconds, Stopping threads took: 0.0000810 seconds
76.459: Application time: 0.0250560 seconds
76.459: [GC [PSYoungGen: 17466K->2304K(20480K)] 26110K->15044K(66560K), 0.0017310 secs] [Times: user=0.01 sys=0.00, real=0.00 secs] 
76.461: Total time for which application threads were stopped: 0.0018750 seconds, Stopping threads took: 0.0000740 seconds
76.502: Application time: 0.0412160 seconds
76.502: [GC [PSYoungGen: 19887K->2320K(20480K)] 32627K->18132K(66560K), 0.0015240 secs] [Times: user=0.01 sys=0.00, real=0.00 secs] 
76.504: Total time for which application threads were stopped: 0.0016690 seconds, Stopping threads took: 0.0000760 seconds
76.528: Application time: 0.0243940 seconds
76.528: [GC [PSYoungGen: 19783K->2304K(20480K)] 35595K->22212K(66560K), 0.0017700 secs] [Times: user=0.02 sys=0.00, real=0.00 secs] 
76.530: Total time for which application threads were stopped: 0.0019380 seconds, Stopping threads took: 0.0000970 seconds
76.570: Application time: 0.0398030 seconds
76.570: [GC [PSYoungGen: 19696K->2304K(20480K)] 39604K->25284K(66560K), 0.0015060 secs] [Times: user=0.01 sys=0.00, real=0.01 secs] 
76.571: Total time for which application threads were stopped: 0.0016490 seconds, Stopping threads took: 0.0000720 seconds
76.598: Application time: 0.0266790 seconds
76.598: [GC [PSYoungGen: 19971K->2304K(20480K)] 42952K->29380K(66560K), 0.0018130 secs] [Times: user=0.01 sys=0.00, real=0.01 secs] 
76.600: Total time for which application threads were stopped: 0.0019590 seconds, Stopping threads took: 0.0000710 seconds
76.639: Application time: 0.0387570 seconds
76.639: [GC [PSYoungGen: 19617K->2304K(20480K)] 46693K->32452K(66560K), 0.0015470 secs] [Times: user=0.01 sys=0.00, real=0.00 secs] 
76.640: Total time for which application threads were stopped: 0.0017020 seconds, Stopping threads took: 0.0000850 seconds
76.669: Application time: 0.0281870 seconds
76.669: [GC [PSYoungGen: 20071K->2304K(20480K)] 50219K->35524K(66560K), 0.0014890 secs] [Times: user=0.01 sys=0.00, real=0.00 secs] 
76.670: Total time for which application threads were stopped: 0.0016240 seconds, Stopping threads took: 0.0000660 seconds
76.708: Application time: 0.0377200 seconds
76.708: [GC [PSYoungGen: 19678K->2320K(20480K)] 52898K->37588K(66560K), 0.0014920 secs] [Times: user=0.01 sys=0.00, real=0.00 secs] 
76.710: Total time for which application threads were stopped: 0.0016690 seconds, Stopping threads took: 0.0000980 seconds
76.736: Application time: 0.0267530 seconds
76.736: [GC [PSYoungGen: 19268K->2400K(20480K)] 54536K->42788K(66560K), 0.0020070 secs] [Times: user=0.01 sys=0.00, real=0.01 secs] 
76.739: [Full GC [PSYoungGen: 2400K->0K(20480K)] [ParOldGen: 40388K->10844K(46080K)] 42788K->10844K(66560K) [PSPermGen: 5498K->5498K(21504K)], 0.0061850 secs] [Times: user=0.03 sys=0.00, real=0.00 secs] 
76.745: Total time for which application threads were stopped: 0.0083830 seconds, Stopping threads took: 0.0000680 seconds
76.781: Application time: 0.0363830 seconds
76.781: [GC [PSYoungGen: 17187K->2304K(20480K)] 28032K->15196K(66560K), 0.0012130 secs] [Times: user=0.00 sys=0.00, real=0.00 secs] 
76.783: Total time for which application threads were stopped: 0.0013470 seconds, Stopping threads took: 0.0000590 seconds
76.808: Application time: 0.0258260 seconds
76.808: [GC [PSYoungGen: 19516K->2448K(20480K)] 32408K->19437K(66560K), 0.0017790 secs] [Times: user=0.01 sys=0.01, real=0.00 secs] 
76.810: Total time for which application threads were stopped: 0.0019420 seconds, Stopping threads took: 0.0000920 seconds
76.849: Application time: 0.0391580 seconds
76.850: [GC [PSYoungGen: 20368K->2432K(20480K)] 37357K->21469K(66560K), 0.0012150 secs] [Times: user=0.01 sys=0.00, real=0.01 secs] 
76.851: Total time for which application threads were stopped: 0.0013380 seconds, Stopping threads took: 0.0000590 seconds
76.877: Application time: 0.0260650 seconds
76.877: [GC [PSYoungGen: 19527K->2448K(20480K)] 38564K->25581K(66560K), 0.0017670 secs] [Times: user=0.01 sys=0.00, real=0.01 secs] 
76.879: Total time for which application threads were stopped: 0.0019200 seconds, Stopping threads took: 0.0000810 seconds
76.918: Application time: 0.0387770 seconds
76.918: [GC [PSYoungGen: 20234K->2432K(20480K)] 43367K->27613K(66560K), 0.0011750 secs] [Times: user=0.01 sys=0.00, real=0.01 secs] 
76.919: Total time for which application threads were stopped: 0.0012980 seconds, Stopping threads took: 0.0000590 seconds
76.947: Application time: 0.0277940 seconds
76.947: [GC [PSYoungGen: 19683K->2448K(20480K)] 44864K->31725K(66560K), 0.0017220 secs] [Times: user=0.01 sys=0.00, real=0.00 secs] 
76.948: Total time for which application threads were stopped: 0.0018540 seconds, Stopping threads took: 0.0000630 seconds
76.976: Application time: 0.0274210 seconds
76.976: [GC [PSYoungGen: 19427K->2432K(20480K)] 48704K->36829K(66560K), 0.0021390 secs] [Times: user=0.01 sys=0.00, real=0.00 secs] 
76.978: Total time for which application threads were stopped: 0.0022860 seconds, Stopping threads took: 0.0000760 seconds
77.014: Application time: 0.0357850 seconds
77.014: [GC [PSYoungGen: 19355K->2432K(20480K)] 53753K->40925K(66560K), 0.0018150 secs] [Times: user=0.01 sys=0.00, real=0.00 secs] 
77.016: Total time for which application threads were stopped: 0.0019690 seconds, Stopping threads took: 0.0000840 seconds
77.047: Application time: 0.0310200 seconds
77.047: [GC [PSYoungGen: 19547K->2432K(20480K)] 58040K->45021K(66560K), 0.0018160 secs] [Times: user=0.01 sys=0.00, real=0.00 secs] 
77.049: [Full GC [PSYoungGen: 2432K->0K(20480K)] [ParOldGen: 42589K->9650K(46080K)] 45021K->9650K(66560K) [PSPermGen: 5498K->5498K(21504K)], 0.0060320 secs] [Times: user=0.02 sys=0.00, real=0.01 secs] 
77.055: Total time for which application threads were stopped: 0.0080360 seconds, Stopping threads took: 0.0000680 seconds
77.090: Application time: 0.0351120 seconds
77.090: [GC [PSYoungGen: 17884K->2304K(20480K)] 27535K->15026K(66560K), 0.0014880 secs] [Times: user=0.00 sys=0.00, real=0.01 secs] 
77.092: Total time for which application threads were stopped: 0.0016480 seconds, Stopping threads took: 0.0000920 seconds
77.121: Application time: 0.0293070 seconds
77.121: [GC [PSYoungGen: 19463K->2304K(20480K)] 32186K->20146K(66560K), 0.0019890 secs] [Times: user=0.01 sys=0.00, real=0.00 secs] 
77.123: Total time for which application threads were stopped: 0.0021260 seconds, Stopping threads took: 0.0000660 seconds
77.161: Application time: 0.0374620 seconds
77.163: [GC [PSYoungGen: 20202K->2304K(20480K)] 38044K->24242K(66560K), 0.0017260 secs] [Times: user=0.01 sys=0.00, real=0.00 secs] 
77.164: Total time for which application threads were stopped: 0.0036050 seconds, Stopping threads took: 0.0018060 seconds
77.192: Application time: 0.0276180 seconds
77.192: [GC [PSYoungGen: 19442K->2304K(20480K)] 41381K->28338K(66560K), 0.0017430 secs] [Times: user=0.01 sys=0.00, real=0.00 secs] 
77.194: Total time for which application threads were stopped: 0.0018910 seconds, Stopping threads took: 0.0000810 seconds
77.233: Application time: 0.0387910 seconds
77.233: [GC [PSYoungGen: 20224K->2304K(20480K)] 46258K->32434K(66560K), 0.0016610 secs] [Times: user=0.01 sys=0.00, real=0.00 secs] 
77.234: Total time for which application threads were stopped: 0.0017960 seconds, Stopping threads took: 0.0000670 seconds
77.257: Application time: 0.0224520 seconds
77.257: [GC [PSYoungGen: 19333K->2304K(20480K)] 49464K->37555K(66560K), 0.0019980 secs] [Times: user=0.02 sys=0.00, real=0.01 secs] 
77.259: Total time for which application threads were stopped: 0.0021430 seconds, Stopping threads took: 0.0000750 seconds
77.302: Application time: 0.0432370 seconds
77.302: [GC [PSYoungGen: 20224K->2304K(20480K)] 55475K->41651K(66560K), 0.0017140 secs] [Times: user=0.01 sys=0.00, real=0.00 secs] 
77.304: Total time for which application threads were stopped: 0.0018760 seconds, Stopping threads took: 0.0000830 seconds
77.328: Application time: 0.0239690 seconds
77.328: [GC [PSYoungGen: 19470K->2304K(20480K)] 58818K->45747K(66560K), 0.0017230 secs] [Times: user=0.01 sys=0.00, real=0.00 secs] 
77.330: [Full GC [PSYoungGen: 2304K->0K(20480K)] [ParOldGen: 43443K->9879K(46080K)] 45747K->9879K(66560K) [PSPermGen: 5498K->5498K(21504K)], 0.0060730 secs] [Times: user=0.03 sys=0.00, real=0.01 secs] 
77.336: Total time for which application threads were stopped: 0.0079840 seconds, Stopping threads took: 0.0000740 seconds
77.376: Application time: 0.0398390 seconds
77.376: [GC [PSYoungGen: 17722K->2304K(20480K)] 27601K->15255K(66560K), 0.0014300 secs] [Times: user=0.01 sys=0.00, real=0.00 secs] 
77.377: Total time for which application threads were stopped: 0.0015630 seconds, Stopping threads took: 0.0000670 seconds
77.402: Application time: 0.0247630 seconds
77.402: [GC [PSYoungGen: 19601K->2304K(20480K)] 32553K->20375K(66560K), 0.0019260 secs] [Times: user=0.02 sys=0.00, real=0.00 secs] 
77.404: Total time for which application threads were stopped: 0.0020610 seconds, Stopping threads took: 0.0000630 seconds
77.445: Application time: 0.0405150 seconds
77.447: [GC [PSYoungGen: 20224K->2384K(20480K)] 38295K->22503K(66560K), 0.0011930 secs] [Times: user=0.01 sys=0.00, real=0.00 secs] 
77.448: Total time for which application threads were stopped: 0.0029500 seconds, Stopping threads took: 0.0016920 seconds
77.470: Application time: 0.0219430 seconds
77.470: [GC [PSYoungGen: 19808K->2304K(20480K)] 39927K->27543K(66560K), 0.0020580 secs] [Times: user=0.02 sys=0.00, real=0.01 secs] 
77.472: Total time for which application threads were stopped: 0.0023270 seconds, Stopping threads took: 0.0001980 seconds
77.513: Application time: 0.0411780 seconds
77.513: [GC [PSYoungGen: 20018K->2432K(20480K)] 45257K->28695K(66560K), 0.0011120 secs] [Times: user=0.00 sys=0.00, real=0.00 secs] 
77.514: Total time for which application threads were stopped: 0.0012520 seconds, Stopping threads took: 0.0000690 seconds
77.542: Application time: 0.0270910 seconds
77.542: [GC [PSYoungGen: 20339K->2496K(20480K)] 46603K->32855K(66560K), 0.0017970 secs] [Times: user=0.01 sys=0.00, real=0.00 secs] 
77.544: Total time for which application threads were stopped: 0.0019500 seconds, Stopping threads took: 0.0000810 seconds
77.585: Application time: 0.0413430 seconds
77.585: [GC [PSYoungGen: 19854K->2528K(20480K)] 50213K->33911K(66560K), 0.0010570 secs] [Times: user=0.01 sys=0.00, real=0.00 secs] 
77.586: Total time for which application threads were stopped: 0.0011940 seconds, Stopping threads took: 0.0000700 seconds
77.611: Application time: 0.0251510 seconds
77.611: [GC [PSYoungGen: 20213K->2528K(20480K)] 51596K->36983K(66560K), 0.0015900 secs] [Times: user=0.01 sys=0.00, real=0.00 secs] 
77.613: Total time for which application threads were stopped: 0.0017220 seconds, Stopping threads took: 0.0000640 seconds
77.650: Application time: 0.0371460 seconds
77.650: [GC [PSYoungGen: 19447K->2512K(20480K)] 53903K->39015K(66560K), 0.0013070 secs] [Times: user=0.01 sys=0.00, real=0.01 secs] 
77.652: Total time for which application threads were stopped: 0.0014530 seconds, Stopping threads took: 0.0000800 seconds
77.680: Application time: 0.0285180 seconds
77.680: [GC [PSYoungGen: 19607K->2496K(20480K)] 56111K->43095K(66560K), 0.0018190 secs] [Times: user=0.01 sys=0.00, real=0.00 secs] 
77.682: [Full GC [PSYoungGen: 2496K->0K(20480K)] [ParOldGen: 40599K->9647K(46080K)] 43095K->9647K(66560K) [PSPermGen: 5498K->5498K(21504K)], 0.0061450 secs] [Times: user=0.03 sys=0.00, real=0.00 secs] 
77.688: Total time for which application threads were stopped: 0.0081500 seconds, Stopping threads took: 0.0000740 seconds
77.724: Application time: 0.0362100 seconds
77.725: [GC [PSYoungGen: 17909K->2272K(20480K)] 27556K->13967K(66560K), 0.0011720 secs] [Times: user=0.01 sys=0.00, real=0.00 secs] 
77.726: Total time for which application threads were stopped: 0.0013040 seconds, Stopping threads took: 0.0000620 seconds
77.756: Application time: 0.0300080 seconds
77.756: [GC [PSYoungGen: 19405K->2304K(20480K)] 31101K->18095K(66560K), 0.0016890 secs] [Times: user=0.01 sys=0.00, real=0.00 secs] 
77.758: Total time for which application threads were stopped: 0.0018160 seconds, Stopping threads took: 0.0000610 seconds
77.794: Application time: 0.0365940 seconds
77.794: [GC [PSYoungGen: 20217K->2304K(20480K)] 36008K->19119K(66560K), 0.0009860 secs] [Times: user=0.01 sys=0.00, real=0.00 secs] 
77.795: Total time for which application threads were stopped: 0.0011890 seconds, Stopping threads took: 0.0001360 seconds
77.824: Application time: 0.0284570 seconds
77.824: [GC [PSYoungGen: 19397K->2320K(20480K)] 36212K->23231K(66560K), 0.0016720 secs] [Times: user=0.01 sys=0.00, real=0.00 secs] 
77.826: Total time for which application threads were stopped: 0.0018160 seconds, Stopping threads took: 0.0000680 seconds
77.863: Application time: 0.0378180 seconds
77.864: [GC [PSYoungGen: 20240K->2304K(20480K)] 41151K->24239K(66560K), 0.0009920 secs] [Times: user=0.00 sys=0.00, real=0.00 secs] 
77.865: Total time for which application threads were stopped: 0.0016630 seconds, Stopping threads took: 0.0000530 seconds
77.889: Application time: 0.0238110 seconds
77.889: [GC [PSYoungGen: 20220K->2304K(20480K)] 42156K->29360K(66560K), 0.0020080 secs] [Times: user=0.02 sys=0.00, real=0.01 secs] 
77.891: Total time for which application threads were stopped: 0.0021590 seconds, Stopping threads took: 0.0000790 seconds
77.932: Application time: 0.0408140 seconds
77.932: [GC [PSYoungGen: 19224K->2240K(20480K)] 46280K->29296K(66560K), 0.0007320 secs] [Times: user=0.00 sys=0.00, real=0.00 secs] 
77.933: Total time for which application threads were stopped: 0.0008830 seconds, Stopping threads took: 0.0000890 seconds
77.957: Application time: 0.0238060 seconds
77.957: [GC [PSYoungGen: 19324K->2272K(20480K)] 46380K->33424K(66560K), 0.0017820 secs] [Times: user=0.01 sys=0.00, real=0.01 secs] 
77.959: Total time for which application threads were stopped: 0.0019920 seconds, Stopping threads took: 0.0001400 seconds
77.991: Application time: 0.0326320 seconds
77.991: [GC [PSYoungGen: 19433K->2304K(20480K)] 50585K->35504K(66560K), 0.0011840 secs] [Times: user=0.01 sys=0.00, real=0.00 secs] 
77.993: Total time for which application threads were stopped: 0.0013200 seconds, Stopping threads took: 0.0000700 seconds
78.027: Application time: 0.0344410 seconds
78.027: [GC [PSYoungGen: 20183K->2304K(20480K)] 53383K->39600K(66560K), 0.0017990 secs] [Times: user=0.01 sys=0.00, real=0.00 secs] 
78.029: Total time for which application threads were stopped: 0.0019470 seconds, Stopping threads took: 0.0000790 seconds
78.061: Application time: 0.0317290 seconds
78.061: [GC [PSYoungGen: 19450K->2304K(20480K)] 56746K->42672K(66560K), 0.0014480 secs] [Times: user=0.01 sys=0.00, real=0.00 secs] 
78.062: [Full GC [PSYoungGen: 2304K->0K(20480K)] [ParOldGen: 40368K->8633K(46080K)] 42672K->8633K(66560K) [PSPermGen: 5498K->5498K(21504K)], 0.0058780 secs] [Times: user=0.02 sys=0.01, real=0.00 secs] 
78.068: Total time for which application threads were stopped: 0.0075040 seconds, Stopping threads took: 0.0000570 seconds
78.102: Application time: 0.0336250 seconds
78.102: [GC [PSYoungGen: 17833K->2304K(20480K)] 26466K->15033K(66560K), 0.0018020 secs] [Times: user=0.01 sys=0.00, real=0.00 secs] 
78.104: Total time for which application threads were stopped: 0.0019380 seconds, Stopping threads took: 0.0000650 seconds
78.135: Application time: 0.0310050 seconds
78.135: [GC [PSYoungGen: 19551K->2304K(20480K)] 32280K->19129K(66560K), 0.0017400 secs] [Times: user=0.01 sys=0.00, real=0.00 secs] 
78.137: Total time for which application threads were stopped: 0.0018760 seconds, Stopping threads took: 0.0000690 seconds
78.171: Application time: 0.0341940 seconds
78.171: [GC [PSYoungGen: 19351K->2368K(20480K)] 36177K->23289K(66560K), 0.0017830 secs] [Times: user=0.01 sys=0.00, real=0.00 secs] 
78.173: Total time for which application threads were stopped: 0.0019140 seconds, Stopping threads took: 0.0000610 seconds
78.200: Application time: 0.0270730 seconds
78.200: [GC [PSYoungGen: 19544K->2320K(20480K)] 40465K->28361K(66560K), 0.0020640 secs] [Times: user=0.01 sys=0.00, real=0.00 secs] 
78.202: Total time for which application threads were stopped: 0.0022070 seconds, Stopping threads took: 0.0000710 seconds
78.238: Application time: 0.0364630 seconds
78.239: [GC [PSYoungGen: 19474K->2512K(20480K)] 45515K->31625K(66560K), 0.0014660 secs] [Times: user=0.01 sys=0.00, real=0.00 secs] 
78.240: Total time for which application threads were stopped: 0.0016040 seconds, Stopping threads took: 0.0000670 seconds
78.269: Application time: 0.0284170 seconds
78.269: [GC [PSYoungGen: 19892K->2528K(20480K)] 49006K->35737K(66560K), 0.0018500 secs] [Times: user=0.01 sys=0.00, real=0.01 secs] 
78.271: Total time for which application threads were stopped: 0.0019890 seconds, Stopping threads took: 0.0000690 seconds
78.341: Application time: 0.0705450 seconds
78.341: [GC [PSYoungGen: 20448K->2528K(20480K)] 53657K->37785K(66560K), 0.0012670 secs] [Times: user=0.01 sys=0.00, real=0.00 secs] 
78.343: Total time for which application threads were stopped: 0.0014430 seconds, Stopping threads took: 0.0000770 seconds
78.365: Application time: 0.0221190 seconds
78.365: [GC [PSYoungGen: 19670K->2432K(20480K)] 54927K->41785K(66560K), 0.0018150 secs] [Times: user=0.01 sys=0.00, real=0.00 secs] 
78.367: Total time for which application threads were stopped: 0.0019690 seconds, Stopping threads took: 0.0000800 seconds
78.410: Application time: 0.0434890 seconds
78.410: [GC [PSYoungGen: 20316K->2480K(20480K)] 59670K->42857K(66560K), 0.0010500 secs] [Times: user=0.01 sys=0.00, real=0.01 secs] 
78.411: [Full GC [PSYoungGen: 2480K->0K(20480K)] [ParOldGen: 40377K->6917K(46080K)] 42857K->6917K(66560K) [PSPermGen: 5498K->5498K(21504K)], 0.0053180 secs] [Times: user=0.02 sys=0.00, real=0.00 secs] 
78.417: Total time for which application threads were stopped: 0.0065660 seconds, Stopping threads took: 0.0000870 seconds
78.437: Application time: 0.0208270 seconds
78.438: [GC [PSYoungGen: 17137K->2304K(20480K)] 24054K->13317K(66560K), 0.0017380 secs] [Times: user=0.02 sys=0.00, real=0.01 secs] 
78.439: Total time for which application threads were stopped: 0.0018820 seconds, Stopping threads took: 0.0000770 seconds
78.484: Application time: 0.0442640 seconds
78.484: [GC [PSYoungGen: 20160K->2304K(20480K)] 31173K->14341K(66560K), 0.0009010 secs] [Times: user=0.01 sys=0.00, real=0.00 secs] 
78.485: Total time for which application threads were stopped: 0.0010430 seconds, Stopping threads took: 0.0000760 seconds
78.507: Application time: 0.0219130 seconds
78.507: [GC [PSYoungGen: 19519K->2304K(20480K)] 31556K->18437K(66560K), 0.0017340 secs] [Times: user=0.01 sys=0.00, real=0.00 secs] 
78.508: Total time for which application threads were stopped: 0.0018760 seconds, Stopping threads took: 0.0000720 seconds
78.547: Application time: 0.0382350 seconds
78.547: [GC [PSYoungGen: 19337K->2272K(20480K)] 35470K->19429K(66560K), 0.0008890 secs] [Times: user=0.01 sys=0.00, real=0.00 secs] 
78.548: Total time for which application threads were stopped: 0.0010430 seconds, Stopping threads took: 0.0000820 seconds
78.572: Application time: 0.0243170 seconds
78.572: [GC [PSYoungGen: 19197K->2304K(20480K)] 36355K->24581K(66560K), 0.0019850 secs] [Times: user=0.01 sys=0.00, real=0.00 secs] 
78.574: Total time for which application threads were stopped: 0.0021570 seconds, Stopping threads took: 0.0000990 seconds
78.615: Application time: 0.0407400 seconds
78.615: [GC [PSYoungGen: 20223K->2240K(20480K)] 42500K->24517K(66560K), 0.0007680 secs] [Times: user=0.00 sys=0.00, real=0.00 secs] 
78.616: Total time for which application threads were stopped: 0.0008940 seconds, Stopping threads took: 0.0000650 seconds
78.640: Application time: 0.0245120 seconds
78.640: [GC [PSYoungGen: 19342K->2304K(20480K)] 41620K->29701K(66560K), 0.0019070 secs] [Times: user=0.01 sys=0.00, real=0.00 secs] 
78.642: Total time for which application threads were stopped: 0.0020600 seconds, Stopping threads took: 0.0000720 seconds
78.684: Application time: 0.0416200 seconds
78.687: [GC [PSYoungGen: 20224K->2304K(20480K)] 47621K->30725K(66560K), 0.0008910 secs] [Times: user=0.00 sys=0.00, real=0.00 secs] 
78.687: Total time for which application threads were stopped: 0.0033920 seconds, Stopping threads took: 0.0024390 seconds
78.711: Application time: 0.0240000 seconds
78.712: [GC [PSYoungGen: 19398K->2304K(20480K)] 47819K->35845K(66560K), 0.0019210 secs] [Times: user=0.01 sys=0.00, real=0.00 secs] 
78.714: Total time for which application threads were stopped: 0.0021040 seconds, Stopping threads took: 0.0001130 seconds
78.744: Application time: 0.0304290 seconds
78.744: [GC [PSYoungGen: 19543K->2272K(20480K)] 53084K->39909K(66560K), 0.0018190 secs] [Times: user=0.01 sys=0.00, real=0.00 secs] 
78.746: Total time for which application threads were stopped: 0.0019720 seconds, Stopping threads took: 0.0000830 seconds
78.779: Application time: 0.0327400 seconds
78.779: [GC [PSYoungGen: 20069K->2304K(20480K)] 57707K->45061K(66560K), 0.0020640 secs] [Times: user=0.01 sys=0.00, real=0.00 secs] 
78.781: [Full GC [PSYoungGen: 2304K->0K(20480K)] [ParOldGen: 42757K->10674K(46080K)] 45061K->10674K(66560K) [PSPermGen: 5498K->5498K(21504K)], 0.0061050 secs] [Times: user=0.03 sys=0.00, real=0.00 secs] 
78.787: Total time for which application threads were stopped: 0.0083700 seconds, Stopping threads took: 0.0000840 seconds
78.820: Application time: 0.0330470 seconds
78.820: [GC [PSYoungGen: 17234K->2304K(20480K)] 27909K->17074K(66560K), 0.0015960 secs] [Times: user=0.01 sys=0.00, real=0.00 secs] 
78.822: Total time for which application threads were stopped: 0.0017400 seconds, Stopping threads took: 0.0000750 seconds
78.855: Application time: 0.0331740 seconds
78.855: [GC [PSYoungGen: 20139K->2304K(20480K)] 34910K->22194K(66560K), 0.0020450 secs] [Times: user=0.02 sys=0.00, real=0.00 secs] 
78.857: Total time for which application threads were stopped: 0.0022100 seconds, Stopping threads took: 0.0000810 seconds
78.886: Application time: 0.0284560 seconds
78.886: [GC [PSYoungGen: 19442K->2304K(20480K)] 39333K->27315K(66560K), 0.0020090 secs] [Times: user=0.02 sys=0.00, real=0.00 secs] 
78.888: Total time for which application threads were stopped: 0.0021790 seconds, Stopping threads took: 0.0000980 seconds
78.925: Application time: 0.0369400 seconds
78.925: [GC [PSYoungGen: 19508K->2368K(20480K)] 44519K->31475K(66560K), 0.0018160 secs] [Times: user=0.01 sys=0.00, real=0.00 secs] 
78.927: Total time for which application threads were stopped: 0.0019740 seconds, Stopping threads took: 0.0000880 seconds
78.953: Application time: 0.0259040 seconds
78.953: [GC [PSYoungGen: 19580K->2400K(20480K)] 48687K->35603K(66560K), 0.0017710 secs] [Times: user=0.01 sys=0.00, real=0.00 secs] 
78.955: Total time for which application threads were stopped: 0.0019120 seconds, Stopping threads took: 0.0000700 seconds
78.993: Application time: 0.0381300 seconds
78.993: [GC [PSYoungGen: 19630K->2512K(20480K)] 52833K->38787K(66560K), 0.0015060 secs] [Times: user=0.00 sys=0.01, real=0.00 secs] 
78.994: Total time for which application threads were stopped: 0.0017010 seconds, Stopping threads took: 0.0001080 seconds
79.018: Application time: 0.0235380 seconds
79.018: [GC [PSYoungGen: 20432K->2512K(20480K)] 56707K->43907K(66560K), 0.0021380 secs] [Times: user=0.02 sys=0.00, real=0.01 secs] 
79.020: [Full GC [PSYoungGen: 2512K->0K(20480K)] [ParOldGen: 41395K->10675K(46080K)] 43907K->10675K(66560K) [PSPermGen: 5498K->5498K(21504K)], 0.0066040 secs] [Times: user=0.03 sys=0.00, real=0.00 secs] 
79.027: Total time for which application threads were stopped: 0.0089360 seconds, Stopping threads took: 0.0000770 seconds
79.067: Application time: 0.0403890 seconds
79.067: [GC [PSYoungGen: 17019K->2272K(20480K)] 27694K->16019K(66560K), 0.0015040 secs] [Times: user=0.01 sys=0.00, real=0.00 secs] 
79.069: Total time for which application threads were stopped: 0.0016410 seconds, Stopping threads took: 0.0000680 seconds
79.094: Application time: 0.0249880 seconds
79.094: [GC [PSYoungGen: 19284K->2304K(20480K)] 33031K->20147K(66560K), 0.0017140 secs] [Times: user=0.01 sys=0.00, real=0.00 secs] 
79.096: Total time for which application threads were stopped: 0.0018560 seconds, Stopping threads took: 0.0000720 seconds
79.136: Application time: 0.0402720 seconds
79.136: [GC [PSYoungGen: 20224K->2304K(20480K)] 38067K->23219K(66560K), 0.0014570 secs] [Times: user=0.01 sys=0.00, real=0.00 secs] 
79.138: Total time for which application threads were stopped: 0.0016010 seconds, Stopping threads took: 0.0000750 seconds
79.163: Application time: 0.0251010 seconds
79.163: [GC [PSYoungGen: 19429K->2304K(20480K)] 40345K->27315K(66560K), 0.0017070 secs] [Times: user=0.01 sys=0.00, real=0.00 secs] 
79.165: Total time for which application threads were stopped: 0.0018870 seconds, Stopping threads took: 0.0001130 seconds
79.205: Application time: 0.0404120 seconds
79.205: [GC [PSYoungGen: 20185K->2336K(20480K)] 45197K->29395K(66560K), 0.0011540 secs] [Times: user=0.00 sys=0.00, real=0.00 secs] 
79.206: Total time for which application threads were stopped: 0.0012970 seconds, Stopping threads took: 0.0000780 seconds
79.232: Application time: 0.0254590 seconds
79.232: [GC [PSYoungGen: 19485K->2304K(20480K)] 46545K->32435K(66560K), 0.0013570 secs] [Times: user=0.01 sys=0.00, real=0.00 secs] 
79.233: Total time for which application threads were stopped: 0.0014930 seconds, Stopping threads took: 0.0000710 seconds
79.275: Application time: 0.0412650 seconds
79.275: [GC [PSYoungGen: 20224K->2208K(20480K)] 50355K->34387K(66560K), 0.0012870 secs] [Times: user=0.01 sys=0.00, real=0.00 secs] 
79.276: Total time for which application threads were stopped: 0.0014100 seconds, Stopping threads took: 0.0000580 seconds
79.298: Application time: 0.0218860 seconds
79.298: [GC [PSYoungGen: 19323K->2304K(20480K)] 51503K->39603K(66560K), 0.0019580 secs] [Times: user=0.02 sys=0.00, real=0.01 secs] 
79.300: Total time for which application threads were stopped: 0.0020950 seconds, Stopping threads took: 0.0000640 seconds
79.340: Application time: 0.0397430 seconds
79.340: [GC [PSYoungGen: 19857K->2304K(20480K)] 57157K->42676K(66560K), 0.0014920 secs] [Times: user=0.01 sys=0.00, real=0.00 secs] 
79.341: [Full GC [PSYoungGen: 2304K->0K(20480K)] [ParOldGen: 40371K->8646K(46080K)] 42676K->8646K(66560K) [PSPermGen: 5498K->5498K(21504K)], 0.0058460 secs] [Times: user=0.03 sys=0.00, real=0.00 secs] 
79.347: Total time for which application threads were stopped: 0.0075240 seconds, Stopping threads took: 0.0000720 seconds
79.370: Application time: 0.0230090 seconds
79.370: [GC [PSYoungGen: 17469K->2304K(20480K)] 26115K->16070K(66560K), 0.0020450 secs] [Times: user=0.01 sys=0.00, real=0.00 secs] 
79.373: Total time for which application threads were stopped: 0.0022130 seconds, Stopping threads took: 0.0000820 seconds
79.414: Application time: 0.0414000 seconds
79.414: [GC [PSYoungGen: 19822K->2304K(20480K)] 33588K->18118K(66560K), 0.0012570 secs] [Times: user=0.00 sys=0.00, real=0.00 secs] 
79.415: Total time for which application threads were stopped: 0.0014050 seconds, Stopping threads took: 0.0000820 seconds
79.438: Application time: 0.0230370 seconds
79.439: [GC [PSYoungGen: 19817K->2304K(20480K)] 35632K->23238K(66560K), 0.0020000 secs] [Times: user=0.01 sys=0.00, real=0.00 secs] 
79.441: Total time for which application threads were stopped: 0.0021720 seconds, Stopping threads took: 0.0001010 seconds
79.484: Application time: 0.0430660 seconds
79.484: [GC [PSYoungGen: 19809K->2320K(20480K)] 40743K->24278K(66560K), 0.0009690 secs] [Times: user=0.01 sys=0.00, real=0.00 secs] 
79.485: Total time for which application threads were stopped: 0.0011050 seconds, Stopping threads took: 0.0000700 seconds
79.507: Application time: 0.0218280 seconds
79.507: [GC [PSYoungGen: 19855K->2240K(20480K)] 41814K->28294K(66560K), 0.0018680 secs] [Times: user=0.00 sys=0.00, real=0.00 secs] 
79.509: Total time for which application threads were stopped: 0.0020510 seconds, Stopping threads took: 0.0001110 seconds
79.550: Application time: 0.0417270 seconds
79.550: [GC [PSYoungGen: 19453K->2304K(20480K)] 45507K->28358K(66560K), 0.0007700 secs] [Times: user=0.00 sys=0.00, real=0.00 secs] 
79.551: Total time for which application threads were stopped: 0.0009100 seconds, Stopping threads took: 0.0000700 seconds
79.576: Application time: 0.0244680 seconds
79.576: [GC [PSYoungGen: 20157K->2304K(20480K)] 46212K->32454K(66560K), 0.0017180 secs] [Times: user=0.02 sys=0.00, real=0.00 secs] 
79.578: Total time for which application threads were stopped: 0.0018710 seconds, Stopping threads took: 0.0000850 seconds
79.618: Application time: 0.0403800 seconds
79.618: [GC [PSYoungGen: 19634K->2320K(20480K)] 49785K->33494K(66560K), 0.0010040 secs] [Times: user=0.00 sys=0.00, real=0.01 secs] 
79.619: Total time for which application threads were stopped: 0.0011400 seconds, Stopping threads took: 0.0000710 seconds
79.644: Application time: 0.0244190 seconds
79.644: [GC [PSYoungGen: 19309K->2368K(20480K)] 50483K->38662K(66560K), 0.0020190 secs] [Times: user=0.01 sys=0.00, real=0.00 secs] 
79.646: Total time for which application threads were stopped: 0.0021540 seconds, Stopping threads took: 0.0000640 seconds
79.682: Application time: 0.0360750 seconds
79.682: [GC [PSYoungGen: 19299K->2416K(20480K)] 55594K->39734K(66560K), 0.0009890 secs] [Times: user=0.01 sys=0.00, real=0.00 secs] 
79.683: Total time for which application threads were stopped: 0.0011180 seconds, Stopping threads took: 0.0000680 seconds
79.709: Application time: 0.0257910 seconds
79.709: [GC [PSYoungGen: 19911K->2512K(20480K)] 57229K->43926K(66560K), 0.0020130 secs] [Times: user=0.01 sys=0.00, real=0.01 secs] 
79.711: [Full GC [PSYoungGen: 2512K->0K(20480K)] [ParOldGen: 41414K->9673K(46080K)] 43926K->9673K(66560K) [PSPermGen: 5498K->5498K(21504K)], 0.0061060 secs] [Times: user=0.03 sys=0.00, real=0.00 secs] 
79.717: Total time for which application threads were stopped: 0.0084790 seconds, Stopping threads took: 0.0002350 seconds
79.755: Application time: 0.0377830 seconds
79.755: [GC [PSYoungGen: 17526K->2304K(20480K)] 27200K->13001K(66560K), 0.0009020 secs] [Times: user=0.01 sys=0.00, real=0.00 secs] 
79.756: Total time for which application threads were stopped: 0.0010200 seconds, Stopping threads took: 0.0000580 seconds
79.785: Application time: 0.0287550 seconds
79.785: [GC [PSYoungGen: 19873K->2304K(20480K)] 30571K->17097K(66560K), 0.0017240 secs] [Times: user=0.02 sys=0.00, real=0.00 secs] 
79.787: Total time for which application threads were stopped: 0.0018690 seconds, Stopping threads took: 0.0000750 seconds
79.814: Application time: 0.0271720 seconds
79.814: [GC [PSYoungGen: 19266K->2304K(20480K)] 34060K->21194K(66560K), 0.0017180 secs] [Times: user=0.02 sys=0.00, real=0.00 secs] 
79.816: Total time for which application threads were stopped: 0.0018790 seconds, Stopping threads took: 0.0000900 seconds
79.852: Application time: 0.0359560 seconds
79.852: [GC [PSYoungGen: 20224K->2304K(20480K)] 39114K->26314K(66560K), 0.0019250 secs] [Times: user=0.02 sys=0.00, real=0.00 secs] 
79.854: Total time for which application threads were stopped: 0.0020970 seconds, Stopping threads took: 0.0000920 seconds
79.882: Application time: 0.0285600 seconds
79.882: [GC [PSYoungGen: 19372K->2304K(20480K)] 43382K->30410K(66560K), 0.0017260 secs] [Times: user=0.01 sys=0.00, real=0.00 secs] 
79.884: Total time for which application threads were stopped: 0.0018820 seconds, Stopping threads took: 0.0000740 seconds
79.919: Application time: 0.0346250 seconds
79.923: [GC [PSYoungGen: 19223K->2304K(20480K)] 47329K->34506K(66560K), 0.0018110 secs] [Times: user=0.01 sys=0.00, real=0.00 secs] 
79.924: Total time for which application threads were stopped: 0.0055670 seconds, Stopping threads took: 0.0036860 seconds
79.951: Application time: 0.0270590 seconds
79.952: [GC [PSYoungGen: 19396K->2304K(20480K)] 51598K->39626K(66560K), 0.0019680 secs] [Times: user=0.02 sys=0.00, real=0.00 secs] 
79.954: Total time for which application threads were stopped: 0.0021020 seconds, Stopping threads took: 0.0000600 seconds
79.991: Application time: 0.0377770 seconds
79.991: [GC [PSYoungGen: 20223K->2272K(20480K)] 57546K->43690K(66560K), 0.0018450 secs] [Times: user=0.01 sys=0.00, real=0.00 secs] 
79.993: [Full GC [PSYoungGen: 2272K->0K(20480K)] [ParOldGen: 41418K->9673K(46080K)] 43690K->9673K(66560K) [PSPermGen: 5498K->5498K(21504K)], 0.0059830 secs] [Times: user=0.03 sys=0.00, real=0.01 secs] 
79.999: Total time for which application threads were stopped: 0.0080540 seconds, Stopping threads took: 0.0001120 seconds
80.025: Application time: 0.0252210 seconds
80.025: [GC [PSYoungGen: 17077K->2304K(20480K)] 26750K->17097K(66560K), 0.0019520 secs] [Times: user=0.01 sys=0.01, real=0.00 secs] 
80.027: Total time for which application threads were stopped: 0.0021060 seconds, Stopping threads took: 0.0000830 seconds
80.067: Application time: 0.0404620 seconds
80.071: [GC [PSYoungGen: 19247K->2272K(20480K)] 34040K->20137K(66560K), 0.0014390 secs] [Times: user=0.01 sys=0.00, real=0.00 secs] 
80.072: Total time for which application threads were stopped: 0.0048490 seconds, Stopping threads took: 0.0033430 seconds
80.094: Application time: 0.0215190 seconds
80.095: [GC [PSYoungGen: 19305K->2304K(20480K)] 37171K->25289K(66560K), 0.0020580 secs] [Times: user=0.01 sys=0.00, real=0.00 secs] 
80.097: Total time for which application threads were stopped: 0.0031200 seconds, Stopping threads took: 0.0009910 seconds
80.140: Application time: 0.0430490 seconds
80.140: [GC [PSYoungGen: 20224K->2304K(20480K)] 43209K->29386K(66560K), 0.0017060 secs] [Times: user=0.02 sys=0.00, real=0.00 secs] 
80.142: Total time for which application threads were stopped: 0.0018460 seconds, Stopping threads took: 0.0000740 seconds
80.165: Application time: 0.0229460 seconds
80.165: [GC [PSYoungGen: 19455K->2272K(20480K)] 46537K->33450K(66560K), 0.0017230 secs] [Times: user=0.01 sys=0.00, real=0.00 secs] 
80.166: Total time for which application threads were stopped: 0.0018520 seconds, Stopping threads took: 0.0000620 seconds
80.207: Application time: 0.0409560 seconds
80.207: [GC [PSYoungGen: 20049K->2304K(20480K)] 51227K->36554K(66560K), 0.0014890 secs] [Times: user=0.01 sys=0.00, real=0.00 secs] 
80.209: Total time for which application threads were stopped: 0.0016340 seconds, Stopping threads took: 0.0000750 seconds
80.232: Application time: 0.0230180 seconds
80.232: [GC [PSYoungGen: 19570K->2304K(20480K)] 53820K->41674K(66560K), 0.0019610 secs] [Times: user=0.01 sys=0.00, real=0.00 secs] 
80.234: [Full GC [PSYoungGen: 2304K->0K(20480K)] [ParOldGen: 39370K->10757K(46080K)] 41674K->10757K(66560K) [PSPermGen: 5498K->5498K(21504K)], 0.0062460 secs] [Times: user=0.03 sys=0.00, real=0.01 secs] 
80.240: Total time for which application threads were stopped: 0.0084080 seconds, Stopping threads took: 0.0000870 seconds
80.282: Application time: 0.0417060 seconds
80.282: [GC [PSYoungGen: 17651K->2320K(20480K)] 28408K->15125K(66560K), 0.0012370 secs] [Times: user=0.01 sys=0.00, real=0.00 secs] 
80.283: Total time for which application threads were stopped: 0.0013890 seconds, Stopping threads took: 0.0000850 seconds
80.306: Application time: 0.0226760 seconds
80.306: [GC [PSYoungGen: 19710K->2304K(20480K)] 32515K->20229K(66560K), 0.0020530 secs] [Times: user=0.02 sys=0.00, real=0.00 secs] 
80.308: Total time for which application threads were stopped: 0.0021990 seconds, Stopping threads took: 0.0000710 seconds
80.351: Application time: 0.0426220 seconds
80.351: [GC [PSYoungGen: 20224K->2352K(20480K)] 38149K->21301K(66560K), 0.0010640 secs] [Times: user=0.00 sys=0.00, real=0.00 secs] 
80.352: Total time for which application threads were stopped: 0.0012060 seconds, Stopping threads took: 0.0000780 seconds
80.375: Application time: 0.0227960 seconds
80.375: [GC [PSYoungGen: 19809K->2336K(20480K)] 38758K->25381K(66560K), 0.0018240 secs] [Times: user=0.01 sys=0.00, real=0.00 secs] 
80.377: Total time for which application threads were stopped: 0.0019670 seconds, Stopping threads took: 0.0000710 seconds
80.419: Application time: 0.0417990 seconds
80.419: [GC [PSYoungGen: 20159K->2480K(20480K)] 43204K->25525K(66560K), 0.0008390 secs] [Times: user=0.01 sys=0.00, real=0.00 secs] 
80.420: Total time for which application threads were stopped: 0.0009730 seconds, Stopping threads took: 0.0000620 seconds
80.444: Application time: 0.0245420 seconds
80.444: [GC [PSYoungGen: 20255K->2496K(20480K)] 43300K->29637K(66560K), 0.0017860 secs] [Times: user=0.02 sys=0.00, real=0.00 secs] 
80.446: Total time for which application threads were stopped: 0.0019530 seconds, Stopping threads took: 0.0001000 seconds
80.485: Application time: 0.0385070 seconds
80.485: [GC [PSYoungGen: 19404K->2496K(20480K)] 46545K->29637K(66560K), 0.0007670 secs] [Times: user=0.01 sys=0.00, real=0.00 secs] 
80.486: Total time for which application threads were stopped: 0.0008940 seconds, Stopping threads took: 0.0000650 seconds
80.511: Application time: 0.0255350 seconds
80.511: [GC [PSYoungGen: 19593K->2496K(20480K)] 46734K->34757K(66560K), 0.0020230 secs] [Times: user=0.01 sys=0.00, real=0.00 secs] 
80.513: Total time for which application threads were stopped: 0.0021630 seconds, Stopping threads took: 0.0000700 seconds
80.552: Application time: 0.0383990 seconds
80.552: [GC [PSYoungGen: 20258K->2480K(20480K)] 52520K->35765K(66560K), 0.0010080 secs] [Times: user=0.01 sys=0.00, real=0.00 secs] 
80.553: Total time for which application threads were stopped: 0.0011510 seconds, Stopping threads took: 0.0000800 seconds
80.578: Application time: 0.0252080 seconds
80.578: [GC [PSYoungGen: 19656K->2512K(20480K)] 52941K->40917K(66560K), 0.0019990 secs] [Times: user=0.01 sys=0.00, real=0.01 secs] 
80.580: Total time for which application threads were stopped: 0.0021420 seconds, Stopping threads took: 0.0000730 seconds
80.616: Application time: 0.0358870 seconds
80.616: [GC [PSYoungGen: 19995K->2528K(20480K)] 58400K->45029K(66560K), 0.0017510 secs] [Times: user=0.01 sys=0.00, real=0.00 secs] 
80.618: [Full GC [PSYoungGen: 2528K->0K(20480K)] [ParOldGen: 42501K->9670K(46080K)] 45029K->9670K(66560K) [PSPermGen: 5498K->5498K(21504K)], 0.0062160 secs] [Times: user=0.02 sys=0.00, real=0.01 secs] 
80.624: Total time for which application threads were stopped: 0.0081380 seconds, Stopping threads took: 0.0000580 seconds
80.652: Application time: 0.0277050 seconds
80.652: [GC [PSYoungGen: 17533K->2304K(20480K)] 27203K->16070K(66560K), 0.0017550 secs] [Times: user=0.01 sys=0.00, real=0.00 secs] 
80.654: Total time for which application threads were stopped: 0.0018970 seconds, Stopping threads took: 0.0000710 seconds
80.690: Application time: 0.0359400 seconds
80.690: [GC [PSYoungGen: 19698K->2304K(20480K)] 33464K->19142K(66560K), 0.0014290 secs] [Times: user=0.01 sys=0.00, real=0.01 secs] 
80.691: Total time for which application threads were stopped: 0.0015640 seconds, Stopping threads took: 0.0000680 seconds
80.722: Application time: 0.0306910 seconds
80.722: [GC [PSYoungGen: 19981K->2272K(20480K)] 36819K->22182K(66560K), 0.0015390 secs] [Times: user=0.01 sys=0.00, real=0.00 secs] 
80.724: Total time for which application threads were stopped: 0.0017360 seconds, Stopping threads took: 0.0001280 seconds
80.750: Application time: 0.0257450 seconds
80.750: [GC [PSYoungGen: 19204K->2272K(20480K)] 39114K->26278K(66560K), 0.0017750 secs] [Times: user=0.02 sys=0.00, real=0.01 secs] 
80.752: Total time for which application threads were stopped: 0.0019870 seconds, Stopping threads took: 0.0001430 seconds
80.792: Application time: 0.0401030 seconds
80.792: [GC [PSYoungGen: 19377K->2304K(20480K)] 43383K->30406K(66560K), 0.0017350 secs] [Times: user=0.01 sys=0.00, real=0.00 secs] 
80.794: Total time for which application threads were stopped: 0.0019020 seconds, Stopping threads took: 0.0000960 seconds
80.819: Application time: 0.0257690 seconds
80.819: [GC [PSYoungGen: 20224K->2272K(20480K)] 48326K->33446K(66560K), 0.0015390 secs] [Times: user=0.01 sys=0.00, real=0.00 secs] 
80.821: Total time for which application threads were stopped: 0.0016610 seconds, Stopping threads took: 0.0000510 seconds
80.861: Application time: 0.0402250 seconds
80.861: [GC [PSYoungGen: 19416K->2304K(20480K)] 50591K->37574K(66560K), 0.0017490 secs] [Times: user=0.01 sys=0.00, real=0.00 secs] 
80.863: Total time for which application threads were stopped: 0.0019280 seconds, Stopping threads took: 0.0001040 seconds
80.889: Application time: 0.0260170 seconds
80.889: [GC [PSYoungGen: 20224K->2240K(20480K)] 55494K->41606K(66560K), 0.0017120 secs] [Times: user=0.01 sys=0.00, real=0.01 secs] 
80.891: Total time for which application threads were stopped: 0.0019130 seconds, Stopping threads took: 0.0001280 seconds
80.932: Application time: 0.0409700 seconds
80.932: [GC [PSYoungGen: 19420K->2304K(20480K)] 58786K->45766K(66560K), 0.0016620 secs] [Times: user=0.01 sys=0.00, real=0.00 secs] 
80.934: [Full GC [PSYoungGen: 2304K->0K(20480K)] [ParOldGen: 43462K->9669K(46080K)] 45766K->9669K(66560K) [PSPermGen: 5498K->5498K(21504K)], 0.0059000 secs] [Times: user=0.02 sys=0.00, real=0.01 secs] 
80.940: Total time for which application threads were stopped: 0.0077670 seconds, Stopping threads took: 0.0000770 seconds
80.966: Application time: 0.0261950 seconds
80.966: [GC [PSYoungGen: 17913K->2304K(20480K)] 27583K->15045K(66560K), 0.0014110 secs] [Times: user=0.01 sys=0.00, real=0.00 secs] 
80.968: Total time for which application threads were stopped: 0.0015330 seconds, Stopping threads took: 0.0000560 seconds
81.003: Application time: 0.0354530 seconds
81.003: [GC [PSYoungGen: 20223K->2272K(20480K)] 32965K->20133K(66560K), 0.0021240 secs] [Times: user=0.02 sys=0.00, real=0.00 secs] 
81.005: Total time for which application threads were stopped: 0.0022770 seconds, Stopping threads took: 0.0000820 seconds
81.036: Application time: 0.0303040 seconds
81.036: [GC [PSYoungGen: 19494K->2320K(20480K)] 37355K->24277K(66560K), 0.0015780 secs] [Times: user=0.01 sys=0.00, real=0.00 secs] 
81.037: Total time for which application threads were stopped: 0.0017120 seconds, Stopping threads took: 0.0000630 seconds
81.073: Application time: 0.0352620 seconds
81.073: [GC [PSYoungGen: 19426K->2384K(20480K)] 41384K->27413K(66560K), 0.0015190 secs] [Times: user=0.01 sys=0.00, real=0.00 secs] 
81.074: Total time for which application threads were stopped: 0.0017750 seconds, Stopping threads took: 0.0001830 seconds
81.095: Application time: 0.0211010 seconds
81.096: [GC [PSYoungGen: 19377K->2368K(20480K)] 44407K->32517K(66560K), 0.0020860 secs] [Times: user=0.02 sys=0.00, real=0.00 secs] 
81.098: Total time for which application threads were stopped: 0.0022520 seconds, Stopping threads took: 0.0000960 seconds
81.143: Application time: 0.0450670 seconds
81.143: [GC [PSYoungGen: 19922K->2496K(20480K)] 50071K->33669K(66560K), 0.0011930 secs] [Times: user=0.00 sys=0.00, real=0.00 secs] 
81.144: Total time for which application threads were stopped: 0.0013460 seconds, Stopping threads took: 0.0000870 seconds
81.166: Application time: 0.0219510 seconds
81.166: [GC [PSYoungGen: 19537K->2528K(20480K)] 50710K->36773K(66560K), 0.0015470 secs] [Times: user=0.01 sys=0.00, real=0.00 secs] 
81.168: Total time for which application threads were stopped: 0.0016720 seconds, Stopping threads took: 0.0000560 seconds
81.211: Application time: 0.0429380 seconds
81.211: [GC [PSYoungGen: 20347K->2544K(20480K)] 54593K->36797K(66560K), 0.0008280 secs] [Times: user=0.01 sys=0.00, real=0.00 secs] 
81.212: Total time for which application threads were stopped: 0.0009560 seconds, Stopping threads took: 0.0000660 seconds
81.233: Application time: 0.0217110 seconds
81.234: [GC [PSYoungGen: 19749K->2496K(20480K)] 54003K->41869K(66560K), 0.0020450 secs] [Times: user=0.01 sys=0.00, real=0.00 secs] 
81.236: [Full GC [PSYoungGen: 2496K->0K(20480K)] [ParOldGen: 39373K->10677K(46080K)] 41869K->10677K(66560K) [PSPermGen: 5498K->5498K(21504K)], 0.0064670 secs] [Times: user=0.03 sys=0.00, real=0.01 secs] 
81.242: Total time for which application threads were stopped: 0.0087110 seconds, Stopping threads took: 0.0000850 seconds
81.285: Application time: 0.0424640 seconds
81.285: [GC [PSYoungGen: 17539K->1280K(20480K)] 28217K->11957K(66560K), 0.0005250 secs] [Times: user=0.00 sys=0.00, real=0.00 secs] 
81.285: Total time for which application threads were stopped: 0.0006570 seconds, Stopping threads took: 0.0000700 seconds
81.308: Application time: 0.0229850 seconds
81.308: [GC [PSYoungGen: 18794K->2208K(20480K)] 29472K->16982K(66560K), 0.0017170 secs] [Times: user=0.00 sys=0.00, real=0.00 secs] 
81.310: Total time for which application threads were stopped: 0.0018580 seconds, Stopping threads took: 0.0000730 seconds
81.352: Application time: 0.0420430 seconds
81.352: [GC [PSYoungGen: 19647K->1248K(20480K)] 34421K->16021K(66560K), 0.0005050 secs] [Times: user=0.00 sys=0.00, real=0.00 secs] 
81.353: Total time for which application threads were stopped: 0.0006330 seconds, Stopping threads took: 0.0000660 seconds
81.376: Application time: 0.0228830 seconds
81.376: [GC [PSYoungGen: 18839K->2304K(20480K)] 33613K->22198K(66560K), 0.0019330 secs] [Times: user=0.01 sys=0.00, real=0.00 secs] 
81.378: Total time for which application threads were stopped: 0.0020800 seconds, Stopping threads took: 0.0000750 seconds
81.417: Application time: 0.0390040 seconds
81.419: [GC [PSYoungGen: 20224K->2304K(20480K)] 40118K->23222K(66560K), 0.0009260 secs] [Times: user=0.01 sys=0.00, real=0.00 secs] 
81.420: Total time for which application threads were stopped: 0.0027770 seconds, Stopping threads took: 0.0017860 seconds
81.444: Application time: 0.0240110 seconds
81.444: [GC [PSYoungGen: 19410K->2304K(20480K)] 40328K->28342K(66560K), 0.0019380 secs] [Times: user=0.01 sys=0.00, real=0.00 secs] 
81.446: Total time for which application threads were stopped: 0.0020890 seconds, Stopping threads took: 0.0000760 seconds
81.485: Application time: 0.0393250 seconds
81.485: [GC [PSYoungGen: 20039K->2304K(20480K)] 46077K->29366K(66560K), 0.0009700 secs] [Times: user=0.00 sys=0.00, real=0.00 secs] 
81.486: Total time for which application threads were stopped: 0.0011110 seconds, Stopping threads took: 0.0000780 seconds
81.510: Application time: 0.0239980 seconds
81.510: [GC [PSYoungGen: 19582K->2304K(20480K)] 46644K->34486K(66560K), 0.0020300 secs] [Times: user=0.01 sys=0.00, real=0.01 secs] 
81.512: Total time for which application threads were stopped: 0.0021680 seconds, Stopping threads took: 0.0000650 seconds
81.551: Application time: 0.0386760 seconds
81.551: [GC [PSYoungGen: 19865K->2272K(20480K)] 52048K->36502K(66560K), 0.0011930 secs] [Times: user=0.01 sys=0.00, real=0.00 secs] 
81.552: Total time for which application threads were stopped: 0.0013430 seconds, Stopping threads took: 0.0000840 seconds
81.578: Application time: 0.0255360 seconds
81.578: [GC [PSYoungGen: 19742K->2272K(20480K)] 53972K->41622K(66560K), 0.0020700 secs] [Times: user=0.01 sys=0.00, real=0.01 secs] 
81.580: [Full GC [PSYoungGen: 2272K->0K(20480K)] [ParOldGen: 39350K->10674K(46080K)] 41622K->10674K(66560K) [PSPermGen: 5498K->5498K(21504K)], 0.0065710 secs] [Times: user=0.03 sys=0.00, real=0.00 secs] 
81.587: Total time for which application threads were stopped: 0.0088670 seconds, Stopping threads took: 0.0001040 seconds
81.620: Application time: 0.0334100 seconds
81.620: [GC [PSYoungGen: 17271K->2304K(20480K)] 27945K->17074K(66560K), 0.0016970 secs] [Times: user=0.01 sys=0.00, real=0.00 secs] 
81.622: Total time for which application threads were stopped: 0.0018310 seconds, Stopping threads took: 0.0000630 seconds
81.654: Application time: 0.0324740 seconds
81.655: [GC [PSYoungGen: 20099K->2304K(20480K)] 34870K->21170K(66560K), 0.0016830 secs] [Times: user=0.01 sys=0.00, real=0.00 secs] 
81.656: Total time for which application threads were stopped: 0.0018370 seconds, Stopping threads took: 0.0000790 seconds
81.686: Application time: 0.0297140 seconds
81.686: [GC [PSYoungGen: 19379K->2320K(20480K)] 38246K->25282K(66560K), 0.0017350 secs] [Times: user=0.01 sys=0.00, real=0.00 secs] 
81.688: Total time for which application threads were stopped: 0.0018790 seconds, Stopping threads took: 0.0000740 seconds
81.722: Application time: 0.0345020 seconds
81.722: [GC [PSYoungGen: 19238K->2304K(20480K)] 42201K->30386K(66560K), 0.0020360 secs] [Times: user=0.01 sys=0.00, real=0.00 secs] 
81.725: Total time for which application threads were stopped: 0.0022130 seconds, Stopping threads took: 0.0000990 seconds
81.752: Application time: 0.0278250 seconds
81.752: [GC [PSYoungGen: 19379K->2336K(20480K)] 47461K->34514K(66560K), 0.0017550 secs] [Times: user=0.01 sys=0.00, real=0.00 secs] 
81.754: Total time for which application threads were stopped: 0.0019040 seconds, Stopping threads took: 0.0000790 seconds
81.791: Application time: 0.0366760 seconds
81.791: [GC [PSYoungGen: 19585K->2368K(20480K)] 51764K->38642K(66560K), 0.0018650 secs] [Times: user=0.02 sys=0.00, real=0.00 secs] 
81.793: Total time for which application threads were stopped: 0.0020230 seconds, Stopping threads took: 0.0000870 seconds
81.819: Application time: 0.0259840 seconds
81.819: [GC [PSYoungGen: 19284K->2400K(20480K)] 55559K->42770K(66560K), 0.0016910 secs] [Times: user=0.01 sys=0.00, real=0.00 secs] 
81.821: [Full GC [PSYoungGen: 2400K->0K(20480K)] [ParOldGen: 40370K->9824K(46080K)] 42770K->9824K(66560K) [PSPermGen: 5498K->5498K(21504K)], 0.0059100 secs] [Times: user=0.03 sys=0.00, real=0.00 secs] 
81.827: Total time for which application threads were stopped: 0.0077840 seconds, Stopping threads took: 0.0000690 seconds
81.865: Application time: 0.0386080 seconds
81.866: [GC [PSYoungGen: 17602K->2432K(20480K)] 27427K->16353K(66560K), 0.0017840 secs] [Times: user=0.02 sys=0.00, real=0.00 secs] 
81.867: Total time for which application threads were stopped: 0.0019620 seconds, Stopping threads took: 0.0001030 seconds
81.893: Application time: 0.0258530 seconds
81.893: [GC [PSYoungGen: 20352K->2432K(20480K)] 34273K->20449K(66560K), 0.0016520 secs] [Times: user=0.02 sys=0.00, real=0.00 secs] 
81.895: Total time for which application threads were stopped: 0.0017910 seconds, Stopping threads took: 0.0000700 seconds
81.935: Application time: 0.0400570 seconds
81.935: [GC [PSYoungGen: 19543K->2448K(20480K)] 37560K->23537K(66560K), 0.0015160 secs] [Times: user=0.00 sys=0.00, real=0.00 secs] 
81.937: Total time for which application threads were stopped: 0.0016570 seconds, Stopping threads took: 0.0000690 seconds
81.959: Application time: 0.0218320 seconds
81.959: [GC [PSYoungGen: 20342K->2432K(20480K)] 41432K->28641K(66560K), 0.0020310 secs] [Times: user=0.01 sys=0.00, real=0.00 secs] 
81.961: Total time for which application threads were stopped: 0.0021750 seconds, Stopping threads took: 0.0000630 seconds
82.004: Application time: 0.0431220 seconds
82.004: [GC [PSYoungGen: 19561K->2448K(20480K)] 45770K->30705K(66560K), 0.0012700 secs] [Times: user=0.01 sys=0.00, real=0.00 secs] 
82.005: Total time for which application threads were stopped: 0.0014070 seconds, Stopping threads took: 0.0000680 seconds
82.027: Application time: 0.0215290 seconds
82.027: [GC [PSYoungGen: 19348K->2400K(20480K)] 47606K->35777K(66560K), 0.0020240 secs] [Times: user=0.01 sys=0.00, real=0.00 secs] 
82.029: Total time for which application threads were stopped: 0.0021680 seconds, Stopping threads took: 0.0000740 seconds
82.072: Application time: 0.0430980 seconds
82.072: [GC [PSYoungGen: 20320K->2384K(20480K)] 53697K->36785K(66560K), 0.0010090 secs] [Times: user=0.00 sys=0.00, real=0.00 secs] 
82.073: Total time for which application threads were stopped: 0.0011230 seconds, Stopping threads took: 0.0000520 seconds
82.096: Application time: 0.0229400 seconds
82.096: [GC [PSYoungGen: 19526K->2432K(20480K)] 53927K->41953K(66560K), 0.0020590 secs] [Times: user=0.01 sys=0.00, real=0.00 secs] 
82.098: [Full GC [PSYoungGen: 2432K->0K(20480K)] [ParOldGen: 39521K->10678K(46080K)] 41953K->10678K(66560K) [PSPermGen: 5498K->5498K(21504K)], 0.0062440 secs] [Times: user=0.03 sys=0.00, real=0.01 secs] 
82.105: Total time for which application threads were stopped: 0.0084950 seconds, Stopping threads took: 0.0000750 seconds
82.144: Application time: 0.0394940 seconds
82.144: [GC [PSYoungGen: 17458K->2320K(20480K)] 28136K->12998K(66560K), 0.0006970 secs] [Times: user=0.01 sys=0.00, real=0.00 secs] 
82.145: Total time for which application threads were stopped: 0.0008340 seconds, Stopping threads took: 0.0000740 seconds
82.171: Application time: 0.0262330 seconds
82.171: [GC [PSYoungGen: 19927K->2304K(20480K)] 30606K->18102K(66560K), 0.0018890 secs] [Times: user=0.01 sys=0.00, real=0.00 secs] 
82.173: Total time for which application threads were stopped: 0.0020280 seconds, Stopping threads took: 0.0000700 seconds
82.212: Application time: 0.0389920 seconds
82.212: [GC [PSYoungGen: 19561K->1248K(20480K)] 35359K->17046K(66560K), 0.0005470 secs] [Times: user=0.00 sys=0.00, real=0.00 secs] 
82.213: Total time for which application threads were stopped: 0.0006750 seconds, Stopping threads took: 0.0000650 seconds
82.238: Application time: 0.0246560 seconds
82.238: [GC [PSYoungGen: 19038K->2304K(20480K)] 34836K->23222K(66560K), 0.0019520 secs] [Times: user=0.02 sys=0.00, real=0.01 secs] 
82.240: Total time for which application threads were stopped: 0.0021130 seconds, Stopping threads took: 0.0000880 seconds
82.280: Application time: 0.0405930 seconds
82.280: [GC [PSYoungGen: 19421K->1248K(20480K)] 40340K->22166K(66560K), 0.0004870 secs] [Times: user=0.00 sys=0.00, real=0.00 secs] 
82.281: Total time for which application threads were stopped: 0.0006120 seconds, Stopping threads took: 0.0000650 seconds
82.304: Application time: 0.0227790 seconds
82.304: [GC [PSYoungGen: 19082K->2304K(20480K)] 40001K->28342K(66560K), 0.0019480 secs] [Times: user=0.02 sys=0.00, real=0.00 secs] 
82.306: Total time for which application threads were stopped: 0.0020850 seconds, Stopping threads took: 0.0000690 seconds
82.346: Application time: 0.0405410 seconds
82.346: [GC [PSYoungGen: 20224K->2304K(20480K)] 46262K->30390K(66560K), 0.0011330 secs] [Times: user=0.01 sys=0.00, real=0.00 secs] 
82.348: Total time for which application threads were stopped: 0.0012710 seconds, Stopping threads took: 0.0000730 seconds
82.371: Application time: 0.0231520 seconds
82.371: [GC [PSYoungGen: 19413K->2304K(20480K)] 47499K->35510K(66560K), 0.0020290 secs] [Times: user=0.02 sys=0.00, real=0.00 secs] 
82.373: Total time for which application threads were stopped: 0.0021690 seconds, Stopping threads took: 0.0000720 seconds
82.410: Application time: 0.0372090 seconds
82.410: [GC [PSYoungGen: 19935K->2304K(20480K)] 53142K->39606K(66560K), 0.0017300 secs] [Times: user=0.01 sys=0.00, real=0.01 secs] 
82.412: Total time for which application threads were stopped: 0.0018710 seconds, Stopping threads took: 0.0000710 seconds
82.440: Application time: 0.0284200 seconds
82.440: [GC [PSYoungGen: 19738K->2304K(20480K)] 57041K->44726K(66560K), 0.0019890 secs] [Times: user=0.01 sys=0.00, real=0.00 secs] 
82.443: [Full GC [PSYoungGen: 2304K->0K(20480K)] [ParOldGen: 42422K->10899K(46080K)] 44726K->10899K(66560K) [PSPermGen: 5498K->5498K(21504K)], 0.0063820 secs] [Times: user=0.02 sys=0.00, real=0.00 secs] 
82.449: Total time for which application threads were stopped: 0.0085560 seconds, Stopping threads took: 0.0000700 seconds
82.484: Application time: 0.0352550 seconds
82.484: [GC [PSYoungGen: 17726K->2336K(20480K)] 28626K->16307K(66560K), 0.0015430 secs] [Times: user=0.01 sys=0.00, real=0.00 secs] 
82.486: Total time for which application threads were stopped: 0.0016920 seconds, Stopping threads took: 0.0000700 seconds
82.515: Application time: 0.0293370 seconds
82.515: [GC [PSYoungGen: 20000K->2368K(20480K)] 33972K->21459K(66560K), 0.0020310 secs] [Times: user=0.01 sys=0.00, real=0.00 secs] 
82.517: Total time for which application threads were stopped: 0.0021700 seconds, Stopping threads took: 0.0000650 seconds
82.547: Application time: 0.0294430 seconds
82.547: [GC [PSYoungGen: 19666K->2304K(20480K)] 38758K->25491K(66560K), 0.0018170 secs] [Times: user=0.01 sys=0.00, real=0.00 secs] 
82.549: Total time for which application threads were stopped: 0.0019770 seconds, Stopping threads took: 0.0000910 seconds
82.583: Application time: 0.0337060 seconds
82.583: [GC [PSYoungGen: 19482K->2448K(20480K)] 42670K->30755K(66560K), 0.0020540 secs] [Times: user=0.01 sys=0.00, real=0.00 secs] 
82.585: Total time for which application threads were stopped: 0.0022220 seconds, Stopping threads took: 0.0000960 seconds
82.614: Application time: 0.0294460 seconds
82.614: [GC [PSYoungGen: 19594K->2496K(20480K)] 47902K->32851K(66560K), 0.0014440 secs] [Times: user=0.00 sys=0.00, real=0.00 secs] 
82.616: Total time for which application threads were stopped: 0.0015800 seconds, Stopping threads took: 0.0000670 seconds
82.652: Application time: 0.0357930 seconds
82.652: [GC [PSYoungGen: 20395K->2432K(20480K)] 50751K->37907K(66560K), 0.0020710 secs] [Times: user=0.01 sys=0.00, real=0.00 secs] 
82.654: Total time for which application threads were stopped: 0.0022170 seconds, Stopping threads took: 0.0000710 seconds
82.683: Application time: 0.0294350 seconds
82.683: [GC [PSYoungGen: 19557K->2496K(20480K)] 55033K->40020K(66560K), 0.0012740 secs] [Times: user=0.01 sys=0.00, real=0.00 secs] 
82.685: Total time for which application threads were stopped: 0.0014110 seconds, Stopping threads took: 0.0000710 seconds
82.721: Application time: 0.0365850 seconds
82.721: [GC [PSYoungGen: 20407K->2512K(20480K)] 57931K->44132K(66560K), 0.0017500 secs] [Times: user=0.01 sys=0.00, real=0.00 secs] 
82.723: [Full GC [PSYoungGen: 2512K->0K(20480K)] [ParOldGen: 41619K->9653K(46080K)] 44132K->9653K(66560K) [PSPermGen: 5498K->5498K(21504K)], 0.0060910 secs] [Times: user=0.02 sys=0.00, real=0.00 secs] 
82.729: Total time for which application threads were stopped: 0.0080400 seconds, Stopping threads took: 0.0000830 seconds
82.759: Application time: 0.0296520 seconds
82.762: [GC [PSYoungGen: 17124K->2272K(20480K)] 26777K->11925K(66560K), 0.0007250 secs] [Times: user=0.01 sys=0.00, real=0.00 secs] 
82.763: Total time for which application threads were stopped: 0.0042300 seconds, Stopping threads took: 0.0034380 seconds
82.798: Application time: 0.0345570 seconds
82.798: [GC [PSYoungGen: 20188K->2272K(20480K)] 29841K->17045K(66560K), 0.0021260 secs] [Times: user=0.02 sys=0.00, real=0.01 secs] 
82.800: Total time for which application threads were stopped: 0.0023640 seconds, Stopping threads took: 0.0001650 seconds
82.828: Application time: 0.0284120 seconds
82.829: [GC [PSYoungGen: 19282K->2304K(20480K)] 34055K->21173K(66560K), 0.0016530 secs] [Times: user=0.01 sys=0.00, real=0.00 secs] 
82.830: Total time for which application threads were stopped: 0.0018080 seconds, Stopping threads took: 0.0000840 seconds
82.868: Application time: 0.0375460 seconds
82.868: [GC [PSYoungGen: 19304K->2304K(20480K)] 38174K->24245K(66560K), 0.0014980 secs] [Times: user=0.01 sys=0.00, real=0.00 secs] 
82.870: Total time for which application threads were stopped: 0.0016660 seconds, Stopping threads took: 0.0000970 seconds
82.895: Application time: 0.0249890 seconds
82.895: [GC [PSYoungGen: 20224K->2304K(20480K)] 42165K->29365K(66560K), 0.0019060 secs] [Times: user=0.01 sys=0.00, real=0.00 secs] 
82.897: Total time for which application threads were stopped: 0.0020460 seconds, Stopping threads took: 0.0000710 seconds
82.937: Application time: 0.0409180 seconds
82.938: [GC [PSYoungGen: 19418K->2304K(20480K)] 46480K->31413K(66560K), 0.0012120 secs] [Times: user=0.01 sys=0.00, real=0.01 secs] 
82.939: Total time for which application threads were stopped: 0.0013830 seconds, Stopping threads took: 0.0000930 seconds
82.961: Application time: 0.0218700 seconds
82.961: [GC [PSYoungGen: 20176K->2304K(20480K)] 49286K->36534K(66560K), 0.0020540 secs] [Times: user=0.02 sys=0.00, real=0.00 secs] 
82.963: Total time for which application threads were stopped: 0.0022150 seconds, Stopping threads took: 0.0000930 seconds
83.007: Application time: 0.0441350 seconds
83.011: [GC [PSYoungGen: 19468K->2304K(20480K)] 53698K->38582K(66560K), 0.0011860 secs] [Times: user=0.01 sys=0.00, real=0.00 secs] 
83.012: Total time for which application threads were stopped: 0.0047270 seconds, Stopping threads took: 0.0034600 seconds
83.033: Application time: 0.0214260 seconds
83.033: [GC [PSYoungGen: 20191K->2304K(20480K)] 56469K->43702K(66560K), 0.0020290 secs] [Times: user=0.01 sys=0.00, real=0.00 secs] 
83.035: [Full GC [PSYoungGen: 2304K->0K(20480K)] [ParOldGen: 41398K->10676K(46080K)] 43702K->10676K(66560K) [PSPermGen: 5498K->5498K(21504K)], 0.0063250 secs] [Times: user=0.03 sys=0.00, real=0.01 secs] 
83.042: Total time for which application threads were stopped: 0.0085910 seconds, Stopping threads took: 0.0001210 seconds
83.086: Application time: 0.0440580 seconds
83.086: [GC [PSYoungGen: 17122K->2304K(20480K)] 27798K->14004K(66560K), 0.0009310 secs] [Times: user=0.01 sys=0.00, real=0.00 secs] 
83.087: Total time for which application threads were stopped: 0.0010800 seconds, Stopping threads took: 0.0000840 seconds
83.108: Application time: 0.0207510 seconds
83.108: [GC [PSYoungGen: 19222K->2304K(20480K)] 30922K->19124K(66560K), 0.0020240 secs] [Times: user=0.01 sys=0.00, real=0.00 secs] 
83.110: Total time for which application threads were stopped: 0.0021680 seconds, Stopping threads took: 0.0000720 seconds
83.151: Application time: 0.0413870 seconds
83.151: [GC [PSYoungGen: 19925K->2256K(20480K)] 36745K->19076K(66560K), 0.0007120 secs] [Times: user=0.00 sys=0.00, real=0.00 secs] 
83.152: Total time for which application threads were stopped: 0.0008560 seconds, Stopping threads took: 0.0000810 seconds
83.178: Application time: 0.0257710 seconds
83.178: [GC [PSYoungGen: 19708K->2272K(20480K)] 36528K->23188K(66560K), 0.0016210 secs] [Times: user=0.01 sys=0.00, real=0.01 secs] 
83.180: Total time for which application threads were stopped: 0.0017590 seconds, Stopping threads took: 0.0000730 seconds
83.216: Application time: 0.0364990 seconds
83.216: [GC [PSYoungGen: 19604K->1296K(20480K)] 40520K->22212K(66560K), 0.0005200 secs] [Times: user=0.00 sys=0.00, real=0.00 secs] 
83.217: Total time for which application threads were stopped: 0.0006510 seconds, Stopping threads took: 0.0000680 seconds
83.241: Application time: 0.0240800 seconds
83.241: [GC [PSYoungGen: 19216K->2336K(20480K)] 40132K->28372K(66560K), 0.0019940 secs] [Times: user=0.01 sys=0.00, real=0.00 secs] 
83.243: Total time for which application threads were stopped: 0.0021490 seconds, Stopping threads took: 0.0000820 seconds
83.282: Application time: 0.0387220 seconds
83.282: [GC [PSYoungGen: 20256K->2432K(20480K)] 46292K->32564K(66560K), 0.0017970 secs] [Times: user=0.01 sys=0.00, real=0.00 secs] 
83.284: Total time for which application threads were stopped: 0.0019450 seconds, Stopping threads took: 0.0000810 seconds
83.311: Application time: 0.0275860 seconds
83.311: [GC [PSYoungGen: 20117K->2528K(20480K)] 50249K->37780K(66560K), 0.0020580 secs] [Times: user=0.01 sys=0.00, real=0.00 secs] 
83.314: Total time for which application threads were stopped: 0.0022030 seconds, Stopping threads took: 0.0000730 seconds
83.351: Application time: 0.0372690 seconds
83.351: [GC [PSYoungGen: 20265K->2496K(20480K)] 55517K->40820K(66560K), 0.0015030 secs] [Times: user=0.01 sys=0.00, real=0.00 secs] 
83.352: Total time for which application threads were stopped: 0.0016410 seconds, Stopping threads took: 0.0000710 seconds
83.379: Application time: 0.0269430 seconds
83.380: [GC [PSYoungGen: 19802K->2464K(20480K)] 58127K->45908K(66560K), 0.0021350 secs] [Times: user=0.01 sys=0.00, real=0.00 secs] 
83.382: [Full GC [PSYoungGen: 2464K->0K(20480K)] [ParOldGen: 43444K->10676K(46080K)] 45908K->10676K(66560K) [PSPermGen: 5498K->5498K(21504K)], 0.0064680 secs] [Times: user=0.03 sys=0.00, real=0.00 secs] 
83.388: Total time for which application threads were stopped: 0.0088150 seconds, Stopping threads took: 0.0000850 seconds
83.421: Application time: 0.0329210 seconds
83.421: [GC [PSYoungGen: 17463K->2304K(20480K)] 28140K->18100K(66560K), 0.0021360 secs] [Times: user=0.02 sys=0.00, real=0.00 secs] 
83.423: Total time for which application threads were stopped: 0.0022820 seconds, Stopping threads took: 0.0000740 seconds
83.457: Application time: 0.0331640 seconds
83.457: [GC [PSYoungGen: 19904K->2304K(20480K)] 35701K->22196K(66560K), 0.0017330 secs] [Times: user=0.01 sys=0.00, real=0.01 secs] 
83.458: Total time for which application threads were stopped: 0.0018870 seconds, Stopping threads took: 0.0000740 seconds
83.491: Application time: 0.0328550 seconds
83.491: [GC [PSYoungGen: 19776K->2288K(20480K)] 39669K->26276K(66560K), 0.0018570 secs] [Times: user=0.01 sys=0.00, real=0.00 secs] 
83.493: Total time for which application threads were stopped: 0.0019950 seconds, Stopping threads took: 0.0000690 seconds
83.526: Application time: 0.0322060 seconds
83.526: [GC [PSYoungGen: 19844K->2304K(20480K)] 43833K->30389K(66560K), 0.0018120 secs] [Times: user=0.01 sys=0.00, real=0.00 secs] 
83.528: Total time for which application threads were stopped: 0.0019700 seconds, Stopping threads took: 0.0000830 seconds
83.560: Application time: 0.0327480 seconds
83.560: [GC [PSYoungGen: 19736K->2320K(20480K)] 47821K->33477K(66560K), 0.0014680 secs] [Times: user=0.01 sys=0.00, real=0.00 secs] 
83.562: Total time for which application threads were stopped: 0.0015970 seconds, Stopping threads took: 0.0000630 seconds
83.595: Application time: 0.0328520 seconds
83.595: [GC [PSYoungGen: 19941K->2304K(20480K)] 51098K->37557K(66560K), 0.0017700 secs] [Times: user=0.02 sys=0.00, real=0.00 secs] 
83.597: Total time for which application threads were stopped: 0.0019250 seconds, Stopping threads took: 0.0000830 seconds
83.623: Application time: 0.0263190 seconds
83.623: [GC [PSYoungGen: 19495K->2304K(20480K)] 54748K->41653K(66560K), 0.0017500 secs] [Times: user=0.01 sys=0.00, real=0.00 secs] 
83.625: Total time for which application threads were stopped: 0.0019000 seconds, Stopping threads took: 0.0000820 seconds
83.664: Application time: 0.0391900 seconds
83.664: [GC [PSYoungGen: 20172K->2304K(20480K)] 59521K->45749K(66560K), 0.0017070 secs] [Times: user=0.01 sys=0.00, real=0.00 secs] 
83.666: [Full GC [PSYoungGen: 2304K->0K(20480K)] [ParOldGen: 43445K->9673K(46080K)] 45749K->9673K(66560K) [PSPermGen: 5498K->5498K(21504K)], 0.0061910 secs] [Times: user=0.03 sys=0.00, real=0.01 secs] 
83.672: Total time for which application threads were stopped: 0.0080970 seconds, Stopping threads took: 0.0000870 seconds
83.699: Application time: 0.0268700 seconds
83.699: [GC [PSYoungGen: 17212K->2304K(20480K)] 26885K->15049K(66560K), 0.0014480 secs] [Times: user=0.00 sys=0.00, real=0.00 secs] 
83.701: Total time for which application threads were stopped: 0.0015870 seconds, Stopping threads took: 0.0000690 seconds
83.740: Application time: 0.0390050 seconds
83.740: [GC [PSYoungGen: 20129K->2304K(20480K)] 32874K->19145K(66560K), 0.0016950 secs] [Times: user=0.02 sys=0.00, real=0.00 secs] 
83.741: Total time for which application threads were stopped: 0.0018370 seconds, Stopping threads took: 0.0000720 seconds
83.769: Application time: 0.0276630 seconds
83.771: [GC [PSYoungGen: 19556K->2304K(20480K)] 36397K->21193K(66560K), 0.0011950 secs] [Times: user=0.01 sys=0.00, real=0.00 secs] 
83.772: Total time for which application threads were stopped: 0.0026090 seconds, Stopping threads took: 0.0013500 seconds
83.806: Application time: 0.0339550 seconds
83.806: [GC [PSYoungGen: 19905K->2304K(20480K)] 38794K->25289K(66560K), 0.0017800 secs] [Times: user=0.02 sys=0.00, real=0.00 secs] 
83.808: Total time for which application threads were stopped: 0.0019380 seconds, Stopping threads took: 0.0000880 seconds
83.838: Application time: 0.0301510 seconds
83.838: [GC [PSYoungGen: 19596K->2304K(20480K)] 42582K->29385K(66560K), 0.0017340 secs] [Times: user=0.01 sys=0.00, real=0.01 secs] 
83.840: Total time for which application threads were stopped: 0.0018700 seconds, Stopping threads took: 0.0000630 seconds
83.876: Application time: 0.0360810 seconds
83.876: [GC [PSYoungGen: 20099K->2304K(20480K)] 47180K->33481K(66560K), 0.0017560 secs] [Times: user=0.01 sys=0.00, real=0.00 secs] 
83.878: Total time for which application threads were stopped: 0.0019110 seconds, Stopping threads took: 0.0000860 seconds
83.907: Application time: 0.0291660 seconds
83.907: [GC [PSYoungGen: 19644K->2336K(20480K)] 50822K->36585K(66560K), 0.0014560 secs] [Times: user=0.01 sys=0.00, real=0.00 secs] 
83.908: Total time for which application threads were stopped: 0.0015780 seconds, Stopping threads took: 0.0000560 seconds
83.945: Application time: 0.0362990 seconds
83.945: [GC [PSYoungGen: 19334K->2352K(20480K)] 53583K->38649K(66560K), 0.0013040 secs] [Times: user=0.01 sys=0.00, real=0.00 secs] 
83.946: Total time for which application threads were stopped: 0.0014710 seconds, Stopping threads took: 0.0000970 seconds
83.970: Application time: 0.0234410 seconds
83.970: [GC [PSYoungGen: 19393K->2368K(20480K)] 55690K->42761K(66560K), 0.0017130 secs] [Times: user=0.01 sys=0.00, real=0.01 secs] 
83.971: [Full GC [PSYoungGen: 2368K->0K(20480K)] [ParOldGen: 40393K->9822K(46080K)] 42761K->9822K(66560K) [PSPermGen: 5498K->5498K(21504K)], 0.0060480 secs] [Times: user=0.03 sys=0.00, real=0.00 secs] 
83.978: Total time for which application threads were stopped: 0.0079540 seconds, Stopping threads took: 0.0000780 seconds
84.018: Application time: 0.0408170 seconds
84.019: [GC [PSYoungGen: 17421K->2368K(20480K)] 27243K->13214K(66560K), 0.0010150 secs] [Times: user=0.00 sys=0.00, real=0.00 secs] 
84.020: Total time for which application threads were stopped: 0.0011750 seconds, Stopping threads took: 0.0001000 seconds
84.041: Application time: 0.0217600 seconds
84.041: [GC [PSYoungGen: 19413K->2432K(20480K)] 30259K->18398K(66560K), 0.0020240 secs] [Times: user=0.01 sys=0.00, real=0.00 secs] 
84.044: Total time for which application threads were stopped: 0.0021770 seconds, Stopping threads took: 0.0000740 seconds
84.087: Application time: 0.0430460 seconds
84.087: [GC [PSYoungGen: 20352K->2400K(20480K)] 36318K->19390K(66560K), 0.0009570 secs] [Times: user=0.00 sys=0.00, real=0.00 secs] 
84.088: Total time for which application threads were stopped: 0.0010910 seconds, Stopping threads took: 0.0000720 seconds
84.110: Application time: 0.0219130 seconds
84.110: [GC [PSYoungGen: 19539K->2416K(20480K)] 36529K->24526K(66560K), 0.0020250 secs] [Times: user=0.01 sys=0.00, real=0.01 secs] 
84.112: Total time for which application threads were stopped: 0.0021720 seconds, Stopping threads took: 0.0000760 seconds
84.150: Application time: 0.0381560 seconds
84.150: [GC [PSYoungGen: 19550K->2400K(20480K)] 41661K->25534K(66560K), 0.0010000 secs] [Times: user=0.01 sys=0.00, real=0.01 secs] 
84.151: Total time for which application threads were stopped: 0.0011420 seconds, Stopping threads took: 0.0000780 seconds
84.176: Application time: 0.0247780 seconds
84.176: [GC [PSYoungGen: 20320K->2352K(20480K)] 43454K->31630K(66560K), 0.0023580 secs] [Times: user=0.01 sys=0.00, real=0.00 secs] 
84.178: Total time for which application threads were stopped: 0.0025230 seconds, Stopping threads took: 0.0000950 seconds
84.218: Application time: 0.0396340 seconds
84.218: [GC [PSYoungGen: 19324K->2352K(20480K)] 48603K->31630K(66560K), 0.0008310 secs] [Times: user=0.00 sys=0.00, real=0.01 secs] 
84.219: Total time for which application threads were stopped: 0.0009500 seconds, Stopping threads took: 0.0000550 seconds
84.244: Application time: 0.0252280 seconds
84.244: [GC [PSYoungGen: 19317K->2432K(20480K)] 48596K->36830K(66560K), 0.0019390 secs] [Times: user=0.01 sys=0.00, real=0.00 secs] 
84.246: Total time for which application threads were stopped: 0.0020830 seconds, Stopping threads took: 0.0000750 seconds
84.286: Application time: 0.0402080 seconds
84.287: [GC [PSYoungGen: 20352K->2400K(20480K)] 54750K->37822K(66560K), 0.0009590 secs] [Times: user=0.00 sys=0.00, real=0.00 secs] 
84.288: Total time for which application threads were stopped: 0.0011070 seconds, Stopping threads took: 0.0000840 seconds
84.310: Application time: 0.0222580 seconds
84.310: [GC [PSYoungGen: 19482K->2432K(20480K)] 54905K->42974K(66560K), 0.0021440 secs] [Times: user=0.02 sys=0.00, real=0.01 secs] 
84.312: [Full GC [PSYoungGen: 2432K->0K(20480K)] [ParOldGen: 40542K->10676K(46080K)] 42974K->10676K(66560K) [PSPermGen: 5498K->5498K(21504K)], 0.0063040 secs] [Times: user=0.02 sys=0.00, real=0.01 secs] 
84.319: Total time for which application threads were stopped: 0.0086660 seconds, Stopping threads took: 0.0000970 seconds
84.356: Application time: 0.0371200 seconds
84.356: [GC [PSYoungGen: 17644K->2304K(20480K)] 28320K->17076K(66560K), 0.0017090 secs] [Times: user=0.01 sys=0.00, real=0.00 secs] 
84.357: Total time for which application threads were stopped: 0.0018470 seconds, Stopping threads took: 0.0000690 seconds
84.387: Application time: 0.0297150 seconds
84.387: [GC [PSYoungGen: 19724K->2304K(20480K)] 34496K->21172K(66560K), 0.0017330 secs] [Times: user=0.01 sys=0.00, real=0.00 secs] 
84.389: Total time for which application threads were stopped: 0.0018850 seconds, Stopping threads took: 0.0000840 seconds
84.421: Application time: 0.0322020 seconds
84.421: [GC [PSYoungGen: 19740K->2320K(20480K)] 38608K->24260K(66560K), 0.0015220 secs] [Times: user=0.01 sys=0.00, real=0.00 secs] 
84.423: Total time for which application threads were stopped: 0.0016590 seconds, Stopping threads took: 0.0000680 seconds
84.456: Application time: 0.0335060 seconds
84.457: [GC [PSYoungGen: 19931K->2304K(20480K)] 41871K->28340K(66560K), 0.0017330 secs] [Times: user=0.01 sys=0.00, real=0.00 secs] 
84.458: Total time for which application threads were stopped: 0.0018830 seconds, Stopping threads took: 0.0000800 seconds
84.490: Application time: 0.0311880 seconds
84.490: [GC [PSYoungGen: 19711K->2304K(20480K)] 45747K->31412K(66560K), 0.0014520 secs] [Times: user=0.01 sys=0.00, real=0.01 secs] 
84.491: Total time for which application threads were stopped: 0.0016090 seconds, Stopping threads took: 0.0000870 seconds
84.524: Application time: 0.0332400 seconds
84.525: [GC [PSYoungGen: 19951K->2304K(20480K)] 49059K->36532K(66560K), 0.0021050 secs] [Times: user=0.01 sys=0.00, real=0.00 secs] 
84.527: Total time for which application threads were stopped: 0.0022660 seconds, Stopping threads took: 0.0000890 seconds
84.559: Application time: 0.0323640 seconds
84.559: [GC [PSYoungGen: 19715K->2272K(20480K)] 53943K->38548K(66560K), 0.0012470 secs] [Times: user=0.01 sys=0.00, real=0.00 secs] 
84.560: Total time for which application threads were stopped: 0.0013930 seconds, Stopping threads took: 0.0000700 seconds
84.594: Application time: 0.0335140 seconds
84.594: [GC [PSYoungGen: 19900K->2288K(20480K)] 56176K->42660K(66560K), 0.0018300 secs] [Times: user=0.01 sys=0.00, real=0.00 secs] 
84.596: [Full GC [PSYoungGen: 2288K->0K(20480K)] [ParOldGen: 40372K->9896K(46080K)] 42660K->9896K(66560K) [PSPermGen: 5498K->5498K(21504K)], 0.0061490 secs] [Times: user=0.02 sys=0.00, real=0.01 secs] 
84.602: Total time for which application threads were stopped: 0.0081670 seconds, Stopping threads took: 0.0000700 seconds
84.633: Application time: 0.0312370 seconds
84.633: [GC [PSYoungGen: 17447K->2304K(20480K)] 27344K->15272K(66560K), 0.0014350 secs] [Times: user=0.01 sys=0.00, real=0.00 secs] 
84.635: Total time for which application threads were stopped: 0.0015860 seconds, Stopping threads took: 0.0000850 seconds
84.669: Application time: 0.0342090 seconds
84.669: [GC [PSYoungGen: 20206K->2400K(20480K)] 33174K->18440K(66560K), 0.0014880 secs] [Times: user=0.01 sys=0.00, real=0.01 secs] 
84.671: Total time for which application threads were stopped: 0.0016460 seconds, Stopping threads took: 0.0000900 seconds
84.702: Application time: 0.0312280 seconds
84.702: [GC [PSYoungGen: 19951K->2432K(20480K)] 35991K->19496K(66560K), 0.0009910 secs] [Times: user=0.01 sys=0.00, real=0.00 secs] 
84.703: Total time for which application threads were stopped: 0.0011660 seconds, Stopping threads took: 0.0001120 seconds
84.737: Application time: 0.0335740 seconds
84.737: [GC [PSYoungGen: 19390K->2496K(20480K)] 36455K->21608K(66560K), 0.0013270 secs] [Times: user=0.01 sys=0.00, real=0.00 secs] 
84.738: Total time for which application threads were stopped: 0.0014690 seconds, Stopping threads took: 0.0000770 seconds
84.770: Application time: 0.0321580 seconds
84.771: [GC [PSYoungGen: 19811K->2416K(20480K)] 38923K->22552K(66560K), 0.0011100 secs] [Times: user=0.00 sys=0.00, real=0.00 secs] 
84.772: Total time for which application threads were stopped: 0.0012840 seconds, Stopping threads took: 0.0001000 seconds
84.807: Application time: 0.0353130 seconds
84.807: [GC [PSYoungGen: 19981K->2496K(20480K)] 40118K->24680K(66560K), 0.0012860 secs] [Times: user=0.01 sys=0.00, real=0.00 secs] 
84.808: Total time for which application threads were stopped: 0.0014210 seconds, Stopping threads took: 0.0000710 seconds
84.838: Application time: 0.0299680 seconds
84.838: [GC [PSYoungGen: 19904K->2496K(20480K)] 42089K->27752K(66560K), 0.0014470 secs] [Times: user=0.01 sys=0.00, real=0.00 secs] 
84.840: Total time for which application threads were stopped: 0.0015770 seconds, Stopping threads took: 0.0000550 seconds
84.877: Application time: 0.0365770 seconds
84.877: [GC [PSYoungGen: 20158K->2544K(20480K)] 45414K->28824K(66560K), 0.0010190 secs] [Times: user=0.00 sys=0.00, real=0.00 secs] 
84.878: Total time for which application threads were stopped: 0.0011650 seconds, Stopping threads took: 0.0000790 seconds
84.899: Application time: 0.0214220 seconds
84.899: [GC [PSYoungGen: 19624K->2512K(20480K)] 45904K->32888K(66560K), 0.0018550 secs] [Times: user=0.01 sys=0.00, real=0.00 secs] 
84.901: Total time for which application threads were stopped: 0.0019900 seconds, Stopping threads took: 0.0000680 seconds
84.945: Application time: 0.0437230 seconds
84.945: [GC [PSYoungGen: 20351K->2416K(20480K)] 50727K->32792K(66560K), 0.0007820 secs] [Times: user=0.01 sys=0.00, real=0.00 secs] 
84.946: Total time for which application threads were stopped: 0.0009210 seconds, Stopping threads took: 0.0000760 seconds
84.969: Application time: 0.0230650 seconds
84.969: [GC [PSYoungGen: 19654K->2496K(20480K)] 50031K->36968K(66560K), 0.0018090 secs] [Times: user=0.01 sys=0.00, real=0.01 secs] 
84.971: Total time for which application threads were stopped: 0.0019460 seconds, Stopping threads took: 0.0000670 seconds
85.011: Application time: 0.0404510 seconds
85.011: [GC [PSYoungGen: 19929K->2448K(20480K)] 54402K->36920K(66560K), 0.0008440 secs] [Times: user=0.00 sys=0.00, real=0.00 secs] 
85.012: Total time for which application threads were stopped: 0.0009780 seconds, Stopping threads took: 0.0000700 seconds
85.037: Application time: 0.0252240 seconds
85.038: [GC [PSYoungGen: 20067K->2512K(20480K)] 54539K->41080K(66560K), 0.0022350 secs] [Times: user=0.02 sys=0.00, real=0.01 secs] 
85.040: Total time for which application threads were stopped: 0.0023850 seconds, Stopping threads took: 0.0000810 seconds
85.076: Application time: 0.0361560 seconds
85.076: [GC [PSYoungGen: 19451K->2448K(20480K)] 58020K->42040K(66560K), 0.0009730 secs] [Times: user=0.00 sys=0.00, real=0.00 secs] 
85.077: Total time for which application threads were stopped: 0.0011110 seconds, Stopping threads took: 0.0000640 seconds
85.103: Application time: 0.0259330 seconds
85.103: [GC [PSYoungGen: 19425K->2528K(20480K)] 59018K->47240K(66560K), 0.0021020 secs] [Times: user=0.01 sys=0.00, real=0.00 secs] 
85.105: [Full GC [PSYoungGen: 2528K->0K(20480K)] [ParOldGen: 44712K->10683K(46080K)] 47240K->10683K(66560K) [PSPermGen: 5498K->5498K(21504K)], 0.0066330 secs] [Times: user=0.03 sys=0.00, real=0.01 secs] 
85.112: Total time for which application threads were stopped: 0.0089400 seconds, Stopping threads took: 0.0000900 seconds
85.147: Application time: 0.0354750 seconds
85.148: [GC [PSYoungGen: 17782K->2304K(20480K)] 28466K->17083K(66560K), 0.0018230 secs] [Times: user=0.02 sys=0.00, real=0.00 secs] 
85.149: Total time for which application threads were stopped: 0.0019670 seconds, Stopping threads took: 0.0000740 seconds
85.179: Application time: 0.0298760 seconds
85.179: [GC [PSYoungGen: 19567K->2304K(20480K)] 34346K->22203K(66560K), 0.0019280 secs] [Times: user=0.02 sys=0.00, real=0.00 secs] 
85.181: Total time for which application threads were stopped: 0.0020680 seconds, Stopping threads took: 0.0000690 seconds
85.218: Application time: 0.0365110 seconds
85.218: [GC [PSYoungGen: 20131K->2304K(20480K)] 40031K->25275K(66560K), 0.0013900 secs] [Times: user=0.01 sys=0.00, real=0.01 secs] 
85.219: Total time for which application threads were stopped: 0.0015380 seconds, Stopping threads took: 0.0000810 seconds
85.245: Application time: 0.0257530 seconds
85.245: [GC [PSYoungGen: 19455K->2304K(20480K)] 42427K->30395K(66560K), 0.0020550 secs] [Times: user=0.01 sys=0.00, real=0.00 secs] 
85.247: Total time for which application threads were stopped: 0.0022210 seconds, Stopping threads took: 0.0000940 seconds
85.284: Application time: 0.0362330 seconds
85.284: [GC [PSYoungGen: 20141K->2304K(20480K)] 48233K->35515K(66560K), 0.0019920 secs] [Times: user=0.02 sys=0.00, real=0.00 secs] 
85.286: Total time for which application threads were stopped: 0.0021260 seconds, Stopping threads took: 0.0000610 seconds
85.315: Application time: 0.0296420 seconds
85.316: [GC [PSYoungGen: 19533K->2304K(20480K)] 52745K->40635K(66560K), 0.0020680 secs] [Times: user=0.01 sys=0.00, real=0.00 secs] 
85.318: Total time for which application threads were stopped: 0.0022140 seconds, Stopping threads took: 0.0000750 seconds
85.351: Application time: 0.0335740 seconds
85.351: [GC [PSYoungGen: 20117K->2320K(20480K)] 58449K->44747K(66560K), 0.0017450 secs] [Times: user=0.01 sys=0.00, real=0.00 secs] 
85.353: [Full GC [PSYoungGen: 2320K->0K(20480K)] [ParOldGen: 42427K->9661K(46080K)] 44747K->9661K(66560K) [PSPermGen: 5498K->5498K(21504K)], 0.0061110 secs] [Times: user=0.03 sys=0.00, real=0.01 secs] 
85.359: Total time for which application threads were stopped: 0.0080530 seconds, Stopping threads took: 0.0000830 seconds
85.392: Application time: 0.0325350 seconds
85.392: [GC [PSYoungGen: 17573K->2336K(20480K)] 27234K->16093K(66560K), 0.0017920 secs] [Times: user=0.01 sys=0.00, real=0.00 secs] 
85.394: Total time for which application threads were stopped: 0.0019470 seconds, Stopping threads took: 0.0000810 seconds
85.427: Application time: 0.0329120 seconds
85.427: [GC [PSYoungGen: 20233K->2416K(20480K)] 33990K->19245K(66560K), 0.0015730 secs] [Times: user=0.01 sys=0.00, real=0.00 secs] 
85.429: Total time for which application threads were stopped: 0.0024080 seconds, Stopping threads took: 0.0007690 seconds
85.462: Application time: 0.0333270 seconds
85.463: [GC [PSYoungGen: 20122K->2464K(20480K)] 36952K->22365K(66560K), 0.0015560 secs] [Times: user=0.01 sys=0.00, real=0.00 secs] 
85.464: Total time for which application threads were stopped: 0.0017180 seconds, Stopping threads took: 0.0000960 seconds
85.497: Application time: 0.0328800 seconds
85.497: [GC [PSYoungGen: 20141K->2432K(20480K)] 40043K->24381K(66560K), 0.0015180 secs] [Times: user=0.00 sys=0.00, real=0.01 secs] 
85.499: Total time for which application threads were stopped: 0.0016950 seconds, Stopping threads took: 0.0001110 seconds
85.533: Application time: 0.0347720 seconds
85.534: [GC [PSYoungGen: 19760K->2496K(20480K)] 41709K->26493K(66560K), 0.0013250 secs] [Times: user=0.01 sys=0.00, real=0.00 secs] 
85.535: Total time for which application threads were stopped: 0.0014760 seconds, Stopping threads took: 0.0000840 seconds
85.568: Application time: 0.0328440 seconds
85.568: [GC [PSYoungGen: 20276K->2480K(20480K)] 44273K->28525K(66560K), 0.0012410 secs] [Times: user=0.01 sys=0.00, real=0.00 secs] 
85.569: Total time for which application threads were stopped: 0.0013730 seconds, Stopping threads took: 0.0000680 seconds
85.602: Application time: 0.0329560 seconds
85.602: [GC [PSYoungGen: 19750K->2496K(20480K)] 45795K->29565K(66560K), 0.0010190 secs] [Times: user=0.01 sys=0.00, real=0.00 secs] 
85.603: Total time for which application threads were stopped: 0.0011670 seconds, Stopping threads took: 0.0000690 seconds
85.633: Application time: 0.0293700 seconds
85.633: [GC [PSYoungGen: 20127K->2512K(20480K)] 47197K->32653K(66560K), 0.0015020 secs] [Times: user=0.01 sys=0.00, real=0.00 secs] 
85.634: Total time for which application threads were stopped: 0.0016570 seconds, Stopping threads took: 0.0000840 seconds
85.671: Application time: 0.0370950 seconds
85.672: [GC [PSYoungGen: 19586K->2496K(20480K)] 49727K->34685K(66560K), 0.0013410 secs] [Times: user=0.00 sys=0.00, real=0.00 secs] 
85.673: Total time for which application threads were stopped: 0.0014810 seconds, Stopping threads took: 0.0000660 seconds
85.705: Application time: 0.0318750 seconds
85.705: [GC [PSYoungGen: 20339K->2496K(20480K)] 52528K->37757K(66560K), 0.0015060 secs] [Times: user=0.01 sys=0.00, real=0.00 secs] 
85.706: Total time for which application threads were stopped: 0.0016490 seconds, Stopping threads took: 0.0000730 seconds
85.742: Application time: 0.0359490 seconds
85.742: [GC [PSYoungGen: 19803K->2432K(20480K)] 55065K->40765K(66560K), 0.0014610 secs] [Times: user=0.00 sys=0.00, real=0.00 secs] 
85.744: Total time for which application threads were stopped: 0.0015950 seconds, Stopping threads took: 0.0000590 seconds
85.771: Application time: 0.0266870 seconds
85.771: [GC [PSYoungGen: 19975K->2480K(20480K)] 58309K->44909K(66560K), 0.0017190 secs] [Times: user=0.01 sys=0.00, real=0.00 secs] 
85.773: [Full GC [PSYoungGen: 2480K->0K(20480K)] [ParOldGen: 42429K->9676K(46080K)] 44909K->9676K(66560K) [PSPermGen: 5498K->5498K(21504K)], 0.0062240 secs] [Times: user=0.02 sys=0.00, real=0.01 secs] 
85.779: Total time for which application threads were stopped: 0.0081230 seconds, Stopping threads took: 0.0000570 seconds
85.812: Application time: 0.0332020 seconds
85.812: [GC [PSYoungGen: 17092K->2304K(20480K)] 26768K->15052K(66560K), 0.0014380 secs] [Times: user=0.01 sys=0.00, real=0.00 secs] 
85.814: Total time for which application threads were stopped: 0.0015720 seconds, Stopping threads took: 0.0000660 seconds
85.842: Application time: 0.0282430 seconds
85.842: [GC [PSYoungGen: 20097K->2304K(20480K)] 32845K->19148K(66560K), 0.0018380 secs] [Times: user=0.02 sys=0.00, real=0.00 secs] 
85.844: Total time for which application threads were stopped: 0.0019950 seconds, Stopping threads took: 0.0000850 seconds
85.879: Application time: 0.0351950 seconds
85.879: [GC [PSYoungGen: 19401K->2240K(20480K)] 36246K->21132K(66560K), 0.0012920 secs] [Times: user=0.01 sys=0.00, real=0.00 secs] 
85.880: Total time for which application threads were stopped: 0.0014580 seconds, Stopping threads took: 0.0000980 seconds
85.910: Application time: 0.0295890 seconds
85.910: [GC [PSYoungGen: 19149K->2304K(20480K)] 38041K->25292K(66560K), 0.0016980 secs] [Times: user=0.01 sys=0.00, real=0.01 secs] 
85.912: Total time for which application threads were stopped: 0.0018440 seconds, Stopping threads took: 0.0000740 seconds
85.945: Application time: 0.0332780 seconds
85.945: [GC [PSYoungGen: 20224K->2272K(20480K)] 43212K->29356K(66560K), 0.0018010 secs] [Times: user=0.01 sys=0.00, real=0.00 secs] 
85.947: Total time for which application threads were stopped: 0.0019420 seconds, Stopping threads took: 0.0000700 seconds
85.979: Application time: 0.0320530 seconds
85.979: [GC [PSYoungGen: 19402K->2304K(20480K)] 46486K->33484K(66560K), 0.0016940 secs] [Times: user=0.01 sys=0.00, real=0.00 secs] 
85.981: Total time for which application threads were stopped: 0.0018340 seconds, Stopping threads took: 0.0000720 seconds
86.015: Application time: 0.0338330 seconds
86.015: [GC [PSYoungGen: 20223K->2304K(20480K)] 51404K->36556K(66560K), 0.0014560 secs] [Times: user=0.01 sys=0.00, real=0.00 secs] 
86.016: Total time for which application threads were stopped: 0.0016030 seconds, Stopping threads took: 0.0000780 seconds
86.046: Application time: 0.0291040 seconds
86.046: [GC [PSYoungGen: 19447K->2336K(20480K)] 53700K->40684K(66560K), 0.0018520 secs] [Times: user=0.01 sys=0.00, real=0.00 secs] 
86.048: Total time for which application threads were stopped: 0.0019890 seconds, Stopping threads took: 0.0000660 seconds
86.081: Application time: 0.0333470 seconds
86.081: [GC [PSYoungGen: 19246K->2336K(20480K)] 57595K->44780K(66560K), 0.0017500 secs] [Times: user=0.01 sys=0.00, real=0.00 secs] 
86.083: [Full GC [PSYoungGen: 2336K->0K(20480K)] [ParOldGen: 42444K->9658K(46080K)] 44780K->9658K(66560K) [PSPermGen: 5498K->5498K(21504K)], 0.0059960 secs] [Times: user=0.02 sys=0.00, real=0.00 secs] 
86.089: Total time for which application threads were stopped: 0.0079400 seconds, Stopping threads took: 0.0000760 seconds
86.121: Application time: 0.0322810 seconds
86.121: [GC [PSYoungGen: 17311K->2352K(20480K)] 26970K->16106K(66560K), 0.0017390 secs] [Times: user=0.01 sys=0.00, real=0.00 secs] 
86.123: Total time for which application threads were stopped: 0.0018990 seconds, Stopping threads took: 0.0000790 seconds
86.154: Application time: 0.0310900 seconds
86.154: [GC [PSYoungGen: 19250K->2368K(20480K)] 33004K->19194K(66560K), 0.0013860 secs] [Times: user=0.01 sys=0.00, real=0.00 secs] 
86.156: Total time for which application threads were stopped: 0.0015220 seconds, Stopping threads took: 0.0000660 seconds
86.185: Application time: 0.0297970 seconds
86.186: [GC [PSYoungGen: 19655K->2464K(20480K)] 36481K->22362K(66560K), 0.0015100 secs] [Times: user=0.01 sys=0.00, real=0.00 secs] 
86.187: Total time for which application threads were stopped: 0.0016660 seconds, Stopping threads took: 0.0000910 seconds
86.217: Application time: 0.0302900 seconds
86.218: [GC [PSYoungGen: 20121K->2464K(20480K)] 40020K->26458K(66560K), 0.0017990 secs] [Times: user=0.01 sys=0.00, real=0.01 secs] 
86.219: Total time for which application threads were stopped: 0.0019430 seconds, Stopping threads took: 0.0000730 seconds
86.257: Application time: 0.0375880 seconds
86.257: [GC [PSYoungGen: 19982K->2432K(20480K)] 43976K->28474K(66560K), 0.0012060 secs] [Times: user=0.00 sys=0.00, real=0.00 secs] 
86.258: Total time for which application threads were stopped: 0.0013520 seconds, Stopping threads took: 0.0000810 seconds
86.288: Application time: 0.0294960 seconds
86.288: [GC [PSYoungGen: 20116K->2464K(20480K)] 46158K->31578K(66560K), 0.0015640 secs] [Times: user=0.01 sys=0.00, real=0.00 secs] 
86.290: Total time for which application threads were stopped: 0.0017120 seconds, Stopping threads took: 0.0000830 seconds
86.321: Application time: 0.0315300 seconds
86.321: [GC [PSYoungGen: 19407K->2496K(20480K)] 48521K->33658K(66560K), 0.0012220 secs] [Times: user=0.00 sys=0.00, real=0.00 secs] 
86.322: Total time for which application threads were stopped: 0.0013460 seconds, Stopping threads took: 0.0000600 seconds
86.354: Application time: 0.0315530 seconds
86.354: [GC [PSYoungGen: 19414K->2432K(20480K)] 50576K->37690K(66560K), 0.0017160 secs] [Times: user=0.02 sys=0.00, real=0.00 secs] 
86.356: Total time for which application threads were stopped: 0.0018680 seconds, Stopping threads took: 0.0000810 seconds
86.387: Application time: 0.0308950 seconds
86.387: [GC [PSYoungGen: 19387K->2432K(20480K)] 54646K->40762K(66560K), 0.0015580 secs] [Times: user=0.01 sys=0.00, real=0.00 secs] 
86.388: Total time for which application threads were stopped: 0.0016900 seconds, Stopping threads took: 0.0000670 seconds
86.419: Application time: 0.0307430 seconds
86.419: [GC [PSYoungGen: 20352K->2384K(20480K)] 58682K->44810K(66560K), 0.0018140 secs] [Times: user=0.01 sys=0.00, real=0.00 secs] 
86.421: [Full GC [PSYoungGen: 2384K->0K(20480K)] [ParOldGen: 42426K->9655K(46080K)] 44810K->9655K(66560K) [PSPermGen: 5498K->5498K(21504K)], 0.0061830 secs] [Times: user=0.01 sys=0.01, real=0.00 secs] 
86.427: Total time for which application threads were stopped: 0.0081740 seconds, Stopping threads took: 0.0000610 seconds
86.462: Application time: 0.0341950 seconds
86.462: [GC [PSYoungGen: 17119K->2304K(20480K)] 26775K->16055K(66560K), 0.0017090 secs] [Times: user=0.01 sys=0.00, real=0.00 secs] 
86.463: Total time for which application threads were stopped: 0.0018770 seconds, Stopping threads took: 0.0000910 seconds
86.494: Application time: 0.0303580 seconds
86.494: [GC [PSYoungGen: 20224K->2304K(20480K)] 33975K->21176K(66560K), 0.0019680 secs] [Times: user=0.02 sys=0.00, real=0.00 secs] 
86.496: Total time for which application threads were stopped: 0.0021150 seconds, Stopping threads took: 0.0000800 seconds
86.530: Application time: 0.0344050 seconds
86.530: [GC [PSYoungGen: 19404K->2272K(20480K)] 38276K->25240K(66560K), 0.0016630 secs] [Times: user=0.01 sys=0.00, real=0.01 secs] 
86.532: Total time for which application threads were stopped: 0.0018070 seconds, Stopping threads took: 0.0000760 seconds
86.560: Application time: 0.0283640 seconds
86.561: [GC [PSYoungGen: 20129K->2304K(20480K)] 43098K->29368K(66560K), 0.0017760 secs] [Times: user=0.01 sys=0.00, real=0.00 secs] 
86.562: Total time for which application threads were stopped: 0.0019170 seconds, Stopping threads took: 0.0000700 seconds
86.596: Application time: 0.0332320 seconds
86.596: [GC [PSYoungGen: 19400K->2272K(20480K)] 46464K->34456K(66560K), 0.0020510 secs] [Times: user=0.01 sys=0.00, real=0.00 secs] 
86.598: Total time for which application threads were stopped: 0.0021910 seconds, Stopping threads took: 0.0000680 seconds
86.629: Application time: 0.0315260 seconds
86.629: [GC [PSYoungGen: 20165K->2304K(20480K)] 52349K->37560K(66560K), 0.0014890 secs] [Times: user=0.01 sys=0.00, real=0.01 secs] 
86.631: Total time for which application threads were stopped: 0.0016450 seconds, Stopping threads took: 0.0000800 seconds
86.666: Application time: 0.0345870 seconds
86.666: [GC [PSYoungGen: 19420K->2304K(20480K)] 54676K->41656K(66560K), 0.0017440 secs] [Times: user=0.01 sys=0.00, real=0.00 secs] 
86.667: Total time for which application threads were stopped: 0.0019190 seconds, Stopping threads took: 0.0001050 seconds
86.697: Application time: 0.0292530 seconds
86.697: [GC [PSYoungGen: 19261K->2272K(20480K)] 58613K->45720K(66560K), 0.0017760 secs] [Times: user=0.01 sys=0.00, real=0.01 secs] 
86.699: [Full GC [PSYoungGen: 2272K->0K(20480K)] [ParOldGen: 43448K->9925K(46080K)] 45720K->9925K(66560K) [PSPermGen: 5498K->5498K(21504K)], 0.0062120 secs] [Times: user=0.02 sys=0.00, real=0.00 secs] 
86.705: Total time for which application threads were stopped: 0.0082020 seconds, Stopping threads took: 0.0000810 seconds
86.740: Application time: 0.0348010 seconds
86.740: [GC [PSYoungGen: 17920K->2304K(20480K)] 27845K->16325K(66560K), 0.0016670 secs] [Times: user=0.01 sys=0.00, real=0.00 secs] 
86.742: Total time for which application threads were stopped: 0.0018250 seconds, Stopping threads took: 0.0000900 seconds
86.769: Application time: 0.0277990 seconds
86.770: [GC [PSYoungGen: 19374K->2240K(20480K)] 33395K->20357K(66560K), 0.0018360 secs] [Times: user=0.01 sys=0.00, real=0.01 secs] 
86.771: Total time for which application threads were stopped: 0.0019940 seconds, Stopping threads took: 0.0000860 seconds
86.805: Application time: 0.0334620 seconds
86.805: [GC [PSYoungGen: 20160K->2368K(20480K)] 38277K->24581K(66560K), 0.0017810 secs] [Times: user=0.01 sys=0.00, real=0.00 secs] 
86.807: Total time for which application threads were stopped: 0.0019310 seconds, Stopping threads took: 0.0000800 seconds
86.839: Application time: 0.0319950 seconds
86.839: [GC [PSYoungGen: 19811K->2400K(20480K)] 42024K->27685K(66560K), 0.0015430 secs] [Times: user=0.01 sys=0.00, real=0.00 secs] 
86.840: Total time for which application threads were stopped: 0.0016870 seconds, Stopping threads took: 0.0000770 seconds
86.871: Application time: 0.0310180 seconds
86.875: [GC [PSYoungGen: 19331K->2464K(20480K)] 44616K->29797K(66560K), 0.0012460 secs] [Times: user=0.00 sys=0.00, real=0.00 secs] 
86.876: Total time for which application threads were stopped: 0.0043520 seconds, Stopping threads took: 0.0030390 seconds
86.909: Application time: 0.0334220 seconds
86.909: [GC [PSYoungGen: 19863K->2512K(20480K)] 47196K->32917K(66560K), 0.0015470 secs] [Times: user=0.01 sys=0.00, real=0.01 secs] 
86.911: Total time for which application threads were stopped: 0.0017060 seconds, Stopping threads took: 0.0000920 seconds
86.944: Application time: 0.0330110 seconds
86.944: [GC [PSYoungGen: 20414K->2528K(20480K)] 50819K->34981K(66560K), 0.0012430 secs] [Times: user=0.01 sys=0.00, real=0.00 secs] 
86.945: Total time for which application threads were stopped: 0.0013720 seconds, Stopping threads took: 0.0000660 seconds
86.978: Application time: 0.0326790 seconds
86.978: [GC [PSYoungGen: 19659K->2528K(20480K)] 52113K->37029K(66560K), 0.0012510 secs] [Times: user=0.01 sys=0.00, real=0.01 secs] 
86.979: Total time for which application threads were stopped: 0.0014050 seconds, Stopping threads took: 0.0000840 seconds
87.009: Application time: 0.0296280 seconds
87.009: [GC [PSYoungGen: 20225K->2528K(20480K)] 54727K->40101K(66560K), 0.0015680 secs] [Times: user=0.01 sys=0.00, real=0.01 secs] 
87.011: Total time for which application threads were stopped: 0.0017810 seconds, Stopping threads took: 0.0001450 seconds
87.044: Application time: 0.0329040 seconds
87.044: [GC [PSYoungGen: 19658K->2480K(20480K)] 57232K->42101K(66560K), 0.0012720 secs] [Times: user=0.01 sys=0.00, real=0.00 secs] 
87.045: Total time for which application threads were stopped: 0.0014020 seconds, Stopping threads took: 0.0000640 seconds
87.078: Application time: 0.0330390 seconds
87.078: [GC [PSYoungGen: 20400K->2512K(20480K)] 60021K->45205K(66560K), 0.0015370 secs] [Times: user=0.01 sys=0.00, real=0.01 secs] 
87.080: [Full GC [PSYoungGen: 2512K->0K(20480K)] [ParOldGen: 42693K->8976K(46080K)] 45205K->8976K(66560K) [PSPermGen: 5500K->5500K(21504K)], 0.0057240 secs] [Times: user=0.03 sys=0.00, real=0.00 secs] 
87.086: Total time for which application threads were stopped: 0.0074370 seconds, Stopping threads took: 0.0000600 seconds
87.118: Application time: 0.0321730 seconds
87.118: [GC [PSYoungGen: 17070K->2304K(20480K)] 26046K->12304K(66560K), 0.0009600 secs] [Times: user=0.01 sys=0.00, real=0.01 secs] 
87.119: Total time for which application threads were stopped: 0.0010850 seconds, Stopping threads took: 0.0000570 seconds
87.152: Application time: 0.0326350 seconds
87.152: [GC [PSYoungGen: 20220K->2304K(20480K)] 30221K->14352K(66560K), 0.0011430 secs] [Times: user=0.01 sys=0.00, real=0.00 secs] 
87.153: Total time for which application threads were stopped: 0.0012730 seconds, Stopping threads took: 0.0000560 seconds
87.185: Application time: 0.0322260 seconds
87.185: [GC [PSYoungGen: 19340K->2304K(20480K)] 31388K->16400K(66560K), 0.0011300 secs] [Times: user=0.01 sys=0.00, real=0.00 secs] 
87.186: Total time for which application threads were stopped: 0.0012810 seconds, Stopping threads took: 0.0000840 seconds
87.217: Application time: 0.0309080 seconds
87.217: [GC [PSYoungGen: 20146K->2304K(20480K)] 34242K->19472K(66560K), 0.0013630 secs] [Times: user=0.00 sys=0.00, real=0.01 secs] 
87.219: Total time for which application threads were stopped: 0.0015000 seconds, Stopping threads took: 0.0000710 seconds
87.250: Application time: 0.0310660 seconds
87.250: [GC [PSYoungGen: 19399K->2304K(20480K)] 36568K->22544K(66560K), 0.0015730 secs] [Times: user=0.01 sys=0.00, real=0.01 secs] 
87.252: Total time for which application threads were stopped: 0.0017320 seconds, Stopping threads took: 0.0000910 seconds
87.286: Application time: 0.0344540 seconds
87.286: [GC [PSYoungGen: 20224K->2304K(20480K)] 40464K->25616K(66560K), 0.0013380 secs] [Times: user=0.01 sys=0.01, real=0.00 secs] 
87.287: Total time for which application threads were stopped: 0.0014780 seconds, Stopping threads took: 0.0000730 seconds
87.318: Application time: 0.0305750 seconds
87.318: [GC [PSYoungGen: 19412K->2304K(20480K)] 42724K->28688K(66560K), 0.0015080 secs] [Times: user=0.01 sys=0.00, real=0.01 secs] 
87.320: Total time for which application threads were stopped: 0.0016480 seconds, Stopping threads took: 0.0000720 seconds
87.349: Application time: 0.0297260 seconds
87.350: [GC [PSYoungGen: 19979K->2304K(20480K)] 46364K->32784K(66560K), 0.0017380 secs] [Times: user=0.01 sys=0.00, real=0.01 secs] 
87.351: Total time for which application threads were stopped: 0.0018900 seconds, Stopping threads took: 0.0000830 seconds
87.386: Application time: 0.0349920 seconds
87.386: [GC [PSYoungGen: 19506K->2240K(20480K)] 49987K->36816K(66560K), 0.0017960 secs] [Times: user=0.01 sys=0.00, real=0.00 secs] 
87.388: Total time for which application threads were stopped: 0.0019410 seconds, Stopping threads took: 0.0000740 seconds
87.416: Application time: 0.0279760 seconds
87.416: [GC [PSYoungGen: 20017K->2272K(20480K)] 54594K->41968K(66560K), 0.0020340 secs] [Times: user=0.01 sys=0.00, real=0.00 secs] 
87.418: Total time for which application threads were stopped: 0.0021830 seconds, Stopping threads took: 0.0000760 seconds
87.453: Application time: 0.0348130 seconds
87.453: [GC [PSYoungGen: 19427K->2304K(20480K)] 59124K->46096K(66560K), 0.0017830 secs] [Times: user=0.01 sys=0.00, real=0.00 secs] 
87.455: [Full GC [PSYoungGen: 2304K->0K(20480K)] [ParOldGen: 43792K->9662K(46080K)] 46096K->9662K(66560K) [PSPermGen: 5500K->5500K(21504K)], 0.0059250 secs] [Times: user=0.03 sys=0.00, real=0.01 secs] 
87.461: Total time for which application threads were stopped: 0.0078860 seconds, Stopping threads took: 0.0000620 seconds
87.490: Application time: 0.0284710 seconds
87.490: [GC [PSYoungGen: 16953K->2336K(20480K)] 26615K->17118K(66560K), 0.0020800 secs] [Times: user=0.02 sys=0.00, real=0.01 secs] 
87.492: Total time for which application threads were stopped: 0.0022330 seconds, Stopping threads took: 0.0000830 seconds
87.525: Application time: 0.0335120 seconds
87.525: [GC [PSYoungGen: 19543K->2352K(20480K)] 34325K->20206K(66560K), 0.0015440 secs] [Times: user=0.01 sys=0.00, real=0.00 secs] 
87.527: Total time for which application threads were stopped: 0.0016830 seconds, Stopping threads took: 0.0000700 seconds
87.559: Application time: 0.0316070 seconds
87.559: [GC [PSYoungGen: 19501K->2400K(20480K)] 37355K->25374K(66560K), 0.0020480 secs] [Times: user=0.01 sys=0.00, real=0.00 secs] 
87.561: Total time for which application threads were stopped: 0.0021910 seconds, Stopping threads took: 0.0000750 seconds
87.590: Application time: 0.0291050 seconds
87.590: [GC [PSYoungGen: 19303K->2480K(20480K)] 42277K->28526K(66560K), 0.0015570 secs] [Times: user=0.01 sys=0.00, real=0.01 secs] 
87.592: Total time for which application threads were stopped: 0.0017110 seconds, Stopping threads took: 0.0000860 seconds
87.624: Application time: 0.0320620 seconds
87.624: [GC [PSYoungGen: 19848K->2544K(20480K)] 45894K->32686K(66560K), 0.0017710 secs] [Times: user=0.01 sys=0.00, real=0.00 secs] 
87.626: Total time for which application threads were stopped: 0.0019070 seconds, Stopping threads took: 0.0000620 seconds
87.659: Application time: 0.0330360 seconds
87.659: [GC [PSYoungGen: 20317K->2528K(20480K)] 50459K->35742K(66560K), 0.0015290 secs] [Times: user=0.01 sys=0.00, real=0.00 secs] 
87.660: Total time for which application threads were stopped: 0.0016650 seconds, Stopping threads took: 0.0000590 seconds
87.691: Application time: 0.0304830 seconds
87.691: [GC [PSYoungGen: 19666K->2528K(20480K)] 52881K->38814K(66560K), 0.0015620 secs] [Times: user=0.01 sys=0.00, real=0.00 secs] 
87.693: Total time for which application threads were stopped: 0.0017210 seconds, Stopping threads took: 0.0000910 seconds
87.728: Application time: 0.0356770 seconds
87.728: [GC [PSYoungGen: 20448K->2512K(20480K)] 56734K->41870K(66560K), 0.0014720 secs] [Times: user=0.00 sys=0.00, real=0.00 secs] 
87.730: Total time for which application threads were stopped: 0.0016050 seconds, Stopping threads took: 0.0000670 seconds
87.759: Application time: 0.0296260 seconds
87.760: [GC [PSYoungGen: 19602K->2528K(20480K)] 58961K->43934K(66560K), 0.0013200 secs] [Times: user=0.01 sys=0.00, real=0.00 secs] 
87.761: [Full GC [PSYoungGen: 2528K->0K(20480K)] [ParOldGen: 41406K->7953K(46080K)] 43934K->7953K(66560K) [PSPermGen: 5500K->5500K(21504K)], 0.0059110 secs] [Times: user=0.02 sys=0.00, real=0.00 secs] 
87.767: Total time for which application threads were stopped: 0.0074360 seconds, Stopping threads took: 0.0000810 seconds
87.800: Application time: 0.0334650 seconds
87.800: [GC [PSYoungGen: 17836K->2304K(20480K)] 25790K->13329K(66560K), 0.0013870 secs] [Times: user=0.01 sys=0.00, real=0.00 secs] 
87.802: Total time for which application threads were stopped: 0.0015200 seconds, Stopping threads took: 0.0000700 seconds
87.833: Application time: 0.0312470 seconds
87.833: [GC [PSYoungGen: 19438K->2304K(20480K)] 30464K->15377K(66560K), 0.0011960 secs] [Times: user=0.00 sys=0.00, real=0.00 secs] 
87.834: Total time for which application threads were stopped: 0.0013480 seconds, Stopping threads took: 0.0000790 seconds
87.866: Application time: 0.0319140 seconds
87.867: [GC [PSYoungGen: 20131K->2240K(20480K)] 33205K->19409K(66560K), 0.0018300 secs] [Times: user=0.01 sys=0.00, real=0.00 secs] 
87.868: Total time for which application threads were stopped: 0.0019720 seconds, Stopping threads took: 0.0000690 seconds
87.901: Application time: 0.0329510 seconds
87.901: [GC [PSYoungGen: 19374K->2272K(20480K)] 36544K->20465K(66560K), 0.0009620 secs] [Times: user=0.01 sys=0.00, real=0.00 secs] 
87.902: Total time for which application threads were stopped: 0.0011120 seconds, Stopping threads took: 0.0000870 seconds
87.935: Application time: 0.0322440 seconds
87.935: [GC [PSYoungGen: 20160K->2304K(20480K)] 38353K->23569K(66560K), 0.0014200 secs] [Times: user=0.01 sys=0.00, real=0.00 secs] 
87.936: Total time for which application threads were stopped: 0.0015640 seconds, Stopping threads took: 0.0000780 seconds
87.969: Application time: 0.0331380 seconds
87.969: [GC [PSYoungGen: 19440K->2320K(20480K)] 40706K->24609K(66560K), 0.0009290 secs] [Times: user=0.01 sys=0.00, real=0.00 secs] 
87.970: Total time for which application threads were stopped: 0.0010680 seconds, Stopping threads took: 0.0000710 seconds
88.002: Application time: 0.0312140 seconds
88.002: [GC [PSYoungGen: 19957K->2240K(20480K)] 42247K->27601K(66560K), 0.0014700 secs] [Times: user=0.01 sys=0.00, real=0.00 secs] 
88.003: Total time for which application threads were stopped: 0.0016060 seconds, Stopping threads took: 0.0000680 seconds
88.038: Application time: 0.0346620 seconds
88.038: [GC [PSYoungGen: 19669K->2272K(20480K)] 45031K->28657K(66560K), 0.0009970 secs] [Times: user=0.00 sys=0.01, real=0.01 secs] 
88.039: Total time for which application threads were stopped: 0.0011520 seconds, Stopping threads took: 0.0000940 seconds
88.066: Application time: 0.0269070 seconds
88.066: [GC [PSYoungGen: 19694K->2272K(20480K)] 46080K->31730K(66560K), 0.0014720 secs] [Times: user=0.01 sys=0.00, real=0.00 secs] 
88.068: Total time for which application threads were stopped: 0.0016090 seconds, Stopping threads took: 0.0000670 seconds
88.106: Application time: 0.0381200 seconds
88.106: [GC [PSYoungGen: 19820K->2304K(20480K)] 49278K->33810K(66560K), 0.0011800 secs] [Times: user=0.01 sys=0.00, real=0.00 secs] 
88.107: Total time for which application threads were stopped: 0.0013260 seconds, Stopping threads took: 0.0000770 seconds
88.135: Application time: 0.0277120 seconds
88.135: [GC [PSYoungGen: 19813K->2304K(20480K)] 51319K->35858K(66560K), 0.0011670 secs] [Times: user=0.01 sys=0.00, real=0.00 secs] 
88.136: Total time for which application threads were stopped: 0.0013070 seconds, Stopping threads took: 0.0000740 seconds
88.170: Application time: 0.0338560 seconds
88.170: [GC [PSYoungGen: 19684K->2304K(20480K)] 53238K->38930K(66560K), 0.0015350 secs] [Times: user=0.01 sys=0.00, real=0.01 secs] 
88.172: Total time for which application threads were stopped: 0.0017120 seconds, Stopping threads took: 0.0001000 seconds
88.202: Application time: 0.0303340 seconds
88.202: [GC [PSYoungGen: 20015K->2304K(20480K)] 56641K->43026K(66560K), 0.0016930 secs] [Times: user=0.01 sys=0.00, real=0.00 secs] 
88.204: Total time for which application threads were stopped: 0.0018390 seconds, Stopping threads took: 0.0000770 seconds
88.239: Application time: 0.0354200 seconds
88.239: [GC [PSYoungGen: 19858K->2368K(20480K)] 60580K->45138K(66560K), 0.0012250 secs] [Times: user=0.00 sys=0.00, real=0.00 secs] 
88.241: [Full GC [PSYoungGen: 2368K->0K(20480K)] [ParOldGen: 42770K->7942K(46080K)] 45138K->7942K(66560K) [PSPermGen: 5500K->5500K(21504K)], 0.0054080 secs] [Times: user=0.02 sys=0.00, real=0.00 secs] 
88.246: Total time for which application threads were stopped: 0.0068120 seconds, Stopping threads took: 0.0000650 seconds
88.276: Application time: 0.0301070 seconds
88.276: [GC [PSYoungGen: 17920K->2320K(20480K)] 25862K->13334K(66560K), 0.0014140 secs] [Times: user=0.01 sys=0.00, real=0.00 secs] 
88.278: Total time for which application threads were stopped: 0.0015390 seconds, Stopping threads took: 0.0000610 seconds
88.312: Application time: 0.0343100 seconds
88.312: [GC [PSYoungGen: 19876K->2400K(20480K)] 30891K->15462K(66560K), 0.0012010 secs] [Times: user=0.00 sys=0.00, real=0.00 secs] 
88.313: Total time for which application threads were stopped: 0.0013390 seconds, Stopping threads took: 0.0000720 seconds
88.340: Application time: 0.0265310 seconds
88.340: [GC [PSYoungGen: 20079K->2432K(20480K)] 33142K->20614K(66560K), 0.0020020 secs] [Times: user=0.01 sys=0.00, real=0.00 secs] 
88.342: Total time for which application threads were stopped: 0.0021490 seconds, Stopping threads took: 0.0000750 seconds
88.378: Application time: 0.0360470 seconds
88.378: [GC [PSYoungGen: 19510K->2432K(20480K)] 37693K->23686K(66560K), 0.0015830 secs] [Times: user=0.01 sys=0.00, real=0.01 secs] 
88.380: Total time for which application threads were stopped: 0.0017230 seconds, Stopping threads took: 0.0000740 seconds
88.407: Application time: 0.0266710 seconds
88.407: [GC [PSYoungGen: 20352K->2368K(20480K)] 41606K->29766K(66560K), 0.0023970 secs] [Times: user=0.01 sys=0.00, real=0.00 secs] 
88.409: Total time for which application threads were stopped: 0.0025450 seconds, Stopping threads took: 0.0000770 seconds
88.447: Application time: 0.0375710 seconds
88.447: [GC [PSYoungGen: 19390K->2464K(20480K)] 46789K->32935K(66560K), 0.0014570 secs] [Times: user=0.01 sys=0.00, real=0.00 secs] 
88.448: Total time for which application threads were stopped: 0.0016040 seconds, Stopping threads took: 0.0000780 seconds
88.474: Application time: 0.0254660 seconds
88.474: [GC [PSYoungGen: 19433K->2432K(20480K)] 49904K->36999K(66560K), 0.0018330 secs] [Times: user=0.01 sys=0.00, real=0.00 secs] 
88.476: Total time for which application threads were stopped: 0.0019860 seconds, Stopping threads took: 0.0000820 seconds
88.511: Application time: 0.0352300 seconds
88.511: [GC [PSYoungGen: 20261K->2448K(20480K)] 54828K->41111K(66560K), 0.0018620 secs] [Times: user=0.01 sys=0.00, real=0.00 secs] 
88.513: Total time for which application threads were stopped: 0.0020110 seconds, Stopping threads took: 0.0000790 seconds
88.543: Application time: 0.0299920 seconds
88.543: [GC [PSYoungGen: 19674K->2432K(20480K)] 58337K->46215K(66560K), 0.0021200 secs] [Times: user=0.02 sys=0.00, real=0.00 secs] 
88.545: [Full GC [PSYoungGen: 2432K->0K(20480K)] [ParOldGen: 43783K->10682K(46080K)] 46215K->10682K(66560K) [PSPermGen: 5500K->5500K(21504K)], 0.0062240 secs] [Times: user=0.02 sys=0.00, real=0.01 secs] 
88.551: Total time for which application threads were stopped: 0.0085400 seconds, Stopping threads took: 0.0000820 seconds
88.584: Application time: 0.0328230 seconds
88.584: [GC [PSYoungGen: 17748K->2304K(20480K)] 28430K->18106K(66560K), 0.0020570 secs] [Times: user=0.01 sys=0.00, real=0.00 secs] 
88.587: Total time for which application threads were stopped: 0.0022030 seconds, Stopping threads took: 0.0000760 seconds
88.620: Application time: 0.0330860 seconds
88.620: [GC [PSYoungGen: 19625K->2304K(20480K)] 35428K->23226K(66560K), 0.0019720 secs] [Times: user=0.01 sys=0.00, real=0.00 secs] 
88.622: Total time for which application threads were stopped: 0.0021240 seconds, Stopping threads took: 0.0000810 seconds
88.654: Application time: 0.0324360 seconds
88.654: [GC [PSYoungGen: 20041K->2304K(20480K)] 40963K->27322K(66560K), 0.0017660 secs] [Times: user=0.01 sys=0.00, real=0.00 secs] 
88.656: Total time for which application threads were stopped: 0.0019350 seconds, Stopping threads took: 0.0000880 seconds
88.686: Application time: 0.0295070 seconds
88.686: [GC [PSYoungGen: 19348K->2304K(20480K)] 44367K->31418K(66560K), 0.0018240 secs] [Times: user=0.01 sys=0.00, real=0.00 secs] 
88.688: Total time for which application threads were stopped: 0.0019820 seconds, Stopping threads took: 0.0000790 seconds
88.722: Application time: 0.0345400 seconds
88.722: [GC [PSYoungGen: 20224K->2304K(20480K)] 49338K->36538K(66560K), 0.0020420 secs] [Times: user=0.01 sys=0.00, real=0.00 secs] 
88.724: Total time for which application threads were stopped: 0.0021930 seconds, Stopping threads took: 0.0000790 seconds
88.756: Application time: 0.0318500 seconds
88.756: [GC [PSYoungGen: 19444K->2304K(20480K)] 53679K->39610K(66560K), 0.0014840 secs] [Times: user=0.01 sys=0.00, real=0.00 secs] 
88.758: Total time for which application threads were stopped: 0.0016400 seconds, Stopping threads took: 0.0000860 seconds
88.792: Application time: 0.0336920 seconds
88.792: [GC [PSYoungGen: 20224K->2272K(20480K)] 57530K->43675K(66560K), 0.0017550 secs] [Times: user=0.01 sys=0.00, real=0.00 secs] 
88.793: [Full GC [PSYoungGen: 2272K->0K(20480K)] [ParOldGen: 41402K->9876K(46080K)] 43675K->9876K(66560K) [PSPermGen: 5500K->5500K(21504K)], 0.0061180 secs] [Times: user=0.02 sys=0.00, real=0.01 secs] 
88.800: Total time for which application threads were stopped: 0.0080420 seconds, Stopping threads took: 0.0000520 seconds
88.832: Application time: 0.0322160 seconds
88.832: [GC [PSYoungGen: 17142K->2304K(20480K)] 27019K->15252K(66560K), 0.0014260 secs] [Times: user=0.01 sys=0.00, real=0.00 secs] 
88.833: Total time for which application threads were stopped: 0.0015690 seconds, Stopping threads took: 0.0000760 seconds
88.866: Application time: 0.0328080 seconds
88.866: [GC [PSYoungGen: 20181K->2304K(20480K)] 33130K->18324K(66560K), 0.0014550 secs] [Times: user=0.01 sys=0.00, real=0.00 secs] 
88.868: Total time for which application threads were stopped: 0.0015970 seconds, Stopping threads took: 0.0000730 seconds
88.901: Application time: 0.0330610 seconds
88.901: [GC [PSYoungGen: 19593K->2304K(20480K)] 35614K->21396K(66560K), 0.0014440 secs] [Times: user=0.01 sys=0.00, real=0.00 secs] 
88.902: Total time for which application threads were stopped: 0.0015830 seconds, Stopping threads took: 0.0000700 seconds
88.932: Application time: 0.0298420 seconds
88.932: [GC [PSYoungGen: 19986K->2304K(20480K)] 39078K->24468K(66560K), 0.0014640 secs] [Times: user=0.01 sys=0.00, real=0.00 secs] 
88.934: Total time for which application threads were stopped: 0.0016140 seconds, Stopping threads took: 0.0000810 seconds
88.966: Application time: 0.0321560 seconds
88.971: [GC [PSYoungGen: 19623K->2336K(20480K)] 41787K->27572K(66560K), 0.0018280 secs] [Times: user=0.01 sys=0.00, real=0.00 secs] 
88.973: Total time for which application threads were stopped: 0.0065250 seconds, Stopping threads took: 0.0046030 seconds
89.003: Application time: 0.0306210 seconds
89.003: [GC [PSYoungGen: 19610K->2480K(20480K)] 44846K->29764K(66560K), 0.0013060 secs] [Times: user=0.01 sys=0.00, real=0.00 secs] 
89.005: Total time for which application threads were stopped: 0.0014460 seconds, Stopping threads took: 0.0000680 seconds
89.038: Application time: 0.0338020 seconds
89.039: [GC [PSYoungGen: 19690K->2528K(20480K)] 46975K->32892K(66560K), 0.0015700 secs] [Times: user=0.01 sys=0.00, real=0.00 secs] 
89.040: Total time for which application threads were stopped: 0.0017380 seconds, Stopping threads took: 0.0000970 seconds
89.072: Application time: 0.0316720 seconds
89.072: [GC [PSYoungGen: 19441K->2496K(20480K)] 49806K->34908K(66560K), 0.0012170 secs] [Times: user=0.01 sys=0.00, real=0.00 secs] 
89.073: Total time for which application threads were stopped: 0.0013450 seconds, Stopping threads took: 0.0000600 seconds
89.105: Application time: 0.0319920 seconds
89.105: [GC [PSYoungGen: 19447K->2544K(20480K)] 51859K->35980K(66560K), 0.0010220 secs] [Times: user=0.01 sys=0.00, real=0.00 secs] 
89.106: Total time for which application threads were stopped: 0.0011890 seconds, Stopping threads took: 0.0000910 seconds
89.137: Application time: 0.0307810 seconds
89.137: [GC [PSYoungGen: 19442K->2528K(20480K)] 52879K->39036K(66560K), 0.0014780 secs] [Times: user=0.01 sys=0.00, real=0.01 secs] 
89.139: Total time for which application threads were stopped: 0.0016200 seconds, Stopping threads took: 0.0000740 seconds
89.172: Application time: 0.0327620 seconds
89.172: [GC [PSYoungGen: 20435K->2464K(20480K)] 56944K->39996K(66560K), 0.0010620 secs] [Times: user=0.00 sys=0.00, real=0.00 secs] 
89.173: Total time for which application threads were stopped: 0.0011930 seconds, Stopping threads took: 0.0000680 seconds
89.202: Application time: 0.0294010 seconds
89.202: [GC [PSYoungGen: 19419K->2528K(20480K)] 56951K->43132K(66560K), 0.0015190 secs] [Times: user=0.01 sys=0.00, real=0.00 secs] 
89.204: Total time for which application threads were stopped: 0.0016680 seconds, Stopping threads took: 0.0000720 seconds
89.237: Application time: 0.0330200 seconds
89.237: [GC [PSYoungGen: 20295K->2496K(20480K)] 60900K->45149K(66560K), 0.0012230 secs] [Times: user=0.01 sys=0.00, real=0.00 secs] 
89.238: [Full GC [PSYoungGen: 2496K->0K(20480K)] [ParOldGen: 42652K->7923K(46080K)] 45149K->7923K(66560K) [PSPermGen: 5500K->5500K(21504K)], 0.0055580 secs] [Times: user=0.02 sys=0.00, real=0.01 secs] 
89.244: Total time for which application threads were stopped: 0.0069590 seconds, Stopping threads took: 0.0000650 seconds
89.274: Application time: 0.0301900 seconds
89.274: [GC [PSYoungGen: 17073K->2304K(20480K)] 24997K->12275K(66560K), 0.0012020 secs] [Times: user=0.01 sys=0.00, real=0.00 secs] 
89.275: Total time for which application threads were stopped: 0.0013550 seconds, Stopping threads took: 0.0000840 seconds
89.308: Application time: 0.0329600 seconds
89.308: [GC [PSYoungGen: 20100K->2304K(20480K)] 30072K->14323K(66560K), 0.0011610 secs] [Times: user=0.01 sys=0.00, real=0.00 secs] 
89.310: Total time for which application threads were stopped: 0.0012990 seconds, Stopping threads took: 0.0000750 seconds
89.343: Application time: 0.0338260 seconds
89.344: [GC [PSYoungGen: 19650K->2304K(20480K)] 31670K->15347K(66560K), 0.0009330 secs] [Times: user=0.01 sys=0.00, real=0.00 secs] 
89.344: Total time for which application threads were stopped: 0.0010700 seconds, Stopping threads took: 0.0000680 seconds
89.374: Application time: 0.0293270 seconds
89.374: [GC [PSYoungGen: 19915K->2304K(20480K)] 32959K->19444K(66560K), 0.0017480 secs] [Times: user=0.01 sys=0.00, real=0.00 secs] 
89.376: Total time for which application threads were stopped: 0.0018910 seconds, Stopping threads took: 0.0000690 seconds
89.409: Application time: 0.0336390 seconds
89.409: [GC [PSYoungGen: 19562K->2272K(20480K)] 36702K->22484K(66560K), 0.0014830 secs] [Times: user=0.01 sys=0.00, real=0.01 secs] 
89.411: Total time for which application threads were stopped: 0.0016130 seconds, Stopping threads took: 0.0000610 seconds
89.441: Application time: 0.0303870 seconds
89.441: [GC [PSYoungGen: 20030K->2304K(20480K)] 40242K->27636K(66560K), 0.0019210 secs] [Times: user=0.02 sys=0.00, real=0.00 secs] 
89.443: Total time for which application threads were stopped: 0.0020610 seconds, Stopping threads took: 0.0000700 seconds
89.477: Application time: 0.0334280 seconds
89.477: [GC [PSYoungGen: 19457K->2240K(20480K)] 44789K->30644K(66560K), 0.0015410 secs] [Times: user=0.00 sys=0.00, real=0.01 secs] 
89.479: Total time for which application threads were stopped: 0.0016760 seconds, Stopping threads took: 0.0000650 seconds
89.506: Application time: 0.0278020 seconds
89.506: [GC [PSYoungGen: 20069K->2272K(20480K)] 48473K->35796K(66560K), 0.0021080 secs] [Times: user=0.02 sys=0.00, real=0.00 secs] 
89.509: Total time for which application threads were stopped: 0.0022920 seconds, Stopping threads took: 0.0001140 seconds
89.541: Application time: 0.0328190 seconds
89.542: [GC [PSYoungGen: 19337K->2304K(20480K)] 52862K->39924K(66560K), 0.0018170 secs] [Times: user=0.02 sys=0.00, real=0.00 secs] 
89.543: Total time for which application threads were stopped: 0.0019750 seconds, Stopping threads took: 0.0000800 seconds
89.574: Application time: 0.0310130 seconds
89.575: [GC [PSYoungGen: 19203K->2304K(20480K)] 56824K->44020K(66560K), 0.0018030 secs] [Times: user=0.01 sys=0.00, real=0.00 secs] 
89.576: [Full GC [PSYoungGen: 2304K->0K(20480K)] [ParOldGen: 41716K->9658K(46080K)] 44020K->9658K(66560K) [PSPermGen: 5500K->5500K(21504K)], 0.0061780 secs] [Times: user=0.03 sys=0.00, real=0.01 secs] 
89.583: Total time for which application threads were stopped: 0.0081820 seconds, Stopping threads took: 0.0000870 seconds
89.617: Application time: 0.0347360 seconds
89.617: [GC [PSYoungGen: 17227K->2320K(20480K)] 26885K->16074K(66560K), 0.0016970 secs] [Times: user=0.01 sys=0.00, real=0.01 secs] 
89.619: Total time for which application threads were stopped: 0.0018380 seconds, Stopping threads took: 0.0000720 seconds
89.650: Application time: 0.0304670 seconds
89.650: [GC [PSYoungGen: 19225K->2304K(20480K)] 32979K->19130K(66560K), 0.0014500 secs] [Times: user=0.01 sys=0.01, real=0.01 secs] 
89.651: Total time for which application threads were stopped: 0.0015960 seconds, Stopping threads took: 0.0000800 seconds
89.681: Application time: 0.0301110 seconds
89.682: [GC [PSYoungGen: 19438K->2400K(20480K)] 36265K->23322K(66560K), 0.0018350 secs] [Times: user=0.00 sys=0.01, real=0.00 secs] 
89.683: Total time for which application threads were stopped: 0.0019840 seconds, Stopping threads took: 0.0000790 seconds
89.715: Application time: 0.0316880 seconds
89.715: [GC [PSYoungGen: 19767K->2496K(20480K)] 40689K->26490K(66560K), 0.0014690 secs] [Times: user=0.01 sys=0.00, real=0.00 secs] 
89.717: Total time for which application threads were stopped: 0.0016200 seconds, Stopping threads took: 0.0000730 seconds
89.750: Application time: 0.0331230 seconds
89.751: [GC [PSYoungGen: 19629K->2544K(20480K)] 43623K->29610K(66560K), 0.0015400 secs] [Times: user=0.01 sys=0.00, real=0.00 secs] 
89.752: Total time for which application threads were stopped: 0.0023060 seconds, Stopping threads took: 0.0006960 seconds
89.783: Application time: 0.0312220 seconds
89.783: [GC [PSYoungGen: 19445K->2544K(20480K)] 46511K->32682K(66560K), 0.0014810 secs] [Times: user=0.01 sys=0.00, real=0.00 secs] 
89.785: Total time for which application threads were stopped: 0.0016410 seconds, Stopping threads took: 0.0000940 seconds
89.818: Application time: 0.0332150 seconds
89.818: [GC [PSYoungGen: 19537K->2480K(20480K)] 49676K->33642K(66560K), 0.0010190 secs] [Times: user=0.01 sys=0.00, real=0.01 secs] 
89.819: Total time for which application threads were stopped: 0.0011540 seconds, Stopping threads took: 0.0000700 seconds
89.850: Application time: 0.0302680 seconds
89.850: [GC [PSYoungGen: 20400K->2512K(20480K)] 51562K->35722K(66560K), 0.0013130 secs] [Times: user=0.01 sys=0.00, real=0.01 secs] 
89.851: Total time for which application threads were stopped: 0.0014450 seconds, Stopping threads took: 0.0000650 seconds
89.885: Application time: 0.0334190 seconds
89.885: [GC [PSYoungGen: 19497K->2496K(20480K)] 52708K->37754K(66560K), 0.0012120 secs] [Times: user=0.00 sys=0.00, real=0.00 secs] 
89.886: Total time for which application threads were stopped: 0.0013330 seconds, Stopping threads took: 0.0000560 seconds
89.917: Application time: 0.0306760 seconds
89.919: [GC [PSYoungGen: 20416K->2528K(20480K)] 55674K->39842K(66560K), 0.0013290 secs] [Times: user=0.01 sys=0.00, real=0.00 secs] 
89.920: Total time for which application threads were stopped: 0.0033770 seconds, Stopping threads took: 0.0019830 seconds
89.953: Application time: 0.0332440 seconds
89.953: [GC [PSYoungGen: 19457K->2496K(20480K)] 56772K->39810K(66560K), 0.0007870 secs] [Times: user=0.00 sys=0.00, real=0.00 secs] 
89.954: Total time for which application threads were stopped: 0.0009250 seconds, Stopping threads took: 0.0000750 seconds
89.986: Application time: 0.0315650 seconds
89.986: [GC [PSYoungGen: 19567K->2480K(20480K)] 56882K->41843K(66560K), 0.0012480 secs] [Times: user=0.01 sys=0.00, real=0.00 secs] 
89.987: Total time for which application threads were stopped: 0.0014010 seconds, Stopping threads took: 0.0000780 seconds
90.020: Application time: 0.0332920 seconds
90.020: [GC [PSYoungGen: 20332K->2544K(20480K)] 59695K->42930K(66560K), 0.0009150 secs] [Times: user=0.00 sys=0.00, real=0.00 secs] 
90.021: Total time for which application threads were stopped: 0.0010410 seconds, Stopping threads took: 0.0000640 seconds
90.054: Application time: 0.0328380 seconds
90.054: [GC [PSYoungGen: 19846K->2528K(20480K)] 60233K->44978K(66560K), 0.0012460 secs] [Times: user=0.01 sys=0.00, real=0.00 secs] 
90.056: [Full GC [PSYoungGen: 2528K->0K(20480K)] [ParOldGen: 42450K->7966K(46080K)] 44978K->7966K(66560K) [PSPermGen: 5500K->5500K(21504K)], 0.0057620 secs] [Times: user=0.02 sys=0.00, real=0.01 secs] 
90.061: Total time for which application threads were stopped: 0.0071940 seconds, Stopping threads took: 0.0000740 seconds
90.085: Application time: 0.0239230 seconds
90.085: [GC [PSYoungGen: 17224K->2304K(20480K)] 25191K->14366K(66560K), 0.0018330 secs] [Times: user=0.01 sys=0.01, real=0.00 secs] 
90.087: Total time for which application threads were stopped: 0.0019780 seconds, Stopping threads took: 0.0000740 seconds
90.128: Application time: 0.0409140 seconds
90.128: [GC [PSYoungGen: 20083K->2272K(20480K)] 32146K->16382K(66560K), 0.0011180 secs] [Times: user=0.00 sys=0.00, real=0.00 secs] 
90.129: Total time for which application threads were stopped: 0.0012530 seconds, Stopping threads took: 0.0000700 seconds
90.155: Application time: 0.0255460 seconds
90.155: [GC [PSYoungGen: 19560K->2304K(20480K)] 33670K->19486K(66560K), 0.0013960 secs] [Times: user=0.01 sys=0.00, real=0.00 secs] 
90.157: Total time for which application threads were stopped: 0.0015590 seconds, Stopping threads took: 0.0000930 seconds
90.194: Application time: 0.0373880 seconds
90.194: [GC [PSYoungGen: 19791K->2304K(20480K)] 36974K->21534K(66560K), 0.0012660 secs] [Times: user=0.00 sys=0.00, real=0.00 secs] 
90.195: Total time for which application threads were stopped: 0.0014000 seconds, Stopping threads took: 0.0000680 seconds
90.221: Application time: 0.0259350 seconds
90.221: [GC [PSYoungGen: 19797K->2304K(20480K)] 39028K->26654K(66560K), 0.0020410 secs] [Times: user=0.02 sys=0.00, real=0.00 secs] 
90.224: Total time for which application threads were stopped: 0.0021840 seconds, Stopping threads took: 0.0000610 seconds
90.261: Application time: 0.0371550 seconds
90.261: [GC [PSYoungGen: 19641K->2272K(20480K)] 43992K->28670K(66560K), 0.0013010 secs] [Times: user=0.01 sys=0.00, real=0.00 secs] 
90.262: Total time for which application threads were stopped: 0.0014360 seconds, Stopping threads took: 0.0000680 seconds
90.289: Application time: 0.0271810 seconds
90.289: [GC [PSYoungGen: 20007K->2304K(20480K)] 46405K->33822K(66560K), 0.0020290 secs] [Times: user=0.01 sys=0.00, real=0.01 secs] 
90.291: Total time for which application threads were stopped: 0.0021730 seconds, Stopping threads took: 0.0000740 seconds
90.328: Application time: 0.0369600 seconds
90.329: [GC [PSYoungGen: 19575K->2288K(20480K)] 51094K->34830K(66560K), 0.0009530 secs] [Times: user=0.00 sys=0.00, real=0.00 secs] 
90.330: Total time for which application threads were stopped: 0.0010860 seconds, Stopping threads took: 0.0000680 seconds
90.358: Application time: 0.0285920 seconds
90.358: [GC [PSYoungGen: 20159K->2336K(20480K)] 52702K->39998K(66560K), 0.0019490 secs] [Times: user=0.01 sys=0.00, real=0.01 secs] 
90.360: Total time for which application threads were stopped: 0.0020800 seconds, Stopping threads took: 0.0000600 seconds
90.395: Application time: 0.0349250 seconds
90.395: [GC [PSYoungGen: 19758K->2400K(20480K)] 57421K->42111K(66560K), 0.0012780 secs] [Times: user=0.01 sys=0.00, real=0.00 secs] 
90.397: Total time for which application threads were stopped: 0.0014150 seconds, Stopping threads took: 0.0000690 seconds
90.422: Application time: 0.0254280 seconds
90.422: [GC [PSYoungGen: 19559K->2512K(20480K)] 59269K->47343K(66560K), 0.0021040 secs] [Times: user=0.02 sys=0.00, real=0.00 secs] 
90.424: [Full GC [PSYoungGen: 2512K->0K(20480K)] [ParOldGen: 44831K->10687K(46080K)] 47343K->10687K(66560K) [PSPermGen: 5500K->5500K(21504K)], 0.0064130 secs] [Times: user=0.02 sys=0.00, real=0.01 secs] 
90.431: Total time for which application threads were stopped: 0.0087120 seconds, Stopping threads took: 0.0000690 seconds
90.465: Application time: 0.0347100 seconds
90.465: [GC [PSYoungGen: 17920K->2304K(20480K)] 28607K->18111K(66560K), 0.0020230 secs] [Times: user=0.01 sys=0.00, real=0.00 secs] 
90.468: Total time for which application threads were stopped: 0.0021630 seconds, Stopping threads took: 0.0000640 seconds
90.499: Application time: 0.0309840 seconds
90.499: [GC [PSYoungGen: 19557K->2336K(20480K)] 35364K->22239K(66560K), 0.0017750 secs] [Times: user=0.01 sys=0.00, real=0.00 secs] 
90.500: Total time for which application threads were stopped: 0.0019250 seconds, Stopping threads took: 0.0000820 seconds
90.535: Application time: 0.0340380 seconds
90.535: [GC [PSYoungGen: 20134K->2304K(20480K)] 40037K->26303K(66560K), 0.0017780 secs] [Times: user=0.01 sys=0.00, real=0.00 secs] 
90.536: Total time for which application threads were stopped: 0.0019230 seconds, Stopping threads took: 0.0000760 seconds
90.569: Application time: 0.0320950 seconds
90.569: [GC [PSYoungGen: 19585K->2304K(20480K)] 43584K->29375K(66560K), 0.0014210 secs] [Times: user=0.01 sys=0.00, real=0.00 secs] 
90.570: Total time for which application threads were stopped: 0.0015800 seconds, Stopping threads took: 0.0000920 seconds
90.603: Application time: 0.0330100 seconds
90.603: [GC [PSYoungGen: 20044K->2304K(20480K)] 47116K->32447K(66560K), 0.0015050 secs] [Times: user=0.01 sys=0.00, real=0.00 secs] 
90.605: Total time for which application threads were stopped: 0.0016500 seconds, Stopping threads took: 0.0000770 seconds
90.637: Application time: 0.0318050 seconds
90.637: [GC [PSYoungGen: 19551K->2304K(20480K)] 49695K->36543K(66560K), 0.0017350 secs] [Times: user=0.01 sys=0.00, real=0.01 secs] 
90.638: Total time for which application threads were stopped: 0.0018940 seconds, Stopping threads took: 0.0000830 seconds
90.671: Application time: 0.0326350 seconds
90.671: [GC [PSYoungGen: 19922K->2304K(20480K)] 54161K->39615K(66560K), 0.0015350 secs] [Times: user=0.01 sys=0.00, real=0.00 secs] 
90.673: Total time for which application threads were stopped: 0.0016920 seconds, Stopping threads took: 0.0000890 seconds
90.703: Application time: 0.0305370 seconds
90.703: [GC [PSYoungGen: 19656K->2320K(20480K)] 56967K->42703K(66560K), 0.0014850 secs] [Times: user=0.01 sys=0.00, real=0.00 secs] 
90.705: [Full GC [PSYoungGen: 2320K->0K(20480K)] [ParOldGen: 40383K->8652K(46080K)] 42703K->8652K(66560K) [PSPermGen: 5500K->5500K(21504K)], 0.0063720 secs] [Times: user=0.02 sys=0.00, real=0.01 secs] 
90.711: Total time for which application threads were stopped: 0.0080440 seconds, Stopping threads took: 0.0000750 seconds
90.745: Application time: 0.0334390 seconds
90.745: [GC [PSYoungGen: 17646K->2304K(20480K)] 26299K->15052K(66560K), 0.0017500 secs] [Times: user=0.01 sys=0.00, real=0.00 secs] 
90.747: Total time for which application threads were stopped: 0.0019020 seconds, Stopping threads took: 0.0000750 seconds
90.779: Application time: 0.0317800 seconds
90.779: [GC [PSYoungGen: 19702K->2304K(20480K)] 32450K->18124K(66560K), 0.0014410 secs] [Times: user=0.01 sys=0.00, real=0.00 secs] 
90.780: Total time for which application threads were stopped: 0.0015910 seconds, Stopping threads took: 0.0000800 seconds
90.813: Application time: 0.0327870 seconds
90.813: [GC [PSYoungGen: 19883K->2304K(20480K)] 35704K->21196K(66560K), 0.0014390 secs] [Times: user=0.01 sys=0.01, real=0.00 secs] 
90.814: Total time for which application threads were stopped: 0.0015840 seconds, Stopping threads took: 0.0000700 seconds
90.845: Application time: 0.0303220 seconds
90.845: [GC [PSYoungGen: 19653K->2272K(20480K)] 38546K->25260K(66560K), 0.0017870 secs] [Times: user=0.01 sys=0.00, real=0.00 secs] 
90.847: Total time for which application threads were stopped: 0.0019410 seconds, Stopping threads took: 0.0000850 seconds
90.877: Application time: 0.0306850 seconds
90.878: [GC [PSYoungGen: 19716K->2304K(20480K)] 42705K->29388K(66560K), 0.0017670 secs] [Times: user=0.01 sys=0.00, real=0.01 secs] 
90.879: Total time for which application threads were stopped: 0.0019100 seconds, Stopping threads took: 0.0000690 seconds
90.915: Application time: 0.0351680 seconds
90.915: [GC [PSYoungGen: 19907K->2304K(20480K)] 46992K->32460K(66560K), 0.0015040 secs] [Times: user=0.01 sys=0.00, real=0.00 secs] 
90.916: Total time for which application threads were stopped: 0.0016440 seconds, Stopping threads took: 0.0000730 seconds
90.947: Application time: 0.0310010 seconds
90.947: [GC [PSYoungGen: 19770K->2304K(20480K)] 49927K->35532K(66560K), 0.0014630 secs] [Times: user=0.00 sys=0.00, real=0.00 secs] 
90.949: Total time for which application threads were stopped: 0.0015950 seconds, Stopping threads took: 0.0000660 seconds
90.983: Application time: 0.0342630 seconds
90.983: [GC [PSYoungGen: 19867K->2304K(20480K)] 53096K->38605K(66560K), 0.0014930 secs] [Times: user=0.01 sys=0.00, real=0.00 secs] 
90.985: Total time for which application threads were stopped: 0.0016260 seconds, Stopping threads took: 0.0000620 seconds
91.015: Application time: 0.0299370 seconds
91.015: [GC [PSYoungGen: 19792K->2240K(20480K)] 56093K->41613K(66560K), 0.0016240 secs] [Times: user=0.00 sys=0.00, real=0.00 secs] 
91.016: Total time for which application threads were stopped: 0.0017620 seconds, Stopping threads took: 0.0000700 seconds
91.052: Application time: 0.0356610 seconds
91.052: [GC [PSYoungGen: 19905K->2320K(20480K)] 59278K->44765K(66560K), 0.0015080 secs] [Times: user=0.01 sys=0.00, real=0.00 secs] 
91.054: [Full GC [PSYoungGen: 2320K->0K(20480K)] [ParOldGen: 42445K->8786K(46080K)] 44765K->8786K(66560K) [PSPermGen: 5500K->5500K(21504K)], 0.0058660 secs] [Times: user=0.02 sys=0.00, real=0.01 secs] 
91.060: Total time for which application threads were stopped: 0.0075750 seconds, Stopping threads took: 0.0000850 seconds
91.089: Application time: 0.0290680 seconds
91.089: [GC [PSYoungGen: 17333K->2304K(20480K)] 26119K->14162K(66560K), 0.0014000 secs] [Times: user=0.01 sys=0.00, real=0.00 secs] 
91.090: Total time for which application threads were stopped: 0.0015720 seconds, Stopping threads took: 0.0001040 seconds
91.125: Application time: 0.0345610 seconds
91.125: [GC [PSYoungGen: 19356K->2432K(20480K)] 31214K->15314K(66560K), 0.0010450 secs] [Times: user=0.00 sys=0.00, real=0.00 secs] 
91.126: Total time for which application threads were stopped: 0.0011700 seconds, Stopping threads took: 0.0000630 seconds
91.152: Application time: 0.0256070 seconds
91.152: [GC [PSYoungGen: 19816K->2432K(20480K)] 32699K->19410K(66560K), 0.0017540 secs] [Times: user=0.01 sys=0.00, real=0.00 secs] 
91.153: Total time for which application threads were stopped: 0.0019010 seconds, Stopping threads took: 0.0000760 seconds
91.193: Application time: 0.0395540 seconds
91.193: [GC [PSYoungGen: 20219K->2448K(20480K)] 37198K->21474K(66560K), 0.0012580 secs] [Times: user=0.00 sys=0.00, real=0.00 secs] 
91.194: Total time for which application threads were stopped: 0.0014060 seconds, Stopping threads took: 0.0000720 seconds
91.216: Application time: 0.0210760 seconds
91.216: [GC [PSYoungGen: 19646K->2496K(20480K)] 38672K->26642K(66560K), 0.0020560 secs] [Times: user=0.02 sys=0.00, real=0.00 secs] 
91.218: Total time for which application threads were stopped: 0.0022030 seconds, Stopping threads took: 0.0000770 seconds
91.260: Application time: 0.0426300 seconds
91.260: [GC [PSYoungGen: 20209K->2496K(20480K)] 44355K->29714K(66560K), 0.0014860 secs] [Times: user=0.00 sys=0.00, real=0.00 secs] 
91.262: Total time for which application threads were stopped: 0.0016380 seconds, Stopping threads took: 0.0000760 seconds
91.285: Application time: 0.0229150 seconds
91.285: [GC [PSYoungGen: 19843K->2496K(20480K)] 47062K->34834K(66560K), 0.0020740 secs] [Times: user=0.01 sys=0.00, real=0.00 secs] 
91.287: Total time for which application threads were stopped: 0.0022140 seconds, Stopping threads took: 0.0000670 seconds
91.327: Application time: 0.0400510 seconds
91.327: [GC [PSYoungGen: 19977K->2464K(20480K)] 52315K->36850K(66560K), 0.0013500 secs] [Times: user=0.01 sys=0.00, real=0.00 secs] 
91.329: Total time for which application threads were stopped: 0.0014850 seconds, Stopping threads took: 0.0000670 seconds
91.354: Application time: 0.0250370 seconds
91.354: [GC [PSYoungGen: 20038K->2496K(20480K)] 54424K->42002K(66560K), 0.0020650 secs] [Times: user=0.01 sys=0.00, real=0.00 secs] 
91.356: Total time for which application threads were stopped: 0.0022150 seconds, Stopping threads took: 0.0000780 seconds
91.396: Application time: 0.0404740 seconds
91.397: [GC [PSYoungGen: 19992K->2480K(20480K)] 59499K->44034K(66560K), 0.0012360 secs] [Times: user=0.00 sys=0.00, real=0.00 secs] 
91.398: [Full GC [PSYoungGen: 2480K->0K(20480K)] [ParOldGen: 41554K->7937K(46080K)] 44034K->7937K(66560K) [PSPermGen: 5500K->5500K(21504K)], 0.0055440 secs] [Times: user=0.03 sys=0.00, real=0.01 secs] 
91.403: Total time for which application threads were stopped: 0.0069800 seconds, Stopping threads took: 0.0000900 seconds
91.426: Application time: 0.0224760 seconds
91.426: [GC [PSYoungGen: 17536K->2304K(20480K)] 25473K->15361K(66560K), 0.0020350 secs] [Times: user=0.02 sys=0.00, real=0.00 secs] 
91.428: Total time for which application threads were stopped: 0.0021930 seconds, Stopping threads took: 0.0000890 seconds
91.467: Application time: 0.0394320 seconds
91.468: [GC [PSYoungGen: 19508K->2304K(20480K)] 32565K->17409K(66560K), 0.0012700 secs] [Times: user=0.01 sys=0.00, real=0.00 secs] 
91.469: Total time for which application threads were stopped: 0.0014330 seconds, Stopping threads took: 0.0000950 seconds
91.494: Application time: 0.0253780 seconds
91.494: [GC [PSYoungGen: 20138K->2304K(20480K)] 35243K->22529K(66560K), 0.0020960 secs] [Times: user=0.01 sys=0.00, real=0.00 secs] 
91.497: Total time for which application threads were stopped: 0.0022790 seconds, Stopping threads took: 0.0001030 seconds
91.538: Application time: 0.0409310 seconds
91.538: [GC [PSYoungGen: 19561K->2272K(20480K)] 39787K->23521K(66560K), 0.0010680 secs] [Times: user=0.00 sys=0.00, real=0.01 secs] 
91.539: Total time for which application threads were stopped: 0.0011990 seconds, Stopping threads took: 0.0000680 seconds
91.564: Application time: 0.0252640 seconds
91.564: [GC [PSYoungGen: 20085K->2304K(20480K)] 41335K->27649K(66560K), 0.0018210 secs] [Times: user=0.01 sys=0.00, real=0.00 secs] 
91.566: Total time for which application threads were stopped: 0.0019650 seconds, Stopping threads took: 0.0000750 seconds
91.605: Application time: 0.0393100 seconds
91.605: [GC [PSYoungGen: 19418K->2272K(20480K)] 44764K->28641K(66560K), 0.0009620 secs] [Times: user=0.01 sys=0.00, real=0.00 secs] 
91.606: Total time for which application threads were stopped: 0.0010950 seconds, Stopping threads took: 0.0000670 seconds
91.632: Application time: 0.0256340 seconds
91.632: [GC [PSYoungGen: 19174K->2272K(20480K)] 45543K->31713K(66560K), 0.0014460 secs] [Times: user=0.01 sys=0.00, real=0.00 secs] 
91.634: Total time for which application threads were stopped: 0.0015730 seconds, Stopping threads took: 0.0000610 seconds
91.668: Application time: 0.0345260 seconds
91.668: [GC [PSYoungGen: 19933K->2304K(20480K)] 49375K->33793K(66560K), 0.0011840 secs] [Times: user=0.01 sys=0.00, real=0.00 secs] 
91.669: Total time for which application threads were stopped: 0.0013260 seconds, Stopping threads took: 0.0000800 seconds
91.700: Application time: 0.0303920 seconds
91.700: [GC [PSYoungGen: 19661K->2304K(20480K)] 51151K->36865K(66560K), 0.0014010 secs] [Times: user=0.01 sys=0.00, real=0.00 secs] 
91.701: Total time for which application threads were stopped: 0.0015310 seconds, Stopping threads took: 0.0000630 seconds
91.736: Application time: 0.0348600 seconds
91.736: [GC [PSYoungGen: 20037K->2304K(20480K)] 54599K->38913K(66560K), 0.0011900 secs] [Times: user=0.01 sys=0.00, real=0.00 secs] 
91.738: Total time for which application threads were stopped: 0.0013340 seconds, Stopping threads took: 0.0000680 seconds
91.768: Application time: 0.0303480 seconds
91.768: [GC [PSYoungGen: 19729K->2240K(20480K)] 56339K->42945K(66560K), 0.0017360 secs] [Times: user=0.00 sys=0.00, real=0.00 secs] 
91.770: [Full GC [PSYoungGen: 2240K->0K(20480K)] [ParOldGen: 40705K->9661K(46080K)] 42945K->9661K(66560K) [PSPermGen: 5500K->5500K(21504K)], 0.0059600 secs] [Times: user=0.03 sys=0.00, real=0.01 secs] 
91.776: Total time for which application threads were stopped: 0.0078870 seconds, Stopping threads took: 0.0000730 seconds
91.811: Application time: 0.0354130 seconds
91.815: [GC [PSYoungGen: 17843K->2320K(20480K)] 27505K->13005K(66560K), 0.0009710 secs] [Times: user=0.00 sys=0.00, real=0.00 secs] 
91.816: Total time for which application threads were stopped: 0.0043010 seconds, Stopping threads took: 0.0032650 seconds
91.843: Application time: 0.0277370 seconds
91.843: [GC [PSYoungGen: 20051K->2464K(20480K)] 30737K->17245K(66560K), 0.0018030 secs] [Times: user=0.02 sys=0.00, real=0.00 secs] 
91.845: Total time for which application threads were stopped: 0.0019430 seconds, Stopping threads took: 0.0000700 seconds
91.876: Application time: 0.0312770 seconds
91.877: [GC [PSYoungGen: 19806K->2496K(20480K)] 34588K->20349K(66560K), 0.0014630 secs] [Times: user=0.00 sys=0.00, real=0.00 secs] 
91.878: Total time for which application threads were stopped: 0.0015920 seconds, Stopping threads took: 0.0000630 seconds
91.911: Application time: 0.0332760 seconds
91.911: [GC [PSYoungGen: 20230K->2512K(20480K)] 38084K->24462K(66560K), 0.0017320 secs] [Times: user=0.01 sys=0.00, real=0.00 secs] 
91.913: Total time for which application threads were stopped: 0.0018820 seconds, Stopping threads took: 0.0000820 seconds
91.942: Application time: 0.0282820 seconds
91.942: [GC [PSYoungGen: 19607K->2480K(20480K)] 41557K->27502K(66560K), 0.0015410 secs] [Times: user=0.01 sys=0.00, real=0.00 secs] 
91.943: Total time for which application threads were stopped: 0.0016830 seconds, Stopping threads took: 0.0000730 seconds
91.978: Application time: 0.0345470 seconds
91.978: [GC [PSYoungGen: 20291K->2464K(20480K)] 45313K->30558K(66560K), 0.0015400 secs] [Times: user=0.01 sys=0.00, real=0.01 secs] 
91.979: Total time for which application threads were stopped: 0.0016830 seconds, Stopping threads took: 0.0000720 seconds
92.009: Application time: 0.0298020 seconds
92.009: [GC [PSYoungGen: 19650K->2496K(20480K)] 47744K->35710K(66560K), 0.0020010 secs] [Times: user=0.01 sys=0.00, real=0.01 secs] 
92.011: Total time for which application threads were stopped: 0.0021380 seconds, Stopping threads took: 0.0000660 seconds
92.046: Application time: 0.0349750 seconds
92.047: [GC [PSYoungGen: 20289K->2480K(20480K)] 53503K->39790K(66560K), 0.0018580 secs] [Times: user=0.01 sys=0.00, real=0.00 secs] 
92.048: Total time for which application threads were stopped: 0.0020250 seconds, Stopping threads took: 0.0000950 seconds
92.079: Application time: 0.0310630 seconds
92.080: [GC [PSYoungGen: 19855K->2464K(20480K)] 57165K->43870K(66560K), 0.0017340 secs] [Times: user=0.01 sys=0.00, real=0.00 secs] 
92.081: [Full GC [PSYoungGen: 2464K->0K(20480K)] [ParOldGen: 41406K->9664K(46080K)] 43870K->9664K(66560K) [PSPermGen: 5500K->5500K(21504K)], 0.0060180 secs] [Times: user=0.02 sys=0.00, real=0.00 secs] 
92.087: Total time for which application threads were stopped: 0.0079240 seconds, Stopping threads took: 0.0000580 seconds
92.121: Application time: 0.0337930 seconds
92.121: [GC [PSYoungGen: 17484K->2304K(20480K)] 27148K->17088K(66560K), 0.0020720 secs] [Times: user=0.02 sys=0.00, real=0.00 secs] 
92.123: Total time for which application threads were stopped: 0.0022310 seconds, Stopping threads took: 0.0000880 seconds
92.151: Application time: 0.0279620 seconds
92.151: [GC [PSYoungGen: 19743K->2304K(20480K)] 34527K->21184K(66560K), 0.0017220 secs] [Times: user=0.02 sys=0.00, real=0.00 secs] 
92.153: Total time for which application threads were stopped: 0.0018670 seconds, Stopping threads took: 0.0000760 seconds
92.191: Application time: 0.0373270 seconds
92.191: [GC [PSYoungGen: 19909K->2304K(20480K)] 38790K->26304K(66560K), 0.0020370 secs] [Times: user=0.02 sys=0.00, real=0.00 secs] 
92.193: Total time for which application threads were stopped: 0.0021790 seconds, Stopping threads took: 0.0000720 seconds
92.219: Application time: 0.0261780 seconds
92.219: [GC [PSYoungGen: 19698K->2304K(20480K)] 43699K->31424K(66560K), 0.0020620 secs] [Times: user=0.01 sys=0.00, real=0.00 secs] 
92.221: Total time for which application threads were stopped: 0.0022050 seconds, Stopping threads took: 0.0000740 seconds
92.260: Application time: 0.0391710 seconds
92.260: [GC [PSYoungGen: 19956K->2304K(20480K)] 49076K->35520K(66560K), 0.0017640 secs] [Times: user=0.02 sys=0.00, real=0.00 secs] 
92.262: Total time for which application threads were stopped: 0.0019110 seconds, Stopping threads took: 0.0000770 seconds
92.288: Application time: 0.0257910 seconds
92.288: [GC [PSYoungGen: 19691K->2272K(20480K)] 52907K->40608K(66560K), 0.0019410 secs] [Times: user=0.02 sys=0.00, real=0.00 secs] 
92.290: Total time for which application threads were stopped: 0.0020970 seconds, Stopping threads took: 0.0000790 seconds
92.328: Application time: 0.0381820 seconds
92.328: [GC [PSYoungGen: 19878K->2304K(20480K)] 58214K->44736K(66560K), 0.0017320 secs] [Times: user=0.01 sys=0.00, real=0.00 secs] 
92.330: [Full GC [PSYoungGen: 2304K->0K(20480K)] [ParOldGen: 42432K->9664K(46080K)] 44736K->9664K(66560K) [PSPermGen: 5500K->5500K(21504K)], 0.0060730 secs] [Times: user=0.03 sys=0.00, real=0.01 secs] 
92.336: Total time for which application threads were stopped: 0.0079970 seconds, Stopping threads took: 0.0000740 seconds
92.364: Application time: 0.0275510 seconds
92.364: [GC [PSYoungGen: 17464K->2304K(20480K)] 27129K->16065K(66560K), 0.0016500 secs] [Times: user=0.01 sys=0.00, real=0.00 secs] 
92.366: Total time for which application threads were stopped: 0.0017890 seconds, Stopping threads took: 0.0000690 seconds
92.402: Application time: 0.0364340 seconds
92.402: [GC [PSYoungGen: 19764K->2304K(20480K)] 33525K->19137K(66560K), 0.0015120 secs] [Times: user=0.01 sys=0.00, real=0.00 secs] 
92.404: Total time for which application threads were stopped: 0.0016720 seconds, Stopping threads took: 0.0000920 seconds
92.429: Application time: 0.0253670 seconds
92.429: [GC [PSYoungGen: 19847K->2304K(20480K)] 36680K->24257K(66560K), 0.0021240 secs] [Times: user=0.02 sys=0.00, real=0.01 secs] 
92.431: Total time for which application threads were stopped: 0.0023000 seconds, Stopping threads took: 0.0001040 seconds
92.471: Application time: 0.0396850 seconds
92.471: [GC [PSYoungGen: 19912K->2272K(20480K)] 41865K->27297K(66560K), 0.0016150 secs] [Times: user=0.01 sys=0.00, real=0.00 secs] 
92.473: Total time for which application threads were stopped: 0.0017600 seconds, Stopping threads took: 0.0000770 seconds
92.498: Application time: 0.0256270 seconds
92.499: [GC [PSYoungGen: 19817K->2272K(20480K)] 44842K->31393K(66560K), 0.0017530 secs] [Times: user=0.01 sys=0.00, real=0.00 secs] 
92.500: Total time for which application threads were stopped: 0.0019590 seconds, Stopping threads took: 0.0001320 seconds
92.540: Application time: 0.0392060 seconds
92.540: [GC [PSYoungGen: 20121K->2384K(20480K)] 49242K->34577K(66560K), 0.0016800 secs] [Times: user=0.00 sys=0.00, real=0.00 secs] 
92.542: Total time for which application threads were stopped: 0.0018220 seconds, Stopping threads took: 0.0000760 seconds
92.569: Application time: 0.0271120 seconds
92.569: [GC [PSYoungGen: 20233K->2512K(20480K)] 52426K->37777K(66560K), 0.0015240 secs] [Times: user=0.01 sys=0.00, real=0.00 secs] 
92.570: Total time for which application threads were stopped: 0.0016630 seconds, Stopping threads took: 0.0000730 seconds
92.609: Application time: 0.0389190 seconds
92.609: [GC [PSYoungGen: 20042K->2528K(20480K)] 55308K->39849K(66560K), 0.0012680 secs] [Times: user=0.01 sys=0.00, real=0.01 secs] 
92.611: Total time for which application threads were stopped: 0.0014120 seconds, Stopping threads took: 0.0000760 seconds
92.637: Application time: 0.0265570 seconds
92.637: [GC [PSYoungGen: 20109K->2544K(20480K)] 57430K->42937K(66560K), 0.0016100 secs] [Times: user=0.01 sys=0.00, real=0.01 secs] 
92.639: [Full GC [PSYoungGen: 2544K->0K(20480K)] [ParOldGen: 40393K->8656K(46080K)] 42937K->8656K(66560K) [PSPermGen: 5500K->5500K(21504K)], 0.0061040 secs] [Times: user=0.02 sys=0.00, real=0.00 secs] 
92.645: Total time for which application threads were stopped: 0.0079030 seconds, Stopping threads took: 0.0000780 seconds
92.681: Application time: 0.0356010 seconds
92.681: [GC [PSYoungGen: 17138K->2272K(20480K)] 25794K->12976K(66560K), 0.0011870 secs] [Times: user=0.00 sys=0.00, real=0.00 secs] 
92.682: Total time for which application threads were stopped: 0.0013320 seconds, Stopping threads took: 0.0000770 seconds
92.712: Application time: 0.0296570 seconds
92.712: [GC [PSYoungGen: 20101K->2336K(20480K)] 30805K->16112K(66560K), 0.0014170 secs] [Times: user=0.01 sys=0.00, real=0.00 secs] 
92.713: Total time for which application threads were stopped: 0.0015530 seconds, Stopping threads took: 0.0000720 seconds
92.750: Application time: 0.0365520 seconds
92.750: [GC [PSYoungGen: 19584K->2304K(20480K)] 33360K->17104K(66560K), 0.0009450 secs] [Times: user=0.01 sys=0.00, real=0.01 secs] 
92.751: Total time for which application threads were stopped: 0.0010880 seconds, Stopping threads took: 0.0000760 seconds
92.780: Application time: 0.0294720 seconds
92.783: [GC [PSYoungGen: 20116K->2304K(20480K)] 34916K->20176K(66560K), 0.0015290 secs] [Times: user=0.01 sys=0.00, real=0.00 secs] 
92.784: Total time for which application threads were stopped: 0.0037720 seconds, Stopping threads took: 0.0021750 seconds
92.821: Application time: 0.0368040 seconds
92.821: [GC [PSYoungGen: 19600K->2304K(20480K)] 37472K->20176K(66560K), 0.0007390 secs] [Times: user=0.00 sys=0.00, real=0.00 secs] 
92.822: Total time for which application threads were stopped: 0.0009110 seconds, Stopping threads took: 0.0001010 seconds
92.850: Application time: 0.0282590 seconds
92.850: [GC [PSYoungGen: 20013K->2304K(20480K)] 37885K->22224K(66560K), 0.0011630 secs] [Times: user=0.00 sys=0.00, real=0.01 secs] 
92.851: Total time for which application threads were stopped: 0.0013030 seconds, Stopping threads took: 0.0000750 seconds
92.889: Application time: 0.0373070 seconds
92.889: [GC [PSYoungGen: 19614K->1280K(20480K)] 39534K->21200K(66560K), 0.0006100 secs] [Times: user=0.01 sys=0.00, real=0.00 secs] 
92.890: Total time for which application threads were stopped: 0.0016250 seconds, Stopping threads took: 0.0000820 seconds
92.913: Application time: 0.0231100 seconds
92.914: [GC [PSYoungGen: 18702K->2272K(20480K)] 38622K->25264K(66560K), 0.0014490 secs] [Times: user=0.01 sys=0.00, real=0.00 secs] 
92.915: Total time for which application threads were stopped: 0.0015840 seconds, Stopping threads took: 0.0000660 seconds
92.953: Application time: 0.0375270 seconds
92.953: [GC [PSYoungGen: 20192K->2304K(20480K)] 43184K->28368K(66560K), 0.0014370 secs] [Times: user=0.01 sys=0.00, real=0.00 secs] 
92.954: Total time for which application threads were stopped: 0.0015920 seconds, Stopping threads took: 0.0000890 seconds
92.983: Application time: 0.0287090 seconds
92.983: [GC [PSYoungGen: 19448K->2304K(20480K)] 45512K->31440K(66560K), 0.0014380 secs] [Times: user=0.01 sys=0.00, real=0.00 secs] 
92.984: Total time for which application threads were stopped: 0.0015630 seconds, Stopping threads took: 0.0000590 seconds
93.019: Application time: 0.0349800 seconds
93.020: [GC [PSYoungGen: 20087K->2304K(20480K)] 49223K->34512K(66560K), 0.0013760 secs] [Times: user=0.01 sys=0.00, real=0.00 secs] 
93.021: Total time for which application threads were stopped: 0.0015090 seconds, Stopping threads took: 0.0000670 seconds
93.050: Application time: 0.0294350 seconds
93.050: [GC [PSYoungGen: 19497K->2272K(20480K)] 51706K->37552K(66560K), 0.0013800 secs] [Times: user=0.01 sys=0.00, real=0.00 secs] 
93.052: Total time for which application threads were stopped: 0.0015240 seconds, Stopping threads took: 0.0000680 seconds
93.085: Application time: 0.0331800 seconds
93.085: [GC [PSYoungGen: 19962K->2304K(20480K)] 55242K->40656K(66560K), 0.0014760 secs] [Times: user=0.01 sys=0.01, real=0.00 secs] 
93.087: Total time for which application threads were stopped: 0.0016030 seconds, Stopping threads took: 0.0000580 seconds
93.116: Application time: 0.0289740 seconds
93.116: [GC [PSYoungGen: 19573K->2304K(20480K)] 57926K->45776K(66560K), 0.0020970 secs] [Times: user=0.02 sys=0.00, real=0.00 secs] 
93.118: [Full GC [PSYoungGen: 2304K->0K(20480K)] [ParOldGen: 43472K->10686K(46080K)] 45776K->10686K(66560K) [PSPermGen: 5500K->5500K(21504K)], 0.0064570 secs] [Times: user=0.02 sys=0.00, real=0.01 secs] 
93.124: Total time for which application threads were stopped: 0.0087460 seconds, Stopping threads took: 0.0000770 seconds
93.160: Application time: 0.0354530 seconds
93.160: [GC [PSYoungGen: 17824K->2336K(20480K)] 28511K->17118K(66560K), 0.0016520 secs] [Times: user=0.01 sys=0.00, real=0.00 secs] 
93.162: Total time for which application threads were stopped: 0.0017940 seconds, Stopping threads took: 0.0000760 seconds
93.192: Application time: 0.0303830 seconds
93.192: [GC [PSYoungGen: 19676K->2304K(20480K)] 34459K->22207K(66560K), 0.0020170 secs] [Times: user=0.02 sys=0.00, real=0.00 secs] 
93.194: Total time for which application threads were stopped: 0.0021650 seconds, Stopping threads took: 0.0000770 seconds
93.220: Application time: 0.0257390 seconds
93.220: [GC [PSYoungGen: 19672K->2272K(20480K)] 39575K->27295K(66560K), 0.0021800 secs] [Times: user=0.02 sys=0.00, real=0.00 secs] 
93.222: Total time for which application threads were stopped: 0.0023420 seconds, Stopping threads took: 0.0000920 seconds
93.258: Application time: 0.0352820 seconds
93.258: [GC [PSYoungGen: 19261K->2432K(20480K)] 44284K->32575K(66560K), 0.0021200 secs] [Times: user=0.01 sys=0.00, real=0.01 secs] 
93.260: Total time for which application threads were stopped: 0.0022830 seconds, Stopping threads took: 0.0000910 seconds
93.290: Application time: 0.0302280 seconds
93.290: [GC [PSYoungGen: 20120K->2432K(20480K)] 50264K->35647K(66560K), 0.0016120 secs] [Times: user=0.00 sys=0.00, real=0.01 secs] 
93.292: Total time for which application threads were stopped: 0.0017640 seconds, Stopping threads took: 0.0000840 seconds
93.327: Application time: 0.0352430 seconds
93.327: [GC [PSYoungGen: 20126K->2512K(20480K)] 53341K->40847K(66560K), 0.0021570 secs] [Times: user=0.02 sys=0.00, real=0.00 secs] 
93.329: Total time for which application threads were stopped: 0.0023190 seconds, Stopping threads took: 0.0000830 seconds
93.360: Application time: 0.0306310 seconds
93.360: [GC [PSYoungGen: 19979K->2544K(20480K)] 58314K->44975K(66560K), 0.0017710 secs] [Times: user=0.02 sys=0.00, real=0.00 secs] 
93.362: [Full GC [PSYoungGen: 2544K->0K(20480K)] [ParOldGen: 42431K->9663K(46080K)] 44975K->9663K(66560K) [PSPermGen: 5500K->5500K(21504K)], 0.0061100 secs] [Times: user=0.02 sys=0.00, real=0.00 secs] 
93.368: Total time for which application threads were stopped: 0.0080650 seconds, Stopping threads took: 0.0000700 seconds
93.403: Application time: 0.0345530 seconds
93.403: [GC [PSYoungGen: 17586K->2304K(20480K)] 27249K->17087K(66560K), 0.0020870 secs] [Times: user=0.01 sys=0.00, real=0.00 secs] 
93.405: Total time for which application threads were stopped: 0.0022490 seconds, Stopping threads took: 0.0000900 seconds
93.433: Application time: 0.0282550 seconds
93.433: [GC [PSYoungGen: 19750K->2304K(20480K)] 34533K->22207K(66560K), 0.0020430 secs] [Times: user=0.01 sys=0.00, real=0.00 secs] 
93.435: Total time for which application threads were stopped: 0.0021810 seconds, Stopping threads took: 0.0000660 seconds
93.473: Application time: 0.0375910 seconds
93.473: [GC [PSYoungGen: 19929K->2304K(20480K)] 39832K->26303K(66560K), 0.0017910 secs] [Times: user=0.02 sys=0.00, real=0.00 secs] 
93.475: Total time for which application threads were stopped: 0.0019340 seconds, Stopping threads took: 0.0000730 seconds
93.501: Application time: 0.0263190 seconds
93.501: [GC [PSYoungGen: 19687K->2304K(20480K)] 43686K->30399K(66560K), 0.0017710 secs] [Times: user=0.02 sys=0.00, real=0.00 secs] 
93.503: Total time for which application threads were stopped: 0.0019300 seconds, Stopping threads took: 0.0000890 seconds
93.543: Application time: 0.0398540 seconds
93.543: [GC [PSYoungGen: 19914K->2320K(20480K)] 48009K->33487K(66560K), 0.0014900 secs] [Times: user=0.01 sys=0.00, real=0.00 secs] 
93.545: Total time for which application threads were stopped: 0.0016290 seconds, Stopping threads took: 0.0000760 seconds
93.570: Application time: 0.0253740 seconds
93.570: [GC [PSYoungGen: 19752K->2304K(20480K)] 50920K->37567K(66560K), 0.0016950 secs] [Times: user=0.01 sys=0.00, real=0.01 secs] 
93.572: Total time for which application threads were stopped: 0.0018480 seconds, Stopping threads took: 0.0000800 seconds
93.612: Application time: 0.0396720 seconds
93.612: [GC [PSYoungGen: 19892K->2304K(20480K)] 55156K->40639K(66560K), 0.0013790 secs] [Times: user=0.01 sys=0.00, real=0.00 secs] 
93.613: Total time for which application threads were stopped: 0.0015250 seconds, Stopping threads took: 0.0000770 seconds
93.639: Application time: 0.0254770 seconds
93.639: [GC [PSYoungGen: 19759K->2272K(20480K)] 58095K->44703K(66560K), 0.0016960 secs] [Times: user=0.01 sys=0.00, real=0.00 secs] 
93.640: [Full GC [PSYoungGen: 2272K->0K(20480K)] [ParOldGen: 42431K->9662K(46080K)] 44703K->9662K(66560K) [PSPermGen: 5500K->5500K(21504K)], 0.0060970 secs] [Times: user=0.03 sys=0.00, real=0.00 secs] 
93.647: Total time for which application threads were stopped: 0.0080210 seconds, Stopping threads took: 0.0001080 seconds
93.682: Application time: 0.0357950 seconds
93.683: [GC [PSYoungGen: 17110K->2304K(20480K)] 26772K->14014K(66560K), 0.0012620 secs] [Times: user=0.01 sys=0.00, real=0.00 secs] 
93.684: Total time for which application threads were stopped: 0.0014190 seconds, Stopping threads took: 0.0000880 seconds
93.713: Application time: 0.0291080 seconds
93.713: [GC [PSYoungGen: 20224K->2304K(20480K)] 31934K->19134K(66560K), 0.0019700 secs] [Times: user=0.01 sys=0.00, real=0.00 secs] 
93.715: Total time for which application threads were stopped: 0.0021140 seconds, Stopping threads took: 0.0000740 seconds
93.751: Application time: 0.0362800 seconds
93.751: [GC [PSYoungGen: 19384K->2304K(20480K)] 36214K->20158K(66560K), 0.0009780 secs] [Times: user=0.01 sys=0.00, real=0.00 secs] 
93.752: Total time for which application threads were stopped: 0.0011180 seconds, Stopping threads took: 0.0000760 seconds
93.779: Application time: 0.0265680 seconds
93.779: [GC [PSYoungGen: 19200K->2304K(20480K)] 37055K->24254K(66560K), 0.0017250 secs] [Times: user=0.01 sys=0.00, real=0.00 secs] 
93.781: Total time for which application threads were stopped: 0.0018670 seconds, Stopping threads took: 0.0000750 seconds
93.818: Application time: 0.0373270 seconds
93.818: [GC [PSYoungGen: 20210K->2304K(20480K)] 42160K->25278K(66560K), 0.0009430 secs] [Times: user=0.00 sys=0.00, real=0.01 secs] 
93.819: Total time for which application threads were stopped: 0.0010910 seconds, Stopping threads took: 0.0000800 seconds
93.847: Application time: 0.0281680 seconds
93.848: [GC [PSYoungGen: 19440K->2304K(20480K)] 42415K->29374K(66560K), 0.0016570 secs] [Times: user=0.01 sys=0.00, real=0.00 secs] 
93.849: Total time for which application threads were stopped: 0.0018190 seconds, Stopping threads took: 0.0000850 seconds
93.886: Application time: 0.0364900 seconds
93.886: [GC [PSYoungGen: 20224K->2288K(20480K)] 47294K->29358K(66560K), 0.0007290 secs] [Times: user=0.01 sys=0.00, real=0.00 secs] 
93.887: Total time for which application threads were stopped: 0.0008730 seconds, Stopping threads took: 0.0000830 seconds
93.916: Application time: 0.0292150 seconds
93.916: [GC [PSYoungGen: 19501K->2320K(20480K)] 46571K->32462K(66560K), 0.0013610 secs] [Times: user=0.01 sys=0.00, real=0.00 secs] 
93.917: Total time for which application threads were stopped: 0.0014980 seconds, Stopping threads took: 0.0000710 seconds
93.952: Application time: 0.0348150 seconds
93.952: [GC [PSYoungGen: 20192K->2384K(20480K)] 50335K->34574K(66560K), 0.0012050 secs] [Times: user=0.01 sys=0.00, real=0.00 secs] 
93.954: Total time for which application threads were stopped: 0.0013330 seconds, Stopping threads took: 0.0000660 seconds
93.980: Application time: 0.0263170 seconds
93.980: [GC [PSYoungGen: 19945K->2512K(20480K)] 52136K->37774K(66560K), 0.0015580 secs] [Times: user=0.01 sys=0.00, real=0.00 secs] 
93.982: Total time for which application threads were stopped: 0.0016940 seconds, Stopping threads took: 0.0000650 seconds
94.020: Application time: 0.0382020 seconds
94.020: [GC [PSYoungGen: 20407K->2544K(20480K)] 55669K->38830K(66560K), 0.0009640 secs] [Times: user=0.00 sys=0.00, real=0.00 secs] 
94.021: Total time for which application threads were stopped: 0.0010830 seconds, Stopping threads took: 0.0000570 seconds
94.048: Application time: 0.0270730 seconds
94.048: [GC [PSYoungGen: 19743K->2496K(20480K)] 56030K->41854K(66560K), 0.0015850 secs] [Times: user=0.01 sys=0.00, real=0.00 secs] 
94.050: Total time for which application threads were stopped: 0.0017370 seconds, Stopping threads took: 0.0000850 seconds
94.079: Application time: 0.0291710 seconds
94.079: [GC [PSYoungGen: 19749K->2512K(20480K)] 59108K->45966K(66560K), 0.0017540 secs] [Times: user=0.02 sys=0.00, real=0.00 secs] 
94.081: [Full GC [PSYoungGen: 2512K->0K(20480K)] [ParOldGen: 43454K->9665K(46080K)] 45966K->9665K(66560K) [PSPermGen: 5500K->5500K(21504K)], 0.0060090 secs] [Times: user=0.02 sys=0.00, real=0.00 secs] 
94.087: Total time for which application threads were stopped: 0.0079360 seconds, Stopping threads took: 0.0000560 seconds
94.123: Application time: 0.0358670 seconds
94.123: [GC [PSYoungGen: 17802K->2304K(20480K)] 27467K->15041K(66560K), 0.0014630 secs] [Times: user=0.01 sys=0.00, real=0.00 secs] 
94.124: Total time for which application threads were stopped: 0.0016080 seconds, Stopping threads took: 0.0000750 seconds
94.152: Application time: 0.0274000 seconds
94.152: [GC [PSYoungGen: 19488K->2304K(20480K)] 32226K->20161K(66560K), 0.0020340 secs] [Times: user=0.02 sys=0.00, real=0.00 secs] 
94.154: Total time for which application threads were stopped: 0.0021720 seconds, Stopping threads took: 0.0000680 seconds
94.191: Application time: 0.0372000 seconds
94.191: [GC [PSYoungGen: 20032K->2304K(20480K)] 37889K->24257K(66560K), 0.0017010 secs] [Times: user=0.01 sys=0.00, real=0.00 secs] 
94.193: Total time for which application threads were stopped: 0.0018500 seconds, Stopping threads took: 0.0000790 seconds
94.220: Application time: 0.0271300 seconds
94.220: [GC [PSYoungGen: 19637K->2304K(20480K)] 41591K->29377K(66560K), 0.0020150 secs] [Times: user=0.02 sys=0.00, real=0.00 secs] 
94.222: Total time for which application threads were stopped: 0.0021770 seconds, Stopping threads took: 0.0000880 seconds
94.260: Application time: 0.0373800 seconds
94.260: [GC [PSYoungGen: 20009K->2272K(20480K)] 47082K->33441K(66560K), 0.0017460 secs] [Times: user=0.01 sys=0.00, real=0.00 secs] 
94.261: Total time for which application threads were stopped: 0.0018790 seconds, Stopping threads took: 0.0000630 seconds
94.290: Application time: 0.0289930 seconds
94.291: [GC [PSYoungGen: 19622K->2272K(20480K)] 50792K->37537K(66560K), 0.0017930 secs] [Times: user=0.01 sys=0.00, real=0.00 secs] 
94.292: Total time for which application threads were stopped: 0.0019550 seconds, Stopping threads took: 0.0000920 seconds
94.328: Application time: 0.0359820 seconds
94.328: [GC [PSYoungGen: 19901K->2304K(20480K)] 55167K->41665K(66560K), 0.0017480 secs] [Times: user=0.01 sys=0.00, real=0.00 secs] 
94.330: Total time for which application threads were stopped: 0.0018930 seconds, Stopping threads took: 0.0000760 seconds
94.358: Application time: 0.0272950 seconds
94.358: [GC [PSYoungGen: 19700K->2304K(20480K)] 59062K->46785K(66560K), 0.0020670 secs] [Times: user=0.01 sys=0.00, real=0.01 secs] 
94.360: [Full GC [PSYoungGen: 2304K->0K(20480K)] [ParOldGen: 44481K->10688K(46080K)] 46785K->10688K(66560K) [PSPermGen: 5500K->5500K(21504K)], 0.0062450 secs] [Times: user=0.03 sys=0.00, real=0.00 secs] 
94.366: Total time for which application threads were stopped: 0.0085200 seconds, Stopping threads took: 0.0000730 seconds
94.403: Application time: 0.0366680 seconds
94.403: [GC [PSYoungGen: 17622K->2304K(20480K)] 28310K->18112K(66560K), 0.0020930 secs] [Times: user=0.02 sys=0.00, real=0.00 secs] 
94.405: Total time for which application threads were stopped: 0.0022440 seconds, Stopping threads took: 0.0000750 seconds
94.433: Application time: 0.0279360 seconds
94.433: [GC [PSYoungGen: 19721K->2304K(20480K)] 35530K->23232K(66560K), 0.0019360 secs] [Times: user=0.01 sys=0.00, real=0.00 secs] 
94.435: Total time for which application threads were stopped: 0.0020630 seconds, Stopping threads took: 0.0000570 seconds
94.473: Application time: 0.0376740 seconds
94.473: [GC [PSYoungGen: 19939K->2304K(20480K)] 40868K->27328K(66560K), 0.0017280 secs] [Times: user=0.01 sys=0.00, real=0.00 secs] 
94.475: Total time for which application threads were stopped: 0.0018620 seconds, Stopping threads took: 0.0000620 seconds
94.498: Application time: 0.0230270 seconds
94.498: [GC [PSYoungGen: 19635K->2304K(20480K)] 44659K->32448K(66560K), 0.0020600 secs] [Times: user=0.02 sys=0.00, real=0.01 secs] 
94.500: Total time for which application threads were stopped: 0.0022110 seconds, Stopping threads took: 0.0000790 seconds
94.540: Application time: 0.0404630 seconds
94.540: [GC [PSYoungGen: 19856K->2304K(20480K)] 50001K->35520K(66560K), 0.0014940 secs] [Times: user=0.01 sys=0.00, real=0.00 secs] 
94.542: Total time for which application threads were stopped: 0.0016380 seconds, Stopping threads took: 0.0000740 seconds
94.567: Application time: 0.0254430 seconds
94.567: [GC [PSYoungGen: 19815K->2304K(20480K)] 53032K->40640K(66560K), 0.0019770 secs] [Times: user=0.02 sys=0.00, real=0.00 secs] 
94.569: Total time for which application threads were stopped: 0.0021170 seconds, Stopping threads took: 0.0000670 seconds
94.608: Application time: 0.0385900 seconds
94.608: [GC [PSYoungGen: 19869K->2240K(20480K)] 58206K->43648K(66560K), 0.0015220 secs] [Times: user=0.00 sys=0.00, real=0.00 secs] 
94.610: [Full GC [PSYoungGen: 2240K->0K(20480K)] [ParOldGen: 41408K->8774K(46080K)] 43648K->8774K(66560K) [PSPermGen: 5500K->5500K(21504K)], 0.0056320 secs] [Times: user=0.03 sys=0.00, real=0.01 secs] 
94.615: Total time for which application threads were stopped: 0.0073280 seconds, Stopping threads took: 0.0000640 seconds
94.643: Application time: 0.0273730 seconds
94.643: [GC [PSYoungGen: 17608K->2304K(20480K)] 26383K->15175K(66560K), 0.0017200 secs] [Times: user=0.01 sys=0.00, real=0.00 secs] 
94.645: Total time for which application threads were stopped: 0.0018610 seconds, Stopping threads took: 0.0000700 seconds
94.681: Application time: 0.0364420 seconds
94.681: [GC [PSYoungGen: 20004K->2368K(20480K)] 32875K->17287K(66560K), 0.0012750 secs] [Times: user=0.01 sys=0.00, real=0.00 secs] 
94.682: Total time for which application threads were stopped: 0.0014280 seconds, Stopping threads took: 0.0000810 seconds
94.710: Application time: 0.0275760 seconds
94.710: [GC [PSYoungGen: 20288K->2416K(20480K)] 35207K->22455K(66560K), 0.0022380 secs] [Times: user=0.01 sys=0.00, real=0.01 secs] 
94.712: Total time for which application threads were stopped: 0.0023860 seconds, Stopping threads took: 0.0000770 seconds
94.749: Application time: 0.0364910 seconds
94.749: [GC [PSYoungGen: 19574K->2464K(20480K)] 39613K->24551K(66560K), 0.0014300 secs] [Times: user=0.01 sys=0.00, real=0.01 secs] 
94.751: Total time for which application threads were stopped: 0.0015700 seconds, Stopping threads took: 0.0000700 seconds
94.778: Application time: 0.0273130 seconds
94.778: [GC [PSYoungGen: 20377K->2496K(20480K)] 42464K->29703K(66560K), 0.0021870 secs] [Times: user=0.02 sys=0.00, real=0.01 secs] 
94.780: Total time for which application threads were stopped: 0.0023430 seconds, Stopping threads took: 0.0000820 seconds
94.818: Application time: 0.0381480 seconds
94.818: [GC [PSYoungGen: 19514K->2496K(20480K)] 46721K->32775K(66560K), 0.0015370 secs] [Times: user=0.01 sys=0.00, real=0.01 secs] 
94.820: Total time for which application threads were stopped: 0.0017090 seconds, Stopping threads took: 0.0000930 seconds
94.847: Application time: 0.0272310 seconds
94.847: [GC [PSYoungGen: 19413K->2464K(20480K)] 49692K->35815K(66560K), 0.0016290 secs] [Times: user=0.01 sys=0.00, real=0.00 secs] 
94.849: Total time for which application threads were stopped: 0.0017770 seconds, Stopping threads took: 0.0000820 seconds
94.886: Application time: 0.0370830 seconds
94.886: [GC [PSYoungGen: 19496K->2464K(20480K)] 52847K->37863K(66560K), 0.0012270 secs] [Times: user=0.01 sys=0.00, real=0.00 secs] 
94.887: Total time for which application threads were stopped: 0.0013700 seconds, Stopping threads took: 0.0000680 seconds
94.916: Application time: 0.0288540 seconds
94.917: [GC [PSYoungGen: 20315K->2464K(20480K)] 55714K->39911K(66560K), 0.0013240 secs] [Times: user=0.01 sys=0.00, real=0.00 secs] 
94.918: Total time for which application threads were stopped: 0.0015450 seconds, Stopping threads took: 0.0001520 seconds
94.953: Application time: 0.0352340 seconds
94.953: [GC [PSYoungGen: 19641K->2464K(20480K)] 57089K->41959K(66560K), 0.0013030 secs] [Times: user=0.00 sys=0.00, real=0.00 secs] 
94.955: Total time for which application threads were stopped: 0.0014530 seconds, Stopping threads took: 0.0000820 seconds
94.985: Application time: 0.0308420 seconds
94.986: [GC [PSYoungGen: 20346K->2480K(20480K)] 59841K->44023K(66560K), 0.0012940 secs] [Times: user=0.01 sys=0.00, real=0.00 secs] 
94.987: [Full GC [PSYoungGen: 2480K->0K(20480K)] [ParOldGen: 41543K->7935K(46080K)] 44023K->7935K(66560K) [PSPermGen: 5500K->5500K(21504K)], 0.0054750 secs] [Times: user=0.02 sys=0.00, real=0.01 secs] 
94.992: Total time for which application threads were stopped: 0.0069650 seconds, Stopping threads took: 0.0000860 seconds
95.027: Application time: 0.0342430 seconds
95.027: [GC [PSYoungGen: 17110K->2304K(20480K)] 25046K->12287K(66560K), 0.0011160 secs] [Times: user=0.01 sys=0.00, real=0.00 secs] 
95.028: Total time for which application threads were stopped: 0.0012870 seconds, Stopping threads took: 0.0001060 seconds
95.058: Application time: 0.0301120 seconds
95.058: [GC [PSYoungGen: 20196K->2304K(20480K)] 30180K->16383K(66560K), 0.0016400 secs] [Times: user=0.01 sys=0.00, real=0.01 secs] 
95.060: Total time for which application threads were stopped: 0.0017840 seconds, Stopping threads took: 0.0000750 seconds
95.095: Application time: 0.0355290 seconds
95.095: [GC [PSYoungGen: 19435K->2304K(20480K)] 33515K->17407K(66560K), 0.0008480 secs] [Times: user=0.01 sys=0.00, real=0.00 secs] 
95.096: Total time for which application threads were stopped: 0.0009740 seconds, Stopping threads took: 0.0000660 seconds
95.122: Application time: 0.0255190 seconds
95.122: [GC [PSYoungGen: 20068K->2304K(20480K)] 35172K->21503K(66560K), 0.0016750 secs] [Times: user=0.01 sys=0.00, real=0.00 secs] 
95.124: Total time for which application threads were stopped: 0.0018150 seconds, Stopping threads took: 0.0000670 seconds
95.160: Application time: 0.0366600 seconds
95.160: [GC [PSYoungGen: 20219K->2304K(20480K)] 39419K->24576K(66560K), 0.0014260 secs] [Times: user=0.01 sys=0.00, real=0.00 secs] 
95.162: Total time for which application threads were stopped: 0.0015660 seconds, Stopping threads took: 0.0000740 seconds
95.191: Application time: 0.0287530 seconds
95.191: [GC [PSYoungGen: 19369K->2304K(20480K)] 41641K->29696K(66560K), 0.0019540 secs] [Times: user=0.02 sys=0.00, real=0.00 secs] 
95.193: Total time for which application threads were stopped: 0.0020980 seconds, Stopping threads took: 0.0000720 seconds
95.228: Application time: 0.0355670 seconds
95.228: [GC [PSYoungGen: 20177K->2304K(20480K)] 47569K->32768K(66560K), 0.0014950 secs] [Times: user=0.01 sys=0.00, real=0.00 secs] 
95.230: Total time for which application threads were stopped: 0.0016230 seconds, Stopping threads took: 0.0000620 seconds
95.258: Application time: 0.0276300 seconds
95.258: [GC [PSYoungGen: 19409K->2272K(20480K)] 49873K->36832K(66560K), 0.0018020 secs] [Times: user=0.02 sys=0.00, real=0.01 secs] 
95.260: Total time for which application threads were stopped: 0.0020100 seconds, Stopping threads took: 0.0001290 seconds
95.295: Application time: 0.0356140 seconds
95.295: [GC [PSYoungGen: 20146K->2304K(20480K)] 54706K->39936K(66560K), 0.0014060 secs] [Times: user=0.01 sys=0.00, real=0.00 secs] 
95.297: Total time for which application threads were stopped: 0.0015510 seconds, Stopping threads took: 0.0000790 seconds
95.328: Application time: 0.0310120 seconds
95.328: [GC [PSYoungGen: 19620K->2272K(20480K)] 57252K->42976K(66560K), 0.0015220 secs] [Times: user=0.01 sys=0.00, real=0.00 secs] 
95.329: [Full GC [PSYoungGen: 2272K->0K(20480K)] [ParOldGen: 40704K->8639K(46080K)] 42976K->8639K(66560K) [PSPermGen: 5500K->5500K(21504K)], 0.0057520 secs] [Times: user=0.02 sys=0.00, real=0.01 secs] 
95.335: Total time for which application threads were stopped: 0.0074460 seconds, Stopping threads took: 0.0000580 seconds
95.365: Application time: 0.0297760 seconds
95.365: [GC [PSYoungGen: 17520K->2304K(20480K)] 26160K->14015K(66560K), 0.0014680 secs] [Times: user=0.01 sys=0.00, real=0.00 secs] 
95.367: Total time for which application threads were stopped: 0.0016290 seconds, Stopping threads took: 0.0000920 seconds
95.401: Application time: 0.0343410 seconds
95.401: [GC [PSYoungGen: 20185K->2400K(20480K)] 31897K->18208K(66560K), 0.0017950 secs] [Times: user=0.01 sys=0.00, real=0.00 secs] 
95.403: Total time for which application threads were stopped: 0.0019640 seconds, Stopping threads took: 0.0000910 seconds
95.432: Application time: 0.0287850 seconds
95.432: [GC [PSYoungGen: 20141K->2496K(20480K)] 35949K->23424K(66560K), 0.0020990 secs] [Times: user=0.01 sys=0.00, real=0.00 secs] 
95.434: Total time for which application threads were stopped: 0.0023310 seconds, Stopping threads took: 0.0001580 seconds
95.471: Application time: 0.0373920 seconds
95.472: [GC [PSYoungGen: 20133K->2464K(20480K)] 41061K->27488K(66560K), 0.0017240 secs] [Times: user=0.01 sys=0.00, real=0.00 secs] 
95.473: Total time for which application threads were stopped: 0.0018660 seconds, Stopping threads took: 0.0000700 seconds
95.503: Application time: 0.0294140 seconds
95.503: [GC [PSYoungGen: 20002K->2496K(20480K)] 45026K->31616K(66560K), 0.0017630 secs] [Times: user=0.01 sys=0.00, real=0.00 secs] 
95.505: Total time for which application threads were stopped: 0.0018890 seconds, Stopping threads took: 0.0000580 seconds
95.538: Application time: 0.0337700 seconds
95.539: [GC [PSYoungGen: 19938K->2464K(20480K)] 49058K->35680K(66560K), 0.0018920 secs] [Times: user=0.02 sys=0.00, real=0.00 secs] 
95.540: Total time for which application threads were stopped: 0.0020370 seconds, Stopping threads took: 0.0000720 seconds
95.570: Application time: 0.0291990 seconds
95.570: [GC [PSYoungGen: 20035K->2496K(20480K)] 53251K->40832K(66560K), 0.0021330 secs] [Times: user=0.01 sys=0.00, real=0.01 secs] 
95.572: Total time for which application threads were stopped: 0.0022820 seconds, Stopping threads took: 0.0000740 seconds
95.609: Application time: 0.0366710 seconds
95.609: [GC [PSYoungGen: 19928K->2496K(20480K)] 58264K->43904K(66560K), 0.0015670 secs] [Times: user=0.01 sys=0.00, real=0.00 secs] 
95.610: [Full GC [PSYoungGen: 2496K->0K(20480K)] [ParOldGen: 41408K->8960K(46080K)] 43904K->8960K(66560K) [PSPermGen: 5500K->5500K(21504K)], 0.0058810 secs] [Times: user=0.03 sys=0.00, real=0.01 secs] 
95.616: Total time for which application threads were stopped: 0.0076280 seconds, Stopping threads took: 0.0000650 seconds
95.645: Application time: 0.0282960 seconds
95.645: [GC [PSYoungGen: 17594K->2304K(20480K)] 26554K->16384K(66560K), 0.0019410 secs] [Times: user=0.02 sys=0.00, real=0.00 secs] 
95.647: Total time for which application threads were stopped: 0.0020830 seconds, Stopping threads took: 0.0000700 seconds
95.682: Application time: 0.0358420 seconds
95.683: [GC [PSYoungGen: 19647K->2304K(20480K)] 33727K->18432K(66560K), 0.0011930 secs] [Times: user=0.01 sys=0.00, real=0.00 secs] 
95.684: Total time for which application threads were stopped: 0.0013280 seconds, Stopping threads took: 0.0000660 seconds
95.714: Application time: 0.0298110 seconds
95.714: [GC [PSYoungGen: 20015K->2304K(20480K)] 36144K->22528K(66560K), 0.0016660 secs] [Times: user=0.01 sys=0.00, real=0.00 secs] 
95.715: Total time for which application threads were stopped: 0.0017980 seconds, Stopping threads took: 0.0000640 seconds
95.749: Application time: 0.0334520 seconds
95.749: [GC [PSYoungGen: 19362K->2272K(20480K)] 39586K->24544K(66560K), 0.0012160 secs] [Times: user=0.00 sys=0.00, real=0.00 secs] 
95.750: Total time for which application threads were stopped: 0.0013820 seconds, Stopping threads took: 0.0001010 seconds
95.779: Application time: 0.0284410 seconds
95.779: [GC [PSYoungGen: 20135K->2272K(20480K)] 42407K->28640K(66560K), 0.0017830 secs] [Times: user=0.01 sys=0.00, real=0.00 secs] 
95.781: Total time for which application threads were stopped: 0.0019290 seconds, Stopping threads took: 0.0000730 seconds
95.818: Application time: 0.0376100 seconds
95.818: [GC [PSYoungGen: 19481K->2304K(20480K)] 45850K->29696K(66560K), 0.0009510 secs] [Times: user=0.01 sys=0.00, real=0.01 secs] 
95.819: Total time for which application threads were stopped: 0.0011150 seconds, Stopping threads took: 0.0000970 seconds
95.847: Application time: 0.0281510 seconds
95.848: [GC [PSYoungGen: 20146K->2304K(20480K)] 47539K->32768K(66560K), 0.0014660 secs] [Times: user=0.01 sys=0.00, real=0.00 secs] 
95.849: Total time for which application threads were stopped: 0.0016120 seconds, Stopping threads took: 0.0000780 seconds
95.885: Application time: 0.0354370 seconds
95.885: [GC [PSYoungGen: 19376K->2304K(20480K)] 49840K->35840K(66560K), 0.0014980 secs] [Times: user=0.01 sys=0.00, real=0.00 secs] 
95.886: Total time for which application threads were stopped: 0.0016320 seconds, Stopping threads took: 0.0000630 seconds
95.915: Application time: 0.0292440 seconds
95.916: [GC [PSYoungGen: 20224K->2240K(20480K)] 53760K->39872K(66560K), 0.0017350 secs] [Times: user=0.01 sys=0.00, real=0.00 secs] 
95.917: Total time for which application threads were stopped: 0.0018870 seconds, Stopping threads took: 0.0000730 seconds
95.953: Application time: 0.0356700 seconds
95.953: [GC [PSYoungGen: 19297K->2240K(20480K)] 56930K->42945K(66560K), 0.0015490 secs] [Times: user=0.00 sys=0.00, real=0.00 secs] 
95.955: [Full GC [PSYoungGen: 2240K->0K(20480K)] [ParOldGen: 40704K->8648K(46080K)] 42945K->8648K(66560K) [PSPermGen: 5500K->5500K(21504K)], 0.0058520 secs] [Times: user=0.03 sys=0.00, real=0.01 secs] 
95.961: Total time for which application threads were stopped: 0.0075960 seconds, Stopping threads took: 0.0000780 seconds
95.989: Application time: 0.0286700 seconds
95.989: [GC [PSYoungGen: 17916K->2304K(20480K)] 26565K->14024K(66560K), 0.0014800 secs] [Times: user=0.01 sys=0.00, real=0.01 secs] 
95.991: Total time for which application threads were stopped: 0.0016260 seconds, Stopping threads took: 0.0000750 seconds
96.026: Application time: 0.0346610 seconds
96.026: [GC [PSYoungGen: 19393K->2304K(20480K)] 31113K->17096K(66560K), 0.0014850 secs] [Times: user=0.01 sys=0.00, real=0.00 secs] 
96.027: Total time for which application threads were stopped: 0.0016310 seconds, Stopping threads took: 0.0000770 seconds
96.057: Application time: 0.0295000 seconds
96.057: [GC [PSYoungGen: 19284K->2352K(20480K)] 34077K->20217K(66560K), 0.0014080 secs] [Times: user=0.01 sys=0.00, real=0.00 secs] 
96.058: Total time for which application threads were stopped: 0.0015510 seconds, Stopping threads took: 0.0000740 seconds
96.092: Application time: 0.0333160 seconds
96.092: [GC [PSYoungGen: 19400K->2352K(20480K)] 37265K->22265K(66560K), 0.0011910 secs] [Times: user=0.01 sys=0.00, real=0.00 secs] 
96.093: Total time for which application threads were stopped: 0.0013100 seconds, Stopping threads took: 0.0000570 seconds
96.119: Application time: 0.0263510 seconds
96.119: [GC [PSYoungGen: 19556K->2464K(20480K)] 39469K->26473K(66560K), 0.0017930 secs] [Times: user=0.01 sys=0.00, real=0.00 secs] 
96.121: Total time for which application threads were stopped: 0.0019450 seconds, Stopping threads took: 0.0000810 seconds
96.155: Application time: 0.0333460 seconds
96.155: [GC [PSYoungGen: 20384K->2544K(20480K)] 44393K->29625K(66560K), 0.0015250 secs] [Times: user=0.01 sys=0.00, real=0.00 secs] 
96.156: Total time for which application threads were stopped: 0.0016580 seconds, Stopping threads took: 0.0000660 seconds
96.188: Application time: 0.0313660 seconds
96.188: [GC [PSYoungGen: 19854K->2528K(20480K)] 46935K->33705K(66560K), 0.0018460 secs] [Times: user=0.01 sys=0.00, real=0.00 secs] 
96.190: Total time for which application threads were stopped: 0.0019940 seconds, Stopping threads took: 0.0000780 seconds
96.222: Application time: 0.0326910 seconds
96.222: [GC [PSYoungGen: 20145K->2512K(20480K)] 51322K->36761K(66560K), 0.0015130 secs] [Times: user=0.01 sys=0.00, real=0.00 secs] 
96.224: Total time for which application threads were stopped: 0.0016450 seconds, Stopping threads took: 0.0000670 seconds
96.257: Application time: 0.0332000 seconds
96.257: [GC [PSYoungGen: 19955K->2496K(20480K)] 54204K->40841K(66560K), 0.0017950 secs] [Times: user=0.01 sys=0.00, real=0.01 secs] 
96.259: Total time for which application threads were stopped: 0.0019450 seconds, Stopping threads took: 0.0000810 seconds
96.290: Application time: 0.0314140 seconds
96.291: [GC [PSYoungGen: 20125K->2496K(20480K)] 58471K->42889K(66560K), 0.0012590 secs] [Times: user=0.00 sys=0.00, real=0.00 secs] 
96.292: Total time for which application threads were stopped: 0.0014050 seconds, Stopping threads took: 0.0000810 seconds
96.326: Application time: 0.0345120 seconds
96.326: [GC [PSYoungGen: 19925K->2512K(20480K)] 60318K->47001K(66560K), 0.0017970 secs] [Times: user=0.01 sys=0.00, real=0.00 secs] 
96.328: [Full GC [PSYoungGen: 2512K->0K(20480K)] [ParOldGen: 44489K->9666K(46080K)] 47001K->9666K(66560K) [PSPermGen: 5500K->5500K(21504K)], 0.0060450 secs] [Times: user=0.03 sys=0.00, real=0.01 secs] 
96.334: Total time for which application threads were stopped: 0.0080340 seconds, Stopping threads took: 0.0000710 seconds
96.365: Application time: 0.0308590 seconds
96.365: [GC [PSYoungGen: 17633K->2304K(20480K)] 27300K->15042K(66560K), 0.0013800 secs] [Times: user=0.01 sys=0.00, real=0.00 secs] 
96.367: Total time for which application threads were stopped: 0.0015220 seconds, Stopping threads took: 0.0000720 seconds
96.400: Application time: 0.0333370 seconds
96.400: [GC [PSYoungGen: 19686K->2320K(20480K)] 32425K->18130K(66560K), 0.0014030 secs] [Times: user=0.01 sys=0.00, real=0.00 secs] 
96.402: Total time for which application threads were stopped: 0.0015510 seconds, Stopping threads took: 0.0000790 seconds
96.430: Application time: 0.0286730 seconds
96.430: [GC [PSYoungGen: 19824K->2304K(20480K)] 35635K->21187K(66560K), 0.0014520 secs] [Times: user=0.01 sys=0.00, real=0.00 secs] 
96.432: Total time for which application threads were stopped: 0.0015970 seconds, Stopping threads took: 0.0000620 seconds
96.466: Application time: 0.0338600 seconds
96.466: [GC [PSYoungGen: 19624K->2304K(20480K)] 38507K->24259K(66560K), 0.0015370 secs] [Times: user=0.02 sys=0.00, real=0.00 secs] 
96.468: Total time for which application threads were stopped: 0.0016910 seconds, Stopping threads took: 0.0000850 seconds
96.500: Application time: 0.0324800 seconds
96.500: [GC [PSYoungGen: 20093K->2272K(20480K)] 42048K->27299K(66560K), 0.0014440 secs] [Times: user=0.01 sys=0.00, real=0.00 secs] 
96.502: Total time for which application threads were stopped: 0.0015850 seconds, Stopping threads took: 0.0000750 seconds
96.534: Application time: 0.0326560 seconds
96.534: [GC [PSYoungGen: 19460K->2304K(20480K)] 44487K->30403K(66560K), 0.0015360 secs] [Times: user=0.01 sys=0.00, real=0.00 secs] 
96.536: Total time for which application threads were stopped: 0.0016840 seconds, Stopping threads took: 0.0000770 seconds
96.566: Application time: 0.0299150 seconds
96.566: [GC [PSYoungGen: 19947K->2304K(20480K)] 48046K->33475K(66560K), 0.0014440 secs] [Times: user=0.01 sys=0.00, real=0.00 secs] 
96.567: Total time for which application threads were stopped: 0.0015800 seconds, Stopping threads took: 0.0000660 seconds
96.603: Application time: 0.0354420 seconds
96.603: [GC [PSYoungGen: 19683K->2320K(20480K)] 50854K->36563K(66560K), 0.0014350 secs] [Times: user=0.01 sys=0.00, real=0.00 secs] 
96.604: Total time for which application threads were stopped: 0.0015760 seconds, Stopping threads took: 0.0000730 seconds
96.632: Application time: 0.0271300 seconds
96.632: [GC [PSYoungGen: 19886K->2304K(20480K)] 54129K->40643K(66560K), 0.0017500 secs] [Times: user=0.01 sys=0.00, real=0.00 secs] 
96.633: Total time for which application threads were stopped: 0.0018850 seconds, Stopping threads took: 0.0000630 seconds
96.673: Application time: 0.0391260 seconds
96.673: [GC [PSYoungGen: 19832K->2288K(20480K)] 58172K->43699K(66560K), 0.0014050 secs] [Times: user=0.00 sys=0.00, real=0.00 secs] 
96.674: Total time for which application threads were stopped: 0.0015510 seconds, Stopping threads took: 0.0000760 seconds
96.700: Application time: 0.0261960 seconds
96.700: [GC [PSYoungGen: 19818K->2304K(20480K)] 61230K->47811K(66560K), 0.0017530 secs] [Times: user=0.02 sys=0.00, real=0.00 secs] 
96.702: [Full GC [PSYoungGen: 2304K->0K(20480K)] [ParOldGen: 45507K->9681K(46080K)] 47811K->9681K(66560K) [PSPermGen: 5500K->5500K(21504K)], 0.0079640 secs] [Times: user=0.03 sys=0.00, real=0.00 secs] 
96.710: Total time for which application threads were stopped: 0.0098950 seconds, Stopping threads took: 0.0000640 seconds
96.748: Application time: 0.0373030 seconds
96.748: [GC [PSYoungGen: 17481K->2304K(20480K)] 27162K->15057K(66560K), 0.0013680 secs] [Times: user=0.01 sys=0.00, real=0.00 secs] 
96.749: Total time for which application threads were stopped: 0.0015040 seconds, Stopping threads took: 0.0000680 seconds
96.778: Application time: 0.0287400 seconds
96.778: [GC [PSYoungGen: 19955K->2304K(20480K)] 32709K->17105K(66560K), 0.0012250 secs] [Times: user=0.00 sys=0.01, real=0.01 secs] 
96.779: Total time for which application threads were stopped: 0.0013710 seconds, Stopping threads took: 0.0000830 seconds
96.813: Application time: 0.0336580 seconds
96.813: [GC [PSYoungGen: 19869K->2400K(20480K)] 34670K->19249K(66560K), 0.0012210 secs] [Times: user=0.01 sys=0.00, real=0.00 secs] 
96.814: Total time for which application threads were stopped: 0.0013610 seconds, Stopping threads took: 0.0000740 seconds
96.841: Application time: 0.0266690 seconds
96.841: [GC [PSYoungGen: 20320K->2480K(20480K)] 37169K->24449K(66560K), 0.0020260 secs] [Times: user=0.01 sys=0.01, real=0.00 secs] 
96.843: Total time for which application threads were stopped: 0.0021650 seconds, Stopping threads took: 0.0000670 seconds
96.880: Application time: 0.0367410 seconds
96.883: [GC [PSYoungGen: 19732K->2544K(20480K)] 41702K->27594K(66560K), 0.0015700 secs] [Times: user=0.02 sys=0.00, real=0.00 secs] 
96.884: Total time for which application threads were stopped: 0.0043650 seconds, Stopping threads took: 0.0027270 seconds
96.911: Application time: 0.0267320 seconds
96.911: [GC [PSYoungGen: 20428K->2496K(20480K)] 45478K->32666K(66560K), 0.0021860 secs] [Times: user=0.01 sys=0.00, real=0.00 secs] 
96.913: Total time for which application threads were stopped: 0.0023540 seconds, Stopping threads took: 0.0000970 seconds
96.951: Application time: 0.0377870 seconds
96.951: [GC [PSYoungGen: 19596K->2544K(20480K)] 49766K->35794K(66560K), 0.0015660 secs] [Times: user=0.01 sys=0.00, real=0.00 secs] 
96.953: Total time for which application threads were stopped: 0.0017200 seconds, Stopping threads took: 0.0000760 seconds
96.980: Application time: 0.0273880 seconds
96.980: [GC [PSYoungGen: 19480K->2512K(20480K)] 52730K->39858K(66560K), 0.0019620 secs] [Times: user=0.01 sys=0.00, real=0.00 secs] 
96.982: Total time for which application threads were stopped: 0.0021350 seconds, Stopping threads took: 0.0001000 seconds
97.018: Application time: 0.0352930 seconds
97.018: [GC [PSYoungGen: 20432K->2512K(20480K)] 57778K->43954K(66560K), 0.0018000 secs] [Times: user=0.01 sys=0.00, real=0.01 secs] 
97.020: [Full GC [PSYoungGen: 2512K->0K(20480K)] [ParOldGen: 41442K->9677K(46080K)] 43954K->9677K(66560K) [PSPermGen: 5500K->5500K(21504K)], 0.0062210 secs] [Times: user=0.03 sys=0.00, real=0.00 secs] 
97.026: Total time for which application threads were stopped: 0.0082170 seconds, Stopping threads took: 0.0000760 seconds
97.056: Application time: 0.0305270 seconds
97.056: [GC [PSYoungGen: 17031K->2304K(20480K)] 26708K->14029K(66560K), 0.0011910 secs] [Times: user=0.01 sys=0.00, real=0.00 secs] 
97.058: Total time for which application threads were stopped: 0.0013310 seconds, Stopping threads took: 0.0000720 seconds
97.091: Application time: 0.0334220 seconds
97.095: [GC [PSYoungGen: 20223K->2304K(20480K)] 31948K->17101K(66560K), 0.0014460 secs] [Times: user=0.01 sys=0.00, real=0.00 secs] 
97.096: Total time for which application threads were stopped: 0.0049590 seconds, Stopping threads took: 0.0034420 seconds
97.128: Application time: 0.0317090 seconds
97.128: [GC [PSYoungGen: 19410K->2304K(20480K)] 34207K->19149K(66560K), 0.0012100 secs] [Times: user=0.01 sys=0.00, real=0.00 secs] 
97.129: Total time for which application threads were stopped: 0.0013940 seconds, Stopping threads took: 0.0001170 seconds
97.163: Application time: 0.0334030 seconds
97.163: [GC [PSYoungGen: 20202K->2304K(20480K)] 37047K->22221K(66560K), 0.0014630 secs] [Times: user=0.01 sys=0.00, real=0.00 secs] 
97.164: Total time for which application threads were stopped: 0.0015890 seconds, Stopping threads took: 0.0000600 seconds
97.197: Application time: 0.0324680 seconds
97.197: [GC [PSYoungGen: 19462K->2304K(20480K)] 39379K->23245K(66560K), 0.0009050 secs] [Times: user=0.01 sys=0.00, real=0.00 secs] 
97.198: Total time for which application threads were stopped: 0.0010410 seconds, Stopping threads took: 0.0000750 seconds
97.229: Application time: 0.0309290 seconds
97.229: [GC [PSYoungGen: 20052K->2272K(20480K)] 40994K->25261K(66560K), 0.0012390 secs] [Times: user=0.00 sys=0.00, real=0.00 secs] 
97.230: Total time for which application threads were stopped: 0.0013760 seconds, Stopping threads took: 0.0000710 seconds
97.263: Application time: 0.0334350 seconds
97.263: [GC [PSYoungGen: 19488K->2304K(20480K)] 42478K->28365K(66560K), 0.0013170 secs] [Times: user=0.01 sys=0.00, real=0.00 secs] 
97.265: Total time for which application threads were stopped: 0.0014510 seconds, Stopping threads took: 0.0000700 seconds
97.296: Application time: 0.0310440 seconds
97.296: [GC [PSYoungGen: 20031K->2320K(20480K)] 46093K->31453K(66560K), 0.0014610 secs] [Times: user=0.01 sys=0.00, real=0.00 secs] 
97.297: Total time for which application threads were stopped: 0.0016040 seconds, Stopping threads took: 0.0000720 seconds
97.328: Application time: 0.0307270 seconds
97.328: [GC [PSYoungGen: 19478K->2304K(20480K)] 48612K->36557K(66560K), 0.0019960 secs] [Times: user=0.02 sys=0.00, real=0.00 secs] 
97.330: Total time for which application threads were stopped: 0.0021320 seconds, Stopping threads took: 0.0000650 seconds
97.363: Application time: 0.0328730 seconds
97.363: [GC [PSYoungGen: 20088K->2240K(20480K)] 54341K->39565K(66560K), 0.0014680 secs] [Times: user=0.01 sys=0.00, real=0.00 secs] 
97.365: Total time for which application threads were stopped: 0.0016010 seconds, Stopping threads took: 0.0000700 seconds
97.396: Application time: 0.0316520 seconds
97.397: [GC [PSYoungGen: 19483K->2272K(20480K)] 56808K->43693K(66560K), 0.0017960 secs] [Times: user=0.01 sys=0.00, real=0.00 secs] 
97.398: [Full GC [PSYoungGen: 2272K->0K(20480K)] [ParOldGen: 41421K->9682K(46080K)] 43693K->9682K(66560K) [PSPermGen: 5500K->5500K(21504K)], 0.0060540 secs] [Times: user=0.02 sys=0.00, real=0.01 secs] 
97.405: Total time for which application threads were stopped: 0.0080360 seconds, Stopping threads took: 0.0000670 seconds
97.437: Application time: 0.0328700 seconds
97.438: [GC [PSYoungGen: 17828K->2304K(20480K)] 27510K->14034K(66560K), 0.0011520 secs] [Times: user=0.00 sys=0.01, real=0.01 secs] 
97.439: Total time for which application threads were stopped: 0.0013000 seconds, Stopping threads took: 0.0000850 seconds
97.469: Application time: 0.0305120 seconds
97.469: [GC [PSYoungGen: 19542K->2288K(20480K)] 31272K->17090K(66560K), 0.0015810 secs] [Times: user=0.00 sys=0.00, real=0.01 secs] 
97.471: Total time for which application threads were stopped: 0.0017530 seconds, Stopping threads took: 0.0000920 seconds
97.501: Application time: 0.0295540 seconds
97.501: [GC [PSYoungGen: 19823K->2304K(20480K)] 34626K->22226K(66560K), 0.0020240 secs] [Times: user=0.01 sys=0.00, real=0.00 secs] 
97.503: Total time for which application threads were stopped: 0.0021750 seconds, Stopping threads took: 0.0000760 seconds
97.538: Application time: 0.0356340 seconds
97.539: [GC [PSYoungGen: 20177K->2496K(20480K)] 40100K->25490K(66560K), 0.0015480 secs] [Times: user=0.01 sys=0.00, real=0.00 secs] 
97.540: Total time for which application threads were stopped: 0.0017800 seconds, Stopping threads took: 0.0001630 seconds
97.570: Application time: 0.0297020 seconds
97.570: [GC [PSYoungGen: 20323K->2496K(20480K)] 43318K->30611K(66560K), 0.0020760 secs] [Times: user=0.02 sys=0.00, real=0.01 secs] 
97.572: Total time for which application threads were stopped: 0.0022250 seconds, Stopping threads took: 0.0000780 seconds
97.608: Application time: 0.0362880 seconds
97.608: [GC [PSYoungGen: 19974K->2544K(20480K)] 48089K->33731K(66560K), 0.0015090 secs] [Times: user=0.01 sys=0.00, real=0.00 secs] 
97.610: Total time for which application threads were stopped: 0.0016500 seconds, Stopping threads took: 0.0000730 seconds
97.637: Application time: 0.0273190 seconds
97.637: [GC [PSYoungGen: 20229K->2512K(20480K)] 51416K->38819K(66560K), 0.0021850 secs] [Times: user=0.01 sys=0.00, real=0.01 secs] 
97.640: Total time for which application threads were stopped: 0.0023360 seconds, Stopping threads took: 0.0000780 seconds
97.678: Application time: 0.0381080 seconds
97.678: [GC [PSYoungGen: 19821K->2512K(20480K)] 56128K->41891K(66560K), 0.0014690 secs] [Times: user=0.01 sys=0.00, real=0.01 secs] 
97.679: Total time for which application threads were stopped: 0.0016080 seconds, Stopping threads took: 0.0000720 seconds
97.708: Application time: 0.0282330 seconds
97.709: [GC [PSYoungGen: 20267K->2528K(20480K)] 59646K->47027K(66560K), 0.0023730 secs] [Times: user=0.01 sys=0.00, real=0.01 secs] 
97.712: [Full GC [PSYoungGen: 2528K->0K(20480K)] [ParOldGen: 44499K->10690K(46080K)] 47027K->10690K(66560K) [PSPermGen: 5500K->5500K(21504K)], 0.0065310 secs] [Times: user=0.03 sys=0.00, real=0.00 secs] 
97.718: Total time for which application threads were stopped: 0.0104790 seconds, Stopping threads took: 0.0014530 seconds
97.751: Application time: 0.0333690 seconds
97.752: [GC [PSYoungGen: 17050K->2304K(20480K)] 27740K->16066K(66560K), 0.0014300 secs] [Times: user=0.01 sys=0.00, real=0.00 secs] 
97.753: Total time for which application threads were stopped: 0.0015880 seconds, Stopping threads took: 0.0000920 seconds
97.785: Application time: 0.0317630 seconds
97.785: [GC [PSYoungGen: 19265K->2304K(20480K)] 33027K->19138K(66560K), 0.0014370 secs] [Times: user=0.01 sys=0.00, real=0.00 secs] 
97.786: Total time for which application threads were stopped: 0.0015710 seconds, Stopping threads took: 0.0000680 seconds
97.818: Application time: 0.0318690 seconds
97.818: [GC [PSYoungGen: 20224K->2304K(20480K)] 37058K->23234K(66560K), 0.0017660 secs] [Times: user=0.01 sys=0.01, real=0.01 secs] 
97.820: Total time for which application threads were stopped: 0.0019270 seconds, Stopping threads took: 0.0000930 seconds
97.851: Application time: 0.0311380 seconds
97.851: [GC [PSYoungGen: 19400K->2272K(20480K)] 40330K->28322K(66560K), 0.0020030 secs] [Times: user=0.01 sys=0.00, real=0.00 secs] 
97.854: Total time for which application threads were stopped: 0.0021730 seconds, Stopping threads took: 0.0000990 seconds
97.886: Application time: 0.0329820 seconds
97.887: [GC [PSYoungGen: 20110K->2304K(20480K)] 46160K->31426K(66560K), 0.0015450 secs] [Times: user=0.01 sys=0.00, real=0.00 secs] 
97.888: Total time for which application threads were stopped: 0.0017030 seconds, Stopping threads took: 0.0000870 seconds
97.919: Application time: 0.0312990 seconds
97.920: [GC [PSYoungGen: 19426K->2304K(20480K)] 48548K->35522K(66560K), 0.0016850 secs] [Times: user=0.01 sys=0.00, real=0.00 secs] 
97.921: Total time for which application threads were stopped: 0.0018510 seconds, Stopping threads took: 0.0000930 seconds
97.954: Application time: 0.0328160 seconds
97.954: [GC [PSYoungGen: 20192K->2304K(20480K)] 53410K->38594K(66560K), 0.0016700 secs] [Times: user=0.01 sys=0.00, real=0.00 secs] 
97.956: Total time for which application threads were stopped: 0.0018350 seconds, Stopping threads took: 0.0000980 seconds
97.986: Application time: 0.0296880 seconds
97.986: [GC [PSYoungGen: 19313K->2304K(20480K)] 55603K->41666K(66560K), 0.0014810 secs] [Times: user=0.01 sys=0.00, real=0.00 secs] 
97.987: Total time for which application threads were stopped: 0.0016230 seconds, Stopping threads took: 0.0000630 seconds
98.022: Application time: 0.0344780 seconds
98.022: [GC [PSYoungGen: 20224K->2304K(20480K)] 59586K->45762K(66560K), 0.0017440 secs] [Times: user=0.02 sys=0.00, real=0.00 secs] 
98.024: [Full GC [PSYoungGen: 2304K->0K(20480K)] [ParOldGen: 43458K->9685K(46080K)] 45762K->9685K(66560K) [PSPermGen: 5500K->5500K(21504K)], 0.0060780 secs] [Times: user=0.02 sys=0.00, real=0.00 secs] 
98.030: Total time for which application threads were stopped: 0.0080600 seconds, Stopping threads took: 0.0001190 seconds
98.058: Application time: 0.0282730 seconds
98.058: [GC [PSYoungGen: 16945K->2304K(20480K)] 26631K->15061K(66560K), 0.0015670 secs] [Times: user=0.01 sys=0.00, real=0.01 secs] 
98.060: Total time for which application threads were stopped: 0.0017280 seconds, Stopping threads took: 0.0000930 seconds
98.094: Application time: 0.0343400 seconds
98.094: [GC [PSYoungGen: 20224K->2304K(20480K)] 32981K->19157K(66560K), 0.0016520 secs] [Times: user=0.01 sys=0.00, real=0.00 secs] 
98.096: Total time for which application threads were stopped: 0.0018060 seconds, Stopping threads took: 0.0000830 seconds
98.127: Application time: 0.0313660 seconds
98.127: [GC [PSYoungGen: 19443K->2304K(20480K)] 36297K->22230K(66560K), 0.0014280 secs] [Times: user=0.01 sys=0.00, real=0.00 secs] 
98.129: Total time for which application threads were stopped: 0.0015750 seconds, Stopping threads took: 0.0000780 seconds
98.161: Application time: 0.0323340 seconds
98.161: [GC [PSYoungGen: 20224K->2304K(20480K)] 40150K->25302K(66560K), 0.0014390 secs] [Times: user=0.01 sys=0.00, real=0.00 secs] 
98.163: Total time for which application threads were stopped: 0.0016000 seconds, Stopping threads took: 0.0000920 seconds
98.196: Application time: 0.0335030 seconds
98.197: [GC [PSYoungGen: 19550K->2304K(20480K)] 42548K->28374K(66560K), 0.0014660 secs] [Times: user=0.01 sys=0.00, real=0.00 secs] 
98.198: Total time for which application threads were stopped: 0.0016120 seconds, Stopping threads took: 0.0000780 seconds
98.229: Application time: 0.0314830 seconds
98.231: [GC [PSYoungGen: 20212K->2384K(20480K)] 46282K->31526K(66560K), 0.0014800 secs] [Times: user=0.01 sys=0.00, real=0.00 secs] 
98.232: Total time for which application threads were stopped: 0.0025540 seconds, Stopping threads took: 0.0010070 seconds
98.266: Application time: 0.0340290 seconds
98.266: [GC [PSYoungGen: 20178K->2496K(20480K)] 49321K->34710K(66560K), 0.0015370 secs] [Times: user=0.01 sys=0.00, real=0.00 secs] 
98.268: Total time for which application threads were stopped: 0.0017010 seconds, Stopping threads took: 0.0000920 seconds
98.298: Application time: 0.0297990 seconds
98.298: [GC [PSYoungGen: 20090K->2512K(20480K)] 52304K->37798K(66560K), 0.0016050 secs] [Times: user=0.01 sys=0.00, real=0.01 secs] 
98.299: Total time for which application threads were stopped: 0.0017440 seconds, Stopping threads took: 0.0000710 seconds
98.335: Application time: 0.0351930 seconds
98.335: [GC [PSYoungGen: 20008K->2544K(20480K)] 55295K->40902K(66560K), 0.0014550 secs] [Times: user=0.01 sys=0.00, real=0.00 secs] 
98.336: Total time for which application threads were stopped: 0.0015950 seconds, Stopping threads took: 0.0000710 seconds
98.366: Application time: 0.0300620 seconds
98.366: [GC [PSYoungGen: 20176K->2512K(20480K)] 58534K->43942K(66560K), 0.0015880 secs] [Times: user=0.01 sys=0.00, real=0.00 secs] 
98.368: [Full GC [PSYoungGen: 2512K->0K(20480K)] [ParOldGen: 41430K->8942K(46080K)] 43942K->8942K(66560K) [PSPermGen: 5500K->5500K(21504K)], 0.0058090 secs] [Times: user=0.02 sys=0.00, real=0.01 secs] 
98.374: Total time for which application threads were stopped: 0.0075760 seconds, Stopping threads took: 0.0000650 seconds
98.407: Application time: 0.0331890 seconds
98.407: [GC [PSYoungGen: 17303K->2304K(20480K)] 26245K->14318K(66560K), 0.0013810 secs] [Times: user=0.01 sys=0.00, real=0.00 secs] 
98.408: Total time for which application threads were stopped: 0.0015230 seconds, Stopping threads took: 0.0000760 seconds
98.441: Application time: 0.0324040 seconds
98.441: [GC [PSYoungGen: 20040K->2304K(20480K)] 32054K->16366K(66560K), 0.0011800 secs] [Times: user=0.01 sys=0.00, real=0.00 secs] 
98.442: Total time for which application threads were stopped: 0.0013040 seconds, Stopping threads took: 0.0000560 seconds
98.476: Application time: 0.0333060 seconds
98.476: [GC [PSYoungGen: 19606K->2304K(20480K)] 33668K->19438K(66560K), 0.0014110 secs] [Times: user=0.01 sys=0.00, real=0.00 secs] 
98.477: Total time for which application threads were stopped: 0.0015410 seconds, Stopping threads took: 0.0000650 seconds
98.508: Application time: 0.0310650 seconds
98.508: [GC [PSYoungGen: 19996K->2240K(20480K)] 37131K->22446K(66560K), 0.0014000 secs] [Times: user=0.00 sys=0.00, real=0.00 secs] 
98.510: Total time for which application threads were stopped: 0.0015440 seconds, Stopping threads took: 0.0000680 seconds
98.541: Application time: 0.0316100 seconds
98.541: [GC [PSYoungGen: 19382K->2304K(20480K)] 39588K->25582K(66560K), 0.0014510 secs] [Times: user=0.01 sys=0.00, real=0.00 secs] 
98.543: Total time for which application threads were stopped: 0.0015910 seconds, Stopping threads took: 0.0000730 seconds
98.568: Application time: 0.0253170 seconds
98.568: [GC [PSYoungGen: 19846K->2272K(20480K)] 43125K->29646K(66560K), 0.0018110 secs] [Times: user=0.01 sys=0.00, real=0.00 secs] 
98.570: Total time for which application threads were stopped: 0.0019530 seconds, Stopping threads took: 0.0000750 seconds
98.607: Application time: 0.0372620 seconds
98.608: [GC [PSYoungGen: 19623K->2304K(20480K)] 46998K->32750K(66560K), 0.0015600 secs] [Times: user=0.01 sys=0.00, real=0.00 secs] 
98.609: Total time for which application threads were stopped: 0.0016980 seconds, Stopping threads took: 0.0000730 seconds
98.637: Application time: 0.0280620 seconds
98.637: [GC [PSYoungGen: 20009K->2304K(20480K)] 50456K->36846K(66560K), 0.0017410 secs] [Times: user=0.01 sys=0.01, real=0.01 secs] 
98.639: Total time for which application threads were stopped: 0.0018830 seconds, Stopping threads took: 0.0000710 seconds
98.676: Application time: 0.0364710 seconds
98.676: [GC [PSYoungGen: 19536K->2240K(20480K)] 54078K->39854K(66560K), 0.0015280 secs] [Times: user=0.01 sys=0.00, real=0.00 secs] 
98.677: Total time for which application threads were stopped: 0.0016620 seconds, Stopping threads took: 0.0000670 seconds
98.706: Application time: 0.0286990 seconds
98.706: [GC [PSYoungGen: 20049K->2272K(20480K)] 57664K->45006K(66560K), 0.0021960 secs] [Times: user=0.01 sys=0.00, real=0.00 secs] 
98.708: [Full GC [PSYoungGen: 2272K->0K(20480K)] [ParOldGen: 42734K->10691K(46080K)] 45006K->10691K(66560K) [PSPermGen: 5500K->5500K(21504K)], 0.0071260 secs] [Times: user=0.03 sys=0.00, real=0.01 secs] 
98.715: Total time for which application threads were stopped: 0.0095320 seconds, Stopping threads took: 0.0000840 seconds
98.750: Application time: 0.0349730 seconds
98.751: [GC [PSYoungGen: 17052K->2304K(20480K)] 27744K->17091K(66560K), 0.0016880 secs] [Times: user=0.01 sys=0.00, real=0.00 secs] 
98.752: Total time for which application threads were stopped: 0.0018670 seconds, Stopping threads took: 0.0001100 seconds
98.780: Application time: 0.0274120 seconds
98.780: [GC [PSYoungGen: 19214K->2304K(20480K)] 34001K->22211K(66560K), 0.0019860 secs] [Times: user=0.02 sys=0.00, real=0.00 secs] 
98.782: Total time for which application threads were stopped: 0.0021500 seconds, Stopping threads took: 0.0000810 seconds
98.816: Application time: 0.0346160 seconds
98.817: [GC [PSYoungGen: 19350K->2272K(20480K)] 39258K->26275K(66560K), 0.0017870 secs] [Times: user=0.02 sys=0.00, real=0.00 secs] 
98.818: Total time for which application threads were stopped: 0.0019570 seconds, Stopping threads took: 0.0000970 seconds
98.849: Application time: 0.0303930 seconds
98.849: [GC [PSYoungGen: 19244K->2304K(20480K)] 43248K->30404K(66560K), 0.0017390 secs] [Times: user=0.01 sys=0.00, real=0.01 secs] 
98.851: Total time for which application threads were stopped: 0.0018770 seconds, Stopping threads took: 0.0000640 seconds
98.883: Application time: 0.0328090 seconds
98.884: [GC [PSYoungGen: 19353K->2304K(20480K)] 47453K->33476K(66560K), 0.0015640 secs] [Times: user=0.00 sys=0.00, real=0.00 secs] 
98.885: Total time for which application threads were stopped: 0.0017220 seconds, Stopping threads took: 0.0000880 seconds
98.915: Application time: 0.0296590 seconds
98.915: [GC [PSYoungGen: 20223K->2352K(20480K)] 51396K->37620K(66560K), 0.0017890 secs] [Times: user=0.01 sys=0.00, real=0.00 secs] 
98.917: Total time for which application threads were stopped: 0.0019280 seconds, Stopping threads took: 0.0000690 seconds
98.953: Application time: 0.0360900 seconds
98.953: [GC [PSYoungGen: 19694K->2368K(20480K)] 54962K->39684K(66560K), 0.0012220 secs] [Times: user=0.01 sys=0.00, real=0.00 secs] 
98.954: Total time for which application threads were stopped: 0.0013690 seconds, Stopping threads took: 0.0000760 seconds
98.981: Application time: 0.0266050 seconds
98.981: [GC [PSYoungGen: 19511K->2464K(20480K)] 56827K->42852K(66560K), 0.0015680 secs] [Times: user=0.01 sys=0.00, real=0.00 secs] 
98.983: Total time for which application threads were stopped: 0.0017130 seconds, Stopping threads took: 0.0000810 seconds
99.018: Application time: 0.0353610 seconds
99.018: [GC [PSYoungGen: 19640K->2496K(20480K)] 60029K->44932K(66560K), 0.0012620 secs] [Times: user=0.01 sys=0.00, real=0.01 secs] 
99.019: [Full GC [PSYoungGen: 2496K->0K(20480K)] [ParOldGen: 42436K->7940K(46080K)] 44932K->7940K(66560K) [PSPermGen: 5500K->5500K(21504K)], 0.0057120 secs] [Times: user=0.02 sys=0.00, real=0.00 secs] 
99.025: Total time for which application threads were stopped: 0.0071740 seconds, Stopping threads took: 0.0000780 seconds
99.055: Application time: 0.0301730 seconds
99.055: [GC [PSYoungGen: 17917K->2304K(20480K)] 25857K->14340K(66560K), 0.0016640 secs] [Times: user=0.01 sys=0.00, real=0.00 secs] 
99.057: Total time for which application threads were stopped: 0.0018040 seconds, Stopping threads took: 0.0000720 seconds
99.090: Application time: 0.0326770 seconds
99.090: [GC [PSYoungGen: 20064K->2304K(20480K)] 32101K->16388K(66560K), 0.0011250 secs] [Times: user=0.01 sys=0.00, real=0.01 secs] 
99.091: Total time for which application threads were stopped: 0.0012920 seconds, Stopping threads took: 0.0001010 seconds
99.123: Application time: 0.0314680 seconds
99.123: [GC [PSYoungGen: 19580K->2304K(20480K)] 33665K->19460K(66560K), 0.0014770 secs] [Times: user=0.01 sys=0.00, real=0.00 secs] 
99.124: Total time for which application threads were stopped: 0.0016170 seconds, Stopping threads took: 0.0000730 seconds
99.158: Application time: 0.0335700 seconds
99.158: [GC [PSYoungGen: 20050K->2272K(20480K)] 37206K->21476K(66560K), 0.0011420 secs] [Times: user=0.00 sys=0.00, real=0.01 secs] 
99.159: Total time for which application threads were stopped: 0.0012790 seconds, Stopping threads took: 0.0000720 seconds
99.192: Application time: 0.0327990 seconds
99.192: [GC [PSYoungGen: 19646K->2304K(20480K)] 38850K->23556K(66560K), 0.0011710 secs] [Times: user=0.01 sys=0.00, real=0.00 secs] 
99.193: Total time for which application threads were stopped: 0.0013130 seconds, Stopping threads took: 0.0000770 seconds
99.222: Application time: 0.0288710 seconds
99.222: [GC [PSYoungGen: 19765K->2272K(20480K)] 41017K->27620K(66560K), 0.0017610 secs] [Times: user=0.01 sys=0.00, real=0.00 secs] 
99.224: Total time for which application threads were stopped: 0.0019130 seconds, Stopping threads took: 0.0000830 seconds
99.260: Application time: 0.0360270 seconds
99.260: [GC [PSYoungGen: 19796K->2320K(20480K)] 45145K->29716K(66560K), 0.0012070 secs] [Times: user=0.00 sys=0.00, real=0.00 secs] 
99.261: Total time for which application threads were stopped: 0.0013630 seconds, Stopping threads took: 0.0000900 seconds
99.291: Application time: 0.0292010 seconds
99.291: [GC [PSYoungGen: 19848K->2304K(20480K)] 47245K->34820K(66560K), 0.0020550 secs] [Times: user=0.01 sys=0.00, real=0.00 secs] 
99.293: Total time for which application threads were stopped: 0.0021910 seconds, Stopping threads took: 0.0000630 seconds
99.328: Application time: 0.0354020 seconds
99.331: [GC [PSYoungGen: 19719K->2304K(20480K)] 52236K->36868K(66560K), 0.0011930 secs] [Times: user=0.01 sys=0.00, real=0.00 secs] 
99.332: Total time for which application threads were stopped: 0.0036270 seconds, Stopping threads took: 0.0023680 seconds
99.362: Application time: 0.0305020 seconds
99.362: [GC [PSYoungGen: 19948K->2304K(20480K)] 54513K->40964K(66560K), 0.0016780 secs] [Times: user=0.00 sys=0.00, real=0.00 secs] 
99.364: Total time for which application threads were stopped: 0.0018150 seconds, Stopping threads took: 0.0000700 seconds
99.398: Application time: 0.0334790 seconds
99.398: [GC [PSYoungGen: 19703K->2272K(20480K)] 58364K->42981K(66560K), 0.0012980 secs] [Times: user=0.01 sys=0.00, real=0.01 secs] 
99.399: [Full GC [PSYoungGen: 2272K->0K(20480K)] [ParOldGen: 40708K->7953K(46080K)] 42981K->7953K(66560K) [PSPermGen: 5500K->5500K(21504K)], 0.0054160 secs] [Times: user=0.02 sys=0.00, real=0.00 secs] 
99.404: Total time for which application threads were stopped: 0.0068960 seconds, Stopping threads took: 0.0000710 seconds
99.430: Application time: 0.0253190 seconds
99.430: [GC [PSYoungGen: 17356K->2304K(20480K)] 25309K->14353K(66560K), 0.0016800 secs] [Times: user=0.01 sys=0.00, real=0.01 secs] 
99.432: Total time for which application threads were stopped: 0.0018180 seconds, Stopping threads took: 0.0000690 seconds
99.473: Application time: 0.0411060 seconds
99.473: [GC [PSYoungGen: 20021K->2304K(20480K)] 32070K->15377K(66560K), 0.0009620 secs] [Times: user=0.01 sys=0.00, real=0.00 secs] 
99.474: Total time for which application threads were stopped: 0.0010980 seconds, Stopping threads took: 0.0000720 seconds
99.499: Application time: 0.0248060 seconds
99.499: [GC [PSYoungGen: 19654K->2304K(20480K)] 32728K->19473K(66560K), 0.0016410 secs] [Times: user=0.01 sys=0.00, real=0.00 secs] 
99.500: Total time for which application threads were stopped: 0.0017830 seconds, Stopping threads took: 0.0000730 seconds
99.541: Application time: 0.0407620 seconds
99.541: [GC [PSYoungGen: 19947K->2224K(20480K)] 37117K->19393K(66560K), 0.0007820 secs] [Times: user=0.01 sys=0.00, real=0.00 secs] 
99.542: Total time for which application threads were stopped: 0.0009210 seconds, Stopping threads took: 0.0000680 seconds
99.567: Application time: 0.0251830 seconds
99.567: [GC [PSYoungGen: 19633K->2272K(20480K)] 36802K->22513K(66560K), 0.0014110 secs] [Times: user=0.01 sys=0.00, real=0.00 secs] 
99.569: Total time for which application threads were stopped: 0.0015480 seconds, Stopping threads took: 0.0000710 seconds
99.603: Application time: 0.0343360 seconds
99.603: [GC [PSYoungGen: 19555K->2272K(20480K)] 39796K->24561K(66560K), 0.0013750 secs] [Times: user=0.01 sys=0.00, real=0.00 secs] 
99.605: Total time for which application threads were stopped: 0.0015180 seconds, Stopping threads took: 0.0000800 seconds
99.633: Application time: 0.0282490 seconds
99.633: [GC [PSYoungGen: 20192K->2336K(20480K)] 42481K->29745K(66560K), 0.0020290 secs] [Times: user=0.02 sys=0.00, real=0.00 secs] 
99.635: Total time for which application threads were stopped: 0.0021760 seconds, Stopping threads took: 0.0000760 seconds
99.672: Application time: 0.0373230 seconds
99.673: [GC [PSYoungGen: 19950K->2464K(20480K)] 47359K->31921K(66560K), 0.0012660 secs] [Times: user=0.01 sys=0.00, real=0.00 secs] 
99.674: Total time for which application threads were stopped: 0.0014070 seconds, Stopping threads took: 0.0000760 seconds
99.701: Application time: 0.0275530 seconds
99.702: [GC [PSYoungGen: 19410K->2496K(20480K)] 48867K->35025K(66560K), 0.0014700 secs] [Times: user=0.01 sys=0.00, real=0.00 secs] 
99.703: Total time for which application threads were stopped: 0.0016110 seconds, Stopping threads took: 0.0000760 seconds
99.738: Application time: 0.0345310 seconds
99.738: [GC [PSYoungGen: 19553K->2528K(20480K)] 52082K->38129K(66560K), 0.0015650 secs] [Times: user=0.01 sys=0.00, real=0.01 secs] 
99.739: Total time for which application threads were stopped: 0.0017090 seconds, Stopping threads took: 0.0000760 seconds
99.767: Application time: 0.0277660 seconds
99.767: [GC [PSYoungGen: 19518K->2528K(20480K)] 55120K->42225K(66560K), 0.0017820 secs] [Times: user=0.01 sys=0.00, real=0.00 secs] 
99.769: Total time for which application threads were stopped: 0.0019140 seconds, Stopping threads took: 0.0000610 seconds
99.806: Application time: 0.0366990 seconds
99.806: [GC [PSYoungGen: 20448K->2480K(20480K)] 60145K->45249K(66560K), 0.0015320 secs] [Times: user=0.01 sys=0.00, real=0.00 secs] 
99.807: [Full GC [PSYoungGen: 2480K->0K(20480K)] [ParOldGen: 42769K->8958K(46080K)] 45249K->8958K(66560K) [PSPermGen: 5501K->5501K(21504K)], 0.0057390 secs] [Times: user=0.03 sys=0.00, real=0.01 secs] 
99.813: Total time for which application threads were stopped: 0.0074560 seconds, Stopping threads took: 0.0000670 seconds
99.841: Application time: 0.0274580 seconds
99.841: [GC [PSYoungGen: 17070K->2304K(20480K)] 26028K->15358K(66560K), 0.0017340 secs] [Times: user=0.01 sys=0.00, real=0.00 secs] 
99.842: Total time for which application threads were stopped: 0.0018710 seconds, Stopping threads took: 0.0000680 seconds
99.878: Application time: 0.0354150 seconds
99.878: [GC [PSYoungGen: 20141K->2304K(20480K)] 33196K->18430K(66560K), 0.0014670 secs] [Times: user=0.01 sys=0.00, real=0.01 secs] 
99.879: Total time for which application threads were stopped: 0.0016220 seconds, Stopping threads took: 0.0000880 seconds
99.909: Application time: 0.0297620 seconds
99.909: [GC [PSYoungGen: 19504K->2304K(20480K)] 35630K->22526K(66560K), 0.0016850 secs] [Times: user=0.02 sys=0.00, real=0.01 secs] 
99.911: Total time for which application threads were stopped: 0.0018240 seconds, Stopping threads took: 0.0000720 seconds
99.947: Application time: 0.0363200 seconds
99.947: [GC [PSYoungGen: 20160K->2272K(20480K)] 40382K->24542K(66560K), 0.0011730 secs] [Times: user=0.00 sys=0.00, real=0.00 secs] 
99.949: Total time for which application threads were stopped: 0.0012980 seconds, Stopping threads took: 0.0000580 seconds
99.977: Application time: 0.0279530 seconds
99.977: [GC [PSYoungGen: 19418K->2272K(20480K)] 41688K->28638K(66560K), 0.0017490 secs] [Times: user=0.01 sys=0.00, real=0.01 secs] 
99.979: Total time for which application threads were stopped: 0.0018820 seconds, Stopping threads took: 0.0000640 seconds
100.009: Application time: 0.0302320 seconds
100.009: [GC [PSYoungGen: 19642K->2304K(20480K)] 46009K->31742K(66560K), 0.0014460 secs] [Times: user=0.01 sys=0.00, real=0.00 secs] 
100.010: Total time for which application threads were stopped: 0.0015830 seconds, Stopping threads took: 0.0000710 seconds
100.043: Application time: 0.0329280 seconds
100.043: [GC [PSYoungGen: 19847K->2304K(20480K)] 49285K->35838K(66560K), 0.0017570 secs] [Times: user=0.01 sys=0.00, real=0.00 secs] 
100.045: Total time for which application threads were stopped: 0.0019250 seconds, Stopping threads took: 0.0000910 seconds
100.076: Application time: 0.0309170 seconds
100.076: [GC [PSYoungGen: 19767K->2304K(20480K)] 53301K->39934K(66560K), 0.0017200 secs] [Times: user=0.01 sys=0.00, real=0.00 secs] 
100.078: Total time for which application threads were stopped: 0.0018890 seconds, Stopping threads took: 0.0000990 seconds
100.111: Application time: 0.0333780 seconds
100.112: [GC [PSYoungGen: 19839K->2304K(20480K)] 57469K->44030K(66560K), 0.0017690 secs] [Times: user=0.01 sys=0.00, real=0.00 secs] 
100.113: [Full GC [PSYoungGen: 2304K->0K(20480K)] [ParOldGen: 41726K->9668K(46080K)] 44030K->9668K(66560K) [PSPermGen: 5501K->5501K(21504K)], 0.0059690 secs] [Times: user=0.02 sys=0.00, real=0.01 secs] 
100.119: Total time for which application threads were stopped: 0.0079380 seconds, Stopping threads took: 0.0000850 seconds
100.150: Application time: 0.0306300 seconds
100.150: [GC [PSYoungGen: 17450K->2304K(20480K)] 27119K->16068K(66560K), 0.0017430 secs] [Times: user=0.01 sys=0.00, real=0.01 secs] 
100.152: Total time for which application threads were stopped: 0.0018810 seconds, Stopping threads took: 0.0000700 seconds
100.187: Application time: 0.0352800 seconds
100.187: [GC [PSYoungGen: 19919K->2304K(20480K)] 33684K->19141K(66560K), 0.0014280 secs] [Times: user=0.01 sys=0.00, real=0.00 secs] 
100.189: Total time for which application threads were stopped: 0.0015780 seconds, Stopping threads took: 0.0000830 seconds
100.219: Application time: 0.0307040 seconds
100.219: [GC [PSYoungGen: 19762K->2304K(20480K)] 36599K->22213K(66560K), 0.0014210 secs] [Times: user=0.01 sys=0.00, real=0.00 secs] 
100.221: Total time for which application threads were stopped: 0.0015450 seconds, Stopping threads took: 0.0000570 seconds
100.254: Application time: 0.0333940 seconds
100.254: [GC [PSYoungGen: 19786K->2304K(20480K)] 39695K->25285K(66560K), 0.0014520 secs] [Times: user=0.01 sys=0.00, real=0.00 secs] 
100.256: Total time for which application threads were stopped: 0.0016010 seconds, Stopping threads took: 0.0000740 seconds
100.289: Application time: 0.0326880 seconds
100.289: [GC [PSYoungGen: 19993K->2304K(20480K)] 42975K->28357K(66560K), 0.0014170 secs] [Times: user=0.01 sys=0.00, real=0.00 secs] 
100.290: Total time for which application threads were stopped: 0.0015680 seconds, Stopping threads took: 0.0000870 seconds
100.324: Application time: 0.0334430 seconds
100.324: [GC [PSYoungGen: 19655K->2304K(20480K)] 45708K->30405K(66560K), 0.0011780 secs] [Times: user=0.01 sys=0.00, real=0.00 secs] 
100.325: Total time for which application threads were stopped: 0.0013040 seconds, Stopping threads took: 0.0000610 seconds
100.354: Application time: 0.0290270 seconds
100.354: [GC [PSYoungGen: 20036K->2336K(20480K)] 48137K->35557K(66560K), 0.0019820 secs] [Times: user=0.01 sys=0.00, real=0.00 secs] 
100.356: Total time for which application threads were stopped: 0.0021260 seconds, Stopping threads took: 0.0000730 seconds
100.392: Application time: 0.0360640 seconds
100.392: [GC [PSYoungGen: 20151K->2448K(20480K)] 53372K->36693K(66560K), 0.0010190 secs] [Times: user=0.00 sys=0.00, real=0.00 secs] 
100.393: Total time for which application threads were stopped: 0.0011710 seconds, Stopping threads took: 0.0000870 seconds
100.421: Application time: 0.0275220 seconds
100.421: [GC [PSYoungGen: 20141K->2464K(20480K)] 54387K->40805K(66560K), 0.0018480 secs] [Times: user=0.01 sys=0.00, real=0.00 secs] 
100.423: Total time for which application threads were stopped: 0.0020080 seconds, Stopping threads took: 0.0000880 seconds
100.461: Application time: 0.0377840 seconds
100.461: [GC [PSYoungGen: 19983K->2544K(20480K)] 58325K->42933K(66560K), 0.0013410 secs] [Times: user=0.01 sys=0.00, real=0.00 secs] 
100.462: [Full GC [PSYoungGen: 2544K->0K(20480K)] [ParOldGen: 40389K->7921K(46080K)] 42933K->7921K(66560K) [PSPermGen: 5501K->5501K(21504K)], 0.0055250 secs] [Times: user=0.03 sys=0.00, real=0.00 secs] 
100.468: Total time for which application threads were stopped: 0.0070670 seconds, Stopping threads took: 0.0000900 seconds
100.493: Application time: 0.0256070 seconds
100.493: [GC [PSYoungGen: 17565K->2304K(20480K)] 25486K->14321K(66560K), 0.0017570 secs] [Times: user=0.01 sys=0.00, real=0.00 secs] 
100.495: Total time for which application threads were stopped: 0.0018980 seconds, Stopping threads took: 0.0000730 seconds
100.533: Application time: 0.0374040 seconds
100.533: [GC [PSYoungGen: 19613K->2304K(20480K)] 31630K->16369K(66560K), 0.0011680 secs] [Times: user=0.01 sys=0.00, real=0.00 secs] 
100.534: Total time for which application threads were stopped: 0.0013160 seconds, Stopping threads took: 0.0000730 seconds
100.561: Application time: 0.0273920 seconds
100.563: [GC [PSYoungGen: 20038K->2304K(20480K)] 34104K->19441K(66560K), 0.0015320 secs] [Times: user=0.01 sys=0.00, real=0.00 secs] 
100.564: Total time for which application threads were stopped: 0.0027520 seconds, Stopping threads took: 0.0011460 seconds
100.599: Application time: 0.0345630 seconds
100.599: [GC [PSYoungGen: 19298K->2304K(20480K)] 36436K->22513K(66560K), 0.0014710 secs] [Times: user=0.01 sys=0.00, real=0.00 secs] 
100.600: Total time for which application threads were stopped: 0.0016260 seconds, Stopping threads took: 0.0000880 seconds
100.629: Application time: 0.0285810 seconds
100.629: [GC [PSYoungGen: 20224K->2304K(20480K)] 40433K->27633K(66560K), 0.0019590 secs] [Times: user=0.02 sys=0.00, real=0.01 secs] 
100.631: Total time for which application threads were stopped: 0.0021010 seconds, Stopping threads took: 0.0000720 seconds
100.667: Application time: 0.0361880 seconds
100.667: [GC [PSYoungGen: 19382K->2304K(20480K)] 44712K->29681K(66560K), 0.0012110 secs] [Times: user=0.01 sys=0.00, real=0.00 secs] 
100.669: Total time for which application threads were stopped: 0.0013380 seconds, Stopping threads took: 0.0000620 seconds
100.696: Application time: 0.0276710 seconds
100.699: [GC [PSYoungGen: 20224K->2304K(20480K)] 47601K->34801K(66560K), 0.0020200 secs] [Times: user=0.02 sys=0.00, real=0.00 secs] 
100.701: Total time for which application threads were stopped: 0.0043800 seconds, Stopping threads took: 0.0022890 seconds
100.736: Application time: 0.0358110 seconds
100.737: [GC [PSYoungGen: 19219K->2304K(20480K)] 51717K->36849K(66560K), 0.0012180 secs] [Times: user=0.01 sys=0.00, real=0.00 secs] 
100.738: Total time for which application threads were stopped: 0.0013490 seconds, Stopping threads took: 0.0000690 seconds
100.766: Application time: 0.0277590 seconds
100.766: [GC [PSYoungGen: 19349K->2304K(20480K)] 53895K->39921K(66560K), 0.0014630 secs] [Times: user=0.01 sys=0.00, real=0.00 secs] 
100.767: Total time for which application threads were stopped: 0.0016080 seconds, Stopping threads took: 0.0000770 seconds
100.801: Application time: 0.0338130 seconds
100.801: [GC [PSYoungGen: 20132K->2272K(20480K)] 57750K->43985K(66560K), 0.0018600 secs] [Times: user=0.01 sys=0.00, real=0.00 secs] 
100.803: [Full GC [PSYoungGen: 2272K->0K(20480K)] [ParOldGen: 41713K->9669K(46080K)] 43985K->9669K(66560K) [PSPermGen: 5501K->5501K(21504K)], 0.0061290 secs] [Times: user=0.02 sys=0.00, real=0.00 secs] 
100.809: Total time for which application threads were stopped: 0.0081770 seconds, Stopping threads took: 0.0000700 seconds
100.840: Application time: 0.0306030 seconds
100.840: [GC [PSYoungGen: 17155K->2272K(20480K)] 26824K->16037K(66560K), 0.0018040 secs] [Times: user=0.01 sys=0.00, real=0.00 secs] 
100.842: Total time for which application threads were stopped: 0.0019610 seconds, Stopping threads took: 0.0000890 seconds
100.877: Application time: 0.0353020 seconds
100.877: [GC [PSYoungGen: 20175K->2304K(20480K)] 33940K->20165K(66560K), 0.0017690 secs] [Times: user=0.02 sys=0.00, real=0.01 secs] 
100.879: Total time for which application threads were stopped: 0.0019150 seconds, Stopping threads took: 0.0000760 seconds
100.910: Application time: 0.0307960 seconds
100.910: [GC [PSYoungGen: 19489K->2304K(20480K)] 37350K->23237K(66560K), 0.0014900 secs] [Times: user=0.00 sys=0.00, real=0.01 secs] 
100.911: Total time for which application threads were stopped: 0.0016370 seconds, Stopping threads took: 0.0000810 seconds
100.945: Application time: 0.0341260 seconds
100.946: [GC [PSYoungGen: 20065K->2304K(20480K)] 40998K->26309K(66560K), 0.0014740 secs] [Times: user=0.01 sys=0.00, real=0.00 secs] 
100.947: Total time for which application threads were stopped: 0.0016340 seconds, Stopping threads took: 0.0000920 seconds
100.979: Application time: 0.0320250 seconds
100.979: [GC [PSYoungGen: 19592K->2304K(20480K)] 43597K->30405K(66560K), 0.0017300 secs] [Times: user=0.02 sys=0.00, real=0.00 secs] 
100.981: Total time for which application threads were stopped: 0.0018640 seconds, Stopping threads took: 0.0000670 seconds
101.014: Application time: 0.0329890 seconds
101.014: [GC [PSYoungGen: 20169K->2336K(20480K)] 48271K->34533K(66560K), 0.0016610 secs] [Times: user=0.01 sys=0.00, real=0.00 secs] 
101.016: Total time for which application threads were stopped: 0.0018020 seconds, Stopping threads took: 0.0000700 seconds
101.048: Application time: 0.0324090 seconds
101.048: [GC [PSYoungGen: 19627K->2304K(20480K)] 51824K->37573K(66560K), 0.0013930 secs] [Times: user=0.01 sys=0.00, real=0.00 secs] 
101.050: Total time for which application threads were stopped: 0.0015180 seconds, Stopping threads took: 0.0000560 seconds
101.076: Application time: 0.0267160 seconds
101.077: [GC [PSYoungGen: 19885K->2368K(20480K)] 55154K->40709K(66560K), 0.0015180 secs] [Times: user=0.01 sys=0.00, real=0.00 secs] 
101.078: Total time for which application threads were stopped: 0.0016680 seconds, Stopping threads took: 0.0000750 seconds
101.112: Application time: 0.0334080 seconds
101.112: [GC [PSYoungGen: 20226K->2448K(20480K)] 58567K->44885K(66560K), 0.0018980 secs] [Times: user=0.01 sys=0.00, real=0.00 secs] 
101.114: [Full GC [PSYoungGen: 2448K->0K(20480K)] [ParOldGen: 42437K->9935K(46080K)] 44885K->9935K(66560K) [PSPermGen: 5501K->5501K(21504K)], 0.0059770 secs] [Times: user=0.02 sys=0.00, real=0.01 secs] 
101.120: Total time for which application threads were stopped: 0.0080750 seconds, Stopping threads took: 0.0000850 seconds
101.152: Application time: 0.0319100 seconds
101.152: [GC [PSYoungGen: 17565K->2304K(20480K)] 27501K->14287K(66560K), 0.0011740 secs] [Times: user=0.01 sys=0.00, real=0.00 secs] 
101.153: Total time for which application threads were stopped: 0.0013180 seconds, Stopping threads took: 0.0000780 seconds
101.187: Application time: 0.0345100 seconds
101.187: [GC [PSYoungGen: 19923K->2320K(20480K)] 31906K->17375K(66560K), 0.0016330 secs] [Times: user=0.01 sys=0.00, real=0.00 secs] 
101.189: Total time for which application threads were stopped: 0.0017770 seconds, Stopping threads took: 0.0000710 seconds
101.220: Application time: 0.0311340 seconds
101.220: [GC [PSYoungGen: 19867K->2304K(20480K)] 34922K->19407K(66560K), 0.0011890 secs] [Times: user=0.01 sys=0.00, real=0.00 secs] 
101.222: Total time for which application threads were stopped: 0.0013350 seconds, Stopping threads took: 0.0000760 seconds
101.255: Application time: 0.0337430 seconds
101.256: [GC [PSYoungGen: 19756K->2320K(20480K)] 36859K->22495K(66560K), 0.0014780 secs] [Times: user=0.01 sys=0.00, real=0.00 secs] 
101.257: Total time for which application threads were stopped: 0.0016800 seconds, Stopping threads took: 0.0001330 seconds
101.286: Application time: 0.0294540 seconds
101.287: [GC [PSYoungGen: 19803K->2304K(20480K)] 39979K->25551K(66560K), 0.0013890 secs] [Times: user=0.01 sys=0.00, real=0.00 secs] 
101.288: Total time for which application threads were stopped: 0.0015610 seconds, Stopping threads took: 0.0001000 seconds
101.324: Application time: 0.0359150 seconds
101.324: [GC [PSYoungGen: 19829K->2288K(20480K)] 43077K->27583K(66560K), 0.0011820 secs] [Times: user=0.01 sys=0.00, real=0.00 secs] 
101.325: Total time for which application threads were stopped: 0.0013240 seconds, Stopping threads took: 0.0000740 seconds
101.353: Application time: 0.0277260 seconds
101.353: [GC [PSYoungGen: 19731K->2320K(20480K)] 45026K->31711K(66560K), 0.0017820 secs] [Times: user=0.01 sys=0.00, real=0.00 secs] 
101.355: Total time for which application threads were stopped: 0.0019260 seconds, Stopping threads took: 0.0000700 seconds
101.389: Application time: 0.0342060 seconds
101.389: [GC [PSYoungGen: 19613K->2320K(20480K)] 49004K->33759K(66560K), 0.0012850 secs] [Times: user=0.01 sys=0.00, real=0.01 secs] 
101.391: Total time for which application threads were stopped: 0.0014400 seconds, Stopping threads took: 0.0000860 seconds
101.422: Application time: 0.0311320 seconds
101.422: [GC [PSYoungGen: 20063K->2336K(20480K)] 51503K->37871K(66560K), 0.0017740 secs] [Times: user=0.01 sys=0.00, real=0.00 secs] 
101.424: Total time for which application threads were stopped: 0.0019190 seconds, Stopping threads took: 0.0000770 seconds
101.459: Application time: 0.0349040 seconds
101.459: [GC [PSYoungGen: 19655K->2304K(20480K)] 55191K->39887K(66560K), 0.0011940 secs] [Times: user=0.01 sys=0.00, real=0.00 secs] 
101.460: Total time for which application threads were stopped: 0.0013410 seconds, Stopping threads took: 0.0000790 seconds
101.490: Application time: 0.0299370 seconds
101.490: [GC [PSYoungGen: 20023K->2304K(20480K)] 57607K->43983K(66560K), 0.0017330 secs] [Times: user=0.01 sys=0.00, real=0.01 secs] 
101.492: [Full GC [PSYoungGen: 2304K->0K(20480K)] [ParOldGen: 41679K->9683K(46080K)] 43983K->9683K(66560K) [PSPermGen: 5501K->5501K(21504K)], 0.0060750 secs] [Times: user=0.03 sys=0.00, real=0.00 secs] 
101.498: Total time for which application threads were stopped: 0.0079970 seconds, Stopping threads took: 0.0000750 seconds
101.533: Application time: 0.0351680 seconds
101.533: [GC [PSYoungGen: 17304K->2304K(20480K)] 26988K->15059K(66560K), 0.0014510 secs] [Times: user=0.01 sys=0.00, real=0.00 secs] 
101.535: Total time for which application threads were stopped: 0.0015940 seconds, Stopping threads took: 0.0000750 seconds
101.560: Application time: 0.0252460 seconds
101.560: [GC [PSYoungGen: 19857K->2304K(20480K)] 32612K->19156K(66560K), 0.0017300 secs] [Times: user=0.01 sys=0.00, real=0.00 secs] 
101.562: Total time for which application threads were stopped: 0.0018660 seconds, Stopping threads took: 0.0000680 seconds
101.601: Application time: 0.0396960 seconds
101.602: [GC [PSYoungGen: 19747K->2288K(20480K)] 36599K->21188K(66560K), 0.0012260 secs] [Times: user=0.01 sys=0.00, real=0.00 secs] 
101.603: Total time for which application threads were stopped: 0.0013870 seconds, Stopping threads took: 0.0000830 seconds
101.629: Application time: 0.0257280 seconds
101.629: [GC [PSYoungGen: 19873K->2304K(20480K)] 38773K->25300K(66560K), 0.0017660 secs] [Times: user=0.01 sys=0.00, real=0.00 secs] 
101.630: Total time for which application threads were stopped: 0.0019040 seconds, Stopping threads took: 0.0000680 seconds
101.670: Application time: 0.0400070 seconds
101.671: [GC [PSYoungGen: 19750K->2304K(20480K)] 42746K->26324K(66560K), 0.0009550 secs] [Times: user=0.01 sys=0.00, real=0.00 secs] 
101.672: Total time for which application threads were stopped: 0.0010860 seconds, Stopping threads took: 0.0000690 seconds
101.697: Application time: 0.0253020 seconds
101.697: [GC [PSYoungGen: 19895K->2240K(20480K)] 43916K->30356K(66560K), 0.0018300 secs] [Times: user=0.01 sys=0.00, real=0.01 secs] 
101.699: Total time for which application threads were stopped: 0.0019750 seconds, Stopping threads took: 0.0000760 seconds
101.739: Application time: 0.0403550 seconds
101.739: [GC [PSYoungGen: 19332K->2288K(20480K)] 47448K->31428K(66560K), 0.0010890 secs] [Times: user=0.01 sys=0.00, real=0.00 secs] 
101.740: Total time for which application threads were stopped: 0.0012330 seconds, Stopping threads took: 0.0000690 seconds
101.774: Application time: 0.0331700 seconds
101.774: [GC [PSYoungGen: 19839K->2400K(20480K)] 48979K->33588K(66560K), 0.0011600 secs] [Times: user=0.01 sys=0.00, real=0.00 secs] 
101.775: Total time for which application threads were stopped: 0.0012910 seconds, Stopping threads took: 0.0000660 seconds
101.803: Application time: 0.0282710 seconds
101.803: [GC [PSYoungGen: 19785K->2384K(20480K)] 50973K->36644K(66560K), 0.0014930 secs] [Times: user=0.01 sys=0.00, real=0.00 secs] 
101.805: Total time for which application threads were stopped: 0.0016220 seconds, Stopping threads took: 0.0000600 seconds
101.837: Application time: 0.0325510 seconds
101.837: [GC [PSYoungGen: 20183K->2512K(20480K)] 54443K->40868K(66560K), 0.0018860 secs] [Times: user=0.02 sys=0.00, real=0.01 secs] 
101.839: Total time for which application threads were stopped: 0.0020340 seconds, Stopping threads took: 0.0000800 seconds
101.871: Application time: 0.0319610 seconds
101.871: [GC [PSYoungGen: 20131K->2544K(20480K)] 58487K->43972K(66560K), 0.0014690 secs] [Times: user=0.01 sys=0.00, real=0.00 secs] 
101.873: [Full GC [PSYoungGen: 2544K->0K(20480K)] [ParOldGen: 41428K->8957K(46080K)] 43972K->8957K(66560K) [PSPermGen: 5501K->5501K(21504K)], 0.0057960 secs] [Times: user=0.03 sys=0.00, real=0.01 secs] 
101.879: Total time for which application threads were stopped: 0.0074610 seconds, Stopping threads took: 0.0000790 seconds
101.912: Application time: 0.0333880 seconds
101.912: [GC [PSYoungGen: 17513K->2304K(20480K)] 26470K->15357K(66560K), 0.0017160 secs] [Times: user=0.01 sys=0.00, real=0.00 secs] 
101.914: Total time for which application threads were stopped: 0.0018770 seconds, Stopping threads took: 0.0000910 seconds
101.941: Application time: 0.0272720 seconds
101.941: [GC [PSYoungGen: 19612K->2272K(20480K)] 32665K->19421K(66560K), 0.0017260 secs] [Times: user=0.01 sys=0.01, real=0.00 secs] 
101.943: Total time for which application threads were stopped: 0.0018700 seconds, Stopping threads took: 0.0000710 seconds
101.982: Application time: 0.0383840 seconds
101.982: [GC [PSYoungGen: 19983K->2304K(20480K)] 37132K->22525K(66560K), 0.0014510 secs] [Times: user=0.01 sys=0.00, real=0.00 secs] 
101.983: Total time for which application threads were stopped: 0.0015990 seconds, Stopping threads took: 0.0000780 seconds
102.008: Application time: 0.0250600 seconds
102.008: [GC [PSYoungGen: 19623K->2304K(20480K)] 39844K->27645K(66560K), 0.0020600 secs] [Times: user=0.01 sys=0.00, real=0.00 secs] 
102.010: Total time for which application threads were stopped: 0.0022120 seconds, Stopping threads took: 0.0000670 seconds
102.049: Application time: 0.0381450 seconds
102.049: [GC [PSYoungGen: 19874K->2304K(20480K)] 45216K->30717K(66560K), 0.0014930 secs] [Times: user=0.01 sys=0.00, real=0.00 secs] 
102.050: Total time for which application threads were stopped: 0.0016290 seconds, Stopping threads took: 0.0000680 seconds
102.078: Application time: 0.0275080 seconds
102.078: [GC [PSYoungGen: 19808K->2304K(20480K)] 48222K->34813K(66560K), 0.0018220 secs] [Times: user=0.02 sys=0.00, real=0.01 secs] 
102.080: Total time for which application threads were stopped: 0.0019650 seconds, Stopping threads took: 0.0000720 seconds
102.117: Application time: 0.0369330 seconds
102.119: [GC [PSYoungGen: 19746K->2304K(20480K)] 52256K->36861K(66560K), 0.0012150 secs] [Times: user=0.01 sys=0.00, real=0.00 secs] 
102.120: Total time for which application threads were stopped: 0.0031390 seconds, Stopping threads took: 0.0018490 seconds
102.149: Application time: 0.0291670 seconds
102.149: [GC [PSYoungGen: 19895K->2304K(20480K)] 54452K->40957K(66560K), 0.0017270 secs] [Times: user=0.01 sys=0.00, real=0.01 secs] 
102.151: Total time for which application threads were stopped: 0.0018600 seconds, Stopping threads took: 0.0000650 seconds
102.186: Application time: 0.0353560 seconds
102.186: [GC [PSYoungGen: 19695K->2304K(20480K)] 58348K->44029K(66560K), 0.0015220 secs] [Times: user=0.01 sys=0.00, real=0.00 secs] 
102.188: [Full GC [PSYoungGen: 2304K->0K(20480K)] [ParOldGen: 41725K->8941K(46080K)] 44029K->8941K(66560K) [PSPermGen: 5501K->5501K(21504K)], 0.0057390 secs] [Times: user=0.03 sys=0.00, real=0.01 secs] 
102.194: Total time for which application threads were stopped: 0.0074450 seconds, Stopping threads took: 0.0000670 seconds
102.221: Application time: 0.0276620 seconds
102.221: [GC [PSYoungGen: 17630K->2304K(20480K)] 26572K->16365K(66560K), 0.0019980 secs] [Times: user=0.01 sys=0.00, real=0.00 secs] 
102.223: Total time for which application threads were stopped: 0.0021570 seconds, Stopping threads took: 0.0000880 seconds
102.260: Application time: 0.0365900 seconds
102.260: [GC [PSYoungGen: 19664K->2304K(20480K)] 33725K->20461K(66560K), 0.0017240 secs] [Times: user=0.01 sys=0.00, real=0.00 secs] 
102.262: Total time for which application threads were stopped: 0.0018680 seconds, Stopping threads took: 0.0000760 seconds
102.291: Application time: 0.0295110 seconds
102.292: [GC [PSYoungGen: 20015K->2304K(20480K)] 38173K->24557K(66560K), 0.0017370 secs] [Times: user=0.01 sys=0.00, real=0.00 secs] 
102.293: Total time for which application threads were stopped: 0.0018690 seconds, Stopping threads took: 0.0000590 seconds
102.330: Application time: 0.0371100 seconds
102.331: [GC [PSYoungGen: 19651K->2304K(20480K)] 41905K->28653K(66560K), 0.0017230 secs] [Times: user=0.01 sys=0.00, real=0.00 secs] 
102.332: Total time for which application threads were stopped: 0.0018800 seconds, Stopping threads took: 0.0000890 seconds
102.360: Application time: 0.0274910 seconds
102.360: [GC [PSYoungGen: 19969K->2304K(20480K)] 46319K->33773K(66560K), 0.0019350 secs] [Times: user=0.02 sys=0.00, real=0.00 secs] 
102.362: Total time for which application threads were stopped: 0.0020800 seconds, Stopping threads took: 0.0000740 seconds
102.397: Application time: 0.0351040 seconds
102.397: [GC [PSYoungGen: 19523K->2272K(20480K)] 50993K->37838K(66560K), 0.0019160 secs] [Times: user=0.01 sys=0.00, real=0.01 secs] 
102.399: Total time for which application threads were stopped: 0.0020710 seconds, Stopping threads took: 0.0000840 seconds
102.430: Application time: 0.0306630 seconds
102.430: [GC [PSYoungGen: 20098K->2304K(20480K)] 55664K->41966K(66560K), 0.0016750 secs] [Times: user=0.01 sys=0.00, real=0.01 secs] 
102.432: Total time for which application threads were stopped: 0.0018070 seconds, Stopping threads took: 0.0000620 seconds
102.466: Application time: 0.0348560 seconds
102.466: [GC [PSYoungGen: 19606K->2336K(20480K)] 59268K->45070K(66560K), 0.0015280 secs] [Times: user=0.01 sys=0.00, real=0.00 secs] 
102.468: [Full GC [PSYoungGen: 2336K->0K(20480K)] [ParOldGen: 42734K->8974K(46080K)] 45070K->8974K(66560K) [PSPermGen: 5501K->5501K(21504K)], 0.0058860 secs] [Times: user=0.03 sys=0.00, real=0.01 secs] 
102.474: Total time for which application threads were stopped: 0.0076180 seconds, Stopping threads took: 0.0000880 seconds
102.501: Application time: 0.0269910 seconds
102.501: [GC [PSYoungGen: 17920K->2368K(20480K)] 26894K->16462K(66560K), 0.0020300 secs] [Times: user=0.02 sys=0.00, real=0.00 secs] 
102.503: Total time for which application threads were stopped: 0.0021740 seconds, Stopping threads took: 0.0000740 seconds
102.541: Application time: 0.0377010 seconds
102.541: [GC [PSYoungGen: 19928K->2464K(20480K)] 34022K->18606K(66560K), 0.0012970 secs] [Times: user=0.00 sys=0.00, real=0.00 secs] 
102.542: Total time for which application threads were stopped: 0.0014730 seconds, Stopping threads took: 0.0001090 seconds
102.569: Application time: 0.0261780 seconds
102.569: [GC [PSYoungGen: 20333K->2496K(20480K)] 36475K->22734K(66560K), 0.0017800 secs] [Times: user=0.02 sys=0.00, real=0.00 secs] 
102.570: Total time for which application threads were stopped: 0.0019470 seconds, Stopping threads took: 0.0000890 seconds
102.610: Application time: 0.0396870 seconds
102.610: [GC [PSYoungGen: 19882K->2512K(20480K)] 40121K->23774K(66560K), 0.0011920 secs] [Times: user=0.01 sys=0.00, real=0.01 secs] 
102.611: Total time for which application threads were stopped: 0.0013360 seconds, Stopping threads took: 0.0000780 seconds
102.638: Application time: 0.0265700 seconds
102.638: [GC [PSYoungGen: 20351K->2512K(20480K)] 41614K->27870K(66560K), 0.0017880 secs] [Times: user=0.01 sys=0.00, real=0.01 secs] 
102.640: Total time for which application threads were stopped: 0.0019530 seconds, Stopping threads took: 0.0000840 seconds
102.677: Application time: 0.0373790 seconds
102.677: [GC [PSYoungGen: 19553K->2480K(20480K)] 44911K->28862K(66560K), 0.0010050 secs] [Times: user=0.00 sys=0.00, real=0.01 secs] 
102.679: Total time for which application threads were stopped: 0.0011400 seconds, Stopping threads took: 0.0000710 seconds
102.707: Application time: 0.0281720 seconds
102.708: [GC [PSYoungGen: 20369K->2432K(20480K)] 46751K->31886K(66560K), 0.0018910 secs] [Times: user=0.01 sys=0.00, real=0.00 secs] 
102.710: Total time for which application threads were stopped: 0.0031430 seconds, Stopping threads took: 0.0011740 seconds
102.745: Application time: 0.0353780 seconds
102.745: [GC [PSYoungGen: 20352K->2480K(20480K)] 49806K->33982K(66560K), 0.0012720 secs] [Times: user=0.01 sys=0.00, real=0.00 secs] 
102.747: Total time for which application threads were stopped: 0.0013900 seconds, Stopping threads took: 0.0000500 seconds
102.774: Application time: 0.0273960 seconds
102.774: [GC [PSYoungGen: 19525K->2496K(20480K)] 51028K->38094K(66560K), 0.0018520 secs] [Times: user=0.01 sys=0.00, real=0.00 secs] 
102.776: Total time for which application threads were stopped: 0.0020000 seconds, Stopping threads took: 0.0000790 seconds
102.814: Application time: 0.0377030 seconds
102.814: [GC [PSYoungGen: 20230K->2464K(20480K)] 55828K->40110K(66560K), 0.0011870 secs] [Times: user=0.01 sys=0.00, real=0.00 secs] 
102.815: Total time for which application threads were stopped: 0.0013260 seconds, Stopping threads took: 0.0000720 seconds
102.844: Application time: 0.0291320 seconds
102.844: [GC [PSYoungGen: 19842K->2464K(20480K)] 57488K->44206K(66560K), 0.0017550 secs] [Times: user=0.01 sys=0.00, real=0.00 secs] 
102.846: [Full GC [PSYoungGen: 2464K->0K(20480K)] [ParOldGen: 41742K->9669K(46080K)] 44206K->9669K(66560K) [PSPermGen: 5501K->5501K(21504K)], 0.0060530 secs] [Times: user=0.03 sys=0.00, real=0.01 secs] 
102.852: Total time for which application threads were stopped: 0.0080130 seconds, Stopping threads took: 0.0000910 seconds
102.884: Application time: 0.0317760 seconds
102.884: [GC [PSYoungGen: 17291K->2304K(20480K)] 26961K->16069K(66560K), 0.0017450 secs] [Times: user=0.01 sys=0.00, real=0.00 secs] 
102.886: Total time for which application threads were stopped: 0.0018900 seconds, Stopping threads took: 0.0000770 seconds
102.920: Application time: 0.0344770 seconds
102.920: [GC [PSYoungGen: 20081K->2304K(20480K)] 33847K->20165K(66560K), 0.0017550 secs] [Times: user=0.01 sys=0.00, real=0.00 secs] 
102.922: Total time for which application threads were stopped: 0.0019140 seconds, Stopping threads took: 0.0000900 seconds
102.950: Application time: 0.0281170 seconds
102.950: [GC [PSYoungGen: 19476K->2304K(20480K)] 37338K->24262K(66560K), 0.0017230 secs] [Times: user=0.01 sys=0.00, real=0.00 secs] 
102.952: Total time for which application threads were stopped: 0.0018570 seconds, Stopping threads took: 0.0000680 seconds
102.987: Application time: 0.0348520 seconds
102.987: [GC [PSYoungGen: 20076K->2304K(20480K)] 42034K->29382K(66560K), 0.0020210 secs] [Times: user=0.01 sys=0.00, real=0.00 secs] 
102.989: Total time for which application threads were stopped: 0.0021610 seconds, Stopping threads took: 0.0000680 seconds
103.020: Application time: 0.0306390 seconds
103.020: [GC [PSYoungGen: 19583K->2304K(20480K)] 46661K->32454K(66560K), 0.0014220 secs] [Times: user=0.00 sys=0.00, real=0.00 secs] 
103.021: Total time for which application threads were stopped: 0.0015520 seconds, Stopping threads took: 0.0000660 seconds
103.056: Application time: 0.0341910 seconds
103.056: [GC [PSYoungGen: 20057K->2272K(20480K)] 50207K->37542K(66560K), 0.0020600 secs] [Times: user=0.01 sys=0.00, real=0.00 secs] 
103.058: Total time for which application threads were stopped: 0.0022280 seconds, Stopping threads took: 0.0000910 seconds
103.086: Application time: 0.0276570 seconds
103.087: [GC [PSYoungGen: 19406K->2304K(20480K)] 54676K->41670K(66560K), 0.0017090 secs] [Times: user=0.01 sys=0.00, real=0.00 secs] 
103.088: Total time for which application threads were stopped: 0.0027780 seconds, Stopping threads took: 0.0010030 seconds
103.126: Application time: 0.0381360 seconds
103.127: [GC [PSYoungGen: 20223K->2304K(20480K)] 59589K->45766K(66560K), 0.0017480 secs] [Times: user=0.01 sys=0.00, real=0.00 secs] 
103.128: [Full GC [PSYoungGen: 2304K->0K(20480K)] [ParOldGen: 43462K->9956K(46080K)] 45766K->9956K(66560K) [PSPermGen: 5501K->5501K(21504K)], 0.0060600 secs] [Times: user=0.03 sys=0.00, real=0.01 secs] 
103.134: Total time for which application threads were stopped: 0.0080090 seconds, Stopping threads took: 0.0000750 seconds
103.160: Application time: 0.0251310 seconds
103.160: [GC [PSYoungGen: 17093K->2304K(20480K)] 27050K->17380K(66560K), 0.0019650 secs] [Times: user=0.02 sys=0.00, real=0.00 secs] 
103.162: Total time for which application threads were stopped: 0.0021300 seconds, Stopping threads took: 0.0000820 seconds
103.198: Application time: 0.0359510 seconds
103.198: [GC [PSYoungGen: 19205K->2352K(20480K)] 34281K->20500K(66560K), 0.0016130 secs] [Times: user=0.01 sys=0.00, real=0.01 secs] 
103.199: Total time for which application threads were stopped: 0.0017680 seconds, Stopping threads took: 0.0000860 seconds
103.225: Application time: 0.0251430 seconds
103.225: [GC [PSYoungGen: 19765K->2400K(20480K)] 37914K->25668K(66560K), 0.0021250 secs] [Times: user=0.02 sys=0.00, real=0.00 secs] 
103.227: Total time for which application threads were stopped: 0.0022690 seconds, Stopping threads took: 0.0000730 seconds
103.266: Application time: 0.0392370 seconds
103.266: [GC [PSYoungGen: 19340K->2480K(20480K)] 42608K->27796K(66560K), 0.0013030 secs] [Times: user=0.01 sys=0.00, real=0.00 secs] 
103.268: Total time for which application threads were stopped: 0.0014820 seconds, Stopping threads took: 0.0001140 seconds
103.293: Application time: 0.0257440 seconds
103.293: [GC [PSYoungGen: 19994K->2512K(20480K)] 45310K->31924K(66560K), 0.0018030 secs] [Times: user=0.01 sys=0.00, real=0.00 secs] 
103.295: Total time for which application threads were stopped: 0.0019630 seconds, Stopping threads took: 0.0000880 seconds
103.334: Application time: 0.0386950 seconds
103.339: [GC [PSYoungGen: 19989K->2544K(20480K)] 49401K->34004K(66560K), 0.0012660 secs] [Times: user=0.01 sys=0.00, real=0.00 secs] 
103.340: Total time for which application threads were stopped: 0.0058290 seconds, Stopping threads took: 0.0044950 seconds
103.367: Application time: 0.0271610 seconds
103.367: [GC [PSYoungGen: 20223K->2528K(20480K)] 51684K->37060K(66560K), 0.0015550 secs] [Times: user=0.01 sys=0.00, real=0.00 secs] 
103.369: Total time for which application threads were stopped: 0.0016890 seconds, Stopping threads took: 0.0000680 seconds
103.403: Application time: 0.0340130 seconds
103.403: [GC [PSYoungGen: 19579K->2528K(20480K)] 54112K->40132K(66560K), 0.0016120 secs] [Times: user=0.01 sys=0.00, real=0.00 secs] 
103.404: Total time for which application threads were stopped: 0.0017760 seconds, Stopping threads took: 0.0000930 seconds
103.435: Application time: 0.0307690 seconds
103.435: [GC [PSYoungGen: 19426K->2528K(20480K)] 57031K->44228K(66560K), 0.0016780 secs] [Times: user=0.01 sys=0.00, real=0.00 secs] 
103.437: [Full GC [PSYoungGen: 2528K->0K(20480K)] [ParOldGen: 41700K->9671K(46080K)] 44228K->9671K(66560K) [PSPermGen: 5501K->5501K(21504K)], 0.0061840 secs] [Times: user=0.03 sys=0.00, real=0.01 secs] 
103.443: Total time for which application threads were stopped: 0.0080580 seconds, Stopping threads took: 0.0000830 seconds
103.478: Application time: 0.0350210 seconds
103.478: [GC [PSYoungGen: 17089K->2304K(20480K)] 26760K->14023K(66560K), 0.0012290 secs] [Times: user=0.01 sys=0.00, real=0.01 secs] 
103.480: Total time for which application threads were stopped: 0.0013580 seconds, Stopping threads took: 0.0000650 seconds
103.505: Application time: 0.0256690 seconds
103.505: [GC [PSYoungGen: 20045K->2304K(20480K)] 31765K->18119K(66560K), 0.0016870 secs] [Times: user=0.02 sys=0.00, real=0.00 secs] 
103.507: Total time for which application threads were stopped: 0.0018390 seconds, Stopping threads took: 0.0000810 seconds
103.548: Application time: 0.0405860 seconds
103.548: [GC [PSYoungGen: 19630K->2272K(20480K)] 35445K->19111K(66560K), 0.0009710 secs] [Times: user=0.01 sys=0.00, real=0.00 secs] 
103.549: Total time for which application threads were stopped: 0.0010970 seconds, Stopping threads took: 0.0000630 seconds
103.573: Application time: 0.0237200 seconds
103.573: [GC [PSYoungGen: 19995K->2304K(20480K)] 36835K->23239K(66560K), 0.0017140 secs] [Times: user=0.01 sys=0.01, real=0.00 secs] 
103.574: Total time for which application threads were stopped: 0.0018700 seconds, Stopping threads took: 0.0000750 seconds
103.612: Application time: 0.0379470 seconds
103.615: [GC [PSYoungGen: 20224K->2320K(20480K)] 41159K->26327K(66560K), 0.0016880 secs] [Times: user=0.01 sys=0.00, real=0.00 secs] 
103.616: Total time for which application threads were stopped: 0.0038840 seconds, Stopping threads took: 0.0021060 seconds
103.643: Application time: 0.0265420 seconds
103.643: [GC [PSYoungGen: 19418K->2304K(20480K)] 43425K->30407K(66560K), 0.0017850 secs] [Times: user=0.01 sys=0.00, real=0.00 secs] 
103.645: Total time for which application threads were stopped: 0.0019330 seconds, Stopping threads took: 0.0000800 seconds
103.683: Application time: 0.0385630 seconds
103.683: [GC [PSYoungGen: 20173K->2304K(20480K)] 48277K->32455K(66560K), 0.0011620 secs] [Times: user=0.00 sys=0.00, real=0.00 secs] 
103.685: Total time for which application threads were stopped: 0.0013120 seconds, Stopping threads took: 0.0000780 seconds
103.711: Application time: 0.0268070 seconds
103.712: [GC [PSYoungGen: 19480K->2272K(20480K)] 49632K->36519K(66560K), 0.0018180 secs] [Times: user=0.01 sys=0.00, real=0.00 secs] 
103.713: Total time for which application threads were stopped: 0.0019670 seconds, Stopping threads took: 0.0000810 seconds
103.746: Application time: 0.0321220 seconds
103.746: [GC [PSYoungGen: 19694K->2304K(20480K)] 53941K->39623K(66560K), 0.0015100 secs] [Times: user=0.01 sys=0.00, real=0.00 secs] 
103.747: Total time for which application threads were stopped: 0.0016540 seconds, Stopping threads took: 0.0000800 seconds
103.782: Application time: 0.0345980 seconds
103.782: [GC [PSYoungGen: 19964K->2304K(20480K)] 57283K->42695K(66560K), 0.0015100 secs] [Times: user=0.01 sys=0.00, real=0.00 secs] 
103.784: Total time for which application threads were stopped: 0.0016550 seconds, Stopping threads took: 0.0000770 seconds
103.815: Application time: 0.0314370 seconds
103.815: [GC [PSYoungGen: 19689K->2208K(20480K)] 60081K->45671K(66560K), 0.0015820 secs] [Times: user=0.01 sys=0.00, real=0.00 secs] 
103.817: [Full GC [PSYoungGen: 2208K->0K(20480K)] [ParOldGen: 43463K->8958K(46080K)] 45671K->8958K(66560K) [PSPermGen: 5501K->5501K(21504K)], 0.0057870 secs] [Times: user=0.02 sys=0.00, real=0.01 secs] 
103.823: Total time for which application threads were stopped: 0.0075690 seconds, Stopping threads took: 0.0000840 seconds
103.856: Application time: 0.0334600 seconds
103.856: [GC [PSYoungGen: 17642K->2272K(20480K)] 26601K->14302K(66560K), 0.0015010 secs] [Times: user=0.01 sys=0.00, real=0.00 secs] 
103.858: Total time for which application threads were stopped: 0.0016740 seconds, Stopping threads took: 0.0001060 seconds
103.890: Application time: 0.0320910 seconds
103.890: [GC [PSYoungGen: 19790K->2304K(20480K)] 31821K->16382K(66560K), 0.0012720 secs] [Times: user=0.01 sys=0.00, real=0.01 secs] 
103.891: Total time for which application threads were stopped: 0.0014130 seconds, Stopping threads took: 0.0000780 seconds
103.926: Application time: 0.0343790 seconds
103.926: [GC [PSYoungGen: 20182K->2352K(20480K)] 34260K->19502K(66560K), 0.0014330 secs] [Times: user=0.01 sys=0.00, real=0.00 secs] 
103.927: Total time for which application threads were stopped: 0.0015830 seconds, Stopping threads took: 0.0000830 seconds
103.956: Application time: 0.0284070 seconds
103.956: [GC [PSYoungGen: 19558K->2352K(20480K)] 36709K->23598K(66560K), 0.0017380 secs] [Times: user=0.01 sys=0.00, real=0.00 secs] 
103.957: Total time for which application threads were stopped: 0.0018880 seconds, Stopping threads took: 0.0000810 seconds
103.991: Application time: 0.0333290 seconds
103.991: [GC [PSYoungGen: 19361K->2496K(20480K)] 40608K->27838K(66560K), 0.0017830 secs] [Times: user=0.01 sys=0.00, real=0.00 secs] 
103.993: Total time for which application threads were stopped: 0.0019190 seconds, Stopping threads took: 0.0000680 seconds
104.018: Application time: 0.0253470 seconds
104.018: [GC [PSYoungGen: 19685K->2480K(20480K)] 45028K->32942K(66560K), 0.0021270 secs] [Times: user=0.02 sys=0.00, real=0.01 secs] 
104.020: Total time for which application threads were stopped: 0.0022670 seconds, Stopping threads took: 0.0000670 seconds
104.058: Application time: 0.0377650 seconds
104.058: [GC [PSYoungGen: 20283K->2512K(20480K)] 50746K->36047K(66560K), 0.0016080 secs] [Times: user=0.01 sys=0.00, real=0.01 secs] 
104.060: Total time for which application threads were stopped: 0.0017640 seconds, Stopping threads took: 0.0000870 seconds
104.087: Application time: 0.0275560 seconds
104.087: [GC [PSYoungGen: 19871K->2512K(20480K)] 53406K->41167K(66560K), 0.0020720 secs] [Times: user=0.01 sys=0.00, real=0.00 secs] 
104.090: Total time for which application threads were stopped: 0.0022080 seconds, Stopping threads took: 0.0000640 seconds
104.127: Application time: 0.0378450 seconds
104.128: [GC [PSYoungGen: 20169K->2528K(20480K)] 58824K->44255K(66560K), 0.0015720 secs] [Times: user=0.01 sys=0.00, real=0.00 secs] 
104.129: [Full GC [PSYoungGen: 2528K->0K(20480K)] [ParOldGen: 41727K->8958K(46080K)] 44255K->8958K(66560K) [PSPermGen: 5501K->5501K(21504K)], 0.0058230 secs] [Times: user=0.02 sys=0.00, real=0.01 secs] 
104.135: Total time for which application threads were stopped: 0.0075810 seconds, Stopping threads took: 0.0000750 seconds
104.161: Application time: 0.0259990 seconds
104.161: [GC [PSYoungGen: 17388K->2304K(20480K)] 26347K->16383K(66560K), 0.0020500 secs] [Times: user=0.01 sys=0.00, real=0.00 secs] 
104.163: Total time for which application threads were stopped: 0.0022010 seconds, Stopping threads took: 0.0000770 seconds
104.203: Application time: 0.0395370 seconds
104.203: [GC [PSYoungGen: 19973K->2272K(20480K)] 34052K->18399K(66560K), 0.0012270 secs] [Times: user=0.01 sys=0.00, real=0.00 secs] 
104.204: Total time for which application threads were stopped: 0.0013680 seconds, Stopping threads took: 0.0000670 seconds
104.229: Application time: 0.0247560 seconds
104.229: [GC [PSYoungGen: 19654K->2304K(20480K)] 35781K->23551K(66560K), 0.0020360 secs] [Times: user=0.02 sys=0.00, real=0.01 secs] 
104.231: Total time for which application threads were stopped: 0.0021840 seconds, Stopping threads took: 0.0000770 seconds
104.271: Application time: 0.0401660 seconds
104.271: [GC [PSYoungGen: 20014K->2320K(20480K)] 41261K->25615K(66560K), 0.0012470 secs] [Times: user=0.01 sys=0.00, real=0.00 secs] 
104.273: Total time for which application threads were stopped: 0.0013830 seconds, Stopping threads took: 0.0000710 seconds
104.297: Application time: 0.0248390 seconds
104.298: [GC [PSYoungGen: 19465K->2304K(20480K)] 42760K->29695K(66560K), 0.0018240 secs] [Times: user=0.01 sys=0.00, real=0.01 secs] 
104.299: Total time for which application threads were stopped: 0.0019980 seconds, Stopping threads took: 0.0001040 seconds
104.340: Application time: 0.0402820 seconds
104.340: [GC [PSYoungGen: 20109K->2240K(20480K)] 47500K->30655K(66560K), 0.0009960 secs] [Times: user=0.01 sys=0.00, real=0.00 secs] 
104.341: Total time for which application threads were stopped: 0.0011380 seconds, Stopping threads took: 0.0000770 seconds
104.367: Application time: 0.0256100 seconds
104.367: [GC [PSYoungGen: 19495K->2272K(20480K)] 47910K->34783K(66560K), 0.0017090 secs] [Times: user=0.01 sys=0.00, real=0.00 secs] 
104.368: Total time for which application threads were stopped: 0.0018520 seconds, Stopping threads took: 0.0000760 seconds
104.409: Application time: 0.0403970 seconds
104.409: [GC [PSYoungGen: 20051K->2240K(20480K)] 52562K->35775K(66560K), 0.0009930 secs] [Times: user=0.01 sys=0.00, real=0.00 secs] 
104.410: Total time for which application threads were stopped: 0.0011370 seconds, Stopping threads took: 0.0000800 seconds
104.436: Application time: 0.0258560 seconds
104.436: [GC [PSYoungGen: 19521K->2272K(20480K)] 53056K->38879K(66560K), 0.0014450 secs] [Times: user=0.01 sys=0.00, real=0.00 secs] 
104.437: Total time for which application threads were stopped: 0.0015750 seconds, Stopping threads took: 0.0000580 seconds
104.473: Application time: 0.0355880 seconds
104.473: [GC [PSYoungGen: 19673K->2272K(20480K)] 56281K->40927K(66560K), 0.0012150 secs] [Times: user=0.01 sys=0.00, real=0.00 secs] 
104.474: Total time for which application threads were stopped: 0.0013600 seconds, Stopping threads took: 0.0000720 seconds
104.502: Application time: 0.0272590 seconds
104.502: [GC [PSYoungGen: 19858K->2304K(20480K)] 58514K->45055K(66560K), 0.0016450 secs] [Times: user=0.01 sys=0.00, real=0.00 secs] 
104.503: [Full GC [PSYoungGen: 2304K->0K(20480K)] [ParOldGen: 42751K->9676K(46080K)] 45055K->9676K(66560K) [PSPermGen: 5501K->5501K(21504K)], 0.0060860 secs] [Times: user=0.02 sys=0.00, real=0.00 secs] 
104.509: Total time for which application threads were stopped: 0.0079210 seconds, Stopping threads took: 0.0000740 seconds
104.547: Application time: 0.0371760 seconds
104.551: [GC [PSYoungGen: 17302K->2304K(20480K)] 26978K->14028K(66560K), 0.0012990 secs] [Times: user=0.01 sys=0.00, real=0.00 secs] 
104.552: Total time for which application threads were stopped: 0.0052060 seconds, Stopping threads took: 0.0038410 seconds
104.576: Application time: 0.0245930 seconds
104.577: [GC [PSYoungGen: 19926K->2304K(20480K)] 31650K->19148K(66560K), 0.0020700 secs] [Times: user=0.01 sys=0.00, real=0.01 secs] 
104.579: Total time for which application threads were stopped: 0.0022090 seconds, Stopping threads took: 0.0000670 seconds
104.620: Application time: 0.0415410 seconds
104.620: [GC [PSYoungGen: 19853K->2320K(20480K)] 36697K->20188K(66560K), 0.0009630 secs] [Times: user=0.01 sys=0.00, real=0.00 secs] 
104.621: Total time for which application threads were stopped: 0.0010930 seconds, Stopping threads took: 0.0000680 seconds
104.644: Application time: 0.0225770 seconds
104.644: [GC [PSYoungGen: 20028K->2304K(20480K)] 37896K->25292K(66560K), 0.0021410 secs] [Times: user=0.01 sys=0.00, real=0.00 secs] 
104.646: Total time for which application threads were stopped: 0.0022770 seconds, Stopping threads took: 0.0000670 seconds
104.689: Application time: 0.0427640 seconds
104.689: [GC [PSYoungGen: 20218K->2464K(20480K)] 43206K->26476K(66560K), 0.0011010 secs] [Times: user=0.01 sys=0.00, real=0.00 secs] 
104.690: Total time for which application threads were stopped: 0.0012330 seconds, Stopping threads took: 0.0000700 seconds
104.714: Application time: 0.0235340 seconds
104.714: [GC [PSYoungGen: 20148K->2480K(20480K)] 44161K->31612K(66560K), 0.0020910 secs] [Times: user=0.01 sys=0.00, real=0.00 secs] 
104.716: Total time for which application threads were stopped: 0.0022420 seconds, Stopping threads took: 0.0000740 seconds
104.753: Application time: 0.0371520 seconds
104.753: [GC [PSYoungGen: 19400K->2512K(20480K)] 48532K->33692K(66560K), 0.0013130 secs] [Times: user=0.01 sys=0.00, real=0.00 secs] 
104.755: Total time for which application threads were stopped: 0.0014450 seconds, Stopping threads took: 0.0000670 seconds
104.782: Application time: 0.0274570 seconds
104.782: [GC [PSYoungGen: 19703K->2528K(20480K)] 50883K->38828K(66560K), 0.0020630 secs] [Times: user=0.01 sys=0.00, real=0.00 secs] 
104.784: Total time for which application threads were stopped: 0.0022040 seconds, Stopping threads took: 0.0000690 seconds
104.820: Application time: 0.0355080 seconds
104.820: [GC [PSYoungGen: 20195K->2448K(20480K)] 56496K->40796K(66560K), 0.0012060 secs] [Times: user=0.01 sys=0.00, real=0.00 secs] 
104.821: Total time for which application threads were stopped: 0.0013460 seconds, Stopping threads took: 0.0000750 seconds
104.852: Application time: 0.0307820 seconds
104.852: [GC [PSYoungGen: 19840K->2416K(20480K)] 58188K->45884K(66560K), 0.0020370 secs] [Times: user=0.01 sys=0.00, real=0.00 secs] 
104.854: [Full GC [PSYoungGen: 2416K->0K(20480K)] [ParOldGen: 43468K->10694K(46080K)] 45884K->10694K(66560K) [PSPermGen: 5501K->5501K(21504K)], 0.0064310 secs] [Times: user=0.03 sys=0.00, real=0.01 secs] 
104.860: Total time for which application threads were stopped: 0.0086530 seconds, Stopping threads took: 0.0000680 seconds
104.890: Application time: 0.0297350 seconds
104.890: [GC [PSYoungGen: 17337K->2304K(20480K)] 28031K->17094K(66560K), 0.0017580 secs] [Times: user=0.01 sys=0.00, real=0.01 secs] 
104.892: Total time for which application threads were stopped: 0.0019040 seconds, Stopping threads took: 0.0000760 seconds
104.925: Application time: 0.0333450 seconds
104.926: [GC [PSYoungGen: 20022K->2304K(20480K)] 34812K->22214K(66560K), 0.0020550 secs] [Times: user=0.01 sys=0.00, real=0.00 secs] 
104.928: Total time for which application threads were stopped: 0.0022170 seconds, Stopping threads took: 0.0000880 seconds
104.958: Application time: 0.0299100 seconds
104.958: [GC [PSYoungGen: 19581K->2304K(20480K)] 39492K->26310K(66560K), 0.0017950 secs] [Times: user=0.01 sys=0.00, real=0.01 secs] 
104.960: Total time for which application threads were stopped: 0.0019480 seconds, Stopping threads took: 0.0000850 seconds
104.997: Application time: 0.0376580 seconds
104.997: [GC [PSYoungGen: 20081K->2304K(20480K)] 44087K->30406K(66560K), 0.0016980 secs] [Times: user=0.01 sys=0.00, real=0.01 secs] 
104.999: Total time for which application threads were stopped: 0.0018370 seconds, Stopping threads took: 0.0000680 seconds
105.026: Application time: 0.0269060 seconds
105.026: [GC [PSYoungGen: 19531K->2272K(20480K)] 47634K->33446K(66560K), 0.0014900 secs] [Times: user=0.01 sys=0.00, real=0.00 secs] 
105.028: Total time for which application threads were stopped: 0.0016450 seconds, Stopping threads took: 0.0000870 seconds
105.062: Application time: 0.0341110 seconds
105.062: [GC [PSYoungGen: 19853K->2304K(20480K)] 51027K->37574K(66560K), 0.0018000 secs] [Times: user=0.01 sys=0.00, real=0.00 secs] 
105.064: Total time for which application threads were stopped: 0.0019660 seconds, Stopping threads took: 0.0000930 seconds
105.095: Application time: 0.0313370 seconds
105.095: [GC [PSYoungGen: 19780K->2304K(20480K)] 55051K->39622K(66560K), 0.0011620 secs] [Times: user=0.01 sys=0.00, real=0.00 secs] 
105.096: Total time for which application threads were stopped: 0.0012940 seconds, Stopping threads took: 0.0000660 seconds
105.131: Application time: 0.0344380 seconds
105.131: [GC [PSYoungGen: 19894K->2304K(20480K)] 57213K->42694K(66560K), 0.0015140 secs] [Times: user=0.01 sys=0.00, real=0.00 secs] 
105.132: [Full GC [PSYoungGen: 2304K->0K(20480K)] [ParOldGen: 40390K->8955K(46080K)] 42694K->8955K(66560K) [PSPermGen: 5501K->5501K(21504K)], 0.0057970 secs] [Times: user=0.03 sys=0.00, real=0.00 secs] 
105.138: Total time for which application threads were stopped: 0.0075030 seconds, Stopping threads took: 0.0000790 seconds
105.169: Application time: 0.0310680 seconds
105.169: [GC [PSYoungGen: 17449K->2272K(20480K)] 26404K->13275K(66560K), 0.0012310 secs] [Times: user=0.00 sys=0.01, real=0.01 secs] 
105.171: Total time for which application threads were stopped: 0.0013610 seconds, Stopping threads took: 0.0000660 seconds
105.205: Application time: 0.0344370 seconds
105.205: [GC [PSYoungGen: 19834K->2304K(20480K)] 30837K->16379K(66560K), 0.0015120 secs] [Times: user=0.01 sys=0.00, real=0.00 secs] 
105.207: Total time for which application threads were stopped: 0.0016600 seconds, Stopping threads took: 0.0000780 seconds
105.234: Application time: 0.0276780 seconds
105.235: [GC [PSYoungGen: 19668K->2304K(20480K)] 33743K->20475K(66560K), 0.0017020 secs] [Times: user=0.01 sys=0.00, real=0.00 secs] 
105.236: Total time for which application threads were stopped: 0.0018480 seconds, Stopping threads took: 0.0000710 seconds
105.274: Application time: 0.0376110 seconds
105.274: [GC [PSYoungGen: 19909K->2320K(20480K)] 38080K->22539K(66560K), 0.0012650 secs] [Times: user=0.01 sys=0.00, real=0.00 secs] 
105.275: Total time for which application threads were stopped: 0.0014070 seconds, Stopping threads took: 0.0000730 seconds
105.303: Application time: 0.0275770 seconds
105.303: [GC [PSYoungGen: 19764K->2304K(20480K)] 39983K->27643K(66560K), 0.0020060 secs] [Times: user=0.02 sys=0.00, real=0.00 secs] 
105.305: Total time for which application threads were stopped: 0.0021380 seconds, Stopping threads took: 0.0000640 seconds
105.343: Application time: 0.0376380 seconds
105.343: [GC [PSYoungGen: 20069K->2336K(20480K)] 45408K->29723K(66560K), 0.0011860 secs] [Times: user=0.01 sys=0.00, real=0.00 secs] 
105.344: Total time for which application threads were stopped: 0.0013310 seconds, Stopping threads took: 0.0000810 seconds
105.373: Application time: 0.0285690 seconds
105.373: [GC [PSYoungGen: 19948K->2400K(20480K)] 47336K->33883K(66560K), 0.0016920 secs] [Times: user=0.01 sys=0.00, real=0.00 secs] 
105.374: Total time for which application threads were stopped: 0.0018430 seconds, Stopping threads took: 0.0000720 seconds
105.410: Application time: 0.0351290 seconds
105.410: [GC [PSYoungGen: 20170K->2464K(20480K)] 51654K->35995K(66560K), 0.0012730 secs] [Times: user=0.01 sys=0.00, real=0.01 secs] 
105.411: Total time for which application threads were stopped: 0.0014150 seconds, Stopping threads took: 0.0000750 seconds
105.438: Application time: 0.0271650 seconds
105.438: [GC [PSYoungGen: 19956K->2496K(20480K)] 53487K->40123K(66560K), 0.0018300 secs] [Times: user=0.01 sys=0.00, real=0.01 secs] 
105.440: Total time for which application threads were stopped: 0.0019700 seconds, Stopping threads took: 0.0000710 seconds
105.481: Application time: 0.0408530 seconds
105.481: [GC [PSYoungGen: 20194K->2496K(20480K)] 57821K->41147K(66560K), 0.0009700 secs] [Times: user=0.01 sys=0.00, real=0.00 secs] 
105.482: Total time for which application threads were stopped: 0.0011020 seconds, Stopping threads took: 0.0000700 seconds
105.508: Application time: 0.0254530 seconds
105.508: [GC [PSYoungGen: 19966K->2528K(20480K)] 58617K->44251K(66560K), 0.0014870 secs] [Times: user=0.01 sys=0.00, real=0.00 secs] 
105.509: [Full GC [PSYoungGen: 2528K->0K(20480K)] [ParOldGen: 41723K->8946K(46080K)] 44251K->8946K(66560K) [PSPermGen: 5501K->5501K(21504K)], 0.0059900 secs] [Times: user=0.02 sys=0.00, real=0.01 secs] 
105.515: Total time for which application threads were stopped: 0.0076540 seconds, Stopping threads took: 0.0000670 seconds
105.549: Application time: 0.0335600 seconds
105.549: [GC [PSYoungGen: 17911K->2304K(20480K)] 26857K->13298K(66560K), 0.0011630 secs] [Times: user=0.01 sys=0.00, real=0.00 secs] 
105.550: Total time for which application threads were stopped: 0.0013060 seconds, Stopping threads took: 0.0000760 seconds
105.583: Application time: 0.0328820 seconds
105.583: [GC [PSYoungGen: 19459K->2304K(20480K)] 30453K->16370K(66560K), 0.0013310 secs] [Times: user=0.01 sys=0.00, real=0.00 secs] 
105.584: Total time for which application threads were stopped: 0.0015030 seconds, Stopping threads took: 0.0001070 seconds
105.617: Application time: 0.0325660 seconds
105.617: [GC [PSYoungGen: 20143K->2272K(20480K)] 34209K->18386K(66560K), 0.0012090 secs] [Times: user=0.01 sys=0.00, real=0.00 secs] 
105.618: Total time for which application threads were stopped: 0.0013380 seconds, Stopping threads took: 0.0000590 seconds
105.647: Application time: 0.0285780 seconds
105.647: [GC [PSYoungGen: 19292K->2304K(20480K)] 35407K->23538K(66560K), 0.0020230 secs] [Times: user=0.02 sys=0.00, real=0.00 secs] 
105.649: Total time for which application threads were stopped: 0.0021590 seconds, Stopping threads took: 0.0000620 seconds
105.684: Application time: 0.0346960 seconds
105.684: [GC [PSYoungGen: 20224K->2304K(20480K)] 41458K->26610K(66560K), 0.0015260 secs] [Times: user=0.01 sys=0.00, real=0.00 secs] 
105.686: Total time for which application threads were stopped: 0.0016680 seconds, Stopping threads took: 0.0000750 seconds
105.716: Application time: 0.0308110 seconds
105.716: [GC [PSYoungGen: 19441K->2304K(20480K)] 43747K->31730K(66560K), 0.0020130 secs] [Times: user=0.01 sys=0.00, real=0.00 secs] 
105.718: Total time for which application threads were stopped: 0.0021620 seconds, Stopping threads took: 0.0000720 seconds
105.753: Application time: 0.0349760 seconds
105.754: [GC [PSYoungGen: 20224K->2304K(20480K)] 49650K->34802K(66560K), 0.0014420 secs] [Times: user=0.01 sys=0.00, real=0.00 secs] 
105.755: Total time for which application threads were stopped: 0.0015980 seconds, Stopping threads took: 0.0000800 seconds
105.785: Application time: 0.0302220 seconds
105.785: [GC [PSYoungGen: 19432K->2304K(20480K)] 51931K->39922K(66560K), 0.0020110 secs] [Times: user=0.01 sys=0.00, real=0.00 secs] 
105.787: Total time for which application threads were stopped: 0.0021550 seconds, Stopping threads took: 0.0000620 seconds
105.821: Application time: 0.0337650 seconds
105.821: [GC [PSYoungGen: 20112K->2304K(20480K)] 57731K->42994K(66560K), 0.0015090 secs] [Times: user=0.01 sys=0.00, real=0.00 secs] 
105.823: [Full GC [PSYoungGen: 2304K->0K(20480K)] [ParOldGen: 40690K->8944K(46080K)] 42994K->8944K(66560K) [PSPermGen: 5501K->5501K(21504K)], 0.0057870 secs] [Times: user=0.02 sys=0.00, real=0.00 secs] 
105.829: Total time for which application threads were stopped: 0.0074800 seconds, Stopping threads took: 0.0000730 seconds
105.859: Application time: 0.0303800 seconds
105.859: [GC [PSYoungGen: 17219K->2304K(20480K)] 26163K->15344K(66560K), 0.0017050 secs] [Times: user=0.01 sys=0.00, real=0.00 secs] 
105.861: Total time for which application threads were stopped: 0.0018580 seconds, Stopping threads took: 0.0000830 seconds
105.897: Application time: 0.0358500 seconds
105.897: [GC [PSYoungGen: 20138K->2304K(20480K)] 33178K->17392K(66560K), 0.0012400 secs] [Times: user=0.01 sys=0.00, real=0.00 secs] 
105.898: Total time for which application threads were stopped: 0.0013650 seconds, Stopping threads took: 0.0000610 seconds
105.925: Application time: 0.0271810 seconds
105.925: [GC [PSYoungGen: 19351K->2304K(20480K)] 34439K->21488K(66560K), 0.0017240 secs] [Times: user=0.01 sys=0.00, real=0.00 secs] 
105.927: Total time for which application threads were stopped: 0.0018760 seconds, Stopping threads took: 0.0000830 seconds
105.962: Application time: 0.0350370 seconds
105.962: [GC [PSYoungGen: 20224K->2304K(20480K)] 39408K->26608K(66560K), 0.0019720 secs] [Times: user=0.01 sys=0.00, real=0.00 secs] 
105.964: Total time for which application threads were stopped: 0.0021090 seconds, Stopping threads took: 0.0000660 seconds
105.994: Application time: 0.0292510 seconds
105.994: [GC [PSYoungGen: 19392K->2304K(20480K)] 43697K->30704K(66560K), 0.0017400 secs] [Times: user=0.01 sys=0.00, real=0.00 secs] 
105.996: Total time for which application threads were stopped: 0.0018900 seconds, Stopping threads took: 0.0000830 seconds
106.029: Application time: 0.0330740 seconds
106.029: [GC [PSYoungGen: 20224K->2320K(20480K)] 48624K->34816K(66560K), 0.0017540 secs] [Times: user=0.02 sys=0.00, real=0.00 secs] 
106.030: Total time for which application threads were stopped: 0.0018970 seconds, Stopping threads took: 0.0000680 seconds
106.063: Application time: 0.0321300 seconds
106.063: [GC [PSYoungGen: 19640K->2336K(20480K)] 52137K->37904K(66560K), 0.0015220 secs] [Times: user=0.01 sys=0.00, real=0.00 secs] 
106.064: Total time for which application threads were stopped: 0.0016690 seconds, Stopping threads took: 0.0000820 seconds
106.096: Application time: 0.0320910 seconds
106.096: [GC [PSYoungGen: 20196K->2336K(20480K)] 55764K->40976K(66560K), 0.0015430 secs] [Times: user=0.01 sys=0.00, real=0.00 secs] 
106.098: Total time for which application threads were stopped: 0.0016860 seconds, Stopping threads took: 0.0000740 seconds
106.133: Application time: 0.0347420 seconds
106.133: [GC [PSYoungGen: 20119K->2496K(20480K)] 58759K->45232K(66560K), 0.0018070 secs] [Times: user=0.00 sys=0.01, real=0.00 secs] 
106.135: [Full GC [PSYoungGen: 2496K->0K(20480K)] [ParOldGen: 42736K->9674K(46080K)] 45232K->9674K(66560K) [PSPermGen: 5501K->5501K(21504K)], 0.0063050 secs] [Times: user=0.02 sys=0.00, real=0.01 secs] 
106.141: Total time for which application threads were stopped: 0.0082990 seconds, Stopping threads took: 0.0000660 seconds
106.169: Application time: 0.0283740 seconds
106.170: [GC [PSYoungGen: 17683K->2352K(20480K)] 27357K->15098K(66560K), 0.0014940 secs] [Times: user=0.01 sys=0.00, real=0.01 secs] 
106.171: Total time for which application threads were stopped: 0.0016730 seconds, Stopping threads took: 0.0001040 seconds
106.208: Application time: 0.0367030 seconds
106.208: [GC [PSYoungGen: 19783K->2304K(20480K)] 32530K->18122K(66560K), 0.0014170 secs] [Times: user=0.01 sys=0.00, real=0.00 secs] 
106.209: Total time for which application threads were stopped: 0.0015540 seconds, Stopping threads took: 0.0000700 seconds
106.238: Application time: 0.0289560 seconds
106.239: [GC [PSYoungGen: 19912K->2336K(20480K)] 35731K->21226K(66560K), 0.0014790 secs] [Times: user=0.01 sys=0.00, real=0.00 secs] 
106.240: Total time for which application threads were stopped: 0.0016430 seconds, Stopping threads took: 0.0000950 seconds
106.279: Application time: 0.0390030 seconds
106.279: [GC [PSYoungGen: 19916K->2336K(20480K)] 38807K->23274K(66560K), 0.0012040 secs] [Times: user=0.01 sys=0.00, real=0.00 secs] 
106.280: Total time for which application threads were stopped: 0.0013620 seconds, Stopping threads took: 0.0000760 seconds
106.309: Application time: 0.0284460 seconds
106.309: [GC [PSYoungGen: 19927K->2320K(20480K)] 40866K->25306K(66560K), 0.0012600 secs] [Times: user=0.01 sys=0.00, real=0.00 secs] 
106.310: Total time for which application threads were stopped: 0.0014010 seconds, Stopping threads took: 0.0000730 seconds
106.347: Application time: 0.0367760 seconds
106.347: [GC [PSYoungGen: 19739K->2304K(20480K)] 42726K->27338K(66560K), 0.0012330 secs] [Times: user=0.01 sys=0.00, real=0.00 secs] 
106.348: Total time for which application threads were stopped: 0.0013790 seconds, Stopping threads took: 0.0000770 seconds
106.376: Application time: 0.0275130 seconds
106.376: [GC [PSYoungGen: 19788K->2320K(20480K)] 44823K->30426K(66560K), 0.0014850 secs] [Times: user=0.01 sys=0.00, real=0.00 secs] 
106.378: Total time for which application threads were stopped: 0.0016280 seconds, Stopping threads took: 0.0000770 seconds
106.414: Application time: 0.0362940 seconds
106.414: [GC [PSYoungGen: 19644K->2304K(20480K)] 47751K->32458K(66560K), 0.0011780 secs] [Times: user=0.00 sys=0.00, real=0.00 secs] 
106.415: Total time for which application threads were stopped: 0.0013060 seconds, Stopping threads took: 0.0000590 seconds
106.443: Application time: 0.0282180 seconds
106.443: [GC [PSYoungGen: 19937K->2304K(20480K)] 50091K->35530K(66560K), 0.0013450 secs] [Times: user=0.01 sys=0.00, real=0.00 secs] 
106.445: Total time for which application threads were stopped: 0.0014760 seconds, Stopping threads took: 0.0000640 seconds
106.480: Application time: 0.0352270 seconds
106.480: [GC [PSYoungGen: 19510K->2320K(20480K)] 52737K->36570K(66560K), 0.0009180 secs] [Times: user=0.01 sys=0.00, real=0.00 secs] 
106.481: Total time for which application threads were stopped: 0.0010720 seconds, Stopping threads took: 0.0000900 seconds
106.508: Application time: 0.0272680 seconds
106.509: [GC [PSYoungGen: 20016K->2304K(20480K)] 54267K->39626K(66560K), 0.0014340 secs] [Times: user=0.00 sys=0.00, real=0.00 secs] 
106.510: Total time for which application threads were stopped: 0.0015780 seconds, Stopping threads took: 0.0000760 seconds
106.545: Application time: 0.0346640 seconds
106.545: [GC [PSYoungGen: 20224K->2304K(20480K)] 57546K->41674K(66560K), 0.0013040 secs] [Times: user=0.01 sys=0.00, real=0.00 secs] 
106.546: Total time for which application threads were stopped: 0.0014490 seconds, Stopping threads took: 0.0000800 seconds
106.577: Application time: 0.0313840 seconds
106.578: [GC [PSYoungGen: 19429K->2336K(20480K)] 58800K->43754K(66560K), 0.0011900 secs] [Times: user=0.00 sys=0.01, real=0.01 secs] 
106.579: [Full GC [PSYoungGen: 2336K->0K(20480K)] [ParOldGen: 41418K->7917K(46080K)] 43754K->7917K(66560K) [PSPermGen: 5503K->5503K(21504K)], 0.0056380 secs] [Times: user=0.03 sys=0.00, real=0.00 secs] 
106.585: Total time for which application threads were stopped: 0.0070200 seconds, Stopping threads took: 0.0000760 seconds
106.619: Application time: 0.0345550 seconds
106.619: [GC [PSYoungGen: 17882K->2304K(20480K)] 25799K->11245K(66560K), 0.0010560 secs] [Times: user=0.01 sys=0.00, real=0.00 secs] 
106.620: Total time for which application threads were stopped: 0.0012100 seconds, Stopping threads took: 0.0000900 seconds
106.650: Application time: 0.0299360 seconds
106.650: [GC [PSYoungGen: 19383K->2304K(20480K)] 28325K->15341K(66560K), 0.0017040 secs] [Times: user=0.01 sys=0.00, real=0.01 secs] 
106.652: Total time for which application threads were stopped: 0.0018600 seconds, Stopping threads took: 0.0000800 seconds
106.688: Application time: 0.0356200 seconds
106.688: [GC [PSYoungGen: 20211K->2240K(20480K)] 33249K->17325K(66560K), 0.0011570 secs] [Times: user=0.01 sys=0.00, real=0.00 secs] 
106.689: Total time for which application threads were stopped: 0.0012860 seconds, Stopping threads took: 0.0000680 seconds
106.718: Application time: 0.0286580 seconds
106.718: [GC [PSYoungGen: 19350K->2304K(20480K)] 34436K->21485K(66560K), 0.0016820 secs] [Times: user=0.01 sys=0.00, real=0.01 secs] 
106.719: Total time for which application threads were stopped: 0.0018390 seconds, Stopping threads took: 0.0000900 seconds
106.755: Application time: 0.0357100 seconds
106.755: [GC [PSYoungGen: 20224K->2304K(20480K)] 39405K->24557K(66560K), 0.0013280 secs] [Times: user=0.01 sys=0.00, real=0.00 secs] 
106.757: Total time for which application threads were stopped: 0.0014490 seconds, Stopping threads took: 0.0000570 seconds
106.784: Application time: 0.0275250 seconds
106.784: [GC [PSYoungGen: 19630K->2336K(20480K)] 41884K->28685K(66560K), 0.0018340 secs] [Times: user=0.01 sys=0.00, real=0.00 secs] 
106.786: Total time for which application threads were stopped: 0.0020360 seconds, Stopping threads took: 0.0001260 seconds
106.818: Application time: 0.0318220 seconds
106.818: [GC [PSYoungGen: 19966K->2368K(20480K)] 46316K->33837K(66560K), 0.0020780 secs] [Times: user=0.02 sys=0.00, real=0.01 secs] 
106.820: Total time for which application threads were stopped: 0.0022220 seconds, Stopping threads took: 0.0000750 seconds
106.854: Application time: 0.0341040 seconds
106.855: [GC [PSYoungGen: 20223K->2496K(20480K)] 51693K->38061K(66560K), 0.0017990 secs] [Times: user=0.01 sys=0.00, real=0.00 secs] 
106.856: Total time for which application threads were stopped: 0.0019590 seconds, Stopping threads took: 0.0000920 seconds
106.886: Application time: 0.0293300 seconds
106.886: [GC [PSYoungGen: 20215K->2496K(20480K)] 55781K->43182K(66560K), 0.0021360 secs] [Times: user=0.02 sys=0.00, real=0.00 secs] 
106.888: [Full GC [PSYoungGen: 2496K->0K(20480K)] [ParOldGen: 40686K->10698K(46080K)] 43182K->10698K(66560K) [PSPermGen: 5503K->5503K(21504K)], 0.0061490 secs] [Times: user=0.02 sys=0.00, real=0.01 secs] 
106.894: Total time for which application threads were stopped: 0.0085020 seconds, Stopping threads took: 0.0000970 seconds
106.927: Application time: 0.0329280 seconds
106.927: [GC [PSYoungGen: 17321K->2304K(20480K)] 28019K->17098K(66560K), 0.0017090 secs] [Times: user=0.01 sys=0.00, real=0.00 secs] 
106.929: Total time for which application threads were stopped: 0.0018760 seconds, Stopping threads took: 0.0000930 seconds
106.960: Application time: 0.0310000 seconds
106.960: [GC [PSYoungGen: 20002K->2304K(20480K)] 34797K->22218K(66560K), 0.0020320 secs] [Times: user=0.01 sys=0.00, real=0.00 secs] 
106.962: Total time for which application threads were stopped: 0.0021700 seconds, Stopping threads took: 0.0000670 seconds
106.996: Application time: 0.0333680 seconds
106.996: [GC [PSYoungGen: 19626K->2304K(20480K)] 39541K->26314K(66560K), 0.0017630 secs] [Times: user=0.01 sys=0.00, real=0.00 secs] 
106.997: Total time for which application threads were stopped: 0.0019140 seconds, Stopping threads took: 0.0000830 seconds
107.030: Application time: 0.0324400 seconds
107.030: [GC [PSYoungGen: 20035K->2304K(20480K)] 44046K->30410K(66560K), 0.0017910 secs] [Times: user=0.01 sys=0.00, real=0.01 secs] 
107.032: Total time for which application threads were stopped: 0.0019420 seconds, Stopping threads took: 0.0000780 seconds
107.065: Application time: 0.0334870 seconds
107.065: [GC [PSYoungGen: 19613K->2272K(20480K)] 47720K->33450K(66560K), 0.0014820 secs] [Times: user=0.01 sys=0.00, real=0.00 secs] 
107.067: Total time for which application threads were stopped: 0.0016310 seconds, Stopping threads took: 0.0000780 seconds
107.100: Application time: 0.0328750 seconds
107.100: [GC [PSYoungGen: 20022K->2272K(20480K)] 51201K->36522K(66560K), 0.0015090 secs] [Times: user=0.01 sys=0.00, real=0.00 secs] 
107.101: Total time for which application threads were stopped: 0.0016430 seconds, Stopping threads took: 0.0000590 seconds
107.134: Application time: 0.0324220 seconds
107.134: [GC [PSYoungGen: 19541K->2304K(20480K)] 53792K->39626K(66560K), 0.0015020 secs] [Times: user=0.01 sys=0.00, real=0.00 secs] 
107.136: Total time for which application threads were stopped: 0.0016580 seconds, Stopping threads took: 0.0000840 seconds
107.166: Application time: 0.0303140 seconds
107.166: [GC [PSYoungGen: 19933K->2304K(20480K)] 57256K->43723K(66560K), 0.0017120 secs] [Times: user=0.01 sys=0.00, real=0.00 secs] 
107.168: [Full GC [PSYoungGen: 2304K->0K(20480K)] [ParOldGen: 41419K->9690K(46080K)] 43723K->9690K(66560K) [PSPermGen: 5503K->5503K(21504K)], 0.0063890 secs] [Times: user=0.03 sys=0.00, real=0.01 secs] 
107.174: Total time for which application threads were stopped: 0.0083090 seconds, Stopping threads took: 0.0000900 seconds
107.209: Application time: 0.0352960 seconds
107.210: [GC [PSYoungGen: 17422K->2304K(20480K)] 27112K->15066K(66560K), 0.0014450 secs] [Times: user=0.01 sys=0.00, real=0.01 secs] 
107.211: Total time for which application threads were stopped: 0.0015840 seconds, Stopping threads took: 0.0000700 seconds
107.239: Application time: 0.0275490 seconds
107.239: [GC [PSYoungGen: 19827K->2304K(20480K)] 32589K->19162K(66560K), 0.0017530 secs] [Times: user=0.01 sys=0.00, real=0.00 secs] 
107.241: Total time for which application threads were stopped: 0.0018860 seconds, Stopping threads took: 0.0000640 seconds
107.278: Application time: 0.0372500 seconds
107.278: [GC [PSYoungGen: 19794K->2304K(20480K)] 36652K->23258K(66560K), 0.0017590 secs] [Times: user=0.01 sys=0.00, real=0.01 secs] 
107.280: Total time for which application threads were stopped: 0.0019010 seconds, Stopping threads took: 0.0000720 seconds
107.307: Application time: 0.0277720 seconds
107.308: [GC [PSYoungGen: 19824K->2304K(20480K)] 40779K->26330K(66560K), 0.0014460 secs] [Times: user=0.01 sys=0.00, real=0.00 secs] 
107.309: Total time for which application threads were stopped: 0.0015940 seconds, Stopping threads took: 0.0000710 seconds
107.347: Application time: 0.0378420 seconds
107.347: [GC [PSYoungGen: 19821K->2272K(20480K)] 43847K->30394K(66560K), 0.0017260 secs] [Times: user=0.01 sys=0.00, real=0.00 secs] 
107.349: Total time for which application threads were stopped: 0.0018740 seconds, Stopping threads took: 0.0000790 seconds
107.377: Application time: 0.0280970 seconds
107.377: [GC [PSYoungGen: 19825K->2272K(20480K)] 47948K->32442K(66560K), 0.0011620 secs] [Times: user=0.01 sys=0.00, real=0.00 secs] 
107.378: Total time for which application threads were stopped: 0.0013330 seconds, Stopping threads took: 0.0001060 seconds
107.412: Application time: 0.0339400 seconds
107.412: [GC [PSYoungGen: 19423K->2240K(20480K)] 49593K->35482K(66560K), 0.0015100 secs] [Times: user=0.01 sys=0.00, real=0.00 secs] 
107.414: Total time for which application threads were stopped: 0.0017440 seconds, Stopping threads took: 0.0001660 seconds
107.444: Application time: 0.0303640 seconds
107.444: [GC [PSYoungGen: 20137K->2336K(20480K)] 53379K->38650K(66560K), 0.0014640 secs] [Times: user=0.01 sys=0.00, real=0.00 secs] 
107.446: Total time for which application threads were stopped: 0.0016040 seconds, Stopping threads took: 0.0000740 seconds
107.481: Application time: 0.0355890 seconds
107.482: [GC [PSYoungGen: 19707K->2352K(20480K)] 56021K->40714K(66560K), 0.0012680 secs] [Times: user=0.01 sys=0.00, real=0.00 secs] 
107.483: Total time for which application threads were stopped: 0.0014090 seconds, Stopping threads took: 0.0000740 seconds
107.514: Application time: 0.0311310 seconds
107.514: [GC [PSYoungGen: 20257K->2368K(20480K)] 58620K->42778K(66560K), 0.0011420 secs] [Times: user=0.01 sys=0.00, real=0.00 secs] 
107.515: Total time for which application threads were stopped: 0.0012750 seconds, Stopping threads took: 0.0000690 seconds
107.549: Application time: 0.0339050 seconds
107.549: [GC [PSYoungGen: 19939K->2512K(20480K)] 60349K->44970K(66560K), 0.0013410 secs] [Times: user=0.01 sys=0.00, real=0.01 secs] 
107.551: [Full GC [PSYoungGen: 2512K->0K(20480K)] [ParOldGen: 42458K->7908K(46080K)] 44970K->7908K(66560K) [PSPermGen: 5503K->5503K(21504K)], 0.0056630 secs] [Times: user=0.02 sys=0.00, real=0.00 secs] 
107.556: Total time for which application threads were stopped: 0.0071810 seconds, Stopping threads took: 0.0000660 seconds
107.584: Application time: 0.0273130 seconds
107.584: [GC [PSYoungGen: 17762K->2320K(20480K)] 25670K->14324K(66560K), 0.0017490 secs] [Times: user=0.01 sys=0.00, real=0.00 secs] 
107.586: Total time for which application threads were stopped: 0.0018820 seconds, Stopping threads took: 0.0000650 seconds
107.624: Application time: 0.0382990 seconds
107.624: [GC [PSYoungGen: 19654K->2304K(20480K)] 31658K->16356K(66560K), 0.0011910 secs] [Times: user=0.01 sys=0.00, real=0.00 secs] 
107.625: Total time for which application threads were stopped: 0.0013200 seconds, Stopping threads took: 0.0000660 seconds
107.652: Application time: 0.0271890 seconds
107.652: [GC [PSYoungGen: 20011K->2272K(20480K)] 34063K->20420K(66560K), 0.0017070 secs] [Times: user=0.01 sys=0.00, real=0.00 secs] 
107.654: Total time for which application threads were stopped: 0.0018470 seconds, Stopping threads took: 0.0000720 seconds
107.690: Application time: 0.0358030 seconds
107.690: [GC [PSYoungGen: 19365K->2320K(20480K)] 37514K->21492K(66560K), 0.0009440 secs] [Times: user=0.00 sys=0.00, real=0.01 secs] 
107.691: Total time for which application threads were stopped: 0.0010810 seconds, Stopping threads took: 0.0000750 seconds
107.717: Application time: 0.0263250 seconds
107.718: [GC [PSYoungGen: 20196K->2336K(20480K)] 39368K->26628K(66560K), 0.0020580 secs] [Times: user=0.01 sys=0.00, real=0.01 secs] 
107.720: Total time for which application threads were stopped: 0.0021950 seconds, Stopping threads took: 0.0000640 seconds
107.758: Application time: 0.0380730 seconds
107.758: [GC [PSYoungGen: 20255K->2304K(20480K)] 44548K->28644K(66560K), 0.0011440 secs] [Times: user=0.00 sys=0.00, real=0.01 secs] 
107.759: Total time for which application threads were stopped: 0.0012920 seconds, Stopping threads took: 0.0000840 seconds
107.787: Application time: 0.0281450 seconds
107.787: [GC [PSYoungGen: 19474K->2320K(20480K)] 45814K->32756K(66560K), 0.0017260 secs] [Times: user=0.01 sys=0.00, real=0.00 secs] 
107.789: Total time for which application threads were stopped: 0.0018680 seconds, Stopping threads took: 0.0000770 seconds
107.823: Application time: 0.0337640 seconds
107.823: [GC [PSYoungGen: 19909K->2336K(20480K)] 50345K->34820K(66560K), 0.0012010 secs] [Times: user=0.01 sys=0.00, real=0.00 secs] 
107.824: Total time for which application threads were stopped: 0.0013470 seconds, Stopping threads took: 0.0000700 seconds
107.855: Application time: 0.0305560 seconds
107.855: [GC [PSYoungGen: 19741K->2336K(20480K)] 52225K->39940K(66560K), 0.0021280 secs] [Times: user=0.02 sys=0.00, real=0.00 secs] 
107.857: Total time for which application threads were stopped: 0.0022580 seconds, Stopping threads took: 0.0000600 seconds
107.889: Application time: 0.0317550 seconds
107.889: [GC [PSYoungGen: 19840K->2304K(20480K)] 57445K->44005K(66560K), 0.0018000 secs] [Times: user=0.02 sys=0.00, real=0.01 secs] 
107.891: [Full GC [PSYoungGen: 2304K->0K(20480K)] [ParOldGen: 41701K->9674K(46080K)] 44005K->9674K(66560K) [PSPermGen: 5503K->5503K(21504K)], 0.0060200 secs] [Times: user=0.02 sys=0.00, real=0.00 secs] 
107.897: Total time for which application threads were stopped: 0.0080070 seconds, Stopping threads took: 0.0000710 seconds
107.930: Application time: 0.0335650 seconds
107.930: [GC [PSYoungGen: 17554K->2304K(20480K)] 27228K->17098K(66560K), 0.0020230 secs] [Times: user=0.01 sys=0.00, real=0.01 secs] 
107.932: Total time for which application threads were stopped: 0.0021680 seconds, Stopping threads took: 0.0000720 seconds
107.965: Application time: 0.0324300 seconds
107.965: [GC [PSYoungGen: 19817K->2304K(20480K)] 34612K->21194K(66560K), 0.0016280 secs] [Times: user=0.01 sys=0.00, real=0.00 secs] 
107.967: Total time for which application threads were stopped: 0.0017680 seconds, Stopping threads took: 0.0000640 seconds
108.000: Application time: 0.0334150 seconds
108.000: [GC [PSYoungGen: 19863K->2304K(20480K)] 38753K->26314K(66560K), 0.0018940 secs] [Times: user=0.01 sys=0.00, real=0.00 secs] 
108.002: Total time for which application threads were stopped: 0.0020360 seconds, Stopping threads took: 0.0000740 seconds
108.033: Application time: 0.0308460 seconds
108.033: [GC [PSYoungGen: 19777K->2304K(20480K)] 43787K->30410K(66560K), 0.0016670 secs] [Times: user=0.01 sys=0.00, real=0.00 secs] 
108.035: Total time for which application threads were stopped: 0.0018120 seconds, Stopping threads took: 0.0000730 seconds
108.068: Application time: 0.0333070 seconds
108.068: [GC [PSYoungGen: 19794K->2304K(20480K)] 47900K->34506K(66560K), 0.0018130 secs] [Times: user=0.02 sys=0.00, real=0.00 secs] 
108.070: Total time for which application threads were stopped: 0.0019510 seconds, Stopping threads took: 0.0000690 seconds
108.098: Application time: 0.0279460 seconds
108.098: [GC [PSYoungGen: 19758K->2304K(20480K)] 51960K->39626K(66560K), 0.0019930 secs] [Times: user=0.01 sys=0.00, real=0.01 secs] 
108.100: Total time for which application threads were stopped: 0.0021470 seconds, Stopping threads took: 0.0000800 seconds
108.136: Application time: 0.0361900 seconds
108.136: [GC [PSYoungGen: 19807K->2320K(20480K)] 57130K->42714K(66560K), 0.0015870 secs] [Times: user=0.01 sys=0.00, real=0.00 secs] 
108.138: [Full GC [PSYoungGen: 2320K->0K(20480K)] [ParOldGen: 40394K->8755K(46080K)] 42714K->8755K(66560K) [PSPermGen: 5503K->5503K(21504K)], 0.0058240 secs] [Times: user=0.03 sys=0.00, real=0.01 secs] 
108.144: Total time for which application threads were stopped: 0.0076050 seconds, Stopping threads took: 0.0000790 seconds
108.172: Application time: 0.0278770 seconds
108.172: [GC [PSYoungGen: 17595K->2304K(20480K)] 26351K->15155K(66560K), 0.0017570 secs] [Times: user=0.01 sys=0.00, real=0.00 secs] 
108.174: Total time for which application threads were stopped: 0.0019060 seconds, Stopping threads took: 0.0000760 seconds
108.210: Application time: 0.0360170 seconds
108.210: [GC [PSYoungGen: 19962K->2400K(20480K)] 32813K->18323K(66560K), 0.0015580 secs] [Times: user=0.01 sys=0.00, real=0.01 secs] 
108.211: Total time for which application threads were stopped: 0.0016970 seconds, Stopping threads took: 0.0000670 seconds
108.241: Application time: 0.0292550 seconds
108.241: [GC [PSYoungGen: 20016K->2368K(20480K)] 35940K->21363K(66560K), 0.0014970 secs] [Times: user=0.01 sys=0.00, real=0.00 secs] 
108.242: Total time for which application threads were stopped: 0.0016390 seconds, Stopping threads took: 0.0000750 seconds
108.278: Application time: 0.0360850 seconds
108.279: [GC [PSYoungGen: 20193K->2496K(20480K)] 39189K->24563K(66560K), 0.0015680 secs] [Times: user=0.01 sys=0.00, real=0.00 secs] 
108.280: Total time for which application threads were stopped: 0.0017190 seconds, Stopping threads took: 0.0000840 seconds
108.308: Application time: 0.0276580 seconds
108.308: [GC [PSYoungGen: 20178K->2528K(20480K)] 42245K->28691K(66560K), 0.0018070 secs] [Times: user=0.02 sys=0.00, real=0.00 secs] 
108.310: Total time for which application threads were stopped: 0.0019560 seconds, Stopping threads took: 0.0000780 seconds
108.347: Application time: 0.0368670 seconds
108.347: [GC [PSYoungGen: 19882K->2528K(20480K)] 46046K->31763K(66560K), 0.0015830 secs] [Times: user=0.01 sys=0.00, real=0.00 secs] 
108.348: Total time for which application threads were stopped: 0.0017330 seconds, Stopping threads took: 0.0000760 seconds
108.376: Application time: 0.0271700 seconds
108.376: [GC [PSYoungGen: 20135K->2512K(20480K)] 49371K->34819K(66560K), 0.0015850 secs] [Times: user=0.01 sys=0.00, real=0.00 secs] 
108.377: Total time for which application threads were stopped: 0.0017490 seconds, Stopping threads took: 0.0000980 seconds
108.415: Application time: 0.0382240 seconds
108.416: [GC [PSYoungGen: 19784K->2528K(20480K)] 52092K->36884K(66560K), 0.0013290 secs] [Times: user=0.01 sys=0.00, real=0.00 secs] 
108.417: Total time for which application threads were stopped: 0.0014630 seconds, Stopping threads took: 0.0000570 seconds
108.445: Application time: 0.0277700 seconds
108.445: [GC [PSYoungGen: 20318K->2496K(20480K)] 54674K->39924K(66560K), 0.0015930 secs] [Times: user=0.01 sys=0.01, real=0.00 secs] 
108.446: Total time for which application threads were stopped: 0.0017550 seconds, Stopping threads took: 0.0000830 seconds
108.481: Application time: 0.0347080 seconds
108.481: [GC [PSYoungGen: 19517K->2496K(20480K)] 56945K->41972K(66560K), 0.0012680 secs] [Times: user=0.01 sys=0.00, real=0.00 secs] 
108.483: Total time for which application threads were stopped: 0.0014720 seconds, Stopping threads took: 0.0001380 seconds
108.511: Application time: 0.0282130 seconds
108.511: [GC [PSYoungGen: 19405K->2512K(20480K)] 58881K->46084K(66560K), 0.0017950 secs] [Times: user=0.02 sys=0.00, real=0.00 secs] 
108.513: [Full GC [PSYoungGen: 2512K->0K(20480K)] [ParOldGen: 43572K->9679K(46080K)] 46084K->9679K(66560K) [PSPermGen: 5503K->5503K(21504K)], 0.0063870 secs] [Times: user=0.02 sys=0.00, real=0.01 secs] 
108.519: Total time for which application threads were stopped: 0.0083670 seconds, Stopping threads took: 0.0000730 seconds
108.554: Application time: 0.0346100 seconds
108.554: [GC [PSYoungGen: 17920K->2304K(20480K)] 27599K->17103K(66560K), 0.0020100 secs] [Times: user=0.01 sys=0.00, real=0.00 secs] 
108.556: Total time for which application threads were stopped: 0.0021680 seconds, Stopping threads took: 0.0000840 seconds
108.586: Application time: 0.0298590 seconds
108.587: [GC [PSYoungGen: 19381K->2304K(20480K)] 34181K->21199K(66560K), 0.0017500 secs] [Times: user=0.01 sys=0.00, real=0.00 secs] 
108.588: Total time for which application threads were stopped: 0.0024590 seconds, Stopping threads took: 0.0006410 seconds
108.623: Application time: 0.0347750 seconds
108.623: [GC [PSYoungGen: 20224K->2304K(20480K)] 39119K->25295K(66560K), 0.0018140 secs] [Times: user=0.02 sys=0.00, real=0.00 secs] 
108.625: Total time for which application threads were stopped: 0.0019470 seconds, Stopping threads took: 0.0000640 seconds
108.656: Application time: 0.0305130 seconds
108.656: [GC [PSYoungGen: 19359K->2272K(20480K)] 42350K->28335K(66560K), 0.0013460 secs] [Times: user=0.01 sys=0.00, real=0.00 secs] 
108.657: Total time for which application threads were stopped: 0.0014780 seconds, Stopping threads took: 0.0000680 seconds
108.691: Application time: 0.0342520 seconds
108.691: [GC [PSYoungGen: 19187K->2304K(20480K)] 45251K->31439K(66560K), 0.0014370 secs] [Times: user=0.01 sys=0.00, real=0.00 secs] 
108.693: Total time for which application threads were stopped: 0.0015840 seconds, Stopping threads took: 0.0000790 seconds
108.721: Application time: 0.0281010 seconds
108.721: [GC [PSYoungGen: 19316K->2304K(20480K)] 48452K->35535K(66560K), 0.0018190 secs] [Times: user=0.01 sys=0.00, real=0.00 secs] 
108.723: Total time for which application threads were stopped: 0.0019560 seconds, Stopping threads took: 0.0000650 seconds
108.759: Application time: 0.0358770 seconds
108.759: [GC [PSYoungGen: 20222K->2304K(20480K)] 53454K->38607K(66560K), 0.0013710 secs] [Times: user=0.01 sys=0.00, real=0.00 secs] 
108.760: Total time for which application threads were stopped: 0.0015000 seconds, Stopping threads took: 0.0000630 seconds
108.790: Application time: 0.0295600 seconds
108.790: [GC [PSYoungGen: 19409K->2304K(20480K)] 55713K->42703K(66560K), 0.0017220 secs] [Times: user=0.01 sys=0.00, real=0.01 secs] 
108.792: Total time for which application threads were stopped: 0.0018640 seconds, Stopping threads took: 0.0000730 seconds
108.819: Application time: 0.0273060 seconds
108.819: [GC [PSYoungGen: 19654K->2304K(20480K)] 60054K->46800K(66560K), 0.0018290 secs] [Times: user=0.01 sys=0.00, real=0.00 secs] 
108.821: [Full GC [PSYoungGen: 2304K->0K(20480K)] [ParOldGen: 44496K->9673K(46080K)] 46800K->9673K(66560K) [PSPermGen: 5503K->5503K(21504K)], 0.0060900 secs] [Times: user=0.02 sys=0.00, real=0.00 secs] 
108.827: Total time for which application threads were stopped: 0.0081390 seconds, Stopping threads took: 0.0000950 seconds
108.865: Application time: 0.0379180 seconds
108.865: [GC [PSYoungGen: 17671K->2304K(20480K)] 27344K->16073K(66560K), 0.0017200 secs] [Times: user=0.01 sys=0.00, real=0.00 secs] 
108.867: Total time for which application threads were stopped: 0.0018710 seconds, Stopping threads took: 0.0000720 seconds
108.895: Application time: 0.0281900 seconds
108.895: [GC [PSYoungGen: 19808K->2304K(20480K)] 33577K->19145K(66560K), 0.0015640 secs] [Times: user=0.01 sys=0.00, real=0.00 secs] 
108.897: Total time for which application threads were stopped: 0.0017070 seconds, Stopping threads took: 0.0000780 seconds
108.934: Application time: 0.0371270 seconds
108.934: [GC [PSYoungGen: 20139K->2400K(20480K)] 36980K->23337K(66560K), 0.0017280 secs] [Times: user=0.02 sys=0.00, real=0.00 secs] 
108.936: Total time for which application threads were stopped: 0.0018770 seconds, Stopping threads took: 0.0000810 seconds
108.965: Application time: 0.0287440 seconds
108.965: [GC [PSYoungGen: 19953K->2320K(20480K)] 40891K->26329K(66560K), 0.0015130 secs] [Times: user=0.00 sys=0.00, real=0.00 secs] 
108.966: Total time for which application threads were stopped: 0.0016520 seconds, Stopping threads took: 0.0000740 seconds
109.001: Application time: 0.0341980 seconds
109.001: [GC [PSYoungGen: 20240K->2496K(20480K)] 44249K->30601K(66560K), 0.0018560 secs] [Times: user=0.01 sys=0.00, real=0.00 secs] 
109.003: Total time for which application threads were stopped: 0.0019920 seconds, Stopping threads took: 0.0000650 seconds
109.034: Application time: 0.0317380 seconds
109.034: [GC [PSYoungGen: 20069K->2496K(20480K)] 48175K->32649K(66560K), 0.0013160 secs] [Times: user=0.01 sys=0.00, real=0.00 secs] 
109.036: Total time for which application threads were stopped: 0.0014500 seconds, Stopping threads took: 0.0000670 seconds
109.069: Application time: 0.0336800 seconds
109.070: [GC [PSYoungGen: 19940K->2544K(20480K)] 50093K->35769K(66560K), 0.0015020 secs] [Times: user=0.01 sys=0.00, real=0.01 secs] 
109.071: Total time for which application threads were stopped: 0.0016470 seconds, Stopping threads took: 0.0000740 seconds
109.100: Application time: 0.0294070 seconds
109.101: [GC [PSYoungGen: 20030K->2496K(20480K)] 53256K->40841K(66560K), 0.0019860 secs] [Times: user=0.02 sys=0.00, real=0.00 secs] 
109.103: Total time for which application threads were stopped: 0.0021190 seconds, Stopping threads took: 0.0000640 seconds
109.138: Application time: 0.0357310 seconds
109.138: [GC [PSYoungGen: 20017K->2528K(20480K)] 58363K->43953K(66560K), 0.0015550 secs] [Times: user=0.01 sys=0.00, real=0.01 secs] 
109.140: [Full GC [PSYoungGen: 2528K->0K(20480K)] [ParOldGen: 41425K->8962K(46080K)] 43953K->8962K(66560K) [PSPermGen: 5503K->5503K(21504K)], 0.0059550 secs] [Times: user=0.03 sys=0.00, real=0.00 secs] 
109.146: Total time for which application threads were stopped: 0.0077250 seconds, Stopping threads took: 0.0000940 seconds
109.169: Application time: 0.0233830 seconds
109.170: [GC [PSYoungGen: 17428K->2304K(20480K)] 26391K->16387K(66560K), 0.0020470 secs] [Times: user=0.02 sys=0.00, real=0.01 secs] 
109.172: Total time for which application threads were stopped: 0.0022040 seconds, Stopping threads took: 0.0000850 seconds
109.212: Application time: 0.0404540 seconds
109.212: [GC [PSYoungGen: 19760K->2272K(20480K)] 33843K->19427K(66560K), 0.0015350 secs] [Times: user=0.01 sys=0.00, real=0.00 secs] 
109.214: Total time for which application threads were stopped: 0.0016750 seconds, Stopping threads took: 0.0000700 seconds
109.239: Application time: 0.0248930 seconds
109.239: [GC [PSYoungGen: 19876K->2304K(20480K)] 37031K->24579K(66560K), 0.0021170 secs] [Times: user=0.01 sys=0.00, real=0.00 secs] 
109.241: Total time for which application threads were stopped: 0.0022580 seconds, Stopping threads took: 0.0000690 seconds
109.280: Application time: 0.0395320 seconds
109.281: [GC [PSYoungGen: 19658K->2240K(20480K)] 41934K->26563K(66560K), 0.0012340 secs] [Times: user=0.01 sys=0.00, real=0.00 secs] 
109.282: Total time for which application threads were stopped: 0.0013870 seconds, Stopping threads took: 0.0000760 seconds
109.308: Application time: 0.0265960 seconds
109.309: [GC [PSYoungGen: 19952K->2320K(20480K)] 44275K->30739K(66560K), 0.0017630 secs] [Times: user=0.01 sys=0.00, real=0.00 secs] 
109.310: Total time for which application threads were stopped: 0.0019190 seconds, Stopping threads took: 0.0000850 seconds
109.346: Application time: 0.0361120 seconds
109.347: [GC [PSYoungGen: 19399K->2304K(20480K)] 47818K->32771K(66560K), 0.0012150 secs] [Times: user=0.01 sys=0.00, real=0.00 secs] 
109.348: Total time for which application threads were stopped: 0.0013470 seconds, Stopping threads took: 0.0000660 seconds
109.377: Application time: 0.0287410 seconds
109.377: [GC [PSYoungGen: 19235K->2272K(20480K)] 49702K->36835K(66560K), 0.0017140 secs] [Times: user=0.01 sys=0.00, real=0.00 secs] 
109.378: Total time for which application threads were stopped: 0.0018740 seconds, Stopping threads took: 0.0000800 seconds
109.413: Application time: 0.0344450 seconds
109.413: [GC [PSYoungGen: 20189K->2272K(20480K)] 54752K->39907K(66560K), 0.0016270 secs] [Times: user=0.01 sys=0.00, real=0.00 secs] 
109.415: Total time for which application threads were stopped: 0.0017640 seconds, Stopping threads took: 0.0000660 seconds
109.443: Application time: 0.0286330 seconds
109.443: [GC [PSYoungGen: 19274K->2304K(20480K)] 56909K->44035K(66560K), 0.0017080 secs] [Times: user=0.01 sys=0.00, real=0.00 secs] 
109.445: [Full GC [PSYoungGen: 2304K->0K(20480K)] [ParOldGen: 41731K->9691K(46080K)] 44035K->9691K(66560K) [PSPermGen: 5503K->5503K(21504K)], 0.0060610 secs] [Times: user=0.03 sys=0.00, real=0.01 secs] 
109.451: Total time for which application threads were stopped: 0.0079520 seconds, Stopping threads took: 0.0000650 seconds
109.487: Application time: 0.0356750 seconds
109.487: [GC [PSYoungGen: 16912K->2304K(20480K)] 26603K->15067K(66560K), 0.0014670 secs] [Times: user=0.01 sys=0.00, real=0.00 secs] 
109.489: Total time for which application threads were stopped: 0.0016090 seconds, Stopping threads took: 0.0000710 seconds
109.516: Application time: 0.0274330 seconds
109.516: [GC [PSYoungGen: 19308K->2304K(20480K)] 32072K->19163K(66560K), 0.0016970 secs] [Times: user=0.01 sys=0.00, real=0.00 secs] 
109.518: Total time for which application threads were stopped: 0.0018290 seconds, Stopping threads took: 0.0000600 seconds
109.553: Application time: 0.0355430 seconds
109.553: [GC [PSYoungGen: 20224K->2304K(20480K)] 37083K->22235K(66560K), 0.0014960 secs] [Times: user=0.01 sys=0.00, real=0.00 secs] 
109.555: Total time for which application threads were stopped: 0.0016260 seconds, Stopping threads took: 0.0000630 seconds
109.584: Application time: 0.0287640 seconds
109.584: [GC [PSYoungGen: 19464K->2304K(20480K)] 39396K->25307K(66560K), 0.0014690 secs] [Times: user=0.01 sys=0.00, real=0.00 secs] 
109.585: Total time for which application threads were stopped: 0.0016190 seconds, Stopping threads took: 0.0000820 seconds
109.621: Application time: 0.0352710 seconds
109.621: [GC [PSYoungGen: 20190K->2336K(20480K)] 43194K->28411K(66560K), 0.0014990 secs] [Times: user=0.01 sys=0.00, real=0.00 secs] 
109.622: Total time for which application threads were stopped: 0.0016280 seconds, Stopping threads took: 0.0000610 seconds
109.653: Application time: 0.0306150 seconds
109.653: [GC [PSYoungGen: 19724K->2320K(20480K)] 45799K->30443K(66560K), 0.0012890 secs] [Times: user=0.01 sys=0.00, real=0.00 secs] 
109.654: Total time for which application threads were stopped: 0.0014360 seconds, Stopping threads took: 0.0000800 seconds
109.687: Application time: 0.0322080 seconds
109.687: [GC [PSYoungGen: 20234K->2448K(20480K)] 48357K->33643K(66560K), 0.0014750 secs] [Times: user=0.01 sys=0.00, real=0.00 secs] 
109.688: Total time for which application threads were stopped: 0.0016050 seconds, Stopping threads took: 0.0000640 seconds
109.718: Application time: 0.0298860 seconds
109.718: [GC [PSYoungGen: 19885K->2528K(20480K)] 51081K->37819K(66560K), 0.0018940 secs] [Times: user=0.02 sys=0.00, real=0.01 secs] 
109.720: Total time for which application threads were stopped: 0.0020480 seconds, Stopping threads took: 0.0000830 seconds
109.756: Application time: 0.0363240 seconds
109.757: [GC [PSYoungGen: 20384K->2528K(20480K)] 55676K->39875K(66560K), 0.0012400 secs] [Times: user=0.00 sys=0.00, real=0.00 secs] 
109.758: Total time for which application threads were stopped: 0.0013740 seconds, Stopping threads took: 0.0000690 seconds
109.787: Application time: 0.0296680 seconds
109.788: [GC [PSYoungGen: 19727K->2528K(20480K)] 57074K->43971K(66560K), 0.0018980 secs] [Times: user=0.01 sys=0.00, real=0.00 secs] 
109.790: [Full GC [PSYoungGen: 2528K->0K(20480K)] [ParOldGen: 41443K->9692K(46080K)] 43971K->9692K(66560K) [PSPermGen: 5503K->5503K(21504K)], 0.0063980 secs] [Times: user=0.03 sys=0.00, real=0.01 secs] 
109.796: Total time for which application threads were stopped: 0.0085090 seconds, Stopping threads took: 0.0000920 seconds
109.828: Application time: 0.0321540 seconds
109.828: [GC [PSYoungGen: 17522K->2304K(20480K)] 27214K->15068K(66560K), 0.0014210 secs] [Times: user=0.01 sys=0.00, real=0.00 secs] 
109.830: Total time for which application threads were stopped: 0.0015770 seconds, Stopping threads took: 0.0000900 seconds
109.863: Application time: 0.0332100 seconds
109.863: [GC [PSYoungGen: 19808K->2304K(20480K)] 32572K->19164K(66560K), 0.0017730 secs] [Times: user=0.02 sys=0.00, real=0.00 secs] 
109.865: Total time for which application threads were stopped: 0.0019110 seconds, Stopping threads took: 0.0000720 seconds
109.893: Application time: 0.0278870 seconds
109.893: [GC [PSYoungGen: 19670K->2304K(20480K)] 36530K->23260K(66560K), 0.0017850 secs] [Times: user=0.01 sys=0.00, real=0.00 secs] 
109.895: Total time for which application threads were stopped: 0.0019460 seconds, Stopping threads took: 0.0000800 seconds
109.932: Application time: 0.0372750 seconds
109.932: [GC [PSYoungGen: 19963K->2272K(20480K)] 40919K->26300K(66560K), 0.0014930 secs] [Times: user=0.01 sys=0.00, real=0.00 secs] 
109.934: Total time for which application threads were stopped: 0.0016360 seconds, Stopping threads took: 0.0000780 seconds
109.961: Application time: 0.0277490 seconds
109.961: [GC [PSYoungGen: 19655K->2304K(20480K)] 43683K->30428K(66560K), 0.0017670 secs] [Times: user=0.01 sys=0.00, real=0.00 secs] 
109.963: Total time for which application threads were stopped: 0.0019270 seconds, Stopping threads took: 0.0000890 seconds
110.001: Application time: 0.0381860 seconds
110.002: [GC [PSYoungGen: 19947K->2272K(20480K)] 48072K->33468K(66560K), 0.0014330 secs] [Times: user=0.01 sys=0.00, real=0.00 secs] 
110.003: Total time for which application threads were stopped: 0.0015770 seconds, Stopping threads took: 0.0000780 seconds
110.030: Application time: 0.0267040 seconds
110.031: [GC [PSYoungGen: 19643K->2304K(20480K)] 50840K->36572K(66560K), 0.0015000 secs] [Times: user=0.01 sys=0.00, real=0.00 secs] 
110.032: Total time for which application threads were stopped: 0.0023580 seconds, Stopping threads took: 0.0007910 seconds
110.067: Application time: 0.0344900 seconds
110.067: [GC [PSYoungGen: 19711K->2240K(20480K)] 53979K->40604K(66560K), 0.0018800 secs] [Times: user=0.01 sys=0.00, real=0.00 secs] 
110.069: Total time for which application threads were stopped: 0.0020410 seconds, Stopping threads took: 0.0000930 seconds
110.100: Application time: 0.0317760 seconds
110.100: [GC [PSYoungGen: 19941K->2272K(20480K)] 58306K->42684K(66560K), 0.0012200 secs] [Times: user=0.01 sys=0.00, real=0.00 secs] 
110.102: Total time for which application threads were stopped: 0.0013540 seconds, Stopping threads took: 0.0000710 seconds
110.136: Application time: 0.0340760 seconds
110.136: [GC [PSYoungGen: 19571K->2304K(20480K)] 59984K->45788K(66560K), 0.0014640 secs] [Times: user=0.01 sys=0.00, real=0.00 secs] 
110.137: [Full GC [PSYoungGen: 2304K->0K(20480K)] [ParOldGen: 43484K->8961K(46080K)] 45788K->8961K(66560K) [PSPermGen: 5503K->5503K(21504K)], 0.0058350 secs] [Times: user=0.02 sys=0.00, real=0.01 secs] 
110.143: Total time for which application threads were stopped: 0.0074980 seconds, Stopping threads took: 0.0000760 seconds
110.172: Application time: 0.0288270 seconds
110.172: [GC [PSYoungGen: 17659K->2304K(20480K)] 26621K->16386K(66560K), 0.0019410 secs] [Times: user=0.02 sys=0.00, real=0.00 secs] 
110.174: Total time for which application threads were stopped: 0.0020890 seconds, Stopping threads took: 0.0000790 seconds
110.210: Application time: 0.0354900 seconds
110.210: [GC [PSYoungGen: 19578K->2304K(20480K)] 33660K->18434K(66560K), 0.0012580 secs] [Times: user=0.01 sys=0.00, real=0.01 secs] 
110.211: Total time for which application threads were stopped: 0.0014040 seconds, Stopping threads took: 0.0000670 seconds
110.238: Application time: 0.0266340 seconds
110.238: [GC [PSYoungGen: 20026K->2272K(20480K)] 36156K->23522K(66560K), 0.0020100 secs] [Times: user=0.01 sys=0.00, real=0.01 secs] 
110.240: Total time for which application threads were stopped: 0.0021520 seconds, Stopping threads took: 0.0000700 seconds
110.278: Application time: 0.0382630 seconds
110.278: [GC [PSYoungGen: 19572K->2304K(20480K)] 40822K->25602K(66560K), 0.0012590 secs] [Times: user=0.01 sys=0.00, real=0.01 secs] 
110.280: Total time for which application threads were stopped: 0.0013940 seconds, Stopping threads took: 0.0000660 seconds
110.305: Application time: 0.0257850 seconds
110.306: [GC [PSYoungGen: 20123K->2304K(20480K)] 43422K->29698K(66560K), 0.0017860 secs] [Times: user=0.01 sys=0.00, real=0.00 secs] 
110.307: Total time for which application threads were stopped: 0.0019430 seconds, Stopping threads took: 0.0000880 seconds
110.346: Application time: 0.0388100 seconds
110.346: [GC [PSYoungGen: 19655K->2368K(20480K)] 47049K->32834K(66560K), 0.0015200 secs] [Times: user=0.01 sys=0.00, real=0.00 secs] 
110.348: Total time for which application threads were stopped: 0.0016710 seconds, Stopping threads took: 0.0000810 seconds
110.375: Application time: 0.0269900 seconds
110.375: [GC [PSYoungGen: 20182K->2336K(20480K)] 50648K->36898K(66560K), 0.0018980 secs] [Times: user=0.01 sys=0.00, real=0.00 secs] 
110.377: Total time for which application threads were stopped: 0.0020800 seconds, Stopping threads took: 0.0001080 seconds
110.416: Application time: 0.0394350 seconds
110.416: [GC [PSYoungGen: 19922K->2480K(20480K)] 54484K->40114K(66560K), 0.0014730 secs] [Times: user=0.01 sys=0.00, real=0.00 secs] 
110.418: Total time for which application threads were stopped: 0.0016200 seconds, Stopping threads took: 0.0000650 seconds
110.444: Application time: 0.0262690 seconds
110.444: [GC [PSYoungGen: 19455K->2528K(20480K)] 57089K->42210K(66560K), 0.0013160 secs] [Times: user=0.00 sys=0.00, real=0.00 secs] 
110.446: Total time for which application threads were stopped: 0.0014600 seconds, Stopping threads took: 0.0000780 seconds
110.480: Application time: 0.0340770 seconds
110.480: [GC [PSYoungGen: 20448K->2528K(20480K)] 60130K->45282K(66560K), 0.0015030 secs] [Times: user=0.01 sys=0.00, real=0.00 secs] 
110.481: [Full GC [PSYoungGen: 2528K->0K(20480K)] [ParOldGen: 42754K->8963K(46080K)] 45282K->8963K(66560K) [PSPermGen: 5503K->5503K(21504K)], 0.0059920 secs] [Times: user=0.02 sys=0.00, real=0.00 secs] 
110.487: Total time for which application threads were stopped: 0.0077020 seconds, Stopping threads took: 0.0000920 seconds
110.517: Application time: 0.0295700 seconds
110.517: [GC [PSYoungGen: 17014K->2304K(20480K)] 25977K->15363K(66560K), 0.0017490 secs] [Times: user=0.01 sys=0.00, real=0.01 secs] 
110.519: Total time for which application threads were stopped: 0.0018860 seconds, Stopping threads took: 0.0000660 seconds
110.553: Application time: 0.0342950 seconds
110.553: [GC [PSYoungGen: 20222K->2304K(20480K)] 33281K->18435K(66560K), 0.0014610 secs] [Times: user=0.01 sys=0.00, real=0.00 secs] 
110.555: Total time for which application threads were stopped: 0.0016000 seconds, Stopping threads took: 0.0000710 seconds
110.587: Application time: 0.0320480 seconds
110.587: [GC [PSYoungGen: 19474K->2272K(20480K)] 35605K->22499K(66560K), 0.0017040 secs] [Times: user=0.01 sys=0.00, real=0.00 secs] 
110.589: Total time for which application threads were stopped: 0.0018430 seconds, Stopping threads took: 0.0000700 seconds
110.620: Application time: 0.0310360 seconds
110.620: [GC [PSYoungGen: 19954K->2304K(20480K)] 40181K->25603K(66560K), 0.0015470 secs] [Times: user=0.01 sys=0.00, real=0.00 secs] 
110.621: Total time for which application threads were stopped: 0.0016820 seconds, Stopping threads took: 0.0000640 seconds
110.652: Application time: 0.0303370 seconds
110.652: [GC [PSYoungGen: 19493K->2272K(20480K)] 42793K->29667K(66560K), 0.0016800 secs] [Times: user=0.01 sys=0.00, real=0.00 secs] 
110.654: Total time for which application threads were stopped: 0.0018400 seconds, Stopping threads took: 0.0000860 seconds
110.688: Application time: 0.0340360 seconds
110.688: [GC [PSYoungGen: 20068K->2304K(20480K)] 47464K->32771K(66560K), 0.0015010 secs] [Times: user=0.01 sys=0.00, real=0.00 secs] 
110.689: Total time for which application threads were stopped: 0.0016500 seconds, Stopping threads took: 0.0000820 seconds
110.719: Application time: 0.0293420 seconds
110.719: [GC [PSYoungGen: 19511K->2304K(20480K)] 49979K->36867K(66560K), 0.0018300 secs] [Times: user=0.01 sys=0.00, real=0.00 secs] 
110.721: Total time for which application threads were stopped: 0.0020830 seconds, Stopping threads took: 0.0001820 seconds
110.756: Application time: 0.0354190 seconds
110.756: [GC [PSYoungGen: 20031K->2304K(20480K)] 54594K->39939K(66560K), 0.0014180 secs] [Times: user=0.01 sys=0.00, real=0.00 secs] 
110.758: Total time for which application threads were stopped: 0.0015470 seconds, Stopping threads took: 0.0000590 seconds
110.788: Application time: 0.0306740 seconds
110.789: [GC [PSYoungGen: 19640K->2240K(20480K)] 57276K->42947K(66560K), 0.0017200 secs] [Times: user=0.01 sys=0.00, real=0.00 secs] 
110.790: Total time for which application threads were stopped: 0.0018960 seconds, Stopping threads took: 0.0001100 seconds
110.823: Application time: 0.0327950 seconds
110.823: [GC [PSYoungGen: 19811K->2304K(20480K)] 60519K->46083K(66560K), 0.0014330 secs] [Times: user=0.01 sys=0.00, real=0.00 secs] 
110.825: [Full GC [PSYoungGen: 2304K->0K(20480K)] [ParOldGen: 43779K->8944K(46080K)] 46083K->8944K(66560K) [PSPermGen: 5503K->5503K(21504K)], 0.0060470 secs] [Times: user=0.03 sys=0.00, real=0.01 secs] 
110.831: Total time for which application threads were stopped: 0.0076590 seconds, Stopping threads took: 0.0000670 seconds
110.864: Application time: 0.0333440 seconds
110.864: [GC [PSYoungGen: 17497K->2304K(20480K)] 26442K->15344K(66560K), 0.0017820 secs] [Times: user=0.01 sys=0.00, real=0.00 secs] 
110.866: Total time for which application threads were stopped: 0.0020070 seconds, Stopping threads took: 0.0001580 seconds
110.898: Application time: 0.0314940 seconds
110.898: [GC [PSYoungGen: 19823K->2304K(20480K)] 32863K->18416K(66560K), 0.0013930 secs] [Times: user=0.00 sys=0.00, real=0.01 secs] 
110.899: Total time for which application threads were stopped: 0.0015400 seconds, Stopping threads took: 0.0000830 seconds
110.934: Application time: 0.0349080 seconds
110.934: [GC [PSYoungGen: 19895K->2304K(20480K)] 36007K->21488K(66560K), 0.0014870 secs] [Times: user=0.01 sys=0.00, real=0.00 secs] 
110.936: Total time for which application threads were stopped: 0.0016490 seconds, Stopping threads took: 0.0000840 seconds
110.963: Application time: 0.0268220 seconds
110.963: [GC [PSYoungGen: 19532K->2304K(20480K)] 38717K->25584K(66560K), 0.0017780 secs] [Times: user=0.01 sys=0.00, real=0.00 secs] 
110.964: Total time for which application threads were stopped: 0.0019280 seconds, Stopping threads took: 0.0000750 seconds
111.003: Application time: 0.0386950 seconds
111.003: [GC [PSYoungGen: 20068K->2272K(20480K)] 43349K->28624K(66560K), 0.0015010 secs] [Times: user=0.01 sys=0.00, real=0.00 secs] 
111.005: Total time for which application threads were stopped: 0.0016310 seconds, Stopping threads took: 0.0000650 seconds
111.030: Application time: 0.0255630 seconds
111.030: [GC [PSYoungGen: 19638K->2304K(20480K)] 45990K->32752K(66560K), 0.0017810 secs] [Times: user=0.01 sys=0.00, real=0.00 secs] 
111.032: Total time for which application threads were stopped: 0.0019450 seconds, Stopping threads took: 0.0000920 seconds
111.071: Application time: 0.0390440 seconds
111.071: [GC [PSYoungGen: 20224K->2352K(20480K)] 50672K->36897K(66560K), 0.0017350 secs] [Times: user=0.01 sys=0.00, real=0.00 secs] 
111.073: Total time for which application threads were stopped: 0.0018780 seconds, Stopping threads took: 0.0000710 seconds
111.100: Application time: 0.0268580 seconds
111.100: [GC [PSYoungGen: 19807K->2400K(20480K)] 54352K->40017K(66560K), 0.0014980 secs] [Times: user=0.01 sys=0.00, real=0.00 secs] 
111.102: Total time for which application threads were stopped: 0.0016340 seconds, Stopping threads took: 0.0000690 seconds
111.138: Application time: 0.0359770 seconds
111.138: [GC [PSYoungGen: 20257K->2544K(20480K)] 57874K->43233K(66560K), 0.0015470 secs] [Times: user=0.01 sys=0.00, real=0.01 secs] 
111.139: Total time for which application threads were stopped: 0.0016790 seconds, Stopping threads took: 0.0000640 seconds
111.168: Application time: 0.0288210 seconds
111.168: [GC [PSYoungGen: 20134K->2496K(20480K)] 60824K->47281K(66560K), 0.0017900 secs] [Times: user=0.01 sys=0.00, real=0.00 secs] 
111.170: [Full GC [PSYoungGen: 2496K->0K(20480K)] [ParOldGen: 44785K->9675K(46080K)] 47281K->9675K(66560K) [PSPermGen: 5503K->5503K(21504K)], 0.0064170 secs] [Times: user=0.02 sys=0.00, real=0.01 secs] 
111.177: Total time for which application threads were stopped: 0.0083940 seconds, Stopping threads took: 0.0000710 seconds
111.212: Application time: 0.0354510 seconds
111.212: [GC [PSYoungGen: 17300K->2304K(20480K)] 26975K->14027K(66560K), 0.0011520 secs] [Times: user=0.01 sys=0.00, real=0.00 secs] 
111.213: Total time for which application threads were stopped: 0.0012890 seconds, Stopping threads took: 0.0000690 seconds
111.244: Application time: 0.0303510 seconds
111.244: [GC [PSYoungGen: 20046K->2304K(20480K)] 31769K->18123K(66560K), 0.0016130 secs] [Times: user=0.01 sys=0.00, real=0.00 secs] 
111.245: Total time for which application threads were stopped: 0.0017460 seconds, Stopping threads took: 0.0000650 seconds
111.278: Application time: 0.0323720 seconds
111.278: [GC [PSYoungGen: 19404K->2304K(20480K)] 35224K->19147K(66560K), 0.0010260 secs] [Times: user=0.01 sys=0.00, real=0.01 secs] 
111.279: Total time for which application threads were stopped: 0.0011610 seconds, Stopping threads took: 0.0000710 seconds
111.307: Application time: 0.0279700 seconds
111.307: [GC [PSYoungGen: 20137K->2304K(20480K)] 36980K->24267K(66560K), 0.0020090 secs] [Times: user=0.02 sys=0.00, real=0.00 secs] 
111.309: Total time for which application threads were stopped: 0.0021460 seconds, Stopping threads took: 0.0000670 seconds
111.347: Application time: 0.0381920 seconds
111.347: [GC [PSYoungGen: 19538K->2304K(20480K)] 41501K->25291K(66560K), 0.0009460 secs] [Times: user=0.01 sys=0.00, real=0.00 secs] 
111.348: Total time for which application threads were stopped: 0.0010820 seconds, Stopping threads took: 0.0000720 seconds
111.374: Application time: 0.0257610 seconds
111.374: [GC [PSYoungGen: 20064K->2272K(20480K)] 43051K->29355K(66560K), 0.0017460 secs] [Times: user=0.01 sys=0.00, real=0.00 secs] 
111.376: Total time for which application threads were stopped: 0.0019670 seconds, Stopping threads took: 0.0001490 seconds
111.415: Application time: 0.0389580 seconds
111.415: [GC [PSYoungGen: 19456K->2304K(20480K)] 46540K->32459K(66560K), 0.0014610 secs] [Times: user=0.01 sys=0.00, real=0.00 secs] 
111.417: Total time for which application threads were stopped: 0.0016170 seconds, Stopping threads took: 0.0000890 seconds
111.444: Application time: 0.0274200 seconds
111.447: [GC [PSYoungGen: 20181K->2304K(20480K)] 50337K->35531K(66560K), 0.0014310 secs] [Times: user=0.00 sys=0.01, real=0.00 secs] 
111.448: Total time for which application threads were stopped: 0.0039170 seconds, Stopping threads took: 0.0024040 seconds
111.483: Application time: 0.0348640 seconds
111.487: [GC [PSYoungGen: 19243K->2304K(20480K)] 52471K->38603K(66560K), 0.0015010 secs] [Times: user=0.01 sys=0.00, real=0.00 secs] 
111.488: Total time for which application threads were stopped: 0.0052310 seconds, Stopping threads took: 0.0036610 seconds
111.517: Application time: 0.0289070 seconds
111.517: [GC [PSYoungGen: 19318K->2304K(20480K)] 55618K->41675K(66560K), 0.0015700 secs] [Times: user=0.01 sys=0.00, real=0.01 secs] 
111.519: Total time for which application threads were stopped: 0.0017650 seconds, Stopping threads took: 0.0001260 seconds
111.555: Application time: 0.0360520 seconds
111.555: [GC [PSYoungGen: 20224K->2304K(20480K)] 59595K->44747K(66560K), 0.0014570 secs] [Times: user=0.01 sys=0.00, real=0.00 secs] 
111.556: [Full GC [PSYoungGen: 2304K->0K(20480K)] [ParOldGen: 42443K->8963K(46080K)] 44747K->8963K(66560K) [PSPermGen: 5503K->5503K(21504K)], 0.0058730 secs] [Times: user=0.03 sys=0.00, real=0.01 secs] 
111.562: Total time for which application threads were stopped: 0.0075260 seconds, Stopping threads took: 0.0000820 seconds
111.591: Application time: 0.0284900 seconds
111.591: [GC [PSYoungGen: 17081K->2304K(20480K)] 26044K->15363K(66560K), 0.0017890 secs] [Times: user=0.02 sys=0.00, real=0.00 secs] 
111.593: Total time for which application threads were stopped: 0.0019210 seconds, Stopping threads took: 0.0000600 seconds
111.628: Application time: 0.0352270 seconds
111.628: [GC [PSYoungGen: 20175K->2304K(20480K)] 33234K->19459K(66560K), 0.0018010 secs] [Times: user=0.01 sys=0.00, real=0.00 secs] 
111.630: Total time for which application threads were stopped: 0.0019380 seconds, Stopping threads took: 0.0000650 seconds
111.660: Application time: 0.0296410 seconds
111.660: [GC [PSYoungGen: 19425K->2304K(20480K)] 36580K->23555K(66560K), 0.0016500 secs] [Times: user=0.01 sys=0.00, real=0.00 secs] 
111.661: Total time for which application threads were stopped: 0.0017930 seconds, Stopping threads took: 0.0000750 seconds
111.696: Application time: 0.0340990 seconds
111.696: [GC [PSYoungGen: 20097K->2304K(20480K)] 41348K->26627K(66560K), 0.0014150 secs] [Times: user=0.01 sys=0.00, real=0.00 secs] 
111.697: Total time for which application threads were stopped: 0.0015480 seconds, Stopping threads took: 0.0000660 seconds
111.725: Application time: 0.0280830 seconds
111.725: [GC [PSYoungGen: 19543K->2320K(20480K)] 43867K->30739K(66560K), 0.0017800 secs] [Times: user=0.02 sys=0.00, real=0.00 secs] 
111.727: Total time for which application threads were stopped: 0.0019320 seconds, Stopping threads took: 0.0000820 seconds
111.758: Application time: 0.0308960 seconds
111.758: [GC [PSYoungGen: 19858K->2304K(20480K)] 48277K->33795K(66560K), 0.0015670 secs] [Times: user=0.01 sys=0.00, real=0.01 secs] 
111.760: Total time for which application threads were stopped: 0.0017050 seconds, Stopping threads took: 0.0000660 seconds
111.795: Application time: 0.0355290 seconds
111.795: [GC [PSYoungGen: 20110K->2400K(20480K)] 51601K->37987K(66560K), 0.0017600 secs] [Times: user=0.02 sys=0.00, real=0.00 secs] 
111.797: Total time for which application threads were stopped: 0.0019100 seconds, Stopping threads took: 0.0000820 seconds
111.828: Application time: 0.0307390 seconds
111.828: [GC [PSYoungGen: 20193K->2448K(20480K)] 55780K->40083K(66560K), 0.0012700 secs] [Times: user=0.01 sys=0.00, real=0.00 secs] 
111.829: Total time for which application threads were stopped: 0.0014060 seconds, Stopping threads took: 0.0000720 seconds
111.863: Application time: 0.0334890 seconds
111.867: [GC [PSYoungGen: 20202K->2528K(20480K)] 57838K->44259K(66560K), 0.0019170 secs] [Times: user=0.01 sys=0.00, real=0.00 secs] 
111.869: [Full GC [PSYoungGen: 2528K->0K(20480K)] [ParOldGen: 41731K->9680K(46080K)] 44259K->9680K(66560K) [PSPermGen: 5503K->5503K(21504K)], 0.0062720 secs] [Times: user=0.03 sys=0.00, real=0.01 secs] 
111.875: Total time for which application threads were stopped: 0.0120520 seconds, Stopping threads took: 0.0037490 seconds
111.906: Application time: 0.0313220 seconds
111.906: [GC [PSYoungGen: 17451K->2304K(20480K)] 27131K->14032K(66560K), 0.0011750 secs] [Times: user=0.00 sys=0.00, real=0.00 secs] 
111.907: Total time for which application threads were stopped: 0.0013340 seconds, Stopping threads took: 0.0000940 seconds
111.943: Application time: 0.0350680 seconds
111.943: [GC [PSYoungGen: 19912K->2304K(20480K)] 31640K->17104K(66560K), 0.0014320 secs] [Times: user=0.01 sys=0.00, real=0.00 secs] 
111.944: Total time for which application threads were stopped: 0.0015930 seconds, Stopping threads took: 0.0000920 seconds
111.975: Application time: 0.0304670 seconds
111.975: [GC [PSYoungGen: 19756K->2304K(20480K)] 34556K->19152K(66560K), 0.0011770 secs] [Times: user=0.00 sys=0.00, real=0.00 secs] 
111.976: Total time for which application threads were stopped: 0.0013140 seconds, Stopping threads took: 0.0000640 seconds
112.010: Application time: 0.0339520 seconds
112.010: [GC [PSYoungGen: 19778K->2304K(20480K)] 36627K->21200K(66560K), 0.0012160 secs] [Times: user=0.01 sys=0.00, real=0.01 secs] 
112.011: Total time for which application threads were stopped: 0.0013630 seconds, Stopping threads took: 0.0000770 seconds
112.043: Application time: 0.0321690 seconds
112.044: [GC [PSYoungGen: 19894K->2304K(20480K)] 38790K->22224K(66560K), 0.0009310 secs] [Times: user=0.00 sys=0.00, real=0.00 secs] 
112.044: Total time for which application threads were stopped: 0.0010660 seconds, Stopping threads took: 0.0000700 seconds
112.078: Application time: 0.0338680 seconds
112.078: [GC [PSYoungGen: 19771K->2304K(20480K)] 39691K->23248K(66560K), 0.0009430 secs] [Times: user=0.01 sys=0.00, real=0.00 secs] 
112.079: Total time for which application threads were stopped: 0.0010850 seconds, Stopping threads took: 0.0000700 seconds
112.108: Application time: 0.0290450 seconds
112.109: [GC [PSYoungGen: 19727K->2304K(20480K)] 40671K->27344K(66560K), 0.0016360 secs] [Times: user=0.01 sys=0.00, real=0.00 secs] 
112.110: Total time for which application threads were stopped: 0.0017620 seconds, Stopping threads took: 0.0000550 seconds
112.147: Application time: 0.0363580 seconds
112.147: [GC [PSYoungGen: 19874K->2304K(20480K)] 44915K->27344K(66560K), 0.0007570 secs] [Times: user=0.00 sys=0.00, real=0.00 secs] 
112.148: Total time for which application threads were stopped: 0.0009000 seconds, Stopping threads took: 0.0000780 seconds
112.171: Application time: 0.0239680 seconds
112.175: [GC [PSYoungGen: 19601K->2304K(20480K)] 44642K->31440K(66560K), 0.0017860 secs] [Times: user=0.02 sys=0.00, real=0.00 secs] 
112.176: Total time for which application threads were stopped: 0.0048990 seconds, Stopping threads took: 0.0030440 seconds
112.218: Application time: 0.0419580 seconds
112.218: [GC [PSYoungGen: 20030K->2240K(20480K)] 49167K->31376K(66560K), 0.0007310 secs] [Times: user=0.00 sys=0.00, real=0.01 secs] 
112.219: Total time for which application threads were stopped: 0.0008620 seconds, Stopping threads took: 0.0000630 seconds
112.243: Application time: 0.0235810 seconds
112.243: [GC [PSYoungGen: 19542K->2304K(20480K)] 48678K->35536K(66560K), 0.0017330 secs] [Times: user=0.01 sys=0.00, real=0.00 secs] 
112.245: Total time for which application threads were stopped: 0.0018670 seconds, Stopping threads took: 0.0000660 seconds
112.284: Application time: 0.0395040 seconds
112.284: [GC [PSYoungGen: 19784K->2272K(20480K)] 53017K->37552K(66560K), 0.0011850 secs] [Times: user=0.01 sys=0.00, real=0.00 secs] 
112.285: Total time for which application threads were stopped: 0.0013160 seconds, Stopping threads took: 0.0000630 seconds
112.310: Application time: 0.0248230 seconds
112.310: [GC [PSYoungGen: 19784K->2304K(20480K)] 55065K->41680K(66560K), 0.0017120 secs] [Times: user=0.01 sys=0.01, real=0.01 secs] 
112.312: Total time for which application threads were stopped: 0.0018590 seconds, Stopping threads took: 0.0000770 seconds
112.346: Application time: 0.0341310 seconds
112.346: [GC [PSYoungGen: 20224K->2240K(20480K)] 59600K->44688K(66560K), 0.0015780 secs] [Times: user=0.00 sys=0.00, real=0.00 secs] 
112.348: [Full GC [PSYoungGen: 2240K->0K(20480K)] [ParOldGen: 42448K->8955K(46080K)] 44688K->8955K(66560K) [PSPermGen: 5503K->5503K(21504K)], 0.0057390 secs] [Times: user=0.03 sys=0.00, real=0.01 secs] 
112.354: Total time for which application threads were stopped: 0.0074970 seconds, Stopping threads took: 0.0000540 seconds
112.386: Application time: 0.0319560 seconds
112.386: [GC [PSYoungGen: 17144K->2304K(20480K)] 26099K->15355K(66560K), 0.0016830 secs] [Times: user=0.01 sys=0.00, real=0.00 secs] 
112.388: Total time for which application threads were stopped: 0.0018220 seconds, Stopping threads took: 0.0000730 seconds
112.422: Application time: 0.0341180 seconds
112.422: [GC [PSYoungGen: 20212K->2304K(20480K)] 33264K->19451K(66560K), 0.0017950 secs] [Times: user=0.02 sys=0.00, real=0.00 secs] 
112.424: Total time for which application threads were stopped: 0.0019280 seconds, Stopping threads took: 0.0000620 seconds
112.451: Application time: 0.0276850 seconds
112.451: [GC [PSYoungGen: 19491K->2336K(20480K)] 36639K->24603K(66560K), 0.0019700 secs] [Times: user=0.01 sys=0.00, real=0.00 secs] 
112.453: Total time for which application threads were stopped: 0.0021220 seconds, Stopping threads took: 0.0000800 seconds
112.490: Application time: 0.0366450 seconds
112.490: [GC [PSYoungGen: 19287K->2336K(20480K)] 41555K->28699K(66560K), 0.0017250 secs] [Times: user=0.01 sys=0.00, real=0.01 secs] 
112.492: Total time for which application threads were stopped: 0.0018650 seconds, Stopping threads took: 0.0000600 seconds
112.517: Application time: 0.0255220 seconds
112.518: [GC [PSYoungGen: 19583K->2368K(20480K)] 45947K->33851K(66560K), 0.0021380 secs] [Times: user=0.02 sys=0.00, real=0.01 secs] 
112.520: Total time for which application threads were stopped: 0.0022900 seconds, Stopping threads took: 0.0000830 seconds
112.552: Application time: 0.0322780 seconds
112.552: [GC [PSYoungGen: 19290K->2464K(20480K)] 50774K->38044K(66560K), 0.0018560 secs] [Times: user=0.02 sys=0.00, real=0.00 secs] 
112.554: Total time for which application threads were stopped: 0.0020060 seconds, Stopping threads took: 0.0000810 seconds
112.587: Application time: 0.0332730 seconds
112.587: [GC [PSYoungGen: 20115K->2480K(20480K)] 55695K->42156K(66560K), 0.0018640 secs] [Times: user=0.01 sys=0.00, real=0.00 secs] 
112.589: [Full GC [PSYoungGen: 2480K->0K(20480K)] [ParOldGen: 39676K->9677K(46080K)] 42156K->9677K(66560K) [PSPermGen: 5503K->5503K(21504K)], 0.0059430 secs] [Times: user=0.03 sys=0.00, real=0.01 secs] 
112.595: Total time for which application threads were stopped: 0.0079940 seconds, Stopping threads took: 0.0000710 seconds
112.628: Application time: 0.0323700 seconds
112.628: [GC [PSYoungGen: 17590K->2304K(20480K)] 27268K->15053K(66560K), 0.0015040 secs] [Times: user=0.01 sys=0.00, real=0.00 secs] 
112.629: Total time for which application threads were stopped: 0.0016450 seconds, Stopping threads took: 0.0000730 seconds
112.662: Application time: 0.0330020 seconds
112.662: [GC [PSYoungGen: 19752K->2304K(20480K)] 32502K->19149K(66560K), 0.0017630 secs] [Times: user=0.01 sys=0.00, real=0.00 secs] 
112.664: Total time for which application threads were stopped: 0.0019080 seconds, Stopping threads took: 0.0000720 seconds
112.696: Application time: 0.0313560 seconds
112.696: [GC [PSYoungGen: 19804K->2304K(20480K)] 36650K->22221K(66560K), 0.0014640 secs] [Times: user=0.01 sys=0.00, real=0.00 secs] 
112.697: Total time for which application threads were stopped: 0.0016050 seconds, Stopping threads took: 0.0000740 seconds
112.733: Application time: 0.0355930 seconds
112.733: [GC [PSYoungGen: 19864K->2304K(20480K)] 39782K->26317K(66560K), 0.0017600 secs] [Times: user=0.02 sys=0.00, real=0.00 secs] 
112.735: Total time for which application threads were stopped: 0.0019230 seconds, Stopping threads took: 0.0000930 seconds
112.763: Application time: 0.0280700 seconds
112.763: [GC [PSYoungGen: 19687K->2272K(20480K)] 43701K->29357K(66560K), 0.0015260 secs] [Times: user=0.01 sys=0.00, real=0.00 secs] 
112.764: Total time for which application threads were stopped: 0.0016700 seconds, Stopping threads took: 0.0000790 seconds
112.800: Application time: 0.0359990 seconds
112.801: [GC [PSYoungGen: 19798K->2272K(20480K)] 46884K->33453K(66560K), 0.0017290 secs] [Times: user=0.01 sys=0.00, real=0.00 secs] 
112.802: Total time for which application threads were stopped: 0.0018780 seconds, Stopping threads took: 0.0000780 seconds
112.833: Application time: 0.0305510 seconds
112.833: [GC [PSYoungGen: 19873K->2240K(20480K)] 51054K->35470K(66560K), 0.0013110 secs] [Times: user=0.01 sys=0.00, real=0.00 secs] 
112.834: Total time for which application threads were stopped: 0.0015380 seconds, Stopping threads took: 0.0001510 seconds
112.868: Application time: 0.0334750 seconds
112.868: [GC [PSYoungGen: 19627K->2272K(20480K)] 52857K->39598K(66560K), 0.0018050 secs] [Times: user=0.01 sys=0.00, real=0.00 secs] 
112.870: Total time for which application threads were stopped: 0.0020320 seconds, Stopping threads took: 0.0001560 seconds
112.903: Application time: 0.0327570 seconds
112.903: [GC [PSYoungGen: 19933K->2304K(20480K)] 57259K->40654K(66560K), 0.0009740 secs] [Times: user=0.01 sys=0.00, real=0.00 secs] 
112.904: Total time for which application threads were stopped: 0.0010920 seconds, Stopping threads took: 0.0000550 seconds
112.938: Application time: 0.0342140 seconds
112.938: [GC [PSYoungGen: 19749K->2304K(20480K)] 58099K->43726K(66560K), 0.0014790 secs] [Times: user=0.01 sys=0.00, real=0.01 secs] 
112.940: [Full GC [PSYoungGen: 2304K->0K(20480K)] [ParOldGen: 41422K->8956K(46080K)] 43726K->8956K(66560K) [PSPermGen: 5503K->5503K(21504K)], 0.0058820 secs] [Times: user=0.02 sys=0.00, real=0.00 secs] 
112.946: Total time for which application threads were stopped: 0.0075680 seconds, Stopping threads took: 0.0000640 seconds
112.975: Application time: 0.0292400 seconds
112.975: [GC [PSYoungGen: 17436K->2304K(20480K)] 26393K->14332K(66560K), 0.0014130 secs] [Times: user=0.01 sys=0.00, real=0.00 secs] 
112.976: Total time for which application threads were stopped: 0.0015460 seconds, Stopping threads took: 0.0000640 seconds
113.013: Application time: 0.0365380 seconds
113.015: [GC [PSYoungGen: 19860K->2304K(20480K)] 31889K->16380K(66560K), 0.0011850 secs] [Times: user=0.01 sys=0.00, real=0.00 secs] 
113.016: Total time for which application threads were stopped: 0.0027940 seconds, Stopping threads took: 0.0015310 seconds
113.043: Application time: 0.0274520 seconds
113.043: [GC [PSYoungGen: 19672K->2304K(20480K)] 33749K->20476K(66560K), 0.0016620 secs] [Times: user=0.01 sys=0.00, real=0.00 secs] 
113.045: Total time for which application threads were stopped: 0.0017970 seconds, Stopping threads took: 0.0000660 seconds
113.081: Application time: 0.0355990 seconds
113.081: [GC [PSYoungGen: 19707K->2304K(20480K)] 37880K->21500K(66560K), 0.0009780 secs] [Times: user=0.01 sys=0.00, real=0.00 secs] 
113.082: Total time for which application threads were stopped: 0.0011110 seconds, Stopping threads took: 0.0000640 seconds
113.109: Application time: 0.0273210 seconds
113.109: [GC [PSYoungGen: 19854K->2304K(20480K)] 39051K->24573K(66560K), 0.0014970 secs] [Times: user=0.01 sys=0.00, real=0.01 secs] 
113.111: Total time for which application threads were stopped: 0.0016290 seconds, Stopping threads took: 0.0000620 seconds
113.149: Application time: 0.0387520 seconds
113.150: [GC [PSYoungGen: 19890K->2288K(20480K)] 42159K->24557K(66560K), 0.0007300 secs] [Times: user=0.00 sys=0.00, real=0.00 secs] 
113.150: Total time for which application threads were stopped: 0.0008500 seconds, Stopping threads took: 0.0000590 seconds
113.175: Application time: 0.0250380 seconds
113.175: [GC [PSYoungGen: 19728K->2336K(20480K)] 41997K->27677K(66560K), 0.0014240 secs] [Times: user=0.01 sys=0.00, real=0.00 secs] 
113.177: Total time for which application threads were stopped: 0.0015670 seconds, Stopping threads took: 0.0000750 seconds
113.216: Application time: 0.0389230 seconds
113.216: [GC [PSYoungGen: 19971K->2336K(20480K)] 45312K->27677K(66560K), 0.0007400 secs] [Times: user=0.00 sys=0.00, real=0.00 secs] 
113.217: Total time for which application threads were stopped: 0.0009120 seconds, Stopping threads took: 0.0001000 seconds
113.242: Application time: 0.0252730 seconds
113.242: [GC [PSYoungGen: 19988K->2400K(20480K)] 45329K->31837K(66560K), 0.0017680 secs] [Times: user=0.02 sys=0.00, real=0.00 secs] 
113.244: Total time for which application threads were stopped: 0.0019250 seconds, Stopping threads took: 0.0000860 seconds
113.280: Application time: 0.0359280 seconds
113.280: [GC [PSYoungGen: 19805K->2448K(20480K)] 49242K->32909K(66560K), 0.0010280 secs] [Times: user=0.01 sys=0.00, real=0.00 secs] 
113.281: Total time for which application threads were stopped: 0.0011550 seconds, Stopping threads took: 0.0000650 seconds
113.310: Application time: 0.0285300 seconds
113.310: [GC [PSYoungGen: 19466K->2496K(20480K)] 49927K->37053K(66560K), 0.0017610 secs] [Times: user=0.01 sys=0.00, real=0.01 secs] 
113.311: Total time for which application threads were stopped: 0.0019140 seconds, Stopping threads took: 0.0000830 seconds
113.348: Application time: 0.0367860 seconds
113.348: [GC [PSYoungGen: 20416K->2528K(20480K)] 54973K->39133K(66560K), 0.0011910 secs] [Times: user=0.01 sys=0.00, real=0.00 secs] 
113.350: Total time for which application threads were stopped: 0.0013170 seconds, Stopping threads took: 0.0000640 seconds
113.375: Application time: 0.0254430 seconds
113.375: [GC [PSYoungGen: 19554K->2512K(20480K)] 56160K->43213K(66560K), 0.0018170 secs] [Times: user=0.01 sys=0.00, real=0.00 secs] 
113.377: [Full GC [PSYoungGen: 2512K->0K(20480K)] [ParOldGen: 40701K->9683K(46080K)] 43213K->9683K(66560K) [PSPermGen: 5503K->5503K(21504K)], 0.0062080 secs] [Times: user=0.03 sys=0.00, real=0.01 secs] 
113.383: Total time for which application threads were stopped: 0.0082050 seconds, Stopping threads took: 0.0000670 seconds
113.417: Application time: 0.0335290 seconds
113.417: [GC [PSYoungGen: 17732K->2272K(20480K)] 27415K->17075K(66560K), 0.0020510 secs] [Times: user=0.01 sys=0.00, real=0.01 secs] 
113.419: Total time for which application threads were stopped: 0.0022090 seconds, Stopping threads took: 0.0000880 seconds
113.448: Application time: 0.0294100 seconds
113.449: [GC [PSYoungGen: 19486K->2304K(20480K)] 34290K->22227K(66560K), 0.0020600 secs] [Times: user=0.02 sys=0.00, real=0.01 secs] 
113.451: Total time for which application threads were stopped: 0.0022170 seconds, Stopping threads took: 0.0000830 seconds
113.487: Application time: 0.0366690 seconds
113.487: [GC [PSYoungGen: 20164K->2272K(20480K)] 40088K->27315K(66560K), 0.0019510 secs] [Times: user=0.01 sys=0.00, real=0.00 secs] 
113.489: Total time for which application threads were stopped: 0.0020830 seconds, Stopping threads took: 0.0000650 seconds
113.519: Application time: 0.0300260 seconds
113.519: [GC [PSYoungGen: 19480K->2304K(20480K)] 44524K->31443K(66560K), 0.0017440 secs] [Times: user=0.02 sys=0.00, real=0.00 secs] 
113.521: Total time for which application threads were stopped: 0.0018730 seconds, Stopping threads took: 0.0000480 seconds
113.553: Application time: 0.0320050 seconds
113.553: [GC [PSYoungGen: 19982K->2304K(20480K)] 49122K->35539K(66560K), 0.0018130 secs] [Times: user=0.01 sys=0.00, real=0.00 secs] 
113.555: Total time for which application threads were stopped: 0.0019670 seconds, Stopping threads took: 0.0000840 seconds
113.589: Application time: 0.0335140 seconds
113.589: [GC [PSYoungGen: 19685K->2304K(20480K)] 52921K->40660K(66560K), 0.0019770 secs] [Times: user=0.01 sys=0.00, real=0.01 secs] 
113.591: Total time for which application threads were stopped: 0.0021230 seconds, Stopping threads took: 0.0000760 seconds
113.618: Application time: 0.0273070 seconds
113.618: [GC [PSYoungGen: 19767K->2272K(20480K)] 58123K->44724K(66560K), 0.0018770 secs] [Times: user=0.01 sys=0.00, real=0.01 secs] 
113.620: [Full GC [PSYoungGen: 2272K->0K(20480K)] [ParOldGen: 42452K->9679K(46080K)] 44724K->9679K(66560K) [PSPermGen: 5503K->5503K(21504K)], 0.0059100 secs] [Times: user=0.03 sys=0.00, real=0.00 secs] 
113.626: Total time for which application threads were stopped: 0.0080390 seconds, Stopping threads took: 0.0001330 seconds
113.662: Application time: 0.0353820 seconds
113.662: [GC [PSYoungGen: 17534K->2304K(20480K)] 27214K->17103K(66560K), 0.0021380 secs] [Times: user=0.01 sys=0.00, real=0.00 secs] 
113.664: Total time for which application threads were stopped: 0.0022910 seconds, Stopping threads took: 0.0000800 seconds
113.696: Application time: 0.0318530 seconds
113.696: [GC [PSYoungGen: 19851K->2304K(20480K)] 34651K->20175K(66560K), 0.0014530 secs] [Times: user=0.01 sys=0.00, real=0.00 secs] 
113.697: Total time for which application threads were stopped: 0.0015810 seconds, Stopping threads took: 0.0000620 seconds
113.732: Application time: 0.0343980 seconds
113.732: [GC [PSYoungGen: 19795K->2304K(20480K)] 37666K->24271K(66560K), 0.0017670 secs] [Times: user=0.01 sys=0.00, real=0.00 secs] 
113.734: Total time for which application threads were stopped: 0.0019200 seconds, Stopping threads took: 0.0000830 seconds
113.766: Application time: 0.0328010 seconds
113.767: [GC [PSYoungGen: 19918K->2272K(20480K)] 41885K->27311K(66560K), 0.0014300 secs] [Times: user=0.01 sys=0.00, real=0.00 secs] 
113.768: Total time for which application threads were stopped: 0.0015620 seconds, Stopping threads took: 0.0000660 seconds
113.802: Application time: 0.0336640 seconds
113.802: [GC [PSYoungGen: 19729K->2304K(20480K)] 44769K->31439K(66560K), 0.0017450 secs] [Times: user=0.01 sys=0.00, real=0.00 secs] 
113.804: Total time for which application threads were stopped: 0.0019580 seconds, Stopping threads took: 0.0001400 seconds
113.832: Application time: 0.0284960 seconds
113.832: [GC [PSYoungGen: 19777K->2304K(20480K)] 48912K->35535K(66560K), 0.0017520 secs] [Times: user=0.01 sys=0.00, real=0.00 secs] 
113.834: Total time for which application threads were stopped: 0.0019050 seconds, Stopping threads took: 0.0000840 seconds
113.872: Application time: 0.0379320 seconds
113.872: [GC [PSYoungGen: 19984K->2288K(20480K)] 53215K->37567K(66560K), 0.0012560 secs] [Times: user=0.01 sys=0.00, real=0.00 secs] 
113.873: Total time for which application threads were stopped: 0.0013960 seconds, Stopping threads took: 0.0000760 seconds
113.901: Application time: 0.0280890 seconds
113.902: [GC [PSYoungGen: 19769K->2320K(20480K)] 55049K->40671K(66560K), 0.0014600 secs] [Times: user=0.00 sys=0.00, real=0.00 secs] 
113.903: Total time for which application threads were stopped: 0.0015900 seconds, Stopping threads took: 0.0000630 seconds
113.940: Application time: 0.0368630 seconds
113.940: [GC [PSYoungGen: 19914K->2384K(20480K)] 58266K->42783K(66560K), 0.0012730 secs] [Times: user=0.01 sys=0.00, real=0.00 secs] 
113.941: [Full GC [PSYoungGen: 2384K->0K(20480K)] [ParOldGen: 40399K->7774K(46080K)] 42783K->7774K(66560K) [PSPermGen: 5503K->5503K(21504K)], 0.0059400 secs] [Times: user=0.02 sys=0.00, real=0.00 secs] 
113.947: Total time for which application threads were stopped: 0.0074180 seconds, Stopping threads took: 0.0000910 seconds
113.974: Application time: 0.0263720 seconds
113.974: [GC [PSYoungGen: 17786K->2336K(20480K)] 25560K->14206K(66560K), 0.0018060 secs] [Times: user=0.02 sys=0.00, real=0.00 secs] 
113.976: Total time for which application threads were stopped: 0.0019660 seconds, Stopping threads took: 0.0000880 seconds
114.014: Application time: 0.0383180 seconds
114.014: [GC [PSYoungGen: 20023K->2416K(20480K)] 31894K->16334K(66560K), 0.0012830 secs] [Times: user=0.01 sys=0.00, real=0.00 secs] 
114.015: Total time for which application threads were stopped: 0.0014230 seconds, Stopping threads took: 0.0000730 seconds
114.043: Application time: 0.0276310 seconds
114.043: [GC [PSYoungGen: 20111K->2432K(20480K)] 34030K->19422K(66560K), 0.0015710 secs] [Times: user=0.01 sys=0.00, real=0.00 secs] 
114.045: Total time for which application threads were stopped: 0.0017280 seconds, Stopping threads took: 0.0000810 seconds
114.082: Application time: 0.0375230 seconds
114.082: [GC [PSYoungGen: 19637K->2400K(20480K)] 36628K->20414K(66560K), 0.0010240 secs] [Times: user=0.00 sys=0.00, real=0.00 secs] 
114.084: Total time for which application threads were stopped: 0.0011730 seconds, Stopping threads took: 0.0000760 seconds
114.112: Application time: 0.0282600 seconds
114.112: [GC [PSYoungGen: 20210K->2432K(20480K)] 38225K->23518K(66560K), 0.0015870 secs] [Times: user=0.01 sys=0.00, real=0.00 secs] 
114.113: Total time for which application threads were stopped: 0.0017180 seconds, Stopping threads took: 0.0000600 seconds
114.148: Application time: 0.0342190 seconds
114.148: [GC [PSYoungGen: 19351K->2416K(20480K)] 40437K->26575K(66560K), 0.0014340 secs] [Times: user=0.01 sys=0.00, real=0.00 secs] 
114.149: Total time for which application threads were stopped: 0.0015770 seconds, Stopping threads took: 0.0000740 seconds
114.178: Application time: 0.0288070 seconds
114.178: [GC [PSYoungGen: 19396K->2432K(20480K)] 43555K->29663K(66560K), 0.0014350 secs] [Times: user=0.01 sys=0.00, real=0.01 secs] 
114.180: Total time for which application threads were stopped: 0.0015700 seconds, Stopping threads took: 0.0000640 seconds
114.213: Application time: 0.0331570 seconds
114.213: [GC [PSYoungGen: 20228K->2432K(20480K)] 47459K->32735K(66560K), 0.0015820 secs] [Times: user=0.01 sys=0.00, real=0.00 secs] 
114.215: Total time for which application threads were stopped: 0.0017620 seconds, Stopping threads took: 0.0001110 seconds
114.243: Application time: 0.0282970 seconds
114.243: [GC [PSYoungGen: 19530K->2464K(20480K)] 49833K->36863K(66560K), 0.0018590 secs] [Times: user=0.01 sys=0.00, real=0.00 secs] 
114.245: Total time for which application threads were stopped: 0.0019910 seconds, Stopping threads took: 0.0000630 seconds
114.281: Application time: 0.0365920 seconds
114.283: [GC [PSYoungGen: 20364K->2400K(20480K)] 54763K->39871K(66560K), 0.0015320 secs] [Times: user=0.01 sys=0.00, real=0.00 secs] 
114.284: Total time for which application threads were stopped: 0.0026200 seconds, Stopping threads took: 0.0010220 seconds
114.312: Application time: 0.0281540 seconds
114.312: [GC [PSYoungGen: 19502K->2464K(20480K)] 56973K->44031K(66560K), 0.0018800 secs] [Times: user=0.01 sys=0.00, real=0.00 secs] 
114.314: [Full GC [PSYoungGen: 2464K->0K(20480K)] [ParOldGen: 41567K->9694K(46080K)] 44031K->9694K(66560K) [PSPermGen: 5503K->5503K(21504K)], 0.0060920 secs] [Times: user=0.02 sys=0.00, real=0.01 secs] 
114.320: Total time for which application threads were stopped: 0.0081620 seconds, Stopping threads took: 0.0000770 seconds
114.355: Application time: 0.0348570 seconds
114.355: [GC [PSYoungGen: 17813K->2304K(20480K)] 27508K->15070K(66560K), 0.0014810 secs] [Times: user=0.01 sys=0.00, real=0.00 secs] 
114.357: Total time for which application threads were stopped: 0.0016130 seconds, Stopping threads took: 0.0000680 seconds
114.388: Application time: 0.0310610 seconds
114.388: [GC [PSYoungGen: 19557K->2272K(20480K)] 32324K->19135K(66560K), 0.0018420 secs] [Times: user=0.01 sys=0.00, real=0.00 secs] 
114.390: Total time for which application threads were stopped: 0.0019960 seconds, Stopping threads took: 0.0000850 seconds
114.424: Application time: 0.0335620 seconds
114.424: [GC [PSYoungGen: 19971K->2304K(20480K)] 36834K->22239K(66560K), 0.0014300 secs] [Times: user=0.01 sys=0.00, real=0.00 secs] 
114.425: Total time for which application threads were stopped: 0.0015600 seconds, Stopping threads took: 0.0000620 seconds
114.458: Application time: 0.0324370 seconds
114.458: [GC [PSYoungGen: 19651K->2304K(20480K)] 39586K->26335K(66560K), 0.0018240 secs] [Times: user=0.01 sys=0.00, real=0.01 secs] 
114.459: Total time for which application threads were stopped: 0.0019630 seconds, Stopping threads took: 0.0000690 seconds
114.492: Application time: 0.0325260 seconds
114.492: [GC [PSYoungGen: 19997K->2304K(20480K)] 44028K->28383K(66560K), 0.0011980 secs] [Times: user=0.00 sys=0.00, real=0.00 secs] 
114.493: Total time for which application threads were stopped: 0.0013390 seconds, Stopping threads took: 0.0000740 seconds
114.526: Application time: 0.0328940 seconds
114.526: [GC [PSYoungGen: 19661K->2320K(20480K)] 45740K->32495K(66560K), 0.0016920 secs] [Times: user=0.00 sys=0.00, real=0.00 secs] 
114.528: Total time for which application threads were stopped: 0.0018450 seconds, Stopping threads took: 0.0000720 seconds
114.559: Application time: 0.0307330 seconds
114.563: [GC [PSYoungGen: 19854K->2304K(20480K)] 50029K->35551K(66560K), 0.0014170 secs] [Times: user=0.01 sys=0.00, real=0.00 secs] 
114.564: Total time for which application threads were stopped: 0.0051660 seconds, Stopping threads took: 0.0036740 seconds
114.597: Application time: 0.0331480 seconds
114.597: [GC [PSYoungGen: 19870K->2336K(20480K)] 53117K->39679K(66560K), 0.0018050 secs] [Times: user=0.02 sys=0.00, real=0.01 secs] 
114.599: Total time for which application threads were stopped: 0.0019480 seconds, Stopping threads took: 0.0000690 seconds
114.628: Application time: 0.0289470 seconds
114.628: [GC [PSYoungGen: 19733K->2320K(20480K)] 57076K->42735K(66560K), 0.0014500 secs] [Times: user=0.01 sys=0.00, real=0.00 secs] 
114.630: Total time for which application threads were stopped: 0.0015830 seconds, Stopping threads took: 0.0000620 seconds
114.665: Application time: 0.0352540 seconds
114.665: [GC [PSYoungGen: 20155K->2400K(20480K)] 60570K->45887K(66560K), 0.0015520 secs] [Times: user=0.01 sys=0.00, real=0.00 secs] 
114.667: [Full GC [PSYoungGen: 2400K->0K(20480K)] [ParOldGen: 43487K->8960K(46080K)] 45887K->8960K(66560K) [PSPermGen: 5503K->5503K(21504K)], 0.0058220 secs] [Times: user=0.02 sys=0.00, real=0.01 secs] 
114.672: Total time for which application threads were stopped: 0.0075700 seconds, Stopping threads took: 0.0000770 seconds
114.700: Application time: 0.0272690 seconds
114.700: [GC [PSYoungGen: 17582K->2336K(20480K)] 26542K->15392K(66560K), 0.0017610 secs] [Times: user=0.01 sys=0.00, real=0.00 secs] 
114.702: Total time for which application threads were stopped: 0.0019010 seconds, Stopping threads took: 0.0000730 seconds
114.740: Application time: 0.0384780 seconds
114.740: [GC [PSYoungGen: 20230K->2400K(20480K)] 33286K->18528K(66560K), 0.0015240 secs] [Times: user=0.01 sys=0.00, real=0.00 secs] 
114.742: Total time for which application threads were stopped: 0.0016840 seconds, Stopping threads took: 0.0000890 seconds
114.769: Application time: 0.0267710 seconds
114.769: [GC [PSYoungGen: 19759K->2400K(20480K)] 35888K->22624K(66560K), 0.0017260 secs] [Times: user=0.01 sys=0.00, real=0.00 secs] 
114.770: Total time for which application threads were stopped: 0.0018880 seconds, Stopping threads took: 0.0000870 seconds
114.809: Application time: 0.0382340 seconds
114.809: [GC [PSYoungGen: 20007K->2352K(20480K)] 40231K->25648K(66560K), 0.0014290 secs] [Times: user=0.00 sys=0.00, real=0.00 secs] 
114.810: Total time for which application threads were stopped: 0.0015630 seconds, Stopping threads took: 0.0000670 seconds
114.837: Application time: 0.0269730 seconds
114.837: [GC [PSYoungGen: 19772K->2352K(20480K)] 43068K->29744K(66560K), 0.0017340 secs] [Times: user=0.01 sys=0.00, real=0.01 secs] 
114.839: Total time for which application threads were stopped: 0.0019030 seconds, Stopping threads took: 0.0000960 seconds
114.873: Application time: 0.0335690 seconds
114.873: [GC [PSYoungGen: 19534K->2368K(20480K)] 46927K->31808K(66560K), 0.0013750 secs] [Times: user=0.01 sys=0.00, real=0.00 secs] 
114.874: Total time for which application threads were stopped: 0.0015090 seconds, Stopping threads took: 0.0000660 seconds
114.907: Application time: 0.0324990 seconds
114.907: [GC [PSYoungGen: 20288K->2416K(20480K)] 49728K->35952K(66560K), 0.0016740 secs] [Times: user=0.01 sys=0.00, real=0.00 secs] 
114.909: Total time for which application threads were stopped: 0.0018200 seconds, Stopping threads took: 0.0000740 seconds
114.942: Application time: 0.0335380 seconds
114.942: [GC [PSYoungGen: 19522K->2384K(20480K)] 53059K->36944K(66560K), 0.0010830 secs] [Times: user=0.01 sys=0.00, real=0.00 secs] 
114.943: Total time for which application threads were stopped: 0.0012440 seconds, Stopping threads took: 0.0000960 seconds
114.971: Application time: 0.0274690 seconds
114.971: [GC [PSYoungGen: 20184K->2400K(20480K)] 54745K->42080K(66560K), 0.0020840 secs] [Times: user=0.01 sys=0.00, real=0.00 secs] 
114.973: Total time for which application threads were stopped: 0.0022300 seconds, Stopping threads took: 0.0000650 seconds
115.009: Application time: 0.0360660 seconds
115.009: [GC [PSYoungGen: 19382K->2368K(20480K)] 59062K->45120K(66560K), 0.0015350 secs] [Times: user=0.01 sys=0.00, real=0.01 secs] 
115.011: [Full GC [PSYoungGen: 2368K->0K(20480K)] [ParOldGen: 42752K->8944K(46080K)] 45120K->8944K(66560K) [PSPermGen: 5503K->5503K(21504K)], 0.0058890 secs] [Times: user=0.02 sys=0.00, real=0.00 secs] 
115.017: Total time for which application threads were stopped: 0.0076020 seconds, Stopping threads took: 0.0000660 seconds
115.046: Application time: 0.0292090 seconds
115.046: [GC [PSYoungGen: 17029K->2304K(20480K)] 25973K->14320K(66560K), 0.0014600 secs] [Times: user=0.01 sys=0.00, real=0.00 secs] 
115.048: Total time for which application threads were stopped: 0.0015890 seconds, Stopping threads took: 0.0000600 seconds
115.081: Application time: 0.0339810 seconds
115.082: [GC [PSYoungGen: 20195K->2304K(20480K)] 32211K->17392K(66560K), 0.0015140 secs] [Times: user=0.01 sys=0.00, real=0.00 secs] 
115.083: Total time for which application threads were stopped: 0.0016680 seconds, Stopping threads took: 0.0000760 seconds
115.114: Application time: 0.0309850 seconds
115.114: [GC [PSYoungGen: 19430K->2304K(20480K)] 34518K->21488K(66560K), 0.0016950 secs] [Times: user=0.01 sys=0.00, real=0.00 secs] 
115.116: Total time for which application threads were stopped: 0.0018270 seconds, Stopping threads took: 0.0000610 seconds
115.149: Application time: 0.0332310 seconds
115.149: [GC [PSYoungGen: 20110K->2272K(20480K)] 39295K->26576K(66560K), 0.0021140 secs] [Times: user=0.01 sys=0.00, real=0.01 secs] 
115.152: Total time for which application threads were stopped: 0.0023010 seconds, Stopping threads took: 0.0001150 seconds
115.181: Application time: 0.0298220 seconds
115.181: [GC [PSYoungGen: 19416K->2320K(20480K)] 43721K->30720K(66560K), 0.0018030 secs] [Times: user=0.01 sys=0.00, real=0.00 secs] 
115.183: Total time for which application threads were stopped: 0.0019560 seconds, Stopping threads took: 0.0000840 seconds
115.219: Application time: 0.0360940 seconds
115.220: [GC [PSYoungGen: 20218K->2272K(20480K)] 48618K->35792K(66560K), 0.0020460 secs] [Times: user=0.01 sys=0.00, real=0.00 secs] 
115.222: Total time for which application threads were stopped: 0.0021890 seconds, Stopping threads took: 0.0000740 seconds
115.251: Application time: 0.0295400 seconds
115.251: [GC [PSYoungGen: 19394K->2304K(20480K)] 52915K->39920K(66560K), 0.0017070 secs] [Times: user=0.01 sys=0.00, real=0.00 secs] 
115.253: Total time for which application threads were stopped: 0.0018510 seconds, Stopping threads took: 0.0000710 seconds
115.287: Application time: 0.0339440 seconds
115.287: [GC [PSYoungGen: 20156K->2304K(20480K)] 57773K->44016K(66560K), 0.0017700 secs] [Times: user=0.02 sys=0.00, real=0.00 secs] 
115.289: [Full GC [PSYoungGen: 2304K->0K(20480K)] [ParOldGen: 41712K->9679K(46080K)] 44016K->9679K(66560K) [PSPermGen: 5503K->5503K(21504K)], 0.0060960 secs] [Times: user=0.02 sys=0.00, real=0.01 secs] 
115.295: Total time for which application threads were stopped: 0.0080540 seconds, Stopping threads took: 0.0000710 seconds
115.327: Application time: 0.0318190 seconds
115.327: [GC [PSYoungGen: 17293K->2336K(20480K)] 26973K->16111K(66560K), 0.0016230 secs] [Times: user=0.01 sys=0.00, real=0.00 secs] 
115.329: Total time for which application threads were stopped: 0.0017530 seconds, Stopping threads took: 0.0000600 seconds
115.361: Application time: 0.0327080 seconds
115.361: [GC [PSYoungGen: 20253K->2384K(20480K)] 34029K->20255K(66560K), 0.0017140 secs] [Times: user=0.01 sys=0.00, real=0.00 secs] 
115.363: Total time for which application threads were stopped: 0.0018600 seconds, Stopping threads took: 0.0000750 seconds
115.392: Application time: 0.0285360 seconds
115.392: [GC [PSYoungGen: 19781K->2432K(20480K)] 37653K->24399K(66560K), 0.0018750 secs] [Times: user=0.01 sys=0.00, real=0.00 secs] 
115.394: Total time for which application threads were stopped: 0.0020380 seconds, Stopping threads took: 0.0000860 seconds
115.427: Application time: 0.0329740 seconds
115.427: [GC [PSYoungGen: 20352K->2512K(20480K)] 42319K->27551K(66560K), 0.0015570 secs] [Times: user=0.01 sys=0.00, real=0.00 secs] 
115.428: Total time for which application threads were stopped: 0.0017150 seconds, Stopping threads took: 0.0000930 seconds
115.461: Application time: 0.0330630 seconds
115.462: [GC [PSYoungGen: 19970K->2544K(20480K)] 45009K->30655K(66560K), 0.0016280 secs] [Times: user=0.01 sys=0.00, real=0.00 secs] 
115.463: Total time for which application threads were stopped: 0.0017690 seconds, Stopping threads took: 0.0000710 seconds
115.496: Application time: 0.0331440 seconds
115.496: [GC [PSYoungGen: 20275K->2448K(20480K)] 48387K->32607K(66560K), 0.0013660 secs] [Times: user=0.01 sys=0.00, real=0.00 secs] 
115.498: Total time for which application threads were stopped: 0.0015100 seconds, Stopping threads took: 0.0000770 seconds
115.531: Application time: 0.0331390 seconds
115.531: [GC [PSYoungGen: 19785K->2480K(20480K)] 49945K->34687K(66560K), 0.0013070 secs] [Times: user=0.01 sys=0.00, real=0.00 secs] 
115.532: Total time for which application threads were stopped: 0.0014450 seconds, Stopping threads took: 0.0000700 seconds
115.565: Application time: 0.0322930 seconds
115.565: [GC [PSYoungGen: 20166K->2512K(20480K)] 52373K->35743K(66560K), 0.0010520 secs] [Times: user=0.00 sys=0.00, real=0.00 secs] 
115.566: Total time for which application threads were stopped: 0.0011920 seconds, Stopping threads took: 0.0000770 seconds
115.599: Application time: 0.0328210 seconds
115.599: [GC [PSYoungGen: 19841K->2512K(20480K)] 53073K->38816K(66560K), 0.0015720 secs] [Times: user=0.01 sys=0.00, real=0.00 secs] 
115.601: Total time for which application threads were stopped: 0.0017180 seconds, Stopping threads took: 0.0000670 seconds
115.632: Application time: 0.0319430 seconds
115.633: [GC [PSYoungGen: 20137K->2528K(20480K)] 56441K->40880K(66560K), 0.0012690 secs] [Times: user=0.01 sys=0.00, real=0.00 secs] 
115.634: Total time for which application threads were stopped: 0.0013960 seconds, Stopping threads took: 0.0000610 seconds
115.667: Application time: 0.0332120 seconds
115.667: [GC [PSYoungGen: 19898K->2512K(20480K)] 58250K->44960K(66560K), 0.0017770 secs] [Times: user=0.02 sys=0.00, real=0.00 secs] 
115.669: [Full GC [PSYoungGen: 2512K->0K(20480K)] [ParOldGen: 42448K->9680K(46080K)] 44960K->9680K(66560K) [PSPermGen: 5503K->5503K(21504K)], 0.0064920 secs] [Times: user=0.02 sys=0.00, real=0.01 secs] 
115.676: Total time for which application threads were stopped: 0.0084620 seconds, Stopping threads took: 0.0000770 seconds
115.703: Application time: 0.0277320 seconds
115.703: [GC [PSYoungGen: 17326K->2304K(20480K)] 27006K->15056K(66560K), 0.0014190 secs] [Times: user=0.01 sys=0.00, real=0.00 secs] 
115.705: Total time for which application threads were stopped: 0.0015490 seconds, Stopping threads took: 0.0000630 seconds
115.741: Application time: 0.0363400 seconds
115.741: [GC [PSYoungGen: 19812K->2304K(20480K)] 32564K->18128K(66560K), 0.0014410 secs] [Times: user=0.00 sys=0.01, real=0.00 secs] 
115.743: Total time for which application threads were stopped: 0.0015840 seconds, Stopping threads took: 0.0000740 seconds
115.772: Application time: 0.0289000 seconds
115.772: [GC [PSYoungGen: 19802K->2304K(20480K)] 35626K->20176K(66560K), 0.0011870 secs] [Times: user=0.00 sys=0.00, real=0.00 secs] 
115.773: Total time for which application threads were stopped: 0.0013480 seconds, Stopping threads took: 0.0000930 seconds
115.807: Application time: 0.0341670 seconds
115.807: [GC [PSYoungGen: 19756K->2304K(20480K)] 37628K->23248K(66560K), 0.0014840 secs] [Times: user=0.01 sys=0.00, real=0.00 secs] 
115.809: Total time for which application threads were stopped: 0.0016320 seconds, Stopping threads took: 0.0000800 seconds
115.840: Application time: 0.0307780 seconds
115.840: [GC [PSYoungGen: 19858K->2304K(20480K)] 40802K->26320K(66560K), 0.0014350 secs] [Times: user=0.01 sys=0.00, real=0.00 secs] 
115.841: Total time for which application threads were stopped: 0.0015860 seconds, Stopping threads took: 0.0000740 seconds
115.876: Application time: 0.0345570 seconds
115.876: [GC [PSYoungGen: 19731K->2304K(20480K)] 43748K->29392K(66560K), 0.0014980 secs] [Times: user=0.01 sys=0.00, real=0.00 secs] 
115.877: Total time for which application threads were stopped: 0.0016420 seconds, Stopping threads took: 0.0000760 seconds
115.906: Application time: 0.0281770 seconds
115.906: [GC [PSYoungGen: 19837K->2304K(20480K)] 46926K->34512K(66560K), 0.0020590 secs] [Times: user=0.01 sys=0.00, real=0.00 secs] 
115.908: Total time for which application threads were stopped: 0.0021930 seconds, Stopping threads took: 0.0000620 seconds
115.945: Application time: 0.0371120 seconds
115.945: [GC [PSYoungGen: 19797K->2304K(20480K)] 52006K->36560K(66560K), 0.0012200 secs] [Times: user=0.01 sys=0.00, real=0.00 secs] 
115.946: Total time for which application threads were stopped: 0.0013640 seconds, Stopping threads took: 0.0000780 seconds
115.974: Application time: 0.0276010 seconds
115.974: [GC [PSYoungGen: 19870K->2304K(20480K)] 54127K->41680K(66560K), 0.0019900 secs] [Times: user=0.01 sys=0.00, real=0.00 secs] 
115.976: Total time for which application threads were stopped: 0.0021610 seconds, Stopping threads took: 0.0000970 seconds
116.013: Application time: 0.0367420 seconds
116.013: [GC [PSYoungGen: 19733K->2272K(20480K)] 59110K->42672K(66560K), 0.0010290 secs] [Times: user=0.00 sys=0.00, real=0.00 secs] 
116.014: [Full GC [PSYoungGen: 2272K->0K(20480K)] [ParOldGen: 40400K->6899K(46080K)] 42672K->6899K(66560K) [PSPermGen: 5503K->5503K(21504K)], 0.0053650 secs] [Times: user=0.02 sys=0.00, real=0.01 secs] 
116.019: Total time for which application threads were stopped: 0.0065700 seconds, Stopping threads took: 0.0000680 seconds
116.045: Application time: 0.0255440 seconds
116.045: [GC [PSYoungGen: 17658K->2304K(20480K)] 24558K->14324K(66560K), 0.0020640 secs] [Times: user=0.01 sys=0.00, real=0.00 secs] 
116.047: Total time for which application threads were stopped: 0.0022050 seconds, Stopping threads took: 0.0000700 seconds
116.088: Application time: 0.0407490 seconds
116.088: [GC [PSYoungGen: 20044K->2320K(20480K)] 32064K->15364K(66560K), 0.0008960 secs] [Times: user=0.00 sys=0.00, real=0.00 secs] 
116.089: Total time for which application threads were stopped: 0.0010190 seconds, Stopping threads took: 0.0000620 seconds
116.112: Application time: 0.0234290 seconds
116.112: [GC [PSYoungGen: 20045K->2400K(20480K)] 33089K->20564K(66560K), 0.0021160 secs] [Times: user=0.01 sys=0.00, real=0.00 secs] 
116.115: Total time for which application threads were stopped: 0.0022790 seconds, Stopping threads took: 0.0000840 seconds
116.150: Application time: 0.0353330 seconds
116.150: [GC [PSYoungGen: 19468K->2448K(20480K)] 37632K->23684K(66560K), 0.0015790 secs] [Times: user=0.01 sys=0.00, real=0.01 secs] 
116.152: Total time for which application threads were stopped: 0.0017160 seconds, Stopping threads took: 0.0000680 seconds
116.181: Application time: 0.0293750 seconds
116.181: [GC [PSYoungGen: 19704K->2448K(20480K)] 40940K->28804K(66560K), 0.0021050 secs] [Times: user=0.01 sys=0.00, real=0.00 secs] 
116.183: Total time for which application threads were stopped: 0.0022550 seconds, Stopping threads took: 0.0000770 seconds
116.219: Application time: 0.0358150 seconds
116.219: [GC [PSYoungGen: 20320K->2496K(20480K)] 46676K->31924K(66560K), 0.0015620 secs] [Times: user=0.01 sys=0.00, real=0.00 secs] 
116.221: Total time for which application threads were stopped: 0.0016950 seconds, Stopping threads took: 0.0000650 seconds
116.251: Application time: 0.0298370 seconds
116.251: [GC [PSYoungGen: 19677K->2464K(20480K)] 49105K->35988K(66560K), 0.0018670 secs] [Times: user=0.01 sys=0.00, real=0.00 secs] 
116.253: Total time for which application threads were stopped: 0.0020070 seconds, Stopping threads took: 0.0000710 seconds
116.286: Application time: 0.0334230 seconds
116.286: [GC [PSYoungGen: 20207K->2496K(20480K)] 53731K->39092K(66560K), 0.0016380 secs] [Times: user=0.01 sys=0.00, real=0.00 secs] 
116.288: Total time for which application threads were stopped: 0.0017690 seconds, Stopping threads took: 0.0000620 seconds
116.317: Application time: 0.0287680 seconds
116.317: [GC [PSYoungGen: 19677K->2496K(20480K)] 56274K->43188K(66560K), 0.0018700 secs] [Times: user=0.01 sys=0.00, real=0.01 secs] 
116.319: [Full GC [PSYoungGen: 2496K->0K(20480K)] [ParOldGen: 40692K->9702K(46080K)] 43188K->9702K(66560K) [PSPermGen: 5503K->5503K(21504K)], 0.0061270 secs] [Times: user=0.03 sys=0.00, real=0.00 secs] 
116.325: Total time for which application threads were stopped: 0.0081810 seconds, Stopping threads took: 0.0000680 seconds
116.361: Application time: 0.0365820 seconds
116.361: [GC [PSYoungGen: 17818K->2304K(20480K)] 27520K->15078K(66560K), 0.0014810 secs] [Times: user=0.01 sys=0.00, real=0.00 secs] 
116.363: Total time for which application threads were stopped: 0.0016260 seconds, Stopping threads took: 0.0000780 seconds
116.393: Application time: 0.0296050 seconds
116.393: [GC [PSYoungGen: 19556K->2304K(20480K)] 32330K->18150K(66560K), 0.0014010 secs] [Times: user=0.01 sys=0.00, real=0.00 secs] 
116.394: Total time for which application threads were stopped: 0.0015430 seconds, Stopping threads took: 0.0000750 seconds
116.428: Application time: 0.0335010 seconds
116.428: [GC [PSYoungGen: 20016K->2272K(20480K)] 35862K->22214K(66560K), 0.0017740 secs] [Times: user=0.01 sys=0.00, real=0.00 secs] 
116.430: Total time for which application threads were stopped: 0.0019040 seconds, Stopping threads took: 0.0000600 seconds
116.459: Application time: 0.0293560 seconds
116.459: [GC [PSYoungGen: 19479K->2304K(20480K)] 39421K->26342K(66560K), 0.0017700 secs] [Times: user=0.01 sys=0.00, real=0.00 secs] 
116.461: Total time for which application threads were stopped: 0.0019230 seconds, Stopping threads took: 0.0000840 seconds
116.498: Application time: 0.0368590 seconds
116.498: [GC [PSYoungGen: 20147K->2304K(20480K)] 44185K->29414K(66560K), 0.0014260 secs] [Times: user=0.01 sys=0.00, real=0.01 secs] 
116.499: Total time for which application threads were stopped: 0.0015630 seconds, Stopping threads took: 0.0000720 seconds
116.528: Application time: 0.0287040 seconds
116.528: [GC [PSYoungGen: 19501K->2304K(20480K)] 46611K->33510K(66560K), 0.0017790 secs] [Times: user=0.02 sys=0.00, real=0.00 secs] 
116.530: Total time for which application threads were stopped: 0.0019170 seconds, Stopping threads took: 0.0000670 seconds
116.564: Application time: 0.0336560 seconds
116.564: [GC [PSYoungGen: 19949K->2240K(20480K)] 51156K->35494K(66560K), 0.0012770 secs] [Times: user=0.01 sys=0.00, real=0.00 secs] 
116.565: Total time for which application threads were stopped: 0.0014100 seconds, Stopping threads took: 0.0000710 seconds
116.597: Application time: 0.0316190 seconds
116.597: [GC [PSYoungGen: 19619K->2304K(20480K)] 52873K->38630K(66560K), 0.0015120 secs] [Times: user=0.01 sys=0.00, real=0.00 secs] 
116.598: Total time for which application threads were stopped: 0.0016700 seconds, Stopping threads took: 0.0000870 seconds
116.631: Application time: 0.0328240 seconds
116.631: [GC [PSYoungGen: 19819K->2304K(20480K)] 56145K->40678K(66560K), 0.0011400 secs] [Times: user=0.00 sys=0.00, real=0.00 secs] 
116.632: Total time for which application threads were stopped: 0.0012830 seconds, Stopping threads took: 0.0000680 seconds
116.665: Application time: 0.0326180 seconds
116.665: [GC [PSYoungGen: 19801K->2304K(20480K)] 58176K->42726K(66560K), 0.0012860 secs] [Times: user=0.01 sys=0.00, real=0.00 secs] 
116.666: Total time for which application threads were stopped: 0.0014200 seconds, Stopping threads took: 0.0000690 seconds
116.696: Application time: 0.0297500 seconds
116.696: [GC [PSYoungGen: 19613K->2304K(20480K)] 60036K->45798K(66560K), 0.0013810 secs] [Times: user=0.01 sys=0.00, real=0.00 secs] 
116.698: [Full GC [PSYoungGen: 2304K->0K(20480K)] [ParOldGen: 43494K->8915K(46080K)] 45798K->8915K(66560K) [PSPermGen: 5503K->5503K(21504K)], 0.0056510 secs] [Times: user=0.02 sys=0.00, real=0.01 secs] 
116.703: Total time for which application threads were stopped: 0.0072270 seconds, Stopping threads took: 0.0000720 seconds
116.739: Application time: 0.0361270 seconds
116.740: [GC [PSYoungGen: 17713K->2304K(20480K)] 26628K->13267K(66560K), 0.0011800 secs] [Times: user=0.01 sys=0.00, real=0.00 secs] 
116.741: Total time for which application threads were stopped: 0.0013170 seconds, Stopping threads took: 0.0000690 seconds
116.769: Application time: 0.0286060 seconds
116.770: [GC [PSYoungGen: 19771K->2304K(20480K)] 30735K->16339K(66560K), 0.0015300 secs] [Times: user=0.01 sys=0.00, real=0.01 secs] 
116.771: Total time for which application threads were stopped: 0.0016590 seconds, Stopping threads took: 0.0000610 seconds
116.807: Application time: 0.0362370 seconds
116.807: [GC [PSYoungGen: 20218K->2368K(20480K)] 34254K->18451K(66560K), 0.0011600 secs] [Times: user=0.01 sys=0.00, real=0.00 secs] 
116.809: Total time for which application threads were stopped: 0.0013010 seconds, Stopping threads took: 0.0000770 seconds
116.838: Application time: 0.0298720 seconds
116.839: [GC [PSYoungGen: 20165K->2464K(20480K)] 36249K->20595K(66560K), 0.0012150 secs] [Times: user=0.00 sys=0.00, real=0.00 secs] 
116.840: Total time for which application threads were stopped: 0.0013420 seconds, Stopping threads took: 0.0000660 seconds
116.873: Application time: 0.0334840 seconds
116.873: [GC [PSYoungGen: 19864K->2544K(20480K)] 37996K->23748K(66560K), 0.0015360 secs] [Times: user=0.01 sys=0.00, real=0.00 secs] 
116.875: Total time for which application threads were stopped: 0.0016800 seconds, Stopping threads took: 0.0000760 seconds
116.904: Application time: 0.0287370 seconds
116.904: [GC [PSYoungGen: 20085K->2496K(20480K)] 41289K->27796K(66560K), 0.0017560 secs] [Times: user=0.02 sys=0.00, real=0.00 secs] 
116.906: Total time for which application threads were stopped: 0.0019020 seconds, Stopping threads took: 0.0000750 seconds
116.940: Application time: 0.0346960 seconds
116.940: [GC [PSYoungGen: 19791K->2528K(20480K)] 45091K->30900K(66560K), 0.0016230 secs] [Times: user=0.01 sys=0.00, real=0.00 secs] 
116.942: Total time for which application threads were stopped: 0.0017600 seconds, Stopping threads took: 0.0000670 seconds
116.972: Application time: 0.0300500 seconds
116.972: [GC [PSYoungGen: 20263K->2512K(20480K)] 48635K->36004K(66560K), 0.0019710 secs] [Times: user=0.02 sys=0.00, real=0.00 secs] 
116.974: Total time for which application threads were stopped: 0.0021090 seconds, Stopping threads took: 0.0000670 seconds
117.010: Application time: 0.0360700 seconds
117.010: [GC [PSYoungGen: 19837K->2512K(20480K)] 53329K->39076K(66560K), 0.0016260 secs] [Times: user=0.00 sys=0.00, real=0.01 secs] 
117.012: Total time for which application threads were stopped: 0.0017710 seconds, Stopping threads took: 0.0000760 seconds
117.035: Application time: 0.0231550 seconds
117.035: [GC [PSYoungGen: 20132K->2480K(20480K)] 56696K->44164K(66560K), 0.0022400 secs] [Times: user=0.01 sys=0.00, real=0.00 secs] 
117.038: [Full GC [PSYoungGen: 2480K->0K(20480K)] [ParOldGen: 41684K->10707K(46080K)] 44164K->10707K(66560K) [PSPermGen: 5503K->5503K(21504K)], 0.0063410 secs] [Times: user=0.03 sys=0.00, real=0.01 secs] 
117.044: Total time for which application threads were stopped: 0.0087750 seconds, Stopping threads took: 0.0000780 seconds
117.086: Application time: 0.0421320 seconds
117.086: [GC [PSYoungGen: 17424K->2272K(20480K)] 28131K->16051K(66560K), 0.0014850 secs] [Times: user=0.00 sys=0.00, real=0.00 secs] 
117.088: Total time for which application threads were stopped: 0.0016330 seconds, Stopping threads took: 0.0000750 seconds
117.112: Application time: 0.0239740 seconds
117.112: [GC [PSYoungGen: 19891K->2304K(20480K)] 33670K->21203K(66560K), 0.0021060 secs] [Times: user=0.02 sys=0.00, real=0.00 secs] 
117.114: Total time for which application threads were stopped: 0.0022450 seconds, Stopping threads took: 0.0000680 seconds
117.153: Application time: 0.0393560 seconds
117.153: [GC [PSYoungGen: 19557K->2272K(20480K)] 38457K->23219K(66560K), 0.0012350 secs] [Times: user=0.01 sys=0.00, real=0.00 secs] 
117.155: Total time for which application threads were stopped: 0.0013810 seconds, Stopping threads took: 0.0000710 seconds
117.181: Application time: 0.0266840 seconds
117.182: [GC [PSYoungGen: 20075K->2304K(20480K)] 41022K->28371K(66560K), 0.0020760 secs] [Times: user=0.02 sys=0.00, real=0.00 secs] 
117.184: Total time for which application threads were stopped: 0.0022150 seconds, Stopping threads took: 0.0000680 seconds
117.219: Application time: 0.0348900 seconds
117.219: [GC [PSYoungGen: 20224K->2240K(20480K)] 46291K->32403K(66560K), 0.0017640 secs] [Times: user=0.00 sys=0.00, real=0.00 secs] 
117.220: Total time for which application threads were stopped: 0.0019030 seconds, Stopping threads took: 0.0000710 seconds
117.251: Application time: 0.0300510 seconds
117.251: [GC [PSYoungGen: 19351K->2304K(20480K)] 49514K->37587K(66560K), 0.0019740 secs] [Times: user=0.02 sys=0.00, real=0.00 secs] 
117.253: Total time for which application threads were stopped: 0.0021150 seconds, Stopping threads took: 0.0000720 seconds
117.287: Application time: 0.0343740 seconds
117.287: [GC [PSYoungGen: 20199K->2304K(20480K)] 55482K->40659K(66560K), 0.0015480 secs] [Times: user=0.01 sys=0.00, real=0.00 secs] 
117.289: Total time for which application threads were stopped: 0.0017030 seconds, Stopping threads took: 0.0000860 seconds
117.318: Application time: 0.0297830 seconds
117.319: [GC [PSYoungGen: 19444K->2208K(20480K)] 57800K->45683K(66560K), 0.0021200 secs] [Times: user=0.01 sys=0.00, real=0.00 secs] 
117.321: [Full GC [PSYoungGen: 2208K->0K(20480K)] [ParOldGen: 43475K->10703K(46080K)] 45683K->10703K(66560K) [PSPermGen: 5503K->5503K(21504K)], 0.0067020 secs] [Times: user=0.03 sys=0.00, real=0.00 secs] 
117.328: Total time for which application threads were stopped: 0.0090140 seconds, Stopping threads took: 0.0000690 seconds
117.364: Application time: 0.0366220 seconds
117.364: [GC [PSYoungGen: 17917K->2304K(20480K)] 28620K->16079K(66560K), 0.0014640 secs] [Times: user=0.01 sys=0.00, real=0.00 secs] 
117.366: Total time for which application threads were stopped: 0.0016300 seconds, Stopping threads took: 0.0000960 seconds
117.395: Application time: 0.0289380 seconds
117.395: [GC [PSYoungGen: 19456K->2304K(20480K)] 33231K->21199K(66560K), 0.0020660 secs] [Times: user=0.02 sys=0.00, real=0.00 secs] 
117.397: Total time for which application threads were stopped: 0.0022130 seconds, Stopping threads took: 0.0000760 seconds
117.433: Application time: 0.0363620 seconds
117.433: [GC [PSYoungGen: 20224K->2320K(20480K)] 39119K->24287K(66560K), 0.0014530 secs] [Times: user=0.00 sys=0.01, real=0.00 secs] 
117.435: Total time for which application threads were stopped: 0.0016030 seconds, Stopping threads took: 0.0000830 seconds
117.464: Application time: 0.0292660 seconds
117.464: [GC [PSYoungGen: 19560K->2272K(20480K)] 41528K->28335K(66560K), 0.0018150 secs] [Times: user=0.01 sys=0.00, real=0.00 secs] 
117.466: Total time for which application threads were stopped: 0.0019580 seconds, Stopping threads took: 0.0000750 seconds
117.500: Application time: 0.0335990 seconds
117.500: [GC [PSYoungGen: 20030K->2336K(20480K)] 46093K->32495K(66560K), 0.0017620 secs] [Times: user=0.01 sys=0.00, real=0.00 secs] 
117.502: Total time for which application threads were stopped: 0.0019110 seconds, Stopping threads took: 0.0000790 seconds
117.534: Application time: 0.0322170 seconds
117.534: [GC [PSYoungGen: 20054K->2400K(20480K)] 50214K->36655K(66560K), 0.0017990 secs] [Times: user=0.01 sys=0.00, real=0.00 secs] 
117.536: Total time for which application threads were stopped: 0.0019400 seconds, Stopping threads took: 0.0000680 seconds
117.569: Application time: 0.0329100 seconds
117.569: [GC [PSYoungGen: 20258K->2512K(20480K)] 54513K->39839K(66560K), 0.0015910 secs] [Times: user=0.01 sys=0.00, real=0.00 secs] 
117.570: Total time for which application threads were stopped: 0.0017310 seconds, Stopping threads took: 0.0000730 seconds
117.604: Application time: 0.0333130 seconds
117.604: [GC [PSYoungGen: 20039K->2528K(20480K)] 57367K->42927K(66560K), 0.0014910 secs] [Times: user=0.01 sys=0.00, real=0.00 secs] 
117.605: [Full GC [PSYoungGen: 2528K->0K(20480K)] [ParOldGen: 40399K->8973K(46080K)] 42927K->8973K(66560K) [PSPermGen: 5503K->5503K(21504K)], 0.0057590 secs] [Times: user=0.02 sys=0.00, real=0.01 secs] 
117.611: Total time for which application threads were stopped: 0.0074760 seconds, Stopping threads took: 0.0001130 seconds
117.645: Application time: 0.0334870 seconds
117.645: [GC [PSYoungGen: 17668K->2304K(20480K)] 26642K->13325K(66560K), 0.0012220 secs] [Times: user=0.01 sys=0.00, real=0.00 secs] 
117.646: Total time for which application threads were stopped: 0.0013370 seconds, Stopping threads took: 0.0000470 seconds
117.679: Application time: 0.0329310 seconds
117.679: [GC [PSYoungGen: 19701K->2304K(20480K)] 30722K->14349K(66560K), 0.0009130 secs] [Times: user=0.00 sys=0.00, real=0.00 secs] 
117.680: Total time for which application threads were stopped: 0.0010590 seconds, Stopping threads took: 0.0000700 seconds
117.713: Application time: 0.0324780 seconds
117.715: [GC [PSYoungGen: 19889K->2304K(20480K)] 31935K->16397K(66560K), 0.0012610 secs] [Times: user=0.01 sys=0.00, real=0.00 secs] 
117.716: Total time for which application threads were stopped: 0.0032750 seconds, Stopping threads took: 0.0019520 seconds
117.742: Application time: 0.0266840 seconds
117.743: [GC [PSYoungGen: 19254K->2304K(20480K)] 33348K->19469K(66560K), 0.0015010 secs] [Times: user=0.01 sys=0.00, real=0.00 secs] 
117.744: Total time for which application threads were stopped: 0.0016550 seconds, Stopping threads took: 0.0000870 seconds
117.777: Application time: 0.0325010 seconds
117.779: [GC [PSYoungGen: 19873K->2304K(20480K)] 37039K->21517K(66560K), 0.0011810 secs] [Times: user=0.01 sys=0.00, real=0.00 secs] 
117.780: Total time for which application threads were stopped: 0.0030800 seconds, Stopping threads took: 0.0018340 seconds
117.813: Application time: 0.0332730 seconds
117.813: [GC [PSYoungGen: 19794K->2304K(20480K)] 39008K->24589K(66560K), 0.0014640 secs] [Times: user=0.01 sys=0.00, real=0.00 secs] 
117.815: Total time for which application threads were stopped: 0.0016000 seconds, Stopping threads took: 0.0000680 seconds
117.847: Application time: 0.0320310 seconds
117.847: [GC [PSYoungGen: 19796K->2304K(20480K)] 42082K->25613K(66560K), 0.0009370 secs] [Times: user=0.00 sys=0.00, real=0.00 secs] 
117.848: Total time for which application threads were stopped: 0.0010740 seconds, Stopping threads took: 0.0000740 seconds
117.882: Application time: 0.0340170 seconds
117.882: [GC [PSYoungGen: 20014K->2304K(20480K)] 43324K->28686K(66560K), 0.0014980 secs] [Times: user=0.01 sys=0.00, real=0.00 secs] 
117.883: Total time for which application threads were stopped: 0.0016410 seconds, Stopping threads took: 0.0000710 seconds
117.910: Application time: 0.0265240 seconds
117.910: [GC [PSYoungGen: 19426K->2304K(20480K)] 45808K->33806K(66560K), 0.0020360 secs] [Times: user=0.01 sys=0.00, real=0.01 secs] 
117.912: Total time for which application threads were stopped: 0.0021890 seconds, Stopping threads took: 0.0000810 seconds
117.951: Application time: 0.0392980 seconds
117.952: [GC [PSYoungGen: 20207K->2320K(20480K)] 51709K->35870K(66560K), 0.0012690 secs] [Times: user=0.01 sys=0.00, real=0.00 secs] 
117.953: Total time for which application threads were stopped: 0.0014330 seconds, Stopping threads took: 0.0000970 seconds
117.979: Application time: 0.0263440 seconds
117.979: [GC [PSYoungGen: 19476K->2304K(20480K)] 53026K->40974K(66560K), 0.0019620 secs] [Times: user=0.02 sys=0.00, real=0.00 secs] 
117.981: Total time for which application threads were stopped: 0.0020880 seconds, Stopping threads took: 0.0000570 seconds
118.019: Application time: 0.0378940 seconds
118.019: [GC [PSYoungGen: 20055K->2240K(20480K)] 58725K->42958K(66560K), 0.0011970 secs] [Times: user=0.01 sys=0.00, real=0.00 secs] 
118.021: [Full GC [PSYoungGen: 2240K->0K(20480K)] [ParOldGen: 40718K->7920K(46080K)] 42958K->7920K(66560K) [PSPermGen: 5503K->5503K(21504K)], 0.0053590 secs] [Times: user=0.02 sys=0.00, real=0.00 secs] 
118.026: Total time for which application threads were stopped: 0.0067540 seconds, Stopping threads took: 0.0000800 seconds
118.050: Application time: 0.0239240 seconds
118.050: [GC [PSYoungGen: 17272K->2304K(20480K)] 25193K->15344K(66560K), 0.0019820 secs] [Times: user=0.01 sys=0.00, real=0.01 secs] 
118.052: Total time for which application threads were stopped: 0.0021230 seconds, Stopping threads took: 0.0000650 seconds
118.093: Application time: 0.0409240 seconds
118.093: [GC [PSYoungGen: 20027K->2272K(20480K)] 33068K->17360K(66560K), 0.0011970 secs] [Times: user=0.01 sys=0.00, real=0.00 secs] 
118.094: Total time for which application threads were stopped: 0.0013610 seconds, Stopping threads took: 0.0000970 seconds
118.118: Application time: 0.0232860 seconds
118.118: [GC [PSYoungGen: 19531K->2304K(20480K)] 34620K->22512K(66560K), 0.0019470 secs] [Times: user=0.01 sys=0.00, real=0.01 secs] 
118.120: Total time for which application threads were stopped: 0.0020830 seconds, Stopping threads took: 0.0000660 seconds
118.161: Application time: 0.0416470 seconds
118.161: [GC [PSYoungGen: 20133K->2304K(20480K)] 40341K->24560K(66560K), 0.0011730 secs] [Times: user=0.01 sys=0.00, real=0.00 secs] 
118.163: Total time for which application threads were stopped: 0.0013110 seconds, Stopping threads took: 0.0000730 seconds
118.185: Application time: 0.0222820 seconds
118.185: [GC [PSYoungGen: 19644K->2304K(20480K)] 41901K->29680K(66560K), 0.0020270 secs] [Times: user=0.01 sys=0.00, real=0.00 secs] 
118.187: Total time for which application threads were stopped: 0.0021750 seconds, Stopping threads took: 0.0000680 seconds
118.228: Application time: 0.0409550 seconds
118.231: [GC [PSYoungGen: 20080K->2352K(20480K)] 47457K->31777K(66560K), 0.0012580 secs] [Times: user=0.01 sys=0.00, real=0.00 secs] 
118.232: Total time for which application threads were stopped: 0.0038070 seconds, Stopping threads took: 0.0024830 seconds
118.256: Application time: 0.0236840 seconds
118.256: [GC [PSYoungGen: 20053K->2432K(20480K)] 49478K->36977K(66560K), 0.0021110 secs] [Times: user=0.01 sys=0.00, real=0.00 secs] 
118.258: Total time for which application threads were stopped: 0.0022520 seconds, Stopping threads took: 0.0000720 seconds
118.298: Application time: 0.0400220 seconds
118.299: [GC [PSYoungGen: 20002K->2464K(20480K)] 54547K->40081K(66560K), 0.0015750 secs] [Times: user=0.01 sys=0.00, real=0.00 secs] 
118.300: Total time for which application threads were stopped: 0.0023390 seconds, Stopping threads took: 0.0006960 seconds
118.325: Application time: 0.0251860 seconds
118.325: [GC [PSYoungGen: 20270K->2496K(20480K)] 57887K->45233K(66560K), 0.0021740 secs] [Times: user=0.02 sys=0.00, real=0.00 secs] 
118.328: [Full GC [PSYoungGen: 2496K->0K(20480K)] [ParOldGen: 42737K->10704K(46080K)] 45233K->10704K(66560K) [PSPermGen: 5503K->5503K(21504K)], 0.0062550 secs] [Times: user=0.03 sys=0.00, real=0.01 secs] 
118.334: Total time for which application threads were stopped: 0.0086220 seconds, Stopping threads took: 0.0000760 seconds
118.373: Application time: 0.0388510 seconds
118.373: [GC [PSYoungGen: 17214K->2304K(20480K)] 27918K->15056K(66560K), 0.0012980 secs] [Times: user=0.00 sys=0.00, real=0.00 secs] 
118.374: Total time for which application threads were stopped: 0.0014440 seconds, Stopping threads took: 0.0000780 seconds
118.400: Application time: 0.0259630 seconds
118.400: [GC [PSYoungGen: 20145K->2304K(20480K)] 32897K->20176K(66560K), 0.0020380 secs] [Times: user=0.02 sys=0.00, real=0.00 secs] 
118.402: Total time for which application threads were stopped: 0.0022000 seconds, Stopping threads took: 0.0000920 seconds
118.442: Application time: 0.0400280 seconds
118.443: [GC [PSYoungGen: 19585K->2304K(20480K)] 37457K->22224K(66560K), 0.0012150 secs] [Times: user=0.01 sys=0.00, real=0.00 secs] 
118.444: Total time for which application threads were stopped: 0.0013610 seconds, Stopping threads took: 0.0000800 seconds
118.468: Application time: 0.0243480 seconds
118.468: [GC [PSYoungGen: 20026K->2272K(20480K)] 39946K->27312K(66560K), 0.0020390 secs] [Times: user=0.01 sys=0.00, real=0.00 secs] 
118.470: Total time for which application threads were stopped: 0.0021860 seconds, Stopping threads took: 0.0000770 seconds
118.510: Application time: 0.0400760 seconds
118.514: [GC [PSYoungGen: 19430K->2272K(20480K)] 44470K->28336K(66560K), 0.0010200 secs] [Times: user=0.00 sys=0.00, real=0.00 secs] 
118.515: Total time for which application threads were stopped: 0.0044760 seconds, Stopping threads took: 0.0033890 seconds
118.540: Application time: 0.0255910 seconds
118.541: [GC [PSYoungGen: 20175K->2304K(20480K)] 46240K->33488K(66560K), 0.0019980 secs] [Times: user=0.01 sys=0.00, real=0.00 secs] 
118.543: Total time for which application threads were stopped: 0.0021510 seconds, Stopping threads took: 0.0000810 seconds
118.581: Application time: 0.0380950 seconds
118.581: [GC [PSYoungGen: 20224K->2304K(20480K)] 51408K->37584K(66560K), 0.0017360 secs] [Times: user=0.01 sys=0.00, real=0.00 secs] 
118.583: Total time for which application threads were stopped: 0.0018800 seconds, Stopping threads took: 0.0000720 seconds
118.610: Application time: 0.0269990 seconds
118.610: [GC [PSYoungGen: 19414K->2304K(20480K)] 54695K->41680K(66560K), 0.0017330 secs] [Times: user=0.01 sys=0.00, real=0.01 secs] 
118.611: [Full GC [PSYoungGen: 2304K->0K(20480K)] [ParOldGen: 39376K->9685K(46080K)] 41680K->9685K(66560K) [PSPermGen: 5503K->5503K(21504K)], 0.0062160 secs] [Times: user=0.03 sys=0.00, real=0.00 secs] 
118.618: Total time for which application threads were stopped: 0.0081370 seconds, Stopping threads took: 0.0000700 seconds
118.657: Application time: 0.0387700 seconds
118.657: [GC [PSYoungGen: 17920K->2320K(20480K)] 27605K->15077K(66560K), 0.0014860 secs] [Times: user=0.01 sys=0.00, real=0.00 secs] 
118.658: Total time for which application threads were stopped: 0.0016270 seconds, Stopping threads took: 0.0000710 seconds
118.683: Application time: 0.0251410 seconds
118.683: [GC [PSYoungGen: 19433K->2304K(20480K)] 32191K->20181K(66560K), 0.0020370 secs] [Times: user=0.01 sys=0.00, real=0.00 secs] 
118.685: Total time for which application threads were stopped: 0.0021880 seconds, Stopping threads took: 0.0000800 seconds
118.725: Application time: 0.0399670 seconds
118.726: [GC [PSYoungGen: 20224K->2272K(20480K)] 38101K->21173K(66560K), 0.0009690 secs] [Times: user=0.00 sys=0.00, real=0.00 secs] 
118.727: Total time for which application threads were stopped: 0.0011130 seconds, Stopping threads took: 0.0000670 seconds
118.755: Application time: 0.0285350 seconds
118.755: [GC [PSYoungGen: 19372K->2320K(20480K)] 38273K->23269K(66560K), 0.0011560 secs] [Times: user=0.01 sys=0.00, real=0.00 secs] 
118.756: Total time for which application threads were stopped: 0.0012980 seconds, Stopping threads took: 0.0000770 seconds
118.791: Application time: 0.0342460 seconds
118.791: [GC [PSYoungGen: 19997K->2304K(20480K)] 40946K->25301K(66560K), 0.0011950 secs] [Times: user=0.01 sys=0.00, real=0.00 secs] 
118.792: Total time for which application threads were stopped: 0.0013250 seconds, Stopping threads took: 0.0000660 seconds
118.820: Application time: 0.0284930 seconds
118.821: [GC [PSYoungGen: 19489K->2304K(20480K)] 42487K->28373K(66560K), 0.0014640 secs] [Times: user=0.01 sys=0.00, real=0.00 secs] 
118.822: Total time for which application threads were stopped: 0.0016040 seconds, Stopping threads took: 0.0000680 seconds
118.859: Application time: 0.0367530 seconds
118.859: [GC [PSYoungGen: 20166K->2304K(20480K)] 46236K->29397K(66560K), 0.0008930 secs] [Times: user=0.01 sys=0.00, real=0.00 secs] 
118.860: Total time for which application threads were stopped: 0.0010200 seconds, Stopping threads took: 0.0000640 seconds
118.887: Application time: 0.0275640 seconds
118.888: [GC [PSYoungGen: 19534K->2336K(20480K)] 46627K->32501K(66560K), 0.0014240 secs] [Times: user=0.01 sys=0.00, real=0.00 secs] 
118.889: Total time for which application threads were stopped: 0.0015700 seconds, Stopping threads took: 0.0000790 seconds
118.919: Application time: 0.0303050 seconds
118.919: [GC [PSYoungGen: 19591K->2304K(20480K)] 49757K->36565K(66560K), 0.0017240 secs] [Times: user=0.01 sys=0.00, real=0.00 secs] 
118.921: Total time for which application threads were stopped: 0.0018540 seconds, Stopping threads took: 0.0000600 seconds
118.953: Application time: 0.0319670 seconds
118.953: [GC [PSYoungGen: 19273K->2400K(20480K)] 53535K->40757K(66560K), 0.0018270 secs] [Times: user=0.01 sys=0.00, real=0.00 secs] 
118.955: Total time for which application threads were stopped: 0.0019790 seconds, Stopping threads took: 0.0000820 seconds
118.985: Application time: 0.0296350 seconds
118.985: [GC [PSYoungGen: 19782K->2432K(20480K)] 58140K->44885K(66560K), 0.0017790 secs] [Times: user=0.01 sys=0.00, real=0.00 secs] 
118.987: [Full GC [PSYoungGen: 2432K->0K(20480K)] [ParOldGen: 42453K->9877K(46080K)] 44885K->9877K(66560K) [PSPermGen: 5503K->5503K(21504K)], 0.0059400 secs] [Times: user=0.03 sys=0.00, real=0.01 secs] 
118.993: Total time for which application threads were stopped: 0.0078950 seconds, Stopping threads took: 0.0000600 seconds
119.027: Application time: 0.0346640 seconds
119.027: [GC [PSYoungGen: 17839K->2336K(20480K)] 27717K->16310K(66560K), 0.0017600 secs] [Times: user=0.02 sys=0.00, real=0.00 secs] 
119.029: Total time for which application threads were stopped: 0.0019620 seconds, Stopping threads took: 0.0001270 seconds
119.057: Application time: 0.0272470 seconds
119.057: [GC [PSYoungGen: 19820K->2368K(20480K)] 33794K->21462K(66560K), 0.0020580 secs] [Times: user=0.02 sys=0.00, real=0.01 secs] 
119.059: Total time for which application threads were stopped: 0.0022190 seconds, Stopping threads took: 0.0000850 seconds
119.098: Application time: 0.0393730 seconds
119.098: [GC [PSYoungGen: 20111K->2368K(20480K)] 39205K->25558K(66560K), 0.0017520 secs] [Times: user=0.01 sys=0.00, real=0.01 secs] 
119.100: Total time for which application threads were stopped: 0.0019020 seconds, Stopping threads took: 0.0000790 seconds
119.127: Application time: 0.0270290 seconds
119.127: [GC [PSYoungGen: 19688K->2336K(20480K)] 42878K->30646K(66560K), 0.0019590 secs] [Times: user=0.01 sys=0.00, real=0.00 secs] 
119.129: Total time for which application threads were stopped: 0.0020950 seconds, Stopping threads took: 0.0000690 seconds
119.168: Application time: 0.0384490 seconds
119.168: [GC [PSYoungGen: 20034K->2320K(20480K)] 48344K->33702K(66560K), 0.0015040 secs] [Times: user=0.01 sys=0.00, real=0.00 secs] 
119.169: Total time for which application threads were stopped: 0.0016320 seconds, Stopping threads took: 0.0000620 seconds
119.194: Application time: 0.0249510 seconds
119.194: [GC [PSYoungGen: 19642K->2368K(20480K)] 51024K->38870K(66560K), 0.0020390 secs] [Times: user=0.02 sys=0.00, real=0.00 secs] 
119.196: Total time for which application threads were stopped: 0.0021890 seconds, Stopping threads took: 0.0000780 seconds
119.236: Application time: 0.0392780 seconds
119.236: [GC [PSYoungGen: 20009K->2352K(20480K)] 56511K->41926K(66560K), 0.0015290 secs] [Times: user=0.01 sys=0.00, real=0.00 secs] 
119.237: [Full GC [PSYoungGen: 2352K->0K(20480K)] [ParOldGen: 39574K->8942K(46080K)] 41926K->8942K(66560K) [PSPermGen: 5503K->5503K(21504K)], 0.0059190 secs] [Times: user=0.02 sys=0.00, real=0.01 secs] 
119.243: Total time for which application threads were stopped: 0.0076500 seconds, Stopping threads took: 0.0000770 seconds
119.269: Application time: 0.0253900 seconds
119.269: [GC [PSYoungGen: 17392K->2272K(20480K)] 26335K->16334K(66560K), 0.0019110 secs] [Times: user=0.01 sys=0.00, real=0.01 secs] 
119.271: Total time for which application threads were stopped: 0.0020540 seconds, Stopping threads took: 0.0000730 seconds
119.311: Application time: 0.0407300 seconds
119.312: [GC [PSYoungGen: 19985K->2304K(20480K)] 34048K->19438K(66560K), 0.0014380 secs] [Times: user=0.01 sys=0.00, real=0.00 secs] 
119.313: Total time for which application threads were stopped: 0.0015790 seconds, Stopping threads took: 0.0000750 seconds
119.335: Application time: 0.0215180 seconds
119.335: [GC [PSYoungGen: 19584K->2304K(20480K)] 36719K->24558K(66560K), 0.0020180 secs] [Times: user=0.02 sys=0.00, real=0.00 secs] 
119.337: Total time for which application threads were stopped: 0.0021610 seconds, Stopping threads took: 0.0000710 seconds
119.380: Application time: 0.0436680 seconds
119.381: [GC [PSYoungGen: 20025K->2304K(20480K)] 42280K->26606K(66560K), 0.0011310 secs] [Times: user=0.00 sys=0.00, real=0.00 secs] 
119.382: Total time for which application threads were stopped: 0.0012760 seconds, Stopping threads took: 0.0000760 seconds
119.404: Application time: 0.0217900 seconds
119.404: [GC [PSYoungGen: 19654K->2304K(20480K)] 43957K->31727K(66560K), 0.0020260 secs] [Times: user=0.01 sys=0.00, real=0.00 secs] 
119.406: Total time for which application threads were stopped: 0.0021750 seconds, Stopping threads took: 0.0000800 seconds
119.444: Application time: 0.0381570 seconds
119.444: [GC [PSYoungGen: 19454K->2320K(20480K)] 48877K->33791K(66560K), 0.0012490 secs] [Times: user=0.00 sys=0.00, real=0.00 secs] 
119.445: Total time for which application threads were stopped: 0.0013890 seconds, Stopping threads took: 0.0000730 seconds
119.472: Application time: 0.0263740 seconds
119.472: [GC [PSYoungGen: 20238K->2272K(20480K)] 51709K->38863K(66560K), 0.0021510 secs] [Times: user=0.01 sys=0.00, real=0.00 secs] 
119.474: Total time for which application threads were stopped: 0.0023940 seconds, Stopping threads took: 0.0001710 seconds
119.513: Application time: 0.0391970 seconds
119.513: [GC [PSYoungGen: 19362K->2272K(20480K)] 55953K->39887K(66560K), 0.0010130 secs] [Times: user=0.01 sys=0.00, real=0.00 secs] 
119.514: Total time for which application threads were stopped: 0.0011530 seconds, Stopping threads took: 0.0000770 seconds
119.541: Application time: 0.0268320 seconds
119.541: [GC [PSYoungGen: 19202K->2320K(20480K)] 56817K->44031K(66560K), 0.0017670 secs] [Times: user=0.01 sys=0.00, real=0.00 secs] 
119.543: [Full GC [PSYoungGen: 2320K->0K(20480K)] [ParOldGen: 41711K->9697K(46080K)] 44031K->9697K(66560K) [PSPermGen: 5503K->5503K(21504K)], 0.0061330 secs] [Times: user=0.03 sys=0.00, real=0.00 secs] 
119.549: Total time for which application threads were stopped: 0.0080820 seconds, Stopping threads took: 0.0000710 seconds
119.585: Application time: 0.0360970 seconds
119.585: [GC [PSYoungGen: 16971K->2320K(20480K)] 26668K->13041K(66560K), 0.0009790 secs] [Times: user=0.01 sys=0.00, real=0.00 secs] 
119.586: Total time for which application threads were stopped: 0.0011140 seconds, Stopping threads took: 0.0000700 seconds
119.613: Application time: 0.0260360 seconds
119.613: [GC [PSYoungGen: 19363K->2352K(20480K)] 30084K->17169K(66560K), 0.0016750 secs] [Times: user=0.02 sys=0.00, real=0.00 secs] 
119.614: Total time for which application threads were stopped: 0.0018240 seconds, Stopping threads took: 0.0000780 seconds
119.651: Application time: 0.0369910 seconds
119.651: [GC [PSYoungGen: 20043K->2320K(20480K)] 34860K->19185K(66560K), 0.0011870 secs] [Times: user=0.01 sys=0.00, real=0.00 secs] 
119.653: Total time for which application threads were stopped: 0.0013230 seconds, Stopping threads took: 0.0000750 seconds
119.679: Application time: 0.0262700 seconds
119.679: [GC [PSYoungGen: 19975K->2464K(20480K)] 36840K->23425K(66560K), 0.0018050 secs] [Times: user=0.01 sys=0.00, real=0.00 secs] 
119.681: Total time for which application threads were stopped: 0.0019560 seconds, Stopping threads took: 0.0000830 seconds
119.717: Application time: 0.0360770 seconds
119.717: [GC [PSYoungGen: 20292K->2464K(20480K)] 41253K->26497K(66560K), 0.0015160 secs] [Times: user=0.01 sys=0.00, real=0.01 secs] 
119.719: Total time for which application threads were stopped: 0.0016490 seconds, Stopping threads took: 0.0000660 seconds
119.748: Application time: 0.0292670 seconds
119.748: [GC [PSYoungGen: 19945K->2528K(20480K)] 43978K->30657K(66560K), 0.0018200 secs] [Times: user=0.01 sys=0.00, real=0.00 secs] 
119.750: Total time for which application threads were stopped: 0.0019650 seconds, Stopping threads took: 0.0000660 seconds
119.783: Application time: 0.0330180 seconds
119.783: [GC [PSYoungGen: 19937K->2512K(20480K)] 48066K->32689K(66560K), 0.0012410 secs] [Times: user=0.01 sys=0.00, real=0.00 secs] 
119.784: Total time for which application threads were stopped: 0.0013880 seconds, Stopping threads took: 0.0000790 seconds
119.817: Application time: 0.0327850 seconds
119.817: [GC [PSYoungGen: 20161K->2528K(20480K)] 50339K->35777K(66560K), 0.0016020 secs] [Times: user=0.01 sys=0.00, real=0.01 secs] 
119.819: Total time for which application threads were stopped: 0.0017470 seconds, Stopping threads took: 0.0000780 seconds
119.850: Application time: 0.0307830 seconds
119.850: [GC [PSYoungGen: 19741K->2496K(20480K)] 52991K->38817K(66560K), 0.0014990 secs] [Times: user=0.01 sys=0.00, real=0.01 secs] 
119.851: Total time for which application threads were stopped: 0.0016430 seconds, Stopping threads took: 0.0000780 seconds
119.886: Application time: 0.0345190 seconds
119.886: [GC [PSYoungGen: 20313K->2512K(20480K)] 56635K->41905K(66560K), 0.0015550 secs] [Times: user=0.01 sys=0.00, real=0.00 secs] 
119.887: Total time for which application threads were stopped: 0.0017130 seconds, Stopping threads took: 0.0000910 seconds
119.915: Application time: 0.0273030 seconds
119.915: [GC [PSYoungGen: 19641K->2496K(20480K)] 59035K->45985K(66560K), 0.0018620 secs] [Times: user=0.02 sys=0.00, real=0.00 secs] 
119.917: [Full GC [PSYoungGen: 2496K->0K(20480K)] [ParOldGen: 43489K->9964K(46080K)] 45985K->9964K(66560K) [PSPermGen: 5503K->5503K(21504K)], 0.0062860 secs] [Times: user=0.02 sys=0.00, real=0.01 secs] 
119.923: Total time for which application threads were stopped: 0.0083380 seconds, Stopping threads took: 0.0000740 seconds
119.960: Application time: 0.0371170 seconds
119.960: [GC [PSYoungGen: 17739K->2304K(20480K)] 27703K->15340K(66560K), 0.0016410 secs] [Times: user=0.01 sys=0.00, real=0.00 secs] 
119.962: Total time for which application threads were stopped: 0.0017940 seconds, Stopping threads took: 0.0000770 seconds
119.991: Application time: 0.0287640 seconds
119.991: [GC [PSYoungGen: 19612K->2304K(20480K)] 32649K->19436K(66560K), 0.0016850 secs] [Times: user=0.01 sys=0.00, real=0.00 secs] 
119.993: Total time for which application threads were stopped: 0.0018230 seconds, Stopping threads took: 0.0000700 seconds
120.028: Application time: 0.0355740 seconds
120.028: [GC [PSYoungGen: 19946K->2304K(20480K)] 37078K->22508K(66560K), 0.0015170 secs] [Times: user=0.01 sys=0.00, real=0.00 secs] 
120.030: Total time for which application threads were stopped: 0.0016530 seconds, Stopping threads took: 0.0000680 seconds
120.060: Application time: 0.0305970 seconds
120.061: [GC [PSYoungGen: 19729K->2304K(20480K)] 39933K->25580K(66560K), 0.0014100 secs] [Times: user=0.01 sys=0.00, real=0.00 secs] 
120.062: Total time for which application threads were stopped: 0.0015450 seconds, Stopping threads took: 0.0000660 seconds
120.097: Application time: 0.0345160 seconds
120.097: [GC [PSYoungGen: 19868K->2304K(20480K)] 43145K->28652K(66560K), 0.0015230 secs] [Times: user=0.01 sys=0.00, real=0.00 secs] 
120.098: Total time for which application threads were stopped: 0.0016660 seconds, Stopping threads took: 0.0000780 seconds
120.124: Application time: 0.0257220 seconds
120.124: [GC [PSYoungGen: 19698K->2304K(20480K)] 46046K->33772K(66560K), 0.0020540 secs] [Times: user=0.01 sys=0.00, real=0.00 secs] 
120.126: Total time for which application threads were stopped: 0.0021940 seconds, Stopping threads took: 0.0000700 seconds
120.167: Application time: 0.0407500 seconds
120.167: [GC [PSYoungGen: 20019K->2304K(20480K)] 51488K->36844K(66560K), 0.0014950 secs] [Times: user=0.01 sys=0.00, real=0.00 secs] 
120.169: Total time for which application threads were stopped: 0.0016260 seconds, Stopping threads took: 0.0000650 seconds
120.194: Application time: 0.0256540 seconds
120.194: [GC [PSYoungGen: 19650K->2304K(20480K)] 54190K->41964K(66560K), 0.0020390 secs] [Times: user=0.02 sys=0.00, real=0.00 secs] 
120.196: Total time for which application threads were stopped: 0.0021860 seconds, Stopping threads took: 0.0000750 seconds
120.237: Application time: 0.0408330 seconds
120.237: [GC [PSYoungGen: 20035K->2320K(20480K)] 59696K->45052K(66560K), 0.0014410 secs] [Times: user=0.01 sys=0.00, real=0.01 secs] 
120.239: [Full GC [PSYoungGen: 2320K->0K(20480K)] [ParOldGen: 42732K->8956K(46080K)] 45052K->8956K(66560K) [PSPermGen: 5503K->5503K(21504K)], 0.0058800 secs] [Times: user=0.02 sys=0.00, real=0.00 secs] 
120.245: Total time for which application threads were stopped: 0.0075120 seconds, Stopping threads took: 0.0000790 seconds
120.269: Application time: 0.0240300 seconds
120.269: [GC [PSYoungGen: 17298K->2304K(20480K)] 26254K->16380K(66560K), 0.0020790 secs] [Times: user=0.01 sys=0.00, real=0.01 secs] 
120.271: Total time for which application threads were stopped: 0.0022220 seconds, Stopping threads took: 0.0000620 seconds
120.311: Application time: 0.0397010 seconds
120.311: [GC [PSYoungGen: 19932K->2304K(20480K)] 34008K->18428K(66560K), 0.0011710 secs] [Times: user=0.01 sys=0.00, real=0.00 secs] 
120.312: Total time for which application threads were stopped: 0.0013080 seconds, Stopping threads took: 0.0000740 seconds
120.338: Application time: 0.0255420 seconds
120.338: [GC [PSYoungGen: 19839K->2336K(20480K)] 35964K->23580K(66560K), 0.0019430 secs] [Times: user=0.01 sys=0.00, real=0.01 secs] 
120.340: Total time for which application threads were stopped: 0.0021030 seconds, Stopping threads took: 0.0000900 seconds
120.376: Application time: 0.0359390 seconds
120.376: [GC [PSYoungGen: 19680K->2400K(20480K)] 40925K->27741K(66560K), 0.0017240 secs] [Times: user=0.01 sys=0.00, real=0.00 secs] 
120.377: Total time for which application threads were stopped: 0.0018560 seconds, Stopping threads took: 0.0000650 seconds
120.404: Application time: 0.0265550 seconds
120.404: [GC [PSYoungGen: 19457K->2368K(20480K)] 44798K->32829K(66560K), 0.0020340 secs] [Times: user=0.01 sys=0.00, real=0.00 secs] 
120.406: Total time for which application threads were stopped: 0.0021780 seconds, Stopping threads took: 0.0000730 seconds
120.441: Application time: 0.0348670 seconds
120.441: [GC [PSYoungGen: 19546K->2496K(20480K)] 50007K->37053K(66560K), 0.0018720 secs] [Times: user=0.01 sys=0.00, real=0.00 secs] 
120.443: Total time for which application threads were stopped: 0.0020190 seconds, Stopping threads took: 0.0000740 seconds
120.470: Application time: 0.0271160 seconds
120.470: [GC [PSYoungGen: 19608K->2528K(20480K)] 54165K->41181K(66560K), 0.0018650 secs] [Times: user=0.01 sys=0.00, real=0.01 secs] 
120.472: Total time for which application threads were stopped: 0.0020150 seconds, Stopping threads took: 0.0000800 seconds
120.509: Application time: 0.0364890 seconds
120.509: [GC [PSYoungGen: 20448K->2480K(20480K)] 59101K->45229K(66560K), 0.0018590 secs] [Times: user=0.01 sys=0.00, real=0.01 secs] 
120.511: [Full GC [PSYoungGen: 2480K->0K(20480K)] [ParOldGen: 42749K->9703K(46080K)] 45229K->9703K(66560K) [PSPermGen: 5503K->5503K(21504K)], 0.0062440 secs] [Times: user=0.02 sys=0.00, real=0.00 secs] 
120.517: Total time for which application threads were stopped: 0.0083020 seconds, Stopping threads took: 0.0000810 seconds
120.547: Application time: 0.0295490 seconds
120.547: [GC [PSYoungGen: 17122K->2304K(20480K)] 26826K->16103K(66560K), 0.0016880 secs] [Times: user=0.01 sys=0.00, real=0.00 secs] 
120.548: Total time for which application threads were stopped: 0.0018400 seconds, Stopping threads took: 0.0000810 seconds
120.584: Application time: 0.0352340 seconds
120.584: [GC [PSYoungGen: 20163K->2304K(20480K)] 33962K->19175K(66560K), 0.0014360 secs] [Times: user=0.01 sys=0.00, real=0.00 secs] 
120.585: Total time for which application threads were stopped: 0.0015680 seconds, Stopping threads took: 0.0000630 seconds
120.614: Application time: 0.0285350 seconds
120.614: [GC [PSYoungGen: 19424K->2304K(20480K)] 36296K->23271K(66560K), 0.0017660 secs] [Times: user=0.01 sys=0.00, real=0.00 secs] 
120.616: Total time for which application threads were stopped: 0.0019180 seconds, Stopping threads took: 0.0000850 seconds
120.652: Application time: 0.0361570 seconds
120.652: [GC [PSYoungGen: 20174K->2272K(20480K)] 41142K->25287K(66560K), 0.0012360 secs] [Times: user=0.01 sys=0.00, real=0.00 secs] 
120.653: Total time for which application threads were stopped: 0.0013790 seconds, Stopping threads took: 0.0000790 seconds
120.683: Application time: 0.0298600 seconds
120.683: [GC [PSYoungGen: 19464K->2304K(20480K)] 42480K->28391K(66560K), 0.0014100 secs] [Times: user=0.01 sys=0.00, real=0.00 secs] 
120.685: Total time for which application threads were stopped: 0.0015480 seconds, Stopping threads took: 0.0000720 seconds
120.718: Application time: 0.0335770 seconds
120.718: [GC [PSYoungGen: 19938K->2304K(20480K)] 46026K->30440K(66560K), 0.0011440 secs] [Times: user=0.01 sys=0.00, real=0.01 secs] 
120.719: Total time for which application threads were stopped: 0.0012770 seconds, Stopping threads took: 0.0000680 seconds
120.752: Application time: 0.0320980 seconds
120.752: [GC [PSYoungGen: 19722K->2272K(20480K)] 47858K->33480K(66560K), 0.0014660 secs] [Times: user=0.01 sys=0.00, real=0.00 secs] 
120.753: Total time for which application threads were stopped: 0.0016120 seconds, Stopping threads took: 0.0000790 seconds
120.787: Application time: 0.0337970 seconds
120.787: [GC [PSYoungGen: 19893K->2288K(20480K)] 51101K->34520K(66560K), 0.0009100 secs] [Times: user=0.00 sys=0.00, real=0.00 secs] 
120.788: Total time for which application threads were stopped: 0.0010360 seconds, Stopping threads took: 0.0000540 seconds
120.820: Application time: 0.0320580 seconds
120.820: [GC [PSYoungGen: 19713K->2272K(20480K)] 51945K->37576K(66560K), 0.0014500 secs] [Times: user=0.01 sys=0.00, real=0.00 secs] 
120.822: Total time for which application threads were stopped: 0.0015800 seconds, Stopping threads took: 0.0000590 seconds
120.850: Application time: 0.0287270 seconds
120.850: [GC [PSYoungGen: 19499K->2272K(20480K)] 54803K->40648K(66560K), 0.0014040 secs] [Times: user=0.01 sys=0.00, real=0.00 secs] 
120.852: Total time for which application threads were stopped: 0.0015490 seconds, Stopping threads took: 0.0000730 seconds
120.891: Application time: 0.0390850 seconds
120.891: [GC [PSYoungGen: 20140K->2272K(20480K)] 58516K->43720K(66560K), 0.0015210 secs] [Times: user=0.01 sys=0.00, real=0.00 secs] 
120.893: [Full GC [PSYoungGen: 2272K->0K(20480K)] [ParOldGen: 41448K->8943K(46080K)] 43720K->8943K(66560K) [PSPermGen: 5503K->5503K(21504K)], 0.0064800 secs] [Times: user=0.02 sys=0.00, real=0.01 secs] 
120.899: Total time for which application threads were stopped: 0.0082040 seconds, Stopping threads took: 0.0000880 seconds
120.927: Application time: 0.0282500 seconds
120.931: [GC [PSYoungGen: 17155K->2304K(20480K)] 26098K->14319K(66560K), 0.0014990 secs] [Times: user=0.01 sys=0.00, real=0.00 secs] 
120.932: Total time for which application threads were stopped: 0.0046330 seconds, Stopping threads took: 0.0030660 seconds
120.970: Application time: 0.0375770 seconds
120.971: [GC [PSYoungGen: 19614K->2304K(20480K)] 31629K->17391K(66560K), 0.0014780 secs] [Times: user=0.01 sys=0.00, real=0.00 secs] 
120.972: Total time for which application threads were stopped: 0.0023990 seconds, Stopping threads took: 0.0008530 seconds
121.008: Application time: 0.0363510 seconds
121.011: [GC [PSYoungGen: 20217K->2272K(20480K)] 35304K->21455K(66560K), 0.0018010 secs] [Times: user=0.01 sys=0.00, real=0.00 secs] 
121.012: Total time for which application threads were stopped: 0.0040140 seconds, Stopping threads took: 0.0021440 seconds
121.041: Application time: 0.0290660 seconds
121.042: [GC [PSYoungGen: 19281K->2320K(20480K)] 38464K->25599K(66560K), 0.0017550 secs] [Times: user=0.01 sys=0.00, real=0.00 secs] 
121.043: Total time for which application threads were stopped: 0.0019250 seconds, Stopping threads took: 0.0000960 seconds
121.077: Application time: 0.0331570 seconds
121.077: [GC [PSYoungGen: 19256K->2304K(20480K)] 42535K->28655K(66560K), 0.0015610 secs] [Times: user=0.01 sys=0.00, real=0.00 secs] 
121.078: Total time for which application threads were stopped: 0.0017050 seconds, Stopping threads took: 0.0000780 seconds
121.109: Application time: 0.0310960 seconds
121.110: [GC [PSYoungGen: 19761K->2368K(20480K)] 46112K->31791K(66560K), 0.0015940 secs] [Times: user=0.01 sys=0.00, real=0.01 secs] 
121.111: Total time for which application threads were stopped: 0.0017490 seconds, Stopping threads took: 0.0000840 seconds
121.142: Application time: 0.0310870 seconds
121.142: [GC [PSYoungGen: 19299K->2448K(20480K)] 48722K->33919K(66560K), 0.0012410 secs] [Times: user=0.01 sys=0.00, real=0.00 secs] 
121.144: Total time for which application threads were stopped: 0.0013890 seconds, Stopping threads took: 0.0000820 seconds
121.175: Application time: 0.0310570 seconds
121.175: [GC [PSYoungGen: 19768K->2512K(20480K)] 51240K->37055K(66560K), 0.0015260 secs] [Times: user=0.01 sys=0.00, real=0.00 secs] 
121.176: Total time for which application threads were stopped: 0.0016790 seconds, Stopping threads took: 0.0000830 seconds
121.208: Application time: 0.0313400 seconds
121.208: [GC [PSYoungGen: 20076K->2448K(20480K)] 54619K->40063K(66560K), 0.0015660 secs] [Times: user=0.01 sys=0.00, real=0.00 secs] 
121.209: Total time for which application threads were stopped: 0.0017170 seconds, Stopping threads took: 0.0000850 seconds
121.243: Application time: 0.0336060 seconds
121.243: [GC [PSYoungGen: 19884K->2496K(20480K)] 57499K->43183K(66560K), 0.0015850 secs] [Times: user=0.01 sys=0.00, real=0.00 secs] 
121.245: Total time for which application threads were stopped: 0.0017220 seconds, Stopping threads took: 0.0000670 seconds
121.278: Application time: 0.0329730 seconds
121.278: [GC [PSYoungGen: 20125K->2464K(20480K)] 60813K->45199K(66560K), 0.0013130 secs] [Times: user=0.01 sys=0.00, real=0.01 secs] 
121.279: [Full GC [PSYoungGen: 2464K->0K(20480K)] [ParOldGen: 42735K->7922K(46080K)] 45199K->7922K(66560K) [PSPermGen: 5503K->5503K(21504K)], 0.0057580 secs] [Times: user=0.03 sys=0.00, real=0.00 secs] 
121.285: Total time for which application threads were stopped: 0.0072590 seconds, Stopping threads took: 0.0000760 seconds
121.317: Application time: 0.0322650 seconds
121.317: [GC [PSYoungGen: 17368K->2304K(20480K)] 25290K->12274K(66560K), 0.0012850 secs] [Times: user=0.01 sys=0.00, real=0.01 secs] 
121.319: Total time for which application threads were stopped: 0.0014360 seconds, Stopping threads took: 0.0000780 seconds
121.352: Application time: 0.0334690 seconds
121.352: [GC [PSYoungGen: 19992K->2304K(20480K)] 29962K->13298K(66560K), 0.0009440 secs] [Times: user=0.01 sys=0.00, real=0.00 secs] 
121.353: Total time for which application threads were stopped: 0.0010820 seconds, Stopping threads took: 0.0000750 seconds
121.386: Application time: 0.0331720 seconds
121.387: [GC [PSYoungGen: 19754K->2272K(20480K)] 30749K->14290K(66560K), 0.0010140 secs] [Times: user=0.01 sys=0.00, real=0.00 secs] 
121.388: Total time for which application threads were stopped: 0.0011830 seconds, Stopping threads took: 0.0001030 seconds
121.420: Application time: 0.0323270 seconds
121.420: [GC [PSYoungGen: 19758K->2304K(20480K)] 31776K->16370K(66560K), 0.0011730 secs] [Times: user=0.00 sys=0.00, real=0.00 secs] 
121.421: Total time for which application threads were stopped: 0.0012940 seconds, Stopping threads took: 0.0000560 seconds
121.455: Application time: 0.0337800 seconds
121.455: [GC [PSYoungGen: 19870K->2304K(20480K)] 33937K->19442K(66560K), 0.0014900 secs] [Times: user=0.01 sys=0.00, real=0.00 secs] 
121.457: Total time for which application threads were stopped: 0.0016480 seconds, Stopping threads took: 0.0000900 seconds
121.479: Application time: 0.0226380 seconds
121.479: [GC [PSYoungGen: 19457K->2240K(20480K)] 36595K->23474K(66560K), 0.0018330 secs] [Times: user=0.01 sys=0.00, real=0.00 secs] 
121.481: Total time for which application threads were stopped: 0.0019840 seconds, Stopping threads took: 0.0000820 seconds
121.525: Application time: 0.0433240 seconds
121.525: [GC [PSYoungGen: 20155K->2240K(20480K)] 41389K->25522K(66560K), 0.0013540 secs] [Times: user=0.01 sys=0.00, real=0.00 secs] 
121.526: Total time for which application threads were stopped: 0.0015040 seconds, Stopping threads took: 0.0000750 seconds
121.549: Application time: 0.0225310 seconds
121.549: [GC [PSYoungGen: 19394K->2304K(20480K)] 42676K->28658K(66560K), 0.0014770 secs] [Times: user=0.01 sys=0.00, real=0.00 secs] 
121.550: Total time for which application threads were stopped: 0.0016260 seconds, Stopping threads took: 0.0000840 seconds
121.592: Application time: 0.0414790 seconds
121.592: [GC [PSYoungGen: 20051K->2304K(20480K)] 46405K->30706K(66560K), 0.0011660 secs] [Times: user=0.01 sys=0.00, real=0.00 secs] 
121.593: Total time for which application threads were stopped: 0.0012950 seconds, Stopping threads took: 0.0000630 seconds
121.617: Application time: 0.0239290 seconds
121.617: [GC [PSYoungGen: 19598K->2272K(20480K)] 48000K->34770K(66560K), 0.0017210 secs] [Times: user=0.01 sys=0.00, real=0.01 secs] 
121.619: Total time for which application threads were stopped: 0.0018630 seconds, Stopping threads took: 0.0000680 seconds
121.655: Application time: 0.0356510 seconds
121.655: [GC [PSYoungGen: 19404K->2272K(20480K)] 51903K->36818K(66560K), 0.0012390 secs] [Times: user=0.01 sys=0.00, real=0.00 secs] 
121.656: Total time for which application threads were stopped: 0.0013790 seconds, Stopping threads took: 0.0000760 seconds
121.687: Application time: 0.0306420 seconds
121.687: [GC [PSYoungGen: 19191K->2304K(20480K)] 53738K->40946K(66560K), 0.0016260 secs] [Times: user=0.02 sys=0.00, real=0.00 secs] 
121.688: Total time for which application threads were stopped: 0.0017560 seconds, Stopping threads took: 0.0000630 seconds
121.721: Application time: 0.0327160 seconds
121.721: [GC [PSYoungGen: 19240K->2240K(20480K)] 57882K->42930K(66560K), 0.0012180 secs] [Times: user=0.01 sys=0.00, real=0.00 secs] 
121.722: Total time for which application threads were stopped: 0.0013410 seconds, Stopping threads took: 0.0000590 seconds
121.751: Application time: 0.0284450 seconds
121.751: [GC [PSYoungGen: 19210K->2240K(20480K)] 59901K->47027K(66560K), 0.0016810 secs] [Times: user=0.01 sys=0.00, real=0.00 secs] 
121.753: [Full GC [PSYoungGen: 2240K->0K(20480K)] [ParOldGen: 44786K->9985K(46080K)] 47027K->9985K(66560K) [PSPermGen: 5503K->5503K(21504K)], 0.0060940 secs] [Times: user=0.02 sys=0.00, real=0.01 secs] 
121.759: Total time for which application threads were stopped: 0.0079540 seconds, Stopping threads took: 0.0000650 seconds
121.793: Application time: 0.0338530 seconds
121.793: [GC [PSYoungGen: 17005K->2336K(20480K)] 26991K->16417K(66560K), 0.0017580 secs] [Times: user=0.02 sys=0.00, real=0.00 secs] 
121.795: Total time for which application threads were stopped: 0.0019090 seconds, Stopping threads took: 0.0000830 seconds
121.822: Application time: 0.0272810 seconds
121.822: [GC [PSYoungGen: 19590K->2352K(20480K)] 33672K->20529K(66560K), 0.0019030 secs] [Times: user=0.02 sys=0.00, real=0.00 secs] 
121.824: Total time for which application threads were stopped: 0.0020680 seconds, Stopping threads took: 0.0000870 seconds
121.859: Application time: 0.0355710 seconds
121.860: [GC [PSYoungGen: 19612K->2480K(20480K)] 37790K->23729K(66560K), 0.0014440 secs] [Times: user=0.01 sys=0.00, real=0.00 secs] 
121.861: Total time for which application threads were stopped: 0.0015970 seconds, Stopping threads took: 0.0000830 seconds
121.890: Application time: 0.0292470 seconds
121.890: [GC [PSYoungGen: 19624K->2480K(20480K)] 40874K->27825K(66560K), 0.0018110 secs] [Times: user=0.01 sys=0.00, real=0.01 secs] 
121.892: Total time for which application threads were stopped: 0.0019550 seconds, Stopping threads took: 0.0000760 seconds
121.922: Application time: 0.0299650 seconds
121.922: [GC [PSYoungGen: 20097K->2512K(20480K)] 45443K->30929K(66560K), 0.0016290 secs] [Times: user=0.01 sys=0.00, real=0.00 secs] 
121.924: Total time for which application threads were stopped: 0.0017750 seconds, Stopping threads took: 0.0000750 seconds
121.959: Application time: 0.0351870 seconds
121.959: [GC [PSYoungGen: 19914K->2512K(20480K)] 48332K->34001K(66560K), 0.0014800 secs] [Times: user=0.01 sys=0.00, real=0.00 secs] 
121.961: Total time for which application threads were stopped: 0.0016250 seconds, Stopping threads took: 0.0000670 seconds
121.990: Application time: 0.0291300 seconds
121.990: [GC [PSYoungGen: 20092K->2528K(20480K)] 51582K->37089K(66560K), 0.0015560 secs] [Times: user=0.01 sys=0.00, real=0.01 secs] 
121.992: Total time for which application threads were stopped: 0.0017110 seconds, Stopping threads took: 0.0000860 seconds
122.024: Application time: 0.0325430 seconds
122.024: [GC [PSYoungGen: 19846K->2528K(20480K)] 54408K->41186K(66560K), 0.0018690 secs] [Times: user=0.02 sys=0.00, real=0.00 secs] 
122.026: Total time for which application threads were stopped: 0.0020250 seconds, Stopping threads took: 0.0000850 seconds
122.059: Application time: 0.0326620 seconds
122.059: [GC [PSYoungGen: 20185K->2544K(20480K)] 58843K->44274K(66560K), 0.0015650 secs] [Times: user=0.01 sys=0.00, real=0.00 secs] 
122.061: [Full GC [PSYoungGen: 2544K->0K(20480K)] [ParOldGen: 41730K->8960K(46080K)] 44274K->8960K(66560K) [PSPermGen: 5503K->5503K(21504K)], 0.0059400 secs] [Times: user=0.02 sys=0.00, real=0.00 secs] 
122.067: Total time for which application threads were stopped: 0.0076970 seconds, Stopping threads took: 0.0000790 seconds
122.100: Application time: 0.0331060 seconds
122.100: [GC [PSYoungGen: 17386K->2304K(20480K)] 26347K->15360K(66560K), 0.0017540 secs] [Times: user=0.01 sys=0.00, real=0.00 secs] 
122.102: Total time for which application threads were stopped: 0.0018980 seconds, Stopping threads took: 0.0000760 seconds
122.133: Application time: 0.0315640 seconds
122.133: [GC [PSYoungGen: 19900K->2304K(20480K)] 32957K->18432K(66560K), 0.0014680 secs] [Times: user=0.01 sys=0.00, real=0.00 secs] 
122.135: Total time for which application threads were stopped: 0.0016070 seconds, Stopping threads took: 0.0000710 seconds
122.169: Application time: 0.0344460 seconds
122.169: [GC [PSYoungGen: 19776K->2304K(20480K)] 35905K->23553K(66560K), 0.0020430 secs] [Times: user=0.02 sys=0.00, real=0.01 secs] 
122.171: Total time for which application threads were stopped: 0.0021840 seconds, Stopping threads took: 0.0000680 seconds
122.202: Application time: 0.0301490 seconds
122.202: [GC [PSYoungGen: 19858K->2304K(20480K)] 41107K->27649K(66560K), 0.0017460 secs] [Times: user=0.01 sys=0.00, real=0.00 secs] 
122.203: Total time for which application threads were stopped: 0.0018800 seconds, Stopping threads took: 0.0000630 seconds
122.238: Application time: 0.0349650 seconds
122.239: [GC [PSYoungGen: 19792K->2304K(20480K)] 45137K->31745K(66560K), 0.0017210 secs] [Times: user=0.01 sys=0.00, real=0.00 secs] 
122.240: Total time for which application threads were stopped: 0.0018900 seconds, Stopping threads took: 0.0000990 seconds
122.270: Application time: 0.0296420 seconds
122.270: [GC [PSYoungGen: 19822K->2304K(20480K)] 49264K->35841K(66560K), 0.0017090 secs] [Times: user=0.01 sys=0.00, real=0.01 secs] 
122.272: Total time for which application threads were stopped: 0.0018480 seconds, Stopping threads took: 0.0000680 seconds
122.307: Application time: 0.0348050 seconds
122.307: [GC [PSYoungGen: 19749K->2304K(20480K)] 53286K->38913K(66560K), 0.0014660 secs] [Times: user=0.01 sys=0.00, real=0.00 secs] 
122.308: Total time for which application threads were stopped: 0.0016020 seconds, Stopping threads took: 0.0000650 seconds
122.337: Application time: 0.0290240 seconds
122.337: [GC [PSYoungGen: 19818K->2304K(20480K)] 56427K->41985K(66560K), 0.0014140 secs] [Times: user=0.01 sys=0.00, real=0.01 secs] 
122.339: Total time for which application threads were stopped: 0.0015630 seconds, Stopping threads took: 0.0000710 seconds
122.374: Application time: 0.0352620 seconds
122.374: [GC [PSYoungGen: 19730K->2272K(20480K)] 59411K->44001K(66560K), 0.0012340 secs] [Times: user=0.01 sys=0.00, real=0.00 secs] 
122.375: [Full GC [PSYoungGen: 2272K->0K(20480K)] [ParOldGen: 41729K->7955K(46080K)] 44001K->7955K(66560K) [PSPermGen: 5503K->5503K(21504K)], 0.0056820 secs] [Times: user=0.02 sys=0.00, real=0.01 secs] 
122.381: Total time for which application threads were stopped: 0.0070960 seconds, Stopping threads took: 0.0000670 seconds
122.410: Application time: 0.0284880 seconds
122.410: [GC [PSYoungGen: 17523K->2304K(20480K)] 25479K->14355K(66560K), 0.0017410 secs] [Times: user=0.01 sys=0.00, real=0.01 secs] 
122.412: Total time for which application threads were stopped: 0.0018860 seconds, Stopping threads took: 0.0000750 seconds
122.448: Application time: 0.0360280 seconds
122.448: [GC [PSYoungGen: 19710K->2288K(20480K)] 31762K->16388K(66560K), 0.0012180 secs] [Times: user=0.00 sys=0.00, real=0.00 secs] 
122.449: Total time for which application threads were stopped: 0.0013590 seconds, Stopping threads took: 0.0000770 seconds
122.475: Application time: 0.0262720 seconds
122.475: [GC [PSYoungGen: 19920K->2320K(20480K)] 34020K->20516K(66560K), 0.0017540 secs] [Times: user=0.01 sys=0.00, real=0.00 secs] 
122.477: Total time for which application threads were stopped: 0.0018950 seconds, Stopping threads took: 0.0000710 seconds
122.516: Application time: 0.0392660 seconds
122.516: [GC [PSYoungGen: 20089K->2416K(20480K)] 38285K->21636K(66560K), 0.0009620 secs] [Times: user=0.00 sys=0.00, real=0.00 secs] 
122.517: Total time for which application threads were stopped: 0.0010910 seconds, Stopping threads took: 0.0000660 seconds
122.544: Application time: 0.0263880 seconds
122.544: [GC [PSYoungGen: 20001K->2400K(20480K)] 39221K->25716K(66560K), 0.0017490 secs] [Times: user=0.02 sys=0.00, real=0.00 secs] 
122.546: Total time for which application threads were stopped: 0.0018870 seconds, Stopping threads took: 0.0000650 seconds
122.582: Application time: 0.0359540 seconds
122.582: [GC [PSYoungGen: 19848K->2448K(20480K)] 43164K->26788K(66560K), 0.0009760 secs] [Times: user=0.01 sys=0.00, real=0.00 secs] 
122.583: Total time for which application threads were stopped: 0.0011230 seconds, Stopping threads took: 0.0000820 seconds
122.610: Application time: 0.0270880 seconds
122.610: [GC [PSYoungGen: 19416K->2528K(20480K)] 43756K->30964K(66560K), 0.0018340 secs] [Times: user=0.01 sys=0.00, real=0.01 secs] 
122.612: Total time for which application threads were stopped: 0.0019850 seconds, Stopping threads took: 0.0000790 seconds
122.645: Application time: 0.0329750 seconds
122.645: [GC [PSYoungGen: 20290K->2496K(20480K)] 48726K->35028K(66560K), 0.0018780 secs] [Times: user=0.02 sys=0.00, real=0.00 secs] 
122.647: Total time for which application threads were stopped: 0.0020190 seconds, Stopping threads took: 0.0000670 seconds
122.679: Application time: 0.0319240 seconds
122.679: [GC [PSYoungGen: 19732K->2528K(20480K)] 52264K->38132K(66560K), 0.0015600 secs] [Times: user=0.01 sys=0.00, real=0.00 secs] 
122.681: Total time for which application threads were stopped: 0.0017180 seconds, Stopping threads took: 0.0000900 seconds
122.714: Application time: 0.0337770 seconds
122.714: [GC [PSYoungGen: 20367K->2464K(20480K)] 55971K->41140K(66560K), 0.0016390 secs] [Times: user=0.01 sys=0.00, real=0.00 secs] 
122.716: Total time for which application threads were stopped: 0.0017710 seconds, Stopping threads took: 0.0000680 seconds
122.746: Application time: 0.0294620 seconds
122.746: [GC [PSYoungGen: 19561K->2512K(20480K)] 58237K->45284K(66560K), 0.0018490 secs] [Times: user=0.01 sys=0.00, real=0.00 secs] 
122.748: [Full GC [PSYoungGen: 2512K->0K(20480K)] [ParOldGen: 42772K->9705K(46080K)] 45284K->9705K(66560K) [PSPermGen: 5503K->5503K(21504K)], 0.0062560 secs] [Times: user=0.03 sys=0.00, real=0.01 secs] 
122.754: Total time for which application threads were stopped: 0.0082990 seconds, Stopping threads took: 0.0000790 seconds
122.789: Application time: 0.0353090 seconds
122.789: [GC [PSYoungGen: 17920K->2304K(20480K)] 27625K->15081K(66560K), 0.0015160 secs] [Times: user=0.01 sys=0.00, real=0.01 secs] 
122.791: Total time for which application threads were stopped: 0.0016460 seconds, Stopping threads took: 0.0000650 seconds
122.820: Application time: 0.0287330 seconds
122.820: [GC [PSYoungGen: 19287K->2304K(20480K)] 32064K->19177K(66560K), 0.0017760 secs] [Times: user=0.01 sys=0.00, real=0.00 secs] 
122.821: Total time for which application threads were stopped: 0.0019230 seconds, Stopping threads took: 0.0000680 seconds
122.856: Application time: 0.0348250 seconds
122.856: [GC [PSYoungGen: 20224K->2272K(20480K)] 37097K->23241K(66560K), 0.0016290 secs] [Times: user=0.01 sys=0.00, real=0.00 secs] 
122.858: Total time for which application threads were stopped: 0.0017820 seconds, Stopping threads took: 0.0000810 seconds
122.889: Application time: 0.0308140 seconds
122.889: [GC [PSYoungGen: 19406K->2304K(20480K)] 40376K->27369K(66560K), 0.0017730 secs] [Times: user=0.01 sys=0.00, real=0.01 secs] 
122.891: Total time for which application threads were stopped: 0.0019240 seconds, Stopping threads took: 0.0000810 seconds
122.921: Application time: 0.0301020 seconds
122.921: [GC [PSYoungGen: 19999K->2304K(20480K)] 45065K->31465K(66560K), 0.0017480 secs] [Times: user=0.01 sys=0.00, real=0.00 secs] 
122.923: Total time for which application threads were stopped: 0.0018870 seconds, Stopping threads took: 0.0000670 seconds
122.956: Application time: 0.0327320 seconds
122.956: [GC [PSYoungGen: 19577K->2272K(20480K)] 48739K->35529K(66560K), 0.0018550 secs] [Times: user=0.01 sys=0.00, real=0.00 secs] 
122.958: Total time for which application threads were stopped: 0.0020060 seconds, Stopping threads took: 0.0000790 seconds
122.990: Application time: 0.0324310 seconds
122.990: [GC [PSYoungGen: 20050K->2304K(20480K)] 53308K->39657K(66560K), 0.0017090 secs] [Times: user=0.02 sys=0.00, real=0.01 secs] 
122.992: Total time for which application threads were stopped: 0.0018810 seconds, Stopping threads took: 0.0001020 seconds
123.025: Application time: 0.0330290 seconds
123.025: [GC [PSYoungGen: 19527K->2304K(20480K)] 56881K->43754K(66560K), 0.0016960 secs] [Times: user=0.01 sys=0.00, real=0.00 secs] 
123.027: [Full GC [PSYoungGen: 2304K->0K(20480K)] [ParOldGen: 41450K->9683K(46080K)] 43754K->9683K(66560K) [PSPermGen: 5503K->5503K(21504K)], 0.0060800 secs] [Times: user=0.03 sys=0.00, real=0.01 secs] 
123.033: Total time for which application threads were stopped: 0.0079570 seconds, Stopping threads took: 0.0000650 seconds
123.063: Application time: 0.0299100 seconds
123.063: [GC [PSYoungGen: 17710K->2320K(20480K)] 27394K->15075K(66560K), 0.0015040 secs] [Times: user=0.01 sys=0.00, real=0.00 secs] 
123.064: Total time for which application threads were stopped: 0.0016720 seconds, Stopping threads took: 0.0001030 seconds
123.099: Application time: 0.0342670 seconds
123.099: [GC [PSYoungGen: 19645K->2272K(20480K)] 32401K->20147K(66560K), 0.0020960 secs] [Times: user=0.01 sys=0.00, real=0.00 secs] 
123.101: Total time for which application threads were stopped: 0.0022480 seconds, Stopping threads took: 0.0000790 seconds
123.133: Application time: 0.0316560 seconds
123.133: [GC [PSYoungGen: 20008K->2304K(20480K)] 37883K->23251K(66560K), 0.0014910 secs] [Times: user=0.01 sys=0.00, real=0.00 secs] 
123.134: Total time for which application threads were stopped: 0.0016380 seconds, Stopping threads took: 0.0000790 seconds
123.168: Application time: 0.0337800 seconds
123.168: [GC [PSYoungGen: 19622K->2304K(20480K)] 40570K->28371K(66560K), 0.0020620 secs] [Times: user=0.01 sys=0.00, real=0.00 secs] 
123.170: Total time for which application threads were stopped: 0.0022220 seconds, Stopping threads took: 0.0000900 seconds
123.200: Application time: 0.0302030 seconds
123.201: [GC [PSYoungGen: 19904K->2272K(20480K)] 45972K->32435K(66560K), 0.0017810 secs] [Times: user=0.01 sys=0.00, real=0.00 secs] 
123.202: Total time for which application threads were stopped: 0.0019230 seconds, Stopping threads took: 0.0000730 seconds
123.238: Application time: 0.0352080 seconds
123.238: [GC [PSYoungGen: 20192K->2400K(20480K)] 50355K->35635K(66560K), 0.0015360 secs] [Times: user=0.00 sys=0.01, real=0.01 secs] 
123.239: Total time for which application threads were stopped: 0.0016680 seconds, Stopping threads took: 0.0000600 seconds
123.269: Application time: 0.0297540 seconds
123.269: [GC [PSYoungGen: 19820K->2400K(20480K)] 53056K->40756K(66560K), 0.0019890 secs] [Times: user=0.01 sys=0.00, real=0.01 secs] 
123.271: Total time for which application threads were stopped: 0.0021430 seconds, Stopping threads took: 0.0000740 seconds
123.307: Application time: 0.0353440 seconds
123.307: [GC [PSYoungGen: 20208K->2464K(20480K)] 58564K->43892K(66560K), 0.0016440 secs] [Times: user=0.01 sys=0.00, real=0.00 secs] 
123.308: [Full GC [PSYoungGen: 2464K->0K(20480K)] [ParOldGen: 41428K->8945K(46080K)] 43892K->8945K(66560K) [PSPermGen: 5503K->5503K(21504K)], 0.0060070 secs] [Times: user=0.02 sys=0.00, real=0.01 secs] 
123.314: Total time for which application threads were stopped: 0.0078430 seconds, Stopping threads took: 0.0000750 seconds
123.341: Application time: 0.0270140 seconds
123.342: [GC [PSYoungGen: 17637K->2336K(20480K)] 26582K->16401K(66560K), 0.0020460 secs] [Times: user=0.02 sys=0.00, real=0.00 secs] 
123.344: Total time for which application threads were stopped: 0.0022020 seconds, Stopping threads took: 0.0000860 seconds
123.382: Application time: 0.0379510 seconds
123.382: [GC [PSYoungGen: 19789K->2304K(20480K)] 33855K->19441K(66560K), 0.0015350 secs] [Times: user=0.01 sys=0.00, real=0.00 secs] 
123.383: Total time for which application threads were stopped: 0.0016840 seconds, Stopping threads took: 0.0000660 seconds
123.410: Application time: 0.0268170 seconds
123.410: [GC [PSYoungGen: 19822K->2320K(20480K)] 36960K->23554K(66560K), 0.0017230 secs] [Times: user=0.01 sys=0.00, real=0.01 secs] 
123.412: Total time for which application threads were stopped: 0.0018620 seconds, Stopping threads took: 0.0000710 seconds
123.451: Application time: 0.0388670 seconds
123.455: [GC [PSYoungGen: 19777K->2304K(20480K)] 41011K->26610K(66560K), 0.0014740 secs] [Times: user=0.01 sys=0.00, real=0.00 secs] 
123.456: Total time for which application threads were stopped: 0.0052910 seconds, Stopping threads took: 0.0037510 seconds
123.483: Application time: 0.0266190 seconds
123.483: [GC [PSYoungGen: 19889K->2352K(20480K)] 44195K->30754K(66560K), 0.0018470 secs] [Times: user=0.01 sys=0.00, real=0.00 secs] 
123.485: Total time for which application threads were stopped: 0.0020170 seconds, Stopping threads took: 0.0001000 seconds
123.523: Application time: 0.0380530 seconds
123.523: [GC [PSYoungGen: 19750K->2320K(20480K)] 48152K->32770K(66560K), 0.0011630 secs] [Times: user=0.01 sys=0.00, real=0.00 secs] 
123.524: Total time for which application threads were stopped: 0.0012970 seconds, Stopping threads took: 0.0000680 seconds
123.552: Application time: 0.0281790 seconds
123.552: [GC [PSYoungGen: 19982K->2352K(20480K)] 50432K->36898K(66560K), 0.0018020 secs] [Times: user=0.01 sys=0.00, real=0.00 secs] 
123.554: Total time for which application threads were stopped: 0.0019400 seconds, Stopping threads took: 0.0000700 seconds
123.589: Application time: 0.0345600 seconds
123.589: [GC [PSYoungGen: 20272K->2304K(20480K)] 54818K->39922K(66560K), 0.0015110 secs] [Times: user=0.01 sys=0.00, real=0.00 secs] 
123.590: Total time for which application threads were stopped: 0.0016710 seconds, Stopping threads took: 0.0000940 seconds
123.621: Application time: 0.0306020 seconds
123.621: [GC [PSYoungGen: 19379K->2336K(20480K)] 56997K->44050K(66560K), 0.0016970 secs] [Times: user=0.01 sys=0.00, real=0.00 secs] 
123.623: [Full GC [PSYoungGen: 2336K->0K(20480K)] [ParOldGen: 41714K->9706K(46080K)] 44050K->9706K(66560K) [PSPermGen: 5503K->5503K(21504K)], 0.0062760 secs] [Times: user=0.03 sys=0.00, real=0.00 secs] 
123.629: Total time for which application threads were stopped: 0.0081580 seconds, Stopping threads took: 0.0000670 seconds
123.661: Application time: 0.0316950 seconds
123.661: [GC [PSYoungGen: 17866K->2304K(20480K)] 27572K->17130K(66560K), 0.0020430 secs] [Times: user=0.02 sys=0.00, real=0.00 secs] 
123.663: Total time for which application threads were stopped: 0.0021990 seconds, Stopping threads took: 0.0000840 seconds
123.693: Application time: 0.0296590 seconds
123.693: [GC [PSYoungGen: 19335K->2304K(20480K)] 34161K->21226K(66560K), 0.0017750 secs] [Times: user=0.00 sys=0.01, real=0.00 secs] 
123.695: Total time for which application threads were stopped: 0.0019540 seconds, Stopping threads took: 0.0000990 seconds
123.731: Application time: 0.0358260 seconds
123.731: [GC [PSYoungGen: 19331K->2304K(20480K)] 38253K->25322K(66560K), 0.0017250 secs] [Times: user=0.01 sys=0.00, real=0.00 secs] 
123.732: Total time for which application threads were stopped: 0.0018590 seconds, Stopping threads took: 0.0000640 seconds
123.763: Application time: 0.0307050 seconds
123.763: [GC [PSYoungGen: 20125K->2304K(20480K)] 43144K->28394K(66560K), 0.0014230 secs] [Times: user=0.01 sys=0.00, real=0.00 secs] 
123.765: Total time for which application threads were stopped: 0.0015650 seconds, Stopping threads took: 0.0000750 seconds
123.798: Application time: 0.0331760 seconds
123.798: [GC [PSYoungGen: 19497K->2304K(20480K)] 45587K->32490K(66560K), 0.0018190 secs] [Times: user=0.01 sys=0.00, real=0.01 secs] 
123.800: Total time for which application threads were stopped: 0.0019660 seconds, Stopping threads took: 0.0000770 seconds
123.830: Application time: 0.0304130 seconds
123.830: [GC [PSYoungGen: 20056K->2304K(20480K)] 50242K->35562K(66560K), 0.0014590 secs] [Times: user=0.00 sys=0.00, real=0.01 secs] 
123.832: Total time for which application threads were stopped: 0.0016040 seconds, Stopping threads took: 0.0000760 seconds
123.865: Application time: 0.0331050 seconds
123.865: [GC [PSYoungGen: 19469K->2304K(20480K)] 52727K->39658K(66560K), 0.0017590 secs] [Times: user=0.01 sys=0.00, real=0.00 secs] 
123.867: Total time for which application threads were stopped: 0.0019170 seconds, Stopping threads took: 0.0000840 seconds
123.899: Application time: 0.0320720 seconds
123.899: [GC [PSYoungGen: 20215K->2304K(20480K)] 57569K->43754K(66560K), 0.0017050 secs] [Times: user=0.01 sys=0.00, real=0.00 secs] 
123.901: [Full GC [PSYoungGen: 2304K->0K(20480K)] [ParOldGen: 41450K->9772K(46080K)] 43754K->9772K(66560K) [PSPermGen: 5503K->5503K(21504K)], 0.0058140 secs] [Times: user=0.03 sys=0.00, real=0.00 secs] 
123.907: Total time for which application threads were stopped: 0.0077310 seconds, Stopping threads took: 0.0000920 seconds
123.939: Application time: 0.0326900 seconds
123.939: [GC [PSYoungGen: 17243K->2336K(20480K)] 27016K->16204K(66560K), 0.0017140 secs] [Times: user=0.01 sys=0.00, real=0.00 secs] 
123.941: Total time for which application threads were stopped: 0.0018520 seconds, Stopping threads took: 0.0000690 seconds
123.972: Application time: 0.0306710 seconds
123.972: [GC [PSYoungGen: 19438K->2400K(20480K)] 33307K->20364K(66560K), 0.0017670 secs] [Times: user=0.02 sys=0.00, real=0.00 secs] 
123.974: Total time for which application threads were stopped: 0.0019070 seconds, Stopping threads took: 0.0000650 seconds
124.007: Application time: 0.0328190 seconds
124.007: [GC [PSYoungGen: 19818K->2512K(20480K)] 37783K->22524K(66560K), 0.0013010 secs] [Times: user=0.01 sys=0.00, real=0.00 secs] 
124.008: Total time for which application threads were stopped: 0.0014280 seconds, Stopping threads took: 0.0000590 seconds
124.040: Application time: 0.0316530 seconds
124.040: [GC [PSYoungGen: 20430K->2496K(20480K)] 40443K->27628K(66560K), 0.0021320 secs] [Times: user=0.02 sys=0.00, real=0.00 secs] 
124.042: Total time for which application threads were stopped: 0.0022900 seconds, Stopping threads took: 0.0000860 seconds
124.074: Application time: 0.0323040 seconds
124.074: [GC [PSYoungGen: 19580K->2496K(20480K)] 44713K->29676K(66560K), 0.0013020 secs] [Times: user=0.01 sys=0.00, real=0.00 secs] 
124.076: Total time for which application threads were stopped: 0.0014500 seconds, Stopping threads took: 0.0000820 seconds
124.104: Application time: 0.0287390 seconds
124.105: [GC [PSYoungGen: 20409K->2432K(20480K)] 47590K->34733K(66560K), 0.0020960 secs] [Times: user=0.01 sys=0.01, real=0.00 secs] 
124.107: Total time for which application threads were stopped: 0.0022520 seconds, Stopping threads took: 0.0000820 seconds
124.142: Application time: 0.0353110 seconds
124.142: [GC [PSYoungGen: 19421K->2528K(20480K)] 51722K->36877K(66560K), 0.0013330 secs] [Times: user=0.00 sys=0.00, real=0.00 secs] 
124.144: Total time for which application threads were stopped: 0.0014900 seconds, Stopping threads took: 0.0000780 seconds
124.174: Application time: 0.0303140 seconds
124.174: [GC [PSYoungGen: 19544K->2544K(20480K)] 53893K->39965K(66560K), 0.0015360 secs] [Times: user=0.01 sys=0.00, real=0.00 secs] 
124.176: Total time for which application threads were stopped: 0.0016740 seconds, Stopping threads took: 0.0000680 seconds
124.210: Application time: 0.0341350 seconds
124.210: [GC [PSYoungGen: 20464K->2528K(20480K)] 57885K->41997K(66560K), 0.0012760 secs] [Times: user=0.01 sys=0.00, real=0.01 secs] 
124.211: Total time for which application threads were stopped: 0.0014150 seconds, Stopping threads took: 0.0000730 seconds
124.243: Application time: 0.0319640 seconds
124.247: [GC [PSYoungGen: 19672K->2544K(20480K)] 59141K->44069K(66560K), 0.0012700 secs] [Times: user=0.01 sys=0.00, real=0.00 secs] 
124.248: [Full GC [PSYoungGen: 2544K->0K(20480K)] [ParOldGen: 41525K->7966K(46080K)] 44069K->7966K(66560K) [PSPermGen: 5503K->5503K(21504K)], 0.0056290 secs] [Times: user=0.03 sys=0.00, real=0.01 secs] 
124.254: Total time for which application threads were stopped: 0.0104680 seconds, Stopping threads took: 0.0034580 seconds
124.287: Application time: 0.0333630 seconds
124.287: [GC [PSYoungGen: 17920K->2304K(20480K)] 25886K->11294K(66560K), 0.0009700 secs] [Times: user=0.01 sys=0.00, real=0.00 secs] 
124.288: Total time for which application threads were stopped: 0.0010970 seconds, Stopping threads took: 0.0000620 seconds
124.318: Application time: 0.0295900 seconds
124.318: [GC [PSYoungGen: 20209K->2304K(20480K)] 29200K->14366K(66560K), 0.0015330 secs] [Times: user=0.01 sys=0.00, real=0.01 secs] 
124.319: Total time for which application threads were stopped: 0.0016720 seconds, Stopping threads took: 0.0000700 seconds
124.356: Application time: 0.0364030 seconds
124.359: [GC [PSYoungGen: 19467K->2304K(20480K)] 31530K->14366K(66560K), 0.0007180 secs] [Times: user=0.00 sys=0.00, real=0.00 secs] 
124.359: Total time for which application threads were stopped: 0.0036190 seconds, Stopping threads took: 0.0028350 seconds
124.389: Application time: 0.0294430 seconds
124.389: [GC [PSYoungGen: 20190K->2304K(20480K)] 32253K->16414K(66560K), 0.0012250 secs] [Times: user=0.00 sys=0.00, real=0.00 secs] 
124.390: Total time for which application threads were stopped: 0.0013600 seconds, Stopping threads took: 0.0000660 seconds
124.423: Application time: 0.0331500 seconds
124.423: [GC [PSYoungGen: 20224K->2304K(20480K)] 34334K->20510K(66560K), 0.0016950 secs] [Times: user=0.01 sys=0.00, real=0.00 secs] 
124.425: Total time for which application threads were stopped: 0.0018550 seconds, Stopping threads took: 0.0000830 seconds
124.457: Application time: 0.0319140 seconds
124.457: [GC [PSYoungGen: 19387K->2304K(20480K)] 37594K->22558K(66560K), 0.0011650 secs] [Times: user=0.01 sys=0.00, real=0.00 secs] 
124.458: Total time for which application threads were stopped: 0.0013130 seconds, Stopping threads took: 0.0000790 seconds
124.491: Application time: 0.0323440 seconds
124.491: [GC [PSYoungGen: 20224K->2304K(20480K)] 40478K->26655K(66560K), 0.0017150 secs] [Times: user=0.01 sys=0.00, real=0.00 secs] 
124.493: Total time for which application threads were stopped: 0.0018560 seconds, Stopping threads took: 0.0000710 seconds
124.524: Application time: 0.0317510 seconds
124.527: [GC [PSYoungGen: 19282K->2304K(20480K)] 43633K->28703K(66560K), 0.0012010 secs] [Times: user=0.01 sys=0.00, real=0.00 secs] 
124.528: Total time for which application threads were stopped: 0.0034920 seconds, Stopping threads took: 0.0022260 seconds
124.559: Application time: 0.0316110 seconds
124.559: [GC [PSYoungGen: 20224K->2304K(20480K)] 46623K->31775K(66560K), 0.0015220 secs] [Times: user=0.01 sys=0.00, real=0.00 secs] 
124.561: Total time for which application threads were stopped: 0.0016470 seconds, Stopping threads took: 0.0000580 seconds
124.594: Application time: 0.0332510 seconds
124.594: [GC [PSYoungGen: 19349K->2304K(20480K)] 48820K->33823K(66560K), 0.0011640 secs] [Times: user=0.00 sys=0.00, real=0.00 secs] 
124.596: Total time for which application threads were stopped: 0.0013060 seconds, Stopping threads took: 0.0000770 seconds
124.626: Application time: 0.0307460 seconds
124.626: [GC [PSYoungGen: 19261K->2336K(20480K)] 50780K->36927K(66560K), 0.0014730 secs] [Times: user=0.01 sys=0.00, real=0.00 secs] 
124.628: Total time for which application threads were stopped: 0.0016230 seconds, Stopping threads took: 0.0000790 seconds
124.657: Application time: 0.0294140 seconds
124.657: [GC [PSYoungGen: 20251K->2304K(20480K)] 54842K->42015K(66560K), 0.0020250 secs] [Times: user=0.02 sys=0.00, real=0.01 secs] 
124.660: Total time for which application threads were stopped: 0.0021690 seconds, Stopping threads took: 0.0000730 seconds
124.694: Application time: 0.0342120 seconds
124.694: [GC [PSYoungGen: 19607K->2400K(20480K)] 59319K->45183K(66560K), 0.0014550 secs] [Times: user=0.01 sys=0.00, real=0.00 secs] 
124.695: [Full GC [PSYoungGen: 2400K->0K(20480K)] [ParOldGen: 42783K->8962K(46080K)] 45183K->8962K(66560K) [PSPermGen: 5503K->5503K(21504K)], 0.0058200 secs] [Times: user=0.02 sys=0.00, real=0.01 secs] 
124.701: Total time for which application threads were stopped: 0.0074740 seconds, Stopping threads took: 0.0000860 seconds
124.731: Application time: 0.0302570 seconds
124.732: [GC [PSYoungGen: 17352K->2368K(20480K)] 26315K->16450K(66560K), 0.0020220 secs] [Times: user=0.02 sys=0.00, real=0.00 secs] 
124.734: Total time for which application threads were stopped: 0.0021670 seconds, Stopping threads took: 0.0000740 seconds
124.763: Application time: 0.0298260 seconds
124.767: [GC [PSYoungGen: 20077K->2368K(20480K)] 34159K->20546K(66560K), 0.0017900 secs] [Times: user=0.01 sys=0.00, real=0.00 secs] 
124.768: Total time for which application threads were stopped: 0.0048640 seconds, Stopping threads took: 0.0030040 seconds
124.801: Application time: 0.0331290 seconds
124.802: [GC [PSYoungGen: 19768K->2432K(20480K)] 37947K->25730K(66560K), 0.0021240 secs] [Times: user=0.02 sys=0.00, real=0.00 secs] 
124.804: Total time for which application threads were stopped: 0.0022910 seconds, Stopping threads took: 0.0000960 seconds
124.836: Application time: 0.0326920 seconds
124.837: [GC [PSYoungGen: 20168K->2400K(20480K)] 43466K->30818K(66560K), 0.0020000 secs] [Times: user=0.01 sys=0.00, real=0.01 secs] 
124.839: Total time for which application threads were stopped: 0.0021360 seconds, Stopping threads took: 0.0000620 seconds
124.872: Application time: 0.0332640 seconds
124.872: [GC [PSYoungGen: 19733K->2400K(20480K)] 48152K->35938K(66560K), 0.0020930 secs] [Times: user=0.01 sys=0.00, real=0.00 secs] 
124.874: Total time for which application threads were stopped: 0.0022330 seconds, Stopping threads took: 0.0000670 seconds
124.903: Application time: 0.0290330 seconds
124.903: [GC [PSYoungGen: 20097K->2400K(20480K)] 53636K->41058K(66560K), 0.0020980 secs] [Times: user=0.02 sys=0.00, real=0.00 secs] 
124.905: Total time for which application threads were stopped: 0.0022360 seconds, Stopping threads took: 0.0000660 seconds
124.942: Application time: 0.0368550 seconds
124.942: [GC [PSYoungGen: 19748K->2432K(20480K)] 58407K->45187K(66560K), 0.0018110 secs] [Times: user=0.02 sys=0.00, real=0.00 secs] 
124.944: [Full GC [PSYoungGen: 2432K->0K(20480K)] [ParOldGen: 42755K->9704K(46080K)] 45187K->9704K(66560K) [PSPermGen: 5503K->5503K(21504K)], 0.0060780 secs] [Times: user=0.02 sys=0.00, real=0.00 secs] 
124.950: Total time for which application threads were stopped: 0.0080970 seconds, Stopping threads took: 0.0000790 seconds
124.979: Application time: 0.0289800 seconds
124.979: [GC [PSYoungGen: 17718K->2304K(20480K)] 27423K->16104K(66560K), 0.0018020 secs] [Times: user=0.02 sys=0.00, real=0.00 secs] 
124.981: Total time for which application threads were stopped: 0.0019450 seconds, Stopping threads took: 0.0000740 seconds
125.015: Application time: 0.0337420 seconds
125.015: [GC [PSYoungGen: 19497K->2304K(20480K)] 33298K->20200K(66560K), 0.0016920 secs] [Times: user=0.01 sys=0.00, real=0.00 secs] 
125.017: Total time for which application threads were stopped: 0.0018810 seconds, Stopping threads took: 0.0001000 seconds
125.048: Application time: 0.0315420 seconds
125.049: [GC [PSYoungGen: 20158K->2304K(20480K)] 38055K->25320K(66560K), 0.0020950 secs] [Times: user=0.02 sys=0.00, real=0.01 secs] 
125.051: Total time for which application threads were stopped: 0.0022580 seconds, Stopping threads took: 0.0000860 seconds
125.082: Application time: 0.0310570 seconds
125.082: [GC [PSYoungGen: 19301K->2304K(20480K)] 42318K->28392K(66560K), 0.0015660 secs] [Times: user=0.01 sys=0.00, real=0.00 secs] 
125.083: Total time for which application threads were stopped: 0.0017150 seconds, Stopping threads took: 0.0000810 seconds
125.116: Application time: 0.0322400 seconds
125.116: [GC [PSYoungGen: 19244K->2272K(20480K)] 45332K->32456K(66560K), 0.0016840 secs] [Times: user=0.01 sys=0.00, real=0.00 secs] 
125.118: Total time for which application threads were stopped: 0.0018250 seconds, Stopping threads took: 0.0000700 seconds
125.150: Application time: 0.0328410 seconds
125.155: [GC [PSYoungGen: 19301K->2304K(20480K)] 49486K->33512K(66560K), 0.0010050 secs] [Times: user=0.01 sys=0.00, real=0.00 secs] 
125.156: Total time for which application threads were stopped: 0.0051750 seconds, Stopping threads took: 0.0041050 seconds
125.185: Application time: 0.0299260 seconds
125.186: [GC [PSYoungGen: 20224K->2304K(20480K)] 51432K->37609K(66560K), 0.0018160 secs] [Times: user=0.01 sys=0.00, real=0.00 secs] 
125.187: Total time for which application threads were stopped: 0.0019660 seconds, Stopping threads took: 0.0000760 seconds
125.222: Application time: 0.0346590 seconds
125.222: [GC [PSYoungGen: 20224K->2304K(20480K)] 55529K->40681K(66560K), 0.0014930 secs] [Times: user=0.01 sys=0.00, real=0.00 secs] 
125.224: Total time for which application threads were stopped: 0.0016400 seconds, Stopping threads took: 0.0000770 seconds
125.255: Application time: 0.0312020 seconds
125.255: [GC [PSYoungGen: 19387K->2304K(20480K)] 57764K->44777K(66560K), 0.0018200 secs] [Times: user=0.02 sys=0.00, real=0.00 secs] 
125.257: [Full GC [PSYoungGen: 2304K->0K(20480K)] [ParOldGen: 42473K->9864K(46080K)] 44777K->9864K(66560K) [PSPermGen: 5503K->5503K(21504K)], 0.0059570 secs] [Times: user=0.02 sys=0.00, real=0.01 secs] 
125.263: Total time for which application threads were stopped: 0.0080080 seconds, Stopping threads took: 0.0001100 seconds
125.297: Application time: 0.0336400 seconds
125.297: [GC [PSYoungGen: 16908K->2304K(20480K)] 26772K->14216K(66560K), 0.0012480 secs] [Times: user=0.01 sys=0.00, real=0.00 secs] 
125.298: Total time for which application threads were stopped: 0.0013910 seconds, Stopping threads took: 0.0000800 seconds
125.331: Application time: 0.0329040 seconds
125.331: [GC [PSYoungGen: 19436K->2320K(20480K)] 31348K->16280K(66560K), 0.0011850 secs] [Times: user=0.01 sys=0.00, real=0.00 secs] 
125.332: Total time for which application threads were stopped: 0.0013270 seconds, Stopping threads took: 0.0000780 seconds
125.365: Application time: 0.0330160 seconds
125.365: [GC [PSYoungGen: 19337K->2304K(20480K)] 33297K->17288K(66560K), 0.0009010 secs] [Times: user=0.01 sys=0.00, real=0.00 secs] 
125.366: Total time for which application threads were stopped: 0.0010270 seconds, Stopping threads took: 0.0000640 seconds
125.393: Application time: 0.0262180 seconds
125.393: [GC [PSYoungGen: 20224K->2368K(20480K)] 35208K->20424K(66560K), 0.0014910 secs] [Times: user=0.01 sys=0.00, real=0.00 secs] 
125.394: Total time for which application threads were stopped: 0.0016290 seconds, Stopping threads took: 0.0000690 seconds
125.428: Application time: 0.0334670 seconds
125.428: [GC [PSYoungGen: 19444K->2400K(20480K)] 37501K->23528K(66560K), 0.0015090 secs] [Times: user=0.01 sys=0.00, real=0.00 secs] 
125.429: Total time for which application threads were stopped: 0.0016480 seconds, Stopping threads took: 0.0000700 seconds
125.460: Application time: 0.0308830 seconds
125.460: [GC [PSYoungGen: 19593K->2480K(20480K)] 40722K->25656K(66560K), 0.0012790 secs] [Times: user=0.01 sys=0.00, real=0.00 secs] 
125.462: Total time for which application threads were stopped: 0.0014340 seconds, Stopping threads took: 0.0000720 seconds
125.492: Application time: 0.0305850 seconds
125.492: [GC [PSYoungGen: 20400K->2464K(20480K)] 43576K->29736K(66560K), 0.0019070 secs] [Times: user=0.01 sys=0.00, real=0.00 secs] 
125.494: Total time for which application threads were stopped: 0.0020420 seconds, Stopping threads took: 0.0000650 seconds
125.529: Application time: 0.0348580 seconds
125.529: [GC [PSYoungGen: 19674K->2512K(20480K)] 46947K->32856K(66560K), 0.0015360 secs] [Times: user=0.01 sys=0.00, real=0.01 secs] 
125.531: Total time for which application threads were stopped: 0.0016900 seconds, Stopping threads took: 0.0000850 seconds
125.561: Application time: 0.0303500 seconds
125.561: [GC [PSYoungGen: 20311K->2528K(20480K)] 50656K->35945K(66560K), 0.0015540 secs] [Times: user=0.01 sys=0.00, real=0.00 secs] 
125.563: Total time for which application threads were stopped: 0.0016980 seconds, Stopping threads took: 0.0000760 seconds
125.597: Application time: 0.0338450 seconds
125.597: [GC [PSYoungGen: 19722K->2464K(20480K)] 53139K->37929K(66560K), 0.0013810 secs] [Times: user=0.01 sys=0.00, real=0.00 secs] 
125.598: Total time for which application threads were stopped: 0.0015170 seconds, Stopping threads took: 0.0000710 seconds
125.630: Application time: 0.0319110 seconds
125.630: [GC [PSYoungGen: 20362K->2528K(20480K)] 55827K->41065K(66560K), 0.0015170 secs] [Times: user=0.01 sys=0.00, real=0.01 secs] 
125.632: Total time for which application threads were stopped: 0.0016550 seconds, Stopping threads took: 0.0000710 seconds
125.665: Application time: 0.0334090 seconds
125.665: [GC [PSYoungGen: 19651K->2544K(20480K)] 58188K->44153K(66560K), 0.0015170 secs] [Times: user=0.01 sys=0.00, real=0.00 secs] 
125.667: [Full GC [PSYoungGen: 2544K->0K(20480K)] [ParOldGen: 41609K->8944K(46080K)] 44153K->8944K(66560K) [PSPermGen: 5503K->5503K(21504K)], 0.0058940 secs] [Times: user=0.02 sys=0.00, real=0.01 secs] 
125.673: Total time for which application threads were stopped: 0.0075910 seconds, Stopping threads took: 0.0000650 seconds
125.705: Application time: 0.0325060 seconds
125.705: [GC [PSYoungGen: 17920K->2304K(20480K)] 26864K->15345K(66560K), 0.0038410 secs] [Times: user=0.03 sys=0.00, real=0.00 secs] 
125.709: Total time for which application threads were stopped: 0.0039960 seconds, Stopping threads took: 0.0000720 seconds
125.741: Application time: 0.0314650 seconds
125.741: [GC [PSYoungGen: 19324K->2304K(20480K)] 32365K->19441K(66560K), 0.0018160 secs] [Times: user=0.01 sys=0.00, real=0.00 secs] 
125.743: Total time for which application threads were stopped: 0.0019440 seconds, Stopping threads took: 0.0000580 seconds
125.771: Application time: 0.0278510 seconds
125.771: [GC [PSYoungGen: 20087K->2304K(20480K)] 37224K->23537K(66560K), 0.0017230 secs] [Times: user=0.01 sys=0.00, real=0.00 secs] 
125.772: Total time for which application threads were stopped: 0.0018640 seconds, Stopping threads took: 0.0000720 seconds
125.805: Application time: 0.0325700 seconds
125.805: [GC [PSYoungGen: 19327K->2272K(20480K)] 40560K->27601K(66560K), 0.0017500 secs] [Times: user=0.01 sys=0.00, real=0.00 secs] 
125.807: Total time for which application threads were stopped: 0.0019030 seconds, Stopping threads took: 0.0000820 seconds
125.838: Application time: 0.0307400 seconds
125.838: [GC [PSYoungGen: 19183K->2304K(20480K)] 44512K->30705K(66560K), 0.0014690 secs] [Times: user=0.01 sys=0.00, real=0.01 secs] 
125.839: Total time for which application threads were stopped: 0.0016260 seconds, Stopping threads took: 0.0000860 seconds
125.873: Application time: 0.0333630 seconds
125.873: [GC [PSYoungGen: 19372K->2304K(20480K)] 47773K->33777K(66560K), 0.0015380 secs] [Times: user=0.01 sys=0.00, real=0.00 secs] 
125.874: Total time for which application threads were stopped: 0.0016870 seconds, Stopping threads took: 0.0000810 seconds
125.904: Application time: 0.0301140 seconds
125.905: [GC [PSYoungGen: 19207K->2272K(20480K)] 50680K->38865K(66560K), 0.0020510 secs] [Times: user=0.01 sys=0.00, real=0.00 secs] 
125.907: Total time for which application threads were stopped: 0.0022100 seconds, Stopping threads took: 0.0000850 seconds
125.938: Application time: 0.0313320 seconds
125.940: [GC [PSYoungGen: 19169K->2304K(20480K)] 55762K->42993K(66560K), 0.0017810 secs] [Times: user=0.01 sys=0.00, real=0.00 secs] 
125.942: [Full GC [PSYoungGen: 2304K->0K(20480K)] [ParOldGen: 40689K->9704K(46080K)] 42993K->9704K(66560K) [PSPermGen: 5503K->5503K(21504K)], 0.0062400 secs] [Times: user=0.03 sys=0.00, real=0.00 secs] 
125.948: Total time for which application threads were stopped: 0.0099860 seconds, Stopping threads took: 0.0018510 seconds
125.980: Application time: 0.0321660 seconds
125.980: [GC [PSYoungGen: 17102K->2304K(20480K)] 26807K->16105K(66560K), 0.0017070 secs] [Times: user=0.01 sys=0.00, real=0.00 secs] 
125.982: Total time for which application threads were stopped: 0.0018540 seconds, Stopping threads took: 0.0000680 seconds
126.015: Application time: 0.0331820 seconds
126.015: [GC [PSYoungGen: 20208K->2304K(20480K)] 34009K->19177K(66560K), 0.0014690 secs] [Times: user=0.01 sys=0.00, real=0.00 secs] 
126.017: Total time for which application threads were stopped: 0.0016380 seconds, Stopping threads took: 0.0001010 seconds
126.048: Application time: 0.0309090 seconds
126.048: [GC [PSYoungGen: 19334K->2304K(20480K)] 36207K->23273K(66560K), 0.0017960 secs] [Times: user=0.01 sys=0.00, real=0.00 secs] 
126.050: Total time for which application threads were stopped: 0.0023890 seconds, Stopping threads took: 0.0005220 seconds
126.082: Application time: 0.0321590 seconds
126.082: [GC [PSYoungGen: 19312K->2320K(20480K)] 40282K->26361K(66560K), 0.0014990 secs] [Times: user=0.01 sys=0.00, real=0.00 secs] 
126.084: Total time for which application threads were stopped: 0.0016430 seconds, Stopping threads took: 0.0000720 seconds
126.116: Application time: 0.0319850 seconds
126.116: [GC [PSYoungGen: 19478K->2368K(20480K)] 43520K->28457K(66560K), 0.0011830 secs] [Times: user=0.01 sys=0.00, real=0.00 secs] 
126.117: Total time for which application threads were stopped: 0.0013270 seconds, Stopping threads took: 0.0000760 seconds
126.150: Application time: 0.0326110 seconds
126.150: [GC [PSYoungGen: 19644K->2400K(20480K)] 45733K->29513K(66560K), 0.0010680 secs] [Times: user=0.01 sys=0.00, real=0.01 secs] 
126.151: Total time for which application threads were stopped: 0.0012180 seconds, Stopping threads took: 0.0000840 seconds
126.182: Application time: 0.0307240 seconds
126.182: [GC [PSYoungGen: 20305K->2464K(20480K)] 47419K->32649K(66560K), 0.0014480 secs] [Times: user=0.01 sys=0.00, real=0.00 secs] 
126.183: Total time for which application threads were stopped: 0.0015770 seconds, Stopping threads took: 0.0000610 seconds
126.217: Application time: 0.0335200 seconds
126.217: [GC [PSYoungGen: 19681K->2544K(20480K)] 49867K->34777K(66560K), 0.0012390 secs] [Times: user=0.01 sys=0.00, real=0.00 secs] 
126.218: Total time for which application threads were stopped: 0.0013720 seconds, Stopping threads took: 0.0000690 seconds
126.245: Application time: 0.0267010 seconds
126.245: [GC [PSYoungGen: 20114K->2528K(20480K)] 52347K->39881K(66560K), 0.0021430 secs] [Times: user=0.01 sys=0.00, real=0.00 secs] 
126.247: Total time for which application threads were stopped: 0.0022930 seconds, Stopping threads took: 0.0000790 seconds
126.282: Application time: 0.0348580 seconds
126.282: [GC [PSYoungGen: 19700K->2496K(20480K)] 57053K->42921K(66560K), 0.0015230 secs] [Times: user=0.01 sys=0.00, real=0.00 secs] 
126.284: [Full GC [PSYoungGen: 2496K->0K(20480K)] [ParOldGen: 40425K->8941K(46080K)] 42921K->8941K(66560K) [PSPermGen: 5503K->5503K(21504K)], 0.0057850 secs] [Times: user=0.03 sys=0.00, real=0.00 secs] 
126.290: Total time for which application threads were stopped: 0.0074880 seconds, Stopping threads took: 0.0000680 seconds
126.321: Application time: 0.0314180 seconds
126.321: [GC [PSYoungGen: 17888K->2304K(20480K)] 26830K->15341K(66560K), 0.0016810 secs] [Times: user=0.01 sys=0.00, real=0.00 secs] 
126.323: Total time for which application threads were stopped: 0.0018250 seconds, Stopping threads took: 0.0000670 seconds
126.355: Application time: 0.0319870 seconds
126.355: [GC [PSYoungGen: 19373K->2304K(20480K)] 32411K->18413K(66560K), 0.0014980 secs] [Times: user=0.01 sys=0.00, real=0.00 secs] 
126.356: Total time for which application threads were stopped: 0.0016360 seconds, Stopping threads took: 0.0000710 seconds
126.387: Application time: 0.0304550 seconds
126.387: [GC [PSYoungGen: 20215K->2304K(20480K)] 36325K->23534K(66560K), 0.0020930 secs] [Times: user=0.01 sys=0.00, real=0.00 secs] 
126.389: Total time for which application threads were stopped: 0.0022530 seconds, Stopping threads took: 0.0000890 seconds
126.423: Application time: 0.0337960 seconds
126.423: [GC [PSYoungGen: 19408K->2304K(20480K)] 40638K->27630K(66560K), 0.0017760 secs] [Times: user=0.01 sys=0.00, real=0.00 secs] 
126.425: Total time for which application threads were stopped: 0.0019060 seconds, Stopping threads took: 0.0000600 seconds
126.454: Application time: 0.0288120 seconds
126.454: [GC [PSYoungGen: 19211K->2304K(20480K)] 44537K->32750K(66560K), 0.0020270 secs] [Times: user=0.02 sys=0.00, real=0.00 secs] 
126.456: Total time for which application threads were stopped: 0.0021670 seconds, Stopping threads took: 0.0000670 seconds
126.489: Application time: 0.0329800 seconds
126.489: [GC [PSYoungGen: 19279K->2304K(20480K)] 49725K->37870K(66560K), 0.0020490 secs] [Times: user=0.02 sys=0.00, real=0.01 secs] 
126.491: Total time for which application threads were stopped: 0.0022070 seconds, Stopping threads took: 0.0000780 seconds
126.520: Application time: 0.0292620 seconds
126.521: [GC [PSYoungGen: 19209K->2304K(20480K)] 54775K->41966K(66560K), 0.0017870 secs] [Times: user=0.01 sys=0.00, real=0.00 secs] 
126.522: Total time for which application threads were stopped: 0.0019940 seconds, Stopping threads took: 0.0001370 seconds
126.558: Application time: 0.0353660 seconds
126.558: [GC [PSYoungGen: 19418K->2304K(20480K)] 59080K->46062K(66560K), 0.0017890 secs] [Times: user=0.02 sys=0.00, real=0.01 secs] 
126.560: [Full GC [PSYoungGen: 2304K->0K(20480K)] [ParOldGen: 43758K->9962K(46080K)] 46062K->9962K(66560K) [PSPermGen: 5503K->5503K(21504K)], 0.0057790 secs] [Times: user=0.02 sys=0.00, real=0.00 secs] 
126.565: Total time for which application threads were stopped: 0.0077570 seconds, Stopping threads took: 0.0000730 seconds
126.596: Application time: 0.0305800 seconds
126.596: [GC [PSYoungGen: 17920K->2304K(20480K)] 27882K->15338K(66560K), 0.0014340 secs] [Times: user=0.01 sys=0.00, real=0.00 secs] 
126.598: Total time for which application threads were stopped: 0.0015750 seconds, Stopping threads took: 0.0000740 seconds
126.632: Application time: 0.0342890 seconds
126.632: [GC [PSYoungGen: 19375K->2304K(20480K)] 32409K->19434K(66560K), 0.0017550 secs] [Times: user=0.01 sys=0.00, real=0.00 secs] 
126.634: Total time for which application threads were stopped: 0.0019220 seconds, Stopping threads took: 0.0000960 seconds
126.664: Application time: 0.0300460 seconds
126.664: [GC [PSYoungGen: 20223K->2240K(20480K)] 37354K->24490K(66560K), 0.0020460 secs] [Times: user=0.01 sys=0.00, real=0.00 secs] 
126.666: Total time for which application threads were stopped: 0.0022280 seconds, Stopping threads took: 0.0001110 seconds
126.702: Application time: 0.0355580 seconds
126.702: [GC [PSYoungGen: 19358K->2304K(20480K)] 41608K->27626K(66560K), 0.0014630 secs] [Times: user=0.01 sys=0.00, real=0.00 secs] 
126.703: Total time for which application threads were stopped: 0.0016030 seconds, Stopping threads took: 0.0000690 seconds
126.733: Application time: 0.0296320 seconds
126.733: [GC [PSYoungGen: 20224K->2240K(20480K)] 45546K->31658K(66560K), 0.0017850 secs] [Times: user=0.01 sys=0.00, real=0.00 secs] 
126.735: Total time for which application threads were stopped: 0.0019450 seconds, Stopping threads took: 0.0000870 seconds
126.769: Application time: 0.0340820 seconds
126.771: [GC [PSYoungGen: 19250K->2320K(20480K)] 48669K->33786K(66560K), 0.0012330 secs] [Times: user=0.01 sys=0.00, real=0.00 secs] 
126.772: Total time for which application threads were stopped: 0.0028620 seconds, Stopping threads took: 0.0015640 seconds
126.803: Application time: 0.0314570 seconds
126.803: [GC [PSYoungGen: 19367K->2304K(20480K)] 50834K->35818K(66560K), 0.0011470 secs] [Times: user=0.01 sys=0.00, real=0.00 secs] 
126.805: Total time for which application threads were stopped: 0.0012870 seconds, Stopping threads took: 0.0000720 seconds
126.836: Application time: 0.0310820 seconds
126.836: [GC [PSYoungGen: 20224K->2368K(20480K)] 53738K->37930K(66560K), 0.0011900 secs] [Times: user=0.01 sys=0.00, real=0.00 secs] 
126.837: Total time for which application threads were stopped: 0.0013330 seconds, Stopping threads took: 0.0000750 seconds
126.868: Application time: 0.0307550 seconds
126.868: [GC [PSYoungGen: 19923K->2528K(20480K)] 55486K->41162K(66560K), 0.0015440 secs] [Times: user=0.01 sys=0.00, real=0.00 secs] 
126.869: Total time for which application threads were stopped: 0.0017570 seconds, Stopping threads took: 0.0001460 seconds
126.902: Application time: 0.0328320 seconds
126.902: [GC [PSYoungGen: 20131K->2432K(20480K)] 58766K->42090K(66560K), 0.0009910 secs] [Times: user=0.00 sys=0.00, real=0.00 secs] 
126.903: Total time for which application threads were stopped: 0.0011380 seconds, Stopping threads took: 0.0000830 seconds
126.938: Application time: 0.0341080 seconds
126.938: [GC [PSYoungGen: 20016K->2496K(20480K)] 59675K->44202K(66560K), 0.0013260 secs] [Times: user=0.00 sys=0.00, real=0.01 secs] 
126.939: [Full GC [PSYoungGen: 2496K->0K(20480K)] [ParOldGen: 41706K->7931K(46080K)] 44202K->7931K(66560K) [PSPermGen: 5503K->5503K(21504K)], 0.0056330 secs] [Times: user=0.02 sys=0.00, real=0.00 secs] 
126.945: Total time for which application threads were stopped: 0.0071260 seconds, Stopping threads took: 0.0000560 seconds
126.976: Application time: 0.0313530 seconds
126.976: [GC [PSYoungGen: 17478K->2304K(20480K)] 25410K->12283K(66560K), 0.0012310 secs] [Times: user=0.00 sys=0.00, real=0.00 secs] 
126.977: Total time for which application threads were stopped: 0.0013620 seconds, Stopping threads took: 0.0000640 seconds
127.012: Application time: 0.0344370 seconds
127.012: [GC [PSYoungGen: 19880K->2304K(20480K)] 29860K->15355K(66560K), 0.0013970 secs] [Times: user=0.01 sys=0.00, real=0.00 secs] 
127.013: Total time for which application threads were stopped: 0.0015500 seconds, Stopping threads took: 0.0000780 seconds
127.044: Application time: 0.0302530 seconds
127.044: [GC [PSYoungGen: 19729K->2304K(20480K)] 32781K->18428K(66560K), 0.0013710 secs] [Times: user=0.01 sys=0.00, real=0.00 secs] 
127.045: Total time for which application threads were stopped: 0.0015040 seconds, Stopping threads took: 0.0000630 seconds
127.078: Application time: 0.0333140 seconds
127.079: [GC [PSYoungGen: 19772K->2320K(20480K)] 35896K->21516K(66560K), 0.0014500 secs] [Times: user=0.01 sys=0.00, real=0.00 secs] 
127.080: Total time for which application threads were stopped: 0.0015960 seconds, Stopping threads took: 0.0000810 seconds
127.110: Application time: 0.0301100 seconds
127.110: [GC [PSYoungGen: 19765K->2304K(20480K)] 38961K->25596K(66560K), 0.0016530 secs] [Times: user=0.01 sys=0.00, real=0.01 secs] 
127.112: Total time for which application threads were stopped: 0.0018040 seconds, Stopping threads took: 0.0000810 seconds
127.147: Application time: 0.0351450 seconds
127.147: [GC [PSYoungGen: 19896K->2272K(20480K)] 43188K->28636K(66560K), 0.0014400 secs] [Times: user=0.01 sys=0.00, real=0.00 secs] 
127.149: Total time for which application threads were stopped: 0.0015720 seconds, Stopping threads took: 0.0000670 seconds
127.173: Application time: 0.0242550 seconds
127.173: [GC [PSYoungGen: 19588K->2304K(20480K)] 45952K->33788K(66560K), 0.0020380 secs] [Times: user=0.02 sys=0.00, real=0.00 secs] 
127.175: Total time for which application threads were stopped: 0.0021920 seconds, Stopping threads took: 0.0000830 seconds
127.216: Application time: 0.0406370 seconds
127.216: [GC [PSYoungGen: 19989K->2272K(20480K)] 51473K->35804K(66560K), 0.0011640 secs] [Times: user=0.01 sys=0.00, real=0.00 secs] 
127.217: Total time for which application threads were stopped: 0.0013050 seconds, Stopping threads took: 0.0000760 seconds
127.240: Application time: 0.0232600 seconds
127.240: [GC [PSYoungGen: 19637K->2272K(20480K)] 53169K->40924K(66560K), 0.0020600 secs] [Times: user=0.01 sys=0.00, real=0.00 secs] 
127.243: Total time for which application threads were stopped: 0.0022030 seconds, Stopping threads took: 0.0000670 seconds
127.281: Application time: 0.0384900 seconds
127.281: [GC [PSYoungGen: 19622K->2304K(20480K)] 58274K->44028K(66560K), 0.0015440 secs] [Times: user=0.01 sys=0.00, real=0.00 secs] 
127.283: [Full GC [PSYoungGen: 2304K->0K(20480K)] [ParOldGen: 41724K->8942K(46080K)] 44028K->8942K(66560K) [PSPermGen: 5503K->5503K(21504K)], 0.0060130 secs] [Times: user=0.03 sys=0.00, real=0.00 secs] 
127.289: Total time for which application threads were stopped: 0.0077570 seconds, Stopping threads took: 0.0000830 seconds
127.315: Application time: 0.0258290 seconds
127.315: [GC [PSYoungGen: 17672K->2304K(20480K)] 26614K->16366K(66560K), 0.0020200 secs] [Times: user=0.01 sys=0.00, real=0.00 secs] 
127.317: Total time for which application threads were stopped: 0.0021610 seconds, Stopping threads took: 0.0000710 seconds
127.353: Application time: 0.0365340 seconds
127.353: [GC [PSYoungGen: 19497K->2304K(20480K)] 33560K->19438K(66560K), 0.0015030 secs] [Times: user=0.01 sys=0.00, real=0.00 secs] 
127.355: Total time for which application threads were stopped: 0.0016500 seconds, Stopping threads took: 0.0000770 seconds
127.386: Application time: 0.0312700 seconds
127.386: [GC [PSYoungGen: 20202K->2304K(20480K)] 37336K->24558K(66560K), 0.0019960 secs] [Times: user=0.01 sys=0.01, real=0.00 secs] 
127.388: Total time for which application threads were stopped: 0.0021710 seconds, Stopping threads took: 0.0001020 seconds
127.422: Application time: 0.0332550 seconds
127.422: [GC [PSYoungGen: 19325K->2304K(20480K)] 41580K->29678K(66560K), 0.0020830 secs] [Times: user=0.02 sys=0.00, real=0.00 secs] 
127.424: Total time for which application threads were stopped: 0.0022260 seconds, Stopping threads took: 0.0000750 seconds
127.455: Application time: 0.0308490 seconds
127.455: [GC [PSYoungGen: 19275K->2304K(20480K)] 46650K->34798K(66560K), 0.0019690 secs] [Times: user=0.01 sys=0.00, real=0.00 secs] 
127.457: Total time for which application threads were stopped: 0.0021170 seconds, Stopping threads took: 0.0000770 seconds
127.489: Application time: 0.0317800 seconds
127.489: [GC [PSYoungGen: 19399K->2304K(20480K)] 51894K->37870K(66560K), 0.0015120 secs] [Times: user=0.01 sys=0.00, real=0.00 secs] 
127.490: Total time for which application threads were stopped: 0.0016520 seconds, Stopping threads took: 0.0000710 seconds
127.523: Application time: 0.0322490 seconds
127.523: [GC [PSYoungGen: 20224K->2368K(20480K)] 55790K->42030K(66560K), 0.0017790 secs] [Times: user=0.01 sys=0.00, real=0.00 secs] 
127.525: [Full GC [PSYoungGen: 2368K->0K(20480K)] [ParOldGen: 39662K->9732K(46080K)] 42030K->9732K(66560K) [PSPermGen: 5503K->5503K(21504K)], 0.0062040 secs] [Times: user=0.02 sys=0.00, real=0.01 secs] 
127.531: Total time for which application threads were stopped: 0.0081870 seconds, Stopping threads took: 0.0000700 seconds
127.563: Application time: 0.0326470 seconds
127.564: [GC [PSYoungGen: 17411K->2336K(20480K)] 27143K->16164K(66560K), 0.0017880 secs] [Times: user=0.01 sys=0.00, real=0.00 secs] 
127.565: Total time for which application threads were stopped: 0.0019970 seconds, Stopping threads took: 0.0001420 seconds
127.599: Application time: 0.0332820 seconds
127.599: [GC [PSYoungGen: 19549K->2448K(20480K)] 33378K->18324K(66560K), 0.0012550 secs] [Times: user=0.01 sys=0.00, real=0.00 secs] 
127.600: Total time for which application threads were stopped: 0.0013890 seconds, Stopping threads took: 0.0000690 seconds
127.633: Application time: 0.0327610 seconds
127.633: [GC [PSYoungGen: 19589K->2448K(20480K)] 35466K->20372K(66560K), 0.0013040 secs] [Times: user=0.01 sys=0.00, real=0.00 secs] 
127.634: Total time for which application threads were stopped: 0.0014400 seconds, Stopping threads took: 0.0000700 seconds
127.667: Application time: 0.0326800 seconds
127.667: [GC [PSYoungGen: 20368K->2496K(20480K)] 38292K->22468K(66560K), 0.0012370 secs] [Times: user=0.01 sys=0.00, real=0.00 secs] 
127.668: Total time for which application threads were stopped: 0.0013760 seconds, Stopping threads took: 0.0000730 seconds
127.697: Application time: 0.0284990 seconds
127.697: [GC [PSYoungGen: 20416K->2512K(20480K)] 40388K->26580K(66560K), 0.0018310 secs] [Times: user=0.01 sys=0.00, real=0.01 secs] 
127.699: Total time for which application threads were stopped: 0.0019730 seconds, Stopping threads took: 0.0000700 seconds
127.734: Application time: 0.0353260 seconds
127.734: [GC [PSYoungGen: 19471K->2464K(20480K)] 43540K->28580K(66560K), 0.0012840 secs] [Times: user=0.01 sys=0.00, real=0.00 secs] 
127.736: Total time for which application threads were stopped: 0.0014260 seconds, Stopping threads took: 0.0000760 seconds
127.766: Application time: 0.0301810 seconds
127.766: [GC [PSYoungGen: 19490K->2496K(20480K)] 45607K->30660K(66560K), 0.0012360 secs] [Times: user=0.01 sys=0.00, real=0.00 secs] 
127.767: Total time for which application threads were stopped: 0.0013820 seconds, Stopping threads took: 0.0000800 seconds
127.801: Application time: 0.0342430 seconds
127.802: [GC [PSYoungGen: 20302K->2416K(20480K)] 48467K->32628K(66560K), 0.0012160 secs] [Times: user=0.00 sys=0.00, real=0.00 secs] 
127.803: Total time for which application threads were stopped: 0.0013530 seconds, Stopping threads took: 0.0000690 seconds
127.832: Application time: 0.0291670 seconds
127.832: [GC [PSYoungGen: 19442K->2448K(20480K)] 49655K->34709K(66560K), 0.0012750 secs] [Times: user=0.01 sys=0.00, real=0.00 secs] 
127.833: Total time for which application threads were stopped: 0.0014600 seconds, Stopping threads took: 0.0001220 seconds
127.865: Application time: 0.0312450 seconds
127.865: [GC [PSYoungGen: 20147K->2464K(20480K)] 52408K->39845K(66560K), 0.0021010 secs] [Times: user=0.02 sys=0.00, real=0.00 secs] 
127.867: Total time for which application threads were stopped: 0.0022470 seconds, Stopping threads took: 0.0000740 seconds
127.902: Application time: 0.0355480 seconds
127.903: [GC [PSYoungGen: 19890K->2448K(20480K)] 57271K->41877K(66560K), 0.0012940 secs] [Times: user=0.01 sys=0.00, real=0.00 secs] 
127.904: Total time for which application threads were stopped: 0.0014260 seconds, Stopping threads took: 0.0000690 seconds
127.933: Application time: 0.0291970 seconds
127.933: [GC [PSYoungGen: 20084K->2464K(20480K)] 59513K->47013K(66560K), 0.0021410 secs] [Times: user=0.02 sys=0.00, real=0.00 secs] 
127.935: [Full GC [PSYoungGen: 2464K->0K(20480K)] [ParOldGen: 44549K->10712K(46080K)] 47013K->10712K(66560K) [PSPermGen: 5503K->5503K(21504K)], 0.0064170 secs] [Times: user=0.02 sys=0.00, real=0.01 secs] 
127.942: Total time for which application threads were stopped: 0.0087610 seconds, Stopping threads took: 0.0000820 seconds
127.979: Application time: 0.0374450 seconds
127.979: [GC [PSYoungGen: 17435K->2272K(20480K)] 28148K->15032K(66560K), 0.0011570 secs] [Times: user=0.01 sys=0.00, real=0.00 secs] 
127.981: Total time for which application threads were stopped: 0.0017390 seconds, Stopping threads took: 0.0000620 seconds
128.009: Application time: 0.0278540 seconds
128.009: [GC [PSYoungGen: 19893K->2304K(20480K)] 32654K->19160K(66560K), 0.0017530 secs] [Times: user=0.01 sys=0.00, real=0.01 secs] 
128.011: Total time for which application threads were stopped: 0.0018920 seconds, Stopping threads took: 0.0000690 seconds
128.045: Application time: 0.0338420 seconds
128.045: [GC [PSYoungGen: 19426K->2304K(20480K)] 36282K->22232K(66560K), 0.0015050 secs] [Times: user=0.01 sys=0.00, real=0.00 secs] 
128.046: Total time for which application threads were stopped: 0.0016750 seconds, Stopping threads took: 0.0000930 seconds
128.076: Application time: 0.0296390 seconds
128.076: [GC [PSYoungGen: 20182K->2304K(20480K)] 40110K->26328K(66560K), 0.0017270 secs] [Times: user=0.01 sys=0.00, real=0.00 secs] 
128.078: Total time for which application threads were stopped: 0.0019230 seconds, Stopping threads took: 0.0001250 seconds
128.111: Application time: 0.0329770 seconds
128.111: [GC [PSYoungGen: 19335K->2304K(20480K)] 43359K->30424K(66560K), 0.0017270 secs] [Times: user=0.01 sys=0.00, real=0.00 secs] 
128.113: Total time for which application threads were stopped: 0.0018600 seconds, Stopping threads took: 0.0000640 seconds
128.145: Application time: 0.0320280 seconds
128.145: [GC [PSYoungGen: 20224K->2272K(20480K)] 48344K->34488K(66560K), 0.0016440 secs] [Times: user=0.01 sys=0.00, real=0.00 secs] 
128.147: Total time for which application threads were stopped: 0.0017750 seconds, Stopping threads took: 0.0000640 seconds
128.179: Application time: 0.0324700 seconds
128.179: [GC [PSYoungGen: 19199K->2304K(20480K)] 51415K->37592K(66560K), 0.0014440 secs] [Times: user=0.01 sys=0.00, real=0.00 secs] 
128.181: Total time for which application threads were stopped: 0.0015870 seconds, Stopping threads took: 0.0000790 seconds
128.210: Application time: 0.0294610 seconds
128.210: [GC [PSYoungGen: 19372K->2336K(20480K)] 54660K->41720K(66560K), 0.0017470 secs] [Times: user=0.01 sys=0.00, real=0.01 secs] 
128.212: Total time for which application threads were stopped: 0.0018960 seconds, Stopping threads took: 0.0000780 seconds
128.245: Application time: 0.0331660 seconds
128.245: [GC [PSYoungGen: 20256K->2240K(20480K)] 59640K->47768K(66560K), 0.0023300 secs] [Times: user=0.01 sys=0.00, real=0.00 secs] 
128.248: [Full GC [PSYoungGen: 2240K->0K(20480K)] [ParOldGen: 45528K->11736K(46080K)] 47768K->11736K(66560K) [PSPermGen: 5503K->5503K(21504K)], 0.0067530 secs] [Times: user=0.03 sys=0.00, real=0.01 secs] 
128.254: Total time for which application threads were stopped: 0.0092840 seconds, Stopping threads took: 0.0000740 seconds
128.286: Application time: 0.0318100 seconds
128.286: [GC [PSYoungGen: 17422K->2400K(20480K)] 29158K->18232K(66560K), 0.0017130 secs] [Times: user=0.01 sys=0.01, real=0.00 secs] 
128.288: Total time for which application threads were stopped: 0.0018550 seconds, Stopping threads took: 0.0000740 seconds
128.321: Application time: 0.0329560 seconds
128.321: [GC [PSYoungGen: 19654K->2464K(20480K)] 35486K->23416K(66560K), 0.0021540 secs] [Times: user=0.01 sys=0.00, real=0.00 secs] 
128.323: Total time for which application threads were stopped: 0.0023060 seconds, Stopping threads took: 0.0000770 seconds
128.355: Application time: 0.0318880 seconds
128.355: [GC [PSYoungGen: 19453K->2400K(20480K)] 40406K->25400K(66560K), 0.0011660 secs] [Times: user=0.00 sys=0.00, real=0.00 secs] 
128.357: Total time for which application threads were stopped: 0.0013100 seconds, Stopping threads took: 0.0000810 seconds
128.390: Application time: 0.0334850 seconds
128.390: [GC [PSYoungGen: 19552K->2496K(20480K)] 42553K->29592K(66560K), 0.0017970 secs] [Times: user=0.01 sys=0.00, real=0.01 secs] 
128.392: Total time for which application threads were stopped: 0.0019860 seconds, Stopping threads took: 0.0001180 seconds
128.420: Application time: 0.0278900 seconds
128.420: [GC [PSYoungGen: 20364K->2464K(20480K)] 47461K->33656K(66560K), 0.0019340 secs] [Times: user=0.01 sys=0.00, real=0.00 secs] 
128.422: Total time for which application threads were stopped: 0.0021010 seconds, Stopping threads took: 0.0000990 seconds
128.461: Application time: 0.0385060 seconds
128.461: [GC [PSYoungGen: 19657K->2512K(20480K)] 50850K->36776K(66560K), 0.0015080 secs] [Times: user=0.01 sys=0.00, real=0.00 secs] 
128.462: Total time for which application threads were stopped: 0.0016450 seconds, Stopping threads took: 0.0000710 seconds
128.490: Application time: 0.0279140 seconds
128.490: [GC [PSYoungGen: 20349K->2480K(20480K)] 54614K->39816K(66560K), 0.0015920 secs] [Times: user=0.01 sys=0.00, real=0.01 secs] 
128.492: Total time for which application threads were stopped: 0.0017460 seconds, Stopping threads took: 0.0000880 seconds
128.526: Application time: 0.0337110 seconds
128.526: [GC [PSYoungGen: 20400K->2496K(20480K)] 57736K->43928K(66560K), 0.0018000 secs] [Times: user=0.01 sys=0.00, real=0.00 secs] 
128.527: [Full GC [PSYoungGen: 2496K->0K(20480K)] [ParOldGen: 41432K->10000K(46080K)] 43928K->10000K(66560K) [PSPermGen: 5503K->5503K(21504K)], 0.0059860 secs] [Times: user=0.03 sys=0.00, real=0.01 secs] 
128.534: Total time for which application threads were stopped: 0.0079690 seconds, Stopping threads took: 0.0000660 seconds
128.566: Application time: 0.0324170 seconds
128.566: [GC [PSYoungGen: 17114K->2304K(20480K)] 27114K->15376K(66560K), 0.0014810 secs] [Times: user=0.01 sys=0.00, real=0.00 secs] 
128.568: Total time for which application threads were stopped: 0.0016380 seconds, Stopping threads took: 0.0000800 seconds
128.601: Application time: 0.0334740 seconds
128.601: [GC [PSYoungGen: 20185K->2304K(20480K)] 33257K->18448K(66560K), 0.0014650 secs] [Times: user=0.01 sys=0.00, real=0.00 secs] 
128.603: Total time for which application threads were stopped: 0.0016070 seconds, Stopping threads took: 0.0000740 seconds
128.633: Application time: 0.0302960 seconds
128.633: [GC [PSYoungGen: 19341K->2304K(20480K)] 35485K->22544K(66560K), 0.0017810 secs] [Times: user=0.01 sys=0.00, real=0.00 secs] 
128.635: Total time for which application threads were stopped: 0.0019200 seconds, Stopping threads took: 0.0000700 seconds
128.667: Application time: 0.0320980 seconds
128.667: [GC [PSYoungGen: 20033K->2304K(20480K)] 40274K->24592K(66560K), 0.0011550 secs] [Times: user=0.01 sys=0.00, real=0.00 secs] 
128.668: Total time for which application threads were stopped: 0.0012980 seconds, Stopping threads took: 0.0000770 seconds
128.701: Application time: 0.0332040 seconds
128.702: [GC [PSYoungGen: 19618K->2304K(20480K)] 41906K->28688K(66560K), 0.0017030 secs] [Times: user=0.01 sys=0.00, real=0.00 secs] 
128.703: Total time for which application threads were stopped: 0.0018400 seconds, Stopping threads took: 0.0000680 seconds
128.736: Application time: 0.0330920 seconds
128.737: [GC [PSYoungGen: 20159K->2304K(20480K)] 46543K->30736K(66560K), 0.0012060 secs] [Times: user=0.01 sys=0.00, real=0.00 secs] 
128.738: Total time for which application threads were stopped: 0.0013470 seconds, Stopping threads took: 0.0000750 seconds
128.768: Application time: 0.0299150 seconds
128.768: [GC [PSYoungGen: 19409K->2272K(20480K)] 47841K->35824K(66560K), 0.0020610 secs] [Times: user=0.01 sys=0.00, real=0.00 secs] 
128.770: Total time for which application threads were stopped: 0.0022120 seconds, Stopping threads took: 0.0000780 seconds
128.803: Application time: 0.0330120 seconds
128.803: [GC [PSYoungGen: 19980K->2304K(20480K)] 53532K->38928K(66560K), 0.0014660 secs] [Times: user=0.01 sys=0.00, real=0.00 secs] 
128.805: Total time for which application threads were stopped: 0.0016200 seconds, Stopping threads took: 0.0000870 seconds
128.838: Application time: 0.0332410 seconds
128.839: [GC [PSYoungGen: 19649K->2304K(20480K)] 56273K->43024K(66560K), 0.0017460 secs] [Times: user=0.01 sys=0.00, real=0.00 secs] 
128.840: [Full GC [PSYoungGen: 2304K->0K(20480K)] [ParOldGen: 40720K->9704K(46080K)] 43024K->9704K(66560K) [PSPermGen: 5503K->5503K(21504K)], 0.0061770 secs] [Times: user=0.02 sys=0.00, real=0.00 secs] 
128.847: Total time for which application threads were stopped: 0.0087760 seconds, Stopping threads took: 0.0007370 seconds
128.879: Application time: 0.0327910 seconds
128.879: [GC [PSYoungGen: 17713K->2304K(20480K)] 27417K->15080K(66560K), 0.0014470 secs] [Times: user=0.01 sys=0.00, real=0.00 secs] 
128.881: Total time for which application threads were stopped: 0.0015860 seconds, Stopping threads took: 0.0000720 seconds
128.912: Application time: 0.0308570 seconds
128.912: [GC [PSYoungGen: 19638K->2272K(20480K)] 32414K->18120K(66560K), 0.0014900 secs] [Times: user=0.01 sys=0.00, real=0.00 secs] 
128.913: Total time for which application threads were stopped: 0.0017020 seconds, Stopping threads took: 0.0001410 seconds
128.947: Application time: 0.0331510 seconds
128.947: [GC [PSYoungGen: 19990K->2304K(20480K)] 35838K->21224K(66560K), 0.0014890 secs] [Times: user=0.01 sys=0.00, real=0.00 secs] 
128.948: Total time for which application threads were stopped: 0.0016240 seconds, Stopping threads took: 0.0000680 seconds
128.981: Application time: 0.0331390 seconds
128.982: [GC [PSYoungGen: 19868K->2336K(20480K)] 38788K->23304K(66560K), 0.0012530 secs] [Times: user=0.01 sys=0.00, real=0.00 secs] 
128.983: Total time for which application threads were stopped: 0.0014020 seconds, Stopping threads took: 0.0000820 seconds
129.014: Application time: 0.0314990 seconds
129.014: [GC [PSYoungGen: 20256K->2448K(20480K)] 41224K->26488K(66560K), 0.0015090 secs] [Times: user=0.01 sys=0.00, real=0.00 secs] 
129.016: Total time for which application threads were stopped: 0.0016410 seconds, Stopping threads took: 0.0000640 seconds
129.050: Application time: 0.0336530 seconds
129.050: [GC [PSYoungGen: 19950K->2464K(20480K)] 43990K->27528K(66560K), 0.0011590 secs] [Times: user=0.01 sys=0.00, real=0.01 secs] 
129.051: Total time for which application threads were stopped: 0.0012980 seconds, Stopping threads took: 0.0000760 seconds
129.078: Application time: 0.0269270 seconds
129.078: [GC [PSYoungGen: 19970K->2512K(20480K)] 45035K->31672K(66560K), 0.0018240 secs] [Times: user=0.02 sys=0.00, real=0.01 secs] 
129.080: Total time for which application threads were stopped: 0.0019720 seconds, Stopping threads took: 0.0000700 seconds
129.119: Application time: 0.0393320 seconds
129.119: [GC [PSYoungGen: 20211K->2512K(20480K)] 49371K->32696K(66560K), 0.0011300 secs] [Times: user=0.01 sys=0.00, real=0.00 secs] 
129.120: Total time for which application threads were stopped: 0.0012670 seconds, Stopping threads took: 0.0000740 seconds
129.147: Application time: 0.0267740 seconds
129.147: [GC [PSYoungGen: 19838K->2528K(20480K)] 50022K->36808K(66560K), 0.0018220 secs] [Times: user=0.01 sys=0.00, real=0.00 secs] 
129.149: Total time for which application threads were stopped: 0.0019650 seconds, Stopping threads took: 0.0000710 seconds
129.187: Application time: 0.0382710 seconds
129.188: [GC [PSYoungGen: 20023K->2496K(20480K)] 54304K->38824K(66560K), 0.0012760 secs] [Times: user=0.01 sys=0.00, real=0.00 secs] 
129.189: Total time for which application threads were stopped: 0.0014060 seconds, Stopping threads took: 0.0000640 seconds
129.217: Application time: 0.0278040 seconds
129.217: [GC [PSYoungGen: 20064K->2496K(20480K)] 56393K->42920K(66560K), 0.0017930 secs] [Times: user=0.01 sys=0.00, real=0.01 secs] 
129.219: [Full GC [PSYoungGen: 2496K->0K(20480K)] [ParOldGen: 40424K->9691K(46080K)] 42920K->9691K(66560K) [PSPermGen: 5503K->5503K(21504K)], 0.0062260 secs] [Times: user=0.03 sys=0.00, real=0.00 secs] 
129.225: Total time for which application threads were stopped: 0.0082040 seconds, Stopping threads took: 0.0000690 seconds
129.260: Application time: 0.0353820 seconds
129.260: [GC [PSYoungGen: 17299K->2304K(20480K)] 26991K->14043K(66560K), 0.0011190 secs] [Times: user=0.01 sys=0.00, real=0.00 secs] 
129.261: Total time for which application threads were stopped: 0.0012490 seconds, Stopping threads took: 0.0000660 seconds
129.289: Application time: 0.0274990 seconds
129.291: [GC [PSYoungGen: 19979K->2304K(20480K)] 31719K->18139K(66560K), 0.0017540 secs] [Times: user=0.01 sys=0.00, real=0.00 secs] 
129.292: Total time for which application threads were stopped: 0.0033550 seconds, Stopping threads took: 0.0015260 seconds
129.325: Application time: 0.0331250 seconds
129.326: [GC [PSYoungGen: 19251K->2304K(20480K)] 35087K->20187K(66560K), 0.0012990 secs] [Times: user=0.01 sys=0.00, real=0.00 secs] 
129.327: Total time for which application threads were stopped: 0.0014940 seconds, Stopping threads took: 0.0001250 seconds
129.355: Application time: 0.0284970 seconds
129.356: [GC [PSYoungGen: 19284K->2272K(20480K)] 37168K->25275K(66560K), 0.0020300 secs] [Times: user=0.02 sys=0.00, real=0.00 secs] 
129.358: Total time for which application threads were stopped: 0.0021660 seconds, Stopping threads took: 0.0000680 seconds
129.393: Application time: 0.0354940 seconds
129.393: [GC [PSYoungGen: 20192K->2304K(20480K)] 43195K->29403K(66560K), 0.0017380 secs] [Times: user=0.01 sys=0.00, real=0.00 secs] 
129.395: Total time for which application threads were stopped: 0.0018700 seconds, Stopping threads took: 0.0000640 seconds
129.423: Application time: 0.0281290 seconds
129.423: [GC [PSYoungGen: 19353K->2304K(20480K)] 46452K->33499K(66560K), 0.0017600 secs] [Times: user=0.02 sys=0.00, real=0.00 secs] 
129.425: Total time for which application threads were stopped: 0.0019170 seconds, Stopping threads took: 0.0000900 seconds
129.461: Application time: 0.0356690 seconds
129.461: [GC [PSYoungGen: 20224K->2304K(20480K)] 51419K->38620K(66560K), 0.0019810 secs] [Times: user=0.01 sys=0.00, real=0.00 secs] 
129.463: Total time for which application threads were stopped: 0.0021340 seconds, Stopping threads took: 0.0000810 seconds
129.493: Application time: 0.0303820 seconds
129.493: [GC [PSYoungGen: 19440K->2304K(20480K)] 55756K->42716K(66560K), 0.0018140 secs] [Times: user=0.01 sys=0.00, real=0.00 secs] 
129.495: [Full GC [PSYoungGen: 2304K->0K(20480K)] [ParOldGen: 40412K->9691K(46080K)] 42716K->9691K(66560K) [PSPermGen: 5503K->5503K(21504K)], 0.0061980 secs] [Times: user=0.02 sys=0.00, real=0.01 secs] 
129.501: Total time for which application threads were stopped: 0.0082050 seconds, Stopping threads took: 0.0000740 seconds
129.536: Application time: 0.0348040 seconds
129.536: [GC [PSYoungGen: 17893K->2304K(20480K)] 27585K->16091K(66560K), 0.0016620 secs] [Times: user=0.01 sys=0.00, real=0.00 secs] 
129.538: Total time for which application threads were stopped: 0.0018040 seconds, Stopping threads took: 0.0000750 seconds
129.566: Application time: 0.0283520 seconds
129.567: [GC [PSYoungGen: 19412K->2304K(20480K)] 33200K->20187K(66560K), 0.0018620 secs] [Times: user=0.02 sys=0.00, real=0.00 secs] 
129.568: Total time for which application threads were stopped: 0.0020080 seconds, Stopping threads took: 0.0000730 seconds
129.601: Application time: 0.0327500 seconds
129.601: [GC [PSYoungGen: 20113K->2304K(20480K)] 37996K->25307K(66560K), 0.0020680 secs] [Times: user=0.01 sys=0.00, real=0.00 secs] 
129.603: Total time for which application threads were stopped: 0.0022330 seconds, Stopping threads took: 0.0000810 seconds
129.636: Application time: 0.0330750 seconds
129.639: [GC [PSYoungGen: 19653K->2336K(20480K)] 42656K->29435K(66560K), 0.0017670 secs] [Times: user=0.01 sys=0.00, real=0.00 secs] 
129.640: Total time for which application threads were stopped: 0.0038660 seconds, Stopping threads took: 0.0020300 seconds
129.673: Application time: 0.0329540 seconds
129.673: [GC [PSYoungGen: 20151K->2336K(20480K)] 47251K->33531K(66560K), 0.0017910 secs] [Times: user=0.01 sys=0.00, real=0.00 secs] 
129.675: Total time for which application threads were stopped: 0.0019580 seconds, Stopping threads took: 0.0000960 seconds
129.708: Application time: 0.0326100 seconds
129.709: [GC [PSYoungGen: 19885K->2400K(20480K)] 51081K->36667K(66560K), 0.0017140 secs] [Times: user=0.01 sys=0.00, real=0.00 secs] 
129.710: Total time for which application threads were stopped: 0.0024320 seconds, Stopping threads took: 0.0006430 seconds
129.741: Application time: 0.0303630 seconds
129.741: [GC [PSYoungGen: 20320K->2400K(20480K)] 54587K->40763K(66560K), 0.0017910 secs] [Times: user=0.01 sys=0.00, real=0.00 secs] 
129.743: Total time for which application threads were stopped: 0.0019470 seconds, Stopping threads took: 0.0000860 seconds
129.778: Application time: 0.0357200 seconds
129.778: [GC [PSYoungGen: 19770K->2480K(20480K)] 58134K->42892K(66560K), 0.0012100 secs] [Times: user=0.01 sys=0.00, real=0.00 secs] 
129.780: [Full GC [PSYoungGen: 2480K->0K(20480K)] [ParOldGen: 40411K->7893K(46080K)] 42892K->7893K(66560K) [PSPermGen: 5503K->5503K(21504K)], 0.0056340 secs] [Times: user=0.02 sys=0.00, real=0.00 secs] 
129.785: Total time for which application threads were stopped: 0.0070420 seconds, Stopping threads took: 0.0000830 seconds
129.816: Application time: 0.0301210 seconds
129.816: [GC [PSYoungGen: 17840K->2304K(20480K)] 25733K->13269K(66560K), 0.0015540 secs] [Times: user=0.01 sys=0.00, real=0.00 secs] 
129.817: Total time for which application threads were stopped: 0.0017040 seconds, Stopping threads took: 0.0000780 seconds
129.850: Application time: 0.0325320 seconds
129.850: [GC [PSYoungGen: 19484K->2336K(20480K)] 30449K->17397K(66560K), 0.0017260 secs] [Times: user=0.01 sys=0.00, real=0.01 secs] 
129.852: Total time for which application threads were stopped: 0.0018720 seconds, Stopping threads took: 0.0000750 seconds
129.884: Application time: 0.0327120 seconds
129.884: [GC [PSYoungGen: 20180K->2320K(20480K)] 35241K->19429K(66560K), 0.0012350 secs] [Times: user=0.01 sys=0.00, real=0.00 secs] 
129.886: Total time for which application threads were stopped: 0.0013790 seconds, Stopping threads took: 0.0000790 seconds
129.920: Application time: 0.0340360 seconds
129.920: [GC [PSYoungGen: 19518K->2320K(20480K)] 36627K->22501K(66560K), 0.0014090 secs] [Times: user=0.01 sys=0.00, real=0.00 secs] 
129.921: Total time for which application threads were stopped: 0.0015440 seconds, Stopping threads took: 0.0000670 seconds
129.951: Application time: 0.0299120 seconds
129.951: [GC [PSYoungGen: 19954K->2304K(20480K)] 40135K->24533K(66560K), 0.0012780 secs] [Times: user=0.01 sys=0.00, real=0.00 secs] 
129.953: Total time for which application threads were stopped: 0.0014220 seconds, Stopping threads took: 0.0000780 seconds
129.986: Application time: 0.0331570 seconds
129.986: [GC [PSYoungGen: 19548K->2304K(20480K)] 41777K->27605K(66560K), 0.0014980 secs] [Times: user=0.01 sys=0.00, real=0.00 secs] 
129.987: Total time for which application threads were stopped: 0.0016480 seconds, Stopping threads took: 0.0000790 seconds
130.019: Application time: 0.0318740 seconds
130.019: [GC [PSYoungGen: 20018K->2288K(20480K)] 45319K->28613K(66560K), 0.0009810 secs] [Times: user=0.01 sys=0.00, real=0.00 secs] 
130.020: Total time for which application threads were stopped: 0.0011200 seconds, Stopping threads took: 0.0000750 seconds
130.054: Application time: 0.0334000 seconds
130.054: [GC [PSYoungGen: 19544K->2304K(20480K)] 45870K->30677K(66560K), 0.0011820 secs] [Times: user=0.01 sys=0.00, real=0.00 secs] 
130.055: Total time for which application threads were stopped: 0.0013220 seconds, Stopping threads took: 0.0000720 seconds
130.088: Application time: 0.0326640 seconds
130.091: [GC [PSYoungGen: 20100K->2304K(20480K)] 48473K->30677K(66560K), 0.0008640 secs] [Times: user=0.00 sys=0.00, real=0.00 secs] 
130.091: Total time for which application threads were stopped: 0.0036430 seconds, Stopping threads took: 0.0027130 seconds
130.124: Application time: 0.0328760 seconds
130.127: [GC [PSYoungGen: 19502K->2320K(20480K)] 47876K->31717K(66560K), 0.0011310 secs] [Times: user=0.00 sys=0.00, real=0.00 secs] 
130.128: Total time for which application threads were stopped: 0.0033750 seconds, Stopping threads took: 0.0021700 seconds
130.161: Application time: 0.0337370 seconds
130.162: [GC [PSYoungGen: 20224K->1296K(20480K)] 49622K->30693K(66560K), 0.0005830 secs] [Times: user=0.00 sys=0.00, real=0.00 secs] 
130.162: Total time for which application threads were stopped: 0.0007180 seconds, Stopping threads took: 0.0000740 seconds
130.191: Application time: 0.0292910 seconds
130.192: [GC [PSYoungGen: 18281K->2320K(20480K)] 47679K->34789K(66560K), 0.0015130 secs] [Times: user=0.01 sys=0.00, real=0.00 secs] 
130.193: Total time for which application threads were stopped: 0.0016640 seconds, Stopping threads took: 0.0000810 seconds
130.223: Application time: 0.0294850 seconds
130.223: [GC [PSYoungGen: 19899K->2304K(20480K)] 52368K->38869K(66560K), 0.0017100 secs] [Times: user=0.01 sys=0.00, real=0.00 secs] 
130.225: Total time for which application threads were stopped: 0.0025540 seconds, Stopping threads took: 0.0007720 seconds
130.262: Application time: 0.0369460 seconds
130.262: [GC [PSYoungGen: 19861K->2320K(20480K)] 56427K->40933K(66560K), 0.0012480 secs] [Times: user=0.01 sys=0.00, real=0.00 secs] 
130.264: Total time for which application threads were stopped: 0.0014070 seconds, Stopping threads took: 0.0000820 seconds
130.289: Application time: 0.0252510 seconds
130.289: [GC [PSYoungGen: 19765K->2304K(20480K)] 58378K->46037K(66560K), 0.0020970 secs] [Times: user=0.01 sys=0.00, real=0.01 secs] 
130.291: [Full GC [PSYoungGen: 2304K->0K(20480K)] [ParOldGen: 43733K->10713K(46080K)] 46037K->10713K(66560K) [PSPermGen: 5503K->5503K(21504K)], 0.0062480 secs] [Times: user=0.03 sys=0.00, real=0.00 secs] 
130.297: Total time for which application threads were stopped: 0.0085310 seconds, Stopping threads took: 0.0000660 seconds
130.336: Application time: 0.0388710 seconds
130.336: [GC [PSYoungGen: 17539K->2304K(20480K)] 28253K->14041K(66560K), 0.0010320 secs] [Times: user=0.01 sys=0.00, real=0.00 secs] 
130.337: Total time for which application threads were stopped: 0.0011940 seconds, Stopping threads took: 0.0000960 seconds
130.364: Application time: 0.0270180 seconds
130.365: [GC [PSYoungGen: 19922K->2240K(20480K)] 31659K->19097K(66560K), 0.0020060 secs] [Times: user=0.01 sys=0.00, real=0.00 secs] 
130.367: Total time for which application threads were stopped: 0.0021500 seconds, Stopping threads took: 0.0000750 seconds
130.406: Application time: 0.0391720 seconds
130.406: [GC [PSYoungGen: 20137K->2400K(20480K)] 36994K->20281K(66560K), 0.0010120 secs] [Times: user=0.01 sys=0.00, real=0.00 secs] 
130.407: Total time for which application threads were stopped: 0.0011630 seconds, Stopping threads took: 0.0000880 seconds
130.431: Application time: 0.0243610 seconds
130.431: [GC [PSYoungGen: 19860K->2320K(20480K)] 37741K->25321K(66560K), 0.0020680 secs] [Times: user=0.01 sys=0.00, real=0.00 secs] 
130.434: Total time for which application threads were stopped: 0.0022220 seconds, Stopping threads took: 0.0000850 seconds
130.475: Application time: 0.0415620 seconds
130.475: [GC [PSYoungGen: 20139K->2480K(20480K)] 43140K->26505K(66560K), 0.0010230 secs] [Times: user=0.01 sys=0.00, real=0.00 secs] 
130.476: Total time for which application threads were stopped: 0.0011730 seconds, Stopping threads took: 0.0000850 seconds
130.501: Application time: 0.0250110 seconds
130.501: [GC [PSYoungGen: 20040K->2496K(20480K)] 44066K->31641K(66560K), 0.0020980 secs] [Times: user=0.01 sys=0.00, real=0.00 secs] 
130.504: Total time for which application threads were stopped: 0.0022380 seconds, Stopping threads took: 0.0000680 seconds
130.544: Application time: 0.0408890 seconds
130.545: [GC [PSYoungGen: 20029K->2480K(20480K)] 49175K->31625K(66560K), 0.0008010 secs] [Times: user=0.00 sys=0.00, real=0.00 secs] 
130.545: Total time for which application threads were stopped: 0.0009340 seconds, Stopping threads took: 0.0000660 seconds
130.571: Application time: 0.0251970 seconds
130.571: [GC [PSYoungGen: 20110K->2512K(20480K)] 49255K->36777K(66560K), 0.0020720 secs] [Times: user=0.02 sys=0.00, real=0.00 secs] 
130.573: Total time for which application threads were stopped: 0.0022040 seconds, Stopping threads took: 0.0000590 seconds
130.609: Application time: 0.0363650 seconds
130.609: [GC [PSYoungGen: 20432K->2480K(20480K)] 54697K->37769K(66560K), 0.0010340 secs] [Times: user=0.00 sys=0.00, real=0.00 secs] 
130.610: Total time for which application threads were stopped: 0.0011740 seconds, Stopping threads took: 0.0000750 seconds
130.639: Application time: 0.0291500 seconds
130.643: [GC [PSYoungGen: 19614K->2528K(20480K)] 54904K->41913K(66560K), 0.0017980 secs] [Times: user=0.01 sys=0.00, real=0.00 secs] 
130.644: [Full GC [PSYoungGen: 2528K->0K(20480K)] [ParOldGen: 39385K->9709K(46080K)] 41913K->9709K(66560K) [PSPermGen: 5503K->5503K(21504K)], 0.0060130 secs] [Times: user=0.02 sys=0.00, real=0.00 secs] 
130.650: Total time for which application threads were stopped: 0.0110060 seconds, Stopping threads took: 0.0030720 seconds
130.684: Application time: 0.0339820 seconds
130.685: [GC [PSYoungGen: 17600K->2304K(20480K)] 27309K->14061K(66560K), 0.0011920 secs] [Times: user=0.00 sys=0.00, real=0.00 secs] 
130.686: Total time for which application threads were stopped: 0.0013180 seconds, Stopping threads took: 0.0000610 seconds
130.717: Application time: 0.0315880 seconds
130.717: [GC [PSYoungGen: 19735K->2320K(20480K)] 31493K->18173K(66560K), 0.0016140 secs] [Times: user=0.01 sys=0.00, real=0.01 secs] 
130.719: Total time for which application threads were stopped: 0.0017540 seconds, Stopping threads took: 0.0000720 seconds
130.750: Application time: 0.0309610 seconds
130.750: [GC [PSYoungGen: 19766K->2304K(20480K)] 35620K->23278K(66560K), 0.0020740 secs] [Times: user=0.02 sys=0.00, real=0.01 secs] 
130.752: Total time for which application threads were stopped: 0.0022170 seconds, Stopping threads took: 0.0000720 seconds
130.780: Application time: 0.0279750 seconds
130.780: [GC [PSYoungGen: 19579K->2272K(20480K)] 40553K->27342K(66560K), 0.0018490 secs] [Times: user=0.01 sys=0.00, real=0.00 secs] 
130.782: Total time for which application threads were stopped: 0.0019880 seconds, Stopping threads took: 0.0000690 seconds
130.820: Application time: 0.0375270 seconds
130.820: [GC [PSYoungGen: 20067K->2304K(20480K)] 45137K->31470K(66560K), 0.0017340 secs] [Times: user=0.01 sys=0.00, real=0.00 secs] 
130.822: Total time for which application threads were stopped: 0.0018650 seconds, Stopping threads took: 0.0000650 seconds
130.849: Application time: 0.0277560 seconds
130.849: [GC [PSYoungGen: 19565K->2272K(20480K)] 48731K->35534K(66560K), 0.0017830 secs] [Times: user=0.01 sys=0.00, real=0.01 secs] 
130.851: Total time for which application threads were stopped: 0.0019230 seconds, Stopping threads took: 0.0000690 seconds
130.883: Application time: 0.0319130 seconds
130.883: [GC [PSYoungGen: 19900K->2304K(20480K)] 53162K->40686K(66560K), 0.0020440 secs] [Times: user=0.01 sys=0.00, real=0.00 secs] 
130.885: Total time for which application threads were stopped: 0.0022100 seconds, Stopping threads took: 0.0000930 seconds
130.919: Application time: 0.0331840 seconds
130.919: [GC [PSYoungGen: 19703K->2304K(20480K)] 58085K->44782K(66560K), 0.0018060 secs] [Times: user=0.01 sys=0.00, real=0.00 secs] 
130.921: [Full GC [PSYoungGen: 2304K->0K(20480K)] [ParOldGen: 42478K->9963K(46080K)] 44782K->9963K(66560K) [PSPermGen: 5503K->5503K(21504K)], 0.0059150 secs] [Times: user=0.03 sys=0.00, real=0.00 secs] 
130.927: Total time for which application threads were stopped: 0.0079550 seconds, Stopping threads took: 0.0001180 seconds
130.958: Application time: 0.0317990 seconds
130.959: [GC [PSYoungGen: 17636K->2304K(20480K)] 27600K->16363K(66560K), 0.0017780 secs] [Times: user=0.01 sys=0.00, real=0.00 secs] 
130.960: Total time for which application threads were stopped: 0.0019260 seconds, Stopping threads took: 0.0000720 seconds
130.995: Application time: 0.0343750 seconds
130.995: [GC [PSYoungGen: 19728K->2304K(20480K)] 33788K->20459K(66560K), 0.0017430 secs] [Times: user=0.01 sys=0.00, real=0.00 secs] 
130.997: Total time for which application threads were stopped: 0.0019040 seconds, Stopping threads took: 0.0000890 seconds
131.028: Application time: 0.0315170 seconds
131.028: [GC [PSYoungGen: 19940K->2224K(20480K)] 38096K->23451K(66560K), 0.0014730 secs] [Times: user=0.00 sys=0.00, real=0.00 secs] 
131.030: Total time for which application threads were stopped: 0.0016100 seconds, Stopping threads took: 0.0000710 seconds
131.064: Application time: 0.0346050 seconds
131.064: [GC [PSYoungGen: 19750K->2304K(20480K)] 40977K->27627K(66560K), 0.0017140 secs] [Times: user=0.01 sys=0.00, real=0.00 secs] 
131.066: Total time for which application threads were stopped: 0.0018630 seconds, Stopping threads took: 0.0000790 seconds
131.095: Application time: 0.0287400 seconds
131.095: [GC [PSYoungGen: 19810K->2320K(20480K)] 45134K->30715K(66560K), 0.0014700 secs] [Times: user=0.01 sys=0.00, real=0.00 secs] 
131.097: Total time for which application threads were stopped: 0.0016110 seconds, Stopping threads took: 0.0000740 seconds
131.132: Application time: 0.0354360 seconds
131.132: [GC [PSYoungGen: 20100K->2432K(20480K)] 48496K->35947K(66560K), 0.0020370 secs] [Times: user=0.01 sys=0.00, real=0.00 secs] 
131.134: Total time for which application threads were stopped: 0.0022110 seconds, Stopping threads took: 0.0000930 seconds
131.164: Application time: 0.0301020 seconds
131.164: [GC [PSYoungGen: 20129K->2368K(20480K)] 53645K->37932K(66560K), 0.0012430 secs] [Times: user=0.01 sys=0.00, real=0.00 secs] 
131.166: Total time for which application threads were stopped: 0.0014040 seconds, Stopping threads took: 0.0000860 seconds
131.200: Application time: 0.0338830 seconds
131.200: [GC [PSYoungGen: 19895K->2464K(20480K)] 55459K->43148K(66560K), 0.0021580 secs] [Times: user=0.02 sys=0.00, real=0.00 secs] 
131.202: [Full GC [PSYoungGen: 2464K->0K(20480K)] [ParOldGen: 40684K->10713K(46080K)] 43148K->10713K(66560K) [PSPermGen: 5503K->5503K(21504K)], 0.0063960 secs] [Times: user=0.03 sys=0.00, real=0.00 secs] 
131.208: Total time for which application threads were stopped: 0.0088040 seconds, Stopping threads took: 0.0001290 seconds
131.240: Application time: 0.0320810 seconds
131.243: [GC [PSYoungGen: 17830K->2320K(20480K)] 28543K->14057K(66560K), 0.0010410 secs] [Times: user=0.01 sys=0.00, real=0.00 secs] 
131.244: Total time for which application threads were stopped: 0.0031010 seconds, Stopping threads took: 0.0019980 seconds
131.278: Application time: 0.0344450 seconds
131.278: [GC [PSYoungGen: 19765K->2336K(20480K)] 31502K->18169K(66560K), 0.0018260 secs] [Times: user=0.02 sys=0.00, real=0.01 secs] 
131.280: Total time for which application threads were stopped: 0.0019790 seconds, Stopping threads took: 0.0000840 seconds
131.313: Application time: 0.0324930 seconds
131.313: [GC [PSYoungGen: 19954K->2320K(20480K)] 35787K->20201K(66560K), 0.0012830 secs] [Times: user=0.00 sys=0.00, real=0.00 secs] 
131.314: Total time for which application threads were stopped: 0.0014120 seconds, Stopping threads took: 0.0000660 seconds
131.348: Application time: 0.0336390 seconds
131.351: [GC [PSYoungGen: 19735K->2288K(20480K)] 37617K->23241K(66560K), 0.0015390 secs] [Times: user=0.01 sys=0.00, real=0.00 secs] 
131.352: Total time for which application threads were stopped: 0.0045140 seconds, Stopping threads took: 0.0029080 seconds
131.381: Application time: 0.0284430 seconds
131.381: [GC [PSYoungGen: 19697K->2336K(20480K)] 40650K->26361K(66560K), 0.0015170 secs] [Times: user=0.01 sys=0.00, real=0.00 secs] 
131.382: Total time for which application threads were stopped: 0.0016470 seconds, Stopping threads took: 0.0000600 seconds
131.420: Application time: 0.0380310 seconds
131.420: [GC [PSYoungGen: 19970K->2352K(20480K)] 43995K->28425K(66560K), 0.0012240 secs] [Times: user=0.01 sys=0.00, real=0.00 secs] 
131.422: Total time for which application threads were stopped: 0.0013800 seconds, Stopping threads took: 0.0000820 seconds
131.447: Application time: 0.0252740 seconds
131.447: [GC [PSYoungGen: 19635K->2368K(20480K)] 45708K->31513K(66560K), 0.0014130 secs] [Times: user=0.01 sys=0.00, real=0.00 secs] 
131.448: Total time for which application threads were stopped: 0.0015570 seconds, Stopping threads took: 0.0000750 seconds
131.489: Application time: 0.0406700 seconds
131.489: [GC [PSYoungGen: 20081K->2336K(20480K)] 49227K->32505K(66560K), 0.0009680 secs] [Times: user=0.00 sys=0.00, real=0.00 secs] 
131.490: Total time for which application threads were stopped: 0.0011010 seconds, Stopping threads took: 0.0000650 seconds
131.514: Application time: 0.0237980 seconds
131.514: [GC [PSYoungGen: 19596K->2336K(20480K)] 49766K->35577K(66560K), 0.0014530 secs] [Times: user=0.01 sys=0.00, real=0.00 secs] 
131.516: Total time for which application threads were stopped: 0.0016550 seconds, Stopping threads took: 0.0001340 seconds
131.551: Application time: 0.0349380 seconds
131.551: [GC [PSYoungGen: 19328K->2288K(20480K)] 52569K->36553K(66560K), 0.0009680 secs] [Times: user=0.01 sys=0.00, real=0.00 secs] 
131.552: Total time for which application threads were stopped: 0.0010890 seconds, Stopping threads took: 0.0000560 seconds
131.580: Application time: 0.0284210 seconds
131.580: [GC [PSYoungGen: 19255K->2336K(20480K)] 53520K->41721K(66560K), 0.0020270 secs] [Times: user=0.02 sys=0.00, real=0.00 secs] 
131.582: Total time for which application threads were stopped: 0.0021700 seconds, Stopping threads took: 0.0000670 seconds
131.618: Application time: 0.0360220 seconds
131.618: [GC [PSYoungGen: 20256K->2304K(20480K)] 59641K->42713K(66560K), 0.0009530 secs] [Times: user=0.00 sys=0.00, real=0.01 secs] 
131.619: [Full GC [PSYoungGen: 2304K->0K(20480K)] [ParOldGen: 40409K->6901K(46080K)] 42713K->6901K(66560K) [PSPermGen: 5503K->5503K(21504K)], 0.0052470 secs] [Times: user=0.02 sys=0.00, real=0.00 secs] 
131.625: Total time for which application threads were stopped: 0.0063730 seconds, Stopping threads took: 0.0000660 seconds
131.655: Application time: 0.0299260 seconds
131.655: [GC [PSYoungGen: 17149K->2304K(20480K)] 24051K->14325K(66560K), 0.0019800 secs] [Times: user=0.01 sys=0.00, real=0.00 secs] 
131.657: Total time for which application threads were stopped: 0.0021140 seconds, Stopping threads took: 0.0000600 seconds
131.692: Application time: 0.0354120 seconds
131.692: [GC [PSYoungGen: 20155K->2304K(20480K)] 32176K->16373K(66560K), 0.0012000 secs] [Times: user=0.00 sys=0.00, real=0.00 secs] 
131.693: Total time for which application threads were stopped: 0.0013370 seconds, Stopping threads took: 0.0000650 seconds
131.725: Application time: 0.0312050 seconds
131.725: [GC [PSYoungGen: 19465K->2304K(20480K)] 33535K->19445K(66560K), 0.0014070 secs] [Times: user=0.01 sys=0.00, real=0.00 secs] 
131.726: Total time for which application threads were stopped: 0.0015380 seconds, Stopping threads took: 0.0000660 seconds
131.758: Application time: 0.0312830 seconds
131.758: [GC [PSYoungGen: 20094K->2272K(20480K)] 37236K->24533K(66560K), 0.0020790 secs] [Times: user=0.01 sys=0.00, real=0.01 secs] 
131.760: Total time for which application threads were stopped: 0.0022240 seconds, Stopping threads took: 0.0000720 seconds
131.788: Application time: 0.0287250 seconds
131.791: [GC [PSYoungGen: 19315K->2304K(20480K)] 41577K->29685K(66560K), 0.0021560 secs] [Times: user=0.01 sys=0.00, real=0.00 secs] 
131.793: Total time for which application threads were stopped: 0.0042370 seconds, Stopping threads took: 0.0020080 seconds
131.823: Application time: 0.0303560 seconds
131.823: [GC [PSYoungGen: 19259K->2368K(20480K)] 46641K->33846K(66560K), 0.0017990 secs] [Times: user=0.02 sys=0.00, real=0.00 secs] 
131.825: Total time for which application threads were stopped: 0.0019730 seconds, Stopping threads took: 0.0001010 seconds
131.860: Application time: 0.0350460 seconds
131.860: [GC [PSYoungGen: 19742K->2432K(20480K)] 51220K->38006K(66560K), 0.0018180 secs] [Times: user=0.01 sys=0.00, real=0.00 secs] 
131.862: Total time for which application threads were stopped: 0.0020050 seconds, Stopping threads took: 0.0001160 seconds
131.893: Application time: 0.0308720 seconds
131.893: [GC [PSYoungGen: 19501K->2464K(20480K)] 55075K->42134K(66560K), 0.0018120 secs] [Times: user=0.01 sys=0.00, real=0.00 secs] 
131.895: [Full GC [PSYoungGen: 2464K->0K(20480K)] [ParOldGen: 39670K->9712K(46080K)] 42134K->9712K(66560K) [PSPermGen: 5503K->5503K(21504K)], 0.0061560 secs] [Times: user=0.02 sys=0.00, real=0.01 secs] 
131.901: Total time for which application threads were stopped: 0.0081600 seconds, Stopping threads took: 0.0000760 seconds
131.932: Application time: 0.0308970 seconds
131.932: [GC [PSYoungGen: 16987K->2336K(20480K)] 26699K->16144K(66560K), 0.0018050 secs] [Times: user=0.01 sys=0.00, real=0.00 secs] 
131.934: Total time for which application threads were stopped: 0.0019420 seconds, Stopping threads took: 0.0000660 seconds
131.965: Application time: 0.0306610 seconds
131.967: [GC [PSYoungGen: 19531K->2352K(20480K)] 33340K->19232K(66560K), 0.0015650 secs] [Times: user=0.01 sys=0.00, real=0.00 secs] 
131.968: Total time for which application threads were stopped: 0.0034740 seconds, Stopping threads took: 0.0018450 seconds
132.001: Application time: 0.0328020 seconds
132.001: [GC [PSYoungGen: 19273K->2384K(20480K)] 36154K->22336K(66560K), 0.0015320 secs] [Times: user=0.01 sys=0.00, real=0.00 secs] 
132.003: Total time for which application threads were stopped: 0.0016750 seconds, Stopping threads took: 0.0000620 seconds
132.033: Application time: 0.0308740 seconds
132.034: [GC [PSYoungGen: 19401K->2368K(20480K)] 39354K->26416K(66560K), 0.0017980 secs] [Times: user=0.01 sys=0.00, real=0.00 secs] 
132.035: Total time for which application threads were stopped: 0.0019520 seconds, Stopping threads took: 0.0000840 seconds
132.068: Application time: 0.0329170 seconds
132.068: [GC [PSYoungGen: 20269K->2304K(20480K)] 44318K->28400K(66560K), 0.0012450 secs] [Times: user=0.00 sys=0.00, real=0.00 secs] 
132.070: Total time for which application threads were stopped: 0.0013910 seconds, Stopping threads took: 0.0000830 seconds
132.103: Application time: 0.0333480 seconds
132.103: [GC [PSYoungGen: 19465K->2368K(20480K)] 45562K->31536K(66560K), 0.0015230 secs] [Times: user=0.01 sys=0.00, real=0.00 secs] 
132.105: Total time for which application threads were stopped: 0.0016580 seconds, Stopping threads took: 0.0000650 seconds
132.138: Application time: 0.0329820 seconds
132.138: [GC [PSYoungGen: 20287K->2336K(20480K)] 49456K->32528K(66560K), 0.0009900 secs] [Times: user=0.01 sys=0.00, real=0.01 secs] 
132.139: Total time for which application threads were stopped: 0.0011340 seconds, Stopping threads took: 0.0000780 seconds
132.170: Application time: 0.0308650 seconds
132.170: [GC [PSYoungGen: 19328K->2336K(20480K)] 49521K->34576K(66560K), 0.0012310 secs] [Times: user=0.01 sys=0.00, real=0.01 secs] 
132.171: Total time for which application threads were stopped: 0.0013820 seconds, Stopping threads took: 0.0000830 seconds
132.204: Application time: 0.0332210 seconds
132.204: [GC [PSYoungGen: 20240K->2320K(20480K)] 52481K->36608K(66560K), 0.0012530 secs] [Times: user=0.01 sys=0.00, real=0.00 secs] 
132.206: Total time for which application threads were stopped: 0.0013970 seconds, Stopping threads took: 0.0000700 seconds
132.238: Application time: 0.0326650 seconds
132.239: [GC [PSYoungGen: 19677K->2304K(20480K)] 53966K->39664K(66560K), 0.0015910 secs] [Times: user=0.01 sys=0.00, real=0.00 secs] 
132.240: Total time for which application threads were stopped: 0.0017570 seconds, Stopping threads took: 0.0000980 seconds
132.266: Application time: 0.0255950 seconds
132.266: [GC [PSYoungGen: 19261K->2368K(20480K)] 56622K->43824K(66560K), 0.0017560 secs] [Times: user=0.01 sys=0.00, real=0.00 secs] 
132.268: [Full GC [PSYoungGen: 2368K->0K(20480K)] [ParOldGen: 41456K->9964K(46080K)] 43824K->9964K(66560K) [PSPermGen: 5503K->5503K(21504K)], 0.0058090 secs] [Times: user=0.02 sys=0.00, real=0.01 secs] 
132.274: Total time for which application threads were stopped: 0.0077600 seconds, Stopping threads took: 0.0000810 seconds
132.312: Application time: 0.0389370 seconds
132.313: [GC [PSYoungGen: 16997K->2320K(20480K)] 26962K->15356K(66560K), 0.0013710 secs] [Times: user=0.00 sys=0.00, real=0.00 secs] 
132.314: Total time for which application threads were stopped: 0.0015180 seconds, Stopping threads took: 0.0000790 seconds
132.338: Application time: 0.0239770 seconds
132.338: [GC [PSYoungGen: 19286K->2304K(20480K)] 32323K->20460K(66560K), 0.0019710 secs] [Times: user=0.01 sys=0.00, real=0.01 secs] 
132.340: Total time for which application threads were stopped: 0.0021140 seconds, Stopping threads took: 0.0000740 seconds
132.377: Application time: 0.0372120 seconds
132.379: [GC [PSYoungGen: 19994K->2304K(20480K)] 38151K->22508K(66560K), 0.0012140 secs] [Times: user=0.00 sys=0.00, real=0.00 secs] 
132.380: Total time for which application threads were stopped: 0.0024710 seconds, Stopping threads took: 0.0011950 seconds
132.405: Application time: 0.0254350 seconds
132.405: [GC [PSYoungGen: 19647K->2304K(20480K)] 39852K->27628K(66560K), 0.0020190 secs] [Times: user=0.01 sys=0.00, real=0.00 secs] 
132.407: Total time for which application threads were stopped: 0.0021640 seconds, Stopping threads took: 0.0000760 seconds
132.448: Application time: 0.0406160 seconds
132.448: [GC [PSYoungGen: 20024K->2304K(20480K)] 45349K->29676K(66560K), 0.0011930 secs] [Times: user=0.00 sys=0.00, real=0.00 secs] 
132.449: Total time for which application threads were stopped: 0.0013330 seconds, Stopping threads took: 0.0000650 seconds
132.474: Application time: 0.0243180 seconds
132.474: [GC [PSYoungGen: 19632K->2304K(20480K)] 47005K->34797K(66560K), 0.0019550 secs] [Times: user=0.01 sys=0.00, real=0.00 secs] 
132.476: Total time for which application threads were stopped: 0.0021060 seconds, Stopping threads took: 0.0000770 seconds
132.517: Application time: 0.0409700 seconds
132.517: [GC [PSYoungGen: 20126K->2320K(20480K)] 52619K->35837K(66560K), 0.0009620 secs] [Times: user=0.00 sys=0.00, real=0.00 secs] 
132.518: Total time for which application threads were stopped: 0.0010970 seconds, Stopping threads took: 0.0000700 seconds
132.539: Application time: 0.0214200 seconds
132.539: [GC [PSYoungGen: 19705K->2368K(20480K)] 53222K->41005K(66560K), 0.0020520 secs] [Times: user=0.01 sys=0.00, real=0.00 secs] 
132.541: Total time for which application threads were stopped: 0.0022090 seconds, Stopping threads took: 0.0000860 seconds
132.582: Application time: 0.0408750 seconds
132.582: [GC [PSYoungGen: 19931K->2368K(20480K)] 58568K->44077K(66560K), 0.0016000 secs] [Times: user=0.01 sys=0.00, real=0.00 secs] 
132.584: [Full GC [PSYoungGen: 2368K->0K(20480K)] [ParOldGen: 41709K->8962K(46080K)] 44077K->8962K(66560K) [PSPermGen: 5503K->5503K(21504K)], 0.0059250 secs] [Times: user=0.03 sys=0.00, real=0.00 secs] 
132.590: Total time for which application threads were stopped: 0.0077270 seconds, Stopping threads took: 0.0000810 seconds
132.615: Application time: 0.0251890 seconds
132.615: [GC [PSYoungGen: 17826K->2336K(20480K)] 26788K->15394K(66560K), 0.0017440 secs] [Times: user=0.01 sys=0.00, real=0.00 secs] 
132.617: Total time for which application threads were stopped: 0.0018960 seconds, Stopping threads took: 0.0000820 seconds
132.656: Application time: 0.0392250 seconds
132.656: [GC [PSYoungGen: 19809K->2352K(20480K)] 32867K->18482K(66560K), 0.0014780 secs] [Times: user=0.01 sys=0.00, real=0.00 secs] 
132.658: Total time for which application threads were stopped: 0.0016160 seconds, Stopping threads took: 0.0000690 seconds
132.684: Application time: 0.0262870 seconds
132.684: [GC [PSYoungGen: 20246K->2432K(20480K)] 36376K->22658K(66560K), 0.0018120 secs] [Times: user=0.01 sys=0.00, real=0.00 secs] 
132.686: Total time for which application threads were stopped: 0.0019730 seconds, Stopping threads took: 0.0000910 seconds
132.724: Application time: 0.0373150 seconds
132.724: [GC [PSYoungGen: 19479K->2384K(20480K)] 39705K->25682K(66560K), 0.0015330 secs] [Times: user=0.01 sys=0.00, real=0.00 secs] 
132.725: Total time for which application threads were stopped: 0.0016760 seconds, Stopping threads took: 0.0000690 seconds
132.751: Application time: 0.0255610 seconds
132.751: [GC [PSYoungGen: 19306K->2400K(20480K)] 42605K->30818K(66560K), 0.0020210 secs] [Times: user=0.02 sys=0.00, real=0.00 secs] 
132.753: Total time for which application threads were stopped: 0.0021550 seconds, Stopping threads took: 0.0000640 seconds
132.790: Application time: 0.0372960 seconds
132.790: [GC [PSYoungGen: 19335K->2432K(20480K)] 47754K->34946K(66560K), 0.0017600 secs] [Times: user=0.01 sys=0.00, real=0.01 secs] 
132.792: Total time for which application threads were stopped: 0.0019170 seconds, Stopping threads took: 0.0000840 seconds
132.818: Application time: 0.0263050 seconds
132.823: [GC [PSYoungGen: 19491K->2400K(20480K)] 52006K->39010K(66560K), 0.0018510 secs] [Times: user=0.02 sys=0.00, real=0.00 secs] 
132.824: Total time for which application threads were stopped: 0.0059310 seconds, Stopping threads took: 0.0040070 seconds
132.860: Application time: 0.0357850 seconds
132.860: [GC [PSYoungGen: 20191K->2432K(20480K)] 56802K->42114K(66560K), 0.0015070 secs] [Times: user=0.01 sys=0.00, real=0.00 secs] 
132.862: Total time for which application threads were stopped: 0.0016740 seconds, Stopping threads took: 0.0000980 seconds
132.892: Application time: 0.0304390 seconds
132.892: [GC [PSYoungGen: 19714K->2400K(20480K)] 59397K->46178K(66560K), 0.0018350 secs] [Times: user=0.01 sys=0.00, real=0.00 secs] 
132.894: [Full GC [PSYoungGen: 2400K->0K(20480K)] [ParOldGen: 43778K->9965K(46080K)] 46178K->9965K(66560K) [PSPermGen: 5503K->5503K(21504K)], 0.0060420 secs] [Times: user=0.02 sys=0.00, real=0.01 secs] 
132.900: Total time for which application threads were stopped: 0.0080670 seconds, Stopping threads took: 0.0000650 seconds
132.934: Application time: 0.0336380 seconds
132.934: [GC [PSYoungGen: 17605K->2304K(20480K)] 27571K->14317K(66560K), 0.0012610 secs] [Times: user=0.01 sys=0.00, real=0.00 secs] 
132.935: Total time for which application threads were stopped: 0.0014060 seconds, Stopping threads took: 0.0000750 seconds
132.967: Application time: 0.0311610 seconds
132.967: [GC [PSYoungGen: 19727K->2304K(20480K)] 31741K->19438K(66560K), 0.0019800 secs] [Times: user=0.01 sys=0.00, real=0.00 secs] 
132.969: Total time for which application threads were stopped: 0.0021390 seconds, Stopping threads took: 0.0000840 seconds
133.002: Application time: 0.0331100 seconds
133.002: [GC [PSYoungGen: 19798K->2304K(20480K)] 36932K->21486K(66560K), 0.0012360 secs] [Times: user=0.00 sys=0.01, real=0.00 secs] 
133.004: Total time for which application threads were stopped: 0.0016910 seconds, Stopping threads took: 0.0000760 seconds
133.034: Application time: 0.0306690 seconds
133.034: [GC [PSYoungGen: 19807K->2304K(20480K)] 38989K->25582K(66560K), 0.0017540 secs] [Times: user=0.01 sys=0.00, real=0.00 secs] 
133.036: Total time for which application threads were stopped: 0.0019300 seconds, Stopping threads took: 0.0001080 seconds
133.069: Application time: 0.0324020 seconds
133.069: [GC [PSYoungGen: 19654K->2304K(20480K)] 42933K->27630K(66560K), 0.0011620 secs] [Times: user=0.01 sys=0.00, real=0.00 secs] 
133.070: Total time for which application threads were stopped: 0.0012940 seconds, Stopping threads took: 0.0000700 seconds
133.103: Application time: 0.0331170 seconds
133.103: [GC [PSYoungGen: 19991K->2272K(20480K)] 45317K->31694K(66560K), 0.0017530 secs] [Times: user=0.01 sys=0.00, real=0.00 secs] 
133.105: Total time for which application threads were stopped: 0.0018910 seconds, Stopping threads took: 0.0000690 seconds
133.137: Application time: 0.0319620 seconds
133.137: [GC [PSYoungGen: 19549K->2304K(20480K)] 48971K->32750K(66560K), 0.0009420 secs] [Times: user=0.00 sys=0.00, real=0.00 secs] 
133.138: Total time for which application threads were stopped: 0.0010960 seconds, Stopping threads took: 0.0000930 seconds
133.171: Application time: 0.0331340 seconds
133.175: [GC [PSYoungGen: 20020K->2304K(20480K)] 50467K->35822K(66560K), 0.0014780 secs] [Times: user=0.01 sys=0.00, real=0.00 secs] 
133.176: Total time for which application threads were stopped: 0.0050020 seconds, Stopping threads took: 0.0034550 seconds
133.203: Application time: 0.0268950 seconds
133.203: [GC [PSYoungGen: 19327K->2304K(20480K)] 52845K->38894K(66560K), 0.0014390 secs] [Times: user=0.01 sys=0.00, real=0.00 secs] 
133.205: Total time for which application threads were stopped: 0.0015760 seconds, Stopping threads took: 0.0000720 seconds
133.240: Application time: 0.0353030 seconds
133.240: [GC [PSYoungGen: 20224K->2384K(20480K)] 56814K->42046K(66560K), 0.0014800 secs] [Times: user=0.00 sys=0.00, real=0.00 secs] 
133.241: Total time for which application threads were stopped: 0.0016410 seconds, Stopping threads took: 0.0000810 seconds
133.270: Application time: 0.0288630 seconds
133.270: [GC [PSYoungGen: 19660K->2320K(20480K)] 59323K->46078K(66560K), 0.0017030 secs] [Times: user=0.01 sys=0.00, real=0.00 secs] 
133.272: [Full GC [PSYoungGen: 2320K->0K(20480K)] [ParOldGen: 43758K->9962K(46080K)] 46078K->9962K(66560K) [PSPermGen: 5503K->5503K(21504K)], 0.0060110 secs] [Times: user=0.03 sys=0.00, real=0.00 secs] 
133.278: Total time for which application threads were stopped: 0.0079020 seconds, Stopping threads took: 0.0000670 seconds
133.314: Application time: 0.0356890 seconds
133.314: [GC [PSYoungGen: 16973K->2368K(20480K)] 26936K->13354K(66560K), 0.0010340 secs] [Times: user=0.01 sys=0.00, real=0.00 secs] 
133.315: Total time for which application threads were stopped: 0.0011990 seconds, Stopping threads took: 0.0000890 seconds
133.341: Application time: 0.0257860 seconds
133.341: [GC [PSYoungGen: 19713K->2368K(20480K)] 30699K->18474K(66560K), 0.0020210 secs] [Times: user=0.02 sys=0.00, real=0.00 secs] 
133.343: Total time for which application threads were stopped: 0.0021650 seconds, Stopping threads took: 0.0000740 seconds
133.383: Application time: 0.0398460 seconds
133.383: [GC [PSYoungGen: 19326K->2432K(20480K)] 35432K->19562K(66560K), 0.0009460 secs] [Times: user=0.00 sys=0.00, real=0.00 secs] 
133.384: Total time for which application threads were stopped: 0.0010920 seconds, Stopping threads took: 0.0000830 seconds
133.405: Application time: 0.0208800 seconds
133.405: [GC [PSYoungGen: 19721K->2496K(20480K)] 36852K->24746K(66560K), 0.0020340 secs] [Times: user=0.01 sys=0.00, real=0.00 secs] 
133.407: Total time for which application threads were stopped: 0.0021860 seconds, Stopping threads took: 0.0000800 seconds
133.446: Application time: 0.0392790 seconds
133.447: [GC [PSYoungGen: 19768K->2464K(20480K)] 42019K->27786K(66560K), 0.0016080 secs] [Times: user=0.01 sys=0.00, real=0.00 secs] 
133.448: Total time for which application threads were stopped: 0.0017400 seconds, Stopping threads took: 0.0000650 seconds
133.473: Application time: 0.0250740 seconds
133.473: [GC [PSYoungGen: 20221K->2448K(20480K)] 45544K->32890K(66560K), 0.0020910 secs] [Times: user=0.01 sys=0.00, real=0.00 secs] 
133.475: Total time for which application threads were stopped: 0.0022640 seconds, Stopping threads took: 0.0001010 seconds
133.515: Application time: 0.0399340 seconds
133.516: [GC [PSYoungGen: 19649K->2448K(20480K)] 50091K->34938K(66560K), 0.0012800 secs] [Times: user=0.01 sys=0.00, real=0.00 secs] 
133.517: Total time for which application threads were stopped: 0.0014200 seconds, Stopping threads took: 0.0000740 seconds
133.542: Application time: 0.0250300 seconds
133.542: [GC [PSYoungGen: 20306K->2432K(20480K)] 52796K->40042K(66560K), 0.0020990 secs] [Times: user=0.01 sys=0.00, real=0.00 secs] 
133.544: Total time for which application threads were stopped: 0.0022460 seconds, Stopping threads took: 0.0000740 seconds
133.582: Application time: 0.0377520 seconds
133.582: [GC [PSYoungGen: 19460K->2480K(20480K)] 57071K->43162K(66560K), 0.0016120 secs] [Times: user=0.01 sys=0.00, real=0.00 secs] 
133.584: [Full GC [PSYoungGen: 2480K->0K(20480K)] [ParOldGen: 40682K->8960K(46080K)] 43162K->8960K(66560K) [PSPermGen: 5503K->5503K(21504K)], 0.0058100 secs] [Times: user=0.02 sys=0.00, real=0.00 secs] 
133.589: Total time for which application threads were stopped: 0.0076070 seconds, Stopping threads took: 0.0000740 seconds
133.615: Application time: 0.0254760 seconds
133.615: [GC [PSYoungGen: 16934K->2304K(20480K)] 25895K->16384K(66560K), 0.0020640 secs] [Times: user=0.02 sys=0.00, real=0.00 secs] 
133.617: Total time for which application threads were stopped: 0.0022150 seconds, Stopping threads took: 0.0000770 seconds
133.655: Application time: 0.0375850 seconds
133.655: [GC [PSYoungGen: 20224K->2304K(20480K)] 34304K->21505K(66560K), 0.0019990 secs] [Times: user=0.01 sys=0.00, real=0.00 secs] 
133.657: Total time for which application threads were stopped: 0.0021460 seconds, Stopping threads took: 0.0000770 seconds
133.685: Application time: 0.0284100 seconds
133.685: [GC [PSYoungGen: 19453K->2304K(20480K)] 38654K->25601K(66560K), 0.0017700 secs] [Times: user=0.01 sys=0.00, real=0.00 secs] 
133.687: Total time for which application threads were stopped: 0.0019260 seconds, Stopping threads took: 0.0000870 seconds
133.723: Application time: 0.0360770 seconds
133.723: [GC [PSYoungGen: 20195K->2304K(20480K)] 43492K->29697K(66560K), 0.0016660 secs] [Times: user=0.02 sys=0.00, real=0.00 secs] 
133.725: Total time for which application threads were stopped: 0.0018150 seconds, Stopping threads took: 0.0000800 seconds
133.754: Application time: 0.0288730 seconds
133.754: [GC [PSYoungGen: 19462K->2272K(20480K)] 46855K->34785K(66560K), 0.0021360 secs] [Times: user=0.01 sys=0.00, real=0.00 secs] 
133.756: Total time for which application threads were stopped: 0.0023160 seconds, Stopping threads took: 0.0000870 seconds
133.790: Application time: 0.0332490 seconds
133.790: [GC [PSYoungGen: 19930K->2272K(20480K)] 52443K->37857K(66560K), 0.0015240 secs] [Times: user=0.01 sys=0.00, real=0.01 secs] 
133.791: Total time for which application threads were stopped: 0.0017800 seconds, Stopping threads took: 0.0001850 seconds
133.824: Application time: 0.0329340 seconds
133.824: [GC [PSYoungGen: 19677K->2304K(20480K)] 55262K->41985K(66560K), 0.0017950 secs] [Times: user=0.01 sys=0.00, real=0.00 secs] 
133.826: [Full GC [PSYoungGen: 2304K->0K(20480K)] [ParOldGen: 39681K->9709K(46080K)] 41985K->9709K(66560K) [PSPermGen: 5503K->5503K(21504K)], 0.0061420 secs] [Times: user=0.03 sys=0.00, real=0.01 secs] 
133.832: Total time for which application threads were stopped: 0.0081260 seconds, Stopping threads took: 0.0000700 seconds
133.866: Application time: 0.0334850 seconds
133.866: [GC [PSYoungGen: 17674K->2320K(20480K)] 27383K->14077K(66560K), 0.0012400 secs] [Times: user=0.00 sys=0.00, real=0.00 secs] 
133.867: Total time for which application threads were stopped: 0.0013990 seconds, Stopping threads took: 0.0000900 seconds
133.900: Application time: 0.0329090 seconds
133.900: [GC [PSYoungGen: 19699K->2304K(20480K)] 31456K->18157K(66560K), 0.0017380 secs] [Times: user=0.02 sys=0.00, real=0.00 secs] 
133.902: Total time for which application threads were stopped: 0.0018800 seconds, Stopping threads took: 0.0000680 seconds
133.936: Application time: 0.0334980 seconds
133.936: [GC [PSYoungGen: 20093K->2304K(20480K)] 35946K->19181K(66560K), 0.0010180 secs] [Times: user=0.01 sys=0.00, real=0.00 secs] 
133.937: Total time for which application threads were stopped: 0.0011390 seconds, Stopping threads took: 0.0000580 seconds
133.969: Application time: 0.0318800 seconds
133.969: [GC [PSYoungGen: 19759K->2336K(20480K)] 36637K->22285K(66560K), 0.0014900 secs] [Times: user=0.00 sys=0.00, real=0.00 secs] 
133.970: Total time for which application threads were stopped: 0.0016410 seconds, Stopping threads took: 0.0000830 seconds
134.002: Application time: 0.0315370 seconds
134.002: [GC [PSYoungGen: 20088K->2400K(20480K)] 40038K->24397K(66560K), 0.0012360 secs] [Times: user=0.01 sys=0.00, real=0.00 secs] 
134.003: Total time for which application threads were stopped: 0.0013610 seconds, Stopping threads took: 0.0000590 seconds
134.036: Application time: 0.0331860 seconds
134.036: [GC [PSYoungGen: 20000K->2432K(20480K)] 41998K->28526K(66560K), 0.0017280 secs] [Times: user=0.01 sys=0.00, real=0.00 secs] 
134.038: Total time for which application threads were stopped: 0.0018600 seconds, Stopping threads took: 0.0000600 seconds
134.068: Application time: 0.0295540 seconds
134.068: [GC [PSYoungGen: 19804K->2480K(20480K)] 45898K->30622K(66560K), 0.0011950 secs] [Times: user=0.01 sys=0.00, real=0.00 secs] 
134.069: Total time for which application threads were stopped: 0.0013310 seconds, Stopping threads took: 0.0000700 seconds
134.102: Application time: 0.0326540 seconds
134.102: [GC [PSYoungGen: 20216K->2544K(20480K)] 48358K->33758K(66560K), 0.0015550 secs] [Times: user=0.01 sys=0.00, real=0.00 secs] 
134.103: Total time for which application threads were stopped: 0.0016990 seconds, Stopping threads took: 0.0000750 seconds
134.134: Application time: 0.0308460 seconds
134.134: [GC [PSYoungGen: 19880K->2528K(20480K)] 51094K->35790K(66560K), 0.0012030 secs] [Times: user=0.01 sys=0.00, real=0.00 secs] 
134.136: Total time for which application threads were stopped: 0.0013360 seconds, Stopping threads took: 0.0000680 seconds
134.169: Application time: 0.0334470 seconds
134.169: [GC [PSYoungGen: 20100K->2528K(20480K)] 53362K->37838K(66560K), 0.0012940 secs] [Times: user=0.01 sys=0.00, real=0.01 secs] 
134.171: Total time for which application threads were stopped: 0.0015060 seconds, Stopping threads took: 0.0001410 seconds
134.201: Application time: 0.0305830 seconds
134.201: [GC [PSYoungGen: 19881K->2496K(20480K)] 55191K->40878K(66560K), 0.0014300 secs] [Times: user=0.01 sys=0.00, real=0.00 secs] 
134.203: Total time for which application threads were stopped: 0.0015700 seconds, Stopping threads took: 0.0000710 seconds
134.238: Application time: 0.0355050 seconds
134.243: [GC [PSYoungGen: 20191K->2464K(20480K)] 58573K->42894K(66560K), 0.0013620 secs] [Times: user=0.01 sys=0.00, real=0.00 secs] 
134.244: Total time for which application threads were stopped: 0.0056660 seconds, Stopping threads took: 0.0042350 seconds
134.270: Application time: 0.0262580 seconds
134.270: [GC [PSYoungGen: 19732K->2496K(20480K)] 60162K->48046K(66560K), 0.0020490 secs] [Times: user=0.02 sys=0.00, real=0.01 secs] 
134.272: [Full GC [PSYoungGen: 2496K->0K(20480K)] [ParOldGen: 45550K->10720K(46080K)] 48046K->10720K(66560K) [PSPermGen: 5503K->5503K(21504K)], 0.0063850 secs] [Times: user=0.02 sys=0.00, real=0.01 secs] 
134.279: Total time for which application threads were stopped: 0.0086510 seconds, Stopping threads took: 0.0000860 seconds
134.316: Application time: 0.0371310 seconds
134.316: [GC [PSYoungGen: 17595K->2304K(20480K)] 28315K->15072K(66560K), 0.0012610 secs] [Times: user=0.01 sys=0.00, real=0.00 secs] 
134.317: Total time for which application threads were stopped: 0.0014090 seconds, Stopping threads took: 0.0000860 seconds
134.343: Application time: 0.0253150 seconds
134.343: [GC [PSYoungGen: 19720K->2304K(20480K)] 32488K->20192K(66560K), 0.0020380 secs] [Times: user=0.01 sys=0.00, real=0.00 secs] 
134.345: Total time for which application threads were stopped: 0.0021780 seconds, Stopping threads took: 0.0000680 seconds
134.385: Application time: 0.0398680 seconds
134.385: [GC [PSYoungGen: 19797K->2304K(20480K)] 37685K->22240K(66560K), 0.0012510 secs] [Times: user=0.01 sys=0.00, real=0.00 secs] 
134.386: Total time for which application threads were stopped: 0.0014000 seconds, Stopping threads took: 0.0000830 seconds
134.412: Application time: 0.0256170 seconds
134.412: [GC [PSYoungGen: 19852K->2304K(20480K)] 39788K->27360K(66560K), 0.0020790 secs] [Times: user=0.01 sys=0.00, real=0.00 secs] 
134.414: Total time for which application threads were stopped: 0.0022310 seconds, Stopping threads took: 0.0000810 seconds
134.452: Application time: 0.0374930 seconds
134.452: [GC [PSYoungGen: 19590K->2240K(20480K)] 44646K->30368K(66560K), 0.0016210 secs] [Times: user=0.01 sys=0.00, real=0.00 secs] 
134.453: Total time for which application threads were stopped: 0.0017670 seconds, Stopping threads took: 0.0000790 seconds
134.480: Application time: 0.0263360 seconds
134.480: [GC [PSYoungGen: 19996K->2304K(20480K)] 48124K->35552K(66560K), 0.0020320 secs] [Times: user=0.01 sys=0.00, real=0.00 secs] 
134.482: Total time for which application threads were stopped: 0.0021880 seconds, Stopping threads took: 0.0000820 seconds
134.522: Application time: 0.0401000 seconds
134.522: [GC [PSYoungGen: 19659K->2304K(20480K)] 52908K->38624K(66560K), 0.0015530 secs] [Times: user=0.01 sys=0.00, real=0.00 secs] 
134.524: Total time for which application threads were stopped: 0.0016900 seconds, Stopping threads took: 0.0000670 seconds
134.550: Application time: 0.0262640 seconds
134.550: [GC [PSYoungGen: 20008K->2304K(20480K)] 56328K->43744K(66560K), 0.0019790 secs] [Times: user=0.01 sys=0.00, real=0.01 secs] 
134.552: [Full GC [PSYoungGen: 2304K->0K(20480K)] [ParOldGen: 41440K->10716K(46080K)] 43744K->10716K(66560K) [PSPermGen: 5503K->5503K(21504K)], 0.0064990 secs] [Times: user=0.03 sys=0.00, real=0.01 secs] 
134.559: Total time for which application threads were stopped: 0.0086660 seconds, Stopping threads took: 0.0000680 seconds
134.596: Application time: 0.0371560 seconds
134.596: [GC [PSYoungGen: 17220K->2304K(20480K)] 27937K->16092K(66560K), 0.0014960 secs] [Times: user=0.01 sys=0.00, real=0.00 secs] 
134.597: Total time for which application threads were stopped: 0.0016390 seconds, Stopping threads took: 0.0000740 seconds
134.625: Application time: 0.0280060 seconds
134.625: [GC [PSYoungGen: 20131K->2304K(20480K)] 33919K->21212K(66560K), 0.0020360 secs] [Times: user=0.01 sys=0.01, real=0.00 secs] 
134.628: Total time for which application threads were stopped: 0.0021880 seconds, Stopping threads took: 0.0000720 seconds
134.666: Application time: 0.0379730 seconds
134.666: [GC [PSYoungGen: 19732K->2368K(20480K)] 38641K->24348K(66560K), 0.0014370 secs] [Times: user=0.01 sys=0.00, real=0.00 secs] 
134.667: Total time for which application threads were stopped: 0.0015760 seconds, Stopping threads took: 0.0000710 seconds
134.693: Application time: 0.0263260 seconds
134.694: [GC [PSYoungGen: 20173K->2336K(20480K)] 42154K->29436K(66560K), 0.0020340 secs] [Times: user=0.02 sys=0.00, real=0.00 secs] 
134.696: Total time for which application threads were stopped: 0.0022080 seconds, Stopping threads took: 0.0000980 seconds
134.734: Application time: 0.0378580 seconds
134.734: [GC [PSYoungGen: 19654K->2368K(20480K)] 46755K->31516K(66560K), 0.0011890 secs] [Times: user=0.00 sys=0.00, real=0.00 secs] 
134.735: Total time for which application threads were stopped: 0.0013280 seconds, Stopping threads took: 0.0000740 seconds
134.761: Application time: 0.0263060 seconds
134.761: [GC [PSYoungGen: 19333K->2336K(20480K)] 48482K->35580K(66560K), 0.0016860 secs] [Times: user=0.01 sys=0.00, real=0.00 secs] 
134.763: Total time for which application threads were stopped: 0.0018460 seconds, Stopping threads took: 0.0000930 seconds
134.798: Application time: 0.0350870 seconds
134.798: [GC [PSYoungGen: 19258K->2464K(20480K)] 52503K->37756K(66560K), 0.0012870 secs] [Times: user=0.01 sys=0.00, real=0.01 secs] 
134.800: Total time for which application threads were stopped: 0.0014370 seconds, Stopping threads took: 0.0000760 seconds
134.826: Application time: 0.0261040 seconds
134.826: [GC [PSYoungGen: 19703K->2544K(20480K)] 54996K->41933K(66560K), 0.0018750 secs] [Times: user=0.01 sys=0.00, real=0.00 secs] 
134.828: Total time for which application threads were stopped: 0.0020370 seconds, Stopping threads took: 0.0000890 seconds
134.866: Application time: 0.0380320 seconds
134.866: [GC [PSYoungGen: 20464K->2512K(20480K)] 59853K->44973K(66560K), 0.0015220 secs] [Times: user=0.01 sys=0.00, real=0.00 secs] 
134.867: [Full GC [PSYoungGen: 2512K->0K(20480K)] [ParOldGen: 42461K->8975K(46080K)] 44973K->8975K(66560K) [PSPermGen: 5503K->5503K(21504K)], 0.0058710 secs] [Times: user=0.02 sys=0.00, real=0.01 secs] 
134.873: Total time for which application threads were stopped: 0.0075920 seconds, Stopping threads took: 0.0000870 seconds
134.901: Application time: 0.0280870 seconds
134.902: [GC [PSYoungGen: 17132K->2304K(20480K)] 26108K->15376K(66560K), 0.0017790 secs] [Times: user=0.01 sys=0.00, real=0.00 secs] 
134.903: Total time for which application threads were stopped: 0.0019290 seconds, Stopping threads took: 0.0000790 seconds
134.939: Application time: 0.0356190 seconds
134.939: [GC [PSYoungGen: 20060K->2304K(20480K)] 33132K->17424K(66560K), 0.0012050 secs] [Times: user=0.00 sys=0.00, real=0.00 secs] 
134.940: Total time for which application threads were stopped: 0.0013540 seconds, Stopping threads took: 0.0000820 seconds
134.970: Application time: 0.0300050 seconds
134.970: [GC [PSYoungGen: 19564K->2304K(20480K)] 34684K->21520K(66560K), 0.0017180 secs] [Times: user=0.01 sys=0.01, real=0.01 secs] 
134.972: Total time for which application threads were stopped: 0.0018790 seconds, Stopping threads took: 0.0000920 seconds
135.005: Application time: 0.0329530 seconds
135.005: [GC [PSYoungGen: 19796K->2304K(20480K)] 39012K->23568K(66560K), 0.0011380 secs] [Times: user=0.00 sys=0.00, real=0.00 secs] 
135.006: Total time for which application threads were stopped: 0.0012770 seconds, Stopping threads took: 0.0000750 seconds
135.038: Application time: 0.0316370 seconds
135.038: [GC [PSYoungGen: 19816K->2304K(20480K)] 41080K->26640K(66560K), 0.0015380 secs] [Times: user=0.01 sys=0.00, real=0.01 secs] 
135.040: Total time for which application threads were stopped: 0.0016950 seconds, Stopping threads took: 0.0000900 seconds
135.069: Application time: 0.0293850 seconds
135.069: [GC [PSYoungGen: 19595K->2272K(20480K)] 43931K->29680K(66560K), 0.0014900 secs] [Times: user=0.01 sys=0.00, real=0.01 secs] 
135.071: Total time for which application threads were stopped: 0.0016290 seconds, Stopping threads took: 0.0000740 seconds
135.107: Application time: 0.0363690 seconds
135.107: [GC [PSYoungGen: 20007K->2304K(20480K)] 47416K->32784K(66560K), 0.0013720 secs] [Times: user=0.01 sys=0.00, real=0.00 secs] 
135.109: Total time for which application threads were stopped: 0.0015180 seconds, Stopping threads took: 0.0000780 seconds
135.137: Application time: 0.0278560 seconds
135.137: [GC [PSYoungGen: 19519K->2304K(20480K)] 50000K->36880K(66560K), 0.0017220 secs] [Times: user=0.01 sys=0.00, real=0.00 secs] 
135.138: Total time for which application threads were stopped: 0.0018660 seconds, Stopping threads took: 0.0000770 seconds
135.173: Application time: 0.0343060 seconds
135.173: [GC [PSYoungGen: 19877K->2304K(20480K)] 54453K->39952K(66560K), 0.0014390 secs] [Times: user=0.01 sys=0.00, real=0.00 secs] 
135.174: Total time for which application threads were stopped: 0.0015860 seconds, Stopping threads took: 0.0000820 seconds
135.205: Application time: 0.0304240 seconds
135.205: [GC [PSYoungGen: 19754K->2304K(20480K)] 57402K->43024K(66560K), 0.0014610 secs] [Times: user=0.01 sys=0.00, real=0.00 secs] 
135.206: Total time for which application threads were stopped: 0.0016030 seconds, Stopping threads took: 0.0000760 seconds
135.241: Application time: 0.0344750 seconds
135.241: [GC [PSYoungGen: 19868K->2304K(20480K)] 60589K->47120K(66560K), 0.0017650 secs] [Times: user=0.01 sys=0.00, real=0.00 secs] 
135.243: [Full GC [PSYoungGen: 2304K->0K(20480K)] [ParOldGen: 44816K->9965K(46080K)] 47120K->9965K(66560K) [PSPermGen: 5503K->5503K(21504K)], 0.0061330 secs] [Times: user=0.02 sys=0.00, real=0.00 secs] 
135.249: Total time for which application threads were stopped: 0.0081090 seconds, Stopping threads took: 0.0000930 seconds
135.279: Application time: 0.0299290 seconds
135.279: [GC [PSYoungGen: 17439K->2304K(20480K)] 27404K->16365K(66560K), 0.0015960 secs] [Times: user=0.01 sys=0.00, real=0.00 secs] 
135.281: Total time for which application threads were stopped: 0.0017260 seconds, Stopping threads took: 0.0000620 seconds
135.317: Application time: 0.0361760 seconds
135.317: [GC [PSYoungGen: 19922K->2304K(20480K)] 33984K->18413K(66560K), 0.0012600 secs] [Times: user=0.01 sys=0.00, real=0.00 secs] 
135.318: Total time for which application threads were stopped: 0.0014100 seconds, Stopping threads took: 0.0000780 seconds
135.343: Application time: 0.0249910 seconds
135.343: [GC [PSYoungGen: 19628K->2304K(20480K)] 35738K->23533K(66560K), 0.0019410 secs] [Times: user=0.01 sys=0.00, real=0.00 secs] 
135.345: Total time for which application threads were stopped: 0.0020880 seconds, Stopping threads took: 0.0000770 seconds
135.386: Application time: 0.0404950 seconds
135.386: [GC [PSYoungGen: 20180K->2336K(20480K)] 41410K->24589K(66560K), 0.0009700 secs] [Times: user=0.01 sys=0.00, real=0.00 secs] 
135.387: Total time for which application threads were stopped: 0.0011200 seconds, Stopping threads took: 0.0000850 seconds
135.410: Application time: 0.0226580 seconds
135.410: [GC [PSYoungGen: 19693K->2336K(20480K)] 41946K->29709K(66560K), 0.0020720 secs] [Times: user=0.01 sys=0.00, real=0.01 secs] 
135.412: Total time for which application threads were stopped: 0.0022140 seconds, Stopping threads took: 0.0000690 seconds
135.451: Application time: 0.0392540 seconds
135.451: [GC [PSYoungGen: 19912K->2400K(20480K)] 47286K->32845K(66560K), 0.0015420 secs] [Times: user=0.01 sys=0.00, real=0.00 secs] 
135.453: Total time for which application threads were stopped: 0.0016830 seconds, Stopping threads took: 0.0000750 seconds
135.480: Application time: 0.0275330 seconds
135.480: [GC [PSYoungGen: 20218K->2432K(20480K)] 50664K->36973K(66560K), 0.0017890 secs] [Times: user=0.01 sys=0.00, real=0.00 secs] 
135.482: Total time for which application threads were stopped: 0.0019340 seconds, Stopping threads took: 0.0000770 seconds
135.520: Application time: 0.0380800 seconds
135.520: [GC [PSYoungGen: 19908K->2496K(20480K)] 54450K->40110K(66560K), 0.0015620 secs] [Times: user=0.01 sys=0.00, real=0.00 secs] 
135.522: Total time for which application threads were stopped: 0.0016930 seconds, Stopping threads took: 0.0000650 seconds
135.523: Application time: 0.0012350 seconds
135.523: Total time for which application threads were stopped: 0.0000730 seconds, Stopping threads took: 0.0000540 seconds
135.551: Application time: 0.0276420 seconds
135.551: [GC [PSYoungGen: 20355K->2496K(20480K)] 57969K->43182K(66560K), 0.0015660 secs] [Times: user=0.01 sys=0.00, real=0.00 secs] 
135.553: [Full GC [PSYoungGen: 2496K->0K(20480K)] [ParOldGen: 40686K->8908K(46080K)] 43182K->8908K(66560K) [PSPermGen: 5503K->5503K(21504K)], 0.0058220 secs] [Times: user=0.02 sys=0.00, real=0.00 secs] 
135.558: Total time for which application threads were stopped: 0.0075680 seconds, Stopping threads took: 0.0000610 seconds
135.594: Application time: 0.0358230 seconds
135.594: [GC [PSYoungGen: 17920K->2304K(20480K)] 26828K->14284K(66560K), 0.0015000 secs] [Times: user=0.01 sys=0.00, real=0.00 secs] 
135.596: Total time for which application threads were stopped: 0.0016420 seconds, Stopping threads took: 0.0000690 seconds
135.628: Application time: 0.0322020 seconds
135.628: [GC [PSYoungGen: 20224K->2304K(20480K)] 32204K->18380K(66560K), 0.0017570 secs] [Times: user=0.01 sys=0.00, real=0.00 secs] 
135.630: Total time for which application threads were stopped: 0.0019310 seconds, Stopping threads took: 0.0001040 seconds
135.663: Application time: 0.0331200 seconds
135.663: [GC [PSYoungGen: 19308K->2304K(20480K)] 35385K->21452K(66560K), 0.0014540 secs] [Times: user=0.01 sys=0.00, real=0.00 secs] 
135.665: Total time for which application threads were stopped: 0.0016020 seconds, Stopping threads took: 0.0000770 seconds
135.702: Application time: 0.0368460 seconds
135.702: [GC [PSYoungGen: 19549K->2304K(20480K)] 38698K->24525K(66560K), 0.0014950 secs] [Times: user=0.01 sys=0.00, real=0.00 secs] 
135.703: Total time for which application threads were stopped: 0.0016140 seconds, Stopping threads took: 0.0000490 seconds
135.737: Application time: 0.0333290 seconds
135.737: [GC [PSYoungGen: 20097K->2304K(20480K)] 42318K->27597K(66560K), 0.0015040 secs] [Times: user=0.01 sys=0.00, real=0.00 secs] 
135.738: Total time for which application threads were stopped: 0.0016550 seconds, Stopping threads took: 0.0000770 seconds
135.773: Application time: 0.0343900 seconds
135.773: [GC [PSYoungGen: 19533K->2272K(20480K)] 44826K->30637K(66560K), 0.0015140 secs] [Times: user=0.01 sys=0.00, real=0.00 secs] 
135.774: Total time for which application threads were stopped: 0.0016330 seconds, Stopping threads took: 0.0000480 seconds
135.809: Application time: 0.0350980 seconds
135.809: [GC [PSYoungGen: 19964K->2304K(20480K)] 48329K->32717K(66560K), 0.0011740 secs] [Times: user=0.01 sys=0.00, real=0.01 secs] 
135.811: Total time for which application threads were stopped: 0.0012890 seconds, Stopping threads took: 0.0000460 seconds
135.840: Application time: 0.0295080 seconds
135.840: [GC [PSYoungGen: 19397K->2304K(20480K)] 49810K->36813K(66560K), 0.0017280 secs] [Times: user=0.01 sys=0.00, real=0.00 secs] 
135.842: Total time for which application threads were stopped: 0.0018880 seconds, Stopping threads took: 0.0000830 seconds
135.879: Application time: 0.0367320 seconds
135.879: [GC [PSYoungGen: 20224K->2304K(20480K)] 54733K->39885K(66560K), 0.0015120 secs] [Times: user=0.01 sys=0.00, real=0.00 secs] 
135.880: Total time for which application threads were stopped: 0.0016350 seconds, Stopping threads took: 0.0000580 seconds
135.910: Application time: 0.0300760 seconds
135.911: [GC [PSYoungGen: 19307K->2272K(20480K)] 56888K->42925K(66560K), 0.0015470 secs] [Times: user=0.01 sys=0.00, real=0.00 secs] 
135.912: Total time for which application threads were stopped: 0.0016640 seconds, Stopping threads took: 0.0000490 seconds
135.951: Application time: 0.0391530 seconds
135.951: [GC [PSYoungGen: 19355K->2240K(20480K)] 60008K->42893K(66560K), 0.0007210 secs] [Times: user=0.01 sys=0.00, real=0.00 secs] 
135.952: Total time for which application threads were stopped: 0.0008590 seconds, Stopping threads took: 0.0000690 seconds
135.979: Application time: 0.0266800 seconds
135.979: [GC [PSYoungGen: 19988K->2304K(20480K)] 60641K->47053K(66560K), 0.0017970 secs] [Times: user=0.02 sys=0.00, real=0.00 secs] 
135.981: [Full GC [PSYoungGen: 2304K->0K(20480K)] [ParOldGen: 44749K->9933K(46080K)] 47053K->9933K(66560K) [PSPermGen: 5503K->5503K(21504K)], 0.0060180 secs] [Times: user=0.02 sys=0.01, real=0.00 secs] 
135.987: Total time for which application threads were stopped: 0.0079970 seconds, Stopping threads took: 0.0000660 seconds
136.026: Application time: 0.0394050 seconds
136.026: [GC [PSYoungGen: 17353K->2288K(20480K)] 27287K->12221K(66560K), 0.0007510 secs] [Times: user=0.01 sys=0.00, real=0.00 secs] 
136.027: Total time for which application threads were stopped: 0.0008750 seconds, Stopping threads took: 0.0000640 seconds
136.055: Application time: 0.0278690 seconds
136.055: Total time for which application threads were stopped: 0.0000940 seconds, Stopping threads took: 0.0000720 seconds
136.066: Application time: 0.0111070 seconds
136.066: [GC [PSYoungGen: 19948K->1280K(20480K)] 29882K->11213K(66560K), 0.0005810 secs] [Times: user=0.00 sys=0.00, real=0.00 secs] 
136.067: Total time for which application threads were stopped: 0.0006630 seconds, Stopping threads took: 0.0000260 seconds
136.071: Application time: 0.0043660 seconds
136.071: Total time for which application threads were stopped: 0.0000480 seconds, Stopping threads took: 0.0000330 seconds
136.080: Application time: 0.0083940 seconds
136.080: Total time for which application threads were stopped: 0.0000330 seconds, Stopping threads took: 0.0000200 seconds
136.107: Application time: 0.0272880 seconds
136.107: Total time for which application threads were stopped: 0.0000460 seconds, Stopping threads took: 0.0000270 seconds
136.164: Application time: 0.0567990 seconds
136.164: Total time for which application threads were stopped: 0.0000460 seconds, Stopping threads took: 0.0000270 seconds
136.164: Application time: 0.0000990 seconds
136.164: [GC [PSYoungGen: 19200K->400K(20480K)] 29133K->10333K(66560K), 0.0004390 secs] [Times: user=0.01 sys=0.00, real=0.00 secs] 
136.165: Total time for which application threads were stopped: 0.0005770 seconds, Stopping threads took: 0.0000900 seconds
136.188: Application time: 0.0238840 seconds
136.189: [GC [PSYoungGen: 17486K->2544K(20480K)] 27420K->16574K(66560K), 0.0019450 secs] [Times: user=0.01 sys=0.00, real=0.01 secs] 
136.191: Total time for which application threads were stopped: 0.0026200 seconds, Stopping threads took: 0.0006040 seconds
136.218: Application time: 0.0271320 seconds
136.219: [GC [PSYoungGen: 19456K->2528K(20480K)] 33486K->20654K(66560K), 0.0019250 secs] [Times: user=0.02 sys=0.00, real=0.00 secs] 
136.221: Total time for which application threads were stopped: 0.0026590 seconds, Stopping threads took: 0.0006630 seconds
136.264: Application time: 0.0429010 seconds
136.264: [GC [PSYoungGen: 19760K->2496K(20480K)] 37886K->22670K(66560K), 0.0013910 secs] [Times: user=0.01 sys=0.00, real=0.00 secs] 
136.266: Total time for which application threads were stopped: 0.0018130 seconds, Stopping threads took: 0.0003540 seconds
136.293: Application time: 0.0273990 seconds
136.294: [GC [PSYoungGen: 20386K->2528K(20480K)] 40560K->25774K(66560K), 0.0017320 secs] [Times: user=0.01 sys=0.00, real=0.00 secs] 
136.295: Total time for which application threads were stopped: 0.0022220 seconds, Stopping threads took: 0.0004180 seconds
136.338: Application time: 0.0427990 seconds
136.338: [GC [PSYoungGen: 19724K->2512K(20480K)] 42971K->26782K(66560K), 0.0011340 secs] [Times: user=0.01 sys=0.00, real=0.01 secs] 
136.340: Total time for which application threads were stopped: 0.0014890 seconds, Stopping threads took: 0.0002880 seconds
136.367: Application time: 0.0275340 seconds
136.367: [GC [PSYoungGen: 20394K->2512K(20480K)] 44664K->28830K(66560K), 0.0013450 secs] [Times: user=0.01 sys=0.00, real=0.00 secs] 
136.369: Total time for which application threads were stopped: 0.0016420 seconds, Stopping threads took: 0.0002160 seconds
136.412: Application time: 0.0428580 seconds
136.415: [GC [PSYoungGen: 19701K->2496K(20480K)] 46019K->28814K(66560K), 0.0008970 secs] [Times: user=0.01 sys=0.00, real=0.00 secs] 
136.415: Total time for which application threads were stopped: 0.0038320 seconds, Stopping threads took: 0.0028670 seconds
136.443: Application time: 0.0274650 seconds
136.443: [GC [PSYoungGen: 20389K->2512K(20480K)] 46707K->29854K(66560K), 0.0011250 secs] [Times: user=0.00 sys=0.00, real=0.00 secs] 
136.444: Total time for which application threads were stopped: 0.0015070 seconds, Stopping threads took: 0.0003160 seconds
136.487: Application time: 0.0430310 seconds
136.488: [GC [PSYoungGen: 19689K->2512K(20480K)] 47031K->32926K(66560K), 0.0015460 secs] [Times: user=0.01 sys=0.00, real=0.00 secs] 
136.489: Total time for which application threads were stopped: 0.0016870 seconds, Stopping threads took: 0.0000740 seconds
136.517: Application time: 0.0279710 seconds
136.517: [GC [PSYoungGen: 20398K->2480K(20480K)] 50812K->32894K(66560K), 0.0008990 secs] [Times: user=0.01 sys=0.00, real=0.00 secs] 
136.518: Total time for which application threads were stopped: 0.0011740 seconds, Stopping threads took: 0.0002050 seconds
136.561: Application time: 0.0427450 seconds
136.561: [GC [PSYoungGen: 19644K->2544K(20480K)] 50059K->37070K(66560K), 0.0016980 secs] [Times: user=0.01 sys=0.00, real=0.00 secs] 
136.563: Total time for which application threads were stopped: 0.0018260 seconds, Stopping threads took: 0.0000550 seconds
136.590: Application time: 0.0274420 seconds
136.590: [GC [PSYoungGen: 20425K->1424K(20480K)] 54952K->35950K(66560K), 0.0006360 secs] [Times: user=0.00 sys=0.00, real=0.00 secs] 
136.591: Total time for which application threads were stopped: 0.0008190 seconds, Stopping threads took: 0.0001160 seconds
136.626: Application time: 0.0348100 seconds
136.627: [GC [PSYoungGen: 18407K->2496K(20480K)] 52933K->42158K(66560K), 0.0022590 secs] [Times: user=0.01 sys=0.00, real=0.00 secs] 
136.629: Total time for which application threads were stopped: 0.0029130 seconds, Stopping threads took: 0.0005770 seconds
136.657: Application time: 0.0283760 seconds
136.657: [GC [PSYoungGen: 20416K->2464K(20480K)] 60078K->48286K(66560K), 0.0023280 secs] [Times: user=0.02 sys=0.00, real=0.01 secs] 
136.660: [Full GC [PSYoungGen: 2464K->0K(20480K)] [ParOldGen: 45822K->11791K(46080K)] 48286K->11791K(66560K) [PSPermGen: 5528K->5528K(21504K)], 0.0065970 secs] [Times: user=0.02 sys=0.00, real=0.00 secs] 
136.666: Total time for which application threads were stopped: 0.0090930 seconds, Stopping threads took: 0.0000510 seconds
136.707: Application time: 0.0410590 seconds
136.709: [GC [PSYoungGen: 17142K->2224K(20480K)] 28934K->18111K(66560K), 0.0020710 secs] [Times: user=0.02 sys=0.00, real=0.01 secs] 
136.712: Total time for which application threads were stopped: 0.0040900 seconds, Stopping threads took: 0.0019360 seconds
136.735: Application time: 0.0236930 seconds
136.735: [GC [PSYoungGen: 20112K->2304K(20480K)] 36000K->23311K(66560K), 0.0019840 secs] [Times: user=0.01 sys=0.00, real=0.00 secs] 
136.737: Total time for which application threads were stopped: 0.0021360 seconds, Stopping threads took: 0.0000760 seconds
136.783: Application time: 0.0461210 seconds
136.784: [GC [PSYoungGen: 19521K->2320K(20480K)] 40529K->26399K(66560K), 0.0015160 secs] [Times: user=0.01 sys=0.00, real=0.00 secs] 
136.785: Total time for which application threads were stopped: 0.0016770 seconds, Stopping threads took: 0.0000900 seconds
136.806: Application time: 0.0209660 seconds
136.806: [GC [PSYoungGen: 20174K->2304K(20480K)] 44254K->30479K(66560K), 0.0016710 secs] [Times: user=0.01 sys=0.00, real=0.00 secs] 
136.808: Total time for which application threads were stopped: 0.0018090 seconds, Stopping threads took: 0.0000680 seconds
136.852: Application time: 0.0444810 seconds
136.853: [GC [PSYoungGen: 19377K->2304K(20480K)] 47552K->32527K(66560K), 0.0012340 secs] [Times: user=0.01 sys=0.00, real=0.00 secs] 
136.854: Total time for which application threads were stopped: 0.0013730 seconds, Stopping threads took: 0.0000680 seconds
136.874: Application time: 0.0204030 seconds
136.874: [GC [PSYoungGen: 19253K->2272K(20480K)] 49477K->37615K(66560K), 0.0020970 secs] [Times: user=0.01 sys=0.00, real=0.00 secs] 
136.876: Total time for which application threads were stopped: 0.0022530 seconds, Stopping threads took: 0.0000710 seconds
136.921: Application time: 0.0448280 seconds
136.921: [GC [PSYoungGen: 20118K->2544K(20480K)] 55462K->37887K(66560K), 0.0008630 secs] [Times: user=0.00 sys=0.00, real=0.00 secs] 
136.922: Total time for which application threads were stopped: 0.0009850 seconds, Stopping threads took: 0.0000540 seconds
136.943: Application time: 0.0203340 seconds
136.943: [GC [PSYoungGen: 19599K->2512K(20480K)] 54943K->41951K(66560K), 0.0017600 secs] [Times: user=0.02 sys=0.00, real=0.00 secs] 
136.945: [Full GC [PSYoungGen: 2512K->0K(20480K)] [ParOldGen: 39439K->9732K(46080K)] 41951K->9732K(66560K) [PSPermGen: 5528K->5528K(21504K)], 0.0062330 secs] [Times: user=0.02 sys=0.00, real=0.01 secs] 
136.951: Total time for which application threads were stopped: 0.0081900 seconds, Stopping threads took: 0.0000790 seconds
136.995: Application time: 0.0442810 seconds
136.995: [GC [PSYoungGen: 17729K->1264K(20480K)] 27461K->10996K(66560K), 0.0005400 secs] [Times: user=0.00 sys=0.00, real=0.00 secs] 
136.996: Total time for which application threads were stopped: 0.0006650 seconds, Stopping threads took: 0.0000620 seconds
137.016: Application time: 0.0197700 seconds
137.016: [GC [PSYoungGen: 18531K->2304K(20480K)] 28263K->17156K(66560K), 0.0020220 secs] [Times: user=0.01 sys=0.00, real=0.00 secs] 
137.018: Total time for which application threads were stopped: 0.0022340 seconds, Stopping threads took: 0.0001390 seconds
137.062: Application time: 0.0437680 seconds
137.062: [GC [PSYoungGen: 19438K->1280K(20480K)] 34290K->16132K(66560K), 0.0004960 secs] [Times: user=0.00 sys=0.00, real=0.00 secs] 
137.062: Total time for which application threads were stopped: 0.0006300 seconds, Stopping threads took: 0.0000720 seconds
137.084: Application time: 0.0222810 seconds
137.085: [GC [PSYoungGen: 19199K->2304K(20480K)] 34052K->22276K(66560K), 0.0019880 secs] [Times: user=0.02 sys=0.00, real=0.00 secs] 
137.087: Total time for which application threads were stopped: 0.0021420 seconds, Stopping threads took: 0.0000800 seconds
137.129: Application time: 0.0425410 seconds
137.129: [GC [PSYoungGen: 20224K->1248K(20480K)] 40196K->21220K(66560K), 0.0005360 secs] [Times: user=0.01 sys=0.00, real=0.00 secs] 
137.130: Total time for which application threads were stopped: 0.0006850 seconds, Stopping threads took: 0.0000850 seconds
137.151: Application time: 0.0214210 seconds
137.151: [GC [PSYoungGen: 18326K->2304K(20480K)] 38298K->27396K(66560K), 0.0019600 secs] [Times: user=0.01 sys=0.00, real=0.00 secs] 
137.153: Total time for which application threads were stopped: 0.0021040 seconds, Stopping threads took: 0.0000730 seconds
137.184: Application time: 0.0308890 seconds
137.184: [GC [PSYoungGen: 20224K->2304K(20480K)] 45316K->33540K(66560K), 0.0023100 secs] [Times: user=0.01 sys=0.01, real=0.00 secs] 
137.187: Total time for which application threads were stopped: 0.0024590 seconds, Stopping threads took: 0.0000730 seconds
137.222: Application time: 0.0353500 seconds
137.222: [GC [PSYoungGen: 19428K->2304K(20480K)] 50664K->38660K(66560K), 0.0019470 secs] [Times: user=0.02 sys=0.00, real=0.00 secs] 
137.224: Total time for which application threads were stopped: 0.0020940 seconds, Stopping threads took: 0.0000750 seconds
137.254: Application time: 0.0294950 seconds
137.254: [GC [PSYoungGen: 20207K->2272K(20480K)] 56564K->43748K(66560K), 0.0020680 secs] [Times: user=0.02 sys=0.00, real=0.00 secs] 
137.256: [Full GC [PSYoungGen: 2272K->0K(20480K)] [ParOldGen: 41476K->10988K(46080K)] 43748K->10988K(66560K) [PSPermGen: 5528K->5528K(21504K)], 0.0065510 secs] [Times: user=0.01 sys=0.00, real=0.01 secs] 
137.263: Total time for which application threads were stopped: 0.0088370 seconds, Stopping threads took: 0.0000840 seconds
137.299: Application time: 0.0367680 seconds
137.299: [GC [PSYoungGen: 17129K->2320K(20480K)] 28118K->17404K(66560K), 0.0016890 secs] [Times: user=0.01 sys=0.00, real=0.00 secs] 
137.301: Total time for which application threads were stopped: 0.0018450 seconds, Stopping threads took: 0.0000800 seconds
137.329: Application time: 0.0281500 seconds
137.329: [GC [PSYoungGen: 20221K->2304K(20480K)] 35305K->22509K(66560K), 0.0019790 secs] [Times: user=0.01 sys=0.00, real=0.01 secs] 
137.331: Total time for which application threads were stopped: 0.0021280 seconds, Stopping threads took: 0.0000740 seconds
137.367: Application time: 0.0355120 seconds
137.367: [GC [PSYoungGen: 19349K->2304K(20480K)] 39554K->26605K(66560K), 0.0017500 secs] [Times: user=0.01 sys=0.00, real=0.00 secs] 
137.369: Total time for which application threads were stopped: 0.0018960 seconds, Stopping threads took: 0.0000730 seconds
137.393: Application time: 0.0243460 seconds
137.393: [GC [PSYoungGen: 19229K->2304K(20480K)] 43531K->31725K(66560K), 0.0020360 secs] [Times: user=0.02 sys=0.00, real=0.00 secs] 
137.395: Total time for which application threads were stopped: 0.0021870 seconds, Stopping threads took: 0.0000690 seconds
137.436: Application time: 0.0405500 seconds
137.439: [GC [PSYoungGen: 19371K->2304K(20480K)] 48792K->34797K(66560K), 0.0016190 secs] [Times: user=0.01 sys=0.00, real=0.00 secs] 
137.440: Total time for which application threads were stopped: 0.0043050 seconds, Stopping threads took: 0.0026170 seconds
137.465: Application time: 0.0250960 seconds
137.465: [GC [PSYoungGen: 19259K->2304K(20480K)] 51753K->38893K(66560K), 0.0017140 secs] [Times: user=0.01 sys=0.00, real=0.00 secs] 
137.467: Total time for which application threads were stopped: 0.0018520 seconds, Stopping threads took: 0.0000650 seconds
137.508: Application time: 0.0408480 seconds
137.508: [GC [PSYoungGen: 19369K->2272K(20480K)] 55958K->40909K(66560K), 0.0012600 secs] [Times: user=0.01 sys=0.00, real=0.00 secs] 
137.509: [Full GC [PSYoungGen: 2272K->0K(20480K)] [ParOldGen: 38637K->8234K(46080K)] 40909K->8234K(66560K) [PSPermGen: 5528K->5528K(21504K)], 0.0056120 secs] [Times: user=0.02 sys=0.00, real=0.01 secs] 
137.515: Total time for which application threads were stopped: 0.0070530 seconds, Stopping threads took: 0.0000680 seconds
137.538: Application time: 0.0228300 seconds
137.538: [GC [PSYoungGen: 17919K->2304K(20480K)] 26153K->14634K(66560K), 0.0017360 secs] [Times: user=0.01 sys=0.00, real=0.01 secs] 
137.540: Total time for which application threads were stopped: 0.0018870 seconds, Stopping threads took: 0.0000790 seconds
137.582: Application time: 0.0418540 seconds
137.582: [GC [PSYoungGen: 19258K->2304K(20480K)] 31588K->16682K(66560K), 0.0012800 secs] [Times: user=0.00 sys=0.00, real=0.00 secs] 
137.583: Total time for which application threads were stopped: 0.0014260 seconds, Stopping threads took: 0.0000780 seconds
137.605: Application time: 0.0217560 seconds
137.605: [GC [PSYoungGen: 19367K->2304K(20480K)] 33745K->20778K(66560K), 0.0016840 secs] [Times: user=0.01 sys=0.00, real=0.00 secs] 
137.607: Total time for which application threads were stopped: 0.0018360 seconds, Stopping threads took: 0.0000780 seconds
137.649: Application time: 0.0419540 seconds
137.651: [GC [PSYoungGen: 19959K->2480K(20480K)] 38433K->21978K(66560K), 0.0010520 secs] [Times: user=0.00 sys=0.00, real=0.00 secs] 
137.652: Total time for which application threads were stopped: 0.0030000 seconds, Stopping threads took: 0.0018800 seconds
137.673: Application time: 0.0211650 seconds
137.673: [GC [PSYoungGen: 19689K->2528K(20480K)] 39187K->27146K(66560K), 0.0021110 secs] [Times: user=0.02 sys=0.00, real=0.00 secs] 
137.675: Total time for which application threads were stopped: 0.0022700 seconds, Stopping threads took: 0.0000810 seconds
137.715: Application time: 0.0403760 seconds
137.716: [GC [PSYoungGen: 19899K->2528K(20480K)] 44517K->29194K(66560K), 0.0012780 secs] [Times: user=0.01 sys=0.00, real=0.00 secs] 
137.717: Total time for which application threads were stopped: 0.0014790 seconds, Stopping threads took: 0.0001240 seconds
137.744: Application time: 0.0275520 seconds
137.745: [GC [PSYoungGen: 20250K->2432K(20480K)] 46916K->34218K(66560K), 0.0020710 secs] [Times: user=0.02 sys=0.00, real=0.00 secs] 
137.747: Total time for which application threads were stopped: 0.0022170 seconds, Stopping threads took: 0.0000710 seconds
137.786: Application time: 0.0388970 seconds
137.786: [GC [PSYoungGen: 19796K->2512K(20480K)] 51583K->35322K(66560K), 0.0010330 secs] [Times: user=0.01 sys=0.00, real=0.00 secs] 
137.787: Total time for which application threads were stopped: 0.0011780 seconds, Stopping threads took: 0.0000750 seconds
137.809: Application time: 0.0225530 seconds
137.809: [GC [PSYoungGen: 20134K->2496K(20480K)] 52944K->40426K(66560K), 0.0021460 secs] [Times: user=0.02 sys=0.00, real=0.01 secs] 
137.812: Total time for which application threads were stopped: 0.0022920 seconds, Stopping threads took: 0.0000670 seconds
137.852: Application time: 0.0403260 seconds
137.852: [GC [PSYoungGen: 19564K->2432K(20480K)] 57495K->40362K(66560K), 0.0008390 secs] [Times: user=0.00 sys=0.00, real=0.00 secs] 
137.853: Total time for which application threads were stopped: 0.0009740 seconds, Stopping threads took: 0.0000690 seconds
137.878: Application time: 0.0248020 seconds
137.878: [GC [PSYoungGen: 19361K->2528K(20480K)] 57291K->44554K(66560K), 0.0017600 secs] [Times: user=0.01 sys=0.00, real=0.01 secs] 
137.880: [Full GC [PSYoungGen: 2528K->0K(20480K)] [ParOldGen: 42026K->9987K(46080K)] 44554K->9987K(66560K) [PSPermGen: 5528K->5528K(21504K)], 0.0062010 secs] [Times: user=0.03 sys=0.00, real=0.00 secs] 
137.886: Total time for which application threads were stopped: 0.0081530 seconds, Stopping threads took: 0.0000740 seconds
137.926: Application time: 0.0397720 seconds
137.926: [GC [PSYoungGen: 17920K->2304K(20480K)] 27907K->12291K(66560K), 0.0007430 secs] [Times: user=0.00 sys=0.00, real=0.00 secs] 
137.927: Total time for which application threads were stopped: 0.0008660 seconds, Stopping threads took: 0.0000490 seconds
137.951: Application time: 0.0247720 seconds
137.951: [GC [PSYoungGen: 19370K->2240K(20480K)] 29357K->16323K(66560K), 0.0016980 secs] [Times: user=0.01 sys=0.00, real=0.00 secs] 
137.953: Total time for which application threads were stopped: 0.0019330 seconds, Stopping threads took: 0.0001610 seconds
137.989: Application time: 0.0352840 seconds
137.989: [GC [PSYoungGen: 19652K->2304K(20480K)] 33736K->19459K(66560K), 0.0014020 secs] [Times: user=0.01 sys=0.00, real=0.00 secs] 
137.990: Total time for which application threads were stopped: 0.0015440 seconds, Stopping threads took: 0.0000750 seconds
138.021: Application time: 0.0311300 seconds
138.021: [GC [PSYoungGen: 19952K->2304K(20480K)] 37107K->22531K(66560K), 0.0014420 secs] [Times: user=0.01 sys=0.00, real=0.00 secs] 
138.023: Total time for which application threads were stopped: 0.0016230 seconds, Stopping threads took: 0.0000690 seconds
138.058: Application time: 0.0350270 seconds
138.058: [GC [PSYoungGen: 19683K->2304K(20480K)] 39910K->24579K(66560K), 0.0011190 secs] [Times: user=0.01 sys=0.00, real=0.01 secs] 
138.059: Total time for which application threads were stopped: 0.0012560 seconds, Stopping threads took: 0.0000710 seconds
138.088: Application time: 0.0286920 seconds
138.088: [GC [PSYoungGen: 19900K->2304K(20480K)] 42175K->28675K(66560K), 0.0017340 secs] [Times: user=0.01 sys=0.00, real=0.00 secs] 
138.090: Total time for which application threads were stopped: 0.0018720 seconds, Stopping threads took: 0.0000660 seconds
138.118: Application time: 0.0282020 seconds
138.118: [GC [PSYoungGen: 19281K->2304K(20480K)] 45652K->32771K(66560K), 0.0017360 secs] [Times: user=0.01 sys=0.00, real=0.01 secs] 
138.120: Total time for which application threads were stopped: 0.0018750 seconds, Stopping threads took: 0.0000670 seconds
138.154: Application time: 0.0347250 seconds
138.155: [GC [PSYoungGen: 19242K->2304K(20480K)] 49710K->36867K(66560K), 0.0018070 secs] [Times: user=0.01 sys=0.00, real=0.00 secs] 
138.156: Total time for which application threads were stopped: 0.0019530 seconds, Stopping threads took: 0.0000750 seconds
138.183: Application time: 0.0270400 seconds
138.184: [GC [PSYoungGen: 19334K->2304K(20480K)] 53897K->41987K(66560K), 0.0020370 secs] [Times: user=0.01 sys=0.00, real=0.00 secs] 
138.186: [Full GC [PSYoungGen: 2304K->0K(20480K)] [ParOldGen: 39683K->10987K(46080K)] 41987K->10987K(66560K) [PSPermGen: 5528K->5528K(21504K)], 0.0061910 secs] [Times: user=0.03 sys=0.00, real=0.01 secs] 
138.192: Total time for which application threads were stopped: 0.0084130 seconds, Stopping threads took: 0.0000690 seconds
138.230: Application time: 0.0380900 seconds
138.230: [GC [PSYoungGen: 16976K->2304K(20480K)] 27963K->17387K(66560K), 0.0017070 secs] [Times: user=0.02 sys=0.00, real=0.01 secs] 
138.232: Total time for which application threads were stopped: 0.0018690 seconds, Stopping threads took: 0.0000870 seconds
138.258: Application time: 0.0259360 seconds
138.258: [GC [PSYoungGen: 19327K->2304K(20480K)] 34410K->21483K(66560K), 0.0016450 secs] [Times: user=0.01 sys=0.00, real=0.01 secs] 
138.260: Total time for which application threads were stopped: 0.0018020 seconds, Stopping threads took: 0.0000810 seconds
138.298: Application time: 0.0382930 seconds
138.298: [GC [PSYoungGen: 20224K->2304K(20480K)] 39403K->25579K(66560K), 0.0017060 secs] [Times: user=0.01 sys=0.00, real=0.01 secs] 
138.300: Total time for which application threads were stopped: 0.0018540 seconds, Stopping threads took: 0.0000750 seconds
138.322: Application time: 0.0221490 seconds
138.322: [GC [PSYoungGen: 19357K->2304K(20480K)] 42632K->30699K(66560K), 0.0020070 secs] [Times: user=0.01 sys=0.00, real=0.00 secs] 
138.324: Total time for which application threads were stopped: 0.0021530 seconds, Stopping threads took: 0.0000700 seconds
138.365: Application time: 0.0408950 seconds
138.365: [GC [PSYoungGen: 19855K->2512K(20480K)] 48250K->33979K(66560K), 0.0016350 secs] [Times: user=0.01 sys=0.00, real=0.00 secs] 
138.367: Total time for which application threads were stopped: 0.0017810 seconds, Stopping threads took: 0.0000730 seconds
138.389: Application time: 0.0227530 seconds
138.390: [GC [PSYoungGen: 19818K->2496K(20480K)] 51285K->39083K(66560K), 0.0020740 secs] [Times: user=0.02 sys=0.00, real=0.01 secs] 
138.392: Total time for which application threads were stopped: 0.0022200 seconds, Stopping threads took: 0.0000700 seconds
138.434: Application time: 0.0422470 seconds
138.434: [GC [PSYoungGen: 20294K->2528K(20480K)] 56882K->42187K(66560K), 0.0016360 secs] [Times: user=0.01 sys=0.00, real=0.00 secs] 
138.436: [Full GC [PSYoungGen: 2528K->0K(20480K)] [ParOldGen: 39659K->8975K(46080K)] 42187K->8975K(66560K) [PSPermGen: 5528K->5528K(21504K)], 0.0059860 secs] [Times: user=0.02 sys=0.00, real=0.01 secs] 
138.442: Total time for which application threads were stopped: 0.0078210 seconds, Stopping threads took: 0.0000730 seconds
138.465: Application time: 0.0234340 seconds
138.465: [GC [PSYoungGen: 17264K->2304K(20480K)] 26240K->16400K(66560K), 0.0019510 secs] [Times: user=0.01 sys=0.00, real=0.00 secs] 
138.467: Total time for which application threads were stopped: 0.0020980 seconds, Stopping threads took: 0.0000710 seconds
138.510: Application time: 0.0422460 seconds
138.510: [GC [PSYoungGen: 20060K->2304K(20480K)] 34156K->18448K(66560K), 0.0012600 secs] [Times: user=0.01 sys=0.00, real=0.01 secs] 
138.511: Total time for which application threads were stopped: 0.0013990 seconds, Stopping threads took: 0.0000690 seconds
138.533: Application time: 0.0224970 seconds
138.534: [GC [PSYoungGen: 19597K->2272K(20480K)] 35741K->23536K(66560K), 0.0020270 secs] [Times: user=0.01 sys=0.00, real=0.00 secs] 
138.536: Total time for which application threads were stopped: 0.0021730 seconds, Stopping threads took: 0.0000690 seconds
138.578: Application time: 0.0427960 seconds
138.579: [GC [PSYoungGen: 19958K->2320K(20480K)] 41222K->24608K(66560K), 0.0009570 secs] [Times: user=0.01 sys=0.00, real=0.00 secs] 
138.580: Total time for which application threads were stopped: 0.0011080 seconds, Stopping threads took: 0.0000740 seconds
138.601: Application time: 0.0213820 seconds
138.601: [GC [PSYoungGen: 19644K->2304K(20480K)] 41932K->29712K(66560K), 0.0020530 secs] [Times: user=0.01 sys=0.00, real=0.00 secs] 
138.603: Total time for which application threads were stopped: 0.0022100 seconds, Stopping threads took: 0.0000820 seconds
138.643: Application time: 0.0398890 seconds
138.643: [GC [PSYoungGen: 19491K->2288K(20480K)] 46899K->31744K(66560K), 0.0012550 secs] [Times: user=0.01 sys=0.00, real=0.00 secs] 
138.644: Total time for which application threads were stopped: 0.0013920 seconds, Stopping threads took: 0.0000710 seconds
138.670: Application time: 0.0257480 seconds
138.670: [GC [PSYoungGen: 20154K->2304K(20480K)] 49610K->36880K(66560K), 0.0020200 secs] [Times: user=0.01 sys=0.00, real=0.01 secs] 
138.672: Total time for which application threads were stopped: 0.0022320 seconds, Stopping threads took: 0.0001350 seconds
138.712: Application time: 0.0399980 seconds
138.713: [GC [PSYoungGen: 19414K->2304K(20480K)] 53990K->38928K(66560K), 0.0011960 secs] [Times: user=0.01 sys=0.00, real=0.00 secs] 
138.714: Total time for which application threads were stopped: 0.0013170 seconds, Stopping threads took: 0.0000530 seconds
138.738: Application time: 0.0247080 seconds
138.739: [GC [PSYoungGen: 20224K->2304K(20480K)] 56848K->45072K(66560K), 0.0023380 secs] [Times: user=0.01 sys=0.00, real=0.00 secs] 
138.741: [Full GC [PSYoungGen: 2304K->0K(20480K)] [ParOldGen: 42768K->11783K(46080K)] 45072K->11783K(66560K) [PSPermGen: 5528K->5528K(21504K)], 0.0066590 secs] [Times: user=0.03 sys=0.00, real=0.00 secs] 
138.748: Total time for which application threads were stopped: 0.0091880 seconds, Stopping threads took: 0.0000720 seconds
138.788: Application time: 0.0402880 seconds
138.788: [GC [PSYoungGen: 17043K->2304K(20480K)] 28827K->15111K(66560K), 0.0009060 secs] [Times: user=0.01 sys=0.00, real=0.00 secs] 
138.789: Total time for which application threads were stopped: 0.0010390 seconds, Stopping threads took: 0.0000680 seconds
138.812: Application time: 0.0230380 seconds
138.812: [GC [PSYoungGen: 19267K->2272K(20480K)] 32075K->20199K(66560K), 0.0020820 secs] [Times: user=0.01 sys=0.00, real=0.00 secs] 
138.814: Total time for which application threads were stopped: 0.0022320 seconds, Stopping threads took: 0.0000700 seconds
138.854: Application time: 0.0396320 seconds
138.854: [GC [PSYoungGen: 20033K->2304K(20480K)] 37961K->21255K(66560K), 0.0009580 secs] [Times: user=0.01 sys=0.00, real=0.00 secs] 
138.855: Total time for which application threads were stopped: 0.0010890 seconds, Stopping threads took: 0.0000630 seconds
138.880: Application time: 0.0250950 seconds
138.880: [GC [PSYoungGen: 19546K->2304K(20480K)] 38498K->25351K(66560K), 0.0017310 secs] [Times: user=0.01 sys=0.00, real=0.00 secs] 
138.882: Total time for which application threads were stopped: 0.0018730 seconds, Stopping threads took: 0.0000670 seconds
138.916: Application time: 0.0345110 seconds
138.917: [GC [PSYoungGen: 19555K->2304K(20480K)] 42603K->27400K(66560K), 0.0011480 secs] [Times: user=0.00 sys=0.00, real=0.00 secs] 
138.918: Total time for which application threads were stopped: 0.0012730 seconds, Stopping threads took: 0.0000560 seconds
138.948: Application time: 0.0300520 seconds
138.948: [GC [PSYoungGen: 20047K->2288K(20480K)] 45143K->31480K(66560K), 0.0017660 secs] [Times: user=0.01 sys=0.00, real=0.00 secs] 
138.950: Total time for which application threads were stopped: 0.0019210 seconds, Stopping threads took: 0.0000730 seconds
138.980: Application time: 0.0304030 seconds
138.980: [GC [PSYoungGen: 19296K->2304K(20480K)] 48488K->35592K(66560K), 0.0017000 secs] [Times: user=0.01 sys=0.00, real=0.00 secs] 
138.982: Total time for which application threads were stopped: 0.0018450 seconds, Stopping threads took: 0.0000760 seconds
139.015: Application time: 0.0331580 seconds
139.015: [GC [PSYoungGen: 19261K->2272K(20480K)] 52549K->39656K(66560K), 0.0018310 secs] [Times: user=0.01 sys=0.00, real=0.00 secs] 
139.017: Total time for which application threads were stopped: 0.0020790 seconds, Stopping threads took: 0.0001730 seconds
139.043: Application time: 0.0258610 seconds
139.043: [GC [PSYoungGen: 19212K->2304K(20480K)] 56596K->44808K(66560K), 0.0020080 secs] [Times: user=0.02 sys=0.00, real=0.00 secs] 
139.045: [Full GC [PSYoungGen: 2304K->0K(20480K)] [ParOldGen: 42504K->10759K(46080K)] 44808K->10759K(66560K) [PSPermGen: 5528K->5528K(21504K)], 0.0064010 secs] [Times: user=0.03 sys=0.00, real=0.01 secs] 
139.052: Total time for which application threads were stopped: 0.0085920 seconds, Stopping threads took: 0.0000650 seconds
139.091: Application time: 0.0394860 seconds
139.091: [GC [PSYoungGen: 17919K->2528K(20480K)] 28679K->17399K(66560K), 0.0019190 secs] [Times: user=0.02 sys=0.00, real=0.00 secs] 
139.093: Total time for which application threads were stopped: 0.0020830 seconds, Stopping threads took: 0.0000830 seconds
139.118: Application time: 0.0247400 seconds
139.118: [GC [PSYoungGen: 19479K->2528K(20480K)] 34350K->22519K(66560K), 0.0019910 secs] [Times: user=0.02 sys=0.00, real=0.01 secs] 
139.120: Total time for which application threads were stopped: 0.0021480 seconds, Stopping threads took: 0.0000850 seconds
139.160: Application time: 0.0402950 seconds
139.161: [GC [PSYoungGen: 20448K->2512K(20480K)] 40439K->26599K(66560K), 0.0017670 secs] [Times: user=0.02 sys=0.00, real=0.00 secs] 
139.162: Total time for which application threads were stopped: 0.0019090 seconds, Stopping threads took: 0.0000680 seconds
139.185: Application time: 0.0227200 seconds
139.185: [GC [PSYoungGen: 19588K->2512K(20480K)] 43675K->31719K(66560K), 0.0020850 secs] [Times: user=0.01 sys=0.00, real=0.00 secs] 
139.187: Total time for which application threads were stopped: 0.0022410 seconds, Stopping threads took: 0.0000820 seconds
139.229: Application time: 0.0414660 seconds
139.229: [GC [PSYoungGen: 20398K->2528K(20480K)] 49606K->35831K(66560K), 0.0018590 secs] [Times: user=0.02 sys=0.00, real=0.01 secs] 
139.231: Total time for which application threads were stopped: 0.0020130 seconds, Stopping threads took: 0.0000760 seconds
139.255: Application time: 0.0243350 seconds
139.255: [GC [PSYoungGen: 19706K->2496K(20480K)] 53010K->40920K(66560K), 0.0020960 secs] [Times: user=0.01 sys=0.00, real=0.00 secs] 
139.257: Total time for which application threads were stopped: 0.0022370 seconds, Stopping threads took: 0.0000710 seconds
139.296: Application time: 0.0390930 seconds
139.297: [GC [PSYoungGen: 20081K->2416K(20480K)] 58505K->43912K(66560K), 0.0016080 secs] [Times: user=0.00 sys=0.00, real=0.00 secs] 
139.298: [Full GC [PSYoungGen: 2416K->0K(20480K)] [ParOldGen: 41495K->8956K(46080K)] 43912K->8956K(66560K) [PSPermGen: 5528K->5528K(21504K)], 0.0058760 secs] [Times: user=0.03 sys=0.00, real=0.01 secs] 
139.304: Total time for which application threads were stopped: 0.0076860 seconds, Stopping threads took: 0.0000850 seconds
139.330: Application time: 0.0262320 seconds
139.331: [GC [PSYoungGen: 17443K->2240K(20480K)] 26400K->16316K(66560K), 0.0020160 secs] [Times: user=0.01 sys=0.00, real=0.00 secs] 
139.333: Total time for which application threads were stopped: 0.0022080 seconds, Stopping threads took: 0.0001160 seconds
139.370: Application time: 0.0372470 seconds
139.370: [GC [PSYoungGen: 19703K->2304K(20480K)] 33780K->18428K(66560K), 0.0012410 secs] [Times: user=0.01 sys=0.00, real=0.01 secs] 
139.371: Total time for which application threads were stopped: 0.0013980 seconds, Stopping threads took: 0.0000850 seconds
139.400: Application time: 0.0287610 seconds
139.400: [GC [PSYoungGen: 19909K->2320K(20480K)] 36034K->22540K(66560K), 0.0016690 secs] [Times: user=0.01 sys=0.00, real=0.00 secs] 
139.402: Total time for which application threads were stopped: 0.0018000 seconds, Stopping threads took: 0.0000600 seconds
139.439: Application time: 0.0367260 seconds
139.439: [GC [PSYoungGen: 19741K->2304K(20480K)] 39962K->24572K(66560K), 0.0011990 secs] [Times: user=0.01 sys=0.00, real=0.00 secs] 
139.440: Total time for which application threads were stopped: 0.0013740 seconds, Stopping threads took: 0.0000950 seconds
139.466: Application time: 0.0264460 seconds
139.466: [GC [PSYoungGen: 19878K->2240K(20480K)] 42147K->28605K(66560K), 0.0017600 secs] [Times: user=0.01 sys=0.00, real=0.00 secs] 
139.468: Total time for which application threads were stopped: 0.0019070 seconds, Stopping threads took: 0.0000660 seconds
139.506: Application time: 0.0375950 seconds
139.506: [GC [PSYoungGen: 19560K->2272K(20480K)] 45925K->29661K(66560K), 0.0010070 secs] [Times: user=0.01 sys=0.00, real=0.00 secs] 
139.507: Total time for which application threads were stopped: 0.0011640 seconds, Stopping threads took: 0.0000930 seconds
139.533: Application time: 0.0257760 seconds
139.533: [GC [PSYoungGen: 19873K->2304K(20480K)] 47262K->33789K(66560K), 0.0017190 secs] [Times: user=0.01 sys=0.00, real=0.00 secs] 
139.535: Total time for which application threads were stopped: 0.0018730 seconds, Stopping threads took: 0.0000800 seconds
139.574: Application time: 0.0391790 seconds
139.574: [GC [PSYoungGen: 19534K->2304K(20480K)] 51020K->34813K(66560K), 0.0009820 secs] [Times: user=0.00 sys=0.00, real=0.00 secs] 
139.575: Total time for which application threads were stopped: 0.0011420 seconds, Stopping threads took: 0.0000930 seconds
139.600: Application time: 0.0253070 seconds
139.600: [GC [PSYoungGen: 20067K->2272K(20480K)] 52576K->38877K(66560K), 0.0018320 secs] [Times: user=0.01 sys=0.00, real=0.00 secs] 
139.602: Total time for which application threads were stopped: 0.0019830 seconds, Stopping threads took: 0.0000800 seconds
139.640: Application time: 0.0377950 seconds
139.640: [GC [PSYoungGen: 19322K->2304K(20480K)] 55927K->40957K(66560K), 0.0012420 secs] [Times: user=0.01 sys=0.00, real=0.00 secs] 
139.641: Total time for which application threads were stopped: 0.0013860 seconds, Stopping threads took: 0.0000770 seconds
139.668: Application time: 0.0267410 seconds
139.668: [GC [PSYoungGen: 19258K->2304K(20480K)] 57911K->45053K(66560K), 0.0017500 secs] [Times: user=0.01 sys=0.00, real=0.00 secs] 
139.670: [Full GC [PSYoungGen: 2304K->0K(20480K)] [ParOldGen: 42749K->9963K(46080K)] 45053K->9963K(66560K) [PSPermGen: 5528K->5528K(21504K)], 0.0057820 secs] [Times: user=0.03 sys=0.00, real=0.01 secs] 
139.676: Total time for which application threads were stopped: 0.0077360 seconds, Stopping threads took: 0.0000850 seconds
139.713: Application time: 0.0374880 seconds
139.714: [GC [PSYoungGen: 17920K->2304K(20480K)] 27883K->15339K(66560K), 0.0014170 secs] [Times: user=0.01 sys=0.00, real=0.00 secs] 
139.715: Total time for which application threads were stopped: 0.0015370 seconds, Stopping threads took: 0.0000550 seconds
139.743: Application time: 0.0283440 seconds
139.743: [GC [PSYoungGen: 19416K->2304K(20480K)] 32451K->19435K(66560K), 0.0017840 secs] [Times: user=0.01 sys=0.00, real=0.00 secs] 
139.745: Total time for which application threads were stopped: 0.0019240 seconds, Stopping threads took: 0.0000630 seconds
139.778: Application time: 0.0323200 seconds
139.778: [GC [PSYoungGen: 19218K->2384K(20480K)] 36349K->22587K(66560K), 0.0015170 secs] [Times: user=0.01 sys=0.00, real=0.01 secs] 
139.779: Total time for which application threads were stopped: 0.0016670 seconds, Stopping threads took: 0.0000790 seconds
139.810: Application time: 0.0310180 seconds
139.810: [GC [PSYoungGen: 20262K->2512K(20480K)] 40466K->26811K(66560K), 0.0018110 secs] [Times: user=0.01 sys=0.00, real=0.01 secs] 
139.812: Total time for which application threads were stopped: 0.0019520 seconds, Stopping threads took: 0.0000720 seconds
139.846: Application time: 0.0337430 seconds
139.846: [GC [PSYoungGen: 20157K->2528K(20480K)] 44456K->29907K(66560K), 0.0015360 secs] [Times: user=0.01 sys=0.00, real=0.00 secs] 
139.848: Total time for which application threads were stopped: 0.0016760 seconds, Stopping threads took: 0.0000660 seconds
139.877: Application time: 0.0297450 seconds
139.878: [GC [PSYoungGen: 19872K->2496K(20480K)] 47251K->34995K(66560K), 0.0021160 secs] [Times: user=0.01 sys=0.00, real=0.01 secs] 
139.880: Total time for which application threads were stopped: 0.0022620 seconds, Stopping threads took: 0.0000730 seconds
139.913: Application time: 0.0329360 seconds
139.913: [GC [PSYoungGen: 20029K->2528K(20480K)] 52528K->38099K(66560K), 0.0015050 secs] [Times: user=0.01 sys=0.00, real=0.00 secs] 
139.914: Total time for which application threads were stopped: 0.0016380 seconds, Stopping threads took: 0.0000650 seconds
139.947: Application time: 0.0331620 seconds
139.948: [GC [PSYoungGen: 19956K->2528K(20480K)] 55527K->42195K(66560K), 0.0018730 secs] [Times: user=0.01 sys=0.00, real=0.00 secs] 
139.949: Total time for which application threads were stopped: 0.0020230 seconds, Stopping threads took: 0.0000710 seconds
139.981: Application time: 0.0319410 seconds
139.982: [GC [PSYoungGen: 20234K->2464K(20480K)] 59901K->45203K(66560K), 0.0015730 secs] [Times: user=0.01 sys=0.00, real=0.00 secs] 
139.983: [Full GC [PSYoungGen: 2464K->0K(20480K)] [ParOldGen: 42739K->8961K(46080K)] 45203K->8961K(66560K) [PSPermGen: 5528K->5528K(21504K)], 0.0060910 secs] [Times: user=0.02 sys=0.00, real=0.00 secs] 
139.989: Total time for which application threads were stopped: 0.0078820 seconds, Stopping threads took: 0.0000890 seconds
140.022: Application time: 0.0329820 seconds
140.022: [GC [PSYoungGen: 17283K->2304K(20480K)] 26244K->14337K(66560K), 0.0014530 secs] [Times: user=0.00 sys=0.00, real=0.00 secs] 
140.024: Total time for which application threads were stopped: 0.0015910 seconds, Stopping threads took: 0.0000650 seconds
140.053: Application time: 0.0288510 seconds
140.053: [GC [PSYoungGen: 19849K->2272K(20480K)] 31882K->17377K(66560K), 0.0015150 secs] [Times: user=0.01 sys=0.00, real=0.00 secs] 
140.054: Total time for which application threads were stopped: 0.0016790 seconds, Stopping threads took: 0.0000950 seconds
140.090: Application time: 0.0353300 seconds
140.090: [GC [PSYoungGen: 19665K->2304K(20480K)] 34770K->20481K(66560K), 0.0014910 secs] [Times: user=0.00 sys=0.00, real=0.01 secs] 
140.091: Total time for which application threads were stopped: 0.0016320 seconds, Stopping threads took: 0.0000670 seconds
140.122: Application time: 0.0306090 seconds
140.122: [GC [PSYoungGen: 19964K->2272K(20480K)] 38141K->22497K(66560K), 0.0012170 secs] [Times: user=0.01 sys=0.00, real=0.00 secs] 
140.123: Total time for which application threads were stopped: 0.0013670 seconds, Stopping threads took: 0.0000800 seconds
140.157: Application time: 0.0335210 seconds
140.157: [GC [PSYoungGen: 19499K->2272K(20480K)] 39724K->25569K(66560K), 0.0015440 secs] [Times: user=0.01 sys=0.00, real=0.01 secs] 
140.159: Total time for which application threads were stopped: 0.0016780 seconds, Stopping threads took: 0.0000620 seconds
140.189: Application time: 0.0302070 seconds
140.189: [GC [PSYoungGen: 19992K->2304K(20480K)] 43289K->28673K(66560K), 0.0014060 secs] [Times: user=0.01 sys=0.00, real=0.00 secs] 
140.190: Total time for which application threads were stopped: 0.0015460 seconds, Stopping threads took: 0.0000690 seconds
140.225: Application time: 0.0349670 seconds
140.225: [GC [PSYoungGen: 19602K->2272K(20480K)] 45971K->30689K(66560K), 0.0012830 secs] [Times: user=0.01 sys=0.00, real=0.00 secs] 
140.227: Total time for which application threads were stopped: 0.0014420 seconds, Stopping threads took: 0.0000880 seconds
140.255: Application time: 0.0287870 seconds
140.256: [GC [PSYoungGen: 19920K->2304K(20480K)] 48338K->34817K(66560K), 0.0017180 secs] [Times: user=0.01 sys=0.00, real=0.00 secs] 
140.257: Total time for which application threads were stopped: 0.0018530 seconds, Stopping threads took: 0.0000610 seconds
140.294: Application time: 0.0364600 seconds
140.295: [GC [PSYoungGen: 19637K->2304K(20480K)] 52151K->36865K(66560K), 0.0011320 secs] [Times: user=0.00 sys=0.00, real=0.00 secs] 
140.296: Total time for which application threads were stopped: 0.0019250 seconds, Stopping threads took: 0.0007200 seconds
140.324: Application time: 0.0281480 seconds
140.324: [GC [PSYoungGen: 19995K->2304K(20480K)] 54557K->40961K(66560K), 0.0017300 secs] [Times: user=0.01 sys=0.00, real=0.00 secs] 
140.326: Total time for which application threads were stopped: 0.0019120 seconds, Stopping threads took: 0.0001090 seconds
140.359: Application time: 0.0332170 seconds
140.359: [GC [PSYoungGen: 19397K->2304K(20480K)] 58054K->44033K(66560K), 0.0015470 secs] [Times: user=0.01 sys=0.00, real=0.00 secs] 
140.361: [Full GC [PSYoungGen: 2304K->0K(20480K)] [ParOldGen: 41729K->8957K(46080K)] 44033K->8957K(66560K) [PSPermGen: 5528K->5528K(21504K)], 0.0059920 secs] [Times: user=0.02 sys=0.00, real=0.00 secs] 
140.367: Total time for which application threads were stopped: 0.0077170 seconds, Stopping threads took: 0.0000610 seconds
140.398: Application time: 0.0317800 seconds
140.399: [GC [PSYoungGen: 17920K->2304K(20480K)] 26877K->14333K(66560K), 0.0014710 secs] [Times: user=0.01 sys=0.00, real=0.00 secs] 
140.400: Total time for which application threads were stopped: 0.0015970 seconds, Stopping threads took: 0.0000610 seconds
140.433: Application time: 0.0330640 seconds
140.433: [GC [PSYoungGen: 19371K->2272K(20480K)] 31400K->17373K(66560K), 0.0015180 secs] [Times: user=0.00 sys=0.01, real=0.00 secs] 
140.435: Total time for which application threads were stopped: 0.0016890 seconds, Stopping threads took: 0.0001000 seconds
140.467: Application time: 0.0317500 seconds
140.467: [GC [PSYoungGen: 20192K->2272K(20480K)] 35293K->21469K(66560K), 0.0017260 secs] [Times: user=0.01 sys=0.00, real=0.00 secs] 
140.468: Total time for which application threads were stopped: 0.0018540 seconds, Stopping threads took: 0.0000570 seconds
140.505: Application time: 0.0361480 seconds
140.505: [GC [PSYoungGen: 20190K->2448K(20480K)] 39387K->22669K(66560K), 0.0010220 secs] [Times: user=0.01 sys=0.00, real=0.00 secs] 
140.506: Total time for which application threads were stopped: 0.0011680 seconds, Stopping threads took: 0.0000690 seconds
140.532: Application time: 0.0263370 seconds
140.532: [GC [PSYoungGen: 20251K->2528K(20480K)] 40472K->26845K(66560K), 0.0018180 secs] [Times: user=0.01 sys=0.00, real=0.00 secs] 
140.534: Total time for which application threads were stopped: 0.0019710 seconds, Stopping threads took: 0.0000780 seconds
140.571: Application time: 0.0368580 seconds
140.571: [GC [PSYoungGen: 19790K->2528K(20480K)] 44107K->29917K(66560K), 0.0014530 secs] [Times: user=0.01 sys=0.00, real=0.00 secs] 
140.573: Total time for which application threads were stopped: 0.0015820 seconds, Stopping threads took: 0.0000590 seconds
140.600: Application time: 0.0277120 seconds
140.600: [GC [PSYoungGen: 20279K->2544K(20480K)] 47669K->34029K(66560K), 0.0017660 secs] [Times: user=0.01 sys=0.00, real=0.00 secs] 
140.602: Total time for which application threads were stopped: 0.0019110 seconds, Stopping threads took: 0.0000740 seconds
140.635: Application time: 0.0326280 seconds
140.635: [GC [PSYoungGen: 20459K->2448K(20480K)] 51944K->37005K(66560K), 0.0017300 secs] [Times: user=0.01 sys=0.00, real=0.00 secs] 
140.637: Total time for which application threads were stopped: 0.0018660 seconds, Stopping threads took: 0.0000660 seconds
140.667: Application time: 0.0305560 seconds
140.667: [GC [PSYoungGen: 19477K->2512K(20480K)] 54035K->41165K(66560K), 0.0017890 secs] [Times: user=0.02 sys=0.00, real=0.00 secs] 
140.669: Total time for which application threads were stopped: 0.0019390 seconds, Stopping threads took: 0.0000800 seconds
140.703: Application time: 0.0341680 seconds
140.703: [GC [PSYoungGen: 20432K->2480K(20480K)] 59085K->45229K(66560K), 0.0018960 secs] [Times: user=0.01 sys=0.00, real=0.00 secs] 
140.705: [Full GC [PSYoungGen: 2480K->0K(20480K)] [ParOldGen: 42749K->9969K(46080K)] 45229K->9969K(66560K) [PSPermGen: 5528K->5528K(21504K)], 0.0067140 secs] [Times: user=0.03 sys=0.00, real=0.01 secs] 
140.712: Total time for which application threads were stopped: 0.0088130 seconds, Stopping threads took: 0.0000840 seconds
140.743: Application time: 0.0312950 seconds
140.744: [GC [PSYoungGen: 17141K->2304K(20480K)] 27110K->15345K(66560K), 0.0014060 secs] [Times: user=0.01 sys=0.00, real=0.00 secs] 
140.745: Total time for which application threads were stopped: 0.0015480 seconds, Stopping threads took: 0.0000660 seconds
140.779: Application time: 0.0339970 seconds
140.779: [GC [PSYoungGen: 20194K->2304K(20480K)] 33236K->18417K(66560K), 0.0014790 secs] [Times: user=0.01 sys=0.00, real=0.00 secs] 
140.781: Total time for which application threads were stopped: 0.0016180 seconds, Stopping threads took: 0.0000700 seconds
140.811: Application time: 0.0303300 seconds
140.811: [GC [PSYoungGen: 19450K->2304K(20480K)] 35564K->23537K(66560K), 0.0020230 secs] [Times: user=0.01 sys=0.00, real=0.00 secs] 
140.813: Total time for which application threads were stopped: 0.0021760 seconds, Stopping threads took: 0.0000780 seconds
140.848: Application time: 0.0352820 seconds
140.849: [GC [PSYoungGen: 20195K->2304K(20480K)] 41429K->26609K(66560K), 0.0014520 secs] [Times: user=0.00 sys=0.00, real=0.00 secs] 
140.850: Total time for which application threads were stopped: 0.0016000 seconds, Stopping threads took: 0.0000760 seconds
140.880: Application time: 0.0302080 seconds
140.880: [GC [PSYoungGen: 19466K->2304K(20480K)] 43772K->30706K(66560K), 0.0017210 secs] [Times: user=0.01 sys=0.00, real=0.00 secs] 
140.882: Total time for which application threads were stopped: 0.0018690 seconds, Stopping threads took: 0.0000760 seconds
140.913: Application time: 0.0311970 seconds
140.913: [GC [PSYoungGen: 20029K->2304K(20480K)] 48431K->35826K(66560K), 0.0020560 secs] [Times: user=0.02 sys=0.00, real=0.00 secs] 
140.915: Total time for which application threads were stopped: 0.0022030 seconds, Stopping threads took: 0.0000690 seconds
140.951: Application time: 0.0350440 seconds
140.951: [GC [PSYoungGen: 19595K->2272K(20480K)] 53118K->39890K(66560K), 0.0017450 secs] [Times: user=0.01 sys=0.00, real=0.00 secs] 
140.952: Total time for which application threads were stopped: 0.0018910 seconds, Stopping threads took: 0.0000740 seconds
140.982: Application time: 0.0297940 seconds
140.982: [GC [PSYoungGen: 20012K->2240K(20480K)] 57630K->43954K(66560K), 0.0018630 secs] [Times: user=0.01 sys=0.00, real=0.00 secs] 
140.984: [Full GC [PSYoungGen: 2240K->0K(20480K)] [ParOldGen: 41714K->9969K(46080K)] 43954K->9969K(66560K) [PSPermGen: 5528K->5528K(21504K)], 0.0059950 secs] [Times: user=0.02 sys=0.00, real=0.00 secs] 
140.990: Total time for which application threads were stopped: 0.0080580 seconds, Stopping threads took: 0.0000810 seconds
141.025: Application time: 0.0343750 seconds
141.025: [GC [PSYoungGen: 17260K->2304K(20480K)] 27229K->16369K(66560K), 0.0017750 secs] [Times: user=0.01 sys=0.00, real=0.00 secs] 
141.027: Total time for which application threads were stopped: 0.0019270 seconds, Stopping threads took: 0.0000630 seconds
141.057: Application time: 0.0302740 seconds
141.057: [GC [PSYoungGen: 20062K->2304K(20480K)] 34128K->20465K(66560K), 0.0017030 secs] [Times: user=0.01 sys=0.00, real=0.01 secs] 
141.059: Total time for which application threads were stopped: 0.0018460 seconds, Stopping threads took: 0.0000700 seconds
141.093: Application time: 0.0341300 seconds
141.093: [GC [PSYoungGen: 19442K->2272K(20480K)] 37603K->23505K(66560K), 0.0016370 secs] [Times: user=0.01 sys=0.00, real=0.00 secs] 
141.095: Total time for which application threads were stopped: 0.0017840 seconds, Stopping threads took: 0.0000750 seconds
141.122: Application time: 0.0272540 seconds
141.123: [GC [PSYoungGen: 20022K->2304K(20480K)] 41256K->27633K(66560K), 0.0017830 secs] [Times: user=0.01 sys=0.00, real=0.00 secs] 
141.124: Total time for which application threads were stopped: 0.0024950 seconds, Stopping threads took: 0.0006330 seconds
141.162: Application time: 0.0380980 seconds
141.163: [GC [PSYoungGen: 19530K->2304K(20480K)] 44859K->30705K(66560K), 0.0015940 secs] [Times: user=0.01 sys=0.00, real=0.00 secs] 
141.164: Total time for which application threads were stopped: 0.0017630 seconds, Stopping threads took: 0.0001010 seconds
141.191: Application time: 0.0270830 seconds
141.191: [GC [PSYoungGen: 20224K->2320K(20480K)] 48625K->33793K(66560K), 0.0015260 secs] [Times: user=0.01 sys=0.00, real=0.00 secs] 
141.193: Total time for which application threads were stopped: 0.0016680 seconds, Stopping threads took: 0.0000720 seconds
141.233: Application time: 0.0396060 seconds
141.233: [GC [PSYoungGen: 20228K->2528K(20480K)] 51702K->36049K(66560K), 0.0012820 secs] [Times: user=0.01 sys=0.00, real=0.00 secs] 
141.234: Total time for which application threads were stopped: 0.0014400 seconds, Stopping threads took: 0.0000880 seconds
141.260: Application time: 0.0257960 seconds
141.260: [GC [PSYoungGen: 20319K->2544K(20480K)] 53841K->40161K(66560K), 0.0018240 secs] [Times: user=0.02 sys=0.00, real=0.00 secs] 
141.262: Total time for which application threads were stopped: 0.0020480 seconds, Stopping threads took: 0.0001490 seconds
141.297: Application time: 0.0351270 seconds
141.297: [GC [PSYoungGen: 19612K->2480K(20480K)] 57230K->43170K(66560K), 0.0015910 secs] [Times: user=0.00 sys=0.01, real=0.01 secs] 
141.299: [Full GC [PSYoungGen: 2480K->0K(20480K)] [ParOldGen: 40689K->8944K(46080K)] 43170K->8944K(66560K) [PSPermGen: 5528K->5528K(21504K)], 0.0061290 secs] [Times: user=0.02 sys=0.00, real=0.00 secs] 
141.305: Total time for which application threads were stopped: 0.0079040 seconds, Stopping threads took: 0.0000640 seconds
141.335: Application time: 0.0300890 seconds
141.335: [GC [PSYoungGen: 16940K->2304K(20480K)] 25884K->14320K(66560K), 0.0014590 secs] [Times: user=0.01 sys=0.00, real=0.00 secs] 
141.337: Total time for which application threads were stopped: 0.0016090 seconds, Stopping threads took: 0.0000800 seconds
141.371: Application time: 0.0342680 seconds
141.371: [GC [PSYoungGen: 19312K->2272K(20480K)] 31328K->17360K(66560K), 0.0014240 secs] [Times: user=0.01 sys=0.00, real=0.00 secs] 
141.372: Total time for which application threads were stopped: 0.0015640 seconds, Stopping threads took: 0.0000700 seconds
141.399: Application time: 0.0263280 seconds
141.399: [GC [PSYoungGen: 19182K->2304K(20480K)] 34271K->22512K(66560K), 0.0020560 secs] [Times: user=0.02 sys=0.00, real=0.00 secs] 
141.401: Total time for which application threads were stopped: 0.0021970 seconds, Stopping threads took: 0.0000620 seconds
141.438: Application time: 0.0369100 seconds
141.438: [GC [PSYoungGen: 20224K->2304K(20480K)] 40432K->24560K(66560K), 0.0011820 secs] [Times: user=0.01 sys=0.00, real=0.01 secs] 
141.439: Total time for which application threads were stopped: 0.0013140 seconds, Stopping threads took: 0.0000610 seconds
141.467: Application time: 0.0277730 seconds
141.467: [GC [PSYoungGen: 19403K->2272K(20480K)] 41660K->28624K(66560K), 0.0017350 secs] [Times: user=0.01 sys=0.00, real=0.00 secs] 
141.469: Total time for which application threads were stopped: 0.0018790 seconds, Stopping threads took: 0.0000710 seconds
141.504: Application time: 0.0346200 seconds
141.504: [GC [PSYoungGen: 19883K->2304K(20480K)] 46235K->30704K(66560K), 0.0012110 secs] [Times: user=0.01 sys=0.00, real=0.00 secs] 
141.505: Total time for which application threads were stopped: 0.0013560 seconds, Stopping threads took: 0.0000750 seconds
141.536: Application time: 0.0313990 seconds
141.536: [GC [PSYoungGen: 19747K->2320K(20480K)] 48148K->33792K(66560K), 0.0014630 secs] [Times: user=0.01 sys=0.00, real=0.00 secs] 
141.538: Total time for which application threads were stopped: 0.0016200 seconds, Stopping threads took: 0.0000750 seconds
141.571: Application time: 0.0330920 seconds
141.571: [GC [PSYoungGen: 19836K->2304K(20480K)] 51309K->35824K(66560K), 0.0011910 secs] [Times: user=0.01 sys=0.00, real=0.00 secs] 
141.572: Total time for which application threads were stopped: 0.0013190 seconds, Stopping threads took: 0.0000630 seconds
141.602: Application time: 0.0301660 seconds
141.603: [GC [PSYoungGen: 19666K->2272K(20480K)] 53187K->38864K(66560K), 0.0015090 secs] [Times: user=0.01 sys=0.00, real=0.00 secs] 
141.604: Total time for which application threads were stopped: 0.0016670 seconds, Stopping threads took: 0.0000870 seconds
141.639: Application time: 0.0348310 seconds
141.639: [GC [PSYoungGen: 19882K->2272K(20480K)] 56475K->40912K(66560K), 0.0011920 secs] [Times: user=0.01 sys=0.00, real=0.00 secs] 
141.640: Total time for which application threads were stopped: 0.0013400 seconds, Stopping threads took: 0.0000790 seconds
141.669: Application time: 0.0284770 seconds
141.669: [GC [PSYoungGen: 19429K->2304K(20480K)] 58070K->44016K(66560K), 0.0014830 secs] [Times: user=0.01 sys=0.00, real=0.00 secs] 
141.670: [Full GC [PSYoungGen: 2304K->0K(20480K)] [ParOldGen: 41712K->8943K(46080K)] 44016K->8943K(66560K) [PSPermGen: 5528K->5528K(21504K)], 0.0058010 secs] [Times: user=0.02 sys=0.00, real=0.01 secs] 
141.676: Total time for which application threads were stopped: 0.0074850 seconds, Stopping threads took: 0.0000840 seconds
141.710: Application time: 0.0335010 seconds
141.710: [GC [PSYoungGen: 17685K->2304K(20480K)] 26628K->13295K(66560K), 0.0012680 secs] [Times: user=0.00 sys=0.00, real=0.01 secs] 
141.711: Total time for which application threads were stopped: 0.0014190 seconds, Stopping threads took: 0.0000790 seconds
141.744: Application time: 0.0326710 seconds
141.744: [GC [PSYoungGen: 19595K->2304K(20480K)] 30586K->15343K(66560K), 0.0012230 secs] [Times: user=0.01 sys=0.00, real=0.00 secs] 
141.745: Total time for which application threads were stopped: 0.0013770 seconds, Stopping threads took: 0.0000850 seconds
141.778: Application time: 0.0325760 seconds
141.778: [GC [PSYoungGen: 20057K->2304K(20480K)] 33097K->18415K(66560K), 0.0014250 secs] [Times: user=0.01 sys=0.00, real=0.01 secs] 
141.779: Total time for which application threads were stopped: 0.0015660 seconds, Stopping threads took: 0.0000700 seconds
141.813: Application time: 0.0332610 seconds
141.813: [GC [PSYoungGen: 19571K->2320K(20480K)] 35682K->20479K(66560K), 0.0012060 secs] [Times: user=0.00 sys=0.00, real=0.00 secs] 
141.814: Total time for which application threads were stopped: 0.0013350 seconds, Stopping threads took: 0.0000600 seconds
141.847: Application time: 0.0330610 seconds
141.847: [GC [PSYoungGen: 20118K->2272K(20480K)] 38278K->21455K(66560K), 0.0009010 secs] [Times: user=0.01 sys=0.00, real=0.00 secs] 
141.848: Total time for which application threads were stopped: 0.0010440 seconds, Stopping threads took: 0.0000770 seconds
141.880: Application time: 0.0315670 seconds
141.880: [GC [PSYoungGen: 19483K->2304K(20480K)] 38666K->25583K(66560K), 0.0017040 secs] [Times: user=0.01 sys=0.00, real=0.00 secs] 
141.882: Total time for which application threads were stopped: 0.0018660 seconds, Stopping threads took: 0.0000840 seconds
141.911: Application time: 0.0289480 seconds
141.911: [GC [PSYoungGen: 20224K->2384K(20480K)] 43503K->30783K(66560K), 0.0021120 secs] [Times: user=0.02 sys=0.00, real=0.00 secs] 
141.913: Total time for which application threads were stopped: 0.0022460 seconds, Stopping threads took: 0.0000630 seconds
141.947: Application time: 0.0345770 seconds
141.947: [GC [PSYoungGen: 20162K->2528K(20480K)] 48561K->35023K(66560K), 0.0017680 secs] [Times: user=0.01 sys=0.00, real=0.00 secs] 
141.949: Total time for which application threads were stopped: 0.0019300 seconds, Stopping threads took: 0.0000910 seconds
141.981: Application time: 0.0312560 seconds
141.981: [GC [PSYoungGen: 20418K->2432K(20480K)] 52913K->39023K(66560K), 0.0018420 secs] [Times: user=0.01 sys=0.00, real=0.00 secs] 
141.983: Total time for which application threads were stopped: 0.0019890 seconds, Stopping threads took: 0.0000720 seconds
142.014: Application time: 0.0314560 seconds
142.014: [GC [PSYoungGen: 19475K->2544K(20480K)] 56067K->43231K(66560K), 0.0018690 secs] [Times: user=0.01 sys=0.00, real=0.00 secs] 
142.016: [Full GC [PSYoungGen: 2544K->0K(20480K)] [ParOldGen: 40687K->9966K(46080K)] 43231K->9966K(66560K) [PSPermGen: 5528K->5528K(21504K)], 0.0062360 secs] [Times: user=0.03 sys=0.00, real=0.01 secs] 
142.022: Total time for which application threads were stopped: 0.0082900 seconds, Stopping threads took: 0.0000660 seconds
142.055: Application time: 0.0323810 seconds
142.055: [GC [PSYoungGen: 16940K->2320K(20480K)] 26907K->15359K(66560K), 0.0014700 secs] [Times: user=0.01 sys=0.00, real=0.00 secs] 
142.056: Total time for which application threads were stopped: 0.0016300 seconds, Stopping threads took: 0.0000800 seconds
142.086: Application time: 0.0300460 seconds
142.086: [GC [PSYoungGen: 19273K->2304K(20480K)] 32312K->19439K(66560K), 0.0017940 secs] [Times: user=0.00 sys=0.01, real=0.00 secs] 
142.088: Total time for which application threads were stopped: 0.0019500 seconds, Stopping threads took: 0.0000820 seconds
142.121: Application time: 0.0326800 seconds
142.121: [GC [PSYoungGen: 20224K->2304K(20480K)] 37359K->24559K(66560K), 0.0019790 secs] [Times: user=0.01 sys=0.00, real=0.00 secs] 
142.123: Total time for which application threads were stopped: 0.0021310 seconds, Stopping threads took: 0.0000710 seconds
142.155: Application time: 0.0315410 seconds
142.155: [GC [PSYoungGen: 19363K->2272K(20480K)] 41618K->28623K(66560K), 0.0017980 secs] [Times: user=0.01 sys=0.00, real=0.00 secs] 
142.157: Total time for which application threads were stopped: 0.0019620 seconds, Stopping threads took: 0.0000920 seconds
142.187: Application time: 0.0306090 seconds
142.187: [GC [PSYoungGen: 20143K->2304K(20480K)] 46494K->32751K(66560K), 0.0017310 secs] [Times: user=0.01 sys=0.00, real=0.00 secs] 
142.189: Total time for which application threads were stopped: 0.0018780 seconds, Stopping threads took: 0.0000710 seconds
142.222: Application time: 0.0329070 seconds
142.222: [GC [PSYoungGen: 19396K->2304K(20480K)] 49844K->36847K(66560K), 0.0018210 secs] [Times: user=0.01 sys=0.00, real=0.00 secs] 
142.224: Total time for which application threads were stopped: 0.0020380 seconds, Stopping threads took: 0.0001410 seconds
142.256: Application time: 0.0319920 seconds
142.256: [GC [PSYoungGen: 20204K->2304K(20480K)] 54747K->40943K(66560K), 0.0017560 secs] [Times: user=0.01 sys=0.00, real=0.00 secs] 
142.258: Total time for which application threads were stopped: 0.0019170 seconds, Stopping threads took: 0.0000860 seconds
142.292: Application time: 0.0341010 seconds
142.292: [GC [PSYoungGen: 19457K->2240K(20480K)] 58097K->44975K(66560K), 0.0018010 secs] [Times: user=0.01 sys=0.00, real=0.00 secs] 
142.294: [Full GC [PSYoungGen: 2240K->0K(20480K)] [ParOldGen: 42735K->9963K(46080K)] 44975K->9963K(66560K) [PSPermGen: 5528K->5528K(21504K)], 0.0061740 secs] [Times: user=0.02 sys=0.00, real=0.01 secs] 
142.300: Total time for which application threads were stopped: 0.0081920 seconds, Stopping threads took: 0.0000950 seconds
142.332: Application time: 0.0317440 seconds
142.335: [GC [PSYoungGen: 17908K->2304K(20480K)] 27871K->15339K(66560K), 0.0015460 secs] [Times: user=0.01 sys=0.00, real=0.00 secs] 
142.336: Total time for which application threads were stopped: 0.0041250 seconds, Stopping threads took: 0.0025050 seconds
142.370: Application time: 0.0337770 seconds
142.370: [GC [PSYoungGen: 19440K->2304K(20480K)] 32475K->18411K(66560K), 0.0014810 secs] [Times: user=0.01 sys=0.00, real=0.01 secs] 
142.372: Total time for which application threads were stopped: 0.0016280 seconds, Stopping threads took: 0.0000720 seconds
142.403: Application time: 0.0310270 seconds
142.403: [GC [PSYoungGen: 20169K->2304K(20480K)] 36277K->21483K(66560K), 0.0015110 secs] [Times: user=0.01 sys=0.00, real=0.00 secs] 
142.404: Total time for which application threads were stopped: 0.0016540 seconds, Stopping threads took: 0.0000720 seconds
142.439: Application time: 0.0346960 seconds
142.439: [GC [PSYoungGen: 19441K->2304K(20480K)] 38620K->24555K(66560K), 0.0014970 secs] [Times: user=0.01 sys=0.00, real=0.00 secs] 
142.441: Total time for which application threads were stopped: 0.0016420 seconds, Stopping threads took: 0.0000720 seconds
142.471: Application time: 0.0299570 seconds
142.471: [GC [PSYoungGen: 20169K->2272K(20480K)] 42420K->27595K(66560K), 0.0016040 secs] [Times: user=0.00 sys=0.00, real=0.00 secs] 
142.472: Total time for which application threads were stopped: 0.0017590 seconds, Stopping threads took: 0.0000830 seconds
142.506: Application time: 0.0340930 seconds
142.506: [GC [PSYoungGen: 19187K->2272K(20480K)] 44510K->29643K(66560K), 0.0011830 secs] [Times: user=0.00 sys=0.00, real=0.00 secs] 
142.508: Total time for which application threads were stopped: 0.0013230 seconds, Stopping threads took: 0.0000680 seconds
142.539: Application time: 0.0312970 seconds
142.539: [GC [PSYoungGen: 19318K->2304K(20480K)] 46689K->32747K(66560K), 0.0014340 secs] [Times: user=0.01 sys=0.00, real=0.00 secs] 
142.541: Total time for which application threads were stopped: 0.0015780 seconds, Stopping threads took: 0.0000740 seconds
142.574: Application time: 0.0333830 seconds
142.574: [GC [PSYoungGen: 20200K->2240K(20480K)] 50643K->33707K(66560K), 0.0009190 secs] [Times: user=0.00 sys=0.00, real=0.00 secs] 
142.575: Total time for which application threads were stopped: 0.0010560 seconds, Stopping threads took: 0.0000580 seconds
142.602: Application time: 0.0273550 seconds
142.603: [GC [PSYoungGen: 19140K->2304K(20480K)] 50607K->37867K(66560K), 0.0017360 secs] [Times: user=0.01 sys=0.00, real=0.00 secs] 
142.604: Total time for which application threads were stopped: 0.0019060 seconds, Stopping threads took: 0.0000930 seconds
142.637: Application time: 0.0323140 seconds
142.637: [GC [PSYoungGen: 19581K->2400K(20480K)] 55144K->40011K(66560K), 0.0012700 secs] [Times: user=0.01 sys=0.00, real=0.00 secs] 
142.638: Total time for which application threads were stopped: 0.0014190 seconds, Stopping threads took: 0.0000790 seconds
142.668: Application time: 0.0303490 seconds
142.668: [GC [PSYoungGen: 19674K->2480K(20480K)] 57286K->43163K(66560K), 0.0015300 secs] [Times: user=0.01 sys=0.00, real=0.00 secs] 
142.670: Total time for which application threads were stopped: 0.0016660 seconds, Stopping threads took: 0.0000610 seconds
142.703: Application time: 0.0325150 seconds
142.703: [GC [PSYoungGen: 20400K->2512K(20480K)] 61083K->47291K(66560K), 0.0018540 secs] [Times: user=0.01 sys=0.00, real=0.00 secs] 
142.705: [Full GC [PSYoungGen: 2512K->0K(20480K)] [ParOldGen: 44779K->9971K(46080K)] 47291K->9971K(66560K) [PSPermGen: 5528K->5528K(21504K)], 0.0065080 secs] [Times: user=0.03 sys=0.00, real=0.01 secs] 
142.711: Total time for which application threads were stopped: 0.0085630 seconds, Stopping threads took: 0.0000790 seconds
142.745: Application time: 0.0336910 seconds
142.745: [GC [PSYoungGen: 17307K->2304K(20480K)] 27278K->15347K(66560K), 0.0014630 secs] [Times: user=0.01 sys=0.00, real=0.00 secs] 
142.746: Total time for which application threads were stopped: 0.0016150 seconds, Stopping threads took: 0.0000830 seconds
142.777: Application time: 0.0301130 seconds
142.777: [GC [PSYoungGen: 19947K->2304K(20480K)] 32990K->20467K(66560K), 0.0020780 secs] [Times: user=0.01 sys=0.00, real=0.01 secs] 
142.779: Total time for which application threads were stopped: 0.0022290 seconds, Stopping threads took: 0.0000790 seconds
142.813: Application time: 0.0338900 seconds
142.813: [GC [PSYoungGen: 19631K->2272K(20480K)] 37794K->23507K(66560K), 0.0014680 secs] [Times: user=0.01 sys=0.00, real=0.00 secs] 
142.814: Total time for which application threads were stopped: 0.0016050 seconds, Stopping threads took: 0.0000660 seconds
142.846: Application time: 0.0317440 seconds
142.846: [GC [PSYoungGen: 20011K->2304K(20480K)] 41246K->28659K(66560K), 0.0019880 secs] [Times: user=0.01 sys=0.00, real=0.00 secs] 
142.848: Total time for which application threads were stopped: 0.0021340 seconds, Stopping threads took: 0.0000700 seconds
142.881: Application time: 0.0329970 seconds
142.881: [GC [PSYoungGen: 19535K->2208K(20480K)] 45890K->31635K(66560K), 0.0014570 secs] [Times: user=0.00 sys=0.00, real=0.00 secs] 
142.883: Total time for which application threads were stopped: 0.0015880 seconds, Stopping threads took: 0.0000610 seconds
142.914: Application time: 0.0314570 seconds
142.914: [GC [PSYoungGen: 19989K->2304K(20480K)] 49416K->35827K(66560K), 0.0017140 secs] [Times: user=0.01 sys=0.00, real=0.00 secs] 
142.916: Total time for which application threads were stopped: 0.0018580 seconds, Stopping threads took: 0.0000670 seconds
142.946: Application time: 0.0300990 seconds
142.946: [GC [PSYoungGen: 19359K->2304K(20480K)] 52883K->39923K(66560K), 0.0018660 secs] [Times: user=0.01 sys=0.00, real=0.00 secs] 
142.948: Total time for which application threads were stopped: 0.0020120 seconds, Stopping threads took: 0.0000690 seconds
142.979: Application time: 0.0312720 seconds
142.980: [GC [PSYoungGen: 20132K->2304K(20480K)] 57752K->44019K(66560K), 0.0017870 secs] [Times: user=0.01 sys=0.00, real=0.00 secs] 
142.981: [Full GC [PSYoungGen: 2304K->0K(20480K)] [ParOldGen: 41715K->9984K(46080K)] 44019K->9984K(66560K) [PSPermGen: 5528K->5528K(21504K)], 0.0058690 secs] [Times: user=0.03 sys=0.00, real=0.00 secs] 
142.987: Total time for which application threads were stopped: 0.0078520 seconds, Stopping threads took: 0.0000760 seconds
143.022: Application time: 0.0343460 seconds
143.022: [GC [PSYoungGen: 17222K->2304K(20480K)] 27206K->16384K(66560K), 0.0017920 secs] [Times: user=0.01 sys=0.00, real=0.00 secs] 
143.024: Total time for which application threads were stopped: 0.0019400 seconds, Stopping threads took: 0.0000680 seconds
143.055: Application time: 0.0311810 seconds
143.055: [GC [PSYoungGen: 20129K->2304K(20480K)] 34209K->19456K(66560K), 0.0014880 secs] [Times: user=0.01 sys=0.00, real=0.00 secs] 
143.056: Total time for which application threads were stopped: 0.0016200 seconds, Stopping threads took: 0.0000620 seconds
143.090: Application time: 0.0339180 seconds
143.090: [GC [PSYoungGen: 19526K->2304K(20480K)] 36678K->23552K(66560K), 0.0017560 secs] [Times: user=0.00 sys=0.00, real=0.01 secs] 
143.092: Total time for which application threads were stopped: 0.0019060 seconds, Stopping threads took: 0.0000700 seconds
143.124: Application time: 0.0316590 seconds
143.124: [GC [PSYoungGen: 20073K->2304K(20480K)] 41322K->25600K(66560K), 0.0011830 secs] [Times: user=0.00 sys=0.00, real=0.00 secs] 
143.125: Total time for which application threads were stopped: 0.0013440 seconds, Stopping threads took: 0.0000940 seconds
143.159: Application time: 0.0333530 seconds
143.159: [GC [PSYoungGen: 19538K->2304K(20480K)] 42835K->28672K(66560K), 0.0014520 secs] [Times: user=0.01 sys=0.00, real=0.00 secs] 
143.160: Total time for which application threads were stopped: 0.0015810 seconds, Stopping threads took: 0.0000570 seconds
143.189: Application time: 0.0285370 seconds
143.189: [GC [PSYoungGen: 19969K->2272K(20480K)] 46338K->31712K(66560K), 0.0015020 secs] [Times: user=0.01 sys=0.00, real=0.00 secs] 
143.190: Total time for which application threads were stopped: 0.0016500 seconds, Stopping threads took: 0.0000780 seconds
143.226: Application time: 0.0359420 seconds
143.226: [GC [PSYoungGen: 19557K->2272K(20480K)] 48998K->35808K(66560K), 0.0017540 secs] [Times: user=0.00 sys=0.00, real=0.00 secs] 
143.228: Total time for which application threads were stopped: 0.0018910 seconds, Stopping threads took: 0.0000660 seconds
143.258: Application time: 0.0295630 seconds
143.258: [GC [PSYoungGen: 20024K->2304K(20480K)] 53561K->37888K(66560K), 0.0012030 secs] [Times: user=0.01 sys=0.00, real=0.01 secs] 
143.259: Total time for which application threads were stopped: 0.0013530 seconds, Stopping threads took: 0.0000810 seconds
143.293: Application time: 0.0339730 seconds
143.293: [GC [PSYoungGen: 19549K->2304K(20480K)] 55134K->41984K(66560K), 0.0017810 secs] [Times: user=0.01 sys=0.00, real=0.00 secs] 
143.295: Total time for which application threads were stopped: 0.0019290 seconds, Stopping threads took: 0.0000740 seconds
143.326: Application time: 0.0313790 seconds
143.327: [GC [PSYoungGen: 20118K->2304K(20480K)] 59799K->44032K(66560K), 0.0012610 secs] [Times: user=0.01 sys=0.00, real=0.00 secs] 
143.328: [Full GC [PSYoungGen: 2304K->0K(20480K)] [ParOldGen: 41728K->7938K(46080K)] 44032K->7938K(66560K) [PSPermGen: 5528K->5528K(21504K)], 0.0058070 secs] [Times: user=0.02 sys=0.00, real=0.01 secs] 
143.334: Total time for which application threads were stopped: 0.0072830 seconds, Stopping threads took: 0.0001030 seconds
143.369: Application time: 0.0349620 seconds
143.369: [GC [PSYoungGen: 17846K->2432K(20480K)] 25784K->14466K(66560K), 0.0019070 secs] [Times: user=0.01 sys=0.00, real=0.01 secs] 
143.371: Total time for which application threads were stopped: 0.0020490 seconds, Stopping threads took: 0.0000640 seconds
143.400: Application time: 0.0296170 seconds
143.400: [GC [PSYoungGen: 20341K->2480K(20480K)] 32375K->19634K(66560K), 0.0020390 secs] [Times: user=0.02 sys=0.00, real=0.00 secs] 
143.403: Total time for which application threads were stopped: 0.0022250 seconds, Stopping threads took: 0.0001080 seconds
143.439: Application time: 0.0365830 seconds
143.439: [GC [PSYoungGen: 19851K->2464K(20480K)] 37005K->22690K(66560K), 0.0014920 secs] [Times: user=0.01 sys=0.00, real=0.00 secs] 
143.441: Total time for which application threads were stopped: 0.0016440 seconds, Stopping threads took: 0.0000820 seconds
143.469: Application time: 0.0283310 seconds
143.469: [GC [PSYoungGen: 20124K->2480K(20480K)] 40351K->26802K(66560K), 0.0018180 secs] [Times: user=0.01 sys=0.00, real=0.01 secs] 
143.471: Total time for which application threads were stopped: 0.0019610 seconds, Stopping threads took: 0.0000690 seconds
143.508: Application time: 0.0372360 seconds
143.508: [GC [PSYoungGen: 19848K->2480K(20480K)] 44170K->28850K(66560K), 0.0011870 secs] [Times: user=0.00 sys=0.00, real=0.00 secs] 
143.510: Total time for which application threads were stopped: 0.0013280 seconds, Stopping threads took: 0.0000730 seconds
143.535: Application time: 0.0253200 seconds
143.535: [GC [PSYoungGen: 20045K->2480K(20480K)] 46415K->32946K(66560K), 0.0017590 secs] [Times: user=0.01 sys=0.00, real=0.00 secs] 
143.537: Total time for which application threads were stopped: 0.0018980 seconds, Stopping threads took: 0.0000620 seconds
143.572: Application time: 0.0350150 seconds
143.572: [GC [PSYoungGen: 20400K->2496K(20480K)] 50866K->35010K(66560K), 0.0012670 secs] [Times: user=0.01 sys=0.00, real=0.00 secs] 
143.573: Total time for which application threads were stopped: 0.0014100 seconds, Stopping threads took: 0.0000730 seconds
143.603: Application time: 0.0297660 seconds
143.603: [GC [PSYoungGen: 19598K->2464K(20480K)] 52113K->39074K(66560K), 0.0018040 secs] [Times: user=0.02 sys=0.00, real=0.00 secs] 
143.605: Total time for which application threads were stopped: 0.0019630 seconds, Stopping threads took: 0.0000780 seconds
143.639: Application time: 0.0339120 seconds
143.643: [GC [PSYoungGen: 20205K->2464K(20480K)] 56816K->40098K(66560K), 0.0010280 secs] [Times: user=0.00 sys=0.00, real=0.00 secs] 
143.644: Total time for which application threads were stopped: 0.0047060 seconds, Stopping threads took: 0.0036100 seconds
143.676: Application time: 0.0322690 seconds
143.676: [GC [PSYoungGen: 19777K->2480K(20480K)] 57411K->44210K(66560K), 0.0018430 secs] [Times: user=0.01 sys=0.00, real=0.00 secs] 
143.678: [Full GC [PSYoungGen: 2480K->0K(20480K)] [ParOldGen: 41730K->9967K(46080K)] 44210K->9967K(66560K) [PSPermGen: 5528K->5528K(21504K)], 0.0059370 secs] [Times: user=0.03 sys=0.00, real=0.01 secs] 
143.684: Total time for which application threads were stopped: 0.0079750 seconds, Stopping threads took: 0.0000670 seconds
143.718: Application time: 0.0339220 seconds
143.718: [GC [PSYoungGen: 17584K->2304K(20480K)] 27551K->14319K(66560K), 0.0011610 secs] [Times: user=0.00 sys=0.00, real=0.01 secs] 
143.719: Total time for which application threads were stopped: 0.0013130 seconds, Stopping threads took: 0.0000800 seconds
143.751: Application time: 0.0322480 seconds
143.751: [GC [PSYoungGen: 19783K->2304K(20480K)] 31798K->18415K(66560K), 0.0017250 secs] [Times: user=0.01 sys=0.00, real=0.00 secs] 
143.753: Total time for which application threads were stopped: 0.0018700 seconds, Stopping threads took: 0.0000720 seconds
143.786: Application time: 0.0329230 seconds
143.786: [GC [PSYoungGen: 19840K->2304K(20480K)] 35951K->22511K(66560K), 0.0017430 secs] [Times: user=0.02 sys=0.00, real=0.00 secs] 
143.788: Total time for which application threads were stopped: 0.0018810 seconds, Stopping threads took: 0.0000610 seconds
143.820: Application time: 0.0315140 seconds
143.820: [GC [PSYoungGen: 19778K->2320K(20480K)] 39986K->26623K(66560K), 0.0017490 secs] [Times: user=0.01 sys=0.00, real=0.00 secs] 
143.821: Total time for which application threads were stopped: 0.0018900 seconds, Stopping threads took: 0.0000660 seconds
143.854: Application time: 0.0330270 seconds
143.855: [GC [PSYoungGen: 19877K->2304K(20480K)] 44181K->29679K(66560K), 0.0014930 secs] [Times: user=0.01 sys=0.00, real=0.00 secs] 
143.856: Total time for which application threads were stopped: 0.0016480 seconds, Stopping threads took: 0.0000880 seconds
143.889: Application time: 0.0325520 seconds
143.889: [GC [PSYoungGen: 19765K->2256K(20480K)] 47141K->32703K(66560K), 0.0014840 secs] [Times: user=0.01 sys=0.00, real=0.00 secs] 
143.890: Total time for which application threads were stopped: 0.0016250 seconds, Stopping threads took: 0.0000700 seconds
143.924: Application time: 0.0332620 seconds
143.924: [GC [PSYoungGen: 19852K->2272K(20480K)] 50299K->35791K(66560K), 0.0014240 secs] [Times: user=0.01 sys=0.00, real=0.00 secs] 
143.925: Total time for which application threads were stopped: 0.0015520 seconds, Stopping threads took: 0.0000580 seconds
143.957: Application time: 0.0322670 seconds
143.958: [GC [PSYoungGen: 19709K->2272K(20480K)] 53228K->37839K(66560K), 0.0012140 secs] [Times: user=0.00 sys=0.00, real=0.01 secs] 
143.959: Total time for which application threads were stopped: 0.0013690 seconds, Stopping threads took: 0.0000860 seconds
143.983: Application time: 0.0242010 seconds
143.983: [GC [PSYoungGen: 19502K->2304K(20480K)] 55070K->41967K(66560K), 0.0017930 secs] [Times: user=0.01 sys=0.00, real=0.00 secs] 
143.985: Total time for which application threads were stopped: 0.0019360 seconds, Stopping threads took: 0.0000720 seconds
144.023: Application time: 0.0381220 seconds
144.023: [GC [PSYoungGen: 20031K->2304K(20480K)] 59695K->45039K(66560K), 0.0015690 secs] [Times: user=0.01 sys=0.00, real=0.00 secs] 
144.025: [Full GC [PSYoungGen: 2304K->0K(20480K)] [ParOldGen: 42735K->8977K(46080K)] 45039K->8977K(66560K) [PSPermGen: 5528K->5528K(21504K)], 0.0059010 secs] [Times: user=0.03 sys=0.00, real=0.01 secs] 
144.031: Total time for which application threads were stopped: 0.0076600 seconds, Stopping threads took: 0.0000770 seconds
144.058: Application time: 0.0268120 seconds
144.058: [GC [PSYoungGen: 17533K->2320K(20480K)] 26511K->15393K(66560K), 0.0017400 secs] [Times: user=0.01 sys=0.00, real=0.01 secs] 
144.059: Total time for which application threads were stopped: 0.0019050 seconds, Stopping threads took: 0.0000900 seconds
144.095: Application time: 0.0359340 seconds
144.095: [GC [PSYoungGen: 19243K->2432K(20480K)] 32316K->18577K(66560K), 0.0014600 secs] [Times: user=0.01 sys=0.00, real=0.00 secs] 
144.097: Total time for which application threads were stopped: 0.0016210 seconds, Stopping threads took: 0.0000860 seconds
144.126: Application time: 0.0288070 seconds
144.126: [GC [PSYoungGen: 20155K->2480K(20480K)] 36300K->21697K(66560K), 0.0015080 secs] [Times: user=0.01 sys=0.00, real=0.00 secs] 
144.127: Total time for which application threads were stopped: 0.0016810 seconds, Stopping threads took: 0.0000950 seconds
144.161: Application time: 0.0338160 seconds
144.161: [GC [PSYoungGen: 19761K->2496K(20480K)] 38979K->24785K(66560K), 0.0015830 secs] [Times: user=0.01 sys=0.00, real=0.00 secs] 
144.163: Total time for which application threads were stopped: 0.0017200 seconds, Stopping threads took: 0.0000670 seconds
144.195: Application time: 0.0320980 seconds
144.195: [GC [PSYoungGen: 20256K->2480K(20480K)] 42545K->27841K(66560K), 0.0014790 secs] [Times: user=0.01 sys=0.00, real=0.00 secs] 
144.197: Total time for which application threads were stopped: 0.0016140 seconds, Stopping threads took: 0.0000640 seconds
144.230: Application time: 0.0331930 seconds
144.230: [GC [PSYoungGen: 19696K->2496K(20480K)] 45058K->31953K(66560K), 0.0018660 secs] [Times: user=0.02 sys=0.00, real=0.01 secs] 
144.232: Total time for which application threads were stopped: 0.0020150 seconds, Stopping threads took: 0.0000660 seconds
144.262: Application time: 0.0300840 seconds
144.262: [GC [PSYoungGen: 20252K->2496K(20480K)] 49709K->37073K(66560K), 0.0020540 secs] [Times: user=0.01 sys=0.00, real=0.00 secs] 
144.264: Total time for which application threads were stopped: 0.0021970 seconds, Stopping threads took: 0.0000680 seconds
144.300: Application time: 0.0354490 seconds
144.300: [GC [PSYoungGen: 19793K->2464K(20480K)] 54371K->40113K(66560K), 0.0016250 secs] [Times: user=0.01 sys=0.00, real=0.00 secs] 
144.301: Total time for which application threads were stopped: 0.0017730 seconds, Stopping threads took: 0.0000770 seconds
144.331: Application time: 0.0295280 seconds
144.331: [GC [PSYoungGen: 20195K->2448K(20480K)] 57845K->45218K(66560K), 0.0020900 secs] [Times: user=0.01 sys=0.00, real=0.00 secs] 
144.333: [Full GC [PSYoungGen: 2448K->0K(20480K)] [ParOldGen: 42769K->10989K(46080K)] 45218K->10989K(66560K) [PSPermGen: 5528K->5528K(21504K)], 0.0064160 secs] [Times: user=0.03 sys=0.00, real=0.01 secs] 
144.340: Total time for which application threads were stopped: 0.0087080 seconds, Stopping threads took: 0.0000790 seconds
144.375: Application time: 0.0352260 seconds
144.375: [GC [PSYoungGen: 17253K->2304K(20480K)] 28242K->16365K(66560K), 0.0016110 secs] [Times: user=0.01 sys=0.00, real=0.00 secs] 
144.377: Total time for which application threads were stopped: 0.0017610 seconds, Stopping threads took: 0.0000760 seconds
144.403: Application time: 0.0267240 seconds
144.404: [GC [PSYoungGen: 19985K->2304K(20480K)] 34046K->20461K(66560K), 0.0017700 secs] [Times: user=0.02 sys=0.00, real=0.00 secs] 
144.405: Total time for which application threads were stopped: 0.0019360 seconds, Stopping threads took: 0.0000940 seconds
144.444: Application time: 0.0389510 seconds
144.444: [GC [PSYoungGen: 19681K->2304K(20480K)] 37839K->22509K(66560K), 0.0012570 secs] [Times: user=0.01 sys=0.00, real=0.00 secs] 
144.446: Total time for which application threads were stopped: 0.0013940 seconds, Stopping threads took: 0.0000640 seconds
144.473: Application time: 0.0269610 seconds
144.473: [GC [PSYoungGen: 19988K->2304K(20480K)] 40193K->26605K(66560K), 0.0017500 secs] [Times: user=0.01 sys=0.00, real=0.00 secs] 
144.475: Total time for which application threads were stopped: 0.0018940 seconds, Stopping threads took: 0.0000710 seconds
144.512: Application time: 0.0374070 seconds
144.512: [GC [PSYoungGen: 19633K->2304K(20480K)] 43935K->28653K(66560K), 0.0012450 secs] [Times: user=0.00 sys=0.00, real=0.00 secs] 
144.513: Total time for which application threads were stopped: 0.0013890 seconds, Stopping threads took: 0.0000770 seconds
144.543: Application time: 0.0297210 seconds
144.543: [GC [PSYoungGen: 20069K->2304K(20480K)] 46418K->31725K(66560K), 0.0014470 secs] [Times: user=0.01 sys=0.00, real=0.00 secs] 
144.545: Total time for which application threads were stopped: 0.0015780 seconds, Stopping threads took: 0.0000600 seconds
144.580: Application time: 0.0349630 seconds
144.580: [GC [PSYoungGen: 19467K->2304K(20480K)] 48888K->33773K(66560K), 0.0012130 secs] [Times: user=0.01 sys=0.00, real=0.00 secs] 
144.581: Total time for which application threads were stopped: 0.0013620 seconds, Stopping threads took: 0.0000810 seconds
144.607: Application time: 0.0260350 seconds
144.607: [GC [PSYoungGen: 19992K->2304K(20480K)] 51462K->37869K(66560K), 0.0017340 secs] [Times: user=0.02 sys=0.00, real=0.00 secs] 
144.609: Total time for which application threads were stopped: 0.0019020 seconds, Stopping threads took: 0.0000940 seconds
144.648: Application time: 0.0392940 seconds
144.648: [GC [PSYoungGen: 19580K->2272K(20480K)] 55145K->38861K(66560K), 0.0009400 secs] [Times: user=0.01 sys=0.00, real=0.00 secs] 
144.649: Total time for which application threads were stopped: 0.0011030 seconds, Stopping threads took: 0.0000860 seconds
144.676: Application time: 0.0262110 seconds
144.676: [GC [PSYoungGen: 20039K->2304K(20480K)] 56629K->42989K(66560K), 0.0017370 secs] [Times: user=0.01 sys=0.00, real=0.00 secs] 
144.677: [Full GC [PSYoungGen: 2304K->0K(20480K)] [ParOldGen: 40685K->9966K(46080K)] 42989K->9966K(66560K) [PSPermGen: 5528K->5528K(21504K)], 0.0060490 secs] [Times: user=0.02 sys=0.00, real=0.01 secs] 
144.684: Total time for which application threads were stopped: 0.0079840 seconds, Stopping threads took: 0.0000710 seconds
144.720: Application time: 0.0360270 seconds
144.720: [GC [PSYoungGen: 17920K->2304K(20480K)] 27886K->14318K(66560K), 0.0011130 secs] [Times: user=0.01 sys=0.00, real=0.00 secs] 
144.721: Total time for which application threads were stopped: 0.0012390 seconds, Stopping threads took: 0.0000580 seconds
144.751: Application time: 0.0297250 seconds
144.751: [GC [PSYoungGen: 19541K->2320K(20480K)] 31555K->17406K(66560K), 0.0014790 secs] [Times: user=0.00 sys=0.00, real=0.00 secs] 
144.752: Total time for which application threads were stopped: 0.0016150 seconds, Stopping threads took: 0.0000640 seconds
144.785: Application time: 0.0332530 seconds
144.786: [GC [PSYoungGen: 19355K->2352K(20480K)] 34442K->17438K(66560K), 0.0007600 secs] [Times: user=0.01 sys=0.00, real=0.00 secs] 
144.786: Total time for which application threads were stopped: 0.0008840 seconds, Stopping threads took: 0.0000570 seconds
144.818: Application time: 0.0319210 seconds
144.818: [GC [PSYoungGen: 20041K->2448K(20480K)] 35128K->18558K(66560K), 0.0011390 secs] [Times: user=0.01 sys=0.00, real=0.01 secs] 
144.820: Total time for which application threads were stopped: 0.0012900 seconds, Stopping threads took: 0.0000840 seconds
144.854: Application time: 0.0340940 seconds
144.854: [GC [PSYoungGen: 20131K->2448K(20480K)] 36241K->18558K(66560K), 0.0008770 secs] [Times: user=0.00 sys=0.00, real=0.00 secs] 
144.855: Total time for which application threads were stopped: 0.0010080 seconds, Stopping threads took: 0.0000690 seconds
144.885: Application time: 0.0300140 seconds
144.885: [GC [PSYoungGen: 19692K->2512K(20480K)] 35803K->20670K(66560K), 0.0012530 secs] [Times: user=0.01 sys=0.00, real=0.00 secs] 
144.886: Total time for which application threads were stopped: 0.0013920 seconds, Stopping threads took: 0.0000670 seconds
144.919: Application time: 0.0331190 seconds
144.919: [GC [PSYoungGen: 20092K->2512K(20480K)] 38251K->22718K(66560K), 0.0011980 secs] [Times: user=0.00 sys=0.00, real=0.00 secs] 
144.920: Total time for which application threads were stopped: 0.0013460 seconds, Stopping threads took: 0.0000810 seconds
144.952: Application time: 0.0315720 seconds
144.952: [GC [PSYoungGen: 19877K->2496K(20480K)] 40083K->25774K(66560K), 0.0015530 secs] [Times: user=0.00 sys=0.00, real=0.00 secs] 
144.954: Total time for which application threads were stopped: 0.0016880 seconds, Stopping threads took: 0.0000680 seconds
144.979: Application time: 0.0250270 seconds
144.979: [GC [PSYoungGen: 19792K->2512K(20480K)] 43071K->29886K(66560K), 0.0018560 secs] [Times: user=0.02 sys=0.00, real=0.00 secs] 
144.981: Total time for which application threads were stopped: 0.0019880 seconds, Stopping threads took: 0.0000600 seconds
145.016: Application time: 0.0354730 seconds
145.016: [GC [PSYoungGen: 19971K->2512K(20480K)] 47346K->32958K(66560K), 0.0016330 secs] [Times: user=0.01 sys=0.00, real=0.00 secs] 
145.018: Total time for which application threads were stopped: 0.0017780 seconds, Stopping threads took: 0.0000730 seconds
145.048: Application time: 0.0299450 seconds
145.048: [GC [PSYoungGen: 20084K->2464K(20480K)] 50530K->38030K(66560K), 0.0020660 secs] [Times: user=0.01 sys=0.00, real=0.00 secs] 
145.050: Total time for which application threads were stopped: 0.0022180 seconds, Stopping threads took: 0.0000780 seconds
145.085: Application time: 0.0345580 seconds
145.085: [GC [PSYoungGen: 19875K->2528K(20480K)] 55442K->41166K(66560K), 0.0016500 secs] [Times: user=0.01 sys=0.00, real=0.00 secs] 
145.087: Total time for which application threads were stopped: 0.0017920 seconds, Stopping threads took: 0.0000680 seconds
145.117: Application time: 0.0300820 seconds
145.117: [GC [PSYoungGen: 20169K->2448K(20480K)] 58807K->46206K(66560K), 0.0021110 secs] [Times: user=0.01 sys=0.00, real=0.01 secs] 
145.119: [Full GC [PSYoungGen: 2448K->0K(20480K)] [ParOldGen: 43758K->10992K(46080K)] 46206K->10992K(66560K) [PSPermGen: 5528K->5528K(21504K)], 0.0063090 secs] [Times: user=0.03 sys=0.00, real=0.00 secs] 
145.125: Total time for which application threads were stopped: 0.0086180 seconds, Stopping threads took: 0.0000640 seconds
145.160: Application time: 0.0348320 seconds
145.160: [GC [PSYoungGen: 17365K->2304K(20480K)] 28357K->16368K(66560K), 0.0014560 secs] [Times: user=0.01 sys=0.00, real=0.00 secs] 
145.162: Total time for which application threads were stopped: 0.0016080 seconds, Stopping threads took: 0.0000710 seconds
145.191: Application time: 0.0289560 seconds
145.191: [GC [PSYoungGen: 20001K->2272K(20480K)] 34065K->21456K(66560K), 0.0020060 secs] [Times: user=0.01 sys=0.00, real=0.00 secs] 
145.193: Total time for which application threads were stopped: 0.0021610 seconds, Stopping threads took: 0.0000810 seconds
145.229: Application time: 0.0366230 seconds
145.230: [GC [PSYoungGen: 19629K->2304K(20480K)] 38814K->24560K(66560K), 0.0015130 secs] [Times: user=0.00 sys=0.00, real=0.01 secs] 
145.231: Total time for which application threads were stopped: 0.0016620 seconds, Stopping threads took: 0.0000770 seconds
145.261: Application time: 0.0296590 seconds
145.261: [GC [PSYoungGen: 19946K->2272K(20480K)] 42203K->28624K(66560K), 0.0018140 secs] [Times: user=0.01 sys=0.00, real=0.00 secs] 
145.263: Total time for which application threads were stopped: 0.0019630 seconds, Stopping threads took: 0.0000790 seconds
145.299: Application time: 0.0366440 seconds
145.299: [GC [PSYoungGen: 19692K->2304K(20480K)] 46044K->31728K(66560K), 0.0014030 secs] [Times: user=0.01 sys=0.00, real=0.00 secs] 
145.301: Total time for which application threads were stopped: 0.0015390 seconds, Stopping threads took: 0.0000660 seconds
145.328: Application time: 0.0272320 seconds
145.328: [GC [PSYoungGen: 19835K->2304K(20480K)] 49259K->35824K(66560K), 0.0016480 secs] [Times: user=0.01 sys=0.00, real=0.00 secs] 
145.330: Total time for which application threads were stopped: 0.0018420 seconds, Stopping threads took: 0.0001230 seconds
145.366: Application time: 0.0356370 seconds
145.366: [GC [PSYoungGen: 19706K->2304K(20480K)] 53227K->40944K(66560K), 0.0019970 secs] [Times: user=0.02 sys=0.00, real=0.00 secs] 
145.368: Total time for which application threads were stopped: 0.0021470 seconds, Stopping threads took: 0.0000750 seconds
145.399: Application time: 0.0309690 seconds
145.399: [GC [PSYoungGen: 19980K->2240K(20480K)] 58620K->43952K(66560K), 0.0014680 secs] [Times: user=0.01 sys=0.00, real=0.00 secs] 
145.400: [Full GC [PSYoungGen: 2240K->0K(20480K)] [ParOldGen: 41712K->8967K(46080K)] 43952K->8967K(66560K) [PSPermGen: 5528K->5528K(21504K)], 0.0059740 secs] [Times: user=0.02 sys=0.00, real=0.00 secs] 
145.406: Total time for which application threads were stopped: 0.0076460 seconds, Stopping threads took: 0.0000870 seconds
145.440: Application time: 0.0336520 seconds
145.440: [GC [PSYoungGen: 17363K->2304K(20480K)] 26331K->15367K(66560K), 0.0017590 secs] [Times: user=0.01 sys=0.00, real=0.00 secs] 
145.442: Total time for which application threads were stopped: 0.0019330 seconds, Stopping threads took: 0.0001000 seconds
145.469: Application time: 0.0271670 seconds
145.469: [GC [PSYoungGen: 19903K->2336K(20480K)] 32967K->19496K(66560K), 0.0018050 secs] [Times: user=0.01 sys=0.00, real=0.01 secs] 
145.471: Total time for which application threads were stopped: 0.0019650 seconds, Stopping threads took: 0.0000800 seconds
145.509: Application time: 0.0375950 seconds
145.509: [GC [PSYoungGen: 20256K->2480K(20480K)] 37416K->22712K(66560K), 0.0015940 secs] [Times: user=0.01 sys=0.00, real=0.00 secs] 
145.510: Total time for which application threads were stopped: 0.0017410 seconds, Stopping threads took: 0.0000670 seconds
145.539: Application time: 0.0288200 seconds
145.539: [GC [PSYoungGen: 20378K->2544K(20480K)] 40610K->25848K(66560K), 0.0014930 secs] [Times: user=0.01 sys=0.00, real=0.00 secs] 
145.541: Total time for which application threads were stopped: 0.0016340 seconds, Stopping threads took: 0.0000580 seconds
145.578: Application time: 0.0367690 seconds
145.578: [GC [PSYoungGen: 19783K->2496K(20480K)] 43087K->27848K(66560K), 0.0013510 secs] [Times: user=0.01 sys=0.00, real=0.01 secs] 
145.579: Total time for which application threads were stopped: 0.0014870 seconds, Stopping threads took: 0.0000670 seconds
145.605: Application time: 0.0254140 seconds
145.605: [GC [PSYoungGen: 20196K->2496K(20480K)] 45548K->31944K(66560K), 0.0018130 secs] [Times: user=0.02 sys=0.00, real=0.00 secs] 
145.607: Total time for which application threads were stopped: 0.0019760 seconds, Stopping threads took: 0.0000900 seconds
145.642: Application time: 0.0352270 seconds
145.642: [GC [PSYoungGen: 19411K->2512K(20480K)] 48860K->35032K(66560K), 0.0016160 secs] [Times: user=0.01 sys=0.00, real=0.00 secs] 
145.644: Total time for which application threads were stopped: 0.0017640 seconds, Stopping threads took: 0.0000720 seconds
145.673: Application time: 0.0295770 seconds
145.673: [GC [PSYoungGen: 19595K->2528K(20480K)] 52116K->39144K(66560K), 0.0018190 secs] [Times: user=0.00 sys=0.00, real=0.00 secs] 
145.675: Total time for which application threads were stopped: 0.0019750 seconds, Stopping threads took: 0.0000720 seconds
145.710: Application time: 0.0353370 seconds
145.711: [GC [PSYoungGen: 20448K->2512K(20480K)] 57064K->42200K(66560K), 0.0016090 secs] [Times: user=0.01 sys=0.00, real=0.00 secs] 
145.712: Total time for which application threads were stopped: 0.0017480 seconds, Stopping threads took: 0.0000700 seconds
145.743: Application time: 0.0304620 seconds
145.743: [GC [PSYoungGen: 19633K->2496K(20480K)] 59322K->47304K(66560K), 0.0021070 secs] [Times: user=0.01 sys=0.00, real=0.00 secs] 
145.745: [Full GC [PSYoungGen: 2496K->0K(20480K)] [ParOldGen: 44808K->10989K(46080K)] 47304K->10989K(66560K) [PSPermGen: 5528K->5528K(21504K)], 0.0063880 secs] [Times: user=0.03 sys=0.00, real=0.01 secs] 
145.751: Total time for which application threads were stopped: 0.0086870 seconds, Stopping threads took: 0.0000670 seconds
145.786: Application time: 0.0347690 seconds
145.786: [GC [PSYoungGen: 17883K->2304K(20480K)] 28873K->16365K(66560K), 0.0013830 secs] [Times: user=0.01 sys=0.00, real=0.00 secs] 
145.788: Total time for which application threads were stopped: 0.0015270 seconds, Stopping threads took: 0.0000720 seconds
145.818: Application time: 0.0300420 seconds
145.818: [GC [PSYoungGen: 19486K->2304K(20480K)] 33548K->21486K(66560K), 0.0020250 secs] [Times: user=0.01 sys=0.00, real=0.01 secs] 
145.820: Total time for which application threads were stopped: 0.0021800 seconds, Stopping threads took: 0.0000800 seconds
145.854: Application time: 0.0337710 seconds
145.854: [GC [PSYoungGen: 20046K->2272K(20480K)] 39228K->23502K(66560K), 0.0011870 secs] [Times: user=0.00 sys=0.00, real=0.00 secs] 
145.855: Total time for which application threads were stopped: 0.0013380 seconds, Stopping threads took: 0.0000800 seconds
145.887: Application time: 0.0316260 seconds
145.887: [GC [PSYoungGen: 19575K->2304K(20480K)] 40805K->28654K(66560K), 0.0019790 secs] [Times: user=0.01 sys=0.00, real=0.00 secs] 
145.889: Total time for which application threads were stopped: 0.0021220 seconds, Stopping threads took: 0.0000690 seconds
145.922: Application time: 0.0329470 seconds
145.922: [GC [PSYoungGen: 19758K->2304K(20480K)] 46108K->31726K(66560K), 0.0013920 secs] [Times: user=0.01 sys=0.01, real=0.00 secs] 
145.923: Total time for which application threads were stopped: 0.0015230 seconds, Stopping threads took: 0.0000590 seconds
145.955: Application time: 0.0322010 seconds
145.956: [GC [PSYoungGen: 19906K->2304K(20480K)] 49328K->35822K(66560K), 0.0017430 secs] [Times: user=0.01 sys=0.00, real=0.00 secs] 
145.957: Total time for which application threads were stopped: 0.0018820 seconds, Stopping threads took: 0.0000670 seconds
145.984: Application time: 0.0270010 seconds
145.984: [GC [PSYoungGen: 19485K->2272K(20480K)] 53003K->39886K(66560K), 0.0018600 secs] [Times: user=0.01 sys=0.00, real=0.00 secs] 
145.986: Total time for which application threads were stopped: 0.0020130 seconds, Stopping threads took: 0.0000710 seconds
146.023: Application time: 0.0366180 seconds
146.023: [GC [PSYoungGen: 20059K->2272K(20480K)] 57674K->43982K(66560K), 0.0017480 secs] [Times: user=0.01 sys=0.00, real=0.00 secs] 
146.025: [Full GC [PSYoungGen: 2272K->0K(20480K)] [ParOldGen: 41710K->9986K(46080K)] 43982K->9986K(66560K) [PSPermGen: 5528K->5528K(21504K)], 0.0061010 secs] [Times: user=0.03 sys=0.00, real=0.01 secs] 
146.031: Total time for which application threads were stopped: 0.0080270 seconds, Stopping threads took: 0.0000600 seconds
146.060: Application time: 0.0288940 seconds
146.060: [GC [PSYoungGen: 17242K->2304K(20480K)] 27228K->16387K(66560K), 0.0016820 secs] [Times: user=0.01 sys=0.00, real=0.00 secs] 
146.062: Total time for which application threads were stopped: 0.0018390 seconds, Stopping threads took: 0.0000830 seconds
146.095: Application time: 0.0331610 seconds
146.095: [GC [PSYoungGen: 19957K->2304K(20480K)] 34040K->20483K(66560K), 0.0018250 secs] [Times: user=0.02 sys=0.00, real=0.00 secs] 
146.097: Total time for which application threads were stopped: 0.0019890 seconds, Stopping threads took: 0.0000910 seconds
146.128: Application time: 0.0314630 seconds
146.128: [GC [PSYoungGen: 19653K->2304K(20480K)] 37833K->24579K(66560K), 0.0016580 secs] [Times: user=0.01 sys=0.00, real=0.00 secs] 
146.130: Total time for which application threads were stopped: 0.0017950 seconds, Stopping threads took: 0.0000610 seconds
146.164: Application time: 0.0341360 seconds
146.164: [GC [PSYoungGen: 20085K->2272K(20480K)] 42360K->27619K(66560K), 0.0015570 secs] [Times: user=0.01 sys=0.00, real=0.00 secs] 
146.166: Total time for which application threads were stopped: 0.0017050 seconds, Stopping threads took: 0.0000770 seconds
146.194: Application time: 0.0275270 seconds
146.194: [GC [PSYoungGen: 19595K->2336K(20480K)] 44942K->32803K(66560K), 0.0020800 secs] [Times: user=0.02 sys=0.00, real=0.00 secs] 
146.196: Total time for which application threads were stopped: 0.0022440 seconds, Stopping threads took: 0.0000790 seconds
146.234: Application time: 0.0382870 seconds
146.234: [GC [PSYoungGen: 19673K->2480K(20480K)] 50140K->34995K(66560K), 0.0013280 secs] [Times: user=0.00 sys=0.00, real=0.00 secs] 
146.236: Total time for which application threads were stopped: 0.0014880 seconds, Stopping threads took: 0.0000870 seconds
146.261: Application time: 0.0257010 seconds
146.261: [GC [PSYoungGen: 19856K->2528K(20480K)] 52371K->39139K(66560K), 0.0017820 secs] [Times: user=0.01 sys=0.00, real=0.00 secs] 
146.263: Total time for which application threads were stopped: 0.0019240 seconds, Stopping threads took: 0.0000690 seconds
146.302: Application time: 0.0392230 seconds
146.303: [GC [PSYoungGen: 20239K->2464K(20480K)] 56850K->41123K(66560K), 0.0012620 secs] [Times: user=0.00 sys=0.00, real=0.00 secs] 
146.304: Total time for which application threads were stopped: 0.0014020 seconds, Stopping threads took: 0.0000730 seconds
146.329: Application time: 0.0255630 seconds
146.329: [GC [PSYoungGen: 19612K->2480K(20480K)] 58271K->45235K(66560K), 0.0017010 secs] [Times: user=0.01 sys=0.00, real=0.01 secs] 
146.331: [Full GC [PSYoungGen: 2480K->0K(20480K)] [ParOldGen: 42755K->9971K(46080K)] 45235K->9971K(66560K) [PSPermGen: 5528K->5528K(21504K)], 0.0062240 secs] [Times: user=0.02 sys=0.00, real=0.00 secs] 
146.337: Total time for which application threads were stopped: 0.0081230 seconds, Stopping threads took: 0.0000830 seconds
146.375: Application time: 0.0379630 seconds
146.376: [GC [PSYoungGen: 17781K->2320K(20480K)] 27752K->16387K(66560K), 0.0018050 secs] [Times: user=0.01 sys=0.00, real=0.00 secs] 
146.377: Total time for which application threads were stopped: 0.0019450 seconds, Stopping threads took: 0.0000670 seconds
146.401: Application time: 0.0234440 seconds
146.401: [GC [PSYoungGen: 19464K->2304K(20480K)] 33532K->21491K(66560K), 0.0020250 secs] [Times: user=0.01 sys=0.00, real=0.00 secs] 
146.403: Total time for which application threads were stopped: 0.0022010 seconds, Stopping threads took: 0.0000920 seconds
146.445: Application time: 0.0422810 seconds
146.445: [GC [PSYoungGen: 20203K->2304K(20480K)] 39391K->24563K(66560K), 0.0015070 secs] [Times: user=0.01 sys=0.00, real=0.00 secs] 
146.447: Total time for which application threads were stopped: 0.0016700 seconds, Stopping threads took: 0.0000890 seconds
146.471: Application time: 0.0239220 seconds
146.471: [GC [PSYoungGen: 19479K->2304K(20480K)] 41739K->28659K(66560K), 0.0017220 secs] [Times: user=0.01 sys=0.00, real=0.00 secs] 
146.473: Total time for which application threads were stopped: 0.0018680 seconds, Stopping threads took: 0.0000720 seconds
146.513: Application time: 0.0405850 seconds
146.514: [GC [PSYoungGen: 19864K->2288K(20480K)] 46219K->30691K(66560K), 0.0012320 secs] [Times: user=0.01 sys=0.00, real=0.00 secs] 
146.515: Total time for which application threads were stopped: 0.0013950 seconds, Stopping threads took: 0.0000910 seconds
146.541: Application time: 0.0257650 seconds
146.541: [GC [PSYoungGen: 19887K->2304K(20480K)] 48291K->34803K(66560K), 0.0016860 secs] [Times: user=0.01 sys=0.00, real=0.00 secs] 
146.542: Total time for which application threads were stopped: 0.0018370 seconds, Stopping threads took: 0.0000790 seconds
146.580: Application time: 0.0378360 seconds
146.580: [GC [PSYoungGen: 19490K->2304K(20480K)] 51990K->36851K(66560K), 0.0012360 secs] [Times: user=0.01 sys=0.00, real=0.00 secs] 
146.582: Total time for which application threads were stopped: 0.0013740 seconds, Stopping threads took: 0.0000690 seconds
146.606: Application time: 0.0244830 seconds
146.606: [GC [PSYoungGen: 20058K->2304K(20480K)] 54605K->40947K(66560K), 0.0017540 secs] [Times: user=0.01 sys=0.00, real=0.00 secs] 
146.608: Total time for which application threads were stopped: 0.0019010 seconds, Stopping threads took: 0.0000700 seconds
146.648: Application time: 0.0403750 seconds
146.648: [GC [PSYoungGen: 19524K->2320K(20480K)] 58168K->43011K(66560K), 0.0012230 secs] [Times: user=0.00 sys=0.00, real=0.00 secs] 
146.650: [Full GC [PSYoungGen: 2320K->0K(20480K)] [ParOldGen: 40691K->7956K(46080K)] 43011K->7956K(66560K) [PSPermGen: 5528K->5528K(21504K)], 0.0058390 secs] [Times: user=0.03 sys=0.00, real=0.01 secs] 
146.656: Total time for which application threads were stopped: 0.0072680 seconds, Stopping threads took: 0.0000920 seconds
146.681: Application time: 0.0255780 seconds
146.681: [GC [PSYoungGen: 17843K->2304K(20480K)] 25800K->13332K(66560K), 0.0014560 secs] [Times: user=0.01 sys=0.00, real=0.00 secs] 
146.683: Total time for which application threads were stopped: 0.0015890 seconds, Stopping threads took: 0.0000600 seconds
146.720: Application time: 0.0375360 seconds
146.720: [GC [PSYoungGen: 19278K->2304K(20480K)] 30307K->16404K(66560K), 0.0013530 secs] [Times: user=0.00 sys=0.00, real=0.00 secs] 
146.722: Total time for which application threads were stopped: 0.0014870 seconds, Stopping threads took: 0.0000570 seconds
146.749: Application time: 0.0274000 seconds
146.749: [GC [PSYoungGen: 19377K->2304K(20480K)] 33477K->19476K(66560K), 0.0014380 secs] [Times: user=0.01 sys=0.00, real=0.01 secs] 
146.751: Total time for which application threads were stopped: 0.0015880 seconds, Stopping threads took: 0.0000790 seconds
146.785: Application time: 0.0344890 seconds
146.785: [GC [PSYoungGen: 19920K->2304K(20480K)] 37092K->22548K(66560K), 0.0013780 secs] [Times: user=0.00 sys=0.00, real=0.00 secs] 
146.787: Total time for which application threads were stopped: 0.0015090 seconds, Stopping threads took: 0.0000590 seconds
146.818: Application time: 0.0315560 seconds
146.819: [GC [PSYoungGen: 19748K->2272K(20480K)] 39993K->26612K(66560K), 0.0016940 secs] [Times: user=0.01 sys=0.00, real=0.00 secs] 
146.820: Total time for which application threads were stopped: 0.0018830 seconds, Stopping threads took: 0.0001100 seconds
146.850: Application time: 0.0301350 seconds
146.851: [GC [PSYoungGen: 19729K->2240K(20480K)] 44069K->29652K(66560K), 0.0015880 secs] [Times: user=0.01 sys=0.00, real=0.00 secs] 
146.852: Total time for which application threads were stopped: 0.0017640 seconds, Stopping threads took: 0.0000980 seconds
146.886: Application time: 0.0338380 seconds
146.886: [GC [PSYoungGen: 19864K->2336K(20480K)] 47277K->33844K(66560K), 0.0017700 secs] [Times: user=0.01 sys=0.00, real=0.00 secs] 
146.888: Total time for which application threads were stopped: 0.0019090 seconds, Stopping threads took: 0.0000650 seconds
146.920: Application time: 0.0317000 seconds
146.920: [GC [PSYoungGen: 20038K->2336K(20480K)] 51547K->36916K(66560K), 0.0014400 secs] [Times: user=0.01 sys=0.00, real=0.00 secs] 
146.921: Total time for which application threads were stopped: 0.0016240 seconds, Stopping threads took: 0.0001160 seconds
146.954: Application time: 0.0331690 seconds
146.955: [GC [PSYoungGen: 19349K->2544K(20480K)] 53930K->40196K(66560K), 0.0015490 secs] [Times: user=0.01 sys=0.00, real=0.00 secs] 
146.956: Total time for which application threads were stopped: 0.0017050 seconds, Stopping threads took: 0.0000820 seconds
146.983: Application time: 0.0272180 seconds
146.983: [GC [PSYoungGen: 19795K->2544K(20480K)] 57448K->43268K(66560K), 0.0014600 secs] [Times: user=0.01 sys=0.00, real=0.00 secs] 
146.985: Total time for which application threads were stopped: 0.0015950 seconds, Stopping threads took: 0.0000650 seconds
147.023: Application time: 0.0377830 seconds
147.023: [GC [PSYoungGen: 20105K->2496K(20480K)] 60830K->46292K(66560K), 0.0014960 secs] [Times: user=0.01 sys=0.00, real=0.00 secs] 
147.024: [Full GC [PSYoungGen: 2496K->0K(20480K)] [ParOldGen: 43796K->8968K(46080K)] 46292K->8968K(66560K) [PSPermGen: 5528K->5528K(21504K)], 0.0060580 secs] [Times: user=0.02 sys=0.01, real=0.01 secs] 
147.030: Total time for which application threads were stopped: 0.0077540 seconds, Stopping threads took: 0.0000770 seconds
147.059: Application time: 0.0284410 seconds
147.059: [GC [PSYoungGen: 17663K->2304K(20480K)] 26631K->14344K(66560K), 0.0013910 secs] [Times: user=0.01 sys=0.00, real=0.00 secs] 
147.060: Total time for which application threads were stopped: 0.0015370 seconds, Stopping threads took: 0.0000740 seconds
147.094: Application time: 0.0334610 seconds
147.094: [GC [PSYoungGen: 19475K->2320K(20480K)] 31516K->18456K(66560K), 0.0017420 secs] [Times: user=0.01 sys=0.00, real=0.00 secs] 
147.096: Total time for which application threads were stopped: 0.0018810 seconds, Stopping threads took: 0.0000640 seconds
147.126: Application time: 0.0298220 seconds
147.126: [GC [PSYoungGen: 20039K->2304K(20480K)] 36176K->21512K(66560K), 0.0014690 secs] [Times: user=0.00 sys=0.00, real=0.00 secs] 
147.127: Total time for which application threads were stopped: 0.0016160 seconds, Stopping threads took: 0.0000730 seconds
147.163: Application time: 0.0362150 seconds
147.164: [GC [PSYoungGen: 19617K->2304K(20480K)] 38825K->25608K(66560K), 0.0016800 secs] [Times: user=0.01 sys=0.00, real=0.00 secs] 
147.165: Total time for which application threads were stopped: 0.0018160 seconds, Stopping threads took: 0.0000610 seconds
147.194: Application time: 0.0282180 seconds
147.194: [GC [PSYoungGen: 19962K->2304K(20480K)] 43267K->28680K(66560K), 0.0014770 secs] [Times: user=0.01 sys=0.00, real=0.00 secs] 
147.195: Total time for which application threads were stopped: 0.0016130 seconds, Stopping threads took: 0.0000630 seconds
147.230: Application time: 0.0351150 seconds
147.230: [GC [PSYoungGen: 19589K->2304K(20480K)] 45966K->31752K(66560K), 0.0014440 secs] [Times: user=0.01 sys=0.00, real=0.01 secs] 
147.232: Total time for which application threads were stopped: 0.0015960 seconds, Stopping threads took: 0.0000700 seconds
147.261: Application time: 0.0289670 seconds
147.261: [GC [PSYoungGen: 19984K->2304K(20480K)] 49433K->35848K(66560K), 0.0017040 secs] [Times: user=0.01 sys=0.00, real=0.00 secs] 
147.263: Total time for which application threads were stopped: 0.0018600 seconds, Stopping threads took: 0.0000830 seconds
147.298: Application time: 0.0349630 seconds
147.298: [GC [PSYoungGen: 19498K->2272K(20480K)] 53043K->38888K(66560K), 0.0015510 secs] [Times: user=0.01 sys=0.00, real=0.01 secs] 
147.299: Total time for which application threads were stopped: 0.0017360 seconds, Stopping threads took: 0.0001150 seconds
147.330: Application time: 0.0305870 seconds
147.330: [GC [PSYoungGen: 20106K->2304K(20480K)] 56723K->44040K(66560K), 0.0020070 secs] [Times: user=0.01 sys=0.00, real=0.01 secs] 
147.332: [Full GC [PSYoungGen: 2304K->0K(20480K)] [ParOldGen: 41736K->10991K(46080K)] 44040K->10991K(66560K) [PSPermGen: 5528K->5528K(21504K)], 0.0061160 secs] [Times: user=0.03 sys=0.00, real=0.00 secs] 
147.338: Total time for which application threads were stopped: 0.0083150 seconds, Stopping threads took: 0.0000650 seconds
147.374: Application time: 0.0361950 seconds
147.375: [GC [PSYoungGen: 17248K->2320K(20480K)] 28239K->17407K(66560K), 0.0017120 secs] [Times: user=0.01 sys=0.00, real=0.00 secs] 
147.376: Total time for which application threads were stopped: 0.0018440 seconds, Stopping threads took: 0.0000600 seconds
147.405: Application time: 0.0284490 seconds
147.405: [GC [PSYoungGen: 20117K->2304K(20480K)] 35205K->22511K(66560K), 0.0020790 secs] [Times: user=0.01 sys=0.00, real=0.00 secs] 
147.407: Total time for which application threads were stopped: 0.0022300 seconds, Stopping threads took: 0.0000770 seconds
147.442: Application time: 0.0348380 seconds
147.442: [GC [PSYoungGen: 19447K->2304K(20480K)] 39654K->25583K(66560K), 0.0013940 secs] [Times: user=0.01 sys=0.00, real=0.00 secs] 
147.443: Total time for which application threads were stopped: 0.0015410 seconds, Stopping threads took: 0.0000740 seconds
147.471: Application time: 0.0272320 seconds
147.471: [GC [PSYoungGen: 20139K->2304K(20480K)] 43419K->30703K(66560K), 0.0020580 secs] [Times: user=0.02 sys=0.00, real=0.00 secs] 
147.473: Total time for which application threads were stopped: 0.0022020 seconds, Stopping threads took: 0.0000710 seconds
147.510: Application time: 0.0367100 seconds
147.510: [GC [PSYoungGen: 20224K->2304K(20480K)] 48623K->33775K(66560K), 0.0014370 secs] [Times: user=0.01 sys=0.00, real=0.01 secs] 
147.511: Total time for which application threads were stopped: 0.0015760 seconds, Stopping threads took: 0.0000640 seconds
147.540: Application time: 0.0288520 seconds
147.540: [GC [PSYoungGen: 19416K->2272K(20480K)] 50887K->38863K(66560K), 0.0020900 secs] [Times: user=0.02 sys=0.00, real=0.00 secs] 
147.542: Total time for which application threads were stopped: 0.0022410 seconds, Stopping threads took: 0.0000760 seconds
147.575: Application time: 0.0331810 seconds
147.576: [GC [PSYoungGen: 19938K->2240K(20480K)] 56529K->40879K(66560K), 0.0012430 secs] [Times: user=0.01 sys=0.00, real=0.00 secs] 
147.577: Total time for which application threads were stopped: 0.0014600 seconds, Stopping threads took: 0.0001470 seconds
147.609: Application time: 0.0324840 seconds
147.609: [GC [PSYoungGen: 19746K->2304K(20480K)] 58385K->46063K(66560K), 0.0020860 secs] [Times: user=0.01 sys=0.00, real=0.01 secs] 
147.612: [Full GC [PSYoungGen: 2304K->0K(20480K)] [ParOldGen: 43759K->10990K(46080K)] 46063K->10990K(66560K) [PSPermGen: 5528K->5528K(21504K)], 0.0064850 secs] [Times: user=0.03 sys=0.00, real=0.00 secs] 
147.618: Total time for which application threads were stopped: 0.0087710 seconds, Stopping threads took: 0.0000740 seconds
147.651: Application time: 0.0329200 seconds
147.651: [GC [PSYoungGen: 17027K->2368K(20480K)] 28018K->16430K(66560K), 0.0014580 secs] [Times: user=0.01 sys=0.00, real=0.00 secs] 
147.653: Total time for which application threads were stopped: 0.0015890 seconds, Stopping threads took: 0.0000610 seconds
147.684: Application time: 0.0311730 seconds
147.684: [GC [PSYoungGen: 20075K->2480K(20480K)] 34137K->20638K(66560K), 0.0018570 secs] [Times: user=0.02 sys=0.00, real=0.00 secs] 
147.686: Total time for which application threads were stopped: 0.0020140 seconds, Stopping threads took: 0.0000830 seconds
147.719: Application time: 0.0329170 seconds
147.719: [GC [PSYoungGen: 20037K->2480K(20480K)] 38196K->23711K(66560K), 0.0014390 secs] [Times: user=0.01 sys=0.00, real=0.00 secs] 
147.720: Total time for which application threads were stopped: 0.0015860 seconds, Stopping threads took: 0.0000680 seconds
147.754: Application time: 0.0336590 seconds
147.754: [GC [PSYoungGen: 19922K->2464K(20480K)] 41152K->27791K(66560K), 0.0018330 secs] [Times: user=0.02 sys=0.00, real=0.00 secs] 
147.756: Total time for which application threads were stopped: 0.0019970 seconds, Stopping threads took: 0.0000780 seconds
147.788: Application time: 0.0321830 seconds
147.788: [GC [PSYoungGen: 20011K->2480K(20480K)] 45338K->30879K(66560K), 0.0015340 secs] [Times: user=0.01 sys=0.00, real=0.00 secs] 
147.790: Total time for which application threads were stopped: 0.0016790 seconds, Stopping threads took: 0.0000740 seconds
147.824: Application time: 0.0338350 seconds
147.824: [GC [PSYoungGen: 19939K->2400K(20480K)] 48338K->33871K(66560K), 0.0017020 secs] [Times: user=0.01 sys=0.00, real=0.00 secs] 
147.826: Total time for which application threads were stopped: 0.0018480 seconds, Stopping threads took: 0.0000790 seconds
147.856: Application time: 0.0306770 seconds
147.856: [GC [PSYoungGen: 19955K->2496K(20480K)] 51426K->39087K(66560K), 0.0020840 secs] [Times: user=0.01 sys=0.00, real=0.00 secs] 
147.858: Total time for which application threads were stopped: 0.0022380 seconds, Stopping threads took: 0.0000660 seconds
147.894: Application time: 0.0354620 seconds
147.894: [GC [PSYoungGen: 19988K->2512K(20480K)] 56579K->41151K(66560K), 0.0012990 secs] [Times: user=0.01 sys=0.00, real=0.00 secs] 
147.895: Total time for which application threads were stopped: 0.0014430 seconds, Stopping threads took: 0.0000740 seconds
147.925: Application time: 0.0292890 seconds
147.925: [GC [PSYoungGen: 20067K->2464K(20480K)] 58706K->46223K(66560K), 0.0021470 secs] [Times: user=0.02 sys=0.00, real=0.00 secs] 
147.927: [Full GC [PSYoungGen: 2464K->0K(20480K)] [ParOldGen: 43759K->10991K(46080K)] 46223K->10991K(66560K) [PSPermGen: 5528K->5528K(21504K)], 0.0066700 secs] [Times: user=0.02 sys=0.00, real=0.01 secs] 
147.934: Total time for which application threads were stopped: 0.0090240 seconds, Stopping threads took: 0.0000830 seconds
147.969: Application time: 0.0349180 seconds
147.969: [GC [PSYoungGen: 17282K->2304K(20480K)] 28273K->15343K(66560K), 0.0012210 secs] [Times: user=0.01 sys=0.00, real=0.00 secs] 
147.970: Total time for which application threads were stopped: 0.0013610 seconds, Stopping threads took: 0.0000690 seconds
148.001: Application time: 0.0307390 seconds
148.001: [GC [PSYoungGen: 20072K->2304K(20480K)] 33112K->19439K(66560K), 0.0017570 secs] [Times: user=0.01 sys=0.00, real=0.00 secs] 
148.003: Total time for which application threads were stopped: 0.0019030 seconds, Stopping threads took: 0.0000730 seconds
148.036: Application time: 0.0338220 seconds
148.037: [GC [PSYoungGen: 19376K->2320K(20480K)] 36511K->19455K(66560K), 0.0007140 secs] [Times: user=0.01 sys=0.00, real=0.00 secs] 
148.037: Total time for which application threads were stopped: 0.0008680 seconds, Stopping threads took: 0.0000880 seconds
148.069: Application time: 0.0314560 seconds
148.069: [GC [PSYoungGen: 19228K->2304K(20480K)] 36363K->22511K(66560K), 0.0013770 secs] [Times: user=0.01 sys=0.00, real=0.00 secs] 
148.070: Total time for which application threads were stopped: 0.0015100 seconds, Stopping threads took: 0.0000630 seconds
148.103: Application time: 0.0327780 seconds
148.103: [GC [PSYoungGen: 20224K->2272K(20480K)] 40431K->25551K(66560K), 0.0013360 secs] [Times: user=0.01 sys=0.00, real=0.00 secs] 
148.105: Total time for which application threads were stopped: 0.0014590 seconds, Stopping threads took: 0.0000510 seconds
148.134: Application time: 0.0299120 seconds
148.135: [GC [PSYoungGen: 20192K->2304K(20480K)] 43471K->29679K(66560K), 0.0016920 secs] [Times: user=0.01 sys=0.00, real=0.00 secs] 
148.136: Total time for which application threads were stopped: 0.0018370 seconds, Stopping threads took: 0.0000740 seconds
148.169: Application time: 0.0329310 seconds
148.169: [GC [PSYoungGen: 20224K->2304K(20480K)] 47599K->33775K(66560K), 0.0018560 secs] [Times: user=0.01 sys=0.00, real=0.01 secs] 
148.171: Total time for which application threads were stopped: 0.0020060 seconds, Stopping threads took: 0.0000740 seconds
148.201: Application time: 0.0293350 seconds
148.201: [GC [PSYoungGen: 20224K->2272K(20480K)] 51695K->37839K(66560K), 0.0018040 secs] [Times: user=0.01 sys=0.00, real=0.00 secs] 
148.203: Total time for which application threads were stopped: 0.0019570 seconds, Stopping threads took: 0.0000800 seconds
148.238: Application time: 0.0359780 seconds
148.239: [GC [PSYoungGen: 19361K->2304K(20480K)] 54928K->39919K(66560K), 0.0011990 secs] [Times: user=0.01 sys=0.00, real=0.00 secs] 
148.240: Total time for which application threads were stopped: 0.0013310 seconds, Stopping threads took: 0.0000640 seconds
148.275: Application time: 0.0352680 seconds
148.275: [GC [PSYoungGen: 19624K->2304K(20480K)] 57239K->42991K(66560K), 0.0014170 secs] [Times: user=0.01 sys=0.00, real=0.00 secs] 
148.277: [Full GC [PSYoungGen: 2304K->0K(20480K)] [ParOldGen: 40687K->8983K(46080K)] 42991K->8983K(66560K) [PSPermGen: 5528K->5528K(21504K)], 0.0058930 secs] [Times: user=0.02 sys=0.00, real=0.01 secs] 
148.283: Total time for which application threads were stopped: 0.0075260 seconds, Stopping threads took: 0.0000910 seconds
148.310: Application time: 0.0277300 seconds
148.310: [GC [PSYoungGen: 17695K->2304K(20480K)] 26679K->14360K(66560K), 0.0014770 secs] [Times: user=0.01 sys=0.00, real=0.00 secs] 
148.312: Total time for which application threads were stopped: 0.0016160 seconds, Stopping threads took: 0.0000640 seconds
148.345: Application time: 0.0334120 seconds
148.345: [GC [PSYoungGen: 19507K->2336K(20480K)] 31563K->16440K(66560K), 0.0012050 secs] [Times: user=0.00 sys=0.01, real=0.00 secs] 
148.347: Total time for which application threads were stopped: 0.0013450 seconds, Stopping threads took: 0.0000710 seconds
148.377: Application time: 0.0299440 seconds
148.377: [GC [PSYoungGen: 19505K->2352K(20480K)] 33609K->21576K(66560K), 0.0021170 secs] [Times: user=0.01 sys=0.00, real=0.01 secs] 
148.379: Total time for which application threads were stopped: 0.0022670 seconds, Stopping threads took: 0.0000760 seconds
148.411: Application time: 0.0316260 seconds
148.411: [GC [PSYoungGen: 19476K->2512K(20480K)] 38700K->24808K(66560K), 0.0015430 secs] [Times: user=0.01 sys=0.00, real=0.00 secs] 
148.412: Total time for which application threads were stopped: 0.0016920 seconds, Stopping threads took: 0.0000820 seconds
148.443: Application time: 0.0307560 seconds
148.443: [GC [PSYoungGen: 19683K->2464K(20480K)] 41979K->29880K(66560K), 0.0021040 secs] [Times: user=0.01 sys=0.00, real=0.00 secs] 
148.445: Total time for which application threads were stopped: 0.0022420 seconds, Stopping threads took: 0.0000620 seconds
148.477: Application time: 0.0318700 seconds
148.477: [GC [PSYoungGen: 20185K->2496K(20480K)] 47601K->35032K(66560K), 0.0021060 secs] [Times: user=0.01 sys=0.00, real=0.01 secs] 
148.479: Total time for which application threads were stopped: 0.0022530 seconds, Stopping threads took: 0.0000690 seconds
148.510: Application time: 0.0309640 seconds
148.511: [GC [PSYoungGen: 19729K->2496K(20480K)] 52266K->40152K(66560K), 0.0021280 secs] [Times: user=0.02 sys=0.00, real=0.00 secs] 
148.513: Total time for which application threads were stopped: 0.0023070 seconds, Stopping threads took: 0.0001060 seconds
148.546: Application time: 0.0330090 seconds
148.546: [GC [PSYoungGen: 20310K->2512K(20480K)] 57966K->44264K(66560K), 0.0019580 secs] [Times: user=0.02 sys=0.00, real=0.00 secs] 
148.548: [Full GC [PSYoungGen: 2512K->0K(20480K)] [ParOldGen: 41752K->9985K(46080K)] 44264K->9985K(66560K) [PSPermGen: 5528K->5528K(21504K)], 0.0061230 secs] [Times: user=0.02 sys=0.00, real=0.01 secs] 
148.554: Total time for which application threads were stopped: 0.0083610 seconds, Stopping threads took: 0.0001590 seconds
148.587: Application time: 0.0332990 seconds
148.587: [GC [PSYoungGen: 17250K->2304K(20480K)] 27235K->16385K(66560K), 0.0017380 secs] [Times: user=0.01 sys=0.00, real=0.00 secs] 
148.589: Total time for which application threads were stopped: 0.0018960 seconds, Stopping threads took: 0.0000750 seconds
148.622: Application time: 0.0331080 seconds
148.623: [GC [PSYoungGen: 19794K->2240K(20480K)] 33876K->21442K(66560K), 0.0022150 secs] [Times: user=0.01 sys=0.00, real=0.00 secs] 
148.625: Total time for which application threads were stopped: 0.0024430 seconds, Stopping threads took: 0.0001500 seconds
148.665: Application time: 0.0401590 seconds
148.665: [GC [PSYoungGen: 19570K->2304K(20480K)] 38772K->24578K(66560K), 0.0015010 secs] [Times: user=0.01 sys=0.00, real=0.00 secs] 
148.667: Total time for which application threads were stopped: 0.0016530 seconds, Stopping threads took: 0.0000810 seconds
148.694: Application time: 0.0276860 seconds
148.694: [GC [PSYoungGen: 20007K->2304K(20480K)] 42281K->29698K(66560K), 0.0021250 secs] [Times: user=0.01 sys=0.00, real=0.00 secs] 
148.697: Total time for which application threads were stopped: 0.0022850 seconds, Stopping threads took: 0.0000830 seconds
148.731: Application time: 0.0345100 seconds
148.731: [GC [PSYoungGen: 19428K->2304K(20480K)] 46822K->32770K(66560K), 0.0014590 secs] [Times: user=0.01 sys=0.00, real=0.00 secs] 
148.733: Total time for which application threads were stopped: 0.0015950 seconds, Stopping threads took: 0.0000670 seconds
148.764: Application time: 0.0310190 seconds
148.764: [GC [PSYoungGen: 19201K->2304K(20480K)] 49668K->37890K(66560K), 0.0019880 secs] [Times: user=0.01 sys=0.00, real=0.00 secs] 
148.766: Total time for which application threads were stopped: 0.0021320 seconds, Stopping threads took: 0.0000700 seconds
148.797: Application time: 0.0313570 seconds
148.797: [GC [PSYoungGen: 19280K->2304K(20480K)] 54866K->43010K(66560K), 0.0020990 secs] [Times: user=0.02 sys=0.00, real=0.01 secs] 
148.799: [Full GC [PSYoungGen: 2304K->0K(20480K)] [ParOldGen: 40706K->10994K(46080K)] 43010K->10994K(66560K) [PSPermGen: 5528K->5528K(21504K)], 0.0063120 secs] [Times: user=0.02 sys=0.00, real=0.00 secs] 
148.806: Total time for which application threads were stopped: 0.0086250 seconds, Stopping threads took: 0.0000780 seconds
148.835: Application time: 0.0291650 seconds
148.835: [GC [PSYoungGen: 16962K->2304K(20480K)] 27956K->18418K(66560K), 0.0020170 secs] [Times: user=0.01 sys=0.00, real=0.00 secs] 
148.837: Total time for which application threads were stopped: 0.0021690 seconds, Stopping threads took: 0.0000770 seconds
148.871: Application time: 0.0334120 seconds
148.875: [GC [PSYoungGen: 19310K->2304K(20480K)] 35425K->23538K(66560K), 0.0020720 secs] [Times: user=0.01 sys=0.00, real=0.00 secs] 
148.877: Total time for which application threads were stopped: 0.0061000 seconds, Stopping threads took: 0.0039530 seconds
148.908: Application time: 0.0308610 seconds
148.908: [GC [PSYoungGen: 19261K->2304K(20480K)] 40495K->27634K(66560K), 0.0017130 secs] [Times: user=0.01 sys=0.00, real=0.00 secs] 
148.909: Total time for which application threads were stopped: 0.0018780 seconds, Stopping threads took: 0.0000870 seconds
148.943: Application time: 0.0332440 seconds
148.943: [GC [PSYoungGen: 19299K->2304K(20480K)] 44630K->30706K(66560K), 0.0016230 secs] [Times: user=0.01 sys=0.00, real=0.00 secs] 
148.944: Total time for which application threads were stopped: 0.0017970 seconds, Stopping threads took: 0.0001030 seconds
148.974: Application time: 0.0296860 seconds
148.974: [GC [PSYoungGen: 19226K->2304K(20480K)] 47629K->33779K(66560K), 0.0015500 secs] [Times: user=0.01 sys=0.00, real=0.00 secs] 
148.976: Total time for which application threads were stopped: 0.0017060 seconds, Stopping threads took: 0.0000830 seconds
149.009: Application time: 0.0334100 seconds
149.009: [GC [PSYoungGen: 19256K->2240K(20480K)] 50731K->36787K(66560K), 0.0014630 secs] [Times: user=0.01 sys=0.00, real=0.01 secs] 
149.011: Total time for which application threads were stopped: 0.0016150 seconds, Stopping threads took: 0.0000770 seconds
149.043: Application time: 0.0317010 seconds
149.043: [GC [PSYoungGen: 19403K->2320K(20480K)] 53950K->39939K(66560K), 0.0015400 secs] [Times: user=0.01 sys=0.00, real=0.00 secs] 
149.044: Total time for which application threads were stopped: 0.0017010 seconds, Stopping threads took: 0.0000870 seconds
149.075: Application time: 0.0307990 seconds
149.075: [GC [PSYoungGen: 20234K->2384K(20480K)] 57853K->43075K(66560K), 0.0014410 secs] [Times: user=0.01 sys=0.00, real=0.00 secs] 
149.077: [Full GC [PSYoungGen: 2384K->0K(20480K)] [ParOldGen: 40691K->8967K(46080K)] 43075K->8967K(66560K) [PSPermGen: 5528K->5528K(21504K)], 0.0058950 secs] [Times: user=0.02 sys=0.00, real=0.01 secs] 
149.083: Total time for which application threads were stopped: 0.0075280 seconds, Stopping threads took: 0.0000720 seconds
149.116: Application time: 0.0333070 seconds
149.116: [GC [PSYoungGen: 17571K->2336K(20480K)] 26539K->14375K(66560K), 0.0014300 secs] [Times: user=0.01 sys=0.00, real=0.00 secs] 
149.118: Total time for which application threads were stopped: 0.0015780 seconds, Stopping threads took: 0.0000760 seconds
149.150: Application time: 0.0329240 seconds
149.151: [GC [PSYoungGen: 20256K->2384K(20480K)] 32295K->16471K(66560K), 0.0012030 secs] [Times: user=0.01 sys=0.00, real=0.00 secs] 
149.152: Total time for which application threads were stopped: 0.0013620 seconds, Stopping threads took: 0.0000890 seconds
149.182: Application time: 0.0303650 seconds
149.182: [GC [PSYoungGen: 19496K->2400K(20480K)] 33584K->18535K(66560K), 0.0012640 secs] [Times: user=0.01 sys=0.00, real=0.00 secs] 
149.184: Total time for which application threads were stopped: 0.0014060 seconds, Stopping threads took: 0.0000690 seconds
149.217: Application time: 0.0335100 seconds
149.217: [GC [PSYoungGen: 20271K->2400K(20480K)] 36407K->20583K(66560K), 0.0011510 secs] [Times: user=0.00 sys=0.00, real=0.00 secs] 
149.218: Total time for which application threads were stopped: 0.0012910 seconds, Stopping threads took: 0.0000730 seconds
149.250: Application time: 0.0314240 seconds
149.250: [GC [PSYoungGen: 19501K->2384K(20480K)] 37685K->22615K(66560K), 0.0012750 secs] [Times: user=0.01 sys=0.00, real=0.01 secs] 
149.251: Total time for which application threads were stopped: 0.0014120 seconds, Stopping threads took: 0.0000670 seconds
149.284: Application time: 0.0324920 seconds
149.284: [GC [PSYoungGen: 20162K->2336K(20480K)] 40394K->23591K(66560K), 0.0009430 secs] [Times: user=0.01 sys=0.00, real=0.00 secs] 
149.285: Total time for which application threads were stopped: 0.0010860 seconds, Stopping threads took: 0.0000770 seconds
149.317: Application time: 0.0326050 seconds
149.318: [GC [PSYoungGen: 19547K->2384K(20480K)] 40803K->25687K(66560K), 0.0012690 secs] [Times: user=0.00 sys=0.00, real=0.01 secs] 
149.319: Total time for which application threads were stopped: 0.0014110 seconds, Stopping threads took: 0.0000630 seconds
149.351: Application time: 0.0318550 seconds
149.351: [GC [PSYoungGen: 20164K->2352K(20480K)] 43468K->26679K(66560K), 0.0009860 secs] [Times: user=0.01 sys=0.00, real=0.00 secs] 
149.352: Total time for which application threads were stopped: 0.0011200 seconds, Stopping threads took: 0.0000680 seconds
149.382: Application time: 0.0302380 seconds
149.382: [GC [PSYoungGen: 19251K->2352K(20480K)] 43579K->28727K(66560K), 0.0012970 secs] [Times: user=0.01 sys=0.00, real=0.00 secs] 
149.384: Total time for which application threads were stopped: 0.0014410 seconds, Stopping threads took: 0.0000750 seconds
149.417: Application time: 0.0334250 seconds
149.417: [GC [PSYoungGen: 20272K->2384K(20480K)] 46647K->31832K(66560K), 0.0013960 secs] [Times: user=0.01 sys=0.00, real=0.00 secs] 
149.418: Total time for which application threads were stopped: 0.0015410 seconds, Stopping threads took: 0.0000700 seconds
149.451: Application time: 0.0324120 seconds
149.451: [GC [PSYoungGen: 19505K->2384K(20480K)] 48953K->33880K(66560K), 0.0012500 secs] [Times: user=0.01 sys=0.00, real=0.00 secs] 
149.452: Total time for which application threads were stopped: 0.0013950 seconds, Stopping threads took: 0.0000750 seconds
149.485: Application time: 0.0325570 seconds
149.485: [GC [PSYoungGen: 20304K->2400K(20480K)] 51800K->36968K(66560K), 0.0013950 secs] [Times: user=0.01 sys=0.00, real=0.00 secs] 
149.486: Total time for which application threads were stopped: 0.0015240 seconds, Stopping threads took: 0.0000630 seconds
149.519: Application time: 0.0323400 seconds
149.519: [GC [PSYoungGen: 19448K->2432K(20480K)] 54016K->41096K(66560K), 0.0017730 secs] [Times: user=0.01 sys=0.00, real=0.00 secs] 
149.521: Total time for which application threads were stopped: 0.0019190 seconds, Stopping threads took: 0.0000760 seconds
149.550: Application time: 0.0290140 seconds
149.550: [GC [PSYoungGen: 20239K->2400K(20480K)] 58903K->46184K(66560K), 0.0020150 secs] [Times: user=0.01 sys=0.00, real=0.01 secs] 
149.552: [Full GC [PSYoungGen: 2400K->0K(20480K)] [ParOldGen: 43784K->10995K(46080K)] 46184K->10995K(66560K) [PSPermGen: 5528K->5528K(21504K)], 0.0063440 secs] [Times: user=0.02 sys=0.00, real=0.00 secs] 
149.558: Total time for which application threads were stopped: 0.0085500 seconds, Stopping threads took: 0.0000680 seconds
149.594: Application time: 0.0353160 seconds
149.594: [GC [PSYoungGen: 17204K->2304K(20480K)] 28200K->17395K(66560K), 0.0017490 secs] [Times: user=0.02 sys=0.00, real=0.00 secs] 
149.595: Total time for which application threads were stopped: 0.0019040 seconds, Stopping threads took: 0.0000800 seconds
149.623: Application time: 0.0272260 seconds
149.623: [GC [PSYoungGen: 20116K->2304K(20480K)] 35208K->22515K(66560K), 0.0020590 secs] [Times: user=0.02 sys=0.00, real=0.00 secs] 
149.625: Total time for which application threads were stopped: 0.0022020 seconds, Stopping threads took: 0.0000680 seconds
149.662: Application time: 0.0375130 seconds
149.662: [GC [PSYoungGen: 19490K->2304K(20480K)] 39702K->26612K(66560K), 0.0016750 secs] [Times: user=0.01 sys=0.00, real=0.00 secs] 
149.664: Total time for which application threads were stopped: 0.0018140 seconds, Stopping threads took: 0.0000610 seconds
149.692: Application time: 0.0274340 seconds
149.692: [GC [PSYoungGen: 20154K->2304K(20480K)] 44462K->31732K(66560K), 0.0020680 secs] [Times: user=0.02 sys=0.00, real=0.00 secs] 
149.694: Total time for which application threads were stopped: 0.0022220 seconds, Stopping threads took: 0.0000760 seconds
149.730: Application time: 0.0363350 seconds
149.730: [GC [PSYoungGen: 19353K->2304K(20480K)] 48781K->34804K(66560K), 0.0015050 secs] [Times: user=0.01 sys=0.00, real=0.01 secs] 
149.732: Total time for which application threads were stopped: 0.0016550 seconds, Stopping threads took: 0.0000790 seconds
149.760: Application time: 0.0286400 seconds
149.761: [GC [PSYoungGen: 19391K->2304K(20480K)] 51892K->39924K(66560K), 0.0020460 secs] [Times: user=0.01 sys=0.00, real=0.00 secs] 
149.763: Total time for which application threads were stopped: 0.0022010 seconds, Stopping threads took: 0.0000750 seconds
149.794: Application time: 0.0315810 seconds
149.794: [GC [PSYoungGen: 19400K->2432K(20480K)] 57020K->44148K(66560K), 0.0017540 secs] [Times: user=0.01 sys=0.00, real=0.00 secs] 
149.796: [Full GC [PSYoungGen: 2432K->0K(20480K)] [ParOldGen: 41716K->9978K(46080K)] 44148K->9978K(66560K) [PSPermGen: 5528K->5528K(21504K)], 0.0063490 secs] [Times: user=0.03 sys=0.00, real=0.01 secs] 
149.803: Total time for which application threads were stopped: 0.0082900 seconds, Stopping threads took: 0.0000630 seconds
149.832: Application time: 0.0289480 seconds
149.832: [GC [PSYoungGen: 17348K->2336K(20480K)] 27326K->17434K(66560K), 0.0022390 secs] [Times: user=0.02 sys=0.00, real=0.00 secs] 
149.834: Total time for which application threads were stopped: 0.0024050 seconds, Stopping threads took: 0.0000730 seconds
149.867: Application time: 0.0328990 seconds
149.867: [GC [PSYoungGen: 20182K->2352K(20480K)] 35280K->20522K(66560K), 0.0015380 secs] [Times: user=0.01 sys=0.00, real=0.00 secs] 
149.869: Total time for which application threads were stopped: 0.0016900 seconds, Stopping threads took: 0.0000820 seconds
149.902: Application time: 0.0332290 seconds
149.902: [GC [PSYoungGen: 19795K->2416K(20480K)] 37965K->24682K(66560K), 0.0019220 secs] [Times: user=0.01 sys=0.00, real=0.00 secs] 
149.904: Total time for which application threads were stopped: 0.0020910 seconds, Stopping threads took: 0.0000960 seconds
149.937: Application time: 0.0328340 seconds
149.939: [GC [PSYoungGen: 20133K->2368K(20480K)] 42399K->26682K(66560K), 0.0013460 secs] [Times: user=0.01 sys=0.00, real=0.00 secs] 
149.940: Total time for which application threads were stopped: 0.0032520 seconds, Stopping threads took: 0.0018350 seconds
149.973: Application time: 0.0330200 seconds
149.973: [GC [PSYoungGen: 19700K->2432K(20480K)] 44015K->30842K(66560K), 0.0018770 secs] [Times: user=0.01 sys=0.00, real=0.00 secs] 
149.975: Total time for which application threads were stopped: 0.0020470 seconds, Stopping threads took: 0.0000960 seconds
150.008: Application time: 0.0328970 seconds
150.008: [GC [PSYoungGen: 20107K->2384K(20480K)] 48518K->32842K(66560K), 0.0013230 secs] [Times: user=0.01 sys=0.00, real=0.00 secs] 
150.009: Total time for which application threads were stopped: 0.0014750 seconds, Stopping threads took: 0.0000820 seconds
150.043: Application time: 0.0334750 seconds
150.043: [GC [PSYoungGen: 19781K->2432K(20480K)] 50240K->35962K(66560K), 0.0015960 secs] [Times: user=0.01 sys=0.00, real=0.00 secs] 
150.045: Total time for which application threads were stopped: 0.0017750 seconds, Stopping threads took: 0.0001040 seconds
150.077: Application time: 0.0323130 seconds
150.077: [GC [PSYoungGen: 20076K->2400K(20480K)] 53607K->37978K(66560K), 0.0012920 secs] [Times: user=0.01 sys=0.00, real=0.00 secs] 
150.078: Total time for which application threads were stopped: 0.0014280 seconds, Stopping threads took: 0.0000650 seconds
150.111: Application time: 0.0331320 seconds
150.112: [GC [PSYoungGen: 19743K->2384K(20480K)] 55321K->41034K(66560K), 0.0015070 secs] [Times: user=0.01 sys=0.00, real=0.00 secs] 
150.113: Total time for which application threads were stopped: 0.0016610 seconds, Stopping threads took: 0.0000810 seconds
150.146: Application time: 0.0324720 seconds
150.146: [GC [PSYoungGen: 20080K->2416K(20480K)] 58730K->44138K(66560K), 0.0015720 secs] [Times: user=0.01 sys=0.00, real=0.00 secs] 
150.147: [Full GC [PSYoungGen: 2416K->0K(20480K)] [ParOldGen: 41722K->8966K(46080K)] 44138K->8966K(66560K) [PSPermGen: 5528K->5528K(21504K)], 0.0059670 secs] [Times: user=0.03 sys=0.00, real=0.01 secs] 
150.153: Total time for which application threads were stopped: 0.0077290 seconds, Stopping threads took: 0.0000690 seconds
150.187: Application time: 0.0332430 seconds
150.187: [GC [PSYoungGen: 17326K->2304K(20480K)] 26292K->13318K(66560K), 0.0011840 secs] [Times: user=0.01 sys=0.00, real=0.00 secs] 
150.188: Total time for which application threads were stopped: 0.0013240 seconds, Stopping threads took: 0.0000720 seconds
150.219: Application time: 0.0315420 seconds
150.220: [GC [PSYoungGen: 19960K->2304K(20480K)] 30974K->16390K(66560K), 0.0013930 secs] [Times: user=0.01 sys=0.00, real=0.00 secs] 
150.221: Total time for which application threads were stopped: 0.0015320 seconds, Stopping threads took: 0.0000670 seconds
150.254: Application time: 0.0331770 seconds
150.254: [GC [PSYoungGen: 19535K->2272K(20480K)] 33621K->18406K(66560K), 0.0011920 secs] [Times: user=0.00 sys=0.00, real=0.00 secs] 
150.256: Total time for which application threads were stopped: 0.0013410 seconds, Stopping threads took: 0.0000790 seconds
150.285: Application time: 0.0296240 seconds
150.287: [GC [PSYoungGen: 19869K->2304K(20480K)] 36004K->20486K(66560K), 0.0012030 secs] [Times: user=0.00 sys=0.00, real=0.00 secs] 
150.288: Total time for which application threads were stopped: 0.0026090 seconds, Stopping threads took: 0.0013350 seconds
150.321: Application time: 0.0331540 seconds
150.321: [GC [PSYoungGen: 19484K->2320K(20480K)] 37666K->22550K(66560K), 0.0011640 secs] [Times: user=0.01 sys=0.00, real=0.00 secs] 
150.322: Total time for which application threads were stopped: 0.0013270 seconds, Stopping threads took: 0.0000920 seconds
150.353: Application time: 0.0309980 seconds
150.353: [GC [PSYoungGen: 20024K->2320K(20480K)] 40254K->24598K(66560K), 0.0011430 secs] [Times: user=0.01 sys=0.00, real=0.00 secs] 
150.355: Total time for which application threads were stopped: 0.0012800 seconds, Stopping threads took: 0.0000580 seconds
150.387: Application time: 0.0324530 seconds
150.387: [GC [PSYoungGen: 19422K->2272K(20480K)] 41701K->25574K(66560K), 0.0009180 secs] [Times: user=0.01 sys=0.00, real=0.00 secs] 
150.388: Total time for which application threads were stopped: 0.0010520 seconds, Stopping threads took: 0.0000670 seconds
150.417: Application time: 0.0290630 seconds
150.417: [GC [PSYoungGen: 19971K->2272K(20480K)] 43273K->28646K(66560K), 0.0014110 secs] [Times: user=0.01 sys=0.00, real=0.01 secs] 
150.419: Total time for which application threads were stopped: 0.0015760 seconds, Stopping threads took: 0.0000960 seconds
150.453: Application time: 0.0344700 seconds
150.453: [GC [PSYoungGen: 19571K->2288K(20480K)] 45945K->30710K(66560K), 0.0012340 secs] [Times: user=0.01 sys=0.00, real=0.00 secs] 
150.455: Total time for which application threads were stopped: 0.0013790 seconds, Stopping threads took: 0.0000770 seconds
150.484: Application time: 0.0295900 seconds
150.484: [GC [PSYoungGen: 20208K->2400K(20480K)] 48630K->34918K(66560K), 0.0016780 secs] [Times: user=0.01 sys=0.00, real=0.00 secs] 
150.486: Total time for which application threads were stopped: 0.0018180 seconds, Stopping threads took: 0.0000680 seconds
150.520: Application time: 0.0342690 seconds
150.520: [GC [PSYoungGen: 19793K->2448K(20480K)] 52312K->38038K(66560K), 0.0015230 secs] [Times: user=0.01 sys=0.00, real=0.00 secs] 
150.522: Total time for which application threads were stopped: 0.0016650 seconds, Stopping threads took: 0.0000740 seconds
150.550: Application time: 0.0278000 seconds
150.550: [GC [PSYoungGen: 19378K->2384K(20480K)] 54969K->43094K(66560K), 0.0020680 secs] [Times: user=0.01 sys=0.00, real=0.01 secs] 
150.552: [Full GC [PSYoungGen: 2384K->0K(20480K)] [ParOldGen: 40710K->10998K(46080K)] 43094K->10998K(66560K) [PSPermGen: 5528K->5528K(21504K)], 0.0062930 secs] [Times: user=0.03 sys=0.00, real=0.00 secs] 
150.558: Total time for which application threads were stopped: 0.0085590 seconds, Stopping threads took: 0.0000760 seconds
150.593: Application time: 0.0343660 seconds
150.593: [GC [PSYoungGen: 17299K->2320K(20480K)] 28298K->16391K(66560K), 0.0015380 secs] [Times: user=0.01 sys=0.00, real=0.00 secs] 
150.594: Total time for which application threads were stopped: 0.0016850 seconds, Stopping threads took: 0.0000730 seconds
150.622: Application time: 0.0277670 seconds
150.622: [GC [PSYoungGen: 20239K->2320K(20480K)] 34310K->22535K(66560K), 0.0024110 secs] [Times: user=0.01 sys=0.00, real=0.00 secs] 
150.625: Total time for which application threads were stopped: 0.0025710 seconds, Stopping threads took: 0.0000830 seconds
150.662: Application time: 0.0373690 seconds
150.670: [GC [PSYoungGen: 19412K->2336K(20480K)] 39627K->26647K(66560K), 0.0018010 secs] [Times: user=0.02 sys=0.00, real=0.01 secs] 
150.672: Total time for which application threads were stopped: 0.0099270 seconds, Stopping threads took: 0.0080550 seconds
150.699: Application time: 0.0269650 seconds
150.699: [GC [PSYoungGen: 19234K->2368K(20480K)] 43545K->31799K(66560K), 0.0020260 secs] [Times: user=0.02 sys=0.00, real=0.00 secs] 
150.701: Total time for which application threads were stopped: 0.0021970 seconds, Stopping threads took: 0.0000910 seconds
150.737: Application time: 0.0361410 seconds
150.737: [GC [PSYoungGen: 19375K->2368K(20480K)] 48806K->35895K(66560K), 0.0017240 secs] [Times: user=0.01 sys=0.01, real=0.01 secs] 
150.739: Total time for which application threads were stopped: 0.0018630 seconds, Stopping threads took: 0.0000660 seconds
150.766: Application time: 0.0266870 seconds
150.766: [GC [PSYoungGen: 19306K->2352K(20480K)] 52834K->39975K(66560K), 0.0017730 secs] [Times: user=0.02 sys=0.00, real=0.00 secs] 
150.768: Total time for which application threads were stopped: 0.0019190 seconds, Stopping threads took: 0.0000720 seconds
150.802: Application time: 0.0338380 seconds
150.802: [GC [PSYoungGen: 20147K->2320K(20480K)] 57770K->43015K(66560K), 0.0016050 secs] [Times: user=0.01 sys=0.00, real=0.00 secs] 
150.803: [Full GC [PSYoungGen: 2320K->0K(20480K)] [ParOldGen: 40695K->8967K(46080K)] 43015K->8967K(66560K) [PSPermGen: 5528K->5528K(21504K)], 0.0058310 secs] [Times: user=0.02 sys=0.00, real=0.00 secs] 
150.809: Total time for which application threads were stopped: 0.0076370 seconds, Stopping threads took: 0.0000830 seconds
150.841: Application time: 0.0318950 seconds
150.841: [GC [PSYoungGen: 17255K->2304K(20480K)] 26222K->15367K(66560K), 0.0017130 secs] [Times: user=0.01 sys=0.00, real=0.00 secs] 
150.843: Total time for which application threads were stopped: 0.0018570 seconds, Stopping threads took: 0.0000650 seconds
150.876: Application time: 0.0334110 seconds
150.877: [GC [PSYoungGen: 20044K->2304K(20480K)] 33107K->17415K(66560K), 0.0012990 secs] [Times: user=0.00 sys=0.00, real=0.00 secs] 
150.878: Total time for which application threads were stopped: 0.0014460 seconds, Stopping threads took: 0.0000660 seconds
150.909: Application time: 0.0307820 seconds
150.909: [GC [PSYoungGen: 19568K->2304K(20480K)] 34679K->21511K(66560K), 0.0018030 secs] [Times: user=0.01 sys=0.00, real=0.01 secs] 
150.911: Total time for which application threads were stopped: 0.0019630 seconds, Stopping threads took: 0.0000870 seconds
150.946: Application time: 0.0352910 seconds
150.946: [GC [PSYoungGen: 20096K->2320K(20480K)] 39304K->22551K(66560K), 0.0009920 secs] [Times: user=0.00 sys=0.00, real=0.00 secs] 
150.947: Total time for which application threads were stopped: 0.0011540 seconds, Stopping threads took: 0.0000890 seconds
150.977: Application time: 0.0302460 seconds
150.977: [GC [PSYoungGen: 19564K->2304K(20480K)] 39796K->26631K(66560K), 0.0017420 secs] [Times: user=0.01 sys=0.00, real=0.01 secs] 
150.979: Total time for which application threads were stopped: 0.0018970 seconds, Stopping threads took: 0.0000790 seconds
151.012: Application time: 0.0328480 seconds
151.012: [GC [PSYoungGen: 19944K->2304K(20480K)] 44272K->28679K(66560K), 0.0012260 secs] [Times: user=0.01 sys=0.00, real=0.00 secs] 
151.013: Total time for which application threads were stopped: 0.0013660 seconds, Stopping threads took: 0.0000730 seconds
151.046: Application time: 0.0321710 seconds
151.046: [GC [PSYoungGen: 19670K->2304K(20480K)] 46045K->31751K(66560K), 0.0014520 secs] [Times: user=0.01 sys=0.00, real=0.00 secs] 
151.047: Total time for which application threads were stopped: 0.0016140 seconds, Stopping threads took: 0.0000880 seconds
151.081: Application time: 0.0334430 seconds
151.081: [GC [PSYoungGen: 19982K->2304K(20480K)] 49430K->32775K(66560K), 0.0009430 secs] [Times: user=0.01 sys=0.00, real=0.00 secs] 
151.082: Total time for which application threads were stopped: 0.0010700 seconds, Stopping threads took: 0.0000590 seconds
151.112: Application time: 0.0303010 seconds
151.112: [GC [PSYoungGen: 19551K->2304K(20480K)] 50022K->35847K(66560K), 0.0015320 secs] [Times: user=0.01 sys=0.00, real=0.00 secs] 
151.114: Total time for which application threads were stopped: 0.0016740 seconds, Stopping threads took: 0.0000700 seconds
151.147: Application time: 0.0330530 seconds
151.147: [GC [PSYoungGen: 19881K->2272K(20480K)] 53425K->36839K(66560K), 0.0009340 secs] [Times: user=0.00 sys=0.00, real=0.00 secs] 
151.148: Total time for which application threads were stopped: 0.0010730 seconds, Stopping threads took: 0.0000730 seconds
151.181: Application time: 0.0333710 seconds
151.181: [GC [PSYoungGen: 19837K->2304K(20480K)] 54405K->39943K(66560K), 0.0014730 secs] [Times: user=0.00 sys=0.00, real=0.00 secs] 
151.183: Total time for which application threads were stopped: 0.0016310 seconds, Stopping threads took: 0.0000850 seconds
151.213: Application time: 0.0300790 seconds
151.213: [GC [PSYoungGen: 19809K->2336K(20480K)] 57449K->43048K(66560K), 0.0014240 secs] [Times: user=0.01 sys=0.00, real=0.00 secs] 
151.214: [Full GC [PSYoungGen: 2336K->0K(20480K)] [ParOldGen: 40711K->8950K(46080K)] 43048K->8950K(66560K) [PSPermGen: 5528K->5528K(21504K)], 0.0057120 secs] [Times: user=0.03 sys=0.00, real=0.01 secs] 
151.220: Total time for which application threads were stopped: 0.0073360 seconds, Stopping threads took: 0.0000690 seconds
151.253: Application time: 0.0330450 seconds
151.253: [GC [PSYoungGen: 17920K->2368K(20480K)] 26870K->14390K(66560K), 0.0014980 secs] [Times: user=0.01 sys=0.00, real=0.00 secs] 
151.255: Total time for which application threads were stopped: 0.0016460 seconds, Stopping threads took: 0.0000730 seconds
151.284: Application time: 0.0295730 seconds
151.285: [GC [PSYoungGen: 19669K->2352K(20480K)] 31692K->17446K(66560K), 0.0013950 secs] [Times: user=0.01 sys=0.00, real=0.00 secs] 
151.286: Total time for which application threads were stopped: 0.0015370 seconds, Stopping threads took: 0.0000740 seconds
151.321: Application time: 0.0353740 seconds
151.322: [GC [PSYoungGen: 20224K->2400K(20480K)] 35318K->19542K(66560K), 0.0012170 secs] [Times: user=0.00 sys=0.00, real=0.00 secs] 
151.323: Total time for which application threads were stopped: 0.0013640 seconds, Stopping threads took: 0.0000780 seconds
151.349: Application time: 0.0259270 seconds
151.349: [GC [PSYoungGen: 19692K->2384K(20480K)] 36835K->24647K(66560K), 0.0020600 secs] [Times: user=0.01 sys=0.00, real=0.01 secs] 
151.351: Total time for which application threads were stopped: 0.0021980 seconds, Stopping threads took: 0.0000630 seconds
151.389: Application time: 0.0382870 seconds
151.389: [GC [PSYoungGen: 19967K->2416K(20480K)] 42230K->25703K(66560K), 0.0010060 secs] [Times: user=0.01 sys=0.00, real=0.00 secs] 
151.390: Total time for which application threads were stopped: 0.0011620 seconds, Stopping threads took: 0.0000800 seconds
151.417: Application time: 0.0267740 seconds
151.417: [GC [PSYoungGen: 19892K->2432K(20480K)] 43179K->30839K(66560K), 0.0019760 secs] [Times: user=0.01 sys=0.00, real=0.01 secs] 
151.419: Total time for which application threads were stopped: 0.0021250 seconds, Stopping threads took: 0.0000770 seconds
151.459: Application time: 0.0397130 seconds
151.459: [GC [PSYoungGen: 20012K->2368K(20480K)] 48419K->31799K(66560K), 0.0010240 secs] [Times: user=0.01 sys=0.00, real=0.00 secs] 
151.460: Total time for which application threads were stopped: 0.0011700 seconds, Stopping threads took: 0.0000800 seconds
151.487: Application time: 0.0266980 seconds
151.487: [GC [PSYoungGen: 19844K->2416K(20480K)] 49275K->36967K(66560K), 0.0020150 secs] [Times: user=0.01 sys=0.00, real=0.00 secs] 
151.489: Total time for which application threads were stopped: 0.0021450 seconds, Stopping threads took: 0.0000580 seconds
151.529: Application time: 0.0398520 seconds
151.529: [GC [PSYoungGen: 20052K->2432K(20480K)] 54603K->38007K(66560K), 0.0010440 secs] [Times: user=0.00 sys=0.00, real=0.00 secs] 
151.530: Total time for which application threads were stopped: 0.0011700 seconds, Stopping threads took: 0.0000560 seconds
151.552: Application time: 0.0217350 seconds
151.552: [GC [PSYoungGen: 19763K->2368K(20480K)] 55338K->43063K(66560K), 0.0020830 secs] [Times: user=0.01 sys=0.00, real=0.00 secs] 
151.554: [Full GC [PSYoungGen: 2368K->0K(20480K)] [ParOldGen: 40695K->10994K(46080K)] 43063K->10994K(66560K) [PSPermGen: 5528K->5528K(21504K)], 0.0063570 secs] [Times: user=0.03 sys=0.00, real=0.01 secs] 
151.560: Total time for which application threads were stopped: 0.0086400 seconds, Stopping threads took: 0.0000770 seconds
151.601: Application time: 0.0402480 seconds
151.601: [GC [PSYoungGen: 17414K->2304K(20480K)] 28408K->15346K(66560K), 0.0011680 secs] [Times: user=0.01 sys=0.00, real=0.00 secs] 
151.602: Total time for which application threads were stopped: 0.0012970 seconds, Stopping threads took: 0.0000620 seconds
151.627: Application time: 0.0247810 seconds
151.627: [GC [PSYoungGen: 19942K->2304K(20480K)] 32985K->20466K(66560K), 0.0019890 secs] [Times: user=0.02 sys=0.00, real=0.00 secs] 
151.629: Total time for which application threads were stopped: 0.0021320 seconds, Stopping threads took: 0.0000700 seconds
151.667: Application time: 0.0382120 seconds
151.667: [GC [PSYoungGen: 19445K->2304K(20480K)] 37608K->22514K(66560K), 0.0012380 secs] [Times: user=0.01 sys=0.00, real=0.00 secs] 
151.668: Total time for which application threads were stopped: 0.0013900 seconds, Stopping threads took: 0.0000830 seconds
151.694: Application time: 0.0253890 seconds
151.694: [GC [PSYoungGen: 20204K->2304K(20480K)] 40414K->27634K(66560K), 0.0020370 secs] [Times: user=0.02 sys=0.00, real=0.00 secs] 
151.696: Total time for which application threads were stopped: 0.0021940 seconds, Stopping threads took: 0.0000830 seconds
151.735: Application time: 0.0387700 seconds
151.735: [GC [PSYoungGen: 19365K->2272K(20480K)] 44696K->30674K(66560K), 0.0015220 secs] [Times: user=0.01 sys=0.00, real=0.00 secs] 
151.737: Total time for which application threads were stopped: 0.0016630 seconds, Stopping threads took: 0.0000730 seconds
151.762: Application time: 0.0255980 seconds
151.762: [GC [PSYoungGen: 19205K->2304K(20480K)] 47608K->35826K(66560K), 0.0020440 secs] [Times: user=0.01 sys=0.00, real=0.00 secs] 
151.764: Total time for which application threads were stopped: 0.0022050 seconds, Stopping threads took: 0.0000870 seconds
151.802: Application time: 0.0372930 seconds
151.802: [GC [PSYoungGen: 20211K->2304K(20480K)] 53734K->39922K(66560K), 0.0017440 secs] [Times: user=0.01 sys=0.00, real=0.00 secs] 
151.804: Total time for which application threads were stopped: 0.0019170 seconds, Stopping threads took: 0.0000970 seconds
151.831: Application time: 0.0275500 seconds
151.831: [GC [PSYoungGen: 19429K->2240K(20480K)] 57048K->44978K(66560K), 0.0021130 secs] [Times: user=0.01 sys=0.00, real=0.00 secs] 
151.833: [Full GC [PSYoungGen: 2240K->0K(20480K)] [ParOldGen: 42738K->10995K(46080K)] 44978K->10995K(66560K) [PSPermGen: 5528K->5528K(21504K)], 0.0064660 secs] [Times: user=0.03 sys=0.00, real=0.01 secs] 
151.840: Total time for which application threads were stopped: 0.0088360 seconds, Stopping threads took: 0.0001400 seconds
151.877: Application time: 0.0370340 seconds
151.877: [GC [PSYoungGen: 17866K->2304K(20480K)] 28861K->17395K(66560K), 0.0017580 secs] [Times: user=0.02 sys=0.00, real=0.01 secs] 
151.879: Total time for which application threads were stopped: 0.0019080 seconds, Stopping threads took: 0.0000720 seconds
151.908: Application time: 0.0291310 seconds
151.911: [GC [PSYoungGen: 19603K->2336K(20480K)] 34695K->22547K(66560K), 0.0020680 secs] [Times: user=0.01 sys=0.00, real=0.00 secs] 
151.913: Total time for which application threads were stopped: 0.0047000 seconds, Stopping threads took: 0.0025450 seconds
151.948: Application time: 0.0355000 seconds
151.948: [GC [PSYoungGen: 19386K->2384K(20480K)] 39598K->24643K(66560K), 0.0012280 secs] [Times: user=0.00 sys=0.00, real=0.00 secs] 
151.950: Total time for which application threads were stopped: 0.0013620 seconds, Stopping threads took: 0.0000670 seconds
151.979: Application time: 0.0290110 seconds
151.979: [GC [PSYoungGen: 19877K->2416K(20480K)] 42137K->29795K(66560K), 0.0019940 secs] [Times: user=0.01 sys=0.00, real=0.00 secs] 
151.981: Total time for which application threads were stopped: 0.0021390 seconds, Stopping threads took: 0.0000700 seconds
152.014: Application time: 0.0330910 seconds
152.014: [GC [PSYoungGen: 19934K->2496K(20480K)] 47314K->31924K(66560K), 0.0013200 secs] [Times: user=0.01 sys=0.00, real=0.00 secs] 
152.015: Total time for which application threads were stopped: 0.0014450 seconds, Stopping threads took: 0.0000560 seconds
152.045: Application time: 0.0299160 seconds
152.045: [GC [PSYoungGen: 20160K->2528K(20480K)] 49588K->36052K(66560K), 0.0018770 secs] [Times: user=0.01 sys=0.00, real=0.00 secs] 
152.047: Total time for which application threads were stopped: 0.0020480 seconds, Stopping threads took: 0.0000960 seconds
152.080: Application time: 0.0329490 seconds
152.080: [GC [PSYoungGen: 19770K->2512K(20480K)] 53294K->38084K(66560K), 0.0012220 secs] [Times: user=0.01 sys=0.00, real=0.00 secs] 
152.082: Total time for which application threads were stopped: 0.0013540 seconds, Stopping threads took: 0.0000670 seconds
152.114: Application time: 0.0322790 seconds
152.114: [GC [PSYoungGen: 20269K->2528K(20480K)] 55841K->41180K(66560K), 0.0015510 secs] [Times: user=0.01 sys=0.00, real=0.00 secs] 
152.116: Total time for which application threads were stopped: 0.0017030 seconds, Stopping threads took: 0.0000770 seconds
152.146: Application time: 0.0302520 seconds
152.146: [GC [PSYoungGen: 19624K->2496K(20480K)] 58276K->43196K(66560K), 0.0012390 secs] [Times: user=0.00 sys=0.00, real=0.00 secs] 
152.147: [Full GC [PSYoungGen: 2496K->0K(20480K)] [ParOldGen: 40700K->7931K(46080K)] 43196K->7931K(66560K) [PSPermGen: 5528K->5528K(21504K)], 0.0057620 secs] [Times: user=0.03 sys=0.00, real=0.01 secs] 
152.153: Total time for which application threads were stopped: 0.0071750 seconds, Stopping threads took: 0.0000600 seconds
152.187: Application time: 0.0337980 seconds
152.187: [GC [PSYoungGen: 17852K->2304K(20480K)] 25784K->13308K(66560K), 0.0015250 secs] [Times: user=0.01 sys=0.00, real=0.00 secs] 
152.188: Total time for which application threads were stopped: 0.0016620 seconds, Stopping threads took: 0.0000650 seconds
152.216: Application time: 0.0277310 seconds
152.216: [GC [PSYoungGen: 19371K->2304K(20480K)] 30375K->18428K(66560K), 0.0019680 secs] [Times: user=0.01 sys=0.00, real=0.00 secs] 
152.218: Total time for which application threads were stopped: 0.0021160 seconds, Stopping threads took: 0.0000740 seconds
152.256: Application time: 0.0379250 seconds
152.256: [GC [PSYoungGen: 19230K->2240K(20480K)] 35354K->20412K(66560K), 0.0012440 secs] [Times: user=0.00 sys=0.00, real=0.00 secs] 
152.258: Total time for which application threads were stopped: 0.0013890 seconds, Stopping threads took: 0.0000730 seconds
152.281: Application time: 0.0237750 seconds
152.281: [GC [PSYoungGen: 19320K->2304K(20480K)] 37492K->25596K(66560K), 0.0020380 secs] [Times: user=0.02 sys=0.00, real=0.00 secs] 
152.284: Total time for which application threads were stopped: 0.0021830 seconds, Stopping threads took: 0.0000700 seconds
152.324: Application time: 0.0406190 seconds
152.324: [GC [PSYoungGen: 20156K->2304K(20480K)] 43448K->27644K(66560K), 0.0012180 secs] [Times: user=0.01 sys=0.00, real=0.00 secs] 
152.326: Total time for which application threads were stopped: 0.0013610 seconds, Stopping threads took: 0.0000730 seconds
152.349: Application time: 0.0234900 seconds
152.349: [GC [PSYoungGen: 19450K->2304K(20480K)] 44790K->32764K(66560K), 0.0019600 secs] [Times: user=0.01 sys=0.00, real=0.01 secs] 
152.351: Total time for which application threads were stopped: 0.0021110 seconds, Stopping threads took: 0.0000770 seconds
152.392: Application time: 0.0407120 seconds
152.392: [GC [PSYoungGen: 20059K->2272K(20480K)] 50520K->34780K(66560K), 0.0011930 secs] [Times: user=0.00 sys=0.00, real=0.00 secs] 
152.393: Total time for which application threads were stopped: 0.0013490 seconds, Stopping threads took: 0.0000860 seconds
152.418: Application time: 0.0248680 seconds
152.418: [GC [PSYoungGen: 19564K->2304K(20480K)] 52072K->38908K(66560K), 0.0016490 secs] [Times: user=0.01 sys=0.00, real=0.01 secs] 
152.420: Total time for which application threads were stopped: 0.0018060 seconds, Stopping threads took: 0.0000740 seconds
152.460: Application time: 0.0401820 seconds
152.460: [GC [PSYoungGen: 20007K->2304K(20480K)] 56612K->40956K(66560K), 0.0010970 secs] [Times: user=0.01 sys=0.00, real=0.00 secs] 
152.461: Total time for which application threads were stopped: 0.0012290 seconds, Stopping threads took: 0.0000640 seconds
152.481: Application time: 0.0201900 seconds
152.482: [GC [PSYoungGen: 19593K->2304K(20480K)] 58246K->46076K(66560K), 0.0021010 secs] [Times: user=0.02 sys=0.00, real=0.00 secs] 
152.484: [Full GC [PSYoungGen: 2304K->0K(20480K)] [ParOldGen: 43772K->10996K(46080K)] 46076K->10996K(66560K) [PSPermGen: 5528K->5528K(21504K)], 0.0065000 secs] [Times: user=0.02 sys=0.00, real=0.00 secs] 
152.490: Total time for which application threads were stopped: 0.0088130 seconds, Stopping threads took: 0.0000890 seconds
152.530: Application time: 0.0395210 seconds
152.530: [GC [PSYoungGen: 17280K->2304K(20480K)] 28276K->16372K(66560K), 0.0015970 secs] [Times: user=0.01 sys=0.00, real=0.01 secs] 
152.532: Total time for which application threads were stopped: 0.0018120 seconds, Stopping threads took: 0.0001460 seconds
152.557: Application time: 0.0254160 seconds
152.557: [GC [PSYoungGen: 20071K->2304K(20480K)] 34140K->21492K(66560K), 0.0020480 secs] [Times: user=0.01 sys=0.00, real=0.01 secs] 
152.559: Total time for which application threads were stopped: 0.0022260 seconds, Stopping threads took: 0.0001020 seconds
152.600: Application time: 0.0405800 seconds
152.600: [GC [PSYoungGen: 19552K->2304K(20480K)] 38741K->24564K(66560K), 0.0015810 secs] [Times: user=0.01 sys=0.00, real=0.00 secs] 
152.602: Total time for which application threads were stopped: 0.0017240 seconds, Stopping threads took: 0.0000710 seconds
152.627: Application time: 0.0255180 seconds
152.627: [GC [PSYoungGen: 20224K->2336K(20480K)] 42484K->28692K(66560K), 0.0017610 secs] [Times: user=0.02 sys=0.00, real=0.00 secs] 
152.629: Total time for which application threads were stopped: 0.0019160 seconds, Stopping threads took: 0.0000820 seconds
152.668: Application time: 0.0386500 seconds
152.668: [GC [PSYoungGen: 19870K->2400K(20480K)] 46227K->32852K(66560K), 0.0019270 secs] [Times: user=0.01 sys=0.00, real=0.00 secs] 
152.670: Total time for which application threads were stopped: 0.0020800 seconds, Stopping threads took: 0.0000810 seconds
152.696: Application time: 0.0261010 seconds
152.696: [GC [PSYoungGen: 19406K->2432K(20480K)] 49859K->36980K(66560K), 0.0018290 secs] [Times: user=0.01 sys=0.00, real=0.00 secs] 
152.698: Total time for which application threads were stopped: 0.0019970 seconds, Stopping threads took: 0.0000960 seconds
152.733: Application time: 0.0348140 seconds
152.733: [GC [PSYoungGen: 19432K->2464K(20480K)] 53980K->41108K(66560K), 0.0018340 secs] [Times: user=0.01 sys=0.00, real=0.00 secs] 
152.735: Total time for which application threads were stopped: 0.0019910 seconds, Stopping threads took: 0.0000820 seconds
152.766: Application time: 0.0311450 seconds
152.766: [GC [PSYoungGen: 19701K->2528K(20480K)] 58346K->44245K(66560K), 0.0014890 secs] [Times: user=0.01 sys=0.00, real=0.00 secs] 
152.767: [Full GC [PSYoungGen: 2528K->0K(20480K)] [ParOldGen: 41716K->8954K(46080K)] 44245K->8954K(66560K) [PSPermGen: 5528K->5528K(21504K)], 0.0059680 secs] [Times: user=0.03 sys=0.00, real=0.01 secs] 
152.773: Total time for which application threads were stopped: 0.0076430 seconds, Stopping threads took: 0.0000700 seconds
152.808: Application time: 0.0340820 seconds
152.808: [GC [PSYoungGen: 17895K->2288K(20480K)] 26850K->14314K(66560K), 0.0015080 secs] [Times: user=0.01 sys=0.00, real=0.00 secs] 
152.809: Total time for which application threads were stopped: 0.0016620 seconds, Stopping threads took: 0.0000850 seconds
152.837: Application time: 0.0279100 seconds
152.837: [GC [PSYoungGen: 19354K->2304K(20480K)] 31380K->19450K(66560K), 0.0020710 secs] [Times: user=0.02 sys=0.00, real=0.01 secs] 
152.839: Total time for which application threads were stopped: 0.0022230 seconds, Stopping threads took: 0.0000750 seconds
152.877: Application time: 0.0375720 seconds
152.877: [GC [PSYoungGen: 20216K->2304K(20480K)] 37362K->21498K(66560K), 0.0012330 secs] [Times: user=0.00 sys=0.00, real=0.00 secs] 
152.878: Total time for which application threads were stopped: 0.0013790 seconds, Stopping threads took: 0.0000790 seconds
152.907: Application time: 0.0283660 seconds
152.907: [GC [PSYoungGen: 19455K->2304K(20480K)] 38650K->26618K(66560K), 0.0020190 secs] [Times: user=0.02 sys=0.00, real=0.00 secs] 
152.909: Total time for which application threads were stopped: 0.0021770 seconds, Stopping threads took: 0.0000850 seconds
152.942: Application time: 0.0336520 seconds
152.943: [GC [PSYoungGen: 19834K->2240K(20480K)] 44149K->27578K(66560K), 0.0009940 secs] [Times: user=0.01 sys=0.00, real=0.00 secs] 
152.944: Total time for which application threads were stopped: 0.0011780 seconds, Stopping threads took: 0.0001150 seconds
152.977: Application time: 0.0330470 seconds
152.977: [GC [PSYoungGen: 19792K->2320K(20480K)] 45130K->31754K(66560K), 0.0016990 secs] [Times: user=0.01 sys=0.00, real=0.01 secs] 
152.979: Total time for which application threads were stopped: 0.0018600 seconds, Stopping threads took: 0.0000860 seconds
153.016: Application time: 0.0376800 seconds
153.016: [GC [PSYoungGen: 20239K->2320K(20480K)] 49674K->33802K(66560K), 0.0011180 secs] [Times: user=0.01 sys=0.00, real=0.00 secs] 
153.018: Total time for which application threads were stopped: 0.0012440 seconds, Stopping threads took: 0.0000600 seconds
153.043: Application time: 0.0259320 seconds
153.044: [GC [PSYoungGen: 19972K->2304K(20480K)] 51454K->37882K(66560K), 0.0017250 secs] [Times: user=0.01 sys=0.00, real=0.00 secs] 
153.045: Total time for which application threads were stopped: 0.0018720 seconds, Stopping threads took: 0.0000730 seconds
153.087: Application time: 0.0416940 seconds
153.087: [GC [PSYoungGen: 19932K->1248K(20480K)] 55511K->36826K(66560K), 0.0005670 secs] [Times: user=0.00 sys=0.00, real=0.00 secs] 
153.089: Total time for which application threads were stopped: 0.0017630 seconds, Stopping threads took: 0.0000860 seconds
153.112: Application time: 0.0232510 seconds
153.112: [GC [PSYoungGen: 18651K->2240K(20480K)] 54230K->41915K(66560K), 0.0018110 secs] [Times: user=0.01 sys=0.00, real=0.00 secs] 
153.114: Total time for which application threads were stopped: 0.0019610 seconds, Stopping threads took: 0.0000750 seconds
153.151: Application time: 0.0367470 seconds
153.151: [GC [PSYoungGen: 20144K->2304K(20480K)] 59819K->43003K(66560K), 0.0009440 secs] [Times: user=0.01 sys=0.00, real=0.00 secs] 
153.152: [Full GC [PSYoungGen: 2304K->0K(20480K)] [ParOldGen: 40699K->6944K(46080K)] 43003K->6944K(66560K) [PSPermGen: 5528K->5528K(21504K)], 0.0054040 secs] [Times: user=0.02 sys=0.00, real=0.00 secs] 
153.157: Total time for which application threads were stopped: 0.0065600 seconds, Stopping threads took: 0.0000970 seconds
153.185: Application time: 0.0274940 seconds
153.185: [GC [PSYoungGen: 17050K->2272K(20480K)] 23994K->12288K(66560K), 0.0014310 secs] [Times: user=0.01 sys=0.00, real=0.00 secs] 
153.186: Total time for which application threads were stopped: 0.0015840 seconds, Stopping threads took: 0.0000870 seconds
153.221: Application time: 0.0346410 seconds
153.221: [GC [PSYoungGen: 19958K->2304K(20480K)] 29974K->14368K(66560K), 0.0012380 secs] [Times: user=0.00 sys=0.00, real=0.00 secs] 
153.222: Total time for which application threads were stopped: 0.0013690 seconds, Stopping threads took: 0.0000640 seconds
153.254: Application time: 0.0315440 seconds
153.254: [GC [PSYoungGen: 19706K->2256K(20480K)] 31771K->17392K(66560K), 0.0014320 secs] [Times: user=0.01 sys=0.00, real=0.00 secs] 
153.256: Total time for which application threads were stopped: 0.0015670 seconds, Stopping threads took: 0.0000620 seconds
153.289: Application time: 0.0337760 seconds
153.291: [GC [PSYoungGen: 19857K->2304K(20480K)] 34993K->18464K(66560K), 0.0009940 secs] [Times: user=0.00 sys=0.00, real=0.00 secs] 
153.292: Total time for which application threads were stopped: 0.0022760 seconds, Stopping threads took: 0.0012190 seconds
153.324: Application time: 0.0323210 seconds
153.324: [GC [PSYoungGen: 19835K->2320K(20480K)] 35995K->22576K(66560K), 0.0016150 secs] [Times: user=0.01 sys=0.00, real=0.00 secs] 
153.326: Total time for which application threads were stopped: 0.0017710 seconds, Stopping threads took: 0.0000840 seconds
153.360: Application time: 0.0341780 seconds
153.360: [GC [PSYoungGen: 20218K->2352K(20480K)] 40474K->23632K(66560K), 0.0009440 secs] [Times: user=0.01 sys=0.00, real=0.00 secs] 
153.361: Total time for which application threads were stopped: 0.0010820 seconds, Stopping threads took: 0.0000750 seconds
153.389: Application time: 0.0282860 seconds
153.389: [GC [PSYoungGen: 19710K->2400K(20480K)] 40990K->27776K(66560K), 0.0018010 secs] [Times: user=0.01 sys=0.00, real=0.01 secs] 
153.391: Total time for which application threads were stopped: 0.0019490 seconds, Stopping threads took: 0.0000750 seconds
153.422: Application time: 0.0308070 seconds
153.422: [GC [PSYoungGen: 20176K->2464K(20480K)] 45552K->32960K(66560K), 0.0020900 secs] [Times: user=0.01 sys=0.00, real=0.00 secs] 
153.424: Total time for which application threads were stopped: 0.0022430 seconds, Stopping threads took: 0.0000750 seconds
153.458: Application time: 0.0333730 seconds
153.458: [GC [PSYoungGen: 20080K->2512K(20480K)] 50577K->37104K(66560K), 0.0017740 secs] [Times: user=0.02 sys=0.00, real=0.01 secs] 
153.460: Total time for which application threads were stopped: 0.0019450 seconds, Stopping threads took: 0.0000910 seconds
153.492: Application time: 0.0329070 seconds
153.493: [GC [PSYoungGen: 20173K->2496K(20480K)] 54766K->41184K(66560K), 0.0017390 secs] [Times: user=0.02 sys=0.00, real=0.00 secs] 
153.494: Total time for which application threads were stopped: 0.0018900 seconds, Stopping threads took: 0.0000810 seconds
153.528: Application time: 0.0336200 seconds
153.528: [GC [PSYoungGen: 19888K->2528K(20480K)] 58577K->44288K(66560K), 0.0015780 secs] [Times: user=0.02 sys=0.00, real=0.00 secs] 
153.530: [Full GC [PSYoungGen: 2528K->0K(20480K)] [ParOldGen: 41760K->8969K(46080K)] 44288K->8969K(66560K) [PSPermGen: 5528K->5528K(21504K)], 0.0059850 secs] [Times: user=0.02 sys=0.00, real=0.01 secs] 
153.536: Total time for which application threads were stopped: 0.0077500 seconds, Stopping threads took: 0.0000690 seconds
153.563: Application time: 0.0273070 seconds
153.563: [GC [PSYoungGen: 17489K->2304K(20480K)] 26459K->15370K(66560K), 0.0017630 secs] [Times: user=0.01 sys=0.00, real=0.00 secs] 
153.565: Total time for which application threads were stopped: 0.0019160 seconds, Stopping threads took: 0.0000830 seconds
153.603: Application time: 0.0382920 seconds
153.603: [GC [PSYoungGen: 19862K->2304K(20480K)] 32928K->18442K(66560K), 0.0013620 secs] [Times: user=0.00 sys=0.00, real=0.00 secs] 
153.605: Total time for which application threads were stopped: 0.0015090 seconds, Stopping threads took: 0.0000750 seconds
153.631: Application time: 0.0259700 seconds
153.631: [GC [PSYoungGen: 19714K->2304K(20480K)] 35852K->22538K(66560K), 0.0017060 secs] [Times: user=0.01 sys=0.00, real=0.00 secs] 
153.633: Total time for which application threads were stopped: 0.0018440 seconds, Stopping threads took: 0.0000690 seconds
153.668: Application time: 0.0350830 seconds
153.668: [GC [PSYoungGen: 19648K->2272K(20480K)] 39883K->26602K(66560K), 0.0018980 secs] [Times: user=0.01 sys=0.00, real=0.00 secs] 
153.670: Total time for which application threads were stopped: 0.0020400 seconds, Stopping threads took: 0.0000690 seconds
153.700: Application time: 0.0304300 seconds
153.700: [GC [PSYoungGen: 19966K->2272K(20480K)] 44296K->29674K(66560K), 0.0014930 secs] [Times: user=0.01 sys=0.00, real=0.00 secs] 
153.702: Total time for which application threads were stopped: 0.0016430 seconds, Stopping threads took: 0.0000780 seconds
153.737: Application time: 0.0355240 seconds
153.737: [GC [PSYoungGen: 19636K->2304K(20480K)] 47038K->33802K(66560K), 0.0017860 secs] [Times: user=0.01 sys=0.00, real=0.01 secs] 
153.739: Total time for which application threads were stopped: 0.0019260 seconds, Stopping threads took: 0.0000660 seconds
153.766: Application time: 0.0265050 seconds
153.766: [GC [PSYoungGen: 19880K->2304K(20480K)] 51378K->37898K(66560K), 0.0017680 secs] [Times: user=0.01 sys=0.00, real=0.00 secs] 
153.768: Total time for which application threads were stopped: 0.0019280 seconds, Stopping threads took: 0.0000850 seconds
153.806: Application time: 0.0378350 seconds
153.806: [GC [PSYoungGen: 19708K->2304K(20480K)] 55302K->41994K(66560K), 0.0017790 secs] [Times: user=0.01 sys=0.00, real=0.00 secs] 
153.807: Total time for which application threads were stopped: 0.0019420 seconds, Stopping threads took: 0.0000880 seconds
153.836: Application time: 0.0283070 seconds
153.836: [GC [PSYoungGen: 19954K->2240K(20480K)] 59645K->46026K(66560K), 0.0018010 secs] [Times: user=0.01 sys=0.00, real=0.00 secs] 
153.838: [Full GC [PSYoungGen: 2240K->0K(20480K)] [ParOldGen: 43786K->9972K(46080K)] 46026K->9972K(66560K) [PSPermGen: 5528K->5528K(21504K)], 0.0062940 secs] [Times: user=0.02 sys=0.00, real=0.01 secs] 
153.844: Total time for which application threads were stopped: 0.0083080 seconds, Stopping threads took: 0.0000840 seconds
153.882: Application time: 0.0377920 seconds
153.882: [GC [PSYoungGen: 17410K->2272K(20480K)] 27382K->16340K(66560K), 0.0017130 secs] [Times: user=0.01 sys=0.00, real=0.00 secs] 
153.884: Total time for which application threads were stopped: 0.0018650 seconds, Stopping threads took: 0.0000780 seconds
153.911: Application time: 0.0276820 seconds
153.912: [GC [PSYoungGen: 19905K->2272K(20480K)] 33974K->19412K(66560K), 0.0014710 secs] [Times: user=0.01 sys=0.00, real=0.00 secs] 
153.913: Total time for which application threads were stopped: 0.0016130 seconds, Stopping threads took: 0.0000700 seconds
153.947: Application time: 0.0344140 seconds
153.948: [GC [PSYoungGen: 19480K->2208K(20480K)] 36621K->22420K(66560K), 0.0016410 secs] [Times: user=0.01 sys=0.00, real=0.00 secs] 
153.949: Total time for which application threads were stopped: 0.0017950 seconds, Stopping threads took: 0.0000800 seconds
153.980: Application time: 0.0306570 seconds
153.980: [GC [PSYoungGen: 20010K->2304K(20480K)] 40222K->27636K(66560K), 0.0020370 secs] [Times: user=0.02 sys=0.00, real=0.00 secs] 
153.982: Total time for which application threads were stopped: 0.0021980 seconds, Stopping threads took: 0.0000780 seconds
154.018: Application time: 0.0362410 seconds
154.018: [GC [PSYoungGen: 19612K->2304K(20480K)] 44945K->29684K(66560K), 0.0012050 secs] [Times: user=0.01 sys=0.00, real=0.00 secs] 
154.020: Total time for which application threads were stopped: 0.0013660 seconds, Stopping threads took: 0.0000840 seconds
154.050: Application time: 0.0299540 seconds
154.050: [GC [PSYoungGen: 20147K->2304K(20480K)] 47527K->33780K(66560K), 0.0017730 secs] [Times: user=0.01 sys=0.00, real=0.01 secs] 
154.052: Total time for which application threads were stopped: 0.0019380 seconds, Stopping threads took: 0.0000940 seconds
154.086: Application time: 0.0346380 seconds
154.086: [GC [PSYoungGen: 19796K->2416K(20480K)] 51273K->34916K(66560K), 0.0010470 secs] [Times: user=0.00 sys=0.00, real=0.00 secs] 
154.087: Total time for which application threads were stopped: 0.0012040 seconds, Stopping threads took: 0.0000890 seconds
154.116: Application time: 0.0287820 seconds
154.116: [GC [PSYoungGen: 20336K->2368K(20480K)] 52836K->39988K(66560K), 0.0020040 secs] [Times: user=0.02 sys=0.00, real=0.00 secs] 
154.118: Total time for which application threads were stopped: 0.0021430 seconds, Stopping threads took: 0.0000630 seconds
154.155: Application time: 0.0361950 seconds
154.155: [GC [PSYoungGen: 19810K->2496K(20480K)] 57431K->42164K(66560K), 0.0012850 secs] [Times: user=0.00 sys=0.00, real=0.00 secs] 
154.156: [Full GC [PSYoungGen: 2496K->0K(20480K)] [ParOldGen: 39668K->7736K(46080K)] 42164K->7736K(66560K) [PSPermGen: 5528K->5528K(21504K)], 0.0060480 secs] [Times: user=0.03 sys=0.00, real=0.01 secs] 
154.162: Total time for which application threads were stopped: 0.0075080 seconds, Stopping threads took: 0.0000570 seconds
154.189: Application time: 0.0272340 seconds
154.189: [GC [PSYoungGen: 17812K->2304K(20480K)] 25549K->14136K(66560K), 0.0016780 secs] [Times: user=0.00 sys=0.01, real=0.01 secs] 
154.191: Total time for which application threads were stopped: 0.0018180 seconds, Stopping threads took: 0.0000660 seconds
154.229: Application time: 0.0380970 seconds
154.229: [GC [PSYoungGen: 19467K->2304K(20480K)] 31299K->15160K(66560K), 0.0009280 secs] [Times: user=0.00 sys=0.00, real=0.00 secs] 
154.230: Total time for which application threads were stopped: 0.0010720 seconds, Stopping threads took: 0.0000780 seconds
154.256: Application time: 0.0260470 seconds
154.257: [GC [PSYoungGen: 20149K->2272K(20480K)] 33006K->19224K(66560K), 0.0017260 secs] [Times: user=0.01 sys=0.00, real=0.00 secs] 
154.258: Total time for which application threads were stopped: 0.0018910 seconds, Stopping threads took: 0.0000920 seconds
154.295: Application time: 0.0368050 seconds
154.295: [GC [PSYoungGen: 20192K->2304K(20480K)] 37144K->21305K(66560K), 0.0011730 secs] [Times: user=0.01 sys=0.00, real=0.00 secs] 
154.296: Total time for which application threads were stopped: 0.0012910 seconds, Stopping threads took: 0.0000520 seconds
154.325: Application time: 0.0283930 seconds
154.325: [GC [PSYoungGen: 19392K->2304K(20480K)] 38393K->24377K(66560K), 0.0014830 secs] [Times: user=0.01 sys=0.00, real=0.00 secs] 
154.326: Total time for which application threads were stopped: 0.0016220 seconds, Stopping threads took: 0.0000710 seconds
154.360: Application time: 0.0336660 seconds
154.360: [GC [PSYoungGen: 20003K->2304K(20480K)] 42076K->26425K(66560K), 0.0012690 secs] [Times: user=0.01 sys=0.00, real=0.00 secs] 
154.361: Total time for which application threads were stopped: 0.0013970 seconds, Stopping threads took: 0.0000610 seconds
154.392: Application time: 0.0304140 seconds
154.392: [GC [PSYoungGen: 19520K->2304K(20480K)] 43641K->30521K(66560K), 0.0017410 secs] [Times: user=0.01 sys=0.00, real=0.00 secs] 
154.394: Total time for which application threads were stopped: 0.0019250 seconds, Stopping threads took: 0.0001090 seconds
154.429: Application time: 0.0351990 seconds
154.429: [GC [PSYoungGen: 20125K->2272K(20480K)] 48342K->31513K(66560K), 0.0009960 secs] [Times: user=0.00 sys=0.00, real=0.00 secs] 
154.430: Total time for which application threads were stopped: 0.0011190 seconds, Stopping threads took: 0.0000590 seconds
154.461: Application time: 0.0306820 seconds
154.461: [GC [PSYoungGen: 19508K->2240K(20480K)] 48749K->35577K(66560K), 0.0017550 secs] [Times: user=0.01 sys=0.00, real=0.00 secs] 
154.463: Total time for which application threads were stopped: 0.0019070 seconds, Stopping threads took: 0.0000780 seconds
154.498: Application time: 0.0348760 seconds
154.498: [GC [PSYoungGen: 19993K->2240K(20480K)] 53330K->36601K(66560K), 0.0009580 secs] [Times: user=0.00 sys=0.00, real=0.01 secs] 
154.499: Total time for which application threads were stopped: 0.0010930 seconds, Stopping threads took: 0.0000590 seconds
154.527: Application time: 0.0283730 seconds
154.527: [GC [PSYoungGen: 19374K->2304K(20480K)] 53735K->40761K(66560K), 0.0016950 secs] [Times: user=0.01 sys=0.00, real=0.00 secs] 
154.529: Total time for which application threads were stopped: 0.0018350 seconds, Stopping threads took: 0.0000690 seconds
154.558: Application time: 0.0294480 seconds
154.558: [GC [PSYoungGen: 19926K->2240K(20480K)] 58383K->45817K(66560K), 0.0020620 secs] [Times: user=0.01 sys=0.00, real=0.00 secs] 
154.561: [Full GC [PSYoungGen: 2240K->0K(20480K)] [ParOldGen: 43577K->10987K(46080K)] 45817K->10987K(66560K) [PSPermGen: 5528K->5528K(21504K)], 0.0061950 secs] [Times: user=0.03 sys=0.00, real=0.00 secs] 
154.567: Total time for which application threads were stopped: 0.0084630 seconds, Stopping threads took: 0.0000790 seconds
154.599: Application time: 0.0326960 seconds
154.600: [GC [PSYoungGen: 17293K->2304K(20480K)] 28280K->17387K(66560K), 0.0017750 secs] [Times: user=0.01 sys=0.00, real=0.00 secs] 
154.601: Total time for which application threads were stopped: 0.0019260 seconds, Stopping threads took: 0.0000750 seconds
154.635: Application time: 0.0333500 seconds
154.635: [GC [PSYoungGen: 20088K->2304K(20480K)] 35171K->22507K(66560K), 0.0020300 secs] [Times: user=0.02 sys=0.00, real=0.00 secs] 
154.637: Total time for which application threads were stopped: 0.0021850 seconds, Stopping threads took: 0.0000810 seconds
154.670: Application time: 0.0333930 seconds
154.670: [GC [PSYoungGen: 19584K->2304K(20480K)] 39788K->26603K(66560K), 0.0017360 secs] [Times: user=0.02 sys=0.00, real=0.00 secs] 
154.672: Total time for which application threads were stopped: 0.0018920 seconds, Stopping threads took: 0.0000770 seconds
154.703: Application time: 0.0312140 seconds
154.704: [GC [PSYoungGen: 20046K->2304K(20480K)] 44345K->30699K(66560K), 0.0018090 secs] [Times: user=0.02 sys=0.00, real=0.00 secs] 
154.705: Total time for which application threads were stopped: 0.0019670 seconds, Stopping threads took: 0.0000760 seconds
154.739: Application time: 0.0332990 seconds
154.739: [GC [PSYoungGen: 19644K->2272K(20480K)] 48040K->33739K(66560K), 0.0015690 secs] [Times: user=0.01 sys=0.00, real=0.00 secs] 
154.741: Total time for which application threads were stopped: 0.0017970 seconds, Stopping threads took: 0.0001550 seconds
154.773: Application time: 0.0327840 seconds
154.773: [GC [PSYoungGen: 20078K->2304K(20480K)] 51546K->37867K(66560K), 0.0017810 secs] [Times: user=0.01 sys=0.00, real=0.00 secs] 
154.775: Total time for which application threads were stopped: 0.0019400 seconds, Stopping threads took: 0.0000840 seconds
154.809: Application time: 0.0335960 seconds
154.809: [GC [PSYoungGen: 19910K->2320K(20480K)] 55474K->39931K(66560K), 0.0013010 secs] [Times: user=0.01 sys=0.00, real=0.00 secs] 
154.810: Total time for which application threads were stopped: 0.0014960 seconds, Stopping threads took: 0.0001260 seconds
154.842: Application time: 0.0320610 seconds
154.843: [GC [PSYoungGen: 20240K->2432K(20480K)] 57851K->44139K(66560K), 0.0017090 secs] [Times: user=0.02 sys=0.00, real=0.00 secs] 
154.844: [Full GC [PSYoungGen: 2432K->0K(20480K)] [ParOldGen: 41707K->9965K(46080K)] 44139K->9965K(66560K) [PSPermGen: 5528K->5528K(21504K)], 0.0060590 secs] [Times: user=0.02 sys=0.00, real=0.00 secs] 
154.850: Total time for which application threads were stopped: 0.0079400 seconds, Stopping threads took: 0.0000560 seconds
154.885: Application time: 0.0342520 seconds
154.885: [GC [PSYoungGen: 17571K->2304K(20480K)] 27537K->13293K(66560K), 0.0010590 secs] [Times: user=0.01 sys=0.00, real=0.00 secs] 
154.886: Total time for which application threads were stopped: 0.0012090 seconds, Stopping threads took: 0.0000790 seconds
154.911: Application time: 0.0254080 seconds
154.911: [GC [PSYoungGen: 19780K->2368K(20480K)] 30769K->17453K(66560K), 0.0017710 secs] [Times: user=0.02 sys=0.00, real=0.00 secs] 
154.913: Total time for which application threads were stopped: 0.0019410 seconds, Stopping threads took: 0.0000960 seconds
154.952: Application time: 0.0390090 seconds
154.952: [GC [PSYoungGen: 19838K->2288K(20480K)] 34923K->20445K(66560K), 0.0015030 secs] [Times: user=0.01 sys=0.00, real=0.00 secs] 
154.954: Total time for which application threads were stopped: 0.0016890 seconds, Stopping threads took: 0.0001170 seconds
154.981: Application time: 0.0269500 seconds
154.981: [GC [PSYoungGen: 19854K->2336K(20480K)] 38012K->23565K(66560K), 0.0015010 secs] [Times: user=0.01 sys=0.00, real=0.00 secs] 
154.983: Total time for which application threads were stopped: 0.0016430 seconds, Stopping threads took: 0.0000710 seconds
155.022: Application time: 0.0392470 seconds
155.022: [GC [PSYoungGen: 19822K->2320K(20480K)] 41051K->26621K(66560K), 0.0014910 secs] [Times: user=0.01 sys=0.00, real=0.00 secs] 
155.023: Total time for which application threads were stopped: 0.0016440 seconds, Stopping threads took: 0.0000760 seconds
155.049: Application time: 0.0258100 seconds
155.049: [GC [PSYoungGen: 19859K->2368K(20480K)] 44161K->29741K(66560K), 0.0014680 secs] [Times: user=0.01 sys=0.00, real=0.01 secs] 
155.051: Total time for which application threads were stopped: 0.0016200 seconds, Stopping threads took: 0.0000800 seconds
155.086: Application time: 0.0355280 seconds
155.091: [GC [PSYoungGen: 19568K->2368K(20480K)] 46942K->32813K(66560K), 0.0014730 secs] [Times: user=0.01 sys=0.00, real=0.00 secs] 
155.092: Total time for which application threads were stopped: 0.0056870 seconds, Stopping threads took: 0.0041390 seconds
155.123: Application time: 0.0304630 seconds
155.123: [GC [PSYoungGen: 20227K->2304K(20480K)] 50673K->34797K(66560K), 0.0013060 secs] [Times: user=0.01 sys=0.00, real=0.00 secs] 
155.124: Total time for which application threads were stopped: 0.0014470 seconds, Stopping threads took: 0.0000680 seconds
155.158: Application time: 0.0342690 seconds
155.158: [GC [PSYoungGen: 19395K->2352K(20480K)] 51889K->36893K(66560K), 0.0012770 secs] [Times: user=0.01 sys=0.00, real=0.01 secs] 
155.160: Total time for which application threads were stopped: 0.0014420 seconds, Stopping threads took: 0.0000800 seconds
155.189: Application time: 0.0297030 seconds
155.189: [GC [PSYoungGen: 20206K->2368K(20480K)] 54748K->39981K(66560K), 0.0015380 secs] [Times: user=0.01 sys=0.00, real=0.01 secs] 
155.191: Total time for which application threads were stopped: 0.0016870 seconds, Stopping threads took: 0.0000780 seconds
155.227: Application time: 0.0363130 seconds
155.227: [GC [PSYoungGen: 19520K->2288K(20480K)] 57134K->40925K(66560K), 0.0010280 secs] [Times: user=0.00 sys=0.00, real=0.00 secs] 
155.229: Total time for which application threads were stopped: 0.0011590 seconds, Stopping threads took: 0.0000610 seconds
155.259: Application time: 0.0300370 seconds
155.259: [GC [PSYoungGen: 20203K->2336K(20480K)] 58840K->44045K(66560K), 0.0014730 secs] [Times: user=0.01 sys=0.00, real=0.00 secs] 
155.260: [Full GC [PSYoungGen: 2336K->0K(20480K)] [ParOldGen: 41709K->8959K(46080K)] 44045K->8959K(66560K) [PSPermGen: 5528K->5528K(21504K)], 0.0058700 secs] [Times: user=0.03 sys=0.00, real=0.00 secs] 
155.266: Total time for which application threads were stopped: 0.0075170 seconds, Stopping threads took: 0.0000600 seconds
155.301: Application time: 0.0353240 seconds
155.302: [GC [PSYoungGen: 17083K->2320K(20480K)] 26043K->11279K(66560K), 0.0007430 secs] [Times: user=0.00 sys=0.00, real=0.00 secs] 
155.302: Total time for which application threads were stopped: 0.0008780 seconds, Stopping threads took: 0.0000690 seconds
155.331: Application time: 0.0282140 seconds
155.331: [GC [PSYoungGen: 20170K->2304K(20480K)] 29130K->15360K(66560K), 0.0016800 secs] [Times: user=0.01 sys=0.00, real=0.00 secs] 
155.332: Total time for which application threads were stopped: 0.0018340 seconds, Stopping threads took: 0.0000830 seconds
155.368: Application time: 0.0361140 seconds
155.369: [GC [PSYoungGen: 19287K->2304K(20480K)] 32343K->16384K(66560K), 0.0009600 secs] [Times: user=0.00 sys=0.00, real=0.00 secs] 
155.370: Total time for which application threads were stopped: 0.0010960 seconds, Stopping threads took: 0.0000710 seconds
155.394: Application time: 0.0247750 seconds
155.394: [GC [PSYoungGen: 20191K->2304K(20480K)] 34271K->20480K(66560K), 0.0017570 secs] [Times: user=0.01 sys=0.00, real=0.00 secs] 
155.396: Total time for which application threads were stopped: 0.0019290 seconds, Stopping threads took: 0.0000910 seconds
155.435: Application time: 0.0387400 seconds
155.435: [GC [PSYoungGen: 20224K->2304K(20480K)] 38400K->23552K(66560K), 0.0013500 secs] [Times: user=0.01 sys=0.00, real=0.00 secs] 
155.436: Total time for which application threads were stopped: 0.0014740 seconds, Stopping threads took: 0.0000570 seconds
155.463: Application time: 0.0264590 seconds
155.463: [GC [PSYoungGen: 19543K->2288K(20480K)] 40791K->27632K(66560K), 0.0018200 secs] [Times: user=0.01 sys=0.00, real=0.00 secs] 
155.465: Total time for which application threads were stopped: 0.0019790 seconds, Stopping threads took: 0.0000860 seconds
155.498: Application time: 0.0326150 seconds
155.498: [GC [PSYoungGen: 19791K->2304K(20480K)] 45135K->30720K(66560K), 0.0015470 secs] [Times: user=0.00 sys=0.01, real=0.01 secs] 
155.499: Total time for which application threads were stopped: 0.0016820 seconds, Stopping threads took: 0.0000660 seconds
155.532: Application time: 0.0329280 seconds
155.532: [GC [PSYoungGen: 19233K->2400K(20480K)] 47649K->34912K(66560K), 0.0018810 secs] [Times: user=0.01 sys=0.00, real=0.00 secs] 
155.534: Total time for which application threads were stopped: 0.0020270 seconds, Stopping threads took: 0.0000690 seconds
155.565: Application time: 0.0312160 seconds
155.566: [GC [PSYoungGen: 19934K->2416K(20480K)] 52446K->40048K(66560K), 0.0020250 secs] [Times: user=0.01 sys=0.00, real=0.00 secs] 
155.568: Total time for which application threads were stopped: 0.0021730 seconds, Stopping threads took: 0.0000750 seconds
155.602: Application time: 0.0347400 seconds
155.602: [GC [PSYoungGen: 20271K->2528K(20480K)] 57903K->44264K(66560K), 0.0017970 secs] [Times: user=0.01 sys=0.01, real=0.00 secs] 
155.604: [Full GC [PSYoungGen: 2528K->0K(20480K)] [ParOldGen: 41736K->9968K(46080K)] 44264K->9968K(66560K) [PSPermGen: 5528K->5528K(21504K)], 0.0060080 secs] [Times: user=0.03 sys=0.00, real=0.00 secs] 
155.610: Total time for which application threads were stopped: 0.0079940 seconds, Stopping threads took: 0.0000700 seconds
155.636: Application time: 0.0256400 seconds
155.636: [GC [PSYoungGen: 17359K->2304K(20480K)] 27328K->17392K(66560K), 0.0020500 secs] [Times: user=0.01 sys=0.00, real=0.00 secs] 
155.638: Total time for which application threads were stopped: 0.0021920 seconds, Stopping threads took: 0.0000650 seconds
155.677: Application time: 0.0388990 seconds
155.677: [GC [PSYoungGen: 19964K->2304K(20480K)] 35053K->21488K(66560K), 0.0017230 secs] [Times: user=0.01 sys=0.00, real=0.01 secs] 
155.679: Total time for which application threads were stopped: 0.0018710 seconds, Stopping threads took: 0.0000700 seconds
155.705: Application time: 0.0257120 seconds
155.705: [GC [PSYoungGen: 19649K->2304K(20480K)] 38833K->26608K(66560K), 0.0021520 secs] [Times: user=0.02 sys=0.00, real=0.00 secs] 
155.707: Total time for which application threads were stopped: 0.0023110 seconds, Stopping threads took: 0.0000700 seconds
155.742: Application time: 0.0349220 seconds
155.742: [GC [PSYoungGen: 19774K->2272K(20480K)] 44079K->30673K(66560K), 0.0018990 secs] [Times: user=0.02 sys=0.00, real=0.00 secs] 
155.744: Total time for which application threads were stopped: 0.0020580 seconds, Stopping threads took: 0.0000780 seconds
155.775: Application time: 0.0313510 seconds
155.775: [GC [PSYoungGen: 19851K->2304K(20480K)] 48252K->34801K(66560K), 0.0016740 secs] [Times: user=0.02 sys=0.00, real=0.00 secs] 
155.777: Total time for which application threads were stopped: 0.0018440 seconds, Stopping threads took: 0.0000930 seconds
155.812: Application time: 0.0349730 seconds
155.812: [GC [PSYoungGen: 19781K->2304K(20480K)] 52278K->38897K(66560K), 0.0018280 secs] [Times: user=0.02 sys=0.00, real=0.00 secs] 
155.814: Total time for which application threads were stopped: 0.0019950 seconds, Stopping threads took: 0.0000910 seconds
155.842: Application time: 0.0280800 seconds
155.842: [GC [PSYoungGen: 19828K->2304K(20480K)] 56421K->42993K(66560K), 0.0017780 secs] [Times: user=0.01 sys=0.00, real=0.00 secs] 
155.844: [Full GC [PSYoungGen: 2304K->0K(20480K)] [ParOldGen: 40689K->9963K(46080K)] 42993K->9963K(66560K) [PSPermGen: 5528K->5528K(21504K)], 0.0060090 secs] [Times: user=0.03 sys=0.00, real=0.00 secs] 
155.850: Total time for which application threads were stopped: 0.0079790 seconds, Stopping threads took: 0.0000710 seconds
155.888: Application time: 0.0377700 seconds
155.888: [GC [PSYoungGen: 17494K->2304K(20480K)] 27457K->15340K(66560K), 0.0015890 secs] [Times: user=0.01 sys=0.00, real=0.00 secs] 
155.890: Total time for which application threads were stopped: 0.0017450 seconds, Stopping threads took: 0.0000800 seconds
155.918: Application time: 0.0280130 seconds
155.918: [GC [PSYoungGen: 19865K->2304K(20480K)] 32901K->18412K(66560K), 0.0015330 secs] [Times: user=0.01 sys=0.00, real=0.01 secs] 
155.919: Total time for which application threads were stopped: 0.0016800 seconds, Stopping threads took: 0.0000770 seconds
155.957: Application time: 0.0377440 seconds
155.957: [GC [PSYoungGen: 19798K->2304K(20480K)] 35906K->20460K(66560K), 0.0012620 secs] [Times: user=0.01 sys=0.00, real=0.01 secs] 
155.959: Total time for which application threads were stopped: 0.0014190 seconds, Stopping threads took: 0.0000850 seconds
155.986: Application time: 0.0279210 seconds
155.987: [GC [PSYoungGen: 19845K->2272K(20480K)] 38001K->24524K(66560K), 0.0017410 secs] [Times: user=0.01 sys=0.00, real=0.00 secs] 
155.988: Total time for which application threads were stopped: 0.0018790 seconds, Stopping threads took: 0.0000630 seconds
156.026: Application time: 0.0373390 seconds
156.026: [GC [PSYoungGen: 19718K->2304K(20480K)] 41970K->26604K(66560K), 0.0012360 secs] [Times: user=0.01 sys=0.00, real=0.00 secs] 
156.027: Total time for which application threads were stopped: 0.0014130 seconds, Stopping threads took: 0.0000930 seconds
156.053: Application time: 0.0262190 seconds
156.053: [GC [PSYoungGen: 19821K->2304K(20480K)] 44121K->30700K(66560K), 0.0017010 secs] [Times: user=0.01 sys=0.00, real=0.00 secs] 
156.055: Total time for which application threads were stopped: 0.0018570 seconds, Stopping threads took: 0.0000710 seconds
156.094: Application time: 0.0389340 seconds
156.094: [GC [PSYoungGen: 19777K->2272K(20480K)] 48173K->31692K(66560K), 0.0010030 secs] [Times: user=0.00 sys=0.00, real=0.00 secs] 
156.095: Total time for which application threads were stopped: 0.0011410 seconds, Stopping threads took: 0.0000690 seconds
156.121: Application time: 0.0256950 seconds
156.121: [GC [PSYoungGen: 19783K->2304K(20480K)] 49203K->35820K(66560K), 0.0016730 secs] [Times: user=0.01 sys=0.00, real=0.00 secs] 
156.123: Total time for which application threads were stopped: 0.0018290 seconds, Stopping threads took: 0.0000820 seconds
156.158: Application time: 0.0349850 seconds
156.158: [GC [PSYoungGen: 19403K->2304K(20480K)] 52920K->38892K(66560K), 0.0014940 secs] [Times: user=0.01 sys=0.00, real=0.01 secs] 
156.159: Total time for which application threads were stopped: 0.0016700 seconds, Stopping threads took: 0.0001010 seconds
156.188: Application time: 0.0282920 seconds
156.188: [GC [PSYoungGen: 19268K->2336K(20480K)] 55857K->43020K(66560K), 0.0017480 secs] [Times: user=0.02 sys=0.00, real=0.00 secs] 
156.190: [Full GC [PSYoungGen: 2336K->0K(20480K)] [ParOldGen: 40684K->9965K(46080K)] 43020K->9965K(66560K) [PSPermGen: 5528K->5528K(21504K)], 0.0060520 secs] [Times: user=0.02 sys=0.00, real=0.01 secs] 
156.196: Total time for which application threads were stopped: 0.0079880 seconds, Stopping threads took: 0.0000700 seconds
156.232: Application time: 0.0361450 seconds
156.232: [GC [PSYoungGen: 17216K->2320K(20480K)] 27181K->13309K(66560K), 0.0009420 secs] [Times: user=0.01 sys=0.00, real=0.00 secs] 
156.233: Total time for which application threads were stopped: 0.0010850 seconds, Stopping threads took: 0.0000810 seconds
156.260: Application time: 0.0269410 seconds
156.260: [GC [PSYoungGen: 19425K->2400K(20480K)] 30414K->17485K(66560K), 0.0017460 secs] [Times: user=0.01 sys=0.00, real=0.00 secs] 
156.262: Total time for which application threads were stopped: 0.0018940 seconds, Stopping threads took: 0.0000750 seconds
156.297: Application time: 0.0351840 seconds
156.297: [GC [PSYoungGen: 19493K->2496K(20480K)] 34579K->17581K(66560K), 0.0007860 secs] [Times: user=0.01 sys=0.00, real=0.00 secs] 
156.298: Total time for which application threads were stopped: 0.0009250 seconds, Stopping threads took: 0.0000720 seconds
156.324: Application time: 0.0262210 seconds
156.324: [GC [PSYoungGen: 19584K->2464K(20480K)] 34669K->20621K(66560K), 0.0016640 secs] [Times: user=0.01 sys=0.00, real=0.00 secs] 
156.326: Total time for which application threads were stopped: 0.0018640 seconds, Stopping threads took: 0.0001300 seconds
156.356: Application time: 0.0301820 seconds
156.356: [GC [PSYoungGen: 19819K->2464K(20480K)] 37977K->24717K(66560K), 0.0018390 secs] [Times: user=0.01 sys=0.00, real=0.00 secs] 
156.358: Total time for which application threads were stopped: 0.0019930 seconds, Stopping threads took: 0.0000750 seconds
156.394: Application time: 0.0359780 seconds
156.394: [GC [PSYoungGen: 20176K->2464K(20480K)] 42430K->28813K(66560K), 0.0017460 secs] [Times: user=0.01 sys=0.00, real=0.00 secs] 
156.396: Total time for which application threads were stopped: 0.0018880 seconds, Stopping threads took: 0.0000680 seconds
156.424: Application time: 0.0280580 seconds
156.424: [GC [PSYoungGen: 19776K->2464K(20480K)] 46125K->33933K(66560K), 0.0021130 secs] [Times: user=0.01 sys=0.00, real=0.00 secs] 
156.426: Total time for which application threads were stopped: 0.0022870 seconds, Stopping threads took: 0.0001020 seconds
156.462: Application time: 0.0358200 seconds
156.462: [GC [PSYoungGen: 20154K->2496K(20480K)] 51624K->37037K(66560K), 0.0015820 secs] [Times: user=0.00 sys=0.00, real=0.00 secs] 
156.464: Total time for which application threads were stopped: 0.0017230 seconds, Stopping threads took: 0.0000680 seconds
156.494: Application time: 0.0300180 seconds
156.494: [GC [PSYoungGen: 19853K->2448K(20480K)] 54395K->42109K(66560K), 0.0020700 secs] [Times: user=0.02 sys=0.00, real=0.00 secs] 
156.496: [Full GC [PSYoungGen: 2448K->0K(20480K)] [ParOldGen: 39661K->10986K(46080K)] 42109K->10986K(66560K) [PSPermGen: 5528K->5528K(21504K)], 0.0061520 secs] [Times: user=0.02 sys=0.00, real=0.01 secs] 
156.502: Total time for which application threads were stopped: 0.0084100 seconds, Stopping threads took: 0.0000650 seconds
156.538: Application time: 0.0358470 seconds
156.538: [GC [PSYoungGen: 17697K->2304K(20480K)] 28684K->16362K(66560K), 0.0015200 secs] [Times: user=0.01 sys=0.00, real=0.01 secs] 
156.540: Total time for which application threads were stopped: 0.0016560 seconds, Stopping threads took: 0.0000660 seconds
156.568: Application time: 0.0283850 seconds
156.568: [GC [PSYoungGen: 19664K->2304K(20480K)] 33722K->21482K(66560K), 0.0019940 secs] [Times: user=0.01 sys=0.00, real=0.00 secs] 
156.570: Total time for which application threads were stopped: 0.0021630 seconds, Stopping threads took: 0.0000780 seconds
156.606: Application time: 0.0359840 seconds
156.607: [GC [PSYoungGen: 19912K->2304K(20480K)] 39090K->26602K(66560K), 0.0019500 secs] [Times: user=0.02 sys=0.00, real=0.00 secs] 
156.609: Total time for which application threads were stopped: 0.0021200 seconds, Stopping threads took: 0.0000930 seconds
156.638: Application time: 0.0291750 seconds
156.638: [GC [PSYoungGen: 19740K->2304K(20480K)] 44039K->30698K(66560K), 0.0017340 secs] [Times: user=0.01 sys=0.00, real=0.01 secs] 
156.640: Total time for which application threads were stopped: 0.0018720 seconds, Stopping threads took: 0.0000660 seconds
156.674: Application time: 0.0345450 seconds
156.674: [GC [PSYoungGen: 19863K->2272K(20480K)] 48258K->34762K(66560K), 0.0017530 secs] [Times: user=0.01 sys=0.00, real=0.00 secs] 
156.676: Total time for which application threads were stopped: 0.0019090 seconds, Stopping threads took: 0.0000820 seconds
156.704: Application time: 0.0282980 seconds
156.705: [GC [PSYoungGen: 19661K->2272K(20480K)] 52152K->38858K(66560K), 0.0017420 secs] [Times: user=0.01 sys=0.00, real=0.00 secs] 
156.706: Total time for which application threads were stopped: 0.0018860 seconds, Stopping threads took: 0.0000740 seconds
156.743: Application time: 0.0365910 seconds
156.743: [GC [PSYoungGen: 19873K->2304K(20480K)] 56460K->41962K(66560K), 0.0014270 secs] [Times: user=0.01 sys=0.00, real=0.00 secs] 
156.744: Total time for which application threads were stopped: 0.0015760 seconds, Stopping threads took: 0.0000770 seconds
156.772: Application time: 0.0273290 seconds
156.772: [GC [PSYoungGen: 19625K->2304K(20480K)] 59284K->46059K(66560K), 0.0017070 secs] [Times: user=0.01 sys=0.00, real=0.00 secs] 
156.774: [Full GC [PSYoungGen: 2304K->0K(20480K)] [ParOldGen: 43754K->9981K(46080K)] 46059K->9981K(66560K) [PSPermGen: 5528K->5528K(21504K)], 0.0062410 secs] [Times: user=0.03 sys=0.00, real=0.01 secs] 
156.780: Total time for which application threads were stopped: 0.0081340 seconds, Stopping threads took: 0.0000690 seconds
156.815: Application time: 0.0354490 seconds
156.816: [GC [PSYoungGen: 17526K->2272K(20480K)] 27507K->15325K(66560K), 0.0015870 secs] [Times: user=0.01 sys=0.00, real=0.00 secs] 
156.817: Total time for which application threads were stopped: 0.0018260 seconds, Stopping threads took: 0.0001630 seconds
156.844: Application time: 0.0264840 seconds
156.844: [GC [PSYoungGen: 19695K->2304K(20480K)] 32748K->19453K(66560K), 0.0017480 secs] [Times: user=0.01 sys=0.00, real=0.00 secs] 
156.846: Total time for which application threads were stopped: 0.0019000 seconds, Stopping threads took: 0.0000760 seconds
156.885: Application time: 0.0394890 seconds
156.885: [GC [PSYoungGen: 20003K->2320K(20480K)] 37153K->22541K(66560K), 0.0015360 secs] [Times: user=0.01 sys=0.00, real=0.00 secs] 
156.887: Total time for which application threads were stopped: 0.0017100 seconds, Stopping threads took: 0.0000930 seconds
156.913: Application time: 0.0264490 seconds
156.913: [GC [PSYoungGen: 19791K->2320K(20480K)] 40012K->26637K(66560K), 0.0017850 secs] [Times: user=0.01 sys=0.00, real=0.00 secs] 
156.915: Total time for which application threads were stopped: 0.0019500 seconds, Stopping threads took: 0.0000900 seconds
156.954: Application time: 0.0390170 seconds
156.954: [GC [PSYoungGen: 20156K->2384K(20480K)] 44474K->28749K(66560K), 0.0012980 secs] [Times: user=0.01 sys=0.00, real=0.00 secs] 
156.956: Total time for which application threads were stopped: 0.0014400 seconds, Stopping threads took: 0.0000720 seconds
156.983: Application time: 0.0268770 seconds
156.983: [GC [PSYoungGen: 20130K->2464K(20480K)] 46495K->32925K(66560K), 0.0017980 secs] [Times: user=0.02 sys=0.00, real=0.00 secs] 
156.984: Total time for which application threads were stopped: 0.0019350 seconds, Stopping threads took: 0.0000630 seconds
157.021: Application time: 0.0363970 seconds
157.021: [GC [PSYoungGen: 20011K->2480K(20480K)] 50473K->34989K(66560K), 0.0012980 secs] [Times: user=0.00 sys=0.00, real=0.00 secs] 
157.022: Total time for which application threads were stopped: 0.0014380 seconds, Stopping threads took: 0.0000700 seconds
157.052: Application time: 0.0298210 seconds
157.052: [GC [PSYoungGen: 20208K->2496K(20480K)] 52717K->38077K(66560K), 0.0015190 secs] [Times: user=0.01 sys=0.00, real=0.00 secs] 
157.054: Total time for which application threads were stopped: 0.0016540 seconds, Stopping threads took: 0.0000630 seconds
157.087: Application time: 0.0334190 seconds
157.087: [GC [PSYoungGen: 19615K->2480K(20480K)] 55197K->40109K(66560K), 0.0013350 secs] [Times: user=0.01 sys=0.00, real=0.00 secs] 
157.089: Total time for which application threads were stopped: 0.0015020 seconds, Stopping threads took: 0.0000860 seconds
157.120: Application time: 0.0313780 seconds
157.123: [GC [PSYoungGen: 20328K->2496K(20480K)] 57957K->44221K(66560K), 0.0017720 secs] [Times: user=0.01 sys=0.00, real=0.00 secs] 
157.124: [Full GC [PSYoungGen: 2496K->0K(20480K)] [ParOldGen: 41725K->9978K(46080K)] 44221K->9978K(66560K) [PSPermGen: 5528K->5528K(21504K)], 0.0061830 secs] [Times: user=0.03 sys=0.00, real=0.01 secs] 
157.131: Total time for which application threads were stopped: 0.0104880 seconds, Stopping threads took: 0.0024130 seconds
157.166: Application time: 0.0349870 seconds
157.166: [GC [PSYoungGen: 17218K->2272K(20480K)] 27197K->13275K(66560K), 0.0010260 secs] [Times: user=0.01 sys=0.00, real=0.00 secs] 
157.167: Total time for which application threads were stopped: 0.0012360 seconds, Stopping threads took: 0.0001420 seconds
157.195: Application time: 0.0284760 seconds
157.195: [GC [PSYoungGen: 19999K->2272K(20480K)] 31002K->17371K(66560K), 0.0018060 secs] [Times: user=0.01 sys=0.00, real=0.00 secs] 
157.197: Total time for which application threads were stopped: 0.0019360 seconds, Stopping threads took: 0.0000590 seconds
157.233: Application time: 0.0359580 seconds
157.233: [GC [PSYoungGen: 19450K->2304K(20480K)] 34549K->20475K(66560K), 0.0015150 secs] [Times: user=0.01 sys=0.00, real=0.00 secs] 
157.235: Total time for which application threads were stopped: 0.0016690 seconds, Stopping threads took: 0.0000800 seconds
157.263: Application time: 0.0277510 seconds
157.263: [GC [PSYoungGen: 20101K->2304K(20480K)] 38272K->24571K(66560K), 0.0017120 secs] [Times: user=0.01 sys=0.00, real=0.00 secs] 
157.264: Total time for which application threads were stopped: 0.0018600 seconds, Stopping threads took: 0.0000740 seconds
157.303: Application time: 0.0382500 seconds
157.303: [GC [PSYoungGen: 19568K->2320K(20480K)] 41835K->26635K(66560K), 0.0011730 secs] [Times: user=0.01 sys=0.00, real=0.00 secs] 
157.304: Total time for which application threads were stopped: 0.0012970 seconds, Stopping threads took: 0.0000560 seconds
157.330: Application time: 0.0256710 seconds
157.330: [GC [PSYoungGen: 20050K->2304K(20480K)] 44365K->30715K(66560K), 0.0017550 secs] [Times: user=0.01 sys=0.00, real=0.01 secs] 
157.332: Total time for which application threads were stopped: 0.0019070 seconds, Stopping threads took: 0.0000710 seconds
157.369: Application time: 0.0376260 seconds
157.369: [GC [PSYoungGen: 19402K->2304K(20480K)] 47813K->32763K(66560K), 0.0010930 secs] [Times: user=0.01 sys=0.00, real=0.00 secs] 
157.370: Total time for which application threads were stopped: 0.0012280 seconds, Stopping threads took: 0.0000650 seconds
157.397: Application time: 0.0267510 seconds
157.397: [GC [PSYoungGen: 20224K->2304K(20480K)] 50683K->37883K(66560K), 0.0020230 secs] [Times: user=0.01 sys=0.00, real=0.01 secs] 
157.399: Total time for which application threads were stopped: 0.0021710 seconds, Stopping threads took: 0.0000740 seconds
157.437: Application time: 0.0375500 seconds
157.437: [GC [PSYoungGen: 20224K->2304K(20480K)] 55803K->39931K(66560K), 0.0010830 secs] [Times: user=0.01 sys=0.00, real=0.00 secs] 
157.438: Total time for which application threads were stopped: 0.0012200 seconds, Stopping threads took: 0.0000680 seconds
157.467: Application time: 0.0285450 seconds
157.467: [GC [PSYoungGen: 19500K->2304K(20480K)] 57128K->44027K(66560K), 0.0017450 secs] [Times: user=0.01 sys=0.00, real=0.00 secs] 
157.469: [Full GC [PSYoungGen: 2304K->0K(20480K)] [ParOldGen: 41723K->9969K(46080K)] 44027K->9969K(66560K) [PSPermGen: 5528K->5528K(21504K)], 0.0060730 secs] [Times: user=0.02 sys=0.00, real=0.01 secs] 
157.475: Total time for which application threads were stopped: 0.0079960 seconds, Stopping threads took: 0.0000640 seconds
157.508: Application time: 0.0328960 seconds
157.508: [GC [PSYoungGen: 17486K->2304K(20480K)] 27455K->15345K(66560K), 0.0014600 secs] [Times: user=0.01 sys=0.00, real=0.00 secs] 
157.509: Total time for which application threads were stopped: 0.0016120 seconds, Stopping threads took: 0.0000830 seconds
157.543: Application time: 0.0333370 seconds
157.543: [GC [PSYoungGen: 19749K->2304K(20480K)] 32790K->19441K(66560K), 0.0016110 secs] [Times: user=0.01 sys=0.00, real=0.00 secs] 
157.544: Total time for which application threads were stopped: 0.0017990 seconds, Stopping threads took: 0.0001160 seconds
157.576: Application time: 0.0320520 seconds
157.577: [GC [PSYoungGen: 19869K->2272K(20480K)] 37006K->23505K(66560K), 0.0017280 secs] [Times: user=0.01 sys=0.00, real=0.00 secs] 
157.578: Total time for which application threads were stopped: 0.0018600 seconds, Stopping threads took: 0.0000620 seconds
157.608: Application time: 0.0296690 seconds
157.608: [GC [PSYoungGen: 19783K->2304K(20480K)] 41016K->28657K(66560K), 0.0020250 secs] [Times: user=0.02 sys=0.00, real=0.00 secs] 
157.610: Total time for which application threads were stopped: 0.0021830 seconds, Stopping threads took: 0.0000740 seconds
157.641: Application time: 0.0313470 seconds
157.642: [GC [PSYoungGen: 19905K->2368K(20480K)] 46258K->32817K(66560K), 0.0018220 secs] [Times: user=0.01 sys=0.00, real=0.00 secs] 
157.643: Total time for which application threads were stopped: 0.0019660 seconds, Stopping threads took: 0.0000710 seconds
157.677: Application time: 0.0337070 seconds
157.677: [GC [PSYoungGen: 20108K->2400K(20480K)] 50557K->37969K(66560K), 0.0021890 secs] [Times: user=0.02 sys=0.00, real=0.01 secs] 
157.680: Total time for which application threads were stopped: 0.0023770 seconds, Stopping threads took: 0.0001120 seconds
157.712: Application time: 0.0327330 seconds
157.712: [GC [PSYoungGen: 20115K->2464K(20480K)] 55685K->41105K(66560K), 0.0016030 secs] [Times: user=0.00 sys=0.00, real=0.00 secs] 
157.714: Total time for which application threads were stopped: 0.0017400 seconds, Stopping threads took: 0.0000700 seconds
157.748: Application time: 0.0339840 seconds
157.748: [GC [PSYoungGen: 20251K->2432K(20480K)] 58893K->46193K(66560K), 0.0021270 secs] [Times: user=0.01 sys=0.00, real=0.00 secs] 
157.750: [Full GC [PSYoungGen: 2432K->0K(20480K)] [ParOldGen: 43761K->10988K(46080K)] 46193K->10988K(66560K) [PSPermGen: 5528K->5528K(21504K)], 0.0062460 secs] [Times: user=0.03 sys=0.00, real=0.01 secs] 
157.757: Total time for which application threads were stopped: 0.0085830 seconds, Stopping threads took: 0.0000780 seconds
157.788: Application time: 0.0309570 seconds
157.788: [GC [PSYoungGen: 17411K->2304K(20480K)] 28400K->16364K(66560K), 0.0014610 secs] [Times: user=0.01 sys=0.00, real=0.00 secs] 
157.789: Total time for which application threads were stopped: 0.0016110 seconds, Stopping threads took: 0.0000820 seconds
157.824: Application time: 0.0348010 seconds
157.824: [GC [PSYoungGen: 19943K->2304K(20480K)] 34004K->20460K(66560K), 0.0017690 secs] [Times: user=0.01 sys=0.00, real=0.00 secs] 
157.826: Total time for which application threads were stopped: 0.0019540 seconds, Stopping threads took: 0.0001070 seconds
157.855: Application time: 0.0294420 seconds
157.855: [GC [PSYoungGen: 19664K->2304K(20480K)] 37821K->24557K(66560K), 0.0017380 secs] [Times: user=0.01 sys=0.00, real=0.00 secs] 
157.857: Total time for which application threads were stopped: 0.0018970 seconds, Stopping threads took: 0.0000840 seconds
157.894: Application time: 0.0367360 seconds
157.894: [GC [PSYoungGen: 20000K->2304K(20480K)] 42253K->27629K(66560K), 0.0014980 secs] [Times: user=0.01 sys=0.00, real=0.00 secs] 
157.896: Total time for which application threads were stopped: 0.0016370 seconds, Stopping threads took: 0.0000650 seconds
157.925: Application time: 0.0298440 seconds
157.926: [GC [PSYoungGen: 19692K->2304K(20480K)] 45017K->30701K(66560K), 0.0014240 secs] [Times: user=0.01 sys=0.00, real=0.00 secs] 
157.927: Total time for which application threads were stopped: 0.0015620 seconds, Stopping threads took: 0.0000680 seconds
157.962: Application time: 0.0351180 seconds
157.962: [GC [PSYoungGen: 19937K->2304K(20480K)] 48334K->34797K(66560K), 0.0018780 secs] [Times: user=0.01 sys=0.00, real=0.00 secs] 
157.964: Total time for which application threads were stopped: 0.0020560 seconds, Stopping threads took: 0.0001010 seconds
157.991: Application time: 0.0272790 seconds
157.992: [GC [PSYoungGen: 19579K->2304K(20480K)] 52072K->38893K(66560K), 0.0017610 secs] [Times: user=0.01 sys=0.00, real=0.00 secs] 
157.993: Total time for which application threads were stopped: 0.0019120 seconds, Stopping threads took: 0.0000790 seconds
158.032: Application time: 0.0387400 seconds
158.032: [GC [PSYoungGen: 20061K->2272K(20480K)] 56650K->41933K(66560K), 0.0015000 secs] [Times: user=0.01 sys=0.00, real=0.00 secs] 
158.034: Total time for which application threads were stopped: 0.0017190 seconds, Stopping threads took: 0.0001470 seconds
158.061: Application time: 0.0271640 seconds
158.061: [GC [PSYoungGen: 19574K->2304K(20480K)] 59236K->45037K(66560K), 0.0014780 secs] [Times: user=0.01 sys=0.00, real=0.00 secs] 
158.063: [Full GC [PSYoungGen: 2304K->0K(20480K)] [ParOldGen: 42733K->8945K(46080K)] 45037K->8945K(66560K) [PSPermGen: 5528K->5528K(21504K)], 0.0059040 secs] [Times: user=0.02 sys=0.00, real=0.00 secs] 
158.069: Total time for which application threads were stopped: 0.0075660 seconds, Stopping threads took: 0.0000640 seconds
158.107: Application time: 0.0388570 seconds
158.108: [GC [PSYoungGen: 17744K->2304K(20480K)] 26690K->14321K(66560K), 0.0015400 secs] [Times: user=0.01 sys=0.00, real=0.00 secs] 
158.109: Total time for which application threads were stopped: 0.0016770 seconds, Stopping threads took: 0.0000620 seconds
158.132: Application time: 0.0226690 seconds
158.132: [GC [PSYoungGen: 19465K->2304K(20480K)] 31482K->18417K(66560K), 0.0017190 secs] [Times: user=0.02 sys=0.00, real=0.00 secs] 
158.134: Total time for which application threads were stopped: 0.0018840 seconds, Stopping threads took: 0.0000840 seconds
158.176: Application time: 0.0422970 seconds
158.176: [GC [PSYoungGen: 20148K->2320K(20480K)] 36262K->20481K(66560K), 0.0011970 secs] [Times: user=0.01 sys=0.00, real=0.00 secs] 
158.177: Total time for which application threads were stopped: 0.0013310 seconds, Stopping threads took: 0.0000620 seconds
158.199: Application time: 0.0218660 seconds
158.199: [GC [PSYoungGen: 19478K->2272K(20480K)] 37640K->25553K(66560K), 0.0020420 secs] [Times: user=0.01 sys=0.00, real=0.00 secs] 
158.201: Total time for which application threads were stopped: 0.0022580 seconds, Stopping threads took: 0.0001340 seconds
158.242: Application time: 0.0405650 seconds
158.242: [GC [PSYoungGen: 19743K->2256K(20480K)] 43025K->26561K(66560K), 0.0009590 secs] [Times: user=0.00 sys=0.00, real=0.00 secs] 
158.243: Total time for which application threads were stopped: 0.0010980 seconds, Stopping threads took: 0.0000700 seconds
158.269: Application time: 0.0255100 seconds
158.269: [GC [PSYoungGen: 19849K->2304K(20480K)] 44155K->31730K(66560K), 0.0020750 secs] [Times: user=0.02 sys=0.00, real=0.01 secs] 
158.271: Total time for which application threads were stopped: 0.0022220 seconds, Stopping threads took: 0.0000710 seconds
158.309: Application time: 0.0379100 seconds
158.309: [GC [PSYoungGen: 19549K->2304K(20480K)] 48975K->31730K(66560K), 0.0007120 secs] [Times: user=0.00 sys=0.00, real=0.00 secs] 
158.310: Total time for which application threads were stopped: 0.0008470 seconds, Stopping threads took: 0.0000700 seconds
158.337: Application time: 0.0274240 seconds
158.337: [GC [PSYoungGen: 20224K->2304K(20480K)] 49650K->36850K(66560K), 0.0019940 secs] [Times: user=0.01 sys=0.00, real=0.01 secs] 
158.339: Total time for which application threads were stopped: 0.0021550 seconds, Stopping threads took: 0.0000870 seconds
158.373: Application time: 0.0342140 seconds
158.374: [GC [PSYoungGen: 20224K->2336K(20480K)] 54770K->38930K(66560K), 0.0012980 secs] [Times: user=0.00 sys=0.00, real=0.00 secs] 
158.375: Total time for which application threads were stopped: 0.0014310 seconds, Stopping threads took: 0.0000630 seconds
158.407: Application time: 0.0318830 seconds
158.407: [GC [PSYoungGen: 19902K->2432K(20480K)] 56496K->43122K(66560K), 0.0017860 secs] [Times: user=0.02 sys=0.00, real=0.00 secs] 
158.409: [Full GC [PSYoungGen: 2432K->0K(20480K)] [ParOldGen: 40690K->9985K(46080K)] 43122K->9985K(66560K) [PSPermGen: 5528K->5528K(21504K)], 0.0062750 secs] [Times: user=0.02 sys=0.00, real=0.01 secs] 
158.415: Total time for which application threads were stopped: 0.0082630 seconds, Stopping threads took: 0.0000820 seconds
158.448: Application time: 0.0334210 seconds
158.449: [GC [PSYoungGen: 16926K->2336K(20480K)] 26911K->14369K(66560K), 0.0011860 secs] [Times: user=0.01 sys=0.00, real=0.00 secs] 
158.450: Total time for which application threads were stopped: 0.0013100 seconds, Stopping threads took: 0.0000590 seconds
158.476: Application time: 0.0266510 seconds
158.477: [GC [PSYoungGen: 19541K->2400K(20480K)] 31574K->18529K(66560K), 0.0017940 secs] [Times: user=0.01 sys=0.00, real=0.00 secs] 
158.478: Total time for which application threads were stopped: 0.0019380 seconds, Stopping threads took: 0.0000710 seconds
158.511: Application time: 0.0321770 seconds
158.511: [GC [PSYoungGen: 20026K->2368K(20480K)] 36155K->23617K(66560K), 0.0020670 secs] [Times: user=0.01 sys=0.00, real=0.00 secs] 
158.513: Total time for which application threads were stopped: 0.0021990 seconds, Stopping threads took: 0.0000590 seconds
158.546: Application time: 0.0330310 seconds
158.546: [GC [PSYoungGen: 19751K->2368K(20480K)] 41001K->27713K(66560K), 0.0017310 secs] [Times: user=0.01 sys=0.00, real=0.00 secs] 
158.548: Total time for which application threads were stopped: 0.0018720 seconds, Stopping threads took: 0.0000670 seconds
158.579: Application time: 0.0315610 seconds
158.579: [GC [PSYoungGen: 19984K->2400K(20480K)] 45330K->31842K(66560K), 0.0018510 secs] [Times: user=0.02 sys=0.00, real=0.00 secs] 
158.581: Total time for which application threads were stopped: 0.0019990 seconds, Stopping threads took: 0.0000730 seconds
158.613: Application time: 0.0320990 seconds
158.613: [GC [PSYoungGen: 19785K->2336K(20480K)] 49227K->35874K(66560K), 0.0018530 secs] [Times: user=0.01 sys=0.00, real=0.00 secs] 
158.615: Total time for which application threads were stopped: 0.0020010 seconds, Stopping threads took: 0.0000750 seconds
158.646: Application time: 0.0306520 seconds
158.646: [GC [PSYoungGen: 19905K->2400K(20480K)] 53443K->40034K(66560K), 0.0017810 secs] [Times: user=0.01 sys=0.00, real=0.00 secs] 
158.648: Total time for which application threads were stopped: 0.0019540 seconds, Stopping threads took: 0.0000830 seconds
158.683: Application time: 0.0353160 seconds
158.683: [GC [PSYoungGen: 19889K->2400K(20480K)] 57524K->44130K(66560K), 0.0018240 secs] [Times: user=0.01 sys=0.00, real=0.00 secs] 
158.685: [Full GC [PSYoungGen: 2400K->0K(20480K)] [ParOldGen: 41730K->9973K(46080K)] 44130K->9973K(66560K) [PSPermGen: 5528K->5528K(21504K)], 0.0060730 secs] [Times: user=0.02 sys=0.00, real=0.01 secs] 
158.691: Total time for which application threads were stopped: 0.0081200 seconds, Stopping threads took: 0.0001030 seconds
158.720: Application time: 0.0289950 seconds
158.720: [GC [PSYoungGen: 17497K->2304K(20480K)] 27470K->16373K(66560K), 0.0016740 secs] [Times: user=0.01 sys=0.00, real=0.00 secs] 
158.722: Total time for which application threads were stopped: 0.0018200 seconds, Stopping threads took: 0.0000740 seconds
158.758: Application time: 0.0358990 seconds
158.758: [GC [PSYoungGen: 19823K->2304K(20480K)] 33892K->20469K(66560K), 0.0017490 secs] [Times: user=0.01 sys=0.00, real=0.01 secs] 
158.760: Total time for which application threads were stopped: 0.0018970 seconds, Stopping threads took: 0.0000670 seconds
158.788: Application time: 0.0277540 seconds
158.788: [GC [PSYoungGen: 19782K->2304K(20480K)] 37947K->24565K(66560K), 0.0017420 secs] [Times: user=0.01 sys=0.00, real=0.00 secs] 
158.790: Total time for which application threads were stopped: 0.0018840 seconds, Stopping threads took: 0.0000670 seconds
158.828: Application time: 0.0386540 seconds
158.828: [GC [PSYoungGen: 19855K->2304K(20480K)] 42116K->27637K(66560K), 0.0014540 secs] [Times: user=0.01 sys=0.00, real=0.00 secs] 
158.830: Total time for which application threads were stopped: 0.0015930 seconds, Stopping threads took: 0.0000670 seconds
158.856: Application time: 0.0266010 seconds
158.857: [GC [PSYoungGen: 19784K->2304K(20480K)] 45117K->30709K(66560K), 0.0014330 secs] [Times: user=0.01 sys=0.00, real=0.00 secs] 
158.858: Total time for which application threads were stopped: 0.0015770 seconds, Stopping threads took: 0.0000710 seconds
158.895: Application time: 0.0368080 seconds
158.895: [GC [PSYoungGen: 19696K->2272K(20480K)] 48101K->34773K(66560K), 0.0017430 secs] [Times: user=0.00 sys=0.00, real=0.00 secs] 
158.897: Total time for which application threads were stopped: 0.0018800 seconds, Stopping threads took: 0.0000590 seconds
158.925: Application time: 0.0280440 seconds
158.925: [GC [PSYoungGen: 19897K->2272K(20480K)] 52398K->37845K(66560K), 0.0015250 secs] [Times: user=0.01 sys=0.00, real=0.00 secs] 
158.926: Total time for which application threads were stopped: 0.0016680 seconds, Stopping threads took: 0.0000730 seconds
158.962: Application time: 0.0356140 seconds
158.962: [GC [PSYoungGen: 19617K->2304K(20480K)] 55191K->41973K(66560K), 0.0017980 secs] [Times: user=0.01 sys=0.00, real=0.00 secs] 
158.964: Total time for which application threads were stopped: 0.0019410 seconds, Stopping threads took: 0.0000680 seconds
158.993: Application time: 0.0289880 seconds
158.993: [GC [PSYoungGen: 19981K->2304K(20480K)] 59650K->46069K(66560K), 0.0017520 secs] [Times: user=0.01 sys=0.00, real=0.00 secs] 
158.995: [Full GC [PSYoungGen: 2304K->0K(20480K)] [ParOldGen: 43765K->9967K(46080K)] 46069K->9967K(66560K) [PSPermGen: 5528K->5528K(21504K)], 0.0059080 secs] [Times: user=0.03 sys=0.00, real=0.01 secs] 
159.001: Total time for which application threads were stopped: 0.0078940 seconds, Stopping threads took: 0.0001150 seconds
159.037: Application time: 0.0360260 seconds
159.037: [GC [PSYoungGen: 17443K->2320K(20480K)] 27410K->15359K(66560K), 0.0014760 secs] [Times: user=0.01 sys=0.00, real=0.01 secs] 
159.039: Total time for which application threads were stopped: 0.0016190 seconds, Stopping threads took: 0.0000690 seconds
159.068: Application time: 0.0298170 seconds
159.068: [GC [PSYoungGen: 20123K->2336K(20480K)] 33163K->18447K(66560K), 0.0014850 secs] [Times: user=0.01 sys=0.00, real=0.00 secs] 
159.070: Total time for which application threads were stopped: 0.0016570 seconds, Stopping threads took: 0.0000940 seconds
159.105: Application time: 0.0352650 seconds
159.105: [GC [PSYoungGen: 19850K->2384K(20480K)] 35961K->20543K(66560K), 0.0012510 secs] [Times: user=0.01 sys=0.00, real=0.00 secs] 
159.107: Total time for which application threads were stopped: 0.0013950 seconds, Stopping threads took: 0.0000750 seconds
159.136: Application time: 0.0297020 seconds
159.136: [GC [PSYoungGen: 20303K->2416K(20480K)] 38463K->24671K(66560K), 0.0017260 secs] [Times: user=0.01 sys=0.00, real=0.00 secs] 
159.138: Total time for which application threads were stopped: 0.0018600 seconds, Stopping threads took: 0.0000620 seconds
159.174: Application time: 0.0352970 seconds
159.175: [GC [PSYoungGen: 19844K->2464K(20480K)] 42099K->25743K(66560K), 0.0011010 secs] [Times: user=0.00 sys=0.00, real=0.00 secs] 
159.176: Total time for which application threads were stopped: 0.0021310 seconds, Stopping threads took: 0.0009540 seconds
159.205: Application time: 0.0288640 seconds
159.205: [GC [PSYoungGen: 20236K->2544K(20480K)] 43516K->29919K(66560K), 0.0017650 secs] [Times: user=0.02 sys=0.00, real=0.00 secs] 
159.206: Total time for which application threads were stopped: 0.0019010 seconds, Stopping threads took: 0.0000640 seconds
159.244: Application time: 0.0372650 seconds
159.244: [GC [PSYoungGen: 19815K->2464K(20480K)] 47191K->29839K(66560K), 0.0008700 secs] [Times: user=0.00 sys=0.00, real=0.00 secs] 
159.245: Total time for which application threads were stopped: 0.0010090 seconds, Stopping threads took: 0.0000730 seconds
159.270: Application time: 0.0253150 seconds
159.270: [GC [PSYoungGen: 20111K->2528K(20480K)] 47486K->33999K(66560K), 0.0018040 secs] [Times: user=0.01 sys=0.00, real=0.01 secs] 
159.272: Total time for which application threads were stopped: 0.0019520 seconds, Stopping threads took: 0.0000720 seconds
159.313: Application time: 0.0405500 seconds
159.313: [GC [PSYoungGen: 19858K->1472K(20480K)] 51330K->32943K(66560K), 0.0006200 secs] [Times: user=0.00 sys=0.00, real=0.00 secs] 
159.313: Total time for which application threads were stopped: 0.0007730 seconds, Stopping threads took: 0.0000890 seconds
159.339: Application time: 0.0252990 seconds
159.339: [GC [PSYoungGen: 19198K->2496K(20480K)] 50669K->38063K(66560K), 0.0017740 secs] [Times: user=0.02 sys=0.00, real=0.00 secs] 
159.341: Total time for which application threads were stopped: 0.0019190 seconds, Stopping threads took: 0.0000690 seconds
159.378: Application time: 0.0371140 seconds
159.378: [GC [PSYoungGen: 20416K->2544K(20480K)] 55983K->40159K(66560K), 0.0011880 secs] [Times: user=0.01 sys=0.00, real=0.01 secs] 
159.379: Total time for which application threads were stopped: 0.0013190 seconds, Stopping threads took: 0.0000630 seconds
159.406: Application time: 0.0271180 seconds
159.406: [GC [PSYoungGen: 19621K->2512K(20480K)] 57237K->44223K(66560K), 0.0018250 secs] [Times: user=0.01 sys=0.00, real=0.00 secs] 
159.408: [Full GC [PSYoungGen: 2512K->0K(20480K)] [ParOldGen: 41711K->9971K(46080K)] 44223K->9971K(66560K) [PSPermGen: 5528K->5528K(21504K)], 0.0061220 secs] [Times: user=0.03 sys=0.00, real=0.01 secs] 
159.414: Total time for which application threads were stopped: 0.0081520 seconds, Stopping threads took: 0.0000840 seconds
159.446: Application time: 0.0313580 seconds
159.446: [GC [PSYoungGen: 17406K->2304K(20480K)] 27377K->16371K(66560K), 0.0017960 secs] [Times: user=0.01 sys=0.00, real=0.00 secs] 
159.448: Total time for which application threads were stopped: 0.0019290 seconds, Stopping threads took: 0.0000600 seconds
159.481: Application time: 0.0334560 seconds
159.481: [GC [PSYoungGen: 19920K->2304K(20480K)] 33987K->20467K(66560K), 0.0017830 secs] [Times: user=0.01 sys=0.00, real=0.00 secs] 
159.483: Total time for which application threads were stopped: 0.0019260 seconds, Stopping threads took: 0.0000690 seconds
159.516: Application time: 0.0332230 seconds
159.516: [GC [PSYoungGen: 19757K->2272K(20480K)] 37920K->23507K(66560K), 0.0015690 secs] [Times: user=0.01 sys=0.00, real=0.00 secs] 
159.518: Total time for which application threads were stopped: 0.0017320 seconds, Stopping threads took: 0.0000970 seconds
159.551: Application time: 0.0334650 seconds
159.551: [GC [PSYoungGen: 19862K->2304K(20480K)] 41097K->26611K(66560K), 0.0014550 secs] [Times: user=0.01 sys=0.00, real=0.00 secs] 
159.553: Total time for which application threads were stopped: 0.0015950 seconds, Stopping threads took: 0.0000710 seconds
159.585: Application time: 0.0320350 seconds
159.585: [GC [PSYoungGen: 19770K->2304K(20480K)] 44078K->30707K(66560K), 0.0016400 secs] [Times: user=0.01 sys=0.00, real=0.00 secs] 
159.587: Total time for which application threads were stopped: 0.0017820 seconds, Stopping threads took: 0.0000690 seconds
159.620: Application time: 0.0335180 seconds
159.620: [GC [PSYoungGen: 19867K->2304K(20480K)] 48271K->33779K(66560K), 0.0015090 secs] [Times: user=0.01 sys=0.00, real=0.00 secs] 
159.622: Total time for which application threads were stopped: 0.0016490 seconds, Stopping threads took: 0.0000720 seconds
159.649: Application time: 0.0267330 seconds
159.649: [GC [PSYoungGen: 19692K->2240K(20480K)] 51168K->38835K(66560K), 0.0020270 secs] [Times: user=0.01 sys=0.00, real=0.01 secs] 
159.651: Total time for which application threads were stopped: 0.0021800 seconds, Stopping threads took: 0.0000780 seconds
159.687: Application time: 0.0359020 seconds
159.687: [GC [PSYoungGen: 19752K->2304K(20480K)] 56347K->42995K(66560K), 0.0017460 secs] [Times: user=0.01 sys=0.00, real=0.00 secs] 
159.689: [Full GC [PSYoungGen: 2304K->0K(20480K)] [ParOldGen: 40691K->9985K(46080K)] 42995K->9985K(66560K) [PSPermGen: 5528K->5528K(21504K)], 0.0060310 secs] [Times: user=0.03 sys=0.00, real=0.01 secs] 
159.695: Total time for which application threads were stopped: 0.0079880 seconds, Stopping threads took: 0.0000760 seconds
159.723: Application time: 0.0279440 seconds
159.723: [GC [PSYoungGen: 17506K->2304K(20480K)] 27491K->17409K(66560K), 0.0020070 secs] [Times: user=0.01 sys=0.00, real=0.00 secs] 
159.725: Total time for which application threads were stopped: 0.0021610 seconds, Stopping threads took: 0.0000800 seconds
159.763: Application time: 0.0384490 seconds
159.763: [GC [PSYoungGen: 19973K->2320K(20480K)] 35078K->20497K(66560K), 0.0015350 secs] [Times: user=0.01 sys=0.00, real=0.00 secs] 
159.765: Total time for which application threads were stopped: 0.0016770 seconds, Stopping threads took: 0.0000720 seconds
159.791: Application time: 0.0255490 seconds
159.791: [GC [PSYoungGen: 19839K->2336K(20480K)] 38016K->24609K(66560K), 0.0017710 secs] [Times: user=0.01 sys=0.00, real=0.00 secs] 
159.792: Total time for which application threads were stopped: 0.0019180 seconds, Stopping threads took: 0.0000730 seconds
159.831: Application time: 0.0385040 seconds
159.831: [GC [PSYoungGen: 20070K->2432K(20480K)] 42343K->27777K(66560K), 0.0014960 secs] [Times: user=0.01 sys=0.00, real=0.00 secs] 
159.833: Total time for which application threads were stopped: 0.0016320 seconds, Stopping threads took: 0.0000680 seconds
159.859: Application time: 0.0267870 seconds
159.860: [GC [PSYoungGen: 20215K->2496K(20480K)] 45560K->31937K(66560K), 0.0018490 secs] [Times: user=0.01 sys=0.00, real=0.00 secs] 
159.861: Total time for which application threads were stopped: 0.0020590 seconds, Stopping threads took: 0.0001340 seconds
159.897: Application time: 0.0360440 seconds
159.898: [GC [PSYoungGen: 19915K->2528K(20480K)] 49356K->36065K(66560K), 0.0018740 secs] [Times: user=0.01 sys=0.00, real=0.01 secs] 
159.900: Total time for which application threads were stopped: 0.0020200 seconds, Stopping threads took: 0.0000710 seconds
159.928: Application time: 0.0287650 seconds
159.928: [GC [PSYoungGen: 20114K->2528K(20480K)] 53652K->40161K(66560K), 0.0018210 secs] [Times: user=0.02 sys=0.00, real=0.00 secs] 
159.930: Total time for which application threads were stopped: 0.0019600 seconds, Stopping threads took: 0.0000670 seconds
159.968: Application time: 0.0373980 seconds
159.968: [GC [PSYoungGen: 20094K->2544K(20480K)] 57728K->43249K(66560K), 0.0016280 secs] [Times: user=0.02 sys=0.00, real=0.00 secs] 
159.969: [Full GC [PSYoungGen: 2544K->0K(20480K)] [ParOldGen: 40705K->8966K(46080K)] 43249K->8966K(66560K) [PSPermGen: 5528K->5528K(21504K)], 0.0059160 secs] [Times: user=0.02 sys=0.00, real=0.01 secs] 
159.975: Total time for which application threads were stopped: 0.0077490 seconds, Stopping threads took: 0.0000880 seconds
160.003: Application time: 0.0278870 seconds
160.003: [GC [PSYoungGen: 17491K->2240K(20480K)] 26457K->14278K(66560K), 0.0015220 secs] [Times: user=0.01 sys=0.00, real=0.00 secs] 
160.005: Total time for which application threads were stopped: 0.0016620 seconds, Stopping threads took: 0.0000700 seconds
160.041: Application time: 0.0361440 seconds
160.041: [GC [PSYoungGen: 19702K->2304K(20480K)] 31740K->17414K(66560K), 0.0015500 secs] [Times: user=0.01 sys=0.00, real=0.00 secs] 
160.043: Total time for which application threads were stopped: 0.0017210 seconds, Stopping threads took: 0.0000990 seconds
160.071: Application time: 0.0279880 seconds
160.071: [GC [PSYoungGen: 19850K->2304K(20480K)] 34960K->22534K(66560K), 0.0020720 secs] [Times: user=0.02 sys=0.00, real=0.00 secs] 
160.073: Total time for which application threads were stopped: 0.0022250 seconds, Stopping threads took: 0.0000810 seconds
160.111: Application time: 0.0381530 seconds
160.111: [GC [PSYoungGen: 19814K->2304K(20480K)] 40044K->24582K(66560K), 0.0012390 secs] [Times: user=0.01 sys=0.00, real=0.00 secs] 
160.113: Total time for which application threads were stopped: 0.0013980 seconds, Stopping threads took: 0.0000870 seconds
160.140: Application time: 0.0278640 seconds
160.141: [GC [PSYoungGen: 19862K->2272K(20480K)] 42140K->29670K(66560K), 0.0020300 secs] [Times: user=0.01 sys=0.00, real=0.00 secs] 
160.143: Total time for which application threads were stopped: 0.0021740 seconds, Stopping threads took: 0.0000670 seconds
160.180: Application time: 0.0374690 seconds
160.180: [GC [PSYoungGen: 19691K->2304K(20480K)] 47090K->31750K(66560K), 0.0012030 secs] [Times: user=0.01 sys=0.00, real=0.00 secs] 
160.181: Total time for which application threads were stopped: 0.0013530 seconds, Stopping threads took: 0.0000800 seconds
160.210: Application time: 0.0283200 seconds
160.210: [GC [PSYoungGen: 19944K->2304K(20480K)] 49390K->35846K(66560K), 0.0017220 secs] [Times: user=0.01 sys=0.00, real=0.01 secs] 
160.212: Total time for which application threads were stopped: 0.0018790 seconds, Stopping threads took: 0.0000760 seconds
160.248: Application time: 0.0368180 seconds
160.249: [GC [PSYoungGen: 19690K->2272K(20480K)] 53233K->37862K(66560K), 0.0011690 secs] [Times: user=0.01 sys=0.00, real=0.00 secs] 
160.250: Total time for which application threads were stopped: 0.0013000 seconds, Stopping threads took: 0.0000620 seconds
160.278: Application time: 0.0277350 seconds
160.278: [GC [PSYoungGen: 19923K->2304K(20480K)] 55514K->41990K(66560K), 0.0016510 secs] [Times: user=0.01 sys=0.00, real=0.01 secs] 
160.279: Total time for which application threads were stopped: 0.0017810 seconds, Stopping threads took: 0.0000580 seconds
160.315: Application time: 0.0354830 seconds
160.315: [GC [PSYoungGen: 19423K->2272K(20480K)] 59110K->44006K(66560K), 0.0012290 secs] [Times: user=0.00 sys=0.00, real=0.00 secs] 
160.316: [Full GC [PSYoungGen: 2272K->0K(20480K)] [ParOldGen: 41734K->7944K(46080K)] 44006K->7944K(66560K) [PSPermGen: 5528K->5528K(21504K)], 0.0056720 secs] [Times: user=0.02 sys=0.00, real=0.01 secs] 
160.322: Total time for which application threads were stopped: 0.0070780 seconds, Stopping threads took: 0.0000630 seconds
160.348: Application time: 0.0263880 seconds
160.348: [GC [PSYoungGen: 17752K->2304K(20480K)] 25697K->14344K(66560K), 0.0016460 secs] [Times: user=0.01 sys=0.00, real=0.00 secs] 
160.350: Total time for which application threads were stopped: 0.0017860 seconds, Stopping threads took: 0.0000650 seconds
160.388: Application time: 0.0383750 seconds
160.389: [GC [PSYoungGen: 19478K->2272K(20480K)] 31519K->15336K(66560K), 0.0010220 secs] [Times: user=0.01 sys=0.00, real=0.00 secs] 
160.390: Total time for which application threads were stopped: 0.0011620 seconds, Stopping threads took: 0.0000730 seconds
160.414: Application time: 0.0245140 seconds
160.414: [GC [PSYoungGen: 20025K->2304K(20480K)] 33090K->19464K(66560K), 0.0017460 secs] [Times: user=0.01 sys=0.00, real=0.00 secs] 
160.416: Total time for which application threads were stopped: 0.0019070 seconds, Stopping threads took: 0.0000870 seconds
160.457: Application time: 0.0406860 seconds
160.457: [GC [PSYoungGen: 19650K->2272K(20480K)] 36811K->20456K(66560K), 0.0010080 secs] [Times: user=0.00 sys=0.00, real=0.00 secs] 
160.458: Total time for which application threads were stopped: 0.0011590 seconds, Stopping threads took: 0.0000850 seconds
160.483: Application time: 0.0254700 seconds
160.483: [GC [PSYoungGen: 20006K->2336K(20480K)] 38190K->24616K(66560K), 0.0017730 secs] [Times: user=0.01 sys=0.00, real=0.00 secs] 
160.485: Total time for which application threads were stopped: 0.0019240 seconds, Stopping threads took: 0.0000780 seconds
160.520: Application time: 0.0347530 seconds
160.520: [GC [PSYoungGen: 19476K->2368K(20480K)] 41756K->25672K(66560K), 0.0010330 secs] [Times: user=0.01 sys=0.00, real=0.00 secs] 
160.521: Total time for which application threads were stopped: 0.0011680 seconds, Stopping threads took: 0.0000680 seconds
160.550: Application time: 0.0289970 seconds
160.550: [GC [PSYoungGen: 19669K->2432K(20480K)] 42974K->30856K(66560K), 0.0020800 secs] [Times: user=0.01 sys=0.00, real=0.01 secs] 
160.552: Total time for which application threads were stopped: 0.0022370 seconds, Stopping threads took: 0.0000810 seconds
160.586: Application time: 0.0337300 seconds
160.586: [GC [PSYoungGen: 20352K->2512K(20480K)] 48776K->35032K(66560K), 0.0018520 secs] [Times: user=0.02 sys=0.00, real=0.00 secs] 
160.588: Total time for which application threads were stopped: 0.0019890 seconds, Stopping threads took: 0.0000660 seconds
160.620: Application time: 0.0314700 seconds
160.620: [GC [PSYoungGen: 19953K->2464K(20480K)] 52473K->39080K(66560K), 0.0018890 secs] [Times: user=0.01 sys=0.00, real=0.00 secs] 
160.622: Total time for which application threads were stopped: 0.0020460 seconds, Stopping threads took: 0.0000830 seconds
160.655: Application time: 0.0331400 seconds
160.655: [GC [PSYoungGen: 20065K->2528K(20480K)] 56681K->42216K(66560K), 0.0015730 secs] [Times: user=0.01 sys=0.00, real=0.00 secs] 
160.657: [Full GC [PSYoungGen: 2528K->0K(20480K)] [ParOldGen: 39688K->8948K(46080K)] 42216K->8948K(66560K) [PSPermGen: 5528K->5528K(21504K)], 0.0060570 secs] [Times: user=0.03 sys=0.00, real=0.01 secs] 
160.663: Total time for which application threads were stopped: 0.0078100 seconds, Stopping threads took: 0.0000660 seconds
160.695: Application time: 0.0324120 seconds
160.695: [GC [PSYoungGen: 17456K->2304K(20480K)] 26404K->14324K(66560K), 0.0014970 secs] [Times: user=0.01 sys=0.00, real=0.00 secs] 
160.697: Total time for which application threads were stopped: 0.0016390 seconds, Stopping threads took: 0.0000720 seconds
160.730: Application time: 0.0333810 seconds
160.730: [GC [PSYoungGen: 19880K->2304K(20480K)] 31901K->16372K(66560K), 0.0012030 secs] [Times: user=0.01 sys=0.00, real=0.01 secs] 
160.731: Total time for which application threads were stopped: 0.0013570 seconds, Stopping threads took: 0.0000790 seconds
160.764: Application time: 0.0321150 seconds
160.764: [GC [PSYoungGen: 19758K->2304K(20480K)] 33827K->19444K(66560K), 0.0014900 secs] [Times: user=0.01 sys=0.00, real=0.00 secs] 
160.765: Total time for which application threads were stopped: 0.0016470 seconds, Stopping threads took: 0.0000820 seconds
160.799: Application time: 0.0333370 seconds
160.799: [GC [PSYoungGen: 19874K->2272K(20480K)] 37014K->20436K(66560K), 0.0010110 secs] [Times: user=0.01 sys=0.00, real=0.00 secs] 
160.800: Total time for which application threads were stopped: 0.0011290 seconds, Stopping threads took: 0.0000510 seconds
160.831: Application time: 0.0317480 seconds
160.832: [GC [PSYoungGen: 19658K->2272K(20480K)] 37823K->22484K(66560K), 0.0012820 secs] [Times: user=0.01 sys=0.00, real=0.00 secs] 
160.833: Total time for which application threads were stopped: 0.0014830 seconds, Stopping threads took: 0.0001330 seconds
160.859: Application time: 0.0260540 seconds
160.859: [GC [PSYoungGen: 19586K->2272K(20480K)] 39799K->26580K(66560K), 0.0018310 secs] [Times: user=0.01 sys=0.00, real=0.00 secs] 
160.861: Total time for which application threads were stopped: 0.0019690 seconds, Stopping threads took: 0.0000660 seconds
160.901: Application time: 0.0402470 seconds
160.901: [GC [PSYoungGen: 20017K->2304K(20480K)] 44326K->28660K(66560K), 0.0012300 secs] [Times: user=0.01 sys=0.00, real=0.00 secs] 
160.903: Total time for which application threads were stopped: 0.0013710 seconds, Stopping threads took: 0.0000730 seconds
160.928: Application time: 0.0255580 seconds
160.931: [GC [PSYoungGen: 19617K->2272K(20480K)] 45974K->32725K(66560K), 0.0017280 secs] [Times: user=0.01 sys=0.00, real=0.00 secs] 
160.932: Total time for which application threads were stopped: 0.0042030 seconds, Stopping threads took: 0.0024030 seconds
160.969: Application time: 0.0369700 seconds
160.969: [GC [PSYoungGen: 19793K->2304K(20480K)] 50246K->35829K(66560K), 0.0014820 secs] [Times: user=0.01 sys=0.00, real=0.01 secs] 
160.971: Total time for which application threads were stopped: 0.0016330 seconds, Stopping threads took: 0.0000760 seconds
160.998: Application time: 0.0271240 seconds
160.998: [GC [PSYoungGen: 19761K->2304K(20480K)] 53286K->39925K(66560K), 0.0017790 secs] [Times: user=0.01 sys=0.00, real=0.01 secs] 
161.000: Total time for which application threads were stopped: 0.0019170 seconds, Stopping threads took: 0.0000660 seconds
161.035: Application time: 0.0351020 seconds
161.035: [GC [PSYoungGen: 19653K->2272K(20480K)] 57274K->42965K(66560K), 0.0014960 secs] [Times: user=0.01 sys=0.00, real=0.00 secs] 
161.037: [Full GC [PSYoungGen: 2272K->0K(20480K)] [ParOldGen: 40693K->8952K(46080K)] 42965K->8952K(66560K) [PSPermGen: 5528K->5528K(21504K)], 0.0059190 secs] [Times: user=0.03 sys=0.00, real=0.01 secs] 
161.043: Total time for which application threads were stopped: 0.0076200 seconds, Stopping threads took: 0.0000870 seconds
161.072: Application time: 0.0296280 seconds
161.072: [GC [PSYoungGen: 17700K->2304K(20480K)] 26653K->15352K(66560K), 0.0016890 secs] [Times: user=0.01 sys=0.00, real=0.00 secs] 
161.074: Total time for which application threads were stopped: 0.0018300 seconds, Stopping threads took: 0.0000700 seconds
161.110: Application time: 0.0358290 seconds
161.110: [GC [PSYoungGen: 19613K->2304K(20480K)] 32662K->17400K(66560K), 0.0012360 secs] [Times: user=0.01 sys=0.00, real=0.01 secs] 
161.111: Total time for which application threads were stopped: 0.0013850 seconds, Stopping threads took: 0.0000800 seconds
161.142: Application time: 0.0302970 seconds
161.142: [GC [PSYoungGen: 20048K->2304K(20480K)] 35144K->21496K(66560K), 0.0016480 secs] [Times: user=0.01 sys=0.00, real=0.00 secs] 
161.143: Total time for which application threads were stopped: 0.0017940 seconds, Stopping threads took: 0.0000730 seconds
161.177: Application time: 0.0334840 seconds
161.177: [GC [PSYoungGen: 19478K->2304K(20480K)] 38670K->24568K(66560K), 0.0014980 secs] [Times: user=0.01 sys=0.00, real=0.01 secs] 
161.179: Total time for which application threads were stopped: 0.0016570 seconds, Stopping threads took: 0.0000880 seconds
161.208: Application time: 0.0293790 seconds
161.211: [GC [PSYoungGen: 19272K->2336K(20480K)] 41536K->27672K(66560K), 0.0014360 secs] [Times: user=0.01 sys=0.00, real=0.00 secs] 
161.212: Total time for which application threads were stopped: 0.0040380 seconds, Stopping threads took: 0.0025310 seconds
161.246: Application time: 0.0340150 seconds
161.246: [GC [PSYoungGen: 19686K->2384K(20480K)] 45023K->30792K(66560K), 0.0016090 secs] [Times: user=0.01 sys=0.00, real=0.00 secs] 
161.248: Total time for which application threads were stopped: 0.0017560 seconds, Stopping threads took: 0.0000650 seconds
161.275: Application time: 0.0269300 seconds
161.275: [GC [PSYoungGen: 19281K->2320K(20480K)] 47690K->33800K(66560K), 0.0015440 secs] [Times: user=0.01 sys=0.00, real=0.00 secs] 
161.276: Total time for which application threads were stopped: 0.0016870 seconds, Stopping threads took: 0.0000720 seconds
161.314: Application time: 0.0380190 seconds
161.315: [GC [PSYoungGen: 19796K->2544K(20480K)] 51277K->36073K(66560K), 0.0012880 secs] [Times: user=0.01 sys=0.00, real=0.00 secs] 
161.316: Total time for which application threads were stopped: 0.0014360 seconds, Stopping threads took: 0.0000790 seconds
161.343: Application time: 0.0266970 seconds
161.343: [GC [PSYoungGen: 20290K->2528K(20480K)] 53819K->40153K(66560K), 0.0018520 secs] [Times: user=0.02 sys=0.00, real=0.00 secs] 
161.345: Total time for which application threads were stopped: 0.0019990 seconds, Stopping threads took: 0.0000740 seconds
161.382: Application time: 0.0377290 seconds
161.382: [GC [PSYoungGen: 19737K->2512K(20480K)] 57362K->42185K(66560K), 0.0012280 secs] [Times: user=0.00 sys=0.00, real=0.00 secs] 
161.384: Total time for which application threads were stopped: 0.0013660 seconds, Stopping threads took: 0.0000710 seconds
161.412: Application time: 0.0284760 seconds
161.412: [GC [PSYoungGen: 20344K->2496K(20480K)] 60017K->45241K(66560K), 0.0015810 secs] [Times: user=0.01 sys=0.00, real=0.00 secs] 
161.414: [Full GC [PSYoungGen: 2496K->0K(20480K)] [ParOldGen: 42745K->8948K(46080K)] 45241K->8948K(66560K) [PSPermGen: 5528K->5528K(21504K)], 0.0059230 secs] [Times: user=0.02 sys=0.00, real=0.01 secs] 
161.420: Total time for which application threads were stopped: 0.0076960 seconds, Stopping threads took: 0.0000780 seconds
161.454: Application time: 0.0340520 seconds
161.454: [GC [PSYoungGen: 17911K->2304K(20480K)] 26860K->13300K(66560K), 0.0011600 secs] [Times: user=0.01 sys=0.00, real=0.00 secs] 
161.455: Total time for which application threads were stopped: 0.0013100 seconds, Stopping threads took: 0.0000830 seconds
161.487: Application time: 0.0317370 seconds
161.487: [GC [PSYoungGen: 19450K->2304K(20480K)] 30446K->16372K(66560K), 0.0014470 secs] [Times: user=0.01 sys=0.00, real=0.00 secs] 
161.489: Total time for which application threads were stopped: 0.0015830 seconds, Stopping threads took: 0.0000670 seconds
161.522: Application time: 0.0335880 seconds
161.522: [GC [PSYoungGen: 20112K->2304K(20480K)] 34181K->17396K(66560K), 0.0008960 secs] [Times: user=0.01 sys=0.00, real=0.00 secs] 
161.523: Total time for which application threads were stopped: 0.0010320 seconds, Stopping threads took: 0.0000680 seconds
161.553: Application time: 0.0300570 seconds
161.553: [GC [PSYoungGen: 19454K->2304K(20480K)] 34547K->20468K(66560K), 0.0014300 secs] [Times: user=0.01 sys=0.00, real=0.00 secs] 
161.555: Total time for which application threads were stopped: 0.0015860 seconds, Stopping threads took: 0.0000840 seconds
161.586: Application time: 0.0314050 seconds
161.586: [GC [PSYoungGen: 19908K->2304K(20480K)] 38073K->23540K(66560K), 0.0014860 secs] [Times: user=0.01 sys=0.00, real=0.00 secs] 
161.588: Total time for which application threads were stopped: 0.0016260 seconds, Stopping threads took: 0.0000700 seconds
161.621: Application time: 0.0331670 seconds
161.621: [GC [PSYoungGen: 19652K->2272K(20480K)] 40889K->26580K(66560K), 0.0014280 secs] [Times: user=0.01 sys=0.00, real=0.00 secs] 
161.623: Total time for which application threads were stopped: 0.0015760 seconds, Stopping threads took: 0.0000750 seconds
161.654: Application time: 0.0317350 seconds
161.654: [GC [PSYoungGen: 19921K->2304K(20480K)] 44230K->30709K(66560K), 0.0017570 secs] [Times: user=0.01 sys=0.00, real=0.00 secs] 
161.656: Total time for which application threads were stopped: 0.0019010 seconds, Stopping threads took: 0.0000720 seconds
161.690: Application time: 0.0333460 seconds
161.690: [GC [PSYoungGen: 19680K->2304K(20480K)] 48085K->33781K(66560K), 0.0014340 secs] [Times: user=0.01 sys=0.00, real=0.01 secs] 
161.691: Total time for which application threads were stopped: 0.0015820 seconds, Stopping threads took: 0.0000750 seconds
161.721: Application time: 0.0296890 seconds
161.721: [GC [PSYoungGen: 19879K->2208K(20480K)] 51356K->37781K(66560K), 0.0017680 secs] [Times: user=0.00 sys=0.00, real=0.00 secs] 
161.723: Total time for which application threads were stopped: 0.0019040 seconds, Stopping threads took: 0.0000620 seconds
161.755: Application time: 0.0324930 seconds
161.755: [GC [PSYoungGen: 19524K->2240K(20480K)] 55097K->40885K(66560K), 0.0016320 secs] [Times: user=0.01 sys=0.00, real=0.00 secs] 
161.757: Total time for which application threads were stopped: 0.0017860 seconds, Stopping threads took: 0.0000760 seconds
161.790: Application time: 0.0331510 seconds
161.790: [GC [PSYoungGen: 19972K->2304K(20480K)] 58618K->44021K(66560K), 0.0014160 secs] [Times: user=0.01 sys=0.00, real=0.01 secs] 
161.792: [Full GC [PSYoungGen: 2304K->0K(20480K)] [ParOldGen: 41717K->8951K(46080K)] 44021K->8951K(66560K) [PSPermGen: 5528K->5528K(21504K)], 0.0059350 secs] [Times: user=0.02 sys=0.00, real=0.00 secs] 
161.798: Total time for which application threads were stopped: 0.0075350 seconds, Stopping threads took: 0.0000670 seconds
161.831: Application time: 0.0330480 seconds
161.831: [GC [PSYoungGen: 17338K->2304K(20480K)] 26290K->13303K(66560K), 0.0012180 secs] [Times: user=0.01 sys=0.00, real=0.00 secs] 
161.832: Total time for which application threads were stopped: 0.0013500 seconds, Stopping threads took: 0.0000640 seconds
161.861: Application time: 0.0291870 seconds
161.861: [GC [PSYoungGen: 19842K->2320K(20480K)] 30841K->17415K(66560K), 0.0017460 secs] [Times: user=0.02 sys=0.00, real=0.00 secs] 
161.863: Total time for which application threads were stopped: 0.0018890 seconds, Stopping threads took: 0.0000680 seconds
161.899: Application time: 0.0356050 seconds
161.899: [GC [PSYoungGen: 19828K->2320K(20480K)] 34924K->20487K(66560K), 0.0014670 secs] [Times: user=0.01 sys=0.00, real=0.00 secs] 
161.900: Total time for which application threads were stopped: 0.0015930 seconds, Stopping threads took: 0.0000560 seconds
161.927: Application time: 0.0268750 seconds
161.927: [GC [PSYoungGen: 19955K->2336K(20480K)] 38122K->24599K(66560K), 0.0017950 secs] [Times: user=0.02 sys=0.00, real=0.00 secs] 
161.929: Total time for which application threads were stopped: 0.0019350 seconds, Stopping threads took: 0.0000650 seconds
161.967: Application time: 0.0378240 seconds
161.967: [GC [PSYoungGen: 20107K->2448K(20480K)] 42370K->27783K(66560K), 0.0014800 secs] [Times: user=0.01 sys=0.00, real=0.00 secs] 
161.969: Total time for which application threads were stopped: 0.0016370 seconds, Stopping threads took: 0.0000850 seconds
161.997: Application time: 0.0278310 seconds
161.997: [GC [PSYoungGen: 20154K->2432K(20480K)] 45490K->30839K(66560K), 0.0015360 secs] [Times: user=0.01 sys=0.00, real=0.00 secs] 
161.998: Total time for which application threads were stopped: 0.0016870 seconds, Stopping threads took: 0.0000740 seconds
162.032: Application time: 0.0337380 seconds
162.032: [GC [PSYoungGen: 19871K->2448K(20480K)] 48278K->34951K(66560K), 0.0019160 secs] [Times: user=0.01 sys=0.00, real=0.00 secs] 
162.034: Total time for which application threads were stopped: 0.0020900 seconds, Stopping threads took: 0.0001020 seconds
162.065: Application time: 0.0310240 seconds
162.065: [GC [PSYoungGen: 20216K->2528K(20480K)] 52720K->39127K(66560K), 0.0018120 secs] [Times: user=0.01 sys=0.00, real=0.00 secs] 
162.067: Total time for which application threads were stopped: 0.0019600 seconds, Stopping threads took: 0.0000720 seconds
162.102: Application time: 0.0350890 seconds
162.102: [GC [PSYoungGen: 19826K->2512K(20480K)] 56425K->42183K(66560K), 0.0015710 secs] [Times: user=0.01 sys=0.00, real=0.00 secs] 
162.104: Total time for which application threads were stopped: 0.0017090 seconds, Stopping threads took: 0.0000650 seconds
162.134: Application time: 0.0303000 seconds
162.134: [GC [PSYoungGen: 20244K->2512K(20480K)] 59916K->46279K(66560K), 0.0017130 secs] [Times: user=0.02 sys=0.00, real=0.00 secs] 
162.136: [Full GC [PSYoungGen: 2512K->0K(20480K)] [ParOldGen: 43767K->9973K(46080K)] 46279K->9973K(66560K) [PSPermGen: 5528K->5528K(21504K)], 0.0062920 secs] [Times: user=0.02 sys=0.00, real=0.01 secs] 
162.142: Total time for which application threads were stopped: 0.0081990 seconds, Stopping threads took: 0.0000670 seconds
162.176: Application time: 0.0333340 seconds
162.176: [GC [PSYoungGen: 17222K->2304K(20480K)] 27196K->15349K(66560K), 0.0014730 secs] [Times: user=0.01 sys=0.00, real=0.00 secs] 
162.177: Total time for which application threads were stopped: 0.0016440 seconds, Stopping threads took: 0.0000950 seconds
162.206: Application time: 0.0286540 seconds
162.206: [GC [PSYoungGen: 20048K->2304K(20480K)] 33094K->20469K(66560K), 0.0020750 secs] [Times: user=0.01 sys=0.00, real=0.00 secs] 
162.208: Total time for which application threads were stopped: 0.0022260 seconds, Stopping threads took: 0.0000760 seconds
162.245: Application time: 0.0369700 seconds
162.245: [GC [PSYoungGen: 19596K->2304K(20480K)] 37762K->23541K(66560K), 0.0015130 secs] [Times: user=0.01 sys=0.00, real=0.00 secs] 
162.247: Total time for which application threads were stopped: 0.0016700 seconds, Stopping threads took: 0.0000860 seconds
162.276: Application time: 0.0290570 seconds
162.276: [GC [PSYoungGen: 20078K->2272K(20480K)] 41316K->27605K(66560K), 0.0017500 secs] [Times: user=0.01 sys=0.00, real=0.00 secs] 
162.278: Total time for which application threads were stopped: 0.0019010 seconds, Stopping threads took: 0.0000640 seconds
162.313: Application time: 0.0353720 seconds
162.313: [GC [PSYoungGen: 19458K->2304K(20480K)] 44792K->30709K(66560K), 0.0015080 secs] [Times: user=0.01 sys=0.00, real=0.00 secs] 
162.315: Total time for which application threads were stopped: 0.0016680 seconds, Stopping threads took: 0.0000880 seconds
162.344: Application time: 0.0292430 seconds
162.344: [GC [PSYoungGen: 20095K->2304K(20480K)] 48501K->34805K(66560K), 0.0017310 secs] [Times: user=0.01 sys=0.00, real=0.00 secs] 
162.346: Total time for which application threads were stopped: 0.0018950 seconds, Stopping threads took: 0.0000920 seconds
162.381: Application time: 0.0351550 seconds
162.381: [GC [PSYoungGen: 19448K->2224K(20480K)] 51949K->37797K(66560K), 0.0014980 secs] [Times: user=0.01 sys=0.00, real=0.00 secs] 
162.383: Total time for which application threads were stopped: 0.0016410 seconds, Stopping threads took: 0.0000720 seconds
162.412: Application time: 0.0294390 seconds
162.412: [GC [PSYoungGen: 20126K->2272K(20480K)] 55700K->41941K(66560K), 0.0017280 secs] [Times: user=0.01 sys=0.00, real=0.00 secs] 
162.414: Total time for which application threads were stopped: 0.0018930 seconds, Stopping threads took: 0.0000910 seconds
162.451: Application time: 0.0366910 seconds
162.451: [GC [PSYoungGen: 19397K->2272K(20480K)] 59067K->43989K(66560K), 0.0011760 secs] [Times: user=0.01 sys=0.00, real=0.00 secs] 
162.452: [Full GC [PSYoungGen: 2272K->0K(20480K)] [ParOldGen: 41717K->7958K(46080K)] 43989K->7958K(66560K) [PSPermGen: 5528K->5528K(21504K)], 0.0057900 secs] [Times: user=0.02 sys=0.00, real=0.00 secs] 
162.458: Total time for which application threads were stopped: 0.0071580 seconds, Stopping threads took: 0.0000760 seconds
162.484: Application time: 0.0265050 seconds
162.485: [GC [PSYoungGen: 17817K->2304K(20480K)] 25775K->14358K(66560K), 0.0018360 secs] [Times: user=0.01 sys=0.00, real=0.00 secs] 
162.486: Total time for which application threads were stopped: 0.0020080 seconds, Stopping threads took: 0.0000890 seconds
162.522: Application time: 0.0359990 seconds
162.523: [GC [PSYoungGen: 19333K->2304K(20480K)] 31388K->16406K(66560K), 0.0011550 secs] [Times: user=0.00 sys=0.00, real=0.00 secs] 
162.524: Total time for which application threads were stopped: 0.0012930 seconds, Stopping threads took: 0.0000690 seconds
162.553: Application time: 0.0290900 seconds
162.553: [GC [PSYoungGen: 19217K->2272K(20480K)] 33319K->19446K(66560K), 0.0014990 secs] [Times: user=0.00 sys=0.00, real=0.00 secs] 
162.555: Total time for which application threads were stopped: 0.0016640 seconds, Stopping threads took: 0.0000910 seconds
162.589: Application time: 0.0348190 seconds
162.589: [GC [PSYoungGen: 20184K->2304K(20480K)] 37359K->20502K(66560K), 0.0009300 secs] [Times: user=0.01 sys=0.00, real=0.00 secs] 
162.590: Total time for which application threads were stopped: 0.0010940 seconds, Stopping threads took: 0.0000920 seconds
162.621: Application time: 0.0307460 seconds
162.621: [GC [PSYoungGen: 19531K->2304K(20480K)] 37729K->23574K(66560K), 0.0014230 secs] [Times: user=0.01 sys=0.00, real=0.00 secs] 
162.623: Total time for which application threads were stopped: 0.0015540 seconds, Stopping threads took: 0.0000600 seconds
162.654: Application time: 0.0312050 seconds
162.654: [GC [PSYoungGen: 20047K->2352K(20480K)] 41318K->26694K(66560K), 0.0014990 secs] [Times: user=0.01 sys=0.00, real=0.00 secs] 
162.656: Total time for which application threads were stopped: 0.0016340 seconds, Stopping threads took: 0.0000610 seconds
162.686: Application time: 0.0302470 seconds
162.686: [GC [PSYoungGen: 19941K->2432K(20480K)] 44283K->29846K(66560K), 0.0014930 secs] [Times: user=0.00 sys=0.00, real=0.00 secs] 
162.687: Total time for which application threads were stopped: 0.0016430 seconds, Stopping threads took: 0.0000770 seconds
162.721: Application time: 0.0339690 seconds
162.722: [GC [PSYoungGen: 19441K->2528K(20480K)] 46856K->31990K(66560K), 0.0012290 secs] [Times: user=0.01 sys=0.00, real=0.00 secs] 
162.723: Total time for which application threads were stopped: 0.0013680 seconds, Stopping threads took: 0.0000720 seconds
162.753: Application time: 0.0297710 seconds
162.753: [GC [PSYoungGen: 19633K->2512K(20480K)] 49095K->35046K(66560K), 0.0015910 secs] [Times: user=0.02 sys=0.00, real=0.00 secs] 
162.754: Total time for which application threads were stopped: 0.0017270 seconds, Stopping threads took: 0.0000640 seconds
162.785: Application time: 0.0307430 seconds
162.785: [GC [PSYoungGen: 20262K->2496K(20480K)] 52797K->39126K(66560K), 0.0017820 secs] [Times: user=0.01 sys=0.00, real=0.00 secs] 
162.787: Total time for which application threads were stopped: 0.0019360 seconds, Stopping threads took: 0.0000740 seconds
162.821: Application time: 0.0336440 seconds
162.821: [GC [PSYoungGen: 19694K->2496K(20480K)] 56325K->42198K(66560K), 0.0015760 secs] [Times: user=0.01 sys=0.00, real=0.00 secs] 
162.822: Total time for which application threads were stopped: 0.0017240 seconds, Stopping threads took: 0.0000680 seconds
162.855: Application time: 0.0321440 seconds
162.855: [GC [PSYoungGen: 20321K->2512K(20480K)] 60024K->47335K(66560K), 0.0020330 secs] [Times: user=0.02 sys=0.00, real=0.00 secs] 
162.857: [Full GC [PSYoungGen: 2512K->0K(20480K)] [ParOldGen: 44822K->10994K(46080K)] 47335K->10994K(66560K) [PSPermGen: 5528K->5528K(21504K)], 0.0065430 secs] [Times: user=0.03 sys=0.00, real=0.01 secs] 
162.863: Total time for which application threads were stopped: 0.0087730 seconds, Stopping threads took: 0.0000780 seconds
162.896: Application time: 0.0327260 seconds
162.896: [GC [PSYoungGen: 17151K->2304K(20480K)] 28146K->17394K(66560K), 0.0017870 secs] [Times: user=0.01 sys=0.00, real=0.00 secs] 
162.898: Total time for which application threads were stopped: 0.0019470 seconds, Stopping threads took: 0.0000870 seconds
162.930: Application time: 0.0324150 seconds
162.931: [GC [PSYoungGen: 20195K->2304K(20480K)] 35286K->21490K(66560K), 0.0016420 secs] [Times: user=0.01 sys=0.00, real=0.00 secs] 
162.932: Total time for which application threads were stopped: 0.0018120 seconds, Stopping threads took: 0.0001000 seconds
162.966: Application time: 0.0336810 seconds
162.966: [GC [PSYoungGen: 19487K->2304K(20480K)] 38674K->24562K(66560K), 0.0015210 secs] [Times: user=0.01 sys=0.00, real=0.00 secs] 
162.968: Total time for which application threads were stopped: 0.0016500 seconds, Stopping threads took: 0.0000620 seconds
162.995: Application time: 0.0272480 seconds
162.995: [GC [PSYoungGen: 19980K->2304K(20480K)] 42238K->28658K(66560K), 0.0017390 secs] [Times: user=0.01 sys=0.00, real=0.00 secs] 
162.997: Total time for which application threads were stopped: 0.0018820 seconds, Stopping threads took: 0.0000610 seconds
163.035: Application time: 0.0379310 seconds
163.035: [GC [PSYoungGen: 19609K->2304K(20480K)] 45964K->30706K(66560K), 0.0011960 secs] [Times: user=0.01 sys=0.00, real=0.00 secs] 
163.036: Total time for which application threads were stopped: 0.0013410 seconds, Stopping threads took: 0.0000710 seconds
163.063: Application time: 0.0271970 seconds
163.063: [GC [PSYoungGen: 20093K->2272K(20480K)] 48495K->34770K(66560K), 0.0018660 secs] [Times: user=0.01 sys=0.00, real=0.00 secs] 
163.065: Total time for which application threads were stopped: 0.0019980 seconds, Stopping threads took: 0.0000620 seconds
163.098: Application time: 0.0328580 seconds
163.098: [GC [PSYoungGen: 19172K->2304K(20480K)] 51671K->38898K(66560K), 0.0018670 secs] [Times: user=0.02 sys=0.00, real=0.01 secs] 
163.100: Total time for which application threads were stopped: 0.0020270 seconds, Stopping threads took: 0.0000870 seconds
163.129: Application time: 0.0291360 seconds
163.129: [GC [PSYoungGen: 19239K->2304K(20480K)] 55834K->42995K(66560K), 0.0018090 secs] [Times: user=0.01 sys=0.00, real=0.01 secs] 
163.131: [Full GC [PSYoungGen: 2304K->0K(20480K)] [ParOldGen: 40691K->9973K(46080K)] 42995K->9973K(66560K) [PSPermGen: 5528K->5528K(21504K)], 0.0059780 secs] [Times: user=0.03 sys=0.00, real=0.00 secs] 
163.137: Total time for which application threads were stopped: 0.0079830 seconds, Stopping threads took: 0.0000780 seconds
163.172: Application time: 0.0353040 seconds
163.173: [GC [PSYoungGen: 17044K->2272K(20480K)] 27018K->15317K(66560K), 0.0015090 secs] [Times: user=0.01 sys=0.00, real=0.00 secs] 
163.174: Total time for which application threads were stopped: 0.0016760 seconds, Stopping threads took: 0.0000910 seconds
163.202: Application time: 0.0277100 seconds
163.202: [GC [PSYoungGen: 20192K->2304K(20480K)] 33237K->20469K(66560K), 0.0020640 secs] [Times: user=0.01 sys=0.00, real=0.00 secs] 
163.204: Total time for which application threads were stopped: 0.0022130 seconds, Stopping threads took: 0.0000710 seconds
163.238: Application time: 0.0343180 seconds
163.239: [GC [PSYoungGen: 19208K->2304K(20480K)] 37373K->24565K(66560K), 0.0017400 secs] [Times: user=0.01 sys=0.00, real=0.00 secs] 
163.240: Total time for which application threads were stopped: 0.0019090 seconds, Stopping threads took: 0.0000970 seconds
163.270: Application time: 0.0299560 seconds
163.270: [GC [PSYoungGen: 19397K->2240K(20480K)] 41658K->28598K(66560K), 0.0018270 secs] [Times: user=0.01 sys=0.00, real=0.01 secs] 
163.272: Total time for which application threads were stopped: 0.0019730 seconds, Stopping threads took: 0.0000720 seconds
163.306: Application time: 0.0338820 seconds
163.306: [GC [PSYoungGen: 20115K->2304K(20480K)] 46473K->32758K(66560K), 0.0017730 secs] [Times: user=0.01 sys=0.00, real=0.00 secs] 
163.308: Total time for which application threads were stopped: 0.0019220 seconds, Stopping threads took: 0.0000670 seconds
163.340: Application time: 0.0320690 seconds
163.340: [GC [PSYoungGen: 19591K->2320K(20480K)] 50045K->35846K(66560K), 0.0014920 secs] [Times: user=0.01 sys=0.00, real=0.00 secs] 
163.342: Total time for which application threads were stopped: 0.0016390 seconds, Stopping threads took: 0.0000790 seconds
163.373: Application time: 0.0311980 seconds
163.373: [GC [PSYoungGen: 19281K->2400K(20480K)] 52807K->38998K(66560K), 0.0014830 secs] [Times: user=0.01 sys=0.00, real=0.00 secs] 
163.375: Total time for which application threads were stopped: 0.0016230 seconds, Stopping threads took: 0.0000680 seconds
163.406: Application time: 0.0311730 seconds
163.406: [GC [PSYoungGen: 19729K->2480K(20480K)] 56327K->42150K(66560K), 0.0015740 secs] [Times: user=0.01 sys=0.00, real=0.00 secs] 
163.407: Total time for which application threads were stopped: 0.0017180 seconds, Stopping threads took: 0.0000730 seconds
163.439: Application time: 0.0311480 seconds
163.439: [GC [PSYoungGen: 19473K->2528K(20480K)] 59144K->46302K(66560K), 0.0018330 secs] [Times: user=0.01 sys=0.00, real=0.00 secs] 
163.441: [Full GC [PSYoungGen: 2528K->0K(20480K)] [ParOldGen: 43774K->9986K(46080K)] 46302K->9986K(66560K) [PSPermGen: 5528K->5528K(21504K)], 0.0060300 secs] [Times: user=0.03 sys=0.00, real=0.00 secs] 
163.447: Total time for which application threads were stopped: 0.0080640 seconds, Stopping threads took: 0.0000730 seconds
163.479: Application time: 0.0323210 seconds
163.479: [GC [PSYoungGen: 17077K->2304K(20480K)] 27064K->15363K(66560K), 0.0014890 secs] [Times: user=0.01 sys=0.00, real=0.00 secs] 
163.481: Total time for which application threads were stopped: 0.0016530 seconds, Stopping threads took: 0.0000920 seconds
163.513: Application time: 0.0322050 seconds
163.513: [GC [PSYoungGen: 20210K->2272K(20480K)] 33269K->18403K(66560K), 0.0015690 secs] [Times: user=0.01 sys=0.00, real=0.00 secs] 
163.515: Total time for which application threads were stopped: 0.0017150 seconds, Stopping threads took: 0.0000730 seconds
163.548: Application time: 0.0334010 seconds
163.548: [GC [PSYoungGen: 19376K->2304K(20480K)] 35507K->20483K(66560K), 0.0012150 secs] [Times: user=0.00 sys=0.00, real=0.00 secs] 
163.549: Total time for which application threads were stopped: 0.0013630 seconds, Stopping threads took: 0.0000780 seconds
163.581: Application time: 0.0316340 seconds
163.581: [GC [PSYoungGen: 20195K->2304K(20480K)] 38374K->23555K(66560K), 0.0014140 secs] [Times: user=0.01 sys=0.00, real=0.00 secs] 
163.583: Total time for which application threads were stopped: 0.0015660 seconds, Stopping threads took: 0.0000820 seconds
163.612: Application time: 0.0296170 seconds
163.612: [GC [PSYoungGen: 20224K->2304K(20480K)] 41475K->27651K(66560K), 0.0017950 secs] [Times: user=0.02 sys=0.00, real=0.00 secs] 
163.614: Total time for which application threads were stopped: 0.0019960 seconds, Stopping threads took: 0.0001250 seconds
163.647: Application time: 0.0326260 seconds
163.647: [GC [PSYoungGen: 20224K->2304K(20480K)] 45571K->31747K(66560K), 0.0017950 secs] [Times: user=0.01 sys=0.00, real=0.00 secs] 
163.649: Total time for which application threads were stopped: 0.0019320 seconds, Stopping threads took: 0.0000660 seconds
163.683: Application time: 0.0344240 seconds
163.683: [GC [PSYoungGen: 19414K->2272K(20480K)] 48857K->35811K(66560K), 0.0018100 secs] [Times: user=0.01 sys=0.00, real=0.00 secs] 
163.685: Total time for which application threads were stopped: 0.0019470 seconds, Stopping threads took: 0.0000610 seconds
163.717: Application time: 0.0320890 seconds
163.717: [GC [PSYoungGen: 20192K->2304K(20480K)] 53731K->39939K(66560K), 0.0016760 secs] [Times: user=0.01 sys=0.00, real=0.01 secs] 
163.719: Total time for which application threads were stopped: 0.0018340 seconds, Stopping threads took: 0.0000830 seconds
163.752: Application time: 0.0330450 seconds
163.752: [GC [PSYoungGen: 19425K->2272K(20480K)] 57060K->44003K(66560K), 0.0018310 secs] [Times: user=0.01 sys=0.00, real=0.00 secs] 
163.754: [Full GC [PSYoungGen: 2272K->0K(20480K)] [ParOldGen: 41731K->9986K(46080K)] 44003K->9986K(66560K) [PSPermGen: 5528K->5528K(21504K)], 0.0060710 secs] [Times: user=0.02 sys=0.00, real=0.01 secs] 
163.760: Total time for which application threads were stopped: 0.0080890 seconds, Stopping threads took: 0.0000730 seconds
163.793: Application time: 0.0324580 seconds
163.793: [GC [PSYoungGen: 17920K->2304K(20480K)] 27906K->15362K(66560K), 0.0013690 secs] [Times: user=0.01 sys=0.00, real=0.00 secs] 
163.794: Total time for which application threads were stopped: 0.0015100 seconds, Stopping threads took: 0.0000720 seconds
163.827: Application time: 0.0325670 seconds
163.827: [GC [PSYoungGen: 19355K->2304K(20480K)] 32414K->18434K(66560K), 0.0014650 secs] [Times: user=0.01 sys=0.00, real=0.00 secs] 
163.828: Total time for which application threads were stopped: 0.0016100 seconds, Stopping threads took: 0.0000700 seconds
163.859: Application time: 0.0305580 seconds
163.859: [GC [PSYoungGen: 20200K->2304K(20480K)] 36331K->22530K(66560K), 0.0018190 secs] [Times: user=0.02 sys=0.00, real=0.00 secs] 
163.861: Total time for which application threads were stopped: 0.0019790 seconds, Stopping threads took: 0.0000760 seconds
163.894: Application time: 0.0331920 seconds
163.894: [GC [PSYoungGen: 19304K->2320K(20480K)] 39531K->25618K(66560K), 0.0014980 secs] [Times: user=0.01 sys=0.00, real=0.00 secs] 
163.896: Total time for which application threads were stopped: 0.0016700 seconds, Stopping threads took: 0.0001010 seconds
163.928: Application time: 0.0326700 seconds
163.931: [GC [PSYoungGen: 19278K->2304K(20480K)] 42577K->28674K(66560K), 0.0015070 secs] [Times: user=0.01 sys=0.00, real=0.00 secs] 
163.932: Total time for which application threads were stopped: 0.0036840 seconds, Stopping threads took: 0.0021070 seconds
163.963: Application time: 0.0306400 seconds
163.963: [GC [PSYoungGen: 20216K->2304K(20480K)] 46587K->32770K(66560K), 0.0017670 secs] [Times: user=0.01 sys=0.00, real=0.00 secs] 
163.965: Total time for which application threads were stopped: 0.0019270 seconds, Stopping threads took: 0.0000870 seconds
163.997: Application time: 0.0322630 seconds
163.999: [GC [PSYoungGen: 19309K->2304K(20480K)] 49776K->36867K(66560K), 0.0017190 secs] [Times: user=0.01 sys=0.00, real=0.00 secs] 
164.000: Total time for which application threads were stopped: 0.0033470 seconds, Stopping threads took: 0.0015520 seconds
164.031: Application time: 0.0308900 seconds
164.031: [GC [PSYoungGen: 19213K->2304K(20480K)] 53776K->40963K(66560K), 0.0017400 secs] [Times: user=0.01 sys=0.00, real=0.00 secs] 
164.033: Total time for which application threads were stopped: 0.0018830 seconds, Stopping threads took: 0.0000700 seconds
164.065: Application time: 0.0318180 seconds
164.065: [GC [PSYoungGen: 19535K->2336K(20480K)] 58194K->44067K(66560K), 0.0015350 secs] [Times: user=0.01 sys=0.00, real=0.00 secs] 
164.067: [Full GC [PSYoungGen: 2336K->0K(20480K)] [ParOldGen: 41731K->8949K(46080K)] 44067K->8949K(66560K) [PSPermGen: 5528K->5528K(21504K)], 0.0057870 secs] [Times: user=0.03 sys=0.00, real=0.01 secs] 
164.072: Total time for which application threads were stopped: 0.0075160 seconds, Stopping threads took: 0.0000770 seconds
164.105: Application time: 0.0325620 seconds
164.105: [GC [PSYoungGen: 17172K->2304K(20480K)] 26121K->13301K(66560K), 0.0012730 secs] [Times: user=0.00 sys=0.00, real=0.00 secs] 
164.106: Total time for which application threads were stopped: 0.0014240 seconds, Stopping threads took: 0.0000790 seconds
164.139: Application time: 0.0322280 seconds
164.139: [GC [PSYoungGen: 19511K->2384K(20480K)] 30508K->15429K(66560K), 0.0011800 secs] [Times: user=0.01 sys=0.00, real=0.00 secs] 
164.140: Total time for which application threads were stopped: 0.0013140 seconds, Stopping threads took: 0.0000680 seconds
164.172: Application time: 0.0319580 seconds
164.172: [GC [PSYoungGen: 19535K->2464K(20480K)] 32580K->19605K(66560K), 0.0017430 secs] [Times: user=0.02 sys=0.00, real=0.00 secs] 
164.174: Total time for which application threads were stopped: 0.0018910 seconds, Stopping threads took: 0.0000750 seconds
164.204: Application time: 0.0297940 seconds
164.204: [GC [PSYoungGen: 20309K->2496K(20480K)] 37450K->22709K(66560K), 0.0015390 secs] [Times: user=0.01 sys=0.00, real=0.00 secs] 
164.205: Total time for which application threads were stopped: 0.0016780 seconds, Stopping threads took: 0.0000660 seconds
164.239: Application time: 0.0333340 seconds
164.239: [GC [PSYoungGen: 19604K->2464K(20480K)] 39817K->26773K(66560K), 0.0017500 secs] [Times: user=0.01 sys=0.00, real=0.00 secs] 
164.241: Total time for which application threads were stopped: 0.0018970 seconds, Stopping threads took: 0.0000740 seconds
164.271: Application time: 0.0303710 seconds
164.271: [GC [PSYoungGen: 20219K->2336K(20480K)] 44528K->29717K(66560K), 0.0015750 secs] [Times: user=0.00 sys=0.00, real=0.00 secs] 
164.273: Total time for which application threads were stopped: 0.0017030 seconds, Stopping threads took: 0.0000590 seconds
164.306: Application time: 0.0331800 seconds
164.306: [GC [PSYoungGen: 19472K->2464K(20480K)] 46854K->32917K(66560K), 0.0015130 secs] [Times: user=0.01 sys=0.00, real=0.00 secs] 
164.307: Total time for which application threads were stopped: 0.0016830 seconds, Stopping threads took: 0.0000860 seconds
164.338: Application time: 0.0309320 seconds
164.338: [GC [PSYoungGen: 20300K->2464K(20480K)] 50754K->35989K(66560K), 0.0015870 secs] [Times: user=0.01 sys=0.00, real=0.00 secs] 
164.340: Total time for which application threads were stopped: 0.0017390 seconds, Stopping threads took: 0.0000690 seconds
164.374: Application time: 0.0335850 seconds
164.374: [GC [PSYoungGen: 19627K->2480K(20480K)] 53152K->38053K(66560K), 0.0013310 secs] [Times: user=0.01 sys=0.00, real=0.00 secs] 
164.375: Total time for which application threads were stopped: 0.0014800 seconds, Stopping threads took: 0.0000790 seconds
164.407: Application time: 0.0313930 seconds
164.407: [GC [PSYoungGen: 20342K->2448K(20480K)] 55916K->42117K(66560K), 0.0017730 secs] [Times: user=0.01 sys=0.00, real=0.00 secs] 
164.409: Total time for which application threads were stopped: 0.0019450 seconds, Stopping threads took: 0.0000980 seconds
164.443: Application time: 0.0349670 seconds
164.444: [GC [PSYoungGen: 19636K->2464K(20480K)] 59305K->43157K(66560K), 0.0009920 secs] [Times: user=0.00 sys=0.00, real=0.00 secs] 
164.445: Total time for which application threads were stopped: 0.0011370 seconds, Stopping threads took: 0.0000790 seconds
164.476: Application time: 0.0310060 seconds
164.476: [GC [PSYoungGen: 20356K->2464K(20480K)] 61049K->47253K(66560K), 0.0017060 secs] [Times: user=0.01 sys=0.00, real=0.00 secs] 
164.477: [Full GC [PSYoungGen: 2464K->0K(20480K)] [ParOldGen: 44789K->9974K(46080K)] 47253K->9974K(66560K) [PSPermGen: 5528K->5528K(21504K)], 0.0060780 secs] [Times: user=0.03 sys=0.00, real=0.01 secs] 
164.484: Total time for which application threads were stopped: 0.0079640 seconds, Stopping threads took: 0.0000620 seconds
164.517: Application time: 0.0333100 seconds
164.517: [GC [PSYoungGen: 17920K->2304K(20480K)] 27894K->15350K(66560K), 0.0014020 secs] [Times: user=0.01 sys=0.00, real=0.00 secs] 
164.518: Total time for which application threads were stopped: 0.0015520 seconds, Stopping threads took: 0.0000740 seconds
164.548: Application time: 0.0297500 seconds
164.548: [GC [PSYoungGen: 19287K->2272K(20480K)] 32334K->19414K(66560K), 0.0017620 secs] [Times: user=0.01 sys=0.00, real=0.00 secs] 
164.550: Total time for which application threads were stopped: 0.0019170 seconds, Stopping threads took: 0.0000840 seconds
164.584: Application time: 0.0335400 seconds
164.584: [GC [PSYoungGen: 20156K->2304K(20480K)] 37299K->21495K(66560K), 0.0012330 secs] [Times: user=0.01 sys=0.00, real=0.00 secs] 
164.585: Total time for which application threads were stopped: 0.0013710 seconds, Stopping threads took: 0.0000730 seconds
164.616: Application time: 0.0305870 seconds
164.616: [GC [PSYoungGen: 19466K->2304K(20480K)] 38657K->26615K(66560K), 0.0020310 secs] [Times: user=0.01 sys=0.00, real=0.00 secs] 
164.618: Total time for which application threads were stopped: 0.0021720 seconds, Stopping threads took: 0.0000670 seconds
164.651: Application time: 0.0333200 seconds
164.651: [GC [PSYoungGen: 20102K->2304K(20480K)] 44413K->30711K(66560K), 0.0017550 secs] [Times: user=0.01 sys=0.00, real=0.00 secs] 
164.653: Total time for which application threads were stopped: 0.0018960 seconds, Stopping threads took: 0.0000670 seconds
164.685: Application time: 0.0321180 seconds
164.685: [GC [PSYoungGen: 19562K->2304K(20480K)] 47969K->34807K(66560K), 0.0018260 secs] [Times: user=0.01 sys=0.00, real=0.00 secs] 
164.687: Total time for which application threads were stopped: 0.0019850 seconds, Stopping threads took: 0.0000870 seconds
164.721: Application time: 0.0336460 seconds
164.721: [GC [PSYoungGen: 20060K->2304K(20480K)] 52563K->38903K(66560K), 0.0017920 secs] [Times: user=0.01 sys=0.00, real=0.00 secs] 
164.723: Total time for which application threads were stopped: 0.0019440 seconds, Stopping threads took: 0.0000790 seconds
164.756: Application time: 0.0332130 seconds
164.763: [GC [PSYoungGen: 19636K->2304K(20480K)] 56235K->42999K(66560K), 0.0017360 secs] [Times: user=0.01 sys=0.00, real=0.00 secs] 
164.764: [Full GC [PSYoungGen: 2304K->0K(20480K)] [ParOldGen: 40695K->9968K(46080K)] 42999K->9968K(66560K) [PSPermGen: 5528K->5528K(21504K)], 0.0059520 secs] [Times: user=0.02 sys=0.00, real=0.00 secs] 
164.770: Total time for which application threads were stopped: 0.0143600 seconds, Stopping threads took: 0.0065500 seconds
164.802: Application time: 0.0317240 seconds
164.802: [GC [PSYoungGen: 17910K->2320K(20480K)] 27878K->15360K(66560K), 0.0016240 secs] [Times: user=0.01 sys=0.00, real=0.00 secs] 
164.804: Total time for which application threads were stopped: 0.0017710 seconds, Stopping threads took: 0.0000780 seconds
164.837: Application time: 0.0333470 seconds
164.837: [GC [PSYoungGen: 19934K->2400K(20480K)] 32974K->17488K(66560K), 0.0011770 secs] [Times: user=0.01 sys=0.00, real=0.01 secs] 
164.838: Total time for which application threads were stopped: 0.0013130 seconds, Stopping threads took: 0.0000610 seconds
164.868: Application time: 0.0296590 seconds
164.868: [GC [PSYoungGen: 20152K->2464K(20480K)] 35241K->21648K(66560K), 0.0017970 secs] [Times: user=0.02 sys=0.00, real=0.00 secs] 
164.870: Total time for which application threads were stopped: 0.0019510 seconds, Stopping threads took: 0.0000690 seconds
164.905: Application time: 0.0352980 seconds
164.906: [GC [PSYoungGen: 20025K->2496K(20480K)] 39209K->25776K(66560K), 0.0018350 secs] [Times: user=0.01 sys=0.00, real=0.00 secs] 
164.907: Total time for which application threads were stopped: 0.0019840 seconds, Stopping threads took: 0.0000750 seconds
164.938: Application time: 0.0307270 seconds
164.938: [GC [PSYoungGen: 20187K->2528K(20480K)] 43468K->29904K(66560K), 0.0018410 secs] [Times: user=0.01 sys=0.00, real=0.01 secs] 
164.940: Total time for which application threads were stopped: 0.0019870 seconds, Stopping threads took: 0.0000700 seconds
164.973: Application time: 0.0324210 seconds
164.973: [GC [PSYoungGen: 19769K->2400K(20480K)] 47145K->32848K(66560K), 0.0015540 secs] [Times: user=0.01 sys=0.00, real=0.00 secs] 
164.974: Total time for which application threads were stopped: 0.0017090 seconds, Stopping threads took: 0.0000840 seconds
165.008: Application time: 0.0334080 seconds
165.008: [GC [PSYoungGen: 20228K->2496K(20480K)] 50677K->36016K(66560K), 0.0015190 secs] [Times: user=0.01 sys=0.00, real=0.00 secs] 
165.009: Total time for which application threads were stopped: 0.0016540 seconds, Stopping threads took: 0.0000580 seconds
165.042: Application time: 0.0327610 seconds
165.042: [GC [PSYoungGen: 19742K->2496K(20480K)] 53263K->38064K(66560K), 0.0012900 secs] [Times: user=0.00 sys=0.00, real=0.00 secs] 
165.044: Total time for which application threads were stopped: 0.0014520 seconds, Stopping threads took: 0.0000900 seconds
165.073: Application time: 0.0292740 seconds
165.073: [GC [PSYoungGen: 20198K->2512K(20480K)] 55767K->41152K(66560K), 0.0015890 secs] [Times: user=0.01 sys=0.00, real=0.00 secs] 
165.075: Total time for which application threads were stopped: 0.0017530 seconds, Stopping threads took: 0.0000900 seconds
165.111: Application time: 0.0366240 seconds
165.111: [GC [PSYoungGen: 19849K->2528K(20480K)] 58490K->42192K(66560K), 0.0010180 secs] [Times: user=0.00 sys=0.00, real=0.00 secs] 
165.112: Total time for which application threads were stopped: 0.0011630 seconds, Stopping threads took: 0.0000760 seconds
165.141: Application time: 0.0286460 seconds
165.141: [GC [PSYoungGen: 20138K->2528K(20480K)] 59803K->44240K(66560K), 0.0013360 secs] [Times: user=0.01 sys=0.00, real=0.00 secs] 
165.142: [Full GC [PSYoungGen: 2528K->0K(20480K)] [ParOldGen: 41712K->7960K(46080K)] 44240K->7960K(66560K) [PSPermGen: 5528K->5528K(21504K)], 0.0057380 secs] [Times: user=0.02 sys=0.01, real=0.00 secs] 
165.148: Total time for which application threads were stopped: 0.0072800 seconds, Stopping threads took: 0.0000830 seconds
165.183: Application time: 0.0342810 seconds
165.183: [GC [PSYoungGen: 17255K->2304K(20480K)] 25216K->13336K(66560K), 0.0014460 secs] [Times: user=0.01 sys=0.00, real=0.00 secs] 
165.184: Total time for which application threads were stopped: 0.0016000 seconds, Stopping threads took: 0.0000700 seconds
165.214: Application time: 0.0295080 seconds
165.214: [GC [PSYoungGen: 19898K->2304K(20480K)] 30931K->15384K(66560K), 0.0012650 secs] [Times: user=0.00 sys=0.00, real=0.00 secs] 
165.215: Total time for which application threads were stopped: 0.0014060 seconds, Stopping threads took: 0.0000670 seconds
165.250: Application time: 0.0350730 seconds
165.250: [GC [PSYoungGen: 19654K->2320K(20480K)] 32735K->17448K(66560K), 0.0011680 secs] [Times: user=0.01 sys=0.00, real=0.01 secs] 
165.251: Total time for which application threads were stopped: 0.0013290 seconds, Stopping threads took: 0.0000900 seconds
165.282: Application time: 0.0309640 seconds
165.283: [GC [PSYoungGen: 20038K->2272K(20480K)] 35167K->18424K(66560K), 0.0009800 secs] [Times: user=0.00 sys=0.00, real=0.00 secs] 
165.284: Total time for which application threads were stopped: 0.0011140 seconds, Stopping threads took: 0.0000640 seconds
165.317: Application time: 0.0336670 seconds
165.317: [GC [PSYoungGen: 19482K->2304K(20480K)] 35635K->20504K(66560K), 0.0011400 secs] [Times: user=0.01 sys=0.00, real=0.01 secs] 
165.319: Total time for which application threads were stopped: 0.0012770 seconds, Stopping threads took: 0.0000670 seconds
165.349: Application time: 0.0309730 seconds
165.350: [GC [PSYoungGen: 20069K->2288K(20480K)] 38270K->22536K(66560K), 0.0011270 secs] [Times: user=0.01 sys=0.00, real=0.01 secs] 
165.351: Total time for which application threads were stopped: 0.0012850 seconds, Stopping threads took: 0.0000870 seconds
165.384: Application time: 0.0333350 seconds
165.384: [GC [PSYoungGen: 19420K->2272K(20480K)] 39669K->24568K(66560K), 0.0012510 secs] [Times: user=0.00 sys=0.00, real=0.00 secs] 
165.385: Total time for which application threads were stopped: 0.0014000 seconds, Stopping threads took: 0.0000700 seconds
165.416: Application time: 0.0300130 seconds
165.416: [GC [PSYoungGen: 20017K->2272K(20480K)] 42314K->26617K(66560K), 0.0011220 secs] [Times: user=0.00 sys=0.00, real=0.00 secs] 
165.417: Total time for which application threads were stopped: 0.0012580 seconds, Stopping threads took: 0.0000700 seconds
165.449: Application time: 0.0318140 seconds
165.449: [GC [PSYoungGen: 19310K->2320K(20480K)] 43655K->29737K(66560K), 0.0015660 secs] [Times: user=0.01 sys=0.00, real=0.00 secs] 
165.450: Total time for which application threads were stopped: 0.0017030 seconds, Stopping threads took: 0.0000660 seconds
165.480: Application time: 0.0297080 seconds
165.480: [GC [PSYoungGen: 20222K->2336K(20480K)] 47639K->33849K(66560K), 0.0016900 secs] [Times: user=0.01 sys=0.00, real=0.00 secs] 
165.482: Total time for which application threads were stopped: 0.0018230 seconds, Stopping threads took: 0.0000660 seconds
165.518: Application time: 0.0359690 seconds
165.518: [GC [PSYoungGen: 19703K->2368K(20480K)] 51216K->36953K(66560K), 0.0014310 secs] [Times: user=0.01 sys=0.00, real=0.01 secs] 
165.519: Total time for which application threads were stopped: 0.0015760 seconds, Stopping threads took: 0.0000740 seconds
165.547: Application time: 0.0272440 seconds
165.547: [GC [PSYoungGen: 19397K->2368K(20480K)] 53982K->42073K(66560K), 0.0021320 secs] [Times: user=0.01 sys=0.00, real=0.00 secs] 
165.549: Total time for which application threads were stopped: 0.0022770 seconds, Stopping threads took: 0.0000740 seconds
165.583: Application time: 0.0344030 seconds
165.583: [GC [PSYoungGen: 19511K->2496K(20480K)] 59217K->46297K(66560K), 0.0018080 secs] [Times: user=0.01 sys=0.00, real=0.00 secs] 
165.585: [Full GC [PSYoungGen: 2496K->0K(20480K)] [ParOldGen: 43801K->9990K(46080K)] 46297K->9990K(66560K) [PSPermGen: 5528K->5528K(21504K)], 0.0061510 secs] [Times: user=0.02 sys=0.00, real=0.01 secs] 
165.591: Total time for which application threads were stopped: 0.0081410 seconds, Stopping threads took: 0.0000660 seconds
165.619: Application time: 0.0277560 seconds
165.619: [GC [PSYoungGen: 17138K->2304K(20480K)] 27129K->17414K(66560K), 0.0020020 secs] [Times: user=0.02 sys=0.00, real=0.00 secs] 
165.621: Total time for which application threads were stopped: 0.0021500 seconds, Stopping threads took: 0.0000640 seconds
165.657: Application time: 0.0352180 seconds
165.657: [GC [PSYoungGen: 19951K->2304K(20480K)] 35062K->20487K(66560K), 0.0014950 secs] [Times: user=0.01 sys=0.00, real=0.00 secs] 
165.658: Total time for which application threads were stopped: 0.0016300 seconds, Stopping threads took: 0.0000640 seconds
165.687: Application time: 0.0290610 seconds
165.687: [GC [PSYoungGen: 19712K->2304K(20480K)] 37895K->25607K(66560K), 0.0021020 secs] [Times: user=0.02 sys=0.00, real=0.00 secs] 
165.690: Total time for which application threads were stopped: 0.0022390 seconds, Stopping threads took: 0.0000660 seconds
165.726: Application time: 0.0369000 seconds
165.727: [GC [PSYoungGen: 19891K->2304K(20480K)] 43194K->28679K(66560K), 0.0013860 secs] [Times: user=0.01 sys=0.00, real=0.00 secs] 
165.728: Total time for which application threads were stopped: 0.0015700 seconds, Stopping threads took: 0.0001170 seconds
165.757: Application time: 0.0289580 seconds
165.757: [GC [PSYoungGen: 19760K->2336K(20480K)] 46136K->33831K(66560K), 0.0020410 secs] [Times: user=0.01 sys=0.00, real=0.01 secs] 
165.759: Total time for which application threads were stopped: 0.0021900 seconds, Stopping threads took: 0.0000720 seconds
165.789: Application time: 0.0298000 seconds
165.789: [GC [PSYoungGen: 19754K->2304K(20480K)] 51249K->38919K(66560K), 0.0020650 secs] [Times: user=0.01 sys=0.00, real=0.01 secs] 
165.791: Total time for which application threads were stopped: 0.0022100 seconds, Stopping threads took: 0.0000670 seconds
165.824: Application time: 0.0332810 seconds
165.825: [GC [PSYoungGen: 19885K->2336K(20480K)] 56500K->44071K(66560K), 0.0021800 secs] [Times: user=0.01 sys=0.00, real=0.00 secs] 
165.827: [Full GC [PSYoungGen: 2336K->0K(20480K)] [ParOldGen: 41735K->10998K(46080K)] 44071K->10998K(66560K) [PSPermGen: 5528K->5528K(21504K)], 0.0063210 secs] [Times: user=0.03 sys=0.00, real=0.01 secs] 
165.833: Total time for which application threads were stopped: 0.0086920 seconds, Stopping threads took: 0.0000720 seconds
165.865: Application time: 0.0321980 seconds
165.865: [GC [PSYoungGen: 17470K->2304K(20480K)] 28468K->17398K(66560K), 0.0017500 secs] [Times: user=0.01 sys=0.00, real=0.00 secs] 
165.867: Total time for which application threads were stopped: 0.0018890 seconds, Stopping threads took: 0.0000630 seconds
165.901: Application time: 0.0336630 seconds
165.901: [GC [PSYoungGen: 19904K->2304K(20480K)] 34998K->22518K(66560K), 0.0020590 secs] [Times: user=0.02 sys=0.00, real=0.00 secs] 
165.903: Total time for which application threads were stopped: 0.0022310 seconds, Stopping threads took: 0.0000910 seconds
165.933: Application time: 0.0294640 seconds
165.933: [GC [PSYoungGen: 19670K->2304K(20480K)] 39884K->26614K(66560K), 0.0017870 secs] [Times: user=0.01 sys=0.00, real=0.00 secs] 
165.935: Total time for which application threads were stopped: 0.0019230 seconds, Stopping threads took: 0.0000650 seconds
165.971: Application time: 0.0362690 seconds
165.971: [GC [PSYoungGen: 19975K->2304K(20480K)] 44285K->30710K(66560K), 0.0016940 secs] [Times: user=0.01 sys=0.00, real=0.00 secs] 
165.973: Total time for which application threads were stopped: 0.0018400 seconds, Stopping threads took: 0.0000730 seconds
166.002: Application time: 0.0294910 seconds
166.002: [GC [PSYoungGen: 19660K->2272K(20480K)] 48066K->33750K(66560K), 0.0014910 secs] [Times: user=0.01 sys=0.00, real=0.00 secs] 
166.004: Total time for which application threads were stopped: 0.0016400 seconds, Stopping threads took: 0.0000780 seconds
166.039: Application time: 0.0353470 seconds
166.039: [GC [PSYoungGen: 19935K->2240K(20480K)] 51413K->36790K(66560K), 0.0015560 secs] [Times: user=0.01 sys=0.00, real=0.00 secs] 
166.041: Total time for which application threads were stopped: 0.0017020 seconds, Stopping threads took: 0.0000740 seconds
166.066: Application time: 0.0255210 seconds
166.066: [GC [PSYoungGen: 19454K->2304K(20480K)] 54004K->40950K(66560K), 0.0017760 secs] [Times: user=0.01 sys=0.00, real=0.00 secs] 
166.068: Total time for which application threads were stopped: 0.0019230 seconds, Stopping threads took: 0.0000700 seconds
166.108: Application time: 0.0396110 seconds
166.108: [GC [PSYoungGen: 20072K->2304K(20480K)] 58719K->44022K(66560K), 0.0015370 secs] [Times: user=0.01 sys=0.00, real=0.00 secs] 
166.110: [Full GC [PSYoungGen: 2304K->0K(20480K)] [ParOldGen: 41718K->8949K(46080K)] 44022K->8949K(66560K) [PSPermGen: 5528K->5528K(21504K)], 0.0060140 secs] [Times: user=0.02 sys=0.00, real=0.01 secs] 
166.116: Total time for which application threads were stopped: 0.0077330 seconds, Stopping threads took: 0.0000640 seconds
166.141: Application time: 0.0253340 seconds
166.141: [GC [PSYoungGen: 17282K->2304K(20480K)] 26232K->14326K(66560K), 0.0015260 secs] [Times: user=0.01 sys=0.00, real=0.00 secs] 
166.143: Total time for which application threads were stopped: 0.0016800 seconds, Stopping threads took: 0.0000770 seconds
166.182: Application time: 0.0398730 seconds
166.183: [GC [PSYoungGen: 20074K->2304K(20480K)] 32097K->17398K(66560K), 0.0014860 secs] [Times: user=0.01 sys=0.00, real=0.00 secs] 
166.184: Total time for which application threads were stopped: 0.0016200 seconds, Stopping threads took: 0.0000610 seconds
166.210: Application time: 0.0262010 seconds
166.210: [GC [PSYoungGen: 19721K->2256K(20480K)] 34815K->20422K(66560K), 0.0015500 secs] [Times: user=0.01 sys=0.00, real=0.01 secs] 
166.212: Total time for which application threads were stopped: 0.0016900 seconds, Stopping threads took: 0.0000700 seconds
166.248: Application time: 0.0364180 seconds
166.249: [GC [PSYoungGen: 20176K->2432K(20480K)] 38342K->23670K(66560K), 0.0015510 secs] [Times: user=0.01 sys=0.00, real=0.00 secs] 
166.250: Total time for which application threads were stopped: 0.0016940 seconds, Stopping threads took: 0.0000720 seconds
166.280: Application time: 0.0297210 seconds
166.280: [GC [PSYoungGen: 19904K->2432K(20480K)] 41143K->26742K(66560K), 0.0015020 secs] [Times: user=0.01 sys=0.00, real=0.00 secs] 
166.282: Total time for which application threads were stopped: 0.0016640 seconds, Stopping threads took: 0.0000890 seconds
166.318: Application time: 0.0366220 seconds
166.323: [GC [PSYoungGen: 20310K->2528K(20480K)] 44621K->29910K(66560K), 0.0015800 secs] [Times: user=0.01 sys=0.00, real=0.00 secs] 
166.324: Total time for which application threads were stopped: 0.0060260 seconds, Stopping threads took: 0.0043710 seconds
166.352: Application time: 0.0279740 seconds
166.352: [GC [PSYoungGen: 19988K->2512K(20480K)] 47370K->33990K(66560K), 0.0018130 secs] [Times: user=0.01 sys=0.00, real=0.00 secs] 
166.354: Total time for which application threads were stopped: 0.0019650 seconds, Stopping threads took: 0.0000810 seconds
166.391: Application time: 0.0372270 seconds
166.391: [GC [PSYoungGen: 20083K->2512K(20480K)] 51561K->36038K(66560K), 0.0012800 secs] [Times: user=0.01 sys=0.00, real=0.00 secs] 
166.393: Total time for which application threads were stopped: 0.0014480 seconds, Stopping threads took: 0.0000940 seconds
166.420: Application time: 0.0274730 seconds
166.420: [GC [PSYoungGen: 19984K->2464K(20480K)] 53510K->40086K(66560K), 0.0017750 secs] [Times: user=0.01 sys=0.00, real=0.00 secs] 
166.422: Total time for which application threads were stopped: 0.0019330 seconds, Stopping threads took: 0.0000760 seconds
166.459: Application time: 0.0369900 seconds
166.459: [GC [PSYoungGen: 19920K->2512K(20480K)] 57542K->42182K(66560K), 0.0012820 secs] [Times: user=0.00 sys=0.00, real=0.00 secs] 
166.461: Total time for which application threads were stopped: 0.0014230 seconds, Stopping threads took: 0.0000690 seconds
166.490: Application time: 0.0289320 seconds
166.490: [GC [PSYoungGen: 20130K->2512K(20480K)] 59801K->45254K(66560K), 0.0014660 secs] [Times: user=0.01 sys=0.00, real=0.01 secs] 
166.491: [Full GC [PSYoungGen: 2512K->0K(20480K)] [ParOldGen: 42742K->8953K(46080K)] 45254K->8953K(66560K) [PSPermGen: 5528K->5528K(21504K)], 0.0062600 secs] [Times: user=0.03 sys=0.00, real=0.00 secs] 
166.497: Total time for which application threads were stopped: 0.0079250 seconds, Stopping threads took: 0.0000710 seconds
166.533: Application time: 0.0350990 seconds
166.533: [GC [PSYoungGen: 17265K->2272K(20480K)] 26218K->13273K(66560K), 0.0012990 secs] [Times: user=0.01 sys=0.00, real=0.00 secs] 
166.534: Total time for which application threads were stopped: 0.0014960 seconds, Stopping threads took: 0.0001290 seconds
166.559: Application time: 0.0246990 seconds
166.563: [GC [PSYoungGen: 19808K->2304K(20480K)] 30809K->17401K(66560K), 0.0017260 secs] [Times: user=0.02 sys=0.00, real=0.00 secs] 
166.564: Total time for which application threads were stopped: 0.0055040 seconds, Stopping threads took: 0.0037050 seconds
166.606: Application time: 0.0414090 seconds
166.606: [GC [PSYoungGen: 19838K->2272K(20480K)] 34935K->18393K(66560K), 0.0009690 secs] [Times: user=0.00 sys=0.00, real=0.00 secs] 
166.607: Total time for which application threads were stopped: 0.0011270 seconds, Stopping threads took: 0.0000870 seconds
166.631: Application time: 0.0241950 seconds
166.631: [GC [PSYoungGen: 19785K->2304K(20480K)] 35906K->22521K(66560K), 0.0018180 secs] [Times: user=0.01 sys=0.00, real=0.00 secs] 
166.633: Total time for which application threads were stopped: 0.0019950 seconds, Stopping threads took: 0.0001060 seconds
166.674: Application time: 0.0409600 seconds
166.674: [GC [PSYoungGen: 19401K->2272K(20480K)] 39619K->24537K(66560K), 0.0012270 secs] [Times: user=0.01 sys=0.00, real=0.00 secs] 
166.675: Total time for which application threads were stopped: 0.0013730 seconds, Stopping threads took: 0.0000770 seconds
166.701: Application time: 0.0253530 seconds
166.701: [GC [PSYoungGen: 20129K->2304K(20480K)] 42395K->29689K(66560K), 0.0020280 secs] [Times: user=0.01 sys=0.00, real=0.00 secs] 
166.703: Total time for which application threads were stopped: 0.0021700 seconds, Stopping threads took: 0.0000650 seconds
166.742: Application time: 0.0388540 seconds
166.742: [GC [PSYoungGen: 19410K->2304K(20480K)] 46796K->30713K(66560K), 0.0010180 secs] [Times: user=0.01 sys=0.00, real=0.00 secs] 
166.743: Total time for which application threads were stopped: 0.0011590 seconds, Stopping threads took: 0.0000750 seconds
166.768: Application time: 0.0249100 seconds
166.768: [GC [PSYoungGen: 20224K->2240K(20480K)] 48633K->36793K(66560K), 0.0023240 secs] [Times: user=0.02 sys=0.00, real=0.00 secs] 
166.770: Total time for which application threads were stopped: 0.0024780 seconds, Stopping threads took: 0.0000770 seconds
166.809: Application time: 0.0389710 seconds
166.809: [GC [PSYoungGen: 19227K->2304K(20480K)] 53780K->38905K(66560K), 0.0011730 secs] [Times: user=0.01 sys=0.00, real=0.01 secs] 
166.811: Total time for which application threads were stopped: 0.0013310 seconds, Stopping threads took: 0.0000900 seconds
166.836: Application time: 0.0249730 seconds
166.836: [GC [PSYoungGen: 19299K->2304K(20480K)] 55901K->43002K(66560K), 0.0017630 secs] [Times: user=0.01 sys=0.00, real=0.00 secs] 
166.837: [Full GC [PSYoungGen: 2304K->0K(20480K)] [ParOldGen: 40698K->9971K(46080K)] 43002K->9971K(66560K) [PSPermGen: 5528K->5528K(21504K)], 0.0060140 secs] [Times: user=0.02 sys=0.00, real=0.01 secs] 
166.844: Total time for which application threads were stopped: 0.0079670 seconds, Stopping threads took: 0.0000700 seconds
166.877: Application time: 0.0337970 seconds
166.877: [GC [PSYoungGen: 17618K->2304K(20480K)] 27589K->15347K(66560K), 0.0015210 secs] [Times: user=0.01 sys=0.00, real=0.01 secs] 
166.879: Total time for which application threads were stopped: 0.0016650 seconds, Stopping threads took: 0.0000690 seconds
166.912: Application time: 0.0325470 seconds
166.912: [GC [PSYoungGen: 19762K->2304K(20480K)] 32806K->19443K(66560K), 0.0017120 secs] [Times: user=0.01 sys=0.00, real=0.00 secs] 
166.913: Total time for which application threads were stopped: 0.0018500 seconds, Stopping threads took: 0.0000650 seconds
166.945: Application time: 0.0320920 seconds
166.946: [GC [PSYoungGen: 19999K->2336K(20480K)] 37139K->22547K(66560K), 0.0015750 secs] [Times: user=0.01 sys=0.00, real=0.00 secs] 
166.947: Total time for which application threads were stopped: 0.0017290 seconds, Stopping threads took: 0.0000760 seconds
166.980: Application time: 0.0330000 seconds
166.980: [GC [PSYoungGen: 20217K->2432K(20480K)] 40428K->26739K(66560K), 0.0018200 secs] [Times: user=0.02 sys=0.00, real=0.00 secs] 
166.982: Total time for which application threads were stopped: 0.0019760 seconds, Stopping threads took: 0.0000820 seconds
167.014: Application time: 0.0321050 seconds
167.014: [GC [PSYoungGen: 19993K->2448K(20480K)] 44301K->29827K(66560K), 0.0015580 secs] [Times: user=0.01 sys=0.01, real=0.00 secs] 
167.016: Total time for which application threads were stopped: 0.0017100 seconds, Stopping threads took: 0.0000820 seconds
167.049: Application time: 0.0333310 seconds
167.049: [GC [PSYoungGen: 20267K->2512K(20480K)] 47647K->35011K(66560K), 0.0021090 secs] [Times: user=0.01 sys=0.00, real=0.01 secs] 
167.052: Total time for which application threads were stopped: 0.0022580 seconds, Stopping threads took: 0.0000700 seconds
167.083: Application time: 0.0318250 seconds
167.084: [GC [PSYoungGen: 19927K->2528K(20480K)] 52426K->38107K(66560K), 0.0015280 secs] [Times: user=0.01 sys=0.00, real=0.00 secs] 
167.085: Total time for which application threads were stopped: 0.0016920 seconds, Stopping threads took: 0.0000910 seconds
167.118: Application time: 0.0332600 seconds
167.119: [GC [PSYoungGen: 20155K->2544K(20480K)] 55734K->42219K(66560K), 0.0018160 secs] [Times: user=0.01 sys=0.00, real=0.00 secs] 
167.120: Total time for which application threads were stopped: 0.0019890 seconds, Stopping threads took: 0.0000990 seconds
167.150: Application time: 0.0291650 seconds
167.150: [GC [PSYoungGen: 19849K->2528K(20480K)] 59525K->46307K(66560K), 0.0018160 secs] [Times: user=0.01 sys=0.00, real=0.01 secs] 
167.152: [Full GC [PSYoungGen: 2528K->0K(20480K)] [ParOldGen: 43779K->9989K(46080K)] 46307K->9989K(66560K) [PSPermGen: 5528K->5528K(21504K)], 0.0062460 secs] [Times: user=0.02 sys=0.00, real=0.00 secs] 
167.158: Total time for which application threads were stopped: 0.0082750 seconds, Stopping threads took: 0.0000910 seconds
167.193: Application time: 0.0352690 seconds
167.193: [GC [PSYoungGen: 17666K->2304K(20480K)] 27656K->15365K(66560K), 0.0015190 secs] [Times: user=0.01 sys=0.00, real=0.00 secs] 
167.195: Total time for which application threads were stopped: 0.0016670 seconds, Stopping threads took: 0.0000750 seconds
167.226: Application time: 0.0308610 seconds
167.226: [GC [PSYoungGen: 19701K->2304K(20480K)] 32762K->18437K(66560K), 0.0013960 secs] [Times: user=0.01 sys=0.00, real=0.00 secs] 
167.227: Total time for which application threads were stopped: 0.0015280 seconds, Stopping threads took: 0.0000620 seconds
167.261: Application time: 0.0334360 seconds
167.261: [GC [PSYoungGen: 19852K->2304K(20480K)] 35986K->21509K(66560K), 0.0014490 secs] [Times: user=0.01 sys=0.00, real=0.00 secs] 
167.262: Total time for which application threads were stopped: 0.0015990 seconds, Stopping threads took: 0.0000770 seconds
167.290: Application time: 0.0277470 seconds
167.290: [GC [PSYoungGen: 19535K->2304K(20480K)] 38740K->24581K(66560K), 0.0014210 secs] [Times: user=0.01 sys=0.00, real=0.01 secs] 
167.292: Total time for which application threads were stopped: 0.0015660 seconds, Stopping threads took: 0.0000730 seconds
167.330: Application time: 0.0384940 seconds
167.330: [GC [PSYoungGen: 20160K->2304K(20480K)] 42438K->26629K(66560K), 0.0011530 secs] [Times: user=0.01 sys=0.00, real=0.01 secs] 
167.331: Total time for which application threads were stopped: 0.0013060 seconds, Stopping threads took: 0.0000820 seconds
167.356: Application time: 0.0242550 seconds
167.356: [GC [PSYoungGen: 19323K->2240K(20480K)] 43649K->30661K(66560K), 0.0017310 secs] [Times: user=0.01 sys=0.00, real=0.00 secs] 
167.357: Total time for which application threads were stopped: 0.0018830 seconds, Stopping threads took: 0.0000790 seconds
167.395: Application time: 0.0376880 seconds
167.395: [GC [PSYoungGen: 19910K->2288K(20480K)] 48331K->32757K(66560K), 0.0012640 secs] [Times: user=0.01 sys=0.00, real=0.00 secs] 
167.397: Total time for which application threads were stopped: 0.0014050 seconds, Stopping threads took: 0.0000690 seconds
167.423: Application time: 0.0268980 seconds
167.424: [GC [PSYoungGen: 19664K->2272K(20480K)] 50134K->36837K(66560K), 0.0018110 secs] [Times: user=0.02 sys=0.00, real=0.00 secs] 
167.425: Total time for which application threads were stopped: 0.0019490 seconds, Stopping threads took: 0.0000680 seconds
167.464: Application time: 0.0384940 seconds
167.464: [GC [PSYoungGen: 19919K->2272K(20480K)] 54485K->39909K(66560K), 0.0015080 secs] [Times: user=0.01 sys=0.00, real=0.00 secs] 
167.466: Total time for which application threads were stopped: 0.0016480 seconds, Stopping threads took: 0.0000600 seconds
167.491: Application time: 0.0249440 seconds
167.491: [GC [PSYoungGen: 19589K->2304K(20480K)] 57226K->44037K(66560K), 0.0017810 secs] [Times: user=0.01 sys=0.00, real=0.00 secs] 
167.492: [Full GC [PSYoungGen: 2304K->0K(20480K)] [ParOldGen: 41733K->9974K(46080K)] 44037K->9974K(66560K) [PSPermGen: 5528K->5528K(21504K)], 0.0061840 secs] [Times: user=0.02 sys=0.00, real=0.01 secs] 
167.499: Total time for which application threads were stopped: 0.0081500 seconds, Stopping threads took: 0.0000690 seconds
167.538: Application time: 0.0390270 seconds
167.538: [GC [PSYoungGen: 17459K->2304K(20480K)] 27433K->14326K(66560K), 0.0012290 secs] [Times: user=0.01 sys=0.00, real=0.01 secs] 
167.539: Total time for which application threads were stopped: 0.0013990 seconds, Stopping threads took: 0.0001040 seconds
167.566: Application time: 0.0266160 seconds
167.566: [GC [PSYoungGen: 19869K->2304K(20480K)] 31891K->19446K(66560K), 0.0020340 secs] [Times: user=0.01 sys=0.00, real=0.00 secs] 
167.568: Total time for which application threads were stopped: 0.0021720 seconds, Stopping threads took: 0.0000650 seconds
167.607: Application time: 0.0392390 seconds
167.607: [GC [PSYoungGen: 19798K->2304K(20480K)] 36940K->21494K(66560K), 0.0011940 secs] [Times: user=0.00 sys=0.00, real=0.00 secs] 
167.608: Total time for which application threads were stopped: 0.0013190 seconds, Stopping threads took: 0.0000560 seconds
167.634: Application time: 0.0255290 seconds
167.634: [GC [PSYoungGen: 19877K->2304K(20480K)] 39068K->26614K(66560K), 0.0020080 secs] [Times: user=0.01 sys=0.00, real=0.00 secs] 
167.636: Total time for which application threads were stopped: 0.0021480 seconds, Stopping threads took: 0.0000670 seconds
167.673: Application time: 0.0370240 seconds
167.673: [GC [PSYoungGen: 20004K->2368K(20480K)] 44314K->29750K(66560K), 0.0015160 secs] [Times: user=0.01 sys=0.00, real=0.00 secs] 
167.675: Total time for which application threads were stopped: 0.0016550 seconds, Stopping threads took: 0.0000700 seconds
167.701: Application time: 0.0266240 seconds
167.703: [GC [PSYoungGen: 20234K->2432K(20480K)] 47617K->34934K(66560K), 0.0021540 secs] [Times: user=0.01 sys=0.00, real=0.00 secs] 
167.705: Total time for which application threads were stopped: 0.0033020 seconds, Stopping threads took: 0.0010780 seconds
167.740: Application time: 0.0357200 seconds
167.741: [GC [PSYoungGen: 19456K->2464K(20480K)] 51958K->39062K(66560K), 0.0018560 secs] [Times: user=0.01 sys=0.00, real=0.00 secs] 
167.742: Total time for which application threads were stopped: 0.0020120 seconds, Stopping threads took: 0.0000760 seconds
167.772: Application time: 0.0296530 seconds
167.772: [GC [PSYoungGen: 19787K->2528K(20480K)] 56385K->44246K(66560K), 0.0021440 secs] [Times: user=0.02 sys=0.00, real=0.00 secs] 
167.774: [Full GC [PSYoungGen: 2528K->0K(20480K)] [ParOldGen: 41718K->10998K(46080K)] 44246K->10998K(66560K) [PSPermGen: 5528K->5528K(21504K)], 0.0064650 secs] [Times: user=0.03 sys=0.00, real=0.01 secs] 
167.781: Total time for which application threads were stopped: 0.0087920 seconds, Stopping threads took: 0.0000650 seconds
167.816: Application time: 0.0355160 seconds
167.819: [GC [PSYoungGen: 17892K->2304K(20480K)] 28891K->16374K(66560K), 0.0014760 secs] [Times: user=0.01 sys=0.00, real=0.00 secs] 
167.820: Total time for which application threads were stopped: 0.0036120 seconds, Stopping threads took: 0.0020710 seconds
167.849: Application time: 0.0291890 seconds
167.849: [GC [PSYoungGen: 19458K->2304K(20480K)] 33528K->21494K(66560K), 0.0020350 secs] [Times: user=0.01 sys=0.00, real=0.01 secs] 
167.851: Total time for which application threads were stopped: 0.0022130 seconds, Stopping threads took: 0.0001020 seconds
167.881: Application time: 0.0292960 seconds
167.881: [GC [PSYoungGen: 19859K->2208K(20480K)] 39049K->25494K(66560K), 0.0017980 secs] [Times: user=0.01 sys=0.00, real=0.00 secs] 
167.883: Total time for which application threads were stopped: 0.0019440 seconds, Stopping threads took: 0.0000690 seconds
167.920: Application time: 0.0369350 seconds
167.920: [GC [PSYoungGen: 19721K->2304K(20480K)] 43008K->30710K(66560K), 0.0019550 secs] [Times: user=0.01 sys=0.00, real=0.00 secs] 
167.922: Total time for which application threads were stopped: 0.0020990 seconds, Stopping threads took: 0.0000710 seconds
167.949: Application time: 0.0276930 seconds
167.950: [GC [PSYoungGen: 19805K->2304K(20480K)] 48211K->34806K(66560K), 0.0017730 secs] [Times: user=0.01 sys=0.00, real=0.01 secs] 
167.951: Total time for which application threads were stopped: 0.0019160 seconds, Stopping threads took: 0.0000660 seconds
167.985: Application time: 0.0331800 seconds
167.985: [GC [PSYoungGen: 19736K->2304K(20480K)] 52238K->39926K(66560K), 0.0021560 secs] [Times: user=0.01 sys=0.00, real=0.00 secs] 
167.987: Total time for which application threads were stopped: 0.0023260 seconds, Stopping threads took: 0.0000830 seconds
168.018: Application time: 0.0314950 seconds
168.018: [GC [PSYoungGen: 19884K->2304K(20480K)] 57507K->42998K(66560K), 0.0015160 secs] [Times: user=0.01 sys=0.00, real=0.00 secs] 
168.020: [Full GC [PSYoungGen: 2304K->0K(20480K)] [ParOldGen: 40694K->8956K(46080K)] 42998K->8956K(66560K) [PSPermGen: 5528K->5528K(21504K)], 0.0060820 secs] [Times: user=0.02 sys=0.00, real=0.00 secs] 
168.026: Total time for which application threads were stopped: 0.0078000 seconds, Stopping threads took: 0.0000790 seconds
168.061: Application time: 0.0345750 seconds
168.061: [GC [PSYoungGen: 17483K->2304K(20480K)] 26440K->15356K(66560K), 0.0018060 secs] [Times: user=0.01 sys=0.00, real=0.00 secs] 
168.063: Total time for which application threads were stopped: 0.0019590 seconds, Stopping threads took: 0.0000770 seconds
168.094: Application time: 0.0308590 seconds
168.094: [GC [PSYoungGen: 19836K->2304K(20480K)] 32888K->18428K(66560K), 0.0014590 secs] [Times: user=0.01 sys=0.00, real=0.00 secs] 
168.095: Total time for which application threads were stopped: 0.0016110 seconds, Stopping threads took: 0.0000820 seconds
168.129: Application time: 0.0338690 seconds
168.131: [GC [PSYoungGen: 19801K->2304K(20480K)] 35925K->22524K(66560K), 0.0018230 secs] [Times: user=0.01 sys=0.00, real=0.00 secs] 
168.132: Total time for which application threads were stopped: 0.0033740 seconds, Stopping threads took: 0.0014770 seconds
168.164: Application time: 0.0313860 seconds
168.164: [GC [PSYoungGen: 19840K->2272K(20480K)] 40061K->25564K(66560K), 0.0015030 secs] [Times: user=0.00 sys=0.00, real=0.00 secs] 
168.165: Total time for which application threads were stopped: 0.0016360 seconds, Stopping threads took: 0.0000600 seconds
168.200: Application time: 0.0344250 seconds
168.200: [GC [PSYoungGen: 19642K->2304K(20480K)] 42935K->28668K(66560K), 0.0015130 secs] [Times: user=0.01 sys=0.00, real=0.00 secs] 
168.202: Total time for which application threads were stopped: 0.0016610 seconds, Stopping threads took: 0.0000800 seconds
168.230: Application time: 0.0281790 seconds
168.230: [GC [PSYoungGen: 19896K->2304K(20480K)] 46261K->33788K(66560K), 0.0020280 secs] [Times: user=0.02 sys=0.00, real=0.01 secs] 
168.232: Total time for which application threads were stopped: 0.0021830 seconds, Stopping threads took: 0.0000800 seconds
168.268: Application time: 0.0360820 seconds
168.271: [GC [PSYoungGen: 19606K->2272K(20480K)] 51091K->35804K(66560K), 0.0012820 secs] [Times: user=0.01 sys=0.00, real=0.00 secs] 
168.272: Total time for which application threads were stopped: 0.0038890 seconds, Stopping threads took: 0.0025360 seconds
168.301: Application time: 0.0289520 seconds
168.301: [GC [PSYoungGen: 20006K->2272K(20480K)] 53538K->39900K(66560K), 0.0017880 secs] [Times: user=0.01 sys=0.00, real=0.00 secs] 
168.303: Total time for which application threads were stopped: 0.0019410 seconds, Stopping threads took: 0.0000760 seconds
168.339: Application time: 0.0363600 seconds
168.339: [GC [PSYoungGen: 19563K->2304K(20480K)] 57192K->41980K(66560K), 0.0012390 secs] [Times: user=0.01 sys=0.00, real=0.00 secs] 
168.341: Total time for which application threads were stopped: 0.0013800 seconds, Stopping threads took: 0.0000690 seconds
168.370: Application time: 0.0291070 seconds
168.370: [GC [PSYoungGen: 20161K->2304K(20480K)] 59838K->47100K(66560K), 0.0020160 secs] [Times: user=0.01 sys=0.00, real=0.01 secs] 
168.372: [Full GC [PSYoungGen: 2304K->0K(20480K)] [ParOldGen: 44796K->10995K(46080K)] 47100K->10995K(66560K) [PSPermGen: 5528K->5528K(21504K)], 0.0063590 secs] [Times: user=0.03 sys=0.00, real=0.00 secs] 
168.378: Total time for which application threads were stopped: 0.0085730 seconds, Stopping threads took: 0.0000740 seconds
168.413: Application time: 0.0350920 seconds
168.413: [GC [PSYoungGen: 17532K->2384K(20480K)] 28527K->15427K(66560K), 0.0012140 secs] [Times: user=0.01 sys=0.00, real=0.00 secs] 
168.415: Total time for which application threads were stopped: 0.0013740 seconds, Stopping threads took: 0.0000860 seconds
168.443: Application time: 0.0287430 seconds
168.444: [GC [PSYoungGen: 19369K->2416K(20480K)] 32412K->18531K(66560K), 0.0015190 secs] [Times: user=0.01 sys=0.00, real=0.00 secs] 
168.445: Total time for which application threads were stopped: 0.0016700 seconds, Stopping threads took: 0.0000810 seconds
168.479: Application time: 0.0336400 seconds
168.479: [GC [PSYoungGen: 19357K->2432K(20480K)] 35472K->20595K(66560K), 0.0012350 secs] [Times: user=0.00 sys=0.00, real=0.00 secs] 
168.480: Total time for which application threads were stopped: 0.0013630 seconds, Stopping threads took: 0.0000630 seconds
168.509: Application time: 0.0293690 seconds
168.510: [GC [PSYoungGen: 19573K->2496K(20480K)] 37736K->23731K(66560K), 0.0015050 secs] [Times: user=0.01 sys=0.00, real=0.01 secs] 
168.511: Total time for which application threads were stopped: 0.0016590 seconds, Stopping threads took: 0.0000780 seconds
168.544: Application time: 0.0330120 seconds
168.544: [GC [PSYoungGen: 20365K->2464K(20480K)] 41601K->27795K(66560K), 0.0018560 secs] [Times: user=0.01 sys=0.00, real=0.00 secs] 
168.546: Total time for which application threads were stopped: 0.0020160 seconds, Stopping threads took: 0.0000890 seconds
168.578: Application time: 0.0322880 seconds
168.579: [GC [PSYoungGen: 19592K->2496K(20480K)] 44924K->29875K(66560K), 0.0012610 secs] [Times: user=0.01 sys=0.00, real=0.00 secs] 
168.580: Total time for which application threads were stopped: 0.0014000 seconds, Stopping threads took: 0.0000690 seconds
168.610: Application time: 0.0306450 seconds
168.611: [GC [PSYoungGen: 20124K->2464K(20480K)] 47503K->32915K(66560K), 0.0015450 secs] [Times: user=0.01 sys=0.00, real=0.00 secs] 
168.612: Total time for which application threads were stopped: 0.0016790 seconds, Stopping threads took: 0.0000610 seconds
168.645: Application time: 0.0330020 seconds
168.645: [GC [PSYoungGen: 19715K->2496K(20480K)] 50167K->36019K(66560K), 0.0014820 secs] [Times: user=0.01 sys=0.00, real=0.00 secs] 
168.647: Total time for which application threads were stopped: 0.0016190 seconds, Stopping threads took: 0.0000630 seconds
168.678: Application time: 0.0314640 seconds
168.678: [GC [PSYoungGen: 20233K->2480K(20480K)] 53757K->39075K(66560K), 0.0014790 secs] [Times: user=0.01 sys=0.00, real=0.01 secs] 
168.680: Total time for which application threads were stopped: 0.0016170 seconds, Stopping threads took: 0.0000660 seconds
168.710: Application time: 0.0300980 seconds
168.710: [GC [PSYoungGen: 19526K->2496K(20480K)] 56122K->44212K(66560K), 0.0021830 secs] [Times: user=0.02 sys=0.00, real=0.01 secs] 
168.712: [Full GC [PSYoungGen: 2496K->0K(20480K)] [ParOldGen: 41715K->10995K(46080K)] 44212K->10995K(66560K) [PSPermGen: 5528K->5528K(21504K)], 0.0064320 secs] [Times: user=0.03 sys=0.00, real=0.01 secs] 
168.719: Total time for which application threads were stopped: 0.0089570 seconds, Stopping threads took: 0.0002070 seconds
168.753: Application time: 0.0336100 seconds
168.753: [GC [PSYoungGen: 17920K->2304K(20480K)] 28915K->17395K(66560K), 0.0016740 secs] [Times: user=0.02 sys=0.00, real=0.00 secs] 
168.754: Total time for which application threads were stopped: 0.0018030 seconds, Stopping threads took: 0.0000600 seconds
168.785: Application time: 0.0309250 seconds
168.785: [GC [PSYoungGen: 19447K->2304K(20480K)] 34539K->22515K(66560K), 0.0020800 secs] [Times: user=0.02 sys=0.00, real=0.00 secs] 
168.788: Total time for which application threads were stopped: 0.0022340 seconds, Stopping threads took: 0.0000740 seconds
168.821: Application time: 0.0331220 seconds
168.821: [GC [PSYoungGen: 20128K->2304K(20480K)] 40340K->26611K(66560K), 0.0017900 secs] [Times: user=0.02 sys=0.00, real=0.00 secs] 
168.823: Total time for which application threads were stopped: 0.0019310 seconds, Stopping threads took: 0.0000640 seconds
168.855: Application time: 0.0325730 seconds
168.855: [GC [PSYoungGen: 19542K->2304K(20480K)] 43850K->30707K(66560K), 0.0018710 secs] [Times: user=0.01 sys=0.00, real=0.00 secs] 
168.857: Total time for which application threads were stopped: 0.0020260 seconds, Stopping threads took: 0.0000840 seconds
168.890: Application time: 0.0329350 seconds
168.890: [GC [PSYoungGen: 20094K->2304K(20480K)] 48498K->34804K(66560K), 0.0017780 secs] [Times: user=0.01 sys=0.00, real=0.01 secs] 
168.892: Total time for which application threads were stopped: 0.0019260 seconds, Stopping threads took: 0.0000750 seconds
168.925: Application time: 0.0326280 seconds
168.925: [GC [PSYoungGen: 19537K->2304K(20480K)] 52037K->37876K(66560K), 0.0015530 secs] [Times: user=0.02 sys=0.00, real=0.00 secs] 
168.926: Total time for which application threads were stopped: 0.0016970 seconds, Stopping threads took: 0.0000730 seconds
168.958: Application time: 0.0320890 seconds
168.959: [GC [PSYoungGen: 20075K->2304K(20480K)] 55647K->42996K(66560K), 0.0018980 secs] [Times: user=0.01 sys=0.00, real=0.00 secs] 
168.961: [Full GC [PSYoungGen: 2304K->0K(20480K)] [ParOldGen: 40692K->10998K(46080K)] 42996K->10998K(66560K) [PSPermGen: 5528K->5528K(21504K)], 0.0064640 secs] [Times: user=0.03 sys=0.00, real=0.00 secs] 
168.967: Total time for which application threads were stopped: 0.0085700 seconds, Stopping threads took: 0.0000860 seconds
169.000: Application time: 0.0333340 seconds
169.000: [GC [PSYoungGen: 17277K->2320K(20480K)] 28276K->16391K(66560K), 0.0015190 secs] [Times: user=0.01 sys=0.00, real=0.00 secs] 
169.002: Total time for which application threads were stopped: 0.0016520 seconds, Stopping threads took: 0.0000620 seconds
169.029: Application time: 0.0273910 seconds
169.030: [GC [PSYoungGen: 19965K->2304K(20480K)] 34036K->20471K(66560K), 0.0018270 secs] [Times: user=0.01 sys=0.00, real=0.01 secs] 
169.031: Total time for which application threads were stopped: 0.0019830 seconds, Stopping threads took: 0.0000760 seconds
169.070: Application time: 0.0386150 seconds
169.070: [GC [PSYoungGen: 19633K->2304K(20480K)] 37800K->23543K(66560K), 0.0014020 secs] [Times: user=0.01 sys=0.00, real=0.01 secs] 
169.072: Total time for which application threads were stopped: 0.0015340 seconds, Stopping threads took: 0.0000610 seconds
169.098: Application time: 0.0261730 seconds
169.098: [GC [PSYoungGen: 20109K->2368K(20480K)] 41348K->27703K(66560K), 0.0018120 secs] [Times: user=0.01 sys=0.00, real=0.01 secs] 
169.100: Total time for which application threads were stopped: 0.0019590 seconds, Stopping threads took: 0.0000740 seconds
169.134: Application time: 0.0347770 seconds
169.135: [GC [PSYoungGen: 19845K->2416K(20480K)] 45180K->30823K(66560K), 0.0014880 secs] [Times: user=0.01 sys=0.00, real=0.00 secs] 
169.136: Total time for which application threads were stopped: 0.0016570 seconds, Stopping threads took: 0.0000900 seconds
169.166: Application time: 0.0294930 seconds
169.166: [GC [PSYoungGen: 20336K->2464K(20480K)] 48743K->34967K(66560K), 0.0018570 secs] [Times: user=0.02 sys=0.00, real=0.00 secs] 
169.168: Total time for which application threads were stopped: 0.0020030 seconds, Stopping threads took: 0.0000640 seconds
169.203: Application time: 0.0349480 seconds
169.203: [GC [PSYoungGen: 19830K->2528K(20480K)] 52333K->38103K(66560K), 0.0015350 secs] [Times: user=0.01 sys=0.00, real=0.00 secs] 
169.204: Total time for which application threads were stopped: 0.0016810 seconds, Stopping threads took: 0.0000740 seconds
169.234: Application time: 0.0301300 seconds
169.235: [GC [PSYoungGen: 20418K->2480K(20480K)] 55994K->41127K(66560K), 0.0017130 secs] [Times: user=0.01 sys=0.00, real=0.00 secs] 
169.236: Total time for which application threads were stopped: 0.0018640 seconds, Stopping threads took: 0.0000790 seconds
169.271: Application time: 0.0348760 seconds
169.271: [GC [PSYoungGen: 19619K->2496K(20480K)] 58266K->44215K(66560K), 0.0016180 secs] [Times: user=0.01 sys=0.00, real=0.00 secs] 
169.273: [Full GC [PSYoungGen: 2496K->0K(20480K)] [ParOldGen: 41719K->8958K(46080K)] 44215K->8958K(66560K) [PSPermGen: 5528K->5528K(21504K)], 0.0060640 secs] [Times: user=0.02 sys=0.00, real=0.01 secs] 
169.279: Total time for which application threads were stopped: 0.0078640 seconds, Stopping threads took: 0.0000660 seconds
169.310: Application time: 0.0310010 seconds
169.310: [GC [PSYoungGen: 17886K->2272K(20480K)] 26845K->14302K(66560K), 0.0015250 secs] [Times: user=0.01 sys=0.00, real=0.01 secs] 
169.312: Total time for which application threads were stopped: 0.0017430 seconds, Stopping threads took: 0.0001420 seconds
169.345: Application time: 0.0334480 seconds
169.345: [GC [PSYoungGen: 19338K->2304K(20480K)] 31368K->16382K(66560K), 0.0012060 secs] [Times: user=0.01 sys=0.00, real=0.00 secs] 
169.347: Total time for which application threads were stopped: 0.0013730 seconds, Stopping threads took: 0.0000970 seconds
169.378: Application time: 0.0310050 seconds
169.378: [GC [PSYoungGen: 19209K->2304K(20480K)] 33288K->20478K(66560K), 0.0017210 secs] [Times: user=0.01 sys=0.00, real=0.01 secs] 
169.379: Total time for which application threads were stopped: 0.0018900 seconds, Stopping threads took: 0.0000990 seconds
169.413: Application time: 0.0331320 seconds
169.413: [GC [PSYoungGen: 19275K->2304K(20480K)] 37449K->23550K(66560K), 0.0014730 secs] [Times: user=0.01 sys=0.00, real=0.00 secs] 
169.414: Total time for which application threads were stopped: 0.0016220 seconds, Stopping threads took: 0.0000810 seconds
169.444: Application time: 0.0302310 seconds
169.445: [GC [PSYoungGen: 19247K->2272K(20480K)] 40493K->26590K(66560K), 0.0013540 secs] [Times: user=0.01 sys=0.00, real=0.00 secs] 
169.446: Total time for which application threads were stopped: 0.0014860 seconds, Stopping threads took: 0.0000640 seconds
169.478: Application time: 0.0320960 seconds
169.478: [GC [PSYoungGen: 19233K->2304K(20480K)] 43551K->29694K(66560K), 0.0014920 secs] [Times: user=0.01 sys=0.00, real=0.01 secs] 
169.480: Total time for which application threads were stopped: 0.0016490 seconds, Stopping threads took: 0.0000790 seconds
169.507: Application time: 0.0273820 seconds
169.507: [GC [PSYoungGen: 20002K->2304K(20480K)] 47393K->32766K(66560K), 0.0015480 secs] [Times: user=0.01 sys=0.00, real=0.00 secs] 
169.509: Total time for which application threads were stopped: 0.0016900 seconds, Stopping threads took: 0.0000720 seconds
169.544: Application time: 0.0355090 seconds
169.544: [GC [PSYoungGen: 19388K->2304K(20480K)] 49850K->34814K(66560K), 0.0012290 secs] [Times: user=0.01 sys=0.00, real=0.00 secs] 
169.546: Total time for which application threads were stopped: 0.0013660 seconds, Stopping threads took: 0.0000570 seconds
169.575: Application time: 0.0288650 seconds
169.575: [GC [PSYoungGen: 20223K->2304K(20480K)] 52734K->38910K(66560K), 0.0017540 secs] [Times: user=0.02 sys=0.00, real=0.00 secs] 
169.576: Total time for which application threads were stopped: 0.0018960 seconds, Stopping threads took: 0.0000720 seconds
169.611: Application time: 0.0344060 seconds
169.611: [GC [PSYoungGen: 20224K->2240K(20480K)] 56830K->41918K(66560K), 0.0015830 secs] [Times: user=0.01 sys=0.00, real=0.00 secs] 
169.613: Total time for which application threads were stopped: 0.0017250 seconds, Stopping threads took: 0.0000720 seconds
169.644: Application time: 0.0314770 seconds
169.644: [GC [PSYoungGen: 19377K->2304K(20480K)] 59056K->45054K(66560K), 0.0014520 secs] [Times: user=0.01 sys=0.00, real=0.00 secs] 
169.646: [Full GC [PSYoungGen: 2304K->0K(20480K)] [ParOldGen: 42750K->8954K(46080K)] 45054K->8954K(66560K) [PSPermGen: 5528K->5528K(21504K)], 0.0057600 secs] [Times: user=0.02 sys=0.00, real=0.01 secs] 
169.651: Total time for which application threads were stopped: 0.0074050 seconds, Stopping threads took: 0.0000760 seconds
169.685: Application time: 0.0339740 seconds
169.686: [GC [PSYoungGen: 17857K->2304K(20480K)] 26811K->14330K(66560K), 0.0014270 secs] [Times: user=0.01 sys=0.00, real=0.00 secs] 
169.687: Total time for which application threads were stopped: 0.0015700 seconds, Stopping threads took: 0.0000690 seconds
169.717: Application time: 0.0299350 seconds
169.717: [GC [PSYoungGen: 19427K->2304K(20480K)] 31454K->18426K(66560K), 0.0017370 secs] [Times: user=0.01 sys=0.00, real=0.01 secs] 
169.719: Total time for which application threads were stopped: 0.0018780 seconds, Stopping threads took: 0.0000650 seconds
169.752: Application time: 0.0331890 seconds
169.752: [GC [PSYoungGen: 20144K->2272K(20480K)] 36267K->21466K(66560K), 0.0015580 secs] [Times: user=0.01 sys=0.00, real=0.00 secs] 
169.754: Total time for which application threads were stopped: 0.0017050 seconds, Stopping threads took: 0.0000790 seconds
169.786: Application time: 0.0326550 seconds
169.786: [GC [PSYoungGen: 19483K->2240K(20480K)] 38678K->24506K(66560K), 0.0014830 secs] [Times: user=0.01 sys=0.00, real=0.00 secs] 
169.788: Total time for which application threads were stopped: 0.0016350 seconds, Stopping threads took: 0.0000700 seconds
169.820: Application time: 0.0324450 seconds
169.821: [GC [PSYoungGen: 19431K->2400K(20480K)] 41698K->26714K(66560K), 0.0012010 secs] [Times: user=0.01 sys=0.00, real=0.00 secs] 
169.822: Total time for which application threads were stopped: 0.0013280 seconds, Stopping threads took: 0.0000600 seconds
169.853: Application time: 0.0316970 seconds
169.854: [GC [PSYoungGen: 19661K->2432K(20480K)] 43975K->30842K(66560K), 0.0017450 secs] [Times: user=0.01 sys=0.00, real=0.00 secs] 
169.855: Total time for which application threads were stopped: 0.0019110 seconds, Stopping threads took: 0.0000920 seconds
169.888: Application time: 0.0321840 seconds
169.888: [GC [PSYoungGen: 20352K->2480K(20480K)] 48762K->33962K(66560K), 0.0014520 secs] [Times: user=0.01 sys=0.00, real=0.00 secs] 
169.889: Total time for which application threads were stopped: 0.0015980 seconds, Stopping threads took: 0.0000770 seconds
169.921: Application time: 0.0322350 seconds
169.922: [GC [PSYoungGen: 19839K->2528K(20480K)] 51322K->37082K(66560K), 0.0015950 secs] [Times: user=0.01 sys=0.00, real=0.00 secs] 
169.923: Total time for which application threads were stopped: 0.0017570 seconds, Stopping threads took: 0.0000910 seconds
169.950: Application time: 0.0264870 seconds
169.950: [GC [PSYoungGen: 20133K->2528K(20480K)] 54688K->41178K(66560K), 0.0019770 secs] [Times: user=0.02 sys=0.00, real=0.01 secs] 
169.952: Total time for which application threads were stopped: 0.0021690 seconds, Stopping threads took: 0.0001200 seconds
169.990: Application time: 0.0381460 seconds
169.990: [GC [PSYoungGen: 19903K->2528K(20480K)] 58554K->44250K(66560K), 0.0015650 secs] [Times: user=0.01 sys=0.00, real=0.01 secs] 
169.992: [Full GC [PSYoungGen: 2528K->0K(20480K)] [ParOldGen: 41722K->8955K(46080K)] 44250K->8955K(66560K) [PSPermGen: 5528K->5528K(21504K)], 0.0060040 secs] [Times: user=0.02 sys=0.00, real=0.00 secs] 
169.998: Total time for which application threads were stopped: 0.0077580 seconds, Stopping threads took: 0.0000610 seconds
170.026: Application time: 0.0278980 seconds
170.026: [GC [PSYoungGen: 17685K->2304K(20480K)] 26640K->15355K(66560K), 0.0018140 secs] [Times: user=0.01 sys=0.00, real=0.00 secs] 
170.028: Total time for which application threads were stopped: 0.0019690 seconds, Stopping threads took: 0.0000770 seconds
170.058: Application time: 0.0306370 seconds
170.058: [GC [PSYoungGen: 19267K->2304K(20480K)] 32319K->19451K(66560K), 0.0018180 secs] [Times: user=0.01 sys=0.01, real=0.01 secs] 
170.060: Total time for which application threads were stopped: 0.0019810 seconds, Stopping threads took: 0.0000800 seconds
170.091: Application time: 0.0312630 seconds
170.092: [GC [PSYoungGen: 19238K->2304K(20480K)] 36386K->23547K(66560K), 0.0017710 secs] [Times: user=0.01 sys=0.00, real=0.00 secs] 
170.093: Total time for which application threads were stopped: 0.0019540 seconds, Stopping threads took: 0.0001090 seconds
170.127: Application time: 0.0334800 seconds
170.127: [GC [PSYoungGen: 19299K->2272K(20480K)] 40543K->26587K(66560K), 0.0015050 secs] [Times: user=0.01 sys=0.00, real=0.00 secs] 
170.129: Total time for which application threads were stopped: 0.0017030 seconds, Stopping threads took: 0.0001270 seconds
170.160: Application time: 0.0311190 seconds
170.160: [GC [PSYoungGen: 19259K->2304K(20480K)] 43575K->31739K(66560K), 0.0019520 secs] [Times: user=0.01 sys=0.00, real=0.00 secs] 
170.162: Total time for which application threads were stopped: 0.0020940 seconds, Stopping threads took: 0.0000640 seconds
170.196: Application time: 0.0339740 seconds
170.196: [GC [PSYoungGen: 19313K->2320K(20480K)] 48748K->33803K(66560K), 0.0012060 secs] [Times: user=0.00 sys=0.00, real=0.00 secs] 
170.197: Total time for which application threads were stopped: 0.0013480 seconds, Stopping threads took: 0.0000740 seconds
170.225: Application time: 0.0282990 seconds
170.226: [GC [PSYoungGen: 19304K->2272K(20480K)] 50788K->37851K(66560K), 0.0018500 secs] [Times: user=0.01 sys=0.00, real=0.00 secs] 
170.228: Total time for which application threads were stopped: 0.0020180 seconds, Stopping threads took: 0.0000920 seconds
170.261: Application time: 0.0335450 seconds
170.261: [GC [PSYoungGen: 20002K->2272K(20480K)] 55582K->40923K(66560K), 0.0014680 secs] [Times: user=0.01 sys=0.00, real=0.00 secs] 
170.263: Total time for which application threads were stopped: 0.0016040 seconds, Stopping threads took: 0.0000620 seconds
170.293: Application time: 0.0302070 seconds
170.293: [GC [PSYoungGen: 19530K->2304K(20480K)] 58182K->45052K(66560K), 0.0017960 secs] [Times: user=0.01 sys=0.00, real=0.00 secs] 
170.295: [Full GC [PSYoungGen: 2304K->0K(20480K)] [ParOldGen: 42747K->9974K(46080K)] 45052K->9974K(66560K) [PSPermGen: 5528K->5528K(21504K)], 0.0059320 secs] [Times: user=0.03 sys=0.00, real=0.01 secs] 
170.301: Total time for which application threads were stopped: 0.0079180 seconds, Stopping threads took: 0.0000700 seconds
170.335: Application time: 0.0341630 seconds
170.335: [GC [PSYoungGen: 17710K->2304K(20480K)] 27684K->15350K(66560K), 0.0014910 secs] [Times: user=0.01 sys=0.00, real=0.00 secs] 
170.337: Total time for which application threads were stopped: 0.0016280 seconds, Stopping threads took: 0.0000630 seconds
170.369: Application time: 0.0320550 seconds
170.371: [GC [PSYoungGen: 19650K->2304K(20480K)] 32697K->18422K(66560K), 0.0014300 secs] [Times: user=0.01 sys=0.00, real=0.00 secs] 
170.372: Total time for which application threads were stopped: 0.0033870 seconds, Stopping threads took: 0.0018840 seconds
170.405: Application time: 0.0329520 seconds
170.405: [GC [PSYoungGen: 19969K->2304K(20480K)] 36088K->20470K(66560K), 0.0011850 secs] [Times: user=0.01 sys=0.00, real=0.00 secs] 
170.406: Total time for which application threads were stopped: 0.0013340 seconds, Stopping threads took: 0.0000790 seconds
170.437: Application time: 0.0305060 seconds
170.437: [GC [PSYoungGen: 19414K->2304K(20480K)] 37581K->23542K(66560K), 0.0015560 secs] [Times: user=0.01 sys=0.00, real=0.01 secs] 
170.439: Total time for which application threads were stopped: 0.0017000 seconds, Stopping threads took: 0.0000680 seconds
170.471: Application time: 0.0322510 seconds
170.471: [GC [PSYoungGen: 20036K->2304K(20480K)] 41274K->25590K(66560K), 0.0011740 secs] [Times: user=0.01 sys=0.00, real=0.00 secs] 
170.472: Total time for which application threads were stopped: 0.0013090 seconds, Stopping threads took: 0.0000660 seconds
170.504: Application time: 0.0322790 seconds
170.504: [GC [PSYoungGen: 19670K->2304K(20480K)] 42957K->28662K(66560K), 0.0015940 secs] [Times: user=0.01 sys=0.00, real=0.00 secs] 
170.506: Total time for which application threads were stopped: 0.0017370 seconds, Stopping threads took: 0.0000700 seconds
170.538: Application time: 0.0322670 seconds
170.538: [GC [PSYoungGen: 20220K->2352K(20480K)] 46579K->31782K(66560K), 0.0015460 secs] [Times: user=0.01 sys=0.00, real=0.00 secs] 
170.540: Total time for which application threads were stopped: 0.0016900 seconds, Stopping threads took: 0.0000640 seconds
170.574: Application time: 0.0334660 seconds
170.574: [GC [PSYoungGen: 19914K->2448K(20480K)] 49345K->35974K(66560K), 0.0018350 secs] [Times: user=0.02 sys=0.00, real=0.00 secs] 
170.576: Total time for which application threads were stopped: 0.0019900 seconds, Stopping threads took: 0.0000720 seconds
170.605: Application time: 0.0298780 seconds
170.606: [GC [PSYoungGen: 20163K->2448K(20480K)] 53690K->40071K(66560K), 0.0018480 secs] [Times: user=0.01 sys=0.00, real=0.00 secs] 
170.607: Total time for which application threads were stopped: 0.0019840 seconds, Stopping threads took: 0.0000610 seconds
170.644: Application time: 0.0362250 seconds
170.644: [GC [PSYoungGen: 20113K->2528K(20480K)] 57736K->44247K(66560K), 0.0017050 secs] [Times: user=0.01 sys=0.00, real=0.00 secs] 
170.645: [Full GC [PSYoungGen: 2528K->0K(20480K)] [ParOldGen: 41719K->9992K(46080K)] 44247K->9992K(66560K) [PSPermGen: 5528K->5528K(21504K)], 0.0061430 secs] [Times: user=0.03 sys=0.00, real=0.01 secs] 
170.652: Total time for which application threads were stopped: 0.0080420 seconds, Stopping threads took: 0.0000750 seconds
170.678: Application time: 0.0260550 seconds
170.678: [GC [PSYoungGen: 17505K->2304K(20480K)] 27498K->16392K(66560K), 0.0017610 secs] [Times: user=0.02 sys=0.00, real=0.01 secs] 
170.680: Total time for which application threads were stopped: 0.0019170 seconds, Stopping threads took: 0.0000780 seconds
170.716: Application time: 0.0364130 seconds
170.716: [GC [PSYoungGen: 19631K->2304K(20480K)] 33720K->19465K(66560K), 0.0013860 secs] [Times: user=0.00 sys=0.00, real=0.00 secs] 
170.718: Total time for which application threads were stopped: 0.0015370 seconds, Stopping threads took: 0.0000800 seconds
170.746: Application time: 0.0286420 seconds
170.746: [GC [PSYoungGen: 19978K->2304K(20480K)] 37139K->23561K(66560K), 0.0017450 secs] [Times: user=0.02 sys=0.00, real=0.00 secs] 
170.748: Total time for which application threads were stopped: 0.0019010 seconds, Stopping threads took: 0.0000840 seconds
170.782: Application time: 0.0342920 seconds
170.783: [GC [PSYoungGen: 19513K->2272K(20480K)] 40770K->26601K(66560K), 0.0015360 secs] [Times: user=0.00 sys=0.00, real=0.00 secs] 
170.784: Total time for which application threads were stopped: 0.0017080 seconds, Stopping threads took: 0.0000990 seconds
170.814: Application time: 0.0302460 seconds
170.815: [GC [PSYoungGen: 20092K->2272K(20480K)] 44421K->31721K(66560K), 0.0021170 secs] [Times: user=0.02 sys=0.00, real=0.00 secs] 
170.817: Total time for which application threads were stopped: 0.0022620 seconds, Stopping threads took: 0.0000690 seconds
170.850: Application time: 0.0330870 seconds
170.850: [GC [PSYoungGen: 19329K->2304K(20480K)] 48779K->34825K(66560K), 0.0015580 secs] [Times: user=0.01 sys=0.00, real=0.01 secs] 
170.851: Total time for which application threads were stopped: 0.0017040 seconds, Stopping threads took: 0.0000740 seconds
170.881: Application time: 0.0293500 seconds
170.881: [GC [PSYoungGen: 19224K->2304K(20480K)] 51745K->38921K(66560K), 0.0017180 secs] [Times: user=0.01 sys=0.00, real=0.00 secs] 
170.883: Total time for which application threads were stopped: 0.0018870 seconds, Stopping threads took: 0.0000940 seconds
170.917: Application time: 0.0342910 seconds
170.917: [GC [PSYoungGen: 19305K->2272K(20480K)] 55922K->41961K(66560K), 0.0015000 secs] [Times: user=0.01 sys=0.00, real=0.01 secs] 
170.919: Total time for which application threads were stopped: 0.0016440 seconds, Stopping threads took: 0.0000720 seconds
170.947: Application time: 0.0280170 seconds
170.947: [GC [PSYoungGen: 19172K->2304K(20480K)] 58861K->45065K(66560K), 0.0014670 secs] [Times: user=0.01 sys=0.00, real=0.00 secs] 
170.948: [Full GC [PSYoungGen: 2304K->0K(20480K)] [ParOldGen: 42761K->8986K(46080K)] 45065K->8986K(66560K) [PSPermGen: 5528K->5528K(21504K)], 0.0059320 secs] [Times: user=0.02 sys=0.00, real=0.01 secs] 
170.954: Total time for which application threads were stopped: 0.0076090 seconds, Stopping threads took: 0.0000890 seconds
170.988: Application time: 0.0335300 seconds
170.988: [GC [PSYoungGen: 16922K->2304K(20480K)] 25909K->15386K(66560K), 0.0017650 secs] [Times: user=0.01 sys=0.00, real=0.00 secs] 
170.990: Total time for which application threads were stopped: 0.0019010 seconds, Stopping threads took: 0.0000630 seconds
171.020: Application time: 0.0303430 seconds
171.020: [GC [PSYoungGen: 19299K->2304K(20480K)] 32382K->18458K(66560K), 0.0014560 secs] [Times: user=0.01 sys=0.00, real=0.00 secs] 
171.022: Total time for which application threads were stopped: 0.0016040 seconds, Stopping threads took: 0.0000770 seconds
171.057: Application time: 0.0353610 seconds
171.057: [GC [PSYoungGen: 19334K->2272K(20480K)] 35489K->20474K(66560K), 0.0013160 secs] [Times: user=0.00 sys=0.00, real=0.00 secs] 
171.058: Total time for which application threads were stopped: 0.0014510 seconds, Stopping threads took: 0.0000570 seconds
171.088: Application time: 0.0291250 seconds
171.088: [GC [PSYoungGen: 20192K->2304K(20480K)] 38394K->24602K(66560K), 0.0016740 secs] [Times: user=0.01 sys=0.00, real=0.00 secs] 
171.089: Total time for which application threads were stopped: 0.0018150 seconds, Stopping threads took: 0.0000590 seconds
171.123: Application time: 0.0340680 seconds
171.127: [GC [PSYoungGen: 20215K->2304K(20480K)] 42514K->27674K(66560K), 0.0014210 secs] [Times: user=0.01 sys=0.00, real=0.00 secs] 
171.128: Total time for which application threads were stopped: 0.0045680 seconds, Stopping threads took: 0.0030750 seconds
171.159: Application time: 0.0305410 seconds
171.159: [GC [PSYoungGen: 19359K->2304K(20480K)] 44730K->30746K(66560K), 0.0013960 secs] [Times: user=0.01 sys=0.00, real=0.00 secs] 
171.160: Total time for which application threads were stopped: 0.0015280 seconds, Stopping threads took: 0.0000580 seconds
171.193: Application time: 0.0333310 seconds
171.194: [GC [PSYoungGen: 20090K->2304K(20480K)] 48533K->33818K(66560K), 0.0014270 secs] [Times: user=0.01 sys=0.00, real=0.00 secs] 
171.195: Total time for which application threads were stopped: 0.0015710 seconds, Stopping threads took: 0.0000710 seconds
171.225: Application time: 0.0295880 seconds
171.225: [GC [PSYoungGen: 19617K->2320K(20480K)] 51132K->36907K(66560K), 0.0014660 secs] [Times: user=0.01 sys=0.00, real=0.00 secs] 
171.226: Total time for which application threads were stopped: 0.0016120 seconds, Stopping threads took: 0.0000750 seconds
171.257: Application time: 0.0312690 seconds
171.258: [GC [PSYoungGen: 20240K->2416K(20480K)] 54827K->40075K(66560K), 0.0015160 secs] [Times: user=0.01 sys=0.00, real=0.01 secs] 
171.259: Total time for which application threads were stopped: 0.0016530 seconds, Stopping threads took: 0.0000650 seconds
171.293: Application time: 0.0338190 seconds
171.293: [GC [PSYoungGen: 19928K->2448K(20480K)] 57587K->44203K(66560K), 0.0017780 secs] [Times: user=0.02 sys=0.00, real=0.00 secs] 
171.295: [Full GC [PSYoungGen: 2448K->0K(20480K)] [ParOldGen: 41755K->9977K(46080K)] 44203K->9977K(66560K) [PSPermGen: 5528K->5528K(21504K)], 0.0063280 secs] [Times: user=0.02 sys=0.00, real=0.01 secs] 
171.301: Total time for which application threads were stopped: 0.0082970 seconds, Stopping threads took: 0.0000720 seconds
171.333: Application time: 0.0314320 seconds
171.333: [GC [PSYoungGen: 17608K->2304K(20480K)] 27585K->15353K(66560K), 0.0014490 secs] [Times: user=0.01 sys=0.00, real=0.00 secs] 
171.334: Total time for which application threads were stopped: 0.0015930 seconds, Stopping threads took: 0.0000750 seconds
171.367: Application time: 0.0330880 seconds
171.368: [GC [PSYoungGen: 19942K->2368K(20480K)] 32992K->19513K(66560K), 0.0017500 secs] [Times: user=0.01 sys=0.00, real=0.00 secs] 
171.369: Total time for which application threads were stopped: 0.0018950 seconds, Stopping threads took: 0.0000730 seconds
171.401: Application time: 0.0316760 seconds
171.401: [GC [PSYoungGen: 19906K->2336K(20480K)] 37051K->23577K(66560K), 0.0017610 secs] [Times: user=0.01 sys=0.00, real=0.00 secs] 
171.403: Total time for which application threads were stopped: 0.0019100 seconds, Stopping threads took: 0.0000690 seconds
171.436: Application time: 0.0331870 seconds
171.436: [GC [PSYoungGen: 19827K->2256K(20480K)] 41069K->28617K(66560K), 0.0020260 secs] [Times: user=0.01 sys=0.00, real=0.00 secs] 
171.438: Total time for which application threads were stopped: 0.0021790 seconds, Stopping threads took: 0.0000800 seconds
171.467: Application time: 0.0291820 seconds
171.468: [GC [PSYoungGen: 19723K->2368K(20480K)] 46085K->32825K(66560K), 0.0016970 secs] [Times: user=0.01 sys=0.00, real=0.00 secs] 
171.469: Total time for which application threads were stopped: 0.0018370 seconds, Stopping threads took: 0.0000680 seconds
171.505: Application time: 0.0355640 seconds
171.505: [GC [PSYoungGen: 19940K->2368K(20480K)] 50398K->36922K(66560K), 0.0018160 secs] [Times: user=0.01 sys=0.00, real=0.00 secs] 
171.507: Total time for which application threads were stopped: 0.0019740 seconds, Stopping threads took: 0.0000860 seconds
171.533: Application time: 0.0266700 seconds
171.534: [GC [PSYoungGen: 19765K->2320K(20480K)] 54319K->41994K(66560K), 0.0020860 secs] [Times: user=0.01 sys=0.00, real=0.00 secs] 
171.536: Total time for which application threads were stopped: 0.0022350 seconds, Stopping threads took: 0.0000750 seconds
171.573: Application time: 0.0375110 seconds
171.573: [GC [PSYoungGen: 19925K->2304K(20480K)] 59599K->46074K(66560K), 0.0017800 secs] [Times: user=0.01 sys=0.00, real=0.00 secs] 
171.575: [Full GC [PSYoungGen: 2304K->0K(20480K)] [ParOldGen: 43770K->9976K(46080K)] 46074K->9976K(66560K) [PSPermGen: 5528K->5528K(21504K)], 0.0061430 secs] [Times: user=0.03 sys=0.00, real=0.01 secs] 
171.581: Total time for which application threads were stopped: 0.0081280 seconds, Stopping threads took: 0.0000840 seconds
171.609: Application time: 0.0273430 seconds
171.609: [GC [PSYoungGen: 17444K->2304K(20480K)] 27420K->17400K(66560K), 0.0020390 secs] [Times: user=0.01 sys=0.00, real=0.01 secs] 
171.611: Total time for which application threads were stopped: 0.0021920 seconds, Stopping threads took: 0.0000640 seconds
171.650: Application time: 0.0386570 seconds
171.650: [GC [PSYoungGen: 19921K->2304K(20480K)] 35017K->20472K(66560K), 0.0014770 secs] [Times: user=0.01 sys=0.00, real=0.01 secs] 
171.651: Total time for which application threads were stopped: 0.0016260 seconds, Stopping threads took: 0.0000780 seconds
171.677: Application time: 0.0262080 seconds
171.678: [GC [PSYoungGen: 19740K->2304K(20480K)] 37909K->24568K(66560K), 0.0017420 secs] [Times: user=0.01 sys=0.00, real=0.01 secs] 
171.679: Total time for which application threads were stopped: 0.0018920 seconds, Stopping threads took: 0.0000780 seconds
171.714: Application time: 0.0344000 seconds
171.714: [GC [PSYoungGen: 19460K->2304K(20480K)] 41725K->27640K(66560K), 0.0014660 secs] [Times: user=0.01 sys=0.00, real=0.00 secs] 
171.715: Total time for which application threads were stopped: 0.0016110 seconds, Stopping threads took: 0.0000760 seconds
171.746: Application time: 0.0306070 seconds
171.746: [GC [PSYoungGen: 20201K->2304K(20480K)] 45537K->32760K(66560K), 0.0020540 secs] [Times: user=0.01 sys=0.00, real=0.00 secs] 
171.748: Total time for which application threads were stopped: 0.0022020 seconds, Stopping threads took: 0.0000720 seconds
171.784: Application time: 0.0355340 seconds
171.784: [GC [PSYoungGen: 19467K->2288K(20480K)] 49924K->34792K(66560K), 0.0012090 secs] [Times: user=0.01 sys=0.00, real=0.00 secs] 
171.785: Total time for which application threads were stopped: 0.0013560 seconds, Stopping threads took: 0.0000810 seconds
171.815: Application time: 0.0295530 seconds
171.815: [GC [PSYoungGen: 20169K->2272K(20480K)] 52674K->39896K(66560K), 0.0020680 secs] [Times: user=0.01 sys=0.00, real=0.00 secs] 
171.817: Total time for which application threads were stopped: 0.0022070 seconds, Stopping threads took: 0.0000650 seconds
171.850: Application time: 0.0327360 seconds
171.850: [GC [PSYoungGen: 19215K->2272K(20480K)] 56840K->42968K(66560K), 0.0015490 secs] [Times: user=0.01 sys=0.00, real=0.01 secs] 
171.851: [Full GC [PSYoungGen: 2272K->0K(20480K)] [ParOldGen: 40696K->8971K(46080K)] 42968K->8971K(66560K) [PSPermGen: 5528K->5528K(21504K)], 0.0057380 secs] [Times: user=0.02 sys=0.00, real=0.00 secs] 
171.857: Total time for which application threads were stopped: 0.0074760 seconds, Stopping threads took: 0.0000710 seconds
171.888: Application time: 0.0305640 seconds
171.888: [GC [PSYoungGen: 17003K->2304K(20480K)] 25975K->15371K(66560K), 0.0016920 secs] [Times: user=0.01 sys=0.00, real=0.00 secs] 
171.889: Total time for which application threads were stopped: 0.0018270 seconds, Stopping threads took: 0.0000590 seconds
171.923: Application time: 0.0331830 seconds
171.923: [GC [PSYoungGen: 19217K->2304K(20480K)] 32285K->19467K(66560K), 0.0017540 secs] [Times: user=0.02 sys=0.00, real=0.00 secs] 
171.924: Total time for which application threads were stopped: 0.0018950 seconds, Stopping threads took: 0.0000700 seconds
171.953: Application time: 0.0283000 seconds
171.953: [GC [PSYoungGen: 19464K->2352K(20480K)] 36628K->22587K(66560K), 0.0014480 secs] [Times: user=0.01 sys=0.00, real=0.00 secs] 
171.954: Total time for which application threads were stopped: 0.0016030 seconds, Stopping threads took: 0.0000860 seconds
171.988: Application time: 0.0336840 seconds
171.988: [GC [PSYoungGen: 19559K->2448K(20480K)] 39795K->25756K(66560K), 0.0015900 secs] [Times: user=0.01 sys=0.00, real=0.00 secs] 
171.990: Total time for which application threads were stopped: 0.0017400 seconds, Stopping threads took: 0.0000810 seconds
172.020: Application time: 0.0300360 seconds
172.020: [GC [PSYoungGen: 19565K->2368K(20480K)] 42873K->28748K(66560K), 0.0016350 secs] [Times: user=0.01 sys=0.00, real=0.00 secs] 
172.022: Total time for which application threads were stopped: 0.0017740 seconds, Stopping threads took: 0.0000690 seconds
172.055: Application time: 0.0337230 seconds
172.055: [GC [PSYoungGen: 20288K->2432K(20480K)] 46668K->31884K(66560K), 0.0015700 secs] [Times: user=0.01 sys=0.00, real=0.00 secs] 
172.057: Total time for which application threads were stopped: 0.0017280 seconds, Stopping threads took: 0.0000860 seconds
172.089: Application time: 0.0320940 seconds
172.089: [GC [PSYoungGen: 19789K->2528K(20480K)] 49241K->34028K(66560K), 0.0013310 secs] [Times: user=0.01 sys=0.00, real=0.01 secs] 
172.091: Total time for which application threads were stopped: 0.0014780 seconds, Stopping threads took: 0.0000780 seconds
172.123: Application time: 0.0324060 seconds
172.123: [GC [PSYoungGen: 20248K->2544K(20480K)] 51748K->37116K(66560K), 0.0015050 secs] [Times: user=0.01 sys=0.00, real=0.00 secs] 
172.125: Total time for which application threads were stopped: 0.0016570 seconds, Stopping threads took: 0.0000700 seconds
172.158: Application time: 0.0328230 seconds
172.158: [GC [PSYoungGen: 19833K->2496K(20480K)] 54405K->40140K(66560K), 0.0015420 secs] [Times: user=0.01 sys=0.00, real=0.01 secs] 
172.159: Total time for which application threads were stopped: 0.0016990 seconds, Stopping threads took: 0.0000820 seconds
172.190: Application time: 0.0305360 seconds
172.190: [GC [PSYoungGen: 20067K->2496K(20480K)] 57711K->42188K(66560K), 0.0012960 secs] [Times: user=0.01 sys=0.00, real=0.01 secs] 
172.191: Total time for which application threads were stopped: 0.0014410 seconds, Stopping threads took: 0.0000770 seconds
172.224: Application time: 0.0330270 seconds
172.224: [GC [PSYoungGen: 19799K->2464K(20480K)] 59491K->45228K(66560K), 0.0016050 secs] [Times: user=0.01 sys=0.00, real=0.00 secs] 
172.226: [Full GC [PSYoungGen: 2464K->0K(20480K)] [ParOldGen: 42764K->8955K(46080K)] 45228K->8955K(66560K) [PSPermGen: 5528K->5528K(21504K)], 0.0061230 secs] [Times: user=0.02 sys=0.00, real=0.01 secs] 
172.232: Total time for which application threads were stopped: 0.0079420 seconds, Stopping threads took: 0.0000800 seconds
172.262: Application time: 0.0296130 seconds
172.262: [GC [PSYoungGen: 17571K->2304K(20480K)] 26526K->14331K(66560K), 0.0014860 secs] [Times: user=0.01 sys=0.00, real=0.00 secs] 
172.263: Total time for which application threads were stopped: 0.0016360 seconds, Stopping threads took: 0.0000830 seconds
172.298: Application time: 0.0343910 seconds
172.298: [GC [PSYoungGen: 19662K->2304K(20480K)] 31689K->17403K(66560K), 0.0014970 secs] [Times: user=0.01 sys=0.00, real=0.01 secs] 
172.299: Total time for which application threads were stopped: 0.0016530 seconds, Stopping threads took: 0.0000860 seconds
172.331: Application time: 0.0314270 seconds
172.331: [GC [PSYoungGen: 20008K->2304K(20480K)] 35108K->20475K(66560K), 0.0014260 secs] [Times: user=0.01 sys=0.00, real=0.00 secs] 
172.332: Total time for which application threads were stopped: 0.0015660 seconds, Stopping threads took: 0.0000720 seconds
172.364: Application time: 0.0318960 seconds
172.365: [GC [PSYoungGen: 19559K->2272K(20480K)] 37731K->23515K(66560K), 0.0015310 secs] [Times: user=0.01 sys=0.00, real=0.00 secs] 
172.366: Total time for which application threads were stopped: 0.0016950 seconds, Stopping threads took: 0.0000960 seconds
172.399: Application time: 0.0329450 seconds
172.399: [GC [PSYoungGen: 19973K->2272K(20480K)] 41217K->25563K(66560K), 0.0011120 secs] [Times: user=0.00 sys=0.00, real=0.00 secs] 
172.400: Total time for which application threads were stopped: 0.0012410 seconds, Stopping threads took: 0.0000630 seconds
172.433: Application time: 0.0331660 seconds
172.434: [GC [PSYoungGen: 19623K->2320K(20480K)] 42914K->27659K(66560K), 0.0011950 secs] [Times: user=0.01 sys=0.00, real=0.00 secs] 
172.435: Total time for which application threads were stopped: 0.0013230 seconds, Stopping threads took: 0.0000600 seconds
172.460: Application time: 0.0257170 seconds
172.461: [GC [PSYoungGen: 19784K->2240K(20480K)] 45124K->32699K(66560K), 0.0020590 secs] [Times: user=0.01 sys=0.01, real=0.00 secs] 
172.463: Total time for which application threads were stopped: 0.0022470 seconds, Stopping threads took: 0.0001140 seconds
172.500: Application time: 0.0375710 seconds
172.500: [GC [PSYoungGen: 19667K->2272K(20480K)] 50127K->35803K(66560K), 0.0015010 secs] [Times: user=0.01 sys=0.00, real=0.00 secs] 
172.502: Total time for which application threads were stopped: 0.0016320 seconds, Stopping threads took: 0.0000600 seconds
172.531: Application time: 0.0288250 seconds
172.531: [GC [PSYoungGen: 19916K->2304K(20480K)] 53448K->40955K(66560K), 0.0020120 secs] [Times: user=0.01 sys=0.00, real=0.00 secs] 
172.533: Total time for which application threads were stopped: 0.0021590 seconds, Stopping threads took: 0.0000720 seconds
172.567: Application time: 0.0345460 seconds
172.568: [GC [PSYoungGen: 19524K->2304K(20480K)] 58175K->44027K(66560K), 0.0014730 secs] [Times: user=0.01 sys=0.00, real=0.00 secs] 
172.569: [Full GC [PSYoungGen: 2304K->0K(20480K)] [ParOldGen: 41723K->8976K(46080K)] 44027K->8976K(66560K) [PSPermGen: 5528K->5528K(21504K)], 0.0057460 secs] [Times: user=0.02 sys=0.00, real=0.01 secs] 
172.575: Total time for which application threads were stopped: 0.0074040 seconds, Stopping threads took: 0.0000670 seconds
172.603: Application time: 0.0280700 seconds
172.603: [GC [PSYoungGen: 17774K->2304K(20480K)] 26751K->16400K(66560K), 0.0020840 secs] [Times: user=0.01 sys=0.00, real=0.00 secs] 
172.605: Total time for which application threads were stopped: 0.0022280 seconds, Stopping threads took: 0.0000700 seconds
172.641: Application time: 0.0354430 seconds
172.641: [GC [PSYoungGen: 19458K->2304K(20480K)] 33555K->20496K(66560K), 0.0018370 secs] [Times: user=0.02 sys=0.00, real=0.00 secs] 
172.643: Total time for which application threads were stopped: 0.0019940 seconds, Stopping threads took: 0.0000700 seconds
172.671: Application time: 0.0286280 seconds
172.671: [GC [PSYoungGen: 19386K->2368K(20480K)] 37579K->25680K(66560K), 0.0020160 secs] [Times: user=0.01 sys=0.00, real=0.00 secs] 
172.673: Total time for which application threads were stopped: 0.0021630 seconds, Stopping threads took: 0.0000720 seconds
172.708: Application time: 0.0345340 seconds
172.709: [GC [PSYoungGen: 19750K->2416K(20480K)] 43062K->28800K(66560K), 0.0017140 secs] [Times: user=0.02 sys=0.00, real=0.00 secs] 
172.710: Total time for which application threads were stopped: 0.0023690 seconds, Stopping threads took: 0.0005770 seconds
172.739: Application time: 0.0283810 seconds
172.739: [GC [PSYoungGen: 19374K->2512K(20480K)] 45758K->32992K(66560K), 0.0017920 secs] [Times: user=0.02 sys=0.00, real=0.00 secs] 
172.741: Total time for which application threads were stopped: 0.0019290 seconds, Stopping threads took: 0.0000630 seconds
172.774: Application time: 0.0332120 seconds
172.774: [GC [PSYoungGen: 19602K->2496K(20480K)] 50083K->37072K(66560K), 0.0018400 secs] [Times: user=0.01 sys=0.00, real=0.00 secs] 
172.776: Total time for which application threads were stopped: 0.0019890 seconds, Stopping threads took: 0.0000740 seconds
172.811: Application time: 0.0355770 seconds
172.812: [GC [PSYoungGen: 19704K->2528K(20480K)] 54280K->39160K(66560K), 0.0012520 secs] [Times: user=0.01 sys=0.00, real=0.00 secs] 
172.813: Total time for which application threads were stopped: 0.0014230 seconds, Stopping threads took: 0.0001040 seconds
172.841: Application time: 0.0282590 seconds
172.841: [GC [PSYoungGen: 20193K->2496K(20480K)] 56826K->42200K(66560K), 0.0016050 secs] [Times: user=0.02 sys=0.00, real=0.00 secs] 
172.843: Total time for which application threads were stopped: 0.0017510 seconds, Stopping threads took: 0.0000770 seconds
172.877: Application time: 0.0336540 seconds
172.877: [GC [PSYoungGen: 19612K->2512K(20480K)] 59317K->44264K(66560K), 0.0012750 secs] [Times: user=0.01 sys=0.00, real=0.00 secs] 
172.878: [Full GC [PSYoungGen: 2512K->0K(20480K)] [ParOldGen: 41752K->7948K(46080K)] 44264K->7948K(66560K) [PSPermGen: 5528K->5528K(21504K)], 0.0058120 secs] [Times: user=0.03 sys=0.00, real=0.01 secs] 
172.884: Total time for which application threads were stopped: 0.0072830 seconds, Stopping threads took: 0.0000830 seconds
172.916: Application time: 0.0319500 seconds
172.916: [GC [PSYoungGen: 17920K->2304K(20480K)] 25868K->14348K(66560K), 0.0017790 secs] [Times: user=0.01 sys=0.00, real=0.00 secs] 
172.918: Total time for which application threads were stopped: 0.0019220 seconds, Stopping threads took: 0.0000730 seconds
172.951: Application time: 0.0335630 seconds
172.951: [GC [PSYoungGen: 19396K->2304K(20480K)] 31440K->16396K(66560K), 0.0011290 secs] [Times: user=0.01 sys=0.00, real=0.00 secs] 
172.953: Total time for which application threads were stopped: 0.0012720 seconds, Stopping threads took: 0.0000750 seconds
172.985: Application time: 0.0320910 seconds
172.985: [GC [PSYoungGen: 20224K->2304K(20480K)] 34316K->19468K(66560K), 0.0014240 secs] [Times: user=0.01 sys=0.00, real=0.00 secs] 
172.986: Total time for which application threads were stopped: 0.0015730 seconds, Stopping threads took: 0.0000800 seconds
173.020: Application time: 0.0343000 seconds
173.021: [GC [PSYoungGen: 19479K->2304K(20480K)] 36643K->21516K(66560K), 0.0011030 secs] [Times: user=0.00 sys=0.00, real=0.00 secs] 
173.022: Total time for which application threads were stopped: 0.0012340 seconds, Stopping threads took: 0.0000660 seconds
173.052: Application time: 0.0307760 seconds
173.053: [GC [PSYoungGen: 20155K->2304K(20480K)] 39367K->24588K(66560K), 0.0013810 secs] [Times: user=0.01 sys=0.00, real=0.00 secs] 
173.054: Total time for which application threads were stopped: 0.0015170 seconds, Stopping threads took: 0.0000650 seconds
173.086: Application time: 0.0316320 seconds
173.086: [GC [PSYoungGen: 20224K->2304K(20480K)] 42508K->28684K(66560K), 0.0017780 secs] [Times: user=0.01 sys=0.00, real=0.00 secs] 
173.088: Total time for which application threads were stopped: 0.0019240 seconds, Stopping threads took: 0.0000690 seconds
173.118: Application time: 0.0304430 seconds
173.118: [GC [PSYoungGen: 20223K->2304K(20480K)] 46604K->32780K(66560K), 0.0017050 secs] [Times: user=0.02 sys=0.00, real=0.01 secs] 
173.120: Total time for which application threads were stopped: 0.0018600 seconds, Stopping threads took: 0.0000790 seconds
173.153: Application time: 0.0332050 seconds
173.153: [GC [PSYoungGen: 19336K->2272K(20480K)] 49812K->35820K(66560K), 0.0015630 secs] [Times: user=0.01 sys=0.00, real=0.00 secs] 
173.155: Total time for which application threads were stopped: 0.0017160 seconds, Stopping threads took: 0.0000730 seconds
173.185: Application time: 0.0305710 seconds
173.185: [GC [PSYoungGen: 20177K->2272K(20480K)] 53726K->38892K(66560K), 0.0014580 secs] [Times: user=0.01 sys=0.00, real=0.00 secs] 
173.187: Total time for which application threads were stopped: 0.0016080 seconds, Stopping threads took: 0.0000770 seconds
173.219: Application time: 0.0322850 seconds
173.219: [GC [PSYoungGen: 19252K->2304K(20480K)] 55873K->41996K(66560K), 0.0014830 secs] [Times: user=0.01 sys=0.00, real=0.00 secs] 
173.221: Total time for which application threads were stopped: 0.0016160 seconds, Stopping threads took: 0.0000610 seconds
173.252: Application time: 0.0308300 seconds
173.252: [GC [PSYoungGen: 19264K->2208K(20480K)] 58957K->45996K(66560K), 0.0017510 secs] [Times: user=0.01 sys=0.00, real=0.00 secs] 
173.254: [Full GC [PSYoungGen: 2208K->0K(20480K)] [ParOldGen: 43788K->9979K(46080K)] 45996K->9979K(66560K) [PSPermGen: 5528K->5528K(21504K)], 0.0060930 secs] [Times: user=0.02 sys=0.00, real=0.01 secs] 
173.260: Total time for which application threads were stopped: 0.0080470 seconds, Stopping threads took: 0.0000830 seconds
173.292: Application time: 0.0317920 seconds
173.292: [GC [PSYoungGen: 16935K->2304K(20480K)] 26914K->16379K(66560K), 0.0017220 secs] [Times: user=0.01 sys=0.00, real=0.00 secs] 
173.293: Total time for which application threads were stopped: 0.0018770 seconds, Stopping threads took: 0.0000830 seconds
173.325: Application time: 0.0319230 seconds
173.327: [GC [PSYoungGen: 19338K->2304K(20480K)] 33413K->20475K(66560K), 0.0017020 secs] [Times: user=0.01 sys=0.00, real=0.00 secs] 
173.328: Total time for which application threads were stopped: 0.0029280 seconds, Stopping threads took: 0.0011540 seconds
173.359: Application time: 0.0307330 seconds
173.359: [GC [PSYoungGen: 19235K->2304K(20480K)] 37407K->24571K(66560K), 0.0016970 secs] [Times: user=0.01 sys=0.00, real=0.00 secs] 
173.361: Total time for which application threads were stopped: 0.0018330 seconds, Stopping threads took: 0.0000640 seconds
173.393: Application time: 0.0317150 seconds
173.393: [GC [PSYoungGen: 19657K->2400K(20480K)] 41924K->28763K(66560K), 0.0017690 secs] [Times: user=0.02 sys=0.00, real=0.00 secs] 
173.395: Total time for which application threads were stopped: 0.0019180 seconds, Stopping threads took: 0.0000750 seconds
173.424: Application time: 0.0294680 seconds
173.424: [GC [PSYoungGen: 19305K->2336K(20480K)] 45669K->31771K(66560K), 0.0015720 secs] [Times: user=0.01 sys=0.00, real=0.00 secs] 
173.426: Total time for which application threads were stopped: 0.0017260 seconds, Stopping threads took: 0.0000810 seconds
173.459: Application time: 0.0336230 seconds
173.459: [GC [PSYoungGen: 19682K->2496K(20480K)] 49118K->36027K(66560K), 0.0017620 secs] [Times: user=0.01 sys=0.00, real=0.00 secs] 
173.461: Total time for which application threads were stopped: 0.0019150 seconds, Stopping threads took: 0.0000730 seconds
173.492: Application time: 0.0308680 seconds
173.492: [GC [PSYoungGen: 20416K->2528K(20480K)] 53947K->40155K(66560K), 0.0018410 secs] [Times: user=0.01 sys=0.00, real=0.00 secs] 
173.494: Total time for which application threads were stopped: 0.0019790 seconds, Stopping threads took: 0.0000640 seconds
173.526: Application time: 0.0321740 seconds
173.526: [GC [PSYoungGen: 19679K->2496K(20480K)] 57307K->43195K(66560K), 0.0015660 secs] [Times: user=0.00 sys=0.00, real=0.00 secs] 
173.528: Total time for which application threads were stopped: 0.0017200 seconds, Stopping threads took: 0.0000780 seconds
173.560: Application time: 0.0318160 seconds
173.560: [GC [PSYoungGen: 20294K->2480K(20480K)] 60994K->46251K(66560K), 0.0015330 secs] [Times: user=0.00 sys=0.00, real=0.00 secs] 
173.561: [Full GC [PSYoungGen: 2480K->0K(20480K)] [ParOldGen: 43771K->8957K(46080K)] 46251K->8957K(66560K) [PSPermGen: 5528K->5528K(21504K)], 0.0057920 secs] [Times: user=0.03 sys=0.00, real=0.00 secs] 
173.567: Total time for which application threads were stopped: 0.0075100 seconds, Stopping threads took: 0.0000620 seconds
173.599: Application time: 0.0317680 seconds
173.599: [GC [PSYoungGen: 17133K->2304K(20480K)] 26091K->14333K(66560K), 0.0015250 secs] [Times: user=0.01 sys=0.00, real=0.00 secs] 
173.601: Total time for which application threads were stopped: 0.0016690 seconds, Stopping threads took: 0.0000700 seconds
173.633: Application time: 0.0318240 seconds
173.633: [GC [PSYoungGen: 20116K->2304K(20480K)] 32145K->18429K(66560K), 0.0017150 secs] [Times: user=0.01 sys=0.00, real=0.00 secs] 
173.634: Total time for which application threads were stopped: 0.0018630 seconds, Stopping threads took: 0.0000650 seconds
173.668: Application time: 0.0332920 seconds
173.668: [GC [PSYoungGen: 19503K->2208K(20480K)] 35629K->21405K(66560K), 0.0015110 secs] [Times: user=0.01 sys=0.00, real=0.00 secs] 
173.669: Total time for which application threads were stopped: 0.0016910 seconds, Stopping threads took: 0.0000940 seconds
173.700: Application time: 0.0302010 seconds
173.700: [GC [PSYoungGen: 19979K->2272K(20480K)] 39177K->26589K(66560K), 0.0020390 secs] [Times: user=0.02 sys=0.00, real=0.00 secs] 
173.702: Total time for which application threads were stopped: 0.0022090 seconds, Stopping threads took: 0.0000930 seconds
173.738: Application time: 0.0360190 seconds
173.738: [GC [PSYoungGen: 19494K->2272K(20480K)] 43812K->28637K(66560K), 0.0012190 secs] [Times: user=0.00 sys=0.00, real=0.01 secs] 
173.739: Total time for which application threads were stopped: 0.0013950 seconds, Stopping threads took: 0.0001070 seconds
173.770: Application time: 0.0303910 seconds
173.770: [GC [PSYoungGen: 20128K->2304K(20480K)] 46493K->33789K(66560K), 0.0020600 secs] [Times: user=0.01 sys=0.00, real=0.01 secs] 
173.772: Total time for which application threads were stopped: 0.0022090 seconds, Stopping threads took: 0.0000730 seconds
173.806: Application time: 0.0345350 seconds
173.807: [GC [PSYoungGen: 19308K->2304K(20480K)] 50794K->34813K(66560K), 0.0009140 secs] [Times: user=0.01 sys=0.00, real=0.00 secs] 
173.807: Total time for which application threads were stopped: 0.0010760 seconds, Stopping threads took: 0.0000950 seconds
173.835: Application time: 0.0277970 seconds
173.835: [GC [PSYoungGen: 19239K->2304K(20480K)] 51749K->38910K(66560K), 0.0017780 secs] [Times: user=0.01 sys=0.00, real=0.00 secs] 
173.837: Total time for which application threads were stopped: 0.0019220 seconds, Stopping threads took: 0.0000710 seconds
173.873: Application time: 0.0357230 seconds
173.873: [GC [PSYoungGen: 20224K->2304K(20480K)] 56830K->40958K(66560K), 0.0011900 secs] [Times: user=0.01 sys=0.00, real=0.00 secs] 
173.874: Total time for which application threads were stopped: 0.0013200 seconds, Stopping threads took: 0.0000620 seconds
173.904: Application time: 0.0297680 seconds
173.904: [GC [PSYoungGen: 19421K->2272K(20480K)] 58075K->45022K(66560K), 0.0018020 secs] [Times: user=0.01 sys=0.00, real=0.00 secs] 
173.906: [Full GC [PSYoungGen: 2272K->0K(20480K)] [ParOldGen: 42750K->9997K(46080K)] 45022K->9997K(66560K) [PSPermGen: 5528K->5528K(21504K)], 0.0058970 secs] [Times: user=0.02 sys=0.00, real=0.01 secs] 
173.912: Total time for which application threads were stopped: 0.0079020 seconds, Stopping threads took: 0.0000750 seconds
173.945: Application time: 0.0327330 seconds
173.945: [GC [PSYoungGen: 17689K->2304K(20480K)] 27686K->14349K(66560K), 0.0011830 secs] [Times: user=0.01 sys=0.00, real=0.00 secs] 
173.946: Total time for which application threads were stopped: 0.0013160 seconds, Stopping threads took: 0.0000690 seconds
173.977: Application time: 0.0307320 seconds
173.977: [GC [PSYoungGen: 19484K->2304K(20480K)] 31530K->17421K(66560K), 0.0014720 secs] [Times: user=0.01 sys=0.00, real=0.00 secs] 
173.978: Total time for which application threads were stopped: 0.0016240 seconds, Stopping threads took: 0.0000810 seconds
174.012: Application time: 0.0331860 seconds
174.012: [GC [PSYoungGen: 20063K->2304K(20480K)] 35181K->20493K(66560K), 0.0014760 secs] [Times: user=0.01 sys=0.00, real=0.00 secs] 
174.013: Total time for which application threads were stopped: 0.0016100 seconds, Stopping threads took: 0.0000640 seconds
174.043: Application time: 0.0296040 seconds
174.043: [GC [PSYoungGen: 19343K->2304K(20480K)] 37533K->23565K(66560K), 0.0014200 secs] [Times: user=0.01 sys=0.00, real=0.00 secs] 
174.044: Total time for which application threads were stopped: 0.0015650 seconds, Stopping threads took: 0.0000730 seconds
174.077: Application time: 0.0322810 seconds
174.077: [GC [PSYoungGen: 20224K->2352K(20480K)] 41485K->28733K(66560K), 0.0021360 secs] [Times: user=0.01 sys=0.00, real=0.01 secs] 
174.079: Total time for which application threads were stopped: 0.0022820 seconds, Stopping threads took: 0.0000690 seconds
174.111: Application time: 0.0321650 seconds
174.111: [GC [PSYoungGen: 19811K->2400K(20480K)] 46193K->31854K(66560K), 0.0014990 secs] [Times: user=0.01 sys=0.00, real=0.00 secs] 
174.113: Total time for which application threads were stopped: 0.0016290 seconds, Stopping threads took: 0.0000610 seconds
174.146: Application time: 0.0335360 seconds
174.146: [GC [PSYoungGen: 19455K->2432K(20480K)] 48909K->37006K(66560K), 0.0020850 secs] [Times: user=0.01 sys=0.00, real=0.00 secs] 
174.148: Total time for which application threads were stopped: 0.0022300 seconds, Stopping threads took: 0.0000710 seconds
174.179: Application time: 0.0304600 seconds
174.179: [GC [PSYoungGen: 19557K->2432K(20480K)] 54131K->41102K(66560K), 0.0019110 secs] [Times: user=0.02 sys=0.00, real=0.00 secs] 
174.181: Total time for which application threads were stopped: 0.0020530 seconds, Stopping threads took: 0.0000590 seconds
174.214: Application time: 0.0332430 seconds
174.214: [GC [PSYoungGen: 19636K->2544K(20480K)] 58306K->45310K(66560K), 0.0017650 secs] [Times: user=0.01 sys=0.00, real=0.00 secs] 
174.216: [Full GC [PSYoungGen: 2544K->0K(20480K)] [ParOldGen: 42766K->9995K(46080K)] 45310K->9995K(66560K) [PSPermGen: 5528K->5528K(21504K)], 0.0062110 secs] [Times: user=0.03 sys=0.00, real=0.01 secs] 
174.222: Total time for which application threads were stopped: 0.0081650 seconds, Stopping threads took: 0.0000680 seconds
174.251: Application time: 0.0282260 seconds
174.251: [GC [PSYoungGen: 16961K->2304K(20480K)] 26957K->17419K(66560K), 0.0020500 secs] [Times: user=0.01 sys=0.00, real=0.00 secs] 
174.253: Total time for which application threads were stopped: 0.0021920 seconds, Stopping threads took: 0.0000650 seconds
174.286: Application time: 0.0330000 seconds
174.286: [GC [PSYoungGen: 20140K->2304K(20480K)] 35256K->20491K(66560K), 0.0014810 secs] [Times: user=0.01 sys=0.00, real=0.00 secs] 
174.287: Total time for which application threads were stopped: 0.0016160 seconds, Stopping threads took: 0.0000630 seconds
174.320: Application time: 0.0325210 seconds
174.320: [GC [PSYoungGen: 19505K->2304K(20480K)] 37693K->24587K(66560K), 0.0017350 secs] [Times: user=0.01 sys=0.00, real=0.00 secs] 
174.322: Total time for which application threads were stopped: 0.0019070 seconds, Stopping threads took: 0.0000880 seconds
174.353: Application time: 0.0311480 seconds
174.353: [GC [PSYoungGen: 19951K->2272K(20480K)] 42235K->27627K(66560K), 0.0015390 secs] [Times: user=0.01 sys=0.00, real=0.00 secs] 
174.355: Total time for which application threads were stopped: 0.0017060 seconds, Stopping threads took: 0.0000940 seconds
174.387: Application time: 0.0319920 seconds
174.387: [GC [PSYoungGen: 19566K->2304K(20480K)] 44922K->31756K(66560K), 0.0017890 secs] [Times: user=0.01 sys=0.00, real=0.00 secs] 
174.389: Total time for which application threads were stopped: 0.0019370 seconds, Stopping threads took: 0.0000760 seconds
174.421: Application time: 0.0322770 seconds
174.421: [GC [PSYoungGen: 20019K->2240K(20480K)] 49471K->34764K(66560K), 0.0015590 secs] [Times: user=0.01 sys=0.00, real=0.00 secs] 
174.423: Total time for which application threads were stopped: 0.0017410 seconds, Stopping threads took: 0.0001130 seconds
174.456: Application time: 0.0333670 seconds
174.456: [GC [PSYoungGen: 19554K->2304K(20480K)] 52078K->38924K(66560K), 0.0017060 secs] [Times: user=0.01 sys=0.00, real=0.00 secs] 
174.458: Total time for which application threads were stopped: 0.0018540 seconds, Stopping threads took: 0.0000750 seconds
174.491: Application time: 0.0327270 seconds
174.491: [GC [PSYoungGen: 20045K->2304K(20480K)] 56665K->40972K(66560K), 0.0011990 secs] [Times: user=0.01 sys=0.00, real=0.00 secs] 
174.492: Total time for which application threads were stopped: 0.0013480 seconds, Stopping threads took: 0.0000790 seconds
174.522: Application time: 0.0304330 seconds
174.523: [GC [PSYoungGen: 19475K->2320K(20480K)] 58143K->44060K(66560K), 0.0015250 secs] [Times: user=0.01 sys=0.00, real=0.00 secs] 
174.524: [Full GC [PSYoungGen: 2320K->0K(20480K)] [ParOldGen: 41740K->8971K(46080K)] 44060K->8971K(66560K) [PSPermGen: 5528K->5528K(21504K)], 0.0058550 secs] [Times: user=0.03 sys=0.00, real=0.00 secs] 
174.530: Total time for which application threads were stopped: 0.0075770 seconds, Stopping threads took: 0.0000790 seconds
174.562: Application time: 0.0321700 seconds
174.562: [GC [PSYoungGen: 17707K->2304K(20480K)] 26679K->14347K(66560K), 0.0014230 secs] [Times: user=0.01 sys=0.00, real=0.00 secs] 
174.564: Total time for which application threads were stopped: 0.0015700 seconds, Stopping threads took: 0.0000740 seconds
174.599: Application time: 0.0351230 seconds
174.599: [GC [PSYoungGen: 19750K->2304K(20480K)] 31794K->17419K(66560K), 0.0014560 secs] [Times: user=0.01 sys=0.00, real=0.00 secs] 
174.600: Total time for which application threads were stopped: 0.0015940 seconds, Stopping threads took: 0.0000620 seconds
174.629: Application time: 0.0288660 seconds
174.629: [GC [PSYoungGen: 19850K->2304K(20480K)] 34966K->21515K(66560K), 0.0017630 secs] [Times: user=0.01 sys=0.00, real=0.01 secs] 
174.631: Total time for which application threads were stopped: 0.0019050 seconds, Stopping threads took: 0.0000680 seconds
174.665: Application time: 0.0340420 seconds
174.667: [GC [PSYoungGen: 19615K->2272K(20480K)] 38827K->24555K(66560K), 0.0014630 secs] [Times: user=0.01 sys=0.00, real=0.00 secs] 
174.668: Total time for which application threads were stopped: 0.0027740 seconds, Stopping threads took: 0.0012330 seconds
174.700: Application time: 0.0318490 seconds
174.700: [GC [PSYoungGen: 20016K->2272K(20480K)] 42300K->27628K(66560K), 0.0014690 secs] [Times: user=0.01 sys=0.00, real=0.00 secs] 
174.702: Total time for which application threads were stopped: 0.0016230 seconds, Stopping threads took: 0.0000720 seconds
174.735: Application time: 0.0334910 seconds
174.735: [GC [PSYoungGen: 19519K->2304K(20480K)] 44875K->29708K(66560K), 0.0011810 secs] [Times: user=0.01 sys=0.00, real=0.00 secs] 
174.736: Total time for which application threads were stopped: 0.0013320 seconds, Stopping threads took: 0.0000800 seconds
174.766: Application time: 0.0298760 seconds
174.766: [GC [PSYoungGen: 19918K->2272K(20480K)] 47322K->32748K(66560K), 0.0014980 secs] [Times: user=0.00 sys=0.00, real=0.00 secs] 
174.768: Total time for which application threads were stopped: 0.0016680 seconds, Stopping threads took: 0.0000920 seconds
174.801: Application time: 0.0336110 seconds
174.802: [GC [PSYoungGen: 19696K->2368K(20480K)] 50172K->34892K(66560K), 0.0013080 secs] [Times: user=0.01 sys=0.00, real=0.00 secs] 
174.803: Total time for which application threads were stopped: 0.0014730 seconds, Stopping threads took: 0.0000970 seconds
174.834: Application time: 0.0306020 seconds
174.834: [GC [PSYoungGen: 19353K->2400K(20480K)] 51877K->37996K(66560K), 0.0015440 secs] [Times: user=0.01 sys=0.00, real=0.00 secs] 
174.835: Total time for which application threads were stopped: 0.0016970 seconds, Stopping threads took: 0.0000780 seconds
174.870: Application time: 0.0347870 seconds
174.870: [GC [PSYoungGen: 19669K->2384K(20480K)] 55265K->39004K(66560K), 0.0009900 secs] [Times: user=0.00 sys=0.00, real=0.01 secs] 
174.871: Total time for which application threads were stopped: 0.0011300 seconds, Stopping threads took: 0.0000740 seconds
174.899: Application time: 0.0282030 seconds
174.900: [GC [PSYoungGen: 20304K->2480K(20480K)] 56924K->43196K(66560K), 0.0018180 secs] [Times: user=0.01 sys=0.00, real=0.00 secs] 
174.901: Total time for which application threads were stopped: 0.0019670 seconds, Stopping threads took: 0.0000800 seconds
174.935: Application time: 0.0338990 seconds
174.935: [GC [PSYoungGen: 19605K->2512K(20480K)] 60321K->47324K(66560K), 0.0018750 secs] [Times: user=0.02 sys=0.00, real=0.00 secs] 
174.937: [Full GC [PSYoungGen: 2512K->0K(20480K)] [ParOldGen: 44812K->9981K(46080K)] 47324K->9981K(66560K) [PSPermGen: 5528K->5528K(21504K)], 0.0060510 secs] [Times: user=0.02 sys=0.00, real=0.01 secs] 
174.943: Total time for which application threads were stopped: 0.0081140 seconds, Stopping threads took: 0.0000680 seconds
174.974: Application time: 0.0305080 seconds
174.974: [GC [PSYoungGen: 16938K->2304K(20480K)] 26920K->14333K(66560K), 0.0011410 secs] [Times: user=0.00 sys=0.00, real=0.00 secs] 
174.975: Total time for which application threads were stopped: 0.0012660 seconds, Stopping threads took: 0.0000570 seconds
175.008: Application time: 0.0326450 seconds
175.008: [GC [PSYoungGen: 20224K->2304K(20480K)] 32253K->18429K(66560K), 0.0017340 secs] [Times: user=0.01 sys=0.00, real=0.00 secs] 
175.010: Total time for which application threads were stopped: 0.0018980 seconds, Stopping threads took: 0.0000870 seconds
175.039: Application time: 0.0294580 seconds
175.039: [GC [PSYoungGen: 19238K->2272K(20480K)] 35364K->22494K(66560K), 0.0018060 secs] [Times: user=0.01 sys=0.00, real=0.00 secs] 
175.041: Total time for which application threads were stopped: 0.0019550 seconds, Stopping threads took: 0.0000790 seconds
175.074: Application time: 0.0327180 seconds
175.074: [GC [PSYoungGen: 19193K->2272K(20480K)] 39415K->25566K(66560K), 0.0015200 secs] [Times: user=0.01 sys=0.00, real=0.00 secs] 
175.076: Total time for which application threads were stopped: 0.0016580 seconds, Stopping threads took: 0.0000700 seconds
175.107: Application time: 0.0312790 seconds
175.107: [GC [PSYoungGen: 19244K->2320K(20480K)] 42538K->28686K(66560K), 0.0015370 secs] [Times: user=0.01 sys=0.00, real=0.00 secs] 
175.109: Total time for which application threads were stopped: 0.0016990 seconds, Stopping threads took: 0.0000880 seconds
175.141: Application time: 0.0325360 seconds
175.141: [GC [PSYoungGen: 19242K->2304K(20480K)] 45608K->32766K(66560K), 0.0016910 secs] [Times: user=0.01 sys=0.00, real=0.00 secs] 
175.143: Total time for which application threads were stopped: 0.0018290 seconds, Stopping threads took: 0.0000660 seconds
175.174: Application time: 0.0316210 seconds
175.175: [GC [PSYoungGen: 19311K->2272K(20480K)] 49773K->35806K(66560K), 0.0014980 secs] [Times: user=0.01 sys=0.00, real=0.00 secs] 
175.176: Total time for which application threads were stopped: 0.0016370 seconds, Stopping threads took: 0.0000670 seconds
175.207: Application time: 0.0306590 seconds
175.207: [GC [PSYoungGen: 20179K->2304K(20480K)] 53713K->38910K(66560K), 0.0014740 secs] [Times: user=0.01 sys=0.00, real=0.00 secs] 
175.208: Total time for which application threads were stopped: 0.0016370 seconds, Stopping threads took: 0.0000760 seconds
175.239: Application time: 0.0307030 seconds
175.239: [GC [PSYoungGen: 19279K->2272K(20480K)] 55886K->42974K(66560K), 0.0018390 secs] [Times: user=0.01 sys=0.00, real=0.00 secs] 
175.241: Total time for which application threads were stopped: 0.0019820 seconds, Stopping threads took: 0.0000710 seconds
175.274: Application time: 0.0328670 seconds
175.274: [GC [PSYoungGen: 20192K->2272K(20480K)] 60894K->46046K(66560K), 0.0014730 secs] [Times: user=0.01 sys=0.00, real=0.00 secs] 
175.276: [Full GC [PSYoungGen: 2272K->0K(20480K)] [ParOldGen: 43774K->8978K(46080K)] 46046K->8978K(66560K) [PSPermGen: 5528K->5528K(21504K)], 0.0057910 secs] [Times: user=0.02 sys=0.00, real=0.01 secs] 
175.281: Total time for which application threads were stopped: 0.0074540 seconds, Stopping threads took: 0.0000750 seconds
175.314: Application time: 0.0327890 seconds
175.314: [GC [PSYoungGen: 17132K->2304K(20480K)] 26111K->15378K(66560K), 0.0017290 secs] [Times: user=0.01 sys=0.00, real=0.00 secs] 
175.316: Total time for which application threads were stopped: 0.0018680 seconds, Stopping threads took: 0.0000660 seconds
175.349: Application time: 0.0327870 seconds
175.351: [GC [PSYoungGen: 20186K->2272K(20480K)] 33261K->18418K(66560K), 0.0014540 secs] [Times: user=0.01 sys=0.00, real=0.00 secs] 
175.352: Total time for which application threads were stopped: 0.0031740 seconds, Stopping threads took: 0.0016510 seconds
175.383: Application time: 0.0312600 seconds
175.383: [GC [PSYoungGen: 19362K->2304K(20480K)] 35509K->22546K(66560K), 0.0018060 secs] [Times: user=0.02 sys=0.00, real=0.00 secs] 
175.385: Total time for which application threads were stopped: 0.0019490 seconds, Stopping threads took: 0.0000680 seconds
175.417: Application time: 0.0321290 seconds
175.418: [GC [PSYoungGen: 20183K->2272K(20480K)] 40426K->26610K(66560K), 0.0018490 secs] [Times: user=0.02 sys=0.00, real=0.01 secs] 
175.419: Total time for which application threads were stopped: 0.0019930 seconds, Stopping threads took: 0.0000720 seconds
175.453: Application time: 0.0332550 seconds
175.453: [GC [PSYoungGen: 19449K->2208K(20480K)] 43788K->30642K(66560K), 0.0017630 secs] [Times: user=0.01 sys=0.00, real=0.00 secs] 
175.455: Total time for which application threads were stopped: 0.0019200 seconds, Stopping threads took: 0.0000840 seconds
175.486: Application time: 0.0317900 seconds
175.486: [GC [PSYoungGen: 20058K->2304K(20480K)] 48493K->33811K(66560K), 0.0015060 secs] [Times: user=0.01 sys=0.00, real=0.00 secs] 
175.488: Total time for which application threads were stopped: 0.0016530 seconds, Stopping threads took: 0.0000650 seconds
175.520: Application time: 0.0322220 seconds
175.520: [GC [PSYoungGen: 19627K->2368K(20480K)] 51134K->36947K(66560K), 0.0014790 secs] [Times: user=0.01 sys=0.00, real=0.00 secs] 
175.522: Total time for which application threads were stopped: 0.0016280 seconds, Stopping threads took: 0.0000760 seconds
175.551: Application time: 0.0287910 seconds
175.551: [GC [PSYoungGen: 19292K->2336K(20480K)] 53871K->41011K(66560K), 0.0019060 secs] [Times: user=0.01 sys=0.00, real=0.00 secs] 
175.553: Total time for which application threads were stopped: 0.0020650 seconds, Stopping threads took: 0.0000860 seconds
175.586: Application time: 0.0332660 seconds
175.586: [GC [PSYoungGen: 19679K->2464K(20480K)] 58354K->44211K(66560K), 0.0015890 secs] [Times: user=0.01 sys=0.00, real=0.00 secs] 
175.588: [Full GC [PSYoungGen: 2464K->0K(20480K)] [ParOldGen: 41747K->8974K(46080K)] 44211K->8974K(66560K) [PSPermGen: 5528K->5528K(21504K)], 0.0060630 secs] [Times: user=0.03 sys=0.00, real=0.01 secs] 
175.594: Total time for which application threads were stopped: 0.0078640 seconds, Stopping threads took: 0.0000960 seconds
175.625: Application time: 0.0308620 seconds
175.625: [GC [PSYoungGen: 17917K->2336K(20480K)] 26892K->15406K(66560K), 0.0018550 secs] [Times: user=0.00 sys=0.01, real=0.00 secs] 
175.627: Total time for which application threads were stopped: 0.0020070 seconds, Stopping threads took: 0.0000710 seconds
175.662: Application time: 0.0353850 seconds
175.662: [GC [PSYoungGen: 19688K->2304K(20480K)] 32759K->17422K(66560K), 0.0012260 secs] [Times: user=0.01 sys=0.00, real=0.00 secs] 
175.664: Total time for which application threads were stopped: 0.0013760 seconds, Stopping threads took: 0.0000760 seconds
175.696: Application time: 0.0323360 seconds
175.696: [GC [PSYoungGen: 19213K->2336K(20480K)] 34332K->19502K(66560K), 0.0011910 secs] [Times: user=0.01 sys=0.00, real=0.00 secs] 
175.697: Total time for which application threads were stopped: 0.0013430 seconds, Stopping threads took: 0.0000840 seconds
175.730: Application time: 0.0332140 seconds
175.731: [GC [PSYoungGen: 19478K->2352K(20480K)] 36645K->21566K(66560K), 0.0011160 secs] [Times: user=0.00 sys=0.00, real=0.00 secs] 
175.732: Total time for which application threads were stopped: 0.0012630 seconds, Stopping threads took: 0.0000700 seconds
175.759: Application time: 0.0268230 seconds
175.759: [GC [PSYoungGen: 19841K->2352K(20480K)] 39055K->24639K(66560K), 0.0014860 secs] [Times: user=0.01 sys=0.00, real=0.00 secs] 
175.760: Total time for which application threads were stopped: 0.0016590 seconds, Stopping threads took: 0.0001000 seconds
175.793: Application time: 0.0329630 seconds
175.793: [GC [PSYoungGen: 19382K->2368K(20480K)] 41669K->25679K(66560K), 0.0009790 secs] [Times: user=0.00 sys=0.00, real=0.00 secs] 
175.794: Total time for which application threads were stopped: 0.0011220 seconds, Stopping threads took: 0.0000750 seconds
175.825: Application time: 0.0311050 seconds
175.825: [GC [PSYoungGen: 20259K->2304K(20480K)] 43570K->27663K(66560K), 0.0011950 secs] [Times: user=0.01 sys=0.01, real=0.00 secs] 
175.827: Total time for which application threads were stopped: 0.0013350 seconds, Stopping threads took: 0.0000720 seconds
175.860: Application time: 0.0337690 seconds
175.861: [GC [PSYoungGen: 19339K->2288K(20480K)] 44698K->27647K(66560K), 0.0007380 secs] [Times: user=0.00 sys=0.00, real=0.00 secs] 
175.861: Total time for which application threads were stopped: 0.0008810 seconds, Stopping threads took: 0.0000790 seconds
175.891: Application time: 0.0297330 seconds
175.891: [GC [PSYoungGen: 20208K->2368K(20480K)] 45567K->31823K(66560K), 0.0017730 secs] [Times: user=0.01 sys=0.00, real=0.00 secs] 
175.893: Total time for which application threads were stopped: 0.0019190 seconds, Stopping threads took: 0.0000700 seconds
175.929: Application time: 0.0359120 seconds
175.929: [GC [PSYoungGen: 19431K->2304K(20480K)] 48886K->32783K(66560K), 0.0009860 secs] [Times: user=0.00 sys=0.00, real=0.00 secs] 
175.930: Total time for which application threads were stopped: 0.0011120 seconds, Stopping threads took: 0.0000570 seconds
175.959: Application time: 0.0292220 seconds
175.959: [GC [PSYoungGen: 19243K->2320K(20480K)] 49722K->36895K(66560K), 0.0017300 secs] [Times: user=0.01 sys=0.00, real=0.00 secs] 
175.961: Total time for which application threads were stopped: 0.0018740 seconds, Stopping threads took: 0.0000710 seconds
175.995: Application time: 0.0337960 seconds
175.995: [GC [PSYoungGen: 20240K->2368K(20480K)] 54815K->41039K(66560K), 0.0016450 secs] [Times: user=0.01 sys=0.00, real=0.00 secs] 
175.997: Total time for which application threads were stopped: 0.0017730 seconds, Stopping threads took: 0.0000550 seconds
176.025: Application time: 0.0285310 seconds
176.025: [GC [PSYoungGen: 19356K->2336K(20480K)] 58027K->45103K(66560K), 0.0017380 secs] [Times: user=0.01 sys=0.00, real=0.00 secs] 
176.027: [Full GC [PSYoungGen: 2336K->0K(20480K)] [ParOldGen: 42767K->9978K(46080K)] 45103K->9978K(66560K) [PSPermGen: 5528K->5528K(21504K)], 0.0058940 secs] [Times: user=0.03 sys=0.00, real=0.01 secs] 
176.033: Total time for which application threads were stopped: 0.0078270 seconds, Stopping threads took: 0.0000750 seconds
176.065: Application time: 0.0322620 seconds
176.065: [GC [PSYoungGen: 17920K->2304K(20480K)] 27898K->17402K(66560K), 0.0020570 secs] [Times: user=0.02 sys=0.00, real=0.00 secs] 
176.068: Total time for which application threads were stopped: 0.0022150 seconds, Stopping threads took: 0.0000750 seconds
176.097: Application time: 0.0294270 seconds
176.097: [GC [PSYoungGen: 19266K->2304K(20480K)] 34364K->21498K(66560K), 0.0017540 secs] [Times: user=0.02 sys=0.00, real=0.01 secs] 
176.099: Total time for which application threads were stopped: 0.0018990 seconds, Stopping threads took: 0.0000720 seconds
176.133: Application time: 0.0339460 seconds
176.133: [GC [PSYoungGen: 19285K->2304K(20480K)] 38479K->25594K(66560K), 0.0017390 secs] [Times: user=0.01 sys=0.00, real=0.00 secs] 
176.135: Total time for which application threads were stopped: 0.0018810 seconds, Stopping threads took: 0.0000700 seconds
176.164: Application time: 0.0290670 seconds
176.164: [GC [PSYoungGen: 19325K->2304K(20480K)] 42616K->30714K(66560K), 0.0020280 secs] [Times: user=0.02 sys=0.00, real=0.00 secs] 
176.166: Total time for which application threads were stopped: 0.0021710 seconds, Stopping threads took: 0.0000670 seconds
176.201: Application time: 0.0346320 seconds
176.201: [GC [PSYoungGen: 20224K->2304K(20480K)] 48634K->35834K(66560K), 0.0019610 secs] [Times: user=0.02 sys=0.00, real=0.00 secs] 
176.203: Total time for which application threads were stopped: 0.0021100 seconds, Stopping threads took: 0.0000720 seconds
176.235: Application time: 0.0319600 seconds
176.235: [GC [PSYoungGen: 19611K->2336K(20480K)] 53142K->39962K(66560K), 0.0018520 secs] [Times: user=0.02 sys=0.00, real=0.00 secs] 
176.237: Total time for which application threads were stopped: 0.0019950 seconds, Stopping threads took: 0.0000640 seconds
176.266: Application time: 0.0297550 seconds
176.267: [GC [PSYoungGen: 19519K->2464K(20480K)] 57145K->44186K(66560K), 0.0018050 secs] [Times: user=0.01 sys=0.00, real=0.00 secs] 
176.268: [Full GC [PSYoungGen: 2464K->0K(20480K)] [ParOldGen: 41722K->9998K(46080K)] 44186K->9998K(66560K) [PSPermGen: 5528K->5528K(21504K)], 0.0062890 secs] [Times: user=0.03 sys=0.00, real=0.01 secs] 
176.275: Total time for which application threads were stopped: 0.0083000 seconds, Stopping threads took: 0.0000860 seconds
176.309: Application time: 0.0346170 seconds
176.309: [GC [PSYoungGen: 17085K->2336K(20480K)] 27083K->16430K(66560K), 0.0018690 secs] [Times: user=0.01 sys=0.00, real=0.01 secs] 
176.311: Total time for which application threads were stopped: 0.0020370 seconds, Stopping threads took: 0.0000930 seconds
176.342: Application time: 0.0303840 seconds
176.342: [GC [PSYoungGen: 19424K->2336K(20480K)] 33519K->18478K(66560K), 0.0012330 secs] [Times: user=0.01 sys=0.00, real=0.00 secs] 
176.343: Total time for which application threads were stopped: 0.0014200 seconds, Stopping threads took: 0.0001190 seconds
176.378: Application time: 0.0345520 seconds
176.378: [GC [PSYoungGen: 19341K->2368K(20480K)] 35484K->20558K(66560K), 0.0011800 secs] [Times: user=0.00 sys=0.00, real=0.01 secs] 
176.379: Total time for which application threads were stopped: 0.0013270 seconds, Stopping threads took: 0.0000750 seconds
176.407: Application time: 0.0280100 seconds
176.407: [GC [PSYoungGen: 19298K->2384K(20480K)] 37489K->23646K(66560K), 0.0015260 secs] [Times: user=0.01 sys=0.00, real=0.00 secs] 
176.409: Total time for which application threads were stopped: 0.0016660 seconds, Stopping threads took: 0.0000660 seconds
176.442: Application time: 0.0335210 seconds
176.442: [GC [PSYoungGen: 20215K->2384K(20480K)] 41477K->26718K(66560K), 0.0015510 secs] [Times: user=0.00 sys=0.00, real=0.00 secs] 
176.444: Total time for which application threads were stopped: 0.0016890 seconds, Stopping threads took: 0.0000650 seconds
176.476: Application time: 0.0319350 seconds
176.476: [GC [PSYoungGen: 19593K->2320K(20480K)] 43927K->28702K(66560K), 0.0012430 secs] [Times: user=0.01 sys=0.00, real=0.00 secs] 
176.477: Total time for which application threads were stopped: 0.0013780 seconds, Stopping threads took: 0.0000650 seconds
176.510: Application time: 0.0329480 seconds
176.510: [GC [PSYoungGen: 20073K->2336K(20480K)] 46455K->30766K(66560K), 0.0013490 secs] [Times: user=0.00 sys=0.00, real=0.01 secs] 
176.512: Total time for which application threads were stopped: 0.0014890 seconds, Stopping threads took: 0.0000720 seconds
176.545: Application time: 0.0330980 seconds
176.545: [GC [PSYoungGen: 19752K->2368K(20480K)] 48182K->32846K(66560K), 0.0013050 secs] [Times: user=0.01 sys=0.00, real=0.00 secs] 
176.546: Total time for which application threads were stopped: 0.0014500 seconds, Stopping threads took: 0.0000760 seconds
176.577: Application time: 0.0311900 seconds
176.579: [GC [PSYoungGen: 19749K->2400K(20480K)] 50228K->36974K(66560K), 0.0016820 secs] [Times: user=0.01 sys=0.00, real=0.00 secs] 
176.580: Total time for which application threads were stopped: 0.0027900 seconds, Stopping threads took: 0.0010390 seconds
176.613: Application time: 0.0332670 seconds
176.614: [GC [PSYoungGen: 20010K->2352K(20480K)] 54585K->39998K(66560K), 0.0015510 secs] [Times: user=0.01 sys=0.00, real=0.00 secs] 
176.615: Total time for which application threads were stopped: 0.0017610 seconds, Stopping threads took: 0.0001370 seconds
176.648: Application time: 0.0323780 seconds
176.648: [GC [PSYoungGen: 19811K->2368K(20480K)] 57458K->42062K(66560K), 0.0011650 secs] [Times: user=0.01 sys=0.00, real=0.00 secs] 
176.649: Total time for which application threads were stopped: 0.0013000 seconds, Stopping threads took: 0.0000690 seconds
176.682: Application time: 0.0332350 seconds
176.682: [GC [PSYoungGen: 19926K->2320K(20480K)] 59621K->44062K(66560K), 0.0012840 secs] [Times: user=0.01 sys=0.00, real=0.00 secs] 
176.684: [Full GC [PSYoungGen: 2320K->0K(20480K)] [ParOldGen: 41742K->7954K(46080K)] 44062K->7954K(66560K) [PSPermGen: 5528K->5528K(21504K)], 0.0057670 secs] [Times: user=0.02 sys=0.00, real=0.00 secs] 
176.689: Total time for which application threads were stopped: 0.0072540 seconds, Stopping threads took: 0.0000840 seconds
176.713: Application time: 0.0234490 seconds
176.713: [GC [PSYoungGen: 17155K->2304K(20480K)] 25109K->14354K(66560K), 0.0017240 secs] [Times: user=0.02 sys=0.00, real=0.00 secs] 
176.715: Total time for which application threads were stopped: 0.0018730 seconds, Stopping threads took: 0.0000750 seconds
176.757: Application time: 0.0422240 seconds
176.757: [GC [PSYoungGen: 20049K->2288K(20480K)] 32100K->15362K(66560K), 0.0009190 secs] [Times: user=0.01 sys=0.00, real=0.00 secs] 
176.758: Total time for which application threads were stopped: 0.0010660 seconds, Stopping threads took: 0.0000710 seconds
176.781: Application time: 0.0229740 seconds
176.781: [GC [PSYoungGen: 19581K->2304K(20480K)] 32656K->20498K(66560K), 0.0020740 secs] [Times: user=0.01 sys=0.00, real=0.00 secs] 
176.783: Total time for which application threads were stopped: 0.0022450 seconds, Stopping threads took: 0.0000960 seconds
176.822: Application time: 0.0391480 seconds
176.823: [GC [PSYoungGen: 19738K->2304K(20480K)] 37933K->22546K(66560K), 0.0012270 secs] [Times: user=0.00 sys=0.00, real=0.00 secs] 
176.824: Total time for which application threads were stopped: 0.0013680 seconds, Stopping threads took: 0.0000720 seconds
176.850: Application time: 0.0259690 seconds
176.850: [GC [PSYoungGen: 19924K->2304K(20480K)] 40166K->27666K(66560K), 0.0020370 secs] [Times: user=0.02 sys=0.00, real=0.01 secs] 
176.852: Total time for which application threads were stopped: 0.0021930 seconds, Stopping threads took: 0.0000840 seconds
176.888: Application time: 0.0357920 seconds
176.888: [GC [PSYoungGen: 19422K->2272K(20480K)] 44784K->29682K(66560K), 0.0012550 secs] [Times: user=0.01 sys=0.00, real=0.00 secs] 
176.889: Total time for which application threads were stopped: 0.0014180 seconds, Stopping threads took: 0.0000960 seconds
176.919: Application time: 0.0301040 seconds
176.919: [GC [PSYoungGen: 19200K->2304K(20480K)] 46611K->33810K(66560K), 0.0016860 secs] [Times: user=0.01 sys=0.00, real=0.00 secs] 
176.921: Total time for which application threads were stopped: 0.0018340 seconds, Stopping threads took: 0.0000770 seconds
176.955: Application time: 0.0334070 seconds
176.955: [GC [PSYoungGen: 19637K->2384K(20480K)] 51144K->37986K(66560K), 0.0017880 secs] [Times: user=0.01 sys=0.00, real=0.00 secs] 
176.956: Total time for which application threads were stopped: 0.0019220 seconds, Stopping threads took: 0.0000650 seconds
176.983: Application time: 0.0264310 seconds
176.983: [GC [PSYoungGen: 19496K->2448K(20480K)] 55098K->42146K(66560K), 0.0018570 secs] [Times: user=0.01 sys=0.00, real=0.00 secs] 
176.985: [Full GC [PSYoungGen: 2448K->0K(20480K)] [ParOldGen: 39698K->9982K(46080K)] 42146K->9982K(66560K) [PSPermGen: 5528K->5528K(21504K)], 0.0060510 secs] [Times: user=0.03 sys=0.00, real=0.01 secs] 
176.991: Total time for which application threads were stopped: 0.0081160 seconds, Stopping threads took: 0.0000890 seconds
177.025: Application time: 0.0337980 seconds
177.025: [GC [PSYoungGen: 16968K->2336K(20480K)] 26951K->16414K(66560K), 0.0017680 secs] [Times: user=0.01 sys=0.00, real=0.00 secs] 
177.027: Total time for which application threads were stopped: 0.0019110 seconds, Stopping threads took: 0.0000650 seconds
177.058: Application time: 0.0312840 seconds
177.058: [GC [PSYoungGen: 19544K->2336K(20480K)] 33623K->21535K(66560K), 0.0020210 secs] [Times: user=0.01 sys=0.00, real=0.01 secs] 
177.060: Total time for which application threads were stopped: 0.0021670 seconds, Stopping threads took: 0.0000710 seconds
177.093: Application time: 0.0327650 seconds
177.093: [GC [PSYoungGen: 19292K->2352K(20480K)] 38491K->23599K(66560K), 0.0013240 secs] [Times: user=0.01 sys=0.00, real=0.00 secs] 
177.094: Total time for which application threads were stopped: 0.0014680 seconds, Stopping threads took: 0.0000710 seconds
177.125: Application time: 0.0310630 seconds
177.126: [GC [PSYoungGen: 19490K->2336K(20480K)] 40737K->26655K(66560K), 0.0015800 secs] [Times: user=0.01 sys=0.00, real=0.00 secs] 
177.127: Total time for which application threads were stopped: 0.0017270 seconds, Stopping threads took: 0.0000720 seconds
177.161: Application time: 0.0342530 seconds
177.162: [GC [PSYoungGen: 20222K->2336K(20480K)] 44541K->28703K(66560K), 0.0012510 secs] [Times: user=0.01 sys=0.00, real=0.00 secs] 
177.163: Total time for which application threads were stopped: 0.0013950 seconds, Stopping threads took: 0.0000740 seconds
177.194: Application time: 0.0316000 seconds
177.199: [GC [PSYoungGen: 19498K->2336K(20480K)] 45865K->30751K(66560K), 0.0013430 secs] [Times: user=0.00 sys=0.00, real=0.00 secs] 
177.200: Total time for which application threads were stopped: 0.0054570 seconds, Stopping threads took: 0.0040380 seconds
177.233: Application time: 0.0335100 seconds
177.234: [GC [PSYoungGen: 20175K->2352K(20480K)] 48590K->32815K(66560K), 0.0012870 secs] [Times: user=0.01 sys=0.00, real=0.00 secs] 
177.235: Total time for which application threads were stopped: 0.0014210 seconds, Stopping threads took: 0.0000620 seconds
177.266: Application time: 0.0314160 seconds
177.266: [GC [PSYoungGen: 19482K->2368K(20480K)] 49946K->34879K(66560K), 0.0012650 secs] [Times: user=0.01 sys=0.00, real=0.00 secs] 
177.268: Total time for which application threads were stopped: 0.0014290 seconds, Stopping threads took: 0.0000830 seconds
177.302: Application time: 0.0340510 seconds
177.302: [GC [PSYoungGen: 20247K->2336K(20480K)] 52758K->35871K(66560K), 0.0009690 secs] [Times: user=0.01 sys=0.00, real=0.00 secs] 
177.303: Total time for which application threads were stopped: 0.0011220 seconds, Stopping threads took: 0.0000890 seconds
177.334: Application time: 0.0307170 seconds
177.334: [GC [PSYoungGen: 19426K->2384K(20480K)] 52961K->37967K(66560K), 0.0012420 secs] [Times: user=0.01 sys=0.00, real=0.00 secs] 
177.335: Total time for which application threads were stopped: 0.0013900 seconds, Stopping threads took: 0.0000750 seconds
177.366: Application time: 0.0313310 seconds
177.366: [GC [PSYoungGen: 20053K->2368K(20480K)] 55637K->41023K(66560K), 0.0014370 secs] [Times: user=0.01 sys=0.00, real=0.00 secs] 
177.368: Total time for which application threads were stopped: 0.0015830 seconds, Stopping threads took: 0.0000770 seconds
177.401: Application time: 0.0330990 seconds
177.401: [GC [PSYoungGen: 19567K->2320K(20480K)] 58222K->43023K(66560K), 0.0011550 secs] [Times: user=0.01 sys=0.00, real=0.00 secs] 
177.402: [Full GC [PSYoungGen: 2320K->0K(20480K)] [ParOldGen: 40703K->7972K(46080K)] 43023K->7972K(66560K) [PSPermGen: 5528K->5528K(21504K)], 0.0059330 secs] [Times: user=0.02 sys=0.00, real=0.00 secs] 
177.408: Total time for which application threads were stopped: 0.0072960 seconds, Stopping threads took: 0.0000940 seconds
177.441: Application time: 0.0326940 seconds
177.441: [GC [PSYoungGen: 17920K->2304K(20480K)] 25892K->12324K(66560K), 0.0011870 secs] [Times: user=0.01 sys=0.01, real=0.00 secs] 
177.442: Total time for which application threads were stopped: 0.0013190 seconds, Stopping threads took: 0.0000600 seconds
177.473: Application time: 0.0304110 seconds
177.473: [GC [PSYoungGen: 20224K->2304K(20480K)] 30244K->16420K(66560K), 0.0017610 secs] [Times: user=0.01 sys=0.00, real=0.00 secs] 
177.475: Total time for which application threads were stopped: 0.0019020 seconds, Stopping threads took: 0.0000660 seconds
177.511: Application time: 0.0363880 seconds
177.511: [GC [PSYoungGen: 19287K->2304K(20480K)] 33404K->16420K(66560K), 0.0007280 secs] [Times: user=0.01 sys=0.00, real=0.00 secs] 
177.512: Total time for which application threads were stopped: 0.0008490 seconds, Stopping threads took: 0.0000530 seconds
177.541: Application time: 0.0294010 seconds
177.541: [GC [PSYoungGen: 19259K->2272K(20480K)] 33375K->18436K(66560K), 0.0012010 secs] [Times: user=0.01 sys=0.00, real=0.00 secs] 
177.543: Total time for which application threads were stopped: 0.0013410 seconds, Stopping threads took: 0.0000710 seconds
177.576: Application time: 0.0332310 seconds
177.576: [GC [PSYoungGen: 20033K->2304K(20480K)] 36197K->20516K(66560K), 0.0011260 secs] [Times: user=0.00 sys=0.00, real=0.00 secs] 
177.577: Total time for which application threads were stopped: 0.0012570 seconds, Stopping threads took: 0.0000660 seconds
177.609: Application time: 0.0318280 seconds
177.609: [GC [PSYoungGen: 19514K->2304K(20480K)] 37726K->23588K(66560K), 0.0013940 secs] [Times: user=0.01 sys=0.00, real=0.01 secs] 
177.611: Total time for which application threads were stopped: 0.0015600 seconds, Stopping threads took: 0.0000980 seconds
177.639: Application time: 0.0286770 seconds
177.639: [GC [PSYoungGen: 19960K->2272K(20480K)] 41245K->27652K(66560K), 0.0017830 secs] [Times: user=0.01 sys=0.00, real=0.00 secs] 
177.641: Total time for which application threads were stopped: 0.0019340 seconds, Stopping threads took: 0.0000800 seconds
177.675: Application time: 0.0336940 seconds
177.675: [GC [PSYoungGen: 19735K->2368K(20480K)] 45116K->30820K(66560K), 0.0014210 secs] [Times: user=0.01 sys=0.00, real=0.00 secs] 
177.676: Total time for which application threads were stopped: 0.0015500 seconds, Stopping threads took: 0.0000560 seconds
177.706: Application time: 0.0299360 seconds
177.706: [GC [PSYoungGen: 19419K->2464K(20480K)] 47871K->36036K(66560K), 0.0042370 secs] [Times: user=0.03 sys=0.00, real=0.01 secs] 
177.711: Total time for which application threads were stopped: 0.0043940 seconds, Stopping threads took: 0.0000750 seconds
177.742: Application time: 0.0311730 seconds
177.742: [GC [PSYoungGen: 19550K->2464K(20480K)] 53123K->41156K(66560K), 0.0020920 secs] [Times: user=0.02 sys=0.00, real=0.00 secs] 
177.744: Total time for which application threads were stopped: 0.0022420 seconds, Stopping threads took: 0.0000770 seconds
177.773: Application time: 0.0287350 seconds
177.773: [GC [PSYoungGen: 19475K->2496K(20480K)] 58167K->45284K(66560K), 0.0018870 secs] [Times: user=0.01 sys=0.00, real=0.00 secs] 
177.775: [Full GC [PSYoungGen: 2496K->0K(20480K)] [ParOldGen: 42788K->10000K(46080K)] 45284K->10000K(66560K) [PSPermGen: 5528K->5528K(21504K)], 0.0059920 secs] [Times: user=0.03 sys=0.00, real=0.01 secs] 
177.781: Total time for which application threads were stopped: 0.0081060 seconds, Stopping threads took: 0.0000950 seconds
177.813: Application time: 0.0323600 seconds
177.813: [GC [PSYoungGen: 17107K->2304K(20480K)] 27108K->17424K(66560K), 0.0021460 secs] [Times: user=0.02 sys=0.00, real=0.00 secs] 
177.816: Total time for which application threads were stopped: 0.0022870 seconds, Stopping threads took: 0.0000660 seconds
177.848: Application time: 0.0321030 seconds
177.848: [GC [PSYoungGen: 19299K->2336K(20480K)] 34419K->21552K(66560K), 0.0016990 secs] [Times: user=0.01 sys=0.00, real=0.00 secs] 
177.850: Total time for which application threads were stopped: 0.0018400 seconds, Stopping threads took: 0.0000700 seconds
177.882: Application time: 0.0323070 seconds
177.882: [GC [PSYoungGen: 19358K->2336K(20480K)] 38575K->25648K(66560K), 0.0017680 secs] [Times: user=0.02 sys=0.00, real=0.00 secs] 
177.884: Total time for which application threads were stopped: 0.0019370 seconds, Stopping threads took: 0.0000960 seconds
177.915: Application time: 0.0316670 seconds
177.916: [GC [PSYoungGen: 20256K->2336K(20480K)] 43568K->29744K(66560K), 0.0017500 secs] [Times: user=0.01 sys=0.00, real=0.00 secs] 
177.917: Total time for which application threads were stopped: 0.0019090 seconds, Stopping threads took: 0.0000850 seconds
177.952: Application time: 0.0343610 seconds
177.952: [GC [PSYoungGen: 19457K->2320K(20480K)] 46866K->32800K(66560K), 0.0014720 secs] [Times: user=0.01 sys=0.00, real=0.00 secs] 
177.953: Total time for which application threads were stopped: 0.0016280 seconds, Stopping threads took: 0.0000820 seconds
177.983: Application time: 0.0299730 seconds
177.983: [GC [PSYoungGen: 20203K->2336K(20480K)] 50684K->36912K(66560K), 0.0017990 secs] [Times: user=0.01 sys=0.00, real=0.00 secs] 
177.985: Total time for which application threads were stopped: 0.0019520 seconds, Stopping threads took: 0.0000800 seconds
178.018: Application time: 0.0324070 seconds
178.018: [GC [PSYoungGen: 19313K->2304K(20480K)] 53890K->39953K(66560K), 0.0016130 secs] [Times: user=0.01 sys=0.00, real=0.01 secs] 
178.020: Total time for which application threads were stopped: 0.0017720 seconds, Stopping threads took: 0.0000870 seconds
178.052: Application time: 0.0320400 seconds
178.052: [GC [PSYoungGen: 19316K->2336K(20480K)] 56965K->44081K(66560K), 0.0017140 secs] [Times: user=0.01 sys=0.00, real=0.00 secs] 
178.053: [Full GC [PSYoungGen: 2336K->0K(20480K)] [ParOldGen: 41745K->9985K(46080K)] 44081K->9985K(66560K) [PSPermGen: 5528K->5528K(21504K)], 0.0060810 secs] [Times: user=0.02 sys=0.00, real=0.01 secs] 
178.060: Total time for which application threads were stopped: 0.0079930 seconds, Stopping threads took: 0.0000790 seconds
178.092: Application time: 0.0326940 seconds
178.092: [GC [PSYoungGen: 17776K->2304K(20480K)] 27761K->14337K(66560K), 0.0012020 secs] [Times: user=0.00 sys=0.00, real=0.00 secs] 
178.094: Total time for which application threads were stopped: 0.0013550 seconds, Stopping threads took: 0.0000820 seconds
178.126: Application time: 0.0322790 seconds
178.126: [GC [PSYoungGen: 19519K->2304K(20480K)] 31552K->17409K(66560K), 0.0014120 secs] [Times: user=0.01 sys=0.00, real=0.00 secs] 
178.127: Total time for which application threads were stopped: 0.0015530 seconds, Stopping threads took: 0.0000690 seconds
178.161: Application time: 0.0336710 seconds
178.161: [GC [PSYoungGen: 20055K->2320K(20480K)] 35161K->18449K(66560K), 0.0010070 secs] [Times: user=0.00 sys=0.00, real=0.00 secs] 
178.162: Total time for which application threads were stopped: 0.0011580 seconds, Stopping threads took: 0.0000850 seconds
178.194: Application time: 0.0319690 seconds
178.194: [GC [PSYoungGen: 19598K->2304K(20480K)] 35728K->20481K(66560K), 0.0011490 secs] [Times: user=0.01 sys=0.00, real=0.00 secs] 
178.196: Total time for which application threads were stopped: 0.0013030 seconds, Stopping threads took: 0.0000840 seconds
178.226: Application time: 0.0300910 seconds
178.226: [GC [PSYoungGen: 19734K->2272K(20480K)] 37912K->22497K(66560K), 0.0012690 secs] [Times: user=0.00 sys=0.00, real=0.00 secs] 
178.227: Total time for which application threads were stopped: 0.0014620 seconds, Stopping threads took: 0.0001280 seconds
178.261: Application time: 0.0341990 seconds
178.263: [GC [PSYoungGen: 19804K->2304K(20480K)] 40030K->25601K(66560K), 0.0014370 secs] [Times: user=0.00 sys=0.00, real=0.00 secs] 
178.264: Total time for which application threads were stopped: 0.0026910 seconds, Stopping threads took: 0.0011830 seconds
178.296: Application time: 0.0320170 seconds
178.296: [GC [PSYoungGen: 19838K->2304K(20480K)] 43135K->26625K(66560K), 0.0009720 secs] [Times: user=0.01 sys=0.00, real=0.00 secs] 
178.297: Total time for which application threads were stopped: 0.0011380 seconds, Stopping threads took: 0.0000890 seconds
178.329: Application time: 0.0320940 seconds
178.329: [GC [PSYoungGen: 19699K->2240K(20480K)] 44021K->28609K(66560K), 0.0013330 secs] [Times: user=0.01 sys=0.00, real=0.01 secs] 
178.331: Total time for which application threads were stopped: 0.0014750 seconds, Stopping threads took: 0.0000730 seconds
178.363: Application time: 0.0322420 seconds
178.363: [GC [PSYoungGen: 19882K->2288K(20480K)] 46252K->30705K(66560K), 0.0011150 secs] [Times: user=0.00 sys=0.00, real=0.00 secs] 
178.364: Total time for which application threads were stopped: 0.0012490 seconds, Stopping threads took: 0.0000680 seconds
178.398: Application time: 0.0333910 seconds
178.398: [GC [PSYoungGen: 20107K->2368K(20480K)] 48525K->33858K(66560K), 0.0014770 secs] [Times: user=0.01 sys=0.00, real=0.01 secs] 
178.399: Total time for which application threads were stopped: 0.0016210 seconds, Stopping threads took: 0.0000750 seconds
178.426: Application time: 0.0264590 seconds
178.426: [GC [PSYoungGen: 19760K->2464K(20480K)] 51250K->39074K(66560K), 0.0020920 secs] [Times: user=0.01 sys=0.00, real=0.00 secs] 
178.428: Total time for which application threads were stopped: 0.0022270 seconds, Stopping threads took: 0.0000620 seconds
178.466: Application time: 0.0380700 seconds
178.466: [GC [PSYoungGen: 20353K->2528K(20480K)] 56963K->41186K(66560K), 0.0012700 secs] [Times: user=0.01 sys=0.00, real=0.00 secs] 
178.467: Total time for which application threads were stopped: 0.0014130 seconds, Stopping threads took: 0.0000770 seconds
178.492: Application time: 0.0246090 seconds
178.492: [GC [PSYoungGen: 19896K->2464K(20480K)] 58554K->46242K(66560K), 0.0021180 secs] [Times: user=0.02 sys=0.00, real=0.00 secs] 
178.494: [Full GC [PSYoungGen: 2464K->0K(20480K)] [ParOldGen: 43778K->11003K(46080K)] 46242K->11003K(66560K) [PSPermGen: 5528K->5528K(21504K)], 0.0063840 secs] [Times: user=0.02 sys=0.00, real=0.01 secs] 
178.501: Total time for which application threads were stopped: 0.0086890 seconds, Stopping threads took: 0.0000660 seconds
178.541: Application time: 0.0398970 seconds
178.541: [GC [PSYoungGen: 17694K->2320K(20480K)] 28698K->15371K(66560K), 0.0011540 secs] [Times: user=0.01 sys=0.00, real=0.00 secs] 
178.542: Total time for which application threads were stopped: 0.0012870 seconds, Stopping threads took: 0.0000650 seconds
178.568: Application time: 0.0257450 seconds
178.568: [GC [PSYoungGen: 19806K->2304K(20480K)] 32858K->20475K(66560K), 0.0020040 secs] [Times: user=0.01 sys=0.00, real=0.00 secs] 
178.570: Total time for which application threads were stopped: 0.0021590 seconds, Stopping threads took: 0.0000820 seconds
178.605: Application time: 0.0354630 seconds
178.605: [GC [PSYoungGen: 19485K->2304K(20480K)] 37657K->23547K(66560K), 0.0015010 secs] [Times: user=0.01 sys=0.00, real=0.00 secs] 
178.607: Total time for which application threads were stopped: 0.0016380 seconds, Stopping threads took: 0.0000660 seconds
178.635: Application time: 0.0285050 seconds
178.636: [GC [PSYoungGen: 20143K->2288K(20480K)] 41386K->28651K(66560K), 0.0020590 secs] [Times: user=0.01 sys=0.00, real=0.00 secs] 
178.638: Total time for which application threads were stopped: 0.0022250 seconds, Stopping threads took: 0.0000940 seconds
178.672: Application time: 0.0345890 seconds
178.672: [GC [PSYoungGen: 19361K->2304K(20480K)] 45724K->31739K(66560K), 0.0014600 secs] [Times: user=0.01 sys=0.00, real=0.00 secs] 
178.674: Total time for which application threads were stopped: 0.0016110 seconds, Stopping threads took: 0.0000820 seconds
178.702: Application time: 0.0278780 seconds
178.702: [GC [PSYoungGen: 20224K->2304K(20480K)] 49659K->36859K(66560K), 0.0020870 secs] [Times: user=0.01 sys=0.00, real=0.00 secs] 
178.704: Total time for which application threads were stopped: 0.0022470 seconds, Stopping threads took: 0.0000840 seconds
178.740: Application time: 0.0363760 seconds
178.740: [GC [PSYoungGen: 19364K->2336K(20480K)] 53920K->40987K(66560K), 0.0017960 secs] [Times: user=0.02 sys=0.00, real=0.00 secs] 
178.742: Total time for which application threads were stopped: 0.0019400 seconds, Stopping threads took: 0.0000680 seconds
178.771: Application time: 0.0286620 seconds
178.771: [GC [PSYoungGen: 19275K->2336K(20480K)] 57927K->45083K(66560K), 0.0017850 secs] [Times: user=0.01 sys=0.00, real=0.00 secs] 
178.773: [Full GC [PSYoungGen: 2336K->0K(20480K)] [ParOldGen: 42747K->9983K(46080K)] 45083K->9983K(66560K) [PSPermGen: 5528K->5528K(21504K)], 0.0062060 secs] [Times: user=0.02 sys=0.00, real=0.01 secs] 
178.779: Total time for which application threads were stopped: 0.0081930 seconds, Stopping threads took: 0.0000820 seconds
178.814: Application time: 0.0344060 seconds
178.814: [GC [PSYoungGen: 17050K->2304K(20480K)] 27034K->17407K(66560K), 0.0020690 secs] [Times: user=0.01 sys=0.00, real=0.00 secs] 
178.816: Total time for which application threads were stopped: 0.0022320 seconds, Stopping threads took: 0.0000680 seconds
178.846: Application time: 0.0304210 seconds
178.846: [GC [PSYoungGen: 19261K->2304K(20480K)] 34364K->20479K(66560K), 0.0014560 secs] [Times: user=0.01 sys=0.00, real=0.00 secs] 
178.848: Total time for which application threads were stopped: 0.0016180 seconds, Stopping threads took: 0.0000920 seconds
178.881: Application time: 0.0336280 seconds
178.882: [GC [PSYoungGen: 19306K->2272K(20480K)] 37482K->23519K(66560K), 0.0014820 secs] [Times: user=0.00 sys=0.01, real=0.00 secs] 
178.883: Total time for which application threads were stopped: 0.0016240 seconds, Stopping threads took: 0.0000660 seconds
178.914: Application time: 0.0306420 seconds
178.915: [GC [PSYoungGen: 19184K->2304K(20480K)] 40432K->25599K(66560K), 0.0013040 secs] [Times: user=0.00 sys=0.00, real=0.00 secs] 
178.916: Total time for which application threads were stopped: 0.0021450 seconds, Stopping threads took: 0.0007720 seconds
178.949: Application time: 0.0333090 seconds
178.949: [GC [PSYoungGen: 19314K->2272K(20480K)] 42610K->28639K(66560K), 0.0015350 secs] [Times: user=0.01 sys=0.00, real=0.01 secs] 
178.951: Total time for which application threads were stopped: 0.0016860 seconds, Stopping threads took: 0.0000750 seconds
178.982: Application time: 0.0308290 seconds
178.982: [GC [PSYoungGen: 20187K->2272K(20480K)] 46555K->31712K(66560K), 0.0015240 secs] [Times: user=0.01 sys=0.00, real=0.00 secs] 
178.983: Total time for which application threads were stopped: 0.0017120 seconds, Stopping threads took: 0.0001160 seconds
179.017: Application time: 0.0340270 seconds
179.018: [GC [PSYoungGen: 20192K->2304K(20480K)] 49632K->34816K(66560K), 0.0015080 secs] [Times: user=0.00 sys=0.00, real=0.01 secs] 
179.019: Total time for which application threads were stopped: 0.0016450 seconds, Stopping threads took: 0.0000630 seconds
179.051: Application time: 0.0321550 seconds
179.051: [GC [PSYoungGen: 19438K->2304K(20480K)] 51950K->36864K(66560K), 0.0012180 secs] [Times: user=0.01 sys=0.00, real=0.00 secs] 
179.053: Total time for which application threads were stopped: 0.0013760 seconds, Stopping threads took: 0.0000880 seconds
179.086: Application time: 0.0331560 seconds
179.086: [GC [PSYoungGen: 19355K->2336K(20480K)] 53915K->37920K(66560K), 0.0009530 secs] [Times: user=0.00 sys=0.00, real=0.00 secs] 
179.087: Total time for which application threads were stopped: 0.0010890 seconds, Stopping threads took: 0.0000710 seconds
179.115: Application time: 0.0282880 seconds
179.115: [GC [PSYoungGen: 19482K->2432K(20480K)] 55066K->40064K(66560K), 0.0012180 secs] [Times: user=0.01 sys=0.00, real=0.00 secs] 
179.117: Total time for which application threads were stopped: 0.0013700 seconds, Stopping threads took: 0.0000760 seconds
179.147: Application time: 0.0303370 seconds
179.147: [GC [PSYoungGen: 20117K->2464K(20480K)] 57749K->43168K(66560K), 0.0015530 secs] [Times: user=0.01 sys=0.00, real=0.00 secs] 
179.149: [Full GC [PSYoungGen: 2464K->0K(20480K)] [ParOldGen: 40704K->8961K(46080K)] 43168K->8961K(66560K) [PSPermGen: 5528K->5528K(21504K)], 0.0059080 secs] [Times: user=0.02 sys=0.00, real=0.01 secs] 
179.155: Total time for which application threads were stopped: 0.0076410 seconds, Stopping threads took: 0.0000640 seconds
179.189: Application time: 0.0348200 seconds
179.189: [GC [PSYoungGen: 17515K->2304K(20480K)] 26477K->13313K(66560K), 0.0011300 secs] [Times: user=0.01 sys=0.00, real=0.01 secs] 
179.191: Total time for which application threads were stopped: 0.0012590 seconds, Stopping threads took: 0.0000620 seconds
179.222: Application time: 0.0309600 seconds
179.222: [GC [PSYoungGen: 20070K->2352K(20480K)] 31080K->16433K(66560K), 0.0014500 secs] [Times: user=0.01 sys=0.00, real=0.00 secs] 
179.223: Total time for which application threads were stopped: 0.0016100 seconds, Stopping threads took: 0.0000870 seconds
179.258: Application time: 0.0345230 seconds
179.258: [GC [PSYoungGen: 19713K->2304K(20480K)] 33795K->18433K(66560K), 0.0011650 secs] [Times: user=0.00 sys=0.00, real=0.01 secs] 
179.259: Total time for which application threads were stopped: 0.0013060 seconds, Stopping threads took: 0.0000720 seconds
179.291: Application time: 0.0316560 seconds
179.295: [GC [PSYoungGen: 20011K->2336K(20480K)] 36141K->21537K(66560K), 0.0014230 secs] [Times: user=0.01 sys=0.00, real=0.00 secs] 
179.296: Total time for which application threads were stopped: 0.0052950 seconds, Stopping threads took: 0.0038060 seconds
179.326: Application time: 0.0297430 seconds
179.326: [GC [PSYoungGen: 19382K->2368K(20480K)] 38584K->24641K(66560K), 0.0015220 secs] [Times: user=0.01 sys=0.00, real=0.00 secs] 
179.327: Total time for which application threads were stopped: 0.0017000 seconds, Stopping threads took: 0.0000960 seconds
179.360: Application time: 0.0324610 seconds
179.363: [GC [PSYoungGen: 20229K->2352K(20480K)] 42503K->27697K(66560K), 0.0014080 secs] [Times: user=0.01 sys=0.00, real=0.00 secs] 
179.364: Total time for which application threads were stopped: 0.0040830 seconds, Stopping threads took: 0.0026060 seconds
179.397: Application time: 0.0326060 seconds
179.397: [GC [PSYoungGen: 19473K->2320K(20480K)] 44819K->30737K(66560K), 0.0014190 secs] [Times: user=0.01 sys=0.00, real=0.00 secs] 
179.398: Total time for which application threads were stopped: 0.0015530 seconds, Stopping threads took: 0.0000670 seconds
179.426: Application time: 0.0277500 seconds
179.426: [GC [PSYoungGen: 20089K->2320K(20480K)] 48507K->35858K(66560K), 0.0020890 secs] [Times: user=0.02 sys=0.00, real=0.00 secs] 
179.428: Total time for which application threads were stopped: 0.0022370 seconds, Stopping threads took: 0.0000730 seconds
179.462: Application time: 0.0338040 seconds
179.462: [GC [PSYoungGen: 19441K->2368K(20480K)] 52978K->40002K(66560K), 0.0018420 secs] [Times: user=0.01 sys=0.00, real=0.00 secs] 
179.464: Total time for which application threads were stopped: 0.0020020 seconds, Stopping threads took: 0.0000890 seconds
179.494: Application time: 0.0298350 seconds
179.494: [GC [PSYoungGen: 20288K->2304K(20480K)] 57922K->46082K(66560K), 0.0023310 secs] [Times: user=0.01 sys=0.00, real=0.00 secs] 
179.496: [Full GC [PSYoungGen: 2304K->0K(20480K)] [ParOldGen: 43778K->12028K(46080K)] 46082K->12028K(66560K) [PSPermGen: 5528K->5528K(21504K)], 0.0065260 secs] [Times: user=0.03 sys=0.00, real=0.01 secs] 
179.503: Total time for which application threads were stopped: 0.0090500 seconds, Stopping threads took: 0.0000690 seconds
179.538: Application time: 0.0351850 seconds
179.538: [GC [PSYoungGen: 17096K->2304K(20480K)] 29125K->18428K(66560K), 0.0016930 secs] [Times: user=0.02 sys=0.00, real=0.01 secs] 
179.540: Total time for which application threads were stopped: 0.0018490 seconds, Stopping threads took: 0.0000820 seconds
179.569: Application time: 0.0293660 seconds
179.569: [GC [PSYoungGen: 19222K->2304K(20480K)] 35346K->23548K(66560K), 0.0020320 secs] [Times: user=0.02 sys=0.00, real=0.01 secs] 
179.571: Total time for which application threads were stopped: 0.0022010 seconds, Stopping threads took: 0.0000940 seconds
179.605: Application time: 0.0333000 seconds
179.605: [GC [PSYoungGen: 19298K->2304K(20480K)] 40543K->27644K(66560K), 0.0017430 secs] [Times: user=0.01 sys=0.00, real=0.00 secs] 
179.607: Total time for which application threads were stopped: 0.0019070 seconds, Stopping threads took: 0.0000870 seconds
179.639: Application time: 0.0325890 seconds
179.639: [GC [PSYoungGen: 20224K->2304K(20480K)] 45564K->30716K(66560K), 0.0015180 secs] [Times: user=0.01 sys=0.00, real=0.00 secs] 
179.641: Total time for which application threads were stopped: 0.0016770 seconds, Stopping threads took: 0.0000890 seconds
179.675: Application time: 0.0337180 seconds
179.675: [GC [PSYoungGen: 19427K->2304K(20480K)] 47840K->33788K(66560K), 0.0015110 secs] [Times: user=0.01 sys=0.00, real=0.00 secs] 
179.676: Total time for which application threads were stopped: 0.0016710 seconds, Stopping threads took: 0.0000890 seconds
179.708: Application time: 0.0320170 seconds
179.709: [GC [PSYoungGen: 20189K->2240K(20480K)] 51674K->37820K(66560K), 0.0020400 secs] [Times: user=0.01 sys=0.00, real=0.01 secs] 
179.711: Total time for which application threads were stopped: 0.0024280 seconds, Stopping threads took: 0.0003100 seconds
179.744: Application time: 0.0334730 seconds
179.744: [GC [PSYoungGen: 19342K->2240K(20480K)] 54922K->39868K(66560K), 0.0013140 secs] [Times: user=0.01 sys=0.00, real=0.00 secs] 
179.746: Total time for which application threads were stopped: 0.0014710 seconds, Stopping threads took: 0.0000880 seconds
179.771: Application time: 0.0255370 seconds
179.771: [GC [PSYoungGen: 19968K->2272K(20480K)] 57597K->43996K(66560K), 0.0018210 secs] [Times: user=0.01 sys=0.00, real=0.00 secs] 
179.773: [Full GC [PSYoungGen: 2272K->0K(20480K)] [ParOldGen: 41724K->9982K(46080K)] 43996K->9982K(66560K) [PSPermGen: 5528K->5528K(21504K)], 0.0060020 secs] [Times: user=0.03 sys=0.00, real=0.01 secs] 
179.779: Total time for which application threads were stopped: 0.0080310 seconds, Stopping threads took: 0.0000910 seconds
179.819: Application time: 0.0392890 seconds
179.819: [GC [PSYoungGen: 17580K->2368K(20480K)] 27562K->14398K(66560K), 0.0012290 secs] [Times: user=0.01 sys=0.00, real=0.00 secs] 
179.820: Total time for which application threads were stopped: 0.0013510 seconds, Stopping threads took: 0.0000560 seconds
179.846: Application time: 0.0263130 seconds
179.846: [GC [PSYoungGen: 20256K->2400K(20480K)] 32287K->19551K(66560K), 0.0021510 secs] [Times: user=0.01 sys=0.00, real=0.00 secs] 
179.849: Total time for which application threads were stopped: 0.0023610 seconds, Stopping threads took: 0.0001250 seconds
179.886: Application time: 0.0371710 seconds
179.886: [GC [PSYoungGen: 19746K->2448K(20480K)] 36897K->22671K(66560K), 0.0015300 secs] [Times: user=0.01 sys=0.00, real=0.00 secs] 
179.887: Total time for which application threads were stopped: 0.0016700 seconds, Stopping threads took: 0.0000680 seconds
179.916: Application time: 0.0280810 seconds
179.916: [GC [PSYoungGen: 19472K->2496K(20480K)] 39695K->25791K(66560K), 0.0015690 secs] [Times: user=0.01 sys=0.00, real=0.00 secs] 
179.917: Total time for which application threads were stopped: 0.0017090 seconds, Stopping threads took: 0.0000690 seconds
179.951: Application time: 0.0339730 seconds
179.951: [GC [PSYoungGen: 20416K->2496K(20480K)] 43711K->27839K(66560K), 0.0012880 secs] [Times: user=0.01 sys=0.00, real=0.00 secs] 
179.953: Total time for which application threads were stopped: 0.0014850 seconds, Stopping threads took: 0.0001270 seconds
179.984: Application time: 0.0308230 seconds
179.984: [GC [PSYoungGen: 19670K->2496K(20480K)] 45013K->31935K(66560K), 0.0019530 secs] [Times: user=0.01 sys=0.00, real=0.00 secs] 
179.986: Total time for which application threads were stopped: 0.0021070 seconds, Stopping threads took: 0.0000740 seconds
180.021: Application time: 0.0352580 seconds
180.021: [GC [PSYoungGen: 20381K->2464K(20480K)] 49820K->32927K(66560K), 0.0010880 secs] [Times: user=0.01 sys=0.00, real=0.00 secs] 
180.022: Total time for which application threads were stopped: 0.0012310 seconds, Stopping threads took: 0.0000760 seconds
180.053: Application time: 0.0304940 seconds
180.055: [GC [PSYoungGen: 19636K->2544K(20480K)] 50099K->37103K(66560K), 0.0018130 secs] [Times: user=0.01 sys=0.00, real=0.00 secs] 
180.056: Total time for which application threads were stopped: 0.0037500 seconds, Stopping threads took: 0.0018660 seconds
180.091: Application time: 0.0350530 seconds
180.092: [GC [PSYoungGen: 20385K->2512K(20480K)] 54944K->38095K(66560K), 0.0009690 secs] [Times: user=0.01 sys=0.00, real=0.00 secs] 
180.093: Total time for which application threads were stopped: 0.0011020 seconds, Stopping threads took: 0.0000690 seconds
180.123: Application time: 0.0305380 seconds
180.123: [GC [PSYoungGen: 19718K->2480K(20480K)] 55301K->42159K(66560K), 0.0017250 secs] [Times: user=0.01 sys=0.00, real=0.00 secs] 
180.125: Total time for which application threads were stopped: 0.0018560 seconds, Stopping threads took: 0.0000620 seconds
180.154: Application time: 0.0290470 seconds
180.154: [GC [PSYoungGen: 19877K->2512K(20480K)] 59556K->45263K(66560K), 0.0015220 secs] [Times: user=0.01 sys=0.00, real=0.00 secs] 
180.156: [Full GC [PSYoungGen: 2512K->0K(20480K)] [ParOldGen: 42751K->8979K(46080K)] 45263K->8979K(66560K) [PSPermGen: 5528K->5528K(21504K)], 0.0059820 secs] [Times: user=0.02 sys=0.00, real=0.01 secs] 
180.162: Total time for which application threads were stopped: 0.0076900 seconds, Stopping threads took: 0.0000720 seconds
180.195: Application time: 0.0331020 seconds
180.195: [GC [PSYoungGen: 17542K->2304K(20480K)] 26522K->15379K(66560K), 0.0017890 secs] [Times: user=0.02 sys=0.00, real=0.00 secs] 
180.197: Total time for which application threads were stopped: 0.0019290 seconds, Stopping threads took: 0.0000670 seconds
180.227: Application time: 0.0306940 seconds
180.228: [GC [PSYoungGen: 19699K->2304K(20480K)] 32774K->19475K(66560K), 0.0017250 secs] [Times: user=0.01 sys=0.00, real=0.00 secs] 
180.229: Total time for which application threads were stopped: 0.0018570 seconds, Stopping threads took: 0.0000610 seconds
180.264: Application time: 0.0351930 seconds
180.265: [GC [PSYoungGen: 19955K->2304K(20480K)] 37127K->22547K(66560K), 0.0014780 secs] [Times: user=0.01 sys=0.00, real=0.00 secs] 
180.266: Total time for which application threads were stopped: 0.0016230 seconds, Stopping threads took: 0.0000750 seconds
180.295: Application time: 0.0287290 seconds
180.295: [GC [PSYoungGen: 19649K->2304K(20480K)] 39892K->26643K(66560K), 0.0017520 secs] [Times: user=0.02 sys=0.00, real=0.00 secs] 
180.297: Total time for which application threads were stopped: 0.0018800 seconds, Stopping threads took: 0.0000560 seconds
180.333: Application time: 0.0358140 seconds
180.333: [GC [PSYoungGen: 19887K->2304K(20480K)] 44227K->29715K(66560K), 0.0014110 secs] [Times: user=0.01 sys=0.00, real=0.00 secs] 
180.334: Total time for which application threads were stopped: 0.0015550 seconds, Stopping threads took: 0.0000730 seconds
180.362: Application time: 0.0282860 seconds
180.362: [GC [PSYoungGen: 19706K->2304K(20480K)] 47118K->33811K(66560K), 0.0016300 secs] [Times: user=0.01 sys=0.00, real=0.00 secs] 
180.364: Total time for which application threads were stopped: 0.0017840 seconds, Stopping threads took: 0.0000690 seconds
180.398: Application time: 0.0334720 seconds
180.398: [GC [PSYoungGen: 19657K->2320K(20480K)] 51164K->35876K(66560K), 0.0012540 secs] [Times: user=0.01 sys=0.00, real=0.01 secs] 
180.399: Total time for which application threads were stopped: 0.0014020 seconds, Stopping threads took: 0.0000800 seconds
180.426: Application time: 0.0273840 seconds
180.427: [GC [PSYoungGen: 19941K->2272K(20480K)] 53497K->40948K(66560K), 0.0021010 secs] [Times: user=0.01 sys=0.00, real=0.00 secs] 
180.429: Total time for which application threads were stopped: 0.0022810 seconds, Stopping threads took: 0.0000960 seconds
180.468: Application time: 0.0389530 seconds
180.471: [GC [PSYoungGen: 19769K->2256K(20480K)] 58445K->41956K(66560K), 0.0009980 secs] [Times: user=0.01 sys=0.00, real=0.00 secs] 
180.472: Total time for which application threads were stopped: 0.0039030 seconds, Stopping threads took: 0.0028370 seconds
180.498: Application time: 0.0262200 seconds
180.499: [GC [PSYoungGen: 19795K->2304K(20480K)] 59495K->46100K(66560K), 0.0017910 secs] [Times: user=0.01 sys=0.00, real=0.00 secs] 
180.500: [Full GC [PSYoungGen: 2304K->0K(20480K)] [ParOldGen: 43796K->9999K(46080K)] 46100K->9999K(66560K) [PSPermGen: 5528K->5528K(21504K)], 0.0060050 secs] [Times: user=0.02 sys=0.00, real=0.00 secs] 
180.506: Total time for which application threads were stopped: 0.0086880 seconds, Stopping threads took: 0.0007660 seconds
180.546: Application time: 0.0392180 seconds
180.546: [GC [PSYoungGen: 17873K->2400K(20480K)] 27872K->14447K(66560K), 0.0012110 secs] [Times: user=0.00 sys=0.00, real=0.00 secs] 
180.547: Total time for which application threads were stopped: 0.0013510 seconds, Stopping threads took: 0.0000710 seconds
180.573: Application time: 0.0257430 seconds
180.573: [GC [PSYoungGen: 20080K->2384K(20480K)] 32127K->18527K(66560K), 0.0018400 secs] [Times: user=0.01 sys=0.00, real=0.00 secs] 
180.575: Total time for which application threads were stopped: 0.0019900 seconds, Stopping threads took: 0.0000770 seconds
180.611: Application time: 0.0359400 seconds
180.615: [GC [PSYoungGen: 19686K->2448K(20480K)] 35830K->21663K(66560K), 0.0015460 secs] [Times: user=0.02 sys=0.00, real=0.00 secs] 
180.616: Total time for which application threads were stopped: 0.0053920 seconds, Stopping threads took: 0.0037760 seconds
180.645: Application time: 0.0290610 seconds
180.645: [GC [PSYoungGen: 19381K->2464K(20480K)] 38597K->23727K(66560K), 0.0013820 secs] [Times: user=0.00 sys=0.01, real=0.00 secs] 
180.647: Total time for which application threads were stopped: 0.0015390 seconds, Stopping threads took: 0.0000890 seconds
180.681: Application time: 0.0343060 seconds
180.681: [GC [PSYoungGen: 19584K->2512K(20480K)] 40848K->26847K(66560K), 0.0015630 secs] [Times: user=0.01 sys=0.00, real=0.00 secs] 
180.683: Total time for which application threads were stopped: 0.0017020 seconds, Stopping threads took: 0.0000650 seconds
180.713: Application time: 0.0299230 seconds
180.713: [GC [PSYoungGen: 20432K->2528K(20480K)] 44767K->31983K(66560K), 0.0020330 secs] [Times: user=0.02 sys=0.00, real=0.00 secs] 
180.715: Total time for which application threads were stopped: 0.0021890 seconds, Stopping threads took: 0.0000850 seconds
180.751: Application time: 0.0359420 seconds
180.751: [GC [PSYoungGen: 19594K->2448K(20480K)] 49050K->35999K(66560K), 0.0018180 secs] [Times: user=0.01 sys=0.00, real=0.00 secs] 
180.753: Total time for which application threads were stopped: 0.0019680 seconds, Stopping threads took: 0.0000760 seconds
180.779: Application time: 0.0260500 seconds
180.779: [GC [PSYoungGen: 20297K->2496K(20480K)] 53849K->40143K(66560K), 0.0018290 secs] [Times: user=0.02 sys=0.00, real=0.00 secs] 
180.781: Total time for which application threads were stopped: 0.0019760 seconds, Stopping threads took: 0.0000700 seconds
180.817: Application time: 0.0363220 seconds
180.817: [GC [PSYoungGen: 19533K->2544K(20480K)] 57181K->43264K(66560K), 0.0015680 secs] [Times: user=0.01 sys=0.00, real=0.01 secs] 
180.819: [Full GC [PSYoungGen: 2544K->0K(20480K)] [ParOldGen: 40720K->8982K(46080K)] 43264K->8982K(66560K) [PSPermGen: 5528K->5528K(21504K)], 0.0058990 secs] [Times: user=0.02 sys=0.00, real=0.00 secs] 
180.825: Total time for which application threads were stopped: 0.0076720 seconds, Stopping threads took: 0.0000850 seconds
180.853: Application time: 0.0277990 seconds
180.853: [GC [PSYoungGen: 16896K->2272K(20480K)] 25878K->14326K(66560K), 0.0014650 secs] [Times: user=0.01 sys=0.00, real=0.00 secs] 
180.854: Total time for which application threads were stopped: 0.0016190 seconds, Stopping threads took: 0.0000730 seconds
180.889: Application time: 0.0348590 seconds
180.889: [GC [PSYoungGen: 19227K->2304K(20480K)] 31281K->16406K(66560K), 0.0012080 secs] [Times: user=0.01 sys=0.00, real=0.00 secs] 
180.890: Total time for which application threads were stopped: 0.0013800 seconds, Stopping threads took: 0.0000930 seconds
180.919: Application time: 0.0290230 seconds
180.920: [GC [PSYoungGen: 19291K->2272K(20480K)] 33394K->20470K(66560K), 0.0017870 secs] [Times: user=0.01 sys=0.00, real=0.00 secs] 
180.921: Total time for which application threads were stopped: 0.0019340 seconds, Stopping threads took: 0.0000710 seconds
180.956: Application time: 0.0344570 seconds
180.956: [GC [PSYoungGen: 20159K->2304K(20480K)] 38357K->22550K(66560K), 0.0011630 secs] [Times: user=0.00 sys=0.00, real=0.00 secs] 
180.957: Total time for which application threads were stopped: 0.0013120 seconds, Stopping threads took: 0.0000810 seconds
180.988: Application time: 0.0313020 seconds
180.989: [GC [PSYoungGen: 19479K->2304K(20480K)] 39726K->25622K(66560K), 0.0014880 secs] [Times: user=0.01 sys=0.00, real=0.00 secs] 
180.990: Total time for which application threads were stopped: 0.0016250 seconds, Stopping threads took: 0.0000650 seconds
181.024: Application time: 0.0339390 seconds
181.024: [GC [PSYoungGen: 20114K->2304K(20480K)] 43432K->28694K(66560K), 0.0013630 secs] [Times: user=0.00 sys=0.00, real=0.00 secs] 
181.026: Total time for which application threads were stopped: 0.0015030 seconds, Stopping threads took: 0.0000720 seconds
181.057: Application time: 0.0316760 seconds
181.057: [GC [PSYoungGen: 19499K->2304K(20480K)] 45889K->31766K(66560K), 0.0014140 secs] [Times: user=0.01 sys=0.00, real=0.01 secs] 
181.059: Total time for which application threads were stopped: 0.0015540 seconds, Stopping threads took: 0.0000690 seconds
181.087: Application time: 0.0286740 seconds
181.088: [GC [PSYoungGen: 19835K->2304K(20480K)] 49297K->34838K(66560K), 0.0014710 secs] [Times: user=0.00 sys=0.00, real=0.00 secs] 
181.089: Total time for which application threads were stopped: 0.0016010 seconds, Stopping threads took: 0.0000600 seconds
181.122: Application time: 0.0332380 seconds
181.122: [GC [PSYoungGen: 19666K->2304K(20480K)] 52201K->38934K(66560K), 0.0017210 secs] [Times: user=0.01 sys=0.00, real=0.00 secs] 
181.124: Total time for which application threads were stopped: 0.0018690 seconds, Stopping threads took: 0.0000700 seconds
181.155: Application time: 0.0308140 seconds
181.155: [GC [PSYoungGen: 19866K->2272K(20480K)] 56497K->41974K(66560K), 0.0014730 secs] [Times: user=0.01 sys=0.00, real=0.00 secs] 
181.157: Total time for which application threads were stopped: 0.0016290 seconds, Stopping threads took: 0.0000870 seconds
181.189: Application time: 0.0324720 seconds
181.189: [GC [PSYoungGen: 19636K->2272K(20480K)] 59339K->45046K(66560K), 0.0015390 secs] [Times: user=0.01 sys=0.00, real=0.01 secs] 
181.191: [Full GC [PSYoungGen: 2272K->0K(20480K)] [ParOldGen: 42774K->8962K(46080K)] 45046K->8962K(66560K) [PSPermGen: 5528K->5528K(21504K)], 0.0059260 secs] [Times: user=0.02 sys=0.00, real=0.00 secs] 
181.197: Total time for which application threads were stopped: 0.0077040 seconds, Stopping threads took: 0.0001210 seconds
181.230: Application time: 0.0327930 seconds
181.230: [GC [PSYoungGen: 17672K->2304K(20480K)] 26635K->14338K(66560K), 0.0014730 secs] [Times: user=0.01 sys=0.00, real=0.01 secs] 
181.231: Total time for which application threads were stopped: 0.0016010 seconds, Stopping threads took: 0.0000610 seconds
181.265: Application time: 0.0334930 seconds
181.265: [GC [PSYoungGen: 20146K->2384K(20480K)] 32180K->16466K(66560K), 0.0012900 secs] [Times: user=0.01 sys=0.00, real=0.00 secs] 
181.266: Total time for which application threads were stopped: 0.0014300 seconds, Stopping threads took: 0.0000680 seconds
181.297: Application time: 0.0304660 seconds
181.297: [GC [PSYoungGen: 19999K->2432K(20480K)] 34082K->20610K(66560K), 0.0017340 secs] [Times: user=0.01 sys=0.00, real=0.01 secs] 
181.298: Total time for which application threads were stopped: 0.0018820 seconds, Stopping threads took: 0.0000600 seconds
181.334: Application time: 0.0357360 seconds
181.334: [GC [PSYoungGen: 20212K->2480K(20480K)] 38390K->23730K(66560K), 0.0015150 secs] [Times: user=0.01 sys=0.00, real=0.00 secs] 
181.336: Total time for which application threads were stopped: 0.0016600 seconds, Stopping threads took: 0.0000710 seconds
181.362: Application time: 0.0260250 seconds
181.362: [GC [PSYoungGen: 19993K->2528K(20480K)] 41244K->27874K(66560K), 0.0017620 secs] [Times: user=0.01 sys=0.00, real=0.00 secs] 
181.364: Total time for which application threads were stopped: 0.0019110 seconds, Stopping threads took: 0.0000750 seconds
181.403: Application time: 0.0390540 seconds
181.403: [GC [PSYoungGen: 20120K->2512K(20480K)] 45467K->30931K(66560K), 0.0015280 secs] [Times: user=0.01 sys=0.00, real=0.00 secs] 
181.405: Total time for which application threads were stopped: 0.0016680 seconds, Stopping threads took: 0.0000620 seconds
181.432: Application time: 0.0269650 seconds
181.432: [GC [PSYoungGen: 19990K->2528K(20480K)] 48409K->34019K(66560K), 0.0014760 secs] [Times: user=0.01 sys=0.00, real=0.00 secs] 
181.433: Total time for which application threads were stopped: 0.0016180 seconds, Stopping threads took: 0.0000730 seconds
181.466: Application time: 0.0333300 seconds
181.467: [GC [PSYoungGen: 19685K->2544K(20480K)] 51176K->37107K(66560K), 0.0016050 secs] [Times: user=0.01 sys=0.00, real=0.00 secs] 
181.468: Total time for which application threads were stopped: 0.0017570 seconds, Stopping threads took: 0.0000820 seconds
181.499: Application time: 0.0310500 seconds
181.499: [GC [PSYoungGen: 20405K->2496K(20480K)] 54968K->42179K(66560K), 0.0021090 secs] [Times: user=0.01 sys=0.00, real=0.00 secs] 
181.502: Total time for which application threads were stopped: 0.0022490 seconds, Stopping threads took: 0.0000670 seconds
181.536: Application time: 0.0346810 seconds
181.536: [GC [PSYoungGen: 19639K->2528K(20480K)] 59322K->44259K(66560K), 0.0012570 secs] [Times: user=0.01 sys=0.00, real=0.00 secs] 
181.538: [Full GC [PSYoungGen: 2528K->0K(20480K)] [ParOldGen: 41731K->7974K(46080K)] 44259K->7974K(66560K) [PSPermGen: 5528K->5528K(21504K)], 0.0057360 secs] [Times: user=0.02 sys=0.00, real=0.01 secs] 
181.543: Total time for which application threads were stopped: 0.0071720 seconds, Stopping threads took: 0.0000590 seconds
181.573: Application time: 0.0296530 seconds
181.573: [GC [PSYoungGen: 17906K->2304K(20480K)] 25881K->15399K(66560K), 0.0020710 secs] [Times: user=0.01 sys=0.00, real=0.00 secs] 
181.575: Total time for which application threads were stopped: 0.0022190 seconds, Stopping threads took: 0.0000710 seconds
181.610: Application time: 0.0343000 seconds
181.610: [GC [PSYoungGen: 19358K->2272K(20480K)] 32454K->17415K(66560K), 0.0012320 secs] [Times: user=0.01 sys=0.00, real=0.01 secs] 
181.611: Total time for which application threads were stopped: 0.0014150 seconds, Stopping threads took: 0.0001090 seconds
181.642: Application time: 0.0309210 seconds
181.642: [GC [PSYoungGen: 20192K->2304K(20480K)] 35335K->21543K(66560K), 0.0017140 secs] [Times: user=0.01 sys=0.00, real=0.00 secs] 
181.644: Total time for which application threads were stopped: 0.0018570 seconds, Stopping threads took: 0.0000700 seconds
181.678: Application time: 0.0340240 seconds
181.678: [GC [PSYoungGen: 19396K->2304K(20480K)] 38635K->24615K(66560K), 0.0014680 secs] [Times: user=0.01 sys=0.00, real=0.01 secs] 
181.679: Total time for which application threads were stopped: 0.0016150 seconds, Stopping threads took: 0.0000770 seconds
181.709: Application time: 0.0300770 seconds
181.710: [GC [PSYoungGen: 20182K->2304K(20480K)] 42493K->28711K(66560K), 0.0018290 secs] [Times: user=0.01 sys=0.00, real=0.01 secs] 
181.711: Total time for which application threads were stopped: 0.0019750 seconds, Stopping threads took: 0.0000760 seconds
181.745: Application time: 0.0340100 seconds
181.746: [GC [PSYoungGen: 19274K->2240K(20480K)] 45681K->30695K(66560K), 0.0012340 secs] [Times: user=0.01 sys=0.00, real=0.00 secs] 
181.747: Total time for which application threads were stopped: 0.0013810 seconds, Stopping threads took: 0.0000710 seconds
181.779: Application time: 0.0323090 seconds
181.779: [GC [PSYoungGen: 20160K->2272K(20480K)] 48615K->33799K(66560K), 0.0014580 secs] [Times: user=0.00 sys=0.00, real=0.00 secs] 
181.781: Total time for which application threads were stopped: 0.0016250 seconds, Stopping threads took: 0.0000970 seconds
181.812: Application time: 0.0315600 seconds
181.812: [GC [PSYoungGen: 19251K->2272K(20480K)] 50778K->36871K(66560K), 0.0014770 secs] [Times: user=0.01 sys=0.00, real=0.00 secs] 
181.814: Total time for which application threads were stopped: 0.0016150 seconds, Stopping threads took: 0.0000660 seconds
181.847: Application time: 0.0326020 seconds
181.847: [GC [PSYoungGen: 19229K->2240K(20480K)] 53829K->39911K(66560K), 0.0015430 secs] [Times: user=0.00 sys=0.00, real=0.00 secs] 
181.848: Total time for which application threads were stopped: 0.0016960 seconds, Stopping threads took: 0.0000780 seconds
181.879: Application time: 0.0306800 seconds
181.879: [GC [PSYoungGen: 20160K->2304K(20480K)] 57831K->44071K(66560K), 0.0018060 secs] [Times: user=0.01 sys=0.00, real=0.00 secs] 
181.881: [Full GC [PSYoungGen: 2304K->0K(20480K)] [ParOldGen: 41767K->9990K(46080K)] 44071K->9990K(66560K) [PSPermGen: 5528K->5528K(21504K)], 0.0058540 secs] [Times: user=0.02 sys=0.00, real=0.00 secs] 
181.887: Total time for which application threads were stopped: 0.0078460 seconds, Stopping threads took: 0.0000700 seconds
181.921: Application time: 0.0337990 seconds
181.921: [GC [PSYoungGen: 17920K->2304K(20480K)] 27910K->16390K(66560K), 0.0016320 secs] [Times: user=0.01 sys=0.00, real=0.00 secs] 
181.922: Total time for which application threads were stopped: 0.0017840 seconds, Stopping threads took: 0.0000750 seconds
181.953: Application time: 0.0305420 seconds
181.953: [GC [PSYoungGen: 19676K->2336K(20480K)] 33763K->19494K(66560K), 0.0014880 secs] [Times: user=0.01 sys=0.00, real=0.00 secs] 
181.955: Total time for which application threads were stopped: 0.0016480 seconds, Stopping threads took: 0.0000890 seconds
181.984: Application time: 0.0296110 seconds
181.984: [GC [PSYoungGen: 20184K->2368K(20480K)] 37343K->23623K(66560K), 0.0018750 secs] [Times: user=0.01 sys=0.00, real=0.00 secs] 
181.986: Total time for which application threads were stopped: 0.0020260 seconds, Stopping threads took: 0.0000810 seconds
182.022: Application time: 0.0356400 seconds
182.022: [GC [PSYoungGen: 19983K->2464K(20480K)] 41238K->26791K(66560K), 0.0014550 secs] [Times: user=0.01 sys=0.00, real=0.00 secs] 
182.023: Total time for which application threads were stopped: 0.0015920 seconds, Stopping threads took: 0.0000610 seconds
182.054: Application time: 0.0300840 seconds
182.055: [GC [PSYoungGen: 20113K->2464K(20480K)] 44440K->30887K(66560K), 0.0018050 secs] [Times: user=0.02 sys=0.00, real=0.00 secs] 
182.056: Total time for which application threads were stopped: 0.0028490 seconds, Stopping threads took: 0.0009740 seconds
182.088: Application time: 0.0320700 seconds
182.089: [GC [PSYoungGen: 19897K->2496K(20480K)] 48320K->35015K(66560K), 0.0018530 secs] [Times: user=0.02 sys=0.00, real=0.01 secs] 
182.090: Total time for which application threads were stopped: 0.0020310 seconds, Stopping threads took: 0.0001050 seconds
182.122: Application time: 0.0315420 seconds
182.122: [GC [PSYoungGen: 20272K->2528K(20480K)] 52791K->39143K(66560K), 0.0018530 secs] [Times: user=0.01 sys=0.00, real=0.00 secs] 
182.124: Total time for which application threads were stopped: 0.0020170 seconds, Stopping threads took: 0.0000920 seconds
182.157: Application time: 0.0327290 seconds
182.157: [GC [PSYoungGen: 19791K->2528K(20480K)] 56406K->44263K(66560K), 0.0021720 secs] [Times: user=0.02 sys=0.00, real=0.01 secs] 
182.159: [Full GC [PSYoungGen: 2528K->0K(20480K)] [ParOldGen: 41735K->11008K(46080K)] 44263K->11008K(66560K) [PSPermGen: 5528K->5528K(21504K)], 0.0064980 secs] [Times: user=0.02 sys=0.00, real=0.00 secs] 
182.166: Total time for which application threads were stopped: 0.0089250 seconds, Stopping threads took: 0.0001230 seconds
182.198: Application time: 0.0324830 seconds
182.198: [GC [PSYoungGen: 17784K->2304K(20480K)] 28792K->18432K(66560K), 0.0019470 secs] [Times: user=0.01 sys=0.00, real=0.01 secs] 
182.200: Total time for which application threads were stopped: 0.0020790 seconds, Stopping threads took: 0.0000580 seconds
182.234: Application time: 0.0336330 seconds
182.234: [GC [PSYoungGen: 19585K->2304K(20480K)] 35713K->23552K(66560K), 0.0020050 secs] [Times: user=0.02 sys=0.00, real=0.00 secs] 
182.236: Total time for which application threads were stopped: 0.0021490 seconds, Stopping threads took: 0.0000720 seconds
182.262: Application time: 0.0260400 seconds
182.262: [GC [PSYoungGen: 19954K->2304K(20480K)] 41203K->28672K(66560K), 0.0021900 secs] [Times: user=0.01 sys=0.00, real=0.00 secs] 
182.265: Total time for which application threads were stopped: 0.0024140 seconds, Stopping threads took: 0.0001480 seconds
182.304: Application time: 0.0397600 seconds
182.307: [GC [PSYoungGen: 19716K->2304K(20480K)] 46085K->33792K(66560K), 0.0019720 secs] [Times: user=0.01 sys=0.00, real=0.00 secs] 
182.309: Total time for which application threads were stopped: 0.0042530 seconds, Stopping threads took: 0.0022090 seconds
182.335: Application time: 0.0265000 seconds
182.339: [GC [PSYoungGen: 19966K->2272K(20480K)] 51454K->37856K(66560K), 0.0017800 secs] [Times: user=0.01 sys=0.00, real=0.00 secs] 
182.340: Total time for which application threads were stopped: 0.0053110 seconds, Stopping threads took: 0.0034600 seconds
182.374: Application time: 0.0339780 seconds
182.374: [GC [PSYoungGen: 19489K->2304K(20480K)] 55073K->41984K(66560K), 0.0018860 secs] [Times: user=0.01 sys=0.00, real=0.00 secs] 
182.376: Total time for which application threads were stopped: 0.0020450 seconds, Stopping threads took: 0.0000790 seconds
182.409: Application time: 0.0321780 seconds
182.409: [GC [PSYoungGen: 20141K->2304K(20480K)] 59821K->45056K(66560K), 0.0014850 secs] [Times: user=0.01 sys=0.00, real=0.00 secs] 
182.410: [Full GC [PSYoungGen: 2304K->0K(20480K)] [ParOldGen: 42752K->8978K(46080K)] 45056K->8978K(66560K) [PSPermGen: 5528K->5528K(21504K)], 0.0057900 secs] [Times: user=0.02 sys=0.00, real=0.01 secs] 
182.416: Total time for which application threads were stopped: 0.0074580 seconds, Stopping threads took: 0.0000640 seconds
182.450: Application time: 0.0336050 seconds
182.450: [GC [PSYoungGen: 17173K->2304K(20480K)] 26152K->14354K(66560K), 0.0016180 secs] [Times: user=0.01 sys=0.00, real=0.01 secs] 
182.451: Total time for which application threads were stopped: 0.0017690 seconds, Stopping threads took: 0.0000740 seconds
182.484: Application time: 0.0321310 seconds
182.484: [GC [PSYoungGen: 20174K->2304K(20480K)] 32224K->16402K(66560K), 0.0012410 secs] [Times: user=0.01 sys=0.00, real=0.00 secs] 
182.485: Total time for which application threads were stopped: 0.0013880 seconds, Stopping threads took: 0.0000810 seconds
182.519: Application time: 0.0340340 seconds
182.519: [GC [PSYoungGen: 19525K->2288K(20480K)] 33624K->19458K(66560K), 0.0015100 secs] [Times: user=0.01 sys=0.00, real=0.00 secs] 
182.521: Total time for which application threads were stopped: 0.0017150 seconds, Stopping threads took: 0.0001310 seconds
182.549: Application time: 0.0285380 seconds
182.549: [GC [PSYoungGen: 20017K->2304K(20480K)] 37188K->23571K(66560K), 0.0017920 secs] [Times: user=0.01 sys=0.00, real=0.01 secs] 
182.551: Total time for which application threads were stopped: 0.0019380 seconds, Stopping threads took: 0.0000720 seconds
182.589: Application time: 0.0377800 seconds
182.589: [GC [PSYoungGen: 19650K->2304K(20480K)] 40917K->25619K(66560K), 0.0012440 secs] [Times: user=0.01 sys=0.00, real=0.00 secs] 
182.590: Total time for which application threads were stopped: 0.0013900 seconds, Stopping threads took: 0.0000770 seconds
182.617: Application time: 0.0267620 seconds
182.617: [GC [PSYoungGen: 19940K->2304K(20480K)] 43255K->29715K(66560K), 0.0017310 secs] [Times: user=0.01 sys=0.00, real=0.01 secs] 
182.619: Total time for which application threads were stopped: 0.0018950 seconds, Stopping threads took: 0.0000810 seconds
182.656: Application time: 0.0370570 seconds
182.656: [GC [PSYoungGen: 19512K->2304K(20480K)] 46923K->31763K(66560K), 0.0012560 secs] [Times: user=0.01 sys=0.00, real=0.00 secs] 
182.657: Total time for which application threads were stopped: 0.0013900 seconds, Stopping threads took: 0.0000610 seconds
182.684: Application time: 0.0266030 seconds
182.684: [GC [PSYoungGen: 19298K->2368K(20480K)] 48757K->34899K(66560K), 0.0014780 secs] [Times: user=0.01 sys=0.00, real=0.00 secs] 
182.686: Total time for which application threads were stopped: 0.0016210 seconds, Stopping threads took: 0.0000690 seconds
182.719: Application time: 0.0333940 seconds
182.719: [GC [PSYoungGen: 19598K->2448K(20480K)] 52129K->37027K(66560K), 0.0012020 secs] [Times: user=0.00 sys=0.00, real=0.00 secs] 
182.720: Total time for which application threads were stopped: 0.0013260 seconds, Stopping threads took: 0.0000600 seconds
182.752: Application time: 0.0313720 seconds
182.752: [GC [PSYoungGen: 19468K->2432K(20480K)] 54047K->39059K(66560K), 0.0012500 secs] [Times: user=0.01 sys=0.00, real=0.00 secs] 
182.753: Total time for which application threads were stopped: 0.0013970 seconds, Stopping threads took: 0.0000770 seconds
182.787: Application time: 0.0335190 seconds
182.787: [GC [PSYoungGen: 19454K->2464K(20480K)] 56081K->40115K(66560K), 0.0011020 secs] [Times: user=0.01 sys=0.00, real=0.00 secs] 
182.788: Total time for which application threads were stopped: 0.0012480 seconds, Stopping threads took: 0.0000790 seconds
182.817: Application time: 0.0293000 seconds
182.817: [GC [PSYoungGen: 19549K->2544K(20480K)] 57200K->43267K(66560K), 0.0014620 secs] [Times: user=0.01 sys=0.00, real=0.01 secs] 
182.819: [Full GC [PSYoungGen: 2544K->0K(20480K)] [ParOldGen: 40723K->8984K(46080K)] 43267K->8984K(66560K) [PSPermGen: 5528K->5528K(21504K)], 0.0058640 secs] [Times: user=0.02 sys=0.00, real=0.00 secs] 
182.825: Total time for which application threads were stopped: 0.0075040 seconds, Stopping threads took: 0.0000610 seconds
182.859: Application time: 0.0344130 seconds
182.859: [GC [PSYoungGen: 17890K->2304K(20480K)] 26875K->13336K(66560K), 0.0011920 secs] [Times: user=0.00 sys=0.00, real=0.00 secs] 
182.861: Total time for which application threads were stopped: 0.0013290 seconds, Stopping threads took: 0.0000710 seconds
182.885: Application time: 0.0247450 seconds
182.885: [GC [PSYoungGen: 19201K->2304K(20480K)] 30234K->17432K(66560K), 0.0017480 secs] [Times: user=0.01 sys=0.00, real=0.00 secs] 
182.887: Total time for which application threads were stopped: 0.0019040 seconds, Stopping threads took: 0.0000830 seconds
182.924: Application time: 0.0370760 seconds
182.924: [GC [PSYoungGen: 20116K->2304K(20480K)] 35245K->20505K(66560K), 0.0014630 secs] [Times: user=0.01 sys=0.00, real=0.00 secs] 
182.926: Total time for which application threads were stopped: 0.0016030 seconds, Stopping threads took: 0.0000740 seconds
182.954: Application time: 0.0282440 seconds
182.954: [GC [PSYoungGen: 19502K->2272K(20480K)] 37703K->24569K(66560K), 0.0017850 secs] [Times: user=0.01 sys=0.00, real=0.00 secs] 
182.956: Total time for which application threads were stopped: 0.0019440 seconds, Stopping threads took: 0.0000760 seconds
182.992: Application time: 0.0356160 seconds
182.992: [GC [PSYoungGen: 20046K->2304K(20480K)] 42343K->27673K(66560K), 0.0013960 secs] [Times: user=0.01 sys=0.00, real=0.00 secs] 
182.993: Total time for which application threads were stopped: 0.0015490 seconds, Stopping threads took: 0.0000850 seconds
183.024: Application time: 0.0307230 seconds
183.024: [GC [PSYoungGen: 19591K->2304K(20480K)] 44960K->31769K(66560K), 0.0017510 secs] [Times: user=0.01 sys=0.00, real=0.00 secs] 
183.026: Total time for which application threads were stopped: 0.0019090 seconds, Stopping threads took: 0.0000870 seconds
183.055: Application time: 0.0296630 seconds
183.056: [GC [PSYoungGen: 19821K->2304K(20480K)] 49287K->36889K(66560K), 0.0020450 secs] [Times: user=0.01 sys=0.00, real=0.00 secs] 
183.058: Total time for which application threads were stopped: 0.0021860 seconds, Stopping threads took: 0.0000670 seconds
183.093: Application time: 0.0353250 seconds
183.093: [GC [PSYoungGen: 19801K->2272K(20480K)] 54387K->40953K(66560K), 0.0017650 secs] [Times: user=0.02 sys=0.00, real=0.00 secs] 
183.095: Total time for which application threads were stopped: 0.0019050 seconds, Stopping threads took: 0.0000640 seconds
183.127: Application time: 0.0320500 seconds
183.127: [GC [PSYoungGen: 19875K->2272K(20480K)] 58557K->45049K(66560K), 0.0017540 secs] [Times: user=0.01 sys=0.00, real=0.00 secs] 
183.129: [Full GC [PSYoungGen: 2272K->0K(20480K)] [ParOldGen: 42777K->9989K(46080K)] 45049K->9989K(66560K) [PSPermGen: 5528K->5528K(21504K)], 0.0060960 secs] [Times: user=0.02 sys=0.00, real=0.01 secs] 
183.135: Total time for which application threads were stopped: 0.0080310 seconds, Stopping threads took: 0.0000600 seconds
183.168: Application time: 0.0326670 seconds
183.168: [GC [PSYoungGen: 17372K->2304K(20480K)] 27361K->15365K(66560K), 0.0014670 secs] [Times: user=0.01 sys=0.00, real=0.00 secs] 
183.169: Total time for which application threads were stopped: 0.0016480 seconds, Stopping threads took: 0.0000780 seconds
183.200: Application time: 0.0305550 seconds
183.200: [GC [PSYoungGen: 19919K->2304K(20480K)] 32981K->20485K(66560K), 0.0019770 secs] [Times: user=0.01 sys=0.00, real=0.00 secs] 
183.202: Total time for which application threads were stopped: 0.0021190 seconds, Stopping threads took: 0.0000650 seconds
183.235: Application time: 0.0329010 seconds
183.235: [GC [PSYoungGen: 19609K->2240K(20480K)] 37791K->23493K(66560K), 0.0015230 secs] [Times: user=0.01 sys=0.00, real=0.00 secs] 
183.237: Total time for which application threads were stopped: 0.0016570 seconds, Stopping threads took: 0.0000600 seconds
183.267: Application time: 0.0305000 seconds
183.267: [GC [PSYoungGen: 19944K->2304K(20480K)] 41198K->27653K(66560K), 0.0017820 secs] [Times: user=0.02 sys=0.00, real=0.00 secs] 
183.269: Total time for which application threads were stopped: 0.0019210 seconds, Stopping threads took: 0.0000680 seconds
183.304: Application time: 0.0349250 seconds
183.304: [GC [PSYoungGen: 19594K->2272K(20480K)] 44943K->29669K(66560K), 0.0012630 secs] [Times: user=0.00 sys=0.00, real=0.00 secs] 
183.305: Total time for which application threads were stopped: 0.0014070 seconds, Stopping threads took: 0.0000750 seconds
183.336: Application time: 0.0307150 seconds
183.336: [GC [PSYoungGen: 20038K->2304K(20480K)] 47436K->32773K(66560K), 0.0014530 secs] [Times: user=0.01 sys=0.00, real=0.00 secs] 
183.338: Total time for which application threads were stopped: 0.0015880 seconds, Stopping threads took: 0.0000640 seconds
183.374: Application time: 0.0359380 seconds
183.375: [GC [PSYoungGen: 19733K->2304K(20480K)] 50203K->34821K(66560K), 0.0012280 secs] [Times: user=0.00 sys=0.00, real=0.00 secs] 
183.376: Total time for which application threads were stopped: 0.0022190 seconds, Stopping threads took: 0.0009230 seconds
183.405: Application time: 0.0294500 seconds
183.405: [GC [PSYoungGen: 20215K->2304K(20480K)] 52733K->39942K(66560K), 0.0021040 secs] [Times: user=0.01 sys=0.00, real=0.00 secs] 
183.407: Total time for which application threads were stopped: 0.0022450 seconds, Stopping threads took: 0.0000640 seconds
183.442: Application time: 0.0349870 seconds
183.443: [GC [PSYoungGen: 19785K->2432K(20480K)] 57423K->43142K(66560K), 0.0014420 secs] [Times: user=0.01 sys=0.00, real=0.00 secs] 
183.444: [Full GC [PSYoungGen: 2432K->0K(20480K)] [ParOldGen: 40709K->8964K(46080K)] 43142K->8964K(66560K) [PSPermGen: 5528K->5528K(21504K)], 0.0061140 secs] [Times: user=0.02 sys=0.00, real=0.00 secs] 
183.450: Total time for which application threads were stopped: 0.0077260 seconds, Stopping threads took: 0.0000560 seconds
183.478: Application time: 0.0280850 seconds
183.478: [GC [PSYoungGen: 17816K->2240K(20480K)] 26780K->15300K(66560K), 0.0018270 secs] [Times: user=0.01 sys=0.00, real=0.01 secs] 
183.480: Total time for which application threads were stopped: 0.0020020 seconds, Stopping threads took: 0.0000850 seconds
183.514: Application time: 0.0333030 seconds
183.514: [GC [PSYoungGen: 19366K->2336K(20480K)] 32426K->19492K(66560K), 0.0018220 secs] [Times: user=0.02 sys=0.00, real=0.00 secs] 
183.516: Total time for which application threads were stopped: 0.0019650 seconds, Stopping threads took: 0.0000680 seconds
183.546: Application time: 0.0309100 seconds
183.547: [GC [PSYoungGen: 19302K->2336K(20480K)] 36458K->23588K(66560K), 0.0016640 secs] [Times: user=0.01 sys=0.00, real=0.00 secs] 
183.548: Total time for which application threads were stopped: 0.0018000 seconds, Stopping threads took: 0.0000620 seconds
183.581: Application time: 0.0331530 seconds
183.582: [GC [PSYoungGen: 19357K->2320K(20480K)] 40609K->25620K(66560K), 0.0013310 secs] [Times: user=0.00 sys=0.00, real=0.00 secs] 
183.583: Total time for which application threads were stopped: 0.0014820 seconds, Stopping threads took: 0.0000810 seconds
183.612: Application time: 0.0291540 seconds
183.612: [GC [PSYoungGen: 20221K->2304K(20480K)] 43522K->28676K(66560K), 0.0015580 secs] [Times: user=0.01 sys=0.00, real=0.00 secs] 
183.614: Total time for which application threads were stopped: 0.0016890 seconds, Stopping threads took: 0.0000630 seconds
183.650: Application time: 0.0358060 seconds
183.650: [GC [PSYoungGen: 20224K->2320K(20480K)] 46596K->30740K(66560K), 0.0012640 secs] [Times: user=0.01 sys=0.00, real=0.01 secs] 
183.651: Total time for which application threads were stopped: 0.0014090 seconds, Stopping threads took: 0.0000760 seconds
183.681: Application time: 0.0302630 seconds
183.681: [GC [PSYoungGen: 19556K->2304K(20480K)] 47977K->33796K(66560K), 0.0016010 secs] [Times: user=0.01 sys=0.00, real=0.00 secs] 
183.683: Total time for which application threads were stopped: 0.0017670 seconds, Stopping threads took: 0.0000970 seconds
183.718: Application time: 0.0353220 seconds
183.718: [GC [PSYoungGen: 20067K->2336K(20480K)] 51559K->35876K(66560K), 0.0011580 secs] [Times: user=0.01 sys=0.00, real=0.01 secs] 
183.720: Total time for which application threads were stopped: 0.0012910 seconds, Stopping threads took: 0.0000650 seconds
183.751: Application time: 0.0313820 seconds
183.751: [GC [PSYoungGen: 19652K->2336K(20480K)] 53193K->38948K(66560K), 0.0014830 secs] [Times: user=0.01 sys=0.00, real=0.00 secs] 
183.753: Total time for which application threads were stopped: 0.0016140 seconds, Stopping threads took: 0.0000630 seconds
183.783: Application time: 0.0308160 seconds
183.784: [GC [PSYoungGen: 19814K->2368K(20480K)] 56426K->43076K(66560K), 0.0016820 secs] [Times: user=0.01 sys=0.00, real=0.00 secs] 
183.785: [Full GC [PSYoungGen: 2368K->0K(20480K)] [ParOldGen: 40708K->9990K(46080K)] 43076K->9990K(66560K) [PSPermGen: 5528K->5528K(21504K)], 0.0062630 secs] [Times: user=0.02 sys=0.00, real=0.01 secs] 
183.792: Total time for which application threads were stopped: 0.0081540 seconds, Stopping threads took: 0.0000910 seconds
183.826: Application time: 0.0348880 seconds
183.827: [GC [PSYoungGen: 17520K->2304K(20480K)] 27510K->15366K(66560K), 0.0014320 secs] [Times: user=0.01 sys=0.00, real=0.00 secs] 
183.828: Total time for which application threads were stopped: 0.0015970 seconds, Stopping threads took: 0.0000870 seconds
183.856: Application time: 0.0274850 seconds
183.856: [GC [PSYoungGen: 19762K->2304K(20480K)] 32824K->19462K(66560K), 0.0017770 secs] [Times: user=0.01 sys=0.00, real=0.00 secs] 
183.858: Total time for which application threads were stopped: 0.0019610 seconds, Stopping threads took: 0.0001120 seconds
183.891: Application time: 0.0332290 seconds
183.891: [GC [PSYoungGen: 19593K->2304K(20480K)] 36751K->23558K(66560K), 0.0017780 secs] [Times: user=0.01 sys=0.00, real=0.00 secs] 
183.893: Total time for which application threads were stopped: 0.0019410 seconds, Stopping threads took: 0.0000920 seconds
183.926: Application time: 0.0329280 seconds
183.926: [GC [PSYoungGen: 20080K->2304K(20480K)] 41334K->26630K(66560K), 0.0014750 secs] [Times: user=0.01 sys=0.00, real=0.00 secs] 
183.927: Total time for which application threads were stopped: 0.0016440 seconds, Stopping threads took: 0.0000990 seconds
183.960: Application time: 0.0329600 seconds
183.960: [GC [PSYoungGen: 19584K->2304K(20480K)] 43911K->29702K(66560K), 0.0014770 secs] [Times: user=0.01 sys=0.00, real=0.00 secs] 
183.962: Total time for which application threads were stopped: 0.0016430 seconds, Stopping threads took: 0.0000960 seconds
183.994: Application time: 0.0317860 seconds
183.994: [GC [PSYoungGen: 20005K->2320K(20480K)] 47404K->32790K(66560K), 0.0014760 secs] [Times: user=0.01 sys=0.00, real=0.00 secs] 
183.995: Total time for which application threads were stopped: 0.0016400 seconds, Stopping threads took: 0.0000830 seconds
184.030: Application time: 0.0348010 seconds
184.030: [GC [PSYoungGen: 19707K->2304K(20480K)] 50178K->35846K(66560K), 0.0014290 secs] [Times: user=0.01 sys=0.00, real=0.01 secs] 
184.032: Total time for which application threads were stopped: 0.0015820 seconds, Stopping threads took: 0.0000810 seconds
184.061: Application time: 0.0291600 seconds
184.061: [GC [PSYoungGen: 19838K->2304K(20480K)] 53381K->39942K(66560K), 0.0016930 secs] [Times: user=0.02 sys=0.00, real=0.00 secs] 
184.063: Total time for which application threads were stopped: 0.0018440 seconds, Stopping threads took: 0.0000810 seconds
184.100: Application time: 0.0369420 seconds
184.100: [GC [PSYoungGen: 20028K->2288K(20480K)] 57666K->41974K(66560K), 0.0012020 secs] [Times: user=0.01 sys=0.00, real=0.00 secs] 
184.101: Total time for which application threads were stopped: 0.0013370 seconds, Stopping threads took: 0.0000680 seconds
184.125: Application time: 0.0241560 seconds
184.125: [GC [PSYoungGen: 19763K->2336K(20480K)] 59450K->46118K(66560K), 0.0017660 secs] [Times: user=0.01 sys=0.00, real=0.00 secs] 
184.127: [Full GC [PSYoungGen: 2336K->0K(20480K)] [ParOldGen: 43782K->9988K(46080K)] 46118K->9988K(66560K) [PSPermGen: 5528K->5528K(21504K)], 0.0061960 secs] [Times: user=0.03 sys=0.00, real=0.01 secs] 
184.133: Total time for which application threads were stopped: 0.0081510 seconds, Stopping threads took: 0.0000690 seconds
184.172: Application time: 0.0384690 seconds
184.172: [GC [PSYoungGen: 17812K->2400K(20480K)] 27801K->14436K(66560K), 0.0012850 secs] [Times: user=0.01 sys=0.00, real=0.00 secs] 
184.173: Total time for which application threads were stopped: 0.0014210 seconds, Stopping threads took: 0.0000620 seconds
184.199: Application time: 0.0254170 seconds
184.199: [GC [PSYoungGen: 20022K->2400K(20480K)] 32058K->18532K(66560K), 0.0017590 secs] [Times: user=0.01 sys=0.00, real=0.00 secs] 
184.201: Total time for which application threads were stopped: 0.0018960 seconds, Stopping threads took: 0.0000600 seconds
184.239: Application time: 0.0382010 seconds
184.239: [GC [PSYoungGen: 19835K->2432K(20480K)] 35968K->21636K(66560K), 0.0015490 secs] [Times: user=0.01 sys=0.00, real=0.00 secs] 
184.240: Total time for which application threads were stopped: 0.0017250 seconds, Stopping threads took: 0.0001070 seconds
184.268: Application time: 0.0272410 seconds
184.268: [GC [PSYoungGen: 20135K->2432K(20480K)] 39340K->24709K(66560K), 0.0014740 secs] [Times: user=0.01 sys=0.00, real=0.00 secs] 
184.269: Total time for which application threads were stopped: 0.0016450 seconds, Stopping threads took: 0.0000990 seconds
184.308: Application time: 0.0386960 seconds
184.308: [GC [PSYoungGen: 19799K->2464K(20480K)] 42076K->27813K(66560K), 0.0014930 secs] [Times: user=0.01 sys=0.00, real=0.00 secs] 
184.310: Total time for which application threads were stopped: 0.0016680 seconds, Stopping threads took: 0.0001000 seconds
184.336: Application time: 0.0259200 seconds
184.336: [GC [PSYoungGen: 20111K->2432K(20480K)] 45460K->32901K(66560K), 0.0021110 secs] [Times: user=0.02 sys=0.00, real=0.00 secs] 
184.338: Total time for which application threads were stopped: 0.0022580 seconds, Stopping threads took: 0.0000720 seconds
184.374: Application time: 0.0365800 seconds
184.375: [GC [PSYoungGen: 19587K->2400K(20480K)] 50056K->35941K(66560K), 0.0015010 secs] [Times: user=0.01 sys=0.00, real=0.00 secs] 
184.376: Total time for which application threads were stopped: 0.0016510 seconds, Stopping threads took: 0.0000790 seconds
184.406: Application time: 0.0303660 seconds
184.407: [GC [PSYoungGen: 20319K->2400K(20480K)] 53861K->40037K(66560K), 0.0018150 secs] [Times: user=0.01 sys=0.00, real=0.00 secs] 
184.408: Total time for which application threads were stopped: 0.0019370 seconds, Stopping threads took: 0.0000460 seconds
184.442: Application time: 0.0334520 seconds
184.442: [GC [PSYoungGen: 19362K->2432K(20480K)] 56999K->42117K(66560K), 0.0012920 secs] [Times: user=0.01 sys=0.00, real=0.00 secs] 
184.443: Total time for which application threads were stopped: 0.0015090 seconds, Stopping threads took: 0.0001440 seconds
184.475: Application time: 0.0314520 seconds
184.475: [GC [PSYoungGen: 19524K->2384K(20480K)] 59209K->46165K(66560K), 0.0018170 secs] [Times: user=0.01 sys=0.00, real=0.00 secs] 
184.477: [Full GC [PSYoungGen: 2384K->0K(20480K)] [ParOldGen: 43781K->9990K(46080K)] 46165K->9990K(66560K) [PSPermGen: 5528K->5528K(21504K)], 0.0063190 secs] [Times: user=0.03 sys=0.00, real=0.01 secs] 
184.483: Total time for which application threads were stopped: 0.0083350 seconds, Stopping threads took: 0.0000780 seconds
184.518: Application time: 0.0345210 seconds
184.518: [GC [PSYoungGen: 17920K->2304K(20480K)] 27910K->13318K(66560K), 0.0009460 secs] [Times: user=0.01 sys=0.00, real=0.01 secs] 
184.519: Total time for which application threads were stopped: 0.0010920 seconds, Stopping threads took: 0.0000730 seconds
184.547: Application time: 0.0285930 seconds
184.548: [GC [PSYoungGen: 19348K->2304K(20480K)] 30363K->17414K(66560K), 0.0017630 secs] [Times: user=0.01 sys=0.00, real=0.00 secs] 
184.549: Total time for which application threads were stopped: 0.0018990 seconds, Stopping threads took: 0.0000630 seconds
184.583: Application time: 0.0333220 seconds
184.587: [GC [PSYoungGen: 19882K->2304K(20480K)] 34993K->19462K(66560K), 0.0012540 secs] [Times: user=0.01 sys=0.00, real=0.00 secs] 
184.588: Total time for which application threads were stopped: 0.0051790 seconds, Stopping threads took: 0.0038560 seconds
184.620: Application time: 0.0320190 seconds
184.620: [GC [PSYoungGen: 19774K->2304K(20480K)] 36933K->22534K(66560K), 0.0014240 secs] [Times: user=0.00 sys=0.00, real=0.00 secs] 
184.621: Total time for which application threads were stopped: 0.0015720 seconds, Stopping threads took: 0.0000780 seconds
184.655: Application time: 0.0340760 seconds
184.656: [GC [PSYoungGen: 19901K->2304K(20480K)] 40132K->23558K(66560K), 0.0009470 secs] [Times: user=0.00 sys=0.00, real=0.00 secs] 
184.657: Total time for which application threads were stopped: 0.0010840 seconds, Stopping threads took: 0.0000730 seconds
184.686: Application time: 0.0293390 seconds
184.686: [GC [PSYoungGen: 19434K->2320K(20480K)] 40689K->26647K(66560K), 0.0014070 secs] [Times: user=0.01 sys=0.00, real=0.00 secs] 
184.687: Total time for which application threads were stopped: 0.0015580 seconds, Stopping threads took: 0.0000820 seconds
184.724: Application time: 0.0362830 seconds
184.724: [GC [PSYoungGen: 20147K->2272K(20480K)] 44474K->28647K(66560K), 0.0011110 secs] [Times: user=0.01 sys=0.00, real=0.00 secs] 
184.725: Total time for which application threads were stopped: 0.0012500 seconds, Stopping threads took: 0.0000740 seconds
184.754: Application time: 0.0292060 seconds
184.754: [GC [PSYoungGen: 19527K->2304K(20480K)] 45902K->31751K(66560K), 0.0014560 secs] [Times: user=0.01 sys=0.00, real=0.00 secs] 
184.756: Total time for which application threads were stopped: 0.0016000 seconds, Stopping threads took: 0.0000740 seconds
184.786: Application time: 0.0304640 seconds
184.786: [GC [PSYoungGen: 19797K->2304K(20480K)] 49244K->35847K(66560K), 0.0016810 secs] [Times: user=0.01 sys=0.00, real=0.00 secs] 
184.788: Total time for which application threads were stopped: 0.0018120 seconds, Stopping threads took: 0.0000580 seconds
184.820: Application time: 0.0316520 seconds
184.820: [GC [PSYoungGen: 19850K->2304K(20480K)] 53393K->39943K(66560K), 0.0018350 secs] [Times: user=0.01 sys=0.00, real=0.00 secs] 
184.822: Total time for which application threads were stopped: 0.0019790 seconds, Stopping threads took: 0.0000710 seconds
184.851: Application time: 0.0291570 seconds
184.851: [GC [PSYoungGen: 20016K->2368K(20480K)] 57655K->45127K(66560K), 0.0021090 secs] [Times: user=0.01 sys=0.00, real=0.00 secs] 
184.853: [Full GC [PSYoungGen: 2368K->0K(20480K)] [ParOldGen: 42759K->11011K(46080K)] 45127K->11011K(66560K) [PSPermGen: 5528K->5528K(21504K)], 0.0064500 secs] [Times: user=0.03 sys=0.00, real=0.01 secs] 
184.860: Total time for which application threads were stopped: 0.0087590 seconds, Stopping threads took: 0.0000820 seconds
184.896: Application time: 0.0364950 seconds
184.896: [GC [PSYoungGen: 17737K->2400K(20480K)] 28748K->17507K(66560K), 0.0018200 secs] [Times: user=0.01 sys=0.00, real=0.00 secs] 
184.898: Total time for which application threads were stopped: 0.0019720 seconds, Stopping threads took: 0.0000800 seconds
184.928: Application time: 0.0297990 seconds
184.928: [GC [PSYoungGen: 20182K->2400K(20480K)] 35290K->22627K(66560K), 0.0020650 secs] [Times: user=0.01 sys=0.00, real=0.00 secs] 
184.930: Total time for which application threads were stopped: 0.0022020 seconds, Stopping threads took: 0.0000620 seconds
184.965: Application time: 0.0345570 seconds
184.965: [GC [PSYoungGen: 19854K->2416K(20480K)] 40082K->25715K(66560K), 0.0014730 secs] [Times: user=0.01 sys=0.00, real=0.00 secs] 
184.966: Total time for which application threads were stopped: 0.0016260 seconds, Stopping threads took: 0.0000790 seconds
184.998: Application time: 0.0318980 seconds
184.998: [GC [PSYoungGen: 20112K->2432K(20480K)] 43412K->30851K(66560K), 0.0019880 secs] [Times: user=0.01 sys=0.00, real=0.01 secs] 
185.000: Total time for which application threads were stopped: 0.0021300 seconds, Stopping threads took: 0.0000630 seconds
185.032: Application time: 0.0316610 seconds
185.032: [GC [PSYoungGen: 19672K->2464K(20480K)] 48092K->36003K(66560K), 0.0021140 secs] [Times: user=0.01 sys=0.00, real=0.00 secs] 
185.034: Total time for which application threads were stopped: 0.0022710 seconds, Stopping threads took: 0.0000710 seconds
185.064: Application time: 0.0301700 seconds
185.065: [GC [PSYoungGen: 19997K->2432K(20480K)] 53537K->40067K(66560K), 0.0017560 secs] [Times: user=0.01 sys=0.00, real=0.00 secs] 
185.066: Total time for which application threads were stopped: 0.0019070 seconds, Stopping threads took: 0.0000800 seconds
185.101: Application time: 0.0348780 seconds
185.101: [GC [PSYoungGen: 19945K->2432K(20480K)] 57581K->45187K(66560K), 0.0021280 secs] [Times: user=0.01 sys=0.00, real=0.00 secs] 
185.104: [Full GC [PSYoungGen: 2432K->0K(20480K)] [ParOldGen: 42755K->11008K(46080K)] 45187K->11008K(66560K) [PSPermGen: 5528K->5528K(21504K)], 0.0063490 secs] [Times: user=0.03 sys=0.00, real=0.00 secs] 
185.110: Total time for which application threads were stopped: 0.0086860 seconds, Stopping threads took: 0.0000840 seconds
185.139: Application time: 0.0293560 seconds
185.139: [GC [PSYoungGen: 17463K->2304K(20480K)] 28471K->17408K(66560K), 0.0016780 secs] [Times: user=0.01 sys=0.00, real=0.00 secs] 
185.141: Total time for which application threads were stopped: 0.0018030 seconds, Stopping threads took: 0.0000590 seconds
185.177: Application time: 0.0360530 seconds
185.177: [GC [PSYoungGen: 19907K->2304K(20480K)] 35011K->22528K(66560K), 0.0020680 secs] [Times: user=0.01 sys=0.00, real=0.01 secs] 
185.179: Total time for which application threads were stopped: 0.0022130 seconds, Stopping threads took: 0.0000690 seconds
185.206: Application time: 0.0262950 seconds
185.206: [GC [PSYoungGen: 19727K->2304K(20480K)] 39951K->27648K(66560K), 0.0021500 secs] [Times: user=0.02 sys=0.00, real=0.00 secs] 
185.208: Total time for which application threads were stopped: 0.0023020 seconds, Stopping threads took: 0.0000780 seconds
185.247: Application time: 0.0390460 seconds
185.247: [GC [PSYoungGen: 19945K->2272K(20480K)] 45290K->32736K(66560K), 0.0020470 secs] [Times: user=0.02 sys=0.00, real=0.00 secs] 
185.249: Total time for which application threads were stopped: 0.0022060 seconds, Stopping threads took: 0.0000820 seconds
185.276: Application time: 0.0269480 seconds
185.276: [GC [PSYoungGen: 19694K->2240K(20480K)] 50158K->36800K(66560K), 0.0018420 secs] [Times: user=0.01 sys=0.00, real=0.00 secs] 
185.278: Total time for which application threads were stopped: 0.0019840 seconds, Stopping threads took: 0.0000710 seconds
185.315: Application time: 0.0372590 seconds
185.319: [GC [PSYoungGen: 19802K->2272K(20480K)] 54363K->40928K(66560K), 0.0018140 secs] [Times: user=0.01 sys=0.00, real=0.00 secs] 
185.320: Total time for which application threads were stopped: 0.0049670 seconds, Stopping threads took: 0.0030810 seconds
185.349: Application time: 0.0289110 seconds
185.349: [GC [PSYoungGen: 19770K->2304K(20480K)] 58426K->45056K(66560K), 0.0017670 secs] [Times: user=0.01 sys=0.00, real=0.01 secs] 
185.351: [Full GC [PSYoungGen: 2304K->0K(20480K)] [ParOldGen: 42752K->9986K(46080K)] 45056K->9986K(66560K) [PSPermGen: 5528K->5528K(21504K)], 0.0061790 secs] [Times: user=0.03 sys=0.00, real=0.00 secs] 
185.357: Total time for which application threads were stopped: 0.0081730 seconds, Stopping threads took: 0.0000920 seconds
185.394: Application time: 0.0368280 seconds
185.394: [GC [PSYoungGen: 17542K->2304K(20480K)] 27528K->15362K(66560K), 0.0014540 secs] [Times: user=0.00 sys=0.00, real=0.00 secs] 
185.396: Total time for which application threads were stopped: 0.0015970 seconds, Stopping threads took: 0.0000650 seconds
185.425: Application time: 0.0293390 seconds
185.425: [GC [PSYoungGen: 19816K->2304K(20480K)] 32875K->18434K(66560K), 0.0014340 secs] [Times: user=0.01 sys=0.00, real=0.00 secs] 
185.427: Total time for which application threads were stopped: 0.0015660 seconds, Stopping threads took: 0.0000580 seconds
185.461: Application time: 0.0346650 seconds
185.462: [GC [PSYoungGen: 19685K->2240K(20480K)] 35816K->21442K(66560K), 0.0014420 secs] [Times: user=0.01 sys=0.00, real=0.00 secs] 
185.463: Total time for which application threads were stopped: 0.0016480 seconds, Stopping threads took: 0.0001350 seconds
185.488: Application time: 0.0253230 seconds
185.489: [GC [PSYoungGen: 19794K->2272K(20480K)] 38996K->26594K(66560K), 0.0020920 secs] [Times: user=0.00 sys=0.00, real=0.01 secs] 
185.491: Total time for which application threads were stopped: 0.0022540 seconds, Stopping threads took: 0.0000860 seconds
185.527: Application time: 0.0367480 seconds
185.528: [GC [PSYoungGen: 19498K->2320K(20480K)] 43821K->29714K(66560K), 0.0015480 secs] [Times: user=0.01 sys=0.00, real=0.00 secs] 
185.529: Total time for which application threads were stopped: 0.0017250 seconds, Stopping threads took: 0.0001020 seconds
185.558: Application time: 0.0284750 seconds
185.558: [GC [PSYoungGen: 19420K->2320K(20480K)] 46815K->33811K(66560K), 0.0018840 secs] [Times: user=0.01 sys=0.00, real=0.01 secs] 
185.560: Total time for which application threads were stopped: 0.0020760 seconds, Stopping threads took: 0.0001050 seconds
185.594: Application time: 0.0339210 seconds
185.594: [GC [PSYoungGen: 19452K->2400K(20480K)] 50943K->35939K(66560K), 0.0012860 secs] [Times: user=0.01 sys=0.00, real=0.00 secs] 
185.595: Total time for which application threads were stopped: 0.0014550 seconds, Stopping threads took: 0.0000960 seconds
185.625: Application time: 0.0300520 seconds
185.625: [GC [PSYoungGen: 19512K->2432K(20480K)] 53051K->39043K(66560K), 0.0015800 secs] [Times: user=0.01 sys=0.00, real=0.00 secs] 
185.627: Total time for which application threads were stopped: 0.0017250 seconds, Stopping threads took: 0.0000730 seconds
185.661: Application time: 0.0340280 seconds
185.661: [GC [PSYoungGen: 19524K->2528K(20480K)] 56135K->40163K(66560K), 0.0010720 secs] [Times: user=0.01 sys=0.00, real=0.00 secs] 
185.662: Total time for which application threads were stopped: 0.0012130 seconds, Stopping threads took: 0.0000690 seconds
185.691: Application time: 0.0292250 seconds
185.691: [GC [PSYoungGen: 19529K->2528K(20480K)] 57164K->43235K(66560K), 0.0015720 secs] [Times: user=0.01 sys=0.00, real=0.00 secs] 
185.693: [Full GC [PSYoungGen: 2528K->0K(20480K)] [ParOldGen: 40707K->8979K(46080K)] 43235K->8979K(66560K) [PSPermGen: 5528K->5528K(21504K)], 0.0060330 secs] [Times: user=0.02 sys=0.00, real=0.01 secs] 
185.699: Total time for which application threads were stopped: 0.0077900 seconds, Stopping threads took: 0.0000670 seconds
185.735: Application time: 0.0354360 seconds
185.735: [GC [PSYoungGen: 17920K->2320K(20480K)] 26899K->14371K(66560K), 0.0014480 secs] [Times: user=0.01 sys=0.00, real=0.00 secs] 
185.736: Total time for which application threads were stopped: 0.0015900 seconds, Stopping threads took: 0.0000680 seconds
185.767: Application time: 0.0304380 seconds
185.767: [GC [PSYoungGen: 19254K->2304K(20480K)] 31306K->18451K(66560K), 0.0016640 secs] [Times: user=0.02 sys=0.00, real=0.00 secs] 
185.768: Total time for which application threads were stopped: 0.0018040 seconds, Stopping threads took: 0.0000700 seconds
185.800: Application time: 0.0318880 seconds
185.800: [GC [PSYoungGen: 20224K->2272K(20480K)] 36371K->21492K(66560K), 0.0014870 secs] [Times: user=0.01 sys=0.00, real=0.00 secs] 
185.802: Total time for which application threads were stopped: 0.0016110 seconds, Stopping threads took: 0.0000550 seconds
185.832: Application time: 0.0304940 seconds
185.833: [GC [PSYoungGen: 19240K->2272K(20480K)] 38460K->24564K(66560K), 0.0014200 secs] [Times: user=0.01 sys=0.00, real=0.00 secs] 
185.834: Total time for which application threads were stopped: 0.0015610 seconds, Stopping threads took: 0.0000710 seconds
185.867: Application time: 0.0333440 seconds
185.867: [GC [PSYoungGen: 20192K->2304K(20480K)] 42484K->28692K(66560K), 0.0016650 secs] [Times: user=0.01 sys=0.00, real=0.00 secs] 
185.869: Total time for which application threads were stopped: 0.0018070 seconds, Stopping threads took: 0.0000700 seconds
185.899: Application time: 0.0296300 seconds
185.899: [GC [PSYoungGen: 19279K->2304K(20480K)] 45667K->31764K(66560K), 0.0015130 secs] [Times: user=0.01 sys=0.00, real=0.00 secs] 
185.900: Total time for which application threads were stopped: 0.0016520 seconds, Stopping threads took: 0.0000650 seconds
185.933: Application time: 0.0327490 seconds
185.933: [GC [PSYoungGen: 20224K->2304K(20480K)] 49684K->35860K(66560K), 0.0017480 secs] [Times: user=0.01 sys=0.00, real=0.00 secs] 
185.935: Total time for which application threads were stopped: 0.0019100 seconds, Stopping threads took: 0.0000860 seconds
185.968: Application time: 0.0329670 seconds
185.968: [GC [PSYoungGen: 19433K->2272K(20480K)] 52989K->38900K(66560K), 0.0015180 secs] [Times: user=0.01 sys=0.00, real=0.00 secs] 
185.970: Total time for which application threads were stopped: 0.0016670 seconds, Stopping threads took: 0.0000780 seconds
186.002: Application time: 0.0323500 seconds
186.007: [GC [PSYoungGen: 19975K->2304K(20480K)] 56604K->42004K(66560K), 0.0015990 secs] [Times: user=0.01 sys=0.00, real=0.00 secs] 
186.008: Total time for which application threads were stopped: 0.0060850 seconds, Stopping threads took: 0.0044200 seconds
186.041: Application time: 0.0331530 seconds
186.041: [GC [PSYoungGen: 19707K->2272K(20480K)] 59407K->45044K(66560K), 0.0016730 secs] [Times: user=0.01 sys=0.00, real=0.00 secs] 
186.043: [Full GC [PSYoungGen: 2272K->0K(20480K)] [ParOldGen: 42772K->8983K(46080K)] 45044K->8983K(66560K) [PSPermGen: 5528K->5528K(21504K)], 0.0058630 secs] [Times: user=0.02 sys=0.00, real=0.00 secs] 
186.049: Total time for which application threads were stopped: 0.0077370 seconds, Stopping threads took: 0.0000800 seconds
186.079: Application time: 0.0300870 seconds
186.079: [GC [PSYoungGen: 17547K->2304K(20480K)] 26530K->14359K(66560K), 0.0014450 secs] [Times: user=0.01 sys=0.00, real=0.00 secs] 
186.081: Total time for which application threads were stopped: 0.0016000 seconds, Stopping threads took: 0.0000770 seconds
186.117: Application time: 0.0360820 seconds
186.117: [GC [PSYoungGen: 19818K->2304K(20480K)] 31873K->17431K(66560K), 0.0014320 secs] [Times: user=0.01 sys=0.00, real=0.00 secs] 
186.118: Total time for which application threads were stopped: 0.0015790 seconds, Stopping threads took: 0.0000770 seconds
186.150: Application time: 0.0311270 seconds
186.150: [GC [PSYoungGen: 19893K->2240K(20480K)] 35021K->20439K(66560K), 0.0014080 secs] [Times: user=0.00 sys=0.00, real=0.01 secs] 
186.151: Total time for which application threads were stopped: 0.0015910 seconds, Stopping threads took: 0.0001100 seconds
186.187: Application time: 0.0355100 seconds
186.187: [GC [PSYoungGen: 19666K->2304K(20480K)] 37866K->22551K(66560K), 0.0011620 secs] [Times: user=0.01 sys=0.00, real=0.00 secs] 
186.188: Total time for which application threads were stopped: 0.0013070 seconds, Stopping threads took: 0.0000760 seconds
186.216: Application time: 0.0277740 seconds
186.216: [GC [PSYoungGen: 19730K->2304K(20480K)] 39978K->25623K(66560K), 0.0014580 secs] [Times: user=0.01 sys=0.00, real=0.00 secs] 
186.217: Total time for which application threads were stopped: 0.0016020 seconds, Stopping threads took: 0.0000750 seconds
186.252: Application time: 0.0342430 seconds
186.252: [GC [PSYoungGen: 19894K->2304K(20480K)] 43214K->27671K(66560K), 0.0012530 secs] [Times: user=0.01 sys=0.00, real=0.00 secs] 
186.253: Total time for which application threads were stopped: 0.0014080 seconds, Stopping threads took: 0.0000900 seconds
186.284: Application time: 0.0309960 seconds
186.284: [GC [PSYoungGen: 19853K->2336K(20480K)] 45221K->31799K(66560K), 0.0017430 secs] [Times: user=0.01 sys=0.00, real=0.00 secs] 
186.286: Total time for which application threads were stopped: 0.0018880 seconds, Stopping threads took: 0.0000740 seconds
186.321: Application time: 0.0348860 seconds
186.321: [GC [PSYoungGen: 20229K->2432K(20480K)] 49693K->33943K(66560K), 0.0012570 secs] [Times: user=0.01 sys=0.00, real=0.00 secs] 
186.322: Total time for which application threads were stopped: 0.0014570 seconds, Stopping threads took: 0.0001280 seconds
186.352: Application time: 0.0300850 seconds
186.352: [GC [PSYoungGen: 20018K->2464K(20480K)] 51529K->38071K(66560K), 0.0017040 secs] [Times: user=0.01 sys=0.00, real=0.00 secs] 
186.354: Total time for which application threads were stopped: 0.0018390 seconds, Stopping threads took: 0.0000640 seconds
186.390: Application time: 0.0353820 seconds
186.390: [GC [PSYoungGen: 20113K->2512K(20480K)] 55721K->40167K(66560K), 0.0012660 secs] [Times: user=0.00 sys=0.00, real=0.01 secs] 
186.391: Total time for which application threads were stopped: 0.0014330 seconds, Stopping threads took: 0.0000950 seconds
186.418: Application time: 0.0268010 seconds
186.418: [GC [PSYoungGen: 20023K->2528K(20480K)] 57679K->44279K(66560K), 0.0017850 secs] [Times: user=0.01 sys=0.00, real=0.01 secs] 
186.420: [Full GC [PSYoungGen: 2528K->0K(20480K)] [ParOldGen: 41751K->9992K(46080K)] 44279K->9992K(66560K) [PSPermGen: 5528K->5528K(21504K)], 0.0061480 secs] [Times: user=0.03 sys=0.00, real=0.00 secs] 
186.426: Total time for which application threads were stopped: 0.0081280 seconds, Stopping threads took: 0.0000780 seconds
186.463: Application time: 0.0372360 seconds
186.463: [GC [PSYoungGen: 17413K->2304K(20480K)] 27405K->16392K(66560K), 0.0016980 secs] [Times: user=0.01 sys=0.00, real=0.00 secs] 
186.465: Total time for which application threads were stopped: 0.0018480 seconds, Stopping threads took: 0.0000750 seconds
186.493: Application time: 0.0278750 seconds
186.493: [GC [PSYoungGen: 20008K->2304K(20480K)] 34096K->20488K(66560K), 0.0017460 secs] [Times: user=0.01 sys=0.00, real=0.00 secs] 
186.495: Total time for which application threads were stopped: 0.0018850 seconds, Stopping threads took: 0.0000660 seconds
186.528: Application time: 0.0331980 seconds
186.528: [GC [PSYoungGen: 19390K->2304K(20480K)] 37575K->24584K(66560K), 0.0017450 secs] [Times: user=0.01 sys=0.00, real=0.00 secs] 
186.530: Total time for which application threads were stopped: 0.0018820 seconds, Stopping threads took: 0.0000660 seconds
186.561: Application time: 0.0314020 seconds
186.561: [GC [PSYoungGen: 20188K->2304K(20480K)] 42469K->28681K(66560K), 0.0017540 secs] [Times: user=0.01 sys=0.00, real=0.00 secs] 
186.563: Total time for which application threads were stopped: 0.0018900 seconds, Stopping threads took: 0.0000650 seconds
186.596: Application time: 0.0331700 seconds
186.596: [GC [PSYoungGen: 19416K->2304K(20480K)] 45793K->31753K(66560K), 0.0015530 secs] [Times: user=0.01 sys=0.00, real=0.00 secs] 
186.598: Total time for which application threads were stopped: 0.0017240 seconds, Stopping threads took: 0.0000930 seconds
186.628: Application time: 0.0294760 seconds
186.628: [GC [PSYoungGen: 20159K->2272K(20480K)] 49608K->36841K(66560K), 0.0021080 secs] [Times: user=0.01 sys=0.00, real=0.00 secs] 
186.630: Total time for which application threads were stopped: 0.0022470 seconds, Stopping threads took: 0.0000660 seconds
186.666: Application time: 0.0361950 seconds
186.666: [GC [PSYoungGen: 19446K->2304K(20480K)] 54015K->39945K(66560K), 0.0015400 secs] [Times: user=0.01 sys=0.00, real=0.00 secs] 
186.668: Total time for which application threads were stopped: 0.0016970 seconds, Stopping threads took: 0.0000870 seconds
186.697: Application time: 0.0289630 seconds
186.697: [GC [PSYoungGen: 20182K->2304K(20480K)] 57823K->45065K(66560K), 0.0020950 secs] [Times: user=0.02 sys=0.00, real=0.01 secs] 
186.699: [Full GC [PSYoungGen: 2304K->0K(20480K)] [ParOldGen: 42761K->11009K(46080K)] 45065K->11009K(66560K) [PSPermGen: 5528K->5528K(21504K)], 0.0064030 secs] [Times: user=0.02 sys=0.00, real=0.00 secs] 
186.705: Total time for which application threads were stopped: 0.0086900 seconds, Stopping threads took: 0.0000680 seconds
186.741: Application time: 0.0360220 seconds
186.741: [GC [PSYoungGen: 17103K->2272K(20480K)] 28113K->16353K(66560K), 0.0014520 secs] [Times: user=0.01 sys=0.00, real=0.00 secs] 
186.743: Total time for which application threads were stopped: 0.0015970 seconds, Stopping threads took: 0.0000740 seconds
186.771: Application time: 0.0279510 seconds
186.771: [GC [PSYoungGen: 19178K->2304K(20480K)] 33260K->20481K(66560K), 0.0017790 secs] [Times: user=0.02 sys=0.00, real=0.00 secs] 
186.773: Total time for which application threads were stopped: 0.0019280 seconds, Stopping threads took: 0.0000790 seconds
186.807: Application time: 0.0340750 seconds
186.807: [GC [PSYoungGen: 20224K->2256K(20480K)] 38401K->23505K(66560K), 0.0014600 secs] [Times: user=0.01 sys=0.00, real=0.00 secs] 
186.809: Total time for which application threads were stopped: 0.0016110 seconds, Stopping threads took: 0.0000800 seconds
186.840: Application time: 0.0313100 seconds
186.840: [GC [PSYoungGen: 19372K->2304K(20480K)] 40622K->28674K(66560K), 0.0019980 secs] [Times: user=0.01 sys=0.00, real=0.00 secs] 
186.842: Total time for which application threads were stopped: 0.0021560 seconds, Stopping threads took: 0.0000860 seconds
186.875: Application time: 0.0329340 seconds
186.875: [GC [PSYoungGen: 20125K->2304K(20480K)] 46495K->30722K(66560K), 0.0012460 secs] [Times: user=0.01 sys=0.00, real=0.00 secs] 
186.876: Total time for which application threads were stopped: 0.0013860 seconds, Stopping threads took: 0.0000700 seconds
186.908: Application time: 0.0315840 seconds
186.908: [GC [PSYoungGen: 19496K->2304K(20480K)] 47914K->34818K(66560K), 0.0017830 secs] [Times: user=0.01 sys=0.00, real=0.00 secs] 
186.910: Total time for which application threads were stopped: 0.0019250 seconds, Stopping threads took: 0.0000670 seconds
186.943: Application time: 0.0331970 seconds
186.943: [GC [PSYoungGen: 20215K->2304K(20480K)] 52729K->37890K(66560K), 0.0015400 secs] [Times: user=0.01 sys=0.00, real=0.00 secs] 
186.945: Total time for which application threads were stopped: 0.0016790 seconds, Stopping threads took: 0.0000670 seconds
186.977: Application time: 0.0320360 seconds
186.977: [GC [PSYoungGen: 19625K->2320K(20480K)] 55211K->40978K(66560K), 0.0015000 secs] [Times: user=0.01 sys=0.00, real=0.00 secs] 
186.978: Total time for which application threads were stopped: 0.0016450 seconds, Stopping threads took: 0.0000730 seconds
187.011: Application time: 0.0330990 seconds
187.012: [GC [PSYoungGen: 20213K->2352K(20480K)] 58871K->43058K(66560K), 0.0013360 secs] [Times: user=0.01 sys=0.00, real=0.00 secs] 
187.013: [Full GC [PSYoungGen: 2352K->0K(20480K)] [ParOldGen: 40706K->7978K(46080K)] 43058K->7978K(66560K) [PSPermGen: 5528K->5528K(21504K)], 0.0058010 secs] [Times: user=0.02 sys=0.00, real=0.01 secs] 
187.019: Total time for which application threads were stopped: 0.0073300 seconds, Stopping threads took: 0.0000760 seconds
187.053: Application time: 0.0338320 seconds
187.053: [GC [PSYoungGen: 17630K->2368K(20480K)] 25609K->12394K(66560K), 0.0012290 secs] [Times: user=0.00 sys=0.00, real=0.00 secs] 
187.054: Total time for which application threads were stopped: 0.0013650 seconds, Stopping threads took: 0.0000640 seconds
187.086: Application time: 0.0319490 seconds
187.086: [GC [PSYoungGen: 20288K->2416K(20480K)] 30314K->14490K(66560K), 0.0012640 secs] [Times: user=0.01 sys=0.00, real=0.00 secs] 
187.087: Total time for which application threads were stopped: 0.0013830 seconds, Stopping threads took: 0.0000480 seconds
187.118: Application time: 0.0310130 seconds
187.118: [GC [PSYoungGen: 19511K->2416K(20480K)] 31585K->16538K(66560K), 0.0011780 secs] [Times: user=0.00 sys=0.00, real=0.00 secs] 
187.120: Total time for which application threads were stopped: 0.0013290 seconds, Stopping threads took: 0.0000680 seconds
187.152: Application time: 0.0327610 seconds
187.153: [GC [PSYoungGen: 20299K->2416K(20480K)] 34422K->18587K(66560K), 0.0012900 secs] [Times: user=0.01 sys=0.00, real=0.00 secs] 
187.154: Total time for which application threads were stopped: 0.0014190 seconds, Stopping threads took: 0.0000580 seconds
187.183: Application time: 0.0294150 seconds
187.183: [GC [PSYoungGen: 20199K->2416K(20480K)] 36370K->21659K(66560K), 0.0014930 secs] [Times: user=0.01 sys=0.00, real=0.00 secs] 
187.185: Total time for which application threads were stopped: 0.0016350 seconds, Stopping threads took: 0.0000740 seconds
187.222: Application time: 0.0366270 seconds
187.222: [GC [PSYoungGen: 19651K->2400K(20480K)] 38894K->23691K(66560K), 0.0011420 secs] [Times: user=0.01 sys=0.00, real=0.00 secs] 
187.223: Total time for which application threads were stopped: 0.0012970 seconds, Stopping threads took: 0.0000880 seconds
187.251: Application time: 0.0277420 seconds
187.251: [GC [PSYoungGen: 20169K->2384K(20480K)] 41460K->26747K(66560K), 0.0016000 secs] [Times: user=0.01 sys=0.00, real=0.00 secs] 
187.252: Total time for which application threads were stopped: 0.0017340 seconds, Stopping threads took: 0.0000620 seconds
187.285: Application time: 0.0325170 seconds
187.285: [GC [PSYoungGen: 20304K->2432K(20480K)] 44667K->30891K(66560K), 0.0017920 secs] [Times: user=0.02 sys=0.00, real=0.00 secs] 
187.287: Total time for which application threads were stopped: 0.0019590 seconds, Stopping threads took: 0.0000920 seconds
187.319: Application time: 0.0325980 seconds
187.320: [GC [PSYoungGen: 19549K->2416K(20480K)] 48008K->33947K(66560K), 0.0015310 secs] [Times: user=0.01 sys=0.00, real=0.00 secs] 
187.321: Total time for which application threads were stopped: 0.0016820 seconds, Stopping threads took: 0.0000780 seconds
187.353: Application time: 0.0323180 seconds
187.354: [GC [PSYoungGen: 20318K->2400K(20480K)] 51849K->38027K(66560K), 0.0018240 secs] [Times: user=0.01 sys=0.00, real=0.00 secs] 
187.355: Total time for which application threads were stopped: 0.0019610 seconds, Stopping threads took: 0.0000650 seconds
187.388: Application time: 0.0330440 seconds
187.389: [GC [PSYoungGen: 19524K->2400K(20480K)] 55151K->41099K(66560K), 0.0014430 secs] [Times: user=0.01 sys=0.00, real=0.00 secs] 
187.390: Total time for which application threads were stopped: 0.0015760 seconds, Stopping threads took: 0.0000660 seconds
187.422: Application time: 0.0324090 seconds
187.423: [GC [PSYoungGen: 20310K->2400K(20480K)] 59010K->44171K(66560K), 0.0015640 secs] [Times: user=0.01 sys=0.00, real=0.00 secs] 
187.424: [Full GC [PSYoungGen: 2400K->0K(20480K)] [ParOldGen: 41771K->8984K(46080K)] 44171K->8984K(66560K) [PSPermGen: 5528K->5528K(21504K)], 0.0059230 secs] [Times: user=0.02 sys=0.00, real=0.00 secs] 
187.430: Total time for which application threads were stopped: 0.0076890 seconds, Stopping threads took: 0.0000810 seconds
187.463: Application time: 0.0333090 seconds
187.464: [GC [PSYoungGen: 17118K->2304K(20480K)] 26102K->13336K(66560K), 0.0011690 secs] [Times: user=0.01 sys=0.00, real=0.00 secs] 
187.465: Total time for which application threads were stopped: 0.0012960 seconds, Stopping threads took: 0.0000570 seconds
187.497: Application time: 0.0321480 seconds
187.497: [GC [PSYoungGen: 20209K->2304K(20480K)] 31242K->16408K(66560K), 0.0015080 secs] [Times: user=0.01 sys=0.00, real=0.01 secs] 
187.499: Total time for which application threads were stopped: 0.0016470 seconds, Stopping threads took: 0.0000640 seconds
187.531: Application time: 0.0320370 seconds
187.531: [GC [PSYoungGen: 19329K->2304K(20480K)] 33434K->20504K(66560K), 0.0016650 secs] [Times: user=0.01 sys=0.00, real=0.00 secs] 
187.532: Total time for which application threads were stopped: 0.0018030 seconds, Stopping threads took: 0.0000640 seconds
187.565: Application time: 0.0330990 seconds
187.566: [GC [PSYoungGen: 20190K->2304K(20480K)] 38391K->24600K(66560K), 0.0018190 secs] [Times: user=0.01 sys=0.00, real=0.00 secs] 
187.567: Total time for which application threads were stopped: 0.0019960 seconds, Stopping threads took: 0.0001040 seconds
187.596: Application time: 0.0288940 seconds
187.596: [GC [PSYoungGen: 19279K->2304K(20480K)] 41575K->28696K(66560K), 0.0017670 secs] [Times: user=0.02 sys=0.00, real=0.00 secs] 
187.598: Total time for which application threads were stopped: 0.0019050 seconds, Stopping threads took: 0.0000650 seconds
187.630: Application time: 0.0314880 seconds
187.630: [GC [PSYoungGen: 19247K->2304K(20480K)] 45640K->32792K(66560K), 0.0017910 secs] [Times: user=0.01 sys=0.00, real=0.01 secs] 
187.632: Total time for which application threads were stopped: 0.0019370 seconds, Stopping threads took: 0.0000670 seconds
187.665: Application time: 0.0328440 seconds
187.665: [GC [PSYoungGen: 19442K->2320K(20480K)] 49931K->35880K(66560K), 0.0014900 secs] [Times: user=0.01 sys=0.00, real=0.00 secs] 
187.666: Total time for which application threads were stopped: 0.0016200 seconds, Stopping threads took: 0.0000540 seconds
187.698: Application time: 0.0315000 seconds
187.698: [GC [PSYoungGen: 20226K->2336K(20480K)] 53787K->41017K(66560K), 0.0020510 secs] [Times: user=0.01 sys=0.00, real=0.01 secs] 
187.700: Total time for which application threads were stopped: 0.0021930 seconds, Stopping threads took: 0.0000660 seconds
187.732: Application time: 0.0322020 seconds
187.732: [GC [PSYoungGen: 19741K->2368K(20480K)] 58422K->45145K(66560K), 0.0018850 secs] [Times: user=0.01 sys=0.00, real=0.00 secs] 
187.734: [Full GC [PSYoungGen: 2368K->0K(20480K)] [ParOldGen: 42777K->10004K(46080K)] 45145K->10004K(66560K) [PSPermGen: 5528K->5528K(21504K)], 0.0060600 secs] [Times: user=0.03 sys=0.00, real=0.01 secs] 
187.740: Total time for which application threads were stopped: 0.0081380 seconds, Stopping threads took: 0.0000730 seconds
187.772: Application time: 0.0315560 seconds
187.772: [GC [PSYoungGen: 16931K->2304K(20480K)] 26936K->15380K(66560K), 0.0014950 secs] [Times: user=0.01 sys=0.00, real=0.00 secs] 
187.773: Total time for which application threads were stopped: 0.0016400 seconds, Stopping threads took: 0.0000670 seconds
187.808: Application time: 0.0342900 seconds
187.808: [GC [PSYoungGen: 19845K->2400K(20480K)] 32922K->18548K(66560K), 0.0015230 secs] [Times: user=0.01 sys=0.00, real=0.00 secs] 
187.809: Total time for which application threads were stopped: 0.0017000 seconds, Stopping threads took: 0.0001050 seconds
187.840: Application time: 0.0308230 seconds
187.840: [GC [PSYoungGen: 20110K->2384K(20480K)] 36259K->21604K(66560K), 0.0014630 secs] [Times: user=0.01 sys=0.00, real=0.00 secs] 
187.842: Total time for which application threads were stopped: 0.0016240 seconds, Stopping threads took: 0.0000900 seconds
187.875: Application time: 0.0334150 seconds
187.875: [GC [PSYoungGen: 19657K->2432K(20480K)] 38877K->25748K(66560K), 0.0017090 secs] [Times: user=0.01 sys=0.00, real=0.00 secs] 
187.877: Total time for which application threads were stopped: 0.0018470 seconds, Stopping threads took: 0.0000640 seconds
187.906: Application time: 0.0285660 seconds
187.906: [GC [PSYoungGen: 19942K->2368K(20480K)] 43259K->28756K(66560K), 0.0015460 secs] [Times: user=0.01 sys=0.00, real=0.00 secs] 
187.907: Total time for which application threads were stopped: 0.0017510 seconds, Stopping threads took: 0.0001320 seconds
187.941: Application time: 0.0331240 seconds
187.941: [GC [PSYoungGen: 19654K->2400K(20480K)] 46043K->31860K(66560K), 0.0015270 secs] [Times: user=0.01 sys=0.00, real=0.00 secs] 
187.942: Total time for which application threads were stopped: 0.0016880 seconds, Stopping threads took: 0.0000880 seconds
187.975: Application time: 0.0330100 seconds
187.975: [GC [PSYoungGen: 20174K->2400K(20480K)] 49635K->34932K(66560K), 0.0015530 secs] [Times: user=0.01 sys=0.00, real=0.00 secs] 
187.977: Total time for which application threads were stopped: 0.0016930 seconds, Stopping threads took: 0.0000730 seconds
188.010: Application time: 0.0326360 seconds
188.010: [GC [PSYoungGen: 19682K->2384K(20480K)] 52215K->36964K(66560K), 0.0013330 secs] [Times: user=0.01 sys=0.00, real=0.01 secs] 
188.011: Total time for which application threads were stopped: 0.0014790 seconds, Stopping threads took: 0.0000780 seconds
188.044: Application time: 0.0328560 seconds
188.044: [GC [PSYoungGen: 20137K->2368K(20480K)] 54717K->38996K(66560K), 0.0012650 secs] [Times: user=0.00 sys=0.00, real=0.00 secs] 
188.045: Total time for which application threads were stopped: 0.0013980 seconds, Stopping threads took: 0.0000640 seconds
188.079: Application time: 0.0332030 seconds
188.079: [GC [PSYoungGen: 19615K->2352K(20480K)] 56244K->41028K(66560K), 0.0012780 secs] [Times: user=0.01 sys=0.00, real=0.00 secs] 
188.080: Total time for which application threads were stopped: 0.0014130 seconds, Stopping threads took: 0.0000660 seconds
188.112: Application time: 0.0319500 seconds
188.112: [GC [PSYoungGen: 20079K->2400K(20480K)] 58756K->43124K(66560K), 0.0011410 secs] [Times: user=0.01 sys=0.00, real=0.00 secs] 
188.113: Total time for which application threads were stopped: 0.0012740 seconds, Stopping threads took: 0.0000670 seconds
188.146: Application time: 0.0325290 seconds
188.146: [GC [PSYoungGen: 19594K->2416K(20480K)] 60318K->45188K(66560K), 0.0012870 secs] [Times: user=0.01 sys=0.00, real=0.00 secs] 
188.147: [Full GC [PSYoungGen: 2416K->0K(20480K)] [ParOldGen: 42772K->7947K(46080K)] 45188K->7947K(66560K) [PSPermGen: 5528K->5528K(21504K)], 0.0057410 secs] [Times: user=0.02 sys=0.00, real=0.01 secs] 
188.153: Total time for which application threads were stopped: 0.0072290 seconds, Stopping threads took: 0.0000760 seconds
188.182: Application time: 0.0287300 seconds
188.182: [GC [PSYoungGen: 17603K->2320K(20480K)] 25550K->14363K(66560K), 0.0018650 secs] [Times: user=0.01 sys=0.00, real=0.00 secs] 
188.184: Total time for which application threads were stopped: 0.0020190 seconds, Stopping threads took: 0.0000820 seconds
188.221: Application time: 0.0370500 seconds
188.221: [GC [PSYoungGen: 19770K->2208K(20480K)] 31813K->15275K(66560K), 0.0009910 secs] [Times: user=0.00 sys=0.00, real=0.00 secs] 
188.222: Total time for which application threads were stopped: 0.0011760 seconds, Stopping threads took: 0.0001180 seconds
188.250: Application time: 0.0281190 seconds
188.250: [GC [PSYoungGen: 19807K->2304K(20480K)] 32874K->19467K(66560K), 0.0017580 secs] [Times: user=0.01 sys=0.00, real=0.01 secs] 
188.252: Total time for which application threads were stopped: 0.0018940 seconds, Stopping threads took: 0.0000630 seconds
188.290: Application time: 0.0382770 seconds
188.290: [GC [PSYoungGen: 19770K->2320K(20480K)] 36933K->21531K(66560K), 0.0011460 secs] [Times: user=0.00 sys=0.00, real=0.01 secs] 
188.292: Total time for which application threads were stopped: 0.0012850 seconds, Stopping threads took: 0.0000600 seconds
188.319: Application time: 0.0275730 seconds
188.319: [GC [PSYoungGen: 19912K->2304K(20480K)] 39123K->25611K(66560K), 0.0016750 secs] [Times: user=0.02 sys=0.00, real=0.00 secs] 
188.321: Total time for which application threads were stopped: 0.0018070 seconds, Stopping threads took: 0.0000600 seconds
188.354: Application time: 0.0334070 seconds
188.354: [GC [PSYoungGen: 19451K->2304K(20480K)] 42759K->27659K(66560K), 0.0011490 secs] [Times: user=0.01 sys=0.00, real=0.00 secs] 
188.356: Total time for which application threads were stopped: 0.0012870 seconds, Stopping threads took: 0.0000700 seconds
188.384: Application time: 0.0279550 seconds
188.384: [GC [PSYoungGen: 20223K->2336K(20480K)] 45579K->32811K(66560K), 0.0020220 secs] [Times: user=0.02 sys=0.00, real=0.00 secs] 
188.386: Total time for which application threads were stopped: 0.0021670 seconds, Stopping threads took: 0.0000720 seconds
188.419: Application time: 0.0336520 seconds
188.419: [GC [PSYoungGen: 19276K->2304K(20480K)] 49751K->34827K(66560K), 0.0013290 secs] [Times: user=0.00 sys=0.00, real=0.00 secs] 
188.421: Total time for which application threads were stopped: 0.0014720 seconds, Stopping threads took: 0.0000760 seconds
188.451: Application time: 0.0302860 seconds
188.451: [GC [PSYoungGen: 19523K->2416K(20480K)] 52046K->38011K(66560K), 0.0014820 secs] [Times: user=0.01 sys=0.00, real=0.00 secs] 
188.453: Total time for which application threads were stopped: 0.0016210 seconds, Stopping threads took: 0.0000700 seconds
188.488: Application time: 0.0352860 seconds
188.488: [GC [PSYoungGen: 19890K->2528K(20480K)] 55486K->40171K(66560K), 0.0012410 secs] [Times: user=0.01 sys=0.00, real=0.00 secs] 
188.489: Total time for which application threads were stopped: 0.0013680 seconds, Stopping threads took: 0.0000580 seconds
188.517: Application time: 0.0275580 seconds
188.517: [GC [PSYoungGen: 20409K->2528K(20480K)] 58053K->44267K(66560K), 0.0018480 secs] [Times: user=0.01 sys=0.00, real=0.01 secs] 
188.519: [Full GC [PSYoungGen: 2528K->0K(20480K)] [ParOldGen: 41739K->10003K(46080K)] 44267K->10003K(66560K) [PSPermGen: 5528K->5528K(21504K)], 0.0061040 secs] [Times: user=0.02 sys=0.00, real=0.00 secs] 
188.525: Total time for which application threads were stopped: 0.0081510 seconds, Stopping threads took: 0.0000790 seconds
188.560: Application time: 0.0345820 seconds
188.560: [GC [PSYoungGen: 16903K->2304K(20480K)] 26906K->16403K(66560K), 0.0017070 secs] [Times: user=0.01 sys=0.00, real=0.00 secs] 
188.562: Total time for which application threads were stopped: 0.0018430 seconds, Stopping threads took: 0.0000610 seconds
188.592: Application time: 0.0301390 seconds
188.592: [GC [PSYoungGen: 19401K->2304K(20480K)] 33501K->19475K(66560K), 0.0014010 secs] [Times: user=0.01 sys=0.00, real=0.00 secs] 
188.593: Total time for which application threads were stopped: 0.0015360 seconds, Stopping threads took: 0.0000650 seconds
188.627: Application time: 0.0336250 seconds
188.627: [GC [PSYoungGen: 20222K->2272K(20480K)] 37393K->23539K(66560K), 0.0017660 secs] [Times: user=0.01 sys=0.00, real=0.00 secs] 
188.629: Total time for which application threads were stopped: 0.0019410 seconds, Stopping threads took: 0.0001040 seconds
188.661: Application time: 0.0324270 seconds
188.661: [GC [PSYoungGen: 19391K->2304K(20480K)] 40658K->26643K(66560K), 0.0014820 secs] [Times: user=0.01 sys=0.00, real=0.00 secs] 
188.663: Total time for which application threads were stopped: 0.0016320 seconds, Stopping threads took: 0.0000690 seconds
188.695: Application time: 0.0318290 seconds
188.695: [GC [PSYoungGen: 20127K->2240K(20480K)] 44467K->30675K(66560K), 0.0017670 secs] [Times: user=0.01 sys=0.00, real=0.00 secs] 
188.697: Total time for which application threads were stopped: 0.0019010 seconds, Stopping threads took: 0.0000630 seconds
188.730: Application time: 0.0330500 seconds
188.730: [GC [PSYoungGen: 19366K->2272K(20480K)] 47802K->34803K(66560K), 0.0016780 secs] [Times: user=0.01 sys=0.00, real=0.01 secs] 
188.731: Total time for which application threads were stopped: 0.0018380 seconds, Stopping threads took: 0.0000750 seconds
188.763: Application time: 0.0314110 seconds
188.763: [GC [PSYoungGen: 20141K->2256K(20480K)] 52673K->37859K(66560K), 0.0015830 secs] [Times: user=0.01 sys=0.00, real=0.00 secs] 
188.765: Total time for which application threads were stopped: 0.0017480 seconds, Stopping threads took: 0.0000970 seconds
188.795: Application time: 0.0303730 seconds
188.795: [GC [PSYoungGen: 19302K->2304K(20480K)] 54906K->43027K(66560K), 0.0020960 secs] [Times: user=0.01 sys=0.00, real=0.00 secs] 
188.797: [Full GC [PSYoungGen: 2304K->0K(20480K)] [ParOldGen: 40723K->11016K(46080K)] 43027K->11016K(66560K) [PSPermGen: 5528K->5528K(21504K)], 0.0063310 secs] [Times: user=0.03 sys=0.00, real=0.01 secs] 
188.804: Total time for which application threads were stopped: 0.0086290 seconds, Stopping threads took: 0.0000800 seconds
188.836: Application time: 0.0325880 seconds
188.836: [GC [PSYoungGen: 17849K->2304K(20480K)] 28865K->16392K(66560K), 0.0015250 secs] [Times: user=0.01 sys=0.00, real=0.00 secs] 
188.838: Total time for which application threads were stopped: 0.0016640 seconds, Stopping threads took: 0.0000710 seconds
188.871: Application time: 0.0332280 seconds
188.871: [GC [PSYoungGen: 19507K->2272K(20480K)] 33596K->21480K(66560K), 0.0020240 secs] [Times: user=0.01 sys=0.00, real=0.00 secs] 
188.873: Total time for which application threads were stopped: 0.0021640 seconds, Stopping threads took: 0.0000660 seconds
188.905: Application time: 0.0319730 seconds
188.905: [GC [PSYoungGen: 20040K->2304K(20480K)] 39249K->23560K(66560K), 0.0012490 secs] [Times: user=0.01 sys=0.00, real=0.00 secs] 
188.907: Total time for which application threads were stopped: 0.0013810 seconds, Stopping threads took: 0.0000640 seconds
188.939: Application time: 0.0324070 seconds
188.939: [GC [PSYoungGen: 19549K->2304K(20480K)] 40805K->27656K(66560K), 0.0016740 secs] [Times: user=0.01 sys=0.00, real=0.00 secs] 
188.941: Total time for which application threads were stopped: 0.0018200 seconds, Stopping threads took: 0.0000710 seconds
188.973: Application time: 0.0324460 seconds
188.973: [GC [PSYoungGen: 20067K->2304K(20480K)] 45420K->30728K(66560K), 0.0013830 secs] [Times: user=0.01 sys=0.00, real=0.00 secs] 
188.975: Total time for which application threads were stopped: 0.0015190 seconds, Stopping threads took: 0.0000650 seconds
189.004: Application time: 0.0294790 seconds
189.004: [GC [PSYoungGen: 19361K->2304K(20480K)] 47786K->33800K(66560K), 0.0015750 secs] [Times: user=0.01 sys=0.00, real=0.00 secs] 
189.006: Total time for which application threads were stopped: 0.0017250 seconds, Stopping threads took: 0.0000780 seconds
189.038: Application time: 0.0318770 seconds
189.038: [GC [PSYoungGen: 20055K->2304K(20480K)] 51552K->37896K(66560K), 0.0017860 secs] [Times: user=0.01 sys=0.00, real=0.01 secs] 
189.040: Total time for which application threads were stopped: 0.0019400 seconds, Stopping threads took: 0.0000800 seconds
189.074: Application time: 0.0340420 seconds
189.074: [GC [PSYoungGen: 19712K->2272K(20480K)] 55305K->40936K(66560K), 0.0014990 secs] [Times: user=0.01 sys=0.00, real=0.00 secs] 
189.076: Total time for which application threads were stopped: 0.0016440 seconds, Stopping threads took: 0.0000730 seconds
189.106: Application time: 0.0303800 seconds
189.106: [GC [PSYoungGen: 20096K->2368K(20480K)] 58761K->45128K(66560K), 0.0017850 secs] [Times: user=0.02 sys=0.00, real=0.00 secs] 
189.108: [Full GC [PSYoungGen: 2368K->0K(20480K)] [ParOldGen: 42760K->9996K(46080K)] 45128K->9996K(66560K) [PSPermGen: 5528K->5528K(21504K)], 0.0061900 secs] [Times: user=0.02 sys=0.00, real=0.01 secs] 
189.114: Total time for which application threads were stopped: 0.0081740 seconds, Stopping threads took: 0.0000790 seconds
189.148: Application time: 0.0335910 seconds
189.151: [GC [PSYoungGen: 17344K->2304K(20480K)] 27341K->15372K(66560K), 0.0015020 secs] [Times: user=0.01 sys=0.00, real=0.00 secs] 
189.152: Total time for which application threads were stopped: 0.0043350 seconds, Stopping threads took: 0.0027600 seconds
189.184: Application time: 0.0321340 seconds
189.184: [GC [PSYoungGen: 20213K->2320K(20480K)] 33281K->18460K(66560K), 0.0014710 secs] [Times: user=0.01 sys=0.00, real=0.00 secs] 
189.186: Total time for which application threads were stopped: 0.0016200 seconds, Stopping threads took: 0.0000700 seconds
189.220: Application time: 0.0336860 seconds
189.220: [GC [PSYoungGen: 20008K->2480K(20480K)] 36149K->21692K(66560K), 0.0015090 secs] [Times: user=0.01 sys=0.00, real=0.00 secs] 
189.221: Total time for which application threads were stopped: 0.0016500 seconds, Stopping threads took: 0.0000690 seconds
189.252: Application time: 0.0306960 seconds
189.252: [GC [PSYoungGen: 20242K->2480K(20480K)] 39454K->25788K(66560K), 0.0017650 secs] [Times: user=0.01 sys=0.00, real=0.00 secs] 
189.254: Total time for which application threads were stopped: 0.0019130 seconds, Stopping threads took: 0.0000770 seconds
189.289: Application time: 0.0347930 seconds
189.289: [GC [PSYoungGen: 19752K->2480K(20480K)] 43061K->27836K(66560K), 0.0012180 secs] [Times: user=0.01 sys=0.00, real=0.00 secs] 
189.290: Total time for which application threads were stopped: 0.0013700 seconds, Stopping threads took: 0.0000830 seconds
189.320: Application time: 0.0296850 seconds
189.320: [GC [PSYoungGen: 20234K->2464K(20480K)] 45591K->31916K(66560K), 0.0018020 secs] [Times: user=0.02 sys=0.00, real=0.00 secs] 
189.322: Total time for which application threads were stopped: 0.0019490 seconds, Stopping threads took: 0.0000740 seconds
189.355: Application time: 0.0332140 seconds
189.355: [GC [PSYoungGen: 19512K->2432K(20480K)] 48965K->33932K(66560K), 0.0012290 secs] [Times: user=0.01 sys=0.00, real=0.00 secs] 
189.356: Total time for which application threads were stopped: 0.0013760 seconds, Stopping threads took: 0.0000790 seconds
189.388: Application time: 0.0313400 seconds
189.388: [GC [PSYoungGen: 20352K->2464K(20480K)] 51852K->37036K(66560K), 0.0014940 secs] [Times: user=0.01 sys=0.00, real=0.00 secs] 
189.389: Total time for which application threads were stopped: 0.0016410 seconds, Stopping threads took: 0.0000790 seconds
189.422: Application time: 0.0332670 seconds
189.423: [GC [PSYoungGen: 19488K->2432K(20480K)] 54061K->40076K(66560K), 0.0015740 secs] [Times: user=0.01 sys=0.00, real=0.00 secs] 
189.424: Total time for which application threads were stopped: 0.0017250 seconds, Stopping threads took: 0.0000820 seconds
189.456: Application time: 0.0314490 seconds
189.456: [GC [PSYoungGen: 20342K->2464K(20480K)] 57987K->44204K(66560K), 0.0017060 secs] [Times: user=0.01 sys=0.00, real=0.00 secs] 
189.457: [Full GC [PSYoungGen: 2464K->0K(20480K)] [ParOldGen: 41740K->9992K(46080K)] 44204K->9992K(66560K) [PSPermGen: 5528K->5528K(21504K)], 0.0060080 secs] [Times: user=0.03 sys=0.00, real=0.01 secs] 
189.464: Total time for which application threads were stopped: 0.0079100 seconds, Stopping threads took: 0.0000780 seconds
189.497: Application time: 0.0330140 seconds
189.497: [GC [PSYoungGen: 17000K->2304K(20480K)] 26992K->15368K(66560K), 0.0014830 secs] [Times: user=0.01 sys=0.00, real=0.00 secs] 
189.498: Total time for which application threads were stopped: 0.0016240 seconds, Stopping threads took: 0.0000700 seconds
189.526: Application time: 0.0279180 seconds
189.526: [GC [PSYoungGen: 20100K->2304K(20480K)] 33165K->18440K(66560K), 0.0014320 secs] [Times: user=0.01 sys=0.00, real=0.00 secs] 
189.528: Total time for which application threads were stopped: 0.0015740 seconds, Stopping threads took: 0.0000680 seconds
189.562: Application time: 0.0346420 seconds
189.562: [GC [PSYoungGen: 19416K->2272K(20480K)] 35553K->21480K(66560K), 0.0015580 secs] [Times: user=0.01 sys=0.01, real=0.00 secs] 
189.564: Total time for which application threads were stopped: 0.0017120 seconds, Stopping threads took: 0.0000850 seconds
189.593: Application time: 0.0289830 seconds
189.593: [GC [PSYoungGen: 20098K->2304K(20480K)] 39307K->25608K(66560K), 0.0017630 secs] [Times: user=0.01 sys=0.00, real=0.00 secs] 
189.595: Total time for which application threads were stopped: 0.0019220 seconds, Stopping threads took: 0.0000760 seconds
189.630: Application time: 0.0349090 seconds
189.630: [GC [PSYoungGen: 19411K->2304K(20480K)] 42715K->28680K(66560K), 0.0014980 secs] [Times: user=0.01 sys=0.00, real=0.01 secs] 
189.632: Total time for which application threads were stopped: 0.0016520 seconds, Stopping threads took: 0.0000830 seconds
189.662: Application time: 0.0305830 seconds
189.662: [GC [PSYoungGen: 20224K->2304K(20480K)] 46600K->32776K(66560K), 0.0017910 secs] [Times: user=0.01 sys=0.00, real=0.00 secs] 
189.664: Total time for which application threads were stopped: 0.0019430 seconds, Stopping threads took: 0.0000760 seconds
189.698: Application time: 0.0339010 seconds
189.698: [GC [PSYoungGen: 19382K->2272K(20480K)] 49855K->36840K(66560K), 0.0017550 secs] [Times: user=0.01 sys=0.00, real=0.01 secs] 
189.700: Total time for which application threads were stopped: 0.0019220 seconds, Stopping threads took: 0.0000810 seconds
189.731: Application time: 0.0306960 seconds
189.731: [GC [PSYoungGen: 19209K->2240K(20480K)] 53778K->40904K(66560K), 0.0017900 secs] [Times: user=0.00 sys=0.00, real=0.00 secs] 
189.732: Total time for which application threads were stopped: 0.0019230 seconds, Stopping threads took: 0.0000600 seconds
189.766: Application time: 0.0339200 seconds
189.767: [GC [PSYoungGen: 19367K->2288K(20480K)] 58032K->43000K(66560K), 0.0012160 secs] [Times: user=0.01 sys=0.00, real=0.00 secs] 
189.768: Total time for which application threads were stopped: 0.0013650 seconds, Stopping threads took: 0.0000820 seconds
189.795: Application time: 0.0276650 seconds
189.796: [GC-- [PSYoungGen: 20207K->20207K(20480K)] 60920K->66040K(66560K), 0.0022320 secs] [Times: user=0.01 sys=0.00, real=0.00 secs] 
189.798: [Full GC [PSYoungGen: 20207K->0K(20480K)] [ParOldGen: 45833K->12040K(46080K)] 66040K->12040K(66560K) [PSPermGen: 5528K->5528K(21504K)], 0.0066760 secs] [Times: user=0.03 sys=0.00, real=0.01 secs] 
189.805: Total time for which application threads were stopped: 0.0091040 seconds, Stopping threads took: 0.0000710 seconds
189.838: Application time: 0.0336210 seconds
189.838: [GC [PSYoungGen: 17920K->2352K(20480K)] 29960K->18488K(66560K), 0.0018440 secs] [Times: user=0.01 sys=0.00, real=0.01 secs] 
189.840: Total time for which application threads were stopped: 0.0019700 seconds, Stopping threads took: 0.0000480 seconds
189.873: Application time: 0.0324110 seconds
189.873: [GC [PSYoungGen: 19702K->2368K(20480K)] 35839K->23624K(66560K), 0.0020130 secs] [Times: user=0.02 sys=0.00, real=0.00 secs] 
189.875: Total time for which application threads were stopped: 0.0021710 seconds, Stopping threads took: 0.0000800 seconds
189.907: Application time: 0.0324040 seconds
189.907: [GC [PSYoungGen: 19374K->2352K(20480K)] 40631K->25656K(66560K), 0.0012610 secs] [Times: user=0.00 sys=0.00, real=0.00 secs] 
189.909: Total time for which application threads were stopped: 0.0013900 seconds, Stopping threads took: 0.0000600 seconds
189.940: Application time: 0.0310760 seconds
189.940: [GC [PSYoungGen: 19861K->2496K(20480K)] 43166K->28872K(66560K), 0.0016180 secs] [Times: user=0.01 sys=0.00, real=0.00 secs] 
189.941: Total time for which application threads were stopped: 0.0017720 seconds, Stopping threads took: 0.0000810 seconds
189.975: Application time: 0.0331380 seconds
189.975: [GC [PSYoungGen: 20179K->2496K(20480K)] 46556K->31944K(66560K), 0.0015060 secs] [Times: user=0.01 sys=0.00, real=0.00 secs] 
189.976: Total time for which application threads were stopped: 0.0016370 seconds, Stopping threads took: 0.0000640 seconds
190.007: Application time: 0.0309370 seconds
190.007: [GC [PSYoungGen: 19738K->2496K(20480K)] 49187K->35016K(66560K), 0.0015160 secs] [Times: user=0.01 sys=0.00, real=0.00 secs] 
190.009: Total time for which application threads were stopped: 0.0017090 seconds, Stopping threads took: 0.0001250 seconds
190.041: Application time: 0.0319900 seconds
190.041: [GC [PSYoungGen: 20137K->2464K(20480K)] 52658K->39080K(66560K), 0.0018340 secs] [Times: user=0.02 sys=0.00, real=0.00 secs] 
190.043: Total time for which application threads were stopped: 0.0019930 seconds, Stopping threads took: 0.0000770 seconds
190.076: Application time: 0.0331340 seconds
190.076: [GC [PSYoungGen: 19812K->2448K(20480K)] 56429K->42136K(66560K), 0.0016030 secs] [Times: user=0.01 sys=0.00, real=0.00 secs] 
190.078: Total time for which application threads were stopped: 0.0017400 seconds, Stopping threads took: 0.0000640 seconds
190.108: Application time: 0.0303030 seconds
190.108: [GC [PSYoungGen: 20130K->2416K(20480K)] 59819K->46201K(66560K), 0.0018390 secs] [Times: user=0.01 sys=0.00, real=0.00 secs] 
190.110: [Full GC [PSYoungGen: 2416K->0K(20480K)] [ParOldGen: 43785K->9994K(46080K)] 46201K->9994K(66560K) [PSPermGen: 5528K->5528K(21504K)], 0.0062140 secs] [Times: user=0.02 sys=0.00, real=0.01 secs] 
190.116: Total time for which application threads were stopped: 0.0082550 seconds, Stopping threads took: 0.0000830 seconds
190.150: Application time: 0.0339350 seconds
190.155: [GC [PSYoungGen: 17311K->2304K(20480K)] 27306K->15370K(66560K), 0.0015150 secs] [Times: user=0.01 sys=0.00, real=0.00 secs] 
190.156: Total time for which application threads were stopped: 0.0059480 seconds, Stopping threads took: 0.0043550 seconds
190.188: Application time: 0.0319390 seconds
190.188: [GC [PSYoungGen: 20045K->2304K(20480K)] 33112K->19466K(66560K), 0.0017660 secs] [Times: user=0.01 sys=0.00, real=0.00 secs] 
190.190: Total time for which application threads were stopped: 0.0019080 seconds, Stopping threads took: 0.0000680 seconds
190.223: Application time: 0.0333530 seconds
190.223: [GC [PSYoungGen: 19578K->2304K(20480K)] 36741K->22538K(66560K), 0.0014020 secs] [Times: user=0.01 sys=0.00, real=0.00 secs] 
190.225: Total time for which application threads were stopped: 0.0015590 seconds, Stopping threads took: 0.0000740 seconds
190.255: Application time: 0.0302400 seconds
190.255: [GC [PSYoungGen: 20065K->2304K(20480K)] 40300K->26634K(66560K), 0.0017470 secs] [Times: user=0.01 sys=0.00, real=0.00 secs] 
190.257: Total time for which application threads were stopped: 0.0019120 seconds, Stopping threads took: 0.0000860 seconds
190.290: Application time: 0.0332170 seconds
190.290: [GC [PSYoungGen: 19495K->2304K(20480K)] 43826K->30731K(66560K), 0.0018090 secs] [Times: user=0.01 sys=0.00, real=0.01 secs] 
190.292: Total time for which application threads were stopped: 0.0019540 seconds, Stopping threads took: 0.0000680 seconds
190.324: Application time: 0.0319110 seconds
190.324: [GC [PSYoungGen: 20126K->2272K(20480K)] 48553K->33771K(66560K), 0.0014940 secs] [Times: user=0.01 sys=0.00, real=0.00 secs] 
190.326: Total time for which application threads were stopped: 0.0016290 seconds, Stopping threads took: 0.0000620 seconds
190.359: Application time: 0.0331810 seconds
190.359: [GC [PSYoungGen: 19448K->2304K(20480K)] 50947K->36875K(66560K), 0.0015200 secs] [Times: user=0.01 sys=0.00, real=0.00 secs] 
190.361: Total time for which application threads were stopped: 0.0016740 seconds, Stopping threads took: 0.0000830 seconds
190.392: Application time: 0.0312900 seconds
190.392: [GC [PSYoungGen: 20129K->2272K(20480K)] 54700K->40939K(66560K), 0.0017220 secs] [Times: user=0.01 sys=0.00, real=0.00 secs] 
190.394: Total time for which application threads were stopped: 0.0018660 seconds, Stopping threads took: 0.0000720 seconds
190.427: Application time: 0.0337220 seconds
190.428: [GC [PSYoungGen: 19409K->2304K(20480K)] 58076K->43019K(66560K), 0.0012780 secs] [Times: user=0.01 sys=0.00, real=0.00 secs] 
190.429: Total time for which application threads were stopped: 0.0014150 seconds, Stopping threads took: 0.0000680 seconds
190.456: Application time: 0.0275380 seconds
190.457: [GC [PSYoungGen: 19962K->2304K(20480K)] 60677K->46091K(66560K), 0.0014700 secs] [Times: user=0.01 sys=0.00, real=0.00 secs] 
190.458: [Full GC [PSYoungGen: 2304K->0K(20480K)] [ParOldGen: 43787K->8989K(46080K)] 46091K->8989K(66560K) [PSPermGen: 5528K->5528K(21504K)], 0.0060700 secs] [Times: user=0.03 sys=0.00, real=0.01 secs] 
190.464: Total time for which application threads were stopped: 0.0077470 seconds, Stopping threads took: 0.0000840 seconds
190.502: Application time: 0.0377160 seconds
190.502: [GC [PSYoungGen: 17462K->2304K(20480K)] 26452K->13341K(66560K), 0.0012080 secs] [Times: user=0.00 sys=0.01, real=0.00 secs] 
190.503: Total time for which application threads were stopped: 0.0013370 seconds, Stopping threads took: 0.0000620 seconds
190.530: Application time: 0.0268800 seconds
190.530: [GC [PSYoungGen: 20035K->2336K(20480K)] 31073K->16445K(66560K), 0.0014940 secs] [Times: user=0.01 sys=0.00, real=0.01 secs] 
190.532: Total time for which application threads were stopped: 0.0016490 seconds, Stopping threads took: 0.0000820 seconds
190.569: Application time: 0.0376530 seconds
190.570: [GC [PSYoungGen: 19787K->2368K(20480K)] 33897K->18525K(66560K), 0.0012160 secs] [Times: user=0.01 sys=0.00, real=0.01 secs] 
190.571: Total time for which application threads were stopped: 0.0013460 seconds, Stopping threads took: 0.0000590 seconds
190.599: Application time: 0.0281290 seconds
190.599: [GC [PSYoungGen: 20180K->2384K(20480K)] 36338K->21614K(66560K), 0.0014030 secs] [Times: user=0.01 sys=0.00, real=0.00 secs] 
190.600: Total time for which application threads were stopped: 0.0015550 seconds, Stopping threads took: 0.0000790 seconds
190.634: Application time: 0.0333520 seconds
190.634: [GC [PSYoungGen: 19663K->2464K(20480K)] 38893K->24766K(66560K), 0.0015370 secs] [Times: user=0.01 sys=0.00, real=0.00 secs] 
190.636: Total time for which application threads were stopped: 0.0016820 seconds, Stopping threads took: 0.0000730 seconds
190.664: Application time: 0.0283420 seconds
190.664: [GC [PSYoungGen: 20384K->2464K(20480K)] 42686K->29886K(66560K), 0.0021350 secs] [Times: user=0.01 sys=0.00, real=0.00 secs] 
190.666: Total time for which application threads were stopped: 0.0023420 seconds, Stopping threads took: 0.0001350 seconds
190.702: Application time: 0.0354210 seconds
190.703: [GC [PSYoungGen: 19633K->2496K(20480K)] 47055K->31966K(66560K), 0.0013480 secs] [Times: user=0.01 sys=0.00, real=0.00 secs] 
190.704: Total time for which application threads were stopped: 0.0022980 seconds, Stopping threads took: 0.0008820 seconds
190.734: Application time: 0.0300320 seconds
190.734: [GC [PSYoungGen: 20412K->2512K(20480K)] 49882K->37102K(66560K), 0.0021060 secs] [Times: user=0.02 sys=0.00, real=0.00 secs] 
190.736: Total time for which application threads were stopped: 0.0022750 seconds, Stopping threads took: 0.0000870 seconds
190.775: Application time: 0.0385370 seconds
190.775: [GC [PSYoungGen: 19827K->2528K(20480K)] 54417K->39174K(66560K), 0.0012660 secs] [Times: user=0.00 sys=0.00, real=0.00 secs] 
190.776: Total time for which application threads were stopped: 0.0014030 seconds, Stopping threads took: 0.0000680 seconds
190.802: Application time: 0.0258330 seconds
190.802: [GC [PSYoungGen: 20225K->2512K(20480K)] 56871K->44278K(66560K), 0.0020860 secs] [Times: user=0.01 sys=0.00, real=0.00 secs] 
190.804: [Full GC [PSYoungGen: 2512K->0K(20480K)] [ParOldGen: 41766K->11016K(46080K)] 44278K->11016K(66560K) [PSPermGen: 5528K->5528K(21504K)], 0.0063430 secs] [Times: user=0.03 sys=0.00, real=0.01 secs] 
190.811: Total time for which application threads were stopped: 0.0086260 seconds, Stopping threads took: 0.0000780 seconds
190.848: Application time: 0.0371600 seconds
190.848: [GC [PSYoungGen: 17043K->2304K(20480K)] 28060K->14344K(66560K), 0.0009280 secs] [Times: user=0.00 sys=0.00, real=0.00 secs] 
190.849: Total time for which application threads were stopped: 0.0010550 seconds, Stopping threads took: 0.0000590 seconds
190.875: Application time: 0.0260270 seconds
190.875: [GC [PSYoungGen: 19280K->2272K(20480K)] 31320K->19432K(66560K), 0.0020640 secs] [Times: user=0.02 sys=0.00, real=0.00 secs] 
190.877: Total time for which application threads were stopped: 0.0022130 seconds, Stopping threads took: 0.0000790 seconds
190.912: Application time: 0.0350930 seconds
190.912: [GC [PSYoungGen: 19921K->2304K(20480K)] 37081K->21512K(66560K), 0.0011710 secs] [Times: user=0.00 sys=0.00, real=0.00 secs] 
190.914: Total time for which application threads were stopped: 0.0013200 seconds, Stopping threads took: 0.0000700 seconds
190.945: Application time: 0.0314260 seconds
190.945: [GC [PSYoungGen: 19531K->2304K(20480K)] 38739K->25608K(66560K), 0.0016640 secs] [Times: user=0.01 sys=0.00, real=0.00 secs] 
190.947: Total time for which application threads were stopped: 0.0018150 seconds, Stopping threads took: 0.0000790 seconds
190.981: Application time: 0.0343900 seconds
190.981: [GC [PSYoungGen: 20114K->2304K(20480K)] 43419K->27656K(66560K), 0.0011570 secs] [Times: user=0.00 sys=0.01, real=0.00 secs] 
190.982: Total time for which application threads were stopped: 0.0013110 seconds, Stopping threads took: 0.0000780 seconds
191.011: Application time: 0.0283010 seconds
191.011: [GC [PSYoungGen: 19452K->2272K(20480K)] 44804K->31720K(66560K), 0.0017310 secs] [Times: user=0.01 sys=0.00, real=0.00 secs] 
191.013: Total time for which application threads were stopped: 0.0018670 seconds, Stopping threads took: 0.0000660 seconds
191.044: Application time: 0.0310090 seconds
191.044: [GC [PSYoungGen: 19952K->2272K(20480K)] 49401K->36840K(66560K), 0.0020830 secs] [Times: user=0.01 sys=0.00, real=0.00 secs] 
191.046: Total time for which application threads were stopped: 0.0022470 seconds, Stopping threads took: 0.0000900 seconds
191.078: Application time: 0.0324630 seconds
191.079: [GC [PSYoungGen: 19565K->2304K(20480K)] 54134K->40968K(66560K), 0.0017510 secs] [Times: user=0.01 sys=0.00, real=0.00 secs] 
191.080: Total time for which application threads were stopped: 0.0019170 seconds, Stopping threads took: 0.0000940 seconds
191.114: Application time: 0.0333530 seconds
191.114: [GC [PSYoungGen: 20098K->2304K(20480K)] 58763K->46088K(66560K), 0.0020140 secs] [Times: user=0.01 sys=0.00, real=0.00 secs] 
191.116: [Full GC [PSYoungGen: 2304K->0K(20480K)] [ParOldGen: 43784K->11016K(46080K)] 46088K->11016K(66560K) [PSPermGen: 5528K->5528K(21504K)], 0.0061330 secs] [Times: user=0.03 sys=0.00, real=0.01 secs] 
191.122: Total time for which application threads were stopped: 0.0083480 seconds, Stopping threads took: 0.0000810 seconds
191.154: Application time: 0.0319090 seconds
191.154: [GC [PSYoungGen: 17221K->2272K(20480K)] 28238K->17384K(66560K), 0.0018250 secs] [Times: user=0.01 sys=0.00, real=0.00 secs] 
191.156: Total time for which application threads were stopped: 0.0019710 seconds, Stopping threads took: 0.0000720 seconds
191.189: Application time: 0.0330310 seconds
191.189: [GC [PSYoungGen: 20065K->2272K(20480K)] 35178K->21480K(66560K), 0.0016760 secs] [Times: user=0.00 sys=0.01, real=0.01 secs] 
191.191: Total time for which application threads were stopped: 0.0018180 seconds, Stopping threads took: 0.0000740 seconds
191.224: Application time: 0.0331880 seconds
191.224: [GC [PSYoungGen: 19622K->2272K(20480K)] 38831K->25576K(66560K), 0.0017420 secs] [Times: user=0.01 sys=0.00, real=0.00 secs] 
191.226: Total time for which application threads were stopped: 0.0018860 seconds, Stopping threads took: 0.0000700 seconds
191.257: Application time: 0.0314350 seconds
191.257: [GC [PSYoungGen: 20129K->2336K(20480K)] 43434K->28713K(66560K), 0.0014290 secs] [Times: user=0.01 sys=0.00, real=0.01 secs] 
191.259: Total time for which application threads were stopped: 0.0015830 seconds, Stopping threads took: 0.0000770 seconds
191.292: Application time: 0.0331210 seconds
191.292: [GC [PSYoungGen: 19741K->2384K(20480K)] 46118K->32857K(66560K), 0.0018360 secs] [Times: user=0.02 sys=0.00, real=0.00 secs] 
191.294: Total time for which application threads were stopped: 0.0019880 seconds, Stopping threads took: 0.0000800 seconds
191.323: Application time: 0.0293190 seconds
191.323: [GC [PSYoungGen: 20120K->2400K(20480K)] 50593K->36969K(66560K), 0.0016980 secs] [Times: user=0.01 sys=0.00, real=0.00 secs] 
191.325: Total time for which application threads were stopped: 0.0018580 seconds, Stopping threads took: 0.0000880 seconds
191.359: Application time: 0.0342010 seconds
191.359: [GC [PSYoungGen: 20057K->2496K(20480K)] 54626K->41161K(66560K), 0.0019750 secs] [Times: user=0.01 sys=0.00, real=0.00 secs] 
191.361: Total time for which application threads were stopped: 0.0021540 seconds, Stopping threads took: 0.0001050 seconds
191.393: Application time: 0.0319000 seconds
191.393: [GC [PSYoungGen: 20345K->2544K(20480K)] 59011K->44281K(66560K), 0.0015780 secs] [Times: user=0.01 sys=0.00, real=0.00 secs] 
191.395: [Full GC [PSYoungGen: 2544K->0K(20480K)] [ParOldGen: 41737K->8986K(46080K)] 44281K->8986K(66560K) [PSPermGen: 5528K->5528K(21504K)], 0.0058400 secs] [Times: user=0.02 sys=0.00, real=0.01 secs] 
191.401: Total time for which application threads were stopped: 0.0076010 seconds, Stopping threads took: 0.0000650 seconds
191.435: Application time: 0.0339750 seconds
191.435: [GC [PSYoungGen: 17316K->2304K(20480K)] 26303K->15386K(66560K), 0.0018050 secs] [Times: user=0.01 sys=0.00, real=0.00 secs] 
191.437: Total time for which application threads were stopped: 0.0019520 seconds, Stopping threads took: 0.0000700 seconds
191.466: Application time: 0.0286920 seconds
191.466: [GC [PSYoungGen: 19899K->2272K(20480K)] 32982K->19450K(66560K), 0.0017270 secs] [Times: user=0.01 sys=0.00, real=0.00 secs] 
191.467: Total time for which application threads were stopped: 0.0018780 seconds, Stopping threads took: 0.0000760 seconds
191.505: Application time: 0.0374250 seconds
191.505: [GC [PSYoungGen: 19719K->2320K(20480K)] 36898K->22570K(66560K), 0.0014700 secs] [Times: user=0.01 sys=0.00, real=0.00 secs] 
191.507: Total time for which application threads were stopped: 0.0016270 seconds, Stopping threads took: 0.0000870 seconds
191.533: Application time: 0.0264470 seconds
191.533: [GC [PSYoungGen: 19897K->2304K(20480K)] 40148K->26651K(66560K), 0.0017770 secs] [Times: user=0.01 sys=0.00, real=0.00 secs] 
191.535: Total time for which application threads were stopped: 0.0019300 seconds, Stopping threads took: 0.0000790 seconds
191.572: Application time: 0.0371420 seconds
191.572: [GC [PSYoungGen: 19642K->2272K(20480K)] 43989K->29691K(66560K), 0.0014810 secs] [Times: user=0.01 sys=0.00, real=0.00 secs] 
191.574: Total time for which application threads were stopped: 0.0016470 seconds, Stopping threads took: 0.0000920 seconds
191.602: Application time: 0.0284150 seconds
191.602: [GC [PSYoungGen: 19980K->2304K(20480K)] 47399K->33819K(66560K), 0.0017540 secs] [Times: user=0.01 sys=0.00, real=0.00 secs] 
191.604: Total time for which application threads were stopped: 0.0019060 seconds, Stopping threads took: 0.0000810 seconds
191.642: Application time: 0.0380140 seconds
191.642: [GC [PSYoungGen: 19667K->2272K(20480K)] 51183K->35835K(66560K), 0.0011710 secs] [Times: user=0.01 sys=0.00, real=0.00 secs] 
191.643: Total time for which application threads were stopped: 0.0013100 seconds, Stopping threads took: 0.0000690 seconds
191.670: Application time: 0.0270070 seconds
191.671: [GC [PSYoungGen: 19885K->2272K(20480K)] 53448K->38907K(66560K), 0.0014230 secs] [Times: user=0.01 sys=0.00, real=0.00 secs] 
191.672: Total time for which application threads were stopped: 0.0015820 seconds, Stopping threads took: 0.0000880 seconds
191.708: Application time: 0.0360290 seconds
191.708: [GC [PSYoungGen: 19350K->2272K(20480K)] 55985K->40955K(66560K), 0.0014370 secs] [Times: user=0.01 sys=0.00, real=0.00 secs] 
191.710: Total time for which application threads were stopped: 0.0016390 seconds, Stopping threads took: 0.0000990 seconds
191.739: Application time: 0.0292630 seconds
191.739: [GC [PSYoungGen: 20185K->2304K(20480K)] 58868K->44059K(66560K), 0.0014240 secs] [Times: user=0.00 sys=0.00, real=0.00 secs] 
191.740: [Full GC [PSYoungGen: 2304K->0K(20480K)] [ParOldGen: 41755K->8968K(46080K)] 44059K->8968K(66560K) [PSPermGen: 5528K->5528K(21504K)], 0.0062790 secs] [Times: user=0.03 sys=0.00, real=0.00 secs] 
191.747: Total time for which application threads were stopped: 0.0079000 seconds, Stopping threads took: 0.0000790 seconds
191.781: Application time: 0.0346420 seconds
191.782: [GC [PSYoungGen: 17920K->2304K(20480K)] 26888K->14344K(66560K), 0.0014600 secs] [Times: user=0.01 sys=0.00, real=0.00 secs] 
191.783: Total time for which application threads were stopped: 0.0016420 seconds, Stopping threads took: 0.0000920 seconds
191.815: Application time: 0.0323390 seconds
191.816: [GC [PSYoungGen: 19433K->2272K(20480K)] 31474K->16360K(66560K), 0.0011400 secs] [Times: user=0.01 sys=0.00, real=0.00 secs] 
191.817: Total time for which application threads were stopped: 0.0012760 seconds, Stopping threads took: 0.0000710 seconds
191.850: Application time: 0.0335780 seconds
191.850: [GC [PSYoungGen: 20174K->2304K(20480K)] 34262K->17416K(66560K), 0.0010440 secs] [Times: user=0.00 sys=0.00, real=0.01 secs] 
191.852: Total time for which application threads were stopped: 0.0012210 seconds, Stopping threads took: 0.0001070 seconds
191.883: Application time: 0.0313820 seconds
191.883: [GC [PSYoungGen: 19391K->2272K(20480K)] 34504K->20456K(66560K), 0.0014960 secs] [Times: user=0.01 sys=0.00, real=0.00 secs] 
191.885: Total time for which application threads were stopped: 0.0016380 seconds, Stopping threads took: 0.0000720 seconds
191.918: Application time: 0.0334890 seconds
191.918: [GC [PSYoungGen: 20192K->2304K(20480K)] 38376K->22536K(66560K), 0.0011380 secs] [Times: user=0.01 sys=0.00, real=0.01 secs] 
191.919: Total time for which application threads were stopped: 0.0012940 seconds, Stopping threads took: 0.0000900 seconds
191.949: Application time: 0.0300770 seconds
191.951: [GC [PSYoungGen: 19436K->2304K(20480K)] 39668K->25608K(66560K), 0.0014820 secs] [Times: user=0.01 sys=0.00, real=0.00 secs] 
191.952: Total time for which application threads were stopped: 0.0026540 seconds, Stopping threads took: 0.0011020 seconds
191.987: Application time: 0.0344780 seconds
191.987: [GC [PSYoungGen: 20224K->2336K(20480K)] 43528K->28712K(66560K), 0.0013290 secs] [Times: user=0.01 sys=0.00, real=0.00 secs] 
191.988: Total time for which application threads were stopped: 0.0014680 seconds, Stopping threads took: 0.0000690 seconds
192.018: Application time: 0.0300840 seconds
192.018: [GC [PSYoungGen: 19714K->2416K(20480K)] 46091K->31864K(66560K), 0.0014800 secs] [Times: user=0.01 sys=0.00, real=0.01 secs] 
192.020: Total time for which application threads were stopped: 0.0016220 seconds, Stopping threads took: 0.0000720 seconds
192.050: Application time: 0.0298420 seconds
192.050: [GC [PSYoungGen: 20003K->2416K(20480K)] 49452K->35960K(66560K), 0.0018360 secs] [Times: user=0.01 sys=0.00, real=0.01 secs] 
192.052: Total time for which application threads were stopped: 0.0019790 seconds, Stopping threads took: 0.0000670 seconds
192.088: Application time: 0.0360300 seconds
192.088: [GC [PSYoungGen: 20166K->2528K(20480K)] 53711K->38120K(66560K), 0.0012270 secs] [Times: user=0.00 sys=0.00, real=0.00 secs] 
192.089: Total time for which application threads were stopped: 0.0013640 seconds, Stopping threads took: 0.0000700 seconds
192.119: Application time: 0.0303750 seconds
192.119: [GC [PSYoungGen: 20231K->2512K(20480K)] 55823K->41176K(66560K), 0.0015500 secs] [Times: user=0.01 sys=0.00, real=0.00 secs] 
192.121: Total time for which application threads were stopped: 0.0016810 seconds, Stopping threads took: 0.0000630 seconds
192.152: Application time: 0.0308990 seconds
192.152: [GC [PSYoungGen: 19559K->2528K(20480K)] 58224K->44264K(66560K), 0.0016350 secs] [Times: user=0.02 sys=0.00, real=0.00 secs] 
192.154: [Full GC [PSYoungGen: 2528K->0K(20480K)] [ParOldGen: 41736K->8988K(46080K)] 44264K->8988K(66560K) [PSPermGen: 5528K->5528K(21504K)], 0.0057430 secs] [Times: user=0.02 sys=0.00, real=0.01 secs] 
192.159: Total time for which application threads were stopped: 0.0075610 seconds, Stopping threads took: 0.0000670 seconds
192.191: Application time: 0.0320170 seconds
192.192: [GC [PSYoungGen: 17861K->2304K(20480K)] 26849K->15388K(66560K), 0.0017960 secs] [Times: user=0.01 sys=0.00, real=0.00 secs] 
192.193: Total time for which application threads were stopped: 0.0019400 seconds, Stopping threads took: 0.0000730 seconds
192.227: Application time: 0.0338330 seconds
192.227: [GC [PSYoungGen: 19506K->2304K(20480K)] 32590K->18460K(66560K), 0.0014950 secs] [Times: user=0.01 sys=0.00, real=0.00 secs] 
192.229: Total time for which application threads were stopped: 0.0016560 seconds, Stopping threads took: 0.0000910 seconds
192.260: Application time: 0.0312130 seconds
192.260: [GC [PSYoungGen: 20145K->2304K(20480K)] 36301K->23580K(66560K), 0.0019750 secs] [Times: user=0.01 sys=0.00, real=0.00 secs] 
192.262: Total time for which application threads were stopped: 0.0021100 seconds, Stopping threads took: 0.0000580 seconds
192.296: Application time: 0.0335770 seconds
192.296: [GC [PSYoungGen: 19458K->2304K(20480K)] 40735K->26652K(66560K), 0.0013830 secs] [Times: user=0.01 sys=0.00, real=0.00 secs] 
192.297: Total time for which application threads were stopped: 0.0015260 seconds, Stopping threads took: 0.0000690 seconds
192.326: Application time: 0.0282560 seconds
192.326: [GC [PSYoungGen: 20143K->2304K(20480K)] 44491K->31772K(66560K), 0.0021200 secs] [Times: user=0.02 sys=0.00, real=0.00 secs] 
192.328: Total time for which application threads were stopped: 0.0022650 seconds, Stopping threads took: 0.0000700 seconds
192.360: Application time: 0.0324600 seconds
192.363: [GC [PSYoungGen: 19306K->2304K(20480K)] 48775K->35868K(66560K), 0.0017510 secs] [Times: user=0.01 sys=0.00, real=0.00 secs] 
192.364: Total time for which application threads were stopped: 0.0039670 seconds, Stopping threads took: 0.0021440 seconds
192.395: Application time: 0.0310480 seconds
192.395: [GC [PSYoungGen: 19300K->2272K(20480K)] 52865K->39932K(66560K), 0.0017600 secs] [Times: user=0.01 sys=0.00, real=0.00 secs] 
192.397: Total time for which application threads were stopped: 0.0019080 seconds, Stopping threads took: 0.0000780 seconds
192.431: Application time: 0.0333830 seconds
192.431: [GC [PSYoungGen: 19281K->2304K(20480K)] 56942K->44060K(66560K), 0.0017430 secs] [Times: user=0.01 sys=0.00, real=0.00 secs] 
192.433: [Full GC [PSYoungGen: 2304K->0K(20480K)] [ParOldGen: 41756K->9990K(46080K)] 44060K->9990K(66560K) [PSPermGen: 5528K->5528K(21504K)], 0.0062680 secs] [Times: user=0.02 sys=0.01, real=0.01 secs] 
192.439: Total time for which application threads were stopped: 0.0082060 seconds, Stopping threads took: 0.0000790 seconds
192.469: Application time: 0.0296890 seconds
192.469: [GC [PSYoungGen: 17909K->2304K(20480K)] 27899K->17414K(66560K), 0.0020700 secs] [Times: user=0.01 sys=0.00, real=0.01 secs] 
192.471: Total time for which application threads were stopped: 0.0022250 seconds, Stopping threads took: 0.0000820 seconds
192.505: Application time: 0.0338770 seconds
192.505: [GC [PSYoungGen: 19350K->2304K(20480K)] 34461K->21510K(66560K), 0.0017260 secs] [Times: user=0.01 sys=0.00, real=0.00 secs] 
192.507: Total time for which application threads were stopped: 0.0018730 seconds, Stopping threads took: 0.0000720 seconds
192.536: Application time: 0.0299280 seconds
192.537: [GC [PSYoungGen: 20224K->2272K(20480K)] 39430K->26598K(66560K), 0.0020840 secs] [Times: user=0.02 sys=0.00, real=0.01 secs] 
192.539: Total time for which application threads were stopped: 0.0022350 seconds, Stopping threads took: 0.0000740 seconds
192.573: Application time: 0.0343310 seconds
192.573: [GC [PSYoungGen: 19366K->2304K(20480K)] 43692K->30726K(66560K), 0.0017720 secs] [Times: user=0.01 sys=0.00, real=0.00 secs] 
192.575: Total time for which application threads were stopped: 0.0019290 seconds, Stopping threads took: 0.0000820 seconds
192.606: Application time: 0.0309010 seconds
192.606: [GC [PSYoungGen: 20224K->2304K(20480K)] 48646K->34822K(66560K), 0.0018030 secs] [Times: user=0.01 sys=0.00, real=0.00 secs] 
192.608: Total time for which application threads were stopped: 0.0019720 seconds, Stopping threads took: 0.0000970 seconds
192.641: Application time: 0.0331100 seconds
192.641: [GC [PSYoungGen: 19470K->2336K(20480K)] 51989K->38950K(66560K), 0.0017780 secs] [Times: user=0.01 sys=0.00, real=0.00 secs] 
192.643: Total time for which application threads were stopped: 0.0019250 seconds, Stopping threads took: 0.0000680 seconds
192.674: Application time: 0.0306470 seconds
192.674: [GC [PSYoungGen: 19329K->2368K(20480K)] 55944K->42055K(66560K), 0.0015150 secs] [Times: user=0.01 sys=0.00, real=0.00 secs] 
192.675: Total time for which application threads were stopped: 0.0016740 seconds, Stopping threads took: 0.0000860 seconds
192.708: Application time: 0.0328350 seconds
192.709: [GC [PSYoungGen: 19414K->2368K(20480K)] 59101K->44103K(66560K), 0.0014460 secs] [Times: user=0.01 sys=0.00, real=0.00 secs] 
192.710: [Full GC [PSYoungGen: 2368K->0K(20480K)] [ParOldGen: 41735K->7965K(46080K)] 44103K->7965K(66560K) [PSPermGen: 5528K->5528K(21504K)], 0.0057430 secs] [Times: user=0.01 sys=0.00, real=0.01 secs] 
192.716: Total time for which application threads were stopped: 0.0080200 seconds, Stopping threads took: 0.0007120 seconds
192.747: Application time: 0.0311740 seconds
192.747: [GC [PSYoungGen: 17125K->2304K(20480K)] 25090K->13341K(66560K), 0.0014570 secs] [Times: user=0.01 sys=0.00, real=0.00 secs] 
192.749: Total time for which application threads were stopped: 0.0016010 seconds, Stopping threads took: 0.0000730 seconds
192.781: Application time: 0.0323710 seconds
192.783: [GC [PSYoungGen: 19379K->2368K(20480K)] 30417K->15453K(66560K), 0.0012020 secs] [Times: user=0.01 sys=0.00, real=0.00 secs] 
192.784: Total time for which application threads were stopped: 0.0025550 seconds, Stopping threads took: 0.0012830 seconds
192.815: Application time: 0.0312330 seconds
192.815: [GC [PSYoungGen: 19554K->2368K(20480K)] 32639K->18525K(66560K), 0.0015190 secs] [Times: user=0.01 sys=0.00, real=0.00 secs] 
192.817: Total time for which application threads were stopped: 0.0016650 seconds, Stopping threads took: 0.0000670 seconds
192.850: Application time: 0.0332020 seconds
192.850: [GC [PSYoungGen: 20285K->2416K(20480K)] 36442K->20621K(66560K), 0.0011650 secs] [Times: user=0.01 sys=0.00, real=0.01 secs] 
192.851: Total time for which application threads were stopped: 0.0013010 seconds, Stopping threads took: 0.0000670 seconds
192.880: Application time: 0.0290290 seconds
192.880: [GC [PSYoungGen: 19349K->2416K(20480K)] 37554K->23693K(66560K), 0.0014910 secs] [Times: user=0.01 sys=0.00, real=0.00 secs] 
192.882: Total time for which application threads were stopped: 0.0016350 seconds, Stopping threads took: 0.0000760 seconds
192.915: Application time: 0.0327800 seconds
192.915: [GC [PSYoungGen: 20216K->2448K(20480K)] 41494K->25773K(66560K), 0.0011970 secs] [Times: user=0.00 sys=0.00, real=0.00 secs] 
192.916: Total time for which application threads were stopped: 0.0013330 seconds, Stopping threads took: 0.0000690 seconds
192.947: Application time: 0.0314390 seconds
192.948: [GC [PSYoungGen: 19588K->2432K(20480K)] 42914K->28829K(66560K), 0.0014590 secs] [Times: user=0.01 sys=0.00, real=0.00 secs] 
192.949: Total time for which application threads were stopped: 0.0016080 seconds, Stopping threads took: 0.0000780 seconds
192.982: Application time: 0.0331620 seconds
192.982: [GC [PSYoungGen: 20242K->2400K(20480K)] 46640K->30845K(66560K), 0.0013240 secs] [Times: user=0.00 sys=0.00, real=0.00 secs] 
192.984: Total time for which application threads were stopped: 0.0014740 seconds, Stopping threads took: 0.0000830 seconds
193.016: Application time: 0.0321460 seconds
193.019: [GC [PSYoungGen: 19618K->2448K(20480K)] 48063K->32941K(66560K), 0.0012230 secs] [Times: user=0.01 sys=0.00, real=0.00 secs] 
193.020: Total time for which application threads were stopped: 0.0039720 seconds, Stopping threads took: 0.0026820 seconds
193.051: Application time: 0.0308520 seconds
193.051: [GC [PSYoungGen: 20172K->2400K(20480K)] 50666K->36989K(66560K), 0.0018630 secs] [Times: user=0.01 sys=0.00, real=0.00 secs] 
193.053: Total time for which application threads were stopped: 0.0020000 seconds, Stopping threads took: 0.0000650 seconds
193.084: Application time: 0.0315440 seconds
193.084: [GC [PSYoungGen: 19501K->2464K(20480K)] 54091K->41150K(66560K), 0.0018450 secs] [Times: user=0.01 sys=0.00, real=0.00 secs] 
193.086: Total time for which application threads were stopped: 0.0019880 seconds, Stopping threads took: 0.0000740 seconds
193.119: Application time: 0.0331170 seconds
193.119: [GC [PSYoungGen: 20384K->2432K(20480K)] 59070K->46238K(66560K), 0.0019730 secs] [Times: user=0.01 sys=0.00, real=0.00 secs] 
193.121: [Full GC [PSYoungGen: 2432K->0K(20480K)] [ParOldGen: 43806K->11022K(46080K)] 46238K->11022K(66560K) [PSPermGen: 5528K->5528K(21504K)], 0.0062700 secs] [Times: user=0.03 sys=0.00, real=0.00 secs] 
193.128: Total time for which application threads were stopped: 0.0084480 seconds, Stopping threads took: 0.0000840 seconds
193.158: Application time: 0.0304620 seconds
193.158: [GC [PSYoungGen: 17032K->2304K(20480K)] 28055K->17422K(66560K), 0.0017660 secs] [Times: user=0.01 sys=0.00, real=0.01 secs] 
193.160: Total time for which application threads were stopped: 0.0019020 seconds, Stopping threads took: 0.0000620 seconds
193.189: Application time: 0.0287140 seconds
193.189: [GC [PSYoungGen: 20164K->2304K(20480K)] 35282K->22543K(66560K), 0.0021310 secs] [Times: user=0.02 sys=0.00, real=0.01 secs] 
193.191: Total time for which application threads were stopped: 0.0022850 seconds, Stopping threads took: 0.0000780 seconds
193.226: Application time: 0.0353870 seconds
193.227: [GC [PSYoungGen: 19468K->2272K(20480K)] 39707K->26607K(66560K), 0.0018530 secs] [Times: user=0.01 sys=0.00, real=0.00 secs] 
193.229: Total time for which application threads were stopped: 0.0020690 seconds, Stopping threads took: 0.0001460 seconds
193.259: Application time: 0.0306760 seconds
193.260: [GC [PSYoungGen: 20169K->2304K(20480K)] 44504K->31759K(66560K), 0.0020710 secs] [Times: user=0.02 sys=0.00, real=0.00 secs] 
193.262: Total time for which application threads were stopped: 0.0024130 seconds, Stopping threads took: 0.0002650 seconds
193.296: Application time: 0.0343660 seconds
193.296: [GC [PSYoungGen: 19411K->2304K(20480K)] 48866K->35855K(66560K), 0.0017660 secs] [Times: user=0.02 sys=0.00, real=0.00 secs] 
193.298: Total time for which application threads were stopped: 0.0019240 seconds, Stopping threads took: 0.0000830 seconds
193.328: Application time: 0.0300870 seconds
193.328: [GC [PSYoungGen: 20210K->2304K(20480K)] 53761K->40975K(66560K), 0.0020950 secs] [Times: user=0.01 sys=0.00, real=0.00 secs] 
193.330: Total time for which application threads were stopped: 0.0022530 seconds, Stopping threads took: 0.0000690 seconds
193.365: Application time: 0.0346860 seconds
193.365: [GC [PSYoungGen: 19512K->2336K(20480K)] 58184K->45103K(66560K), 0.0017290 secs] [Times: user=0.01 sys=0.00, real=0.00 secs] 
193.367: [Full GC [PSYoungGen: 2336K->0K(20480K)] [ParOldGen: 42767K->9999K(46080K)] 45103K->9999K(66560K) [PSPermGen: 5528K->5528K(21504K)], 0.0060340 secs] [Times: user=0.02 sys=0.00, real=0.01 secs] 
193.373: Total time for which application threads were stopped: 0.0079600 seconds, Stopping threads took: 0.0000750 seconds
193.403: Application time: 0.0298590 seconds
193.403: [GC [PSYoungGen: 16974K->2352K(20480K)] 26974K->16448K(66560K), 0.0017500 secs] [Times: user=0.02 sys=0.00, real=0.00 secs] 
193.405: Total time for which application threads were stopped: 0.0019000 seconds, Stopping threads took: 0.0000730 seconds
193.437: Application time: 0.0320690 seconds
193.437: [GC [PSYoungGen: 19488K->2336K(20480K)] 33584K->20528K(66560K), 0.0018440 secs] [Times: user=0.02 sys=0.00, real=0.01 secs] 
193.439: Total time for which application threads were stopped: 0.0019910 seconds, Stopping threads took: 0.0000750 seconds
193.470: Application time: 0.0316600 seconds
193.471: [GC [PSYoungGen: 19336K->2384K(20480K)] 37528K->23648K(66560K), 0.0014790 secs] [Times: user=0.01 sys=0.00, real=0.00 secs] 
193.472: Total time for which application threads were stopped: 0.0016300 seconds, Stopping threads took: 0.0000770 seconds
193.505: Application time: 0.0332340 seconds
193.505: [GC [PSYoungGen: 19689K->2448K(20480K)] 40953K->26784K(66560K), 0.0015380 secs] [Times: user=0.01 sys=0.00, real=0.00 secs] 
193.507: Total time for which application threads were stopped: 0.0017040 seconds, Stopping threads took: 0.0000940 seconds
193.537: Application time: 0.0299220 seconds
193.537: [GC [PSYoungGen: 19433K->2496K(20480K)] 43769K->29904K(66560K), 0.0015030 secs] [Times: user=0.01 sys=0.00, real=0.01 secs] 
193.539: Total time for which application threads were stopped: 0.0016380 seconds, Stopping threads took: 0.0000620 seconds
193.572: Application time: 0.0330110 seconds
193.572: [GC [PSYoungGen: 19532K->2480K(20480K)] 46941K->31936K(66560K), 0.0013020 secs] [Times: user=0.00 sys=0.00, real=0.00 secs] 
193.573: Total time for which application threads were stopped: 0.0014390 seconds, Stopping threads took: 0.0000700 seconds
193.603: Application time: 0.0301370 seconds
193.603: [GC [PSYoungGen: 20296K->2480K(20480K)] 49752K->33984K(66560K), 0.0013070 secs] [Times: user=0.01 sys=0.00, real=0.00 secs] 
193.605: Total time for which application threads were stopped: 0.0014420 seconds, Stopping threads took: 0.0000660 seconds
193.638: Application time: 0.0333380 seconds
193.638: [GC [PSYoungGen: 19457K->2464K(20480K)] 50961K->36016K(66560K), 0.0012450 secs] [Times: user=0.01 sys=0.00, real=0.01 secs] 
193.639: Total time for which application threads were stopped: 0.0014000 seconds, Stopping threads took: 0.0000850 seconds
193.671: Application time: 0.0312820 seconds
193.671: [GC [PSYoungGen: 20384K->2496K(20480K)] 53936K->40144K(66560K), 0.0017530 secs] [Times: user=0.01 sys=0.00, real=0.00 secs] 
193.673: Total time for which application threads were stopped: 0.0018930 seconds, Stopping threads took: 0.0000680 seconds
193.707: Application time: 0.0341430 seconds
193.707: [GC [PSYoungGen: 19564K->2432K(20480K)] 57213K->41104K(66560K), 0.0012110 secs] [Times: user=0.01 sys=0.00, real=0.00 secs] 
193.708: Total time for which application threads were stopped: 0.0014280 seconds, Stopping threads took: 0.0001430 seconds
193.737: Application time: 0.0289280 seconds
193.737: [GC [PSYoungGen: 20329K->2496K(20480K)] 59001K->44240K(66560K), 0.0015660 secs] [Times: user=0.02 sys=0.00, real=0.01 secs] 
193.739: [Full GC [PSYoungGen: 2496K->0K(20480K)] [ParOldGen: 41744K->8976K(46080K)] 44240K->8976K(66560K) [PSPermGen: 5528K->5528K(21504K)], 0.0058940 secs] [Times: user=0.02 sys=0.00, real=0.00 secs] 
193.745: Total time for which application threads were stopped: 0.0076580 seconds, Stopping threads took: 0.0000840 seconds
193.779: Application time: 0.0340730 seconds
193.779: [GC [PSYoungGen: 17920K->2304K(20480K)] 26896K->13328K(66560K), 0.0011710 secs] [Times: user=0.01 sys=0.00, real=0.00 secs] 
193.780: Total time for which application threads were stopped: 0.0013040 seconds, Stopping threads took: 0.0000650 seconds
193.811: Application time: 0.0310320 seconds
193.811: [GC [PSYoungGen: 19379K->2304K(20480K)] 30403K->16400K(66560K), 0.0014210 secs] [Times: user=0.01 sys=0.00, real=0.00 secs] 
193.813: Total time for which application threads were stopped: 0.0015720 seconds, Stopping threads took: 0.0000790 seconds
193.845: Application time: 0.0327780 seconds
193.846: [GC [PSYoungGen: 20091K->2304K(20480K)] 34188K->18448K(66560K), 0.0012240 secs] [Times: user=0.01 sys=0.00, real=0.00 secs] 
193.847: Total time for which application threads were stopped: 0.0013840 seconds, Stopping threads took: 0.0000830 seconds
193.877: Application time: 0.0302970 seconds
193.877: [GC [PSYoungGen: 19480K->2272K(20480K)] 35625K->22513K(66560K), 0.0017150 secs] [Times: user=0.01 sys=0.00, real=0.01 secs] 
193.879: Total time for which application threads were stopped: 0.0019190 seconds, Stopping threads took: 0.0001280 seconds
193.914: Application time: 0.0350640 seconds
193.914: [GC [PSYoungGen: 20192K->2304K(20480K)] 40433K->24593K(66560K), 0.0011960 secs] [Times: user=0.01 sys=0.00, real=0.00 secs] 
193.915: Total time for which application threads were stopped: 0.0013340 seconds, Stopping threads took: 0.0000720 seconds
193.947: Application time: 0.0310250 seconds
193.947: [GC [PSYoungGen: 19438K->2304K(20480K)] 41727K->27665K(66560K), 0.0014090 secs] [Times: user=0.01 sys=0.00, real=0.00 secs] 
193.948: Total time for which application threads were stopped: 0.0015680 seconds, Stopping threads took: 0.0000860 seconds
193.982: Application time: 0.0339180 seconds
193.982: [GC [PSYoungGen: 20224K->2304K(20480K)] 45585K->31761K(66560K), 0.0018000 secs] [Times: user=0.02 sys=0.00, real=0.00 secs] 
193.984: Total time for which application threads were stopped: 0.0019510 seconds, Stopping threads took: 0.0000780 seconds
194.012: Application time: 0.0282010 seconds
194.012: [GC [PSYoungGen: 19207K->2272K(20480K)] 48664K->34801K(66560K), 0.0014530 secs] [Times: user=0.01 sys=0.00, real=0.00 secs] 
194.014: Total time for which application threads were stopped: 0.0015940 seconds, Stopping threads took: 0.0000710 seconds
194.048: Application time: 0.0346250 seconds
194.048: [GC [PSYoungGen: 19341K->2320K(20480K)] 51870K->37921K(66560K), 0.0014640 secs] [Times: user=0.01 sys=0.00, real=0.00 secs] 
194.050: Total time for which application threads were stopped: 0.0015980 seconds, Stopping threads took: 0.0000620 seconds
194.079: Application time: 0.0294740 seconds
194.080: [GC [PSYoungGen: 19331K->2304K(20480K)] 54932K->40977K(66560K), 0.0014980 secs] [Times: user=0.01 sys=0.00, real=0.00 secs] 
194.081: Total time for which application threads were stopped: 0.0016390 seconds, Stopping threads took: 0.0000740 seconds
194.115: Application time: 0.0343180 seconds
194.119: [GC [PSYoungGen: 19314K->2336K(20480K)] 57987K->43057K(66560K), 0.0011900 secs] [Times: user=0.01 sys=0.00, real=0.00 secs] 
194.120: Total time for which application threads were stopped: 0.0043370 seconds, Stopping threads took: 0.0030820 seconds
194.148: Application time: 0.0277840 seconds
194.148: [GC [PSYoungGen: 19443K->2368K(20480K)] 60165K->47185K(66560K), 0.0017130 secs] [Times: user=0.01 sys=0.00, real=0.00 secs] 
194.149: [Full GC [PSYoungGen: 2368K->0K(20480K)] [ParOldGen: 44817K->9995K(46080K)] 47185K->9995K(66560K) [PSPermGen: 5528K->5528K(21504K)], 0.0061380 secs] [Times: user=0.03 sys=0.01, real=0.01 secs] 
194.156: Total time for which application threads were stopped: 0.0080420 seconds, Stopping threads took: 0.0000710 seconds
194.186: Application time: 0.0307120 seconds
194.186: [GC [PSYoungGen: 17661K->2304K(20480K)] 27656K->15371K(66560K), 0.0015280 secs] [Times: user=0.01 sys=0.00, real=0.00 secs] 
194.188: Total time for which application threads were stopped: 0.0016800 seconds, Stopping threads took: 0.0000820 seconds
194.218: Application time: 0.0302890 seconds
194.218: [GC [PSYoungGen: 19842K->2368K(20480K)] 32910K->20555K(66560K), 0.0021260 secs] [Times: user=0.02 sys=0.00, real=0.01 secs] 
194.221: Total time for which application threads were stopped: 0.0022940 seconds, Stopping threads took: 0.0000930 seconds
194.255: Application time: 0.0342170 seconds
194.255: [GC [PSYoungGen: 20251K->2432K(20480K)] 38439K->23691K(66560K), 0.0015560 secs] [Times: user=0.01 sys=0.00, real=0.00 secs] 
194.256: Total time for which application threads were stopped: 0.0017000 seconds, Stopping threads took: 0.0000750 seconds
194.288: Application time: 0.0317640 seconds
194.288: [GC [PSYoungGen: 19828K->2432K(20480K)] 41088K->28812K(66560K), 0.0021390 secs] [Times: user=0.01 sys=0.00, real=0.01 secs] 
194.291: Total time for which application threads were stopped: 0.0023340 seconds, Stopping threads took: 0.0001180 seconds
194.324: Application time: 0.0330230 seconds
194.324: [GC [PSYoungGen: 20016K->2432K(20480K)] 46396K->31884K(66560K), 0.0015070 secs] [Times: user=0.01 sys=0.00, real=0.00 secs] 
194.325: Total time for which application threads were stopped: 0.0016400 seconds, Stopping threads took: 0.0000600 seconds
194.358: Application time: 0.0331400 seconds
194.359: [GC [PSYoungGen: 19907K->2432K(20480K)] 49359K->37004K(66560K), 0.0021000 secs] [Times: user=0.02 sys=0.00, real=0.00 secs] 
194.361: Total time for which application threads were stopped: 0.0022620 seconds, Stopping threads took: 0.0000770 seconds
194.392: Application time: 0.0313420 seconds
194.392: [GC [PSYoungGen: 19960K->2384K(20480K)] 54532K->41052K(66560K), 0.0017330 secs] [Times: user=0.01 sys=0.00, real=0.00 secs] 
194.394: Total time for which application threads were stopped: 0.0018710 seconds, Stopping threads took: 0.0000670 seconds
194.428: Application time: 0.0345150 seconds
194.429: [GC [PSYoungGen: 19914K->2368K(20480K)] 58582K->45132K(66560K), 0.0018740 secs] [Times: user=0.01 sys=0.00, real=0.00 secs] 
194.430: [Full GC [PSYoungGen: 2368K->0K(20480K)] [ParOldGen: 42764K->10010K(46080K)] 45132K->10010K(66560K) [PSPermGen: 5528K->5528K(21504K)], 0.0059390 secs] [Times: user=0.03 sys=0.00, real=0.01 secs] 
194.436: Total time for which application threads were stopped: 0.0080250 seconds, Stopping threads took: 0.0000920 seconds
194.465: Application time: 0.0283240 seconds
194.465: [GC [PSYoungGen: 17430K->2304K(20480K)] 27441K->17434K(66560K), 0.0020570 secs] [Times: user=0.02 sys=0.00, real=0.00 secs] 
194.467: Total time for which application threads were stopped: 0.0021970 seconds, Stopping threads took: 0.0000640 seconds
194.504: Application time: 0.0366670 seconds
194.504: [GC [PSYoungGen: 19901K->2304K(20480K)] 35032K->21530K(66560K), 0.0017650 secs] [Times: user=0.01 sys=0.00, real=0.00 secs] 
194.506: Total time for which application threads were stopped: 0.0019040 seconds, Stopping threads took: 0.0000650 seconds
194.533: Application time: 0.0279150 seconds
194.534: [GC [PSYoungGen: 19754K->2304K(20480K)] 38981K->25627K(66560K), 0.0017380 secs] [Times: user=0.01 sys=0.00, real=0.00 secs] 
194.535: Total time for which application threads were stopped: 0.0018810 seconds, Stopping threads took: 0.0000710 seconds
194.573: Application time: 0.0380920 seconds
194.574: [GC [PSYoungGen: 19918K->2304K(20480K)] 43241K->29723K(66560K), 0.0017020 secs] [Times: user=0.01 sys=0.00, real=0.00 secs] 
194.575: Total time for which application threads were stopped: 0.0018480 seconds, Stopping threads took: 0.0000720 seconds
194.601: Application time: 0.0256900 seconds
194.601: [GC [PSYoungGen: 19665K->2304K(20480K)] 47084K->33819K(66560K), 0.0017940 secs] [Times: user=0.01 sys=0.00, real=0.00 secs] 
194.603: Total time for which application threads were stopped: 0.0019330 seconds, Stopping threads took: 0.0000640 seconds
194.640: Application time: 0.0367940 seconds
194.640: [GC [PSYoungGen: 19791K->2272K(20480K)] 51306K->36859K(66560K), 0.0015550 secs] [Times: user=0.01 sys=0.00, real=0.00 secs] 
194.641: Total time for which application threads were stopped: 0.0017240 seconds, Stopping threads took: 0.0000970 seconds
194.669: Application time: 0.0280570 seconds
194.670: [GC [PSYoungGen: 19785K->2304K(20480K)] 54372K->40987K(66560K), 0.0017600 secs] [Times: user=0.02 sys=0.00, real=0.01 secs] 
194.671: Total time for which application threads were stopped: 0.0019170 seconds, Stopping threads took: 0.0000820 seconds
194.709: Application time: 0.0374910 seconds
194.710: [GC [PSYoungGen: 19806K->2272K(20480K)] 58489K->43003K(66560K), 0.0015390 secs] [Times: user=0.01 sys=0.01, real=0.01 secs] 
194.712: [Full GC [PSYoungGen: 2272K->0K(20480K)] [ParOldGen: 40731K->7985K(46080K)] 43003K->7985K(66560K) [PSPermGen: 5528K->5528K(21504K)], 0.0058390 secs] [Times: user=0.02 sys=0.00, real=0.00 secs] 
194.718: Total time for which application threads were stopped: 0.0090160 seconds, Stopping threads took: 0.0015130 seconds
194.744: Application time: 0.0263730 seconds
194.744: [GC [PSYoungGen: 17461K->2304K(20480K)] 25446K->14385K(66560K), 0.0017080 secs] [Times: user=0.01 sys=0.00, real=0.00 secs] 
194.746: Total time for which application threads were stopped: 0.0018510 seconds, Stopping threads took: 0.0000730 seconds
194.785: Application time: 0.0387920 seconds
194.785: [GC [PSYoungGen: 19928K->2320K(20480K)] 32009K->16449K(66560K), 0.0012120 secs] [Times: user=0.01 sys=0.00, real=0.00 secs] 
194.786: Total time for which application threads were stopped: 0.0013740 seconds, Stopping threads took: 0.0000890 seconds
194.812: Application time: 0.0259050 seconds
194.812: [GC [PSYoungGen: 19823K->2304K(20480K)] 33952K->20529K(66560K), 0.0017470 secs] [Times: user=0.01 sys=0.00, real=0.00 secs] 
194.814: Total time for which application threads were stopped: 0.0018870 seconds, Stopping threads took: 0.0000700 seconds
194.853: Application time: 0.0387690 seconds
194.853: [GC [PSYoungGen: 19933K->2336K(20480K)] 38158K->22609K(66560K), 0.0012040 secs] [Times: user=0.01 sys=0.00, real=0.00 secs] 
194.854: Total time for which application threads were stopped: 0.0013490 seconds, Stopping threads took: 0.0000740 seconds
194.881: Application time: 0.0272630 seconds
194.882: [GC [PSYoungGen: 20087K->2400K(20480K)] 40361K->26769K(66560K), 0.0017320 secs] [Times: user=0.01 sys=0.00, real=0.00 secs] 
194.883: Total time for which application threads were stopped: 0.0018770 seconds, Stopping threads took: 0.0000610 seconds
194.919: Application time: 0.0354190 seconds
194.919: [GC [PSYoungGen: 19652K->2384K(20480K)] 44022K->27777K(66560K), 0.0011010 secs] [Times: user=0.00 sys=0.00, real=0.00 secs] 
194.920: Total time for which application threads were stopped: 0.0012210 seconds, Stopping threads took: 0.0000550 seconds
194.947: Application time: 0.0266830 seconds
194.951: [GC [PSYoungGen: 19360K->2480K(20480K)] 44754K->31969K(66560K), 0.0017650 secs] [Times: user=0.01 sys=0.00, real=0.00 secs] 
194.952: Total time for which application threads were stopped: 0.0056550 seconds, Stopping threads took: 0.0038210 seconds
194.987: Application time: 0.0344100 seconds
194.987: [GC [PSYoungGen: 20394K->2512K(20480K)] 49884K->36098K(66560K), 0.0018480 secs] [Times: user=0.01 sys=0.00, real=0.00 secs] 
194.989: Total time for which application threads were stopped: 0.0019980 seconds, Stopping threads took: 0.0000790 seconds
195.020: Application time: 0.0308090 seconds
195.020: [GC [PSYoungGen: 19761K->2528K(20480K)] 53347K->39194K(66560K), 0.0015400 secs] [Times: user=0.01 sys=0.00, real=0.00 secs] 
195.021: Total time for which application threads were stopped: 0.0016990 seconds, Stopping threads took: 0.0000900 seconds
195.055: Application time: 0.0335980 seconds
195.055: [GC [PSYoungGen: 20261K->2512K(20480K)] 56927K->42250K(66560K), 0.0015880 secs] [Times: user=0.01 sys=0.00, real=0.00 secs] 
195.057: Total time for which application threads were stopped: 0.0017260 seconds, Stopping threads took: 0.0000680 seconds
195.090: Application time: 0.0329410 seconds
195.090: [GC [PSYoungGen: 19816K->2496K(20480K)] 59554K->44282K(66560K), 0.0012200 secs] [Times: user=0.01 sys=0.00, real=0.01 secs] 
195.091: [Full GC [PSYoungGen: 2496K->0K(20480K)] [ParOldGen: 41786K->7969K(46080K)] 44282K->7969K(66560K) [PSPermGen: 5528K->5528K(21504K)], 0.0056500 secs] [Times: user=0.02 sys=0.00, real=0.00 secs] 
195.097: Total time for which application threads were stopped: 0.0070530 seconds, Stopping threads took: 0.0000690 seconds
195.130: Application time: 0.0333060 seconds
195.130: [GC [PSYoungGen: 17800K->2304K(20480K)] 25770K->12321K(66560K), 0.0012420 secs] [Times: user=0.01 sys=0.00, real=0.01 secs] 
195.131: Total time for which application threads were stopped: 0.0013830 seconds, Stopping threads took: 0.0000780 seconds
195.159: Application time: 0.0277970 seconds
195.159: [GC [PSYoungGen: 19397K->2304K(20480K)] 29415K->16417K(66560K), 0.0018420 secs] [Times: user=0.01 sys=0.00, real=0.00 secs] 
195.161: Total time for which application threads were stopped: 0.0019940 seconds, Stopping threads took: 0.0000780 seconds
195.199: Application time: 0.0382330 seconds
195.199: [GC [PSYoungGen: 20152K->2304K(20480K)] 34266K->18465K(66560K), 0.0011500 secs] [Times: user=0.01 sys=0.00, real=0.00 secs] 
195.201: Total time for which application threads were stopped: 0.0012880 seconds, Stopping threads took: 0.0000720 seconds
195.228: Application time: 0.0278250 seconds
195.229: [GC [PSYoungGen: 19514K->2304K(20480K)] 35676K->22561K(66560K), 0.0018150 secs] [Times: user=0.02 sys=0.00, real=0.00 secs] 
195.230: Total time for which application threads were stopped: 0.0019920 seconds, Stopping threads took: 0.0001040 seconds
195.262: Application time: 0.0311100 seconds
195.262: [GC [PSYoungGen: 19651K->2304K(20480K)] 39909K->26657K(66560K), 0.0016750 secs] [Times: user=0.01 sys=0.00, real=0.00 secs] 
195.263: Total time for which application threads were stopped: 0.0018260 seconds, Stopping threads took: 0.0000790 seconds
195.300: Application time: 0.0362660 seconds
195.300: [GC [PSYoungGen: 19944K->2288K(20480K)] 44298K->28689K(66560K), 0.0012720 secs] [Times: user=0.01 sys=0.00, real=0.00 secs] 
195.301: Total time for which application threads were stopped: 0.0014170 seconds, Stopping threads took: 0.0000740 seconds
195.327: Application time: 0.0261560 seconds
195.327: [GC [PSYoungGen: 19649K->2272K(20480K)] 46051K->31745K(66560K), 0.0015610 secs] [Times: user=0.01 sys=0.00, real=0.00 secs] 
195.329: Total time for which application threads were stopped: 0.0017550 seconds, Stopping threads took: 0.0001250 seconds
195.367: Application time: 0.0384330 seconds
195.368: [GC [PSYoungGen: 19885K->2304K(20480K)] 49359K->34849K(66560K), 0.0014150 secs] [Times: user=0.00 sys=0.00, real=0.00 secs] 
195.369: Total time for which application threads were stopped: 0.0015640 seconds, Stopping threads took: 0.0000780 seconds
195.398: Application time: 0.0288330 seconds
195.398: [GC [PSYoungGen: 19796K->2272K(20480K)] 52342K->36865K(66560K), 0.0012360 secs] [Times: user=0.00 sys=0.00, real=0.01 secs] 
195.399: Total time for which application threads were stopped: 0.0013710 seconds, Stopping threads took: 0.0000560 seconds
195.433: Application time: 0.0335270 seconds
195.433: [GC [PSYoungGen: 19599K->2272K(20480K)] 54193K->39938K(66560K), 0.0016010 secs] [Times: user=0.01 sys=0.00, real=0.00 secs] 
195.434: Total time for which application threads were stopped: 0.0017560 seconds, Stopping threads took: 0.0000730 seconds
195.467: Application time: 0.0325780 seconds
195.467: [GC [PSYoungGen: 19994K->2304K(20480K)] 57660K->42018K(66560K), 0.0011610 secs] [Times: user=0.01 sys=0.00, real=0.00 secs] 
195.468: Total time for which application threads were stopped: 0.0013170 seconds, Stopping threads took: 0.0000860 seconds
195.502: Application time: 0.0335400 seconds
195.502: [GC [PSYoungGen: 19688K->2304K(20480K)] 59402K->45090K(66560K), 0.0014940 secs] [Times: user=0.01 sys=0.00, real=0.00 secs] 
195.504: [Full GC [PSYoungGen: 2304K->0K(20480K)] [ParOldGen: 42786K->8970K(46080K)] 45090K->8970K(66560K) [PSPermGen: 5528K->5528K(21504K)], 0.0059220 secs] [Times: user=0.03 sys=0.00, real=0.00 secs] 
195.510: Total time for which application threads were stopped: 0.0075960 seconds, Stopping threads took: 0.0000650 seconds
195.539: Application time: 0.0296580 seconds
195.543: [GC [PSYoungGen: 17653K->2304K(20480K)] 26623K->16394K(66560K), 0.0020280 secs] [Times: user=0.01 sys=0.00, real=0.00 secs] 
195.545: Total time for which application threads were stopped: 0.0054310 seconds, Stopping threads took: 0.0033330 seconds
195.580: Application time: 0.0355730 seconds
195.580: [GC [PSYoungGen: 19890K->2336K(20480K)] 33980K->18474K(66560K), 0.0012940 secs] [Times: user=0.00 sys=0.00, real=0.00 secs] 
195.582: Total time for which application threads were stopped: 0.0014350 seconds, Stopping threads took: 0.0000730 seconds
195.611: Application time: 0.0297400 seconds
195.611: [GC [PSYoungGen: 20121K->2368K(20480K)] 36260K->23626K(66560K), 0.0020620 secs] [Times: user=0.02 sys=0.00, real=0.00 secs] 
195.614: Total time for which application threads were stopped: 0.0021920 seconds, Stopping threads took: 0.0000590 seconds
195.649: Application time: 0.0358970 seconds
195.650: [GC [PSYoungGen: 19918K->2432K(20480K)] 41176K->25738K(66560K), 0.0012280 secs] [Times: user=0.01 sys=0.00, real=0.01 secs] 
195.651: Total time for which application threads were stopped: 0.0013690 seconds, Stopping threads took: 0.0000700 seconds
195.674: Application time: 0.0227280 seconds
195.674: [GC [PSYoungGen: 20127K->2496K(20480K)] 43433K->30922K(66560K), 0.0021900 secs] [Times: user=0.02 sys=0.00, real=0.00 secs] 
195.676: Total time for which application threads were stopped: 0.0024140 seconds, Stopping threads took: 0.0001480 seconds
195.713: Application time: 0.0369160 seconds
195.713: [GC [PSYoungGen: 19581K->2448K(20480K)] 48008K->33946K(66560K), 0.0015510 secs] [Times: user=0.01 sys=0.00, real=0.00 secs] 
195.715: Total time for which application threads were stopped: 0.0016890 seconds, Stopping threads took: 0.0000680 seconds
195.744: Application time: 0.0290430 seconds
195.744: [GC [PSYoungGen: 19483K->2528K(20480K)] 50981K->39146K(66560K), 0.0021460 secs] [Times: user=0.02 sys=0.00, real=0.00 secs] 
195.746: Total time for which application threads were stopped: 0.0023230 seconds, Stopping threads took: 0.0001030 seconds
195.779: Application time: 0.0329410 seconds
195.779: [GC [PSYoungGen: 20362K->2480K(20480K)] 56981K->43194K(66560K), 0.0018940 secs] [Times: user=0.01 sys=0.00, real=0.00 secs] 
195.781: [Full GC [PSYoungGen: 2480K->0K(20480K)] [ParOldGen: 40714K->9996K(46080K)] 43194K->9996K(66560K) [PSPermGen: 5528K->5528K(21504K)], 0.0061960 secs] [Times: user=0.03 sys=0.00, real=0.00 secs] 
195.787: Total time for which application threads were stopped: 0.0082790 seconds, Stopping threads took: 0.0000700 seconds
195.819: Application time: 0.0315350 seconds
195.819: [GC [PSYoungGen: 17177K->2304K(20480K)] 27174K->16396K(66560K), 0.0017450 secs] [Times: user=0.01 sys=0.00, real=0.00 secs] 
195.821: Total time for which application threads were stopped: 0.0018860 seconds, Stopping threads took: 0.0000680 seconds
195.855: Application time: 0.0346290 seconds
195.855: [GC [PSYoungGen: 20187K->2304K(20480K)] 34279K->20492K(66560K), 0.0017720 secs] [Times: user=0.01 sys=0.00, real=0.00 secs] 
195.857: Total time for which application threads were stopped: 0.0019050 seconds, Stopping threads took: 0.0000620 seconds
195.887: Application time: 0.0299180 seconds
195.887: [GC [PSYoungGen: 19427K->2272K(20480K)] 37616K->24556K(66560K), 0.0018030 secs] [Times: user=0.01 sys=0.00, real=0.00 secs] 
195.889: Total time for which application threads were stopped: 0.0019470 seconds, Stopping threads took: 0.0000710 seconds
195.923: Application time: 0.0344650 seconds
195.924: [GC [PSYoungGen: 20159K->2208K(20480K)] 42443K->28588K(66560K), 0.0018970 secs] [Times: user=0.00 sys=0.00, real=0.00 secs] 
195.926: Total time for which application threads were stopped: 0.0020550 seconds, Stopping threads took: 0.0000720 seconds
195.957: Application time: 0.0311170 seconds
195.957: [GC [PSYoungGen: 19386K->2304K(20480K)] 45766K->31756K(66560K), 0.0015470 secs] [Times: user=0.01 sys=0.00, real=0.00 secs] 
195.958: Total time for which application threads were stopped: 0.0017000 seconds, Stopping threads took: 0.0000850 seconds
195.992: Application time: 0.0337880 seconds
195.992: [GC [PSYoungGen: 20105K->2304K(20480K)] 49558K->36876K(66560K), 0.0020090 secs] [Times: user=0.02 sys=0.00, real=0.00 secs] 
195.994: Total time for which application threads were stopped: 0.0021590 seconds, Stopping threads took: 0.0000720 seconds
196.026: Application time: 0.0321390 seconds
196.027: [GC [PSYoungGen: 19566K->2288K(20480K)] 54139K->38908K(66560K), 0.0012860 secs] [Times: user=0.01 sys=0.00, real=0.00 secs] 
196.028: Total time for which application threads were stopped: 0.0014390 seconds, Stopping threads took: 0.0000830 seconds
196.061: Application time: 0.0331800 seconds
196.061: [GC [PSYoungGen: 20079K->2304K(20480K)] 56699K->43020K(66560K), 0.0017490 secs] [Times: user=0.01 sys=0.00, real=0.00 secs] 
196.063: [Full GC [PSYoungGen: 2304K->0K(20480K)] [ParOldGen: 40716K->10014K(46080K)] 43020K->10014K(66560K) [PSPermGen: 5528K->5528K(21504K)], 0.0062670 secs] [Times: user=0.02 sys=0.00, real=0.00 secs] 
196.069: Total time for which application threads were stopped: 0.0082200 seconds, Stopping threads took: 0.0000850 seconds
196.102: Application time: 0.0329860 seconds
196.102: [GC [PSYoungGen: 17278K->2272K(20480K)] 27292K->14334K(66560K), 0.0012720 secs] [Times: user=0.00 sys=0.01, real=0.00 secs] 
196.104: Total time for which application threads were stopped: 0.0014260 seconds, Stopping threads took: 0.0000840 seconds
196.135: Application time: 0.0308320 seconds
196.135: [GC [PSYoungGen: 19981K->2304K(20480K)] 32044K->18462K(66560K), 0.0017190 secs] [Times: user=0.01 sys=0.00, real=0.00 secs] 
196.136: Total time for which application threads were stopped: 0.0018840 seconds, Stopping threads took: 0.0000920 seconds
196.169: Application time: 0.0330400 seconds
196.170: [GC [PSYoungGen: 19561K->2304K(20480K)] 35720K->21534K(66560K), 0.0014540 secs] [Times: user=0.00 sys=0.00, real=0.01 secs] 
196.171: Total time for which application threads were stopped: 0.0016080 seconds, Stopping threads took: 0.0000820 seconds
196.202: Application time: 0.0305800 seconds
196.202: [GC [PSYoungGen: 19971K->2304K(20480K)] 39201K->24606K(66560K), 0.0014500 secs] [Times: user=0.01 sys=0.00, real=0.00 secs] 
196.203: Total time for which application threads were stopped: 0.0016010 seconds, Stopping threads took: 0.0000790 seconds
196.236: Application time: 0.0329580 seconds
196.236: [GC [PSYoungGen: 19626K->2304K(20480K)] 41929K->27678K(66560K), 0.0014800 secs] [Times: user=0.01 sys=0.00, real=0.00 secs] 
196.238: Total time for which application threads were stopped: 0.0016270 seconds, Stopping threads took: 0.0000750 seconds
196.270: Application time: 0.0318060 seconds
196.270: [GC [PSYoungGen: 20182K->2288K(20480K)] 45557K->29710K(66560K), 0.0012520 secs] [Times: user=0.01 sys=0.00, real=0.01 secs] 
196.271: Total time for which application threads were stopped: 0.0014470 seconds, Stopping threads took: 0.0001270 seconds
196.305: Application time: 0.0334220 seconds
196.305: [GC [PSYoungGen: 19712K->2384K(20480K)] 47135K->31854K(66560K), 0.0012540 secs] [Times: user=0.01 sys=0.00, real=0.00 secs] 
196.306: Total time for which application threads were stopped: 0.0013860 seconds, Stopping threads took: 0.0000650 seconds
196.338: Application time: 0.0325610 seconds
196.339: [GC [PSYoungGen: 20304K->2400K(20480K)] 49774K->32894K(66560K), 0.0010450 secs] [Times: user=0.01 sys=0.00, real=0.00 secs] 
196.340: Total time for which application threads were stopped: 0.0011780 seconds, Stopping threads took: 0.0000650 seconds
196.372: Application time: 0.0320280 seconds
196.372: [GC [PSYoungGen: 19763K->2464K(20480K)] 50258K->35006K(66560K), 0.0012620 secs] [Times: user=0.01 sys=0.00, real=0.00 secs] 
196.373: Total time for which application threads were stopped: 0.0014030 seconds, Stopping threads took: 0.0000730 seconds
196.402: Application time: 0.0292680 seconds
196.402: [GC [PSYoungGen: 20066K->2512K(20480K)] 52609K->37102K(66560K), 0.0012600 secs] [Times: user=0.01 sys=0.00, real=0.00 secs] 
196.404: Total time for which application threads were stopped: 0.0014210 seconds, Stopping threads took: 0.0000880 seconds
196.439: Application time: 0.0348780 seconds
196.439: [GC [PSYoungGen: 19961K->2512K(20480K)] 54552K->38127K(66560K), 0.0010690 secs] [Times: user=0.01 sys=0.00, real=0.00 secs] 
196.440: Total time for which application threads were stopped: 0.0012230 seconds, Stopping threads took: 0.0000770 seconds
196.470: Application time: 0.0299830 seconds
196.470: [GC [PSYoungGen: 20024K->2512K(20480K)] 55639K->41199K(66560K), 0.0014670 secs] [Times: user=0.00 sys=0.00, real=0.01 secs] 
196.471: Total time for which application threads were stopped: 0.0016020 seconds, Stopping threads took: 0.0000650 seconds
196.506: Application time: 0.0347200 seconds
196.506: [GC [PSYoungGen: 19884K->2464K(20480K)] 58571K->42175K(66560K), 0.0010270 secs] [Times: user=0.01 sys=0.00, real=0.00 secs] 
196.507: Total time for which application threads were stopped: 0.0011670 seconds, Stopping threads took: 0.0000740 seconds
196.535: Application time: 0.0276940 seconds
196.535: [GC [PSYoungGen: 20067K->2512K(20480K)] 59778K->46319K(66560K), 0.0017660 secs] [Times: user=0.01 sys=0.00, real=0.00 secs] 
196.537: [Full GC [PSYoungGen: 2512K->0K(20480K)] [ParOldGen: 43807K->10000K(46080K)] 46319K->10000K(66560K) [PSPermGen: 5528K->5528K(21504K)], 0.0062140 secs] [Times: user=0.02 sys=0.00, real=0.01 secs] 
196.543: Total time for which application threads were stopped: 0.0081580 seconds, Stopping threads took: 0.0000600 seconds
196.581: Application time: 0.0382300 seconds
196.582: [GC [PSYoungGen: 17429K->2304K(20480K)] 27429K->13328K(66560K), 0.0008700 secs] [Times: user=0.01 sys=0.00, real=0.00 secs] 
196.582: Total time for which application threads were stopped: 0.0010010 seconds, Stopping threads took: 0.0000660 seconds
196.610: Application time: 0.0271120 seconds
196.610: [GC [PSYoungGen: 19905K->2304K(20480K)] 30929K->17424K(66560K), 0.0016570 secs] [Times: user=0.01 sys=0.00, real=0.01 secs] 
196.611: Total time for which application threads were stopped: 0.0017970 seconds, Stopping threads took: 0.0000710 seconds
196.647: Application time: 0.0357560 seconds
196.647: [GC [PSYoungGen: 19541K->2304K(20480K)] 34661K->19472K(66560K), 0.0011220 secs] [Times: user=0.01 sys=0.00, real=0.00 secs] 
196.648: Total time for which application threads were stopped: 0.0012760 seconds, Stopping threads took: 0.0000860 seconds
196.675: Application time: 0.0266530 seconds
196.675: [GC [PSYoungGen: 20024K->2304K(20480K)] 37192K->24592K(66560K), 0.0019940 secs] [Times: user=0.02 sys=0.00, real=0.00 secs] 
196.677: Total time for which application threads were stopped: 0.0021280 seconds, Stopping threads took: 0.0000610 seconds
196.715: Application time: 0.0375260 seconds
196.715: [GC [PSYoungGen: 19489K->2304K(20480K)] 41778K->27664K(66560K), 0.0013540 secs] [Times: user=0.01 sys=0.00, real=0.00 secs] 
196.716: Total time for which application threads were stopped: 0.0014900 seconds, Stopping threads took: 0.0000700 seconds
196.743: Application time: 0.0267450 seconds
196.743: [GC [PSYoungGen: 20130K->2304K(20480K)] 45491K->32784K(66560K), 0.0019640 secs] [Times: user=0.02 sys=0.00, real=0.00 secs] 
196.745: Total time for which application threads were stopped: 0.0021180 seconds, Stopping threads took: 0.0000810 seconds
196.779: Application time: 0.0342200 seconds
196.779: [GC [PSYoungGen: 19255K->2304K(20480K)] 49735K->35856K(66560K), 0.0015960 secs] [Times: user=0.01 sys=0.00, real=0.00 secs] 
196.781: Total time for which application threads were stopped: 0.0017500 seconds, Stopping threads took: 0.0000820 seconds
196.807: Application time: 0.0262140 seconds
196.807: [GC [PSYoungGen: 19298K->2304K(20480K)] 52850K->40976K(66560K), 0.0020620 secs] [Times: user=0.02 sys=0.00, real=0.00 secs] 
196.809: Total time for which application threads were stopped: 0.0022130 seconds, Stopping threads took: 0.0000770 seconds
196.846: Application time: 0.0369090 seconds
196.847: [GC [PSYoungGen: 20224K->2304K(20480K)] 58896K->46096K(66560K), 0.0020510 secs] [Times: user=0.02 sys=0.00, real=0.00 secs] 
196.849: [Full GC [PSYoungGen: 2304K->0K(20480K)] [ParOldGen: 43792K->11019K(46080K)] 46096K->11019K(66560K) [PSPermGen: 5528K->5528K(21504K)], 0.0065380 secs] [Times: user=0.02 sys=0.00, real=0.01 secs] 
196.855: Total time for which application threads were stopped: 0.0088030 seconds, Stopping threads took: 0.0000950 seconds
196.884: Application time: 0.0286580 seconds
196.884: [GC [PSYoungGen: 17135K->2304K(20480K)] 28155K->18443K(66560K), 0.0020870 secs] [Times: user=0.02 sys=0.00, real=0.00 secs] 
196.886: Total time for which application threads were stopped: 0.0022400 seconds, Stopping threads took: 0.0000750 seconds
196.921: Application time: 0.0344180 seconds
196.921: [GC [PSYoungGen: 20223K->2336K(20480K)] 36363K->23595K(66560K), 0.0020780 secs] [Times: user=0.02 sys=0.00, real=0.00 secs] 
196.923: Total time for which application threads were stopped: 0.0022330 seconds, Stopping threads took: 0.0000760 seconds
196.954: Application time: 0.0312030 seconds
196.954: [GC [PSYoungGen: 19569K->2336K(20480K)] 40829K->27692K(66560K), 0.0017700 secs] [Times: user=0.01 sys=0.00, real=0.00 secs] 
196.956: Total time for which application threads were stopped: 0.0019570 seconds, Stopping threads took: 0.0001030 seconds
196.990: Application time: 0.0340230 seconds
196.990: [GC [PSYoungGen: 20256K->2368K(20480K)] 45612K->31820K(66560K), 0.0017510 secs] [Times: user=0.02 sys=0.00, real=0.01 secs] 
196.992: Total time for which application threads were stopped: 0.0018990 seconds, Stopping threads took: 0.0000700 seconds
197.024: Application time: 0.0317380 seconds
197.024: [GC [PSYoungGen: 19833K->2368K(20480K)] 49285K->35916K(66560K), 0.0018700 secs] [Times: user=0.01 sys=0.00, real=0.00 secs] 
197.026: Total time for which application threads were stopped: 0.0020320 seconds, Stopping threads took: 0.0000780 seconds
197.059: Application time: 0.0333220 seconds
197.059: [GC [PSYoungGen: 20226K->2400K(20480K)] 53774K->39020K(66560K), 0.0015820 secs] [Times: user=0.01 sys=0.00, real=0.00 secs] 
197.061: Total time for which application threads were stopped: 0.0017190 seconds, Stopping threads took: 0.0000670 seconds
197.092: Application time: 0.0317380 seconds
197.093: [GC [PSYoungGen: 19890K->2464K(20480K)] 56510K->43180K(66560K), 0.0019160 secs] [Times: user=0.01 sys=0.00, real=0.00 secs] 
197.094: [Full GC [PSYoungGen: 2464K->0K(20480K)] [ParOldGen: 40716K->9995K(46080K)] 43180K->9995K(66560K) [PSPermGen: 5528K->5528K(21504K)], 0.0063250 secs] [Times: user=0.02 sys=0.00, real=0.01 secs] 
197.101: Total time for which application threads were stopped: 0.0084460 seconds, Stopping threads took: 0.0000740 seconds
197.134: Application time: 0.0328750 seconds
197.134: [GC [PSYoungGen: 17802K->2304K(20480K)] 27797K->15371K(66560K), 0.0015630 secs] [Times: user=0.01 sys=0.00, real=0.00 secs] 
197.135: Total time for which application threads were stopped: 0.0017220 seconds, Stopping threads took: 0.0000840 seconds
197.169: Application time: 0.0331190 seconds
197.169: [GC [PSYoungGen: 19665K->2304K(20480K)] 32733K->18443K(66560K), 0.0014930 secs] [Times: user=0.01 sys=0.00, real=0.00 secs] 
197.170: Total time for which application threads were stopped: 0.0016600 seconds, Stopping threads took: 0.0000970 seconds
197.203: Application time: 0.0330890 seconds
197.203: [GC [PSYoungGen: 20006K->2336K(20480K)] 36145K->20523K(66560K), 0.0012610 secs] [Times: user=0.01 sys=0.00, real=0.00 secs] 
197.205: Total time for which application threads were stopped: 0.0014080 seconds, Stopping threads took: 0.0000780 seconds
197.238: Application time: 0.0336360 seconds
197.238: [GC [PSYoungGen: 19699K->2320K(20480K)] 37886K->22555K(66560K), 0.0012800 secs] [Times: user=0.01 sys=0.00, real=0.00 secs] 
197.240: Total time for which application threads were stopped: 0.0014360 seconds, Stopping threads took: 0.0000820 seconds
197.272: Application time: 0.0318800 seconds
197.272: [GC [PSYoungGen: 19947K->2272K(20480K)] 40182K->24555K(66560K), 0.0012510 secs] [Times: user=0.01 sys=0.00, real=0.00 secs] 
197.273: Total time for which application threads were stopped: 0.0013990 seconds, Stopping threads took: 0.0000770 seconds
197.306: Application time: 0.0328520 seconds
197.306: [GC [PSYoungGen: 19607K->2304K(20480K)] 41891K->27659K(66560K), 0.0014570 secs] [Times: user=0.01 sys=0.00, real=0.00 secs] 
197.308: Total time for which application threads were stopped: 0.0016030 seconds, Stopping threads took: 0.0000740 seconds
197.338: Application time: 0.0308550 seconds
197.339: [GC [PSYoungGen: 19855K->2304K(20480K)] 45210K->29707K(66560K), 0.0013310 secs] [Times: user=0.01 sys=0.00, real=0.00 secs] 
197.340: Total time for which application threads were stopped: 0.0014870 seconds, Stopping threads took: 0.0000920 seconds
197.373: Application time: 0.0334050 seconds
197.373: [GC [PSYoungGen: 19711K->2320K(20480K)] 47114K->32795K(66560K), 0.0014150 secs] [Times: user=0.00 sys=0.01, real=0.00 secs] 
197.375: Total time for which application threads were stopped: 0.0015680 seconds, Stopping threads took: 0.0000820 seconds
197.404: Application time: 0.0290780 seconds
197.404: [GC [PSYoungGen: 19647K->2320K(20480K)] 50122K->34843K(66560K), 0.0011260 secs] [Times: user=0.00 sys=0.00, real=0.00 secs] 
197.405: Total time for which application threads were stopped: 0.0012710 seconds, Stopping threads took: 0.0000780 seconds
197.438: Application time: 0.0332220 seconds
197.439: [GC [PSYoungGen: 19748K->2272K(20480K)] 52271K->36843K(66560K), 0.0012230 secs] [Times: user=0.00 sys=0.00, real=0.00 secs] 
197.440: Total time for which application threads were stopped: 0.0013710 seconds, Stopping threads took: 0.0000790 seconds
197.468: Application time: 0.0279080 seconds
197.468: [GC [PSYoungGen: 19624K->2304K(20480K)] 54196K->39947K(66560K), 0.0015000 secs] [Times: user=0.00 sys=0.00, real=0.00 secs] 
197.469: Total time for which application threads were stopped: 0.0016540 seconds, Stopping threads took: 0.0000690 seconds
197.507: Application time: 0.0377050 seconds
197.507: [GC [PSYoungGen: 19981K->2320K(20480K)] 57624K->40987K(66560K), 0.0010110 secs] [Times: user=0.00 sys=0.00, real=0.00 secs] 
197.508: Total time for which application threads were stopped: 0.0011450 seconds, Stopping threads took: 0.0000660 seconds
197.535: Application time: 0.0269720 seconds
197.535: [GC [PSYoungGen: 19794K->2304K(20480K)] 58462K->45067K(66560K), 0.0019450 secs] [Times: user=0.01 sys=0.00, real=0.00 secs] 
197.537: [Full GC [PSYoungGen: 2304K->0K(20480K)] [ParOldGen: 42763K->10012K(46080K)] 45067K->10012K(66560K) [PSPermGen: 5528K->5528K(21504K)], 0.0060760 secs] [Times: user=0.02 sys=0.00, real=0.01 secs] 
197.543: Total time for which application threads were stopped: 0.0082110 seconds, Stopping threads took: 0.0000660 seconds
197.581: Application time: 0.0376010 seconds
197.581: [GC [PSYoungGen: 17398K->2304K(20480K)] 27411K->13340K(66560K), 0.0009740 secs] [Times: user=0.01 sys=0.00, real=0.00 secs] 
197.582: Total time for which application threads were stopped: 0.0011240 seconds, Stopping threads took: 0.0000800 seconds
197.611: Application time: 0.0286270 seconds
197.611: [GC [PSYoungGen: 19979K->2304K(20480K)] 31016K->16412K(66560K), 0.0015470 secs] [Times: user=0.01 sys=0.00, real=0.00 secs] 
197.612: Total time for which application threads were stopped: 0.0016850 seconds, Stopping threads took: 0.0000670 seconds
197.650: Application time: 0.0374780 seconds
197.650: [GC [PSYoungGen: 19807K->2320K(20480K)] 33916K->17452K(66560K), 0.0009580 secs] [Times: user=0.00 sys=0.00, real=0.01 secs] 
197.651: Total time for which application threads were stopped: 0.0010850 seconds, Stopping threads took: 0.0000590 seconds
197.679: Application time: 0.0276370 seconds
197.679: [GC [PSYoungGen: 19981K->2336K(20480K)] 35114K->21565K(66560K), 0.0016970 secs] [Times: user=0.01 sys=0.00, real=0.00 secs] 
197.681: Total time for which application threads were stopped: 0.0018530 seconds, Stopping threads took: 0.0000870 seconds
197.713: Application time: 0.0326000 seconds
197.715: [GC [PSYoungGen: 19488K->2384K(20480K)] 38717K->24685K(66560K), 0.0015010 secs] [Times: user=0.01 sys=0.00, real=0.00 secs] 
197.716: Total time for which application threads were stopped: 0.0029700 seconds, Stopping threads took: 0.0014010 seconds
197.745: Application time: 0.0285190 seconds
197.745: [GC [PSYoungGen: 20304K->2352K(20480K)] 42605K->30797K(66560K), 0.0023880 secs] [Times: user=0.02 sys=0.00, real=0.00 secs] 
197.747: Total time for which application threads were stopped: 0.0025380 seconds, Stopping threads took: 0.0000740 seconds
197.784: Application time: 0.0367650 seconds
197.784: [GC [PSYoungGen: 19688K->2464K(20480K)] 48133K->33981K(66560K), 0.0015560 secs] [Times: user=0.01 sys=0.00, real=0.00 secs] 
197.786: Total time for which application threads were stopped: 0.0016960 seconds, Stopping threads took: 0.0000650 seconds
197.813: Application time: 0.0274490 seconds
197.813: [GC [PSYoungGen: 19375K->2496K(20480K)] 50892K->38109K(66560K), 0.0018520 secs] [Times: user=0.02 sys=0.00, real=0.00 secs] 
197.815: Total time for which application threads were stopped: 0.0020030 seconds, Stopping threads took: 0.0000770 seconds
197.850: Application time: 0.0345440 seconds
197.850: [GC [PSYoungGen: 19723K->2528K(20480K)] 55336K->41213K(66560K), 0.0015430 secs] [Times: user=0.01 sys=0.00, real=0.01 secs] 
197.851: Total time for which application threads were stopped: 0.0016810 seconds, Stopping threads took: 0.0000630 seconds
197.881: Application time: 0.0298750 seconds
197.881: [GC [PSYoungGen: 20403K->2512K(20480K)] 59089K->44269K(66560K), 0.0016370 secs] [Times: user=0.01 sys=0.00, real=0.00 secs] 
197.883: [Full GC [PSYoungGen: 2512K->0K(20480K)] [ParOldGen: 41757K->8989K(46080K)] 44269K->8989K(66560K) [PSPermGen: 5528K->5528K(21504K)], 0.0060570 secs] [Times: user=0.02 sys=0.00, real=0.00 secs] 
197.889: Total time for which application threads were stopped: 0.0079100 seconds, Stopping threads took: 0.0000880 seconds
197.923: Application time: 0.0335770 seconds
197.923: [GC [PSYoungGen: 17032K->2304K(20480K)] 26022K->14365K(66560K), 0.0014860 secs] [Times: user=0.01 sys=0.00, real=0.00 secs] 
197.924: Total time for which application threads were stopped: 0.0016360 seconds, Stopping threads took: 0.0000820 seconds
197.955: Application time: 0.0307520 seconds
197.955: [GC [PSYoungGen: 19251K->2272K(20480K)] 31313K->18429K(66560K), 0.0017730 secs] [Times: user=0.01 sys=0.00, real=0.00 secs] 
197.957: Total time for which application threads were stopped: 0.0019220 seconds, Stopping threads took: 0.0000780 seconds
197.990: Application time: 0.0327800 seconds
197.990: [GC [PSYoungGen: 20192K->2304K(20480K)] 36349K->22558K(66560K), 0.0017170 secs] [Times: user=0.01 sys=0.00, real=0.01 secs] 
197.992: Total time for which application threads were stopped: 0.0018700 seconds, Stopping threads took: 0.0000710 seconds
198.023: Application time: 0.0309020 seconds
198.023: [GC [PSYoungGen: 19345K->2304K(20480K)] 39599K->26654K(66560K), 0.0017680 secs] [Times: user=0.01 sys=0.00, real=0.00 secs] 
198.024: Total time for which application threads were stopped: 0.0019090 seconds, Stopping threads took: 0.0000680 seconds
198.055: Application time: 0.0308260 seconds
198.055: [GC [PSYoungGen: 19954K->2304K(20480K)] 44304K->31774K(66560K), 0.0020560 secs] [Times: user=0.01 sys=0.00, real=0.00 secs] 
198.058: Total time for which application threads were stopped: 0.0022260 seconds, Stopping threads took: 0.0000950 seconds
198.091: Application time: 0.0333540 seconds
198.095: [GC [PSYoungGen: 19671K->2304K(20480K)] 49142K->35870K(66560K), 0.0018450 secs] [Times: user=0.01 sys=0.00, real=0.00 secs] 
198.096: Total time for which application threads were stopped: 0.0055400 seconds, Stopping threads took: 0.0036230 seconds
198.129: Application time: 0.0325750 seconds
198.129: [GC [PSYoungGen: 20012K->2304K(20480K)] 53578K->40990K(66560K), 0.0020590 secs] [Times: user=0.01 sys=0.00, real=0.01 secs] 
198.131: Total time for which application threads were stopped: 0.0022050 seconds, Stopping threads took: 0.0000710 seconds
198.164: Application time: 0.0329680 seconds
198.164: [GC [PSYoungGen: 19654K->2304K(20480K)] 58340K->45086K(66560K), 0.0017580 secs] [Times: user=0.02 sys=0.00, real=0.00 secs] 
198.166: [Full GC [PSYoungGen: 2304K->0K(20480K)] [ParOldGen: 42782K->10000K(46080K)] 45086K->10000K(66560K) [PSPermGen: 5528K->5528K(21504K)], 0.0062330 secs] [Times: user=0.02 sys=0.00, real=0.01 secs] 
198.172: Total time for which application threads were stopped: 0.0082090 seconds, Stopping threads took: 0.0000990 seconds
198.205: Application time: 0.0326390 seconds
198.205: [GC [PSYoungGen: 17711K->2304K(20480K)] 27711K->16400K(66560K), 0.0017690 secs] [Times: user=0.02 sys=0.00, real=0.00 secs] 
198.207: Total time for which application threads were stopped: 0.0019050 seconds, Stopping threads took: 0.0000630 seconds
198.240: Application time: 0.0332000 seconds
198.240: [GC [PSYoungGen: 19652K->2304K(20480K)] 33749K->19472K(66560K), 0.0014600 secs] [Times: user=0.01 sys=0.00, real=0.00 secs] 
198.242: Total time for which application threads were stopped: 0.0016070 seconds, Stopping threads took: 0.0000790 seconds
198.271: Application time: 0.0294890 seconds
198.275: [GC [PSYoungGen: 19914K->2304K(20480K)] 37083K->23568K(66560K), 0.0017570 secs] [Times: user=0.01 sys=0.00, real=0.00 secs] 
198.276: Total time for which application threads were stopped: 0.0051000 seconds, Stopping threads took: 0.0032680 seconds
198.312: Application time: 0.0360540 seconds
198.312: [GC [PSYoungGen: 19708K->2304K(20480K)] 40973K->26640K(66560K), 0.0014730 secs] [Times: user=0.01 sys=0.00, real=0.00 secs] 
198.314: Total time for which application threads were stopped: 0.0016030 seconds, Stopping threads took: 0.0000600 seconds
198.341: Application time: 0.0269970 seconds
198.341: [GC [PSYoungGen: 19812K->2304K(20480K)] 44149K->30736K(66560K), 0.0017260 secs] [Times: user=0.01 sys=0.00, real=0.00 secs] 
198.343: Total time for which application threads were stopped: 0.0018880 seconds, Stopping threads took: 0.0000810 seconds
198.377: Application time: 0.0340530 seconds
198.377: [GC [PSYoungGen: 19767K->2336K(20480K)] 48200K->34864K(66560K), 0.0018070 secs] [Times: user=0.01 sys=0.00, real=0.01 secs] 
198.379: Total time for which application threads were stopped: 0.0019730 seconds, Stopping threads took: 0.0000910 seconds
198.410: Application time: 0.0306420 seconds
198.410: [GC [PSYoungGen: 20063K->2336K(20480K)] 52591K->38960K(66560K), 0.0017330 secs] [Times: user=0.01 sys=0.00, real=0.01 secs] 
198.411: Total time for which application threads were stopped: 0.0018750 seconds, Stopping threads took: 0.0000690 seconds
198.446: Application time: 0.0347930 seconds
198.446: [GC [PSYoungGen: 19843K->2368K(20480K)] 56468K->43088K(66560K), 0.0017940 secs] [Times: user=0.01 sys=0.00, real=0.00 secs] 
198.448: [Full GC [PSYoungGen: 2368K->0K(20480K)] [ParOldGen: 40720K->10013K(46080K)] 43088K->10013K(66560K) [PSPermGen: 5528K->5528K(21504K)], 0.0063240 secs] [Times: user=0.02 sys=0.00, real=0.01 secs] 
198.455: Total time for which application threads were stopped: 0.0083060 seconds, Stopping threads took: 0.0000670 seconds
198.483: Application time: 0.0287760 seconds
198.483: [GC [PSYoungGen: 17717K->2304K(20480K)] 27730K->16413K(66560K), 0.0017970 secs] [Times: user=0.01 sys=0.00, real=0.00 secs] 
198.485: Total time for which application threads were stopped: 0.0019350 seconds, Stopping threads took: 0.0000640 seconds
198.521: Application time: 0.0361750 seconds
198.522: [GC [PSYoungGen: 20040K->2432K(20480K)] 34150K->19613K(66560K), 0.0015740 secs] [Times: user=0.01 sys=0.00, real=0.00 secs] 
198.523: Total time for which application threads were stopped: 0.0017310 seconds, Stopping threads took: 0.0000770 seconds
198.553: Application time: 0.0298980 seconds
198.553: [GC [PSYoungGen: 20207K->2432K(20480K)] 37389K->23709K(66560K), 0.0017890 secs] [Times: user=0.02 sys=0.00, real=0.00 secs] 
198.555: Total time for which application threads were stopped: 0.0019440 seconds, Stopping threads took: 0.0000840 seconds
198.590: Application time: 0.0352810 seconds
198.590: [GC [PSYoungGen: 19596K->2416K(20480K)] 40874K->25741K(66560K), 0.0012800 secs] [Times: user=0.00 sys=0.00, real=0.01 secs] 
198.592: Total time for which application threads were stopped: 0.0014170 seconds, Stopping threads took: 0.0000660 seconds
198.621: Application time: 0.0290620 seconds
198.621: [GC [PSYoungGen: 20257K->2400K(20480K)] 43582K->28797K(66560K), 0.0015440 secs] [Times: user=0.01 sys=0.00, real=0.00 secs] 
198.622: Total time for which application threads were stopped: 0.0017010 seconds, Stopping threads took: 0.0000790 seconds
198.657: Application time: 0.0346210 seconds
198.657: [GC [PSYoungGen: 19431K->2400K(20480K)] 45829K->30846K(66560K), 0.0012750 secs] [Times: user=0.01 sys=0.00, real=0.01 secs] 
198.659: Total time for which application threads were stopped: 0.0014360 seconds, Stopping threads took: 0.0000890 seconds
198.688: Application time: 0.0293920 seconds
198.688: [GC [PSYoungGen: 20320K->2416K(20480K)] 48766K->34958K(66560K), 0.0018580 secs] [Times: user=0.01 sys=0.00, real=0.00 secs] 
198.690: Total time for which application threads were stopped: 0.0020020 seconds, Stopping threads took: 0.0000720 seconds
198.725: Application time: 0.0354680 seconds
198.726: [GC [PSYoungGen: 19459K->2400K(20480K)] 52001K->36990K(66560K), 0.0012810 secs] [Times: user=0.01 sys=0.00, real=0.00 secs] 
198.727: Total time for which application threads were stopped: 0.0014330 seconds, Stopping threads took: 0.0000830 seconds
198.757: Application time: 0.0297550 seconds
198.757: [GC [PSYoungGen: 19319K->2464K(20480K)] 53909K->41150K(66560K), 0.0017390 secs] [Times: user=0.01 sys=0.00, real=0.00 secs] 
198.758: Total time for which application threads were stopped: 0.0018870 seconds, Stopping threads took: 0.0000640 seconds
198.792: Application time: 0.0333300 seconds
198.792: [GC [PSYoungGen: 19411K->2448K(20480K)] 58097K->43182K(66560K), 0.0011820 secs] [Times: user=0.01 sys=0.00, real=0.00 secs] 
198.793: [Full GC [PSYoungGen: 2448K->0K(20480K)] [ParOldGen: 40734K->7972K(46080K)] 43182K->7972K(66560K) [PSPermGen: 5528K->5528K(21504K)], 0.0059400 secs] [Times: user=0.02 sys=0.00, real=0.01 secs] 
198.799: Total time for which application threads were stopped: 0.0073100 seconds, Stopping threads took: 0.0000740 seconds
198.827: Application time: 0.0280460 seconds
198.827: [GC [PSYoungGen: 16921K->2304K(20480K)] 24893K->14372K(66560K), 0.0017260 secs] [Times: user=0.02 sys=0.00, real=0.00 secs] 
198.829: Total time for which application threads were stopped: 0.0018620 seconds, Stopping threads took: 0.0000660 seconds
198.863: Application time: 0.0342630 seconds
198.863: [GC [PSYoungGen: 20224K->2304K(20480K)] 32292K->17444K(66560K), 0.0014990 secs] [Times: user=0.01 sys=0.00, real=0.00 secs] 
198.865: Total time for which application threads were stopped: 0.0016280 seconds, Stopping threads took: 0.0000560 seconds
198.897: Application time: 0.0319760 seconds
198.897: [GC [PSYoungGen: 19465K->2288K(20480K)] 34606K->20500K(66560K), 0.0014920 secs] [Times: user=0.01 sys=0.00, real=0.01 secs] 
198.899: Total time for which application threads were stopped: 0.0016290 seconds, Stopping threads took: 0.0000630 seconds
198.932: Application time: 0.0333590 seconds
198.932: [GC [PSYoungGen: 20133K->2224K(20480K)] 38346K->22484K(66560K), 0.0012870 secs] [Times: user=0.01 sys=0.00, real=0.00 secs] 
198.933: Total time for which application threads were stopped: 0.0014820 seconds, Stopping threads took: 0.0001270 seconds
198.965: Application time: 0.0313820 seconds
198.965: [GC [PSYoungGen: 19375K->2288K(20480K)] 39635K->25620K(66560K), 0.0014670 secs] [Times: user=0.01 sys=0.00, real=0.00 secs] 
198.966: Total time for which application threads were stopped: 0.0015990 seconds, Stopping threads took: 0.0000610 seconds
198.999: Application time: 0.0321420 seconds
198.999: [GC [PSYoungGen: 19934K->2304K(20480K)] 43267K->27684K(66560K), 0.0011710 secs] [Times: user=0.01 sys=0.00, real=0.00 secs] 
199.000: Total time for which application threads were stopped: 0.0013020 seconds, Stopping threads took: 0.0000650 seconds
199.031: Application time: 0.0315870 seconds
199.032: [GC [PSYoungGen: 19580K->2304K(20480K)] 44961K->30756K(66560K), 0.0014050 secs] [Times: user=0.01 sys=0.00, real=0.00 secs] 
199.033: Total time for which application threads were stopped: 0.0015620 seconds, Stopping threads took: 0.0000770 seconds
199.064: Application time: 0.0306570 seconds
199.064: [GC [PSYoungGen: 19768K->2304K(20480K)] 48221K->33828K(66560K), 0.0014680 secs] [Times: user=0.01 sys=0.00, real=0.00 secs] 
199.065: Total time for which application threads were stopped: 0.0015930 seconds, Stopping threads took: 0.0000570 seconds
199.098: Application time: 0.0327840 seconds
199.103: [GC [PSYoungGen: 20007K->2336K(20480K)] 51532K->36932K(66560K), 0.0014790 secs] [Times: user=0.01 sys=0.00, real=0.00 secs] 
199.104: Total time for which application threads were stopped: 0.0060890 seconds, Stopping threads took: 0.0045390 seconds
199.137: Application time: 0.0331020 seconds
199.137: [GC [PSYoungGen: 19916K->2336K(20480K)] 54513K->40004K(66560K), 0.0014480 secs] [Times: user=0.01 sys=0.00, real=0.01 secs] 
199.139: Total time for which application threads were stopped: 0.0015980 seconds, Stopping threads took: 0.0000800 seconds
199.167: Application time: 0.0286520 seconds
199.168: [GC [PSYoungGen: 19764K->2384K(20480K)] 57433K->43124K(66560K), 0.0015690 secs] [Times: user=0.01 sys=0.00, real=0.00 secs] 
199.169: Total time for which application threads were stopped: 0.0017090 seconds, Stopping threads took: 0.0000660 seconds
199.202: Application time: 0.0325520 seconds
199.202: [GC [PSYoungGen: 20049K->2448K(20480K)] 60790K->46261K(66560K), 0.0015030 secs] [Times: user=0.01 sys=0.00, real=0.00 secs] 
199.203: [Full GC [PSYoungGen: 2448K->0K(20480K)] [ParOldGen: 43812K->8982K(46080K)] 46261K->8982K(66560K) [PSPermGen: 5528K->5528K(21504K)], 0.0059510 secs] [Times: user=0.02 sys=0.00, real=0.00 secs] 
199.209: Total time for which application threads were stopped: 0.0076550 seconds, Stopping threads took: 0.0000780 seconds
199.243: Application time: 0.0335900 seconds
199.243: [GC [PSYoungGen: 17703K->2320K(20480K)] 26685K->14374K(66560K), 0.0015320 secs] [Times: user=0.01 sys=0.00, real=0.00 secs] 
199.245: Total time for which application threads were stopped: 0.0016830 seconds, Stopping threads took: 0.0000830 seconds
199.271: Application time: 0.0262160 seconds
199.271: [GC [PSYoungGen: 19793K->2336K(20480K)] 31847K->19510K(66560K), 0.0020980 secs] [Times: user=0.01 sys=0.00, real=0.00 secs] 
199.273: Total time for which application threads were stopped: 0.0022490 seconds, Stopping threads took: 0.0000750 seconds
199.313: Application time: 0.0399390 seconds
199.313: [GC [PSYoungGen: 19994K->2368K(20480K)] 37169K->22614K(66560K), 0.0015070 secs] [Times: user=0.00 sys=0.00, real=0.00 secs] 
199.315: Total time for which application threads were stopped: 0.0016660 seconds, Stopping threads took: 0.0000890 seconds
199.341: Application time: 0.0263360 seconds
199.341: [GC [PSYoungGen: 19877K->2384K(20480K)] 40124K->26726K(66560K), 0.0018190 secs] [Times: user=0.01 sys=0.00, real=0.00 secs] 
199.343: Total time for which application threads were stopped: 0.0019710 seconds, Stopping threads took: 0.0000790 seconds
199.383: Application time: 0.0397490 seconds
199.383: [GC [PSYoungGen: 19927K->2352K(20480K)] 44270K->29766K(66560K), 0.0014520 secs] [Times: user=0.01 sys=0.00, real=0.00 secs] 
199.384: Total time for which application threads were stopped: 0.0015990 seconds, Stopping threads took: 0.0000760 seconds
199.411: Application time: 0.0261800 seconds
199.411: [GC [PSYoungGen: 19866K->2320K(20480K)] 47281K->33830K(66560K), 0.0018400 secs] [Times: user=0.01 sys=0.00, real=0.00 secs] 
199.413: Total time for which application threads were stopped: 0.0019840 seconds, Stopping threads took: 0.0000740 seconds
199.449: Application time: 0.0369400 seconds
199.450: [GC [PSYoungGen: 19738K->2352K(20480K)] 51249K->37959K(66560K), 0.0018440 secs] [Times: user=0.01 sys=0.00, real=0.01 secs] 
199.451: Total time for which application threads were stopped: 0.0019880 seconds, Stopping threads took: 0.0000620 seconds
199.480: Application time: 0.0289920 seconds
199.481: [GC [PSYoungGen: 19997K->2368K(20480K)] 55604K->42071K(66560K), 0.0016930 secs] [Times: user=0.02 sys=0.00, real=0.00 secs] 
199.482: Total time for which application threads were stopped: 0.0018300 seconds, Stopping threads took: 0.0000680 seconds
199.517: Application time: 0.0344920 seconds
199.517: [GC [PSYoungGen: 19648K->2400K(20480K)] 59351K->46199K(66560K), 0.0017680 secs] [Times: user=0.01 sys=0.00, real=0.01 secs] 
199.519: [Full GC [PSYoungGen: 2400K->0K(20480K)] [ParOldGen: 43799K->10005K(46080K)] 46199K->10005K(66560K) [PSPermGen: 5528K->5528K(21504K)], 0.0061100 secs] [Times: user=0.03 sys=0.00, real=0.00 secs] 
199.525: Total time for which application threads were stopped: 0.0080760 seconds, Stopping threads took: 0.0000790 seconds
199.553: Application time: 0.0281200 seconds
199.553: [GC [PSYoungGen: 17690K->2304K(20480K)] 27695K->17429K(66560K), 0.0020190 secs] [Times: user=0.02 sys=0.00, real=0.00 secs] 
199.555: Total time for which application threads were stopped: 0.0021670 seconds, Stopping threads took: 0.0000640 seconds
199.593: Application time: 0.0373270 seconds
199.593: [GC [PSYoungGen: 19647K->2304K(20480K)] 34772K->20501K(66560K), 0.0014590 secs] [Times: user=0.00 sys=0.00, real=0.00 secs] 
199.594: Total time for which application threads were stopped: 0.0016310 seconds, Stopping threads took: 0.0001010 seconds
199.622: Application time: 0.0278100 seconds
199.622: [GC [PSYoungGen: 20007K->2304K(20480K)] 38205K->24597K(66560K), 0.0017800 secs] [Times: user=0.01 sys=0.00, real=0.00 secs] 
199.624: Total time for which application threads were stopped: 0.0019270 seconds, Stopping threads took: 0.0000760 seconds
199.659: Application time: 0.0347680 seconds
199.659: [GC [PSYoungGen: 19549K->2304K(20480K)] 41843K->28693K(66560K), 0.0017880 secs] [Times: user=0.01 sys=0.00, real=0.00 secs] 
199.661: Total time for which application threads were stopped: 0.0019350 seconds, Stopping threads took: 0.0000720 seconds
199.691: Application time: 0.0307020 seconds
199.691: [GC [PSYoungGen: 20084K->2272K(20480K)] 46473K->33781K(66560K), 0.0020070 secs] [Times: user=0.01 sys=0.00, real=0.00 secs] 
199.693: Total time for which application threads were stopped: 0.0021520 seconds, Stopping threads took: 0.0000670 seconds
199.728: Application time: 0.0350370 seconds
199.729: [GC [PSYoungGen: 19518K->2272K(20480K)] 51028K->36853K(66560K), 0.0015490 secs] [Times: user=0.01 sys=0.00, real=0.00 secs] 
199.730: Total time for which application threads were stopped: 0.0017110 seconds, Stopping threads took: 0.0000920 seconds
199.761: Application time: 0.0312040 seconds
199.762: [GC [PSYoungGen: 20071K->2304K(20480K)] 54652K->40981K(66560K), 0.0017010 secs] [Times: user=0.01 sys=0.01, real=0.00 secs] 
199.763: Total time for which application threads were stopped: 0.0018420 seconds, Stopping threads took: 0.0000620 seconds
199.798: Application time: 0.0344520 seconds
199.798: [GC [PSYoungGen: 19660K->2320K(20480K)] 58337K->43045K(66560K), 0.0013080 secs] [Times: user=0.01 sys=0.00, real=0.01 secs] 
199.799: [Full GC [PSYoungGen: 2320K->0K(20480K)] [ParOldGen: 40725K->8003K(46080K)] 43045K->8003K(66560K) [PSPermGen: 5528K->5528K(21504K)], 0.0059000 secs] [Times: user=0.02 sys=0.00, real=0.00 secs] 
199.805: Total time for which application threads were stopped: 0.0073960 seconds, Stopping threads took: 0.0000710 seconds
199.832: Application time: 0.0268580 seconds
199.832: [GC [PSYoungGen: 17668K->2320K(20480K)] 25672K->13395K(66560K), 0.0015300 secs] [Times: user=0.01 sys=0.00, real=0.00 secs] 
199.834: Total time for which application threads were stopped: 0.0016680 seconds, Stopping threads took: 0.0000670 seconds
199.873: Application time: 0.0390120 seconds
199.873: [GC [PSYoungGen: 19929K->2336K(20480K)] 31005K->14435K(66560K), 0.0010220 secs] [Times: user=0.00 sys=0.00, real=0.00 secs] 
199.874: Total time for which application threads were stopped: 0.0011550 seconds, Stopping threads took: 0.0000630 seconds
199.901: Application time: 0.0268700 seconds
199.901: [GC [PSYoungGen: 19959K->2384K(20480K)] 32059K->16531K(66560K), 0.0012210 secs] [Times: user=0.00 sys=0.00, real=0.00 secs] 
199.902: Total time for which application threads were stopped: 0.0013800 seconds, Stopping threads took: 0.0000880 seconds
199.941: Application time: 0.0386710 seconds
199.941: [GC [PSYoungGen: 20015K->2400K(20480K)] 34163K->18595K(66560K), 0.0012530 secs] [Times: user=0.01 sys=0.00, real=0.00 secs] 
199.942: Total time for which application threads were stopped: 0.0014190 seconds, Stopping threads took: 0.0000930 seconds
199.969: Application time: 0.0266210 seconds
199.969: [GC [PSYoungGen: 20082K->2432K(20480K)] 36278K->21699K(66560K), 0.0014720 secs] [Times: user=0.01 sys=0.00, real=0.00 secs] 
199.970: Total time for which application threads were stopped: 0.0016580 seconds, Stopping threads took: 0.0001140 seconds
200.010: Application time: 0.0395340 seconds
200.010: [GC [PSYoungGen: 19953K->2400K(20480K)] 39221K->22691K(66560K), 0.0009940 secs] [Times: user=0.00 sys=0.01, real=0.01 secs] 
200.011: Total time for which application threads were stopped: 0.0011400 seconds, Stopping threads took: 0.0000760 seconds
200.035: Application time: 0.0236430 seconds
200.035: [GC [PSYoungGen: 19911K->2480K(20480K)] 40203K->25844K(66560K), 0.0015870 secs] [Times: user=0.01 sys=0.00, real=0.00 secs] 
200.036: Total time for which application threads were stopped: 0.0017260 seconds, Stopping threads took: 0.0000670 seconds
200.074: Application time: 0.0380210 seconds
200.075: [GC [PSYoungGen: 19589K->2464K(20480K)] 42953K->26852K(66560K), 0.0009470 secs] [Times: user=0.01 sys=0.00, real=0.00 secs] 
200.076: Total time for which application threads were stopped: 0.0010940 seconds, Stopping threads took: 0.0000740 seconds
200.104: Application time: 0.0280450 seconds
200.104: [GC [PSYoungGen: 19384K->2432K(20480K)] 43772K->27844K(66560K), 0.0009990 secs] [Times: user=0.01 sys=0.00, real=0.00 secs] 
200.105: Total time for which application threads were stopped: 0.0011270 seconds, Stopping threads took: 0.0000610 seconds
200.137: Application time: 0.0326420 seconds
200.138: [GC [PSYoungGen: 19972K->2448K(20480K)] 45384K->28884K(66560K), 0.0010270 secs] [Times: user=0.01 sys=0.00, real=0.01 secs] 
200.139: Total time for which application threads were stopped: 0.0011660 seconds, Stopping threads took: 0.0000750 seconds
200.172: Application time: 0.0331060 seconds
200.172: [GC [PSYoungGen: 19939K->2496K(20480K)] 46375K->32004K(66560K), 0.0013920 secs] [Times: user=0.01 sys=0.00, real=0.00 secs] 
200.173: Total time for which application threads were stopped: 0.0015200 seconds, Stopping threads took: 0.0000610 seconds
200.203: Application time: 0.0298050 seconds
200.203: [GC [PSYoungGen: 19919K->2464K(20480K)] 49427K->36068K(66560K), 0.0017960 secs] [Times: user=0.01 sys=0.00, real=0.00 secs] 
200.205: Total time for which application threads were stopped: 0.0019250 seconds, Stopping threads took: 0.0000590 seconds
200.235: Application time: 0.0301090 seconds
200.235: [GC [PSYoungGen: 19868K->2496K(20480K)] 53472K->41220K(66560K), 0.0021020 secs] [Times: user=0.02 sys=0.00, real=0.00 secs] 
200.237: Total time for which application threads were stopped: 0.0022420 seconds, Stopping threads took: 0.0000650 seconds
200.270: Application time: 0.0331570 seconds
200.271: [GC [PSYoungGen: 20074K->2464K(20480K)] 58798K->45284K(66560K), 0.0017580 secs] [Times: user=0.01 sys=0.00, real=0.00 secs] 
200.272: [Full GC [PSYoungGen: 2464K->0K(20480K)] [ParOldGen: 42820K->10003K(46080K)] 45284K->10003K(66560K) [PSPermGen: 5528K->5528K(21504K)], 0.0059420 secs] [Times: user=0.03 sys=0.00, real=0.00 secs] 
200.278: Total time for which application threads were stopped: 0.0078930 seconds, Stopping threads took: 0.0000780 seconds
200.311: Application time: 0.0331180 seconds
200.312: [GC [PSYoungGen: 17512K->2304K(20480K)] 27516K->16403K(66560K), 0.0017390 secs] [Times: user=0.01 sys=0.00, real=0.00 secs] 
200.313: Total time for which application threads were stopped: 0.0018920 seconds, Stopping threads took: 0.0000790 seconds
200.342: Application time: 0.0285480 seconds
200.342: [GC [PSYoungGen: 19679K->2304K(20480K)] 33779K->21523K(66560K), 0.0019710 secs] [Times: user=0.01 sys=0.00, real=0.00 secs] 
200.344: Total time for which application threads were stopped: 0.0021200 seconds, Stopping threads took: 0.0000720 seconds
200.379: Application time: 0.0354310 seconds
200.380: [GC [PSYoungGen: 19898K->2304K(20480K)] 39118K->24595K(66560K), 0.0015510 secs] [Times: user=0.01 sys=0.00, real=0.00 secs] 
200.381: Total time for which application threads were stopped: 0.0016920 seconds, Stopping threads took: 0.0000680 seconds
200.407: Application time: 0.0255810 seconds
200.407: [GC [PSYoungGen: 19711K->2304K(20480K)] 42003K->29716K(66560K), 0.0020510 secs] [Times: user=0.01 sys=0.00, real=0.00 secs] 
200.409: Total time for which application threads were stopped: 0.0022040 seconds, Stopping threads took: 0.0000700 seconds
200.449: Application time: 0.0404530 seconds
200.451: [GC [PSYoungGen: 19951K->2272K(20480K)] 47363K->32756K(66560K), 0.0015710 secs] [Times: user=0.01 sys=0.00, real=0.00 secs] 
200.452: Total time for which application threads were stopped: 0.0027350 seconds, Stopping threads took: 0.0010930 seconds
200.478: Application time: 0.0256450 seconds
200.478: [GC [PSYoungGen: 19685K->2304K(20480K)] 50169K->36884K(66560K), 0.0017610 secs] [Times: user=0.01 sys=0.00, real=0.01 secs] 
200.480: Total time for which application threads were stopped: 0.0019050 seconds, Stopping threads took: 0.0000710 seconds
200.520: Application time: 0.0403300 seconds
200.520: [GC [PSYoungGen: 20055K->2336K(20480K)] 54635K->39988K(66560K), 0.0015210 secs] [Times: user=0.01 sys=0.00, real=0.00 secs] 
200.522: Total time for which application threads were stopped: 0.0016690 seconds, Stopping threads took: 0.0000800 seconds
200.547: Application time: 0.0257850 seconds
200.548: [GC [PSYoungGen: 19857K->2304K(20480K)] 57509K->43028K(66560K), 0.0014810 secs] [Times: user=0.01 sys=0.00, real=0.00 secs] 
200.549: [Full GC [PSYoungGen: 2304K->0K(20480K)] [ParOldGen: 40724K->8975K(46080K)] 43028K->8975K(66560K) [PSPermGen: 5528K->5528K(21504K)], 0.0061060 secs] [Times: user=0.02 sys=0.00, real=0.01 secs] 
200.555: Total time for which application threads were stopped: 0.0078220 seconds, Stopping threads took: 0.0001180 seconds
200.596: Application time: 0.0411760 seconds
200.597: [GC [PSYoungGen: 17920K->2320K(20480K)] 26895K->13343K(66560K), 0.0012200 secs] [Times: user=0.01 sys=0.00, real=0.00 secs] 
200.598: Total time for which application threads were stopped: 0.0013460 seconds, Stopping threads took: 0.0000530 seconds
200.624: Application time: 0.0259520 seconds
200.624: [GC [PSYoungGen: 19686K->2320K(20480K)] 30709K->15391K(66560K), 0.0011220 secs] [Times: user=0.01 sys=0.00, real=0.00 secs] 
200.625: Total time for which application threads were stopped: 0.0012550 seconds, Stopping threads took: 0.0000670 seconds
200.664: Application time: 0.0390090 seconds
200.664: [GC [PSYoungGen: 20240K->2432K(20480K)] 33311K->18575K(66560K), 0.0014680 secs] [Times: user=0.01 sys=0.00, real=0.00 secs] 
200.666: Total time for which application threads were stopped: 0.0016060 seconds, Stopping threads took: 0.0000660 seconds
200.691: Application time: 0.0255050 seconds
200.691: [GC [PSYoungGen: 19857K->2432K(20480K)] 36000K->23695K(66560K), 0.0020000 secs] [Times: user=0.01 sys=0.00, real=0.00 secs] 
200.693: Total time for which application threads were stopped: 0.0021510 seconds, Stopping threads took: 0.0000760 seconds
200.733: Application time: 0.0392340 seconds
200.733: [GC [PSYoungGen: 20092K->2400K(20480K)] 41356K->27759K(66560K), 0.0017570 secs] [Times: user=0.01 sys=0.00, real=0.00 secs] 
200.734: Total time for which application threads were stopped: 0.0019120 seconds, Stopping threads took: 0.0000660 seconds
200.760: Application time: 0.0252610 seconds
200.760: [GC [PSYoungGen: 19887K->2320K(20480K)] 45246K->32799K(66560K), 0.0021190 secs] [Times: user=0.01 sys=0.00, real=0.00 secs] 
200.762: Total time for which application threads were stopped: 0.0022640 seconds, Stopping threads took: 0.0000690 seconds
200.801: Application time: 0.0394780 seconds
200.802: [GC [PSYoungGen: 19846K->2464K(20480K)] 50326K->36016K(66560K), 0.0015530 secs] [Times: user=0.01 sys=0.00, real=0.00 secs] 
200.803: Total time for which application threads were stopped: 0.0017660 seconds, Stopping threads took: 0.0001390 seconds
200.828: Application time: 0.0249780 seconds
200.828: [GC [PSYoungGen: 19960K->2464K(20480K)] 53512K->40112K(66560K), 0.0017750 secs] [Times: user=0.01 sys=0.00, real=0.00 secs] 
200.830: Total time for which application threads were stopped: 0.0019270 seconds, Stopping threads took: 0.0000760 seconds
200.872: Application time: 0.0420640 seconds
200.872: [GC [PSYoungGen: 20079K->2400K(20480K)] 57727K->42096K(66560K), 0.0013030 secs] [Times: user=0.01 sys=0.00, real=0.00 secs] 
200.874: Total time for which application threads were stopped: 0.0014460 seconds, Stopping threads took: 0.0000720 seconds
200.897: Application time: 0.0235860 seconds
200.897: [GC [PSYoungGen: 19816K->2464K(20480K)] 59512K->46256K(66560K), 0.0017680 secs] [Times: user=0.01 sys=0.00, real=0.01 secs] 
200.899: [Full GC [PSYoungGen: 2464K->0K(20480K)] [ParOldGen: 43792K->9999K(46080K)] 46256K->9999K(66560K) [PSPermGen: 5528K->5528K(21504K)], 0.0059860 secs] [Times: user=0.02 sys=0.00, real=0.00 secs] 
200.905: Total time for which application threads were stopped: 0.0079570 seconds, Stopping threads took: 0.0000840 seconds
200.946: Application time: 0.0407070 seconds
200.946: [GC [PSYoungGen: 17447K->2304K(20480K)] 27446K->13327K(66560K), 0.0009060 secs] [Times: user=0.00 sys=0.00, real=0.00 secs] 
200.947: Total time for which application threads were stopped: 0.0010480 seconds, Stopping threads took: 0.0000760 seconds
200.970: Application time: 0.0232090 seconds
200.970: [GC [PSYoungGen: 19884K->2304K(20480K)] 30907K->17423K(66560K), 0.0017630 secs] [Times: user=0.01 sys=0.00, real=0.01 secs] 
200.972: Total time for which application threads were stopped: 0.0019140 seconds, Stopping threads took: 0.0000760 seconds
201.012: Application time: 0.0396340 seconds
201.012: [GC [PSYoungGen: 19390K->2304K(20480K)] 34509K->17423K(66560K), 0.0007760 secs] [Times: user=0.00 sys=0.00, real=0.00 secs] 
201.013: Total time for which application threads were stopped: 0.0009070 seconds, Stopping threads took: 0.0000680 seconds
201.039: Application time: 0.0258400 seconds
201.039: [GC [PSYoungGen: 19214K->2304K(20480K)] 34333K->21519K(66560K), 0.0016620 secs] [Times: user=0.01 sys=0.00, real=0.00 secs] 
201.040: Total time for which application threads were stopped: 0.0018110 seconds, Stopping threads took: 0.0000740 seconds
201.077: Application time: 0.0370930 seconds
201.078: [GC [PSYoungGen: 19955K->1280K(20480K)] 39170K->20495K(66560K), 0.0005000 secs] [Times: user=0.00 sys=0.00, real=0.00 secs] 
201.078: Total time for which application threads were stopped: 0.0006370 seconds, Stopping threads took: 0.0000710 seconds
201.104: Application time: 0.0264210 seconds
201.105: [GC [PSYoungGen: 18604K->2304K(20480K)] 37819K->25615K(66560K), 0.0017470 secs] [Times: user=0.01 sys=0.00, real=0.00 secs] 
201.106: Total time for which application threads were stopped: 0.0018930 seconds, Stopping threads took: 0.0000620 seconds
201.139: Application time: 0.0322050 seconds
201.139: [GC [PSYoungGen: 19408K->2272K(20480K)] 42720K->28655K(66560K), 0.0013850 secs] [Times: user=0.01 sys=0.00, real=0.00 secs] 
201.140: Total time for which application threads were stopped: 0.0015120 seconds, Stopping threads took: 0.0000550 seconds
201.173: Application time: 0.0331760 seconds
201.173: [GC [PSYoungGen: 20164K->2304K(20480K)] 46547K->32783K(66560K), 0.0017050 secs] [Times: user=0.01 sys=0.00, real=0.00 secs] 
201.175: Total time for which application threads were stopped: 0.0018640 seconds, Stopping threads took: 0.0000870 seconds
201.203: Application time: 0.0282430 seconds
201.203: [GC [PSYoungGen: 19351K->2272K(20480K)] 49831K->37871K(66560K), 0.0020510 secs] [Times: user=0.01 sys=0.00, real=0.00 secs] 
201.206: Total time for which application threads were stopped: 0.0021850 seconds, Stopping threads took: 0.0000590 seconds
201.241: Application time: 0.0356600 seconds
201.241: [GC [PSYoungGen: 19368K->2368K(20480K)] 54968K->41039K(66560K), 0.0014670 secs] [Times: user=0.01 sys=0.00, real=0.00 secs] 
201.243: Total time for which application threads were stopped: 0.0016100 seconds, Stopping threads took: 0.0000730 seconds
201.265: Application time: 0.0220470 seconds
201.265: [GC [PSYoungGen: 19379K->2336K(20480K)] 58051K->46127K(66560K), 0.0020460 secs] [Times: user=0.02 sys=0.00, real=0.00 secs] 
201.267: [Full GC [PSYoungGen: 2336K->0K(20480K)] [ParOldGen: 43791K->11020K(46080K)] 46127K->11020K(66560K) [PSPermGen: 5528K->5528K(21504K)], 0.0064990 secs] [Times: user=0.02 sys=0.00, real=0.01 secs] 
201.274: Total time for which application threads were stopped: 0.0087370 seconds, Stopping threads took: 0.0000710 seconds
201.312: Application time: 0.0381410 seconds
201.312: [GC [PSYoungGen: 16920K->2336K(20480K)] 27941K->17452K(66560K), 0.0019520 secs] [Times: user=0.01 sys=0.00, real=0.00 secs] 
201.314: Total time for which application threads were stopped: 0.0021240 seconds, Stopping threads took: 0.0000900 seconds
201.339: Application time: 0.0255750 seconds
201.340: [GC [PSYoungGen: 19651K->2336K(20480K)] 34767K->22572K(66560K), 0.0020400 secs] [Times: user=0.01 sys=0.00, real=0.00 secs] 
201.342: Total time for which application threads were stopped: 0.0021840 seconds, Stopping threads took: 0.0000670 seconds
201.381: Application time: 0.0398430 seconds
201.382: [GC [PSYoungGen: 19365K->2432K(20480K)] 39602K->26764K(66560K), 0.0017720 secs] [Times: user=0.01 sys=0.00, real=0.00 secs] 
201.383: Total time for which application threads were stopped: 0.0019160 seconds, Stopping threads took: 0.0000690 seconds
201.409: Application time: 0.0256670 seconds
201.409: [GC [PSYoungGen: 19747K->2368K(20480K)] 44080K->29773K(66560K), 0.0015100 secs] [Times: user=0.01 sys=0.00, real=0.01 secs] 
201.411: Total time for which application threads were stopped: 0.0016670 seconds, Stopping threads took: 0.0000820 seconds
201.447: Application time: 0.0364530 seconds
201.447: [GC [PSYoungGen: 19964K->2464K(20480K)] 47369K->33965K(66560K), 0.0018870 secs] [Times: user=0.01 sys=0.00, real=0.00 secs] 
201.449: Total time for which application threads were stopped: 0.0020340 seconds, Stopping threads took: 0.0000710 seconds
201.474: Application time: 0.0248020 seconds
201.474: [GC [PSYoungGen: 19952K->2464K(20480K)] 51453K->39085K(66560K), 0.0021550 secs] [Times: user=0.01 sys=0.00, real=0.00 secs] 
201.476: Total time for which application threads were stopped: 0.0023140 seconds, Stopping threads took: 0.0000840 seconds
201.517: Application time: 0.0409610 seconds
201.517: [GC [PSYoungGen: 19997K->2480K(20480K)] 56619K->42173K(66560K), 0.0016560 secs] [Times: user=0.01 sys=0.00, real=0.01 secs] 
201.519: [Full GC [PSYoungGen: 2480K->0K(20480K)] [ParOldGen: 39693K->9010K(46080K)] 42173K->9010K(66560K) [PSPermGen: 5528K->5528K(21504K)], 0.0060940 secs] [Times: user=0.02 sys=0.00, real=0.00 secs] 
201.525: Total time for which application threads were stopped: 0.0079380 seconds, Stopping threads took: 0.0000710 seconds
201.551: Application time: 0.0254460 seconds
201.555: [GC [PSYoungGen: 17530K->2304K(20480K)] 26541K->15410K(66560K), 0.0018760 secs] [Times: user=0.01 sys=0.00, real=0.00 secs] 
201.556: Total time for which application threads were stopped: 0.0057450 seconds, Stopping threads took: 0.0037910 seconds
201.596: Application time: 0.0395500 seconds
201.596: [GC [PSYoungGen: 19656K->2304K(20480K)] 32762K->18482K(66560K), 0.0015040 secs] [Times: user=0.01 sys=0.00, real=0.00 secs] 
201.598: Total time for which application threads were stopped: 0.0016760 seconds, Stopping threads took: 0.0000990 seconds
201.624: Application time: 0.0265350 seconds
201.624: [GC [PSYoungGen: 20027K->2272K(20480K)] 36206K->22547K(66560K), 0.0018250 secs] [Times: user=0.01 sys=0.00, real=0.00 secs] 
201.626: Total time for which application threads were stopped: 0.0020460 seconds, Stopping threads took: 0.0001430 seconds
201.665: Application time: 0.0384150 seconds
201.665: [GC [PSYoungGen: 19526K->2304K(20480K)] 39801K->25651K(66560K), 0.0014260 secs] [Times: user=0.01 sys=0.00, real=0.00 secs] 
201.666: Total time for which application threads were stopped: 0.0015800 seconds, Stopping threads took: 0.0000840 seconds
201.694: Application time: 0.0279020 seconds
201.694: [GC [PSYoungGen: 20114K->2272K(20480K)] 43461K->28691K(66560K), 0.0014860 secs] [Times: user=0.01 sys=0.00, real=0.00 secs] 
201.696: Total time for which application threads were stopped: 0.0016480 seconds, Stopping threads took: 0.0000920 seconds
201.734: Application time: 0.0379160 seconds
201.734: [GC [PSYoungGen: 19445K->2304K(20480K)] 45864K->30771K(66560K), 0.0011970 secs] [Times: user=0.01 sys=0.00, real=0.00 secs] 
201.735: Total time for which application threads were stopped: 0.0013510 seconds, Stopping threads took: 0.0000840 seconds
201.763: Application time: 0.0276870 seconds
201.763: [GC [PSYoungGen: 19945K->2304K(20480K)] 48412K->34867K(66560K), 0.0016730 secs] [Times: user=0.02 sys=0.00, real=0.00 secs] 
201.765: Total time for which application threads were stopped: 0.0018230 seconds, Stopping threads took: 0.0000800 seconds
201.800: Application time: 0.0350200 seconds
201.800: [GC [PSYoungGen: 19407K->2304K(20480K)] 51970K->38963K(66560K), 0.0017800 secs] [Times: user=0.01 sys=0.00, real=0.00 secs] 
201.802: Total time for which application threads were stopped: 0.0019310 seconds, Stopping threads took: 0.0000770 seconds
201.831: Application time: 0.0295610 seconds
201.831: [GC [PSYoungGen: 20184K->2304K(20480K)] 56843K->42035K(66560K), 0.0013410 secs] [Times: user=0.01 sys=0.00, real=0.00 secs] 
201.833: Total time for which application threads were stopped: 0.0014940 seconds, Stopping threads took: 0.0000830 seconds
201.867: Application time: 0.0347050 seconds
201.867: [GC [PSYoungGen: 19400K->2304K(20480K)] 59132K->45107K(66560K), 0.0015700 secs] [Times: user=0.01 sys=0.00, real=0.00 secs] 
201.869: [Full GC [PSYoungGen: 2304K->0K(20480K)] [ParOldGen: 42803K->8994K(46080K)] 45107K->8994K(66560K) [PSPermGen: 5528K->5528K(21504K)], 0.0058130 secs] [Times: user=0.03 sys=0.00, real=0.01 secs] 
201.875: Total time for which application threads were stopped: 0.0075760 seconds, Stopping threads took: 0.0000740 seconds
201.901: Application time: 0.0263570 seconds
201.901: [GC [PSYoungGen: 17883K->2304K(20480K)] 26877K->16418K(66560K), 0.0021350 secs] [Times: user=0.01 sys=0.00, real=0.00 secs] 
201.904: Total time for which application threads were stopped: 0.0022900 seconds, Stopping threads took: 0.0000830 seconds
201.943: Application time: 0.0393420 seconds
201.943: [GC [PSYoungGen: 19466K->2304K(20480K)] 33580K->18466K(66560K), 0.0012220 secs] [Times: user=0.00 sys=0.00, real=0.00 secs] 
201.944: Total time for which application threads were stopped: 0.0013710 seconds, Stopping threads took: 0.0000800 seconds
201.970: Application time: 0.0260520 seconds
201.970: [GC [PSYoungGen: 19276K->2304K(20480K)] 35438K->23586K(66560K), 0.0020270 secs] [Times: user=0.02 sys=0.00, real=0.00 secs] 
201.973: Total time for which application threads were stopped: 0.0021800 seconds, Stopping threads took: 0.0000720 seconds
202.008: Application time: 0.0350420 seconds
202.008: [GC [PSYoungGen: 20213K->2336K(20480K)] 41496K->25666K(66560K), 0.0011870 secs] [Times: user=0.01 sys=0.00, real=0.00 secs] 
202.009: Total time for which application threads were stopped: 0.0013260 seconds, Stopping threads took: 0.0000710 seconds
202.039: Application time: 0.0302260 seconds
202.039: [GC [PSYoungGen: 19785K->2432K(20480K)] 43116K->30882K(66560K), 0.0020550 secs] [Times: user=0.02 sys=0.00, real=0.00 secs] 
202.041: Total time for which application threads were stopped: 0.0022050 seconds, Stopping threads took: 0.0000770 seconds
202.077: Application time: 0.0358060 seconds
202.077: [GC [PSYoungGen: 20335K->2384K(20480K)] 48785K->31858K(66560K), 0.0010330 secs] [Times: user=0.00 sys=0.00, real=0.00 secs] 
202.078: Total time for which application threads were stopped: 0.0011740 seconds, Stopping threads took: 0.0000720 seconds
202.107: Application time: 0.0289490 seconds
202.107: [GC [PSYoungGen: 19833K->2512K(20480K)] 49307K->36082K(66560K), 0.0018290 secs] [Times: user=0.01 sys=0.00, real=0.00 secs] 
202.109: Total time for which application threads were stopped: 0.0019710 seconds, Stopping threads took: 0.0000640 seconds
202.144: Application time: 0.0345080 seconds
202.144: [GC [PSYoungGen: 20125K->2544K(20480K)] 53695K->38162K(66560K), 0.0012680 secs] [Times: user=0.01 sys=0.00, real=0.00 secs] 
202.145: Total time for which application threads were stopped: 0.0014030 seconds, Stopping threads took: 0.0000580 seconds
202.176: Application time: 0.0309000 seconds
202.176: [GC [PSYoungGen: 20065K->2512K(20480K)] 55683K->42226K(66560K), 0.0018500 secs] [Times: user=0.02 sys=0.00, real=0.00 secs] 
202.178: [Full GC [PSYoungGen: 2512K->0K(20480K)] [ParOldGen: 39714K->10003K(46080K)] 42226K->10003K(66560K) [PSPermGen: 5528K->5528K(21504K)], 0.0061010 secs] [Times: user=0.02 sys=0.00, real=0.01 secs] 
202.184: Total time for which application threads were stopped: 0.0081590 seconds, Stopping threads took: 0.0000910 seconds
202.216: Application time: 0.0312960 seconds
202.216: [GC [PSYoungGen: 17307K->2304K(20480K)] 27310K->16403K(66560K), 0.0017850 secs] [Times: user=0.02 sys=0.00, real=0.00 secs] 
202.217: Total time for which application threads were stopped: 0.0019310 seconds, Stopping threads took: 0.0000720 seconds
202.251: Application time: 0.0333760 seconds
202.251: [GC [PSYoungGen: 20033K->2304K(20480K)] 34133K->20499K(66560K), 0.0017040 secs] [Times: user=0.01 sys=0.00, real=0.00 secs] 
202.253: Total time for which application threads were stopped: 0.0018710 seconds, Stopping threads took: 0.0000950 seconds
202.285: Application time: 0.0318890 seconds
202.285: [GC [PSYoungGen: 19612K->2304K(20480K)] 37808K->23571K(66560K), 0.0014280 secs] [Times: user=0.01 sys=0.00, real=0.00 secs] 
202.286: Total time for which application threads were stopped: 0.0015740 seconds, Stopping threads took: 0.0000780 seconds
202.319: Application time: 0.0329590 seconds
202.319: [GC [PSYoungGen: 19965K->2304K(20480K)] 41233K->26643K(66560K), 0.0013700 secs] [Times: user=0.01 sys=0.00, real=0.00 secs] 
202.321: Total time for which application threads were stopped: 0.0015070 seconds, Stopping threads took: 0.0000630 seconds
202.348: Application time: 0.0274830 seconds
202.348: [GC [PSYoungGen: 19419K->2320K(20480K)] 43758K->30755K(66560K), 0.0016740 secs] [Times: user=0.01 sys=0.00, real=0.00 secs] 
202.350: Total time for which application threads were stopped: 0.0018170 seconds, Stopping threads took: 0.0000720 seconds
202.385: Application time: 0.0346130 seconds
202.385: [GC [PSYoungGen: 20029K->2304K(20480K)] 48464K->33811K(66560K), 0.0015260 secs] [Times: user=0.01 sys=0.00, real=0.00 secs] 
202.386: Total time for which application threads were stopped: 0.0016950 seconds, Stopping threads took: 0.0000960 seconds
202.415: Application time: 0.0288610 seconds
202.415: [GC [PSYoungGen: 19489K->2304K(20480K)] 50997K->37907K(66560K), 0.0017630 secs] [Times: user=0.02 sys=0.00, real=0.00 secs] 
202.417: Total time for which application threads were stopped: 0.0019490 seconds, Stopping threads took: 0.0001120 seconds
202.453: Application time: 0.0362270 seconds
202.453: [GC [PSYoungGen: 20106K->2272K(20480K)] 55709K->40947K(66560K), 0.0016030 secs] [Times: user=0.01 sys=0.00, real=0.00 secs] 
202.455: Total time for which application threads were stopped: 0.0017430 seconds, Stopping threads took: 0.0000690 seconds
202.482: Application time: 0.0269580 seconds
202.482: [GC [PSYoungGen: 19485K->2304K(20480K)] 58161K->46099K(66560K), 0.0020360 secs] [Times: user=0.02 sys=0.00, real=0.00 secs] 
202.484: [Full GC [PSYoungGen: 2304K->0K(20480K)] [ParOldGen: 43795K->11022K(46080K)] 46099K->11022K(66560K) [PSPermGen: 5528K->5528K(21504K)], 0.0061590 secs] [Times: user=0.02 sys=0.00, real=0.00 secs] 
202.490: Total time for which application threads were stopped: 0.0083990 seconds, Stopping threads took: 0.0000800 seconds
202.530: Application time: 0.0393420 seconds
202.530: [GC [PSYoungGen: 17856K->2304K(20480K)] 28879K->16398K(66560K), 0.0015380 secs] [Times: user=0.01 sys=0.00, real=0.01 secs] 
202.531: Total time for which application threads were stopped: 0.0016890 seconds, Stopping threads took: 0.0000810 seconds
202.558: Application time: 0.0270080 seconds
202.559: [GC [PSYoungGen: 19500K->2304K(20480K)] 33595K->21518K(66560K), 0.0019460 secs] [Times: user=0.01 sys=0.00, real=0.00 secs] 
202.561: Total time for which application threads were stopped: 0.0021140 seconds, Stopping threads took: 0.0000940 seconds
202.598: Application time: 0.0375340 seconds
202.598: [GC [PSYoungGen: 20047K->2304K(20480K)] 39262K->23566K(66560K), 0.0012710 secs] [Times: user=0.01 sys=0.00, real=0.01 secs] 
202.600: Total time for which application threads were stopped: 0.0014160 seconds, Stopping threads took: 0.0000720 seconds
202.625: Application time: 0.0254030 seconds
202.627: [GC [PSYoungGen: 19586K->2304K(20480K)] 40849K->28686K(66560K), 0.0019450 secs] [Times: user=0.01 sys=0.00, real=0.00 secs] 
202.629: Total time for which application threads were stopped: 0.0035960 seconds, Stopping threads took: 0.0015790 seconds
202.669: Application time: 0.0407480 seconds
202.669: [GC [PSYoungGen: 20224K->2272K(20480K)] 46606K->29679K(66560K), 0.0009790 secs] [Times: user=0.01 sys=0.00, real=0.00 secs] 
202.670: Total time for which application threads were stopped: 0.0011460 seconds, Stopping threads took: 0.0000840 seconds
202.692: Application time: 0.0213490 seconds
202.692: [GC [PSYoungGen: 19459K->2304K(20480K)] 46866K->34831K(66560K), 0.0019850 secs] [Times: user=0.01 sys=0.00, real=0.00 secs] 
202.694: Total time for which application threads were stopped: 0.0021440 seconds, Stopping threads took: 0.0000840 seconds
202.736: Application time: 0.0424940 seconds
202.737: [GC [PSYoungGen: 20224K->2384K(20480K)] 52751K->36959K(66560K), 0.0012810 secs] [Times: user=0.01 sys=0.00, real=0.00 secs] 
202.738: Total time for which application threads were stopped: 0.0014130 seconds, Stopping threads took: 0.0000600 seconds
202.760: Application time: 0.0224210 seconds
202.760: [GC [PSYoungGen: 19822K->2336K(20480K)] 54397K->42031K(66560K), 0.0020980 secs] [Times: user=0.01 sys=0.00, real=0.00 secs] 
202.763: [Full GC [PSYoungGen: 2336K->0K(20480K)] [ParOldGen: 39695K->10773K(46080K)] 42031K->10773K(66560K) [PSPermGen: 5528K->5528K(21504K)], 0.0065380 secs] [Times: user=0.03 sys=0.00, real=0.00 secs] 
202.769: Total time for which application threads were stopped: 0.0089240 seconds, Stopping threads took: 0.0001660 seconds
202.810: Application time: 0.0408760 seconds
202.810: [GC [PSYoungGen: 17640K->2336K(20480K)] 28413K->16181K(66560K), 0.0016180 secs] [Times: user=0.01 sys=0.00, real=0.01 secs] 
202.812: Total time for which application threads were stopped: 0.0017610 seconds, Stopping threads took: 0.0000640 seconds
202.837: Application time: 0.0248700 seconds
202.837: [GC [PSYoungGen: 20081K->2368K(20480K)] 33927K->20309K(66560K), 0.0017890 secs] [Times: user=0.01 sys=0.00, real=0.01 secs] 
202.839: Total time for which application threads were stopped: 0.0019320 seconds, Stopping threads took: 0.0000720 seconds
202.879: Application time: 0.0403510 seconds
202.879: [GC [PSYoungGen: 19872K->2320K(20480K)] 37814K->23334K(66560K), 0.0016220 secs] [Times: user=0.00 sys=0.00, real=0.00 secs] 
202.881: Total time for which application threads were stopped: 0.0017580 seconds, Stopping threads took: 0.0000650 seconds
202.907: Application time: 0.0261450 seconds
202.907: [GC [PSYoungGen: 20001K->2384K(20480K)] 41015K->26470K(66560K), 0.0015400 secs] [Times: user=0.01 sys=0.00, real=0.00 secs] 
202.909: Total time for which application threads were stopped: 0.0016840 seconds, Stopping threads took: 0.0000720 seconds
202.947: Application time: 0.0381120 seconds
202.947: [GC [PSYoungGen: 19657K->2416K(20480K)] 43743K->29574K(66560K), 0.0014250 secs] [Times: user=0.01 sys=0.00, real=0.00 secs] 
202.948: Total time for which application threads were stopped: 0.0015690 seconds, Stopping threads took: 0.0000740 seconds
202.976: Application time: 0.0278830 seconds
202.976: [GC [PSYoungGen: 20202K->2400K(20480K)] 47360K->33654K(66560K), 0.0017310 secs] [Times: user=0.01 sys=0.00, real=0.00 secs] 
202.978: Total time for which application threads were stopped: 0.0018730 seconds, Stopping threads took: 0.0000720 seconds
203.013: Application time: 0.0346820 seconds
203.013: [GC [PSYoungGen: 19406K->2368K(20480K)] 50660K->35670K(66560K), 0.0012860 secs] [Times: user=0.01 sys=0.00, real=0.00 secs] 
203.014: Total time for which application threads were stopped: 0.0014180 seconds, Stopping threads took: 0.0000630 seconds
203.039: Application time: 0.0248560 seconds
203.039: [GC [PSYoungGen: 20288K->2304K(20480K)] 53590K->41750K(66560K), 0.0024370 secs] [Times: user=0.01 sys=0.00, real=0.00 secs] 
203.042: [Full GC [PSYoungGen: 2304K->0K(20480K)] [ParOldGen: 39446K->12011K(46080K)] 41750K->12011K(66560K) [PSPermGen: 5528K->5528K(21504K)], 0.0063130 secs] [Times: user=0.03 sys=0.00, real=0.00 secs] 
203.048: Total time for which application threads were stopped: 0.0089690 seconds, Stopping threads took: 0.0000910 seconds
203.088: Application time: 0.0398410 seconds
203.088: [GC [PSYoungGen: 17049K->2272K(20480K)] 29061K->15307K(66560K), 0.0009870 secs] [Times: user=0.01 sys=0.00, real=0.00 secs] 
203.089: Total time for which application threads were stopped: 0.0011360 seconds, Stopping threads took: 0.0000860 seconds
203.114: Application time: 0.0246340 seconds
203.114: [GC [PSYoungGen: 19219K->2320K(20480K)] 32255K->19451K(66560K), 0.0017230 secs] [Times: user=0.02 sys=0.00, real=0.00 secs] 
203.115: Total time for which application threads were stopped: 0.0018700 seconds, Stopping threads took: 0.0000750 seconds
203.153: Application time: 0.0373280 seconds
203.153: [GC [PSYoungGen: 20154K->2304K(20480K)] 37286K->22507K(66560K), 0.0014410 secs] [Times: user=0.01 sys=0.00, real=0.00 secs] 
203.154: Total time for which application threads were stopped: 0.0016030 seconds, Stopping threads took: 0.0000920 seconds
203.184: Application time: 0.0293450 seconds
203.184: [GC [PSYoungGen: 19543K->2304K(20480K)] 39747K->26604K(66560K), 0.0018040 secs] [Times: user=0.01 sys=0.00, real=0.00 secs] 
203.186: Total time for which application threads were stopped: 0.0019800 seconds, Stopping threads took: 0.0000970 seconds
203.220: Application time: 0.0343840 seconds
203.220: [GC [PSYoungGen: 19945K->2272K(20480K)] 44245K->28620K(66560K), 0.0012630 secs] [Times: user=0.01 sys=0.00, real=0.00 secs] 
203.222: Total time for which application threads were stopped: 0.0016550 seconds, Stopping threads took: 0.0000720 seconds
203.253: Application time: 0.0312650 seconds
203.253: [GC [PSYoungGen: 19647K->2304K(20480K)] 45995K->31724K(66560K), 0.0015240 secs] [Times: user=0.01 sys=0.00, real=0.00 secs] 
203.255: Total time for which application threads were stopped: 0.0016970 seconds, Stopping threads took: 0.0001000 seconds
203.289: Application time: 0.0340350 seconds
203.289: [GC [PSYoungGen: 19948K->2272K(20480K)] 49368K->32716K(66560K), 0.0009820 secs] [Times: user=0.00 sys=0.00, real=0.00 secs] 
203.290: Total time for which application threads were stopped: 0.0011260 seconds, Stopping threads took: 0.0000730 seconds
203.320: Application time: 0.0305590 seconds
203.321: [GC [PSYoungGen: 19665K->2304K(20480K)] 50109K->36844K(66560K), 0.0018150 secs] [Times: user=0.02 sys=0.00, real=0.00 secs] 
203.322: Total time for which application threads were stopped: 0.0019670 seconds, Stopping threads took: 0.0000790 seconds
203.355: Application time: 0.0329600 seconds
203.355: [GC [PSYoungGen: 19715K->2304K(20480K)] 54256K->38892K(66560K), 0.0012670 secs] [Times: user=0.00 sys=0.00, real=0.00 secs] 
203.357: Total time for which application threads were stopped: 0.0013970 seconds, Stopping threads took: 0.0000630 seconds
203.389: Application time: 0.0321610 seconds
203.389: [GC [PSYoungGen: 20009K->2320K(20480K)] 56597K->41980K(66560K), 0.0015400 secs] [Times: user=0.01 sys=0.00, real=0.01 secs] 
203.391: Total time for which application threads were stopped: 0.0016950 seconds, Stopping threads took: 0.0000850 seconds
203.423: Application time: 0.0326220 seconds
203.423: [GC [PSYoungGen: 19876K->2336K(20480K)] 59536K->44044K(66560K), 0.0011920 secs] [Times: user=0.01 sys=0.00, real=0.00 secs] 
203.425: [Full GC [PSYoungGen: 2336K->0K(20480K)] [ParOldGen: 41708K->7936K(46080K)] 44044K->7936K(66560K) [PSPermGen: 5528K->5528K(21504K)], 0.0058380 secs] [Times: user=0.02 sys=0.00, real=0.00 secs] 
203.430: Total time for which application threads were stopped: 0.0072010 seconds, Stopping threads took: 0.0000560 seconds
203.464: Application time: 0.0336320 seconds
203.464: [GC [PSYoungGen: 17839K->2304K(20480K)] 25776K->12288K(66560K), 0.0012190 secs] [Times: user=0.01 sys=0.00, real=0.00 secs] 
203.465: Total time for which application threads were stopped: 0.0013560 seconds, Stopping threads took: 0.0000630 seconds
203.497: Application time: 0.0314990 seconds
203.497: [GC [PSYoungGen: 19777K->2304K(20480K)] 29762K->15360K(66560K), 0.0014430 secs] [Times: user=0.01 sys=0.00, real=0.01 secs] 
203.499: Total time for which application threads were stopped: 0.0016040 seconds, Stopping threads took: 0.0000890 seconds
203.533: Application time: 0.0343100 seconds
203.533: [GC [PSYoungGen: 20054K->2400K(20480K)] 33111K->17505K(66560K), 0.0012130 secs] [Times: user=0.01 sys=0.00, real=0.00 secs] 
203.534: Total time for which application threads were stopped: 0.0013590 seconds, Stopping threads took: 0.0000750 seconds
203.560: Application time: 0.0257210 seconds
203.560: [GC [PSYoungGen: 19709K->2416K(20480K)] 34814K->20593K(66560K), 0.0015470 secs] [Times: user=0.01 sys=0.00, real=0.00 secs] 
203.562: Total time for which application threads were stopped: 0.0016950 seconds, Stopping threads took: 0.0000820 seconds
203.601: Application time: 0.0394410 seconds
203.603: [GC [PSYoungGen: 20235K->2400K(20480K)] 38412K->21601K(66560K), 0.0010670 secs] [Times: user=0.00 sys=0.00, real=0.00 secs] 
203.604: Total time for which application threads were stopped: 0.0025420 seconds, Stopping threads took: 0.0014140 seconds
203.629: Application time: 0.0256640 seconds
203.629: [GC [PSYoungGen: 19658K->2416K(20480K)] 38859K->24689K(66560K), 0.0014650 secs] [Times: user=0.01 sys=0.00, real=0.01 secs] 
203.631: Total time for which application threads were stopped: 0.0016240 seconds, Stopping threads took: 0.0000900 seconds
203.667: Application time: 0.0357790 seconds
203.667: [GC [PSYoungGen: 19755K->2432K(20480K)] 42028K->25729K(66560K), 0.0009860 secs] [Times: user=0.00 sys=0.00, real=0.00 secs] 
203.668: Total time for which application threads were stopped: 0.0011460 seconds, Stopping threads took: 0.0000910 seconds
203.696: Application time: 0.0279200 seconds
203.696: [GC [PSYoungGen: 20065K->2432K(20480K)] 43362K->29825K(66560K), 0.0017820 secs] [Times: user=0.01 sys=0.00, real=0.00 secs] 
203.698: Total time for which application threads were stopped: 0.0019390 seconds, Stopping threads took: 0.0000700 seconds
203.733: Application time: 0.0356690 seconds
203.733: [GC [PSYoungGen: 19648K->2400K(20480K)] 47041K->30817K(66560K), 0.0009820 secs] [Times: user=0.01 sys=0.00, real=0.00 secs] 
203.734: Total time for which application threads were stopped: 0.0011260 seconds, Stopping threads took: 0.0000780 seconds
203.763: Application time: 0.0280240 seconds
203.763: [GC [PSYoungGen: 20184K->2336K(20480K)] 48601K->34849K(66560K), 0.0017710 secs] [Times: user=0.01 sys=0.00, real=0.00 secs] 
203.764: Total time for which application threads were stopped: 0.0019130 seconds, Stopping threads took: 0.0000720 seconds
203.801: Application time: 0.0361450 seconds
203.801: [GC [PSYoungGen: 19476K->2416K(20480K)] 51989K->38001K(66560K), 0.0015070 secs] [Times: user=0.01 sys=0.00, real=0.00 secs] 
203.802: Total time for which application threads were stopped: 0.0016570 seconds, Stopping threads took: 0.0000810 seconds
203.831: Application time: 0.0287090 seconds
203.831: [GC [PSYoungGen: 20272K->2384K(20480K)] 55857K->42065K(66560K), 0.0017920 secs] [Times: user=0.01 sys=0.00, real=0.00 secs] 
203.833: Total time for which application threads were stopped: 0.0019420 seconds, Stopping threads took: 0.0000790 seconds
203.869: Application time: 0.0359940 seconds
203.869: [GC [PSYoungGen: 19543K->2384K(20480K)] 59224K->45137K(66560K), 0.0015250 secs] [Times: user=0.01 sys=0.00, real=0.01 secs] 
203.871: [Full GC [PSYoungGen: 2384K->0K(20480K)] [ParOldGen: 42753K->8943K(46080K)] 45137K->8943K(66560K) [PSPermGen: 5528K->5528K(21504K)], 0.0059220 secs] [Times: user=0.03 sys=0.00, real=0.00 secs] 
203.877: Total time for which application threads were stopped: 0.0076280 seconds, Stopping threads took: 0.0000560 seconds
203.905: Application time: 0.0283030 seconds
203.905: [GC [PSYoungGen: 17897K->2304K(20480K)] 26841K->16367K(66560K), 0.0019900 secs] [Times: user=0.01 sys=0.01, real=0.00 secs] 
203.907: Total time for which application threads were stopped: 0.0021390 seconds, Stopping threads took: 0.0000720 seconds
203.944: Application time: 0.0366860 seconds
203.944: [GC [PSYoungGen: 19399K->2304K(20480K)] 33462K->20463K(66560K), 0.0016960 secs] [Times: user=0.01 sys=0.00, real=0.00 secs] 
203.945: Total time for which application threads were stopped: 0.0018280 seconds, Stopping threads took: 0.0000610 seconds
203.972: Application time: 0.0265700 seconds
203.972: [GC [PSYoungGen: 20224K->2272K(20480K)] 38383K->26575K(66560K), 0.0023060 secs] [Times: user=0.02 sys=0.00, real=0.00 secs] 
203.975: Total time for which application threads were stopped: 0.0024500 seconds, Stopping threads took: 0.0000670 seconds
204.011: Application time: 0.0362290 seconds
204.011: [GC [PSYoungGen: 19267K->2272K(20480K)] 43570K->30671K(66560K), 0.0017030 secs] [Times: user=0.01 sys=0.00, real=0.00 secs] 
204.013: Total time for which application threads were stopped: 0.0018440 seconds, Stopping threads took: 0.0000710 seconds
204.039: Application time: 0.0260920 seconds
204.039: [GC [PSYoungGen: 19209K->2304K(20480K)] 47609K->35823K(66560K), 0.0020210 secs] [Times: user=0.01 sys=0.00, real=0.00 secs] 
204.041: Total time for which application threads were stopped: 0.0021620 seconds, Stopping threads took: 0.0000660 seconds
204.075: Application time: 0.0345780 seconds
204.076: [GC [PSYoungGen: 20110K->2304K(20480K)] 53630K->38895K(66560K), 0.0015690 secs] [Times: user=0.01 sys=0.00, real=0.00 secs] 
204.077: Total time for which application threads were stopped: 0.0017090 seconds, Stopping threads took: 0.0000670 seconds
204.107: Application time: 0.0297170 seconds
204.107: [GC [PSYoungGen: 19652K->2304K(20480K)] 56244K->44015K(66560K), 0.0020870 secs] [Times: user=0.02 sys=0.00, real=0.00 secs] 
204.109: [Full GC [PSYoungGen: 2304K->0K(20480K)] [ParOldGen: 41711K->10984K(46080K)] 44015K->10984K(66560K) [PSPermGen: 5528K->5528K(21504K)], 0.0061660 secs] [Times: user=0.02 sys=0.00, real=0.01 secs] 
204.115: Total time for which application threads were stopped: 0.0084440 seconds, Stopping threads took: 0.0000680 seconds
204.150: Application time: 0.0343990 seconds
204.150: [GC [PSYoungGen: 17920K->2336K(20480K)] 28904K->17416K(66560K), 0.0017330 secs] [Times: user=0.01 sys=0.00, real=0.01 secs] 
204.152: Total time for which application threads were stopped: 0.0018740 seconds, Stopping threads took: 0.0000640 seconds
204.182: Application time: 0.0307310 seconds
204.182: [GC [PSYoungGen: 19788K->2400K(20480K)] 34868K->22600K(66560K), 0.0020790 secs] [Times: user=0.01 sys=0.00, real=0.00 secs] 
204.185: Total time for which application threads were stopped: 0.0022540 seconds, Stopping threads took: 0.0001010 seconds
204.217: Application time: 0.0325150 seconds
204.217: [GC [PSYoungGen: 20156K->2368K(20480K)] 40357K->25640K(66560K), 0.0015320 secs] [Times: user=0.01 sys=0.00, real=0.01 secs] 
204.219: Total time for which application threads were stopped: 0.0016910 seconds, Stopping threads took: 0.0000780 seconds
204.252: Application time: 0.0333120 seconds
204.252: [GC [PSYoungGen: 19983K->2416K(20480K)] 43255K->30808K(66560K), 0.0021240 secs] [Times: user=0.01 sys=0.00, real=0.00 secs] 
204.254: Total time for which application threads were stopped: 0.0022770 seconds, Stopping threads took: 0.0000760 seconds
204.286: Application time: 0.0313090 seconds
204.286: [GC [PSYoungGen: 19730K->2496K(20480K)] 48122K->33960K(66560K), 0.0015560 secs] [Times: user=0.01 sys=0.00, real=0.00 secs] 
204.287: Total time for which application threads were stopped: 0.0017050 seconds, Stopping threads took: 0.0000760 seconds
204.323: Application time: 0.0351580 seconds
204.323: [GC [PSYoungGen: 20334K->2496K(20480K)] 51798K->38056K(66560K), 0.0018180 secs] [Times: user=0.01 sys=0.00, real=0.00 secs] 
204.325: Total time for which application threads were stopped: 0.0019910 seconds, Stopping threads took: 0.0000960 seconds
204.356: Application time: 0.0312780 seconds
204.356: [GC [PSYoungGen: 19776K->2464K(20480K)] 55337K->41096K(66560K), 0.0015670 secs] [Times: user=0.01 sys=0.00, real=0.00 secs] 
204.358: Total time for which application threads were stopped: 0.0017140 seconds, Stopping threads took: 0.0000730 seconds
204.390: Application time: 0.0328890 seconds
204.391: [GC [PSYoungGen: 20175K->2480K(20480K)] 58807K->45208K(66560K), 0.0018570 secs] [Times: user=0.01 sys=0.00, real=0.00 secs] 
204.392: [Full GC [PSYoungGen: 2480K->0K(20480K)] [ParOldGen: 42728K->9965K(46080K)] 45208K->9965K(66560K) [PSPermGen: 5528K->5528K(21504K)], 0.0061640 secs] [Times: user=0.03 sys=0.00, real=0.01 secs] 
204.399: Total time for which application threads were stopped: 0.0082280 seconds, Stopping threads took: 0.0000860 seconds
204.430: Application time: 0.0316890 seconds
204.430: [GC [PSYoungGen: 17285K->2304K(20480K)] 27251K->15342K(66560K), 0.0014730 secs] [Times: user=0.01 sys=0.00, real=0.01 secs] 
204.432: Total time for which application threads were stopped: 0.0016050 seconds, Stopping threads took: 0.0000630 seconds
204.466: Application time: 0.0344500 seconds
204.467: [GC [PSYoungGen: 20100K->2272K(20480K)] 33138K->18382K(66560K), 0.0014900 secs] [Times: user=0.01 sys=0.00, real=0.00 secs] 
204.468: Total time for which application threads were stopped: 0.0016370 seconds, Stopping threads took: 0.0000770 seconds
204.499: Application time: 0.0310330 seconds
204.499: [GC [PSYoungGen: 19513K->2304K(20480K)] 35623K->21486K(66560K), 0.0014150 secs] [Times: user=0.01 sys=0.00, real=0.00 secs] 
204.501: Total time for which application threads were stopped: 0.0015520 seconds, Stopping threads took: 0.0000660 seconds
204.534: Application time: 0.0336030 seconds
204.534: [GC [PSYoungGen: 20065K->2320K(20480K)] 39247K->24574K(66560K), 0.0015600 secs] [Times: user=0.00 sys=0.00, real=0.00 secs] 
204.536: Total time for which application threads were stopped: 0.0017060 seconds, Stopping threads took: 0.0000750 seconds
204.566: Application time: 0.0300630 seconds
204.566: [GC [PSYoungGen: 19493K->2304K(20480K)] 41747K->28654K(66560K), 0.0016770 secs] [Times: user=0.01 sys=0.00, real=0.00 secs] 
204.568: Total time for which application threads were stopped: 0.0018180 seconds, Stopping threads took: 0.0000700 seconds
204.604: Application time: 0.0363600 seconds
204.604: [GC [PSYoungGen: 20181K->2304K(20480K)] 46532K->31726K(66560K), 0.0014530 secs] [Times: user=0.01 sys=0.00, real=0.00 secs] 
204.606: Total time for which application threads were stopped: 0.0016070 seconds, Stopping threads took: 0.0000830 seconds
204.628: Application time: 0.0223850 seconds
204.631: [GC [PSYoungGen: 20224K->2272K(20480K)] 49646K->36814K(66560K), 0.0020430 secs] [Times: user=0.01 sys=0.00, real=0.00 secs] 
204.633: Total time for which application threads were stopped: 0.0044450 seconds, Stopping threads took: 0.0023280 seconds
204.676: Application time: 0.0430000 seconds
204.676: [GC [PSYoungGen: 19396K->2304K(20480K)] 53939K->38894K(66560K), 0.0011760 secs] [Times: user=0.01 sys=0.00, real=0.00 secs] 
204.677: Total time for which application threads were stopped: 0.0013310 seconds, Stopping threads took: 0.0000860 seconds
204.700: Application time: 0.0228150 seconds
204.700: [GC [PSYoungGen: 19221K->2304K(20480K)] 55811K->42990K(66560K), 0.0016960 secs] [Times: user=0.01 sys=0.00, real=0.00 secs] 
204.702: [Full GC [PSYoungGen: 2304K->0K(20480K)] [ParOldGen: 40686K->9968K(46080K)] 42990K->9968K(66560K) [PSPermGen: 5528K->5528K(21504K)], 0.0075520 secs] [Times: user=0.04 sys=0.00, real=0.00 secs] 
204.709: Total time for which application threads were stopped: 0.0094310 seconds, Stopping threads took: 0.0000680 seconds
204.750: Application time: 0.0407160 seconds
204.750: [GC [PSYoungGen: 17920K->2304K(20480K)] 27888K->14320K(66560K), 0.0011860 secs] [Times: user=0.01 sys=0.00, real=0.01 secs] 
204.751: Total time for which application threads were stopped: 0.0013250 seconds, Stopping threads took: 0.0000590 seconds
204.775: Application time: 0.0232710 seconds
204.775: [GC [PSYoungGen: 19413K->2304K(20480K)] 31430K->19440K(66560K), 0.0019900 secs] [Times: user=0.02 sys=0.00, real=0.00 secs] 
204.777: Total time for which application threads were stopped: 0.0021380 seconds, Stopping threads took: 0.0000730 seconds
204.816: Application time: 0.0392340 seconds
204.816: [GC [PSYoungGen: 19993K->2320K(20480K)] 37130K->20480K(66560K), 0.0009700 secs] [Times: user=0.01 sys=0.00, real=0.00 secs] 
204.817: Total time for which application threads were stopped: 0.0011160 seconds, Stopping threads took: 0.0000780 seconds
204.843: Application time: 0.0256290 seconds
204.843: [GC [PSYoungGen: 19811K->2304K(20480K)] 37972K->25584K(66560K), 0.0019810 secs] [Times: user=0.02 sys=0.00, real=0.00 secs] 
204.845: Total time for which application threads were stopped: 0.0021250 seconds, Stopping threads took: 0.0000710 seconds
204.883: Application time: 0.0384210 seconds
204.883: [GC [PSYoungGen: 19985K->2336K(20480K)] 43265K->26640K(66560K), 0.0010290 secs] [Times: user=0.01 sys=0.00, real=0.00 secs] 
204.884: Total time for which application threads were stopped: 0.0011890 seconds, Stopping threads took: 0.0000900 seconds
204.910: Application time: 0.0256550 seconds
204.910: [GC [PSYoungGen: 19978K->2400K(20480K)] 44282K->31824K(66560K), 0.0020410 secs] [Times: user=0.02 sys=0.00, real=0.01 secs] 
204.912: Total time for which application threads were stopped: 0.0021940 seconds, Stopping threads took: 0.0000790 seconds
204.952: Application time: 0.0395300 seconds
204.952: [GC [PSYoungGen: 20033K->2496K(20480K)] 49458K->34992K(66560K), 0.0015900 secs] [Times: user=0.01 sys=0.00, real=0.00 secs] 
204.954: Total time for which application threads were stopped: 0.0017350 seconds, Stopping threads took: 0.0000740 seconds
204.979: Application time: 0.0256140 seconds
204.979: [GC [PSYoungGen: 20246K->2448K(20480K)] 52743K->40064K(66560K), 0.0020570 secs] [Times: user=0.01 sys=0.00, real=0.00 secs] 
204.981: Total time for which application threads were stopped: 0.0021980 seconds, Stopping threads took: 0.0000690 seconds
205.019: Application time: 0.0374260 seconds
205.019: [GC [PSYoungGen: 19595K->2464K(20480K)] 57212K->43152K(66560K), 0.0015620 secs] [Times: user=0.01 sys=0.00, real=0.00 secs] 
205.020: [Full GC [PSYoungGen: 2464K->0K(20480K)] [ParOldGen: 40688K->8946K(46080K)] 43152K->8946K(66560K) [PSPermGen: 5528K->5528K(21504K)], 0.0059120 secs] [Times: user=0.03 sys=0.00, real=0.00 secs] 
205.026: Total time for which application threads were stopped: 0.0076600 seconds, Stopping threads took: 0.0000710 seconds
205.052: Application time: 0.0257140 seconds
205.052: [GC [PSYoungGen: 16923K->2304K(20480K)] 25869K->16370K(66560K), 0.0019880 secs] [Times: user=0.02 sys=0.00, real=0.00 secs] 
205.054: Total time for which application threads were stopped: 0.0021330 seconds, Stopping threads took: 0.0000740 seconds
205.091: Application time: 0.0364590 seconds
205.091: [GC [PSYoungGen: 20224K->2320K(20480K)] 34290K->20482K(66560K), 0.0017270 secs] [Times: user=0.02 sys=0.00, real=0.00 secs] 
205.093: Total time for which application threads were stopped: 0.0018760 seconds, Stopping threads took: 0.0000790 seconds
205.121: Application time: 0.0286480 seconds
205.121: [GC [PSYoungGen: 19460K->2304K(20480K)] 37623K->25586K(66560K), 0.0019700 secs] [Times: user=0.02 sys=0.00, real=0.00 secs] 
205.123: Total time for which application threads were stopped: 0.0021180 seconds, Stopping threads took: 0.0000750 seconds
205.161: Application time: 0.0371990 seconds
205.161: [GC [PSYoungGen: 20224K->2256K(20480K)] 43506K->28611K(66560K), 0.0014410 secs] [Times: user=0.01 sys=0.00, real=0.00 secs] 
205.162: Total time for which application threads were stopped: 0.0015780 seconds, Stopping threads took: 0.0000660 seconds
205.190: Application time: 0.0276050 seconds
205.190: [GC [PSYoungGen: 19379K->2320K(20480K)] 45734K->32771K(66560K), 0.0017390 secs] [Times: user=0.02 sys=0.00, real=0.01 secs] 
205.192: Total time for which application threads were stopped: 0.0018920 seconds, Stopping threads took: 0.0000830 seconds
205.226: Application time: 0.0345230 seconds
205.226: [GC [PSYoungGen: 20066K->2320K(20480K)] 50517K->35843K(66560K), 0.0014940 secs] [Times: user=0.01 sys=0.00, real=0.00 secs] 
205.228: Total time for which application threads were stopped: 0.0017000 seconds, Stopping threads took: 0.0001330 seconds
205.257: Application time: 0.0295580 seconds
205.258: [GC [PSYoungGen: 19566K->2304K(20480K)] 53089K->40947K(66560K), 0.0020360 secs] [Times: user=0.01 sys=0.00, real=0.01 secs] 
205.260: Total time for which application threads were stopped: 0.0021930 seconds, Stopping threads took: 0.0000740 seconds
205.296: Application time: 0.0365180 seconds
205.296: [GC [PSYoungGen: 20099K->2304K(20480K)] 58742K->42995K(66560K), 0.0012950 secs] [Times: user=0.00 sys=0.00, real=0.00 secs] 
205.298: [Full GC [PSYoungGen: 2304K->0K(20480K)] [ParOldGen: 40691K->7919K(46080K)] 42995K->7919K(66560K) [PSPermGen: 5528K->5528K(21504K)], 0.0057840 secs] [Times: user=0.03 sys=0.00, real=0.01 secs] 
205.303: Total time for which application threads were stopped: 0.0072580 seconds, Stopping threads took: 0.0000630 seconds
205.331: Application time: 0.0272750 seconds
205.331: [GC [PSYoungGen: 17263K->2304K(20480K)] 25182K->15343K(66560K), 0.0021100 secs] [Times: user=0.02 sys=0.00, real=0.00 secs] 
205.333: Total time for which application threads were stopped: 0.0022550 seconds, Stopping threads took: 0.0000690 seconds
205.366: Application time: 0.0328680 seconds
205.366: [GC [PSYoungGen: 19717K->2304K(20480K)] 32756K->18415K(66560K), 0.0015310 secs] [Times: user=0.01 sys=0.00, real=0.00 secs] 
205.368: Total time for which application threads were stopped: 0.0016780 seconds, Stopping threads took: 0.0000770 seconds
205.400: Application time: 0.0328610 seconds
205.401: [GC [PSYoungGen: 19944K->2272K(20480K)] 36055K->22479K(66560K), 0.0017660 secs] [Times: user=0.01 sys=0.00, real=0.00 secs] 
205.402: Total time for which application threads were stopped: 0.0019250 seconds, Stopping threads took: 0.0000860 seconds
205.435: Application time: 0.0329680 seconds
205.435: [GC [PSYoungGen: 19691K->2304K(20480K)] 39898K->24559K(66560K), 0.0012520 secs] [Times: user=0.01 sys=0.00, real=0.00 secs] 
205.437: Total time for which application threads were stopped: 0.0014020 seconds, Stopping threads took: 0.0000830 seconds
205.468: Application time: 0.0312920 seconds
205.468: [GC [PSYoungGen: 19640K->2304K(20480K)] 41896K->26607K(66560K), 0.0011730 secs] [Times: user=0.01 sys=0.00, real=0.00 secs] 
205.469: Total time for which application threads were stopped: 0.0013060 seconds, Stopping threads took: 0.0000640 seconds
205.504: Application time: 0.0343590 seconds
205.504: [GC [PSYoungGen: 19994K->2304K(20480K)] 44297K->28655K(66560K), 0.0012180 secs] [Times: user=0.01 sys=0.00, real=0.00 secs] 
205.505: Total time for which application threads were stopped: 0.0013550 seconds, Stopping threads took: 0.0000690 seconds
205.537: Application time: 0.0315600 seconds
205.537: [GC [PSYoungGen: 19773K->2272K(20480K)] 46125K->30671K(66560K), 0.0011830 secs] [Times: user=0.01 sys=0.00, real=0.00 secs] 
205.538: Total time for which application threads were stopped: 0.0013240 seconds, Stopping threads took: 0.0000720 seconds
205.569: Application time: 0.0313710 seconds
205.569: [GC [PSYoungGen: 19967K->2368K(20480K)] 48367K->33839K(66560K), 0.0014440 secs] [Times: user=0.01 sys=0.00, real=0.01 secs] 
205.571: Total time for which application threads were stopped: 0.0015830 seconds, Stopping threads took: 0.0000670 seconds
205.605: Application time: 0.0336790 seconds
205.605: [GC [PSYoungGen: 19979K->2416K(20480K)] 51450K->37983K(66560K), 0.0017650 secs] [Times: user=0.01 sys=0.00, real=0.00 secs] 
205.606: Total time for which application threads were stopped: 0.0018980 seconds, Stopping threads took: 0.0000590 seconds
205.634: Application time: 0.0274800 seconds
205.634: [GC [PSYoungGen: 19720K->2432K(20480K)] 55287K->42095K(66560K), 0.0018100 secs] [Times: user=0.01 sys=0.00, real=0.00 secs] 
205.636: Total time for which application threads were stopped: 0.0019680 seconds, Stopping threads took: 0.0000840 seconds
205.671: Application time: 0.0351040 seconds
205.671: [GC [PSYoungGen: 20352K->2464K(20480K)] 60015K->46223K(66560K), 0.0018600 secs] [Times: user=0.01 sys=0.00, real=0.00 secs] 
205.673: [Full GC [PSYoungGen: 2464K->0K(20480K)] [ParOldGen: 43759K->9971K(46080K)] 46223K->9971K(66560K) [PSPermGen: 5528K->5528K(21504K)], 0.0060740 secs] [Times: user=0.03 sys=0.00, real=0.01 secs] 
205.679: Total time for which application threads were stopped: 0.0081300 seconds, Stopping threads took: 0.0000740 seconds
205.708: Application time: 0.0291210 seconds
205.709: [GC [PSYoungGen: 17416K->2304K(20480K)] 27388K->16371K(66560K), 0.0019940 secs] [Times: user=0.01 sys=0.00, real=0.01 secs] 
205.711: Total time for which application threads were stopped: 0.0027570 seconds, Stopping threads took: 0.0006820 seconds
205.746: Application time: 0.0350640 seconds
205.751: [GC [PSYoungGen: 19885K->2304K(20480K)] 33953K->20468K(66560K), 0.0017810 secs] [Times: user=0.01 sys=0.00, real=0.00 secs] 
205.752: Total time for which application threads were stopped: 0.0063150 seconds, Stopping threads took: 0.0044590 seconds
205.783: Application time: 0.0306690 seconds
205.783: [GC [PSYoungGen: 19877K->2304K(20480K)] 38041K->23540K(66560K), 0.0015090 secs] [Times: user=0.01 sys=0.00, real=0.00 secs] 
205.785: Total time for which application threads were stopped: 0.0016640 seconds, Stopping threads took: 0.0000740 seconds
205.819: Application time: 0.0338860 seconds
205.819: [GC [PSYoungGen: 19781K->2272K(20480K)] 41017K->26580K(66560K), 0.0015250 secs] [Times: user=0.01 sys=0.00, real=0.00 secs] 
205.820: Total time for which application threads were stopped: 0.0017250 seconds, Stopping threads took: 0.0001300 seconds
205.851: Application time: 0.0307410 seconds
205.851: [GC [PSYoungGen: 19802K->2272K(20480K)] 44111K->30676K(66560K), 0.0017420 secs] [Times: user=0.01 sys=0.00, real=0.00 secs] 
205.853: Total time for which application threads were stopped: 0.0018890 seconds, Stopping threads took: 0.0000750 seconds
205.888: Application time: 0.0351590 seconds
205.888: [GC [PSYoungGen: 19795K->2336K(20480K)] 48199K->34836K(66560K), 0.0017450 secs] [Times: user=0.01 sys=0.00, real=0.00 secs] 
205.890: Total time for which application threads were stopped: 0.0018980 seconds, Stopping threads took: 0.0000820 seconds
205.916: Application time: 0.0259450 seconds
205.916: [GC [PSYoungGen: 19735K->2272K(20480K)] 52235K->39892K(66560K), 0.0020470 secs] [Times: user=0.01 sys=0.00, real=0.00 secs] 
205.918: Total time for which application threads were stopped: 0.0022010 seconds, Stopping threads took: 0.0000800 seconds
205.956: Application time: 0.0373870 seconds
205.956: [GC [PSYoungGen: 19796K->2320K(20480K)] 57416K->43012K(66560K), 0.0015020 secs] [Times: user=0.01 sys=0.00, real=0.00 secs] 
205.957: [Full GC [PSYoungGen: 2320K->0K(20480K)] [ParOldGen: 40692K->8959K(46080K)] 43012K->8959K(66560K) [PSPermGen: 5528K->5528K(21504K)], 0.0058120 secs] [Times: user=0.03 sys=0.00, real=0.01 secs] 
205.963: Total time for which application threads were stopped: 0.0074970 seconds, Stopping threads took: 0.0000690 seconds
205.991: Application time: 0.0276340 seconds
205.991: [GC [PSYoungGen: 17523K->2304K(20480K)] 26483K->15359K(66560K), 0.0017020 secs] [Times: user=0.01 sys=0.00, real=0.00 secs] 
205.993: Total time for which application threads were stopped: 0.0018570 seconds, Stopping threads took: 0.0000770 seconds
206.030: Application time: 0.0373120 seconds
206.030: [GC [PSYoungGen: 19744K->2304K(20480K)] 32799K->18431K(66560K), 0.0014730 secs] [Times: user=0.01 sys=0.00, real=0.01 secs] 
206.031: Total time for which application threads were stopped: 0.0016150 seconds, Stopping threads took: 0.0000670 seconds
206.058: Application time: 0.0266360 seconds
206.058: [GC [PSYoungGen: 19880K->2304K(20480K)] 36007K->22527K(66560K), 0.0017920 secs] [Times: user=0.01 sys=0.00, real=0.01 secs] 
206.060: Total time for which application threads were stopped: 0.0019510 seconds, Stopping threads took: 0.0000840 seconds
206.097: Application time: 0.0371120 seconds
206.097: [GC [PSYoungGen: 19611K->2272K(20480K)] 39834K->25567K(66560K), 0.0015000 secs] [Times: user=0.01 sys=0.00, real=0.01 secs] 
206.099: Total time for which application threads were stopped: 0.0016500 seconds, Stopping threads took: 0.0000730 seconds
206.127: Application time: 0.0284730 seconds
206.127: [GC [PSYoungGen: 20017K->2272K(20480K)] 43312K->28639K(66560K), 0.0015830 secs] [Times: user=0.01 sys=0.00, real=0.00 secs] 
206.129: Total time for which application threads were stopped: 0.0017190 seconds, Stopping threads took: 0.0000660 seconds
206.166: Application time: 0.0371280 seconds
206.166: [GC [PSYoungGen: 19544K->2304K(20480K)] 45912K->30719K(66560K), 0.0012520 secs] [Times: user=0.01 sys=0.00, real=0.00 secs] 
206.168: Total time for which application threads were stopped: 0.0013890 seconds, Stopping threads took: 0.0000660 seconds
206.197: Application time: 0.0290220 seconds
206.199: [GC [PSYoungGen: 20095K->2304K(20480K)] 48510K->33791K(66560K), 0.0015010 secs] [Times: user=0.01 sys=0.00, real=0.00 secs] 
206.200: Total time for which application threads were stopped: 0.0034900 seconds, Stopping threads took: 0.0019080 seconds
206.236: Application time: 0.0356080 seconds
206.236: [GC [PSYoungGen: 19577K->2288K(20480K)] 51065K->35823K(66560K), 0.0012140 secs] [Times: user=0.01 sys=0.00, real=0.00 secs] 
206.237: Total time for which application threads were stopped: 0.0013640 seconds, Stopping threads took: 0.0000810 seconds
206.268: Application time: 0.0305120 seconds
206.268: [GC [PSYoungGen: 20206K->2304K(20480K)] 53741K->40959K(66560K), 0.0019860 secs] [Times: user=0.01 sys=0.00, real=0.00 secs] 
206.270: Total time for which application threads were stopped: 0.0021370 seconds, Stopping threads took: 0.0000760 seconds
206.305: Application time: 0.0347990 seconds
206.305: [GC [PSYoungGen: 19327K->2352K(20480K)] 57982K->42031K(66560K), 0.0009830 secs] [Times: user=0.01 sys=0.00, real=0.00 secs] 
206.306: Total time for which application threads were stopped: 0.0011290 seconds, Stopping threads took: 0.0000680 seconds
206.334: Application time: 0.0280000 seconds
206.334: [GC [PSYoungGen: 19602K->2400K(20480K)] 59281K->46175K(66560K), 0.0017550 secs] [Times: user=0.01 sys=0.00, real=0.00 secs] 
206.336: [Full GC [PSYoungGen: 2400K->0K(20480K)] [ParOldGen: 43775K->9968K(46080K)] 46175K->9968K(66560K) [PSPermGen: 5528K->5528K(21504K)], 0.0060910 secs] [Times: user=0.03 sys=0.00, real=0.01 secs] 
206.342: Total time for which application threads were stopped: 0.0080300 seconds, Stopping threads took: 0.0000640 seconds
206.376: Application time: 0.0347410 seconds
206.377: [GC [PSYoungGen: 17835K->2336K(20480K)] 27804K->15376K(66560K), 0.0015360 secs] [Times: user=0.01 sys=0.00, real=0.00 secs] 
206.378: Total time for which application threads were stopped: 0.0016840 seconds, Stopping threads took: 0.0000780 seconds
206.404: Application time: 0.0262570 seconds
206.404: [GC [PSYoungGen: 19687K->2368K(20480K)] 32728K->19504K(66560K), 0.0018120 secs] [Times: user=0.02 sys=0.00, real=0.00 secs] 
206.406: Total time for which application threads were stopped: 0.0019750 seconds, Stopping threads took: 0.0000870 seconds
206.445: Application time: 0.0389120 seconds
206.445: [GC [PSYoungGen: 20128K->2384K(20480K)] 37265K->21568K(66560K), 0.0012380 secs] [Times: user=0.01 sys=0.00, real=0.00 secs] 
206.447: Total time for which application threads were stopped: 0.0013760 seconds, Stopping threads took: 0.0000700 seconds
206.472: Application time: 0.0257590 seconds
206.473: [GC [PSYoungGen: 19739K->2336K(20480K)] 38923K->25616K(66560K), 0.0019490 secs] [Times: user=0.01 sys=0.00, real=0.00 secs] 
206.475: Total time for which application threads were stopped: 0.0021840 seconds, Stopping threads took: 0.0001620 seconds
206.508: Application time: 0.0332290 seconds
206.508: [GC [PSYoungGen: 19763K->2400K(20480K)] 43044K->28752K(66560K), 0.0014830 secs] [Times: user=0.01 sys=0.00, real=0.00 secs] 
206.509: Total time for which application threads were stopped: 0.0016190 seconds, Stopping threads took: 0.0000660 seconds
206.542: Application time: 0.0329670 seconds
206.543: [GC [PSYoungGen: 20012K->2384K(20480K)] 46365K->31808K(66560K), 0.0015710 secs] [Times: user=0.01 sys=0.00, real=0.00 secs] 
206.544: Total time for which application threads were stopped: 0.0017270 seconds, Stopping threads took: 0.0000810 seconds
206.577: Application time: 0.0332030 seconds
206.579: [GC [PSYoungGen: 19896K->2336K(20480K)] 49320K->33808K(66560K), 0.0011910 secs] [Times: user=0.01 sys=0.00, real=0.00 secs] 
206.580: Total time for which application threads were stopped: 0.0024320 seconds, Stopping threads took: 0.0011690 seconds
206.613: Application time: 0.0328880 seconds
206.613: [GC [PSYoungGen: 19875K->2416K(20480K)] 51347K->35936K(66560K), 0.0013170 secs] [Times: user=0.00 sys=0.00, real=0.00 secs] 
206.614: Total time for which application threads were stopped: 0.0014560 seconds, Stopping threads took: 0.0000680 seconds
206.644: Application time: 0.0299570 seconds
206.644: [GC [PSYoungGen: 19732K->2416K(20480K)] 53253K->39008K(66560K), 0.0014940 secs] [Times: user=0.01 sys=0.00, real=0.00 secs] 
206.646: Total time for which application threads were stopped: 0.0016550 seconds, Stopping threads took: 0.0000820 seconds
206.681: Application time: 0.0347660 seconds
206.681: [GC [PSYoungGen: 20084K->2400K(20480K)] 56677K->42064K(66560K), 0.0015250 secs] [Times: user=0.01 sys=0.00, real=0.00 secs] 
206.682: Total time for which application threads were stopped: 0.0016840 seconds, Stopping threads took: 0.0000870 seconds
206.712: Application time: 0.0298130 seconds
206.712: [GC [PSYoungGen: 19739K->2400K(20480K)] 59404K->46161K(66560K), 0.0017730 secs] [Times: user=0.01 sys=0.00, real=0.00 secs] 
206.714: [Full GC [PSYoungGen: 2400K->0K(20480K)] [ParOldGen: 43760K->9981K(46080K)] 46161K->9981K(66560K) [PSPermGen: 5528K->5528K(21504K)], 0.0059630 secs] [Times: user=0.02 sys=0.00, real=0.01 secs] 
206.720: Total time for which application threads were stopped: 0.0079310 seconds, Stopping threads took: 0.0000770 seconds
206.756: Application time: 0.0361240 seconds
206.756: [GC [PSYoungGen: 17742K->2304K(20480K)] 27724K->15357K(66560K), 0.0015160 secs] [Times: user=0.01 sys=0.00, real=0.00 secs] 
206.758: Total time for which application threads were stopped: 0.0016670 seconds, Stopping threads took: 0.0000780 seconds
206.785: Application time: 0.0275650 seconds
206.785: [GC [PSYoungGen: 19531K->2304K(20480K)] 32585K->19453K(66560K), 0.0017380 secs] [Times: user=0.01 sys=0.00, real=0.00 secs] 
206.787: Total time for which application threads were stopped: 0.0018760 seconds, Stopping threads took: 0.0000670 seconds
206.825: Application time: 0.0373440 seconds
206.825: [GC [PSYoungGen: 20078K->2304K(20480K)] 37228K->22525K(66560K), 0.0014300 secs] [Times: user=0.01 sys=0.00, real=0.00 secs] 
206.826: Total time for which application threads were stopped: 0.0015760 seconds, Stopping threads took: 0.0000640 seconds
206.853: Application time: 0.0266540 seconds
206.853: [GC [PSYoungGen: 19497K->2304K(20480K)] 39719K->26621K(66560K), 0.0016820 secs] [Times: user=0.01 sys=0.00, real=0.00 secs] 
206.855: Total time for which application threads were stopped: 0.0018260 seconds, Stopping threads took: 0.0000700 seconds
206.894: Application time: 0.0391870 seconds
206.894: [GC [PSYoungGen: 20132K->2304K(20480K)] 44450K->28669K(66560K), 0.0011470 secs] [Times: user=0.00 sys=0.01, real=0.00 secs] 
206.895: Total time for which application threads were stopped: 0.0012930 seconds, Stopping threads took: 0.0000760 seconds
206.922: Application time: 0.0270600 seconds
206.922: [GC [PSYoungGen: 19554K->2304K(20480K)] 45920K->32765K(66560K), 0.0016470 secs] [Times: user=0.01 sys=0.00, real=0.00 secs] 
206.924: Total time for which application threads were stopped: 0.0017880 seconds, Stopping threads took: 0.0000710 seconds
206.959: Application time: 0.0350300 seconds
206.959: [GC [PSYoungGen: 19855K->2320K(20480K)] 50317K->35853K(66560K), 0.0015240 secs] [Times: user=0.01 sys=0.00, real=0.00 secs] 
206.961: Total time for which application threads were stopped: 0.0016730 seconds, Stopping threads took: 0.0000790 seconds
206.985: Application time: 0.0246850 seconds
206.985: [GC [PSYoungGen: 19750K->2336K(20480K)] 53284K->40990K(66560K), 0.0020550 secs] [Times: user=0.01 sys=0.00, real=0.00 secs] 
206.988: Total time for which application threads were stopped: 0.0022100 seconds, Stopping threads took: 0.0000820 seconds
207.027: Application time: 0.0398700 seconds
207.028: [GC [PSYoungGen: 20059K->2400K(20480K)] 58713K->43102K(66560K), 0.0013080 secs] [Times: user=0.01 sys=0.00, real=0.00 secs] 
207.029: [Full GC [PSYoungGen: 2400K->0K(20480K)] [ParOldGen: 40702K->7953K(46080K)] 43102K->7953K(66560K) [PSPermGen: 5528K->5528K(21504K)], 0.0057930 secs] [Times: user=0.02 sys=0.00, real=0.01 secs] 
207.035: Total time for which application threads were stopped: 0.0073000 seconds, Stopping threads took: 0.0000810 seconds
207.061: Application time: 0.0262010 seconds
207.061: [GC [PSYoungGen: 17686K->2336K(20480K)] 25640K->15409K(66560K), 0.0021000 secs] [Times: user=0.02 sys=0.00, real=0.00 secs] 
207.063: Total time for which application threads were stopped: 0.0022740 seconds, Stopping threads took: 0.0000930 seconds
207.102: Application time: 0.0386740 seconds
207.102: [GC [PSYoungGen: 19940K->2384K(20480K)] 33014K->16482K(66560K), 0.0010510 secs] [Times: user=0.00 sys=0.00, real=0.00 secs] 
207.103: Total time for which application threads were stopped: 0.0011930 seconds, Stopping threads took: 0.0000750 seconds
207.130: Application time: 0.0265310 seconds
207.131: [GC [PSYoungGen: 20145K->2432K(20480K)] 34243K->21650K(66560K), 0.0020550 secs] [Times: user=0.02 sys=0.00, real=0.00 secs] 
207.133: Total time for which application threads were stopped: 0.0030680 seconds, Stopping threads took: 0.0009390 seconds
207.170: Application time: 0.0376890 seconds
207.170: [GC [PSYoungGen: 19563K->2368K(20480K)] 38781K->22610K(66560K), 0.0010210 secs] [Times: user=0.00 sys=0.00, real=0.00 secs] 
207.172: Total time for which application threads were stopped: 0.0011830 seconds, Stopping threads took: 0.0000910 seconds
207.196: Application time: 0.0248430 seconds
207.196: [GC [PSYoungGen: 19307K->2432K(20480K)] 39549K->27794K(66560K), 0.0021330 secs] [Times: user=0.02 sys=0.00, real=0.01 secs] 
207.199: Total time for which application threads were stopped: 0.0022810 seconds, Stopping threads took: 0.0000680 seconds
207.235: Application time: 0.0364640 seconds
207.235: [GC [PSYoungGen: 20352K->2432K(20480K)] 45714K->31890K(66560K), 0.0017720 secs] [Times: user=0.01 sys=0.00, real=0.00 secs] 
207.237: Total time for which application threads were stopped: 0.0019380 seconds, Stopping threads took: 0.0000940 seconds
207.266: Application time: 0.0292900 seconds
207.266: [GC [PSYoungGen: 19578K->2432K(20480K)] 49036K->37010K(66560K), 0.0020390 secs] [Times: user=0.02 sys=0.00, real=0.00 secs] 
207.269: Total time for which application threads were stopped: 0.0021910 seconds, Stopping threads took: 0.0000710 seconds
207.304: Application time: 0.0354630 seconds
207.304: [GC [PSYoungGen: 20283K->2432K(20480K)] 54862K->41106K(66560K), 0.0017760 secs] [Times: user=0.01 sys=0.00, real=0.00 secs] 
207.306: Total time for which application threads were stopped: 0.0019320 seconds, Stopping threads took: 0.0000810 seconds
207.335: Application time: 0.0292430 seconds
207.335: [GC [PSYoungGen: 19614K->2384K(20480K)] 58288K->46178K(66560K), 0.0021000 secs] [Times: user=0.01 sys=0.00, real=0.00 secs] 
207.337: [Full GC [PSYoungGen: 2384K->0K(20480K)] [ParOldGen: 43794K->10992K(46080K)] 46178K->10992K(66560K) [PSPermGen: 5528K->5528K(21504K)], 0.0063720 secs] [Times: user=0.03 sys=0.00, real=0.01 secs] 
207.344: Total time for which application threads were stopped: 0.0086870 seconds, Stopping threads took: 0.0000880 seconds
207.379: Application time: 0.0348170 seconds
207.379: [GC [PSYoungGen: 17773K->2304K(20480K)] 28766K->16369K(66560K), 0.0014700 secs] [Times: user=0.01 sys=0.00, real=0.00 secs] 
207.380: Total time for which application threads were stopped: 0.0015990 seconds, Stopping threads took: 0.0000580 seconds
207.411: Application time: 0.0305100 seconds
207.411: [GC [PSYoungGen: 19573K->2304K(20480K)] 33638K->21489K(66560K), 0.0020410 secs] [Times: user=0.02 sys=0.00, real=0.00 secs] 
207.413: Total time for which application threads were stopped: 0.0021770 seconds, Stopping threads took: 0.0000630 seconds
207.446: Application time: 0.0329850 seconds
207.446: [GC [PSYoungGen: 19918K->2304K(20480K)] 39103K->24561K(66560K), 0.0015720 secs] [Times: user=0.01 sys=0.00, real=0.00 secs] 
207.448: Total time for which application threads were stopped: 0.0017240 seconds, Stopping threads took: 0.0000810 seconds
207.480: Application time: 0.0325640 seconds
207.480: [GC [PSYoungGen: 19739K->2240K(20480K)] 41996K->28593K(66560K), 0.0017030 secs] [Times: user=0.01 sys=0.00, real=0.00 secs] 
207.482: Total time for which application threads were stopped: 0.0018420 seconds, Stopping threads took: 0.0000680 seconds
207.515: Application time: 0.0332350 seconds
207.515: [GC [PSYoungGen: 19848K->2304K(20480K)] 46201K->31729K(66560K), 0.0014180 secs] [Times: user=0.01 sys=0.00, real=0.00 secs] 
207.517: Total time for which application threads were stopped: 0.0015860 seconds, Stopping threads took: 0.0000900 seconds
207.552: Application time: 0.0348240 seconds
207.552: [GC [PSYoungGen: 19893K->2304K(20480K)] 49318K->33777K(66560K), 0.0012620 secs] [Times: user=0.00 sys=0.00, real=0.00 secs] 
207.553: Total time for which application threads were stopped: 0.0014100 seconds, Stopping threads took: 0.0000760 seconds
207.580: Application time: 0.0268110 seconds
207.583: [GC [PSYoungGen: 19484K->2304K(20480K)] 50957K->36849K(66560K), 0.0014030 secs] [Times: user=0.01 sys=0.00, real=0.00 secs] 
207.584: Total time for which application threads were stopped: 0.0040030 seconds, Stopping threads took: 0.0025300 seconds
207.622: Application time: 0.0381290 seconds
207.622: [GC [PSYoungGen: 20077K->2304K(20480K)] 54622K->38897K(66560K), 0.0012240 secs] [Times: user=0.01 sys=0.00, real=0.00 secs] 
207.624: Total time for which application threads were stopped: 0.0013840 seconds, Stopping threads took: 0.0000930 seconds
207.648: Application time: 0.0246250 seconds
207.648: [GC [PSYoungGen: 19437K->2304K(20480K)] 56030K->41969K(66560K), 0.0014250 secs] [Times: user=0.01 sys=0.00, real=0.00 secs] 
207.650: Total time for which application threads were stopped: 0.0015700 seconds, Stopping threads took: 0.0000780 seconds
207.689: Application time: 0.0390910 seconds
207.689: [GC [PSYoungGen: 20221K->2304K(20480K)] 59886K->44017K(66560K), 0.0011410 secs] [Times: user=0.01 sys=0.00, real=0.00 secs] 
207.690: [Full GC [PSYoungGen: 2304K->0K(20480K)] [ParOldGen: 41713K->7940K(46080K)] 44017K->7940K(66560K) [PSPermGen: 5528K->5528K(21504K)], 0.0057420 secs] [Times: user=0.02 sys=0.00, real=0.01 secs] 
207.696: Total time for which application threads were stopped: 0.0070880 seconds, Stopping threads took: 0.0000880 seconds
207.722: Application time: 0.0258790 seconds
207.722: [GC [PSYoungGen: 17311K->2304K(20480K)] 25252K->13317K(66560K), 0.0014260 secs] [Times: user=0.01 sys=0.00, real=0.00 secs] 
207.723: Total time for which application threads were stopped: 0.0015600 seconds, Stopping threads took: 0.0000670 seconds
207.761: Application time: 0.0376400 seconds
207.761: [GC [PSYoungGen: 19949K->2288K(20480K)] 30962K->14325K(66560K), 0.0009460 secs] [Times: user=0.01 sys=0.00, real=0.00 secs] 
207.762: Total time for which application threads were stopped: 0.0010750 seconds, Stopping threads took: 0.0000600 seconds
207.789: Application time: 0.0273900 seconds
207.790: [GC [PSYoungGen: 19892K->2336K(20480K)] 31929K->19493K(66560K), 0.0020470 secs] [Times: user=0.01 sys=0.00, real=0.01 secs] 
207.792: Total time for which application threads were stopped: 0.0022120 seconds, Stopping threads took: 0.0000860 seconds
207.828: Application time: 0.0359260 seconds
207.828: [GC [PSYoungGen: 19925K->2384K(20480K)] 37082K->21589K(66560K), 0.0012550 secs] [Times: user=0.01 sys=0.00, real=0.00 secs] 
207.829: Total time for which application threads were stopped: 0.0013860 seconds, Stopping threads took: 0.0000610 seconds
207.858: Application time: 0.0288220 seconds
207.858: [GC [PSYoungGen: 20165K->2416K(20480K)] 39370K->26741K(66560K), 0.0019610 secs] [Times: user=0.01 sys=0.00, real=0.01 secs] 
207.860: Total time for which application threads were stopped: 0.0021290 seconds, Stopping threads took: 0.0000890 seconds
207.898: Application time: 0.0384570 seconds
207.898: [GC [PSYoungGen: 19790K->2416K(20480K)] 44116K->27765K(66560K), 0.0010080 secs] [Times: user=0.01 sys=0.00, real=0.00 secs] 
207.900: Total time for which application threads were stopped: 0.0011510 seconds, Stopping threads took: 0.0000770 seconds
207.927: Application time: 0.0277330 seconds
207.927: [GC [PSYoungGen: 20314K->2464K(20480K)] 45663K->31909K(66560K), 0.0017790 secs] [Times: user=0.01 sys=0.00, real=0.00 secs] 
207.929: Total time for which application threads were stopped: 0.0019100 seconds, Stopping threads took: 0.0000600 seconds
207.967: Application time: 0.0373920 seconds
207.967: [GC [PSYoungGen: 19519K->2432K(20480K)] 48964K->32901K(66560K), 0.0009220 secs] [Times: user=0.01 sys=0.00, real=0.00 secs] 
207.968: Total time for which application threads were stopped: 0.0010510 seconds, Stopping threads took: 0.0000530 seconds
207.994: Application time: 0.0263340 seconds
207.994: [GC [PSYoungGen: 20340K->2464K(20480K)] 50809K->37029K(66560K), 0.0017390 secs] [Times: user=0.01 sys=0.00, real=0.00 secs] 
207.996: Total time for which application threads were stopped: 0.0018860 seconds, Stopping threads took: 0.0000760 seconds
208.032: Application time: 0.0364920 seconds
208.032: [GC [PSYoungGen: 20384K->2480K(20480K)] 54949K->40117K(66560K), 0.0014550 secs] [Times: user=0.01 sys=0.00, real=0.00 secs] 
208.034: Total time for which application threads were stopped: 0.0015980 seconds, Stopping threads took: 0.0000740 seconds
208.059: Application time: 0.0254590 seconds
208.060: [GC [PSYoungGen: 19469K->2448K(20480K)] 57107K->45205K(66560K), 0.0021020 secs] [Times: user=0.01 sys=0.00, real=0.00 secs] 
208.062: [Full GC [PSYoungGen: 2448K->0K(20480K)] [ParOldGen: 42757K->10988K(46080K)] 45205K->10988K(66560K) [PSPermGen: 5528K->5528K(21504K)], 0.0062040 secs] [Times: user=0.03 sys=0.00, real=0.00 secs] 
208.068: Total time for which application threads were stopped: 0.0085080 seconds, Stopping threads took: 0.0000830 seconds
208.105: Application time: 0.0370430 seconds
208.105: [GC [PSYoungGen: 17810K->2304K(20480K)] 28799K->16364K(66560K), 0.0015070 secs] [Times: user=0.01 sys=0.00, real=0.00 secs] 
208.107: Total time for which application threads were stopped: 0.0016420 seconds, Stopping threads took: 0.0000590 seconds
208.135: Application time: 0.0279930 seconds
208.135: [GC [PSYoungGen: 19561K->2304K(20480K)] 33621K->20460K(66560K), 0.0017610 secs] [Times: user=0.01 sys=0.00, real=0.00 secs] 
208.137: Total time for which application threads were stopped: 0.0019080 seconds, Stopping threads took: 0.0000710 seconds
208.171: Application time: 0.0347090 seconds
208.171: [GC [PSYoungGen: 19921K->2304K(20480K)] 38077K->23532K(66560K), 0.0014780 secs] [Times: user=0.01 sys=0.00, real=0.00 secs] 
208.173: Total time for which application threads were stopped: 0.0016090 seconds, Stopping threads took: 0.0000630 seconds
208.204: Application time: 0.0314330 seconds
208.204: [GC [PSYoungGen: 19752K->2240K(20480K)] 40981K->28588K(66560K), 0.0020590 secs] [Times: user=0.01 sys=0.00, real=0.00 secs] 
208.206: Total time for which application threads were stopped: 0.0022160 seconds, Stopping threads took: 0.0000690 seconds
208.238: Application time: 0.0313920 seconds
208.238: [GC [PSYoungGen: 19691K->2304K(20480K)] 46040K->33772K(66560K), 0.0020210 secs] [Times: user=0.01 sys=0.00, real=0.01 secs] 
208.240: Total time for which application threads were stopped: 0.0021630 seconds, Stopping threads took: 0.0000640 seconds
208.274: Application time: 0.0343170 seconds
208.274: [GC [PSYoungGen: 19914K->2304K(20480K)] 51383K->38892K(66560K), 0.0020200 secs] [Times: user=0.01 sys=0.00, real=0.00 secs] 
208.277: Total time for which application threads were stopped: 0.0021730 seconds, Stopping threads took: 0.0000680 seconds
208.304: Application time: 0.0276700 seconds
208.304: [GC [PSYoungGen: 19716K->2304K(20480K)] 56305K->44013K(66560K), 0.0020880 secs] [Times: user=0.02 sys=0.00, real=0.00 secs] 
208.306: [Full GC [PSYoungGen: 2304K->0K(20480K)] [ParOldGen: 41709K->10987K(46080K)] 44013K->10987K(66560K) [PSPermGen: 5528K->5528K(21504K)], 0.0061510 secs] [Times: user=0.02 sys=0.01, real=0.01 secs] 
208.313: Total time for which application threads were stopped: 0.0084510 seconds, Stopping threads took: 0.0000810 seconds
208.350: Application time: 0.0377020 seconds
208.350: [GC [PSYoungGen: 17651K->2304K(20480K)] 28639K->18411K(66560K), 0.0020360 secs] [Times: user=0.02 sys=0.00, real=0.00 secs] 
208.353: Total time for which application threads were stopped: 0.0021830 seconds, Stopping threads took: 0.0000670 seconds
208.381: Application time: 0.0282920 seconds
208.381: [GC [PSYoungGen: 19725K->2304K(20480K)] 35833K->22507K(66560K), 0.0017930 secs] [Times: user=0.02 sys=0.00, real=0.00 secs] 
208.383: Total time for which application threads were stopped: 0.0019670 seconds, Stopping threads took: 0.0000810 seconds
208.418: Application time: 0.0354400 seconds
208.418: [GC [PSYoungGen: 20050K->2368K(20480K)] 40254K->26667K(66560K), 0.0017870 secs] [Times: user=0.01 sys=0.00, real=0.01 secs] 
208.420: Total time for which application threads were stopped: 0.0019550 seconds, Stopping threads took: 0.0000950 seconds
208.450: Application time: 0.0295530 seconds
208.450: [GC [PSYoungGen: 19853K->2336K(20480K)] 44153K->29708K(66560K), 0.0015930 secs] [Times: user=0.01 sys=0.00, real=0.01 secs] 
208.452: Total time for which application threads were stopped: 0.0017410 seconds, Stopping threads took: 0.0000770 seconds
208.486: Application time: 0.0341220 seconds
208.486: [GC [PSYoungGen: 20030K->2432K(20480K)] 47402K->33900K(66560K), 0.0018500 secs] [Times: user=0.01 sys=0.00, real=0.00 secs] 
208.488: Total time for which application threads were stopped: 0.0020010 seconds, Stopping threads took: 0.0000780 seconds
208.519: Application time: 0.0311710 seconds
208.519: [GC [PSYoungGen: 20182K->2464K(20480K)] 51650K->37004K(66560K), 0.0014580 secs] [Times: user=0.01 sys=0.00, real=0.00 secs] 
208.520: Total time for which application threads were stopped: 0.0015960 seconds, Stopping threads took: 0.0000660 seconds
208.555: Application time: 0.0349310 seconds
208.555: [GC [PSYoungGen: 20089K->2464K(20480K)] 54629K->40076K(66560K), 0.0016170 secs] [Times: user=0.01 sys=0.00, real=0.00 secs] 
208.557: Total time for which application threads were stopped: 0.0017670 seconds, Stopping threads took: 0.0000780 seconds
208.585: Application time: 0.0276810 seconds
208.585: [GC [PSYoungGen: 19864K->2496K(20480K)] 57477K->44204K(66560K), 0.0018140 secs] [Times: user=0.00 sys=0.01, real=0.00 secs] 
208.587: [Full GC [PSYoungGen: 2496K->0K(20480K)] [ParOldGen: 41708K->9964K(46080K)] 44204K->9964K(66560K) [PSPermGen: 5528K->5528K(21504K)], 0.0061280 secs] [Times: user=0.02 sys=0.00, real=0.01 secs] 
208.593: Total time for which application threads were stopped: 0.0081520 seconds, Stopping threads took: 0.0000870 seconds
208.630: Application time: 0.0366810 seconds
208.630: [GC [PSYoungGen: 17602K->2304K(20480K)] 27567K->15340K(66560K), 0.0015370 secs] [Times: user=0.00 sys=0.01, real=0.01 secs] 
208.631: Total time for which application threads were stopped: 0.0016780 seconds, Stopping threads took: 0.0000650 seconds
208.660: Application time: 0.0286760 seconds
208.660: [GC [PSYoungGen: 19846K->2304K(20480K)] 32883K->18413K(66560K), 0.0014450 secs] [Times: user=0.01 sys=0.00, real=0.00 secs] 
208.662: Total time for which application threads were stopped: 0.0015790 seconds, Stopping threads took: 0.0000620 seconds
208.699: Application time: 0.0371710 seconds
208.699: [GC [PSYoungGen: 19827K->2320K(20480K)] 35936K->20477K(66560K), 0.0012310 secs] [Times: user=0.01 sys=0.00, real=0.00 secs] 
208.700: Total time for which application threads were stopped: 0.0013670 seconds, Stopping threads took: 0.0000640 seconds
208.727: Application time: 0.0270560 seconds
208.727: [GC [PSYoungGen: 19791K->2304K(20480K)] 37948K->24557K(66560K), 0.0017000 secs] [Times: user=0.01 sys=0.00, real=0.00 secs] 
208.729: Total time for which application threads were stopped: 0.0018440 seconds, Stopping threads took: 0.0000720 seconds
208.768: Application time: 0.0390530 seconds
208.768: [GC [PSYoungGen: 19895K->2304K(20480K)] 42148K->26605K(66560K), 0.0011900 secs] [Times: user=0.00 sys=0.00, real=0.00 secs] 
208.769: Total time for which application threads were stopped: 0.0013690 seconds, Stopping threads took: 0.0001130 seconds
208.796: Application time: 0.0264620 seconds
208.796: [GC [PSYoungGen: 19750K->2304K(20480K)] 44051K->29677K(66560K), 0.0014500 secs] [Times: user=0.00 sys=0.00, real=0.00 secs] 
208.797: Total time for which application threads were stopped: 0.0015970 seconds, Stopping threads took: 0.0000760 seconds
208.834: Application time: 0.0365270 seconds
208.834: [GC [PSYoungGen: 19711K->2304K(20480K)] 47085K->31725K(66560K), 0.0011780 secs] [Times: user=0.00 sys=0.00, real=0.00 secs] 
208.835: Total time for which application threads were stopped: 0.0013340 seconds, Stopping threads took: 0.0000780 seconds
208.864: Application time: 0.0285780 seconds
208.864: [GC [PSYoungGen: 19896K->2304K(20480K)] 49318K->33773K(66560K), 0.0011670 secs] [Times: user=0.01 sys=0.00, real=0.00 secs] 
208.865: Total time for which application threads were stopped: 0.0013050 seconds, Stopping threads took: 0.0000710 seconds
208.900: Application time: 0.0349090 seconds
208.900: [GC [PSYoungGen: 19496K->2320K(20480K)] 50966K->34813K(66560K), 0.0010120 secs] [Times: user=0.01 sys=0.00, real=0.00 secs] 
208.901: Total time for which application threads were stopped: 0.0011680 seconds, Stopping threads took: 0.0000800 seconds
208.929: Application time: 0.0279000 seconds
208.929: [GC [PSYoungGen: 19999K->2336K(20480K)] 52492K->37901K(66560K), 0.0014130 secs] [Times: user=0.01 sys=0.00, real=0.01 secs] 
208.931: Total time for which application threads were stopped: 0.0015580 seconds, Stopping threads took: 0.0000740 seconds
208.969: Application time: 0.0377970 seconds
208.969: [GC [PSYoungGen: 19686K->2256K(20480K)] 55251K->38845K(66560K), 0.0010880 secs] [Times: user=0.01 sys=0.00, real=0.00 secs] 
208.970: Total time for which application threads were stopped: 0.0012340 seconds, Stopping threads took: 0.0000820 seconds
208.997: Application time: 0.0267990 seconds
208.997: [GC [PSYoungGen: 19896K->2320K(20480K)] 56486K->43005K(66560K), 0.0016610 secs] [Times: user=0.01 sys=0.00, real=0.00 secs] 
208.998: [Full GC [PSYoungGen: 2320K->0K(20480K)] [ParOldGen: 40685K->9969K(46080K)] 43005K->9969K(66560K) [PSPermGen: 5528K->5528K(21504K)], 0.0061870 secs] [Times: user=0.03 sys=0.00, real=0.01 secs] 
209.005: Total time for which application threads were stopped: 0.0080370 seconds, Stopping threads took: 0.0000690 seconds
209.043: Application time: 0.0381150 seconds
209.043: [GC [PSYoungGen: 17310K->2304K(20480K)] 27279K->13297K(66560K), 0.0009330 secs] [Times: user=0.01 sys=0.00, real=0.00 secs] 
209.044: Total time for which application threads were stopped: 0.0010630 seconds, Stopping threads took: 0.0000670 seconds
209.069: Application time: 0.0249190 seconds
209.069: [GC [PSYoungGen: 19993K->2304K(20480K)] 30987K->17393K(66560K), 0.0017260 secs] [Times: user=0.01 sys=0.00, real=0.01 secs] 
209.071: Total time for which application threads were stopped: 0.0018780 seconds, Stopping threads took: 0.0000780 seconds
209.107: Application time: 0.0361480 seconds
209.107: [GC [PSYoungGen: 19222K->2304K(20480K)] 34312K->19441K(66560K), 0.0011440 secs] [Times: user=0.01 sys=0.00, real=0.00 secs] 
209.108: Total time for which application threads were stopped: 0.0012720 seconds, Stopping threads took: 0.0000620 seconds
209.135: Application time: 0.0267750 seconds
209.135: [GC [PSYoungGen: 19520K->2272K(20480K)] 36657K->23505K(66560K), 0.0018500 secs] [Times: user=0.01 sys=0.00, real=0.00 secs] 
209.137: Total time for which application threads were stopped: 0.0019980 seconds, Stopping threads took: 0.0000740 seconds
209.171: Application time: 0.0341870 seconds
209.171: [GC [PSYoungGen: 19886K->2304K(20480K)] 41119K->26609K(66560K), 0.0015520 secs] [Times: user=0.01 sys=0.00, real=0.00 secs] 
209.173: Total time for which application threads were stopped: 0.0016740 seconds, Stopping threads took: 0.0000550 seconds
209.203: Application time: 0.0302050 seconds
209.203: [GC [PSYoungGen: 19955K->2432K(20480K)] 44260K->31857K(66560K), 0.0021540 secs] [Times: user=0.01 sys=0.00, real=0.00 secs] 
209.205: Total time for which application threads were stopped: 0.0023010 seconds, Stopping threads took: 0.0000740 seconds
209.234: Application time: 0.0292140 seconds
209.235: [GC [PSYoungGen: 20053K->2464K(20480K)] 49478K->37009K(66560K), 0.0021430 secs] [Times: user=0.02 sys=0.00, real=0.00 secs] 
209.237: Total time for which application threads were stopped: 0.0023020 seconds, Stopping threads took: 0.0000840 seconds
209.274: Application time: 0.0368020 seconds
209.274: [GC [PSYoungGen: 20222K->2480K(20480K)] 54768K->41121K(66560K), 0.0018580 secs] [Times: user=0.01 sys=0.00, real=0.00 secs] 
209.276: Total time for which application threads were stopped: 0.0020090 seconds, Stopping threads took: 0.0000780 seconds
209.304: Application time: 0.0281950 seconds
209.304: [GC [PSYoungGen: 19882K->2464K(20480K)] 58524K->46225K(66560K), 0.0020680 secs] [Times: user=0.01 sys=0.00, real=0.00 secs] 
209.306: [Full GC [PSYoungGen: 2464K->0K(20480K)] [ParOldGen: 43761K->10992K(46080K)] 46225K->10992K(66560K) [PSPermGen: 5528K->5528K(21504K)], 0.0061080 secs] [Times: user=0.03 sys=0.00, real=0.01 secs] 
209.312: Total time for which application threads were stopped: 0.0083790 seconds, Stopping threads took: 0.0000830 seconds
209.350: Application time: 0.0380550 seconds
209.355: [GC [PSYoungGen: 17767K->2336K(20480K)] 28759K->17424K(66560K), 0.0016640 secs] [Times: user=0.02 sys=0.00, real=0.00 secs] 
209.356: Total time for which application threads were stopped: 0.0060330 seconds, Stopping threads took: 0.0042970 seconds
209.382: Application time: 0.0259960 seconds
209.382: [GC [PSYoungGen: 19675K->2336K(20480K)] 34763K->22544K(66560K), 0.0020250 secs] [Times: user=0.02 sys=0.00, real=0.00 secs] 
209.384: Total time for which application threads were stopped: 0.0021670 seconds, Stopping threads took: 0.0000680 seconds
209.420: Application time: 0.0353990 seconds
209.420: [GC [PSYoungGen: 19920K->2336K(20480K)] 40129K->27664K(66560K), 0.0020610 secs] [Times: user=0.02 sys=0.00, real=0.00 secs] 
209.422: Total time for which application threads were stopped: 0.0022200 seconds, Stopping threads took: 0.0000680 seconds
209.452: Application time: 0.0302510 seconds
209.452: [GC [PSYoungGen: 19810K->2336K(20480K)] 45139K->31760K(66560K), 0.0017350 secs] [Times: user=0.01 sys=0.00, real=0.00 secs] 
209.454: Total time for which application threads were stopped: 0.0018880 seconds, Stopping threads took: 0.0000830 seconds
209.489: Application time: 0.0344930 seconds
209.489: [GC [PSYoungGen: 19901K->2336K(20480K)] 49325K->35856K(66560K), 0.0018440 secs] [Times: user=0.02 sys=0.00, real=0.01 secs] 
209.491: Total time for which application threads were stopped: 0.0019960 seconds, Stopping threads took: 0.0000770 seconds
209.519: Application time: 0.0286530 seconds
209.519: [GC [PSYoungGen: 19783K->2304K(20480K)] 53304K->40944K(66560K), 0.0020720 secs] [Times: user=0.01 sys=0.00, real=0.00 secs] 
209.522: Total time for which application threads were stopped: 0.0022160 seconds, Stopping threads took: 0.0000690 seconds
209.558: Application time: 0.0365960 seconds
209.558: [GC [PSYoungGen: 19883K->2304K(20480K)] 58524K->45040K(66560K), 0.0018380 secs] [Times: user=0.02 sys=0.00, real=0.01 secs] 
209.560: [Full GC [PSYoungGen: 2304K->0K(20480K)] [ParOldGen: 42736K->9966K(46080K)] 45040K->9966K(66560K) [PSPermGen: 5528K->5528K(21504K)], 0.0060750 secs] [Times: user=0.02 sys=0.00, real=0.00 secs] 
209.566: Total time for which application threads were stopped: 0.0081080 seconds, Stopping threads took: 0.0000730 seconds
209.595: Application time: 0.0291360 seconds
209.595: [GC [PSYoungGen: 17474K->2304K(20480K)] 27440K->16366K(66560K), 0.0018030 secs] [Times: user=0.01 sys=0.00, real=0.00 secs] 
209.597: Total time for which application threads were stopped: 0.0019400 seconds, Stopping threads took: 0.0000640 seconds
209.635: Application time: 0.0380030 seconds
209.635: [GC [PSYoungGen: 19929K->2304K(20480K)] 33991K->20462K(66560K), 0.0017320 secs] [Times: user=0.01 sys=0.00, real=0.00 secs] 
209.637: Total time for which application threads were stopped: 0.0018780 seconds, Stopping threads took: 0.0000720 seconds
209.663: Application time: 0.0262750 seconds
209.664: [GC [PSYoungGen: 19535K->2304K(20480K)] 37693K->24558K(66560K), 0.0017360 secs] [Times: user=0.02 sys=0.00, real=0.00 secs] 
209.665: Total time for which application threads were stopped: 0.0018850 seconds, Stopping threads took: 0.0000780 seconds
209.706: Application time: 0.0403710 seconds
209.706: [GC [PSYoungGen: 20135K->2320K(20480K)] 42390K->26622K(66560K), 0.0035050 secs] [Times: user=0.02 sys=0.01, real=0.00 secs] 
209.709: Total time for which application threads were stopped: 0.0036620 seconds, Stopping threads took: 0.0000770 seconds
209.736: Application time: 0.0261420 seconds
209.736: [GC [PSYoungGen: 19550K->2304K(20480K)] 43853K->29678K(66560K), 0.0013620 secs] [Times: user=0.01 sys=0.00, real=0.00 secs] 
209.737: Total time for which application threads were stopped: 0.0015160 seconds, Stopping threads took: 0.0000870 seconds
209.777: Application time: 0.0403090 seconds
209.778: [GC [PSYoungGen: 20120K->2272K(20480K)] 47495K->31694K(66560K), 0.0012930 secs] [Times: user=0.01 sys=0.00, real=0.01 secs] 
209.779: Total time for which application threads were stopped: 0.0014610 seconds, Stopping threads took: 0.0001000 seconds
209.805: Application time: 0.0260410 seconds
209.807: [GC [PSYoungGen: 19515K->2240K(20480K)] 48938K->33710K(66560K), 0.0010910 secs] [Times: user=0.00 sys=0.00, real=0.00 secs] 
209.808: Total time for which application threads were stopped: 0.0027750 seconds, Stopping threads took: 0.0016170 seconds
209.846: Application time: 0.0388240 seconds
209.847: [GC [PSYoungGen: 20160K->2368K(20480K)] 51630K->36911K(66560K), 0.0014240 secs] [Times: user=0.01 sys=0.00, real=0.00 secs] 
209.848: Total time for which application threads were stopped: 0.0015870 seconds, Stopping threads took: 0.0000900 seconds
209.871: Application time: 0.0233900 seconds
209.872: [GC [PSYoungGen: 19569K->2368K(20480K)] 54112K->41007K(66560K), 0.0017890 secs] [Times: user=0.01 sys=0.00, real=0.00 secs] 
209.873: Total time for which application threads were stopped: 0.0019310 seconds, Stopping threads took: 0.0000700 seconds
209.913: Application time: 0.0394800 seconds
209.913: [GC [PSYoungGen: 20082K->2448K(20480K)] 58721K->43135K(66560K), 0.0012640 secs] [Times: user=0.00 sys=0.00, real=0.00 secs] 
209.914: [Full GC [PSYoungGen: 2448K->0K(20480K)] [ParOldGen: 40687K->7975K(46080K)] 43135K->7975K(66560K) [PSPermGen: 5528K->5528K(21504K)], 0.0058490 secs] [Times: user=0.03 sys=0.00, real=0.01 secs] 
209.920: Total time for which application threads were stopped: 0.0073320 seconds, Stopping threads took: 0.0001030 seconds
209.946: Application time: 0.0262680 seconds
209.947: [GC [PSYoungGen: 17740K->2336K(20480K)] 25715K->14407K(66560K), 0.0017240 secs] [Times: user=0.01 sys=0.01, real=0.00 secs] 
209.948: Total time for which application threads were stopped: 0.0018860 seconds, Stopping threads took: 0.0000800 seconds
209.989: Application time: 0.0407530 seconds
209.989: [GC [PSYoungGen: 20052K->2336K(20480K)] 32123K->15431K(66560K), 0.0009850 secs] [Times: user=0.01 sys=0.00, real=0.00 secs] 
209.990: Total time for which application threads were stopped: 0.0011350 seconds, Stopping threads took: 0.0000820 seconds
210.016: Application time: 0.0256550 seconds
210.016: [GC [PSYoungGen: 19888K->2336K(20480K)] 32983K->19527K(66560K), 0.0018170 secs] [Times: user=0.02 sys=0.00, real=0.00 secs] 
210.018: Total time for which application threads were stopped: 0.0019660 seconds, Stopping threads took: 0.0000760 seconds
210.059: Application time: 0.0407010 seconds
210.059: [GC [PSYoungGen: 19758K->1328K(20480K)] 36950K->18519K(66560K), 0.0006060 secs] [Times: user=0.00 sys=0.00, real=0.00 secs] 
210.059: Total time for which application threads were stopped: 0.0007560 seconds, Stopping threads took: 0.0000860 seconds
210.084: Application time: 0.0251090 seconds
210.085: [GC [PSYoungGen: 19068K->2400K(20480K)] 36260K->23687K(66560K), 0.0017260 secs] [Times: user=0.02 sys=0.00, real=0.00 secs] 
210.086: Total time for which application threads were stopped: 0.0018680 seconds, Stopping threads took: 0.0000690 seconds
210.125: Application time: 0.0382860 seconds
210.125: [GC [PSYoungGen: 20314K->2336K(20480K)] 41602K->23623K(66560K), 0.0007020 secs] [Times: user=0.01 sys=0.00, real=0.00 secs] 
210.125: Total time for which application threads were stopped: 0.0008310 seconds, Stopping threads took: 0.0000640 seconds
210.153: Application time: 0.0277300 seconds
210.153: [GC [PSYoungGen: 19480K->2368K(20480K)] 40768K->26727K(66560K), 0.0014670 secs] [Times: user=0.01 sys=0.00, real=0.00 secs] 
210.155: Total time for which application threads were stopped: 0.0016070 seconds, Stopping threads took: 0.0000680 seconds
210.188: Application time: 0.0335640 seconds
210.188: [GC [PSYoungGen: 19662K->2288K(20480K)] 44022K->26647K(66560K), 0.0007240 secs] [Times: user=0.00 sys=0.00, real=0.00 secs] 
210.189: Total time for which application threads were stopped: 0.0008580 seconds, Stopping threads took: 0.0000700 seconds
210.220: Application time: 0.0305830 seconds
210.220: [GC [PSYoungGen: 19970K->2400K(20480K)] 44330K->29831K(66560K), 0.0015000 secs] [Times: user=0.01 sys=0.00, real=0.00 secs] 
210.221: Total time for which application threads were stopped: 0.0016780 seconds, Stopping threads took: 0.0001050 seconds
210.251: Application time: 0.0298730 seconds
210.251: [GC [PSYoungGen: 19527K->2400K(20480K)] 46959K->34951K(66560K), 0.0019990 secs] [Times: user=0.01 sys=0.00, real=0.00 secs] 
210.253: Total time for which application threads were stopped: 0.0021360 seconds, Stopping threads took: 0.0000660 seconds
210.289: Application time: 0.0359850 seconds
210.290: [GC [PSYoungGen: 20320K->2368K(20480K)] 52871K->39015K(66560K), 0.0016690 secs] [Times: user=0.01 sys=0.00, real=0.01 secs] 
210.291: Total time for which application threads were stopped: 0.0018090 seconds, Stopping threads took: 0.0000670 seconds
210.314: Application time: 0.0229720 seconds
210.314: [GC [PSYoungGen: 19359K->2400K(20480K)] 56007K->44168K(66560K), 0.0020250 secs] [Times: user=0.01 sys=0.00, real=0.00 secs] 
210.316: [Full GC [PSYoungGen: 2400K->0K(20480K)] [ParOldGen: 41768K->10994K(46080K)] 44168K->10994K(66560K) [PSPermGen: 5528K->5528K(21504K)], 0.0063590 secs] [Times: user=0.03 sys=0.00, real=0.01 secs] 
210.323: Total time for which application threads were stopped: 0.0085900 seconds, Stopping threads took: 0.0000840 seconds
210.360: Application time: 0.0368540 seconds
210.360: [GC [PSYoungGen: 17710K->2272K(20480K)] 28705K->17362K(66560K), 0.0017560 secs] [Times: user=0.01 sys=0.00, real=0.00 secs] 
210.362: Total time for which application threads were stopped: 0.0019410 seconds, Stopping threads took: 0.0001140 seconds
210.387: Application time: 0.0256640 seconds
210.387: [GC [PSYoungGen: 19608K->2304K(20480K)] 34699K->22514K(66560K), 0.0020860 secs] [Times: user=0.01 sys=0.00, real=0.00 secs] 
210.390: Total time for which application threads were stopped: 0.0022410 seconds, Stopping threads took: 0.0000800 seconds
210.431: Application time: 0.0411480 seconds
210.435: [GC [PSYoungGen: 20091K->2240K(20480K)] 40302K->25522K(66560K), 0.0015160 secs] [Times: user=0.01 sys=0.00, real=0.00 secs] 
210.436: Total time for which application threads were stopped: 0.0053750 seconds, Stopping threads took: 0.0037890 seconds
210.462: Application time: 0.0257920 seconds
210.462: [GC [PSYoungGen: 19534K->2304K(20480K)] 42817K->29682K(66560K), 0.0018280 secs] [Times: user=0.01 sys=0.00, real=0.00 secs] 
210.464: Total time for which application threads were stopped: 0.0019790 seconds, Stopping threads took: 0.0000660 seconds
210.503: Application time: 0.0395400 seconds
210.504: [GC [PSYoungGen: 20027K->2304K(20480K)] 47405K->33778K(66560K), 0.0017240 secs] [Times: user=0.01 sys=0.00, real=0.00 secs] 
210.505: Total time for which application threads were stopped: 0.0018810 seconds, Stopping threads took: 0.0000840 seconds
210.531: Application time: 0.0259420 seconds
210.531: [GC [PSYoungGen: 19615K->2304K(20480K)] 51090K->38898K(66560K), 0.0020580 secs] [Times: user=0.01 sys=0.00, real=0.00 secs] 
210.533: Total time for which application threads were stopped: 0.0021950 seconds, Stopping threads took: 0.0000650 seconds
210.572: Application time: 0.0386270 seconds
210.572: [GC [PSYoungGen: 20206K->2368K(20480K)] 56801K->43059K(66560K), 0.0017220 secs] [Times: user=0.01 sys=0.00, real=0.00 secs] 
210.574: [Full GC [PSYoungGen: 2368K->0K(20480K)] [ParOldGen: 40691K->9969K(46080K)] 43059K->9969K(66560K) [PSPermGen: 5528K->5528K(21504K)], 0.0061730 secs] [Times: user=0.03 sys=0.00, real=0.01 secs] 
210.580: Total time for which application threads were stopped: 0.0081020 seconds, Stopping threads took: 0.0000810 seconds
210.607: Application time: 0.0271980 seconds
210.607: [GC [PSYoungGen: 17380K->2304K(20480K)] 27350K->17393K(66560K), 0.0019250 secs] [Times: user=0.01 sys=0.00, real=0.00 secs] 
210.609: Total time for which application threads were stopped: 0.0020700 seconds, Stopping threads took: 0.0000710 seconds
210.646: Application time: 0.0361660 seconds
210.646: [GC [PSYoungGen: 20221K->2288K(20480K)] 35311K->21473K(66560K), 0.0018860 secs] [Times: user=0.01 sys=0.00, real=0.00 secs] 
210.648: Total time for which application threads were stopped: 0.0021180 seconds, Stopping threads took: 0.0001610 seconds
210.676: Application time: 0.0284840 seconds
210.676: [GC [PSYoungGen: 19847K->2400K(20480K)] 39033K->26705K(66560K), 0.0020070 secs] [Times: user=0.01 sys=0.00, real=0.00 secs] 
210.678: Total time for which application threads were stopped: 0.0021500 seconds, Stopping threads took: 0.0000660 seconds
210.716: Application time: 0.0378780 seconds
210.716: [GC [PSYoungGen: 20129K->2400K(20480K)] 44435K->30802K(66560K), 0.0018830 secs] [Times: user=0.01 sys=0.00, real=0.00 secs] 
210.718: Total time for which application threads were stopped: 0.0020250 seconds, Stopping threads took: 0.0000690 seconds
210.746: Application time: 0.0280910 seconds
210.746: [GC [PSYoungGen: 19841K->2464K(20480K)] 48243K->34962K(66560K), 0.0017380 secs] [Times: user=0.01 sys=0.00, real=0.00 secs] 
210.748: Total time for which application threads were stopped: 0.0018830 seconds, Stopping threads took: 0.0000650 seconds
210.786: Application time: 0.0374410 seconds
210.787: [GC [PSYoungGen: 19696K->2496K(20480K)] 52194K->38066K(66560K), 0.0016370 secs] [Times: user=0.01 sys=0.00, real=0.00 secs] 
210.788: Total time for which application threads were stopped: 0.0026510 seconds, Stopping threads took: 0.0009330 seconds
210.817: Application time: 0.0290410 seconds
210.818: [GC [PSYoungGen: 20409K->2464K(20480K)] 55979K->41106K(66560K), 0.0015580 secs] [Times: user=0.01 sys=0.00, real=0.01 secs] 
210.819: Total time for which application threads were stopped: 0.0017140 seconds, Stopping threads took: 0.0000850 seconds
210.854: Application time: 0.0344770 seconds
210.854: [GC [PSYoungGen: 19476K->2400K(20480K)] 58119K->45138K(66560K), 0.0018420 secs] [Times: user=0.01 sys=0.00, real=0.00 secs] 
210.856: [Full GC [PSYoungGen: 2400K->0K(20480K)] [ParOldGen: 42738K->9972K(46080K)] 45138K->9972K(66560K) [PSPermGen: 5528K->5528K(21504K)], 0.0063470 secs] [Times: user=0.02 sys=0.00, real=0.01 secs] 
210.862: Total time for which application threads were stopped: 0.0083910 seconds, Stopping threads took: 0.0000830 seconds
210.891: Application time: 0.0290540 seconds
210.891: [GC [PSYoungGen: 16953K->2304K(20480K)] 26925K->17396K(66560K), 0.0020860 secs] [Times: user=0.01 sys=0.00, real=0.00 secs] 
210.893: Total time for which application threads were stopped: 0.0022450 seconds, Stopping threads took: 0.0000840 seconds
210.930: Application time: 0.0362200 seconds
210.930: [GC [PSYoungGen: 19364K->2320K(20480K)] 34456K->18436K(66560K), 0.0009930 secs] [Times: user=0.01 sys=0.00, real=0.01 secs] 
210.931: Total time for which application threads were stopped: 0.0011380 seconds, Stopping threads took: 0.0000750 seconds
210.957: Application time: 0.0267320 seconds
210.957: [GC [PSYoungGen: 19222K->2304K(20480K)] 35339K->22516K(66560K), 0.0017410 secs] [Times: user=0.01 sys=0.00, real=0.01 secs] 
210.959: Total time for which application threads were stopped: 0.0018890 seconds, Stopping threads took: 0.0000740 seconds
210.997: Application time: 0.0373760 seconds
210.997: [GC [PSYoungGen: 20224K->2272K(20480K)] 40436K->25556K(66560K), 0.0014160 secs] [Times: user=0.01 sys=0.00, real=0.00 secs] 
210.998: Total time for which application threads were stopped: 0.0015610 seconds, Stopping threads took: 0.0000660 seconds
211.026: Application time: 0.0276240 seconds
211.026: [GC [PSYoungGen: 19350K->2304K(20480K)] 42635K->28660K(66560K), 0.0014590 secs] [Times: user=0.01 sys=0.00, real=0.00 secs] 
211.027: Total time for which application threads were stopped: 0.0016120 seconds, Stopping threads took: 0.0000780 seconds
211.062: Application time: 0.0347370 seconds
211.062: [GC [PSYoungGen: 20047K->2304K(20480K)] 46404K->30708K(66560K), 0.0012570 secs] [Times: user=0.01 sys=0.00, real=0.00 secs] 
211.064: Total time for which application threads were stopped: 0.0014020 seconds, Stopping threads took: 0.0000770 seconds
211.094: Application time: 0.0308170 seconds
211.095: [GC [PSYoungGen: 19592K->2288K(20480K)] 47996K->32740K(66560K), 0.0012000 secs] [Times: user=0.01 sys=0.00, real=0.00 secs] 
211.096: Total time for which application threads were stopped: 0.0013710 seconds, Stopping threads took: 0.0001010 seconds
211.130: Application time: 0.0346170 seconds
211.131: [GC [PSYoungGen: 19921K->2240K(20480K)] 50373K->33716K(66560K), 0.0010120 secs] [Times: user=0.01 sys=0.00, real=0.00 secs] 
211.132: Total time for which application threads were stopped: 0.0011590 seconds, Stopping threads took: 0.0000770 seconds
211.159: Application time: 0.0276090 seconds
211.159: [GC [PSYoungGen: 19369K->2304K(20480K)] 50845K->36852K(66560K), 0.0015330 secs] [Times: user=0.01 sys=0.00, real=0.00 secs] 
211.161: Total time for which application threads were stopped: 0.0017540 seconds, Stopping threads took: 0.0001480 seconds
211.199: Application time: 0.0381550 seconds
211.199: [GC [PSYoungGen: 20224K->2272K(20480K)] 54772K->37844K(66560K), 0.0009050 secs] [Times: user=0.00 sys=0.00, real=0.00 secs] 
211.200: Total time for which application threads were stopped: 0.0010340 seconds, Stopping threads took: 0.0000620 seconds
211.228: Application time: 0.0282260 seconds
211.228: [GC [PSYoungGen: 19420K->2240K(20480K)] 54993K->40884K(66560K), 0.0015280 secs] [Times: user=0.01 sys=0.00, real=0.00 secs] 
211.230: Total time for which application threads were stopped: 0.0016800 seconds, Stopping threads took: 0.0000830 seconds
211.261: Application time: 0.0305740 seconds
211.261: [GC [PSYoungGen: 19671K->2336K(20480K)] 58316K->44052K(66560K), 0.0014400 secs] [Times: user=0.01 sys=0.00, real=0.00 secs] 
211.262: [Full GC [PSYoungGen: 2336K->0K(20480K)] [ParOldGen: 41716K->8950K(46080K)] 44052K->8950K(66560K) [PSPermGen: 5528K->5528K(21504K)], 0.0058680 secs] [Times: user=0.03 sys=0.00, real=0.00 secs] 
211.268: Total time for which application threads were stopped: 0.0074930 seconds, Stopping threads took: 0.0000680 seconds
211.304: Application time: 0.0355040 seconds
211.307: [GC [PSYoungGen: 17845K->2304K(20480K)] 26795K->14326K(66560K), 0.0014890 secs] [Times: user=0.01 sys=0.00, real=0.00 secs] 
211.308: Total time for which application threads were stopped: 0.0044490 seconds, Stopping threads took: 0.0028920 seconds
211.334: Application time: 0.0262300 seconds
211.334: [GC [PSYoungGen: 19519K->2336K(20480K)] 31542K->18454K(66560K), 0.0018840 secs] [Times: user=0.01 sys=0.00, real=0.00 secs] 
211.336: Total time for which application threads were stopped: 0.0020200 seconds, Stopping threads took: 0.0000660 seconds
211.371: Application time: 0.0345760 seconds
211.371: [GC [PSYoungGen: 19307K->2432K(20480K)] 35426K->22646K(66560K), 0.0017540 secs] [Times: user=0.01 sys=0.00, real=0.00 secs] 
211.373: Total time for which application threads were stopped: 0.0018920 seconds, Stopping threads took: 0.0000640 seconds
211.404: Application time: 0.0311100 seconds
211.404: [GC [PSYoungGen: 19909K->2464K(20480K)] 40123K->26774K(66560K), 0.0016940 secs] [Times: user=0.01 sys=0.00, real=0.00 secs] 
211.406: Total time for which application threads were stopped: 0.0018490 seconds, Stopping threads took: 0.0000820 seconds
211.440: Application time: 0.0344050 seconds
211.440: [GC [PSYoungGen: 20156K->2432K(20480K)] 44466K->30838K(66560K), 0.0018460 secs] [Times: user=0.01 sys=0.00, real=0.00 secs] 
211.442: Total time for which application threads were stopped: 0.0019830 seconds, Stopping threads took: 0.0000630 seconds
211.467: Application time: 0.0244220 seconds
211.467: [GC [PSYoungGen: 19737K->2464K(20480K)] 48144K->35991K(66560K), 0.0021070 secs] [Times: user=0.01 sys=0.00, real=0.00 secs] 
211.469: Total time for which application threads were stopped: 0.0022430 seconds, Stopping threads took: 0.0000610 seconds
211.510: Application time: 0.0407730 seconds
211.510: [GC [PSYoungGen: 20259K->2496K(20480K)] 53786K->39095K(66560K), 0.0015880 secs] [Times: user=0.01 sys=0.01, real=0.01 secs] 
211.511: Total time for which application threads were stopped: 0.0017490 seconds, Stopping threads took: 0.0000810 seconds
211.536: Application time: 0.0249130 seconds
211.536: [GC [PSYoungGen: 19844K->2496K(20480K)] 56443K->44215K(66560K), 0.0021030 secs] [Times: user=0.02 sys=0.00, real=0.01 secs] 
211.539: [Full GC [PSYoungGen: 2496K->0K(20480K)] [ParOldGen: 41719K->10990K(46080K)] 44215K->10990K(66560K) [PSPermGen: 5528K->5528K(21504K)], 0.0063520 secs] [Times: user=0.02 sys=0.00, real=0.00 secs] 
211.545: Total time for which application threads were stopped: 0.0086560 seconds, Stopping threads took: 0.0000790 seconds
211.586: Application time: 0.0408550 seconds
211.586: [GC [PSYoungGen: 17705K->2304K(20480K)] 28696K->15342K(66560K), 0.0012390 secs] [Times: user=0.01 sys=0.00, real=0.00 secs] 
211.587: Total time for which application threads were stopped: 0.0013790 seconds, Stopping threads took: 0.0000680 seconds
211.613: Application time: 0.0255380 seconds
211.613: [GC [PSYoungGen: 19664K->2304K(20480K)] 32703K->19438K(66560K), 0.0016980 secs] [Times: user=0.01 sys=0.00, real=0.00 secs] 
211.615: Total time for which application threads were stopped: 0.0018400 seconds, Stopping threads took: 0.0000690 seconds
211.655: Application time: 0.0406380 seconds
211.655: [GC [PSYoungGen: 19953K->2304K(20480K)] 37088K->22510K(66560K), 0.0014330 secs] [Times: user=0.01 sys=0.00, real=0.00 secs] 
211.657: Total time for which application threads were stopped: 0.0015730 seconds, Stopping threads took: 0.0000710 seconds
211.683: Application time: 0.0259420 seconds
211.683: [GC [PSYoungGen: 19481K->2240K(20480K)] 39688K->26542K(66560K), 0.0017100 secs] [Times: user=0.01 sys=0.00, real=0.00 secs] 
211.685: Total time for which application threads were stopped: 0.0018550 seconds, Stopping threads took: 0.0000700 seconds
211.720: Application time: 0.0358330 seconds
211.721: [GC [PSYoungGen: 19866K->2272K(20480K)] 44169K->29647K(66560K), 0.0014800 secs] [Times: user=0.01 sys=0.00, real=0.00 secs] 
211.722: Total time for which application threads were stopped: 0.0016550 seconds, Stopping threads took: 0.0001030 seconds
211.752: Application time: 0.0299640 seconds
211.752: [GC [PSYoungGen: 19424K->2304K(20480K)] 46799K->32751K(66560K), 0.0013750 secs] [Times: user=0.00 sys=0.00, real=0.00 secs] 
211.754: Total time for which application threads were stopped: 0.0015230 seconds, Stopping threads took: 0.0000760 seconds
211.789: Application time: 0.0352480 seconds
211.789: [GC [PSYoungGen: 20224K->2272K(20480K)] 50671K->36815K(66560K), 0.0018680 secs] [Times: user=0.01 sys=0.00, real=0.01 secs] 
211.791: Total time for which application threads were stopped: 0.0020240 seconds, Stopping threads took: 0.0000820 seconds
211.817: Application time: 0.0259970 seconds
211.817: [GC [PSYoungGen: 19316K->2272K(20480K)] 53859K->41935K(66560K), 0.0020810 secs] [Times: user=0.01 sys=0.00, real=0.01 secs] 
211.819: Total time for which application threads were stopped: 0.0022560 seconds, Stopping threads took: 0.0001030 seconds
211.858: Application time: 0.0387880 seconds
211.858: [GC [PSYoungGen: 19203K->2304K(20480K)] 58866K->45039K(66560K), 0.0015480 secs] [Times: user=0.01 sys=0.00, real=0.01 secs] 
211.860: [Full GC [PSYoungGen: 2304K->0K(20480K)] [ParOldGen: 42735K->8979K(46080K)] 45039K->8979K(66560K) [PSPermGen: 5528K->5528K(21504K)], 0.0060120 secs] [Times: user=0.03 sys=0.00, real=0.00 secs] 
211.866: Total time for which application threads were stopped: 0.0077560 seconds, Stopping threads took: 0.0000730 seconds
211.892: Application time: 0.0259890 seconds
211.895: [GC [PSYoungGen: 17094K->2304K(20480K)] 26073K->15379K(66560K), 0.0017820 secs] [Times: user=0.01 sys=0.00, real=0.00 secs] 
211.896: Total time for which application threads were stopped: 0.0047570 seconds, Stopping threads took: 0.0029080 seconds
211.936: Application time: 0.0398150 seconds
211.936: [GC [PSYoungGen: 20224K->2304K(20480K)] 33299K->17427K(66560K), 0.0012330 secs] [Times: user=0.01 sys=0.00, real=0.00 secs] 
211.938: Total time for which application threads were stopped: 0.0013760 seconds, Stopping threads took: 0.0000710 seconds
211.963: Application time: 0.0255610 seconds
211.963: [GC [PSYoungGen: 19437K->2304K(20480K)] 34561K->21523K(66560K), 0.0016670 secs] [Times: user=0.01 sys=0.00, real=0.00 secs] 
211.965: Total time for which application threads were stopped: 0.0018230 seconds, Stopping threads took: 0.0000870 seconds
212.004: Application time: 0.0394340 seconds
212.004: [GC [PSYoungGen: 20224K->2320K(20480K)] 39443K->24611K(66560K), 0.0014660 secs] [Times: user=0.01 sys=0.00, real=0.00 secs] 
212.006: Total time for which application threads were stopped: 0.0016010 seconds, Stopping threads took: 0.0000570 seconds
212.033: Application time: 0.0266800 seconds
212.033: [GC [PSYoungGen: 19572K->2304K(20480K)] 41863K->27667K(66560K), 0.0015260 secs] [Times: user=0.01 sys=0.00, real=0.00 secs] 
212.034: Total time for which application threads were stopped: 0.0016640 seconds, Stopping threads took: 0.0000610 seconds
212.070: Application time: 0.0354080 seconds
212.070: [GC [PSYoungGen: 19210K->2384K(20480K)] 44574K->29795K(66560K), 0.0012610 secs] [Times: user=0.01 sys=0.00, real=0.01 secs] 
212.071: Total time for which application threads were stopped: 0.0014080 seconds, Stopping threads took: 0.0000760 seconds
212.092: Application time: 0.0210510 seconds
212.092: [GC [PSYoungGen: 19770K->2400K(20480K)] 47181K->34931K(66560K), 0.0020970 secs] [Times: user=0.01 sys=0.00, real=0.00 secs] 
212.094: Total time for which application threads were stopped: 0.0022550 seconds, Stopping threads took: 0.0000710 seconds
212.139: Application time: 0.0444480 seconds
212.139: [GC [PSYoungGen: 20182K->2416K(20480K)] 52713K->35971K(66560K), 0.0009820 secs] [Times: user=0.00 sys=0.00, real=0.00 secs] 
212.140: Total time for which application threads were stopped: 0.0011170 seconds, Stopping threads took: 0.0000680 seconds
212.161: Application time: 0.0206790 seconds
212.161: [GC [PSYoungGen: 19906K->2464K(20480K)] 53462K->41139K(66560K), 0.0021330 secs] [Times: user=0.01 sys=0.00, real=0.00 secs] 
212.163: Total time for which application threads were stopped: 0.0022930 seconds, Stopping threads took: 0.0000840 seconds
212.205: Application time: 0.0422220 seconds
212.205: [GC [PSYoungGen: 19859K->2480K(20480K)] 58535K->43204K(66560K), 0.0013460 secs] [Times: user=0.00 sys=0.00, real=0.00 secs] 
212.207: [Full GC [PSYoungGen: 2480K->0K(20480K)] [ParOldGen: 40723K->7944K(46080K)] 43204K->7944K(66560K) [PSPermGen: 5528K->5528K(21504K)], 0.0056150 secs] [Times: user=0.03 sys=0.00, real=0.01 secs] 
212.212: Total time for which application threads were stopped: 0.0071430 seconds, Stopping threads took: 0.0000700 seconds
212.236: Application time: 0.0236760 seconds
212.236: [GC [PSYoungGen: 17776K->2304K(20480K)] 25721K->15368K(66560K), 0.0020110 secs] [Times: user=0.01 sys=0.00, real=0.00 secs] 
212.238: Total time for which application threads were stopped: 0.0021540 seconds, Stopping threads took: 0.0000690 seconds
212.279: Application time: 0.0408500 seconds
212.283: [GC [PSYoungGen: 19453K->2320K(20480K)] 32518K->17432K(66560K), 0.0012530 secs] [Times: user=0.00 sys=0.00, real=0.00 secs] 
212.284: Total time for which application threads were stopped: 0.0048070 seconds, Stopping threads took: 0.0034830 seconds
212.309: Application time: 0.0247930 seconds
212.309: [GC [PSYoungGen: 20222K->2304K(20480K)] 35335K->21512K(66560K), 0.0018240 secs] [Times: user=0.01 sys=0.00, real=0.01 secs] 
212.311: Total time for which application threads were stopped: 0.0019960 seconds, Stopping threads took: 0.0001000 seconds
212.349: Application time: 0.0384690 seconds
212.349: [GC [PSYoungGen: 20224K->2304K(20480K)] 39432K->24585K(66560K), 0.0015710 secs] [Times: user=0.01 sys=0.00, real=0.01 secs] 
212.351: Total time for which application threads were stopped: 0.0017120 seconds, Stopping threads took: 0.0000670 seconds
212.378: Application time: 0.0268530 seconds
212.378: [GC [PSYoungGen: 19423K->2272K(20480K)] 41704K->29673K(66560K), 0.0021170 secs] [Times: user=0.01 sys=0.00, real=0.01 secs] 
212.380: Total time for which application threads were stopped: 0.0022790 seconds, Stopping threads took: 0.0000870 seconds
212.418: Application time: 0.0382720 seconds
212.418: [GC [PSYoungGen: 20188K->2272K(20480K)] 47589K->32745K(66560K), 0.0015570 secs] [Times: user=0.01 sys=0.00, real=0.01 secs] 
212.420: Total time for which application threads were stopped: 0.0016920 seconds, Stopping threads took: 0.0000630 seconds
212.447: Application time: 0.0269400 seconds
212.447: [GC [PSYoungGen: 19397K->2304K(20480K)] 49870K->37897K(66560K), 0.0020550 secs] [Times: user=0.01 sys=0.00, real=0.00 secs] 
212.449: Total time for which application threads were stopped: 0.0022030 seconds, Stopping threads took: 0.0000730 seconds
212.488: Application time: 0.0386490 seconds
212.488: [GC [PSYoungGen: 20101K->2272K(20480K)] 55694K->39913K(66560K), 0.0011890 secs] [Times: user=0.01 sys=0.00, real=0.00 secs] 
212.489: Total time for which application threads were stopped: 0.0013190 seconds, Stopping threads took: 0.0000620 seconds
212.516: Application time: 0.0271170 seconds
212.516: [GC [PSYoungGen: 19540K->2304K(20480K)] 57182K->45065K(66560K), 0.0020550 secs] [Times: user=0.01 sys=0.00, real=0.00 secs] 
212.518: [Full GC [PSYoungGen: 2304K->0K(20480K)] [ParOldGen: 42761K->10992K(46080K)] 45065K->10992K(66560K) [PSPermGen: 5528K->5528K(21504K)], 0.0063320 secs] [Times: user=0.03 sys=0.00, real=0.01 secs] 
212.525: Total time for which application threads were stopped: 0.0085730 seconds, Stopping threads took: 0.0000660 seconds
212.561: Application time: 0.0366750 seconds
212.562: [GC [PSYoungGen: 17580K->2304K(20480K)] 28572K->15344K(66560K), 0.0011180 secs] [Times: user=0.01 sys=0.01, real=0.00 secs] 
212.563: Total time for which application threads were stopped: 0.0012690 seconds, Stopping threads took: 0.0000750 seconds
212.591: Application time: 0.0285860 seconds
212.591: [GC [PSYoungGen: 19762K->2304K(20480K)] 32802K->20464K(66560K), 0.0019900 secs] [Times: user=0.02 sys=0.00, real=0.00 secs] 
212.593: Total time for which application threads were stopped: 0.0021490 seconds, Stopping threads took: 0.0000870 seconds
212.624: Application time: 0.0309020 seconds
212.624: [GC [PSYoungGen: 19408K->2304K(20480K)] 37568K->23536K(66560K), 0.0014480 secs] [Times: user=0.01 sys=0.00, real=0.00 secs] 
212.626: Total time for which application threads were stopped: 0.0015840 seconds, Stopping threads took: 0.0000680 seconds
212.659: Application time: 0.0332830 seconds
212.659: [GC [PSYoungGen: 20224K->2304K(20480K)] 41456K->28656K(66560K), 0.0019830 secs] [Times: user=0.02 sys=0.00, real=0.00 secs] 
212.661: Total time for which application threads were stopped: 0.0021300 seconds, Stopping threads took: 0.0000740 seconds
212.690: Application time: 0.0284650 seconds
212.690: [GC [PSYoungGen: 19214K->2304K(20480K)] 45566K->32752K(66560K), 0.0016890 secs] [Times: user=0.01 sys=0.00, real=0.01 secs] 
212.692: Total time for which application threads were stopped: 0.0018210 seconds, Stopping threads took: 0.0000620 seconds
212.726: Application time: 0.0342920 seconds
212.726: [GC [PSYoungGen: 19407K->2336K(20480K)] 49855K->36880K(66560K), 0.0017970 secs] [Times: user=0.01 sys=0.00, real=0.00 secs] 
212.728: Total time for which application threads were stopped: 0.0019570 seconds, Stopping threads took: 0.0000870 seconds
212.754: Application time: 0.0264200 seconds
212.754: [GC [PSYoungGen: 19254K->2304K(20480K)] 53798K->41968K(66560K), 0.0020300 secs] [Times: user=0.01 sys=0.00, real=0.00 secs] 
212.756: [Full GC [PSYoungGen: 2304K->0K(20480K)] [ParOldGen: 39664K->10992K(46080K)] 41968K->10992K(66560K) [PSPermGen: 5528K->5528K(21504K)], 0.0064280 secs] [Times: user=0.03 sys=0.00, real=0.01 secs] 
212.763: Total time for which application threads were stopped: 0.0086550 seconds, Stopping threads took: 0.0000640 seconds
212.802: Application time: 0.0386730 seconds
212.802: [GC [PSYoungGen: 17499K->2432K(20480K)] 28491K->17520K(66560K), 0.0018130 secs] [Times: user=0.01 sys=0.00, real=0.00 secs] 
212.804: Total time for which application threads were stopped: 0.0020480 seconds, Stopping threads took: 0.0001610 seconds
212.828: Application time: 0.0246120 seconds
212.828: [GC [PSYoungGen: 19352K->2432K(20480K)] 34441K->21616K(66560K), 0.0017230 secs] [Times: user=0.01 sys=0.00, real=0.00 secs] 
212.830: Total time for which application threads were stopped: 0.0018640 seconds, Stopping threads took: 0.0000650 seconds
212.870: Application time: 0.0399040 seconds
212.870: [GC [PSYoungGen: 19629K->2480K(20480K)] 38813K->23712K(66560K), 0.0012530 secs] [Times: user=0.01 sys=0.00, real=0.01 secs] 
212.871: Total time for which application threads were stopped: 0.0013980 seconds, Stopping threads took: 0.0000730 seconds
212.894: Application time: 0.0224790 seconds
212.894: [GC [PSYoungGen: 19494K->2400K(20480K)] 40727K->28752K(66560K), 0.0021060 secs] [Times: user=0.02 sys=0.00, real=0.00 secs] 
212.896: Total time for which application threads were stopped: 0.0022420 seconds, Stopping threads took: 0.0000630 seconds
212.937: Application time: 0.0407230 seconds
212.937: [GC [PSYoungGen: 20273K->2496K(20480K)] 46626K->30896K(66560K), 0.0012890 secs] [Times: user=0.01 sys=0.00, real=0.00 secs] 
212.938: Total time for which application threads were stopped: 0.0014410 seconds, Stopping threads took: 0.0000820 seconds
212.963: Application time: 0.0251260 seconds
212.964: [GC [PSYoungGen: 19783K->2496K(20480K)] 48184K->34992K(66560K), 0.0016930 secs] [Times: user=0.01 sys=0.00, real=0.00 secs] 
212.965: Total time for which application threads were stopped: 0.0018310 seconds, Stopping threads took: 0.0000660 seconds
213.005: Application time: 0.0396610 seconds
213.005: [GC [PSYoungGen: 20165K->2464K(20480K)] 52662K->37008K(66560K), 0.0013040 secs] [Times: user=0.01 sys=0.00, real=0.00 secs] 
213.006: Total time for which application threads were stopped: 0.0014690 seconds, Stopping threads took: 0.0000860 seconds
213.030: Application time: 0.0235530 seconds
213.030: [GC [PSYoungGen: 19813K->2480K(20480K)] 54358K->41120K(66560K), 0.0017520 secs] [Times: user=0.01 sys=0.00, real=0.01 secs] 
213.032: Total time for which application threads were stopped: 0.0019080 seconds, Stopping threads took: 0.0000800 seconds
213.075: Application time: 0.0431620 seconds
213.075: [GC [PSYoungGen: 20235K->2496K(20480K)] 58876K->42160K(66560K), 0.0010550 secs] [Times: user=0.00 sys=0.00, real=0.00 secs] 
213.076: [Full GC [PSYoungGen: 2496K->0K(20480K)] [ParOldGen: 39664K->6725K(46080K)] 42160K->6725K(66560K) [PSPermGen: 5528K->5528K(21504K)], 0.0060640 secs] [Times: user=0.03 sys=0.00, real=0.01 secs] 
213.082: Total time for which application threads were stopped: 0.0073000 seconds, Stopping threads took: 0.0000580 seconds
213.103: Application time: 0.0203970 seconds
213.103: [GC [PSYoungGen: 17279K->2304K(20480K)] 24005K->14149K(66560K), 0.0020080 secs] [Times: user=0.02 sys=0.00, real=0.00 secs] 
213.105: Total time for which application threads were stopped: 0.0021860 seconds, Stopping threads took: 0.0001060 seconds
213.146: Application time: 0.0407070 seconds
213.146: [GC [PSYoungGen: 19524K->2272K(20480K)] 31369K->14117K(66560K), 0.0007570 secs] [Times: user=0.01 sys=0.00, real=0.00 secs] 
213.147: Total time for which application threads were stopped: 0.0009030 seconds, Stopping threads took: 0.0000780 seconds
213.172: Application time: 0.0254470 seconds
213.172: [GC [PSYoungGen: 20114K->2304K(20480K)] 31959K->19269K(66560K), 0.0019690 secs] [Times: user=0.01 sys=0.00, real=0.00 secs] 
213.174: Total time for which application threads were stopped: 0.0021210 seconds, Stopping threads took: 0.0000780 seconds
213.214: Application time: 0.0396770 seconds
213.214: [GC [PSYoungGen: 19382K->2304K(20480K)] 36347K->20293K(66560K), 0.0009790 secs] [Times: user=0.00 sys=0.01, real=0.00 secs] 
213.215: Total time for which application threads were stopped: 0.0011150 seconds, Stopping threads took: 0.0000670 seconds
213.239: Application time: 0.0241540 seconds
213.239: [GC [PSYoungGen: 20223K->2240K(20480K)] 38212K->25349K(66560K), 0.0021080 secs] [Times: user=0.01 sys=0.00, real=0.00 secs] 
213.241: Total time for which application threads were stopped: 0.0022490 seconds, Stopping threads took: 0.0000640 seconds
213.282: Application time: 0.0409720 seconds
213.282: [GC [PSYoungGen: 19209K->2272K(20480K)] 42318K->26405K(66560K), 0.0010120 secs] [Times: user=0.00 sys=0.00, real=0.00 secs] 
213.284: Total time for which application threads were stopped: 0.0011630 seconds, Stopping threads took: 0.0000810 seconds
213.306: Application time: 0.0228100 seconds
213.306: [GC [PSYoungGen: 19317K->2304K(20480K)] 43451K->31557K(66560K), 0.0020410 secs] [Times: user=0.02 sys=0.00, real=0.00 secs] 
213.309: Total time for which application threads were stopped: 0.0021990 seconds, Stopping threads took: 0.0000860 seconds
213.347: Application time: 0.0380440 seconds
213.347: [GC [PSYoungGen: 20009K->2304K(20480K)] 49262K->34629K(66560K), 0.0014790 secs] [Times: user=0.01 sys=0.00, real=0.00 secs] 
213.348: Total time for which application threads were stopped: 0.0016080 seconds, Stopping threads took: 0.0000580 seconds
213.375: Application time: 0.0270870 seconds
213.375: [GC [PSYoungGen: 19626K->2304K(20480K)] 51952K->39749K(66560K), 0.0020500 secs] [Times: user=0.02 sys=0.00, real=0.00 secs] 
213.377: Total time for which application threads were stopped: 0.0021940 seconds, Stopping threads took: 0.0000700 seconds
213.415: Application time: 0.0374230 seconds
213.419: [GC [PSYoungGen: 19913K->2304K(20480K)] 57359K->42821K(66560K), 0.0014060 secs] [Times: user=0.01 sys=0.00, real=0.00 secs] 
213.420: [Full GC [PSYoungGen: 2304K->0K(20480K)] [ParOldGen: 40517K->8912K(46080K)] 42821K->8912K(66560K) [PSPermGen: 5528K->5528K(21504K)], 0.0057670 secs] [Times: user=0.02 sys=0.00, real=0.00 secs] 
213.426: Total time for which application threads were stopped: 0.0109040 seconds, Stopping threads took: 0.0036150 seconds
213.455: Application time: 0.0287800 seconds
213.455: [GC [PSYoungGen: 17566K->2304K(20480K)] 26478K->16336K(66560K), 0.0019670 secs] [Times: user=0.01 sys=0.00, real=0.00 secs] 
213.457: Total time for which application threads were stopped: 0.0021030 seconds, Stopping threads took: 0.0000650 seconds
213.488: Application time: 0.0315230 seconds
213.488: [GC [PSYoungGen: 19551K->2352K(20480K)] 33584K->19456K(66560K), 0.0014230 secs] [Times: user=0.00 sys=0.00, real=0.00 secs] 
213.490: Total time for which application threads were stopped: 0.0015990 seconds, Stopping threads took: 0.0001050 seconds
213.522: Application time: 0.0324300 seconds
213.522: [GC [PSYoungGen: 19527K->2464K(20480K)] 36632K->23664K(66560K), 0.0018170 secs] [Times: user=0.02 sys=0.00, real=0.00 secs] 
213.524: Total time for which application threads were stopped: 0.0019580 seconds, Stopping threads took: 0.0000660 seconds
213.552: Application time: 0.0280860 seconds
213.552: [GC [PSYoungGen: 19510K->2448K(20480K)] 40711K->25696K(66560K), 0.0012210 secs] [Times: user=0.01 sys=0.00, real=0.00 secs] 
213.554: Total time for which application threads were stopped: 0.0013500 seconds, Stopping threads took: 0.0000630 seconds
213.588: Application time: 0.0340270 seconds
213.588: [GC [PSYoungGen: 19476K->2448K(20480K)] 42725K->29792K(66560K), 0.0018910 secs] [Times: user=0.01 sys=0.00, real=0.00 secs] 
213.590: Total time for which application threads were stopped: 0.0020510 seconds, Stopping threads took: 0.0000770 seconds
213.617: Application time: 0.0274460 seconds
213.617: [GC [PSYoungGen: 19437K->2448K(20480K)] 46781K->34913K(66560K), 0.0020450 secs] [Times: user=0.02 sys=0.00, real=0.01 secs] 
213.619: Total time for which application threads were stopped: 0.0021800 seconds, Stopping threads took: 0.0000600 seconds
213.658: Application time: 0.0382760 seconds
213.658: [GC [PSYoungGen: 19601K->2496K(20480K)] 52066K->37009K(66560K), 0.0012800 secs] [Times: user=0.01 sys=0.00, real=0.01 secs] 
213.659: Total time for which application threads were stopped: 0.0014260 seconds, Stopping threads took: 0.0000740 seconds
213.681: Application time: 0.0217310 seconds
213.681: [GC [PSYoungGen: 20416K->2448K(20480K)] 54929K->43105K(66560K), 0.0024600 secs] [Times: user=0.02 sys=0.00, real=0.00 secs] 
213.683: [Full GC [PSYoungGen: 2448K->0K(20480K)] [ParOldGen: 40657K->12011K(46080K)] 43105K->12011K(66560K) [PSPermGen: 5528K->5528K(21504K)], 0.0067520 secs] [Times: user=0.03 sys=0.00, real=0.00 secs] 
213.690: Total time for which application threads were stopped: 0.0094080 seconds, Stopping threads took: 0.0000720 seconds
213.734: Application time: 0.0440050 seconds
213.734: [GC [PSYoungGen: 17121K->2304K(20480K)] 29133K->16363K(66560K), 0.0012160 secs] [Times: user=0.01 sys=0.00, real=0.00 secs] 
213.736: Total time for which application threads were stopped: 0.0013770 seconds, Stopping threads took: 0.0000840 seconds
213.758: Application time: 0.0220050 seconds
213.758: [GC [PSYoungGen: 19219K->2304K(20480K)] 33279K->20459K(66560K), 0.0017010 secs] [Times: user=0.01 sys=0.00, real=0.01 secs] 
213.759: Total time for which application threads were stopped: 0.0018400 seconds, Stopping threads took: 0.0000720 seconds
213.801: Application time: 0.0412730 seconds
213.801: [GC [PSYoungGen: 20076K->2304K(20480K)] 38232K->22507K(66560K), 0.0012470 secs] [Times: user=0.01 sys=0.00, real=0.00 secs] 
213.802: Total time for which application threads were stopped: 0.0013960 seconds, Stopping threads took: 0.0000800 seconds
213.826: Application time: 0.0237380 seconds
213.826: [GC [PSYoungGen: 19598K->2304K(20480K)] 39801K->27627K(66560K), 0.0019340 secs] [Times: user=0.01 sys=0.00, real=0.00 secs] 
213.828: Total time for which application threads were stopped: 0.0020880 seconds, Stopping threads took: 0.0000790 seconds
213.869: Application time: 0.0408350 seconds
213.869: [GC [PSYoungGen: 19943K->2272K(20480K)] 45266K->28619K(66560K), 0.0010720 secs] [Times: user=0.00 sys=0.00, real=0.00 secs] 
213.870: Total time for which application threads were stopped: 0.0012360 seconds, Stopping threads took: 0.0000970 seconds
213.892: Application time: 0.0220760 seconds
213.892: [GC [PSYoungGen: 19628K->2272K(20480K)] 45975K->33739K(66560K), 0.0020330 secs] [Times: user=0.01 sys=0.00, real=0.00 secs] 
213.894: Total time for which application threads were stopped: 0.0021770 seconds, Stopping threads took: 0.0000700 seconds
213.939: Application time: 0.0444980 seconds
213.939: [GC [PSYoungGen: 19993K->2304K(20480K)] 51461K->33771K(66560K), 0.0007760 secs] [Times: user=0.00 sys=0.00, real=0.00 secs] 
213.940: Total time for which application threads were stopped: 0.0008980 seconds, Stopping threads took: 0.0000560 seconds
213.960: Application time: 0.0208290 seconds
213.961: [GC [PSYoungGen: 19630K->2304K(20480K)] 51098K->37867K(66560K), 0.0016990 secs] [Times: user=0.01 sys=0.00, real=0.00 secs] 
213.962: Total time for which application threads were stopped: 0.0018440 seconds, Stopping threads took: 0.0000770 seconds
214.004: Application time: 0.0419600 seconds
214.004: [GC [PSYoungGen: 19702K->2240K(20480K)] 55266K->37803K(66560K), 0.0007240 secs] [Times: user=0.00 sys=0.00, real=0.00 secs] 
214.005: Total time for which application threads were stopped: 0.0008730 seconds, Stopping threads took: 0.0000810 seconds
214.029: Application time: 0.0240310 seconds
214.029: [GC [PSYoungGen: 19899K->2240K(20480K)] 55463K->42923K(66560K), 0.0019590 secs] [Times: user=0.01 sys=0.00, real=0.01 secs] 
214.031: [Full GC [PSYoungGen: 2240K->0K(20480K)] [ParOldGen: 40683K->10988K(46080K)] 42923K->10988K(66560K) [PSPermGen: 5528K->5528K(21504K)], 0.0063820 secs] [Times: user=0.03 sys=0.00, real=0.00 secs] 
214.038: Total time for which application threads were stopped: 0.0085320 seconds, Stopping threads took: 0.0000680 seconds
214.076: Application time: 0.0382190 seconds
214.076: [GC [PSYoungGen: 16994K->2304K(20480K)] 27982K->15340K(66560K), 0.0012610 secs] [Times: user=0.00 sys=0.00, real=0.00 secs] 
214.077: Total time for which application threads were stopped: 0.0014000 seconds, Stopping threads took: 0.0000710 seconds
214.101: Application time: 0.0237360 seconds
214.101: [GC [PSYoungGen: 19321K->2304K(20480K)] 32357K->20460K(66560K), 0.0020170 secs] [Times: user=0.02 sys=0.00, real=0.00 secs] 
214.103: Total time for which application threads were stopped: 0.0021710 seconds, Stopping threads took: 0.0000680 seconds
214.142: Application time: 0.0391020 seconds
214.142: [GC [PSYoungGen: 19234K->2304K(20480K)] 37391K->22508K(66560K), 0.0011720 secs] [Times: user=0.00 sys=0.00, real=0.00 secs] 
214.144: Total time for which application threads were stopped: 0.0013120 seconds, Stopping threads took: 0.0000740 seconds
214.169: Application time: 0.0250560 seconds
214.169: [GC [PSYoungGen: 19446K->2336K(20480K)] 39651K->27660K(66560K), 0.0020040 secs] [Times: user=0.01 sys=0.00, real=0.01 secs] 
214.171: Total time for which application threads were stopped: 0.0021520 seconds, Stopping threads took: 0.0000760 seconds
214.206: Application time: 0.0346670 seconds
214.206: [GC [PSYoungGen: 19981K->2368K(20480K)] 45306K->30764K(66560K), 0.0014350 secs] [Times: user=0.01 sys=0.00, real=0.00 secs] 
214.207: Total time for which application threads were stopped: 0.0015770 seconds, Stopping threads took: 0.0000730 seconds
214.237: Application time: 0.0298980 seconds
214.237: [GC [PSYoungGen: 20176K->2432K(20480K)] 48573K->35948K(66560K), 0.0020450 secs] [Times: user=0.01 sys=0.00, real=0.01 secs] 
214.239: Total time for which application threads were stopped: 0.0021970 seconds, Stopping threads took: 0.0000720 seconds
214.270: Application time: 0.0303120 seconds
214.270: [GC [PSYoungGen: 19609K->2480K(20480K)] 53125K->39068K(66560K), 0.0015100 secs] [Times: user=0.01 sys=0.00, real=0.01 secs] 
214.271: Total time for which application threads were stopped: 0.0016650 seconds, Stopping threads took: 0.0000860 seconds
214.305: Application time: 0.0332680 seconds
214.305: [GC [PSYoungGen: 19536K->2480K(20480K)] 56124K->43164K(66560K), 0.0019070 secs] [Times: user=0.01 sys=0.00, real=0.00 secs] 
214.307: [Full GC [PSYoungGen: 2480K->0K(20480K)] [ParOldGen: 40684K->9961K(46080K)] 43164K->9961K(66560K) [PSPermGen: 5528K->5528K(21504K)], 0.0062990 secs] [Times: user=0.03 sys=0.00, real=0.01 secs] 
214.313: Total time for which application threads were stopped: 0.0084070 seconds, Stopping threads took: 0.0000830 seconds
214.345: Application time: 0.0323900 seconds
214.345: [GC [PSYoungGen: 17074K->2304K(20480K)] 27036K->13289K(66560K), 0.0009240 secs] [Times: user=0.01 sys=0.00, real=0.00 secs] 
214.346: Total time for which application threads were stopped: 0.0010610 seconds, Stopping threads took: 0.0000700 seconds
214.380: Application time: 0.0333110 seconds
214.380: [GC [PSYoungGen: 19355K->2320K(20480K)] 30340K->16377K(66560K), 0.0015640 secs] [Times: user=0.01 sys=0.00, real=0.00 secs] 
214.381: Total time for which application threads were stopped: 0.0017170 seconds, Stopping threads took: 0.0000820 seconds
214.407: Application time: 0.0255560 seconds
214.407: [GC [PSYoungGen: 20223K->2336K(20480K)] 34281K->20489K(66560K), 0.0017080 secs] [Times: user=0.01 sys=0.00, real=0.00 secs] 
214.409: Total time for which application threads were stopped: 0.0018670 seconds, Stopping threads took: 0.0000880 seconds
214.450: Application time: 0.0407230 seconds
214.450: [GC [PSYoungGen: 19471K->2304K(20480K)] 37625K->22505K(66560K), 0.0012780 secs] [Times: user=0.00 sys=0.00, real=0.01 secs] 
214.451: Total time for which application threads were stopped: 0.0014330 seconds, Stopping threads took: 0.0000860 seconds
214.475: Application time: 0.0238050 seconds
214.475: [GC [PSYoungGen: 20170K->2304K(20480K)] 40371K->26601K(66560K), 0.0018310 secs] [Times: user=0.01 sys=0.00, real=0.00 secs] 
214.477: Total time for which application threads were stopped: 0.0019670 seconds, Stopping threads took: 0.0000670 seconds
214.517: Application time: 0.0406970 seconds
214.519: [GC [PSYoungGen: 19342K->2272K(20480K)] 43640K->28617K(66560K), 0.0011870 secs] [Times: user=0.00 sys=0.00, real=0.00 secs] 
214.520: Total time for which application threads were stopped: 0.0022860 seconds, Stopping threads took: 0.0010260 seconds
214.545: Application time: 0.0248370 seconds
214.545: [GC [PSYoungGen: 19277K->2304K(20480K)] 45623K->31721K(66560K), 0.0015060 secs] [Times: user=0.01 sys=0.00, real=0.00 secs] 
214.546: Total time for which application threads were stopped: 0.0016400 seconds, Stopping threads took: 0.0000680 seconds
214.583: Application time: 0.0366830 seconds
214.583: [GC [PSYoungGen: 19907K->2272K(20480K)] 49325K->33737K(66560K), 0.0012350 secs] [Times: user=0.00 sys=0.00, real=0.00 secs] 
214.584: Total time for which application threads were stopped: 0.0013700 seconds, Stopping threads took: 0.0000660 seconds
214.611: Application time: 0.0269380 seconds
214.611: [GC [PSYoungGen: 19708K->2304K(20480K)] 51174K->38889K(66560K), 0.0019600 secs] [Times: user=0.01 sys=0.00, real=0.00 secs] 
214.613: Total time for which application threads were stopped: 0.0021040 seconds, Stopping threads took: 0.0000610 seconds
214.651: Application time: 0.0377790 seconds
214.651: [GC [PSYoungGen: 19817K->2272K(20480K)] 56402K->40905K(66560K), 0.0013080 secs] [Times: user=0.01 sys=0.00, real=0.00 secs] 
214.653: Total time for which application threads were stopped: 0.0014450 seconds, Stopping threads took: 0.0000670 seconds
214.678: Application time: 0.0251070 seconds
214.678: [GC [PSYoungGen: 19755K->2336K(20480K)] 58389K->46090K(66560K), 0.0019810 secs] [Times: user=0.02 sys=0.00, real=0.01 secs] 
214.680: [Full GC [PSYoungGen: 2336K->0K(20480K)] [ParOldGen: 43754K->10988K(46080K)] 46090K->10988K(66560K) [PSPermGen: 5528K->5528K(21504K)], 0.0063100 secs] [Times: user=0.03 sys=0.00, real=0.00 secs] 
214.686: Total time for which application threads were stopped: 0.0084830 seconds, Stopping threads took: 0.0000720 seconds
214.727: Application time: 0.0412130 seconds
214.727: [GC [PSYoungGen: 17563K->2304K(20480K)] 28552K->14316K(66560K), 0.0009730 secs] [Times: user=0.01 sys=0.00, real=0.00 secs] 
214.728: Total time for which application threads were stopped: 0.0011110 seconds, Stopping threads took: 0.0000710 seconds
214.751: Application time: 0.0228110 seconds
214.751: [GC [PSYoungGen: 19765K->2304K(20480K)] 31778K->19436K(66560K), 0.0021110 secs] [Times: user=0.02 sys=0.00, real=0.00 secs] 
214.754: Total time for which application threads were stopped: 0.0022820 seconds, Stopping threads took: 0.0000930 seconds
214.797: Application time: 0.0429760 seconds
214.797: [GC [PSYoungGen: 19804K->2272K(20480K)] 36937K->19404K(66560K), 0.0007330 secs] [Times: user=0.00 sys=0.00, real=0.00 secs] 
214.797: Total time for which application threads were stopped: 0.0008640 seconds, Stopping threads took: 0.0000680 seconds
214.821: Application time: 0.0235140 seconds
214.821: [GC [PSYoungGen: 19836K->2304K(20480K)] 36968K->24556K(66560K), 0.0020350 secs] [Times: user=0.01 sys=0.00, real=0.00 secs] 
214.823: Total time for which application threads were stopped: 0.0021810 seconds, Stopping threads took: 0.0000700 seconds
214.865: Application time: 0.0422920 seconds
214.866: [GC [PSYoungGen: 19822K->2320K(20480K)] 42075K->25596K(66560K), 0.0009910 secs] [Times: user=0.01 sys=0.00, real=0.00 secs] 
214.867: Total time for which application threads were stopped: 0.0011360 seconds, Stopping threads took: 0.0000790 seconds
214.891: Application time: 0.0241180 seconds
214.891: [GC [PSYoungGen: 19998K->2304K(20480K)] 43274K->30700K(66560K), 0.0020540 secs] [Times: user=0.02 sys=0.00, real=0.00 secs] 
214.893: Total time for which application threads were stopped: 0.0022120 seconds, Stopping threads took: 0.0000840 seconds
214.934: Application time: 0.0407850 seconds
214.934: [GC [PSYoungGen: 19800K->2336K(20480K)] 48197K->30732K(66560K), 0.0008270 secs] [Times: user=0.00 sys=0.00, real=0.00 secs] 
214.935: Total time for which application threads were stopped: 0.0009630 seconds, Stopping threads took: 0.0000680 seconds
214.959: Application time: 0.0243300 seconds
214.959: [GC [PSYoungGen: 19300K->2464K(20480K)] 47697K->34956K(66560K), 0.0017710 secs] [Times: user=0.01 sys=0.00, real=0.00 secs] 
214.961: Total time for which application threads were stopped: 0.0019320 seconds, Stopping threads took: 0.0000900 seconds
214.997: Application time: 0.0360010 seconds
214.997: [GC [PSYoungGen: 20122K->2448K(20480K)] 52615K->38013K(66560K), 0.0014830 secs] [Times: user=0.01 sys=0.00, real=0.01 secs] 
214.999: Total time for which application threads were stopped: 0.0016140 seconds, Stopping threads took: 0.0000580 seconds
215.022: Application time: 0.0238890 seconds
215.023: [GC [PSYoungGen: 19901K->2496K(20480K)] 55466K->43181K(66560K), 0.0021950 secs] [Times: user=0.01 sys=0.00, real=0.00 secs] 
215.025: [Full GC [PSYoungGen: 2496K->0K(20480K)] [ParOldGen: 40685K->10985K(46080K)] 43181K->10985K(66560K) [PSPermGen: 5528K->5528K(21504K)], 0.0062240 secs] [Times: user=0.03 sys=0.00, real=0.01 secs] 
215.031: Total time for which application threads were stopped: 0.0086250 seconds, Stopping threads took: 0.0000870 seconds
215.069: Application time: 0.0377430 seconds
215.069: [GC [PSYoungGen: 17499K->2272K(20480K)] 28484K->17353K(66560K), 0.0017930 secs] [Times: user=0.01 sys=0.00, real=0.01 secs] 
215.071: Total time for which application threads were stopped: 0.0019310 seconds, Stopping threads took: 0.0000670 seconds
215.099: Application time: 0.0286720 seconds
215.100: [GC [PSYoungGen: 19832K->2320K(20480K)] 34914K->21497K(66560K), 0.0017840 secs] [Times: user=0.01 sys=0.00, real=0.00 secs] 
215.101: Total time for which application threads were stopped: 0.0019520 seconds, Stopping threads took: 0.0000920 seconds
215.139: Application time: 0.0376610 seconds
215.139: [GC [PSYoungGen: 20008K->2256K(20480K)] 39185K->23481K(66560K), 0.0012000 secs] [Times: user=0.01 sys=0.00, real=0.00 secs] 
215.140: Total time for which application threads were stopped: 0.0013310 seconds, Stopping threads took: 0.0000570 seconds
215.168: Application time: 0.0281020 seconds
215.169: [GC [PSYoungGen: 19634K->2336K(20480K)] 40860K->27657K(66560K), 0.0017720 secs] [Times: user=0.01 sys=0.00, real=0.00 secs] 
215.170: Total time for which application threads were stopped: 0.0019150 seconds, Stopping threads took: 0.0000670 seconds
215.201: Application time: 0.0307310 seconds
215.201: [GC [PSYoungGen: 19640K->2320K(20480K)] 44961K->31737K(66560K), 0.0017560 secs] [Times: user=0.01 sys=0.00, real=0.00 secs] 
215.203: Total time for which application threads were stopped: 0.0019060 seconds, Stopping threads took: 0.0000780 seconds
215.237: Application time: 0.0340720 seconds
215.237: [GC [PSYoungGen: 20002K->2336K(20480K)] 49419K->35849K(66560K), 0.0017780 secs] [Times: user=0.02 sys=0.00, real=0.01 secs] 
215.239: Total time for which application threads were stopped: 0.0019450 seconds, Stopping threads took: 0.0000930 seconds
215.269: Application time: 0.0296550 seconds
215.269: [GC [PSYoungGen: 19623K->2336K(20480K)] 53136K->39945K(66560K), 0.0017980 secs] [Times: user=0.02 sys=0.00, real=0.01 secs] 
215.271: Total time for which application threads were stopped: 0.0019360 seconds, Stopping threads took: 0.0000640 seconds
215.306: Application time: 0.0357700 seconds
215.307: [GC [PSYoungGen: 20111K->2304K(20480K)] 57721K->44009K(66560K), 0.0017540 secs] [Times: user=0.01 sys=0.00, real=0.00 secs] 
215.308: [Full GC [PSYoungGen: 2304K->0K(20480K)] [ParOldGen: 41705K->9965K(46080K)] 44009K->9965K(66560K) [PSPermGen: 5528K->5528K(21504K)], 0.0061940 secs] [Times: user=0.03 sys=0.00, real=0.01 secs] 
215.315: Total time for which application threads were stopped: 0.0081860 seconds, Stopping threads took: 0.0001200 seconds
215.343: Application time: 0.0285080 seconds
215.343: [GC [PSYoungGen: 17235K->2304K(20480K)] 27201K->16365K(66560K), 0.0017430 secs] [Times: user=0.01 sys=0.00, real=0.00 secs] 
215.345: Total time for which application threads were stopped: 0.0018900 seconds, Stopping threads took: 0.0000750 seconds
215.382: Application time: 0.0374890 seconds
215.383: [GC [PSYoungGen: 20135K->2304K(20480K)] 34196K->19437K(66560K), 0.0014580 secs] [Times: user=0.01 sys=0.00, real=0.00 secs] 
215.384: Total time for which application threads were stopped: 0.0015940 seconds, Stopping threads took: 0.0000630 seconds
215.412: Application time: 0.0278940 seconds
215.412: [GC [PSYoungGen: 19499K->2320K(20480K)] 36632K->23549K(66560K), 0.0016720 secs] [Times: user=0.01 sys=0.00, real=0.00 secs] 
215.414: Total time for which application threads were stopped: 0.0018360 seconds, Stopping threads took: 0.0000910 seconds
215.450: Application time: 0.0363230 seconds
215.450: [GC [PSYoungGen: 20111K->2304K(20480K)] 41340K->27629K(66560K), 0.0017400 secs] [Times: user=0.01 sys=0.00, real=0.01 secs] 
215.452: Total time for which application threads were stopped: 0.0018900 seconds, Stopping threads took: 0.0000770 seconds
215.479: Application time: 0.0266600 seconds
215.479: [GC [PSYoungGen: 19417K->2272K(20480K)] 44742K->31693K(66560K), 0.0016730 secs] [Times: user=0.01 sys=0.00, real=0.00 secs] 
215.481: Total time for which application threads were stopped: 0.0018420 seconds, Stopping threads took: 0.0000940 seconds
215.518: Application time: 0.0372380 seconds
215.518: [GC [PSYoungGen: 20072K->2304K(20480K)] 49494K->34797K(66560K), 0.0015100 secs] [Times: user=0.01 sys=0.00, real=0.01 secs] 
215.519: Total time for which application threads were stopped: 0.0016750 seconds, Stopping threads took: 0.0000920 seconds
215.548: Application time: 0.0287220 seconds
215.548: [GC [PSYoungGen: 19556K->2304K(20480K)] 52050K->37869K(66560K), 0.0014810 secs] [Times: user=0.01 sys=0.00, real=0.00 secs] 
215.550: Total time for which application threads were stopped: 0.0016520 seconds, Stopping threads took: 0.0001010 seconds
215.586: Application time: 0.0359300 seconds
215.586: [GC [PSYoungGen: 20187K->2336K(20480K)] 55753K->41997K(66560K), 0.0017960 secs] [Times: user=0.01 sys=0.00, real=0.00 secs] 
215.588: Total time for which application threads were stopped: 0.0019400 seconds, Stopping threads took: 0.0000700 seconds
215.616: Application time: 0.0281490 seconds
215.616: [GC [PSYoungGen: 19571K->2272K(20480K)] 59233K->46029K(66560K), 0.0017780 secs] [Times: user=0.01 sys=0.00, real=0.00 secs] 
215.618: [Full GC [PSYoungGen: 2272K->0K(20480K)] [ParOldGen: 43757K->9965K(46080K)] 46029K->9965K(66560K) [PSPermGen: 5528K->5528K(21504K)], 0.0061770 secs] [Times: user=0.03 sys=0.00, real=0.01 secs] 
215.624: Total time for which application threads were stopped: 0.0081410 seconds, Stopping threads took: 0.0000640 seconds
215.660: Application time: 0.0358970 seconds
215.660: [GC [PSYoungGen: 16972K->2384K(20480K)] 26938K->15421K(66560K), 0.0014520 secs] [Times: user=0.01 sys=0.00, real=0.00 secs] 
215.661: Total time for which application threads were stopped: 0.0016110 seconds, Stopping threads took: 0.0000770 seconds
215.688: Application time: 0.0264770 seconds
215.688: [GC [PSYoungGen: 19799K->2400K(20480K)] 32837K->20557K(66560K), 0.0020380 secs] [Times: user=0.01 sys=0.00, real=0.00 secs] 
215.690: Total time for which application threads were stopped: 0.0021890 seconds, Stopping threads took: 0.0000770 seconds
215.728: Application time: 0.0374280 seconds
215.728: [GC [PSYoungGen: 20144K->2432K(20480K)] 38301K->22637K(66560K), 0.0012770 secs] [Times: user=0.01 sys=0.00, real=0.00 secs] 
215.729: Total time for which application threads were stopped: 0.0014150 seconds, Stopping threads took: 0.0000630 seconds
215.757: Application time: 0.0279080 seconds
215.757: [GC [PSYoungGen: 19957K->2464K(20480K)] 40163K->26765K(66560K), 0.0018190 secs] [Times: user=0.01 sys=0.00, real=0.01 secs] 
215.759: Total time for which application threads were stopped: 0.0019730 seconds, Stopping threads took: 0.0000810 seconds
215.797: Application time: 0.0381560 seconds
215.797: [GC [PSYoungGen: 20106K->2496K(20480K)] 44408K->27821K(66560K), 0.0010180 secs] [Times: user=0.00 sys=0.00, real=0.00 secs] 
215.798: Total time for which application threads were stopped: 0.0011720 seconds, Stopping threads took: 0.0000860 seconds
215.825: Application time: 0.0269330 seconds
215.825: [GC [PSYoungGen: 20009K->2496K(20480K)] 45335K->31918K(66560K), 0.0017680 secs] [Times: user=0.01 sys=0.00, real=0.00 secs] 
215.827: Total time for which application threads were stopped: 0.0018980 seconds, Stopping threads took: 0.0000580 seconds
215.866: Application time: 0.0387350 seconds
215.866: [GC [PSYoungGen: 20010K->2432K(20480K)] 49432K->32878K(66560K), 0.0010150 secs] [Times: user=0.01 sys=0.00, real=0.00 secs] 
215.867: Total time for which application threads were stopped: 0.0011680 seconds, Stopping threads took: 0.0000860 seconds
215.890: Application time: 0.0229360 seconds
215.890: [GC [PSYoungGen: 19793K->2464K(20480K)] 50239K->37006K(66560K), 0.0018060 secs] [Times: user=0.01 sys=0.00, real=0.01 secs] 
215.892: Total time for which application threads were stopped: 0.0019630 seconds, Stopping threads took: 0.0000860 seconds
215.931: Application time: 0.0389610 seconds
215.931: [GC [PSYoungGen: 19693K->2512K(20480K)] 54235K->37054K(66560K), 0.0007810 secs] [Times: user=0.00 sys=0.00, real=0.00 secs] 
215.932: Total time for which application threads were stopped: 0.0009120 seconds, Stopping threads took: 0.0000650 seconds
215.957: Application time: 0.0253840 seconds
215.957: [GC [PSYoungGen: 20256K->2496K(20480K)] 54798K->41134K(66560K), 0.0017770 secs] [Times: user=0.01 sys=0.00, real=0.01 secs] 
215.959: Total time for which application threads were stopped: 0.0019300 seconds, Stopping threads took: 0.0000800 seconds
215.995: Application time: 0.0363840 seconds
215.999: [GC [PSYoungGen: 20416K->2496K(20480K)] 59054K->44206K(66560K), 0.0016230 secs] [Times: user=0.01 sys=0.00, real=0.00 secs] 
216.000: [Full GC [PSYoungGen: 2496K->0K(20480K)] [ParOldGen: 41710K->8943K(46080K)] 44206K->8943K(66560K) [PSPermGen: 5528K->5528K(21504K)], 0.0060100 secs] [Times: user=0.02 sys=0.00, real=0.00 secs] 
216.006: Total time for which application threads were stopped: 0.0108030 seconds, Stopping threads took: 0.0030580 seconds
216.035: Application time: 0.0290730 seconds
216.035: [GC [PSYoungGen: 17141K->2304K(20480K)] 26085K->15344K(66560K), 0.0016750 secs] [Times: user=0.01 sys=0.00, real=0.00 secs] 
216.037: Total time for which application threads were stopped: 0.0018160 seconds, Stopping threads took: 0.0000660 seconds
216.074: Application time: 0.0367300 seconds
216.074: [GC [PSYoungGen: 20224K->2304K(20480K)] 33264K->18416K(66560K), 0.0014120 secs] [Times: user=0.01 sys=0.00, real=0.00 secs] 
216.075: Total time for which application threads were stopped: 0.0015550 seconds, Stopping threads took: 0.0000730 seconds
216.102: Application time: 0.0262100 seconds
216.102: [GC [PSYoungGen: 19379K->2272K(20480K)] 35491K->22480K(66560K), 0.0017610 secs] [Times: user=0.01 sys=0.00, real=0.00 secs] 
216.104: Total time for which application threads were stopped: 0.0019070 seconds, Stopping threads took: 0.0000700 seconds
216.141: Application time: 0.0373720 seconds
216.143: [GC [PSYoungGen: 20095K->2304K(20480K)] 40303K->25584K(66560K), 0.0014660 secs] [Times: user=0.01 sys=0.00, real=0.00 secs] 
216.144: Total time for which application threads were stopped: 0.0031170 seconds, Stopping threads took: 0.0015800 seconds
216.172: Application time: 0.0283620 seconds
216.175: [GC [PSYoungGen: 19547K->2304K(20480K)] 42827K->29680K(66560K), 0.0017210 secs] [Times: user=0.02 sys=0.00, real=0.00 secs] 
216.176: Total time for which application threads were stopped: 0.0039040 seconds, Stopping threads took: 0.0020980 seconds
216.210: Application time: 0.0331750 seconds
216.210: [GC [PSYoungGen: 19981K->2304K(20480K)] 47358K->34800K(66560K), 0.0020770 secs] [Times: user=0.02 sys=0.00, real=0.01 secs] 
216.212: Total time for which application threads were stopped: 0.0022220 seconds, Stopping threads took: 0.0000700 seconds
216.243: Application time: 0.0309480 seconds
216.243: [GC [PSYoungGen: 19584K->2272K(20480K)] 52080K->39888K(66560K), 0.0020260 secs] [Times: user=0.02 sys=0.00, real=0.00 secs] 
216.245: Total time for which application threads were stopped: 0.0021900 seconds, Stopping threads took: 0.0000810 seconds
216.279: Application time: 0.0344160 seconds
216.279: [GC [PSYoungGen: 20036K->2304K(20480K)] 57653K->44016K(66560K), 0.0017710 secs] [Times: user=0.01 sys=0.00, real=0.00 secs] 
216.281: [Full GC [PSYoungGen: 2304K->0K(20480K)] [ParOldGen: 41712K->9981K(46080K)] 44016K->9981K(66560K) [PSPermGen: 5528K->5528K(21504K)], 0.0059860 secs] [Times: user=0.03 sys=0.00, real=0.00 secs] 
216.287: Total time for which application threads were stopped: 0.0079350 seconds, Stopping threads took: 0.0000610 seconds
216.318: Application time: 0.0307010 seconds
216.318: [GC [PSYoungGen: 17386K->2336K(20480K)] 27367K->17437K(66560K), 0.0019900 secs] [Times: user=0.01 sys=0.00, real=0.01 secs] 
216.320: Total time for which application threads were stopped: 0.0021440 seconds, Stopping threads took: 0.0000800 seconds
216.353: Application time: 0.0331230 seconds
216.355: [GC [PSYoungGen: 20168K->2304K(20480K)] 35269K->21501K(66560K), 0.0019030 secs] [Times: user=0.01 sys=0.00, real=0.00 secs] 
216.357: Total time for which application threads were stopped: 0.0033280 seconds, Stopping threads took: 0.0013320 seconds
216.388: Application time: 0.0309930 seconds
216.388: [GC [PSYoungGen: 19827K->2400K(20480K)] 39024K->26717K(66560K), 0.0022250 secs] [Times: user=0.01 sys=0.00, real=0.00 secs] 
216.390: Total time for which application threads were stopped: 0.0024280 seconds, Stopping threads took: 0.0001270 seconds
216.421: Application time: 0.0313810 seconds
216.421: [GC [PSYoungGen: 20092K->2464K(20480K)] 44410K->29853K(66560K), 0.0015520 secs] [Times: user=0.01 sys=0.00, real=0.00 secs] 
216.423: Total time for which application threads were stopped: 0.0016910 seconds, Stopping threads took: 0.0000650 seconds
216.458: Application time: 0.0352910 seconds
216.458: [GC [PSYoungGen: 20162K->2496K(20480K)] 47552K->35005K(66560K), 0.0020790 secs] [Times: user=0.01 sys=0.00, real=0.01 secs] 
216.461: Total time for which application threads were stopped: 0.0022200 seconds, Stopping threads took: 0.0000670 seconds
216.489: Application time: 0.0282980 seconds
216.489: [GC [PSYoungGen: 19853K->2464K(20480K)] 52363K->38046K(66560K), 0.0015860 secs] [Times: user=0.01 sys=0.00, real=0.01 secs] 
216.491: Total time for which application threads were stopped: 0.0017400 seconds, Stopping threads took: 0.0000780 seconds
216.526: Application time: 0.0357930 seconds
216.527: [GC [PSYoungGen: 20218K->2496K(20480K)] 55800K->43198K(66560K), 0.0021210 secs] [Times: user=0.02 sys=0.01, real=0.00 secs] 
216.529: [Full GC [PSYoungGen: 2496K->0K(20480K)] [ParOldGen: 40702K->10992K(46080K)] 43198K->10992K(66560K) [PSPermGen: 5528K->5528K(21504K)], 0.0065860 secs] [Times: user=0.02 sys=0.00, real=0.01 secs] 
216.535: Total time for which application threads were stopped: 0.0089270 seconds, Stopping threads took: 0.0000950 seconds
216.566: Application time: 0.0306120 seconds
216.566: [GC [PSYoungGen: 17413K->2304K(20480K)] 28406K->15344K(66560K), 0.0011870 secs] [Times: user=0.01 sys=0.00, real=0.00 secs] 
216.567: Total time for which application threads were stopped: 0.0013260 seconds, Stopping threads took: 0.0000710 seconds
216.603: Application time: 0.0356740 seconds
216.603: [GC [PSYoungGen: 19943K->2272K(20480K)] 32984K->20432K(66560K), 0.0020340 secs] [Times: user=0.01 sys=0.00, real=0.00 secs] 
216.605: Total time for which application threads were stopped: 0.0021790 seconds, Stopping threads took: 0.0000650 seconds
216.634: Application time: 0.0291010 seconds
216.634: [GC [PSYoungGen: 19605K->2304K(20480K)] 37765K->23536K(66560K), 0.0013680 secs] [Times: user=0.01 sys=0.00, real=0.00 secs] 
216.636: Total time for which application threads were stopped: 0.0015130 seconds, Stopping threads took: 0.0000760 seconds
216.671: Application time: 0.0352070 seconds
216.671: [GC [PSYoungGen: 19966K->2304K(20480K)] 41199K->27632K(66560K), 0.0017620 secs] [Times: user=0.02 sys=0.00, real=0.00 secs] 
216.673: Total time for which application threads were stopped: 0.0019020 seconds, Stopping threads took: 0.0000670 seconds
216.701: Application time: 0.0279930 seconds
216.701: [GC [PSYoungGen: 19582K->2304K(20480K)] 44911K->30704K(66560K), 0.0014240 secs] [Times: user=0.01 sys=0.00, real=0.00 secs] 
216.702: Total time for which application threads were stopped: 0.0015720 seconds, Stopping threads took: 0.0000710 seconds
216.741: Application time: 0.0381500 seconds
216.741: [GC [PSYoungGen: 20076K->2256K(20480K)] 48477K->33728K(66560K), 0.0016250 secs] [Times: user=0.01 sys=0.00, real=0.00 secs] 
216.742: Total time for which application threads were stopped: 0.0017710 seconds, Stopping threads took: 0.0000740 seconds
216.769: Application time: 0.0265070 seconds
216.769: [GC [PSYoungGen: 19507K->2208K(20480K)] 50979K->37776K(66560K), 0.0017810 secs] [Times: user=0.01 sys=0.00, real=0.01 secs] 
216.771: Total time for which application threads were stopped: 0.0019220 seconds, Stopping threads took: 0.0000690 seconds
216.811: Application time: 0.0399240 seconds
216.811: [GC [PSYoungGen: 20042K->2304K(20480K)] 55611K->39920K(66560K), 0.0012670 secs] [Times: user=0.00 sys=0.00, real=0.00 secs] 
216.812: Total time for which application threads were stopped: 0.0014160 seconds, Stopping threads took: 0.0000810 seconds
216.834: Application time: 0.0221690 seconds
216.834: [GC [PSYoungGen: 19443K->2272K(20480K)] 57060K->43985K(66560K), 0.0017010 secs] [Times: user=0.01 sys=0.00, real=0.00 secs] 
216.836: [Full GC [PSYoungGen: 2272K->0K(20480K)] [ParOldGen: 41713K->9966K(46080K)] 43985K->9966K(66560K) [PSPermGen: 5528K->5528K(21504K)], 0.0063580 secs] [Times: user=0.03 sys=0.00, real=0.01 secs] 
216.843: Total time for which application threads were stopped: 0.0083320 seconds, Stopping threads took: 0.0001480 seconds
216.885: Application time: 0.0427970 seconds
216.887: [GC [PSYoungGen: 17814K->2304K(20480K)] 27780K->14318K(66560K), 0.0013190 secs] [Times: user=0.01 sys=0.00, real=0.00 secs] 
216.888: Total time for which application threads were stopped: 0.0024760 seconds, Stopping threads took: 0.0010850 seconds
216.912: Application time: 0.0238890 seconds
216.912: [GC [PSYoungGen: 19571K->2304K(20480K)] 31585K->17390K(66560K), 0.0014070 secs] [Times: user=0.01 sys=0.00, real=0.00 secs] 
216.913: Total time for which application threads were stopped: 0.0015680 seconds, Stopping threads took: 0.0000920 seconds
216.956: Application time: 0.0424740 seconds
216.956: [GC [PSYoungGen: 20093K->2336K(20480K)] 35180K->18446K(66560K), 0.0008980 secs] [Times: user=0.01 sys=0.00, real=0.00 secs] 
216.957: Total time for which application threads were stopped: 0.0010330 seconds, Stopping threads took: 0.0000680 seconds
216.982: Application time: 0.0246980 seconds
216.982: [GC [PSYoungGen: 19545K->2272K(20480K)] 35655K->20430K(66560K), 0.0011390 secs] [Times: user=0.00 sys=0.00, real=0.00 secs] 
216.983: Total time for which application threads were stopped: 0.0012620 seconds, Stopping threads took: 0.0000540 seconds
217.021: Application time: 0.0383150 seconds
217.021: [GC [PSYoungGen: 19828K->2272K(20480K)] 37986K->20430K(66560K), 0.0007890 secs] [Times: user=0.00 sys=0.00, real=0.00 secs] 
217.022: Total time for which application threads were stopped: 0.0009200 seconds, Stopping threads took: 0.0000680 seconds
217.047: Application time: 0.0247850 seconds
217.047: [GC [PSYoungGen: 19842K->2304K(20480K)] 38000K->23534K(66560K), 0.0014620 secs] [Times: user=0.01 sys=0.00, real=0.00 secs] 
217.048: Total time for which application threads were stopped: 0.0016200 seconds, Stopping threads took: 0.0000880 seconds
217.085: Application time: 0.0364370 seconds
217.085: [GC [PSYoungGen: 19574K->2352K(20480K)] 40804K->24606K(66560K), 0.0010280 secs] [Times: user=0.01 sys=0.00, real=0.00 secs] 
217.086: Total time for which application threads were stopped: 0.0011520 seconds, Stopping threads took: 0.0000580 seconds
217.114: Application time: 0.0275510 seconds
217.114: [GC [PSYoungGen: 19340K->2448K(20480K)] 41594K->28798K(66560K), 0.0017890 secs] [Times: user=0.01 sys=0.00, real=0.00 secs] 
217.116: Total time for which application threads were stopped: 0.0019360 seconds, Stopping threads took: 0.0000620 seconds
217.151: Application time: 0.0351130 seconds
217.151: [GC [PSYoungGen: 20368K->2464K(20480K)] 46718K->31886K(66560K), 0.0014410 secs] [Times: user=0.01 sys=0.00, real=0.00 secs] 
217.152: Total time for which application threads were stopped: 0.0015690 seconds, Stopping threads took: 0.0000550 seconds
217.182: Application time: 0.0296150 seconds
217.182: [GC [PSYoungGen: 19760K->2496K(20480K)] 49183K->37038K(66560K), 0.0020560 secs] [Times: user=0.01 sys=0.00, real=0.00 secs] 
217.184: Total time for which application threads were stopped: 0.0021960 seconds, Stopping threads took: 0.0000640 seconds
217.219: Application time: 0.0350670 seconds
217.219: [GC [PSYoungGen: 20323K->2480K(20480K)] 54865K->40094K(66560K), 0.0015100 secs] [Times: user=0.01 sys=0.00, real=0.00 secs] 
217.221: Total time for which application threads were stopped: 0.0016720 seconds, Stopping threads took: 0.0000850 seconds
217.252: Application time: 0.0307970 seconds
217.252: [GC [PSYoungGen: 19810K->2528K(20480K)] 57425K->44238K(66560K), 0.0018080 secs] [Times: user=0.01 sys=0.00, real=0.00 secs] 
217.254: [Full GC [PSYoungGen: 2528K->0K(20480K)] [ParOldGen: 41710K->9966K(46080K)] 44238K->9966K(66560K) [PSPermGen: 5528K->5528K(21504K)], 0.0060360 secs] [Times: user=0.02 sys=0.00, real=0.01 secs] 
217.260: Total time for which application threads were stopped: 0.0080280 seconds, Stopping threads took: 0.0000640 seconds
217.294: Application time: 0.0338950 seconds
217.294: [GC [PSYoungGen: 17796K->2304K(20480K)] 27762K->16366K(66560K), 0.0016900 secs] [Times: user=0.01 sys=0.00, real=0.00 secs] 
217.295: Total time for which application threads were stopped: 0.0018310 seconds, Stopping threads took: 0.0000700 seconds
217.323: Application time: 0.0280120 seconds
217.323: [GC [PSYoungGen: 19480K->2304K(20480K)] 33542K->21486K(66560K), 0.0020370 secs] [Times: user=0.02 sys=0.00, real=0.00 secs] 
217.326: Total time for which application threads were stopped: 0.0021870 seconds, Stopping threads took: 0.0000760 seconds
217.357: Application time: 0.0313960 seconds
217.357: [GC [PSYoungGen: 19905K->2304K(20480K)] 39088K->25582K(66560K), 0.0018080 secs] [Times: user=0.01 sys=0.00, real=0.01 secs] 
217.359: Total time for which application threads were stopped: 0.0019570 seconds, Stopping threads took: 0.0000760 seconds
217.392: Application time: 0.0333050 seconds
217.392: [GC [PSYoungGen: 19733K->2240K(20480K)] 43012K->30638K(66560K), 0.0020230 secs] [Times: user=0.01 sys=0.00, real=0.00 secs] 
217.394: Total time for which application threads were stopped: 0.0021640 seconds, Stopping threads took: 0.0000700 seconds
217.426: Application time: 0.0319250 seconds
217.426: [GC [PSYoungGen: 19814K->2240K(20480K)] 48213K->33711K(66560K), 0.0014770 secs] [Times: user=0.00 sys=0.00, real=0.00 secs] 
217.428: Total time for which application threads were stopped: 0.0016140 seconds, Stopping threads took: 0.0000630 seconds
217.460: Application time: 0.0322740 seconds
217.460: [GC [PSYoungGen: 19653K->2304K(20480K)] 51124K->37871K(66560K), 0.0017980 secs] [Times: user=0.01 sys=0.00, real=0.00 secs] 
217.462: Total time for which application threads were stopped: 0.0019450 seconds, Stopping threads took: 0.0000730 seconds
217.492: Application time: 0.0295900 seconds
217.492: [GC [PSYoungGen: 19817K->2304K(20480K)] 55384K->41967K(66560K), 0.0017610 secs] [Times: user=0.01 sys=0.00, real=0.00 secs] 
217.494: Total time for which application threads were stopped: 0.0019180 seconds, Stopping threads took: 0.0000830 seconds
217.529: Application time: 0.0354480 seconds
217.529: [GC [PSYoungGen: 19824K->2304K(20480K)] 59487K->46063K(66560K), 0.0017790 secs] [Times: user=0.00 sys=0.01, real=0.01 secs] 
217.531: [Full GC [PSYoungGen: 2304K->0K(20480K)] [ParOldGen: 43759K->9966K(46080K)] 46063K->9966K(66560K) [PSPermGen: 5528K->5528K(21504K)], 0.0060010 secs] [Times: user=0.03 sys=0.00, real=0.00 secs] 
217.537: Total time for which application threads were stopped: 0.0079870 seconds, Stopping threads took: 0.0000840 seconds
217.567: Application time: 0.0302700 seconds
217.567: [GC [PSYoungGen: 17549K->2304K(20480K)] 27515K->16366K(66560K), 0.0017240 secs] [Times: user=0.01 sys=0.00, real=0.00 secs] 
217.569: Total time for which application threads were stopped: 0.0018680 seconds, Stopping threads took: 0.0000650 seconds
217.603: Application time: 0.0335290 seconds
217.603: [GC [PSYoungGen: 19754K->2304K(20480K)] 33816K->20462K(66560K), 0.0017850 secs] [Times: user=0.01 sys=0.00, real=0.00 secs] 
217.605: Total time for which application threads were stopped: 0.0019250 seconds, Stopping threads took: 0.0000660 seconds
217.635: Application time: 0.0301700 seconds
217.635: [GC [PSYoungGen: 19838K->2272K(20480K)] 37997K->25550K(66560K), 0.0021200 secs] [Times: user=0.02 sys=0.00, real=0.00 secs] 
217.637: Total time for which application threads were stopped: 0.0022770 seconds, Stopping threads took: 0.0000840 seconds
217.673: Application time: 0.0356060 seconds
217.673: [GC [PSYoungGen: 19780K->2272K(20480K)] 43058K->29646K(66560K), 0.0018000 secs] [Times: user=0.01 sys=0.00, real=0.00 secs] 
217.675: Total time for which application threads were stopped: 0.0019630 seconds, Stopping threads took: 0.0000850 seconds
217.704: Application time: 0.0297060 seconds
217.705: [GC [PSYoungGen: 19801K->2272K(20480K)] 47176K->33742K(66560K), 0.0017770 secs] [Times: user=0.01 sys=0.00, real=0.00 secs] 
217.706: Total time for which application threads were stopped: 0.0019260 seconds, Stopping threads took: 0.0000760 seconds
217.743: Application time: 0.0361840 seconds
217.743: [GC [PSYoungGen: 19920K->2240K(20480K)] 51391K->35758K(66560K), 0.0013470 secs] [Times: user=0.01 sys=0.00, real=0.00 secs] 
217.744: Total time for which application threads were stopped: 0.0015390 seconds, Stopping threads took: 0.0001150 seconds
217.774: Application time: 0.0303190 seconds
217.775: [GC [PSYoungGen: 19800K->2352K(20480K)] 53319K->38942K(66560K), 0.0014590 secs] [Times: user=0.01 sys=0.00, real=0.00 secs] 
217.776: Total time for which application threads were stopped: 0.0015980 seconds, Stopping threads took: 0.0000680 seconds
217.810: Application time: 0.0342860 seconds
217.810: [GC [PSYoungGen: 20103K->2368K(20480K)] 56693K->42030K(66560K), 0.0015830 secs] [Times: user=0.01 sys=0.00, real=0.01 secs] 
217.812: Total time for which application threads were stopped: 0.0017380 seconds, Stopping threads took: 0.0000840 seconds
217.840: Application time: 0.0282880 seconds
217.840: [GC [PSYoungGen: 19801K->2336K(20480K)] 59464K->45070K(66560K), 0.0017290 secs] [Times: user=0.01 sys=0.00, real=0.00 secs] 
217.842: [Full GC [PSYoungGen: 2336K->0K(20480K)] [ParOldGen: 42734K->8964K(46080K)] 45070K->8964K(66560K) [PSPermGen: 5528K->5528K(21504K)], 0.0057890 secs] [Times: user=0.02 sys=0.00, real=0.00 secs] 
217.848: Total time for which application threads were stopped: 0.0077160 seconds, Stopping threads took: 0.0000840 seconds
217.886: Application time: 0.0376200 seconds
217.886: [GC [PSYoungGen: 17920K->2336K(20480K)] 26884K->14372K(66560K), 0.0015490 secs] [Times: user=0.01 sys=0.00, real=0.00 secs] 
217.887: Total time for which application threads were stopped: 0.0017050 seconds, Stopping threads took: 0.0000800 seconds
217.915: Application time: 0.0274010 seconds
217.915: [GC [PSYoungGen: 19620K->2320K(20480K)] 31656K->16404K(66560K), 0.0012000 secs] [Times: user=0.00 sys=0.00, real=0.00 secs] 
217.916: Total time for which application threads were stopped: 0.0013270 seconds, Stopping threads took: 0.0000590 seconds
217.954: Application time: 0.0377390 seconds
217.954: [GC [PSYoungGen: 20151K->2320K(20480K)] 34236K->18453K(66560K), 0.0011880 secs] [Times: user=0.01 sys=0.00, real=0.00 secs] 
217.955: Total time for which application threads were stopped: 0.0013330 seconds, Stopping threads took: 0.0000770 seconds
217.982: Application time: 0.0268460 seconds
217.982: [GC [PSYoungGen: 19584K->2368K(20480K)] 35717K->21573K(66560K), 0.0014010 secs] [Times: user=0.01 sys=0.00, real=0.00 secs] 
217.984: Total time for which application threads were stopped: 0.0015510 seconds, Stopping threads took: 0.0000820 seconds
218.020: Application time: 0.0361270 seconds
218.020: [GC [PSYoungGen: 19914K->2368K(20480K)] 39119K->23621K(66560K), 0.0012160 secs] [Times: user=0.00 sys=0.00, real=0.00 secs] 
218.021: Total time for which application threads were stopped: 0.0013590 seconds, Stopping threads took: 0.0000740 seconds
218.048: Application time: 0.0266960 seconds
218.048: [GC [PSYoungGen: 19728K->2336K(20480K)] 40981K->27685K(66560K), 0.0017410 secs] [Times: user=0.01 sys=0.00, real=0.00 secs] 
218.050: Total time for which application threads were stopped: 0.0018760 seconds, Stopping threads took: 0.0000650 seconds
218.086: Application time: 0.0366700 seconds
218.086: [GC [PSYoungGen: 19819K->2352K(20480K)] 45168K->29749K(66560K), 0.0012830 secs] [Times: user=0.00 sys=0.01, real=0.00 secs] 
218.088: Total time for which application threads were stopped: 0.0014280 seconds, Stopping threads took: 0.0000720 seconds
218.114: Application time: 0.0258240 seconds
218.114: [GC [PSYoungGen: 19842K->2352K(20480K)] 47240K->33845K(66560K), 0.0018040 secs] [Times: user=0.01 sys=0.00, real=0.00 secs] 
218.116: Total time for which application threads were stopped: 0.0019530 seconds, Stopping threads took: 0.0000740 seconds
218.155: Application time: 0.0390060 seconds
218.155: [GC [PSYoungGen: 19797K->2368K(20480K)] 51290K->34885K(66560K), 0.0010360 secs] [Times: user=0.00 sys=0.00, real=0.00 secs] 
218.156: Total time for which application threads were stopped: 0.0011730 seconds, Stopping threads took: 0.0000680 seconds
218.181: Application time: 0.0257460 seconds
218.182: [GC [PSYoungGen: 19969K->2352K(20480K)] 52486K->39989K(66560K), 0.0021480 secs] [Times: user=0.01 sys=0.00, real=0.00 secs] 
218.184: Total time for which application threads were stopped: 0.0023020 seconds, Stopping threads took: 0.0000780 seconds
218.225: Application time: 0.0408930 seconds
218.225: [GC [PSYoungGen: 19901K->2384K(20480K)] 57538K->41045K(66560K), 0.0009790 secs] [Times: user=0.01 sys=0.00, real=0.00 secs] 
218.226: Total time for which application threads were stopped: 0.0011110 seconds, Stopping threads took: 0.0000590 seconds
218.251: Application time: 0.0252040 seconds
218.251: [GC [PSYoungGen: 19898K->2336K(20480K)] 58559K->45093K(66560K), 0.0019550 secs] [Times: user=0.01 sys=0.00, real=0.00 secs] 
218.253: [Full GC [PSYoungGen: 2336K->0K(20480K)] [ParOldGen: 42757K->9969K(46080K)] 45093K->9969K(66560K) [PSPermGen: 5528K->5528K(21504K)], 0.0061670 secs] [Times: user=0.03 sys=0.00, real=0.01 secs] 
218.259: Total time for which application threads were stopped: 0.0083240 seconds, Stopping threads took: 0.0000770 seconds
218.295: Application time: 0.0353890 seconds
218.295: [GC [PSYoungGen: 16986K->2304K(20480K)] 26955K->14321K(66560K), 0.0011920 secs] [Times: user=0.01 sys=0.00, real=0.00 secs] 
218.296: Total time for which application threads were stopped: 0.0013280 seconds, Stopping threads took: 0.0000680 seconds
218.323: Application time: 0.0267610 seconds
218.323: [GC [PSYoungGen: 19281K->2304K(20480K)] 31298K->19441K(66560K), 0.0020450 secs] [Times: user=0.01 sys=0.00, real=0.00 secs] 
218.325: Total time for which application threads were stopped: 0.0021830 seconds, Stopping threads took: 0.0000610 seconds
218.362: Application time: 0.0372010 seconds
218.362: [GC [PSYoungGen: 20211K->2304K(20480K)] 37348K->22513K(66560K), 0.0014510 secs] [Times: user=0.01 sys=0.00, real=0.00 secs] 
218.364: Total time for which application threads were stopped: 0.0015990 seconds, Stopping threads took: 0.0000750 seconds
218.391: Application time: 0.0267340 seconds
218.391: [GC [PSYoungGen: 19423K->2304K(20480K)] 39632K->27633K(66560K), 0.0019770 secs] [Times: user=0.01 sys=0.00, real=0.00 secs] 
218.393: Total time for which application threads were stopped: 0.0021250 seconds, Stopping threads took: 0.0000750 seconds
218.430: Application time: 0.0369800 seconds
218.430: [GC [PSYoungGen: 20168K->2304K(20480K)] 45497K->29681K(66560K), 0.0011900 secs] [Times: user=0.01 sys=0.00, real=0.01 secs] 
218.431: Total time for which application threads were stopped: 0.0013400 seconds, Stopping threads took: 0.0000740 seconds
218.460: Application time: 0.0287550 seconds
218.463: [GC [PSYoungGen: 19591K->2272K(20480K)] 46968K->34769K(66560K), 0.0020500 secs] [Times: user=0.01 sys=0.00, real=0.00 secs] 
218.465: Total time for which application threads were stopped: 0.0048970 seconds, Stopping threads took: 0.0027730 seconds
218.495: Application time: 0.0303560 seconds
218.495: [GC [PSYoungGen: 19863K->2336K(20480K)] 52360K->38929K(66560K), 0.0018110 secs] [Times: user=0.02 sys=0.00, real=0.00 secs] 
218.497: Total time for which application threads were stopped: 0.0019810 seconds, Stopping threads took: 0.0000950 seconds
218.530: Application time: 0.0325980 seconds
218.530: [GC [PSYoungGen: 20038K->2384K(20480K)] 56631K->44097K(66560K), 0.0021710 secs] [Times: user=0.01 sys=0.00, real=0.01 secs] 
218.532: [Full GC [PSYoungGen: 2384K->0K(20480K)] [ParOldGen: 41713K->10993K(46080K)] 44097K->10993K(66560K) [PSPermGen: 5528K->5528K(21504K)], 0.0063800 secs] [Times: user=0.03 sys=0.00, real=0.00 secs] 
218.538: Total time for which application threads were stopped: 0.0087490 seconds, Stopping threads took: 0.0000730 seconds
218.571: Application time: 0.0328070 seconds
218.571: [GC [PSYoungGen: 17759K->2336K(20480K)] 28753K->17425K(66560K), 0.0018060 secs] [Times: user=0.01 sys=0.00, real=0.00 secs] 
218.573: Total time for which application threads were stopped: 0.0019630 seconds, Stopping threads took: 0.0000800 seconds
218.606: Application time: 0.0328350 seconds
218.606: [GC [PSYoungGen: 19939K->2384K(20480K)] 35029K->21569K(66560K), 0.0017800 secs] [Times: user=0.01 sys=0.00, real=0.00 secs] 
218.608: Total time for which application threads were stopped: 0.0019340 seconds, Stopping threads took: 0.0000740 seconds
218.639: Application time: 0.0316220 seconds
218.640: [GC [PSYoungGen: 19883K->2368K(20480K)] 39069K->26673K(66560K), 0.0021100 secs] [Times: user=0.02 sys=0.00, real=0.00 secs] 
218.642: Total time for which application threads were stopped: 0.0022800 seconds, Stopping threads took: 0.0000950 seconds
218.675: Application time: 0.0327810 seconds
218.675: [GC [PSYoungGen: 19996K->2432K(20480K)] 44302K->30833K(66560K), 0.0018380 secs] [Times: user=0.01 sys=0.00, real=0.00 secs] 
218.677: Total time for which application threads were stopped: 0.0019860 seconds, Stopping threads took: 0.0000750 seconds
218.709: Application time: 0.0328560 seconds
218.710: [GC [PSYoungGen: 19948K->2432K(20480K)] 48350K->35954K(66560K), 0.0021900 secs] [Times: user=0.02 sys=0.00, real=0.01 secs] 
218.712: Total time for which application threads were stopped: 0.0023450 seconds, Stopping threads took: 0.0000790 seconds
218.747: Application time: 0.0354130 seconds
218.747: [GC [PSYoungGen: 19937K->2384K(20480K)] 53459K->38978K(66560K), 0.0015130 secs] [Times: user=0.01 sys=0.00, real=0.00 secs] 
218.749: Total time for which application threads were stopped: 0.0016630 seconds, Stopping threads took: 0.0000740 seconds
218.779: Application time: 0.0298810 seconds
218.779: [GC [PSYoungGen: 19900K->2432K(20480K)] 56494K->43122K(66560K), 0.0017320 secs] [Times: user=0.01 sys=0.00, real=0.00 secs] 
218.781: [Full GC [PSYoungGen: 2432K->0K(20480K)] [ParOldGen: 40690K->9983K(46080K)] 43122K->9983K(66560K) [PSPermGen: 5528K->5528K(21504K)], 0.0061610 secs] [Times: user=0.03 sys=0.00, real=0.00 secs] 
218.787: Total time for which application threads were stopped: 0.0081220 seconds, Stopping threads took: 0.0000980 seconds
218.821: Application time: 0.0340430 seconds
218.821: [GC [PSYoungGen: 17432K->2304K(20480K)] 27416K->15359K(66560K), 0.0015310 secs] [Times: user=0.01 sys=0.00, real=0.00 secs] 
218.823: Total time for which application threads were stopped: 0.0016840 seconds, Stopping threads took: 0.0000830 seconds
218.851: Application time: 0.0288460 seconds
218.852: [GC [PSYoungGen: 19751K->2304K(20480K)] 32807K->19455K(66560K), 0.0017400 secs] [Times: user=0.01 sys=0.00, real=0.00 secs] 
218.853: Total time for which application threads were stopped: 0.0019460 seconds, Stopping threads took: 0.0001320 seconds
218.890: Application time: 0.0370360 seconds
218.891: [GC [PSYoungGen: 19909K->2304K(20480K)] 37061K->22527K(66560K), 0.0014750 secs] [Times: user=0.00 sys=0.00, real=0.00 secs] 
218.892: Total time for which application threads were stopped: 0.0016710 seconds, Stopping threads took: 0.0001210 seconds
218.921: Application time: 0.0289930 seconds
218.921: [GC [PSYoungGen: 19749K->2320K(20480K)] 39973K->25615K(66560K), 0.0014470 secs] [Times: user=0.01 sys=0.00, real=0.00 secs] 
218.923: Total time for which application threads were stopped: 0.0015880 seconds, Stopping threads took: 0.0000710 seconds
218.959: Application time: 0.0367240 seconds
218.960: [GC [PSYoungGen: 19790K->2304K(20480K)] 43086K->28672K(66560K), 0.0014010 secs] [Times: user=0.01 sys=0.00, real=0.00 secs] 
218.961: Total time for which application threads were stopped: 0.0015620 seconds, Stopping threads took: 0.0000890 seconds
218.989: Application time: 0.0277190 seconds
218.989: [GC [PSYoungGen: 19854K->2304K(20480K)] 46222K->31744K(66560K), 0.0015470 secs] [Times: user=0.01 sys=0.00, real=0.00 secs] 
218.990: Total time for which application threads were stopped: 0.0017040 seconds, Stopping threads took: 0.0000810 seconds
219.025: Application time: 0.0348190 seconds
219.025: [GC [PSYoungGen: 19569K->2304K(20480K)] 49009K->33792K(66560K), 0.0011830 secs] [Times: user=0.00 sys=0.00, real=0.00 secs] 
219.027: Total time for which application threads were stopped: 0.0013320 seconds, Stopping threads took: 0.0000800 seconds
219.058: Application time: 0.0314560 seconds
219.058: [GC [PSYoungGen: 20098K->2304K(20480K)] 51587K->36864K(66560K), 0.0014150 secs] [Times: user=0.01 sys=0.00, real=0.01 secs] 
219.060: Total time for which application threads were stopped: 0.0015610 seconds, Stopping threads took: 0.0000760 seconds
219.094: Application time: 0.0347340 seconds
219.094: [GC [PSYoungGen: 19608K->2272K(20480K)] 54168K->37856K(66560K), 0.0010010 secs] [Times: user=0.00 sys=0.00, real=0.00 secs] 
219.095: Total time for which application threads were stopped: 0.0011350 seconds, Stopping threads took: 0.0000640 seconds
219.122: Application time: 0.0268600 seconds
219.127: [GC [PSYoungGen: 19801K->2272K(20480K)] 55385K->41952K(66560K), 0.0018740 secs] [Times: user=0.01 sys=0.00, real=0.00 secs] 
219.128: Total time for which application threads were stopped: 0.0061710 seconds, Stopping threads took: 0.0042250 seconds
219.167: Application time: 0.0381020 seconds
219.167: [GC [PSYoungGen: 19736K->2256K(20480K)] 59416K->41936K(66560K), 0.0007430 secs] [Times: user=0.00 sys=0.00, real=0.00 secs] 
219.167: Total time for which application threads were stopped: 0.0008860 seconds, Stopping threads took: 0.0000770 seconds
219.194: Application time: 0.0262190 seconds
219.194: [GC [PSYoungGen: 19980K->2368K(20480K)] 59660K->46144K(66560K), 0.0017410 secs] [Times: user=0.01 sys=0.00, real=0.00 secs] 
219.196: [Full GC [PSYoungGen: 2368K->0K(20480K)] [ParOldGen: 43776K->9982K(46080K)] 46144K->9982K(66560K) [PSPermGen: 5528K->5528K(21504K)], 0.0059740 secs] [Times: user=0.03 sys=0.00, real=0.01 secs] 
219.202: Total time for which application threads were stopped: 0.0079180 seconds, Stopping threads took: 0.0000860 seconds
219.238: Application time: 0.0361150 seconds
219.238: [GC [PSYoungGen: 17306K->2336K(20480K)] 27289K->14366K(66560K), 0.0013010 secs] [Times: user=0.00 sys=0.00, real=0.01 secs] 
219.239: Total time for which application threads were stopped: 0.0014290 seconds, Stopping threads took: 0.0000590 seconds
219.268: Application time: 0.0292030 seconds
219.268: [GC [PSYoungGen: 20247K->2368K(20480K)] 32278K->18494K(66560K), 0.0017060 secs] [Times: user=0.01 sys=0.00, real=0.00 secs] 
219.270: Total time for which application threads were stopped: 0.0018620 seconds, Stopping threads took: 0.0000840 seconds
219.304: Application time: 0.0342200 seconds
219.305: [GC [PSYoungGen: 19508K->2368K(20480K)] 35635K->20542K(66560K), 0.0011910 secs] [Times: user=0.01 sys=0.00, real=0.00 secs] 
219.306: Total time for which application threads were stopped: 0.0013490 seconds, Stopping threads took: 0.0000750 seconds
219.334: Application time: 0.0279130 seconds
219.334: [GC [PSYoungGen: 19471K->2416K(20480K)] 37645K->24687K(66560K), 0.0017530 secs] [Times: user=0.02 sys=0.00, real=0.00 secs] 
219.336: Total time for which application threads were stopped: 0.0019210 seconds, Stopping threads took: 0.0000950 seconds
219.369: Application time: 0.0332150 seconds
219.369: [GC [PSYoungGen: 20190K->2432K(20480K)] 42461K->27775K(66560K), 0.0014990 secs] [Times: user=0.01 sys=0.00, real=0.01 secs] 
219.370: Total time for which application threads were stopped: 0.0016470 seconds, Stopping threads took: 0.0000700 seconds
219.401: Application time: 0.0308890 seconds
219.401: [GC [PSYoungGen: 19774K->2496K(20480K)] 45117K->32959K(66560K), 0.0021820 secs] [Times: user=0.01 sys=0.00, real=0.00 secs] 
219.404: Total time for which application threads were stopped: 0.0023290 seconds, Stopping threads took: 0.0000730 seconds
219.437: Application time: 0.0335740 seconds
219.437: [GC [PSYoungGen: 20253K->2416K(20480K)] 50716K->36975K(66560K), 0.0018390 secs] [Times: user=0.01 sys=0.00, real=0.01 secs] 
219.439: Total time for which application threads were stopped: 0.0019820 seconds, Stopping threads took: 0.0000690 seconds
219.471: Application time: 0.0321030 seconds
219.471: [GC [PSYoungGen: 19571K->2464K(20480K)] 54130K->41119K(66560K), 0.0018140 secs] [Times: user=0.02 sys=0.00, real=0.00 secs] 
219.473: Total time for which application threads were stopped: 0.0019550 seconds, Stopping threads took: 0.0000640 seconds
219.508: Application time: 0.0343540 seconds
219.508: [GC [PSYoungGen: 20384K->2480K(20480K)] 59039K->45231K(66560K), 0.0018620 secs] [Times: user=0.01 sys=0.00, real=0.00 secs] 
219.510: [Full GC [PSYoungGen: 2480K->0K(20480K)] [ParOldGen: 42751K->9969K(46080K)] 45231K->9969K(66560K) [PSPermGen: 5528K->5528K(21504K)], 0.0061790 secs] [Times: user=0.03 sys=0.00, real=0.01 secs] 
219.516: Total time for which application threads were stopped: 0.0082240 seconds, Stopping threads took: 0.0000690 seconds
219.547: Application time: 0.0308330 seconds
219.547: [GC [PSYoungGen: 17125K->2304K(20480K)] 27095K->16369K(66560K), 0.0016620 secs] [Times: user=0.01 sys=0.00, real=0.00 secs] 
219.549: Total time for which application threads were stopped: 0.0018140 seconds, Stopping threads took: 0.0000770 seconds
219.582: Application time: 0.0339150 seconds
219.583: [GC [PSYoungGen: 20186K->2304K(20480K)] 34252K->20465K(66560K), 0.0016880 secs] [Times: user=0.01 sys=0.00, real=0.00 secs] 
219.584: Total time for which application threads were stopped: 0.0018310 seconds, Stopping threads took: 0.0000750 seconds
219.612: Application time: 0.0277390 seconds
219.612: [GC [PSYoungGen: 19293K->2304K(20480K)] 37455K->24561K(66560K), 0.0017640 secs] [Times: user=0.01 sys=0.00, real=0.00 secs] 
219.614: Total time for which application threads were stopped: 0.0019160 seconds, Stopping threads took: 0.0000800 seconds
219.647: Application time: 0.0328750 seconds
219.647: [GC [PSYoungGen: 20174K->2272K(20480K)] 42432K->28625K(66560K), 0.0018600 secs] [Times: user=0.01 sys=0.00, real=0.00 secs] 
219.649: Total time for which application threads were stopped: 0.0020110 seconds, Stopping threads took: 0.0000790 seconds
219.682: Application time: 0.0333800 seconds
219.682: [GC [PSYoungGen: 19427K->2304K(20480K)] 45781K->32753K(66560K), 0.0017600 secs] [Times: user=0.02 sys=0.00, real=0.00 secs] 
219.684: Total time for which application threads were stopped: 0.0019200 seconds, Stopping threads took: 0.0000830 seconds
219.716: Application time: 0.0319030 seconds
219.716: [GC [PSYoungGen: 19242K->2304K(20480K)] 49692K->36849K(66560K), 0.0017240 secs] [Times: user=0.01 sys=0.00, real=0.00 secs] 
219.718: Total time for which application threads were stopped: 0.0018550 seconds, Stopping threads took: 0.0000610 seconds
219.750: Application time: 0.0317920 seconds
219.750: [GC [PSYoungGen: 19323K->2320K(20480K)] 53869K->40962K(66560K), 0.0018300 secs] [Times: user=0.01 sys=0.00, real=0.01 secs] 
219.752: Total time for which application threads were stopped: 0.0019990 seconds, Stopping threads took: 0.0000840 seconds
219.784: Application time: 0.0322830 seconds
219.784: [GC [PSYoungGen: 20240K->2304K(20480K)] 58882K->45042K(66560K), 0.0017420 secs] [Times: user=0.01 sys=0.00, real=0.00 secs] 
219.786: [Full GC [PSYoungGen: 2304K->0K(20480K)] [ParOldGen: 42738K->9987K(46080K)] 45042K->9987K(66560K) [PSPermGen: 5528K->5528K(21504K)], 0.0059890 secs] [Times: user=0.02 sys=0.00, real=0.01 secs] 
219.792: Total time for which application threads were stopped: 0.0079180 seconds, Stopping threads took: 0.0000670 seconds
219.825: Application time: 0.0328020 seconds
219.825: [GC [PSYoungGen: 17108K->2304K(20480K)] 27095K->15363K(66560K), 0.0014870 secs] [Times: user=0.01 sys=0.00, real=0.00 secs] 
219.826: Total time for which application threads were stopped: 0.0016520 seconds, Stopping threads took: 0.0000800 seconds
219.859: Application time: 0.0321930 seconds
219.859: [GC [PSYoungGen: 19315K->2304K(20480K)] 32375K->17411K(66560K), 0.0011780 secs] [Times: user=0.00 sys=0.00, real=0.00 secs] 
219.860: Total time for which application threads were stopped: 0.0013360 seconds, Stopping threads took: 0.0000880 seconds
219.893: Application time: 0.0332390 seconds
219.893: [GC [PSYoungGen: 19375K->2304K(20480K)] 34483K->19459K(66560K), 0.0012230 secs] [Times: user=0.01 sys=0.00, real=0.00 secs] 
219.895: Total time for which application threads were stopped: 0.0013970 seconds, Stopping threads took: 0.0001020 seconds
219.924: Application time: 0.0295520 seconds
219.924: [GC [PSYoungGen: 19277K->2352K(20480K)] 36432K->21555K(66560K), 0.0011630 secs] [Times: user=0.01 sys=0.00, real=0.00 secs] 
219.925: Total time for which application threads were stopped: 0.0012960 seconds, Stopping threads took: 0.0000630 seconds
219.959: Application time: 0.0332250 seconds
219.963: [GC [PSYoungGen: 19491K->2400K(20480K)] 38695K->22627K(66560K), 0.0009810 secs] [Times: user=0.00 sys=0.00, real=0.00 secs] 
219.964: Total time for which application threads were stopped: 0.0049160 seconds, Stopping threads took: 0.0038680 seconds
219.991: Application time: 0.0275270 seconds
219.991: [GC [PSYoungGen: 20315K->2448K(20480K)] 40543K->25747K(66560K), 0.0014800 secs] [Times: user=0.01 sys=0.00, real=0.00 secs] 
219.993: Total time for which application threads were stopped: 0.0016320 seconds, Stopping threads took: 0.0000790 seconds
220.027: Application time: 0.0342970 seconds
220.027: [GC [PSYoungGen: 20368K->2464K(20480K)] 43667K->27811K(66560K), 0.0012070 secs] [Times: user=0.01 sys=0.00, real=0.00 secs] 
220.028: Total time for which application threads were stopped: 0.0013360 seconds, Stopping threads took: 0.0000580 seconds
220.059: Application time: 0.0310590 seconds
220.063: [GC [PSYoungGen: 19673K->2496K(20480K)] 45021K->29891K(66560K), 0.0012610 secs] [Times: user=0.00 sys=0.00, real=0.00 secs] 
220.064: Total time for which application threads were stopped: 0.0044630 seconds, Stopping threads took: 0.0031290 seconds
220.096: Application time: 0.0324590 seconds
220.096: [GC [PSYoungGen: 20337K->2480K(20480K)] 47732K->30899K(66560K), 0.0010220 secs] [Times: user=0.01 sys=0.00, real=0.00 secs] 
220.098: Total time for which application threads were stopped: 0.0011840 seconds, Stopping threads took: 0.0000940 seconds
220.130: Application time: 0.0322190 seconds
220.130: [GC [PSYoungGen: 19686K->2512K(20480K)] 48106K->32980K(66560K), 0.0012460 secs] [Times: user=0.00 sys=0.01, real=0.01 secs] 
220.131: Total time for which application threads were stopped: 0.0013930 seconds, Stopping threads took: 0.0000770 seconds
220.164: Application time: 0.0332990 seconds
220.165: [GC [PSYoungGen: 20304K->2528K(20480K)] 50772K->35043K(66560K), 0.0012210 secs] [Times: user=0.01 sys=0.00, real=0.00 secs] 
220.166: Total time for which application threads were stopped: 0.0013720 seconds, Stopping threads took: 0.0000800 seconds
220.199: Application time: 0.0328170 seconds
220.199: [GC [PSYoungGen: 19802K->2496K(20480K)] 52318K->36036K(66560K), 0.0010300 secs] [Times: user=0.01 sys=0.00, real=0.00 secs] 
220.200: Total time for which application threads were stopped: 0.0011640 seconds, Stopping threads took: 0.0000680 seconds
220.230: Application time: 0.0306150 seconds
220.231: [GC [PSYoungGen: 20140K->2528K(20480K)] 53680K->40164K(66560K), 0.0018080 secs] [Times: user=0.01 sys=0.00, real=0.00 secs] 
220.232: Total time for which application threads were stopped: 0.0019890 seconds, Stopping threads took: 0.0001120 seconds
220.267: Application time: 0.0347370 seconds
220.267: [GC [PSYoungGen: 19878K->2464K(20480K)] 57514K->42148K(66560K), 0.0012580 secs] [Times: user=0.00 sys=0.00, real=0.00 secs] 
220.269: Total time for which application threads were stopped: 0.0014050 seconds, Stopping threads took: 0.0000770 seconds
220.298: Application time: 0.0293420 seconds
220.298: [GC [PSYoungGen: 20130K->2528K(20480K)] 59814K->46308K(66560K), 0.0017560 secs] [Times: user=0.01 sys=0.00, real=0.01 secs] 
220.300: [Full GC [PSYoungGen: 2528K->0K(20480K)] [ParOldGen: 43780K->9973K(46080K)] 46308K->9973K(66560K) [PSPermGen: 5528K->5528K(21504K)], 0.0061300 secs] [Times: user=0.03 sys=0.00, real=0.00 secs] 
220.306: Total time for which application threads were stopped: 0.0080750 seconds, Stopping threads took: 0.0000670 seconds
220.340: Application time: 0.0336280 seconds
220.340: [GC [PSYoungGen: 17233K->2304K(20480K)] 27207K->15349K(66560K), 0.0013740 secs] [Times: user=0.00 sys=0.00, real=0.00 secs] 
220.341: Total time for which application threads were stopped: 0.0015200 seconds, Stopping threads took: 0.0000720 seconds
220.368: Application time: 0.0265780 seconds
220.368: [GC [PSYoungGen: 20004K->2304K(20480K)] 33050K->20469K(66560K), 0.0020420 secs] [Times: user=0.01 sys=0.00, real=0.00 secs] 
220.370: Total time for which application threads were stopped: 0.0022110 seconds, Stopping threads took: 0.0000940 seconds
220.403: Application time: 0.0333790 seconds
220.403: [GC [PSYoungGen: 19371K->2304K(20480K)] 37536K->24565K(66560K), 0.0017940 secs] [Times: user=0.01 sys=0.00, real=0.00 secs] 
220.405: Total time for which application threads were stopped: 0.0019620 seconds, Stopping threads took: 0.0000950 seconds
220.435: Application time: 0.0302330 seconds
220.436: [GC [PSYoungGen: 19249K->2272K(20480K)] 41511K->29653K(66560K), 0.0020250 secs] [Times: user=0.01 sys=0.00, real=0.00 secs] 
220.438: Total time for which application threads were stopped: 0.0021640 seconds, Stopping threads took: 0.0000630 seconds
220.471: Application time: 0.0335800 seconds
220.471: [GC [PSYoungGen: 19315K->2272K(20480K)] 46697K->33749K(66560K), 0.0018080 secs] [Times: user=0.01 sys=0.00, real=0.00 secs] 
220.473: Total time for which application threads were stopped: 0.0019460 seconds, Stopping threads took: 0.0000620 seconds
220.501: Application time: 0.0280940 seconds
220.501: [GC [PSYoungGen: 19194K->2304K(20480K)] 50671K->37877K(66560K), 0.0018020 secs] [Times: user=0.01 sys=0.00, real=0.00 secs] 
220.503: Total time for which application threads were stopped: 0.0019510 seconds, Stopping threads took: 0.0000750 seconds
220.537: Application time: 0.0336210 seconds
220.537: [GC [PSYoungGen: 19301K->2304K(20480K)] 54875K->42997K(66560K), 0.0020530 secs] [Times: user=0.01 sys=0.00, real=0.01 secs] 
220.539: [Full GC [PSYoungGen: 2304K->0K(20480K)] [ParOldGen: 40693K->10989K(46080K)] 42997K->10989K(66560K) [PSPermGen: 5528K->5528K(21504K)], 0.0062120 secs] [Times: user=0.03 sys=0.00, real=0.00 secs] 
220.545: Total time for which application threads were stopped: 0.0084610 seconds, Stopping threads took: 0.0000750 seconds
220.576: Application time: 0.0311040 seconds
220.579: [GC [PSYoungGen: 16985K->2304K(20480K)] 27974K->17389K(66560K), 0.0017740 secs] [Times: user=0.01 sys=0.00, real=0.00 secs] 
220.580: Total time for which application threads were stopped: 0.0039420 seconds, Stopping threads took: 0.0020930 seconds
220.613: Application time: 0.0330640 seconds
220.614: [GC [PSYoungGen: 19398K->2336K(20480K)] 34483K->21517K(66560K), 0.0018370 secs] [Times: user=0.01 sys=0.00, real=0.00 secs] 
220.615: Total time for which application threads were stopped: 0.0019870 seconds, Stopping threads took: 0.0000670 seconds
220.647: Application time: 0.0314110 seconds
220.647: [GC [PSYoungGen: 19397K->2368K(20480K)] 38578K->25645K(66560K), 0.0017000 secs] [Times: user=0.01 sys=0.00, real=0.00 secs] 
220.649: Total time for which application threads were stopped: 0.0018400 seconds, Stopping threads took: 0.0000670 seconds
220.682: Application time: 0.0330250 seconds
220.682: [GC [PSYoungGen: 19522K->2368K(20480K)] 42799K->27693K(66560K), 0.0012520 secs] [Times: user=0.01 sys=0.00, real=0.00 secs] 
220.683: Total time for which application threads were stopped: 0.0014040 seconds, Stopping threads took: 0.0000820 seconds
220.713: Application time: 0.0300860 seconds
220.713: [GC [PSYoungGen: 19534K->2448K(20480K)] 44859K->30845K(66560K), 0.0014910 secs] [Times: user=0.01 sys=0.00, real=0.00 secs] 
220.715: Total time for which application threads were stopped: 0.0016260 seconds, Stopping threads took: 0.0000650 seconds
220.748: Application time: 0.0330900 seconds
220.748: [GC [PSYoungGen: 20247K->2480K(20480K)] 48645K->32925K(66560K), 0.0012400 secs] [Times: user=0.01 sys=0.00, real=0.00 secs] 
220.749: Total time for which application threads were stopped: 0.0013910 seconds, Stopping threads took: 0.0000780 seconds
220.782: Application time: 0.0330090 seconds
220.782: [GC [PSYoungGen: 19817K->2464K(20480K)] 50263K->34957K(66560K), 0.0011950 secs] [Times: user=0.01 sys=0.00, real=0.00 secs] 
220.784: Total time for which application threads were stopped: 0.0013360 seconds, Stopping threads took: 0.0000670 seconds
220.814: Application time: 0.0308460 seconds
220.815: [GC [PSYoungGen: 20087K->2512K(20480K)] 52581K->38077K(66560K), 0.0015730 secs] [Times: user=0.01 sys=0.00, real=0.00 secs] 
220.816: Total time for which application threads were stopped: 0.0017130 seconds, Stopping threads took: 0.0000640 seconds
220.847: Application time: 0.0305470 seconds
220.847: [GC [PSYoungGen: 19669K->2528K(20480K)] 55234K->41165K(66560K), 0.0015590 secs] [Times: user=0.01 sys=0.00, real=0.00 secs] 
220.849: Total time for which application threads were stopped: 0.0017880 seconds, Stopping threads took: 0.0001440 seconds
220.882: Application time: 0.0334980 seconds
220.882: [GC [PSYoungGen: 20295K->2512K(20480K)] 58933K->44221K(66560K), 0.0015620 secs] [Times: user=0.01 sys=0.00, real=0.00 secs] 
220.884: [Full GC [PSYoungGen: 2512K->0K(20480K)] [ParOldGen: 41709K->8951K(46080K)] 44221K->8951K(66560K) [PSPermGen: 5528K->5528K(21504K)], 0.0059870 secs] [Times: user=0.02 sys=0.00, real=0.00 secs] 
220.890: Total time for which application threads were stopped: 0.0077600 seconds, Stopping threads took: 0.0000920 seconds
220.923: Application time: 0.0330080 seconds
220.923: [GC [PSYoungGen: 17302K->2304K(20480K)] 26254K->15351K(66560K), 0.0017940 secs] [Times: user=0.01 sys=0.00, real=0.00 secs] 
220.925: Total time for which application threads were stopped: 0.0019320 seconds, Stopping threads took: 0.0000650 seconds
220.958: Application time: 0.0330060 seconds
220.958: [GC [PSYoungGen: 20013K->2304K(20480K)] 33061K->19447K(66560K), 0.0017530 secs] [Times: user=0.01 sys=0.00, real=0.01 secs] 
220.960: Total time for which application threads were stopped: 0.0018970 seconds, Stopping threads took: 0.0000670 seconds
220.993: Application time: 0.0333770 seconds
220.993: [GC [PSYoungGen: 19680K->2304K(20480K)] 36823K->23543K(66560K), 0.0018540 secs] [Times: user=0.01 sys=0.00, real=0.00 secs] 
220.995: Total time for which application threads were stopped: 0.0020000 seconds, Stopping threads took: 0.0000730 seconds
221.026: Application time: 0.0304810 seconds
221.026: [GC [PSYoungGen: 19865K->2304K(20480K)] 41104K->26615K(66560K), 0.0015460 secs] [Times: user=0.01 sys=0.00, real=0.00 secs] 
221.027: Total time for which application threads were stopped: 0.0016980 seconds, Stopping threads took: 0.0000810 seconds
221.061: Application time: 0.0337810 seconds
221.061: [GC [PSYoungGen: 19757K->2304K(20480K)] 44069K->30711K(66560K), 0.0017530 secs] [Times: user=0.01 sys=0.00, real=0.00 secs] 
221.063: Total time for which application threads were stopped: 0.0019040 seconds, Stopping threads took: 0.0000650 seconds
221.095: Application time: 0.0324810 seconds
221.096: [GC [PSYoungGen: 19907K->2320K(20480K)] 48315K->32775K(66560K), 0.0012280 secs] [Times: user=0.01 sys=0.00, real=0.00 secs] 
221.097: Total time for which application threads were stopped: 0.0013550 seconds, Stopping threads took: 0.0000600 seconds
221.130: Application time: 0.0331390 seconds
221.130: [GC [PSYoungGen: 19749K->2304K(20480K)] 50205K->35832K(66560K), 0.0014690 secs] [Times: user=0.01 sys=0.00, real=0.01 secs] 
221.132: Total time for which application threads were stopped: 0.0016100 seconds, Stopping threads took: 0.0000700 seconds
221.163: Application time: 0.0315460 seconds
221.163: [GC [PSYoungGen: 19868K->2320K(20480K)] 53396K->37896K(66560K), 0.0011980 secs] [Times: user=0.01 sys=0.00, real=0.00 secs] 
221.164: Total time for which application threads were stopped: 0.0013380 seconds, Stopping threads took: 0.0000720 seconds
221.198: Application time: 0.0331440 seconds
221.198: [GC [PSYoungGen: 19729K->2304K(20480K)] 55305K->40952K(66560K), 0.0014750 secs] [Times: user=0.01 sys=0.00, real=0.01 secs] 
221.199: Total time for which application threads were stopped: 0.0016280 seconds, Stopping threads took: 0.0000780 seconds
221.229: Application time: 0.0296190 seconds
221.229: [GC [PSYoungGen: 19759K->2304K(20480K)] 58407K->44024K(66560K), 0.0013740 secs] [Times: user=0.01 sys=0.00, real=0.00 secs] 
221.230: [Full GC [PSYoungGen: 2304K->0K(20480K)] [ParOldGen: 41720K->8970K(46080K)] 44024K->8970K(66560K) [PSPermGen: 5528K->5528K(21504K)], 0.0057510 secs] [Times: user=0.02 sys=0.00, real=0.01 secs] 
221.236: Total time for which application threads were stopped: 0.0072980 seconds, Stopping threads took: 0.0000590 seconds
221.270: Application time: 0.0334120 seconds
221.270: [GC [PSYoungGen: 17454K->2320K(20480K)] 26424K->14362K(66560K), 0.0015110 secs] [Times: user=0.01 sys=0.00, real=0.01 secs] 
221.271: Total time for which application threads were stopped: 0.0016520 seconds, Stopping threads took: 0.0000690 seconds
221.298: Application time: 0.0263630 seconds
221.298: [GC [PSYoungGen: 19644K->2304K(20480K)] 31687K->18442K(66560K), 0.0017860 secs] [Times: user=0.01 sys=0.00, real=0.01 secs] 
221.299: Total time for which application threads were stopped: 0.0019390 seconds, Stopping threads took: 0.0000820 seconds
221.339: Application time: 0.0395500 seconds
221.339: [GC [PSYoungGen: 20176K->2352K(20480K)] 36315K->21562K(66560K), 0.0014950 secs] [Times: user=0.01 sys=0.00, real=0.00 secs] 
221.341: Total time for which application threads were stopped: 0.0016470 seconds, Stopping threads took: 0.0000800 seconds
221.368: Application time: 0.0270720 seconds
221.368: [GC [PSYoungGen: 19768K->2304K(20480K)] 38979K->25610K(66560K), 0.0017250 secs] [Times: user=0.01 sys=0.00, real=0.00 secs] 
221.370: Total time for which application threads were stopped: 0.0018920 seconds, Stopping threads took: 0.0000850 seconds
221.407: Application time: 0.0371230 seconds
221.407: [GC [PSYoungGen: 20221K->2448K(20480K)] 43528K->27802K(66560K), 0.0013720 secs] [Times: user=0.00 sys=0.00, real=0.00 secs] 
221.408: Total time for which application threads were stopped: 0.0015080 seconds, Stopping threads took: 0.0000680 seconds
221.435: Application time: 0.0269180 seconds
221.435: [GC [PSYoungGen: 19957K->2352K(20480K)] 45312K->31802K(66560K), 0.0018550 secs] [Times: user=0.01 sys=0.00, real=0.00 secs] 
221.437: Total time for which application threads were stopped: 0.0019990 seconds, Stopping threads took: 0.0000760 seconds
221.474: Application time: 0.0372880 seconds
221.475: [GC [PSYoungGen: 19878K->2480K(20480K)] 49329K->33978K(66560K), 0.0012830 secs] [Times: user=0.01 sys=0.00, real=0.00 secs] 
221.476: Total time for which application threads were stopped: 0.0014470 seconds, Stopping threads took: 0.0000940 seconds
221.503: Application time: 0.0271920 seconds
221.503: [GC [PSYoungGen: 20102K->2480K(20480K)] 51601K->38075K(66560K), 0.0018310 secs] [Times: user=0.01 sys=0.00, real=0.00 secs] 
221.505: Total time for which application threads were stopped: 0.0019680 seconds, Stopping threads took: 0.0000660 seconds
221.544: Application time: 0.0384290 seconds
221.544: [GC [PSYoungGen: 19970K->2464K(20480K)] 55565K->39083K(66560K), 0.0010120 secs] [Times: user=0.00 sys=0.00, real=0.00 secs] 
221.545: Total time for which application threads were stopped: 0.0011500 seconds, Stopping threads took: 0.0000720 seconds
221.570: Application time: 0.0257070 seconds
221.571: [GC [PSYoungGen: 20098K->2496K(20480K)] 56717K->44235K(66560K), 0.0020950 secs] [Times: user=0.01 sys=0.00, real=0.00 secs] 
221.573: [Full GC [PSYoungGen: 2496K->0K(20480K)] [ParOldGen: 41739K->10993K(46080K)] 44235K->10993K(66560K) [PSPermGen: 5528K->5528K(21504K)], 0.0066230 secs] [Times: user=0.03 sys=0.00, real=0.01 secs] 
221.579: Total time for which application threads were stopped: 0.0089210 seconds, Stopping threads took: 0.0000840 seconds
221.616: Application time: 0.0365400 seconds
221.616: [GC [PSYoungGen: 17057K->2304K(20480K)] 28051K->15345K(66560K), 0.0011630 secs] [Times: user=0.00 sys=0.00, real=0.00 secs] 
221.617: Total time for which application threads were stopped: 0.0013210 seconds, Stopping threads took: 0.0000900 seconds
221.646: Application time: 0.0288510 seconds
221.646: [GC [PSYoungGen: 19257K->2304K(20480K)] 32299K->18417K(66560K), 0.0014900 secs] [Times: user=0.01 sys=0.00, real=0.00 secs] 
221.648: Total time for which application threads were stopped: 0.0016360 seconds, Stopping threads took: 0.0000760 seconds
221.682: Application time: 0.0341920 seconds
221.682: [GC [PSYoungGen: 20224K->2304K(20480K)] 36337K->21489K(66560K), 0.0014870 secs] [Times: user=0.01 sys=0.00, real=0.00 secs] 
221.684: Total time for which application threads were stopped: 0.0016420 seconds, Stopping threads took: 0.0000860 seconds
221.712: Application time: 0.0281720 seconds
221.712: [GC [PSYoungGen: 19319K->2320K(20480K)] 38505K->25601K(66560K), 0.0017290 secs] [Times: user=0.01 sys=0.00, real=0.00 secs] 
221.714: Total time for which application threads were stopped: 0.0018730 seconds, Stopping threads took: 0.0000760 seconds
221.750: Application time: 0.0366340 seconds
221.750: [GC [PSYoungGen: 20240K->2304K(20480K)] 43521K->27633K(66560K), 0.0012720 secs] [Times: user=0.01 sys=0.00, real=0.01 secs] 
221.752: Total time for which application threads were stopped: 0.0014200 seconds, Stopping threads took: 0.0000810 seconds
221.778: Application time: 0.0263330 seconds
221.778: [GC [PSYoungGen: 19304K->2304K(20480K)] 44634K->31729K(66560K), 0.0017420 secs] [Times: user=0.01 sys=0.00, real=0.01 secs] 
221.780: Total time for which application threads were stopped: 0.0018960 seconds, Stopping threads took: 0.0000820 seconds
221.818: Application time: 0.0380870 seconds
221.818: [GC [PSYoungGen: 20224K->2304K(20480K)] 49649K->34801K(66560K), 0.0013880 secs] [Times: user=0.01 sys=0.00, real=0.01 secs] 
221.819: Total time for which application threads were stopped: 0.0015370 seconds, Stopping threads took: 0.0000780 seconds
221.846: Application time: 0.0262520 seconds
221.846: [GC [PSYoungGen: 19395K->2304K(20480K)] 51893K->38897K(66560K), 0.0017490 secs] [Times: user=0.01 sys=0.00, real=0.00 secs] 
221.848: Total time for which application threads were stopped: 0.0019200 seconds, Stopping threads took: 0.0001000 seconds
221.883: Application time: 0.0351320 seconds
221.883: [GC [PSYoungGen: 20079K->2240K(20480K)] 56673K->42929K(66560K), 0.0017730 secs] [Times: user=0.01 sys=0.00, real=0.00 secs] 
221.885: [Full GC [PSYoungGen: 2240K->0K(20480K)] [ParOldGen: 40689K->9969K(46080K)] 42929K->9969K(66560K) [PSPermGen: 5528K->5528K(21504K)], 0.0061680 secs] [Times: user=0.02 sys=0.00, real=0.01 secs] 
221.891: Total time for which application threads were stopped: 0.0081370 seconds, Stopping threads took: 0.0000690 seconds
221.921: Application time: 0.0297500 seconds
221.921: [GC [PSYoungGen: 17190K->2272K(20480K)] 27159K->16337K(66560K), 0.0017860 secs] [Times: user=0.02 sys=0.00, real=0.00 secs] 
221.923: Total time for which application threads were stopped: 0.0019390 seconds, Stopping threads took: 0.0000740 seconds
221.959: Application time: 0.0367110 seconds
221.959: [GC [PSYoungGen: 20151K->2304K(20480K)] 34217K->19441K(66560K), 0.0015040 secs] [Times: user=0.01 sys=0.00, real=0.00 secs] 
221.961: Total time for which application threads were stopped: 0.0016340 seconds, Stopping threads took: 0.0000590 seconds
221.990: Application time: 0.0292970 seconds
221.990: [GC [PSYoungGen: 19499K->2272K(20480K)] 36637K->23505K(66560K), 0.0017430 secs] [Times: user=0.01 sys=0.00, real=0.01 secs] 
221.992: Total time for which application threads were stopped: 0.0019030 seconds, Stopping threads took: 0.0000860 seconds
222.026: Application time: 0.0337820 seconds
222.026: [GC [PSYoungGen: 20107K->2336K(20480K)] 41341K->26641K(66560K), 0.0014690 secs] [Times: user=0.01 sys=0.00, real=0.00 secs] 
222.028: Total time for which application threads were stopped: 0.0016280 seconds, Stopping threads took: 0.0000850 seconds
222.060: Application time: 0.0320860 seconds
222.060: [GC [PSYoungGen: 19652K->2304K(20480K)] 43958K->31729K(66560K), 0.0019540 secs] [Times: user=0.01 sys=0.00, real=0.00 secs] 
222.062: Total time for which application threads were stopped: 0.0021230 seconds, Stopping threads took: 0.0000940 seconds
222.096: Application time: 0.0342820 seconds
222.096: [GC [PSYoungGen: 20124K->2384K(20480K)] 49550K->33858K(66560K), 0.0011860 secs] [Times: user=0.00 sys=0.00, real=0.00 secs] 
222.097: Total time for which application threads were stopped: 0.0013240 seconds, Stopping threads took: 0.0000730 seconds
222.129: Application time: 0.0312500 seconds
222.129: [GC [PSYoungGen: 20042K->2432K(20480K)] 51516K->39026K(66560K), 0.0020620 secs] [Times: user=0.01 sys=0.00, real=0.01 secs] 
222.131: Total time for which application threads were stopped: 0.0022140 seconds, Stopping threads took: 0.0000770 seconds
222.159: Application time: 0.0276500 seconds
222.159: [GC [PSYoungGen: 19746K->2464K(20480K)] 56340K->42130K(66560K), 0.0015440 secs] [Times: user=0.01 sys=0.00, real=0.00 secs] 
222.160: Total time for which application threads were stopped: 0.0016760 seconds, Stopping threads took: 0.0000620 seconds
222.193: Application time: 0.0331870 seconds
222.195: [GC [PSYoungGen: 20321K->2432K(20480K)] 59987K->47218K(66560K), 0.0022060 secs] [Times: user=0.02 sys=0.00, real=0.00 secs] 
222.197: [Full GC [PSYoungGen: 2432K->0K(20480K)] [ParOldGen: 44786K->10990K(46080K)] 47218K->10990K(66560K) [PSPermGen: 5528K->5528K(21504K)], 0.0064130 secs] [Times: user=0.03 sys=0.00, real=0.01 secs] 
222.203: Total time for which application threads were stopped: 0.0098430 seconds, Stopping threads took: 0.0011010 seconds
222.236: Application time: 0.0323490 seconds
222.236: [GC [PSYoungGen: 17279K->2304K(20480K)] 28269K->15342K(66560K), 0.0011450 secs] [Times: user=0.00 sys=0.00, real=0.00 secs] 
222.237: Total time for which application threads were stopped: 0.0013120 seconds, Stopping threads took: 0.0000970 seconds
222.273: Application time: 0.0356520 seconds
222.273: [GC [PSYoungGen: 20214K->2336K(20480K)] 33253K->19470K(66560K), 0.0017550 secs] [Times: user=0.01 sys=0.00, real=0.00 secs] 
222.274: Total time for which application threads were stopped: 0.0019070 seconds, Stopping threads took: 0.0000670 seconds
222.304: Application time: 0.0293010 seconds
222.304: [GC [PSYoungGen: 19514K->2304K(20480K)] 36648K->22510K(66560K), 0.0014910 secs] [Times: user=0.01 sys=0.00, real=0.00 secs] 
222.305: Total time for which application threads were stopped: 0.0016370 seconds, Stopping threads took: 0.0000760 seconds
222.340: Application time: 0.0346610 seconds
222.340: [GC [PSYoungGen: 20106K->2336K(20480K)] 40312K->26638K(66560K), 0.0018360 secs] [Times: user=0.01 sys=0.00, real=0.00 secs] 
222.342: Total time for which application threads were stopped: 0.0019930 seconds, Stopping threads took: 0.0000830 seconds
222.373: Application time: 0.0304630 seconds
222.373: [GC [PSYoungGen: 19585K->2304K(20480K)] 43888K->29678K(66560K), 0.0014750 secs] [Times: user=0.01 sys=0.00, real=0.00 secs] 
222.374: Total time for which application threads were stopped: 0.0016100 seconds, Stopping threads took: 0.0000640 seconds
222.409: Application time: 0.0349020 seconds
222.409: [GC [PSYoungGen: 20108K->2304K(20480K)] 47482K->33774K(66560K), 0.0018320 secs] [Times: user=0.01 sys=0.00, real=0.01 secs] 
222.411: Total time for which application threads were stopped: 0.0019960 seconds, Stopping threads took: 0.0000830 seconds
222.438: Application time: 0.0272560 seconds
222.438: [GC [PSYoungGen: 19502K->2272K(20480K)] 50972K->38862K(66560K), 0.0020750 secs] [Times: user=0.02 sys=0.00, real=0.01 secs] 
222.441: Total time for which application threads were stopped: 0.0022470 seconds, Stopping threads took: 0.0000950 seconds
222.479: Application time: 0.0384480 seconds
222.479: [GC [PSYoungGen: 20129K->2320K(20480K)] 56720K->41982K(66560K), 0.0015720 secs] [Times: user=0.01 sys=0.00, real=0.00 secs] 
222.481: Total time for which application threads were stopped: 0.0017190 seconds, Stopping threads took: 0.0000700 seconds
222.507: Application time: 0.0263600 seconds
222.507: [GC [PSYoungGen: 19497K->2336K(20480K)] 59160K->46095K(66560K), 0.0017440 secs] [Times: user=0.02 sys=0.00, real=0.00 secs] 
222.509: [Full GC [PSYoungGen: 2336K->0K(20480K)] [ParOldGen: 43758K->9991K(46080K)] 46095K->9991K(66560K) [PSPermGen: 5528K->5528K(21504K)], 0.0060190 secs] [Times: user=0.02 sys=0.00, real=0.01 secs] 
222.515: Total time for which application threads were stopped: 0.0079430 seconds, Stopping threads took: 0.0000590 seconds
222.555: Application time: 0.0397270 seconds
222.555: [GC [PSYoungGen: 17879K->2304K(20480K)] 27871K->14343K(66560K), 0.0012560 secs] [Times: user=0.01 sys=0.00, real=0.00 secs] 
222.556: Total time for which application threads were stopped: 0.0013960 seconds, Stopping threads took: 0.0000700 seconds
222.583: Application time: 0.0266440 seconds
222.583: [GC [PSYoungGen: 19489K->2304K(20480K)] 31529K->18440K(66560K), 0.0016380 secs] [Times: user=0.01 sys=0.00, real=0.00 secs] 
222.585: Total time for which application threads were stopped: 0.0017750 seconds, Stopping threads took: 0.0000670 seconds
222.619: Application time: 0.0345590 seconds
222.619: [GC [PSYoungGen: 19704K->2304K(20480K)] 35840K->21512K(66560K), 0.0016070 secs] [Times: user=0.01 sys=0.00, real=0.00 secs] 
222.621: Total time for which application threads were stopped: 0.0017610 seconds, Stopping threads took: 0.0000750 seconds
222.647: Application time: 0.0257170 seconds
222.647: [GC [PSYoungGen: 19755K->2272K(20480K)] 38963K->25576K(66560K), 0.0017630 secs] [Times: user=0.01 sys=0.00, real=0.00 secs] 
222.649: Total time for which application threads were stopped: 0.0019790 seconds, Stopping threads took: 0.0001430 seconds
222.689: Application time: 0.0400570 seconds
222.689: [GC [PSYoungGen: 19826K->2304K(20480K)] 43130K->28680K(66560K), 0.0015110 secs] [Times: user=0.01 sys=0.00, real=0.00 secs] 
222.690: Total time for which application threads were stopped: 0.0016690 seconds, Stopping threads took: 0.0000890 seconds
222.716: Application time: 0.0260790 seconds
222.717: [GC [PSYoungGen: 19816K->2240K(20480K)] 46193K->32712K(66560K), 0.0017760 secs] [Times: user=0.01 sys=0.00, real=0.00 secs] 
222.718: Total time for which application threads were stopped: 0.0019320 seconds, Stopping threads took: 0.0000830 seconds
222.758: Application time: 0.0398450 seconds
222.758: [GC [PSYoungGen: 19809K->2320K(20480K)] 50281K->34840K(66560K), 0.0012760 secs] [Times: user=0.00 sys=0.00, real=0.01 secs] 
222.760: Total time for which application threads were stopped: 0.0014240 seconds, Stopping threads took: 0.0000780 seconds
222.786: Application time: 0.0259690 seconds
222.786: [GC [PSYoungGen: 19851K->2272K(20480K)] 52372K->37864K(66560K), 0.0014590 secs] [Times: user=0.01 sys=0.00, real=0.00 secs] 
222.787: Total time for which application threads were stopped: 0.0016060 seconds, Stopping threads took: 0.0000760 seconds
222.827: Application time: 0.0393180 seconds
222.827: [GC [PSYoungGen: 20061K->2384K(20480K)] 55654K->40024K(66560K), 0.0012130 secs] [Times: user=0.01 sys=0.00, real=0.00 secs] 
222.828: Total time for which application threads were stopped: 0.0013540 seconds, Stopping threads took: 0.0000760 seconds
222.853: Application time: 0.0256210 seconds
222.854: [GC [PSYoungGen: 20137K->2464K(20480K)] 57777K->44200K(66560K), 0.0017980 secs] [Times: user=0.01 sys=0.00, real=0.00 secs] 
222.855: [Full GC [PSYoungGen: 2464K->0K(20480K)] [ParOldGen: 41736K->9974K(46080K)] 44200K->9974K(66560K) [PSPermGen: 5528K->5528K(21504K)], 0.0061580 secs] [Times: user=0.02 sys=0.00, real=0.01 secs] 
222.862: Total time for which application threads were stopped: 0.0081390 seconds, Stopping threads took: 0.0000660 seconds
222.896: Application time: 0.0348630 seconds
222.897: [GC [PSYoungGen: 17241K->2272K(20480K)] 27216K->15318K(66560K), 0.0015440 secs] [Times: user=0.01 sys=0.00, real=0.00 secs] 
222.898: Total time for which application threads were stopped: 0.0017620 seconds, Stopping threads took: 0.0001470 seconds
222.929: Application time: 0.0303080 seconds
222.929: [GC [PSYoungGen: 20173K->2304K(20480K)] 33219K->18422K(66560K), 0.0014320 secs] [Times: user=0.01 sys=0.00, real=0.00 secs] 
222.930: Total time for which application threads were stopped: 0.0015820 seconds, Stopping threads took: 0.0000720 seconds
222.966: Application time: 0.0359470 seconds
222.966: [GC [PSYoungGen: 19583K->2304K(20480K)] 35701K->20470K(66560K), 0.0012470 secs] [Times: user=0.01 sys=0.00, real=0.00 secs] 
222.968: Total time for which application threads were stopped: 0.0013990 seconds, Stopping threads took: 0.0000810 seconds
222.994: Application time: 0.0261990 seconds
222.994: [GC [PSYoungGen: 20089K->2368K(20480K)] 38255K->25654K(66560K), 0.0020660 secs] [Times: user=0.02 sys=0.00, real=0.00 secs] 
222.996: Total time for which application threads were stopped: 0.0022090 seconds, Stopping threads took: 0.0000690 seconds
223.034: Application time: 0.0383830 seconds
223.034: [GC [PSYoungGen: 19508K->2304K(20480K)] 42795K->28662K(66560K), 0.0014800 secs] [Times: user=0.01 sys=0.00, real=0.00 secs] 
223.036: Total time for which application threads were stopped: 0.0016290 seconds, Stopping threads took: 0.0000770 seconds
223.063: Application time: 0.0272370 seconds
223.063: [GC [PSYoungGen: 20223K->2336K(20480K)] 46582K->33814K(66560K), 0.0020170 secs] [Times: user=0.01 sys=0.00, real=0.00 secs] 
223.065: Total time for which application threads were stopped: 0.0021590 seconds, Stopping threads took: 0.0000660 seconds
223.102: Application time: 0.0368730 seconds
223.107: [GC [PSYoungGen: 19375K->2320K(20480K)] 50853K->35846K(66560K), 0.0012460 secs] [Times: user=0.01 sys=0.00, real=0.00 secs] 
223.108: Total time for which application threads were stopped: 0.0055950 seconds, Stopping threads took: 0.0042790 seconds
223.134: Application time: 0.0262410 seconds
223.134: [GC [PSYoungGen: 19284K->2336K(20480K)] 52811K->40982K(66560K), 0.0020910 secs] [Times: user=0.01 sys=0.00, real=0.00 secs] 
223.136: Total time for which application threads were stopped: 0.0022580 seconds, Stopping threads took: 0.0000910 seconds
223.173: Application time: 0.0362170 seconds
223.173: [GC [PSYoungGen: 20134K->2368K(20480K)] 58781K->43062K(66560K), 0.0012120 secs] [Times: user=0.00 sys=0.00, real=0.00 secs] 
223.174: [Full GC [PSYoungGen: 2368K->0K(20480K)] [ParOldGen: 40694K->7952K(46080K)] 43062K->7952K(66560K) [PSPermGen: 5528K->5528K(21504K)], 0.0057610 secs] [Times: user=0.03 sys=0.00, real=0.01 secs] 
223.180: Total time for which application threads were stopped: 0.0071630 seconds, Stopping threads took: 0.0000730 seconds
223.210: Application time: 0.0303650 seconds
223.210: [GC [PSYoungGen: 17273K->2304K(20480K)] 25225K->14352K(66560K), 0.0017800 secs] [Times: user=0.01 sys=0.00, real=0.01 secs] 
223.212: Total time for which application threads were stopped: 0.0019210 seconds, Stopping threads took: 0.0000640 seconds
223.245: Application time: 0.0327590 seconds
223.245: [GC [PSYoungGen: 19920K->2304K(20480K)] 31968K->17424K(66560K), 0.0014930 secs] [Times: user=0.01 sys=0.00, real=0.00 secs] 
223.246: Total time for which application threads were stopped: 0.0016340 seconds, Stopping threads took: 0.0000670 seconds
223.279: Application time: 0.0331220 seconds
223.280: [GC [PSYoungGen: 19736K->2304K(20480K)] 34857K->21520K(66560K), 0.0017730 secs] [Times: user=0.01 sys=0.00, real=0.00 secs] 
223.281: Total time for which application threads were stopped: 0.0019250 seconds, Stopping threads took: 0.0000780 seconds
223.311: Application time: 0.0293040 seconds
223.311: [GC [PSYoungGen: 19722K->2304K(20480K)] 38939K->24592K(66560K), 0.0015150 secs] [Times: user=0.01 sys=0.00, real=0.00 secs] 
223.312: Total time for which application threads were stopped: 0.0016440 seconds, Stopping threads took: 0.0000600 seconds
223.347: Application time: 0.0344830 seconds
223.347: [GC [PSYoungGen: 19802K->2304K(20480K)] 42091K->28688K(66560K), 0.0017380 secs] [Times: user=0.01 sys=0.00, real=0.00 secs] 
223.349: Total time for which application threads were stopped: 0.0018750 seconds, Stopping threads took: 0.0000610 seconds
223.380: Application time: 0.0308900 seconds
223.380: [GC [PSYoungGen: 19838K->2304K(20480K)] 46222K->31760K(66560K), 0.0014430 secs] [Times: user=0.01 sys=0.00, real=0.00 secs] 
223.381: Total time for which application threads were stopped: 0.0016010 seconds, Stopping threads took: 0.0000890 seconds
223.414: Application time: 0.0331940 seconds
223.415: [GC [PSYoungGen: 19767K->2304K(20480K)] 49224K->35856K(66560K), 0.0017670 secs] [Times: user=0.01 sys=0.00, real=0.00 secs] 
223.416: Total time for which application threads were stopped: 0.0019120 seconds, Stopping threads took: 0.0000720 seconds
223.447: Application time: 0.0302820 seconds
223.447: [GC [PSYoungGen: 19772K->2336K(20480K)] 53325K->38960K(66560K), 0.0014270 secs] [Times: user=0.01 sys=0.00, real=0.00 secs] 
223.448: Total time for which application threads were stopped: 0.0015680 seconds, Stopping threads took: 0.0000640 seconds
223.482: Application time: 0.0335120 seconds
223.482: [GC [PSYoungGen: 19912K->2304K(20480K)] 56537K->42000K(66560K), 0.0015430 secs] [Times: user=0.01 sys=0.00, real=0.00 secs] 
223.483: Total time for which application threads were stopped: 0.0017030 seconds, Stopping threads took: 0.0000850 seconds
223.516: Application time: 0.0330120 seconds
223.517: [GC [PSYoungGen: 19959K->2320K(20480K)] 59655K->43040K(66560K), 0.0009790 secs] [Times: user=0.00 sys=0.00, real=0.00 secs] 
223.518: [Full GC [PSYoungGen: 2320K->0K(20480K)] [ParOldGen: 40720K->6906K(46080K)] 43040K->6906K(66560K) [PSPermGen: 5528K->5528K(21504K)], 0.0053830 secs] [Times: user=0.02 sys=0.00, real=0.01 secs] 
223.523: Total time for which application threads were stopped: 0.0065640 seconds, Stopping threads took: 0.0000890 seconds
223.556: Application time: 0.0331310 seconds
223.556: [GC [PSYoungGen: 17784K->2352K(20480K)] 24691K->11306K(66560K), 0.0012450 secs] [Times: user=0.01 sys=0.00, real=0.00 secs] 
223.558: Total time for which application threads were stopped: 0.0014030 seconds, Stopping threads took: 0.0000840 seconds
223.589: Application time: 0.0312160 seconds
223.589: [GC [PSYoungGen: 19950K->2368K(20480K)] 28904K->13370K(66560K), 0.0011850 secs] [Times: user=0.01 sys=0.00, real=0.00 secs] 
223.590: Total time for which application threads were stopped: 0.0013300 seconds, Stopping threads took: 0.0000790 seconds
223.624: Application time: 0.0338980 seconds
223.624: [GC [PSYoungGen: 19956K->2368K(20480K)] 30959K->14394K(66560K), 0.0010800 secs] [Times: user=0.01 sys=0.00, real=0.00 secs] 
223.625: Total time for which application threads were stopped: 0.0012450 seconds, Stopping threads took: 0.0000960 seconds
223.657: Application time: 0.0315430 seconds
223.657: [GC [PSYoungGen: 19893K->2384K(20480K)] 31920K->15434K(66560K), 0.0009240 secs] [Times: user=0.01 sys=0.00, real=0.00 secs] 
223.658: Total time for which application threads were stopped: 0.0010450 seconds, Stopping threads took: 0.0000550 seconds
223.692: Application time: 0.0343840 seconds
223.692: [GC [PSYoungGen: 19978K->2432K(20480K)] 33029K->17530K(66560K), 0.0012470 secs] [Times: user=0.01 sys=0.00, real=0.00 secs] 
223.694: Total time for which application threads were stopped: 0.0013870 seconds, Stopping threads took: 0.0000720 seconds
223.720: Application time: 0.0266850 seconds
223.720: [GC [PSYoungGen: 19754K->2416K(20480K)] 34853K->21610K(66560K), 0.0017670 secs] [Times: user=0.01 sys=0.00, real=0.00 secs] 
223.722: Total time for which application threads were stopped: 0.0018970 seconds, Stopping threads took: 0.0000570 seconds
223.760: Application time: 0.0380960 seconds
223.760: [GC [PSYoungGen: 19953K->2432K(20480K)] 39148K->22650K(66560K), 0.0010110 secs] [Times: user=0.00 sys=0.00, real=0.00 secs] 
223.761: Total time for which application threads were stopped: 0.0011540 seconds, Stopping threads took: 0.0000750 seconds
223.789: Application time: 0.0274350 seconds
223.791: [GC [PSYoungGen: 19935K->2496K(20480K)] 40154K->26810K(66560K), 0.0017470 secs] [Times: user=0.01 sys=0.00, real=0.00 secs] 
223.792: Total time for which application threads were stopped: 0.0034500 seconds, Stopping threads took: 0.0016320 seconds
223.829: Application time: 0.0369540 seconds
223.829: [GC [PSYoungGen: 19899K->2464K(20480K)] 44213K->28826K(66560K), 0.0012140 secs] [Times: user=0.01 sys=0.00, real=0.01 secs] 
223.831: Total time for which application threads were stopped: 0.0013560 seconds, Stopping threads took: 0.0000750 seconds
223.857: Application time: 0.0268590 seconds
223.858: [GC [PSYoungGen: 20056K->2448K(20480K)] 46419K->32906K(66560K), 0.0017670 secs] [Times: user=0.01 sys=0.00, real=0.01 secs] 
223.859: Total time for which application threads were stopped: 0.0019110 seconds, Stopping threads took: 0.0000690 seconds
223.896: Application time: 0.0361820 seconds
223.899: [GC [PSYoungGen: 19672K->2416K(20480K)] 50131K->34922K(66560K), 0.0011840 secs] [Times: user=0.00 sys=0.00, real=0.00 secs] 
223.900: Total time for which application threads were stopped: 0.0041510 seconds, Stopping threads took: 0.0028970 seconds
223.927: Application time: 0.0268950 seconds
223.927: [GC [PSYoungGen: 20156K->2496K(20480K)] 52663K->40123K(66560K), 0.0021080 secs] [Times: user=0.01 sys=0.00, real=0.00 secs] 
223.929: Total time for which application threads were stopped: 0.0022540 seconds, Stopping threads took: 0.0000700 seconds
223.964: Application time: 0.0349180 seconds
223.964: [GC [PSYoungGen: 19470K->2464K(20480K)] 57097K->43163K(66560K), 0.0015670 secs] [Times: user=0.01 sys=0.00, real=0.00 secs] 
223.966: [Full GC [PSYoungGen: 2464K->0K(20480K)] [ParOldGen: 40699K->8968K(46080K)] 43163K->8968K(66560K) [PSPermGen: 5528K->5528K(21504K)], 0.0059740 secs] [Times: user=0.03 sys=0.00, real=0.01 secs] 
223.972: Total time for which application threads were stopped: 0.0077470 seconds, Stopping threads took: 0.0000800 seconds
223.998: Application time: 0.0259930 seconds
223.998: [GC [PSYoungGen: 16973K->2304K(20480K)] 25941K->16392K(66560K), 0.0020640 secs] [Times: user=0.02 sys=0.00, real=0.01 secs] 
224.000: Total time for which application threads were stopped: 0.0022150 seconds, Stopping threads took: 0.0000710 seconds
224.035: Application time: 0.0353050 seconds
224.035: [GC [PSYoungGen: 20224K->2304K(20480K)] 34312K->20488K(66560K), 0.0018370 secs] [Times: user=0.01 sys=0.00, real=0.00 secs] 
224.037: Total time for which application threads were stopped: 0.0019920 seconds, Stopping threads took: 0.0000800 seconds
224.067: Application time: 0.0297100 seconds
224.067: [GC [PSYoungGen: 19435K->2304K(20480K)] 37619K->24584K(66560K), 0.0017890 secs] [Times: user=0.01 sys=0.00, real=0.00 secs] 
224.069: Total time for which application threads were stopped: 0.0019400 seconds, Stopping threads took: 0.0000800 seconds
224.105: Application time: 0.0359190 seconds
224.105: [GC [PSYoungGen: 20203K->2272K(20480K)] 42484K->28648K(66560K), 0.0018800 secs] [Times: user=0.01 sys=0.00, real=0.00 secs] 
224.107: Total time for which application threads were stopped: 0.0020140 seconds, Stopping threads took: 0.0000590 seconds
224.137: Application time: 0.0300270 seconds
224.137: [GC [PSYoungGen: 19439K->2272K(20480K)] 45815K->32744K(66560K), 0.0018260 secs] [Times: user=0.01 sys=0.00, real=0.01 secs] 
224.139: Total time for which application threads were stopped: 0.0019640 seconds, Stopping threads took: 0.0000640 seconds
224.172: Application time: 0.0337860 seconds
224.173: [GC [PSYoungGen: 20190K->2336K(20480K)] 50663K->36904K(66560K), 0.0017390 secs] [Times: user=0.02 sys=0.00, real=0.00 secs] 
224.174: Total time for which application threads were stopped: 0.0018880 seconds, Stopping threads took: 0.0000750 seconds
224.205: Application time: 0.0307990 seconds
224.205: [GC [PSYoungGen: 19524K->2272K(20480K)] 54092K->40936K(66560K), 0.0017870 secs] [Times: user=0.01 sys=0.00, real=0.00 secs] 
224.207: Total time for which application threads were stopped: 0.0019410 seconds, Stopping threads took: 0.0000780 seconds
224.240: Application time: 0.0332920 seconds
224.240: [GC [PSYoungGen: 20144K->2336K(20480K)] 58808K->46120K(66560K), 0.0020420 secs] [Times: user=0.01 sys=0.00, real=0.00 secs] 
224.243: [Full GC [PSYoungGen: 2336K->0K(20480K)] [ParOldGen: 43784K->10993K(46080K)] 46120K->10993K(66560K) [PSPermGen: 5528K->5528K(21504K)], 0.0063550 secs] [Times: user=0.03 sys=0.00, real=0.00 secs] 
224.249: Total time for which application threads were stopped: 0.0085910 seconds, Stopping threads took: 0.0000730 seconds
224.281: Application time: 0.0319360 seconds
224.281: [GC [PSYoungGen: 17572K->2384K(20480K)] 28566K->16449K(66560K), 0.0015160 secs] [Times: user=0.01 sys=0.00, real=0.00 secs] 
224.283: Total time for which application threads were stopped: 0.0016490 seconds, Stopping threads took: 0.0000610 seconds
224.314: Application time: 0.0318070 seconds
224.314: [GC [PSYoungGen: 20156K->2400K(20480K)] 34221K->20561K(66560K), 0.0018100 secs] [Times: user=0.01 sys=0.00, real=0.00 secs] 
224.316: Total time for which application threads were stopped: 0.0019700 seconds, Stopping threads took: 0.0000840 seconds
224.349: Application time: 0.0322760 seconds
224.349: [GC [PSYoungGen: 19868K->2464K(20480K)] 38029K->24721K(66560K), 0.0017720 secs] [Times: user=0.01 sys=0.00, real=0.01 secs] 
224.351: Total time for which application threads were stopped: 0.0019200 seconds, Stopping threads took: 0.0000750 seconds
224.384: Application time: 0.0333090 seconds
224.384: [GC [PSYoungGen: 20158K->2464K(20480K)] 42415K->28817K(66560K), 0.0017480 secs] [Times: user=0.01 sys=0.00, real=0.00 secs] 
224.386: Total time for which application threads were stopped: 0.0018850 seconds, Stopping threads took: 0.0000610 seconds
224.417: Application time: 0.0311130 seconds
224.417: [GC [PSYoungGen: 19843K->2416K(20480K)] 46197K->32865K(66560K), 0.0018060 secs] [Times: user=0.01 sys=0.00, real=0.01 secs] 
224.419: Total time for which application threads were stopped: 0.0019500 seconds, Stopping threads took: 0.0000710 seconds
224.451: Application time: 0.0320750 seconds
224.451: [GC [PSYoungGen: 20056K->2464K(20480K)] 50505K->35985K(66560K), 0.0015120 secs] [Times: user=0.01 sys=0.00, real=0.00 secs] 
224.453: Total time for which application threads were stopped: 0.0016480 seconds, Stopping threads took: 0.0000640 seconds
224.486: Application time: 0.0334680 seconds
224.486: [GC [PSYoungGen: 19847K->2464K(20480K)] 53369K->40081K(66560K), 0.0017740 secs] [Times: user=0.01 sys=0.00, real=0.00 secs] 
224.488: Total time for which application threads were stopped: 0.0019340 seconds, Stopping threads took: 0.0000730 seconds
224.521: Application time: 0.0330220 seconds
224.521: [GC [PSYoungGen: 20154K->2448K(20480K)] 57771K->43137K(66560K), 0.0014730 secs] [Times: user=0.01 sys=0.00, real=0.00 secs] 
224.523: [Full GC [PSYoungGen: 2448K->0K(20480K)] [ParOldGen: 40689K->8952K(46080K)] 43137K->8952K(66560K) [PSPermGen: 5528K->5528K(21504K)], 0.0059840 secs] [Times: user=0.03 sys=0.00, real=0.00 secs] 
224.529: Total time for which application threads were stopped: 0.0076390 seconds, Stopping threads took: 0.0000650 seconds
224.558: Application time: 0.0296700 seconds
224.558: [GC [PSYoungGen: 17009K->2272K(20480K)] 25962K->13272K(66560K), 0.0012740 secs] [Times: user=0.00 sys=0.01, real=0.01 secs] 
224.560: Total time for which application threads were stopped: 0.0014260 seconds, Stopping threads took: 0.0000810 seconds
224.592: Application time: 0.0320720 seconds
224.595: [GC [PSYoungGen: 20061K->2304K(20480K)] 31062K->16376K(66560K), 0.0014650 secs] [Times: user=0.01 sys=0.00, real=0.00 secs] 
224.596: Total time for which application threads were stopped: 0.0042630 seconds, Stopping threads took: 0.0027320 seconds
224.630: Application time: 0.0334720 seconds
224.630: [GC [PSYoungGen: 19551K->2304K(20480K)] 33624K->18424K(66560K), 0.0012850 secs] [Times: user=0.01 sys=0.00, real=0.01 secs] 
224.631: Total time for which application threads were stopped: 0.0014390 seconds, Stopping threads took: 0.0000840 seconds
224.663: Application time: 0.0317760 seconds
224.667: [GC [PSYoungGen: 20058K->2304K(20480K)] 36179K->21496K(66560K), 0.0014340 secs] [Times: user=0.01 sys=0.00, real=0.00 secs] 
224.668: Total time for which application threads were stopped: 0.0052830 seconds, Stopping threads took: 0.0037800 seconds
224.702: Application time: 0.0339800 seconds
224.702: [GC [PSYoungGen: 19566K->2304K(20480K)] 38759K->23545K(66560K), 0.0011800 secs] [Times: user=0.01 sys=0.00, real=0.00 secs] 
224.703: Total time for which application threads were stopped: 0.0013210 seconds, Stopping threads took: 0.0000740 seconds
224.734: Application time: 0.0306400 seconds
224.734: [GC [PSYoungGen: 19993K->2320K(20480K)] 41234K->26633K(66560K), 0.0013870 secs] [Times: user=0.01 sys=0.00, real=0.00 secs] 
224.735: Total time for which application threads were stopped: 0.0015320 seconds, Stopping threads took: 0.0000700 seconds
224.769: Application time: 0.0335490 seconds
224.769: [GC [PSYoungGen: 19534K->2272K(20480K)] 43847K->29657K(66560K), 0.0014220 secs] [Times: user=0.01 sys=0.00, real=0.01 secs] 
224.771: Total time for which application threads were stopped: 0.0015890 seconds, Stopping threads took: 0.0000930 seconds
224.799: Application time: 0.0284160 seconds
224.799: [GC [PSYoungGen: 19806K->2304K(20480K)] 47191K->32761K(66560K), 0.0014200 secs] [Times: user=0.01 sys=0.00, real=0.00 secs] 
224.801: Total time for which application threads were stopped: 0.0015740 seconds, Stopping threads took: 0.0000820 seconds
224.834: Application time: 0.0336870 seconds
224.834: [GC [PSYoungGen: 19675K->2304K(20480K)] 50133K->36857K(66560K), 0.0018650 secs] [Times: user=0.00 sys=0.00, real=0.00 secs] 
224.836: Total time for which application threads were stopped: 0.0020150 seconds, Stopping threads took: 0.0000750 seconds
224.866: Application time: 0.0295610 seconds
224.866: [GC [PSYoungGen: 19926K->2304K(20480K)] 54479K->41977K(66560K), 0.0020460 secs] [Times: user=0.02 sys=0.00, real=0.00 secs] 
224.868: Total time for which application threads were stopped: 0.0021940 seconds, Stopping threads took: 0.0000700 seconds
224.904: Application time: 0.0362550 seconds
224.904: [GC [PSYoungGen: 19853K->2304K(20480K)] 59526K->46073K(66560K), 0.0018200 secs] [Times: user=0.01 sys=0.00, real=0.00 secs] 
224.906: [Full GC [PSYoungGen: 2304K->0K(20480K)] [ParOldGen: 43769K->9971K(46080K)] 46073K->9971K(66560K) [PSPermGen: 5528K->5528K(21504K)], 0.0060100 secs] [Times: user=0.02 sys=0.00, real=0.01 secs] 
224.912: Total time for which application threads were stopped: 0.0080150 seconds, Stopping threads took: 0.0000660 seconds
224.941: Application time: 0.0291230 seconds
224.942: [GC [PSYoungGen: 17626K->2304K(20480K)] 27597K->17395K(66560K), 0.0020370 secs] [Times: user=0.01 sys=0.00, real=0.00 secs] 
224.944: Total time for which application threads were stopped: 0.0021900 seconds, Stopping threads took: 0.0000780 seconds
224.980: Application time: 0.0367950 seconds
224.981: [GC [PSYoungGen: 20061K->2400K(20480K)] 35153K->21587K(66560K), 0.0017640 secs] [Times: user=0.01 sys=0.00, real=0.00 secs] 
224.982: Total time for which application threads were stopped: 0.0019140 seconds, Stopping threads took: 0.0000780 seconds
225.010: Application time: 0.0279940 seconds
225.011: [GC [PSYoungGen: 20136K->2384K(20480K)] 39323K->26691K(66560K), 0.0020250 secs] [Times: user=0.01 sys=0.00, real=0.00 secs] 
225.013: Total time for which application threads were stopped: 0.0021860 seconds, Stopping threads took: 0.0000810 seconds
225.049: Application time: 0.0360710 seconds
225.049: [GC [PSYoungGen: 19934K->2464K(20480K)] 44241K->30867K(66560K), 0.0018020 secs] [Times: user=0.02 sys=0.00, real=0.01 secs] 
225.051: Total time for which application threads were stopped: 0.0019560 seconds, Stopping threads took: 0.0000810 seconds
225.080: Application time: 0.0290970 seconds
225.080: [GC [PSYoungGen: 20179K->2448K(20480K)] 48583K->35971K(66560K), 0.0020670 secs] [Times: user=0.01 sys=0.00, real=0.00 secs] 
225.082: Total time for which application threads were stopped: 0.0022100 seconds, Stopping threads took: 0.0000680 seconds
225.117: Application time: 0.0350080 seconds
225.117: [GC [PSYoungGen: 19670K->2464K(20480K)] 53194K->39059K(66560K), 0.0015340 secs] [Times: user=0.01 sys=0.00, real=0.01 secs] 
225.119: Total time for which application threads were stopped: 0.0016750 seconds, Stopping threads took: 0.0000710 seconds
225.147: Application time: 0.0287340 seconds
225.147: [GC [PSYoungGen: 20350K->2416K(20480K)] 56946K->44132K(66560K), 0.0020360 secs] [Times: user=0.01 sys=0.00, real=0.00 secs] 
225.150: [Full GC [PSYoungGen: 2416K->0K(20480K)] [ParOldGen: 41715K->11001K(46080K)] 44132K->11001K(66560K) [PSPermGen: 5528K->5528K(21504K)], 0.0063820 secs] [Times: user=0.03 sys=0.00, real=0.01 secs] 
225.156: Total time for which application threads were stopped: 0.0086060 seconds, Stopping threads took: 0.0000700 seconds
225.192: Application time: 0.0358830 seconds
225.192: [GC [PSYoungGen: 17149K->2304K(20480K)] 28150K->16377K(66560K), 0.0014920 secs] [Times: user=0.01 sys=0.00, real=0.00 secs] 
225.193: Total time for which application threads were stopped: 0.0016430 seconds, Stopping threads took: 0.0000780 seconds
225.219: Application time: 0.0250700 seconds
225.219: [GC [PSYoungGen: 20123K->2304K(20480K)] 34197K->21497K(66560K), 0.0020600 secs] [Times: user=0.01 sys=0.00, real=0.00 secs] 
225.221: Total time for which application threads were stopped: 0.0022330 seconds, Stopping threads took: 0.0000980 seconds
225.259: Application time: 0.0385860 seconds
225.260: [GC [PSYoungGen: 19306K->2304K(20480K)] 38499K->23545K(66560K), 0.0012610 secs] [Times: user=0.01 sys=0.00, real=0.00 secs] 
225.261: Total time for which application threads were stopped: 0.0014190 seconds, Stopping threads took: 0.0000850 seconds
225.288: Application time: 0.0267390 seconds
225.288: [GC [PSYoungGen: 19321K->2304K(20480K)] 40563K->27641K(66560K), 0.0018150 secs] [Times: user=0.02 sys=0.00, real=0.00 secs] 
225.290: Total time for which application threads were stopped: 0.0019600 seconds, Stopping threads took: 0.0000700 seconds
225.327: Application time: 0.0374540 seconds
225.327: [GC [PSYoungGen: 20212K->2304K(20480K)] 45550K->29689K(66560K), 0.0012710 secs] [Times: user=0.00 sys=0.00, real=0.00 secs] 
225.328: Total time for which application threads were stopped: 0.0014140 seconds, Stopping threads took: 0.0000740 seconds
225.357: Application time: 0.0281310 seconds
225.357: [GC [PSYoungGen: 19447K->2304K(20480K)] 46833K->33785K(66560K), 0.0018040 secs] [Times: user=0.00 sys=0.01, real=0.01 secs] 
225.358: Total time for which application threads were stopped: 0.0019810 seconds, Stopping threads took: 0.0000910 seconds
225.393: Application time: 0.0344190 seconds
225.393: [GC [PSYoungGen: 19948K->2304K(20480K)] 51430K->35833K(66560K), 0.0012200 secs] [Times: user=0.01 sys=0.00, real=0.00 secs] 
225.394: Total time for which application threads were stopped: 0.0013680 seconds, Stopping threads took: 0.0000780 seconds
225.425: Application time: 0.0312150 seconds
225.426: [GC [PSYoungGen: 19687K->2304K(20480K)] 53216K->39929K(66560K), 0.0017510 secs] [Times: user=0.01 sys=0.00, real=0.00 secs] 
225.427: Total time for which application threads were stopped: 0.0019000 seconds, Stopping threads took: 0.0000750 seconds
225.461: Application time: 0.0333330 seconds
225.461: [GC [PSYoungGen: 19879K->2304K(20480K)] 57504K->44025K(66560K), 0.0017430 secs] [Times: user=0.01 sys=0.00, real=0.00 secs] 
225.463: [Full GC [PSYoungGen: 2304K->0K(20480K)] [ParOldGen: 41721K->9972K(46080K)] 44025K->9972K(66560K) [PSPermGen: 5528K->5528K(21504K)], 0.0062870 secs] [Times: user=0.02 sys=0.00, real=0.00 secs] 
225.469: Total time for which application threads were stopped: 0.0082190 seconds, Stopping threads took: 0.0000710 seconds
225.501: Application time: 0.0321400 seconds
225.501: [GC [PSYoungGen: 17487K->2304K(20480K)] 27460K->15348K(66560K), 0.0014630 secs] [Times: user=0.01 sys=0.00, real=0.00 secs] 
225.503: Total time for which application threads were stopped: 0.0016050 seconds, Stopping threads took: 0.0000670 seconds
225.536: Application time: 0.0329210 seconds
225.536: [GC [PSYoungGen: 19865K->2304K(20480K)] 32910K->18420K(66560K), 0.0014730 secs] [Times: user=0.01 sys=0.00, real=0.00 secs] 
225.537: Total time for which application threads were stopped: 0.0016230 seconds, Stopping threads took: 0.0000720 seconds
225.569: Application time: 0.0320840 seconds
225.569: [GC [PSYoungGen: 19762K->2304K(20480K)] 35879K->21492K(66560K), 0.0014760 secs] [Times: user=0.01 sys=0.00, real=0.01 secs] 
225.571: Total time for which application threads were stopped: 0.0016170 seconds, Stopping threads took: 0.0000710 seconds
225.604: Application time: 0.0334790 seconds
225.605: [GC [PSYoungGen: 19870K->2304K(20480K)] 39059K->23540K(66560K), 0.0011320 secs] [Times: user=0.00 sys=0.00, real=0.00 secs] 
225.606: Total time for which application threads were stopped: 0.0012630 seconds, Stopping threads took: 0.0000610 seconds
225.636: Application time: 0.0304500 seconds
225.636: [GC [PSYoungGen: 19720K->2304K(20480K)] 40957K->26612K(66560K), 0.0014310 secs] [Times: user=0.01 sys=0.00, real=0.00 secs] 
225.638: Total time for which application threads were stopped: 0.0015740 seconds, Stopping threads took: 0.0000750 seconds
225.668: Application time: 0.0303080 seconds
225.668: [GC [PSYoungGen: 19827K->2336K(20480K)] 44136K->29716K(66560K), 0.0014550 secs] [Times: user=0.01 sys=0.00, real=0.00 secs] 
225.670: Total time for which application threads were stopped: 0.0016090 seconds, Stopping threads took: 0.0000810 seconds
225.703: Application time: 0.0333700 seconds
225.703: [GC [PSYoungGen: 20175K->2432K(20480K)] 47556K->32884K(66560K), 0.0014720 secs] [Times: user=0.01 sys=0.00, real=0.00 secs] 
225.705: Total time for which application threads were stopped: 0.0016100 seconds, Stopping threads took: 0.0000680 seconds
225.732: Application time: 0.0276670 seconds
225.732: [GC [PSYoungGen: 19771K->2464K(20480K)] 50224K->35988K(66560K), 0.0014940 secs] [Times: user=0.01 sys=0.00, real=0.00 secs] 
225.734: Total time for which application threads were stopped: 0.0016360 seconds, Stopping threads took: 0.0000720 seconds
225.771: Application time: 0.0374310 seconds
225.771: [GC [PSYoungGen: 20384K->2480K(20480K)] 53908K->39076K(66560K), 0.0016520 secs] [Times: user=0.01 sys=0.00, real=0.00 secs] 
225.773: Total time for which application threads were stopped: 0.0017900 seconds, Stopping threads took: 0.0000680 seconds
225.800: Application time: 0.0269040 seconds
225.800: [GC [PSYoungGen: 19653K->2464K(20480K)] 56249K->42132K(66560K), 0.0015910 secs] [Times: user=0.01 sys=0.00, real=0.00 secs] 
225.802: Total time for which application threads were stopped: 0.0017390 seconds, Stopping threads took: 0.0000770 seconds
225.839: Application time: 0.0375700 seconds
225.843: [GC [PSYoungGen: 20313K->2496K(20480K)] 59982K->44212K(66560K), 0.0014440 secs] [Times: user=0.01 sys=0.00, real=0.00 secs] 
225.844: [Full GC [PSYoungGen: 2496K->0K(20480K)] [ParOldGen: 41716K->7926K(46080K)] 44212K->7926K(66560K) [PSPermGen: 5528K->5528K(21504K)], 0.0060790 secs] [Times: user=0.02 sys=0.00, real=0.00 secs] 
225.850: Total time for which application threads were stopped: 0.0107560 seconds, Stopping threads took: 0.0031130 seconds
225.878: Application time: 0.0276920 seconds
225.878: [GC [PSYoungGen: 17301K->2304K(20480K)] 25228K->14326K(66560K), 0.0017010 secs] [Times: user=0.02 sys=0.00, real=0.01 secs] 
225.880: Total time for which application threads were stopped: 0.0018440 seconds, Stopping threads took: 0.0000690 seconds
225.917: Application time: 0.0373400 seconds
225.917: [GC [PSYoungGen: 20095K->2304K(20480K)] 32118K->16374K(66560K), 0.0013040 secs] [Times: user=0.00 sys=0.00, real=0.01 secs] 
225.918: Total time for which application threads were stopped: 0.0014640 seconds, Stopping threads took: 0.0000800 seconds
225.945: Application time: 0.0268900 seconds
225.945: [GC [PSYoungGen: 19573K->2272K(20480K)] 33644K->21462K(66560K), 0.0020550 secs] [Times: user=0.01 sys=0.00, real=0.00 secs] 
225.948: Total time for which application threads were stopped: 0.0022000 seconds, Stopping threads took: 0.0000710 seconds
225.987: Application time: 0.0390160 seconds
225.987: [GC [PSYoungGen: 20042K->2272K(20480K)] 39233K->23510K(66560K), 0.0012590 secs] [Times: user=0.01 sys=0.00, real=0.00 secs] 
225.988: Total time for which application threads were stopped: 0.0014110 seconds, Stopping threads took: 0.0000830 seconds
226.014: Application time: 0.0256400 seconds
226.014: [GC [PSYoungGen: 19549K->2304K(20480K)] 40787K->28662K(66560K), 0.0020220 secs] [Times: user=0.01 sys=0.00, real=0.00 secs] 
226.016: Total time for which application threads were stopped: 0.0021540 seconds, Stopping threads took: 0.0000600 seconds
226.056: Application time: 0.0402980 seconds
226.056: [GC [PSYoungGen: 20090K->2320K(20480K)] 46448K->30726K(66560K), 0.0011740 secs] [Times: user=0.01 sys=0.00, real=0.00 secs] 
226.057: Total time for which application threads were stopped: 0.0013210 seconds, Stopping threads took: 0.0000710 seconds
226.081: Application time: 0.0230870 seconds
226.081: [GC [PSYoungGen: 19543K->2272K(20480K)] 47950K->35798K(66560K), 0.0020050 secs] [Times: user=0.01 sys=0.00, real=0.00 secs] 
226.083: Total time for which application threads were stopped: 0.0021420 seconds, Stopping threads took: 0.0000600 seconds
226.125: Application time: 0.0426220 seconds
226.125: [GC [PSYoungGen: 20060K->2304K(20480K)] 53587K->36854K(66560K), 0.0009110 secs] [Times: user=0.00 sys=0.00, real=0.00 secs] 
226.126: Total time for which application threads were stopped: 0.0010440 seconds, Stopping threads took: 0.0000660 seconds
226.147: Application time: 0.0204580 seconds
226.147: [GC [PSYoungGen: 19515K->2304K(20480K)] 54066K->41974K(66560K), 0.0019730 secs] [Times: user=0.01 sys=0.00, real=0.00 secs] 
226.149: [Full GC [PSYoungGen: 2304K->0K(20480K)] [ParOldGen: 39670K->10994K(46080K)] 41974K->10994K(66560K) [PSPermGen: 5528K->5528K(21504K)], 0.0064320 secs] [Times: user=0.03 sys=0.00, real=0.01 secs] 
226.155: Total time for which application threads were stopped: 0.0085980 seconds, Stopping threads took: 0.0000720 seconds
226.199: Application time: 0.0437100 seconds
226.199: [GC [PSYoungGen: 17713K->2304K(20480K)] 28708K->14323K(66560K), 0.0009060 secs] [Times: user=0.00 sys=0.00, real=0.00 secs] 
226.200: Total time for which application threads were stopped: 0.0010380 seconds, Stopping threads took: 0.0000620 seconds
226.220: Application time: 0.0203600 seconds
226.221: [GC [PSYoungGen: 19639K->2272K(20480K)] 31658K->19411K(66560K), 0.0020430 secs] [Times: user=0.02 sys=0.00, real=0.00 secs] 
226.223: Total time for which application threads were stopped: 0.0022570 seconds, Stopping threads took: 0.0001410 seconds
226.264: Application time: 0.0415540 seconds
226.264: [GC [PSYoungGen: 19515K->2272K(20480K)] 36654K->21459K(66560K), 0.0011940 secs] [Times: user=0.01 sys=0.00, real=0.00 secs] 
226.266: Total time for which application threads were stopped: 0.0013280 seconds, Stopping threads took: 0.0000660 seconds
226.291: Application time: 0.0251440 seconds
226.291: [GC [PSYoungGen: 20101K->2272K(20480K)] 39288K->25555K(66560K), 0.0017240 secs] [Times: user=0.01 sys=0.00, real=0.00 secs] 
226.293: Total time for which application threads were stopped: 0.0018890 seconds, Stopping threads took: 0.0000920 seconds
226.330: Application time: 0.0373540 seconds
226.330: [GC [PSYoungGen: 19310K->2320K(20480K)] 42593K->26627K(66560K), 0.0010460 secs] [Times: user=0.01 sys=0.00, real=0.01 secs] 
226.331: Total time for which application threads were stopped: 0.0011930 seconds, Stopping threads took: 0.0000770 seconds
226.357: Application time: 0.0254600 seconds
226.357: [GC [PSYoungGen: 19393K->2288K(20480K)] 43700K->31715K(66560K), 0.0020240 secs] [Times: user=0.01 sys=0.00, real=0.01 secs] 
226.359: Total time for which application threads were stopped: 0.0021710 seconds, Stopping threads took: 0.0000710 seconds
226.397: Application time: 0.0379190 seconds
226.397: [GC [PSYoungGen: 20208K->2336K(20480K)] 49635K->33811K(66560K), 0.0011410 secs] [Times: user=0.00 sys=0.00, real=0.00 secs] 
226.398: Total time for which application threads were stopped: 0.0012750 seconds, Stopping threads took: 0.0000640 seconds
226.425: Application time: 0.0268560 seconds
226.425: [GC [PSYoungGen: 19813K->2336K(20480K)] 51288K->38931K(66560K), 0.0021010 secs] [Times: user=0.01 sys=0.00, real=0.00 secs] 
226.427: Total time for which application threads were stopped: 0.0022450 seconds, Stopping threads took: 0.0000660 seconds
226.462: Application time: 0.0349400 seconds
226.462: [GC [PSYoungGen: 20123K->2480K(20480K)] 56718K->43171K(66560K), 0.0018180 secs] [Times: user=0.01 sys=0.00, real=0.00 secs] 
226.464: [Full GC [PSYoungGen: 2480K->0K(20480K)] [ParOldGen: 40691K->9974K(46080K)] 43171K->9974K(66560K) [PSPermGen: 5528K->5528K(21504K)], 0.0060650 secs] [Times: user=0.03 sys=0.00, real=0.00 secs] 
226.470: Total time for which application threads were stopped: 0.0080710 seconds, Stopping threads took: 0.0000620 seconds
226.501: Application time: 0.0311420 seconds
226.501: [GC [PSYoungGen: 17498K->2304K(20480K)] 27473K->17399K(66560K), 0.0019500 secs] [Times: user=0.01 sys=0.01, real=0.00 secs] 
226.503: Total time for which application threads were stopped: 0.0021090 seconds, Stopping threads took: 0.0000870 seconds
226.537: Application time: 0.0333760 seconds
226.537: [GC [PSYoungGen: 19819K->2320K(20480K)] 34914K->20487K(66560K), 0.0014530 secs] [Times: user=0.01 sys=0.00, real=0.00 secs] 
226.538: Total time for which application threads were stopped: 0.0015880 seconds, Stopping threads took: 0.0000610 seconds
226.568: Application time: 0.0300400 seconds
226.569: [GC [PSYoungGen: 19924K->2304K(20480K)] 38091K->25591K(66560K), 0.0020480 secs] [Times: user=0.02 sys=0.00, real=0.01 secs] 
226.571: Total time for which application threads were stopped: 0.0022090 seconds, Stopping threads took: 0.0000730 seconds
226.604: Application time: 0.0329670 seconds
226.604: [GC [PSYoungGen: 19765K->2304K(20480K)] 43052K->27639K(66560K), 0.0012430 secs] [Times: user=0.01 sys=0.00, real=0.00 secs] 
226.605: Total time for which application threads were stopped: 0.0013920 seconds, Stopping threads took: 0.0000810 seconds
226.637: Application time: 0.0320920 seconds
226.637: [GC [PSYoungGen: 19888K->2352K(20480K)] 45223K->31783K(66560K), 0.0018140 secs] [Times: user=0.02 sys=0.00, real=0.01 secs] 
226.639: Total time for which application threads were stopped: 0.0019710 seconds, Stopping threads took: 0.0000790 seconds
226.673: Application time: 0.0340390 seconds
226.673: [GC [PSYoungGen: 19805K->2304K(20480K)] 49236K->33783K(66560K), 0.0011920 secs] [Times: user=0.00 sys=0.01, real=0.00 secs] 
226.674: Total time for which application threads were stopped: 0.0013420 seconds, Stopping threads took: 0.0000710 seconds
226.708: Application time: 0.0332060 seconds
226.709: [GC [PSYoungGen: 19880K->2240K(20480K)] 51359K->36791K(66560K), 0.0017830 secs] [Times: user=0.01 sys=0.00, real=0.00 secs] 
226.710: Total time for which application threads were stopped: 0.0026870 seconds, Stopping threads took: 0.0008240 seconds
226.741: Application time: 0.0305870 seconds
226.743: [GC [PSYoungGen: 19633K->2304K(20480K)] 54184K->38903K(66560K), 0.0012460 secs] [Times: user=0.01 sys=0.00, real=0.00 secs] 
226.744: Total time for which application threads were stopped: 0.0028550 seconds, Stopping threads took: 0.0015330 seconds
226.777: Application time: 0.0333920 seconds
226.779: [GC [PSYoungGen: 19853K->2304K(20480K)] 56452K->41975K(66560K), 0.0015560 secs] [Times: user=0.01 sys=0.00, real=0.00 secs] 
226.780: Total time for which application threads were stopped: 0.0029310 seconds, Stopping threads took: 0.0013050 seconds
226.811: Application time: 0.0310770 seconds
226.811: [GC [PSYoungGen: 19680K->2320K(20480K)] 59351K->44039K(66560K), 0.0011430 secs] [Times: user=0.01 sys=0.00, real=0.00 secs] 
226.813: [Full GC [PSYoungGen: 2320K->0K(20480K)] [ParOldGen: 41719K->7944K(46080K)] 44039K->7944K(66560K) [PSPermGen: 5528K->5528K(21504K)], 0.0057190 secs] [Times: user=0.02 sys=0.00, real=0.00 secs] 
226.818: Total time for which application threads were stopped: 0.0070830 seconds, Stopping threads took: 0.0001010 seconds
226.853: Application time: 0.0348870 seconds
226.853: [GC [PSYoungGen: 17691K->2304K(20480K)] 25636K->13321K(66560K), 0.0015290 secs] [Times: user=0.01 sys=0.00, real=0.00 secs] 
226.855: Total time for which application threads were stopped: 0.0016980 seconds, Stopping threads took: 0.0000950 seconds
226.881: Application time: 0.0258580 seconds
226.881: [GC [PSYoungGen: 19376K->2272K(20480K)] 30393K->16361K(66560K), 0.0014370 secs] [Times: user=0.01 sys=0.00, real=0.00 secs] 
226.882: Total time for which application threads were stopped: 0.0016270 seconds, Stopping threads took: 0.0001200 seconds
226.922: Application time: 0.0399030 seconds
226.922: [GC [PSYoungGen: 20192K->2304K(20480K)] 34281K->18441K(66560K), 0.0011720 secs] [Times: user=0.00 sys=0.00, real=0.00 secs] 
226.924: Total time for which application threads were stopped: 0.0013150 seconds, Stopping threads took: 0.0000740 seconds
226.950: Application time: 0.0263020 seconds
226.951: [GC [PSYoungGen: 19450K->2304K(20480K)] 35587K->21513K(66560K), 0.0013810 secs] [Times: user=0.01 sys=0.00, real=0.00 secs] 
226.952: Total time for which application threads were stopped: 0.0020150 seconds, Stopping threads took: 0.0005640 seconds
226.989: Application time: 0.0370610 seconds
226.989: [GC [PSYoungGen: 19958K->2320K(20480K)] 39167K->22553K(66560K), 0.0009150 secs] [Times: user=0.00 sys=0.00, real=0.00 secs] 
226.990: Total time for which application threads were stopped: 0.0010800 seconds, Stopping threads took: 0.0000970 seconds
227.015: Application time: 0.0253230 seconds
227.016: [GC [PSYoungGen: 19622K->2304K(20480K)] 39855K->27657K(66560K), 0.0020680 secs] [Times: user=0.01 sys=0.00, real=0.00 secs] 
227.018: Total time for which application threads were stopped: 0.0022100 seconds, Stopping threads took: 0.0000690 seconds
227.055: Application time: 0.0377990 seconds
227.056: [GC [PSYoungGen: 19871K->2304K(20480K)] 45224K->28681K(66560K), 0.0010270 secs] [Times: user=0.01 sys=0.00, real=0.00 secs] 
227.057: Total time for which application threads were stopped: 0.0011740 seconds, Stopping threads took: 0.0000770 seconds
227.084: Application time: 0.0274730 seconds
227.084: [GC [PSYoungGen: 19907K->2272K(20480K)] 46284K->33769K(66560K), 0.0020450 secs] [Times: user=0.01 sys=0.00, real=0.00 secs] 
227.086: Total time for which application threads were stopped: 0.0021970 seconds, Stopping threads took: 0.0000710 seconds
227.124: Application time: 0.0379460 seconds
227.124: [GC [PSYoungGen: 20092K->2416K(20480K)] 51589K->34937K(66560K), 0.0009590 secs] [Times: user=0.01 sys=0.00, real=0.00 secs] 
227.125: Total time for which application threads were stopped: 0.0010870 seconds, Stopping threads took: 0.0000660 seconds
227.152: Application time: 0.0265550 seconds
227.152: [GC [PSYoungGen: 20048K->2432K(20480K)] 52569K->40073K(66560K), 0.0020270 secs] [Times: user=0.01 sys=0.00, real=0.00 secs] 
227.154: Total time for which application threads were stopped: 0.0021630 seconds, Stopping threads took: 0.0000630 seconds
227.191: Application time: 0.0371400 seconds
227.191: [GC [PSYoungGen: 19864K->2464K(20480K)] 57505K->41129K(66560K), 0.0009840 secs] [Times: user=0.01 sys=0.00, real=0.00 secs] 
227.192: Total time for which application threads were stopped: 0.0011300 seconds, Stopping threads took: 0.0000700 seconds
227.218: Application time: 0.0254100 seconds
227.218: [GC [PSYoungGen: 20261K->2496K(20480K)] 58926K->46281K(66560K), 0.0020830 secs] [Times: user=0.02 sys=0.00, real=0.01 secs] 
227.220: [Full GC [PSYoungGen: 2496K->0K(20480K)] [ParOldGen: 43785K->10996K(46080K)] 46281K->10996K(66560K) [PSPermGen: 5528K->5528K(21504K)], 0.0063060 secs] [Times: user=0.02 sys=0.00, real=0.00 secs] 
227.226: Total time for which application threads were stopped: 0.0085950 seconds, Stopping threads took: 0.0000860 seconds
227.262: Application time: 0.0357210 seconds
227.262: [GC [PSYoungGen: 17912K->2304K(20480K)] 28909K->17396K(66560K), 0.0018330 secs] [Times: user=0.01 sys=0.00, real=0.00 secs] 
227.264: Total time for which application threads were stopped: 0.0019700 seconds, Stopping threads took: 0.0000650 seconds
227.291: Application time: 0.0274280 seconds
227.292: [GC [PSYoungGen: 19482K->2336K(20480K)] 34575K->22548K(66560K), 0.0019880 secs] [Times: user=0.01 sys=0.00, real=0.00 secs] 
227.294: Total time for which application threads were stopped: 0.0021510 seconds, Stopping threads took: 0.0000890 seconds
227.331: Application time: 0.0374220 seconds
227.331: [GC [PSYoungGen: 20256K->2336K(20480K)] 40468K->27668K(66560K), 0.0020270 secs] [Times: user=0.02 sys=0.00, real=0.00 secs] 
227.333: Total time for which application threads were stopped: 0.0021870 seconds, Stopping threads took: 0.0000860 seconds
227.360: Application time: 0.0263070 seconds
227.360: [GC [PSYoungGen: 19454K->2272K(20480K)] 44787K->32724K(66560K), 0.0021220 secs] [Times: user=0.01 sys=0.00, real=0.00 secs] 
227.362: Total time for which application threads were stopped: 0.0022770 seconds, Stopping threads took: 0.0000840 seconds
227.399: Application time: 0.0375710 seconds
227.399: [GC [PSYoungGen: 20168K->2304K(20480K)] 50621K->36852K(66560K), 0.0018250 secs] [Times: user=0.01 sys=0.00, real=0.00 secs] 
227.401: Total time for which application threads were stopped: 0.0019700 seconds, Stopping threads took: 0.0000730 seconds
227.430: Application time: 0.0285300 seconds
227.430: [GC [PSYoungGen: 19477K->2272K(20480K)] 54026K->40916K(66560K), 0.0018170 secs] [Times: user=0.01 sys=0.00, real=0.01 secs] 
227.432: [Full GC [PSYoungGen: 2272K->0K(20480K)] [ParOldGen: 38644K->9971K(46080K)] 40916K->9971K(66560K) [PSPermGen: 5528K->5528K(21504K)], 0.0059560 secs] [Times: user=0.03 sys=0.00, real=0.00 secs] 
227.438: Total time for which application threads were stopped: 0.0079530 seconds, Stopping threads took: 0.0000610 seconds
227.471: Application time: 0.0335400 seconds
227.471: [GC [PSYoungGen: 17751K->2304K(20480K)] 27722K->17395K(66560K), 0.0020900 secs] [Times: user=0.01 sys=0.00, real=0.00 secs] 
227.474: Total time for which application threads were stopped: 0.0022240 seconds, Stopping threads took: 0.0000610 seconds
227.505: Application time: 0.0314500 seconds
227.505: [GC [PSYoungGen: 19605K->2304K(20480K)] 34696K->21491K(66560K), 0.0018280 secs] [Times: user=0.02 sys=0.00, real=0.00 secs] 
227.507: Total time for which application threads were stopped: 0.0019770 seconds, Stopping threads took: 0.0000740 seconds
227.542: Application time: 0.0345780 seconds
227.542: [GC [PSYoungGen: 20056K->2304K(20480K)] 39243K->26611K(66560K), 0.0019830 secs] [Times: user=0.02 sys=0.00, real=0.00 secs] 
227.544: Total time for which application threads were stopped: 0.0021410 seconds, Stopping threads took: 0.0000810 seconds
227.575: Application time: 0.0309090 seconds
227.575: [GC [PSYoungGen: 19594K->2304K(20480K)] 43901K->31731K(66560K), 0.0020830 secs] [Times: user=0.02 sys=0.00, real=0.00 secs] 
227.577: Total time for which application threads were stopped: 0.0022260 seconds, Stopping threads took: 0.0000680 seconds
227.610: Application time: 0.0328890 seconds
227.610: [GC [PSYoungGen: 20002K->2304K(20480K)] 49430K->35827K(66560K), 0.0017590 secs] [Times: user=0.01 sys=0.00, real=0.01 secs] 
227.612: Total time for which application threads were stopped: 0.0019280 seconds, Stopping threads took: 0.0000770 seconds
227.645: Application time: 0.0333120 seconds
227.645: [GC [PSYoungGen: 19670K->2320K(20480K)] 53193K->39939K(66560K), 0.0018060 secs] [Times: user=0.01 sys=0.00, real=0.00 secs] 
227.647: Total time for which application threads were stopped: 0.0019620 seconds, Stopping threads took: 0.0000810 seconds
227.679: Application time: 0.0315180 seconds
227.679: [GC [PSYoungGen: 19972K->2240K(20480K)] 57592K->43955K(66560K), 0.0017390 secs] [Times: user=0.01 sys=0.00, real=0.00 secs] 
227.680: [Full GC [PSYoungGen: 2240K->0K(20480K)] [ParOldGen: 41715K->9990K(46080K)] 43955K->9990K(66560K) [PSPermGen: 5528K->5528K(21504K)], 0.0058970 secs] [Times: user=0.03 sys=0.00, real=0.00 secs] 
227.686: Total time for which application threads were stopped: 0.0078250 seconds, Stopping threads took: 0.0000700 seconds
227.719: Application time: 0.0327940 seconds
227.719: [GC [PSYoungGen: 17327K->2304K(20480K)] 27317K->16390K(66560K), 0.0017110 secs] [Times: user=0.01 sys=0.00, real=0.00 secs] 
227.721: Total time for which application threads were stopped: 0.0018460 seconds, Stopping threads took: 0.0000610 seconds
227.753: Application time: 0.0317480 seconds
227.753: [GC [PSYoungGen: 19982K->2304K(20480K)] 34068K->19462K(66560K), 0.0015170 secs] [Times: user=0.01 sys=0.00, real=0.00 secs] 
227.754: Total time for which application threads were stopped: 0.0016980 seconds, Stopping threads took: 0.0001080 seconds
227.789: Application time: 0.0345200 seconds
227.789: [GC [PSYoungGen: 19795K->2304K(20480K)] 36954K->22534K(66560K), 0.0014070 secs] [Times: user=0.00 sys=0.00, real=0.01 secs] 
227.791: Total time for which application threads were stopped: 0.0015520 seconds, Stopping threads took: 0.0000740 seconds
227.820: Application time: 0.0291570 seconds
227.820: [GC [PSYoungGen: 19806K->2288K(20480K)] 40036K->24566K(66560K), 0.0012350 secs] [Times: user=0.01 sys=0.00, real=0.00 secs] 
227.821: Total time for which application threads were stopped: 0.0014030 seconds, Stopping threads took: 0.0001010 seconds
227.855: Application time: 0.0335420 seconds
227.855: [GC [PSYoungGen: 20112K->2432K(20480K)] 42390K->28806K(66560K), 0.0018480 secs] [Times: user=0.02 sys=0.00, real=0.00 secs] 
227.857: Total time for which application threads were stopped: 0.0019960 seconds, Stopping threads took: 0.0000750 seconds
227.890: Application time: 0.0329050 seconds
227.890: [GC [PSYoungGen: 20248K->2464K(20480K)] 46623K->29862K(66560K), 0.0010660 secs] [Times: user=0.00 sys=0.00, real=0.01 secs] 
227.891: Total time for which application threads were stopped: 0.0012090 seconds, Stopping threads took: 0.0000700 seconds
227.924: Application time: 0.0336710 seconds
227.925: [GC [PSYoungGen: 19912K->2464K(20480K)] 47310K->31910K(66560K), 0.0013160 secs] [Times: user=0.01 sys=0.00, real=0.00 secs] 
227.926: Total time for which application threads were stopped: 0.0015060 seconds, Stopping threads took: 0.0001200 seconds
227.959: Application time: 0.0330930 seconds
227.959: [GC [PSYoungGen: 20161K->2448K(20480K)] 49608K->32918K(66560K), 0.0010210 secs] [Times: user=0.01 sys=0.00, real=0.00 secs] 
227.960: Total time for which application threads were stopped: 0.0011580 seconds, Stopping threads took: 0.0000720 seconds
227.994: Application time: 0.0334190 seconds
227.994: [GC [PSYoungGen: 19920K->2480K(20480K)] 50390K->33974K(66560K), 0.0010320 secs] [Times: user=0.00 sys=0.00, real=0.00 secs] 
227.995: Total time for which application threads were stopped: 0.0011780 seconds, Stopping threads took: 0.0000780 seconds
228.020: Application time: 0.0253700 seconds
228.020: [GC [PSYoungGen: 19612K->2480K(20480K)] 51107K->37046K(66560K), 0.0015090 secs] [Times: user=0.01 sys=0.00, real=0.00 secs] 
228.022: Total time for which application threads were stopped: 0.0016530 seconds, Stopping threads took: 0.0000720 seconds
228.059: Application time: 0.0374580 seconds
228.059: [GC [PSYoungGen: 20091K->2544K(20480K)] 54658K->38134K(66560K), 0.0010250 secs] [Times: user=0.01 sys=0.00, real=0.00 secs] 
228.060: Total time for which application threads were stopped: 0.0011730 seconds, Stopping threads took: 0.0000720 seconds
228.086: Application time: 0.0259200 seconds
228.086: [GC [PSYoungGen: 19900K->2512K(20480K)] 55490K->41174K(66560K), 0.0015640 secs] [Times: user=0.01 sys=0.00, real=0.00 secs] 
228.088: Total time for which application threads were stopped: 0.0017300 seconds, Stopping threads took: 0.0000960 seconds
228.126: Application time: 0.0379040 seconds
228.126: [GC [PSYoungGen: 19873K->2496K(20480K)] 58536K->42182K(66560K), 0.0009870 secs] [Times: user=0.00 sys=0.00, real=0.00 secs] 
228.127: Total time for which application threads were stopped: 0.0011430 seconds, Stopping threads took: 0.0000790 seconds
228.156: Application time: 0.0286260 seconds
228.156: [GC [PSYoungGen: 20182K->2496K(20480K)] 59869K->45254K(66560K), 0.0015040 secs] [Times: user=0.01 sys=0.00, real=0.00 secs] 
228.157: [Full GC [PSYoungGen: 2496K->0K(20480K)] [ParOldGen: 42758K->8952K(46080K)] 45254K->8952K(66560K) [PSPermGen: 5528K->5528K(21504K)], 0.0058410 secs] [Times: user=0.02 sys=0.00, real=0.01 secs] 
228.163: Total time for which application threads were stopped: 0.0075480 seconds, Stopping threads took: 0.0000860 seconds
228.197: Application time: 0.0333270 seconds
228.197: [GC [PSYoungGen: 17050K->2304K(20480K)] 26003K->14328K(66560K), 0.0015040 secs] [Times: user=0.01 sys=0.00, real=0.00 secs] 
228.198: Total time for which application threads were stopped: 0.0016450 seconds, Stopping threads took: 0.0000710 seconds
228.228: Application time: 0.0296980 seconds
228.228: [GC [PSYoungGen: 20224K->2304K(20480K)] 32248K->20472K(66560K), 0.0022430 secs] [Times: user=0.01 sys=0.00, real=0.00 secs] 
228.230: Total time for which application threads were stopped: 0.0024450 seconds, Stopping threads took: 0.0001280 seconds
228.267: Application time: 0.0362710 seconds
228.267: [GC [PSYoungGen: 19439K->2304K(20480K)] 37608K->23544K(66560K), 0.0014020 secs] [Times: user=0.01 sys=0.00, real=0.00 secs] 
228.268: Total time for which application threads were stopped: 0.0015480 seconds, Stopping threads took: 0.0000760 seconds
228.298: Application time: 0.0295050 seconds
228.298: [GC [PSYoungGen: 20224K->2304K(20480K)] 41464K->29689K(66560K), 0.0022410 secs] [Times: user=0.01 sys=0.00, real=0.01 secs] 
228.300: Total time for which application threads were stopped: 0.0023870 seconds, Stopping threads took: 0.0000700 seconds
228.336: Application time: 0.0361000 seconds
228.336: [GC [PSYoungGen: 19420K->2304K(20480K)] 46805K->32761K(66560K), 0.0013510 secs] [Times: user=0.01 sys=0.00, real=0.00 secs] 
228.338: Total time for which application threads were stopped: 0.0015050 seconds, Stopping threads took: 0.0000840 seconds
228.362: Application time: 0.0247200 seconds
228.363: [GC [PSYoungGen: 20156K->2304K(20480K)] 50613K->37881K(66560K), 0.0021010 secs] [Times: user=0.01 sys=0.00, real=0.00 secs] 
228.365: Total time for which application threads were stopped: 0.0022480 seconds, Stopping threads took: 0.0000740 seconds
228.400: Application time: 0.0348870 seconds
228.400: [GC [PSYoungGen: 20223K->2304K(20480K)] 55801K->43001K(66560K), 0.0020920 secs] [Times: user=0.02 sys=0.00, real=0.00 secs] 
228.402: [Full GC [PSYoungGen: 2304K->0K(20480K)] [ParOldGen: 40697K->11017K(46080K)] 43001K->11017K(66560K) [PSPermGen: 5528K->5528K(21504K)], 0.0061580 secs] [Times: user=0.02 sys=0.00, real=0.00 secs] 
228.408: Total time for which application threads were stopped: 0.0084380 seconds, Stopping threads took: 0.0000620 seconds
228.438: Application time: 0.0300810 seconds
228.438: [GC [PSYoungGen: 17088K->2304K(20480K)] 28105K->18441K(66560K), 0.0020440 secs] [Times: user=0.02 sys=0.00, real=0.01 secs] 
228.440: Total time for which application threads were stopped: 0.0021950 seconds, Stopping threads took: 0.0000810 seconds
228.473: Application time: 0.0322330 seconds
228.473: [GC [PSYoungGen: 19209K->2320K(20480K)] 35347K->22553K(66560K), 0.0017970 secs] [Times: user=0.01 sys=0.00, real=0.00 secs] 
228.475: Total time for which application threads were stopped: 0.0019460 seconds, Stopping threads took: 0.0000680 seconds
228.505: Application time: 0.0305350 seconds
228.505: [GC [PSYoungGen: 19516K->2336K(20480K)] 39750K->27689K(66560K), 0.0020940 secs] [Times: user=0.02 sys=0.00, real=0.00 secs] 
228.507: Total time for which application threads were stopped: 0.0022470 seconds, Stopping threads took: 0.0000740 seconds
228.541: Application time: 0.0336140 seconds
228.541: [GC [PSYoungGen: 20256K->2368K(20480K)] 45609K->32841K(66560K), 0.0020730 secs] [Times: user=0.01 sys=0.00, real=0.00 secs] 
228.543: Total time for which application threads were stopped: 0.0022040 seconds, Stopping threads took: 0.0000520 seconds
228.574: Application time: 0.0309710 seconds
228.574: [GC [PSYoungGen: 19919K->2416K(20480K)] 50393K->38010K(66560K), 0.0021200 secs] [Times: user=0.01 sys=0.00, real=0.00 secs] 
228.576: Total time for which application threads were stopped: 0.0022740 seconds, Stopping threads took: 0.0000760 seconds
228.608: Application time: 0.0317560 seconds
