Java HotSpot(TM) 64-Bit Server VM (24.80-b11) for linux-amd64 JRE (1.7.0_80-b15), built on Apr 10 2015 19:53:14 by "java_re" with gcc 4.3.0 20080428 (Red Hat 4.3.0-8)
Memory: 4k page, physical 8000092k(5975440k free), swap 8218620k(8218620k free)
CommandLine flags: -XX:InitialHeapSize=25417728 -XX:MaxHeapSize=25417728 -XX:+PrintGC -XX:+PrintGCApplicationConcurrentTime -XX:+PrintGCApplicationStoppedTime -XX:+PrintGCDetails -XX:+PrintGCTimeStamps -XX:-UseAdaptiveSizePolicy -XX:+UseCompressedOops -XX:+UseParallelGC -XX:+UseParallelOldGC 
1.007: Application time: 0.9868960 seconds
1.007: Total time for which application threads were stopped: 0.0000410 seconds, Stopping threads took: 0.0000110 seconds
4.025: Application time: 3.0184700 seconds
4.025: Total time for which application threads were stopped: 0.0000630 seconds, Stopping threads took: 0.0000120 seconds
15.121: Application time: 11.0953860 seconds
15.121: Total time for which application threads were stopped: 0.0000210 seconds, Stopping threads took: 0.0000070 seconds
15.121: Application time: 0.0000580 seconds
15.121: Total time for which application threads were stopped: 0.0000070 seconds, Stopping threads took: 0.0000030 seconds
15.122: Application time: 0.0014960 seconds
15.122: Total time for which application threads were stopped: 0.0000200 seconds, Stopping threads took: 0.0000030 seconds
15.125: Application time: 0.0029700 seconds
15.125: [GC [PSYoungGen: 6656K->1008K(7680K)] 6656K->2647K(24576K), 0.0020280 secs] [Times: user=0.01 sys=0.00, real=0.01 secs] 
15.128: Total time for which application threads were stopped: 0.0020990 seconds, Stopping threads took: 0.0000070 seconds
15.128: Application time: 0.0001180 seconds
15.128: Total time for which application threads were stopped: 0.0000760 seconds, Stopping threads took: 0.0000400 seconds
15.128: Application time: 0.0000930 seconds
15.128: Total time for which application threads were stopped: 0.0000160 seconds, Stopping threads took: 0.0000080 seconds
15.128: Application time: 0.0000410 seconds
15.128: Total time for which application threads were stopped: 0.0000200 seconds, Stopping threads took: 0.0000150 seconds
15.128: Application time: 0.0000180 seconds
15.128: Total time for which application threads were stopped: 0.0000080 seconds, Stopping threads took: 0.0000050 seconds
15.128: Application time: 0.0000170 seconds
15.128: Total time for which application threads were stopped: 0.0000170 seconds, Stopping threads took: 0.0000140 seconds
15.128: Application time: 0.0000160 seconds
15.128: Total time for which application threads were stopped: 0.0000140 seconds, Stopping threads took: 0.0000100 seconds
15.128: Application time: 0.0000160 seconds
15.128: Total time for which application threads were stopped: 0.0000080 seconds, Stopping threads took: 0.0000050 seconds
15.128: Application time: 0.0000150 seconds
15.128: Total time for which application threads were stopped: 0.0000080 seconds, Stopping threads took: 0.0000050 seconds
15.128: Application time: 0.0000150 seconds
15.128: Total time for which application threads were stopped: 0.0000080 seconds, Stopping threads took: 0.0000050 seconds
15.128: Application time: 0.0000160 seconds
15.128: Total time for which application threads were stopped: 0.0000090 seconds, Stopping threads took: 0.0000050 seconds
15.128: Application time: 0.0000160 seconds
15.128: Total time for which application threads were stopped: 0.0000070 seconds, Stopping threads took: 0.0000040 seconds
15.128: Application time: 0.0000150 seconds
15.128: Total time for which application threads were stopped: 0.0000150 seconds, Stopping threads took: 0.0000110 seconds
15.128: Application time: 0.0000150 seconds
15.128: Total time for which application threads were stopped: 0.0000150 seconds, Stopping threads took: 0.0000120 seconds
15.128: Application time: 0.0000150 seconds
15.128: Total time for which application threads were stopped: 0.0000140 seconds, Stopping threads took: 0.0000100 seconds
15.128: Application time: 0.0000150 seconds
15.128: Total time for which application threads were stopped: 0.0000110 seconds, Stopping threads took: 0.0000080 seconds
15.128: Application time: 0.0000150 seconds
15.128: Total time for which application threads were stopped: 0.0000080 seconds, Stopping threads took: 0.0000050 seconds
15.128: Application time: 0.0000150 seconds
15.128: Total time for which application threads were stopped: 0.0000120 seconds, Stopping threads took: 0.0000090 seconds
15.128: Application time: 0.0000150 seconds
15.128: Total time for which application threads were stopped: 0.0000140 seconds, Stopping threads took: 0.0000100 seconds
15.128: Application time: 0.0000170 seconds
15.128: Total time for which application threads were stopped: 0.0000110 seconds, Stopping threads took: 0.0000070 seconds
15.128: Application time: 0.0000160 seconds
15.128: Total time for which application threads were stopped: 0.0000290 seconds, Stopping threads took: 0.0000100 seconds
15.129: Application time: 0.0004490 seconds
15.129: Total time for which application threads were stopped: 0.0000170 seconds, Stopping threads took: 0.0000130 seconds
15.145: Application time: 0.0157410 seconds
15.145: Total time for which application threads were stopped: 0.0000310 seconds, Stopping threads took: 0.0000080 seconds
15.159: Application time: 0.0139390 seconds
15.159: [GC [PSYoungGen: 3473K->1008K(7680K)] 5113K->3203K(24576K), 0.0011180 secs] [Times: user=0.01 sys=0.00, real=0.01 secs] 
15.160: [Full GC [PSYoungGen: 1008K->0K(7680K)] [ParOldGen: 2195K->3013K(16896K)] 3203K->3013K(24576K) [PSPermGen: 5076K->5074K(21504K)], 0.0163240 secs] [Times: user=0.07 sys=0.00, real=0.01 secs] 
15.176: Total time for which application threads were stopped: 0.0175480 seconds, Stopping threads took: 0.0000060 seconds
15.176: Application time: 0.0000440 seconds
15.176: [GC [PSYoungGen: 0K->0K(7680K)] 3013K->3013K(24576K), 0.0002540 secs] [Times: user=0.01 sys=0.00, real=0.00 secs] 
15.176: [Full GC [PSYoungGen: 0K->0K(7680K)] [ParOldGen: 3013K->3013K(16896K)] 3013K->3013K(24576K) [PSPermGen: 5074K->5074K(21504K)], 0.0051120 secs] [Times: user=0.02 sys=0.00, real=0.01 secs] 
15.182: Total time for which application threads were stopped: 0.0054570 seconds, Stopping threads took: 0.0000070 seconds
15.182: Application time: 0.0000700 seconds
15.182: Total time for which application threads were stopped: 0.0000230 seconds, Stopping threads took: 0.0000150 seconds
15.182: Application time: 0.0000510 seconds
15.182: Total time for which application threads were stopped: 0.0000180 seconds, Stopping threads took: 0.0000140 seconds
15.182: Application time: 0.0000140 seconds
15.182: Total time for which application threads were stopped: 0.0000080 seconds, Stopping threads took: 0.0000040 seconds
15.182: Application time: 0.0000130 seconds
15.182: Total time for which application threads were stopped: 0.0000180 seconds, Stopping threads took: 0.0000130 seconds
15.182: Application time: 0.0000140 seconds
15.182: Total time for which application threads were stopped: 0.0000140 seconds, Stopping threads took: 0.0000100 seconds
15.182: Application time: 0.0000130 seconds
15.182: Total time for which application threads were stopped: 0.0000110 seconds, Stopping threads took: 0.0000060 seconds
15.182: Application time: 0.0000130 seconds
15.182: Total time for which application threads were stopped: 0.0000170 seconds, Stopping threads took: 0.0000130 seconds
15.182: Application time: 0.0000130 seconds
15.182: Total time for which application threads were stopped: 0.0000170 seconds, Stopping threads took: 0.0000130 seconds
15.182: Application time: 0.0000120 seconds
15.182: Total time for which application threads were stopped: 0.0000140 seconds, Stopping threads took: 0.0000110 seconds
15.182: Application time: 0.0000100 seconds
15.182: Total time for which application threads were stopped: 0.0000140 seconds, Stopping threads took: 0.0000110 seconds
15.182: Application time: 0.0000110 seconds
15.182: Total time for which application threads were stopped: 0.0000130 seconds, Stopping threads took: 0.0000090 seconds
15.182: Application time: 0.0000120 seconds
15.182: Total time for which application threads were stopped: 0.0000120 seconds, Stopping threads took: 0.0000090 seconds
15.182: Application time: 0.0000100 seconds
15.182: Total time for which application threads were stopped: 0.0000080 seconds, Stopping threads took: 0.0000050 seconds
15.182: Application time: 0.0000100 seconds
15.182: Total time for which application threads were stopped: 0.0000150 seconds, Stopping threads took: 0.0000110 seconds
15.182: Application time: 0.0000100 seconds
15.182: Total time for which application threads were stopped: 0.0000140 seconds, Stopping threads took: 0.0000110 seconds
15.182: Application time: 0.0000090 seconds
15.182: Total time for which application threads were stopped: 0.0000200 seconds, Stopping threads took: 0.0000170 seconds
15.182: Application time: 0.0000090 seconds
15.182: Total time for which application threads were stopped: 0.0000150 seconds, Stopping threads took: 0.0000110 seconds
15.182: Application time: 0.0000100 seconds
15.182: Total time for which application threads were stopped: 0.0000140 seconds, Stopping threads took: 0.0000110 seconds
15.182: Application time: 0.0000110 seconds
15.182: Total time for which application threads were stopped: 0.0000140 seconds, Stopping threads took: 0.0000110 seconds
15.182: Application time: 0.0000100 seconds
15.182: Total time for which application threads were stopped: 0.0000220 seconds, Stopping threads took: 0.0000110 seconds
15.184: Application time: 0.0019230 seconds
15.184: Total time for which application threads were stopped: 0.0000260 seconds, Stopping threads took: 0.0000180 seconds
15.184: Application time: 0.0001150 seconds
15.184: Total time for which application threads were stopped: 0.0000550 seconds, Stopping threads took: 0.0000450 seconds
15.185: Application time: 0.0004250 seconds
15.185: Total time for which application threads were stopped: 0.0000240 seconds, Stopping threads took: 0.0000130 seconds
15.191: Application time: 0.0066360 seconds
15.192: Total time for which application threads were stopped: 0.0000760 seconds, Stopping threads took: 0.0000600 seconds
15.192: Application time: 0.0009100 seconds
15.193: Total time for which application threads were stopped: 0.0000620 seconds, Stopping threads took: 0.0000500 seconds
15.193: Application time: 0.0002910 seconds
15.193: Total time for which application threads were stopped: 0.0000520 seconds, Stopping threads took: 0.0000410 seconds
15.193: Application time: 0.0000320 seconds
15.193: Total time for which application threads were stopped: 0.0000460 seconds, Stopping threads took: 0.0000160 seconds
15.193: Application time: 0.0001260 seconds
15.193: Total time for which application threads were stopped: 0.0000110 seconds, Stopping threads took: 0.0000040 seconds
15.193: Application time: 0.0001160 seconds
15.193: Total time for which application threads were stopped: 0.0000080 seconds, Stopping threads took: 0.0000030 seconds
15.197: Application time: 0.0033600 seconds
15.197: Total time for which application threads were stopped: 0.0000660 seconds, Stopping threads took: 0.0000510 seconds
15.197: Application time: 0.0003280 seconds
15.197: Total time for which application threads were stopped: 0.0000720 seconds, Stopping threads took: 0.0000560 seconds
15.199: Application time: 0.0017000 seconds
15.199: Total time for which application threads were stopped: 0.0000410 seconds, Stopping threads took: 0.0000280 seconds
15.199: Application time: 0.0000350 seconds
15.199: Total time for which application threads were stopped: 0.0000600 seconds, Stopping threads took: 0.0000450 seconds
15.199: Application time: 0.0005810 seconds
15.200: Total time for which application threads were stopped: 0.0000430 seconds, Stopping threads took: 0.0000300 seconds
15.205: Application time: 0.0052960 seconds
15.205: Total time for which application threads were stopped: 0.0000760 seconds, Stopping threads took: 0.0000400 seconds
15.205: Application time: 0.0000730 seconds
15.205: Total time for which application threads were stopped: 0.0000330 seconds, Stopping threads took: 0.0000200 seconds
15.205: Application time: 0.0000220 seconds
15.205: Total time for which application threads were stopped: 0.0000650 seconds, Stopping threads took: 0.0000550 seconds
15.205: Application time: 0.0000210 seconds
15.205: Total time for which application threads were stopped: 0.0000220 seconds, Stopping threads took: 0.0000130 seconds
15.207: Application time: 0.0014270 seconds
15.207: Total time for which application threads were stopped: 0.0000430 seconds, Stopping threads took: 0.0000300 seconds
15.209: Application time: 0.0028360 seconds
15.210: Total time for which application threads were stopped: 0.0000690 seconds, Stopping threads took: 0.0000290 seconds
15.392: Application time: 0.1827160 seconds
15.392: [GC [PSYoungGen: 6651K->1008K(7680K)] 9665K->5379K(24576K), 0.0019930 secs] [Times: user=0.00 sys=0.01, real=0.00 secs] 
15.394: Total time for which application threads were stopped: 0.0021490 seconds, Stopping threads took: 0.0000620 seconds
15.524: Application time: 0.1291200 seconds
15.524: [GC [PSYoungGen: 7661K->1008K(7680K)] 12032K->5551K(24576K), 0.0008370 secs] [Times: user=0.01 sys=0.00, real=0.00 secs] 
15.524: Total time for which application threads were stopped: 0.0009560 seconds, Stopping threads took: 0.0000320 seconds
15.585: Application time: 0.0608930 seconds
15.585: [GC [PSYoungGen: 7664K->1008K(7680K)] 12207K->5851K(24576K), 0.0010990 secs] [Times: user=0.00 sys=0.00, real=0.00 secs] 
15.587: Total time for which application threads were stopped: 0.0012510 seconds, Stopping threads took: 0.0000770 seconds
15.671: Application time: 0.0840150 seconds
15.675: [GC [PSYoungGen: 7664K->1008K(7680K)] 12507K->6019K(24576K), 0.0010680 secs] [Times: user=0.00 sys=0.00, real=0.00 secs] 
15.676: Total time for which application threads were stopped: 0.0053250 seconds, Stopping threads took: 0.0041710 seconds
15.767: Application time: 0.0908330 seconds
15.771: [GC [PSYoungGen: 7659K->992K(7680K)] 12671K->6464K(24576K), 0.0009170 secs] [Times: user=0.00 sys=0.00, real=0.00 secs] 
15.772: Total time for which application threads were stopped: 0.0050110 seconds, Stopping threads took: 0.0040240 seconds
15.845: Application time: 0.0734400 seconds
15.845: [GC [PSYoungGen: 7648K->1008K(7680K)] 13120K->6664K(24576K), 0.0008180 secs] [Times: user=0.01 sys=0.01, real=0.00 secs] 
15.846: Total time for which application threads were stopped: 0.0010710 seconds, Stopping threads took: 0.0001650 seconds
15.903: Application time: 0.0564420 seconds
15.903: [GC [PSYoungGen: 7661K->1008K(7680K)] 13318K->6876K(24576K), 0.0008740 secs] [Times: user=0.00 sys=0.00, real=0.00 secs] 
15.904: Total time for which application threads were stopped: 0.0009700 seconds, Stopping threads took: 0.0000150 seconds
15.967: Application time: 0.0633230 seconds
15.967: [GC [PSYoungGen: 7662K->1008K(7680K)] 13530K->6892K(24576K), 0.0007270 secs] [Times: user=0.00 sys=0.00, real=0.00 secs] 
15.968: Total time for which application threads were stopped: 0.0008270 seconds, Stopping threads took: 0.0000330 seconds
16.031: Application time: 0.0626240 seconds
16.031: [GC [PSYoungGen: 7661K->960K(7680K)] 13546K->6972K(24576K), 0.0009010 secs] [Times: user=0.01 sys=0.00, real=0.00 secs] 
16.032: Total time for which application threads were stopped: 0.0010720 seconds, Stopping threads took: 0.0000930 seconds
16.094: Application time: 0.0628910 seconds
16.095: [GC [PSYoungGen: 7615K->976K(7680K)] 13628K->6988K(24576K), 0.0009080 secs] [Times: user=0.01 sys=0.00, real=0.00 secs] 
16.096: Total time for which application threads were stopped: 0.0010670 seconds, Stopping threads took: 0.0000790 seconds
16.160: Application time: 0.0643190 seconds
16.160: [GC [PSYoungGen: 7630K->1008K(7680K)] 13642K->7020K(24576K), 0.0009440 secs] [Times: user=0.00 sys=0.00, real=0.00 secs] 
16.161: Total time for which application threads were stopped: 0.0010870 seconds, Stopping threads took: 0.0000690 seconds
16.224: Application time: 0.0627580 seconds
16.224: [GC [PSYoungGen: 7662K->912K(7680K)] 13674K->6924K(24576K), 0.0009380 secs] [Times: user=0.00 sys=0.00, real=0.00 secs] 
16.225: Total time for which application threads were stopped: 0.0011060 seconds, Stopping threads took: 0.0000730 seconds
16.286: Application time: 0.0609090 seconds
16.287: [GC [PSYoungGen: 7566K->992K(7680K)] 13578K->7157K(24576K), 0.0009490 secs] [Times: user=0.01 sys=0.00, real=0.00 secs] 
16.288: Total time for which application threads were stopped: 0.0020840 seconds, Stopping threads took: 0.0010530 seconds
16.346: Application time: 0.0580030 seconds
16.346: [GC [PSYoungGen: 7643K->992K(7680K)] 13809K->7181K(24576K), 0.0006540 secs] [Times: user=0.00 sys=0.00, real=0.00 secs] 
16.347: Total time for which application threads were stopped: 0.0007710 seconds, Stopping threads took: 0.0000560 seconds
16.387: Application time: 0.0406850 seconds
16.391: [GC [PSYoungGen: 7646K->1008K(7680K)] 13835K->7213K(24576K), 0.0007700 secs] [Times: user=0.01 sys=0.00, real=0.00 secs] 
16.392: Total time for which application threads were stopped: 0.0043460 seconds, Stopping threads took: 0.0034980 seconds
16.428: Application time: 0.0366460 seconds
16.428: [GC [PSYoungGen: 7663K->992K(7680K)] 13868K->7606K(24576K), 0.0006970 secs] [Times: user=0.00 sys=0.00, real=0.00 secs] 
16.429: Total time for which application threads were stopped: 0.0008360 seconds, Stopping threads took: 0.0000720 seconds
16.463: Application time: 0.0338400 seconds
16.467: [GC [PSYoungGen: 7647K->992K(7680K)] 14261K->7819K(24576K), 0.0007010 secs] [Times: user=0.00 sys=0.00, real=0.00 secs] 
16.468: Total time for which application threads were stopped: 0.0045940 seconds, Stopping threads took: 0.0038220 seconds
16.504: Application time: 0.0363670 seconds
16.504: [GC [PSYoungGen: 7647K->992K(7680K)] 14475K->7987K(24576K), 0.0006300 secs] [Times: user=0.01 sys=0.00, real=0.00 secs] 
16.505: Total time for which application threads were stopped: 0.0008250 seconds, Stopping threads took: 0.0001010 seconds
16.541: Application time: 0.0358970 seconds
16.542: [GC [PSYoungGen: 7645K->992K(7680K)] 14640K->8003K(24576K), 0.0006740 secs] [Times: user=0.01 sys=0.00, real=0.00 secs] 
16.542: Total time for which application threads were stopped: 0.0017550 seconds, Stopping threads took: 0.0010110 seconds
16.578: Application time: 0.0360550 seconds
16.579: [GC [PSYoungGen: 7645K->896K(7680K)] 14657K->8059K(24576K), 0.0005910 secs] [Times: user=0.01 sys=0.00, real=0.01 secs] 
16.579: Total time for which application threads were stopped: 0.0007460 seconds, Stopping threads took: 0.0000800 seconds
16.659: Application time: 0.0799950 seconds
16.659: [GC [PSYoungGen: 7549K->832K(7680K)] 14713K->8027K(24576K), 0.0004370 secs] [Times: user=0.01 sys=0.00, real=0.00 secs] 
16.660: Total time for which application threads were stopped: 0.0005440 seconds, Stopping threads took: 0.0000510 seconds
16.690: Application time: 0.0299650 seconds
16.690: [GC [PSYoungGen: 7484K->832K(7680K)] 14679K->8035K(24576K), 0.0004870 secs] [Times: user=0.00 sys=0.00, real=0.00 secs] 
16.690: Total time for which application threads were stopped: 0.0005830 seconds, Stopping threads took: 0.0000440 seconds
16.720: Application time: 0.0295530 seconds
16.720: [GC [PSYoungGen: 7486K->896K(7680K)] 14689K->8099K(24576K), 0.0004210 secs] [Times: user=0.00 sys=0.00, real=0.00 secs] 
16.720: Total time for which application threads were stopped: 0.0005380 seconds, Stopping threads took: 0.0000610 seconds
16.750: Application time: 0.0299180 seconds
16.750: [GC [PSYoungGen: 7550K->896K(7680K)] 14753K->8099K(24576K), 0.0003840 secs] [Times: user=0.00 sys=0.00, real=0.00 secs] 
16.751: Total time for which application threads were stopped: 0.0005060 seconds, Stopping threads took: 0.0000610 seconds
16.780: Application time: 0.0295030 seconds
16.780: [GC [PSYoungGen: 7550K->864K(7680K)] 14753K->8067K(24576K), 0.0004180 secs] [Times: user=0.00 sys=0.00, real=0.00 secs] 
16.781: Total time for which application threads were stopped: 0.0005180 seconds, Stopping threads took: 0.0000500 seconds
16.811: Application time: 0.0297100 seconds
16.811: [GC [PSYoungGen: 7516K->832K(7680K)] 14719K->8035K(24576K), 0.0003700 secs] [Times: user=0.00 sys=0.00, real=0.00 secs] 
16.811: Total time for which application threads were stopped: 0.0004700 seconds, Stopping threads took: 0.0000410 seconds
16.841: Application time: 0.0295230 seconds
16.841: [GC [PSYoungGen: 7486K->832K(7680K)] 14689K->8035K(24576K), 0.0004740 secs] [Times: user=0.00 sys=0.00, real=0.00 secs] 
16.841: Total time for which application threads were stopped: 0.0005730 seconds, Stopping threads took: 0.0000480 seconds
16.871: Application time: 0.0297960 seconds
16.871: [GC [PSYoungGen: 7486K->896K(7680K)] 14689K->8099K(24576K), 0.0003880 secs] [Times: user=0.00 sys=0.00, real=0.00 secs] 
16.871: Total time for which application threads were stopped: 0.0004890 seconds, Stopping threads took: 0.0000450 seconds
16.901: Application time: 0.0295380 seconds
16.901: [GC [PSYoungGen: 7550K->704K(7680K)] 14753K->8119K(24576K), 0.0003590 secs] [Times: user=0.00 sys=0.00, real=0.00 secs] 
16.901: Total time for which application threads were stopped: 0.0004650 seconds, Stopping threads took: 0.0000540 seconds
16.931: Application time: 0.0297850 seconds
16.931: [GC [PSYoungGen: 7358K->672K(7680K)] 14774K->8087K(24576K), 0.0003610 secs] [Times: user=0.00 sys=0.00, real=0.00 secs] 
16.932: Total time for which application threads were stopped: 0.0004520 seconds, Stopping threads took: 0.0000420 seconds
16.961: Application time: 0.0295070 seconds
16.961: [GC [PSYoungGen: 7326K->448K(7680K)] 14742K->8092K(24576K), 0.0003490 secs] [Times: user=0.00 sys=0.00, real=0.00 secs] 
16.962: Total time for which application threads were stopped: 0.0004480 seconds, Stopping threads took: 0.0000490 seconds
16.991: Application time: 0.0293710 seconds
16.991: [GC [PSYoungGen: 7102K->480K(7680K)] 14747K->8208K(24576K), 0.0003460 secs] [Times: user=0.00 sys=0.00, real=0.00 secs] 
16.991: Total time for which application threads were stopped: 0.0004390 seconds, Stopping threads took: 0.0000420 seconds
17.021: Application time: 0.0294850 seconds
17.021: [GC [PSYoungGen: 7134K->160K(7680K)] 14863K->8177K(24576K), 0.0003420 secs] [Times: user=0.00 sys=0.00, real=0.00 secs] 
17.021: Total time for which application threads were stopped: 0.0004320 seconds, Stopping threads took: 0.0000360 seconds
17.051: Application time: 0.0294380 seconds
17.051: [GC [PSYoungGen: 6814K->0K(7680K)] 14832K->8105K(24576K), 0.0003560 secs] [Times: user=0.00 sys=0.00, real=0.00 secs] 
17.051: Total time for which application threads were stopped: 0.0004450 seconds, Stopping threads took: 0.0000400 seconds
17.081: Application time: 0.0294000 seconds
17.081: [GC [PSYoungGen: 6654K->0K(7680K)] 14760K->8105K(24576K), 0.0003290 secs] [Times: user=0.00 sys=0.00, real=0.00 secs] 
17.081: Total time for which application threads were stopped: 0.0004290 seconds, Stopping threads took: 0.0000500 seconds
17.111: Application time: 0.0294910 seconds
17.111: [GC [PSYoungGen: 6654K->0K(7680K)] 14760K->8105K(24576K), 0.0003020 secs] [Times: user=0.00 sys=0.00, real=0.00 secs] 
17.111: Total time for which application threads were stopped: 0.0003890 seconds, Stopping threads took: 0.0000400 seconds
17.140: Application time: 0.0295050 seconds
17.141: [GC [PSYoungGen: 6654K->0K(7680K)] 14760K->8105K(24576K), 0.0003450 secs] [Times: user=0.00 sys=0.00, real=0.00 secs] 
17.141: Total time for which application threads were stopped: 0.0004260 seconds, Stopping threads took: 0.0000320 seconds
17.170: Application time: 0.0295210 seconds
17.171: [GC [PSYoungGen: 6654K->0K(7680K)] 14760K->8105K(24576K), 0.0003510 secs] [Times: user=0.01 sys=0.00, real=0.00 secs] 
17.171: Total time for which application threads were stopped: 0.0004500 seconds, Stopping threads took: 0.0000540 seconds
17.201: Application time: 0.0296410 seconds
17.201: [GC [PSYoungGen: 6652K->0K(7680K)] 14758K->8105K(24576K), 0.0003900 secs] [Times: user=0.00 sys=0.00, real=0.00 secs] 
17.201: Total time for which application threads were stopped: 0.0004940 seconds, Stopping threads took: 0.0000540 seconds
17.230: Application time: 0.0294240 seconds
17.231: [GC [PSYoungGen: 6654K->0K(7680K)] 14760K->8105K(24576K), 0.0002950 secs] [Times: user=0.01 sys=0.00, real=0.00 secs] 
17.231: Total time for which application threads were stopped: 0.0003960 seconds, Stopping threads took: 0.0000480 seconds
17.260: Application time: 0.0295240 seconds
17.260: [GC [PSYoungGen: 6652K->0K(7680K)] 14758K->8105K(24576K), 0.0003040 secs] [Times: user=0.01 sys=0.00, real=0.00 secs] 
17.261: Total time for which application threads were stopped: 0.0004020 seconds, Stopping threads took: 0.0000400 seconds
17.290: Application time: 0.0293930 seconds
17.290: [GC [PSYoungGen: 6654K->0K(7680K)] 14760K->8105K(24576K), 0.0002980 secs] [Times: user=0.00 sys=0.00, real=0.00 secs] 
17.291: Total time for which application threads were stopped: 0.0003860 seconds, Stopping threads took: 0.0000380 seconds
17.320: Application time: 0.0293110 seconds
17.320: [GC [PSYoungGen: 6654K->0K(7680K)] 14760K->8105K(24576K), 0.0002980 secs] [Times: user=0.00 sys=0.00, real=0.00 secs] 
17.320: Total time for which application threads were stopped: 0.0003990 seconds, Stopping threads took: 0.0000510 seconds
17.350: Application time: 0.0292720 seconds
17.350: [GC [PSYoungGen: 6654K->0K(7680K)] 14760K->8105K(24576K), 0.0002920 secs] [Times: user=0.00 sys=0.00, real=0.00 secs] 
17.350: Total time for which application threads were stopped: 0.0003920 seconds, Stopping threads took: 0.0000510 seconds
17.379: Application time: 0.0291810 seconds
17.379: [GC [PSYoungGen: 6654K->0K(7680K)] 14760K->8105K(24576K), 0.0003360 secs] [Times: user=0.00 sys=0.00, real=0.00 secs] 
17.380: Total time for which application threads were stopped: 0.0004250 seconds, Stopping threads took: 0.0000420 seconds
17.409: Application time: 0.0294930 seconds
17.409: [GC [PSYoungGen: 6654K->0K(7680K)] 14760K->8105K(24576K), 0.0002800 secs] [Times: user=0.00 sys=0.00, real=0.00 secs] 
17.409: Total time for which application threads were stopped: 0.0003620 seconds, Stopping threads took: 0.0000350 seconds
17.436: Application time: 0.0267220 seconds
17.436: [GC [PSYoungGen: 6652K->480K(7680K)] 14758K->8585K(24576K), 0.0003690 secs] [Times: user=0.00 sys=0.00, real=0.00 secs] 
17.437: Total time for which application threads were stopped: 0.0004580 seconds, Stopping threads took: 0.0000380 seconds
17.453: Application time: 0.0160810 seconds
17.453: [GC [PSYoungGen: 7133K->544K(7680K)] 15238K->8649K(24576K), 0.0003420 secs] [Times: user=0.00 sys=0.00, real=0.00 secs] 
17.453: Total time for which application threads were stopped: 0.0004400 seconds, Stopping threads took: 0.0000490 seconds
17.470: Application time: 0.0169140 seconds
17.470: [GC [PSYoungGen: 7198K->480K(7680K)] 15304K->8585K(24576K), 0.0003640 secs] [Times: user=0.01 sys=0.00, real=0.00 secs] 
17.470: Total time for which application threads were stopped: 0.0004670 seconds, Stopping threads took: 0.0000550 seconds
17.490: Application time: 0.0190860 seconds
17.490: [GC [PSYoungGen: 7134K->544K(7680K)] 15240K->8649K(24576K), 0.0003540 secs] [Times: user=0.00 sys=0.00, real=0.00 secs] 
17.490: Total time for which application threads were stopped: 0.0004540 seconds, Stopping threads took: 0.0000500 seconds
17.519: Application time: 0.0290190 seconds
17.519: [GC [PSYoungGen: 7198K->576K(7680K)] 15304K->8681K(24576K), 0.0003850 secs] [Times: user=0.00 sys=0.00, real=0.00 secs] 
17.520: Total time for which application threads were stopped: 0.0004900 seconds, Stopping threads took: 0.0000540 seconds
17.548: Application time: 0.0284240 seconds
17.548: [GC [PSYoungGen: 7180K->448K(7680K)] 15286K->8553K(24576K), 0.0003470 secs] [Times: user=0.00 sys=0.00, real=0.00 secs] 
17.548: Total time for which application threads were stopped: 0.0004620 seconds, Stopping threads took: 0.0000650 seconds
17.577: Application time: 0.0286530 seconds
17.577: [GC [PSYoungGen: 7100K->544K(7680K)] 15206K->8649K(24576K), 0.0003910 secs] [Times: user=0.00 sys=0.00, real=0.00 secs] 
17.578: Total time for which application threads were stopped: 0.0004780 seconds, Stopping threads took: 0.0000380 seconds
17.608: Application time: 0.0299540 seconds
17.608: [GC [PSYoungGen: 7198K->512K(7680K)] 15304K->8617K(24576K), 0.0004090 secs] [Times: user=0.00 sys=0.00, real=0.00 secs] 
17.608: Total time for which application threads were stopped: 0.0005520 seconds, Stopping threads took: 0.0000870 seconds
17.641: Application time: 0.0327850 seconds
17.641: [GC [PSYoungGen: 7167K->480K(7680K)] 15273K->8585K(24576K), 0.0004590 secs] [Times: user=0.00 sys=0.00, real=0.00 secs] 
17.641: Total time for which application threads were stopped: 0.0005680 seconds, Stopping threads took: 0.0000430 seconds
17.671: Application time: 0.0300270 seconds
17.672: [GC [PSYoungGen: 7134K->512K(7680K)] 15240K->8617K(24576K), 0.0003990 secs] [Times: user=0.01 sys=0.00, real=0.00 secs] 
17.672: Total time for which application threads were stopped: 0.0005340 seconds, Stopping threads took: 0.0000780 seconds
17.701: Application time: 0.0291810 seconds
17.701: [GC [PSYoungGen: 7166K->512K(7680K)] 15272K->8617K(24576K), 0.0003400 secs] [Times: user=0.00 sys=0.00, real=0.00 secs] 
17.702: Total time for which application threads were stopped: 0.0004370 seconds, Stopping threads took: 0.0000440 seconds
17.724: Application time: 0.0221800 seconds
17.724: [GC [PSYoungGen: 7164K->736K(7680K)] 15270K->8841K(24576K), 0.0003750 secs] [Times: user=0.00 sys=0.00, real=0.00 secs] 
17.724: Total time for which application threads were stopped: 0.0004730 seconds, Stopping threads took: 0.0000470 seconds
17.745: Application time: 0.0210700 seconds
17.745: [GC [PSYoungGen: 7391K->832K(7680K)] 15497K->8937K(24576K), 0.0004030 secs] [Times: user=0.00 sys=0.00, real=0.00 secs] 
17.746: Total time for which application threads were stopped: 0.0005050 seconds, Stopping threads took: 0.0000510 seconds
17.771: Application time: 0.0247490 seconds
17.771: [GC [PSYoungGen: 7484K->704K(7680K)] 15589K->8809K(24576K), 0.0003590 secs] [Times: user=0.00 sys=0.00, real=0.00 secs] 
17.771: Total time for which application threads were stopped: 0.0004680 seconds, Stopping threads took: 0.0000470 seconds
17.798: Application time: 0.0266990 seconds
17.798: [GC [PSYoungGen: 7358K->928K(7680K)] 15464K->9033K(24576K), 0.0004120 secs] [Times: user=0.00 sys=0.00, real=0.00 secs] 
17.798: Total time for which application threads were stopped: 0.0005170 seconds, Stopping threads took: 0.0000510 seconds
17.817: Application time: 0.0190030 seconds
17.817: [GC [PSYoungGen: 7581K->992K(7680K)] 15687K->9225K(24576K), 0.0004280 secs] [Times: user=0.00 sys=0.00, real=0.00 secs] 
17.818: Total time for which application threads were stopped: 0.0005180 seconds, Stopping threads took: 0.0000380 seconds
17.833: Application time: 0.0153320 seconds
17.833: [GC [PSYoungGen: 7644K->1008K(7680K)] 15878K->9370K(24576K), 0.0004760 secs] [Times: user=0.01 sys=0.00, real=0.00 secs] 
17.834: Total time for which application threads were stopped: 0.0005800 seconds, Stopping threads took: 0.0000500 seconds
17.846: Application time: 0.0127320 seconds
17.847: [GC [PSYoungGen: 7661K->1008K(7680K)] 16023K->9790K(24576K), 0.0004940 secs] [Times: user=0.00 sys=0.00, real=0.01 secs] 
17.847: Total time for which application threads were stopped: 0.0005940 seconds, Stopping threads took: 0.0000460 seconds
17.861: Application time: 0.0136870 seconds
17.861: [GC [PSYoungGen: 7661K->1008K(7680K)] 16443K->10062K(24576K), 0.0005310 secs] [Times: user=0.00 sys=0.00, real=0.00 secs] 
17.861: Total time for which application threads were stopped: 0.0006330 seconds, Stopping threads took: 0.0000470 seconds
17.873: Application time: 0.0112160 seconds
17.873: [GC [PSYoungGen: 7659K->992K(7680K)] 16713K->10614K(24576K), 0.0005650 secs] [Times: user=0.00 sys=0.00, real=0.00 secs] 
17.873: Total time for which application threads were stopped: 0.0006630 seconds, Stopping threads took: 0.0000400 seconds
17.886: Application time: 0.0122860 seconds
17.886: [GC [PSYoungGen: 7645K->992K(7680K)] 17267K->10978K(24576K), 0.0005100 secs] [Times: user=0.01 sys=0.00, real=0.00 secs] 
17.886: Total time for which application threads were stopped: 0.0006090 seconds, Stopping threads took: 0.0000450 seconds
17.904: Application time: 0.0181460 seconds
17.904: [GC [PSYoungGen: 7644K->992K(7680K)] 17631K->11170K(24576K), 0.0004910 secs] [Times: user=0.00 sys=0.00, real=0.00 secs] 
17.905: Total time for which application threads were stopped: 0.0005940 seconds, Stopping threads took: 0.0000490 seconds
17.929: Application time: 0.0238460 seconds
17.929: [GC [PSYoungGen: 7645K->992K(7680K)] 17824K->11523K(24576K), 0.0005200 secs] [Times: user=0.01 sys=0.00, real=0.00 secs] 
17.929: Total time for which application threads were stopped: 0.0006220 seconds, Stopping threads took: 0.0000450 seconds
17.956: Application time: 0.0261840 seconds
17.956: [GC [PSYoungGen: 7646K->1008K(7680K)] 18177K->11711K(24576K), 0.0004620 secs] [Times: user=0.00 sys=0.00, real=0.00 secs] 
17.956: Total time for which application threads were stopped: 0.0005630 seconds, Stopping threads took: 0.0000460 seconds
17.983: Application time: 0.0267750 seconds
17.983: [GC [PSYoungGen: 7660K->992K(7680K)] 18364K->11863K(24576K), 0.0004390 secs] [Times: user=0.00 sys=0.00, real=0.00 secs] 
17.983: Total time for which application threads were stopped: 0.0005430 seconds, Stopping threads took: 0.0000510 seconds
18.012: Application time: 0.0287920 seconds
18.012: [GC [PSYoungGen: 7646K->1008K(7680K)] 18518K->11895K(24576K), 0.0004450 secs] [Times: user=0.01 sys=0.00, real=0.00 secs] 
18.013: Total time for which application threads were stopped: 0.0005490 seconds, Stopping threads took: 0.0000500 seconds
18.041: Application time: 0.0287330 seconds
18.042: [GC [PSYoungGen: 7662K->1008K(7680K)] 18550K->11895K(24576K), 0.0004380 secs] [Times: user=0.01 sys=0.00, real=0.00 secs] 
18.042: Total time for which application threads were stopped: 0.0005380 seconds, Stopping threads took: 0.0000460 seconds
18.071: Application time: 0.0289280 seconds
18.071: [GC [PSYoungGen: 7662K->992K(7680K)] 18550K->11887K(24576K), 0.0004330 secs] [Times: user=0.00 sys=0.00, real=0.00 secs] 
18.072: Total time for which application threads were stopped: 0.0005330 seconds, Stopping threads took: 0.0000480 seconds
18.101: Application time: 0.0290320 seconds
18.101: [GC [PSYoungGen: 7644K->1008K(7680K)] 18539K->11915K(24576K), 0.0004280 secs] [Times: user=0.01 sys=0.00, real=0.00 secs] 
18.101: Total time for which application threads were stopped: 0.0005330 seconds, Stopping threads took: 0.0000500 seconds
18.130: Application time: 0.0285790 seconds
18.130: [GC [PSYoungGen: 7662K->976K(7680K)] 18570K->11883K(24576K), 0.0003980 secs] [Times: user=0.00 sys=0.00, real=0.00 secs] 
18.130: Total time for which application threads were stopped: 0.0005000 seconds, Stopping threads took: 0.0000510 seconds
18.157: Application time: 0.0270640 seconds
18.157: [GC [PSYoungGen: 7630K->1008K(7680K)] 18537K->12115K(24576K), 0.0005030 secs] [Times: user=0.01 sys=0.00, real=0.00 secs] 
18.158: Total time for which application threads were stopped: 0.0006020 seconds, Stopping threads took: 0.0000470 seconds
18.187: Application time: 0.0293060 seconds
18.187: [GC [PSYoungGen: 7664K->1008K(7680K)] 18771K->12147K(24576K), 0.0004260 secs] [Times: user=0.00 sys=0.00, real=0.00 secs] 
18.188: Total time for which application threads were stopped: 0.0005250 seconds, Stopping threads took: 0.0000450 seconds
18.216: Application time: 0.0287140 seconds
18.216: [GC [PSYoungGen: 7662K->1008K(7680K)] 18802K->12203K(24576K), 0.0004290 secs] [Times: user=0.00 sys=0.00, real=0.00 secs] 
18.217: Total time for which application threads were stopped: 0.0005410 seconds, Stopping threads took: 0.0000590 seconds
18.244: Application time: 0.0274320 seconds
18.244: [GC [PSYoungGen: 7662K->1008K(7680K)] 18857K->12379K(24576K), 0.0004540 secs] [Times: user=0.00 sys=0.00, real=0.00 secs] 
18.245: Total time for which application threads were stopped: 0.0005550 seconds, Stopping threads took: 0.0000460 seconds
18.271: Application time: 0.0263490 seconds
18.271: [GC [PSYoungGen: 7660K->992K(7680K)] 19032K->12744K(24576K), 0.0005200 secs] [Times: user=0.00 sys=0.00, real=0.00 secs] 
18.272: Total time for which application threads were stopped: 0.0006280 seconds, Stopping threads took: 0.0000480 seconds
18.298: Application time: 0.0258030 seconds
18.298: [GC [PSYoungGen: 7646K->992K(7680K)] 19399K->12968K(24576K), 0.0004320 secs] [Times: user=0.00 sys=0.00, real=0.00 secs] 
18.298: Total time for which application threads were stopped: 0.0005390 seconds, Stopping threads took: 0.0000440 seconds
18.327: Application time: 0.0283890 seconds
18.327: [GC [PSYoungGen: 7644K->992K(7680K)] 19620K->12984K(24576K), 0.0004880 secs] [Times: user=0.00 sys=0.00, real=0.01 secs] 
18.327: Total time for which application threads were stopped: 0.0005940 seconds, Stopping threads took: 0.0000520 seconds
18.357: Application time: 0.0295270 seconds
18.357: [GC [PSYoungGen: 7644K->992K(7680K)] 19636K->13040K(24576K), 0.0004590 secs] [Times: user=0.00 sys=0.00, real=0.00 secs] 
18.357: Total time for which application threads were stopped: 0.0005590 seconds, Stopping threads took: 0.0000510 seconds
18.387: Application time: 0.0295880 seconds
18.387: [GC [PSYoungGen: 7646K->960K(7680K)] 19695K->13024K(24576K), 0.0003960 secs] [Times: user=0.00 sys=0.00, real=0.00 secs] 
18.387: Total time for which application threads were stopped: 0.0005040 seconds, Stopping threads took: 0.0000570 seconds
18.417: Application time: 0.0298270 seconds
18.417: [GC [PSYoungGen: 7614K->960K(7680K)] 19679K->13032K(24576K), 0.0004220 secs] [Times: user=0.00 sys=0.00, real=0.00 secs] 
18.418: Total time for which application threads were stopped: 0.0005250 seconds, Stopping threads took: 0.0000500 seconds
18.448: Application time: 0.0301060 seconds
18.448: [GC [PSYoungGen: 7614K->960K(7680K)] 19687K->13032K(24576K), 0.0003980 secs] [Times: user=0.00 sys=0.00, real=0.00 secs] 
18.448: Total time for which application threads were stopped: 0.0005020 seconds, Stopping threads took: 0.0000510 seconds
18.478: Application time: 0.0297660 seconds
18.478: [GC [PSYoungGen: 7614K->992K(7680K)] 19687K->13064K(24576K), 0.0004400 secs] [Times: user=0.00 sys=0.00, real=0.00 secs] 
18.479: Total time for which application threads were stopped: 0.0005420 seconds, Stopping threads took: 0.0000490 seconds
18.508: Application time: 0.0296660 seconds
18.508: [GC [PSYoungGen: 7646K->960K(7680K)] 19719K->13032K(24576K), 0.0004050 secs] [Times: user=0.00 sys=0.00, real=0.00 secs] 
18.509: Total time for which application threads were stopped: 0.0004980 seconds, Stopping threads took: 0.0000410 seconds
18.539: Application time: 0.0297850 seconds
18.539: [GC [PSYoungGen: 7614K->992K(7680K)] 19687K->13072K(24576K), 0.0003870 secs] [Times: user=0.00 sys=0.00, real=0.01 secs] 
18.539: Total time for which application threads were stopped: 0.0004800 seconds, Stopping threads took: 0.0000400 seconds
18.569: Application time: 0.0298230 seconds
18.569: [GC [PSYoungGen: 7646K->960K(7680K)] 19727K->13040K(24576K), 0.0003950 secs] [Times: user=0.00 sys=0.00, real=0.00 secs] 
18.569: Total time for which application threads were stopped: 0.0004860 seconds, Stopping threads took: 0.0000390 seconds
18.599: Application time: 0.0296150 seconds
18.599: [GC [PSYoungGen: 7614K->800K(7680K)] 19695K->13068K(24576K), 0.0004310 secs] [Times: user=0.00 sys=0.00, real=0.00 secs] 
18.600: Total time for which application threads were stopped: 0.0005330 seconds, Stopping threads took: 0.0000490 seconds
18.630: Application time: 0.0299940 seconds
18.630: [GC [PSYoungGen: 7454K->768K(7680K)] 19723K->13036K(24576K), 0.0004380 secs] [Times: user=0.00 sys=0.00, real=0.00 secs] 
18.630: Total time for which application threads were stopped: 0.0005490 seconds, Stopping threads took: 0.0000540 seconds
18.660: Application time: 0.0302380 seconds
18.660: [GC [PSYoungGen: 7422K->800K(7680K)] 19691K->13068K(24576K), 0.0003610 secs] [Times: user=0.00 sys=0.00, real=0.00 secs] 
18.661: Total time for which application threads were stopped: 0.0004580 seconds, Stopping threads took: 0.0000420 seconds
18.690: Application time: 0.0296010 seconds
18.691: [GC [PSYoungGen: 7454K->736K(7680K)] 19723K->13057K(24576K), 0.0004290 secs] [Times: user=0.00 sys=0.00, real=0.00 secs] 
18.691: Total time for which application threads were stopped: 0.0005420 seconds, Stopping threads took: 0.0000520 seconds
18.721: Application time: 0.0296340 seconds
18.721: [GC [PSYoungGen: 7390K->672K(7680K)] 19712K->13065K(24576K), 0.0004090 secs] [Times: user=0.00 sys=0.00, real=0.00 secs] 
18.721: Total time for which application threads were stopped: 0.0005150 seconds, Stopping threads took: 0.0000530 seconds
18.751: Application time: 0.0300210 seconds
18.751: [GC [PSYoungGen: 7326K->256K(7680K)] 19720K->13058K(24576K), 0.0004460 secs] [Times: user=0.00 sys=0.00, real=0.00 secs] 
18.752: Total time for which application threads were stopped: 0.0005500 seconds, Stopping threads took: 0.0000530 seconds
18.781: Application time: 0.0296810 seconds
18.781: [GC [PSYoungGen: 6910K->0K(7680K)] 19713K->13022K(24576K), 0.0003750 secs] [Times: user=0.00 sys=0.00, real=0.00 secs] 
18.782: Total time for which application threads were stopped: 0.0004680 seconds, Stopping threads took: 0.0000380 seconds
18.812: Application time: 0.0297340 seconds
18.812: [GC [PSYoungGen: 6654K->0K(7680K)] 19677K->13022K(24576K), 0.0002950 secs] [Times: user=0.00 sys=0.00, real=0.00 secs] 
18.812: Total time for which application threads were stopped: 0.0003930 seconds, Stopping threads took: 0.0000370 seconds
18.842: Application time: 0.0296420 seconds
18.842: [GC [PSYoungGen: 6654K->0K(7680K)] 19677K->13022K(24576K), 0.0002960 secs] [Times: user=0.00 sys=0.00, real=0.00 secs] 
18.842: Total time for which application threads were stopped: 0.0003820 seconds, Stopping threads took: 0.0000380 seconds
18.872: Application time: 0.0301570 seconds
18.872: [GC [PSYoungGen: 6652K->0K(7680K)] 19675K->13022K(24576K), 0.0002960 secs] [Times: user=0.00 sys=0.00, real=0.00 secs] 
18.873: Total time for which application threads were stopped: 0.0003970 seconds, Stopping threads took: 0.0000530 seconds
18.902: Application time: 0.0297920 seconds
18.902: [GC [PSYoungGen: 6654K->0K(7680K)] 19677K->13022K(24576K), 0.0003100 secs] [Times: user=0.00 sys=0.00, real=0.00 secs] 
18.903: Total time for which application threads were stopped: 0.0004160 seconds, Stopping threads took: 0.0000540 seconds
18.932: Application time: 0.0296770 seconds
18.935: [GC [PSYoungGen: 6654K->0K(7680K)] 19677K->13022K(24576K), 0.0002950 secs] [Times: user=0.00 sys=0.00, real=0.00 secs] 
18.935: Total time for which application threads were stopped: 0.0026850 seconds, Stopping threads took: 0.0023420 seconds
18.965: Application time: 0.0296030 seconds
18.965: [GC [PSYoungGen: 6654K->0K(7680K)] 19677K->13022K(24576K), 0.0003050 secs] [Times: user=0.00 sys=0.00, real=0.00 secs] 
18.965: Total time for which application threads were stopped: 0.0004200 seconds, Stopping threads took: 0.0000650 seconds
18.995: Application time: 0.0295460 seconds
18.995: [GC [PSYoungGen: 6654K->0K(7680K)] 19677K->13022K(24576K), 0.0002990 secs] [Times: user=0.00 sys=0.00, real=0.00 secs] 
18.995: Total time for which application threads were stopped: 0.0003870 seconds, Stopping threads took: 0.0000410 seconds
19.025: Application time: 0.0295920 seconds
19.025: [GC [PSYoungGen: 6654K->0K(7680K)] 19677K->13022K(24576K), 0.0002970 secs] [Times: user=0.00 sys=0.00, real=0.00 secs] 
19.025: Total time for which application threads were stopped: 0.0003920 seconds, Stopping threads took: 0.0000480 seconds
19.055: Application time: 0.0295730 seconds
19.055: [GC [PSYoungGen: 6654K->0K(7680K)] 19677K->13022K(24576K), 0.0003070 secs] [Times: user=0.00 sys=0.00, real=0.00 secs] 
19.055: Total time for which application threads were stopped: 0.0003940 seconds, Stopping threads took: 0.0000370 seconds
19.084: Application time: 0.0294190 seconds
19.085: [GC [PSYoungGen: 6654K->0K(7680K)] 19677K->13022K(24576K), 0.0002750 secs] [Times: user=0.00 sys=0.00, real=0.00 secs] 
19.085: Total time for which application threads were stopped: 0.0003710 seconds, Stopping threads took: 0.0000500 seconds
19.114: Application time: 0.0294580 seconds
19.114: [GC [PSYoungGen: 6654K->0K(7680K)] 19677K->13022K(24576K), 0.0003420 secs] [Times: user=0.00 sys=0.00, real=0.00 secs] 
19.115: Total time for which application threads were stopped: 0.0004420 seconds, Stopping threads took: 0.0000390 seconds
19.144: Application time: 0.0292960 seconds
19.144: [GC [PSYoungGen: 6654K->0K(7680K)] 19677K->13022K(24576K), 0.0003310 secs] [Times: user=0.00 sys=0.00, real=0.00 secs] 
19.144: Total time for which application threads were stopped: 0.0004340 seconds, Stopping threads took: 0.0000530 seconds
19.167: Application time: 0.0230070 seconds
19.168: [GC [PSYoungGen: 6654K->512K(7680K)] 19677K->13535K(24576K), 0.0003500 secs] [Times: user=0.01 sys=0.00, real=0.00 secs] 
19.168: Total time for which application threads were stopped: 0.0004420 seconds, Stopping threads took: 0.0000450 seconds
19.184: Application time: 0.0156490 seconds
19.184: [GC [PSYoungGen: 7165K->512K(7680K)] 20188K->13535K(24576K), 0.0003590 secs] [Times: user=0.00 sys=0.00, real=0.00 secs] 
19.184: Total time for which application threads were stopped: 0.0004460 seconds, Stopping threads took: 0.0000360 seconds
19.201: Application time: 0.0166650 seconds
19.201: [GC [PSYoungGen: 7166K->512K(7680K)] 20189K->13535K(24576K), 0.0003360 secs] [Times: user=0.00 sys=0.00, real=0.00 secs] 
19.201: Total time for which application threads were stopped: 0.0004390 seconds, Stopping threads took: 0.0000520 seconds
19.224: Application time: 0.0229450 seconds
19.224: [GC [PSYoungGen: 7163K->544K(7680K)] 20186K->13567K(24576K), 0.0004280 secs] [Times: user=0.00 sys=0.00, real=0.00 secs] 
19.225: Total time for which application threads were stopped: 0.0005150 seconds, Stopping threads took: 0.0000360 seconds
19.253: Application time: 0.0286130 seconds
19.253: [GC [PSYoungGen: 7198K->544K(7680K)] 20221K->13567K(24576K), 0.0003600 secs] [Times: user=0.00 sys=0.00, real=0.00 secs] 
19.254: Total time for which application threads were stopped: 0.0004610 seconds, Stopping threads took: 0.0000540 seconds
19.281: Application time: 0.0272350 seconds
19.281: [GC [PSYoungGen: 7199K->544K(7680K)] 20222K->13567K(24576K), 0.0003580 secs] [Times: user=0.00 sys=0.00, real=0.00 secs] 
19.281: Total time for which application threads were stopped: 0.0004600 seconds, Stopping threads took: 0.0000520 seconds
19.311: Application time: 0.0292440 seconds
19.311: [GC [PSYoungGen: 7198K->512K(7680K)] 20221K->13535K(24576K), 0.0003650 secs] [Times: user=0.00 sys=0.00, real=0.00 secs] 
19.311: Total time for which application threads were stopped: 0.0004600 seconds, Stopping threads took: 0.0000480 seconds
19.340: Application time: 0.0294090 seconds
19.341: [GC [PSYoungGen: 7166K->512K(7680K)] 20189K->13535K(24576K), 0.0003520 secs] [Times: user=0.00 sys=0.00, real=0.00 secs] 
19.341: Total time for which application threads were stopped: 0.0004560 seconds, Stopping threads took: 0.0000480 seconds
19.370: Application time: 0.0293150 seconds
19.370: [GC [PSYoungGen: 7166K->608K(7680K)] 20189K->13631K(24576K), 0.0003740 secs] [Times: user=0.00 sys=0.00, real=0.00 secs] 
19.371: Total time for which application threads were stopped: 0.0004590 seconds, Stopping threads took: 0.0000370 seconds
19.400: Application time: 0.0291510 seconds
19.400: [GC [PSYoungGen: 7262K->544K(7680K)] 20285K->13567K(24576K), 0.0003170 secs] [Times: user=0.00 sys=0.00, real=0.00 secs] 
19.400: Total time for which application threads were stopped: 0.0003920 seconds, Stopping threads took: 0.0000270 seconds
19.430: Application time: 0.0293170 seconds
19.430: [GC [PSYoungGen: 7198K->512K(7680K)] 20221K->13535K(24576K), 0.0003670 secs] [Times: user=0.00 sys=0.00, real=0.00 secs] 
19.430: Total time for which application threads were stopped: 0.0004570 seconds, Stopping threads took: 0.0000420 seconds
19.454: Application time: 0.0235010 seconds
19.454: [GC [PSYoungGen: 7074K->672K(7680K)] 20097K->13695K(24576K), 0.0004010 secs] [Times: user=0.00 sys=0.00, real=0.00 secs] 
19.454: Total time for which application threads were stopped: 0.0004950 seconds, Stopping threads took: 0.0000460 seconds
19.475: Application time: 0.0208590 seconds
19.475: [GC [PSYoungGen: 7327K->640K(7680K)] 20350K->13663K(24576K), 0.0003690 secs] [Times: user=0.00 sys=0.00, real=0.00 secs] 
19.475: Total time for which application threads were stopped: 0.0004550 seconds, Stopping threads took: 0.0000400 seconds
19.499: Application time: 0.0231770 seconds
19.499: [GC [PSYoungGen: 7291K->896K(7680K)] 20314K->13919K(24576K), 0.0003870 secs] [Times: user=0.00 sys=0.00, real=0.01 secs] 
19.499: Total time for which application threads were stopped: 0.0004720 seconds, Stopping threads took: 0.0000330 seconds
19.521: Application time: 0.0224420 seconds
19.522: [GC [PSYoungGen: 7547K->864K(7680K)] 20570K->13887K(24576K), 0.0004540 secs] [Times: user=0.00 sys=0.00, real=0.00 secs] 
19.522: Total time for which application threads were stopped: 0.0005610 seconds, Stopping threads took: 0.0000560 seconds
19.543: Application time: 0.0207920 seconds
19.543: [GC [PSYoungGen: 7517K->896K(7680K)] 20540K->13919K(24576K), 0.0003840 secs] [Times: user=0.00 sys=0.00, real=0.00 secs] 
19.543: Total time for which application threads were stopped: 0.0004920 seconds, Stopping threads took: 0.0000570 seconds
19.559: Application time: 0.0157650 seconds
19.559: [GC [PSYoungGen: 7549K->992K(7680K)] 20572K->14159K(24576K), 0.0004980 secs] [Times: user=0.00 sys=0.00, real=0.00 secs] 
19.560: Total time for which application threads were stopped: 0.0006080 seconds, Stopping threads took: 0.0000560 seconds
19.580: Application time: 0.0202150 seconds
19.580: [GC [PSYoungGen: 7593K->960K(7680K)] 20760K->14255K(24576K), 0.0004520 secs] [Times: user=0.00 sys=0.00, real=0.00 secs] 
19.580: Total time for which application threads were stopped: 0.0005580 seconds, Stopping threads took: 0.0000540 seconds
19.594: Application time: 0.0138740 seconds
19.599: [GC [PSYoungGen: 7614K->1008K(7680K)] 20909K->14451K(24576K), 0.0006650 secs] [Times: user=0.00 sys=0.00, real=0.00 secs] 
19.600: Total time for which application threads were stopped: 0.0051740 seconds, Stopping threads took: 0.0044520 seconds
19.613: Application time: 0.0130570 seconds
19.613: [GC [PSYoungGen: 7660K->1008K(7680K)] 21103K->14767K(24576K), 0.0005420 secs] [Times: user=0.00 sys=0.00, real=0.00 secs] 
19.613: Total time for which application threads were stopped: 0.0006570 seconds, Stopping threads took: 0.0000570 seconds
19.627: Application time: 0.0135900 seconds
19.627: [GC [PSYoungGen: 7663K->1008K(7680K)] 21423K->15067K(24576K), 0.0005410 secs] [Times: user=0.00 sys=0.00, real=0.00 secs] 
19.627: Total time for which application threads were stopped: 0.0006470 seconds, Stopping threads took: 0.0000450 seconds
19.641: Application time: 0.0133260 seconds
19.641: [GC [PSYoungGen: 7661K->992K(7680K)] 21721K->15323K(24576K), 0.0004450 secs] [Times: user=0.00 sys=0.00, real=0.00 secs] 
19.641: Total time for which application threads were stopped: 0.0005480 seconds, Stopping threads took: 0.0000480 seconds
19.663: Application time: 0.0213770 seconds
19.663: [GC [PSYoungGen: 7643K->992K(7680K)] 21975K->15459K(24576K), 0.0004940 secs] [Times: user=0.00 sys=0.00, real=0.00 secs] 
19.663: Total time for which application threads were stopped: 0.0006070 seconds, Stopping threads took: 0.0000570 seconds
19.690: Application time: 0.0271710 seconds
19.695: [GC [PSYoungGen: 7645K->992K(7680K)] 22113K->15659K(24576K), 0.0005310 secs] [Times: user=0.00 sys=0.00, real=0.00 secs] 
19.695: Total time for which application threads were stopped: 0.0049080 seconds, Stopping threads took: 0.0043190 seconds
19.721: Application time: 0.0257690 seconds
19.721: [GC [PSYoungGen: 7646K->1008K(7680K)] 22314K->15776K(24576K), 0.0004600 secs] [Times: user=0.00 sys=0.00, real=0.00 secs] 
19.722: Total time for which application threads were stopped: 0.0005510 seconds, Stopping threads took: 0.0000380 seconds
19.750: Application time: 0.0285630 seconds
19.755: [GC [PSYoungGen: 7662K->976K(7680K)] 22431K->15872K(24576K), 0.0004940 secs] [Times: user=0.00 sys=0.00, real=0.00 secs] 
19.755: Total time for which application threads were stopped: 0.0050760 seconds, Stopping threads took: 0.0045260 seconds
19.784: Application time: 0.0285590 seconds
19.784: [GC [PSYoungGen: 7630K->976K(7680K)] 22527K->15872K(24576K), 0.0004480 secs] [Times: user=0.00 sys=0.00, real=0.00 secs] 
19.784: Total time for which application threads were stopped: 0.0005560 seconds, Stopping threads took: 0.0000510 seconds
19.813: Application time: 0.0287030 seconds
19.813: [GC [PSYoungGen: 7630K->960K(7680K)] 22527K->15856K(24576K), 0.0003820 secs] [Times: user=0.00 sys=0.00, real=0.00 secs] 
19.814: Total time for which application threads were stopped: 0.0004900 seconds, Stopping threads took: 0.0000540 seconds
19.842: Application time: 0.0285460 seconds
19.842: [GC [PSYoungGen: 7614K->1008K(7680K)] 22511K->15904K(24576K), 0.0003930 secs] [Times: user=0.00 sys=0.00, real=0.00 secs] 
19.843: Total time for which application threads were stopped: 0.0005190 seconds, Stopping threads took: 0.0000570 seconds
19.871: Application time: 0.0285640 seconds
19.871: [GC [PSYoungGen: 7662K->944K(7680K)] 22559K->15840K(24576K), 0.0004340 secs] [Times: user=0.00 sys=0.00, real=0.00 secs] 
19.872: Total time for which application threads were stopped: 0.0005230 seconds, Stopping threads took: 0.0000380 seconds
19.899: Application time: 0.0270650 seconds
19.899: [GC [PSYoungGen: 7597K->992K(7680K)] 22494K->16008K(24576K), 0.0004610 secs] [Times: user=0.00 sys=0.00, real=0.00 secs] 
19.899: Total time for which application threads were stopped: 0.0005670 seconds, Stopping threads took: 0.0000510 seconds
19.928: Application time: 0.0287870 seconds
19.931: [GC [PSYoungGen: 7644K->992K(7680K)] 22660K->16056K(24576K), 0.0004750 secs] [Times: user=0.00 sys=0.00, real=0.00 secs] 
19.931: Total time for which application threads were stopped: 0.0030750 seconds, Stopping threads took: 0.0025460 seconds
19.959: Application time: 0.0279800 seconds
19.959: [GC [PSYoungGen: 7644K->992K(7680K)] 22708K->16240K(24576K), 0.0004750 secs] [Times: user=0.00 sys=0.00, real=0.00 secs] 
19.960: Total time for which application threads were stopped: 0.0005670 seconds, Stopping threads took: 0.0000420 seconds
19.988: Application time: 0.0280640 seconds
19.988: [GC [PSYoungGen: 7647K->992K(7680K)] 22895K->16528K(24576K), 0.0004410 secs] [Times: user=0.01 sys=0.00, real=0.00 secs] 
19.989: Total time for which application threads were stopped: 0.0005640 seconds, Stopping threads took: 0.0000630 seconds
20.017: Application time: 0.0282260 seconds
20.017: [GC [PSYoungGen: 7645K->992K(7680K)] 23182K->16621K(24576K), 0.0004410 secs] [Times: user=0.00 sys=0.00, real=0.00 secs] 
20.017: Total time for which application threads were stopped: 0.0005340 seconds, Stopping threads took: 0.0000420 seconds
20.044: Application time: 0.0272140 seconds
20.045: [GC [PSYoungGen: 7647K->992K(7680K)] 23276K->16885K(24576K), 0.0004900 secs] [Times: user=0.01 sys=0.00, real=0.00 secs] 
20.045: Total time for which application threads were stopped: 0.0005990 seconds, Stopping threads took: 0.0000510 seconds
20.071: Application time: 0.0261190 seconds
20.071: [GC [PSYoungGen: 7645K->992K(7680K)] 23538K->17293K(24576K), 0.0005250 secs] [Times: user=0.00 sys=0.00, real=0.00 secs] 
20.072: Total time for which application threads were stopped: 0.0006220 seconds, Stopping threads took: 0.0000410 seconds
20.101: Application time: 0.0293270 seconds
20.101: [GC [PSYoungGen: 7646K->992K(7680K)] 23948K->17301K(24576K), 0.0004210 secs] [Times: user=0.00 sys=0.00, real=0.00 secs] 
20.102: Total time for which application threads were stopped: 0.0005120 seconds, Stopping threads took: 0.0000380 seconds
20.131: Application time: 0.0292940 seconds
20.131: [GC [PSYoungGen: 7646K->928K(7680K)] 23956K->17245K(24576K), 0.0003950 secs] [Times: user=0.00 sys=0.00, real=0.00 secs] 
20.131: Total time for which application threads were stopped: 0.0004980 seconds, Stopping threads took: 0.0000470 seconds
20.161: Application time: 0.0294170 seconds
20.161: [GC [PSYoungGen: 7582K->864K(7680K)] 23900K->17301K(24576K), 0.0004220 secs] [Times: user=0.00 sys=0.00, real=0.00 secs] 
20.161: Total time for which application threads were stopped: 0.0005250 seconds, Stopping threads took: 0.0000510 seconds
20.191: Application time: 0.0295670 seconds
20.191: [GC [PSYoungGen: 7518K->864K(7680K)] 23956K->17301K(24576K), 0.0003940 secs] [Times: user=0.01 sys=0.00, real=0.00 secs] 
20.191: Total time for which application threads were stopped: 0.0004830 seconds, Stopping threads took: 0.0000390 seconds
20.221: Application time: 0.0298110 seconds
20.221: [GC [PSYoungGen: 7518K->864K(7680K)] 23956K->17301K(24576K), 0.0004920 secs] [Times: user=0.00 sys=0.00, real=0.00 secs] 
20.222: Total time for which application threads were stopped: 0.0005960 seconds, Stopping threads took: 0.0000480 seconds
20.252: Application time: 0.0298330 seconds
20.252: [GC [PSYoungGen: 7518K->896K(7680K)] 23956K->17333K(24576K), 0.0004630 secs] [Times: user=0.00 sys=0.00, real=0.00 secs] 
20.252: Total time for which application threads were stopped: 0.0005610 seconds, Stopping threads took: 0.0000450 seconds
20.283: Application time: 0.0302980 seconds
20.283: [GC [PSYoungGen: 7550K->832K(7680K)] 23988K->17269K(24576K), 0.0003960 secs] [Times: user=0.00 sys=0.00, real=0.00 secs] 
20.283: Total time for which application threads were stopped: 0.0004990 seconds, Stopping threads took: 0.0000480 seconds
20.313: Application time: 0.0295810 seconds
20.313: [GC [PSYoungGen: 7486K->864K(7680K)] 23924K->17301K(24576K), 0.0003780 secs] [Times: user=0.00 sys=0.00, real=0.00 secs] 
20.313: Total time for which application threads were stopped: 0.0004770 seconds, Stopping threads took: 0.0000480 seconds
20.343: Application time: 0.0301650 seconds
20.343: [GC [PSYoungGen: 7518K->800K(7680K)] 23956K->17301K(24576K), 0.0004050 secs] [Times: user=0.00 sys=0.00, real=0.00 secs] 
20.344: Total time for which application threads were stopped: 0.0005160 seconds, Stopping threads took: 0.0000530 seconds
20.373: Application time: 0.0295150 seconds
20.373: [GC [PSYoungGen: 7454K->768K(7680K)] 23956K->17269K(24576K), 0.0004260 secs] [Times: user=0.00 sys=0.00, real=0.00 secs] 
20.374: Total time for which application threads were stopped: 0.0005330 seconds, Stopping threads took: 0.0000560 seconds
20.403: Application time: 0.0294290 seconds
20.403: [GC [PSYoungGen: 7422K->832K(7680K)] 23924K->17333K(24576K), 0.0003880 secs] [Times: user=0.01 sys=0.00, real=0.00 secs] 
20.404: Total time for which application threads were stopped: 0.0004820 seconds, Stopping threads took: 0.0000400 seconds
20.433: Application time: 0.0296520 seconds
20.434: [GC [PSYoungGen: 7486K->768K(7680K)] 23988K->17353K(24576K), 0.0003960 secs] [Times: user=0.00 sys=0.00, real=0.00 secs] 
20.434: [Full GC [PSYoungGen: 768K->0K(7680K)] [ParOldGen: 16585K->4134K(16896K)] 17353K->4134K(24576K) [PSPermGen: 5534K->5534K(21504K)], 0.0131870 secs] [Times: user=0.08 sys=0.00, real=0.02 secs] 
20.447: Total time for which application threads were stopped: 0.0137320 seconds, Stopping threads took: 0.0000470 seconds
20.447: Application time: 0.0001170 seconds
20.447: Total time for which application threads were stopped: 0.0000820 seconds, Stopping threads took: 0.0000540 seconds
20.447: Application time: 0.0000220 seconds
20.447: Total time for which application threads were stopped: 0.0000450 seconds, Stopping threads took: 0.0000330 seconds
20.447: Application time: 0.0000140 seconds
20.448: Total time for which application threads were stopped: 0.0000370 seconds, Stopping threads took: 0.0000260 seconds
20.448: Application time: 0.0000130 seconds
20.448: Total time for which application threads were stopped: 0.0000410 seconds, Stopping threads took: 0.0000300 seconds
20.448: Application time: 0.0000130 seconds
20.448: Total time for which application threads were stopped: 0.0000340 seconds, Stopping threads took: 0.0000250 seconds
20.448: Application time: 0.0000130 seconds
20.448: Total time for which application threads were stopped: 0.0000380 seconds, Stopping threads took: 0.0000280 seconds
20.448: Application time: 0.0000340 seconds
20.448: Total time for which application threads were stopped: 0.0000500 seconds, Stopping threads took: 0.0000370 seconds
20.448: Application time: 0.0000170 seconds
20.448: Total time for which application threads were stopped: 0.0000410 seconds, Stopping threads took: 0.0000310 seconds
20.478: Application time: 0.0297130 seconds
20.478: [GC [PSYoungGen: 6652K->0K(7680K)] 10786K->4134K(24576K), 0.0003420 secs] [Times: user=0.00 sys=0.00, real=0.00 secs] 
20.478: Total time for which application threads were stopped: 0.0004310 seconds, Stopping threads took: 0.0000450 seconds
20.507: Application time: 0.0294660 seconds
20.507: [GC [PSYoungGen: 6654K->0K(7680K)] 10788K->4134K(24576K), 0.0003200 secs] [Times: user=0.00 sys=0.00, real=0.00 secs] 
20.508: Total time for which application threads were stopped: 0.0004180 seconds, Stopping threads took: 0.0000510 seconds
20.537: Application time: 0.0295190 seconds
20.537: [GC [PSYoungGen: 6654K->0K(7680K)] 10788K->4134K(24576K), 0.0002760 secs] [Times: user=0.00 sys=0.00, real=0.00 secs] 
20.538: Total time for which application threads were stopped: 0.0003700 seconds, Stopping threads took: 0.0000470 seconds
20.567: Application time: 0.0296040 seconds
20.567: [GC [PSYoungGen: 6654K->0K(7680K)] 10788K->4134K(24576K), 0.0002830 secs] [Times: user=0.00 sys=0.00, real=0.00 secs] 
20.568: Total time for which application threads were stopped: 0.0003800 seconds, Stopping threads took: 0.0000530 seconds
20.597: Application time: 0.0295550 seconds
20.599: [GC [PSYoungGen: 6654K->0K(7680K)] 10788K->4134K(24576K), 0.0003320 secs] [Times: user=0.00 sys=0.00, real=0.00 secs] 
20.600: Total time for which application threads were stopped: 0.0031070 seconds, Stopping threads took: 0.0015060 seconds
20.630: Application time: 0.0298470 seconds
20.630: [GC [PSYoungGen: 6654K->0K(7680K)] 10788K->4134K(24576K), 0.0003440 secs] [Times: user=0.00 sys=0.00, real=0.00 secs] 
20.631: Total time for which application threads were stopped: 0.0004930 seconds, Stopping threads took: 0.0000900 seconds
20.660: Application time: 0.0295560 seconds
20.660: [GC [PSYoungGen: 6654K->0K(7680K)] 10788K->4134K(24576K), 0.0002830 secs] [Times: user=0.00 sys=0.00, real=0.00 secs] 
20.661: Total time for which application threads were stopped: 0.0004080 seconds, Stopping threads took: 0.0000760 seconds
20.690: Application time: 0.0295030 seconds
20.690: [GC [PSYoungGen: 6654K->0K(7680K)] 10788K->4134K(24576K), 0.0003000 secs] [Times: user=0.00 sys=0.00, real=0.00 secs] 
20.691: Total time for which application threads were stopped: 0.0003880 seconds, Stopping threads took: 0.0000410 seconds
20.720: Application time: 0.0294670 seconds
20.720: [GC [PSYoungGen: 6654K->0K(7680K)] 10788K->4134K(24576K), 0.0002840 secs] [Times: user=0.00 sys=0.00, real=0.00 secs] 
20.720: Total time for which application threads were stopped: 0.0003740 seconds, Stopping threads took: 0.0000440 seconds
20.750: Application time: 0.0295070 seconds
20.750: [GC [PSYoungGen: 6654K->0K(7680K)] 10788K->4134K(24576K), 0.0002970 secs] [Times: user=0.00 sys=0.00, real=0.00 secs] 
20.750: Total time for which application threads were stopped: 0.0003890 seconds, Stopping threads took: 0.0000450 seconds
20.780: Application time: 0.0294930 seconds
20.780: [GC [PSYoungGen: 6654K->0K(7680K)] 10788K->4134K(24576K), 0.0002940 secs] [Times: user=0.00 sys=0.00, real=0.00 secs] 
20.780: Total time for which application threads were stopped: 0.0003880 seconds, Stopping threads took: 0.0000460 seconds
20.810: Application time: 0.0294670 seconds
20.810: [GC [PSYoungGen: 6654K->0K(7680K)] 10788K->4134K(24576K), 0.0002950 secs] [Times: user=0.00 sys=0.00, real=0.00 secs] 
20.810: Total time for which application threads were stopped: 0.0003960 seconds, Stopping threads took: 0.0000560 seconds
20.839: Application time: 0.0293970 seconds
20.840: [GC [PSYoungGen: 6654K->0K(7680K)] 10788K->4134K(24576K), 0.0003430 secs] [Times: user=0.00 sys=0.00, real=0.00 secs] 
20.840: Total time for which application threads were stopped: 0.0004430 seconds, Stopping threads took: 0.0000530 seconds
20.869: Application time: 0.0292790 seconds
20.869: [GC [PSYoungGen: 6654K->0K(7680K)] 10788K->4134K(24576K), 0.0003000 secs] [Times: user=0.00 sys=0.00, real=0.00 secs] 
20.870: Total time for which application threads were stopped: 0.0004030 seconds, Stopping threads took: 0.0000480 seconds
20.899: Application time: 0.0294380 seconds
20.903: [GC [PSYoungGen: 6654K->0K(7680K)] 10788K->4134K(24576K), 0.0003050 secs] [Times: user=0.00 sys=0.00, real=0.00 secs] 
20.903: Total time for which application threads were stopped: 0.0040820 seconds, Stopping threads took: 0.0037310 seconds
20.925: Application time: 0.0221420 seconds
20.925: [GC [PSYoungGen: 6651K->480K(7680K)] 10785K->4614K(24576K), 0.0003520 secs] [Times: user=0.00 sys=0.00, real=0.00 secs] 
20.926: Total time for which application threads were stopped: 0.0004500 seconds, Stopping threads took: 0.0000470 seconds
20.941: Application time: 0.0156360 seconds
20.941: [GC [PSYoungGen: 7133K->544K(7680K)] 11267K->4678K(24576K), 0.0003490 secs] [Times: user=0.00 sys=0.00, real=0.00 secs] 
20.942: Total time for which application threads were stopped: 0.0004510 seconds, Stopping threads took: 0.0000500 seconds
20.959: Application time: 0.0167170 seconds
20.959: [GC [PSYoungGen: 7198K->544K(7680K)] 11332K->4678K(24576K), 0.0003550 secs] [Times: user=0.00 sys=0.00, real=0.01 secs] 
20.959: Total time for which application threads were stopped: 0.0004380 seconds, Stopping threads took: 0.0000350 seconds
20.983: Application time: 0.0235640 seconds
20.983: [GC [PSYoungGen: 7195K->544K(7680K)] 11329K->4678K(24576K), 0.0003250 secs] [Times: user=0.00 sys=0.00, real=0.00 secs] 
20.983: Total time for which application threads were stopped: 0.0004310 seconds, Stopping threads took: 0.0000550 seconds
21.012: Application time: 0.0288730 seconds
21.012: [GC [PSYoungGen: 7196K->512K(7680K)] 11330K->4646K(24576K), 0.0003470 secs] [Times: user=0.00 sys=0.00, real=0.00 secs] 
21.012: Total time for which application threads were stopped: 0.0004400 seconds, Stopping threads took: 0.0000430 seconds
21.039: Application time: 0.0271730 seconds
21.040: [GC [PSYoungGen: 7165K->544K(7680K)] 11299K->4678K(24576K), 0.0003290 secs] [Times: user=0.00 sys=0.00, real=0.00 secs] 
21.040: Total time for which application threads were stopped: 0.0004120 seconds, Stopping threads took: 0.0000330 seconds
21.069: Application time: 0.0294930 seconds
21.069: [GC [PSYoungGen: 7196K->544K(7680K)] 11330K->4678K(24576K), 0.0003290 secs] [Times: user=0.01 sys=0.00, real=0.00 secs] 
21.070: Total time for which application threads were stopped: 0.0004240 seconds, Stopping threads took: 0.0000480 seconds
21.099: Application time: 0.0294050 seconds
21.099: [GC [PSYoungGen: 7198K->544K(7680K)] 11332K->4678K(24576K), 0.0003130 secs] [Times: user=0.00 sys=0.00, real=0.00 secs] 
21.100: Total time for which application threads were stopped: 0.0004080 seconds, Stopping threads took: 0.0000480 seconds
21.129: Application time: 0.0294270 seconds
21.129: [GC [PSYoungGen: 7198K->512K(7680K)] 11332K->4646K(24576K), 0.0003200 secs] [Times: user=0.00 sys=0.00, real=0.00 secs] 
21.129: Total time for which application threads were stopped: 0.0004150 seconds, Stopping threads took: 0.0000470 seconds
21.159: Application time: 0.0295380 seconds
21.159: [GC [PSYoungGen: 7166K->512K(7680K)] 11300K->4646K(24576K), 0.0003230 secs] [Times: user=0.00 sys=0.00, real=0.00 secs] 
21.159: Total time for which application threads were stopped: 0.0004210 seconds, Stopping threads took: 0.0000480 seconds
21.189: Application time: 0.0292300 seconds
21.191: [GC [PSYoungGen: 7166K->512K(7680K)] 11300K->4646K(24576K), 0.0003160 secs] [Times: user=0.00 sys=0.00, real=0.00 secs] 
21.191: Total time for which application threads were stopped: 0.0024950 seconds, Stopping threads took: 0.0021320 seconds
21.215: Application time: 0.0243370 seconds
21.216: [GC [PSYoungGen: 7166K->704K(7680K)] 11300K->4838K(24576K), 0.0003650 secs] [Times: user=0.00 sys=0.00, real=0.00 secs] 
21.216: Total time for which application threads were stopped: 0.0004630 seconds, Stopping threads took: 0.0000480 seconds
21.236: Application time: 0.0204190 seconds
21.236: [GC [PSYoungGen: 7356K->768K(7680K)] 11490K->4902K(24576K), 0.0003760 secs] [Times: user=0.00 sys=0.00, real=0.00 secs] 
21.237: Total time for which application threads were stopped: 0.0004640 seconds, Stopping threads took: 0.0000400 seconds
21.260: Application time: 0.0234950 seconds
21.260: [GC [PSYoungGen: 7419K->768K(7680K)] 11553K->4902K(24576K), 0.0003550 secs] [Times: user=0.00 sys=0.00, real=0.00 secs] 
21.261: Total time for which application threads were stopped: 0.0004630 seconds, Stopping threads took: 0.0000530 seconds
21.283: Application time: 0.0217340 seconds
21.283: [GC [PSYoungGen: 7420K->896K(7680K)] 11554K->5030K(24576K), 0.0003910 secs] [Times: user=0.00 sys=0.00, real=0.00 secs] 
21.283: Total time for which application threads were stopped: 0.0004960 seconds, Stopping threads took: 0.0000530 seconds
21.304: Application time: 0.0208970 seconds
21.304: [GC [PSYoungGen: 7549K->960K(7680K)] 11683K->5094K(24576K), 0.0003590 secs] [Times: user=0.01 sys=0.00, real=0.00 secs] 
21.304: Total time for which application threads were stopped: 0.0004510 seconds, Stopping threads took: 0.0000390 seconds
21.324: Application time: 0.0200000 seconds
21.324: [GC [PSYoungGen: 7615K->992K(7680K)] 11749K->5254K(24576K), 0.0004180 secs] [Times: user=0.00 sys=0.00, real=0.00 secs] 
21.325: Total time for which application threads were stopped: 0.0005230 seconds, Stopping threads took: 0.0000510 seconds
21.345: Application time: 0.0202860 seconds
21.345: [GC [PSYoungGen: 7644K->992K(7680K)] 11906K->5254K(24576K), 0.0005080 secs] [Times: user=0.00 sys=0.00, real=0.00 secs] 
21.346: Total time for which application threads were stopped: 0.0006050 seconds, Stopping threads took: 0.0000460 seconds
21.362: Application time: 0.0166150 seconds
21.362: [GC [PSYoungGen: 7645K->992K(7680K)] 11907K->5774K(24576K), 0.0005390 secs] [Times: user=0.00 sys=0.00, real=0.00 secs] 
21.363: Total time for which application threads were stopped: 0.0006350 seconds, Stopping threads took: 0.0000430 seconds
21.376: Application time: 0.0129790 seconds
21.376: [GC [PSYoungGen: 7645K->992K(7680K)] 12428K->6275K(24576K), 0.0006230 secs] [Times: user=0.00 sys=0.00, real=0.00 secs] 
21.377: Total time for which application threads were stopped: 0.0007370 seconds, Stopping threads took: 0.0000470 seconds
21.391: Application time: 0.0141620 seconds
21.391: [GC [PSYoungGen: 7646K->976K(7680K)] 12929K->6387K(24576K), 0.0005030 secs] [Times: user=0.00 sys=0.00, real=0.00 secs] 
21.392: Total time for which application threads were stopped: 0.0006210 seconds, Stopping threads took: 0.0000620 seconds
21.405: Application time: 0.0135480 seconds
21.405: [GC [PSYoungGen: 7631K->992K(7680K)] 13042K->6543K(24576K), 0.0004750 secs] [Times: user=0.01 sys=0.00, real=0.00 secs] 
21.406: Total time for which application threads were stopped: 0.0006150 seconds, Stopping threads took: 0.0000600 seconds
21.424: Application time: 0.0178800 seconds
21.427: [GC [PSYoungGen: 7646K->1008K(7680K)] 13197K->6668K(24576K), 0.0004610 secs] [Times: user=0.00 sys=0.00, real=0.00 secs] 
21.427: Total time for which application threads were stopped: 0.0037130 seconds, Stopping threads took: 0.0031930 seconds
21.453: Application time: 0.0251910 seconds
21.453: [GC [PSYoungGen: 7659K->1008K(7680K)] 13319K->7053K(24576K), 0.0005390 secs] [Times: user=0.00 sys=0.00, real=0.00 secs] 
21.453: Total time for which application threads were stopped: 0.0006390 seconds, Stopping threads took: 0.0000450 seconds
21.480: Application time: 0.0269290 seconds
21.480: [GC [PSYoungGen: 7661K->1008K(7680K)] 13706K->7273K(24576K), 0.0004680 secs] [Times: user=0.01 sys=0.00, real=0.00 secs] 
21.481: Total time for which application threads were stopped: 0.0005690 seconds, Stopping threads took: 0.0000460 seconds
21.508: Application time: 0.0272120 seconds
21.508: [GC [PSYoungGen: 7664K->1008K(7680K)] 13929K->7601K(24576K), 0.0004790 secs] [Times: user=0.00 sys=0.00, real=0.00 secs] 
21.508: Total time for which application threads were stopped: 0.0005870 seconds, Stopping threads took: 0.0000520 seconds
21.537: Application time: 0.0287540 seconds
21.537: [GC [PSYoungGen: 7662K->1008K(7680K)] 14256K->7625K(24576K), 0.0004640 secs] [Times: user=0.00 sys=0.00, real=0.00 secs] 
21.538: Total time for which application threads were stopped: 0.0005700 seconds, Stopping threads took: 0.0000520 seconds
21.567: Application time: 0.0287630 seconds
21.567: [GC [PSYoungGen: 7662K->992K(7680K)] 14280K->7621K(24576K), 0.0004470 secs] [Times: user=0.00 sys=0.00, real=0.01 secs] 
21.567: Total time for which application threads were stopped: 0.0005430 seconds, Stopping threads took: 0.0000430 seconds
21.596: Application time: 0.0288500 seconds
21.596: [GC [PSYoungGen: 7646K->928K(7680K)] 14276K->7685K(24576K), 0.0004480 secs] [Times: user=0.00 sys=0.00, real=0.00 secs] 
21.597: Total time for which application threads were stopped: 0.0005610 seconds, Stopping threads took: 0.0000620 seconds
21.625: Application time: 0.0289750 seconds
21.626: [GC [PSYoungGen: 7582K->944K(7680K)] 14340K->7701K(24576K), 0.0005140 secs] [Times: user=0.00 sys=0.00, real=0.00 secs] 
21.626: Total time for which application threads were stopped: 0.0006240 seconds, Stopping threads took: 0.0000510 seconds
21.653: Application time: 0.0273020 seconds
21.654: [GC [PSYoungGen: 7598K->1008K(7680K)] 14355K->7893K(24576K), 0.0004780 secs] [Times: user=0.00 sys=0.00, real=0.00 secs] 
21.654: Total time for which application threads were stopped: 0.0005950 seconds, Stopping threads took: 0.0000590 seconds
21.683: Application time: 0.0287120 seconds
21.683: [GC [PSYoungGen: 7662K->992K(7680K)] 14548K->7953K(24576K), 0.0004550 secs] [Times: user=0.00 sys=0.00, real=0.00 secs] 
21.683: Total time for which application threads were stopped: 0.0005650 seconds, Stopping threads took: 0.0000550 seconds
21.711: Application time: 0.0276120 seconds
21.711: [GC [PSYoungGen: 7644K->992K(7680K)] 14605K->8065K(24576K), 0.0004270 secs] [Times: user=0.00 sys=0.00, real=0.00 secs] 
21.711: Total time for which application threads were stopped: 0.0005330 seconds, Stopping threads took: 0.0000520 seconds
21.740: Application time: 0.0289540 seconds
21.740: [GC [PSYoungGen: 7646K->992K(7680K)] 14720K->8153K(24576K), 0.0004680 secs] [Times: user=0.00 sys=0.00, real=0.00 secs] 
21.741: Total time for which application threads were stopped: 0.0005660 seconds, Stopping threads took: 0.0000450 seconds
21.770: Application time: 0.0286870 seconds
21.770: [GC [PSYoungGen: 7644K->960K(7680K)] 14806K->8370K(24576K), 0.0004810 secs] [Times: user=0.00 sys=0.00, real=0.00 secs] 
21.770: Total time for which application threads were stopped: 0.0005910 seconds, Stopping threads took: 0.0000540 seconds
21.798: Application time: 0.0272670 seconds
21.798: [GC [PSYoungGen: 7614K->960K(7680K)] 15024K->8394K(24576K), 0.0005190 secs] [Times: user=0.00 sys=0.00, real=0.00 secs] 
21.798: Total time for which application threads were stopped: 0.0006200 seconds, Stopping threads took: 0.0000450 seconds
21.824: Application time: 0.0258140 seconds
21.824: [GC [PSYoungGen: 7613K->992K(7680K)] 15048K->8603K(24576K), 0.0004380 secs] [Times: user=0.00 sys=0.00, real=0.00 secs] 
21.824: Total time for which application threads were stopped: 0.0005400 seconds, Stopping threads took: 0.0000490 seconds
21.853: Application time: 0.0285040 seconds
21.853: [GC [PSYoungGen: 7645K->960K(7680K)] 15256K->8699K(24576K), 0.0004310 secs] [Times: user=0.01 sys=0.00, real=0.00 secs] 
21.854: Total time for which application threads were stopped: 0.0005430 seconds, Stopping threads took: 0.0000540 seconds
21.883: Application time: 0.0295090 seconds
21.883: [GC [PSYoungGen: 7614K->864K(7680K)] 15353K->8619K(24576K), 0.0004060 secs] [Times: user=0.00 sys=0.00, real=0.00 secs] 
21.884: Total time for which application threads were stopped: 0.0005220 seconds, Stopping threads took: 0.0000510 seconds
21.913: Application time: 0.0296920 seconds
21.913: [GC [PSYoungGen: 7516K->896K(7680K)] 15271K->8659K(24576K), 0.0003780 secs] [Times: user=0.00 sys=0.00, real=0.00 secs] 
21.914: Total time for which application threads were stopped: 0.0004840 seconds, Stopping threads took: 0.0000550 seconds
21.943: Application time: 0.0295330 seconds
21.943: [GC [PSYoungGen: 7550K->896K(7680K)] 15313K->8691K(24576K), 0.0003940 secs] [Times: user=0.00 sys=0.00, real=0.00 secs] 
21.944: Total time for which application threads were stopped: 0.0004900 seconds, Stopping threads took: 0.0000450 seconds
21.973: Application time: 0.0296430 seconds
21.973: [GC [PSYoungGen: 7550K->864K(7680K)] 15345K->8659K(24576K), 0.0003800 secs] [Times: user=0.01 sys=0.00, real=0.00 secs] 
21.974: Total time for which application threads were stopped: 0.0004750 seconds, Stopping threads took: 0.0000440 seconds
22.004: Application time: 0.0296440 seconds
22.004: [GC [PSYoungGen: 7518K->864K(7680K)] 15313K->8659K(24576K), 0.0003830 secs] [Times: user=0.00 sys=0.00, real=0.00 secs] 
22.004: Total time for which application threads were stopped: 0.0004830 seconds, Stopping threads took: 0.0000500 seconds
22.034: Application time: 0.0298310 seconds
22.034: [GC [PSYoungGen: 7516K->864K(7680K)] 15311K->8659K(24576K), 0.0003700 secs] [Times: user=0.00 sys=0.00, real=0.00 secs] 
22.034: Total time for which application threads were stopped: 0.0004720 seconds, Stopping threads took: 0.0000490 seconds
22.064: Application time: 0.0300680 seconds
22.064: [GC [PSYoungGen: 7518K->800K(7680K)] 15313K->8595K(24576K), 0.0003730 secs] [Times: user=0.00 sys=0.00, real=0.00 secs] 
22.065: Total time for which application threads were stopped: 0.0004710 seconds, Stopping threads took: 0.0000470 seconds
22.094: Application time: 0.0295860 seconds
22.095: [GC [PSYoungGen: 7454K->832K(7680K)] 15249K->8699K(24576K), 0.0003720 secs] [Times: user=0.00 sys=0.00, real=0.00 secs] 
22.095: Total time for which application threads were stopped: 0.0004750 seconds, Stopping threads took: 0.0000520 seconds
22.124: Application time: 0.0295670 seconds
22.125: [GC [PSYoungGen: 7486K->800K(7680K)] 15353K->8667K(24576K), 0.0003620 secs] [Times: user=0.00 sys=0.00, real=0.00 secs] 
22.125: Total time for which application threads were stopped: 0.0004550 seconds, Stopping threads took: 0.0000420 seconds
22.155: Application time: 0.0298030 seconds
22.155: [GC [PSYoungGen: 7454K->576K(7680K)] 15321K->8783K(24576K), 0.0004140 secs] [Times: user=0.00 sys=0.00, real=0.00 secs] 
22.155: Total time for which application threads were stopped: 0.0005220 seconds, Stopping threads took: 0.0000550 seconds
22.185: Application time: 0.0296950 seconds
22.185: [GC [PSYoungGen: 7228K->640K(7680K)] 15435K->8847K(24576K), 0.0003640 secs] [Times: user=0.00 sys=0.00, real=0.00 secs] 
22.185: Total time for which application threads were stopped: 0.0004640 seconds, Stopping threads took: 0.0000500 seconds
22.215: Application time: 0.0296650 seconds
22.215: [GC [PSYoungGen: 7294K->672K(7680K)] 15502K->8879K(24576K), 0.0003550 secs] [Times: user=0.00 sys=0.00, real=0.00 secs] 
22.216: Total time for which application threads were stopped: 0.0004510 seconds, Stopping threads took: 0.0000460 seconds
22.245: Application time: 0.0295630 seconds
22.245: [GC [PSYoungGen: 7326K->416K(7680K)] 15534K->8852K(24576K), 0.0003730 secs] [Times: user=0.00 sys=0.00, real=0.00 secs] 
22.246: Total time for which application threads were stopped: 0.0004670 seconds, Stopping threads took: 0.0000450 seconds
22.275: Application time: 0.0295160 seconds
22.275: [GC [PSYoungGen: 7070K->192K(7680K)] 15506K->8912K(24576K), 0.0003510 secs] [Times: user=0.00 sys=0.00, real=0.00 secs] 
22.276: Total time for which application threads were stopped: 0.0004360 seconds, Stopping threads took: 0.0000360 seconds
22.305: Application time: 0.0295200 seconds
22.305: [GC [PSYoungGen: 6846K->0K(7680K)] 15567K->8808K(24576K), 0.0004210 secs] [Times: user=0.00 sys=0.00, real=0.00 secs] 
22.306: Total time for which application threads were stopped: 0.0005170 seconds, Stopping threads took: 0.0000460 seconds
22.335: Application time: 0.0295770 seconds
22.335: [GC [PSYoungGen: 6654K->0K(7680K)] 15463K->8808K(24576K), 0.0003220 secs] [Times: user=0.00 sys=0.00, real=0.00 secs] 
22.336: Total time for which application threads were stopped: 0.0004300 seconds, Stopping threads took: 0.0000510 seconds
22.365: Application time: 0.0295830 seconds
22.365: [GC [PSYoungGen: 6654K->0K(7680K)] 15463K->8808K(24576K), 0.0003080 secs] [Times: user=0.00 sys=0.00, real=0.00 secs] 
22.366: Total time for which application threads were stopped: 0.0004120 seconds, Stopping threads took: 0.0000550 seconds
22.395: Application time: 0.0295960 seconds
22.395: [GC [PSYoungGen: 6654K->0K(7680K)] 15463K->8808K(24576K), 0.0003130 secs] [Times: user=0.00 sys=0.00, real=0.00 secs] 
22.396: Total time for which application threads were stopped: 0.0004080 seconds, Stopping threads took: 0.0000370 seconds
22.425: Application time: 0.0295770 seconds
22.425: [GC [PSYoungGen: 6654K->0K(7680K)] 15463K->8808K(24576K), 0.0002920 secs] [Times: user=0.00 sys=0.00, real=0.00 secs] 
22.426: Total time for which application threads were stopped: 0.0003890 seconds, Stopping threads took: 0.0000470 seconds
22.455: Application time: 0.0294300 seconds
22.455: [GC [PSYoungGen: 6654K->0K(7680K)] 15463K->8808K(24576K), 0.0002940 secs] [Times: user=0.00 sys=0.00, real=0.00 secs] 
22.455: Total time for which application threads were stopped: 0.0003760 seconds, Stopping threads took: 0.0000330 seconds
22.485: Application time: 0.0294250 seconds
22.485: [GC [PSYoungGen: 6654K->0K(7680K)] 15463K->8808K(24576K), 0.0002910 secs] [Times: user=0.00 sys=0.00, real=0.00 secs] 
22.485: Total time for which application threads were stopped: 0.0003770 seconds, Stopping threads took: 0.0000420 seconds
22.515: Application time: 0.0295220 seconds
22.515: [GC [PSYoungGen: 6654K->0K(7680K)] 15463K->8808K(24576K), 0.0003010 secs] [Times: user=0.00 sys=0.00, real=0.00 secs] 
22.515: Total time for which application threads were stopped: 0.0003920 seconds, Stopping threads took: 0.0000450 seconds
22.545: Application time: 0.0294410 seconds
22.545: [GC [PSYoungGen: 6654K->0K(7680K)] 15463K->8808K(24576K), 0.0003110 secs] [Times: user=0.00 sys=0.00, real=0.00 secs] 
22.545: Total time for which application threads were stopped: 0.0004020 seconds, Stopping threads took: 0.0000430 seconds
22.574: Application time: 0.0295420 seconds
22.575: [GC [PSYoungGen: 6654K->0K(7680K)] 15463K->8808K(24576K), 0.0003030 secs] [Times: user=0.00 sys=0.00, real=0.00 secs] 
22.575: Total time for which application threads were stopped: 0.0003800 seconds, Stopping threads took: 0.0000310 seconds
22.604: Application time: 0.0291680 seconds
22.604: [GC [PSYoungGen: 6654K->0K(7680K)] 15463K->8808K(24576K), 0.0003020 secs] [Times: user=0.00 sys=0.00, real=0.00 secs] 
22.604: Total time for which application threads were stopped: 0.0004020 seconds, Stopping threads took: 0.0000510 seconds
22.635: Application time: 0.0300770 seconds
22.635: [GC [PSYoungGen: 6654K->0K(7680K)] 15463K->8808K(24576K), 0.0003410 secs] [Times: user=0.00 sys=0.00, real=0.00 secs] 
22.635: Total time for which application threads were stopped: 0.0004510 seconds, Stopping threads took: 0.0000500 seconds
22.659: Application time: 0.0241890 seconds
22.659: [GC [PSYoungGen: 6651K->480K(7680K)] 15460K->9288K(24576K), 0.0003600 secs] [Times: user=0.00 sys=0.00, real=0.00 secs] 
22.660: Total time for which application threads were stopped: 0.0004460 seconds, Stopping threads took: 0.0000360 seconds
22.675: Application time: 0.0156220 seconds
22.675: [GC [PSYoungGen: 7135K->512K(7680K)] 15944K->9320K(24576K), 0.0003790 secs] [Times: user=0.00 sys=0.00, real=0.00 secs] 
22.676: Total time for which application threads were stopped: 0.0004710 seconds, Stopping threads took: 0.0000420 seconds
22.692: Application time: 0.0166020 seconds
22.692: [GC [PSYoungGen: 7166K->480K(7680K)] 15974K->9288K(24576K), 0.0003720 secs] [Times: user=0.00 sys=0.00, real=0.00 secs] 
22.693: Total time for which application threads were stopped: 0.0004730 seconds, Stopping threads took: 0.0000490 seconds
22.714: Application time: 0.0212910 seconds
22.714: [GC [PSYoungGen: 7135K->672K(7680K)] 15944K->9480K(24576K), 0.0003830 secs] [Times: user=0.00 sys=0.00, real=0.00 secs] 
22.715: Total time for which application threads were stopped: 0.0005060 seconds, Stopping threads took: 0.0000610 seconds
22.743: Application time: 0.0285700 seconds
22.743: [GC [PSYoungGen: 7326K->512K(7680K)] 16134K->9320K(24576K), 0.0003370 secs] [Times: user=0.00 sys=0.00, real=0.00 secs] 
22.744: Total time for which application threads were stopped: 0.0004340 seconds, Stopping threads took: 0.0000470 seconds
22.771: Application time: 0.0273000 seconds
22.771: [GC [PSYoungGen: 7167K->576K(7680K)] 15976K->9384K(24576K), 0.0003590 secs] [Times: user=0.00 sys=0.00, real=0.00 secs] 
22.771: Total time for which application threads were stopped: 0.0004630 seconds, Stopping threads took: 0.0000530 seconds
22.801: Application time: 0.0294190 seconds
22.801: [GC [PSYoungGen: 7228K->544K(7680K)] 16036K->9352K(24576K), 0.0003660 secs] [Times: user=0.00 sys=0.00, real=0.00 secs] 
22.801: Total time for which application threads were stopped: 0.0004510 seconds, Stopping threads took: 0.0000380 seconds
22.830: Application time: 0.0292660 seconds
22.831: [GC [PSYoungGen: 7198K->448K(7680K)] 16007K->9256K(24576K), 0.0003600 secs] [Times: user=0.00 sys=0.00, real=0.00 secs] 
22.831: Total time for which application threads were stopped: 0.0004610 seconds, Stopping threads took: 0.0000520 seconds
22.860: Application time: 0.0292720 seconds
22.860: [GC [PSYoungGen: 7102K->480K(7680K)] 15911K->9288K(24576K), 0.0003870 secs] [Times: user=0.00 sys=0.00, real=0.00 secs] 
22.861: Total time for which application threads were stopped: 0.0004840 seconds, Stopping threads took: 0.0000480 seconds
22.890: Application time: 0.0291590 seconds
22.890: [GC [PSYoungGen: 7134K->512K(7680K)] 15943K->9320K(24576K), 0.0003520 secs] [Times: user=0.01 sys=0.00, real=0.00 secs] 
22.890: Total time for which application threads were stopped: 0.0004450 seconds, Stopping threads took: 0.0000440 seconds
22.920: Application time: 0.0292030 seconds
22.920: [GC [PSYoungGen: 7166K->512K(7680K)] 15975K->9320K(24576K), 0.0003730 secs] [Times: user=0.00 sys=0.00, real=0.00 secs] 
22.920: Total time for which application threads were stopped: 0.0004800 seconds, Stopping threads took: 0.0000490 seconds
22.945: Application time: 0.0248400 seconds
22.945: [GC [PSYoungGen: 7164K->704K(7680K)] 15972K->9512K(24576K), 0.0003770 secs] [Times: user=0.00 sys=0.00, real=0.00 secs] 
22.945: Total time for which application threads were stopped: 0.0004730 seconds, Stopping threads took: 0.0000440 seconds
22.966: Application time: 0.0204940 seconds
22.966: [GC [PSYoungGen: 7360K->768K(7680K)] 16168K->9576K(24576K), 0.0004130 secs] [Times: user=0.01 sys=0.00, real=0.00 secs] 
22.966: Total time for which application threads were stopped: 0.0005040 seconds, Stopping threads took: 0.0000410 seconds
22.989: Application time: 0.0225200 seconds
22.989: [GC [PSYoungGen: 7424K->672K(7680K)] 16232K->9480K(24576K), 0.0004390 secs] [Times: user=0.00 sys=0.00, real=0.00 secs] 
22.989: Total time for which application threads were stopped: 0.0005360 seconds, Stopping threads took: 0.0000460 seconds
23.012: Application time: 0.0223860 seconds
23.012: [GC [PSYoungGen: 7326K->992K(7680K)] 16135K->9824K(24576K), 0.0004150 secs] [Times: user=0.00 sys=0.00, real=0.00 secs] 
23.012: Total time for which application threads were stopped: 0.0005070 seconds, Stopping threads took: 0.0000390 seconds
23.036: Application time: 0.0236470 seconds
23.036: [GC [PSYoungGen: 7643K->928K(7680K)] 16476K->9760K(24576K), 0.0004080 secs] [Times: user=0.00 sys=0.00, real=0.00 secs] 
23.036: Total time for which application threads were stopped: 0.0005250 seconds, Stopping threads took: 0.0000630 seconds
23.057: Application time: 0.0202330 seconds
23.057: [GC [PSYoungGen: 7580K->992K(7680K)] 16412K->9832K(24576K), 0.0004130 secs] [Times: user=0.01 sys=0.00, real=0.00 secs] 
23.057: Total time for which application threads were stopped: 0.0005020 seconds, Stopping threads took: 0.0000380 seconds
23.078: Application time: 0.0204080 seconds
23.078: [GC [PSYoungGen: 7646K->992K(7680K)] 16487K->9984K(24576K), 0.0005070 secs] [Times: user=0.00 sys=0.00, real=0.00 secs] 
23.078: Total time for which application threads were stopped: 0.0006340 seconds, Stopping threads took: 0.0000610 seconds
23.097: Application time: 0.0187010 seconds
23.097: [GC [PSYoungGen: 7644K->992K(7680K)] 16637K->10032K(24576K), 0.0004620 secs] [Times: user=0.00 sys=0.00, real=0.00 secs] 
23.098: Total time for which application threads were stopped: 0.0005660 seconds, Stopping threads took: 0.0000480 seconds
23.111: Application time: 0.0134360 seconds
23.111: [GC [PSYoungGen: 7645K->992K(7680K)] 16686K->10685K(24576K), 0.0005680 secs] [Times: user=0.00 sys=0.00, real=0.00 secs] 
23.112: Total time for which application threads were stopped: 0.0006590 seconds, Stopping threads took: 0.0000370 seconds
23.124: Application time: 0.0127030 seconds
23.124: [GC [PSYoungGen: 7646K->1008K(7680K)] 17339K->11061K(24576K), 0.0005930 secs] [Times: user=0.01 sys=0.00, real=0.00 secs] 
23.125: Total time for which application threads were stopped: 0.0007120 seconds, Stopping threads took: 0.0000630 seconds
23.138: Application time: 0.0133980 seconds
23.139: [GC [PSYoungGen: 7661K->1008K(7680K)] 17715K->11109K(24576K), 0.0004630 secs] [Times: user=0.01 sys=0.00, real=0.01 secs] 
23.139: Total time for which application threads were stopped: 0.0005670 seconds, Stopping threads took: 0.0000490 seconds
23.154: Application time: 0.0146500 seconds
23.154: [GC [PSYoungGen: 7660K->1008K(7680K)] 17761K->11282K(24576K), 0.0004740 secs] [Times: user=0.01 sys=0.00, real=0.00 secs] 
23.154: Total time for which application threads were stopped: 0.0005750 seconds, Stopping threads took: 0.0000470 seconds
23.177: Application time: 0.0230440 seconds
23.177: [GC [PSYoungGen: 7661K->992K(7680K)] 17935K->11862K(24576K), 0.0005220 secs] [Times: user=0.00 sys=0.00, real=0.00 secs] 
23.178: Total time for which application threads were stopped: 0.0006160 seconds, Stopping threads took: 0.0000380 seconds
23.205: Application time: 0.0275880 seconds
23.206: [GC [PSYoungGen: 7646K->928K(7680K)] 18517K->11926K(24576K), 0.0004490 secs] [Times: user=0.01 sys=0.00, real=0.00 secs] 
23.206: Total time for which application threads were stopped: 0.0005510 seconds, Stopping threads took: 0.0000480 seconds
23.232: Application time: 0.0256990 seconds
23.232: [GC [PSYoungGen: 7583K->992K(7680K)] 18582K->12411K(24576K), 0.0005800 secs] [Times: user=0.00 sys=0.00, real=0.00 secs] 
23.232: Total time for which application threads were stopped: 0.0006880 seconds, Stopping threads took: 0.0000530 seconds
23.262: Application time: 0.0296240 seconds
23.262: [GC [PSYoungGen: 7646K->960K(7680K)] 19065K->12507K(24576K), 0.0004390 secs] [Times: user=0.00 sys=0.00, real=0.00 secs] 
23.263: Total time for which application threads were stopped: 0.0005390 seconds, Stopping threads took: 0.0000490 seconds
23.291: Application time: 0.0286020 seconds
23.291: [GC [PSYoungGen: 7614K->992K(7680K)] 19162K->12539K(24576K), 0.0004360 secs] [Times: user=0.00 sys=0.00, real=0.00 secs] 
23.292: Total time for which application threads were stopped: 0.0005420 seconds, Stopping threads took: 0.0000530 seconds
23.320: Application time: 0.0285530 seconds
23.320: [GC [PSYoungGen: 7646K->992K(7680K)] 19194K->12551K(24576K), 0.0004170 secs] [Times: user=0.00 sys=0.00, real=0.00 secs] 
23.321: Total time for which application threads were stopped: 0.0005170 seconds, Stopping threads took: 0.0000470 seconds
23.349: Application time: 0.0285690 seconds
23.349: [GC [PSYoungGen: 7646K->992K(7680K)] 19206K->12556K(24576K), 0.0004280 secs] [Times: user=0.00 sys=0.00, real=0.00 secs] 
23.350: Total time for which application threads were stopped: 0.0005340 seconds, Stopping threads took: 0.0000550 seconds
23.378: Application time: 0.0276000 seconds
23.378: [GC [PSYoungGen: 7648K->992K(7680K)] 19212K->12564K(24576K), 0.0005030 secs] [Times: user=0.00 sys=0.00, real=0.00 secs] 
23.378: Total time for which application threads were stopped: 0.0006020 seconds, Stopping threads took: 0.0000420 seconds
23.406: Application time: 0.0279830 seconds
23.406: [GC [PSYoungGen: 7645K->960K(7680K)] 19217K->12720K(24576K), 0.0005140 secs] [Times: user=0.01 sys=0.00, real=0.00 secs] 
23.407: Total time for which application threads were stopped: 0.0006180 seconds, Stopping threads took: 0.0000500 seconds
23.435: Application time: 0.0285350 seconds
23.435: [GC [PSYoungGen: 7614K->992K(7680K)] 19375K->12752K(24576K), 0.0004430 secs] [Times: user=0.00 sys=0.00, real=0.00 secs] 
23.436: Total time for which application threads were stopped: 0.0005510 seconds, Stopping threads took: 0.0000490 seconds
23.463: Application time: 0.0273460 seconds
23.463: [GC [PSYoungGen: 7645K->992K(7680K)] 19406K->12944K(24576K), 0.0004590 secs] [Times: user=0.00 sys=0.00, real=0.00 secs] 
23.464: Total time for which application threads were stopped: 0.0005650 seconds, Stopping threads took: 0.0000520 seconds
23.492: Application time: 0.0279080 seconds
23.492: [GC [PSYoungGen: 7644K->960K(7680K)] 19597K->13097K(24576K), 0.0005340 secs] [Times: user=0.00 sys=0.00, real=0.00 secs] 
23.492: Total time for which application threads were stopped: 0.0006270 seconds, Stopping threads took: 0.0000370 seconds
23.520: Application time: 0.0272560 seconds
23.520: [GC [PSYoungGen: 7614K->992K(7680K)] 19751K->13333K(24576K), 0.0004610 secs] [Times: user=0.00 sys=0.00, real=0.00 secs] 
23.520: Total time for which application threads were stopped: 0.0005610 seconds, Stopping threads took: 0.0000460 seconds
23.548: Application time: 0.0276760 seconds
23.548: [GC [PSYoungGen: 7647K->992K(7680K)] 19988K->13710K(24576K), 0.0005610 secs] [Times: user=0.01 sys=0.00, real=0.00 secs] 
23.548: Total time for which application threads were stopped: 0.0006610 seconds, Stopping threads took: 0.0000470 seconds
23.575: Application time: 0.0267000 seconds
23.575: [GC [PSYoungGen: 7645K->992K(7680K)] 20363K->13915K(24576K), 0.0004720 secs] [Times: user=0.00 sys=0.00, real=0.00 secs] 
23.576: Total time for which application threads were stopped: 0.0005730 seconds, Stopping threads took: 0.0000470 seconds
23.605: Application time: 0.0294450 seconds
23.605: [GC [PSYoungGen: 7646K->992K(7680K)] 20569K->13947K(24576K), 0.0004440 secs] [Times: user=0.00 sys=0.00, real=0.00 secs] 
23.606: Total time for which application threads were stopped: 0.0005460 seconds, Stopping threads took: 0.0000460 seconds
23.636: Application time: 0.0299720 seconds
23.636: [GC [PSYoungGen: 7646K->992K(7680K)] 20601K->13979K(24576K), 0.0004830 secs] [Times: user=0.00 sys=0.00, real=0.00 secs] 
23.636: Total time for which application threads were stopped: 0.0005990 seconds, Stopping threads took: 0.0000540 seconds
23.666: Application time: 0.0295900 seconds
23.666: [GC [PSYoungGen: 7646K->960K(7680K)] 20633K->14047K(24576K), 0.0004300 secs] [Times: user=0.00 sys=0.00, real=0.00 secs] 
23.666: Total time for which application threads were stopped: 0.0005320 seconds, Stopping threads took: 0.0000430 seconds
23.696: Application time: 0.0296540 seconds
23.696: [GC [PSYoungGen: 7614K->928K(7680K)] 20702K->14015K(24576K), 0.0004820 secs] [Times: user=0.01 sys=0.00, real=0.00 secs] 
23.697: Total time for which application threads were stopped: 0.0005760 seconds, Stopping threads took: 0.0000420 seconds
23.726: Application time: 0.0297050 seconds
23.726: [GC [PSYoungGen: 7582K->960K(7680K)] 20670K->14047K(24576K), 0.0003870 secs] [Times: user=0.01 sys=0.00, real=0.01 secs] 
23.727: Total time for which application threads were stopped: 0.0004900 seconds, Stopping threads took: 0.0000490 seconds
23.757: Application time: 0.0297440 seconds
23.757: [GC [PSYoungGen: 7612K->896K(7680K)] 20699K->13983K(24576K), 0.0004420 secs] [Times: user=0.00 sys=0.00, real=0.00 secs] 
23.757: Total time for which application threads were stopped: 0.0005600 seconds, Stopping threads took: 0.0000650 seconds
23.787: Application time: 0.0294360 seconds
23.787: [GC [PSYoungGen: 7550K->992K(7680K)] 20638K->14079K(24576K), 0.0004140 secs] [Times: user=0.01 sys=0.00, real=0.01 secs] 
23.787: Total time for which application threads were stopped: 0.0005160 seconds, Stopping threads took: 0.0000490 seconds
23.817: Application time: 0.0296100 seconds
23.817: [GC [PSYoungGen: 7646K->928K(7680K)] 20734K->14055K(24576K), 0.0004080 secs] [Times: user=0.00 sys=0.00, real=0.00 secs] 
23.817: Total time for which application threads were stopped: 0.0005070 seconds, Stopping threads took: 0.0000470 seconds
23.847: Application time: 0.0296780 seconds
23.847: [GC [PSYoungGen: 7582K->832K(7680K)] 20710K->14007K(24576K), 0.0004300 secs] [Times: user=0.00 sys=0.00, real=0.00 secs] 
23.847: Total time for which application threads were stopped: 0.0005240 seconds, Stopping threads took: 0.0000450 seconds
23.877: Application time: 0.0300640 seconds
23.878: [GC [PSYoungGen: 7483K->864K(7680K)] 20659K->14039K(24576K), 0.0003770 secs] [Times: user=0.00 sys=0.00, real=0.00 secs] 
23.878: Total time for which application threads were stopped: 0.0004700 seconds, Stopping threads took: 0.0000410 seconds
23.907: Application time: 0.0295380 seconds
23.908: [GC [PSYoungGen: 7518K->832K(7680K)] 20694K->14047K(24576K), 0.0003850 secs] [Times: user=0.00 sys=0.00, real=0.00 secs] 
23.908: Total time for which application threads were stopped: 0.0004880 seconds, Stopping threads took: 0.0000500 seconds
23.937: Application time: 0.0294990 seconds
23.938: [GC [PSYoungGen: 7486K->864K(7680K)] 20702K->14079K(24576K), 0.0004120 secs] [Times: user=0.00 sys=0.00, real=0.00 secs] 
23.938: Total time for which application threads were stopped: 0.0005260 seconds, Stopping threads took: 0.0000480 seconds
23.968: Application time: 0.0295150 seconds
23.968: [GC [PSYoungGen: 7518K->576K(7680K)] 20734K->14031K(24576K), 0.0004690 secs] [Times: user=0.00 sys=0.00, real=0.00 secs] 
23.968: Total time for which application threads were stopped: 0.0005710 seconds, Stopping threads took: 0.0000500 seconds
23.998: Application time: 0.0297550 seconds
23.998: [GC [PSYoungGen: 7230K->480K(7680K)] 20686K->14127K(24576K), 0.0004270 secs] [Times: user=0.00 sys=0.00, real=0.00 secs] 
23.998: Total time for which application threads were stopped: 0.0005380 seconds, Stopping threads took: 0.0000560 seconds
24.028: Application time: 0.0297180 seconds
24.028: [GC [PSYoungGen: 7134K->0K(7680K)] 20782K->14064K(24576K), 0.0003580 secs] [Times: user=0.00 sys=0.00, real=0.00 secs] 
24.029: Total time for which application threads were stopped: 0.0004510 seconds, Stopping threads took: 0.0000420 seconds
24.058: Application time: 0.0296740 seconds
24.058: [GC [PSYoungGen: 6654K->0K(7680K)] 20719K->14064K(24576K), 0.0003160 secs] [Times: user=0.00 sys=0.00, real=0.00 secs] 
24.059: Total time for which application threads were stopped: 0.0004170 seconds, Stopping threads took: 0.0000530 seconds
24.088: Application time: 0.0296440 seconds
24.088: [GC [PSYoungGen: 6654K->0K(7680K)] 20719K->14064K(24576K), 0.0003310 secs] [Times: user=0.00 sys=0.00, real=0.00 secs] 
24.089: Total time for which application threads were stopped: 0.0004300 seconds, Stopping threads took: 0.0000500 seconds
24.119: Application time: 0.0301340 seconds
24.119: [GC [PSYoungGen: 6654K->0K(7680K)] 20719K->14064K(24576K), 0.0003660 secs] [Times: user=0.00 sys=0.00, real=0.00 secs] 
24.119: Total time for which application threads were stopped: 0.0004720 seconds, Stopping threads took: 0.0000580 seconds
24.149: Application time: 0.0296060 seconds
24.151: [GC [PSYoungGen: 6654K->0K(7680K)] 20719K->14064K(24576K), 0.0003250 secs] [Times: user=0.00 sys=0.00, real=0.00 secs] 
24.151: Total time for which application threads were stopped: 0.0022130 seconds, Stopping threads took: 0.0018410 seconds
24.181: Application time: 0.0295290 seconds
24.181: [GC [PSYoungGen: 6654K->0K(7680K)] 20719K->14064K(24576K), 0.0003030 secs] [Times: user=0.00 sys=0.00, real=0.00 secs] 
24.181: Total time for which application threads were stopped: 0.0003920 seconds, Stopping threads took: 0.0000420 seconds
24.211: Application time: 0.0295930 seconds
24.211: [GC [PSYoungGen: 6654K->0K(7680K)] 20719K->14064K(24576K), 0.0002930 secs] [Times: user=0.00 sys=0.00, real=0.00 secs] 
24.211: Total time for which application threads were stopped: 0.0003790 seconds, Stopping threads took: 0.0000400 seconds
24.241: Application time: 0.0296240 seconds
24.241: [GC [PSYoungGen: 6652K->0K(7680K)] 20717K->14064K(24576K), 0.0003190 secs] [Times: user=0.00 sys=0.00, real=0.00 secs] 
24.241: Total time for which application threads were stopped: 0.0004210 seconds, Stopping threads took: 0.0000530 seconds
24.271: Application time: 0.0300520 seconds
24.271: [GC [PSYoungGen: 6654K->0K(7680K)] 20719K->14064K(24576K), 0.0002900 secs] [Times: user=0.01 sys=0.00, real=0.00 secs] 
24.272: Total time for which application threads were stopped: 0.0003940 seconds, Stopping threads took: 0.0000570 seconds
24.301: Application time: 0.0294900 seconds
24.301: [GC [PSYoungGen: 6654K->0K(7680K)] 20719K->14064K(24576K), 0.0003540 secs] [Times: user=0.00 sys=0.00, real=0.00 secs] 
24.301: Total time for which application threads were stopped: 0.0004450 seconds, Stopping threads took: 0.0000430 seconds
24.331: Application time: 0.0294390 seconds
24.331: [GC [PSYoungGen: 6654K->0K(7680K)] 20719K->14064K(24576K), 0.0002950 secs] [Times: user=0.00 sys=0.00, real=0.00 secs] 
24.331: Total time for which application threads were stopped: 0.0003900 seconds, Stopping threads took: 0.0000460 seconds
24.361: Application time: 0.0293410 seconds
24.361: [GC [PSYoungGen: 6654K->0K(7680K)] 20719K->14064K(24576K), 0.0003000 secs] [Times: user=0.00 sys=0.00, real=0.00 secs] 
24.361: Total time for which application threads were stopped: 0.0003960 seconds, Stopping threads took: 0.0000520 seconds
24.383: Application time: 0.0222380 seconds
24.383: [GC [PSYoungGen: 6652K->384K(7680K)] 20716K->14448K(24576K), 0.0003360 secs] [Times: user=0.00 sys=0.00, real=0.00 secs] 
24.384: Total time for which application threads were stopped: 0.0004200 seconds, Stopping threads took: 0.0000370 seconds
24.400: Application time: 0.0166690 seconds
24.400: [GC [PSYoungGen: 7039K->512K(7680K)] 21103K->14576K(24576K), 0.0003560 secs] [Times: user=0.00 sys=0.00, real=0.00 secs] 
24.401: Total time for which application threads were stopped: 0.0004550 seconds, Stopping threads took: 0.0000470 seconds
24.418: Application time: 0.0172150 seconds
24.418: [GC [PSYoungGen: 7166K->512K(7680K)] 21231K->14576K(24576K), 0.0003540 secs] [Times: user=0.00 sys=0.00, real=0.00 secs] 
24.419: Total time for which application threads were stopped: 0.0004550 seconds, Stopping threads took: 0.0000500 seconds
24.441: Application time: 0.0223280 seconds
24.441: [GC [PSYoungGen: 7168K->544K(7680K)] 21232K->14608K(24576K), 0.0003490 secs] [Times: user=0.00 sys=0.00, real=0.00 secs] 
24.441: Total time for which application threads were stopped: 0.0004750 seconds, Stopping threads took: 0.0000670 seconds
24.470: Application time: 0.0288680 seconds
24.470: [GC [PSYoungGen: 7196K->480K(7680K)] 21261K->14544K(24576K), 0.0003550 secs] [Times: user=0.00 sys=0.00, real=0.00 secs] 
24.471: Total time for which application threads were stopped: 0.0004520 seconds, Stopping threads took: 0.0000460 seconds
24.499: Application time: 0.0279430 seconds
24.499: [GC [PSYoungGen: 7131K->544K(7680K)] 21196K->14608K(24576K), 0.0003560 secs] [Times: user=0.00 sys=0.00, real=0.01 secs] 
24.499: Total time for which application threads were stopped: 0.0004710 seconds, Stopping threads took: 0.0000630 seconds
24.528: Application time: 0.0285740 seconds
24.531: [GC [PSYoungGen: 7197K->512K(7680K)] 21262K->14576K(24576K), 0.0003830 secs] [Times: user=0.00 sys=0.00, real=0.00 secs] 
24.531: Total time for which application threads were stopped: 0.0035870 seconds, Stopping threads took: 0.0031500 seconds
24.561: Application time: 0.0299880 seconds
24.561: [GC [PSYoungGen: 7166K->512K(7680K)] 21231K->14576K(24576K), 0.0004220 secs] [Times: user=0.01 sys=0.00, real=0.00 secs] 
24.562: Total time for which application threads were stopped: 0.0005110 seconds, Stopping threads took: 0.0000400 seconds
24.591: Application time: 0.0292860 seconds
24.591: [GC [PSYoungGen: 7166K->512K(7680K)] 21231K->14576K(24576K), 0.0003310 secs] [Times: user=0.00 sys=0.00, real=0.00 secs] 
24.591: Total time for which application threads were stopped: 0.0004390 seconds, Stopping threads took: 0.0000500 seconds
24.621: Application time: 0.0295400 seconds
24.621: [GC [PSYoungGen: 7166K->512K(7680K)] 21231K->14576K(24576K), 0.0003760 secs] [Times: user=0.01 sys=0.00, real=0.00 secs] 
24.621: Total time for which application threads were stopped: 0.0004770 seconds, Stopping threads took: 0.0000420 seconds
24.651: Application time: 0.0294060 seconds
24.651: [GC [PSYoungGen: 7166K->512K(7680K)] 21231K->14576K(24576K), 0.0003770 secs] [Times: user=0.00 sys=0.00, real=0.00 secs] 
24.651: Total time for which application threads were stopped: 0.0004790 seconds, Stopping threads took: 0.0000480 seconds
24.674: Application time: 0.0230390 seconds
24.674: [GC [PSYoungGen: 7166K->640K(7680K)] 21230K->14704K(24576K), 0.0004450 secs] [Times: user=0.00 sys=0.00, real=0.00 secs] 
24.675: Total time for which application threads were stopped: 0.0005490 seconds, Stopping threads took: 0.0000480 seconds
24.696: Application time: 0.0212040 seconds
24.696: [GC [PSYoungGen: 7293K->832K(7680K)] 21358K->14896K(24576K), 0.0004000 secs] [Times: user=0.00 sys=0.00, real=0.00 secs] 
24.697: Total time for which application threads were stopped: 0.0004980 seconds, Stopping threads took: 0.0000470 seconds
24.721: Application time: 0.0240850 seconds
24.721: [GC [PSYoungGen: 7486K->768K(7680K)] 21550K->14832K(24576K), 0.0003600 secs] [Times: user=0.00 sys=0.00, real=0.00 secs] 
24.721: Total time for which application threads were stopped: 0.0004490 seconds, Stopping threads took: 0.0000380 seconds
24.745: Application time: 0.0242070 seconds
24.745: [GC [PSYoungGen: 7422K->896K(7680K)] 21486K->14960K(24576K), 0.0004450 secs] [Times: user=0.00 sys=0.00, real=0.00 secs] 
24.746: Total time for which application threads were stopped: 0.0005600 seconds, Stopping threads took: 0.0000610 seconds
24.766: Application time: 0.0201830 seconds
24.766: [GC [PSYoungGen: 7548K->928K(7680K)] 21613K->14992K(24576K), 0.0004010 secs] [Times: user=0.00 sys=0.00, real=0.00 secs] 
24.767: Total time for which application threads were stopped: 0.0004940 seconds, Stopping threads took: 0.0000410 seconds
24.788: Application time: 0.0212540 seconds
24.788: [GC [PSYoungGen: 7582K->976K(7680K)] 21647K->15040K(24576K), 0.0004160 secs] [Times: user=0.00 sys=0.00, real=0.00 secs] 
24.788: Total time for which application threads were stopped: 0.0005190 seconds, Stopping threads took: 0.0000500 seconds
24.813: Application time: 0.0243010 seconds
24.813: [GC [PSYoungGen: 7630K->1008K(7680K)] 21694K->15208K(24576K), 0.0004460 secs] [Times: user=0.00 sys=0.00, real=0.00 secs] 
24.813: Total time for which application threads were stopped: 0.0005470 seconds, Stopping threads took: 0.0000490 seconds
24.827: Application time: 0.0136590 seconds
24.827: [GC [PSYoungGen: 7663K->992K(7680K)] 21864K->15717K(24576K), 0.0005280 secs] [Times: user=0.00 sys=0.00, real=0.00 secs] 
24.828: Total time for which application threads were stopped: 0.0006300 seconds, Stopping threads took: 0.0000480 seconds
24.844: Application time: 0.0160190 seconds
24.844: [GC [PSYoungGen: 7643K->1008K(7680K)] 22369K->15773K(24576K), 0.0004620 secs] [Times: user=0.00 sys=0.00, real=0.00 secs] 
24.844: Total time for which application threads were stopped: 0.0005570 seconds, Stopping threads took: 0.0000430 seconds
24.858: Application time: 0.0134150 seconds
24.858: [GC [PSYoungGen: 7664K->992K(7680K)] 22429K->16057K(24576K), 0.0004940 secs] [Times: user=0.01 sys=0.00, real=0.00 secs] 
24.858: Total time for which application threads were stopped: 0.0005900 seconds, Stopping threads took: 0.0000430 seconds
24.874: Application time: 0.0160680 seconds
24.874: [GC [PSYoungGen: 7646K->992K(7680K)] 22711K->16621K(24576K), 0.0005980 secs] [Times: user=0.01 sys=0.00, real=0.00 secs] 
24.875: Total time for which application threads were stopped: 0.0006860 seconds, Stopping threads took: 0.0000340 seconds
24.891: Application time: 0.0156600 seconds
24.891: [GC [PSYoungGen: 7644K->992K(7680K)] 23274K->16749K(24576K), 0.0004850 secs] [Times: user=0.00 sys=0.00, real=0.00 secs] 
24.891: Total time for which application threads were stopped: 0.0005970 seconds, Stopping threads took: 0.0000500 seconds
24.910: Application time: 0.0186240 seconds
24.910: [GC [PSYoungGen: 7644K->1008K(7680K)] 23401K->16893K(24576K), 0.0004710 secs] [Times: user=0.00 sys=0.00, real=0.00 secs] 
24.910: Total time for which application threads were stopped: 0.0005740 seconds, Stopping threads took: 0.0000490 seconds
24.937: Application time: 0.0263340 seconds
24.937: [GC [PSYoungGen: 7661K->992K(7680K)] 23547K->17198K(24576K), 0.0005000 secs] [Times: user=0.01 sys=0.00, real=0.00 secs] 
24.937: Total time for which application threads were stopped: 0.0006000 seconds, Stopping threads took: 0.0000460 seconds
24.965: Application time: 0.0280920 seconds
24.965: [GC [PSYoungGen: 7644K->1008K(7680K)] 23850K->17214K(24576K), 0.0004750 secs] [Times: user=0.00 sys=0.00, real=0.00 secs] 
24.966: Total time for which application threads were stopped: 0.0005760 seconds, Stopping threads took: 0.0000390 seconds
24.993: Application time: 0.0267790 seconds
24.993: [GC [PSYoungGen: 7663K->992K(7680K)] 23869K->17606K(24576K), 0.0005920 secs] [Times: user=0.00 sys=0.00, real=0.00 secs] 
24.993: [Full GC [PSYoungGen: 992K->0K(7680K)] [ParOldGen: 16614K->3968K(16896K)] 17606K->3968K(24576K) [PSPermGen: 5536K->5536K(21504K)], 0.0069970 secs] [Times: user=0.03 sys=0.01, real=0.01 secs] 
25.000: Total time for which application threads were stopped: 0.0077300 seconds, Stopping threads took: 0.0000420 seconds
25.030: Application time: 0.0292830 seconds
25.030: [GC [PSYoungGen: 6652K->0K(7680K)] 10621K->3968K(24576K), 0.0003460 secs] [Times: user=0.00 sys=0.00, real=0.00 secs] 
25.030: Total time for which application threads were stopped: 0.0004520 seconds, Stopping threads took: 0.0000510 seconds
25.059: Application time: 0.0291030 seconds
25.059: [GC [PSYoungGen: 6654K->0K(7680K)] 10623K->3968K(24576K), 0.0002960 secs] [Times: user=0.00 sys=0.00, real=0.00 secs] 
25.060: Total time for which application threads were stopped: 0.0003840 seconds, Stopping threads took: 0.0000370 seconds
25.089: Application time: 0.0290190 seconds
25.089: [GC [PSYoungGen: 6654K->0K(7680K)] 10623K->3968K(24576K), 0.0003190 secs] [Times: user=0.00 sys=0.00, real=0.00 secs] 
25.089: Total time for which application threads were stopped: 0.0004100 seconds, Stopping threads took: 0.0000440 seconds
25.117: Application time: 0.0275740 seconds
25.117: [GC [PSYoungGen: 6654K->384K(7680K)] 10622K->4352K(24576K), 0.0003000 secs] [Times: user=0.00 sys=0.00, real=0.00 secs] 
25.117: Total time for which application threads were stopped: 0.0004090 seconds, Stopping threads took: 0.0000620 seconds
25.146: Application time: 0.0292640 seconds
25.146: [GC [PSYoungGen: 7036K->384K(7680K)] 11005K->4352K(24576K), 0.0003230 secs] [Times: user=0.00 sys=0.00, real=0.01 secs] 
25.147: Total time for which application threads were stopped: 0.0004270 seconds, Stopping threads took: 0.0000520 seconds
25.176: Application time: 0.0292380 seconds
25.176: [GC [PSYoungGen: 7038K->480K(7680K)] 11007K->4448K(24576K), 0.0003390 secs] [Times: user=0.00 sys=0.00, real=0.00 secs] 
25.176: Total time for which application threads were stopped: 0.0004370 seconds, Stopping threads took: 0.0000470 seconds
25.204: Application time: 0.0275910 seconds
25.204: [GC [PSYoungGen: 7134K->544K(7680K)] 11102K->4512K(24576K), 0.0003430 secs] [Times: user=0.00 sys=0.00, real=0.00 secs] 
25.205: Total time for which application threads were stopped: 0.0004390 seconds, Stopping threads took: 0.0000460 seconds
25.234: Application time: 0.0294180 seconds
25.234: [GC [PSYoungGen: 7198K->608K(7680K)] 11167K->4576K(24576K), 0.0003520 secs] [Times: user=0.01 sys=0.00, real=0.00 secs] 
25.234: Total time for which application threads were stopped: 0.0004410 seconds, Stopping threads took: 0.0000410 seconds
25.262: Application time: 0.0273750 seconds
25.262: [GC [PSYoungGen: 7262K->928K(7680K)] 11230K->4896K(24576K), 0.0003870 secs] [Times: user=0.00 sys=0.00, real=0.00 secs] 
25.262: Total time for which application threads were stopped: 0.0004990 seconds, Stopping threads took: 0.0000510 seconds
25.289: Application time: 0.0265350 seconds
25.291: [GC [PSYoungGen: 7580K->960K(7680K)] 11549K->5056K(24576K), 0.0004250 secs] [Times: user=0.00 sys=0.00, real=0.00 secs] 
25.291: Total time for which application threads were stopped: 0.0024500 seconds, Stopping threads took: 0.0019720 seconds
25.318: Application time: 0.0269790 seconds
25.318: [GC [PSYoungGen: 7615K->992K(7680K)] 11712K->5360K(24576K), 0.0004890 secs] [Times: user=0.00 sys=0.00, real=0.01 secs] 
25.319: Total time for which application threads were stopped: 0.0005850 seconds, Stopping threads took: 0.0000420 seconds
25.348: Application time: 0.0293650 seconds
25.348: [GC [PSYoungGen: 7644K->896K(7680K)] 12013K->5264K(24576K), 0.0004010 secs] [Times: user=0.00 sys=0.00, real=0.00 secs] 
25.349: Total time for which application threads were stopped: 0.0005030 seconds, Stopping threads took: 0.0000470 seconds
25.379: Application time: 0.0306530 seconds
25.379: [GC [PSYoungGen: 7550K->896K(7680K)] 11919K->5264K(24576K), 0.0003650 secs] [Times: user=0.00 sys=0.00, real=0.00 secs] 
25.380: Total time for which application threads were stopped: 0.0004570 seconds, Stopping threads took: 0.0000390 seconds
25.409: Application time: 0.0295270 seconds
25.409: [GC [PSYoungGen: 7550K->896K(7680K)] 11919K->5264K(24576K), 0.0003810 secs] [Times: user=0.00 sys=0.00, real=0.00 secs] 
25.410: Total time for which application threads were stopped: 0.0005150 seconds, Stopping threads took: 0.0000830 seconds
25.440: Application time: 0.0300440 seconds
25.440: [GC [PSYoungGen: 7550K->832K(7680K)] 11919K->5200K(24576K), 0.0004220 secs] [Times: user=0.00 sys=0.00, real=0.00 secs] 
25.440: Total time for which application threads were stopped: 0.0005230 seconds, Stopping threads took: 0.0000500 seconds
25.470: Application time: 0.0296820 seconds
25.470: [GC [PSYoungGen: 7486K->896K(7680K)] 11855K->5264K(24576K), 0.0003610 secs] [Times: user=0.00 sys=0.00, real=0.00 secs] 
25.471: Total time for which application threads were stopped: 0.0004630 seconds, Stopping threads took: 0.0000410 seconds
25.500: Application time: 0.0295340 seconds
25.500: [GC [PSYoungGen: 7550K->864K(7680K)] 11919K->5232K(24576K), 0.0004180 secs] [Times: user=0.00 sys=0.00, real=0.00 secs] 
25.501: Total time for which application threads were stopped: 0.0005170 seconds, Stopping threads took: 0.0000470 seconds
25.530: Application time: 0.0295180 seconds
25.530: [GC [PSYoungGen: 7520K->832K(7680K)] 11888K->5200K(24576K), 0.0003600 secs] [Times: user=0.00 sys=0.00, real=0.00 secs] 
25.531: Total time for which application threads were stopped: 0.0004650 seconds, Stopping threads took: 0.0000540 seconds
25.560: Application time: 0.0295370 seconds
25.560: [GC [PSYoungGen: 7486K->736K(7680K)] 11855K->5325K(24576K), 0.0003710 secs] [Times: user=0.00 sys=0.00, real=0.00 secs] 
25.561: Total time for which application threads were stopped: 0.0004850 seconds, Stopping threads took: 0.0000600 seconds
25.591: Application time: 0.0300510 seconds
25.591: [GC [PSYoungGen: 7390K->672K(7680K)] 11980K->5261K(24576K), 0.0003530 secs] [Times: user=0.00 sys=0.00, real=0.00 secs] 
25.591: Total time for which application threads were stopped: 0.0004580 seconds, Stopping threads took: 0.0000510 seconds
25.621: Application time: 0.0302520 seconds
25.621: [GC [PSYoungGen: 7326K->672K(7680K)] 11916K->5261K(24576K), 0.0004570 secs] [Times: user=0.00 sys=0.00, real=0.00 secs] 
25.623: Total time for which application threads were stopped: 0.0016160 seconds, Stopping threads took: 0.0000410 seconds
25.653: Application time: 0.0298880 seconds
25.653: [GC [PSYoungGen: 7324K->608K(7680K)] 11913K->5297K(24576K), 0.0003700 secs] [Times: user=0.00 sys=0.00, real=0.00 secs] 
25.653: Total time for which application threads were stopped: 0.0004930 seconds, Stopping threads took: 0.0000700 seconds
25.683: Application time: 0.0294580 seconds
25.683: [GC [PSYoungGen: 7262K->608K(7680K)] 11952K->5297K(24576K), 0.0003960 secs] [Times: user=0.00 sys=0.00, real=0.00 secs] 
25.683: Total time for which application threads were stopped: 0.0005190 seconds, Stopping threads took: 0.0000660 seconds
25.713: Application time: 0.0296520 seconds
25.713: [GC [PSYoungGen: 7262K->640K(7680K)] 11952K->5329K(24576K), 0.0003440 secs] [Times: user=0.00 sys=0.00, real=0.00 secs] 
25.713: Total time for which application threads were stopped: 0.0004470 seconds, Stopping threads took: 0.0000530 seconds
25.743: Application time: 0.0297310 seconds
25.743: [GC [PSYoungGen: 7294K->384K(7680K)] 11984K->5379K(24576K), 0.0003360 secs] [Times: user=0.00 sys=0.00, real=0.00 secs] 
25.744: Total time for which application threads were stopped: 0.0004420 seconds, Stopping threads took: 0.0000560 seconds
25.773: Application time: 0.0296810 seconds
25.773: [GC [PSYoungGen: 7038K->0K(7680K)] 12033K->5279K(24576K), 0.0003070 secs] [Times: user=0.00 sys=0.00, real=0.00 secs] 
25.774: Total time for which application threads were stopped: 0.0004100 seconds, Stopping threads took: 0.0000520 seconds
25.803: Application time: 0.0297430 seconds
25.804: [GC [PSYoungGen: 6654K->0K(7680K)] 11934K->5279K(24576K), 0.0003670 secs] [Times: user=0.00 sys=0.00, real=0.00 secs] 
25.804: Total time for which application threads were stopped: 0.0004600 seconds, Stopping threads took: 0.0000410 seconds
25.834: Application time: 0.0296940 seconds
25.834: [GC [PSYoungGen: 6654K->0K(7680K)] 11934K->5279K(24576K), 0.0002660 secs] [Times: user=0.00 sys=0.00, real=0.00 secs] 
25.834: Total time for which application threads were stopped: 0.0003690 seconds, Stopping threads took: 0.0000530 seconds
25.864: Application time: 0.0297840 seconds
25.864: [GC [PSYoungGen: 6654K->0K(7680K)] 11934K->5279K(24576K), 0.0002810 secs] [Times: user=0.00 sys=0.00, real=0.00 secs] 
25.864: Total time for which application threads were stopped: 0.0003710 seconds, Stopping threads took: 0.0000400 seconds
25.894: Application time: 0.0296420 seconds
25.894: [GC [PSYoungGen: 6654K->0K(7680K)] 11934K->5279K(24576K), 0.0003310 secs] [Times: user=0.01 sys=0.00, real=0.00 secs] 
25.894: Total time for which application threads were stopped: 0.0004200 seconds, Stopping threads took: 0.0000390 seconds
25.924: Application time: 0.0295900 seconds
25.924: [GC [PSYoungGen: 6654K->0K(7680K)] 11934K->5279K(24576K), 0.0002770 secs] [Times: user=0.00 sys=0.00, real=0.00 secs] 
25.924: Total time for which application threads were stopped: 0.0003720 seconds, Stopping threads took: 0.0000470 seconds
25.954: Application time: 0.0297680 seconds
25.954: [GC [PSYoungGen: 6652K->0K(7680K)] 11931K->5279K(24576K), 0.0002840 secs] [Times: user=0.00 sys=0.00, real=0.00 secs] 
25.954: Total time for which application threads were stopped: 0.0003850 seconds, Stopping threads took: 0.0000500 seconds
25.984: Application time: 0.0295700 seconds
25.984: [GC [PSYoungGen: 6654K->0K(7680K)] 11934K->5279K(24576K), 0.0003110 secs] [Times: user=0.00 sys=0.00, real=0.00 secs] 
25.984: Total time for which application threads were stopped: 0.0004100 seconds, Stopping threads took: 0.0000400 seconds
26.014: Application time: 0.0295810 seconds
26.014: [GC [PSYoungGen: 6654K->0K(7680K)] 11934K->5279K(24576K), 0.0003720 secs] [Times: user=0.01 sys=0.00, real=0.00 secs] 
26.014: Total time for which application threads were stopped: 0.0004740 seconds, Stopping threads took: 0.0000530 seconds
26.044: Application time: 0.0295720 seconds
26.044: [GC [PSYoungGen: 6654K->0K(7680K)] 11934K->5279K(24576K), 0.0002970 secs] [Times: user=0.00 sys=0.00, real=0.00 secs] 
26.044: Total time for which application threads were stopped: 0.0003970 seconds, Stopping threads took: 0.0000500 seconds
26.074: Application time: 0.0294600 seconds
26.074: [GC [PSYoungGen: 6654K->0K(7680K)] 11934K->5279K(24576K), 0.0002700 secs] [Times: user=0.00 sys=0.00, real=0.00 secs] 
26.074: Total time for which application threads were stopped: 0.0003570 seconds, Stopping threads took: 0.0000410 seconds
26.103: Application time: 0.0290720 seconds
26.103: [GC [PSYoungGen: 6653K->160K(7680K)] 11932K->5439K(24576K), 0.0003380 secs] [Times: user=0.00 sys=0.00, real=0.00 secs] 
26.104: Total time for which application threads were stopped: 0.0004260 seconds, Stopping threads took: 0.0000400 seconds
26.124: Application time: 0.0203090 seconds
26.124: [GC [PSYoungGen: 6811K->416K(7680K)] 12091K->5695K(24576K), 0.0003290 secs] [Times: user=0.00 sys=0.00, real=0.00 secs] 
26.124: Total time for which application threads were stopped: 0.0004110 seconds, Stopping threads took: 0.0000330 seconds
26.143: Application time: 0.0187620 seconds
26.143: [GC [PSYoungGen: 7070K->512K(7680K)] 12349K->5791K(24576K), 0.0003990 secs] [Times: user=0.00 sys=0.00, real=0.00 secs] 
26.144: Total time for which application threads were stopped: 0.0004940 seconds, Stopping threads took: 0.0000460 seconds
26.162: Application time: 0.0184620 seconds
26.163: [GC [PSYoungGen: 7165K->544K(7680K)] 12444K->5823K(24576K), 0.0003320 secs] [Times: user=0.00 sys=0.00, real=0.00 secs] 
26.163: Total time for which application threads were stopped: 0.0010240 seconds, Stopping threads took: 0.0006390 seconds
26.185: Application time: 0.0221160 seconds
26.185: [GC [PSYoungGen: 7199K->512K(7680K)] 12479K->5791K(24576K), 0.0003470 secs] [Times: user=0.00 sys=0.00, real=0.00 secs] 
26.186: Total time for which application threads were stopped: 0.0004480 seconds, Stopping threads took: 0.0000530 seconds
26.213: Application time: 0.0274860 seconds
26.213: [GC [PSYoungGen: 7164K->480K(7680K)] 12443K->5759K(24576K), 0.0003610 secs] [Times: user=0.01 sys=0.00, real=0.00 secs] 
26.214: Total time for which application threads were stopped: 0.0004500 seconds, Stopping threads took: 0.0000390 seconds
26.242: Application time: 0.0280890 seconds
26.242: [GC [PSYoungGen: 7135K->544K(7680K)] 12415K->5823K(24576K), 0.0003460 secs] [Times: user=0.00 sys=0.00, real=0.00 secs] 
26.242: Total time for which application threads were stopped: 0.0004400 seconds, Stopping threads took: 0.0000450 seconds
26.271: Application time: 0.0284890 seconds
26.271: [GC [PSYoungGen: 7196K->576K(7680K)] 12475K->5855K(24576K), 0.0003990 secs] [Times: user=0.00 sys=0.00, real=0.00 secs] 
26.271: Total time for which application threads were stopped: 0.0005030 seconds, Stopping threads took: 0.0000530 seconds
26.301: Application time: 0.0294650 seconds
26.301: [GC [PSYoungGen: 7230K->480K(7680K)] 12510K->5759K(24576K), 0.0003230 secs] [Times: user=0.00 sys=0.00, real=0.00 secs] 
26.301: Total time for which application threads were stopped: 0.0004270 seconds, Stopping threads took: 0.0000550 seconds
26.331: Application time: 0.0295980 seconds
26.331: [GC [PSYoungGen: 7134K->512K(7680K)] 12414K->5791K(24576K), 0.0003260 secs] [Times: user=0.00 sys=0.00, real=0.00 secs] 
26.331: Total time for which application threads were stopped: 0.0004310 seconds, Stopping threads took: 0.0000540 seconds
26.361: Application time: 0.0295220 seconds
26.361: [GC [PSYoungGen: 7166K->480K(7680K)] 12446K->5759K(24576K), 0.0003140 secs] [Times: user=0.01 sys=0.00, real=0.00 secs] 
26.361: Total time for which application threads were stopped: 0.0004130 seconds, Stopping threads took: 0.0000470 seconds
26.388: Application time: 0.0270090 seconds
26.388: [GC [PSYoungGen: 7134K->672K(7680K)] 12414K->5951K(24576K), 0.0004130 secs] [Times: user=0.00 sys=0.00, real=0.00 secs] 
26.389: Total time for which application threads were stopped: 0.0004960 seconds, Stopping threads took: 0.0000350 seconds
26.409: Application time: 0.0206710 seconds
26.409: [GC [PSYoungGen: 7324K->864K(7680K)] 12603K->6143K(24576K), 0.0003850 secs] [Times: user=0.00 sys=0.00, real=0.00 secs] 
26.410: Total time for which application threads were stopped: 0.0005020 seconds, Stopping threads took: 0.0000640 seconds
26.431: Application time: 0.0209400 seconds
26.431: [GC [PSYoungGen: 7520K->736K(7680K)] 12799K->6015K(24576K), 0.0004230 secs] [Times: user=0.00 sys=0.00, real=0.00 secs] 
26.431: Total time for which application threads were stopped: 0.0005260 seconds, Stopping threads took: 0.0000480 seconds
26.460: Application time: 0.0292360 seconds
26.463: [GC [PSYoungGen: 7388K->704K(7680K)] 12667K->5983K(24576K), 0.0003860 secs] [Times: user=0.00 sys=0.00, real=0.00 secs] 
26.463: Total time for which application threads were stopped: 0.0027630 seconds, Stopping threads took: 0.0023270 seconds
26.486: Application time: 0.0231220 seconds
26.491: [GC [PSYoungGen: 7355K->896K(7680K)] 12635K->6175K(24576K), 0.0004270 secs] [Times: user=0.00 sys=0.00, real=0.00 secs] 
26.491: Total time for which application threads were stopped: 0.0049550 seconds, Stopping threads took: 0.0044620 seconds
26.511: Application time: 0.0201830 seconds
26.512: [GC [PSYoungGen: 7548K->896K(7680K)] 12828K->6175K(24576K), 0.0004090 secs] [Times: user=0.00 sys=0.00, real=0.00 secs] 
26.512: Total time for which application threads were stopped: 0.0005140 seconds, Stopping threads took: 0.0000510 seconds
26.535: Application time: 0.0225800 seconds
26.535: [GC [PSYoungGen: 7550K->992K(7680K)] 12829K->6271K(24576K), 0.0004000 secs] [Times: user=0.00 sys=0.00, real=0.00 secs] 
26.535: Total time for which application threads were stopped: 0.0004910 seconds, Stopping threads took: 0.0000400 seconds
26.562: Application time: 0.0265410 seconds
26.562: [GC [PSYoungGen: 7646K->992K(7680K)] 12925K->6399K(24576K), 0.0004280 secs] [Times: user=0.00 sys=0.00, real=0.00 secs] 
26.562: Total time for which application threads were stopped: 0.0005380 seconds, Stopping threads took: 0.0000530 seconds
26.586: Application time: 0.0240660 seconds
26.586: [GC [PSYoungGen: 7646K->992K(7680K)] 13054K->6607K(24576K), 0.0005710 secs] [Times: user=0.00 sys=0.00, real=0.01 secs] 
26.587: Total time for which application threads were stopped: 0.0006750 seconds, Stopping threads took: 0.0000450 seconds
26.601: Application time: 0.0136830 seconds
26.601: [GC [PSYoungGen: 7644K->992K(7680K)] 13260K->7159K(24576K), 0.0006080 secs] [Times: user=0.01 sys=0.00, real=0.00 secs] 
26.601: Total time for which application threads were stopped: 0.0007000 seconds, Stopping threads took: 0.0000390 seconds
26.614: Application time: 0.0130040 seconds
26.614: [GC [PSYoungGen: 7646K->992K(7680K)] 13814K->7287K(24576K), 0.0004420 secs] [Times: user=0.00 sys=0.00, real=0.00 secs] 
26.615: Total time for which application threads were stopped: 0.0005440 seconds, Stopping threads took: 0.0000470 seconds
26.628: Application time: 0.0128580 seconds
26.628: [GC [PSYoungGen: 7646K->992K(7680K)] 13942K->7468K(24576K), 0.0005550 secs] [Times: user=0.00 sys=0.00, real=0.00 secs] 
26.628: Total time for which application threads were stopped: 0.0006830 seconds, Stopping threads took: 0.0000660 seconds
26.642: Application time: 0.0136070 seconds
26.642: [GC [PSYoungGen: 7647K->992K(7680K)] 14122K->7680K(24576K), 0.0004760 secs] [Times: user=0.00 sys=0.00, real=0.00 secs] 
26.643: Total time for which application threads were stopped: 0.0005740 seconds, Stopping threads took: 0.0000400 seconds
26.661: Application time: 0.0186670 seconds
26.663: [GC [PSYoungGen: 7644K->992K(7680K)] 14332K->7908K(24576K), 0.0004680 secs] [Times: user=0.00 sys=0.00, real=0.00 secs] 
26.663: Total time for which application threads were stopped: 0.0020900 seconds, Stopping threads took: 0.0015660 seconds
26.686: Application time: 0.0231040 seconds
26.687: [GC [PSYoungGen: 7646K->992K(7680K)] 14562K->8108K(24576K), 0.0004640 secs] [Times: user=0.01 sys=0.00, real=0.01 secs] 
26.687: Total time for which application threads were stopped: 0.0005750 seconds, Stopping threads took: 0.0000540 seconds
26.713: Application time: 0.0263280 seconds
26.713: [GC [PSYoungGen: 7648K->992K(7680K)] 14764K->8523K(24576K), 0.0005640 secs] [Times: user=0.00 sys=0.00, real=0.00 secs] 
26.714: Total time for which application threads were stopped: 0.0006720 seconds, Stopping threads took: 0.0000530 seconds
26.741: Application time: 0.0267380 seconds
26.741: [GC [PSYoungGen: 7645K->992K(7680K)] 15176K->8691K(24576K), 0.0004660 secs] [Times: user=0.01 sys=0.00, real=0.00 secs] 
26.741: Total time for which application threads were stopped: 0.0005710 seconds, Stopping threads took: 0.0000500 seconds
26.770: Application time: 0.0286350 seconds
26.770: [GC [PSYoungGen: 7646K->992K(7680K)] 15346K->8739K(24576K), 0.0004540 secs] [Times: user=0.00 sys=0.00, real=0.00 secs] 
26.771: Total time for which application threads were stopped: 0.0005610 seconds, Stopping threads took: 0.0000520 seconds
26.799: Application time: 0.0285110 seconds
26.799: [GC [PSYoungGen: 7646K->992K(7680K)] 15394K->8755K(24576K), 0.0004100 secs] [Times: user=0.00 sys=0.00, real=0.00 secs] 
26.800: Total time for which application threads were stopped: 0.0005230 seconds, Stopping threads took: 0.0000590 seconds
26.828: Application time: 0.0281430 seconds
26.828: [GC [PSYoungGen: 7644K->1008K(7680K)] 15407K->8923K(24576K), 0.0005170 secs] [Times: user=0.00 sys=0.00, real=0.00 secs] 
26.828: Total time for which application threads were stopped: 0.0006200 seconds, Stopping threads took: 0.0000470 seconds
26.856: Application time: 0.0277580 seconds
26.856: [GC [PSYoungGen: 7661K->1008K(7680K)] 15577K->8971K(24576K), 0.0004200 secs] [Times: user=0.01 sys=0.00, real=0.00 secs] 
26.857: Total time for which application threads were stopped: 0.0005260 seconds, Stopping threads took: 0.0000520 seconds
26.885: Application time: 0.0287290 seconds
26.885: [GC [PSYoungGen: 7662K->992K(7680K)] 15626K->8979K(24576K), 0.0004770 secs] [Times: user=0.00 sys=0.00, real=0.00 secs] 
26.886: Total time for which application threads were stopped: 0.0005930 seconds, Stopping threads took: 0.0000630 seconds
26.914: Application time: 0.0278310 seconds
26.914: [GC [PSYoungGen: 7646K->992K(7680K)] 15633K->9143K(24576K), 0.0004350 secs] [Times: user=0.00 sys=0.00, real=0.00 secs] 
26.914: Total time for which application threads were stopped: 0.0005300 seconds, Stopping threads took: 0.0000400 seconds
26.944: Application time: 0.0293500 seconds
26.944: [GC [PSYoungGen: 7644K->1008K(7680K)] 15796K->9191K(24576K), 0.0004560 secs] [Times: user=0.00 sys=0.00, real=0.00 secs] 
26.944: Total time for which application threads were stopped: 0.0005730 seconds, Stopping threads took: 0.0000600 seconds
26.973: Application time: 0.0289950 seconds
26.973: [GC [PSYoungGen: 7662K->960K(7680K)] 15846K->9208K(24576K), 0.0004400 secs] [Times: user=0.00 sys=0.00, real=0.00 secs] 
26.974: Total time for which application threads were stopped: 0.0005270 seconds, Stopping threads took: 0.0000330 seconds
27.003: Application time: 0.0292300 seconds
27.003: [GC [PSYoungGen: 7614K->992K(7680K)] 15863K->9296K(24576K), 0.0004110 secs] [Times: user=0.00 sys=0.00, real=0.00 secs] 
27.003: Total time for which application threads were stopped: 0.0005170 seconds, Stopping threads took: 0.0000470 seconds
27.030: Application time: 0.0264820 seconds
27.030: [GC [PSYoungGen: 7647K->992K(7680K)] 15952K->9601K(24576K), 0.0004810 secs] [Times: user=0.00 sys=0.00, real=0.00 secs] 
27.031: Total time for which application threads were stopped: 0.0005730 seconds, Stopping threads took: 0.0000380 seconds
27.057: Application time: 0.0260310 seconds
27.057: [GC [PSYoungGen: 7644K->992K(7680K)] 16253K->9929K(24576K), 0.0004910 secs] [Times: user=0.00 sys=0.00, real=0.00 secs] 
27.057: Total time for which application threads were stopped: 0.0005890 seconds, Stopping threads took: 0.0000400 seconds
27.086: Application time: 0.0285050 seconds
27.086: [GC [PSYoungGen: 7644K->992K(7680K)] 16581K->10097K(24576K), 0.0004620 secs] [Times: user=0.00 sys=0.00, real=0.00 secs] 
27.086: Total time for which application threads were stopped: 0.0005590 seconds, Stopping threads took: 0.0000420 seconds
27.116: Application time: 0.0297130 seconds
27.116: [GC [PSYoungGen: 7646K->992K(7680K)] 16751K->10129K(24576K), 0.0004390 secs] [Times: user=0.00 sys=0.00, real=0.00 secs] 
27.116: Total time for which application threads were stopped: 0.0005420 seconds, Stopping threads took: 0.0000490 seconds
27.146: Application time: 0.0297600 seconds
27.146: [GC [PSYoungGen: 7646K->992K(7680K)] 16783K->10161K(24576K), 0.0004530 secs] [Times: user=0.00 sys=0.00, real=0.01 secs] 
27.147: Total time for which application threads were stopped: 0.0005600 seconds, Stopping threads took: 0.0000520 seconds
27.177: Application time: 0.0298060 seconds
27.177: [GC [PSYoungGen: 7646K->992K(7680K)] 16815K->10217K(24576K), 0.0004500 secs] [Times: user=0.00 sys=0.00, real=0.00 secs] 
27.177: Total time for which application threads were stopped: 0.0005540 seconds, Stopping threads took: 0.0000500 seconds
27.207: Application time: 0.0299100 seconds
27.207: [GC [PSYoungGen: 7644K->992K(7680K)] 16869K->10217K(24576K), 0.0004020 secs] [Times: user=0.00 sys=0.00, real=0.00 secs] 
27.208: Total time for which application threads were stopped: 0.0005010 seconds, Stopping threads took: 0.0000460 seconds
27.237: Application time: 0.0296240 seconds
27.237: [GC [PSYoungGen: 7646K->992K(7680K)] 16871K->10225K(24576K), 0.0003770 secs] [Times: user=0.00 sys=0.00, real=0.00 secs] 
27.238: Total time for which application threads were stopped: 0.0004720 seconds, Stopping threads took: 0.0000420 seconds
27.268: Application time: 0.0299940 seconds
27.268: [GC [PSYoungGen: 7644K->992K(7680K)] 16877K->10233K(24576K), 0.0004680 secs] [Times: user=0.00 sys=0.00, real=0.00 secs] 
27.268: Total time for which application threads were stopped: 0.0005680 seconds, Stopping threads took: 0.0000470 seconds
27.298: Application time: 0.0294580 seconds
27.298: [GC [PSYoungGen: 7646K->832K(7680K)] 16887K->10285K(24576K), 0.0004090 secs] [Times: user=0.00 sys=0.00, real=0.00 secs] 
27.298: Total time for which application threads were stopped: 0.0005140 seconds, Stopping threads took: 0.0000510 seconds
27.328: Application time: 0.0294170 seconds
27.328: [GC [PSYoungGen: 7486K->768K(7680K)] 16940K->10221K(24576K), 0.0003750 secs] [Times: user=0.00 sys=0.00, real=0.00 secs] 
27.328: Total time for which application threads were stopped: 0.0004800 seconds, Stopping threads took: 0.0000520 seconds
27.358: Application time: 0.0294490 seconds
27.358: [GC [PSYoungGen: 7422K->800K(7680K)] 16876K->10253K(24576K), 0.0004190 secs] [Times: user=0.00 sys=0.00, real=0.00 secs] 
27.358: Total time for which application threads were stopped: 0.0005130 seconds, Stopping threads took: 0.0000430 seconds
27.388: Application time: 0.0295370 seconds
27.388: [GC [PSYoungGen: 7454K->768K(7680K)] 16908K->10298K(24576K), 0.0003780 secs] [Times: user=0.00 sys=0.00, real=0.00 secs] 
27.388: Total time for which application threads were stopped: 0.0004750 seconds, Stopping threads took: 0.0000460 seconds
27.418: Application time: 0.0295220 seconds
27.418: [GC [PSYoungGen: 7422K->736K(7680K)] 16952K->10266K(24576K), 0.0004210 secs] [Times: user=0.00 sys=0.00, real=0.00 secs] 
27.418: Total time for which application threads were stopped: 0.0005120 seconds, Stopping threads took: 0.0000400 seconds
27.448: Application time: 0.0301250 seconds
27.448: [GC [PSYoungGen: 7390K->736K(7680K)] 16920K->10266K(24576K), 0.0003530 secs] [Times: user=0.00 sys=0.00, real=0.00 secs] 
27.449: Total time for which application threads were stopped: 0.0004440 seconds, Stopping threads took: 0.0000410 seconds
27.478: Application time: 0.0294770 seconds
27.478: [GC [PSYoungGen: 7390K->768K(7680K)] 16920K->10322K(24576K), 0.0004150 secs] [Times: user=0.01 sys=0.00, real=0.00 secs] 
27.479: Total time for which application threads were stopped: 0.0005060 seconds, Stopping threads took: 0.0000400 seconds
27.508: Application time: 0.0296330 seconds
27.508: [GC [PSYoungGen: 7422K->288K(7680K)] 16976K->10291K(24576K), 0.0004850 secs] [Times: user=0.01 sys=0.00, real=0.00 secs] 
27.509: Total time for which application threads were stopped: 0.0005870 seconds, Stopping threads took: 0.0000400 seconds
27.539: Application time: 0.0295800 seconds
27.539: [GC [PSYoungGen: 6942K->0K(7680K)] 16945K->10215K(24576K), 0.0003700 secs] [Times: user=0.00 sys=0.00, real=0.01 secs] 
27.539: Total time for which application threads were stopped: 0.0004880 seconds, Stopping threads took: 0.0000640 seconds
27.569: Application time: 0.0298750 seconds
27.569: [GC [PSYoungGen: 6654K->0K(7680K)] 16870K->10215K(24576K), 0.0003020 secs] [Times: user=0.00 sys=0.00, real=0.00 secs] 
27.569: Total time for which application threads were stopped: 0.0004120 seconds, Stopping threads took: 0.0000520 seconds
27.599: Application time: 0.0294850 seconds
27.599: [GC [PSYoungGen: 6654K->0K(7680K)] 16870K->10215K(24576K), 0.0003150 secs] [Times: user=0.00 sys=0.00, real=0.00 secs] 
27.599: Total time for which application threads were stopped: 0.0004050 seconds, Stopping threads took: 0.0000420 seconds
27.629: Application time: 0.0297320 seconds
27.629: [GC [PSYoungGen: 6654K->0K(7680K)] 16870K->10215K(24576K), 0.0003230 secs] [Times: user=0.00 sys=0.00, real=0.00 secs] 
27.629: Total time for which application threads were stopped: 0.0004230 seconds, Stopping threads took: 0.0000450 seconds
27.659: Application time: 0.0295530 seconds
27.659: [GC [PSYoungGen: 6654K->0K(7680K)] 16870K->10215K(24576K), 0.0003210 secs] [Times: user=0.00 sys=0.00, real=0.00 secs] 
27.659: Total time for which application threads were stopped: 0.0004140 seconds, Stopping threads took: 0.0000420 seconds
27.689: Application time: 0.0294480 seconds
27.691: [GC [PSYoungGen: 6654K->0K(7680K)] 16870K->10215K(24576K), 0.0003470 secs] [Times: user=0.00 sys=0.00, real=0.00 secs] 
27.691: Total time for which application threads were stopped: 0.0024310 seconds, Stopping threads took: 0.0020350 seconds
27.721: Application time: 0.0293890 seconds
27.721: [GC [PSYoungGen: 6654K->0K(7680K)] 16870K->10215K(24576K), 0.0003030 secs] [Times: user=0.00 sys=0.00, real=0.00 secs] 
27.721: Total time for which application threads were stopped: 0.0003950 seconds, Stopping threads took: 0.0000450 seconds
27.750: Application time: 0.0294210 seconds
27.750: [GC [PSYoungGen: 6654K->0K(7680K)] 16870K->10215K(24576K), 0.0003270 secs] [Times: user=0.00 sys=0.00, real=0.00 secs] 
27.751: Total time for which application threads were stopped: 0.0004280 seconds, Stopping threads took: 0.0000490 seconds
27.780: Application time: 0.0294510 seconds
27.780: [GC [PSYoungGen: 6654K->0K(7680K)] 16870K->10215K(24576K), 0.0003000 secs] [Times: user=0.01 sys=0.00, real=0.00 secs] 
27.781: Total time for which application threads were stopped: 0.0003990 seconds, Stopping threads took: 0.0000510 seconds
27.810: Application time: 0.0293750 seconds
27.810: [GC [PSYoungGen: 6654K->0K(7680K)] 16870K->10215K(24576K), 0.0002850 secs] [Times: user=0.00 sys=0.00, real=0.00 secs] 
27.810: Total time for which application threads were stopped: 0.0003850 seconds, Stopping threads took: 0.0000480 seconds
27.840: Application time: 0.0292050 seconds
27.840: [GC [PSYoungGen: 6654K->0K(7680K)] 16870K->10215K(24576K), 0.0002960 secs] [Times: user=0.00 sys=0.00, real=0.00 secs] 
27.840: Total time for which application threads were stopped: 0.0003820 seconds, Stopping threads took: 0.0000370 seconds
27.861: Application time: 0.0208210 seconds
27.861: [GC [PSYoungGen: 6654K->384K(7680K)] 16870K->10599K(24576K), 0.0003480 secs] [Times: user=0.00 sys=0.00, real=0.00 secs] 
27.861: Total time for which application threads were stopped: 0.0004440 seconds, Stopping threads took: 0.0000450 seconds
27.879: Application time: 0.0181980 seconds
27.880: [GC [PSYoungGen: 7036K->480K(7680K)] 17252K->10695K(24576K), 0.0003540 secs] [Times: user=0.00 sys=0.00, real=0.00 secs] 
27.880: Total time for which application threads were stopped: 0.0004440 seconds, Stopping threads took: 0.0000400 seconds
27.897: Application time: 0.0175340 seconds
27.898: [GC [PSYoungGen: 7135K->544K(7680K)] 17350K->10759K(24576K), 0.0003620 secs] [Times: user=0.00 sys=0.00, real=0.00 secs] 
27.898: Total time for which application threads were stopped: 0.0004540 seconds, Stopping threads took: 0.0000400 seconds
27.919: Application time: 0.0212870 seconds
27.923: [GC [PSYoungGen: 7200K->544K(7680K)] 17415K->10759K(24576K), 0.0003960 secs] [Times: user=0.00 sys=0.00, real=0.00 secs] 
27.923: Total time for which application threads were stopped: 0.0040190 seconds, Stopping threads took: 0.0035690 seconds
27.952: Application time: 0.0289010 seconds
27.952: [GC [PSYoungGen: 7195K->544K(7680K)] 17411K->10759K(24576K), 0.0003400 secs] [Times: user=0.00 sys=0.00, real=0.00 secs] 
27.953: Total time for which application threads were stopped: 0.0004540 seconds, Stopping threads took: 0.0000560 seconds
27.980: Application time: 0.0278710 seconds
27.981: [GC [PSYoungGen: 7198K->640K(7680K)] 17413K->10855K(24576K), 0.0003830 secs] [Times: user=0.00 sys=0.00, real=0.00 secs] 
27.981: Total time for which application threads were stopped: 0.0004770 seconds, Stopping threads took: 0.0000430 seconds
28.009: Application time: 0.0283160 seconds
28.009: [GC [PSYoungGen: 7292K->544K(7680K)] 17507K->10759K(24576K), 0.0003650 secs] [Times: user=0.00 sys=0.00, real=0.00 secs] 
28.010: Total time for which application threads were stopped: 0.0004680 seconds, Stopping threads took: 0.0000400 seconds
28.039: Application time: 0.0293670 seconds
28.039: [GC [PSYoungGen: 7198K->512K(7680K)] 17414K->10727K(24576K), 0.0003740 secs] [Times: user=0.00 sys=0.00, real=0.00 secs] 
28.040: Total time for which application threads were stopped: 0.0004690 seconds, Stopping threads took: 0.0000450 seconds
28.069: Application time: 0.0294810 seconds
28.069: [GC [PSYoungGen: 7164K->448K(7680K)] 17380K->10663K(24576K), 0.0004080 secs] [Times: user=0.00 sys=0.00, real=0.00 secs] 
28.070: Total time for which application threads were stopped: 0.0004950 seconds, Stopping threads took: 0.0000360 seconds
28.099: Application time: 0.0291970 seconds
28.099: [GC [PSYoungGen: 7102K->544K(7680K)] 17318K->10759K(24576K), 0.0003250 secs] [Times: user=0.00 sys=0.00, real=0.00 secs] 
28.099: Total time for which application threads were stopped: 0.0004180 seconds, Stopping threads took: 0.0000430 seconds
28.120: Application time: 0.0207320 seconds
28.120: [GC [PSYoungGen: 7200K->736K(7680K)] 17415K->10951K(24576K), 0.0003680 secs] [Times: user=0.00 sys=0.00, real=0.00 secs] 
28.120: Total time for which application threads were stopped: 0.0004640 seconds, Stopping threads took: 0.0000470 seconds
28.141: Application time: 0.0211250 seconds
28.142: [GC [PSYoungGen: 7389K->640K(7680K)] 17605K->10855K(24576K), 0.0004330 secs] [Times: user=0.00 sys=0.00, real=0.00 secs] 
28.142: Total time for which application threads were stopped: 0.0005330 seconds, Stopping threads took: 0.0000510 seconds
28.168: Application time: 0.0258350 seconds
28.168: [GC [PSYoungGen: 7291K->704K(7680K)] 17507K->10919K(24576K), 0.0003820 secs] [Times: user=0.00 sys=0.00, real=0.00 secs] 
28.168: Total time for which application threads were stopped: 0.0004680 seconds, Stopping threads took: 0.0000350 seconds
28.197: Application time: 0.0288680 seconds
28.197: [GC [PSYoungGen: 7358K->672K(7680K)] 17574K->10887K(24576K), 0.0004250 secs] [Times: user=0.00 sys=0.00, real=0.00 secs] 
28.198: Total time for which application threads were stopped: 0.0005330 seconds, Stopping threads took: 0.0000550 seconds
28.221: Application time: 0.0234300 seconds
28.221: [GC [PSYoungGen: 7324K->944K(7680K)] 17540K->11159K(24576K), 0.0004190 secs] [Times: user=0.00 sys=0.00, real=0.00 secs] 
28.222: Total time for which application threads were stopped: 0.0005110 seconds, Stopping threads took: 0.0000380 seconds
28.242: Application time: 0.0204190 seconds
28.242: [GC [PSYoungGen: 7598K->960K(7680K)] 17814K->11175K(24576K), 0.0004480 secs] [Times: user=0.01 sys=0.00, real=0.00 secs] 
28.243: Total time for which application threads were stopped: 0.0005400 seconds, Stopping threads took: 0.0000410 seconds
28.265: Application time: 0.0219490 seconds
28.265: [GC [PSYoungGen: 7611K->960K(7680K)] 17827K->11175K(24576K), 0.0005860 secs] [Times: user=0.00 sys=0.00, real=0.00 secs] 
28.265: Total time for which application threads were stopped: 0.0006770 seconds, Stopping threads took: 0.0000370 seconds
28.292: Application time: 0.0267270 seconds
28.292: [GC [PSYoungGen: 7612K->992K(7680K)] 17828K->11215K(24576K), 0.0004920 secs] [Times: user=0.01 sys=0.00, real=0.00 secs] 
28.293: Total time for which application threads were stopped: 0.0005960 seconds, Stopping threads took: 0.0000460 seconds
28.319: Application time: 0.0262870 seconds
28.319: [GC [PSYoungGen: 7646K->1008K(7680K)] 17870K->11391K(24576K), 0.0005480 secs] [Times: user=0.01 sys=0.00, real=0.00 secs] 
28.320: Total time for which application threads were stopped: 0.0006620 seconds, Stopping threads took: 0.0000590 seconds
28.337: Application time: 0.0175130 seconds
28.337: [GC [PSYoungGen: 7660K->992K(7680K)] 18043K->11723K(24576K), 0.0004880 secs] [Times: user=0.00 sys=0.00, real=0.00 secs] 
28.338: Total time for which application threads were stopped: 0.0006050 seconds, Stopping threads took: 0.0000630 seconds
28.353: Application time: 0.0153700 seconds
28.353: Total time for which application threads were stopped: 0.0000570 seconds, Stopping threads took: 0.0000380 seconds
28.353: Application time: 0.0000480 seconds
28.353: [GC [PSYoungGen: 7605K->992K(7680K)] 18465K->12040K(24576K), 0.0004980 secs] [Times: user=0.00 sys=0.00, real=0.00 secs] 
28.354: Total time for which application threads were stopped: 0.0005720 seconds, Stopping threads took: 0.0000300 seconds
28.365: Application time: 0.0113580 seconds
28.365: [GC [PSYoungGen: 7646K->992K(7680K)] 18979K->12861K(24576K), 0.0006160 secs] [Times: user=0.01 sys=0.00, real=0.00 secs] 
28.366: Total time for which application threads were stopped: 0.0007200 seconds, Stopping threads took: 0.0000500 seconds
28.379: Application time: 0.0129170 seconds
28.379: [GC [PSYoungGen: 7646K->1008K(7680K)] 19515K->13081K(24576K), 0.0005010 secs] [Times: user=0.00 sys=0.00, real=0.00 secs] 
28.379: Total time for which application threads were stopped: 0.0006030 seconds, Stopping threads took: 0.0000490 seconds
28.397: Application time: 0.0174150 seconds
28.399: [GC [PSYoungGen: 7662K->1008K(7680K)] 19736K->13249K(24576K), 0.0005040 secs] [Times: user=0.00 sys=0.00, real=0.00 secs] 
28.399: Total time for which application threads were stopped: 0.0026040 seconds, Stopping threads took: 0.0020450 seconds
28.420: Application time: 0.0210830 seconds
28.421: [GC [PSYoungGen: 7661K->1008K(7680K)] 19903K->13418K(24576K), 0.0004940 secs] [Times: user=0.01 sys=0.00, real=0.00 secs] 
28.421: Total time for which application threads were stopped: 0.0006090 seconds, Stopping threads took: 0.0000600 seconds
28.448: Application time: 0.0268290 seconds
28.448: [GC [PSYoungGen: 7660K->1008K(7680K)] 20070K->13634K(24576K), 0.0004820 secs] [Times: user=0.00 sys=0.00, real=0.00 secs] 
28.448: Total time for which application threads were stopped: 0.0005900 seconds, Stopping threads took: 0.0000530 seconds
28.475: Application time: 0.0265300 seconds
28.475: [GC [PSYoungGen: 7662K->1008K(7680K)] 20288K->13938K(24576K), 0.0004820 secs] [Times: user=0.00 sys=0.00, real=0.00 secs] 
28.476: Total time for which application threads were stopped: 0.0005840 seconds, Stopping threads took: 0.0000450 seconds
28.504: Application time: 0.0283620 seconds
28.504: [GC [PSYoungGen: 7662K->1008K(7680K)] 20593K->14187K(24576K), 0.0004870 secs] [Times: user=0.00 sys=0.00, real=0.00 secs] 
28.505: Total time for which application threads were stopped: 0.0006050 seconds, Stopping threads took: 0.0000620 seconds
28.532: Application time: 0.0278880 seconds
28.533: [GC [PSYoungGen: 7660K->1008K(7680K)] 20840K->14347K(24576K), 0.0005430 secs] [Times: user=0.00 sys=0.00, real=0.00 secs] 
28.533: Total time for which application threads were stopped: 0.0006620 seconds, Stopping threads took: 0.0000550 seconds
28.561: Application time: 0.0278030 seconds
28.561: [GC [PSYoungGen: 7661K->896K(7680K)] 21001K->14427K(24576K), 0.0004600 secs] [Times: user=0.00 sys=0.00, real=0.00 secs] 
28.561: Total time for which application threads were stopped: 0.0005570 seconds, Stopping threads took: 0.0000440 seconds
28.591: Application time: 0.0290940 seconds
28.591: [GC [PSYoungGen: 7548K->912K(7680K)] 21080K->14443K(24576K), 0.0004130 secs] [Times: user=0.00 sys=0.00, real=0.00 secs] 
28.591: Total time for which application threads were stopped: 0.0005090 seconds, Stopping threads took: 0.0000440 seconds
28.620: Application time: 0.0290800 seconds
28.620: [GC [PSYoungGen: 7566K->976K(7680K)] 21098K->14523K(24576K), 0.0005600 secs] [Times: user=0.00 sys=0.00, real=0.00 secs] 
28.621: Total time for which application threads were stopped: 0.0006880 seconds, Stopping threads took: 0.0000610 seconds
28.650: Application time: 0.0287730 seconds
28.650: [GC [PSYoungGen: 7630K->960K(7680K)] 21178K->14539K(24576K), 0.0004290 secs] [Times: user=0.00 sys=0.00, real=0.00 secs] 
28.650: Total time for which application threads were stopped: 0.0005630 seconds, Stopping threads took: 0.0000770 seconds
28.677: Application time: 0.0271620 seconds
28.677: [GC [PSYoungGen: 7613K->992K(7680K)] 21193K->14636K(24576K), 0.0004750 secs] [Times: user=0.00 sys=0.00, real=0.00 secs] 
28.678: Total time for which application threads were stopped: 0.0005760 seconds, Stopping threads took: 0.0000460 seconds
28.707: Application time: 0.0288220 seconds
28.707: [GC [PSYoungGen: 7646K->928K(7680K)] 21290K->14732K(24576K), 0.0004220 secs] [Times: user=0.00 sys=0.00, real=0.00 secs] 
28.707: Total time for which application threads were stopped: 0.0005300 seconds, Stopping threads took: 0.0000530 seconds
28.736: Application time: 0.0289200 seconds
28.736: [GC [PSYoungGen: 7580K->880K(7680K)] 21384K->14732K(24576K), 0.0004550 secs] [Times: user=0.00 sys=0.00, real=0.00 secs] 
28.737: Total time for which application threads were stopped: 0.0005680 seconds, Stopping threads took: 0.0000620 seconds
28.764: Application time: 0.0273290 seconds
28.764: [GC [PSYoungGen: 7533K->992K(7680K)] 21385K->14916K(24576K), 0.0004360 secs] [Times: user=0.00 sys=0.00, real=0.00 secs] 
28.765: Total time for which application threads were stopped: 0.0005540 seconds, Stopping threads took: 0.0000630 seconds
28.791: Application time: 0.0266310 seconds
28.791: [GC [PSYoungGen: 7647K->992K(7680K)] 21571K->15092K(24576K), 0.0005120 secs] [Times: user=0.00 sys=0.00, real=0.00 secs] 
28.792: Total time for which application threads were stopped: 0.0006200 seconds, Stopping threads took: 0.0000540 seconds
28.819: Application time: 0.0267620 seconds
28.819: [GC [PSYoungGen: 7647K->992K(7680K)] 21747K->15284K(24576K), 0.0004700 secs] [Times: user=0.00 sys=0.00, real=0.00 secs] 
28.819: Total time for which application threads were stopped: 0.0005720 seconds, Stopping threads took: 0.0000440 seconds
28.849: Application time: 0.0295850 seconds
28.849: [GC [PSYoungGen: 7646K->992K(7680K)] 21938K->15324K(24576K), 0.0004270 secs] [Times: user=0.00 sys=0.00, real=0.00 secs] 
28.849: Total time for which application threads were stopped: 0.0005260 seconds, Stopping threads took: 0.0000450 seconds
28.879: Application time: 0.0296560 seconds
28.879: [GC [PSYoungGen: 7646K->992K(7680K)] 21978K->15356K(24576K), 0.0004090 secs] [Times: user=0.00 sys=0.00, real=0.00 secs] 
28.880: Total time for which application threads were stopped: 0.0004990 seconds, Stopping threads took: 0.0000370 seconds
28.909: Application time: 0.0297550 seconds
28.909: [GC [PSYoungGen: 7646K->992K(7680K)] 22010K->15364K(24576K), 0.0004530 secs] [Times: user=0.00 sys=0.00, real=0.00 secs] 
28.910: Total time for which application threads were stopped: 0.0005580 seconds, Stopping threads took: 0.0000510 seconds
28.940: Application time: 0.0297460 seconds
28.940: [GC [PSYoungGen: 7646K->864K(7680K)] 22018K->15436K(24576K), 0.0004390 secs] [Times: user=0.00 sys=0.00, real=0.00 secs] 
28.940: Total time for which application threads were stopped: 0.0005490 seconds, Stopping threads took: 0.0000580 seconds
28.970: Application time: 0.0296610 seconds
28.970: [GC [PSYoungGen: 7518K->864K(7680K)] 22090K->15436K(24576K), 0.0003700 secs] [Times: user=0.00 sys=0.00, real=0.00 secs] 
28.970: Total time for which application threads were stopped: 0.0004800 seconds, Stopping threads took: 0.0000540 seconds
29.000: Application time: 0.0298710 seconds
29.000: [GC [PSYoungGen: 7518K->768K(7680K)] 22090K->15400K(24576K), 0.0004150 secs] [Times: user=0.01 sys=0.00, real=0.00 secs] 
29.001: Total time for which application threads were stopped: 0.0005230 seconds, Stopping threads took: 0.0000550 seconds
29.030: Application time: 0.0296070 seconds
29.030: [GC [PSYoungGen: 7422K->928K(7680K)] 22055K->15560K(24576K), 0.0004130 secs] [Times: user=0.00 sys=0.00, real=0.00 secs] 
29.031: Total time for which application threads were stopped: 0.0005250 seconds, Stopping threads took: 0.0000580 seconds
29.061: Application time: 0.0298880 seconds
29.061: [GC [PSYoungGen: 7582K->800K(7680K)] 22215K->15432K(24576K), 0.0003700 secs] [Times: user=0.00 sys=0.00, real=0.00 secs] 
29.061: Total time for which application threads were stopped: 0.0004750 seconds, Stopping threads took: 0.0000440 seconds
29.091: Application time: 0.0301620 seconds
29.091: [GC [PSYoungGen: 7454K->832K(7680K)] 22087K->15464K(24576K), 0.0003810 secs] [Times: user=0.01 sys=0.00, real=0.00 secs] 
29.092: Total time for which application threads were stopped: 0.0004730 seconds, Stopping threads took: 0.0000410 seconds
29.121: Application time: 0.0296840 seconds
29.122: [GC [PSYoungGen: 7486K->608K(7680K)] 22119K->15445K(24576K), 0.0004170 secs] [Times: user=0.00 sys=0.00, real=0.00 secs] 
29.122: Total time for which application threads were stopped: 0.0005210 seconds, Stopping threads took: 0.0000520 seconds
29.152: Application time: 0.0296380 seconds
29.152: [GC [PSYoungGen: 7262K->640K(7680K)] 22099K->15477K(24576K), 0.0003410 secs] [Times: user=0.00 sys=0.00, real=0.00 secs] 
29.152: Total time for which application threads were stopped: 0.0004300 seconds, Stopping threads took: 0.0000390 seconds
29.182: Application time: 0.0296520 seconds
29.182: [GC [PSYoungGen: 7294K->608K(7680K)] 22131K->15445K(24576K), 0.0003410 secs] [Times: user=0.00 sys=0.00, real=0.00 secs] 
29.182: Total time for which application threads were stopped: 0.0004440 seconds, Stopping threads took: 0.0000510 seconds
29.212: Application time: 0.0296960 seconds
29.212: [GC [PSYoungGen: 7262K->512K(7680K)] 22099K->15449K(24576K), 0.0003570 secs] [Times: user=0.00 sys=0.00, real=0.00 secs] 
29.212: Total time for which application threads were stopped: 0.0004490 seconds, Stopping threads took: 0.0000420 seconds
29.242: Application time: 0.0297690 seconds
29.242: [GC [PSYoungGen: 7166K->320K(7680K)] 22104K->15454K(24576K), 0.0004190 secs] [Times: user=0.00 sys=0.00, real=0.00 secs] 
29.243: Total time for which application threads were stopped: 0.0005190 seconds, Stopping threads took: 0.0000480 seconds
29.272: Application time: 0.0297740 seconds
29.272: [GC [PSYoungGen: 6974K->0K(7680K)] 22109K->15407K(24576K), 0.0003350 secs] [Times: user=0.00 sys=0.00, real=0.00 secs] 
29.273: Total time for which application threads were stopped: 0.0004330 seconds, Stopping threads took: 0.0000490 seconds
29.303: Application time: 0.0297100 seconds
29.303: [GC [PSYoungGen: 6654K->0K(7680K)] 22062K->15407K(24576K), 0.0002960 secs] [Times: user=0.00 sys=0.00, real=0.00 secs] 
29.303: Total time for which application threads were stopped: 0.0003970 seconds, Stopping threads took: 0.0000480 seconds
29.333: Application time: 0.0299300 seconds
29.333: [GC [PSYoungGen: 6652K->0K(7680K)] 22059K->15407K(24576K), 0.0002970 secs] [Times: user=0.00 sys=0.00, real=0.00 secs] 
29.333: Total time for which application threads were stopped: 0.0003950 seconds, Stopping threads took: 0.0000500 seconds
29.363: Application time: 0.0299270 seconds
29.363: [GC [PSYoungGen: 6652K->0K(7680K)] 22059K->15407K(24576K), 0.0003060 secs] [Times: user=0.00 sys=0.00, real=0.00 secs] 
29.364: Total time for which application threads were stopped: 0.0004000 seconds, Stopping threads took: 0.0000460 seconds
29.393: Application time: 0.0298800 seconds
29.394: [GC [PSYoungGen: 6654K->0K(7680K)] 22062K->15407K(24576K), 0.0003020 secs] [Times: user=0.00 sys=0.00, real=0.00 secs] 
29.394: Total time for which application threads were stopped: 0.0003820 seconds, Stopping threads took: 0.0000340 seconds
29.423: Application time: 0.0296280 seconds
29.424: [GC [PSYoungGen: 6654K->0K(7680K)] 22062K->15407K(24576K), 0.0002920 secs] [Times: user=0.00 sys=0.00, real=0.00 secs] 
29.424: Total time for which application threads were stopped: 0.0003930 seconds, Stopping threads took: 0.0000540 seconds
29.453: Application time: 0.0295910 seconds
29.454: [GC [PSYoungGen: 6654K->0K(7680K)] 22062K->15407K(24576K), 0.0003420 secs] [Times: user=0.00 sys=0.00, real=0.00 secs] 
29.454: Total time for which application threads were stopped: 0.0004380 seconds, Stopping threads took: 0.0000460 seconds
29.484: Application time: 0.0296480 seconds
29.484: [GC [PSYoungGen: 6654K->0K(7680K)] 22062K->15407K(24576K), 0.0003000 secs] [Times: user=0.00 sys=0.00, real=0.00 secs] 
29.484: Total time for which application threads were stopped: 0.0003850 seconds, Stopping threads took: 0.0000370 seconds
29.514: Application time: 0.0295620 seconds
29.514: [GC [PSYoungGen: 6654K->0K(7680K)] 22062K->15407K(24576K), 0.0003930 secs] [Times: user=0.00 sys=0.00, real=0.00 secs] 
29.514: Total time for which application threads were stopped: 0.0004850 seconds, Stopping threads took: 0.0000430 seconds
29.544: Application time: 0.0295590 seconds
29.544: [GC [PSYoungGen: 6654K->0K(7680K)] 22062K->15407K(24576K), 0.0002840 secs] [Times: user=0.00 sys=0.00, real=0.00 secs] 
29.544: Total time for which application threads were stopped: 0.0003850 seconds, Stopping threads took: 0.0000500 seconds
29.572: Application time: 0.0281720 seconds
29.572: [GC [PSYoungGen: 6652K->352K(7680K)] 22059K->15759K(24576K), 0.0003150 secs] [Times: user=0.00 sys=0.00, real=0.00 secs] 
29.573: Total time for which application threads were stopped: 0.0004240 seconds, Stopping threads took: 0.0000530 seconds
29.593: Application time: 0.0206550 seconds
29.593: [GC [PSYoungGen: 7004K->384K(7680K)] 22412K->15791K(24576K), 0.0003210 secs] [Times: user=0.00 sys=0.00, real=0.00 secs] 
29.594: Total time for which application threads were stopped: 0.0004240 seconds, Stopping threads took: 0.0000540 seconds
29.609: Application time: 0.0158000 seconds
29.609: [GC [PSYoungGen: 7038K->512K(7680K)] 22445K->15919K(24576K), 0.0003620 secs] [Times: user=0.00 sys=0.00, real=0.00 secs] 
29.610: Total time for which application threads were stopped: 0.0004450 seconds, Stopping threads took: 0.0000340 seconds
29.629: Application time: 0.0191100 seconds
29.629: [GC [PSYoungGen: 7166K->544K(7680K)] 22573K->15951K(24576K), 0.0004030 secs] [Times: user=0.00 sys=0.00, real=0.00 secs] 
29.630: Total time for which application threads were stopped: 0.0005170 seconds, Stopping threads took: 0.0000550 seconds
29.654: Application time: 0.0244410 seconds
29.654: [GC [PSYoungGen: 7197K->512K(7680K)] 22605K->15919K(24576K), 0.0003450 secs] [Times: user=0.00 sys=0.00, real=0.00 secs] 
29.654: Total time for which application threads were stopped: 0.0004420 seconds, Stopping threads took: 0.0000430 seconds
29.682: Application time: 0.0279840 seconds
29.682: [GC [PSYoungGen: 7166K->544K(7680K)] 22573K->15951K(24576K), 0.0003390 secs] [Times: user=0.00 sys=0.00, real=0.00 secs] 
29.683: Total time for which application threads were stopped: 0.0004430 seconds, Stopping threads took: 0.0000470 seconds
29.711: Application time: 0.0284890 seconds
29.715: [GC [PSYoungGen: 7198K->544K(7680K)] 22605K->15951K(24576K), 0.0004170 secs] [Times: user=0.00 sys=0.00, real=0.00 secs] 
29.715: Total time for which application threads were stopped: 0.0039310 seconds, Stopping threads took: 0.0034650 seconds
29.745: Application time: 0.0298120 seconds
29.745: [GC [PSYoungGen: 7196K->512K(7680K)] 22603K->15919K(24576K), 0.0003400 secs] [Times: user=0.00 sys=0.00, real=0.00 secs] 
29.746: Total time for which application threads were stopped: 0.0004740 seconds, Stopping threads took: 0.0000800 seconds
29.775: Application time: 0.0296540 seconds
29.775: [GC [PSYoungGen: 7166K->480K(7680K)] 22574K->15887K(24576K), 0.0003430 secs] [Times: user=0.00 sys=0.00, real=0.00 secs] 
29.776: Total time for which application threads were stopped: 0.0004430 seconds, Stopping threads took: 0.0000500 seconds
29.805: Application time: 0.0296210 seconds
29.805: [GC [PSYoungGen: 7134K->672K(7680K)] 22542K->16079K(24576K), 0.0003670 secs] [Times: user=0.01 sys=0.00, real=0.00 secs] 
29.806: Total time for which application threads were stopped: 0.0004680 seconds, Stopping threads took: 0.0000520 seconds
29.834: Application time: 0.0277920 seconds
29.835: [GC [PSYoungGen: 7326K->672K(7680K)] 22733K->16079K(24576K), 0.0004170 secs] [Times: user=0.00 sys=0.00, real=0.00 secs] 
29.835: Total time for which application threads were stopped: 0.0017180 seconds, Stopping threads took: 0.0012500 seconds
29.856: Application time: 0.0206070 seconds
29.856: [GC [PSYoungGen: 7326K->704K(7680K)] 22734K->16111K(24576K), 0.0003510 secs] [Times: user=0.00 sys=0.00, real=0.00 secs] 
29.856: Total time for which application threads were stopped: 0.0004580 seconds, Stopping threads took: 0.0000540 seconds
29.878: Application time: 0.0220560 seconds
29.878: [GC [PSYoungGen: 7359K->832K(7680K)] 22767K->16239K(24576K), 0.0003840 secs] [Times: user=0.00 sys=0.00, real=0.01 secs] 
29.879: Total time for which application threads were stopped: 0.0004840 seconds, Stopping threads took: 0.0000460 seconds
29.906: Application time: 0.0270040 seconds
29.906: [GC [PSYoungGen: 7486K->736K(7680K)] 22893K->16143K(24576K), 0.0003790 secs] [Times: user=0.00 sys=0.00, real=0.00 secs] 
29.906: Total time for which application threads were stopped: 0.0004750 seconds, Stopping threads took: 0.0000450 seconds
29.935: Application time: 0.0290930 seconds
29.936: [GC [PSYoungGen: 7388K->672K(7680K)] 22795K->16079K(24576K), 0.0004040 secs] [Times: user=0.00 sys=0.00, real=0.00 secs] 
29.936: Total time for which application threads were stopped: 0.0005070 seconds, Stopping threads took: 0.0000490 seconds
29.960: Application time: 0.0239840 seconds
29.960: [GC [PSYoungGen: 7324K->960K(7680K)] 22731K->16367K(24576K), 0.0003950 secs] [Times: user=0.00 sys=0.00, real=0.00 secs] 
29.960: Total time for which application threads were stopped: 0.0004860 seconds, Stopping threads took: 0.0000390 seconds
29.981: Application time: 0.0205400 seconds
29.983: [GC [PSYoungGen: 7614K->960K(7680K)] 23021K->16367K(24576K), 0.0004070 secs] [Times: user=0.00 sys=0.00, real=0.00 secs] 
29.983: Total time for which application threads were stopped: 0.0023210 seconds, Stopping threads took: 0.0018600 seconds
30.005: Application time: 0.0218640 seconds
30.005: [GC [PSYoungGen: 7613K->960K(7680K)] 23021K->16367K(24576K), 0.0005260 secs] [Times: user=0.00 sys=0.00, real=0.00 secs] 
30.006: Total time for which application threads were stopped: 0.0006290 seconds, Stopping threads took: 0.0000510 seconds
30.031: Application time: 0.0255550 seconds
30.031: [GC [PSYoungGen: 7614K->1008K(7680K)] 23022K->16415K(24576K), 0.0005350 secs] [Times: user=0.00 sys=0.00, real=0.00 secs] 
30.032: Total time for which application threads were stopped: 0.0006250 seconds, Stopping threads took: 0.0000370 seconds
30.056: Application time: 0.0245340 seconds
30.057: [GC [PSYoungGen: 7661K->1008K(7680K)] 23068K->16575K(24576K), 0.0004750 secs] [Times: user=0.00 sys=0.00, real=0.00 secs] 
30.057: Total time for which application threads were stopped: 0.0005730 seconds, Stopping threads took: 0.0000450 seconds
30.077: Application time: 0.0197480 seconds
30.077: [GC [PSYoungGen: 7663K->1008K(7680K)] 23230K->16711K(24576K), 0.0004910 secs] [Times: user=0.00 sys=0.00, real=0.00 secs] 
30.077: Total time for which application threads were stopped: 0.0005970 seconds, Stopping threads took: 0.0000440 seconds
30.096: Application time: 0.0188560 seconds
30.096: [GC [PSYoungGen: 7660K->992K(7680K)] 23364K->17080K(24576K), 0.0004820 secs] [Times: user=0.00 sys=0.00, real=0.00 secs] 
30.097: Total time for which application threads were stopped: 0.0005870 seconds, Stopping threads took: 0.0000490 seconds
30.115: Application time: 0.0179020 seconds
30.115: [GC [PSYoungGen: 7646K->1008K(7680K)] 23734K->17360K(24576K), 0.0004730 secs] [Times: user=0.00 sys=0.00, real=0.00 secs] 
30.115: Total time for which application threads were stopped: 0.0006020 seconds, Stopping threads took: 0.0000740 seconds
30.131: Application time: 0.0158100 seconds
30.131: [GC [PSYoungGen: 7663K->1008K(7680K)] 24015K->17392K(24576K), 0.0004320 secs] [Times: user=0.00 sys=0.00, real=0.00 secs] 
30.132: Total time for which application threads were stopped: 0.0005380 seconds, Stopping threads took: 0.0000450 seconds
30.148: Application time: 0.0160790 seconds
30.148: [GC [PSYoungGen: 7663K->992K(7680K)] 24047K->17632K(24576K), 0.0004680 secs] [Times: user=0.00 sys=0.00, real=0.00 secs] 
30.148: [Full GC [PSYoungGen: 992K->0K(7680K)] [ParOldGen: 16640K->3961K(16896K)] 17632K->3961K(24576K) [PSPermGen: 5536K->5536K(21504K)], 0.0050580 secs] [Times: user=0.02 sys=0.00, real=0.00 secs] 
30.153: Total time for which application threads were stopped: 0.0056830 seconds, Stopping threads took: 0.0000560 seconds
30.170: Application time: 0.0169980 seconds
30.171: [GC [PSYoungGen: 6652K->704K(7680K)] 10613K->4665K(24576K), 0.0004130 secs] [Times: user=0.00 sys=0.00, real=0.00 secs] 
30.171: Total time for which application threads were stopped: 0.0005150 seconds, Stopping threads took: 0.0000420 seconds
30.192: Application time: 0.0207580 seconds
30.192: [GC [PSYoungGen: 7360K->576K(7680K)] 11321K->4537K(24576K), 0.0003640 secs] [Times: user=0.00 sys=0.00, real=0.00 secs] 
30.192: Total time for which application threads were stopped: 0.0004600 seconds, Stopping threads took: 0.0000460 seconds
30.219: Application time: 0.0264220 seconds
30.219: Total time for which application threads were stopped: 0.0000640 seconds, Stopping threads took: 0.0000460 seconds
30.219: Application time: 0.0000470 seconds
30.219: [GC [PSYoungGen: 7164K->832K(7680K)] 11253K->4921K(24576K), 0.0003820 secs] [Times: user=0.01 sys=0.00, real=0.00 secs] 
30.219: Total time for which application threads were stopped: 0.0004490 seconds, Stopping threads took: 0.0000240 seconds
30.249: Application time: 0.0301000 seconds
30.249: [GC [PSYoungGen: 7486K->704K(7680K)] 11860K->5078K(24576K), 0.0004440 secs] [Times: user=0.00 sys=0.00, real=0.00 secs] 
30.250: Total time for which application threads were stopped: 0.0005520 seconds, Stopping threads took: 0.0000530 seconds
30.277: Application time: 0.0268320 seconds
30.277: [GC [PSYoungGen: 7359K->960K(7680K)] 11733K->5334K(24576K), 0.0004300 secs] [Times: user=0.00 sys=0.00, real=0.00 secs] 
30.277: Total time for which application threads were stopped: 0.0005130 seconds, Stopping threads took: 0.0000320 seconds
30.305: Application time: 0.0282550 seconds
30.306: [GC [PSYoungGen: 7612K->992K(7680K)] 11986K->5366K(24576K), 0.0004100 secs] [Times: user=0.01 sys=0.00, real=0.00 secs] 
30.306: Total time for which application threads were stopped: 0.0004950 seconds, Stopping threads took: 0.0000320 seconds
30.335: Application time: 0.0290870 seconds
30.335: [GC [PSYoungGen: 7646K->960K(7680K)] 12020K->5334K(24576K), 0.0003850 secs] [Times: user=0.00 sys=0.00, real=0.00 secs] 
30.336: Total time for which application threads were stopped: 0.0004990 seconds, Stopping threads took: 0.0000580 seconds
30.364: Application time: 0.0288260 seconds
30.364: [GC [PSYoungGen: 7614K->960K(7680K)] 11988K->5462K(24576K), 0.0003850 secs] [Times: user=0.00 sys=0.00, real=0.00 secs] 
30.365: Total time for which application threads were stopped: 0.0004810 seconds, Stopping threads took: 0.0000440 seconds
30.393: Application time: 0.0281970 seconds
30.393: [GC [PSYoungGen: 7614K->992K(7680K)] 12116K->5510K(24576K), 0.0003950 secs] [Times: user=0.00 sys=0.00, real=0.00 secs] 
30.394: Total time for which application threads were stopped: 0.0004890 seconds, Stopping threads took: 0.0000430 seconds
30.422: Application time: 0.0282770 seconds
30.422: [GC [PSYoungGen: 7644K->992K(7680K)] 12162K->5534K(24576K), 0.0004010 secs] [Times: user=0.00 sys=0.00, real=0.00 secs] 
30.422: Total time for which application threads were stopped: 0.0005210 seconds, Stopping threads took: 0.0000660 seconds
30.451: Application time: 0.0290930 seconds
30.452: [GC [PSYoungGen: 7646K->992K(7680K)] 12188K->5550K(24576K), 0.0003850 secs] [Times: user=0.00 sys=0.00, real=0.00 secs] 
30.452: Total time for which application threads were stopped: 0.0004790 seconds, Stopping threads took: 0.0000420 seconds
30.481: Application time: 0.0292030 seconds
30.481: [GC [PSYoungGen: 7646K->992K(7680K)] 12204K->5646K(24576K), 0.0004270 secs] [Times: user=0.00 sys=0.00, real=0.00 secs] 
30.482: Total time for which application threads were stopped: 0.0005210 seconds, Stopping threads took: 0.0000450 seconds
30.509: Application time: 0.0273720 seconds
30.509: [GC [PSYoungGen: 7645K->928K(7680K)] 12299K->5710K(24576K), 0.0003940 secs] [Times: user=0.00 sys=0.00, real=0.00 secs] 
30.510: Total time for which application threads were stopped: 0.0004910 seconds, Stopping threads took: 0.0000460 seconds
30.537: Application time: 0.0279130 seconds
30.538: [GC [PSYoungGen: 7582K->992K(7680K)] 12364K->5918K(24576K), 0.0004810 secs] [Times: user=0.00 sys=0.00, real=0.00 secs] 
30.538: Total time for which application threads were stopped: 0.0006000 seconds, Stopping threads took: 0.0000660 seconds
30.565: Application time: 0.0274640 seconds
30.566: [GC [PSYoungGen: 7646K->992K(7680K)] 12572K->6054K(24576K), 0.0004350 secs] [Times: user=0.00 sys=0.00, real=0.00 secs] 
30.566: Total time for which application threads were stopped: 0.0005430 seconds, Stopping threads took: 0.0000550 seconds
30.594: Application time: 0.0276040 seconds
30.594: [GC [PSYoungGen: 7645K->992K(7680K)] 12707K->6054K(24576K), 0.0004100 secs] [Times: user=0.00 sys=0.00, real=0.00 secs] 
30.594: Total time for which application threads were stopped: 0.0005280 seconds, Stopping threads took: 0.0000570 seconds
30.624: Application time: 0.0297930 seconds
30.624: [GC [PSYoungGen: 7646K->992K(7680K)] 12708K->6062K(24576K), 0.0005310 secs] [Times: user=0.00 sys=0.00, real=0.00 secs] 
30.626: Total time for which application threads were stopped: 0.0016420 seconds, Stopping threads took: 0.0000610 seconds
30.657: Application time: 0.0318200 seconds
30.659: [GC [PSYoungGen: 7645K->992K(7680K)] 12715K->6106K(24576K), 0.0005270 secs] [Times: user=0.00 sys=0.00, real=0.00 secs] 
30.659: Total time for which application threads were stopped: 0.0018950 seconds, Stopping threads took: 0.0013070 seconds
30.689: Application time: 0.0296880 seconds
30.689: [GC [PSYoungGen: 7646K->928K(7680K)] 12761K->6042K(24576K), 0.0004010 secs] [Times: user=0.00 sys=0.00, real=0.00 secs] 
30.690: Total time for which application threads were stopped: 0.0005300 seconds, Stopping threads took: 0.0000710 seconds
30.720: Application time: 0.0300310 seconds
30.720: [GC [PSYoungGen: 7582K->896K(7680K)] 12697K->6018K(24576K), 0.0004250 secs] [Times: user=0.00 sys=0.00, real=0.00 secs] 
30.720: Total time for which application threads were stopped: 0.0006030 seconds, Stopping threads took: 0.0001250 seconds
30.750: Application time: 0.0296370 seconds
30.750: [GC [PSYoungGen: 7550K->928K(7680K)] 12673K->6103K(24576K), 0.0004570 secs] [Times: user=0.00 sys=0.00, real=0.00 secs] 
30.750: Total time for which application threads were stopped: 0.0005820 seconds, Stopping threads took: 0.0000730 seconds
30.780: Application time: 0.0296340 seconds
30.780: [GC [PSYoungGen: 7582K->896K(7680K)] 12757K->6071K(24576K), 0.0004230 secs] [Times: user=0.00 sys=0.00, real=0.00 secs] 
30.781: Total time for which application threads were stopped: 0.0005300 seconds, Stopping threads took: 0.0000510 seconds
30.811: Application time: 0.0301090 seconds
30.811: [GC [PSYoungGen: 7550K->896K(7680K)] 12725K->6071K(24576K), 0.0003500 secs] [Times: user=0.00 sys=0.00, real=0.00 secs] 
30.811: Total time for which application threads were stopped: 0.0004580 seconds, Stopping threads took: 0.0000560 seconds
30.841: Application time: 0.0295840 seconds
30.841: [GC [PSYoungGen: 7550K->960K(7680K)] 12725K->6135K(24576K), 0.0003790 secs] [Times: user=0.00 sys=0.00, real=0.00 secs] 
30.841: Total time for which application threads were stopped: 0.0005040 seconds, Stopping threads took: 0.0000700 seconds
30.871: Application time: 0.0299590 seconds
30.871: [GC [PSYoungGen: 7614K->768K(7680K)] 12789K->6127K(24576K), 0.0004330 secs] [Times: user=0.00 sys=0.00, real=0.00 secs] 
30.872: Total time for which application threads were stopped: 0.0005340 seconds, Stopping threads took: 0.0000490 seconds
30.902: Application time: 0.0298690 seconds
30.902: [GC [PSYoungGen: 7422K->736K(7680K)] 12781K->6095K(24576K), 0.0003800 secs] [Times: user=0.00 sys=0.00, real=0.00 secs] 
30.902: Total time for which application threads were stopped: 0.0004910 seconds, Stopping threads took: 0.0000580 seconds
30.932: Application time: 0.0295560 seconds
30.932: [GC [PSYoungGen: 7390K->704K(7680K)] 12749K->6063K(24576K), 0.0004000 secs] [Times: user=0.01 sys=0.00, real=0.00 secs] 
30.932: Total time for which application threads were stopped: 0.0005020 seconds, Stopping threads took: 0.0000510 seconds
30.962: Application time: 0.0296070 seconds
30.962: [GC [PSYoungGen: 7358K->672K(7680K)] 12717K->6111K(24576K), 0.0004070 secs] [Times: user=0.00 sys=0.00, real=0.00 secs] 
30.962: Total time for which application threads were stopped: 0.0005040 seconds, Stopping threads took: 0.0000460 seconds
30.992: Application time: 0.0297970 seconds
30.992: [GC [PSYoungGen: 7326K->608K(7680K)] 12765K->6055K(24576K), 0.0004130 secs] [Times: user=0.00 sys=0.00, real=0.00 secs] 
30.993: Total time for which application threads were stopped: 0.0005140 seconds, Stopping threads took: 0.0000480 seconds
31.022: Application time: 0.0295260 seconds
31.022: [GC [PSYoungGen: 7262K->320K(7680K)] 12709K->6179K(24576K), 0.0004130 secs] [Times: user=0.00 sys=0.00, real=0.00 secs] 
31.023: Total time for which application threads were stopped: 0.0005250 seconds, Stopping threads took: 0.0000600 seconds
31.052: Application time: 0.0297050 seconds
31.052: [GC [PSYoungGen: 6974K->0K(7680K)] 12834K->6072K(24576K), 0.0003130 secs] [Times: user=0.00 sys=0.00, real=0.00 secs] 
31.053: Total time for which application threads were stopped: 0.0004210 seconds, Stopping threads took: 0.0000500 seconds
31.082: Application time: 0.0296090 seconds
31.082: [GC [PSYoungGen: 6654K->0K(7680K)] 12727K->6072K(24576K), 0.0003430 secs] [Times: user=0.00 sys=0.00, real=0.00 secs] 
31.083: Total time for which application threads were stopped: 0.0004470 seconds, Stopping threads took: 0.0000510 seconds
31.113: Application time: 0.0297240 seconds
31.113: [GC [PSYoungGen: 6654K->0K(7680K)] 12727K->6072K(24576K), 0.0002870 secs] [Times: user=0.00 sys=0.00, real=0.00 secs] 
31.113: Total time for which application threads were stopped: 0.0003890 seconds, Stopping threads took: 0.0000440 seconds
31.143: Application time: 0.0298040 seconds
31.143: [GC [PSYoungGen: 6654K->0K(7680K)] 12727K->6072K(24576K), 0.0003040 secs] [Times: user=0.00 sys=0.00, real=0.00 secs] 
31.143: Total time for which application threads were stopped: 0.0004040 seconds, Stopping threads took: 0.0000510 seconds
31.173: Application time: 0.0297540 seconds
31.173: [GC [PSYoungGen: 6654K->0K(7680K)] 12727K->6072K(24576K), 0.0003020 secs] [Times: user=0.00 sys=0.00, real=0.00 secs] 
31.173: Total time for which application threads were stopped: 0.0004000 seconds, Stopping threads took: 0.0000500 seconds
31.203: Application time: 0.0296610 seconds
31.203: [GC [PSYoungGen: 6654K->0K(7680K)] 12727K->6072K(24576K), 0.0003150 secs] [Times: user=0.00 sys=0.00, real=0.00 secs] 
31.203: Total time for which application threads were stopped: 0.0004180 seconds, Stopping threads took: 0.0000550 seconds
31.233: Application time: 0.0295900 seconds
31.233: [GC [PSYoungGen: 6654K->0K(7680K)] 12727K->6072K(24576K), 0.0002870 secs] [Times: user=0.00 sys=0.00, real=0.00 secs] 
31.233: Total time for which application threads were stopped: 0.0003770 seconds, Stopping threads took: 0.0000430 seconds
31.263: Application time: 0.0295930 seconds
31.263: [GC [PSYoungGen: 6654K->0K(7680K)] 12727K->6072K(24576K), 0.0003160 secs] [Times: user=0.00 sys=0.00, real=0.00 secs] 
31.263: Total time for which application threads were stopped: 0.0004030 seconds, Stopping threads took: 0.0000370 seconds
31.293: Application time: 0.0299140 seconds
31.293: [GC [PSYoungGen: 6654K->0K(7680K)] 12726K->6072K(24576K), 0.0002700 secs] [Times: user=0.00 sys=0.00, real=0.00 secs] 
31.294: Total time for which application threads were stopped: 0.0003720 seconds, Stopping threads took: 0.0000530 seconds
31.319: Application time: 0.0252720 seconds
31.319: [GC [PSYoungGen: 6652K->288K(7680K)] 12724K->6360K(24576K), 0.0003810 secs] [Times: user=0.01 sys=0.00, real=0.00 secs] 
31.319: Total time for which application threads were stopped: 0.0004800 seconds, Stopping threads took: 0.0000510 seconds
31.339: Application time: 0.0192960 seconds
31.339: [GC [PSYoungGen: 6941K->480K(7680K)] 13013K->6552K(24576K), 0.0003750 secs] [Times: user=0.00 sys=0.00, real=0.00 secs] 
31.339: Total time for which application threads were stopped: 0.0004670 seconds, Stopping threads took: 0.0000400 seconds
31.355: Application time: 0.0162880 seconds
31.356: [GC [PSYoungGen: 7134K->416K(7680K)] 13206K->6488K(24576K), 0.0003330 secs] [Times: user=0.00 sys=0.00, real=0.00 secs] 
31.356: Total time for which application threads were stopped: 0.0004320 seconds, Stopping threads took: 0.0000480 seconds
31.377: Application time: 0.0213120 seconds
31.377: [GC [PSYoungGen: 7069K->672K(7680K)] 13141K->6744K(24576K), 0.0003600 secs] [Times: user=0.01 sys=0.00, real=0.00 secs] 
31.378: Total time for which application threads were stopped: 0.0004590 seconds, Stopping threads took: 0.0000470 seconds
31.403: Application time: 0.0252610 seconds
31.403: [GC [PSYoungGen: 7324K->576K(7680K)] 13396K->6648K(24576K), 0.0003200 secs] [Times: user=0.00 sys=0.00, real=0.00 secs] 
31.403: Total time for which application threads were stopped: 0.0004180 seconds, Stopping threads took: 0.0000480 seconds
31.432: Application time: 0.0281500 seconds
31.432: [GC [PSYoungGen: 7230K->512K(7680K)] 13302K->6584K(24576K), 0.0003480 secs] [Times: user=0.00 sys=0.00, real=0.00 secs] 
31.432: Total time for which application threads were stopped: 0.0004390 seconds, Stopping threads took: 0.0000410 seconds
31.460: Application time: 0.0283200 seconds
31.460: [GC [PSYoungGen: 7164K->544K(7680K)] 13236K->6616K(24576K), 0.0003480 secs] [Times: user=0.00 sys=0.00, real=0.00 secs] 
31.461: Total time for which application threads were stopped: 0.0004430 seconds, Stopping threads took: 0.0000450 seconds
31.491: Application time: 0.0299100 seconds
31.491: [GC [PSYoungGen: 7198K->512K(7680K)] 13271K->6584K(24576K), 0.0120660 secs] [Times: user=0.09 sys=0.00, real=0.01 secs] 
31.503: Total time for which application threads were stopped: 0.0121600 seconds, Stopping threads took: 0.0000400 seconds
31.532: Application time: 0.0295090 seconds
31.532: [GC [PSYoungGen: 7166K->512K(7680K)] 13239K->6584K(24576K), 0.0003690 secs] [Times: user=0.00 sys=0.00, real=0.00 secs] 
31.533: Total time for which application threads were stopped: 0.0004740 seconds, Stopping threads took: 0.0000480 seconds
31.562: Application time: 0.0294200 seconds
31.562: [GC [PSYoungGen: 7166K->544K(7680K)] 13239K->6616K(24576K), 0.0003230 secs] [Times: user=0.00 sys=0.00, real=0.00 secs] 
31.563: Total time for which application threads were stopped: 0.0004160 seconds, Stopping threads took: 0.0000420 seconds
31.590: Application time: 0.0274010 seconds
31.590: [GC [PSYoungGen: 7196K->704K(7680K)] 13268K->6776K(24576K), 0.0003580 secs] [Times: user=0.00 sys=0.00, real=0.00 secs] 
31.590: Total time for which application threads were stopped: 0.0004570 seconds, Stopping threads took: 0.0000470 seconds
31.611: Application time: 0.0206480 seconds
31.611: [GC [PSYoungGen: 7356K->704K(7680K)] 13429K->6776K(24576K), 0.0004040 secs] [Times: user=0.01 sys=0.00, real=0.00 secs] 
31.612: Total time for which application threads were stopped: 0.0005070 seconds, Stopping threads took: 0.0000510 seconds
31.634: Application time: 0.0222540 seconds
31.634: [GC [PSYoungGen: 7359K->704K(7680K)] 13432K->6776K(24576K), 0.0004670 secs] [Times: user=0.00 sys=0.00, real=0.00 secs] 
31.634: Total time for which application threads were stopped: 0.0005970 seconds, Stopping threads took: 0.0000610 seconds
31.662: Application time: 0.0279120 seconds
31.662: [GC [PSYoungGen: 7358K->736K(7680K)] 13430K->6808K(24576K), 0.0004080 secs] [Times: user=0.00 sys=0.00, real=0.00 secs] 
31.663: Total time for which application threads were stopped: 0.0005100 seconds, Stopping threads took: 0.0000450 seconds
31.692: Application time: 0.0289280 seconds
31.692: [GC [PSYoungGen: 7388K->704K(7680K)] 13460K->6776K(24576K), 0.0003690 secs] [Times: user=0.00 sys=0.00, real=0.00 secs] 
31.692: Total time for which application threads were stopped: 0.0004690 seconds, Stopping threads took: 0.0000490 seconds
31.713: Application time: 0.0203500 seconds
31.713: [GC [PSYoungGen: 7359K->960K(7680K)] 13432K->7032K(24576K), 0.0003970 secs] [Times: user=0.00 sys=0.00, real=0.00 secs] 
31.713: Total time for which application threads were stopped: 0.0005030 seconds, Stopping threads took: 0.0000530 seconds
31.735: Application time: 0.0216040 seconds
31.739: [GC [PSYoungGen: 7613K->928K(7680K)] 13685K->7128K(24576K), 0.0004340 secs] [Times: user=0.00 sys=0.01, real=0.00 secs] 
31.739: Total time for which application threads were stopped: 0.0044970 seconds, Stopping threads took: 0.0040080 seconds
31.763: Application time: 0.0237080 seconds
31.763: [GC [PSYoungGen: 7583K->992K(7680K)] 13784K->7200K(24576K), 0.0004080 secs] [Times: user=0.00 sys=0.00, real=0.00 secs] 
31.763: Total time for which application threads were stopped: 0.0005000 seconds, Stopping threads took: 0.0000380 seconds
31.790: Application time: 0.0267190 seconds
31.791: [GC [PSYoungGen: 7647K->992K(7680K)] 13855K->7200K(24576K), 0.0004420 secs] [Times: user=0.00 sys=0.00, real=0.00 secs] 
31.791: Total time for which application threads were stopped: 0.0010840 seconds, Stopping threads took: 0.0005860 seconds
31.815: Application time: 0.0234060 seconds
31.815: [GC [PSYoungGen: 7644K->992K(7680K)] 13852K->7384K(24576K), 0.0004440 secs] [Times: user=0.00 sys=0.00, real=0.00 secs] 
31.815: Total time for which application threads were stopped: 0.0005470 seconds, Stopping threads took: 0.0000430 seconds
31.836: Application time: 0.0205570 seconds
31.836: [GC [PSYoungGen: 7644K->992K(7680K)] 14036K->7392K(24576K), 0.0004520 secs] [Times: user=0.00 sys=0.00, real=0.00 secs] 
31.836: Total time for which application threads were stopped: 0.0005560 seconds, Stopping threads took: 0.0000500 seconds
31.859: Application time: 0.0223490 seconds
31.859: [GC [PSYoungGen: 7643K->992K(7680K)] 14043K->7408K(24576K), 0.0004450 secs] [Times: user=0.00 sys=0.00, real=0.00 secs] 
31.859: Total time for which application threads were stopped: 0.0005360 seconds, Stopping threads took: 0.0000350 seconds
31.880: Application time: 0.0210390 seconds
31.883: [GC [PSYoungGen: 7646K->992K(7680K)] 14062K->7801K(24576K), 0.0005130 secs] [Times: user=0.01 sys=0.00, real=0.00 secs] 
31.883: Total time for which application threads were stopped: 0.0030640 seconds, Stopping threads took: 0.0024970 seconds
31.899: Application time: 0.0160130 seconds
31.899: [GC [PSYoungGen: 7645K->1008K(7680K)] 14455K->7957K(24576K), 0.0004480 secs] [Times: user=0.00 sys=0.00, real=0.00 secs] 
31.900: Total time for which application threads were stopped: 0.0005490 seconds, Stopping threads took: 0.0000440 seconds
31.915: Application time: 0.0153230 seconds
31.915: [GC [PSYoungGen: 7660K->1008K(7680K)] 14610K->8113K(24576K), 0.0005080 secs] [Times: user=0.00 sys=0.00, real=0.00 secs] 
31.916: Total time for which application threads were stopped: 0.0006020 seconds, Stopping threads took: 0.0000360 seconds
31.930: Application time: 0.0146610 seconds
31.931: [GC [PSYoungGen: 7662K->1008K(7680K)] 14768K->8377K(24576K), 0.0005190 secs] [Times: user=0.00 sys=0.00, real=0.00 secs] 
31.931: Total time for which application threads were stopped: 0.0006280 seconds, Stopping threads took: 0.0000540 seconds
31.954: Application time: 0.0231000 seconds
31.954: [GC [PSYoungGen: 7661K->1008K(7680K)] 15031K->8377K(24576K), 0.0004910 secs] [Times: user=0.00 sys=0.00, real=0.00 secs] 
31.955: Total time for which application threads were stopped: 0.0006050 seconds, Stopping threads took: 0.0000610 seconds
31.978: Application time: 0.0227790 seconds
31.978: [GC [PSYoungGen: 7662K->1008K(7680K)] 15031K->8417K(24576K), 0.0004570 secs] [Times: user=0.00 sys=0.01, real=0.00 secs] 
31.978: Total time for which application threads were stopped: 0.0005650 seconds, Stopping threads took: 0.0000430 seconds
32.005: Application time: 0.0264240 seconds
32.005: [GC [PSYoungGen: 7663K->992K(7680K)] 15073K->8441K(24576K), 0.0004240 secs] [Times: user=0.00 sys=0.00, real=0.00 secs] 
32.005: Total time for which application threads were stopped: 0.0005290 seconds, Stopping threads took: 0.0000520 seconds
32.032: Application time: 0.0271770 seconds
32.032: [GC [PSYoungGen: 7572K->1008K(7680K)] 15021K->8517K(24576K), 0.0004990 secs] [Times: user=0.00 sys=0.00, real=0.00 secs] 
32.033: Total time for which application threads were stopped: 0.0006080 seconds, Stopping threads took: 0.0000580 seconds
32.060: Application time: 0.0274570 seconds
32.060: [GC [PSYoungGen: 7663K->992K(7680K)] 15173K->8733K(24576K), 0.0004640 secs] [Times: user=0.01 sys=0.00, real=0.00 secs] 
32.061: Total time for which application threads were stopped: 0.0005770 seconds, Stopping threads took: 0.0000590 seconds
32.090: Application time: 0.0288630 seconds
32.090: [GC [PSYoungGen: 7648K->992K(7680K)] 15389K->8741K(24576K), 0.0004230 secs] [Times: user=0.00 sys=0.00, real=0.00 secs] 
32.090: Total time for which application threads were stopped: 0.0005250 seconds, Stopping threads took: 0.0000500 seconds
32.119: Application time: 0.0289780 seconds
32.119: [GC [PSYoungGen: 7646K->960K(7680K)] 15396K->8733K(24576K), 0.0004420 secs] [Times: user=0.00 sys=0.00, real=0.00 secs] 
32.120: Total time for which application threads were stopped: 0.0005600 seconds, Stopping threads took: 0.0000650 seconds
32.147: Application time: 0.0275840 seconds
32.148: [GC [PSYoungGen: 7614K->976K(7680K)] 15387K->8949K(24576K), 0.0004780 secs] [Times: user=0.00 sys=0.00, real=0.00 secs] 
32.148: Total time for which application threads were stopped: 0.0005950 seconds, Stopping threads took: 0.0000570 seconds
32.177: Application time: 0.0289350 seconds
32.177: [GC [PSYoungGen: 7630K->944K(7680K)] 15604K->8986K(24576K), 0.0004360 secs] [Times: user=0.00 sys=0.00, real=0.00 secs] 
32.178: Total time for which application threads were stopped: 0.0005400 seconds, Stopping threads took: 0.0000500 seconds
32.207: Application time: 0.0291090 seconds
32.207: [GC [PSYoungGen: 7598K->944K(7680K)] 15641K->8986K(24576K), 0.0004360 secs] [Times: user=0.00 sys=0.00, real=0.00 secs] 
32.207: Total time for which application threads were stopped: 0.0005400 seconds, Stopping threads took: 0.0000490 seconds
32.236: Application time: 0.0291490 seconds
32.236: [GC [PSYoungGen: 7598K->912K(7680K)] 15641K->9002K(24576K), 0.0003900 secs] [Times: user=0.00 sys=0.00, real=0.00 secs] 
32.237: Total time for which application threads were stopped: 0.0004830 seconds, Stopping threads took: 0.0000410 seconds
32.264: Application time: 0.0276420 seconds
32.267: [GC [PSYoungGen: 7566K->1008K(7680K)] 15656K->9122K(24576K), 0.0004210 secs] [Times: user=0.00 sys=0.00, real=0.00 secs] 
32.267: Total time for which application threads were stopped: 0.0027720 seconds, Stopping threads took: 0.0022980 seconds
32.297: Application time: 0.0292550 seconds
32.297: [GC [PSYoungGen: 7662K->992K(7680K)] 15777K->9178K(24576K), 0.0004130 secs] [Times: user=0.01 sys=0.00, real=0.00 secs] 
32.297: Total time for which application threads were stopped: 0.0005150 seconds, Stopping threads took: 0.0000490 seconds
32.323: Application time: 0.0261110 seconds
32.323: [GC [PSYoungGen: 7645K->992K(7680K)] 15831K->9362K(24576K), 0.0004440 secs] [Times: user=0.01 sys=0.00, real=0.00 secs] 
32.324: Total time for which application threads were stopped: 0.0005480 seconds, Stopping threads took: 0.0000490 seconds
32.353: Application time: 0.0292980 seconds
32.353: [GC [PSYoungGen: 7613K->928K(7680K)] 15983K->9298K(24576K), 0.0003950 secs] [Times: user=0.01 sys=0.00, real=0.00 secs] 
32.353: Total time for which application threads were stopped: 0.0004880 seconds, Stopping threads took: 0.0000430 seconds
32.382: Application time: 0.0284330 seconds
32.382: [GC [PSYoungGen: 7583K->992K(7680K)] 15954K->9386K(24576K), 0.0003980 secs] [Times: user=0.00 sys=0.00, real=0.00 secs] 
32.382: Total time for which application threads were stopped: 0.0005050 seconds, Stopping threads took: 0.0000420 seconds
32.412: Application time: 0.0297410 seconds
32.412: [GC [PSYoungGen: 7646K->960K(7680K)] 16041K->9354K(24576K), 0.0003860 secs] [Times: user=0.00 sys=0.00, real=0.00 secs] 
32.413: Total time for which application threads were stopped: 0.0004890 seconds, Stopping threads took: 0.0000480 seconds
32.442: Application time: 0.0298220 seconds
32.443: [GC [PSYoungGen: 7614K->960K(7680K)] 16009K->9362K(24576K), 0.0004360 secs] [Times: user=0.00 sys=0.00, real=0.00 secs] 
32.443: Total time for which application threads were stopped: 0.0005310 seconds, Stopping threads took: 0.0000430 seconds
32.473: Application time: 0.0299210 seconds
32.473: [GC [PSYoungGen: 7614K->992K(7680K)] 16017K->9402K(24576K), 0.0004130 secs] [Times: user=0.00 sys=0.00, real=0.00 secs] 
32.473: Total time for which application threads were stopped: 0.0005130 seconds, Stopping threads took: 0.0000470 seconds
32.503: Application time: 0.0297660 seconds
32.503: [GC [PSYoungGen: 7646K->768K(7680K)] 16057K->9375K(24576K), 0.0004470 secs] [Times: user=0.00 sys=0.00, real=0.00 secs] 
32.504: Total time for which application threads were stopped: 0.0005580 seconds, Stopping threads took: 0.0000560 seconds
32.533: Application time: 0.0296840 seconds
32.534: [GC [PSYoungGen: 7422K->768K(7680K)] 16029K->9375K(24576K), 0.0003590 secs] [Times: user=0.00 sys=0.00, real=0.00 secs] 
32.534: Total time for which application threads were stopped: 0.0004560 seconds, Stopping threads took: 0.0000440 seconds
32.564: Application time: 0.0296700 seconds
32.564: [GC [PSYoungGen: 7422K->800K(7680K)] 16029K->9407K(24576K), 0.0003600 secs] [Times: user=0.00 sys=0.00, real=0.00 secs] 
32.564: Total time for which application threads were stopped: 0.0004610 seconds, Stopping threads took: 0.0000470 seconds
32.594: Application time: 0.0299020 seconds
32.594: [GC [PSYoungGen: 7454K->768K(7680K)] 16061K->9443K(24576K), 0.0003560 secs] [Times: user=0.00 sys=0.00, real=0.00 secs] 
32.594: Total time for which application threads were stopped: 0.0004550 seconds, Stopping threads took: 0.0000470 seconds
32.624: Application time: 0.0300170 seconds
32.625: [GC [PSYoungGen: 7422K->736K(7680K)] 16098K->9411K(24576K), 0.0004630 secs] [Times: user=0.00 sys=0.00, real=0.00 secs] 
32.625: Total time for which application threads were stopped: 0.0005810 seconds, Stopping threads took: 0.0000590 seconds
32.655: Application time: 0.0297960 seconds
32.655: [GC [PSYoungGen: 7390K->736K(7680K)] 16066K->9411K(24576K), 0.0003700 secs] [Times: user=0.00 sys=0.00, real=0.00 secs] 
32.655: Total time for which application threads were stopped: 0.0004870 seconds, Stopping threads took: 0.0000540 seconds
32.685: Application time: 0.0299040 seconds
32.685: [GC [PSYoungGen: 7390K->736K(7680K)] 16066K->9411K(24576K), 0.0003470 secs] [Times: user=0.00 sys=0.00, real=0.00 secs] 
32.686: Total time for which application threads were stopped: 0.0004350 seconds, Stopping threads took: 0.0000320 seconds
32.715: Application time: 0.0295980 seconds
32.715: [GC [PSYoungGen: 7390K->576K(7680K)] 16066K->9475K(24576K), 0.0003620 secs] [Times: user=0.00 sys=0.00, real=0.00 secs] 
32.716: Total time for which application threads were stopped: 0.0004550 seconds, Stopping threads took: 0.0000410 seconds
32.745: Application time: 0.0297840 seconds
32.746: [GC [PSYoungGen: 7228K->576K(7680K)] 16127K->9475K(24576K), 0.0003360 secs] [Times: user=0.00 sys=0.00, real=0.00 secs] 
32.746: Total time for which application threads were stopped: 0.0004250 seconds, Stopping threads took: 0.0000400 seconds
32.776: Application time: 0.0298760 seconds
32.776: [GC [PSYoungGen: 7230K->352K(7680K)] 16130K->9540K(24576K), 0.0003460 secs] [Times: user=0.00 sys=0.00, real=0.00 secs] 
32.776: Total time for which application threads were stopped: 0.0004490 seconds, Stopping threads took: 0.0000540 seconds
32.806: Application time: 0.0296550 seconds
32.806: [GC [PSYoungGen: 7006K->320K(7680K)] 16195K->9516K(24576K), 0.0003240 secs] [Times: user=0.00 sys=0.00, real=0.00 secs] 
32.806: Total time for which application threads were stopped: 0.0004240 seconds, Stopping threads took: 0.0000440 seconds
32.836: Application time: 0.0296150 seconds
32.836: [GC [PSYoungGen: 6974K->0K(7680K)] 16171K->9412K(24576K), 0.0003640 secs] [Times: user=0.00 sys=0.00, real=0.00 secs] 
32.836: Total time for which application threads were stopped: 0.0004600 seconds, Stopping threads took: 0.0000500 seconds
32.866: Application time: 0.0296980 seconds
32.866: [GC [PSYoungGen: 6654K->0K(7680K)] 16067K->9412K(24576K), 0.0003070 secs] [Times: user=0.00 sys=0.00, real=0.00 secs] 
32.866: Total time for which application threads were stopped: 0.0004010 seconds, Stopping threads took: 0.0000460 seconds
32.896: Application time: 0.0295740 seconds
32.896: [GC [PSYoungGen: 6654K->0K(7680K)] 16067K->9412K(24576K), 0.0003300 secs] [Times: user=0.00 sys=0.00, real=0.00 secs] 
32.896: Total time for which application threads were stopped: 0.0004250 seconds, Stopping threads took: 0.0000490 seconds
32.926: Application time: 0.0296000 seconds
32.926: [GC [PSYoungGen: 6654K->0K(7680K)] 16067K->9412K(24576K), 0.0002910 secs] [Times: user=0.00 sys=0.00, real=0.00 secs] 
32.926: Total time for which application threads were stopped: 0.0003710 seconds, Stopping threads took: 0.0000310 seconds
32.956: Application time: 0.0296070 seconds
32.956: [GC [PSYoungGen: 6654K->0K(7680K)] 16067K->9412K(24576K), 0.0002980 secs] [Times: user=0.00 sys=0.00, real=0.00 secs] 
32.956: Total time for which application threads were stopped: 0.0003910 seconds, Stopping threads took: 0.0000430 seconds
32.986: Application time: 0.0296700 seconds
32.986: [GC [PSYoungGen: 6654K->0K(7680K)] 16067K->9412K(24576K), 0.0002860 secs] [Times: user=0.00 sys=0.00, real=0.00 secs] 
32.987: Total time for which application threads were stopped: 0.0003960 seconds, Stopping threads took: 0.0000600 seconds
33.016: Application time: 0.0297220 seconds
33.016: [GC [PSYoungGen: 6654K->0K(7680K)] 16067K->9412K(24576K), 0.0002930 secs] [Times: user=0.00 sys=0.00, real=0.00 secs] 
33.017: Total time for which application threads were stopped: 0.0003880 seconds, Stopping threads took: 0.0000480 seconds
33.046: Application time: 0.0295740 seconds
33.046: [GC [PSYoungGen: 6652K->0K(7680K)] 16064K->9412K(24576K), 0.0003600 secs] [Times: user=0.01 sys=0.00, real=0.00 secs] 
33.047: Total time for which application threads were stopped: 0.0004580 seconds, Stopping threads took: 0.0000500 seconds
33.076: Application time: 0.0294870 seconds
33.076: [GC [PSYoungGen: 6654K->0K(7680K)] 16067K->9412K(24576K), 0.0003150 secs] [Times: user=0.00 sys=0.00, real=0.00 secs] 
33.077: Total time for which application threads were stopped: 0.0004130 seconds, Stopping threads took: 0.0000480 seconds
33.103: Application time: 0.0262520 seconds
33.103: [GC [PSYoungGen: 6654K->320K(7680K)] 16067K->9732K(24576K), 0.0003990 secs] [Times: user=0.00 sys=0.00, real=0.00 secs] 
33.103: Total time for which application threads were stopped: 0.0004930 seconds, Stopping threads took: 0.0000450 seconds
33.124: Application time: 0.0205540 seconds
33.124: [GC [PSYoungGen: 6972K->384K(7680K)] 16385K->9796K(24576K), 0.0003300 secs] [Times: user=0.00 sys=0.00, real=0.00 secs] 
33.124: Total time for which application threads were stopped: 0.0004290 seconds, Stopping threads took: 0.0000470 seconds
33.141: Application time: 0.0162460 seconds
33.141: Total time for which application threads were stopped: 0.0000560 seconds, Stopping threads took: 0.0000390 seconds
33.141: Application time: 0.0000390 seconds
33.143: [GC [PSYoungGen: 7038K->384K(7680K)] 16458K->9804K(24576K), 0.0004180 secs] [Times: user=0.00 sys=0.00, real=0.00 secs] 
33.143: Total time for which application threads were stopped: 0.0025790 seconds, Stopping threads took: 0.0021190 seconds
33.165: Application time: 0.0219030 seconds
33.165: [GC [PSYoungGen: 7039K->480K(7680K)] 16744K->10185K(24576K), 0.0003620 secs] [Times: user=0.00 sys=0.00, real=0.00 secs] 
33.166: Total time for which application threads were stopped: 0.0004680 seconds, Stopping threads took: 0.0000400 seconds
33.190: Application time: 0.0240540 seconds
33.190: [GC [PSYoungGen: 7131K->544K(7680K)] 16836K->10249K(24576K), 0.0003550 secs] [Times: user=0.00 sys=0.00, real=0.00 secs] 
33.190: Total time for which application threads were stopped: 0.0004620 seconds, Stopping threads took: 0.0000560 seconds
33.218: Application time: 0.0278100 seconds
33.218: [GC [PSYoungGen: 7198K->512K(7680K)] 16903K->10217K(24576K), 0.0003600 secs] [Times: user=0.00 sys=0.00, real=0.00 secs] 
33.218: Total time for which application threads were stopped: 0.0004480 seconds, Stopping threads took: 0.0000380 seconds
33.248: Application time: 0.0293110 seconds
33.248: [GC [PSYoungGen: 7164K->512K(7680K)] 16869K->10217K(24576K), 0.0003180 secs] [Times: user=0.01 sys=0.00, real=0.00 secs] 
33.248: Total time for which application threads were stopped: 0.0004200 seconds, Stopping threads took: 0.0000530 seconds
33.276: Application time: 0.0281530 seconds
33.276: [GC [PSYoungGen: 7165K->672K(7680K)] 16870K->10377K(24576K), 0.0003590 secs] [Times: user=0.00 sys=0.00, real=0.00 secs] 
33.277: Total time for which application threads were stopped: 0.0004640 seconds, Stopping threads took: 0.0000550 seconds
33.306: Application time: 0.0291430 seconds
33.306: [GC [PSYoungGen: 7326K->480K(7680K)] 17031K->10185K(24576K), 0.0003530 secs] [Times: user=0.00 sys=0.00, real=0.00 secs] 
33.306: Total time for which application threads were stopped: 0.0004520 seconds, Stopping threads took: 0.0000500 seconds
33.331: Application time: 0.0249230 seconds
33.331: [GC [PSYoungGen: 7132K->672K(7680K)] 16837K->10377K(24576K), 0.0004170 secs] [Times: user=0.00 sys=0.00, real=0.00 secs] 
33.332: Total time for which application threads were stopped: 0.0005180 seconds, Stopping threads took: 0.0000480 seconds
33.352: Application time: 0.0206040 seconds
33.352: [GC [PSYoungGen: 7327K->736K(7680K)] 17032K->10441K(24576K), 0.0003580 secs] [Times: user=0.00 sys=0.00, real=0.00 secs] 
33.353: Total time for which application threads were stopped: 0.0004490 seconds, Stopping threads took: 0.0000420 seconds
33.376: Application time: 0.0228190 seconds
33.376: [GC [PSYoungGen: 7387K->704K(7680K)] 17092K->10409K(24576K), 0.0004100 secs] [Times: user=0.00 sys=0.00, real=0.00 secs] 
33.376: Total time for which application threads were stopped: 0.0004980 seconds, Stopping threads took: 0.0000330 seconds
33.405: Application time: 0.0288310 seconds
33.405: [GC [PSYoungGen: 7356K->640K(7680K)] 17061K->10345K(24576K), 0.0004630 secs] [Times: user=0.00 sys=0.00, real=0.00 secs] 
33.406: Total time for which application threads were stopped: 0.0005670 seconds, Stopping threads took: 0.0000510 seconds
33.430: Application time: 0.0244920 seconds
33.430: [GC [PSYoungGen: 7292K->960K(7680K)] 16997K->10665K(24576K), 0.0003690 secs] [Times: user=0.00 sys=0.00, real=0.00 secs] 
33.431: Total time for which application threads were stopped: 0.0004560 seconds, Stopping threads took: 0.0000380 seconds
33.450: Application time: 0.0196530 seconds
33.450: [GC [PSYoungGen: 7615K->960K(7680K)] 17320K->10665K(24576K), 0.0003960 secs] [Times: user=0.00 sys=0.00, real=0.00 secs] 
33.451: Total time for which application threads were stopped: 0.0004870 seconds, Stopping threads took: 0.0000400 seconds
33.472: Application time: 0.0217610 seconds
33.472: [GC [PSYoungGen: 7613K->960K(7680K)] 17318K->10665K(24576K), 0.0003990 secs] [Times: user=0.00 sys=0.00, real=0.00 secs] 
33.473: Total time for which application threads were stopped: 0.0004930 seconds, Stopping threads took: 0.0000400 seconds
33.501: Application time: 0.0285640 seconds
33.502: [GC [PSYoungGen: 7612K->928K(7680K)] 17317K->10633K(24576K), 0.0003900 secs] [Times: user=0.00 sys=0.00, real=0.00 secs] 
33.502: Total time for which application threads were stopped: 0.0004980 seconds, Stopping threads took: 0.0000560 seconds
33.531: Application time: 0.0287670 seconds
33.531: [GC [PSYoungGen: 7582K->928K(7680K)] 17287K->10633K(24576K), 0.0003850 secs] [Times: user=0.00 sys=0.00, real=0.00 secs] 
33.531: Total time for which application threads were stopped: 0.0005020 seconds, Stopping threads took: 0.0000540 seconds
33.553: Application time: 0.0220970 seconds
33.553: [GC [PSYoungGen: 7583K->992K(7680K)] 17288K->10849K(24576K), 0.0004970 secs] [Times: user=0.00 sys=0.00, real=0.00 secs] 
33.554: Total time for which application threads were stopped: 0.0006000 seconds, Stopping threads took: 0.0000470 seconds
33.573: Application time: 0.0195330 seconds
33.574: [GC [PSYoungGen: 7647K->1008K(7680K)] 17504K->11021K(24576K), 0.0004950 secs] [Times: user=0.00 sys=0.00, real=0.00 secs] 
33.574: Total time for which application threads were stopped: 0.0005850 seconds, Stopping threads took: 0.0000370 seconds
33.595: Application time: 0.0210140 seconds
33.595: [GC [PSYoungGen: 7664K->1008K(7680K)] 17677K->11045K(24576K), 0.0004480 secs] [Times: user=0.00 sys=0.00, real=0.00 secs] 
33.596: Total time for which application threads were stopped: 0.0005400 seconds, Stopping threads took: 0.0000370 seconds
33.616: Application time: 0.0199980 seconds
33.617: [GC [PSYoungGen: 7662K->1008K(7680K)] 17700K->11469K(24576K), 0.0006560 secs] [Times: user=0.00 sys=0.00, real=0.00 secs] 
33.617: Total time for which application threads were stopped: 0.0017240 seconds, Stopping threads took: 0.0010020 seconds
33.633: Application time: 0.0151610 seconds
33.633: [GC [PSYoungGen: 7659K->992K(7680K)] 18120K->11637K(24576K), 0.0005000 secs] [Times: user=0.01 sys=0.00, real=0.00 secs] 
33.633: Total time for which application threads were stopped: 0.0005940 seconds, Stopping threads took: 0.0000370 seconds
33.649: Application time: 0.0154030 seconds
33.649: [GC [PSYoungGen: 7644K->1008K(7680K)] 18290K->11914K(24576K), 0.0005230 secs] [Times: user=0.00 sys=0.00, real=0.00 secs] 
33.649: Total time for which application threads were stopped: 0.0006260 seconds, Stopping threads took: 0.0000500 seconds
33.665: Application time: 0.0159390 seconds
33.667: [GC [PSYoungGen: 7663K->1008K(7680K)] 18569K->12250K(24576K), 0.0006040 secs] [Times: user=0.00 sys=0.00, real=0.00 secs] 
33.667: Total time for which application threads were stopped: 0.0023560 seconds, Stopping threads took: 0.0016890 seconds
33.688: Application time: 0.0205120 seconds
33.688: [GC [PSYoungGen: 7661K->1008K(7680K)] 18903K->12378K(24576K), 0.0004450 secs] [Times: user=0.00 sys=0.00, real=0.00 secs] 
33.689: Total time for which application threads were stopped: 0.0005490 seconds, Stopping threads took: 0.0000510 seconds
33.713: Application time: 0.0247100 seconds
33.713: [GC [PSYoungGen: 7660K->992K(7680K)] 19030K->12370K(24576K), 0.0004220 secs] [Times: user=0.00 sys=0.00, real=0.00 secs] 
33.714: Total time for which application threads were stopped: 0.0005250 seconds, Stopping threads took: 0.0000480 seconds
33.741: Application time: 0.0267630 seconds
33.741: [GC [PSYoungGen: 7646K->992K(7680K)] 19024K->12635K(24576K), 0.0004830 secs] [Times: user=0.00 sys=0.00, real=0.00 secs] 
33.741: Total time for which application threads were stopped: 0.0005950 seconds, Stopping threads took: 0.0000580 seconds
33.768: Application time: 0.0268090 seconds
33.771: [GC [PSYoungGen: 7647K->1008K(7680K)] 19290K->12835K(24576K), 0.0004700 secs] [Times: user=0.00 sys=0.00, real=0.00 secs] 
33.771: Total time for which application threads were stopped: 0.0033960 seconds, Stopping threads took: 0.0028670 seconds
33.799: Application time: 0.0280340 seconds
33.799: [GC [PSYoungGen: 7662K->1008K(7680K)] 19489K->12915K(24576K), 0.0004610 secs] [Times: user=0.00 sys=0.00, real=0.00 secs] 
33.800: Total time for which application threads were stopped: 0.0005940 seconds, Stopping threads took: 0.0000780 seconds
33.829: Application time: 0.0287540 seconds
33.829: [GC [PSYoungGen: 7660K->1008K(7680K)] 19567K->12947K(24576K), 0.0004240 secs] [Times: user=0.00 sys=0.00, real=0.00 secs] 
33.829: Total time for which application threads were stopped: 0.0005180 seconds, Stopping threads took: 0.0000400 seconds
33.858: Application time: 0.0288240 seconds
33.858: [GC [PSYoungGen: 7662K->1008K(7680K)] 19602K->12955K(24576K), 0.0004650 secs] [Times: user=0.00 sys=0.00, real=0.00 secs] 
33.859: Total time for which application threads were stopped: 0.0005490 seconds, Stopping threads took: 0.0000310 seconds
33.886: Application time: 0.0272990 seconds
33.886: [GC [PSYoungGen: 7662K->1008K(7680K)] 19609K->13179K(24576K), 0.0005120 secs] [Times: user=0.00 sys=0.00, real=0.00 secs] 
33.887: Total time for which application threads were stopped: 0.0006140 seconds, Stopping threads took: 0.0000500 seconds
33.915: Application time: 0.0289420 seconds
33.916: [GC [PSYoungGen: 7662K->1008K(7680K)] 19834K->13247K(24576K), 0.0004160 secs] [Times: user=0.00 sys=0.00, real=0.00 secs] 
33.916: Total time for which application threads were stopped: 0.0005300 seconds, Stopping threads took: 0.0000620 seconds
33.945: Application time: 0.0290270 seconds
33.945: [GC [PSYoungGen: 7662K->976K(7680K)] 19902K->13223K(24576K), 0.0004530 secs] [Times: user=0.00 sys=0.00, real=0.00 secs] 
33.946: Total time for which application threads were stopped: 0.0005610 seconds, Stopping threads took: 0.0000530 seconds
33.975: Application time: 0.0289790 seconds
33.975: [GC [PSYoungGen: 7630K->960K(7680K)] 19878K->13239K(24576K), 0.0004130 secs] [Times: user=0.00 sys=0.00, real=0.00 secs] 
33.975: Total time for which application threads were stopped: 0.0005140 seconds, Stopping threads took: 0.0000470 seconds
34.003: Application time: 0.0274660 seconds
34.003: [GC [PSYoungGen: 7614K->976K(7680K)] 19893K->13383K(24576K), 0.0004340 secs] [Times: user=0.00 sys=0.00, real=0.00 secs] 
34.003: Total time for which application threads were stopped: 0.0005330 seconds, Stopping threads took: 0.0000440 seconds
34.032: Application time: 0.0290540 seconds
34.032: [GC [PSYoungGen: 7630K->912K(7680K)] 20038K->13367K(24576K), 0.0004280 secs] [Times: user=0.00 sys=0.00, real=0.00 secs] 
34.033: Total time for which application threads were stopped: 0.0005200 seconds, Stopping threads took: 0.0000380 seconds
34.058: Application time: 0.0257390 seconds
34.058: [GC [PSYoungGen: 7565K->992K(7680K)] 20021K->13744K(24576K), 0.0004790 secs] [Times: user=0.00 sys=0.01, real=0.01 secs] 
34.059: Total time for which application threads were stopped: 0.0005760 seconds, Stopping threads took: 0.0000400 seconds
34.087: Application time: 0.0279240 seconds
34.087: [GC [PSYoungGen: 7646K->992K(7680K)] 20398K->13913K(24576K), 0.0005180 secs] [Times: user=0.00 sys=0.00, real=0.00 secs] 
34.088: Total time for which application threads were stopped: 0.0006110 seconds, Stopping threads took: 0.0000370 seconds
34.117: Application time: 0.0292610 seconds
34.117: [GC [PSYoungGen: 7644K->992K(7680K)] 20565K->13929K(24576K), 0.0004400 secs] [Times: user=0.00 sys=0.00, real=0.00 secs] 
34.117: Total time for which application threads were stopped: 0.0005450 seconds, Stopping threads took: 0.0000520 seconds
34.147: Application time: 0.0296480 seconds
34.147: [GC [PSYoungGen: 7646K->992K(7680K)] 20583K->13929K(24576K), 0.0004080 secs] [Times: user=0.00 sys=0.00, real=0.00 secs] 
34.147: Total time for which application threads were stopped: 0.0005100 seconds, Stopping threads took: 0.0000470 seconds
34.177: Application time: 0.0299470 seconds
34.178: [GC [PSYoungGen: 7646K->992K(7680K)] 20583K->13993K(24576K), 0.0004010 secs] [Times: user=0.00 sys=0.00, real=0.00 secs] 
34.178: Total time for which application threads were stopped: 0.0005120 seconds, Stopping threads took: 0.0000450 seconds
34.208: Application time: 0.0296660 seconds
34.208: [GC [PSYoungGen: 7646K->992K(7680K)] 20647K->14017K(24576K), 0.0004220 secs] [Times: user=0.00 sys=0.00, real=0.00 secs] 
34.208: Total time for which application threads were stopped: 0.0005270 seconds, Stopping threads took: 0.0000510 seconds
34.238: Application time: 0.0294960 seconds
34.238: [GC [PSYoungGen: 7646K->768K(7680K)] 20671K->14005K(24576K), 0.0004170 secs] [Times: user=0.01 sys=0.00, real=0.00 secs] 
34.238: Total time for which application threads were stopped: 0.0005140 seconds, Stopping threads took: 0.0000460 seconds
34.268: Application time: 0.0294510 seconds
34.268: [GC [PSYoungGen: 7422K->800K(7680K)] 20660K->14037K(24576K), 0.0003810 secs] [Times: user=0.00 sys=0.00, real=0.00 secs] 
34.268: Total time for which application threads were stopped: 0.0004810 seconds, Stopping threads took: 0.0000450 seconds
34.298: Application time: 0.0295090 seconds
34.298: [GC [PSYoungGen: 7454K->768K(7680K)] 20692K->14005K(24576K), 0.0004040 secs] [Times: user=0.00 sys=0.00, real=0.00 secs] 
34.298: Total time for which application threads were stopped: 0.0005020 seconds, Stopping threads took: 0.0000470 seconds
34.328: Application time: 0.0298210 seconds
34.328: [GC [PSYoungGen: 7422K->640K(7680K)] 20660K->14098K(24576K), 0.0003740 secs] [Times: user=0.00 sys=0.00, real=0.00 secs] 
34.328: Total time for which application threads were stopped: 0.0004710 seconds, Stopping threads took: 0.0000450 seconds
34.358: Application time: 0.0299560 seconds
34.358: [GC [PSYoungGen: 7292K->640K(7680K)] 20750K->14098K(24576K), 0.0003700 secs] [Times: user=0.00 sys=0.00, real=0.01 secs] 
34.359: Total time for which application threads were stopped: 0.0004650 seconds, Stopping threads took: 0.0000440 seconds
34.389: Application time: 0.0298100 seconds
34.389: [GC [PSYoungGen: 7294K->608K(7680K)] 20752K->14066K(24576K), 0.0003420 secs] [Times: user=0.00 sys=0.00, real=0.00 secs] 
34.389: Total time for which application threads were stopped: 0.0004370 seconds, Stopping threads took: 0.0000460 seconds
34.419: Application time: 0.0294930 seconds
34.419: [GC [PSYoungGen: 7262K->640K(7680K)] 20720K->14098K(24576K), 0.0003640 secs] [Times: user=0.00 sys=0.00, real=0.01 secs] 
34.419: Total time for which application threads were stopped: 0.0004670 seconds, Stopping threads took: 0.0000500 seconds
34.449: Application time: 0.0297550 seconds
34.449: [GC [PSYoungGen: 7292K->544K(7680K)] 20750K->14070K(24576K), 0.0003650 secs] [Times: user=0.01 sys=0.00, real=0.00 secs] 
34.449: Total time for which application threads were stopped: 0.0004670 seconds, Stopping threads took: 0.0000510 seconds
34.479: Application time: 0.0293900 seconds
34.479: [GC [PSYoungGen: 7198K->576K(7680K)] 20725K->14102K(24576K), 0.0003830 secs] [Times: user=0.00 sys=0.00, real=0.01 secs] 
34.479: Total time for which application threads were stopped: 0.0004700 seconds, Stopping threads took: 0.0000370 seconds
34.509: Application time: 0.0295710 seconds
34.509: [GC [PSYoungGen: 7230K->352K(7680K)] 20757K->14143K(24576K), 0.0003420 secs] [Times: user=0.00 sys=0.00, real=0.00 secs] 
34.509: Total time for which application threads were stopped: 0.0004380 seconds, Stopping threads took: 0.0000460 seconds
34.539: Application time: 0.0296140 seconds
34.539: [GC [PSYoungGen: 7006K->0K(7680K)] 20798K->14004K(24576K), 0.0003770 secs] [Times: user=0.00 sys=0.00, real=0.00 secs] 
34.539: Total time for which application threads were stopped: 0.0004720 seconds, Stopping threads took: 0.0000480 seconds
34.569: Application time: 0.0297830 seconds
34.569: [GC [PSYoungGen: 6654K->0K(7680K)] 20658K->14004K(24576K), 0.0002970 secs] [Times: user=0.00 sys=0.00, real=0.00 secs] 
34.569: Total time for which application threads were stopped: 0.0003910 seconds, Stopping threads took: 0.0000470 seconds
34.599: Application time: 0.0295720 seconds
34.599: [GC [PSYoungGen: 6654K->0K(7680K)] 20658K->14004K(24576K), 0.0002940 secs] [Times: user=0.00 sys=0.00, real=0.00 secs] 
34.599: Total time for which application threads were stopped: 0.0003960 seconds, Stopping threads took: 0.0000520 seconds
34.629: Application time: 0.0300600 seconds
34.630: [GC [PSYoungGen: 6654K->0K(7680K)] 20658K->14004K(24576K), 0.0003200 secs] [Times: user=0.00 sys=0.00, real=0.00 secs] 
34.630: Total time for which application threads were stopped: 0.0004300 seconds, Stopping threads took: 0.0000520 seconds
34.659: Application time: 0.0294600 seconds
34.659: [GC [PSYoungGen: 6654K->0K(7680K)] 20658K->14004K(24576K), 0.0003070 secs] [Times: user=0.00 sys=0.00, real=0.00 secs] 
34.660: Total time for which application threads were stopped: 0.0004210 seconds, Stopping threads took: 0.0000630 seconds
34.689: Application time: 0.0295700 seconds
34.691: [GC [PSYoungGen: 6654K->0K(7680K)] 20658K->14004K(24576K), 0.0003820 secs] [Times: user=0.00 sys=0.00, real=0.00 secs] 
34.691: Total time for which application threads were stopped: 0.0019070 seconds, Stopping threads took: 0.0014660 seconds
34.721: Application time: 0.0296150 seconds
34.723: [GC [PSYoungGen: 6654K->0K(7680K)] 20658K->14004K(24576K), 0.0003240 secs] [Times: user=0.01 sys=0.00, real=0.00 secs] 
34.723: Total time for which application threads were stopped: 0.0023240 seconds, Stopping threads took: 0.0019480 seconds
34.753: Application time: 0.0294970 seconds
34.753: [GC [PSYoungGen: 6654K->0K(7680K)] 20658K->14004K(24576K), 0.0002950 secs] [Times: user=0.00 sys=0.00, real=0.00 secs] 
34.753: Total time for which application threads were stopped: 0.0003820 seconds, Stopping threads took: 0.0000400 seconds
34.783: Application time: 0.0294780 seconds
34.783: [GC [PSYoungGen: 6654K->0K(7680K)] 20658K->14004K(24576K), 0.0002880 secs] [Times: user=0.00 sys=0.00, real=0.00 secs] 
34.783: Total time for which application threads were stopped: 0.0003760 seconds, Stopping threads took: 0.0000380 seconds
34.813: Application time: 0.0296110 seconds
34.813: [GC [PSYoungGen: 6652K->0K(7680K)] 20656K->14004K(24576K), 0.0003320 secs] [Times: user=0.00 sys=0.00, real=0.00 secs] 
34.813: Total time for which application threads were stopped: 0.0004270 seconds, Stopping threads took: 0.0000460 seconds
34.842: Application time: 0.0294770 seconds
34.842: [GC [PSYoungGen: 6654K->0K(7680K)] 20658K->14004K(24576K), 0.0003390 secs] [Times: user=0.00 sys=0.00, real=0.00 secs] 
34.843: Total time for which application threads were stopped: 0.0004320 seconds, Stopping threads took: 0.0000450 seconds
34.867: Application time: 0.0238050 seconds
34.867: [GC [PSYoungGen: 6654K->448K(7680K)] 20658K->14452K(24576K), 0.0004770 secs] [Times: user=0.00 sys=0.01, real=0.01 secs] 
34.867: Total time for which application threads were stopped: 0.0005670 seconds, Stopping threads took: 0.0000400 seconds
34.883: Application time: 0.0157550 seconds
34.883: [GC [PSYoungGen: 7103K->512K(7680K)] 21107K->14516K(24576K), 0.0003440 secs] [Times: user=0.00 sys=0.00, real=0.00 secs] 
34.883: Total time for which application threads were stopped: 0.0004500 seconds, Stopping threads took: 0.0000560 seconds
34.900: Application time: 0.0166280 seconds
34.900: [GC [PSYoungGen: 7166K->480K(7680K)] 21170K->14484K(24576K), 0.0003350 secs] [Times: user=0.00 sys=0.00, real=0.00 secs] 
34.900: Total time for which application threads were stopped: 0.0004220 seconds, Stopping threads took: 0.0000380 seconds
34.923: Application time: 0.0220610 seconds
34.923: [GC [PSYoungGen: 7133K->512K(7680K)] 21137K->14516K(24576K), 0.0003350 secs] [Times: user=0.00 sys=0.00, real=0.00 secs] 
34.923: Total time for which application threads were stopped: 0.0004410 seconds, Stopping threads took: 0.0000550 seconds
34.952: Application time: 0.0288650 seconds
34.952: [GC [PSYoungGen: 7163K->512K(7680K)] 21168K->14516K(24576K), 0.0003470 secs] [Times: user=0.00 sys=0.00, real=0.00 secs] 
34.952: Total time for which application threads were stopped: 0.0004590 seconds, Stopping threads took: 0.0000600 seconds
34.979: Application time: 0.0271380 seconds
34.980: [GC [PSYoungGen: 7166K->640K(7680K)] 21170K->14644K(24576K), 0.0004000 secs] [Times: user=0.00 sys=0.00, real=0.00 secs] 
34.980: Total time for which application threads were stopped: 0.0005020 seconds, Stopping threads took: 0.0000520 seconds
35.009: Application time: 0.0290770 seconds
35.009: [GC [PSYoungGen: 7294K->544K(7680K)] 21299K->14548K(24576K), 0.0003500 secs] [Times: user=0.00 sys=0.00, real=0.00 secs] 
35.009: Total time for which application threads were stopped: 0.0004500 seconds, Stopping threads took: 0.0000540 seconds
35.039: Application time: 0.0293610 seconds
35.039: [GC [PSYoungGen: 7198K->544K(7680K)] 21202K->14548K(24576K), 0.0003400 secs] [Times: user=0.00 sys=0.00, real=0.00 secs] 
35.039: Total time for which application threads were stopped: 0.0004540 seconds, Stopping threads took: 0.0000550 seconds
35.062: Application time: 0.0228260 seconds
35.062: [GC [PSYoungGen: 7198K->704K(7680K)] 21202K->14708K(24576K), 0.0003730 secs] [Times: user=0.00 sys=0.00, real=0.00 secs] 
35.063: Total time for which application threads were stopped: 0.0004720 seconds, Stopping threads took: 0.0000500 seconds
35.084: Application time: 0.0211580 seconds
35.084: [GC [PSYoungGen: 7357K->672K(7680K)] 21362K->14676K(24576K), 0.0003700 secs] [Times: user=0.00 sys=0.00, real=0.00 secs] 
35.084: Total time for which application threads were stopped: 0.0004660 seconds, Stopping threads took: 0.0000480 seconds
35.109: Application time: 0.0247880 seconds
35.109: [GC [PSYoungGen: 7326K->672K(7680K)] 21330K->14676K(24576K), 0.0004230 secs] [Times: user=0.00 sys=0.00, real=0.00 secs] 
35.110: Total time for which application threads were stopped: 0.0005170 seconds, Stopping threads took: 0.0000420 seconds
35.138: Application time: 0.0288350 seconds
35.138: [GC [PSYoungGen: 7324K->704K(7680K)] 21328K->14708K(24576K), 0.0003710 secs] [Times: user=0.00 sys=0.00, real=0.01 secs] 
35.139: Total time for which application threads were stopped: 0.0004650 seconds, Stopping threads took: 0.0000420 seconds
35.165: Application time: 0.0265680 seconds
35.165: [GC [PSYoungGen: 7356K->992K(7680K)] 21360K->15044K(24576K), 0.0004380 secs] [Times: user=0.00 sys=0.00, real=0.00 secs] 
35.166: Total time for which application threads were stopped: 0.0005240 seconds, Stopping threads took: 0.0000350 seconds
35.186: Application time: 0.0204250 seconds
35.186: [GC [PSYoungGen: 7644K->992K(7680K)] 21696K->15172K(24576K), 0.0004540 secs] [Times: user=0.00 sys=0.00, real=0.01 secs] 
35.187: Total time for which application threads were stopped: 0.0005530 seconds, Stopping threads took: 0.0000450 seconds
35.212: Application time: 0.0250310 seconds
35.212: [GC [PSYoungGen: 7645K->880K(7680K)] 21826K->15060K(24576K), 0.0004410 secs] [Times: user=0.00 sys=0.00, real=0.00 secs] 
35.213: Total time for which application threads were stopped: 0.0005510 seconds, Stopping threads took: 0.0000500 seconds
35.237: Application time: 0.0242510 seconds
35.237: [GC [PSYoungGen: 7534K->960K(7680K)] 21714K->15140K(24576K), 0.0004040 secs] [Times: user=0.00 sys=0.00, real=0.00 secs] 
35.237: Total time for which application threads were stopped: 0.0004990 seconds, Stopping threads took: 0.0000410 seconds
35.266: Application time: 0.0287450 seconds
35.266: [GC [PSYoungGen: 7612K->928K(7680K)] 21792K->15108K(24576K), 0.0004550 secs] [Times: user=0.00 sys=0.00, real=0.00 secs] 
35.267: Total time for which application threads were stopped: 0.0005500 seconds, Stopping threads took: 0.0000410 seconds
35.287: Application time: 0.0207440 seconds
35.287: [GC [PSYoungGen: 7580K->992K(7680K)] 21760K->15340K(24576K), 0.0004540 secs] [Times: user=0.01 sys=0.00, real=0.00 secs] 
35.288: Total time for which application threads were stopped: 0.0005590 seconds, Stopping threads took: 0.0000510 seconds
35.306: Application time: 0.0181060 seconds
35.307: [GC [PSYoungGen: 7545K->992K(7680K)] 21893K->15468K(24576K), 0.0004710 secs] [Times: user=0.00 sys=0.00, real=0.00 secs] 
35.307: Total time for which application threads were stopped: 0.0013370 seconds, Stopping threads took: 0.0008130 seconds
35.331: Application time: 0.0231990 seconds
35.331: [GC [PSYoungGen: 7645K->992K(7680K)] 22121K->15612K(24576K), 0.0004600 secs] [Times: user=0.00 sys=0.00, real=0.00 secs] 
35.331: Total time for which application threads were stopped: 0.0005610 seconds, Stopping threads took: 0.0000460 seconds
35.358: Application time: 0.0272410 seconds
35.358: [GC [PSYoungGen: 7644K->1008K(7680K)] 22264K->15741K(24576K), 0.0005360 secs] [Times: user=0.00 sys=0.00, real=0.01 secs] 
35.359: Total time for which application threads were stopped: 0.0006460 seconds, Stopping threads took: 0.0000570 seconds
35.373: Application time: 0.0136880 seconds
35.373: [GC [PSYoungGen: 7659K->992K(7680K)] 22393K->16298K(24576K), 0.0005330 secs] [Times: user=0.01 sys=0.00, real=0.00 secs] 
35.373: Total time for which application threads were stopped: 0.0006340 seconds, Stopping threads took: 0.0000380 seconds
35.386: Application time: 0.0129920 seconds
35.386: [GC [PSYoungGen: 7645K->992K(7680K)] 22951K->16526K(24576K), 0.0004990 secs] [Times: user=0.00 sys=0.00, real=0.01 secs] 
35.387: Total time for which application threads were stopped: 0.0005990 seconds, Stopping threads took: 0.0000430 seconds
35.400: Application time: 0.0136240 seconds
35.401: [GC [PSYoungGen: 7645K->1008K(7680K)] 23179K->16554K(24576K), 0.0004540 secs] [Times: user=0.00 sys=0.00, real=0.00 secs] 
35.401: Total time for which application threads were stopped: 0.0005480 seconds, Stopping threads took: 0.0000430 seconds
35.418: Application time: 0.0164840 seconds
35.418: [GC [PSYoungGen: 7660K->1008K(7680K)] 23206K->17082K(24576K), 0.0005240 secs] [Times: user=0.01 sys=0.00, real=0.00 secs] 
35.418: Total time for which application threads were stopped: 0.0006190 seconds, Stopping threads took: 0.0000430 seconds
35.446: Application time: 0.0276390 seconds
35.446: [GC [PSYoungGen: 7662K->1008K(7680K)] 23736K->17106K(24576K), 0.0004650 secs] [Times: user=0.00 sys=0.00, real=0.00 secs] 
35.446: Total time for which application threads were stopped: 0.0005630 seconds, Stopping threads took: 0.0000460 seconds
35.473: Application time: 0.0268130 seconds
35.473: [GC [PSYoungGen: 7660K->1008K(7680K)] 23758K->17290K(24576K), 0.0004860 secs] [Times: user=0.01 sys=0.00, real=0.00 secs] 
35.474: Total time for which application threads were stopped: 0.0005880 seconds, Stopping threads took: 0.0000470 seconds
35.499: Application time: 0.0253610 seconds
35.499: [GC [PSYoungGen: 7660K->1008K(7680K)] 23943K->17766K(24576K), 0.0005980 secs] [Times: user=0.01 sys=0.00, real=0.00 secs] 
35.500: [Full GC [PSYoungGen: 1008K->0K(7680K)] [ParOldGen: 16758K->3971K(16896K)] 17766K->3971K(24576K) [PSPermGen: 5537K->5537K(21504K)], 0.0050320 secs] [Times: user=0.02 sys=0.00, real=0.00 secs] 
35.505: Total time for which application threads were stopped: 0.0057960 seconds, Stopping threads took: 0.0000640 seconds
35.534: Application time: 0.0290630 seconds
35.534: [GC [PSYoungGen: 6654K->0K(7680K)] 10626K->3971K(24576K), 0.0003340 secs] [Times: user=0.00 sys=0.00, real=0.00 secs] 
35.534: Total time for which application threads were stopped: 0.0004330 seconds, Stopping threads took: 0.0000450 seconds
35.563: Application time: 0.0289110 seconds
35.563: [GC [PSYoungGen: 6654K->0K(7680K)] 10626K->3971K(24576K), 0.0002750 secs] [Times: user=0.00 sys=0.00, real=0.00 secs] 
35.564: Total time for which application threads were stopped: 0.0003620 seconds, Stopping threads took: 0.0000370 seconds
35.593: Application time: 0.0289940 seconds
35.593: [GC [PSYoungGen: 6654K->0K(7680K)] 10626K->3971K(24576K), 0.0002770 secs] [Times: user=0.00 sys=0.00, real=0.00 secs] 
35.593: Total time for which application threads were stopped: 0.0003880 seconds, Stopping threads took: 0.0000620 seconds
35.622: Application time: 0.0288120 seconds
35.622: [GC [PSYoungGen: 6654K->320K(7680K)] 10626K->4291K(24576K), 0.0004050 secs] [Times: user=0.00 sys=0.00, real=0.00 secs] 
35.622: Total time for which application threads were stopped: 0.0005130 seconds, Stopping threads took: 0.0000510 seconds
35.651: Application time: 0.0283070 seconds
35.651: [GC [PSYoungGen: 6972K->320K(7680K)] 10944K->4291K(24576K), 0.0003650 secs] [Times: user=0.00 sys=0.00, real=0.00 secs] 
35.652: Total time for which application threads were stopped: 0.0015910 seconds, Stopping threads took: 0.0000460 seconds
35.681: Application time: 0.0290560 seconds
35.681: [GC [PSYoungGen: 6974K->480K(7680K)] 10946K->4451K(24576K), 0.0003640 secs] [Times: user=0.00 sys=0.00, real=0.00 secs] 
35.682: Total time for which application threads were stopped: 0.0004820 seconds, Stopping threads took: 0.0000650 seconds
35.710: Application time: 0.0282950 seconds
35.710: [GC [PSYoungGen: 7132K->480K(7680K)] 11104K->4451K(24576K), 0.0003430 secs] [Times: user=0.00 sys=0.00, real=0.00 secs] 
35.711: Total time for which application threads were stopped: 0.0004640 seconds, Stopping threads took: 0.0000620 seconds
35.739: Application time: 0.0283670 seconds
35.739: [GC [PSYoungGen: 7133K->640K(7680K)] 11105K->4611K(24576K), 0.0003530 secs] [Times: user=0.01 sys=0.00, real=0.00 secs] 
35.739: Total time for which application threads were stopped: 0.0004580 seconds, Stopping threads took: 0.0000460 seconds
35.769: Application time: 0.0293390 seconds
35.771: [GC [PSYoungGen: 7294K->608K(7680K)] 11266K->4579K(24576K), 0.0003690 secs] [Times: user=0.00 sys=0.00, real=0.00 secs] 
35.771: Total time for which application threads were stopped: 0.0024140 seconds, Stopping threads took: 0.0019950 seconds
35.799: Application time: 0.0274930 seconds
35.799: [GC [PSYoungGen: 7262K->864K(7680K)] 11233K->4835K(24576K), 0.0003980 secs] [Times: user=0.00 sys=0.00, real=0.00 secs] 
35.799: Total time for which application threads were stopped: 0.0005200 seconds, Stopping threads took: 0.0000690 seconds
35.825: Application time: 0.0261450 seconds
35.825: [GC [PSYoungGen: 7516K->960K(7680K)] 11488K->5060K(24576K), 0.0004310 secs] [Times: user=0.00 sys=0.00, real=0.00 secs] 
35.826: Total time for which application threads were stopped: 0.0005320 seconds, Stopping threads took: 0.0000470 seconds
35.856: Application time: 0.0296220 seconds
35.856: [GC [PSYoungGen: 7614K->928K(7680K)] 11714K->5028K(24576K), 0.0004180 secs] [Times: user=0.00 sys=0.00, real=0.00 secs] 
35.856: Total time for which application threads were stopped: 0.0005170 seconds, Stopping threads took: 0.0000440 seconds
35.886: Application time: 0.0294680 seconds
35.887: [GC [PSYoungGen: 7582K->960K(7680K)] 11682K->5060K(24576K), 0.0003760 secs] [Times: user=0.00 sys=0.00, real=0.00 secs] 
35.887: Total time for which application threads were stopped: 0.0017030 seconds, Stopping threads took: 0.0012750 seconds
35.917: Application time: 0.0299000 seconds
35.917: [GC [PSYoungGen: 7614K->928K(7680K)] 11714K->5028K(24576K), 0.0003970 secs] [Times: user=0.00 sys=0.00, real=0.00 secs] 
35.918: Total time for which application threads were stopped: 0.0005100 seconds, Stopping threads took: 0.0000590 seconds
35.947: Application time: 0.0297460 seconds
35.947: [GC [PSYoungGen: 7582K->960K(7680K)] 11682K->5060K(24576K), 0.0003670 secs] [Times: user=0.00 sys=0.00, real=0.00 secs] 
35.948: Total time for which application threads were stopped: 0.0004710 seconds, Stopping threads took: 0.0000520 seconds
35.978: Application time: 0.0297180 seconds
35.978: [GC [PSYoungGen: 7614K->992K(7680K)] 11714K->5092K(24576K), 0.0003660 secs] [Times: user=0.00 sys=0.00, real=0.00 secs] 
35.978: Total time for which application threads were stopped: 0.0004570 seconds, Stopping threads took: 0.0000390 seconds
36.008: Application time: 0.0299210 seconds
36.008: [GC [PSYoungGen: 7646K->928K(7680K)] 11746K->5028K(24576K), 0.0004510 secs] [Times: user=0.00 sys=0.00, real=0.00 secs] 
36.008: Total time for which application threads were stopped: 0.0005530 seconds, Stopping threads took: 0.0000480 seconds
36.038: Application time: 0.0296450 seconds
36.038: [GC [PSYoungGen: 7582K->928K(7680K)] 11682K->5028K(24576K), 0.0003700 secs] [Times: user=0.00 sys=0.00, real=0.00 secs] 
36.039: Total time for which application threads were stopped: 0.0004680 seconds, Stopping threads took: 0.0000460 seconds
36.069: Application time: 0.0305070 seconds
36.071: [GC [PSYoungGen: 7582K->960K(7680K)] 11682K->5060K(24576K), 0.0003920 secs] [Times: user=0.00 sys=0.00, real=0.00 secs] 
36.071: Total time for which application threads were stopped: 0.0021040 seconds, Stopping threads took: 0.0016600 seconds
36.101: Application time: 0.0297360 seconds
36.101: [GC [PSYoungGen: 7614K->896K(7680K)] 11714K->5080K(24576K), 0.0003980 secs] [Times: user=0.00 sys=0.00, real=0.00 secs] 
36.101: Total time for which application threads were stopped: 0.0004990 seconds, Stopping threads took: 0.0000490 seconds
36.131: Application time: 0.0295670 seconds
36.131: [GC [PSYoungGen: 7550K->896K(7680K)] 11735K->5080K(24576K), 0.0003700 secs] [Times: user=0.00 sys=0.00, real=0.00 secs] 
36.132: Total time for which application threads were stopped: 0.0004730 seconds, Stopping threads took: 0.0000440 seconds
36.161: Application time: 0.0299430 seconds
36.162: [GC [PSYoungGen: 7550K->992K(7680K)] 11735K->5200K(24576K), 0.0003800 secs] [Times: user=0.00 sys=0.00, real=0.00 secs] 
36.162: Total time for which application threads were stopped: 0.0004870 seconds, Stopping threads took: 0.0000550 seconds
36.192: Application time: 0.0296190 seconds
36.192: [GC [PSYoungGen: 7646K->672K(7680K)] 11855K->5101K(24576K), 0.0003680 secs] [Times: user=0.00 sys=0.00, real=0.00 secs] 
36.192: Total time for which application threads were stopped: 0.0004670 seconds, Stopping threads took: 0.0000470 seconds
36.222: Application time: 0.0295220 seconds
36.222: [GC [PSYoungGen: 7326K->672K(7680K)] 11755K->5101K(24576K), 0.0003990 secs] [Times: user=0.00 sys=0.00, real=0.00 secs] 
36.222: Total time for which application threads were stopped: 0.0005020 seconds, Stopping threads took: 0.0000510 seconds
36.252: Application time: 0.0295710 seconds
36.252: [GC [PSYoungGen: 7326K->672K(7680K)] 11755K->5101K(24576K), 0.0003420 secs] [Times: user=0.01 sys=0.00, real=0.00 secs] 
36.252: Total time for which application threads were stopped: 0.0004570 seconds, Stopping threads took: 0.0000590 seconds
36.282: Application time: 0.0298090 seconds
36.282: [GC [PSYoungGen: 7326K->0K(7680K)] 11755K->5034K(24576K), 0.0003710 secs] [Times: user=0.01 sys=0.00, real=0.00 secs] 
36.282: Total time for which application threads were stopped: 0.0004710 seconds, Stopping threads took: 0.0000500 seconds
36.312: Application time: 0.0299080 seconds
36.312: [GC [PSYoungGen: 6654K->0K(7680K)] 11689K->5034K(24576K), 0.0002930 secs] [Times: user=0.00 sys=0.00, real=0.00 secs] 
36.313: Total time for which application threads were stopped: 0.0004340 seconds, Stopping threads took: 0.0000910 seconds
36.342: Application time: 0.0297580 seconds
36.343: [GC [PSYoungGen: 6654K->0K(7680K)] 11689K->5034K(24576K), 0.0003090 secs] [Times: user=0.00 sys=0.00, real=0.00 secs] 
36.343: Total time for which application threads were stopped: 0.0004140 seconds, Stopping threads took: 0.0000540 seconds
36.373: Application time: 0.0299810 seconds
36.375: [GC [PSYoungGen: 6652K->0K(7680K)] 11686K->5034K(24576K), 0.0003110 secs] [Times: user=0.00 sys=0.00, real=0.00 secs] 
36.375: Total time for which application threads were stopped: 0.0022750 seconds, Stopping threads took: 0.0019150 seconds
36.405: Application time: 0.0297590 seconds
36.405: [GC [PSYoungGen: 6654K->0K(7680K)] 11689K->5034K(24576K), 0.0002830 secs] [Times: user=0.00 sys=0.00, real=0.00 secs] 
36.405: Total time for which application threads were stopped: 0.0003730 seconds, Stopping threads took: 0.0000430 seconds
36.435: Application time: 0.0297740 seconds
36.435: [GC [PSYoungGen: 6654K->0K(7680K)] 11689K->5034K(24576K), 0.0002660 secs] [Times: user=0.00 sys=0.00, real=0.00 secs] 
36.435: Total time for which application threads were stopped: 0.0003560 seconds, Stopping threads took: 0.0000440 seconds
36.465: Application time: 0.0297250 seconds
36.465: [GC [PSYoungGen: 6654K->0K(7680K)] 11689K->5034K(24576K), 0.0002680 secs] [Times: user=0.01 sys=0.00, real=0.00 secs] 
36.466: Total time for which application threads were stopped: 0.0003700 seconds, Stopping threads took: 0.0000550 seconds
36.495: Application time: 0.0297210 seconds
36.499: [GC [PSYoungGen: 6654K->0K(7680K)] 11689K->5034K(24576K), 0.0003060 secs] [Times: user=0.00 sys=0.00, real=0.00 secs] 
36.499: Total time for which application threads were stopped: 0.0039280 seconds, Stopping threads took: 0.0035740 seconds
36.529: Application time: 0.0296440 seconds
36.529: [GC [PSYoungGen: 6654K->0K(7680K)] 11689K->5034K(24576K), 0.0002820 secs] [Times: user=0.01 sys=0.00, real=0.00 secs] 
36.529: Total time for which application threads were stopped: 0.0003740 seconds, Stopping threads took: 0.0000460 seconds
36.559: Application time: 0.0295640 seconds
36.563: [GC [PSYoungGen: 6654K->0K(7680K)] 11689K->5034K(24576K), 0.0003340 secs] [Times: user=0.00 sys=0.00, real=0.00 secs] 
36.563: Total time for which application threads were stopped: 0.0044180 seconds, Stopping threads took: 0.0040390 seconds
36.593: Application time: 0.0296660 seconds
36.593: [GC [PSYoungGen: 6654K->0K(7680K)] 11689K->5034K(24576K), 0.0003150 secs] [Times: user=0.00 sys=0.00, real=0.00 secs] 
36.593: Total time for which application threads were stopped: 0.0004110 seconds, Stopping threads took: 0.0000490 seconds
36.618: Application time: 0.0250990 seconds
36.618: [GC [PSYoungGen: 6654K->352K(7680K)] 11688K->5386K(24576K), 0.0003770 secs] [Times: user=0.00 sys=0.00, real=0.01 secs] 
36.619: Total time for which application threads were stopped: 0.0004870 seconds, Stopping threads took: 0.0000520 seconds
36.635: Application time: 0.0161370 seconds
36.635: [GC [PSYoungGen: 7005K->512K(7680K)] 12039K->5546K(24576K), 0.0004000 secs] [Times: user=0.00 sys=0.00, real=0.00 secs] 
36.635: Total time for which application threads were stopped: 0.0005000 seconds, Stopping threads took: 0.0000480 seconds
36.652: Application time: 0.0167550 seconds
36.652: [GC [PSYoungGen: 7166K->448K(7680K)] 12200K->5482K(24576K), 0.0003730 secs] [Times: user=0.00 sys=0.00, real=0.00 secs] 
36.653: Total time for which application threads were stopped: 0.0004650 seconds, Stopping threads took: 0.0000420 seconds
36.673: Application time: 0.0206830 seconds
36.673: [GC [PSYoungGen: 7100K->512K(7680K)] 12134K->5546K(24576K), 0.0003760 secs] [Times: user=0.00 sys=0.00, real=0.00 secs] 
36.674: Total time for which application threads were stopped: 0.0004800 seconds, Stopping threads took: 0.0000520 seconds
36.703: Application time: 0.0287090 seconds
36.703: [GC [PSYoungGen: 7166K->480K(7680K)] 12200K->5514K(24576K), 0.0003670 secs] [Times: user=0.00 sys=0.00, real=0.00 secs] 
36.703: Total time for which application threads were stopped: 0.0004590 seconds, Stopping threads took: 0.0000430 seconds
36.731: Application time: 0.0279170 seconds
36.731: [GC [PSYoungGen: 7134K->512K(7680K)] 12168K->5546K(24576K), 0.0003440 secs] [Times: user=0.01 sys=0.00, real=0.00 secs] 
36.731: Total time for which application threads were stopped: 0.0004500 seconds, Stopping threads took: 0.0000530 seconds
36.760: Application time: 0.0283700 seconds
36.760: [GC [PSYoungGen: 7165K->576K(7680K)] 12200K->5610K(24576K), 0.0003400 secs] [Times: user=0.00 sys=0.00, real=0.00 secs] 
36.760: Total time for which application threads were stopped: 0.0004370 seconds, Stopping threads took: 0.0000370 seconds
36.789: Application time: 0.0283630 seconds
36.789: [GC [PSYoungGen: 7228K->800K(7680K)] 12263K->5834K(24576K), 0.0003860 secs] [Times: user=0.00 sys=0.00, real=0.00 secs] 
36.789: Total time for which application threads were stopped: 0.0004900 seconds, Stopping threads took: 0.0000540 seconds
36.810: Application time: 0.0207810 seconds
36.810: [GC [PSYoungGen: 7452K->704K(7680K)] 12487K->5738K(24576K), 0.0003560 secs] [Times: user=0.00 sys=0.00, real=0.00 secs] 
36.810: Total time for which application threads were stopped: 0.0004780 seconds, Stopping threads took: 0.0000680 seconds
36.832: Application time: 0.0212340 seconds
36.832: [GC [PSYoungGen: 7359K->704K(7680K)] 12394K->5738K(24576K), 0.0003510 secs] [Times: user=0.01 sys=0.00, real=0.00 secs] 
36.832: Total time for which application threads were stopped: 0.0004470 seconds, Stopping threads took: 0.0000460 seconds
36.860: Application time: 0.0275740 seconds
36.860: [GC [PSYoungGen: 7358K->736K(7680K)] 12393K->5770K(24576K), 0.0003540 secs] [Times: user=0.00 sys=0.00, real=0.00 secs] 
36.860: Total time for which application threads were stopped: 0.0004600 seconds, Stopping threads took: 0.0000530 seconds
36.889: Application time: 0.0290720 seconds
36.889: [GC [PSYoungGen: 7388K->736K(7680K)] 12422K->5770K(24576K), 0.0003630 secs] [Times: user=0.00 sys=0.00, real=0.00 secs] 
36.890: Total time for which application threads were stopped: 0.0004710 seconds, Stopping threads took: 0.0000570 seconds
36.918: Application time: 0.0279450 seconds
36.918: [GC [PSYoungGen: 7390K->896K(7680K)] 12425K->5930K(24576K), 0.0003840 secs] [Times: user=0.00 sys=0.00, real=0.00 secs] 
36.918: Total time for which application threads were stopped: 0.0004890 seconds, Stopping threads took: 0.0000540 seconds
36.942: Application time: 0.0240910 seconds
36.942: [GC [PSYoungGen: 7552K->784K(7680K)] 12586K->5818K(24576K), 0.0003890 secs] [Times: user=0.00 sys=0.00, real=0.00 secs] 
36.943: Total time for which application threads were stopped: 0.0004840 seconds, Stopping threads took: 0.0000440 seconds
36.963: Application time: 0.0206810 seconds
36.963: [GC [PSYoungGen: 7439K->896K(7680K)] 12473K->5930K(24576K), 0.0003810 secs] [Times: user=0.00 sys=0.00, real=0.00 secs] 
36.964: Total time for which application threads were stopped: 0.0004800 seconds, Stopping threads took: 0.0000470 seconds
36.987: Application time: 0.0229750 seconds
36.987: [GC [PSYoungGen: 7547K->960K(7680K)] 12582K->5994K(24576K), 0.0004370 secs] [Times: user=0.00 sys=0.00, real=0.00 secs] 
36.987: Total time for which application threads were stopped: 0.0005360 seconds, Stopping threads took: 0.0000440 seconds
37.016: Application time: 0.0288720 seconds
37.016: [GC [PSYoungGen: 7612K->896K(7680K)] 12646K->5930K(24576K), 0.0004410 secs] [Times: user=0.00 sys=0.00, real=0.00 secs] 
37.017: Total time for which application threads were stopped: 0.0005370 seconds, Stopping threads took: 0.0000430 seconds
37.036: Application time: 0.0196030 seconds
37.036: [GC [PSYoungGen: 7548K->992K(7680K)] 12583K->6162K(24576K), 0.0004870 secs] [Times: user=0.00 sys=0.00, real=0.00 secs] 
37.037: Total time for which application threads were stopped: 0.0005930 seconds, Stopping threads took: 0.0000520 seconds
37.055: Application time: 0.0181290 seconds
37.055: [GC [PSYoungGen: 7647K->960K(7680K)] 12818K->6258K(24576K), 0.0005050 secs] [Times: user=0.00 sys=0.00, real=0.00 secs] 
37.056: Total time for which application threads were stopped: 0.0006060 seconds, Stopping threads took: 0.0000460 seconds
37.080: Application time: 0.0242580 seconds
37.080: [GC [PSYoungGen: 7614K->1008K(7680K)] 12912K->6490K(24576K), 0.0004670 secs] [Times: user=0.00 sys=0.00, real=0.00 secs] 
37.080: Total time for which application threads were stopped: 0.0005750 seconds, Stopping threads took: 0.0000520 seconds
37.109: Application time: 0.0287480 seconds
37.109: [GC [PSYoungGen: 7660K->1008K(7680K)] 13143K->6530K(24576K), 0.0004840 secs] [Times: user=0.00 sys=0.00, real=0.00 secs] 
37.110: Total time for which application threads were stopped: 0.0005810 seconds, Stopping threads took: 0.0000460 seconds
37.130: Application time: 0.0206760 seconds
37.131: [GC [PSYoungGen: 7663K->992K(7680K)] 13186K->6810K(24576K), 0.0005230 secs] [Times: user=0.00 sys=0.00, real=0.00 secs] 
37.131: Total time for which application threads were stopped: 0.0006220 seconds, Stopping threads took: 0.0000450 seconds
37.146: Application time: 0.0146010 seconds
37.146: [GC [PSYoungGen: 7646K->1008K(7680K)] 13464K->7167K(24576K), 0.0005190 secs] [Times: user=0.00 sys=0.00, real=0.00 secs] 
37.146: Total time for which application threads were stopped: 0.0006310 seconds, Stopping threads took: 0.0000560 seconds
37.160: Application time: 0.0131700 seconds
37.160: [GC [PSYoungGen: 7659K->992K(7680K)] 13818K->7267K(24576K), 0.0004480 secs] [Times: user=0.01 sys=0.00, real=0.00 secs] 
37.160: Total time for which application threads were stopped: 0.0005510 seconds, Stopping threads took: 0.0000500 seconds
37.178: Application time: 0.0175200 seconds
37.178: [GC [PSYoungGen: 7644K->992K(7680K)] 13919K->7632K(24576K), 0.0004590 secs] [Times: user=0.00 sys=0.00, real=0.00 secs] 
37.178: Total time for which application threads were stopped: 0.0005720 seconds, Stopping threads took: 0.0000600 seconds
37.199: Application time: 0.0205460 seconds
37.199: [GC [PSYoungGen: 7645K->1008K(7680K)] 14285K->7684K(24576K), 0.0004370 secs] [Times: user=0.00 sys=0.00, real=0.00 secs] 
37.199: Total time for which application threads were stopped: 0.0005460 seconds, Stopping threads took: 0.0000550 seconds
37.224: Application time: 0.0242770 seconds
37.224: [GC [PSYoungGen: 7659K->1008K(7680K)] 14336K->8036K(24576K), 0.0005020 secs] [Times: user=0.00 sys=0.00, real=0.00 secs] 
37.224: Total time for which application threads were stopped: 0.0006080 seconds, Stopping threads took: 0.0000510 seconds
37.251: Application time: 0.0264170 seconds
37.251: [GC [PSYoungGen: 7662K->992K(7680K)] 14690K->8285K(24576K), 0.0005040 secs] [Times: user=0.00 sys=0.00, real=0.00 secs] 
37.251: Total time for which application threads were stopped: 0.0006030 seconds, Stopping threads took: 0.0000450 seconds
37.279: Application time: 0.0277080 seconds
37.279: [GC [PSYoungGen: 7646K->992K(7680K)] 14939K->8481K(24576K), 0.0004920 secs] [Times: user=0.00 sys=0.00, real=0.00 secs] 
37.279: Total time for which application threads were stopped: 0.0005940 seconds, Stopping threads took: 0.0000390 seconds
37.308: Application time: 0.0287430 seconds
37.308: [GC [PSYoungGen: 7644K->992K(7680K)] 15133K->8525K(24576K), 0.0004450 secs] [Times: user=0.00 sys=0.00, real=0.00 secs] 
37.309: Total time for which application threads were stopped: 0.0005520 seconds, Stopping threads took: 0.0000540 seconds
37.337: Application time: 0.0287200 seconds
37.338: [GC [PSYoungGen: 7646K->992K(7680K)] 15180K->8549K(24576K), 0.0004340 secs] [Times: user=0.00 sys=0.00, real=0.00 secs] 
37.338: Total time for which application threads were stopped: 0.0005360 seconds, Stopping threads took: 0.0000470 seconds
37.366: Application time: 0.0281140 seconds
37.366: [GC [PSYoungGen: 7645K->992K(7680K)] 15203K->8733K(24576K), 0.0004510 secs] [Times: user=0.00 sys=0.00, real=0.00 secs] 
37.367: Total time for which application threads were stopped: 0.0005490 seconds, Stopping threads took: 0.0000430 seconds
37.395: Application time: 0.0281360 seconds
37.399: [GC [PSYoungGen: 7646K->992K(7680K)] 15388K->8757K(24576K), 0.0005600 secs] [Times: user=0.01 sys=0.00, real=0.00 secs] 
37.399: Total time for which application threads were stopped: 0.0045800 seconds, Stopping threads took: 0.0039650 seconds
37.428: Application time: 0.0287890 seconds
37.428: [GC [PSYoungGen: 7646K->992K(7680K)] 15412K->8797K(24576K), 0.0004660 secs] [Times: user=0.00 sys=0.00, real=0.00 secs] 
37.429: Total time for which application threads were stopped: 0.0005890 seconds, Stopping threads took: 0.0000680 seconds
37.457: Application time: 0.0280490 seconds
37.457: [GC [PSYoungGen: 7646K->992K(7680K)] 15452K->8973K(24576K), 0.0004620 secs] [Times: user=0.00 sys=0.00, real=0.00 secs] 
37.457: Total time for which application threads were stopped: 0.0005710 seconds, Stopping threads took: 0.0000560 seconds
37.486: Application time: 0.0281230 seconds
37.486: [GC [PSYoungGen: 7644K->992K(7680K)] 15626K->9029K(24576K), 0.0004560 secs] [Times: user=0.00 sys=0.00, real=0.00 secs] 
37.486: Total time for which application threads were stopped: 0.0005640 seconds, Stopping threads took: 0.0000530 seconds
37.515: Application time: 0.0291400 seconds
37.515: [GC [PSYoungGen: 7646K->1008K(7680K)] 15684K->9078K(24576K), 0.0004400 secs] [Times: user=0.01 sys=0.00, real=0.00 secs] 
37.516: Total time for which application threads were stopped: 0.0005460 seconds, Stopping threads took: 0.0000530 seconds
37.545: Application time: 0.0292140 seconds
37.545: [GC [PSYoungGen: 7662K->992K(7680K)] 15732K->9134K(24576K), 0.0004300 secs] [Times: user=0.00 sys=0.00, real=0.00 secs] 
37.546: Total time for which application threads were stopped: 0.0005310 seconds, Stopping threads took: 0.0000490 seconds
37.572: Application time: 0.0259990 seconds
37.572: [GC [PSYoungGen: 7644K->992K(7680K)] 15786K->9442K(24576K), 0.0004950 secs] [Times: user=0.00 sys=0.00, real=0.00 secs] 
37.572: Total time for which application threads were stopped: 0.0006040 seconds, Stopping threads took: 0.0000530 seconds
37.600: Application time: 0.0276220 seconds
37.600: [GC [PSYoungGen: 7540K->992K(7680K)] 15991K->9546K(24576K), 0.0004490 secs] [Times: user=0.00 sys=0.00, real=0.00 secs] 
37.600: Total time for which application threads were stopped: 0.0005620 seconds, Stopping threads took: 0.0000580 seconds
37.629: Application time: 0.0289900 seconds
37.629: [GC [PSYoungGen: 7645K->992K(7680K)] 16200K->9722K(24576K), 0.0005050 secs] [Times: user=0.01 sys=0.00, real=0.00 secs] 
37.630: Total time for which application threads were stopped: 0.0006240 seconds, Stopping threads took: 0.0000550 seconds
37.660: Application time: 0.0296530 seconds
37.660: [GC [PSYoungGen: 7646K->832K(7680K)] 16377K->9767K(24576K), 0.0004510 secs] [Times: user=0.01 sys=0.00, real=0.00 secs] 
37.660: Total time for which application threads were stopped: 0.0005640 seconds, Stopping threads took: 0.0000570 seconds
37.690: Application time: 0.0295860 seconds
37.690: [GC [PSYoungGen: 7484K->832K(7680K)] 16419K->9847K(24576K), 0.0003840 secs] [Times: user=0.00 sys=0.00, real=0.00 secs] 
37.690: Total time for which application threads were stopped: 0.0004740 seconds, Stopping threads took: 0.0000360 seconds
37.720: Application time: 0.0294850 seconds
37.720: [GC [PSYoungGen: 7486K->736K(7680K)] 16501K->9807K(24576K), 0.0003740 secs] [Times: user=0.00 sys=0.00, real=0.00 secs] 
37.720: Total time for which application threads were stopped: 0.0004840 seconds, Stopping threads took: 0.0000570 seconds
37.750: Application time: 0.0296500 seconds
37.750: [GC [PSYoungGen: 7388K->736K(7680K)] 16459K->9807K(24576K), 0.0003970 secs] [Times: user=0.00 sys=0.00, real=0.00 secs] 
37.750: Total time for which application threads were stopped: 0.0004890 seconds, Stopping threads took: 0.0000410 seconds
37.780: Application time: 0.0295530 seconds
37.780: [GC [PSYoungGen: 7390K->800K(7680K)] 16461K->9871K(24576K), 0.0003600 secs] [Times: user=0.00 sys=0.00, real=0.00 secs] 
37.780: Total time for which application threads were stopped: 0.0004660 seconds, Stopping threads took: 0.0000470 seconds
37.810: Application time: 0.0296830 seconds
37.810: [GC [PSYoungGen: 7454K->768K(7680K)] 16525K->9855K(24576K), 0.0003460 secs] [Times: user=0.00 sys=0.00, real=0.00 secs] 
37.810: Total time for which application threads were stopped: 0.0004480 seconds, Stopping threads took: 0.0000520 seconds
37.840: Application time: 0.0295080 seconds
37.840: [GC [PSYoungGen: 7422K->736K(7680K)] 16509K->9923K(24576K), 0.0003560 secs] [Times: user=0.00 sys=0.00, real=0.00 secs] 
37.840: Total time for which application threads were stopped: 0.0004590 seconds, Stopping threads took: 0.0000530 seconds
37.870: Application time: 0.0296190 seconds
37.870: [GC [PSYoungGen: 7390K->672K(7680K)] 16578K->9859K(24576K), 0.0003600 secs] [Times: user=0.01 sys=0.00, real=0.00 secs] 
37.871: Total time for which application threads were stopped: 0.0004570 seconds, Stopping threads took: 0.0000480 seconds
37.900: Application time: 0.0295540 seconds
37.900: [GC [PSYoungGen: 7326K->704K(7680K)] 16514K->9891K(24576K), 0.0004140 secs] [Times: user=0.00 sys=0.00, real=0.00 secs] 
37.901: Total time for which application threads were stopped: 0.0005070 seconds, Stopping threads took: 0.0000450 seconds
37.930: Application time: 0.0295450 seconds
37.930: [GC [PSYoungGen: 7358K->480K(7680K)] 16546K->9872K(24576K), 0.0003450 secs] [Times: user=0.00 sys=0.00, real=0.00 secs] 
37.931: Total time for which application threads were stopped: 0.0004580 seconds, Stopping threads took: 0.0000620 seconds
37.960: Application time: 0.0296320 seconds
37.960: [GC [PSYoungGen: 7134K->480K(7680K)] 16526K->9872K(24576K), 0.0003660 secs] [Times: user=0.00 sys=0.00, real=0.00 secs] 
37.961: Total time for which application threads were stopped: 0.0004590 seconds, Stopping threads took: 0.0000420 seconds
37.991: Application time: 0.0303240 seconds
37.991: [GC [PSYoungGen: 7134K->480K(7680K)] 16526K->9872K(24576K), 0.0003490 secs] [Times: user=0.00 sys=0.00, real=0.00 secs] 
37.991: Total time for which application threads were stopped: 0.0004470 seconds, Stopping threads took: 0.0000470 seconds
38.021: Application time: 0.0297050 seconds
38.021: [GC [PSYoungGen: 7134K->192K(7680K)] 16526K->9961K(24576K), 0.0003460 secs] [Times: user=0.01 sys=0.00, real=0.00 secs] 
38.022: Total time for which application threads were stopped: 0.0004560 seconds, Stopping threads took: 0.0000520 seconds
38.051: Application time: 0.0296580 seconds
38.051: [GC [PSYoungGen: 6846K->128K(7680K)] 16615K->9957K(24576K), 0.0003420 secs] [Times: user=0.00 sys=0.00, real=0.00 secs] 
38.052: Total time for which application threads were stopped: 0.0004430 seconds, Stopping threads took: 0.0000500 seconds
38.081: Application time: 0.0296820 seconds
38.082: [GC [PSYoungGen: 6780K->0K(7680K)] 16609K->9853K(24576K), 0.0003780 secs] [Times: user=0.00 sys=0.00, real=0.00 secs] 
38.082: Total time for which application threads were stopped: 0.0004760 seconds, Stopping threads took: 0.0000490 seconds
38.112: Application time: 0.0296420 seconds
38.112: [GC [PSYoungGen: 6654K->0K(7680K)] 16508K->9853K(24576K), 0.0003380 secs] [Times: user=0.00 sys=0.00, real=0.00 secs] 
38.112: Total time for which application threads were stopped: 0.0004270 seconds, Stopping threads took: 0.0000410 seconds
38.142: Application time: 0.0297700 seconds
38.142: [GC [PSYoungGen: 6652K->0K(7680K)] 16505K->9853K(24576K), 0.0002980 secs] [Times: user=0.00 sys=0.00, real=0.00 secs] 
38.142: Total time for which application threads were stopped: 0.0003870 seconds, Stopping threads took: 0.0000400 seconds
38.172: Application time: 0.0296290 seconds
38.172: [GC [PSYoungGen: 6654K->0K(7680K)] 16508K->9853K(24576K), 0.0002970 secs] [Times: user=0.00 sys=0.00, real=0.00 secs] 
38.172: Total time for which application threads were stopped: 0.0003980 seconds, Stopping threads took: 0.0000520 seconds
38.202: Application time: 0.0296160 seconds
38.202: [GC [PSYoungGen: 6654K->0K(7680K)] 16508K->9853K(24576K), 0.0003510 secs] [Times: user=0.00 sys=0.00, real=0.00 secs] 
38.202: Total time for which application threads were stopped: 0.0004420 seconds, Stopping threads took: 0.0000370 seconds
38.232: Application time: 0.0295530 seconds
38.232: [GC [PSYoungGen: 6654K->0K(7680K)] 16508K->9853K(24576K), 0.0002880 secs] [Times: user=0.00 sys=0.00, real=0.00 secs] 
38.232: Total time for which application threads were stopped: 0.0003870 seconds, Stopping threads took: 0.0000510 seconds
38.262: Application time: 0.0295850 seconds
38.262: [GC [PSYoungGen: 6652K->0K(7680K)] 16505K->9853K(24576K), 0.0002930 secs] [Times: user=0.00 sys=0.00, real=0.00 secs] 
38.262: Total time for which application threads were stopped: 0.0003830 seconds, Stopping threads took: 0.0000430 seconds
38.292: Application time: 0.0293860 seconds
38.292: [GC [PSYoungGen: 6654K->0K(7680K)] 16508K->9853K(24576K), 0.0003000 secs] [Times: user=0.00 sys=0.00, real=0.00 secs] 
38.292: Total time for which application threads were stopped: 0.0004040 seconds, Stopping threads took: 0.0000490 seconds
38.321: Application time: 0.0294300 seconds
38.321: [GC [PSYoungGen: 6654K->0K(7680K)] 16508K->9853K(24576K), 0.0003360 secs] [Times: user=0.00 sys=0.00, real=0.00 secs] 
38.322: Total time for which application threads were stopped: 0.0004270 seconds, Stopping threads took: 0.0000420 seconds
38.345: Application time: 0.0228000 seconds
38.347: [GC [PSYoungGen: 6653K->480K(7680K)] 16506K->10333K(24576K), 0.0003620 secs] [Times: user=0.00 sys=0.00, real=0.00 secs] 
38.347: Total time for which application threads were stopped: 0.0026020 seconds, Stopping threads took: 0.0021910 seconds
38.363: Application time: 0.0156820 seconds
38.363: [GC [PSYoungGen: 7135K->544K(7680K)] 16988K->10397K(24576K), 0.0003720 secs] [Times: user=0.01 sys=0.00, real=0.00 secs] 
38.363: Total time for which application threads were stopped: 0.0004640 seconds, Stopping threads took: 0.0000420 seconds
38.382: Application time: 0.0184590 seconds
38.382: [GC [PSYoungGen: 7200K->384K(7680K)] 17053K->10237K(24576K), 0.0003220 secs] [Times: user=0.01 sys=0.00, real=0.00 secs] 
38.382: Total time for which application threads were stopped: 0.0004180 seconds, Stopping threads took: 0.0000450 seconds
38.404: Application time: 0.0213820 seconds
38.404: [GC [PSYoungGen: 7037K->544K(7680K)] 16890K->10397K(24576K), 0.0003660 secs] [Times: user=0.00 sys=0.00, real=0.00 secs] 
38.404: Total time for which application threads were stopped: 0.0004670 seconds, Stopping threads took: 0.0000430 seconds
38.433: Application time: 0.0287530 seconds
38.433: [GC [PSYoungGen: 7198K->512K(7680K)] 17052K->10365K(24576K), 0.0003540 secs] [Times: user=0.00 sys=0.00, real=0.00 secs] 
38.433: Total time for which application threads were stopped: 0.0004510 seconds, Stopping threads took: 0.0000440 seconds
38.461: Application time: 0.0278190 seconds
38.461: [GC [PSYoungGen: 7166K->544K(7680K)] 17019K->10397K(24576K), 0.0003940 secs] [Times: user=0.00 sys=0.00, real=0.00 secs] 
38.462: Total time for which application threads were stopped: 0.0004950 seconds, Stopping threads took: 0.0000500 seconds
38.490: Application time: 0.0283280 seconds
38.490: [GC [PSYoungGen: 7198K->512K(7680K)] 17051K->10365K(24576K), 0.0003930 secs] [Times: user=0.00 sys=0.00, real=0.00 secs] 
38.490: Total time for which application threads were stopped: 0.0004930 seconds, Stopping threads took: 0.0000460 seconds
38.519: Application time: 0.0280950 seconds
38.519: [GC [PSYoungGen: 7164K->864K(7680K)] 17018K->10717K(24576K), 0.0004040 secs] [Times: user=0.01 sys=0.00, real=0.01 secs] 
38.519: Total time for which application threads were stopped: 0.0005080 seconds, Stopping threads took: 0.0000550 seconds
38.540: Application time: 0.0207860 seconds
38.540: [GC [PSYoungGen: 7516K->704K(7680K)] 17370K->10557K(24576K), 0.0003800 secs] [Times: user=0.00 sys=0.00, real=0.00 secs] 
38.540: Total time for which application threads were stopped: 0.0004740 seconds, Stopping threads took: 0.0000430 seconds
38.562: Application time: 0.0217730 seconds
38.562: [GC [PSYoungGen: 7357K->704K(7680K)] 17211K->10557K(24576K), 0.0003780 secs] [Times: user=0.00 sys=0.00, real=0.00 secs] 
38.563: Total time for which application threads were stopped: 0.0004710 seconds, Stopping threads took: 0.0000440 seconds
38.590: Application time: 0.0273670 seconds
38.590: [GC [PSYoungGen: 7358K->768K(7680K)] 17212K->10621K(24576K), 0.0003670 secs] [Times: user=0.00 sys=0.00, real=0.00 secs] 
38.590: Total time for which application threads were stopped: 0.0004690 seconds, Stopping threads took: 0.0000530 seconds
38.619: Application time: 0.0291180 seconds
38.620: [GC [PSYoungGen: 7420K->672K(7680K)] 17274K->10525K(24576K), 0.0004620 secs] [Times: user=0.00 sys=0.00, real=0.00 secs] 
38.620: Total time for which application threads were stopped: 0.0005840 seconds, Stopping threads took: 0.0000620 seconds
38.648: Application time: 0.0277970 seconds
38.648: [GC [PSYoungGen: 7324K->768K(7680K)] 17178K->10621K(24576K), 0.0004510 secs] [Times: user=0.00 sys=0.00, real=0.00 secs] 
38.648: Total time for which application threads were stopped: 0.0005590 seconds, Stopping threads took: 0.0000520 seconds
38.673: Application time: 0.0244530 seconds
38.673: [GC [PSYoungGen: 7422K->928K(7680K)] 17275K->10781K(24576K), 0.0004480 secs] [Times: user=0.00 sys=0.00, real=0.00 secs] 
38.673: Total time for which application threads were stopped: 0.0005410 seconds, Stopping threads took: 0.0000430 seconds
38.694: Application time: 0.0204420 seconds
38.694: [GC [PSYoungGen: 7582K->928K(7680K)] 17436K->10781K(24576K), 0.0004940 secs] [Times: user=0.00 sys=0.00, real=0.00 secs] 
38.694: Total time for which application threads were stopped: 0.0005910 seconds, Stopping threads took: 0.0000450 seconds
38.717: Application time: 0.0225410 seconds
38.719: [GC [PSYoungGen: 7579K->992K(7680K)] 17433K->10845K(24576K), 0.0004200 secs] [Times: user=0.00 sys=0.00, real=0.00 secs] 
38.719: Total time for which application threads were stopped: 0.0022310 seconds, Stopping threads took: 0.0017550 seconds
38.749: Application time: 0.0295740 seconds
38.749: [GC [PSYoungGen: 7644K->992K(7680K)] 17498K->10973K(24576K), 0.0004670 secs] [Times: user=0.01 sys=0.00, real=0.00 secs] 
38.749: Total time for which application threads were stopped: 0.0005960 seconds, Stopping threads took: 0.0000730 seconds
38.770: Application time: 0.0203460 seconds
38.770: [GC [PSYoungGen: 7644K->992K(7680K)] 17626K->10989K(24576K), 0.0004340 secs] [Times: user=0.00 sys=0.00, real=0.00 secs] 
38.770: Total time for which application threads were stopped: 0.0005360 seconds, Stopping threads took: 0.0000400 seconds
38.788: Application time: 0.0180010 seconds
38.788: [GC [PSYoungGen: 7646K->1008K(7680K)] 17644K->11053K(24576K), 0.0004430 secs] [Times: user=0.01 sys=0.00, real=0.00 secs] 
38.789: Total time for which application threads were stopped: 0.0005470 seconds, Stopping threads took: 0.0000460 seconds
38.814: Application time: 0.0253010 seconds
38.814: [GC [PSYoungGen: 7662K->1008K(7680K)] 17707K->11065K(24576K), 0.0004550 secs] [Times: user=0.01 sys=0.00, real=0.00 secs] 
38.815: Total time for which application threads were stopped: 0.0005610 seconds, Stopping threads took: 0.0000460 seconds
38.843: Application time: 0.0285860 seconds
38.843: [GC [PSYoungGen: 7660K->1008K(7680K)] 17718K->11121K(24576K), 0.0004390 secs] [Times: user=0.01 sys=0.00, real=0.00 secs] 
38.844: Total time for which application threads were stopped: 0.0005290 seconds, Stopping threads took: 0.0000380 seconds
38.869: Application time: 0.0247250 seconds
38.869: [GC [PSYoungGen: 7586K->992K(7680K)] 17700K->11145K(24576K), 0.0004570 secs] [Times: user=0.00 sys=0.00, real=0.00 secs] 
38.869: Total time for which application threads were stopped: 0.0005750 seconds, Stopping threads took: 0.0000660 seconds
38.885: Application time: 0.0157000 seconds
38.885: [GC [PSYoungGen: 7645K->1008K(7680K)] 17799K->11786K(24576K), 0.0005240 secs] [Times: user=0.00 sys=0.00, real=0.00 secs] 
38.885: Total time for which application threads were stopped: 0.0006420 seconds, Stopping threads took: 0.0000630 seconds
38.898: Application time: 0.0127240 seconds
38.898: [GC [PSYoungGen: 7661K->1008K(7680K)] 18439K->12154K(24576K), 0.0005310 secs] [Times: user=0.00 sys=0.00, real=0.01 secs] 
38.899: Total time for which application threads were stopped: 0.0006450 seconds, Stopping threads took: 0.0000590 seconds
38.913: Application time: 0.0140490 seconds
38.913: [GC [PSYoungGen: 7662K->992K(7680K)] 18808K->12282K(24576K), 0.0004820 secs] [Times: user=0.01 sys=0.00, real=0.00 secs] 
38.913: Total time for which application threads were stopped: 0.0005790 seconds, Stopping threads took: 0.0000440 seconds
38.931: Application time: 0.0175190 seconds
38.931: [GC [PSYoungGen: 7644K->1008K(7680K)] 18935K->12463K(24576K), 0.0005360 secs] [Times: user=0.00 sys=0.00, real=0.00 secs] 
38.932: Total time for which application threads were stopped: 0.0006340 seconds, Stopping threads took: 0.0000450 seconds
38.958: Application time: 0.0261580 seconds
38.958: [GC [PSYoungGen: 7661K->1008K(7680K)] 19117K->12755K(24576K), 0.0005340 secs] [Times: user=0.01 sys=0.00, real=0.00 secs] 
38.958: Total time for which application threads were stopped: 0.0006320 seconds, Stopping threads took: 0.0000470 seconds
38.985: Application time: 0.0261780 seconds
38.985: [GC [PSYoungGen: 7662K->1008K(7680K)] 19409K->13020K(24576K), 0.0004900 secs] [Times: user=0.00 sys=0.00, real=0.00 secs] 
38.985: Total time for which application threads were stopped: 0.0005860 seconds, Stopping threads took: 0.0000410 seconds
39.012: Application time: 0.0266450 seconds
39.015: [GC [PSYoungGen: 7663K->1008K(7680K)] 19676K->13404K(24576K), 0.0004990 secs] [Times: user=0.00 sys=0.01, real=0.00 secs] 
39.015: Total time for which application threads were stopped: 0.0034800 seconds, Stopping threads took: 0.0029260 seconds
39.044: Application time: 0.0288780 seconds
39.044: [GC [PSYoungGen: 7660K->992K(7680K)] 20056K->13516K(24576K), 0.0004450 secs] [Times: user=0.00 sys=0.00, real=0.00 secs] 
39.045: Total time for which application threads were stopped: 0.0005750 seconds, Stopping threads took: 0.0000760 seconds
39.074: Application time: 0.0289590 seconds
39.074: [GC [PSYoungGen: 7646K->992K(7680K)] 20171K->13532K(24576K), 0.0004210 secs] [Times: user=0.00 sys=0.00, real=0.00 secs] 
39.074: Total time for which application threads were stopped: 0.0005240 seconds, Stopping threads took: 0.0000490 seconds
39.103: Application time: 0.0287870 seconds
39.103: [GC [PSYoungGen: 7646K->944K(7680K)] 20187K->13484K(24576K), 0.0004600 secs] [Times: user=0.00 sys=0.00, real=0.00 secs] 
39.104: Total time for which application threads were stopped: 0.0005620 seconds, Stopping threads took: 0.0000510 seconds
39.131: Application time: 0.0271860 seconds
39.135: [GC [PSYoungGen: 7597K->1008K(7680K)] 20138K->13676K(24576K), 0.0004680 secs] [Times: user=0.00 sys=0.00, real=0.00 secs] 
39.135: Total time for which application threads were stopped: 0.0044790 seconds, Stopping threads took: 0.0039520 seconds
39.164: Application time: 0.0290400 seconds
39.164: [GC [PSYoungGen: 7660K->976K(7680K)] 20328K->13764K(24576K), 0.0004490 secs] [Times: user=0.00 sys=0.00, real=0.00 secs] 
39.165: Total time for which application threads were stopped: 0.0005560 seconds, Stopping threads took: 0.0000540 seconds
39.193: Application time: 0.0285960 seconds
39.194: [GC [PSYoungGen: 7632K->1008K(7680K)] 20420K->13828K(24576K), 0.0004620 secs] [Times: user=0.00 sys=0.00, real=0.00 secs] 
39.194: Total time for which application threads were stopped: 0.0005590 seconds, Stopping threads took: 0.0000460 seconds
39.222: Application time: 0.0277290 seconds
39.222: [GC [PSYoungGen: 7661K->992K(7680K)] 20482K->13948K(24576K), 0.0004560 secs] [Times: user=0.00 sys=0.00, real=0.00 secs] 
39.222: Total time for which application threads were stopped: 0.0005530 seconds, Stopping threads took: 0.0000440 seconds
39.252: Application time: 0.0291680 seconds
39.252: [GC [PSYoungGen: 7646K->992K(7680K)] 20603K->14028K(24576K), 0.0004280 secs] [Times: user=0.00 sys=0.00, real=0.00 secs] 
39.252: Total time for which application threads were stopped: 0.0005360 seconds, Stopping threads took: 0.0000560 seconds
39.281: Application time: 0.0292100 seconds
39.281: [GC [PSYoungGen: 7646K->960K(7680K)] 20683K->14068K(24576K), 0.0003990 secs] [Times: user=0.01 sys=0.00, real=0.00 secs] 
39.282: Total time for which application threads were stopped: 0.0005000 seconds, Stopping threads took: 0.0000500 seconds
39.310: Application time: 0.0282470 seconds
39.310: [GC [PSYoungGen: 7612K->992K(7680K)] 20720K->14268K(24576K), 0.0004240 secs] [Times: user=0.00 sys=0.00, real=0.00 secs] 
39.311: Total time for which application threads were stopped: 0.0005310 seconds, Stopping threads took: 0.0000530 seconds
39.336: Application time: 0.0250580 seconds
39.336: [GC [PSYoungGen: 7646K->992K(7680K)] 20922K->14716K(24576K), 0.0005600 secs] [Times: user=0.01 sys=0.00, real=0.00 secs] 
39.336: Total time for which application threads were stopped: 0.0006790 seconds, Stopping threads took: 0.0000560 seconds
39.366: Application time: 0.0293090 seconds
39.366: [GC [PSYoungGen: 7644K->960K(7680K)] 21368K->14820K(24576K), 0.0004660 secs] [Times: user=0.00 sys=0.00, real=0.00 secs] 
39.366: Total time for which application threads were stopped: 0.0005680 seconds, Stopping threads took: 0.0000440 seconds
39.396: Application time: 0.0294060 seconds
39.396: [GC [PSYoungGen: 7614K->928K(7680K)] 21475K->14804K(24576K), 0.0004200 secs] [Times: user=0.00 sys=0.00, real=0.00 secs] 
39.396: Total time for which application threads were stopped: 0.0005110 seconds, Stopping threads took: 0.0000400 seconds
39.426: Application time: 0.0294620 seconds
39.426: [GC [PSYoungGen: 7582K->768K(7680K)] 21459K->14861K(24576K), 0.0004570 secs] [Times: user=0.01 sys=0.00, real=0.00 secs] 
39.426: Total time for which application threads were stopped: 0.0005550 seconds, Stopping threads took: 0.0000450 seconds
39.456: Application time: 0.0295580 seconds
39.459: [GC [PSYoungGen: 7422K->704K(7680K)] 21516K->14890K(24576K), 0.0004050 secs] [Times: user=0.01 sys=0.00, real=0.00 secs] 
39.459: Total time for which application threads were stopped: 0.0035740 seconds, Stopping threads took: 0.0031160 seconds
39.489: Application time: 0.0297760 seconds
39.489: [GC [PSYoungGen: 7358K->672K(7680K)] 21544K->14858K(24576K), 0.0003840 secs] [Times: user=0.01 sys=0.00, real=0.00 secs] 
39.489: Total time for which application threads were stopped: 0.0004680 seconds, Stopping threads took: 0.0000330 seconds
39.519: Application time: 0.0296110 seconds
39.519: [GC [PSYoungGen: 7326K->704K(7680K)] 21512K->14890K(24576K), 0.0003810 secs] [Times: user=0.00 sys=0.00, real=0.00 secs] 
39.520: Total time for which application threads were stopped: 0.0004780 seconds, Stopping threads took: 0.0000470 seconds
39.549: Application time: 0.0294770 seconds
39.549: [GC [PSYoungGen: 7358K->672K(7680K)] 21544K->14858K(24576K), 0.0003460 secs] [Times: user=0.00 sys=0.00, real=0.00 secs] 
39.549: Total time for which application threads were stopped: 0.0004410 seconds, Stopping threads took: 0.0000470 seconds
39.579: Application time: 0.0293470 seconds
39.579: [GC [PSYoungGen: 7326K->480K(7680K)] 21512K->14858K(24576K), 0.0004570 secs] [Times: user=0.00 sys=0.00, real=0.00 secs] 
39.579: Total time for which application threads were stopped: 0.0005510 seconds, Stopping threads took: 0.0000460 seconds
39.610: Application time: 0.0302650 seconds
39.610: [GC [PSYoungGen: 7132K->544K(7680K)] 21510K->14922K(24576K), 0.0003430 secs] [Times: user=0.00 sys=0.00, real=0.00 secs] 
39.610: Total time for which application threads were stopped: 0.0004460 seconds, Stopping threads took: 0.0000550 seconds
39.640: Application time: 0.0298150 seconds
39.640: [GC [PSYoungGen: 7198K->480K(7680K)] 21576K->14858K(24576K), 0.0003640 secs] [Times: user=0.00 sys=0.00, real=0.00 secs] 
39.640: Total time for which application threads were stopped: 0.0004890 seconds, Stopping threads took: 0.0000670 seconds
39.670: Application time: 0.0294210 seconds
39.670: [GC [PSYoungGen: 7134K->416K(7680K)] 21512K->14878K(24576K), 0.0003630 secs] [Times: user=0.00 sys=0.00, real=0.00 secs] 
39.670: Total time for which application threads were stopped: 0.0004600 seconds, Stopping threads took: 0.0000460 seconds
39.700: Application time: 0.0293170 seconds
39.700: [GC [PSYoungGen: 7070K->448K(7680K)] 21533K->14910K(24576K), 0.0003860 secs] [Times: user=0.00 sys=0.00, real=0.00 secs] 
39.700: Total time for which application threads were stopped: 0.0004770 seconds, Stopping threads took: 0.0000400 seconds
39.730: Application time: 0.0297520 seconds
39.730: [GC [PSYoungGen: 7102K->416K(7680K)] 21565K->14878K(24576K), 0.0003850 secs] [Times: user=0.00 sys=0.00, real=0.00 secs] 
39.730: Total time for which application threads were stopped: 0.0004980 seconds, Stopping threads took: 0.0000630 seconds
39.760: Application time: 0.0298450 seconds
39.760: [GC [PSYoungGen: 7070K->448K(7680K)] 21533K->14910K(24576K), 0.0003430 secs] [Times: user=0.00 sys=0.00, real=0.00 secs] 
39.761: Total time for which application threads were stopped: 0.0004380 seconds, Stopping threads took: 0.0000490 seconds
39.790: Application time: 0.0295350 seconds
39.790: [GC [PSYoungGen: 7102K->0K(7680K)] 21565K->14820K(24576K), 0.0003270 secs] [Times: user=0.00 sys=0.00, real=0.00 secs] 
39.791: Total time for which application threads were stopped: 0.0004320 seconds, Stopping threads took: 0.0000550 seconds
39.820: Application time: 0.0295200 seconds
39.820: [GC [PSYoungGen: 6654K->0K(7680K)] 21475K->14820K(24576K), 0.0002870 secs] [Times: user=0.00 sys=0.00, real=0.00 secs] 
39.821: Total time for which application threads were stopped: 0.0003750 seconds, Stopping threads took: 0.0000370 seconds
39.850: Application time: 0.0295250 seconds
39.850: [GC [PSYoungGen: 6654K->0K(7680K)] 21475K->14820K(24576K), 0.0003490 secs] [Times: user=0.00 sys=0.00, real=0.00 secs] 
39.850: Total time for which application threads were stopped: 0.0004440 seconds, Stopping threads took: 0.0000370 seconds
39.880: Application time: 0.0295340 seconds
39.880: [GC [PSYoungGen: 6654K->0K(7680K)] 21475K->14820K(24576K), 0.0002740 secs] [Times: user=0.00 sys=0.00, real=0.00 secs] 
39.880: Total time for which application threads were stopped: 0.0003660 seconds, Stopping threads took: 0.0000450 seconds
39.910: Application time: 0.0295530 seconds
39.910: [GC [PSYoungGen: 6654K->0K(7680K)] 21475K->14820K(24576K), 0.0003240 secs] [Times: user=0.00 sys=0.00, real=0.00 secs] 
39.910: Total time for which application threads were stopped: 0.0004270 seconds, Stopping threads took: 0.0000440 seconds
39.940: Application time: 0.0295650 seconds
39.940: [GC [PSYoungGen: 6654K->0K(7680K)] 21475K->14820K(24576K), 0.0003160 secs] [Times: user=0.00 sys=0.00, real=0.00 secs] 
39.940: Total time for which application threads were stopped: 0.0004020 seconds, Stopping threads took: 0.0000370 seconds
39.970: Application time: 0.0294110 seconds
39.971: [GC [PSYoungGen: 6654K->0K(7680K)] 21475K->14820K(24576K), 0.0002930 secs] [Times: user=0.00 sys=0.00, real=0.00 secs] 
39.971: Total time for which application threads were stopped: 0.0013670 seconds, Stopping threads took: 0.0010280 seconds
40.001: Application time: 0.0294440 seconds
40.001: [GC [PSYoungGen: 6654K->0K(7680K)] 21475K->14820K(24576K), 0.0002720 secs] [Times: user=0.00 sys=0.00, real=0.00 secs] 
40.001: Total time for which application threads were stopped: 0.0003650 seconds, Stopping threads took: 0.0000470 seconds
40.030: Application time: 0.0293510 seconds
40.030: [GC [PSYoungGen: 6654K->0K(7680K)] 21475K->14820K(24576K), 0.0002740 secs] [Times: user=0.00 sys=0.00, real=0.00 secs] 
40.031: Total time for which application threads were stopped: 0.0003760 seconds, Stopping threads took: 0.0000540 seconds
40.060: Application time: 0.0292950 seconds
40.063: [GC [PSYoungGen: 6654K->0K(7680K)] 21475K->14820K(24576K), 0.0003180 secs] [Times: user=0.00 sys=0.00, real=0.00 secs] 
40.063: Total time for which application threads were stopped: 0.0031980 seconds, Stopping threads took: 0.0028330 seconds
40.087: Application time: 0.0241890 seconds
40.087: [GC [PSYoungGen: 6656K->256K(7680K)] 21476K->15076K(24576K), 0.0003390 secs] [Times: user=0.00 sys=0.00, real=0.00 secs] 
40.088: Total time for which application threads were stopped: 0.0004450 seconds, Stopping threads took: 0.0000550 seconds
40.106: Application time: 0.0182170 seconds
40.107: [GC [PSYoungGen: 6907K->480K(7680K)] 21728K->15300K(24576K), 0.0003550 secs] [Times: user=0.00 sys=0.00, real=0.00 secs] 
40.107: Total time for which application threads were stopped: 0.0011840 seconds, Stopping threads took: 0.0007790 seconds
40.123: Application time: 0.0160900 seconds
40.123: [GC [PSYoungGen: 7132K->512K(7680K)] 21952K->15332K(24576K), 0.0003640 secs] [Times: user=0.00 sys=0.00, real=0.00 secs] 
40.124: Total time for which application threads were stopped: 0.0004450 seconds, Stopping threads took: 0.0000330 seconds
40.143: Application time: 0.0197350 seconds
40.144: [GC [PSYoungGen: 7166K->576K(7680K)] 21987K->15396K(24576K), 0.0003480 secs] [Times: user=0.00 sys=0.00, real=0.00 secs] 
40.144: Total time for which application threads were stopped: 0.0004390 seconds, Stopping threads took: 0.0000410 seconds
40.172: Application time: 0.0285790 seconds
40.173: [GC [PSYoungGen: 7230K->640K(7680K)] 22050K->15460K(24576K), 0.0003790 secs] [Times: user=0.00 sys=0.00, real=0.00 secs] 
40.173: Total time for which application threads were stopped: 0.0004650 seconds, Stopping threads took: 0.0000360 seconds
40.201: Application time: 0.0277410 seconds
40.201: [GC [PSYoungGen: 7291K->544K(7680K)] 22112K->15364K(24576K), 0.0003360 secs] [Times: user=0.00 sys=0.00, real=0.00 secs] 
40.201: Total time for which application threads were stopped: 0.0004360 seconds, Stopping threads took: 0.0000450 seconds
40.229: Application time: 0.0282470 seconds
40.229: [GC [PSYoungGen: 7196K->544K(7680K)] 22016K->15364K(24576K), 0.0003610 secs] [Times: user=0.00 sys=0.00, real=0.00 secs] 
40.230: Total time for which application threads were stopped: 0.0004620 seconds, Stopping threads took: 0.0000510 seconds
40.259: Application time: 0.0295050 seconds
40.259: [GC [PSYoungGen: 7196K->640K(7680K)] 22016K->15460K(24576K), 0.0003740 secs] [Times: user=0.00 sys=0.00, real=0.00 secs] 
40.260: Total time for which application threads were stopped: 0.0004730 seconds, Stopping threads took: 0.0000510 seconds
40.280: Application time: 0.0203150 seconds
40.280: [GC [PSYoungGen: 7294K->704K(7680K)] 22115K->15524K(24576K), 0.0003720 secs] [Times: user=0.00 sys=0.00, real=0.00 secs] 
40.281: Total time for which application threads were stopped: 0.0004740 seconds, Stopping threads took: 0.0000420 seconds
40.302: Application time: 0.0212470 seconds
40.303: [GC [PSYoungGen: 7359K->672K(7680K)] 22180K->15492K(24576K), 0.0004220 secs] [Times: user=0.01 sys=0.00, real=0.00 secs] 
40.303: Total time for which application threads were stopped: 0.0013820 seconds, Stopping threads took: 0.0009070 seconds
40.330: Application time: 0.0266710 seconds
40.330: [GC [PSYoungGen: 7323K->736K(7680K)] 22144K->15556K(24576K), 0.0003960 secs] [Times: user=0.00 sys=0.00, real=0.00 secs] 
40.330: Total time for which application threads were stopped: 0.0004920 seconds, Stopping threads took: 0.0000450 seconds
40.359: Application time: 0.0288980 seconds
40.359: [GC [PSYoungGen: 7388K->736K(7680K)] 22208K->15556K(24576K), 0.0003710 secs] [Times: user=0.00 sys=0.00, real=0.00 secs] 
40.360: Total time for which application threads were stopped: 0.0004740 seconds, Stopping threads took: 0.0000410 seconds
40.388: Application time: 0.0278100 seconds
40.388: [GC [PSYoungGen: 7388K->832K(7680K)] 22208K->15652K(24576K), 0.0003490 secs] [Times: user=0.01 sys=0.00, real=0.00 secs] 
40.388: Total time for which application threads were stopped: 0.0004450 seconds, Stopping threads took: 0.0000450 seconds
40.416: Application time: 0.0280900 seconds
40.416: [GC [PSYoungGen: 7484K->896K(7680K)] 22304K->15716K(24576K), 0.0004090 secs] [Times: user=0.00 sys=0.00, real=0.00 secs] 
40.417: Total time for which application threads were stopped: 0.0005070 seconds, Stopping threads took: 0.0000470 seconds
40.437: Application time: 0.0203240 seconds
40.437: [GC [PSYoungGen: 7548K->960K(7680K)] 22369K->15908K(24576K), 0.0004210 secs] [Times: user=0.00 sys=0.00, real=0.00 secs] 
40.438: Total time for which application threads were stopped: 0.0005260 seconds, Stopping threads took: 0.0000530 seconds
40.459: Application time: 0.0212740 seconds
40.459: [GC [PSYoungGen: 7616K->800K(7680K)] 22564K->15748K(24576K), 0.0003860 secs] [Times: user=0.00 sys=0.00, real=0.00 secs] 
40.459: Total time for which application threads were stopped: 0.0004790 seconds, Stopping threads took: 0.0000420 seconds
40.487: Application time: 0.0278740 seconds
40.487: [GC [PSYoungGen: 7454K->896K(7680K)] 22403K->15844K(24576K), 0.0003730 secs] [Times: user=0.01 sys=0.00, real=0.00 secs] 
40.488: Total time for which application threads were stopped: 0.0004720 seconds, Stopping threads took: 0.0000480 seconds
40.512: Application time: 0.0246320 seconds
40.512: [GC [PSYoungGen: 7548K->992K(7680K)] 22496K->15956K(24576K), 0.0004640 secs] [Times: user=0.01 sys=0.00, real=0.00 secs] 
40.513: Total time for which application threads were stopped: 0.0005690 seconds, Stopping threads took: 0.0000500 seconds
40.531: Application time: 0.0182320 seconds
40.531: [GC [PSYoungGen: 7647K->992K(7680K)] 22611K->16108K(24576K), 0.0005020 secs] [Times: user=0.00 sys=0.00, real=0.00 secs] 
40.532: Total time for which application threads were stopped: 0.0005970 seconds, Stopping threads took: 0.0000410 seconds
40.551: Application time: 0.0193550 seconds
40.551: [GC [PSYoungGen: 7647K->992K(7680K)] 22763K->16364K(24576K), 0.0004790 secs] [Times: user=0.00 sys=0.00, real=0.00 secs] 
40.552: Total time for which application threads were stopped: 0.0005820 seconds, Stopping threads took: 0.0000490 seconds
40.580: Application time: 0.0288160 seconds
40.580: [GC [PSYoungGen: 7644K->976K(7680K)] 23016K->16348K(24576K), 0.0004220 secs] [Times: user=0.00 sys=0.00, real=0.00 secs] 
40.581: Total time for which application threads were stopped: 0.0005160 seconds, Stopping threads took: 0.0000400 seconds
40.608: Application time: 0.0271010 seconds
40.608: [GC [PSYoungGen: 7630K->1008K(7680K)] 23003K->16508K(24576K), 0.0004720 secs] [Times: user=0.00 sys=0.00, real=0.00 secs] 
40.609: Total time for which application threads were stopped: 0.0005750 seconds, Stopping threads took: 0.0000470 seconds
40.623: Application time: 0.0145680 seconds
40.623: [GC [PSYoungGen: 7659K->992K(7680K)] 23160K->16860K(24576K), 0.0005700 secs] [Times: user=0.00 sys=0.00, real=0.00 secs] 
40.624: Total time for which application threads were stopped: 0.0006810 seconds, Stopping threads took: 0.0000420 seconds
40.637: Application time: 0.0133100 seconds
40.637: [GC [PSYoungGen: 7647K->1008K(7680K)] 23516K->17004K(24576K), 0.0004710 secs] [Times: user=0.00 sys=0.00, real=0.00 secs] 
40.638: Total time for which application threads were stopped: 0.0005740 seconds, Stopping threads took: 0.0000500 seconds
40.651: Application time: 0.0130160 seconds
40.651: [GC [PSYoungGen: 7660K->1008K(7680K)] 23657K->17132K(24576K), 0.0004810 secs] [Times: user=0.00 sys=0.00, real=0.00 secs] 
40.652: Total time for which application threads were stopped: 0.0016260 seconds, Stopping threads took: 0.0000530 seconds
40.671: Application time: 0.0183630 seconds
40.671: [GC [PSYoungGen: 7662K->992K(7680K)] 23787K->17456K(24576K), 0.0005250 secs] [Times: user=0.00 sys=0.00, real=0.00 secs] 
40.671: Total time for which application threads were stopped: 0.0006270 seconds, Stopping threads took: 0.0000460 seconds
40.697: Application time: 0.0253580 seconds
40.697: [GC [PSYoungGen: 7643K->1008K(7680K)] 24108K->17609K(24576K), 0.0004810 secs] [Times: user=0.00 sys=0.00, real=0.00 secs] 
40.697: [Full GC [PSYoungGen: 1008K->0K(7680K)] [ParOldGen: 16601K->3726K(16896K)] 17609K->3726K(24576K) [PSPermGen: 5537K->5535K(21504K)], 0.0063800 secs] [Times: user=0.03 sys=0.00, real=0.01 secs] 
40.704: Total time for which application threads were stopped: 0.0070110 seconds, Stopping threads took: 0.0000520 seconds
40.729: Application time: 0.0255750 seconds
40.729: [GC [PSYoungGen: 6655K->704K(7680K)] 10382K->4430K(24576K), 0.0003910 secs] [Times: user=0.00 sys=0.00, real=0.00 secs] 
40.730: Total time for which application threads were stopped: 0.0005020 seconds, Stopping threads took: 0.0000520 seconds
40.758: Application time: 0.0277160 seconds
40.758: [GC [PSYoungGen: 7358K->960K(7680K)] 11085K->4686K(24576K), 0.0004070 secs] [Times: user=0.00 sys=0.00, real=0.00 secs] 
40.758: Total time for which application threads were stopped: 0.0005130 seconds, Stopping threads took: 0.0000530 seconds
40.787: Application time: 0.0287030 seconds
40.787: [GC [PSYoungGen: 7614K->864K(7680K)] 11341K->4590K(24576K), 0.0003800 secs] [Times: user=0.00 sys=0.00, real=0.00 secs] 
40.787: Total time for which application threads were stopped: 0.0004890 seconds, Stopping threads took: 0.0000550 seconds
40.816: Application time: 0.0288760 seconds
40.816: [GC [PSYoungGen: 7518K->896K(7680K)] 11245K->4622K(24576K), 0.0003620 secs] [Times: user=0.00 sys=0.00, real=0.00 secs] 
40.817: Total time for which application threads were stopped: 0.0004660 seconds, Stopping threads took: 0.0000490 seconds
40.845: Application time: 0.0287850 seconds
40.845: [GC [PSYoungGen: 7550K->864K(7680K)] 11277K->4590K(24576K), 0.0003760 secs] [Times: user=0.00 sys=0.00, real=0.00 secs] 
40.846: Total time for which application threads were stopped: 0.0004790 seconds, Stopping threads took: 0.0000500 seconds
40.874: Application time: 0.0277200 seconds
40.874: [GC [PSYoungGen: 7518K->960K(7680K)] 11244K->4814K(24576K), 0.0003960 secs] [Times: user=0.00 sys=0.00, real=0.00 secs] 
40.874: Total time for which application threads were stopped: 0.0005230 seconds, Stopping threads took: 0.0000630 seconds
40.903: Application time: 0.0290350 seconds
40.903: [GC [PSYoungGen: 7614K->896K(7680K)] 11469K->4750K(24576K), 0.0004150 secs] [Times: user=0.00 sys=0.00, real=0.00 secs] 
40.904: Total time for which application threads were stopped: 0.0005290 seconds, Stopping threads took: 0.0000630 seconds
40.932: Application time: 0.0287230 seconds
40.932: [GC [PSYoungGen: 7550K->928K(7680K)] 11405K->4782K(24576K), 0.0003700 secs] [Times: user=0.01 sys=0.00, real=0.00 secs] 
40.933: Total time for which application threads were stopped: 0.0004680 seconds, Stopping threads took: 0.0000470 seconds
40.960: Application time: 0.0276010 seconds
40.961: [GC [PSYoungGen: 7582K->992K(7680K)] 11436K->4982K(24576K), 0.0004240 secs] [Times: user=0.00 sys=0.00, real=0.00 secs] 
40.961: Total time for which application threads were stopped: 0.0005390 seconds, Stopping threads took: 0.0000490 seconds
40.991: Application time: 0.0302270 seconds
40.991: [GC [PSYoungGen: 7644K->928K(7680K)] 11635K->5046K(24576K), 0.0004080 secs] [Times: user=0.00 sys=0.00, real=0.00 secs] 
40.992: Total time for which application threads were stopped: 0.0005090 seconds, Stopping threads took: 0.0000480 seconds
41.022: Application time: 0.0297880 seconds
41.022: [GC [PSYoungGen: 7580K->864K(7680K)] 11699K->4982K(24576K), 0.0004080 secs] [Times: user=0.00 sys=0.00, real=0.00 secs] 
41.022: Total time for which application threads were stopped: 0.0004970 seconds, Stopping threads took: 0.0000370 seconds
41.050: Application time: 0.0283120 seconds
41.050: [GC [PSYoungGen: 7516K->992K(7680K)] 11635K->5110K(24576K), 0.0003690 secs] [Times: user=0.00 sys=0.00, real=0.00 secs] 
41.051: Total time for which application threads were stopped: 0.0004680 seconds, Stopping threads took: 0.0000450 seconds
41.076: Application time: 0.0253480 seconds
41.076: [GC [PSYoungGen: 7573K->896K(7680K)] 11692K->5014K(24576K), 0.0003960 secs] [Times: user=0.00 sys=0.00, real=0.00 secs] 
41.077: Total time for which application threads were stopped: 0.0005040 seconds, Stopping threads took: 0.0000530 seconds
41.105: Application time: 0.0287380 seconds
41.105: [GC [PSYoungGen: 7549K->992K(7680K)] 11668K->5119K(24576K), 0.0004100 secs] [Times: user=0.00 sys=0.00, real=0.00 secs] 
41.106: Total time for which application threads were stopped: 0.0005050 seconds, Stopping threads took: 0.0000450 seconds
41.136: Application time: 0.0303890 seconds
41.136: [GC [PSYoungGen: 7644K->992K(7680K)] 11771K->5127K(24576K), 0.0003820 secs] [Times: user=0.00 sys=0.00, real=0.00 secs] 
41.137: Total time for which application threads were stopped: 0.0004640 seconds, Stopping threads took: 0.0000320 seconds
41.166: Application time: 0.0296530 seconds
41.167: [GC [PSYoungGen: 7646K->928K(7680K)] 11781K->5131K(24576K), 0.0004270 secs] [Times: user=0.00 sys=0.00, real=0.01 secs] 
41.167: Total time for which application threads were stopped: 0.0005350 seconds, Stopping threads took: 0.0000520 seconds
41.197: Application time: 0.0295520 seconds
41.197: [GC [PSYoungGen: 7582K->896K(7680K)] 11786K->5099K(24576K), 0.0003720 secs] [Times: user=0.00 sys=0.00, real=0.00 secs] 
41.197: Total time for which application threads were stopped: 0.0004720 seconds, Stopping threads took: 0.0000470 seconds
41.227: Application time: 0.0299000 seconds
41.227: [GC [PSYoungGen: 7550K->960K(7680K)] 11754K->5163K(24576K), 0.0004160 secs] [Times: user=0.00 sys=0.00, real=0.00 secs] 
41.227: Total time for which application threads were stopped: 0.0005170 seconds, Stopping threads took: 0.0000510 seconds
41.257: Application time: 0.0298010 seconds
41.257: [GC [PSYoungGen: 7612K->896K(7680K)] 11815K->5099K(24576K), 0.0004110 secs] [Times: user=0.00 sys=0.00, real=0.00 secs] 
41.258: Total time for which application threads were stopped: 0.0005200 seconds, Stopping threads took: 0.0000560 seconds
41.287: Application time: 0.0295660 seconds
41.287: [GC [PSYoungGen: 7550K->896K(7680K)] 11754K->5099K(24576K), 0.0004920 secs] [Times: user=0.01 sys=0.00, real=0.00 secs] 
41.288: Total time for which application threads were stopped: 0.0005860 seconds, Stopping threads took: 0.0000430 seconds
41.317: Application time: 0.0294820 seconds
41.317: [GC [PSYoungGen: 7550K->896K(7680K)] 11754K->5179K(24576K), 0.0003690 secs] [Times: user=0.00 sys=0.00, real=0.00 secs] 
41.318: Total time for which application threads were stopped: 0.0004680 seconds, Stopping threads took: 0.0000500 seconds
41.348: Application time: 0.0303910 seconds
41.348: [GC [PSYoungGen: 7548K->864K(7680K)] 11831K->5147K(24576K), 0.0003480 secs] [Times: user=0.00 sys=0.00, real=0.00 secs] 
41.349: Total time for which application threads were stopped: 0.0004470 seconds, Stopping threads took: 0.0000480 seconds
41.378: Application time: 0.0296240 seconds
41.378: [GC [PSYoungGen: 7518K->864K(7680K)] 11802K->5147K(24576K), 0.0003910 secs] [Times: user=0.00 sys=0.00, real=0.01 secs] 
41.379: Total time for which application threads were stopped: 0.0005000 seconds, Stopping threads took: 0.0000490 seconds
41.408: Application time: 0.0295630 seconds
41.408: [GC [PSYoungGen: 7518K->704K(7680K)] 11802K->5192K(24576K), 0.0004230 secs] [Times: user=0.00 sys=0.00, real=0.00 secs] 
41.409: Total time for which application threads were stopped: 0.0005240 seconds, Stopping threads took: 0.0000500 seconds
41.439: Application time: 0.0296520 seconds
41.439: [GC [PSYoungGen: 7358K->800K(7680K)] 11846K->5288K(24576K), 0.0003560 secs] [Times: user=0.00 sys=0.00, real=0.01 secs] 
41.439: Total time for which application threads were stopped: 0.0004570 seconds, Stopping threads took: 0.0000500 seconds
41.469: Application time: 0.0294890 seconds
41.469: [GC [PSYoungGen: 7454K->768K(7680K)] 11942K->5256K(24576K), 0.0003890 secs] [Times: user=0.00 sys=0.00, real=0.00 secs] 
41.469: Total time for which application threads were stopped: 0.0004850 seconds, Stopping threads took: 0.0000450 seconds
41.499: Application time: 0.0296130 seconds
41.499: [GC [PSYoungGen: 7422K->672K(7680K)] 11910K->5160K(24576K), 0.0003650 secs] [Times: user=0.00 sys=0.00, real=0.01 secs] 
41.499: Total time for which application threads were stopped: 0.0004690 seconds, Stopping threads took: 0.0000520 seconds
41.529: Application time: 0.0294430 seconds
41.529: [GC [PSYoungGen: 7326K->128K(7680K)] 11814K->5093K(24576K), 0.0004080 secs] [Times: user=0.00 sys=0.00, real=0.00 secs] 
41.529: Total time for which application threads were stopped: 0.0005060 seconds, Stopping threads took: 0.0000480 seconds
41.559: Application time: 0.0297550 seconds
41.559: [GC [PSYoungGen: 6782K->0K(7680K)] 11748K->5093K(24576K), 0.0003020 secs] [Times: user=0.00 sys=0.00, real=0.00 secs] 
41.559: Total time for which application threads were stopped: 0.0004140 seconds, Stopping threads took: 0.0000590 seconds
41.589: Application time: 0.0296370 seconds
41.589: [GC [PSYoungGen: 6654K->0K(7680K)] 11748K->5093K(24576K), 0.0002860 secs] [Times: user=0.00 sys=0.00, real=0.00 secs] 
41.589: Total time for which application threads were stopped: 0.0003840 seconds, Stopping threads took: 0.0000480 seconds
41.619: Application time: 0.0299090 seconds
41.619: [GC [PSYoungGen: 6654K->0K(7680K)] 11748K->5093K(24576K), 0.0003160 secs] [Times: user=0.00 sys=0.00, real=0.00 secs] 
41.620: Total time for which application threads were stopped: 0.0004340 seconds, Stopping threads took: 0.0000600 seconds
41.650: Application time: 0.0302190 seconds
41.650: [GC [PSYoungGen: 6652K->0K(7680K)] 11745K->5093K(24576K), 0.0002970 secs] [Times: user=0.00 sys=0.00, real=0.00 secs] 
41.650: Total time for which application threads were stopped: 0.0004070 seconds, Stopping threads took: 0.0000580 seconds
41.680: Application time: 0.0296600 seconds
41.680: [GC [PSYoungGen: 6654K->0K(7680K)] 11748K->5093K(24576K), 0.0002910 secs] [Times: user=0.00 sys=0.00, real=0.00 secs] 
41.680: Total time for which application threads were stopped: 0.0003940 seconds, Stopping threads took: 0.0000540 seconds
41.710: Application time: 0.0296580 seconds
41.710: [GC [PSYoungGen: 6654K->0K(7680K)] 11748K->5093K(24576K), 0.0003380 secs] [Times: user=0.00 sys=0.00, real=0.00 secs] 
41.710: Total time for which application threads were stopped: 0.0004320 seconds, Stopping threads took: 0.0000450 seconds
41.740: Application time: 0.0295630 seconds
41.740: [GC [PSYoungGen: 6654K->0K(7680K)] 11748K->5093K(24576K), 0.0003040 secs] [Times: user=0.00 sys=0.00, real=0.00 secs] 
41.740: Total time for which application threads were stopped: 0.0003980 seconds, Stopping threads took: 0.0000450 seconds
41.770: Application time: 0.0295180 seconds
41.770: [GC [PSYoungGen: 6654K->0K(7680K)] 11748K->5093K(24576K), 0.0002810 secs] [Times: user=0.00 sys=0.00, real=0.00 secs] 
41.770: Total time for which application threads were stopped: 0.0003730 seconds, Stopping threads took: 0.0000430 seconds
41.800: Application time: 0.0295090 seconds
41.800: [GC [PSYoungGen: 6654K->0K(7680K)] 11748K->5093K(24576K), 0.0002970 secs] [Times: user=0.01 sys=0.00, real=0.00 secs] 
41.800: Total time for which application threads were stopped: 0.0003800 seconds, Stopping threads took: 0.0000350 seconds
41.825: Application time: 0.0251450 seconds
41.825: [GC [PSYoungGen: 6654K->352K(7680K)] 11747K->5445K(24576K), 0.0003170 secs] [Times: user=0.00 sys=0.00, real=0.00 secs] 
41.826: Total time for which application threads were stopped: 0.0004210 seconds, Stopping threads took: 0.0000540 seconds
41.843: Application time: 0.0178020 seconds
41.844: [GC [PSYoungGen: 7005K->544K(7680K)] 12098K->5637K(24576K), 0.0003350 secs] [Times: user=0.00 sys=0.00, real=0.00 secs] 
41.844: Total time for which application threads were stopped: 0.0004240 seconds, Stopping threads took: 0.0000390 seconds
41.860: Application time: 0.0161940 seconds
41.860: [GC [PSYoungGen: 7196K->512K(7680K)] 12290K->5605K(24576K), 0.0003470 secs] [Times: user=0.00 sys=0.00, real=0.00 secs] 
41.861: Total time for which application threads were stopped: 0.0004390 seconds, Stopping threads took: 0.0000430 seconds
41.881: Application time: 0.0208730 seconds
41.881: [GC [PSYoungGen: 7166K->544K(7680K)] 12259K->5637K(24576K), 0.0003600 secs] [Times: user=0.00 sys=0.00, real=0.00 secs] 
41.882: Total time for which application threads were stopped: 0.0004710 seconds, Stopping threads took: 0.0000490 seconds
41.909: Application time: 0.0275210 seconds
41.909: [GC [PSYoungGen: 7196K->544K(7680K)] 12289K->5637K(24576K), 0.0003460 secs] [Times: user=0.00 sys=0.00, real=0.00 secs] 
41.910: Total time for which application threads were stopped: 0.0004470 seconds, Stopping threads took: 0.0000470 seconds
41.938: Application time: 0.0280690 seconds
41.938: [GC [PSYoungGen: 7198K->512K(7680K)] 12291K->5605K(24576K), 0.0003890 secs] [Times: user=0.00 sys=0.00, real=0.00 secs] 
41.938: Total time for which application threads were stopped: 0.0004880 seconds, Stopping threads took: 0.0000510 seconds
41.967: Application time: 0.0282400 seconds
41.967: [GC [PSYoungGen: 7164K->640K(7680K)] 12257K->5733K(24576K), 0.0003580 secs] [Times: user=0.00 sys=0.00, real=0.01 secs] 
41.967: Total time for which application threads were stopped: 0.0004600 seconds, Stopping threads took: 0.0000510 seconds
41.996: Application time: 0.0293060 seconds
41.997: [GC [PSYoungGen: 7294K->608K(7680K)] 12388K->5701K(24576K), 0.0004210 secs] [Times: user=0.00 sys=0.00, real=0.00 secs] 
41.997: Total time for which application threads were stopped: 0.0005270 seconds, Stopping threads took: 0.0000540 seconds
42.023: Application time: 0.0255570 seconds
42.023: [GC [PSYoungGen: 7260K->704K(7680K)] 12353K->5797K(24576K), 0.0004000 secs] [Times: user=0.00 sys=0.00, real=0.00 secs] 
42.023: Total time for which application threads were stopped: 0.0004830 seconds, Stopping threads took: 0.0000320 seconds
42.045: Application time: 0.0217640 seconds
42.045: [GC [PSYoungGen: 7355K->768K(7680K)] 12449K->5861K(24576K), 0.0003620 secs] [Times: user=0.00 sys=0.00, real=0.00 secs] 
42.045: Total time for which application threads were stopped: 0.0004760 seconds, Stopping threads took: 0.0000610 seconds
42.067: Application time: 0.0215680 seconds
42.067: [GC [PSYoungGen: 7421K->736K(7680K)] 12515K->5829K(24576K), 0.0003530 secs] [Times: user=0.00 sys=0.00, real=0.00 secs] 
42.067: Total time for which application threads were stopped: 0.0004590 seconds, Stopping threads took: 0.0000530 seconds
42.096: Application time: 0.0290830 seconds
42.096: [GC [PSYoungGen: 7390K->704K(7680K)] 12483K->5797K(24576K), 0.0003450 secs] [Times: user=0.00 sys=0.00, real=0.00 secs] 
42.097: Total time for which application threads were stopped: 0.0004340 seconds, Stopping threads took: 0.0000370 seconds
42.126: Application time: 0.0289410 seconds
42.126: [GC [PSYoungGen: 7356K->736K(7680K)] 12449K->5829K(24576K), 0.0003550 secs] [Times: user=0.00 sys=0.00, real=0.00 secs] 
42.126: Total time for which application threads were stopped: 0.0004580 seconds, Stopping threads took: 0.0000510 seconds
42.146: Application time: 0.0201890 seconds
42.146: [GC [PSYoungGen: 7391K->960K(7680K)] 12485K->6053K(24576K), 0.0004100 secs] [Times: user=0.00 sys=0.00, real=0.01 secs] 
42.147: Total time for which application threads were stopped: 0.0005080 seconds, Stopping threads took: 0.0000440 seconds
42.168: Application time: 0.0214000 seconds
42.168: [GC [PSYoungGen: 7613K->880K(7680K)] 12707K->5973K(24576K), 0.0003960 secs] [Times: user=0.00 sys=0.00, real=0.00 secs] 
42.169: Total time for which application threads were stopped: 0.0004840 seconds, Stopping threads took: 0.0000360 seconds
42.194: Application time: 0.0253810 seconds
42.194: [GC [PSYoungGen: 7534K->992K(7680K)] 12628K->6213K(24576K), 0.0004240 secs] [Times: user=0.01 sys=0.00, real=0.00 secs] 
42.195: Total time for which application threads were stopped: 0.0005290 seconds, Stopping threads took: 0.0000520 seconds
42.223: Application time: 0.0287640 seconds
42.224: [GC [PSYoungGen: 7644K->832K(7680K)] 12865K->6053K(24576K), 0.0004140 secs] [Times: user=0.00 sys=0.00, real=0.00 secs] 
42.224: Total time for which application threads were stopped: 0.0005050 seconds, Stopping threads took: 0.0000380 seconds
42.247: Application time: 0.0228350 seconds
42.247: [GC [PSYoungGen: 7485K->992K(7680K)] 12707K->6221K(24576K), 0.0004560 secs] [Times: user=0.00 sys=0.00, real=0.00 secs] 
42.247: Total time for which application threads were stopped: 0.0005560 seconds, Stopping threads took: 0.0000470 seconds
42.266: Application time: 0.0187560 seconds
42.266: [GC [PSYoungGen: 7646K->1008K(7680K)] 12875K->6245K(24576K), 0.0004790 secs] [Times: user=0.00 sys=0.00, real=0.00 secs] 
42.267: Total time for which application threads were stopped: 0.0005920 seconds, Stopping threads took: 0.0000580 seconds
42.287: Application time: 0.0206240 seconds
42.287: [GC [PSYoungGen: 7662K->992K(7680K)] 12900K->6357K(24576K), 0.0004800 secs] [Times: user=0.00 sys=0.00, real=0.00 secs] 
42.288: Total time for which application threads were stopped: 0.0005850 seconds, Stopping threads took: 0.0000510 seconds
42.316: Application time: 0.0285320 seconds
42.317: [GC [PSYoungGen: 7644K->960K(7680K)] 13009K->6325K(24576K), 0.0004420 secs] [Times: user=0.01 sys=0.00, real=0.00 secs] 
42.317: Total time for which application threads were stopped: 0.0005580 seconds, Stopping threads took: 0.0000600 seconds
42.346: Application time: 0.0288160 seconds
42.346: [GC [PSYoungGen: 7612K->976K(7680K)] 12977K->6341K(24576K), 0.0003930 secs] [Times: user=0.00 sys=0.00, real=0.00 secs] 
42.346: Total time for which application threads were stopped: 0.0004940 seconds, Stopping threads took: 0.0000490 seconds
42.370: Application time: 0.0237560 seconds
42.370: [GC [PSYoungGen: 7629K->992K(7680K)] 12995K->6657K(24576K), 0.0005170 secs] [Times: user=0.00 sys=0.00, real=0.00 secs] 
42.371: Total time for which application threads were stopped: 0.0006160 seconds, Stopping threads took: 0.0000450 seconds
42.384: Application time: 0.0134250 seconds
42.384: [GC [PSYoungGen: 7644K->1008K(7680K)] 13309K->7026K(24576K), 0.0005620 secs] [Times: user=0.00 sys=0.00, real=0.00 secs] 
42.385: Total time for which application threads were stopped: 0.0006610 seconds, Stopping threads took: 0.0000360 seconds
42.399: Application time: 0.0140820 seconds
42.403: [GC [PSYoungGen: 7660K->1008K(7680K)] 13678K->7034K(24576K), 0.0005320 secs] [Times: user=0.00 sys=0.00, real=0.00 secs] 
42.404: Total time for which application threads were stopped: 0.0046450 seconds, Stopping threads took: 0.0040590 seconds
42.418: Application time: 0.0140260 seconds
42.418: [GC [PSYoungGen: 7662K->992K(7680K)] 13688K->7034K(24576K), 0.0005640 secs] [Times: user=0.00 sys=0.00, real=0.00 secs] 
42.418: Total time for which application threads were stopped: 0.0006800 seconds, Stopping threads took: 0.0000610 seconds
42.439: Application time: 0.0202850 seconds
42.439: [GC [PSYoungGen: 7646K->1008K(7680K)] 13689K->7058K(24576K), 0.0004280 secs] [Times: user=0.00 sys=0.00, real=0.01 secs] 
42.439: Total time for which application threads were stopped: 0.0005240 seconds, Stopping threads took: 0.0000430 seconds
42.465: Application time: 0.0262620 seconds
42.465: [GC [PSYoungGen: 7661K->992K(7680K)] 13712K->7218K(24576K), 0.0004840 secs] [Times: user=0.00 sys=0.00, real=0.00 secs] 
42.466: Total time for which application threads were stopped: 0.0005890 seconds, Stopping threads took: 0.0000510 seconds
42.492: Application time: 0.0263380 seconds
42.492: [GC [PSYoungGen: 7646K->1008K(7680K)] 13872K->7295K(24576K), 0.0004200 secs] [Times: user=0.00 sys=0.00, real=0.00 secs] 
42.493: Total time for which application threads were stopped: 0.0005300 seconds, Stopping threads took: 0.0000570 seconds
42.521: Application time: 0.0279200 seconds
42.521: [GC [PSYoungGen: 7661K->992K(7680K)] 13948K->7447K(24576K), 0.0004730 secs] [Times: user=0.00 sys=0.00, real=0.00 secs] 
42.521: Total time for which application threads were stopped: 0.0005770 seconds, Stopping threads took: 0.0000510 seconds
42.550: Application time: 0.0290970 seconds
42.550: [GC [PSYoungGen: 7646K->992K(7680K)] 14101K->7495K(24576K), 0.0004530 secs] [Times: user=0.00 sys=0.00, real=0.00 secs] 
42.551: Total time for which application threads were stopped: 0.0005580 seconds, Stopping threads took: 0.0000490 seconds
42.579: Application time: 0.0280060 seconds
42.579: [GC [PSYoungGen: 7645K->992K(7680K)] 14148K->7663K(24576K), 0.0004430 secs] [Times: user=0.00 sys=0.00, real=0.00 secs] 
42.579: Total time for which application threads were stopped: 0.0005360 seconds, Stopping threads took: 0.0000380 seconds
42.608: Application time: 0.0285430 seconds
42.608: [GC [PSYoungGen: 7644K->992K(7680K)] 14315K->7687K(24576K), 0.0004090 secs] [Times: user=0.00 sys=0.00, real=0.00 secs] 
42.609: Total time for which application threads were stopped: 0.0005100 seconds, Stopping threads took: 0.0000470 seconds
42.638: Application time: 0.0294460 seconds
42.638: [GC [PSYoungGen: 7644K->992K(7680K)] 14339K->7735K(24576K), 0.0004780 secs] [Times: user=0.00 sys=0.00, real=0.00 secs] 
42.639: Total time for which application threads were stopped: 0.0006200 seconds, Stopping threads took: 0.0000780 seconds
42.668: Application time: 0.0292890 seconds
42.668: [GC [PSYoungGen: 7646K->864K(7680K)] 14389K->7819K(24576K), 0.0004050 secs] [Times: user=0.01 sys=0.00, real=0.00 secs] 
42.668: Total time for which application threads were stopped: 0.0005110 seconds, Stopping threads took: 0.0000510 seconds
42.696: Application time: 0.0277180 seconds
42.696: [GC [PSYoungGen: 7515K->992K(7680K)] 14471K->7955K(24576K), 0.0004280 secs] [Times: user=0.00 sys=0.00, real=0.00 secs] 
42.697: Total time for which application threads were stopped: 0.0005460 seconds, Stopping threads took: 0.0000590 seconds
42.726: Application time: 0.0292410 seconds
42.726: [GC [PSYoungGen: 7646K->992K(7680K)] 14610K->7955K(24576K), 0.0004080 secs] [Times: user=0.00 sys=0.00, real=0.00 secs] 
42.726: Total time for which application threads were stopped: 0.0005230 seconds, Stopping threads took: 0.0000590 seconds
42.756: Application time: 0.0293320 seconds
42.756: [GC [PSYoungGen: 7646K->992K(7680K)] 14610K->7979K(24576K), 0.0004510 secs] [Times: user=0.00 sys=0.00, real=0.00 secs] 
42.756: Total time for which application threads were stopped: 0.0005440 seconds, Stopping threads took: 0.0000410 seconds
42.786: Application time: 0.0293030 seconds
42.786: [GC [PSYoungGen: 7646K->992K(7680K)] 14634K->8051K(24576K), 0.0003780 secs] [Times: user=0.00 sys=0.00, real=0.00 secs] 
42.786: Total time for which application threads were stopped: 0.0004930 seconds, Stopping threads took: 0.0000600 seconds
42.813: Application time: 0.0267090 seconds
42.813: [GC [PSYoungGen: 7647K->992K(7680K)] 14707K->8179K(24576K), 0.0004640 secs] [Times: user=0.01 sys=0.00, real=0.00 secs] 
42.813: Total time for which application threads were stopped: 0.0005660 seconds, Stopping threads took: 0.0000490 seconds
42.840: Application time: 0.0267460 seconds
42.840: [GC [PSYoungGen: 7647K->992K(7680K)] 14835K->8307K(24576K), 0.0004620 secs] [Times: user=0.00 sys=0.00, real=0.00 secs] 
42.841: Total time for which application threads were stopped: 0.0005810 seconds, Stopping threads took: 0.0000560 seconds
42.870: Application time: 0.0293640 seconds
42.870: [GC [PSYoungGen: 7646K->992K(7680K)] 14962K->8323K(24576K), 0.0003980 secs] [Times: user=0.01 sys=0.00, real=0.00 secs] 
42.871: Total time for which application threads were stopped: 0.0005010 seconds, Stopping threads took: 0.0000490 seconds
42.900: Application time: 0.0298360 seconds
42.900: [GC [PSYoungGen: 7646K->992K(7680K)] 14978K->8371K(24576K), 0.0004060 secs] [Times: user=0.00 sys=0.00, real=0.00 secs] 
42.901: Total time for which application threads were stopped: 0.0005190 seconds, Stopping threads took: 0.0000500 seconds
42.931: Application time: 0.0295820 seconds
42.931: [GC [PSYoungGen: 7646K->928K(7680K)] 15026K->8315K(24576K), 0.0004380 secs] [Times: user=0.00 sys=0.00, real=0.00 secs] 
42.931: Total time for which application threads were stopped: 0.0005380 seconds, Stopping threads took: 0.0000470 seconds
42.961: Application time: 0.0295210 seconds
42.961: [GC [PSYoungGen: 7582K->960K(7680K)] 14970K->8347K(24576K), 0.0003700 secs] [Times: user=0.00 sys=0.00, real=0.00 secs] 
42.961: Total time for which application threads were stopped: 0.0004670 seconds, Stopping threads took: 0.0000450 seconds
42.991: Application time: 0.0296730 seconds
42.991: [GC [PSYoungGen: 7614K->928K(7680K)] 15002K->8315K(24576K), 0.0003940 secs] [Times: user=0.00 sys=0.00, real=0.00 secs] 
42.991: Total time for which application threads were stopped: 0.0005000 seconds, Stopping threads took: 0.0000520 seconds
43.021: Application time: 0.0295760 seconds
43.021: [GC [PSYoungGen: 7582K->960K(7680K)] 14970K->8347K(24576K), 0.0003710 secs] [Times: user=0.00 sys=0.00, real=0.00 secs] 
43.021: Total time for which application threads were stopped: 0.0004750 seconds, Stopping threads took: 0.0000530 seconds
43.051: Application time: 0.0297720 seconds
43.051: [GC [PSYoungGen: 7614K->896K(7680K)] 15002K->8360K(24576K), 0.0003930 secs] [Times: user=0.01 sys=0.00, real=0.00 secs] 
43.052: Total time for which application threads were stopped: 0.0004930 seconds, Stopping threads took: 0.0000460 seconds
43.082: Application time: 0.0299710 seconds
43.082: [GC [PSYoungGen: 7550K->896K(7680K)] 15015K->8360K(24576K), 0.0003640 secs] [Times: user=0.00 sys=0.00, real=0.00 secs] 
43.082: Total time for which application threads were stopped: 0.0004730 seconds, Stopping threads took: 0.0000530 seconds
43.112: Application time: 0.0296210 seconds
43.112: [GC [PSYoungGen: 7550K->864K(7680K)] 15015K->8328K(24576K), 0.0003730 secs] [Times: user=0.01 sys=0.00, real=0.00 secs] 
43.112: Total time for which application threads were stopped: 0.0004650 seconds, Stopping threads took: 0.0000400 seconds
43.142: Application time: 0.0295670 seconds
43.143: [GC [PSYoungGen: 7518K->704K(7680K)] 14983K->8388K(24576K), 0.0003890 secs] [Times: user=0.00 sys=0.00, real=0.00 secs] 
43.143: Total time for which application threads were stopped: 0.0015780 seconds, Stopping threads took: 0.0011370 seconds
43.173: Application time: 0.0299880 seconds
43.173: [GC [PSYoungGen: 7358K->704K(7680K)] 15043K->8388K(24576K), 0.0003570 secs] [Times: user=0.00 sys=0.00, real=0.00 secs] 
43.174: Total time for which application threads were stopped: 0.0004550 seconds, Stopping threads took: 0.0000490 seconds
43.203: Application time: 0.0296950 seconds
43.203: [GC [PSYoungGen: 7356K->768K(7680K)] 15041K->8452K(24576K), 0.0003480 secs] [Times: user=0.00 sys=0.00, real=0.00 secs] 
43.204: Total time for which application threads were stopped: 0.0004510 seconds, Stopping threads took: 0.0000530 seconds
43.234: Application time: 0.0297370 seconds
43.234: [GC [PSYoungGen: 7422K->704K(7680K)] 15107K->8388K(24576K), 0.0003490 secs] [Times: user=0.00 sys=0.00, real=0.00 secs] 
43.234: Total time for which application threads were stopped: 0.0004510 seconds, Stopping threads took: 0.0000520 seconds
43.264: Application time: 0.0295390 seconds
43.264: [GC [PSYoungGen: 7358K->512K(7680K)] 15043K->8401K(24576K), 0.0004260 secs] [Times: user=0.00 sys=0.00, real=0.00 secs] 
43.264: Total time for which application threads were stopped: 0.0005390 seconds, Stopping threads took: 0.0000550 seconds
43.294: Application time: 0.0294940 seconds
43.294: [GC [PSYoungGen: 7166K->0K(7680K)] 15056K->8306K(24576K), 0.0003470 secs] [Times: user=0.00 sys=0.00, real=0.00 secs] 
43.294: Total time for which application threads were stopped: 0.0004410 seconds, Stopping threads took: 0.0000420 seconds
43.324: Application time: 0.0296040 seconds
43.324: [GC [PSYoungGen: 6654K->0K(7680K)] 14961K->8306K(24576K), 0.0003260 secs] [Times: user=0.00 sys=0.00, real=0.00 secs] 
43.324: Total time for which application threads were stopped: 0.0004320 seconds, Stopping threads took: 0.0000570 seconds
43.354: Application time: 0.0295240 seconds
43.354: [GC [PSYoungGen: 6654K->0K(7680K)] 14961K->8306K(24576K), 0.0003690 secs] [Times: user=0.00 sys=0.00, real=0.00 secs] 
43.354: Total time for which application threads were stopped: 0.0004660 seconds, Stopping threads took: 0.0000490 seconds
43.384: Application time: 0.0294630 seconds
43.384: [GC [PSYoungGen: 6654K->0K(7680K)] 14961K->8306K(24576K), 0.0003670 secs] [Times: user=0.00 sys=0.00, real=0.00 secs] 
43.384: Total time for which application threads were stopped: 0.0004620 seconds, Stopping threads took: 0.0000470 seconds
43.414: Application time: 0.0296240 seconds
43.414: [GC [PSYoungGen: 6652K->0K(7680K)] 14958K->8306K(24576K), 0.0003480 secs] [Times: user=0.00 sys=0.00, real=0.00 secs] 
43.414: Total time for which application threads were stopped: 0.0004490 seconds, Stopping threads took: 0.0000440 seconds
43.444: Application time: 0.0295170 seconds
43.444: [GC [PSYoungGen: 6654K->0K(7680K)] 14961K->8306K(24576K), 0.0002930 secs] [Times: user=0.00 sys=0.00, real=0.00 secs] 
43.444: Total time for which application threads were stopped: 0.0003840 seconds, Stopping threads took: 0.0000410 seconds
43.473: Application time: 0.0293710 seconds
43.473: [GC [PSYoungGen: 6654K->0K(7680K)] 14961K->8306K(24576K), 0.0003310 secs] [Times: user=0.00 sys=0.00, real=0.00 secs] 
43.474: Total time for which application threads were stopped: 0.0004170 seconds, Stopping threads took: 0.0000380 seconds
43.503: Application time: 0.0293870 seconds
43.507: [GC [PSYoungGen: 6654K->0K(7680K)] 14961K->8306K(24576K), 0.0003110 secs] [Times: user=0.00 sys=0.00, real=0.00 secs] 
43.507: Total time for which application threads were stopped: 0.0039890 seconds, Stopping threads took: 0.0036310 seconds
43.536: Application time: 0.0293030 seconds
43.537: [GC [PSYoungGen: 6654K->0K(7680K)] 14961K->8306K(24576K), 0.0002940 secs] [Times: user=0.00 sys=0.00, real=0.00 secs] 
43.537: Total time for which application threads were stopped: 0.0003970 seconds, Stopping threads took: 0.0000540 seconds
43.557: Application time: 0.0206560 seconds
43.558: [GC [PSYoungGen: 6652K->384K(7680K)] 14959K->8690K(24576K), 0.0003480 secs] [Times: user=0.00 sys=0.00, real=0.00 secs] 
43.558: Total time for which application threads were stopped: 0.0004340 seconds, Stopping threads took: 0.0000390 seconds
43.574: Application time: 0.0162050 seconds
43.574: [GC [PSYoungGen: 7036K->480K(7680K)] 15343K->8786K(24576K), 0.0004300 secs] [Times: user=0.00 sys=0.00, real=0.00 secs] 
43.575: Total time for which application threads were stopped: 0.0005230 seconds, Stopping threads took: 0.0000420 seconds
43.593: Application time: 0.0178480 seconds
43.593: [GC [PSYoungGen: 7134K->480K(7680K)] 15441K->8786K(24576K), 0.0004060 secs] [Times: user=0.00 sys=0.00, real=0.00 secs] 
43.593: Total time for which application threads were stopped: 0.0004960 seconds, Stopping threads took: 0.0000400 seconds
43.616: Application time: 0.0231380 seconds
43.617: [GC [PSYoungGen: 7131K->544K(7680K)] 15438K->8850K(24576K), 0.0004360 secs] [Times: user=0.00 sys=0.00, real=0.00 secs] 
43.618: Total time for which application threads were stopped: 0.0014000 seconds, Stopping threads took: 0.0009010 seconds
43.646: Application time: 0.0285640 seconds
43.646: [GC [PSYoungGen: 7198K->512K(7680K)] 15504K->8818K(24576K), 0.0003730 secs] [Times: user=0.00 sys=0.00, real=0.00 secs] 
43.647: Total time for which application threads were stopped: 0.0004810 seconds, Stopping threads took: 0.0000460 seconds
43.674: Application time: 0.0270440 seconds
43.674: [GC [PSYoungGen: 7166K->672K(7680K)] 15472K->8978K(24576K), 0.0003700 secs] [Times: user=0.00 sys=0.00, real=0.00 secs] 
43.674: Total time for which application threads were stopped: 0.0004690 seconds, Stopping threads took: 0.0000450 seconds
43.703: Application time: 0.0292430 seconds
43.703: [GC [PSYoungGen: 7326K->512K(7680K)] 15633K->8818K(24576K), 0.0003580 secs] [Times: user=0.00 sys=0.00, real=0.00 secs] 
43.704: Total time for which application threads were stopped: 0.0004540 seconds, Stopping threads took: 0.0000460 seconds
43.733: Application time: 0.0291860 seconds
43.733: [GC [PSYoungGen: 7166K->416K(7680K)] 15473K->8722K(24576K), 0.0003910 secs] [Times: user=0.00 sys=0.00, real=0.00 secs] 
43.733: Total time for which application threads were stopped: 0.0004970 seconds, Stopping threads took: 0.0000550 seconds
43.756: Application time: 0.0222790 seconds
43.756: [GC [PSYoungGen: 7068K->736K(7680K)] 15374K->9042K(24576K), 0.0004170 secs] [Times: user=0.00 sys=0.00, real=0.00 secs] 
43.756: Total time for which application threads were stopped: 0.0005090 seconds, Stopping threads took: 0.0000430 seconds
43.778: Application time: 0.0213010 seconds
43.778: [GC [PSYoungGen: 7389K->704K(7680K)] 15695K->9010K(24576K), 0.0003760 secs] [Times: user=0.00 sys=0.00, real=0.00 secs] 
43.778: Total time for which application threads were stopped: 0.0004660 seconds, Stopping threads took: 0.0000400 seconds
43.802: Application time: 0.0243780 seconds
43.803: [GC [PSYoungGen: 7358K->832K(7680K)] 15664K->9138K(24576K), 0.0003760 secs] [Times: user=0.01 sys=0.00, real=0.00 secs] 
43.803: Total time for which application threads were stopped: 0.0004750 seconds, Stopping threads took: 0.0000430 seconds
43.832: Application time: 0.0289950 seconds
43.832: [GC [PSYoungGen: 7484K->704K(7680K)] 15790K->9010K(24576K), 0.0003570 secs] [Times: user=0.01 sys=0.00, real=0.00 secs] 
43.832: Total time for which application threads were stopped: 0.0004720 seconds, Stopping threads took: 0.0000620 seconds
43.860: Application time: 0.0277010 seconds
43.860: [GC [PSYoungGen: 7356K->736K(7680K)] 15662K->9042K(24576K), 0.0003750 secs] [Times: user=0.00 sys=0.00, real=0.00 secs] 
43.861: Total time for which application threads were stopped: 0.0004710 seconds, Stopping threads took: 0.0000440 seconds
43.883: Application time: 0.0221500 seconds
43.883: [GC [PSYoungGen: 7390K->960K(7680K)] 15697K->9394K(24576K), 0.0004260 secs] [Times: user=0.00 sys=0.00, real=0.00 secs] 
43.883: Total time for which application threads were stopped: 0.0005200 seconds, Stopping threads took: 0.0000420 seconds
43.904: Application time: 0.0212090 seconds
43.905: [GC [PSYoungGen: 7615K->832K(7680K)] 16050K->9266K(24576K), 0.0003650 secs] [Times: user=0.00 sys=0.00, real=0.00 secs] 
43.905: Total time for which application threads were stopped: 0.0004640 seconds, Stopping threads took: 0.0000480 seconds
43.929: Application time: 0.0245700 seconds
43.930: [GC [PSYoungGen: 7486K->992K(7680K)] 15920K->9426K(24576K), 0.0004200 secs] [Times: user=0.01 sys=0.00, real=0.00 secs] 
43.930: Total time for which application threads were stopped: 0.0005330 seconds, Stopping threads took: 0.0000500 seconds
43.959: Application time: 0.0287490 seconds
43.959: [GC [PSYoungGen: 7644K->832K(7680K)] 16078K->9266K(24576K), 0.0004020 secs] [Times: user=0.00 sys=0.00, real=0.00 secs] 
43.959: Total time for which application threads were stopped: 0.0004960 seconds, Stopping threads took: 0.0000440 seconds
43.980: Application time: 0.0207980 seconds
43.980: [GC [PSYoungGen: 7469K->992K(7680K)] 15903K->9434K(24576K), 0.0004380 secs] [Times: user=0.00 sys=0.00, real=0.00 secs] 
43.981: Total time for which application threads were stopped: 0.0005410 seconds, Stopping threads took: 0.0000490 seconds
44.001: Application time: 0.0206480 seconds
44.001: [GC [PSYoungGen: 7645K->928K(7680K)] 16087K->9626K(24576K), 0.0005010 secs] [Times: user=0.00 sys=0.00, real=0.00 secs] 
44.002: Total time for which application threads were stopped: 0.0006100 seconds, Stopping threads took: 0.0000560 seconds
44.023: Application time: 0.0208680 seconds
44.023: [GC [PSYoungGen: 7579K->992K(7680K)] 16278K->9795K(24576K), 0.0005210 secs] [Times: user=0.00 sys=0.00, real=0.00 secs] 
44.023: Total time for which application threads were stopped: 0.0006320 seconds, Stopping threads took: 0.0000530 seconds
44.052: Application time: 0.0287770 seconds
44.052: [GC [PSYoungGen: 7644K->992K(7680K)] 16447K->9803K(24576K), 0.0004270 secs] [Times: user=0.00 sys=0.00, real=0.00 secs] 
44.053: Total time for which application threads were stopped: 0.0005350 seconds, Stopping threads took: 0.0000540 seconds
44.081: Application time: 0.0280460 seconds
44.083: [GC [PSYoungGen: 7581K->928K(7680K)] 16392K->9739K(24576K), 0.0004410 secs] [Times: user=0.00 sys=0.00, real=0.00 secs] 
44.083: Total time for which application threads were stopped: 0.0025840 seconds, Stopping threads took: 0.0020910 seconds
44.108: Application time: 0.0251250 seconds
44.108: [GC [PSYoungGen: 7581K->1008K(7680K)] 16392K->9963K(24576K), 0.0004500 secs] [Times: user=0.00 sys=0.00, real=0.00 secs] 
44.109: Total time for which application threads were stopped: 0.0005330 seconds, Stopping threads took: 0.0000310 seconds
44.128: Application time: 0.0194280 seconds
44.128: [GC [PSYoungGen: 7663K->992K(7680K)] 16619K->10219K(24576K), 0.0005010 secs] [Times: user=0.00 sys=0.00, real=0.00 secs] 
44.129: Total time for which application threads were stopped: 0.0005930 seconds, Stopping threads took: 0.0000400 seconds
44.145: Application time: 0.0156720 seconds
44.145: [GC [PSYoungGen: 7647K->992K(7680K)] 16874K->10464K(24576K), 0.0004740 secs] [Times: user=0.00 sys=0.00, real=0.00 secs] 
44.145: Total time for which application threads were stopped: 0.0005810 seconds, Stopping threads took: 0.0000530 seconds
44.162: Application time: 0.0167090 seconds
44.162: [GC [PSYoungGen: 7647K->992K(7680K)] 17119K->10752K(24576K), 0.0004670 secs] [Times: user=0.01 sys=0.00, real=0.00 secs] 
44.163: Total time for which application threads were stopped: 0.0005690 seconds, Stopping threads took: 0.0000490 seconds
44.178: Application time: 0.0157540 seconds
44.178: [GC [PSYoungGen: 7647K->992K(7680K)] 17407K->11100K(24576K), 0.0005580 secs] [Times: user=0.00 sys=0.00, real=0.01 secs] 
44.179: Total time for which application threads were stopped: 0.0006690 seconds, Stopping threads took: 0.0000550 seconds
44.199: Application time: 0.0198480 seconds
44.199: [GC [PSYoungGen: 7617K->912K(7680K)] 17725K->11028K(24576K), 0.0005000 secs] [Times: user=0.01 sys=0.00, real=0.00 secs] 
44.199: Total time for which application threads were stopped: 0.0006030 seconds, Stopping threads took: 0.0000510 seconds
44.226: Application time: 0.0268660 seconds
44.226: [GC [PSYoungGen: 7567K->992K(7680K)] 17683K->11296K(24576K), 0.0004550 secs] [Times: user=0.00 sys=0.00, real=0.01 secs] 
44.227: Total time for which application threads were stopped: 0.0005590 seconds, Stopping threads took: 0.0000490 seconds
44.254: Application time: 0.0274960 seconds
44.254: [GC [PSYoungGen: 7644K->928K(7680K)] 17948K->11488K(24576K), 0.0004790 secs] [Times: user=0.00 sys=0.00, real=0.00 secs] 
44.255: Total time for which application threads were stopped: 0.0005970 seconds, Stopping threads took: 0.0000600 seconds
44.283: Application time: 0.0277390 seconds
44.283: [GC [PSYoungGen: 7580K->992K(7680K)] 18140K->11608K(24576K), 0.0004400 secs] [Times: user=0.00 sys=0.00, real=0.00 secs] 
44.283: Total time for which application threads were stopped: 0.0005440 seconds, Stopping threads took: 0.0000470 seconds
44.311: Application time: 0.0278280 seconds
44.311: [GC [PSYoungGen: 7644K->1008K(7680K)] 18260K->11796K(24576K), 0.0004760 secs] [Times: user=0.00 sys=0.00, real=0.00 secs] 
44.312: Total time for which application threads were stopped: 0.0005830 seconds, Stopping threads took: 0.0000510 seconds
44.340: Application time: 0.0280680 seconds
44.343: [GC [PSYoungGen: 7663K->928K(7680K)] 18452K->11924K(24576K), 0.0004880 secs] [Times: user=0.00 sys=0.00, real=0.00 secs] 
44.343: Total time for which application threads were stopped: 0.0036260 seconds, Stopping threads took: 0.0030850 seconds
44.373: Application time: 0.0293980 seconds
44.373: [GC [PSYoungGen: 7582K->928K(7680K)] 18579K->11924K(24576K), 0.0003970 secs] [Times: user=0.00 sys=0.00, real=0.00 secs] 
44.373: Total time for which application threads were stopped: 0.0005150 seconds, Stopping threads took: 0.0000670 seconds
44.402: Application time: 0.0288180 seconds
44.402: [GC [PSYoungGen: 7582K->912K(7680K)] 18579K->11932K(24576K), 0.0003940 secs] [Times: user=0.00 sys=0.00, real=0.00 secs] 
44.403: Total time for which application threads were stopped: 0.0005040 seconds, Stopping threads took: 0.0000550 seconds
44.430: Application time: 0.0274300 seconds
44.430: [GC [PSYoungGen: 7566K->992K(7680K)] 18586K->12060K(24576K), 0.0004470 secs] [Times: user=0.00 sys=0.00, real=0.00 secs] 
44.431: Total time for which application threads were stopped: 0.0005550 seconds, Stopping threads took: 0.0000520 seconds
44.460: Application time: 0.0289760 seconds
44.460: [GC [PSYoungGen: 7646K->1008K(7680K)] 18715K->12116K(24576K), 0.0004400 secs] [Times: user=0.01 sys=0.00, real=0.00 secs] 
44.460: Total time for which application threads were stopped: 0.0005470 seconds, Stopping threads took: 0.0000420 seconds
44.489: Application time: 0.0292560 seconds
44.489: [GC [PSYoungGen: 7662K->1008K(7680K)] 18771K->12140K(24576K), 0.0004240 secs] [Times: user=0.00 sys=0.00, real=0.00 secs] 
44.490: Total time for which application threads were stopped: 0.0005190 seconds, Stopping threads took: 0.0000440 seconds
44.519: Application time: 0.0291200 seconds
44.519: [GC [PSYoungGen: 7662K->992K(7680K)] 18795K->12156K(24576K), 0.0004100 secs] [Times: user=0.00 sys=0.00, real=0.00 secs] 
44.519: Total time for which application threads were stopped: 0.0005110 seconds, Stopping threads took: 0.0000490 seconds
44.547: Application time: 0.0276420 seconds
44.547: [GC [PSYoungGen: 7646K->992K(7680K)] 18810K->12364K(24576K), 0.0004840 secs] [Times: user=0.00 sys=0.00, real=0.00 secs] 
44.548: Total time for which application threads were stopped: 0.0005980 seconds, Stopping threads took: 0.0000560 seconds
44.575: Application time: 0.0276380 seconds
44.575: [GC [PSYoungGen: 7554K->992K(7680K)] 18926K->12412K(24576K), 0.0004770 secs] [Times: user=0.00 sys=0.00, real=0.00 secs] 
44.576: Total time for which application threads were stopped: 0.0005780 seconds, Stopping threads took: 0.0000480 seconds
44.603: Application time: 0.0273010 seconds
44.603: [GC [PSYoungGen: 7647K->992K(7680K)] 19068K->12724K(24576K), 0.0005000 secs] [Times: user=0.00 sys=0.00, real=0.00 secs] 
44.604: Total time for which application threads were stopped: 0.0006150 seconds, Stopping threads took: 0.0000590 seconds
44.633: Application time: 0.0295710 seconds
44.634: [GC [PSYoungGen: 7646K->992K(7680K)] 19379K->12761K(24576K), 0.0005340 secs] [Times: user=0.00 sys=0.00, real=0.00 secs] 
44.634: Total time for which application threads were stopped: 0.0006440 seconds, Stopping threads took: 0.0000480 seconds
44.663: Application time: 0.0293640 seconds
44.664: [GC [PSYoungGen: 7646K->992K(7680K)] 19416K->12769K(24576K), 0.0004170 secs] [Times: user=0.00 sys=0.00, real=0.00 secs] 
44.664: Total time for which application threads were stopped: 0.0005220 seconds, Stopping threads took: 0.0000520 seconds
44.694: Application time: 0.0296770 seconds
44.694: [GC [PSYoungGen: 7644K->992K(7680K)] 19421K->12801K(24576K), 0.0004770 secs] [Times: user=0.00 sys=0.00, real=0.00 secs] 
44.694: Total time for which application threads were stopped: 0.0005850 seconds, Stopping threads took: 0.0000530 seconds
44.724: Application time: 0.0299680 seconds
44.724: [GC [PSYoungGen: 7644K->896K(7680K)] 19453K->12897K(24576K), 0.0004320 secs] [Times: user=0.00 sys=0.00, real=0.00 secs] 
44.725: Total time for which application threads were stopped: 0.0005350 seconds, Stopping threads took: 0.0000480 seconds
44.754: Application time: 0.0296400 seconds
44.754: [GC [PSYoungGen: 7550K->928K(7680K)] 19552K->12937K(24576K), 0.0003920 secs] [Times: user=0.00 sys=0.00, real=0.00 secs] 
44.755: Total time for which application threads were stopped: 0.0004940 seconds, Stopping threads took: 0.0000490 seconds
44.785: Application time: 0.0304780 seconds
44.785: [GC [PSYoungGen: 7582K->736K(7680K)] 19592K->12813K(24576K), 0.0005360 secs] [Times: user=0.00 sys=0.00, real=0.00 secs] 
44.786: Total time for which application threads were stopped: 0.0006210 seconds, Stopping threads took: 0.0000350 seconds
44.815: Application time: 0.0294820 seconds
44.816: [GC [PSYoungGen: 7390K->768K(7680K)] 19468K->12845K(24576K), 0.0003710 secs] [Times: user=0.00 sys=0.00, real=0.00 secs] 
44.816: Total time for which application threads were stopped: 0.0004660 seconds, Stopping threads took: 0.0000430 seconds
44.846: Application time: 0.0297500 seconds
44.846: [GC [PSYoungGen: 7422K->832K(7680K)] 19500K->12909K(24576K), 0.0003860 secs] [Times: user=0.00 sys=0.00, real=0.00 secs] 
44.846: Total time for which application threads were stopped: 0.0004880 seconds, Stopping threads took: 0.0000510 seconds
44.876: Application time: 0.0297730 seconds
44.876: [GC [PSYoungGen: 7486K->576K(7680K)] 19564K->12874K(24576K), 0.0003750 secs] [Times: user=0.00 sys=0.00, real=0.00 secs] 
44.876: Total time for which application threads were stopped: 0.0004900 seconds, Stopping threads took: 0.0000600 seconds
44.906: Application time: 0.0295480 seconds
44.906: [GC [PSYoungGen: 7230K->512K(7680K)] 19529K->12810K(24576K), 0.0004350 secs] [Times: user=0.01 sys=0.00, real=0.00 secs] 
44.907: Total time for which application threads were stopped: 0.0005350 seconds, Stopping threads took: 0.0000480 seconds
44.936: Application time: 0.0295320 seconds
44.936: [GC [PSYoungGen: 7166K->544K(7680K)] 19465K->12842K(24576K), 0.0003880 secs] [Times: user=0.00 sys=0.00, real=0.00 secs] 
44.937: Total time for which application threads were stopped: 0.0004960 seconds, Stopping threads took: 0.0000570 seconds
44.966: Application time: 0.0295960 seconds
44.966: [GC [PSYoungGen: 7198K->512K(7680K)] 19497K->12810K(24576K), 0.0003810 secs] [Times: user=0.00 sys=0.00, real=0.00 secs] 
44.967: Total time for which application threads were stopped: 0.0004880 seconds, Stopping threads took: 0.0000490 seconds
44.997: Application time: 0.0299170 seconds
44.997: [GC [PSYoungGen: 7164K->544K(7680K)] 19462K->12935K(24576K), 0.0003520 secs] [Times: user=0.00 sys=0.00, real=0.00 secs] 
44.997: Total time for which application threads were stopped: 0.0004470 seconds, Stopping threads took: 0.0000430 seconds
45.027: Application time: 0.0295120 seconds
45.027: [GC [PSYoungGen: 7198K->448K(7680K)] 19589K->12935K(24576K), 0.0003900 secs] [Times: user=0.00 sys=0.00, real=0.01 secs] 
45.027: Total time for which application threads were stopped: 0.0004900 seconds, Stopping threads took: 0.0000490 seconds
45.057: Application time: 0.0297190 seconds
45.057: [GC [PSYoungGen: 7100K->0K(7680K)] 19587K->12843K(24576K), 0.0003410 secs] [Times: user=0.00 sys=0.00, real=0.00 secs] 
45.057: Total time for which application threads were stopped: 0.0004440 seconds, Stopping threads took: 0.0000520 seconds
45.087: Application time: 0.0294850 seconds
45.087: [GC [PSYoungGen: 6654K->0K(7680K)] 19498K->12843K(24576K), 0.0003160 secs] [Times: user=0.00 sys=0.00, real=0.00 secs] 
45.087: Total time for which application threads were stopped: 0.0004150 seconds, Stopping threads took: 0.0000460 seconds
45.117: Application time: 0.0295410 seconds
45.117: [GC [PSYoungGen: 6654K->0K(7680K)] 19498K->12843K(24576K), 0.0003050 secs] [Times: user=0.00 sys=0.00, real=0.00 secs] 
45.117: Total time for which application threads were stopped: 0.0004010 seconds, Stopping threads took: 0.0000490 seconds
45.147: Application time: 0.0300690 seconds
45.147: [GC [PSYoungGen: 6654K->0K(7680K)] 19498K->12843K(24576K), 0.0003060 secs] [Times: user=0.00 sys=0.00, real=0.00 secs] 
45.148: Total time for which application threads were stopped: 0.0004060 seconds, Stopping threads took: 0.0000410 seconds
45.177: Application time: 0.0295910 seconds
45.177: [GC [PSYoungGen: 6654K->0K(7680K)] 19498K->12843K(24576K), 0.0002960 secs] [Times: user=0.00 sys=0.00, real=0.00 secs] 
45.177: Total time for which application threads were stopped: 0.0003890 seconds, Stopping threads took: 0.0000460 seconds
45.207: Application time: 0.0295200 seconds
45.207: [GC [PSYoungGen: 6654K->0K(7680K)] 19498K->12843K(24576K), 0.0003010 secs] [Times: user=0.00 sys=0.00, real=0.00 secs] 
45.207: Total time for which application threads were stopped: 0.0003900 seconds, Stopping threads took: 0.0000400 seconds
45.237: Application time: 0.0292970 seconds
45.237: [GC [PSYoungGen: 6654K->0K(7680K)] 19498K->12843K(24576K), 0.0003500 secs] [Times: user=0.00 sys=0.00, real=0.00 secs] 
45.237: Total time for which application threads were stopped: 0.0004470 seconds, Stopping threads took: 0.0000470 seconds
45.266: Application time: 0.0293160 seconds
45.267: [GC [PSYoungGen: 6654K->0K(7680K)] 19498K->12843K(24576K), 0.0003490 secs] [Times: user=0.00 sys=0.00, real=0.01 secs] 
45.267: Total time for which application threads were stopped: 0.0004430 seconds, Stopping threads took: 0.0000430 seconds
45.288: Application time: 0.0207430 seconds
45.288: [GC [PSYoungGen: 6654K->384K(7680K)] 19498K->13227K(24576K), 0.0003410 secs] [Times: user=0.00 sys=0.00, real=0.00 secs] 
45.288: Total time for which application threads were stopped: 0.0004300 seconds, Stopping threads took: 0.0000390 seconds
45.308: Application time: 0.0195130 seconds
45.308: [GC [PSYoungGen: 7036K->512K(7680K)] 19880K->13355K(24576K), 0.0003640 secs] [Times: user=0.00 sys=0.00, real=0.00 secs] 
45.308: Total time for which application threads were stopped: 0.0004550 seconds, Stopping threads took: 0.0000420 seconds
45.326: Application time: 0.0180500 seconds
45.326: [GC [PSYoungGen: 7165K->544K(7680K)] 20008K->13387K(24576K), 0.0004280 secs] [Times: user=0.00 sys=0.00, real=0.00 secs] 
45.327: Total time for which application threads were stopped: 0.0005190 seconds, Stopping threads took: 0.0000430 seconds
45.348: Application time: 0.0210270 seconds
45.348: [GC [PSYoungGen: 7197K->512K(7680K)] 20040K->13355K(24576K), 0.0003640 secs] [Times: user=0.00 sys=0.00, real=0.00 secs] 
45.348: Total time for which application threads were stopped: 0.0004510 seconds, Stopping threads took: 0.0000370 seconds
45.375: Application time: 0.0271790 seconds
45.375: [GC [PSYoungGen: 7166K->640K(7680K)] 20010K->13483K(24576K), 0.0003830 secs] [Times: user=0.00 sys=0.00, real=0.00 secs] 
45.376: Total time for which application threads were stopped: 0.0004860 seconds, Stopping threads took: 0.0000530 seconds
45.404: Application time: 0.0280600 seconds
45.404: [GC [PSYoungGen: 7294K->544K(7680K)] 20137K->13387K(24576K), 0.0003840 secs] [Times: user=0.00 sys=0.00, real=0.00 secs] 
45.404: Total time for which application threads were stopped: 0.0004880 seconds, Stopping threads took: 0.0000510 seconds
45.432: Application time: 0.0281570 seconds
45.433: [GC [PSYoungGen: 7197K->544K(7680K)] 20041K->13387K(24576K), 0.0003520 secs] [Times: user=0.00 sys=0.00, real=0.00 secs] 
45.433: Total time for which application threads were stopped: 0.0004510 seconds, Stopping threads took: 0.0000480 seconds
45.462: Application time: 0.0291740 seconds
45.462: [GC [PSYoungGen: 7198K->512K(7680K)] 20042K->13355K(24576K), 0.0003950 secs] [Times: user=0.00 sys=0.00, real=0.00 secs] 
45.463: Total time for which application threads were stopped: 0.0004990 seconds, Stopping threads took: 0.0000530 seconds
45.489: Application time: 0.0265650 seconds
45.489: [GC [PSYoungGen: 7163K->704K(7680K)] 20007K->13547K(24576K), 0.0003780 secs] [Times: user=0.01 sys=0.00, real=0.00 secs] 
45.490: Total time for which application threads were stopped: 0.0004810 seconds, Stopping threads took: 0.0000420 seconds
45.510: Application time: 0.0205030 seconds
45.510: [GC [PSYoungGen: 7356K->736K(7680K)] 20200K->13579K(24576K), 0.0004340 secs] [Times: user=0.00 sys=0.00, real=0.00 secs] 
45.511: Total time for which application threads were stopped: 0.0005410 seconds, Stopping threads took: 0.0000460 seconds
45.537: Application time: 0.0260560 seconds
45.537: [GC [PSYoungGen: 7390K->640K(7680K)] 20233K->13483K(24576K), 0.0004230 secs] [Times: user=0.00 sys=0.00, real=0.00 secs] 
45.537: Total time for which application threads were stopped: 0.0005180 seconds, Stopping threads took: 0.0000480 seconds
45.562: Application time: 0.0245750 seconds
45.562: [GC [PSYoungGen: 7294K->736K(7680K)] 20137K->13579K(24576K), 0.0003520 secs] [Times: user=0.00 sys=0.00, real=0.00 secs] 
45.562: Total time for which application threads were stopped: 0.0004510 seconds, Stopping threads took: 0.0000450 seconds
45.591: Application time: 0.0289590 seconds
45.591: [GC [PSYoungGen: 7388K->672K(7680K)] 20231K->13515K(24576K), 0.0004060 secs] [Times: user=0.00 sys=0.00, real=0.00 secs] 
45.592: Total time for which application threads were stopped: 0.0004980 seconds, Stopping threads took: 0.0000450 seconds
45.617: Application time: 0.0247790 seconds
45.617: [GC [PSYoungGen: 7324K->960K(7680K)] 20167K->13803K(24576K), 0.0005510 secs] [Times: user=0.00 sys=0.00, real=0.00 secs] 
45.618: Total time for which application threads were stopped: 0.0009900 seconds, Stopping threads took: 0.0003750 seconds
45.638: Application time: 0.0204670 seconds
45.638: [GC [PSYoungGen: 7612K->928K(7680K)] 20456K->13771K(24576K), 0.0004470 secs] [Times: user=0.00 sys=0.00, real=0.00 secs] 
45.639: Total time for which application threads were stopped: 0.0005520 seconds, Stopping threads took: 0.0000530 seconds
45.660: Application time: 0.0210040 seconds
45.660: [GC [PSYoungGen: 7581K->960K(7680K)] 20425K->13803K(24576K), 0.0004900 secs] [Times: user=0.00 sys=0.00, real=0.00 secs] 
45.661: Total time for which application threads were stopped: 0.0015830 seconds, Stopping threads took: 0.0000530 seconds
45.689: Application time: 0.0276810 seconds
45.689: [GC [PSYoungGen: 7614K->960K(7680K)] 20457K->13931K(24576K), 0.0004780 secs] [Times: user=0.00 sys=0.00, real=0.00 secs] 
45.689: Total time for which application threads were stopped: 0.0005850 seconds, Stopping threads took: 0.0000510 seconds
45.716: Application time: 0.0267800 seconds
45.716: [GC [PSYoungGen: 7614K->976K(7680K)] 20586K->14075K(24576K), 0.0004500 secs] [Times: user=0.00 sys=0.00, real=0.00 secs] 
45.717: Total time for which application threads were stopped: 0.0005480 seconds, Stopping threads took: 0.0000430 seconds
45.736: Application time: 0.0188690 seconds
45.736: [GC [PSYoungGen: 7631K->992K(7680K)] 20731K->14251K(24576K), 0.0005010 secs] [Times: user=0.00 sys=0.00, real=0.00 secs] 
45.736: Total time for which application threads were stopped: 0.0006120 seconds, Stopping threads took: 0.0000530 seconds
45.757: Application time: 0.0205330 seconds
45.757: [GC [PSYoungGen: 7647K->1008K(7680K)] 20906K->14307K(24576K), 0.0004360 secs] [Times: user=0.00 sys=0.00, real=0.00 secs] 
45.757: Total time for which application threads were stopped: 0.0005400 seconds, Stopping threads took: 0.0000500 seconds
45.783: Application time: 0.0258500 seconds
45.783: [GC [PSYoungGen: 7662K->944K(7680K)] 20962K->14371K(24576K), 0.0004530 secs] [Times: user=0.00 sys=0.00, real=0.00 secs] 
45.784: Total time for which application threads were stopped: 0.0005520 seconds, Stopping threads took: 0.0000430 seconds
45.812: Application time: 0.0286960 seconds
45.812: [GC [PSYoungGen: 7596K->960K(7680K)] 21023K->14387K(24576K), 0.0004340 secs] [Times: user=0.00 sys=0.00, real=0.00 secs] 
45.813: Total time for which application threads were stopped: 0.0005330 seconds, Stopping threads took: 0.0000440 seconds
45.841: Application time: 0.0278900 seconds
45.841: [GC [PSYoungGen: 7612K->960K(7680K)] 21039K->14387K(24576K), 0.0004040 secs] [Times: user=0.00 sys=0.00, real=0.00 secs] 
45.841: Total time for which application threads were stopped: 0.0005060 seconds, Stopping threads took: 0.0000490 seconds
45.861: Application time: 0.0196970 seconds
45.861: [GC [PSYoungGen: 7615K->992K(7680K)] 21042K->14579K(24576K), 0.0004560 secs] [Times: user=0.01 sys=0.00, real=0.00 secs] 
45.862: Total time for which application threads were stopped: 0.0005530 seconds, Stopping threads took: 0.0000440 seconds
45.876: Application time: 0.0145040 seconds
45.876: [GC [PSYoungGen: 7645K->1008K(7680K)] 21232K->15019K(24576K), 0.0005420 secs] [Times: user=0.00 sys=0.00, real=0.00 secs] 
45.877: Total time for which application threads were stopped: 0.0006490 seconds, Stopping threads took: 0.0000510 seconds
45.890: Application time: 0.0129640 seconds
45.890: [GC [PSYoungGen: 7660K->992K(7680K)] 21672K->15427K(24576K), 0.0005500 secs] [Times: user=0.00 sys=0.00, real=0.00 secs] 
45.890: Total time for which application threads were stopped: 0.0006560 seconds, Stopping threads took: 0.0000500 seconds
45.907: Application time: 0.0162700 seconds
45.907: [GC [PSYoungGen: 7646K->992K(7680K)] 22082K->15427K(24576K), 0.0004340 secs] [Times: user=0.00 sys=0.00, real=0.01 secs] 
45.907: Total time for which application threads were stopped: 0.0005350 seconds, Stopping threads took: 0.0000480 seconds
45.928: Application time: 0.0209850 seconds
45.928: [GC [PSYoungGen: 7643K->1008K(7680K)] 22079K->15776K(24576K), 0.0005440 secs] [Times: user=0.00 sys=0.00, real=0.00 secs] 
45.929: Total time for which application threads were stopped: 0.0006520 seconds, Stopping threads took: 0.0000550 seconds
45.954: Application time: 0.0252920 seconds
45.954: [GC [PSYoungGen: 7549K->1008K(7680K)] 22317K->15832K(24576K), 0.0004660 secs] [Times: user=0.00 sys=0.00, real=0.00 secs] 
45.955: Total time for which application threads were stopped: 0.0005690 seconds, Stopping threads took: 0.0000490 seconds
45.981: Application time: 0.0266370 seconds
45.981: [GC [PSYoungGen: 7660K->992K(7680K)] 22485K->16086K(24576K), 0.0005600 secs] [Times: user=0.00 sys=0.00, real=0.00 secs] 
45.982: Total time for which application threads were stopped: 0.0006570 seconds, Stopping threads took: 0.0000400 seconds
46.010: Application time: 0.0281590 seconds
46.010: [GC [PSYoungGen: 7646K->1008K(7680K)] 22740K->16278K(24576K), 0.0005260 secs] [Times: user=0.00 sys=0.00, real=0.00 secs] 
46.011: Total time for which application threads were stopped: 0.0006310 seconds, Stopping threads took: 0.0000430 seconds
46.039: Application time: 0.0286650 seconds
46.043: [GC [PSYoungGen: 7662K->992K(7680K)] 22932K->16270K(24576K), 0.0005040 secs] [Times: user=0.01 sys=0.00, real=0.00 secs] 
46.043: Total time for which application threads were stopped: 0.0038980 seconds, Stopping threads took: 0.0033380 seconds
46.071: Application time: 0.0272810 seconds
46.075: [GC [PSYoungGen: 7645K->1008K(7680K)] 22923K->16494K(24576K), 0.0004800 secs] [Times: user=0.00 sys=0.00, real=0.00 secs] 
46.075: Total time for which application threads were stopped: 0.0046910 seconds, Stopping threads took: 0.0041540 seconds
46.104: Application time: 0.0288350 seconds
46.104: [GC [PSYoungGen: 7662K->960K(7680K)] 23148K->16510K(24576K), 0.0004390 secs] [Times: user=0.00 sys=0.00, real=0.00 secs] 
46.105: Total time for which application threads were stopped: 0.0005600 seconds, Stopping threads took: 0.0000690 seconds
46.134: Application time: 0.0287820 seconds
46.134: [GC [PSYoungGen: 7614K->1008K(7680K)] 23164K->16606K(24576K), 0.0004370 secs] [Times: user=0.00 sys=0.00, real=0.00 secs] 
46.134: Total time for which application threads were stopped: 0.0005440 seconds, Stopping threads took: 0.0000540 seconds
46.162: Application time: 0.0283390 seconds
46.162: [GC [PSYoungGen: 7660K->992K(7680K)] 23258K->16766K(24576K), 0.0004640 secs] [Times: user=0.00 sys=0.00, real=0.00 secs] 
46.163: Total time for which application threads were stopped: 0.0005630 seconds, Stopping threads took: 0.0000430 seconds
46.192: Application time: 0.0287440 seconds
46.192: [GC [PSYoungGen: 7647K->1008K(7680K)] 23422K->16854K(24576K), 0.0004740 secs] [Times: user=0.00 sys=0.00, real=0.00 secs] 
46.192: Total time for which application threads were stopped: 0.0005780 seconds, Stopping threads took: 0.0000500 seconds
46.221: Application time: 0.0290960 seconds
46.221: [GC [PSYoungGen: 7660K->960K(7680K)] 23506K->16966K(24576K), 0.0004600 secs] [Times: user=0.00 sys=0.00, real=0.00 secs] 
46.222: Total time for which application threads were stopped: 0.0005620 seconds, Stopping threads took: 0.0000480 seconds
46.251: Application time: 0.0291130 seconds
46.255: [GC [PSYoungGen: 7614K->896K(7680K)] 23621K->16974K(24576K), 0.0004590 secs] [Times: user=0.01 sys=0.00, real=0.00 secs] 
46.255: Total time for which application threads were stopped: 0.0042560 seconds, Stopping threads took: 0.0037410 seconds
46.284: Application time: 0.0290830 seconds
46.284: [GC [PSYoungGen: 7550K->832K(7680K)] 23629K->17022K(24576K), 0.0004500 secs] [Times: user=0.00 sys=0.00, real=0.00 secs] 
46.285: Total time for which application threads were stopped: 0.0005510 seconds, Stopping threads took: 0.0000490 seconds
46.310: Application time: 0.0253100 seconds
46.310: [GC [PSYoungGen: 7476K->992K(7680K)] 23666K->17230K(24576K), 0.0004360 secs] [Times: user=0.00 sys=0.00, real=0.00 secs] 
46.311: Total time for which application threads were stopped: 0.0005530 seconds, Stopping threads took: 0.0000610 seconds
46.339: Application time: 0.0278730 seconds
46.339: [GC [PSYoungGen: 7647K->992K(7680K)] 23886K->17374K(24576K), 0.0004670 secs] [Times: user=0.00 sys=0.00, real=0.00 secs] 
46.339: Total time for which application threads were stopped: 0.0005800 seconds, Stopping threads took: 0.0000560 seconds
46.370: Application time: 0.0304140 seconds
46.370: [GC [PSYoungGen: 7644K->992K(7680K)] 24026K->17382K(24576K), 0.0004180 secs] [Times: user=0.00 sys=0.00, real=0.00 secs] 
46.370: Total time for which application threads were stopped: 0.0005220 seconds, Stopping threads took: 0.0000500 seconds
46.400: Application time: 0.0294420 seconds
46.400: [GC [PSYoungGen: 7646K->768K(7680K)] 24037K->17362K(24576K), 0.0004570 secs] [Times: user=0.00 sys=0.00, real=0.00 secs] 
46.400: [Full GC [PSYoungGen: 768K->0K(7680K)] [ParOldGen: 16594K->3727K(16896K)] 17362K->3727K(24576K) [PSPermGen: 5535K->5535K(21504K)], 0.0061940 secs] [Times: user=0.02 sys=0.00, real=0.00 secs] 
46.406: Total time for which application threads were stopped: 0.0067960 seconds, Stopping threads took: 0.0000460 seconds
46.436: Application time: 0.0297370 seconds
46.436: [GC [PSYoungGen: 6654K->0K(7680K)] 10382K->3727K(24576K), 0.0003300 secs] [Times: user=0.00 sys=0.00, real=0.00 secs] 
46.437: Total time for which application threads were stopped: 0.0004400 seconds, Stopping threads took: 0.0000510 seconds
46.466: Application time: 0.0296470 seconds
46.466: [GC [PSYoungGen: 6654K->0K(7680K)] 10382K->3727K(24576K), 0.0002910 secs] [Times: user=0.00 sys=0.00, real=0.00 secs] 
46.467: Total time for which application threads were stopped: 0.0003880 seconds, Stopping threads took: 0.0000450 seconds
46.496: Application time: 0.0296130 seconds
46.496: [GC [PSYoungGen: 6654K->0K(7680K)] 10382K->3727K(24576K), 0.0003190 secs] [Times: user=0.01 sys=0.00, real=0.00 secs] 
46.497: Total time for which application threads were stopped: 0.0004040 seconds, Stopping threads took: 0.0000340 seconds
46.526: Application time: 0.0295850 seconds
46.531: [GC [PSYoungGen: 6654K->0K(7680K)] 10382K->3727K(24576K), 0.0003020 secs] [Times: user=0.00 sys=0.00, real=0.00 secs] 
46.531: Total time for which application threads were stopped: 0.0048750 seconds, Stopping threads took: 0.0045120 seconds
46.561: Application time: 0.0295670 seconds
46.561: [GC [PSYoungGen: 6654K->0K(7680K)] 10382K->3727K(24576K), 0.0003320 secs] [Times: user=0.00 sys=0.00, real=0.00 secs] 
46.561: Total time for which application threads were stopped: 0.0004290 seconds, Stopping threads took: 0.0000440 seconds
46.591: Application time: 0.0296850 seconds
46.591: [GC [PSYoungGen: 6654K->0K(7680K)] 10382K->3727K(24576K), 0.0002830 secs] [Times: user=0.01 sys=0.00, real=0.00 secs] 
46.591: Total time for which application threads were stopped: 0.0003760 seconds, Stopping threads took: 0.0000460 seconds
46.621: Application time: 0.0299370 seconds
46.621: [GC [PSYoungGen: 6654K->0K(7680K)] 10382K->3727K(24576K), 0.0003270 secs] [Times: user=0.00 sys=0.00, real=0.00 secs] 
46.622: Total time for which application threads were stopped: 0.0004470 seconds, Stopping threads took: 0.0000600 seconds
46.651: Application time: 0.0297280 seconds
46.651: [GC [PSYoungGen: 6654K->0K(7680K)] 10382K->3727K(24576K), 0.0002720 secs] [Times: user=0.00 sys=0.00, real=0.00 secs] 
46.652: Total time for which application threads were stopped: 0.0003920 seconds, Stopping threads took: 0.0000650 seconds
46.681: Application time: 0.0297090 seconds
46.682: [GC [PSYoungGen: 6654K->0K(7680K)] 10382K->3727K(24576K), 0.0002850 secs] [Times: user=0.00 sys=0.00, real=0.00 secs] 
46.682: Total time for which application threads were stopped: 0.0003880 seconds, Stopping threads took: 0.0000530 seconds
46.712: Application time: 0.0298090 seconds
46.712: [GC [PSYoungGen: 6654K->0K(7680K)] 10382K->3727K(24576K), 0.0002960 secs] [Times: user=0.00 sys=0.00, real=0.00 secs] 
46.712: Total time for which application threads were stopped: 0.0003800 seconds, Stopping threads took: 0.0000330 seconds
46.742: Application time: 0.0296220 seconds
46.742: [GC [PSYoungGen: 6654K->0K(7680K)] 10382K->3727K(24576K), 0.0002770 secs] [Times: user=0.00 sys=0.00, real=0.00 secs] 
46.742: Total time for which application threads were stopped: 0.0003670 seconds, Stopping threads took: 0.0000430 seconds
46.772: Application time: 0.0296770 seconds
46.772: [GC [PSYoungGen: 6654K->0K(7680K)] 10382K->3727K(24576K), 0.0003200 secs] [Times: user=0.00 sys=0.00, real=0.00 secs] 
46.772: Total time for which application threads were stopped: 0.0004160 seconds, Stopping threads took: 0.0000480 seconds
46.802: Application time: 0.0296390 seconds
46.802: [GC [PSYoungGen: 6654K->0K(7680K)] 10382K->3727K(24576K), 0.0002790 secs] [Times: user=0.00 sys=0.00, real=0.00 secs] 
46.802: Total time for which application threads were stopped: 0.0003780 seconds, Stopping threads took: 0.0000510 seconds
46.832: Application time: 0.0296700 seconds
46.832: [GC [PSYoungGen: 6654K->0K(7680K)] 10382K->3727K(24576K), 0.0003240 secs] [Times: user=0.00 sys=0.00, real=0.00 secs] 
46.832: Total time for which application threads were stopped: 0.0004190 seconds, Stopping threads took: 0.0000480 seconds
46.862: Application time: 0.0296460 seconds
46.862: [GC [PSYoungGen: 6654K->0K(7680K)] 10382K->3727K(24576K), 0.0003160 secs] [Times: user=0.00 sys=0.00, real=0.00 secs] 
46.862: Total time for which application threads were stopped: 0.0004250 seconds, Stopping threads took: 0.0000600 seconds
46.892: Application time: 0.0295710 seconds
46.892: [GC [PSYoungGen: 6654K->0K(7680K)] 10382K->3727K(24576K), 0.0003000 secs] [Times: user=0.00 sys=0.00, real=0.00 secs] 
46.892: Total time for which application threads were stopped: 0.0003970 seconds, Stopping threads took: 0.0000500 seconds
46.922: Application time: 0.0296450 seconds
46.922: [GC [PSYoungGen: 6654K->0K(7680K)] 10382K->3727K(24576K), 0.0002830 secs] [Times: user=0.00 sys=0.00, real=0.00 secs] 
46.922: Total time for which application threads were stopped: 0.0003770 seconds, Stopping threads took: 0.0000470 seconds
46.952: Application time: 0.0295080 seconds
46.952: [GC [PSYoungGen: 6654K->0K(7680K)] 10382K->3727K(24576K), 0.0003420 secs] [Times: user=0.01 sys=0.00, real=0.00 secs] 
46.952: Total time for which application threads were stopped: 0.0004370 seconds, Stopping threads took: 0.0000490 seconds
46.982: Application time: 0.0294700 seconds
46.982: [GC [PSYoungGen: 6654K->0K(7680K)] 10382K->3727K(24576K), 0.0003060 secs] [Times: user=0.00 sys=0.00, real=0.00 secs] 
46.982: Total time for which application threads were stopped: 0.0003990 seconds, Stopping threads took: 0.0000490 seconds
47.005: Application time: 0.0225980 seconds
47.007: [GC [PSYoungGen: 6652K->384K(7680K)] 10379K->4111K(24576K), 0.0002880 secs] [Times: user=0.01 sys=0.00, real=0.00 secs] 
47.007: Total time for which application threads were stopped: 0.0024040 seconds, Stopping threads took: 0.0020670 seconds
47.028: Application time: 0.0212880 seconds
47.028: [GC [PSYoungGen: 7039K->352K(7680K)] 10767K->4079K(24576K), 0.0003530 secs] [Times: user=0.00 sys=0.00, real=0.00 secs] 
47.029: Total time for which application threads were stopped: 0.0004460 seconds, Stopping threads took: 0.0000440 seconds
47.054: Application time: 0.0246920 seconds
47.054: [GC [PSYoungGen: 7006K->384K(7680K)] 10733K->4111K(24576K), 0.0003100 secs] [Times: user=0.00 sys=0.00, real=0.00 secs] 
47.054: Total time for which application threads were stopped: 0.0004060 seconds, Stopping threads took: 0.0000390 seconds
47.076: Application time: 0.0220000 seconds
47.076: [GC [PSYoungGen: 7036K->512K(7680K)] 10763K->4239K(24576K), 0.0003280 secs] [Times: user=0.00 sys=0.00, real=0.00 secs] 
47.076: Total time for which application threads were stopped: 0.0004300 seconds, Stopping threads took: 0.0000510 seconds
47.097: Application time: 0.0210700 seconds
47.098: [GC [PSYoungGen: 7167K->480K(7680K)] 10895K->4207K(24576K), 0.0003140 secs] [Times: user=0.00 sys=0.00, real=0.00 secs] 
47.098: Total time for which application threads were stopped: 0.0004090 seconds, Stopping threads took: 0.0000450 seconds
47.122: Application time: 0.0239310 seconds
47.122: [GC [PSYoungGen: 7135K->512K(7680K)] 10863K->4239K(24576K), 0.0003280 secs] [Times: user=0.00 sys=0.00, real=0.00 secs] 
47.122: Total time for which application threads were stopped: 0.0004290 seconds, Stopping threads took: 0.0000480 seconds
47.151: Application time: 0.0290420 seconds
47.151: [GC [PSYoungGen: 7164K->512K(7680K)] 10891K->4239K(24576K), 0.0003770 secs] [Times: user=0.00 sys=0.00, real=0.00 secs] 
47.152: Total time for which application threads were stopped: 0.0004720 seconds, Stopping threads took: 0.0000460 seconds
47.180: Application time: 0.0283220 seconds
47.180: [GC [PSYoungGen: 7163K->576K(7680K)] 10891K->4303K(24576K), 0.0003210 secs] [Times: user=0.00 sys=0.00, real=0.00 secs] 
47.180: Total time for which application threads were stopped: 0.0004200 seconds, Stopping threads took: 0.0000460 seconds
47.210: Application time: 0.0293500 seconds
47.210: [GC [PSYoungGen: 7230K->480K(7680K)] 10958K->4207K(24576K), 0.0003370 secs] [Times: user=0.01 sys=0.00, real=0.00 secs] 
47.210: Total time for which application threads were stopped: 0.0004390 seconds, Stopping threads took: 0.0000500 seconds
47.240: Application time: 0.0293050 seconds
47.240: [GC [PSYoungGen: 7134K->480K(7680K)] 10862K->4207K(24576K), 0.0003220 secs] [Times: user=0.00 sys=0.00, real=0.00 secs] 
47.240: Total time for which application threads were stopped: 0.0004140 seconds, Stopping threads took: 0.0000440 seconds
47.265: Application time: 0.0254110 seconds
47.267: [GC [PSYoungGen: 7132K->704K(7680K)] 10859K->4431K(24576K), 0.0003840 secs] [Times: user=0.00 sys=0.00, real=0.00 secs] 
47.267: Total time for which application threads were stopped: 0.0017910 seconds, Stopping threads took: 0.0013560 seconds
47.287: Application time: 0.0202690 seconds
47.288: [GC [PSYoungGen: 7356K->704K(7680K)] 11084K->4431K(24576K), 0.0003770 secs] [Times: user=0.00 sys=0.00, real=0.00 secs] 
47.288: Total time for which application threads were stopped: 0.0004830 seconds, Stopping threads took: 0.0000550 seconds
47.311: Application time: 0.0229780 seconds
47.311: [GC [PSYoungGen: 7355K->928K(7680K)] 11083K->4655K(24576K), 0.0003940 secs] [Times: user=0.01 sys=0.00, real=0.00 secs] 
47.311: Total time for which application threads were stopped: 0.0004990 seconds, Stopping threads took: 0.0000520 seconds
47.340: Application time: 0.0288970 seconds
47.340: [GC [PSYoungGen: 7580K->704K(7680K)] 11307K->4431K(24576K), 0.0003510 secs] [Times: user=0.00 sys=0.00, real=0.00 secs] 
47.341: Total time for which application threads were stopped: 0.0004520 seconds, Stopping threads took: 0.0000510 seconds
47.367: Application time: 0.0259220 seconds
47.367: [GC [PSYoungGen: 7360K->896K(7680K)] 11087K->4751K(24576K), 0.0004010 secs] [Times: user=0.00 sys=0.00, real=0.00 secs] 
47.367: Total time for which application threads were stopped: 0.0005010 seconds, Stopping threads took: 0.0000490 seconds
47.387: Application time: 0.0199620 seconds
47.387: [GC [PSYoungGen: 7548K->832K(7680K)] 11404K->4687K(24576K), 0.0003870 secs] [Times: user=0.00 sys=0.00, real=0.00 secs] 
47.388: Total time for which application threads were stopped: 0.0004780 seconds, Stopping threads took: 0.0000400 seconds
47.408: Application time: 0.0206680 seconds
47.408: [GC [PSYoungGen: 7484K->832K(7680K)] 11339K->4687K(24576K), 0.0003830 secs] [Times: user=0.00 sys=0.00, real=0.00 secs] 
47.409: Total time for which application threads were stopped: 0.0004840 seconds, Stopping threads took: 0.0000510 seconds
47.436: Application time: 0.0269690 seconds
47.436: [GC [PSYoungGen: 7484K->992K(7680K)] 11340K->4855K(24576K), 0.0004260 secs] [Times: user=0.00 sys=0.00, real=0.00 secs] 
47.436: Total time for which application threads were stopped: 0.0005270 seconds, Stopping threads took: 0.0000470 seconds
47.459: Application time: 0.0229460 seconds
47.459: [GC [PSYoungGen: 7643K->992K(7680K)] 11507K->4871K(24576K), 0.0004690 secs] [Times: user=0.00 sys=0.00, real=0.00 secs] 
47.460: Total time for which application threads were stopped: 0.0005650 seconds, Stopping threads took: 0.0000440 seconds
47.480: Application time: 0.0198900 seconds
47.480: [GC [PSYoungGen: 7646K->1008K(7680K)] 11525K->5060K(24576K), 0.0004340 secs] [Times: user=0.00 sys=0.00, real=0.00 secs] 
47.480: Total time for which application threads were stopped: 0.0005310 seconds, Stopping threads took: 0.0000430 seconds
47.504: Application time: 0.0235350 seconds
47.504: [GC [PSYoungGen: 7662K->992K(7680K)] 11714K->5284K(24576K), 0.0004570 secs] [Times: user=0.00 sys=0.00, real=0.00 secs] 
47.504: Total time for which application threads were stopped: 0.0005560 seconds, Stopping threads took: 0.0000460 seconds
47.531: Application time: 0.0268520 seconds
47.531: [GC [PSYoungGen: 7646K->1008K(7680K)] 11939K->5564K(24576K), 0.0004890 secs] [Times: user=0.00 sys=0.00, real=0.00 secs] 
47.532: Total time for which application threads were stopped: 0.0005940 seconds, Stopping threads took: 0.0000540 seconds
47.561: Application time: 0.0289270 seconds
47.561: [GC [PSYoungGen: 7662K->1008K(7680K)] 12219K->5564K(24576K), 0.0004330 secs] [Times: user=0.00 sys=0.00, real=0.00 secs] 
47.561: Total time for which application threads were stopped: 0.0005510 seconds, Stopping threads took: 0.0000590 seconds
47.589: Application time: 0.0279800 seconds
47.589: [GC [PSYoungGen: 7661K->928K(7680K)] 12218K->5612K(24576K), 0.0004580 secs] [Times: user=0.00 sys=0.00, real=0.00 secs] 
47.590: Total time for which application threads were stopped: 0.0005600 seconds, Stopping threads took: 0.0000500 seconds
47.619: Application time: 0.0293340 seconds
47.619: [GC [PSYoungGen: 7582K->896K(7680K)] 12267K->5708K(24576K), 0.0005200 secs] [Times: user=0.00 sys=0.00, real=0.00 secs] 
47.620: Total time for which application threads were stopped: 0.0006310 seconds, Stopping threads took: 0.0000510 seconds
47.634: Application time: 0.0143850 seconds
47.634: [GC [PSYoungGen: 7549K->992K(7680K)] 12362K->6272K(24576K), 0.0005500 secs] [Times: user=0.00 sys=0.00, real=0.00 secs] 
47.635: Total time for which application threads were stopped: 0.0006540 seconds, Stopping threads took: 0.0000430 seconds
47.649: Application time: 0.0142110 seconds
47.649: [GC [PSYoungGen: 7647K->1008K(7680K)] 12928K->6501K(24576K), 0.0005030 secs] [Times: user=0.00 sys=0.00, real=0.00 secs] 
47.650: Total time for which application threads were stopped: 0.0006220 seconds, Stopping threads took: 0.0000640 seconds
47.663: Application time: 0.0134820 seconds
47.663: [GC [PSYoungGen: 7661K->1008K(7680K)] 13155K->6562K(24576K), 0.0004410 secs] [Times: user=0.00 sys=0.00, real=0.00 secs] 
47.664: Total time for which application threads were stopped: 0.0005390 seconds, Stopping threads took: 0.0000450 seconds
47.680: Application time: 0.0163950 seconds
47.680: [GC [PSYoungGen: 7662K->992K(7680K)] 13216K->6750K(24576K), 0.0004700 secs] [Times: user=0.00 sys=0.00, real=0.00 secs] 
47.681: Total time for which application threads were stopped: 0.0005850 seconds, Stopping threads took: 0.0000600 seconds
47.705: Application time: 0.0244120 seconds
47.705: [GC [PSYoungGen: 7647K->992K(7680K)] 13406K->7022K(24576K), 0.0004840 secs] [Times: user=0.00 sys=0.00, real=0.00 secs] 
47.706: Total time for which application threads were stopped: 0.0005850 seconds, Stopping threads took: 0.0000470 seconds
47.733: Application time: 0.0277940 seconds
47.734: [GC [PSYoungGen: 7646K->960K(7680K)] 13677K->7070K(24576K), 0.0004300 secs] [Times: user=0.00 sys=0.00, real=0.00 secs] 
47.734: Total time for which application threads were stopped: 0.0005420 seconds, Stopping threads took: 0.0000550 seconds
47.760: Application time: 0.0258510 seconds
47.760: [GC [PSYoungGen: 7612K->992K(7680K)] 13723K->7254K(24576K), 0.0004150 secs] [Times: user=0.00 sys=0.00, real=0.00 secs] 
47.760: Total time for which application threads were stopped: 0.0005210 seconds, Stopping threads took: 0.0000520 seconds
47.789: Application time: 0.0284280 seconds
47.789: [GC [PSYoungGen: 7647K->992K(7680K)] 13909K->7350K(24576K), 0.0004230 secs] [Times: user=0.01 sys=0.00, real=0.00 secs] 
47.789: Total time for which application threads were stopped: 0.0005260 seconds, Stopping threads took: 0.0000520 seconds
47.817: Application time: 0.0274820 seconds
47.817: [GC [PSYoungGen: 7647K->992K(7680K)] 14006K->7438K(24576K), 0.0004270 secs] [Times: user=0.00 sys=0.00, real=0.00 secs] 
47.817: Total time for which application threads were stopped: 0.0005240 seconds, Stopping threads took: 0.0000450 seconds
47.846: Application time: 0.0288800 seconds
47.846: [GC [PSYoungGen: 7646K->896K(7680K)] 14093K->7534K(24576K), 0.0004110 secs] [Times: user=0.00 sys=0.00, real=0.00 secs] 
47.847: Total time for which application threads were stopped: 0.0005190 seconds, Stopping threads took: 0.0000500 seconds
47.876: Application time: 0.0288950 seconds
47.876: [GC [PSYoungGen: 7550K->896K(7680K)] 14189K->7550K(24576K), 0.0003710 secs] [Times: user=0.00 sys=0.00, real=0.00 secs] 
47.876: Total time for which application threads were stopped: 0.0004720 seconds, Stopping threads took: 0.0000480 seconds
47.904: Application time: 0.0274250 seconds
47.904: [GC [PSYoungGen: 7550K->992K(7680K)] 14204K->7739K(24576K), 0.0004240 secs] [Times: user=0.00 sys=0.00, real=0.00 secs] 
47.904: Total time for which application threads were stopped: 0.0005300 seconds, Stopping threads took: 0.0000540 seconds
47.933: Application time: 0.0293210 seconds
47.933: [GC [PSYoungGen: 7646K->992K(7680K)] 14394K->7747K(24576K), 0.0003970 secs] [Times: user=0.01 sys=0.00, real=0.00 secs] 
47.934: Total time for which application threads were stopped: 0.0004870 seconds, Stopping threads took: 0.0000360 seconds
47.963: Application time: 0.0291740 seconds
47.963: [GC [PSYoungGen: 7646K->928K(7680K)] 14402K->7839K(24576K), 0.0003950 secs] [Times: user=0.00 sys=0.00, real=0.00 secs] 
47.964: Total time for which application threads were stopped: 0.0004900 seconds, Stopping threads took: 0.0000440 seconds
47.993: Application time: 0.0292460 seconds
47.993: [GC [PSYoungGen: 7582K->864K(7680K)] 14494K->7775K(24576K), 0.0004020 secs] [Times: user=0.01 sys=0.00, real=0.00 secs] 
47.993: Total time for which application threads were stopped: 0.0005030 seconds, Stopping threads took: 0.0000500 seconds
48.022: Application time: 0.0291230 seconds
48.023: [GC [PSYoungGen: 7518K->864K(7680K)] 14430K->7799K(24576K), 0.0003750 secs] [Times: user=0.00 sys=0.00, real=0.00 secs] 
48.023: Total time for which application threads were stopped: 0.0004820 seconds, Stopping threads took: 0.0000540 seconds
48.051: Application time: 0.0282180 seconds
48.051: [GC [PSYoungGen: 7516K->864K(7680K)] 14452K->7815K(24576K), 0.0004250 secs] [Times: user=0.00 sys=0.00, real=0.00 secs] 
48.052: Total time for which application threads were stopped: 0.0005150 seconds, Stopping threads took: 0.0000400 seconds
48.077: Application time: 0.0250880 seconds
48.079: [GC [PSYoungGen: 7517K->992K(7680K)] 14469K->8079K(24576K), 0.0004720 secs] [Times: user=0.00 sys=0.00, real=0.00 secs] 
48.079: Total time for which application threads were stopped: 0.0025760 seconds, Stopping threads took: 0.0020260 seconds
48.109: Application time: 0.0299190 seconds
48.109: [GC [PSYoungGen: 7644K->992K(7680K)] 14732K->8095K(24576K), 0.0004950 secs] [Times: user=0.01 sys=0.00, real=0.00 secs] 
48.110: Total time for which application threads were stopped: 0.0005930 seconds, Stopping threads took: 0.0000450 seconds
48.139: Application time: 0.0292650 seconds
48.139: [GC [PSYoungGen: 7646K->896K(7680K)] 14750K->8076K(24576K), 0.0004290 secs] [Times: user=0.00 sys=0.00, real=0.00 secs] 
48.140: Total time for which application threads were stopped: 0.0005370 seconds, Stopping threads took: 0.0000550 seconds
48.169: Application time: 0.0295640 seconds
48.169: [GC [PSYoungGen: 7550K->960K(7680K)] 14731K->8140K(24576K), 0.0003670 secs] [Times: user=0.00 sys=0.00, real=0.00 secs] 
48.170: Total time for which application threads were stopped: 0.0004670 seconds, Stopping threads took: 0.0000470 seconds
48.199: Application time: 0.0295970 seconds
48.199: [GC [PSYoungGen: 7614K->896K(7680K)] 14795K->8105K(24576K), 0.0004070 secs] [Times: user=0.00 sys=0.00, real=0.00 secs] 
48.200: Total time for which application threads were stopped: 0.0005000 seconds, Stopping threads took: 0.0000430 seconds
48.230: Application time: 0.0297770 seconds
48.230: [GC [PSYoungGen: 7548K->960K(7680K)] 14757K->8169K(24576K), 0.0004080 secs] [Times: user=0.01 sys=0.00, real=0.00 secs] 
48.230: Total time for which application threads were stopped: 0.0005000 seconds, Stopping threads took: 0.0000420 seconds
48.260: Application time: 0.0296410 seconds
48.260: [GC [PSYoungGen: 7614K->800K(7680K)] 14823K->8321K(24576K), 0.0004010 secs] [Times: user=0.00 sys=0.00, real=0.00 secs] 
48.260: Total time for which application threads were stopped: 0.0005020 seconds, Stopping threads took: 0.0000490 seconds
48.290: Application time: 0.0294830 seconds
48.290: [GC [PSYoungGen: 7454K->736K(7680K)] 14975K->8257K(24576K), 0.0003580 secs] [Times: user=0.00 sys=0.00, real=0.00 secs] 
48.290: Total time for which application threads were stopped: 0.0004560 seconds, Stopping threads took: 0.0000440 seconds
48.320: Application time: 0.0294180 seconds
48.320: [GC [PSYoungGen: 7390K->768K(7680K)] 14911K->8289K(24576K), 0.0003990 secs] [Times: user=0.00 sys=0.00, real=0.00 secs] 
48.320: Total time for which application threads were stopped: 0.0005050 seconds, Stopping threads took: 0.0000570 seconds
48.350: Application time: 0.0296170 seconds
48.350: [GC [PSYoungGen: 7422K->672K(7680K)] 14943K->8277K(24576K), 0.0003410 secs] [Times: user=0.00 sys=0.00, real=0.00 secs] 
48.350: Total time for which application threads were stopped: 0.0004400 seconds, Stopping threads took: 0.0000460 seconds
48.380: Application time: 0.0295390 seconds
48.380: [GC [PSYoungGen: 7326K->704K(7680K)] 14932K->8309K(24576K), 0.0003470 secs] [Times: user=0.00 sys=0.00, real=0.00 secs] 
48.380: Total time for which application threads were stopped: 0.0004500 seconds, Stopping threads took: 0.0000530 seconds
48.410: Application time: 0.0297970 seconds
48.410: [GC [PSYoungGen: 7358K->736K(7680K)] 14964K->8341K(24576K), 0.0004010 secs] [Times: user=0.00 sys=0.00, real=0.00 secs] 
48.410: Total time for which application threads were stopped: 0.0005010 seconds, Stopping threads took: 0.0000500 seconds
48.440: Application time: 0.0295980 seconds
48.440: [GC [PSYoungGen: 7390K->672K(7680K)] 14996K->8277K(24576K), 0.0003900 secs] [Times: user=0.00 sys=0.00, real=0.00 secs] 
48.441: Total time for which application threads were stopped: 0.0004840 seconds, Stopping threads took: 0.0000450 seconds
48.470: Application time: 0.0296870 seconds
48.470: [GC [PSYoungGen: 7324K->832K(7680K)] 14929K->8437K(24576K), 0.0003580 secs] [Times: user=0.00 sys=0.00, real=0.00 secs] 
48.471: Total time for which application threads were stopped: 0.0004580 seconds, Stopping threads took: 0.0000510 seconds
48.500: Application time: 0.0295440 seconds
48.500: [GC [PSYoungGen: 7486K->672K(7680K)] 15092K->8277K(24576K), 0.0003520 secs] [Times: user=0.00 sys=0.00, real=0.00 secs] 
48.501: Total time for which application threads were stopped: 0.0004610 seconds, Stopping threads took: 0.0000490 seconds
48.530: Application time: 0.0297430 seconds
48.530: [GC [PSYoungGen: 7326K->0K(7680K)] 14932K->8211K(24576K), 0.0004210 secs] [Times: user=0.00 sys=0.00, real=0.00 secs] 
48.531: Total time for which application threads were stopped: 0.0005090 seconds, Stopping threads took: 0.0000370 seconds
48.561: Application time: 0.0299940 seconds
48.561: [GC [PSYoungGen: 6654K->0K(7680K)] 14865K->8211K(24576K), 0.0003160 secs] [Times: user=0.00 sys=0.00, real=0.00 secs] 
48.561: Total time for which application threads were stopped: 0.0004190 seconds, Stopping threads took: 0.0000510 seconds
48.591: Application time: 0.0296120 seconds
48.591: [GC [PSYoungGen: 6654K->0K(7680K)] 14865K->8211K(24576K), 0.0002920 secs] [Times: user=0.00 sys=0.00, real=0.00 secs] 
48.591: Total time for which application threads were stopped: 0.0003960 seconds, Stopping threads took: 0.0000460 seconds
48.621: Application time: 0.0299740 seconds
48.621: [GC [PSYoungGen: 6654K->0K(7680K)] 14865K->8211K(24576K), 0.0003250 secs] [Times: user=0.00 sys=0.00, real=0.00 secs] 
48.622: Total time for which application threads were stopped: 0.0004340 seconds, Stopping threads took: 0.0000530 seconds
48.651: Application time: 0.0296850 seconds
48.652: [GC [PSYoungGen: 6654K->0K(7680K)] 14865K->8211K(24576K), 0.0003210 secs] [Times: user=0.00 sys=0.00, real=0.00 secs] 
48.652: Total time for which application threads were stopped: 0.0004190 seconds, Stopping threads took: 0.0000510 seconds
48.682: Application time: 0.0297030 seconds
48.682: [GC [PSYoungGen: 6652K->0K(7680K)] 14863K->8211K(24576K), 0.0003150 secs] [Times: user=0.00 sys=0.00, real=0.00 secs] 
48.682: Total time for which application threads were stopped: 0.0004040 seconds, Stopping threads took: 0.0000400 seconds
48.711: Application time: 0.0294300 seconds
48.711: [GC [PSYoungGen: 6656K->128K(7680K)] 14867K->8339K(24576K), 0.0004120 secs] [Times: user=0.00 sys=0.00, real=0.00 secs] 
48.712: Total time for which application threads were stopped: 0.0005150 seconds, Stopping threads took: 0.0000530 seconds
48.732: Application time: 0.0201970 seconds
48.732: [GC [PSYoungGen: 6783K->384K(7680K)] 14994K->8595K(24576K), 0.0003220 secs] [Times: user=0.00 sys=0.00, real=0.00 secs] 
48.733: Total time for which application threads were stopped: 0.0004220 seconds, Stopping threads took: 0.0000490 seconds
48.754: Application time: 0.0212420 seconds
48.754: [GC [PSYoungGen: 7037K->256K(7680K)] 15248K->8467K(24576K), 0.0003550 secs] [Times: user=0.00 sys=0.00, real=0.00 secs] 
48.754: Total time for which application threads were stopped: 0.0004430 seconds, Stopping threads took: 0.0000400 seconds
48.781: Application time: 0.0271970 seconds
48.782: [GC [PSYoungGen: 6907K->352K(7680K)] 15119K->8563K(24576K), 0.0003200 secs] [Times: user=0.00 sys=0.00, real=0.00 secs] 
48.782: Total time for which application threads were stopped: 0.0004090 seconds, Stopping threads took: 0.0000410 seconds
48.805: Application time: 0.0231370 seconds
48.805: [GC [PSYoungGen: 7003K->512K(7680K)] 15215K->8723K(24576K), 0.0004070 secs] [Times: user=0.00 sys=0.00, real=0.00 secs] 
48.805: Total time for which application threads were stopped: 0.0004960 seconds, Stopping threads took: 0.0000390 seconds
48.826: Application time: 0.0204680 seconds
48.826: [GC [PSYoungGen: 7166K->512K(7680K)] 15377K->8723K(24576K), 0.0003650 secs] [Times: user=0.00 sys=0.00, real=0.00 secs] 
48.826: Total time for which application threads were stopped: 0.0004580 seconds, Stopping threads took: 0.0000430 seconds
48.850: Application time: 0.0236140 seconds
48.850: [GC [PSYoungGen: 7165K->512K(7680K)] 15377K->8723K(24576K), 0.0003720 secs] [Times: user=0.00 sys=0.00, real=0.00 secs] 
48.850: Total time for which application threads were stopped: 0.0004740 seconds, Stopping threads took: 0.0000520 seconds
48.880: Application time: 0.0290460 seconds
48.880: [GC [PSYoungGen: 7164K->512K(7680K)] 15375K->8723K(24576K), 0.0003490 secs] [Times: user=0.00 sys=0.00, real=0.00 secs] 
48.880: Total time for which application threads were stopped: 0.0004510 seconds, Stopping threads took: 0.0000430 seconds
48.908: Application time: 0.0283120 seconds
48.908: [GC [PSYoungGen: 7164K->576K(7680K)] 15375K->8787K(24576K), 0.0003370 secs] [Times: user=0.00 sys=0.00, real=0.00 secs] 
48.909: Total time for which application threads were stopped: 0.0004370 seconds, Stopping threads took: 0.0000480 seconds
48.938: Application time: 0.0292610 seconds
48.938: [GC [PSYoungGen: 7230K->544K(7680K)] 15441K->8755K(24576K), 0.0003370 secs] [Times: user=0.00 sys=0.00, real=0.00 secs] 
48.938: Total time for which application threads were stopped: 0.0004280 seconds, Stopping threads took: 0.0000400 seconds
48.968: Application time: 0.0295190 seconds
48.968: [GC [PSYoungGen: 7198K->512K(7680K)] 15409K->8723K(24576K), 0.0003330 secs] [Times: user=0.00 sys=0.00, real=0.00 secs] 
48.968: Total time for which application threads were stopped: 0.0004370 seconds, Stopping threads took: 0.0000530 seconds
48.989: Application time: 0.0209390 seconds
48.989: [GC [PSYoungGen: 7166K->736K(7680K)] 15377K->8947K(24576K), 0.0004050 secs] [Times: user=0.01 sys=0.00, real=0.00 secs] 
48.990: Total time for which application threads were stopped: 0.0005040 seconds, Stopping threads took: 0.0000460 seconds
49.011: Application time: 0.0211320 seconds
49.015: [GC [PSYoungGen: 7389K->672K(7680K)] 15600K->8883K(24576K), 0.0004040 secs] [Times: user=0.00 sys=0.00, real=0.00 secs] 
49.015: Total time for which application threads were stopped: 0.0042520 seconds, Stopping threads took: 0.0037990 seconds
49.041: Application time: 0.0260870 seconds
49.041: [GC [PSYoungGen: 7323K->736K(7680K)] 15535K->8947K(24576K), 0.0003940 secs] [Times: user=0.00 sys=0.00, real=0.00 secs] 
49.042: Total time for which application threads were stopped: 0.0005020 seconds, Stopping threads took: 0.0000580 seconds
49.071: Application time: 0.0290220 seconds
49.071: [GC [PSYoungGen: 7388K->640K(7680K)] 15599K->8851K(24576K), 0.0003480 secs] [Times: user=0.00 sys=0.00, real=0.00 secs] 
49.071: Total time for which application threads were stopped: 0.0004370 seconds, Stopping threads took: 0.0000380 seconds
49.097: Application time: 0.0253880 seconds
49.097: [GC [PSYoungGen: 7293K->960K(7680K)] 15504K->9171K(24576K), 0.0004180 secs] [Times: user=0.00 sys=0.00, real=0.00 secs] 
49.097: Total time for which application threads were stopped: 0.0005280 seconds, Stopping threads took: 0.0000480 seconds
49.118: Application time: 0.0209670 seconds
49.118: [GC [PSYoungGen: 7612K->960K(7680K)] 15823K->9171K(24576K), 0.0003890 secs] [Times: user=0.01 sys=0.00, real=0.00 secs] 
49.119: Total time for which application threads were stopped: 0.0004790 seconds, Stopping threads took: 0.0000410 seconds
49.139: Application time: 0.0207610 seconds
49.139: [GC [PSYoungGen: 7562K->832K(7680K)] 15774K->9043K(24576K), 0.0004320 secs] [Times: user=0.00 sys=0.00, real=0.00 secs] 
49.140: Total time for which application threads were stopped: 0.0005370 seconds, Stopping threads took: 0.0000500 seconds
49.167: Application time: 0.0266460 seconds
49.167: [GC [PSYoungGen: 7486K->992K(7680K)] 15697K->9203K(24576K), 0.0004560 secs] [Times: user=0.00 sys=0.00, real=0.01 secs] 
49.167: Total time for which application threads were stopped: 0.0005620 seconds, Stopping threads took: 0.0000530 seconds
49.191: Application time: 0.0243130 seconds
49.192: [GC [PSYoungGen: 7646K->992K(7680K)] 15857K->9339K(24576K), 0.0004500 secs] [Times: user=0.00 sys=0.00, real=0.00 secs] 
49.192: Total time for which application threads were stopped: 0.0005410 seconds, Stopping threads took: 0.0000390 seconds
49.212: Application time: 0.0197850 seconds
49.212: [GC [PSYoungGen: 7646K->992K(7680K)] 15993K->9479K(24576K), 0.0004640 secs] [Times: user=0.00 sys=0.00, real=0.00 secs] 
49.212: Total time for which application threads were stopped: 0.0005710 seconds, Stopping threads took: 0.0000550 seconds
49.234: Application time: 0.0214070 seconds
49.234: [GC [PSYoungGen: 7646K->960K(7680K)] 16133K->9575K(24576K), 0.0004820 secs] [Times: user=0.00 sys=0.00, real=0.00 secs] 
49.234: Total time for which application threads were stopped: 0.0005830 seconds, Stopping threads took: 0.0000470 seconds
49.262: Application time: 0.0279790 seconds
49.262: [GC [PSYoungGen: 7614K->992K(7680K)] 16229K->9623K(24576K), 0.0004300 secs] [Times: user=0.00 sys=0.00, real=0.00 secs] 
49.263: Total time for which application threads were stopped: 0.0005510 seconds, Stopping threads took: 0.0000660 seconds
49.292: Application time: 0.0291360 seconds
49.292: [GC [PSYoungGen: 7643K->960K(7680K)] 16275K->9591K(24576K), 0.0004690 secs] [Times: user=0.01 sys=0.00, real=0.00 secs] 
49.293: Total time for which application threads were stopped: 0.0005770 seconds, Stopping threads took: 0.0000550 seconds
49.321: Application time: 0.0282050 seconds
49.321: [GC [PSYoungGen: 7614K->992K(7680K)] 16245K->9751K(24576K), 0.0004370 secs] [Times: user=0.01 sys=0.00, real=0.00 secs] 
49.321: Total time for which application threads were stopped: 0.0005410 seconds, Stopping threads took: 0.0000500 seconds
49.351: Application time: 0.0292630 seconds
49.351: [GC [PSYoungGen: 7646K->1008K(7680K)] 16406K->9767K(24576K), 0.0004360 secs] [Times: user=0.00 sys=0.00, real=0.00 secs] 
49.351: Total time for which application threads were stopped: 0.0005380 seconds, Stopping threads took: 0.0000500 seconds
49.377: Application time: 0.0261150 seconds
49.377: [GC [PSYoungGen: 7663K->1008K(7680K)] 16422K->9895K(24576K), 0.0004510 secs] [Times: user=0.01 sys=0.00, real=0.00 secs] 
49.378: Total time for which application threads were stopped: 0.0005440 seconds, Stopping threads took: 0.0000410 seconds
49.394: Application time: 0.0157460 seconds
49.394: [GC [PSYoungGen: 7661K->992K(7680K)] 16548K->10443K(24576K), 0.0006120 secs] [Times: user=0.00 sys=0.00, real=0.00 secs] 
49.394: Total time for which application threads were stopped: 0.0007080 seconds, Stopping threads took: 0.0000370 seconds
49.406: Application time: 0.0120500 seconds
49.406: [GC [PSYoungGen: 7646K->992K(7680K)] 17098K->10879K(24576K), 0.0005220 secs] [Times: user=0.00 sys=0.00, real=0.01 secs] 
49.407: Total time for which application threads were stopped: 0.0006300 seconds, Stopping threads took: 0.0000520 seconds
49.420: Application time: 0.0131190 seconds
49.420: [GC [PSYoungGen: 7647K->1008K(7680K)] 17535K->10903K(24576K), 0.0005120 secs] [Times: user=0.00 sys=0.00, real=0.00 secs] 
49.421: Total time for which application threads were stopped: 0.0006110 seconds, Stopping threads took: 0.0000480 seconds
49.439: Application time: 0.0178390 seconds
49.439: [GC [PSYoungGen: 7662K->1008K(7680K)] 17558K->11199K(24576K), 0.0004800 secs] [Times: user=0.01 sys=0.00, real=0.01 secs] 
49.439: Total time for which application threads were stopped: 0.0005820 seconds, Stopping threads took: 0.0000480 seconds
49.467: Application time: 0.0278130 seconds
49.467: [GC [PSYoungGen: 7662K->992K(7680K)] 17853K->11236K(24576K), 0.0004430 secs] [Times: user=0.00 sys=0.00, real=0.00 secs] 
49.467: Total time for which application threads were stopped: 0.0005500 seconds, Stopping threads took: 0.0000510 seconds
49.494: Application time: 0.0269130 seconds
49.495: [GC [PSYoungGen: 7645K->992K(7680K)] 17890K->11268K(24576K), 0.0004200 secs] [Times: user=0.00 sys=0.00, real=0.00 secs] 
49.495: Total time for which application threads were stopped: 0.0005370 seconds, Stopping threads took: 0.0000590 seconds
49.522: Application time: 0.0268230 seconds
49.522: [GC [PSYoungGen: 7647K->1008K(7680K)] 17924K->11684K(24576K), 0.0005330 secs] [Times: user=0.00 sys=0.00, real=0.00 secs] 
49.522: Total time for which application threads were stopped: 0.0006410 seconds, Stopping threads took: 0.0000500 seconds
49.550: Application time: 0.0278890 seconds
49.550: [GC [PSYoungGen: 7660K->992K(7680K)] 18336K->11901K(24576K), 0.0004780 secs] [Times: user=0.00 sys=0.00, real=0.00 secs] 
49.551: Total time for which application threads were stopped: 0.0005840 seconds, Stopping threads took: 0.0000500 seconds
49.580: Application time: 0.0287330 seconds
49.580: [GC [PSYoungGen: 7646K->912K(7680K)] 18556K->12021K(24576K), 0.0004270 secs] [Times: user=0.00 sys=0.00, real=0.00 secs] 
49.580: Total time for which application threads were stopped: 0.0005270 seconds, Stopping threads took: 0.0000450 seconds
49.609: Application time: 0.0288320 seconds
49.609: [GC [PSYoungGen: 7566K->896K(7680K)] 18676K->12021K(24576K), 0.0003900 secs] [Times: user=0.00 sys=0.00, real=0.00 secs] 
49.609: Total time for which application threads were stopped: 0.0004900 seconds, Stopping threads took: 0.0000400 seconds
49.637: Application time: 0.0276480 seconds
49.637: [GC [PSYoungGen: 7550K->880K(7680K)] 18675K->12201K(24576K), 0.0005280 secs] [Times: user=0.00 sys=0.00, real=0.00 secs] 
49.638: Total time for which application threads were stopped: 0.0006460 seconds, Stopping threads took: 0.0000540 seconds
49.667: Application time: 0.0289040 seconds
49.667: [GC [PSYoungGen: 7534K->960K(7680K)] 18856K->12281K(24576K), 0.0005120 secs] [Times: user=0.00 sys=0.00, real=0.00 secs] 
49.667: Total time for which application threads were stopped: 0.0006100 seconds, Stopping threads took: 0.0000410 seconds
49.696: Application time: 0.0288960 seconds
49.696: [GC [PSYoungGen: 7614K->928K(7680K)] 18936K->12302K(24576K), 0.0004110 secs] [Times: user=0.00 sys=0.00, real=0.00 secs] 
49.697: Total time for which application threads were stopped: 0.0005130 seconds, Stopping threads took: 0.0000490 seconds
49.726: Application time: 0.0292300 seconds
49.726: [GC [PSYoungGen: 7582K->832K(7680K)] 18957K->12206K(24576K), 0.0004320 secs] [Times: user=0.00 sys=0.00, real=0.00 secs] 
49.726: Total time for which application threads were stopped: 0.0005320 seconds, Stopping threads took: 0.0000470 seconds
49.756: Application time: 0.0290390 seconds
49.756: [GC [PSYoungGen: 7486K->864K(7680K)] 18861K->12262K(24576K), 0.0003890 secs] [Times: user=0.00 sys=0.00, real=0.00 secs] 
49.756: Total time for which application threads were stopped: 0.0004880 seconds, Stopping threads took: 0.0000450 seconds
49.785: Application time: 0.0288600 seconds
49.785: [GC [PSYoungGen: 7518K->864K(7680K)] 18917K->12278K(24576K), 0.0003950 secs] [Times: user=0.00 sys=0.00, real=0.00 secs] 
49.785: Total time for which application threads were stopped: 0.0004890 seconds, Stopping threads took: 0.0000440 seconds
49.813: Application time: 0.0273530 seconds
49.813: [GC [PSYoungGen: 7518K->992K(7680K)] 18932K->12622K(24576K), 0.0004700 secs] [Times: user=0.00 sys=0.00, real=0.00 secs] 
49.813: Total time for which application threads were stopped: 0.0005750 seconds, Stopping threads took: 0.0000490 seconds
49.839: Application time: 0.0257670 seconds
49.839: [GC [PSYoungGen: 7644K->992K(7680K)] 19275K->12798K(24576K), 0.0005440 secs] [Times: user=0.00 sys=0.00, real=0.00 secs] 
49.840: Total time for which application threads were stopped: 0.0006450 seconds, Stopping threads took: 0.0000460 seconds
49.869: Application time: 0.0292120 seconds
49.869: [GC [PSYoungGen: 7644K->992K(7680K)] 19450K->12814K(24576K), 0.0004660 secs] [Times: user=0.00 sys=0.00, real=0.00 secs] 
49.869: Total time for which application threads were stopped: 0.0005680 seconds, Stopping threads took: 0.0000490 seconds
49.899: Application time: 0.0293650 seconds
49.899: [GC [PSYoungGen: 7646K->992K(7680K)] 19469K->12830K(24576K), 0.0004220 secs] [Times: user=0.01 sys=0.00, real=0.00 secs] 
49.899: Total time for which application threads were stopped: 0.0005170 seconds, Stopping threads took: 0.0000420 seconds
49.929: Application time: 0.0295160 seconds
49.929: [GC [PSYoungGen: 7646K->832K(7680K)] 19485K->12870K(24576K), 0.0004160 secs] [Times: user=0.00 sys=0.00, real=0.00 secs] 
49.929: Total time for which application threads were stopped: 0.0005240 seconds, Stopping threads took: 0.0000550 seconds
49.959: Application time: 0.0295100 seconds
49.963: [GC [PSYoungGen: 7486K->832K(7680K)] 19525K->12918K(24576K), 0.0004280 secs] [Times: user=0.00 sys=0.00, real=0.00 secs] 
49.963: Total time for which application threads were stopped: 0.0043440 seconds, Stopping threads took: 0.0038640 seconds
49.993: Application time: 0.0297240 seconds
49.993: [GC [PSYoungGen: 7486K->736K(7680K)] 19573K->12899K(24576K), 0.0004420 secs] [Times: user=0.00 sys=0.00, real=0.00 secs] 
49.994: Total time for which application threads were stopped: 0.0005730 seconds, Stopping threads took: 0.0000780 seconds
50.023: Application time: 0.0296490 seconds
50.023: [GC [PSYoungGen: 7390K->704K(7680K)] 19553K->12867K(24576K), 0.0003590 secs] [Times: user=0.00 sys=0.00, real=0.00 secs] 
50.024: Total time for which application threads were stopped: 0.0004700 seconds, Stopping threads took: 0.0000570 seconds
50.053: Application time: 0.0293770 seconds
50.053: [GC [PSYoungGen: 7358K->736K(7680K)] 19521K->12899K(24576K), 0.0003430 secs] [Times: user=0.00 sys=0.00, real=0.00 secs] 
50.054: Total time for which application threads were stopped: 0.0004410 seconds, Stopping threads took: 0.0000470 seconds
50.083: Application time: 0.0298520 seconds
50.083: [GC [PSYoungGen: 7390K->480K(7680K)] 19553K->12831K(24576K), 0.0004480 secs] [Times: user=0.01 sys=0.00, real=0.00 secs] 
50.084: Total time for which application threads were stopped: 0.0005400 seconds, Stopping threads took: 0.0000350 seconds
50.113: Application time: 0.0294120 seconds
50.113: [GC [PSYoungGen: 7134K->544K(7680K)] 19486K->12895K(24576K), 0.0003630 secs] [Times: user=0.00 sys=0.00, real=0.00 secs] 
50.114: Total time for which application threads were stopped: 0.0004680 seconds, Stopping threads took: 0.0000450 seconds
50.143: Application time: 0.0295210 seconds
50.143: [GC [PSYoungGen: 7198K->736K(7680K)] 19550K->13087K(24576K), 0.0003750 secs] [Times: user=0.00 sys=0.00, real=0.00 secs] 
50.144: Total time for which application threads were stopped: 0.0004830 seconds, Stopping threads took: 0.0000560 seconds
50.173: Application time: 0.0294860 seconds
50.173: [GC [PSYoungGen: 7390K->544K(7680K)] 19742K->12895K(24576K), 0.0004050 secs] [Times: user=0.00 sys=0.00, real=0.00 secs] 
50.174: Total time for which application threads were stopped: 0.0005050 seconds, Stopping threads took: 0.0000480 seconds
50.203: Application time: 0.0294840 seconds
50.203: [GC [PSYoungGen: 7198K->544K(7680K)] 19550K->12895K(24576K), 0.0003760 secs] [Times: user=0.01 sys=0.00, real=0.00 secs] 
50.204: Total time for which application threads were stopped: 0.0004830 seconds, Stopping threads took: 0.0000570 seconds
50.233: Application time: 0.0294320 seconds
50.233: [GC [PSYoungGen: 7198K->544K(7680K)] 19550K->12895K(24576K), 0.0003670 secs] [Times: user=0.00 sys=0.00, real=0.00 secs] 
50.234: Total time for which application threads were stopped: 0.0004650 seconds, Stopping threads took: 0.0000470 seconds
50.263: Application time: 0.0295950 seconds
50.263: [GC [PSYoungGen: 7198K->576K(7680K)] 19550K->12935K(24576K), 0.0003690 secs] [Times: user=0.00 sys=0.00, real=0.00 secs] 
50.264: Total time for which application threads were stopped: 0.0004580 seconds, Stopping threads took: 0.0000380 seconds
50.293: Application time: 0.0295450 seconds
50.293: [GC [PSYoungGen: 7230K->0K(7680K)] 19590K->12965K(24576K), 0.0004710 secs] [Times: user=0.00 sys=0.00, real=0.00 secs] 
50.294: Total time for which application threads were stopped: 0.0005840 seconds, Stopping threads took: 0.0000620 seconds
50.323: Application time: 0.0294110 seconds
50.323: [GC [PSYoungGen: 6654K->0K(7680K)] 19619K->12965K(24576K), 0.0002960 secs] [Times: user=0.00 sys=0.00, real=0.00 secs] 
50.324: Total time for which application threads were stopped: 0.0003940 seconds, Stopping threads took: 0.0000480 seconds
50.353: Application time: 0.0293860 seconds
50.353: [GC [PSYoungGen: 6654K->0K(7680K)] 19619K->12965K(24576K), 0.0003570 secs] [Times: user=0.00 sys=0.00, real=0.00 secs] 
50.353: Total time for which application threads were stopped: 0.0004590 seconds, Stopping threads took: 0.0000560 seconds
50.383: Application time: 0.0294650 seconds
50.383: [GC [PSYoungGen: 6654K->0K(7680K)] 19619K->12965K(24576K), 0.0002780 secs] [Times: user=0.01 sys=0.00, real=0.00 secs] 
50.383: Total time for which application threads were stopped: 0.0003680 seconds, Stopping threads took: 0.0000360 seconds
50.413: Application time: 0.0294230 seconds
50.413: [GC [PSYoungGen: 6654K->0K(7680K)] 19619K->12965K(24576K), 0.0002880 secs] [Times: user=0.00 sys=0.00, real=0.00 secs] 
50.413: Total time for which application threads were stopped: 0.0003880 seconds, Stopping threads took: 0.0000520 seconds
50.441: Application time: 0.0274880 seconds
50.441: [GC [PSYoungGen: 6654K->352K(7680K)] 19619K->13317K(24576K), 0.0003170 secs] [Times: user=0.00 sys=0.00, real=0.00 secs] 
50.441: Total time for which application threads were stopped: 0.0004180 seconds, Stopping threads took: 0.0000510 seconds
50.462: Application time: 0.0205850 seconds
50.462: [GC [PSYoungGen: 7004K->384K(7680K)] 19970K->13349K(24576K), 0.0003330 secs] [Times: user=0.00 sys=0.00, real=0.00 secs] 
50.462: Total time for which application threads were stopped: 0.0004350 seconds, Stopping threads took: 0.0000520 seconds
50.483: Application time: 0.0210460 seconds
50.483: [GC [PSYoungGen: 7038K->224K(7680K)] 20004K->13189K(24576K), 0.0003390 secs] [Times: user=0.00 sys=0.00, real=0.00 secs] 
50.484: Total time for which application threads were stopped: 0.0004420 seconds, Stopping threads took: 0.0000540 seconds
50.512: Application time: 0.0280850 seconds
50.512: [GC [PSYoungGen: 6879K->352K(7680K)] 19844K->13317K(24576K), 0.0003180 secs] [Times: user=0.00 sys=0.00, real=0.00 secs] 
50.512: Total time for which application threads were stopped: 0.0004040 seconds, Stopping threads took: 0.0000380 seconds
50.537: Application time: 0.0244550 seconds
50.537: [GC [PSYoungGen: 7006K->480K(7680K)] 19971K->13445K(24576K), 0.0003630 secs] [Times: user=0.00 sys=0.00, real=0.00 secs] 
50.537: Total time for which application threads were stopped: 0.0004640 seconds, Stopping threads took: 0.0000510 seconds
50.557: Application time: 0.0204030 seconds
50.557: [GC [PSYoungGen: 7134K->672K(7680K)] 20099K->13637K(24576K), 0.0003770 secs] [Times: user=0.00 sys=0.00, real=0.00 secs] 
50.558: Total time for which application threads were stopped: 0.0004790 seconds, Stopping threads took: 0.0000530 seconds
50.580: Application time: 0.0220490 seconds
50.580: [GC [PSYoungGen: 7325K->672K(7680K)] 20290K->13637K(24576K), 0.0003930 secs] [Times: user=0.00 sys=0.00, real=0.00 secs] 
50.580: Total time for which application threads were stopped: 0.0004740 seconds, Stopping threads took: 0.0000310 seconds
50.609: Application time: 0.0288470 seconds
50.609: [GC [PSYoungGen: 7324K->480K(7680K)] 20289K->13445K(24576K), 0.0003530 secs] [Times: user=0.00 sys=0.00, real=0.00 secs] 
50.610: Total time for which application threads were stopped: 0.0004430 seconds, Stopping threads took: 0.0000380 seconds
50.639: Application time: 0.0290220 seconds
50.639: [GC [PSYoungGen: 7132K->512K(7680K)] 20097K->13477K(24576K), 0.0004150 secs] [Times: user=0.00 sys=0.00, real=0.00 secs] 
50.639: Total time for which application threads were stopped: 0.0005520 seconds, Stopping threads took: 0.0000660 seconds
50.667: Application time: 0.0281230 seconds
50.667: [GC [PSYoungGen: 7165K->544K(7680K)] 20130K->13509K(24576K), 0.0003950 secs] [Times: user=0.00 sys=0.00, real=0.00 secs] 
50.671: Total time for which application threads were stopped: 0.0032410 seconds, Stopping threads took: 0.0000550 seconds
50.700: Application time: 0.0291000 seconds
50.700: [GC [PSYoungGen: 7198K->544K(7680K)] 20163K->13509K(24576K), 0.0003490 secs] [Times: user=0.00 sys=0.00, real=0.00 secs] 
50.700: Total time for which application threads were stopped: 0.0004430 seconds, Stopping threads took: 0.0000450 seconds
50.721: Application time: 0.0207230 seconds
50.721: [GC [PSYoungGen: 7196K->768K(7680K)] 20161K->13733K(24576K), 0.0003730 secs] [Times: user=0.00 sys=0.00, real=0.00 secs] 
50.721: Total time for which application threads were stopped: 0.0004690 seconds, Stopping threads took: 0.0000450 seconds
50.742: Application time: 0.0208450 seconds
50.742: [GC [PSYoungGen: 7423K->704K(7680K)] 20389K->13669K(24576K), 0.0003710 secs] [Times: user=0.01 sys=0.00, real=0.00 secs] 
50.743: Total time for which application threads were stopped: 0.0004710 seconds, Stopping threads took: 0.0000380 seconds
50.769: Application time: 0.0259180 seconds
50.769: [GC [PSYoungGen: 7355K->704K(7680K)] 20321K->13669K(24576K), 0.0003690 secs] [Times: user=0.00 sys=0.00, real=0.00 secs] 
50.769: Total time for which application threads were stopped: 0.0004710 seconds, Stopping threads took: 0.0000500 seconds
50.798: Application time: 0.0289600 seconds
50.798: [GC [PSYoungGen: 7356K->768K(7680K)] 20321K->13733K(24576K), 0.0004090 secs] [Times: user=0.00 sys=0.00, real=0.00 secs] 
50.799: Total time for which application threads were stopped: 0.0005130 seconds, Stopping threads took: 0.0000520 seconds
50.822: Application time: 0.0233050 seconds
50.822: [GC [PSYoungGen: 7422K->960K(7680K)] 20387K->13925K(24576K), 0.0004030 secs] [Times: user=0.01 sys=0.00, real=0.00 secs] 
50.822: Total time for which application threads were stopped: 0.0005090 seconds, Stopping threads took: 0.0000530 seconds
50.843: Application time: 0.0205540 seconds
50.843: [GC [PSYoungGen: 7612K->960K(7680K)] 20577K->13925K(24576K), 0.0003980 secs] [Times: user=0.00 sys=0.00, real=0.00 secs] 
50.843: Total time for which application threads were stopped: 0.0004880 seconds, Stopping threads took: 0.0000380 seconds
50.866: Application time: 0.0223380 seconds
50.866: [GC [PSYoungGen: 7614K->960K(7680K)] 20579K->13925K(24576K), 0.0004610 secs] [Times: user=0.00 sys=0.00, real=0.00 secs] 
50.866: Total time for which application threads were stopped: 0.0005520 seconds, Stopping threads took: 0.0000370 seconds
50.893: Application time: 0.0268600 seconds
50.893: [GC [PSYoungGen: 7614K->992K(7680K)] 20579K->13957K(24576K), 0.0004270 secs] [Times: user=0.01 sys=0.00, real=0.00 secs] 
50.894: Total time for which application threads were stopped: 0.0005350 seconds, Stopping threads took: 0.0000550 seconds
50.920: Application time: 0.0266190 seconds
50.920: [GC [PSYoungGen: 7646K->1008K(7680K)] 20611K->14125K(24576K), 0.0005050 secs] [Times: user=0.00 sys=0.00, real=0.00 secs] 
50.921: Total time for which application threads were stopped: 0.0006020 seconds, Stopping threads took: 0.0000430 seconds
50.941: Application time: 0.0197210 seconds
50.941: [GC [PSYoungGen: 7662K->992K(7680K)] 20780K->14125K(24576K), 0.0004700 secs] [Times: user=0.00 sys=0.00, real=0.00 secs] 
50.941: Total time for which application threads were stopped: 0.0005740 seconds, Stopping threads took: 0.0000510 seconds
50.962: Application time: 0.0210380 seconds
50.962: [GC [PSYoungGen: 7647K->992K(7680K)] 20781K->14157K(24576K), 0.0004280 secs] [Times: user=0.00 sys=0.00, real=0.00 secs] 
50.963: Total time for which application threads were stopped: 0.0005290 seconds, Stopping threads took: 0.0000490 seconds
50.989: Application time: 0.0258580 seconds
50.989: [GC [PSYoungGen: 7647K->992K(7680K)] 20813K->14285K(24576K), 0.0004370 secs] [Times: user=0.00 sys=0.00, real=0.00 secs] 
50.989: Total time for which application threads were stopped: 0.0005450 seconds, Stopping threads took: 0.0000530 seconds
51.018: Application time: 0.0286960 seconds
51.018: [GC [PSYoungGen: 7644K->960K(7680K)] 20937K->14253K(24576K), 0.0004120 secs] [Times: user=0.00 sys=0.00, real=0.00 secs] 
51.018: Total time for which application threads were stopped: 0.0005090 seconds, Stopping threads took: 0.0000450 seconds
51.046: Application time: 0.0280180 seconds
51.047: [GC [PSYoungGen: 7613K->976K(7680K)] 20907K->14277K(24576K), 0.0004290 secs] [Times: user=0.00 sys=0.01, real=0.01 secs] 
51.047: Total time for which application threads were stopped: 0.0005370 seconds, Stopping threads took: 0.0000520 seconds
51.076: Application time: 0.0289370 seconds
51.076: [GC [PSYoungGen: 7630K->928K(7680K)] 20932K->14229K(24576K), 0.0004580 secs] [Times: user=0.00 sys=0.00, real=0.00 secs] 
51.076: Total time for which application threads were stopped: 0.0005640 seconds, Stopping threads took: 0.0000510 seconds
51.105: Application time: 0.0284050 seconds
51.107: [GC [PSYoungGen: 7518K->1008K(7680K)] 20819K->14309K(24576K), 0.0004630 secs] [Times: user=0.00 sys=0.00, real=0.00 secs] 
51.107: Total time for which application threads were stopped: 0.0024260 seconds, Stopping threads took: 0.0019070 seconds
51.121: Application time: 0.0141000 seconds
51.121: [GC [PSYoungGen: 7663K->1008K(7680K)] 20964K->14797K(24576K), 0.0005500 secs] [Times: user=0.00 sys=0.00, real=0.00 secs] 
51.122: Total time for which application threads were stopped: 0.0006530 seconds, Stopping threads took: 0.0000490 seconds
51.135: Application time: 0.0125800 seconds
51.135: [GC [PSYoungGen: 7660K->1008K(7680K)] 21450K->15085K(24576K), 0.0005320 secs] [Times: user=0.00 sys=0.00, real=0.00 secs] 
51.135: Total time for which application threads were stopped: 0.0006380 seconds, Stopping threads took: 0.0000500 seconds
51.151: Application time: 0.0154180 seconds
51.151: [GC [PSYoungGen: 7661K->1008K(7680K)] 21739K->15245K(24576K), 0.0004640 secs] [Times: user=0.00 sys=0.00, real=0.00 secs] 
51.151: Total time for which application threads were stopped: 0.0005810 seconds, Stopping threads took: 0.0000530 seconds
51.166: Application time: 0.0150960 seconds
51.166: [GC [PSYoungGen: 7662K->992K(7680K)] 21899K->15413K(24576K), 0.0004700 secs] [Times: user=0.00 sys=0.00, real=0.01 secs] 
51.167: Total time for which application threads were stopped: 0.0005790 seconds, Stopping threads took: 0.0000540 seconds
51.194: Application time: 0.0271370 seconds
51.194: [GC [PSYoungGen: 7643K->992K(7680K)] 22065K->15461K(24576K), 0.0004850 secs] [Times: user=0.00 sys=0.00, real=0.00 secs] 
51.195: Total time for which application threads were stopped: 0.0005930 seconds, Stopping threads took: 0.0000560 seconds
51.221: Application time: 0.0268150 seconds
51.222: [GC [PSYoungGen: 7644K->1008K(7680K)] 22113K->15618K(24576K), 0.0004930 secs] [Times: user=0.01 sys=0.00, real=0.00 secs] 
51.222: Total time for which application threads were stopped: 0.0005960 seconds, Stopping threads took: 0.0000510 seconds
51.248: Application time: 0.0258790 seconds
51.248: [GC [PSYoungGen: 7659K->992K(7680K)] 22270K->16014K(24576K), 0.0004850 secs] [Times: user=0.01 sys=0.00, real=0.00 secs] 
51.249: Total time for which application threads were stopped: 0.0005810 seconds, Stopping threads took: 0.0000430 seconds
51.277: Application time: 0.0284510 seconds
51.277: [GC [PSYoungGen: 7644K->992K(7680K)] 22666K->16218K(24576K), 0.0004620 secs] [Times: user=0.01 sys=0.00, real=0.00 secs] 
51.278: Total time for which application threads were stopped: 0.0005570 seconds, Stopping threads took: 0.0000430 seconds
51.307: Application time: 0.0290100 seconds
51.311: [GC [PSYoungGen: 7644K->992K(7680K)] 22871K->16282K(24576K), 0.0005050 secs] [Times: user=0.00 sys=0.00, real=0.00 secs] 
51.311: Total time for which application threads were stopped: 0.0047920 seconds, Stopping threads took: 0.0042240 seconds
51.340: Application time: 0.0288590 seconds
51.340: [GC [PSYoungGen: 7646K->992K(7680K)] 22937K->16298K(24576K), 0.0004180 secs] [Times: user=0.01 sys=0.00, real=0.00 secs] 
51.341: Total time for which application threads were stopped: 0.0005530 seconds, Stopping threads took: 0.0000770 seconds
51.368: Application time: 0.0274230 seconds
51.368: [GC [PSYoungGen: 7645K->992K(7680K)] 22952K->16498K(24576K), 0.0004870 secs] [Times: user=0.01 sys=0.00, real=0.00 secs] 
51.369: Total time for which application threads were stopped: 0.0006110 seconds, Stopping threads took: 0.0000630 seconds
51.398: Application time: 0.0290760 seconds
51.398: [GC [PSYoungGen: 7646K->992K(7680K)] 23153K->16514K(24576K), 0.0004300 secs] [Times: user=0.00 sys=0.00, real=0.00 secs] 
51.398: Total time for which application threads were stopped: 0.0005360 seconds, Stopping threads took: 0.0000540 seconds
51.428: Application time: 0.0291140 seconds
51.428: [GC [PSYoungGen: 7644K->928K(7680K)] 23167K->16506K(24576K), 0.0004220 secs] [Times: user=0.00 sys=0.00, real=0.00 secs] 
51.428: Total time for which application threads were stopped: 0.0005350 seconds, Stopping threads took: 0.0000600 seconds
51.457: Application time: 0.0292440 seconds
51.457: [GC [PSYoungGen: 7582K->960K(7680K)] 23161K->16538K(24576K), 0.0004150 secs] [Times: user=0.00 sys=0.00, real=0.00 secs] 
51.458: Total time for which application threads were stopped: 0.0005190 seconds, Stopping threads took: 0.0000500 seconds
51.487: Application time: 0.0293320 seconds
51.487: [GC [PSYoungGen: 7614K->928K(7680K)] 23193K->16506K(24576K), 0.0003840 secs] [Times: user=0.00 sys=0.00, real=0.00 secs] 
51.488: Total time for which application threads were stopped: 0.0004800 seconds, Stopping threads took: 0.0000440 seconds
51.517: Application time: 0.0291210 seconds
51.517: [GC [PSYoungGen: 7582K->960K(7680K)] 23161K->16578K(24576K), 0.0004340 secs] [Times: user=0.00 sys=0.00, real=0.00 secs] 
51.517: Total time for which application threads were stopped: 0.0005440 seconds, Stopping threads took: 0.0000580 seconds
51.545: Application time: 0.0281420 seconds
51.546: [GC [PSYoungGen: 7613K->896K(7680K)] 23232K->16530K(24576K), 0.0004400 secs] [Times: user=0.00 sys=0.00, real=0.00 secs] 
51.546: Total time for which application threads were stopped: 0.0005440 seconds, Stopping threads took: 0.0000500 seconds
51.571: Application time: 0.0250430 seconds
51.571: [GC [PSYoungGen: 7551K->992K(7680K)] 23186K->16975K(24576K), 0.0004950 secs] [Times: user=0.01 sys=0.00, real=0.00 secs] 
51.572: Total time for which application threads were stopped: 0.0005780 seconds, Stopping threads took: 0.0000290 seconds
51.601: Application time: 0.0292060 seconds
51.601: [GC [PSYoungGen: 7646K->992K(7680K)] 23630K->16975K(24576K), 0.0004760 secs] [Times: user=0.00 sys=0.00, real=0.00 secs] 
51.601: Total time for which application threads were stopped: 0.0005780 seconds, Stopping threads took: 0.0000490 seconds
51.631: Application time: 0.0296460 seconds
51.631: [GC [PSYoungGen: 7646K->960K(7680K)] 23630K->16967K(24576K), 0.0005080 secs] [Times: user=0.01 sys=0.00, real=0.00 secs] 
51.632: Total time for which application threads were stopped: 0.0006150 seconds, Stopping threads took: 0.0000460 seconds
51.661: Application time: 0.0296330 seconds
51.661: [GC [PSYoungGen: 7614K->992K(7680K)] 23622K->17007K(24576K), 0.0005130 secs] [Times: user=0.00 sys=0.00, real=0.00 secs] 
51.662: Total time for which application threads were stopped: 0.0006330 seconds, Stopping threads took: 0.0000570 seconds
51.692: Application time: 0.0297250 seconds
51.692: [GC [PSYoungGen: 7646K->832K(7680K)] 23662K->17079K(24576K), 0.0004200 secs] [Times: user=0.00 sys=0.00, real=0.00 secs] 
51.692: Total time for which application threads were stopped: 0.0005200 seconds, Stopping threads took: 0.0000490 seconds
51.722: Application time: 0.0295060 seconds
51.722: [GC [PSYoungGen: 7486K->768K(7680K)] 23734K->17092K(24576K), 0.0003850 secs] [Times: user=0.00 sys=0.00, real=0.00 secs] 
51.722: Total time for which application threads were stopped: 0.0004830 seconds, Stopping threads took: 0.0000400 seconds
51.752: Application time: 0.0296730 seconds
51.752: [GC [PSYoungGen: 7422K->800K(7680K)] 23746K->17124K(24576K), 0.0003650 secs] [Times: user=0.00 sys=0.00, real=0.00 secs] 
51.752: Total time for which application threads were stopped: 0.0004580 seconds, Stopping threads took: 0.0000400 seconds
51.782: Application time: 0.0295230 seconds
51.782: [GC [PSYoungGen: 7454K->832K(7680K)] 23778K->17156K(24576K), 0.0003580 secs] [Times: user=0.00 sys=0.00, real=0.00 secs] 
51.782: Total time for which application threads were stopped: 0.0004610 seconds, Stopping threads took: 0.0000510 seconds
51.812: Application time: 0.0296370 seconds
51.812: [GC [PSYoungGen: 7486K->544K(7680K)] 23810K->17092K(24576K), 0.0004250 secs] [Times: user=0.00 sys=0.00, real=0.00 secs] 
51.813: [Full GC [PSYoungGen: 544K->0K(7680K)] [ParOldGen: 16548K->3729K(16896K)] 17092K->3729K(24576K) [PSPermGen: 5536K->5536K(21504K)], 0.0062220 secs] [Times: user=0.02 sys=0.01, real=0.01 secs] 
51.819: Total time for which application threads were stopped: 0.0068040 seconds, Stopping threads took: 0.0000530 seconds
51.848: Application time: 0.0296970 seconds
51.849: [GC [PSYoungGen: 6654K->0K(7680K)] 10384K->3729K(24576K), 0.0003240 secs] [Times: user=0.00 sys=0.00, real=0.00 secs] 
51.849: Total time for which application threads were stopped: 0.0004300 seconds, Stopping threads took: 0.0000520 seconds
51.879: Application time: 0.0295990 seconds
51.883: [GC [PSYoungGen: 6654K->0K(7680K)] 10384K->3729K(24576K), 0.0003120 secs] [Times: user=0.00 sys=0.00, real=0.00 secs] 
51.883: Total time for which application threads were stopped: 0.0046410 seconds, Stopping threads took: 0.0042780 seconds
51.913: Application time: 0.0296610 seconds
51.913: [GC [PSYoungGen: 6654K->0K(7680K)] 10384K->3729K(24576K), 0.0002780 secs] [Times: user=0.00 sys=0.00, real=0.00 secs] 
51.913: Total time for which application threads were stopped: 0.0004010 seconds, Stopping threads took: 0.0000720 seconds
51.943: Application time: 0.0296990 seconds
51.947: [GC [PSYoungGen: 6654K->0K(7680K)] 10384K->3729K(24576K), 0.0002880 secs] [Times: user=0.00 sys=0.00, real=0.00 secs] 
51.947: Total time for which application threads were stopped: 0.0042090 seconds, Stopping threads took: 0.0038690 seconds
51.977: Application time: 0.0296200 seconds
51.977: [GC [PSYoungGen: 6654K->0K(7680K)] 10384K->3729K(24576K), 0.0002750 secs] [Times: user=0.00 sys=0.00, real=0.00 secs] 
51.977: Total time for which application threads were stopped: 0.0003860 seconds, Stopping threads took: 0.0000620 seconds
52.007: Application time: 0.0295840 seconds
52.007: [GC [PSYoungGen: 6654K->0K(7680K)] 10384K->3729K(24576K), 0.0002850 secs] [Times: user=0.00 sys=0.00, real=0.00 secs] 
52.007: Total time for which application threads were stopped: 0.0003760 seconds, Stopping threads took: 0.0000450 seconds
52.037: Application time: 0.0297010 seconds
52.037: [GC [PSYoungGen: 6654K->0K(7680K)] 10384K->3729K(24576K), 0.0002780 secs] [Times: user=0.00 sys=0.00, real=0.00 secs] 
52.037: Total time for which application threads were stopped: 0.0003840 seconds, Stopping threads took: 0.0000580 seconds
52.067: Application time: 0.0296420 seconds
52.067: [GC [PSYoungGen: 6654K->0K(7680K)] 10384K->3729K(24576K), 0.0002800 secs] [Times: user=0.00 sys=0.00, real=0.00 secs] 
52.067: Total time for which application threads were stopped: 0.0003870 seconds, Stopping threads took: 0.0000610 seconds
52.097: Application time: 0.0296240 seconds
52.097: [GC [PSYoungGen: 6654K->0K(7680K)] 10384K->3729K(24576K), 0.0003150 secs] [Times: user=0.00 sys=0.00, real=0.00 secs] 
52.097: Total time for which application threads were stopped: 0.0004110 seconds, Stopping threads took: 0.0000490 seconds
52.127: Application time: 0.0296250 seconds
52.127: [GC [PSYoungGen: 6654K->0K(7680K)] 10384K->3729K(24576K), 0.0002840 secs] [Times: user=0.00 sys=0.00, real=0.00 secs] 
52.127: Total time for which application threads were stopped: 0.0003830 seconds, Stopping threads took: 0.0000510 seconds
52.157: Application time: 0.0296310 seconds
52.157: [GC [PSYoungGen: 6654K->0K(7680K)] 10384K->3729K(24576K), 0.0003180 secs] [Times: user=0.00 sys=0.00, real=0.00 secs] 
52.157: Total time for which application threads were stopped: 0.0004000 seconds, Stopping threads took: 0.0000370 seconds
52.180: Application time: 0.0230240 seconds
52.180: [GC [PSYoungGen: 6651K->384K(7680K)] 10380K->4113K(24576K), 0.0003160 secs] [Times: user=0.00 sys=0.00, real=0.00 secs] 
52.181: Total time for which application threads were stopped: 0.0004220 seconds, Stopping threads took: 0.0000440 seconds
52.202: Application time: 0.0212680 seconds
52.202: [GC [PSYoungGen: 7037K->352K(7680K)] 10767K->4081K(24576K), 0.0003090 secs] [Times: user=0.00 sys=0.00, real=0.00 secs] 
52.202: Total time for which application threads were stopped: 0.0003980 seconds, Stopping threads took: 0.0000410 seconds
52.227: Application time: 0.0243330 seconds
52.227: [GC [PSYoungGen: 7003K->384K(7680K)] 10732K->4113K(24576K), 0.0003070 secs] [Times: user=0.00 sys=0.00, real=0.00 secs] 
52.227: Total time for which application threads were stopped: 0.0004010 seconds, Stopping threads took: 0.0000460 seconds
52.256: Application time: 0.0292600 seconds
52.256: [GC [PSYoungGen: 7038K->352K(7680K)] 10767K->4081K(24576K), 0.0003040 secs] [Times: user=0.00 sys=0.00, real=0.00 secs] 
52.257: Total time for which application threads were stopped: 0.0004020 seconds, Stopping threads took: 0.0000490 seconds
52.279: Application time: 0.0224340 seconds
52.279: [GC [PSYoungGen: 7005K->448K(7680K)] 10735K->4177K(24576K), 0.0003720 secs] [Times: user=0.00 sys=0.00, real=0.00 secs] 
52.280: Total time for which application threads were stopped: 0.0004760 seconds, Stopping threads took: 0.0000520 seconds
52.301: Application time: 0.0213920 seconds
52.301: [GC [PSYoungGen: 7103K->608K(7680K)] 10833K->4337K(24576K), 0.0003590 secs] [Times: user=0.00 sys=0.00, real=0.00 secs] 
52.302: Total time for which application threads were stopped: 0.0004480 seconds, Stopping threads took: 0.0000420 seconds
52.325: Application time: 0.0236710 seconds
52.325: [GC [PSYoungGen: 7262K->544K(7680K)] 10991K->4273K(24576K), 0.0003250 secs] [Times: user=0.00 sys=0.00, real=0.00 secs] 
52.326: Total time for which application threads were stopped: 0.0004160 seconds, Stopping threads took: 0.0000420 seconds
52.355: Application time: 0.0289370 seconds
52.355: [GC [PSYoungGen: 7196K->480K(7680K)] 10925K->4209K(24576K), 0.0003420 secs] [Times: user=0.00 sys=0.00, real=0.00 secs] 
52.355: Total time for which application threads were stopped: 0.0004460 seconds, Stopping threads took: 0.0000520 seconds
52.383: Application time: 0.0281280 seconds
52.383: [GC [PSYoungGen: 7132K->544K(7680K)] 10861K->4273K(24576K), 0.0003190 secs] [Times: user=0.00 sys=0.00, real=0.00 secs] 
52.384: Total time for which application threads were stopped: 0.0004240 seconds, Stopping threads took: 0.0000550 seconds
52.413: Application time: 0.0293380 seconds
52.413: [GC [PSYoungGen: 7198K->480K(7680K)] 10928K->4209K(24576K), 0.0003210 secs] [Times: user=0.01 sys=0.00, real=0.00 secs] 
52.413: Total time for which application threads were stopped: 0.0004190 seconds, Stopping threads took: 0.0000500 seconds
52.443: Application time: 0.0293260 seconds
52.443: [GC [PSYoungGen: 7134K->512K(7680K)] 10864K->4241K(24576K), 0.0003230 secs] [Times: user=0.00 sys=0.00, real=0.00 secs] 
52.443: Total time for which application threads were stopped: 0.0004340 seconds, Stopping threads took: 0.0000630 seconds
52.466: Application time: 0.0231000 seconds
52.466: [GC [PSYoungGen: 7163K->736K(7680K)] 10893K->4465K(24576K), 0.0003630 secs] [Times: user=0.00 sys=0.00, real=0.00 secs] 
52.467: Total time for which application threads were stopped: 0.0004520 seconds, Stopping threads took: 0.0000390 seconds
52.488: Application time: 0.0212000 seconds
52.491: [GC [PSYoungGen: 7389K->672K(7680K)] 11119K->4401K(24576K), 0.0003470 secs] [Times: user=0.00 sys=0.00, real=0.00 secs] 
52.491: Total time for which application threads were stopped: 0.0032960 seconds, Stopping threads took: 0.0028990 seconds
52.515: Application time: 0.0237050 seconds
52.515: [GC [PSYoungGen: 7326K->736K(7680K)] 11055K->4465K(24576K), 0.0003350 secs] [Times: user=0.00 sys=0.00, real=0.00 secs] 
52.515: Total time for which application threads were stopped: 0.0004470 seconds, Stopping threads took: 0.0000610 seconds
52.544: Application time: 0.0289380 seconds
52.544: [GC [PSYoungGen: 7388K->672K(7680K)] 11117K->4401K(24576K), 0.0003400 secs] [Times: user=0.00 sys=0.00, real=0.00 secs] 
52.545: Total time for which application threads were stopped: 0.0004410 seconds, Stopping threads took: 0.0000470 seconds
52.570: Application time: 0.0255500 seconds
52.570: [GC [PSYoungGen: 7325K->960K(7680K)] 11055K->4689K(24576K), 0.0003700 secs] [Times: user=0.01 sys=0.00, real=0.00 secs] 
52.571: Total time for which application threads were stopped: 0.0004680 seconds, Stopping threads took: 0.0000450 seconds
52.591: Application time: 0.0205340 seconds
52.591: [GC [PSYoungGen: 7614K->928K(7680K)] 11344K->4657K(24576K), 0.0003900 secs] [Times: user=0.00 sys=0.00, real=0.00 secs] 
52.592: Total time for which application threads were stopped: 0.0004900 seconds, Stopping threads took: 0.0000470 seconds
52.612: Application time: 0.0206990 seconds
52.613: [GC [PSYoungGen: 7580K->960K(7680K)] 11309K->4689K(24576K), 0.0004540 secs] [Times: user=0.00 sys=0.00, real=0.00 secs] 
52.613: Total time for which application threads were stopped: 0.0005480 seconds, Stopping threads took: 0.0000400 seconds
52.640: Application time: 0.0272780 seconds
52.640: [GC [PSYoungGen: 7614K->992K(7680K)] 11343K->4729K(24576K), 0.0004670 secs] [Times: user=0.00 sys=0.00, real=0.00 secs] 
52.641: Total time for which application threads were stopped: 0.0005960 seconds, Stopping threads took: 0.0000710 seconds
52.669: Application time: 0.0284350 seconds
52.669: [GC [PSYoungGen: 7646K->992K(7680K)] 11383K->4889K(24576K), 0.0004630 secs] [Times: user=0.01 sys=0.00, real=0.00 secs] 
52.670: Total time for which application threads were stopped: 0.0005560 seconds, Stopping threads took: 0.0000390 seconds
52.690: Application time: 0.0199030 seconds
52.690: [GC [PSYoungGen: 7646K->992K(7680K)] 11544K->5053K(24576K), 0.0004420 secs] [Times: user=0.01 sys=0.00, real=0.00 secs] 
52.690: Total time for which application threads were stopped: 0.0005570 seconds, Stopping threads took: 0.0000530 seconds
52.711: Application time: 0.0203100 seconds
52.711: [GC [PSYoungGen: 7646K->960K(7680K)] 11708K->5277K(24576K), 0.0005120 secs] [Times: user=0.00 sys=0.00, real=0.00 secs] 
52.711: Total time for which application threads were stopped: 0.0006210 seconds, Stopping threads took: 0.0000520 seconds
52.738: Application time: 0.0265000 seconds
52.738: [GC [PSYoungGen: 7611K->992K(7680K)] 11929K->5445K(24576K), 0.0005380 secs] [Times: user=0.00 sys=0.00, real=0.00 secs] 
52.738: Total time for which application threads were stopped: 0.0006390 seconds, Stopping threads took: 0.0000430 seconds
52.767: Application time: 0.0287880 seconds
52.767: [GC [PSYoungGen: 7644K->832K(7680K)] 12097K->5485K(24576K), 0.0004560 secs] [Times: user=0.00 sys=0.00, real=0.00 secs] 
52.768: Total time for which application threads were stopped: 0.0005480 seconds, Stopping threads took: 0.0000410 seconds
52.796: Application time: 0.0280740 seconds
52.799: [GC [PSYoungGen: 7398K->896K(7680K)] 12051K->5549K(24576K), 0.0003960 secs] [Times: user=0.01 sys=0.00, real=0.00 secs] 
52.799: Total time for which application threads were stopped: 0.0034000 seconds, Stopping threads took: 0.0029520 seconds
52.828: Application time: 0.0289700 seconds
52.828: [GC [PSYoungGen: 7551K->1008K(7680K)] 12205K->5661K(24576K), 0.0004070 secs] [Times: user=0.01 sys=0.00, real=0.00 secs] 
52.829: Total time for which application threads were stopped: 0.0004920 seconds, Stopping threads took: 0.0000350 seconds
52.857: Application time: 0.0285670 seconds
52.857: [GC [PSYoungGen: 7625K->976K(7680K)] 12278K->5629K(24576K), 0.0004830 secs] [Times: user=0.00 sys=0.00, real=0.00 secs] 
52.858: Total time for which application threads were stopped: 0.0005870 seconds, Stopping threads took: 0.0000520 seconds
52.878: Application time: 0.0198610 seconds
52.878: [GC [PSYoungGen: 7628K->1008K(7680K)] 12282K->5805K(24576K), 0.0004470 secs] [Times: user=0.00 sys=0.00, real=0.00 secs] 
52.878: Total time for which application threads were stopped: 0.0005710 seconds, Stopping threads took: 0.0000700 seconds
52.896: Application time: 0.0176100 seconds
52.899: [GC [PSYoungGen: 7663K->992K(7680K)] 12460K->6209K(24576K), 0.0005400 secs] [Times: user=0.00 sys=0.00, real=0.00 secs] 
52.899: Total time for which application threads were stopped: 0.0034590 seconds, Stopping threads took: 0.0028660 seconds
52.914: Application time: 0.0143640 seconds
52.914: [GC [PSYoungGen: 7644K->1008K(7680K)] 12862K->6625K(24576K), 0.0005160 secs] [Times: user=0.00 sys=0.00, real=0.00 secs] 
52.914: Total time for which application threads were stopped: 0.0006140 seconds, Stopping threads took: 0.0000420 seconds
52.930: Application time: 0.0157210 seconds
52.930: [GC [PSYoungGen: 7660K->1008K(7680K)] 13278K->6754K(24576K), 0.0004410 secs] [Times: user=0.00 sys=0.00, real=0.00 secs] 
52.931: Total time for which application threads were stopped: 0.0005520 seconds, Stopping threads took: 0.0000470 seconds
52.949: Application time: 0.0181270 seconds
52.951: [GC [PSYoungGen: 7660K->992K(7680K)] 13406K->6882K(24576K), 0.0004900 secs] [Times: user=0.00 sys=0.00, real=0.00 secs] 
52.951: Total time for which application threads were stopped: 0.0025680 seconds, Stopping threads took: 0.0020220 seconds
52.977: Application time: 0.0252550 seconds
52.977: [GC [PSYoungGen: 7643K->1008K(7680K)] 13534K->7288K(24576K), 0.0005060 secs] [Times: user=0.00 sys=0.00, real=0.00 secs] 
52.977: Total time for which application threads were stopped: 0.0006110 seconds, Stopping threads took: 0.0000490 seconds
53.005: Application time: 0.0273060 seconds
53.005: [GC [PSYoungGen: 7659K->992K(7680K)] 13939K->7324K(24576K), 0.0004540 secs] [Times: user=0.00 sys=0.00, real=0.00 secs] 
53.005: Total time for which application threads were stopped: 0.0005540 seconds, Stopping threads took: 0.0000480 seconds
53.031: Application time: 0.0262970 seconds
53.031: [GC [PSYoungGen: 7645K->992K(7680K)] 13977K->7669K(24576K), 0.0004940 secs] [Times: user=0.01 sys=0.00, real=0.00 secs] 
53.032: Total time for which application threads were stopped: 0.0006000 seconds, Stopping threads took: 0.0000520 seconds
53.061: Application time: 0.0287700 seconds
53.061: [GC [PSYoungGen: 7644K->944K(7680K)] 14321K->7781K(24576K), 0.0004520 secs] [Times: user=0.00 sys=0.00, real=0.00 secs] 
53.061: Total time for which application threads were stopped: 0.0005540 seconds, Stopping threads took: 0.0000510 seconds
53.090: Application time: 0.0289860 seconds
53.090: [GC [PSYoungGen: 7598K->944K(7680K)] 14435K->7797K(24576K), 0.0004620 secs] [Times: user=0.00 sys=0.00, real=0.00 secs] 
53.091: Total time for which application threads were stopped: 0.0005730 seconds, Stopping threads took: 0.0000570 seconds
53.120: Application time: 0.0287380 seconds
53.120: [GC [PSYoungGen: 7598K->880K(7680K)] 14451K->7813K(24576K), 0.0004040 secs] [Times: user=0.00 sys=0.00, real=0.00 secs] 
53.120: Total time for which application threads were stopped: 0.0005110 seconds, Stopping threads took: 0.0000540 seconds
53.147: Application time: 0.0273300 seconds
53.147: [GC [PSYoungGen: 7534K->992K(7680K)] 14467K->7941K(24576K), 0.0004200 secs] [Times: user=0.00 sys=0.00, real=0.00 secs] 
53.148: Total time for which application threads were stopped: 0.0005070 seconds, Stopping threads took: 0.0000350 seconds
53.177: Application time: 0.0293640 seconds
53.177: [GC [PSYoungGen: 7644K->992K(7680K)] 14593K->7949K(24576K), 0.0004200 secs] [Times: user=0.00 sys=0.00, real=0.00 secs] 
53.178: Total time for which application threads were stopped: 0.0005340 seconds, Stopping threads took: 0.0000600 seconds
53.207: Application time: 0.0289880 seconds
53.207: [GC [PSYoungGen: 7646K->992K(7680K)] 14603K->7957K(24576K), 0.0004100 secs] [Times: user=0.00 sys=0.00, real=0.00 secs] 
53.207: Total time for which application threads were stopped: 0.0005080 seconds, Stopping threads took: 0.0000380 seconds
53.237: Application time: 0.0292430 seconds
53.237: [GC [PSYoungGen: 7646K->960K(7680K)] 14611K->7925K(24576K), 0.0004080 secs] [Times: user=0.00 sys=0.00, real=0.00 secs] 
53.237: Total time for which application threads were stopped: 0.0004950 seconds, Stopping threads took: 0.0000360 seconds
53.266: Application time: 0.0290830 seconds
53.267: [GC [PSYoungGen: 7612K->992K(7680K)] 14577K->7989K(24576K), 0.0003960 secs] [Times: user=0.00 sys=0.00, real=0.00 secs] 
53.267: Total time for which application threads were stopped: 0.0010690 seconds, Stopping threads took: 0.0006180 seconds
53.296: Application time: 0.0284180 seconds
53.296: [GC [PSYoungGen: 7643K->992K(7680K)] 14640K->8165K(24576K), 0.0004830 secs] [Times: user=0.00 sys=0.00, real=0.00 secs] 
53.296: Total time for which application threads were stopped: 0.0005910 seconds, Stopping threads took: 0.0000540 seconds
53.324: Application time: 0.0274350 seconds
53.324: [GC [PSYoungGen: 7646K->992K(7680K)] 14819K->8301K(24576K), 0.0004980 secs] [Times: user=0.00 sys=0.00, real=0.00 secs] 
53.324: Total time for which application threads were stopped: 0.0006150 seconds, Stopping threads took: 0.0000550 seconds
53.351: Application time: 0.0267140 seconds
53.351: [GC [PSYoungGen: 7645K->992K(7680K)] 14954K->8613K(24576K), 0.0004790 secs] [Times: user=0.00 sys=0.00, real=0.00 secs] 
53.352: Total time for which application threads were stopped: 0.0005920 seconds, Stopping threads took: 0.0000550 seconds
53.381: Application time: 0.0293030 seconds
53.381: [GC [PSYoungGen: 7646K->960K(7680K)] 15267K->8581K(24576K), 0.0004180 secs] [Times: user=0.00 sys=0.00, real=0.00 secs] 
53.381: Total time for which application threads were stopped: 0.0005340 seconds, Stopping threads took: 0.0000600 seconds
53.411: Application time: 0.0295340 seconds
53.411: [GC [PSYoungGen: 7614K->960K(7680K)] 15235K->8597K(24576K), 0.0004100 secs] [Times: user=0.00 sys=0.00, real=0.00 secs] 
53.411: Total time for which application threads were stopped: 0.0005110 seconds, Stopping threads took: 0.0000510 seconds
53.441: Application time: 0.0299220 seconds
53.441: [GC [PSYoungGen: 7614K->960K(7680K)] 15251K->8597K(24576K), 0.0004440 secs] [Times: user=0.00 sys=0.00, real=0.00 secs] 
53.442: Total time for which application threads were stopped: 0.0005400 seconds, Stopping threads took: 0.0000450 seconds
53.472: Application time: 0.0295550 seconds
53.472: [GC [PSYoungGen: 7614K->640K(7680K)] 15251K->8678K(24576K), 0.0004200 secs] [Times: user=0.00 sys=0.00, real=0.00 secs] 
53.472: Total time for which application threads were stopped: 0.0005310 seconds, Stopping threads took: 0.0000570 seconds
53.502: Application time: 0.0297770 seconds
53.502: [GC [PSYoungGen: 7294K->608K(7680K)] 15332K->8646K(24576K), 0.0003460 secs] [Times: user=0.00 sys=0.00, real=0.00 secs] 
53.502: Total time for which application threads were stopped: 0.0004410 seconds, Stopping threads took: 0.0000430 seconds
53.532: Application time: 0.0294370 seconds
53.535: [GC [PSYoungGen: 7262K->640K(7680K)] 15301K->8678K(24576K), 0.0003610 secs] [Times: user=0.00 sys=0.00, real=0.00 secs] 
53.535: Total time for which application threads were stopped: 0.0034850 seconds, Stopping threads took: 0.0030730 seconds
53.565: Application time: 0.0296450 seconds
53.565: [GC [PSYoungGen: 7294K->576K(7680K)] 15333K->8614K(24576K), 0.0003600 secs] [Times: user=0.00 sys=0.00, real=0.00 secs] 
53.565: Total time for which application threads were stopped: 0.0004500 seconds, Stopping threads took: 0.0000400 seconds
53.595: Application time: 0.0296560 seconds
53.595: [GC [PSYoungGen: 7230K->416K(7680K)] 15269K->8674K(24576K), 0.0003480 secs] [Times: user=0.00 sys=0.00, real=0.00 secs] 
53.595: Total time for which application threads were stopped: 0.0004430 seconds, Stopping threads took: 0.0000450 seconds
53.626: Application time: 0.0304200 seconds
53.626: [GC [PSYoungGen: 7070K->448K(7680K)] 15329K->8706K(24576K), 0.0003740 secs] [Times: user=0.00 sys=0.00, real=0.00 secs] 
53.626: Total time for which application threads were stopped: 0.0004920 seconds, Stopping threads took: 0.0000580 seconds
53.656: Application time: 0.0294710 seconds
53.656: [GC [PSYoungGen: 7102K->384K(7680K)] 15361K->8642K(24576K), 0.0003370 secs] [Times: user=0.00 sys=0.00, real=0.00 secs] 
53.656: Total time for which application threads were stopped: 0.0004240 seconds, Stopping threads took: 0.0000350 seconds
53.686: Application time: 0.0296680 seconds
53.686: [GC [PSYoungGen: 7038K->384K(7680K)] 15297K->8642K(24576K), 0.0003610 secs] [Times: user=0.00 sys=0.00, real=0.00 secs] 
53.686: Total time for which application threads were stopped: 0.0004520 seconds, Stopping threads took: 0.0000400 seconds
53.716: Application time: 0.0295450 seconds
53.716: [GC [PSYoungGen: 7038K->448K(7680K)] 15297K->8706K(24576K), 0.0003300 secs] [Times: user=0.01 sys=0.00, real=0.00 secs] 
53.716: Total time for which application threads were stopped: 0.0004350 seconds, Stopping threads took: 0.0000400 seconds
53.746: Application time: 0.0295870 seconds
53.746: [GC [PSYoungGen: 7102K->448K(7680K)] 15361K->8706K(24576K), 0.0003370 secs] [Times: user=0.00 sys=0.00, real=0.00 secs] 
53.746: Total time for which application threads were stopped: 0.0004530 seconds, Stopping threads took: 0.0000580 seconds
53.776: Application time: 0.0296530 seconds
53.776: [GC [PSYoungGen: 7102K->384K(7680K)] 15361K->8719K(24576K), 0.0003490 secs] [Times: user=0.00 sys=0.00, real=0.00 secs] 
53.776: Total time for which application threads were stopped: 0.0004560 seconds, Stopping threads took: 0.0000560 seconds
53.806: Application time: 0.0295320 seconds
53.806: [GC [PSYoungGen: 7038K->0K(7680K)] 15374K->8616K(24576K), 0.0003190 secs] [Times: user=0.00 sys=0.00, real=0.00 secs] 
53.806: Total time for which application threads were stopped: 0.0004200 seconds, Stopping threads took: 0.0000500 seconds
53.836: Application time: 0.0294670 seconds
53.836: [GC [PSYoungGen: 6654K->0K(7680K)] 15271K->8616K(24576K), 0.0003460 secs] [Times: user=0.00 sys=0.00, real=0.00 secs] 
53.836: Total time for which application threads were stopped: 0.0004430 seconds, Stopping threads took: 0.0000460 seconds
53.866: Application time: 0.0293740 seconds
53.866: [GC [PSYoungGen: 6654K->0K(7680K)] 15271K->8616K(24576K), 0.0003390 secs] [Times: user=0.00 sys=0.00, real=0.00 secs] 
53.866: Total time for which application threads were stopped: 0.0004350 seconds, Stopping threads took: 0.0000470 seconds
53.896: Application time: 0.0294420 seconds
53.896: [GC [PSYoungGen: 6654K->0K(7680K)] 15271K->8616K(24576K), 0.0003030 secs] [Times: user=0.00 sys=0.00, real=0.00 secs] 
53.896: Total time for which application threads were stopped: 0.0003950 seconds, Stopping threads took: 0.0000460 seconds
53.920: Application time: 0.0239940 seconds
53.920: Total time for which application threads were stopped: 0.0000650 seconds, Stopping threads took: 0.0000500 seconds
53.920: Application time: 0.0000350 seconds
53.920: [GC [PSYoungGen: 6630K->224K(7680K)] 15374K->8968K(24576K), 0.0003490 secs] [Times: user=0.00 sys=0.00, real=0.00 secs] 
53.921: Total time for which application threads were stopped: 0.0004280 seconds, Stopping threads took: 0.0000370 seconds
53.943: Application time: 0.0221280 seconds
53.943: [GC [PSYoungGen: 6879K->224K(7680K)] 15908K->9252K(24576K), 0.0003250 secs] [Times: user=0.00 sys=0.00, real=0.00 secs] 
53.943: Total time for which application threads were stopped: 0.0004290 seconds, Stopping threads took: 0.0000560 seconds
53.967: Application time: 0.0239460 seconds
53.967: [GC [PSYoungGen: 6877K->384K(7680K)] 15906K->9412K(24576K), 0.0003250 secs] [Times: user=0.00 sys=0.00, real=0.00 secs] 
53.967: Total time for which application threads were stopped: 0.0004190 seconds, Stopping threads took: 0.0000450 seconds
53.996: Application time: 0.0289060 seconds
53.996: [GC [PSYoungGen: 7036K->352K(7680K)] 16065K->9380K(24576K), 0.0003200 secs] [Times: user=0.00 sys=0.00, real=0.00 secs] 
53.997: Total time for which application threads were stopped: 0.0004160 seconds, Stopping threads took: 0.0000460 seconds
54.018: Application time: 0.0210750 seconds
54.018: [GC [PSYoungGen: 7006K->480K(7680K)] 16035K->9508K(24576K), 0.0004030 secs] [Times: user=0.00 sys=0.00, real=0.00 secs] 
54.018: Total time for which application threads were stopped: 0.0004960 seconds, Stopping threads took: 0.0000410 seconds
54.039: Application time: 0.0205100 seconds
54.039: [GC [PSYoungGen: 7131K->576K(7680K)] 16160K->9604K(24576K), 0.0003350 secs] [Times: user=0.00 sys=0.00, real=0.00 secs] 
54.039: Total time for which application threads were stopped: 0.0004310 seconds, Stopping threads took: 0.0000460 seconds
54.065: Application time: 0.0254640 seconds
54.065: [GC [PSYoungGen: 7227K->512K(7680K)] 16256K->9540K(24576K), 0.0003510 secs] [Times: user=0.01 sys=0.00, real=0.00 secs] 
54.065: Total time for which application threads were stopped: 0.0004530 seconds, Stopping threads took: 0.0000510 seconds
54.094: Application time: 0.0289370 seconds
54.094: [GC [PSYoungGen: 7164K->512K(7680K)] 16193K->9540K(24576K), 0.0003380 secs] [Times: user=0.00 sys=0.00, real=0.00 secs] 
54.095: Total time for which application threads were stopped: 0.0004390 seconds, Stopping threads took: 0.0000450 seconds
54.123: Application time: 0.0281900 seconds
54.123: [GC [PSYoungGen: 7164K->576K(7680K)] 16193K->9604K(24576K), 0.0003520 secs] [Times: user=0.00 sys=0.00, real=0.00 secs] 
54.123: Total time for which application threads were stopped: 0.0004540 seconds, Stopping threads took: 0.0000500 seconds
54.153: Application time: 0.0293460 seconds
54.153: [GC [PSYoungGen: 7228K->512K(7680K)] 16257K->9540K(24576K), 0.0004230 secs] [Times: user=0.00 sys=0.00, real=0.00 secs] 
54.153: Total time for which application threads were stopped: 0.0005230 seconds, Stopping threads took: 0.0000460 seconds
54.183: Application time: 0.0295900 seconds
54.183: [GC [PSYoungGen: 7166K->544K(7680K)] 16195K->9572K(24576K), 0.0003270 secs] [Times: user=0.00 sys=0.00, real=0.00 secs] 
54.183: Total time for which application threads were stopped: 0.0004250 seconds, Stopping threads took: 0.0000440 seconds
54.206: Application time: 0.0231320 seconds
54.206: [GC [PSYoungGen: 7198K->704K(7680K)] 16227K->9732K(24576K), 0.0003560 secs] [Times: user=0.00 sys=0.00, real=0.00 secs] 
54.207: Total time for which application threads were stopped: 0.0004530 seconds, Stopping threads took: 0.0000480 seconds
54.228: Application time: 0.0210080 seconds
54.228: [GC [PSYoungGen: 7357K->672K(7680K)] 16386K->9700K(24576K), 0.0003600 secs] [Times: user=0.00 sys=0.00, real=0.00 secs] 
54.228: Total time for which application threads were stopped: 0.0004720 seconds, Stopping threads took: 0.0000540 seconds
54.252: Application time: 0.0238670 seconds
54.252: [GC [PSYoungGen: 7326K->736K(7680K)] 16354K->9764K(24576K), 0.0003960 secs] [Times: user=0.00 sys=0.00, real=0.00 secs] 
54.253: Total time for which application threads were stopped: 0.0005120 seconds, Stopping threads took: 0.0000640 seconds
54.281: Application time: 0.0288400 seconds
54.281: [GC [PSYoungGen: 7388K->672K(7680K)] 16417K->9700K(24576K), 0.0004200 secs] [Times: user=0.00 sys=0.00, real=0.00 secs] 
54.282: Total time for which application threads were stopped: 0.0005240 seconds, Stopping threads took: 0.0000520 seconds
54.306: Application time: 0.0239510 seconds
54.306: [GC [PSYoungGen: 7326K->960K(7680K)] 16355K->9988K(24576K), 0.0004010 secs] [Times: user=0.00 sys=0.00, real=0.00 secs] 
54.306: Total time for which application threads were stopped: 0.0004990 seconds, Stopping threads took: 0.0000460 seconds
54.327: Application time: 0.0203470 seconds
54.327: [GC [PSYoungGen: 7612K->992K(7680K)] 16641K->10020K(24576K), 0.0003940 secs] [Times: user=0.00 sys=0.00, real=0.00 secs] 
54.327: Total time for which application threads were stopped: 0.0004960 seconds, Stopping threads took: 0.0000510 seconds
54.348: Application time: 0.0207790 seconds
54.348: [GC [PSYoungGen: 7645K->992K(7680K)] 16674K->10020K(24576K), 0.0004030 secs] [Times: user=0.00 sys=0.00, real=0.00 secs] 
54.349: Total time for which application threads were stopped: 0.0005050 seconds, Stopping threads took: 0.0000460 seconds
54.376: Application time: 0.0275750 seconds
54.376: [GC [PSYoungGen: 7644K->992K(7680K)] 16673K->10020K(24576K), 0.0004610 secs] [Times: user=0.00 sys=0.00, real=0.00 secs] 
54.377: Total time for which application threads were stopped: 0.0005620 seconds, Stopping threads took: 0.0000490 seconds
54.405: Application time: 0.0287480 seconds
54.405: [GC [PSYoungGen: 7644K->992K(7680K)] 16673K->10020K(24576K), 0.0004160 secs] [Times: user=0.00 sys=0.00, real=0.00 secs] 
54.406: Total time for which application threads were stopped: 0.0005160 seconds, Stopping threads took: 0.0000470 seconds
54.427: Application time: 0.0208620 seconds
54.427: [GC [PSYoungGen: 7644K->1008K(7680K)] 16673K->10196K(24576K), 0.0004550 secs] [Times: user=0.00 sys=0.00, real=0.00 secs] 
54.427: Total time for which application threads were stopped: 0.0005540 seconds, Stopping threads took: 0.0000460 seconds
54.448: Application time: 0.0207810 seconds
54.448: [GC [PSYoungGen: 7659K->992K(7680K)] 16848K->10308K(24576K), 0.0004360 secs] [Times: user=0.00 sys=0.00, real=0.00 secs] 
54.449: Total time for which application threads were stopped: 0.0005420 seconds, Stopping threads took: 0.0000460 seconds
54.472: Application time: 0.0233660 seconds
54.475: [GC [PSYoungGen: 7646K->992K(7680K)] 16963K->10316K(24576K), 0.0004190 secs] [Times: user=0.00 sys=0.00, real=0.00 secs] 
54.475: Total time for which application threads were stopped: 0.0032230 seconds, Stopping threads took: 0.0027500 seconds
54.504: Application time: 0.0290580 seconds
54.504: [GC [PSYoungGen: 7646K->960K(7680K)] 16971K->10284K(24576K), 0.0004070 secs] [Times: user=0.01 sys=0.00, real=0.00 secs] 
54.505: Total time for which application threads were stopped: 0.0005210 seconds, Stopping threads took: 0.0000590 seconds
54.533: Application time: 0.0278230 seconds
54.533: [GC [PSYoungGen: 7612K->1008K(7680K)] 16937K->10332K(24576K), 0.0004090 secs] [Times: user=0.00 sys=0.00, real=0.00 secs] 
54.533: Total time for which application threads were stopped: 0.0005010 seconds, Stopping threads took: 0.0000410 seconds
54.562: Application time: 0.0291100 seconds
54.562: [GC [PSYoungGen: 7662K->960K(7680K)] 16987K->10284K(24576K), 0.0004360 secs] [Times: user=0.00 sys=0.00, real=0.00 secs] 
54.563: Total time for which application threads were stopped: 0.0005410 seconds, Stopping threads took: 0.0000510 seconds
54.592: Application time: 0.0290120 seconds
54.592: [GC [PSYoungGen: 7612K->960K(7680K)] 16937K->10284K(24576K), 0.0004400 secs] [Times: user=0.00 sys=0.00, real=0.00 secs] 
54.592: Total time for which application threads were stopped: 0.0005240 seconds, Stopping threads took: 0.0000330 seconds
54.613: Application time: 0.0208350 seconds
54.613: [GC [PSYoungGen: 7612K->1008K(7680K)] 16937K->10501K(24576K), 0.0004770 secs] [Times: user=0.00 sys=0.00, real=0.00 secs] 
54.614: Total time for which application threads were stopped: 0.0005900 seconds, Stopping threads took: 0.0000590 seconds
54.634: Application time: 0.0206850 seconds
54.635: [GC [PSYoungGen: 7659K->976K(7680K)] 17152K->10597K(24576K), 0.0005160 secs] [Times: user=0.00 sys=0.00, real=0.00 secs] 
54.635: Total time for which application threads were stopped: 0.0006360 seconds, Stopping threads took: 0.0000600 seconds
54.653: Application time: 0.0175720 seconds
54.653: [GC [PSYoungGen: 7630K->1008K(7680K)] 17251K->11021K(24576K), 0.0005250 secs] [Times: user=0.00 sys=0.00, real=0.00 secs] 
54.653: Total time for which application threads were stopped: 0.0006380 seconds, Stopping threads took: 0.0000560 seconds
54.669: Application time: 0.0151870 seconds
54.669: [GC [PSYoungGen: 7663K->976K(7680K)] 17676K->11133K(24576K), 0.0005050 secs] [Times: user=0.01 sys=0.00, real=0.00 secs] 
54.669: Total time for which application threads were stopped: 0.0006200 seconds, Stopping threads took: 0.0000630 seconds
54.685: Application time: 0.0162430 seconds
54.685: [GC [PSYoungGen: 7630K->1008K(7680K)] 17787K->11165K(24576K), 0.0004510 secs] [Times: user=0.00 sys=0.00, real=0.00 secs] 
54.686: Total time for which application threads were stopped: 0.0005420 seconds, Stopping threads took: 0.0000370 seconds
54.707: Application time: 0.0215610 seconds
54.708: [GC [PSYoungGen: 7661K->992K(7680K)] 17818K->11181K(24576K), 0.0004230 secs] [Times: user=0.00 sys=0.00, real=0.00 secs] 
54.708: Total time for which application threads were stopped: 0.0005190 seconds, Stopping threads took: 0.0000440 seconds
54.735: Application time: 0.0266930 seconds
54.735: [GC [PSYoungGen: 7647K->992K(7680K)] 17836K->11533K(24576K), 0.0005440 secs] [Times: user=0.01 sys=0.00, real=0.00 secs] 
54.735: Total time for which application threads were stopped: 0.0006570 seconds, Stopping threads took: 0.0000520 seconds
54.761: Application time: 0.0258720 seconds
54.761: [GC [PSYoungGen: 7647K->1008K(7680K)] 18188K->11685K(24576K), 0.0004390 secs] [Times: user=0.01 sys=0.00, real=0.00 secs] 
54.762: Total time for which application threads were stopped: 0.0005360 seconds, Stopping threads took: 0.0000430 seconds
54.791: Application time: 0.0290530 seconds
54.791: [GC [PSYoungGen: 7662K->976K(7680K)] 18340K->11685K(24576K), 0.0004460 secs] [Times: user=0.00 sys=0.00, real=0.00 secs] 
54.791: Total time for which application threads were stopped: 0.0005560 seconds, Stopping threads took: 0.0000540 seconds
54.820: Application time: 0.0290930 seconds
54.821: [GC [PSYoungGen: 7630K->912K(7680K)] 18340K->11689K(24576K), 0.0004600 secs] [Times: user=0.01 sys=0.00, real=0.00 secs] 
54.821: Total time for which application threads were stopped: 0.0005660 seconds, Stopping threads took: 0.0000540 seconds
54.849: Application time: 0.0278840 seconds
54.849: [GC [PSYoungGen: 7566K->960K(7680K)] 18344K->11753K(24576K), 0.0003940 secs] [Times: user=0.00 sys=0.00, real=0.00 secs] 
54.849: Total time for which application threads were stopped: 0.0004950 seconds, Stopping threads took: 0.0000480 seconds
54.878: Application time: 0.0281910 seconds
54.878: [GC [PSYoungGen: 7612K->944K(7680K)] 18405K->11737K(24576K), 0.0003880 secs] [Times: user=0.00 sys=0.00, real=0.00 secs] 
54.878: Total time for which application threads were stopped: 0.0004930 seconds, Stopping threads took: 0.0000500 seconds
54.908: Application time: 0.0295630 seconds
54.908: [GC [PSYoungGen: 7600K->992K(7680K)] 18393K->11793K(24576K), 0.0004200 secs] [Times: user=0.00 sys=0.00, real=0.00 secs] 
54.908: Total time for which application threads were stopped: 0.0005340 seconds, Stopping threads took: 0.0000560 seconds
54.937: Application time: 0.0292610 seconds
54.938: [GC [PSYoungGen: 7646K->928K(7680K)] 18448K->11729K(24576K), 0.0004570 secs] [Times: user=0.00 sys=0.00, real=0.00 secs] 
54.938: Total time for which application threads were stopped: 0.0005480 seconds, Stopping threads took: 0.0000390 seconds
54.967: Application time: 0.0292690 seconds
54.967: [GC [PSYoungGen: 7582K->880K(7680K)] 18384K->11681K(24576K), 0.0004150 secs] [Times: user=0.00 sys=0.00, real=0.00 secs] 
54.968: Total time for which application threads were stopped: 0.0005200 seconds, Stopping threads took: 0.0000520 seconds
54.997: Application time: 0.0290130 seconds
54.997: [GC [PSYoungGen: 7534K->928K(7680K)] 18336K->11777K(24576K), 0.0003900 secs] [Times: user=0.00 sys=0.00, real=0.00 secs] 
54.997: Total time for which application threads were stopped: 0.0004960 seconds, Stopping threads took: 0.0000530 seconds
55.026: Application time: 0.0285140 seconds
55.026: [GC [PSYoungGen: 7580K->992K(7680K)] 18430K->11873K(24576K), 0.0004610 secs] [Times: user=0.00 sys=0.00, real=0.00 secs] 
55.026: Total time for which application threads were stopped: 0.0005560 seconds, Stopping threads took: 0.0000410 seconds
55.055: Application time: 0.0283050 seconds
55.055: [GC [PSYoungGen: 7644K->992K(7680K)] 18526K->11970K(24576K), 0.0004240 secs] [Times: user=0.00 sys=0.00, real=0.00 secs] 
55.055: Total time for which application threads were stopped: 0.0005180 seconds, Stopping threads took: 0.0000410 seconds
55.083: Application time: 0.0275390 seconds
55.083: [GC [PSYoungGen: 7648K->960K(7680K)] 18626K->11987K(24576K), 0.0004110 secs] [Times: user=0.01 sys=0.00, real=0.00 secs] 
55.083: Total time for which application threads were stopped: 0.0005160 seconds, Stopping threads took: 0.0000520 seconds
55.111: Application time: 0.0277360 seconds
55.111: [GC [PSYoungGen: 7612K->960K(7680K)] 18639K->12115K(24576K), 0.0004100 secs] [Times: user=0.00 sys=0.00, real=0.00 secs] 
55.112: Total time for which application threads were stopped: 0.0005250 seconds, Stopping threads took: 0.0000570 seconds
55.141: Application time: 0.0293810 seconds
55.141: [GC [PSYoungGen: 7614K->992K(7680K)] 18769K->12171K(24576K), 0.0004200 secs] [Times: user=0.00 sys=0.00, real=0.00 secs] 
55.141: Total time for which application threads were stopped: 0.0005280 seconds, Stopping threads took: 0.0000550 seconds
55.171: Application time: 0.0298370 seconds
55.171: [GC [PSYoungGen: 7646K->960K(7680K)] 18825K->12155K(24576K), 0.0004270 secs] [Times: user=0.00 sys=0.00, real=0.00 secs] 
55.172: Total time for which application threads were stopped: 0.0005200 seconds, Stopping threads took: 0.0000420 seconds
55.202: Application time: 0.0301640 seconds
55.202: [GC [PSYoungGen: 7614K->704K(7680K)] 18809K->12111K(24576K), 0.0003940 secs] [Times: user=0.00 sys=0.00, real=0.00 secs] 
55.202: Total time for which application threads were stopped: 0.0004990 seconds, Stopping threads took: 0.0000490 seconds
55.232: Application time: 0.0296780 seconds
55.232: [GC [PSYoungGen: 7358K->672K(7680K)] 18766K->12079K(24576K), 0.0003660 secs] [Times: user=0.00 sys=0.00, real=0.00 secs] 
55.233: Total time for which application threads were stopped: 0.0004790 seconds, Stopping threads took: 0.0000610 seconds
55.263: Application time: 0.0299670 seconds
55.263: [GC [PSYoungGen: 7326K->704K(7680K)] 18734K->12111K(24576K), 0.0003510 secs] [Times: user=0.00 sys=0.00, real=0.00 secs] 
55.263: Total time for which application threads were stopped: 0.0004510 seconds, Stopping threads took: 0.0000380 seconds
55.293: Application time: 0.0295570 seconds
55.293: [GC [PSYoungGen: 7358K->736K(7680K)] 18766K->12143K(24576K), 0.0003660 secs] [Times: user=0.00 sys=0.00, real=0.00 secs] 
55.293: Total time for which application threads were stopped: 0.0004670 seconds, Stopping threads took: 0.0000480 seconds
55.323: Application time: 0.0294550 seconds
55.323: [GC [PSYoungGen: 7390K->576K(7680K)] 18798K->12172K(24576K), 0.0003680 secs] [Times: user=0.00 sys=0.00, real=0.00 secs] 
55.323: Total time for which application threads were stopped: 0.0004780 seconds, Stopping threads took: 0.0000570 seconds
55.352: Application time: 0.0294110 seconds
55.353: [GC [PSYoungGen: 7230K->576K(7680K)] 18826K->12172K(24576K), 0.0003420 secs] [Times: user=0.00 sys=0.00, real=0.00 secs] 
55.353: Total time for which application threads were stopped: 0.0004440 seconds, Stopping threads took: 0.0000500 seconds
55.382: Application time: 0.0295010 seconds
55.382: [GC [PSYoungGen: 7230K->544K(7680K)] 18826K->12140K(24576K), 0.0003410 secs] [Times: user=0.00 sys=0.00, real=0.00 secs] 
55.383: Total time for which application threads were stopped: 0.0004430 seconds, Stopping threads took: 0.0000520 seconds
55.412: Application time: 0.0295410 seconds
55.412: [GC [PSYoungGen: 7198K->544K(7680K)] 18794K->12140K(24576K), 0.0003530 secs] [Times: user=0.00 sys=0.00, real=0.00 secs] 
55.413: Total time for which application threads were stopped: 0.0004490 seconds, Stopping threads took: 0.0000460 seconds
55.442: Application time: 0.0294720 seconds
55.447: [GC [PSYoungGen: 7198K->544K(7680K)] 18794K->12140K(24576K), 0.0003690 secs] [Times: user=0.01 sys=0.00, real=0.00 secs] 
55.447: Total time for which application threads were stopped: 0.0048990 seconds, Stopping threads took: 0.0044790 seconds
55.477: Application time: 0.0295770 seconds
55.477: [GC [PSYoungGen: 7198K->544K(7680K)] 18794K->12140K(24576K), 0.0003310 secs] [Times: user=0.00 sys=0.00, real=0.00 secs] 
55.477: Total time for which application threads were stopped: 0.0004260 seconds, Stopping threads took: 0.0000420 seconds
55.507: Application time: 0.0294330 seconds
55.507: [GC [PSYoungGen: 7198K->416K(7680K)] 18794K->12208K(24576K), 0.0003330 secs] [Times: user=0.00 sys=0.00, real=0.01 secs] 
55.507: Total time for which application threads were stopped: 0.0004400 seconds, Stopping threads took: 0.0000540 seconds
55.537: Application time: 0.0296200 seconds
55.537: [GC [PSYoungGen: 7068K->320K(7680K)] 18860K->12176K(24576K), 0.0003650 secs] [Times: user=0.00 sys=0.00, real=0.00 secs] 
55.537: Total time for which application threads were stopped: 0.0004610 seconds, Stopping threads took: 0.0000440 seconds
55.567: Application time: 0.0294830 seconds
55.567: [GC [PSYoungGen: 6974K->0K(7680K)] 18831K->12096K(24576K), 0.0003150 secs] [Times: user=0.00 sys=0.00, real=0.01 secs] 
55.567: Total time for which application threads were stopped: 0.0004170 seconds, Stopping threads took: 0.0000510 seconds
55.597: Application time: 0.0295350 seconds
55.597: [GC [PSYoungGen: 6654K->0K(7680K)] 18751K->12096K(24576K), 0.0002950 secs] [Times: user=0.00 sys=0.00, real=0.00 secs] 
55.597: Total time for which application threads were stopped: 0.0003980 seconds, Stopping threads took: 0.0000540 seconds
55.627: Application time: 0.0298040 seconds
55.627: [GC [PSYoungGen: 6654K->0K(7680K)] 18751K->12096K(24576K), 0.0003840 secs] [Times: user=0.00 sys=0.00, real=0.00 secs] 
55.627: Total time for which application threads were stopped: 0.0005030 seconds, Stopping threads took: 0.0000580 seconds
55.652: Application time: 0.0246560 seconds
55.652: [GC [PSYoungGen: 6654K->288K(7680K)] 18750K->12384K(24576K), 0.0003370 secs] [Times: user=0.00 sys=0.00, real=0.00 secs] 
55.652: Total time for which application threads were stopped: 0.0004350 seconds, Stopping threads took: 0.0000480 seconds
55.673: Application time: 0.0205080 seconds
55.673: [GC [PSYoungGen: 6940K->320K(7680K)] 19037K->12416K(24576K), 0.0003650 secs] [Times: user=0.00 sys=0.00, real=0.00 secs] 
55.676: Total time for which application threads were stopped: 0.0030280 seconds, Stopping threads took: 0.0000420 seconds
55.699: Application time: 0.0231710 seconds
55.699: [GC [PSYoungGen: 6975K->480K(7680K)] 19072K->12576K(24576K), 0.0004760 secs] [Times: user=0.00 sys=0.00, real=0.00 secs] 
55.700: Total time for which application threads were stopped: 0.0005900 seconds, Stopping threads took: 0.0000640 seconds
55.727: Application time: 0.0272640 seconds
55.727: [GC [PSYoungGen: 7134K->512K(7680K)] 19231K->12608K(24576K), 0.0003460 secs] [Times: user=0.00 sys=0.00, real=0.00 secs] 
55.727: Total time for which application threads were stopped: 0.0004470 seconds, Stopping threads took: 0.0000500 seconds
55.748: Application time: 0.0205970 seconds
55.748: [GC [PSYoungGen: 7164K->512K(7680K)] 19261K->12608K(24576K), 0.0003470 secs] [Times: user=0.00 sys=0.00, real=0.00 secs] 
55.748: Total time for which application threads were stopped: 0.0004520 seconds, Stopping threads took: 0.0000560 seconds
55.769: Application time: 0.0205770 seconds
55.769: [GC [PSYoungGen: 7164K->544K(7680K)] 19260K->12640K(24576K), 0.0003620 secs] [Times: user=0.00 sys=0.00, real=0.00 secs] 
55.770: Total time for which application threads were stopped: 0.0004650 seconds, Stopping threads took: 0.0000420 seconds
55.797: Application time: 0.0277860 seconds
55.797: [GC [PSYoungGen: 7198K->576K(7680K)] 19295K->12672K(24576K), 0.0003330 secs] [Times: user=0.00 sys=0.00, real=0.00 secs] 
55.798: Total time for which application threads were stopped: 0.0004370 seconds, Stopping threads took: 0.0000510 seconds
55.827: Application time: 0.0291530 seconds
55.827: [GC [PSYoungGen: 7228K->480K(7680K)] 19324K->12576K(24576K), 0.0003860 secs] [Times: user=0.00 sys=0.00, real=0.00 secs] 
55.827: Total time for which application threads were stopped: 0.0004790 seconds, Stopping threads took: 0.0000440 seconds
55.856: Application time: 0.0282090 seconds
55.856: [GC [PSYoungGen: 7132K->544K(7680K)] 19228K->12640K(24576K), 0.0003330 secs] [Times: user=0.00 sys=0.00, real=0.00 secs] 
55.856: Total time for which application threads were stopped: 0.0004230 seconds, Stopping threads took: 0.0000380 seconds
55.885: Application time: 0.0291270 seconds
55.885: [GC [PSYoungGen: 7198K->512K(7680K)] 19295K->12608K(24576K), 0.0003570 secs] [Times: user=0.00 sys=0.00, real=0.00 secs] 
55.886: Total time for which application threads were stopped: 0.0004490 seconds, Stopping threads took: 0.0000410 seconds
55.915: Application time: 0.0292600 seconds
55.915: [GC [PSYoungGen: 7166K->512K(7680K)] 19263K->12608K(24576K), 0.0003260 secs] [Times: user=0.00 sys=0.00, real=0.00 secs] 
55.915: Total time for which application threads were stopped: 0.0004210 seconds, Stopping threads took: 0.0000430 seconds
55.941: Application time: 0.0257830 seconds
55.941: [GC [PSYoungGen: 7164K->672K(7680K)] 19260K->12768K(24576K), 0.0003800 secs] [Times: user=0.00 sys=0.00, real=0.00 secs] 
55.942: Total time for which application threads were stopped: 0.0004800 seconds, Stopping threads took: 0.0000470 seconds
55.962: Application time: 0.0204510 seconds
55.962: [GC [PSYoungGen: 7324K->736K(7680K)] 19421K->12832K(24576K), 0.0003610 secs] [Times: user=0.00 sys=0.00, real=0.00 secs] 
55.962: Total time for which application threads were stopped: 0.0004610 seconds, Stopping threads took: 0.0000410 seconds
55.984: Application time: 0.0218970 seconds
55.984: [GC [PSYoungGen: 7389K->704K(7680K)] 19486K->12800K(24576K), 0.0003630 secs] [Times: user=0.00 sys=0.00, real=0.00 secs] 
55.985: Total time for which application threads were stopped: 0.0004660 seconds, Stopping threads took: 0.0000520 seconds
56.014: Application time: 0.0288850 seconds
56.014: [GC [PSYoungGen: 7356K->704K(7680K)] 19452K->12800K(24576K), 0.0003660 secs] [Times: user=0.00 sys=0.00, real=0.00 secs] 
56.014: Total time for which application threads were stopped: 0.0004590 seconds, Stopping threads took: 0.0000430 seconds
56.042: Application time: 0.0278760 seconds
56.043: [GC [PSYoungGen: 7356K->896K(7680K)] 19453K->12992K(24576K), 0.0004680 secs] [Times: user=0.00 sys=0.00, real=0.00 secs] 
56.043: Total time for which application threads were stopped: 0.0012510 seconds, Stopping threads took: 0.0007270 seconds
56.063: Application time: 0.0195270 seconds
56.063: [GC [PSYoungGen: 7551K->960K(7680K)] 19648K->13056K(24576K), 0.0004020 secs] [Times: user=0.01 sys=0.00, real=0.00 secs] 
56.063: Total time for which application threads were stopped: 0.0005000 seconds, Stopping threads took: 0.0000450 seconds
56.084: Application time: 0.0205440 seconds
56.084: [GC [PSYoungGen: 7615K->800K(7680K)] 19711K->12896K(24576K), 0.0003900 secs] [Times: user=0.00 sys=0.00, real=0.00 secs] 
56.084: Total time for which application threads were stopped: 0.0004850 seconds, Stopping threads took: 0.0000430 seconds
56.109: Application time: 0.0249150 seconds
56.109: [GC [PSYoungGen: 7454K->992K(7680K)] 19550K->13216K(24576K), 0.0004850 secs] [Times: user=0.00 sys=0.00, real=0.00 secs] 
56.110: Total time for which application threads were stopped: 0.0005930 seconds, Stopping threads took: 0.0000540 seconds
56.139: Application time: 0.0287070 seconds
56.139: [GC [PSYoungGen: 7644K->880K(7680K)] 19868K->13104K(24576K), 0.0004000 secs] [Times: user=0.00 sys=0.00, real=0.01 secs] 
56.139: Total time for which application threads were stopped: 0.0005070 seconds, Stopping threads took: 0.0000520 seconds
56.158: Application time: 0.0191940 seconds
56.158: [GC [PSYoungGen: 7533K->992K(7680K)] 19758K->13368K(24576K), 0.0005190 secs] [Times: user=0.01 sys=0.00, real=0.01 secs] 
56.159: Total time for which application threads were stopped: 0.0006370 seconds, Stopping threads took: 0.0000620 seconds
56.180: Application time: 0.0205970 seconds
56.183: [GC [PSYoungGen: 7644K->1008K(7680K)] 20020K->13392K(24576K), 0.0004540 secs] [Times: user=0.00 sys=0.00, real=0.00 secs] 
56.183: Total time for which application threads were stopped: 0.0037650 seconds, Stopping threads took: 0.0032570 seconds
56.208: Application time: 0.0248400 seconds
56.208: [GC [PSYoungGen: 7662K->992K(7680K)] 20046K->13400K(24576K), 0.0004410 secs] [Times: user=0.00 sys=0.00, real=0.00 secs] 
56.209: Total time for which application threads were stopped: 0.0005570 seconds, Stopping threads took: 0.0000630 seconds
56.237: Application time: 0.0287000 seconds
56.237: [GC [PSYoungGen: 7644K->992K(7680K)] 20052K->13440K(24576K), 0.0004320 secs] [Times: user=0.00 sys=0.00, real=0.00 secs] 
56.238: Total time for which application threads were stopped: 0.0005410 seconds, Stopping threads took: 0.0000540 seconds
56.266: Application time: 0.0279640 seconds
56.266: [GC [PSYoungGen: 7644K->992K(7680K)] 20092K->13480K(24576K), 0.0004310 secs] [Times: user=0.00 sys=0.00, real=0.00 secs] 
56.266: Total time for which application threads were stopped: 0.0005370 seconds, Stopping threads took: 0.0000530 seconds
56.296: Application time: 0.0293410 seconds
56.296: [GC [PSYoungGen: 7644K->1008K(7680K)] 20133K->13504K(24576K), 0.0004610 secs] [Times: user=0.00 sys=0.00, real=0.00 secs] 
56.296: Total time for which application threads were stopped: 0.0005770 seconds, Stopping threads took: 0.0000530 seconds
56.325: Application time: 0.0289230 seconds
56.325: [GC [PSYoungGen: 7662K->992K(7680K)] 20159K->13496K(24576K), 0.0004370 secs] [Times: user=0.00 sys=0.00, real=0.00 secs] 
56.326: Total time for which application threads were stopped: 0.0005470 seconds, Stopping threads took: 0.0000490 seconds
56.347: Application time: 0.0206760 seconds
56.347: [GC [PSYoungGen: 7646K->1008K(7680K)] 20151K->13684K(24576K), 0.0004610 secs] [Times: user=0.00 sys=0.00, real=0.01 secs] 
56.347: Total time for which application threads were stopped: 0.0005580 seconds, Stopping threads took: 0.0000420 seconds
56.367: Application time: 0.0204230 seconds
56.368: [GC [PSYoungGen: 7662K->1008K(7680K)] 20338K->13868K(24576K), 0.0004530 secs] [Times: user=0.01 sys=0.00, real=0.00 secs] 
56.368: Total time for which application threads were stopped: 0.0005600 seconds, Stopping threads took: 0.0000530 seconds
56.392: Application time: 0.0241900 seconds
56.392: [GC [PSYoungGen: 7663K->1008K(7680K)] 20524K->14116K(24576K), 0.0004750 secs] [Times: user=0.00 sys=0.00, real=0.00 secs] 
56.393: Total time for which application threads were stopped: 0.0005700 seconds, Stopping threads took: 0.0000440 seconds
56.407: Application time: 0.0145880 seconds
56.407: [GC [PSYoungGen: 7662K->1008K(7680K)] 20771K->14525K(24576K), 0.0005360 secs] [Times: user=0.00 sys=0.00, real=0.00 secs] 
56.408: Total time for which application threads were stopped: 0.0006290 seconds, Stopping threads took: 0.0000380 seconds
56.424: Application time: 0.0164400 seconds
56.425: [GC [PSYoungGen: 7662K->992K(7680K)] 21179K->14589K(24576K), 0.0004180 secs] [Times: user=0.00 sys=0.00, real=0.00 secs] 
56.425: Total time for which application threads were stopped: 0.0005270 seconds, Stopping threads took: 0.0000540 seconds
56.441: Application time: 0.0161580 seconds
56.441: [GC [PSYoungGen: 7646K->1008K(7680K)] 21243K->14789K(24576K), 0.0004480 secs] [Times: user=0.00 sys=0.00, real=0.00 secs] 
56.442: Total time for which application threads were stopped: 0.0005620 seconds, Stopping threads took: 0.0000580 seconds
56.469: Application time: 0.0271740 seconds
56.469: [GC [PSYoungGen: 7662K->1008K(7680K)] 21443K->14973K(24576K), 0.0004620 secs] [Times: user=0.00 sys=0.00, real=0.00 secs] 
56.469: Total time for which application threads were stopped: 0.0005760 seconds, Stopping threads took: 0.0000570 seconds
56.496: Application time: 0.0266100 seconds
56.496: [GC [PSYoungGen: 7661K->992K(7680K)] 21626K->15173K(24576K), 0.0004480 secs] [Times: user=0.01 sys=0.00, real=0.00 secs] 
56.497: Total time for which application threads were stopped: 0.0005420 seconds, Stopping threads took: 0.0000420 seconds
56.524: Application time: 0.0270050 seconds
56.524: [GC [PSYoungGen: 7646K->1008K(7680K)] 21827K->15565K(24576K), 0.0005670 secs] [Times: user=0.00 sys=0.00, real=0.00 secs] 
56.524: Total time for which application threads were stopped: 0.0006760 seconds, Stopping threads took: 0.0000500 seconds
56.553: Application time: 0.0287810 seconds
56.553: [GC [PSYoungGen: 7662K->928K(7680K)] 22220K->15565K(24576K), 0.0004290 secs] [Times: user=0.00 sys=0.00, real=0.00 secs] 
56.554: Total time for which application threads were stopped: 0.0005400 seconds, Stopping threads took: 0.0000560 seconds
56.582: Application time: 0.0281900 seconds
56.582: [GC [PSYoungGen: 7580K->992K(7680K)] 22217K->15805K(24576K), 0.0004450 secs] [Times: user=0.00 sys=0.00, real=0.00 secs] 
56.582: Total time for which application threads were stopped: 0.0005420 seconds, Stopping threads took: 0.0000430 seconds
56.611: Application time: 0.0281360 seconds
56.615: [GC [PSYoungGen: 7644K->992K(7680K)] 22457K->15841K(24576K), 0.0004540 secs] [Times: user=0.00 sys=0.00, real=0.00 secs] 
56.615: Total time for which application threads were stopped: 0.0047810 seconds, Stopping threads took: 0.0042680 seconds
56.645: Application time: 0.0293260 seconds
56.645: [GC [PSYoungGen: 7646K->1008K(7680K)] 22496K->15913K(24576K), 0.0004780 secs] [Times: user=0.00 sys=0.00, real=0.00 secs] 
56.645: Total time for which application threads were stopped: 0.0005910 seconds, Stopping threads took: 0.0000530 seconds
56.674: Application time: 0.0292640 seconds
56.675: [GC [PSYoungGen: 7662K->992K(7680K)] 22568K->15897K(24576K), 0.0004060 secs] [Times: user=0.00 sys=0.00, real=0.00 secs] 
56.675: Total time for which application threads were stopped: 0.0005090 seconds, Stopping threads took: 0.0000490 seconds
56.704: Application time: 0.0292700 seconds
56.704: [GC [PSYoungGen: 7646K->960K(7680K)] 22552K->15865K(24576K), 0.0004040 secs] [Times: user=0.00 sys=0.00, real=0.00 secs] 
56.705: Total time for which application threads were stopped: 0.0005170 seconds, Stopping threads took: 0.0000610 seconds
56.734: Application time: 0.0291010 seconds
56.734: [GC [PSYoungGen: 7614K->960K(7680K)] 22520K->15881K(24576K), 0.0004390 secs] [Times: user=0.00 sys=0.00, real=0.00 secs] 
56.734: Total time for which application threads were stopped: 0.0005510 seconds, Stopping threads took: 0.0000560 seconds
56.763: Application time: 0.0289090 seconds
56.763: [GC [PSYoungGen: 7597K->992K(7680K)] 22518K->15913K(24576K), 0.0005430 secs] [Times: user=0.00 sys=0.00, real=0.00 secs] 
56.764: Total time for which application threads were stopped: 0.0006540 seconds, Stopping threads took: 0.0000550 seconds
56.792: Application time: 0.0278780 seconds
56.792: [GC [PSYoungGen: 7647K->1008K(7680K)] 22569K->16102K(24576K), 0.0004150 secs] [Times: user=0.00 sys=0.00, real=0.00 secs] 
56.792: Total time for which application threads were stopped: 0.0005050 seconds, Stopping threads took: 0.0000380 seconds
56.822: Application time: 0.0297160 seconds
56.822: [GC [PSYoungGen: 7662K->896K(7680K)] 22756K->16046K(24576K), 0.0004090 secs] [Times: user=0.01 sys=0.00, real=0.00 secs] 
56.823: Total time for which application threads were stopped: 0.0005210 seconds, Stopping threads took: 0.0000510 seconds
56.849: Application time: 0.0260840 seconds
56.849: [GC [PSYoungGen: 7551K->960K(7680K)] 22702K->16238K(24576K), 0.0004180 secs] [Times: user=0.00 sys=0.00, real=0.00 secs] 
56.849: Total time for which application threads were stopped: 0.0005260 seconds, Stopping threads took: 0.0000520 seconds
56.879: Application time: 0.0294140 seconds
56.879: [GC [PSYoungGen: 7614K->960K(7680K)] 22893K->16290K(24576K), 0.0004240 secs] [Times: user=0.00 sys=0.00, real=0.01 secs] 
56.879: Total time for which application threads were stopped: 0.0005260 seconds, Stopping threads took: 0.0000470 seconds
56.909: Application time: 0.0297410 seconds
56.909: [GC [PSYoungGen: 7614K->960K(7680K)] 22945K->16306K(24576K), 0.0003930 secs] [Times: user=0.01 sys=0.00, real=0.00 secs] 
56.909: Total time for which application threads were stopped: 0.0005110 seconds, Stopping threads took: 0.0000600 seconds
56.939: Application time: 0.0296370 seconds
56.939: [GC [PSYoungGen: 7614K->704K(7680K)] 22961K->16258K(24576K), 0.0003980 secs] [Times: user=0.00 sys=0.00, real=0.00 secs] 
56.940: Total time for which application threads were stopped: 0.0005010 seconds, Stopping threads took: 0.0000520 seconds
56.970: Application time: 0.0300400 seconds
56.970: [GC [PSYoungGen: 7356K->704K(7680K)] 22911K->16282K(24576K), 0.0004440 secs] [Times: user=0.00 sys=0.00, real=0.00 secs] 
56.970: Total time for which application threads were stopped: 0.0005440 seconds, Stopping threads took: 0.0000440 seconds
57.000: Application time: 0.0295860 seconds
57.000: [GC [PSYoungGen: 7358K->704K(7680K)] 22937K->16282K(24576K), 0.0005060 secs] [Times: user=0.00 sys=0.00, real=0.00 secs] 
57.000: Total time for which application threads were stopped: 0.0006010 seconds, Stopping threads took: 0.0000430 seconds
57.030: Application time: 0.0295890 seconds
57.030: [GC [PSYoungGen: 7358K->736K(7680K)] 22937K->16314K(24576K), 0.0004130 secs] [Times: user=0.00 sys=0.00, real=0.00 secs] 
57.030: Total time for which application threads were stopped: 0.0005030 seconds, Stopping threads took: 0.0000370 seconds
57.060: Application time: 0.0298450 seconds
57.060: [GC [PSYoungGen: 7390K->576K(7680K)] 22969K->16359K(24576K), 0.0003850 secs] [Times: user=0.00 sys=0.00, real=0.00 secs] 
57.061: Total time for which application threads were stopped: 0.0004900 seconds, Stopping threads took: 0.0000520 seconds
57.090: Application time: 0.0295730 seconds
57.090: [GC [PSYoungGen: 7230K->576K(7680K)] 23014K->16359K(24576K), 0.0003850 secs] [Times: user=0.01 sys=0.00, real=0.00 secs] 
57.091: Total time for which application threads were stopped: 0.0004830 seconds, Stopping threads took: 0.0000430 seconds
57.121: Application time: 0.0300830 seconds
57.121: [GC [PSYoungGen: 7230K->544K(7680K)] 23014K->16327K(24576K), 0.0003540 secs] [Times: user=0.00 sys=0.00, real=0.00 secs] 
57.121: Total time for which application threads were stopped: 0.0004570 seconds, Stopping threads took: 0.0000480 seconds
57.151: Application time: 0.0295150 seconds
57.151: [GC [PSYoungGen: 7198K->704K(7680K)] 22982K->16487K(24576K), 0.0004000 secs] [Times: user=0.00 sys=0.00, real=0.00 secs] 
57.151: Total time for which application threads were stopped: 0.0005170 seconds, Stopping threads took: 0.0000630 seconds
57.181: Application time: 0.0296510 seconds
57.181: [GC [PSYoungGen: 7358K->576K(7680K)] 23142K->16359K(24576K), 0.0003360 secs] [Times: user=0.01 sys=0.00, real=0.00 secs] 
57.182: Total time for which application threads were stopped: 0.0004280 seconds, Stopping threads took: 0.0000420 seconds
57.211: Application time: 0.0296540 seconds
57.211: [GC [PSYoungGen: 7230K->576K(7680K)] 23014K->16359K(24576K), 0.0003840 secs] [Times: user=0.00 sys=0.00, real=0.00 secs] 
57.212: Total time for which application threads were stopped: 0.0004870 seconds, Stopping threads took: 0.0000510 seconds
57.241: Application time: 0.0297550 seconds
57.241: [GC [PSYoungGen: 7228K->416K(7680K)] 23011K->16428K(24576K), 0.0003560 secs] [Times: user=0.00 sys=0.00, real=0.00 secs] 
57.242: Total time for which application threads were stopped: 0.0004570 seconds, Stopping threads took: 0.0000480 seconds
57.272: Application time: 0.0296400 seconds
57.272: [GC [PSYoungGen: 7070K->384K(7680K)] 23082K->16396K(24576K), 0.0003630 secs] [Times: user=0.00 sys=0.00, real=0.00 secs] 
57.272: Total time for which application threads were stopped: 0.0004560 seconds, Stopping threads took: 0.0000390 seconds
57.301: Application time: 0.0294850 seconds
57.302: [GC [PSYoungGen: 7038K->0K(7680K)] 23050K->16301K(24576K), 0.0003560 secs] [Times: user=0.01 sys=0.00, real=0.00 secs] 
57.302: Total time for which application threads were stopped: 0.0004530 seconds, Stopping threads took: 0.0000460 seconds
57.332: Application time: 0.0299630 seconds
57.332: [GC [PSYoungGen: 6654K->0K(7680K)] 22955K->16301K(24576K), 0.0002980 secs] [Times: user=0.00 sys=0.00, real=0.00 secs] 
57.332: Total time for which application threads were stopped: 0.0004140 seconds, Stopping threads took: 0.0000570 seconds
57.362: Application time: 0.0295780 seconds
57.362: [GC [PSYoungGen: 6654K->0K(7680K)] 22955K->16301K(24576K), 0.0003040 secs] [Times: user=0.00 sys=0.00, real=0.00 secs] 
57.362: Total time for which application threads were stopped: 0.0003930 seconds, Stopping threads took: 0.0000420 seconds
57.388: Application time: 0.0255070 seconds
57.388: [GC [PSYoungGen: 6652K->288K(7680K)] 22953K->16589K(24576K), 0.0003830 secs] [Times: user=0.00 sys=0.00, real=0.00 secs] 
57.388: Total time for which application threads were stopped: 0.0004690 seconds, Stopping threads took: 0.0000370 seconds
57.409: Application time: 0.0205370 seconds
57.409: [GC [PSYoungGen: 6940K->352K(7680K)] 23241K->16653K(24576K), 0.0004000 secs] [Times: user=0.00 sys=0.00, real=0.00 secs] 
57.409: Total time for which application threads were stopped: 0.0004950 seconds, Stopping threads took: 0.0000450 seconds
57.432: Application time: 0.0224920 seconds
57.432: [GC [PSYoungGen: 7005K->352K(7680K)] 23306K->16653K(24576K), 0.0004140 secs] [Times: user=0.00 sys=0.00, real=0.00 secs] 
57.432: Total time for which application threads were stopped: 0.0005270 seconds, Stopping threads took: 0.0000620 seconds
57.459: Application time: 0.0262080 seconds
57.459: [GC [PSYoungGen: 7008K->480K(7680K)] 23309K->16781K(24576K), 0.0003760 secs] [Times: user=0.00 sys=0.01, real=0.01 secs] 
57.459: Total time for which application threads were stopped: 0.0004770 seconds, Stopping threads took: 0.0000490 seconds
57.479: Application time: 0.0205150 seconds
57.480: [GC [PSYoungGen: 7132K->448K(7680K)] 23433K->16749K(24576K), 0.0003870 secs] [Times: user=0.00 sys=0.00, real=0.00 secs] 
57.480: Total time for which application threads were stopped: 0.0004780 seconds, Stopping threads took: 0.0000410 seconds
57.500: Application time: 0.0203400 seconds
57.500: [GC [PSYoungGen: 7099K->544K(7680K)] 23401K->16845K(24576K), 0.0003720 secs] [Times: user=0.00 sys=0.00, real=0.00 secs] 
57.501: Total time for which application threads were stopped: 0.0004780 seconds, Stopping threads took: 0.0000530 seconds
57.530: Application time: 0.0289040 seconds
57.530: [GC [PSYoungGen: 7196K->544K(7680K)] 23497K->16845K(24576K), 0.0003360 secs] [Times: user=0.01 sys=0.00, real=0.00 secs] 
57.530: Total time for which application threads were stopped: 0.0004380 seconds, Stopping threads took: 0.0000540 seconds
57.559: Application time: 0.0289370 seconds
57.559: [GC [PSYoungGen: 7196K->512K(7680K)] 23497K->16813K(24576K), 0.0003330 secs] [Times: user=0.00 sys=0.00, real=0.00 secs] 
57.560: Total time for which application threads were stopped: 0.0004290 seconds, Stopping threads took: 0.0000480 seconds
57.588: Application time: 0.0285070 seconds
57.588: [GC [PSYoungGen: 7166K->704K(7680K)] 23467K->17005K(24576K), 0.0003920 secs] [Times: user=0.00 sys=0.00, real=0.00 secs] 
57.589: Total time for which application threads were stopped: 0.0005000 seconds, Stopping threads took: 0.0000560 seconds
57.618: Application time: 0.0294780 seconds
57.618: [GC [PSYoungGen: 7358K->512K(7680K)] 23659K->16813K(24576K), 0.0003870 secs] [Times: user=0.01 sys=0.00, real=0.00 secs] 
57.618: Total time for which application threads were stopped: 0.0004920 seconds, Stopping threads took: 0.0000460 seconds
57.648: Application time: 0.0291480 seconds
57.648: [GC [PSYoungGen: 7166K->480K(7680K)] 23467K->16781K(24576K), 0.0004070 secs] [Times: user=0.00 sys=0.00, real=0.00 secs] 
57.648: Total time for which application threads were stopped: 0.0005160 seconds, Stopping threads took: 0.0000550 seconds
57.674: Application time: 0.0262440 seconds
57.674: [GC [PSYoungGen: 7136K->832K(7680K)] 23437K->17133K(24576K), 0.0003870 secs] [Times: user=0.00 sys=0.00, real=0.00 secs] 
57.675: Total time for which application threads were stopped: 0.0004850 seconds, Stopping threads took: 0.0000470 seconds
57.695: Application time: 0.0204570 seconds
57.695: [GC [PSYoungGen: 7486K->736K(7680K)] 23788K->17037K(24576K), 0.0003760 secs] [Times: user=0.00 sys=0.00, real=0.00 secs] 
57.696: Total time for which application threads were stopped: 0.0004620 seconds, Stopping threads took: 0.0000370 seconds
57.717: Application time: 0.0214920 seconds
57.717: [GC [PSYoungGen: 7392K->768K(7680K)] 23693K->17069K(24576K), 0.0003750 secs] [Times: user=0.00 sys=0.00, real=0.00 secs] 
57.718: Total time for which application threads were stopped: 0.0004790 seconds, Stopping threads took: 0.0000520 seconds
57.747: Application time: 0.0287850 seconds
57.751: [GC [PSYoungGen: 7420K->704K(7680K)] 23721K->17005K(24576K), 0.0003680 secs] [Times: user=0.01 sys=0.00, real=0.00 secs] 
57.751: Total time for which application threads were stopped: 0.0046340 seconds, Stopping threads took: 0.0042160 seconds
57.780: Application time: 0.0287070 seconds
57.780: [GC [PSYoungGen: 7356K->800K(7680K)] 23657K->17101K(24576K), 0.0003840 secs] [Times: user=0.00 sys=0.00, real=0.00 secs] 
57.780: Total time for which application threads were stopped: 0.0005020 seconds, Stopping threads took: 0.0000670 seconds
57.801: Application time: 0.0201310 seconds
57.801: [GC [PSYoungGen: 7455K->928K(7680K)] 23756K->17229K(24576K), 0.0003950 secs] [Times: user=0.00 sys=0.00, real=0.00 secs] 
57.801: Total time for which application threads were stopped: 0.0004910 seconds, Stopping threads took: 0.0000430 seconds
57.821: Application time: 0.0204470 seconds
57.822: [GC [PSYoungGen: 7582K->992K(7680K)] 23883K->17317K(24576K), 0.0004870 secs] [Times: user=0.00 sys=0.00, real=0.00 secs] 
57.822: Total time for which application threads were stopped: 0.0006040 seconds, Stopping threads took: 0.0000550 seconds
57.846: Application time: 0.0235860 seconds
57.846: [GC [PSYoungGen: 7646K->976K(7680K)] 23971K->17301K(24576K), 0.0004260 secs] [Times: user=0.00 sys=0.00, real=0.00 secs] 
57.846: Total time for which application threads were stopped: 0.0005460 seconds, Stopping threads took: 0.0000520 seconds
57.875: Application time: 0.0287600 seconds
57.879: [GC [PSYoungGen: 7628K->944K(7680K)] 23953K->17269K(24576K), 0.0005040 secs] [Times: user=0.00 sys=0.00, real=0.00 secs] 
57.879: Total time for which application threads were stopped: 0.0043570 seconds, Stopping threads took: 0.0038010 seconds
57.901: Application time: 0.0212560 seconds
57.901: [GC [PSYoungGen: 7485K->992K(7680K)] 23810K->17353K(24576K), 0.0004600 secs] [Times: user=0.00 sys=0.00, real=0.00 secs] 
57.901: Total time for which application threads were stopped: 0.0005560 seconds, Stopping threads took: 0.0000440 seconds
57.921: Application time: 0.0202360 seconds
57.921: [GC [PSYoungGen: 7647K->992K(7680K)] 24008K->17521K(24576K), 0.0004490 secs] [Times: user=0.00 sys=0.00, real=0.00 secs] 
57.922: Total time for which application threads were stopped: 0.0005390 seconds, Stopping threads took: 0.0000390 seconds
57.945: Application time: 0.0230420 seconds
57.945: [GC [PSYoungGen: 7643K->1008K(7680K)] 24173K->17561K(24576K), 0.0004270 secs] [Times: user=0.00 sys=0.00, real=0.00 secs] 
57.946: Total time for which application threads were stopped: 0.0005250 seconds, Stopping threads took: 0.0000450 seconds
57.974: Application time: 0.0288780 seconds
57.974: [GC [PSYoungGen: 7660K->1008K(7680K)] 24213K->17561K(24576K), 0.0004590 secs] [Times: user=0.00 sys=0.00, real=0.00 secs] 
57.975: Total time for which application threads were stopped: 0.0005550 seconds, Stopping threads took: 0.0000480 seconds
58.003: Application time: 0.0283300 seconds
58.003: [GC [PSYoungGen: 7660K->960K(7680K)] 24213K->17641K(24576K), 0.0004330 secs] [Times: user=0.00 sys=0.00, real=0.00 secs] 
58.004: Total time for which application threads were stopped: 0.0005380 seconds, Stopping threads took: 0.0000500 seconds
58.033: Application time: 0.0294380 seconds
58.033: [GC [PSYoungGen: 7614K->976K(7680K)] 24296K->17657K(24576K), 0.0004100 secs] [Times: user=0.00 sys=0.00, real=0.00 secs] 
58.034: Total time for which application threads were stopped: 0.0005060 seconds, Stopping threads took: 0.0000450 seconds
58.063: Application time: 0.0295450 seconds
58.063: [GC [PSYoungGen: 7628K->960K(7680K)] 24309K->17641K(24576K), 0.0003960 secs] [Times: user=0.00 sys=0.00, real=0.00 secs] 
58.064: Total time for which application threads were stopped: 0.0005030 seconds, Stopping threads took: 0.0000530 seconds
58.085: Application time: 0.0207010 seconds
58.085: [GC [PSYoungGen: 7612K->1008K(7680K)] 24294K->17825K(24576K), 0.0004420 secs] [Times: user=0.00 sys=0.00, real=0.00 secs] 
58.085: [Full GC [PSYoungGen: 1008K->0K(7680K)] [ParOldGen: 16817K->3727K(16896K)] 17825K->3727K(24576K) [PSPermGen: 5537K->5537K(21504K)], 0.0061570 secs] [Times: user=0.03 sys=0.00, real=0.01 secs] 
58.091: Total time for which application threads were stopped: 0.0067390 seconds, Stopping threads took: 0.0000440 seconds
58.112: Application time: 0.0212350 seconds
58.113: [GC [PSYoungGen: 6653K->0K(7680K)] 10380K->3727K(24576K), 0.0003300 secs] [Times: user=0.00 sys=0.00, real=0.00 secs] 
58.113: Total time for which application threads were stopped: 0.0004310 seconds, Stopping threads took: 0.0000490 seconds
58.137: Application time: 0.0238490 seconds
58.137: [GC [PSYoungGen: 6653K->544K(7680K)] 10381K->4271K(24576K), 0.0003590 secs] [Times: user=0.00 sys=0.00, real=0.00 secs] 
58.137: Total time for which application threads were stopped: 0.0004630 seconds, Stopping threads took: 0.0000500 seconds
58.158: Application time: 0.0207520 seconds
58.158: [GC [PSYoungGen: 7198K->928K(7680K)] 10925K->4655K(24576K), 0.0004160 secs] [Times: user=0.00 sys=0.00, real=0.00 secs] 
58.159: Total time for which application threads were stopped: 0.0005110 seconds, Stopping threads took: 0.0000340 seconds
58.174: Application time: 0.0153350 seconds
58.174: [GC [PSYoungGen: 7583K->992K(7680K)] 11311K->4727K(24576K), 0.0004230 secs] [Times: user=0.00 sys=0.00, real=0.00 secs] 
58.174: Total time for which application threads were stopped: 0.0005390 seconds, Stopping threads took: 0.0000570 seconds
58.190: Application time: 0.0160400 seconds
58.191: [GC [PSYoungGen: 7645K->960K(7680K)] 11380K->4695K(24576K), 0.0004120 secs] [Times: user=0.00 sys=0.00, real=0.00 secs] 
58.191: Total time for which application threads were stopped: 0.0005080 seconds, Stopping threads took: 0.0000440 seconds
58.213: Application time: 0.0224340 seconds
58.213: [GC [PSYoungGen: 7611K->928K(7680K)] 11347K->4663K(24576K), 0.0003930 secs] [Times: user=0.00 sys=0.00, real=0.00 secs] 
58.214: Total time for which application threads were stopped: 0.0004980 seconds, Stopping threads took: 0.0000510 seconds
58.244: Application time: 0.0304630 seconds
58.244: [GC [PSYoungGen: 7579K->1008K(7680K)] 11315K->4887K(24576K), 0.0004810 secs] [Times: user=0.00 sys=0.00, real=0.00 secs] 
58.245: Total time for which application threads were stopped: 0.0005840 seconds, Stopping threads took: 0.0000500 seconds
58.271: Application time: 0.0259390 seconds
58.271: [GC [PSYoungGen: 7663K->992K(7680K)] 11543K->5007K(24576K), 0.0004400 secs] [Times: user=0.00 sys=0.00, real=0.00 secs] 
58.271: Total time for which application threads were stopped: 0.0005350 seconds, Stopping threads took: 0.0000410 seconds
58.300: Application time: 0.0289870 seconds
58.300: [GC [PSYoungGen: 7646K->960K(7680K)] 11662K->4975K(24576K), 0.0003990 secs] [Times: user=0.00 sys=0.00, real=0.00 secs] 
58.301: Total time for which application threads were stopped: 0.0005050 seconds, Stopping threads took: 0.0000510 seconds
58.329: Application time: 0.0282020 seconds
58.329: [GC [PSYoungGen: 7614K->992K(7680K)] 11629K->5188K(24576K), 0.0004340 secs] [Times: user=0.00 sys=0.00, real=0.00 secs] 
58.330: Total time for which application threads were stopped: 0.0005380 seconds, Stopping threads took: 0.0000490 seconds
58.358: Application time: 0.0284670 seconds
58.358: [GC [PSYoungGen: 7646K->992K(7680K)] 11842K->5212K(24576K), 0.0004170 secs] [Times: user=0.00 sys=0.00, real=0.00 secs] 
58.359: Total time for which application threads were stopped: 0.0005190 seconds, Stopping threads took: 0.0000440 seconds
58.388: Application time: 0.0289760 seconds
58.388: [GC [PSYoungGen: 7646K->992K(7680K)] 11866K->5212K(24576K), 0.0004040 secs] [Times: user=0.01 sys=0.00, real=0.00 secs] 
58.388: Total time for which application threads were stopped: 0.0005070 seconds, Stopping threads took: 0.0000510 seconds
58.417: Application time: 0.0293680 seconds
58.418: [GC [PSYoungGen: 7644K->992K(7680K)] 11864K->5212K(24576K), 0.0003780 secs] [Times: user=0.00 sys=0.00, real=0.00 secs] 
58.418: Total time for which application threads were stopped: 0.0004780 seconds, Stopping threads took: 0.0000490 seconds
58.447: Application time: 0.0291150 seconds
58.447: [GC [PSYoungGen: 7646K->1008K(7680K)] 11866K->5228K(24576K), 0.0003830 secs] [Times: user=0.00 sys=0.00, real=0.00 secs] 
58.448: Total time for which application threads were stopped: 0.0004900 seconds, Stopping threads took: 0.0000550 seconds
58.477: Application time: 0.0290340 seconds
58.477: [GC [PSYoungGen: 7662K->944K(7680K)] 11883K->5164K(24576K), 0.0004180 secs] [Times: user=0.00 sys=0.00, real=0.00 secs] 
58.477: Total time for which application threads were stopped: 0.0005070 seconds, Stopping threads took: 0.0000410 seconds
58.505: Application time: 0.0282490 seconds
58.505: [GC [PSYoungGen: 7596K->992K(7680K)] 11816K->5220K(24576K), 0.0004480 secs] [Times: user=0.01 sys=0.00, real=0.00 secs] 
58.506: Total time for which application threads were stopped: 0.0005500 seconds, Stopping threads took: 0.0000490 seconds
58.535: Application time: 0.0289430 seconds
58.535: [GC [PSYoungGen: 7645K->992K(7680K)] 11874K->5260K(24576K), 0.0004590 secs] [Times: user=0.00 sys=0.00, real=0.00 secs] 
58.535: Total time for which application threads were stopped: 0.0005750 seconds, Stopping threads took: 0.0000520 seconds
58.565: Application time: 0.0291340 seconds
58.565: [GC [PSYoungGen: 7644K->992K(7680K)] 11912K->5324K(24576K), 0.0004220 secs] [Times: user=0.00 sys=0.00, real=0.00 secs] 
58.565: Total time for which application threads were stopped: 0.0005440 seconds, Stopping threads took: 0.0000700 seconds
58.592: Application time: 0.0266590 seconds
58.592: [GC [PSYoungGen: 7647K->992K(7680K)] 11980K->5508K(24576K), 0.0004500 secs] [Times: user=0.00 sys=0.00, real=0.00 secs] 
58.592: Total time for which application threads were stopped: 0.0005530 seconds, Stopping threads took: 0.0000480 seconds
58.621: Application time: 0.0287150 seconds
58.621: [GC [PSYoungGen: 7645K->992K(7680K)] 12161K->5644K(24576K), 0.0005060 secs] [Times: user=0.01 sys=0.00, real=0.00 secs] 
58.622: Total time for which application threads were stopped: 0.0006220 seconds, Stopping threads took: 0.0000540 seconds
58.651: Application time: 0.0296310 seconds
58.651: [GC [PSYoungGen: 7646K->992K(7680K)] 12299K->5644K(24576K), 0.0004310 secs] [Times: user=0.00 sys=0.00, real=0.00 secs] 
58.652: Total time for which application threads were stopped: 0.0005360 seconds, Stopping threads took: 0.0000490 seconds
58.682: Application time: 0.0297690 seconds
58.682: [GC [PSYoungGen: 7646K->992K(7680K)] 12299K->5644K(24576K), 0.0004100 secs] [Times: user=0.00 sys=0.00, real=0.00 secs] 
58.682: Total time for which application threads were stopped: 0.0005040 seconds, Stopping threads took: 0.0000380 seconds
58.712: Application time: 0.0295580 seconds
58.712: [GC [PSYoungGen: 7646K->736K(7680K)] 12299K->5645K(24576K), 0.0004050 secs] [Times: user=0.00 sys=0.00, real=0.00 secs] 
58.712: Total time for which application threads were stopped: 0.0004960 seconds, Stopping threads took: 0.0000390 seconds
58.742: Application time: 0.0296330 seconds
58.743: [GC [PSYoungGen: 7390K->768K(7680K)] 12300K->5677K(24576K), 0.0003630 secs] [Times: user=0.00 sys=0.00, real=0.00 secs] 
58.743: Total time for which application threads were stopped: 0.0013840 seconds, Stopping threads took: 0.0009680 seconds
58.773: Application time: 0.0295290 seconds
58.773: [GC [PSYoungGen: 7422K->768K(7680K)] 12332K->5677K(24576K), 0.0003450 secs] [Times: user=0.00 sys=0.00, real=0.00 secs] 
58.773: Total time for which application threads were stopped: 0.0004460 seconds, Stopping threads took: 0.0000510 seconds
58.803: Application time: 0.0296030 seconds
58.803: [GC [PSYoungGen: 7422K->480K(7680K)] 12332K->5609K(24576K), 0.0004140 secs] [Times: user=0.01 sys=0.00, real=0.00 secs] 
58.803: Total time for which application threads were stopped: 0.0005130 seconds, Stopping threads took: 0.0000490 seconds
58.833: Application time: 0.0295450 seconds
58.833: [GC [PSYoungGen: 7134K->576K(7680K)] 12264K->5705K(24576K), 0.0003050 secs] [Times: user=0.00 sys=0.00, real=0.00 secs] 
58.833: Total time for which application threads were stopped: 0.0004050 seconds, Stopping threads took: 0.0000480 seconds
58.863: Application time: 0.0295060 seconds
58.863: [GC [PSYoungGen: 7230K->576K(7680K)] 12360K->5705K(24576K), 0.0003640 secs] [Times: user=0.00 sys=0.00, real=0.00 secs] 
58.863: Total time for which application threads were stopped: 0.0004720 seconds, Stopping threads took: 0.0000480 seconds
58.893: Application time: 0.0295160 seconds
58.893: [GC [PSYoungGen: 7230K->576K(7680K)] 12360K->5705K(24576K), 0.0003490 secs] [Times: user=0.00 sys=0.00, real=0.00 secs] 
58.893: Total time for which application threads were stopped: 0.0004530 seconds, Stopping threads took: 0.0000520 seconds
58.923: Application time: 0.0296630 seconds
58.923: [GC [PSYoungGen: 7230K->576K(7680K)] 12360K->5705K(24576K), 0.0003190 secs] [Times: user=0.00 sys=0.00, real=0.00 secs] 
58.923: Total time for which application threads were stopped: 0.0004250 seconds, Stopping threads took: 0.0000560 seconds
58.954: Application time: 0.0308370 seconds
58.954: [GC [PSYoungGen: 7228K->544K(7680K)] 12358K->5673K(24576K), 0.0003520 secs] [Times: user=0.01 sys=0.00, real=0.00 secs] 
58.955: Total time for which application threads were stopped: 0.0004440 seconds, Stopping threads took: 0.0000360 seconds
58.984: Application time: 0.0294250 seconds
58.984: [GC [PSYoungGen: 7198K->384K(7680K)] 12328K->5726K(24576K), 0.0003300 secs] [Times: user=0.00 sys=0.00, real=0.00 secs] 
58.984: Total time for which application threads were stopped: 0.0004420 seconds, Stopping threads took: 0.0000590 seconds
59.014: Application time: 0.0293570 seconds
59.014: [GC [PSYoungGen: 7038K->384K(7680K)] 12381K->5726K(24576K), 0.0003200 secs] [Times: user=0.00 sys=0.00, real=0.00 secs] 
59.014: Total time for which application threads were stopped: 0.0004170 seconds, Stopping threads took: 0.0000490 seconds
59.044: Application time: 0.0294390 seconds
59.044: [GC [PSYoungGen: 7038K->352K(7680K)] 12381K->5794K(24576K), 0.0003240 secs] [Times: user=0.01 sys=0.00, real=0.00 secs] 
59.044: Total time for which application threads were stopped: 0.0004160 seconds, Stopping threads took: 0.0000420 seconds
59.073: Application time: 0.0292930 seconds
59.073: [GC [PSYoungGen: 7006K->0K(7680K)] 12449K->5667K(24576K), 0.0002950 secs] [Times: user=0.00 sys=0.00, real=0.00 secs] 
59.074: Total time for which application threads were stopped: 0.0003930 seconds, Stopping threads took: 0.0000450 seconds
59.104: Application time: 0.0300290 seconds
59.104: [GC [PSYoungGen: 6651K->0K(7680K)] 12318K->5667K(24576K), 0.0002920 secs] [Times: user=0.00 sys=0.00, real=0.00 secs] 
59.104: Total time for which application threads were stopped: 0.0003910 seconds, Stopping threads took: 0.0000500 seconds
59.128: Application time: 0.0233900 seconds
59.128: [GC [PSYoungGen: 6651K->384K(7680K)] 12318K->6051K(24576K), 0.0003360 secs] [Times: user=0.01 sys=0.00, real=0.00 secs] 
59.128: Total time for which application threads were stopped: 0.0004330 seconds, Stopping threads took: 0.0000480 seconds
59.149: Application time: 0.0211980 seconds
59.149: [GC [PSYoungGen: 7039K->352K(7680K)] 12706K->6019K(24576K), 0.0003200 secs] [Times: user=0.00 sys=0.00, real=0.00 secs] 
59.150: Total time for which application threads were stopped: 0.0004070 seconds, Stopping threads took: 0.0000370 seconds
59.172: Application time: 0.0228340 seconds
59.173: [GC [PSYoungGen: 7007K->544K(7680K)] 12674K->6211K(24576K), 0.0003520 secs] [Times: user=0.00 sys=0.00, real=0.00 secs] 
59.173: Total time for which application threads were stopped: 0.0004540 seconds, Stopping threads took: 0.0000520 seconds
59.193: Application time: 0.0204660 seconds
59.193: [GC [PSYoungGen: 7196K->480K(7680K)] 12863K->6147K(24576K), 0.0003600 secs] [Times: user=0.00 sys=0.00, real=0.00 secs] 
59.194: Total time for which application threads were stopped: 0.0004540 seconds, Stopping threads took: 0.0000430 seconds
59.215: Application time: 0.0210050 seconds
59.215: [GC [PSYoungGen: 7135K->608K(7680K)] 12802K->6275K(24576K), 0.0003880 secs] [Times: user=0.00 sys=0.00, real=0.00 secs] 
59.215: Total time for which application threads were stopped: 0.0004810 seconds, Stopping threads took: 0.0000440 seconds
59.241: Application time: 0.0258060 seconds
59.241: [GC [PSYoungGen: 7261K->512K(7680K)] 12928K->6179K(24576K), 0.0003250 secs] [Times: user=0.00 sys=0.00, real=0.00 secs] 
59.242: Total time for which application threads were stopped: 0.0004250 seconds, Stopping threads took: 0.0000470 seconds
59.270: Application time: 0.0287920 seconds
59.270: [GC [PSYoungGen: 7164K->640K(7680K)] 12831K->6307K(24576K), 0.0003540 secs] [Times: user=0.00 sys=0.00, real=0.00 secs] 
59.271: Total time for which application threads were stopped: 0.0004590 seconds, Stopping threads took: 0.0000530 seconds
59.299: Application time: 0.0281170 seconds
59.303: [GC [PSYoungGen: 7294K->544K(7680K)] 12961K->6211K(24576K), 0.0003420 secs] [Times: user=0.00 sys=0.00, real=0.00 secs] 
59.303: Total time for which application threads were stopped: 0.0042380 seconds, Stopping threads took: 0.0038450 seconds
59.333: Application time: 0.0294850 seconds
59.333: [GC [PSYoungGen: 7196K->512K(7680K)] 12863K->6179K(24576K), 0.0003740 secs] [Times: user=0.00 sys=0.00, real=0.00 secs] 
59.333: Total time for which application threads were stopped: 0.0004660 seconds, Stopping threads took: 0.0000430 seconds
59.362: Application time: 0.0290800 seconds
59.362: [GC [PSYoungGen: 7166K->544K(7680K)] 12833K->6211K(24576K), 0.0003250 secs] [Times: user=0.00 sys=0.00, real=0.00 secs] 
59.363: Total time for which application threads were stopped: 0.0004260 seconds, Stopping threads took: 0.0000510 seconds
59.392: Application time: 0.0290570 seconds
59.392: [GC [PSYoungGen: 7198K->480K(7680K)] 12865K->6147K(24576K), 0.0003250 secs] [Times: user=0.00 sys=0.00, real=0.00 secs] 
59.392: Total time for which application threads were stopped: 0.0004300 seconds, Stopping threads took: 0.0000480 seconds
59.421: Application time: 0.0291400 seconds
59.421: [GC [PSYoungGen: 7134K->512K(7680K)] 12801K->6179K(24576K), 0.0003260 secs] [Times: user=0.00 sys=0.00, real=0.00 secs] 
59.422: Total time for which application threads were stopped: 0.0004290 seconds, Stopping threads took: 0.0000540 seconds
59.446: Application time: 0.0245860 seconds
59.446: [GC [PSYoungGen: 7166K->672K(7680K)] 12833K->6339K(24576K), 0.0003500 secs] [Times: user=0.00 sys=0.00, real=0.00 secs] 
59.447: Total time for which application threads were stopped: 0.0004560 seconds, Stopping threads took: 0.0000520 seconds
59.467: Application time: 0.0205270 seconds
59.467: [GC [PSYoungGen: 7324K->832K(7680K)] 12991K->6499K(24576K), 0.0004090 secs] [Times: user=0.00 sys=0.00, real=0.00 secs] 
59.468: Total time for which application threads were stopped: 0.0005140 seconds, Stopping threads took: 0.0000520 seconds
59.491: Application time: 0.0227860 seconds
59.491: [GC [PSYoungGen: 7486K->992K(7680K)] 13153K->6675K(24576K), 0.0004070 secs] [Times: user=0.00 sys=0.00, real=0.00 secs] 
59.491: Total time for which application threads were stopped: 0.0005090 seconds, Stopping threads took: 0.0000490 seconds
59.520: Application time: 0.0287710 seconds
59.520: [GC [PSYoungGen: 7644K->704K(7680K)] 13327K->6387K(24576K), 0.0003580 secs] [Times: user=0.00 sys=0.00, real=0.00 secs] 
59.520: Total time for which application threads were stopped: 0.0004700 seconds, Stopping threads took: 0.0000580 seconds
59.543: Application time: 0.0223500 seconds
59.543: [GC [PSYoungGen: 7358K->960K(7680K)] 13041K->6643K(24576K), 0.0003870 secs] [Times: user=0.00 sys=0.00, real=0.00 secs] 
59.543: Total time for which application threads were stopped: 0.0004940 seconds, Stopping threads took: 0.0000510 seconds
59.563: Application time: 0.0195230 seconds
59.563: [GC [PSYoungGen: 7614K->928K(7680K)] 13297K->6611K(24576K), 0.0004380 secs] [Times: user=0.00 sys=0.00, real=0.00 secs] 
59.563: Total time for which application threads were stopped: 0.0005390 seconds, Stopping threads took: 0.0000480 seconds
59.585: Application time: 0.0218350 seconds
59.585: [GC [PSYoungGen: 7580K->992K(7680K)] 13263K->6675K(24576K), 0.0004450 secs] [Times: user=0.00 sys=0.00, real=0.00 secs] 
59.586: Total time for which application threads were stopped: 0.0005570 seconds, Stopping threads took: 0.0000580 seconds
59.613: Application time: 0.0277960 seconds
59.614: [GC [PSYoungGen: 7647K->992K(7680K)] 13330K->6691K(24576K), 0.0004130 secs] [Times: user=0.00 sys=0.00, real=0.00 secs] 
59.614: Total time for which application threads were stopped: 0.0005130 seconds, Stopping threads took: 0.0000490 seconds
59.636: Application time: 0.0220330 seconds
59.636: [GC [PSYoungGen: 7646K->1008K(7680K)] 13345K->6851K(24576K), 0.0004990 secs] [Times: user=0.00 sys=0.00, real=0.00 secs] 
59.637: Total time for which application threads were stopped: 0.0006150 seconds, Stopping threads took: 0.0000540 seconds
59.657: Application time: 0.0205610 seconds
59.657: [GC [PSYoungGen: 7661K->960K(7680K)] 13504K->6931K(24576K), 0.0004270 secs] [Times: user=0.00 sys=0.00, real=0.00 secs] 
59.658: Total time for which application threads were stopped: 0.0005360 seconds, Stopping threads took: 0.0000550 seconds
59.681: Application time: 0.0233540 seconds
59.681: [GC [PSYoungGen: 7614K->944K(7680K)] 13585K->7043K(24576K), 0.0005130 secs] [Times: user=0.00 sys=0.00, real=0.00 secs] 
59.682: Total time for which application threads were stopped: 0.0006110 seconds, Stopping threads took: 0.0000420 seconds
59.710: Application time: 0.0286700 seconds
59.710: [GC [PSYoungGen: 7596K->960K(7680K)] 13695K->7059K(24576K), 0.0004420 secs] [Times: user=0.00 sys=0.00, real=0.00 secs] 
59.711: Total time for which application threads were stopped: 0.0005510 seconds, Stopping threads took: 0.0000560 seconds
59.739: Application time: 0.0281620 seconds
59.739: [GC [PSYoungGen: 7612K->992K(7680K)] 13711K->7227K(24576K), 0.0004390 secs] [Times: user=0.01 sys=0.00, real=0.00 secs] 
59.740: Total time for which application threads were stopped: 0.0005420 seconds, Stopping threads took: 0.0000460 seconds
59.769: Application time: 0.0291280 seconds
59.769: [GC [PSYoungGen: 7644K->960K(7680K)] 13879K->7195K(24576K), 0.0004050 secs] [Times: user=0.00 sys=0.00, real=0.00 secs] 
59.769: Total time for which application threads were stopped: 0.0005000 seconds, Stopping threads took: 0.0000440 seconds
59.798: Application time: 0.0290500 seconds
59.798: [GC [PSYoungGen: 7614K->928K(7680K)] 13849K->7163K(24576K), 0.0004460 secs] [Times: user=0.00 sys=0.00, real=0.01 secs] 
59.799: Total time for which application threads were stopped: 0.0005480 seconds, Stopping threads took: 0.0000470 seconds
59.827: Application time: 0.0278050 seconds
59.827: [GC [PSYoungGen: 7582K->992K(7680K)] 13817K->7387K(24576K), 0.0004580 secs] [Times: user=0.00 sys=0.00, real=0.01 secs] 
59.827: Total time for which application threads were stopped: 0.0005560 seconds, Stopping threads took: 0.0000440 seconds
59.848: Application time: 0.0204090 seconds
59.848: [GC [PSYoungGen: 7646K->1008K(7680K)] 14041K->7411K(24576K), 0.0004710 secs] [Times: user=0.00 sys=0.00, real=0.00 secs] 
59.848: Total time for which application threads were stopped: 0.0005680 seconds, Stopping threads took: 0.0000430 seconds
59.868: Application time: 0.0195330 seconds
59.868: [GC [PSYoungGen: 7660K->1008K(7680K)] 14063K->7731K(24576K), 0.0005010 secs] [Times: user=0.00 sys=0.00, real=0.00 secs] 
59.868: Total time for which application threads were stopped: 0.0005870 seconds, Stopping threads took: 0.0000320 seconds
59.886: Application time: 0.0181830 seconds
59.887: [GC [PSYoungGen: 7663K->992K(7680K)] 14387K->8148K(24576K), 0.0005130 secs] [Times: user=0.00 sys=0.00, real=0.01 secs] 
59.887: Total time for which application threads were stopped: 0.0006170 seconds, Stopping threads took: 0.0000490 seconds
59.905: Application time: 0.0177200 seconds
59.905: [GC [PSYoungGen: 7645K->1008K(7680K)] 14801K->8412K(24576K), 0.0004580 secs] [Times: user=0.00 sys=0.00, real=0.00 secs] 
59.905: Total time for which application threads were stopped: 0.0005570 seconds, Stopping threads took: 0.0000410 seconds
59.923: Application time: 0.0173060 seconds
59.923: [GC [PSYoungGen: 7663K->992K(7680K)] 15067K->8805K(24576K), 0.0005380 secs] [Times: user=0.00 sys=0.00, real=0.00 secs] 
59.923: Total time for which application threads were stopped: 0.0006520 seconds, Stopping threads took: 0.0000520 seconds
59.943: Application time: 0.0194870 seconds
59.943: [GC [PSYoungGen: 7646K->976K(7680K)] 15460K->9154K(24576K), 0.0004770 secs] [Times: user=0.00 sys=0.00, real=0.00 secs] 
59.943: Total time for which application threads were stopped: 0.0005910 seconds, Stopping threads took: 0.0000580 seconds
59.971: Application time: 0.0272670 seconds
59.971: [GC [PSYoungGen: 7630K->1008K(7680K)] 15808K->9234K(24576K), 0.0004230 secs] [Times: user=0.00 sys=0.00, real=0.00 secs] 
59.971: Total time for which application threads were stopped: 0.0005230 seconds, Stopping threads took: 0.0000440 seconds
59.998: Application time: 0.0267170 seconds
59.998: [GC [PSYoungGen: 7662K->1008K(7680K)] 15888K->9438K(24576K), 0.0004550 secs] [Times: user=0.01 sys=0.00, real=0.00 secs] 
59.998: Total time for which application threads were stopped: 0.0005690 seconds, Stopping threads took: 0.0000590 seconds
60.026: Application time: 0.0278710 seconds
60.026: [GC [PSYoungGen: 7661K->1008K(7680K)] 16092K->9446K(24576K), 0.0004590 secs] [Times: user=0.00 sys=0.00, real=0.01 secs] 
60.027: Total time for which application threads were stopped: 0.0005660 seconds, Stopping threads took: 0.0000520 seconds
60.055: Application time: 0.0281500 seconds
60.055: [GC [PSYoungGen: 7662K->992K(7680K)] 16100K->9626K(24576K), 0.0004600 secs] [Times: user=0.00 sys=0.00, real=0.00 secs] 
60.056: Total time for which application threads were stopped: 0.0005590 seconds, Stopping threads took: 0.0000460 seconds
60.084: Application time: 0.0285440 seconds
60.084: [GC [PSYoungGen: 7645K->992K(7680K)] 16280K->9642K(24576K), 0.0004310 secs] [Times: user=0.00 sys=0.00, real=0.00 secs] 
60.085: Total time for which application threads were stopped: 0.0005210 seconds, Stopping threads took: 0.0000360 seconds
60.114: Application time: 0.0290180 seconds
60.114: [GC [PSYoungGen: 7646K->992K(7680K)] 16297K->9671K(24576K), 0.0004390 secs] [Times: user=0.00 sys=0.00, real=0.00 secs] 
60.114: Total time for which application threads were stopped: 0.0005350 seconds, Stopping threads took: 0.0000450 seconds
60.143: Application time: 0.0290240 seconds
60.143: [GC [PSYoungGen: 7646K->1008K(7680K)] 16326K->9687K(24576K), 0.0003920 secs] [Times: user=0.01 sys=0.00, real=0.00 secs] 
60.144: Total time for which application threads were stopped: 0.0004910 seconds, Stopping threads took: 0.0000440 seconds
60.173: Application time: 0.0288780 seconds
60.173: [GC [PSYoungGen: 7662K->976K(7680K)] 16342K->9655K(24576K), 0.0004130 secs] [Times: user=0.00 sys=0.00, real=0.00 secs] 
60.173: Total time for which application threads were stopped: 0.0005130 seconds, Stopping threads took: 0.0000480 seconds
60.202: Application time: 0.0290180 seconds
60.202: [GC [PSYoungGen: 7630K->960K(7680K)] 16310K->9767K(24576K), 0.0003840 secs] [Times: user=0.00 sys=0.00, real=0.00 secs] 
60.203: Total time for which application threads were stopped: 0.0004810 seconds, Stopping threads took: 0.0000460 seconds
60.233: Application time: 0.0298820 seconds
60.233: [GC [PSYoungGen: 7611K->928K(7680K)] 16419K->9751K(24576K), 0.0004110 secs] [Times: user=0.01 sys=0.00, real=0.00 secs] 
60.233: Total time for which application threads were stopped: 0.0005160 seconds, Stopping threads took: 0.0000530 seconds
60.260: Application time: 0.0272900 seconds
60.260: [GC [PSYoungGen: 7582K->1008K(7680K)] 16405K->9863K(24576K), 0.0004240 secs] [Times: user=0.01 sys=0.00, real=0.00 secs] 
60.261: Total time for which application threads were stopped: 0.0005400 seconds, Stopping threads took: 0.0000600 seconds
60.290: Application time: 0.0290660 seconds
60.290: [GC [PSYoungGen: 7662K->960K(7680K)] 16518K->9863K(24576K), 0.0004230 secs] [Times: user=0.00 sys=0.00, real=0.00 secs] 
60.291: Total time for which application threads were stopped: 0.0005160 seconds, Stopping threads took: 0.0000420 seconds
60.318: Application time: 0.0273480 seconds
60.318: [GC [PSYoungGen: 7614K->992K(7680K)] 16517K->9959K(24576K), 0.0004090 secs] [Times: user=0.00 sys=0.00, real=0.00 secs] 
60.318: Total time for which application threads were stopped: 0.0005090 seconds, Stopping threads took: 0.0000450 seconds
60.346: Application time: 0.0277760 seconds
60.346: [GC [PSYoungGen: 7646K->992K(7680K)] 16613K->10015K(24576K), 0.0004780 secs] [Times: user=0.00 sys=0.00, real=0.00 secs] 
60.347: Total time for which application threads were stopped: 0.0005780 seconds, Stopping threads took: 0.0000440 seconds
60.376: Application time: 0.0296890 seconds
60.376: [GC [PSYoungGen: 7644K->992K(7680K)] 16667K->10055K(24576K), 0.0004630 secs] [Times: user=0.00 sys=0.00, real=0.00 secs] 
60.377: Total time for which application threads were stopped: 0.0005510 seconds, Stopping threads took: 0.0000390 seconds
60.407: Application time: 0.0297600 seconds
60.407: [GC [PSYoungGen: 7644K->992K(7680K)] 16707K->10063K(24576K), 0.0003900 secs] [Times: user=0.00 sys=0.00, real=0.00 secs] 
60.407: Total time for which application threads were stopped: 0.0005110 seconds, Stopping threads took: 0.0000510 seconds
60.437: Application time: 0.0296650 seconds
60.437: [GC [PSYoungGen: 7646K->896K(7680K)] 16718K->10159K(24576K), 0.0003900 secs] [Times: user=0.00 sys=0.00, real=0.00 secs] 
60.437: Total time for which application threads were stopped: 0.0004850 seconds, Stopping threads took: 0.0000420 seconds
60.467: Application time: 0.0294740 seconds
60.467: [GC [PSYoungGen: 7550K->896K(7680K)] 16814K->10167K(24576K), 0.0003670 secs] [Times: user=0.00 sys=0.00, real=0.00 secs] 
60.467: Total time for which application threads were stopped: 0.0004720 seconds, Stopping threads took: 0.0000510 seconds
60.497: Application time: 0.0295520 seconds
60.497: [GC [PSYoungGen: 7550K->960K(7680K)] 16822K->10231K(24576K), 0.0004100 secs] [Times: user=0.00 sys=0.00, real=0.00 secs] 
60.497: Total time for which application threads were stopped: 0.0005100 seconds, Stopping threads took: 0.0000490 seconds
60.527: Application time: 0.0294770 seconds
60.527: [GC [PSYoungGen: 7614K->640K(7680K)] 16886K->10123K(24576K), 0.0004180 secs] [Times: user=0.00 sys=0.00, real=0.00 secs] 
60.527: Total time for which application threads were stopped: 0.0005140 seconds, Stopping threads took: 0.0000420 seconds
60.557: Application time: 0.0294810 seconds
60.557: [GC [PSYoungGen: 7294K->704K(7680K)] 16778K->10187K(24576K), 0.0003510 secs] [Times: user=0.00 sys=0.00, real=0.00 secs] 
60.557: Total time for which application threads were stopped: 0.0004490 seconds, Stopping threads took: 0.0000440 seconds
60.587: Application time: 0.0297300 seconds
60.587: [GC [PSYoungGen: 7358K->704K(7680K)] 16842K->10187K(24576K), 0.0003520 secs] [Times: user=0.00 sys=0.00, real=0.00 secs] 
60.588: Total time for which application threads were stopped: 0.0004500 seconds, Stopping threads took: 0.0000440 seconds
60.617: Application time: 0.0298400 seconds
60.617: [GC [PSYoungGen: 7358K->736K(7680K)] 16842K->10219K(24576K), 0.0004010 secs] [Times: user=0.01 sys=0.00, real=0.00 secs] 
60.618: Total time for which application threads were stopped: 0.0005150 seconds, Stopping threads took: 0.0000520 seconds
60.647: Application time: 0.0294780 seconds
60.647: [GC [PSYoungGen: 7390K->704K(7680K)] 16874K->10187K(24576K), 0.0003540 secs] [Times: user=0.00 sys=0.00, real=0.00 secs] 
60.648: Total time for which application threads were stopped: 0.0004550 seconds, Stopping threads took: 0.0000480 seconds
60.678: Application time: 0.0298410 seconds
60.678: [GC [PSYoungGen: 7358K->640K(7680K)] 16842K->10123K(24576K), 0.0004000 secs] [Times: user=0.00 sys=0.00, real=0.01 secs] 
60.680: Total time for which application threads were stopped: 0.0025100 seconds, Stopping threads took: 0.0000440 seconds
60.710: Application time: 0.0294230 seconds
60.710: [GC [PSYoungGen: 7294K->544K(7680K)] 16778K->10248K(24576K), 0.0003970 secs] [Times: user=0.01 sys=0.00, real=0.00 secs] 
60.710: Total time for which application threads were stopped: 0.0004930 seconds, Stopping threads took: 0.0000420 seconds
60.740: Application time: 0.0294900 seconds
60.740: [GC [PSYoungGen: 7198K->512K(7680K)] 16903K->10216K(24576K), 0.0003260 secs] [Times: user=0.00 sys=0.00, real=0.00 secs] 
60.740: Total time for which application threads were stopped: 0.0004270 seconds, Stopping threads took: 0.0000490 seconds
60.770: Application time: 0.0297170 seconds
60.770: [GC [PSYoungGen: 7166K->384K(7680K)] 16871K->10296K(24576K), 0.0003450 secs] [Times: user=0.00 sys=0.00, real=0.00 secs] 
60.770: Total time for which application threads were stopped: 0.0004460 seconds, Stopping threads took: 0.0000500 seconds
60.800: Application time: 0.0294140 seconds
60.800: [GC [PSYoungGen: 7038K->0K(7680K)] 16951K->10125K(24576K), 0.0003370 secs] [Times: user=0.01 sys=0.00, real=0.00 secs] 
60.800: Total time for which application threads were stopped: 0.0004320 seconds, Stopping threads took: 0.0000440 seconds
60.829: Application time: 0.0294700 seconds
60.830: [GC [PSYoungGen: 6654K->0K(7680K)] 16779K->10125K(24576K), 0.0002940 secs] [Times: user=0.00 sys=0.00, real=0.00 secs] 
60.830: Total time for which application threads were stopped: 0.0004010 seconds, Stopping threads took: 0.0000470 seconds
60.857: Application time: 0.0268670 seconds
60.857: [GC [PSYoungGen: 6651K->352K(7680K)] 16776K->10477K(24576K), 0.0003240 secs] [Times: user=0.00 sys=0.00, real=0.00 secs] 
60.857: Total time for which application threads were stopped: 0.0004300 seconds, Stopping threads took: 0.0000530 seconds
60.878: Application time: 0.0206240 seconds
60.878: [GC [PSYoungGen: 7008K->416K(7680K)] 17133K->10541K(24576K), 0.0003200 secs] [Times: user=0.00 sys=0.00, real=0.00 secs] 
60.878: Total time for which application threads were stopped: 0.0004110 seconds, Stopping threads took: 0.0000440 seconds
60.898: Application time: 0.0200620 seconds
60.898: [GC [PSYoungGen: 7071K->512K(7680K)] 17196K->10637K(24576K), 0.0004310 secs] [Times: user=0.00 sys=0.00, real=0.01 secs] 
60.899: Total time for which application threads were stopped: 0.0005300 seconds, Stopping threads took: 0.0000470 seconds
60.919: Application time: 0.0206670 seconds
60.920: [GC [PSYoungGen: 7167K->576K(7680K)] 17292K->10701K(24576K), 0.0003620 secs] [Times: user=0.00 sys=0.00, real=0.00 secs] 
60.920: Total time for which application threads were stopped: 0.0004620 seconds, Stopping threads took: 0.0000410 seconds
60.941: Application time: 0.0211540 seconds
60.941: [GC [PSYoungGen: 7231K->512K(7680K)] 17356K->10637K(24576K), 0.0003430 secs] [Times: user=0.00 sys=0.00, real=0.00 secs] 
60.942: Total time for which application threads were stopped: 0.0004440 seconds, Stopping threads took: 0.0000480 seconds
60.969: Application time: 0.0274970 seconds
60.969: [GC [PSYoungGen: 7166K->544K(7680K)] 17291K->10669K(24576K), 0.0003670 secs] [Times: user=0.00 sys=0.00, real=0.00 secs] 
60.970: Total time for which application threads were stopped: 0.0004630 seconds, Stopping threads took: 0.0000450 seconds
60.998: Application time: 0.0280450 seconds
60.998: [GC [PSYoungGen: 7199K->672K(7680K)] 17324K->10797K(24576K), 0.0003920 secs] [Times: user=0.00 sys=0.00, real=0.00 secs] 
60.998: Total time for which application threads were stopped: 0.0004870 seconds, Stopping threads took: 0.0000430 seconds
61.026: Application time: 0.0281930 seconds
61.026: [GC [PSYoungGen: 7325K->544K(7680K)] 17450K->10669K(24576K), 0.0003550 secs] [Times: user=0.01 sys=0.00, real=0.00 secs] 
61.027: Total time for which application threads were stopped: 0.0004490 seconds, Stopping threads took: 0.0000440 seconds
61.056: Application time: 0.0293930 seconds
61.056: [GC [PSYoungGen: 7196K->512K(7680K)] 17321K->10637K(24576K), 0.0003600 secs] [Times: user=0.00 sys=0.00, real=0.00 secs] 
61.057: Total time for which application threads were stopped: 0.0004500 seconds, Stopping threads took: 0.0000400 seconds
61.086: Application time: 0.0292300 seconds
61.086: [GC [PSYoungGen: 7166K->480K(7680K)] 17291K->10605K(24576K), 0.0003300 secs] [Times: user=0.00 sys=0.00, real=0.00 secs] 
61.086: Total time for which application threads were stopped: 0.0004310 seconds, Stopping threads took: 0.0000510 seconds
61.115: Application time: 0.0292510 seconds
61.116: [GC [PSYoungGen: 7134K->512K(7680K)] 17259K->10637K(24576K), 0.0003210 secs] [Times: user=0.00 sys=0.00, real=0.00 secs] 
61.116: Total time for which application threads were stopped: 0.0004180 seconds, Stopping threads took: 0.0000490 seconds
61.145: Application time: 0.0291470 seconds
61.145: [GC [PSYoungGen: 7166K->480K(7680K)] 17291K->10605K(24576K), 0.0004000 secs] [Times: user=0.00 sys=0.00, real=0.00 secs] 
61.146: Total time for which application threads were stopped: 0.0005030 seconds, Stopping threads took: 0.0000510 seconds
61.171: Application time: 0.0254360 seconds
61.171: [GC [PSYoungGen: 7132K->704K(7680K)] 17257K->10829K(24576K), 0.0003940 secs] [Times: user=0.00 sys=0.00, real=0.00 secs] 
61.171: Total time for which application threads were stopped: 0.0005000 seconds, Stopping threads took: 0.0000550 seconds
61.192: Application time: 0.0205660 seconds
61.192: [GC [PSYoungGen: 7356K->736K(7680K)] 17481K->10861K(24576K), 0.0004130 secs] [Times: user=0.00 sys=0.00, real=0.00 secs] 
61.193: Total time for which application threads were stopped: 0.0005230 seconds, Stopping threads took: 0.0000580 seconds
61.215: Application time: 0.0222540 seconds
61.215: [GC [PSYoungGen: 7389K->736K(7680K)] 17514K->10861K(24576K), 0.0003740 secs] [Times: user=0.00 sys=0.00, real=0.00 secs] 
61.215: Total time for which application threads were stopped: 0.0004750 seconds, Stopping threads took: 0.0000520 seconds
61.244: Application time: 0.0288150 seconds
61.244: [GC [PSYoungGen: 7388K->704K(7680K)] 17513K->10829K(24576K), 0.0003490 secs] [Times: user=0.00 sys=0.00, real=0.00 secs] 
61.245: Total time for which application threads were stopped: 0.0004480 seconds, Stopping threads took: 0.0000480 seconds
61.271: Application time: 0.0261380 seconds
61.271: [GC [PSYoungGen: 7355K->896K(7680K)] 17480K->11021K(24576K), 0.0004330 secs] [Times: user=0.00 sys=0.00, real=0.00 secs] 
61.271: Total time for which application threads were stopped: 0.0005430 seconds, Stopping threads took: 0.0000570 seconds
61.290: Application time: 0.0190490 seconds
61.290: [GC [PSYoungGen: 7549K->960K(7680K)] 17674K->11085K(24576K), 0.0004230 secs] [Times: user=0.00 sys=0.00, real=0.00 secs] 
61.291: Total time for which application threads were stopped: 0.0005340 seconds, Stopping threads took: 0.0000560 seconds
61.310: Application time: 0.0191210 seconds
61.310: [GC [PSYoungGen: 7614K->1008K(7680K)] 17739K->11133K(24576K), 0.0004220 secs] [Times: user=0.00 sys=0.00, real=0.00 secs] 
61.310: Total time for which application threads were stopped: 0.0005130 seconds, Stopping threads took: 0.0000370 seconds
61.338: Application time: 0.0274040 seconds
61.339: [GC [PSYoungGen: 7662K->992K(7680K)] 17787K->11125K(24576K), 0.0004270 secs] [Times: user=0.00 sys=0.00, real=0.00 secs] 
61.339: Total time for which application threads were stopped: 0.0013940 seconds, Stopping threads took: 0.0009140 seconds
61.362: Application time: 0.0229080 seconds
61.362: Total time for which application threads were stopped: 0.0000710 seconds, Stopping threads took: 0.0000530 seconds
61.362: Application time: 0.0000670 seconds
61.362: [GC [PSYoungGen: 7581K->992K(7680K)] 17842K->11293K(24576K), 0.0004640 secs] [Times: user=0.00 sys=0.00, real=0.00 secs] 
61.363: Total time for which application threads were stopped: 0.0005400 seconds, Stopping threads took: 0.0000300 seconds
61.385: Application time: 0.0223800 seconds
61.387: [GC [PSYoungGen: 7645K->992K(7680K)] 18230K->11626K(24576K), 0.0004350 secs] [Times: user=0.00 sys=0.00, real=0.00 secs] 
61.387: Total time for which application threads were stopped: 0.0020270 seconds, Stopping threads took: 0.0015400 seconds
61.410: Application time: 0.0222660 seconds
61.410: [GC [PSYoungGen: 7646K->1008K(7680K)] 18280K->11778K(24576K), 0.0004500 secs] [Times: user=0.00 sys=0.00, real=0.00 secs] 
61.410: Total time for which application threads were stopped: 0.0005410 seconds, Stopping threads took: 0.0000410 seconds
61.439: Application time: 0.0289830 seconds
61.439: [GC [PSYoungGen: 7660K->960K(7680K)] 18430K->11858K(24576K), 0.0004260 secs] [Times: user=0.00 sys=0.00, real=0.00 secs] 
61.440: Total time for which application threads were stopped: 0.0005450 seconds, Stopping threads took: 0.0000540 seconds
61.468: Application time: 0.0282810 seconds
61.471: [GC [PSYoungGen: 7553K->944K(7680K)] 18451K->11842K(24576K), 0.0004150 secs] [Times: user=0.00 sys=0.00, real=0.00 secs] 
61.471: Total time for which application threads were stopped: 0.0033800 seconds, Stopping threads took: 0.0029080 seconds
61.501: Application time: 0.0292480 seconds
61.501: [GC [PSYoungGen: 7597K->960K(7680K)] 18495K->11986K(24576K), 0.0004430 secs] [Times: user=0.00 sys=0.00, real=0.00 secs] 
61.501: Total time for which application threads were stopped: 0.0005550 seconds, Stopping threads took: 0.0000580 seconds
61.530: Application time: 0.0291730 seconds
61.530: [GC [PSYoungGen: 7614K->896K(7680K)] 18640K->11922K(24576K), 0.0004500 secs] [Times: user=0.01 sys=0.00, real=0.00 secs] 
61.531: Total time for which application threads were stopped: 0.0005590 seconds, Stopping threads took: 0.0000480 seconds
61.557: Application time: 0.0259660 seconds
61.557: [GC [PSYoungGen: 7547K->1008K(7680K)] 18573K->12082K(24576K), 0.0004490 secs] [Times: user=0.00 sys=0.00, real=0.00 secs] 
61.557: Total time for which application threads were stopped: 0.0005520 seconds, Stopping threads took: 0.0000480 seconds
61.578: Application time: 0.0202910 seconds
61.578: [GC [PSYoungGen: 7663K->992K(7680K)] 18737K->12134K(24576K), 0.0004580 secs] [Times: user=0.00 sys=0.00, real=0.00 secs] 
61.578: Total time for which application threads were stopped: 0.0005630 seconds, Stopping threads took: 0.0000510 seconds
61.598: Application time: 0.0197030 seconds
61.598: [GC [PSYoungGen: 7648K->1008K(7680K)] 18790K->12531K(24576K), 0.0004980 secs] [Times: user=0.00 sys=0.00, real=0.00 secs] 
61.598: Total time for which application threads were stopped: 0.0006060 seconds, Stopping threads took: 0.0000530 seconds
61.618: Application time: 0.0193510 seconds
61.618: [GC [PSYoungGen: 7663K->992K(7680K)] 19187K->12904K(24576K), 0.0006070 secs] [Times: user=0.01 sys=0.00, real=0.00 secs] 
61.619: Total time for which application threads were stopped: 0.0007400 seconds, Stopping threads took: 0.0000700 seconds
61.638: Application time: 0.0193150 seconds
61.638: [GC [PSYoungGen: 7647K->992K(7680K)] 19560K->13200K(24576K), 0.0004980 secs] [Times: user=0.00 sys=0.00, real=0.00 secs] 
61.639: Total time for which application threads were stopped: 0.0006040 seconds, Stopping threads took: 0.0000470 seconds
61.657: Application time: 0.0180850 seconds
61.657: [GC [PSYoungGen: 7645K->992K(7680K)] 19853K->13384K(24576K), 0.0004710 secs] [Times: user=0.00 sys=0.00, real=0.00 secs] 
61.657: Total time for which application threads were stopped: 0.0005860 seconds, Stopping threads took: 0.0000600 seconds
61.677: Application time: 0.0200980 seconds
61.677: [GC [PSYoungGen: 7646K->1008K(7680K)] 20038K->13624K(24576K), 0.0004590 secs] [Times: user=0.00 sys=0.00, real=0.00 secs] 
61.678: Total time for which application threads were stopped: 0.0005610 seconds, Stopping threads took: 0.0000470 seconds
61.704: Application time: 0.0261800 seconds
61.704: [GC [PSYoungGen: 7662K->992K(7680K)] 20279K->13688K(24576K), 0.0004360 secs] [Times: user=0.01 sys=0.00, real=0.00 secs] 
61.705: Total time for which application threads were stopped: 0.0005470 seconds, Stopping threads took: 0.0000560 seconds
61.731: Application time: 0.0259750 seconds
61.731: [GC [PSYoungGen: 7647K->992K(7680K)] 20344K->13936K(24576K), 0.0004730 secs] [Times: user=0.01 sys=0.00, real=0.00 secs] 
61.731: Total time for which application threads were stopped: 0.0005690 seconds, Stopping threads took: 0.0000390 seconds
61.760: Application time: 0.0285880 seconds
61.760: [GC [PSYoungGen: 7648K->992K(7680K)] 20592K->13989K(24576K), 0.0004670 secs] [Times: user=0.00 sys=0.00, real=0.00 secs] 
61.760: Total time for which application threads were stopped: 0.0005680 seconds, Stopping threads took: 0.0000430 seconds
61.787: Application time: 0.0272200 seconds
61.788: [GC [PSYoungGen: 7647K->992K(7680K)] 20644K->14341K(24576K), 0.0005170 secs] [Times: user=0.00 sys=0.00, real=0.00 secs] 
61.788: Total time for which application threads were stopped: 0.0006240 seconds, Stopping threads took: 0.0000530 seconds
61.816: Application time: 0.0281400 seconds
61.816: [GC [PSYoungGen: 7645K->992K(7680K)] 20995K->14617K(24576K), 0.0005390 secs] [Times: user=0.00 sys=0.00, real=0.00 secs] 
61.817: Total time for which application threads were stopped: 0.0006360 seconds, Stopping threads took: 0.0000420 seconds
61.846: Application time: 0.0288220 seconds
61.846: [GC [PSYoungGen: 7646K->976K(7680K)] 21272K->14637K(24576K), 0.0004930 secs] [Times: user=0.00 sys=0.00, real=0.00 secs] 
61.846: Total time for which application threads were stopped: 0.0006220 seconds, Stopping threads took: 0.0000700 seconds
61.875: Application time: 0.0290790 seconds
61.876: [GC [PSYoungGen: 7630K->880K(7680K)] 21292K->14677K(24576K), 0.0004450 secs] [Times: user=0.01 sys=0.00, real=0.00 secs] 
61.876: Total time for which application threads were stopped: 0.0005570 seconds, Stopping threads took: 0.0000570 seconds
61.905: Application time: 0.0290750 seconds
61.905: [GC [PSYoungGen: 7534K->896K(7680K)] 21332K->14693K(24576K), 0.0004140 secs] [Times: user=0.00 sys=0.00, real=0.00 secs] 
61.906: Total time for which application threads were stopped: 0.0005110 seconds, Stopping threads took: 0.0000460 seconds
61.935: Application time: 0.0292000 seconds
61.935: [GC [PSYoungGen: 7550K->832K(7680K)] 21348K->14629K(24576K), 0.0004140 secs] [Times: user=0.00 sys=0.00, real=0.00 secs] 
61.935: Total time for which application threads were stopped: 0.0005140 seconds, Stopping threads took: 0.0000470 seconds
61.964: Application time: 0.0289880 seconds
61.964: [GC [PSYoungGen: 7486K->864K(7680K)] 21284K->14677K(24576K), 0.0004230 secs] [Times: user=0.00 sys=0.00, real=0.00 secs] 
61.965: Total time for which application threads were stopped: 0.0005480 seconds, Stopping threads took: 0.0000630 seconds
61.993: Application time: 0.0282160 seconds
61.993: [GC [PSYoungGen: 7516K->1008K(7680K)] 21329K->14845K(24576K), 0.0004070 secs] [Times: user=0.01 sys=0.00, real=0.00 secs] 
61.994: Total time for which application threads were stopped: 0.0005210 seconds, Stopping threads took: 0.0000590 seconds
62.022: Application time: 0.0281490 seconds
62.022: [GC [PSYoungGen: 7662K->864K(7680K)] 21499K->14882K(24576K), 0.0005130 secs] [Times: user=0.00 sys=0.00, real=0.00 secs] 
62.022: Total time for which application threads were stopped: 0.0006110 seconds, Stopping threads took: 0.0000420 seconds
62.050: Application time: 0.0275000 seconds
62.050: [GC [PSYoungGen: 7517K->864K(7680K)] 21536K->14938K(24576K), 0.0005020 secs] [Times: user=0.00 sys=0.00, real=0.00 secs] 
62.050: Total time for which application threads were stopped: 0.0006110 seconds, Stopping threads took: 0.0000550 seconds
62.080: Application time: 0.0291050 seconds
62.080: [GC [PSYoungGen: 7516K->928K(7680K)] 21590K->15130K(24576K), 0.0004370 secs] [Times: user=0.00 sys=0.00, real=0.00 secs] 
62.080: Total time for which application threads were stopped: 0.0005400 seconds, Stopping threads took: 0.0000470 seconds
62.109: Application time: 0.0284980 seconds
62.109: [GC [PSYoungGen: 7580K->928K(7680K)] 21782K->15146K(24576K), 0.0003970 secs] [Times: user=0.00 sys=0.00, real=0.00 secs] 
62.109: Total time for which application threads were stopped: 0.0005000 seconds, Stopping threads took: 0.0000470 seconds
62.139: Application time: 0.0294980 seconds
62.139: [GC [PSYoungGen: 7582K->832K(7680K)] 21801K->15106K(24576K), 0.0004120 secs] [Times: user=0.01 sys=0.00, real=0.01 secs] 
62.139: Total time for which application threads were stopped: 0.0005310 seconds, Stopping threads took: 0.0000670 seconds
62.169: Application time: 0.0295040 seconds
62.171: [GC [PSYoungGen: 7486K->832K(7680K)] 21761K->15190K(24576K), 0.0004040 secs] [Times: user=0.00 sys=0.00, real=0.00 secs] 
62.171: Total time for which application threads were stopped: 0.0025930 seconds, Stopping threads took: 0.0021390 seconds
62.201: Application time: 0.0297990 seconds
62.201: [GC [PSYoungGen: 7486K->800K(7680K)] 21845K->15166K(24576K), 0.0003980 secs] [Times: user=0.00 sys=0.00, real=0.00 secs] 
62.202: Total time for which application threads were stopped: 0.0004910 seconds, Stopping threads took: 0.0000390 seconds
62.231: Application time: 0.0295320 seconds
62.231: [GC [PSYoungGen: 7454K->768K(7680K)] 21821K->15174K(24576K), 0.0003570 secs] [Times: user=0.00 sys=0.00, real=0.00 secs] 
62.232: Total time for which application threads were stopped: 0.0004580 seconds, Stopping threads took: 0.0000480 seconds
62.261: Application time: 0.0296440 seconds
62.261: [GC [PSYoungGen: 7422K->512K(7680K)] 21829K->15123K(24576K), 0.0004330 secs] [Times: user=0.01 sys=0.00, real=0.00 secs] 
62.262: Total time for which application threads were stopped: 0.0005430 seconds, Stopping threads took: 0.0000580 seconds
62.291: Application time: 0.0294360 seconds
62.291: [GC [PSYoungGen: 7166K->576K(7680K)] 21778K->15187K(24576K), 0.0003850 secs] [Times: user=0.00 sys=0.00, real=0.00 secs] 
62.292: Total time for which application threads were stopped: 0.0004830 seconds, Stopping threads took: 0.0000460 seconds
62.321: Application time: 0.0296320 seconds
62.321: [GC [PSYoungGen: 7230K->544K(7680K)] 21842K->15155K(24576K), 0.0003250 secs] [Times: user=0.00 sys=0.00, real=0.00 secs] 
62.322: Total time for which application threads were stopped: 0.0004150 seconds, Stopping threads took: 0.0000410 seconds
62.351: Application time: 0.0297560 seconds
62.352: [GC [PSYoungGen: 7198K->544K(7680K)] 21810K->15155K(24576K), 0.0003810 secs] [Times: user=0.00 sys=0.00, real=0.00 secs] 
62.352: Total time for which application threads were stopped: 0.0004730 seconds, Stopping threads took: 0.0000400 seconds
62.381: Application time: 0.0295220 seconds
62.382: [GC [PSYoungGen: 7198K->512K(7680K)] 21810K->15123K(24576K), 0.0003710 secs] [Times: user=0.00 sys=0.00, real=0.00 secs] 
62.382: Total time for which application threads were stopped: 0.0004640 seconds, Stopping threads took: 0.0000430 seconds
62.411: Application time: 0.0295370 seconds
62.412: [GC [PSYoungGen: 7166K->544K(7680K)] 21778K->15155K(24576K), 0.0003560 secs] [Times: user=0.00 sys=0.00, real=0.00 secs] 
62.412: Total time for which application threads were stopped: 0.0004580 seconds, Stopping threads took: 0.0000530 seconds
62.441: Application time: 0.0295870 seconds
62.442: [GC [PSYoungGen: 7198K->544K(7680K)] 21810K->15155K(24576K), 0.0003540 secs] [Times: user=0.00 sys=0.00, real=0.00 secs] 
62.442: Total time for which application threads were stopped: 0.0004660 seconds, Stopping threads took: 0.0000620 seconds
62.471: Application time: 0.0295370 seconds
62.472: [GC [PSYoungGen: 7198K->480K(7680K)] 21810K->15168K(24576K), 0.0004100 secs] [Times: user=0.00 sys=0.00, real=0.00 secs] 
62.472: Total time for which application threads were stopped: 0.0005390 seconds, Stopping threads took: 0.0000660 seconds
62.502: Application time: 0.0296230 seconds
62.502: [GC [PSYoungGen: 7134K->320K(7680K)] 21822K->15232K(24576K), 0.0003930 secs] [Times: user=0.00 sys=0.00, real=0.00 secs] 
62.502: Total time for which application threads were stopped: 0.0004950 seconds, Stopping threads took: 0.0000540 seconds
62.532: Application time: 0.0293770 seconds
62.532: [GC [PSYoungGen: 6974K->384K(7680K)] 21886K->15296K(24576K), 0.0003250 secs] [Times: user=0.01 sys=0.00, real=0.00 secs] 
62.532: Total time for which application threads were stopped: 0.0004180 seconds, Stopping threads took: 0.0000440 seconds
62.562: Application time: 0.0299200 seconds
62.563: [GC [PSYoungGen: 7038K->0K(7680K)] 21950K->15140K(24576K), 0.0003290 secs] [Times: user=0.00 sys=0.00, real=0.00 secs] 
62.563: Total time for which application threads were stopped: 0.0012830 seconds, Stopping threads took: 0.0009030 seconds
62.593: Application time: 0.0293760 seconds
62.593: [GC [PSYoungGen: 6654K->0K(7680K)] 21795K->15140K(24576K), 0.0002950 secs] [Times: user=0.00 sys=0.00, real=0.00 secs] 
62.593: Total time for which application threads were stopped: 0.0003880 seconds, Stopping threads took: 0.0000450 seconds
62.613: Application time: 0.0204350 seconds
62.613: [GC [PSYoungGen: 6655K->384K(7680K)] 21795K->15524K(24576K), 0.0003120 secs] [Times: user=0.00 sys=0.00, real=0.00 secs] 
62.614: Total time for which application threads were stopped: 0.0004030 seconds, Stopping threads took: 0.0000390 seconds
62.635: Application time: 0.0213890 seconds
62.635: [GC [PSYoungGen: 7039K->320K(7680K)] 22180K->15460K(24576K), 0.0004140 secs] [Times: user=0.00 sys=0.00, real=0.00 secs] 
62.636: Total time for which application threads were stopped: 0.0005240 seconds, Stopping threads took: 0.0000470 seconds
62.656: Application time: 0.0200270 seconds
62.656: [GC [PSYoungGen: 6973K->512K(7680K)] 22113K->15652K(24576K), 0.0003680 secs] [Times: user=0.00 sys=0.00, real=0.00 secs] 
62.656: Total time for which application threads were stopped: 0.0004650 seconds, Stopping threads took: 0.0000450 seconds
62.678: Application time: 0.0216540 seconds
62.678: [GC [PSYoungGen: 7167K->448K(7680K)] 22308K->15588K(24576K), 0.0004090 secs] [Times: user=0.01 sys=0.00, real=0.00 secs] 
62.678: Total time for which application threads were stopped: 0.0005170 seconds, Stopping threads took: 0.0000570 seconds
62.702: Application time: 0.0233540 seconds
62.702: [GC [PSYoungGen: 7101K->544K(7680K)] 22242K->15684K(24576K), 0.0003270 secs] [Times: user=0.00 sys=0.00, real=0.00 secs] 
62.702: Total time for which application threads were stopped: 0.0004350 seconds, Stopping threads took: 0.0000570 seconds
62.730: Application time: 0.0278860 seconds
62.730: [GC [PSYoungGen: 7199K->544K(7680K)] 22340K->15684K(24576K), 0.0003570 secs] [Times: user=0.00 sys=0.00, real=0.00 secs] 
62.730: Total time for which application threads were stopped: 0.0004530 seconds, Stopping threads took: 0.0000450 seconds
62.758: Application time: 0.0279810 seconds
62.763: [GC [PSYoungGen: 7196K->512K(7680K)] 22336K->15652K(24576K), 0.0003390 secs] [Times: user=0.00 sys=0.00, real=0.00 secs] 
62.763: Total time for which application threads were stopped: 0.0045250 seconds, Stopping threads took: 0.0041380 seconds
62.793: Application time: 0.0304150 seconds
62.793: [GC [PSYoungGen: 7167K->640K(7680K)] 22308K->15780K(24576K), 0.0004270 secs] [Times: user=0.00 sys=0.00, real=0.00 secs] 
62.794: Total time for which application threads were stopped: 0.0005300 seconds, Stopping threads took: 0.0000530 seconds
62.823: Application time: 0.0290980 seconds
62.823: [GC [PSYoungGen: 7294K->544K(7680K)] 22435K->15684K(24576K), 0.0003330 secs] [Times: user=0.00 sys=0.00, real=0.00 secs] 
62.823: Total time for which application threads were stopped: 0.0004240 seconds, Stopping threads took: 0.0000400 seconds
62.852: Application time: 0.0289810 seconds
62.853: [GC [PSYoungGen: 7198K->544K(7680K)] 22339K->15684K(24576K), 0.0003480 secs] [Times: user=0.00 sys=0.00, real=0.00 secs] 
62.853: Total time for which application threads were stopped: 0.0004420 seconds, Stopping threads took: 0.0000440 seconds
62.882: Application time: 0.0289690 seconds
62.882: [GC [PSYoungGen: 7198K->544K(7680K)] 22339K->15684K(24576K), 0.0003260 secs] [Times: user=0.00 sys=0.00, real=0.00 secs] 
62.882: Total time for which application threads were stopped: 0.0004210 seconds, Stopping threads took: 0.0000430 seconds
62.907: Application time: 0.0249350 seconds
62.911: [GC [PSYoungGen: 7196K->704K(7680K)] 22336K->15844K(24576K), 0.0003800 secs] [Times: user=0.01 sys=0.00, real=0.00 secs] 
62.911: Total time for which application threads were stopped: 0.0039890 seconds, Stopping threads took: 0.0035570 seconds
62.932: Application time: 0.0204550 seconds
62.932: [GC [PSYoungGen: 7356K->736K(7680K)] 22497K->15876K(24576K), 0.0003710 secs] [Times: user=0.00 sys=0.00, real=0.00 secs] 
62.932: Total time for which application threads were stopped: 0.0004780 seconds, Stopping threads took: 0.0000560 seconds
62.955: Application time: 0.0224290 seconds
62.955: [GC [PSYoungGen: 7392K->704K(7680K)] 22532K->15844K(24576K), 0.0003630 secs] [Times: user=0.00 sys=0.00, real=0.00 secs] 
62.955: Total time for which application threads were stopped: 0.0004670 seconds, Stopping threads took: 0.0000500 seconds
62.984: Application time: 0.0286610 seconds
62.984: [GC [PSYoungGen: 7356K->672K(7680K)] 22496K->15812K(24576K), 0.0003490 secs] [Times: user=0.00 sys=0.00, real=0.00 secs] 
62.984: Total time for which application threads were stopped: 0.0004500 seconds, Stopping threads took: 0.0000400 seconds
63.013: Application time: 0.0284720 seconds
63.013: [GC [PSYoungGen: 7327K->544K(7680K)] 22468K->15684K(24576K), 0.0003530 secs] [Times: user=0.00 sys=0.00, real=0.00 secs] 
63.013: Total time for which application threads were stopped: 0.0004470 seconds, Stopping threads took: 0.0000420 seconds
63.036: Application time: 0.0225340 seconds
63.036: [GC [PSYoungGen: 7198K->960K(7680K)] 22339K->16100K(24576K), 0.0003840 secs] [Times: user=0.00 sys=0.00, real=0.00 secs] 
63.036: Total time for which application threads were stopped: 0.0004810 seconds, Stopping threads took: 0.0000370 seconds
63.056: Application time: 0.0196260 seconds
63.056: [GC [PSYoungGen: 7613K->960K(7680K)] 22753K->16100K(24576K), 0.0004280 secs] [Times: user=0.00 sys=0.00, real=0.00 secs] 
63.056: Total time for which application threads were stopped: 0.0005230 seconds, Stopping threads took: 0.0000420 seconds
63.077: Application time: 0.0212240 seconds
63.078: [GC [PSYoungGen: 7611K->1008K(7680K)] 22752K->16156K(24576K), 0.0004950 secs] [Times: user=0.00 sys=0.00, real=0.00 secs] 
63.078: Total time for which application threads were stopped: 0.0005970 seconds, Stopping threads took: 0.0000480 seconds
63.103: Application time: 0.0252080 seconds
63.103: [GC [PSYoungGen: 7661K->992K(7680K)] 22809K->16284K(24576K), 0.0004890 secs] [Times: user=0.00 sys=0.00, real=0.00 secs] 
63.104: Total time for which application threads were stopped: 0.0005940 seconds, Stopping threads took: 0.0000540 seconds
63.124: Application time: 0.0202670 seconds
63.124: [GC [PSYoungGen: 7646K->992K(7680K)] 22939K->16476K(24576K), 0.0004980 secs] [Times: user=0.00 sys=0.00, real=0.00 secs] 
63.125: Total time for which application threads were stopped: 0.0005970 seconds, Stopping threads took: 0.0000450 seconds
63.146: Application time: 0.0208700 seconds
63.146: [GC [PSYoungGen: 7647K->960K(7680K)] 23132K->16700K(24576K), 0.0004900 secs] [Times: user=0.01 sys=0.00, real=0.00 secs] 
63.146: Total time for which application threads were stopped: 0.0005930 seconds, Stopping threads took: 0.0000500 seconds
63.174: Application time: 0.0274170 seconds
63.174: [GC [PSYoungGen: 7614K->992K(7680K)] 23355K->16732K(24576K), 0.0004860 secs] [Times: user=0.01 sys=0.00, real=0.00 secs] 
63.174: Total time for which application threads were stopped: 0.0005940 seconds, Stopping threads took: 0.0000530 seconds
63.203: Application time: 0.0287190 seconds
63.203: [GC [PSYoungGen: 7644K->928K(7680K)] 23384K->16668K(24576K), 0.0004610 secs] [Times: user=0.00 sys=0.00, real=0.00 secs] 
63.204: Total time for which application threads were stopped: 0.0005630 seconds, Stopping threads took: 0.0000500 seconds
63.232: Application time: 0.0282420 seconds
63.232: [GC [PSYoungGen: 7580K->944K(7680K)] 23320K->16684K(24576K), 0.0004350 secs] [Times: user=0.00 sys=0.00, real=0.00 secs] 
63.232: Total time for which application threads were stopped: 0.0005440 seconds, Stopping threads took: 0.0000540 seconds
63.261: Application time: 0.0289580 seconds
63.261: [GC [PSYoungGen: 7598K->960K(7680K)] 23339K->16700K(24576K), 0.0004250 secs] [Times: user=0.01 sys=0.00, real=0.00 secs] 
63.262: Total time for which application threads were stopped: 0.0005230 seconds, Stopping threads took: 0.0000440 seconds
63.289: Application time: 0.0270180 seconds
63.289: [GC [PSYoungGen: 7614K->992K(7680K)] 23355K->16841K(24576K), 0.0004290 secs] [Times: user=0.00 sys=0.00, real=0.00 secs] 
63.289: Total time for which application threads were stopped: 0.0005240 seconds, Stopping threads took: 0.0000430 seconds
63.310: Application time: 0.0202560 seconds
63.310: [GC [PSYoungGen: 7645K->1008K(7680K)] 23494K->16985K(24576K), 0.0004730 secs] [Times: user=0.00 sys=0.00, real=0.00 secs] 
63.310: Total time for which application threads were stopped: 0.0005640 seconds, Stopping threads took: 0.0000380 seconds
63.330: Application time: 0.0196890 seconds
63.330: [GC [PSYoungGen: 7660K->1008K(7680K)] 23638K->17129K(24576K), 0.0004590 secs] [Times: user=0.00 sys=0.00, real=0.00 secs] 
63.330: Total time for which application threads were stopped: 0.0005720 seconds, Stopping threads took: 0.0000600 seconds
63.348: Application time: 0.0179570 seconds
63.348: [GC [PSYoungGen: 7662K->992K(7680K)] 23784K->17345K(24576K), 0.0005330 secs] [Times: user=0.00 sys=0.00, real=0.00 secs] 
63.349: Total time for which application threads were stopped: 0.0006320 seconds, Stopping threads took: 0.0000470 seconds
63.370: Application time: 0.0210540 seconds
63.371: [GC [PSYoungGen: 7647K->992K(7680K)] 24001K->17377K(24576K), 0.0004340 secs] [Times: user=0.00 sys=0.00, real=0.00 secs] 
63.371: Total time for which application threads were stopped: 0.0012110 seconds, Stopping threads took: 0.0007190 seconds
63.390: Application time: 0.0192290 seconds
63.391: [GC [PSYoungGen: 7647K->1008K(7680K)] 24033K->17721K(24576K), 0.0005290 secs] [Times: user=0.00 sys=0.00, real=0.00 secs] 
63.391: [Full GC [PSYoungGen: 1008K->0K(7680K)] [ParOldGen: 16713K->3728K(16896K)] 17721K->3728K(24576K) [PSPermGen: 5537K->5537K(21504K)], 0.0060520 secs] [Times: user=0.02 sys=0.00, real=0.00 secs] 
63.397: Total time for which application threads were stopped: 0.0067400 seconds, Stopping threads took: 0.0000600 seconds
63.418: Application time: 0.0203620 seconds
63.418: [GC [PSYoungGen: 6655K->352K(7680K)] 10384K->4080K(24576K), 0.0003770 secs] [Times: user=0.00 sys=0.00, real=0.00 secs] 
63.418: Total time for which application threads were stopped: 0.0004780 seconds, Stopping threads took: 0.0000440 seconds
63.442: Application time: 0.0236450 seconds
63.442: [GC [PSYoungGen: 7006K->512K(7680K)] 10734K->4240K(24576K), 0.0003500 secs] [Times: user=0.00 sys=0.00, real=0.00 secs] 
63.442: Total time for which application threads were stopped: 0.0004470 seconds, Stopping threads took: 0.0000450 seconds
63.469: Application time: 0.0268990 seconds
63.469: [GC [PSYoungGen: 7166K->896K(7680K)] 10894K->4624K(24576K), 0.0003920 secs] [Times: user=0.00 sys=0.00, real=0.00 secs] 
63.470: Total time for which application threads were stopped: 0.0004890 seconds, Stopping threads took: 0.0000450 seconds
63.497: Application time: 0.0272100 seconds
63.497: [GC [PSYoungGen: 7551K->992K(7680K)] 11280K->4728K(24576K), 0.0004620 secs] [Times: user=0.00 sys=0.00, real=0.00 secs] 
63.497: Total time for which application threads were stopped: 0.0005760 seconds, Stopping threads took: 0.0000540 seconds
63.526: Application time: 0.0289120 seconds
63.526: [GC [PSYoungGen: 7646K->864K(7680K)] 11383K->4600K(24576K), 0.0003790 secs] [Times: user=0.00 sys=0.00, real=0.00 secs] 
63.527: Total time for which application threads were stopped: 0.0004760 seconds, Stopping threads took: 0.0000390 seconds
63.554: Application time: 0.0276970 seconds
63.555: [GC [PSYoungGen: 7518K->992K(7680K)] 11254K->4744K(24576K), 0.0004220 secs] [Times: user=0.01 sys=0.00, real=0.00 secs] 
63.555: Total time for which application threads were stopped: 0.0005370 seconds, Stopping threads took: 0.0000580 seconds
63.584: Application time: 0.0288940 seconds
63.584: [GC [PSYoungGen: 7646K->896K(7680K)] 11399K->4776K(24576K), 0.0004620 secs] [Times: user=0.00 sys=0.00, real=0.00 secs] 
63.584: Total time for which application threads were stopped: 0.0005640 seconds, Stopping threads took: 0.0000530 seconds
63.614: Application time: 0.0292000 seconds
63.614: [GC [PSYoungGen: 7550K->896K(7680K)] 11431K->4776K(24576K), 0.0003990 secs] [Times: user=0.00 sys=0.00, real=0.00 secs] 
63.614: Total time for which application threads were stopped: 0.0005090 seconds, Stopping threads took: 0.0000520 seconds
63.644: Application time: 0.0294180 seconds
63.644: [GC [PSYoungGen: 7550K->992K(7680K)] 11431K->4872K(24576K), 0.0004480 secs] [Times: user=0.00 sys=0.00, real=0.00 secs] 
63.644: Total time for which application threads were stopped: 0.0005620 seconds, Stopping threads took: 0.0000540 seconds
63.674: Application time: 0.0293910 seconds
63.674: [GC [PSYoungGen: 7646K->960K(7680K)] 11527K->4840K(24576K), 0.0004280 secs] [Times: user=0.00 sys=0.00, real=0.00 secs] 
63.674: Total time for which application threads were stopped: 0.0005310 seconds, Stopping threads took: 0.0000470 seconds
63.704: Application time: 0.0296600 seconds
63.704: [GC [PSYoungGen: 7614K->960K(7680K)] 11495K->4840K(24576K), 0.0003820 secs] [Times: user=0.00 sys=0.00, real=0.00 secs] 
63.704: Total time for which application threads were stopped: 0.0004790 seconds, Stopping threads took: 0.0000450 seconds
63.732: Application time: 0.0281650 seconds
63.732: [GC [PSYoungGen: 7612K->928K(7680K)] 11492K->4808K(24576K), 0.0004170 secs] [Times: user=0.00 sys=0.00, real=0.00 secs] 
63.733: Total time for which application threads were stopped: 0.0005270 seconds, Stopping threads took: 0.0000480 seconds
63.762: Application time: 0.0288030 seconds
63.762: [GC [PSYoungGen: 7582K->992K(7680K)] 11462K->5000K(24576K), 0.0004360 secs] [Times: user=0.00 sys=0.00, real=0.00 secs] 
63.762: Total time for which application threads were stopped: 0.0005310 seconds, Stopping threads took: 0.0000390 seconds
63.790: Application time: 0.0275490 seconds
63.790: [GC [PSYoungGen: 7646K->832K(7680K)] 11654K->4840K(24576K), 0.0003730 secs] [Times: user=0.00 sys=0.00, real=0.00 secs] 
63.790: Total time for which application threads were stopped: 0.0004770 seconds, Stopping threads took: 0.0000500 seconds
63.819: Application time: 0.0285810 seconds
63.819: [GC [PSYoungGen: 7484K->992K(7680K)] 11492K->5000K(24576K), 0.0003880 secs] [Times: user=0.00 sys=0.00, real=0.00 secs] 
63.819: Total time for which application threads were stopped: 0.0004930 seconds, Stopping threads took: 0.0000520 seconds
63.848: Application time: 0.0291020 seconds
63.849: [GC [PSYoungGen: 7646K->928K(7680K)] 11654K->4936K(24576K), 0.0004470 secs] [Times: user=0.00 sys=0.00, real=0.00 secs] 
63.849: Total time for which application threads were stopped: 0.0005490 seconds, Stopping threads took: 0.0000520 seconds
63.879: Application time: 0.0295410 seconds
63.879: [GC [PSYoungGen: 7582K->928K(7680K)] 11591K->4936K(24576K), 0.0004010 secs] [Times: user=0.00 sys=0.00, real=0.01 secs] 
63.879: Total time for which application threads were stopped: 0.0005080 seconds, Stopping threads took: 0.0000540 seconds
63.909: Application time: 0.0300970 seconds
63.909: [GC [PSYoungGen: 7580K->992K(7680K)] 11588K->5000K(24576K), 0.0003690 secs] [Times: user=0.00 sys=0.00, real=0.00 secs] 
63.910: Total time for which application threads were stopped: 0.0004670 seconds, Stopping threads took: 0.0000440 seconds
63.939: Application time: 0.0297490 seconds
63.939: [GC [PSYoungGen: 7646K->704K(7680K)] 11655K->4925K(24576K), 0.0003860 secs] [Times: user=0.00 sys=0.00, real=0.00 secs] 
63.940: Total time for which application threads were stopped: 0.0004800 seconds, Stopping threads took: 0.0000430 seconds
63.971: Application time: 0.0310640 seconds
63.971: [GC [PSYoungGen: 7355K->800K(7680K)] 11576K->5021K(24576K), 0.0003940 secs] [Times: user=0.00 sys=0.00, real=0.00 secs] 
63.971: Total time for which application threads were stopped: 0.0004960 seconds, Stopping threads took: 0.0000480 seconds
64.001: Application time: 0.0298960 seconds
64.001: [GC [PSYoungGen: 7452K->608K(7680K)] 11673K->5057K(24576K), 0.0003470 secs] [Times: user=0.00 sys=0.00, real=0.00 secs] 
64.002: Total time for which application threads were stopped: 0.0004560 seconds, Stopping threads took: 0.0000520 seconds
64.031: Application time: 0.0296130 seconds
64.031: [GC [PSYoungGen: 7262K->576K(7680K)] 11712K->5025K(24576K), 0.0003370 secs] [Times: user=0.00 sys=0.00, real=0.00 secs] 
64.032: Total time for which application threads were stopped: 0.0004480 seconds, Stopping threads took: 0.0000590 seconds
64.062: Application time: 0.0297550 seconds
64.062: [GC [PSYoungGen: 7230K->576K(7680K)] 11680K->5025K(24576K), 0.0003240 secs] [Times: user=0.00 sys=0.00, real=0.00 secs] 
64.062: Total time for which application threads were stopped: 0.0004330 seconds, Stopping threads took: 0.0000540 seconds
64.092: Application time: 0.0297970 seconds
64.092: [GC [PSYoungGen: 7230K->608K(7680K)] 11680K->5057K(24576K), 0.0003150 secs] [Times: user=0.00 sys=0.00, real=0.00 secs] 
64.092: Total time for which application threads were stopped: 0.0004100 seconds, Stopping threads took: 0.0000440 seconds
64.122: Application time: 0.0297850 seconds
64.122: [GC [PSYoungGen: 7262K->576K(7680K)] 11712K->5025K(24576K), 0.0003900 secs] [Times: user=0.00 sys=0.00, real=0.00 secs] 
64.123: Total time for which application threads were stopped: 0.0004870 seconds, Stopping threads took: 0.0000480 seconds
64.152: Application time: 0.0298480 seconds
64.152: [GC [PSYoungGen: 7230K->608K(7680K)] 11680K->5057K(24576K), 0.0003360 secs] [Times: user=0.00 sys=0.00, real=0.00 secs] 
64.153: Total time for which application threads were stopped: 0.0004590 seconds, Stopping threads took: 0.0000620 seconds
64.183: Application time: 0.0296880 seconds
64.183: [GC [PSYoungGen: 7262K->576K(7680K)] 11712K->5025K(24576K), 0.0003300 secs] [Times: user=0.00 sys=0.00, real=0.00 secs] 
64.183: Total time for which application threads were stopped: 0.0004270 seconds, Stopping threads took: 0.0000450 seconds
64.214: Application time: 0.0306630 seconds
64.214: [GC [PSYoungGen: 7228K->672K(7680K)] 11677K->5206K(24576K), 0.0003370 secs] [Times: user=0.00 sys=0.00, real=0.00 secs] 
64.214: Total time for which application threads were stopped: 0.0004390 seconds, Stopping threads took: 0.0000490 seconds
64.244: Application time: 0.0295320 seconds
64.244: [GC [PSYoungGen: 7326K->288K(7680K)] 11860K->5054K(24576K), 0.0003300 secs] [Times: user=0.00 sys=0.00, real=0.00 secs] 
64.244: Total time for which application threads were stopped: 0.0004380 seconds, Stopping threads took: 0.0000560 seconds
64.273: Application time: 0.0294480 seconds
64.274: [GC [PSYoungGen: 6942K->224K(7680K)] 11708K->4998K(24576K), 0.0003680 secs] [Times: user=0.00 sys=0.00, real=0.00 secs] 
64.274: Total time for which application threads were stopped: 0.0004630 seconds, Stopping threads took: 0.0000440 seconds
64.303: Application time: 0.0293990 seconds
64.303: [GC [PSYoungGen: 6878K->0K(7680K)] 11652K->4994K(24576K), 0.0003380 secs] [Times: user=0.00 sys=0.00, real=0.00 secs] 
64.304: Total time for which application threads were stopped: 0.0004330 seconds, Stopping threads took: 0.0000430 seconds
64.330: Application time: 0.0266800 seconds
64.331: [GC [PSYoungGen: 6651K->288K(7680K)] 11646K->5282K(24576K), 0.0003540 secs] [Times: user=0.00 sys=0.00, real=0.00 secs] 
64.331: Total time for which application threads were stopped: 0.0004570 seconds, Stopping threads took: 0.0000500 seconds
64.352: Application time: 0.0206260 seconds
64.352: [GC [PSYoungGen: 6943K->384K(7680K)] 11938K->5378K(24576K), 0.0003130 secs] [Times: user=0.01 sys=0.00, real=0.00 secs] 
64.352: Total time for which application threads were stopped: 0.0004050 seconds, Stopping threads took: 0.0000390 seconds
64.373: Application time: 0.0213590 seconds
64.373: [GC [PSYoungGen: 7037K->384K(7680K)] 12032K->5378K(24576K), 0.0003230 secs] [Times: user=0.00 sys=0.00, real=0.00 secs] 
64.374: Total time for which application threads were stopped: 0.0004230 seconds, Stopping threads took: 0.0000500 seconds
64.402: Application time: 0.0281100 seconds
64.402: [GC [PSYoungGen: 7038K->512K(7680K)] 12033K->5506K(24576K), 0.0003350 secs] [Times: user=0.00 sys=0.00, real=0.00 secs] 
64.402: Total time for which application threads were stopped: 0.0004400 seconds, Stopping threads took: 0.0000550 seconds
64.423: Application time: 0.0204080 seconds
64.423: [GC [PSYoungGen: 7164K->512K(7680K)] 12159K->5506K(24576K), 0.0003450 secs] [Times: user=0.00 sys=0.00, real=0.00 secs] 
64.423: Total time for which application threads were stopped: 0.0004510 seconds, Stopping threads took: 0.0000500 seconds
64.444: Application time: 0.0205280 seconds
64.444: [GC [PSYoungGen: 7164K->480K(7680K)] 12158K->5474K(24576K), 0.0003870 secs] [Times: user=0.00 sys=0.00, real=0.00 secs] 
64.444: Total time for which application threads were stopped: 0.0004860 seconds, Stopping threads took: 0.0000500 seconds
64.471: Application time: 0.0266600 seconds
64.475: [GC [PSYoungGen: 7132K->544K(7680K)] 12126K->5538K(24576K), 0.0003600 secs] [Times: user=0.00 sys=0.00, real=0.00 secs] 
64.475: Total time for which application threads were stopped: 0.0043690 seconds, Stopping threads took: 0.0039580 seconds
64.504: Application time: 0.0292890 seconds
64.505: [GC [PSYoungGen: 7198K->512K(7680K)] 12192K->5506K(24576K), 0.0003510 secs] [Times: user=0.00 sys=0.00, real=0.00 secs] 
64.505: Total time for which application threads were stopped: 0.0004570 seconds, Stopping threads took: 0.0000440 seconds
64.533: Application time: 0.0280910 seconds
64.533: [GC [PSYoungGen: 7166K->576K(7680K)] 12160K->5570K(24576K), 0.0003380 secs] [Times: user=0.00 sys=0.00, real=0.00 secs] 
64.533: Total time for which application threads were stopped: 0.0004390 seconds, Stopping threads took: 0.0000510 seconds
64.563: Application time: 0.0292480 seconds
64.563: [GC [PSYoungGen: 7230K->512K(7680K)] 12225K->5506K(24576K), 0.0003250 secs] [Times: user=0.00 sys=0.00, real=0.00 secs] 
64.563: Total time for which application threads were stopped: 0.0004290 seconds, Stopping threads took: 0.0000550 seconds
64.592: Application time: 0.0291630 seconds
64.592: [GC [PSYoungGen: 7166K->448K(7680K)] 12161K->5442K(24576K), 0.0003750 secs] [Times: user=0.00 sys=0.00, real=0.00 secs] 
64.593: Total time for which application threads were stopped: 0.0004760 seconds, Stopping threads took: 0.0000510 seconds
64.622: Application time: 0.0295760 seconds
64.622: [GC [PSYoungGen: 7102K->544K(7680K)] 12097K->5538K(24576K), 0.0003960 secs] [Times: user=0.00 sys=0.00, real=0.00 secs] 
64.623: Total time for which application threads were stopped: 0.0005110 seconds, Stopping threads took: 0.0000570 seconds
64.652: Application time: 0.0292280 seconds
64.652: [GC [PSYoungGen: 7196K->448K(7680K)] 12190K->5442K(24576K), 0.0003690 secs] [Times: user=0.00 sys=0.00, real=0.00 secs] 
64.653: Total time for which application threads were stopped: 0.0004750 seconds, Stopping threads took: 0.0000510 seconds
64.673: Application time: 0.0201890 seconds
64.675: [GC [PSYoungGen: 7102K->704K(7680K)] 12097K->5698K(24576K), 0.0003880 secs] [Times: user=0.00 sys=0.00, real=0.00 secs] 
64.675: Total time for which application threads were stopped: 0.0024650 seconds, Stopping threads took: 0.0020250 seconds
64.697: Application time: 0.0212730 seconds
64.697: [GC [PSYoungGen: 7359K->704K(7680K)] 12354K->5698K(24576K), 0.0003660 secs] [Times: user=0.00 sys=0.00, real=0.00 secs] 
64.697: Total time for which application threads were stopped: 0.0004600 seconds, Stopping threads took: 0.0000430 seconds
64.723: Application time: 0.0261960 seconds
64.723: [GC [PSYoungGen: 7358K->736K(7680K)] 12353K->5730K(24576K), 0.0003580 secs] [Times: user=0.00 sys=0.00, real=0.00 secs] 
64.724: Total time for which application threads were stopped: 0.0004520 seconds, Stopping threads took: 0.0000430 seconds
64.752: Application time: 0.0286140 seconds
64.752: [GC [PSYoungGen: 7388K->672K(7680K)] 12382K->5666K(24576K), 0.0003530 secs] [Times: user=0.00 sys=0.00, real=0.00 secs] 
64.753: Total time for which application threads were stopped: 0.0004540 seconds, Stopping threads took: 0.0000490 seconds
64.774: Application time: 0.0216040 seconds
64.774: [GC [PSYoungGen: 7326K->944K(7680K)] 12321K->5938K(24576K), 0.0004130 secs] [Times: user=0.00 sys=0.00, real=0.00 secs] 
64.775: Total time for which application threads were stopped: 0.0005190 seconds, Stopping threads took: 0.0000520 seconds
64.795: Application time: 0.0204710 seconds
64.795: [GC [PSYoungGen: 7598K->928K(7680K)] 12593K->5922K(24576K), 0.0004100 secs] [Times: user=0.00 sys=0.00, real=0.00 secs] 
64.796: Total time for which application threads were stopped: 0.0005050 seconds, Stopping threads took: 0.0000440 seconds
64.817: Application time: 0.0210920 seconds
64.817: [GC [PSYoungGen: 7582K->1008K(7680K)] 12577K->6138K(24576K), 0.0004600 secs] [Times: user=0.00 sys=0.00, real=0.00 secs] 
64.817: Total time for which application threads were stopped: 0.0005710 seconds, Stopping threads took: 0.0000570 seconds
64.837: Application time: 0.0194770 seconds
64.837: [GC [PSYoungGen: 7663K->992K(7680K)] 12794K->6250K(24576K), 0.0004950 secs] [Times: user=0.01 sys=0.00, real=0.00 secs] 
64.838: Total time for which application threads were stopped: 0.0005930 seconds, Stopping threads took: 0.0000430 seconds
64.858: Application time: 0.0206340 seconds
64.858: [GC [PSYoungGen: 7643K->960K(7680K)] 12902K->6218K(24576K), 0.0004510 secs] [Times: user=0.00 sys=0.00, real=0.00 secs] 
64.859: Total time for which application threads were stopped: 0.0005540 seconds, Stopping threads took: 0.0000530 seconds
64.884: Application time: 0.0253530 seconds
64.884: [GC [PSYoungGen: 7613K->944K(7680K)] 12872K->6202K(24576K), 0.0004940 secs] [Times: user=0.00 sys=0.00, real=0.00 secs] 
64.885: Total time for which application threads were stopped: 0.0006050 seconds, Stopping threads took: 0.0000550 seconds
64.913: Application time: 0.0285560 seconds
64.913: [GC [PSYoungGen: 7596K->928K(7680K)] 12855K->6186K(24576K), 0.0003980 secs] [Times: user=0.00 sys=0.00, real=0.00 secs] 
64.914: Total time for which application threads were stopped: 0.0005010 seconds, Stopping threads took: 0.0000470 seconds
64.942: Application time: 0.0279910 seconds
64.943: [GC [PSYoungGen: 7582K->992K(7680K)] 12840K->6262K(24576K), 0.0004380 secs] [Times: user=0.00 sys=0.00, real=0.00 secs] 
64.943: Total time for which application threads were stopped: 0.0015410 seconds, Stopping threads took: 0.0010480 seconds
64.973: Application time: 0.0292290 seconds
64.973: [GC [PSYoungGen: 7646K->928K(7680K)] 12917K->6198K(24576K), 0.0004330 secs] [Times: user=0.01 sys=0.00, real=0.00 secs] 
64.973: Total time for which application threads were stopped: 0.0005280 seconds, Stopping threads took: 0.0000410 seconds
65.002: Application time: 0.0290460 seconds
65.002: [GC [PSYoungGen: 7582K->992K(7680K)] 12853K->6262K(24576K), 0.0004120 secs] [Times: user=0.00 sys=0.00, real=0.00 secs] 
65.003: Total time for which application threads were stopped: 0.0005180 seconds, Stopping threads took: 0.0000520 seconds
65.032: Application time: 0.0289880 seconds
65.032: [GC [PSYoungGen: 7644K->960K(7680K)] 12915K->6230K(24576K), 0.0004020 secs] [Times: user=0.00 sys=0.00, real=0.00 secs] 
65.032: Total time for which application threads were stopped: 0.0005220 seconds, Stopping threads took: 0.0000550 seconds
65.053: Application time: 0.0212140 seconds
65.053: [GC [PSYoungGen: 7612K->992K(7680K)] 12883K->6450K(24576K), 0.0004520 secs] [Times: user=0.00 sys=0.00, real=0.00 secs] 
65.054: Total time for which application threads were stopped: 0.0005440 seconds, Stopping threads took: 0.0000380 seconds
65.072: Application time: 0.0181210 seconds
65.072: [GC [PSYoungGen: 7647K->992K(7680K)] 13105K->6655K(24576K), 0.0004620 secs] [Times: user=0.00 sys=0.00, real=0.00 secs] 
65.073: Total time for which application threads were stopped: 0.0005750 seconds, Stopping threads took: 0.0000570 seconds
65.088: Application time: 0.0158460 seconds
65.089: [GC [PSYoungGen: 7647K->992K(7680K)] 13310K->7223K(24576K), 0.0005760 secs] [Times: user=0.01 sys=0.00, real=0.00 secs] 
65.089: Total time for which application threads were stopped: 0.0006720 seconds, Stopping threads took: 0.0000410 seconds
65.109: Application time: 0.0200570 seconds
65.109: [GC [PSYoungGen: 7644K->992K(7680K)] 13875K->7391K(24576K), 0.0004890 secs] [Times: user=0.00 sys=0.00, real=0.00 secs] 
65.110: Total time for which application threads were stopped: 0.0005970 seconds, Stopping threads took: 0.0000510 seconds
65.137: Application time: 0.0276570 seconds
65.139: [GC [PSYoungGen: 7644K->1008K(7680K)] 14043K->7556K(24576K), 0.0004550 secs] [Times: user=0.00 sys=0.00, real=0.00 secs] 
65.139: Total time for which application threads were stopped: 0.0018810 seconds, Stopping threads took: 0.0013670 seconds
65.159: Application time: 0.0195400 seconds
65.159: [GC [PSYoungGen: 7663K->1008K(7680K)] 14211K->7968K(24576K), 0.0005940 secs] [Times: user=0.00 sys=0.00, real=0.00 secs] 
65.160: Total time for which application threads were stopped: 0.0007120 seconds, Stopping threads took: 0.0000630 seconds
65.180: Application time: 0.0201690 seconds
65.180: [GC [PSYoungGen: 7659K->976K(7680K)] 14620K->8104K(24576K), 0.0004300 secs] [Times: user=0.00 sys=0.00, real=0.00 secs] 
65.180: Total time for which application threads were stopped: 0.0005350 seconds, Stopping threads took: 0.0000480 seconds
65.205: Application time: 0.0244990 seconds
65.205: [GC [PSYoungGen: 7629K->1008K(7680K)] 14758K->8288K(24576K), 0.0004890 secs] [Times: user=0.00 sys=0.00, real=0.00 secs] 
65.205: Total time for which application threads were stopped: 0.0005900 seconds, Stopping threads took: 0.0000450 seconds
65.233: Application time: 0.0276300 seconds
65.233: [GC [PSYoungGen: 7662K->992K(7680K)] 14942K->8448K(24576K), 0.0004730 secs] [Times: user=0.01 sys=0.00, real=0.00 secs] 
65.234: Total time for which application threads were stopped: 0.0005790 seconds, Stopping threads took: 0.0000530 seconds
65.260: Application time: 0.0260520 seconds
65.260: [GC [PSYoungGen: 7644K->992K(7680K)] 15101K->8640K(24576K), 0.0004580 secs] [Times: user=0.00 sys=0.00, real=0.00 secs] 
65.260: Total time for which application threads were stopped: 0.0005760 seconds, Stopping threads took: 0.0000630 seconds
65.289: Application time: 0.0291000 seconds
65.289: [GC [PSYoungGen: 7646K->960K(7680K)] 15295K->8608K(24576K), 0.0004690 secs] [Times: user=0.00 sys=0.00, real=0.00 secs] 
65.290: Total time for which application threads were stopped: 0.0005710 seconds, Stopping threads took: 0.0000490 seconds
65.319: Application time: 0.0291280 seconds
65.319: [GC [PSYoungGen: 7614K->944K(7680K)] 15263K->8653K(24576K), 0.0004550 secs] [Times: user=0.00 sys=0.00, real=0.00 secs] 
65.320: Total time for which application threads were stopped: 0.0005450 seconds, Stopping threads took: 0.0000380 seconds
65.349: Application time: 0.0289850 seconds
65.351: [GC [PSYoungGen: 7598K->928K(7680K)] 15308K->8637K(24576K), 0.0004000 secs] [Times: user=0.00 sys=0.00, real=0.00 secs] 
65.351: Total time for which application threads were stopped: 0.0027060 seconds, Stopping threads took: 0.0022540 seconds
65.380: Application time: 0.0290980 seconds
65.380: [GC [PSYoungGen: 7582K->944K(7680K)] 15292K->8653K(24576K), 0.0003980 secs] [Times: user=0.00 sys=0.00, real=0.00 secs] 
65.381: Total time for which application threads were stopped: 0.0005330 seconds, Stopping threads took: 0.0000800 seconds
65.410: Application time: 0.0292140 seconds
65.410: [GC [PSYoungGen: 7598K->912K(7680K)] 15308K->8621K(24576K), 0.0004030 secs] [Times: user=0.01 sys=0.00, real=0.00 secs] 
65.411: Total time for which application threads were stopped: 0.0005280 seconds, Stopping threads took: 0.0000710 seconds
65.440: Application time: 0.0290050 seconds
65.440: [GC [PSYoungGen: 7566K->944K(7680K)] 15276K->8701K(24576K), 0.0003990 secs] [Times: user=0.00 sys=0.00, real=0.00 secs] 
65.440: Total time for which application threads were stopped: 0.0004970 seconds, Stopping threads took: 0.0000440 seconds
65.467: Application time: 0.0273540 seconds
65.468: [GC [PSYoungGen: 7598K->1008K(7680K)] 15355K->8813K(24576K), 0.0004460 secs] [Times: user=0.00 sys=0.00, real=0.00 secs] 
65.468: Total time for which application threads were stopped: 0.0005400 seconds, Stopping threads took: 0.0000420 seconds
65.496: Application time: 0.0283650 seconds
65.496: [GC [PSYoungGen: 7660K->992K(7680K)] 15465K->8849K(24576K), 0.0004530 secs] [Times: user=0.00 sys=0.00, real=0.00 secs] 
65.497: Total time for which application threads were stopped: 0.0005560 seconds, Stopping threads took: 0.0000500 seconds
65.525: Application time: 0.0282510 seconds
65.525: [GC [PSYoungGen: 7644K->992K(7680K)] 15502K->8926K(24576K), 0.0004420 secs] [Times: user=0.00 sys=0.00, real=0.00 secs] 
65.526: Total time for which application threads were stopped: 0.0005480 seconds, Stopping threads took: 0.0000530 seconds
65.555: Application time: 0.0292810 seconds
65.555: [GC [PSYoungGen: 7646K->960K(7680K)] 15581K->8902K(24576K), 0.0003900 secs] [Times: user=0.00 sys=0.00, real=0.00 secs] 
65.556: Total time for which application threads were stopped: 0.0005000 seconds, Stopping threads took: 0.0000500 seconds
65.583: Application time: 0.0275790 seconds
65.583: [GC [PSYoungGen: 7614K->992K(7680K)] 15556K->8982K(24576K), 0.0004330 secs] [Times: user=0.00 sys=0.00, real=0.00 secs] 
65.584: Total time for which application threads were stopped: 0.0005390 seconds, Stopping threads took: 0.0000530 seconds
65.613: Application time: 0.0296150 seconds
65.613: [GC [PSYoungGen: 7646K->928K(7680K)] 15637K->8918K(24576K), 0.0004330 secs] [Times: user=0.00 sys=0.00, real=0.00 secs] 
65.614: Total time for which application threads were stopped: 0.0005350 seconds, Stopping threads took: 0.0000470 seconds
65.644: Application time: 0.0297080 seconds
65.644: [GC [PSYoungGen: 7582K->960K(7680K)] 15573K->8950K(24576K), 0.0004880 secs] [Times: user=0.00 sys=0.00, real=0.00 secs] 
65.644: Total time for which application threads were stopped: 0.0006060 seconds, Stopping threads took: 0.0000560 seconds
65.674: Application time: 0.0299680 seconds
65.674: [GC [PSYoungGen: 7614K->896K(7680K)] 15605K->8971K(24576K), 0.0004060 secs] [Times: user=0.00 sys=0.00, real=0.00 secs] 
65.675: Total time for which application threads were stopped: 0.0005230 seconds, Stopping threads took: 0.0000620 seconds
65.704: Application time: 0.0296310 seconds
65.704: [GC [PSYoungGen: 7550K->640K(7680K)] 15625K->8919K(24576K), 0.0004580 secs] [Times: user=0.00 sys=0.00, real=0.00 secs] 
65.706: Total time for which application threads were stopped: 0.0016760 seconds, Stopping threads took: 0.0000450 seconds
65.735: Application time: 0.0293670 seconds
65.735: [GC [PSYoungGen: 7294K->704K(7680K)] 15574K->8983K(24576K), 0.0003880 secs] [Times: user=0.00 sys=0.00, real=0.00 secs] 
65.736: Total time for which application threads were stopped: 0.0005020 seconds, Stopping threads took: 0.0000610 seconds
65.766: Application time: 0.0297190 seconds
65.766: [GC [PSYoungGen: 7358K->672K(7680K)] 15638K->8951K(24576K), 0.0003480 secs] [Times: user=0.00 sys=0.00, real=0.00 secs] 
65.766: Total time for which application threads were stopped: 0.0004540 seconds, Stopping threads took: 0.0000540 seconds
65.796: Application time: 0.0295660 seconds
65.796: [GC [PSYoungGen: 7326K->704K(7680K)] 15606K->8983K(24576K), 0.0003510 secs] [Times: user=0.00 sys=0.00, real=0.00 secs] 
65.796: Total time for which application threads were stopped: 0.0004460 seconds, Stopping threads took: 0.0000440 seconds
65.826: Application time: 0.0295480 seconds
65.826: [GC [PSYoungGen: 7358K->800K(7680K)] 15638K->9079K(24576K), 0.0004230 secs] [Times: user=0.00 sys=0.00, real=0.00 secs] 
65.826: Total time for which application threads were stopped: 0.0005310 seconds, Stopping threads took: 0.0000560 seconds
65.856: Application time: 0.0296070 seconds
65.856: [GC [PSYoungGen: 7454K->736K(7680K)] 15734K->9015K(24576K), 0.0004080 secs] [Times: user=0.00 sys=0.00, real=0.00 secs] 
65.856: Total time for which application threads were stopped: 0.0005150 seconds, Stopping threads took: 0.0000500 seconds
65.886: Application time: 0.0296090 seconds
65.886: [GC [PSYoungGen: 7390K->704K(7680K)] 15670K->8983K(24576K), 0.0003490 secs] [Times: user=0.00 sys=0.00, real=0.00 secs] 
65.886: Total time for which application threads were stopped: 0.0004490 seconds, Stopping threads took: 0.0000480 seconds
65.916: Application time: 0.0296070 seconds
65.916: [GC [PSYoungGen: 7358K->512K(7680K)] 15638K->9012K(24576K), 0.0003500 secs] [Times: user=0.00 sys=0.00, real=0.00 secs] 
65.916: Total time for which application threads were stopped: 0.0004500 seconds, Stopping threads took: 0.0000500 seconds
65.946: Application time: 0.0294860 seconds
65.946: [GC [PSYoungGen: 7166K->544K(7680K)] 15666K->9044K(24576K), 0.0003300 secs] [Times: user=0.00 sys=0.00, real=0.00 secs] 
65.946: Total time for which application threads were stopped: 0.0004280 seconds, Stopping threads took: 0.0000460 seconds
65.976: Application time: 0.0295150 seconds
65.976: [GC [PSYoungGen: 7198K->288K(7680K)] 15698K->9008K(24576K), 0.0003870 secs] [Times: user=0.01 sys=0.00, real=0.00 secs] 
65.976: Total time for which application threads were stopped: 0.0004960 seconds, Stopping threads took: 0.0000580 seconds
66.006: Application time: 0.0293300 seconds
66.006: [GC [PSYoungGen: 6942K->384K(7680K)] 15663K->9104K(24576K), 0.0003220 secs] [Times: user=0.00 sys=0.00, real=0.00 secs] 
66.006: Total time for which application threads were stopped: 0.0004240 seconds, Stopping threads took: 0.0000490 seconds
66.035: Application time: 0.0294490 seconds
66.036: [GC [PSYoungGen: 7038K->0K(7680K)] 15759K->8936K(24576K), 0.0003230 secs] [Times: user=0.00 sys=0.00, real=0.00 secs] 
66.036: Total time for which application threads were stopped: 0.0004390 seconds, Stopping threads took: 0.0000550 seconds
66.065: Application time: 0.0295400 seconds
66.066: [GC [PSYoungGen: 6652K->0K(7680K)] 15588K->8936K(24576K), 0.0002910 secs] [Times: user=0.00 sys=0.00, real=0.00 secs] 
66.066: Total time for which application threads were stopped: 0.0003970 seconds, Stopping threads took: 0.0000500 seconds
66.093: Application time: 0.0267440 seconds
66.093: [GC [PSYoungGen: 6651K->352K(7680K)] 15588K->9288K(24576K), 0.0003210 secs] [Times: user=0.00 sys=0.00, real=0.00 secs] 
66.093: Total time for which application threads were stopped: 0.0004230 seconds, Stopping threads took: 0.0000530 seconds
66.114: Application time: 0.0205290 seconds
66.114: [GC [PSYoungGen: 7008K->288K(7680K)] 15944K->9224K(24576K), 0.0003620 secs] [Times: user=0.00 sys=0.00, real=0.00 secs] 
66.114: Total time for which application threads were stopped: 0.0004620 seconds, Stopping threads took: 0.0000520 seconds
66.135: Application time: 0.0209570 seconds
66.135: [GC [PSYoungGen: 6939K->384K(7680K)] 15876K->9320K(24576K), 0.0003400 secs] [Times: user=0.00 sys=0.00, real=0.00 secs] 
66.135: Total time for which application threads were stopped: 0.0004440 seconds, Stopping threads took: 0.0000540 seconds
66.156: Application time: 0.0210700 seconds
66.157: [GC [PSYoungGen: 7038K->576K(7680K)] 15974K->9512K(24576K), 0.0003640 secs] [Times: user=0.00 sys=0.00, real=0.00 secs] 
66.157: Total time for which application threads were stopped: 0.0004660 seconds, Stopping threads took: 0.0000500 seconds
66.178: Application time: 0.0209670 seconds
66.178: [GC [PSYoungGen: 7229K->544K(7680K)] 16165K->9480K(24576K), 0.0003490 secs] [Times: user=0.00 sys=0.00, real=0.00 secs] 
66.178: Total time for which application threads were stopped: 0.0004550 seconds, Stopping threads took: 0.0000550 seconds
66.203: Application time: 0.0242050 seconds
66.207: [GC [PSYoungGen: 7199K->544K(7680K)] 16135K->9480K(24576K), 0.0003430 secs] [Times: user=0.00 sys=0.00, real=0.00 secs] 
66.207: Total time for which application threads were stopped: 0.0046040 seconds, Stopping threads took: 0.0042100 seconds
66.236: Application time: 0.0292140 seconds
66.236: [GC [PSYoungGen: 7198K->608K(7680K)] 16134K->9544K(24576K), 0.0003690 secs] [Times: user=0.00 sys=0.00, real=0.00 secs] 
66.237: Total time for which application threads were stopped: 0.0004900 seconds, Stopping threads took: 0.0000700 seconds
66.265: Application time: 0.0280180 seconds
66.265: [GC [PSYoungGen: 7260K->704K(7680K)] 16196K->9640K(24576K), 0.0003680 secs] [Times: user=0.00 sys=0.00, real=0.00 secs] 
66.265: Total time for which application threads were stopped: 0.0004740 seconds, Stopping threads took: 0.0000560 seconds
66.294: Application time: 0.0290720 seconds
66.295: [GC [PSYoungGen: 7358K->480K(7680K)] 16295K->9416K(24576K), 0.0003620 secs] [Times: user=0.00 sys=0.00, real=0.00 secs] 
66.295: Total time for which application threads were stopped: 0.0004530 seconds, Stopping threads took: 0.0000380 seconds
66.324: Application time: 0.0291170 seconds
66.327: [GC [PSYoungGen: 7134K->512K(7680K)] 16071K->9448K(24576K), 0.0003560 secs] [Times: user=0.00 sys=0.00, real=0.00 secs] 
66.327: Total time for which application threads were stopped: 0.0031770 seconds, Stopping threads took: 0.0027640 seconds
66.356: Application time: 0.0290660 seconds
66.356: [GC [PSYoungGen: 7166K->544K(7680K)] 16103K->9480K(24576K), 0.0003380 secs] [Times: user=0.00 sys=0.00, real=0.00 secs] 
66.357: Total time for which application threads were stopped: 0.0004300 seconds, Stopping threads took: 0.0000390 seconds
66.385: Application time: 0.0286390 seconds
66.385: [GC [PSYoungGen: 7129K->576K(7680K)] 16066K->9512K(24576K), 0.0003790 secs] [Times: user=0.01 sys=0.00, real=0.00 secs] 
66.386: Total time for which application threads were stopped: 0.0004840 seconds, Stopping threads took: 0.0000540 seconds
66.406: Application time: 0.0201810 seconds
66.406: [GC [PSYoungGen: 7228K->864K(7680K)] 16165K->9800K(24576K), 0.0003860 secs] [Times: user=0.00 sys=0.00, real=0.00 secs] 
66.407: Total time for which application threads were stopped: 0.0004980 seconds, Stopping threads took: 0.0000550 seconds
66.428: Application time: 0.0210540 seconds
66.428: [GC [PSYoungGen: 7517K->704K(7680K)] 16453K->9640K(24576K), 0.0003460 secs] [Times: user=0.00 sys=0.00, real=0.00 secs] 
66.428: Total time for which application threads were stopped: 0.0004430 seconds, Stopping threads took: 0.0000490 seconds
66.455: Application time: 0.0265260 seconds
66.455: [GC [PSYoungGen: 7356K->960K(7680K)] 16292K->9896K(24576K), 0.0004070 secs] [Times: user=0.00 sys=0.00, real=0.00 secs] 
66.455: Total time for which application threads were stopped: 0.0005090 seconds, Stopping threads took: 0.0000500 seconds
66.484: Application time: 0.0286700 seconds
66.484: [GC [PSYoungGen: 7614K->800K(7680K)] 16550K->9736K(24576K), 0.0004600 secs] [Times: user=0.00 sys=0.00, real=0.00 secs] 
66.484: Total time for which application threads were stopped: 0.0005720 seconds, Stopping threads took: 0.0000610 seconds
66.507: Application time: 0.0227630 seconds
66.507: [GC [PSYoungGen: 7455K->896K(7680K)] 16392K->9832K(24576K), 0.0004120 secs] [Times: user=0.00 sys=0.00, real=0.00 secs] 
66.508: Total time for which application threads were stopped: 0.0005110 seconds, Stopping threads took: 0.0000450 seconds
66.528: Application time: 0.0206500 seconds
66.528: [GC [PSYoungGen: 7549K->992K(7680K)] 16486K->9952K(24576K), 0.0004150 secs] [Times: user=0.01 sys=0.00, real=0.00 secs] 
66.529: Total time for which application threads were stopped: 0.0005160 seconds, Stopping threads took: 0.0000490 seconds
66.548: Application time: 0.0190860 seconds
66.548: [GC [PSYoungGen: 7645K->992K(7680K)] 16605K->10088K(24576K), 0.0004700 secs] [Times: user=0.01 sys=0.00, real=0.00 secs] 
66.548: Total time for which application threads were stopped: 0.0005740 seconds, Stopping threads took: 0.0000500 seconds
66.569: Application time: 0.0203730 seconds
66.569: [GC [PSYoungGen: 7644K->992K(7680K)] 16741K->10128K(24576K), 0.0004350 secs] [Times: user=0.00 sys=0.00, real=0.00 secs] 
66.569: Total time for which application threads were stopped: 0.0005450 seconds, Stopping threads took: 0.0000470 seconds
66.589: Application time: 0.0199250 seconds
66.589: [GC [PSYoungGen: 7646K->992K(7680K)] 16783K->10341K(24576K), 0.0005050 secs] [Times: user=0.00 sys=0.00, real=0.00 secs] 
66.590: Total time for which application threads were stopped: 0.0006060 seconds, Stopping threads took: 0.0000460 seconds
66.615: Application time: 0.0253860 seconds
66.615: [GC [PSYoungGen: 7643K->1008K(7680K)] 16993K->10669K(24576K), 0.0006980 secs] [Times: user=0.00 sys=0.00, real=0.00 secs] 
66.616: Total time for which application threads were stopped: 0.0008510 seconds, Stopping threads took: 0.0000800 seconds
66.645: Application time: 0.0287910 seconds
66.645: [GC [PSYoungGen: 7660K->928K(7680K)] 17321K->10781K(24576K), 0.0004870 secs] [Times: user=0.00 sys=0.00, real=0.00 secs] 
66.645: Total time for which application threads were stopped: 0.0006050 seconds, Stopping threads took: 0.0000620 seconds
66.673: Application time: 0.0279640 seconds
66.674: [GC [PSYoungGen: 7582K->992K(7680K)] 17435K->10845K(24576K), 0.0004650 secs] [Times: user=0.00 sys=0.00, real=0.00 secs] 
66.674: Total time for which application threads were stopped: 0.0005660 seconds, Stopping threads took: 0.0000490 seconds
66.703: Application time: 0.0290650 seconds
66.703: [GC [PSYoungGen: 7646K->928K(7680K)] 17500K->10781K(24576K), 0.0004180 secs] [Times: user=0.00 sys=0.00, real=0.00 secs] 
66.704: Total time for which application threads were stopped: 0.0005200 seconds, Stopping threads took: 0.0000500 seconds
66.733: Application time: 0.0291490 seconds
66.733: [GC [PSYoungGen: 7580K->976K(7680K)] 17433K->10829K(24576K), 0.0004030 secs] [Times: user=0.01 sys=0.00, real=0.00 secs] 
66.733: Total time for which application threads were stopped: 0.0005050 seconds, Stopping threads took: 0.0000500 seconds
66.761: Application time: 0.0275760 seconds
66.761: [GC [PSYoungGen: 7628K->976K(7680K)] 17481K->10957K(24576K), 0.0005370 secs] [Times: user=0.00 sys=0.00, real=0.00 secs] 
66.761: Total time for which application threads were stopped: 0.0006280 seconds, Stopping threads took: 0.0000400 seconds
66.782: Application time: 0.0205480 seconds
66.782: [GC [PSYoungGen: 7629K->1008K(7680K)] 17610K->11141K(24576K), 0.0004450 secs] [Times: user=0.00 sys=0.00, real=0.00 secs] 
66.783: Total time for which application threads were stopped: 0.0005420 seconds, Stopping threads took: 0.0000450 seconds
66.803: Application time: 0.0208770 seconds
66.807: [GC [PSYoungGen: 7661K->992K(7680K)] 17794K->11125K(24576K), 0.0004920 secs] [Times: user=0.00 sys=0.00, real=0.00 secs] 
66.807: Total time for which application threads were stopped: 0.0038790 seconds, Stopping threads took: 0.0033340 seconds
66.828: Application time: 0.0209090 seconds
66.828: [GC [PSYoungGen: 7643K->1008K(7680K)] 17777K->11709K(24576K), 0.0005700 secs] [Times: user=0.00 sys=0.00, real=0.00 secs] 
66.829: Total time for which application threads were stopped: 0.0006910 seconds, Stopping threads took: 0.0000670 seconds
66.849: Application time: 0.0199720 seconds
66.849: [GC [PSYoungGen: 7661K->1008K(7680K)] 18362K->11810K(24576K), 0.0004400 secs] [Times: user=0.00 sys=0.00, real=0.00 secs] 
66.849: Total time for which application threads were stopped: 0.0005460 seconds, Stopping threads took: 0.0000520 seconds
66.872: Application time: 0.0221130 seconds
66.872: [GC [PSYoungGen: 7664K->992K(7680K)] 18466K->11866K(24576K), 0.0004460 secs] [Times: user=0.00 sys=0.00, real=0.00 secs] 
66.872: Total time for which application threads were stopped: 0.0005400 seconds, Stopping threads took: 0.0000400 seconds
66.892: Application time: 0.0195190 seconds
66.892: [GC [PSYoungGen: 7647K->992K(7680K)] 18522K->12130K(24576K), 0.0004790 secs] [Times: user=0.01 sys=0.00, real=0.00 secs] 
66.892: Total time for which application threads were stopped: 0.0005760 seconds, Stopping threads took: 0.0000390 seconds
66.913: Application time: 0.0211820 seconds
66.913: [GC [PSYoungGen: 7647K->752K(7680K)] 18786K->12119K(24576K), 0.0004080 secs] [Times: user=0.00 sys=0.00, real=0.00 secs] 
66.914: Total time for which application threads were stopped: 0.0005070 seconds, Stopping threads took: 0.0000440 seconds
66.937: Application time: 0.0230940 seconds
66.937: [GC [PSYoungGen: 7404K->992K(7680K)] 18771K->12487K(24576K), 0.0004920 secs] [Times: user=0.00 sys=0.00, real=0.00 secs] 
66.938: Total time for which application threads were stopped: 0.0006030 seconds, Stopping threads took: 0.0000560 seconds
66.965: Application time: 0.0277890 seconds
66.965: [GC [PSYoungGen: 7645K->992K(7680K)] 19140K->12507K(24576K), 0.0004880 secs] [Times: user=0.00 sys=0.00, real=0.00 secs] 
66.966: Total time for which application threads were stopped: 0.0005860 seconds, Stopping threads took: 0.0000440 seconds
66.992: Application time: 0.0260890 seconds
66.992: [GC [PSYoungGen: 7645K->1008K(7680K)] 19161K->12635K(24576K), 0.0004430 secs] [Times: user=0.00 sys=0.00, real=0.00 secs] 
66.993: Total time for which application threads were stopped: 0.0005430 seconds, Stopping threads took: 0.0000450 seconds
67.022: Application time: 0.0290090 seconds
67.022: [GC [PSYoungGen: 7662K->992K(7680K)] 19290K->12627K(24576K), 0.0004150 secs] [Times: user=0.00 sys=0.00, real=0.00 secs] 
67.022: Total time for which application threads were stopped: 0.0005140 seconds, Stopping threads took: 0.0000440 seconds
67.051: Application time: 0.0289510 seconds
67.051: [GC [PSYoungGen: 7646K->960K(7680K)] 19282K->12723K(24576K), 0.0004070 secs] [Times: user=0.00 sys=0.00, real=0.00 secs] 
67.052: Total time for which application threads were stopped: 0.0005130 seconds, Stopping threads took: 0.0000540 seconds
67.081: Application time: 0.0294090 seconds
67.083: [GC [PSYoungGen: 7611K->928K(7680K)] 19375K->12691K(24576K), 0.0004620 secs] [Times: user=0.00 sys=0.00, real=0.00 secs] 
67.083: Total time for which application threads were stopped: 0.0023150 seconds, Stopping threads took: 0.0017900 seconds
67.113: Application time: 0.0291910 seconds
67.113: [GC [PSYoungGen: 7582K->928K(7680K)] 19346K->12691K(24576K), 0.0003860 secs] [Times: user=0.00 sys=0.00, real=0.00 secs] 
67.113: Total time for which application threads were stopped: 0.0004780 seconds, Stopping threads took: 0.0000400 seconds
67.142: Application time: 0.0292750 seconds
67.147: [GC [PSYoungGen: 7582K->864K(7680K)] 19346K->12627K(24576K), 0.0004110 secs] [Times: user=0.01 sys=0.00, real=0.00 secs] 
67.147: Total time for which application threads were stopped: 0.0050070 seconds, Stopping threads took: 0.0045420 seconds
67.176: Application time: 0.0292100 seconds
67.177: [GC [PSYoungGen: 7518K->880K(7680K)] 19282K->12675K(24576K), 0.0004280 secs] [Times: user=0.00 sys=0.00, real=0.00 secs] 
67.177: Total time for which application threads were stopped: 0.0005450 seconds, Stopping threads took: 0.0000650 seconds
67.205: Application time: 0.0280620 seconds
67.205: [GC [PSYoungGen: 7534K->992K(7680K)] 19330K->12807K(24576K), 0.0004440 secs] [Times: user=0.00 sys=0.00, real=0.00 secs] 
67.206: Total time for which application threads were stopped: 0.0005420 seconds, Stopping threads took: 0.0000430 seconds
67.234: Application time: 0.0281630 seconds
67.234: [GC [PSYoungGen: 7644K->992K(7680K)] 19460K->12911K(24576K), 0.0004760 secs] [Times: user=0.00 sys=0.00, real=0.00 secs] 
67.234: Total time for which application threads were stopped: 0.0005760 seconds, Stopping threads took: 0.0000460 seconds
67.263: Application time: 0.0287010 seconds
67.263: [GC [PSYoungGen: 7647K->992K(7680K)] 19567K->12959K(24576K), 0.0004270 secs] [Times: user=0.00 sys=0.00, real=0.00 secs] 
67.264: Total time for which application threads were stopped: 0.0005140 seconds, Stopping threads took: 0.0000350 seconds
67.292: Application time: 0.0284700 seconds
67.292: [GC [PSYoungGen: 7644K->992K(7680K)] 19612K->12959K(24576K), 0.0004520 secs] [Times: user=0.00 sys=0.00, real=0.00 secs] 
67.293: Total time for which application threads were stopped: 0.0005480 seconds, Stopping threads took: 0.0000450 seconds
67.320: Application time: 0.0277040 seconds
67.320: [GC [PSYoungGen: 7647K->928K(7680K)] 19615K->12943K(24576K), 0.0004200 secs] [Times: user=0.00 sys=0.00, real=0.00 secs] 
67.321: Total time for which application threads were stopped: 0.0005220 seconds, Stopping threads took: 0.0000470 seconds
67.350: Application time: 0.0292940 seconds
67.350: [GC [PSYoungGen: 7582K->896K(7680K)] 19598K->12911K(24576K), 0.0004720 secs] [Times: user=0.00 sys=0.00, real=0.00 secs] 
67.351: Total time for which application threads were stopped: 0.0005800 seconds, Stopping threads took: 0.0000550 seconds
67.380: Application time: 0.0296230 seconds
67.380: [GC [PSYoungGen: 7548K->928K(7680K)] 19564K->12951K(24576K), 0.0003860 secs] [Times: user=0.00 sys=0.00, real=0.00 secs] 
67.381: Total time for which application threads were stopped: 0.0005020 seconds, Stopping threads took: 0.0000620 seconds
67.410: Application time: 0.0295820 seconds
67.411: [GC [PSYoungGen: 7582K->736K(7680K)] 19606K->12951K(24576K), 0.0003970 secs] [Times: user=0.00 sys=0.00, real=0.00 secs] 
67.411: Total time for which application threads were stopped: 0.0004980 seconds, Stopping threads took: 0.0000470 seconds
67.441: Application time: 0.0297290 seconds
67.441: [GC [PSYoungGen: 7390K->640K(7680K)] 19606K->12940K(24576K), 0.0003920 secs] [Times: user=0.00 sys=0.00, real=0.00 secs] 
67.441: Total time for which application threads were stopped: 0.0004910 seconds, Stopping threads took: 0.0000480 seconds
67.471: Application time: 0.0294730 seconds
67.471: [GC [PSYoungGen: 7294K->640K(7680K)] 19595K->12940K(24576K), 0.0004360 secs] [Times: user=0.00 sys=0.00, real=0.00 secs] 
67.471: Total time for which application threads were stopped: 0.0005410 seconds, Stopping threads took: 0.0000520 seconds
67.501: Application time: 0.0294410 seconds
67.501: [GC [PSYoungGen: 7294K->736K(7680K)] 19595K->13036K(24576K), 0.0003910 secs] [Times: user=0.00 sys=0.00, real=0.00 secs] 
67.501: Total time for which application threads were stopped: 0.0004950 seconds, Stopping threads took: 0.0000530 seconds
67.531: Application time: 0.0295850 seconds
67.531: [GC [PSYoungGen: 7390K->704K(7680K)] 19691K->13004K(24576K), 0.0004090 secs] [Times: user=0.00 sys=0.00, real=0.00 secs] 
67.531: Total time for which application threads were stopped: 0.0005310 seconds, Stopping threads took: 0.0000690 seconds
67.561: Application time: 0.0297660 seconds
67.561: [GC [PSYoungGen: 7356K->640K(7680K)] 19656K->12940K(24576K), 0.0004390 secs] [Times: user=0.00 sys=0.00, real=0.00 secs] 
67.562: Total time for which application threads were stopped: 0.0005490 seconds, Stopping threads took: 0.0000590 seconds
67.591: Application time: 0.0295910 seconds
67.591: [GC [PSYoungGen: 7294K->768K(7680K)] 19595K->13068K(24576K), 0.0003300 secs] [Times: user=0.00 sys=0.00, real=0.00 secs] 
67.592: Total time for which application threads were stopped: 0.0004430 seconds, Stopping threads took: 0.0000540 seconds
67.621: Application time: 0.0298160 seconds
67.621: [GC [PSYoungGen: 7422K->672K(7680K)] 19723K->12972K(24576K), 0.0004810 secs] [Times: user=0.00 sys=0.00, real=0.00 secs] 
67.622: Total time for which application threads were stopped: 0.0005860 seconds, Stopping threads took: 0.0000470 seconds
67.651: Application time: 0.0294210 seconds
67.652: [GC [PSYoungGen: 7326K->832K(7680K)] 19627K->13132K(24576K), 0.0004210 secs] [Times: user=0.01 sys=0.00, real=0.00 secs] 
67.652: Total time for which application threads were stopped: 0.0005260 seconds, Stopping threads took: 0.0000490 seconds
67.681: Application time: 0.0294300 seconds
67.681: [GC [PSYoungGen: 7486K->544K(7680K)] 19787K->13065K(24576K), 0.0003790 secs] [Times: user=0.00 sys=0.00, real=0.00 secs] 
67.682: Total time for which application threads were stopped: 0.0004820 seconds, Stopping threads took: 0.0000520 seconds
67.711: Application time: 0.0295140 seconds
67.711: [GC [PSYoungGen: 7198K->480K(7680K)] 19719K->13001K(24576K), 0.0003700 secs] [Times: user=0.00 sys=0.00, real=0.00 secs] 
67.712: Total time for which application threads were stopped: 0.0004750 seconds, Stopping threads took: 0.0000520 seconds
67.741: Application time: 0.0294940 seconds
67.741: [GC [PSYoungGen: 7134K->320K(7680K)] 19655K->13045K(24576K), 0.0003890 secs] [Times: user=0.00 sys=0.00, real=0.00 secs] 
67.742: Total time for which application threads were stopped: 0.0004900 seconds, Stopping threads took: 0.0000540 seconds
67.771: Application time: 0.0294120 seconds
67.771: [GC [PSYoungGen: 6974K->0K(7680K)] 19700K->12938K(24576K), 0.0003460 secs] [Times: user=0.00 sys=0.00, real=0.00 secs] 
67.772: Total time for which application threads were stopped: 0.0004430 seconds, Stopping threads took: 0.0000510 seconds
67.801: Application time: 0.0293990 seconds
67.801: [GC [PSYoungGen: 6654K->0K(7680K)] 19592K->12938K(24576K), 0.0003540 secs] [Times: user=0.00 sys=0.00, real=0.00 secs] 
67.802: Total time for which application threads were stopped: 0.0004480 seconds, Stopping threads took: 0.0000490 seconds
67.827: Application time: 0.0258890 seconds
67.828: [GC [PSYoungGen: 6652K->224K(7680K)] 19590K->13162K(24576K), 0.0003500 secs] [Times: user=0.00 sys=0.00, real=0.00 secs] 
67.828: Total time for which application threads were stopped: 0.0004550 seconds, Stopping threads took: 0.0000520 seconds
67.848: Application time: 0.0205430 seconds
67.849: [GC [PSYoungGen: 6876K->352K(7680K)] 19814K->13290K(24576K), 0.0003330 secs] [Times: user=0.00 sys=0.00, real=0.00 secs] 
67.849: Total time for which application threads were stopped: 0.0004230 seconds, Stopping threads took: 0.0000420 seconds
67.871: Application time: 0.0222090 seconds
67.871: [GC [PSYoungGen: 7005K->384K(7680K)] 19943K->13322K(24576K), 0.0003230 secs] [Times: user=0.00 sys=0.00, real=0.00 secs] 
67.871: Total time for which application threads were stopped: 0.0004070 seconds, Stopping threads took: 0.0000360 seconds
67.897: Application time: 0.0252760 seconds
67.897: [GC [PSYoungGen: 7036K->512K(7680K)] 19974K->13450K(24576K), 0.0003950 secs] [Times: user=0.00 sys=0.00, real=0.00 secs] 
67.897: Total time for which application threads were stopped: 0.0005000 seconds, Stopping threads took: 0.0000470 seconds
67.918: Application time: 0.0203790 seconds
67.918: [GC [PSYoungGen: 7164K->544K(7680K)] 20103K->13482K(24576K), 0.0003690 secs] [Times: user=0.00 sys=0.00, real=0.00 secs] 
67.918: Total time for which application threads were stopped: 0.0004580 seconds, Stopping threads took: 0.0000390 seconds
67.939: Application time: 0.0211610 seconds
67.939: [GC [PSYoungGen: 7199K->512K(7680K)] 20137K->13450K(24576K), 0.0003560 secs] [Times: user=0.00 sys=0.00, real=0.00 secs] 
67.940: Total time for which application threads were stopped: 0.0004600 seconds, Stopping threads took: 0.0000530 seconds
67.969: Application time: 0.0289680 seconds
67.969: [GC [PSYoungGen: 7164K->640K(7680K)] 20102K->13578K(24576K), 0.0003790 secs] [Times: user=0.00 sys=0.00, real=0.00 secs] 
67.969: Total time for which application threads were stopped: 0.0004780 seconds, Stopping threads took: 0.0000500 seconds
67.998: Application time: 0.0288270 seconds
67.998: [GC [PSYoungGen: 7292K->544K(7680K)] 20230K->13482K(24576K), 0.0003380 secs] [Times: user=0.00 sys=0.00, real=0.00 secs] 
67.998: Total time for which application threads were stopped: 0.0004360 seconds, Stopping threads took: 0.0000480 seconds
68.027: Application time: 0.0282270 seconds
68.027: [GC [PSYoungGen: 7197K->544K(7680K)] 20135K->13482K(24576K), 0.0003450 secs] [Times: user=0.00 sys=0.00, real=0.00 secs] 
68.027: Total time for which application threads were stopped: 0.0004460 seconds, Stopping threads took: 0.0000470 seconds
68.057: Application time: 0.0294090 seconds
68.057: [GC [PSYoungGen: 7196K->512K(7680K)] 20134K->13450K(24576K), 0.0004310 secs] [Times: user=0.01 sys=0.00, real=0.00 secs] 
68.057: Total time for which application threads were stopped: 0.0005160 seconds, Stopping threads took: 0.0000400 seconds
68.086: Application time: 0.0293210 seconds
68.086: [GC [PSYoungGen: 7166K->512K(7680K)] 20104K->13450K(24576K), 0.0003640 secs] [Times: user=0.00 sys=0.00, real=0.01 secs] 
68.087: Total time for which application threads were stopped: 0.0004630 seconds, Stopping threads took: 0.0000490 seconds
68.113: Application time: 0.0261660 seconds
68.113: [GC [PSYoungGen: 7168K->704K(7680K)] 20106K->13642K(24576K), 0.0003760 secs] [Times: user=0.00 sys=0.00, real=0.00 secs] 
68.113: Total time for which application threads were stopped: 0.0004730 seconds, Stopping threads took: 0.0000370 seconds
68.135: Application time: 0.0210770 seconds
68.135: [GC [PSYoungGen: 7358K->736K(7680K)] 20296K->13674K(24576K), 0.0003670 secs] [Times: user=0.00 sys=0.00, real=0.00 secs] 
68.135: Total time for which application threads were stopped: 0.0004710 seconds, Stopping threads took: 0.0000500 seconds
68.157: Application time: 0.0215470 seconds
68.157: [GC [PSYoungGen: 7392K->704K(7680K)] 20330K->13642K(24576K), 0.0003670 secs] [Times: user=0.00 sys=0.00, real=0.00 secs] 
68.157: Total time for which application threads were stopped: 0.0004650 seconds, Stopping threads took: 0.0000460 seconds
68.186: Application time: 0.0289450 seconds
68.186: [GC [PSYoungGen: 7358K->704K(7680K)] 20296K->13642K(24576K), 0.0003830 secs] [Times: user=0.00 sys=0.00, real=0.00 secs] 
68.186: Total time for which application threads were stopped: 0.0004860 seconds, Stopping threads took: 0.0000500 seconds
68.215: Application time: 0.0287420 seconds
68.215: [GC [PSYoungGen: 7356K->832K(7680K)] 20294K->13770K(24576K), 0.0003800 secs] [Times: user=0.01 sys=0.00, real=0.00 secs] 
68.216: Total time for which application threads were stopped: 0.0004760 seconds, Stopping threads took: 0.0000450 seconds
68.240: Application time: 0.0238460 seconds
68.240: [GC [PSYoungGen: 7484K->928K(7680K)] 20422K->13866K(24576K), 0.0004530 secs] [Times: user=0.00 sys=0.00, real=0.00 secs] 
68.240: Total time for which application threads were stopped: 0.0005640 seconds, Stopping threads took: 0.0000590 seconds
68.261: Application time: 0.0205790 seconds
68.261: [GC [PSYoungGen: 7582K->928K(7680K)] 20520K->13866K(24576K), 0.0004130 secs] [Times: user=0.00 sys=0.00, real=0.00 secs] 
68.261: Total time for which application threads were stopped: 0.0005210 seconds, Stopping threads took: 0.0000470 seconds
68.281: Application time: 0.0201940 seconds
68.281: [GC [PSYoungGen: 7584K->960K(7680K)] 20522K->13898K(24576K), 0.0004640 secs] [Times: user=0.00 sys=0.00, real=0.00 secs] 
68.282: Total time for which application threads were stopped: 0.0005690 seconds, Stopping threads took: 0.0000510 seconds
68.301: Application time: 0.0194720 seconds
68.302: [GC [PSYoungGen: 7613K->1008K(7680K)] 20551K->14090K(24576K), 0.0004250 secs] [Times: user=0.00 sys=0.00, real=0.00 secs] 
68.302: Total time for which application threads were stopped: 0.0005250 seconds, Stopping threads took: 0.0000470 seconds
68.322: Application time: 0.0200370 seconds
68.322: [GC [PSYoungGen: 7660K->992K(7680K)] 20742K->14158K(24576K), 0.0005080 secs] [Times: user=0.00 sys=0.00, real=0.00 secs] 
68.323: Total time for which application threads were stopped: 0.0006070 seconds, Stopping threads took: 0.0000430 seconds
68.347: Application time: 0.0246750 seconds
68.347: [GC [PSYoungGen: 7643K->992K(7680K)] 20809K->14334K(24576K), 0.0004840 secs] [Times: user=0.00 sys=0.00, real=0.00 secs] 
68.348: Total time for which application threads were stopped: 0.0005950 seconds, Stopping threads took: 0.0000520 seconds
68.376: Application time: 0.0278610 seconds
68.376: [GC [PSYoungGen: 7647K->992K(7680K)] 20989K->14510K(24576K), 0.0005260 secs] [Times: user=0.01 sys=0.00, real=0.00 secs] 
68.376: Total time for which application threads were stopped: 0.0006210 seconds, Stopping threads took: 0.0000420 seconds
68.404: Application time: 0.0279990 seconds
68.404: [GC [PSYoungGen: 7644K->992K(7680K)] 21162K->14702K(24576K), 0.0004710 secs] [Times: user=0.01 sys=0.00, real=0.00 secs] 
68.405: Total time for which application threads were stopped: 0.0005750 seconds, Stopping threads took: 0.0000500 seconds
68.434: Application time: 0.0290990 seconds
68.434: [GC [PSYoungGen: 7646K->992K(7680K)] 21357K->14726K(24576K), 0.0004740 secs] [Times: user=0.00 sys=0.00, real=0.00 secs] 
68.435: Total time for which application threads were stopped: 0.0005850 seconds, Stopping threads took: 0.0000560 seconds
68.464: Application time: 0.0290160 seconds
68.464: [GC [PSYoungGen: 7646K->1008K(7680K)] 21381K->14774K(24576K), 0.0004630 secs] [Times: user=0.00 sys=0.00, real=0.00 secs] 
68.464: Total time for which application threads were stopped: 0.0005710 seconds, Stopping threads took: 0.0000560 seconds
68.493: Application time: 0.0289660 seconds
68.493: [GC [PSYoungGen: 7662K->992K(7680K)] 21429K->14758K(24576K), 0.0004920 secs] [Times: user=0.00 sys=0.00, real=0.00 secs] 
68.494: Total time for which application threads were stopped: 0.0005980 seconds, Stopping threads took: 0.0000490 seconds
68.521: Application time: 0.0267440 seconds
68.521: [GC [PSYoungGen: 7646K->1008K(7680K)] 21413K->14926K(24576K), 0.0004700 secs] [Times: user=0.00 sys=0.00, real=0.00 secs] 
68.521: Total time for which application threads were stopped: 0.0005730 seconds, Stopping threads took: 0.0000490 seconds
68.541: Application time: 0.0195520 seconds
68.541: [GC [PSYoungGen: 7661K->992K(7680K)] 21580K->15099K(24576K), 0.0005440 secs] [Times: user=0.00 sys=0.00, real=0.00 secs] 
68.541: Total time for which application threads were stopped: 0.0006400 seconds, Stopping threads took: 0.0000420 seconds
68.557: Application time: 0.0154990 seconds
68.557: [GC [PSYoungGen: 7644K->1008K(7680K)] 21752K->15387K(24576K), 0.0005420 secs] [Times: user=0.00 sys=0.00, real=0.00 secs] 
68.557: Total time for which application threads were stopped: 0.0006520 seconds, Stopping threads took: 0.0000560 seconds
68.576: Application time: 0.0185570 seconds
68.576: [GC [PSYoungGen: 7660K->992K(7680K)] 22039K->15531K(24576K), 0.0004810 secs] [Times: user=0.00 sys=0.00, real=0.00 secs] 
68.577: Total time for which application threads were stopped: 0.0005870 seconds, Stopping threads took: 0.0000530 seconds
68.597: Application time: 0.0207410 seconds
68.597: [GC [PSYoungGen: 7646K->992K(7680K)] 22186K->15779K(24576K), 0.0004930 secs] [Times: user=0.01 sys=0.00, real=0.00 secs] 
68.598: Total time for which application threads were stopped: 0.0005970 seconds, Stopping threads took: 0.0000490 seconds
68.618: Application time: 0.0202340 seconds
68.618: [GC [PSYoungGen: 7646K->1008K(7680K)] 22434K->15928K(24576K), 0.0005450 secs] [Times: user=0.01 sys=0.00, real=0.01 secs] 
68.619: Total time for which application threads were stopped: 0.0006790 seconds, Stopping threads took: 0.0000620 seconds
68.640: Application time: 0.0215420 seconds
68.640: [GC [PSYoungGen: 7661K->1008K(7680K)] 22581K->16140K(24576K), 0.0004910 secs] [Times: user=0.00 sys=0.00, real=0.00 secs] 
68.641: Total time for which application threads were stopped: 0.0005900 seconds, Stopping threads took: 0.0000440 seconds
68.666: Application time: 0.0250770 seconds
68.666: [GC [PSYoungGen: 7661K->1008K(7680K)] 22794K->16380K(24576K), 0.0004820 secs] [Times: user=0.00 sys=0.00, real=0.00 secs] 
68.667: Total time for which application threads were stopped: 0.0005940 seconds, Stopping threads took: 0.0000570 seconds
68.694: Application time: 0.0268590 seconds
68.694: [GC [PSYoungGen: 7662K->992K(7680K)] 23034K->16573K(24576K), 0.0005060 secs] [Times: user=0.01 sys=0.00, real=0.00 secs] 
68.694: Total time for which application threads were stopped: 0.0006250 seconds, Stopping threads took: 0.0000630 seconds
68.721: Application time: 0.0269740 seconds
68.721: [GC [PSYoungGen: 7646K->1008K(7680K)] 23227K->16781K(24576K), 0.0005270 secs] [Times: user=0.00 sys=0.00, real=0.00 secs] 
68.722: Total time for which application threads were stopped: 0.0006350 seconds, Stopping threads took: 0.0000530 seconds
68.750: Application time: 0.0279340 seconds
68.750: [GC [PSYoungGen: 7662K->1008K(7680K)] 23435K->16977K(24576K), 0.0005120 secs] [Times: user=0.00 sys=0.00, real=0.00 secs] 
68.750: Total time for which application threads were stopped: 0.0006060 seconds, Stopping threads took: 0.0000410 seconds
68.779: Application time: 0.0290860 seconds
68.779: [GC [PSYoungGen: 7662K->928K(7680K)] 23632K->17041K(24576K), 0.0004610 secs] [Times: user=0.01 sys=0.00, real=0.00 secs] 
68.780: Total time for which application threads were stopped: 0.0005660 seconds, Stopping threads took: 0.0000510 seconds
68.809: Application time: 0.0290550 seconds
68.809: [GC [PSYoungGen: 7582K->896K(7680K)] 23696K->17009K(24576K), 0.0004060 secs] [Times: user=0.00 sys=0.00, real=0.00 secs] 
68.810: Total time for which application threads were stopped: 0.0004990 seconds, Stopping threads took: 0.0000420 seconds
68.839: Application time: 0.0290310 seconds
68.839: [GC [PSYoungGen: 7550K->896K(7680K)] 23664K->17009K(24576K), 0.0004480 secs] [Times: user=0.00 sys=0.00, real=0.01 secs] 
68.839: Total time for which application threads were stopped: 0.0005370 seconds, Stopping threads took: 0.0000360 seconds
68.868: Application time: 0.0290210 seconds
68.868: [GC [PSYoungGen: 7550K->896K(7680K)] 23664K->17009K(24576K), 0.0003950 secs] [Times: user=0.00 sys=0.00, real=0.00 secs] 
68.869: Total time for which application threads were stopped: 0.0004910 seconds, Stopping threads took: 0.0000440 seconds
68.898: Application time: 0.0291330 seconds
68.898: [GC [PSYoungGen: 7550K->928K(7680K)] 23664K->17041K(24576K), 0.0004900 secs] [Times: user=0.00 sys=0.00, real=0.00 secs] 
68.898: Total time for which application threads were stopped: 0.0005890 seconds, Stopping threads took: 0.0000430 seconds
68.927: Application time: 0.0290010 seconds
68.927: [GC [PSYoungGen: 7582K->896K(7680K)] 23696K->17041K(24576K), 0.0004080 secs] [Times: user=0.00 sys=0.00, real=0.00 secs] 
68.928: Total time for which application threads were stopped: 0.0005070 seconds, Stopping threads took: 0.0000450 seconds
68.955: Application time: 0.0275070 seconds
68.955: [GC [PSYoungGen: 7550K->992K(7680K)] 23695K->17233K(24576K), 0.0004270 secs] [Times: user=0.01 sys=0.00, real=0.00 secs] 
68.956: Total time for which application threads were stopped: 0.0005200 seconds, Stopping threads took: 0.0000380 seconds
68.984: Application time: 0.0284240 seconds
68.984: [GC [PSYoungGen: 7644K->1008K(7680K)] 23885K->17457K(24576K), 0.0005260 secs] [Times: user=0.00 sys=0.00, real=0.00 secs] 
68.985: Total time for which application threads were stopped: 0.0006350 seconds, Stopping threads took: 0.0000560 seconds
69.013: Application time: 0.0282650 seconds
69.013: [GC [PSYoungGen: 7662K->992K(7680K)] 24111K->17673K(24576K), 0.0004890 secs] [Times: user=0.00 sys=0.00, real=0.00 secs] 
69.014: [Full GC [PSYoungGen: 992K->0K(7680K)] [ParOldGen: 16681K->3735K(16896K)] 17673K->3735K(24576K) [PSPermGen: 5538K->5538K(21504K)], 0.0061770 secs] [Times: user=0.02 sys=0.00, real=0.01 secs] 
69.020: Total time for which application threads were stopped: 0.0068090 seconds, Stopping threads took: 0.0000410 seconds
69.048: Application time: 0.0277680 seconds
69.048: [GC [PSYoungGen: 6654K->384K(7680K)] 10389K->4119K(24576K), 0.0003850 secs] [Times: user=0.00 sys=0.00, real=0.00 secs] 
69.048: Total time for which application threads were stopped: 0.0004990 seconds, Stopping threads took: 0.0000570 seconds
69.078: Application time: 0.0296560 seconds
69.078: [GC [PSYoungGen: 7036K->352K(7680K)] 10771K->4087K(24576K), 0.0003170 secs] [Times: user=0.00 sys=0.00, real=0.00 secs] 
69.078: Total time for which application threads were stopped: 0.0004160 seconds, Stopping threads took: 0.0000500 seconds
69.108: Application time: 0.0294040 seconds
69.108: [GC [PSYoungGen: 7006K->384K(7680K)] 10741K->4119K(24576K), 0.0003080 secs] [Times: user=0.00 sys=0.00, real=0.00 secs] 
69.108: Total time for which application threads were stopped: 0.0003960 seconds, Stopping threads took: 0.0000380 seconds
69.138: Application time: 0.0294190 seconds
69.138: [GC [PSYoungGen: 7038K->352K(7680K)] 10773K->4087K(24576K), 0.0002970 secs] [Times: user=0.00 sys=0.00, real=0.00 secs] 
69.138: Total time for which application threads were stopped: 0.0004100 seconds, Stopping threads took: 0.0000550 seconds
69.168: Application time: 0.0295110 seconds
69.168: [GC [PSYoungGen: 7006K->352K(7680K)] 10741K->4087K(24576K), 0.0002990 secs] [Times: user=0.00 sys=0.00, real=0.00 secs] 
69.168: Total time for which application threads were stopped: 0.0003880 seconds, Stopping threads took: 0.0000420 seconds
69.198: Application time: 0.0296090 seconds
69.198: [GC [PSYoungGen: 7004K->352K(7680K)] 10739K->4087K(24576K), 0.0002980 secs] [Times: user=0.00 sys=0.00, real=0.00 secs] 
69.198: Total time for which application threads were stopped: 0.0003920 seconds, Stopping threads took: 0.0000470 seconds
69.227: Application time: 0.0294480 seconds
69.227: [GC [PSYoungGen: 7006K->288K(7680K)] 10741K->4023K(24576K), 0.0003410 secs] [Times: user=0.00 sys=0.00, real=0.00 secs] 
69.228: Total time for which application threads were stopped: 0.0004370 seconds, Stopping threads took: 0.0000490 seconds
69.257: Application time: 0.0294270 seconds
69.257: [GC [PSYoungGen: 6942K->288K(7680K)] 10677K->4023K(24576K), 0.0003940 secs] [Times: user=0.00 sys=0.00, real=0.00 secs] 
69.258: Total time for which application threads were stopped: 0.0004830 seconds, Stopping threads took: 0.0000420 seconds
69.287: Application time: 0.0295060 seconds
69.287: [GC [PSYoungGen: 6942K->352K(7680K)] 10677K->4087K(24576K), 0.0003130 secs] [Times: user=0.00 sys=0.00, real=0.00 secs] 
69.288: Total time for which application threads were stopped: 0.0004030 seconds, Stopping threads took: 0.0000430 seconds
69.317: Application time: 0.0295040 seconds
69.317: [GC [PSYoungGen: 7006K->352K(7680K)] 10741K->4087K(24576K), 0.0003100 secs] [Times: user=0.00 sys=0.00, real=0.00 secs] 
69.318: Total time for which application threads were stopped: 0.0004010 seconds, Stopping threads took: 0.0000420 seconds
69.347: Application time: 0.0295090 seconds
69.347: [GC [PSYoungGen: 7006K->352K(7680K)] 10741K->4087K(24576K), 0.0003070 secs] [Times: user=0.00 sys=0.00, real=0.00 secs] 
69.347: Total time for which application threads were stopped: 0.0004000 seconds, Stopping threads took: 0.0000430 seconds
69.377: Application time: 0.0294310 seconds
69.377: [GC [PSYoungGen: 7006K->384K(7680K)] 10741K->4119K(24576K), 0.0002940 secs] [Times: user=0.00 sys=0.00, real=0.00 secs] 
69.377: Total time for which application threads were stopped: 0.0003860 seconds, Stopping threads took: 0.0000440 seconds
69.407: Application time: 0.0295160 seconds
69.407: [GC [PSYoungGen: 7038K->320K(7680K)] 10773K->4055K(24576K), 0.0003460 secs] [Times: user=0.00 sys=0.00, real=0.00 secs] 
69.407: Total time for which application threads were stopped: 0.0004470 seconds, Stopping threads took: 0.0000530 seconds
69.437: Application time: 0.0294710 seconds
69.437: [GC [PSYoungGen: 6974K->352K(7680K)] 10709K->4087K(24576K), 0.0003040 secs] [Times: user=0.01 sys=0.00, real=0.00 secs] 
69.437: Total time for which application threads were stopped: 0.0003930 seconds, Stopping threads took: 0.0000400 seconds
69.467: Application time: 0.0295300 seconds
69.467: [GC [PSYoungGen: 7006K->352K(7680K)] 10741K->4087K(24576K), 0.0003060 secs] [Times: user=0.00 sys=0.00, real=0.01 secs] 
69.467: Total time for which application threads were stopped: 0.0003960 seconds, Stopping threads took: 0.0000390 seconds
69.496: Application time: 0.0294310 seconds
69.497: [GC [PSYoungGen: 7006K->0K(7680K)] 10741K->4079K(24576K), 0.0003220 secs] [Times: user=0.01 sys=0.00, real=0.00 secs] 
69.497: Total time for which application threads were stopped: 0.0004160 seconds, Stopping threads took: 0.0000450 seconds
69.526: Application time: 0.0295020 seconds
69.526: [GC [PSYoungGen: 6654K->0K(7680K)] 10733K->4079K(24576K), 0.0002850 secs] [Times: user=0.00 sys=0.00, real=0.00 secs] 
69.527: Total time for which application threads were stopped: 0.0003860 seconds, Stopping threads took: 0.0000510 seconds
69.556: Application time: 0.0294880 seconds
69.556: [GC [PSYoungGen: 6654K->0K(7680K)] 10733K->4079K(24576K), 0.0002770 secs] [Times: user=0.00 sys=0.00, real=0.00 secs] 
69.557: Total time for which application threads were stopped: 0.0003650 seconds, Stopping threads took: 0.0000430 seconds
69.577: Application time: 0.0202300 seconds
69.577: [GC [PSYoungGen: 6655K->384K(7680K)] 10734K->4463K(24576K), 0.0003110 secs] [Times: user=0.00 sys=0.00, real=0.00 secs] 
69.577: Total time for which application threads were stopped: 0.0004080 seconds, Stopping threads took: 0.0000480 seconds
69.598: Application time: 0.0212270 seconds
69.599: [GC [PSYoungGen: 7037K->320K(7680K)] 11116K->4399K(24576K), 0.0003090 secs] [Times: user=0.00 sys=0.00, real=0.01 secs] 
69.599: Total time for which application threads were stopped: 0.0003950 seconds, Stopping threads took: 0.0000380 seconds
69.624: Application time: 0.0253830 seconds
69.624: [GC [PSYoungGen: 6972K->512K(7680K)] 11051K->4591K(24576K), 0.0004540 secs] [Times: user=0.00 sys=0.00, real=0.00 secs] 
69.625: Total time for which application threads were stopped: 0.0005670 seconds, Stopping threads took: 0.0000540 seconds
69.645: Application time: 0.0205110 seconds
69.645: [GC [PSYoungGen: 7166K->512K(7680K)] 11246K->4591K(24576K), 0.0003300 secs] [Times: user=0.00 sys=0.00, real=0.00 secs] 
69.646: Total time for which application threads were stopped: 0.0004230 seconds, Stopping threads took: 0.0000340 seconds
69.666: Application time: 0.0203220 seconds
69.666: [GC [PSYoungGen: 7164K->512K(7680K)] 11243K->4591K(24576K), 0.0003990 secs] [Times: user=0.00 sys=0.00, real=0.00 secs] 
69.667: Total time for which application threads were stopped: 0.0005010 seconds, Stopping threads took: 0.0000520 seconds
69.695: Application time: 0.0280340 seconds
69.695: [GC [PSYoungGen: 7167K->576K(7680K)] 11247K->4655K(24576K), 0.0003550 secs] [Times: user=0.00 sys=0.00, real=0.00 secs] 
69.695: Total time for which application threads were stopped: 0.0004520 seconds, Stopping threads took: 0.0000460 seconds
69.724: Application time: 0.0290010 seconds
69.724: [GC [PSYoungGen: 7228K->448K(7680K)] 11307K->4527K(24576K), 0.0003680 secs] [Times: user=0.00 sys=0.00, real=0.00 secs] 
69.725: Total time for which application threads were stopped: 0.0004690 seconds, Stopping threads took: 0.0000530 seconds
69.753: Application time: 0.0282540 seconds
69.753: [GC [PSYoungGen: 7100K->544K(7680K)] 11179K->4623K(24576K), 0.0003510 secs] [Times: user=0.00 sys=0.00, real=0.00 secs] 
69.753: Total time for which application threads were stopped: 0.0004540 seconds, Stopping threads took: 0.0000500 seconds
69.782: Application time: 0.0291650 seconds
69.783: [GC [PSYoungGen: 7198K->544K(7680K)] 11277K->4623K(24576K), 0.0003480 secs] [Times: user=0.00 sys=0.00, real=0.00 secs] 
69.783: Total time for which application threads were stopped: 0.0004470 seconds, Stopping threads took: 0.0000500 seconds
69.812: Application time: 0.0292300 seconds
69.812: [GC [PSYoungGen: 7198K->512K(7680K)] 11277K->4591K(24576K), 0.0003280 secs] [Times: user=0.00 sys=0.00, real=0.00 secs] 
69.813: Total time for which application threads were stopped: 0.0004240 seconds, Stopping threads took: 0.0000480 seconds
69.839: Application time: 0.0260630 seconds
69.839: [GC [PSYoungGen: 7166K->704K(7680K)] 11245K->4783K(24576K), 0.0003400 secs] [Times: user=0.01 sys=0.00, real=0.01 secs] 
69.839: Total time for which application threads were stopped: 0.0004410 seconds, Stopping threads took: 0.0000510 seconds
69.860: Application time: 0.0205180 seconds
69.860: [GC [PSYoungGen: 7358K->704K(7680K)] 11438K->4783K(24576K), 0.0003720 secs] [Times: user=0.00 sys=0.00, real=0.00 secs] 
69.860: Total time for which application threads were stopped: 0.0004690 seconds, Stopping threads took: 0.0000440 seconds
69.882: Application time: 0.0216130 seconds
69.882: [GC [PSYoungGen: 7357K->768K(7680K)] 11436K->4847K(24576K), 0.0003490 secs] [Times: user=0.01 sys=0.00, real=0.00 secs] 
69.882: Total time for which application threads were stopped: 0.0004450 seconds, Stopping threads took: 0.0000450 seconds
69.911: Application time: 0.0288970 seconds
69.911: [GC [PSYoungGen: 7420K->672K(7680K)] 11499K->4751K(24576K), 0.0003520 secs] [Times: user=0.00 sys=0.00, real=0.00 secs] 
69.911: Total time for which application threads were stopped: 0.0004590 seconds, Stopping threads took: 0.0000560 seconds
69.940: Application time: 0.0289780 seconds
69.941: [GC [PSYoungGen: 7324K->672K(7680K)] 11403K->4751K(24576K), 0.0003420 secs] [Times: user=0.00 sys=0.00, real=0.00 secs] 
69.941: Total time for which application threads were stopped: 0.0004370 seconds, Stopping threads took: 0.0000470 seconds
69.969: Application time: 0.0279170 seconds
69.969: [GC [PSYoungGen: 7324K->736K(7680K)] 11403K->4815K(24576K), 0.0003770 secs] [Times: user=0.01 sys=0.00, real=0.00 secs] 
69.969: Total time for which application threads were stopped: 0.0004830 seconds, Stopping threads took: 0.0000550 seconds
69.991: Application time: 0.0212310 seconds
69.991: [GC [PSYoungGen: 7388K->960K(7680K)] 11467K->5039K(24576K), 0.0003920 secs] [Times: user=0.01 sys=0.00, real=0.00 secs] 
69.991: Total time for which application threads were stopped: 0.0004860 seconds, Stopping threads took: 0.0000410 seconds
70.011: Application time: 0.0202420 seconds
70.011: [GC [PSYoungGen: 7614K->992K(7680K)] 11693K->5071K(24576K), 0.0003970 secs] [Times: user=0.00 sys=0.00, real=0.00 secs] 
70.012: Total time for which application threads were stopped: 0.0004970 seconds, Stopping threads took: 0.0000490 seconds
70.029: Application time: 0.0169910 seconds
70.029: [GC [PSYoungGen: 7647K->1008K(7680K)] 11726K->5263K(24576K), 0.0004470 secs] [Times: user=0.00 sys=0.00, real=0.00 secs] 
70.029: Total time for which application threads were stopped: 0.0005580 seconds, Stopping threads took: 0.0000560 seconds
70.049: Application time: 0.0200680 seconds
70.049: [GC [PSYoungGen: 7660K->992K(7680K)] 11915K->5283K(24576K), 0.0004850 secs] [Times: user=0.00 sys=0.00, real=0.00 secs] 
70.050: Total time for which application threads were stopped: 0.0005930 seconds, Stopping threads took: 0.0000540 seconds
70.073: Application time: 0.0229040 seconds
70.073: [GC [PSYoungGen: 7645K->976K(7680K)] 11936K->5395K(24576K), 0.0004250 secs] [Times: user=0.00 sys=0.00, real=0.00 secs] 
70.073: Total time for which application threads were stopped: 0.0005240 seconds, Stopping threads took: 0.0000470 seconds
70.101: Application time: 0.0280130 seconds
70.101: [GC [PSYoungGen: 7630K->992K(7680K)] 12049K->5459K(24576K), 0.0004300 secs] [Times: user=0.00 sys=0.00, real=0.00 secs] 
70.102: Total time for which application threads were stopped: 0.0005440 seconds, Stopping threads took: 0.0000550 seconds
70.130: Application time: 0.0280680 seconds
70.130: [GC [PSYoungGen: 7646K->992K(7680K)] 12113K->5603K(24576K), 0.0004520 secs] [Times: user=0.01 sys=0.00, real=0.00 secs] 
70.131: Total time for which application threads were stopped: 0.0005640 seconds, Stopping threads took: 0.0000540 seconds
70.160: Application time: 0.0293040 seconds
70.160: [GC [PSYoungGen: 7644K->1008K(7680K)] 12255K->5667K(24576K), 0.0004640 secs] [Times: user=0.00 sys=0.00, real=0.00 secs] 
70.160: Total time for which application threads were stopped: 0.0005560 seconds, Stopping threads took: 0.0000350 seconds
70.190: Application time: 0.0291000 seconds
70.190: [GC [PSYoungGen: 7662K->1008K(7680K)] 12322K->5667K(24576K), 0.0003910 secs] [Times: user=0.00 sys=0.00, real=0.00 secs] 
70.190: Total time for which application threads were stopped: 0.0004970 seconds, Stopping threads took: 0.0000540 seconds
70.219: Application time: 0.0290670 seconds
70.219: [GC [PSYoungGen: 7662K->976K(7680K)] 12322K->5635K(24576K), 0.0004130 secs] [Times: user=0.00 sys=0.00, real=0.00 secs] 
70.220: Total time for which application threads were stopped: 0.0005040 seconds, Stopping threads took: 0.0000380 seconds
70.248: Application time: 0.0288880 seconds
70.249: [GC [PSYoungGen: 7630K->960K(7680K)] 12290K->5619K(24576K), 0.0003950 secs] [Times: user=0.00 sys=0.00, real=0.00 secs] 
70.249: Total time for which application threads were stopped: 0.0004970 seconds, Stopping threads took: 0.0000520 seconds
70.270: Application time: 0.0207520 seconds
70.270: [GC [PSYoungGen: 7615K->1008K(7680K)] 12274K->6059K(24576K), 0.0004820 secs] [Times: user=0.00 sys=0.00, real=0.00 secs] 
70.270: Total time for which application threads were stopped: 0.0005700 seconds, Stopping threads took: 0.0000360 seconds
70.285: Application time: 0.0149650 seconds
70.285: [GC [PSYoungGen: 7659K->992K(7680K)] 12711K->6327K(24576K), 0.0004920 secs] [Times: user=0.01 sys=0.00, real=0.00 secs] 
70.286: Total time for which application threads were stopped: 0.0005760 seconds, Stopping threads took: 0.0000290 seconds
70.302: Application time: 0.0163120 seconds
70.302: [GC [PSYoungGen: 7648K->944K(7680K)] 12983K->6279K(24576K), 0.0004140 secs] [Times: user=0.00 sys=0.00, real=0.00 secs] 
70.303: Total time for which application threads were stopped: 0.0005050 seconds, Stopping threads took: 0.0000400 seconds
70.324: Application time: 0.0210000 seconds
70.324: [GC [PSYoungGen: 7483K->1008K(7680K)] 12818K->6431K(24576K), 0.0004400 secs] [Times: user=0.00 sys=0.00, real=0.00 secs] 
70.324: Total time for which application threads were stopped: 0.0005380 seconds, Stopping threads took: 0.0000470 seconds
70.342: Application time: 0.0182760 seconds
70.343: [GC [PSYoungGen: 7660K->992K(7680K)] 13084K->6612K(24576K), 0.0004610 secs] [Times: user=0.00 sys=0.00, real=0.00 secs] 
70.343: Total time for which application threads were stopped: 0.0005670 seconds, Stopping threads took: 0.0000510 seconds
70.363: Application time: 0.0201360 seconds
70.363: [GC [PSYoungGen: 7644K->960K(7680K)] 13264K->6684K(24576K), 0.0004220 secs] [Times: user=0.01 sys=0.00, real=0.00 secs] 
70.364: Total time for which application threads were stopped: 0.0005290 seconds, Stopping threads took: 0.0000530 seconds
70.390: Application time: 0.0264110 seconds
70.390: [GC [PSYoungGen: 7614K->992K(7680K)] 13338K->6868K(24576K), 0.0004870 secs] [Times: user=0.00 sys=0.00, real=0.00 secs] 
70.391: Total time for which application threads were stopped: 0.0005940 seconds, Stopping threads took: 0.0000490 seconds
70.418: Application time: 0.0269620 seconds
70.419: [GC [PSYoungGen: 7646K->1008K(7680K)] 13522K->7104K(24576K), 0.0004910 secs] [Times: user=0.00 sys=0.00, real=0.00 secs] 
70.419: Total time for which application threads were stopped: 0.0016250 seconds, Stopping threads took: 0.0010730 seconds
70.447: Application time: 0.0274710 seconds
70.447: [GC [PSYoungGen: 7586K->992K(7680K)] 13683K->7176K(24576K), 0.0005410 secs] [Times: user=0.00 sys=0.00, real=0.00 secs] 
70.447: Total time for which application threads were stopped: 0.0006640 seconds, Stopping threads took: 0.0000660 seconds
70.475: Application time: 0.0276520 seconds
70.475: [GC [PSYoungGen: 7647K->1008K(7680K)] 13831K->7392K(24576K), 0.0004840 secs] [Times: user=0.00 sys=0.00, real=0.00 secs] 
70.476: Total time for which application threads were stopped: 0.0005820 seconds, Stopping threads took: 0.0000410 seconds
70.505: Application time: 0.0291470 seconds
70.505: [GC [PSYoungGen: 7662K->992K(7680K)] 14047K->7412K(24576K), 0.0004420 secs] [Times: user=0.00 sys=0.00, real=0.00 secs] 
70.505: Total time for which application threads were stopped: 0.0005360 seconds, Stopping threads took: 0.0000380 seconds
70.534: Application time: 0.0289900 seconds
70.534: [GC [PSYoungGen: 7646K->976K(7680K)] 14067K->7396K(24576K), 0.0004170 secs] [Times: user=0.01 sys=0.00, real=0.00 secs] 
70.535: Total time for which application threads were stopped: 0.0005200 seconds, Stopping threads took: 0.0000490 seconds
70.564: Application time: 0.0290090 seconds
70.564: [GC [PSYoungGen: 7630K->1008K(7680K)] 14051K->7428K(24576K), 0.0004130 secs] [Times: user=0.00 sys=0.00, real=0.00 secs] 
70.564: Total time for which application threads were stopped: 0.0005110 seconds, Stopping threads took: 0.0000450 seconds
70.593: Application time: 0.0290650 seconds
70.594: [GC [PSYoungGen: 7662K->1008K(7680K)] 14083K->7428K(24576K), 0.0004180 secs] [Times: user=0.00 sys=0.00, real=0.00 secs] 
70.594: Total time for which application threads were stopped: 0.0005100 seconds, Stopping threads took: 0.0000400 seconds
70.623: Application time: 0.0294250 seconds
70.624: [GC [PSYoungGen: 7660K->1008K(7680K)] 14081K->7436K(24576K), 0.0004780 secs] [Times: user=0.00 sys=0.00, real=0.00 secs] 
70.624: Total time for which application threads were stopped: 0.0005970 seconds, Stopping threads took: 0.0000600 seconds
70.653: Application time: 0.0289610 seconds
70.655: [GC [PSYoungGen: 7662K->960K(7680K)] 14091K->7460K(24576K), 0.0004390 secs] [Times: user=0.01 sys=0.00, real=0.00 secs] 
70.655: Total time for which application threads were stopped: 0.0022750 seconds, Stopping threads took: 0.0017820 seconds
70.684: Application time: 0.0291580 seconds
70.685: [GC [PSYoungGen: 7616K->864K(7680K)] 14116K->7473K(24576K), 0.0004340 secs] [Times: user=0.00 sys=0.00, real=0.00 secs] 
70.685: Total time for which application threads were stopped: 0.0005480 seconds, Stopping threads took: 0.0000540 seconds
70.712: Application time: 0.0266610 seconds
70.712: [GC [PSYoungGen: 7518K->992K(7680K)] 14128K->7737K(24576K), 0.0005080 secs] [Times: user=0.00 sys=0.00, real=0.00 secs] 
70.713: Total time for which application threads were stopped: 0.0015800 seconds, Stopping threads took: 0.0000440 seconds
70.741: Application time: 0.0280940 seconds
70.741: [GC [PSYoungGen: 7644K->832K(7680K)] 14389K->7769K(24576K), 0.0004650 secs] [Times: user=0.00 sys=0.00, real=0.00 secs] 
70.742: Total time for which application threads were stopped: 0.0005710 seconds, Stopping threads took: 0.0000530 seconds
70.769: Application time: 0.0275990 seconds
70.770: [GC [PSYoungGen: 7486K->992K(7680K)] 14423K->7945K(24576K), 0.0004330 secs] [Times: user=0.01 sys=0.00, real=0.00 secs] 
70.770: Total time for which application threads were stopped: 0.0005550 seconds, Stopping threads took: 0.0000660 seconds
70.800: Application time: 0.0297240 seconds
70.800: [GC [PSYoungGen: 7646K->896K(7680K)] 14600K->7849K(24576K), 0.0004090 secs] [Times: user=0.00 sys=0.00, real=0.00 secs] 
70.800: Total time for which application threads were stopped: 0.0005240 seconds, Stopping threads took: 0.0000620 seconds
70.830: Application time: 0.0298400 seconds
70.830: [GC [PSYoungGen: 7550K->896K(7680K)] 14504K->7849K(24576K), 0.0003730 secs] [Times: user=0.00 sys=0.00, real=0.00 secs] 
70.831: Total time for which application threads were stopped: 0.0004770 seconds, Stopping threads took: 0.0000430 seconds
70.861: Application time: 0.0300120 seconds
70.861: [GC [PSYoungGen: 7550K->832K(7680K)] 14504K->7869K(24576K), 0.0004250 secs] [Times: user=0.01 sys=0.00, real=0.00 secs] 
70.861: Total time for which application threads were stopped: 0.0005300 seconds, Stopping threads took: 0.0000530 seconds
70.891: Application time: 0.0295110 seconds
70.891: [GC [PSYoungGen: 7486K->992K(7680K)] 14524K->8037K(24576K), 0.0004000 secs] [Times: user=0.00 sys=0.00, real=0.00 secs] 
70.891: Total time for which application threads were stopped: 0.0005010 seconds, Stopping threads took: 0.0000460 seconds
70.921: Application time: 0.0295900 seconds
70.921: [GC [PSYoungGen: 7646K->736K(7680K)] 14692K->7994K(24576K), 0.0003740 secs] [Times: user=0.00 sys=0.00, real=0.00 secs] 
70.921: Total time for which application threads were stopped: 0.0004890 seconds, Stopping threads took: 0.0000630 seconds
70.951: Application time: 0.0294560 seconds
70.951: [GC [PSYoungGen: 7390K->672K(7680K)] 14649K->7930K(24576K), 0.0003580 secs] [Times: user=0.00 sys=0.00, real=0.00 secs] 
70.951: Total time for which application threads were stopped: 0.0004640 seconds, Stopping threads took: 0.0000540 seconds
70.981: Application time: 0.0298040 seconds
70.981: [GC [PSYoungGen: 7324K->672K(7680K)] 14582K->7930K(24576K), 0.0003920 secs] [Times: user=0.00 sys=0.00, real=0.00 secs] 
70.981: Total time for which application threads were stopped: 0.0004920 seconds, Stopping threads took: 0.0000480 seconds
71.011: Application time: 0.0295560 seconds
71.011: [GC [PSYoungGen: 7326K->672K(7680K)] 14585K->7930K(24576K), 0.0003460 secs] [Times: user=0.00 sys=0.00, real=0.00 secs] 
71.011: Total time for which application threads were stopped: 0.0004400 seconds, Stopping threads took: 0.0000430 seconds
71.041: Application time: 0.0298590 seconds
71.041: [GC [PSYoungGen: 7326K->640K(7680K)] 14585K->7898K(24576K), 0.0003860 secs] [Times: user=0.00 sys=0.00, real=0.00 secs] 
71.042: Total time for which application threads were stopped: 0.0004840 seconds, Stopping threads took: 0.0000470 seconds
71.072: Application time: 0.0297460 seconds
71.072: [GC [PSYoungGen: 7294K->640K(7680K)] 14553K->7898K(24576K), 0.0003900 secs] [Times: user=0.00 sys=0.00, real=0.00 secs] 
71.072: Total time for which application threads were stopped: 0.0004930 seconds, Stopping threads took: 0.0000540 seconds
71.102: Application time: 0.0295040 seconds
71.102: [GC [PSYoungGen: 7294K->832K(7680K)] 14553K->8090K(24576K), 0.0003670 secs] [Times: user=0.00 sys=0.00, real=0.00 secs] 
71.102: Total time for which application threads were stopped: 0.0004730 seconds, Stopping threads took: 0.0000540 seconds
71.131: Application time: 0.0294430 seconds
71.132: [GC [PSYoungGen: 7486K->704K(7680K)] 14745K->7962K(24576K), 0.0003620 secs] [Times: user=0.01 sys=0.00, real=0.00 secs] 
71.132: Total time for which application threads were stopped: 0.0004800 seconds, Stopping threads took: 0.0000620 seconds
71.162: Application time: 0.0295510 seconds
71.162: [GC [PSYoungGen: 7358K->448K(7680K)] 14617K->7918K(24576K), 0.0004080 secs] [Times: user=0.00 sys=0.00, real=0.00 secs] 
71.162: Total time for which application threads were stopped: 0.0005120 seconds, Stopping threads took: 0.0000530 seconds
71.192: Application time: 0.0294880 seconds
71.192: [GC [PSYoungGen: 7102K->384K(7680K)] 14573K->8067K(24576K), 0.0003650 secs] [Times: user=0.00 sys=0.00, real=0.00 secs] 
71.192: Total time for which application threads were stopped: 0.0004710 seconds, Stopping threads took: 0.0000450 seconds
71.221: Application time: 0.0294450 seconds
71.222: [GC [PSYoungGen: 7038K->0K(7680K)] 14722K->7904K(24576K), 0.0003280 secs] [Times: user=0.00 sys=0.00, real=0.00 secs] 
71.222: Total time for which application threads were stopped: 0.0004340 seconds, Stopping threads took: 0.0000550 seconds
71.251: Application time: 0.0292740 seconds
71.251: [GC [PSYoungGen: 6654K->0K(7680K)] 14558K->7904K(24576K), 0.0003090 secs] [Times: user=0.00 sys=0.00, real=0.00 secs] 
71.252: Total time for which application threads were stopped: 0.0004030 seconds, Stopping threads took: 0.0000470 seconds
71.280: Application time: 0.0281460 seconds
71.280: [GC [PSYoungGen: 6652K->224K(7680K)] 14556K->8128K(24576K), 0.0003780 secs] [Times: user=0.00 sys=0.00, real=0.00 secs] 
71.280: Total time for which application threads were stopped: 0.0004820 seconds, Stopping threads took: 0.0000540 seconds
71.301: Application time: 0.0205840 seconds
71.301: [GC [PSYoungGen: 6879K->288K(7680K)] 14783K->8192K(24576K), 0.0003420 secs] [Times: user=0.00 sys=0.00, real=0.00 secs] 
71.301: Total time for which application threads were stopped: 0.0004420 seconds, Stopping threads took: 0.0000480 seconds
71.322: Application time: 0.0210780 seconds
71.327: [GC [PSYoungGen: 6941K->352K(7680K)] 14845K->8256K(24576K), 0.0003940 secs] [Times: user=0.00 sys=0.00, real=0.00 secs] 
71.327: Total time for which application threads were stopped: 0.0049700 seconds, Stopping threads took: 0.0045260 seconds
71.352: Application time: 0.0246740 seconds
71.352: [GC [PSYoungGen: 7006K->544K(7680K)] 14910K->8448K(24576K), 0.0003530 secs] [Times: user=0.01 sys=0.00, real=0.00 secs] 
71.352: Total time for which application threads were stopped: 0.0004870 seconds, Stopping threads took: 0.0000810 seconds
71.373: Application time: 0.0202950 seconds
71.373: [GC [PSYoungGen: 7196K->544K(7680K)] 15100K->8448K(24576K), 0.0003690 secs] [Times: user=0.00 sys=0.00, real=0.00 secs] 
71.373: Total time for which application threads were stopped: 0.0004710 seconds, Stopping threads took: 0.0000500 seconds
71.394: Application time: 0.0204070 seconds
71.394: [GC [PSYoungGen: 7117K->384K(7680K)] 15022K->8288K(24576K), 0.0004340 secs] [Times: user=0.00 sys=0.00, real=0.00 secs] 
71.394: Total time for which application threads were stopped: 0.0005340 seconds, Stopping threads took: 0.0000500 seconds
71.422: Application time: 0.0282540 seconds
71.422: [GC [PSYoungGen: 7039K->480K(7680K)] 14943K->8384K(24576K), 0.0003830 secs] [Times: user=0.00 sys=0.00, real=0.00 secs] 
71.423: Total time for which application threads were stopped: 0.0004790 seconds, Stopping threads took: 0.0000450 seconds
71.452: Application time: 0.0287910 seconds
71.452: [GC [PSYoungGen: 7132K->608K(7680K)] 15036K->8512K(24576K), 0.0003670 secs] [Times: user=0.00 sys=0.00, real=0.00 secs] 
71.452: Total time for which application threads were stopped: 0.0004530 seconds, Stopping threads took: 0.0000370 seconds
71.480: Application time: 0.0281710 seconds
71.480: [GC [PSYoungGen: 7260K->576K(7680K)] 15164K->8480K(24576K), 0.0004050 secs] [Times: user=0.00 sys=0.00, real=0.00 secs] 
71.481: Total time for which application threads were stopped: 0.0005100 seconds, Stopping threads took: 0.0000510 seconds
71.510: Application time: 0.0289890 seconds
71.510: [GC [PSYoungGen: 7230K->512K(7680K)] 15134K->8416K(24576K), 0.0003860 secs] [Times: user=0.00 sys=0.00, real=0.00 secs] 
71.510: Total time for which application threads were stopped: 0.0004910 seconds, Stopping threads took: 0.0000520 seconds
71.539: Application time: 0.0289940 seconds
71.539: [GC [PSYoungGen: 7166K->512K(7680K)] 15070K->8416K(24576K), 0.0003330 secs] [Times: user=0.01 sys=0.00, real=0.00 secs] 
71.540: Total time for which application threads were stopped: 0.0004280 seconds, Stopping threads took: 0.0000480 seconds
71.569: Application time: 0.0291560 seconds
71.569: [GC [PSYoungGen: 7164K->480K(7680K)] 15068K->8384K(24576K), 0.0003540 secs] [Times: user=0.00 sys=0.00, real=0.00 secs] 
71.569: Total time for which application threads were stopped: 0.0004530 seconds, Stopping threads took: 0.0000500 seconds
71.592: Application time: 0.0221840 seconds
71.592: [GC [PSYoungGen: 7132K->704K(7680K)] 15036K->8608K(24576K), 0.0003850 secs] [Times: user=0.01 sys=0.00, real=0.00 secs] 
71.592: Total time for which application threads were stopped: 0.0004930 seconds, Stopping threads took: 0.0000560 seconds
71.613: Application time: 0.0210340 seconds
71.613: [GC [PSYoungGen: 7357K->704K(7680K)] 15261K->8608K(24576K), 0.0003680 secs] [Times: user=0.00 sys=0.00, real=0.00 secs] 
71.614: Total time for which application threads were stopped: 0.0004620 seconds, Stopping threads took: 0.0000430 seconds
71.638: Application time: 0.0245080 seconds
71.638: [GC [PSYoungGen: 7358K->736K(7680K)] 15262K->8640K(24576K), 0.0004120 secs] [Times: user=0.00 sys=0.00, real=0.00 secs] 
71.639: Total time for which application threads were stopped: 0.0005250 seconds, Stopping threads took: 0.0000530 seconds
71.667: Application time: 0.0287420 seconds
71.667: [GC [PSYoungGen: 7388K->736K(7680K)] 15292K->8640K(24576K), 0.0003580 secs] [Times: user=0.00 sys=0.00, real=0.00 secs] 
71.668: Total time for which application threads were stopped: 0.0004620 seconds, Stopping threads took: 0.0000530 seconds
71.695: Application time: 0.0277160 seconds
71.699: [GC [PSYoungGen: 7388K->768K(7680K)] 15292K->8672K(24576K), 0.0004210 secs] [Times: user=0.00 sys=0.00, real=0.00 secs] 
71.699: Total time for which application threads were stopped: 0.0037880 seconds, Stopping threads took: 0.0033070 seconds
71.721: Application time: 0.0216250 seconds
71.721: [GC [PSYoungGen: 7422K->960K(7680K)] 15326K->8864K(24576K), 0.0004120 secs] [Times: user=0.01 sys=0.00, real=0.00 secs] 
71.721: Total time for which application threads were stopped: 0.0005150 seconds, Stopping threads took: 0.0000490 seconds
71.742: Application time: 0.0202570 seconds
71.742: [GC [PSYoungGen: 7612K->960K(7680K)] 15516K->8864K(24576K), 0.0004600 secs] [Times: user=0.00 sys=0.00, real=0.00 secs] 
71.742: Total time for which application threads were stopped: 0.0005650 seconds, Stopping threads took: 0.0000520 seconds
71.762: Application time: 0.0196280 seconds
71.763: [GC [PSYoungGen: 7612K->1008K(7680K)] 15516K->9056K(24576K), 0.0004630 secs] [Times: user=0.00 sys=0.00, real=0.00 secs] 
71.763: Total time for which application threads were stopped: 0.0014660 seconds, Stopping threads took: 0.0009490 seconds
71.783: Application time: 0.0194520 seconds
71.783: [GC [PSYoungGen: 7661K->992K(7680K)] 15709K->9200K(24576K), 0.0004630 secs] [Times: user=0.00 sys=0.00, real=0.00 secs] 
71.783: Total time for which application threads were stopped: 0.0005600 seconds, Stopping threads took: 0.0000440 seconds
71.804: Application time: 0.0207780 seconds
71.804: [GC [PSYoungGen: 7645K->992K(7680K)] 15854K->9260K(24576K), 0.0004940 secs] [Times: user=0.00 sys=0.00, real=0.00 secs] 
71.805: Total time for which application threads were stopped: 0.0005920 seconds, Stopping threads took: 0.0000440 seconds
71.832: Application time: 0.0276160 seconds
71.832: [GC [PSYoungGen: 7646K->960K(7680K)] 15914K->9356K(24576K), 0.0004480 secs] [Times: user=0.00 sys=0.00, real=0.00 secs] 
71.833: Total time for which application threads were stopped: 0.0005440 seconds, Stopping threads took: 0.0000460 seconds
71.862: Application time: 0.0288140 seconds
71.862: [GC [PSYoungGen: 7612K->944K(7680K)] 16008K->9340K(24576K), 0.0004430 secs] [Times: user=0.00 sys=0.00, real=0.00 secs] 
71.862: Total time for which application threads were stopped: 0.0005480 seconds, Stopping threads took: 0.0000530 seconds
71.890: Application time: 0.0281020 seconds
71.890: [GC [PSYoungGen: 7596K->944K(7680K)] 15992K->9340K(24576K), 0.0004130 secs] [Times: user=0.00 sys=0.00, real=0.00 secs] 
71.891: Total time for which application threads were stopped: 0.0005140 seconds, Stopping threads took: 0.0000460 seconds
71.920: Application time: 0.0296130 seconds
71.921: [GC [PSYoungGen: 7598K->928K(7680K)] 15994K->9324K(24576K), 0.0004120 secs] [Times: user=0.00 sys=0.00, real=0.00 secs] 
71.921: Total time for which application threads were stopped: 0.0005160 seconds, Stopping threads took: 0.0000540 seconds
71.950: Application time: 0.0288980 seconds
71.950: [GC [PSYoungGen: 7582K->992K(7680K)] 15978K->9388K(24576K), 0.0004780 secs] [Times: user=0.00 sys=0.00, real=0.00 secs] 
71.950: Total time for which application threads were stopped: 0.0005730 seconds, Stopping threads took: 0.0000440 seconds
71.979: Application time: 0.0289400 seconds
71.983: [GC [PSYoungGen: 7646K->896K(7680K)] 16042K->9292K(24576K), 0.0004220 secs] [Times: user=0.00 sys=0.00, real=0.00 secs] 
71.983: Total time for which application threads were stopped: 0.0038520 seconds, Stopping threads took: 0.0033770 seconds
72.008: Application time: 0.0244770 seconds
72.008: Total time for which application threads were stopped: 0.0000730 seconds, Stopping threads took: 0.0000540 seconds
72.008: Application time: 0.0000410 seconds
72.008: [GC [PSYoungGen: 7525K->992K(7680K)] 16050K->9540K(24576K), 0.0004370 secs] [Times: user=0.01 sys=0.00, real=0.00 secs] 
72.008: Total time for which application threads were stopped: 0.0005180 seconds, Stopping threads took: 0.0000360 seconds
72.026: Application time: 0.0176080 seconds
72.026: [GC [PSYoungGen: 7644K->1008K(7680K)] 16477K->10136K(24576K), 0.0005020 secs] [Times: user=0.01 sys=0.00, real=0.00 secs] 
72.027: Total time for which application threads were stopped: 0.0006050 seconds, Stopping threads took: 0.0000490 seconds
72.042: Application time: 0.0158610 seconds
72.043: [GC [PSYoungGen: 7663K->1008K(7680K)] 16791K->10384K(24576K), 0.0005240 secs] [Times: user=0.01 sys=0.00, real=0.00 secs] 
72.043: Total time for which application threads were stopped: 0.0006220 seconds, Stopping threads took: 0.0000440 seconds
72.062: Application time: 0.0193000 seconds
72.062: [GC [PSYoungGen: 7664K->1008K(7680K)] 17040K->10464K(24576K), 0.0004750 secs] [Times: user=0.00 sys=0.00, real=0.00 secs] 
72.063: Total time for which application threads were stopped: 0.0005700 seconds, Stopping threads took: 0.0000420 seconds
72.081: Application time: 0.0183860 seconds
72.081: [GC [PSYoungGen: 7662K->992K(7680K)] 17119K->10810K(24576K), 0.0004900 secs] [Times: user=0.00 sys=0.00, real=0.00 secs] 
72.082: Total time for which application threads were stopped: 0.0005890 seconds, Stopping threads took: 0.0000470 seconds
72.103: Application time: 0.0206710 seconds
72.103: [GC [PSYoungGen: 7643K->976K(7680K)] 17461K->10862K(24576K), 0.0004090 secs] [Times: user=0.01 sys=0.00, real=0.00 secs] 
72.103: Total time for which application threads were stopped: 0.0005150 seconds, Stopping threads took: 0.0000540 seconds
72.128: Application time: 0.0243890 seconds
72.128: [GC [PSYoungGen: 7629K->1008K(7680K)] 17516K->11070K(24576K), 0.0004580 secs] [Times: user=0.00 sys=0.00, real=0.00 secs] 
72.128: Total time for which application threads were stopped: 0.0005530 seconds, Stopping threads took: 0.0000420 seconds
72.154: Application time: 0.0260060 seconds
72.154: [GC [PSYoungGen: 7661K->992K(7680K)] 17723K->11286K(24576K), 0.0004930 secs] [Times: user=0.00 sys=0.00, real=0.00 secs] 
72.155: Total time for which application threads were stopped: 0.0005860 seconds, Stopping threads took: 0.0000360 seconds
72.182: Application time: 0.0276310 seconds
72.182: [GC [PSYoungGen: 7645K->992K(7680K)] 17940K->11503K(24576K), 0.0004840 secs] [Times: user=0.01 sys=0.00, real=0.00 secs] 
72.183: Total time for which application threads were stopped: 0.0005990 seconds, Stopping threads took: 0.0000610 seconds
72.210: Application time: 0.0271930 seconds
72.211: [GC [PSYoungGen: 7646K->992K(7680K)] 18157K->11687K(24576K), 0.0005120 secs] [Times: user=0.01 sys=0.00, real=0.00 secs] 
72.211: Total time for which application threads were stopped: 0.0012720 seconds, Stopping threads took: 0.0006960 seconds
72.241: Application time: 0.0292910 seconds
72.241: [GC [PSYoungGen: 7644K->992K(7680K)] 18339K->11703K(24576K), 0.0004500 secs] [Times: user=0.00 sys=0.00, real=0.00 secs] 
72.241: Total time for which application threads were stopped: 0.0005820 seconds, Stopping threads took: 0.0000770 seconds
72.270: Application time: 0.0290770 seconds
72.270: [GC [PSYoungGen: 7646K->880K(7680K)] 18358K->11791K(24576K), 0.0004280 secs] [Times: user=0.00 sys=0.00, real=0.00 secs] 
72.271: Total time for which application threads were stopped: 0.0005310 seconds, Stopping threads took: 0.0000480 seconds
72.300: Application time: 0.0292310 seconds
72.300: [GC [PSYoungGen: 7534K->864K(7680K)] 18446K->11775K(24576K), 0.0003960 secs] [Times: user=0.00 sys=0.00, real=0.00 secs] 
72.301: Total time for which application threads were stopped: 0.0005170 seconds, Stopping threads took: 0.0000660 seconds
72.330: Application time: 0.0292520 seconds
72.330: [GC [PSYoungGen: 7518K->784K(7680K)] 18430K->11695K(24576K), 0.0003630 secs] [Times: user=0.00 sys=0.00, real=0.00 secs] 
72.330: Total time for which application threads were stopped: 0.0004570 seconds, Stopping threads took: 0.0000410 seconds
72.359: Application time: 0.0290590 seconds
72.359: [GC [PSYoungGen: 7438K->832K(7680K)] 18350K->11743K(24576K), 0.0003750 secs] [Times: user=0.00 sys=0.00, real=0.00 secs] 
72.360: Total time for which application threads were stopped: 0.0004640 seconds, Stopping threads took: 0.0000390 seconds
72.389: Application time: 0.0293880 seconds
72.389: [GC [PSYoungGen: 7486K->784K(7680K)] 18398K->11695K(24576K), 0.0004140 secs] [Times: user=0.00 sys=0.00, real=0.00 secs] 
72.390: Total time for which application threads were stopped: 0.0005200 seconds, Stopping threads took: 0.0000510 seconds
72.419: Application time: 0.0293510 seconds
72.419: [GC [PSYoungGen: 7438K->800K(7680K)] 18350K->11775K(24576K), 0.0003840 secs] [Times: user=0.01 sys=0.00, real=0.00 secs] 
72.420: Total time for which application threads were stopped: 0.0004930 seconds, Stopping threads took: 0.0000590 seconds
72.446: Application time: 0.0265000 seconds
72.446: [GC [PSYoungGen: 7455K->800K(7680K)] 18431K->11799K(24576K), 0.0004070 secs] [Times: user=0.00 sys=0.00, real=0.00 secs] 
72.447: Total time for which application threads were stopped: 0.0005010 seconds, Stopping threads took: 0.0000410 seconds
72.475: Application time: 0.0282330 seconds
72.475: [GC [PSYoungGen: 7453K->800K(7680K)] 18453K->11807K(24576K), 0.0004420 secs] [Times: user=0.01 sys=0.00, real=0.00 secs] 
72.475: Total time for which application threads were stopped: 0.0005480 seconds, Stopping threads took: 0.0000520 seconds
72.503: Application time: 0.0275470 seconds
72.503: [GC [PSYoungGen: 7454K->896K(7680K)] 18461K->11959K(24576K), 0.0003950 secs] [Times: user=0.00 sys=0.00, real=0.00 secs] 
72.503: Total time for which application threads were stopped: 0.0004850 seconds, Stopping threads took: 0.0000350 seconds
72.533: Application time: 0.0295130 seconds
72.533: [GC [PSYoungGen: 7550K->928K(7680K)] 18614K->11991K(24576K), 0.0004340 secs] [Times: user=0.01 sys=0.00, real=0.00 secs] 
72.533: Total time for which application threads were stopped: 0.0005310 seconds, Stopping threads took: 0.0000450 seconds
72.563: Application time: 0.0297030 seconds
72.563: [GC [PSYoungGen: 7582K->960K(7680K)] 18646K->12023K(24576K), 0.0004030 secs] [Times: user=0.00 sys=0.00, real=0.00 secs] 
72.564: Total time for which application threads were stopped: 0.0005080 seconds, Stopping threads took: 0.0000530 seconds
72.593: Application time: 0.0296270 seconds
72.593: [GC [PSYoungGen: 7614K->896K(7680K)] 18678K->11999K(24576K), 0.0003710 secs] [Times: user=0.00 sys=0.00, real=0.00 secs] 
72.594: Total time for which application threads were stopped: 0.0004770 seconds, Stopping threads took: 0.0000530 seconds
72.624: Application time: 0.0298580 seconds
72.624: [GC [PSYoungGen: 7550K->896K(7680K)] 18654K->11999K(24576K), 0.0004320 secs] [Times: user=0.00 sys=0.00, real=0.00 secs] 
72.624: Total time for which application threads were stopped: 0.0005380 seconds, Stopping threads took: 0.0000450 seconds
72.654: Application time: 0.0294030 seconds
72.654: [GC [PSYoungGen: 7550K->672K(7680K)] 18654K->11996K(24576K), 0.0005360 secs] [Times: user=0.00 sys=0.00, real=0.00 secs] 
72.654: Total time for which application threads were stopped: 0.0006380 seconds, Stopping threads took: 0.0000460 seconds
72.684: Application time: 0.0295930 seconds
72.684: [GC [PSYoungGen: 7326K->768K(7680K)] 18651K->12092K(24576K), 0.0003600 secs] [Times: user=0.00 sys=0.00, real=0.00 secs] 
72.684: Total time for which application threads were stopped: 0.0004640 seconds, Stopping threads took: 0.0000510 seconds
72.714: Application time: 0.0295330 seconds
72.714: [GC [PSYoungGen: 7422K->672K(7680K)] 18747K->11996K(24576K), 0.0004040 secs] [Times: user=0.00 sys=0.00, real=0.00 secs] 
72.714: Total time for which application threads were stopped: 0.0005150 seconds, Stopping threads took: 0.0000530 seconds
72.744: Application time: 0.0296650 seconds
72.744: [GC [PSYoungGen: 7326K->704K(7680K)] 18651K->12028K(24576K), 0.0003450 secs] [Times: user=0.00 sys=0.00, real=0.00 secs] 
72.744: Total time for which application threads were stopped: 0.0004410 seconds, Stopping threads took: 0.0000430 seconds
72.774: Application time: 0.0295360 seconds
72.774: [GC [PSYoungGen: 7358K->736K(7680K)] 18683K->12060K(24576K), 0.0003890 secs] [Times: user=0.00 sys=0.00, real=0.00 secs] 
72.774: Total time for which application threads were stopped: 0.0004850 seconds, Stopping threads took: 0.0000490 seconds
72.804: Application time: 0.0294930 seconds
72.804: [GC [PSYoungGen: 7390K->704K(7680K)] 18715K->12028K(24576K), 0.0003550 secs] [Times: user=0.01 sys=0.00, real=0.00 secs] 
72.804: Total time for which application threads were stopped: 0.0004510 seconds, Stopping threads took: 0.0000460 seconds
72.834: Application time: 0.0296820 seconds
72.834: [GC [PSYoungGen: 7358K->672K(7680K)] 18683K->11996K(24576K), 0.0003900 secs] [Times: user=0.00 sys=0.00, real=0.00 secs] 
72.835: Total time for which application threads were stopped: 0.0005020 seconds, Stopping threads took: 0.0000580 seconds
72.864: Application time: 0.0295190 seconds
72.864: [GC [PSYoungGen: 7326K->672K(7680K)] 18651K->11996K(24576K), 0.0004110 secs] [Times: user=0.00 sys=0.00, real=0.00 secs] 
72.865: Total time for which application threads were stopped: 0.0005100 seconds, Stopping threads took: 0.0000480 seconds
72.894: Application time: 0.0295580 seconds
72.894: [GC [PSYoungGen: 7326K->544K(7680K)] 18651K->12080K(24576K), 0.0004090 secs] [Times: user=0.00 sys=0.00, real=0.00 secs] 
72.895: Total time for which application threads were stopped: 0.0005090 seconds, Stopping threads took: 0.0000500 seconds
72.924: Application time: 0.0294230 seconds
72.924: [GC [PSYoungGen: 7198K->288K(7680K)] 18735K->12037K(24576K), 0.0003750 secs] [Times: user=0.00 sys=0.00, real=0.00 secs] 
72.925: Total time for which application threads were stopped: 0.0004780 seconds, Stopping threads took: 0.0000510 seconds
72.954: Application time: 0.0295450 seconds
72.954: [GC [PSYoungGen: 6942K->0K(7680K)] 18692K->11965K(24576K), 0.0003490 secs] [Times: user=0.00 sys=0.00, real=0.00 secs] 
72.955: Total time for which application threads were stopped: 0.0004520 seconds, Stopping threads took: 0.0000510 seconds
72.984: Application time: 0.0293490 seconds
72.984: [GC [PSYoungGen: 6654K->0K(7680K)] 18620K->11965K(24576K), 0.0003280 secs] [Times: user=0.00 sys=0.00, real=0.00 secs] 
72.984: Total time for which application threads were stopped: 0.0004300 seconds, Stopping threads took: 0.0000520 seconds
73.014: Application time: 0.0292810 seconds
73.014: [GC [PSYoungGen: 6654K->0K(7680K)] 18620K->11965K(24576K), 0.0002930 secs] [Times: user=0.00 sys=0.00, real=0.00 secs] 
73.014: Total time for which application threads were stopped: 0.0004010 seconds, Stopping threads took: 0.0000580 seconds
73.034: Application time: 0.0202970 seconds
73.034: [GC [PSYoungGen: 6652K->384K(7680K)] 18618K->12349K(24576K), 0.0003240 secs] [Times: user=0.00 sys=0.00, real=0.00 secs] 
73.035: Total time for which application threads were stopped: 0.0004240 seconds, Stopping threads took: 0.0000500 seconds
73.055: Application time: 0.0205830 seconds
73.055: [GC [PSYoungGen: 7038K->352K(7680K)] 19003K->12317K(24576K), 0.0003110 secs] [Times: user=0.01 sys=0.00, real=0.00 secs] 
73.056: Total time for which application threads were stopped: 0.0004040 seconds, Stopping threads took: 0.0000450 seconds
73.080: Application time: 0.0239800 seconds
73.080: [GC [PSYoungGen: 7004K->544K(7680K)] 18969K->12509K(24576K), 0.0003570 secs] [Times: user=0.00 sys=0.00, real=0.00 secs] 
73.080: Total time for which application threads were stopped: 0.0004460 seconds, Stopping threads took: 0.0000380 seconds
73.100: Application time: 0.0200840 seconds
73.100: [GC [PSYoungGen: 7199K->512K(7680K)] 19164K->12477K(24576K), 0.0003650 secs] [Times: user=0.00 sys=0.00, real=0.00 secs] 
73.101: Total time for which application threads were stopped: 0.0004600 seconds, Stopping threads took: 0.0000420 seconds
73.123: Application time: 0.0217550 seconds
73.123: [GC [PSYoungGen: 7165K->512K(7680K)] 19130K->12477K(24576K), 0.0003850 secs] [Times: user=0.00 sys=0.00, real=0.00 secs] 
73.123: Total time for which application threads were stopped: 0.0004880 seconds, Stopping threads took: 0.0000520 seconds
73.151: Application time: 0.0281050 seconds
73.151: [GC [PSYoungGen: 7166K->544K(7680K)] 19131K->12509K(24576K), 0.0003580 secs] [Times: user=0.00 sys=0.00, real=0.00 secs] 
73.152: Total time for which application threads were stopped: 0.0004570 seconds, Stopping threads took: 0.0000480 seconds
73.180: Application time: 0.0281870 seconds
73.180: [GC [PSYoungGen: 7197K->544K(7680K)] 19162K->12509K(24576K), 0.0003970 secs] [Times: user=0.00 sys=0.00, real=0.00 secs] 
73.180: Total time for which application threads were stopped: 0.0004940 seconds, Stopping threads took: 0.0000460 seconds
73.209: Application time: 0.0292000 seconds
73.210: [GC [PSYoungGen: 7198K->448K(7680K)] 19164K->12413K(24576K), 0.0003600 secs] [Times: user=0.00 sys=0.00, real=0.00 secs] 
73.210: Total time for which application threads were stopped: 0.0004540 seconds, Stopping threads took: 0.0000450 seconds
73.239: Application time: 0.0290910 seconds
73.239: [GC [PSYoungGen: 7102K->640K(7680K)] 19068K->12605K(24576K), 0.0003710 secs] [Times: user=0.01 sys=0.00, real=0.00 secs] 
73.239: Total time for which application threads were stopped: 0.0004790 seconds, Stopping threads took: 0.0000450 seconds
73.269: Application time: 0.0290460 seconds
73.269: [GC [PSYoungGen: 7294K->512K(7680K)] 19260K->12477K(24576K), 0.0003790 secs] [Times: user=0.00 sys=0.00, real=0.00 secs] 
73.269: Total time for which application threads were stopped: 0.0004780 seconds, Stopping threads took: 0.0000490 seconds
73.298: Application time: 0.0290410 seconds
73.298: [GC [PSYoungGen: 7166K->480K(7680K)] 19132K->12445K(24576K), 0.0003420 secs] [Times: user=0.00 sys=0.00, real=0.00 secs] 
73.298: Total time for which application threads were stopped: 0.0004240 seconds, Stopping threads took: 0.0000330 seconds
73.319: Application time: 0.0208640 seconds
73.319: [GC [PSYoungGen: 7132K->736K(7680K)] 19097K->12701K(24576K), 0.0003700 secs] [Times: user=0.00 sys=0.00, real=0.00 secs] 
73.320: Total time for which application threads were stopped: 0.0004710 seconds, Stopping threads took: 0.0000510 seconds
73.341: Application time: 0.0211470 seconds
73.341: [GC [PSYoungGen: 7389K->640K(7680K)] 19354K->12605K(24576K), 0.0004000 secs] [Times: user=0.00 sys=0.00, real=0.00 secs] 
73.341: Total time for which application threads were stopped: 0.0004980 seconds, Stopping threads took: 0.0000470 seconds
73.367: Application time: 0.0254150 seconds
73.367: [GC [PSYoungGen: 7291K->704K(7680K)] 19257K->12669K(24576K), 0.0004060 secs] [Times: user=0.00 sys=0.00, real=0.00 secs] 
73.367: Total time for which application threads were stopped: 0.0005170 seconds, Stopping threads took: 0.0000600 seconds
73.396: Application time: 0.0287540 seconds
73.396: [GC [PSYoungGen: 7356K->704K(7680K)] 19321K->12669K(24576K), 0.0003570 secs] [Times: user=0.00 sys=0.00, real=0.00 secs] 
73.397: Total time for which application threads were stopped: 0.0004410 seconds, Stopping threads took: 0.0000340 seconds
73.424: Application time: 0.0276600 seconds
73.424: [GC [PSYoungGen: 7358K->768K(7680K)] 19324K->12733K(24576K), 0.0003540 secs] [Times: user=0.00 sys=0.00, real=0.00 secs] 
73.425: Total time for which application threads were stopped: 0.0004570 seconds, Stopping threads took: 0.0000490 seconds
73.449: Application time: 0.0241370 seconds
73.449: [GC [PSYoungGen: 7422K->960K(7680K)] 19388K->13053K(24576K), 0.0004590 secs] [Times: user=0.01 sys=0.00, real=0.00 secs] 
73.449: Total time for which application threads were stopped: 0.0005930 seconds, Stopping threads took: 0.0000740 seconds
73.470: Application time: 0.0205710 seconds
73.470: [GC [PSYoungGen: 7611K->832K(7680K)] 19705K->12925K(24576K), 0.0003780 secs] [Times: user=0.00 sys=0.00, real=0.00 secs] 
73.470: Total time for which application threads were stopped: 0.0004830 seconds, Stopping threads took: 0.0000500 seconds
73.485: Application time: 0.0147340 seconds
73.485: [GC [PSYoungGen: 7487K->992K(7680K)] 19580K->13125K(24576K), 0.0004370 secs] [Times: user=0.00 sys=0.00, real=0.00 secs] 
73.486: Total time for which application threads were stopped: 0.0005270 seconds, Stopping threads took: 0.0000320 seconds
73.506: Application time: 0.0205050 seconds
73.506: [GC [PSYoungGen: 7644K->992K(7680K)] 19778K->13261K(24576K), 0.0004530 secs] [Times: user=0.00 sys=0.00, real=0.01 secs] 
73.507: Total time for which application threads were stopped: 0.0005700 seconds, Stopping threads took: 0.0000590 seconds
73.529: Application time: 0.0226350 seconds
73.530: [GC [PSYoungGen: 7647K->992K(7680K)] 19917K->13277K(24576K), 0.0004360 secs] [Times: user=0.00 sys=0.00, real=0.00 secs] 
73.530: Total time for which application threads were stopped: 0.0005430 seconds, Stopping threads took: 0.0000520 seconds
73.559: Application time: 0.0286520 seconds
73.563: [GC [PSYoungGen: 7646K->1008K(7680K)] 19931K->13325K(24576K), 0.0004690 secs] [Times: user=0.00 sys=0.00, real=0.00 secs] 
73.563: Total time for which application threads were stopped: 0.0046440 seconds, Stopping threads took: 0.0041240 seconds
73.590: Application time: 0.0271580 seconds
73.591: [GC [PSYoungGen: 7663K->992K(7680K)] 19981K->13381K(24576K), 0.0004530 secs] [Times: user=0.00 sys=0.00, real=0.00 secs] 
73.591: Total time for which application threads were stopped: 0.0005440 seconds, Stopping threads took: 0.0000380 seconds
73.621: Application time: 0.0298080 seconds
73.621: [GC [PSYoungGen: 7644K->1008K(7680K)] 20033K->13405K(24576K), 0.0005050 secs] [Times: user=0.00 sys=0.00, real=0.00 secs] 
73.621: Total time for which application threads were stopped: 0.0006150 seconds, Stopping threads took: 0.0000510 seconds
73.651: Application time: 0.0296300 seconds
73.651: [GC [PSYoungGen: 7662K->1008K(7680K)] 20060K->13437K(24576K), 0.0004390 secs] [Times: user=0.00 sys=0.00, real=0.00 secs] 
73.652: Total time for which application threads were stopped: 0.0005630 seconds, Stopping threads took: 0.0000670 seconds
73.681: Application time: 0.0295010 seconds
73.681: [GC [PSYoungGen: 7662K->992K(7680K)] 20092K->13441K(24576K), 0.0004650 secs] [Times: user=0.00 sys=0.00, real=0.00 secs] 
73.682: Total time for which application threads were stopped: 0.0005600 seconds, Stopping threads took: 0.0000390 seconds
73.711: Application time: 0.0293430 seconds
73.711: [GC [PSYoungGen: 7646K->976K(7680K)] 20096K->13425K(24576K), 0.0003980 secs] [Times: user=0.00 sys=0.00, real=0.00 secs] 
73.712: Total time for which application threads were stopped: 0.0004900 seconds, Stopping threads took: 0.0000420 seconds
73.737: Application time: 0.0257310 seconds
73.737: [GC [PSYoungGen: 7628K->1008K(7680K)] 20077K->13601K(24576K), 0.0004910 secs] [Times: user=0.00 sys=0.00, real=0.00 secs] 
73.738: Total time for which application threads were stopped: 0.0005990 seconds, Stopping threads took: 0.0000550 seconds
73.756: Application time: 0.0179980 seconds
73.756: [GC [PSYoungGen: 7663K->1008K(7680K)] 20256K->14022K(24576K), 0.0005070 secs] [Times: user=0.01 sys=0.00, real=0.00 secs] 
73.756: Total time for which application threads were stopped: 0.0006180 seconds, Stopping threads took: 0.0000460 seconds
73.772: Application time: 0.0160060 seconds
73.773: [GC [PSYoungGen: 7663K->992K(7680K)] 20677K->14262K(24576K), 0.0005030 secs] [Times: user=0.01 sys=0.00, real=0.00 secs] 
73.773: Total time for which application threads were stopped: 0.0006130 seconds, Stopping threads took: 0.0000540 seconds
73.790: Application time: 0.0166890 seconds
73.790: [GC [PSYoungGen: 7647K->1008K(7680K)] 20917K->14590K(24576K), 0.0004970 secs] [Times: user=0.00 sys=0.00, real=0.00 secs] 
73.790: Total time for which application threads were stopped: 0.0006070 seconds, Stopping threads took: 0.0000480 seconds
73.807: Application time: 0.0170380 seconds
73.808: [GC [PSYoungGen: 7663K->1008K(7680K)] 21245K->14734K(24576K), 0.0005070 secs] [Times: user=0.00 sys=0.00, real=0.00 secs] 
73.808: Total time for which application threads were stopped: 0.0006040 seconds, Stopping threads took: 0.0000420 seconds
73.831: Application time: 0.0228320 seconds
73.831: [GC [PSYoungGen: 7661K->992K(7680K)] 21388K->14726K(24576K), 0.0004390 secs] [Times: user=0.01 sys=0.00, real=0.00 secs] 
73.831: Total time for which application threads were stopped: 0.0005320 seconds, Stopping threads took: 0.0000410 seconds
73.858: Application time: 0.0262530 seconds
73.858: [GC [PSYoungGen: 7643K->992K(7680K)] 21378K->14847K(24576K), 0.0004680 secs] [Times: user=0.00 sys=0.00, real=0.00 secs] 
73.858: Total time for which application threads were stopped: 0.0005780 seconds, Stopping threads took: 0.0000570 seconds
73.886: Application time: 0.0279880 seconds
73.886: [GC [PSYoungGen: 7646K->992K(7680K)] 21501K->15060K(24576K), 0.0004810 secs] [Times: user=0.00 sys=0.00, real=0.01 secs] 
73.887: Total time for which application threads were stopped: 0.0005830 seconds, Stopping threads took: 0.0000480 seconds
73.913: Application time: 0.0263830 seconds
73.913: [GC [PSYoungGen: 7644K->1008K(7680K)] 21712K->15292K(24576K), 0.0004770 secs] [Times: user=0.00 sys=0.00, real=0.00 secs] 
73.914: Total time for which application threads were stopped: 0.0005900 seconds, Stopping threads took: 0.0000570 seconds
73.941: Application time: 0.0274290 seconds
73.941: [GC [PSYoungGen: 7662K->992K(7680K)] 21946K->15468K(24576K), 0.0004760 secs] [Times: user=0.00 sys=0.00, real=0.00 secs] 
73.942: Total time for which application threads were stopped: 0.0005730 seconds, Stopping threads took: 0.0000440 seconds
73.971: Application time: 0.0289620 seconds
73.971: [GC [PSYoungGen: 7646K->992K(7680K)] 22122K->15500K(24576K), 0.0004330 secs] [Times: user=0.00 sys=0.00, real=0.00 secs] 
73.971: Total time for which application threads were stopped: 0.0005380 seconds, Stopping threads took: 0.0000520 seconds
74.000: Application time: 0.0289590 seconds
74.000: [GC [PSYoungGen: 7646K->992K(7680K)] 22154K->15500K(24576K), 0.0004550 secs] [Times: user=0.01 sys=0.00, real=0.00 secs] 
74.001: Total time for which application threads were stopped: 0.0005590 seconds, Stopping threads took: 0.0000540 seconds
74.030: Application time: 0.0290660 seconds
74.030: [GC [PSYoungGen: 7646K->992K(7680K)] 22154K->15500K(24576K), 0.0004570 secs] [Times: user=0.00 sys=0.00, real=0.00 secs] 
74.030: Total time for which application threads were stopped: 0.0005730 seconds, Stopping threads took: 0.0000640 seconds
74.060: Application time: 0.0291260 seconds
74.060: [GC [PSYoungGen: 7646K->992K(7680K)] 22154K->15516K(24576K), 0.0004180 secs] [Times: user=0.00 sys=0.00, real=0.00 secs] 
74.060: Total time for which application threads were stopped: 0.0005100 seconds, Stopping threads took: 0.0000410 seconds
74.089: Application time: 0.0291460 seconds
74.089: [GC [PSYoungGen: 7646K->960K(7680K)] 22170K->15484K(24576K), 0.0004030 secs] [Times: user=0.00 sys=0.00, real=0.00 secs] 
74.090: Total time for which application threads were stopped: 0.0005090 seconds, Stopping threads took: 0.0000540 seconds
74.119: Application time: 0.0293280 seconds
74.119: [GC [PSYoungGen: 7612K->992K(7680K)] 22136K->15524K(24576K), 0.0004010 secs] [Times: user=0.00 sys=0.00, real=0.00 secs] 
74.120: Total time for which application threads were stopped: 0.0005080 seconds, Stopping threads took: 0.0000550 seconds
74.149: Application time: 0.0292240 seconds
74.149: [GC [PSYoungGen: 7646K->960K(7680K)] 22178K->15536K(24576K), 0.0004090 secs] [Times: user=0.00 sys=0.00, real=0.00 secs] 
74.149: Total time for which application threads were stopped: 0.0005200 seconds, Stopping threads took: 0.0000580 seconds
74.178: Application time: 0.0289570 seconds
74.178: [GC [PSYoungGen: 7615K->992K(7680K)] 22191K->15624K(24576K), 0.0004430 secs] [Times: user=0.00 sys=0.00, real=0.01 secs] 
74.179: Total time for which application threads were stopped: 0.0005520 seconds, Stopping threads took: 0.0000560 seconds
74.205: Application time: 0.0261010 seconds
74.205: [GC [PSYoungGen: 7644K->960K(7680K)] 22276K->15768K(24576K), 0.0004430 secs] [Times: user=0.00 sys=0.00, real=0.00 secs] 
74.206: Total time for which application threads were stopped: 0.0005450 seconds, Stopping threads took: 0.0000500 seconds
74.233: Application time: 0.0275360 seconds
74.233: [GC [PSYoungGen: 7614K->992K(7680K)] 22422K->15832K(24576K), 0.0004440 secs] [Times: user=0.00 sys=0.00, real=0.00 secs] 
74.234: Total time for which application threads were stopped: 0.0005490 seconds, Stopping threads took: 0.0000510 seconds
74.263: Application time: 0.0292730 seconds
74.263: [GC [PSYoungGen: 7646K->960K(7680K)] 22486K->15800K(24576K), 0.0004190 secs] [Times: user=0.00 sys=0.00, real=0.00 secs] 
74.263: Total time for which application threads were stopped: 0.0005220 seconds, Stopping threads took: 0.0000450 seconds
74.293: Application time: 0.0293690 seconds
74.293: [GC [PSYoungGen: 7614K->832K(7680K)] 22454K->15872K(24576K), 0.0004220 secs] [Times: user=0.01 sys=0.00, real=0.00 secs] 
74.293: Total time for which application threads were stopped: 0.0005130 seconds, Stopping threads took: 0.0000380 seconds
74.323: Application time: 0.0297590 seconds
74.323: [GC [PSYoungGen: 7486K->800K(7680K)] 22526K->15864K(24576K), 0.0003680 secs] [Times: user=0.01 sys=0.00, real=0.00 secs] 
74.324: Total time for which application threads were stopped: 0.0004680 seconds, Stopping threads took: 0.0000480 seconds
74.353: Application time: 0.0297600 seconds
74.353: [GC [PSYoungGen: 7454K->704K(7680K)] 22518K->15816K(24576K), 0.0004380 secs] [Times: user=0.01 sys=0.00, real=0.00 secs] 
74.354: Total time for which application threads were stopped: 0.0005420 seconds, Stopping threads took: 0.0000520 seconds
74.383: Application time: 0.0296260 seconds
74.384: [GC [PSYoungGen: 7358K->576K(7680K)] 22470K->15904K(24576K), 0.0004110 secs] [Times: user=0.00 sys=0.00, real=0.00 secs] 
74.384: Total time for which application threads were stopped: 0.0005190 seconds, Stopping threads took: 0.0000560 seconds
74.413: Application time: 0.0294760 seconds
74.414: [GC [PSYoungGen: 7230K->544K(7680K)] 22558K->15872K(24576K), 0.0003620 secs] [Times: user=0.00 sys=0.00, real=0.00 secs] 
74.414: Total time for which application threads were stopped: 0.0004690 seconds, Stopping threads took: 0.0000550 seconds
74.443: Application time: 0.0295240 seconds
74.444: [GC [PSYoungGen: 7198K->544K(7680K)] 22526K->15872K(24576K), 0.0003620 secs] [Times: user=0.00 sys=0.00, real=0.00 secs] 
74.444: Total time for which application threads were stopped: 0.0004550 seconds, Stopping threads took: 0.0000460 seconds
74.473: Application time: 0.0295670 seconds
74.474: [GC [PSYoungGen: 7198K->576K(7680K)] 22526K->15904K(24576K), 0.0003580 secs] [Times: user=0.01 sys=0.00, real=0.00 secs] 
74.474: Total time for which application threads were stopped: 0.0004600 seconds, Stopping threads took: 0.0000510 seconds
74.503: Application time: 0.0295300 seconds
74.504: [GC [PSYoungGen: 7230K->576K(7680K)] 22558K->15904K(24576K), 0.0003570 secs] [Times: user=0.00 sys=0.00, real=0.00 secs] 
74.504: Total time for which application threads were stopped: 0.0004390 seconds, Stopping threads took: 0.0000350 seconds
74.534: Application time: 0.0304300 seconds
74.534: [GC [PSYoungGen: 7230K->512K(7680K)] 22558K->15840K(24576K), 0.0003920 secs] [Times: user=0.01 sys=0.00, real=0.00 secs] 
74.535: Total time for which application threads were stopped: 0.0004950 seconds, Stopping threads took: 0.0000520 seconds
74.564: Application time: 0.0296200 seconds
74.565: [GC [PSYoungGen: 7166K->608K(7680K)] 22494K->15936K(24576K), 0.0003950 secs] [Times: user=0.00 sys=0.00, real=0.00 secs] 
74.565: Total time for which application threads were stopped: 0.0004820 seconds, Stopping threads took: 0.0000400 seconds
74.595: Application time: 0.0296000 seconds
74.595: [GC [PSYoungGen: 7262K->576K(7680K)] 22590K->15904K(24576K), 0.0003580 secs] [Times: user=0.00 sys=0.00, real=0.00 secs] 
74.595: Total time for which application threads were stopped: 0.0004490 seconds, Stopping threads took: 0.0000420 seconds
74.625: Application time: 0.0299430 seconds
74.625: [GC [PSYoungGen: 7230K->576K(7680K)] 22558K->15904K(24576K), 0.0004170 secs] [Times: user=0.00 sys=0.00, real=0.00 secs] 
74.625: Total time for which application threads were stopped: 0.0005260 seconds, Stopping threads took: 0.0000510 seconds
74.655: Application time: 0.0298330 seconds
74.655: [GC [PSYoungGen: 7230K->256K(7680K)] 22558K->15857K(24576K), 0.0004070 secs] [Times: user=0.00 sys=0.00, real=0.00 secs] 
74.656: Total time for which application threads were stopped: 0.0005000 seconds, Stopping threads took: 0.0000420 seconds
74.685: Application time: 0.0295050 seconds
74.685: [GC [PSYoungGen: 6910K->0K(7680K)] 22511K->15829K(24576K), 0.0003510 secs] [Times: user=0.00 sys=0.00, real=0.00 secs] 
74.686: Total time for which application threads were stopped: 0.0004690 seconds, Stopping threads took: 0.0000660 seconds
74.715: Application time: 0.0293890 seconds
74.715: [GC [PSYoungGen: 6654K->0K(7680K)] 22484K->15829K(24576K), 0.0003010 secs] [Times: user=0.00 sys=0.00, real=0.00 secs] 
74.716: Total time for which application threads were stopped: 0.0003830 seconds, Stopping threads took: 0.0000340 seconds
74.745: Application time: 0.0293110 seconds
74.745: [GC [PSYoungGen: 6654K->0K(7680K)] 22484K->15829K(24576K), 0.0003030 secs] [Times: user=0.00 sys=0.00, real=0.00 secs] 
74.745: Total time for which application threads were stopped: 0.0004000 seconds, Stopping threads took: 0.0000510 seconds
74.773: Application time: 0.0278180 seconds
74.773: [GC [PSYoungGen: 6654K->352K(7680K)] 22484K->16181K(24576K), 0.0003470 secs] [Times: user=0.00 sys=0.00, real=0.00 secs] 
74.774: Total time for which application threads were stopped: 0.0004430 seconds, Stopping threads took: 0.0000400 seconds
74.793: Application time: 0.0191410 seconds
74.793: [GC [PSYoungGen: 7005K->512K(7680K)] 22834K->16341K(24576K), 0.0003660 secs] [Times: user=0.00 sys=0.00, real=0.00 secs] 
74.793: Total time for which application threads were stopped: 0.0004550 seconds, Stopping threads took: 0.0000380 seconds
74.809: Application time: 0.0159990 seconds
74.809: [GC [PSYoungGen: 7164K->512K(7680K)] 22994K->16341K(24576K), 0.0003980 secs] [Times: user=0.00 sys=0.00, real=0.00 secs] 
74.810: Total time for which application threads were stopped: 0.0004940 seconds, Stopping threads took: 0.0000440 seconds
74.828: Application time: 0.0187200 seconds
74.828: [GC [PSYoungGen: 7164K->512K(7680K)] 22994K->16341K(24576K), 0.0003450 secs] [Times: user=0.00 sys=0.00, real=0.00 secs] 
74.829: Total time for which application threads were stopped: 0.0004400 seconds, Stopping threads took: 0.0000450 seconds
74.854: Application time: 0.0251140 seconds
74.855: [GC [PSYoungGen: 7163K->576K(7680K)] 22993K->16405K(24576K), 0.0003660 secs] [Times: user=0.00 sys=0.00, real=0.00 secs] 
74.855: Total time for which application threads were stopped: 0.0013040 seconds, Stopping threads took: 0.0008840 seconds
74.883: Application time: 0.0278980 seconds
74.883: [GC [PSYoungGen: 7228K->576K(7680K)] 23057K->16405K(24576K), 0.0003570 secs] [Times: user=0.00 sys=0.00, real=0.00 secs] 
74.884: Total time for which application threads were stopped: 0.0004670 seconds, Stopping threads took: 0.0000600 seconds
74.912: Application time: 0.0281360 seconds
74.912: [GC [PSYoungGen: 7230K->576K(7680K)] 23059K->16405K(24576K), 0.0003600 secs] [Times: user=0.00 sys=0.00, real=0.00 secs] 
74.912: Total time for which application threads were stopped: 0.0004560 seconds, Stopping threads took: 0.0000430 seconds
74.941: Application time: 0.0292540 seconds
74.941: [GC [PSYoungGen: 7230K->448K(7680K)] 23060K->16277K(24576K), 0.0004410 secs] [Times: user=0.00 sys=0.00, real=0.00 secs] 
74.942: Total time for which application threads were stopped: 0.0005270 seconds, Stopping threads took: 0.0000360 seconds
74.971: Application time: 0.0291470 seconds
74.971: [GC [PSYoungGen: 7102K->544K(7680K)] 22932K->16373K(24576K), 0.0003500 secs] [Times: user=0.00 sys=0.00, real=0.00 secs] 
74.972: Total time for which application threads were stopped: 0.0004490 seconds, Stopping threads took: 0.0000480 seconds
75.001: Application time: 0.0294890 seconds
75.001: [GC [PSYoungGen: 7198K->640K(7680K)] 23028K->16469K(24576K), 0.0003670 secs] [Times: user=0.01 sys=0.00, real=0.00 secs] 
75.002: Total time for which application threads were stopped: 0.0004690 seconds, Stopping threads took: 0.0000520 seconds
75.027: Application time: 0.0250670 seconds
75.027: [GC [PSYoungGen: 7292K->800K(7680K)] 23121K->16629K(24576K), 0.0003980 secs] [Times: user=0.00 sys=0.00, real=0.01 secs] 
75.027: Total time for which application threads were stopped: 0.0004960 seconds, Stopping threads took: 0.0000460 seconds
75.047: Application time: 0.0204150 seconds
75.048: [GC [PSYoungGen: 7452K->672K(7680K)] 23282K->16501K(24576K), 0.0004340 secs] [Times: user=0.00 sys=0.00, real=0.00 secs] 
75.048: Total time for which application threads were stopped: 0.0005330 seconds, Stopping threads took: 0.0000480 seconds
75.071: Application time: 0.0226250 seconds
75.071: [GC [PSYoungGen: 7328K->896K(7680K)] 23157K->16725K(24576K), 0.0004460 secs] [Times: user=0.00 sys=0.00, real=0.00 secs] 
75.071: Total time for which application threads were stopped: 0.0005360 seconds, Stopping threads took: 0.0000390 seconds
75.100: Application time: 0.0291950 seconds
75.100: [GC [PSYoungGen: 7548K->672K(7680K)] 23378K->16501K(24576K), 0.0003720 secs] [Times: user=0.00 sys=0.00, real=0.00 secs] 
75.101: Total time for which application threads were stopped: 0.0004790 seconds, Stopping threads took: 0.0000560 seconds
75.129: Application time: 0.0282850 seconds
75.129: [GC [PSYoungGen: 7326K->608K(7680K)] 23155K->16437K(24576K), 0.0004120 secs] [Times: user=0.00 sys=0.01, real=0.00 secs] 
75.130: Total time for which application threads were stopped: 0.0005270 seconds, Stopping threads took: 0.0000620 seconds
75.158: Application time: 0.0282340 seconds
75.158: [GC [PSYoungGen: 7263K->832K(7680K)] 23093K->16661K(24576K), 0.0004030 secs] [Times: user=0.00 sys=0.00, real=0.00 secs] 
75.158: Total time for which application threads were stopped: 0.0004970 seconds, Stopping threads took: 0.0000410 seconds
75.187: Application time: 0.0290240 seconds
75.188: [GC [PSYoungGen: 7486K->704K(7680K)] 23316K->16533K(24576K), 0.0003740 secs] [Times: user=0.00 sys=0.00, real=0.00 secs] 
75.188: Total time for which application threads were stopped: 0.0004690 seconds, Stopping threads took: 0.0000460 seconds
75.209: Application time: 0.0212010 seconds
75.209: [GC [PSYoungGen: 7356K->992K(7680K)] 23186K->16829K(24576K), 0.0004110 secs] [Times: user=0.00 sys=0.00, real=0.00 secs] 
75.210: Total time for which application threads were stopped: 0.0005150 seconds, Stopping threads took: 0.0000540 seconds
75.229: Application time: 0.0190580 seconds
75.229: [GC [PSYoungGen: 7644K->992K(7680K)] 23482K->16989K(24576K), 0.0004680 secs] [Times: user=0.01 sys=0.00, real=0.00 secs] 
75.229: Total time for which application threads were stopped: 0.0005710 seconds, Stopping threads took: 0.0000500 seconds
75.246: Application time: 0.0163120 seconds
75.247: [GC [PSYoungGen: 7644K->992K(7680K)] 23642K->16997K(24576K), 0.0005320 secs] [Times: user=0.00 sys=0.00, real=0.00 secs] 
75.247: Total time for which application threads were stopped: 0.0017780 seconds, Stopping threads took: 0.0011860 seconds
75.268: Application time: 0.0205710 seconds
75.268: [GC [PSYoungGen: 7644K->992K(7680K)] 23650K->17141K(24576K), 0.0006600 secs] [Times: user=0.00 sys=0.00, real=0.00 secs] 
75.269: Total time for which application threads were stopped: 0.0007590 seconds, Stopping threads took: 0.0000430 seconds
75.294: Application time: 0.0252400 seconds
75.294: [GC [PSYoungGen: 7644K->992K(7680K)] 23793K->17358K(24576K), 0.0004660 secs] [Times: user=0.00 sys=0.00, real=0.00 secs] 
75.295: Total time for which application threads were stopped: 0.0005810 seconds, Stopping threads took: 0.0000380 seconds
75.322: Application time: 0.0278840 seconds
75.322: [GC [PSYoungGen: 7643K->992K(7680K)] 24010K->17542K(24576K), 0.0004930 secs] [Times: user=0.00 sys=0.00, real=0.00 secs] 
75.323: Total time for which application threads were stopped: 0.0005940 seconds, Stopping threads took: 0.0000450 seconds
75.351: Application time: 0.0283480 seconds
75.351: [GC [PSYoungGen: 7646K->992K(7680K)] 24196K->17670K(24576K), 0.0004850 secs] [Times: user=0.00 sys=0.00, real=0.00 secs] 
75.352: [Full GC [PSYoungGen: 992K->0K(7680K)] [ParOldGen: 16678K->3735K(16896K)] 17670K->3735K(24576K) [PSPermGen: 5539K->5539K(21504K)], 0.0062300 secs] [Times: user=0.03 sys=0.00, real=0.00 secs] 
75.358: Total time for which application threads were stopped: 0.0068570 seconds, Stopping threads took: 0.0000420 seconds
75.387: Application time: 0.0291930 seconds
75.387: [GC [PSYoungGen: 6654K->0K(7680K)] 10390K->3735K(24576K), 0.0003360 secs] [Times: user=0.00 sys=0.00, real=0.00 secs] 
75.388: Total time for which application threads were stopped: 0.0004250 seconds, Stopping threads took: 0.0000340 seconds
75.417: Application time: 0.0289680 seconds
75.417: [GC [PSYoungGen: 6654K->0K(7680K)] 10390K->3735K(24576K), 0.0002720 secs] [Times: user=0.00 sys=0.00, real=0.00 secs] 
75.417: Total time for which application threads were stopped: 0.0003610 seconds, Stopping threads took: 0.0000410 seconds
75.446: Application time: 0.0288760 seconds
75.446: [GC [PSYoungGen: 6654K->0K(7680K)] 10390K->3735K(24576K), 0.0002790 secs] [Times: user=0.00 sys=0.00, real=0.00 secs] 
75.446: Total time for which application threads were stopped: 0.0003800 seconds, Stopping threads took: 0.0000480 seconds
75.474: Application time: 0.0278900 seconds
75.474: [GC [PSYoungGen: 6654K->320K(7680K)] 10390K->4055K(24576K), 0.0003300 secs] [Times: user=0.00 sys=0.00, real=0.00 secs] 
75.475: Total time for which application threads were stopped: 0.0004230 seconds, Stopping threads took: 0.0000450 seconds
75.492: Application time: 0.0177560 seconds
75.493: Total time for which application threads were stopped: 0.0000610 seconds, Stopping threads took: 0.0000440 seconds
75.493: Application time: 0.0000410 seconds
75.493: [GC [PSYoungGen: 6915K->768K(7680K)] 10779K->4632K(24576K), 0.0004370 secs] [Times: user=0.00 sys=0.00, real=0.00 secs] 
75.493: Total time for which application threads were stopped: 0.0005210 seconds, Stopping threads took: 0.0000390 seconds
75.509: Application time: 0.0163740 seconds
75.510: [GC [PSYoungGen: 7420K->608K(7680K)] 11569K->4756K(24576K), 0.0004380 secs] [Times: user=0.01 sys=0.00, real=0.00 secs] 
75.510: Total time for which application threads were stopped: 0.0005270 seconds, Stopping threads took: 0.0000380 seconds
75.526: Application time: 0.0164340 seconds
75.527: [GC [PSYoungGen: 7262K->608K(7680K)] 11410K->4756K(24576K), 0.0003700 secs] [Times: user=0.00 sys=0.00, real=0.01 secs] 
75.527: Total time for which application threads were stopped: 0.0004760 seconds, Stopping threads took: 0.0000540 seconds
75.548: Application time: 0.0209920 seconds
75.548: [GC [PSYoungGen: 7263K->992K(7680K)] 11411K->5140K(24576K), 0.0004570 secs] [Times: user=0.00 sys=0.00, real=0.00 secs] 
75.548: Total time for which application threads were stopped: 0.0005480 seconds, Stopping threads took: 0.0000400 seconds
75.568: Application time: 0.0200160 seconds
75.571: [GC [PSYoungGen: 7644K->944K(7680K)] 11792K->5092K(24576K), 0.0004150 secs] [Times: user=0.00 sys=0.00, real=0.00 secs] 
75.571: Total time for which application threads were stopped: 0.0027680 seconds, Stopping threads took: 0.0022960 seconds
75.594: Application time: 0.0223270 seconds
75.594: [GC [PSYoungGen: 7595K->992K(7680K)] 11744K->5140K(24576K), 0.0004130 secs] [Times: user=0.00 sys=0.00, real=0.00 secs] 
75.594: Total time for which application threads were stopped: 0.0005190 seconds, Stopping threads took: 0.0000540 seconds
75.621: Application time: 0.0269090 seconds
75.621: [GC [PSYoungGen: 7647K->992K(7680K)] 11796K->5148K(24576K), 0.0005230 secs] [Times: user=0.00 sys=0.00, real=0.00 secs] 
75.622: Total time for which application threads were stopped: 0.0006350 seconds, Stopping threads took: 0.0000510 seconds
75.648: Application time: 0.0268120 seconds
75.649: [GC [PSYoungGen: 7646K->1008K(7680K)] 11802K->5324K(24576K), 0.0004520 secs] [Times: user=0.01 sys=0.00, real=0.00 secs] 
75.649: Total time for which application threads were stopped: 0.0005610 seconds, Stopping threads took: 0.0000500 seconds
75.675: Application time: 0.0263230 seconds
75.675: [GC [PSYoungGen: 7663K->1008K(7680K)] 11980K->5460K(24576K), 0.0005130 secs] [Times: user=0.00 sys=0.00, real=0.00 secs] 
75.676: Total time for which application threads were stopped: 0.0006120 seconds, Stopping threads took: 0.0000460 seconds
75.705: Application time: 0.0290660 seconds
75.705: [GC [PSYoungGen: 7660K->960K(7680K)] 12112K->5540K(24576K), 0.0004170 secs] [Times: user=0.00 sys=0.00, real=0.00 secs] 
75.706: Total time for which application threads were stopped: 0.0005120 seconds, Stopping threads took: 0.0000430 seconds
75.735: Application time: 0.0290990 seconds
75.739: [GC [PSYoungGen: 7614K->928K(7680K)] 12195K->5508K(24576K), 0.0004270 secs] [Times: user=0.01 sys=0.00, real=0.00 secs] 
75.740: Total time for which application threads were stopped: 0.0057150 seconds, Stopping threads took: 0.0041410 seconds
75.770: Application time: 0.0293240 seconds
75.770: [GC [PSYoungGen: 7582K->960K(7680K)] 12163K->5540K(24576K), 0.0003910 secs] [Times: user=0.00 sys=0.00, real=0.00 secs] 
75.770: Total time for which application threads were stopped: 0.0005070 seconds, Stopping threads took: 0.0000660 seconds
75.800: Application time: 0.0293660 seconds
75.800: [GC [PSYoungGen: 7614K->912K(7680K)] 12195K->5492K(24576K), 0.0004340 secs] [Times: user=0.00 sys=0.00, real=0.00 secs] 
75.800: Total time for which application threads were stopped: 0.0005580 seconds, Stopping threads took: 0.0000640 seconds
75.829: Application time: 0.0291490 seconds
75.829: [GC [PSYoungGen: 7566K->944K(7680K)] 12147K->5524K(24576K), 0.0004020 secs] [Times: user=0.00 sys=0.00, real=0.00 secs] 
75.830: Total time for which application threads were stopped: 0.0005100 seconds, Stopping threads took: 0.0000540 seconds
75.859: Application time: 0.0291080 seconds
75.859: [GC [PSYoungGen: 7598K->944K(7680K)] 12179K->5524K(24576K), 0.0004170 secs] [Times: user=0.00 sys=0.00, real=0.00 secs] 
75.859: Total time for which application threads were stopped: 0.0005190 seconds, Stopping threads took: 0.0000470 seconds
75.889: Application time: 0.0292320 seconds
75.889: [GC [PSYoungGen: 7598K->752K(7680K)] 12179K->5569K(24576K), 0.0004440 secs] [Times: user=0.00 sys=0.00, real=0.00 secs] 
75.889: Total time for which application threads were stopped: 0.0005460 seconds, Stopping threads took: 0.0000520 seconds
75.917: Application time: 0.0280730 seconds
75.917: [GC [PSYoungGen: 7406K->736K(7680K)] 12223K->5601K(24576K), 0.0003850 secs] [Times: user=0.00 sys=0.00, real=0.00 secs] 
75.918: Total time for which application threads were stopped: 0.0004900 seconds, Stopping threads took: 0.0000520 seconds
75.944: Application time: 0.0265910 seconds
75.947: [GC [PSYoungGen: 7391K->736K(7680K)] 12257K->5601K(24576K), 0.0003980 secs] [Times: user=0.00 sys=0.00, real=0.00 secs] 
75.947: Total time for which application threads were stopped: 0.0028780 seconds, Stopping threads took: 0.0024300 seconds
75.977: Application time: 0.0301870 seconds
75.977: [GC [PSYoungGen: 7390K->800K(7680K)] 12255K->5713K(24576K), 0.0004150 secs] [Times: user=0.01 sys=0.00, real=0.00 secs] 
75.978: Total time for which application threads were stopped: 0.0005160 seconds, Stopping threads took: 0.0000510 seconds
76.006: Application time: 0.0285070 seconds
76.007: [GC [PSYoungGen: 7452K->928K(7680K)] 12365K->5841K(24576K), 0.0004480 secs] [Times: user=0.00 sys=0.00, real=0.01 secs] 
76.007: Total time for which application threads were stopped: 0.0005520 seconds, Stopping threads took: 0.0000530 seconds
76.037: Application time: 0.0295960 seconds
76.037: [GC [PSYoungGen: 7582K->800K(7680K)] 12495K->5713K(24576K), 0.0003800 secs] [Times: user=0.00 sys=0.00, real=0.00 secs] 
76.037: Total time for which application threads were stopped: 0.0004900 seconds, Stopping threads took: 0.0000580 seconds
76.067: Application time: 0.0296010 seconds
76.067: [GC [PSYoungGen: 7454K->768K(7680K)] 12367K->5681K(24576K), 0.0003600 secs] [Times: user=0.00 sys=0.00, real=0.00 secs] 
76.067: Total time for which application threads were stopped: 0.0004700 seconds, Stopping threads took: 0.0000560 seconds
76.097: Application time: 0.0294130 seconds
76.097: [GC [PSYoungGen: 7422K->768K(7680K)] 12335K->5745K(24576K), 0.0003620 secs] [Times: user=0.00 sys=0.00, real=0.00 secs] 
76.097: Total time for which application threads were stopped: 0.0004550 seconds, Stopping threads took: 0.0000440 seconds
76.127: Application time: 0.0296880 seconds
76.127: [GC [PSYoungGen: 7422K->608K(7680K)] 12399K->5665K(24576K), 0.0004190 secs] [Times: user=0.00 sys=0.00, real=0.00 secs] 
76.127: Total time for which application threads were stopped: 0.0005240 seconds, Stopping threads took: 0.0000510 seconds
76.157: Application time: 0.0294110 seconds
76.157: [GC [PSYoungGen: 7262K->736K(7680K)] 12319K->5793K(24576K), 0.0003530 secs] [Times: user=0.00 sys=0.00, real=0.00 secs] 
76.157: Total time for which application threads were stopped: 0.0004530 seconds, Stopping threads took: 0.0000470 seconds
76.187: Application time: 0.0297840 seconds
76.187: [GC [PSYoungGen: 7390K->704K(7680K)] 12447K->5761K(24576K), 0.0003690 secs] [Times: user=0.00 sys=0.00, real=0.00 secs] 
76.187: Total time for which application threads were stopped: 0.0004750 seconds, Stopping threads took: 0.0000500 seconds
76.217: Application time: 0.0296020 seconds
76.217: [GC [PSYoungGen: 7358K->800K(7680K)] 12415K->5857K(24576K), 0.0004000 secs] [Times: user=0.00 sys=0.00, real=0.00 secs] 
76.217: Total time for which application threads were stopped: 0.0005140 seconds, Stopping threads took: 0.0000590 seconds
76.247: Application time: 0.0294430 seconds
76.247: [GC [PSYoungGen: 7454K->672K(7680K)] 12511K->5729K(24576K), 0.0003890 secs] [Times: user=0.00 sys=0.00, real=0.00 secs] 
76.247: Total time for which application threads were stopped: 0.0004890 seconds, Stopping threads took: 0.0000410 seconds
76.278: Application time: 0.0309630 seconds
76.278: [GC [PSYoungGen: 7326K->704K(7680K)] 12383K->5761K(24576K), 0.0003650 secs] [Times: user=0.00 sys=0.00, real=0.01 secs] 
76.279: Total time for which application threads were stopped: 0.0004660 seconds, Stopping threads took: 0.0000480 seconds
76.308: Application time: 0.0295860 seconds
76.309: [GC [PSYoungGen: 7358K->704K(7680K)] 12415K->5761K(24576K), 0.0003310 secs] [Times: user=0.00 sys=0.00, real=0.00 secs] 
76.309: Total time for which application threads were stopped: 0.0004390 seconds, Stopping threads took: 0.0000470 seconds
76.339: Application time: 0.0299210 seconds
76.339: [GC [PSYoungGen: 7358K->672K(7680K)] 12415K->5729K(24576K), 0.0004140 secs] [Times: user=0.00 sys=0.00, real=0.00 secs] 
76.339: Total time for which application threads were stopped: 0.0005120 seconds, Stopping threads took: 0.0000450 seconds
76.369: Application time: 0.0297570 seconds
76.369: [GC [PSYoungGen: 7324K->704K(7680K)] 12381K->5761K(24576K), 0.0003410 secs] [Times: user=0.00 sys=0.00, real=0.00 secs] 
76.370: Total time for which application threads were stopped: 0.0004480 seconds, Stopping threads took: 0.0000570 seconds
76.399: Application time: 0.0299630 seconds
76.400: [GC [PSYoungGen: 7358K->320K(7680K)] 12415K->5797K(24576K), 0.0003670 secs] [Times: user=0.00 sys=0.00, real=0.00 secs] 
76.400: Total time for which application threads were stopped: 0.0004620 seconds, Stopping threads took: 0.0000440 seconds
76.429: Application time: 0.0294260 seconds
76.429: [GC [PSYoungGen: 6974K->352K(7680K)] 12452K->5837K(24576K), 0.0003060 secs] [Times: user=0.00 sys=0.00, real=0.00 secs] 
76.430: Total time for which application threads were stopped: 0.0004050 seconds, Stopping threads took: 0.0000480 seconds
76.459: Application time: 0.0293980 seconds
76.459: [GC [PSYoungGen: 7006K->0K(7680K)] 12492K->5701K(24576K), 0.0003340 secs] [Times: user=0.00 sys=0.00, real=0.00 secs] 
76.460: Total time for which application threads were stopped: 0.0004460 seconds, Stopping threads took: 0.0000590 seconds
76.489: Application time: 0.0295630 seconds
76.489: [GC [PSYoungGen: 6652K->0K(7680K)] 12354K->5701K(24576K), 0.0002960 secs] [Times: user=0.00 sys=0.00, real=0.00 secs] 
76.490: Total time for which application threads were stopped: 0.0003970 seconds, Stopping threads took: 0.0000490 seconds
76.515: Application time: 0.0258820 seconds
76.516: [GC [PSYoungGen: 6652K->352K(7680K)] 12353K->6053K(24576K), 0.0003120 secs] [Times: user=0.00 sys=0.00, real=0.00 secs] 
76.516: Total time for which application threads were stopped: 0.0003860 seconds, Stopping threads took: 0.0000260 seconds
76.533: Application time: 0.0169560 seconds
76.533: [GC [PSYoungGen: 7007K->416K(7680K)] 12708K->6117K(24576K), 0.0003170 secs] [Times: user=0.00 sys=0.00, real=0.00 secs] 
76.533: Total time for which application threads were stopped: 0.0004170 seconds, Stopping threads took: 0.0000480 seconds
76.549: Application time: 0.0160900 seconds
76.549: [GC [PSYoungGen: 7070K->480K(7680K)] 12772K->6181K(24576K), 0.0003430 secs] [Times: user=0.00 sys=0.00, real=0.00 secs] 
76.550: Total time for which application threads were stopped: 0.0004480 seconds, Stopping threads took: 0.0000540 seconds
76.569: Application time: 0.0189830 seconds
76.569: [GC [PSYoungGen: 7132K->544K(7680K)] 12834K->6245K(24576K), 0.0003290 secs] [Times: user=0.00 sys=0.00, real=0.00 secs] 
76.569: Total time for which application threads were stopped: 0.0004290 seconds, Stopping threads took: 0.0000500 seconds
76.598: Application time: 0.0285520 seconds
76.598: [GC [PSYoungGen: 7198K->448K(7680K)] 12900K->6149K(24576K), 0.0003790 secs] [Times: user=0.00 sys=0.00, real=0.00 secs] 
76.598: Total time for which application threads were stopped: 0.0004710 seconds, Stopping threads took: 0.0000420 seconds
76.626: Application time: 0.0281630 seconds
76.627: [GC [PSYoungGen: 7099K->544K(7680K)] 12801K->6245K(24576K), 0.0004720 secs] [Times: user=0.00 sys=0.00, real=0.01 secs] 
76.627: Total time for which application threads were stopped: 0.0006060 seconds, Stopping threads took: 0.0000730 seconds
76.655: Application time: 0.0281730 seconds
76.655: [GC [PSYoungGen: 7196K->672K(7680K)] 12897K->6373K(24576K), 0.0003700 secs] [Times: user=0.01 sys=0.00, real=0.00 secs] 
76.656: Total time for which application threads were stopped: 0.0004710 seconds, Stopping threads took: 0.0000490 seconds
76.685: Application time: 0.0293110 seconds
76.685: [GC [PSYoungGen: 7326K->512K(7680K)] 13028K->6213K(24576K), 0.0003550 secs] [Times: user=0.00 sys=0.00, real=0.00 secs] 
76.685: Total time for which application threads were stopped: 0.0004610 seconds, Stopping threads took: 0.0000550 seconds
76.715: Application time: 0.0291460 seconds
76.715: [GC [PSYoungGen: 7166K->544K(7680K)] 12868K->6245K(24576K), 0.0003810 secs] [Times: user=0.00 sys=0.01, real=0.00 secs] 
76.715: Total time for which application threads were stopped: 0.0004780 seconds, Stopping threads took: 0.0000450 seconds
76.745: Application time: 0.0303100 seconds
76.745: [GC [PSYoungGen: 7198K->480K(7680K)] 12900K->6181K(24576K), 0.0003260 secs] [Times: user=0.00 sys=0.00, real=0.00 secs] 
76.746: Total time for which application threads were stopped: 0.0004210 seconds, Stopping threads took: 0.0000440 seconds
76.775: Application time: 0.0290250 seconds
76.775: [GC [PSYoungGen: 7134K->512K(7680K)] 12836K->6213K(24576K), 0.0003100 secs] [Times: user=0.00 sys=0.00, real=0.00 secs] 
76.775: Total time for which application threads were stopped: 0.0004200 seconds, Stopping threads took: 0.0000590 seconds
76.801: Application time: 0.0260010 seconds
76.801: [GC [PSYoungGen: 7166K->704K(7680K)] 12868K->6405K(24576K), 0.0003550 secs] [Times: user=0.00 sys=0.00, real=0.00 secs] 
76.802: Total time for which application threads were stopped: 0.0004700 seconds, Stopping threads took: 0.0000550 seconds
76.822: Application time: 0.0204930 seconds
76.822: [GC [PSYoungGen: 7358K->736K(7680K)] 13060K->6437K(24576K), 0.0003670 secs] [Times: user=0.00 sys=0.00, real=0.00 secs] 
76.823: Total time for which application threads were stopped: 0.0004700 seconds, Stopping threads took: 0.0000460 seconds
76.844: Application time: 0.0215310 seconds
76.844: [GC [PSYoungGen: 7389K->736K(7680K)] 13091K->6437K(24576K), 0.0003420 secs] [Times: user=0.00 sys=0.00, real=0.00 secs] 
76.845: Total time for which application threads were stopped: 0.0004460 seconds, Stopping threads took: 0.0000540 seconds
76.874: Application time: 0.0289160 seconds
76.874: [GC [PSYoungGen: 7388K->704K(7680K)] 13090K->6405K(24576K), 0.0003520 secs] [Times: user=0.00 sys=0.00, real=0.00 secs] 
76.874: Total time for which application threads were stopped: 0.0004370 seconds, Stopping threads took: 0.0000360 seconds
76.903: Application time: 0.0286410 seconds
76.907: [GC [PSYoungGen: 7356K->704K(7680K)] 13058K->6405K(24576K), 0.0003550 secs] [Times: user=0.01 sys=0.00, real=0.00 secs] 
76.907: Total time for which application threads were stopped: 0.0045370 seconds, Stopping threads took: 0.0041300 seconds
76.935: Application time: 0.0274900 seconds
76.935: [GC [PSYoungGen: 7356K->736K(7680K)] 13058K->6437K(24576K), 0.0004460 secs] [Times: user=0.00 sys=0.00, real=0.00 secs] 
76.935: Total time for which application threads were stopped: 0.0005560 seconds, Stopping threads took: 0.0000510 seconds
76.959: Application time: 0.0239700 seconds
76.959: [GC [PSYoungGen: 7388K->992K(7680K)] 13090K->6693K(24576K), 0.0004160 secs] [Times: user=0.00 sys=0.00, real=0.00 secs] 
76.960: Total time for which application threads were stopped: 0.0005240 seconds, Stopping threads took: 0.0000520 seconds
76.980: Application time: 0.0199540 seconds
76.980: [GC [PSYoungGen: 7647K->960K(7680K)] 13349K->6661K(24576K), 0.0005060 secs] [Times: user=0.00 sys=0.00, real=0.00 secs] 
76.980: Total time for which application threads were stopped: 0.0005970 seconds, Stopping threads took: 0.0000400 seconds
76.996: Application time: 0.0159200 seconds
76.996: [GC [PSYoungGen: 7612K->992K(7680K)] 13314K->6877K(24576K), 0.0004550 secs] [Times: user=0.00 sys=0.00, real=0.00 secs] 
76.997: Total time for which application threads were stopped: 0.0005450 seconds, Stopping threads took: 0.0000380 seconds
77.015: Application time: 0.0185950 seconds
77.015: [GC [PSYoungGen: 7646K->992K(7680K)] 13532K->7045K(24576K), 0.0004850 secs] [Times: user=0.00 sys=0.00, real=0.00 secs] 
77.016: Total time for which application threads were stopped: 0.0005970 seconds, Stopping threads took: 0.0000580 seconds
77.039: Application time: 0.0234000 seconds
77.039: [GC [PSYoungGen: 7646K->992K(7680K)] 13699K->7229K(24576K), 0.0004650 secs] [Times: user=0.00 sys=0.00, real=0.00 secs] 
77.040: Total time for which application threads were stopped: 0.0005680 seconds, Stopping threads took: 0.0000490 seconds
77.068: Application time: 0.0279250 seconds
77.068: [GC [PSYoungGen: 7646K->992K(7680K)] 13884K->7441K(24576K), 0.0004630 secs] [Times: user=0.00 sys=0.00, real=0.00 secs] 
77.068: Total time for which application threads were stopped: 0.0005710 seconds, Stopping threads took: 0.0000540 seconds
77.096: Application time: 0.0280670 seconds
77.097: [GC [PSYoungGen: 7644K->1008K(7680K)] 14094K->7614K(24576K), 0.0005270 secs] [Times: user=0.01 sys=0.00, real=0.00 secs] 
77.097: Total time for which application threads were stopped: 0.0006290 seconds, Stopping threads took: 0.0000500 seconds
77.127: Application time: 0.0294550 seconds
77.127: [GC [PSYoungGen: 7660K->992K(7680K)] 14266K->7726K(24576K), 0.0004580 secs] [Times: user=0.00 sys=0.00, real=0.01 secs] 
77.127: Total time for which application threads were stopped: 0.0005670 seconds, Stopping threads took: 0.0000550 seconds
77.156: Application time: 0.0291180 seconds
77.156: [GC [PSYoungGen: 7646K->992K(7680K)] 14381K->7726K(24576K), 0.0004730 secs] [Times: user=0.00 sys=0.00, real=0.00 secs] 
77.157: Total time for which application threads were stopped: 0.0005850 seconds, Stopping threads took: 0.0000500 seconds
77.186: Application time: 0.0291780 seconds
77.186: [GC [PSYoungGen: 7646K->992K(7680K)] 14381K->7726K(24576K), 0.0004560 secs] [Times: user=0.00 sys=0.00, real=0.00 secs] 
77.187: Total time for which application threads were stopped: 0.0005390 seconds, Stopping threads took: 0.0000310 seconds
77.210: Application time: 0.0239220 seconds
77.211: [GC [PSYoungGen: 7644K->992K(7680K)] 14379K->7726K(24576K), 0.0004210 secs] [Times: user=0.00 sys=0.00, real=0.00 secs] 
77.211: Total time for which application threads were stopped: 0.0005130 seconds, Stopping threads took: 0.0000390 seconds
77.229: Application time: 0.0182020 seconds
77.229: [GC [PSYoungGen: 7644K->992K(7680K)] 14378K->8059K(24576K), 0.0005650 secs] [Times: user=0.01 sys=0.00, real=0.00 secs] 
77.230: Total time for which application threads were stopped: 0.0006700 seconds, Stopping threads took: 0.0000520 seconds
77.245: Application time: 0.0154670 seconds
77.245: [GC [PSYoungGen: 7644K->992K(7680K)] 14711K->8067K(24576K), 0.0004990 secs] [Times: user=0.00 sys=0.00, real=0.00 secs] 
77.246: Total time for which application threads were stopped: 0.0005940 seconds, Stopping threads took: 0.0000410 seconds
77.266: Application time: 0.0203380 seconds
77.266: [GC [PSYoungGen: 7647K->992K(7680K)] 14722K->8195K(24576K), 0.0004810 secs] [Times: user=0.00 sys=0.00, real=0.01 secs] 
77.267: Total time for which application threads were stopped: 0.0005840 seconds, Stopping threads took: 0.0000500 seconds
77.291: Application time: 0.0245190 seconds
77.291: [GC [PSYoungGen: 7557K->960K(7680K)] 14760K->8315K(24576K), 0.0005220 secs] [Times: user=0.00 sys=0.00, real=0.00 secs] 
77.292: Total time for which application threads were stopped: 0.0006350 seconds, Stopping threads took: 0.0000610 seconds
77.311: Application time: 0.0186830 seconds
77.311: [GC [PSYoungGen: 7503K->1008K(7680K)] 14858K->8459K(24576K), 0.0004620 secs] [Times: user=0.00 sys=0.00, real=0.00 secs] 
77.311: Total time for which application threads were stopped: 0.0005760 seconds, Stopping threads took: 0.0000590 seconds
77.332: Application time: 0.0203480 seconds
77.332: [GC [PSYoungGen: 7661K->1008K(7680K)] 15112K->8560K(24576K), 0.0004550 secs] [Times: user=0.01 sys=0.00, real=0.00 secs] 
77.332: Total time for which application threads were stopped: 0.0005690 seconds, Stopping threads took: 0.0000510 seconds
77.358: Application time: 0.0262840 seconds
77.359: [GC [PSYoungGen: 7659K->1008K(7680K)] 15212K->8760K(24576K), 0.0005080 secs] [Times: user=0.00 sys=0.00, real=0.01 secs] 
77.359: Total time for which application threads were stopped: 0.0006200 seconds, Stopping threads took: 0.0000570 seconds
77.388: Application time: 0.0287860 seconds
77.388: [GC [PSYoungGen: 7662K->896K(7680K)] 15414K->8824K(24576K), 0.0004850 secs] [Times: user=0.00 sys=0.00, real=0.00 secs] 
77.389: Total time for which application threads were stopped: 0.0006020 seconds, Stopping threads took: 0.0000670 seconds
77.414: Application time: 0.0253490 seconds
77.414: [GC [PSYoungGen: 7551K->992K(7680K)] 15480K->9164K(24576K), 0.0004760 secs] [Times: user=0.00 sys=0.00, real=0.00 secs] 
77.414: Total time for which application threads were stopped: 0.0005790 seconds, Stopping threads took: 0.0000520 seconds
77.443: Application time: 0.0281290 seconds
77.443: [GC [PSYoungGen: 7644K->1008K(7680K)] 15817K->9205K(24576K), 0.0004540 secs] [Times: user=0.00 sys=0.00, real=0.00 secs] 
77.443: Total time for which application threads were stopped: 0.0005580 seconds, Stopping threads took: 0.0000500 seconds
77.472: Application time: 0.0290210 seconds
77.472: [GC [PSYoungGen: 7662K->896K(7680K)] 15860K->9229K(24576K), 0.0004380 secs] [Times: user=0.00 sys=0.00, real=0.00 secs] 
77.473: Total time for which application threads were stopped: 0.0005350 seconds, Stopping threads took: 0.0000430 seconds
77.502: Application time: 0.0293830 seconds
77.503: [GC [PSYoungGen: 7550K->848K(7680K)] 15884K->9181K(24576K), 0.0003950 secs] [Times: user=0.00 sys=0.00, real=0.00 secs] 
77.503: Total time for which application threads were stopped: 0.0011650 seconds, Stopping threads took: 0.0007080 seconds
77.532: Application time: 0.0291730 seconds
77.532: [GC [PSYoungGen: 7502K->928K(7680K)] 15836K->9261K(24576K), 0.0003870 secs] [Times: user=0.00 sys=0.00, real=0.00 secs] 
77.533: Total time for which application threads were stopped: 0.0004830 seconds, Stopping threads took: 0.0000450 seconds
77.562: Application time: 0.0291530 seconds
77.562: [GC [PSYoungGen: 7582K->880K(7680K)] 15916K->9213K(24576K), 0.0004660 secs] [Times: user=0.00 sys=0.00, real=0.00 secs] 
77.563: Total time for which application threads were stopped: 0.0005720 seconds, Stopping threads took: 0.0000530 seconds
77.592: Application time: 0.0292140 seconds
77.592: [GC [PSYoungGen: 7534K->912K(7680K)] 15868K->9253K(24576K), 0.0003900 secs] [Times: user=0.00 sys=0.00, real=0.00 secs] 
77.592: Total time for which application threads were stopped: 0.0004920 seconds, Stopping threads took: 0.0000490 seconds
77.622: Application time: 0.0294700 seconds
77.622: [GC [PSYoungGen: 7566K->896K(7680K)] 15908K->9293K(24576K), 0.0004930 secs] [Times: user=0.00 sys=0.00, real=0.00 secs] 
77.622: Total time for which application threads were stopped: 0.0006110 seconds, Stopping threads took: 0.0000550 seconds
77.650: Application time: 0.0273590 seconds
77.650: [GC [PSYoungGen: 7550K->928K(7680K)] 15947K->9509K(24576K), 0.0004510 secs] [Times: user=0.00 sys=0.00, real=0.00 secs] 
77.650: Total time for which application threads were stopped: 0.0005780 seconds, Stopping threads took: 0.0000650 seconds
77.678: Application time: 0.0274820 seconds
77.678: [GC [PSYoungGen: 7581K->992K(7680K)] 16163K->9701K(24576K), 0.0004640 secs] [Times: user=0.00 sys=0.00, real=0.00 secs] 
77.678: Total time for which application threads were stopped: 0.0005690 seconds, Stopping threads took: 0.0000520 seconds
77.708: Application time: 0.0295590 seconds
77.708: [GC [PSYoungGen: 7646K->960K(7680K)] 16355K->9717K(24576K), 0.0004210 secs] [Times: user=0.01 sys=0.00, real=0.00 secs] 
77.708: Total time for which application threads were stopped: 0.0005210 seconds, Stopping threads took: 0.0000480 seconds
77.736: Application time: 0.0279760 seconds
77.737: [GC [PSYoungGen: 7614K->992K(7680K)] 16371K->9885K(24576K), 0.0004350 secs] [Times: user=0.01 sys=0.00, real=0.00 secs] 
77.737: Total time for which application threads were stopped: 0.0005420 seconds, Stopping threads took: 0.0000530 seconds
77.767: Application time: 0.0296060 seconds
77.767: [GC [PSYoungGen: 7646K->992K(7680K)] 16540K->9909K(24576K), 0.0004280 secs] [Times: user=0.00 sys=0.00, real=0.01 secs] 
77.767: Total time for which application threads were stopped: 0.0005300 seconds, Stopping threads took: 0.0000500 seconds
77.797: Application time: 0.0299420 seconds
77.797: [GC [PSYoungGen: 7644K->960K(7680K)] 16561K->9938K(24576K), 0.0003890 secs] [Times: user=0.00 sys=0.00, real=0.00 secs] 
77.798: Total time for which application threads were stopped: 0.0004750 seconds, Stopping threads took: 0.0000330 seconds
77.827: Application time: 0.0295170 seconds
77.827: [GC [PSYoungGen: 7614K->928K(7680K)] 16592K->9906K(24576K), 0.0004170 secs] [Times: user=0.01 sys=0.00, real=0.00 secs] 
77.828: Total time for which application threads were stopped: 0.0005210 seconds, Stopping threads took: 0.0000490 seconds
77.858: Application time: 0.0300440 seconds
77.858: [GC [PSYoungGen: 7580K->896K(7680K)] 16558K->10003K(24576K), 0.0004060 secs] [Times: user=0.00 sys=0.00, real=0.00 secs] 
77.858: Total time for which application threads were stopped: 0.0005260 seconds, Stopping threads took: 0.0000580 seconds
77.888: Application time: 0.0299310 seconds
77.888: [GC [PSYoungGen: 7550K->768K(7680K)] 16657K->10095K(24576K), 0.0003920 secs] [Times: user=0.00 sys=0.00, real=0.00 secs] 
77.889: Total time for which application threads were stopped: 0.0004960 seconds, Stopping threads took: 0.0000510 seconds
77.918: Application time: 0.0297160 seconds
77.918: [GC [PSYoungGen: 7422K->640K(7680K)] 16750K->9967K(24576K), 0.0004260 secs] [Times: user=0.00 sys=0.00, real=0.01 secs] 
77.919: Total time for which application threads were stopped: 0.0005250 seconds, Stopping threads took: 0.0000470 seconds
77.948: Application time: 0.0296180 seconds
77.949: [GC [PSYoungGen: 7294K->672K(7680K)] 16622K->9999K(24576K), 0.0003980 secs] [Times: user=0.00 sys=0.00, real=0.00 secs] 
77.949: Total time for which application threads were stopped: 0.0004970 seconds, Stopping threads took: 0.0000470 seconds
77.979: Application time: 0.0296570 seconds
77.979: [GC [PSYoungGen: 7326K->672K(7680K)] 16654K->9999K(24576K), 0.0003870 secs] [Times: user=0.00 sys=0.00, real=0.01 secs] 
77.979: Total time for which application threads were stopped: 0.0004900 seconds, Stopping threads took: 0.0000500 seconds
78.009: Application time: 0.0296100 seconds
78.009: [GC [PSYoungGen: 7326K->672K(7680K)] 16654K->9999K(24576K), 0.0003520 secs] [Times: user=0.00 sys=0.00, real=0.00 secs] 
78.009: Total time for which application threads were stopped: 0.0004660 seconds, Stopping threads took: 0.0000630 seconds
78.039: Application time: 0.0298370 seconds
78.039: [GC [PSYoungGen: 7326K->640K(7680K)] 16654K->9967K(24576K), 0.0003690 secs] [Times: user=0.00 sys=0.00, real=0.00 secs] 
78.040: Total time for which application threads were stopped: 0.0004710 seconds, Stopping threads took: 0.0000490 seconds
78.069: Application time: 0.0294380 seconds
78.069: [GC [PSYoungGen: 7294K->672K(7680K)] 16622K->9999K(24576K), 0.0003410 secs] [Times: user=0.00 sys=0.00, real=0.00 secs] 
78.069: Total time for which application threads were stopped: 0.0004370 seconds, Stopping threads took: 0.0000440 seconds
78.099: Application time: 0.0296960 seconds
78.099: [GC [PSYoungGen: 7326K->544K(7680K)] 16654K->10084K(24576K), 0.0003640 secs] [Times: user=0.00 sys=0.00, real=0.00 secs] 
78.100: Total time for which application threads were stopped: 0.0004710 seconds, Stopping threads took: 0.0000570 seconds
78.129: Application time: 0.0296100 seconds
78.129: [GC [PSYoungGen: 7198K->256K(7680K)] 16738K->10004K(24576K), 0.0004080 secs] [Times: user=0.00 sys=0.00, real=0.00 secs] 
78.130: Total time for which application threads were stopped: 0.0005140 seconds, Stopping threads took: 0.0000530 seconds
78.159: Application time: 0.0295710 seconds
78.159: [GC [PSYoungGen: 6910K->384K(7680K)] 16658K->10132K(24576K), 0.0003200 secs] [Times: user=0.00 sys=0.00, real=0.00 secs] 
78.160: Total time for which application threads were stopped: 0.0004080 seconds, Stopping threads took: 0.0000360 seconds
78.190: Application time: 0.0299610 seconds
78.190: [GC [PSYoungGen: 7036K->0K(7680K)] 16784K->9956K(24576K), 0.0003500 secs] [Times: user=0.00 sys=0.00, real=0.00 secs] 
78.190: Total time for which application threads were stopped: 0.0004540 seconds, Stopping threads took: 0.0000540 seconds
78.220: Application time: 0.0294260 seconds
78.220: [GC [PSYoungGen: 6654K->0K(7680K)] 16610K->9956K(24576K), 0.0003070 secs] [Times: user=0.00 sys=0.00, real=0.00 secs] 
78.220: Total time for which application threads were stopped: 0.0004010 seconds, Stopping threads took: 0.0000420 seconds
78.249: Application time: 0.0293130 seconds
78.249: [GC [PSYoungGen: 6654K->0K(7680K)] 16610K->9956K(24576K), 0.0003370 secs] [Times: user=0.01 sys=0.00, real=0.00 secs] 
78.250: Total time for which application threads were stopped: 0.0004260 seconds, Stopping threads took: 0.0000400 seconds
78.274: Application time: 0.0240440 seconds
78.274: [GC [PSYoungGen: 6653K->480K(7680K)] 16609K->10436K(24576K), 0.0003950 secs] [Times: user=0.00 sys=0.00, real=0.00 secs] 
78.274: Total time for which application threads were stopped: 0.0004920 seconds, Stopping threads took: 0.0000460 seconds
78.290: Application time: 0.0156090 seconds
78.290: [GC [PSYoungGen: 7135K->480K(7680K)] 17091K->10436K(24576K), 0.0003800 secs] [Times: user=0.01 sys=0.00, real=0.00 secs] 
78.290: Total time for which application threads were stopped: 0.0004760 seconds, Stopping threads took: 0.0000470 seconds
78.307: Application time: 0.0165120 seconds
78.307: [GC [PSYoungGen: 7134K->544K(7680K)] 17090K->10500K(24576K), 0.0003570 secs] [Times: user=0.00 sys=0.00, real=0.00 secs] 
78.307: Total time for which application threads were stopped: 0.0004470 seconds, Stopping threads took: 0.0000420 seconds
78.329: Application time: 0.0214650 seconds
78.329: [GC [PSYoungGen: 7197K->544K(7680K)] 17153K->10500K(24576K), 0.0003370 secs] [Times: user=0.00 sys=0.00, real=0.00 secs] 
78.329: Total time for which application threads were stopped: 0.0004310 seconds, Stopping threads took: 0.0000430 seconds
78.358: Application time: 0.0284460 seconds
78.358: [GC [PSYoungGen: 7198K->480K(7680K)] 17154K->10436K(24576K), 0.0003410 secs] [Times: user=0.00 sys=0.00, real=0.00 secs] 
78.358: Total time for which application threads were stopped: 0.0004370 seconds, Stopping threads took: 0.0000450 seconds
78.385: Application time: 0.0272100 seconds
78.385: [GC [PSYoungGen: 7135K->512K(7680K)] 17091K->10468K(24576K), 0.0003530 secs] [Times: user=0.00 sys=0.00, real=0.00 secs] 
78.386: Total time for which application threads were stopped: 0.0004580 seconds, Stopping threads took: 0.0000480 seconds
78.415: Application time: 0.0292890 seconds
78.415: [GC [PSYoungGen: 7166K->480K(7680K)] 17122K->10436K(24576K), 0.0003930 secs] [Times: user=0.00 sys=0.00, real=0.00 secs] 
78.415: Total time for which application threads were stopped: 0.0004850 seconds, Stopping threads took: 0.0000430 seconds
78.445: Application time: 0.0290540 seconds
78.445: [GC [PSYoungGen: 7134K->544K(7680K)] 17090K->10500K(24576K), 0.0003220 secs] [Times: user=0.00 sys=0.00, real=0.00 secs] 
78.445: Total time for which application threads were stopped: 0.0004250 seconds, Stopping threads took: 0.0000490 seconds
78.474: Application time: 0.0291490 seconds
78.474: [GC [PSYoungGen: 7198K->512K(7680K)] 17154K->10468K(24576K), 0.0003380 secs] [Times: user=0.00 sys=0.00, real=0.00 secs] 
78.475: Total time for which application threads were stopped: 0.0004370 seconds, Stopping threads took: 0.0000490 seconds
78.504: Application time: 0.0290730 seconds
78.504: [GC [PSYoungGen: 7166K->544K(7680K)] 17122K->10500K(24576K), 0.0003250 secs] [Times: user=0.00 sys=0.00, real=0.00 secs] 
78.504: Total time for which application threads were stopped: 0.0004280 seconds, Stopping threads took: 0.0000540 seconds
78.529: Application time: 0.0249700 seconds
78.529: [GC [PSYoungGen: 7196K->704K(7680K)] 17152K->10660K(24576K), 0.0003650 secs] [Times: user=0.00 sys=0.00, real=0.00 secs] 
78.529: Total time for which application threads were stopped: 0.0004640 seconds, Stopping threads took: 0.0000490 seconds
78.550: Application time: 0.0203610 seconds
78.551: [GC [PSYoungGen: 7359K->704K(7680K)] 17315K->10660K(24576K), 0.0003550 secs] [Times: user=0.01 sys=0.00, real=0.00 secs] 
78.551: Total time for which application threads were stopped: 0.0013380 seconds, Stopping threads took: 0.0009310 seconds
78.575: Application time: 0.0235210 seconds
78.575: [GC [PSYoungGen: 7358K->896K(7680K)] 17314K->10852K(24576K), 0.0003880 secs] [Times: user=0.00 sys=0.00, real=0.00 secs] 
78.575: Total time for which application threads were stopped: 0.0005100 seconds, Stopping threads took: 0.0000710 seconds
78.604: Application time: 0.0286790 seconds
78.604: [GC [PSYoungGen: 7548K->640K(7680K)] 17504K->10596K(24576K), 0.0003830 secs] [Times: user=0.00 sys=0.00, real=0.00 secs] 
78.604: Total time for which application threads were stopped: 0.0004970 seconds, Stopping threads took: 0.0000600 seconds
78.632: Application time: 0.0280240 seconds
78.633: [GC [PSYoungGen: 7292K->768K(7680K)] 17248K->10724K(24576K), 0.0004310 secs] [Times: user=0.00 sys=0.00, real=0.00 secs] 
78.633: Total time for which application threads were stopped: 0.0005600 seconds, Stopping threads took: 0.0000670 seconds
78.662: Application time: 0.0291360 seconds
78.662: [GC [PSYoungGen: 7422K->672K(7680K)] 17379K->10628K(24576K), 0.0003890 secs] [Times: user=0.00 sys=0.00, real=0.00 secs] 
78.663: Total time for which application threads were stopped: 0.0004890 seconds, Stopping threads took: 0.0000460 seconds
78.689: Application time: 0.0262720 seconds
78.689: [GC [PSYoungGen: 7323K->896K(7680K)] 17279K->10852K(24576K), 0.0004060 secs] [Times: user=0.00 sys=0.00, real=0.00 secs] 
78.689: Total time for which application threads were stopped: 0.0005020 seconds, Stopping threads took: 0.0000420 seconds
78.705: Application time: 0.0158330 seconds
78.705: [GC [PSYoungGen: 7550K->992K(7680K)] 17507K->11084K(24576K), 0.0004970 secs] [Times: user=0.01 sys=0.00, real=0.00 secs] 
78.706: Total time for which application threads were stopped: 0.0005970 seconds, Stopping threads took: 0.0000480 seconds
78.721: Application time: 0.0154220 seconds
78.721: [GC [PSYoungGen: 7647K->992K(7680K)] 17739K->11136K(24576K), 0.0004410 secs] [Times: user=0.00 sys=0.00, real=0.00 secs] 
78.722: Total time for which application threads were stopped: 0.0005400 seconds, Stopping threads took: 0.0000450 seconds
78.739: Application time: 0.0172790 seconds
78.739: [GC [PSYoungGen: 7646K->992K(7680K)] 17790K->11180K(24576K), 0.0004490 secs] [Times: user=0.00 sys=0.00, real=0.00 secs] 
78.740: Total time for which application threads were stopped: 0.0005530 seconds, Stopping threads took: 0.0000520 seconds
78.766: Application time: 0.0267440 seconds
78.766: [GC [PSYoungGen: 7646K->976K(7680K)] 17835K->11292K(24576K), 0.0004530 secs] [Times: user=0.01 sys=0.00, real=0.01 secs] 
78.767: Total time for which application threads were stopped: 0.0005530 seconds, Stopping threads took: 0.0000440 seconds
78.795: Application time: 0.0280550 seconds
78.795: [GC [PSYoungGen: 7537K->896K(7680K)] 17854K->11212K(24576K), 0.0004210 secs] [Times: user=0.00 sys=0.00, real=0.00 secs] 
78.796: Total time for which application threads were stopped: 0.0005290 seconds, Stopping threads took: 0.0000560 seconds
78.823: Application time: 0.0274660 seconds
78.823: [GC [PSYoungGen: 7548K->1008K(7680K)] 17865K->11340K(24576K), 0.0004790 secs] [Times: user=0.00 sys=0.00, real=0.00 secs] 
78.824: Total time for which application threads were stopped: 0.0005750 seconds, Stopping threads took: 0.0000420 seconds
78.853: Application time: 0.0290590 seconds
78.853: [GC [PSYoungGen: 7660K->1008K(7680K)] 17993K->11364K(24576K), 0.0005280 secs] [Times: user=0.00 sys=0.00, real=0.00 secs] 
78.853: Total time for which application threads were stopped: 0.0006290 seconds, Stopping threads took: 0.0000480 seconds
78.883: Application time: 0.0292740 seconds
78.883: [GC [PSYoungGen: 7660K->928K(7680K)] 18017K->11412K(24576K), 0.0004340 secs] [Times: user=0.00 sys=0.00, real=0.00 secs] 
78.883: Total time for which application threads were stopped: 0.0005390 seconds, Stopping threads took: 0.0000530 seconds
78.912: Application time: 0.0290160 seconds
78.912: [GC [PSYoungGen: 7582K->896K(7680K)] 18067K->11380K(24576K), 0.0004720 secs] [Times: user=0.00 sys=0.00, real=0.00 secs] 
78.913: Total time for which application threads were stopped: 0.0005810 seconds, Stopping threads took: 0.0000480 seconds
78.939: Application time: 0.0264330 seconds
78.939: [GC [PSYoungGen: 7547K->960K(7680K)] 18032K->11572K(24576K), 0.0004750 secs] [Times: user=0.00 sys=0.00, real=0.00 secs] 
78.940: Total time for which application threads were stopped: 0.0005760 seconds, Stopping threads took: 0.0000480 seconds
78.957: Application time: 0.0173080 seconds
78.957: [GC [PSYoungGen: 7614K->992K(7680K)] 18227K->12021K(24576K), 0.0005200 secs] [Times: user=0.00 sys=0.00, real=0.00 secs] 
78.958: Total time for which application threads were stopped: 0.0006180 seconds, Stopping threads took: 0.0000450 seconds
78.973: Application time: 0.0155820 seconds
78.975: [GC [PSYoungGen: 7646K->992K(7680K)] 18675K->12394K(24576K), 0.0004940 secs] [Times: user=0.00 sys=0.00, real=0.00 secs] 
78.975: Total time for which application threads were stopped: 0.0021420 seconds, Stopping threads took: 0.0015920 seconds
78.993: Application time: 0.0181690 seconds
78.994: [GC [PSYoungGen: 7646K->992K(7680K)] 19048K->12466K(24576K), 0.0004480 secs] [Times: user=0.00 sys=0.00, real=0.00 secs] 
78.994: Total time for which application threads were stopped: 0.0005570 seconds, Stopping threads took: 0.0000480 seconds
79.016: Application time: 0.0224060 seconds
79.017: [GC [PSYoungGen: 7646K->1008K(7680K)] 19121K->12814K(24576K), 0.0005040 secs] [Times: user=0.00 sys=0.00, real=0.00 secs] 
79.017: Total time for which application threads were stopped: 0.0006020 seconds, Stopping threads took: 0.0000430 seconds
79.037: Application time: 0.0201780 seconds
79.037: [GC [PSYoungGen: 7660K->1008K(7680K)] 19466K->12974K(24576K), 0.0004440 secs] [Times: user=0.00 sys=0.00, real=0.00 secs] 
79.038: Total time for which application threads were stopped: 0.0005550 seconds, Stopping threads took: 0.0000560 seconds
79.058: Application time: 0.0199450 seconds
79.058: [GC [PSYoungGen: 7659K->992K(7680K)] 19625K->13118K(24576K), 0.0004550 secs] [Times: user=0.00 sys=0.00, real=0.00 secs] 
79.058: Total time for which application threads were stopped: 0.0005560 seconds, Stopping threads took: 0.0000470 seconds
79.086: Application time: 0.0274810 seconds
79.086: [GC [PSYoungGen: 7646K->992K(7680K)] 19772K->13354K(24576K), 0.0005070 secs] [Times: user=0.01 sys=0.00, real=0.00 secs] 
79.086: Total time for which application threads were stopped: 0.0006060 seconds, Stopping threads took: 0.0000460 seconds
79.114: Application time: 0.0276310 seconds
79.114: [GC [PSYoungGen: 7646K->1008K(7680K)] 20009K->13570K(24576K), 0.0005230 secs] [Times: user=0.00 sys=0.00, real=0.00 secs] 
79.115: Total time for which application threads were stopped: 0.0006190 seconds, Stopping threads took: 0.0000420 seconds
79.140: Application time: 0.0252590 seconds
79.140: [GC [PSYoungGen: 7660K->992K(7680K)] 20223K->13626K(24576K), 0.0004220 secs] [Times: user=0.00 sys=0.00, real=0.00 secs] 
79.140: Total time for which application threads were stopped: 0.0005230 seconds, Stopping threads took: 0.0000480 seconds
79.170: Application time: 0.0295990 seconds
79.170: [GC [PSYoungGen: 7646K->1008K(7680K)] 20281K->13671K(24576K), 0.0004250 secs] [Times: user=0.00 sys=0.00, real=0.00 secs] 
79.171: Total time for which application threads were stopped: 0.0005510 seconds, Stopping threads took: 0.0000730 seconds
79.199: Application time: 0.0288590 seconds
79.200: [GC [PSYoungGen: 7662K->992K(7680K)] 20326K->13671K(24576K), 0.0004800 secs] [Times: user=0.00 sys=0.00, real=0.00 secs] 
79.200: Total time for which application threads were stopped: 0.0005880 seconds, Stopping threads took: 0.0000530 seconds
79.229: Application time: 0.0291930 seconds
79.229: [GC [PSYoungGen: 7646K->992K(7680K)] 20326K->13671K(24576K), 0.0004030 secs] [Times: user=0.00 sys=0.00, real=0.00 secs] 
79.230: Total time for which application threads were stopped: 0.0004990 seconds, Stopping threads took: 0.0000440 seconds
79.259: Application time: 0.0291010 seconds
79.259: [GC [PSYoungGen: 7646K->992K(7680K)] 20326K->13687K(24576K), 0.0004030 secs] [Times: user=0.00 sys=0.00, real=0.00 secs] 
79.259: Total time for which application threads were stopped: 0.0005000 seconds, Stopping threads took: 0.0000450 seconds
79.289: Application time: 0.0293850 seconds
79.289: [GC [PSYoungGen: 7646K->992K(7680K)] 20342K->13695K(24576K), 0.0004100 secs] [Times: user=0.00 sys=0.00, real=0.00 secs] 
79.289: Total time for which application threads were stopped: 0.0005060 seconds, Stopping threads took: 0.0000440 seconds
79.318: Application time: 0.0291410 seconds
79.318: [GC [PSYoungGen: 7646K->960K(7680K)] 20350K->13663K(24576K), 0.0004260 secs] [Times: user=0.01 sys=0.00, real=0.01 secs] 
79.319: Total time for which application threads were stopped: 0.0005280 seconds, Stopping threads took: 0.0000500 seconds
79.348: Application time: 0.0293630 seconds
79.348: [GC [PSYoungGen: 7612K->960K(7680K)] 20315K->13703K(24576K), 0.0004420 secs] [Times: user=0.00 sys=0.00, real=0.00 secs] 
79.349: Total time for which application threads were stopped: 0.0005410 seconds, Stopping threads took: 0.0000440 seconds
79.377: Application time: 0.0280080 seconds
79.377: [GC [PSYoungGen: 7612K->960K(7680K)] 20355K->13751K(24576K), 0.0004400 secs] [Times: user=0.00 sys=0.00, real=0.00 secs] 
79.377: Total time for which application threads were stopped: 0.0005590 seconds, Stopping threads took: 0.0000590 seconds
79.404: Application time: 0.0268470 seconds
79.404: [GC [PSYoungGen: 7615K->992K(7680K)] 20407K->13919K(24576K), 0.0004390 secs] [Times: user=0.00 sys=0.00, real=0.00 secs] 
79.405: Total time for which application threads were stopped: 0.0005390 seconds, Stopping threads took: 0.0000440 seconds
79.434: Application time: 0.0295010 seconds
79.434: [GC [PSYoungGen: 7644K->896K(7680K)] 20571K->13871K(24576K), 0.0004560 secs] [Times: user=0.00 sys=0.00, real=0.00 secs] 
79.435: Total time for which application threads were stopped: 0.0005730 seconds, Stopping threads took: 0.0000550 seconds
79.463: Application time: 0.0277060 seconds
79.463: [GC [PSYoungGen: 7550K->992K(7680K)] 20525K->13967K(24576K), 0.0004050 secs] [Times: user=0.00 sys=0.00, real=0.00 secs] 
79.463: Total time for which application threads were stopped: 0.0005290 seconds, Stopping threads took: 0.0000680 seconds
79.493: Application time: 0.0300420 seconds
79.493: [GC [PSYoungGen: 7646K->928K(7680K)] 20622K->13919K(24576K), 0.0003770 secs] [Times: user=0.00 sys=0.00, real=0.00 secs] 
79.494: Total time for which application threads were stopped: 0.0004760 seconds, Stopping threads took: 0.0000460 seconds
79.523: Application time: 0.0296430 seconds
79.523: [GC [PSYoungGen: 7582K->928K(7680K)] 20574K->13919K(24576K), 0.0003990 secs] [Times: user=0.00 sys=0.00, real=0.00 secs] 
79.524: Total time for which application threads were stopped: 0.0005010 seconds, Stopping threads took: 0.0000510 seconds
79.553: Application time: 0.0295060 seconds
79.553: [GC [PSYoungGen: 7582K->960K(7680K)] 20574K->13951K(24576K), 0.0003710 secs] [Times: user=0.00 sys=0.00, real=0.00 secs] 
79.554: Total time for which application threads were stopped: 0.0004690 seconds, Stopping threads took: 0.0000450 seconds
79.584: Application time: 0.0298410 seconds
79.584: [GC [PSYoungGen: 7614K->576K(7680K)] 20606K->13960K(24576K), 0.0004110 secs] [Times: user=0.00 sys=0.00, real=0.00 secs] 
79.584: Total time for which application threads were stopped: 0.0004970 seconds, Stopping threads took: 0.0000360 seconds
79.614: Application time: 0.0303570 seconds
79.615: [GC [PSYoungGen: 7230K->672K(7680K)] 20615K->14056K(24576K), 0.0003700 secs] [Times: user=0.00 sys=0.00, real=0.00 secs] 
79.615: Total time for which application threads were stopped: 0.0004670 seconds, Stopping threads took: 0.0000440 seconds
79.645: Application time: 0.0301210 seconds
79.645: [GC [PSYoungGen: 7326K->544K(7680K)] 20711K->13928K(24576K), 0.0004030 secs] [Times: user=0.00 sys=0.00, real=0.00 secs] 
79.646: Total time for which application threads were stopped: 0.0005140 seconds, Stopping threads took: 0.0000510 seconds
79.675: Application time: 0.0297790 seconds
79.675: [GC [PSYoungGen: 7198K->768K(7680K)] 20583K->14152K(24576K), 0.0003780 secs] [Times: user=0.00 sys=0.00, real=0.00 secs] 
79.676: Total time for which application threads were stopped: 0.0004800 seconds, Stopping threads took: 0.0000520 seconds
79.706: Application time: 0.0298170 seconds
79.706: [GC [PSYoungGen: 7422K->544K(7680K)] 20807K->13928K(24576K), 0.0003530 secs] [Times: user=0.00 sys=0.00, real=0.00 secs] 
79.706: Total time for which application threads were stopped: 0.0004580 seconds, Stopping threads took: 0.0000540 seconds
79.736: Application time: 0.0299820 seconds
79.736: [GC [PSYoungGen: 7198K->576K(7680K)] 20583K->13960K(24576K), 0.0003720 secs] [Times: user=0.01 sys=0.00, real=0.00 secs] 
79.737: Total time for which application threads were stopped: 0.0004750 seconds, Stopping threads took: 0.0000540 seconds
79.766: Application time: 0.0298440 seconds
79.766: [GC [PSYoungGen: 7230K->576K(7680K)] 20615K->13960K(24576K), 0.0003760 secs] [Times: user=0.01 sys=0.00, real=0.01 secs] 
79.767: Total time for which application threads were stopped: 0.0004760 seconds, Stopping threads took: 0.0000510 seconds
79.797: Application time: 0.0297960 seconds
79.797: [GC [PSYoungGen: 7230K->576K(7680K)] 20615K->13960K(24576K), 0.0003420 secs] [Times: user=0.00 sys=0.00, real=0.00 secs] 
79.797: Total time for which application threads were stopped: 0.0004470 seconds, Stopping threads took: 0.0000520 seconds
79.827: Application time: 0.0298250 seconds
79.827: [GC [PSYoungGen: 7230K->544K(7680K)] 20615K->13928K(24576K), 0.0003300 secs] [Times: user=0.00 sys=0.00, real=0.00 secs] 
79.827: Total time for which application threads were stopped: 0.0004330 seconds, Stopping threads took: 0.0000550 seconds
79.857: Application time: 0.0297680 seconds
79.857: [GC [PSYoungGen: 7198K->320K(7680K)] 20583K->13985K(24576K), 0.0003540 secs] [Times: user=0.00 sys=0.00, real=0.00 secs] 
79.858: Total time for which application threads were stopped: 0.0004540 seconds, Stopping threads took: 0.0000520 seconds
79.887: Application time: 0.0298440 seconds
79.888: [GC [PSYoungGen: 6974K->352K(7680K)] 20640K->14017K(24576K), 0.0003230 secs] [Times: user=0.00 sys=0.00, real=0.00 secs] 
79.888: Total time for which application threads were stopped: 0.0004220 seconds, Stopping threads took: 0.0000490 seconds
79.918: Application time: 0.0298100 seconds
79.918: [GC [PSYoungGen: 7004K->0K(7680K)] 20669K->13878K(24576K), 0.0003180 secs] [Times: user=0.01 sys=0.00, real=0.00 secs] 
79.918: Total time for which application threads were stopped: 0.0004150 seconds, Stopping threads took: 0.0000490 seconds
79.948: Application time: 0.0295210 seconds
79.948: [GC [PSYoungGen: 6654K->0K(7680K)] 20532K->13878K(24576K), 0.0003230 secs] [Times: user=0.00 sys=0.00, real=0.00 secs] 
79.948: Total time for which application threads were stopped: 0.0004310 seconds, Stopping threads took: 0.0000500 seconds
79.978: Application time: 0.0300530 seconds
79.978: [GC [PSYoungGen: 6654K->0K(7680K)] 20532K->13878K(24576K), 0.0002730 secs] [Times: user=0.00 sys=0.00, real=0.00 secs] 
79.978: Total time for which application threads were stopped: 0.0003560 seconds, Stopping threads took: 0.0000370 seconds
80.000: Application time: 0.0220190 seconds
80.001: [GC [PSYoungGen: 6652K->384K(7680K)] 20530K->14262K(24576K), 0.0003220 secs] [Times: user=0.00 sys=0.00, real=0.00 secs] 
80.001: Total time for which application threads were stopped: 0.0004180 seconds, Stopping threads took: 0.0000480 seconds
80.022: Application time: 0.0212280 seconds
80.022: [GC [PSYoungGen: 7037K->352K(7680K)] 20915K->14230K(24576K), 0.0003390 secs] [Times: user=0.00 sys=0.00, real=0.00 secs] 
80.023: Total time for which application threads were stopped: 0.0004220 seconds, Stopping threads took: 0.0000340 seconds
80.041: Application time: 0.0186970 seconds
80.041: [GC [PSYoungGen: 7007K->480K(7680K)] 20885K->14358K(24576K), 0.0003880 secs] [Times: user=0.00 sys=0.00, real=0.00 secs] 
80.042: Total time for which application threads were stopped: 0.0004810 seconds, Stopping threads took: 0.0000420 seconds
80.063: Application time: 0.0210450 seconds
80.063: [GC [PSYoungGen: 7133K->512K(7680K)] 21011K->14390K(24576K), 0.0003400 secs] [Times: user=0.00 sys=0.00, real=0.00 secs] 
80.063: Total time for which application threads were stopped: 0.0004360 seconds, Stopping threads took: 0.0000470 seconds
80.087: Application time: 0.0241410 seconds
80.087: [GC [PSYoungGen: 7163K->480K(7680K)] 21041K->14358K(24576K), 0.0003600 secs] [Times: user=0.00 sys=0.00, real=0.00 secs] 
80.088: Total time for which application threads were stopped: 0.0004560 seconds, Stopping threads took: 0.0000460 seconds
80.116: Application time: 0.0281630 seconds
80.116: [GC [PSYoungGen: 7134K->512K(7680K)] 21012K->14390K(24576K), 0.0004340 secs] [Times: user=0.00 sys=0.00, real=0.00 secs] 
80.117: Total time for which application threads were stopped: 0.0005360 seconds, Stopping threads took: 0.0000500 seconds
80.145: Application time: 0.0284370 seconds
80.145: [GC [PSYoungGen: 7166K->576K(7680K)] 21044K->14454K(24576K), 0.0003490 secs] [Times: user=0.00 sys=0.00, real=0.00 secs] 
80.145: Total time for which application threads were stopped: 0.0004490 seconds, Stopping threads took: 0.0000520 seconds
80.175: Application time: 0.0293650 seconds
80.175: [GC [PSYoungGen: 7230K->480K(7680K)] 21108K->14358K(24576K), 0.0003950 secs] [Times: user=0.00 sys=0.00, real=0.00 secs] 
80.175: Total time for which application threads were stopped: 0.0004850 seconds, Stopping threads took: 0.0000430 seconds
80.206: Application time: 0.0303970 seconds
80.206: [GC [PSYoungGen: 7134K->480K(7680K)] 21012K->14358K(24576K), 0.0003340 secs] [Times: user=0.00 sys=0.00, real=0.00 secs] 
80.206: Total time for which application threads were stopped: 0.0004370 seconds, Stopping threads took: 0.0000510 seconds
80.235: Application time: 0.0292470 seconds
80.235: [GC [PSYoungGen: 7134K->480K(7680K)] 21012K->14358K(24576K), 0.0003610 secs] [Times: user=0.00 sys=0.00, real=0.00 secs] 
80.236: Total time for which application threads were stopped: 0.0004750 seconds, Stopping threads took: 0.0000600 seconds
80.261: Application time: 0.0251340 seconds
80.261: [GC [PSYoungGen: 7135K->608K(7680K)] 21013K->14486K(24576K), 0.0003650 secs] [Times: user=0.00 sys=0.00, real=0.00 secs] 
80.261: Total time for which application threads were stopped: 0.0004690 seconds, Stopping threads took: 0.0000540 seconds
80.282: Application time: 0.0210080 seconds
80.283: [GC [PSYoungGen: 7260K->672K(7680K)] 21139K->14550K(24576K), 0.0003830 secs] [Times: user=0.00 sys=0.00, real=0.00 secs] 
80.283: Total time for which application threads were stopped: 0.0004870 seconds, Stopping threads took: 0.0000520 seconds
80.306: Application time: 0.0232110 seconds
80.306: [GC [PSYoungGen: 7323K->736K(7680K)] 21201K->14614K(24576K), 0.0003750 secs] [Times: user=0.00 sys=0.00, real=0.00 secs] 
80.307: Total time for which application threads were stopped: 0.0004750 seconds, Stopping threads took: 0.0000480 seconds
80.335: Application time: 0.0288310 seconds
80.336: [GC [PSYoungGen: 7388K->704K(7680K)] 21266K->14582K(24576K), 0.0003630 secs] [Times: user=0.00 sys=0.00, real=0.00 secs] 
80.336: Total time for which application threads were stopped: 0.0004540 seconds, Stopping threads took: 0.0000430 seconds
80.363: Application time: 0.0275410 seconds
80.364: [GC [PSYoungGen: 7356K->992K(7680K)] 21234K->14878K(24576K), 0.0004120 secs] [Times: user=0.01 sys=0.00, real=0.00 secs] 
80.364: Total time for which application threads were stopped: 0.0005130 seconds, Stopping threads took: 0.0000490 seconds
80.393: Application time: 0.0289830 seconds
80.395: [GC [PSYoungGen: 7646K->928K(7680K)] 21533K->14814K(24576K), 0.0004180 secs] [Times: user=0.00 sys=0.00, real=0.00 secs] 
80.395: Total time for which application threads were stopped: 0.0023180 seconds, Stopping threads took: 0.0018520 seconds
80.422: Application time: 0.0262600 seconds
80.422: [GC [PSYoungGen: 7582K->928K(7680K)] 21468K->14814K(24576K), 0.0004150 secs] [Times: user=0.01 sys=0.00, real=0.00 secs] 
80.422: Total time for which application threads were stopped: 0.0005240 seconds, Stopping threads took: 0.0000580 seconds
80.442: Application time: 0.0196600 seconds
80.442: [GC [PSYoungGen: 7583K->1008K(7680K)] 21469K->14894K(24576K), 0.0003980 secs] [Times: user=0.01 sys=0.00, real=0.00 secs] 
80.442: Total time for which application threads were stopped: 0.0004860 seconds, Stopping threads took: 0.0000380 seconds
80.461: Application time: 0.0189510 seconds
80.461: [GC [PSYoungGen: 7660K->1008K(7680K)] 21547K->15054K(24576K), 0.0004430 secs] [Times: user=0.00 sys=0.00, real=0.00 secs] 
80.462: Total time for which application threads were stopped: 0.0005480 seconds, Stopping threads took: 0.0000470 seconds
80.480: Application time: 0.0182200 seconds
80.480: [GC [PSYoungGen: 7663K->1008K(7680K)] 21709K->15206K(24576K), 0.0004630 secs] [Times: user=0.01 sys=0.00, real=0.00 secs] 
80.480: Total time for which application threads were stopped: 0.0005610 seconds, Stopping threads took: 0.0000440 seconds
80.502: Application time: 0.0212440 seconds
80.503: [GC [PSYoungGen: 7661K->960K(7680K)] 21859K->15286K(24576K), 0.0004400 secs] [Times: user=0.00 sys=0.00, real=0.00 secs] 
80.503: Total time for which application threads were stopped: 0.0015490 seconds, Stopping threads took: 0.0010550 seconds
80.530: Application time: 0.0266450 seconds
80.530: [GC [PSYoungGen: 7614K->944K(7680K)] 21940K->15270K(24576K), 0.0004520 secs] [Times: user=0.00 sys=0.00, real=0.00 secs] 
80.530: Total time for which application threads were stopped: 0.0005640 seconds, Stopping threads took: 0.0000550 seconds
80.558: Application time: 0.0279040 seconds
80.558: [GC [PSYoungGen: 7599K->992K(7680K)] 21925K->15406K(24576K), 0.0004590 secs] [Times: user=0.00 sys=0.00, real=0.01 secs] 
80.559: Total time for which application threads were stopped: 0.0005530 seconds, Stopping threads took: 0.0000420 seconds
80.587: Application time: 0.0281270 seconds
80.587: [GC [PSYoungGen: 7645K->992K(7680K)] 22059K->15630K(24576K), 0.0004690 secs] [Times: user=0.00 sys=0.00, real=0.00 secs] 
80.588: Total time for which application threads were stopped: 0.0005720 seconds, Stopping threads took: 0.0000480 seconds
80.617: Application time: 0.0296660 seconds
80.617: [GC [PSYoungGen: 7644K->1008K(7680K)] 22282K->15646K(24576K), 0.0005130 secs] [Times: user=0.00 sys=0.00, real=0.00 secs] 
80.618: Total time for which application threads were stopped: 0.0006370 seconds, Stopping threads took: 0.0000630 seconds
80.647: Application time: 0.0289220 seconds
80.647: [GC [PSYoungGen: 7662K->992K(7680K)] 22301K->15630K(24576K), 0.0004530 secs] [Times: user=0.01 sys=0.00, real=0.00 secs] 
80.647: Total time for which application threads were stopped: 0.0005760 seconds, Stopping threads took: 0.0000690 seconds
80.676: Application time: 0.0289040 seconds
80.676: [GC [PSYoungGen: 7646K->1008K(7680K)] 22285K->15666K(24576K), 0.0004540 secs] [Times: user=0.00 sys=0.00, real=0.00 secs] 
80.677: Total time for which application threads were stopped: 0.0005540 seconds, Stopping threads took: 0.0000480 seconds
80.700: Application time: 0.0227930 seconds
80.700: [GC [PSYoungGen: 7663K->1008K(7680K)] 22322K->16002K(24576K), 0.0005220 secs] [Times: user=0.00 sys=0.00, real=0.00 secs] 
80.700: Total time for which application threads were stopped: 0.0006180 seconds, Stopping threads took: 0.0000400 seconds
80.716: Application time: 0.0157720 seconds
80.716: [GC [PSYoungGen: 7661K->1008K(7680K)] 22656K->16250K(24576K), 0.0004930 secs] [Times: user=0.00 sys=0.00, real=0.00 secs] 
80.717: Total time for which application threads were stopped: 0.0005890 seconds, Stopping threads took: 0.0000420 seconds
80.733: Application time: 0.0164080 seconds
80.733: [GC [PSYoungGen: 7662K->896K(7680K)] 22904K->16306K(24576K), 0.0004730 secs] [Times: user=0.00 sys=0.00, real=0.00 secs] 
80.734: Total time for which application threads were stopped: 0.0005940 seconds, Stopping threads took: 0.0000640 seconds
80.750: Application time: 0.0167890 seconds
80.751: [GC [PSYoungGen: 7549K->1008K(7680K)] 22959K->16811K(24576K), 0.0005340 secs] [Times: user=0.00 sys=0.00, real=0.00 secs] 
80.752: Total time for which application threads were stopped: 0.0016430 seconds, Stopping threads took: 0.0000570 seconds
80.773: Application time: 0.0207580 seconds
80.773: [GC [PSYoungGen: 7662K->1008K(7680K)] 23465K->17039K(24576K), 0.0005620 secs] [Times: user=0.01 sys=0.00, real=0.00 secs] 
80.774: Total time for which application threads were stopped: 0.0006750 seconds, Stopping threads took: 0.0000580 seconds
80.794: Application time: 0.0206160 seconds
80.794: [GC [PSYoungGen: 7660K->1008K(7680K)] 23691K->17268K(24576K), 0.0004800 secs] [Times: user=0.00 sys=0.00, real=0.00 secs] 
80.795: Total time for which application threads were stopped: 0.0006170 seconds, Stopping threads took: 0.0000790 seconds
80.821: Application time: 0.0263480 seconds
80.821: [GC [PSYoungGen: 7663K->992K(7680K)] 23924K->17464K(24576K), 0.0004790 secs] [Times: user=0.00 sys=0.00, real=0.00 secs] 
80.822: [Full GC [PSYoungGen: 992K->0K(7680K)] [ParOldGen: 16472K->3737K(16896K)] 17464K->3737K(24576K) [PSPermGen: 5540K->5540K(21504K)], 0.0061220 secs] [Times: user=0.03 sys=0.00, real=0.01 secs] 
80.828: Total time for which application threads were stopped: 0.0067480 seconds, Stopping threads took: 0.0000460 seconds
80.856: Application time: 0.0278150 seconds
80.856: [GC [PSYoungGen: 6654K->352K(7680K)] 10392K->4089K(24576K), 0.0003790 secs] [Times: user=0.00 sys=0.00, real=0.00 secs] 
80.856: Total time for which application threads were stopped: 0.0004910 seconds, Stopping threads took: 0.0000520 seconds
80.883: Application time: 0.0272740 seconds
80.884: [GC [PSYoungGen: 7007K->544K(7680K)] 10745K->4281K(24576K), 0.0003590 secs] [Times: user=0.00 sys=0.00, real=0.00 secs] 
80.884: Total time for which application threads were stopped: 0.0004640 seconds, Stopping threads took: 0.0000500 seconds
80.911: Application time: 0.0275240 seconds
80.912: [GC [PSYoungGen: 7198K->736K(7680K)] 10935K->4473K(24576K), 0.0003620 secs] [Times: user=0.00 sys=0.00, real=0.00 secs] 
80.912: Total time for which application threads were stopped: 0.0004620 seconds, Stopping threads took: 0.0000500 seconds
80.941: Application time: 0.0291870 seconds
80.941: [GC [PSYoungGen: 7390K->704K(7680K)] 11128K->4441K(24576K), 0.0003420 secs] [Times: user=0.01 sys=0.00, real=0.00 secs] 
80.942: Total time for which application threads were stopped: 0.0004390 seconds, Stopping threads took: 0.0000420 seconds
80.971: Application time: 0.0294000 seconds
80.971: [GC [PSYoungGen: 7358K->704K(7680K)] 11096K->4441K(24576K), 0.0003420 secs] [Times: user=0.00 sys=0.00, real=0.00 secs] 
80.971: Total time for which application threads were stopped: 0.0004530 seconds, Stopping threads took: 0.0000530 seconds
81.001: Application time: 0.0293490 seconds
81.001: [GC [PSYoungGen: 7358K->704K(7680K)] 11096K->4441K(24576K), 0.0003400 secs] [Times: user=0.00 sys=0.00, real=0.00 secs] 
81.001: Total time for which application threads were stopped: 0.0004450 seconds, Stopping threads took: 0.0000540 seconds
81.031: Application time: 0.0293400 seconds
81.031: [GC [PSYoungGen: 7358K->704K(7680K)] 11096K->4441K(24576K), 0.0003720 secs] [Times: user=0.00 sys=0.00, real=0.00 secs] 
81.031: Total time for which application threads were stopped: 0.0004620 seconds, Stopping threads took: 0.0000390 seconds
81.060: Application time: 0.0292670 seconds
81.060: [GC [PSYoungGen: 7358K->704K(7680K)] 11096K->4441K(24576K), 0.0004040 secs] [Times: user=0.00 sys=0.00, real=0.00 secs] 
81.061: Total time for which application threads were stopped: 0.0004970 seconds, Stopping threads took: 0.0000420 seconds
81.090: Application time: 0.0294500 seconds
81.090: [GC [PSYoungGen: 7358K->704K(7680K)] 11096K->4441K(24576K), 0.0003870 secs] [Times: user=0.00 sys=0.00, real=0.00 secs] 
81.091: Total time for which application threads were stopped: 0.0004750 seconds, Stopping threads took: 0.0000400 seconds
81.120: Application time: 0.0293860 seconds
81.120: [GC [PSYoungGen: 7356K->672K(7680K)] 11094K->4409K(24576K), 0.0003190 secs] [Times: user=0.00 sys=0.00, real=0.00 secs] 
81.121: Total time for which application threads were stopped: 0.0004250 seconds, Stopping threads took: 0.0000540 seconds
81.146: Application time: 0.0258270 seconds
81.146: [GC [PSYoungGen: 7327K->992K(7680K)] 11065K->4857K(24576K), 0.0004170 secs] [Times: user=0.00 sys=0.00, real=0.01 secs] 
81.147: Total time for which application threads were stopped: 0.0005270 seconds, Stopping threads took: 0.0000540 seconds
81.176: Application time: 0.0291910 seconds
81.176: [GC [PSYoungGen: 7646K->992K(7680K)] 11512K->4913K(24576K), 0.0004480 secs] [Times: user=0.00 sys=0.00, real=0.00 secs] 
81.177: Total time for which application threads were stopped: 0.0005400 seconds, Stopping threads took: 0.0000370 seconds
81.204: Application time: 0.0275130 seconds
81.204: [GC [PSYoungGen: 7645K->960K(7680K)] 11567K->4881K(24576K), 0.0003850 secs] [Times: user=0.00 sys=0.00, real=0.00 secs] 
81.205: Total time for which application threads were stopped: 0.0004820 seconds, Stopping threads took: 0.0000440 seconds
81.234: Application time: 0.0295440 seconds
81.234: [GC [PSYoungGen: 7614K->928K(7680K)] 11536K->4849K(24576K), 0.0003830 secs] [Times: user=0.00 sys=0.00, real=0.00 secs] 
81.235: Total time for which application threads were stopped: 0.0004970 seconds, Stopping threads took: 0.0000520 seconds
81.264: Application time: 0.0296010 seconds
81.264: [GC [PSYoungGen: 7582K->896K(7680K)] 11504K->4817K(24576K), 0.0004150 secs] [Times: user=0.00 sys=0.00, real=0.00 secs] 
81.265: Total time for which application threads were stopped: 0.0005060 seconds, Stopping threads took: 0.0000410 seconds
81.294: Application time: 0.0295710 seconds
81.294: [GC [PSYoungGen: 7550K->896K(7680K)] 11472K->4817K(24576K), 0.0003660 secs] [Times: user=0.00 sys=0.00, real=0.00 secs] 
81.295: Total time for which application threads were stopped: 0.0004590 seconds, Stopping threads took: 0.0000400 seconds
81.324: Application time: 0.0296820 seconds
81.325: [GC [PSYoungGen: 7550K->864K(7680K)] 11472K->4854K(24576K), 0.0004100 secs] [Times: user=0.00 sys=0.00, real=0.00 secs] 
81.325: Total time for which application threads were stopped: 0.0005140 seconds, Stopping threads took: 0.0000500 seconds
81.355: Application time: 0.0296010 seconds
81.355: [GC [PSYoungGen: 7518K->736K(7680K)] 11509K->4947K(24576K), 0.0003670 secs] [Times: user=0.00 sys=0.00, real=0.00 secs] 
81.355: Total time for which application threads were stopped: 0.0004550 seconds, Stopping threads took: 0.0000390 seconds
81.385: Application time: 0.0298120 seconds
81.385: [GC [PSYoungGen: 7390K->704K(7680K)] 11601K->4915K(24576K), 0.0003400 secs] [Times: user=0.00 sys=0.00, real=0.00 secs] 
81.385: Total time for which application threads were stopped: 0.0004320 seconds, Stopping threads took: 0.0000400 seconds
81.415: Application time: 0.0296950 seconds
81.415: [GC [PSYoungGen: 7358K->672K(7680K)] 11569K->4883K(24576K), 0.0003830 secs] [Times: user=0.01 sys=0.00, real=0.00 secs] 
81.415: Total time for which application threads were stopped: 0.0004750 seconds, Stopping threads took: 0.0000410 seconds
81.445: Application time: 0.0296220 seconds
81.445: [GC [PSYoungGen: 7326K->608K(7680K)] 11537K->4819K(24576K), 0.0003420 secs] [Times: user=0.00 sys=0.00, real=0.00 secs] 
81.446: Total time for which application threads were stopped: 0.0004430 seconds, Stopping threads took: 0.0000510 seconds
81.475: Application time: 0.0295620 seconds
81.475: [GC [PSYoungGen: 7262K->672K(7680K)] 11473K->4883K(24576K), 0.0003370 secs] [Times: user=0.00 sys=0.00, real=0.00 secs] 
81.476: Total time for which application threads were stopped: 0.0004450 seconds, Stopping threads took: 0.0000460 seconds
81.505: Application time: 0.0296300 seconds
81.505: [GC [PSYoungGen: 7326K->704K(7680K)] 11537K->4915K(24576K), 0.0003300 secs] [Times: user=0.00 sys=0.00, real=0.00 secs] 
81.506: Total time for which application threads were stopped: 0.0004140 seconds, Stopping threads took: 0.0000350 seconds
81.535: Application time: 0.0295110 seconds
81.535: [GC [PSYoungGen: 7358K->608K(7680K)] 11569K->4819K(24576K), 0.0003960 secs] [Times: user=0.00 sys=0.00, real=0.00 secs] 
81.536: Total time for which application threads were stopped: 0.0004980 seconds, Stopping threads took: 0.0000530 seconds
81.565: Application time: 0.0296150 seconds
81.565: [GC [PSYoungGen: 7264K->576K(7680K)] 11475K->4787K(24576K), 0.0004530 secs] [Times: user=0.00 sys=0.00, real=0.00 secs] 
81.566: Total time for which application threads were stopped: 0.0005460 seconds, Stopping threads took: 0.0000440 seconds
81.595: Application time: 0.0294580 seconds
81.595: [GC [PSYoungGen: 7230K->320K(7680K)] 11441K->5052K(24576K), 0.0003750 secs] [Times: user=0.00 sys=0.00, real=0.00 secs] 
81.596: Total time for which application threads were stopped: 0.0004810 seconds, Stopping threads took: 0.0000550 seconds
81.626: Application time: 0.0297840 seconds
81.626: [GC [PSYoungGen: 6974K->352K(7680K)] 11706K->5084K(24576K), 0.0003540 secs] [Times: user=0.00 sys=0.00, real=0.00 secs] 
81.626: Total time for which application threads were stopped: 0.0004550 seconds, Stopping threads took: 0.0000430 seconds
81.656: Application time: 0.0295380 seconds
81.656: [GC [PSYoungGen: 7006K->0K(7680K)] 11738K->4956K(24576K), 0.0003200 secs] [Times: user=0.00 sys=0.00, real=0.00 secs] 
81.656: Total time for which application threads were stopped: 0.0004230 seconds, Stopping threads took: 0.0000450 seconds
81.686: Application time: 0.0296450 seconds
81.686: [GC [PSYoungGen: 6652K->0K(7680K)] 11608K->4956K(24576K), 0.0002730 secs] [Times: user=0.00 sys=0.00, real=0.00 secs] 
81.686: Total time for which application threads were stopped: 0.0003630 seconds, Stopping threads took: 0.0000410 seconds
81.714: Application time: 0.0282810 seconds
81.714: [GC [PSYoungGen: 6652K->256K(7680K)] 11608K->5212K(24576K), 0.0003230 secs] [Times: user=0.00 sys=0.00, real=0.00 secs] 
81.715: Total time for which application threads were stopped: 0.0004200 seconds, Stopping threads took: 0.0000480 seconds
81.735: Application time: 0.0205750 seconds
81.735: [GC [PSYoungGen: 6908K->384K(7680K)] 11864K->5340K(24576K), 0.0003200 secs] [Times: user=0.00 sys=0.00, real=0.00 secs] 
81.736: Total time for which application threads were stopped: 0.0004130 seconds, Stopping threads took: 0.0000440 seconds
81.756: Application time: 0.0207470 seconds
81.756: [GC [PSYoungGen: 7038K->352K(7680K)] 11994K->5308K(24576K), 0.0003090 secs] [Times: user=0.00 sys=0.00, real=0.00 secs] 
81.757: Total time for which application threads were stopped: 0.0003970 seconds, Stopping threads took: 0.0000400 seconds
81.779: Application time: 0.0226730 seconds
81.780: [GC [PSYoungGen: 6970K->416K(7680K)] 11926K->5372K(24576K), 0.0003410 secs] [Times: user=0.00 sys=0.00, real=0.00 secs] 
81.780: Total time for which application threads were stopped: 0.0004330 seconds, Stopping threads took: 0.0000440 seconds
81.801: Application time: 0.0211530 seconds
81.801: [GC [PSYoungGen: 7071K->480K(7680K)] 12027K->5436K(24576K), 0.0003380 secs] [Times: user=0.01 sys=0.00, real=0.00 secs] 
81.801: Total time for which application threads were stopped: 0.0004260 seconds, Stopping threads took: 0.0000390 seconds
81.825: Application time: 0.0230710 seconds
81.825: [GC [PSYoungGen: 7131K->512K(7680K)] 12087K->5468K(24576K), 0.0003400 secs] [Times: user=0.00 sys=0.00, real=0.00 secs] 
81.825: Total time for which application threads were stopped: 0.0004410 seconds, Stopping threads took: 0.0000520 seconds
81.853: Application time: 0.0278880 seconds
81.853: [GC [PSYoungGen: 7166K->576K(7680K)] 12122K->5532K(24576K), 0.0003430 secs] [Times: user=0.01 sys=0.00, real=0.00 secs] 
81.853: Total time for which application threads were stopped: 0.0004400 seconds, Stopping threads took: 0.0000470 seconds
81.881: Application time: 0.0280560 seconds
81.881: [GC [PSYoungGen: 7228K->512K(7680K)] 12184K->5468K(24576K), 0.0003360 secs] [Times: user=0.00 sys=0.00, real=0.00 secs] 
81.882: Total time for which application threads were stopped: 0.0004190 seconds, Stopping threads took: 0.0000320 seconds
81.911: Application time: 0.0292040 seconds
81.911: [GC [PSYoungGen: 7166K->512K(7680K)] 12122K->5468K(24576K), 0.0003570 secs] [Times: user=0.01 sys=0.00, real=0.00 secs] 
81.911: Total time for which application threads were stopped: 0.0004520 seconds, Stopping threads took: 0.0000440 seconds
81.941: Application time: 0.0292780 seconds
81.941: [GC [PSYoungGen: 7166K->448K(7680K)] 12122K->5404K(24576K), 0.0003840 secs] [Times: user=0.00 sys=0.00, real=0.00 secs] 
81.941: Total time for which application threads were stopped: 0.0004880 seconds, Stopping threads took: 0.0000510 seconds
81.970: Application time: 0.0291690 seconds
81.970: [GC [PSYoungGen: 7102K->544K(7680K)] 12058K->5500K(24576K), 0.0003380 secs] [Times: user=0.01 sys=0.00, real=0.00 secs] 
81.971: Total time for which application threads were stopped: 0.0004350 seconds, Stopping threads took: 0.0000470 seconds
81.998: Application time: 0.0270520 seconds
81.998: [GC [PSYoungGen: 7198K->736K(7680K)] 12154K->5692K(24576K), 0.0003490 secs] [Times: user=0.00 sys=0.00, real=0.00 secs] 
81.998: Total time for which application threads were stopped: 0.0004590 seconds, Stopping threads took: 0.0000510 seconds
82.019: Application time: 0.0204930 seconds
82.019: [GC [PSYoungGen: 7390K->672K(7680K)] 12347K->5628K(24576K), 0.0003640 secs] [Times: user=0.00 sys=0.00, real=0.00 secs] 
82.019: Total time for which application threads were stopped: 0.0004650 seconds, Stopping threads took: 0.0000410 seconds
82.040: Application time: 0.0207230 seconds
82.040: [GC [PSYoungGen: 7326K->736K(7680K)] 12282K->5692K(24576K), 0.0003490 secs] [Times: user=0.00 sys=0.00, real=0.00 secs] 
82.040: Total time for which application threads were stopped: 0.0004420 seconds, Stopping threads took: 0.0000430 seconds
82.069: Application time: 0.0288850 seconds
82.069: [GC [PSYoungGen: 7388K->704K(7680K)] 12344K->5660K(24576K), 0.0003520 secs] [Times: user=0.00 sys=0.00, real=0.00 secs] 
82.070: Total time for which application threads were stopped: 0.0004410 seconds, Stopping threads took: 0.0000390 seconds
82.098: Application time: 0.0286880 seconds
82.099: [GC [PSYoungGen: 7356K->704K(7680K)] 12312K->5660K(24576K), 0.0003430 secs] [Times: user=0.00 sys=0.00, real=0.01 secs] 
82.099: Total time for which application threads were stopped: 0.0004460 seconds, Stopping threads took: 0.0000500 seconds
82.127: Application time: 0.0276970 seconds
82.127: [GC [PSYoungGen: 7356K->736K(7680K)] 12312K->5692K(24576K), 0.0003740 secs] [Times: user=0.00 sys=0.00, real=0.01 secs] 
82.127: Total time for which application threads were stopped: 0.0004840 seconds, Stopping threads took: 0.0000580 seconds
82.153: Application time: 0.0254340 seconds
82.153: [GC [PSYoungGen: 7389K->992K(7680K)] 12345K->6000K(24576K), 0.0004190 secs] [Times: user=0.00 sys=0.00, real=0.00 secs] 
82.153: Total time for which application threads were stopped: 0.0005200 seconds, Stopping threads took: 0.0000470 seconds
82.173: Application time: 0.0198960 seconds
82.173: [GC [PSYoungGen: 7647K->960K(7680K)] 12656K->6096K(24576K), 0.0004370 secs] [Times: user=0.00 sys=0.00, real=0.00 secs] 
82.174: Total time for which application threads were stopped: 0.0005360 seconds, Stopping threads took: 0.0000470 seconds
82.194: Application time: 0.0200580 seconds
82.194: [GC [PSYoungGen: 7613K->992K(7680K)] 12750K->6312K(24576K), 0.0004860 secs] [Times: user=0.00 sys=0.00, real=0.00 secs] 
82.194: Total time for which application threads were stopped: 0.0005880 seconds, Stopping threads took: 0.0000500 seconds
82.213: Application time: 0.0184600 seconds
82.213: [GC [PSYoungGen: 7543K->992K(7680K)] 12863K->6440K(24576K), 0.0004280 secs] [Times: user=0.00 sys=0.00, real=0.00 secs] 
82.213: Total time for which application threads were stopped: 0.0005300 seconds, Stopping threads took: 0.0000460 seconds
82.234: Application time: 0.0206000 seconds
82.234: [GC [PSYoungGen: 7645K->928K(7680K)] 13094K->6504K(24576K), 0.0004380 secs] [Times: user=0.01 sys=0.00, real=0.00 secs] 
82.234: Total time for which application threads were stopped: 0.0005450 seconds, Stopping threads took: 0.0000520 seconds
82.260: Application time: 0.0255790 seconds
82.260: [GC [PSYoungGen: 7582K->976K(7680K)] 13159K->6576K(24576K), 0.0004610 secs] [Times: user=0.00 sys=0.00, real=0.00 secs] 
82.260: Total time for which application threads were stopped: 0.0005660 seconds, Stopping threads took: 0.0000530 seconds
82.288: Application time: 0.0278980 seconds
82.288: [GC [PSYoungGen: 7631K->928K(7680K)] 13232K->6656K(24576K), 0.0004430 secs] [Times: user=0.00 sys=0.00, real=0.00 secs] 
82.289: Total time for which application threads were stopped: 0.0005530 seconds, Stopping threads took: 0.0000580 seconds
82.317: Application time: 0.0281520 seconds
82.317: [GC [PSYoungGen: 7580K->928K(7680K)] 13308K->6784K(24576K), 0.0004220 secs] [Times: user=0.00 sys=0.00, real=0.00 secs] 
82.318: Total time for which application threads were stopped: 0.0005120 seconds, Stopping threads took: 0.0000330 seconds
82.347: Application time: 0.0291410 seconds
82.347: [GC [PSYoungGen: 7582K->880K(7680K)] 13439K->6736K(24576K), 0.0003950 secs] [Times: user=0.00 sys=0.00, real=0.00 secs] 
82.347: Total time for which application threads were stopped: 0.0005010 seconds, Stopping threads took: 0.0000500 seconds
82.377: Application time: 0.0293540 seconds
82.377: [GC [PSYoungGen: 7532K->864K(7680K)] 13389K->6720K(24576K), 0.0004370 secs] [Times: user=0.00 sys=0.00, real=0.00 secs] 
82.377: Total time for which application threads were stopped: 0.0005410 seconds, Stopping threads took: 0.0000500 seconds
82.406: Application time: 0.0287500 seconds
82.406: [GC [PSYoungGen: 7518K->896K(7680K)] 13375K->6752K(24576K), 0.0004040 secs] [Times: user=0.00 sys=0.00, real=0.00 secs] 
82.406: Total time for which application threads were stopped: 0.0005090 seconds, Stopping threads took: 0.0000520 seconds
82.430: Application time: 0.0231730 seconds
82.430: [GC [PSYoungGen: 7549K->1008K(7680K)] 13406K->6872K(24576K), 0.0004400 secs] [Times: user=0.01 sys=0.00, real=0.00 secs] 
82.430: Total time for which application threads were stopped: 0.0005400 seconds, Stopping threads took: 0.0000460 seconds
82.447: Application time: 0.0172880 seconds
82.447: [GC [PSYoungGen: 7663K->1008K(7680K)] 13528K->7104K(24576K), 0.0004830 secs] [Times: user=0.01 sys=0.00, real=0.00 secs] 
82.448: Total time for which application threads were stopped: 0.0005850 seconds, Stopping threads took: 0.0000480 seconds
82.464: Application time: 0.0164770 seconds
82.465: [GC [PSYoungGen: 7661K->992K(7680K)] 13757K->7360K(24576K), 0.0004720 secs] [Times: user=0.00 sys=0.00, real=0.00 secs] 
82.465: Total time for which application threads were stopped: 0.0005760 seconds, Stopping threads took: 0.0000520 seconds
82.482: Application time: 0.0167540 seconds
82.483: [GC [PSYoungGen: 7647K->992K(7680K)] 14016K->7568K(24576K), 0.0004960 secs] [Times: user=0.01 sys=0.00, real=0.00 secs] 
82.483: Total time for which application threads were stopped: 0.0015470 seconds, Stopping threads took: 0.0009960 seconds
82.502: Application time: 0.0185390 seconds
82.502: [GC [PSYoungGen: 7644K->1008K(7680K)] 14221K->7889K(24576K), 0.0005090 secs] [Times: user=0.01 sys=0.00, real=0.00 secs] 
82.502: Total time for which application threads were stopped: 0.0006130 seconds, Stopping threads took: 0.0000450 seconds
82.523: Application time: 0.0205420 seconds
82.523: [GC [PSYoungGen: 7659K->944K(7680K)] 14540K->7937K(24576K), 0.0004330 secs] [Times: user=0.00 sys=0.00, real=0.00 secs] 
82.524: Total time for which application threads were stopped: 0.0005420 seconds, Stopping threads took: 0.0000560 seconds
82.550: Application time: 0.0259770 seconds
82.550: [GC [PSYoungGen: 7595K->1008K(7680K)] 14588K->8317K(24576K), 0.0005650 secs] [Times: user=0.00 sys=0.00, real=0.00 secs] 
82.550: Total time for which application threads were stopped: 0.0006690 seconds, Stopping threads took: 0.0000510 seconds
82.578: Application time: 0.0278640 seconds
82.578: [GC [PSYoungGen: 7663K->992K(7680K)] 14972K->8333K(24576K), 0.0004490 secs] [Times: user=0.00 sys=0.00, real=0.00 secs] 
82.579: Total time for which application threads were stopped: 0.0005630 seconds, Stopping threads took: 0.0000570 seconds
82.605: Application time: 0.0261640 seconds
82.605: [GC [PSYoungGen: 7647K->1008K(7680K)] 14988K->8447K(24576K), 0.0004810 secs] [Times: user=0.01 sys=0.00, real=0.00 secs] 
82.605: Total time for which application threads were stopped: 0.0005880 seconds, Stopping threads took: 0.0000540 seconds
82.634: Application time: 0.0282610 seconds
82.634: [GC [PSYoungGen: 7660K->992K(7680K)] 15099K->8631K(24576K), 0.0005340 secs] [Times: user=0.00 sys=0.00, real=0.00 secs] 
82.634: Total time for which application threads were stopped: 0.0006720 seconds, Stopping threads took: 0.0000760 seconds
82.662: Application time: 0.0279190 seconds
82.662: [GC [PSYoungGen: 7645K->992K(7680K)] 15285K->8687K(24576K), 0.0004390 secs] [Times: user=0.01 sys=0.00, real=0.00 secs] 
82.663: Total time for which application threads were stopped: 0.0005560 seconds, Stopping threads took: 0.0000580 seconds
82.692: Application time: 0.0289430 seconds
82.692: [GC [PSYoungGen: 7646K->992K(7680K)] 15342K->8711K(24576K), 0.0004160 secs] [Times: user=0.00 sys=0.00, real=0.00 secs] 
82.692: Total time for which application threads were stopped: 0.0005220 seconds, Stopping threads took: 0.0000510 seconds
82.721: Application time: 0.0292140 seconds
82.722: [GC [PSYoungGen: 7646K->1008K(7680K)] 15366K->8735K(24576K), 0.0004090 secs] [Times: user=0.00 sys=0.00, real=0.00 secs] 
82.722: Total time for which application threads were stopped: 0.0005190 seconds, Stopping threads took: 0.0000580 seconds
82.751: Application time: 0.0291080 seconds
82.751: [GC [PSYoungGen: 7662K->992K(7680K)] 15390K->8719K(24576K), 0.0004450 secs] [Times: user=0.00 sys=0.00, real=0.00 secs] 
82.752: Total time for which application threads were stopped: 0.0005410 seconds, Stopping threads took: 0.0000440 seconds
82.781: Application time: 0.0290990 seconds
82.781: [GC [PSYoungGen: 7646K->928K(7680K)] 15374K->8783K(24576K), 0.0004380 secs] [Times: user=0.00 sys=0.00, real=0.00 secs] 
82.781: Total time for which application threads were stopped: 0.0005320 seconds, Stopping threads took: 0.0000440 seconds
82.811: Application time: 0.0292980 seconds
82.811: [GC [PSYoungGen: 7582K->736K(7680K)] 15438K->8815K(24576K), 0.0004010 secs] [Times: user=0.00 sys=0.00, real=0.00 secs] 
82.811: Total time for which application threads were stopped: 0.0005070 seconds, Stopping threads took: 0.0000520 seconds
82.840: Application time: 0.0289400 seconds
82.840: [GC [PSYoungGen: 7390K->640K(7680K)] 15470K->8783K(24576K), 0.0003860 secs] [Times: user=0.00 sys=0.00, real=0.00 secs] 
82.841: Total time for which application threads were stopped: 0.0004960 seconds, Stopping threads took: 0.0000580 seconds
82.868: Application time: 0.0272570 seconds
82.868: [GC [PSYoungGen: 7293K->768K(7680K)] 15437K->8927K(24576K), 0.0003940 secs] [Times: user=0.00 sys=0.00, real=0.00 secs] 
82.868: Total time for which application threads were stopped: 0.0004980 seconds, Stopping threads took: 0.0000510 seconds
82.896: Application time: 0.0279140 seconds
82.896: [GC [PSYoungGen: 7423K->896K(7680K)] 15582K->9103K(24576K), 0.0004310 secs] [Times: user=0.01 sys=0.00, real=0.00 secs] 
82.897: Total time for which application threads were stopped: 0.0005300 seconds, Stopping threads took: 0.0000480 seconds
82.924: Application time: 0.0274850 seconds
82.924: [GC [PSYoungGen: 7550K->928K(7680K)] 15757K->9167K(24576K), 0.0004150 secs] [Times: user=0.00 sys=0.00, real=0.00 secs] 
82.925: Total time for which application threads were stopped: 0.0005160 seconds, Stopping threads took: 0.0000490 seconds
82.954: Application time: 0.0293710 seconds
82.954: [GC [PSYoungGen: 7582K->896K(7680K)] 15822K->9135K(24576K), 0.0003880 secs] [Times: user=0.00 sys=0.00, real=0.00 secs] 
82.955: Total time for which application threads were stopped: 0.0004900 seconds, Stopping threads took: 0.0000480 seconds
82.984: Application time: 0.0295670 seconds
82.984: [GC [PSYoungGen: 7550K->864K(7680K)] 15790K->9103K(24576K), 0.0004110 secs] [Times: user=0.00 sys=0.00, real=0.00 secs] 
82.985: Total time for which application threads were stopped: 0.0005120 seconds, Stopping threads took: 0.0000510 seconds
83.015: Application time: 0.0298580 seconds
83.015: [GC [PSYoungGen: 7518K->928K(7680K)] 15758K->9183K(24576K), 0.0003750 secs] [Times: user=0.00 sys=0.00, real=0.00 secs] 
83.015: Total time for which application threads were stopped: 0.0004890 seconds, Stopping threads took: 0.0000510 seconds
83.045: Application time: 0.0299320 seconds
83.045: [GC [PSYoungGen: 7580K->864K(7680K)] 15835K->9175K(24576K), 0.0004410 secs] [Times: user=0.00 sys=0.00, real=0.00 secs] 
83.046: Total time for which application threads were stopped: 0.0005440 seconds, Stopping threads took: 0.0000490 seconds
83.075: Application time: 0.0295080 seconds
83.075: [GC [PSYoungGen: 7518K->928K(7680K)] 15830K->9239K(24576K), 0.0004170 secs] [Times: user=0.01 sys=0.00, real=0.00 secs] 
83.076: Total time for which application threads were stopped: 0.0005190 seconds, Stopping threads took: 0.0000490 seconds
83.105: Application time: 0.0296870 seconds
83.105: [GC [PSYoungGen: 7582K->672K(7680K)] 15894K->9203K(24576K), 0.0004590 secs] [Times: user=0.00 sys=0.00, real=0.00 secs] 
83.106: Total time for which application threads were stopped: 0.0005510 seconds, Stopping threads took: 0.0000400 seconds
83.136: Application time: 0.0298160 seconds
83.136: [GC [PSYoungGen: 7326K->736K(7680K)] 15858K->9267K(24576K), 0.0003510 secs] [Times: user=0.00 sys=0.00, real=0.00 secs] 
83.136: Total time for which application threads were stopped: 0.0004560 seconds, Stopping threads took: 0.0000500 seconds
83.166: Application time: 0.0295990 seconds
83.166: [GC [PSYoungGen: 7390K->672K(7680K)] 15922K->9203K(24576K), 0.0003420 secs] [Times: user=0.00 sys=0.00, real=0.00 secs] 
83.166: Total time for which application threads were stopped: 0.0004430 seconds, Stopping threads took: 0.0000480 seconds
83.196: Application time: 0.0296800 seconds
83.196: [GC [PSYoungGen: 7326K->672K(7680K)] 15858K->9203K(24576K), 0.0003960 secs] [Times: user=0.00 sys=0.00, real=0.00 secs] 
83.196: Total time for which application threads were stopped: 0.0004890 seconds, Stopping threads took: 0.0000420 seconds
83.226: Application time: 0.0299080 seconds
83.226: [GC [PSYoungGen: 7326K->704K(7680K)] 15858K->9235K(24576K), 0.0003590 secs] [Times: user=0.00 sys=0.00, real=0.00 secs] 
83.227: Total time for which application threads were stopped: 0.0004610 seconds, Stopping threads took: 0.0000520 seconds
83.257: Application time: 0.0298830 seconds
83.257: [GC [PSYoungGen: 7358K->704K(7680K)] 15890K->9235K(24576K), 0.0003540 secs] [Times: user=0.00 sys=0.00, real=0.00 secs] 
83.257: Total time for which application threads were stopped: 0.0004550 seconds, Stopping threads took: 0.0000490 seconds
83.287: Application time: 0.0296610 seconds
83.287: [GC [PSYoungGen: 7358K->672K(7680K)] 15890K->9203K(24576K), 0.0003660 secs] [Times: user=0.00 sys=0.00, real=0.01 secs] 
83.287: Total time for which application threads were stopped: 0.0004560 seconds, Stopping threads took: 0.0000380 seconds
83.317: Application time: 0.0298870 seconds
83.317: [GC [PSYoungGen: 7324K->544K(7680K)] 15856K->9315K(24576K), 0.0003550 secs] [Times: user=0.00 sys=0.00, real=0.00 secs] 
83.317: Total time for which application threads were stopped: 0.0004600 seconds, Stopping threads took: 0.0000530 seconds
83.347: Application time: 0.0298300 seconds
83.347: [GC [PSYoungGen: 7198K->352K(7680K)] 15970K->9347K(24576K), 0.0003290 secs] [Times: user=0.00 sys=0.00, real=0.00 secs] 
83.348: Total time for which application threads were stopped: 0.0004370 seconds, Stopping threads took: 0.0000560 seconds
83.377: Application time: 0.0295500 seconds
83.377: [GC [PSYoungGen: 7006K->0K(7680K)] 16002K->9219K(24576K), 0.0003450 secs] [Times: user=0.01 sys=0.00, real=0.00 secs] 
83.378: Total time for which application threads were stopped: 0.0004400 seconds, Stopping threads took: 0.0000460 seconds
83.407: Application time: 0.0294750 seconds
83.407: [GC [PSYoungGen: 6654K->0K(7680K)] 15874K->9219K(24576K), 0.0003240 secs] [Times: user=0.00 sys=0.00, real=0.00 secs] 
83.408: Total time for which application threads were stopped: 0.0004250 seconds, Stopping threads took: 0.0000510 seconds
83.437: Application time: 0.0294220 seconds
83.437: [GC [PSYoungGen: 6654K->0K(7680K)] 15874K->9219K(24576K), 0.0002990 secs] [Times: user=0.00 sys=0.00, real=0.00 secs] 
83.437: Total time for which application threads were stopped: 0.0003980 seconds, Stopping threads took: 0.0000520 seconds
83.462: Application time: 0.0250330 seconds
83.463: [GC [PSYoungGen: 6654K->352K(7680K)] 15874K->9571K(24576K), 0.0003240 secs] [Times: user=0.00 sys=0.00, real=0.00 secs] 
83.463: Total time for which application threads were stopped: 0.0004190 seconds, Stopping threads took: 0.0000450 seconds
83.484: Application time: 0.0206320 seconds
83.484: [GC [PSYoungGen: 7004K->256K(7680K)] 16224K->9475K(24576K), 0.0003790 secs] [Times: user=0.00 sys=0.00, real=0.00 secs] 
83.484: Total time for which application threads were stopped: 0.0004830 seconds, Stopping threads took: 0.0000540 seconds
83.503: Application time: 0.0186850 seconds
83.503: [GC [PSYoungGen: 6908K->480K(7680K)] 16128K->9700K(24576K), 0.0004200 secs] [Times: user=0.00 sys=0.00, real=0.00 secs] 
83.503: Total time for which application threads were stopped: 0.0005170 seconds, Stopping threads took: 0.0000490 seconds
83.524: Application time: 0.0203280 seconds
83.524: [GC [PSYoungGen: 7135K->576K(7680K)] 16355K->9796K(24576K), 0.0003740 secs] [Times: user=0.00 sys=0.00, real=0.00 secs] 
83.524: Total time for which application threads were stopped: 0.0004880 seconds, Stopping threads took: 0.0000530 seconds
83.546: Application time: 0.0223830 seconds
83.547: [GC [PSYoungGen: 7227K->640K(7680K)] 16447K->9860K(24576K), 0.0003700 secs] [Times: user=0.01 sys=0.00, real=0.01 secs] 
83.547: Total time for which application threads were stopped: 0.0004740 seconds, Stopping threads took: 0.0000510 seconds
83.575: Application time: 0.0280340 seconds
83.575: [GC [PSYoungGen: 7294K->544K(7680K)] 16514K->9764K(24576K), 0.0003530 secs] [Times: user=0.00 sys=0.00, real=0.00 secs] 
83.575: Total time for which application threads were stopped: 0.0004470 seconds, Stopping threads took: 0.0000460 seconds
83.604: Application time: 0.0289570 seconds
83.604: [GC [PSYoungGen: 7198K->512K(7680K)] 16418K->9732K(24576K), 0.0003590 secs] [Times: user=0.00 sys=0.00, real=0.00 secs] 
83.605: Total time for which application threads were stopped: 0.0004510 seconds, Stopping threads took: 0.0000410 seconds
83.633: Application time: 0.0286370 seconds
83.634: [GC [PSYoungGen: 7163K->512K(7680K)] 16383K->9732K(24576K), 0.0003940 secs] [Times: user=0.01 sys=0.00, real=0.00 secs] 
83.634: Total time for which application threads were stopped: 0.0005100 seconds, Stopping threads took: 0.0000530 seconds
83.663: Application time: 0.0291910 seconds
83.663: [GC [PSYoungGen: 7166K->608K(7680K)] 16386K->9828K(24576K), 0.0003550 secs] [Times: user=0.00 sys=0.00, real=0.00 secs] 
83.664: Total time for which application threads were stopped: 0.0004540 seconds, Stopping threads took: 0.0000470 seconds
83.693: Application time: 0.0290800 seconds
83.693: [GC [PSYoungGen: 7262K->480K(7680K)] 16482K->9700K(24576K), 0.0003380 secs] [Times: user=0.00 sys=0.00, real=0.00 secs] 
83.693: Total time for which application threads were stopped: 0.0004290 seconds, Stopping threads took: 0.0000390 seconds
83.719: Application time: 0.0254100 seconds
83.719: [GC [PSYoungGen: 7132K->704K(7680K)] 16352K->9924K(24576K), 0.0003810 secs] [Times: user=0.00 sys=0.00, real=0.01 secs] 
83.719: Total time for which application threads were stopped: 0.0005080 seconds, Stopping threads took: 0.0000730 seconds
83.740: Application time: 0.0205760 seconds
83.740: [GC [PSYoungGen: 7358K->768K(7680K)] 16578K->9988K(24576K), 0.0003670 secs] [Times: user=0.00 sys=0.00, real=0.00 secs] 
83.740: Total time for which application threads were stopped: 0.0004570 seconds, Stopping threads took: 0.0000380 seconds
83.763: Application time: 0.0226190 seconds
83.763: [GC [PSYoungGen: 7419K->704K(7680K)] 16639K->9924K(24576K), 0.0003690 secs] [Times: user=0.00 sys=0.00, real=0.00 secs] 
83.763: Total time for which application threads were stopped: 0.0004540 seconds, Stopping threads took: 0.0000280 seconds
83.792: Application time: 0.0292170 seconds
83.792: [GC [PSYoungGen: 7356K->640K(7680K)] 16576K->9860K(24576K), 0.0004220 secs] [Times: user=0.00 sys=0.00, real=0.00 secs] 
83.793: Total time for which application threads were stopped: 0.0005210 seconds, Stopping threads took: 0.0000450 seconds
83.822: Application time: 0.0286200 seconds
83.822: [GC [PSYoungGen: 7294K->576K(7680K)] 16514K->9796K(24576K), 0.0003410 secs] [Times: user=0.00 sys=0.00, real=0.00 secs] 
83.822: Total time for which application threads were stopped: 0.0004340 seconds, Stopping threads took: 0.0000410 seconds
83.850: Application time: 0.0280860 seconds
83.850: [GC [PSYoungGen: 7229K->704K(7680K)] 16449K->9924K(24576K), 0.0003570 secs] [Times: user=0.00 sys=0.00, real=0.00 secs] 
83.850: Total time for which application threads were stopped: 0.0004530 seconds, Stopping threads took: 0.0000430 seconds
83.876: Application time: 0.0251870 seconds
83.876: [GC [PSYoungGen: 7356K->896K(7680K)] 16576K->10116K(24576K), 0.0004130 secs] [Times: user=0.01 sys=0.00, real=0.00 secs] 
83.876: Total time for which application threads were stopped: 0.0005350 seconds, Stopping threads took: 0.0000570 seconds
83.895: Application time: 0.0191060 seconds
83.895: [GC [PSYoungGen: 7549K->992K(7680K)] 16769K->10212K(24576K), 0.0004090 secs] [Times: user=0.00 sys=0.00, real=0.00 secs] 
83.896: Total time for which application threads were stopped: 0.0005080 seconds, Stopping threads took: 0.0000460 seconds
83.916: Application time: 0.0196890 seconds
83.916: [GC [PSYoungGen: 7647K->992K(7680K)] 16867K->10376K(24576K), 0.0004400 secs] [Times: user=0.00 sys=0.00, real=0.00 secs] 
83.916: Total time for which application threads were stopped: 0.0005510 seconds, Stopping threads took: 0.0000580 seconds
83.935: Application time: 0.0189140 seconds
83.935: [GC [PSYoungGen: 7647K->976K(7680K)] 17031K->10488K(24576K), 0.0004790 secs] [Times: user=0.00 sys=0.00, real=0.00 secs] 
83.936: Total time for which application threads were stopped: 0.0005710 seconds, Stopping threads took: 0.0000390 seconds
83.957: Application time: 0.0211500 seconds
83.957: [GC [PSYoungGen: 7631K->880K(7680K)] 17143K->10392K(24576K), 0.0004190 secs] [Times: user=0.01 sys=0.00, real=0.00 secs] 
83.957: Total time for which application threads were stopped: 0.0005150 seconds, Stopping threads took: 0.0000440 seconds
83.983: Application time: 0.0257700 seconds
83.983: [GC [PSYoungGen: 7533K->992K(7680K)] 17045K->10776K(24576K), 0.0004570 secs] [Times: user=0.00 sys=0.00, real=0.00 secs] 
83.984: Total time for which application threads were stopped: 0.0005660 seconds, Stopping threads took: 0.0000560 seconds
84.012: Application time: 0.0288010 seconds
84.012: [GC [PSYoungGen: 7644K->976K(7680K)] 17428K->10760K(24576K), 0.0003990 secs] [Times: user=0.00 sys=0.00, real=0.00 secs] 
84.013: Total time for which application threads were stopped: 0.0005100 seconds, Stopping threads took: 0.0000590 seconds
84.041: Application time: 0.0281610 seconds
84.041: [GC [PSYoungGen: 7630K->992K(7680K)] 17414K->10904K(24576K), 0.0004360 secs] [Times: user=0.00 sys=0.00, real=0.00 secs] 
84.042: Total time for which application threads were stopped: 0.0005450 seconds, Stopping threads took: 0.0000470 seconds
84.071: Application time: 0.0296420 seconds
84.071: [GC [PSYoungGen: 7646K->992K(7680K)] 17558K->10904K(24576K), 0.0004150 secs] [Times: user=0.00 sys=0.00, real=0.00 secs] 
84.072: Total time for which application threads were stopped: 0.0005240 seconds, Stopping threads took: 0.0000570 seconds
84.101: Application time: 0.0289960 seconds
84.101: [GC [PSYoungGen: 7646K->928K(7680K)] 17558K->10840K(24576K), 0.0004460 secs] [Times: user=0.00 sys=0.00, real=0.00 secs] 
84.101: Total time for which application threads were stopped: 0.0005490 seconds, Stopping threads took: 0.0000530 seconds
84.130: Application time: 0.0286770 seconds
84.130: [GC [PSYoungGen: 7582K->960K(7680K)] 17494K->10872K(24576K), 0.0004440 secs] [Times: user=0.00 sys=0.00, real=0.00 secs] 
84.131: Total time for which application threads were stopped: 0.0005360 seconds, Stopping threads took: 0.0000410 seconds
84.156: Application time: 0.0254770 seconds
84.156: [GC [PSYoungGen: 7512K->992K(7680K)] 17424K->11012K(24576K), 0.0005020 secs] [Times: user=0.00 sys=0.00, real=0.00 secs] 
84.157: Total time for which application threads were stopped: 0.0006070 seconds, Stopping threads took: 0.0000510 seconds
84.176: Application time: 0.0193280 seconds
84.176: [GC [PSYoungGen: 7644K->1008K(7680K)] 17665K->11408K(24576K), 0.0005500 secs] [Times: user=0.01 sys=0.00, real=0.00 secs] 
84.177: Total time for which application threads were stopped: 0.0006480 seconds, Stopping threads took: 0.0000420 seconds
84.193: Application time: 0.0161250 seconds
84.193: [GC [PSYoungGen: 7660K->1008K(7680K)] 18060K->11568K(24576K), 0.0004550 secs] [Times: user=0.01 sys=0.00, real=0.00 secs] 
84.193: Total time for which application threads were stopped: 0.0005460 seconds, Stopping threads took: 0.0000390 seconds
84.212: Application time: 0.0187580 seconds
84.212: [GC [PSYoungGen: 7660K->1008K(7680K)] 18220K->11704K(24576K), 0.0004810 secs] [Times: user=0.00 sys=0.00, real=0.00 secs] 
84.213: Total time for which application threads were stopped: 0.0005850 seconds, Stopping threads took: 0.0000440 seconds
84.229: Application time: 0.0166610 seconds
84.229: [GC [PSYoungGen: 7663K->1008K(7680K)] 18360K->12013K(24576K), 0.0005130 secs] [Times: user=0.00 sys=0.00, real=0.00 secs] 
84.230: Total time for which application threads were stopped: 0.0006190 seconds, Stopping threads took: 0.0000500 seconds
84.251: Application time: 0.0206520 seconds
84.255: [GC [PSYoungGen: 7659K->896K(7680K)] 18664K->12145K(24576K), 0.0004830 secs] [Times: user=0.01 sys=0.00, real=0.00 secs] 
84.255: Total time for which application threads were stopped: 0.0047640 seconds, Stopping threads took: 0.0042290 seconds
84.279: Application time: 0.0233240 seconds
84.279: [GC [PSYoungGen: 7551K->960K(7680K)] 18801K->12353K(24576K), 0.0004370 secs] [Times: user=0.00 sys=0.00, real=0.01 secs] 
84.279: Total time for which application threads were stopped: 0.0005330 seconds, Stopping threads took: 0.0000400 seconds
84.306: Application time: 0.0268800 seconds
84.306: [GC [PSYoungGen: 7614K->992K(7680K)] 19007K->12665K(24576K), 0.0005090 secs] [Times: user=0.00 sys=0.00, real=0.00 secs] 
84.307: Total time for which application threads were stopped: 0.0006080 seconds, Stopping threads took: 0.0000440 seconds
84.333: Application time: 0.0267550 seconds
84.334: [GC [PSYoungGen: 7646K->992K(7680K)] 19319K->12697K(24576K), 0.0004620 secs] [Times: user=0.00 sys=0.00, real=0.00 secs] 
84.334: Total time for which application threads were stopped: 0.0005660 seconds, Stopping threads took: 0.0000480 seconds
84.361: Application time: 0.0271880 seconds
84.361: [GC [PSYoungGen: 7645K->992K(7680K)] 19351K->12918K(24576K), 0.0004820 secs] [Times: user=0.00 sys=0.00, real=0.00 secs] 
84.362: Total time for which application threads were stopped: 0.0005780 seconds, Stopping threads took: 0.0000410 seconds
84.391: Application time: 0.0290950 seconds
84.391: [GC [PSYoungGen: 7646K->992K(7680K)] 19572K->12918K(24576K), 0.0004350 secs] [Times: user=0.00 sys=0.00, real=0.00 secs] 
84.391: Total time for which application threads were stopped: 0.0005390 seconds, Stopping threads took: 0.0000510 seconds
84.421: Application time: 0.0295660 seconds
84.421: [GC [PSYoungGen: 7646K->1008K(7680K)] 19572K->12950K(24576K), 0.0004130 secs] [Times: user=0.00 sys=0.00, real=0.00 secs] 
84.421: Total time for which application threads were stopped: 0.0005180 seconds, Stopping threads took: 0.0000520 seconds
84.451: Application time: 0.0294860 seconds
84.451: [GC [PSYoungGen: 7662K->992K(7680K)] 19604K->12942K(24576K), 0.0004060 secs] [Times: user=0.01 sys=0.00, real=0.00 secs] 
84.451: Total time for which application threads were stopped: 0.0005060 seconds, Stopping threads took: 0.0000480 seconds
84.481: Application time: 0.0293750 seconds
84.481: [GC [PSYoungGen: 7646K->992K(7680K)] 19596K->12978K(24576K), 0.0004170 secs] [Times: user=0.00 sys=0.00, real=0.00 secs] 
84.481: Total time for which application threads were stopped: 0.0005160 seconds, Stopping threads took: 0.0000470 seconds
84.511: Application time: 0.0294930 seconds
84.511: [GC [PSYoungGen: 7646K->976K(7680K)] 19632K->12962K(24576K), 0.0004660 secs] [Times: user=0.00 sys=0.00, real=0.00 secs] 
84.511: Total time for which application threads were stopped: 0.0005750 seconds, Stopping threads took: 0.0000560 seconds
84.541: Application time: 0.0291590 seconds
84.541: [GC [PSYoungGen: 7630K->992K(7680K)] 19616K->13014K(24576K), 0.0005020 secs] [Times: user=0.00 sys=0.00, real=0.00 secs] 
84.541: Total time for which application threads were stopped: 0.0006010 seconds, Stopping threads took: 0.0000470 seconds
84.570: Application time: 0.0290750 seconds
84.570: [GC [PSYoungGen: 7644K->928K(7680K)] 19666K->12990K(24576K), 0.0004310 secs] [Times: user=0.00 sys=0.00, real=0.00 secs] 
84.571: Total time for which application threads were stopped: 0.0005500 seconds, Stopping threads took: 0.0000500 seconds
84.599: Application time: 0.0283150 seconds
84.599: [GC [PSYoungGen: 7580K->992K(7680K)] 19642K->13222K(24576K), 0.0004330 secs] [Times: user=0.01 sys=0.00, real=0.00 secs] 
84.600: Total time for which application threads were stopped: 0.0005400 seconds, Stopping threads took: 0.0000530 seconds
84.627: Application time: 0.0270100 seconds
84.627: [GC [PSYoungGen: 7645K->1008K(7680K)] 19875K->13382K(24576K), 0.0005710 secs] [Times: user=0.00 sys=0.00, real=0.00 secs] 
84.627: Total time for which application threads were stopped: 0.0006830 seconds, Stopping threads took: 0.0000470 seconds
84.657: Application time: 0.0293330 seconds
84.657: [GC [PSYoungGen: 7637K->928K(7680K)] 20011K->13379K(24576K), 0.0004820 secs] [Times: user=0.00 sys=0.00, real=0.00 secs] 
84.657: Total time for which application threads were stopped: 0.0005890 seconds, Stopping threads took: 0.0000510 seconds
84.685: Application time: 0.0280530 seconds
84.685: [GC [PSYoungGen: 7583K->960K(7680K)] 20035K->13539K(24576K), 0.0004180 secs] [Times: user=0.01 sys=0.00, real=0.00 secs] 
84.686: Total time for which application threads were stopped: 0.0005230 seconds, Stopping threads took: 0.0000500 seconds
84.715: Application time: 0.0295700 seconds
84.716: [GC [PSYoungGen: 7614K->864K(7680K)] 20194K->13507K(24576K), 0.0004040 secs] [Times: user=0.00 sys=0.00, real=0.00 secs] 
84.716: Total time for which application threads were stopped: 0.0005060 seconds, Stopping threads took: 0.0000490 seconds
84.745: Application time: 0.0294990 seconds
84.746: [GC [PSYoungGen: 7518K->768K(7680K)] 20162K->13483K(24576K), 0.0003790 secs] [Times: user=0.00 sys=0.00, real=0.00 secs] 
84.746: Total time for which application threads were stopped: 0.0004790 seconds, Stopping threads took: 0.0000480 seconds
84.776: Application time: 0.0296770 seconds
84.776: [GC [PSYoungGen: 7422K->736K(7680K)] 20138K->13515K(24576K), 0.0003760 secs] [Times: user=0.00 sys=0.00, real=0.00 secs] 
84.776: Total time for which application threads were stopped: 0.0004820 seconds, Stopping threads took: 0.0000540 seconds
84.806: Application time: 0.0298470 seconds
84.806: [GC [PSYoungGen: 7388K->704K(7680K)] 20167K->13567K(24576K), 0.0003700 secs] [Times: user=0.00 sys=0.00, real=0.00 secs] 
84.806: Total time for which application threads were stopped: 0.0004740 seconds, Stopping threads took: 0.0000530 seconds
84.836: Application time: 0.0295700 seconds
84.836: [GC [PSYoungGen: 7358K->704K(7680K)] 20222K->13567K(24576K), 0.0004060 secs] [Times: user=0.01 sys=0.00, real=0.00 secs] 
84.837: Total time for which application threads were stopped: 0.0005050 seconds, Stopping threads took: 0.0000470 seconds
84.866: Application time: 0.0295140 seconds
84.866: [GC [PSYoungGen: 7358K->640K(7680K)] 20222K->13503K(24576K), 0.0004620 secs] [Times: user=0.00 sys=0.00, real=0.00 secs] 
84.867: Total time for which application threads were stopped: 0.0005690 seconds, Stopping threads took: 0.0000540 seconds
84.897: Application time: 0.0301310 seconds
84.897: [GC [PSYoungGen: 7294K->704K(7680K)] 20158K->13567K(24576K), 0.0003790 secs] [Times: user=0.00 sys=0.00, real=0.00 secs] 
84.897: Total time for which application threads were stopped: 0.0004900 seconds, Stopping threads took: 0.0000590 seconds
84.927: Application time: 0.0295300 seconds
84.927: [GC [PSYoungGen: 7358K->672K(7680K)] 20222K->13535K(24576K), 0.0003420 secs] [Times: user=0.00 sys=0.00, real=0.00 secs] 
84.927: Total time for which application threads were stopped: 0.0004400 seconds, Stopping threads took: 0.0000470 seconds
84.957: Application time: 0.0298220 seconds
84.957: [GC [PSYoungGen: 7326K->704K(7680K)] 20190K->13567K(24576K), 0.0003580 secs] [Times: user=0.00 sys=0.00, real=0.00 secs] 
84.957: Total time for which application threads were stopped: 0.0004600 seconds, Stopping threads took: 0.0000520 seconds
84.988: Application time: 0.0300270 seconds
84.988: [GC [PSYoungGen: 7358K->672K(7680K)] 20222K->13535K(24576K), 0.0003570 secs] [Times: user=0.00 sys=0.00, real=0.00 secs] 
84.988: Total time for which application threads were stopped: 0.0004640 seconds, Stopping threads took: 0.0000530 seconds
85.018: Application time: 0.0295590 seconds
85.018: [GC [PSYoungGen: 7326K->704K(7680K)] 20190K->13567K(24576K), 0.0004200 secs] [Times: user=0.00 sys=0.00, real=0.00 secs] 
85.018: Total time for which application threads were stopped: 0.0005240 seconds, Stopping threads took: 0.0000510 seconds
85.048: Application time: 0.0295660 seconds
85.048: [GC [PSYoungGen: 7358K->704K(7680K)] 20222K->13567K(24576K), 0.0003460 secs] [Times: user=0.00 sys=0.00, real=0.00 secs] 
85.048: Total time for which application threads were stopped: 0.0004400 seconds, Stopping threads took: 0.0000410 seconds
85.078: Application time: 0.0297960 seconds
85.078: [GC [PSYoungGen: 7356K->288K(7680K)] 20220K->13564K(24576K), 0.0004010 secs] [Times: user=0.01 sys=0.00, real=0.00 secs] 
85.078: Total time for which application threads were stopped: 0.0005150 seconds, Stopping threads took: 0.0000540 seconds
85.108: Application time: 0.0294940 seconds
85.108: [GC [PSYoungGen: 6942K->320K(7680K)] 20219K->13604K(24576K), 0.0003580 secs] [Times: user=0.00 sys=0.00, real=0.00 secs] 
85.108: Total time for which application threads were stopped: 0.0004510 seconds, Stopping threads took: 0.0000400 seconds
85.138: Application time: 0.0294900 seconds
85.138: [GC [PSYoungGen: 6972K->0K(7680K)] 20256K->13504K(24576K), 0.0004380 secs] [Times: user=0.00 sys=0.00, real=0.00 secs] 
85.138: Total time for which application threads were stopped: 0.0005260 seconds, Stopping threads took: 0.0000380 seconds
85.168: Application time: 0.0293780 seconds
85.171: [GC [PSYoungGen: 6654K->0K(7680K)] 20159K->13504K(24576K), 0.0003010 secs] [Times: user=0.00 sys=0.00, real=0.00 secs] 
85.171: Total time for which application threads were stopped: 0.0034070 seconds, Stopping threads took: 0.0030590 seconds
85.200: Application time: 0.0293570 seconds
85.201: [GC [PSYoungGen: 6654K->0K(7680K)] 20159K->13504K(24576K), 0.0002870 secs] [Times: user=0.00 sys=0.00, real=0.00 secs] 
85.201: Total time for which application threads were stopped: 0.0003850 seconds, Stopping threads took: 0.0000480 seconds
85.221: Application time: 0.0200220 seconds
85.221: [GC [PSYoungGen: 6655K->384K(7680K)] 20160K->13888K(24576K), 0.0003460 secs] [Times: user=0.00 sys=0.00, real=0.00 secs] 
85.221: Total time for which application threads were stopped: 0.0004450 seconds, Stopping threads took: 0.0000500 seconds
85.238: Application time: 0.0162790 seconds
85.238: [GC [PSYoungGen: 7036K->544K(7680K)] 20541K->14048K(24576K), 0.0003590 secs] [Times: user=0.00 sys=0.00, real=0.00 secs] 
85.238: Total time for which application threads were stopped: 0.0004610 seconds, Stopping threads took: 0.0000530 seconds
85.257: Application time: 0.0184810 seconds
85.257: [GC [PSYoungGen: 7198K->544K(7680K)] 20703K->14048K(24576K), 0.0003590 secs] [Times: user=0.00 sys=0.00, real=0.00 secs] 
85.257: Total time for which application threads were stopped: 0.0004560 seconds, Stopping threads took: 0.0000480 seconds
85.280: Application time: 0.0233890 seconds
85.280: [GC [PSYoungGen: 7195K->576K(7680K)] 20700K->14080K(24576K), 0.0003680 secs] [Times: user=0.01 sys=0.00, real=0.00 secs] 
85.281: Total time for which application threads were stopped: 0.0004650 seconds, Stopping threads took: 0.0000470 seconds
85.309: Application time: 0.0277670 seconds
85.309: [GC [PSYoungGen: 7230K->512K(7680K)] 20735K->14016K(24576K), 0.0003520 secs] [Times: user=0.00 sys=0.00, real=0.00 secs] 
85.309: Total time for which application threads were stopped: 0.0004590 seconds, Stopping threads took: 0.0000550 seconds
85.338: Application time: 0.0287900 seconds
85.338: [GC [PSYoungGen: 7164K->448K(7680K)] 20669K->13952K(24576K), 0.0003890 secs] [Times: user=0.00 sys=0.00, real=0.00 secs] 
85.338: Total time for which application threads were stopped: 0.0004950 seconds, Stopping threads took: 0.0000550 seconds
85.367: Application time: 0.0282030 seconds
85.375: [GC [PSYoungGen: 7100K->640K(7680K)] 20605K->14144K(24576K), 0.0004180 secs] [Times: user=0.00 sys=0.00, real=0.00 secs] 
85.375: Total time for which application threads were stopped: 0.0083700 seconds, Stopping threads took: 0.0079040 seconds
85.404: Application time: 0.0293170 seconds
85.404: [GC [PSYoungGen: 7292K->640K(7680K)] 20797K->14144K(24576K), 0.0004400 secs] [Times: user=0.00 sys=0.00, real=0.00 secs] 
85.405: Total time for which application threads were stopped: 0.0005390 seconds, Stopping threads took: 0.0000510 seconds
85.434: Application time: 0.0291060 seconds
85.434: [GC [PSYoungGen: 7294K->480K(7680K)] 20799K->13984K(24576K), 0.0003500 secs] [Times: user=0.00 sys=0.00, real=0.00 secs] 
85.434: Total time for which application threads were stopped: 0.0004670 seconds, Stopping threads took: 0.0000650 seconds
85.460: Application time: 0.0259620 seconds
85.460: [GC [PSYoungGen: 7134K->704K(7680K)] 20639K->14208K(24576K), 0.0003650 secs] [Times: user=0.00 sys=0.00, real=0.00 secs] 
85.461: Total time for which application threads were stopped: 0.0004680 seconds, Stopping threads took: 0.0000530 seconds
85.481: Application time: 0.0204580 seconds
85.481: [GC [PSYoungGen: 7358K->704K(7680K)] 20863K->14208K(24576K), 0.0004050 secs] [Times: user=0.00 sys=0.00, real=0.00 secs] 
85.482: Total time for which application threads were stopped: 0.0005010 seconds, Stopping threads took: 0.0000460 seconds
85.503: Application time: 0.0213980 seconds
85.503: [GC [PSYoungGen: 7357K->736K(7680K)] 20862K->14240K(24576K), 0.0003690 secs] [Times: user=0.01 sys=0.00, real=0.00 secs] 
85.504: Total time for which application threads were stopped: 0.0004770 seconds, Stopping threads took: 0.0000550 seconds
85.533: Application time: 0.0288770 seconds
85.533: [GC [PSYoungGen: 7388K->736K(7680K)] 20893K->14240K(24576K), 0.0003530 secs] [Times: user=0.00 sys=0.00, real=0.00 secs] 
85.533: Total time for which application threads were stopped: 0.0004450 seconds, Stopping threads took: 0.0000410 seconds
85.562: Application time: 0.0286880 seconds
85.562: [GC [PSYoungGen: 7388K->704K(7680K)] 20893K->14208K(24576K), 0.0003590 secs] [Times: user=0.01 sys=0.00, real=0.00 secs] 
85.562: Total time for which application threads were stopped: 0.0004660 seconds, Stopping threads took: 0.0000530 seconds
85.590: Application time: 0.0276590 seconds
85.590: [GC [PSYoungGen: 7356K->832K(7680K)] 20861K->14336K(24576K), 0.0003570 secs] [Times: user=0.00 sys=0.00, real=0.00 secs] 
85.590: Total time for which application threads were stopped: 0.0004710 seconds, Stopping threads took: 0.0000530 seconds
85.615: Application time: 0.0249090 seconds
85.617: [GC [PSYoungGen: 7484K->928K(7680K)] 20988K->14432K(24576K), 0.0005500 secs] [Times: user=0.00 sys=0.00, real=0.00 secs] 
85.617: Total time for which application threads were stopped: 0.0018860 seconds, Stopping threads took: 0.0012650 seconds
85.637: Application time: 0.0198480 seconds
85.637: [GC [PSYoungGen: 7580K->960K(7680K)] 21085K->14593K(24576K), 0.0004340 secs] [Times: user=0.00 sys=0.00, real=0.00 secs] 
85.637: Total time for which application threads were stopped: 0.0005350 seconds, Stopping threads took: 0.0000460 seconds
85.656: Application time: 0.0181130 seconds
85.656: [GC [PSYoungGen: 7612K->992K(7680K)] 21245K->14701K(24576K), 0.0004740 secs] [Times: user=0.00 sys=0.00, real=0.00 secs] 
85.656: Total time for which application threads were stopped: 0.0005680 seconds, Stopping threads took: 0.0000390 seconds
85.676: Application time: 0.0195630 seconds
85.676: [GC [PSYoungGen: 7647K->992K(7680K)] 21357K->14877K(24576K), 0.0004770 secs] [Times: user=0.00 sys=0.00, real=0.00 secs] 
85.676: Total time for which application threads were stopped: 0.0005810 seconds, Stopping threads took: 0.0000510 seconds
85.696: Application time: 0.0198530 seconds
85.696: [GC [PSYoungGen: 7631K->992K(7680K)] 21516K->14877K(24576K), 0.0005140 secs] [Times: user=0.00 sys=0.00, real=0.00 secs] 
85.697: Total time for which application threads were stopped: 0.0006150 seconds, Stopping threads took: 0.0000480 seconds
85.724: Application time: 0.0269780 seconds
85.724: [GC [PSYoungGen: 7645K->992K(7680K)] 21530K->15122K(24576K), 0.0004990 secs] [Times: user=0.00 sys=0.00, real=0.00 secs] 
85.724: Total time for which application threads were stopped: 0.0006040 seconds, Stopping threads took: 0.0000430 seconds
85.753: Application time: 0.0289380 seconds
85.753: [GC [PSYoungGen: 7646K->992K(7680K)] 21777K->15170K(24576K), 0.0004780 secs] [Times: user=0.00 sys=0.00, real=0.00 secs] 
85.755: Total time for which application threads were stopped: 0.0015500 seconds, Stopping threads took: 0.0000440 seconds
85.783: Application time: 0.0279600 seconds
85.783: [GC [PSYoungGen: 7645K->1008K(7680K)] 21824K->15194K(24576K), 0.0004480 secs] [Times: user=0.00 sys=0.00, real=0.00 secs] 
85.783: Total time for which application threads were stopped: 0.0005730 seconds, Stopping threads took: 0.0000710 seconds
85.812: Application time: 0.0290980 seconds
85.813: [GC [PSYoungGen: 7662K->992K(7680K)] 21849K->15178K(24576K), 0.0004520 secs] [Times: user=0.00 sys=0.00, real=0.00 secs] 
85.813: Total time for which application threads were stopped: 0.0005550 seconds, Stopping threads took: 0.0000490 seconds
85.842: Application time: 0.0290760 seconds
85.842: [GC [PSYoungGen: 7644K->1008K(7680K)] 21830K->15194K(24576K), 0.0005110 secs] [Times: user=0.00 sys=0.01, real=0.00 secs] 
85.843: Total time for which application threads were stopped: 0.0006410 seconds, Stopping threads took: 0.0000680 seconds
85.872: Application time: 0.0288110 seconds
85.872: [GC [PSYoungGen: 7662K->992K(7680K)] 21849K->15202K(24576K), 0.0004640 secs] [Times: user=0.00 sys=0.00, real=0.00 secs] 
85.872: Total time for which application threads were stopped: 0.0005560 seconds, Stopping threads took: 0.0000400 seconds
85.901: Application time: 0.0285720 seconds
85.901: [GC [PSYoungGen: 7644K->1008K(7680K)] 21854K->15370K(24576K), 0.0004680 secs] [Times: user=0.00 sys=0.00, real=0.00 secs] 
85.901: Total time for which application threads were stopped: 0.0005650 seconds, Stopping threads took: 0.0000460 seconds
85.922: Application time: 0.0208190 seconds
85.922: [GC [PSYoungGen: 7560K->992K(7680K)] 21923K->15646K(24576K), 0.0005250 secs] [Times: user=0.00 sys=0.00, real=0.00 secs] 
85.923: Total time for which application threads were stopped: 0.0006290 seconds, Stopping threads took: 0.0000500 seconds
85.938: Application time: 0.0154760 seconds
85.938: [GC [PSYoungGen: 7644K->992K(7680K)] 22298K->15882K(24576K), 0.0004900 secs] [Times: user=0.00 sys=0.00, real=0.01 secs] 
85.939: Total time for which application threads were stopped: 0.0005900 seconds, Stopping threads took: 0.0000450 seconds
85.956: Application time: 0.0172500 seconds
85.956: Total time for which application threads were stopped: 0.0000760 seconds, Stopping threads took: 0.0000560 seconds
85.956: Application time: 0.0000530 seconds
85.956: [GC [PSYoungGen: 7640K->880K(7680K)] 22659K->15938K(24576K), 0.0004660 secs] [Times: user=0.00 sys=0.00, real=0.00 secs] 
85.957: Total time for which application threads were stopped: 0.0005440 seconds, Stopping threads took: 0.0000330 seconds
85.973: Application time: 0.0159080 seconds
85.973: [GC [PSYoungGen: 7536K->1008K(7680K)] 22615K->16215K(24576K), 0.0004690 secs] [Times: user=0.00 sys=0.00, real=0.00 secs] 
85.973: Total time for which application threads were stopped: 0.0005580 seconds, Stopping threads took: 0.0000390 seconds
85.994: Application time: 0.0208210 seconds
85.994: [GC [PSYoungGen: 7661K->992K(7680K)] 22868K->16335K(24576K), 0.0004600 secs] [Times: user=0.00 sys=0.00, real=0.00 secs] 
85.995: Total time for which application threads were stopped: 0.0005490 seconds, Stopping threads took: 0.0000400 seconds
86.017: Application time: 0.0227050 seconds
86.017: [GC [PSYoungGen: 7646K->896K(7680K)] 22989K->16503K(24576K), 0.0004500 secs] [Times: user=0.00 sys=0.00, real=0.00 secs] 
86.018: Total time for which application threads were stopped: 0.0005500 seconds, Stopping threads took: 0.0000480 seconds
86.044: Application time: 0.0257030 seconds
86.044: [GC [PSYoungGen: 7549K->1008K(7680K)] 23156K->16791K(24576K), 0.0004490 secs] [Times: user=0.00 sys=0.00, real=0.00 secs] 
86.044: Total time for which application threads were stopped: 0.0005460 seconds, Stopping threads took: 0.0000420 seconds
86.072: Application time: 0.0278030 seconds
86.072: [GC [PSYoungGen: 7662K->992K(7680K)] 23445K->16847K(24576K), 0.0004570 secs] [Times: user=0.00 sys=0.00, real=0.00 secs] 
86.072: Total time for which application threads were stopped: 0.0005650 seconds, Stopping threads took: 0.0000530 seconds
86.099: Application time: 0.0270260 seconds
86.100: [GC [PSYoungGen: 7644K->1008K(7680K)] 23500K->17015K(24576K), 0.0004510 secs] [Times: user=0.00 sys=0.00, real=0.00 secs] 
86.100: Total time for which application threads were stopped: 0.0005580 seconds, Stopping threads took: 0.0000450 seconds
86.129: Application time: 0.0286490 seconds
86.129: [GC [PSYoungGen: 7660K->992K(7680K)] 23668K->17127K(24576K), 0.0004160 secs] [Times: user=0.00 sys=0.00, real=0.00 secs] 
86.129: Total time for which application threads were stopped: 0.0005170 seconds, Stopping threads took: 0.0000460 seconds
86.158: Application time: 0.0292020 seconds
86.163: [GC [PSYoungGen: 7646K->928K(7680K)] 23782K->17103K(24576K), 0.0004730 secs] [Times: user=0.00 sys=0.00, real=0.00 secs] 
86.163: Total time for which application threads were stopped: 0.0049160 seconds, Stopping threads took: 0.0043870 seconds
86.192: Application time: 0.0290680 seconds
86.192: [GC [PSYoungGen: 7582K->928K(7680K)] 23758K->17103K(24576K), 0.0004000 secs] [Times: user=0.00 sys=0.00, real=0.00 secs] 
86.193: Total time for which application threads were stopped: 0.0005050 seconds, Stopping threads took: 0.0000540 seconds
86.222: Application time: 0.0292690 seconds
86.222: [GC [PSYoungGen: 7582K->944K(7680K)] 23758K->17119K(24576K), 0.0004140 secs] [Times: user=0.00 sys=0.00, real=0.00 secs] 
86.223: Total time for which application threads were stopped: 0.0005470 seconds, Stopping threads took: 0.0000790 seconds
86.252: Application time: 0.0291300 seconds
86.252: [GC [PSYoungGen: 7598K->960K(7680K)] 23774K->17135K(24576K), 0.0004000 secs] [Times: user=0.00 sys=0.00, real=0.00 secs] 
86.252: Total time for which application threads were stopped: 0.0004980 seconds, Stopping threads took: 0.0000470 seconds
86.282: Application time: 0.0300580 seconds
86.282: [GC [PSYoungGen: 7614K->896K(7680K)] 23790K->17071K(24576K), 0.0003940 secs] [Times: user=0.00 sys=0.00, real=0.00 secs] 
86.283: Total time for which application threads were stopped: 0.0004950 seconds, Stopping threads took: 0.0000480 seconds
86.312: Application time: 0.0291410 seconds
86.312: [GC [PSYoungGen: 7550K->672K(7680K)] 23726K->17068K(24576K), 0.0004510 secs] [Times: user=0.00 sys=0.00, real=0.00 secs] 
86.313: Total time for which application threads were stopped: 0.0005560 seconds, Stopping threads took: 0.0000480 seconds
86.341: Application time: 0.0282600 seconds
86.341: [GC [PSYoungGen: 7324K->992K(7680K)] 23720K->17440K(24576K), 0.0004300 secs] [Times: user=0.00 sys=0.00, real=0.00 secs] 
86.341: Total time for which application threads were stopped: 0.0005280 seconds, Stopping threads took: 0.0000460 seconds
86.369: Application time: 0.0274470 seconds
86.369: [GC [PSYoungGen: 7647K->976K(7680K)] 24096K->17424K(24576K), 0.0004820 secs] [Times: user=0.01 sys=0.00, real=0.00 secs] 
86.369: Total time for which application threads were stopped: 0.0005860 seconds, Stopping threads took: 0.0000510 seconds
86.397: Application time: 0.0276580 seconds
86.397: [GC [PSYoungGen: 7630K->992K(7680K)] 24078K->17617K(24576K), 0.0005080 secs] [Times: user=0.00 sys=0.00, real=0.00 secs] 
86.398: [Full GC [PSYoungGen: 992K->0K(7680K)] [ParOldGen: 16624K->3739K(16896K)] 17617K->3739K(24576K) [PSPermGen: 5540K->5540K(21504K)], 0.0063180 secs] [Times: user=0.03 sys=0.00, real=0.01 secs] 
86.404: Total time for which application threads were stopped: 0.0069730 seconds, Stopping threads took: 0.0000460 seconds
86.433: Application time: 0.0286170 seconds
86.433: [GC [PSYoungGen: 6652K->352K(7680K)] 10391K->4091K(24576K), 0.0003660 secs] [Times: user=0.00 sys=0.00, real=0.00 secs] 
86.433: Total time for which application threads were stopped: 0.0004640 seconds, Stopping threads took: 0.0000410 seconds
86.463: Application time: 0.0294420 seconds
86.463: [GC [PSYoungGen: 7006K->352K(7680K)] 10746K->4091K(24576K), 0.0003290 secs] [Times: user=0.00 sys=0.00, real=0.00 secs] 
86.463: Total time for which application threads were stopped: 0.0004340 seconds, Stopping threads took: 0.0000530 seconds
86.492: Application time: 0.0294660 seconds
86.493: [GC [PSYoungGen: 7006K->352K(7680K)] 10746K->4091K(24576K), 0.0002950 secs] [Times: user=0.00 sys=0.00, real=0.00 secs] 
86.493: Total time for which application threads were stopped: 0.0003990 seconds, Stopping threads took: 0.0000550 seconds
86.522: Application time: 0.0295070 seconds
86.522: [GC [PSYoungGen: 7006K->320K(7680K)] 10746K->4059K(24576K), 0.0003360 secs] [Times: user=0.00 sys=0.00, real=0.00 secs] 
86.523: Total time for which application threads were stopped: 0.0004380 seconds, Stopping threads took: 0.0000490 seconds
86.552: Application time: 0.0294870 seconds
86.552: [GC [PSYoungGen: 6974K->256K(7680K)] 10714K->3995K(24576K), 0.0003260 secs] [Times: user=0.00 sys=0.00, real=0.00 secs] 
86.553: Total time for which application threads were stopped: 0.0004260 seconds, Stopping threads took: 0.0000500 seconds
86.582: Application time: 0.0294760 seconds
86.582: [GC [PSYoungGen: 6910K->352K(7680K)] 10650K->4091K(24576K), 0.0003020 secs] [Times: user=0.00 sys=0.00, real=0.00 secs] 
86.583: Total time for which application threads were stopped: 0.0003910 seconds, Stopping threads took: 0.0000410 seconds
86.612: Application time: 0.0294920 seconds
86.612: [GC [PSYoungGen: 7006K->352K(7680K)] 10746K->4091K(24576K), 0.0003110 secs] [Times: user=0.00 sys=0.00, real=0.00 secs] 
86.613: Total time for which application threads were stopped: 0.0004180 seconds, Stopping threads took: 0.0000500 seconds
86.643: Application time: 0.0300120 seconds
86.643: [GC [PSYoungGen: 7006K->256K(7680K)] 10746K->3995K(24576K), 0.0004220 secs] [Times: user=0.01 sys=0.00, real=0.00 secs] 
86.643: Total time for which application threads were stopped: 0.0005240 seconds, Stopping threads took: 0.0000420 seconds
86.673: Application time: 0.0295190 seconds
86.673: [GC [PSYoungGen: 6910K->352K(7680K)] 10650K->4091K(24576K), 0.0002960 secs] [Times: user=0.00 sys=0.00, real=0.00 secs] 
86.673: Total time for which application threads were stopped: 0.0003940 seconds, Stopping threads took: 0.0000480 seconds
86.703: Application time: 0.0296570 seconds
86.703: [GC [PSYoungGen: 7004K->352K(7680K)] 10744K->4091K(24576K), 0.0003080 secs] [Times: user=0.00 sys=0.00, real=0.00 secs] 
86.703: Total time for which application threads were stopped: 0.0004200 seconds, Stopping threads took: 0.0000600 seconds
86.733: Application time: 0.0295590 seconds
86.733: [GC [PSYoungGen: 7006K->288K(7680K)] 10746K->4027K(24576K), 0.0003540 secs] [Times: user=0.00 sys=0.00, real=0.00 secs] 
86.733: Total time for which application threads were stopped: 0.0004510 seconds, Stopping threads took: 0.0000480 seconds
86.763: Application time: 0.0298960 seconds
86.763: [GC [PSYoungGen: 6942K->352K(7680K)] 10682K->4091K(24576K), 0.0002920 secs] [Times: user=0.00 sys=0.00, real=0.00 secs] 
86.763: Total time for which application threads were stopped: 0.0003940 seconds, Stopping threads took: 0.0000530 seconds
86.793: Application time: 0.0295220 seconds
86.793: [GC [PSYoungGen: 7006K->384K(7680K)] 10746K->4123K(24576K), 0.0003030 secs] [Times: user=0.00 sys=0.00, real=0.00 secs] 
86.793: Total time for which application threads were stopped: 0.0003970 seconds, Stopping threads took: 0.0000440 seconds
86.823: Application time: 0.0294930 seconds
86.823: [GC [PSYoungGen: 7038K->224K(7680K)] 10778K->3963K(24576K), 0.0003650 secs] [Times: user=0.00 sys=0.00, real=0.00 secs] 
86.823: Total time for which application threads were stopped: 0.0004560 seconds, Stopping threads took: 0.0000430 seconds
86.853: Application time: 0.0295980 seconds
86.853: [GC [PSYoungGen: 6878K->288K(7680K)] 10618K->4027K(24576K), 0.0003100 secs] [Times: user=0.01 sys=0.00, real=0.00 secs] 
86.853: Total time for which application threads were stopped: 0.0004150 seconds, Stopping threads took: 0.0000490 seconds
86.883: Application time: 0.0299180 seconds
86.883: [GC [PSYoungGen: 6942K->0K(7680K)] 10682K->3955K(24576K), 0.0003270 secs] [Times: user=0.00 sys=0.00, real=0.00 secs] 
86.884: Total time for which application threads were stopped: 0.0004130 seconds, Stopping threads took: 0.0000370 seconds
86.913: Application time: 0.0295280 seconds
86.913: [GC [PSYoungGen: 6654K->0K(7680K)] 10610K->3955K(24576K), 0.0002840 secs] [Times: user=0.00 sys=0.00, real=0.00 secs] 
86.914: Total time for which application threads were stopped: 0.0003720 seconds, Stopping threads took: 0.0000400 seconds
86.941: Application time: 0.0275370 seconds
86.941: [GC [PSYoungGen: 6654K->256K(7680K)] 10610K->4211K(24576K), 0.0003490 secs] [Times: user=0.01 sys=0.00, real=0.00 secs] 
86.941: Total time for which application threads were stopped: 0.0004450 seconds, Stopping threads took: 0.0000450 seconds
86.962: Application time: 0.0206300 seconds
86.962: [GC [PSYoungGen: 6910K->384K(7680K)] 10866K->4339K(24576K), 0.0003060 secs] [Times: user=0.00 sys=0.00, real=0.00 secs] 
86.963: Total time for which application threads were stopped: 0.0004000 seconds, Stopping threads took: 0.0000430 seconds
86.984: Application time: 0.0211570 seconds
86.984: [GC [PSYoungGen: 7040K->128K(7680K)] 10995K->4083K(24576K), 0.0003460 secs] [Times: user=0.00 sys=0.00, real=0.00 secs] 
86.984: Total time for which application threads were stopped: 0.0004480 seconds, Stopping threads took: 0.0000510 seconds
87.005: Application time: 0.0207950 seconds
87.005: [GC [PSYoungGen: 6782K->480K(7680K)] 10738K->4435K(24576K), 0.0004080 secs] [Times: user=0.01 sys=0.00, real=0.00 secs] 
87.005: Total time for which application threads were stopped: 0.0004960 seconds, Stopping threads took: 0.0000390 seconds
87.026: Application time: 0.0210330 seconds
87.027: [GC [PSYoungGen: 7135K->480K(7680K)] 11091K->4435K(24576K), 0.0003340 secs] [Times: user=0.00 sys=0.00, real=0.01 secs] 
87.027: Total time for which application threads were stopped: 0.0004300 seconds, Stopping threads took: 0.0000440 seconds
87.051: Application time: 0.0245130 seconds
87.051: [GC [PSYoungGen: 7116K->416K(7680K)] 11072K->4371K(24576K), 0.0003230 secs] [Times: user=0.00 sys=0.00, real=0.00 secs] 
87.052: Total time for which application threads were stopped: 0.0004190 seconds, Stopping threads took: 0.0000460 seconds
87.080: Application time: 0.0286670 seconds
87.081: [GC [PSYoungGen: 7069K->480K(7680K)] 11025K->4435K(24576K), 0.0003390 secs] [Times: user=0.00 sys=0.00, real=0.00 secs] 
87.081: Total time for which application threads were stopped: 0.0004670 seconds, Stopping threads took: 0.0000760 seconds
87.109: Application time: 0.0281780 seconds
87.109: [GC [PSYoungGen: 7133K->576K(7680K)] 11089K->4531K(24576K), 0.0003510 secs] [Times: user=0.00 sys=0.00, real=0.00 secs] 
87.110: Total time for which application threads were stopped: 0.0004470 seconds, Stopping threads took: 0.0000450 seconds
87.139: Application time: 0.0291570 seconds
87.139: [GC [PSYoungGen: 7230K->512K(7680K)] 11186K->4467K(24576K), 0.0003170 secs] [Times: user=0.00 sys=0.00, real=0.00 secs] 
87.139: Total time for which application threads were stopped: 0.0004130 seconds, Stopping threads took: 0.0000390 seconds
87.168: Application time: 0.0291950 seconds
87.168: [GC [PSYoungGen: 7166K->480K(7680K)] 11122K->4435K(24576K), 0.0003360 secs] [Times: user=0.01 sys=0.00, real=0.00 secs] 
87.169: Total time for which application threads were stopped: 0.0004250 seconds, Stopping threads took: 0.0000410 seconds
87.191: Application time: 0.0225990 seconds
87.191: [GC [PSYoungGen: 7134K->704K(7680K)] 11090K->4659K(24576K), 0.0003710 secs] [Times: user=0.00 sys=0.00, real=0.00 secs] 
87.192: Total time for which application threads were stopped: 0.0004620 seconds, Stopping threads took: 0.0000430 seconds
87.213: Application time: 0.0210220 seconds
87.213: [GC [PSYoungGen: 7359K->704K(7680K)] 11315K->4659K(24576K), 0.0003770 secs] [Times: user=0.00 sys=0.00, real=0.00 secs] 
87.213: Total time for which application threads were stopped: 0.0004800 seconds, Stopping threads took: 0.0000450 seconds
87.237: Application time: 0.0240690 seconds
87.238: [GC [PSYoungGen: 7358K->736K(7680K)] 11313K->4691K(24576K), 0.0003990 secs] [Times: user=0.00 sys=0.00, real=0.00 secs] 
87.238: Total time for which application threads were stopped: 0.0005000 seconds, Stopping threads took: 0.0000500 seconds
87.267: Application time: 0.0290960 seconds
87.267: [GC [PSYoungGen: 7388K->704K(7680K)] 11344K->4659K(24576K), 0.0004030 secs] [Times: user=0.00 sys=0.00, real=0.00 secs] 
87.268: Total time for which application threads were stopped: 0.0005140 seconds, Stopping threads took: 0.0000580 seconds
87.295: Application time: 0.0276880 seconds
87.295: [GC [PSYoungGen: 7356K->768K(7680K)] 11312K->4723K(24576K), 0.0003600 secs] [Times: user=0.00 sys=0.00, real=0.00 secs] 
87.296: Total time for which application threads were stopped: 0.0004680 seconds, Stopping threads took: 0.0000560 seconds
87.325: Application time: 0.0292210 seconds
87.325: [GC [PSYoungGen: 7422K->704K(7680K)] 11378K->4659K(24576K), 0.0003440 secs] [Times: user=0.01 sys=0.00, real=0.00 secs] 
87.325: Total time for which application threads were stopped: 0.0004420 seconds, Stopping threads took: 0.0000480 seconds
87.354: Application time: 0.0285690 seconds
87.354: [GC [PSYoungGen: 7298K->768K(7680K)] 11254K->4723K(24576K), 0.0004680 secs] [Times: user=0.01 sys=0.00, real=0.00 secs] 
87.355: Total time for which application threads were stopped: 0.0005690 seconds, Stopping threads took: 0.0000510 seconds
87.374: Application time: 0.0195560 seconds
87.374: [GC [PSYoungGen: 7422K->960K(7680K)] 11377K->4915K(24576K), 0.0003920 secs] [Times: user=0.00 sys=0.00, real=0.00 secs] 
87.375: Total time for which application threads were stopped: 0.0004860 seconds, Stopping threads took: 0.0000450 seconds
87.395: Application time: 0.0202150 seconds
87.395: [GC [PSYoungGen: 7612K->976K(7680K)] 11568K->4931K(24576K), 0.0004840 secs] [Times: user=0.00 sys=0.00, real=0.00 secs] 
87.395: Total time for which application threads were stopped: 0.0005910 seconds, Stopping threads took: 0.0000550 seconds
87.416: Application time: 0.0207580 seconds
87.416: [GC [PSYoungGen: 7630K->992K(7680K)] 11586K->5091K(24576K), 0.0005030 secs] [Times: user=0.01 sys=0.00, real=0.00 secs] 
87.417: Total time for which application threads were stopped: 0.0006240 seconds, Stopping threads took: 0.0000680 seconds
87.436: Application time: 0.0196330 seconds
87.436: [GC [PSYoungGen: 7646K->944K(7680K)] 11746K->5171K(24576K), 0.0004770 secs] [Times: user=0.00 sys=0.00, real=0.00 secs] 
87.437: Total time for which application threads were stopped: 0.0005710 seconds, Stopping threads took: 0.0000430 seconds
87.459: Application time: 0.0216100 seconds
87.459: [GC [PSYoungGen: 7597K->1008K(7680K)] 11825K->5299K(24576K), 0.0004330 secs] [Times: user=0.01 sys=0.00, real=0.01 secs] 
87.459: Total time for which application threads were stopped: 0.0005350 seconds, Stopping threads took: 0.0000460 seconds
87.487: Application time: 0.0276800 seconds
87.487: [GC [PSYoungGen: 7660K->992K(7680K)] 11952K->5479K(24576K), 0.0004560 secs] [Times: user=0.00 sys=0.00, real=0.00 secs] 
87.487: Total time for which application threads were stopped: 0.0005550 seconds, Stopping threads took: 0.0000460 seconds
87.516: Application time: 0.0290500 seconds
87.516: [GC [PSYoungGen: 7646K->992K(7680K)] 12134K->5504K(24576K), 0.0004510 secs] [Times: user=0.00 sys=0.00, real=0.00 secs] 
87.517: Total time for which application threads were stopped: 0.0005520 seconds, Stopping threads took: 0.0000490 seconds
87.545: Application time: 0.0283270 seconds
87.545: [GC [PSYoungGen: 7646K->992K(7680K)] 12158K->5684K(24576K), 0.0004520 secs] [Times: user=0.00 sys=0.00, real=0.00 secs] 
87.546: Total time for which application threads were stopped: 0.0005720 seconds, Stopping threads took: 0.0000660 seconds
87.575: Application time: 0.0290440 seconds
87.575: [GC [PSYoungGen: 7646K->1008K(7680K)] 12339K->5712K(24576K), 0.0004540 secs] [Times: user=0.00 sys=0.00, real=0.00 secs] 
87.575: Total time for which application threads were stopped: 0.0005620 seconds, Stopping threads took: 0.0000490 seconds
87.605: Application time: 0.0291260 seconds
87.605: [GC [PSYoungGen: 7660K->976K(7680K)] 12364K->5808K(24576K), 0.0004130 secs] [Times: user=0.00 sys=0.00, real=0.00 secs] 
87.605: Total time for which application threads were stopped: 0.0005160 seconds, Stopping threads took: 0.0000530 seconds
87.633: Application time: 0.0280440 seconds
87.633: [GC [PSYoungGen: 7630K->928K(7680K)] 12462K->5760K(24576K), 0.0004580 secs] [Times: user=0.01 sys=0.00, real=0.00 secs] 
87.634: Total time for which application threads were stopped: 0.0005660 seconds, Stopping threads took: 0.0000480 seconds
87.656: Application time: 0.0220750 seconds
87.656: [GC [PSYoungGen: 7582K->1008K(7680K)] 12415K->5968K(24576K), 0.0004520 secs] [Times: user=0.00 sys=0.00, real=0.00 secs] 
87.656: Total time for which application threads were stopped: 0.0005680 seconds, Stopping threads took: 0.0000520 seconds
87.673: Application time: 0.0164990 seconds
87.673: [GC [PSYoungGen: 7663K->992K(7680K)] 12623K->6152K(24576K), 0.0004750 secs] [Times: user=0.00 sys=0.00, real=0.00 secs] 
87.673: Total time for which application threads were stopped: 0.0005680 seconds, Stopping threads took: 0.0000380 seconds
87.690: Application time: 0.0169510 seconds
87.690: [GC [PSYoungGen: 7646K->976K(7680K)] 12806K->6264K(24576K), 0.0004220 secs] [Times: user=0.00 sys=0.00, real=0.00 secs] 
87.691: Total time for which application threads were stopped: 0.0005120 seconds, Stopping threads took: 0.0000330 seconds
87.707: Application time: 0.0158260 seconds
87.707: [GC [PSYoungGen: 7631K->1008K(7680K)] 12919K->6556K(24576K), 0.0004790 secs] [Times: user=0.00 sys=0.00, real=0.00 secs] 
87.707: Total time for which application threads were stopped: 0.0006010 seconds, Stopping threads took: 0.0000650 seconds
87.728: Application time: 0.0206030 seconds
87.728: [GC [PSYoungGen: 7659K->1008K(7680K)] 13208K->6633K(24576K), 0.0004500 secs] [Times: user=0.00 sys=0.00, real=0.00 secs] 
87.728: Total time for which application threads were stopped: 0.0005550 seconds, Stopping threads took: 0.0000520 seconds
87.751: Application time: 0.0227390 seconds
87.751: [GC [PSYoungGen: 7662K->992K(7680K)] 13287K->6705K(24576K), 0.0004380 secs] [Times: user=0.00 sys=0.00, real=0.00 secs] 
87.752: Total time for which application threads were stopped: 0.0005450 seconds, Stopping threads took: 0.0000530 seconds
87.779: Application time: 0.0272020 seconds
87.779: [GC [PSYoungGen: 7644K->992K(7680K)] 13357K->6905K(24576K), 0.0005460 secs] [Times: user=0.00 sys=0.00, real=0.00 secs] 
87.780: Total time for which application threads were stopped: 0.0006520 seconds, Stopping threads took: 0.0000510 seconds
87.806: Application time: 0.0259160 seconds
87.806: [GC [PSYoungGen: 7647K->992K(7680K)] 13561K->7121K(24576K), 0.0004620 secs] [Times: user=0.00 sys=0.00, real=0.00 secs] 
87.806: Total time for which application threads were stopped: 0.0005740 seconds, Stopping threads took: 0.0000570 seconds
87.834: Application time: 0.0278760 seconds
87.834: [GC [PSYoungGen: 7645K->1008K(7680K)] 13775K->7201K(24576K), 0.0004520 secs] [Times: user=0.00 sys=0.00, real=0.00 secs] 
87.835: Total time for which application threads were stopped: 0.0005620 seconds, Stopping threads took: 0.0000570 seconds
87.862: Application time: 0.0272050 seconds
87.862: [GC [PSYoungGen: 7662K->1008K(7680K)] 13855K->7398K(24576K), 0.0004540 secs] [Times: user=0.00 sys=0.00, real=0.00 secs] 
87.862: Total time for which application threads were stopped: 0.0005640 seconds, Stopping threads took: 0.0000550 seconds
87.891: Application time: 0.0291010 seconds
87.892: [GC [PSYoungGen: 7662K->992K(7680K)] 14052K->7453K(24576K), 0.0004250 secs] [Times: user=0.00 sys=0.00, real=0.00 secs] 
87.892: Total time for which application threads were stopped: 0.0005280 seconds, Stopping threads took: 0.0000510 seconds
87.921: Application time: 0.0291240 seconds
87.921: [GC [PSYoungGen: 7646K->992K(7680K)] 14108K->7478K(24576K), 0.0004520 secs] [Times: user=0.00 sys=0.00, real=0.00 secs] 
87.922: Total time for which application threads were stopped: 0.0005600 seconds, Stopping threads took: 0.0000510 seconds
87.951: Application time: 0.0292450 seconds
87.951: [GC [PSYoungGen: 7646K->992K(7680K)] 14132K->7478K(24576K), 0.0004620 secs] [Times: user=0.00 sys=0.00, real=0.00 secs] 
87.951: Total time for which application threads were stopped: 0.0005580 seconds, Stopping threads took: 0.0000430 seconds
87.981: Application time: 0.0291350 seconds
87.981: [GC [PSYoungGen: 7646K->992K(7680K)] 14132K->7486K(24576K), 0.0004250 secs] [Times: user=0.00 sys=0.00, real=0.00 secs] 
87.981: Total time for which application threads were stopped: 0.0005280 seconds, Stopping threads took: 0.0000500 seconds
88.011: Application time: 0.0296650 seconds
88.011: [GC [PSYoungGen: 7646K->992K(7680K)] 14140K->7530K(24576K), 0.0004040 secs] [Times: user=0.00 sys=0.00, real=0.00 secs] 
88.011: Total time for which application threads were stopped: 0.0005090 seconds, Stopping threads took: 0.0000540 seconds
88.040: Application time: 0.0291730 seconds
88.041: [GC [PSYoungGen: 7646K->960K(7680K)] 14184K->7562K(24576K), 0.0004140 secs] [Times: user=0.00 sys=0.00, real=0.00 secs] 
88.041: Total time for which application threads were stopped: 0.0005150 seconds, Stopping threads took: 0.0000470 seconds
88.070: Application time: 0.0291520 seconds
88.070: [GC [PSYoungGen: 7614K->928K(7680K)] 14216K->7586K(24576K), 0.0003880 secs] [Times: user=0.01 sys=0.00, real=0.00 secs] 
88.071: Total time for which application threads were stopped: 0.0004970 seconds, Stopping threads took: 0.0000570 seconds
88.098: Application time: 0.0274140 seconds
88.098: [GC [PSYoungGen: 7581K->992K(7680K)] 14239K->7786K(24576K), 0.0004790 secs] [Times: user=0.00 sys=0.00, real=0.00 secs] 
88.099: Total time for which application threads were stopped: 0.0005810 seconds, Stopping threads took: 0.0000470 seconds
88.125: Application time: 0.0266820 seconds
88.125: [GC [PSYoungGen: 7647K->992K(7680K)] 14441K->7978K(24576K), 0.0004550 secs] [Times: user=0.00 sys=0.00, real=0.00 secs] 
88.126: Total time for which application threads were stopped: 0.0005620 seconds, Stopping threads took: 0.0000530 seconds
88.154: Application time: 0.0285290 seconds
88.154: [GC [PSYoungGen: 7645K->992K(7680K)] 14631K->7978K(24576K), 0.0004110 secs] [Times: user=0.00 sys=0.00, real=0.00 secs] 
88.155: Total time for which application threads were stopped: 0.0005060 seconds, Stopping threads took: 0.0000380 seconds
88.184: Application time: 0.0293040 seconds
88.184: [GC [PSYoungGen: 7646K->992K(7680K)] 14632K->7994K(24576K), 0.0003850 secs] [Times: user=0.00 sys=0.00, real=0.00 secs] 
88.185: Total time for which application threads were stopped: 0.0004910 seconds, Stopping threads took: 0.0000430 seconds
88.214: Application time: 0.0294510 seconds
88.214: [GC [PSYoungGen: 7646K->960K(7680K)] 14648K->8026K(24576K), 0.0003840 secs] [Times: user=0.00 sys=0.00, real=0.00 secs] 
88.215: Total time for which application threads were stopped: 0.0004910 seconds, Stopping threads took: 0.0000550 seconds
88.244: Application time: 0.0295390 seconds
88.247: [GC [PSYoungGen: 7614K->800K(7680K)] 14680K->8050K(24576K), 0.0004150 secs] [Times: user=0.01 sys=0.00, real=0.00 secs] 
88.247: Total time for which application threads were stopped: 0.0030400 seconds, Stopping threads took: 0.0025730 seconds
88.277: Application time: 0.0294420 seconds
88.277: [GC [PSYoungGen: 7454K->736K(7680K)] 14704K->7986K(24576K), 0.0003430 secs] [Times: user=0.00 sys=0.00, real=0.00 secs] 
88.277: Total time for which application threads were stopped: 0.0004440 seconds, Stopping threads took: 0.0000490 seconds
88.307: Application time: 0.0294740 seconds
88.307: [GC [PSYoungGen: 7390K->672K(7680K)] 14640K->8018K(24576K), 0.0003800 secs] [Times: user=0.00 sys=0.00, real=0.01 secs] 
88.307: Total time for which application threads were stopped: 0.0004730 seconds, Stopping threads took: 0.0000370 seconds
88.337: Application time: 0.0294750 seconds
88.337: [GC [PSYoungGen: 7326K->704K(7680K)] 14672K->8050K(24576K), 0.0003730 secs] [Times: user=0.00 sys=0.00, real=0.00 secs] 
88.337: Total time for which application threads were stopped: 0.0004730 seconds, Stopping threads took: 0.0000490 seconds
88.367: Application time: 0.0296100 seconds
88.367: [GC [PSYoungGen: 7358K->640K(7680K)] 14704K->7986K(24576K), 0.0003850 secs] [Times: user=0.00 sys=0.00, real=0.01 secs] 
88.367: Total time for which application threads were stopped: 0.0004840 seconds, Stopping threads took: 0.0000470 seconds
88.397: Application time: 0.0295520 seconds
88.397: [GC [PSYoungGen: 7294K->704K(7680K)] 14640K->8050K(24576K), 0.0003370 secs] [Times: user=0.00 sys=0.00, real=0.00 secs] 
88.397: Total time for which application threads were stopped: 0.0004360 seconds, Stopping threads took: 0.0000460 seconds
88.427: Application time: 0.0298660 seconds
88.427: [GC [PSYoungGen: 7358K->640K(7680K)] 14704K->7986K(24576K), 0.0003870 secs] [Times: user=0.00 sys=0.00, real=0.00 secs] 
88.427: Total time for which application threads were stopped: 0.0004900 seconds, Stopping threads took: 0.0000530 seconds
88.457: Application time: 0.0297380 seconds
88.457: [GC [PSYoungGen: 7294K->672K(7680K)] 14640K->8018K(24576K), 0.0003640 secs] [Times: user=0.00 sys=0.00, real=0.00 secs] 
88.458: Total time for which application threads were stopped: 0.0004580 seconds, Stopping threads took: 0.0000390 seconds
88.487: Application time: 0.0295190 seconds
88.487: [GC [PSYoungGen: 7326K->864K(7680K)] 14672K->8210K(24576K), 0.0003690 secs] [Times: user=0.00 sys=0.00, real=0.00 secs] 
88.488: Total time for which application threads were stopped: 0.0004610 seconds, Stopping threads took: 0.0000400 seconds
88.517: Application time: 0.0296210 seconds
88.517: [GC [PSYoungGen: 7518K->832K(7680K)] 14864K->8178K(24576K), 0.0003820 secs] [Times: user=0.01 sys=0.00, real=0.00 secs] 
88.518: Total time for which application threads were stopped: 0.0004900 seconds, Stopping threads took: 0.0000550 seconds
88.547: Application time: 0.0295560 seconds
88.547: [GC [PSYoungGen: 7486K->544K(7680K)] 14832K->8122K(24576K), 0.0003580 secs] [Times: user=0.00 sys=0.00, real=0.00 secs] 
88.548: Total time for which application threads were stopped: 0.0004500 seconds, Stopping threads took: 0.0000410 seconds
88.577: Application time: 0.0295570 seconds
88.577: [GC [PSYoungGen: 7198K->384K(7680K)] 14776K->8166K(24576K), 0.0003610 secs] [Times: user=0.00 sys=0.00, real=0.00 secs] 
88.578: Total time for which application threads were stopped: 0.0004700 seconds, Stopping threads took: 0.0000550 seconds
88.607: Application time: 0.0295760 seconds
88.607: [GC [PSYoungGen: 7038K->0K(7680K)] 14821K->7998K(24576K), 0.0003600 secs] [Times: user=0.00 sys=0.00, real=0.00 secs] 
88.608: Total time for which application threads were stopped: 0.0004450 seconds, Stopping threads took: 0.0000370 seconds
88.638: Application time: 0.0301370 seconds
88.638: [GC [PSYoungGen: 6654K->0K(7680K)] 14653K->7998K(24576K), 0.0003520 secs] [Times: user=0.00 sys=0.00, real=0.00 secs] 
88.638: Total time for which application threads were stopped: 0.0004850 seconds, Stopping threads took: 0.0000750 seconds
88.668: Application time: 0.0292890 seconds
88.668: [GC [PSYoungGen: 6654K->0K(7680K)] 14653K->7998K(24576K), 0.0002970 secs] [Times: user=0.00 sys=0.00, real=0.00 secs] 
88.668: Total time for which application threads were stopped: 0.0003960 seconds, Stopping threads took: 0.0000530 seconds
88.689: Application time: 0.0212910 seconds
88.690: [GC [PSYoungGen: 6654K->384K(7680K)] 14652K->8382K(24576K), 0.0003380 secs] [Times: user=0.00 sys=0.00, real=0.00 secs] 
88.690: Total time for which application threads were stopped: 0.0004510 seconds, Stopping threads took: 0.0000520 seconds
88.711: Application time: 0.0211010 seconds
88.711: [GC [PSYoungGen: 7037K->352K(7680K)] 15036K->8350K(24576K), 0.0003230 secs] [Times: user=0.00 sys=0.00, real=0.00 secs] 
88.711: Total time for which application threads were stopped: 0.0004310 seconds, Stopping threads took: 0.0000580 seconds
88.729: Application time: 0.0175800 seconds
88.729: [GC [PSYoungGen: 7006K->512K(7680K)] 15005K->8510K(24576K), 0.0003950 secs] [Times: user=0.01 sys=0.00, real=0.00 secs] 
88.730: Total time for which application threads were stopped: 0.0004920 seconds, Stopping threads took: 0.0000440 seconds
88.751: Application time: 0.0210120 seconds
88.751: [GC [PSYoungGen: 7167K->448K(7680K)] 15166K->8446K(24576K), 0.0003590 secs] [Times: user=0.01 sys=0.00, real=0.00 secs] 
88.751: Total time for which application threads were stopped: 0.0004670 seconds, Stopping threads took: 0.0000550 seconds
88.776: Application time: 0.0253340 seconds
88.776: [GC [PSYoungGen: 7100K->480K(7680K)] 15098K->8478K(24576K), 0.0003660 secs] [Times: user=0.00 sys=0.00, real=0.00 secs] 
88.777: Total time for which application threads were stopped: 0.0004620 seconds, Stopping threads took: 0.0000420 seconds
88.805: Application time: 0.0278160 seconds
88.807: [GC [PSYoungGen: 7134K->672K(7680K)] 15132K->8670K(24576K), 0.0004670 secs] [Times: user=0.00 sys=0.00, real=0.00 secs] 
88.807: Total time for which application threads were stopped: 0.0026920 seconds, Stopping threads took: 0.0021740 seconds
88.836: Application time: 0.0284680 seconds
88.836: [GC [PSYoungGen: 7326K->544K(7680K)] 15324K->8542K(24576K), 0.0003520 secs] [Times: user=0.00 sys=0.00, real=0.00 secs] 
88.836: Total time for which application threads were stopped: 0.0004400 seconds, Stopping threads took: 0.0000390 seconds
88.865: Application time: 0.0292270 seconds
88.866: [GC [PSYoungGen: 7198K->480K(7680K)] 15197K->8478K(24576K), 0.0003440 secs] [Times: user=0.00 sys=0.00, real=0.00 secs] 
88.866: Total time for which application threads were stopped: 0.0004440 seconds, Stopping threads took: 0.0000490 seconds
88.895: Application time: 0.0292150 seconds
88.895: [GC [PSYoungGen: 7134K->512K(7680K)] 15133K->8510K(24576K), 0.0003290 secs] [Times: user=0.00 sys=0.00, real=0.00 secs] 
88.896: Total time for which application threads were stopped: 0.0004300 seconds, Stopping threads took: 0.0000490 seconds
88.920: Application time: 0.0244380 seconds
88.920: [GC [PSYoungGen: 7166K->736K(7680K)] 15164K->8734K(24576K), 0.0004260 secs] [Times: user=0.00 sys=0.00, real=0.00 secs] 
88.920: Total time for which application threads were stopped: 0.0005210 seconds, Stopping threads took: 0.0000410 seconds
88.941: Application time: 0.0204240 seconds
88.941: [GC [PSYoungGen: 7390K->736K(7680K)] 15389K->8734K(24576K), 0.0003630 secs] [Times: user=0.00 sys=0.00, real=0.00 secs] 
88.941: Total time for which application threads were stopped: 0.0004640 seconds, Stopping threads took: 0.0000470 seconds
88.964: Application time: 0.0228510 seconds
88.964: [GC [PSYoungGen: 7387K->704K(7680K)] 15386K->8702K(24576K), 0.0004150 secs] [Times: user=0.01 sys=0.00, real=0.00 secs] 
88.965: Total time for which application threads were stopped: 0.0005160 seconds, Stopping threads took: 0.0000470 seconds
88.993: Application time: 0.0287420 seconds
88.994: [GC [PSYoungGen: 7356K->704K(7680K)] 15355K->8702K(24576K), 0.0004120 secs] [Times: user=0.01 sys=0.00, real=0.00 secs] 
88.994: Total time for which application threads were stopped: 0.0005170 seconds, Stopping threads took: 0.0000480 seconds
89.022: Application time: 0.0284440 seconds
89.023: [GC [PSYoungGen: 7358K->576K(7680K)] 15356K->8574K(24576K), 0.0003850 secs] [Times: user=0.00 sys=0.00, real=0.00 secs] 
89.023: Total time for which application threads were stopped: 0.0004820 seconds, Stopping threads took: 0.0000420 seconds
89.051: Application time: 0.0282960 seconds
89.051: [GC [PSYoungGen: 7228K->672K(7680K)] 15227K->8670K(24576K), 0.0003740 secs] [Times: user=0.00 sys=0.00, real=0.00 secs] 
89.052: Total time for which application threads were stopped: 0.0004770 seconds, Stopping threads took: 0.0000520 seconds
89.078: Application time: 0.0266720 seconds
89.078: [GC [PSYoungGen: 7323K->928K(7680K)] 15322K->8926K(24576K), 0.0005500 secs] [Times: user=0.00 sys=0.00, real=0.01 secs] 
89.079: Total time for which application threads were stopped: 0.0006710 seconds, Stopping threads took: 0.0000520 seconds
89.100: Application time: 0.0206550 seconds
89.100: [GC [PSYoungGen: 7582K->928K(7680K)] 15581K->8926K(24576K), 0.0004380 secs] [Times: user=0.00 sys=0.00, real=0.00 secs] 
89.100: Total time for which application threads were stopped: 0.0005340 seconds, Stopping threads took: 0.0000410 seconds
89.120: Application time: 0.0200790 seconds
89.120: [GC [PSYoungGen: 7581K->960K(7680K)] 15580K->8958K(24576K), 0.0004550 secs] [Times: user=0.01 sys=0.00, real=0.00 secs] 
89.121: Total time for which application threads were stopped: 0.0005610 seconds, Stopping threads took: 0.0000550 seconds
89.146: Application time: 0.0248220 seconds
89.146: [GC [PSYoungGen: 7614K->992K(7680K)] 15613K->9246K(24576K), 0.0004630 secs] [Times: user=0.01 sys=0.00, real=0.00 secs] 
89.146: Total time for which application threads were stopped: 0.0005630 seconds, Stopping threads took: 0.0000420 seconds
89.166: Application time: 0.0198330 seconds
89.166: [GC [PSYoungGen: 7646K->992K(7680K)] 15901K->9254K(24576K), 0.0004360 secs] [Times: user=0.00 sys=0.00, real=0.00 secs] 
89.167: Total time for which application threads were stopped: 0.0005300 seconds, Stopping threads took: 0.0000410 seconds
89.187: Application time: 0.0204390 seconds
89.187: [GC [PSYoungGen: 7643K->992K(7680K)] 15906K->9262K(24576K), 0.0004320 secs] [Times: user=0.00 sys=0.00, real=0.00 secs] 
89.188: Total time for which application threads were stopped: 0.0005230 seconds, Stopping threads took: 0.0000400 seconds
89.214: Application time: 0.0263350 seconds
89.214: [GC [PSYoungGen: 7644K->992K(7680K)] 15914K->9270K(24576K), 0.0004740 secs] [Times: user=0.00 sys=0.00, real=0.00 secs] 
89.215: Total time for which application threads were stopped: 0.0005830 seconds, Stopping threads took: 0.0000460 seconds
89.243: Application time: 0.0288550 seconds
89.243: [GC [PSYoungGen: 7644K->992K(7680K)] 15923K->9270K(24576K), 0.0004870 secs] [Times: user=0.00 sys=0.00, real=0.00 secs] 
89.244: Total time for which application threads were stopped: 0.0005840 seconds, Stopping threads took: 0.0000440 seconds
89.272: Application time: 0.0282620 seconds
89.272: [GC [PSYoungGen: 7643K->992K(7680K)] 15922K->9278K(24576K), 0.0004790 secs] [Times: user=0.00 sys=0.00, real=0.00 secs] 
89.273: Total time for which application threads were stopped: 0.0005780 seconds, Stopping threads took: 0.0000460 seconds
89.302: Application time: 0.0290800 seconds
89.302: [GC [PSYoungGen: 7646K->992K(7680K)] 15933K->9286K(24576K), 0.0005130 secs] [Times: user=0.01 sys=0.00, real=0.00 secs] 
89.303: Total time for which application threads were stopped: 0.0006120 seconds, Stopping threads took: 0.0000480 seconds
89.332: Application time: 0.0290660 seconds
89.332: [GC [PSYoungGen: 7646K->944K(7680K)] 15941K->9238K(24576K), 0.0004110 secs] [Times: user=0.00 sys=0.00, real=0.00 secs] 
89.332: Total time for which application threads were stopped: 0.0005320 seconds, Stopping threads took: 0.0000690 seconds
89.360: Application time: 0.0275490 seconds
89.360: [GC [PSYoungGen: 7506K->992K(7680K)] 15800K->9294K(24576K), 0.0004750 secs] [Times: user=0.00 sys=0.00, real=0.00 secs] 
89.360: Total time for which application threads were stopped: 0.0005750 seconds, Stopping threads took: 0.0000480 seconds
89.381: Application time: 0.0203300 seconds
89.381: [GC [PSYoungGen: 7644K->992K(7680K)] 15947K->9594K(24576K), 0.0004880 secs] [Times: user=0.00 sys=0.00, real=0.00 secs] 
89.381: Total time for which application threads were stopped: 0.0005940 seconds, Stopping threads took: 0.0000510 seconds
89.403: Application time: 0.0215200 seconds
89.403: [GC [PSYoungGen: 7647K->992K(7680K)] 16250K->9658K(24576K), 0.0004370 secs] [Times: user=0.01 sys=0.00, real=0.00 secs] 
89.403: Total time for which application threads were stopped: 0.0005460 seconds, Stopping threads took: 0.0000540 seconds
89.420: Application time: 0.0168040 seconds
89.420: [GC [PSYoungGen: 7644K->992K(7680K)] 16311K->9850K(24576K), 0.0005010 secs] [Times: user=0.00 sys=0.00, real=0.00 secs] 
89.421: Total time for which application threads were stopped: 0.0006130 seconds, Stopping threads took: 0.0000480 seconds
89.438: Application time: 0.0174140 seconds
89.438: [GC [PSYoungGen: 7647K->1008K(7680K)] 16506K->10090K(24576K), 0.0005130 secs] [Times: user=0.00 sys=0.00, real=0.00 secs] 
89.439: Total time for which application threads were stopped: 0.0006140 seconds, Stopping threads took: 0.0000480 seconds
89.455: Application time: 0.0166090 seconds
89.455: [GC [PSYoungGen: 7660K->1008K(7680K)] 16743K->10371K(24576K), 0.0005720 secs] [Times: user=0.00 sys=0.00, real=0.00 secs] 
89.456: Total time for which application threads were stopped: 0.0006820 seconds, Stopping threads took: 0.0000550 seconds
89.477: Application time: 0.0205660 seconds
89.477: [GC [PSYoungGen: 7660K->1008K(7680K)] 17023K->10443K(24576K), 0.0004720 secs] [Times: user=0.01 sys=0.00, real=0.00 secs] 
89.477: Total time for which application threads were stopped: 0.0005610 seconds, Stopping threads took: 0.0000370 seconds
89.504: Application time: 0.0267080 seconds
89.504: [GC [PSYoungGen: 7617K->992K(7680K)] 17052K->10699K(24576K), 0.0005400 secs] [Times: user=0.00 sys=0.00, real=0.00 secs] 
89.504: Total time for which application threads were stopped: 0.0006500 seconds, Stopping threads took: 0.0000580 seconds
89.531: Application time: 0.0261870 seconds
89.531: [GC [PSYoungGen: 7644K->1008K(7680K)] 17352K->11080K(24576K), 0.0005080 secs] [Times: user=0.00 sys=0.01, real=0.00 secs] 
89.531: Total time for which application threads were stopped: 0.0006110 seconds, Stopping threads took: 0.0000460 seconds
89.559: Application time: 0.0279080 seconds
89.559: [GC [PSYoungGen: 7660K->992K(7680K)] 17732K->11240K(24576K), 0.0004850 secs] [Times: user=0.00 sys=0.00, real=0.00 secs] 
89.560: Total time for which application threads were stopped: 0.0005860 seconds, Stopping threads took: 0.0000480 seconds
89.587: Application time: 0.0273320 seconds
89.587: [GC [PSYoungGen: 7646K->1008K(7680K)] 17894K->11448K(24576K), 0.0005170 secs] [Times: user=0.00 sys=0.00, real=0.00 secs] 
89.588: Total time for which application threads were stopped: 0.0006410 seconds, Stopping threads took: 0.0000650 seconds
89.617: Application time: 0.0292470 seconds
89.617: [GC [PSYoungGen: 7660K->976K(7680K)] 18100K->11416K(24576K), 0.0004830 secs] [Times: user=0.00 sys=0.00, real=0.00 secs] 
89.618: Total time for which application threads were stopped: 0.0007390 seconds, Stopping threads took: 0.0001920 seconds
89.647: Application time: 0.0290820 seconds
89.647: [GC [PSYoungGen: 7630K->976K(7680K)] 18071K->11448K(24576K), 0.0004750 secs] [Times: user=0.00 sys=0.00, real=0.00 secs] 
89.647: Total time for which application threads were stopped: 0.0005990 seconds, Stopping threads took: 0.0000670 seconds
89.677: Application time: 0.0292440 seconds
89.677: [GC [PSYoungGen: 7628K->976K(7680K)] 18100K->11448K(24576K), 0.0004340 secs] [Times: user=0.01 sys=0.00, real=0.00 secs] 
89.677: Total time for which application threads were stopped: 0.0005300 seconds, Stopping threads took: 0.0000400 seconds
89.706: Application time: 0.0289980 seconds
89.706: [GC [PSYoungGen: 7630K->976K(7680K)] 18103K->11448K(24576K), 0.0004600 secs] [Times: user=0.00 sys=0.00, real=0.01 secs] 
89.707: Total time for which application threads were stopped: 0.0005730 seconds, Stopping threads took: 0.0000560 seconds
89.736: Application time: 0.0289740 seconds
89.739: [GC [PSYoungGen: 7630K->960K(7680K)] 18103K->11464K(24576K), 0.0005280 secs] [Times: user=0.00 sys=0.00, real=0.00 secs] 
89.739: Total time for which application threads were stopped: 0.0036380 seconds, Stopping threads took: 0.0030480 seconds
89.768: Application time: 0.0289910 seconds
89.768: [GC [PSYoungGen: 7614K->960K(7680K)] 18119K->11512K(24576K), 0.0004340 secs] [Times: user=0.00 sys=0.00, real=0.00 secs] 
89.769: Total time for which application threads were stopped: 0.0005380 seconds, Stopping threads took: 0.0000500 seconds
89.797: Application time: 0.0281740 seconds
89.797: [GC [PSYoungGen: 7612K->992K(7680K)] 18164K->11592K(24576K), 0.0004540 secs] [Times: user=0.00 sys=0.00, real=0.00 secs] 
89.798: Total time for which application threads were stopped: 0.0005690 seconds, Stopping threads took: 0.0000500 seconds
89.826: Application time: 0.0281970 seconds
89.826: [GC [PSYoungGen: 7645K->992K(7680K)] 18246K->11672K(24576K), 0.0004350 secs] [Times: user=0.00 sys=0.00, real=0.00 secs] 
89.826: Total time for which application threads were stopped: 0.0005460 seconds, Stopping threads took: 0.0000560 seconds
89.854: Application time: 0.0274440 seconds
89.854: [GC [PSYoungGen: 7646K->960K(7680K)] 18326K->11848K(24576K), 0.0005060 secs] [Times: user=0.00 sys=0.00, real=0.00 secs] 
89.854: Total time for which application threads were stopped: 0.0006030 seconds, Stopping threads took: 0.0000460 seconds
89.882: Application time: 0.0274700 seconds
89.882: [GC [PSYoungGen: 7614K->992K(7680K)] 18502K->12080K(24576K), 0.0004370 secs] [Times: user=0.00 sys=0.00, real=0.00 secs] 
89.882: Total time for which application threads were stopped: 0.0005420 seconds, Stopping threads took: 0.0000490 seconds
89.912: Application time: 0.0296760 seconds
89.912: [GC [PSYoungGen: 7646K->960K(7680K)] 18735K->12056K(24576K), 0.0004120 secs] [Times: user=0.00 sys=0.00, real=0.00 secs] 
89.913: Total time for which application threads were stopped: 0.0005360 seconds, Stopping threads took: 0.0000690 seconds
89.942: Application time: 0.0295300 seconds
89.942: [GC [PSYoungGen: 7614K->960K(7680K)] 18711K->12056K(24576K), 0.0004400 secs] [Times: user=0.00 sys=0.00, real=0.00 secs] 
89.943: Total time for which application threads were stopped: 0.0005380 seconds, Stopping threads took: 0.0000420 seconds
89.972: Application time: 0.0294970 seconds
89.975: [GC [PSYoungGen: 7614K->768K(7680K)] 18711K->12060K(24576K), 0.0004200 secs] [Times: user=0.00 sys=0.00, real=0.00 secs] 
89.975: Total time for which application threads were stopped: 0.0030030 seconds, Stopping threads took: 0.0025310 seconds
90.005: Application time: 0.0294960 seconds
90.005: [GC [PSYoungGen: 7422K->608K(7680K)] 18715K->12108K(24576K), 0.0004350 secs] [Times: user=0.00 sys=0.00, real=0.00 secs] 
90.005: Total time for which application threads were stopped: 0.0005270 seconds, Stopping threads took: 0.0000380 seconds
90.035: Application time: 0.0293690 seconds
90.035: [GC [PSYoungGen: 7262K->576K(7680K)] 18763K->12145K(24576K), 0.0003450 secs] [Times: user=0.00 sys=0.00, real=0.00 secs] 
90.035: Total time for which application threads were stopped: 0.0004550 seconds, Stopping threads took: 0.0000550 seconds
90.065: Application time: 0.0294770 seconds
90.065: [GC [PSYoungGen: 7230K->544K(7680K)] 18800K->12113K(24576K), 0.0003420 secs] [Times: user=0.00 sys=0.00, real=0.00 secs] 
90.065: Total time for which application threads were stopped: 0.0004400 seconds, Stopping threads took: 0.0000490 seconds
90.095: Application time: 0.0302110 seconds
90.095: [GC [PSYoungGen: 7198K->576K(7680K)] 18768K->12145K(24576K), 0.0003460 secs] [Times: user=0.00 sys=0.00, real=0.00 secs] 
90.096: Total time for which application threads were stopped: 0.0004490 seconds, Stopping threads took: 0.0000520 seconds
90.125: Application time: 0.0297240 seconds
90.125: [GC [PSYoungGen: 7228K->544K(7680K)] 18797K->12113K(24576K), 0.0003440 secs] [Times: user=0.00 sys=0.00, real=0.00 secs] 
90.126: Total time for which application threads were stopped: 0.0004430 seconds, Stopping threads took: 0.0000470 seconds
90.155: Application time: 0.0295700 seconds
90.156: [GC [PSYoungGen: 7198K->576K(7680K)] 18768K->12145K(24576K), 0.0003560 secs] [Times: user=0.00 sys=0.00, real=0.00 secs] 
90.156: Total time for which application threads were stopped: 0.0004530 seconds, Stopping threads took: 0.0000450 seconds
90.186: Application time: 0.0296300 seconds
90.186: [GC [PSYoungGen: 7230K->736K(7680K)] 18800K->12305K(24576K), 0.0003600 secs] [Times: user=0.01 sys=0.00, real=0.00 secs] 
90.186: Total time for which application threads were stopped: 0.0004590 seconds, Stopping threads took: 0.0000500 seconds
90.216: Application time: 0.0296210 seconds
90.216: [GC [PSYoungGen: 7390K->576K(7680K)] 18960K->12145K(24576K), 0.0003880 secs] [Times: user=0.00 sys=0.00, real=0.00 secs] 
90.216: Total time for which application threads were stopped: 0.0004830 seconds, Stopping threads took: 0.0000400 seconds
90.246: Application time: 0.0294440 seconds
90.246: [GC [PSYoungGen: 7230K->544K(7680K)] 18800K->12113K(24576K), 0.0003500 secs] [Times: user=0.00 sys=0.00, real=0.00 secs] 
90.246: Total time for which application threads were stopped: 0.0004480 seconds, Stopping threads took: 0.0000420 seconds
90.276: Application time: 0.0295360 seconds
90.276: [GC [PSYoungGen: 7198K->416K(7680K)] 18768K->12201K(24576K), 0.0003290 secs] [Times: user=0.00 sys=0.00, real=0.00 secs] 
90.276: Total time for which application threads were stopped: 0.0004220 seconds, Stopping threads took: 0.0000430 seconds
90.306: Application time: 0.0296890 seconds
90.306: [GC [PSYoungGen: 7068K->384K(7680K)] 18853K->12262K(24576K), 0.0003260 secs] [Times: user=0.00 sys=0.00, real=0.00 secs] 
90.306: Total time for which application threads were stopped: 0.0004220 seconds, Stopping threads took: 0.0000460 seconds
90.336: Application time: 0.0295480 seconds
90.336: [GC [PSYoungGen: 7038K->0K(7680K)] 18916K->12086K(24576K), 0.0004220 secs] [Times: user=0.00 sys=0.00, real=0.00 secs] 
90.336: Total time for which application threads were stopped: 0.0005110 seconds, Stopping threads took: 0.0000390 seconds
90.366: Application time: 0.0294520 seconds
90.366: [GC [PSYoungGen: 6654K->0K(7680K)] 18740K->12086K(24576K), 0.0003100 secs] [Times: user=0.00 sys=0.00, real=0.00 secs] 
90.366: Total time for which application threads were stopped: 0.0003950 seconds, Stopping threads took: 0.0000380 seconds
90.395: Application time: 0.0292770 seconds
90.395: [GC [PSYoungGen: 6654K->0K(7680K)] 18740K->12086K(24576K), 0.0002960 secs] [Times: user=0.00 sys=0.00, real=0.00 secs] 
90.396: Total time for which application threads were stopped: 0.0003930 seconds, Stopping threads took: 0.0000490 seconds
90.422: Application time: 0.0260880 seconds
90.423: [GC [PSYoungGen: 6654K->288K(7680K)] 18740K->12374K(24576K), 0.0003220 secs] [Times: user=0.00 sys=0.00, real=0.00 secs] 
90.423: Total time for which application threads were stopped: 0.0014240 seconds, Stopping threads took: 0.0010510 seconds
90.444: Application time: 0.0205780 seconds
90.444: [GC [PSYoungGen: 6943K->384K(7680K)] 19029K->12470K(24576K), 0.0003210 secs] [Times: user=0.00 sys=0.00, real=0.00 secs] 
90.444: Total time for which application threads were stopped: 0.0004130 seconds, Stopping threads took: 0.0000430 seconds
90.460: Application time: 0.0162590 seconds
90.460: [GC [PSYoungGen: 7036K->512K(7680K)] 19122K->12598K(24576K), 0.0003920 secs] [Times: user=0.00 sys=0.00, real=0.00 secs] 
90.461: Total time for which application threads were stopped: 0.0004940 seconds, Stopping threads took: 0.0000500 seconds
90.481: Application time: 0.0200500 seconds
90.481: [GC [PSYoungGen: 7168K->480K(7680K)] 19254K->12566K(24576K), 0.0003520 secs] [Times: user=0.00 sys=0.00, real=0.00 secs] 
90.481: Total time for which application threads were stopped: 0.0004580 seconds, Stopping threads took: 0.0000550 seconds
90.505: Application time: 0.0239240 seconds
90.505: [GC [PSYoungGen: 7134K->512K(7680K)] 19220K->12598K(24576K), 0.0003500 secs] [Times: user=0.00 sys=0.00, real=0.00 secs] 
90.506: Total time for which application threads were stopped: 0.0004520 seconds, Stopping threads took: 0.0000520 seconds
90.534: Application time: 0.0278690 seconds
90.534: [GC [PSYoungGen: 7166K->480K(7680K)] 19252K->12566K(24576K), 0.0003530 secs] [Times: user=0.01 sys=0.00, real=0.00 secs] 
90.534: Total time for which application threads were stopped: 0.0004520 seconds, Stopping threads took: 0.0000480 seconds
90.562: Application time: 0.0280020 seconds
90.562: [GC [PSYoungGen: 7132K->544K(7680K)] 19218K->12630K(24576K), 0.0003450 secs] [Times: user=0.00 sys=0.00, real=0.00 secs] 
90.563: Total time for which application threads were stopped: 0.0004500 seconds, Stopping threads took: 0.0000510 seconds
90.592: Application time: 0.0292880 seconds
90.592: [GC [PSYoungGen: 7198K->512K(7680K)] 19284K->12598K(24576K), 0.0004120 secs] [Times: user=0.00 sys=0.00, real=0.00 secs] 
90.592: Total time for which application threads were stopped: 0.0005140 seconds, Stopping threads took: 0.0000520 seconds
90.622: Application time: 0.0294430 seconds
90.622: [GC [PSYoungGen: 7166K->512K(7680K)] 19252K->12598K(24576K), 0.0003900 secs] [Times: user=0.00 sys=0.00, real=0.00 secs] 
90.622: Total time for which application threads were stopped: 0.0005060 seconds, Stopping threads took: 0.0000540 seconds
90.648: Application time: 0.0255460 seconds
90.648: [GC [PSYoungGen: 7164K->704K(7680K)] 19250K->12790K(24576K), 0.0003590 secs] [Times: user=0.00 sys=0.00, real=0.00 secs] 
90.648: Total time for which application threads were stopped: 0.0004570 seconds, Stopping threads took: 0.0000450 seconds
90.669: Application time: 0.0204590 seconds
90.671: [GC [PSYoungGen: 7356K->704K(7680K)] 19442K->12790K(24576K), 0.0003940 secs] [Times: user=0.00 sys=0.00, real=0.00 secs] 
90.671: Total time for which application threads were stopped: 0.0024340 seconds, Stopping threads took: 0.0019890 seconds
90.693: Application time: 0.0222650 seconds
90.694: [GC [PSYoungGen: 7356K->896K(7680K)] 19442K->12982K(24576K), 0.0003880 secs] [Times: user=0.00 sys=0.00, real=0.00 secs] 
90.694: Total time for which application threads were stopped: 0.0005110 seconds, Stopping threads took: 0.0000670 seconds
90.723: Application time: 0.0288230 seconds
90.727: [GC [PSYoungGen: 7548K->736K(7680K)] 19634K->12822K(24576K), 0.0003700 secs] [Times: user=0.00 sys=0.00, real=0.00 secs] 
90.727: Total time for which application threads were stopped: 0.0043790 seconds, Stopping threads took: 0.0039570 seconds
90.756: Application time: 0.0287140 seconds
90.756: [GC [PSYoungGen: 7388K->704K(7680K)] 19474K->12790K(24576K), 0.0004280 secs] [Times: user=0.00 sys=0.00, real=0.00 secs] 
90.758: Total time for which application threads were stopped: 0.0016110 seconds, Stopping threads took: 0.0000620 seconds
90.785: Application time: 0.0276240 seconds
90.785: [GC [PSYoungGen: 7356K->768K(7680K)] 19442K->12854K(24576K), 0.0005310 secs] [Times: user=0.01 sys=0.00, real=0.00 secs] 
90.786: Total time for which application threads were stopped: 0.0006300 seconds, Stopping threads took: 0.0000460 seconds
90.815: Application time: 0.0290300 seconds
90.815: [GC [PSYoungGen: 7422K->736K(7680K)] 19508K->12822K(24576K), 0.0003860 secs] [Times: user=0.00 sys=0.00, real=0.00 secs] 
90.815: Total time for which application threads were stopped: 0.0004910 seconds, Stopping threads took: 0.0000530 seconds
90.836: Application time: 0.0208820 seconds
90.836: [GC [PSYoungGen: 7390K->960K(7680K)] 19476K->13046K(24576K), 0.0004010 secs] [Times: user=0.00 sys=0.00, real=0.00 secs] 
90.837: Total time for which application threads were stopped: 0.0005030 seconds, Stopping threads took: 0.0000500 seconds
90.857: Application time: 0.0200870 seconds
90.857: [GC [PSYoungGen: 7614K->928K(7680K)] 19700K->13142K(24576K), 0.0004210 secs] [Times: user=0.00 sys=0.00, real=0.00 secs] 
90.857: Total time for which application threads were stopped: 0.0005350 seconds, Stopping threads took: 0.0000590 seconds
90.881: Application time: 0.0241710 seconds
90.882: [GC [PSYoungGen: 7581K->704K(7680K)] 19795K->12918K(24576K), 0.0003880 secs] [Times: user=0.00 sys=0.00, real=0.00 secs] 
90.882: Total time for which application threads were stopped: 0.0004870 seconds, Stopping threads took: 0.0000470 seconds
90.902: Application time: 0.0197090 seconds
90.902: [GC [PSYoungGen: 7358K->992K(7680K)] 19572K->13342K(24576K), 0.0004410 secs] [Times: user=0.00 sys=0.00, real=0.00 secs] 
90.902: Total time for which application threads were stopped: 0.0005630 seconds, Stopping threads took: 0.0000650 seconds
90.923: Application time: 0.0209990 seconds
90.923: [GC [PSYoungGen: 7645K->896K(7680K)] 19995K->13246K(24576K), 0.0005070 secs] [Times: user=0.00 sys=0.00, real=0.00 secs] 
90.924: Total time for which application threads were stopped: 0.0006210 seconds, Stopping threads took: 0.0000610 seconds
90.948: Application time: 0.0237250 seconds
90.950: [GC [PSYoungGen: 7551K->992K(7680K)] 19902K->13478K(24576K), 0.0004770 secs] [Times: user=0.00 sys=0.00, real=0.00 secs] 
90.951: Total time for which application threads were stopped: 0.0030030 seconds, Stopping threads took: 0.0024710 seconds
90.979: Application time: 0.0287850 seconds
90.979: [GC [PSYoungGen: 7644K->992K(7680K)] 20130K->13478K(24576K), 0.0004390 secs] [Times: user=0.00 sys=0.00, real=0.00 secs] 
90.980: Total time for which application threads were stopped: 0.0005320 seconds, Stopping threads took: 0.0000410 seconds
91.008: Application time: 0.0279820 seconds
91.008: [GC [PSYoungGen: 7645K->992K(7680K)] 20131K->13486K(24576K), 0.0004290 secs] [Times: user=0.00 sys=0.00, real=0.00 secs] 
91.008: Total time for which application threads were stopped: 0.0005240 seconds, Stopping threads took: 0.0000420 seconds
91.038: Application time: 0.0294980 seconds
91.038: [GC [PSYoungGen: 7644K->960K(7680K)] 20138K->13454K(24576K), 0.0004950 secs] [Times: user=0.00 sys=0.00, real=0.00 secs] 
91.039: Total time for which application threads were stopped: 0.0005970 seconds, Stopping threads took: 0.0000450 seconds
91.068: Application time: 0.0292270 seconds
91.068: [GC [PSYoungGen: 7614K->992K(7680K)] 20108K->13486K(24576K), 0.0004520 secs] [Times: user=0.00 sys=0.00, real=0.00 secs] 
91.068: Total time for which application threads were stopped: 0.0005440 seconds, Stopping threads took: 0.0000400 seconds
91.096: Application time: 0.0279030 seconds
91.096: [GC [PSYoungGen: 7645K->992K(7680K)] 20139K->13614K(24576K), 0.0004380 secs] [Times: user=0.00 sys=0.00, real=0.00 secs] 
91.097: Total time for which application threads were stopped: 0.0005310 seconds, Stopping threads took: 0.0000400 seconds
91.119: Application time: 0.0219030 seconds
91.119: [GC [PSYoungGen: 7644K->992K(7680K)] 20266K->13910K(24576K), 0.0005290 secs] [Times: user=0.00 sys=0.01, real=0.01 secs] 
91.119: Total time for which application threads were stopped: 0.0006280 seconds, Stopping threads took: 0.0000420 seconds
91.140: Application time: 0.0211460 seconds
91.141: [GC [PSYoungGen: 7647K->992K(7680K)] 20566K->13942K(24576K), 0.0004230 secs] [Times: user=0.00 sys=0.00, real=0.00 secs] 
91.141: Total time for which application threads were stopped: 0.0005340 seconds, Stopping threads took: 0.0000580 seconds
91.157: Application time: 0.0159970 seconds
91.157: [GC [PSYoungGen: 7647K->992K(7680K)] 20597K->14214K(24576K), 0.0004730 secs] [Times: user=0.01 sys=0.00, real=0.00 secs] 
91.158: Total time for which application threads were stopped: 0.0005820 seconds, Stopping threads took: 0.0000540 seconds
91.174: Application time: 0.0162050 seconds
91.174: [GC [PSYoungGen: 7647K->992K(7680K)] 20870K->14470K(24576K), 0.0005100 secs] [Times: user=0.00 sys=0.00, real=0.00 secs] 
91.174: Total time for which application threads were stopped: 0.0006190 seconds, Stopping threads took: 0.0000540 seconds
91.191: Application time: 0.0162360 seconds
91.191: [GC [PSYoungGen: 7644K->1008K(7680K)] 21122K->14646K(24576K), 0.0004640 secs] [Times: user=0.00 sys=0.00, real=0.00 secs] 
91.191: Total time for which application threads were stopped: 0.0005620 seconds, Stopping threads took: 0.0000420 seconds
91.214: Application time: 0.0223750 seconds
91.214: [GC [PSYoungGen: 7659K->992K(7680K)] 21297K->14674K(24576K), 0.0004800 secs] [Times: user=0.00 sys=0.00, real=0.00 secs] 
91.214: Total time for which application threads were stopped: 0.0005870 seconds, Stopping threads took: 0.0000520 seconds
91.242: Application time: 0.0274020 seconds
91.242: [GC [PSYoungGen: 7646K->992K(7680K)] 21329K->14935K(24576K), 0.0005340 secs] [Times: user=0.00 sys=0.00, real=0.00 secs] 
91.242: Total time for which application threads were stopped: 0.0006430 seconds, Stopping threads took: 0.0000540 seconds
91.268: Application time: 0.0259060 seconds
91.268: [GC [PSYoungGen: 7644K->992K(7680K)] 21588K->15135K(24576K), 0.0004410 secs] [Times: user=0.00 sys=0.00, real=0.00 secs] 
91.269: Total time for which application threads were stopped: 0.0005670 seconds, Stopping threads took: 0.0000550 seconds
91.297: Application time: 0.0279770 seconds
91.297: [GC [PSYoungGen: 7645K->992K(7680K)] 21789K->15143K(24576K), 0.0004470 secs] [Times: user=0.00 sys=0.00, real=0.00 secs] 
91.297: Total time for which application threads were stopped: 0.0005530 seconds, Stopping threads took: 0.0000540 seconds
91.325: Application time: 0.0279900 seconds
91.325: [GC [PSYoungGen: 7646K->960K(7680K)] 21797K->15295K(24576K), 0.0004730 secs] [Times: user=0.00 sys=0.00, real=0.00 secs] 
91.326: Total time for which application threads were stopped: 0.0005760 seconds, Stopping threads took: 0.0000470 seconds
91.354: Application time: 0.0281120 seconds
91.355: [GC [PSYoungGen: 7612K->992K(7680K)] 21947K->15335K(24576K), 0.0004860 secs] [Times: user=0.00 sys=0.00, real=0.00 secs] 
91.355: Total time for which application threads were stopped: 0.0014370 seconds, Stopping threads took: 0.0008970 seconds
91.385: Application time: 0.0301540 seconds
91.386: [GC [PSYoungGen: 7644K->992K(7680K)] 21987K->15335K(24576K), 0.0004310 secs] [Times: user=0.00 sys=0.00, real=0.00 secs] 
91.386: Total time for which application threads were stopped: 0.0005430 seconds, Stopping threads took: 0.0000570 seconds
91.415: Application time: 0.0291210 seconds
91.415: [GC [PSYoungGen: 7646K->928K(7680K)] 21990K->15271K(24576K), 0.0004020 secs] [Times: user=0.00 sys=0.00, real=0.00 secs] 
91.416: Total time for which application threads were stopped: 0.0005020 seconds, Stopping threads took: 0.0000470 seconds
91.445: Application time: 0.0290450 seconds
91.445: [GC [PSYoungGen: 7580K->960K(7680K)] 21923K->15303K(24576K), 0.0004040 secs] [Times: user=0.00 sys=0.00, real=0.00 secs] 
91.445: Total time for which application threads were stopped: 0.0005030 seconds, Stopping threads took: 0.0000470 seconds
91.474: Application time: 0.0290800 seconds
91.474: [GC [PSYoungGen: 7614K->992K(7680K)] 21958K->15335K(24576K), 0.0004520 secs] [Times: user=0.00 sys=0.00, real=0.00 secs] 
91.475: Total time for which application threads were stopped: 0.0005490 seconds, Stopping threads took: 0.0000420 seconds
91.504: Application time: 0.0295510 seconds
91.504: [GC [PSYoungGen: 7646K->960K(7680K)] 21989K->15380K(24576K), 0.0004520 secs] [Times: user=0.00 sys=0.00, real=0.00 secs] 
91.505: Total time for which application threads were stopped: 0.0005550 seconds, Stopping threads took: 0.0000510 seconds
91.534: Application time: 0.0292220 seconds
91.534: [GC [PSYoungGen: 7614K->928K(7680K)] 22034K->15348K(24576K), 0.0004120 secs] [Times: user=0.00 sys=0.00, real=0.00 secs] 
91.535: Total time for which application threads were stopped: 0.0005170 seconds, Stopping threads took: 0.0000520 seconds
91.562: Application time: 0.0273640 seconds
91.562: [GC [PSYoungGen: 7581K->992K(7680K)] 22001K->15516K(24576K), 0.0004230 secs] [Times: user=0.00 sys=0.00, real=0.00 secs] 
91.563: Total time for which application threads were stopped: 0.0005280 seconds, Stopping threads took: 0.0000520 seconds
91.589: Application time: 0.0266010 seconds
91.589: [GC [PSYoungGen: 7647K->992K(7680K)] 22171K->15716K(24576K), 0.0004380 secs] [Times: user=0.00 sys=0.00, real=0.00 secs] 
91.590: Total time for which application threads were stopped: 0.0005390 seconds, Stopping threads took: 0.0000470 seconds
91.619: Application time: 0.0292120 seconds
91.619: [GC [PSYoungGen: 7644K->992K(7680K)] 22368K->15716K(24576K), 0.0004800 secs] [Times: user=0.00 sys=0.00, real=0.00 secs] 
91.620: Total time for which application threads were stopped: 0.0005960 seconds, Stopping threads took: 0.0000530 seconds
91.649: Application time: 0.0297500 seconds
91.649: [GC [PSYoungGen: 7646K->928K(7680K)] 22370K->15652K(24576K), 0.0004690 secs] [Times: user=0.00 sys=0.00, real=0.00 secs] 
91.650: Total time for which application threads were stopped: 0.0005910 seconds, Stopping threads took: 0.0000660 seconds
91.679: Application time: 0.0294190 seconds
91.679: [GC [PSYoungGen: 7582K->928K(7680K)] 22306K->15652K(24576K), 0.0005460 secs] [Times: user=0.00 sys=0.00, real=0.00 secs] 
91.680: Total time for which application threads were stopped: 0.0006450 seconds, Stopping threads took: 0.0000470 seconds
91.709: Application time: 0.0295380 seconds
91.710: [GC [PSYoungGen: 7582K->672K(7680K)] 22306K->15600K(24576K), 0.0004440 secs] [Times: user=0.01 sys=0.00, real=0.00 secs] 
91.710: Total time for which application threads were stopped: 0.0005390 seconds, Stopping threads took: 0.0000420 seconds
91.740: Application time: 0.0295170 seconds
91.740: [GC [PSYoungGen: 7326K->768K(7680K)] 22255K->15696K(24576K), 0.0003620 secs] [Times: user=0.00 sys=0.00, real=0.00 secs] 
91.740: Total time for which application threads were stopped: 0.0004630 seconds, Stopping threads took: 0.0000480 seconds
91.770: Application time: 0.0297550 seconds
91.770: [GC [PSYoungGen: 7422K->800K(7680K)] 22351K->15728K(24576K), 0.0003640 secs] [Times: user=0.00 sys=0.00, real=0.00 secs] 
91.770: Total time for which application threads were stopped: 0.0004700 seconds, Stopping threads took: 0.0000440 seconds
91.800: Application time: 0.0295060 seconds
91.800: [GC [PSYoungGen: 7454K->576K(7680K)] 22383K->15704K(24576K), 0.0004260 secs] [Times: user=0.00 sys=0.00, real=0.00 secs] 
91.800: Total time for which application threads were stopped: 0.0005300 seconds, Stopping threads took: 0.0000520 seconds
91.830: Application time: 0.0296750 seconds
91.831: [GC [PSYoungGen: 7230K->576K(7680K)] 22359K->15704K(24576K), 0.0003500 secs] [Times: user=0.00 sys=0.00, real=0.00 secs] 
91.831: Total time for which application threads were stopped: 0.0012350 seconds, Stopping threads took: 0.0008340 seconds
91.861: Application time: 0.0302620 seconds
91.862: [GC [PSYoungGen: 7230K->544K(7680K)] 22359K->15672K(24576K), 0.0003540 secs] [Times: user=0.00 sys=0.00, real=0.00 secs] 
91.862: Total time for which application threads were stopped: 0.0004460 seconds, Stopping threads took: 0.0000420 seconds
91.892: Application time: 0.0297390 seconds
91.892: [GC [PSYoungGen: 7198K->576K(7680K)] 22327K->15704K(24576K), 0.0003630 secs] [Times: user=0.00 sys=0.00, real=0.00 secs] 
91.892: Total time for which application threads were stopped: 0.0004710 seconds, Stopping threads took: 0.0000580 seconds
91.922: Application time: 0.0295720 seconds
91.922: [GC [PSYoungGen: 7230K->512K(7680K)] 22359K->15640K(24576K), 0.0003750 secs] [Times: user=0.00 sys=0.00, real=0.00 secs] 
91.922: Total time for which application threads were stopped: 0.0004980 seconds, Stopping threads took: 0.0000710 seconds
91.952: Application time: 0.0295300 seconds
91.952: [GC [PSYoungGen: 7166K->544K(7680K)] 22295K->15672K(24576K), 0.0003370 secs] [Times: user=0.00 sys=0.00, real=0.00 secs] 
91.952: Total time for which application threads were stopped: 0.0004320 seconds, Stopping threads took: 0.0000470 seconds
91.982: Application time: 0.0295870 seconds
91.982: [GC [PSYoungGen: 7198K->544K(7680K)] 22327K->15672K(24576K), 0.0003610 secs] [Times: user=0.00 sys=0.00, real=0.00 secs] 
91.982: Total time for which application threads were stopped: 0.0004620 seconds, Stopping threads took: 0.0000520 seconds
92.012: Application time: 0.0297770 seconds
92.012: [GC [PSYoungGen: 7196K->512K(7680K)] 22325K->15733K(24576K), 0.0003500 secs] [Times: user=0.00 sys=0.00, real=0.00 secs] 
92.012: Total time for which application threads were stopped: 0.0004470 seconds, Stopping threads took: 0.0000460 seconds
92.042: Application time: 0.0294380 seconds
92.042: [GC [PSYoungGen: 7166K->288K(7680K)] 22388K->15729K(24576K), 0.0003760 secs] [Times: user=0.00 sys=0.00, real=0.00 secs] 
92.042: Total time for which application threads were stopped: 0.0004720 seconds, Stopping threads took: 0.0000460 seconds
92.072: Application time: 0.0294490 seconds
92.072: [GC [PSYoungGen: 6942K->0K(7680K)] 22384K->15673K(24576K), 0.0003260 secs] [Times: user=0.00 sys=0.00, real=0.00 secs] 
92.072: Total time for which application threads were stopped: 0.0004180 seconds, Stopping threads took: 0.0000440 seconds
92.102: Application time: 0.0294400 seconds
92.102: [GC [PSYoungGen: 6654K->0K(7680K)] 22328K->15673K(24576K), 0.0003240 secs] [Times: user=0.00 sys=0.00, real=0.00 secs] 
92.102: Total time for which application threads were stopped: 0.0004150 seconds, Stopping threads took: 0.0000410 seconds
92.132: Application time: 0.0300980 seconds
92.132: [GC [PSYoungGen: 6654K->0K(7680K)] 22328K->15673K(24576K), 0.0003090 secs] [Times: user=0.01 sys=0.00, real=0.00 secs] 
92.133: Total time for which application threads were stopped: 0.0004140 seconds, Stopping threads took: 0.0000560 seconds
92.162: Application time: 0.0292140 seconds
92.162: [GC [PSYoungGen: 6654K->0K(7680K)] 22328K->15673K(24576K), 0.0003220 secs] [Times: user=0.00 sys=0.00, real=0.00 secs] 
92.162: Total time for which application threads were stopped: 0.0004190 seconds, Stopping threads took: 0.0000470 seconds
92.189: Application time: 0.0265730 seconds
92.189: [GC [PSYoungGen: 6651K->352K(7680K)] 22325K->16025K(24576K), 0.0003120 secs] [Times: user=0.00 sys=0.00, real=0.00 secs] 
92.189: Total time for which application threads were stopped: 0.0004240 seconds, Stopping threads took: 0.0000620 seconds
92.205: Application time: 0.0156030 seconds
92.205: [GC [PSYoungGen: 7004K->512K(7680K)] 22678K->16185K(24576K), 0.0004170 secs] [Times: user=0.01 sys=0.00, real=0.00 secs] 
92.205: Total time for which application threads were stopped: 0.0005020 seconds, Stopping threads took: 0.0000370 seconds
92.224: Application time: 0.0188410 seconds
92.224: [GC [PSYoungGen: 7164K->480K(7680K)] 22838K->16153K(24576K), 0.0003750 secs] [Times: user=0.00 sys=0.00, real=0.00 secs] 
92.225: Total time for which application threads were stopped: 0.0004730 seconds, Stopping threads took: 0.0000490 seconds
92.244: Application time: 0.0192550 seconds
92.244: [GC [PSYoungGen: 7132K->544K(7680K)] 22806K->16217K(24576K), 0.0003560 secs] [Times: user=0.00 sys=0.00, real=0.00 secs] 
92.244: Total time for which application threads were stopped: 0.0004510 seconds, Stopping threads took: 0.0000470 seconds
92.271: Application time: 0.0270100 seconds
92.271: [GC [PSYoungGen: 7198K->480K(7680K)] 22872K->16153K(24576K), 0.0003900 secs] [Times: user=0.00 sys=0.00, real=0.00 secs] 
92.272: Total time for which application threads were stopped: 0.0005050 seconds, Stopping threads took: 0.0000550 seconds
92.300: Application time: 0.0279360 seconds
92.300: [GC [PSYoungGen: 7134K->544K(7680K)] 22808K->16217K(24576K), 0.0003600 secs] [Times: user=0.00 sys=0.00, real=0.00 secs] 
92.300: Total time for which application threads were stopped: 0.0004650 seconds, Stopping threads took: 0.0000520 seconds
92.328: Application time: 0.0281820 seconds
92.329: [GC [PSYoungGen: 7196K->512K(7680K)] 22870K->16185K(24576K), 0.0003530 secs] [Times: user=0.00 sys=0.00, real=0.00 secs] 
92.329: Total time for which application threads were stopped: 0.0004530 seconds, Stopping threads took: 0.0000510 seconds
92.358: Application time: 0.0292260 seconds
92.358: [GC [PSYoungGen: 7166K->480K(7680K)] 22840K->16153K(24576K), 0.0003370 secs] [Times: user=0.00 sys=0.00, real=0.00 secs] 
92.359: Total time for which application threads were stopped: 0.0004450 seconds, Stopping threads took: 0.0000590 seconds
92.385: Application time: 0.0268700 seconds
92.386: [GC [PSYoungGen: 7134K->672K(7680K)] 22808K->16345K(24576K), 0.0004320 secs] [Times: user=0.00 sys=0.00, real=0.00 secs] 
92.386: Total time for which application threads were stopped: 0.0005260 seconds, Stopping threads took: 0.0000440 seconds
92.406: Application time: 0.0204490 seconds
92.407: [GC [PSYoungGen: 7326K->896K(7680K)] 23000K->16569K(24576K), 0.0003970 secs] [Times: user=0.00 sys=0.00, real=0.01 secs] 
92.407: Total time for which application threads were stopped: 0.0005160 seconds, Stopping threads took: 0.0000670 seconds
92.428: Application time: 0.0207630 seconds
92.428: [GC [PSYoungGen: 7507K->608K(7680K)] 23181K->16281K(24576K), 0.0003610 secs] [Times: user=0.01 sys=0.00, real=0.00 secs] 
92.428: Total time for which application threads were stopped: 0.0004650 seconds, Stopping threads took: 0.0000510 seconds
92.456: Application time: 0.0280920 seconds
92.456: [GC [PSYoungGen: 7261K->704K(7680K)] 22935K->16377K(24576K), 0.0003800 secs] [Times: user=0.00 sys=0.00, real=0.00 secs] 
92.457: Total time for which application threads were stopped: 0.0004810 seconds, Stopping threads took: 0.0000490 seconds
92.486: Application time: 0.0287680 seconds
92.486: [GC [PSYoungGen: 7356K->704K(7680K)] 23030K->16377K(24576K), 0.0003570 secs] [Times: user=0.00 sys=0.00, real=0.00 secs] 
92.486: Total time for which application threads were stopped: 0.0004620 seconds, Stopping threads took: 0.0000510 seconds
92.514: Application time: 0.0276250 seconds
92.514: [GC [PSYoungGen: 7356K->704K(7680K)] 23030K->16377K(24576K), 0.0003930 secs] [Times: user=0.01 sys=0.00, real=0.00 secs] 
92.514: Total time for which application threads were stopped: 0.0004960 seconds, Stopping threads took: 0.0000510 seconds
92.543: Application time: 0.0290640 seconds
92.543: [GC [PSYoungGen: 7358K->736K(7680K)] 23032K->16409K(24576K), 0.0003720 secs] [Times: user=0.00 sys=0.00, real=0.00 secs] 
92.544: Total time for which application threads were stopped: 0.0004640 seconds, Stopping threads took: 0.0000430 seconds
92.568: Application time: 0.0243220 seconds
92.568: [GC [PSYoungGen: 7390K->928K(7680K)] 23063K->16601K(24576K), 0.0004500 secs] [Times: user=0.01 sys=0.00, real=0.00 secs] 
92.569: Total time for which application threads were stopped: 0.0005530 seconds, Stopping threads took: 0.0000500 seconds
92.589: Application time: 0.0205320 seconds
92.589: [GC [PSYoungGen: 7580K->992K(7680K)] 23254K->16665K(24576K), 0.0004030 secs] [Times: user=0.00 sys=0.00, real=0.00 secs] 
92.590: Total time for which application threads were stopped: 0.0004980 seconds, Stopping threads took: 0.0000400 seconds
92.608: Application time: 0.0185130 seconds
92.608: [GC [PSYoungGen: 7647K->992K(7680K)] 23321K->16801K(24576K), 0.0004330 secs] [Times: user=0.00 sys=0.00, real=0.00 secs] 
92.609: Total time for which application threads were stopped: 0.0005410 seconds, Stopping threads took: 0.0000540 seconds
92.628: Application time: 0.0190190 seconds
92.628: [GC [PSYoungGen: 7647K->992K(7680K)] 23457K->16846K(24576K), 0.0004790 secs] [Times: user=0.00 sys=0.00, real=0.00 secs] 
92.628: Total time for which application threads were stopped: 0.0005950 seconds, Stopping threads took: 0.0000550 seconds
92.648: Application time: 0.0194990 seconds
92.648: [GC [PSYoungGen: 7644K->992K(7680K)] 23499K->17006K(24576K), 0.0005420 secs] [Times: user=0.00 sys=0.00, real=0.00 secs] 
92.648: Total time for which application threads were stopped: 0.0006460 seconds, Stopping threads took: 0.0000460 seconds
92.676: Application time: 0.0274220 seconds
92.676: [GC [PSYoungGen: 7646K->992K(7680K)] 23660K->17134K(24576K), 0.0004410 secs] [Times: user=0.00 sys=0.00, real=0.00 secs] 
92.676: Total time for which application threads were stopped: 0.0005390 seconds, Stopping threads took: 0.0000440 seconds
92.705: Application time: 0.0289220 seconds
92.705: [GC [PSYoungGen: 7644K->944K(7680K)] 23786K->17086K(24576K), 0.0004920 secs] [Times: user=0.00 sys=0.00, real=0.00 secs] 
92.706: Total time for which application threads were stopped: 0.0005990 seconds, Stopping threads took: 0.0000500 seconds
92.734: Application time: 0.0283830 seconds
92.734: [GC [PSYoungGen: 7598K->992K(7680K)] 23740K->17262K(24576K), 0.0004430 secs] [Times: user=0.01 sys=0.00, real=0.00 secs] 
92.735: Total time for which application threads were stopped: 0.0005400 seconds, Stopping threads took: 0.0000420 seconds
92.764: Application time: 0.0291750 seconds
92.764: [GC [PSYoungGen: 7646K->992K(7680K)] 23917K->17262K(24576K), 0.0004190 secs] [Times: user=0.00 sys=0.00, real=0.00 secs] 
92.764: Total time for which application threads were stopped: 0.0005270 seconds, Stopping threads took: 0.0000520 seconds
92.793: Application time: 0.0289910 seconds
92.794: [GC [PSYoungGen: 7646K->976K(7680K)] 23917K->17246K(24576K), 0.0004220 secs] [Times: user=0.01 sys=0.00, real=0.00 secs] 
92.794: Total time for which application threads were stopped: 0.0005330 seconds, Stopping threads took: 0.0000430 seconds
92.821: Application time: 0.0272400 seconds
92.821: [GC [PSYoungGen: 7629K->1008K(7680K)] 23900K->17326K(24576K), 0.0004580 secs] [Times: user=0.01 sys=0.00, real=0.00 secs] 
92.822: Total time for which application threads were stopped: 0.0005670 seconds, Stopping threads took: 0.0000510 seconds
92.848: Application time: 0.0264860 seconds
92.848: [GC [PSYoungGen: 7659K->992K(7680K)] 23978K->17566K(24576K), 0.0004900 secs] [Times: user=0.00 sys=0.00, real=0.00 secs] 
92.849: Total time for which application threads were stopped: 0.0005970 seconds, Stopping threads took: 0.0000500 seconds
92.868: Application time: 0.0186620 seconds
92.868: [GC [PSYoungGen: 7643K->992K(7680K)] 24218K->17806K(24576K), 0.0004650 secs] [Times: user=0.01 sys=0.00, real=0.00 secs] 
92.868: [Full GC [PSYoungGen: 992K->0K(7680K)] [ParOldGen: 16814K->3733K(16896K)] 17806K->3733K(24576K) [PSPermGen: 5540K->5540K(21504K)], 0.0062410 secs] [Times: user=0.02 sys=0.00, real=0.00 secs] 
92.874: Total time for which application threads were stopped: 0.0068500 seconds, Stopping threads took: 0.0000440 seconds
92.888: Application time: 0.0139200 seconds
92.888: [GC [PSYoungGen: 6654K->480K(7680K)] 10387K->4213K(24576K), 0.0003600 secs] [Times: user=0.00 sys=0.00, real=0.00 secs] 
92.889: Total time for which application threads were stopped: 0.0004540 seconds, Stopping threads took: 0.0000380 seconds
92.902: Application time: 0.0136330 seconds
92.902: [GC [PSYoungGen: 7134K->768K(7680K)] 10868K->4501K(24576K), 0.0003840 secs] [Times: user=0.01 sys=0.00, real=0.00 secs] 
92.903: Total time for which application threads were stopped: 0.0004720 seconds, Stopping threads took: 0.0000340 seconds
92.920: Application time: 0.0166810 seconds
92.920: [GC [PSYoungGen: 7422K->768K(7680K)] 11155K->4501K(24576K), 0.0003670 secs] [Times: user=0.00 sys=0.00, real=0.00 secs] 
92.920: Total time for which application threads were stopped: 0.0004760 seconds, Stopping threads took: 0.0000560 seconds
92.945: Application time: 0.0250990 seconds
92.945: [GC [PSYoungGen: 7420K->800K(7680K)] 11153K->4533K(24576K), 0.0004040 secs] [Times: user=0.00 sys=0.00, real=0.00 secs] 
92.946: Total time for which application threads were stopped: 0.0004910 seconds, Stopping threads took: 0.0000350 seconds
92.973: Application time: 0.0272510 seconds
92.973: [GC [PSYoungGen: 7454K->736K(7680K)] 11187K->4469K(24576K), 0.0003650 secs] [Times: user=0.00 sys=0.00, real=0.00 secs] 
92.973: Total time for which application threads were stopped: 0.0004830 seconds, Stopping threads took: 0.0000650 seconds
93.000: Application time: 0.0263750 seconds
93.000: [GC [PSYoungGen: 7389K->992K(7680K)] 11122K->4757K(24576K), 0.0004090 secs] [Times: user=0.00 sys=0.00, real=0.00 secs] 
93.000: Total time for which application threads were stopped: 0.0005140 seconds, Stopping threads took: 0.0000500 seconds
93.028: Application time: 0.0281420 seconds
93.029: [GC [PSYoungGen: 7644K->928K(7680K)] 11409K->4693K(24576K), 0.0004080 secs] [Times: user=0.00 sys=0.00, real=0.00 secs] 
93.029: Total time for which application threads were stopped: 0.0005060 seconds, Stopping threads took: 0.0000440 seconds
93.057: Application time: 0.0281970 seconds
93.057: [GC [PSYoungGen: 7580K->992K(7680K)] 11345K->4925K(24576K), 0.0004550 secs] [Times: user=0.01 sys=0.00, real=0.00 secs] 
93.058: Total time for which application threads were stopped: 0.0005630 seconds, Stopping threads took: 0.0000550 seconds
93.086: Application time: 0.0280740 seconds
93.086: [GC [PSYoungGen: 7644K->992K(7680K)] 11577K->4973K(24576K), 0.0004450 secs] [Times: user=0.00 sys=0.00, real=0.00 secs] 
93.086: Total time for which application threads were stopped: 0.0005500 seconds, Stopping threads took: 0.0000510 seconds
93.116: Application time: 0.0292660 seconds
93.116: [GC [PSYoungGen: 7646K->928K(7680K)] 11628K->5037K(24576K), 0.0004240 secs] [Times: user=0.00 sys=0.00, real=0.00 secs] 
93.116: Total time for which application threads were stopped: 0.0005300 seconds, Stopping threads took: 0.0000540 seconds
93.146: Application time: 0.0295590 seconds
93.146: [GC [PSYoungGen: 7580K->864K(7680K)] 11689K->4973K(24576K), 0.0003790 secs] [Times: user=0.00 sys=0.00, real=0.00 secs] 
93.146: Total time for which application threads were stopped: 0.0004740 seconds, Stopping threads took: 0.0000440 seconds
93.175: Application time: 0.0291000 seconds
93.175: [GC [PSYoungGen: 7518K->896K(7680K)] 11628K->5005K(24576K), 0.0003740 secs] [Times: user=0.00 sys=0.00, real=0.00 secs] 
93.176: Total time for which application threads were stopped: 0.0004760 seconds, Stopping threads took: 0.0000500 seconds
93.205: Application time: 0.0292620 seconds
93.205: [GC [PSYoungGen: 7550K->896K(7680K)] 11660K->5005K(24576K), 0.0004150 secs] [Times: user=0.00 sys=0.00, real=0.00 secs] 
93.206: Total time for which application threads were stopped: 0.0005170 seconds, Stopping threads took: 0.0000510 seconds
93.235: Application time: 0.0290650 seconds
93.235: [GC [PSYoungGen: 7550K->896K(7680K)] 11660K->5005K(24576K), 0.0004110 secs] [Times: user=0.00 sys=0.00, real=0.00 secs] 
93.235: Total time for which application threads were stopped: 0.0005100 seconds, Stopping threads took: 0.0000460 seconds
93.264: Application time: 0.0289650 seconds
93.264: [GC [PSYoungGen: 7550K->928K(7680K)] 11660K->5037K(24576K), 0.0004040 secs] [Times: user=0.00 sys=0.00, real=0.00 secs] 
93.265: Total time for which application threads were stopped: 0.0005030 seconds, Stopping threads took: 0.0000470 seconds
93.293: Application time: 0.0282270 seconds
93.293: [GC [PSYoungGen: 7580K->992K(7680K)] 11689K->5101K(24576K), 0.0003960 secs] [Times: user=0.00 sys=0.00, real=0.00 secs] 
93.293: Total time for which application threads were stopped: 0.0005050 seconds, Stopping threads took: 0.0000570 seconds
93.319: Application time: 0.0257670 seconds
93.319: [GC [PSYoungGen: 7646K->992K(7680K)] 11756K->5269K(24576K), 0.0004720 secs] [Times: user=0.00 sys=0.00, real=0.00 secs] 
93.320: Total time for which application threads were stopped: 0.0005740 seconds, Stopping threads took: 0.0000410 seconds
93.348: Application time: 0.0284700 seconds
93.348: [GC [PSYoungGen: 7644K->992K(7680K)] 11921K->5277K(24576K), 0.0004120 secs] [Times: user=0.00 sys=0.00, real=0.00 secs] 
93.349: Total time for which application threads were stopped: 0.0005140 seconds, Stopping threads took: 0.0000490 seconds
93.378: Application time: 0.0295620 seconds
93.378: [GC [PSYoungGen: 7646K->928K(7680K)] 11932K->5341K(24576K), 0.0004090 secs] [Times: user=0.00 sys=0.00, real=0.00 secs] 
93.379: Total time for which application threads were stopped: 0.0005130 seconds, Stopping threads took: 0.0000530 seconds
93.409: Application time: 0.0303930 seconds
93.409: [GC [PSYoungGen: 7582K->928K(7680K)] 11995K->5357K(24576K), 0.0004180 secs] [Times: user=0.00 sys=0.00, real=0.00 secs] 
93.410: Total time for which application threads were stopped: 0.0005250 seconds, Stopping threads took: 0.0000530 seconds
93.439: Application time: 0.0297550 seconds
93.439: [GC [PSYoungGen: 7582K->960K(7680K)] 12012K->5413K(24576K), 0.0003730 secs] [Times: user=0.01 sys=0.00, real=0.00 secs] 
93.440: Total time for which application threads were stopped: 0.0004700 seconds, Stopping threads took: 0.0000470 seconds
93.470: Application time: 0.0297380 seconds
93.470: [GC [PSYoungGen: 7614K->736K(7680K)] 12068K->5393K(24576K), 0.0003860 secs] [Times: user=0.01 sys=0.00, real=0.00 secs] 
93.470: Total time for which application threads were stopped: 0.0004980 seconds, Stopping threads took: 0.0000590 seconds
93.500: Application time: 0.0297480 seconds
93.503: [GC [PSYoungGen: 7390K->736K(7680K)] 12048K->5393K(24576K), 0.0003580 secs] [Times: user=0.00 sys=0.00, real=0.00 secs] 
93.503: Total time for which application threads were stopped: 0.0033370 seconds, Stopping threads took: 0.0029240 seconds
93.533: Application time: 0.0298410 seconds
93.533: [GC [PSYoungGen: 7388K->640K(7680K)] 12046K->5382K(24576K), 0.0003990 secs] [Times: user=0.00 sys=0.00, real=0.00 secs] 
93.534: Total time for which application threads were stopped: 0.0004990 seconds, Stopping threads took: 0.0000420 seconds
93.563: Application time: 0.0297370 seconds
93.563: [GC [PSYoungGen: 7294K->704K(7680K)] 12037K->5446K(24576K), 0.0003340 secs] [Times: user=0.00 sys=0.00, real=0.00 secs] 
93.564: Total time for which application threads were stopped: 0.0004340 seconds, Stopping threads took: 0.0000500 seconds
93.593: Application time: 0.0295700 seconds
93.593: [GC [PSYoungGen: 7358K->832K(7680K)] 12101K->5574K(24576K), 0.0004130 secs] [Times: user=0.00 sys=0.00, real=0.00 secs] 
93.594: Total time for which application threads were stopped: 0.0005100 seconds, Stopping threads took: 0.0000440 seconds
93.624: Application time: 0.0299650 seconds
93.624: [GC [PSYoungGen: 7486K->704K(7680K)] 12229K->5446K(24576K), 0.0004020 secs] [Times: user=0.00 sys=0.00, real=0.00 secs] 
93.624: Total time for which application threads were stopped: 0.0005190 seconds, Stopping threads took: 0.0000580 seconds
93.654: Application time: 0.0296520 seconds
93.654: [GC [PSYoungGen: 7358K->640K(7680K)] 12101K->5382K(24576K), 0.0004220 secs] [Times: user=0.01 sys=0.00, real=0.00 secs] 
93.654: Total time for which application threads were stopped: 0.0005140 seconds, Stopping threads took: 0.0000410 seconds
93.685: Application time: 0.0310180 seconds
93.687: [GC [PSYoungGen: 7294K->672K(7680K)] 12036K->5414K(24576K), 0.0004410 secs] [Times: user=0.00 sys=0.00, real=0.00 secs] 
93.687: Total time for which application threads were stopped: 0.0018320 seconds, Stopping threads took: 0.0013360 seconds
93.718: Application time: 0.0303100 seconds
93.718: [GC [PSYoungGen: 7326K->704K(7680K)] 12069K->5446K(24576K), 0.0003520 secs] [Times: user=0.00 sys=0.00, real=0.00 secs] 
93.718: Total time for which application threads were stopped: 0.0004510 seconds, Stopping threads took: 0.0000470 seconds
93.748: Application time: 0.0295700 seconds
93.748: [GC [PSYoungGen: 7358K->704K(7680K)] 12101K->5446K(24576K), 0.0004000 secs] [Times: user=0.00 sys=0.00, real=0.00 secs] 
93.748: Total time for which application threads were stopped: 0.0005070 seconds, Stopping threads took: 0.0000550 seconds
93.778: Application time: 0.0299440 seconds
93.778: [GC [PSYoungGen: 7356K->352K(7680K)] 12098K->5515K(24576K), 0.0003680 secs] [Times: user=0.00 sys=0.00, real=0.00 secs] 
93.779: Total time for which application threads were stopped: 0.0004850 seconds, Stopping threads took: 0.0000640 seconds
93.808: Application time: 0.0295580 seconds
93.808: [GC [PSYoungGen: 7006K->0K(7680K)] 12169K->5507K(24576K), 0.0003550 secs] [Times: user=0.00 sys=0.00, real=0.00 secs] 
93.809: Total time for which application threads were stopped: 0.0004480 seconds, Stopping threads took: 0.0000420 seconds
93.838: Application time: 0.0296160 seconds
93.838: [GC [PSYoungGen: 6654K->0K(7680K)] 12161K->5507K(24576K), 0.0002910 secs] [Times: user=0.00 sys=0.00, real=0.00 secs] 
93.839: Total time for which application threads were stopped: 0.0003950 seconds, Stopping threads took: 0.0000470 seconds
93.868: Application time: 0.0293660 seconds
93.868: [GC [PSYoungGen: 6654K->0K(7680K)] 12161K->5507K(24576K), 0.0003210 secs] [Times: user=0.00 sys=0.00, real=0.00 secs] 
93.868: Total time for which application threads were stopped: 0.0004220 seconds, Stopping threads took: 0.0000520 seconds
93.898: Application time: 0.0295570 seconds
93.898: [GC [PSYoungGen: 6654K->0K(7680K)] 12161K->5507K(24576K), 0.0002920 secs] [Times: user=0.00 sys=0.00, real=0.00 secs] 
93.898: Total time for which application threads were stopped: 0.0003830 seconds, Stopping threads took: 0.0000440 seconds
93.925: Application time: 0.0270630 seconds
93.925: [GC [PSYoungGen: 6654K->352K(7680K)] 12161K->5859K(24576K), 0.0003210 secs] [Times: user=0.00 sys=0.00, real=0.00 secs] 
93.926: Total time for which application threads were stopped: 0.0004070 seconds, Stopping threads took: 0.0000380 seconds
93.946: Application time: 0.0198290 seconds
93.946: [GC [PSYoungGen: 7007K->512K(7680K)] 12514K->6019K(24576K), 0.0003610 secs] [Times: user=0.00 sys=0.00, real=0.00 secs] 
93.946: Total time for which application threads were stopped: 0.0004650 seconds, Stopping threads took: 0.0000440 seconds
93.964: Application time: 0.0182810 seconds
93.964: [GC [PSYoungGen: 7164K->544K(7680K)] 12671K->6051K(24576K), 0.0003430 secs] [Times: user=0.00 sys=0.00, real=0.00 secs] 
93.965: Total time for which application threads were stopped: 0.0004450 seconds, Stopping threads took: 0.0000520 seconds
93.982: Application time: 0.0172080 seconds
93.982: [GC [PSYoungGen: 7196K->608K(7680K)] 12703K->6115K(24576K), 0.0003440 secs] [Times: user=0.00 sys=0.00, real=0.00 secs] 
93.982: Total time for which application threads were stopped: 0.0004400 seconds, Stopping threads took: 0.0000430 seconds
94.008: Application time: 0.0251500 seconds
94.008: [GC [PSYoungGen: 7260K->544K(7680K)] 12767K->6051K(24576K), 0.0003730 secs] [Times: user=0.00 sys=0.00, real=0.00 secs] 
94.008: Total time for which application threads were stopped: 0.0004650 seconds, Stopping threads took: 0.0000420 seconds
94.037: Application time: 0.0288830 seconds
94.037: [GC [PSYoungGen: 7198K->512K(7680K)] 12705K->6019K(24576K), 0.0003280 secs] [Times: user=0.00 sys=0.00, real=0.00 secs] 
94.037: Total time for which application threads were stopped: 0.0004190 seconds, Stopping threads took: 0.0000400 seconds
94.065: Application time: 0.0271370 seconds
94.065: [GC [PSYoungGen: 7166K->576K(7680K)] 12673K->6083K(24576K), 0.0003460 secs] [Times: user=0.00 sys=0.00, real=0.00 secs] 
94.065: Total time for which application threads were stopped: 0.0004480 seconds, Stopping threads took: 0.0000510 seconds
94.094: Application time: 0.0294340 seconds
94.094: [GC [PSYoungGen: 7228K->480K(7680K)] 12735K->5987K(24576K), 0.0003680 secs] [Times: user=0.00 sys=0.00, real=0.00 secs] 
94.095: Total time for which application threads were stopped: 0.0004590 seconds, Stopping threads took: 0.0000370 seconds
94.118: Application time: 0.0229420 seconds
94.118: [GC [PSYoungGen: 7131K->736K(7680K)] 12638K->6243K(24576K), 0.0003850 secs] [Times: user=0.00 sys=0.00, real=0.00 secs] 
94.118: Total time for which application threads were stopped: 0.0004710 seconds, Stopping threads took: 0.0000350 seconds
94.140: Application time: 0.0212060 seconds
94.140: [GC [PSYoungGen: 7391K->704K(7680K)] 12898K->6211K(24576K), 0.0004490 secs] [Times: user=0.00 sys=0.00, real=0.00 secs] 
94.140: Total time for which application threads were stopped: 0.0005520 seconds, Stopping threads took: 0.0000500 seconds
94.164: Application time: 0.0240740 seconds
94.164: [GC [PSYoungGen: 7356K->736K(7680K)] 12863K->6243K(24576K), 0.0003860 secs] [Times: user=0.01 sys=0.00, real=0.00 secs] 
94.165: Total time for which application threads were stopped: 0.0004840 seconds, Stopping threads took: 0.0000470 seconds
94.193: Application time: 0.0286620 seconds
94.193: [GC [PSYoungGen: 7388K->800K(7680K)] 12895K->6307K(24576K), 0.0003530 secs] [Times: user=0.01 sys=0.00, real=0.00 secs] 
94.194: Total time for which application threads were stopped: 0.0004540 seconds, Stopping threads took: 0.0000470 seconds
94.221: Application time: 0.0276750 seconds
94.221: [GC [PSYoungGen: 7452K->736K(7680K)] 12959K->6243K(24576K), 0.0003710 secs] [Times: user=0.00 sys=0.00, real=0.00 secs] 
94.222: Total time for which application threads were stopped: 0.0004660 seconds, Stopping threads took: 0.0000430 seconds
94.251: Application time: 0.0290570 seconds
94.251: [GC [PSYoungGen: 7390K->736K(7680K)] 12897K->6243K(24576K), 0.0003440 secs] [Times: user=0.00 sys=0.00, real=0.00 secs] 
94.251: Total time for which application threads were stopped: 0.0004370 seconds, Stopping threads took: 0.0000400 seconds
94.281: Application time: 0.0292070 seconds
94.281: [GC [PSYoungGen: 7390K->672K(7680K)] 12897K->6179K(24576K), 0.0004020 secs] [Times: user=0.01 sys=0.00, real=0.00 secs] 
94.281: Total time for which application threads were stopped: 0.0005080 seconds, Stopping threads took: 0.0000590 seconds
94.310: Application time: 0.0289270 seconds
94.310: [GC [PSYoungGen: 7326K->704K(7680K)] 12833K->6211K(24576K), 0.0003470 secs] [Times: user=0.01 sys=0.00, real=0.00 secs] 
94.310: Total time for which application threads were stopped: 0.0004640 seconds, Stopping threads took: 0.0000540 seconds
94.331: Application time: 0.0209110 seconds
94.331: [GC [PSYoungGen: 7358K->992K(7680K)] 12865K->6499K(24576K), 0.0003710 secs] [Times: user=0.00 sys=0.00, real=0.00 secs] 
94.332: Total time for which application threads were stopped: 0.0004760 seconds, Stopping threads took: 0.0000520 seconds
94.353: Application time: 0.0210120 seconds
94.353: [GC [PSYoungGen: 7647K->928K(7680K)] 13154K->6435K(24576K), 0.0003850 secs] [Times: user=0.00 sys=0.00, real=0.00 secs] 
94.353: Total time for which application threads were stopped: 0.0005020 seconds, Stopping threads took: 0.0000560 seconds
94.369: Application time: 0.0159640 seconds
94.371: [GC [PSYoungGen: 7550K->960K(7680K)] 13057K->6595K(24576K), 0.0004610 secs] [Times: user=0.00 sys=0.00, real=0.00 secs] 
94.371: Total time for which application threads were stopped: 0.0019330 seconds, Stopping threads took: 0.0014170 seconds
94.391: Application time: 0.0201240 seconds
94.392: [GC [PSYoungGen: 7615K->992K(7680K)] 13250K->6667K(24576K), 0.0004430 secs] [Times: user=0.00 sys=0.00, real=0.00 secs] 
94.392: Total time for which application threads were stopped: 0.0005500 seconds, Stopping threads took: 0.0000510 seconds
94.416: Application time: 0.0235930 seconds
94.416: [GC [PSYoungGen: 7644K->992K(7680K)] 13319K->6795K(24576K), 0.0004440 secs] [Times: user=0.00 sys=0.00, real=0.00 secs] 
94.416: Total time for which application threads were stopped: 0.0005520 seconds, Stopping threads took: 0.0000540 seconds
94.444: Application time: 0.0279040 seconds
94.444: [GC [PSYoungGen: 7645K->992K(7680K)] 13448K->6851K(24576K), 0.0004900 secs] [Times: user=0.00 sys=0.00, real=0.00 secs] 
94.445: Total time for which application threads were stopped: 0.0006020 seconds, Stopping threads took: 0.0000550 seconds
94.473: Application time: 0.0280910 seconds
94.473: [GC [PSYoungGen: 7644K->1008K(7680K)] 13503K->6891K(24576K), 0.0004660 secs] [Times: user=0.00 sys=0.00, real=0.00 secs] 
94.473: Total time for which application threads were stopped: 0.0005750 seconds, Stopping threads took: 0.0000540 seconds
94.503: Application time: 0.0292290 seconds
94.503: [GC [PSYoungGen: 7660K->992K(7680K)] 13543K->6907K(24576K), 0.0004060 secs] [Times: user=0.00 sys=0.00, real=0.00 secs] 
94.503: Total time for which application threads were stopped: 0.0005210 seconds, Stopping threads took: 0.0000570 seconds
94.532: Application time: 0.0292820 seconds
94.532: [GC [PSYoungGen: 7644K->928K(7680K)] 13559K->6971K(24576K), 0.0004460 secs] [Times: user=0.00 sys=0.00, real=0.00 secs] 
94.533: Total time for which application threads were stopped: 0.0005500 seconds, Stopping threads took: 0.0000520 seconds
94.563: Application time: 0.0301190 seconds
94.564: [GC [PSYoungGen: 7579K->1008K(7680K)] 13622K->7091K(24576K), 0.0008810 secs] [Times: user=0.01 sys=0.00, real=0.00 secs] 
94.565: Total time for which application threads were stopped: 0.0018110 seconds, Stopping threads took: 0.0008670 seconds
94.595: Application time: 0.0301420 seconds
94.595: [GC [PSYoungGen: 7662K->960K(7680K)] 13745K->7171K(24576K), 0.0004730 secs] [Times: user=0.00 sys=0.00, real=0.00 secs] 
94.596: Total time for which application threads were stopped: 0.0006100 seconds, Stopping threads took: 0.0000770 seconds
94.617: Application time: 0.0210920 seconds
94.619: [GC [PSYoungGen: 7614K->992K(7680K)] 13826K->7463K(24576K), 0.0005920 secs] [Times: user=0.00 sys=0.00, real=0.00 secs] 
94.619: Total time for which application threads were stopped: 0.0027770 seconds, Stopping threads took: 0.0021230 seconds
94.633: Application time: 0.0131720 seconds
94.635: [GC [PSYoungGen: 7647K->1008K(7680K)] 14118K->7999K(24576K), 0.0005690 secs] [Times: user=0.01 sys=0.00, real=0.00 secs] 
94.635: Total time for which application threads were stopped: 0.0028070 seconds, Stopping threads took: 0.0021770 seconds
94.648: Application time: 0.0129890 seconds
94.649: [GC [PSYoungGen: 7662K->1008K(7680K)] 14654K->8108K(24576K), 0.0004570 secs] [Times: user=0.00 sys=0.00, real=0.00 secs] 
94.649: Total time for which application threads were stopped: 0.0005630 seconds, Stopping threads took: 0.0000510 seconds
94.663: Application time: 0.0139570 seconds
94.663: [GC [PSYoungGen: 7662K->992K(7680K)] 14762K->8476K(24576K), 0.0004790 secs] [Times: user=0.01 sys=0.00, real=0.00 secs] 
94.664: Total time for which application threads were stopped: 0.0005870 seconds, Stopping threads took: 0.0000540 seconds
94.687: Application time: 0.0237980 seconds
94.687: [GC [PSYoungGen: 7646K->1008K(7680K)] 15130K->8644K(24576K), 0.0004450 secs] [Times: user=0.00 sys=0.00, real=0.00 secs] 
94.688: Total time for which application threads were stopped: 0.0005500 seconds, Stopping threads took: 0.0000510 seconds
94.716: Application time: 0.0282060 seconds
94.716: [GC [PSYoungGen: 7659K->1008K(7680K)] 15295K->8652K(24576K), 0.0004450 secs] [Times: user=0.01 sys=0.00, real=0.00 secs] 
94.717: Total time for which application threads were stopped: 0.0005490 seconds, Stopping threads took: 0.0000470 seconds
94.741: Application time: 0.0248270 seconds
94.742: [GC [PSYoungGen: 7660K->1008K(7680K)] 15305K->8925K(24576K), 0.0004730 secs] [Times: user=0.01 sys=0.00, real=0.00 secs] 
94.742: Total time for which application threads were stopped: 0.0005800 seconds, Stopping threads took: 0.0000500 seconds
94.770: Application time: 0.0278980 seconds
94.770: [GC [PSYoungGen: 7661K->896K(7680K)] 15579K->9001K(24576K), 0.0004630 secs] [Times: user=0.00 sys=0.00, real=0.00 secs] 
94.771: Total time for which application threads were stopped: 0.0005710 seconds, Stopping threads took: 0.0000540 seconds
94.798: Application time: 0.0279600 seconds
94.799: [GC [PSYoungGen: 7548K->992K(7680K)] 15653K->9169K(24576K), 0.0004400 secs] [Times: user=0.00 sys=0.00, real=0.01 secs] 
94.799: Total time for which application threads were stopped: 0.0005490 seconds, Stopping threads took: 0.0000550 seconds
94.827: Application time: 0.0282450 seconds
94.827: [GC [PSYoungGen: 7645K->992K(7680K)] 15823K->9233K(24576K), 0.0004600 secs] [Times: user=0.00 sys=0.00, real=0.00 secs] 
94.828: Total time for which application threads were stopped: 0.0005510 seconds, Stopping threads took: 0.0000390 seconds
94.857: Application time: 0.0290330 seconds
94.857: [GC [PSYoungGen: 7644K->992K(7680K)] 15886K->9257K(24576K), 0.0004570 secs] [Times: user=0.00 sys=0.00, real=0.00 secs] 
94.857: Total time for which application threads were stopped: 0.0005720 seconds, Stopping threads took: 0.0000520 seconds
94.887: Application time: 0.0291650 seconds
94.887: [GC [PSYoungGen: 7644K->992K(7680K)] 15910K->9257K(24576K), 0.0004260 secs] [Times: user=0.00 sys=0.00, real=0.01 secs] 
94.887: Total time for which application threads were stopped: 0.0005290 seconds, Stopping threads took: 0.0000520 seconds
94.916: Application time: 0.0291330 seconds
94.916: [GC [PSYoungGen: 7646K->992K(7680K)] 15912K->9261K(24576K), 0.0004660 secs] [Times: user=0.00 sys=0.00, real=0.00 secs] 
94.917: Total time for which application threads were stopped: 0.0005610 seconds, Stopping threads took: 0.0000420 seconds
94.946: Application time: 0.0292170 seconds
94.946: [GC [PSYoungGen: 7646K->992K(7680K)] 15916K->9293K(24576K), 0.0003980 secs] [Times: user=0.00 sys=0.00, real=0.00 secs] 
94.947: Total time for which application threads were stopped: 0.0005130 seconds, Stopping threads took: 0.0000580 seconds
94.976: Application time: 0.0290940 seconds
94.976: [GC [PSYoungGen: 7646K->896K(7680K)] 15948K->9325K(24576K), 0.0004250 secs] [Times: user=0.00 sys=0.00, real=0.00 secs] 
94.976: Total time for which application threads were stopped: 0.0005350 seconds, Stopping threads took: 0.0000550 seconds
95.005: Application time: 0.0290620 seconds
95.007: [GC [PSYoungGen: 7550K->832K(7680K)] 15980K->9293K(24576K), 0.0004000 secs] [Times: user=0.00 sys=0.00, real=0.00 secs] 
95.007: Total time for which application threads were stopped: 0.0019830 seconds, Stopping threads took: 0.0015300 seconds
95.036: Application time: 0.0289420 seconds
95.036: [GC [PSYoungGen: 7486K->768K(7680K)] 15948K->9309K(24576K), 0.0004080 secs] [Times: user=0.00 sys=0.00, real=0.00 secs] 
95.037: Total time for which application threads were stopped: 0.0005080 seconds, Stopping threads took: 0.0000470 seconds
95.062: Application time: 0.0250840 seconds
95.062: [GC [PSYoungGen: 7423K->960K(7680K)] 15965K->9653K(24576K), 0.0004180 secs] [Times: user=0.00 sys=0.00, real=0.00 secs] 
95.062: Total time for which application threads were stopped: 0.0005390 seconds, Stopping threads took: 0.0000630 seconds
95.091: Application time: 0.0284410 seconds
95.091: [GC [PSYoungGen: 7612K->992K(7680K)] 16306K->9725K(24576K), 0.0005110 secs] [Times: user=0.00 sys=0.00, real=0.00 secs] 
95.091: Total time for which application threads were stopped: 0.0006120 seconds, Stopping threads took: 0.0000490 seconds
95.121: Application time: 0.0295020 seconds
95.121: [GC [PSYoungGen: 7644K->896K(7680K)] 16378K->9757K(24576K), 0.0004070 secs] [Times: user=0.00 sys=0.00, real=0.00 secs] 
95.121: Total time for which application threads were stopped: 0.0005110 seconds, Stopping threads took: 0.0000500 seconds
95.152: Application time: 0.0301120 seconds
95.152: [GC [PSYoungGen: 7550K->928K(7680K)] 16412K->9789K(24576K), 0.0003800 secs] [Times: user=0.00 sys=0.00, real=0.00 secs] 
95.152: Total time for which application threads were stopped: 0.0004770 seconds, Stopping threads took: 0.0000450 seconds
95.182: Application time: 0.0303170 seconds
95.186: [GC [PSYoungGen: 7580K->928K(7680K)] 16442K->9805K(24576K), 0.0003800 secs] [Times: user=0.00 sys=0.00, real=0.00 secs] 
95.186: Total time for which application threads were stopped: 0.0041730 seconds, Stopping threads took: 0.0037370 seconds
95.216: Application time: 0.0295930 seconds
95.216: [GC [PSYoungGen: 7582K->736K(7680K)] 16460K->9818K(24576K), 0.0004260 secs] [Times: user=0.00 sys=0.00, real=0.00 secs] 
95.217: Total time for which application threads were stopped: 0.0005210 seconds, Stopping threads took: 0.0000410 seconds
95.246: Application time: 0.0296270 seconds
95.246: [GC [PSYoungGen: 7390K->768K(7680K)] 16473K->9858K(24576K), 0.0003720 secs] [Times: user=0.00 sys=0.00, real=0.00 secs] 
95.247: Total time for which application threads were stopped: 0.0004690 seconds, Stopping threads took: 0.0000440 seconds
95.276: Application time: 0.0296280 seconds
95.279: [GC [PSYoungGen: 7422K->576K(7680K)] 16513K->9878K(24576K), 0.0004060 secs] [Times: user=0.00 sys=0.00, real=0.00 secs] 
95.279: Total time for which application threads were stopped: 0.0029180 seconds, Stopping threads took: 0.0024620 seconds
95.309: Application time: 0.0297870 seconds
95.309: [GC [PSYoungGen: 7228K->544K(7680K)] 16531K->9846K(24576K), 0.0003520 secs] [Times: user=0.00 sys=0.00, real=0.00 secs] 
95.310: Total time for which application threads were stopped: 0.0004780 seconds, Stopping threads took: 0.0000760 seconds
95.339: Application time: 0.0295050 seconds
95.339: [GC [PSYoungGen: 7198K->608K(7680K)] 16501K->9910K(24576K), 0.0003290 secs] [Times: user=0.00 sys=0.00, real=0.00 secs] 
95.339: Total time for which application threads were stopped: 0.0004320 seconds, Stopping threads took: 0.0000510 seconds
95.369: Application time: 0.0300430 seconds
95.370: [GC [PSYoungGen: 7262K->544K(7680K)] 16565K->9846K(24576K), 0.0003330 secs] [Times: user=0.00 sys=0.00, real=0.00 secs] 
95.370: Total time for which application threads were stopped: 0.0004510 seconds, Stopping threads took: 0.0000550 seconds
95.400: Application time: 0.0295490 seconds
95.400: [GC [PSYoungGen: 7198K->576K(7680K)] 16501K->9878K(24576K), 0.0003630 secs] [Times: user=0.00 sys=0.00, real=0.00 secs] 
95.400: Total time for which application threads were stopped: 0.0004640 seconds, Stopping threads took: 0.0000520 seconds
95.430: Application time: 0.0295400 seconds
95.431: [GC [PSYoungGen: 7230K->544K(7680K)] 16533K->9846K(24576K), 0.0003610 secs] [Times: user=0.00 sys=0.00, real=0.00 secs] 
95.431: Total time for which application threads were stopped: 0.0016810 seconds, Stopping threads took: 0.0012660 seconds
95.461: Application time: 0.0295480 seconds
95.461: [GC [PSYoungGen: 7198K->544K(7680K)] 16501K->9846K(24576K), 0.0003620 secs] [Times: user=0.00 sys=0.00, real=0.00 secs] 
95.461: Total time for which application threads were stopped: 0.0004640 seconds, Stopping threads took: 0.0000510 seconds
95.491: Application time: 0.0294980 seconds
95.491: [GC [PSYoungGen: 7198K->576K(7680K)] 16501K->9878K(24576K), 0.0003340 secs] [Times: user=0.00 sys=0.00, real=0.00 secs] 
95.491: Total time for which application threads were stopped: 0.0004330 seconds, Stopping threads took: 0.0000500 seconds
95.521: Application time: 0.0294980 seconds
95.521: [GC [PSYoungGen: 7230K->256K(7680K)] 16533K->9840K(24576K), 0.0004170 secs] [Times: user=0.01 sys=0.00, real=0.00 secs] 
95.521: Total time for which application threads were stopped: 0.0005170 seconds, Stopping threads took: 0.0000460 seconds
95.551: Application time: 0.0295660 seconds
95.551: [GC [PSYoungGen: 6910K->0K(7680K)] 16494K->9784K(24576K), 0.0003280 secs] [Times: user=0.00 sys=0.00, real=0.00 secs] 
95.551: Total time for which application threads were stopped: 0.0004260 seconds, Stopping threads took: 0.0000500 seconds
95.581: Application time: 0.0297150 seconds
95.581: [GC [PSYoungGen: 6652K->0K(7680K)] 16436K->9784K(24576K), 0.0003050 secs] [Times: user=0.00 sys=0.00, real=0.00 secs] 
95.581: Total time for which application threads were stopped: 0.0003960 seconds, Stopping threads took: 0.0000370 seconds
95.611: Application time: 0.0294850 seconds
95.611: [GC [PSYoungGen: 6654K->0K(7680K)] 16438K->9784K(24576K), 0.0002870 secs] [Times: user=0.00 sys=0.00, real=0.00 secs] 
95.611: Total time for which application threads were stopped: 0.0003820 seconds, Stopping threads took: 0.0000440 seconds
95.641: Application time: 0.0297280 seconds
95.641: [GC [PSYoungGen: 6654K->0K(7680K)] 16438K->9784K(24576K), 0.0003370 secs] [Times: user=0.00 sys=0.00, real=0.00 secs] 
95.641: Total time for which application threads were stopped: 0.0004620 seconds, Stopping threads took: 0.0000640 seconds
95.671: Application time: 0.0293770 seconds
95.671: [GC [PSYoungGen: 6654K->0K(7680K)] 16438K->9784K(24576K), 0.0003080 secs] [Times: user=0.00 sys=0.00, real=0.00 secs] 
95.671: Total time for which application threads were stopped: 0.0004030 seconds, Stopping threads took: 0.0000450 seconds
95.692: Application time: 0.0206450 seconds
95.695: [GC [PSYoungGen: 6652K->288K(7680K)] 16436K->10072K(24576K), 0.0003470 secs] [Times: user=0.00 sys=0.00, real=0.00 secs] 
95.695: Total time for which application threads were stopped: 0.0034180 seconds, Stopping threads took: 0.0030160 seconds
95.716: Application time: 0.0212250 seconds
95.716: [GC [PSYoungGen: 6943K->256K(7680K)] 16727K->10040K(24576K), 0.0003580 secs] [Times: user=0.00 sys=0.00, real=0.00 secs] 
95.717: Total time for which application threads were stopped: 0.0004650 seconds, Stopping threads took: 0.0000560 seconds
95.736: Application time: 0.0188030 seconds
95.736: [GC [PSYoungGen: 6911K->544K(7680K)] 16695K->10328K(24576K), 0.0003450 secs] [Times: user=0.00 sys=0.00, real=0.00 secs] 
95.736: Total time for which application threads were stopped: 0.0004500 seconds, Stopping threads took: 0.0000520 seconds
95.757: Application time: 0.0210690 seconds
95.757: [GC [PSYoungGen: 7199K->448K(7680K)] 16983K->10232K(24576K), 0.0003960 secs] [Times: user=0.00 sys=0.00, real=0.01 secs] 
95.759: Total time for which application threads were stopped: 0.0016160 seconds, Stopping threads took: 0.0000340 seconds
95.784: Application time: 0.0247160 seconds
95.784: [GC [PSYoungGen: 7101K->576K(7680K)] 16886K->10360K(24576K), 0.0003450 secs] [Times: user=0.00 sys=0.00, real=0.00 secs] 
95.784: Total time for which application threads were stopped: 0.0004600 seconds, Stopping threads took: 0.0000630 seconds
95.812: Application time: 0.0277990 seconds
95.812: [GC [PSYoungGen: 7230K->544K(7680K)] 17014K->10328K(24576K), 0.0003500 secs] [Times: user=0.00 sys=0.00, real=0.00 secs] 
95.812: Total time for which application threads were stopped: 0.0004540 seconds, Stopping threads took: 0.0000530 seconds
95.841: Application time: 0.0282560 seconds
95.841: [GC [PSYoungGen: 7199K->512K(7680K)] 16983K->10296K(24576K), 0.0003800 secs] [Times: user=0.00 sys=0.00, real=0.00 secs] 
95.841: Total time for which application threads were stopped: 0.0004780 seconds, Stopping threads took: 0.0000470 seconds
95.867: Application time: 0.0265160 seconds
95.871: [GC [PSYoungGen: 7163K->736K(7680K)] 16947K->10520K(24576K), 0.0003820 secs] [Times: user=0.00 sys=0.00, real=0.00 secs] 
95.871: Total time for which application threads were stopped: 0.0037150 seconds, Stopping threads took: 0.0032720 seconds
95.892: Application time: 0.0204850 seconds
95.895: [GC [PSYoungGen: 7390K->736K(7680K)] 17174K->10520K(24576K), 0.0003710 secs] [Times: user=0.01 sys=0.00, real=0.00 secs] 
95.895: Total time for which application threads were stopped: 0.0035500 seconds, Stopping threads took: 0.0031230 seconds
95.916: Application time: 0.0211600 seconds
95.917: [GC [PSYoungGen: 7392K->704K(7680K)] 17176K->10488K(24576K), 0.0003870 secs] [Times: user=0.00 sys=0.00, real=0.00 secs] 
95.917: Total time for which application threads were stopped: 0.0005190 seconds, Stopping threads took: 0.0000790 seconds
95.946: Application time: 0.0287600 seconds
95.947: [GC [PSYoungGen: 7356K->736K(7680K)] 17140K->10520K(24576K), 0.0003830 secs] [Times: user=0.01 sys=0.00, real=0.00 secs] 
95.947: Total time for which application threads were stopped: 0.0015120 seconds, Stopping threads took: 0.0010770 seconds
95.976: Application time: 0.0287060 seconds
95.976: [GC [PSYoungGen: 7388K->704K(7680K)] 17172K->10488K(24576K), 0.0003710 secs] [Times: user=0.00 sys=0.00, real=0.00 secs] 
95.976: Total time for which application threads were stopped: 0.0004800 seconds, Stopping threads took: 0.0000540 seconds
96.004: Application time: 0.0277710 seconds
96.004: [GC [PSYoungGen: 7356K->768K(7680K)] 17140K->10552K(24576K), 0.0004160 secs] [Times: user=0.00 sys=0.00, real=0.00 secs] 
96.005: Total time for which application threads were stopped: 0.0005160 seconds, Stopping threads took: 0.0000490 seconds
96.034: Application time: 0.0291010 seconds
96.034: [GC [PSYoungGen: 7422K->704K(7680K)] 17206K->10488K(24576K), 0.0004070 secs] [Times: user=0.00 sys=0.00, real=0.00 secs] 
96.034: Total time for which application threads were stopped: 0.0004980 seconds, Stopping threads took: 0.0000400 seconds
96.060: Application time: 0.0253980 seconds
96.060: [GC [PSYoungGen: 7356K->896K(7680K)] 17140K->10680K(24576K), 0.0003800 secs] [Times: user=0.00 sys=0.00, real=0.00 secs] 
96.060: Total time for which application threads were stopped: 0.0004690 seconds, Stopping threads took: 0.0000350 seconds
96.081: Application time: 0.0203450 seconds
96.081: [GC [PSYoungGen: 7548K->960K(7680K)] 17332K->10744K(24576K), 0.0003850 secs] [Times: user=0.00 sys=0.00, real=0.00 secs] 
96.081: Total time for which application threads were stopped: 0.0004960 seconds, Stopping threads took: 0.0000590 seconds
96.102: Application time: 0.0207640 seconds
96.102: [GC [PSYoungGen: 7616K->992K(7680K)] 17400K->10920K(24576K), 0.0004260 secs] [Times: user=0.00 sys=0.00, real=0.00 secs] 
96.102: Total time for which application threads were stopped: 0.0005320 seconds, Stopping threads took: 0.0000540 seconds
96.122: Application time: 0.0197420 seconds
96.122: [GC [PSYoungGen: 7646K->992K(7680K)] 17574K->10952K(24576K), 0.0004340 secs] [Times: user=0.00 sys=0.00, real=0.00 secs] 
96.123: Total time for which application threads were stopped: 0.0005220 seconds, Stopping threads took: 0.0000350 seconds
96.143: Application time: 0.0200120 seconds
96.143: [GC [PSYoungGen: 7647K->992K(7680K)] 17607K->10988K(24576K), 0.0004200 secs] [Times: user=0.01 sys=0.00, real=0.00 secs] 
96.143: Total time for which application threads were stopped: 0.0005230 seconds, Stopping threads took: 0.0000460 seconds
96.167: Application time: 0.0238060 seconds
96.167: [GC [PSYoungGen: 7646K->992K(7680K)] 17642K->11172K(24576K), 0.0004760 secs] [Times: user=0.00 sys=0.00, real=0.00 secs] 
96.168: Total time for which application threads were stopped: 0.0005920 seconds, Stopping threads took: 0.0000530 seconds
96.195: Application time: 0.0276680 seconds
96.195: [GC [PSYoungGen: 7646K->992K(7680K)] 17826K->11220K(24576K), 0.0004880 secs] [Times: user=0.00 sys=0.00, real=0.00 secs] 
96.196: Total time for which application threads were stopped: 0.0005850 seconds, Stopping threads took: 0.0000420 seconds
96.224: Application time: 0.0280180 seconds
96.224: [GC [PSYoungGen: 7644K->992K(7680K)] 17872K->11228K(24576K), 0.0004380 secs] [Times: user=0.00 sys=0.00, real=0.00 secs] 
96.224: Total time for which application threads were stopped: 0.0005440 seconds, Stopping threads took: 0.0000530 seconds
96.253: Application time: 0.0291010 seconds
96.254: [GC [PSYoungGen: 7644K->992K(7680K)] 17880K->11236K(24576K), 0.0004570 secs] [Times: user=0.00 sys=0.00, real=0.00 secs] 
96.254: Total time for which application threads were stopped: 0.0005570 seconds, Stopping threads took: 0.0000470 seconds
96.283: Application time: 0.0290320 seconds
96.283: [GC [PSYoungGen: 7646K->976K(7680K)] 17890K->11220K(24576K), 0.0004420 secs] [Times: user=0.00 sys=0.00, real=0.00 secs] 
96.284: Total time for which application threads were stopped: 0.0005380 seconds, Stopping threads took: 0.0000420 seconds
96.312: Application time: 0.0282860 seconds
96.312: [GC [PSYoungGen: 7630K->976K(7680K)] 17874K->11220K(24576K), 0.0004660 secs] [Times: user=0.01 sys=0.00, real=0.00 secs] 
96.312: Total time for which application threads were stopped: 0.0005640 seconds, Stopping threads took: 0.0000450 seconds
96.341: Application time: 0.0281870 seconds
96.341: [GC [PSYoungGen: 7630K->992K(7680K)] 17874K->11260K(24576K), 0.0005210 secs] [Times: user=0.00 sys=0.00, real=0.00 secs] 
96.341: Total time for which application threads were stopped: 0.0006160 seconds, Stopping threads took: 0.0000400 seconds
96.363: Application time: 0.0218240 seconds
96.363: [GC [PSYoungGen: 7644K->1008K(7680K)] 17912K->11844K(24576K), 0.0005310 secs] [Times: user=0.01 sys=0.00, real=0.00 secs] 
96.364: Total time for which application threads were stopped: 0.0006260 seconds, Stopping threads took: 0.0000380 seconds
96.376: Application time: 0.0121600 seconds
96.376: [GC [PSYoungGen: 7664K->1008K(7680K)] 18500K->12128K(24576K), 0.0004830 secs] [Times: user=0.00 sys=0.00, real=0.00 secs] 
96.376: Total time for which application threads were stopped: 0.0005880 seconds, Stopping threads took: 0.0000400 seconds
96.390: Application time: 0.0140190 seconds
96.391: [GC [PSYoungGen: 7659K->1008K(7680K)] 18780K->12168K(24576K), 0.0004530 secs] [Times: user=0.00 sys=0.00, real=0.00 secs] 
96.391: Total time for which application threads were stopped: 0.0005470 seconds, Stopping threads took: 0.0000400 seconds
96.405: Application time: 0.0137100 seconds
96.405: [GC [PSYoungGen: 7662K->1008K(7680K)] 18822K->12168K(24576K), 0.0004920 secs] [Times: user=0.01 sys=0.00, real=0.00 secs] 
96.405: Total time for which application threads were stopped: 0.0005900 seconds, Stopping threads took: 0.0000440 seconds
96.429: Application time: 0.0235780 seconds
96.429: [GC [PSYoungGen: 7662K->1008K(7680K)] 18822K->12568K(24576K), 0.0005020 secs] [Times: user=0.01 sys=0.00, real=0.00 secs] 
96.429: Total time for which application threads were stopped: 0.0006030 seconds, Stopping threads took: 0.0000480 seconds
96.457: Application time: 0.0279170 seconds
96.457: [GC [PSYoungGen: 7662K->1008K(7680K)] 19222K->12592K(24576K), 0.0004400 secs] [Times: user=0.00 sys=0.00, real=0.00 secs] 
96.458: Total time for which application threads were stopped: 0.0005410 seconds, Stopping threads took: 0.0000470 seconds
96.483: Application time: 0.0249820 seconds
96.483: [GC [PSYoungGen: 7662K->1008K(7680K)] 19247K->12841K(24576K), 0.0004770 secs] [Times: user=0.00 sys=0.00, real=0.00 secs] 
96.483: Total time for which application threads were stopped: 0.0005720 seconds, Stopping threads took: 0.0000410 seconds
96.511: Application time: 0.0278990 seconds
96.511: [GC [PSYoungGen: 7660K->928K(7680K)] 19493K->12958K(24576K), 0.0005300 secs] [Times: user=0.00 sys=0.00, real=0.00 secs] 
96.512: Total time for which application threads were stopped: 0.0006320 seconds, Stopping threads took: 0.0000490 seconds
96.539: Application time: 0.0273750 seconds
96.539: [GC [PSYoungGen: 7485K->992K(7680K)] 19515K->13046K(24576K), 0.0004210 secs] [Times: user=0.01 sys=0.00, real=0.00 secs] 
96.540: Total time for which application threads were stopped: 0.0005290 seconds, Stopping threads took: 0.0000530 seconds
96.568: Application time: 0.0284260 seconds
96.568: [GC [PSYoungGen: 7645K->976K(7680K)] 19700K->13182K(24576K), 0.0005060 secs] [Times: user=0.00 sys=0.00, real=0.00 secs] 
96.569: Total time for which application threads were stopped: 0.0006080 seconds, Stopping threads took: 0.0000480 seconds
96.598: Application time: 0.0288220 seconds
96.599: [GC [PSYoungGen: 7630K->928K(7680K)] 19837K->13174K(24576K), 0.0004410 secs] [Times: user=0.00 sys=0.00, real=0.00 secs] 
96.599: Total time for which application threads were stopped: 0.0014770 seconds, Stopping threads took: 0.0009830 seconds
96.629: Application time: 0.0293030 seconds
96.629: [GC [PSYoungGen: 7582K->928K(7680K)] 19829K->13174K(24576K), 0.0004970 secs] [Times: user=0.00 sys=0.00, real=0.00 secs] 
96.629: Total time for which application threads were stopped: 0.0006270 seconds, Stopping threads took: 0.0000660 seconds
96.658: Application time: 0.0290780 seconds
96.658: [GC [PSYoungGen: 7582K->928K(7680K)] 19829K->13174K(24576K), 0.0004250 secs] [Times: user=0.00 sys=0.00, real=0.01 secs] 
96.659: Total time for which application threads were stopped: 0.0005460 seconds, Stopping threads took: 0.0000620 seconds
96.688: Application time: 0.0290460 seconds
96.688: [GC [PSYoungGen: 7582K->912K(7680K)] 19829K->13158K(24576K), 0.0004460 secs] [Times: user=0.01 sys=0.00, real=0.00 secs] 
96.688: Total time for which application threads were stopped: 0.0005530 seconds, Stopping threads took: 0.0000510 seconds
96.717: Application time: 0.0289620 seconds
96.717: [GC [PSYoungGen: 7566K->864K(7680K)] 19813K->13206K(24576K), 0.0004100 secs] [Times: user=0.00 sys=0.00, real=0.00 secs] 
96.718: Total time for which application threads were stopped: 0.0005040 seconds, Stopping threads took: 0.0000420 seconds
96.747: Application time: 0.0289520 seconds
96.747: [GC [PSYoungGen: 7518K->832K(7680K)] 19861K->13206K(24576K), 0.0004660 secs] [Times: user=0.00 sys=0.00, real=0.00 secs] 
96.747: Total time for which application threads were stopped: 0.0005660 seconds, Stopping threads took: 0.0000500 seconds
96.776: Application time: 0.0289280 seconds
96.776: [GC [PSYoungGen: 7486K->768K(7680K)] 19861K->13270K(24576K), 0.0004410 secs] [Times: user=0.01 sys=0.00, real=0.00 secs] 
96.777: Total time for which application threads were stopped: 0.0005360 seconds, Stopping threads took: 0.0000430 seconds
96.802: Application time: 0.0248810 seconds
96.802: [GC [PSYoungGen: 7422K->992K(7680K)] 19925K->13622K(24576K), 0.0004900 secs] [Times: user=0.00 sys=0.00, real=0.00 secs] 
96.802: Total time for which application threads were stopped: 0.0005940 seconds, Stopping threads took: 0.0000510 seconds
96.831: Application time: 0.0283410 seconds
96.831: [GC [PSYoungGen: 7645K->992K(7680K)] 20276K->13654K(24576K), 0.0004660 secs] [Times: user=0.01 sys=0.00, real=0.00 secs] 
96.831: Total time for which application threads were stopped: 0.0005910 seconds, Stopping threads took: 0.0000690 seconds
96.861: Application time: 0.0295400 seconds
96.861: [GC [PSYoungGen: 7646K->992K(7680K)] 20309K->13670K(24576K), 0.0004980 secs] [Times: user=0.00 sys=0.00, real=0.00 secs] 
96.861: Total time for which application threads were stopped: 0.0005980 seconds, Stopping threads took: 0.0000480 seconds
96.891: Application time: 0.0297450 seconds
96.891: [GC [PSYoungGen: 7646K->992K(7680K)] 20325K->13670K(24576K), 0.0005330 secs] [Times: user=0.00 sys=0.00, real=0.00 secs] 
96.892: Total time for which application threads were stopped: 0.0006390 seconds, Stopping threads took: 0.0000450 seconds
96.922: Application time: 0.0297800 seconds
96.923: [GC [PSYoungGen: 7646K->800K(7680K)] 20325K->13686K(24576K), 0.0004730 secs] [Times: user=0.01 sys=0.00, real=0.00 secs] 
96.923: Total time for which application threads were stopped: 0.0016920 seconds, Stopping threads took: 0.0011640 seconds
96.953: Application time: 0.0295450 seconds
96.953: [GC [PSYoungGen: 7454K->736K(7680K)] 20341K->13690K(24576K), 0.0003860 secs] [Times: user=0.00 sys=0.00, real=0.00 secs] 
96.953: Total time for which application threads were stopped: 0.0004910 seconds, Stopping threads took: 0.0000530 seconds
96.983: Application time: 0.0296230 seconds
96.983: [GC [PSYoungGen: 7390K->640K(7680K)] 20345K->13663K(24576K), 0.0004190 secs] [Times: user=0.00 sys=0.00, real=0.00 secs] 
96.984: Total time for which application threads were stopped: 0.0005290 seconds, Stopping threads took: 0.0000580 seconds
97.013: Application time: 0.0294880 seconds
97.013: [GC [PSYoungGen: 7294K->704K(7680K)] 20318K->13735K(24576K), 0.0004160 secs] [Times: user=0.00 sys=0.00, real=0.00 secs] 
97.014: Total time for which application threads were stopped: 0.0005260 seconds, Stopping threads took: 0.0000570 seconds
97.043: Application time: 0.0295360 seconds
97.043: [GC [PSYoungGen: 7358K->704K(7680K)] 20390K->13735K(24576K), 0.0003650 secs] [Times: user=0.00 sys=0.00, real=0.00 secs] 
97.044: Total time for which application threads were stopped: 0.0004680 seconds, Stopping threads took: 0.0000480 seconds
97.074: Application time: 0.0304190 seconds
97.074: [GC [PSYoungGen: 7358K->672K(7680K)] 20390K->13703K(24576K), 0.0003710 secs] [Times: user=0.01 sys=0.00, real=0.00 secs] 
97.074: Total time for which application threads were stopped: 0.0004900 seconds, Stopping threads took: 0.0000670 seconds
97.104: Application time: 0.0297080 seconds
97.104: [GC [PSYoungGen: 7326K->672K(7680K)] 20358K->13703K(24576K), 0.0003490 secs] [Times: user=0.00 sys=0.00, real=0.00 secs] 
97.105: Total time for which application threads were stopped: 0.0004520 seconds, Stopping threads took: 0.0000510 seconds
97.135: Application time: 0.0299530 seconds
97.135: [GC [PSYoungGen: 7326K->736K(7680K)] 20358K->13767K(24576K), 0.0003650 secs] [Times: user=0.00 sys=0.00, real=0.00 secs] 
97.135: Total time for which application threads were stopped: 0.0004570 seconds, Stopping threads took: 0.0000410 seconds
97.165: Application time: 0.0296890 seconds
97.165: [GC [PSYoungGen: 7390K->704K(7680K)] 20422K->13735K(24576K), 0.0003740 secs] [Times: user=0.00 sys=0.00, real=0.00 secs] 
97.165: Total time for which application threads were stopped: 0.0004710 seconds, Stopping threads took: 0.0000470 seconds
97.195: Application time: 0.0298140 seconds
97.195: [GC [PSYoungGen: 7358K->704K(7680K)] 20390K->13735K(24576K), 0.0003600 secs] [Times: user=0.00 sys=0.00, real=0.00 secs] 
97.195: Total time for which application threads were stopped: 0.0004540 seconds, Stopping threads took: 0.0000440 seconds
97.225: Application time: 0.0295220 seconds
97.225: [GC [PSYoungGen: 7358K->832K(7680K)] 20390K->13863K(24576K), 0.0004170 secs] [Times: user=0.00 sys=0.00, real=0.00 secs] 
97.225: Total time for which application threads were stopped: 0.0005000 seconds, Stopping threads took: 0.0000330 seconds
97.255: Application time: 0.0296100 seconds
97.255: [GC [PSYoungGen: 7486K->352K(7680K)] 20518K->13783K(24576K), 0.0003850 secs] [Times: user=0.00 sys=0.00, real=0.00 secs] 
97.256: Total time for which application threads were stopped: 0.0004890 seconds, Stopping threads took: 0.0000510 seconds
97.285: Application time: 0.0298100 seconds
97.285: [GC [PSYoungGen: 7006K->0K(7680K)] 20438K->13771K(24576K), 0.0003680 secs] [Times: user=0.00 sys=0.00, real=0.00 secs] 
97.286: Total time for which application threads were stopped: 0.0004720 seconds, Stopping threads took: 0.0000520 seconds
97.316: Application time: 0.0297470 seconds
97.316: [GC [PSYoungGen: 6654K->0K(7680K)] 20426K->13771K(24576K), 0.0003200 secs] [Times: user=0.00 sys=0.00, real=0.00 secs] 
97.316: Total time for which application threads were stopped: 0.0004230 seconds, Stopping threads took: 0.0000510 seconds
97.346: Application time: 0.0299130 seconds
97.346: [GC [PSYoungGen: 6652K->0K(7680K)] 20424K->13771K(24576K), 0.0003180 secs] [Times: user=0.00 sys=0.00, real=0.00 secs] 
97.346: Total time for which application threads were stopped: 0.0004110 seconds, Stopping threads took: 0.0000460 seconds
97.376: Application time: 0.0296450 seconds
97.376: [GC [PSYoungGen: 6654K->0K(7680K)] 20426K->13771K(24576K), 0.0003060 secs] [Times: user=0.00 sys=0.00, real=0.00 secs] 
97.376: Total time for which application threads were stopped: 0.0003910 seconds, Stopping threads took: 0.0000380 seconds
97.406: Application time: 0.0296550 seconds
97.406: [GC [PSYoungGen: 6654K->0K(7680K)] 20426K->13771K(24576K), 0.0003120 secs] [Times: user=0.00 sys=0.00, real=0.00 secs] 
97.406: Total time for which application threads were stopped: 0.0004140 seconds, Stopping threads took: 0.0000460 seconds
97.431: Application time: 0.0245430 seconds
97.431: [GC [PSYoungGen: 6656K->224K(7680K)] 20427K->13995K(24576K), 0.0003160 secs] [Times: user=0.01 sys=0.00, real=0.00 secs] 
97.431: Total time for which application threads were stopped: 0.0004250 seconds, Stopping threads took: 0.0000600 seconds
97.452: Application time: 0.0208340 seconds
97.452: [GC [PSYoungGen: 6875K->384K(7680K)] 20647K->14156K(24576K), 0.0003180 secs] [Times: user=0.00 sys=0.00, real=0.00 secs] 
97.453: Total time for which application threads were stopped: 0.0004110 seconds, Stopping threads took: 0.0000450 seconds
97.470: Application time: 0.0170940 seconds
97.470: [GC [PSYoungGen: 7038K->480K(7680K)] 20810K->14252K(24576K), 0.0003770 secs] [Times: user=0.00 sys=0.00, real=0.00 secs] 
97.470: Total time for which application threads were stopped: 0.0004910 seconds, Stopping threads took: 0.0000630 seconds
97.491: Application time: 0.0210290 seconds
97.491: [GC [PSYoungGen: 7133K->544K(7680K)] 20905K->14316K(24576K), 0.0003950 secs] [Times: user=0.00 sys=0.00, real=0.00 secs] 
97.492: Total time for which application threads were stopped: 0.0004960 seconds, Stopping threads took: 0.0000510 seconds
97.516: Application time: 0.0240660 seconds
97.519: [GC [PSYoungGen: 7200K->512K(7680K)] 20972K->14284K(24576K), 0.0003430 secs] [Times: user=0.00 sys=0.00, real=0.00 secs] 
97.519: Total time for which application threads were stopped: 0.0033020 seconds, Stopping threads took: 0.0029090 seconds
97.548: Application time: 0.0284160 seconds
97.548: [GC [PSYoungGen: 7164K->512K(7680K)] 20936K->14284K(24576K), 0.0003730 secs] [Times: user=0.00 sys=0.00, real=0.00 secs] 
97.548: Total time for which application threads were stopped: 0.0005040 seconds, Stopping threads took: 0.0000800 seconds
97.576: Application time: 0.0282100 seconds
97.576: [GC [PSYoungGen: 7164K->512K(7680K)] 20936K->14284K(24576K), 0.0003640 secs] [Times: user=0.00 sys=0.00, real=0.00 secs] 
97.577: Total time for which application threads were stopped: 0.0004690 seconds, Stopping threads took: 0.0000560 seconds
97.605: Application time: 0.0282780 seconds
97.607: [GC [PSYoungGen: 7164K->736K(7680K)] 20936K->14508K(24576K), 0.0004120 secs] [Times: user=0.00 sys=0.00, real=0.00 secs] 
97.607: Total time for which application threads were stopped: 0.0021840 seconds, Stopping threads took: 0.0017220 seconds
97.628: Application time: 0.0208390 seconds
97.628: [GC [PSYoungGen: 7388K->704K(7680K)] 21160K->14476K(24576K), 0.0004210 secs] [Times: user=0.00 sys=0.00, real=0.00 secs] 
97.629: Total time for which application threads were stopped: 0.0005150 seconds, Stopping threads took: 0.0000340 seconds
97.651: Application time: 0.0220820 seconds
97.651: [GC [PSYoungGen: 7359K->736K(7680K)] 21131K->14508K(24576K), 0.0003670 secs] [Times: user=0.00 sys=0.00, real=0.00 secs] 
97.651: Total time for which application threads were stopped: 0.0004710 seconds, Stopping threads took: 0.0000480 seconds
97.679: Application time: 0.0275730 seconds
97.679: [GC [PSYoungGen: 7390K->704K(7680K)] 21162K->14476K(24576K), 0.0003630 secs] [Times: user=0.00 sys=0.00, real=0.00 secs] 
97.679: Total time for which application threads were stopped: 0.0004660 seconds, Stopping threads took: 0.0000410 seconds
97.709: Application time: 0.0293370 seconds
97.709: [GC [PSYoungGen: 7356K->704K(7680K)] 21128K->14476K(24576K), 0.0003750 secs] [Times: user=0.00 sys=0.00, real=0.00 secs] 
97.709: Total time for which application threads were stopped: 0.0004820 seconds, Stopping threads took: 0.0000550 seconds
97.737: Application time: 0.0280310 seconds
97.737: [GC [PSYoungGen: 7356K->800K(7680K)] 21128K->14572K(24576K), 0.0003660 secs] [Times: user=0.00 sys=0.00, real=0.00 secs] 
97.738: Total time for which application threads were stopped: 0.0004740 seconds, Stopping threads took: 0.0000570 seconds
97.767: Application time: 0.0292890 seconds
97.767: [GC [PSYoungGen: 7454K->736K(7680K)] 21226K->14508K(24576K), 0.0003780 secs] [Times: user=0.00 sys=0.00, real=0.00 secs] 
97.767: Total time for which application threads were stopped: 0.0004820 seconds, Stopping threads took: 0.0000520 seconds
97.788: Application time: 0.0203940 seconds
97.791: [GC [PSYoungGen: 7390K->992K(7680K)] 21162K->14780K(24576K), 0.0004260 secs] [Times: user=0.00 sys=0.00, real=0.00 secs] 
97.791: Total time for which application threads were stopped: 0.0035760 seconds, Stopping threads took: 0.0030970 seconds
97.812: Application time: 0.0211640 seconds
97.813: [GC [PSYoungGen: 7646K->960K(7680K)] 21434K->14748K(24576K), 0.0004170 secs] [Times: user=0.00 sys=0.00, real=0.00 secs] 
97.813: Total time for which application threads were stopped: 0.0005250 seconds, Stopping threads took: 0.0000560 seconds
97.831: Application time: 0.0178620 seconds
97.831: [GC [PSYoungGen: 7614K->992K(7680K)] 21402K->14940K(24576K), 0.0004300 secs] [Times: user=0.01 sys=0.00, real=0.00 secs] 
97.831: Total time for which application threads were stopped: 0.0005240 seconds, Stopping threads took: 0.0000390 seconds
97.852: Application time: 0.0210990 seconds
97.853: [GC [PSYoungGen: 7643K->944K(7680K)] 21591K->14892K(24576K), 0.0004590 secs] [Times: user=0.00 sys=0.00, real=0.00 secs] 
97.853: Total time for which application threads were stopped: 0.0005600 seconds, Stopping threads took: 0.0000480 seconds
97.877: Application time: 0.0242930 seconds
97.877: [GC [PSYoungGen: 7598K->1008K(7680K)] 21546K->14980K(24576K), 0.0004400 secs] [Times: user=0.00 sys=0.00, real=0.00 secs] 
97.878: Total time for which application threads were stopped: 0.0005610 seconds, Stopping threads took: 0.0000660 seconds
97.905: Application time: 0.0267190 seconds
97.905: [GC [PSYoungGen: 7662K->1008K(7680K)] 21634K->15120K(24576K), 0.0005080 secs] [Times: user=0.00 sys=0.00, real=0.00 secs] 
97.905: Total time for which application threads were stopped: 0.0006140 seconds, Stopping threads took: 0.0000500 seconds
97.931: Application time: 0.0260500 seconds
97.931: [GC [PSYoungGen: 7661K->992K(7680K)] 21773K->15272K(24576K), 0.0005010 secs] [Times: user=0.01 sys=0.00, real=0.00 secs] 
97.932: Total time for which application threads were stopped: 0.0006170 seconds, Stopping threads took: 0.0000480 seconds
97.962: Application time: 0.0298410 seconds
97.962: [GC [PSYoungGen: 7644K->896K(7680K)] 21924K->15320K(24576K), 0.0004290 secs] [Times: user=0.00 sys=0.00, real=0.00 secs] 
97.962: Total time for which application threads were stopped: 0.0005400 seconds, Stopping threads took: 0.0000580 seconds
97.992: Application time: 0.0298510 seconds
97.992: [GC [PSYoungGen: 7550K->960K(7680K)] 21974K->15384K(24576K), 0.0004590 secs] [Times: user=0.00 sys=0.00, real=0.00 secs] 
97.993: Total time for which application threads were stopped: 0.0005500 seconds, Stopping threads took: 0.0000390 seconds
98.022: Application time: 0.0297950 seconds
98.023: [GC [PSYoungGen: 7614K->928K(7680K)] 22038K->15352K(24576K), 0.0004090 secs] [Times: user=0.00 sys=0.00, real=0.00 secs] 
98.023: Total time for which application threads were stopped: 0.0005230 seconds, Stopping threads took: 0.0000570 seconds
98.051: Application time: 0.0284480 seconds
98.052: [GC [PSYoungGen: 7581K->992K(7680K)] 22005K->15416K(24576K), 0.0004380 secs] [Times: user=0.00 sys=0.00, real=0.00 secs] 
98.052: Total time for which application threads were stopped: 0.0005410 seconds, Stopping threads took: 0.0000410 seconds
98.081: Application time: 0.0287170 seconds
98.081: [GC [PSYoungGen: 7644K->960K(7680K)] 22068K->15384K(24576K), 0.0004150 secs] [Times: user=0.00 sys=0.00, real=0.00 secs] 
98.081: Total time for which application threads were stopped: 0.0005360 seconds, Stopping threads took: 0.0000670 seconds
98.103: Application time: 0.0221730 seconds
98.103: [GC [PSYoungGen: 7614K->992K(7680K)] 22039K->15520K(24576K), 0.0004440 secs] [Times: user=0.00 sys=0.00, real=0.00 secs] 
98.104: Total time for which application threads were stopped: 0.0005430 seconds, Stopping threads took: 0.0000470 seconds
98.124: Application time: 0.0198200 seconds
98.124: [GC [PSYoungGen: 7645K->992K(7680K)] 22173K->15764K(24576K), 0.0004550 secs] [Times: user=0.00 sys=0.00, real=0.00 secs] 
98.124: Total time for which application threads were stopped: 0.0005680 seconds, Stopping threads took: 0.0000590 seconds
98.141: Application time: 0.0171160 seconds
98.143: [GC [PSYoungGen: 7647K->1008K(7680K)] 22419K->16044K(24576K), 0.0004680 secs] [Times: user=0.00 sys=0.00, real=0.00 secs] 
98.143: Total time for which application threads were stopped: 0.0018410 seconds, Stopping threads took: 0.0013190 seconds
98.159: Application time: 0.0157230 seconds
98.159: [GC [PSYoungGen: 7660K->992K(7680K)] 22696K->16224K(24576K), 0.0004830 secs] [Times: user=0.00 sys=0.00, real=0.00 secs] 
98.160: Total time for which application threads were stopped: 0.0005870 seconds, Stopping threads took: 0.0000480 seconds
98.177: Application time: 0.0176200 seconds
98.177: [GC [PSYoungGen: 7644K->1008K(7680K)] 22876K->16440K(24576K), 0.0004550 secs] [Times: user=0.00 sys=0.00, real=0.00 secs] 
98.178: Total time for which application threads were stopped: 0.0005560 seconds, Stopping threads took: 0.0000470 seconds
98.200: Application time: 0.0220880 seconds
98.200: [GC [PSYoungGen: 7663K->1008K(7680K)] 23096K->16796K(24576K), 0.0005680 secs] [Times: user=0.00 sys=0.00, real=0.00 secs] 
98.201: Total time for which application threads were stopped: 0.0006570 seconds, Stopping threads took: 0.0000370 seconds
98.228: Application time: 0.0270060 seconds
98.228: [GC [PSYoungGen: 7663K->992K(7680K)] 23452K->17060K(24576K), 0.0005280 secs] [Times: user=0.00 sys=0.00, real=0.00 secs] 
98.228: Total time for which application threads were stopped: 0.0006220 seconds, Stopping threads took: 0.0000400 seconds
98.255: Application time: 0.0268780 seconds
98.255: [GC [PSYoungGen: 7648K->992K(7680K)] 23716K->17210K(24576K), 0.0005290 secs] [Times: user=0.00 sys=0.00, real=0.00 secs] 
98.256: Total time for which application threads were stopped: 0.0006320 seconds, Stopping threads took: 0.0000490 seconds
98.283: Application time: 0.0270410 seconds
98.283: [GC [PSYoungGen: 7644K->992K(7680K)] 23862K->17547K(24576K), 0.0005410 secs] [Times: user=0.00 sys=0.00, real=0.00 secs] 
98.283: [Full GC [PSYoungGen: 992K->0K(7680K)] [ParOldGen: 16555K->3747K(16896K)] 17547K->3747K(24576K) [PSPermGen: 5540K->5540K(21504K)], 0.0060340 secs] [Times: user=0.03 sys=0.00, real=0.01 secs] 
98.289: Total time for which application threads were stopped: 0.0067200 seconds, Stopping threads took: 0.0000430 seconds
98.319: Application time: 0.0292160 seconds
98.319: [GC [PSYoungGen: 6654K->0K(7680K)] 10402K->3747K(24576K), 0.0003330 secs] [Times: user=0.00 sys=0.00, real=0.01 secs] 
98.319: Total time for which application threads were stopped: 0.0004320 seconds, Stopping threads took: 0.0000390 seconds
98.348: Application time: 0.0292230 seconds
98.348: [GC [PSYoungGen: 6654K->0K(7680K)] 10402K->3747K(24576K), 0.0002710 secs] [Times: user=0.00 sys=0.00, real=0.00 secs] 
98.349: Total time for which application threads were stopped: 0.0003710 seconds, Stopping threads took: 0.0000500 seconds
98.378: Application time: 0.0292650 seconds
98.378: [GC [PSYoungGen: 6654K->0K(7680K)] 10402K->3747K(24576K), 0.0002860 secs] [Times: user=0.00 sys=0.00, real=0.00 secs] 
98.378: Total time for which application threads were stopped: 0.0003870 seconds, Stopping threads took: 0.0000440 seconds
98.408: Application time: 0.0292430 seconds
98.408: [GC [PSYoungGen: 6654K->0K(7680K)] 10402K->3747K(24576K), 0.0003420 secs] [Times: user=0.00 sys=0.00, real=0.00 secs] 
98.408: Total time for which application threads were stopped: 0.0004300 seconds, Stopping threads took: 0.0000420 seconds
98.437: Application time: 0.0292490 seconds
98.437: [GC [PSYoungGen: 6654K->0K(7680K)] 10402K->3747K(24576K), 0.0002840 secs] [Times: user=0.00 sys=0.00, real=0.00 secs] 
98.438: Total time for which application threads were stopped: 0.0003840 seconds, Stopping threads took: 0.0000420 seconds
98.467: Application time: 0.0292270 seconds
98.467: [GC [PSYoungGen: 6654K->0K(7680K)] 10402K->3747K(24576K), 0.0002750 secs] [Times: user=0.00 sys=0.00, real=0.00 secs] 
98.467: Total time for which application threads were stopped: 0.0003720 seconds, Stopping threads took: 0.0000470 seconds
98.497: Application time: 0.0292400 seconds
98.497: [GC [PSYoungGen: 6654K->0K(7680K)] 10402K->3747K(24576K), 0.0003120 secs] [Times: user=0.00 sys=0.00, real=0.00 secs] 
98.497: Total time for which application threads were stopped: 0.0004060 seconds, Stopping threads took: 0.0000460 seconds
98.525: Application time: 0.0276630 seconds
98.525: [GC [PSYoungGen: 6654K->384K(7680K)] 10401K->4131K(24576K), 0.0003180 secs] [Times: user=0.00 sys=0.00, real=0.00 secs] 
98.525: Total time for which application threads were stopped: 0.0004210 seconds, Stopping threads took: 0.0000510 seconds
98.554: Application time: 0.0292150 seconds
98.554: [GC [PSYoungGen: 7038K->352K(7680K)] 10786K->4099K(24576K), 0.0003530 secs] [Times: user=0.00 sys=0.00, real=0.00 secs] 
98.555: Total time for which application threads were stopped: 0.0004540 seconds, Stopping threads took: 0.0000480 seconds
98.582: Application time: 0.0274940 seconds
98.582: [GC [PSYoungGen: 7007K->704K(7680K)] 10755K->4451K(24576K), 0.0003660 secs] [Times: user=0.01 sys=0.00, real=0.00 secs] 
98.583: Total time for which application threads were stopped: 0.0004650 seconds, Stopping threads took: 0.0000490 seconds
98.610: Application time: 0.0276760 seconds
98.610: [GC [PSYoungGen: 7359K->736K(7680K)] 11107K->4483K(24576K), 0.0003970 secs] [Times: user=0.00 sys=0.00, real=0.00 secs] 
98.611: Total time for which application threads were stopped: 0.0004970 seconds, Stopping threads took: 0.0000490 seconds
98.641: Application time: 0.0299230 seconds
98.641: [GC [PSYoungGen: 7388K->704K(7680K)] 11135K->4451K(24576K), 0.0004120 secs] [Times: user=0.00 sys=0.00, real=0.00 secs] 
98.641: Total time for which application threads were stopped: 0.0005220 seconds, Stopping threads took: 0.0000520 seconds
98.671: Application time: 0.0295820 seconds
98.671: [GC [PSYoungGen: 7358K->672K(7680K)] 11106K->4419K(24576K), 0.0003520 secs] [Times: user=0.00 sys=0.00, real=0.00 secs] 
98.671: Total time for which application threads were stopped: 0.0004690 seconds, Stopping threads took: 0.0000630 seconds
98.701: Application time: 0.0296310 seconds
98.701: [GC [PSYoungGen: 7326K->672K(7680K)] 11074K->4419K(24576K), 0.0003860 secs] [Times: user=0.00 sys=0.00, real=0.00 secs] 
98.701: Total time for which application threads were stopped: 0.0004900 seconds, Stopping threads took: 0.0000490 seconds
98.731: Application time: 0.0295930 seconds
98.731: [GC [PSYoungGen: 7326K->896K(7680K)] 11074K->4643K(24576K), 0.0003580 secs] [Times: user=0.00 sys=0.00, real=0.00 secs] 
98.731: Total time for which application threads were stopped: 0.0004560 seconds, Stopping threads took: 0.0000470 seconds
98.761: Application time: 0.0295930 seconds
98.761: [GC [PSYoungGen: 7550K->864K(7680K)] 11298K->4611K(24576K), 0.0003800 secs] [Times: user=0.00 sys=0.00, real=0.00 secs] 
98.762: Total time for which application threads were stopped: 0.0004820 seconds, Stopping threads took: 0.0000510 seconds
98.791: Application time: 0.0295870 seconds
98.791: [GC [PSYoungGen: 7518K->672K(7680K)] 11266K->4419K(24576K), 0.0003370 secs] [Times: user=0.00 sys=0.00, real=0.00 secs] 
98.792: Total time for which application threads were stopped: 0.0004470 seconds, Stopping threads took: 0.0000460 seconds
98.821: Application time: 0.0297660 seconds
98.821: [GC [PSYoungGen: 7326K->736K(7680K)] 11074K->4483K(24576K), 0.0003460 secs] [Times: user=0.00 sys=0.00, real=0.00 secs] 
98.822: Total time for which application threads were stopped: 0.0004510 seconds, Stopping threads took: 0.0000520 seconds
98.851: Application time: 0.0295760 seconds
98.855: [GC [PSYoungGen: 7390K->672K(7680K)] 11138K->4419K(24576K), 0.0004040 secs] [Times: user=0.00 sys=0.00, real=0.00 secs] 
98.855: Total time for which application threads were stopped: 0.0038460 seconds, Stopping threads took: 0.0033900 seconds
98.885: Application time: 0.0296710 seconds
98.885: [GC [PSYoungGen: 7326K->832K(7680K)] 11074K->4579K(24576K), 0.0003610 secs] [Times: user=0.00 sys=0.00, real=0.00 secs] 
98.885: Total time for which application threads were stopped: 0.0004590 seconds, Stopping threads took: 0.0000470 seconds
98.915: Application time: 0.0296820 seconds
98.915: [GC [PSYoungGen: 7486K->640K(7680K)] 11234K->4387K(24576K), 0.0003780 secs] [Times: user=0.00 sys=0.00, real=0.00 secs] 
98.916: Total time for which application threads were stopped: 0.0004810 seconds, Stopping threads took: 0.0000540 seconds
98.945: Application time: 0.0299330 seconds
98.946: [GC [PSYoungGen: 7294K->832K(7680K)] 11042K->4579K(24576K), 0.0003640 secs] [Times: user=0.00 sys=0.00, real=0.00 secs] 
98.946: Total time for which application threads were stopped: 0.0004710 seconds, Stopping threads took: 0.0000470 seconds
98.976: Application time: 0.0296460 seconds
98.976: [GC [PSYoungGen: 7486K->512K(7680K)] 11234K->4479K(24576K), 0.0003350 secs] [Times: user=0.00 sys=0.00, real=0.00 secs] 
98.976: Total time for which application threads were stopped: 0.0004340 seconds, Stopping threads took: 0.0000480 seconds
99.006: Application time: 0.0295420 seconds
99.006: [GC [PSYoungGen: 7166K->480K(7680K)] 11134K->4447K(24576K), 0.0003240 secs] [Times: user=0.00 sys=0.00, real=0.00 secs] 
99.006: Total time for which application threads were stopped: 0.0004230 seconds, Stopping threads took: 0.0000490 seconds
99.036: Application time: 0.0296960 seconds
99.036: [GC [PSYoungGen: 7134K->512K(7680K)] 11102K->4487K(24576K), 0.0003330 secs] [Times: user=0.00 sys=0.00, real=0.00 secs] 
99.036: Total time for which application threads were stopped: 0.0004230 seconds, Stopping threads took: 0.0000380 seconds
99.066: Application time: 0.0296810 seconds
99.066: [GC [PSYoungGen: 7166K->0K(7680K)] 11142K->4513K(24576K), 0.0004310 secs] [Times: user=0.00 sys=0.00, real=0.00 secs] 
99.066: Total time for which application threads were stopped: 0.0005280 seconds, Stopping threads took: 0.0000450 seconds
99.096: Application time: 0.0297120 seconds
99.096: [GC [PSYoungGen: 6654K->0K(7680K)] 11167K->4513K(24576K), 0.0002920 secs] [Times: user=0.01 sys=0.00, real=0.00 secs] 
99.096: Total time for which application threads were stopped: 0.0003870 seconds, Stopping threads took: 0.0000460 seconds
99.126: Application time: 0.0296000 seconds
99.126: [GC [PSYoungGen: 6654K->0K(7680K)] 11167K->4513K(24576K), 0.0003540 secs] [Times: user=0.00 sys=0.00, real=0.00 secs] 
99.126: Total time for which application threads were stopped: 0.0004390 seconds, Stopping threads took: 0.0000400 seconds
99.156: Application time: 0.0295060 seconds
99.156: [GC [PSYoungGen: 6654K->0K(7680K)] 11167K->4513K(24576K), 0.0002910 secs] [Times: user=0.00 sys=0.00, real=0.00 secs] 
99.156: Total time for which application threads were stopped: 0.0003850 seconds, Stopping threads took: 0.0000470 seconds
99.186: Application time: 0.0295350 seconds
99.186: [GC [PSYoungGen: 6654K->0K(7680K)] 11167K->4513K(24576K), 0.0003450 secs] [Times: user=0.00 sys=0.00, real=0.00 secs] 
99.186: Total time for which application threads were stopped: 0.0004360 seconds, Stopping threads took: 0.0000410 seconds
99.207: Application time: 0.0204640 seconds
99.207: [GC [PSYoungGen: 6655K->384K(7680K)] 11168K->4897K(24576K), 0.0003140 secs] [Times: user=0.00 sys=0.00, real=0.00 secs] 
99.207: Total time for which application threads were stopped: 0.0004160 seconds, Stopping threads took: 0.0000440 seconds
99.229: Application time: 0.0214920 seconds
99.229: [GC [PSYoungGen: 7035K->512K(7680K)] 11548K->5025K(24576K), 0.0004160 secs] [Times: user=0.00 sys=0.00, real=0.00 secs] 
99.229: Total time for which application threads were stopped: 0.0005110 seconds, Stopping threads took: 0.0000430 seconds
99.247: Application time: 0.0180600 seconds
99.247: [GC [PSYoungGen: 7165K->544K(7680K)] 11678K->5057K(24576K), 0.0003850 secs] [Times: user=0.00 sys=0.00, real=0.00 secs] 
99.248: Total time for which application threads were stopped: 0.0004780 seconds, Stopping threads took: 0.0000410 seconds
99.269: Application time: 0.0211420 seconds
99.269: [GC [PSYoungGen: 7199K->480K(7680K)] 11712K->4993K(24576K), 0.0003380 secs] [Times: user=0.00 sys=0.00, real=0.00 secs] 
99.269: Total time for which application threads were stopped: 0.0004230 seconds, Stopping threads took: 0.0000370 seconds
99.295: Application time: 0.0260950 seconds
99.296: [GC [PSYoungGen: 7134K->608K(7680K)] 11647K->5121K(24576K), 0.0003340 secs] [Times: user=0.00 sys=0.00, real=0.00 secs] 
99.296: Total time for which application threads were stopped: 0.0004280 seconds, Stopping threads took: 0.0000450 seconds
99.324: Application time: 0.0282600 seconds
99.324: [GC [PSYoungGen: 7259K->512K(7680K)] 11772K->5025K(24576K), 0.0003580 secs] [Times: user=0.01 sys=0.00, real=0.00 secs] 
99.325: Total time for which application threads were stopped: 0.0004460 seconds, Stopping threads took: 0.0000380 seconds
99.353: Application time: 0.0281980 seconds
99.353: [GC [PSYoungGen: 7164K->576K(7680K)] 11677K->5089K(24576K), 0.0003780 secs] [Times: user=0.00 sys=0.00, real=0.00 secs] 
99.353: Total time for which application threads were stopped: 0.0004700 seconds, Stopping threads took: 0.0000420 seconds
99.377: Application time: 0.0233960 seconds
99.377: [GC [PSYoungGen: 7227K->736K(7680K)] 11740K->5249K(24576K), 0.0003710 secs] [Times: user=0.00 sys=0.00, real=0.00 secs] 
99.377: Total time for which application threads were stopped: 0.0004650 seconds, Stopping threads took: 0.0000460 seconds
99.400: Application time: 0.0229360 seconds
99.400: [GC [PSYoungGen: 7389K->832K(7680K)] 11902K->5345K(24576K), 0.0003700 secs] [Times: user=0.00 sys=0.00, real=0.00 secs] 
99.401: Total time for which application threads were stopped: 0.0004680 seconds, Stopping threads took: 0.0000480 seconds
99.422: Application time: 0.0219490 seconds
99.423: [GC [PSYoungGen: 7485K->736K(7680K)] 11998K->5249K(24576K), 0.0003440 secs] [Times: user=0.00 sys=0.00, real=0.00 secs] 
99.423: Total time for which application threads were stopped: 0.0004420 seconds, Stopping threads took: 0.0000460 seconds
99.452: Application time: 0.0293290 seconds
99.452: [GC [PSYoungGen: 7390K->736K(7680K)] 11903K->5249K(24576K), 0.0003660 secs] [Times: user=0.00 sys=0.00, real=0.00 secs] 
99.453: Total time for which application threads were stopped: 0.0004710 seconds, Stopping threads took: 0.0000450 seconds
99.481: Application time: 0.0286910 seconds
99.481: [GC [PSYoungGen: 7388K->704K(7680K)] 11901K->5217K(24576K), 0.0003620 secs] [Times: user=0.00 sys=0.00, real=0.00 secs] 
99.482: Total time for which application threads were stopped: 0.0004640 seconds, Stopping threads took: 0.0000500 seconds
99.507: Application time: 0.0250200 seconds
99.507: [GC [PSYoungGen: 7357K->960K(7680K)] 11870K->5473K(24576K), 0.0004000 secs] [Times: user=0.00 sys=0.00, real=0.00 secs] 
99.507: Total time for which application threads were stopped: 0.0004960 seconds, Stopping threads took: 0.0000430 seconds
99.528: Application time: 0.0206130 seconds
99.528: [GC [PSYoungGen: 7612K->992K(7680K)] 12125K->5505K(24576K), 0.0003870 secs] [Times: user=0.00 sys=0.00, real=0.00 secs] 
99.528: Total time for which application threads were stopped: 0.0004790 seconds, Stopping threads took: 0.0000410 seconds
99.548: Application time: 0.0192210 seconds
99.551: Total time for which application threads were stopped: 0.0030880 seconds, Stopping threads took: 0.0030680 seconds
99.551: Application time: 0.0000530 seconds
99.551: [GC [PSYoungGen: 7634K->992K(7680K)] 12275K->5665K(24576K), 0.0004290 secs] [Times: user=0.00 sys=0.00, real=0.00 secs] 
99.551: Total time for which application threads were stopped: 0.0004900 seconds, Stopping threads took: 0.0000190 seconds
99.572: Application time: 0.0211250 seconds
99.573: [GC [PSYoungGen: 7646K->992K(7680K)] 12603K->5973K(24576K), 0.0004180 secs] [Times: user=0.00 sys=0.00, real=0.00 secs] 
99.573: Total time for which application threads were stopped: 0.0005150 seconds, Stopping threads took: 0.0000450 seconds
99.594: Application time: 0.0215070 seconds
99.595: [GC [PSYoungGen: 7645K->992K(7680K)] 12627K->5973K(24576K), 0.0003960 secs] [Times: user=0.00 sys=0.00, real=0.00 secs] 
99.595: Total time for which application threads were stopped: 0.0004900 seconds, Stopping threads took: 0.0000400 seconds
99.621: Application time: 0.0257090 seconds
99.621: [GC [PSYoungGen: 7647K->992K(7680K)] 12629K->6117K(24576K), 0.0005030 secs] [Times: user=0.00 sys=0.00, real=0.00 secs] 
99.621: Total time for which application threads were stopped: 0.0006250 seconds, Stopping threads took: 0.0000590 seconds
99.649: Application time: 0.0274690 seconds
99.649: [GC [PSYoungGen: 7647K->1008K(7680K)] 12772K->6165K(24576K), 0.0004370 secs] [Times: user=0.00 sys=0.00, real=0.00 secs] 
99.649: Total time for which application threads were stopped: 0.0005500 seconds, Stopping threads took: 0.0000560 seconds
99.676: Application time: 0.0267500 seconds
99.676: [GC [PSYoungGen: 7662K->992K(7680K)] 12819K->6285K(24576K), 0.0004240 secs] [Times: user=0.01 sys=0.00, real=0.00 secs] 
99.677: Total time for which application threads were stopped: 0.0005340 seconds, Stopping threads took: 0.0000530 seconds
99.705: Application time: 0.0282330 seconds
99.705: [GC [PSYoungGen: 7644K->992K(7680K)] 12937K->6337K(24576K), 0.0005200 secs] [Times: user=0.00 sys=0.00, real=0.00 secs] 
99.706: Total time for which application threads were stopped: 0.0006360 seconds, Stopping threads took: 0.0000600 seconds
99.735: Application time: 0.0292480 seconds
99.735: [GC [PSYoungGen: 7646K->944K(7680K)] 12992K->6425K(24576K), 0.0004370 secs] [Times: user=0.00 sys=0.00, real=0.00 secs] 
99.735: Total time for which application threads were stopped: 0.0005460 seconds, Stopping threads took: 0.0000550 seconds
99.764: Application time: 0.0291180 seconds
99.765: [GC [PSYoungGen: 7598K->960K(7680K)] 13080K->6441K(24576K), 0.0004370 secs] [Times: user=0.00 sys=0.00, real=0.00 secs] 
99.765: Total time for which application threads were stopped: 0.0005470 seconds, Stopping threads took: 0.0000540 seconds
99.794: Application time: 0.0293280 seconds
99.794: [GC [PSYoungGen: 7614K->944K(7680K)] 13096K->6425K(24576K), 0.0003920 secs] [Times: user=0.00 sys=0.00, real=0.00 secs] 
99.795: Total time for which application threads were stopped: 0.0004850 seconds, Stopping threads took: 0.0000380 seconds
99.819: Application time: 0.0245950 seconds
99.819: [GC [PSYoungGen: 7595K->1008K(7680K)] 13077K->6597K(24576K), 0.0004880 secs] [Times: user=0.00 sys=0.00, real=0.00 secs] 
99.820: Total time for which application threads were stopped: 0.0005950 seconds, Stopping threads took: 0.0000510 seconds
99.840: Application time: 0.0203090 seconds
99.840: [GC [PSYoungGen: 7663K->1008K(7680K)] 13253K->6725K(24576K), 0.0004290 secs] [Times: user=0.00 sys=0.00, real=0.00 secs] 
99.841: Total time for which application threads were stopped: 0.0005500 seconds, Stopping threads took: 0.0000670 seconds
99.862: Application time: 0.0210630 seconds
99.862: [GC [PSYoungGen: 7662K->1008K(7680K)] 13379K->6765K(24576K), 0.0004520 secs] [Times: user=0.01 sys=0.00, real=0.00 secs] 
99.862: Total time for which application threads were stopped: 0.0005570 seconds, Stopping threads took: 0.0000510 seconds
99.886: Application time: 0.0237220 seconds
99.886: [GC [PSYoungGen: 7662K->992K(7680K)] 13419K->6957K(24576K), 0.0005090 secs] [Times: user=0.00 sys=0.00, real=0.01 secs] 
99.887: Total time for which application threads were stopped: 0.0006190 seconds, Stopping threads took: 0.0000490 seconds
99.905: Application time: 0.0185380 seconds
99.907: [GC [PSYoungGen: 7647K->1008K(7680K)] 13613K->7221K(24576K), 0.0005080 secs] [Times: user=0.01 sys=0.00, real=0.00 secs] 
99.907: Total time for which application threads were stopped: 0.0019970 seconds, Stopping threads took: 0.0014330 seconds
99.924: Application time: 0.0168570 seconds
99.924: [GC [PSYoungGen: 7662K->992K(7680K)] 13876K->7357K(24576K), 0.0004720 secs] [Times: user=0.00 sys=0.00, real=0.00 secs] 
99.925: Total time for which application threads were stopped: 0.0005820 seconds, Stopping threads took: 0.0000530 seconds
99.943: Application time: 0.0181340 seconds
99.943: [GC [PSYoungGen: 7647K->992K(7680K)] 14013K->7534K(24576K), 0.0004620 secs] [Times: user=0.00 sys=0.00, real=0.00 secs] 
99.943: Total time for which application threads were stopped: 0.0005660 seconds, Stopping threads took: 0.0000500 seconds
99.968: Application time: 0.0250030 seconds
99.969: [GC [PSYoungGen: 7648K->1008K(7680K)] 14189K->7598K(24576K), 0.0004450 secs] [Times: user=0.00 sys=0.00, real=0.00 secs] 
99.969: Total time for which application threads were stopped: 0.0005510 seconds, Stopping threads took: 0.0000460 seconds
99.996: Application time: 0.0267720 seconds
99.999: [GC [PSYoungGen: 7664K->1008K(7680K)] 14254K->7782K(24576K), 0.0005010 secs] [Times: user=0.01 sys=0.00, real=0.00 secs] 
99.999: Total time for which application threads were stopped: 0.0035220 seconds, Stopping threads took: 0.0029680 seconds
100.027: Application time: 0.0273260 seconds
100.027: [GC [PSYoungGen: 7660K->1008K(7680K)] 14434K->8159K(24576K), 0.0005140 secs] [Times: user=0.00 sys=0.00, real=0.00 secs] 
100.027: Total time for which application threads were stopped: 0.0006290 seconds, Stopping threads took: 0.0000560 seconds
100.056: Application time: 0.0287480 seconds
100.056: [GC [PSYoungGen: 7662K->992K(7680K)] 14813K->8287K(24576K), 0.0004120 secs] [Times: user=0.00 sys=0.00, real=0.00 secs] 
100.057: Total time for which application threads were stopped: 0.0005270 seconds, Stopping threads took: 0.0000590 seconds
100.086: Application time: 0.0289440 seconds
100.086: [GC [PSYoungGen: 7646K->896K(7680K)] 14941K->8199K(24576K), 0.0003980 secs] [Times: user=0.00 sys=0.00, real=0.00 secs] 
100.086: Total time for which application threads were stopped: 0.0004980 seconds, Stopping threads took: 0.0000480 seconds
100.115: Application time: 0.0290260 seconds
100.115: [GC [PSYoungGen: 7550K->912K(7680K)] 14853K->8215K(24576K), 0.0004020 secs] [Times: user=0.00 sys=0.00, real=0.00 secs] 
100.116: Total time for which application threads were stopped: 0.0005060 seconds, Stopping threads took: 0.0000510 seconds
100.145: Application time: 0.0290010 seconds
100.145: [GC [PSYoungGen: 7566K->976K(7680K)] 14869K->8279K(24576K), 0.0003760 secs] [Times: user=0.00 sys=0.00, real=0.00 secs] 
100.145: Total time for which application threads were stopped: 0.0004730 seconds, Stopping threads took: 0.0000440 seconds
100.174: Application time: 0.0294630 seconds
100.175: [GC [PSYoungGen: 7630K->976K(7680K)] 14933K->8279K(24576K), 0.0003790 secs] [Times: user=0.00 sys=0.00, real=0.00 secs] 
100.175: Total time for which application threads were stopped: 0.0004730 seconds, Stopping threads took: 0.0000430 seconds
100.204: Application time: 0.0291900 seconds
100.204: [GC [PSYoungGen: 7628K->896K(7680K)] 14931K->8291K(24576K), 0.0003870 secs] [Times: user=0.00 sys=0.00, real=0.00 secs] 
100.205: Total time for which application threads were stopped: 0.0004910 seconds, Stopping threads took: 0.0000480 seconds
100.234: Application time: 0.0291820 seconds
100.235: [GC [PSYoungGen: 7550K->880K(7680K)] 14946K->8291K(24576K), 0.0004440 secs] [Times: user=0.00 sys=0.00, real=0.00 secs] 
100.235: Total time for which application threads were stopped: 0.0014500 seconds, Stopping threads took: 0.0009500 seconds
100.263: Application time: 0.0276530 seconds
100.263: [GC [PSYoungGen: 7491K->976K(7680K)] 14903K->8387K(24576K), 0.0004080 secs] [Times: user=0.00 sys=0.00, real=0.00 secs] 
100.263: Total time for which application threads were stopped: 0.0005100 seconds, Stopping threads took: 0.0000460 seconds
100.292: Application time: 0.0285270 seconds
100.292: [GC [PSYoungGen: 7629K->1008K(7680K)] 15041K->8427K(24576K), 0.0004260 secs] [Times: user=0.00 sys=0.00, real=0.00 secs] 
100.293: Total time for which application threads were stopped: 0.0005220 seconds, Stopping threads took: 0.0000440 seconds
100.321: Application time: 0.0283510 seconds
100.321: [GC [PSYoungGen: 7661K->992K(7680K)] 15081K->8595K(24576K), 0.0004580 secs] [Times: user=0.00 sys=0.00, real=0.00 secs] 
100.321: Total time for which application threads were stopped: 0.0005680 seconds, Stopping threads took: 0.0000560 seconds
100.349: Application time: 0.0270770 seconds
100.351: [GC [PSYoungGen: 7628K->992K(7680K)] 15231K->8755K(24576K), 0.0005550 secs] [Times: user=0.00 sys=0.00, real=0.00 secs] 
100.351: Total time for which application threads were stopped: 0.0028920 seconds, Stopping threads took: 0.0022820 seconds
100.381: Application time: 0.0292430 seconds
100.381: [GC [PSYoungGen: 7645K->992K(7680K)] 15409K->8883K(24576K), 0.0004460 secs] [Times: user=0.00 sys=0.00, real=0.00 secs] 
100.381: Total time for which application threads were stopped: 0.0005610 seconds, Stopping threads took: 0.0000610 seconds
100.411: Application time: 0.0293670 seconds
100.411: [GC [PSYoungGen: 7646K->768K(7680K)] 15538K->8912K(24576K), 0.0004560 secs] [Times: user=0.00 sys=0.00, real=0.00 secs] 
100.411: Total time for which application threads were stopped: 0.0005460 seconds, Stopping threads took: 0.0000380 seconds
100.441: Application time: 0.0294500 seconds
100.441: [GC [PSYoungGen: 7422K->768K(7680K)] 15566K->8968K(24576K), 0.0003870 secs] [Times: user=0.00 sys=0.00, real=0.00 secs] 
100.441: Total time for which application threads were stopped: 0.0004770 seconds, Stopping threads took: 0.0000330 seconds
100.471: Application time: 0.0295490 seconds
100.471: [GC [PSYoungGen: 7422K->704K(7680K)] 15622K->9012K(24576K), 0.0003870 secs] [Times: user=0.00 sys=0.00, real=0.00 secs] 
100.471: Total time for which application threads were stopped: 0.0004840 seconds, Stopping threads took: 0.0000390 seconds
100.501: Application time: 0.0294720 seconds
100.501: [GC [PSYoungGen: 7358K->672K(7680K)] 15667K->8980K(24576K), 0.0004040 secs] [Times: user=0.00 sys=0.00, real=0.00 secs] 
100.501: Total time for which application threads were stopped: 0.0005160 seconds, Stopping threads took: 0.0000590 seconds
100.531: Application time: 0.0299090 seconds
100.531: [GC [PSYoungGen: 7326K->640K(7680K)] 15635K->8948K(24576K), 0.0004200 secs] [Times: user=0.00 sys=0.00, real=0.00 secs] 
100.532: Total time for which application threads were stopped: 0.0005230 seconds, Stopping threads took: 0.0000520 seconds
100.561: Application time: 0.0295090 seconds
100.561: [GC [PSYoungGen: 7294K->736K(7680K)] 15603K->9044K(24576K), 0.0003390 secs] [Times: user=0.00 sys=0.00, real=0.00 secs] 
100.561: Total time for which application threads were stopped: 0.0004340 seconds, Stopping threads took: 0.0000450 seconds
100.591: Application time: 0.0294430 seconds
100.591: [GC [PSYoungGen: 7390K->704K(7680K)] 15699K->9012K(24576K), 0.0003500 secs] [Times: user=0.01 sys=0.00, real=0.00 secs] 
100.591: Total time for which application threads were stopped: 0.0004480 seconds, Stopping threads took: 0.0000480 seconds
100.621: Application time: 0.0299580 seconds
100.621: [GC [PSYoungGen: 7356K->736K(7680K)] 15665K->9044K(24576K), 0.0004020 secs] [Times: user=0.00 sys=0.00, real=0.00 secs] 
100.622: Total time for which application threads were stopped: 0.0005180 seconds, Stopping threads took: 0.0000580 seconds
100.651: Application time: 0.0296510 seconds
100.652: [GC [PSYoungGen: 7390K->768K(7680K)] 15699K->9076K(24576K), 0.0003810 secs] [Times: user=0.00 sys=0.00, real=0.00 secs] 
100.652: Total time for which application threads were stopped: 0.0004720 seconds, Stopping threads took: 0.0000370 seconds
100.681: Application time: 0.0294770 seconds
100.682: [GC [PSYoungGen: 7422K->736K(7680K)] 15731K->9044K(24576K), 0.0003420 secs] [Times: user=0.00 sys=0.00, real=0.00 secs] 
100.682: Total time for which application threads were stopped: 0.0004470 seconds, Stopping threads took: 0.0000530 seconds
100.712: Application time: 0.0299990 seconds
100.712: [GC [PSYoungGen: 7388K->672K(7680K)] 15697K->9076K(24576K), 0.0003810 secs] [Times: user=0.00 sys=0.00, real=0.00 secs] 
100.712: Total time for which application threads were stopped: 0.0004680 seconds, Stopping threads took: 0.0000350 seconds
100.742: Application time: 0.0294990 seconds
100.742: [GC [PSYoungGen: 7326K->512K(7680K)] 15731K->9068K(24576K), 0.0003460 secs] [Times: user=0.01 sys=0.00, real=0.00 secs] 
100.742: Total time for which application threads were stopped: 0.0004810 seconds, Stopping threads took: 0.0000820 seconds
100.772: Application time: 0.0295160 seconds
100.772: [GC [PSYoungGen: 7166K->480K(7680K)] 15723K->9036K(24576K), 0.0004000 secs] [Times: user=0.00 sys=0.00, real=0.00 secs] 
100.773: Total time for which application threads were stopped: 0.0015700 seconds, Stopping threads took: 0.0000470 seconds
100.803: Application time: 0.0295160 seconds
100.803: [GC [PSYoungGen: 7134K->224K(7680K)] 15691K->9069K(24576K), 0.0003610 secs] [Times: user=0.00 sys=0.00, real=0.00 secs] 
100.803: Total time for which application threads were stopped: 0.0004840 seconds, Stopping threads took: 0.0000740 seconds
100.833: Application time: 0.0295070 seconds
100.833: [GC [PSYoungGen: 6878K->0K(7680K)] 15724K->8997K(24576K), 0.0003200 secs] [Times: user=0.00 sys=0.00, real=0.00 secs] 
100.833: Total time for which application threads were stopped: 0.0004160 seconds, Stopping threads took: 0.0000450 seconds
100.863: Application time: 0.0299010 seconds
100.863: [GC [PSYoungGen: 6652K->0K(7680K)] 15650K->8997K(24576K), 0.0002970 secs] [Times: user=0.00 sys=0.00, real=0.00 secs] 
100.864: Total time for which application threads were stopped: 0.0004110 seconds, Stopping threads took: 0.0000640 seconds
100.893: Application time: 0.0295000 seconds
100.893: [GC [PSYoungGen: 6654K->0K(7680K)] 15652K->8997K(24576K), 0.0003280 secs] [Times: user=0.01 sys=0.00, real=0.00 secs] 
100.894: Total time for which application threads were stopped: 0.0004310 seconds, Stopping threads took: 0.0000540 seconds
100.921: Application time: 0.0269300 seconds
100.921: [GC [PSYoungGen: 6654K->352K(7680K)] 15652K->9349K(24576K), 0.0003310 secs] [Times: user=0.00 sys=0.00, real=0.00 secs] 
100.921: Total time for which application threads were stopped: 0.0004310 seconds, Stopping threads took: 0.0000510 seconds
100.942: Application time: 0.0205570 seconds
100.942: [GC [PSYoungGen: 7004K->384K(7680K)] 16002K->9381K(24576K), 0.0003510 secs] [Times: user=0.00 sys=0.00, real=0.00 secs] 
100.942: Total time for which application threads were stopped: 0.0004450 seconds, Stopping threads took: 0.0000420 seconds
100.963: Application time: 0.0209080 seconds
100.963: [GC [PSYoungGen: 7039K->480K(7680K)] 16037K->9477K(24576K), 0.0003450 secs] [Times: user=0.00 sys=0.00, real=0.00 secs] 
100.963: Total time for which application threads were stopped: 0.0004410 seconds, Stopping threads took: 0.0000460 seconds
100.985: Application time: 0.0220300 seconds
100.985: [GC [PSYoungGen: 7132K->480K(7680K)] 16130K->9477K(24576K), 0.0004180 secs] [Times: user=0.00 sys=0.00, real=0.00 secs] 
100.986: Total time for which application threads were stopped: 0.0005360 seconds, Stopping threads took: 0.0000590 seconds
101.007: Application time: 0.0209940 seconds
101.007: [GC [PSYoungGen: 7135K->448K(7680K)] 16133K->9445K(24576K), 0.0004100 secs] [Times: user=0.00 sys=0.00, real=0.00 secs] 
101.007: Total time for which application threads were stopped: 0.0005070 seconds, Stopping threads took: 0.0000440 seconds
101.031: Application time: 0.0233620 seconds
101.031: [GC [PSYoungGen: 7103K->480K(7680K)] 16101K->9477K(24576K), 0.0004090 secs] [Times: user=0.01 sys=0.00, real=0.00 secs] 
101.031: Total time for which application threads were stopped: 0.0005200 seconds, Stopping threads took: 0.0000510 seconds
101.061: Application time: 0.0295610 seconds
101.061: [GC [PSYoungGen: 7132K->480K(7680K)] 16130K->9477K(24576K), 0.0004170 secs] [Times: user=0.00 sys=0.00, real=0.00 secs] 
101.061: Total time for which application threads were stopped: 0.0005110 seconds, Stopping threads took: 0.0000440 seconds
101.089: Application time: 0.0281310 seconds
101.090: [GC [PSYoungGen: 7132K->576K(7680K)] 16129K->9573K(24576K), 0.0003430 secs] [Times: user=0.00 sys=0.00, real=0.00 secs] 
101.090: Total time for which application threads were stopped: 0.0004440 seconds, Stopping threads took: 0.0000510 seconds
101.112: Application time: 0.0216160 seconds
101.115: [GC [PSYoungGen: 7230K->704K(7680K)] 16228K->9701K(24576K), 0.0004380 secs] [Times: user=0.00 sys=0.00, real=0.00 secs] 
101.115: Total time for which application threads were stopped: 0.0037360 seconds, Stopping threads took: 0.0032410 seconds
101.138: Application time: 0.0222930 seconds
101.138: [GC [PSYoungGen: 7359K->704K(7680K)] 16357K->9701K(24576K), 0.0003670 secs] [Times: user=0.00 sys=0.00, real=0.00 secs] 
101.138: Total time for which application threads were stopped: 0.0004590 seconds, Stopping threads took: 0.0000420 seconds
101.162: Application time: 0.0240280 seconds
101.162: [GC [PSYoungGen: 7358K->736K(7680K)] 16355K->9733K(24576K), 0.0003880 secs] [Times: user=0.00 sys=0.00, real=0.00 secs] 
101.163: Total time for which application threads were stopped: 0.0004880 seconds, Stopping threads took: 0.0000480 seconds
101.191: Application time: 0.0289350 seconds
101.192: [GC [PSYoungGen: 7390K->640K(7680K)] 16388K->9637K(24576K), 0.0004200 secs] [Times: user=0.00 sys=0.00, real=0.00 secs] 
101.192: Total time for which application threads were stopped: 0.0005300 seconds, Stopping threads took: 0.0000590 seconds
101.220: Application time: 0.0275470 seconds
101.220: [GC [PSYoungGen: 7292K->832K(7680K)] 16290K->9829K(24576K), 0.0004650 secs] [Times: user=0.00 sys=0.00, real=0.00 secs] 
101.220: Total time for which application threads were stopped: 0.0005730 seconds, Stopping threads took: 0.0000530 seconds
101.242: Application time: 0.0215890 seconds
101.242: [GC [PSYoungGen: 7484K->928K(7680K)] 16482K->9925K(24576K), 0.0004000 secs] [Times: user=0.00 sys=0.00, real=0.00 secs] 
101.242: Total time for which application threads were stopped: 0.0005040 seconds, Stopping threads took: 0.0000540 seconds
101.263: Application time: 0.0210820 seconds
101.263: [GC [PSYoungGen: 7581K->896K(7680K)] 16579K->9893K(24576K), 0.0003970 secs] [Times: user=0.00 sys=0.00, real=0.00 secs] 
101.264: Total time for which application threads were stopped: 0.0005140 seconds, Stopping threads took: 0.0000620 seconds
101.288: Application time: 0.0244120 seconds
101.288: [GC [PSYoungGen: 7550K->944K(7680K)] 16548K->9941K(24576K), 0.0004160 secs] [Times: user=0.00 sys=0.00, real=0.00 secs] 
101.289: Total time for which application threads were stopped: 0.0005110 seconds, Stopping threads took: 0.0000430 seconds
101.314: Application time: 0.0249080 seconds
101.314: [GC [PSYoungGen: 7596K->960K(7680K)] 16594K->10085K(24576K), 0.0004970 secs] [Times: user=0.00 sys=0.00, real=0.00 secs] 
101.314: Total time for which application threads were stopped: 0.0005930 seconds, Stopping threads took: 0.0000410 seconds
101.335: Application time: 0.0202690 seconds
101.335: [GC [PSYoungGen: 7614K->992K(7680K)] 16740K->10125K(24576K), 0.0004430 secs] [Times: user=0.00 sys=0.00, real=0.00 secs] 
101.335: Total time for which application threads were stopped: 0.0005500 seconds, Stopping threads took: 0.0000500 seconds
101.355: Application time: 0.0201430 seconds
101.355: [GC [PSYoungGen: 7646K->992K(7680K)] 16780K->10261K(24576K), 0.0004410 secs] [Times: user=0.00 sys=0.00, real=0.00 secs] 
101.356: Total time for which application threads were stopped: 0.0005370 seconds, Stopping threads took: 0.0000410 seconds
101.384: Application time: 0.0280130 seconds
101.384: [GC [PSYoungGen: 7646K->960K(7680K)] 16916K->10357K(24576K), 0.0004940 secs] [Times: user=0.00 sys=0.00, real=0.00 secs] 
101.384: Total time for which application threads were stopped: 0.0006000 seconds, Stopping threads took: 0.0000540 seconds
101.412: Application time: 0.0276630 seconds
101.415: [GC [PSYoungGen: 7612K->1008K(7680K)] 17010K->10413K(24576K), 0.0004910 secs] [Times: user=0.00 sys=0.00, real=0.00 secs] 
101.415: Total time for which application threads were stopped: 0.0032770 seconds, Stopping threads took: 0.0027300 seconds
101.443: Application time: 0.0274680 seconds
101.443: [GC [PSYoungGen: 7660K->992K(7680K)] 17065K->10533K(24576K), 0.0004500 secs] [Times: user=0.01 sys=0.00, real=0.00 secs] 
101.443: Total time for which application threads were stopped: 0.0005520 seconds, Stopping threads took: 0.0000490 seconds
101.473: Application time: 0.0294130 seconds
101.473: [GC [PSYoungGen: 7644K->960K(7680K)] 17186K->10501K(24576K), 0.0004600 secs] [Times: user=0.00 sys=0.00, real=0.00 secs] 
101.473: Total time for which application threads were stopped: 0.0005630 seconds, Stopping threads took: 0.0000540 seconds
101.502: Application time: 0.0290140 seconds
101.502: [GC [PSYoungGen: 7614K->960K(7680K)] 17156K->10501K(24576K), 0.0004370 secs] [Times: user=0.00 sys=0.00, real=0.00 secs] 
101.503: Total time for which application threads were stopped: 0.0005540 seconds, Stopping threads took: 0.0000530 seconds
101.532: Application time: 0.0290990 seconds
101.532: [GC [PSYoungGen: 7614K->960K(7680K)] 17156K->10502K(24576K), 0.0004700 secs] [Times: user=0.00 sys=0.00, real=0.00 secs] 
101.533: Total time for which application threads were stopped: 0.0005730 seconds, Stopping threads took: 0.0000480 seconds
101.557: Application time: 0.0242640 seconds
101.557: [GC [PSYoungGen: 7613K->992K(7680K)] 17155K->10774K(24576K), 0.0004910 secs] [Times: user=0.00 sys=0.00, real=0.00 secs] 
101.557: Total time for which application threads were stopped: 0.0006180 seconds, Stopping threads took: 0.0000680 seconds
101.578: Application time: 0.0202200 seconds
101.578: [GC [PSYoungGen: 7645K->992K(7680K)] 17427K->11046K(24576K), 0.0004660 secs] [Times: user=0.00 sys=0.00, real=0.00 secs] 
101.578: Total time for which application threads were stopped: 0.0005690 seconds, Stopping threads took: 0.0000480 seconds
101.599: Application time: 0.0211300 seconds
101.599: [GC [PSYoungGen: 7645K->992K(7680K)] 17699K->11094K(24576K), 0.0004820 secs] [Times: user=0.01 sys=0.00, real=0.00 secs] 
101.600: Total time for which application threads were stopped: 0.0005820 seconds, Stopping threads took: 0.0000460 seconds
101.628: Application time: 0.0278990 seconds
101.628: Total time for which application threads were stopped: 0.0000780 seconds, Stopping threads took: 0.0000550 seconds
101.628: Application time: 0.0000440 seconds
101.628: [GC [PSYoungGen: 7555K->992K(7680K)] 17785K->11302K(24576K), 0.0005060 secs] [Times: user=0.01 sys=0.00, real=0.00 secs] 
101.629: Total time for which application threads were stopped: 0.0005920 seconds, Stopping threads took: 0.0000360 seconds
101.649: Application time: 0.0199300 seconds
101.649: [GC [PSYoungGen: 7645K->1008K(7680K)] 18240K->11915K(24576K), 0.0005110 secs] [Times: user=0.00 sys=0.00, real=0.00 secs] 
101.649: Total time for which application threads were stopped: 0.0006150 seconds, Stopping threads took: 0.0000510 seconds
101.664: Application time: 0.0152380 seconds
101.664: [GC [PSYoungGen: 7660K->1008K(7680K)] 18567K->12300K(24576K), 0.0005940 secs] [Times: user=0.01 sys=0.00, real=0.00 secs] 
101.665: Total time for which application threads were stopped: 0.0006920 seconds, Stopping threads took: 0.0000440 seconds
101.682: Application time: 0.0172530 seconds
101.682: [GC [PSYoungGen: 7664K->1008K(7680K)] 18956K->12460K(24576K), 0.0004890 secs] [Times: user=0.01 sys=0.00, real=0.00 secs] 
101.683: Total time for which application threads were stopped: 0.0005900 seconds, Stopping threads took: 0.0000440 seconds
101.706: Application time: 0.0234000 seconds
101.706: [GC [PSYoungGen: 7662K->1008K(7680K)] 19114K->12644K(24576K), 0.0005430 secs] [Times: user=0.00 sys=0.00, real=0.01 secs] 
101.707: Total time for which application threads were stopped: 0.0006580 seconds, Stopping threads took: 0.0000530 seconds
101.735: Application time: 0.0278380 seconds
101.735: [GC [PSYoungGen: 7663K->1008K(7680K)] 19299K->12716K(24576K), 0.0005220 secs] [Times: user=0.01 sys=0.00, real=0.00 secs] 
101.735: Total time for which application threads were stopped: 0.0006240 seconds, Stopping threads took: 0.0000460 seconds
101.762: Application time: 0.0266820 seconds
101.762: [GC [PSYoungGen: 7662K->1008K(7680K)] 19371K->13009K(24576K), 0.0004880 secs] [Times: user=0.00 sys=0.00, real=0.00 secs] 
101.763: Total time for which application threads were stopped: 0.0005870 seconds, Stopping threads took: 0.0000450 seconds
101.791: Application time: 0.0281820 seconds
101.791: [GC [PSYoungGen: 7663K->992K(7680K)] 19664K->13041K(24576K), 0.0004540 secs] [Times: user=0.01 sys=0.00, real=0.00 secs] 
101.791: Total time for which application threads were stopped: 0.0005550 seconds, Stopping threads took: 0.0000460 seconds
101.821: Application time: 0.0290620 seconds
101.821: [GC [PSYoungGen: 7644K->896K(7680K)] 19693K->13173K(24576K), 0.0004330 secs] [Times: user=0.00 sys=0.00, real=0.00 secs] 
101.821: Total time for which application threads were stopped: 0.0005540 seconds, Stopping threads took: 0.0000650 seconds
101.850: Application time: 0.0289620 seconds
101.850: [GC [PSYoungGen: 7550K->816K(7680K)] 19828K->13093K(24576K), 0.0004360 secs] [Times: user=0.00 sys=0.00, real=0.00 secs] 
101.851: Total time for which application threads were stopped: 0.0005490 seconds, Stopping threads took: 0.0000600 seconds
101.880: Application time: 0.0289530 seconds
101.880: [GC [PSYoungGen: 7470K->928K(7680K)] 19748K->13205K(24576K), 0.0003800 secs] [Times: user=0.00 sys=0.00, real=0.00 secs] 
101.880: Total time for which application threads were stopped: 0.0004730 seconds, Stopping threads took: 0.0000410 seconds
101.909: Application time: 0.0293080 seconds
101.909: [GC [PSYoungGen: 7582K->800K(7680K)] 19860K->13077K(24576K), 0.0003850 secs] [Times: user=0.00 sys=0.00, real=0.00 secs] 
101.910: Total time for which application threads were stopped: 0.0004950 seconds, Stopping threads took: 0.0000560 seconds
101.939: Application time: 0.0292910 seconds
101.939: [GC [PSYoungGen: 7454K->640K(7680K)] 19732K->13109K(24576K), 0.0004510 secs] [Times: user=0.00 sys=0.00, real=0.00 secs] 
101.940: Total time for which application threads were stopped: 0.0005640 seconds, Stopping threads took: 0.0000560 seconds
101.969: Application time: 0.0289510 seconds
101.969: [GC [PSYoungGen: 7294K->640K(7680K)] 19764K->13157K(24576K), 0.0003710 secs] [Times: user=0.00 sys=0.00, real=0.00 secs] 
101.969: Total time for which application threads were stopped: 0.0004880 seconds, Stopping threads took: 0.0000640 seconds
101.997: Application time: 0.0274520 seconds
101.997: [GC [PSYoungGen: 7294K->864K(7680K)] 19811K->13429K(24576K), 0.0003840 secs] [Times: user=0.00 sys=0.00, real=0.00 secs] 
101.997: Total time for which application threads were stopped: 0.0004840 seconds, Stopping threads took: 0.0000440 seconds
102.026: Application time: 0.0292940 seconds
102.026: [GC [PSYoungGen: 7518K->800K(7680K)] 20084K->13421K(24576K), 0.0004210 secs] [Times: user=0.01 sys=0.00, real=0.01 secs] 
102.027: Total time for which application threads were stopped: 0.0005310 seconds, Stopping threads took: 0.0000460 seconds
102.055: Application time: 0.0282190 seconds
102.055: [GC [PSYoungGen: 7452K->992K(7680K)] 20073K->13613K(24576K), 0.0003910 secs] [Times: user=0.00 sys=0.00, real=0.00 secs] 
102.056: Total time for which application threads were stopped: 0.0004900 seconds, Stopping threads took: 0.0000480 seconds
102.083: Application time: 0.0276920 seconds
102.083: [GC [PSYoungGen: 7646K->960K(7680K)] 20267K->13605K(24576K), 0.0004110 secs] [Times: user=0.01 sys=0.00, real=0.00 secs] 
102.084: Total time for which application threads were stopped: 0.0005150 seconds, Stopping threads took: 0.0000500 seconds
102.112: Application time: 0.0286960 seconds
102.113: [GC [PSYoungGen: 7612K->896K(7680K)] 20257K->13602K(24576K), 0.0004350 secs] [Times: user=0.00 sys=0.00, real=0.00 secs] 
102.113: Total time for which application threads were stopped: 0.0005330 seconds, Stopping threads took: 0.0000450 seconds
102.142: Application time: 0.0293860 seconds
102.143: [GC [PSYoungGen: 7550K->864K(7680K)] 20256K->13578K(24576K), 0.0003900 secs] [Times: user=0.00 sys=0.00, real=0.00 secs] 
102.143: Total time for which application threads were stopped: 0.0005000 seconds, Stopping threads took: 0.0000550 seconds
102.173: Application time: 0.0297660 seconds
102.173: [GC [PSYoungGen: 7516K->832K(7680K)] 20230K->13546K(24576K), 0.0004310 secs] [Times: user=0.00 sys=0.00, real=0.00 secs] 
102.173: Total time for which application threads were stopped: 0.0005330 seconds, Stopping threads took: 0.0000490 seconds
102.203: Application time: 0.0294050 seconds
102.203: [GC [PSYoungGen: 7486K->704K(7680K)] 20200K->13622K(24576K), 0.0003860 secs] [Times: user=0.00 sys=0.00, real=0.00 secs] 
102.203: Total time for which application threads were stopped: 0.0004920 seconds, Stopping threads took: 0.0000530 seconds
102.233: Application time: 0.0294380 seconds
102.233: [GC [PSYoungGen: 7358K->704K(7680K)] 20277K->13622K(24576K), 0.0003650 secs] [Times: user=0.00 sys=0.00, real=0.00 secs] 
102.233: Total time for which application threads were stopped: 0.0004650 seconds, Stopping threads took: 0.0000480 seconds
102.263: Application time: 0.0297500 seconds
102.263: [GC [PSYoungGen: 7358K->832K(7680K)] 20277K->13750K(24576K), 0.0003890 secs] [Times: user=0.00 sys=0.00, real=0.00 secs] 
102.263: Total time for which application threads were stopped: 0.0004860 seconds, Stopping threads took: 0.0000450 seconds
102.293: Application time: 0.0293630 seconds
102.293: [GC [PSYoungGen: 7486K->672K(7680K)] 20405K->13590K(24576K), 0.0003540 secs] [Times: user=0.00 sys=0.00, real=0.00 secs] 
102.293: Total time for which application threads were stopped: 0.0004580 seconds, Stopping threads took: 0.0000530 seconds
102.323: Application time: 0.0298880 seconds
102.323: [GC [PSYoungGen: 7324K->640K(7680K)] 20242K->13558K(24576K), 0.0004060 secs] [Times: user=0.00 sys=0.00, real=0.00 secs] 
102.323: Total time for which application threads were stopped: 0.0004950 seconds, Stopping threads took: 0.0000350 seconds
102.353: Application time: 0.0294700 seconds
102.353: [GC [PSYoungGen: 7294K->672K(7680K)] 20213K->13590K(24576K), 0.0003640 secs] [Times: user=0.00 sys=0.00, real=0.00 secs] 
102.353: Total time for which application threads were stopped: 0.0004620 seconds, Stopping threads took: 0.0000470 seconds
102.383: Application time: 0.0294620 seconds
102.383: [GC [PSYoungGen: 7326K->704K(7680K)] 20245K->13622K(24576K), 0.0003380 secs] [Times: user=0.00 sys=0.00, real=0.00 secs] 
102.383: Total time for which application threads were stopped: 0.0004410 seconds, Stopping threads took: 0.0000510 seconds
102.413: Application time: 0.0295180 seconds
102.413: [GC [PSYoungGen: 7358K->768K(7680K)] 20277K->13686K(24576K), 0.0003450 secs] [Times: user=0.01 sys=0.00, real=0.00 secs] 
102.413: Total time for which application threads were stopped: 0.0004460 seconds, Stopping threads took: 0.0000480 seconds
102.443: Application time: 0.0294220 seconds
102.443: [GC [PSYoungGen: 7422K->544K(7680K)] 20341K->13675K(24576K), 0.0003900 secs] [Times: user=0.00 sys=0.00, real=0.00 secs] 
102.443: Total time for which application threads were stopped: 0.0004910 seconds, Stopping threads took: 0.0000500 seconds
102.473: Application time: 0.0294300 seconds
102.473: [GC [PSYoungGen: 7198K->512K(7680K)] 20330K->13643K(24576K), 0.0004380 secs] [Times: user=0.00 sys=0.00, real=0.00 secs] 
102.473: Total time for which application threads were stopped: 0.0005400 seconds, Stopping threads took: 0.0000520 seconds
102.503: Application time: 0.0296330 seconds
102.503: [GC [PSYoungGen: 7166K->512K(7680K)] 20298K->13643K(24576K), 0.0003770 secs] [Times: user=0.00 sys=0.00, real=0.00 secs] 
102.503: Total time for which application threads were stopped: 0.0004880 seconds, Stopping threads took: 0.0000520 seconds
102.533: Application time: 0.0295180 seconds
102.533: [GC [PSYoungGen: 7166K->352K(7680K)] 20298K->13695K(24576K), 0.0003760 secs] [Times: user=0.00 sys=0.00, real=0.00 secs] 
102.533: Total time for which application threads were stopped: 0.0004830 seconds, Stopping threads took: 0.0000500 seconds
102.563: Application time: 0.0294260 seconds
102.563: [GC [PSYoungGen: 7006K->0K(7680K)] 20350K->13567K(24576K), 0.0003470 secs] [Times: user=0.00 sys=0.00, real=0.00 secs] 
102.563: Total time for which application threads were stopped: 0.0004490 seconds, Stopping threads took: 0.0000550 seconds
102.593: Application time: 0.0294760 seconds
102.593: [GC [PSYoungGen: 6654K->0K(7680K)] 20222K->13567K(24576K), 0.0002890 secs] [Times: user=0.00 sys=0.00, real=0.00 secs] 
102.593: Total time for which application threads were stopped: 0.0003800 seconds, Stopping threads took: 0.0000420 seconds
102.623: Application time: 0.0298700 seconds
102.623: [GC [PSYoungGen: 6652K->0K(7680K)] 20220K->13567K(24576K), 0.0003940 secs] [Times: user=0.01 sys=0.00, real=0.00 secs] 
102.623: Total time for which application threads were stopped: 0.0005240 seconds, Stopping threads took: 0.0000700 seconds
102.652: Application time: 0.0282390 seconds
102.652: [GC [PSYoungGen: 6652K->320K(7680K)] 20220K->13887K(24576K), 0.0003500 secs] [Times: user=0.00 sys=0.00, real=0.00 secs] 
102.652: Total time for which application threads were stopped: 0.0004430 seconds, Stopping threads took: 0.0000430 seconds
102.673: Application time: 0.0213500 seconds
102.674: [GC [PSYoungGen: 6971K->384K(7680K)] 20539K->13951K(24576K), 0.0003540 secs] [Times: user=0.00 sys=0.00, real=0.00 secs] 
102.674: Total time for which application threads were stopped: 0.0004510 seconds, Stopping threads took: 0.0000450 seconds
102.695: Application time: 0.0212920 seconds
102.695: [GC [PSYoungGen: 7039K->384K(7680K)] 20607K->13951K(24576K), 0.0003200 secs] [Times: user=0.01 sys=0.00, real=0.00 secs] 
102.696: Total time for which application threads were stopped: 0.0004070 seconds, Stopping threads took: 0.0000380 seconds
102.721: Application time: 0.0251240 seconds
102.721: [GC [PSYoungGen: 7039K->480K(7680K)] 20607K->14047K(24576K), 0.0003680 secs] [Times: user=0.00 sys=0.00, real=0.00 secs] 
102.721: Total time for which application threads were stopped: 0.0004490 seconds, Stopping threads took: 0.0000290 seconds
102.742: Application time: 0.0204140 seconds
102.742: [GC [PSYoungGen: 7132K->512K(7680K)] 20700K->14079K(24576K), 0.0003590 secs] [Times: user=0.00 sys=0.00, real=0.00 secs] 
102.742: Total time for which application threads were stopped: 0.0004600 seconds, Stopping threads took: 0.0000460 seconds
102.763: Application time: 0.0208250 seconds
102.763: [GC [PSYoungGen: 7165K->544K(7680K)] 20733K->14111K(24576K), 0.0003610 secs] [Times: user=0.00 sys=0.00, real=0.00 secs] 
102.763: Total time for which application threads were stopped: 0.0004570 seconds, Stopping threads took: 0.0000440 seconds
102.791: Application time: 0.0279860 seconds
102.791: [GC [PSYoungGen: 7199K->544K(7680K)] 20767K->14111K(24576K), 0.0003900 secs] [Times: user=0.00 sys=0.00, real=0.00 secs] 
102.792: Total time for which application threads were stopped: 0.0004880 seconds, Stopping threads took: 0.0000470 seconds
102.821: Application time: 0.0289970 seconds
102.821: [GC [PSYoungGen: 7198K->512K(7680K)] 20766K->14079K(24576K), 0.0003380 secs] [Times: user=0.00 sys=0.00, real=0.00 secs] 
102.821: Total time for which application threads were stopped: 0.0004380 seconds, Stopping threads took: 0.0000500 seconds
102.843: Application time: 0.0220110 seconds
102.843: [GC [PSYoungGen: 7166K->704K(7680K)] 20734K->14271K(24576K), 0.0003610 secs] [Times: user=0.00 sys=0.00, real=0.00 secs] 
102.844: Total time for which application threads were stopped: 0.0004560 seconds, Stopping threads took: 0.0000420 seconds
102.868: Application time: 0.0245760 seconds
102.868: [GC [PSYoungGen: 7357K->800K(7680K)] 20925K->14367K(24576K), 0.0004300 secs] [Times: user=0.00 sys=0.00, real=0.00 secs] 
102.869: Total time for which application threads were stopped: 0.0005400 seconds, Stopping threads took: 0.0000510 seconds
102.890: Application time: 0.0208470 seconds
102.890: [GC [PSYoungGen: 7456K->864K(7680K)] 21023K->14431K(24576K), 0.0003880 secs] [Times: user=0.00 sys=0.00, real=0.00 secs] 
102.890: Total time for which application threads were stopped: 0.0005110 seconds, Stopping threads took: 0.0000700 seconds
102.919: Application time: 0.0286670 seconds
102.919: [GC [PSYoungGen: 7516K->704K(7680K)] 21084K->14271K(24576K), 0.0004120 secs] [Times: user=0.00 sys=0.00, real=0.00 secs] 
102.919: Total time for which application threads were stopped: 0.0005120 seconds, Stopping threads took: 0.0000460 seconds
102.948: Application time: 0.0288520 seconds
102.948: [GC [PSYoungGen: 7358K->640K(7680K)] 20926K->14207K(24576K), 0.0004950 secs] [Times: user=0.00 sys=0.00, real=0.00 secs] 
102.949: Total time for which application threads were stopped: 0.0005950 seconds, Stopping threads took: 0.0000460 seconds
102.968: Application time: 0.0188410 seconds
102.971: [GC [PSYoungGen: 7292K->928K(7680K)] 20860K->14495K(24576K), 0.0004490 secs] [Times: user=0.00 sys=0.00, real=0.00 secs] 
102.971: Total time for which application threads were stopped: 0.0035970 seconds, Stopping threads took: 0.0030950 seconds
102.993: Application time: 0.0221410 seconds
102.995: [GC [PSYoungGen: 7581K->960K(7680K)] 21149K->14527K(24576K), 0.0004400 secs] [Times: user=0.00 sys=0.00, real=0.00 secs] 
102.995: Total time for which application threads were stopped: 0.0018310 seconds, Stopping threads took: 0.0013410 seconds
103.020: Application time: 0.0248820 seconds
103.020: [GC [PSYoungGen: 7612K->960K(7680K)] 21179K->14527K(24576K), 0.0004030 secs] [Times: user=0.00 sys=0.00, real=0.00 secs] 
103.021: Total time for which application threads were stopped: 0.0005020 seconds, Stopping threads took: 0.0000440 seconds
103.042: Application time: 0.0210770 seconds
103.042: [GC [PSYoungGen: 7614K->992K(7680K)] 21182K->14695K(24576K), 0.0004750 secs] [Times: user=0.00 sys=0.00, real=0.00 secs] 
103.042: Total time for which application threads were stopped: 0.0006020 seconds, Stopping threads took: 0.0000640 seconds
103.063: Application time: 0.0210400 seconds
103.063: [GC [PSYoungGen: 7645K->992K(7680K)] 21349K->14695K(24576K), 0.0004260 secs] [Times: user=0.00 sys=0.00, real=0.00 secs] 
103.064: Total time for which application threads were stopped: 0.0005220 seconds, Stopping threads took: 0.0000440 seconds
103.087: Application time: 0.0230240 seconds
103.087: [GC [PSYoungGen: 7645K->976K(7680K)] 21349K->14807K(24576K), 0.0004360 secs] [Times: user=0.00 sys=0.00, real=0.00 secs] 
103.087: Total time for which application threads were stopped: 0.0005550 seconds, Stopping threads took: 0.0000630 seconds
103.115: Application time: 0.0275840 seconds
103.115: [GC [PSYoungGen: 7628K->960K(7680K)] 21460K->14919K(24576K), 0.0004480 secs] [Times: user=0.00 sys=0.00, real=0.00 secs] 
103.116: Total time for which application threads were stopped: 0.0005500 seconds, Stopping threads took: 0.0000490 seconds
103.143: Application time: 0.0276720 seconds
103.143: [GC [PSYoungGen: 7613K->992K(7680K)] 21573K->15079K(24576K), 0.0004220 secs] [Times: user=0.00 sys=0.00, real=0.00 secs] 
103.144: Total time for which application threads were stopped: 0.0005190 seconds, Stopping threads took: 0.0000440 seconds
103.171: Application time: 0.0270970 seconds
103.171: [GC [PSYoungGen: 7646K->992K(7680K)] 21734K->15215K(24576K), 0.0004350 secs] [Times: user=0.00 sys=0.00, real=0.00 secs] 
103.171: Total time for which application threads were stopped: 0.0005350 seconds, Stopping threads took: 0.0000460 seconds
103.201: Application time: 0.0290940 seconds
103.201: [GC [PSYoungGen: 7644K->960K(7680K)] 21868K->15183K(24576K), 0.0004200 secs] [Times: user=0.00 sys=0.00, real=0.00 secs] 
103.201: Total time for which application threads were stopped: 0.0005210 seconds, Stopping threads took: 0.0000480 seconds
103.230: Application time: 0.0290240 seconds
103.230: [GC [PSYoungGen: 7614K->960K(7680K)] 21838K->15183K(24576K), 0.0004150 secs] [Times: user=0.01 sys=0.00, real=0.00 secs] 
103.231: Total time for which application threads were stopped: 0.0005230 seconds, Stopping threads took: 0.0000530 seconds
103.260: Application time: 0.0290320 seconds
103.260: [GC [PSYoungGen: 7614K->992K(7680K)] 21838K->15219K(24576K), 0.0004490 secs] [Times: user=0.00 sys=0.00, real=0.00 secs] 
103.260: Total time for which application threads were stopped: 0.0005510 seconds, Stopping threads took: 0.0000490 seconds
103.288: Application time: 0.0274260 seconds
103.288: [GC [PSYoungGen: 7646K->992K(7680K)] 21873K->15219K(24576K), 0.0004300 secs] [Times: user=0.00 sys=0.00, real=0.00 secs] 
103.288: Total time for which application threads were stopped: 0.0005380 seconds, Stopping threads took: 0.0000500 seconds
103.311: Application time: 0.0225860 seconds
103.311: [GC [PSYoungGen: 7646K->992K(7680K)] 21874K->15396K(24576K), 0.0004710 secs] [Times: user=0.00 sys=0.00, real=0.00 secs] 
103.311: Total time for which application threads were stopped: 0.0005860 seconds, Stopping threads took: 0.0000620 seconds
103.332: Application time: 0.0209990 seconds
103.332: [GC [PSYoungGen: 7645K->1008K(7680K)] 22049K->15412K(24576K), 0.0004540 secs] [Times: user=0.00 sys=0.00, real=0.00 secs] 
103.333: Total time for which application threads were stopped: 0.0005670 seconds, Stopping threads took: 0.0000590 seconds
103.356: Application time: 0.0235210 seconds
103.357: [GC [PSYoungGen: 7662K->992K(7680K)] 22065K->15436K(24576K), 0.0004220 secs] [Times: user=0.00 sys=0.00, real=0.00 secs] 
103.357: Total time for which application threads were stopped: 0.0005240 seconds, Stopping threads took: 0.0000460 seconds
103.379: Application time: 0.0217260 seconds
103.379: [GC [PSYoungGen: 7644K->1008K(7680K)] 22088K->15656K(24576K), 0.0004630 secs] [Times: user=0.00 sys=0.00, real=0.00 secs] 
103.379: Total time for which application threads were stopped: 0.0005570 seconds, Stopping threads took: 0.0000360 seconds
103.394: Application time: 0.0147470 seconds
103.394: [GC [PSYoungGen: 7662K->992K(7680K)] 22310K->15944K(24576K), 0.0004860 secs] [Times: user=0.00 sys=0.00, real=0.00 secs] 
103.395: Total time for which application threads were stopped: 0.0005960 seconds, Stopping threads took: 0.0000570 seconds
103.411: Application time: 0.0160810 seconds
103.411: [GC [PSYoungGen: 7645K->1008K(7680K)] 22598K->16088K(24576K), 0.0004750 secs] [Times: user=0.01 sys=0.00, real=0.00 secs] 
103.411: Total time for which application threads were stopped: 0.0005740 seconds, Stopping threads took: 0.0000420 seconds
103.432: Application time: 0.0208630 seconds
103.432: [GC [PSYoungGen: 7663K->992K(7680K)] 22743K->16248K(24576K), 0.0005060 secs] [Times: user=0.01 sys=0.00, real=0.00 secs] 
103.433: Total time for which application threads were stopped: 0.0006080 seconds, Stopping threads took: 0.0000500 seconds
103.459: Application time: 0.0266260 seconds
103.459: [GC [PSYoungGen: 7646K->1008K(7680K)] 22902K->16432K(24576K), 0.0004990 secs] [Times: user=0.00 sys=0.00, real=0.00 secs] 
103.460: Total time for which application threads were stopped: 0.0006120 seconds, Stopping threads took: 0.0000590 seconds
103.488: Application time: 0.0276470 seconds
103.488: [GC [PSYoungGen: 7662K->992K(7680K)] 23086K->16680K(24576K), 0.0004580 secs] [Times: user=0.00 sys=0.00, real=0.00 secs] 
103.488: Total time for which application threads were stopped: 0.0005620 seconds, Stopping threads took: 0.0000490 seconds
103.516: Application time: 0.0280230 seconds
103.516: [GC [PSYoungGen: 7646K->1008K(7680K)] 23335K->16901K(24576K), 0.0004710 secs] [Times: user=0.00 sys=0.00, real=0.00 secs] 
103.517: Total time for which application threads were stopped: 0.0005710 seconds, Stopping threads took: 0.0000450 seconds
103.546: Application time: 0.0290220 seconds
103.546: [GC [PSYoungGen: 7662K->992K(7680K)] 23556K->16921K(24576K), 0.0005010 secs] [Times: user=0.00 sys=0.00, real=0.00 secs] 
103.546: Total time for which application threads were stopped: 0.0006200 seconds, Stopping threads took: 0.0000500 seconds
103.576: Application time: 0.0292010 seconds
103.576: [GC [PSYoungGen: 7646K->1008K(7680K)] 23576K->16945K(24576K), 0.0004410 secs] [Times: user=0.00 sys=0.00, real=0.00 secs] 
103.576: Total time for which application threads were stopped: 0.0005380 seconds, Stopping threads took: 0.0000430 seconds
103.606: Application time: 0.0293980 seconds
103.606: [GC [PSYoungGen: 7662K->928K(7680K)] 23600K->16993K(24576K), 0.0004250 secs] [Times: user=0.00 sys=0.00, real=0.00 secs] 
103.606: Total time for which application threads were stopped: 0.0005430 seconds, Stopping threads took: 0.0000640 seconds
103.636: Application time: 0.0294480 seconds
103.636: [GC [PSYoungGen: 7582K->912K(7680K)] 23648K->16977K(24576K), 0.0004970 secs] [Times: user=0.00 sys=0.00, real=0.00 secs] 
103.636: Total time for which application threads were stopped: 0.0006100 seconds, Stopping threads took: 0.0000520 seconds
103.665: Application time: 0.0291840 seconds
103.665: [GC [PSYoungGen: 7566K->896K(7680K)] 23632K->16993K(24576K), 0.0004110 secs] [Times: user=0.00 sys=0.00, real=0.00 secs] 
103.666: Total time for which application threads were stopped: 0.0005000 seconds, Stopping threads took: 0.0000360 seconds
103.695: Application time: 0.0293360 seconds
103.695: [GC [PSYoungGen: 7548K->800K(7680K)] 23645K->16953K(24576K), 0.0004330 secs] [Times: user=0.00 sys=0.00, real=0.00 secs] 
103.696: Total time for which application threads were stopped: 0.0005360 seconds, Stopping threads took: 0.0000500 seconds
103.725: Application time: 0.0291200 seconds
103.725: [GC [PSYoungGen: 7454K->896K(7680K)] 23608K->17049K(24576K), 0.0003750 secs] [Times: user=0.00 sys=0.00, real=0.00 secs] 
103.725: Total time for which application threads were stopped: 0.0004750 seconds, Stopping threads took: 0.0000480 seconds
103.753: Application time: 0.0278340 seconds
103.753: [GC [PSYoungGen: 7549K->992K(7680K)] 23703K->17177K(24576K), 0.0004970 secs] [Times: user=0.00 sys=0.00, real=0.00 secs] 
103.754: Total time for which application threads were stopped: 0.0006060 seconds, Stopping threads took: 0.0000550 seconds
103.783: Application time: 0.0294160 seconds
103.783: [GC [PSYoungGen: 7646K->992K(7680K)] 23832K->17225K(24576K), 0.0004470 secs] [Times: user=0.00 sys=0.00, real=0.00 secs] 
103.784: Total time for which application threads were stopped: 0.0005520 seconds, Stopping threads took: 0.0000530 seconds
103.810: Application time: 0.0266150 seconds
103.810: [GC [PSYoungGen: 7647K->992K(7680K)] 23881K->17422K(24576K), 0.0004770 secs] [Times: user=0.00 sys=0.00, real=0.00 secs] 
103.811: Total time for which application threads were stopped: 0.0005850 seconds, Stopping threads took: 0.0000530 seconds
103.839: Application time: 0.0284070 seconds
103.839: [GC [PSYoungGen: 7646K->992K(7680K)] 24076K->17522K(24576K), 0.0005820 secs] [Times: user=0.00 sys=0.00, real=0.00 secs] 
103.840: Total time for which application threads were stopped: 0.0006820 seconds, Stopping threads took: 0.0000430 seconds
103.870: Application time: 0.0294690 seconds
103.870: [GC [PSYoungGen: 7646K->768K(7680K)] 24177K->17655K(24576K), 0.0004750 secs] [Times: user=0.01 sys=0.00, real=0.00 secs] 
103.870: [Full GC [PSYoungGen: 768K->0K(7680K)] [ParOldGen: 16887K->3745K(16896K)] 17655K->3745K(24576K) [PSPermGen: 5540K->5540K(21504K)], 0.0062350 secs] [Times: user=0.02 sys=0.00, real=0.00 secs] 
103.876: Total time for which application threads were stopped: 0.0068790 seconds, Stopping threads took: 0.0000680 seconds
103.906: Application time: 0.0296220 seconds
103.906: [GC [PSYoungGen: 6654K->0K(7680K)] 10399K->3745K(24576K), 0.0003000 secs] [Times: user=0.00 sys=0.00, real=0.00 secs] 
103.906: Total time for which application threads were stopped: 0.0004050 seconds, Stopping threads took: 0.0000500 seconds
103.936: Application time: 0.0295370 seconds
103.936: [GC [PSYoungGen: 6654K->0K(7680K)] 10399K->3745K(24576K), 0.0002860 secs] [Times: user=0.00 sys=0.00, real=0.00 secs] 
103.936: Total time for which application threads were stopped: 0.0003920 seconds, Stopping threads took: 0.0000480 seconds
103.966: Application time: 0.0296960 seconds
103.966: [GC [PSYoungGen: 6654K->0K(7680K)] 10399K->3745K(24576K), 0.0002670 secs] [Times: user=0.01 sys=0.00, real=0.00 secs] 
103.966: Total time for which application threads were stopped: 0.0003650 seconds, Stopping threads took: 0.0000500 seconds
103.996: Application time: 0.0294420 seconds
103.996: [GC [PSYoungGen: 6654K->0K(7680K)] 10399K->3745K(24576K), 0.0002860 secs] [Times: user=0.00 sys=0.00, real=0.00 secs] 
103.996: Total time for which application threads were stopped: 0.0003760 seconds, Stopping threads took: 0.0000390 seconds
104.026: Application time: 0.0295190 seconds
104.026: [GC [PSYoungGen: 6654K->0K(7680K)] 10399K->3745K(24576K), 0.0003120 secs] [Times: user=0.01 sys=0.00, real=0.00 secs] 
104.026: Total time for which application threads were stopped: 0.0004140 seconds, Stopping threads took: 0.0000540 seconds
104.056: Application time: 0.0294880 seconds
104.056: [GC [PSYoungGen: 6654K->0K(7680K)] 10399K->3745K(24576K), 0.0002870 secs] [Times: user=0.00 sys=0.00, real=0.00 secs] 
104.056: Total time for which application threads were stopped: 0.0003930 seconds, Stopping threads took: 0.0000460 seconds
104.086: Application time: 0.0294650 seconds
104.086: [GC [PSYoungGen: 6654K->0K(7680K)] 10399K->3745K(24576K), 0.0003360 secs] [Times: user=0.00 sys=0.00, real=0.00 secs] 
104.086: Total time for which application threads were stopped: 0.0004390 seconds, Stopping threads took: 0.0000530 seconds
104.116: Application time: 0.0295600 seconds
104.116: [GC [PSYoungGen: 6654K->0K(7680K)] 10399K->3745K(24576K), 0.0003040 secs] [Times: user=0.00 sys=0.00, real=0.00 secs] 
104.116: Total time for which application threads were stopped: 0.0003940 seconds, Stopping threads took: 0.0000420 seconds
104.145: Application time: 0.0294970 seconds
104.145: [GC [PSYoungGen: 6654K->0K(7680K)] 10399K->3745K(24576K), 0.0002920 secs] [Times: user=0.00 sys=0.00, real=0.00 secs] 
104.146: Total time for which application threads were stopped: 0.0003900 seconds, Stopping threads took: 0.0000510 seconds
104.175: Application time: 0.0295990 seconds
104.175: [GC [PSYoungGen: 6654K->0K(7680K)] 10399K->3745K(24576K), 0.0002760 secs] [Times: user=0.00 sys=0.00, real=0.00 secs] 
104.176: Total time for which application threads were stopped: 0.0003730 seconds, Stopping threads took: 0.0000500 seconds
104.205: Application time: 0.0295280 seconds
104.205: [GC [PSYoungGen: 6654K->0K(7680K)] 10399K->3745K(24576K), 0.0002860 secs] [Times: user=0.00 sys=0.00, real=0.00 secs] 
104.206: Total time for which application threads were stopped: 0.0003790 seconds, Stopping threads took: 0.0000460 seconds
104.235: Application time: 0.0297260 seconds
104.236: [GC [PSYoungGen: 6654K->0K(7680K)] 10399K->3745K(24576K), 0.0002670 secs] [Times: user=0.01 sys=0.00, real=0.00 secs] 
104.236: Total time for which application threads were stopped: 0.0003710 seconds, Stopping threads took: 0.0000550 seconds
104.265: Application time: 0.0296090 seconds
104.265: [GC [PSYoungGen: 6654K->0K(7680K)] 10399K->3745K(24576K), 0.0002820 secs] [Times: user=0.00 sys=0.00, real=0.00 secs] 
104.266: Total time for which application threads were stopped: 0.0003790 seconds, Stopping threads took: 0.0000490 seconds
104.296: Application time: 0.0298350 seconds
104.296: [GC [PSYoungGen: 6652K->0K(7680K)] 10397K->3745K(24576K), 0.0003130 secs] [Times: user=0.00 sys=0.00, real=0.00 secs] 
104.296: Total time for which application threads were stopped: 0.0004050 seconds, Stopping threads took: 0.0000460 seconds
104.326: Application time: 0.0296470 seconds
104.326: [GC [PSYoungGen: 6654K->0K(7680K)] 10399K->3745K(24576K), 0.0002870 secs] [Times: user=0.01 sys=0.00, real=0.00 secs] 
104.326: Total time for which application threads were stopped: 0.0003840 seconds, Stopping threads took: 0.0000510 seconds
104.356: Application time: 0.0295960 seconds
104.356: [GC [PSYoungGen: 6654K->0K(7680K)] 10399K->3745K(24576K), 0.0003160 secs] [Times: user=0.00 sys=0.00, real=0.00 secs] 
104.356: Total time for which application threads were stopped: 0.0004090 seconds, Stopping threads took: 0.0000380 seconds
104.386: Application time: 0.0296130 seconds
104.386: [GC [PSYoungGen: 6654K->0K(7680K)] 10399K->3745K(24576K), 0.0003050 secs] [Times: user=0.00 sys=0.00, real=0.00 secs] 
104.386: Total time for which application threads were stopped: 0.0003890 seconds, Stopping threads took: 0.0000330 seconds
104.408: Application time: 0.0217370 seconds
104.408: [GC [PSYoungGen: 6652K->320K(7680K)] 10397K->4065K(24576K), 0.0003680 secs] [Times: user=0.01 sys=0.00, real=0.00 secs] 
104.408: Total time for which application threads were stopped: 0.0004670 seconds, Stopping threads took: 0.0000510 seconds
104.429: Application time: 0.0211680 seconds
104.430: [GC [PSYoungGen: 6976K->352K(7680K)] 10721K->4097K(24576K), 0.0003080 secs] [Times: user=0.01 sys=0.00, real=0.00 secs] 
104.430: Total time for which application threads were stopped: 0.0003960 seconds, Stopping threads took: 0.0000380 seconds
104.455: Application time: 0.0254610 seconds
104.455: [GC [PSYoungGen: 7004K->384K(7680K)] 10749K->4129K(24576K), 0.0003110 secs] [Times: user=0.00 sys=0.00, real=0.00 secs] 
104.456: Total time for which application threads were stopped: 0.0004110 seconds, Stopping threads took: 0.0000510 seconds
104.478: Application time: 0.0221020 seconds
104.478: [GC [PSYoungGen: 7036K->480K(7680K)] 10781K->4225K(24576K), 0.0003820 secs] [Times: user=0.00 sys=0.00, real=0.00 secs] 
104.478: Total time for which application threads were stopped: 0.0004630 seconds, Stopping threads took: 0.0000300 seconds
104.499: Application time: 0.0209770 seconds
104.499: [GC [PSYoungGen: 7131K->448K(7680K)] 10876K->4193K(24576K), 0.0003900 secs] [Times: user=0.00 sys=0.00, real=0.00 secs] 
104.500: Total time for which application threads were stopped: 0.0004960 seconds, Stopping threads took: 0.0000570 seconds
104.523: Application time: 0.0235790 seconds
104.523: [GC [PSYoungGen: 7103K->480K(7680K)] 10849K->4225K(24576K), 0.0003790 secs] [Times: user=0.00 sys=0.00, real=0.00 secs] 
104.524: Total time for which application threads were stopped: 0.0004790 seconds, Stopping threads took: 0.0000470 seconds
104.553: Application time: 0.0289740 seconds
104.553: [GC [PSYoungGen: 7132K->448K(7680K)] 10877K->4193K(24576K), 0.0004060 secs] [Times: user=0.00 sys=0.00, real=0.00 secs] 
104.553: Total time for which application threads were stopped: 0.0004940 seconds, Stopping threads took: 0.0000340 seconds
104.579: Application time: 0.0255900 seconds
104.579: [GC [PSYoungGen: 7101K->704K(7680K)] 10846K->4449K(24576K), 0.0003500 secs] [Times: user=0.00 sys=0.00, real=0.00 secs] 
104.579: Total time for which application threads were stopped: 0.0004560 seconds, Stopping threads took: 0.0000460 seconds
104.599: Application time: 0.0199950 seconds
104.599: [GC [PSYoungGen: 7358K->832K(7680K)] 11104K->4577K(24576K), 0.0003900 secs] [Times: user=0.00 sys=0.00, real=0.00 secs] 
104.600: Total time for which application threads were stopped: 0.0004950 seconds, Stopping threads took: 0.0000490 seconds
104.621: Application time: 0.0215680 seconds
104.621: [GC [PSYoungGen: 7483K->704K(7680K)] 11228K->4449K(24576K), 0.0004020 secs] [Times: user=0.00 sys=0.00, real=0.00 secs] 
104.622: Total time for which application threads were stopped: 0.0005050 seconds, Stopping threads took: 0.0000440 seconds
104.651: Application time: 0.0287210 seconds
104.651: [GC [PSYoungGen: 7356K->640K(7680K)] 11101K->4385K(24576K), 0.0004090 secs] [Times: user=0.00 sys=0.00, real=0.00 secs] 
104.651: Total time for which application threads were stopped: 0.0005060 seconds, Stopping threads took: 0.0000400 seconds
104.679: Application time: 0.0275270 seconds
104.679: [GC [PSYoungGen: 7292K->864K(7680K)] 11037K->4609K(24576K), 0.0003750 secs] [Times: user=0.00 sys=0.00, real=0.01 secs] 
104.679: Total time for which application threads were stopped: 0.0004700 seconds, Stopping threads took: 0.0000420 seconds
104.699: Application time: 0.0199310 seconds
104.699: [GC [PSYoungGen: 7519K->960K(7680K)] 11264K->4705K(24576K), 0.0004170 secs] [Times: user=0.00 sys=0.00, real=0.00 secs] 
104.700: Total time for which application threads were stopped: 0.0005190 seconds, Stopping threads took: 0.0000470 seconds
104.721: Application time: 0.0212420 seconds
104.721: [GC [PSYoungGen: 7615K->896K(7680K)] 11361K->4641K(24576K), 0.0004030 secs] [Times: user=0.00 sys=0.00, real=0.00 secs] 
104.721: Total time for which application threads were stopped: 0.0005060 seconds, Stopping threads took: 0.0000510 seconds
104.748: Application time: 0.0266970 seconds
104.748: [GC [PSYoungGen: 7550K->992K(7680K)] 11295K->4737K(24576K), 0.0003810 secs] [Times: user=0.00 sys=0.00, real=0.00 secs] 
104.749: Total time for which application threads were stopped: 0.0004730 seconds, Stopping threads took: 0.0000380 seconds
104.772: Application time: 0.0230150 seconds
104.772: [GC [PSYoungGen: 7646K->992K(7680K)] 11391K->4889K(24576K), 0.0004180 secs] [Times: user=0.01 sys=0.00, real=0.00 secs] 
104.772: Total time for which application threads were stopped: 0.0005160 seconds, Stopping threads took: 0.0000430 seconds
104.794: Application time: 0.0217500 seconds
104.794: [GC [PSYoungGen: 7645K->992K(7680K)] 11542K->4897K(24576K), 0.0004540 secs] [Times: user=0.00 sys=0.00, real=0.00 secs] 
104.794: Total time for which application threads were stopped: 0.0005770 seconds, Stopping threads took: 0.0000660 seconds
104.817: Application time: 0.0222680 seconds
104.817: [GC [PSYoungGen: 7643K->992K(7680K)] 11548K->5041K(24576K), 0.0004550 secs] [Times: user=0.00 sys=0.00, real=0.00 secs] 
104.817: Total time for which application threads were stopped: 0.0005480 seconds, Stopping threads took: 0.0000400 seconds
104.844: Application time: 0.0267500 seconds
104.844: [GC [PSYoungGen: 7646K->960K(7680K)] 11695K->5137K(24576K), 0.0004120 secs] [Times: user=0.00 sys=0.00, real=0.00 secs] 
104.844: Total time for which application threads were stopped: 0.0005070 seconds, Stopping threads took: 0.0000430 seconds
104.873: Application time: 0.0288190 seconds
104.873: [GC [PSYoungGen: 7612K->1008K(7680K)] 11789K->5201K(24576K), 0.0004080 secs] [Times: user=0.00 sys=0.00, real=0.00 secs] 
104.874: Total time for which application threads were stopped: 0.0005110 seconds, Stopping threads took: 0.0000500 seconds
104.901: Application time: 0.0267560 seconds
104.901: [GC [PSYoungGen: 7659K->976K(7680K)] 11852K->5297K(24576K), 0.0004780 secs] [Times: user=0.00 sys=0.00, real=0.00 secs] 
104.901: Total time for which application threads were stopped: 0.0005750 seconds, Stopping threads took: 0.0000420 seconds
104.929: Application time: 0.0283530 seconds
104.930: [GC [PSYoungGen: 7628K->992K(7680K)] 11949K->5313K(24576K), 0.0004150 secs] [Times: user=0.00 sys=0.00, real=0.00 secs] 
104.930: Total time for which application threads were stopped: 0.0005110 seconds, Stopping threads took: 0.0000450 seconds
104.959: Application time: 0.0292560 seconds
104.959: [GC [PSYoungGen: 7646K->992K(7680K)] 11968K->5313K(24576K), 0.0004240 secs] [Times: user=0.00 sys=0.00, real=0.00 secs] 
104.960: Total time for which application threads were stopped: 0.0005270 seconds, Stopping threads took: 0.0000480 seconds
104.989: Application time: 0.0290780 seconds
104.989: [GC [PSYoungGen: 7646K->976K(7680K)] 11968K->5297K(24576K), 0.0004110 secs] [Times: user=0.00 sys=0.00, real=0.00 secs] 
104.989: Total time for which application threads were stopped: 0.0005140 seconds, Stopping threads took: 0.0000500 seconds
105.017: Application time: 0.0273160 seconds
105.017: [GC [PSYoungGen: 7630K->992K(7680K)] 11951K->5449K(24576K), 0.0004340 secs] [Times: user=0.00 sys=0.00, real=0.00 secs] 
105.017: Total time for which application threads were stopped: 0.0005480 seconds, Stopping threads took: 0.0000580 seconds
105.047: Application time: 0.0293980 seconds
105.047: [GC [PSYoungGen: 7646K->960K(7680K)] 12104K->5417K(24576K), 0.0004430 secs] [Times: user=0.00 sys=0.01, real=0.01 secs] 
105.047: Total time for which application threads were stopped: 0.0005360 seconds, Stopping threads took: 0.0000380 seconds
105.070: Application time: 0.0224860 seconds
105.070: [GC [PSYoungGen: 7612K->992K(7680K)] 12070K->5621K(24576K), 0.0004540 secs] [Times: user=0.00 sys=0.00, real=0.00 secs] 
105.070: Total time for which application threads were stopped: 0.0005640 seconds, Stopping threads took: 0.0000550 seconds
105.089: Application time: 0.0186170 seconds
105.089: [GC [PSYoungGen: 7645K->992K(7680K)] 12274K->5881K(24576K), 0.0005050 secs] [Times: user=0.00 sys=0.00, real=0.00 secs] 
105.089: Total time for which application threads were stopped: 0.0006350 seconds, Stopping threads took: 0.0000680 seconds
105.106: Application time: 0.0160720 seconds
105.106: [GC [PSYoungGen: 7646K->1008K(7680K)] 12536K->6094K(24576K), 0.0004520 secs] [Times: user=0.00 sys=0.00, real=0.00 secs] 
105.106: Total time for which application threads were stopped: 0.0005450 seconds, Stopping threads took: 0.0000350 seconds
105.126: Application time: 0.0201710 seconds
105.126: [GC [PSYoungGen: 7663K->992K(7680K)] 12750K->6294K(24576K), 0.0004960 secs] [Times: user=0.00 sys=0.00, real=0.01 secs] 
105.127: Total time for which application threads were stopped: 0.0005940 seconds, Stopping threads took: 0.0000420 seconds
105.146: Application time: 0.0187450 seconds
105.146: [GC [PSYoungGen: 7647K->1008K(7680K)] 12950K->6723K(24576K), 0.0005160 secs] [Times: user=0.00 sys=0.00, real=0.00 secs] 
105.146: Total time for which application threads were stopped: 0.0006110 seconds, Stopping threads took: 0.0000380 seconds
105.167: Application time: 0.0207580 seconds
105.167: [GC [PSYoungGen: 7664K->992K(7680K)] 13379K->6755K(24576K), 0.0004470 secs] [Times: user=0.00 sys=0.00, real=0.00 secs] 
105.168: Total time for which application threads were stopped: 0.0005460 seconds, Stopping threads took: 0.0000450 seconds
105.192: Application time: 0.0241020 seconds
105.192: [GC [PSYoungGen: 7644K->1008K(7680K)] 13408K->6947K(24576K), 0.0004730 secs] [Times: user=0.00 sys=0.00, real=0.00 secs] 
105.192: Total time for which application threads were stopped: 0.0005870 seconds, Stopping threads took: 0.0000580 seconds
105.218: Application time: 0.0260910 seconds
105.218: [GC [PSYoungGen: 7660K->992K(7680K)] 13599K->7295K(24576K), 0.0005140 secs] [Times: user=0.00 sys=0.00, real=0.01 secs] 
105.219: Total time for which application threads were stopped: 0.0006170 seconds, Stopping threads took: 0.0000480 seconds
105.247: Application time: 0.0279240 seconds
105.247: [GC [PSYoungGen: 7645K->992K(7680K)] 13949K->7511K(24576K), 0.0004540 secs] [Times: user=0.00 sys=0.00, real=0.00 secs] 
105.247: Total time for which application threads were stopped: 0.0005510 seconds, Stopping threads took: 0.0000430 seconds
105.276: Application time: 0.0288850 seconds
105.276: [GC [PSYoungGen: 7646K->992K(7680K)] 14166K->7588K(24576K), 0.0004150 secs] [Times: user=0.00 sys=0.00, real=0.00 secs] 
105.277: Total time for which application threads were stopped: 0.0005150 seconds, Stopping threads took: 0.0000460 seconds
105.306: Application time: 0.0293330 seconds
105.306: [GC [PSYoungGen: 7646K->992K(7680K)] 14243K->7640K(24576K), 0.0004120 secs] [Times: user=0.01 sys=0.00, real=0.00 secs] 
105.307: Total time for which application threads were stopped: 0.0005110 seconds, Stopping threads took: 0.0000450 seconds
105.336: Application time: 0.0292990 seconds
105.336: [GC [PSYoungGen: 7646K->960K(7680K)] 14295K->7608K(24576K), 0.0004010 secs] [Times: user=0.00 sys=0.00, real=0.00 secs] 
105.336: Total time for which application threads were stopped: 0.0004870 seconds, Stopping threads took: 0.0000340 seconds
105.366: Application time: 0.0291580 seconds
105.366: [GC [PSYoungGen: 7614K->992K(7680K)] 14263K->7640K(24576K), 0.0004420 secs] [Times: user=0.01 sys=0.00, real=0.00 secs] 
105.366: Total time for which application threads were stopped: 0.0005480 seconds, Stopping threads took: 0.0000540 seconds
105.395: Application time: 0.0292410 seconds
105.395: [GC [PSYoungGen: 7646K->960K(7680K)] 14295K->7629K(24576K), 0.0004190 secs] [Times: user=0.00 sys=0.00, real=0.00 secs] 
105.396: Total time for which application threads were stopped: 0.0005320 seconds, Stopping threads took: 0.0000520 seconds
105.425: Application time: 0.0291170 seconds
105.425: [GC [PSYoungGen: 7614K->928K(7680K)] 14284K->7597K(24576K), 0.0005050 secs] [Times: user=0.00 sys=0.00, real=0.00 secs] 
105.426: Total time for which application threads were stopped: 0.0006050 seconds, Stopping threads took: 0.0000450 seconds
105.455: Application time: 0.0292050 seconds
105.455: [GC [PSYoungGen: 7582K->960K(7680K)] 14252K->7653K(24576K), 0.0003990 secs] [Times: user=0.00 sys=0.00, real=0.00 secs] 
105.455: Total time for which application threads were stopped: 0.0004930 seconds, Stopping threads took: 0.0000420 seconds
105.484: Application time: 0.0289760 seconds
105.484: [GC [PSYoungGen: 7614K->960K(7680K)] 14308K->7669K(24576K), 0.0004580 secs] [Times: user=0.01 sys=0.00, real=0.00 secs] 
105.485: Total time for which application threads were stopped: 0.0005510 seconds, Stopping threads took: 0.0000400 seconds
105.511: Application time: 0.0265700 seconds
105.512: [GC [PSYoungGen: 7615K->992K(7680K)] 14325K->7882K(24576K), 0.0004570 secs] [Times: user=0.00 sys=0.00, real=0.00 secs] 
105.512: Total time for which application threads were stopped: 0.0005590 seconds, Stopping threads took: 0.0000480 seconds
105.540: Application time: 0.0283120 seconds
105.540: [GC [PSYoungGen: 7645K->960K(7680K)] 14535K->7890K(24576K), 0.0004460 secs] [Times: user=0.00 sys=0.00, real=0.00 secs] 
105.541: Total time for which application threads were stopped: 0.0005500 seconds, Stopping threads took: 0.0000500 seconds
105.569: Application time: 0.0278150 seconds
105.569: [GC [PSYoungGen: 7614K->992K(7680K)] 14544K->8106K(24576K), 0.0004590 secs] [Times: user=0.00 sys=0.00, real=0.00 secs] 
105.569: Total time for which application threads were stopped: 0.0005630 seconds, Stopping threads took: 0.0000460 seconds
105.599: Application time: 0.0293860 seconds
105.599: [GC [PSYoungGen: 7646K->992K(7680K)] 14760K->8106K(24576K), 0.0004110 secs] [Times: user=0.00 sys=0.00, real=0.01 secs] 
105.599: Total time for which application threads were stopped: 0.0005120 seconds, Stopping threads took: 0.0000400 seconds
105.630: Application time: 0.0303540 seconds
105.630: [GC [PSYoungGen: 7643K->992K(7680K)] 14757K->8182K(24576K), 0.0005130 secs] [Times: user=0.00 sys=0.00, real=0.00 secs] 
105.630: Total time for which application threads were stopped: 0.0006270 seconds, Stopping threads took: 0.0000550 seconds
105.660: Application time: 0.0295230 seconds
105.660: [GC [PSYoungGen: 7646K->736K(7680K)] 14837K->8150K(24576K), 0.0004450 secs] [Times: user=0.00 sys=0.00, real=0.00 secs] 
105.660: Total time for which application threads were stopped: 0.0005530 seconds, Stopping threads took: 0.0000520 seconds
105.690: Application time: 0.0297380 seconds
105.690: [GC [PSYoungGen: 7390K->608K(7680K)] 14805K->8222K(24576K), 0.0004020 secs] [Times: user=0.00 sys=0.00, real=0.00 secs] 
105.690: Total time for which application threads were stopped: 0.0004930 seconds, Stopping threads took: 0.0000390 seconds
105.720: Application time: 0.0298390 seconds
105.720: [GC [PSYoungGen: 7262K->576K(7680K)] 14877K->8190K(24576K), 0.0003460 secs] [Times: user=0.00 sys=0.00, real=0.00 secs] 
105.721: Total time for which application threads were stopped: 0.0004440 seconds, Stopping threads took: 0.0000440 seconds
105.750: Application time: 0.0296490 seconds
105.750: [GC [PSYoungGen: 7230K->512K(7680K)] 14845K->8126K(24576K), 0.0003380 secs] [Times: user=0.00 sys=0.00, real=0.00 secs] 
105.751: Total time for which application threads were stopped: 0.0004400 seconds, Stopping threads took: 0.0000500 seconds
105.781: Application time: 0.0298210 seconds
105.781: [GC [PSYoungGen: 7164K->512K(7680K)] 14778K->8126K(24576K), 0.0004780 secs] [Times: user=0.01 sys=0.00, real=0.00 secs] 
105.782: Total time for which application threads were stopped: 0.0015960 seconds, Stopping threads took: 0.0000380 seconds
105.812: Application time: 0.0294530 seconds
105.812: [GC [PSYoungGen: 7166K->576K(7680K)] 14781K->8190K(24576K), 0.0003640 secs] [Times: user=0.00 sys=0.00, real=0.00 secs] 
105.812: Total time for which application threads were stopped: 0.0004690 seconds, Stopping threads took: 0.0000540 seconds
105.842: Application time: 0.0295420 seconds
105.842: [GC [PSYoungGen: 7230K->576K(7680K)] 14845K->8190K(24576K), 0.0003730 secs] [Times: user=0.00 sys=0.00, real=0.00 secs] 
105.842: Total time for which application threads were stopped: 0.0005250 seconds, Stopping threads took: 0.0000970 seconds
105.872: Application time: 0.0295970 seconds
105.872: [GC [PSYoungGen: 7230K->544K(7680K)] 14845K->8158K(24576K), 0.0003430 secs] [Times: user=0.00 sys=0.00, real=0.00 secs] 
105.872: Total time for which application threads were stopped: 0.0004450 seconds, Stopping threads took: 0.0000530 seconds
105.902: Application time: 0.0295190 seconds
105.902: [GC [PSYoungGen: 7196K->576K(7680K)] 14810K->8190K(24576K), 0.0003410 secs] [Times: user=0.00 sys=0.00, real=0.00 secs] 
105.902: Total time for which application threads were stopped: 0.0004440 seconds, Stopping threads took: 0.0000530 seconds
105.932: Application time: 0.0297380 seconds
105.932: [GC [PSYoungGen: 7228K->544K(7680K)] 14842K->8158K(24576K), 0.0003790 secs] [Times: user=0.00 sys=0.00, real=0.00 secs] 
105.932: Total time for which application threads were stopped: 0.0004840 seconds, Stopping threads took: 0.0000540 seconds
105.962: Application time: 0.0294820 seconds
105.962: [GC [PSYoungGen: 7198K->352K(7680K)] 14813K->8179K(24576K), 0.0003840 secs] [Times: user=0.01 sys=0.00, real=0.00 secs] 
105.962: Total time for which application threads were stopped: 0.0004730 seconds, Stopping threads took: 0.0000380 seconds
105.992: Application time: 0.0296190 seconds
105.992: [GC [PSYoungGen: 7006K->384K(7680K)] 14833K->8315K(24576K), 0.0003040 secs] [Times: user=0.00 sys=0.00, real=0.00 secs] 
105.992: Total time for which application threads were stopped: 0.0004010 seconds, Stopping threads took: 0.0000470 seconds
106.022: Application time: 0.0297900 seconds
106.022: [GC [PSYoungGen: 7036K->0K(7680K)] 14967K->8151K(24576K), 0.0003470 secs] [Times: user=0.00 sys=0.00, real=0.00 secs] 
106.023: Total time for which application threads were stopped: 0.0004420 seconds, Stopping threads took: 0.0000450 seconds
106.052: Application time: 0.0294730 seconds
106.052: [GC [PSYoungGen: 6654K->0K(7680K)] 14806K->8151K(24576K), 0.0003330 secs] [Times: user=0.00 sys=0.00, real=0.00 secs] 
106.053: Total time for which application threads were stopped: 0.0004230 seconds, Stopping threads took: 0.0000420 seconds
106.082: Application time: 0.0294640 seconds
106.082: [GC [PSYoungGen: 6654K->0K(7680K)] 14806K->8151K(24576K), 0.0003160 secs] [Times: user=0.00 sys=0.00, real=0.00 secs] 
106.082: Total time for which application threads were stopped: 0.0004130 seconds, Stopping threads took: 0.0000500 seconds
106.112: Application time: 0.0293900 seconds
106.112: [GC [PSYoungGen: 6654K->0K(7680K)] 14806K->8151K(24576K), 0.0003210 secs] [Times: user=0.00 sys=0.00, real=0.00 secs] 
106.112: Total time for which application threads were stopped: 0.0004120 seconds, Stopping threads took: 0.0000360 seconds
106.134: Application time: 0.0221750 seconds
106.135: [GC [PSYoungGen: 6652K->384K(7680K)] 14803K->8535K(24576K), 0.0003210 secs] [Times: user=0.00 sys=0.00, real=0.00 secs] 
106.135: Total time for which application threads were stopped: 0.0004190 seconds, Stopping threads took: 0.0000490 seconds
106.156: Application time: 0.0206280 seconds
106.156: [GC [PSYoungGen: 7038K->256K(7680K)] 15189K->8407K(24576K), 0.0003430 secs] [Times: user=0.00 sys=0.00, real=0.00 secs] 
106.156: Total time for which application threads were stopped: 0.0004330 seconds, Stopping threads took: 0.0000420 seconds
106.180: Application time: 0.0243370 seconds
106.180: [GC [PSYoungGen: 6910K->544K(7680K)] 15061K->8695K(24576K), 0.0003680 secs] [Times: user=0.00 sys=0.00, real=0.00 secs] 
106.181: Total time for which application threads were stopped: 0.0004570 seconds, Stopping threads took: 0.0000400 seconds
106.201: Application time: 0.0201460 seconds
106.201: [GC [PSYoungGen: 7197K->512K(7680K)] 15349K->8663K(24576K), 0.0003540 secs] [Times: user=0.00 sys=0.00, real=0.00 secs] 
106.201: Total time for which application threads were stopped: 0.0004470 seconds, Stopping threads took: 0.0000420 seconds
106.222: Application time: 0.0209280 seconds
106.222: [GC [PSYoungGen: 7167K->512K(7680K)] 15319K->8663K(24576K), 0.0003340 secs] [Times: user=0.01 sys=0.00, real=0.00 secs] 
106.223: Total time for which application threads were stopped: 0.0004370 seconds, Stopping threads took: 0.0000500 seconds
106.249: Application time: 0.0265700 seconds
106.249: [GC [PSYoungGen: 7163K->576K(7680K)] 15315K->8727K(24576K), 0.0003600 secs] [Times: user=0.00 sys=0.00, real=0.00 secs] 
106.250: Total time for which application threads were stopped: 0.0004680 seconds, Stopping threads took: 0.0000540 seconds
106.279: Application time: 0.0287730 seconds
106.279: [GC [PSYoungGen: 7228K->576K(7680K)] 15379K->8727K(24576K), 0.0003570 secs] [Times: user=0.00 sys=0.00, real=0.01 secs] 
106.279: Total time for which application threads were stopped: 0.0004580 seconds, Stopping threads took: 0.0000520 seconds
106.307: Application time: 0.0281810 seconds
106.307: [GC [PSYoungGen: 7229K->512K(7680K)] 15381K->8663K(24576K), 0.0004160 secs] [Times: user=0.00 sys=0.00, real=0.00 secs] 
106.308: Total time for which application threads were stopped: 0.0005020 seconds, Stopping threads took: 0.0000360 seconds
106.329: Application time: 0.0214710 seconds
106.329: [GC [PSYoungGen: 7165K->704K(7680K)] 15317K->8855K(24576K), 0.0003680 secs] [Times: user=0.00 sys=0.00, real=0.00 secs] 
106.330: Total time for which application threads were stopped: 0.0004650 seconds, Stopping threads took: 0.0000450 seconds
106.351: Application time: 0.0209920 seconds
106.351: [GC [PSYoungGen: 7359K->704K(7680K)] 15511K->8855K(24576K), 0.0004020 secs] [Times: user=0.00 sys=0.00, real=0.00 secs] 
106.351: Total time for which application threads were stopped: 0.0005150 seconds, Stopping threads took: 0.0000610 seconds
106.376: Application time: 0.0251190 seconds
106.376: [GC [PSYoungGen: 7356K->800K(7680K)] 15507K->8951K(24576K), 0.0003600 secs] [Times: user=0.00 sys=0.00, real=0.00 secs] 
106.377: Total time for which application threads were stopped: 0.0004460 seconds, Stopping threads took: 0.0000330 seconds
106.401: Application time: 0.0245900 seconds
106.403: [GC [PSYoungGen: 7452K->864K(7680K)] 15603K->9015K(24576K), 0.0004000 secs] [Times: user=0.00 sys=0.00, real=0.00 secs] 
106.403: Total time for which application threads were stopped: 0.0019700 seconds, Stopping threads took: 0.0015210 seconds
106.424: Application time: 0.0205320 seconds
106.424: [GC [PSYoungGen: 7518K->928K(7680K)] 15670K->9079K(24576K), 0.0004210 secs] [Times: user=0.00 sys=0.00, real=0.00 secs] 
106.424: Total time for which application threads were stopped: 0.0005660 seconds, Stopping threads took: 0.0000890 seconds
106.445: Application time: 0.0208590 seconds
106.445: [GC [PSYoungGen: 7579K->960K(7680K)] 15731K->9111K(24576K), 0.0004080 secs] [Times: user=0.01 sys=0.00, real=0.00 secs] 
106.446: Total time for which application threads were stopped: 0.0005180 seconds, Stopping threads took: 0.0000560 seconds
106.474: Application time: 0.0285320 seconds
106.474: [GC [PSYoungGen: 7612K->960K(7680K)] 15763K->9111K(24576K), 0.0004210 secs] [Times: user=0.01 sys=0.00, real=0.00 secs] 
106.475: Total time for which application threads were stopped: 0.0005250 seconds, Stopping threads took: 0.0000490 seconds
106.504: Application time: 0.0296680 seconds
106.505: [GC [PSYoungGen: 7614K->944K(7680K)] 15765K->9095K(24576K), 0.0003910 secs] [Times: user=0.00 sys=0.00, real=0.00 secs] 
106.505: Total time for which application threads were stopped: 0.0004930 seconds, Stopping threads took: 0.0000490 seconds
106.527: Application time: 0.0217610 seconds
106.527: [GC [PSYoungGen: 7595K->992K(7680K)] 15747K->9287K(24576K), 0.0004850 secs] [Times: user=0.00 sys=0.00, real=0.00 secs] 
106.527: Total time for which application threads were stopped: 0.0006080 seconds, Stopping threads took: 0.0000620 seconds
106.548: Application time: 0.0204070 seconds
106.548: [GC [PSYoungGen: 7643K->992K(7680K)] 15939K->9287K(24576K), 0.0004570 secs] [Times: user=0.00 sys=0.00, real=0.00 secs] 
106.548: Total time for which application threads were stopped: 0.0005690 seconds, Stopping threads took: 0.0000590 seconds
106.570: Application time: 0.0219980 seconds
106.570: [GC [PSYoungGen: 7644K->992K(7680K)] 15940K->9303K(24576K), 0.0004610 secs] [Times: user=0.01 sys=0.00, real=0.00 secs] 
106.571: Total time for which application threads were stopped: 0.0005680 seconds, Stopping threads took: 0.0000510 seconds
106.600: Application time: 0.0289860 seconds
106.600: [GC [PSYoungGen: 7644K->1008K(7680K)] 15955K->9319K(24576K), 0.0004300 secs] [Times: user=0.01 sys=0.00, real=0.00 secs] 
106.600: Total time for which application threads were stopped: 0.0005180 seconds, Stopping threads took: 0.0000350 seconds
106.629: Application time: 0.0289610 seconds
106.629: [GC [PSYoungGen: 7662K->992K(7680K)] 15974K->9311K(24576K), 0.0004680 secs] [Times: user=0.00 sys=0.00, real=0.00 secs] 
106.630: Total time for which application threads were stopped: 0.0005790 seconds, Stopping threads took: 0.0000440 seconds
106.656: Application time: 0.0260350 seconds
106.656: [GC [PSYoungGen: 7645K->992K(7680K)] 15965K->9368K(24576K), 0.0004910 secs] [Times: user=0.00 sys=0.00, real=0.00 secs] 
106.657: Total time for which application threads were stopped: 0.0006020 seconds, Stopping threads took: 0.0000560 seconds
106.686: Application time: 0.0289730 seconds
106.686: [GC [PSYoungGen: 7646K->896K(7680K)] 16023K->9408K(24576K), 0.0004660 secs] [Times: user=0.00 sys=0.00, real=0.00 secs] 
106.686: Total time for which application threads were stopped: 0.0005710 seconds, Stopping threads took: 0.0000490 seconds
106.715: Application time: 0.0289960 seconds
106.715: [GC [PSYoungGen: 7550K->912K(7680K)] 16063K->9424K(24576K), 0.0004580 secs] [Times: user=0.01 sys=0.00, real=0.00 secs] 
106.716: Total time for which application threads were stopped: 0.0005480 seconds, Stopping threads took: 0.0000390 seconds
106.743: Application time: 0.0276720 seconds
106.743: [GC [PSYoungGen: 7567K->992K(7680K)] 16079K->9560K(24576K), 0.0004630 secs] [Times: user=0.00 sys=0.00, real=0.00 secs] 
106.744: Total time for which application threads were stopped: 0.0005640 seconds, Stopping threads took: 0.0000480 seconds
106.773: Application time: 0.0289790 seconds
106.773: [GC [PSYoungGen: 7646K->992K(7680K)] 16215K->9592K(24576K), 0.0004360 secs] [Times: user=0.01 sys=0.00, real=0.00 secs] 
106.773: Total time for which application threads were stopped: 0.0005400 seconds, Stopping threads took: 0.0000500 seconds
106.795: Application time: 0.0218610 seconds
106.795: [GC [PSYoungGen: 7644K->992K(7680K)] 16244K->9800K(24576K), 0.0005130 secs] [Times: user=0.00 sys=0.00, real=0.00 secs] 
106.796: Total time for which application threads were stopped: 0.0006110 seconds, Stopping threads took: 0.0000430 seconds
106.814: Application time: 0.0183920 seconds
106.814: [GC [PSYoungGen: 7645K->1008K(7680K)] 16453K->10000K(24576K), 0.0004850 secs] [Times: user=0.00 sys=0.00, real=0.00 secs] 
106.815: Total time for which application threads were stopped: 0.0005860 seconds, Stopping threads took: 0.0000420 seconds
106.831: Application time: 0.0159670 seconds
106.831: [GC [PSYoungGen: 7662K->992K(7680K)] 16655K->10325K(24576K), 0.0004930 secs] [Times: user=0.00 sys=0.00, real=0.00 secs] 
106.831: Total time for which application threads were stopped: 0.0006010 seconds, Stopping threads took: 0.0000540 seconds
106.852: Application time: 0.0204840 seconds
106.852: [GC [PSYoungGen: 7648K->1008K(7680K)] 16981K->10661K(24576K), 0.0004870 secs] [Times: user=0.00 sys=0.00, real=0.00 secs] 
106.853: Total time for which application threads were stopped: 0.0005960 seconds, Stopping threads took: 0.0000540 seconds
106.871: Application time: 0.0186050 seconds
106.871: [GC [PSYoungGen: 7663K->1008K(7680K)] 17316K->10902K(24576K), 0.0004860 secs] [Times: user=0.00 sys=0.00, real=0.00 secs] 
106.872: Total time for which application threads were stopped: 0.0005890 seconds, Stopping threads took: 0.0000480 seconds
106.892: Application time: 0.0206760 seconds
106.892: [GC [PSYoungGen: 7659K->928K(7680K)] 17554K->10966K(24576K), 0.0004310 secs] [Times: user=0.00 sys=0.00, real=0.00 secs] 
106.893: Total time for which application threads were stopped: 0.0005200 seconds, Stopping threads took: 0.0000350 seconds
106.917: Application time: 0.0239200 seconds
106.917: [GC [PSYoungGen: 7581K->1008K(7680K)] 17620K->11318K(24576K), 0.0004710 secs] [Times: user=0.00 sys=0.00, real=0.00 secs] 
106.917: Total time for which application threads were stopped: 0.0005830 seconds, Stopping threads took: 0.0000570 seconds
106.945: Application time: 0.0276700 seconds
106.945: [GC [PSYoungGen: 7663K->992K(7680K)] 17974K->11390K(24576K), 0.0004950 secs] [Times: user=0.01 sys=0.00, real=0.00 secs] 
106.946: Total time for which application threads were stopped: 0.0006050 seconds, Stopping threads took: 0.0000550 seconds
106.972: Application time: 0.0263240 seconds
106.972: [GC [PSYoungGen: 7644K->992K(7680K)] 18043K->11542K(24576K), 0.0004470 secs] [Times: user=0.00 sys=0.00, real=0.00 secs] 
106.973: Total time for which application threads were stopped: 0.0005710 seconds, Stopping threads took: 0.0000670 seconds
107.002: Application time: 0.0290580 seconds
107.002: [GC [PSYoungGen: 7646K->1008K(7680K)] 18197K->11566K(24576K), 0.0004290 secs] [Times: user=0.00 sys=0.00, real=0.00 secs] 
107.002: Total time for which application threads were stopped: 0.0005250 seconds, Stopping threads took: 0.0000400 seconds
107.031: Application time: 0.0289660 seconds
107.031: [GC [PSYoungGen: 7662K->960K(7680K)] 18221K->11558K(24576K), 0.0004490 secs] [Times: user=0.01 sys=0.00, real=0.00 secs] 
107.032: Total time for which application threads were stopped: 0.0005510 seconds, Stopping threads took: 0.0000490 seconds
107.061: Application time: 0.0290890 seconds
107.061: [GC [PSYoungGen: 7614K->1008K(7680K)] 18213K->11606K(24576K), 0.0004250 secs] [Times: user=0.01 sys=0.00, real=0.00 secs] 
107.061: Total time for which application threads were stopped: 0.0005240 seconds, Stopping threads took: 0.0000480 seconds
107.091: Application time: 0.0292060 seconds
107.091: [GC [PSYoungGen: 7660K->896K(7680K)] 18259K->11494K(24576K), 0.0004120 secs] [Times: user=0.00 sys=0.00, real=0.00 secs] 
107.091: Total time for which application threads were stopped: 0.0005180 seconds, Stopping threads took: 0.0000530 seconds
107.120: Application time: 0.0291210 seconds
107.120: [GC [PSYoungGen: 7550K->976K(7680K)] 18149K->11614K(24576K), 0.0004220 secs] [Times: user=0.01 sys=0.00, real=0.00 secs] 
107.121: Total time for which application threads were stopped: 0.0005240 seconds, Stopping threads took: 0.0000480 seconds
107.150: Application time: 0.0291670 seconds
107.150: [GC [PSYoungGen: 7630K->960K(7680K)] 18269K->11598K(24576K), 0.0004520 secs] [Times: user=0.00 sys=0.00, real=0.00 secs] 
107.150: Total time for which application threads were stopped: 0.0005620 seconds, Stopping threads took: 0.0000490 seconds
107.179: Application time: 0.0290360 seconds
107.180: [GC [PSYoungGen: 7614K->896K(7680K)] 18253K->11582K(24576K), 0.0003950 secs] [Times: user=0.00 sys=0.00, real=0.00 secs] 
107.180: Total time for which application threads were stopped: 0.0005020 seconds, Stopping threads took: 0.0000550 seconds
107.208: Application time: 0.0284140 seconds
107.211: [GC [PSYoungGen: 7492K->832K(7680K)] 18179K->11542K(24576K), 0.0004050 secs] [Times: user=0.01 sys=0.01, real=0.00 secs] 
107.211: Total time for which application threads were stopped: 0.0028430 seconds, Stopping threads took: 0.0023860 seconds
107.238: Application time: 0.0272670 seconds
107.239: [GC [PSYoungGen: 7487K->992K(7680K)] 18198K->11734K(24576K), 0.0004180 secs] [Times: user=0.00 sys=0.00, real=0.01 secs] 
107.239: Total time for which application threads were stopped: 0.0005270 seconds, Stopping threads took: 0.0000540 seconds
107.267: Application time: 0.0283280 seconds
107.267: [GC [PSYoungGen: 7645K->896K(7680K)] 18388K->11747K(24576K), 0.0004180 secs] [Times: user=0.00 sys=0.00, real=0.00 secs] 
107.268: Total time for which application threads were stopped: 0.0005280 seconds, Stopping threads took: 0.0000540 seconds
107.295: Application time: 0.0275590 seconds
107.296: [GC [PSYoungGen: 7550K->800K(7680K)] 18401K->11739K(24576K), 0.0003920 secs] [Times: user=0.00 sys=0.00, real=0.00 secs] 
107.296: Total time for which application threads were stopped: 0.0004890 seconds, Stopping threads took: 0.0000450 seconds
107.326: Application time: 0.0296710 seconds
107.326: [GC [PSYoungGen: 7452K->768K(7680K)] 18391K->11707K(24576K), 0.0003690 secs] [Times: user=0.01 sys=0.00, real=0.00 secs] 
107.326: Total time for which application threads were stopped: 0.0004780 seconds, Stopping threads took: 0.0000550 seconds
107.356: Application time: 0.0294820 seconds
107.356: [GC [PSYoungGen: 7422K->736K(7680K)] 18362K->11675K(24576K), 0.0003590 secs] [Times: user=0.00 sys=0.00, real=0.00 secs] 
107.356: Total time for which application threads were stopped: 0.0004680 seconds, Stopping threads took: 0.0000570 seconds
107.386: Application time: 0.0303580 seconds
107.386: [GC [PSYoungGen: 7390K->736K(7680K)] 18330K->11683K(24576K), 0.0003600 secs] [Times: user=0.00 sys=0.00, real=0.01 secs] 
107.387: Total time for which application threads were stopped: 0.0004620 seconds, Stopping threads took: 0.0000500 seconds
107.416: Application time: 0.0296220 seconds
107.417: [GC [PSYoungGen: 7390K->832K(7680K)] 18338K->11867K(24576K), 0.0003740 secs] [Times: user=0.01 sys=0.00, real=0.00 secs] 
107.417: Total time for which application threads were stopped: 0.0004750 seconds, Stopping threads took: 0.0000500 seconds
107.447: Application time: 0.0296030 seconds
107.447: [GC [PSYoungGen: 7486K->672K(7680K)] 18522K->11707K(24576K), 0.0003280 secs] [Times: user=0.00 sys=0.00, real=0.01 secs] 
107.447: Total time for which application threads were stopped: 0.0004270 seconds, Stopping threads took: 0.0000470 seconds
107.477: Application time: 0.0295230 seconds
107.477: [GC [PSYoungGen: 7326K->800K(7680K)] 18362K->11835K(24576K), 0.0004100 secs] [Times: user=0.00 sys=0.00, real=0.00 secs] 
107.477: Total time for which application threads were stopped: 0.0005170 seconds, Stopping threads took: 0.0000560 seconds
107.506: Application time: 0.0294510 seconds
107.507: [GC [PSYoungGen: 7454K->704K(7680K)] 18490K->11739K(24576K), 0.0003910 secs] [Times: user=0.00 sys=0.00, real=0.01 secs] 
107.507: Total time for which application threads were stopped: 0.0004830 seconds, Stopping threads took: 0.0000400 seconds
107.537: Application time: 0.0295290 seconds
107.537: [GC [PSYoungGen: 7358K->704K(7680K)] 18394K->11739K(24576K), 0.0003430 secs] [Times: user=0.00 sys=0.00, real=0.00 secs] 
107.537: Total time for which application threads were stopped: 0.0004440 seconds, Stopping threads took: 0.0000480 seconds
107.567: Application time: 0.0296970 seconds
107.567: [GC [PSYoungGen: 7358K->704K(7680K)] 18394K->11739K(24576K), 0.0003640 secs] [Times: user=0.00 sys=0.00, real=0.01 secs] 
107.567: Total time for which application threads were stopped: 0.0004550 seconds, Stopping threads took: 0.0000400 seconds
107.597: Application time: 0.0302240 seconds
107.597: [GC [PSYoungGen: 7355K->704K(7680K)] 18391K->11739K(24576K), 0.0003610 secs] [Times: user=0.00 sys=0.00, real=0.00 secs] 
107.598: Total time for which application threads were stopped: 0.0004700 seconds, Stopping threads took: 0.0000570 seconds
107.628: Application time: 0.0298420 seconds
107.628: [GC [PSYoungGen: 7358K->608K(7680K)] 18394K->11643K(24576K), 0.0004830 secs] [Times: user=0.00 sys=0.00, real=0.00 secs] 
107.628: Total time for which application threads were stopped: 0.0005930 seconds, Stopping threads took: 0.0000530 seconds
107.658: Application time: 0.0302320 seconds
107.659: [GC [PSYoungGen: 7262K->704K(7680K)] 18298K->11739K(24576K), 0.0003560 secs] [Times: user=0.00 sys=0.00, real=0.01 secs] 
107.659: Total time for which application threads were stopped: 0.0004750 seconds, Stopping threads took: 0.0000490 seconds
107.689: Application time: 0.0295950 seconds
107.689: [GC [PSYoungGen: 7358K->544K(7680K)] 18394K->11807K(24576K), 0.0003690 secs] [Times: user=0.00 sys=0.00, real=0.00 secs] 
107.689: Total time for which application threads were stopped: 0.0004770 seconds, Stopping threads took: 0.0000570 seconds
107.718: Application time: 0.0294630 seconds
107.719: [GC [PSYoungGen: 7198K->256K(7680K)] 18462K->11732K(24576K), 0.0004040 secs] [Times: user=0.00 sys=0.00, real=0.01 secs] 
107.719: Total time for which application threads were stopped: 0.0004910 seconds, Stopping threads took: 0.0000360 seconds
107.748: Application time: 0.0293450 seconds
107.748: [GC [PSYoungGen: 6910K->0K(7680K)] 18387K->11692K(24576K), 0.0003610 secs] [Times: user=0.00 sys=0.00, real=0.00 secs] 
107.749: Total time for which application threads were stopped: 0.0004600 seconds, Stopping threads took: 0.0000470 seconds
107.778: Application time: 0.0296020 seconds
107.778: [GC [PSYoungGen: 6654K->0K(7680K)] 18347K->11692K(24576K), 0.0003200 secs] [Times: user=0.00 sys=0.00, real=0.01 secs] 
107.779: Total time for which application threads were stopped: 0.0004120 seconds, Stopping threads took: 0.0000430 seconds
107.808: Application time: 0.0294790 seconds
107.808: [GC [PSYoungGen: 6654K->0K(7680K)] 18347K->11692K(24576K), 0.0003070 secs] [Times: user=0.00 sys=0.00, real=0.00 secs] 
107.809: Total time for which application threads were stopped: 0.0003930 seconds, Stopping threads took: 0.0000370 seconds
107.838: Application time: 0.0294470 seconds
107.838: [GC [PSYoungGen: 6654K->0K(7680K)] 18347K->11692K(24576K), 0.0002960 secs] [Times: user=0.00 sys=0.00, real=0.00 secs] 
107.839: Total time for which application threads were stopped: 0.0003840 seconds, Stopping threads took: 0.0000410 seconds
107.865: Application time: 0.0265040 seconds
107.865: [GC [PSYoungGen: 6651K->320K(7680K)] 18344K->12012K(24576K), 0.0003670 secs] [Times: user=0.00 sys=0.00, real=0.00 secs] 
107.865: Total time for which application threads were stopped: 0.0004600 seconds, Stopping threads took: 0.0000470 seconds
107.886: Application time: 0.0205660 seconds
107.886: [GC [PSYoungGen: 6974K->384K(7680K)] 18667K->12076K(24576K), 0.0003420 secs] [Times: user=0.00 sys=0.00, real=0.00 secs] 
107.886: Total time for which application threads were stopped: 0.0004290 seconds, Stopping threads took: 0.0000380 seconds
107.909: Application time: 0.0224720 seconds
107.909: [GC [PSYoungGen: 7039K->160K(7680K)] 18732K->11852K(24576K), 0.0003000 secs] [Times: user=0.00 sys=0.00, real=0.00 secs] 
107.909: Total time for which application threads were stopped: 0.0004000 seconds, Stopping threads took: 0.0000520 seconds
107.938: Application time: 0.0281630 seconds
107.938: [GC [PSYoungGen: 6812K->352K(7680K)] 18504K->12044K(24576K), 0.0003260 secs] [Times: user=0.00 sys=0.00, real=0.00 secs] 
107.938: Total time for which application threads were stopped: 0.0004190 seconds, Stopping threads took: 0.0000450 seconds
107.958: Application time: 0.0200400 seconds
107.958: [GC [PSYoungGen: 7004K->512K(7680K)] 18697K->12204K(24576K), 0.0003660 secs] [Times: user=0.00 sys=0.00, real=0.00 secs] 
107.958: Total time for which application threads were stopped: 0.0004650 seconds, Stopping threads took: 0.0000490 seconds
107.979: Application time: 0.0203140 seconds
107.979: [GC [PSYoungGen: 7164K->480K(7680K)] 18856K->12172K(24576K), 0.0004250 secs] [Times: user=0.00 sys=0.00, real=0.00 secs] 
107.979: Total time for which application threads were stopped: 0.0005250 seconds, Stopping threads took: 0.0000480 seconds
108.005: Application time: 0.0260450 seconds
108.005: [GC [PSYoungGen: 7134K->544K(7680K)] 18826K->12236K(24576K), 0.0003780 secs] [Times: user=0.00 sys=0.00, real=0.00 secs] 
108.006: Total time for which application threads were stopped: 0.0004880 seconds, Stopping threads took: 0.0000590 seconds
108.029: Application time: 0.0230690 seconds
108.029: [GC [PSYoungGen: 7195K->704K(7680K)] 18888K->12396K(24576K), 0.0003930 secs] [Times: user=0.00 sys=0.00, real=0.00 secs] 
108.029: Total time for which application threads were stopped: 0.0004870 seconds, Stopping threads took: 0.0000420 seconds
108.050: Application time: 0.0203580 seconds
108.050: [GC [PSYoungGen: 7357K->736K(7680K)] 19050K->12428K(24576K), 0.0003990 secs] [Times: user=0.00 sys=0.00, real=0.00 secs] 
108.050: Total time for which application threads were stopped: 0.0005240 seconds, Stopping threads took: 0.0000720 seconds
108.073: Application time: 0.0229580 seconds
108.073: [GC [PSYoungGen: 7387K->736K(7680K)] 19080K->12428K(24576K), 0.0003800 secs] [Times: user=0.00 sys=0.00, real=0.00 secs] 
108.074: Total time for which application threads were stopped: 0.0004780 seconds, Stopping threads took: 0.0000450 seconds
108.102: Application time: 0.0286700 seconds
108.102: [GC [PSYoungGen: 7388K->736K(7680K)] 19080K->12428K(24576K), 0.0003670 secs] [Times: user=0.00 sys=0.00, real=0.00 secs] 
108.103: Total time for which application threads were stopped: 0.0004730 seconds, Stopping threads took: 0.0000510 seconds
108.127: Application time: 0.0244270 seconds
108.127: [GC [PSYoungGen: 7388K->896K(7680K)] 19080K->12588K(24576K), 0.0003830 secs] [Times: user=0.00 sys=0.00, real=0.00 secs] 
108.128: Total time for which application threads were stopped: 0.0004720 seconds, Stopping threads took: 0.0000360 seconds
108.147: Application time: 0.0194860 seconds
108.147: [GC [PSYoungGen: 7551K->960K(7680K)] 19244K->12652K(24576K), 0.0003960 secs] [Times: user=0.00 sys=0.00, real=0.00 secs] 
108.148: Total time for which application threads were stopped: 0.0005030 seconds, Stopping threads took: 0.0000530 seconds
108.170: Application time: 0.0218400 seconds
108.170: [GC [PSYoungGen: 7613K->992K(7680K)] 19306K->12684K(24576K), 0.0004160 secs] [Times: user=0.00 sys=0.00, real=0.00 secs] 
108.170: Total time for which application threads were stopped: 0.0005320 seconds, Stopping threads took: 0.0000520 seconds
108.199: Application time: 0.0288160 seconds
108.203: [GC [PSYoungGen: 7644K->928K(7680K)] 19336K->12620K(24576K), 0.0004450 secs] [Times: user=0.01 sys=0.00, real=0.00 secs] 
108.203: Total time for which application threads were stopped: 0.0043450 seconds, Stopping threads took: 0.0038480 seconds
108.232: Application time: 0.0285280 seconds
108.232: [GC [PSYoungGen: 7580K->992K(7680K)] 19272K->12684K(24576K), 0.0004060 secs] [Times: user=0.01 sys=0.00, real=0.00 secs] 
108.232: Total time for which application threads were stopped: 0.0005030 seconds, Stopping threads took: 0.0000440 seconds
108.256: Application time: 0.0239890 seconds
108.256: [GC [PSYoungGen: 7645K->992K(7680K)] 19338K->12836K(24576K), 0.0004390 secs] [Times: user=0.00 sys=0.00, real=0.00 secs] 
108.257: Total time for which application threads were stopped: 0.0005240 seconds, Stopping threads took: 0.0000320 seconds
108.277: Application time: 0.0204130 seconds
108.277: [GC [PSYoungGen: 7646K->992K(7680K)] 19491K->12836K(24576K), 0.0004030 secs] [Times: user=0.00 sys=0.00, real=0.00 secs] 
108.278: Total time for which application threads were stopped: 0.0004940 seconds, Stopping threads took: 0.0000370 seconds
108.299: Application time: 0.0210600 seconds
108.299: [GC [PSYoungGen: 7647K->992K(7680K)] 19492K->12844K(24576K), 0.0004050 secs] [Times: user=0.00 sys=0.00, real=0.00 secs] 
108.299: Total time for which application threads were stopped: 0.0005070 seconds, Stopping threads took: 0.0000490 seconds
108.327: Application time: 0.0274770 seconds
108.327: [GC [PSYoungGen: 7647K->1008K(7680K)] 19499K->12892K(24576K), 0.0004390 secs] [Times: user=0.00 sys=0.00, real=0.00 secs] 
108.327: Total time for which application threads were stopped: 0.0005380 seconds, Stopping threads took: 0.0000460 seconds
108.356: Application time: 0.0288930 seconds
108.356: [GC [PSYoungGen: 7660K->992K(7680K)] 19544K->12892K(24576K), 0.0004370 secs] [Times: user=0.01 sys=0.00, real=0.00 secs] 
108.357: Total time for which application threads were stopped: 0.0005270 seconds, Stopping threads took: 0.0000390 seconds
108.384: Application time: 0.0268180 seconds
108.384: [GC [PSYoungGen: 7646K->992K(7680K)] 19547K->13020K(24576K), 0.0004640 secs] [Times: user=0.00 sys=0.00, real=0.00 secs] 
108.384: Total time for which application threads were stopped: 0.0005740 seconds, Stopping threads took: 0.0000540 seconds
108.412: Application time: 0.0282590 seconds
108.412: [GC [PSYoungGen: 7645K->992K(7680K)] 19674K->13148K(24576K), 0.0005230 secs] [Times: user=0.00 sys=0.00, real=0.00 secs] 
108.413: Total time for which application threads were stopped: 0.0006340 seconds, Stopping threads took: 0.0000540 seconds
108.442: Application time: 0.0289550 seconds
108.442: [GC [PSYoungGen: 7646K->928K(7680K)] 19803K->13084K(24576K), 0.0004010 secs] [Times: user=0.00 sys=0.00, real=0.00 secs] 
108.443: Total time for which application threads were stopped: 0.0005100 seconds, Stopping threads took: 0.0000550 seconds
108.470: Application time: 0.0273720 seconds
108.470: [GC [PSYoungGen: 7582K->992K(7680K)] 19738K->13225K(24576K), 0.0004460 secs] [Times: user=0.00 sys=0.00, real=0.00 secs] 
108.470: Total time for which application threads were stopped: 0.0005550 seconds, Stopping threads took: 0.0000520 seconds
108.499: Application time: 0.0289560 seconds
108.499: [GC [PSYoungGen: 7646K->992K(7680K)] 19880K->13289K(24576K), 0.0004640 secs] [Times: user=0.00 sys=0.00, real=0.00 secs] 
108.500: Total time for which application threads were stopped: 0.0005670 seconds, Stopping threads took: 0.0000520 seconds
108.521: Application time: 0.0208920 seconds
108.521: [GC [PSYoungGen: 7648K->1008K(7680K)] 19945K->13497K(24576K), 0.0004650 secs] [Times: user=0.00 sys=0.00, real=0.00 secs] 
108.521: Total time for which application threads were stopped: 0.0005670 seconds, Stopping threads took: 0.0000490 seconds
108.541: Application time: 0.0199250 seconds
108.541: [GC [PSYoungGen: 7661K->1008K(7680K)] 20150K->13737K(24576K), 0.0004890 secs] [Times: user=0.00 sys=0.00, real=0.00 secs] 
108.542: Total time for which application threads were stopped: 0.0005910 seconds, Stopping threads took: 0.0000470 seconds
108.559: Application time: 0.0171540 seconds
108.559: [GC [PSYoungGen: 7663K->992K(7680K)] 20392K->13953K(24576K), 0.0004800 secs] [Times: user=0.00 sys=0.00, real=0.00 secs] 
108.560: Total time for which application threads were stopped: 0.0005850 seconds, Stopping threads took: 0.0000500 seconds
108.580: Application time: 0.0205070 seconds
108.580: [GC [PSYoungGen: 7646K->1008K(7680K)] 20608K->13985K(24576K), 0.0004370 secs] [Times: user=0.00 sys=0.00, real=0.00 secs] 
108.581: Total time for which application threads were stopped: 0.0005410 seconds, Stopping threads took: 0.0000510 seconds
108.598: Application time: 0.0173510 seconds
108.598: [GC [PSYoungGen: 7661K->1008K(7680K)] 20639K->14249K(24576K), 0.0005470 secs] [Times: user=0.00 sys=0.00, real=0.00 secs] 
108.599: Total time for which application threads were stopped: 0.0006520 seconds, Stopping threads took: 0.0000470 seconds
108.619: Application time: 0.0202830 seconds
108.619: [GC [PSYoungGen: 7659K->992K(7680K)] 20901K->14421K(24576K), 0.0005900 secs] [Times: user=0.00 sys=0.00, real=0.00 secs] 
108.620: Total time for which application threads were stopped: 0.0006950 seconds, Stopping threads took: 0.0000440 seconds
108.644: Application time: 0.0243110 seconds
108.644: [GC [PSYoungGen: 7646K->992K(7680K)] 21075K->14609K(24576K), 0.0005180 secs] [Times: user=0.00 sys=0.00, real=0.00 secs] 
108.645: Total time for which application threads were stopped: 0.0006060 seconds, Stopping threads took: 0.0000350 seconds
108.672: Application time: 0.0277630 seconds
108.673: [GC [PSYoungGen: 7645K->992K(7680K)] 21263K->14802K(24576K), 0.0004810 secs] [Times: user=0.00 sys=0.00, real=0.00 secs] 
108.673: Total time for which application threads were stopped: 0.0006050 seconds, Stopping threads took: 0.0000550 seconds
108.699: Application time: 0.0261770 seconds
108.699: [GC [PSYoungGen: 7645K->992K(7680K)] 21455K->14978K(24576K), 0.0005030 secs] [Times: user=0.00 sys=0.00, real=0.00 secs] 
108.700: Total time for which application threads were stopped: 0.0006120 seconds, Stopping threads took: 0.0000460 seconds
108.729: Application time: 0.0289480 seconds
108.729: [GC [PSYoungGen: 7644K->928K(7680K)] 21630K->15042K(24576K), 0.0004480 secs] [Times: user=0.00 sys=0.00, real=0.00 secs] 
108.729: Total time for which application threads were stopped: 0.0005490 seconds, Stopping threads took: 0.0000480 seconds
108.758: Application time: 0.0291540 seconds
108.759: [GC [PSYoungGen: 7582K->864K(7680K)] 21696K->15090K(24576K), 0.0004250 secs] [Times: user=0.00 sys=0.00, real=0.01 secs] 
108.759: Total time for which application threads were stopped: 0.0005180 seconds, Stopping threads took: 0.0000390 seconds
108.788: Application time: 0.0291430 seconds
108.788: [GC [PSYoungGen: 7516K->752K(7680K)] 21742K->15054K(24576K), 0.0004540 secs] [Times: user=0.00 sys=0.00, real=0.00 secs] 
108.789: Total time for which application threads were stopped: 0.0005420 seconds, Stopping threads took: 0.0000380 seconds
108.818: Application time: 0.0289160 seconds
108.818: [GC [PSYoungGen: 7406K->800K(7680K)] 21709K->15102K(24576K), 0.0004090 secs] [Times: user=0.00 sys=0.00, real=0.00 secs] 
108.818: Total time for which application threads were stopped: 0.0005130 seconds, Stopping threads took: 0.0000500 seconds
108.847: Application time: 0.0290410 seconds
108.851: [GC [PSYoungGen: 7454K->768K(7680K)] 21757K->15134K(24576K), 0.0004140 secs] [Times: user=0.00 sys=0.00, real=0.00 secs] 
108.851: Total time for which application threads were stopped: 0.0041100 seconds, Stopping threads took: 0.0036410 seconds
108.880: Application time: 0.0290130 seconds
108.880: [GC [PSYoungGen: 7422K->768K(7680K)] 21789K->15134K(24576K), 0.0004100 secs] [Times: user=0.00 sys=0.00, real=0.00 secs] 
108.881: Total time for which application threads were stopped: 0.0005060 seconds, Stopping threads took: 0.0000460 seconds
108.910: Application time: 0.0290030 seconds
108.910: [GC [PSYoungGen: 7422K->736K(7680K)] 21789K->15126K(24576K), 0.0003630 secs] [Times: user=0.00 sys=0.00, real=0.00 secs] 
108.910: Total time for which application threads were stopped: 0.0004620 seconds, Stopping threads took: 0.0000470 seconds
108.938: Application time: 0.0280610 seconds
108.938: [GC [PSYoungGen: 7389K->928K(7680K)] 21780K->15342K(24576K), 0.0004130 secs] [Times: user=0.00 sys=0.00, real=0.01 secs] 
108.939: Total time for which application threads were stopped: 0.0005050 seconds, Stopping threads took: 0.0000400 seconds
108.967: Application time: 0.0281340 seconds
108.967: [GC [PSYoungGen: 7580K->960K(7680K)] 21994K->15446K(24576K), 0.0004430 secs] [Times: user=0.01 sys=0.00, real=0.00 secs] 
108.967: Total time for which application threads were stopped: 0.0005420 seconds, Stopping threads took: 0.0000470 seconds
108.996: Application time: 0.0282340 seconds
108.996: [GC [PSYoungGen: 7614K->992K(7680K)] 22100K->15531K(24576K), 0.0004510 secs] [Times: user=0.01 sys=0.00, real=0.00 secs] 
108.996: Total time for which application threads were stopped: 0.0005530 seconds, Stopping threads took: 0.0000490 seconds
109.025: Application time: 0.0286760 seconds
109.025: [GC [PSYoungGen: 7644K->960K(7680K)] 22183K->15587K(24576K), 0.0004680 secs] [Times: user=0.00 sys=0.00, real=0.00 secs] 
109.026: Total time for which application threads were stopped: 0.0005750 seconds, Stopping threads took: 0.0000530 seconds
109.054: Application time: 0.0284320 seconds
109.054: [GC [PSYoungGen: 7613K->768K(7680K)] 22240K->15587K(24576K), 0.0004270 secs] [Times: user=0.00 sys=0.00, real=0.00 secs] 
109.055: Total time for which application threads were stopped: 0.0005430 seconds, Stopping threads took: 0.0000620 seconds
109.084: Application time: 0.0298830 seconds
109.084: [GC [PSYoungGen: 7422K->736K(7680K)] 22241K->15555K(24576K), 0.0003840 secs] [Times: user=0.00 sys=0.00, real=0.00 secs] 
109.085: Total time for which application threads were stopped: 0.0004740 seconds, Stopping threads took: 0.0000380 seconds
109.115: Application time: 0.0296660 seconds
109.115: [GC [PSYoungGen: 7390K->736K(7680K)] 22209K->15563K(24576K), 0.0003660 secs] [Times: user=0.00 sys=0.00, real=0.00 secs] 
109.115: Total time for which application threads were stopped: 0.0004630 seconds, Stopping threads took: 0.0000450 seconds
109.145: Application time: 0.0297680 seconds
109.145: [GC [PSYoungGen: 7390K->672K(7680K)] 22217K->15583K(24576K), 0.0004120 secs] [Times: user=0.00 sys=0.00, real=0.00 secs] 
109.145: Total time for which application threads were stopped: 0.0005140 seconds, Stopping threads took: 0.0000510 seconds
109.175: Application time: 0.0297310 seconds
109.175: [GC [PSYoungGen: 7324K->704K(7680K)] 22235K->15615K(24576K), 0.0003930 secs] [Times: user=0.01 sys=0.00, real=0.00 secs] 
109.176: Total time for which application threads were stopped: 0.0004980 seconds, Stopping threads took: 0.0000470 seconds
109.205: Application time: 0.0294800 seconds
109.207: [GC [PSYoungGen: 7358K->704K(7680K)] 22270K->15615K(24576K), 0.0004030 secs] [Times: user=0.00 sys=0.00, real=0.00 secs] 
109.207: Total time for which application threads were stopped: 0.0022560 seconds, Stopping threads took: 0.0017990 seconds
109.237: Application time: 0.0295610 seconds
109.237: [GC [PSYoungGen: 7358K->736K(7680K)] 22270K->15647K(24576K), 0.0003910 secs] [Times: user=0.00 sys=0.00, real=0.00 secs] 
109.237: Total time for which application threads were stopped: 0.0005120 seconds, Stopping threads took: 0.0000650 seconds
109.267: Application time: 0.0294510 seconds
109.267: [GC [PSYoungGen: 7390K->704K(7680K)] 22302K->15615K(24576K), 0.0003950 secs] [Times: user=0.01 sys=0.00, real=0.00 secs] 
109.267: Total time for which application threads were stopped: 0.0004860 seconds, Stopping threads took: 0.0000420 seconds
109.297: Application time: 0.0294570 seconds
109.297: [GC [PSYoungGen: 7358K->672K(7680K)] 22270K->15583K(24576K), 0.0003600 secs] [Times: user=0.00 sys=0.00, real=0.00 secs] 
109.297: Total time for which application threads were stopped: 0.0004700 seconds, Stopping threads took: 0.0000600 seconds
109.327: Application time: 0.0294770 seconds
109.327: [GC [PSYoungGen: 7326K->672K(7680K)] 22238K->15583K(24576K), 0.0004070 secs] [Times: user=0.00 sys=0.00, real=0.00 secs] 
109.327: Total time for which application threads were stopped: 0.0005010 seconds, Stopping threads took: 0.0000420 seconds
109.357: Application time: 0.0294080 seconds
109.357: [GC [PSYoungGen: 7326K->704K(7680K)] 22238K->15615K(24576K), 0.0003680 secs] [Times: user=0.00 sys=0.00, real=0.00 secs] 
109.357: Total time for which application threads were stopped: 0.0004650 seconds, Stopping threads took: 0.0000450 seconds
109.387: Application time: 0.0294750 seconds
109.387: [GC [PSYoungGen: 7358K->704K(7680K)] 22270K->15615K(24576K), 0.0003600 secs] [Times: user=0.00 sys=0.00, real=0.01 secs] 
109.387: Total time for which application threads were stopped: 0.0004630 seconds, Stopping threads took: 0.0000540 seconds
109.416: Application time: 0.0294550 seconds
109.417: [GC [PSYoungGen: 7358K->480K(7680K)] 22270K->15612K(24576K), 0.0003690 secs] [Times: user=0.00 sys=0.00, real=0.00 secs] 
109.417: Total time for which application threads were stopped: 0.0004600 seconds, Stopping threads took: 0.0000420 seconds
109.446: Application time: 0.0295160 seconds
109.447: [GC [PSYoungGen: 7134K->320K(7680K)] 22266K->15676K(24576K), 0.0004080 secs] [Times: user=0.00 sys=0.00, real=0.01 secs] 
109.447: Total time for which application threads were stopped: 0.0005170 seconds, Stopping threads took: 0.0000540 seconds
109.477: Application time: 0.0295760 seconds
109.477: [GC [PSYoungGen: 6972K->288K(7680K)] 22328K->15644K(24576K), 0.0003700 secs] [Times: user=0.00 sys=0.00, real=0.00 secs] 
109.477: Total time for which application threads were stopped: 0.0004690 seconds, Stopping threads took: 0.0000490 seconds
109.507: Application time: 0.0295990 seconds
109.507: [GC [PSYoungGen: 6942K->0K(7680K)] 22299K->15572K(24576K), 0.0003420 secs] [Times: user=0.00 sys=0.00, real=0.01 secs] 
109.507: Total time for which application threads were stopped: 0.0004330 seconds, Stopping threads took: 0.0000420 seconds
109.536: Application time: 0.0294120 seconds
109.537: [GC [PSYoungGen: 6654K->0K(7680K)] 22227K->15572K(24576K), 0.0003140 secs] [Times: user=0.01 sys=0.00, real=0.00 secs] 
109.537: Total time for which application threads were stopped: 0.0004130 seconds, Stopping threads took: 0.0000490 seconds
109.566: Application time: 0.0293980 seconds
109.566: [GC [PSYoungGen: 6654K->0K(7680K)] 22227K->15572K(24576K), 0.0003230 secs] [Times: user=0.00 sys=0.00, real=0.00 secs] 
109.567: Total time for which application threads were stopped: 0.0004160 seconds, Stopping threads took: 0.0000450 seconds
109.596: Application time: 0.0293450 seconds
109.596: [GC [PSYoungGen: 6654K->0K(7680K)] 22227K->15572K(24576K), 0.0003320 secs] [Times: user=0.00 sys=0.00, real=0.00 secs] 
109.596: Total time for which application threads were stopped: 0.0004240 seconds, Stopping threads took: 0.0000440 seconds
109.618: Application time: 0.0214170 seconds
109.618: [GC [PSYoungGen: 6652K->416K(7680K)] 22224K->15988K(24576K), 0.0003770 secs] [Times: user=0.00 sys=0.00, real=0.00 secs] 
109.618: Total time for which application threads were stopped: 0.0004700 seconds, Stopping threads took: 0.0000340 seconds
109.639: Application time: 0.0210810 seconds
109.640: [GC [PSYoungGen: 7069K->352K(7680K)] 22641K->15924K(24576K), 0.0003780 secs] [Times: user=0.00 sys=0.00, real=0.00 secs] 
109.640: Total time for which application threads were stopped: 0.0004910 seconds, Stopping threads took: 0.0000590 seconds
109.666: Application time: 0.0257950 seconds
109.666: [GC [PSYoungGen: 7004K->320K(7680K)] 22576K->15892K(24576K), 0.0003490 secs] [Times: user=0.01 sys=0.00, real=0.00 secs] 
109.666: Total time for which application threads were stopped: 0.0004470 seconds, Stopping threads took: 0.0000460 seconds
109.688: Application time: 0.0221390 seconds
109.688: [GC [PSYoungGen: 6972K->544K(7680K)] 22544K->16116K(24576K), 0.0004100 secs] [Times: user=0.00 sys=0.00, real=0.00 secs] 
109.689: Total time for which application threads were stopped: 0.0005190 seconds, Stopping threads took: 0.0000460 seconds
109.710: Application time: 0.0209360 seconds
109.711: [GC [PSYoungGen: 7199K->512K(7680K)] 22772K->16084K(24576K), 0.0004300 secs] [Times: user=0.00 sys=0.00, real=0.00 secs] 
109.711: Total time for which application threads were stopped: 0.0015150 seconds, Stopping threads took: 0.0010350 seconds
109.735: Application time: 0.0238320 seconds
109.735: [GC [PSYoungGen: 7167K->576K(7680K)] 22739K->16148K(24576K), 0.0003410 secs] [Times: user=0.01 sys=0.00, real=0.00 secs] 
109.736: Total time for which application threads were stopped: 0.0004430 seconds, Stopping threads took: 0.0000480 seconds
109.762: Application time: 0.0268900 seconds
109.763: [GC [PSYoungGen: 7230K->672K(7680K)] 22802K->16244K(24576K), 0.0004020 secs] [Times: user=0.00 sys=0.00, real=0.00 secs] 
109.763: Total time for which application threads were stopped: 0.0004950 seconds, Stopping threads took: 0.0000410 seconds
109.783: Application time: 0.0202960 seconds
109.783: [GC [PSYoungGen: 7326K->736K(7680K)] 22899K->16308K(24576K), 0.0003750 secs] [Times: user=0.01 sys=0.00, real=0.00 secs] 
109.784: Total time for which application threads were stopped: 0.0004850 seconds, Stopping threads took: 0.0000550 seconds
109.804: Application time: 0.0203570 seconds
109.804: [GC [PSYoungGen: 7387K->736K(7680K)] 22959K->16308K(24576K), 0.0003900 secs] [Times: user=0.00 sys=0.00, real=0.00 secs] 
109.805: Total time for which application threads were stopped: 0.0004900 seconds, Stopping threads took: 0.0000480 seconds
109.832: Application time: 0.0273550 seconds
109.832: [GC [PSYoungGen: 7390K->896K(7680K)] 22962K->16468K(24576K), 0.0003880 secs] [Times: user=0.00 sys=0.00, real=0.00 secs] 
109.832: Total time for which application threads were stopped: 0.0004930 seconds, Stopping threads took: 0.0000530 seconds
109.860: Application time: 0.0276540 seconds
109.860: [GC [PSYoungGen: 7550K->896K(7680K)] 23122K->16468K(24576K), 0.0004540 secs] [Times: user=0.00 sys=0.00, real=0.00 secs] 
109.861: Total time for which application threads were stopped: 0.0005680 seconds, Stopping threads took: 0.0000520 seconds
109.880: Application time: 0.0194840 seconds
109.880: [GC [PSYoungGen: 7549K->960K(7680K)] 23121K->16532K(24576K), 0.0004150 secs] [Times: user=0.00 sys=0.00, real=0.00 secs] 
109.881: Total time for which application threads were stopped: 0.0005210 seconds, Stopping threads took: 0.0000530 seconds
109.902: Application time: 0.0209760 seconds
109.902: [GC [PSYoungGen: 7615K->896K(7680K)] 23188K->16468K(24576K), 0.0004020 secs] [Times: user=0.00 sys=0.00, real=0.00 secs] 
109.902: Total time for which application threads were stopped: 0.0005040 seconds, Stopping threads took: 0.0000480 seconds
109.928: Application time: 0.0262500 seconds
109.928: [GC [PSYoungGen: 7548K->992K(7680K)] 23120K->16564K(24576K), 0.0003990 secs] [Times: user=0.00 sys=0.00, real=0.00 secs] 
109.929: Total time for which application threads were stopped: 0.0004980 seconds, Stopping threads took: 0.0000470 seconds
109.958: Application time: 0.0287520 seconds
109.958: [GC [PSYoungGen: 7644K->896K(7680K)] 23216K->16468K(24576K), 0.0004900 secs] [Times: user=0.00 sys=0.00, real=0.00 secs] 
109.958: Total time for which application threads were stopped: 0.0005870 seconds, Stopping threads took: 0.0000450 seconds
109.983: Application time: 0.0242960 seconds
109.983: [GC [PSYoungGen: 7549K->992K(7680K)] 23122K->16828K(24576K), 0.0004530 secs] [Times: user=0.00 sys=0.00, real=0.00 secs] 
109.983: Total time for which application threads were stopped: 0.0005500 seconds, Stopping threads took: 0.0000420 seconds
110.004: Application time: 0.0205220 seconds
110.004: [GC [PSYoungGen: 7646K->992K(7680K)] 23483K->16844K(24576K), 0.0004590 secs] [Times: user=0.00 sys=0.00, real=0.00 secs] 
110.004: Total time for which application threads were stopped: 0.0005740 seconds, Stopping threads took: 0.0000600 seconds
110.025: Application time: 0.0208580 seconds
110.025: [GC [PSYoungGen: 7594K->960K(7680K)] 23446K->16940K(24576K), 0.0004760 secs] [Times: user=0.00 sys=0.00, real=0.00 secs] 
110.026: Total time for which application threads were stopped: 0.0005760 seconds, Stopping threads took: 0.0000490 seconds
110.052: Application time: 0.0268570 seconds
110.053: [GC [PSYoungGen: 7614K->992K(7680K)] 23594K->17100K(24576K), 0.0004290 secs] [Times: user=0.00 sys=0.00, real=0.00 secs] 
110.053: Total time for which application threads were stopped: 0.0005370 seconds, Stopping threads took: 0.0000500 seconds
110.082: Application time: 0.0285700 seconds
110.082: [GC [PSYoungGen: 7644K->992K(7680K)] 23752K->17100K(24576K), 0.0004300 secs] [Times: user=0.00 sys=0.00, real=0.00 secs] 
110.082: Total time for which application threads were stopped: 0.0005410 seconds, Stopping threads took: 0.0000550 seconds
110.109: Application time: 0.0268020 seconds
110.109: [GC [PSYoungGen: 7646K->1008K(7680K)] 23754K->17188K(24576K), 0.0004460 secs] [Times: user=0.00 sys=0.00, real=0.00 secs] 
110.109: Total time for which application threads were stopped: 0.0005560 seconds, Stopping threads took: 0.0000530 seconds
110.138: Application time: 0.0282850 seconds
110.138: [GC [PSYoungGen: 7661K->992K(7680K)] 23841K->17204K(24576K), 0.0004310 secs] [Times: user=0.01 sys=0.00, real=0.00 secs] 
110.138: Total time for which application threads were stopped: 0.0005320 seconds, Stopping threads took: 0.0000470 seconds
110.167: Application time: 0.0289840 seconds
110.167: [GC [PSYoungGen: 7646K->1008K(7680K)] 23859K->17228K(24576K), 0.0004310 secs] [Times: user=0.00 sys=0.00, real=0.00 secs] 
110.168: Total time for which application threads were stopped: 0.0005270 seconds, Stopping threads took: 0.0000430 seconds
110.196: Application time: 0.0280700 seconds
110.196: [GC [PSYoungGen: 7660K->992K(7680K)] 23880K->17396K(24576K), 0.0004620 secs] [Times: user=0.01 sys=0.00, real=0.00 secs] 
110.196: Total time for which application threads were stopped: 0.0005810 seconds, Stopping threads took: 0.0000550 seconds
110.224: Application time: 0.0280330 seconds
110.225: [GC [PSYoungGen: 7645K->1008K(7680K)] 24050K->17557K(24576K), 0.0004760 secs] [Times: user=0.00 sys=0.00, real=0.00 secs] 
110.225: Total time for which application threads were stopped: 0.0005820 seconds, Stopping threads took: 0.0000500 seconds
110.248: Application time: 0.0229210 seconds
110.248: [GC [PSYoungGen: 7660K->992K(7680K)] 24209K->17813K(24576K), 0.0005150 secs] [Times: user=0.01 sys=0.00, real=0.00 secs] 
110.249: [Full GC [PSYoungGen: 992K->0K(7680K)] [ParOldGen: 16821K->3742K(16896K)] 17813K->3742K(24576K) [PSPermGen: 5541K->5541K(21504K)], 0.0061880 secs] [Times: user=0.02 sys=0.00, real=0.00 secs] 
110.255: Total time for which application threads were stopped: 0.0068630 seconds, Stopping threads took: 0.0000600 seconds
110.275: Application time: 0.0196880 seconds
110.275: [GC [PSYoungGen: 6655K->352K(7680K)] 10397K->4094K(24576K), 0.0003910 secs] [Times: user=0.00 sys=0.00, real=0.00 secs] 
110.275: Total time for which application threads were stopped: 0.0004970 seconds, Stopping threads took: 0.0000480 seconds
110.292: Application time: 0.0167970 seconds
110.292: [GC [PSYoungGen: 7004K->576K(7680K)] 10746K->4318K(24576K), 0.0003650 secs] [Times: user=0.00 sys=0.00, real=0.00 secs] 
110.292: Total time for which application threads were stopped: 0.0004900 seconds, Stopping threads took: 0.0000690 seconds
110.312: Application time: 0.0198820 seconds
110.312: [GC [PSYoungGen: 7230K->768K(7680K)] 10972K->4510K(24576K), 0.0003940 secs] [Times: user=0.00 sys=0.00, real=0.00 secs] 
110.313: Total time for which application threads were stopped: 0.0004860 seconds, Stopping threads took: 0.0000410 seconds
110.331: Application time: 0.0184190 seconds
110.335: [GC [PSYoungGen: 7421K->928K(7680K)] 11163K->4670K(24576K), 0.0004130 secs] [Times: user=0.00 sys=0.00, real=0.00 secs] 
110.335: Total time for which application threads were stopped: 0.0041050 seconds, Stopping threads took: 0.0036380 seconds
110.356: Application time: 0.0211880 seconds
110.357: [GC [PSYoungGen: 7583K->960K(7680K)] 11326K->4702K(24576K), 0.0004030 secs] [Times: user=0.01 sys=0.00, real=0.00 secs] 
110.357: Total time for which application threads were stopped: 0.0005340 seconds, Stopping threads took: 0.0000760 seconds
110.380: Application time: 0.0234870 seconds
110.381: [GC [PSYoungGen: 7615K->976K(7680K)] 11357K->4718K(24576K), 0.0003970 secs] [Times: user=0.01 sys=0.00, real=0.00 secs] 
110.381: Total time for which application threads were stopped: 0.0005140 seconds, Stopping threads took: 0.0000610 seconds
110.409: Application time: 0.0277770 seconds
110.409: [GC [PSYoungGen: 7628K->960K(7680K)] 11370K->4702K(24576K), 0.0003900 secs] [Times: user=0.00 sys=0.00, real=0.00 secs] 
110.409: Total time for which application threads were stopped: 0.0004900 seconds, Stopping threads took: 0.0000470 seconds
110.436: Application time: 0.0263190 seconds
110.436: [GC [PSYoungGen: 7613K->992K(7680K)] 11355K->4878K(24576K), 0.0004540 secs] [Times: user=0.00 sys=0.00, real=0.00 secs] 
110.436: Total time for which application threads were stopped: 0.0005590 seconds, Stopping threads took: 0.0000480 seconds
110.465: Application time: 0.0291780 seconds
110.465: [GC [PSYoungGen: 7646K->992K(7680K)] 11533K->4886K(24576K), 0.0004150 secs] [Times: user=0.00 sys=0.00, real=0.00 secs] 
110.466: Total time for which application threads were stopped: 0.0005240 seconds, Stopping threads took: 0.0000570 seconds
110.495: Application time: 0.0292440 seconds
110.495: [GC [PSYoungGen: 7646K->992K(7680K)] 11541K->4886K(24576K), 0.0003800 secs] [Times: user=0.01 sys=0.00, real=0.00 secs] 
110.496: Total time for which application threads were stopped: 0.0004880 seconds, Stopping threads took: 0.0000540 seconds
110.525: Application time: 0.0291590 seconds
110.525: [GC [PSYoungGen: 7646K->992K(7680K)] 11541K->4886K(24576K), 0.0003830 secs] [Times: user=0.00 sys=0.00, real=0.00 secs] 
110.525: Total time for which application threads were stopped: 0.0004990 seconds, Stopping threads took: 0.0000630 seconds
110.554: Application time: 0.0292240 seconds
110.555: [GC [PSYoungGen: 7646K->896K(7680K)] 11541K->4918K(24576K), 0.0003940 secs] [Times: user=0.00 sys=0.01, real=0.00 secs] 
110.555: Total time for which application threads were stopped: 0.0004840 seconds, Stopping threads took: 0.0000370 seconds
110.584: Application time: 0.0294480 seconds
110.584: [GC [PSYoungGen: 7550K->864K(7680K)] 11573K->4886K(24576K), 0.0003720 secs] [Times: user=0.00 sys=0.00, real=0.00 secs] 
110.585: Total time for which application threads were stopped: 0.0004770 seconds, Stopping threads took: 0.0000510 seconds
110.614: Application time: 0.0292330 seconds
110.614: [GC [PSYoungGen: 7518K->896K(7680K)] 11541K->4918K(24576K), 0.0003620 secs] [Times: user=0.00 sys=0.00, real=0.00 secs] 
110.615: Total time for which application threads were stopped: 0.0004500 seconds, Stopping threads took: 0.0000370 seconds
110.644: Application time: 0.0296260 seconds
110.644: [GC [PSYoungGen: 7550K->864K(7680K)] 11573K->4886K(24576K), 0.0004970 secs] [Times: user=0.00 sys=0.00, real=0.00 secs] 
110.645: Total time for which application threads were stopped: 0.0006100 seconds, Stopping threads took: 0.0000520 seconds
110.674: Application time: 0.0291920 seconds
110.674: [GC [PSYoungGen: 7518K->864K(7680K)] 11541K->4934K(24576K), 0.0003930 secs] [Times: user=0.01 sys=0.00, real=0.00 secs] 
110.674: Total time for which application threads were stopped: 0.0004910 seconds, Stopping threads took: 0.0000470 seconds
110.702: Application time: 0.0275050 seconds
110.702: [GC [PSYoungGen: 7517K->992K(7680K)] 11588K->5070K(24576K), 0.0004450 secs] [Times: user=0.00 sys=0.00, real=0.00 secs] 
110.703: Total time for which application threads were stopped: 0.0005700 seconds, Stopping threads took: 0.0000580 seconds
110.730: Application time: 0.0274750 seconds
110.730: [GC [PSYoungGen: 7646K->832K(7680K)] 11724K->5130K(24576K), 0.0004200 secs] [Times: user=0.00 sys=0.00, real=0.00 secs] 
110.731: Total time for which application threads were stopped: 0.0005330 seconds, Stopping threads took: 0.0000530 seconds
110.758: Application time: 0.0275200 seconds
110.758: [GC [PSYoungGen: 7367K->704K(7680K)] 11665K->5043K(24576K), 0.0004540 secs] [Times: user=0.00 sys=0.00, real=0.00 secs] 
110.759: Total time for which application threads were stopped: 0.0005520 seconds, Stopping threads took: 0.0000470 seconds
110.788: Application time: 0.0292740 seconds
110.788: [GC [PSYoungGen: 7357K->864K(7680K)] 11696K->5203K(24576K), 0.0004120 secs] [Times: user=0.00 sys=0.00, real=0.00 secs] 
110.790: Total time for which application threads were stopped: 0.0016510 seconds, Stopping threads took: 0.0000430 seconds
110.819: Application time: 0.0297630 seconds
110.819: [GC [PSYoungGen: 7518K->864K(7680K)] 11857K->5203K(24576K), 0.0003870 secs] [Times: user=0.00 sys=0.00, real=0.00 secs] 
110.820: Total time for which application threads were stopped: 0.0004970 seconds, Stopping threads took: 0.0000540 seconds
110.849: Application time: 0.0295690 seconds
110.849: [GC [PSYoungGen: 7518K->864K(7680K)] 11857K->5203K(24576K), 0.0003570 secs] [Times: user=0.01 sys=0.00, real=0.00 secs] 
110.850: Total time for which application threads were stopped: 0.0004650 seconds, Stopping threads took: 0.0000550 seconds
110.880: Application time: 0.0298910 seconds
110.880: [GC [PSYoungGen: 7518K->736K(7680K)] 11857K->5287K(24576K), 0.0003660 secs] [Times: user=0.01 sys=0.00, real=0.00 secs] 
110.880: Total time for which application threads were stopped: 0.0004700 seconds, Stopping threads took: 0.0000540 seconds
110.910: Application time: 0.0300030 seconds
110.910: [GC [PSYoungGen: 7390K->640K(7680K)] 11942K->5191K(24576K), 0.0003970 secs] [Times: user=0.00 sys=0.00, real=0.00 secs] 
110.911: Total time for which application threads were stopped: 0.0004870 seconds, Stopping threads took: 0.0000380 seconds
110.940: Application time: 0.0295030 seconds
110.940: [GC [PSYoungGen: 7294K->832K(7680K)] 11846K->5383K(24576K), 0.0003710 secs] [Times: user=0.00 sys=0.00, real=0.00 secs] 
110.941: Total time for which application threads were stopped: 0.0004730 seconds, Stopping threads took: 0.0000500 seconds
110.970: Application time: 0.0294630 seconds
110.970: [GC [PSYoungGen: 7486K->704K(7680K)] 12038K->5255K(24576K), 0.0003530 secs] [Times: user=0.00 sys=0.00, real=0.00 secs] 
110.971: Total time for which application threads were stopped: 0.0004560 seconds, Stopping threads took: 0.0000520 seconds
111.000: Application time: 0.0294010 seconds
111.000: [GC [PSYoungGen: 7358K->672K(7680K)] 11910K->5223K(24576K), 0.0003580 secs] [Times: user=0.00 sys=0.00, real=0.00 secs] 
111.000: Total time for which application threads were stopped: 0.0004570 seconds, Stopping threads took: 0.0000470 seconds
111.030: Application time: 0.0295480 seconds
111.030: [GC [PSYoungGen: 7326K->704K(7680K)] 11878K->5255K(24576K), 0.0003980 secs] [Times: user=0.00 sys=0.00, real=0.00 secs] 
111.031: Total time for which application threads were stopped: 0.0005050 seconds, Stopping threads took: 0.0000570 seconds
111.060: Application time: 0.0295030 seconds
111.060: [GC [PSYoungGen: 7358K->704K(7680K)] 11910K->5255K(24576K), 0.0003400 secs] [Times: user=0.00 sys=0.00, real=0.00 secs] 
111.060: Total time for which application threads were stopped: 0.0004340 seconds, Stopping threads took: 0.0000440 seconds
111.090: Application time: 0.0296150 seconds
111.090: [GC [PSYoungGen: 7358K->736K(7680K)] 11910K->5287K(24576K), 0.0003420 secs] [Times: user=0.00 sys=0.00, real=0.00 secs] 
111.091: Total time for which application threads were stopped: 0.0004370 seconds, Stopping threads took: 0.0000430 seconds
111.120: Application time: 0.0296040 seconds
111.120: [GC [PSYoungGen: 7390K->672K(7680K)] 11942K->5223K(24576K), 0.0003500 secs] [Times: user=0.00 sys=0.00, real=0.00 secs] 
111.121: Total time for which application threads were stopped: 0.0004470 seconds, Stopping threads took: 0.0000460 seconds
111.150: Application time: 0.0298440 seconds
111.151: [GC [PSYoungGen: 7326K->512K(7680K)] 11877K->5284K(24576K), 0.0004000 secs] [Times: user=0.00 sys=0.00, real=0.00 secs] 
111.151: Total time for which application threads were stopped: 0.0004970 seconds, Stopping threads took: 0.0000450 seconds
111.180: Application time: 0.0295600 seconds
111.181: [GC [PSYoungGen: 7166K->320K(7680K)] 11938K->5304K(24576K), 0.0003880 secs] [Times: user=0.01 sys=0.00, real=0.00 secs] 
111.181: Total time for which application threads were stopped: 0.0004880 seconds, Stopping threads took: 0.0000510 seconds
111.210: Application time: 0.0294990 seconds
111.211: [GC [PSYoungGen: 6974K->160K(7680K)] 11959K->5221K(24576K), 0.0003400 secs] [Times: user=0.00 sys=0.00, real=0.00 secs] 
111.211: Total time for which application threads were stopped: 0.0004450 seconds, Stopping threads took: 0.0000480 seconds
111.240: Application time: 0.0294070 seconds
111.240: [GC [PSYoungGen: 6814K->0K(7680K)] 11875K->5229K(24576K), 0.0003100 secs] [Times: user=0.00 sys=0.00, real=0.00 secs] 
111.241: Total time for which application threads were stopped: 0.0004230 seconds, Stopping threads took: 0.0000620 seconds
111.270: Application time: 0.0294140 seconds
111.270: [GC [PSYoungGen: 6654K->0K(7680K)] 11883K->5229K(24576K), 0.0003080 secs] [Times: user=0.00 sys=0.00, real=0.00 secs] 
111.271: Total time for which application threads were stopped: 0.0004130 seconds, Stopping threads took: 0.0000550 seconds
111.300: Application time: 0.0293950 seconds
111.300: [GC [PSYoungGen: 6654K->0K(7680K)] 11883K->5229K(24576K), 0.0003230 secs] [Times: user=0.00 sys=0.00, real=0.00 secs] 
111.300: Total time for which application threads were stopped: 0.0004050 seconds, Stopping threads took: 0.0000370 seconds
111.330: Application time: 0.0292640 seconds
111.330: [GC [PSYoungGen: 6655K->224K(7680K)] 11884K->5453K(24576K), 0.0003140 secs] [Times: user=0.00 sys=0.00, real=0.00 secs] 
111.330: Total time for which application threads were stopped: 0.0003950 seconds, Stopping threads took: 0.0000340 seconds
111.350: Application time: 0.0201420 seconds
111.350: [GC [PSYoungGen: 6878K->288K(7680K)] 12107K->5517K(24576K), 0.0003420 secs] [Times: user=0.00 sys=0.00, real=0.00 secs] 
111.351: Total time for which application threads were stopped: 0.0004530 seconds, Stopping threads took: 0.0000550 seconds
111.372: Application time: 0.0210880 seconds
111.372: [GC [PSYoungGen: 6941K->352K(7680K)] 12170K->5581K(24576K), 0.0003170 secs] [Times: user=0.00 sys=0.00, real=0.00 secs] 
111.372: Total time for which application threads were stopped: 0.0004110 seconds, Stopping threads took: 0.0000440 seconds
111.399: Application time: 0.0270520 seconds
111.399: [GC [PSYoungGen: 7004K->256K(7680K)] 12233K->5485K(24576K), 0.0003540 secs] [Times: user=0.00 sys=0.00, real=0.00 secs] 
111.400: Total time for which application threads were stopped: 0.0004560 seconds, Stopping threads took: 0.0000520 seconds
111.426: Application time: 0.0267910 seconds
111.427: [GC [PSYoungGen: 6910K->512K(7680K)] 12139K->5741K(24576K), 0.0003370 secs] [Times: user=0.00 sys=0.00, real=0.01 secs] 
111.427: Total time for which application threads were stopped: 0.0004430 seconds, Stopping threads took: 0.0000530 seconds
111.447: Application time: 0.0198150 seconds
111.447: [GC [PSYoungGen: 7164K->512K(7680K)] 12393K->5741K(24576K), 0.0003440 secs] [Times: user=0.00 sys=0.00, real=0.00 secs] 
111.447: Total time for which application threads were stopped: 0.0004460 seconds, Stopping threads took: 0.0000510 seconds
111.468: Application time: 0.0213010 seconds
111.469: [GC [PSYoungGen: 7167K->480K(7680K)] 12396K->5709K(24576K), 0.0003300 secs] [Times: user=0.00 sys=0.00, real=0.00 secs] 
111.469: Total time for which application threads were stopped: 0.0004250 seconds, Stopping threads took: 0.0000470 seconds
111.497: Application time: 0.0277010 seconds
111.497: [GC [PSYoungGen: 7134K->512K(7680K)] 12363K->5741K(24576K), 0.0003980 secs] [Times: user=0.00 sys=0.00, real=0.00 secs] 
111.497: Total time for which application threads were stopped: 0.0004900 seconds, Stopping threads took: 0.0000420 seconds
111.518: Application time: 0.0208070 seconds
111.518: [GC [PSYoungGen: 7165K->736K(7680K)] 12394K->5965K(24576K), 0.0003570 secs] [Times: user=0.00 sys=0.00, real=0.00 secs] 
111.518: Total time for which application threads were stopped: 0.0004590 seconds, Stopping threads took: 0.0000520 seconds
111.539: Application time: 0.0204760 seconds
111.539: [GC [PSYoungGen: 7390K->736K(7680K)] 12619K->5965K(24576K), 0.0004080 secs] [Times: user=0.00 sys=0.00, real=0.00 secs] 
111.539: Total time for which application threads were stopped: 0.0004990 seconds, Stopping threads took: 0.0000400 seconds
111.564: Application time: 0.0251090 seconds
111.565: [GC [PSYoungGen: 7388K->736K(7680K)] 12617K->5965K(24576K), 0.0003530 secs] [Times: user=0.00 sys=0.00, real=0.00 secs] 
111.565: Total time for which application threads were stopped: 0.0004490 seconds, Stopping threads took: 0.0000460 seconds
111.592: Application time: 0.0271290 seconds
111.592: [GC [PSYoungGen: 7390K->896K(7680K)] 12619K->6125K(24576K), 0.0003670 secs] [Times: user=0.00 sys=0.00, real=0.00 secs] 
111.592: Total time for which application threads were stopped: 0.0004590 seconds, Stopping threads took: 0.0000390 seconds
111.612: Application time: 0.0198900 seconds
111.612: [GC [PSYoungGen: 7552K->800K(7680K)] 12781K->6029K(24576K), 0.0003880 secs] [Times: user=0.00 sys=0.00, real=0.00 secs] 
111.613: Total time for which application threads were stopped: 0.0004840 seconds, Stopping threads took: 0.0000410 seconds
111.634: Application time: 0.0210200 seconds
111.634: [GC [PSYoungGen: 7454K->848K(7680K)] 12683K->6077K(24576K), 0.0005050 secs] [Times: user=0.00 sys=0.00, real=0.00 secs] 
111.634: Total time for which application threads were stopped: 0.0006040 seconds, Stopping threads took: 0.0000400 seconds
111.661: Application time: 0.0267430 seconds
111.661: [GC [PSYoungGen: 7502K->992K(7680K)] 12731K->6221K(24576K), 0.0004130 secs] [Times: user=0.01 sys=0.00, real=0.00 secs] 
111.662: Total time for which application threads were stopped: 0.0005160 seconds, Stopping threads took: 0.0000500 seconds
111.690: Application time: 0.0286360 seconds
111.690: [GC [PSYoungGen: 7644K->976K(7680K)] 12873K->6205K(24576K), 0.0003990 secs] [Times: user=0.01 sys=0.00, real=0.00 secs] 
111.691: Total time for which application threads were stopped: 0.0005110 seconds, Stopping threads took: 0.0000480 seconds
111.714: Application time: 0.0226760 seconds
111.715: [GC [PSYoungGen: 7612K->960K(7680K)] 12841K->6317K(24576K), 0.0004360 secs] [Times: user=0.00 sys=0.00, real=0.00 secs] 
111.715: Total time for which application threads were stopped: 0.0016890 seconds, Stopping threads took: 0.0011910 seconds
111.735: Application time: 0.0201570 seconds
111.736: [GC [PSYoungGen: 7613K->992K(7680K)] 12971K->6349K(24576K), 0.0004450 secs] [Times: user=0.00 sys=0.00, real=0.00 secs] 
111.736: Total time for which application threads were stopped: 0.0005550 seconds, Stopping threads took: 0.0000560 seconds
111.759: Application time: 0.0229380 seconds
111.763: [GC [PSYoungGen: 7637K->960K(7680K)] 12994K->6317K(24576K), 0.0004270 secs] [Times: user=0.00 sys=0.00, real=0.00 secs] 
111.763: Total time for which application threads were stopped: 0.0043400 seconds, Stopping threads took: 0.0038560 seconds
111.790: Application time: 0.0270300 seconds
111.795: [GC [PSYoungGen: 7614K->960K(7680K)] 12971K->6445K(24576K), 0.0005030 secs] [Times: user=0.00 sys=0.00, real=0.00 secs] 
111.796: Total time for which application threads were stopped: 0.0052680 seconds, Stopping threads took: 0.0047060 seconds
111.824: Application time: 0.0279590 seconds
111.824: [GC [PSYoungGen: 7612K->992K(7680K)] 13097K->6549K(24576K), 0.0004560 secs] [Times: user=0.00 sys=0.00, real=0.00 secs] 
111.824: Total time for which application threads were stopped: 0.0006030 seconds, Stopping threads took: 0.0000920 seconds
111.853: Application time: 0.0291140 seconds
111.853: [GC [PSYoungGen: 7646K->992K(7680K)] 13203K->6549K(24576K), 0.0004230 secs] [Times: user=0.00 sys=0.00, real=0.00 secs] 
111.854: Total time for which application threads were stopped: 0.0005230 seconds, Stopping threads took: 0.0000450 seconds
111.881: Application time: 0.0271490 seconds
111.881: [GC [PSYoungGen: 7646K->1008K(7680K)] 13203K->6757K(24576K), 0.0004370 secs] [Times: user=0.00 sys=0.00, real=0.00 secs] 
111.881: Total time for which application threads were stopped: 0.0005260 seconds, Stopping threads took: 0.0000340 seconds
111.911: Application time: 0.0290690 seconds
111.911: [GC [PSYoungGen: 7662K->912K(7680K)] 13412K->6789K(24576K), 0.0004550 secs] [Times: user=0.00 sys=0.00, real=0.00 secs] 
111.911: Total time for which application threads were stopped: 0.0005680 seconds, Stopping threads took: 0.0000550 seconds
111.939: Application time: 0.0282140 seconds
111.939: Total time for which application threads were stopped: 0.0000790 seconds, Stopping threads took: 0.0000580 seconds
111.939: Application time: 0.0000390 seconds
111.939: [GC [PSYoungGen: 7490K->992K(7680K)] 13496K->7069K(24576K), 0.0004790 secs] [Times: user=0.00 sys=0.00, real=0.00 secs] 
111.940: Total time for which application threads were stopped: 0.0005470 seconds, Stopping threads took: 0.0000250 seconds
111.970: Application time: 0.0296300 seconds
111.970: [GC [PSYoungGen: 7647K->960K(7680K)] 14010K->7450K(24576K), 0.0004530 secs] [Times: user=0.00 sys=0.00, real=0.00 secs] 
111.970: Total time for which application threads were stopped: 0.0005610 seconds, Stopping threads took: 0.0000520 seconds
111.994: Application time: 0.0241810 seconds
111.994: [GC [PSYoungGen: 7614K->992K(7680K)] 14104K->7530K(24576K), 0.0004480 secs] [Times: user=0.00 sys=0.00, real=0.00 secs] 
111.995: Total time for which application threads were stopped: 0.0005570 seconds, Stopping threads took: 0.0000520 seconds
112.014: Application time: 0.0188180 seconds
112.014: [GC [PSYoungGen: 7643K->1008K(7680K)] 14182K->7851K(24576K), 0.0004760 secs] [Times: user=0.00 sys=0.00, real=0.00 secs] 
112.014: Total time for which application threads were stopped: 0.0005830 seconds, Stopping threads took: 0.0000510 seconds
112.030: Application time: 0.0158150 seconds
112.030: [GC [PSYoungGen: 7559K->992K(7680K)] 14402K->8011K(24576K), 0.0004580 secs] [Times: user=0.00 sys=0.00, real=0.00 secs] 
112.031: Total time for which application threads were stopped: 0.0005770 seconds, Stopping threads took: 0.0000580 seconds
112.050: Application time: 0.0193200 seconds
112.050: [GC [PSYoungGen: 7647K->992K(7680K)] 14666K->8327K(24576K), 0.0005250 secs] [Times: user=0.01 sys=0.00, real=0.00 secs] 
112.051: Total time for which application threads were stopped: 0.0006190 seconds, Stopping threads took: 0.0000380 seconds
112.074: Application time: 0.0230820 seconds
112.074: [GC [PSYoungGen: 7645K->1008K(7680K)] 14980K->8475K(24576K), 0.0004850 secs] [Times: user=0.00 sys=0.00, real=0.00 secs] 
112.074: Total time for which application threads were stopped: 0.0005810 seconds, Stopping threads took: 0.0000420 seconds
112.094: Application time: 0.0198920 seconds
112.095: [GC [PSYoungGen: 7661K->1008K(7680K)] 15128K->8739K(24576K), 0.0004900 secs] [Times: user=0.00 sys=0.00, real=0.00 secs] 
112.095: Total time for which application threads were stopped: 0.0011110 seconds, Stopping threads took: 0.0005660 seconds
112.116: Application time: 0.0205780 seconds
112.116: [GC [PSYoungGen: 7661K->992K(7680K)] 15392K->8791K(24576K), 0.0004980 secs] [Times: user=0.00 sys=0.00, real=0.00 secs] 
112.117: Total time for which application threads were stopped: 0.0006110 seconds, Stopping threads took: 0.0000570 seconds
112.141: Application time: 0.0244600 seconds
112.141: [GC [PSYoungGen: 7645K->1008K(7680K)] 15445K->9339K(24576K), 0.0005340 secs] [Times: user=0.00 sys=0.00, real=0.00 secs] 
112.142: Total time for which application threads were stopped: 0.0006530 seconds, Stopping threads took: 0.0000620 seconds
112.170: Application time: 0.0285730 seconds
112.170: [GC [PSYoungGen: 7660K->992K(7680K)] 15992K->9395K(24576K), 0.0004650 secs] [Times: user=0.00 sys=0.00, real=0.00 secs] 
112.171: Total time for which application threads were stopped: 0.0005780 seconds, Stopping threads took: 0.0000570 seconds
112.199: Application time: 0.0279190 seconds
112.199: [GC [PSYoungGen: 7646K->1008K(7680K)] 16050K->9435K(24576K), 0.0004860 secs] [Times: user=0.00 sys=0.00, real=0.00 secs] 
112.199: Total time for which application threads were stopped: 0.0005920 seconds, Stopping threads took: 0.0000520 seconds
112.228: Application time: 0.0290860 seconds
112.228: [GC [PSYoungGen: 7662K->928K(7680K)] 16090K->9355K(24576K), 0.0004630 secs] [Times: user=0.00 sys=0.00, real=0.00 secs] 
112.229: Total time for which application threads were stopped: 0.0005690 seconds, Stopping threads took: 0.0000430 seconds
112.258: Application time: 0.0290870 seconds
112.258: [GC [PSYoungGen: 7582K->992K(7680K)] 16010K->9459K(24576K), 0.0004210 secs] [Times: user=0.00 sys=0.00, real=0.00 secs] 
112.259: Total time for which application threads were stopped: 0.0005240 seconds, Stopping threads took: 0.0000520 seconds
112.288: Application time: 0.0290300 seconds
112.288: [GC [PSYoungGen: 7646K->960K(7680K)] 16114K->9427K(24576K), 0.0004570 secs] [Times: user=0.00 sys=0.00, real=0.00 secs] 
112.288: Total time for which application threads were stopped: 0.0005650 seconds, Stopping threads took: 0.0000570 seconds
112.317: Application time: 0.0291580 seconds
112.317: [GC [PSYoungGen: 7614K->992K(7680K)] 16082K->9459K(24576K), 0.0004200 secs] [Times: user=0.00 sys=0.00, real=0.00 secs] 
112.318: Total time for which application threads were stopped: 0.0005220 seconds, Stopping threads took: 0.0000500 seconds
112.347: Application time: 0.0291060 seconds
112.347: [GC [PSYoungGen: 7646K->800K(7680K)] 16114K->9443K(24576K), 0.0004670 secs] [Times: user=0.00 sys=0.00, real=0.00 secs] 
112.348: Total time for which application threads were stopped: 0.0005580 seconds, Stopping threads took: 0.0000390 seconds
112.376: Application time: 0.0289750 seconds
112.377: [GC [PSYoungGen: 7454K->832K(7680K)] 16098K->9475K(24576K), 0.0004710 secs] [Times: user=0.00 sys=0.00, real=0.00 secs] 
112.377: Total time for which application threads were stopped: 0.0005600 seconds, Stopping threads took: 0.0000380 seconds
112.406: Application time: 0.0291140 seconds
112.406: [GC [PSYoungGen: 7486K->800K(7680K)] 16130K->9483K(24576K), 0.0004190 secs] [Times: user=0.00 sys=0.00, real=0.00 secs] 
112.407: Total time for which application threads were stopped: 0.0005190 seconds, Stopping threads took: 0.0000490 seconds
112.434: Application time: 0.0275550 seconds
112.434: [GC [PSYoungGen: 7454K->1008K(7680K)] 16137K->9699K(24576K), 0.0004490 secs] [Times: user=0.00 sys=0.00, real=0.00 secs] 
112.435: Total time for which application threads were stopped: 0.0005460 seconds, Stopping threads took: 0.0000420 seconds
112.462: Application time: 0.0275610 seconds
112.462: [GC [PSYoungGen: 7662K->992K(7680K)] 16353K->9851K(24576K), 0.0004670 secs] [Times: user=0.01 sys=0.00, real=0.00 secs] 
112.463: Total time for which application threads were stopped: 0.0005640 seconds, Stopping threads took: 0.0000420 seconds
112.492: Application time: 0.0291070 seconds
112.492: [GC [PSYoungGen: 7646K->992K(7680K)] 16506K->9904K(24576K), 0.0004310 secs] [Times: user=0.00 sys=0.00, real=0.00 secs] 
112.493: Total time for which application threads were stopped: 0.0005340 seconds, Stopping threads took: 0.0000500 seconds
112.520: Application time: 0.0279270 seconds
112.521: [GC [PSYoungGen: 7646K->928K(7680K)] 16558K->9896K(24576K), 0.0004590 secs] [Times: user=0.01 sys=0.00, real=0.00 secs] 
112.521: Total time for which application threads were stopped: 0.0005680 seconds, Stopping threads took: 0.0000550 seconds
112.551: Application time: 0.0295790 seconds
112.551: [GC [PSYoungGen: 7582K->896K(7680K)] 16551K->9944K(24576K), 0.0004440 secs] [Times: user=0.00 sys=0.00, real=0.00 secs] 
112.551: Total time for which application threads were stopped: 0.0005500 seconds, Stopping threads took: 0.0000530 seconds
112.581: Application time: 0.0299300 seconds
112.581: [GC [PSYoungGen: 7548K->640K(7680K)] 16596K->9901K(24576K), 0.0004370 secs] [Times: user=0.00 sys=0.00, real=0.00 secs] 
112.582: Total time for which application threads were stopped: 0.0005470 seconds, Stopping threads took: 0.0000570 seconds
112.611: Application time: 0.0295390 seconds
112.611: [GC [PSYoungGen: 7294K->704K(7680K)] 16555K->9965K(24576K), 0.0003960 secs] [Times: user=0.00 sys=0.00, real=0.00 secs] 
112.612: Total time for which application threads were stopped: 0.0004890 seconds, Stopping threads took: 0.0000440 seconds
112.642: Application time: 0.0301320 seconds
112.642: [GC [PSYoungGen: 7356K->672K(7680K)] 16617K->9941K(24576K), 0.0004080 secs] [Times: user=0.00 sys=0.00, real=0.00 secs] 
112.642: Total time for which application threads were stopped: 0.0005320 seconds, Stopping threads took: 0.0000640 seconds
112.672: Application time: 0.0295230 seconds
112.672: [GC [PSYoungGen: 7326K->736K(7680K)] 16595K->10005K(24576K), 0.0003500 secs] [Times: user=0.00 sys=0.00, real=0.00 secs] 
112.672: Total time for which application threads were stopped: 0.0004630 seconds, Stopping threads took: 0.0000610 seconds
112.702: Application time: 0.0297780 seconds
112.702: [GC [PSYoungGen: 7390K->960K(7680K)] 16659K->10229K(24576K), 0.0004020 secs] [Times: user=0.00 sys=0.00, real=0.00 secs] 
112.703: Total time for which application threads were stopped: 0.0005130 seconds, Stopping threads took: 0.0000550 seconds
112.732: Application time: 0.0294520 seconds
112.732: [GC [PSYoungGen: 7614K->672K(7680K)] 16883K->9941K(24576K), 0.0004020 secs] [Times: user=0.00 sys=0.00, real=0.00 secs] 
112.733: Total time for which application threads were stopped: 0.0005190 seconds, Stopping threads took: 0.0000540 seconds
112.762: Application time: 0.0294660 seconds
112.762: [GC [PSYoungGen: 7326K->704K(7680K)] 16595K->9973K(24576K), 0.0003490 secs] [Times: user=0.00 sys=0.00, real=0.00 secs] 
112.763: Total time for which application threads were stopped: 0.0004380 seconds, Stopping threads took: 0.0000390 seconds
112.792: Application time: 0.0294560 seconds
112.792: [GC [PSYoungGen: 7358K->672K(7680K)] 16627K->9941K(24576K), 0.0003540 secs] [Times: user=0.01 sys=0.00, real=0.00 secs] 
112.792: Total time for which application threads were stopped: 0.0004550 seconds, Stopping threads took: 0.0000500 seconds
112.822: Application time: 0.0295480 seconds
112.822: [GC [PSYoungGen: 7326K->704K(7680K)] 16595K->9973K(24576K), 0.0004250 secs] [Times: user=0.00 sys=0.00, real=0.00 secs] 
112.823: Total time for which application threads were stopped: 0.0005250 seconds, Stopping threads took: 0.0000470 seconds
112.852: Application time: 0.0295200 seconds
112.852: [GC [PSYoungGen: 7358K->736K(7680K)] 16627K->10005K(24576K), 0.0003580 secs] [Times: user=0.00 sys=0.00, real=0.00 secs] 
112.852: Total time for which application threads were stopped: 0.0004490 seconds, Stopping threads took: 0.0000390 seconds
112.882: Application time: 0.0296450 seconds
112.882: [GC [PSYoungGen: 7390K->544K(7680K)] 16659K->10037K(24576K), 0.0004190 secs] [Times: user=0.00 sys=0.00, real=0.00 secs] 
112.883: Total time for which application threads were stopped: 0.0005160 seconds, Stopping threads took: 0.0000430 seconds
112.912: Application time: 0.0295400 seconds
112.912: [GC [PSYoungGen: 7198K->320K(7680K)] 16691K->10025K(24576K), 0.0003310 secs] [Times: user=0.00 sys=0.00, real=0.00 secs] 
112.913: Total time for which application threads were stopped: 0.0004240 seconds, Stopping threads took: 0.0000430 seconds
112.942: Application time: 0.0294210 seconds
112.942: [GC [PSYoungGen: 6974K->352K(7680K)] 16680K->10057K(24576K), 0.0003330 secs] [Times: user=0.00 sys=0.00, real=0.00 secs] 
112.942: Total time for which application threads were stopped: 0.0004370 seconds, Stopping threads took: 0.0000550 seconds
112.972: Application time: 0.0296730 seconds
112.975: [GC [PSYoungGen: 7004K->0K(7680K)] 16709K->9926K(24576K), 0.0003300 secs] [Times: user=0.00 sys=0.00, real=0.00 secs] 
112.975: Total time for which application threads were stopped: 0.0030060 seconds, Stopping threads took: 0.0026240 seconds
113.005: Application time: 0.0295290 seconds
113.005: [GC [PSYoungGen: 6654K->0K(7680K)] 16580K->9926K(24576K), 0.0002870 secs] [Times: user=0.00 sys=0.00, real=0.00 secs] 
113.005: Total time for which application threads were stopped: 0.0003910 seconds, Stopping threads took: 0.0000570 seconds
113.035: Application time: 0.0294970 seconds
113.035: [GC [PSYoungGen: 6654K->0K(7680K)] 16580K->9926K(24576K), 0.0003100 secs] [Times: user=0.00 sys=0.00, real=0.00 secs] 
113.035: Total time for which application threads were stopped: 0.0004020 seconds, Stopping threads took: 0.0000410 seconds
113.065: Application time: 0.0295310 seconds
113.065: [GC [PSYoungGen: 6654K->0K(7680K)] 16580K->9926K(24576K), 0.0002850 secs] [Times: user=0.00 sys=0.00, real=0.00 secs] 
113.065: Total time for which application threads were stopped: 0.0003790 seconds, Stopping threads took: 0.0000440 seconds
113.087: Application time: 0.0219280 seconds
113.087: [GC [PSYoungGen: 6652K->384K(7680K)] 16578K->10310K(24576K), 0.0003240 secs] [Times: user=0.01 sys=0.00, real=0.00 secs] 
113.087: Total time for which application threads were stopped: 0.0004210 seconds, Stopping threads took: 0.0000460 seconds
113.108: Application time: 0.0207380 seconds
113.108: [GC [PSYoungGen: 7038K->256K(7680K)] 16964K->10182K(24576K), 0.0003530 secs] [Times: user=0.00 sys=0.00, real=0.00 secs] 
113.108: Total time for which application threads were stopped: 0.0004540 seconds, Stopping threads took: 0.0000510 seconds
113.134: Application time: 0.0257510 seconds
113.135: [GC [PSYoungGen: 6907K->416K(7680K)] 16834K->10342K(24576K), 0.0003040 secs] [Times: user=0.00 sys=0.00, real=0.00 secs] 
113.135: Total time for which application threads were stopped: 0.0009310 seconds, Stopping threads took: 0.0005790 seconds
113.164: Application time: 0.0290350 seconds
113.164: [GC [PSYoungGen: 7070K->352K(7680K)] 16996K->10278K(24576K), 0.0003060 secs] [Times: user=0.00 sys=0.00, real=0.00 secs] 
113.165: Total time for which application threads were stopped: 0.0003970 seconds, Stopping threads took: 0.0000430 seconds
113.185: Application time: 0.0203270 seconds
113.185: [GC [PSYoungGen: 7005K->576K(7680K)] 16931K->10502K(24576K), 0.0003560 secs] [Times: user=0.00 sys=0.00, real=0.00 secs] 
113.185: Total time for which application threads were stopped: 0.0004620 seconds, Stopping threads took: 0.0000470 seconds
113.207: Application time: 0.0211640 seconds
113.207: [GC [PSYoungGen: 7229K->480K(7680K)] 17155K->10406K(24576K), 0.0003510 secs] [Times: user=0.00 sys=0.00, real=0.01 secs] 
113.207: Total time for which application threads were stopped: 0.0004530 seconds, Stopping threads took: 0.0000520 seconds
113.233: Application time: 0.0255820 seconds
113.233: [GC [PSYoungGen: 7131K->512K(7680K)] 17058K->10438K(24576K), 0.0003390 secs] [Times: user=0.00 sys=0.00, real=0.00 secs] 
113.233: Total time for which application threads were stopped: 0.0004490 seconds, Stopping threads took: 0.0000540 seconds
113.255: Application time: 0.0223540 seconds
113.255: [GC [PSYoungGen: 7164K->768K(7680K)] 17090K->10694K(24576K), 0.0004190 secs] [Times: user=0.00 sys=0.00, real=0.00 secs] 
113.256: Total time for which application threads were stopped: 0.0005140 seconds, Stopping threads took: 0.0000440 seconds
113.276: Application time: 0.0205260 seconds
113.276: [GC [PSYoungGen: 7422K->704K(7680K)] 17348K->10630K(24576K), 0.0003400 secs] [Times: user=0.01 sys=0.00, real=0.00 secs] 
113.277: Total time for which application threads were stopped: 0.0004410 seconds, Stopping threads took: 0.0000510 seconds
113.300: Application time: 0.0234470 seconds
113.300: [GC [PSYoungGen: 7359K->640K(7680K)] 17285K->10566K(24576K), 0.0004060 secs] [Times: user=0.00 sys=0.00, real=0.00 secs] 
113.301: Total time for which application threads were stopped: 0.0005000 seconds, Stopping threads took: 0.0000430 seconds
113.329: Application time: 0.0286160 seconds
113.329: [GC [PSYoungGen: 7292K->640K(7680K)] 17218K->10566K(24576K), 0.0003980 secs] [Times: user=0.00 sys=0.00, real=0.00 secs] 
113.330: Total time for which application threads were stopped: 0.0005020 seconds, Stopping threads took: 0.0000510 seconds
113.350: Application time: 0.0199320 seconds
113.350: [GC [PSYoungGen: 7294K->928K(7680K)] 17220K->10854K(24576K), 0.0003920 secs] [Times: user=0.01 sys=0.00, real=0.00 secs] 
113.350: Total time for which application threads were stopped: 0.0004890 seconds, Stopping threads took: 0.0000450 seconds
113.370: Application time: 0.0201040 seconds
113.371: [GC [PSYoungGen: 7582K->992K(7680K)] 17509K->10918K(24576K), 0.0004040 secs] [Times: user=0.00 sys=0.00, real=0.00 secs] 
113.371: Total time for which application threads were stopped: 0.0005070 seconds, Stopping threads took: 0.0000490 seconds
113.397: Application time: 0.0258780 seconds
113.397: [GC [PSYoungGen: 7646K->912K(7680K)] 17572K->10838K(24576K), 0.0003940 secs] [Times: user=0.00 sys=0.00, real=0.00 secs] 
113.397: Total time for which application threads were stopped: 0.0004940 seconds, Stopping threads took: 0.0000480 seconds
113.425: Application time: 0.0280820 seconds
113.425: [GC [PSYoungGen: 7508K->992K(7680K)] 17434K->10918K(24576K), 0.0004640 secs] [Times: user=0.00 sys=0.00, real=0.00 secs] 
113.426: Total time for which application threads were stopped: 0.0005680 seconds, Stopping threads took: 0.0000490 seconds
113.445: Application time: 0.0192400 seconds
113.445: [GC [PSYoungGen: 7646K->1008K(7680K)] 17572K->11070K(24576K), 0.0004450 secs] [Times: user=0.00 sys=0.00, real=0.00 secs] 
113.446: Total time for which application threads were stopped: 0.0005450 seconds, Stopping threads took: 0.0000490 seconds
113.467: Application time: 0.0208990 seconds
113.467: [GC [PSYoungGen: 7661K->960K(7680K)] 17723K->11022K(24576K), 0.0004460 secs] [Times: user=0.00 sys=0.00, real=0.00 secs] 
113.467: Total time for which application threads were stopped: 0.0005660 seconds, Stopping threads took: 0.0000590 seconds
113.492: Application time: 0.0250850 seconds
113.492: [GC [PSYoungGen: 7612K->1008K(7680K)] 17674K->11206K(24576K), 0.0004840 secs] [Times: user=0.00 sys=0.00, real=0.00 secs] 
113.493: Total time for which application threads were stopped: 0.0005920 seconds, Stopping threads took: 0.0000530 seconds
113.521: Application time: 0.0278040 seconds
113.521: [GC [PSYoungGen: 7660K->992K(7680K)] 17858K->11250K(24576K), 0.0004550 secs] [Times: user=0.00 sys=0.00, real=0.00 secs] 
113.521: Total time for which application threads were stopped: 0.0005520 seconds, Stopping threads took: 0.0000440 seconds
113.550: Application time: 0.0282530 seconds
113.550: [GC [PSYoungGen: 7644K->992K(7680K)] 17902K->11290K(24576K), 0.0004290 secs] [Times: user=0.00 sys=0.00, real=0.00 secs] 
113.550: Total time for which application threads were stopped: 0.0005380 seconds, Stopping threads took: 0.0000560 seconds
113.579: Application time: 0.0289880 seconds
113.579: [GC [PSYoungGen: 7646K->992K(7680K)] 17945K->11290K(24576K), 0.0004060 secs] [Times: user=0.00 sys=0.00, real=0.00 secs] 
113.580: Total time for which application threads were stopped: 0.0005050 seconds, Stopping threads took: 0.0000450 seconds
113.607: Application time: 0.0277860 seconds
113.607: [GC [PSYoungGen: 7644K->1008K(7680K)] 17943K->11498K(24576K), 0.0004440 secs] [Times: user=0.00 sys=0.00, real=0.00 secs] 
113.608: Total time for which application threads were stopped: 0.0005420 seconds, Stopping threads took: 0.0000430 seconds
113.637: Application time: 0.0286360 seconds
113.637: [GC [PSYoungGen: 7660K->992K(7680K)] 18150K->11658K(24576K), 0.0005430 secs] [Times: user=0.00 sys=0.00, real=0.00 secs] 
113.637: Total time for which application threads were stopped: 0.0006620 seconds, Stopping threads took: 0.0000560 seconds
113.667: Application time: 0.0301550 seconds
113.667: [GC [PSYoungGen: 7645K->1008K(7680K)] 18312K->11698K(24576K), 0.0004620 secs] [Times: user=0.00 sys=0.00, real=0.00 secs] 
113.668: Total time for which application threads were stopped: 0.0005610 seconds, Stopping threads took: 0.0000400 seconds
113.695: Application time: 0.0273040 seconds
113.695: [GC [PSYoungGen: 7661K->992K(7680K)] 18352K->11755K(24576K), 0.0004410 secs] [Times: user=0.00 sys=0.00, real=0.00 secs] 
113.696: Total time for which application threads were stopped: 0.0005420 seconds, Stopping threads took: 0.0000460 seconds
113.725: Application time: 0.0290590 seconds
113.725: [GC [PSYoungGen: 7644K->1008K(7680K)] 18407K->11771K(24576K), 0.0004270 secs] [Times: user=0.00 sys=0.00, real=0.00 secs] 
113.725: Total time for which application threads were stopped: 0.0005320 seconds, Stopping threads took: 0.0000480 seconds
113.749: Application time: 0.0234720 seconds
113.749: [GC [PSYoungGen: 7660K->992K(7680K)] 18424K->12119K(24576K), 0.0005640 secs] [Times: user=0.00 sys=0.00, real=0.00 secs] 
113.750: Total time for which application threads were stopped: 0.0006780 seconds, Stopping threads took: 0.0000490 seconds
113.765: Application time: 0.0153680 seconds
113.765: [GC [PSYoungGen: 7647K->1008K(7680K)] 18775K->12244K(24576K), 0.0004660 secs] [Times: user=0.00 sys=0.00, real=0.00 secs] 
113.765: Total time for which application threads were stopped: 0.0005760 seconds, Stopping threads took: 0.0000550 seconds
113.781: Application time: 0.0155520 seconds
113.781: [GC [PSYoungGen: 7661K->1008K(7680K)] 18897K->12444K(24576K), 0.0004680 secs] [Times: user=0.00 sys=0.00, real=0.00 secs] 
113.782: Total time for which application threads were stopped: 0.0005620 seconds, Stopping threads took: 0.0000420 seconds
113.802: Application time: 0.0203700 seconds
113.802: [GC [PSYoungGen: 7662K->1008K(7680K)] 19098K->12828K(24576K), 0.0004960 secs] [Times: user=0.01 sys=0.00, real=0.00 secs] 
113.803: Total time for which application threads were stopped: 0.0005990 seconds, Stopping threads took: 0.0000490 seconds
113.822: Application time: 0.0199550 seconds
113.823: [GC [PSYoungGen: 7663K->1008K(7680K)] 19484K->13036K(24576K), 0.0004680 secs] [Times: user=0.00 sys=0.00, real=0.00 secs] 
113.823: Total time for which application threads were stopped: 0.0005870 seconds, Stopping threads took: 0.0000620 seconds
113.844: Application time: 0.0205080 seconds
113.844: [GC [PSYoungGen: 7659K->1008K(7680K)] 19688K->13092K(24576K), 0.0004440 secs] [Times: user=0.00 sys=0.00, real=0.00 secs] 
113.844: Total time for which application threads were stopped: 0.0005540 seconds, Stopping threads took: 0.0000550 seconds
113.866: Application time: 0.0222730 seconds
113.867: [GC [PSYoungGen: 7664K->992K(7680K)] 19748K->13724K(24576K), 0.0005640 secs] [Times: user=0.00 sys=0.00, real=0.01 secs] 
113.867: Total time for which application threads were stopped: 0.0006770 seconds, Stopping threads took: 0.0000540 seconds
113.895: Application time: 0.0281930 seconds
113.895: [GC [PSYoungGen: 7643K->992K(7680K)] 20376K->13976K(24576K), 0.0005670 secs] [Times: user=0.00 sys=0.00, real=0.00 secs] 
113.896: Total time for which application threads were stopped: 0.0006660 seconds, Stopping threads took: 0.0000460 seconds
113.924: Application time: 0.0278770 seconds
113.924: [GC [PSYoungGen: 7645K->1008K(7680K)] 20630K->14184K(24576K), 0.0005340 secs] [Times: user=0.00 sys=0.00, real=0.00 secs] 
113.924: Total time for which application threads were stopped: 0.0006390 seconds, Stopping threads took: 0.0000500 seconds
113.954: Application time: 0.0290530 seconds
113.954: [GC [PSYoungGen: 7662K->976K(7680K)] 20839K->14152K(24576K), 0.0004420 secs] [Times: user=0.00 sys=0.00, real=0.00 secs] 
113.954: Total time for which application threads were stopped: 0.0005320 seconds, Stopping threads took: 0.0000370 seconds
113.983: Application time: 0.0289010 seconds
113.983: [GC [PSYoungGen: 7630K->960K(7680K)] 20807K->14176K(24576K), 0.0004230 secs] [Times: user=0.01 sys=0.00, real=0.00 secs] 
113.984: Total time for which application threads were stopped: 0.0005330 seconds, Stopping threads took: 0.0000550 seconds
114.013: Application time: 0.0294790 seconds
114.013: [GC [PSYoungGen: 7614K->800K(7680K)] 20831K->14213K(24576K), 0.0004260 secs] [Times: user=0.00 sys=0.00, real=0.00 secs] 
114.014: Total time for which application threads were stopped: 0.0005340 seconds, Stopping threads took: 0.0000550 seconds
114.043: Application time: 0.0290500 seconds
114.043: [GC [PSYoungGen: 7452K->848K(7680K)] 20865K->14261K(24576K), 0.0004120 secs] [Times: user=0.01 sys=0.00, real=0.00 secs] 
114.043: Total time for which application threads were stopped: 0.0005330 seconds, Stopping threads took: 0.0000670 seconds
114.072: Application time: 0.0291530 seconds
114.072: [GC [PSYoungGen: 7502K->832K(7680K)] 20916K->14261K(24576K), 0.0003900 secs] [Times: user=0.00 sys=0.00, real=0.00 secs] 
114.073: Total time for which application threads were stopped: 0.0004970 seconds, Stopping threads took: 0.0000550 seconds
114.102: Application time: 0.0290010 seconds
114.102: [GC [PSYoungGen: 7486K->768K(7680K)] 20916K->14197K(24576K), 0.0004010 secs] [Times: user=0.00 sys=0.00, real=0.00 secs] 
114.102: Total time for which application threads were stopped: 0.0004950 seconds, Stopping threads took: 0.0000420 seconds
114.131: Application time: 0.0290190 seconds
114.131: [GC [PSYoungGen: 7422K->784K(7680K)] 20852K->14237K(24576K), 0.0004070 secs] [Times: user=0.01 sys=0.00, real=0.00 secs] 
114.132: Total time for which application threads were stopped: 0.0005120 seconds, Stopping threads took: 0.0000540 seconds
114.161: Application time: 0.0290210 seconds
114.161: [GC [PSYoungGen: 7438K->736K(7680K)] 20892K->14277K(24576K), 0.0004080 secs] [Times: user=0.00 sys=0.00, real=0.00 secs] 
114.161: Total time for which application threads were stopped: 0.0005100 seconds, Stopping threads took: 0.0000490 seconds
114.187: Application time: 0.0257580 seconds
114.187: [GC [PSYoungGen: 7388K->992K(7680K)] 20930K->14610K(24576K), 0.0004390 secs] [Times: user=0.00 sys=0.00, real=0.00 secs] 
114.188: Total time for which application threads were stopped: 0.0005420 seconds, Stopping threads took: 0.0000470 seconds
114.217: Application time: 0.0290400 seconds
114.217: [GC [PSYoungGen: 7646K->928K(7680K)] 21264K->14618K(24576K), 0.0004610 secs] [Times: user=0.00 sys=0.00, real=0.00 secs] 
114.217: Total time for which application threads were stopped: 0.0005610 seconds, Stopping threads took: 0.0000480 seconds
114.245: Application time: 0.0275030 seconds
114.247: [GC [PSYoungGen: 7582K->928K(7680K)] 21272K->14694K(24576K), 0.0004170 secs] [Times: user=0.01 sys=0.00, real=0.00 secs] 
114.247: Total time for which application threads were stopped: 0.0025190 seconds, Stopping threads took: 0.0020370 seconds
114.277: Application time: 0.0299390 seconds
114.277: [GC [PSYoungGen: 7580K->832K(7680K)] 21346K->14598K(24576K), 0.0004060 secs] [Times: user=0.00 sys=0.00, real=0.00 secs] 
114.278: Total time for which application threads were stopped: 0.0005180 seconds, Stopping threads took: 0.0000490 seconds
114.307: Application time: 0.0296070 seconds
114.307: [GC [PSYoungGen: 7486K->864K(7680K)] 21253K->14739K(24576K), 0.0003860 secs] [Times: user=0.00 sys=0.00, real=0.00 secs] 
114.308: Total time for which application threads were stopped: 0.0004730 seconds, Stopping threads took: 0.0000360 seconds
114.337: Application time: 0.0295170 seconds
114.337: [GC [PSYoungGen: 7518K->768K(7680K)] 21393K->14811K(24576K), 0.0003650 secs] [Times: user=0.00 sys=0.00, real=0.00 secs] 
114.338: Total time for which application threads were stopped: 0.0004660 seconds, Stopping threads took: 0.0000470 seconds
114.367: Application time: 0.0295550 seconds
114.367: [GC [PSYoungGen: 7422K->640K(7680K)] 21465K->14683K(24576K), 0.0003970 secs] [Times: user=0.00 sys=0.00, real=0.00 secs] 
114.368: Total time for which application threads were stopped: 0.0004860 seconds, Stopping threads took: 0.0000360 seconds
114.398: Application time: 0.0297670 seconds
114.398: [GC [PSYoungGen: 7294K->672K(7680K)] 21337K->14715K(24576K), 0.0003740 secs] [Times: user=0.00 sys=0.00, real=0.00 secs] 
114.398: Total time for which application threads were stopped: 0.0004700 seconds, Stopping threads took: 0.0000420 seconds
114.427: Application time: 0.0293590 seconds
114.428: [GC [PSYoungGen: 7326K->672K(7680K)] 21369K->14715K(24576K), 0.0004310 secs] [Times: user=0.00 sys=0.00, real=0.00 secs] 
114.428: Total time for which application threads were stopped: 0.0005340 seconds, Stopping threads took: 0.0000530 seconds
114.457: Application time: 0.0295060 seconds
114.458: [GC [PSYoungGen: 7326K->704K(7680K)] 21369K->14747K(24576K), 0.0004140 secs] [Times: user=0.01 sys=0.00, real=0.00 secs] 
114.458: Total time for which application threads were stopped: 0.0005200 seconds, Stopping threads took: 0.0000540 seconds
114.488: Application time: 0.0295240 seconds
114.488: [GC [PSYoungGen: 7358K->640K(7680K)] 21401K->14683K(24576K), 0.0004070 secs] [Times: user=0.00 sys=0.00, real=0.00 secs] 
114.488: Total time for which application threads were stopped: 0.0005160 seconds, Stopping threads took: 0.0000560 seconds
114.518: Application time: 0.0295200 seconds
114.518: [GC [PSYoungGen: 7294K->672K(7680K)] 21337K->14715K(24576K), 0.0003390 secs] [Times: user=0.00 sys=0.00, real=0.00 secs] 
114.518: Total time for which application threads were stopped: 0.0004440 seconds, Stopping threads took: 0.0000530 seconds
114.547: Application time: 0.0294330 seconds
114.548: [GC [PSYoungGen: 7326K->736K(7680K)] 21369K->14779K(24576K), 0.0003600 secs] [Times: user=0.00 sys=0.00, real=0.00 secs] 
114.548: Total time for which application threads were stopped: 0.0004630 seconds, Stopping threads took: 0.0000530 seconds
114.577: Application time: 0.0295200 seconds
114.579: [GC [PSYoungGen: 7390K->800K(7680K)] 21433K->14843K(24576K), 0.0003780 secs] [Times: user=0.00 sys=0.00, real=0.00 secs] 
114.579: Total time for which application threads were stopped: 0.0017970 seconds, Stopping threads took: 0.0013680 seconds
114.609: Application time: 0.0294420 seconds
114.609: [GC [PSYoungGen: 7454K->704K(7680K)] 21497K->14747K(24576K), 0.0003430 secs] [Times: user=0.00 sys=0.00, real=0.00 secs] 
114.609: Total time for which application threads were stopped: 0.0004500 seconds, Stopping threads took: 0.0000550 seconds
114.639: Application time: 0.0299580 seconds
114.639: [GC [PSYoungGen: 7358K->352K(7680K)] 21401K->14815K(24576K), 0.0004250 secs] [Times: user=0.00 sys=0.00, real=0.00 secs] 
114.640: Total time for which application threads were stopped: 0.0005420 seconds, Stopping threads took: 0.0000550 seconds
114.669: Application time: 0.0294530 seconds
114.669: [GC [PSYoungGen: 7006K->352K(7680K)] 21470K->14815K(24576K), 0.0003320 secs] [Times: user=0.01 sys=0.00, real=0.00 secs] 
114.670: Total time for which application threads were stopped: 0.0004380 seconds, Stopping threads took: 0.0000530 seconds
114.699: Application time: 0.0295620 seconds
114.699: [GC [PSYoungGen: 7006K->0K(7680K)] 21470K->14692K(24576K), 0.0003360 secs] [Times: user=0.00 sys=0.00, real=0.00 secs] 
114.700: Total time for which application threads were stopped: 0.0004480 seconds, Stopping threads took: 0.0000580 seconds
114.729: Application time: 0.0294850 seconds
114.729: [GC [PSYoungGen: 6654K->0K(7680K)] 21346K->14692K(24576K), 0.0003180 secs] [Times: user=0.00 sys=0.00, real=0.00 secs] 
114.729: Total time for which application threads were stopped: 0.0004240 seconds, Stopping threads took: 0.0000550 seconds
114.759: Application time: 0.0294510 seconds
114.759: [GC [PSYoungGen: 6654K->0K(7680K)] 21346K->14692K(24576K), 0.0003380 secs] [Times: user=0.01 sys=0.00, real=0.00 secs] 
114.759: Total time for which application threads were stopped: 0.0004350 seconds, Stopping threads took: 0.0000470 seconds
114.789: Application time: 0.0294350 seconds
114.789: [GC [PSYoungGen: 6654K->0K(7680K)] 21346K->14692K(24576K), 0.0003080 secs] [Times: user=0.00 sys=0.00, real=0.00 secs] 
114.789: Total time for which application threads were stopped: 0.0004160 seconds, Stopping threads took: 0.0000520 seconds
114.810: Application time: 0.0204970 seconds
114.810: [GC [PSYoungGen: 6655K->384K(7680K)] 21347K->15076K(24576K), 0.0003430 secs] [Times: user=0.00 sys=0.00, real=0.00 secs] 
114.810: Total time for which application threads were stopped: 0.0004450 seconds, Stopping threads took: 0.0000530 seconds
114.831: Application time: 0.0211940 seconds
114.831: [GC [PSYoungGen: 7037K->352K(7680K)] 21729K->15044K(24576K), 0.0003190 secs] [Times: user=0.00 sys=0.00, real=0.00 secs] 
114.832: Total time for which application threads were stopped: 0.0004190 seconds, Stopping threads took: 0.0000530 seconds
114.858: Application time: 0.0267530 seconds
114.859: [GC [PSYoungGen: 7003K->256K(7680K)] 21696K->14948K(24576K), 0.0004050 secs] [Times: user=0.00 sys=0.00, real=0.01 secs] 
114.859: Total time for which application threads were stopped: 0.0005130 seconds, Stopping threads took: 0.0000550 seconds
114.888: Application time: 0.0290050 seconds
114.888: [GC [PSYoungGen: 6908K->384K(7680K)] 21600K->15076K(24576K), 0.0004080 secs] [Times: user=0.00 sys=0.00, real=0.00 secs] 
114.889: Total time for which application threads were stopped: 0.0005030 seconds, Stopping threads took: 0.0000450 seconds
114.914: Application time: 0.0253440 seconds
114.914: [GC [PSYoungGen: 7038K->544K(7680K)] 21730K->15236K(24576K), 0.0003350 secs] [Times: user=0.00 sys=0.00, real=0.00 secs] 
114.914: Total time for which application threads were stopped: 0.0004340 seconds, Stopping threads took: 0.0000470 seconds
114.935: Application time: 0.0205270 seconds
114.935: [GC [PSYoungGen: 7199K->512K(7680K)] 21891K->15204K(24576K), 0.0003610 secs] [Times: user=0.00 sys=0.00, real=0.00 secs] 
114.935: Total time for which application threads were stopped: 0.0004600 seconds, Stopping threads took: 0.0000460 seconds
114.957: Application time: 0.0221390 seconds
114.958: [GC [PSYoungGen: 7168K->576K(7680K)] 21860K->15268K(24576K), 0.0003500 secs] [Times: user=0.01 sys=0.00, real=0.00 secs] 
114.958: Total time for which application threads were stopped: 0.0004530 seconds, Stopping threads took: 0.0000520 seconds
114.979: Application time: 0.0209760 seconds
114.979: [GC [PSYoungGen: 7228K->704K(7680K)] 21920K->15396K(24576K), 0.0003710 secs] [Times: user=0.00 sys=0.00, real=0.00 secs] 
114.979: Total time for which application threads were stopped: 0.0004780 seconds, Stopping threads took: 0.0000580 seconds
115.000: Application time: 0.0208860 seconds
115.000: [GC [PSYoungGen: 7359K->704K(7680K)] 22051K->15396K(24576K), 0.0003720 secs] [Times: user=0.00 sys=0.00, real=0.00 secs] 
115.001: Total time for which application threads were stopped: 0.0004750 seconds, Stopping threads took: 0.0000530 seconds
115.025: Application time: 0.0243720 seconds
115.025: [GC [PSYoungGen: 7357K->736K(7680K)] 22050K->15428K(24576K), 0.0003820 secs] [Times: user=0.01 sys=0.00, real=0.00 secs] 
115.026: Total time for which application threads were stopped: 0.0004710 seconds, Stopping threads took: 0.0000380 seconds
115.051: Application time: 0.0250400 seconds
115.051: [GC [PSYoungGen: 7388K->896K(7680K)] 22080K->15588K(24576K), 0.0004060 secs] [Times: user=0.01 sys=0.00, real=0.00 secs] 
115.051: Total time for which application threads were stopped: 0.0005200 seconds, Stopping threads took: 0.0000590 seconds
115.071: Application time: 0.0202080 seconds
115.071: [GC [PSYoungGen: 7550K->896K(7680K)] 22243K->15588K(24576K), 0.0003910 secs] [Times: user=0.00 sys=0.00, real=0.00 secs] 
115.072: Total time for which application threads were stopped: 0.0004870 seconds, Stopping threads took: 0.0000450 seconds
115.092: Application time: 0.0205740 seconds
115.092: [GC [PSYoungGen: 7548K->960K(7680K)] 22240K->15652K(24576K), 0.0004010 secs] [Times: user=0.00 sys=0.00, real=0.00 secs] 
115.093: Total time for which application threads were stopped: 0.0005010 seconds, Stopping threads took: 0.0000460 seconds
115.121: Application time: 0.0285820 seconds
115.122: [GC [PSYoungGen: 7612K->976K(7680K)] 22304K->15668K(24576K), 0.0004160 secs] [Times: user=0.00 sys=0.00, real=0.00 secs] 
115.122: Total time for which application threads were stopped: 0.0005220 seconds, Stopping threads took: 0.0000540 seconds
115.151: Application time: 0.0289790 seconds
115.151: [GC [PSYoungGen: 7628K->960K(7680K)] 22320K->15652K(24576K), 0.0003760 secs] [Times: user=0.00 sys=0.00, real=0.00 secs] 
115.151: Total time for which application threads were stopped: 0.0004720 seconds, Stopping threads took: 0.0000400 seconds
115.172: Application time: 0.0205750 seconds
115.172: [GC [PSYoungGen: 7614K->1008K(7680K)] 22306K->15748K(24576K), 0.0004790 secs] [Times: user=0.00 sys=0.00, real=0.00 secs] 
115.173: Total time for which application threads were stopped: 0.0005840 seconds, Stopping threads took: 0.0000540 seconds
115.194: Application time: 0.0212830 seconds
115.194: [GC [PSYoungGen: 7663K->992K(7680K)] 22404K->15860K(24576K), 0.0004250 secs] [Times: user=0.00 sys=0.00, real=0.00 secs] 
115.194: Total time for which application threads were stopped: 0.0005380 seconds, Stopping threads took: 0.0000610 seconds
115.219: Application time: 0.0245140 seconds
115.219: [GC [PSYoungGen: 7646K->992K(7680K)] 22514K->15876K(24576K), 0.0004310 secs] [Times: user=0.00 sys=0.00, real=0.00 secs] 
115.219: Total time for which application threads were stopped: 0.0005250 seconds, Stopping threads took: 0.0000390 seconds
115.246: Application time: 0.0268160 seconds
115.246: [GC [PSYoungGen: 7645K->960K(7680K)] 22530K->15972K(24576K), 0.0004090 secs] [Times: user=0.00 sys=0.00, real=0.01 secs] 
115.247: Total time for which application threads were stopped: 0.0005040 seconds, Stopping threads took: 0.0000400 seconds
115.275: Application time: 0.0279570 seconds
115.275: [GC [PSYoungGen: 7615K->944K(7680K)] 22627K->15956K(24576K), 0.0004170 secs] [Times: user=0.00 sys=0.00, real=0.00 secs] 
115.275: Total time for which application threads were stopped: 0.0005200 seconds, Stopping threads took: 0.0000490 seconds
115.304: Application time: 0.0289630 seconds
115.304: [GC [PSYoungGen: 7598K->928K(7680K)] 22611K->15940K(24576K), 0.0003980 secs] [Times: user=0.00 sys=0.00, real=0.00 secs] 
115.305: Total time for which application threads were stopped: 0.0005010 seconds, Stopping threads took: 0.0000390 seconds
115.334: Application time: 0.0290930 seconds
115.335: [GC [PSYoungGen: 7582K->880K(7680K)] 22595K->15892K(24576K), 0.0004270 secs] [Times: user=0.00 sys=0.00, real=0.00 secs] 
115.335: Total time for which application threads were stopped: 0.0014260 seconds, Stopping threads took: 0.0009420 seconds
115.363: Application time: 0.0273900 seconds
115.363: [GC [PSYoungGen: 7533K->944K(7680K)] 22546K->15956K(24576K), 0.0004410 secs] [Times: user=0.01 sys=0.00, real=0.00 secs] 
115.363: Total time for which application threads were stopped: 0.0005700 seconds, Stopping threads took: 0.0000640 seconds
115.393: Application time: 0.0293580 seconds
115.393: [GC [PSYoungGen: 7598K->912K(7680K)] 22610K->15924K(24576K), 0.0004360 secs] [Times: user=0.00 sys=0.00, real=0.00 secs] 
115.393: Total time for which application threads were stopped: 0.0005440 seconds, Stopping threads took: 0.0000540 seconds
115.421: Application time: 0.0274530 seconds
115.421: [GC [PSYoungGen: 7565K->1008K(7680K)] 22577K->16156K(24576K), 0.0004270 secs] [Times: user=0.00 sys=0.00, real=0.00 secs] 
115.421: Total time for which application threads were stopped: 0.0005410 seconds, Stopping threads took: 0.0000600 seconds
115.450: Application time: 0.0291900 seconds
115.450: [GC [PSYoungGen: 7660K->912K(7680K)] 22808K->16060K(24576K), 0.0004360 secs] [Times: user=0.00 sys=0.00, real=0.00 secs] 
115.451: Total time for which application threads were stopped: 0.0005430 seconds, Stopping threads took: 0.0000520 seconds
115.478: Application time: 0.0270910 seconds
115.478: [GC [PSYoungGen: 7566K->1008K(7680K)] 22714K->16332K(24576K), 0.0004470 secs] [Times: user=0.00 sys=0.00, real=0.00 secs] 
115.479: Total time for which application threads were stopped: 0.0005530 seconds, Stopping threads took: 0.0000540 seconds
115.493: Application time: 0.0149290 seconds
115.494: [GC [PSYoungGen: 7661K->1008K(7680K)] 22985K->16708K(24576K), 0.0005710 secs] [Times: user=0.01 sys=0.00, real=0.00 secs] 
115.494: Total time for which application threads were stopped: 0.0006720 seconds, Stopping threads took: 0.0000450 seconds
115.510: Application time: 0.0155310 seconds
115.510: [GC [PSYoungGen: 7659K->992K(7680K)] 23360K->16836K(24576K), 0.0004140 secs] [Times: user=0.01 sys=0.00, real=0.00 secs] 
115.510: Total time for which application threads were stopped: 0.0005130 seconds, Stopping threads took: 0.0000460 seconds
115.526: Application time: 0.0160910 seconds
115.526: [GC [PSYoungGen: 7647K->1008K(7680K)] 23492K->17132K(24576K), 0.0005160 secs] [Times: user=0.01 sys=0.00, real=0.01 secs] 
115.527: Total time for which application threads were stopped: 0.0006220 seconds, Stopping threads took: 0.0000520 seconds
115.547: Application time: 0.0200640 seconds
115.547: [GC [PSYoungGen: 7660K->992K(7680K)] 23785K->17244K(24576K), 0.0004960 secs] [Times: user=0.01 sys=0.00, real=0.00 secs] 
115.548: Total time for which application threads were stopped: 0.0005930 seconds, Stopping threads took: 0.0000440 seconds
115.568: Application time: 0.0207280 seconds
115.568: [GC [PSYoungGen: 7645K->944K(7680K)] 23898K->17196K(24576K), 0.0004220 secs] [Times: user=0.00 sys=0.00, real=0.00 secs] 
115.569: Total time for which application threads were stopped: 0.0005230 seconds, Stopping threads took: 0.0000500 seconds
115.594: Application time: 0.0254260 seconds
115.594: [GC [PSYoungGen: 7597K->1008K(7680K)] 23850K->17436K(24576K), 0.0004660 secs] [Times: user=0.00 sys=0.00, real=0.00 secs] 
115.595: Total time for which application threads were stopped: 0.0005630 seconds, Stopping threads took: 0.0000430 seconds
115.622: Application time: 0.0272570 seconds
115.622: [GC [PSYoungGen: 7661K->1008K(7680K)] 24089K->17697K(24576K), 0.0005720 secs] [Times: user=0.01 sys=0.00, real=0.00 secs] 
115.623: [Full GC [PSYoungGen: 1008K->0K(7680K)] [ParOldGen: 16689K->3749K(16896K)] 17697K->3749K(24576K) [PSPermGen: 5541K->5541K(21504K)], 0.0061180 secs] [Times: user=0.02 sys=0.01, real=0.01 secs] 
115.629: Total time for which application threads were stopped: 0.0068440 seconds, Stopping threads took: 0.0000480 seconds
115.657: Application time: 0.0279910 seconds
115.657: [GC [PSYoungGen: 6654K->352K(7680K)] 10403K->4101K(24576K), 0.0003740 secs] [Times: user=0.00 sys=0.00, real=0.00 secs] 
115.657: Total time for which application threads were stopped: 0.0004850 seconds, Stopping threads took: 0.0000560 seconds
115.687: Application time: 0.0291920 seconds
115.687: [GC [PSYoungGen: 7004K->352K(7680K)] 10753K->4101K(24576K), 0.0003600 secs] [Times: user=0.00 sys=0.00, real=0.01 secs] 
115.687: Total time for which application threads were stopped: 0.0004670 seconds, Stopping threads took: 0.0000470 seconds
115.716: Application time: 0.0289950 seconds
115.716: [GC [PSYoungGen: 7006K->384K(7680K)] 10755K->4133K(24576K), 0.0002920 secs] [Times: user=0.00 sys=0.00, real=0.00 secs] 
115.716: Total time for which application threads were stopped: 0.0003860 seconds, Stopping threads took: 0.0000440 seconds
115.745: Application time: 0.0289380 seconds
115.745: [GC [PSYoungGen: 7038K->352K(7680K)] 10787K->4101K(24576K), 0.0003110 secs] [Times: user=0.00 sys=0.00, real=0.00 secs] 
115.746: Total time for which application threads were stopped: 0.0004030 seconds, Stopping threads took: 0.0000420 seconds
115.775: Application time: 0.0289350 seconds
115.775: [GC [PSYoungGen: 7006K->352K(7680K)] 10755K->4101K(24576K), 0.0003100 secs] [Times: user=0.00 sys=0.00, real=0.00 secs] 
115.775: Total time for which application threads were stopped: 0.0004130 seconds, Stopping threads took: 0.0000540 seconds
115.804: Application time: 0.0292110 seconds
115.804: [GC [PSYoungGen: 7004K->288K(7680K)] 10753K->4037K(24576K), 0.0003880 secs] [Times: user=0.01 sys=0.00, real=0.00 secs] 
115.806: Total time for which application threads were stopped: 0.0015440 seconds, Stopping threads took: 0.0000360 seconds
115.835: Application time: 0.0289860 seconds
115.835: [GC [PSYoungGen: 6942K->352K(7680K)] 10691K->4101K(24576K), 0.0003690 secs] [Times: user=0.00 sys=0.00, real=0.00 secs] 
115.835: Total time for which application threads were stopped: 0.0004800 seconds, Stopping threads took: 0.0000520 seconds
115.864: Application time: 0.0290250 seconds
115.864: [GC [PSYoungGen: 7006K->256K(7680K)] 10755K->4005K(24576K), 0.0003620 secs] [Times: user=0.00 sys=0.00, real=0.00 secs] 
115.865: Total time for which application threads were stopped: 0.0004470 seconds, Stopping threads took: 0.0000370 seconds
115.894: Application time: 0.0289610 seconds
115.895: [GC [PSYoungGen: 6910K->384K(7680K)] 10659K->4133K(24576K), 0.0003010 secs] [Times: user=0.01 sys=0.00, real=0.00 secs] 
115.895: Total time for which application threads were stopped: 0.0013600 seconds, Stopping threads took: 0.0010070 seconds
115.922: Application time: 0.0272830 seconds
115.923: [GC [PSYoungGen: 7039K->736K(7680K)] 10788K->4485K(24576K), 0.0003700 secs] [Times: user=0.00 sys=0.00, real=0.00 secs] 
115.923: Total time for which application threads were stopped: 0.0004700 seconds, Stopping threads took: 0.0000500 seconds
115.950: Application time: 0.0274280 seconds
115.955: [GC [PSYoungGen: 7391K->736K(7680K)] 11140K->4485K(24576K), 0.0003730 secs] [Times: user=0.00 sys=0.00, real=0.00 secs] 
115.955: Total time for which application threads were stopped: 0.0049100 seconds, Stopping threads took: 0.0044820 seconds
115.983: Application time: 0.0278080 seconds
115.983: [GC [PSYoungGen: 7387K->768K(7680K)] 11136K->4517K(24576K), 0.0003900 secs] [Times: user=0.00 sys=0.00, real=0.00 secs] 
115.984: Total time for which application threads were stopped: 0.0004840 seconds, Stopping threads took: 0.0000380 seconds
116.013: Application time: 0.0296550 seconds
116.013: [GC [PSYoungGen: 7420K->704K(7680K)] 11169K->4453K(24576K), 0.0003790 secs] [Times: user=0.00 sys=0.00, real=0.00 secs] 
116.014: Total time for which application threads were stopped: 0.0004790 seconds, Stopping threads took: 0.0000490 seconds
116.043: Application time: 0.0294530 seconds
116.043: [GC [PSYoungGen: 7358K->640K(7680K)] 11107K->4389K(24576K), 0.0003600 secs] [Times: user=0.00 sys=0.00, real=0.00 secs] 
116.044: Total time for which application threads were stopped: 0.0004490 seconds, Stopping threads took: 0.0000380 seconds
116.073: Application time: 0.0295260 seconds
116.073: [GC [PSYoungGen: 7294K->768K(7680K)] 11043K->4517K(24576K), 0.0003860 secs] [Times: user=0.00 sys=0.00, real=0.00 secs] 
116.074: Total time for which application threads were stopped: 0.0004930 seconds, Stopping threads took: 0.0000520 seconds
116.103: Application time: 0.0296170 seconds
116.103: [GC [PSYoungGen: 7422K->704K(7680K)] 11171K->4453K(24576K), 0.0003990 secs] [Times: user=0.01 sys=0.00, real=0.00 secs] 
116.104: Total time for which application threads were stopped: 0.0004880 seconds, Stopping threads took: 0.0000390 seconds
116.133: Application time: 0.0297140 seconds
116.133: [GC [PSYoungGen: 7358K->608K(7680K)] 11107K->4357K(24576K), 0.0003880 secs] [Times: user=0.01 sys=0.00, real=0.00 secs] 
116.134: Total time for which application threads were stopped: 0.0004870 seconds, Stopping threads took: 0.0000480 seconds
116.163: Application time: 0.0293550 seconds
116.163: [GC [PSYoungGen: 7262K->736K(7680K)] 11011K->4485K(24576K), 0.0003370 secs] [Times: user=0.00 sys=0.00, real=0.00 secs] 
116.164: Total time for which application threads were stopped: 0.0004430 seconds, Stopping threads took: 0.0000560 seconds
116.193: Application time: 0.0296260 seconds
116.193: [GC [PSYoungGen: 7390K->672K(7680K)] 11139K->4421K(24576K), 0.0003270 secs] [Times: user=0.00 sys=0.00, real=0.00 secs] 
116.194: Total time for which application threads were stopped: 0.0004230 seconds, Stopping threads took: 0.0000430 seconds
116.223: Application time: 0.0294070 seconds
116.223: [GC [PSYoungGen: 7326K->672K(7680K)] 11075K->4421K(24576K), 0.0003990 secs] [Times: user=0.00 sys=0.00, real=0.00 secs] 
116.224: Total time for which application threads were stopped: 0.0005020 seconds, Stopping threads took: 0.0000520 seconds
116.253: Application time: 0.0296560 seconds
116.253: [GC [PSYoungGen: 7326K->672K(7680K)] 11075K->4421K(24576K), 0.0003290 secs] [Times: user=0.00 sys=0.00, real=0.00 secs] 
116.254: Total time for which application threads were stopped: 0.0004180 seconds, Stopping threads took: 0.0000400 seconds
116.283: Application time: 0.0294760 seconds
116.283: [GC [PSYoungGen: 7326K->672K(7680K)] 11075K->4421K(24576K), 0.0003870 secs] [Times: user=0.00 sys=0.00, real=0.00 secs] 
116.284: Total time for which application threads were stopped: 0.0004810 seconds, Stopping threads took: 0.0000460 seconds
116.314: Application time: 0.0299570 seconds
116.314: [GC [PSYoungGen: 7326K->736K(7680K)] 11075K->4485K(24576K), 0.0003480 secs] [Times: user=0.00 sys=0.00, real=0.00 secs] 
116.314: Total time for which application threads were stopped: 0.0004570 seconds, Stopping threads took: 0.0000570 seconds
116.344: Application time: 0.0296270 seconds
116.344: [GC [PSYoungGen: 7390K->704K(7680K)] 11139K->4453K(24576K), 0.0004300 secs] [Times: user=0.00 sys=0.00, real=0.00 secs] 
116.344: Total time for which application threads were stopped: 0.0005250 seconds, Stopping threads took: 0.0000370 seconds
116.375: Application time: 0.0302820 seconds
116.375: [GC [PSYoungGen: 7356K->672K(7680K)] 11105K->4421K(24576K), 0.0003340 secs] [Times: user=0.00 sys=0.00, real=0.00 secs] 
116.375: Total time for which application threads were stopped: 0.0004340 seconds, Stopping threads took: 0.0000460 seconds
116.405: Application time: 0.0297750 seconds
116.405: [GC [PSYoungGen: 7324K->288K(7680K)] 11073K->4441K(24576K), 0.0004310 secs] [Times: user=0.01 sys=0.00, real=0.00 secs] 
116.405: Total time for which application threads were stopped: 0.0005280 seconds, Stopping threads took: 0.0000480 seconds
116.435: Application time: 0.0295300 seconds
116.435: [GC [PSYoungGen: 6942K->0K(7680K)] 11096K->4369K(24576K), 0.0003240 secs] [Times: user=0.00 sys=0.00, real=0.00 secs] 
116.435: Total time for which application threads were stopped: 0.0004280 seconds, Stopping threads took: 0.0000500 seconds
116.465: Application time: 0.0295640 seconds
116.465: [GC [PSYoungGen: 6654K->0K(7680K)] 11024K->4369K(24576K), 0.0003140 secs] [Times: user=0.00 sys=0.00, real=0.00 secs] 
116.465: Total time for which application threads were stopped: 0.0004170 seconds, Stopping threads took: 0.0000520 seconds
116.495: Application time: 0.0295910 seconds
116.495: [GC [PSYoungGen: 6654K->0K(7680K)] 11024K->4369K(24576K), 0.0002890 secs] [Times: user=0.00 sys=0.00, real=0.00 secs] 
116.495: Total time for which application threads were stopped: 0.0003850 seconds, Stopping threads took: 0.0000490 seconds
116.525: Application time: 0.0296150 seconds
116.525: [GC [PSYoungGen: 6652K->0K(7680K)] 11021K->4369K(24576K), 0.0002810 secs] [Times: user=0.00 sys=0.00, real=0.00 secs] 
116.525: Total time for which application threads were stopped: 0.0003680 seconds, Stopping threads took: 0.0000400 seconds
116.548: Application time: 0.0229800 seconds
116.548: [GC [PSYoungGen: 6652K->320K(7680K)] 11021K->4689K(24576K), 0.0003540 secs] [Times: user=0.00 sys=0.00, real=0.00 secs] 
116.549: Total time for which application threads were stopped: 0.0004540 seconds, Stopping threads took: 0.0000510 seconds
116.570: Application time: 0.0212560 seconds
116.570: [GC [PSYoungGen: 6975K->352K(7680K)] 11345K->4721K(24576K), 0.0003170 secs] [Times: user=0.00 sys=0.00, real=0.00 secs] 
116.570: Total time for which application threads were stopped: 0.0004130 seconds, Stopping threads took: 0.0000480 seconds
116.595: Application time: 0.0244490 seconds
116.599: [GC [PSYoungGen: 7006K->384K(7680K)] 11375K->4753K(24576K), 0.0003280 secs] [Times: user=0.00 sys=0.00, real=0.00 secs] 
116.599: Total time for which application threads were stopped: 0.0043840 seconds, Stopping threads took: 0.0040070 seconds
116.629: Application time: 0.0299670 seconds
116.629: [GC [PSYoungGen: 7036K->384K(7680K)] 11405K->4753K(24576K), 0.0003600 secs] [Times: user=0.01 sys=0.00, real=0.00 secs] 
116.630: Total time for which application threads were stopped: 0.0004760 seconds, Stopping threads took: 0.0000570 seconds
116.658: Application time: 0.0281430 seconds
116.658: [GC [PSYoungGen: 7037K->384K(7680K)] 11407K->4753K(24576K), 0.0003060 secs] [Times: user=0.00 sys=0.00, real=0.00 secs] 
116.658: Total time for which application threads were stopped: 0.0004080 seconds, Stopping threads took: 0.0000500 seconds
116.679: Application time: 0.0211140 seconds
116.679: [GC [PSYoungGen: 7038K->512K(7680K)] 11407K->4881K(24576K), 0.0003930 secs] [Times: user=0.00 sys=0.00, real=0.00 secs] 
116.680: Total time for which application threads were stopped: 0.0004950 seconds, Stopping threads took: 0.0000510 seconds
116.701: Application time: 0.0208670 seconds
116.701: [GC [PSYoungGen: 7165K->512K(7680K)] 11535K->4881K(24576K), 0.0003540 secs] [Times: user=0.00 sys=0.00, real=0.00 secs] 
116.701: Total time for which application threads were stopped: 0.0004500 seconds, Stopping threads took: 0.0000450 seconds
116.721: Application time: 0.0202560 seconds
116.723: [GC [PSYoungGen: 7164K->736K(7680K)] 11534K->5105K(24576K), 0.0003600 secs] [Times: user=0.00 sys=0.00, real=0.00 secs] 
116.723: Total time for which application threads were stopped: 0.0018510 seconds, Stopping threads took: 0.0014390 seconds
116.744: Application time: 0.0203970 seconds
116.744: [GC [PSYoungGen: 7388K->704K(7680K)] 11758K->5073K(24576K), 0.0003700 secs] [Times: user=0.00 sys=0.00, real=0.00 secs] 
116.744: Total time for which application threads were stopped: 0.0004650 seconds, Stopping threads took: 0.0000450 seconds
116.768: Application time: 0.0238990 seconds
116.771: [GC [PSYoungGen: 7358K->736K(7680K)] 11727K->5105K(24576K), 0.0003750 secs] [Times: user=0.01 sys=0.00, real=0.00 secs] 
116.771: Total time for which application threads were stopped: 0.0032420 seconds, Stopping threads took: 0.0028120 seconds
116.798: Application time: 0.0267050 seconds
116.798: [GC [PSYoungGen: 7390K->928K(7680K)] 11760K->5297K(24576K), 0.0004050 secs] [Times: user=0.00 sys=0.00, real=0.00 secs] 
116.798: Total time for which application threads were stopped: 0.0005220 seconds, Stopping threads took: 0.0000640 seconds
116.819: Application time: 0.0202360 seconds
116.819: [GC [PSYoungGen: 7580K->992K(7680K)] 11950K->5369K(24576K), 0.0004060 secs] [Times: user=0.00 sys=0.00, real=0.00 secs] 
116.819: Total time for which application threads were stopped: 0.0005100 seconds, Stopping threads took: 0.0000490 seconds
116.839: Application time: 0.0202790 seconds
116.840: [GC [PSYoungGen: 7644K->960K(7680K)] 12021K->5337K(24576K), 0.0003980 secs] [Times: user=0.00 sys=0.00, real=0.00 secs] 
116.840: Total time for which application threads were stopped: 0.0005140 seconds, Stopping threads took: 0.0000520 seconds
116.866: Application time: 0.0261450 seconds
116.866: [GC [PSYoungGen: 7614K->992K(7680K)] 11992K->5369K(24576K), 0.0004060 secs] [Times: user=0.00 sys=0.00, real=0.00 secs] 
116.867: Total time for which application threads were stopped: 0.0005100 seconds, Stopping threads took: 0.0000420 seconds
116.895: Application time: 0.0286020 seconds
116.895: [GC [PSYoungGen: 7644K->912K(7680K)] 12022K->5417K(24576K), 0.0004410 secs] [Times: user=0.00 sys=0.00, real=0.00 secs] 
116.896: Total time for which application threads were stopped: 0.0005540 seconds, Stopping threads took: 0.0000590 seconds
116.918: Application time: 0.0226770 seconds
116.919: [GC [PSYoungGen: 7566K->896K(7680K)] 12072K->5401K(24576K), 0.0004030 secs] [Times: user=0.00 sys=0.00, real=0.01 secs] 
116.919: Total time for which application threads were stopped: 0.0005040 seconds, Stopping threads took: 0.0000490 seconds
116.939: Application time: 0.0203960 seconds
116.939: [GC [PSYoungGen: 7551K->992K(7680K)] 12057K->5513K(24576K), 0.0004060 secs] [Times: user=0.00 sys=0.00, real=0.00 secs] 
116.940: Total time for which application threads were stopped: 0.0004990 seconds, Stopping threads took: 0.0000420 seconds
116.963: Application time: 0.0232340 seconds
116.963: [GC [PSYoungGen: 7646K->992K(7680K)] 12167K->5545K(24576K), 0.0004640 secs] [Times: user=0.00 sys=0.00, real=0.00 secs] 
116.964: Total time for which application threads were stopped: 0.0005580 seconds, Stopping threads took: 0.0000430 seconds
116.990: Application time: 0.0265870 seconds
116.990: [GC [PSYoungGen: 7643K->992K(7680K)] 12197K->5689K(24576K), 0.0004790 secs] [Times: user=0.00 sys=0.00, real=0.00 secs] 
116.991: Total time for which application threads were stopped: 0.0005770 seconds, Stopping threads took: 0.0000430 seconds
117.019: Application time: 0.0278630 seconds
117.019: [GC [PSYoungGen: 7646K->992K(7680K)] 12343K->5750K(24576K), 0.0004300 secs] [Times: user=0.00 sys=0.00, real=0.00 secs] 
117.019: Total time for which application threads were stopped: 0.0005430 seconds, Stopping threads took: 0.0000570 seconds
117.048: Application time: 0.0290690 seconds
117.048: [GC [PSYoungGen: 7646K->1008K(7680K)] 12405K->5774K(24576K), 0.0004180 secs] [Times: user=0.01 sys=0.00, real=0.00 secs] 
117.049: Total time for which application threads were stopped: 0.0005200 seconds, Stopping threads took: 0.0000510 seconds
117.078: Application time: 0.0293120 seconds
117.078: [GC [PSYoungGen: 7660K->928K(7680K)] 12426K->5822K(24576K), 0.0004500 secs] [Times: user=0.00 sys=0.00, real=0.00 secs] 
117.079: Total time for which application threads were stopped: 0.0005680 seconds, Stopping threads took: 0.0000610 seconds
117.107: Application time: 0.0284210 seconds
117.107: [GC [PSYoungGen: 7580K->1008K(7680K)] 12474K->5902K(24576K), 0.0004050 secs] [Times: user=0.00 sys=0.00, real=0.00 secs] 
117.108: Total time for which application threads were stopped: 0.0005180 seconds, Stopping threads took: 0.0000600 seconds
117.136: Application time: 0.0282840 seconds
117.136: [GC [PSYoungGen: 7660K->992K(7680K)] 12554K->5894K(24576K), 0.0004290 secs] [Times: user=0.00 sys=0.00, real=0.00 secs] 
117.137: Total time for which application threads were stopped: 0.0005480 seconds, Stopping threads took: 0.0000650 seconds
117.164: Application time: 0.0275840 seconds
117.164: [GC [PSYoungGen: 7646K->960K(7680K)] 12548K->5862K(24576K), 0.0004700 secs] [Times: user=0.00 sys=0.00, real=0.00 secs] 
117.165: Total time for which application threads were stopped: 0.0005670 seconds, Stopping threads took: 0.0000440 seconds
117.194: Application time: 0.0289860 seconds
117.194: [GC [PSYoungGen: 7614K->928K(7680K)] 12517K->5830K(24576K), 0.0004530 secs] [Times: user=0.01 sys=0.00, real=0.00 secs] 
117.194: Total time for which application threads were stopped: 0.0005550 seconds, Stopping threads took: 0.0000490 seconds
117.223: Application time: 0.0291080 seconds
117.223: [GC [PSYoungGen: 7582K->960K(7680K)] 12485K->5862K(24576K), 0.0004700 secs] [Times: user=0.00 sys=0.00, real=0.00 secs] 
117.224: Total time for which application threads were stopped: 0.0005610 seconds, Stopping threads took: 0.0000370 seconds
117.240: Application time: 0.0165720 seconds
117.241: [GC [PSYoungGen: 7614K->992K(7680K)] 12516K->6370K(24576K), 0.0005160 secs] [Times: user=0.01 sys=0.00, real=0.00 secs] 
117.241: Total time for which application threads were stopped: 0.0006220 seconds, Stopping threads took: 0.0000520 seconds
117.257: Application time: 0.0155760 seconds
117.257: [GC [PSYoungGen: 7646K->1008K(7680K)] 13024K->6638K(24576K), 0.0004930 secs] [Times: user=0.00 sys=0.00, real=0.00 secs] 
117.257: Total time for which application threads were stopped: 0.0005960 seconds, Stopping threads took: 0.0000490 seconds
117.272: Application time: 0.0151850 seconds
117.272: [GC [PSYoungGen: 7661K->1008K(7680K)] 13292K->6822K(24576K), 0.0004570 secs] [Times: user=0.00 sys=0.00, real=0.00 secs] 
117.273: Total time for which application threads were stopped: 0.0005550 seconds, Stopping threads took: 0.0000410 seconds
117.291: Application time: 0.0176690 seconds
117.291: [GC [PSYoungGen: 7661K->992K(7680K)] 13475K->7239K(24576K), 0.0004970 secs] [Times: user=0.00 sys=0.00, real=0.00 secs] 
117.291: Total time for which application threads were stopped: 0.0006120 seconds, Stopping threads took: 0.0000550 seconds
117.313: Application time: 0.0217420 seconds
117.313: [GC [PSYoungGen: 7645K->944K(7680K)] 13893K->7319K(24576K), 0.0004350 secs] [Times: user=0.00 sys=0.00, real=0.00 secs] 
117.314: Total time for which application threads were stopped: 0.0005430 seconds, Stopping threads took: 0.0000520 seconds
117.338: Application time: 0.0245270 seconds
117.338: [GC [PSYoungGen: 7597K->992K(7680K)] 13973K->7447K(24576K), 0.0004390 secs] [Times: user=0.00 sys=0.00, real=0.00 secs] 
117.339: Total time for which application threads were stopped: 0.0005390 seconds, Stopping threads took: 0.0000460 seconds
117.365: Application time: 0.0259310 seconds
117.365: [GC [PSYoungGen: 7646K->1008K(7680K)] 14102K->7876K(24576K), 0.0005430 secs] [Times: user=0.00 sys=0.00, real=0.00 secs] 
117.365: Total time for which application threads were stopped: 0.0006560 seconds, Stopping threads took: 0.0000560 seconds
117.393: Application time: 0.0278210 seconds
117.393: [GC [PSYoungGen: 7661K->1008K(7680K)] 14530K->8076K(24576K), 0.0004690 secs] [Times: user=0.01 sys=0.00, real=0.00 secs] 
117.394: Total time for which application threads were stopped: 0.0005780 seconds, Stopping threads took: 0.0000460 seconds
117.423: Application time: 0.0289360 seconds
117.423: [GC [PSYoungGen: 7662K->1008K(7680K)] 14731K->8124K(24576K), 0.0004640 secs] [Times: user=0.00 sys=0.00, real=0.00 secs] 
117.423: Total time for which application threads were stopped: 0.0005730 seconds, Stopping threads took: 0.0000540 seconds
117.452: Application time: 0.0290540 seconds
117.452: [GC [PSYoungGen: 7662K->1008K(7680K)] 14779K->8153K(24576K), 0.0005030 secs] [Times: user=0.00 sys=0.00, real=0.00 secs] 
117.453: Total time for which application threads were stopped: 0.0005980 seconds, Stopping threads took: 0.0000430 seconds
117.482: Application time: 0.0290790 seconds
117.482: [GC [PSYoungGen: 7660K->992K(7680K)] 14805K->8169K(24576K), 0.0004350 secs] [Times: user=0.00 sys=0.00, real=0.00 secs] 
117.482: Total time for which application threads were stopped: 0.0005320 seconds, Stopping threads took: 0.0000440 seconds
117.512: Application time: 0.0294530 seconds
117.512: [GC [PSYoungGen: 7644K->992K(7680K)] 14821K->8201K(24576K), 0.0004210 secs] [Times: user=0.01 sys=0.00, real=0.00 secs] 
117.512: Total time for which application threads were stopped: 0.0005160 seconds, Stopping threads took: 0.0000420 seconds
117.541: Application time: 0.0289690 seconds
117.541: [GC [PSYoungGen: 7646K->864K(7680K)] 14855K->8233K(24576K), 0.0004910 secs] [Times: user=0.00 sys=0.00, real=0.00 secs] 
117.542: Total time for which application threads were stopped: 0.0005900 seconds, Stopping threads took: 0.0000460 seconds
117.571: Application time: 0.0290520 seconds
117.571: [GC [PSYoungGen: 7518K->880K(7680K)] 14887K->8249K(24576K), 0.0004030 secs] [Times: user=0.00 sys=0.00, real=0.00 secs] 
117.571: Total time for which application threads were stopped: 0.0004930 seconds, Stopping threads took: 0.0000400 seconds
117.601: Application time: 0.0297050 seconds
117.601: [GC [PSYoungGen: 7532K->848K(7680K)] 14901K->8217K(24576K), 0.0004130 secs] [Times: user=0.00 sys=0.00, real=0.00 secs] 
117.602: Total time for which application threads were stopped: 0.0005120 seconds, Stopping threads took: 0.0000470 seconds
117.631: Application time: 0.0292920 seconds
117.631: [GC [PSYoungGen: 7502K->832K(7680K)] 14871K->8265K(24576K), 0.0004640 secs] [Times: user=0.00 sys=0.00, real=0.00 secs] 
117.632: Total time for which application threads were stopped: 0.0005790 seconds, Stopping threads took: 0.0000540 seconds
117.660: Application time: 0.0281920 seconds
117.660: [GC [PSYoungGen: 7485K->944K(7680K)] 14918K->8421K(24576K), 0.0005070 secs] [Times: user=0.00 sys=0.00, real=0.00 secs] 
117.660: Total time for which application threads were stopped: 0.0006140 seconds, Stopping threads took: 0.0000530 seconds
117.687: Application time: 0.0270500 seconds
117.688: [GC [PSYoungGen: 7599K->944K(7680K)] 15077K->8429K(24576K), 0.0004900 secs] [Times: user=0.00 sys=0.00, real=0.00 secs] 
117.688: Total time for which application threads were stopped: 0.0005870 seconds, Stopping threads took: 0.0000450 seconds
117.716: Application time: 0.0283520 seconds
117.716: [GC [PSYoungGen: 7597K->960K(7680K)] 15083K->8541K(24576K), 0.0004300 secs] [Times: user=0.00 sys=0.00, real=0.00 secs] 
117.717: Total time for which application threads were stopped: 0.0005290 seconds, Stopping threads took: 0.0000470 seconds
117.746: Application time: 0.0286360 seconds
117.746: [GC [PSYoungGen: 7612K->864K(7680K)] 15193K->8445K(24576K), 0.0004770 secs] [Times: user=0.01 sys=0.00, real=0.00 secs] 
117.746: Total time for which application threads were stopped: 0.0005870 seconds, Stopping threads took: 0.0000570 seconds
117.776: Application time: 0.0296550 seconds
117.776: [GC [PSYoungGen: 7518K->736K(7680K)] 15100K->8517K(24576K), 0.0004080 secs] [Times: user=0.01 sys=0.00, real=0.00 secs] 
117.776: Total time for which application threads were stopped: 0.0005240 seconds, Stopping threads took: 0.0000650 seconds
117.806: Application time: 0.0295290 seconds
117.806: [GC [PSYoungGen: 7390K->704K(7680K)] 15172K->8522K(24576K), 0.0003660 secs] [Times: user=0.00 sys=0.00, real=0.00 secs] 
117.806: Total time for which application threads were stopped: 0.0004710 seconds, Stopping threads took: 0.0000510 seconds
117.836: Application time: 0.0301670 seconds
117.837: [GC [PSYoungGen: 7356K->832K(7680K)] 15174K->8674K(24576K), 0.0003760 secs] [Times: user=0.00 sys=0.00, real=0.00 secs] 
117.837: Total time for which application threads were stopped: 0.0004880 seconds, Stopping threads took: 0.0000600 seconds
117.867: Application time: 0.0295370 seconds
117.867: [GC [PSYoungGen: 7486K->672K(7680K)] 15328K->8514K(24576K), 0.0003490 secs] [Times: user=0.00 sys=0.00, real=0.01 secs] 
117.867: Total time for which application threads were stopped: 0.0004520 seconds, Stopping threads took: 0.0000510 seconds
117.897: Application time: 0.0299480 seconds
117.897: [GC [PSYoungGen: 7326K->704K(7680K)] 15168K->8546K(24576K), 0.0003580 secs] [Times: user=0.00 sys=0.00, real=0.00 secs] 
117.897: Total time for which application threads were stopped: 0.0004620 seconds, Stopping threads took: 0.0000440 seconds
117.927: Application time: 0.0297060 seconds
117.927: [GC [PSYoungGen: 7358K->704K(7680K)] 15200K->8546K(24576K), 0.0003360 secs] [Times: user=0.00 sys=0.00, real=0.00 secs] 
117.928: Total time for which application threads were stopped: 0.0004430 seconds, Stopping threads took: 0.0000580 seconds
117.957: Application time: 0.0296730 seconds
117.957: [GC [PSYoungGen: 7358K->736K(7680K)] 15200K->8578K(24576K), 0.0003370 secs] [Times: user=0.00 sys=0.00, real=0.00 secs] 
117.958: Total time for which application threads were stopped: 0.0004400 seconds, Stopping threads took: 0.0000450 seconds
117.987: Application time: 0.0297880 seconds
117.988: [GC [PSYoungGen: 7390K->704K(7680K)] 15232K->8546K(24576K), 0.0003300 secs] [Times: user=0.00 sys=0.00, real=0.00 secs] 
117.988: Total time for which application threads were stopped: 0.0004320 seconds, Stopping threads took: 0.0000520 seconds
118.018: Application time: 0.0298380 seconds
118.018: [GC [PSYoungGen: 7356K->640K(7680K)] 15198K->8482K(24576K), 0.0003720 secs] [Times: user=0.00 sys=0.00, real=0.00 secs] 
118.018: Total time for which application threads were stopped: 0.0004770 seconds, Stopping threads took: 0.0000520 seconds
118.048: Application time: 0.0296100 seconds
118.048: [GC [PSYoungGen: 7294K->704K(7680K)] 15136K->8546K(24576K), 0.0003520 secs] [Times: user=0.00 sys=0.00, real=0.00 secs] 
118.048: Total time for which application threads were stopped: 0.0004500 seconds, Stopping threads took: 0.0000470 seconds
118.078: Application time: 0.0298000 seconds
118.078: [GC [PSYoungGen: 7358K->672K(7680K)] 15200K->8514K(24576K), 0.0003350 secs] [Times: user=0.00 sys=0.00, real=0.00 secs] 
118.078: Total time for which application threads were stopped: 0.0004350 seconds, Stopping threads took: 0.0000530 seconds
118.108: Application time: 0.0297650 seconds
118.108: [GC [PSYoungGen: 7326K->640K(7680K)] 15168K->8482K(24576K), 0.0003670 secs] [Times: user=0.00 sys=0.00, real=0.00 secs] 
118.109: Total time for which application threads were stopped: 0.0004620 seconds, Stopping threads took: 0.0000460 seconds
118.138: Application time: 0.0296960 seconds
118.138: [GC [PSYoungGen: 7294K->320K(7680K)] 15136K->8579K(24576K), 0.0004030 secs] [Times: user=0.00 sys=0.00, real=0.01 secs] 
118.139: Total time for which application threads were stopped: 0.0005120 seconds, Stopping threads took: 0.0000570 seconds
118.169: Application time: 0.0297610 seconds
118.169: [GC [PSYoungGen: 6974K->384K(7680K)] 15233K->8651K(24576K), 0.0003150 secs] [Times: user=0.00 sys=0.00, real=0.00 secs] 
118.169: Total time for which application threads were stopped: 0.0004050 seconds, Stopping threads took: 0.0000420 seconds
118.199: Application time: 0.0297360 seconds
118.199: [GC [PSYoungGen: 7038K->0K(7680K)] 15305K->8467K(24576K), 0.0003230 secs] [Times: user=0.01 sys=0.00, real=0.00 secs] 
118.199: Total time for which application threads were stopped: 0.0004200 seconds, Stopping threads took: 0.0000470 seconds
118.229: Application time: 0.0298660 seconds
118.229: [GC [PSYoungGen: 6652K->0K(7680K)] 15119K->8467K(24576K), 0.0003010 secs] [Times: user=0.00 sys=0.00, real=0.00 secs] 
118.230: Total time for which application threads were stopped: 0.0004020 seconds, Stopping threads took: 0.0000520 seconds
118.259: Application time: 0.0296350 seconds
118.259: [GC [PSYoungGen: 6654K->0K(7680K)] 15121K->8467K(24576K), 0.0002860 secs] [Times: user=0.00 sys=0.00, real=0.00 secs] 
118.260: Total time for which application threads were stopped: 0.0003860 seconds, Stopping threads took: 0.0000500 seconds
118.280: Application time: 0.0206090 seconds
118.280: [GC [PSYoungGen: 6655K->384K(7680K)] 15122K->8851K(24576K), 0.0003390 secs] [Times: user=0.00 sys=0.00, real=0.00 secs] 
118.281: Total time for which application threads were stopped: 0.0004260 seconds, Stopping threads took: 0.0000380 seconds
118.302: Application time: 0.0212730 seconds
118.302: [GC [PSYoungGen: 7039K->256K(7680K)] 15507K->8723K(24576K), 0.0003520 secs] [Times: user=0.00 sys=0.00, real=0.00 secs] 
118.302: Total time for which application threads were stopped: 0.0004390 seconds, Stopping threads took: 0.0000390 seconds
118.329: Application time: 0.0266030 seconds
118.329: [GC [PSYoungGen: 6908K->320K(7680K)] 15375K->8787K(24576K), 0.0003640 secs] [Times: user=0.00 sys=0.00, real=0.00 secs] 
118.329: Total time for which application threads were stopped: 0.0004680 seconds, Stopping threads took: 0.0000570 seconds
118.358: Application time: 0.0288560 seconds
118.358: [GC [PSYoungGen: 6972K->288K(7680K)] 15439K->8755K(24576K), 0.0003260 secs] [Times: user=0.00 sys=0.00, real=0.00 secs] 
118.359: Total time for which application threads were stopped: 0.0004240 seconds, Stopping threads took: 0.0000400 seconds
118.387: Application time: 0.0283950 seconds
118.387: [GC [PSYoungGen: 6942K->384K(7680K)] 15409K->8851K(24576K), 0.0003210 secs] [Times: user=0.00 sys=0.00, real=0.00 secs] 
118.387: Total time for which application threads were stopped: 0.0004080 seconds, Stopping threads took: 0.0000360 seconds
118.414: Application time: 0.0268140 seconds
118.414: [GC [PSYoungGen: 7038K->512K(7680K)] 15505K->8979K(24576K), 0.0003490 secs] [Times: user=0.00 sys=0.00, real=0.00 secs] 
118.415: Total time for which application threads were stopped: 0.0004620 seconds, Stopping threads took: 0.0000550 seconds
118.431: Application time: 0.0162690 seconds
118.431: [GC [PSYoungGen: 7165K->864K(7680K)] 15632K->9331K(24576K), 0.0004110 secs] [Times: user=0.00 sys=0.00, real=0.00 secs] 
118.432: Total time for which application threads were stopped: 0.0004970 seconds, Stopping threads took: 0.0000380 seconds
118.448: Application time: 0.0166480 seconds
118.451: [GC [PSYoungGen: 7518K->672K(7680K)] 15985K->9139K(24576K), 0.0003630 secs] [Times: user=0.00 sys=0.00, real=0.00 secs] 
118.451: Total time for which application threads were stopped: 0.0030430 seconds, Stopping threads took: 0.0026290 seconds
118.470: Application time: 0.0183270 seconds
118.470: [GC [PSYoungGen: 7324K->736K(7680K)] 15791K->9203K(24576K), 0.0003570 secs] [Times: user=0.01 sys=0.00, real=0.00 secs] 
118.470: Total time for which application threads were stopped: 0.0004810 seconds, Stopping threads took: 0.0000710 seconds
118.498: Application time: 0.0284260 seconds
118.499: [GC [PSYoungGen: 7388K->704K(7680K)] 15855K->9171K(24576K), 0.0003810 secs] [Times: user=0.00 sys=0.00, real=0.01 secs] 
118.499: Total time for which application threads were stopped: 0.0004940 seconds, Stopping threads took: 0.0000590 seconds
118.527: Application time: 0.0276330 seconds
118.527: [GC [PSYoungGen: 7358K->704K(7680K)] 15825K->9171K(24576K), 0.0003580 secs] [Times: user=0.00 sys=0.00, real=0.01 secs] 
118.527: Total time for which application threads were stopped: 0.0004430 seconds, Stopping threads took: 0.0000330 seconds
118.547: Application time: 0.0197430 seconds
118.551: [GC [PSYoungGen: 7357K->944K(7680K)] 15824K->9411K(24576K), 0.0004170 secs] [Times: user=0.00 sys=0.00, real=0.00 secs] 
118.551: Total time for which application threads were stopped: 0.0045070 seconds, Stopping threads took: 0.0040370 seconds
118.574: Application time: 0.0226380 seconds
118.574: [GC [PSYoungGen: 7597K->928K(7680K)] 16065K->9395K(24576K), 0.0004150 secs] [Times: user=0.00 sys=0.00, real=0.00 secs] 
118.574: Total time for which application threads were stopped: 0.0005270 seconds, Stopping threads took: 0.0000600 seconds
118.599: Application time: 0.0245260 seconds
118.599: [GC [PSYoungGen: 7582K->944K(7680K)] 16049K->9411K(24576K), 0.0003950 secs] [Times: user=0.00 sys=0.00, real=0.00 secs] 
118.599: Total time for which application threads were stopped: 0.0005030 seconds, Stopping threads took: 0.0000540 seconds
118.629: Application time: 0.0292340 seconds
118.629: [GC [PSYoungGen: 7596K->960K(7680K)] 16063K->9427K(24576K), 0.0004780 secs] [Times: user=0.00 sys=0.00, real=0.00 secs] 
118.629: Total time for which application threads were stopped: 0.0005890 seconds, Stopping threads took: 0.0000520 seconds
118.654: Application time: 0.0245690 seconds
118.654: [GC [PSYoungGen: 7615K->992K(7680K)] 16083K->9459K(24576K), 0.0004080 secs] [Times: user=0.01 sys=0.00, real=0.00 secs] 
118.654: Total time for which application threads were stopped: 0.0005140 seconds, Stopping threads took: 0.0000490 seconds
118.674: Application time: 0.0199490 seconds
118.674: [GC [PSYoungGen: 7644K->992K(7680K)] 16112K->9619K(24576K), 0.0004250 secs] [Times: user=0.00 sys=0.00, real=0.00 secs] 
118.675: Total time for which application threads were stopped: 0.0005230 seconds, Stopping threads took: 0.0000430 seconds
118.696: Application time: 0.0214250 seconds
118.696: [GC [PSYoungGen: 7647K->1008K(7680K)] 16275K->9655K(24576K), 0.0004290 secs] [Times: user=0.00 sys=0.00, real=0.00 secs] 
118.697: Total time for which application threads were stopped: 0.0005300 seconds, Stopping threads took: 0.0000470 seconds
118.725: Application time: 0.0280610 seconds
118.725: [GC [PSYoungGen: 7662K->1008K(7680K)] 16309K->9663K(24576K), 0.0004320 secs] [Times: user=0.00 sys=0.00, real=0.00 secs] 
118.725: Total time for which application threads were stopped: 0.0005320 seconds, Stopping threads took: 0.0000460 seconds
118.754: Application time: 0.0288120 seconds
118.754: [GC [PSYoungGen: 7660K->1008K(7680K)] 16315K->9679K(24576K), 0.0004730 secs] [Times: user=0.00 sys=0.00, real=0.00 secs] 
118.755: Total time for which application threads were stopped: 0.0005810 seconds, Stopping threads took: 0.0000530 seconds
118.783: Application time: 0.0280740 seconds
118.783: [GC [PSYoungGen: 7661K->960K(7680K)] 16333K->9759K(24576K), 0.0004680 secs] [Times: user=0.00 sys=0.00, real=0.00 secs] 
118.783: Total time for which application threads were stopped: 0.0005680 seconds, Stopping threads took: 0.0000440 seconds
118.813: Application time: 0.0292960 seconds
118.815: [GC [PSYoungGen: 7614K->960K(7680K)] 16414K->9759K(24576K), 0.0004040 secs] [Times: user=0.00 sys=0.00, real=0.00 secs] 
118.815: Total time for which application threads were stopped: 0.0024950 seconds, Stopping threads took: 0.0020390 seconds
118.844: Application time: 0.0292380 seconds
118.845: [GC [PSYoungGen: 7614K->912K(7680K)] 16414K->9711K(24576K), 0.0004140 secs] [Times: user=0.00 sys=0.00, real=0.00 secs] 
118.845: Total time for which application threads were stopped: 0.0005140 seconds, Stopping threads took: 0.0000470 seconds
118.871: Application time: 0.0263460 seconds
118.871: [GC [PSYoungGen: 7563K->992K(7680K)] 16363K->9927K(24576K), 0.0004460 secs] [Times: user=0.00 sys=0.00, real=0.00 secs] 
118.872: Total time for which application threads were stopped: 0.0005500 seconds, Stopping threads took: 0.0000500 seconds
118.900: Application time: 0.0280520 seconds
118.900: [GC [PSYoungGen: 7645K->992K(7680K)] 16581K->10079K(24576K), 0.0004590 secs] [Times: user=0.00 sys=0.00, real=0.00 secs] 
118.900: Total time for which application threads were stopped: 0.0005570 seconds, Stopping threads took: 0.0000440 seconds
118.930: Application time: 0.0292630 seconds
118.930: [GC [PSYoungGen: 7644K->960K(7680K)] 16731K->10047K(24576K), 0.0004170 secs] [Times: user=0.00 sys=0.00, real=0.00 secs] 
118.930: Total time for which application threads were stopped: 0.0005490 seconds, Stopping threads took: 0.0000730 seconds
118.959: Application time: 0.0289140 seconds
118.959: [GC [PSYoungGen: 7614K->896K(7680K)] 16702K->10039K(24576K), 0.0004110 secs] [Times: user=0.00 sys=0.00, real=0.00 secs] 
118.960: Total time for which application threads were stopped: 0.0004990 seconds, Stopping threads took: 0.0000340 seconds
118.985: Application time: 0.0249300 seconds
118.985: [GC [PSYoungGen: 7476K->992K(7680K)] 16619K->10279K(24576K), 0.0005100 secs] [Times: user=0.01 sys=0.00, real=0.00 secs] 
118.985: Total time for which application threads were stopped: 0.0006080 seconds, Stopping threads took: 0.0000440 seconds
119.002: Application time: 0.0165340 seconds
119.002: [GC [PSYoungGen: 7647K->992K(7680K)] 16934K->10632K(24576K), 0.0004760 secs] [Times: user=0.00 sys=0.00, real=0.00 secs] 
119.002: Total time for which application threads were stopped: 0.0006100 seconds, Stopping threads took: 0.0000770 seconds
119.016: Application time: 0.0136300 seconds
119.016: [GC [PSYoungGen: 7644K->992K(7680K)] 17284K->10836K(24576K), 0.0004680 secs] [Times: user=0.00 sys=0.00, real=0.00 secs] 
119.017: Total time for which application threads were stopped: 0.0005600 seconds, Stopping threads took: 0.0000410 seconds
119.030: Application time: 0.0138860 seconds
119.031: [GC [PSYoungGen: 7644K->1008K(7680K)] 17489K->11076K(24576K), 0.0005140 secs] [Times: user=0.00 sys=0.00, real=0.00 secs] 
119.031: Total time for which application threads were stopped: 0.0006100 seconds, Stopping threads took: 0.0000350 seconds
119.049: Application time: 0.0179010 seconds
119.049: [GC [PSYoungGen: 7660K->1008K(7680K)] 17729K->11108K(24576K), 0.0004490 secs] [Times: user=0.00 sys=0.00, real=0.00 secs] 
119.050: Total time for which application threads were stopped: 0.0005460 seconds, Stopping threads took: 0.0000440 seconds
119.075: Application time: 0.0249780 seconds
119.075: [GC [PSYoungGen: 7659K->992K(7680K)] 17760K->11308K(24576K), 0.0004680 secs] [Times: user=0.00 sys=0.00, real=0.00 secs] 
119.075: Total time for which application threads were stopped: 0.0005710 seconds, Stopping threads took: 0.0000480 seconds
119.102: Application time: 0.0264110 seconds
119.102: [GC [PSYoungGen: 7647K->960K(7680K)] 17964K->11485K(24576K), 0.0005010 secs] [Times: user=0.01 sys=0.00, real=0.00 secs] 
119.102: Total time for which application threads were stopped: 0.0005970 seconds, Stopping threads took: 0.0000430 seconds
119.129: Application time: 0.0269070 seconds
119.129: [GC [PSYoungGen: 7614K->992K(7680K)] 18139K->11774K(24576K), 0.0004650 secs] [Times: user=0.00 sys=0.00, real=0.00 secs] 
119.130: Total time for which application threads were stopped: 0.0005760 seconds, Stopping threads took: 0.0000580 seconds
119.159: Application time: 0.0290430 seconds
119.159: [GC [PSYoungGen: 7646K->1008K(7680K)] 18429K->11822K(24576K), 0.0005230 secs] [Times: user=0.00 sys=0.00, real=0.01 secs] 
119.159: Total time for which application threads were stopped: 0.0006190 seconds, Stopping threads took: 0.0000390 seconds
119.188: Application time: 0.0291960 seconds
119.189: [GC [PSYoungGen: 7662K->992K(7680K)] 18477K->11826K(24576K), 0.0004710 secs] [Times: user=0.00 sys=0.00, real=0.00 secs] 
119.189: Total time for which application threads were stopped: 0.0005740 seconds, Stopping threads took: 0.0000520 seconds
119.218: Application time: 0.0291490 seconds
119.218: [GC [PSYoungGen: 7646K->1008K(7680K)] 18481K->11850K(24576K), 0.0004470 secs] [Times: user=0.00 sys=0.00, real=0.00 secs] 
119.219: Total time for which application threads were stopped: 0.0005540 seconds, Stopping threads took: 0.0000510 seconds
119.248: Application time: 0.0291770 seconds
119.248: [GC [PSYoungGen: 7662K->960K(7680K)] 18505K->11858K(24576K), 0.0004360 secs] [Times: user=0.00 sys=0.00, real=0.00 secs] 
119.248: Total time for which application threads were stopped: 0.0005300 seconds, Stopping threads took: 0.0000400 seconds
119.278: Application time: 0.0291410 seconds
119.278: [GC [PSYoungGen: 7614K->928K(7680K)] 18513K->11834K(24576K), 0.0004180 secs] [Times: user=0.00 sys=0.00, real=0.00 secs] 
119.278: Total time for which application threads were stopped: 0.0005190 seconds, Stopping threads took: 0.0000510 seconds
119.307: Application time: 0.0291520 seconds
119.307: [GC [PSYoungGen: 7582K->960K(7680K)] 18489K->11866K(24576K), 0.0004160 secs] [Times: user=0.00 sys=0.00, real=0.00 secs] 
119.308: Total time for which application threads were stopped: 0.0005160 seconds, Stopping threads took: 0.0000470 seconds
119.337: Application time: 0.0291170 seconds
119.337: [GC [PSYoungGen: 7614K->992K(7680K)] 18521K->11898K(24576K), 0.0004520 secs] [Times: user=0.00 sys=0.00, real=0.00 secs] 
119.337: Total time for which application threads were stopped: 0.0005600 seconds, Stopping threads took: 0.0000540 seconds
119.367: Application time: 0.0293560 seconds
119.367: [GC [PSYoungGen: 7646K->960K(7680K)] 18553K->11882K(24576K), 0.0004080 secs] [Times: user=0.00 sys=0.00, real=0.00 secs] 
119.367: Total time for which application threads were stopped: 0.0005120 seconds, Stopping threads took: 0.0000500 seconds
119.397: Application time: 0.0292720 seconds
119.397: [GC [PSYoungGen: 7612K->928K(7680K)] 18534K->11914K(24576K), 0.0005260 secs] [Times: user=0.00 sys=0.00, real=0.00 secs] 
119.397: Total time for which application threads were stopped: 0.0006260 seconds, Stopping threads took: 0.0000490 seconds
119.424: Application time: 0.0266640 seconds
119.424: [GC [PSYoungGen: 7583K->992K(7680K)] 18570K->12010K(24576K), 0.0005270 secs] [Times: user=0.00 sys=0.00, real=0.00 secs] 
119.425: Total time for which application threads were stopped: 0.0006350 seconds, Stopping threads took: 0.0000470 seconds
119.451: Application time: 0.0266410 seconds
119.451: [GC [PSYoungGen: 7647K->992K(7680K)] 18666K->12346K(24576K), 0.0005330 secs] [Times: user=0.01 sys=0.00, real=0.00 secs] 
119.452: Total time for which application threads were stopped: 0.0006590 seconds, Stopping threads took: 0.0000580 seconds
119.482: Application time: 0.0297720 seconds
119.482: [GC [PSYoungGen: 7646K->928K(7680K)] 19001K->12314K(24576K), 0.0005110 secs] [Times: user=0.01 sys=0.00, real=0.00 secs] 
119.482: Total time for which application threads were stopped: 0.0005960 seconds, Stopping threads took: 0.0000320 seconds
119.511: Application time: 0.0292790 seconds
119.512: [GC [PSYoungGen: 7582K->896K(7680K)] 18969K->12330K(24576K), 0.0004750 secs] [Times: user=0.00 sys=0.00, real=0.00 secs] 
119.512: Total time for which application threads were stopped: 0.0005880 seconds, Stopping threads took: 0.0000590 seconds
119.542: Application time: 0.0294340 seconds
119.542: [GC [PSYoungGen: 7550K->736K(7680K)] 18985K->12407K(24576K), 0.0004400 secs] [Times: user=0.00 sys=0.00, real=0.00 secs] 
119.542: Total time for which application threads were stopped: 0.0005330 seconds, Stopping threads took: 0.0000420 seconds
119.571: Application time: 0.0294270 seconds
119.572: [GC [PSYoungGen: 7390K->544K(7680K)] 19061K->12415K(24576K), 0.0004130 secs] [Times: user=0.00 sys=0.00, real=0.00 secs] 
119.572: Total time for which application threads were stopped: 0.0005120 seconds, Stopping threads took: 0.0000450 seconds
119.601: Application time: 0.0295000 seconds
119.603: [GC [PSYoungGen: 7198K->544K(7680K)] 19069K->12415K(24576K), 0.0004080 secs] [Times: user=0.00 sys=0.00, real=0.00 secs] 
119.603: Total time for which application threads were stopped: 0.0017360 seconds, Stopping threads took: 0.0012760 seconds
119.633: Application time: 0.0298060 seconds
119.633: [GC [PSYoungGen: 7198K->512K(7680K)] 19069K->12383K(24576K), 0.0003770 secs] [Times: user=0.00 sys=0.00, real=0.00 secs] 
119.634: Total time for which application threads were stopped: 0.0004890 seconds, Stopping threads took: 0.0000570 seconds
119.663: Application time: 0.0294810 seconds
119.663: [GC [PSYoungGen: 7166K->544K(7680K)] 19037K->12415K(24576K), 0.0003910 secs] [Times: user=0.00 sys=0.00, real=0.00 secs] 
119.664: Total time for which application threads were stopped: 0.0004850 seconds, Stopping threads took: 0.0000420 seconds
119.693: Application time: 0.0294550 seconds
119.693: [GC [PSYoungGen: 7198K->512K(7680K)] 19069K->12383K(24576K), 0.0003560 secs] [Times: user=0.00 sys=0.00, real=0.00 secs] 
119.693: Total time for which application threads were stopped: 0.0004640 seconds, Stopping threads took: 0.0000550 seconds
119.723: Application time: 0.0294730 seconds
119.723: [GC [PSYoungGen: 7166K->480K(7680K)] 19037K->12351K(24576K), 0.0004200 secs] [Times: user=0.00 sys=0.00, real=0.00 secs] 
119.723: Total time for which application threads were stopped: 0.0005250 seconds, Stopping threads took: 0.0000540 seconds
119.753: Application time: 0.0294180 seconds
119.753: [GC [PSYoungGen: 7134K->544K(7680K)] 19005K->12415K(24576K), 0.0003850 secs] [Times: user=0.00 sys=0.00, real=0.00 secs] 
119.753: Total time for which application threads were stopped: 0.0004850 seconds, Stopping threads took: 0.0000480 seconds
119.783: Application time: 0.0294220 seconds
119.783: [GC [PSYoungGen: 7198K->576K(7680K)] 19069K->12447K(24576K), 0.0003370 secs] [Times: user=0.00 sys=0.00, real=0.00 secs] 
119.783: Total time for which application threads were stopped: 0.0004250 seconds, Stopping threads took: 0.0000380 seconds
119.813: Application time: 0.0294650 seconds
119.813: [GC [PSYoungGen: 7230K->512K(7680K)] 19101K->12383K(24576K), 0.0003920 secs] [Times: user=0.00 sys=0.00, real=0.00 secs] 
119.813: Total time for which application threads were stopped: 0.0004890 seconds, Stopping threads took: 0.0000440 seconds
119.843: Application time: 0.0294590 seconds
119.843: [GC [PSYoungGen: 7166K->544K(7680K)] 19037K->12415K(24576K), 0.0003520 secs] [Times: user=0.00 sys=0.00, real=0.00 secs] 
119.843: Total time for which application threads were stopped: 0.0004580 seconds, Stopping threads took: 0.0000560 seconds
119.873: Application time: 0.0295850 seconds
119.873: [GC [PSYoungGen: 7198K->544K(7680K)] 19069K->12483K(24576K), 0.0003460 secs] [Times: user=0.01 sys=0.00, real=0.00 secs] 
119.873: Total time for which application threads were stopped: 0.0004580 seconds, Stopping threads took: 0.0000590 seconds
119.903: Application time: 0.0294690 seconds
119.903: [GC [PSYoungGen: 7198K->0K(7680K)] 19138K->12352K(24576K), 0.0003560 secs] [Times: user=0.00 sys=0.00, real=0.00 secs] 
119.903: Total time for which application threads were stopped: 0.0004530 seconds, Stopping threads took: 0.0000420 seconds
119.932: Application time: 0.0294500 seconds
119.933: [GC [PSYoungGen: 6654K->0K(7680K)] 19006K->12352K(24576K), 0.0003420 secs] [Times: user=0.00 sys=0.00, real=0.00 secs] 
119.933: Total time for which application threads were stopped: 0.0004360 seconds, Stopping threads took: 0.0000450 seconds
119.962: Application time: 0.0295510 seconds
119.963: [GC [PSYoungGen: 6654K->0K(7680K)] 19006K->12352K(24576K), 0.0003230 secs] [Times: user=0.01 sys=0.00, real=0.00 secs] 
119.963: Total time for which application threads were stopped: 0.0004430 seconds, Stopping threads took: 0.0000590 seconds
119.988: Application time: 0.0252710 seconds
119.988: [GC [PSYoungGen: 6652K->352K(7680K)] 19004K->12704K(24576K), 0.0003490 secs] [Times: user=0.00 sys=0.00, real=0.00 secs] 
119.989: Total time for which application threads were stopped: 0.0004410 seconds, Stopping threads took: 0.0000420 seconds
120.009: Application time: 0.0206230 seconds
120.009: [GC [PSYoungGen: 7005K->384K(7680K)] 19357K->12736K(24576K), 0.0003270 secs] [Times: user=0.00 sys=0.00, real=0.00 secs] 
120.010: Total time for which application threads were stopped: 0.0004250 seconds, Stopping threads took: 0.0000490 seconds
120.032: Application time: 0.0227950 seconds
120.033: [GC [PSYoungGen: 7035K->288K(7680K)] 19387K->12640K(24576K), 0.0003520 secs] [Times: user=0.00 sys=0.00, real=0.00 secs] 
120.033: Total time for which application threads were stopped: 0.0004470 seconds, Stopping threads took: 0.0000450 seconds
120.062: Application time: 0.0290940 seconds
120.062: [GC [PSYoungGen: 6940K->384K(7680K)] 19292K->12736K(24576K), 0.0003240 secs] [Times: user=0.00 sys=0.00, real=0.00 secs] 
120.062: Total time for which application threads were stopped: 0.0004080 seconds, Stopping threads took: 0.0000380 seconds
120.091: Application time: 0.0281340 seconds
120.091: [GC [PSYoungGen: 7036K->384K(7680K)] 19388K->12736K(24576K), 0.0003410 secs] [Times: user=0.00 sys=0.00, real=0.00 secs] 
120.091: Total time for which application threads were stopped: 0.0004410 seconds, Stopping threads took: 0.0000470 seconds
120.120: Application time: 0.0293020 seconds
120.120: [GC [PSYoungGen: 7036K->352K(7680K)] 19388K->12704K(24576K), 0.0003230 secs] [Times: user=0.00 sys=0.00, real=0.00 secs] 
120.121: Total time for which application threads were stopped: 0.0004090 seconds, Stopping threads took: 0.0000390 seconds
120.146: Application time: 0.0255960 seconds
120.146: [GC [PSYoungGen: 7004K->480K(7680K)] 19356K->12832K(24576K), 0.0004110 secs] [Times: user=0.00 sys=0.00, real=0.01 secs] 
120.147: Total time for which application threads were stopped: 0.0005140 seconds, Stopping threads took: 0.0000490 seconds
120.167: Application time: 0.0205300 seconds
120.167: [GC [PSYoungGen: 7134K->544K(7680K)] 19487K->12896K(24576K), 0.0003570 secs] [Times: user=0.00 sys=0.00, real=0.00 secs] 
120.168: Total time for which application threads were stopped: 0.0004520 seconds, Stopping threads took: 0.0000440 seconds
120.186: Application time: 0.0177830 seconds
120.187: [GC [PSYoungGen: 7198K->736K(7680K)] 19550K->13088K(24576K), 0.0003700 secs] [Times: user=0.00 sys=0.00, real=0.01 secs] 
120.187: Total time for which application threads were stopped: 0.0013460 seconds, Stopping threads took: 0.0009190 seconds
120.207: Application time: 0.0204850 seconds
120.208: [GC [PSYoungGen: 7388K->864K(7680K)] 19741K->13216K(24576K), 0.0004030 secs] [Times: user=0.00 sys=0.00, real=0.00 secs] 
120.208: Total time for which application threads were stopped: 0.0004910 seconds, Stopping threads took: 0.0000400 seconds
120.230: Application time: 0.0224230 seconds
120.230: [GC [PSYoungGen: 7515K->864K(7680K)] 19867K->13216K(24576K), 0.0003960 secs] [Times: user=0.01 sys=0.00, real=0.00 secs] 
120.231: Total time for which application threads were stopped: 0.0004970 seconds, Stopping threads took: 0.0000490 seconds
120.258: Application time: 0.0275590 seconds
120.263: [GC [PSYoungGen: 7517K->768K(7680K)] 19869K->13120K(24576K), 0.0003800 secs] [Times: user=0.00 sys=0.00, real=0.00 secs] 
120.263: Total time for which application threads were stopped: 0.0048090 seconds, Stopping threads took: 0.0043790 seconds
120.288: Application time: 0.0246030 seconds
120.288: [GC [PSYoungGen: 7422K->896K(7680K)] 19774K->13248K(24576K), 0.0004040 secs] [Times: user=0.00 sys=0.00, real=0.00 secs] 
120.288: Total time for which application threads were stopped: 0.0005300 seconds, Stopping threads took: 0.0000720 seconds
120.308: Application time: 0.0195030 seconds
120.308: [GC [PSYoungGen: 7551K->992K(7680K)] 19903K->13344K(24576K), 0.0003940 secs] [Times: user=0.00 sys=0.00, real=0.00 secs] 
120.308: Total time for which application threads were stopped: 0.0004910 seconds, Stopping threads took: 0.0000430 seconds
120.330: Application time: 0.0217980 seconds
120.330: [GC [PSYoungGen: 7643K->944K(7680K)] 19995K->13296K(24576K), 0.0004280 secs] [Times: user=0.00 sys=0.00, real=0.00 secs] 
120.331: Total time for which application threads were stopped: 0.0005340 seconds, Stopping threads took: 0.0000530 seconds
120.359: Application time: 0.0284760 seconds
120.359: [GC [PSYoungGen: 7596K->928K(7680K)] 19948K->13280K(24576K), 0.0004180 secs] [Times: user=0.00 sys=0.00, real=0.00 secs] 
120.360: Total time for which application threads were stopped: 0.0005180 seconds, Stopping threads took: 0.0000480 seconds
120.384: Application time: 0.0244190 seconds
120.384: [GC [PSYoungGen: 7582K->992K(7680K)] 19934K->13624K(24576K), 0.0004650 secs] [Times: user=0.01 sys=0.00, real=0.00 secs] 
120.385: Total time for which application threads were stopped: 0.0005680 seconds, Stopping threads took: 0.0000450 seconds
120.405: Application time: 0.0202660 seconds
120.405: [GC [PSYoungGen: 7644K->992K(7680K)] 20276K->13632K(24576K), 0.0004440 secs] [Times: user=0.00 sys=0.00, real=0.00 secs] 
120.405: Total time for which application threads were stopped: 0.0005460 seconds, Stopping threads took: 0.0000430 seconds
120.425: Application time: 0.0193810 seconds
120.425: [GC [PSYoungGen: 7644K->928K(7680K)] 20284K->13696K(24576K), 0.0004510 secs] [Times: user=0.00 sys=0.00, real=0.00 secs] 
120.425: Total time for which application threads were stopped: 0.0005510 seconds, Stopping threads took: 0.0000470 seconds
120.454: Application time: 0.0287550 seconds
120.454: [GC [PSYoungGen: 7580K->960K(7680K)] 20348K->13728K(24576K), 0.0004220 secs] [Times: user=0.00 sys=0.00, real=0.00 secs] 
120.455: Total time for which application threads were stopped: 0.0005230 seconds, Stopping threads took: 0.0000440 seconds
120.484: Application time: 0.0288690 seconds
120.484: [GC [PSYoungGen: 7612K->992K(7680K)] 20380K->13760K(24576K), 0.0004110 secs] [Times: user=0.00 sys=0.00, real=0.00 secs] 
120.484: Total time for which application threads were stopped: 0.0005260 seconds, Stopping threads took: 0.0000540 seconds
120.512: Application time: 0.0279890 seconds
120.512: [GC [PSYoungGen: 7644K->992K(7680K)] 20412K->13768K(24576K), 0.0004280 secs] [Times: user=0.00 sys=0.00, real=0.00 secs] 
120.513: Total time for which application threads were stopped: 0.0005330 seconds, Stopping threads took: 0.0000500 seconds
120.542: Application time: 0.0291000 seconds
120.542: [GC [PSYoungGen: 7646K->896K(7680K)] 20423K->13672K(24576K), 0.0004750 secs] [Times: user=0.00 sys=0.00, real=0.00 secs] 
120.542: Total time for which application threads were stopped: 0.0005790 seconds, Stopping threads took: 0.0000540 seconds
120.571: Application time: 0.0288980 seconds
120.571: [GC [PSYoungGen: 7550K->960K(7680K)] 20327K->13736K(24576K), 0.0004040 secs] [Times: user=0.01 sys=0.00, real=0.00 secs] 
120.572: Total time for which application threads were stopped: 0.0005130 seconds, Stopping threads took: 0.0000560 seconds
120.599: Application time: 0.0271180 seconds
120.599: [GC [PSYoungGen: 7614K->992K(7680K)] 20390K->13904K(24576K), 0.0004360 secs] [Times: user=0.00 sys=0.00, real=0.00 secs] 
120.599: Total time for which application threads were stopped: 0.0005450 seconds, Stopping threads took: 0.0000550 seconds
120.627: Application time: 0.0280020 seconds
120.627: [GC [PSYoungGen: 7646K->992K(7680K)] 20558K->14000K(24576K), 0.0005130 secs] [Times: user=0.00 sys=0.00, real=0.00 secs] 
120.628: Total time for which application threads were stopped: 0.0006250 seconds, Stopping threads took: 0.0000520 seconds
120.657: Application time: 0.0291410 seconds
120.657: [GC [PSYoungGen: 7646K->992K(7680K)] 20655K->14024K(24576K), 0.0004470 secs] [Times: user=0.00 sys=0.00, real=0.00 secs] 
120.658: Total time for which application threads were stopped: 0.0005560 seconds, Stopping threads took: 0.0000520 seconds
120.687: Application time: 0.0291140 seconds
120.687: [GC [PSYoungGen: 7646K->1008K(7680K)] 20679K->14080K(24576K), 0.0004410 secs] [Times: user=0.00 sys=0.00, real=0.00 secs] 
120.687: Total time for which application threads were stopped: 0.0005550 seconds, Stopping threads took: 0.0000570 seconds
120.714: Application time: 0.0263490 seconds
120.714: [GC [PSYoungGen: 7661K->992K(7680K)] 20734K->14396K(24576K), 0.0005150 secs] [Times: user=0.00 sys=0.00, real=0.00 secs] 
120.714: Total time for which application threads were stopped: 0.0006240 seconds, Stopping threads took: 0.0000560 seconds
120.734: Application time: 0.0198290 seconds
120.734: [GC [PSYoungGen: 7647K->960K(7680K)] 21051K->14516K(24576K), 0.0004520 secs] [Times: user=0.01 sys=0.00, real=0.00 secs] 
120.735: Total time for which application threads were stopped: 0.0005630 seconds, Stopping threads took: 0.0000530 seconds
120.750: Application time: 0.0148980 seconds
120.750: [GC [PSYoungGen: 7613K->992K(7680K)] 21169K->14884K(24576K), 0.0005680 secs] [Times: user=0.00 sys=0.00, real=0.00 secs] 
120.750: Total time for which application threads were stopped: 0.0006700 seconds, Stopping threads took: 0.0000450 seconds
120.763: Application time: 0.0130210 seconds
120.763: [GC [PSYoungGen: 7646K->1008K(7680K)] 21539K->14916K(24576K), 0.0004340 secs] [Times: user=0.00 sys=0.00, real=0.00 secs] 
120.764: Total time for which application threads were stopped: 0.0005380 seconds, Stopping threads took: 0.0000500 seconds
120.780: Application time: 0.0156270 seconds
120.780: [GC [PSYoungGen: 7662K->1008K(7680K)] 21570K->15068K(24576K), 0.0004580 secs] [Times: user=0.01 sys=0.00, real=0.00 secs] 
120.780: Total time for which application threads were stopped: 0.0005570 seconds, Stopping threads took: 0.0000470 seconds
120.804: Application time: 0.0240110 seconds
120.804: [GC [PSYoungGen: 7659K->992K(7680K)] 21720K->15185K(24576K), 0.0005330 secs] [Times: user=0.00 sys=0.00, real=0.00 secs] 
120.806: Total time for which application threads were stopped: 0.0016350 seconds, Stopping threads took: 0.0000410 seconds
120.833: Application time: 0.0268640 seconds
120.833: [GC [PSYoungGen: 7646K->1008K(7680K)] 21839K->15410K(24576K), 0.0005920 secs] [Times: user=0.00 sys=0.00, real=0.00 secs] 
120.833: Total time for which application threads were stopped: 0.0007230 seconds, Stopping threads took: 0.0000750 seconds
120.859: Application time: 0.0259810 seconds
120.859: [GC [PSYoungGen: 7662K->992K(7680K)] 22064K->15782K(24576K), 0.0004980 secs] [Times: user=0.00 sys=0.00, real=0.00 secs] 
120.860: Total time for which application threads were stopped: 0.0006100 seconds, Stopping threads took: 0.0000570 seconds
120.889: Application time: 0.0289870 seconds
120.889: [GC [PSYoungGen: 7646K->992K(7680K)] 22437K->15838K(24576K), 0.0004320 secs] [Times: user=0.00 sys=0.00, real=0.00 secs] 
120.889: Total time for which application threads were stopped: 0.0005280 seconds, Stopping threads took: 0.0000450 seconds
120.918: Application time: 0.0290670 seconds
120.919: [GC [PSYoungGen: 7646K->992K(7680K)] 22493K->15862K(24576K), 0.0004470 secs] [Times: user=0.00 sys=0.00, real=0.01 secs] 
120.919: Total time for which application threads were stopped: 0.0005480 seconds, Stopping threads took: 0.0000450 seconds
120.948: Application time: 0.0290990 seconds
120.948: [GC [PSYoungGen: 7646K->992K(7680K)] 22517K->15870K(24576K), 0.0004560 secs] [Times: user=0.00 sys=0.00, real=0.00 secs] 
120.949: Total time for which application threads were stopped: 0.0005630 seconds, Stopping threads took: 0.0000530 seconds
120.978: Application time: 0.0289640 seconds
120.978: [GC [PSYoungGen: 7646K->992K(7680K)] 22525K->15926K(24576K), 0.0004500 secs] [Times: user=0.01 sys=0.00, real=0.00 secs] 
120.978: Total time for which application threads were stopped: 0.0005420 seconds, Stopping threads took: 0.0000390 seconds
121.007: Application time: 0.0290010 seconds
121.007: [GC [PSYoungGen: 7646K->944K(7680K)] 22581K->15934K(24576K), 0.0004050 secs] [Times: user=0.00 sys=0.00, real=0.00 secs] 
121.008: Total time for which application threads were stopped: 0.0005140 seconds, Stopping threads took: 0.0000520 seconds
121.037: Application time: 0.0292400 seconds
121.037: [GC [PSYoungGen: 7596K->928K(7680K)] 22587K->15918K(24576K), 0.0003880 secs] [Times: user=0.00 sys=0.00, real=0.00 secs] 
121.037: Total time for which application threads were stopped: 0.0004820 seconds, Stopping threads took: 0.0000400 seconds
121.067: Application time: 0.0290770 seconds
121.067: [GC [PSYoungGen: 7582K->960K(7680K)] 22573K->15950K(24576K), 0.0003820 secs] [Times: user=0.00 sys=0.00, real=0.01 secs] 
121.067: Total time for which application threads were stopped: 0.0004820 seconds, Stopping threads took: 0.0000440 seconds
121.096: Application time: 0.0290580 seconds
121.096: [GC [PSYoungGen: 7614K->960K(7680K)] 22605K->15950K(24576K), 0.0004010 secs] [Times: user=0.00 sys=0.00, real=0.00 secs] 
121.097: Total time for which application threads were stopped: 0.0004890 seconds, Stopping threads took: 0.0000370 seconds
121.126: Application time: 0.0290280 seconds
121.126: [GC [PSYoungGen: 7614K->736K(7680K)] 22605K->15955K(24576K), 0.0003950 secs] [Times: user=0.00 sys=0.00, real=0.00 secs] 
121.126: Total time for which application threads were stopped: 0.0005030 seconds, Stopping threads took: 0.0000550 seconds
121.154: Application time: 0.0281620 seconds
121.154: [GC [PSYoungGen: 7390K->896K(7680K)] 22609K->16139K(24576K), 0.0003860 secs] [Times: user=0.00 sys=0.00, real=0.00 secs] 
121.155: Total time for which application threads were stopped: 0.0004800 seconds, Stopping threads took: 0.0000380 seconds
121.180: Application time: 0.0249690 seconds
121.180: [GC [PSYoungGen: 7549K->992K(7680K)] 22792K->16555K(24576K), 0.0005450 secs] [Times: user=0.00 sys=0.00, real=0.00 secs] 
121.180: Total time for which application threads were stopped: 0.0006400 seconds, Stopping threads took: 0.0000430 seconds
121.210: Application time: 0.0293480 seconds
121.210: [GC [PSYoungGen: 7644K->992K(7680K)] 23207K->16595K(24576K), 0.0004660 secs] [Times: user=0.00 sys=0.00, real=0.00 secs] 
121.210: Total time for which application threads were stopped: 0.0005740 seconds, Stopping threads took: 0.0000550 seconds
121.240: Application time: 0.0295080 seconds
121.240: [GC [PSYoungGen: 7646K->992K(7680K)] 23250K->16611K(24576K), 0.0004320 secs] [Times: user=0.00 sys=0.00, real=0.00 secs] 
121.240: Total time for which application threads were stopped: 0.0005460 seconds, Stopping threads took: 0.0000570 seconds
121.270: Application time: 0.0298060 seconds
121.270: [GC [PSYoungGen: 7644K->928K(7680K)] 23263K->16631K(24576K), 0.0004460 secs] [Times: user=0.01 sys=0.00, real=0.00 secs] 
121.271: Total time for which application threads were stopped: 0.0005500 seconds, Stopping threads took: 0.0000440 seconds
121.300: Application time: 0.0296060 seconds
121.300: [GC [PSYoungGen: 7582K->704K(7680K)] 23286K->16663K(24576K), 0.0004110 secs] [Times: user=0.00 sys=0.00, real=0.00 secs] 
121.301: Total time for which application threads were stopped: 0.0005110 seconds, Stopping threads took: 0.0000450 seconds
121.331: Application time: 0.0297370 seconds
121.331: [GC [PSYoungGen: 7358K->672K(7680K)] 23318K->16631K(24576K), 0.0003700 secs] [Times: user=0.00 sys=0.00, real=0.00 secs] 
121.331: Total time for which application threads were stopped: 0.0004670 seconds, Stopping threads took: 0.0000470 seconds
121.361: Application time: 0.0296480 seconds
121.361: [GC [PSYoungGen: 7326K->704K(7680K)] 23286K->16663K(24576K), 0.0003590 secs] [Times: user=0.00 sys=0.00, real=0.00 secs] 
121.361: Total time for which application threads were stopped: 0.0004450 seconds, Stopping threads took: 0.0000350 seconds
121.391: Application time: 0.0296540 seconds
121.391: [GC [PSYoungGen: 7358K->736K(7680K)] 23318K->16695K(24576K), 0.0003490 secs] [Times: user=0.00 sys=0.00, real=0.00 secs] 
121.391: Total time for which application threads were stopped: 0.0004500 seconds, Stopping threads took: 0.0000480 seconds
121.421: Application time: 0.0295820 seconds
121.421: [GC [PSYoungGen: 7390K->704K(7680K)] 23350K->16663K(24576K), 0.0003730 secs] [Times: user=0.01 sys=0.00, real=0.00 secs] 
121.421: Total time for which application threads were stopped: 0.0004740 seconds, Stopping threads took: 0.0000490 seconds
121.451: Application time: 0.0297500 seconds
121.451: [GC [PSYoungGen: 7358K->608K(7680K)] 23318K->16567K(24576K), 0.0005090 secs] [Times: user=0.01 sys=0.00, real=0.00 secs] 
121.452: Total time for which application threads were stopped: 0.0006070 seconds, Stopping threads took: 0.0000440 seconds
121.481: Application time: 0.0296050 seconds
121.481: [GC [PSYoungGen: 7262K->704K(7680K)] 23222K->16663K(24576K), 0.0003880 secs] [Times: user=0.00 sys=0.00, real=0.00 secs] 
121.482: Total time for which application threads were stopped: 0.0004940 seconds, Stopping threads took: 0.0000550 seconds
121.512: Application time: 0.0298010 seconds
121.512: [GC [PSYoungGen: 7358K->640K(7680K)] 23318K->16599K(24576K), 0.0003950 secs] [Times: user=0.00 sys=0.00, real=0.00 secs] 
121.512: Total time for which application threads were stopped: 0.0004920 seconds, Stopping threads took: 0.0000420 seconds
121.542: Application time: 0.0297660 seconds
121.542: [GC [PSYoungGen: 7296K->704K(7680K)] 23255K->16663K(24576K), 0.0003700 secs] [Times: user=0.00 sys=0.00, real=0.00 secs] 
121.542: Total time for which application threads were stopped: 0.0004680 seconds, Stopping threads took: 0.0000470 seconds
121.572: Application time: 0.0296000 seconds
121.572: [GC [PSYoungGen: 7358K->640K(7680K)] 23318K->16599K(24576K), 0.0003890 secs] [Times: user=0.00 sys=0.00, real=0.00 secs] 
121.572: Total time for which application threads were stopped: 0.0004850 seconds, Stopping threads took: 0.0000480 seconds
121.602: Application time: 0.0297150 seconds
121.602: [GC [PSYoungGen: 7294K->672K(7680K)] 23254K->16631K(24576K), 0.0004070 secs] [Times: user=0.00 sys=0.00, real=0.00 secs] 
121.603: Total time for which application threads were stopped: 0.0005040 seconds, Stopping threads took: 0.0000440 seconds
121.632: Application time: 0.0298110 seconds
121.632: [GC [PSYoungGen: 7326K->0K(7680K)] 23286K->16556K(24576K), 0.0004650 secs] [Times: user=0.00 sys=0.00, real=0.00 secs] 
121.633: [Full GC [PSYoungGen: 0K->0K(7680K)] [ParOldGen: 16556K->3753K(16896K)] 16556K->3753K(24576K) [PSPermGen: 5542K->5542K(21504K)], 0.0062340 secs] [Times: user=0.03 sys=0.00, real=0.01 secs] 
121.639: Total time for which application threads were stopped: 0.0068560 seconds, Stopping threads took: 0.0000480 seconds
121.669: Application time: 0.0298860 seconds
121.669: [GC [PSYoungGen: 6654K->0K(7680K)] 10407K->3753K(24576K), 0.0003300 secs] [Times: user=0.01 sys=0.00, real=0.00 secs] 
121.670: Total time for which application threads were stopped: 0.0004520 seconds, Stopping threads took: 0.0000590 seconds
121.699: Application time: 0.0296130 seconds
121.699: [GC [PSYoungGen: 6654K->0K(7680K)] 10407K->3753K(24576K), 0.0002920 secs] [Times: user=0.00 sys=0.00, real=0.00 secs] 
121.700: Total time for which application threads were stopped: 0.0003790 seconds, Stopping threads took: 0.0000400 seconds
121.723: Application time: 0.0232890 seconds
121.723: [GC [PSYoungGen: 6651K->384K(7680K)] 10405K->4137K(24576K), 0.0003190 secs] [Times: user=0.00 sys=0.00, real=0.00 secs] 
121.723: Total time for which application threads were stopped: 0.0004040 seconds, Stopping threads took: 0.0000380 seconds
121.745: Application time: 0.0213560 seconds
121.747: [GC [PSYoungGen: 7039K->352K(7680K)] 10793K->4105K(24576K), 0.0003220 secs] [Times: user=0.00 sys=0.00, real=0.00 secs] 
121.747: Total time for which application threads were stopped: 0.0025000 seconds, Stopping threads took: 0.0021310 seconds
121.771: Application time: 0.0242470 seconds
121.775: [GC [PSYoungGen: 7006K->512K(7680K)] 10759K->4265K(24576K), 0.0003360 secs] [Times: user=0.00 sys=0.00, real=0.00 secs] 
121.775: Total time for which application threads were stopped: 0.0037920 seconds, Stopping threads took: 0.0034060 seconds
121.804: Application time: 0.0292970 seconds
121.805: [GC [PSYoungGen: 7166K->352K(7680K)] 10919K->4105K(24576K), 0.0003160 secs] [Times: user=0.00 sys=0.00, real=0.00 secs] 
121.805: Total time for which application threads were stopped: 0.0004300 seconds, Stopping threads took: 0.0000620 seconds
121.833: Application time: 0.0283710 seconds
121.833: [GC [PSYoungGen: 7006K->384K(7680K)] 10759K->4137K(24576K), 0.0003460 secs] [Times: user=0.00 sys=0.00, real=0.00 secs] 
121.834: Total time for which application threads were stopped: 0.0004430 seconds, Stopping threads took: 0.0000480 seconds
121.863: Application time: 0.0293070 seconds
121.863: [GC [PSYoungGen: 7038K->448K(7680K)] 10791K->4201K(24576K), 0.0003750 secs] [Times: user=0.00 sys=0.00, real=0.00 secs] 
121.864: Total time for which application threads were stopped: 0.0004760 seconds, Stopping threads took: 0.0000500 seconds
121.893: Application time: 0.0292060 seconds
121.893: [GC [PSYoungGen: 7100K->352K(7680K)] 10853K->4105K(24576K), 0.0003060 secs] [Times: user=0.01 sys=0.00, real=0.00 secs] 
121.893: Total time for which application threads were stopped: 0.0004120 seconds, Stopping threads took: 0.0000560 seconds
121.913: Application time: 0.0198080 seconds
121.913: [GC [PSYoungGen: 7005K->544K(7680K)] 10758K->4297K(24576K), 0.0003440 secs] [Times: user=0.00 sys=0.00, real=0.00 secs] 
121.913: Total time for which application threads were stopped: 0.0004460 seconds, Stopping threads took: 0.0000520 seconds
121.931: Application time: 0.0175440 seconds
121.931: [GC [PSYoungGen: 7200K->672K(7680K)] 10953K->4425K(24576K), 0.0003580 secs] [Times: user=0.00 sys=0.00, real=0.00 secs] 
121.931: Total time for which application threads were stopped: 0.0004560 seconds, Stopping threads took: 0.0000500 seconds
121.950: Application time: 0.0182620 seconds
121.951: [GC [PSYoungGen: 7323K->736K(7680K)] 11076K->4489K(24576K), 0.0003780 secs] [Times: user=0.00 sys=0.00, real=0.00 secs] 
121.951: Total time for which application threads were stopped: 0.0015420 seconds, Stopping threads took: 0.0011130 seconds
121.975: Application time: 0.0238600 seconds
121.975: [GC [PSYoungGen: 7390K->768K(7680K)] 11143K->4521K(24576K), 0.0003610 secs] [Times: user=0.00 sys=0.00, real=0.00 secs] 
121.976: Total time for which application threads were stopped: 0.0004560 seconds, Stopping threads took: 0.0000430 seconds
122.004: Application time: 0.0285210 seconds
122.004: [GC [PSYoungGen: 7422K->704K(7680K)] 11175K->4457K(24576K), 0.0003450 secs] [Times: user=0.00 sys=0.00, real=0.00 secs] 
122.004: Total time for which application threads were stopped: 0.0004470 seconds, Stopping threads took: 0.0000490 seconds
122.029: Application time: 0.0249840 seconds
122.030: [GC [PSYoungGen: 7355K->896K(7680K)] 11109K->4649K(24576K), 0.0003620 secs] [Times: user=0.00 sys=0.00, real=0.00 secs] 
122.030: Total time for which application threads were stopped: 0.0004710 seconds, Stopping threads took: 0.0000420 seconds
122.050: Application time: 0.0195720 seconds
122.050: [GC [PSYoungGen: 7549K->992K(7680K)] 11302K->4745K(24576K), 0.0004190 secs] [Times: user=0.01 sys=0.00, real=0.00 secs] 
122.050: Total time for which application threads were stopped: 0.0005210 seconds, Stopping threads took: 0.0000480 seconds
122.071: Application time: 0.0205590 seconds
122.071: [GC [PSYoungGen: 7646K->992K(7680K)] 11399K->4745K(24576K), 0.0004110 secs] [Times: user=0.00 sys=0.00, real=0.00 secs] 
122.071: Total time for which application threads were stopped: 0.0005200 seconds, Stopping threads took: 0.0000570 seconds
122.100: Application time: 0.0285270 seconds
122.100: [GC [PSYoungGen: 7644K->960K(7680K)] 11397K->4713K(24576K), 0.0003820 secs] [Times: user=0.00 sys=0.00, real=0.00 secs] 
122.100: Total time for which application threads were stopped: 0.0004850 seconds, Stopping threads took: 0.0000510 seconds
122.125: Application time: 0.0252100 seconds
122.125: [GC [PSYoungGen: 7612K->992K(7680K)] 11365K->4901K(24576K), 0.0004190 secs] [Times: user=0.00 sys=0.00, real=0.00 secs] 
122.126: Total time for which application threads were stopped: 0.0005240 seconds, Stopping threads took: 0.0000530 seconds
122.145: Application time: 0.0194970 seconds
122.145: [GC [PSYoungGen: 7644K->992K(7680K)] 11554K->5037K(24576K), 0.0004430 secs] [Times: user=0.01 sys=0.00, real=0.00 secs] 
122.146: Total time for which application threads were stopped: 0.0005420 seconds, Stopping threads took: 0.0000460 seconds
122.166: Application time: 0.0196690 seconds
122.166: [GC [PSYoungGen: 7647K->1008K(7680K)] 11692K->5077K(24576K), 0.0004440 secs] [Times: user=0.01 sys=0.00, real=0.00 secs] 
122.166: Total time for which application threads were stopped: 0.0005530 seconds, Stopping threads took: 0.0000520 seconds
122.195: Application time: 0.0286330 seconds
122.195: [GC [PSYoungGen: 7660K->1008K(7680K)] 11729K->5077K(24576K), 0.0004200 secs] [Times: user=0.01 sys=0.00, real=0.00 secs] 
122.195: Total time for which application threads were stopped: 0.0005210 seconds, Stopping threads took: 0.0000480 seconds
122.224: Application time: 0.0287240 seconds
122.224: [GC [PSYoungGen: 7660K->992K(7680K)] 11729K->5097K(24576K), 0.0004160 secs] [Times: user=0.00 sys=0.00, real=0.00 secs] 
122.225: Total time for which application threads were stopped: 0.0005160 seconds, Stopping threads took: 0.0000480 seconds
122.253: Application time: 0.0284040 seconds
122.255: [GC [PSYoungGen: 7644K->992K(7680K)] 11749K->5149K(24576K), 0.0004240 secs] [Times: user=0.00 sys=0.00, real=0.00 secs] 
122.255: Total time for which application threads were stopped: 0.0023280 seconds, Stopping threads took: 0.0018510 seconds
122.285: Application time: 0.0299890 seconds
122.285: [GC [PSYoungGen: 7643K->992K(7680K)] 11801K->5149K(24576K), 0.0004170 secs] [Times: user=0.00 sys=0.00, real=0.00 secs] 
122.286: Total time for which application threads were stopped: 0.0005150 seconds, Stopping threads took: 0.0000450 seconds
122.315: Application time: 0.0293780 seconds
122.315: [GC [PSYoungGen: 7646K->960K(7680K)] 11804K->5117K(24576K), 0.0004030 secs] [Times: user=0.00 sys=0.00, real=0.00 secs] 
122.316: Total time for which application threads were stopped: 0.0005050 seconds, Stopping threads took: 0.0000450 seconds
122.343: Application time: 0.0274040 seconds
122.343: [GC [PSYoungGen: 7614K->992K(7680K)] 11772K->5317K(24576K), 0.0004360 secs] [Times: user=0.00 sys=0.00, real=0.00 secs] 
122.344: Total time for which application threads were stopped: 0.0005350 seconds, Stopping threads took: 0.0000440 seconds
122.371: Application time: 0.0274330 seconds
122.371: [GC [PSYoungGen: 7646K->944K(7680K)] 11971K->5397K(24576K), 0.0004560 secs] [Times: user=0.00 sys=0.00, real=0.00 secs] 
122.372: Total time for which application threads were stopped: 0.0005560 seconds, Stopping threads took: 0.0000470 seconds
122.401: Application time: 0.0290880 seconds
122.401: [GC [PSYoungGen: 7598K->896K(7680K)] 12052K->5349K(24576K), 0.0004240 secs] [Times: user=0.00 sys=0.00, real=0.00 secs] 
122.401: Total time for which application threads were stopped: 0.0005160 seconds, Stopping threads took: 0.0000400 seconds
122.430: Application time: 0.0290930 seconds
122.430: [GC [PSYoungGen: 7550K->864K(7680K)] 12004K->5333K(24576K), 0.0004010 secs] [Times: user=0.00 sys=0.00, real=0.00 secs] 
122.431: Total time for which application threads were stopped: 0.0005020 seconds, Stopping threads took: 0.0000470 seconds
122.459: Application time: 0.0282900 seconds
122.459: [GC [PSYoungGen: 7516K->992K(7680K)] 11986K->5525K(24576K), 0.0003970 secs] [Times: user=0.00 sys=0.00, real=0.00 secs] 
122.460: Total time for which application threads were stopped: 0.0005010 seconds, Stopping threads took: 0.0000500 seconds
122.483: Application time: 0.0235880 seconds
122.483: [GC [PSYoungGen: 7646K->992K(7680K)] 12179K->5878K(24576K), 0.0004920 secs] [Times: user=0.01 sys=0.00, real=0.00 secs] 
122.484: Total time for which application threads were stopped: 0.0005870 seconds, Stopping threads took: 0.0000420 seconds
122.499: Application time: 0.0150010 seconds
122.499: [GC [PSYoungGen: 7644K->1008K(7680K)] 12530K->6326K(24576K), 0.0005130 secs] [Times: user=0.00 sys=0.00, real=0.00 secs] 
122.499: Total time for which application threads were stopped: 0.0006280 seconds, Stopping threads took: 0.0000580 seconds
122.513: Application time: 0.0131280 seconds
122.513: [GC [PSYoungGen: 7662K->1008K(7680K)] 12980K->6366K(24576K), 0.0004440 secs] [Times: user=0.00 sys=0.00, real=0.00 secs] 
122.513: Total time for which application threads were stopped: 0.0005430 seconds, Stopping threads took: 0.0000450 seconds
122.527: Application time: 0.0134480 seconds
122.527: [GC [PSYoungGen: 7662K->976K(7680K)] 13020K->6462K(24576K), 0.0004110 secs] [Times: user=0.00 sys=0.00, real=0.01 secs] 
122.527: Total time for which application threads were stopped: 0.0005190 seconds, Stopping threads took: 0.0000530 seconds
122.548: Application time: 0.0204990 seconds
122.548: [GC [PSYoungGen: 7630K->1008K(7680K)] 13116K->6678K(24576K), 0.0004330 secs] [Times: user=0.00 sys=0.00, real=0.00 secs] 
122.548: Total time for which application threads were stopped: 0.0005470 seconds, Stopping threads took: 0.0000530 seconds
122.575: Application time: 0.0265900 seconds
122.575: [GC [PSYoungGen: 7661K->1008K(7680K)] 13331K->6814K(24576K), 0.0004700 secs] [Times: user=0.00 sys=0.00, real=0.00 secs] 
122.575: Total time for which application threads were stopped: 0.0005700 seconds, Stopping threads took: 0.0000430 seconds
122.602: Application time: 0.0269570 seconds
122.602: [GC [PSYoungGen: 7663K->992K(7680K)] 13469K->7042K(24576K), 0.0004590 secs] [Times: user=0.00 sys=0.00, real=0.00 secs] 
122.603: Total time for which application threads were stopped: 0.0005700 seconds, Stopping threads took: 0.0000560 seconds
122.631: Application time: 0.0282150 seconds
122.631: [GC [PSYoungGen: 7644K->992K(7680K)] 13694K->7239K(24576K), 0.0005070 secs] [Times: user=0.01 sys=0.00, real=0.00 secs] 
122.632: Total time for which application threads were stopped: 0.0006250 seconds, Stopping threads took: 0.0000570 seconds
122.661: Application time: 0.0296610 seconds
122.661: [GC [PSYoungGen: 7646K->992K(7680K)] 13894K->7259K(24576K), 0.0004520 secs] [Times: user=0.00 sys=0.00, real=0.00 secs] 
122.662: Total time for which application threads were stopped: 0.0005580 seconds, Stopping threads took: 0.0000530 seconds
122.691: Application time: 0.0292360 seconds
122.691: [GC [PSYoungGen: 7646K->960K(7680K)] 13914K->7227K(24576K), 0.0004530 secs] [Times: user=0.00 sys=0.00, real=0.00 secs] 
122.692: Total time for which application threads were stopped: 0.0005430 seconds, Stopping threads took: 0.0000390 seconds
122.721: Application time: 0.0292250 seconds
122.721: [GC [PSYoungGen: 7614K->800K(7680K)] 13882K->7304K(24576K), 0.0004010 secs] [Times: user=0.00 sys=0.00, real=0.00 secs] 
122.721: Total time for which application threads were stopped: 0.0005110 seconds, Stopping threads took: 0.0000440 seconds
122.751: Application time: 0.0292110 seconds
122.751: [GC [PSYoungGen: 7454K->768K(7680K)] 13959K->7308K(24576K), 0.0004060 secs] [Times: user=0.00 sys=0.00, real=0.00 secs] 
122.751: Total time for which application threads were stopped: 0.0005120 seconds, Stopping threads took: 0.0000530 seconds
122.780: Application time: 0.0291640 seconds
122.780: [GC [PSYoungGen: 7422K->800K(7680K)] 13963K->7340K(24576K), 0.0003810 secs] [Times: user=0.00 sys=0.00, real=0.00 secs] 
122.781: Total time for which application threads were stopped: 0.0004850 seconds, Stopping threads took: 0.0000500 seconds
122.810: Application time: 0.0291730 seconds
122.810: [GC [PSYoungGen: 7454K->800K(7680K)] 13995K->7340K(24576K), 0.0003820 secs] [Times: user=0.00 sys=0.00, real=0.00 secs] 
122.810: Total time for which application threads were stopped: 0.0004700 seconds, Stopping threads took: 0.0000380 seconds
122.840: Application time: 0.0291300 seconds
122.840: [GC [PSYoungGen: 7454K->800K(7680K)] 13995K->7340K(24576K), 0.0003560 secs] [Times: user=0.00 sys=0.00, real=0.00 secs] 
122.840: Total time for which application threads were stopped: 0.0004510 seconds, Stopping threads took: 0.0000440 seconds
122.869: Application time: 0.0293570 seconds
122.869: [GC [PSYoungGen: 7454K->800K(7680K)] 13995K->7380K(24576K), 0.0003590 secs] [Times: user=0.01 sys=0.00, real=0.00 secs] 
122.870: Total time for which application threads were stopped: 0.0004450 seconds, Stopping threads took: 0.0000370 seconds
122.899: Application time: 0.0292830 seconds
122.899: [GC [PSYoungGen: 7454K->704K(7680K)] 14035K->7353K(24576K), 0.0003900 secs] [Times: user=0.00 sys=0.00, real=0.00 secs] 
122.900: Total time for which application threads were stopped: 0.0004790 seconds, Stopping threads took: 0.0000380 seconds
122.925: Application time: 0.0257890 seconds
122.925: [GC [PSYoungGen: 7356K->992K(7680K)] 14005K->7665K(24576K), 0.0004530 secs] [Times: user=0.00 sys=0.00, real=0.00 secs] 
122.926: Total time for which application threads were stopped: 0.0005620 seconds, Stopping threads took: 0.0000570 seconds
122.953: Application time: 0.0275510 seconds
122.954: [GC [PSYoungGen: 7644K->992K(7680K)] 14317K->7697K(24576K), 0.0005250 secs] [Times: user=0.00 sys=0.00, real=0.00 secs] 
122.954: Total time for which application threads were stopped: 0.0006240 seconds, Stopping threads took: 0.0000410 seconds
122.983: Application time: 0.0293750 seconds
122.984: [GC [PSYoungGen: 7646K->992K(7680K)] 14351K->7705K(24576K), 0.0004770 secs] [Times: user=0.00 sys=0.00, real=0.00 secs] 
122.984: Total time for which application threads were stopped: 0.0005720 seconds, Stopping threads took: 0.0000420 seconds
123.014: Application time: 0.0295430 seconds
123.014: [GC [PSYoungGen: 7646K->864K(7680K)] 14359K->7801K(24576K), 0.0004050 secs] [Times: user=0.01 sys=0.00, real=0.00 secs] 
123.014: Total time for which application threads were stopped: 0.0004940 seconds, Stopping threads took: 0.0000370 seconds
123.044: Application time: 0.0295580 seconds
123.044: [GC [PSYoungGen: 7518K->672K(7680K)] 14455K->7809K(24576K), 0.0004350 secs] [Times: user=0.00 sys=0.00, real=0.00 secs] 
123.044: Total time for which application threads were stopped: 0.0005420 seconds, Stopping threads took: 0.0000530 seconds
123.074: Application time: 0.0297120 seconds
123.074: [GC [PSYoungGen: 7324K->672K(7680K)] 14461K->7809K(24576K), 0.0003570 secs] [Times: user=0.00 sys=0.00, real=0.00 secs] 
123.074: Total time for which application threads were stopped: 0.0004730 seconds, Stopping threads took: 0.0000570 seconds
123.104: Application time: 0.0295870 seconds
123.104: [GC [PSYoungGen: 7326K->608K(7680K)] 14463K->7745K(24576K), 0.0004300 secs] [Times: user=0.00 sys=0.00, real=0.00 secs] 
123.104: Total time for which application threads were stopped: 0.0005280 seconds, Stopping threads took: 0.0000470 seconds
123.134: Application time: 0.0295060 seconds
123.134: [GC [PSYoungGen: 7262K->640K(7680K)] 14399K->7777K(24576K), 0.0003610 secs] [Times: user=0.00 sys=0.00, real=0.00 secs] 
123.134: Total time for which application threads were stopped: 0.0004590 seconds, Stopping threads took: 0.0000380 seconds
123.164: Application time: 0.0295700 seconds
123.164: [GC [PSYoungGen: 7294K->672K(7680K)] 14431K->7809K(24576K), 0.0003440 secs] [Times: user=0.00 sys=0.00, real=0.00 secs] 
123.164: Total time for which application threads were stopped: 0.0004240 seconds, Stopping threads took: 0.0000300 seconds
123.194: Application time: 0.0295090 seconds
123.194: [GC [PSYoungGen: 7326K->640K(7680K)] 14463K->7777K(24576K), 0.0003600 secs] [Times: user=0.00 sys=0.00, real=0.00 secs] 
123.194: Total time for which application threads were stopped: 0.0004710 seconds, Stopping threads took: 0.0000580 seconds
123.224: Application time: 0.0294860 seconds
123.224: [GC [PSYoungGen: 7294K->800K(7680K)] 14431K->7937K(24576K), 0.0003790 secs] [Times: user=0.00 sys=0.00, real=0.00 secs] 
123.224: Total time for which application threads were stopped: 0.0004840 seconds, Stopping threads took: 0.0000540 seconds
123.254: Application time: 0.0295560 seconds
123.254: [GC [PSYoungGen: 7456K->640K(7680K)] 14593K->7777K(24576K), 0.0003810 secs] [Times: user=0.00 sys=0.00, real=0.00 secs] 
123.254: Total time for which application threads were stopped: 0.0004790 seconds, Stopping threads took: 0.0000450 seconds
123.284: Application time: 0.0295280 seconds
123.284: [GC [PSYoungGen: 7294K->672K(7680K)] 14431K->7809K(24576K), 0.0003510 secs] [Times: user=0.00 sys=0.00, real=0.00 secs] 
123.284: Total time for which application threads were stopped: 0.0004380 seconds, Stopping threads took: 0.0000340 seconds
123.314: Application time: 0.0294600 seconds
123.314: [GC [PSYoungGen: 7326K->704K(7680K)] 14463K->7841K(24576K), 0.0003440 secs] [Times: user=0.01 sys=0.00, real=0.00 secs] 
123.314: Total time for which application threads were stopped: 0.0004500 seconds, Stopping threads took: 0.0000540 seconds
123.344: Application time: 0.0295920 seconds
123.344: [GC [PSYoungGen: 7358K->800K(7680K)] 14495K->7937K(24576K), 0.0003880 secs] [Times: user=0.00 sys=0.00, real=0.00 secs] 
123.344: Total time for which application threads were stopped: 0.0004920 seconds, Stopping threads took: 0.0000520 seconds
123.374: Application time: 0.0294940 seconds
123.374: [GC [PSYoungGen: 7454K->512K(7680K)] 14591K->7845K(24576K), 0.0003360 secs] [Times: user=0.00 sys=0.00, real=0.00 secs] 
123.374: Total time for which application threads were stopped: 0.0004270 seconds, Stopping threads took: 0.0000400 seconds
123.404: Application time: 0.0294430 seconds
123.404: [GC [PSYoungGen: 7166K->0K(7680K)] 14500K->7749K(24576K), 0.0003620 secs] [Times: user=0.00 sys=0.00, real=0.00 secs] 
123.404: Total time for which application threads were stopped: 0.0004600 seconds, Stopping threads took: 0.0000470 seconds
123.434: Application time: 0.0294060 seconds
123.434: [GC [PSYoungGen: 6654K->0K(7680K)] 14404K->7749K(24576K), 0.0002950 secs] [Times: user=0.00 sys=0.00, real=0.00 secs] 
123.434: Total time for which application threads were stopped: 0.0003980 seconds, Stopping threads took: 0.0000530 seconds
123.456: Application time: 0.0217300 seconds
123.456: [GC [PSYoungGen: 6654K->384K(7680K)] 14403K->8133K(24576K), 0.0003210 secs] [Times: user=0.00 sys=0.00, real=0.00 secs] 
123.456: Total time for which application threads were stopped: 0.0004280 seconds, Stopping threads took: 0.0000510 seconds
123.477: Application time: 0.0208690 seconds
123.477: [GC [PSYoungGen: 7038K->288K(7680K)] 14787K->8037K(24576K), 0.0003760 secs] [Times: user=0.00 sys=0.00, real=0.00 secs] 
123.478: Total time for which application threads were stopped: 0.0004610 seconds, Stopping threads took: 0.0000390 seconds
123.504: Application time: 0.0259950 seconds
123.504: [GC [PSYoungGen: 6939K->384K(7680K)] 14689K->8133K(24576K), 0.0003120 secs] [Times: user=0.00 sys=0.00, real=0.00 secs] 
123.504: Total time for which application threads were stopped: 0.0004050 seconds, Stopping threads took: 0.0000440 seconds
123.533: Application time: 0.0290630 seconds
123.533: [GC [PSYoungGen: 7036K->320K(7680K)] 14785K->8069K(24576K), 0.0003640 secs] [Times: user=0.00 sys=0.00, real=0.00 secs] 
123.533: Total time for which application threads were stopped: 0.0004740 seconds, Stopping threads took: 0.0000600 seconds
123.562: Application time: 0.0281750 seconds
123.562: [GC [PSYoungGen: 6972K->512K(7680K)] 14721K->8261K(24576K), 0.0003500 secs] [Times: user=0.00 sys=0.00, real=0.00 secs] 
123.562: Total time for which application threads were stopped: 0.0004520 seconds, Stopping threads took: 0.0000530 seconds
123.591: Application time: 0.0291620 seconds
123.591: [GC [PSYoungGen: 7166K->352K(7680K)] 14916K->8101K(24576K), 0.0003080 secs] [Times: user=0.00 sys=0.00, real=0.00 secs] 
123.592: Total time for which application threads were stopped: 0.0004050 seconds, Stopping threads took: 0.0000420 seconds
123.619: Application time: 0.0276610 seconds
123.619: [GC [PSYoungGen: 7006K->480K(7680K)] 14755K->8229K(24576K), 0.0003910 secs] [Times: user=0.00 sys=0.00, real=0.00 secs] 
123.620: Total time for which application threads were stopped: 0.0005040 seconds, Stopping threads took: 0.0000570 seconds
123.640: Application time: 0.0205400 seconds
123.640: [GC [PSYoungGen: 7132K->640K(7680K)] 14882K->8389K(24576K), 0.0003640 secs] [Times: user=0.00 sys=0.00, real=0.00 secs] 
123.641: Total time for which application threads were stopped: 0.0004730 seconds, Stopping threads took: 0.0000550 seconds
123.657: Application time: 0.0159740 seconds
123.657: [GC [PSYoungGen: 7292K->736K(7680K)] 15042K->8485K(24576K), 0.0003710 secs] [Times: user=0.00 sys=0.00, real=0.00 secs] 
123.657: Total time for which application threads were stopped: 0.0004800 seconds, Stopping threads took: 0.0000530 seconds
123.676: Application time: 0.0191040 seconds
123.677: [GC [PSYoungGen: 7390K->736K(7680K)] 15140K->8485K(24576K), 0.0004140 secs] [Times: user=0.00 sys=0.00, real=0.00 secs] 
123.677: Total time for which application threads were stopped: 0.0005120 seconds, Stopping threads took: 0.0000470 seconds
123.701: Application time: 0.0237030 seconds
123.701: [GC [PSYoungGen: 7390K->736K(7680K)] 15139K->8485K(24576K), 0.0003650 secs] [Times: user=0.00 sys=0.00, real=0.00 secs] 
123.701: Total time for which application threads were stopped: 0.0004670 seconds, Stopping threads took: 0.0000510 seconds
123.729: Application time: 0.0278370 seconds
123.729: [GC [PSYoungGen: 7388K->736K(7680K)] 15137K->8485K(24576K), 0.0003570 secs] [Times: user=0.00 sys=0.00, real=0.00 secs] 
123.729: Total time for which application threads were stopped: 0.0004590 seconds, Stopping threads took: 0.0000510 seconds
123.757: Application time: 0.0275800 seconds
123.757: [GC [PSYoungGen: 7388K->736K(7680K)] 15138K->8485K(24576K), 0.0003740 secs] [Times: user=0.00 sys=0.00, real=0.00 secs] 
123.757: Total time for which application threads were stopped: 0.0004590 seconds, Stopping threads took: 0.0000340 seconds
123.780: Application time: 0.0226930 seconds
123.780: [GC [PSYoungGen: 7388K->992K(7680K)] 15137K->8741K(24576K), 0.0003950 secs] [Times: user=0.00 sys=0.00, real=0.00 secs] 
123.781: Total time for which application threads were stopped: 0.0004800 seconds, Stopping threads took: 0.0000320 seconds
123.802: Application time: 0.0214150 seconds
123.802: [GC [PSYoungGen: 7647K->960K(7680K)] 15397K->8709K(24576K), 0.0004360 secs] [Times: user=0.00 sys=0.00, real=0.00 secs] 
123.803: Total time for which application threads were stopped: 0.0005360 seconds, Stopping threads took: 0.0000480 seconds
123.826: Application time: 0.0237630 seconds
123.826: [GC [PSYoungGen: 7614K->960K(7680K)] 15363K->8709K(24576K), 0.0004020 secs] [Times: user=0.01 sys=0.00, real=0.01 secs] 
123.827: Total time for which application threads were stopped: 0.0005060 seconds, Stopping threads took: 0.0000480 seconds
123.850: Application time: 0.0226970 seconds
123.850: [GC [PSYoungGen: 7611K->992K(7680K)] 15361K->8869K(24576K), 0.0004410 secs] [Times: user=0.00 sys=0.00, real=0.00 secs] 
123.850: Total time for which application threads were stopped: 0.0005300 seconds, Stopping threads took: 0.0000350 seconds
123.871: Application time: 0.0206150 seconds
123.871: [GC [PSYoungGen: 7644K->992K(7680K)] 15521K->8869K(24576K), 0.0004370 secs] [Times: user=0.01 sys=0.00, real=0.00 secs] 
123.871: Total time for which application threads were stopped: 0.0005500 seconds, Stopping threads took: 0.0000580 seconds
123.892: Application time: 0.0207240 seconds
123.892: [GC [PSYoungGen: 7644K->992K(7680K)] 15521K->8997K(24576K), 0.0004520 secs] [Times: user=0.00 sys=0.00, real=0.00 secs] 
123.893: Total time for which application threads were stopped: 0.0005530 seconds, Stopping threads took: 0.0000480 seconds
123.921: Application time: 0.0285720 seconds
123.921: [GC [PSYoungGen: 7644K->928K(7680K)] 15649K->8933K(24576K), 0.0004780 secs] [Times: user=0.00 sys=0.00, real=0.00 secs] 
123.922: Total time for which application threads were stopped: 0.0005770 seconds, Stopping threads took: 0.0000480 seconds
123.950: Application time: 0.0283690 seconds
123.950: [GC [PSYoungGen: 7582K->864K(7680K)] 15588K->8869K(24576K), 0.0004020 secs] [Times: user=0.00 sys=0.00, real=0.00 secs] 
123.951: Total time for which application threads were stopped: 0.0005160 seconds, Stopping threads took: 0.0000610 seconds
123.979: Application time: 0.0284350 seconds
123.979: [GC [PSYoungGen: 7517K->944K(7680K)] 15523K->8949K(24576K), 0.0004490 secs] [Times: user=0.00 sys=0.00, real=0.00 secs] 
123.980: Total time for which application threads were stopped: 0.0005460 seconds, Stopping threads took: 0.0000450 seconds
124.008: Application time: 0.0288480 seconds
124.008: [GC [PSYoungGen: 7598K->944K(7680K)] 15604K->8949K(24576K), 0.0004540 secs] [Times: user=0.00 sys=0.00, real=0.00 secs] 
124.009: Total time for which application threads were stopped: 0.0005530 seconds, Stopping threads took: 0.0000460 seconds
124.038: Application time: 0.0292250 seconds
124.038: [GC [PSYoungGen: 7598K->912K(7680K)] 15604K->8917K(24576K), 0.0004480 secs] [Times: user=0.01 sys=0.00, real=0.00 secs] 
124.039: Total time for which application threads were stopped: 0.0005580 seconds, Stopping threads took: 0.0000530 seconds
124.067: Application time: 0.0279110 seconds
124.067: [GC [PSYoungGen: 7564K->1008K(7680K)] 15570K->9141K(24576K), 0.0004730 secs] [Times: user=0.00 sys=0.00, real=0.00 secs] 
124.067: Total time for which application threads were stopped: 0.0005790 seconds, Stopping threads took: 0.0000500 seconds
124.094: Application time: 0.0268160 seconds
124.094: [GC [PSYoungGen: 7663K->992K(7680K)] 15797K->9173K(24576K), 0.0004460 secs] [Times: user=0.00 sys=0.00, real=0.00 secs] 
124.095: Total time for which application threads were stopped: 0.0005590 seconds, Stopping threads took: 0.0000500 seconds
124.124: Application time: 0.0289980 seconds
124.124: [GC [PSYoungGen: 7646K->960K(7680K)] 15828K->9269K(24576K), 0.0004510 secs] [Times: user=0.00 sys=0.00, real=0.00 secs] 
124.124: Total time for which application threads were stopped: 0.0005440 seconds, Stopping threads took: 0.0000380 seconds
124.153: Application time: 0.0290600 seconds
124.153: [GC [PSYoungGen: 7614K->928K(7680K)] 15924K->9293K(24576K), 0.0004060 secs] [Times: user=0.00 sys=0.00, real=0.00 secs] 
124.154: Total time for which application threads were stopped: 0.0005030 seconds, Stopping threads took: 0.0000460 seconds
124.183: Application time: 0.0290160 seconds
124.183: [GC [PSYoungGen: 7582K->928K(7680K)] 15948K->9293K(24576K), 0.0004570 secs] [Times: user=0.00 sys=0.00, real=0.00 secs] 
124.183: Total time for which application threads were stopped: 0.0005540 seconds, Stopping threads took: 0.0000470 seconds
124.207: Application time: 0.0234580 seconds
124.207: [GC [PSYoungGen: 7579K->992K(7680K)] 15945K->9373K(24576K), 0.0004480 secs] [Times: user=0.00 sys=0.00, real=0.00 secs] 
124.207: Total time for which application threads were stopped: 0.0005540 seconds, Stopping threads took: 0.0000530 seconds
124.224: Application time: 0.0170570 seconds
124.224: [GC [PSYoungGen: 7645K->992K(7680K)] 16027K->9789K(24576K), 0.0005420 secs] [Times: user=0.00 sys=0.00, real=0.00 secs] 
124.225: Total time for which application threads were stopped: 0.0006400 seconds, Stopping threads took: 0.0000360 seconds
124.238: Application time: 0.0134510 seconds
124.239: [GC [PSYoungGen: 7645K->992K(7680K)] 16443K->10126K(24576K), 0.0004880 secs] [Times: user=0.01 sys=0.00, real=0.01 secs] 
124.239: Total time for which application threads were stopped: 0.0005870 seconds, Stopping threads took: 0.0000420 seconds
124.254: Application time: 0.0153370 seconds
124.254: [GC [PSYoungGen: 7646K->1008K(7680K)] 16780K->10302K(24576K), 0.0004540 secs] [Times: user=0.00 sys=0.01, real=0.00 secs] 
124.255: Total time for which application threads were stopped: 0.0005530 seconds, Stopping threads took: 0.0000450 seconds
124.271: Application time: 0.0160880 seconds
124.271: [GC [PSYoungGen: 7659K->1008K(7680K)] 16953K->10494K(24576K), 0.0004790 secs] [Times: user=0.01 sys=0.00, real=0.00 secs] 
124.272: Total time for which application threads were stopped: 0.0005800 seconds, Stopping threads took: 0.0000470 seconds
124.297: Application time: 0.0254720 seconds
124.297: [GC [PSYoungGen: 7661K->1008K(7680K)] 17148K->10879K(24576K), 0.0005450 secs] [Times: user=0.00 sys=0.00, real=0.00 secs] 
124.298: Total time for which application threads were stopped: 0.0006440 seconds, Stopping threads took: 0.0000460 seconds
124.325: Application time: 0.0271910 seconds
124.325: [GC [PSYoungGen: 7661K->992K(7680K)] 17533K->11127K(24576K), 0.0004720 secs] [Times: user=0.00 sys=0.00, real=0.00 secs] 
124.326: Total time for which application threads were stopped: 0.0005880 seconds, Stopping threads took: 0.0000570 seconds
124.353: Application time: 0.0269840 seconds
124.353: [GC [PSYoungGen: 7646K->928K(7680K)] 17781K->11207K(24576K), 0.0004810 secs] [Times: user=0.00 sys=0.00, real=0.00 secs] 
124.353: Total time for which application threads were stopped: 0.0005870 seconds, Stopping threads took: 0.0000530 seconds
124.382: Application time: 0.0293730 seconds
124.383: [GC [PSYoungGen: 7582K->864K(7680K)] 17862K->11143K(24576K), 0.0004220 secs] [Times: user=0.00 sys=0.00, real=0.00 secs] 
124.383: Total time for which application threads were stopped: 0.0005260 seconds, Stopping threads took: 0.0000480 seconds
124.412: Application time: 0.0289060 seconds
124.415: [GC [PSYoungGen: 7518K->896K(7680K)] 17798K->11175K(24576K), 0.0004130 secs] [Times: user=0.00 sys=0.00, real=0.00 secs] 
124.415: Total time for which application threads were stopped: 0.0033470 seconds, Stopping threads took: 0.0028840 seconds
124.444: Application time: 0.0291310 seconds
124.444: [GC [PSYoungGen: 7548K->880K(7680K)] 17828K->11207K(24576K), 0.0004360 secs] [Times: user=0.00 sys=0.00, real=0.00 secs] 
124.445: Total time for which application threads were stopped: 0.0005240 seconds, Stopping threads took: 0.0000360 seconds
124.474: Application time: 0.0289200 seconds
124.474: [GC [PSYoungGen: 7534K->832K(7680K)] 17862K->11252K(24576K), 0.0004060 secs] [Times: user=0.00 sys=0.00, real=0.00 secs] 
124.474: Total time for which application threads were stopped: 0.0005050 seconds, Stopping threads took: 0.0000460 seconds
124.503: Application time: 0.0289370 seconds
124.503: [GC [PSYoungGen: 7486K->752K(7680K)] 17907K->11172K(24576K), 0.0003860 secs] [Times: user=0.01 sys=0.00, real=0.00 secs] 
124.504: Total time for which application threads were stopped: 0.0004800 seconds, Stopping threads took: 0.0000410 seconds
124.533: Application time: 0.0288120 seconds
124.533: [GC [PSYoungGen: 7406K->784K(7680K)] 17827K->11204K(24576K), 0.0003950 secs] [Times: user=0.00 sys=0.00, real=0.00 secs] 
124.533: Total time for which application threads were stopped: 0.0004960 seconds, Stopping threads took: 0.0000470 seconds
124.562: Application time: 0.0289860 seconds
124.562: [GC [PSYoungGen: 7438K->736K(7680K)] 17859K->11156K(24576K), 0.0004140 secs] [Times: user=0.00 sys=0.00, real=0.00 secs] 
124.563: Total time for which application threads were stopped: 0.0005220 seconds, Stopping threads took: 0.0000550 seconds
124.592: Application time: 0.0290100 seconds
124.592: [GC [PSYoungGen: 7390K->784K(7680K)] 17811K->11204K(24576K), 0.0003890 secs] [Times: user=0.00 sys=0.00, real=0.00 secs] 
124.592: Total time for which application threads were stopped: 0.0004880 seconds, Stopping threads took: 0.0000480 seconds
124.622: Application time: 0.0296360 seconds
124.622: [GC [PSYoungGen: 7438K->672K(7680K)] 17858K->11213K(24576K), 0.0005020 secs] [Times: user=0.01 sys=0.00, real=0.00 secs] 
124.622: Total time for which application threads were stopped: 0.0006210 seconds, Stopping threads took: 0.0000490 seconds
124.650: Application time: 0.0274210 seconds
124.650: [GC [PSYoungGen: 7326K->768K(7680K)] 17867K->11357K(24576K), 0.0003880 secs] [Times: user=0.01 sys=0.00, real=0.00 secs] 
124.650: Total time for which application threads were stopped: 0.0004940 seconds, Stopping threads took: 0.0000490 seconds
124.676: Application time: 0.0257880 seconds
124.676: [GC [PSYoungGen: 7420K->800K(7680K)] 18009K->11477K(24576K), 0.0004220 secs] [Times: user=0.00 sys=0.00, real=0.00 secs] 
124.677: Total time for which application threads were stopped: 0.0005160 seconds, Stopping threads took: 0.0000390 seconds
124.706: Application time: 0.0292390 seconds
124.707: [GC [PSYoungGen: 7454K->672K(7680K)] 18132K->11405K(24576K), 0.0004480 secs] [Times: user=0.00 sys=0.00, real=0.00 secs] 
124.707: Total time for which application threads were stopped: 0.0014730 seconds, Stopping threads took: 0.0009700 seconds
124.737: Application time: 0.0293050 seconds
124.737: [GC [PSYoungGen: 7326K->800K(7680K)] 18060K->11565K(24576K), 0.0003890 secs] [Times: user=0.00 sys=0.00, real=0.00 secs] 
124.737: Total time for which application threads were stopped: 0.0004800 seconds, Stopping threads took: 0.0000380 seconds
124.767: Application time: 0.0295320 seconds
124.767: [GC [PSYoungGen: 7454K->832K(7680K)] 18220K->11597K(24576K), 0.0004040 secs] [Times: user=0.00 sys=0.00, real=0.01 secs] 
124.767: Total time for which application threads were stopped: 0.0005260 seconds, Stopping threads took: 0.0000680 seconds
124.797: Application time: 0.0298590 seconds
124.797: [GC [PSYoungGen: 7486K->672K(7680K)] 18251K->11437K(24576K), 0.0003670 secs] [Times: user=0.00 sys=0.00, real=0.00 secs] 
124.797: Total time for which application threads were stopped: 0.0004730 seconds, Stopping threads took: 0.0000530 seconds
124.827: Application time: 0.0295640 seconds
124.827: [GC [PSYoungGen: 7326K->704K(7680K)] 18092K->11469K(24576K), 0.0003680 secs] [Times: user=0.00 sys=0.00, real=0.00 secs] 
124.828: Total time for which application threads were stopped: 0.0004730 seconds, Stopping threads took: 0.0000550 seconds
124.857: Application time: 0.0297080 seconds
124.857: [GC [PSYoungGen: 7358K->704K(7680K)] 18124K->11469K(24576K), 0.0003920 secs] [Times: user=0.00 sys=0.00, real=0.00 secs] 
124.858: Total time for which application threads were stopped: 0.0004890 seconds, Stopping threads took: 0.0000460 seconds
124.887: Application time: 0.0296070 seconds
124.887: [GC [PSYoungGen: 7358K->800K(7680K)] 18124K->11565K(24576K), 0.0003700 secs] [Times: user=0.00 sys=0.00, real=0.00 secs] 
124.888: Total time for which application threads were stopped: 0.0004660 seconds, Stopping threads took: 0.0000450 seconds
124.917: Application time: 0.0294170 seconds
124.917: [GC [PSYoungGen: 7454K->672K(7680K)] 18220K->11437K(24576K), 0.0003700 secs] [Times: user=0.00 sys=0.00, real=0.00 secs] 
124.918: Total time for which application threads were stopped: 0.0004710 seconds, Stopping threads took: 0.0000500 seconds
124.947: Application time: 0.0293990 seconds
124.947: [GC [PSYoungGen: 7326K->736K(7680K)] 18092K->11501K(24576K), 0.0003570 secs] [Times: user=0.00 sys=0.00, real=0.00 secs] 
124.948: Total time for which application threads were stopped: 0.0004560 seconds, Stopping threads took: 0.0000470 seconds
124.977: Application time: 0.0295620 seconds
124.977: [GC [PSYoungGen: 7390K->736K(7680K)] 18156K->11501K(24576K), 0.0003480 secs] [Times: user=0.01 sys=0.00, real=0.00 secs] 
124.978: Total time for which application threads were stopped: 0.0004430 seconds, Stopping threads took: 0.0000430 seconds
125.008: Application time: 0.0300500 seconds
125.008: [GC [PSYoungGen: 7390K->640K(7680K)] 18156K->11405K(24576K), 0.0004200 secs] [Times: user=0.00 sys=0.00, real=0.00 secs] 
125.008: Total time for which application threads were stopped: 0.0005280 seconds, Stopping threads took: 0.0000580 seconds
125.038: Application time: 0.0297890 seconds
125.038: [GC [PSYoungGen: 7294K->704K(7680K)] 18060K->11469K(24576K), 0.0003470 secs] [Times: user=0.00 sys=0.00, real=0.00 secs] 
125.038: Total time for which application threads were stopped: 0.0004500 seconds, Stopping threads took: 0.0000500 seconds
125.068: Application time: 0.0296260 seconds
125.068: [GC [PSYoungGen: 7358K->736K(7680K)] 18124K->11501K(24576K), 0.0003460 secs] [Times: user=0.00 sys=0.00, real=0.00 secs] 
125.068: Total time for which application threads were stopped: 0.0004510 seconds, Stopping threads took: 0.0000530 seconds
125.098: Application time: 0.0295420 seconds
125.098: [GC [PSYoungGen: 7390K->512K(7680K)] 18156K->11505K(24576K), 0.0003650 secs] [Times: user=0.00 sys=0.00, real=0.00 secs] 
125.098: Total time for which application threads were stopped: 0.0004740 seconds, Stopping threads took: 0.0000590 seconds
125.128: Application time: 0.0294170 seconds
125.128: [GC [PSYoungGen: 7166K->0K(7680K)] 18160K->11406K(24576K), 0.0003530 secs] [Times: user=0.00 sys=0.00, real=0.00 secs] 
125.128: Total time for which application threads were stopped: 0.0004490 seconds, Stopping threads took: 0.0000370 seconds
125.158: Application time: 0.0293870 seconds
125.158: [GC [PSYoungGen: 6654K->0K(7680K)] 18061K->11406K(24576K), 0.0002820 secs] [Times: user=0.01 sys=0.00, real=0.00 secs] 
125.158: Total time for which application threads were stopped: 0.0003860 seconds, Stopping threads took: 0.0000520 seconds
125.180: Application time: 0.0215370 seconds
125.180: [GC [PSYoungGen: 6654K->384K(7680K)] 18060K->11790K(24576K), 0.0003440 secs] [Times: user=0.00 sys=0.00, real=0.00 secs] 
125.180: Total time for which application threads were stopped: 0.0004480 seconds, Stopping threads took: 0.0000540 seconds
125.201: Application time: 0.0211810 seconds
125.201: [GC [PSYoungGen: 7037K->384K(7680K)] 18443K->11790K(24576K), 0.0003280 secs] [Times: user=0.00 sys=0.00, real=0.00 secs] 
125.202: Total time for which application threads were stopped: 0.0004240 seconds, Stopping threads took: 0.0000460 seconds
125.227: Application time: 0.0256160 seconds
125.227: [GC [PSYoungGen: 7035K->352K(7680K)] 18442K->11758K(24576K), 0.0003530 secs] [Times: user=0.01 sys=0.00, real=0.00 secs] 
125.228: Total time for which application threads were stopped: 0.0004540 seconds, Stopping threads took: 0.0000500 seconds
125.257: Application time: 0.0291240 seconds
125.257: [GC [PSYoungGen: 7004K->320K(7680K)] 18410K->11726K(24576K), 0.0003120 secs] [Times: user=0.00 sys=0.00, real=0.00 secs] 
125.257: Total time for which application threads were stopped: 0.0004050 seconds, Stopping threads took: 0.0000440 seconds
125.285: Application time: 0.0281750 seconds
125.286: [GC [PSYoungGen: 6972K->384K(7680K)] 18378K->11790K(24576K), 0.0003180 secs] [Times: user=0.00 sys=0.00, real=0.00 secs] 
125.286: Total time for which application threads were stopped: 0.0004180 seconds, Stopping threads took: 0.0000500 seconds
125.315: Application time: 0.0291160 seconds
125.315: [GC [PSYoungGen: 7038K->352K(7680K)] 18445K->11758K(24576K), 0.0003060 secs] [Times: user=0.00 sys=0.00, real=0.00 secs] 
125.315: Total time for which application threads were stopped: 0.0003960 seconds, Stopping threads took: 0.0000400 seconds
125.345: Application time: 0.0291790 seconds
125.345: [GC [PSYoungGen: 7006K->480K(7680K)] 18413K->11886K(24576K), 0.0003460 secs] [Times: user=0.01 sys=0.00, real=0.00 secs] 
125.345: Total time for which application threads were stopped: 0.0004440 seconds, Stopping threads took: 0.0000490 seconds
125.367: Application time: 0.0215510 seconds
125.367: [GC [PSYoungGen: 7133K->672K(7680K)] 18540K->12078K(24576K), 0.0003740 secs] [Times: user=0.00 sys=0.00, real=0.01 secs] 
125.367: Total time for which application threads were stopped: 0.0004840 seconds, Stopping threads took: 0.0000520 seconds
125.383: Application time: 0.0159110 seconds
125.383: [GC [PSYoungGen: 7326K->704K(7680K)] 18733K->12110K(24576K), 0.0004260 secs] [Times: user=0.00 sys=0.00, real=0.00 secs] 
125.383: Total time for which application threads were stopped: 0.0005080 seconds, Stopping threads took: 0.0000290 seconds
125.400: Application time: 0.0165620 seconds
125.400: [GC [PSYoungGen: 7358K->640K(7680K)] 18764K->12046K(24576K), 0.0004040 secs] [Times: user=0.01 sys=0.00, real=0.00 secs] 
125.401: Total time for which application threads were stopped: 0.0005080 seconds, Stopping threads took: 0.0000530 seconds
125.424: Application time: 0.0233870 seconds
125.427: [GC [PSYoungGen: 7294K->736K(7680K)] 18700K->12142K(24576K), 0.0003900 secs] [Times: user=0.00 sys=0.00, real=0.00 secs] 
125.427: Total time for which application threads were stopped: 0.0032660 seconds, Stopping threads took: 0.0028200 seconds
125.456: Application time: 0.0287910 seconds
125.456: [GC [PSYoungGen: 7390K->736K(7680K)] 18796K->12142K(24576K), 0.0003660 secs] [Times: user=0.00 sys=0.00, real=0.00 secs] 
125.456: Total time for which application threads were stopped: 0.0004680 seconds, Stopping threads took: 0.0000510 seconds
125.483: Application time: 0.0269120 seconds
125.483: [GC [PSYoungGen: 7390K->736K(7680K)] 18796K->12142K(24576K), 0.0003890 secs] [Times: user=0.00 sys=0.00, real=0.00 secs] 
125.484: Total time for which application threads were stopped: 0.0005020 seconds, Stopping threads took: 0.0000600 seconds
125.505: Application time: 0.0214970 seconds
125.507: [GC [PSYoungGen: 7390K->960K(7680K)] 18796K->12366K(24576K), 0.0004040 secs] [Times: user=0.00 sys=0.00, real=0.00 secs] 
125.507: Total time for which application threads were stopped: 0.0018290 seconds, Stopping threads took: 0.0013730 seconds
125.528: Application time: 0.0211850 seconds
125.528: [GC [PSYoungGen: 7615K->880K(7680K)] 19022K->12286K(24576K), 0.0003990 secs] [Times: user=0.00 sys=0.00, real=0.00 secs] 
125.529: Total time for which application threads were stopped: 0.0004960 seconds, Stopping threads took: 0.0000460 seconds
125.554: Application time: 0.0246270 seconds
125.554: [GC [PSYoungGen: 7534K->992K(7680K)] 18940K->12406K(24576K), 0.0004410 secs] [Times: user=0.00 sys=0.00, real=0.00 secs] 
125.554: Total time for which application threads were stopped: 0.0005480 seconds, Stopping threads took: 0.0000530 seconds
125.580: Application time: 0.0256190 seconds
125.580: [GC [PSYoungGen: 7646K->960K(7680K)] 19061K->12502K(24576K), 0.0004330 secs] [Times: user=0.00 sys=0.00, real=0.00 secs] 
125.580: Total time for which application threads were stopped: 0.0005400 seconds, Stopping threads took: 0.0000520 seconds
125.600: Application time: 0.0196740 seconds
125.600: [GC [PSYoungGen: 7612K->992K(7680K)] 19155K->12546K(24576K), 0.0004750 secs] [Times: user=0.00 sys=0.00, real=0.00 secs] 
125.601: Total time for which application threads were stopped: 0.0005810 seconds, Stopping threads took: 0.0000520 seconds
125.620: Application time: 0.0191910 seconds
125.620: [GC [PSYoungGen: 7584K->992K(7680K)] 19139K->12574K(24576K), 0.0004990 secs] [Times: user=0.00 sys=0.00, real=0.00 secs] 
125.620: Total time for which application threads were stopped: 0.0006180 seconds, Stopping threads took: 0.0000560 seconds
125.649: Application time: 0.0285740 seconds
125.649: [GC [PSYoungGen: 7645K->1008K(7680K)] 19228K->12718K(24576K), 0.0004600 secs] [Times: user=0.00 sys=0.00, real=0.00 secs] 
125.649: Total time for which application threads were stopped: 0.0005690 seconds, Stopping threads took: 0.0000470 seconds
125.678: Application time: 0.0287650 seconds
125.678: [GC [PSYoungGen: 7660K->928K(7680K)] 19370K->12766K(24576K), 0.0004200 secs] [Times: user=0.01 sys=0.00, real=0.01 secs] 
125.679: Total time for which application threads were stopped: 0.0005370 seconds, Stopping threads took: 0.0000590 seconds
125.707: Application time: 0.0283800 seconds
125.707: [GC [PSYoungGen: 7580K->960K(7680K)] 19418K->12798K(24576K), 0.0004110 secs] [Times: user=0.00 sys=0.00, real=0.00 secs] 
125.708: Total time for which application threads were stopped: 0.0005020 seconds, Stopping threads took: 0.0000380 seconds
125.737: Application time: 0.0293790 seconds
125.739: [GC [PSYoungGen: 7612K->928K(7680K)] 19450K->12766K(24576K), 0.0004080 secs] [Times: user=0.01 sys=0.00, real=0.00 secs] 
125.739: Total time for which application threads were stopped: 0.0022170 seconds, Stopping threads took: 0.0017540 seconds
125.768: Application time: 0.0290600 seconds
125.768: [GC [PSYoungGen: 7582K->960K(7680K)] 19421K->12798K(24576K), 0.0004090 secs] [Times: user=0.00 sys=0.00, real=0.00 secs] 
125.769: Total time for which application threads were stopped: 0.0005010 seconds, Stopping threads took: 0.0000390 seconds
125.797: Application time: 0.0282650 seconds
125.797: [GC [PSYoungGen: 7612K->880K(7680K)] 19450K->12718K(24576K), 0.0004500 secs] [Times: user=0.00 sys=0.00, real=0.00 secs] 
125.798: Total time for which application threads were stopped: 0.0005570 seconds, Stopping threads took: 0.0000500 seconds
125.824: Application time: 0.0261170 seconds
125.824: [GC [PSYoungGen: 7531K->976K(7680K)] 19370K->12814K(24576K), 0.0004670 secs] [Times: user=0.00 sys=0.00, real=0.00 secs] 
125.825: Total time for which application threads were stopped: 0.0016470 seconds, Stopping threads took: 0.0000480 seconds
125.855: Application time: 0.0291220 seconds
125.855: [GC [PSYoungGen: 7630K->912K(7680K)] 19469K->12750K(24576K), 0.0004420 secs] [Times: user=0.00 sys=0.00, real=0.00 secs] 
125.855: Total time for which application threads were stopped: 0.0005440 seconds, Stopping threads took: 0.0000500 seconds
125.884: Application time: 0.0289570 seconds
125.887: [GC [PSYoungGen: 7566K->928K(7680K)] 19405K->12814K(24576K), 0.0004160 secs] [Times: user=0.01 sys=0.00, real=0.00 secs] 
125.887: Total time for which application threads were stopped: 0.0032120 seconds, Stopping threads took: 0.0027410 seconds
125.916: Application time: 0.0290560 seconds
125.916: [GC [PSYoungGen: 7582K->944K(7680K)] 19469K->12830K(24576K), 0.0004120 secs] [Times: user=0.00 sys=0.00, real=0.00 secs] 
125.917: Total time for which application threads were stopped: 0.0005180 seconds, Stopping threads took: 0.0000520 seconds
125.943: Application time: 0.0260620 seconds
125.943: [GC [PSYoungGen: 7597K->992K(7680K)] 19484K->13150K(24576K), 0.0004550 secs] [Times: user=0.00 sys=0.00, real=0.00 secs] 
125.943: Total time for which application threads were stopped: 0.0005640 seconds, Stopping threads took: 0.0000520 seconds
125.962: Application time: 0.0185560 seconds
125.963: [GC [PSYoungGen: 7644K->992K(7680K)] 19803K->13310K(24576K), 0.0004760 secs] [Times: user=0.01 sys=0.00, real=0.00 secs] 
125.963: Total time for which application threads were stopped: 0.0012900 seconds, Stopping threads took: 0.0007610 seconds
125.977: Application time: 0.0140920 seconds
125.977: [GC [PSYoungGen: 7645K->992K(7680K)] 19964K->13627K(24576K), 0.0004680 secs] [Times: user=0.01 sys=0.00, real=0.00 secs] 
125.978: Total time for which application threads were stopped: 0.0005610 seconds, Stopping threads took: 0.0000370 seconds
125.991: Application time: 0.0131850 seconds
125.991: [GC [PSYoungGen: 7646K->992K(7680K)] 20281K->13839K(24576K), 0.0004620 secs] [Times: user=0.00 sys=0.00, real=0.00 secs] 
125.992: Total time for which application threads were stopped: 0.0005710 seconds, Stopping threads took: 0.0000570 seconds
126.008: Application time: 0.0165350 seconds
126.011: [GC [PSYoungGen: 7646K->992K(7680K)] 20494K->14079K(24576K), 0.0004690 secs] [Times: user=0.00 sys=0.00, real=0.00 secs] 
126.011: Total time for which application threads were stopped: 0.0030410 seconds, Stopping threads took: 0.0025180 seconds
126.034: Application time: 0.0228790 seconds
126.034: [GC [PSYoungGen: 7647K->992K(7680K)] 20735K->14268K(24576K), 0.0004640 secs] [Times: user=0.00 sys=0.00, real=0.00 secs] 
126.035: Total time for which application threads were stopped: 0.0005640 seconds, Stopping threads took: 0.0000430 seconds
126.063: Application time: 0.0281570 seconds
126.063: [GC [PSYoungGen: 7643K->992K(7680K)] 20919K->14320K(24576K), 0.0004460 secs] [Times: user=0.00 sys=0.00, real=0.00 secs] 
126.063: Total time for which application threads were stopped: 0.0005530 seconds, Stopping threads took: 0.0000500 seconds
126.089: Application time: 0.0259900 seconds
126.090: [GC [PSYoungGen: 7646K->992K(7680K)] 20975K->14709K(24576K), 0.0005350 secs] [Times: user=0.00 sys=0.00, real=0.00 secs] 
126.090: Total time for which application threads were stopped: 0.0006360 seconds, Stopping threads took: 0.0000460 seconds
126.119: Application time: 0.0291420 seconds
126.119: [GC [PSYoungGen: 7646K->992K(7680K)] 21364K->14725K(24576K), 0.0004520 secs] [Times: user=0.01 sys=0.00, real=0.00 secs] 
126.120: Total time for which application threads were stopped: 0.0005540 seconds, Stopping threads took: 0.0000450 seconds
126.149: Application time: 0.0291720 seconds
126.149: [GC [PSYoungGen: 7644K->928K(7680K)] 21377K->14789K(24576K), 0.0004380 secs] [Times: user=0.00 sys=0.00, real=0.00 secs] 
126.149: Total time for which application threads were stopped: 0.0005260 seconds, Stopping threads took: 0.0000370 seconds
126.179: Application time: 0.0290680 seconds
126.179: [GC [PSYoungGen: 7582K->864K(7680K)] 21444K->14725K(24576K), 0.0004180 secs] [Times: user=0.00 sys=0.00, real=0.01 secs] 
126.179: Total time for which application threads were stopped: 0.0005350 seconds, Stopping threads took: 0.0000490 seconds
126.208: Application time: 0.0289590 seconds
126.208: [GC [PSYoungGen: 7518K->672K(7680K)] 21380K->14777K(24576K), 0.0003990 secs] [Times: user=0.01 sys=0.00, real=0.00 secs] 
126.209: Total time for which application threads were stopped: 0.0005090 seconds, Stopping threads took: 0.0000590 seconds
126.238: Application time: 0.0290430 seconds
126.238: [GC [PSYoungGen: 7326K->736K(7680K)] 21432K->14841K(24576K), 0.0004150 secs] [Times: user=0.00 sys=0.00, real=0.00 secs] 
126.238: Total time for which application threads were stopped: 0.0005160 seconds, Stopping threads took: 0.0000490 seconds
126.267: Application time: 0.0293010 seconds
126.267: [GC [PSYoungGen: 7390K->704K(7680K)] 21496K->14809K(24576K), 0.0003690 secs] [Times: user=0.00 sys=0.00, real=0.00 secs] 
126.268: Total time for which application threads were stopped: 0.0004560 seconds, Stopping threads took: 0.0000360 seconds
126.297: Application time: 0.0290170 seconds
126.297: [GC [PSYoungGen: 7358K->704K(7680K)] 21464K->14809K(24576K), 0.0004190 secs] [Times: user=0.00 sys=0.00, real=0.00 secs] 
126.297: Total time for which application threads were stopped: 0.0005230 seconds, Stopping threads took: 0.0000500 seconds
126.327: Application time: 0.0293030 seconds
126.327: [GC [PSYoungGen: 7358K->672K(7680K)] 21464K->14841K(24576K), 0.0004800 secs] [Times: user=0.00 sys=0.00, real=0.00 secs] 
126.327: Total time for which application threads were stopped: 0.0005860 seconds, Stopping threads took: 0.0000520 seconds
126.356: Application time: 0.0289970 seconds
126.356: [GC [PSYoungGen: 7326K->704K(7680K)] 21496K->14889K(24576K), 0.0003680 secs] [Times: user=0.00 sys=0.00, real=0.00 secs] 
126.357: Total time for which application threads were stopped: 0.0004620 seconds, Stopping threads took: 0.0000450 seconds
126.384: Application time: 0.0276840 seconds
126.385: [GC [PSYoungGen: 7358K->640K(7680K)] 21543K->14897K(24576K), 0.0003800 secs] [Times: user=0.00 sys=0.00, real=0.00 secs] 
126.385: Total time for which application threads were stopped: 0.0004730 seconds, Stopping threads took: 0.0000420 seconds
126.412: Application time: 0.0266080 seconds
126.412: [GC [PSYoungGen: 7295K->896K(7680K)] 21553K->15161K(24576K), 0.0003970 secs] [Times: user=0.01 sys=0.00, real=0.00 secs] 
126.412: Total time for which application threads were stopped: 0.0005070 seconds, Stopping threads took: 0.0000570 seconds
126.440: Application time: 0.0283570 seconds
126.441: [GC [PSYoungGen: 7550K->832K(7680K)] 21815K->15174K(24576K), 0.0004550 secs] [Times: user=0.00 sys=0.00, real=0.00 secs] 
126.441: Total time for which application threads were stopped: 0.0005770 seconds, Stopping threads took: 0.0000590 seconds
126.470: Application time: 0.0293680 seconds
126.470: [GC [PSYoungGen: 7486K->736K(7680K)] 21829K->15134K(24576K), 0.0003880 secs] [Times: user=0.00 sys=0.00, real=0.00 secs] 
126.471: Total time for which application threads were stopped: 0.0004900 seconds, Stopping threads took: 0.0000480 seconds
126.500: Application time: 0.0295270 seconds
126.503: [GC [PSYoungGen: 7390K->736K(7680K)] 21789K->15134K(24576K), 0.0003800 secs] [Times: user=0.00 sys=0.00, real=0.00 secs] 
126.503: Total time for which application threads were stopped: 0.0028310 seconds, Stopping threads took: 0.0023990 seconds
126.533: Application time: 0.0296440 seconds
126.533: [GC [PSYoungGen: 7390K->736K(7680K)] 21789K->15206K(24576K), 0.0003900 secs] [Times: user=0.01 sys=0.00, real=0.00 secs] 
126.533: Total time for which application threads were stopped: 0.0004890 seconds, Stopping threads took: 0.0000480 seconds
126.563: Application time: 0.0296730 seconds
126.563: [GC [PSYoungGen: 7390K->704K(7680K)] 21861K->15174K(24576K), 0.0003520 secs] [Times: user=0.00 sys=0.00, real=0.00 secs] 
126.563: Total time for which application threads were stopped: 0.0004480 seconds, Stopping threads took: 0.0000460 seconds
126.593: Application time: 0.0296160 seconds
126.593: [GC [PSYoungGen: 7358K->672K(7680K)] 21829K->15142K(24576K), 0.0003570 secs] [Times: user=0.00 sys=0.00, real=0.00 secs] 
126.594: Total time for which application threads were stopped: 0.0004600 seconds, Stopping threads took: 0.0000520 seconds
126.623: Application time: 0.0297380 seconds
126.623: [GC [PSYoungGen: 7326K->672K(7680K)] 21797K->15142K(24576K), 0.0004200 secs] [Times: user=0.00 sys=0.00, real=0.00 secs] 
126.624: Total time for which application threads were stopped: 0.0005360 seconds, Stopping threads took: 0.0000570 seconds
126.653: Application time: 0.0294610 seconds
126.653: [GC [PSYoungGen: 7326K->704K(7680K)] 21797K->15174K(24576K), 0.0004140 secs] [Times: user=0.01 sys=0.00, real=0.00 secs] 
126.654: Total time for which application threads were stopped: 0.0005130 seconds, Stopping threads took: 0.0000440 seconds
126.683: Application time: 0.0294090 seconds
126.683: [GC [PSYoungGen: 7358K->672K(7680K)] 21829K->15142K(24576K), 0.0003590 secs] [Times: user=0.00 sys=0.00, real=0.00 secs] 
126.684: Total time for which application threads were stopped: 0.0004700 seconds, Stopping threads took: 0.0000520 seconds
126.713: Application time: 0.0295150 seconds
126.713: [GC [PSYoungGen: 7326K->640K(7680K)] 21797K->15110K(24576K), 0.0004040 secs] [Times: user=0.00 sys=0.00, real=0.00 secs] 
126.714: Total time for which application threads were stopped: 0.0004870 seconds, Stopping threads took: 0.0000330 seconds
126.743: Application time: 0.0295600 seconds
126.743: [GC [PSYoungGen: 7294K->672K(7680K)] 21765K->15142K(24576K), 0.0003580 secs] [Times: user=0.00 sys=0.00, real=0.00 secs] 
126.744: Total time for which application threads were stopped: 0.0004510 seconds, Stopping threads took: 0.0000400 seconds
126.773: Application time: 0.0295440 seconds
126.773: [GC [PSYoungGen: 7326K->672K(7680K)] 21797K->15142K(24576K), 0.0003460 secs] [Times: user=0.01 sys=0.00, real=0.00 secs] 
126.774: Total time for which application threads were stopped: 0.0004520 seconds, Stopping threads took: 0.0000560 seconds
126.804: Application time: 0.0298150 seconds
126.804: [GC [PSYoungGen: 7326K->640K(7680K)] 21797K->15110K(24576K), 0.0003920 secs] [Times: user=0.01 sys=0.00, real=0.00 secs] 
126.804: Total time for which application threads were stopped: 0.0004910 seconds, Stopping threads took: 0.0000450 seconds
126.835: Application time: 0.0306800 seconds
126.835: [GC [PSYoungGen: 7292K->704K(7680K)] 21762K->15174K(24576K), 0.0003550 secs] [Times: user=0.00 sys=0.00, real=0.00 secs] 
126.835: Total time for which application threads were stopped: 0.0004640 seconds, Stopping threads took: 0.0000590 seconds
126.865: Application time: 0.0295640 seconds
126.865: [GC [PSYoungGen: 7358K->352K(7680K)] 21829K->15242K(24576K), 0.0003840 secs] [Times: user=0.00 sys=0.00, real=0.00 secs] 
126.865: Total time for which application threads were stopped: 0.0004800 seconds, Stopping threads took: 0.0000430 seconds
126.895: Application time: 0.0294820 seconds
126.895: [GC [PSYoungGen: 7006K->0K(7680K)] 21897K->15114K(24576K), 0.0003310 secs] [Times: user=0.00 sys=0.00, real=0.00 secs] 
126.895: Total time for which application threads were stopped: 0.0004370 seconds, Stopping threads took: 0.0000500 seconds
126.917: Application time: 0.0223580 seconds
126.918: [GC [PSYoungGen: 6654K->384K(7680K)] 21769K->15498K(24576K), 0.0003290 secs] [Times: user=0.00 sys=0.00, real=0.00 secs] 
126.918: Total time for which application threads were stopped: 0.0004450 seconds, Stopping threads took: 0.0000640 seconds
126.939: Application time: 0.0211910 seconds
126.939: [GC [PSYoungGen: 7037K->352K(7680K)] 22152K->15466K(24576K), 0.0003230 secs] [Times: user=0.00 sys=0.00, real=0.00 secs] 
126.940: Total time for which application threads were stopped: 0.0004130 seconds, Stopping threads took: 0.0000410 seconds
126.965: Application time: 0.0255600 seconds
126.965: [GC [PSYoungGen: 7003K->320K(7680K)] 22118K->15434K(24576K), 0.0003410 secs] [Times: user=0.00 sys=0.00, real=0.00 secs] 
126.966: Total time for which application threads were stopped: 0.0004360 seconds, Stopping threads took: 0.0000460 seconds
126.995: Application time: 0.0290630 seconds
126.995: [GC [PSYoungGen: 6972K->352K(7680K)] 22087K->15466K(24576K), 0.0003320 secs] [Times: user=0.00 sys=0.00, real=0.00 secs] 
126.995: Total time for which application threads were stopped: 0.0004430 seconds, Stopping threads took: 0.0000600 seconds
127.023: Application time: 0.0283800 seconds
127.024: [GC [PSYoungGen: 7004K->384K(7680K)] 22119K->15498K(24576K), 0.0003190 secs] [Times: user=0.00 sys=0.00, real=0.00 secs] 
127.024: Total time for which application threads were stopped: 0.0004270 seconds, Stopping threads took: 0.0000580 seconds
127.053: Application time: 0.0291730 seconds
127.053: [GC [PSYoungGen: 7038K->352K(7680K)] 22153K->15466K(24576K), 0.0003310 secs] [Times: user=0.01 sys=0.00, real=0.00 secs] 
127.053: Total time for which application threads were stopped: 0.0004250 seconds, Stopping threads took: 0.0000440 seconds
127.083: Application time: 0.0290990 seconds
127.083: [GC [PSYoungGen: 7006K->288K(7680K)] 22121K->15402K(24576K), 0.0003460 secs] [Times: user=0.00 sys=0.00, real=0.00 secs] 
127.083: Total time for which application threads were stopped: 0.0004470 seconds, Stopping threads took: 0.0000510 seconds
127.106: Application time: 0.0233030 seconds
127.106: [GC [PSYoungGen: 6939K->512K(7680K)] 22054K->15626K(24576K), 0.0004260 secs] [Times: user=0.00 sys=0.00, real=0.01 secs] 
127.107: Total time for which application threads were stopped: 0.0005200 seconds, Stopping threads took: 0.0000430 seconds
127.126: Application time: 0.0192900 seconds
127.126: [GC [PSYoungGen: 7167K->704K(7680K)] 22281K->15818K(24576K), 0.0003650 secs] [Times: user=0.00 sys=0.00, real=0.00 secs] 
127.127: Total time for which application threads were stopped: 0.0004680 seconds, Stopping threads took: 0.0000510 seconds
127.143: Application time: 0.0160730 seconds
127.143: [GC [PSYoungGen: 7359K->736K(7680K)] 22474K->15850K(24576K), 0.0004360 secs] [Times: user=0.00 sys=0.00, real=0.00 secs] 
127.143: Total time for which application threads were stopped: 0.0005450 seconds, Stopping threads took: 0.0000540 seconds
127.164: Application time: 0.0210460 seconds
127.164: [GC [PSYoungGen: 7391K->640K(7680K)] 22506K->15754K(24576K), 0.0004030 secs] [Times: user=0.00 sys=0.00, real=0.00 secs] 
127.165: Total time for which application threads were stopped: 0.0004980 seconds, Stopping threads took: 0.0000460 seconds
127.191: Application time: 0.0262890 seconds
127.191: [GC [PSYoungGen: 7291K->736K(7680K)] 22406K->15850K(24576K), 0.0003620 secs] [Times: user=0.00 sys=0.00, real=0.00 secs] 
127.192: Total time for which application threads were stopped: 0.0004720 seconds, Stopping threads took: 0.0000450 seconds
127.219: Application time: 0.0278540 seconds
127.219: [GC [PSYoungGen: 7387K->736K(7680K)] 22502K->15850K(24576K), 0.0003840 secs] [Times: user=0.00 sys=0.00, real=0.00 secs] 
127.220: Total time for which application threads were stopped: 0.0004890 seconds, Stopping threads took: 0.0000520 seconds
127.245: Application time: 0.0250040 seconds
127.245: [GC [PSYoungGen: 7388K->928K(7680K)] 22503K->16042K(24576K), 0.0004090 secs] [Times: user=0.00 sys=0.00, real=0.00 secs] 
127.245: Total time for which application threads were stopped: 0.0005010 seconds, Stopping threads took: 0.0000370 seconds
127.266: Application time: 0.0203410 seconds
127.266: [GC [PSYoungGen: 7580K->960K(7680K)] 22695K->16074K(24576K), 0.0004140 secs] [Times: user=0.01 sys=0.00, real=0.00 secs] 
127.266: Total time for which application threads were stopped: 0.0005100 seconds, Stopping threads took: 0.0000430 seconds
127.287: Application time: 0.0204760 seconds
127.287: [GC [PSYoungGen: 7614K->992K(7680K)] 22729K->16114K(24576K), 0.0004220 secs] [Times: user=0.00 sys=0.00, real=0.00 secs] 
127.287: Total time for which application threads were stopped: 0.0005160 seconds, Stopping threads took: 0.0000390 seconds
127.317: Application time: 0.0295090 seconds
127.317: [GC [PSYoungGen: 7644K->896K(7680K)] 22767K->16018K(24576K), 0.0003850 secs] [Times: user=0.00 sys=0.00, real=0.00 secs] 
127.317: Total time for which application threads were stopped: 0.0004870 seconds, Stopping threads took: 0.0000500 seconds
127.338: Application time: 0.0207170 seconds
127.339: [GC [PSYoungGen: 7550K->992K(7680K)] 22673K->16250K(24576K), 0.0004340 secs] [Times: user=0.00 sys=0.00, real=0.00 secs] 
127.339: Total time for which application threads were stopped: 0.0013400 seconds, Stopping threads took: 0.0008390 seconds
127.361: Application time: 0.0218320 seconds
127.361: [GC [PSYoungGen: 7646K->976K(7680K)] 22904K->16362K(24576K), 0.0004450 secs] [Times: user=0.00 sys=0.00, real=0.00 secs] 
127.362: Total time for which application threads were stopped: 0.0005300 seconds, Stopping threads took: 0.0000320 seconds
127.384: Application time: 0.0221080 seconds
127.384: [GC [PSYoungGen: 7627K->992K(7680K)] 23014K->16378K(24576K), 0.0004190 secs] [Times: user=0.00 sys=0.00, real=0.00 secs] 
127.384: Total time for which application threads were stopped: 0.0005230 seconds, Stopping threads took: 0.0000490 seconds
127.413: Application time: 0.0288260 seconds
127.413: [GC [PSYoungGen: 7644K->960K(7680K)] 23031K->16346K(24576K), 0.0003960 secs] [Times: user=0.00 sys=0.00, real=0.00 secs] 
127.414: Total time for which application threads were stopped: 0.0005010 seconds, Stopping threads took: 0.0000520 seconds
127.442: Application time: 0.0287860 seconds
127.442: [GC [PSYoungGen: 7612K->912K(7680K)] 22999K->16298K(24576K), 0.0004180 secs] [Times: user=0.00 sys=0.00, real=0.00 secs] 
127.443: Total time for which application threads were stopped: 0.0005200 seconds, Stopping threads took: 0.0000490 seconds
127.471: Application time: 0.0281010 seconds
127.471: [GC [PSYoungGen: 7565K->928K(7680K)] 22952K->16314K(24576K), 0.0004510 secs] [Times: user=0.01 sys=0.00, real=0.00 secs] 
127.472: Total time for which application threads were stopped: 0.0005590 seconds, Stopping threads took: 0.0000530 seconds
127.501: Application time: 0.0289910 seconds
127.501: [GC [PSYoungGen: 7582K->928K(7680K)] 22969K->16314K(24576K), 0.0004190 secs] [Times: user=0.00 sys=0.00, real=0.00 secs] 
127.501: Total time for which application threads were stopped: 0.0005140 seconds, Stopping threads took: 0.0000430 seconds
127.528: Application time: 0.0272080 seconds
127.528: [GC [PSYoungGen: 7481K->992K(7680K)] 22868K->16386K(24576K), 0.0004800 secs] [Times: user=0.00 sys=0.00, real=0.00 secs] 
127.529: Total time for which application threads were stopped: 0.0005820 seconds, Stopping threads took: 0.0000520 seconds
127.557: Application time: 0.0276610 seconds
127.557: [GC [PSYoungGen: 7647K->992K(7680K)] 23042K->16522K(24576K), 0.0004690 secs] [Times: user=0.00 sys=0.00, real=0.00 secs] 
127.557: Total time for which application threads were stopped: 0.0005740 seconds, Stopping threads took: 0.0000460 seconds
127.586: Application time: 0.0290520 seconds
127.586: [GC [PSYoungGen: 7645K->992K(7680K)] 23176K->16522K(24576K), 0.0004830 secs] [Times: user=0.00 sys=0.00, real=0.00 secs] 
127.587: Total time for which application threads were stopped: 0.0005880 seconds, Stopping threads took: 0.0000470 seconds
127.616: Application time: 0.0297220 seconds
127.617: [GC [PSYoungGen: 7644K->928K(7680K)] 23175K->16458K(24576K), 0.0005930 secs] [Times: user=0.00 sys=0.00, real=0.00 secs] 
127.617: Total time for which application threads were stopped: 0.0007260 seconds, Stopping threads took: 0.0000680 seconds
127.646: Application time: 0.0291430 seconds
127.646: [GC [PSYoungGen: 7580K->928K(7680K)] 23111K->16507K(24576K), 0.0004870 secs] [Times: user=0.00 sys=0.00, real=0.01 secs] 
127.647: Total time for which application threads were stopped: 0.0005950 seconds, Stopping threads took: 0.0000460 seconds
127.672: Application time: 0.0253210 seconds
127.672: [GC [PSYoungGen: 7580K->1008K(7680K)] 23158K->16795K(24576K), 0.0006250 secs] [Times: user=0.00 sys=0.00, real=0.00 secs] 
127.673: Total time for which application threads were stopped: 0.0007260 seconds, Stopping threads took: 0.0000450 seconds
127.692: Application time: 0.0187360 seconds
127.692: [GC [PSYoungGen: 7662K->992K(7680K)] 23449K->17387K(24576K), 0.0006070 secs] [Times: user=0.01 sys=0.00, real=0.00 secs] 
127.692: Total time for which application threads were stopped: 0.0007210 seconds, Stopping threads took: 0.0000480 seconds
127.705: Application time: 0.0122420 seconds
127.705: [GC [PSYoungGen: 7646K->992K(7680K)] 24041K->17823K(24576K), 0.0005760 secs] [Times: user=0.00 sys=0.00, real=0.00 secs] 
127.705: [Full GC [PSYoungGen: 992K->0K(7680K)] [ParOldGen: 16831K->3740K(16896K)] 17823K->3740K(24576K) [PSPermGen: 5542K->5542K(21504K)], 0.0062670 secs] [Times: user=0.03 sys=0.00, real=0.01 secs] 
127.712: Total time for which application threads were stopped: 0.0070120 seconds, Stopping threads took: 0.0000650 seconds
127.726: Application time: 0.0139910 seconds
127.726: [GC [PSYoungGen: 6651K->352K(7680K)] 10392K->4092K(24576K), 0.0003430 secs] [Times: user=0.00 sys=0.00, real=0.00 secs] 
127.726: Total time for which application threads were stopped: 0.0004590 seconds, Stopping threads took: 0.0000570 seconds
127.743: Application time: 0.0163860 seconds
127.743: [GC [PSYoungGen: 7006K->352K(7680K)] 10746K->4092K(24576K), 0.0003100 secs] [Times: user=0.00 sys=0.00, real=0.00 secs] 
127.743: Total time for which application threads were stopped: 0.0004200 seconds, Stopping threads took: 0.0000550 seconds
127.769: Application time: 0.0256890 seconds
127.769: [GC [PSYoungGen: 7006K->672K(7680K)] 10746K->4412K(24576K), 0.0004220 secs] [Times: user=0.00 sys=0.00, real=0.00 secs] 
127.769: Total time for which application threads were stopped: 0.0005230 seconds, Stopping threads took: 0.0000510 seconds
127.796: Application time: 0.0265280 seconds
127.796: [GC [PSYoungGen: 7326K->928K(7680K)] 11066K->4668K(24576K), 0.0003890 secs] [Times: user=0.00 sys=0.00, real=0.00 secs] 
127.796: Total time for which application threads were stopped: 0.0004960 seconds, Stopping threads took: 0.0000520 seconds
127.822: Application time: 0.0260800 seconds
127.822: [GC [PSYoungGen: 7583K->896K(7680K)] 11324K->4636K(24576K), 0.0004100 secs] [Times: user=0.00 sys=0.00, real=0.00 secs] 
127.823: Total time for which application threads were stopped: 0.0005150 seconds, Stopping threads took: 0.0000500 seconds
127.852: Application time: 0.0290760 seconds
127.852: [GC [PSYoungGen: 7548K->864K(7680K)] 11288K->4604K(24576K), 0.0003840 secs] [Times: user=0.01 sys=0.00, real=0.00 secs] 
127.852: Total time for which application threads were stopped: 0.0004950 seconds, Stopping threads took: 0.0000590 seconds
127.882: Application time: 0.0292060 seconds
127.882: [GC [PSYoungGen: 7518K->896K(7680K)] 11259K->4636K(24576K), 0.0004190 secs] [Times: user=0.00 sys=0.00, real=0.00 secs] 
127.882: Total time for which application threads were stopped: 0.0005360 seconds, Stopping threads took: 0.0000540 seconds
127.912: Application time: 0.0294730 seconds
127.912: [GC [PSYoungGen: 7550K->928K(7680K)] 11291K->4668K(24576K), 0.0003550 secs] [Times: user=0.00 sys=0.00, real=0.00 secs] 
127.912: Total time for which application threads were stopped: 0.0004520 seconds, Stopping threads took: 0.0000450 seconds
127.941: Application time: 0.0293370 seconds
127.941: [GC [PSYoungGen: 7582K->928K(7680K)] 11323K->4668K(24576K), 0.0003570 secs] [Times: user=0.00 sys=0.00, real=0.00 secs] 
127.942: Total time for which application threads were stopped: 0.0004540 seconds, Stopping threads took: 0.0000460 seconds
127.971: Application time: 0.0291550 seconds
127.971: [GC [PSYoungGen: 7582K->864K(7680K)] 11323K->4604K(24576K), 0.0003860 secs] [Times: user=0.01 sys=0.00, real=0.00 secs] 
127.972: Total time for which application threads were stopped: 0.0004990 seconds, Stopping threads took: 0.0000570 seconds
128.001: Application time: 0.0290920 seconds
128.001: [GC [PSYoungGen: 7518K->864K(7680K)] 11259K->4604K(24576K), 0.0003700 secs] [Times: user=0.00 sys=0.00, real=0.00 secs] 
128.001: Total time for which application threads were stopped: 0.0004720 seconds, Stopping threads took: 0.0000530 seconds
128.030: Application time: 0.0290380 seconds
128.030: [GC [PSYoungGen: 7518K->896K(7680K)] 11259K->4636K(24576K), 0.0003980 secs] [Times: user=0.00 sys=0.00, real=0.00 secs] 
128.031: Total time for which application threads were stopped: 0.0004960 seconds, Stopping threads took: 0.0000490 seconds
128.060: Application time: 0.0292160 seconds
128.060: [GC [PSYoungGen: 7550K->896K(7680K)] 11291K->4636K(24576K), 0.0004120 secs] [Times: user=0.00 sys=0.00, real=0.00 secs] 
128.060: Total time for which application threads were stopped: 0.0005210 seconds, Stopping threads took: 0.0000570 seconds
128.090: Application time: 0.0295690 seconds
128.090: [GC [PSYoungGen: 7550K->832K(7680K)] 11291K->4572K(24576K), 0.0004250 secs] [Times: user=0.00 sys=0.00, real=0.00 secs] 
128.090: Total time for which application threads were stopped: 0.0005300 seconds, Stopping threads took: 0.0000530 seconds
128.118: Application time: 0.0274430 seconds
128.118: [GC [PSYoungGen: 7486K->928K(7680K)] 11226K->4668K(24576K), 0.0003950 secs] [Times: user=0.00 sys=0.00, real=0.00 secs] 
128.118: Total time for which application threads were stopped: 0.0004970 seconds, Stopping threads took: 0.0000540 seconds
128.144: Application time: 0.0258720 seconds
128.144: [GC [PSYoungGen: 7583K->928K(7680K)] 11323K->4668K(24576K), 0.0003830 secs] [Times: user=0.01 sys=0.00, real=0.00 secs] 
128.145: Total time for which application threads were stopped: 0.0004890 seconds, Stopping threads took: 0.0000500 seconds
128.174: Application time: 0.0292940 seconds
128.174: [GC [PSYoungGen: 7582K->928K(7680K)] 11323K->4668K(24576K), 0.0004260 secs] [Times: user=0.00 sys=0.00, real=0.00 secs] 
128.175: Total time for which application threads were stopped: 0.0005220 seconds, Stopping threads took: 0.0000450 seconds
128.204: Application time: 0.0295550 seconds
128.204: [GC [PSYoungGen: 7582K->896K(7680K)] 11323K->4636K(24576K), 0.0003490 secs] [Times: user=0.00 sys=0.00, real=0.00 secs] 
128.205: Total time for which application threads were stopped: 0.0004600 seconds, Stopping threads took: 0.0000520 seconds
128.234: Application time: 0.0295690 seconds
128.234: [GC [PSYoungGen: 7550K->928K(7680K)] 11291K->4668K(24576K), 0.0003620 secs] [Times: user=0.00 sys=0.00, real=0.00 secs] 
128.235: Total time for which application threads were stopped: 0.0004680 seconds, Stopping threads took: 0.0000550 seconds
128.264: Application time: 0.0296470 seconds
128.264: [GC [PSYoungGen: 7582K->704K(7680K)] 11323K->4676K(24576K), 0.0003650 secs] [Times: user=0.00 sys=0.00, real=0.00 secs] 
128.265: Total time for which application threads were stopped: 0.0004710 seconds, Stopping threads took: 0.0000530 seconds
128.294: Application time: 0.0296580 seconds
128.294: [GC [PSYoungGen: 7358K->672K(7680K)] 11331K->4644K(24576K), 0.0003520 secs] [Times: user=0.00 sys=0.00, real=0.00 secs] 
128.295: Total time for which application threads were stopped: 0.0004390 seconds, Stopping threads took: 0.0000360 seconds
128.324: Application time: 0.0295140 seconds
128.324: [GC [PSYoungGen: 7326K->672K(7680K)] 11299K->4644K(24576K), 0.0003520 secs] [Times: user=0.00 sys=0.00, real=0.00 secs] 
128.325: Total time for which application threads were stopped: 0.0004550 seconds, Stopping threads took: 0.0000520 seconds
128.354: Application time: 0.0294410 seconds
128.354: [GC [PSYoungGen: 7326K->672K(7680K)] 11299K->4644K(24576K), 0.0003290 secs] [Times: user=0.00 sys=0.00, real=0.00 secs] 
128.355: Total time for which application threads were stopped: 0.0004250 seconds, Stopping threads took: 0.0000450 seconds
128.384: Application time: 0.0294100 seconds
128.384: [GC [PSYoungGen: 7326K->736K(7680K)] 11299K->4708K(24576K), 0.0003560 secs] [Times: user=0.00 sys=0.00, real=0.00 secs] 
128.385: Total time for which application threads were stopped: 0.0004490 seconds, Stopping threads took: 0.0000390 seconds
128.414: Application time: 0.0294750 seconds
128.414: [GC [PSYoungGen: 7390K->640K(7680K)] 11363K->4612K(24576K), 0.0003640 secs] [Times: user=0.00 sys=0.00, real=0.00 secs] 
128.414: Total time for which application threads were stopped: 0.0004540 seconds, Stopping threads took: 0.0000440 seconds
128.444: Application time: 0.0294930 seconds
128.444: [GC [PSYoungGen: 7294K->672K(7680K)] 11267K->4644K(24576K), 0.0003880 secs] [Times: user=0.00 sys=0.00, real=0.00 secs] 
128.444: Total time for which application threads were stopped: 0.0004750 seconds, Stopping threads took: 0.0000370 seconds
128.474: Application time: 0.0295850 seconds
128.474: [GC [PSYoungGen: 7326K->640K(7680K)] 11299K->4612K(24576K), 0.0003960 secs] [Times: user=0.00 sys=0.00, real=0.00 secs] 
128.475: Total time for which application threads were stopped: 0.0004840 seconds, Stopping threads took: 0.0000390 seconds
128.504: Application time: 0.0293850 seconds
128.504: [GC [PSYoungGen: 7294K->704K(7680K)] 11267K->4676K(24576K), 0.0003110 secs] [Times: user=0.01 sys=0.00, real=0.00 secs] 
128.504: Total time for which application threads were stopped: 0.0004090 seconds, Stopping threads took: 0.0000480 seconds
128.534: Application time: 0.0295360 seconds
128.534: [GC [PSYoungGen: 7358K->672K(7680K)] 11331K->4644K(24576K), 0.0003280 secs] [Times: user=0.00 sys=0.00, real=0.00 secs] 
128.534: Total time for which application threads were stopped: 0.0004220 seconds, Stopping threads took: 0.0000480 seconds
128.564: Application time: 0.0294870 seconds
128.564: [GC [PSYoungGen: 7326K->512K(7680K)] 11299K->4697K(24576K), 0.0003480 secs] [Times: user=0.00 sys=0.00, real=0.00 secs] 
128.564: Total time for which application threads were stopped: 0.0004380 seconds, Stopping threads took: 0.0000420 seconds
128.594: Application time: 0.0293890 seconds
128.594: [GC [PSYoungGen: 7166K->0K(7680K)] 11351K->4594K(24576K), 0.0004190 secs] [Times: user=0.00 sys=0.00, real=0.00 secs] 
128.594: Total time for which application threads were stopped: 0.0005180 seconds, Stopping threads took: 0.0000470 seconds
128.624: Application time: 0.0299060 seconds
128.624: [GC [PSYoungGen: 6656K->0K(7680K)] 11250K->4594K(24576K), 0.0003590 secs] [Times: user=0.00 sys=0.00, real=0.00 secs] 
128.625: Total time for which application threads were stopped: 0.0004560 seconds, Stopping threads took: 0.0000400 seconds
128.646: Application time: 0.0214250 seconds
128.646: [GC [PSYoungGen: 6654K->384K(7680K)] 11248K->4978K(24576K), 0.0003200 secs] [Times: user=0.00 sys=0.00, real=0.00 secs] 
128.646: Total time for which application threads were stopped: 0.0004260 seconds, Stopping threads took: 0.0000560 seconds
128.668: Application time: 0.0212680 seconds
128.668: [GC [PSYoungGen: 7039K->352K(7680K)] 11633K->4946K(24576K), 0.0003500 secs] [Times: user=0.00 sys=0.00, real=0.00 secs] 
128.668: Total time for which application threads were stopped: 0.0004340 seconds, Stopping threads took: 0.0000360 seconds
128.694: Application time: 0.0258690 seconds
128.694: [GC [PSYoungGen: 7004K->352K(7680K)] 11598K->4946K(24576K), 0.0003340 secs] [Times: user=0.00 sys=0.00, real=0.00 secs] 
128.694: Total time for which application threads were stopped: 0.0004250 seconds, Stopping threads took: 0.0000420 seconds
128.723: Application time: 0.0291050 seconds
128.724: [GC [PSYoungGen: 7004K->288K(7680K)] 11598K->4882K(24576K), 0.0003150 secs] [Times: user=0.01 sys=0.00, real=0.00 secs] 
128.724: Total time for which application threads were stopped: 0.0004170 seconds, Stopping threads took: 0.0000430 seconds
128.752: Application time: 0.0284630 seconds
128.752: [GC [PSYoungGen: 6940K->384K(7680K)] 11534K->4978K(24576K), 0.0003230 secs] [Times: user=0.00 sys=0.00, real=0.00 secs] 
128.753: Total time for which application threads were stopped: 0.0004020 seconds, Stopping threads took: 0.0000310 seconds
128.782: Application time: 0.0293750 seconds
128.782: [GC [PSYoungGen: 7036K->384K(7680K)] 11630K->4978K(24576K), 0.0003170 secs] [Times: user=0.01 sys=0.00, real=0.00 secs] 
128.783: Total time for which application threads were stopped: 0.0003990 seconds, Stopping threads took: 0.0000360 seconds
128.812: Application time: 0.0292310 seconds
128.812: [GC [PSYoungGen: 7038K->352K(7680K)] 11632K->4946K(24576K), 0.0003060 secs] [Times: user=0.00 sys=0.00, real=0.00 secs] 
128.812: Total time for which application threads were stopped: 0.0003930 seconds, Stopping threads took: 0.0000380 seconds
128.835: Application time: 0.0224440 seconds
128.835: [GC [PSYoungGen: 7004K->512K(7680K)] 11598K->5106K(24576K), 0.0003310 secs] [Times: user=0.00 sys=0.00, real=0.00 secs] 
128.835: Total time for which application threads were stopped: 0.0004180 seconds, Stopping threads took: 0.0000390 seconds
128.855: Application time: 0.0196110 seconds
128.855: [GC [PSYoungGen: 7167K->672K(7680K)] 11761K->5266K(24576K), 0.0004250 secs] [Times: user=0.00 sys=0.00, real=0.00 secs] 
128.855: Total time for which application threads were stopped: 0.0005210 seconds, Stopping threads took: 0.0000460 seconds
128.873: Application time: 0.0174420 seconds
128.873: [GC [PSYoungGen: 7327K->736K(7680K)] 11921K->5330K(24576K), 0.0003730 secs] [Times: user=0.00 sys=0.00, real=0.00 secs] 
128.873: Total time for which application threads were stopped: 0.0004880 seconds, Stopping threads took: 0.0000650 seconds
128.894: Application time: 0.0211770 seconds
128.894: [GC [PSYoungGen: 7389K->672K(7680K)] 11983K->5266K(24576K), 0.0004370 secs] [Times: user=0.00 sys=0.00, real=0.00 secs] 
128.895: Total time for which application threads were stopped: 0.0005320 seconds, Stopping threads took: 0.0000450 seconds
128.921: Application time: 0.0257250 seconds
128.921: [GC [PSYoungGen: 7326K->768K(7680K)] 11920K->5362K(24576K), 0.0003460 secs] [Times: user=0.00 sys=0.00, real=0.00 secs] 
128.921: Total time for which application threads were stopped: 0.0004420 seconds, Stopping threads took: 0.0000460 seconds
128.949: Application time: 0.0278250 seconds
128.949: [GC [PSYoungGen: 7423K->736K(7680K)] 12017K->5330K(24576K), 0.0003530 secs] [Times: user=0.00 sys=0.00, real=0.00 secs] 
128.949: Total time for which application threads were stopped: 0.0004520 seconds, Stopping threads took: 0.0000470 seconds
128.972: Application time: 0.0228580 seconds
128.972: [GC [PSYoungGen: 7389K->928K(7680K)] 11984K->5522K(24576K), 0.0004950 secs] [Times: user=0.00 sys=0.00, real=0.00 secs] 
128.973: Total time for which application threads were stopped: 0.0005850 seconds, Stopping threads took: 0.0000390 seconds
128.993: Application time: 0.0204760 seconds
128.993: [GC [PSYoungGen: 7580K->960K(7680K)] 12174K->5554K(24576K), 0.0003910 secs] [Times: user=0.00 sys=0.00, real=0.00 secs] 
128.994: Total time for which application threads were stopped: 0.0004920 seconds, Stopping threads took: 0.0000490 seconds
129.016: Application time: 0.0227930 seconds
129.017: [GC [PSYoungGen: 7611K->992K(7680K)] 12205K->5594K(24576K), 0.0004050 secs] [Times: user=0.01 sys=0.00, real=0.00 secs] 
129.017: Total time for which application threads were stopped: 0.0005210 seconds, Stopping threads took: 0.0000540 seconds
129.046: Application time: 0.0286740 seconds
129.046: [GC [PSYoungGen: 7644K->960K(7680K)] 12246K->5562K(24576K), 0.0004260 secs] [Times: user=0.00 sys=0.00, real=0.00 secs] 
129.046: Total time for which application threads were stopped: 0.0005210 seconds, Stopping threads took: 0.0000410 seconds
129.073: Application time: 0.0265170 seconds
129.073: [GC [PSYoungGen: 7612K->928K(7680K)] 12215K->5530K(24576K), 0.0004270 secs] [Times: user=0.00 sys=0.00, real=0.00 secs] 
129.073: Total time for which application threads were stopped: 0.0005340 seconds, Stopping threads took: 0.0000530 seconds
129.098: Application time: 0.0248350 seconds
129.098: [GC [PSYoungGen: 7581K->1008K(7680K)] 12183K->5762K(24576K), 0.0004420 secs] [Times: user=0.00 sys=0.00, real=0.00 secs] 
129.099: Total time for which application threads were stopped: 0.0005510 seconds, Stopping threads took: 0.0000480 seconds
129.119: Application time: 0.0204440 seconds
129.123: [GC [PSYoungGen: 7662K->992K(7680K)] 12416K->5786K(24576K), 0.0004140 secs] [Times: user=0.00 sys=0.00, real=0.00 secs] 
129.123: Total time for which application threads were stopped: 0.0041820 seconds, Stopping threads took: 0.0037150 seconds
129.145: Application time: 0.0221800 seconds
129.146: [GC [PSYoungGen: 7643K->928K(7680K)] 12438K->5850K(24576K), 0.0004190 secs] [Times: user=0.01 sys=0.00, real=0.00 secs] 
129.146: Total time for which application threads were stopped: 0.0005230 seconds, Stopping threads took: 0.0000470 seconds
129.175: Application time: 0.0287520 seconds
129.175: [GC [PSYoungGen: 7580K->864K(7680K)] 12503K->5786K(24576K), 0.0004020 secs] [Times: user=0.00 sys=0.00, real=0.00 secs] 
129.175: Total time for which application threads were stopped: 0.0005000 seconds, Stopping threads took: 0.0000480 seconds
129.204: Application time: 0.0286840 seconds
129.204: [GC [PSYoungGen: 7516K->928K(7680K)] 12439K->5850K(24576K), 0.0003930 secs] [Times: user=0.00 sys=0.00, real=0.00 secs] 
129.204: Total time for which application threads were stopped: 0.0004920 seconds, Stopping threads took: 0.0000430 seconds
129.232: Application time: 0.0281120 seconds
129.233: [GC [PSYoungGen: 7581K->944K(7680K)] 12504K->5866K(24576K), 0.0003890 secs] [Times: user=0.00 sys=0.00, real=0.00 secs] 
129.233: Total time for which application threads were stopped: 0.0005070 seconds, Stopping threads took: 0.0000570 seconds
129.261: Application time: 0.0278220 seconds
129.261: [GC [PSYoungGen: 7596K->960K(7680K)] 12519K->5882K(24576K), 0.0004050 secs] [Times: user=0.00 sys=0.00, real=0.00 secs] 
129.261: Total time for which application threads were stopped: 0.0005080 seconds, Stopping threads took: 0.0000500 seconds
129.289: Application time: 0.0273280 seconds
129.289: [GC [PSYoungGen: 7615K->1008K(7680K)] 12538K->5938K(24576K), 0.0004730 secs] [Times: user=0.00 sys=0.00, real=0.00 secs] 
129.289: Total time for which application threads were stopped: 0.0005790 seconds, Stopping threads took: 0.0000490 seconds
129.317: Application time: 0.0281570 seconds
129.317: [GC [PSYoungGen: 7661K->992K(7680K)] 12592K->5922K(24576K), 0.0004320 secs] [Times: user=0.01 sys=0.00, real=0.00 secs] 
129.318: Total time for which application threads were stopped: 0.0005360 seconds, Stopping threads took: 0.0000520 seconds
129.347: Application time: 0.0289730 seconds
129.347: [GC [PSYoungGen: 7646K->960K(7680K)] 12577K->5906K(24576K), 0.0004040 secs] [Times: user=0.00 sys=0.00, real=0.00 secs] 
129.347: Total time for which application threads were stopped: 0.0005040 seconds, Stopping threads took: 0.0000480 seconds
129.377: Application time: 0.0291720 seconds
129.377: [GC [PSYoungGen: 7614K->848K(7680K)] 12561K->5834K(24576K), 0.0004450 secs] [Times: user=0.00 sys=0.00, real=0.00 secs] 
129.377: Total time for which application threads were stopped: 0.0005490 seconds, Stopping threads took: 0.0000500 seconds
129.401: Application time: 0.0242490 seconds
129.401: [GC [PSYoungGen: 7501K->992K(7680K)] 12488K->6162K(24576K), 0.0004680 secs] [Times: user=0.00 sys=0.00, real=0.00 secs] 
129.402: Total time for which application threads were stopped: 0.0005700 seconds, Stopping threads took: 0.0000480 seconds
129.422: Application time: 0.0199020 seconds
129.422: [GC [PSYoungGen: 7646K->1008K(7680K)] 12817K->6346K(24576K), 0.0004430 secs] [Times: user=0.00 sys=0.00, real=0.00 secs] 
129.422: Total time for which application threads were stopped: 0.0005340 seconds, Stopping threads took: 0.0000390 seconds
129.440: Application time: 0.0180610 seconds
129.441: [GC [PSYoungGen: 7543K->992K(7680K)] 12882K->6350K(24576K), 0.0004750 secs] [Times: user=0.00 sys=0.00, real=0.00 secs] 
129.441: Total time for which application threads were stopped: 0.0005810 seconds, Stopping threads took: 0.0000520 seconds
129.457: Application time: 0.0159520 seconds
129.457: [GC [PSYoungGen: 7646K->1008K(7680K)] 13005K->6715K(24576K), 0.0004830 secs] [Times: user=0.00 sys=0.00, real=0.00 secs] 
129.458: Total time for which application threads were stopped: 0.0005990 seconds, Stopping threads took: 0.0000620 seconds
129.474: Application time: 0.0160450 seconds
129.474: [GC [PSYoungGen: 7662K->976K(7680K)] 13370K->6811K(24576K), 0.0004200 secs] [Times: user=0.00 sys=0.00, real=0.00 secs] 
129.474: Total time for which application threads were stopped: 0.0005300 seconds, Stopping threads took: 0.0000550 seconds
129.493: Application time: 0.0186210 seconds
129.493: [GC [PSYoungGen: 7630K->1008K(7680K)] 13466K->6979K(24576K), 0.0004270 secs] [Times: user=0.00 sys=0.00, real=0.00 secs] 
129.493: Total time for which application threads were stopped: 0.0005340 seconds, Stopping threads took: 0.0000550 seconds
129.521: Application time: 0.0273310 seconds
129.521: [GC [PSYoungGen: 7660K->992K(7680K)] 13631K->7019K(24576K), 0.0004750 secs] [Times: user=0.00 sys=0.00, real=0.00 secs] 
129.521: Total time for which application threads were stopped: 0.0005720 seconds, Stopping threads took: 0.0000440 seconds
129.547: Application time: 0.0262290 seconds
129.548: [GC [PSYoungGen: 7647K->992K(7680K)] 13675K->7256K(24576K), 0.0004420 secs] [Times: user=0.00 sys=0.00, real=0.00 secs] 
129.548: Total time for which application threads were stopped: 0.0005380 seconds, Stopping threads took: 0.0000430 seconds
129.576: Application time: 0.0280740 seconds
129.576: [GC [PSYoungGen: 7646K->992K(7680K)] 13910K->7456K(24576K), 0.0004570 secs] [Times: user=0.01 sys=0.00, real=0.00 secs] 
129.577: Total time for which application threads were stopped: 0.0005640 seconds, Stopping threads took: 0.0000520 seconds
129.606: Application time: 0.0291500 seconds
129.606: [GC [PSYoungGen: 7646K->928K(7680K)] 14111K->7520K(24576K), 0.0004190 secs] [Times: user=0.00 sys=0.00, real=0.00 secs] 
129.606: Total time for which application threads were stopped: 0.0005260 seconds, Stopping threads took: 0.0000530 seconds
129.636: Application time: 0.0296020 seconds
129.636: [GC [PSYoungGen: 7582K->880K(7680K)] 14175K->7520K(24576K), 0.0004480 secs] [Times: user=0.00 sys=0.00, real=0.00 secs] 
129.637: Total time for which application threads were stopped: 0.0005620 seconds, Stopping threads took: 0.0000540 seconds
129.666: Application time: 0.0296890 seconds
129.666: [GC [PSYoungGen: 7532K->896K(7680K)] 14172K->7572K(24576K), 0.0004570 secs] [Times: user=0.00 sys=0.00, real=0.00 secs] 
129.667: Total time for which application threads were stopped: 0.0005630 seconds, Stopping threads took: 0.0000470 seconds
129.696: Application time: 0.0295110 seconds
129.696: [GC [PSYoungGen: 7548K->768K(7680K)] 14225K->7553K(24576K), 0.0003800 secs] [Times: user=0.00 sys=0.00, real=0.00 secs] 
129.697: Total time for which application threads were stopped: 0.0004920 seconds, Stopping threads took: 0.0000560 seconds
129.726: Application time: 0.0293220 seconds
129.726: [GC [PSYoungGen: 7422K->832K(7680K)] 14208K->7617K(24576K), 0.0003720 secs] [Times: user=0.00 sys=0.00, real=0.00 secs] 
129.727: Total time for which application threads were stopped: 0.0004930 seconds, Stopping threads took: 0.0000650 seconds
129.756: Application time: 0.0292770 seconds
129.756: [GC [PSYoungGen: 7486K->800K(7680K)] 14272K->7585K(24576K), 0.0003650 secs] [Times: user=0.00 sys=0.00, real=0.00 secs] 
129.756: Total time for which application threads were stopped: 0.0004650 seconds, Stopping threads took: 0.0000400 seconds
129.786: Application time: 0.0291830 seconds
129.786: [GC [PSYoungGen: 7454K->736K(7680K)] 14240K->7529K(24576K), 0.0004230 secs] [Times: user=0.00 sys=0.00, real=0.00 secs] 
129.786: Total time for which application threads were stopped: 0.0005220 seconds, Stopping threads took: 0.0000470 seconds
129.815: Application time: 0.0292100 seconds
129.815: [GC [PSYoungGen: 7390K->608K(7680K)] 14184K->7629K(24576K), 0.0004270 secs] [Times: user=0.00 sys=0.00, real=0.00 secs] 
129.816: Total time for which application threads were stopped: 0.0005140 seconds, Stopping threads took: 0.0000360 seconds
129.844: Application time: 0.0278340 seconds
129.844: [GC [PSYoungGen: 7262K->800K(7680K)] 14283K->7821K(24576K), 0.0003980 secs] [Times: user=0.00 sys=0.00, real=0.00 secs] 
129.844: Total time for which application threads were stopped: 0.0005090 seconds, Stopping threads took: 0.0000600 seconds
129.872: Application time: 0.0275220 seconds
129.872: [GC [PSYoungGen: 7454K->928K(7680K)] 14475K->8005K(24576K), 0.0005270 secs] [Times: user=0.00 sys=0.00, real=0.00 secs] 
129.872: Total time for which application threads were stopped: 0.0006330 seconds, Stopping threads took: 0.0000530 seconds
129.900: Application time: 0.0276670 seconds
129.900: [GC [PSYoungGen: 7582K->992K(7680K)] 14659K->8077K(24576K), 0.0005090 secs] [Times: user=0.00 sys=0.00, real=0.00 secs] 
129.901: Total time for which application threads were stopped: 0.0006130 seconds, Stopping threads took: 0.0000490 seconds
129.930: Application time: 0.0292300 seconds
129.930: [GC [PSYoungGen: 7646K->992K(7680K)] 14732K->8146K(24576K), 0.0004360 secs] [Times: user=0.00 sys=0.00, real=0.00 secs] 
129.930: Total time for which application threads were stopped: 0.0005480 seconds, Stopping threads took: 0.0000590 seconds
129.960: Application time: 0.0297600 seconds
129.960: [GC [PSYoungGen: 7646K->864K(7680K)] 14801K->8202K(24576K), 0.0004610 secs] [Times: user=0.00 sys=0.00, real=0.00 secs] 
129.961: Total time for which application threads were stopped: 0.0005600 seconds, Stopping threads took: 0.0000440 seconds
129.990: Application time: 0.0294880 seconds
129.990: [GC [PSYoungGen: 7518K->672K(7680K)] 14857K->8251K(24576K), 0.0004010 secs] [Times: user=0.00 sys=0.00, real=0.00 secs] 
129.991: Total time for which application threads were stopped: 0.0005090 seconds, Stopping threads took: 0.0000550 seconds
130.020: Application time: 0.0295570 seconds
130.020: [GC [PSYoungGen: 7326K->640K(7680K)] 14906K->8235K(24576K), 0.0003960 secs] [Times: user=0.00 sys=0.00, real=0.00 secs] 
130.021: Total time for which application threads were stopped: 0.0005010 seconds, Stopping threads took: 0.0000530 seconds
130.050: Application time: 0.0295330 seconds
130.050: [GC [PSYoungGen: 7294K->672K(7680K)] 14890K->8267K(24576K), 0.0003340 secs] [Times: user=0.00 sys=0.00, real=0.00 secs] 
130.051: Total time for which application threads were stopped: 0.0004270 seconds, Stopping threads took: 0.0000410 seconds
130.080: Application time: 0.0297570 seconds
130.081: [GC [PSYoungGen: 7326K->704K(7680K)] 14922K->8299K(24576K), 0.0003550 secs] [Times: user=0.00 sys=0.00, real=0.00 secs] 
130.081: Total time for which application threads were stopped: 0.0004790 seconds, Stopping threads took: 0.0000690 seconds
130.110: Application time: 0.0295210 seconds
130.111: [GC [PSYoungGen: 7358K->736K(7680K)] 14954K->8331K(24576K), 0.0003930 secs] [Times: user=0.00 sys=0.00, real=0.00 secs] 
130.111: Total time for which application threads were stopped: 0.0004970 seconds, Stopping threads took: 0.0000530 seconds
130.141: Application time: 0.0296600 seconds
130.141: [GC [PSYoungGen: 7388K->672K(7680K)] 14983K->8267K(24576K), 0.0003460 secs] [Times: user=0.00 sys=0.00, real=0.00 secs] 
130.141: Total time for which application threads were stopped: 0.0004510 seconds, Stopping threads took: 0.0000450 seconds
130.171: Application time: 0.0296570 seconds
130.171: [GC [PSYoungGen: 7326K->704K(7680K)] 14922K->8299K(24576K), 0.0003370 secs] [Times: user=0.00 sys=0.00, real=0.00 secs] 
130.171: Total time for which application threads were stopped: 0.0004540 seconds, Stopping threads took: 0.0000640 seconds
130.201: Application time: 0.0295340 seconds
130.201: [GC [PSYoungGen: 7358K->608K(7680K)] 14954K->8203K(24576K), 0.0003970 secs] [Times: user=0.00 sys=0.00, real=0.00 secs] 
130.201: Total time for which application threads were stopped: 0.0005010 seconds, Stopping threads took: 0.0000530 seconds
130.231: Application time: 0.0295190 seconds
130.231: [GC [PSYoungGen: 7262K->704K(7680K)] 14858K->8299K(24576K), 0.0003400 secs] [Times: user=0.00 sys=0.00, real=0.00 secs] 
130.231: Total time for which application threads were stopped: 0.0004370 seconds, Stopping threads took: 0.0000440 seconds
130.261: Application time: 0.0296760 seconds
130.261: [GC [PSYoungGen: 7358K->768K(7680K)] 14954K->8363K(24576K), 0.0003820 secs] [Times: user=0.00 sys=0.00, real=0.00 secs] 
130.261: Total time for which application threads were stopped: 0.0004930 seconds, Stopping threads took: 0.0000530 seconds
130.291: Application time: 0.0294330 seconds
130.291: [GC [PSYoungGen: 7422K->480K(7680K)] 15018K->8259K(24576K), 0.0003910 secs] [Times: user=0.00 sys=0.00, real=0.00 secs] 
130.291: Total time for which application threads were stopped: 0.0004870 seconds, Stopping threads took: 0.0000450 seconds
130.321: Application time: 0.0294000 seconds
130.321: [GC [PSYoungGen: 7134K->288K(7680K)] 14914K->8283K(24576K), 0.0003530 secs] [Times: user=0.00 sys=0.00, real=0.00 secs] 
130.321: Total time for which application threads were stopped: 0.0004490 seconds, Stopping threads took: 0.0000450 seconds
130.350: Application time: 0.0293380 seconds
130.351: [GC [PSYoungGen: 6942K->0K(7680K)] 14938K->8216K(24576K), 0.0003840 secs] [Times: user=0.00 sys=0.00, real=0.00 secs] 
130.351: Total time for which application threads were stopped: 0.0004850 seconds, Stopping threads took: 0.0000510 seconds
130.373: Application time: 0.0215810 seconds
130.373: [GC [PSYoungGen: 6654K->352K(7680K)] 14870K->8568K(24576K), 0.0003580 secs] [Times: user=0.00 sys=0.00, real=0.00 secs] 
130.373: Total time for which application threads were stopped: 0.0004560 seconds, Stopping threads took: 0.0000460 seconds
130.394: Application time: 0.0212230 seconds
130.394: [GC [PSYoungGen: 7005K->352K(7680K)] 15221K->8568K(24576K), 0.0003110 secs] [Times: user=0.00 sys=0.00, real=0.00 secs] 
130.395: Total time for which application threads were stopped: 0.0004110 seconds, Stopping threads took: 0.0000490 seconds
130.420: Application time: 0.0255540 seconds
130.420: [GC [PSYoungGen: 7003K->384K(7680K)] 15220K->8600K(24576K), 0.0003290 secs] [Times: user=0.00 sys=0.00, real=0.00 secs] 
130.421: Total time for which application threads were stopped: 0.0004290 seconds, Stopping threads took: 0.0000490 seconds
130.450: Application time: 0.0296780 seconds
130.450: [GC [PSYoungGen: 7038K->288K(7680K)] 15254K->8504K(24576K), 0.0003470 secs] [Times: user=0.00 sys=0.00, real=0.00 secs] 
130.451: Total time for which application threads were stopped: 0.0004500 seconds, Stopping threads took: 0.0000480 seconds
130.479: Application time: 0.0282570 seconds
130.479: [GC [PSYoungGen: 6940K->320K(7680K)] 15156K->8536K(24576K), 0.0003730 secs] [Times: user=0.00 sys=0.00, real=0.00 secs] 
130.479: Total time for which application threads were stopped: 0.0004640 seconds, Stopping threads took: 0.0000420 seconds
130.509: Application time: 0.0291820 seconds
130.509: [GC [PSYoungGen: 6974K->256K(7680K)] 15190K->8472K(24576K), 0.0003500 secs] [Times: user=0.00 sys=0.00, real=0.00 secs] 
130.509: Total time for which application threads were stopped: 0.0004340 seconds, Stopping threads took: 0.0000360 seconds
130.538: Application time: 0.0290930 seconds
130.538: [GC [PSYoungGen: 6910K->352K(7680K)] 15126K->8568K(24576K), 0.0003240 secs] [Times: user=0.01 sys=0.00, real=0.00 secs] 
130.539: Total time for which application threads were stopped: 0.0004240 seconds, Stopping threads took: 0.0000480 seconds
130.562: Application time: 0.0237070 seconds
130.562: [GC [PSYoungGen: 6959K->384K(7680K)] 15176K->8600K(24576K), 0.0003360 secs] [Times: user=0.00 sys=0.00, real=0.00 secs] 
130.563: Total time for which application threads were stopped: 0.0004400 seconds, Stopping threads took: 0.0000540 seconds
130.582: Application time: 0.0187860 seconds
130.582: [GC [PSYoungGen: 7038K->672K(7680K)] 15254K->8888K(24576K), 0.0004250 secs] [Times: user=0.00 sys=0.00, real=0.00 secs] 
130.582: Total time for which application threads were stopped: 0.0005270 seconds, Stopping threads took: 0.0000490 seconds
130.598: Application time: 0.0157270 seconds
130.598: [GC [PSYoungGen: 7324K->672K(7680K)] 15540K->8888K(24576K), 0.0003930 secs] [Times: user=0.00 sys=0.00, real=0.00 secs] 
130.598: Total time for which application threads were stopped: 0.0004920 seconds, Stopping threads took: 0.0000470 seconds
130.621: Application time: 0.0230920 seconds
130.621: [GC [PSYoungGen: 7325K->640K(7680K)] 15541K->8856K(24576K), 0.0004140 secs] [Times: user=0.00 sys=0.00, real=0.00 secs] 
130.622: Total time for which application threads were stopped: 0.0005260 seconds, Stopping threads took: 0.0000520 seconds
130.647: Application time: 0.0247960 seconds
130.647: [GC [PSYoungGen: 7291K->736K(7680K)] 15508K->8952K(24576K), 0.0003930 secs] [Times: user=0.00 sys=0.00, real=0.00 secs] 
130.647: Total time for which application threads were stopped: 0.0004910 seconds, Stopping threads took: 0.0000410 seconds
130.675: Application time: 0.0277890 seconds
130.675: [GC [PSYoungGen: 7390K->704K(7680K)] 15606K->8920K(24576K), 0.0004260 secs] [Times: user=0.00 sys=0.00, real=0.00 secs] 
130.675: Total time for which application threads were stopped: 0.0005230 seconds, Stopping threads took: 0.0000460 seconds
130.704: Application time: 0.0282690 seconds
130.704: [GC [PSYoungGen: 7356K->704K(7680K)] 15572K->8920K(24576K), 0.0003670 secs] [Times: user=0.00 sys=0.00, real=0.00 secs] 
130.704: Total time for which application threads were stopped: 0.0004660 seconds, Stopping threads took: 0.0000450 seconds
130.725: Application time: 0.0209990 seconds
130.725: [GC [PSYoungGen: 7358K->992K(7680K)] 15574K->9224K(24576K), 0.0004310 secs] [Times: user=0.00 sys=0.00, real=0.00 secs] 
130.726: Total time for which application threads were stopped: 0.0005310 seconds, Stopping threads took: 0.0000440 seconds
130.747: Application time: 0.0209840 seconds
130.747: [GC [PSYoungGen: 7647K->880K(7680K)] 15879K->9112K(24576K), 0.0004070 secs] [Times: user=0.01 sys=0.00, real=0.00 secs] 
130.747: Total time for which application threads were stopped: 0.0005200 seconds, Stopping threads took: 0.0000600 seconds
130.772: Application time: 0.0246490 seconds
130.772: [GC [PSYoungGen: 7532K->928K(7680K)] 15764K->9160K(24576K), 0.0004150 secs] [Times: user=0.01 sys=0.00, real=0.00 secs] 
130.772: Total time for which application threads were stopped: 0.0005300 seconds, Stopping threads took: 0.0000530 seconds
130.799: Application time: 0.0266390 seconds
130.799: [GC [PSYoungGen: 7582K->992K(7680K)] 15814K->9224K(24576K), 0.0004470 secs] [Times: user=0.00 sys=0.00, real=0.00 secs] 
130.800: Total time for which application threads were stopped: 0.0005410 seconds, Stopping threads took: 0.0000450 seconds
130.825: Application time: 0.0255120 seconds
130.825: [GC [PSYoungGen: 7645K->1008K(7680K)] 15877K->9384K(24576K), 0.0004820 secs] [Times: user=0.01 sys=0.00, real=0.01 secs] 
130.827: Total time for which application threads were stopped: 0.0016330 seconds, Stopping threads took: 0.0000560 seconds
130.847: Application time: 0.0202960 seconds
130.847: [GC [PSYoungGen: 7662K->928K(7680K)] 16039K->9432K(24576K), 0.0004250 secs] [Times: user=0.00 sys=0.00, real=0.00 secs] 
130.848: Total time for which application threads were stopped: 0.0005330 seconds, Stopping threads took: 0.0000510 seconds
130.868: Application time: 0.0205180 seconds
130.868: [GC [PSYoungGen: 7583K->960K(7680K)] 16087K->9592K(24576K), 0.0004520 secs] [Times: user=0.01 sys=0.00, real=0.00 secs] 
130.869: Total time for which application threads were stopped: 0.0005470 seconds, Stopping threads took: 0.0000420 seconds
130.897: Application time: 0.0287260 seconds
130.897: [GC [PSYoungGen: 7612K->928K(7680K)] 16244K->9560K(24576K), 0.0004150 secs] [Times: user=0.00 sys=0.00, real=0.00 secs] 
130.898: Total time for which application threads were stopped: 0.0005180 seconds, Stopping threads took: 0.0000490 seconds
130.927: Application time: 0.0285900 seconds
130.927: [GC [PSYoungGen: 7580K->960K(7680K)] 16212K->9592K(24576K), 0.0004070 secs] [Times: user=0.00 sys=0.00, real=0.01 secs] 
130.927: Total time for which application threads were stopped: 0.0005150 seconds, Stopping threads took: 0.0000550 seconds
130.955: Application time: 0.0279470 seconds
130.955: [GC [PSYoungGen: 7612K->992K(7680K)] 16244K->9664K(24576K), 0.0004220 secs] [Times: user=0.00 sys=0.00, real=0.00 secs] 
130.956: Total time for which application threads were stopped: 0.0005300 seconds, Stopping threads took: 0.0000530 seconds
130.983: Application time: 0.0279210 seconds
130.984: [GC [PSYoungGen: 7644K->992K(7680K)] 16316K->9848K(24576K), 0.0004720 secs] [Times: user=0.01 sys=0.00, real=0.00 secs] 
130.984: Total time for which application threads were stopped: 0.0005770 seconds, Stopping threads took: 0.0000520 seconds
131.012: Application time: 0.0281990 seconds
131.015: [GC [PSYoungGen: 7646K->1008K(7680K)] 16502K->9888K(24576K), 0.0004980 secs] [Times: user=0.00 sys=0.00, real=0.00 secs] 
131.015: Total time for which application threads were stopped: 0.0031200 seconds, Stopping threads took: 0.0025640 seconds
131.043: Application time: 0.0275380 seconds
131.043: [GC [PSYoungGen: 7662K->992K(7680K)] 16542K->10072K(24576K), 0.0004680 secs] [Times: user=0.00 sys=0.00, real=0.00 secs] 
131.043: Total time for which application threads were stopped: 0.0005610 seconds, Stopping threads took: 0.0000380 seconds
131.073: Application time: 0.0291990 seconds
131.073: [GC [PSYoungGen: 7644K->992K(7680K)] 16724K->10072K(24576K), 0.0005030 secs] [Times: user=0.00 sys=0.00, real=0.00 secs] 
131.073: Total time for which application threads were stopped: 0.0006190 seconds, Stopping threads took: 0.0000600 seconds
131.102: Application time: 0.0290080 seconds
131.102: [GC [PSYoungGen: 7646K->976K(7680K)] 16727K->10112K(24576K), 0.0004120 secs] [Times: user=0.01 sys=0.00, real=0.00 secs] 
131.103: Total time for which application threads were stopped: 0.0005160 seconds, Stopping threads took: 0.0000500 seconds
131.126: Application time: 0.0235260 seconds
131.126: [GC [PSYoungGen: 7629K->992K(7680K)] 16765K->10184K(24576K), 0.0004560 secs] [Times: user=0.01 sys=0.00, real=0.01 secs] 
131.127: Total time for which application threads were stopped: 0.0005640 seconds, Stopping threads took: 0.0000520 seconds
131.147: Application time: 0.0199810 seconds
131.147: [GC [PSYoungGen: 7643K->992K(7680K)] 16836K->10512K(24576K), 0.0004790 secs] [Times: user=0.00 sys=0.00, real=0.00 secs] 
131.147: Total time for which application threads were stopped: 0.0005710 seconds, Stopping threads took: 0.0000400 seconds
131.166: Application time: 0.0181660 seconds
131.167: [GC [PSYoungGen: 7645K->992K(7680K)] 17165K->10880K(24576K), 0.0005260 secs] [Times: user=0.00 sys=0.00, real=0.00 secs] 
131.167: Total time for which application threads were stopped: 0.0017690 seconds, Stopping threads took: 0.0011870 seconds
131.183: Application time: 0.0158680 seconds
131.183: [GC [PSYoungGen: 7648K->992K(7680K)] 17536K->11333K(24576K), 0.0005430 secs] [Times: user=0.01 sys=0.00, real=0.00 secs] 
131.184: Total time for which application threads were stopped: 0.0006510 seconds, Stopping threads took: 0.0000540 seconds
131.200: Application time: 0.0164570 seconds
131.200: [GC [PSYoungGen: 7646K->1008K(7680K)] 17987K->11381K(24576K), 0.0004320 secs] [Times: user=0.01 sys=0.00, real=0.00 secs] 
131.201: Total time for which application threads were stopped: 0.0005320 seconds, Stopping threads took: 0.0000370 seconds
131.220: Application time: 0.0189750 seconds
131.220: [GC [PSYoungGen: 7662K->992K(7680K)] 18035K->11493K(24576K), 0.0004280 secs] [Times: user=0.00 sys=0.00, real=0.00 secs] 
131.220: Total time for which application threads were stopped: 0.0005320 seconds, Stopping threads took: 0.0000510 seconds
131.247: Application time: 0.0267850 seconds
131.247: [GC [PSYoungGen: 7647K->1008K(7680K)] 18148K->11733K(24576K), 0.0004820 secs] [Times: user=0.00 sys=0.00, real=0.00 secs] 
131.248: Total time for which application threads were stopped: 0.0005860 seconds, Stopping threads took: 0.0000500 seconds
131.275: Application time: 0.0268340 seconds
131.275: [GC [PSYoungGen: 7661K->992K(7680K)] 18386K->11917K(24576K), 0.0004940 secs] [Times: user=0.00 sys=0.00, real=0.00 secs] 
131.275: Total time for which application threads were stopped: 0.0006020 seconds, Stopping threads took: 0.0000480 seconds
131.304: Application time: 0.0285110 seconds
131.304: [GC [PSYoungGen: 7644K->1008K(7680K)] 18569K->11981K(24576K), 0.0004620 secs] [Times: user=0.00 sys=0.00, real=0.00 secs] 
131.304: Total time for which application threads were stopped: 0.0005690 seconds, Stopping threads took: 0.0000500 seconds
131.333: Application time: 0.0291680 seconds
131.334: [GC [PSYoungGen: 7662K->1008K(7680K)] 18636K->12013K(24576K), 0.0004110 secs] [Times: user=0.00 sys=0.00, real=0.00 secs] 
131.334: Total time for which application threads were stopped: 0.0005210 seconds, Stopping threads took: 0.0000540 seconds
131.363: Application time: 0.0290190 seconds
131.363: [GC [PSYoungGen: 7662K->992K(7680K)] 18668K->12045K(24576K), 0.0004340 secs] [Times: user=0.00 sys=0.00, real=0.00 secs] 
131.364: Total time for which application threads were stopped: 0.0005360 seconds, Stopping threads took: 0.0000480 seconds
131.393: Application time: 0.0289890 seconds
131.393: [GC [PSYoungGen: 7646K->832K(7680K)] 18700K->12085K(24576K), 0.0004300 secs] [Times: user=0.00 sys=0.00, real=0.00 secs] 
131.393: Total time for which application threads were stopped: 0.0005250 seconds, Stopping threads took: 0.0000420 seconds
131.422: Application time: 0.0289690 seconds
131.422: [GC [PSYoungGen: 7486K->800K(7680K)] 18740K->12069K(24576K), 0.0004020 secs] [Times: user=0.00 sys=0.00, real=0.00 secs] 
131.423: Total time for which application threads were stopped: 0.0005040 seconds, Stopping threads took: 0.0000460 seconds
131.452: Application time: 0.0290830 seconds
131.452: [GC [PSYoungGen: 7454K->832K(7680K)] 18724K->12101K(24576K), 0.0003820 secs] [Times: user=0.01 sys=0.00, real=0.00 secs] 
131.452: Total time for which application threads were stopped: 0.0004830 seconds, Stopping threads took: 0.0000490 seconds
131.481: Application time: 0.0291480 seconds
131.481: [GC [PSYoungGen: 7484K->800K(7680K)] 18753K->12069K(24576K), 0.0003900 secs] [Times: user=0.00 sys=0.00, real=0.00 secs] 
131.482: Total time for which application threads were stopped: 0.0004820 seconds, Stopping threads took: 0.0000380 seconds
131.511: Application time: 0.0291460 seconds
131.511: [GC [PSYoungGen: 7454K->896K(7680K)] 18724K->12189K(24576K), 0.0004440 secs] [Times: user=0.00 sys=0.00, real=0.00 secs] 
131.511: Total time for which application threads were stopped: 0.0005530 seconds, Stopping threads took: 0.0000520 seconds
131.540: Application time: 0.0284450 seconds
131.540: [GC [PSYoungGen: 7548K->992K(7680K)] 18841K->12313K(24576K), 0.0004510 secs] [Times: user=0.00 sys=0.00, real=0.00 secs] 
131.540: Total time for which application threads were stopped: 0.0005560 seconds, Stopping threads took: 0.0000480 seconds
131.569: Application time: 0.0283470 seconds
131.569: [GC [PSYoungGen: 7644K->960K(7680K)] 18965K->12402K(24576K), 0.0004800 secs] [Times: user=0.00 sys=0.00, real=0.00 secs] 
131.569: Total time for which application threads were stopped: 0.0005800 seconds, Stopping threads took: 0.0000460 seconds
131.597: Application time: 0.0279570 seconds
131.597: [GC [PSYoungGen: 7614K->992K(7680K)] 19056K->12530K(24576K), 0.0004580 secs] [Times: user=0.00 sys=0.00, real=0.00 secs] 
131.598: Total time for which application threads were stopped: 0.0005650 seconds, Stopping threads took: 0.0000490 seconds
131.626: Application time: 0.0285910 seconds
131.627: [GC [PSYoungGen: 7644K->992K(7680K)] 19183K->12658K(24576K), 0.0005350 secs] [Times: user=0.01 sys=0.00, real=0.01 secs] 
131.627: Total time for which application threads were stopped: 0.0006600 seconds, Stopping threads took: 0.0000600 seconds
131.656: Application time: 0.0286920 seconds
131.656: [GC [PSYoungGen: 7645K->992K(7680K)] 19312K->12658K(24576K), 0.0004300 secs] [Times: user=0.00 sys=0.00, real=0.00 secs] 
131.656: Total time for which application threads were stopped: 0.0005270 seconds, Stopping threads took: 0.0000400 seconds
131.686: Application time: 0.0294300 seconds
131.687: [GC [PSYoungGen: 7646K->960K(7680K)] 19313K->12690K(24576K), 0.0004410 secs] [Times: user=0.00 sys=0.00, real=0.00 secs] 
131.687: Total time for which application threads were stopped: 0.0014900 seconds, Stopping threads took: 0.0009920 seconds
131.717: Application time: 0.0294700 seconds
131.717: [GC [PSYoungGen: 7614K->672K(7680K)] 19345K->12635K(24576K), 0.0004630 secs] [Times: user=0.01 sys=0.00, real=0.00 secs] 
131.717: Total time for which application threads were stopped: 0.0005730 seconds, Stopping threads took: 0.0000530 seconds
131.747: Application time: 0.0296280 seconds
131.747: [GC [PSYoungGen: 7326K->672K(7680K)] 19290K->12651K(24576K), 0.0004110 secs] [Times: user=0.00 sys=0.00, real=0.00 secs] 
131.747: Total time for which application threads were stopped: 0.0005160 seconds, Stopping threads took: 0.0000480 seconds
131.777: Application time: 0.0295400 seconds
131.777: [GC [PSYoungGen: 7326K->704K(7680K)] 19306K->12683K(24576K), 0.0003440 secs] [Times: user=0.00 sys=0.00, real=0.00 secs] 
131.777: Total time for which application threads were stopped: 0.0004530 seconds, Stopping threads took: 0.0000470 seconds
131.807: Application time: 0.0297440 seconds
131.807: [GC [PSYoungGen: 7358K->672K(7680K)] 19338K->12651K(24576K), 0.0003650 secs] [Times: user=0.00 sys=0.00, real=0.00 secs] 
131.808: Total time for which application threads were stopped: 0.0004720 seconds, Stopping threads took: 0.0000530 seconds
131.837: Application time: 0.0294570 seconds
131.837: [GC [PSYoungGen: 7326K->704K(7680K)] 19306K->12683K(24576K), 0.0003500 secs] [Times: user=0.00 sys=0.00, real=0.00 secs] 
131.838: Total time for which application threads were stopped: 0.0004440 seconds, Stopping threads took: 0.0000400 seconds
131.867: Application time: 0.0296500 seconds
131.867: [GC [PSYoungGen: 7358K->640K(7680K)] 19338K->12619K(24576K), 0.0003650 secs] [Times: user=0.01 sys=0.00, real=0.00 secs] 
131.868: Total time for which application threads were stopped: 0.0004580 seconds, Stopping threads took: 0.0000390 seconds
131.897: Application time: 0.0294440 seconds
131.897: [GC [PSYoungGen: 7294K->672K(7680K)] 19274K->12651K(24576K), 0.0003570 secs] [Times: user=0.00 sys=0.00, real=0.00 secs] 
131.898: Total time for which application threads were stopped: 0.0004460 seconds, Stopping threads took: 0.0000350 seconds
131.927: Application time: 0.0296280 seconds
131.927: [GC [PSYoungGen: 7326K->672K(7680K)] 19306K->12651K(24576K), 0.0003490 secs] [Times: user=0.00 sys=0.00, real=0.00 secs] 
131.928: Total time for which application threads were stopped: 0.0004430 seconds, Stopping threads took: 0.0000430 seconds
131.957: Application time: 0.0294500 seconds
131.957: [GC [PSYoungGen: 7326K->704K(7680K)] 19306K->12683K(24576K), 0.0003630 secs] [Times: user=0.00 sys=0.00, real=0.00 secs] 
131.958: Total time for which application threads were stopped: 0.0004640 seconds, Stopping threads took: 0.0000480 seconds
131.987: Application time: 0.0294500 seconds
131.987: [GC [PSYoungGen: 7358K->704K(7680K)] 19338K->12683K(24576K), 0.0003530 secs] [Times: user=0.00 sys=0.00, real=0.00 secs] 
131.987: Total time for which application threads were stopped: 0.0004480 seconds, Stopping threads took: 0.0000430 seconds
132.017: Application time: 0.0295840 seconds
132.017: [GC [PSYoungGen: 7358K->480K(7680K)] 19338K->12688K(24576K), 0.0003710 secs] [Times: user=0.00 sys=0.00, real=0.00 secs] 
132.018: Total time for which application threads were stopped: 0.0004780 seconds, Stopping threads took: 0.0000510 seconds
132.047: Application time: 0.0293430 seconds
132.047: [GC [PSYoungGen: 7134K->320K(7680K)] 19343K->12736K(24576K), 0.0003800 secs] [Times: user=0.00 sys=0.00, real=0.00 secs] 
132.047: Total time for which application threads were stopped: 0.0004710 seconds, Stopping threads took: 0.0000410 seconds
132.077: Application time: 0.0293280 seconds
132.077: [GC [PSYoungGen: 6974K->288K(7680K)] 19391K->12712K(24576K), 0.0003450 secs] [Times: user=0.00 sys=0.00, real=0.00 secs] 
132.077: Total time for which application threads were stopped: 0.0004340 seconds, Stopping threads took: 0.0000390 seconds
132.103: Application time: 0.0258000 seconds
132.103: [GC [PSYoungGen: 6940K->320K(7680K)] 19364K->12957K(24576K), 0.0003600 secs] [Times: user=0.00 sys=0.00, real=0.00 secs] 
132.103: Total time for which application threads were stopped: 0.0004700 seconds, Stopping threads took: 0.0000570 seconds
132.124: Application time: 0.0206840 seconds
132.124: [GC [PSYoungGen: 6975K->416K(7680K)] 19612K->13053K(24576K), 0.0003250 secs] [Times: user=0.00 sys=0.00, real=0.00 secs] 
132.125: Total time for which application threads were stopped: 0.0004140 seconds, Stopping threads took: 0.0000400 seconds
132.147: Application time: 0.0223370 seconds
132.147: [GC [PSYoungGen: 7071K->288K(7680K)] 19708K->12925K(24576K), 0.0003670 secs] [Times: user=0.00 sys=0.00, real=0.00 secs] 
132.147: Total time for which application threads were stopped: 0.0004480 seconds, Stopping threads took: 0.0000310 seconds
132.176: Application time: 0.0291960 seconds
132.177: [GC [PSYoungGen: 6940K->352K(7680K)] 19577K->12989K(24576K), 0.0003210 secs] [Times: user=0.00 sys=0.00, real=0.00 secs] 
132.177: Total time for which application threads were stopped: 0.0003980 seconds, Stopping threads took: 0.0000290 seconds
132.206: Application time: 0.0288110 seconds
132.206: [GC [PSYoungGen: 7008K->256K(7680K)] 19645K->12893K(24576K), 0.0003220 secs] [Times: user=0.00 sys=0.00, real=0.00 secs] 
132.206: Total time for which application threads were stopped: 0.0004090 seconds, Stopping threads took: 0.0000390 seconds
132.235: Application time: 0.0285730 seconds
132.235: [GC [PSYoungGen: 6907K->448K(7680K)] 19544K->13085K(24576K), 0.0003510 secs] [Times: user=0.00 sys=0.00, real=0.00 secs] 
132.235: Total time for which application threads were stopped: 0.0004500 seconds, Stopping threads took: 0.0000460 seconds
132.263: Application time: 0.0283160 seconds
132.264: [GC [PSYoungGen: 7100K->512K(7680K)] 19737K->13149K(24576K), 0.0003330 secs] [Times: user=0.00 sys=0.00, real=0.00 secs] 
132.264: Total time for which application threads were stopped: 0.0004390 seconds, Stopping threads took: 0.0000520 seconds
132.285: Application time: 0.0213100 seconds
132.285: [GC [PSYoungGen: 7165K->576K(7680K)] 19802K->13213K(24576K), 0.0003380 secs] [Times: user=0.00 sys=0.00, real=0.00 secs] 
132.286: Total time for which application threads were stopped: 0.0004450 seconds, Stopping threads took: 0.0000500 seconds
132.307: Application time: 0.0210740 seconds
132.307: [GC [PSYoungGen: 7229K->480K(7680K)] 19866K->13117K(24576K), 0.0003340 secs] [Times: user=0.00 sys=0.00, real=0.00 secs] 
132.307: Total time for which application threads were stopped: 0.0004290 seconds, Stopping threads took: 0.0000460 seconds
132.327: Application time: 0.0196740 seconds
132.327: [GC [PSYoungGen: 7133K->736K(7680K)] 19770K->13373K(24576K), 0.0003680 secs] [Times: user=0.00 sys=0.00, real=0.00 secs] 
132.327: Total time for which application threads were stopped: 0.0004610 seconds, Stopping threads took: 0.0000420 seconds
132.348: Application time: 0.0210770 seconds
132.348: [GC [PSYoungGen: 7391K->672K(7680K)] 20028K->13309K(24576K), 0.0003730 secs] [Times: user=0.00 sys=0.00, real=0.00 secs] 
132.349: Total time for which application threads were stopped: 0.0004790 seconds, Stopping threads took: 0.0000480 seconds
132.373: Application time: 0.0240910 seconds
132.373: [GC [PSYoungGen: 7323K->896K(7680K)] 19960K->13533K(24576K), 0.0003730 secs] [Times: user=0.01 sys=0.00, real=0.00 secs] 
132.373: Total time for which application threads were stopped: 0.0004780 seconds, Stopping threads took: 0.0000550 seconds
132.401: Application time: 0.0275830 seconds
132.401: [GC [PSYoungGen: 7547K->896K(7680K)] 20184K->13533K(24576K), 0.0003850 secs] [Times: user=0.00 sys=0.00, real=0.00 secs] 
132.401: Total time for which application threads were stopped: 0.0004860 seconds, Stopping threads took: 0.0000500 seconds
132.429: Application time: 0.0274130 seconds
132.429: [GC [PSYoungGen: 7548K->704K(7680K)] 20185K->13341K(24576K), 0.0003820 secs] [Times: user=0.00 sys=0.00, real=0.00 secs] 
132.429: Total time for which application threads were stopped: 0.0004870 seconds, Stopping threads took: 0.0000510 seconds
132.455: Application time: 0.0257110 seconds
132.455: [GC [PSYoungGen: 7358K->928K(7680K)] 19995K->13565K(24576K), 0.0004340 secs] [Times: user=0.00 sys=0.00, real=0.00 secs] 
132.456: Total time for which application threads were stopped: 0.0005160 seconds, Stopping threads took: 0.0000300 seconds
132.476: Application time: 0.0203400 seconds
132.476: [GC [PSYoungGen: 7582K->960K(7680K)] 20219K->13597K(24576K), 0.0003950 secs] [Times: user=0.00 sys=0.00, real=0.00 secs] 
132.476: Total time for which application threads were stopped: 0.0005070 seconds, Stopping threads took: 0.0000580 seconds
132.498: Application time: 0.0216870 seconds
132.498: [GC [PSYoungGen: 7611K->960K(7680K)] 20248K->13597K(24576K), 0.0004460 secs] [Times: user=0.00 sys=0.00, real=0.00 secs] 
132.499: Total time for which application threads were stopped: 0.0005590 seconds, Stopping threads took: 0.0000610 seconds
132.527: Application time: 0.0277960 seconds
132.527: [GC [PSYoungGen: 7615K->992K(7680K)] 20252K->13629K(24576K), 0.0004190 secs] [Times: user=0.00 sys=0.00, real=0.01 secs] 
132.527: Total time for which application threads were stopped: 0.0005230 seconds, Stopping threads took: 0.0000490 seconds
132.552: Application time: 0.0254000 seconds
132.555: [GC [PSYoungGen: 7646K->992K(7680K)] 20283K->13797K(24576K), 0.0004590 secs] [Times: user=0.01 sys=0.00, real=0.00 secs] 
132.555: Total time for which application threads were stopped: 0.0028480 seconds, Stopping threads took: 0.0023340 seconds
132.576: Application time: 0.0209180 seconds
132.576: [GC [PSYoungGen: 7643K->992K(7680K)] 20448K->13973K(24576K), 0.0004580 secs] [Times: user=0.00 sys=0.00, real=0.00 secs] 
132.577: Total time for which application threads were stopped: 0.0005690 seconds, Stopping threads took: 0.0000560 seconds
132.598: Application time: 0.0212860 seconds
132.598: [GC [PSYoungGen: 7647K->992K(7680K)] 20628K->13981K(24576K), 0.0003990 secs] [Times: user=0.00 sys=0.00, real=0.00 secs] 
132.599: Total time for which application threads were stopped: 0.0004930 seconds, Stopping threads took: 0.0000420 seconds
132.625: Application time: 0.0268120 seconds
132.625: [GC [PSYoungGen: 7646K->928K(7680K)] 20635K->14045K(24576K), 0.0004800 secs] [Times: user=0.01 sys=0.00, real=0.00 secs] 
132.626: Total time for which application threads were stopped: 0.0005970 seconds, Stopping threads took: 0.0000530 seconds
132.655: Application time: 0.0287290 seconds
132.655: [GC [PSYoungGen: 7580K->896K(7680K)] 20697K->14013K(24576K), 0.0004330 secs] [Times: user=0.00 sys=0.00, real=0.00 secs] 
132.655: Total time for which application threads were stopped: 0.0005380 seconds, Stopping threads took: 0.0000500 seconds
132.683: Application time: 0.0280020 seconds
132.683: [GC [PSYoungGen: 7550K->1008K(7680K)] 20667K->14133K(24576K), 0.0005080 secs] [Times: user=0.00 sys=0.00, real=0.00 secs] 
132.684: Total time for which application threads were stopped: 0.0005980 seconds, Stopping threads took: 0.0000380 seconds
132.711: Application time: 0.0270800 seconds
132.711: [GC [PSYoungGen: 7662K->960K(7680K)] 20787K->14213K(24576K), 0.0004550 secs] [Times: user=0.00 sys=0.00, real=0.00 secs] 
132.712: Total time for which application threads were stopped: 0.0005780 seconds, Stopping threads took: 0.0000680 seconds
132.741: Application time: 0.0290150 seconds
132.741: [GC [PSYoungGen: 7614K->944K(7680K)] 20867K->14197K(24576K), 0.0004270 secs] [Times: user=0.00 sys=0.00, real=0.00 secs] 
132.741: Total time for which application threads were stopped: 0.0005170 seconds, Stopping threads took: 0.0000390 seconds
132.769: Application time: 0.0280920 seconds
132.771: [GC [PSYoungGen: 7600K->896K(7680K)] 20853K->14149K(24576K), 0.0004580 secs] [Times: user=0.00 sys=0.00, real=0.00 secs] 
132.771: Total time for which application threads were stopped: 0.0021410 seconds, Stopping threads took: 0.0016300 seconds
132.802: Application time: 0.0311060 seconds
132.802: [GC [PSYoungGen: 7551K->992K(7680K)] 20804K->14261K(24576K), 0.0004550 secs] [Times: user=0.01 sys=0.00, real=0.00 secs] 
132.803: Total time for which application threads were stopped: 0.0005560 seconds, Stopping threads took: 0.0000380 seconds
132.832: Application time: 0.0291280 seconds
132.835: [GC [PSYoungGen: 7646K->928K(7680K)] 20915K->14381K(24576K), 0.0004270 secs] [Times: user=0.00 sys=0.00, real=0.00 secs] 
132.835: Total time for which application threads were stopped: 0.0032090 seconds, Stopping threads took: 0.0027270 seconds
132.860: Application time: 0.0248670 seconds
132.860: [GC [PSYoungGen: 7580K->976K(7680K)] 21033K->14557K(24576K), 0.0004390 secs] [Times: user=0.00 sys=0.00, real=0.00 secs] 
132.861: Total time for which application threads were stopped: 0.0005550 seconds, Stopping threads took: 0.0000610 seconds
132.880: Application time: 0.0196360 seconds
132.880: [GC [PSYoungGen: 7631K->992K(7680K)] 21212K->14701K(24576K), 0.0004440 secs] [Times: user=0.00 sys=0.00, real=0.00 secs] 
132.881: Total time for which application threads were stopped: 0.0005440 seconds, Stopping threads took: 0.0000480 seconds
132.897: Application time: 0.0162150 seconds
132.897: [GC [PSYoungGen: 7644K->992K(7680K)] 21354K->14837K(24576K), 0.0005170 secs] [Times: user=0.01 sys=0.00, real=0.00 secs] 
132.898: Total time for which application threads were stopped: 0.0006140 seconds, Stopping threads took: 0.0000430 seconds
132.917: Application time: 0.0195400 seconds
132.917: [GC [PSYoungGen: 7618K->992K(7680K)] 21463K->15105K(24576K), 0.0004870 secs] [Times: user=0.00 sys=0.00, real=0.00 secs] 
132.918: Total time for which application threads were stopped: 0.0005910 seconds, Stopping threads took: 0.0000500 seconds
132.933: Application time: 0.0153150 seconds
132.933: [GC [PSYoungGen: 7646K->992K(7680K)] 21759K->15614K(24576K), 0.0005210 secs] [Times: user=0.00 sys=0.00, real=0.00 secs] 
132.934: Total time for which application threads were stopped: 0.0006200 seconds, Stopping threads took: 0.0000430 seconds
132.954: Application time: 0.0205490 seconds
132.954: [GC [PSYoungGen: 7643K->1008K(7680K)] 22265K->15658K(24576K), 0.0004860 secs] [Times: user=0.00 sys=0.00, real=0.00 secs] 
132.955: Total time for which application threads were stopped: 0.0005950 seconds, Stopping threads took: 0.0000530 seconds
132.979: Application time: 0.0236710 seconds
132.983: [GC [PSYoungGen: 7663K->992K(7680K)] 22313K->15906K(24576K), 0.0006040 secs] [Times: user=0.00 sys=0.00, real=0.00 secs] 
132.983: Total time for which application threads were stopped: 0.0048310 seconds, Stopping threads took: 0.0041720 seconds
133.010: Application time: 0.0261650 seconds
133.010: [GC [PSYoungGen: 7644K->992K(7680K)] 22558K->16178K(24576K), 0.0005120 secs] [Times: user=0.00 sys=0.00, real=0.00 secs] 
133.010: Total time for which application threads were stopped: 0.0006140 seconds, Stopping threads took: 0.0000470 seconds
133.038: Application time: 0.0278450 seconds
133.038: [GC [PSYoungGen: 7646K->992K(7680K)] 22832K->16342K(24576K), 0.0004650 secs] [Times: user=0.01 sys=0.00, real=0.00 secs] 
133.039: Total time for which application threads were stopped: 0.0005630 seconds, Stopping threads took: 0.0000430 seconds
133.068: Application time: 0.0289750 seconds
133.068: [GC [PSYoungGen: 7646K->928K(7680K)] 22997K->16414K(24576K), 0.0004380 secs] [Times: user=0.01 sys=0.00, real=0.00 secs] 
133.068: Total time for which application threads were stopped: 0.0005460 seconds, Stopping threads took: 0.0000560 seconds
133.097: Application time: 0.0290770 seconds
133.097: [GC [PSYoungGen: 7582K->768K(7680K)] 23069K->16459K(24576K), 0.0004560 secs] [Times: user=0.00 sys=0.00, real=0.00 secs] 
133.098: Total time for which application threads were stopped: 0.0005450 seconds, Stopping threads took: 0.0000370 seconds
133.127: Application time: 0.0290530 seconds
133.127: [GC [PSYoungGen: 7422K->736K(7680K)] 23113K->16427K(24576K), 0.0003820 secs] [Times: user=0.00 sys=0.00, real=0.00 secs] 
133.127: Total time for which application threads were stopped: 0.0004790 seconds, Stopping threads took: 0.0000450 seconds
133.158: Application time: 0.0301850 seconds
133.158: [GC [PSYoungGen: 7387K->736K(7680K)] 23079K->16443K(24576K), 0.0003720 secs] [Times: user=0.00 sys=0.00, real=0.00 secs] 
133.158: Total time for which application threads were stopped: 0.0004760 seconds, Stopping threads took: 0.0000510 seconds
133.187: Application time: 0.0291450 seconds
133.187: [GC [PSYoungGen: 7390K->736K(7680K)] 23097K->16459K(24576K), 0.0004190 secs] [Times: user=0.00 sys=0.00, real=0.00 secs] 
133.188: Total time for which application threads were stopped: 0.0005170 seconds, Stopping threads took: 0.0000450 seconds
133.217: Application time: 0.0290460 seconds
133.217: [GC [PSYoungGen: 7390K->720K(7680K)] 23113K->16443K(24576K), 0.0003900 secs] [Times: user=0.01 sys=0.00, real=0.00 secs] 
133.217: Total time for which application threads were stopped: 0.0004920 seconds, Stopping threads took: 0.0000520 seconds
133.246: Application time: 0.0291690 seconds
133.246: [GC [PSYoungGen: 7374K->704K(7680K)] 23098K->16427K(24576K), 0.0003970 secs] [Times: user=0.00 sys=0.00, real=0.01 secs] 
133.247: Total time for which application threads were stopped: 0.0004990 seconds, Stopping threads took: 0.0000500 seconds
133.276: Application time: 0.0290090 seconds
133.279: [GC [PSYoungGen: 7358K->736K(7680K)] 23081K->16507K(24576K), 0.0003790 secs] [Times: user=0.00 sys=0.00, real=0.00 secs] 
133.279: Total time for which application threads were stopped: 0.0033380 seconds, Stopping threads took: 0.0029070 seconds
133.307: Application time: 0.0274070 seconds
133.311: [GC [PSYoungGen: 7390K->832K(7680K)] 23161K->16695K(24576K), 0.0004680 secs] [Times: user=0.00 sys=0.00, real=0.00 secs] 
133.311: Total time for which application threads were stopped: 0.0046910 seconds, Stopping threads took: 0.0041620 seconds
133.339: Application time: 0.0275620 seconds
133.339: [GC [PSYoungGen: 7484K->960K(7680K)] 23347K->16879K(24576K), 0.0004610 secs] [Times: user=0.00 sys=0.00, real=0.00 secs] 
133.339: Total time for which application threads were stopped: 0.0005800 seconds, Stopping threads took: 0.0000660 seconds
133.367: Application time: 0.0275870 seconds
133.367: [GC [PSYoungGen: 7614K->992K(7680K)] 23533K->16956K(24576K), 0.0004450 secs] [Times: user=0.00 sys=0.00, real=0.00 secs] 
133.368: Total time for which application threads were stopped: 0.0005460 seconds, Stopping threads took: 0.0000450 seconds
133.397: Application time: 0.0295260 seconds
133.397: [GC [PSYoungGen: 7644K->992K(7680K)] 23608K->16956K(24576K), 0.0004330 secs] [Times: user=0.00 sys=0.00, real=0.00 secs] 
133.398: Total time for which application threads were stopped: 0.0005360 seconds, Stopping threads took: 0.0000520 seconds
133.427: Application time: 0.0295460 seconds
133.427: [GC [PSYoungGen: 7646K->864K(7680K)] 23611K->17036K(24576K), 0.0004370 secs] [Times: user=0.00 sys=0.00, real=0.00 secs] 
133.428: Total time for which application threads were stopped: 0.0005290 seconds, Stopping threads took: 0.0000390 seconds
133.457: Application time: 0.0297430 seconds
133.458: [GC [PSYoungGen: 7518K->704K(7680K)] 23691K->17088K(24576K), 0.0004270 secs] [Times: user=0.00 sys=0.00, real=0.00 secs] 
133.458: Total time for which application threads were stopped: 0.0005380 seconds, Stopping threads took: 0.0000500 seconds
133.488: Application time: 0.0295490 seconds
133.488: [GC [PSYoungGen: 7358K->704K(7680K)] 23743K->17088K(24576K), 0.0003450 secs] [Times: user=0.00 sys=0.00, real=0.00 secs] 
133.488: Total time for which application threads were stopped: 0.0004420 seconds, Stopping threads took: 0.0000470 seconds
133.518: Application time: 0.0295530 seconds
133.518: [GC [PSYoungGen: 7358K->704K(7680K)] 23743K->17088K(24576K), 0.0003400 secs] [Times: user=0.00 sys=0.00, real=0.00 secs] 
133.518: Total time for which application threads were stopped: 0.0004280 seconds, Stopping threads took: 0.0000380 seconds
133.548: Application time: 0.0296180 seconds
133.548: [GC [PSYoungGen: 7358K->704K(7680K)] 23743K->17088K(24576K), 0.0003650 secs] [Times: user=0.00 sys=0.00, real=0.00 secs] 
133.548: Total time for which application threads were stopped: 0.0004650 seconds, Stopping threads took: 0.0000470 seconds
133.578: Application time: 0.0302460 seconds
133.578: [GC [PSYoungGen: 7358K->704K(7680K)] 23743K->17088K(24576K), 0.0004140 secs] [Times: user=0.00 sys=0.00, real=0.01 secs] 
133.579: Total time for which application threads were stopped: 0.0005060 seconds, Stopping threads took: 0.0000420 seconds
133.610: Application time: 0.0307940 seconds
133.610: [GC [PSYoungGen: 7358K->640K(7680K)] 23743K->17024K(24576K), 0.0003570 secs] [Times: user=0.01 sys=0.00, real=0.00 secs] 
133.610: Total time for which application threads were stopped: 0.0004470 seconds, Stopping threads took: 0.0000390 seconds
133.640: Application time: 0.0299370 seconds
133.640: [GC [PSYoungGen: 7294K->704K(7680K)] 23679K->17088K(24576K), 0.0004230 secs] [Times: user=0.00 sys=0.00, real=0.00 secs] 
133.641: Total time for which application threads were stopped: 0.0005420 seconds, Stopping threads took: 0.0000560 seconds
133.670: Application time: 0.0295900 seconds
133.671: [GC [PSYoungGen: 7358K->704K(7680K)] 23743K->17088K(24576K), 0.0003580 secs] [Times: user=0.00 sys=0.00, real=0.00 secs] 
133.671: Total time for which application threads were stopped: 0.0010420 seconds, Stopping threads took: 0.0006300 seconds
133.701: Application time: 0.0297220 seconds
133.701: [GC [PSYoungGen: 7358K->672K(7680K)] 23743K->17056K(24576K), 0.0003610 secs] [Times: user=0.00 sys=0.00, real=0.00 secs] 
133.701: Total time for which application threads were stopped: 0.0004700 seconds, Stopping threads took: 0.0000570 seconds
133.731: Application time: 0.0294830 seconds
133.731: [GC [PSYoungGen: 7326K->768K(7680K)] 23711K->17152K(24576K), 0.0003670 secs] [Times: user=0.00 sys=0.00, real=0.00 secs] 
133.731: Total time for which application threads were stopped: 0.0004680 seconds, Stopping threads took: 0.0000500 seconds
133.761: Application time: 0.0299120 seconds
133.761: [GC [PSYoungGen: 7420K->512K(7680K)] 23805K->17128K(24576K), 0.0003580 secs] [Times: user=0.00 sys=0.00, real=0.00 secs] 
133.762: [Full GC [PSYoungGen: 512K->0K(7680K)] [ParOldGen: 16616K->3753K(16896K)] 17128K->3753K(24576K) [PSPermGen: 5547K->5547K(21504K)], 0.0063740 secs] [Times: user=0.03 sys=0.00, real=0.01 secs] 
133.768: Total time for which application threads were stopped: 0.0068790 seconds, Stopping threads took: 0.0000490 seconds
133.798: Application time: 0.0297690 seconds
133.798: [GC [PSYoungGen: 6654K->0K(7680K)] 10408K->3753K(24576K), 0.0003460 secs] [Times: user=0.00 sys=0.00, real=0.00 secs] 
133.798: Total time for which application threads were stopped: 0.0004670 seconds, Stopping threads took: 0.0000620 seconds
133.828: Application time: 0.0298880 seconds
133.828: [GC [PSYoungGen: 6654K->0K(7680K)] 10408K->3753K(24576K), 0.0002960 secs] [Times: user=0.00 sys=0.00, real=0.00 secs] 
133.829: Total time for which application threads were stopped: 0.0003880 seconds, Stopping threads took: 0.0000360 seconds
133.857: Application time: 0.0285590 seconds
133.857: [GC [PSYoungGen: 6652K->352K(7680K)] 10406K->4105K(24576K), 0.0003300 secs] [Times: user=0.00 sys=0.00, real=0.00 secs] 
133.858: Total time for which application threads were stopped: 0.0004350 seconds, Stopping threads took: 0.0000470 seconds
133.879: Application time: 0.0208570 seconds
133.879: [GC [PSYoungGen: 7006K->384K(7680K)] 10760K->4137K(24576K), 0.0003220 secs] [Times: user=0.00 sys=0.00, real=0.01 secs] 
133.879: Total time for which application threads were stopped: 0.0004190 seconds, Stopping threads took: 0.0000450 seconds
133.903: Application time: 0.0238000 seconds
133.903: [GC [PSYoungGen: 7037K->352K(7680K)] 10791K->4105K(24576K), 0.0003180 secs] [Times: user=0.00 sys=0.00, real=0.00 secs] 
133.903: Total time for which application threads were stopped: 0.0004150 seconds, Stopping threads took: 0.0000460 seconds
133.929: Application time: 0.0263120 seconds
133.930: [GC [PSYoungGen: 7004K->384K(7680K)] 10757K->4137K(24576K), 0.0003130 secs] [Times: user=0.00 sys=0.00, real=0.00 secs] 
133.930: Total time for which application threads were stopped: 0.0004150 seconds, Stopping threads took: 0.0000540 seconds
133.959: Application time: 0.0294060 seconds
133.959: [GC [PSYoungGen: 7036K->448K(7680K)] 10789K->4201K(24576K), 0.0003330 secs] [Times: user=0.01 sys=0.00, real=0.00 secs] 
133.960: Total time for which application threads were stopped: 0.0004350 seconds, Stopping threads took: 0.0000500 seconds
133.988: Application time: 0.0286240 seconds
133.988: [GC [PSYoungGen: 7102K->384K(7680K)] 10855K->4137K(24576K), 0.0003110 secs] [Times: user=0.00 sys=0.00, real=0.00 secs] 
133.989: Total time for which application threads were stopped: 0.0004060 seconds, Stopping threads took: 0.0000470 seconds
134.019: Application time: 0.0302080 seconds
134.019: [GC [PSYoungGen: 7036K->288K(7680K)] 10789K->4041K(24576K), 0.0003710 secs] [Times: user=0.00 sys=0.00, real=0.00 secs] 
134.019: Total time for which application threads were stopped: 0.0004700 seconds, Stopping threads took: 0.0000500 seconds
134.043: Application time: 0.0232380 seconds
134.043: [GC [PSYoungGen: 6942K->512K(7680K)] 10695K->4265K(24576K), 0.0003450 secs] [Times: user=0.00 sys=0.00, real=0.00 secs] 
134.043: Total time for which application threads were stopped: 0.0004450 seconds, Stopping threads took: 0.0000470 seconds
134.064: Application time: 0.0211350 seconds
134.064: [GC [PSYoungGen: 7165K->512K(7680K)] 10919K->4265K(24576K), 0.0003320 secs] [Times: user=0.00 sys=0.00, real=0.00 secs] 
134.065: Total time for which application threads were stopped: 0.0004230 seconds, Stopping threads took: 0.0000410 seconds
134.088: Application time: 0.0228800 seconds
134.088: [GC [PSYoungGen: 7163K->864K(7680K)] 10917K->4617K(24576K), 0.0003950 secs] [Times: user=0.01 sys=0.00, real=0.00 secs] 
134.088: Total time for which application threads were stopped: 0.0005030 seconds, Stopping threads took: 0.0000550 seconds
134.109: Application time: 0.0205880 seconds
134.109: [GC [PSYoungGen: 7518K->704K(7680K)] 11271K->4457K(24576K), 0.0003590 secs] [Times: user=0.00 sys=0.00, real=0.00 secs] 
134.109: Total time for which application threads were stopped: 0.0004580 seconds, Stopping threads took: 0.0000470 seconds
134.130: Application time: 0.0212720 seconds
134.130: [GC [PSYoungGen: 7357K->736K(7680K)] 11111K->4489K(24576K), 0.0003720 secs] [Times: user=0.00 sys=0.00, real=0.00 secs] 
134.131: Total time for which application threads were stopped: 0.0004650 seconds, Stopping threads took: 0.0000420 seconds
134.157: Application time: 0.0259450 seconds
134.159: [GC [PSYoungGen: 7391K->704K(7680K)] 11145K->4457K(24576K), 0.0003600 secs] [Times: user=0.00 sys=0.00, real=0.00 secs] 
134.159: Total time for which application threads were stopped: 0.0023720 seconds, Stopping threads took: 0.0019590 seconds
134.188: Application time: 0.0291240 seconds
134.188: [GC [PSYoungGen: 7356K->832K(7680K)] 11109K->4585K(24576K), 0.0004060 secs] [Times: user=0.00 sys=0.00, real=0.00 secs] 
134.189: Total time for which application threads were stopped: 0.0004980 seconds, Stopping threads took: 0.0000410 seconds
134.209: Application time: 0.0206610 seconds
134.210: [GC [PSYoungGen: 7488K->960K(7680K)] 11241K->4713K(24576K), 0.0004230 secs] [Times: user=0.00 sys=0.00, real=0.00 secs] 
134.210: Total time for which application threads were stopped: 0.0005270 seconds, Stopping threads took: 0.0000490 seconds
134.231: Application time: 0.0210590 seconds
134.231: [GC [PSYoungGen: 7613K->896K(7680K)] 11366K->4649K(24576K), 0.0004500 secs] [Times: user=0.00 sys=0.00, real=0.00 secs] 
134.232: Total time for which application threads were stopped: 0.0005430 seconds, Stopping threads took: 0.0000440 seconds
134.256: Application time: 0.0239280 seconds
134.256: [GC [PSYoungGen: 7550K->992K(7680K)] 11303K->4753K(24576K), 0.0004000 secs] [Times: user=0.00 sys=0.00, real=0.00 secs] 
134.256: Total time for which application threads were stopped: 0.0005050 seconds, Stopping threads took: 0.0000510 seconds
134.285: Application time: 0.0285690 seconds
134.285: [GC [PSYoungGen: 7644K->960K(7680K)] 11405K->4721K(24576K), 0.0003770 secs] [Times: user=0.00 sys=0.00, real=0.00 secs] 
134.285: Total time for which application threads were stopped: 0.0004800 seconds, Stopping threads took: 0.0000500 seconds
134.311: Application time: 0.0258810 seconds
134.311: [GC [PSYoungGen: 7614K->992K(7680K)] 11375K->4753K(24576K), 0.0004520 secs] [Times: user=0.00 sys=0.00, real=0.00 secs] 
134.312: Total time for which application threads were stopped: 0.0005460 seconds, Stopping threads took: 0.0000430 seconds
134.332: Application time: 0.0202840 seconds
134.332: [GC [PSYoungGen: 7644K->992K(7680K)] 11405K->4913K(24576K), 0.0004400 secs] [Times: user=0.00 sys=0.00, real=0.00 secs] 
134.332: Total time for which application threads were stopped: 0.0005350 seconds, Stopping threads took: 0.0000360 seconds
134.353: Application time: 0.0210690 seconds
134.355: [GC [PSYoungGen: 7643K->1008K(7680K)] 11565K->4929K(24576K), 0.0004040 secs] [Times: user=0.00 sys=0.00, real=0.00 secs] 
134.355: Total time for which application threads were stopped: 0.0018140 seconds, Stopping threads took: 0.0013570 seconds
134.382: Application time: 0.0271550 seconds
134.382: [GC [PSYoungGen: 7662K->992K(7680K)] 11584K->4957K(24576K), 0.0004370 secs] [Times: user=0.00 sys=0.00, real=0.00 secs] 
134.383: Total time for which application threads were stopped: 0.0005380 seconds, Stopping threads took: 0.0000420 seconds
134.412: Application time: 0.0291930 seconds
134.412: [GC [PSYoungGen: 7644K->1008K(7680K)] 11609K->4973K(24576K), 0.0004370 secs] [Times: user=0.00 sys=0.00, real=0.00 secs] 
134.413: Total time for which application threads were stopped: 0.0005370 seconds, Stopping threads took: 0.0000480 seconds
134.441: Application time: 0.0281440 seconds
134.441: [GC [PSYoungGen: 7661K->992K(7680K)] 11627K->4973K(24576K), 0.0004220 secs] [Times: user=0.00 sys=0.00, real=0.00 secs] 
134.441: Total time for which application threads were stopped: 0.0005350 seconds, Stopping threads took: 0.0000550 seconds
134.469: Application time: 0.0280840 seconds
134.470: [GC [PSYoungGen: 7644K->992K(7680K)] 11626K->5141K(24576K), 0.0005230 secs] [Times: user=0.00 sys=0.00, real=0.00 secs] 
134.470: Total time for which application threads were stopped: 0.0006300 seconds, Stopping threads took: 0.0000520 seconds
134.499: Application time: 0.0285400 seconds
134.499: [GC [PSYoungGen: 7645K->928K(7680K)] 11795K->5205K(24576K), 0.0004330 secs] [Times: user=0.01 sys=0.00, real=0.01 secs] 
134.499: Total time for which application threads were stopped: 0.0005300 seconds, Stopping threads took: 0.0000430 seconds
134.528: Application time: 0.0284840 seconds
134.528: [GC [PSYoungGen: 7579K->992K(7680K)] 11857K->5293K(24576K), 0.0004230 secs] [Times: user=0.00 sys=0.00, real=0.00 secs] 
134.528: Total time for which application threads were stopped: 0.0005360 seconds, Stopping threads took: 0.0000560 seconds
134.557: Application time: 0.0283780 seconds
134.557: [GC [PSYoungGen: 7644K->1008K(7680K)] 11945K->5317K(24576K), 0.0004240 secs] [Times: user=0.00 sys=0.00, real=0.00 secs] 
134.557: Total time for which application threads were stopped: 0.0005260 seconds, Stopping threads took: 0.0000480 seconds
134.586: Application time: 0.0294050 seconds
134.587: [GC [PSYoungGen: 7662K->928K(7680K)] 11972K->5365K(24576K), 0.0004300 secs] [Times: user=0.00 sys=0.00, real=0.01 secs] 
134.587: Total time for which application threads were stopped: 0.0005490 seconds, Stopping threads took: 0.0000640 seconds
134.608: Application time: 0.0210750 seconds
134.608: [GC [PSYoungGen: 7580K->992K(7680K)] 12018K->5522K(24576K), 0.0004330 secs] [Times: user=0.00 sys=0.00, real=0.00 secs] 
134.609: Total time for which application threads were stopped: 0.0005320 seconds, Stopping threads took: 0.0000430 seconds
134.629: Application time: 0.0207970 seconds
134.629: [GC [PSYoungGen: 7644K->992K(7680K)] 12174K->5726K(24576K), 0.0005650 secs] [Times: user=0.01 sys=0.00, real=0.00 secs] 
134.630: Total time for which application threads were stopped: 0.0006510 seconds, Stopping threads took: 0.0000280 seconds
134.655: Application time: 0.0244940 seconds
134.655: [GC [PSYoungGen: 7645K->992K(7680K)] 12380K->5950K(24576K), 0.0004530 secs] [Times: user=0.00 sys=0.00, real=0.00 secs] 
134.655: Total time for which application threads were stopped: 0.0005630 seconds, Stopping threads took: 0.0000530 seconds
134.676: Application time: 0.0205250 seconds
134.676: [GC [PSYoungGen: 7645K->992K(7680K)] 12603K->6230K(24576K), 0.0005250 secs] [Times: user=0.00 sys=0.00, real=0.00 secs] 
134.676: Total time for which application threads were stopped: 0.0006430 seconds, Stopping threads took: 0.0000650 seconds
134.697: Application time: 0.0208220 seconds
134.697: [GC [PSYoungGen: 7645K->704K(7680K)] 12884K->6198K(24576K), 0.0004160 secs] [Times: user=0.00 sys=0.00, real=0.00 secs] 
134.698: Total time for which application threads were stopped: 0.0005150 seconds, Stopping threads took: 0.0000460 seconds
134.719: Application time: 0.0212930 seconds
134.719: [GC [PSYoungGen: 7357K->992K(7680K)] 12852K->6614K(24576K), 0.0004900 secs] [Times: user=0.00 sys=0.00, real=0.00 secs] 
134.720: Total time for which application threads were stopped: 0.0006060 seconds, Stopping threads took: 0.0000590 seconds
134.740: Application time: 0.0202640 seconds
134.740: [GC [PSYoungGen: 7646K->1008K(7680K)] 13269K->6630K(24576K), 0.0004770 secs] [Times: user=0.00 sys=0.00, real=0.00 secs] 
134.740: Total time for which application threads were stopped: 0.0005760 seconds, Stopping threads took: 0.0000430 seconds
134.761: Application time: 0.0201800 seconds
134.761: [GC [PSYoungGen: 7660K->1008K(7680K)] 13282K->6794K(24576K), 0.0005440 secs] [Times: user=0.01 sys=0.00, real=0.00 secs] 
134.761: Total time for which application threads were stopped: 0.0006480 seconds, Stopping threads took: 0.0000460 seconds
134.789: Application time: 0.0278580 seconds
134.789: [GC [PSYoungGen: 7662K->992K(7680K)] 13448K->6994K(24576K), 0.0004590 secs] [Times: user=0.00 sys=0.00, real=0.00 secs] 
134.790: Total time for which application threads were stopped: 0.0005610 seconds, Stopping threads took: 0.0000480 seconds
134.818: Application time: 0.0287320 seconds
134.818: [GC [PSYoungGen: 7644K->912K(7680K)] 13646K->7095K(24576K), 0.0004320 secs] [Times: user=0.00 sys=0.00, real=0.01 secs] 
134.819: Total time for which application threads were stopped: 0.0005390 seconds, Stopping threads took: 0.0000500 seconds
134.847: Application time: 0.0280260 seconds
134.847: [GC [PSYoungGen: 7564K->912K(7680K)] 13747K->7143K(24576K), 0.0004100 secs] [Times: user=0.00 sys=0.00, real=0.00 secs] 
134.847: Total time for which application threads were stopped: 0.0005260 seconds, Stopping threads took: 0.0000510 seconds
134.877: Application time: 0.0291990 seconds
134.877: [GC [PSYoungGen: 7564K->912K(7680K)] 13795K->7159K(24576K), 0.0004010 secs] [Times: user=0.00 sys=0.00, real=0.00 secs] 
134.877: Total time for which application threads were stopped: 0.0005120 seconds, Stopping threads took: 0.0000570 seconds
134.906: Application time: 0.0289640 seconds
134.906: [GC [PSYoungGen: 7566K->896K(7680K)] 13813K->7151K(24576K), 0.0003910 secs] [Times: user=0.00 sys=0.00, real=0.00 secs] 
134.907: Total time for which application threads were stopped: 0.0005100 seconds, Stopping threads took: 0.0000550 seconds
134.936: Application time: 0.0290820 seconds
134.936: [GC [PSYoungGen: 7550K->832K(7680K)] 13805K->7171K(24576K), 0.0004470 secs] [Times: user=0.00 sys=0.00, real=0.00 secs] 
134.936: Total time for which application threads were stopped: 0.0005510 seconds, Stopping threads took: 0.0000540 seconds
134.966: Application time: 0.0292600 seconds
134.966: [GC [PSYoungGen: 7486K->816K(7680K)] 13826K->7155K(24576K), 0.0004670 secs] [Times: user=0.00 sys=0.00, real=0.00 secs] 
134.966: Total time for which application threads were stopped: 0.0005630 seconds, Stopping threads took: 0.0000460 seconds
134.995: Application time: 0.0289860 seconds
134.995: [GC [PSYoungGen: 7470K->864K(7680K)] 13810K->7267K(24576K), 0.0004360 secs] [Times: user=0.01 sys=0.00, real=0.00 secs] 
134.996: Total time for which application threads were stopped: 0.0005290 seconds, Stopping threads took: 0.0000370 seconds
135.025: Application time: 0.0290660 seconds
135.025: [GC [PSYoungGen: 7518K->832K(7680K)] 13922K->7235K(24576K), 0.0004220 secs] [Times: user=0.00 sys=0.00, real=0.00 secs] 
135.025: Total time for which application threads were stopped: 0.0005260 seconds, Stopping threads took: 0.0000510 seconds
135.053: Application time: 0.0274110 seconds
135.053: [GC [PSYoungGen: 7486K->992K(7680K)] 13889K->7443K(24576K), 0.0004780 secs] [Times: user=0.00 sys=0.00, real=0.00 secs] 
135.053: Total time for which application threads were stopped: 0.0005740 seconds, Stopping threads took: 0.0000410 seconds
135.083: Application time: 0.0298220 seconds
135.083: [GC [PSYoungGen: 7646K->912K(7680K)] 14097K->7411K(24576K), 0.0004670 secs] [Times: user=0.00 sys=0.00, real=0.00 secs] 
135.084: Total time for which application threads were stopped: 0.0005780 seconds, Stopping threads took: 0.0000580 seconds
135.111: Application time: 0.0274850 seconds
135.111: [GC [PSYoungGen: 7565K->1008K(7680K)] 14065K->7507K(24576K), 0.0004400 secs] [Times: user=0.00 sys=0.00, real=0.00 secs] 
135.112: Total time for which application threads were stopped: 0.0005480 seconds, Stopping threads took: 0.0000510 seconds
135.140: Application time: 0.0284780 seconds
135.140: [GC [PSYoungGen: 7660K->832K(7680K)] 14159K->7595K(24576K), 0.0004480 secs] [Times: user=0.00 sys=0.00, real=0.00 secs] 
135.141: Total time for which application threads were stopped: 0.0005470 seconds, Stopping threads took: 0.0000430 seconds
135.169: Application time: 0.0287580 seconds
135.170: [GC [PSYoungGen: 7484K->832K(7680K)] 14247K->7595K(24576K), 0.0003900 secs] [Times: user=0.00 sys=0.00, real=0.00 secs] 
135.170: Total time for which application threads were stopped: 0.0004810 seconds, Stopping threads took: 0.0000400 seconds
135.199: Application time: 0.0294460 seconds
135.199: [GC [PSYoungGen: 7486K->704K(7680K)] 14250K->7544K(24576K), 0.0003740 secs] [Times: user=0.00 sys=0.00, real=0.00 secs] 
135.200: Total time for which application threads were stopped: 0.0004660 seconds, Stopping threads took: 0.0000420 seconds
135.229: Application time: 0.0295090 seconds
135.229: [GC [PSYoungGen: 7358K->640K(7680K)] 14199K->7488K(24576K), 0.0004150 secs] [Times: user=0.00 sys=0.00, real=0.00 secs] 
135.230: Total time for which application threads were stopped: 0.0005130 seconds, Stopping threads took: 0.0000460 seconds
135.259: Application time: 0.0294370 seconds
135.259: [GC [PSYoungGen: 7294K->640K(7680K)] 14143K->7488K(24576K), 0.0003980 secs] [Times: user=0.00 sys=0.00, real=0.00 secs] 
135.260: Total time for which application threads were stopped: 0.0004990 seconds, Stopping threads took: 0.0000500 seconds
135.289: Application time: 0.0295650 seconds
135.289: [GC [PSYoungGen: 7294K->608K(7680K)] 14143K->7456K(24576K), 0.0003600 secs] [Times: user=0.00 sys=0.00, real=0.00 secs] 
135.290: Total time for which application threads were stopped: 0.0004760 seconds, Stopping threads took: 0.0000600 seconds
135.319: Application time: 0.0295160 seconds
135.319: [GC [PSYoungGen: 7262K->672K(7680K)] 14111K->7520K(24576K), 0.0003360 secs] [Times: user=0.00 sys=0.00, real=0.00 secs] 
135.320: Total time for which application threads were stopped: 0.0004530 seconds, Stopping threads took: 0.0000550 seconds
135.350: Application time: 0.0300430 seconds
135.351: [GC [PSYoungGen: 7326K->672K(7680K)] 14175K->7520K(24576K), 0.0003380 secs] [Times: user=0.00 sys=0.00, real=0.00 secs] 
135.351: Total time for which application threads were stopped: 0.0013000 seconds, Stopping threads took: 0.0008970 seconds
135.383: Application time: 0.0315400 seconds
135.383: [GC [PSYoungGen: 7325K->672K(7680K)] 14174K->7520K(24576K), 0.0003540 secs] [Times: user=0.00 sys=0.00, real=0.00 secs] 
135.383: Total time for which application threads were stopped: 0.0004690 seconds, Stopping threads took: 0.0000610 seconds
135.413: Application time: 0.0294920 seconds
135.413: [GC [PSYoungGen: 7326K->672K(7680K)] 14175K->7520K(24576K), 0.0003410 secs] [Times: user=0.00 sys=0.00, real=0.00 secs] 
135.413: Total time for which application threads were stopped: 0.0004400 seconds, Stopping threads took: 0.0000480 seconds
135.443: Application time: 0.0295060 seconds
135.443: [GC [PSYoungGen: 7326K->672K(7680K)] 14175K->7520K(24576K), 0.0003780 secs] [Times: user=0.00 sys=0.00, real=0.00 secs] 
135.443: Total time for which application threads were stopped: 0.0004790 seconds, Stopping threads took: 0.0000500 seconds
135.473: Application time: 0.0295890 seconds
135.473: [GC [PSYoungGen: 7326K->704K(7680K)] 14175K->7552K(24576K), 0.0003510 secs] [Times: user=0.00 sys=0.00, real=0.00 secs] 
135.473: Total time for which application threads were stopped: 0.0004550 seconds, Stopping threads took: 0.0000510 seconds
135.503: Application time: 0.0296510 seconds
135.503: [GC [PSYoungGen: 7358K->512K(7680K)] 14207K->7588K(24576K), 0.0003500 secs] [Times: user=0.00 sys=0.00, real=0.00 secs] 
135.503: Total time for which application threads were stopped: 0.0004490 seconds, Stopping threads took: 0.0000500 seconds
135.533: Application time: 0.0293730 seconds
135.533: [GC [PSYoungGen: 7166K->640K(7680K)] 14243K->7716K(24576K), 0.0003720 secs] [Times: user=0.00 sys=0.00, real=0.00 secs] 
135.533: Total time for which application threads were stopped: 0.0004770 seconds, Stopping threads took: 0.0000540 seconds
135.563: Application time: 0.0295210 seconds
135.563: [GC [PSYoungGen: 7294K->320K(7680K)] 14371K->7612K(24576K), 0.0003870 secs] [Times: user=0.00 sys=0.00, real=0.00 secs] 
135.563: Total time for which application threads were stopped: 0.0004900 seconds, Stopping threads took: 0.0000480 seconds
135.592: Application time: 0.0283830 seconds
135.592: [GC [PSYoungGen: 6972K->480K(7680K)] 14265K->7780K(24576K), 0.0003610 secs] [Times: user=0.00 sys=0.00, real=0.00 secs] 
135.592: Total time for which application threads were stopped: 0.0004630 seconds, Stopping threads took: 0.0000500 seconds
135.613: Application time: 0.0206450 seconds
135.613: [GC [PSYoungGen: 7132K->384K(7680K)] 14433K->7908K(24576K), 0.0003410 secs] [Times: user=0.00 sys=0.00, real=0.00 secs] 
135.613: Total time for which application threads were stopped: 0.0004270 seconds, Stopping threads took: 0.0000340 seconds
135.634: Application time: 0.0214150 seconds
135.635: [GC [PSYoungGen: 7039K->352K(7680K)] 14564K->7876K(24576K), 0.0003750 secs] [Times: user=0.00 sys=0.00, real=0.00 secs] 
135.635: Total time for which application threads were stopped: 0.0004960 seconds, Stopping threads took: 0.0000610 seconds
135.663: Application time: 0.0276880 seconds
135.663: [GC [PSYoungGen: 7006K->384K(7680K)] 14531K->7908K(24576K), 0.0003380 secs] [Times: user=0.00 sys=0.00, real=0.00 secs] 
135.663: Total time for which application threads were stopped: 0.0004420 seconds, Stopping threads took: 0.0000510 seconds
135.692: Application time: 0.0293660 seconds
135.693: [GC [PSYoungGen: 7038K->256K(7680K)] 14563K->7780K(24576K), 0.0003850 secs] [Times: user=0.00 sys=0.00, real=0.00 secs] 
135.693: Total time for which application threads were stopped: 0.0004860 seconds, Stopping threads took: 0.0000500 seconds
135.721: Application time: 0.0283950 seconds
135.721: [GC [PSYoungGen: 6908K->352K(7680K)] 14432K->7876K(24576K), 0.0003410 secs] [Times: user=0.00 sys=0.00, real=0.00 secs] 
135.722: Total time for which application threads were stopped: 0.0004490 seconds, Stopping threads took: 0.0000530 seconds
135.751: Application time: 0.0292670 seconds
135.751: [GC [PSYoungGen: 7006K->352K(7680K)] 14531K->7876K(24576K), 0.0003220 secs] [Times: user=0.00 sys=0.00, real=0.00 secs] 
135.751: Total time for which application threads were stopped: 0.0004170 seconds, Stopping threads took: 0.0000440 seconds
135.779: Application time: 0.0278950 seconds
135.779: [GC [PSYoungGen: 7004K->544K(7680K)] 14529K->8068K(24576K), 0.0003340 secs] [Times: user=0.00 sys=0.00, real=0.00 secs] 
135.780: Total time for which application threads were stopped: 0.0004280 seconds, Stopping threads took: 0.0000410 seconds
135.800: Application time: 0.0205240 seconds
135.800: [GC [PSYoungGen: 7196K->512K(7680K)] 14721K->8036K(24576K), 0.0003270 secs] [Times: user=0.00 sys=0.00, real=0.00 secs] 
135.801: Total time for which application threads were stopped: 0.0004410 seconds, Stopping threads took: 0.0000620 seconds
135.821: Application time: 0.0206340 seconds
135.821: Total time for which application threads were stopped: 0.0000630 seconds, Stopping threads took: 0.0000460 seconds
135.822: Application time: 0.0000350 seconds
135.822: [GC [PSYoungGen: 7074K->768K(7680K)] 14727K->8420K(24576K), 0.0003730 secs] [Times: user=0.01 sys=0.00, real=0.00 secs] 
135.822: Total time for which application threads were stopped: 0.0004470 seconds, Stopping threads took: 0.0000310 seconds
135.842: Application time: 0.0201330 seconds
135.842: [GC [PSYoungGen: 7421K->736K(7680K)] 15358K->8673K(24576K), 0.0004740 secs] [Times: user=0.00 sys=0.00, real=0.00 secs] 
135.844: Total time for which application threads were stopped: 0.0015430 seconds, Stopping threads took: 0.0000410 seconds
135.864: Application time: 0.0207570 seconds
135.864: [GC [PSYoungGen: 7391K->704K(7680K)] 15329K->8641K(24576K), 0.0003710 secs] [Times: user=0.00 sys=0.00, real=0.00 secs] 
135.865: Total time for which application threads were stopped: 0.0004800 seconds, Stopping threads took: 0.0000520 seconds
135.891: Application time: 0.0258770 seconds
135.891: [GC [PSYoungGen: 7355K->704K(7680K)] 15293K->8641K(24576K), 0.0003890 secs] [Times: user=0.00 sys=0.00, real=0.00 secs] 
135.891: Total time for which application threads were stopped: 0.0005110 seconds, Stopping threads took: 0.0000690 seconds
135.920: Application time: 0.0287010 seconds
135.920: [GC [PSYoungGen: 7356K->704K(7680K)] 15293K->8641K(24576K), 0.0004170 secs] [Times: user=0.00 sys=0.00, real=0.00 secs] 
135.920: Total time for which application threads were stopped: 0.0005160 seconds, Stopping threads took: 0.0000470 seconds
135.940: Application time: 0.0197670 seconds
135.940: [GC [PSYoungGen: 7359K->960K(7680K)] 15297K->8897K(24576K), 0.0004040 secs] [Times: user=0.00 sys=0.00, real=0.00 secs] 
135.941: Total time for which application threads were stopped: 0.0005140 seconds, Stopping threads took: 0.0000540 seconds
135.962: Application time: 0.0212190 seconds
135.962: [GC [PSYoungGen: 7615K->928K(7680K)] 15553K->8865K(24576K), 0.0004080 secs] [Times: user=0.00 sys=0.00, real=0.00 secs] 
135.963: Total time for which application threads were stopped: 0.0005090 seconds, Stopping threads took: 0.0000510 seconds
135.987: Application time: 0.0249350 seconds
135.988: [GC [PSYoungGen: 7580K->992K(7680K)] 15517K->8929K(24576K), 0.0005180 secs] [Times: user=0.00 sys=0.00, real=0.00 secs] 
135.988: Total time for which application threads were stopped: 0.0006080 seconds, Stopping threads took: 0.0000370 seconds
136.016: Application time: 0.0280840 seconds
136.016: [GC [PSYoungGen: 7646K->896K(7680K)] 15583K->8833K(24576K), 0.0004580 secs] [Times: user=0.00 sys=0.00, real=0.00 secs] 
136.017: Total time for which application threads were stopped: 0.0005730 seconds, Stopping threads took: 0.0000610 seconds
136.044: Application time: 0.0270690 seconds
136.047: [GC [PSYoungGen: 7550K->992K(7680K)] 15487K->8945K(24576K), 0.0004470 secs] [Times: user=0.00 sys=0.00, real=0.00 secs] 
136.047: Total time for which application threads were stopped: 0.0034930 seconds, Stopping threads took: 0.0029920 seconds
136.068: Application time: 0.0212040 seconds
136.069: [GC [PSYoungGen: 7644K->1008K(7680K)] 15597K->9105K(24576K), 0.0004900 secs] [Times: user=0.01 sys=0.00, real=0.00 secs] 
136.069: Total time for which application threads were stopped: 0.0005960 seconds, Stopping threads took: 0.0000520 seconds
136.091: Application time: 0.0219450 seconds
136.091: [GC [PSYoungGen: 7663K->896K(7680K)] 15761K->9121K(24576K), 0.0004190 secs] [Times: user=0.00 sys=0.00, real=0.00 secs] 
136.092: Total time for which application threads were stopped: 0.0005330 seconds, Stopping threads took: 0.0000600 seconds
136.117: Application time: 0.0251400 seconds
136.117: [GC [PSYoungGen: 7548K->992K(7680K)] 15773K->9217K(24576K), 0.0004040 secs] [Times: user=0.00 sys=0.00, real=0.00 secs] 
136.117: Total time for which application threads were stopped: 0.0005120 seconds, Stopping threads took: 0.0000540 seconds
136.146: Application time: 0.0290940 seconds
136.146: [GC [PSYoungGen: 7644K->896K(7680K)] 15869K->9121K(24576K), 0.0004610 secs] [Times: user=0.01 sys=0.00, real=0.01 secs] 
136.147: Total time for which application threads were stopped: 0.0005600 seconds, Stopping threads took: 0.0000460 seconds
136.175: Application time: 0.0281020 seconds
136.175: [GC [PSYoungGen: 7548K->960K(7680K)] 15773K->9185K(24576K), 0.0004790 secs] [Times: user=0.00 sys=0.00, real=0.00 secs] 
136.176: Total time for which application threads were stopped: 0.0005820 seconds, Stopping threads took: 0.0000480 seconds
136.205: Application time: 0.0290590 seconds
136.205: [GC [PSYoungGen: 7612K->960K(7680K)] 15837K->9185K(24576K), 0.0003990 secs] [Times: user=0.00 sys=0.00, real=0.00 secs] 
136.205: Total time for which application threads were stopped: 0.0005010 seconds, Stopping threads took: 0.0000500 seconds
136.233: Application time: 0.0279080 seconds
136.233: [GC [PSYoungGen: 7612K->992K(7680K)] 15837K->9225K(24576K), 0.0004060 secs] [Times: user=0.00 sys=0.00, real=0.00 secs] 
136.234: Total time for which application threads were stopped: 0.0005040 seconds, Stopping threads took: 0.0000450 seconds
136.262: Application time: 0.0281550 seconds
136.262: [GC [PSYoungGen: 7644K->992K(7680K)] 15877K->9225K(24576K), 0.0004290 secs] [Times: user=0.00 sys=0.00, real=0.00 secs] 
136.262: Total time for which application threads were stopped: 0.0005310 seconds, Stopping threads took: 0.0000470 seconds
136.290: Application time: 0.0274520 seconds
136.290: [GC [PSYoungGen: 7646K->992K(7680K)] 15879K->9353K(24576K), 0.0004550 secs] [Times: user=0.00 sys=0.00, real=0.00 secs] 
136.290: Total time for which application threads were stopped: 0.0005530 seconds, Stopping threads took: 0.0000440 seconds
136.319: Application time: 0.0290170 seconds
136.319: [GC [PSYoungGen: 7646K->976K(7680K)] 16008K->9337K(24576K), 0.0004440 secs] [Times: user=0.00 sys=0.00, real=0.00 secs] 
136.320: Total time for which application threads were stopped: 0.0005610 seconds, Stopping threads took: 0.0000650 seconds
136.341: Application time: 0.0209330 seconds
136.341: [GC [PSYoungGen: 7630K->992K(7680K)] 15991K->9549K(24576K), 0.0004590 secs] [Times: user=0.00 sys=0.00, real=0.00 secs] 
136.341: Total time for which application threads were stopped: 0.0005560 seconds, Stopping threads took: 0.0000440 seconds
136.362: Application time: 0.0209160 seconds
136.362: [GC [PSYoungGen: 7647K->960K(7680K)] 16205K->9517K(24576K), 0.0004300 secs] [Times: user=0.00 sys=0.00, real=0.00 secs] 
136.363: Total time for which application threads were stopped: 0.0005350 seconds, Stopping threads took: 0.0000480 seconds
136.384: Application time: 0.0210330 seconds
136.384: [GC [PSYoungGen: 7611K->992K(7680K)] 16169K->9921K(24576K), 0.0005290 secs] [Times: user=0.00 sys=0.00, real=0.00 secs] 
136.384: Total time for which application threads were stopped: 0.0006420 seconds, Stopping threads took: 0.0000470 seconds
136.404: Application time: 0.0200560 seconds
136.405: [GC [PSYoungGen: 7645K->928K(7680K)] 16574K->9985K(24576K), 0.0004820 secs] [Times: user=0.00 sys=0.00, real=0.00 secs] 
136.405: Total time for which application threads were stopped: 0.0005720 seconds, Stopping threads took: 0.0000370 seconds
136.425: Application time: 0.0203490 seconds
136.425: [GC [PSYoungGen: 7490K->880K(7680K)] 16547K->10025K(24576K), 0.0004870 secs] [Times: user=0.00 sys=0.00, real=0.00 secs] 
136.426: Total time for which application threads were stopped: 0.0005980 seconds, Stopping threads took: 0.0000580 seconds
136.430: Application time: 0.0044650 seconds
136.431: Total time for which application threads were stopped: 0.0000550 seconds, Stopping threads took: 0.0000410 seconds
136.454: Application time: 0.0235000 seconds
136.454: [GC [PSYoungGen: 7535K->960K(7680K)] 16681K->10241K(24576K), 0.0004450 secs] [Times: user=0.00 sys=0.00, real=0.00 secs] 
136.455: Total time for which application threads were stopped: 0.0005280 seconds, Stopping threads took: 0.0000350 seconds
136.484: Application time: 0.0290640 seconds
136.484: [GC [PSYoungGen: 7612K->992K(7680K)] 16893K->10382K(24576K), 0.0004480 secs] [Times: user=0.00 sys=0.00, real=0.00 secs] 
136.484: Total time for which application threads were stopped: 0.0005460 seconds, Stopping threads took: 0.0000440 seconds
136.513: Application time: 0.0287050 seconds
136.513: [GC [PSYoungGen: 7645K->992K(7680K)] 17035K->10446K(24576K), 0.0005060 secs] [Times: user=0.00 sys=0.00, real=0.00 secs] 
136.514: Total time for which application threads were stopped: 0.0006270 seconds, Stopping threads took: 0.0000650 seconds
136.544: Application time: 0.0306810 seconds
136.544: [GC [PSYoungGen: 7643K->992K(7680K)] 17097K->10446K(24576K), 0.0004540 secs] [Times: user=0.00 sys=0.00, real=0.00 secs] 
136.545: Total time for which application threads were stopped: 0.0005480 seconds, Stopping threads took: 0.0000420 seconds
136.576: Application time: 0.0307660 seconds
136.576: [GC [PSYoungGen: 7644K->1008K(7680K)] 17098K->10470K(24576K), 0.0003980 secs] [Times: user=0.01 sys=0.00, real=0.00 secs] 
136.576: Total time for which application threads were stopped: 0.0005120 seconds, Stopping threads took: 0.0000580 seconds
136.607: Application time: 0.0309120 seconds
136.607: [GC [PSYoungGen: 7660K->1008K(7680K)] 17122K->10470K(24576K), 0.0004330 secs] [Times: user=0.00 sys=0.00, real=0.00 secs] 
136.607: Total time for which application threads were stopped: 0.0005450 seconds, Stopping threads took: 0.0000600 seconds
136.638: Application time: 0.0310190 seconds
136.639: [GC [PSYoungGen: 7659K->992K(7680K)] 17122K->10510K(24576K), 0.0004890 secs] [Times: user=0.00 sys=0.00, real=0.01 secs] 
136.639: Total time for which application threads were stopped: 0.0006050 seconds, Stopping threads took: 0.0000520 seconds
136.670: Application time: 0.0307420 seconds
136.670: [GC [PSYoungGen: 7646K->816K(7680K)] 17165K->10558K(24576K), 0.0004160 secs] [Times: user=0.00 sys=0.00, real=0.00 secs] 
136.670: Total time for which application threads were stopped: 0.0005190 seconds, Stopping threads took: 0.0000450 seconds
136.700: Application time: 0.0296910 seconds
136.700: [GC [PSYoungGen: 7468K->992K(7680K)] 17210K->10774K(24576K), 0.0004030 secs] [Times: user=0.00 sys=0.00, real=0.00 secs] 
136.701: Total time for which application threads were stopped: 0.0005150 seconds, Stopping threads took: 0.0000590 seconds
136.730: Application time: 0.0296720 seconds
136.730: [GC [PSYoungGen: 7643K->960K(7680K)] 17426K->10742K(24576K), 0.0004580 secs] [Times: user=0.00 sys=0.00, real=0.00 secs] 
136.731: Total time for which application threads were stopped: 0.0005540 seconds, Stopping threads took: 0.0000410 seconds
136.761: Application time: 0.0305640 seconds
136.761: [GC [PSYoungGen: 7614K->880K(7680K)] 17397K->10710K(24576K), 0.0005180 secs] [Times: user=0.01 sys=0.00, real=0.00 secs] 
136.762: Total time for which application threads were stopped: 0.0006110 seconds, Stopping threads took: 0.0000410 seconds
136.792: Application time: 0.0296840 seconds
136.792: [GC [PSYoungGen: 7534K->928K(7680K)] 17364K->10758K(24576K), 0.0004630 secs] [Times: user=0.00 sys=0.00, real=0.00 secs] 
136.792: Total time for which application threads were stopped: 0.0005490 seconds, Stopping threads took: 0.0000340 seconds
136.822: Application time: 0.0298550 seconds
136.822: [GC [PSYoungGen: 7579K->992K(7680K)] 17410K->10894K(24576K), 0.0004260 secs] [Times: user=0.01 sys=0.00, real=0.00 secs] 
136.823: Total time for which application threads were stopped: 0.0005130 seconds, Stopping threads took: 0.0000370 seconds
136.854: Application time: 0.0309420 seconds
136.854: [GC [PSYoungGen: 7646K->832K(7680K)] 17549K->10782K(24576K), 0.0004040 secs] [Times: user=0.00 sys=0.00, real=0.00 secs] 
136.854: Total time for which application threads were stopped: 0.0004950 seconds, Stopping threads took: 0.0000400 seconds
136.885: Application time: 0.0311180 seconds
136.885: [GC [PSYoungGen: 7486K->832K(7680K)] 17436K->10782K(24576K), 0.0003930 secs] [Times: user=0.00 sys=0.00, real=0.00 secs] 
136.886: Total time for which application threads were stopped: 0.0004990 seconds, Stopping threads took: 0.0000460 seconds
136.917: Application time: 0.0310840 seconds
136.917: [GC [PSYoungGen: 7486K->704K(7680K)] 17436K->10838K(24576K), 0.0004060 secs] [Times: user=0.00 sys=0.00, real=0.00 secs] 
136.917: Total time for which application threads were stopped: 0.0005050 seconds, Stopping threads took: 0.0000420 seconds
136.948: Application time: 0.0309600 seconds
136.948: [GC [PSYoungGen: 7358K->736K(7680K)] 17492K->10878K(24576K), 0.0003610 secs] [Times: user=0.00 sys=0.00, real=0.00 secs] 
136.949: Total time for which application threads were stopped: 0.0004620 seconds, Stopping threads took: 0.0000470 seconds
136.980: Application time: 0.0309740 seconds
136.980: [GC [PSYoungGen: 7390K->480K(7680K)] 17532K->10846K(24576K), 0.0004070 secs] [Times: user=0.00 sys=0.00, real=0.00 secs] 
136.980: Total time for which application threads were stopped: 0.0005190 seconds, Stopping threads took: 0.0000610 seconds
137.011: Application time: 0.0309150 seconds
137.011: [GC [PSYoungGen: 7132K->512K(7680K)] 17498K->10878K(24576K), 0.0003270 secs] [Times: user=0.00 sys=0.00, real=0.00 secs] 
137.012: Total time for which application threads were stopped: 0.0004200 seconds, Stopping threads took: 0.0000440 seconds
137.042: Application time: 0.0309660 seconds
137.043: [GC [PSYoungGen: 7166K->512K(7680K)] 17533K->10878K(24576K), 0.0003380 secs] [Times: user=0.01 sys=0.00, real=0.00 secs] 
137.043: Total time for which application threads were stopped: 0.0004450 seconds, Stopping threads took: 0.0000580 seconds
137.074: Application time: 0.0309130 seconds
137.074: [GC [PSYoungGen: 7166K->480K(7680K)] 17532K->10846K(24576K), 0.0003250 secs] [Times: user=0.00 sys=0.00, real=0.00 secs] 
137.074: Total time for which application threads were stopped: 0.0004310 seconds, Stopping threads took: 0.0000530 seconds
137.105: Application time: 0.0308530 seconds
137.105: [GC [PSYoungGen: 7132K->480K(7680K)] 17498K->10846K(24576K), 0.0003350 secs] [Times: user=0.00 sys=0.00, real=0.00 secs] 
137.106: Total time for which application threads were stopped: 0.0004400 seconds, Stopping threads took: 0.0000560 seconds
137.136: Application time: 0.0308050 seconds
137.136: [GC [PSYoungGen: 7134K->544K(7680K)] 17500K->10910K(24576K), 0.0003260 secs] [Times: user=0.00 sys=0.00, real=0.00 secs] 
137.137: Total time for which application threads were stopped: 0.0004280 seconds, Stopping threads took: 0.0000510 seconds
137.168: Application time: 0.0308300 seconds
137.168: [GC [PSYoungGen: 7195K->480K(7680K)] 17562K->10846K(24576K), 0.0004030 secs] [Times: user=0.00 sys=0.00, real=0.00 secs] 
137.168: Total time for which application threads were stopped: 0.0005130 seconds, Stopping threads took: 0.0000580 seconds
137.196: Application time: 0.0281580 seconds
137.196: [GC [PSYoungGen: 7134K->544K(7680K)] 17500K->11130K(24576K), 0.0003460 secs] [Times: user=0.00 sys=0.00, real=0.00 secs] 
137.197: Total time for which application threads were stopped: 0.0004660 seconds, Stopping threads took: 0.0000610 seconds
137.218: Application time: 0.0212760 seconds
137.218: [GC [PSYoungGen: 7195K->512K(7680K)] 17782K->11098K(24576K), 0.0004350 secs] [Times: user=0.00 sys=0.00, real=0.00 secs] 
137.219: Total time for which application threads were stopped: 0.0005600 seconds, Stopping threads took: 0.0000750 seconds
137.241: Application time: 0.0224160 seconds
137.241: [GC [PSYoungGen: 7166K->576K(7680K)] 17752K->11170K(24576K), 0.0003470 secs] [Times: user=0.00 sys=0.00, real=0.00 secs] 
137.241: Total time for which application threads were stopped: 0.0004570 seconds, Stopping threads took: 0.0000560 seconds
137.272: Application time: 0.0304380 seconds
137.272: [GC [PSYoungGen: 7230K->352K(7680K)] 17825K->11162K(24576K), 0.0003640 secs] [Times: user=0.00 sys=0.00, real=0.00 secs] 
137.272: Total time for which application threads were stopped: 0.0004650 seconds, Stopping threads took: 0.0000480 seconds
137.302: Application time: 0.0295420 seconds
137.302: [GC [PSYoungGen: 6925K->256K(7680K)] 17736K->11066K(24576K), 0.0003340 secs] [Times: user=0.00 sys=0.00, real=0.00 secs] 
137.302: Total time for which application threads were stopped: 0.0004310 seconds, Stopping threads took: 0.0000480 seconds
137.333: Application time: 0.0301610 seconds
137.333: [GC [PSYoungGen: 6907K->448K(7680K)] 17718K->11258K(24576K), 0.0003690 secs] [Times: user=0.00 sys=0.00, real=0.00 secs] 
137.333: Total time for which application threads were stopped: 0.0004580 seconds, Stopping threads took: 0.0000370 seconds
137.363: Application time: 0.0305010 seconds
137.364: [GC [PSYoungGen: 7102K->352K(7680K)] 17913K->11162K(24576K), 0.0003660 secs] [Times: user=0.00 sys=0.00, real=0.00 secs] 
137.364: Total time for which application threads were stopped: 0.0004800 seconds, Stopping threads took: 0.0000630 seconds
137.394: Application time: 0.0303520 seconds
137.394: [GC [PSYoungGen: 7006K->256K(7680K)] 17817K->11066K(24576K), 0.0003560 secs] [Times: user=0.00 sys=0.00, real=0.00 secs] 
137.395: Total time for which application threads were stopped: 0.0004520 seconds, Stopping threads took: 0.0000400 seconds
137.422: Application time: 0.0272000 seconds
137.422: [GC [PSYoungGen: 6910K->480K(7680K)] 17721K->11290K(24576K), 0.0004860 secs] [Times: user=0.00 sys=0.00, real=0.00 secs] 
137.423: Total time for which application threads were stopped: 0.0005680 seconds, Stopping threads took: 0.0000310 seconds
137.444: Application time: 0.0212010 seconds
137.444: [GC [PSYoungGen: 7134K->544K(7680K)] 17945K->11354K(24576K), 0.0003630 secs] [Times: user=0.00 sys=0.00, real=0.00 secs] 
137.444: Total time for which application threads were stopped: 0.0004760 seconds, Stopping threads took: 0.0000620 seconds
137.467: Application time: 0.0227960 seconds
137.467: [GC [PSYoungGen: 7198K->544K(7680K)] 18008K->11354K(24576K), 0.0003940 secs] [Times: user=0.00 sys=0.00, real=0.00 secs] 
137.468: Total time for which application threads were stopped: 0.0004910 seconds, Stopping threads took: 0.0000450 seconds
137.498: Application time: 0.0308670 seconds
137.498: [GC [PSYoungGen: 7198K->480K(7680K)] 18009K->11290K(24576K), 0.0003700 secs] [Times: user=0.00 sys=0.00, real=0.01 secs] 
137.499: Total time for which application threads were stopped: 0.0004660 seconds, Stopping threads took: 0.0000450 seconds
137.524: Application time: 0.0250490 seconds
137.524: [GC [PSYoungGen: 7134K->736K(7680K)] 17945K->11546K(24576K), 0.0003640 secs] [Times: user=0.00 sys=0.00, real=0.00 secs] 
137.524: Total time for which application threads were stopped: 0.0004620 seconds, Stopping threads took: 0.0000500 seconds
137.545: Application time: 0.0211360 seconds
137.546: [GC [PSYoungGen: 7388K->736K(7680K)] 18199K->11546K(24576K), 0.0003540 secs] [Times: user=0.00 sys=0.00, real=0.00 secs] 
137.546: Total time for which application threads were stopped: 0.0004420 seconds, Stopping threads took: 0.0000400 seconds
137.570: Application time: 0.0238240 seconds
137.570: [GC [PSYoungGen: 7388K->864K(7680K)] 18198K->11675K(24576K), 0.0003820 secs] [Times: user=0.00 sys=0.00, real=0.00 secs] 
137.570: Total time for which application threads were stopped: 0.0004800 seconds, Stopping threads took: 0.0000440 seconds
137.600: Application time: 0.0300840 seconds
137.600: [GC [PSYoungGen: 7516K->672K(7680K)] 18327K->11482K(24576K), 0.0003600 secs] [Times: user=0.00 sys=0.00, real=0.00 secs] 
137.601: Total time for which application threads were stopped: 0.0004510 seconds, Stopping threads took: 0.0000400 seconds
137.625: Application time: 0.0245760 seconds
137.625: Total time for which application threads were stopped: 0.0001060 seconds, Stopping threads took: 0.0000810 seconds
137.628: Application time: 0.0028770 seconds
137.628: [GC [PSYoungGen: 7324K->864K(7680K)] 18135K->11675K(24576K), 0.0004560 secs] [Times: user=0.00 sys=0.00, real=0.00 secs] 
137.629: Total time for which application threads were stopped: 0.0005420 seconds, Stopping threads took: 0.0000360 seconds
137.630: Application time: 0.0012280 seconds
137.630: Total time for which application threads were stopped: 0.0000500 seconds, Stopping threads took: 0.0000370 seconds
137.650: Application time: 0.0199520 seconds
137.650: [GC [PSYoungGen: 7516K->512K(7680K)] 18327K->11322K(24576K), 0.0003470 secs] [Times: user=0.00 sys=0.00, real=0.00 secs] 
137.651: Total time for which application threads were stopped: 0.0004390 seconds, Stopping threads took: 0.0000430 seconds
137.655: Application time: 0.0045390 seconds
137.655: Total time for which application threads were stopped: 0.0000610 seconds, Stopping threads took: 0.0000460 seconds
137.697: Application time: 0.0417510 seconds
137.697: [GC [PSYoungGen: 7166K->384K(7680K)] 17977K->11194K(24576K), 0.0004000 secs] [Times: user=0.00 sys=0.00, real=0.00 secs] 
137.697: Total time for which application threads were stopped: 0.0004660 seconds, Stopping threads took: 0.0000220 seconds
137.733: Application time: 0.0352350 seconds
137.733: [GC [PSYoungGen: 7038K->352K(7680K)] 17849K->11162K(24576K), 0.0003970 secs] [Times: user=0.00 sys=0.00, real=0.00 secs] 
137.733: Total time for which application threads were stopped: 0.0004990 seconds, Stopping threads took: 0.0000440 seconds
137.755: Application time: 0.0217820 seconds
137.755: [GC [PSYoungGen: 7004K->576K(7680K)] 17815K->11386K(24576K), 0.0004510 secs] [Times: user=0.00 sys=0.00, real=0.00 secs] 
137.756: Total time for which application threads were stopped: 0.0006100 seconds, Stopping threads took: 0.0000880 seconds
137.758: Application time: 0.0020140 seconds
137.758: Total time for which application threads were stopped: 0.0000390 seconds, Stopping threads took: 0.0000260 seconds
137.768: Application time: 0.0105150 seconds
137.768: Total time for which application threads were stopped: 0.0000280 seconds, Stopping threads took: 0.0000170 seconds
137.808: Application time: 0.0401720 seconds
137.808: [GC [PSYoungGen: 7229K->160K(7680K)] 18040K->10970K(24576K), 0.0003170 secs] [Times: user=0.00 sys=0.00, real=0.00 secs] 
137.809: Total time for which application threads were stopped: 0.0003640 seconds, Stopping threads took: 0.0000050 seconds
137.865: Application time: 0.0566880 seconds
137.865: Total time for which application threads were stopped: 0.0000600 seconds, Stopping threads took: 0.0000300 seconds
137.869: Application time: 0.0037560 seconds
137.869: [GC [PSYoungGen: 6812K->1008K(7680K)] 17623K->12267K(24576K), 0.0005950 secs] [Times: user=0.00 sys=0.00, real=0.00 secs] 
137.870: Total time for which application threads were stopped: 0.0006820 seconds, Stopping threads took: 0.0000370 seconds
137.882: Application time: 0.0116810 seconds
137.883: [GC [PSYoungGen: 7664K->1008K(7680K)] 18923K->12903K(24576K), 0.0006490 secs] [Times: user=0.00 sys=0.00, real=0.00 secs] 
137.883: Total time for which application threads were stopped: 0.0019470 seconds, Stopping threads took: 0.0012490 seconds
137.897: Application time: 0.0132530 seconds
137.899: [GC [PSYoungGen: 7664K->944K(7680K)] 19559K->12967K(24576K), 0.0005380 secs] [Times: user=0.01 sys=0.00, real=0.00 secs] 
137.899: Total time for which application threads were stopped: 0.0026920 seconds, Stopping threads took: 0.0020820 seconds
137.915: Application time: 0.0159800 seconds
137.919: [GC [PSYoungGen: 7598K->992K(7680K)] 19622K->13175K(24576K), 0.0005200 secs] [Times: user=0.00 sys=0.00, real=0.00 secs] 
137.919: Total time for which application threads were stopped: 0.0039550 seconds, Stopping threads took: 0.0033800 seconds
137.943: Application time: 0.0236080 seconds
137.943: [GC [PSYoungGen: 7646K->992K(7680K)] 19829K->13607K(24576K), 0.0005530 secs] [Times: user=0.01 sys=0.00, real=0.00 secs] 
137.944: Total time for which application threads were stopped: 0.0007030 seconds, Stopping threads took: 0.0000900 seconds
137.971: Application time: 0.0271110 seconds
137.971: [GC [PSYoungGen: 7645K->1008K(7680K)] 20261K->13848K(24576K), 0.0004990 secs] [Times: user=0.00 sys=0.00, real=0.00 secs] 
137.971: Total time for which application threads were stopped: 0.0006100 seconds, Stopping threads took: 0.0000560 seconds
137.998: Application time: 0.0265300 seconds
137.998: [GC [PSYoungGen: 7662K->992K(7680K)] 20502K->14064K(24576K), 0.0004880 secs] [Times: user=0.00 sys=0.00, real=0.00 secs] 
137.999: Total time for which application threads were stopped: 0.0005990 seconds, Stopping threads took: 0.0000560 seconds
138.027: Application time: 0.0284880 seconds
138.027: [GC [PSYoungGen: 7646K->992K(7680K)] 20719K->14080K(24576K), 0.0005080 secs] [Times: user=0.00 sys=0.00, real=0.00 secs] 
138.028: Total time for which application threads were stopped: 0.0006100 seconds, Stopping threads took: 0.0000470 seconds
138.056: Application time: 0.0286670 seconds
138.056: [GC [PSYoungGen: 7647K->992K(7680K)] 20736K->14112K(24576K), 0.0004110 secs] [Times: user=0.00 sys=0.00, real=0.00 secs] 
138.057: Total time for which application threads were stopped: 0.0005050 seconds, Stopping threads took: 0.0000400 seconds
138.085: Application time: 0.0285000 seconds
138.085: [GC [PSYoungGen: 7646K->992K(7680K)] 20767K->14128K(24576K), 0.0004250 secs] [Times: user=0.00 sys=0.00, real=0.00 secs] 
138.086: Total time for which application threads were stopped: 0.0005300 seconds, Stopping threads took: 0.0000510 seconds
138.114: Application time: 0.0286300 seconds
138.115: [GC [PSYoungGen: 7646K->992K(7680K)] 20783K->14136K(24576K), 0.0004120 secs] [Times: user=0.00 sys=0.00, real=0.00 secs] 
138.115: Total time for which application threads were stopped: 0.0005180 seconds, Stopping threads took: 0.0000510 seconds
138.144: Application time: 0.0290490 seconds
138.144: [GC [PSYoungGen: 7644K->960K(7680K)] 20788K->14112K(24576K), 0.0004280 secs] [Times: user=0.00 sys=0.00, real=0.00 secs] 
138.145: Total time for which application threads were stopped: 0.0005160 seconds, Stopping threads took: 0.0000330 seconds
138.173: Application time: 0.0285490 seconds
138.173: [GC [PSYoungGen: 7612K->992K(7680K)] 20764K->14144K(24576K), 0.0004090 secs] [Times: user=0.00 sys=0.00, real=0.00 secs] 
138.174: Total time for which application threads were stopped: 0.0005040 seconds, Stopping threads took: 0.0000440 seconds
138.201: Application time: 0.0277500 seconds
138.201: [GC [PSYoungGen: 7645K->992K(7680K)] 20798K->14269K(24576K), 0.0004790 secs] [Times: user=0.00 sys=0.00, real=0.00 secs] 
138.202: Total time for which application threads were stopped: 0.0005960 seconds, Stopping threads took: 0.0000630 seconds
138.230: Application time: 0.0277680 seconds
138.230: [GC [PSYoungGen: 7644K->992K(7680K)] 20921K->14397K(24576K), 0.0004540 secs] [Times: user=0.00 sys=0.00, real=0.00 secs] 
138.230: Total time for which application threads were stopped: 0.0005440 seconds, Stopping threads took: 0.0000360 seconds
138.257: Application time: 0.0269320 seconds
138.257: [GC [PSYoungGen: 7646K->992K(7680K)] 21051K->14726K(24576K), 0.0004800 secs] [Times: user=0.00 sys=0.00, real=0.00 secs] 
138.258: Total time for which application threads were stopped: 0.0005860 seconds, Stopping threads took: 0.0000500 seconds
138.284: Application time: 0.0262970 seconds
138.284: [GC [PSYoungGen: 7645K->992K(7680K)] 21379K->15210K(24576K), 0.0005380 secs] [Times: user=0.00 sys=0.00, real=0.00 secs] 
138.285: Total time for which application threads were stopped: 0.0006430 seconds, Stopping threads took: 0.0000480 seconds
138.310: Application time: 0.0255820 seconds
138.310: [GC [PSYoungGen: 7645K->992K(7680K)] 21864K->15530K(24576K), 0.0005360 secs] [Times: user=0.00 sys=0.01, real=0.00 secs] 
138.311: Total time for which application threads were stopped: 0.0006510 seconds, Stopping threads took: 0.0000550 seconds
138.339: Application time: 0.0282980 seconds
138.339: [GC [PSYoungGen: 7645K->992K(7680K)] 22184K->15671K(24576K), 0.0004880 secs] [Times: user=0.01 sys=0.00, real=0.00 secs] 
138.340: Total time for which application threads were stopped: 0.0005890 seconds, Stopping threads took: 0.0000460 seconds
138.369: Application time: 0.0292770 seconds
138.369: [GC [PSYoungGen: 7646K->896K(7680K)] 22326K->15623K(24576K), 0.0004500 secs] [Times: user=0.00 sys=0.00, real=0.00 secs] 
138.370: Total time for which application threads were stopped: 0.0005440 seconds, Stopping threads took: 0.0000410 seconds
138.399: Application time: 0.0296110 seconds
138.399: [GC [PSYoungGen: 7550K->704K(7680K)] 22278K->15619K(24576K), 0.0004960 secs] [Times: user=0.00 sys=0.00, real=0.00 secs] 
138.400: Total time for which application threads were stopped: 0.0005990 seconds, Stopping threads took: 0.0000510 seconds
138.430: Application time: 0.0296720 seconds
138.430: [GC [PSYoungGen: 7356K->704K(7680K)] 22272K->15683K(24576K), 0.0004230 secs] [Times: user=0.00 sys=0.00, real=0.00 secs] 
138.430: Total time for which application threads were stopped: 0.0005330 seconds, Stopping threads took: 0.0000520 seconds
138.460: Application time: 0.0296080 seconds
138.460: [GC [PSYoungGen: 7358K->672K(7680K)] 22338K->15651K(24576K), 0.0003940 secs] [Times: user=0.01 sys=0.00, real=0.00 secs] 
138.460: Total time for which application threads were stopped: 0.0004910 seconds, Stopping threads took: 0.0000470 seconds
138.490: Application time: 0.0301550 seconds
138.490: [GC [PSYoungGen: 7324K->704K(7680K)] 22304K->15683K(24576K), 0.0003540 secs] [Times: user=0.01 sys=0.00, real=0.00 secs] 
138.491: Total time for which application threads were stopped: 0.0004540 seconds, Stopping threads took: 0.0000490 seconds
138.520: Application time: 0.0296700 seconds
138.521: [GC [PSYoungGen: 7356K->864K(7680K)] 22336K->15843K(24576K), 0.0004030 secs] [Times: user=0.00 sys=0.00, real=0.00 secs] 
138.521: Total time for which application threads were stopped: 0.0004860 seconds, Stopping threads took: 0.0000340 seconds
138.550: Application time: 0.0294340 seconds
138.550: [GC [PSYoungGen: 7518K->704K(7680K)] 22498K->15683K(24576K), 0.0003760 secs] [Times: user=0.00 sys=0.00, real=0.00 secs] 
138.551: Total time for which application threads were stopped: 0.0004770 seconds, Stopping threads took: 0.0000480 seconds
138.580: Application time: 0.0294290 seconds
138.580: [GC [PSYoungGen: 7358K->704K(7680K)] 22338K->15683K(24576K), 0.0003560 secs] [Times: user=0.00 sys=0.00, real=0.00 secs] 
138.581: Total time for which application threads were stopped: 0.0004630 seconds, Stopping threads took: 0.0000560 seconds
138.610: Application time: 0.0295300 seconds
138.610: [GC [PSYoungGen: 7358K->736K(7680K)] 22338K->15715K(24576K), 0.0003710 secs] [Times: user=0.00 sys=0.00, real=0.00 secs] 
138.611: Total time for which application threads were stopped: 0.0004830 seconds, Stopping threads took: 0.0000570 seconds
138.641: Application time: 0.0300710 seconds
138.641: [GC [PSYoungGen: 7390K->704K(7680K)] 22370K->15683K(24576K), 0.0004770 secs] [Times: user=0.00 sys=0.00, real=0.00 secs] 
138.641: Total time for which application threads were stopped: 0.0005990 seconds, Stopping threads took: 0.0000620 seconds
138.671: Application time: 0.0294950 seconds
138.671: [GC [PSYoungGen: 7358K->672K(7680K)] 22338K->15699K(24576K), 0.0003690 secs] [Times: user=0.00 sys=0.00, real=0.00 secs] 
138.671: Total time for which application threads were stopped: 0.0004710 seconds, Stopping threads took: 0.0000510 seconds
138.701: Application time: 0.0295070 seconds
138.701: [GC [PSYoungGen: 7326K->640K(7680K)] 22354K->15715K(24576K), 0.0003740 secs] [Times: user=0.01 sys=0.00, real=0.00 secs] 
138.701: Total time for which application threads were stopped: 0.0004670 seconds, Stopping threads took: 0.0000410 seconds
138.731: Application time: 0.0296480 seconds
138.735: [GC [PSYoungGen: 7294K->544K(7680K)] 22370K->15779K(24576K), 0.0004010 secs] [Times: user=0.00 sys=0.00, real=0.00 secs] 
138.735: Total time for which application threads were stopped: 0.0041720 seconds, Stopping threads took: 0.0037150 seconds
138.765: Application time: 0.0296310 seconds
138.765: [GC [PSYoungGen: 7198K->384K(7680K)] 22434K->15872K(24576K), 0.0003540 secs] [Times: user=0.00 sys=0.00, real=0.00 secs] 
138.765: Total time for which application threads were stopped: 0.0004530 seconds, Stopping threads took: 0.0000480 seconds
138.795: Application time: 0.0295360 seconds
138.795: [GC [PSYoungGen: 7038K->0K(7680K)] 22527K->15712K(24576K), 0.0003280 secs] [Times: user=0.00 sys=0.00, real=0.00 secs] 
138.795: Total time for which application threads were stopped: 0.0004250 seconds, Stopping threads took: 0.0000450 seconds
138.825: Application time: 0.0296840 seconds
138.825: [GC [PSYoungGen: 6654K->0K(7680K)] 22367K->15712K(24576K), 0.0002880 secs] [Times: user=0.00 sys=0.00, real=0.00 secs] 
138.825: Total time for which application threads were stopped: 0.0004010 seconds, Stopping threads took: 0.0000590 seconds
138.855: Application time: 0.0296080 seconds
138.855: [GC [PSYoungGen: 6654K->0K(7680K)] 22367K->15712K(24576K), 0.0003200 secs] [Times: user=0.00 sys=0.00, real=0.00 secs] 
138.855: Total time for which application threads were stopped: 0.0004200 seconds, Stopping threads took: 0.0000490 seconds
138.885: Application time: 0.0298980 seconds
138.887: [GC [PSYoungGen: 6654K->0K(7680K)] 22367K->15712K(24576K), 0.0003040 secs] [Times: user=0.00 sys=0.00, real=0.00 secs] 
138.887: Total time for which application threads were stopped: 0.0018110 seconds, Stopping threads took: 0.0014620 seconds
138.917: Application time: 0.0297170 seconds
138.917: [GC [PSYoungGen: 6654K->0K(7680K)] 22367K->15712K(24576K), 0.0002920 secs] [Times: user=0.00 sys=0.00, real=0.00 secs] 
138.917: Total time for which application threads were stopped: 0.0004050 seconds, Stopping threads took: 0.0000670 seconds
138.947: Application time: 0.0297340 seconds
138.947: [GC [PSYoungGen: 6654K->0K(7680K)] 22367K->15712K(24576K), 0.0002870 secs] [Times: user=0.00 sys=0.00, real=0.00 secs] 
138.947: Total time for which application threads were stopped: 0.0003930 seconds, Stopping threads took: 0.0000490 seconds
138.977: Application time: 0.0296830 seconds
138.977: [GC [PSYoungGen: 6654K->0K(7680K)] 22367K->15712K(24576K), 0.0003070 secs] [Times: user=0.00 sys=0.00, real=0.00 secs] 
138.977: Total time for which application threads were stopped: 0.0004110 seconds, Stopping threads took: 0.0000550 seconds
139.007: Application time: 0.0296540 seconds
139.007: [GC [PSYoungGen: 6654K->0K(7680K)] 22367K->15712K(24576K), 0.0003110 secs] [Times: user=0.00 sys=0.00, real=0.00 secs] 
139.008: Total time for which application threads were stopped: 0.0004070 seconds, Stopping threads took: 0.0000490 seconds
139.037: Application time: 0.0296030 seconds
139.037: [GC [PSYoungGen: 6654K->0K(7680K)] 22367K->15712K(24576K), 0.0002950 secs] [Times: user=0.00 sys=0.00, real=0.00 secs] 
139.038: Total time for which application threads were stopped: 0.0003790 seconds, Stopping threads took: 0.0000380 seconds
139.067: Application time: 0.0295900 seconds
139.067: [GC [PSYoungGen: 6654K->0K(7680K)] 22367K->15712K(24576K), 0.0002980 secs] [Times: user=0.00 sys=0.00, real=0.00 secs] 
139.068: Total time for which application threads were stopped: 0.0003940 seconds, Stopping threads took: 0.0000470 seconds
139.097: Application time: 0.0295020 seconds
139.097: [GC [PSYoungGen: 6654K->0K(7680K)] 22367K->15712K(24576K), 0.0003150 secs] [Times: user=0.00 sys=0.00, real=0.00 secs] 
139.097: Total time for which application threads were stopped: 0.0004160 seconds, Stopping threads took: 0.0000480 seconds
139.127: Application time: 0.0293780 seconds
139.127: [GC [PSYoungGen: 6654K->0K(7680K)] 22367K->15712K(24576K), 0.0003590 secs] [Times: user=0.00 sys=0.00, real=0.00 secs] 
139.127: Total time for which application threads were stopped: 0.0004410 seconds, Stopping threads took: 0.0000360 seconds
139.157: Application time: 0.0294570 seconds
139.157: [GC [PSYoungGen: 6654K->0K(7680K)] 22367K->15712K(24576K), 0.0003180 secs] [Times: user=0.00 sys=0.00, real=0.00 secs] 
139.157: Total time for which application threads were stopped: 0.0004170 seconds, Stopping threads took: 0.0000520 seconds
139.175: Application time: 0.0173800 seconds
139.175: [GC [PSYoungGen: 6654K->544K(7680K)] 22367K->16256K(24576K), 0.0003590 secs] [Times: user=0.00 sys=0.00, real=0.00 secs] 
139.175: Total time for which application threads were stopped: 0.0004660 seconds, Stopping threads took: 0.0000550 seconds
139.191: Application time: 0.0161370 seconds
139.191: [GC [PSYoungGen: 7196K->544K(7680K)] 22908K->16256K(24576K), 0.0003560 secs] [Times: user=0.01 sys=0.00, real=0.00 secs] 
139.192: Total time for which application threads were stopped: 0.0004440 seconds, Stopping threads took: 0.0000370 seconds
139.210: Application time: 0.0184730 seconds
139.210: [GC [PSYoungGen: 7198K->576K(7680K)] 22911K->16288K(24576K), 0.0003400 secs] [Times: user=0.00 sys=0.00, real=0.00 secs] 
139.210: Total time for which application threads were stopped: 0.0004380 seconds, Stopping threads took: 0.0000490 seconds
139.237: Application time: 0.0261150 seconds
139.237: [GC [PSYoungGen: 7230K->672K(7680K)] 22943K->16384K(24576K), 0.0004130 secs] [Times: user=0.00 sys=0.00, real=0.00 secs] 
139.237: Total time for which application threads were stopped: 0.0005120 seconds, Stopping threads took: 0.0000500 seconds
139.266: Application time: 0.0288840 seconds
139.266: [GC [PSYoungGen: 7324K->480K(7680K)] 23036K->16192K(24576K), 0.0003580 secs] [Times: user=0.00 sys=0.00, real=0.00 secs] 
139.266: Total time for which application threads were stopped: 0.0004670 seconds, Stopping threads took: 0.0000600 seconds
139.294: Application time: 0.0274510 seconds
139.294: [GC [PSYoungGen: 7134K->544K(7680K)] 22846K->16256K(24576K), 0.0003410 secs] [Times: user=0.00 sys=0.00, real=0.00 secs] 
139.294: Total time for which application threads were stopped: 0.0004390 seconds, Stopping threads took: 0.0000490 seconds
139.324: Application time: 0.0294630 seconds
139.324: [GC [PSYoungGen: 7198K->672K(7680K)] 22911K->16384K(24576K), 0.0003790 secs] [Times: user=0.00 sys=0.00, real=0.00 secs] 
139.324: Total time for which application threads were stopped: 0.0004730 seconds, Stopping threads took: 0.0000450 seconds
139.354: Application time: 0.0294610 seconds
139.354: [GC [PSYoungGen: 7326K->512K(7680K)] 23039K->16224K(24576K), 0.0003860 secs] [Times: user=0.00 sys=0.00, real=0.00 secs] 
139.354: Total time for which application threads were stopped: 0.0004780 seconds, Stopping threads took: 0.0000430 seconds
139.384: Application time: 0.0296200 seconds
139.384: [GC [PSYoungGen: 7166K->480K(7680K)] 22879K->16192K(24576K), 0.0003400 secs] [Times: user=0.00 sys=0.00, real=0.00 secs] 
139.384: Total time for which application threads were stopped: 0.0004320 seconds, Stopping threads took: 0.0000450 seconds
139.414: Application time: 0.0294530 seconds
139.414: [GC [PSYoungGen: 7134K->480K(7680K)] 22847K->16192K(24576K), 0.0003940 secs] [Times: user=0.00 sys=0.00, real=0.00 secs] 
139.414: Total time for which application threads were stopped: 0.0004970 seconds, Stopping threads took: 0.0000520 seconds
139.444: Application time: 0.0296000 seconds
139.444: [GC [PSYoungGen: 7134K->512K(7680K)] 22847K->16224K(24576K), 0.0003330 secs] [Times: user=0.00 sys=0.00, real=0.00 secs] 
139.444: Total time for which application threads were stopped: 0.0004290 seconds, Stopping threads took: 0.0000440 seconds
139.474: Application time: 0.0296410 seconds
139.474: [GC [PSYoungGen: 7164K->640K(7680K)] 22876K->16352K(24576K), 0.0003820 secs] [Times: user=0.01 sys=0.00, real=0.00 secs] 
139.474: Total time for which application threads were stopped: 0.0004980 seconds, Stopping threads took: 0.0000540 seconds
139.504: Application time: 0.0294200 seconds
139.504: [GC [PSYoungGen: 7292K->512K(7680K)] 23004K->16224K(24576K), 0.0003380 secs] [Times: user=0.00 sys=0.00, real=0.00 secs] 
139.504: Total time for which application threads were stopped: 0.0004380 seconds, Stopping threads took: 0.0000470 seconds
139.527: Application time: 0.0227610 seconds
139.527: [GC [PSYoungGen: 7163K->672K(7680K)] 22876K->16384K(24576K), 0.0004210 secs] [Times: user=0.00 sys=0.00, real=0.00 secs] 
139.528: Total time for which application threads were stopped: 0.0005160 seconds, Stopping threads took: 0.0000440 seconds
139.549: Application time: 0.0209680 seconds
139.549: [GC [PSYoungGen: 7325K->672K(7680K)] 23037K->16384K(24576K), 0.0003900 secs] [Times: user=0.00 sys=0.00, real=0.00 secs] 
139.549: Total time for which application threads were stopped: 0.0004920 seconds, Stopping threads took: 0.0000530 seconds
139.569: Application time: 0.0197170 seconds
139.569: [GC [PSYoungGen: 7324K->896K(7680K)] 23036K->16608K(24576K), 0.0004740 secs] [Times: user=0.00 sys=0.00, real=0.00 secs] 
139.569: Total time for which application threads were stopped: 0.0005710 seconds, Stopping threads took: 0.0000470 seconds
139.583: Application time: 0.0135130 seconds
139.583: [GC [PSYoungGen: 7551K->992K(7680K)] 23263K->16984K(24576K), 0.0004690 secs] [Times: user=0.00 sys=0.00, real=0.00 secs] 
139.583: Total time for which application threads were stopped: 0.0005640 seconds, Stopping threads took: 0.0000410 seconds
139.595: Application time: 0.0118820 seconds
139.595: [GC [PSYoungGen: 7644K->1008K(7680K)] 23637K->17312K(24576K), 0.0005480 secs] [Times: user=0.00 sys=0.00, real=0.00 secs] 
139.596: Total time for which application threads were stopped: 0.0006410 seconds, Stopping threads took: 0.0000420 seconds
139.606: Application time: 0.0096200 seconds
139.606: [GC [PSYoungGen: 7660K->1008K(7680K)] 23965K->17768K(24576K), 0.0005730 secs] [Times: user=0.00 sys=0.00, real=0.00 secs] 
139.606: [Full GC [PSYoungGen: 1008K->0K(7680K)] [ParOldGen: 16760K->3772K(16896K)] 17768K->3772K(24576K) [PSPermGen: 5573K->5573K(21504K)], 0.0066080 secs] [Times: user=0.03 sys=0.00, real=0.01 secs] 
139.613: Total time for which application threads were stopped: 0.0073310 seconds, Stopping threads took: 0.0000440 seconds
139.624: Application time: 0.0113000 seconds
139.624: [GC [PSYoungGen: 6652K->768K(7680K)] 10424K->4540K(24576K), 0.0004710 secs] [Times: user=0.00 sys=0.00, real=0.00 secs] 
139.625: Total time for which application threads were stopped: 0.0005740 seconds, Stopping threads took: 0.0000370 seconds
139.638: Application time: 0.0130490 seconds
139.638: [GC [PSYoungGen: 7422K->992K(7680K)] 11195K->5101K(24576K), 0.0004980 secs] [Times: user=0.01 sys=0.00, real=0.00 secs] 
139.638: Total time for which application threads were stopped: 0.0005890 seconds, Stopping threads took: 0.0000350 seconds
139.655: Application time: 0.0162540 seconds
139.655: [GC [PSYoungGen: 7646K->992K(7680K)] 11755K->5317K(24576K), 0.0004870 secs] [Times: user=0.01 sys=0.00, real=0.00 secs] 
139.655: Total time for which application threads were stopped: 0.0005870 seconds, Stopping threads took: 0.0000450 seconds
139.680: Application time: 0.0251880 seconds
139.680: [GC [PSYoungGen: 7646K->1008K(7680K)] 11971K->5509K(24576K), 0.0004580 secs] [Times: user=0.00 sys=0.00, real=0.00 secs] 
139.681: Total time for which application threads were stopped: 0.0005530 seconds, Stopping threads took: 0.0000430 seconds
139.706: Application time: 0.0252940 seconds
139.706: [GC [PSYoungGen: 7660K->1008K(7680K)] 12161K->5841K(24576K), 0.0005470 secs] [Times: user=0.00 sys=0.00, real=0.01 secs] 
139.707: Total time for which application threads were stopped: 0.0006530 seconds, Stopping threads took: 0.0000530 seconds
139.734: Application time: 0.0268360 seconds
139.734: [GC [PSYoungGen: 7663K->1008K(7680K)] 12497K->6218K(24576K), 0.0005930 secs] [Times: user=0.00 sys=0.00, real=0.00 secs] 
139.734: Total time for which application threads were stopped: 0.0006930 seconds, Stopping threads took: 0.0000500 seconds
139.763: Application time: 0.0285590 seconds
139.763: [GC [PSYoungGen: 7662K->992K(7680K)] 12873K->6210K(24576K), 0.0004180 secs] [Times: user=0.00 sys=0.00, real=0.00 secs] 
139.764: Total time for which application threads were stopped: 0.0005110 seconds, Stopping threads took: 0.0000400 seconds
139.793: Application time: 0.0292380 seconds
139.793: [GC [PSYoungGen: 7646K->1008K(7680K)] 12865K->6270K(24576K), 0.0003980 secs] [Times: user=0.01 sys=0.00, real=0.00 secs] 
139.793: Total time for which application threads were stopped: 0.0005030 seconds, Stopping threads took: 0.0000500 seconds
139.822: Application time: 0.0290070 seconds
139.822: [GC [PSYoungGen: 7662K->1008K(7680K)] 12925K->6270K(24576K), 0.0004390 secs] [Times: user=0.00 sys=0.00, real=0.00 secs] 
139.823: Total time for which application threads were stopped: 0.0005550 seconds, Stopping threads took: 0.0000590 seconds
139.852: Application time: 0.0287990 seconds
139.852: [GC [PSYoungGen: 7660K->992K(7680K)] 12922K->6262K(24576K), 0.0004030 secs] [Times: user=0.00 sys=0.00, real=0.00 secs] 
139.852: Total time for which application threads were stopped: 0.0005070 seconds, Stopping threads took: 0.0000500 seconds
139.881: Application time: 0.0291120 seconds
139.881: [GC [PSYoungGen: 7646K->896K(7680K)] 12917K->6294K(24576K), 0.0004010 secs] [Times: user=0.00 sys=0.00, real=0.00 secs] 
139.882: Total time for which application threads were stopped: 0.0005010 seconds, Stopping threads took: 0.0000480 seconds
139.911: Application time: 0.0288480 seconds
139.911: [GC [PSYoungGen: 7550K->912K(7680K)] 12949K->6310K(24576K), 0.0004120 secs] [Times: user=0.01 sys=0.00, real=0.00 secs] 
139.911: Total time for which application threads were stopped: 0.0005080 seconds, Stopping threads took: 0.0000420 seconds
139.940: Application time: 0.0286960 seconds
139.943: [GC [PSYoungGen: 7566K->928K(7680K)] 12965K->6326K(24576K), 0.0004110 secs] [Times: user=0.00 sys=0.00, real=0.00 secs] 
139.943: Total time for which application threads were stopped: 0.0034270 seconds, Stopping threads took: 0.0029610 seconds
139.970: Application time: 0.0270610 seconds
139.970: [GC [PSYoungGen: 7582K->992K(7680K)] 12980K->6518K(24576K), 0.0004320 secs] [Times: user=0.00 sys=0.00, real=0.00 secs] 
139.971: Total time for which application threads were stopped: 0.0005300 seconds, Stopping threads took: 0.0000430 seconds
140.000: Application time: 0.0287800 seconds
140.000: [GC [PSYoungGen: 7646K->944K(7680K)] 13173K->6470K(24576K), 0.0003980 secs] [Times: user=0.00 sys=0.00, real=0.00 secs] 
140.000: Total time for which application threads were stopped: 0.0005140 seconds, Stopping threads took: 0.0000540 seconds
140.026: Application time: 0.0255750 seconds
140.026: [GC [PSYoungGen: 7596K->960K(7680K)] 13122K->6770K(24576K), 0.0004890 secs] [Times: user=0.00 sys=0.00, real=0.00 secs] 
140.026: Total time for which application threads were stopped: 0.0006090 seconds, Stopping threads took: 0.0000630 seconds
140.051: Application time: 0.0246920 seconds
140.051: [GC [PSYoungGen: 7614K->992K(7680K)] 13425K->6971K(24576K), 0.0004510 secs] [Times: user=0.00 sys=0.00, real=0.00 secs] 
140.052: Total time for which application threads were stopped: 0.0005570 seconds, Stopping threads took: 0.0000510 seconds
140.080: Application time: 0.0284010 seconds
140.080: [GC [PSYoungGen: 7645K->992K(7680K)] 13625K->7124K(24576K), 0.0004490 secs] [Times: user=0.01 sys=0.00, real=0.00 secs] 
140.081: Total time for which application threads were stopped: 0.0005620 seconds, Stopping threads took: 0.0000580 seconds
140.110: Application time: 0.0295700 seconds
140.110: [GC [PSYoungGen: 7646K->896K(7680K)] 13778K->7164K(24576K), 0.0004210 secs] [Times: user=0.01 sys=0.00, real=0.00 secs] 
140.111: Total time for which application threads were stopped: 0.0005280 seconds, Stopping threads took: 0.0000530 seconds
140.140: Application time: 0.0295760 seconds
140.140: [GC [PSYoungGen: 7550K->864K(7680K)] 13818K->7148K(24576K), 0.0003900 secs] [Times: user=0.00 sys=0.00, real=0.00 secs] 
140.141: Total time for which application threads were stopped: 0.0004900 seconds, Stopping threads took: 0.0000450 seconds
140.171: Application time: 0.0298180 seconds
140.171: [GC [PSYoungGen: 7518K->864K(7680K)] 13802K->7148K(24576K), 0.0003730 secs] [Times: user=0.00 sys=0.00, real=0.00 secs] 
140.171: Total time for which application threads were stopped: 0.0004660 seconds, Stopping threads took: 0.0000380 seconds
140.201: Application time: 0.0300910 seconds
140.201: [GC [PSYoungGen: 7516K->928K(7680K)] 13800K->7212K(24576K), 0.0003760 secs] [Times: user=0.00 sys=0.00, real=0.00 secs] 
140.202: Total time for which application threads were stopped: 0.0004790 seconds, Stopping threads took: 0.0000490 seconds
140.231: Application time: 0.0298410 seconds
140.231: [GC [PSYoungGen: 7582K->960K(7680K)] 13866K->7244K(24576K), 0.0003600 secs] [Times: user=0.00 sys=0.00, real=0.00 secs] 
140.232: Total time for which application threads were stopped: 0.0004550 seconds, Stopping threads took: 0.0000430 seconds
140.261: Application time: 0.0295710 seconds
140.262: [GC [PSYoungGen: 7614K->864K(7680K)] 13898K->7148K(24576K), 0.0004240 secs] [Times: user=0.00 sys=0.00, real=0.00 secs] 
140.262: Total time for which application threads were stopped: 0.0005110 seconds, Stopping threads took: 0.0000340 seconds
140.291: Application time: 0.0295030 seconds
140.292: [GC [PSYoungGen: 7518K->864K(7680K)] 13802K->7148K(24576K), 0.0003540 secs] [Times: user=0.00 sys=0.00, real=0.00 secs] 
140.292: Total time for which application threads were stopped: 0.0004500 seconds, Stopping threads took: 0.0000430 seconds
140.322: Application time: 0.0301370 seconds
140.322: [GC [PSYoungGen: 7516K->832K(7680K)] 13800K->7116K(24576K), 0.0003860 secs] [Times: user=0.00 sys=0.00, real=0.00 secs] 
140.323: Total time for which application threads were stopped: 0.0004820 seconds, Stopping threads took: 0.0000470 seconds
140.352: Application time: 0.0298010 seconds
140.352: [GC [PSYoungGen: 7486K->896K(7680K)] 13770K->7180K(24576K), 0.0003630 secs] [Times: user=0.00 sys=0.00, real=0.00 secs] 
140.353: Total time for which application threads were stopped: 0.0004570 seconds, Stopping threads took: 0.0000450 seconds
140.382: Application time: 0.0296580 seconds
140.383: [GC [PSYoungGen: 7550K->832K(7680K)] 13834K->7116K(24576K), 0.0004190 secs] [Times: user=0.00 sys=0.00, real=0.00 secs] 
140.383: Total time for which application threads were stopped: 0.0005200 seconds, Stopping threads took: 0.0000490 seconds
140.413: Application time: 0.0296180 seconds
140.413: [GC [PSYoungGen: 7486K->800K(7680K)] 13770K->7168K(24576K), 0.0004460 secs] [Times: user=0.00 sys=0.00, real=0.00 secs] 
140.413: Total time for which application threads were stopped: 0.0005430 seconds, Stopping threads took: 0.0000450 seconds
140.443: Application time: 0.0294940 seconds
140.443: [GC [PSYoungGen: 7454K->800K(7680K)] 13823K->7168K(24576K), 0.0004030 secs] [Times: user=0.01 sys=0.00, real=0.00 secs] 
140.443: Total time for which application threads were stopped: 0.0005060 seconds, Stopping threads took: 0.0000500 seconds
140.473: Application time: 0.0296150 seconds
140.473: [GC [PSYoungGen: 7454K->640K(7680K)] 13823K->7229K(24576K), 0.0003650 secs] [Times: user=0.00 sys=0.00, real=0.00 secs] 
140.473: Total time for which application threads were stopped: 0.0004480 seconds, Stopping threads took: 0.0000320 seconds
140.503: Application time: 0.0294100 seconds
140.503: [GC [PSYoungGen: 7294K->288K(7680K)] 13883K->7234K(24576K), 0.0003610 secs] [Times: user=0.00 sys=0.00, real=0.00 secs] 
140.503: Total time for which application threads were stopped: 0.0004680 seconds, Stopping threads took: 0.0000410 seconds
140.533: Application time: 0.0295770 seconds
140.533: [GC [PSYoungGen: 6942K->0K(7680K)] 13889K->7159K(24576K), 0.0003180 secs] [Times: user=0.00 sys=0.00, real=0.00 secs] 
140.533: Total time for which application threads were stopped: 0.0004170 seconds, Stopping threads took: 0.0000410 seconds
140.563: Application time: 0.0296610 seconds
140.563: [GC [PSYoungGen: 6654K->0K(7680K)] 13813K->7159K(24576K), 0.0002830 secs] [Times: user=0.00 sys=0.00, real=0.00 secs] 
140.563: Total time for which application threads were stopped: 0.0003800 seconds, Stopping threads took: 0.0000490 seconds
140.593: Application time: 0.0295820 seconds
140.593: [GC [PSYoungGen: 6654K->0K(7680K)] 13813K->7159K(24576K), 0.0003260 secs] [Times: user=0.00 sys=0.00, real=0.00 secs] 
140.593: Total time for which application threads were stopped: 0.0004150 seconds, Stopping threads took: 0.0000430 seconds
140.623: Application time: 0.0300180 seconds
140.623: [GC [PSYoungGen: 6654K->0K(7680K)] 13813K->7159K(24576K), 0.0003310 secs] [Times: user=0.00 sys=0.00, real=0.00 secs] 
140.624: Total time for which application threads were stopped: 0.0004440 seconds, Stopping threads took: 0.0000520 seconds
140.653: Application time: 0.0296750 seconds
140.653: [GC [PSYoungGen: 6652K->0K(7680K)] 13811K->7159K(24576K), 0.0003370 secs] [Times: user=0.00 sys=0.00, real=0.00 secs] 
140.654: Total time for which application threads were stopped: 0.0004280 seconds, Stopping threads took: 0.0000380 seconds
140.684: Application time: 0.0299550 seconds
140.684: [GC [PSYoungGen: 6652K->0K(7680K)] 13811K->7159K(24576K), 0.0002980 secs] [Times: user=0.00 sys=0.00, real=0.00 secs] 
140.684: Total time for which application threads were stopped: 0.0003990 seconds, Stopping threads took: 0.0000520 seconds
140.713: Application time: 0.0294410 seconds
140.714: [GC [PSYoungGen: 6654K->0K(7680K)] 13813K->7159K(24576K), 0.0002890 secs] [Times: user=0.00 sys=0.00, real=0.00 secs] 
140.714: Total time for which application threads were stopped: 0.0003820 seconds, Stopping threads took: 0.0000450 seconds
140.743: Application time: 0.0294930 seconds
140.747: [GC [PSYoungGen: 6654K->0K(7680K)] 13813K->7159K(24576K), 0.0002790 secs] [Times: user=0.00 sys=0.00, real=0.00 secs] 
140.747: Total time for which application threads were stopped: 0.0037370 seconds, Stopping threads took: 0.0034120 seconds
140.777: Application time: 0.0294620 seconds
140.777: [GC [PSYoungGen: 6654K->0K(7680K)] 13813K->7159K(24576K), 0.0002930 secs] [Times: user=0.00 sys=0.00, real=0.00 secs] 
140.777: Total time for which application threads were stopped: 0.0003920 seconds, Stopping threads took: 0.0000520 seconds
140.806: Application time: 0.0294810 seconds
140.807: [GC [PSYoungGen: 6654K->0K(7680K)] 13813K->7159K(24576K), 0.0003030 secs] [Times: user=0.00 sys=0.00, real=0.01 secs] 
140.807: Total time for which application threads were stopped: 0.0004160 seconds, Stopping threads took: 0.0000630 seconds
140.838: Application time: 0.0315920 seconds
140.839: [GC [PSYoungGen: 6654K->0K(7680K)] 13813K->7159K(24576K), 0.0002850 secs] [Times: user=0.00 sys=0.00, real=0.01 secs] 
140.839: Total time for which application threads were stopped: 0.0003870 seconds, Stopping threads took: 0.0000460 seconds
140.868: Application time: 0.0292450 seconds
140.868: [GC [PSYoungGen: 6654K->0K(7680K)] 13813K->7159K(24576K), 0.0003000 secs] [Times: user=0.00 sys=0.00, real=0.00 secs] 
140.868: Total time for which application threads were stopped: 0.0003960 seconds, Stopping threads took: 0.0000460 seconds
140.894: Application time: 0.0252510 seconds
140.894: [GC [PSYoungGen: 6652K->352K(7680K)] 13811K->7511K(24576K), 0.0003200 secs] [Times: user=0.00 sys=0.00, real=0.00 secs] 
140.894: Total time for which application threads were stopped: 0.0004120 seconds, Stopping threads took: 0.0000450 seconds
140.915: Application time: 0.0205470 seconds
140.915: [GC [PSYoungGen: 7004K->352K(7680K)] 14164K->7511K(24576K), 0.0003310 secs] [Times: user=0.00 sys=0.00, real=0.00 secs] 
140.915: Total time for which application threads were stopped: 0.0004300 seconds, Stopping threads took: 0.0000510 seconds
140.932: Application time: 0.0172200 seconds
140.932: [GC [PSYoungGen: 6996K->384K(7680K)] 14155K->7543K(24576K), 0.0003660 secs] [Times: user=0.00 sys=0.00, real=0.00 secs] 
140.933: Total time for which application threads were stopped: 0.0004680 seconds, Stopping threads took: 0.0000450 seconds
140.953: Application time: 0.0197610 seconds
140.953: [GC [PSYoungGen: 7039K->480K(7680K)] 14199K->7639K(24576K), 0.0003510 secs] [Times: user=0.00 sys=0.00, real=0.00 secs] 
140.953: Total time for which application threads were stopped: 0.0004530 seconds, Stopping threads took: 0.0000550 seconds
140.977: Application time: 0.0243660 seconds
140.979: [GC [PSYoungGen: 7134K->576K(7680K)] 14293K->7735K(24576K), 0.0003360 secs] [Times: user=0.00 sys=0.00, real=0.00 secs] 
140.979: Total time for which application threads were stopped: 0.0017530 seconds, Stopping threads took: 0.0013650 seconds
141.007: Application time: 0.0282660 seconds
141.008: [GC [PSYoungGen: 7231K->672K(7680K)] 14391K->7831K(24576K), 0.0003650 secs] [Times: user=0.00 sys=0.00, real=0.00 secs] 
141.008: Total time for which application threads were stopped: 0.0004900 seconds, Stopping threads took: 0.0000660 seconds
141.036: Application time: 0.0281770 seconds
141.036: [GC [PSYoungGen: 7324K->544K(7680K)] 14483K->7703K(24576K), 0.0004130 secs] [Times: user=0.01 sys=0.00, real=0.00 secs] 
141.037: Total time for which application threads were stopped: 0.0005130 seconds, Stopping threads took: 0.0000490 seconds
141.066: Application time: 0.0293160 seconds
141.066: [GC [PSYoungGen: 7198K->480K(7680K)] 14357K->7639K(24576K), 0.0003330 secs] [Times: user=0.00 sys=0.00, real=0.00 secs] 
141.066: Total time for which application threads were stopped: 0.0004240 seconds, Stopping threads took: 0.0000420 seconds
141.096: Application time: 0.0293000 seconds
141.096: [GC [PSYoungGen: 7134K->480K(7680K)] 14293K->7639K(24576K), 0.0003720 secs] [Times: user=0.00 sys=0.00, real=0.00 secs] 
141.096: Total time for which application threads were stopped: 0.0004670 seconds, Stopping threads took: 0.0000450 seconds
141.125: Application time: 0.0292890 seconds
141.125: [GC [PSYoungGen: 7134K->448K(7680K)] 14293K->7607K(24576K), 0.0004270 secs] [Times: user=0.00 sys=0.00, real=0.00 secs] 
141.126: Total time for which application threads were stopped: 0.0005090 seconds, Stopping threads took: 0.0000370 seconds
141.155: Application time: 0.0292740 seconds
141.155: [GC [PSYoungGen: 7102K->480K(7680K)] 14261K->7639K(24576K), 0.0003650 secs] [Times: user=0.00 sys=0.00, real=0.00 secs] 
141.156: Total time for which application threads were stopped: 0.0004670 seconds, Stopping threads took: 0.0000540 seconds
141.185: Application time: 0.0293670 seconds
141.185: [GC [PSYoungGen: 7134K->544K(7680K)] 14293K->7703K(24576K), 0.0003140 secs] [Times: user=0.00 sys=0.00, real=0.00 secs] 
141.185: Total time for which application threads were stopped: 0.0004160 seconds, Stopping threads took: 0.0000520 seconds
141.215: Application time: 0.0291740 seconds
141.215: [GC [PSYoungGen: 7198K->544K(7680K)] 14357K->7703K(24576K), 0.0003290 secs] [Times: user=0.00 sys=0.00, real=0.00 secs] 
141.215: Total time for which application threads were stopped: 0.0004190 seconds, Stopping threads took: 0.0000420 seconds
141.244: Application time: 0.0291200 seconds
141.244: [GC [PSYoungGen: 7198K->544K(7680K)] 14357K->7703K(24576K), 0.0003280 secs] [Times: user=0.00 sys=0.00, real=0.00 secs] 
141.245: Total time for which application threads were stopped: 0.0004260 seconds, Stopping threads took: 0.0000490 seconds
141.269: Application time: 0.0244030 seconds
141.269: [GC [PSYoungGen: 7197K->672K(7680K)] 14356K->7831K(24576K), 0.0003730 secs] [Times: user=0.00 sys=0.00, real=0.00 secs] 
141.269: Total time for which application threads were stopped: 0.0004670 seconds, Stopping threads took: 0.0000440 seconds
141.290: Application time: 0.0203570 seconds
141.290: [GC [PSYoungGen: 7324K->736K(7680K)] 14483K->7895K(24576K), 0.0004200 secs] [Times: user=0.00 sys=0.00, real=0.00 secs] 
141.290: Total time for which application threads were stopped: 0.0005110 seconds, Stopping threads took: 0.0000400 seconds
141.312: Application time: 0.0220910 seconds
141.313: [GC [PSYoungGen: 7389K->928K(7680K)] 14548K->8087K(24576K), 0.0005020 secs] [Times: user=0.00 sys=0.00, real=0.00 secs] 
141.313: Total time for which application threads were stopped: 0.0006060 seconds, Stopping threads took: 0.0000500 seconds
141.326: Application time: 0.0131450 seconds
141.326: [GC [PSYoungGen: 7580K->992K(7680K)] 14740K->8431K(24576K), 0.0004700 secs] [Times: user=0.01 sys=0.00, real=0.00 secs] 
141.327: Total time for which application threads were stopped: 0.0005630 seconds, Stopping threads took: 0.0000340 seconds
141.339: Application time: 0.0126090 seconds
141.339: [GC [PSYoungGen: 7644K->1008K(7680K)] 15084K->8479K(24576K), 0.0004700 secs] [Times: user=0.01 sys=0.00, real=0.00 secs] 
141.340: Total time for which application threads were stopped: 0.0005780 seconds, Stopping threads took: 0.0000530 seconds
141.352: Application time: 0.0121720 seconds
141.352: [GC [PSYoungGen: 7594K->992K(7680K)] 15065K->8631K(24576K), 0.0005090 secs] [Times: user=0.00 sys=0.00, real=0.00 secs] 
141.353: Total time for which application threads were stopped: 0.0006230 seconds, Stopping threads took: 0.0000580 seconds
141.362: Application time: 0.0092280 seconds
141.362: [GC [PSYoungGen: 7646K->1008K(7680K)] 15285K->9076K(24576K), 0.0005030 secs] [Times: user=0.00 sys=0.00, real=0.00 secs] 
141.363: Total time for which application threads were stopped: 0.0006130 seconds, Stopping threads took: 0.0000520 seconds
141.376: Application time: 0.0134920 seconds
141.376: [GC [PSYoungGen: 7660K->1008K(7680K)] 15728K->9484K(24576K), 0.0005390 secs] [Times: user=0.00 sys=0.00, real=0.00 secs] 
141.377: Total time for which application threads were stopped: 0.0006430 seconds, Stopping threads took: 0.0000460 seconds
141.392: Application time: 0.0152210 seconds
141.392: [GC [PSYoungGen: 7662K->1008K(7680K)] 16138K->9684K(24576K), 0.0004620 secs] [Times: user=0.00 sys=0.00, real=0.00 secs] 
141.393: Total time for which application threads were stopped: 0.0005650 seconds, Stopping threads took: 0.0000490 seconds
141.414: Application time: 0.0217780 seconds
141.414: [GC [PSYoungGen: 7659K->992K(7680K)] 16336K->9940K(24576K), 0.0005220 secs] [Times: user=0.01 sys=0.00, real=0.00 secs] 
141.415: Total time for which application threads were stopped: 0.0006230 seconds, Stopping threads took: 0.0000430 seconds
141.440: Application time: 0.0250460 seconds
141.440: [GC [PSYoungGen: 7646K->1008K(7680K)] 16595K->10260K(24576K), 0.0005100 secs] [Times: user=0.00 sys=0.00, real=0.00 secs] 
141.441: Total time for which application threads were stopped: 0.0006310 seconds, Stopping threads took: 0.0000660 seconds
141.467: Application time: 0.0264650 seconds
141.467: [GC [PSYoungGen: 7664K->1008K(7680K)] 16916K->10525K(24576K), 0.0005010 secs] [Times: user=0.00 sys=0.00, real=0.00 secs] 
141.468: Total time for which application threads were stopped: 0.0005960 seconds, Stopping threads took: 0.0000420 seconds
141.496: Application time: 0.0285400 seconds
141.496: [GC [PSYoungGen: 7662K->1008K(7680K)] 17180K->10545K(24576K), 0.0004620 secs] [Times: user=0.00 sys=0.00, real=0.00 secs] 
141.497: Total time for which application threads were stopped: 0.0005700 seconds, Stopping threads took: 0.0000530 seconds
141.525: Application time: 0.0286670 seconds
141.526: [GC [PSYoungGen: 7662K->976K(7680K)] 17200K->10641K(24576K), 0.0004380 secs] [Times: user=0.00 sys=0.00, real=0.00 secs] 
141.526: Total time for which application threads were stopped: 0.0005550 seconds, Stopping threads took: 0.0000490 seconds
141.555: Application time: 0.0285600 seconds
141.555: [GC [PSYoungGen: 7630K->976K(7680K)] 17296K->10641K(24576K), 0.0004090 secs] [Times: user=0.00 sys=0.00, real=0.00 secs] 
141.555: Total time for which application threads were stopped: 0.0005150 seconds, Stopping threads took: 0.0000530 seconds
141.584: Application time: 0.0285220 seconds
141.584: [GC [PSYoungGen: 7630K->976K(7680K)] 17296K->10641K(24576K), 0.0004540 secs] [Times: user=0.00 sys=0.00, real=0.00 secs] 
141.584: Total time for which application threads were stopped: 0.0005580 seconds, Stopping threads took: 0.0000510 seconds
141.613: Application time: 0.0285370 seconds
141.613: [GC [PSYoungGen: 7630K->944K(7680K)] 17296K->10609K(24576K), 0.0005150 secs] [Times: user=0.00 sys=0.00, real=0.00 secs] 
141.613: Total time for which application threads were stopped: 0.0006180 seconds, Stopping threads took: 0.0000500 seconds
141.642: Application time: 0.0290470 seconds
141.642: [GC [PSYoungGen: 7598K->960K(7680K)] 17264K->10633K(24576K), 0.0005040 secs] [Times: user=0.00 sys=0.00, real=0.00 secs] 
141.643: Total time for which application threads were stopped: 0.0006260 seconds, Stopping threads took: 0.0000600 seconds
141.672: Application time: 0.0288200 seconds
141.672: [GC [PSYoungGen: 7614K->976K(7680K)] 17288K->10689K(24576K), 0.0004290 secs] [Times: user=0.00 sys=0.00, real=0.00 secs] 
141.672: Total time for which application threads were stopped: 0.0005400 seconds, Stopping threads took: 0.0000550 seconds
141.700: Application time: 0.0280840 seconds
141.701: [GC [PSYoungGen: 7630K->992K(7680K)] 17344K->10809K(24576K), 0.0004980 secs] [Times: user=0.00 sys=0.00, real=0.00 secs] 
141.701: Total time for which application threads were stopped: 0.0005860 seconds, Stopping threads took: 0.0000340 seconds
141.729: Application time: 0.0279160 seconds
141.729: [GC [PSYoungGen: 7645K->992K(7680K)] 17463K->11033K(24576K), 0.0004630 secs] [Times: user=0.01 sys=0.00, real=0.00 secs] 
141.730: Total time for which application threads were stopped: 0.0005690 seconds, Stopping threads took: 0.0000520 seconds
141.755: Application time: 0.0254120 seconds
141.759: [GC [PSYoungGen: 7644K->992K(7680K)] 17686K->11606K(24576K), 0.0005230 secs] [Times: user=0.01 sys=0.00, real=0.00 secs] 
141.759: Total time for which application threads were stopped: 0.0044370 seconds, Stopping threads took: 0.0038590 seconds
141.786: Application time: 0.0264590 seconds
141.786: [GC [PSYoungGen: 7647K->992K(7680K)] 18262K->12175K(24576K), 0.0005390 secs] [Times: user=0.01 sys=0.00, real=0.00 secs] 
141.786: Total time for which application threads were stopped: 0.0006410 seconds, Stopping threads took: 0.0000460 seconds
141.813: Application time: 0.0265540 seconds
141.813: [GC [PSYoungGen: 7647K->992K(7680K)] 18831K->12412K(24576K), 0.0004830 secs] [Times: user=0.00 sys=0.00, real=0.00 secs] 
141.814: Total time for which application threads were stopped: 0.0006190 seconds, Stopping threads took: 0.0000760 seconds
141.843: Application time: 0.0293850 seconds
141.843: [GC [PSYoungGen: 7646K->992K(7680K)] 19066K->12444K(24576K), 0.0004380 secs] [Times: user=0.00 sys=0.00, real=0.00 secs] 
141.844: Total time for which application threads were stopped: 0.0005710 seconds, Stopping threads took: 0.0000780 seconds
141.873: Application time: 0.0295930 seconds
141.873: [GC [PSYoungGen: 7644K->960K(7680K)] 19096K->12504K(24576K), 0.0004660 secs] [Times: user=0.00 sys=0.00, real=0.00 secs] 
141.874: Total time for which application threads were stopped: 0.0005670 seconds, Stopping threads took: 0.0000460 seconds
141.903: Application time: 0.0295600 seconds
141.903: [GC [PSYoungGen: 7614K->928K(7680K)] 19159K->12512K(24576K), 0.0004070 secs] [Times: user=0.00 sys=0.00, real=0.00 secs] 
141.904: Total time for which application threads were stopped: 0.0005040 seconds, Stopping threads took: 0.0000410 seconds
141.933: Application time: 0.0295680 seconds
141.933: [GC [PSYoungGen: 7582K->928K(7680K)] 19167K->12512K(24576K), 0.0003900 secs] [Times: user=0.00 sys=0.00, real=0.00 secs] 
141.934: Total time for which application threads were stopped: 0.0004890 seconds, Stopping threads took: 0.0000470 seconds
141.963: Application time: 0.0295610 seconds
141.964: [GC [PSYoungGen: 7582K->896K(7680K)] 19167K->12480K(24576K), 0.0003870 secs] [Times: user=0.00 sys=0.00, real=0.00 secs] 
141.964: Total time for which application threads were stopped: 0.0004790 seconds, Stopping threads took: 0.0000390 seconds
141.993: Application time: 0.0294230 seconds
141.993: [GC [PSYoungGen: 7550K->896K(7680K)] 19135K->12480K(24576K), 0.0004960 secs] [Times: user=0.00 sys=0.00, real=0.00 secs] 
141.994: Total time for which application threads were stopped: 0.0006080 seconds, Stopping threads took: 0.0000470 seconds
142.023: Application time: 0.0293160 seconds
142.023: [GC [PSYoungGen: 7550K->864K(7680K)] 19135K->12448K(24576K), 0.0005440 secs] [Times: user=0.00 sys=0.00, real=0.00 secs] 
142.024: Total time for which application threads were stopped: 0.0006440 seconds, Stopping threads took: 0.0000470 seconds
142.054: Application time: 0.0295950 seconds
142.054: [GC [PSYoungGen: 7518K->896K(7680K)] 19103K->12480K(24576K), 0.0003860 secs] [Times: user=0.00 sys=0.00, real=0.00 secs] 
142.054: Total time for which application threads were stopped: 0.0004900 seconds, Stopping threads took: 0.0000450 seconds
142.084: Application time: 0.0296410 seconds
142.084: [GC [PSYoungGen: 7550K->928K(7680K)] 19135K->12512K(24576K), 0.0004300 secs] [Times: user=0.00 sys=0.00, real=0.00 secs] 
142.084: Total time for which application threads were stopped: 0.0005210 seconds, Stopping threads took: 0.0000410 seconds
142.114: Application time: 0.0296160 seconds
142.114: [GC [PSYoungGen: 7582K->896K(7680K)] 19167K->12480K(24576K), 0.0003810 secs] [Times: user=0.01 sys=0.00, real=0.00 secs] 
142.114: Total time for which application threads were stopped: 0.0004880 seconds, Stopping threads took: 0.0000530 seconds
142.144: Application time: 0.0299250 seconds
142.144: [GC [PSYoungGen: 7548K->928K(7680K)] 19132K->12568K(24576K), 0.0003940 secs] [Times: user=0.00 sys=0.00, real=0.00 secs] 
142.145: Total time for which application threads were stopped: 0.0004880 seconds, Stopping threads took: 0.0000400 seconds
142.174: Application time: 0.0295710 seconds
142.174: [GC [PSYoungGen: 7582K->704K(7680K)] 19223K->12549K(24576K), 0.0004790 secs] [Times: user=0.00 sys=0.00, real=0.00 secs] 
142.175: Total time for which application threads were stopped: 0.0005830 seconds, Stopping threads took: 0.0000510 seconds
142.204: Application time: 0.0295860 seconds
142.205: [GC [PSYoungGen: 7358K->544K(7680K)] 19204K->12601K(24576K), 0.0003790 secs] [Times: user=0.00 sys=0.00, real=0.00 secs] 
142.205: Total time for which application threads were stopped: 0.0004760 seconds, Stopping threads took: 0.0000440 seconds
142.234: Application time: 0.0294390 seconds
142.234: [GC [PSYoungGen: 7198K->288K(7680K)] 19256K->12542K(24576K), 0.0004210 secs] [Times: user=0.00 sys=0.00, real=0.00 secs] 
142.235: Total time for which application threads were stopped: 0.0005190 seconds, Stopping threads took: 0.0000470 seconds
142.265: Application time: 0.0296630 seconds
142.265: [GC [PSYoungGen: 6940K->0K(7680K)] 19194K->12474K(24576K), 0.0003130 secs] [Times: user=0.00 sys=0.00, real=0.00 secs] 
142.265: Total time for which application threads were stopped: 0.0004300 seconds, Stopping threads took: 0.0000670 seconds
142.295: Application time: 0.0295900 seconds
142.295: [GC [PSYoungGen: 6654K->0K(7680K)] 19129K->12474K(24576K), 0.0003040 secs] [Times: user=0.00 sys=0.00, real=0.00 secs] 
142.295: Total time for which application threads were stopped: 0.0003990 seconds, Stopping threads took: 0.0000460 seconds
142.325: Application time: 0.0295670 seconds
142.325: [GC [PSYoungGen: 6654K->0K(7680K)] 19129K->12474K(24576K), 0.0002920 secs] [Times: user=0.01 sys=0.00, real=0.00 secs] 
142.325: Total time for which application threads were stopped: 0.0003780 seconds, Stopping threads took: 0.0000410 seconds
142.354: Application time: 0.0295650 seconds
142.355: [GC [PSYoungGen: 6654K->0K(7680K)] 19129K->12474K(24576K), 0.0003340 secs] [Times: user=0.00 sys=0.00, real=0.00 secs] 
142.355: Total time for which application threads were stopped: 0.0004260 seconds, Stopping threads took: 0.0000430 seconds
142.384: Application time: 0.0295350 seconds
142.385: [GC [PSYoungGen: 6654K->0K(7680K)] 19129K->12474K(24576K), 0.0002890 secs] [Times: user=0.00 sys=0.00, real=0.00 secs] 
142.385: Total time for which application threads were stopped: 0.0003880 seconds, Stopping threads took: 0.0000510 seconds
142.414: Application time: 0.0295150 seconds
142.414: [GC [PSYoungGen: 6654K->0K(7680K)] 19129K->12474K(24576K), 0.0003150 secs] [Times: user=0.00 sys=0.00, real=0.00 secs] 
142.415: Total time for which application threads were stopped: 0.0004060 seconds, Stopping threads took: 0.0000400 seconds
142.444: Application time: 0.0294430 seconds
142.444: [GC [PSYoungGen: 6654K->0K(7680K)] 19129K->12474K(24576K), 0.0002960 secs] [Times: user=0.00 sys=0.00, real=0.00 secs] 
142.445: Total time for which application threads were stopped: 0.0003850 seconds, Stopping threads took: 0.0000430 seconds
142.474: Application time: 0.0296230 seconds
142.474: [GC [PSYoungGen: 6652K->0K(7680K)] 19127K->12474K(24576K), 0.0003730 secs] [Times: user=0.00 sys=0.00, real=0.00 secs] 
142.475: Total time for which application threads were stopped: 0.0004690 seconds, Stopping threads took: 0.0000490 seconds
142.504: Application time: 0.0294230 seconds
142.504: [GC [PSYoungGen: 6654K->0K(7680K)] 19129K->12474K(24576K), 0.0003000 secs] [Times: user=0.00 sys=0.00, real=0.00 secs] 
142.505: Total time for which application threads were stopped: 0.0003920 seconds, Stopping threads took: 0.0000440 seconds
142.534: Application time: 0.0293860 seconds
142.534: [GC [PSYoungGen: 6654K->0K(7680K)] 19129K->12474K(24576K), 0.0003130 secs] [Times: user=0.01 sys=0.00, real=0.00 secs] 
142.534: Total time for which application threads were stopped: 0.0003990 seconds, Stopping threads took: 0.0000400 seconds
142.564: Application time: 0.0296970 seconds
142.564: [GC [PSYoungGen: 6652K->0K(7680K)] 19127K->12474K(24576K), 0.0002840 secs] [Times: user=0.00 sys=0.00, real=0.00 secs] 
142.564: Total time for which application threads were stopped: 0.0003910 seconds, Stopping threads took: 0.0000500 seconds
142.594: Application time: 0.0292850 seconds
142.594: [GC [PSYoungGen: 6652K->0K(7680K)] 19127K->12474K(24576K), 0.0003690 secs] [Times: user=0.00 sys=0.00, real=0.00 secs] 
142.594: Total time for which application threads were stopped: 0.0004560 seconds, Stopping threads took: 0.0000400 seconds
142.624: Application time: 0.0295190 seconds
142.624: [GC [PSYoungGen: 6654K->0K(7680K)] 19129K->12474K(24576K), 0.0003500 secs] [Times: user=0.00 sys=0.00, real=0.00 secs] 
142.624: Total time for which application threads were stopped: 0.0004500 seconds, Stopping threads took: 0.0000420 seconds
142.644: Application time: 0.0200370 seconds
142.644: [GC [PSYoungGen: 6655K->384K(7680K)] 19129K->12858K(24576K), 0.0003430 secs] [Times: user=0.01 sys=0.00, real=0.00 secs] 
142.645: Total time for which application threads were stopped: 0.0004450 seconds, Stopping threads took: 0.0000460 seconds
142.661: Application time: 0.0161680 seconds
142.661: [GC [PSYoungGen: 7036K->512K(7680K)] 19511K->12986K(24576K), 0.0003710 secs] [Times: user=0.00 sys=0.00, real=0.00 secs] 
142.661: Total time for which application threads were stopped: 0.0004790 seconds, Stopping threads took: 0.0000560 seconds
142.679: Application time: 0.0181560 seconds
142.679: [GC [PSYoungGen: 7166K->480K(7680K)] 19641K->12954K(24576K), 0.0003890 secs] [Times: user=0.00 sys=0.00, real=0.00 secs] 
142.680: Total time for which application threads were stopped: 0.0004950 seconds, Stopping threads took: 0.0000520 seconds
142.703: Application time: 0.0234180 seconds
142.703: [GC [PSYoungGen: 7131K->544K(7680K)] 19606K->13018K(24576K), 0.0003620 secs] [Times: user=0.00 sys=0.00, real=0.00 secs] 
142.704: Total time for which application threads were stopped: 0.0004590 seconds, Stopping threads took: 0.0000440 seconds
142.732: Application time: 0.0285990 seconds
142.732: [GC [PSYoungGen: 7198K->544K(7680K)] 19673K->13018K(24576K), 0.0003680 secs] [Times: user=0.00 sys=0.00, real=0.00 secs] 
142.733: Total time for which application threads were stopped: 0.0004620 seconds, Stopping threads took: 0.0000410 seconds
142.760: Application time: 0.0272840 seconds
142.760: [GC [PSYoungGen: 7199K->512K(7680K)] 19674K->12986K(24576K), 0.0003730 secs] [Times: user=0.00 sys=0.00, real=0.00 secs] 
142.761: Total time for which application threads were stopped: 0.0004660 seconds, Stopping threads took: 0.0000440 seconds
142.790: Application time: 0.0293420 seconds
142.790: [GC [PSYoungGen: 7166K->512K(7680K)] 19641K->12986K(24576K), 0.0003660 secs] [Times: user=0.00 sys=0.00, real=0.00 secs] 
142.790: Total time for which application threads were stopped: 0.0004570 seconds, Stopping threads took: 0.0000410 seconds
142.820: Application time: 0.0294320 seconds
142.820: [GC [PSYoungGen: 7166K->512K(7680K)] 19641K->12986K(24576K), 0.0003420 secs] [Times: user=0.00 sys=0.00, real=0.00 secs] 
142.820: Total time for which application threads were stopped: 0.0004380 seconds, Stopping threads took: 0.0000420 seconds
142.850: Application time: 0.0293730 seconds
142.850: [GC [PSYoungGen: 7166K->512K(7680K)] 19641K->12986K(24576K), 0.0003440 secs] [Times: user=0.01 sys=0.00, real=0.00 secs] 
142.850: Total time for which application threads were stopped: 0.0004430 seconds, Stopping threads took: 0.0000460 seconds
142.879: Application time: 0.0293510 seconds
142.879: [GC [PSYoungGen: 7166K->512K(7680K)] 19641K->12986K(24576K), 0.0003390 secs] [Times: user=0.00 sys=0.00, real=0.00 secs] 
142.880: Total time for which application threads were stopped: 0.0004320 seconds, Stopping threads took: 0.0000430 seconds
142.909: Application time: 0.0294820 seconds
142.909: [GC [PSYoungGen: 7166K->544K(7680K)] 19641K->13018K(24576K), 0.0003310 secs] [Times: user=0.00 sys=0.00, real=0.00 secs] 
142.910: Total time for which application threads were stopped: 0.0004260 seconds, Stopping threads took: 0.0000470 seconds
142.939: Application time: 0.0293320 seconds
142.939: [GC [PSYoungGen: 7198K->480K(7680K)] 19673K->12954K(24576K), 0.0003520 secs] [Times: user=0.00 sys=0.00, real=0.00 secs] 
142.940: Total time for which application threads were stopped: 0.0004590 seconds, Stopping threads took: 0.0000540 seconds
142.969: Application time: 0.0291680 seconds
142.969: [GC [PSYoungGen: 7134K->544K(7680K)] 19609K->13018K(24576K), 0.0003440 secs] [Times: user=0.00 sys=0.00, real=0.00 secs] 
142.969: Total time for which application threads were stopped: 0.0004460 seconds, Stopping threads took: 0.0000510 seconds
142.996: Application time: 0.0272910 seconds
142.997: [GC [PSYoungGen: 7198K->672K(7680K)] 19673K->13146K(24576K), 0.0003550 secs] [Times: user=0.00 sys=0.00, real=0.00 secs] 
142.997: Total time for which application threads were stopped: 0.0004540 seconds, Stopping threads took: 0.0000490 seconds
143.017: Application time: 0.0204230 seconds
143.017: [GC [PSYoungGen: 7326K->832K(7680K)] 19801K->13306K(24576K), 0.0003880 secs] [Times: user=0.00 sys=0.00, real=0.00 secs] 
143.018: Total time for which application threads were stopped: 0.0005020 seconds, Stopping threads took: 0.0000620 seconds
143.037: Application time: 0.0194650 seconds
143.037: [GC [PSYoungGen: 7484K->960K(7680K)] 19959K->13562K(24576K), 0.0004240 secs] [Times: user=0.00 sys=0.00, real=0.00 secs] 
143.038: Total time for which application threads were stopped: 0.0005180 seconds, Stopping threads took: 0.0000460 seconds
143.050: Application time: 0.0119730 seconds
143.050: [GC [PSYoungGen: 7613K->992K(7680K)] 20216K->13746K(24576K), 0.0004750 secs] [Times: user=0.01 sys=0.00, real=0.00 secs] 
143.050: Total time for which application threads were stopped: 0.0005810 seconds, Stopping threads took: 0.0000510 seconds
143.063: Application time: 0.0126710 seconds
143.063: [GC [PSYoungGen: 7648K->976K(7680K)] 20402K->13858K(24576K), 0.0004420 secs] [Times: user=0.00 sys=0.00, real=0.00 secs] 
143.064: Total time for which application threads were stopped: 0.0005490 seconds, Stopping threads took: 0.0000530 seconds
143.076: Application time: 0.0127410 seconds
143.076: [GC [PSYoungGen: 7628K->992K(7680K)] 20511K->14147K(24576K), 0.0005290 secs] [Times: user=0.00 sys=0.00, real=0.00 secs] 
143.077: Total time for which application threads were stopped: 0.0006290 seconds, Stopping threads took: 0.0000390 seconds
143.089: Application time: 0.0123550 seconds
143.089: [GC [PSYoungGen: 7646K->992K(7680K)] 20801K->14588K(24576K), 0.0005640 secs] [Times: user=0.00 sys=0.00, real=0.00 secs] 
143.090: Total time for which application threads were stopped: 0.0006760 seconds, Stopping threads took: 0.0000480 seconds
143.104: Application time: 0.0142770 seconds
143.104: [GC [PSYoungGen: 7647K->992K(7680K)] 21243K->14856K(24576K), 0.0005260 secs] [Times: user=0.00 sys=0.00, real=0.00 secs] 
143.105: Total time for which application threads were stopped: 0.0006240 seconds, Stopping threads took: 0.0000440 seconds
143.120: Application time: 0.0153910 seconds
143.120: [GC [PSYoungGen: 7643K->992K(7680K)] 21508K->15096K(24576K), 0.0005340 secs] [Times: user=0.01 sys=0.00, real=0.00 secs] 
143.121: Total time for which application threads were stopped: 0.0006340 seconds, Stopping threads took: 0.0000460 seconds
143.138: Application time: 0.0174370 seconds
143.138: [GC [PSYoungGen: 7644K->1008K(7680K)] 21749K->15320K(24576K), 0.0004790 secs] [Times: user=0.00 sys=0.00, real=0.01 secs] 
143.139: Total time for which application threads were stopped: 0.0005820 seconds, Stopping threads took: 0.0000500 seconds
143.164: Application time: 0.0253890 seconds
143.164: [GC [PSYoungGen: 7662K->992K(7680K)] 21975K->15914K(24576K), 0.0005450 secs] [Times: user=0.00 sys=0.00, real=0.00 secs] 
143.165: Total time for which application threads were stopped: 0.0006460 seconds, Stopping threads took: 0.0000470 seconds
143.193: Application time: 0.0279480 seconds
143.195: [GC [PSYoungGen: 7646K->1008K(7680K)] 22568K->15946K(24576K), 0.0004890 secs] [Times: user=0.00 sys=0.00, real=0.00 secs] 
143.195: Total time for which application threads were stopped: 0.0023800 seconds, Stopping threads took: 0.0018380 seconds
143.222: Application time: 0.0266760 seconds
143.222: [GC [PSYoungGen: 7660K->992K(7680K)] 22599K->16134K(24576K), 0.0004860 secs] [Times: user=0.00 sys=0.00, real=0.00 secs] 
143.223: Total time for which application threads were stopped: 0.0005860 seconds, Stopping threads took: 0.0000460 seconds
143.251: Application time: 0.0285400 seconds
143.251: [GC [PSYoungGen: 7646K->992K(7680K)] 22789K->16186K(24576K), 0.0004690 secs] [Times: user=0.00 sys=0.00, real=0.00 secs] 
143.252: Total time for which application threads were stopped: 0.0005660 seconds, Stopping threads took: 0.0000440 seconds
143.280: Application time: 0.0285500 seconds
143.280: [GC [PSYoungGen: 7646K->960K(7680K)] 22841K->16282K(24576K), 0.0004350 secs] [Times: user=0.00 sys=0.00, real=0.00 secs] 
143.281: Total time for which application threads were stopped: 0.0005330 seconds, Stopping threads took: 0.0000450 seconds
143.309: Application time: 0.0286080 seconds
143.309: [GC [PSYoungGen: 7614K->928K(7680K)] 22937K->16250K(24576K), 0.0004250 secs] [Times: user=0.00 sys=0.00, real=0.00 secs] 
143.310: Total time for which application threads were stopped: 0.0005230 seconds, Stopping threads took: 0.0000470 seconds
143.338: Application time: 0.0285270 seconds
143.339: [GC [PSYoungGen: 7582K->928K(7680K)] 22905K->16250K(24576K), 0.0004990 secs] [Times: user=0.00 sys=0.00, real=0.01 secs] 
143.339: Total time for which application threads were stopped: 0.0005860 seconds, Stopping threads took: 0.0000360 seconds
143.368: Application time: 0.0285530 seconds
143.368: [GC [PSYoungGen: 7582K->928K(7680K)] 22905K->16250K(24576K), 0.0003810 secs] [Times: user=0.00 sys=0.00, real=0.00 secs] 
143.368: Total time for which application threads were stopped: 0.0004860 seconds, Stopping threads took: 0.0000530 seconds
143.397: Application time: 0.0286370 seconds
143.397: [GC [PSYoungGen: 7582K->928K(7680K)] 22905K->16286K(24576K), 0.0004130 secs] [Times: user=0.00 sys=0.00, real=0.00 secs] 
143.397: Total time for which application threads were stopped: 0.0005100 seconds, Stopping threads took: 0.0000470 seconds
143.426: Application time: 0.0285760 seconds
143.426: [GC [PSYoungGen: 7582K->960K(7680K)] 22941K->16334K(24576K), 0.0004530 secs] [Times: user=0.00 sys=0.00, real=0.00 secs] 
143.426: Total time for which application threads were stopped: 0.0005600 seconds, Stopping threads took: 0.0000540 seconds
143.454: Application time: 0.0271850 seconds
143.454: [GC [PSYoungGen: 7613K->992K(7680K)] 22988K->16430K(24576K), 0.0004650 secs] [Times: user=0.01 sys=0.00, real=0.00 secs] 
143.454: Total time for which application threads were stopped: 0.0005720 seconds, Stopping threads took: 0.0000540 seconds
143.479: Application time: 0.0253600 seconds
143.483: [GC [PSYoungGen: 7644K->992K(7680K)] 23083K->16830K(24576K), 0.0005400 secs] [Times: user=0.00 sys=0.00, real=0.00 secs] 
143.483: Total time for which application threads were stopped: 0.0038910 seconds, Stopping threads took: 0.0032950 seconds
143.510: Application time: 0.0270990 seconds
143.511: [GC [PSYoungGen: 7647K->992K(7680K)] 23486K->16934K(24576K), 0.0004500 secs] [Times: user=0.01 sys=0.00, real=0.00 secs] 
143.511: Total time for which application threads were stopped: 0.0005540 seconds, Stopping threads took: 0.0000500 seconds
143.538: Application time: 0.0270870 seconds
143.538: [GC [PSYoungGen: 7647K->992K(7680K)] 23590K->17198K(24576K), 0.0004710 secs] [Times: user=0.00 sys=0.00, real=0.00 secs] 
143.539: Total time for which application threads were stopped: 0.0005780 seconds, Stopping threads took: 0.0000540 seconds
143.567: Application time: 0.0286760 seconds
143.567: [GC [PSYoungGen: 7645K->992K(7680K)] 23852K->17478K(24576K), 0.0004490 secs] [Times: user=0.00 sys=0.00, real=0.00 secs] 
143.568: [Full GC [PSYoungGen: 992K->0K(7680K)] [ParOldGen: 16486K->3797K(16896K)] 17478K->3797K(24576K) [PSPermGen: 5573K->5573K(21504K)], 0.0066550 secs] [Times: user=0.03 sys=0.00, real=0.00 secs] 
143.575: Total time for which application threads were stopped: 0.0072590 seconds, Stopping threads took: 0.0000530 seconds
143.605: Application time: 0.0299740 seconds
143.605: [GC [PSYoungGen: 6654K->0K(7680K)] 10452K->3797K(24576K), 0.0003280 secs] [Times: user=0.00 sys=0.00, real=0.00 secs] 
143.605: Total time for which application threads were stopped: 0.0004450 seconds, Stopping threads took: 0.0000540 seconds
143.636: Application time: 0.0305110 seconds
143.636: [GC [PSYoungGen: 6654K->0K(7680K)] 10452K->3797K(24576K), 0.0003300 secs] [Times: user=0.00 sys=0.00, real=0.00 secs] 
143.636: Total time for which application threads were stopped: 0.0004410 seconds, Stopping threads took: 0.0000520 seconds
143.666: Application time: 0.0301240 seconds
143.666: [GC [PSYoungGen: 6654K->0K(7680K)] 10452K->3797K(24576K), 0.0002930 secs] [Times: user=0.00 sys=0.00, real=0.00 secs] 
143.667: Total time for which application threads were stopped: 0.0003810 seconds, Stopping threads took: 0.0000420 seconds
143.697: Application time: 0.0302080 seconds
143.697: [GC [PSYoungGen: 6654K->0K(7680K)] 10452K->3797K(24576K), 0.0002910 secs] [Times: user=0.00 sys=0.00, real=0.00 secs] 
143.697: Total time for which application threads were stopped: 0.0003950 seconds, Stopping threads took: 0.0000530 seconds
143.727: Application time: 0.0300790 seconds
143.727: [GC [PSYoungGen: 6654K->0K(7680K)] 10452K->3797K(24576K), 0.0003110 secs] [Times: user=0.00 sys=0.00, real=0.00 secs] 
143.728: Total time for which application threads were stopped: 0.0004030 seconds, Stopping threads took: 0.0000450 seconds
143.758: Application time: 0.0300350 seconds
143.758: [GC [PSYoungGen: 6654K->0K(7680K)] 10452K->3797K(24576K), 0.0003270 secs] [Times: user=0.01 sys=0.00, real=0.00 secs] 
143.758: Total time for which application threads were stopped: 0.0004180 seconds, Stopping threads took: 0.0000440 seconds
143.788: Application time: 0.0300970 seconds
143.788: [GC [PSYoungGen: 6656K->0K(7680K)] 10453K->3797K(24576K), 0.0003350 secs] [Times: user=0.00 sys=0.00, real=0.00 secs] 
143.789: Total time for which application threads were stopped: 0.0004220 seconds, Stopping threads took: 0.0000380 seconds
143.819: Application time: 0.0301580 seconds
143.819: [GC [PSYoungGen: 6654K->0K(7680K)] 10452K->3797K(24576K), 0.0002850 secs] [Times: user=0.00 sys=0.00, real=0.00 secs] 
143.819: Total time for which application threads were stopped: 0.0003780 seconds, Stopping threads took: 0.0000450 seconds
143.849: Application time: 0.0301050 seconds
143.849: [GC [PSYoungGen: 6654K->0K(7680K)] 10452K->3797K(24576K), 0.0002870 secs] [Times: user=0.00 sys=0.00, real=0.00 secs] 
143.850: Total time for which application threads were stopped: 0.0003820 seconds, Stopping threads took: 0.0000470 seconds
143.880: Application time: 0.0302330 seconds
143.880: [GC [PSYoungGen: 6654K->0K(7680K)] 10452K->3797K(24576K), 0.0003170 secs] [Times: user=0.00 sys=0.00, real=0.00 secs] 
143.880: Total time for which application threads were stopped: 0.0004090 seconds, Stopping threads took: 0.0000440 seconds
143.911: Application time: 0.0302390 seconds
143.911: [GC [PSYoungGen: 6654K->0K(7680K)] 10452K->3797K(24576K), 0.0002980 secs] [Times: user=0.01 sys=0.00, real=0.00 secs] 
143.911: Total time for which application threads were stopped: 0.0003920 seconds, Stopping threads took: 0.0000450 seconds
143.941: Application time: 0.0302240 seconds
143.941: [GC [PSYoungGen: 6654K->0K(7680K)] 10452K->3797K(24576K), 0.0002790 secs] [Times: user=0.00 sys=0.00, real=0.00 secs] 
143.942: Total time for which application threads were stopped: 0.0003780 seconds, Stopping threads took: 0.0000540 seconds
143.972: Application time: 0.0302870 seconds
143.972: [GC [PSYoungGen: 6654K->0K(7680K)] 10452K->3797K(24576K), 0.0002890 secs] [Times: user=0.00 sys=0.00, real=0.00 secs] 
143.972: Total time for which application threads were stopped: 0.0003720 seconds, Stopping threads took: 0.0000370 seconds
144.002: Application time: 0.0302550 seconds
144.003: [GC [PSYoungGen: 6654K->0K(7680K)] 10452K->3797K(24576K), 0.0002990 secs] [Times: user=0.00 sys=0.00, real=0.00 secs] 
144.003: Total time for which application threads were stopped: 0.0004030 seconds, Stopping threads took: 0.0000540 seconds
144.033: Application time: 0.0304620 seconds
144.033: [GC [PSYoungGen: 6654K->0K(7680K)] 10452K->3797K(24576K), 0.0003090 secs] [Times: user=0.00 sys=0.00, real=0.00 secs] 
144.034: Total time for which application threads were stopped: 0.0004000 seconds, Stopping threads took: 0.0000420 seconds
144.064: Application time: 0.0306680 seconds
144.064: [GC [PSYoungGen: 6654K->0K(7680K)] 10452K->3797K(24576K), 0.0003170 secs] [Times: user=0.01 sys=0.00, real=0.00 secs] 
144.065: Total time for which application threads were stopped: 0.0004100 seconds, Stopping threads took: 0.0000430 seconds
144.095: Application time: 0.0302750 seconds
144.095: [GC [PSYoungGen: 6654K->0K(7680K)] 10452K->3797K(24576K), 0.0003680 secs] [Times: user=0.00 sys=0.00, real=0.00 secs] 
144.096: Total time for which application threads were stopped: 0.0004670 seconds, Stopping threads took: 0.0000490 seconds
144.126: Application time: 0.0302720 seconds
144.126: [GC [PSYoungGen: 6654K->0K(7680K)] 10452K->3797K(24576K), 0.0003160 secs] [Times: user=0.00 sys=0.00, real=0.00 secs] 
144.126: Total time for which application threads were stopped: 0.0004190 seconds, Stopping threads took: 0.0000470 seconds
144.156: Application time: 0.0302670 seconds
144.157: [GC [PSYoungGen: 6654K->0K(7680K)] 10452K->3797K(24576K), 0.0003260 secs] [Times: user=0.00 sys=0.00, real=0.00 secs] 
144.157: Total time for which application threads were stopped: 0.0004110 seconds, Stopping threads took: 0.0000380 seconds
144.187: Application time: 0.0302380 seconds
144.187: [GC [PSYoungGen: 6654K->0K(7680K)] 10452K->3797K(24576K), 0.0002760 secs] [Times: user=0.00 sys=0.00, real=0.00 secs] 
144.188: Total time for which application threads were stopped: 0.0003640 seconds, Stopping threads took: 0.0000420 seconds
144.218: Application time: 0.0306210 seconds
144.218: [GC [PSYoungGen: 6654K->0K(7680K)] 10451K->3797K(24576K), 0.0002840 secs] [Times: user=0.00 sys=0.00, real=0.00 secs] 
144.219: Total time for which application threads were stopped: 0.0003770 seconds, Stopping threads took: 0.0000470 seconds
144.249: Application time: 0.0304030 seconds
144.249: [GC [PSYoungGen: 6654K->0K(7680K)] 10452K->3797K(24576K), 0.0002730 secs] [Times: user=0.00 sys=0.00, real=0.00 secs] 
144.249: Total time for which application threads were stopped: 0.0003720 seconds, Stopping threads took: 0.0000530 seconds
144.280: Application time: 0.0303360 seconds
144.280: [GC [PSYoungGen: 6652K->0K(7680K)] 10449K->3797K(24576K), 0.0003210 secs] [Times: user=0.01 sys=0.00, real=0.00 secs] 
144.280: Total time for which application threads were stopped: 0.0004070 seconds, Stopping threads took: 0.0000390 seconds
144.310: Application time: 0.0302790 seconds
144.310: [GC [PSYoungGen: 6652K->0K(7680K)] 10449K->3797K(24576K), 0.0003180 secs] [Times: user=0.00 sys=0.00, real=0.00 secs] 
144.311: Total time for which application threads were stopped: 0.0004180 seconds, Stopping threads took: 0.0000530 seconds
144.340: Application time: 0.0288200 seconds
144.343: [GC [PSYoungGen: 6652K->288K(7680K)] 10449K->4085K(24576K), 0.0003500 secs] [Times: user=0.01 sys=0.00, real=0.00 secs] 
144.343: Total time for which application threads were stopped: 0.0036080 seconds, Stopping threads took: 0.0032110 seconds
144.364: Application time: 0.0209280 seconds
144.364: [GC [PSYoungGen: 6940K->384K(7680K)] 10738K->4181K(24576K), 0.0003180 secs] [Times: user=0.00 sys=0.00, real=0.00 secs] 
144.365: Total time for which application threads were stopped: 0.0004100 seconds, Stopping threads took: 0.0000410 seconds
144.385: Application time: 0.0205560 seconds
144.385: [GC [PSYoungGen: 7039K->512K(7680K)] 10836K->4309K(24576K), 0.0003420 secs] [Times: user=0.00 sys=0.00, real=0.00 secs] 
144.385: Total time for which application threads were stopped: 0.0004290 seconds, Stopping threads took: 0.0000390 seconds
144.405: Application time: 0.0193410 seconds
144.405: [GC [PSYoungGen: 7167K->512K(7680K)] 10964K->4309K(24576K), 0.0003320 secs] [Times: user=0.00 sys=0.00, real=0.00 secs] 
144.405: Total time for which application threads were stopped: 0.0004230 seconds, Stopping threads took: 0.0000410 seconds
144.426: Application time: 0.0209760 seconds
144.426: [GC [PSYoungGen: 7056K->544K(7680K)] 10854K->4341K(24576K), 0.0003400 secs] [Times: user=0.00 sys=0.00, real=0.00 secs] 
144.427: Total time for which application threads were stopped: 0.0004430 seconds, Stopping threads took: 0.0000510 seconds
144.455: Application time: 0.0284970 seconds
144.459: [GC [PSYoungGen: 7199K->512K(7680K)] 10997K->4309K(24576K), 0.0003960 secs] [Times: user=0.00 sys=0.00, real=0.00 secs] 
144.459: Total time for which application threads were stopped: 0.0040500 seconds, Stopping threads took: 0.0036020 seconds
144.489: Application time: 0.0297680 seconds
144.489: [GC [PSYoungGen: 7166K->512K(7680K)] 10963K->4309K(24576K), 0.0003300 secs] [Times: user=0.00 sys=0.00, real=0.00 secs] 
144.489: Total time for which application threads were stopped: 0.0004180 seconds, Stopping threads took: 0.0000400 seconds
144.518: Application time: 0.0290280 seconds
144.519: [GC [PSYoungGen: 7166K->512K(7680K)] 10963K->4309K(24576K), 0.0003720 secs] [Times: user=0.01 sys=0.00, real=0.01 secs] 
144.519: Total time for which application threads were stopped: 0.0004760 seconds, Stopping threads took: 0.0000490 seconds
144.549: Application time: 0.0301360 seconds
144.549: [GC [PSYoungGen: 7166K->480K(7680K)] 10963K->4277K(24576K), 0.0003360 secs] [Times: user=0.00 sys=0.00, real=0.00 secs] 
144.550: Total time for which application threads were stopped: 0.0004340 seconds, Stopping threads took: 0.0000450 seconds
144.580: Application time: 0.0305280 seconds
144.580: [GC [PSYoungGen: 7132K->512K(7680K)] 10929K->4309K(24576K), 0.0003570 secs] [Times: user=0.00 sys=0.00, real=0.00 secs] 
144.580: Total time for which application threads were stopped: 0.0004460 seconds, Stopping threads took: 0.0000410 seconds
144.611: Application time: 0.0302380 seconds
144.611: [GC [PSYoungGen: 7166K->480K(7680K)] 10964K->4277K(24576K), 0.0003120 secs] [Times: user=0.00 sys=0.00, real=0.00 secs] 
144.611: Total time for which application threads were stopped: 0.0004110 seconds, Stopping threads took: 0.0000510 seconds
144.642: Application time: 0.0303750 seconds
144.642: [GC [PSYoungGen: 7132K->640K(7680K)] 10929K->4437K(24576K), 0.0004110 secs] [Times: user=0.00 sys=0.00, real=0.00 secs] 
144.642: Total time for which application threads were stopped: 0.0005430 seconds, Stopping threads took: 0.0000520 seconds
144.672: Application time: 0.0300760 seconds
144.672: [GC [PSYoungGen: 7294K->480K(7680K)] 11091K->4277K(24576K), 0.0003620 secs] [Times: user=0.01 sys=0.00, real=0.00 secs] 
144.673: Total time for which application threads were stopped: 0.0004620 seconds, Stopping threads took: 0.0000430 seconds
144.703: Application time: 0.0301380 seconds
144.703: [GC [PSYoungGen: 7134K->480K(7680K)] 10931K->4277K(24576K), 0.0003400 secs] [Times: user=0.00 sys=0.00, real=0.00 secs] 
144.703: Total time for which application threads were stopped: 0.0004360 seconds, Stopping threads took: 0.0000440 seconds
144.733: Application time: 0.0301170 seconds
144.733: [GC [PSYoungGen: 7132K->576K(7680K)] 10929K->4373K(24576K), 0.0004000 secs] [Times: user=0.00 sys=0.00, real=0.00 secs] 
144.734: Total time for which application threads were stopped: 0.0005060 seconds, Stopping threads took: 0.0000540 seconds
144.764: Application time: 0.0297590 seconds
144.767: [GC [PSYoungGen: 7231K->544K(7680K)] 11029K->4341K(24576K), 0.0003890 secs] [Times: user=0.00 sys=0.00, real=0.00 secs] 
144.767: Total time for which application threads were stopped: 0.0036530 seconds, Stopping threads took: 0.0032130 seconds
144.786: Application time: 0.0189600 seconds
144.786: [GC [PSYoungGen: 7196K->896K(7680K)] 10993K->4693K(24576K), 0.0003810 secs] [Times: user=0.00 sys=0.00, real=0.00 secs] 
144.787: Total time for which application threads were stopped: 0.0004890 seconds, Stopping threads took: 0.0000550 seconds
144.804: Application time: 0.0174530 seconds
144.804: [GC [PSYoungGen: 7548K->992K(7680K)] 11346K->4789K(24576K), 0.0004310 secs] [Times: user=0.00 sys=0.00, real=0.00 secs] 
144.805: Total time for which application threads were stopped: 0.0005240 seconds, Stopping threads took: 0.0000380 seconds
144.822: Application time: 0.0169760 seconds
144.822: [GC [PSYoungGen: 7646K->960K(7680K)] 11444K->4757K(24576K), 0.0003960 secs] [Times: user=0.00 sys=0.00, real=0.00 secs] 
144.822: Total time for which application threads were stopped: 0.0005000 seconds, Stopping threads took: 0.0000500 seconds
144.837: Application time: 0.0148390 seconds
144.837: [GC [PSYoungGen: 7613K->992K(7680K)] 11410K->4969K(24576K), 0.0005350 secs] [Times: user=0.00 sys=0.00, real=0.00 secs] 
144.838: Total time for which application threads were stopped: 0.0006340 seconds, Stopping threads took: 0.0000450 seconds
144.856: Application time: 0.0187780 seconds
144.856: [GC [PSYoungGen: 7645K->992K(7680K)] 11623K->5209K(24576K), 0.0004550 secs] [Times: user=0.00 sys=0.00, real=0.00 secs] 
144.857: Total time for which application threads were stopped: 0.0005450 seconds, Stopping threads took: 0.0000360 seconds
144.874: Application time: 0.0169460 seconds
144.874: [GC [PSYoungGen: 7646K->1008K(7680K)] 11864K->5409K(24576K), 0.0005290 secs] [Times: user=0.00 sys=0.00, real=0.00 secs] 
144.875: Total time for which application threads were stopped: 0.0006380 seconds, Stopping threads took: 0.0000540 seconds
144.888: Application time: 0.0134300 seconds
144.888: [GC [PSYoungGen: 7663K->1008K(7680K)] 12064K->5974K(24576K), 0.0005940 secs] [Times: user=0.00 sys=0.00, real=0.00 secs] 
144.889: Total time for which application threads were stopped: 0.0007000 seconds, Stopping threads took: 0.0000510 seconds
144.904: Application time: 0.0157290 seconds
144.904: [GC [PSYoungGen: 7660K->1008K(7680K)] 12626K->6462K(24576K), 0.0006470 secs] [Times: user=0.01 sys=0.00, real=0.00 secs] 
144.905: Total time for which application threads were stopped: 0.0007590 seconds, Stopping threads took: 0.0000540 seconds
144.921: Application time: 0.0161490 seconds
144.921: [GC [PSYoungGen: 7661K->1008K(7680K)] 13115K->6671K(24576K), 0.0004730 secs] [Times: user=0.01 sys=0.00, real=0.00 secs] 
144.922: Total time for which application threads were stopped: 0.0005800 seconds, Stopping threads took: 0.0000490 seconds
144.941: Application time: 0.0190530 seconds
144.941: [GC [PSYoungGen: 7660K->1008K(7680K)] 13323K->6891K(24576K), 0.0004740 secs] [Times: user=0.00 sys=0.00, real=0.00 secs] 
144.942: Total time for which application threads were stopped: 0.0005870 seconds, Stopping threads took: 0.0000470 seconds
144.965: Application time: 0.0235110 seconds
144.965: [GC [PSYoungGen: 7660K->1008K(7680K)] 13544K->7135K(24576K), 0.0004990 secs] [Times: user=0.00 sys=0.00, real=0.00 secs] 
144.966: Total time for which application threads were stopped: 0.0006070 seconds, Stopping threads took: 0.0000530 seconds
144.993: Application time: 0.0271710 seconds
144.993: [GC [PSYoungGen: 7660K->1008K(7680K)] 13787K->7319K(24576K), 0.0004540 secs] [Times: user=0.00 sys=0.00, real=0.00 secs] 
144.993: Total time for which application threads were stopped: 0.0005570 seconds, Stopping threads took: 0.0000460 seconds
145.021: Application time: 0.0274150 seconds
145.021: [GC [PSYoungGen: 7660K->1008K(7680K)] 13971K->7540K(24576K), 0.0004580 secs] [Times: user=0.00 sys=0.00, real=0.00 secs] 
145.021: Total time for which application threads were stopped: 0.0005640 seconds, Stopping threads took: 0.0000500 seconds
145.050: Application time: 0.0286920 seconds
145.050: [GC [PSYoungGen: 7662K->992K(7680K)] 14195K->7532K(24576K), 0.0004300 secs] [Times: user=0.00 sys=0.00, real=0.00 secs] 
145.051: Total time for which application threads were stopped: 0.0005210 seconds, Stopping threads took: 0.0000390 seconds
145.079: Application time: 0.0286260 seconds
145.083: [GC [PSYoungGen: 7646K->992K(7680K)] 14187K->7556K(24576K), 0.0003930 secs] [Times: user=0.00 sys=0.00, real=0.00 secs] 
145.083: Total time for which application threads were stopped: 0.0040360 seconds, Stopping threads took: 0.0035890 seconds
145.112: Application time: 0.0286450 seconds
145.112: [GC [PSYoungGen: 7646K->1008K(7680K)] 14211K->7600K(24576K), 0.0004150 secs] [Times: user=0.00 sys=0.00, real=0.00 secs] 
145.112: Total time for which application threads were stopped: 0.0005210 seconds, Stopping threads took: 0.0000500 seconds
145.141: Application time: 0.0286800 seconds
145.141: [GC [PSYoungGen: 7662K->992K(7680K)] 14255K->7592K(24576K), 0.0004040 secs] [Times: user=0.00 sys=0.00, real=0.00 secs] 
145.142: Total time for which application threads were stopped: 0.0005070 seconds, Stopping threads took: 0.0000500 seconds
145.170: Application time: 0.0288100 seconds
145.170: [GC [PSYoungGen: 7646K->960K(7680K)] 14247K->7576K(24576K), 0.0003920 secs] [Times: user=0.00 sys=0.00, real=0.00 secs] 
145.171: Total time for which application threads were stopped: 0.0005030 seconds, Stopping threads took: 0.0000480 seconds
145.200: Application time: 0.0286110 seconds
145.200: [GC [PSYoungGen: 7614K->944K(7680K)] 14231K->7624K(24576K), 0.0004010 secs] [Times: user=0.00 sys=0.00, real=0.00 secs] 
145.200: Total time for which application threads were stopped: 0.0005080 seconds, Stopping threads took: 0.0000550 seconds
145.226: Application time: 0.0262520 seconds
145.226: [GC [PSYoungGen: 7596K->992K(7680K)] 14277K->7984K(24576K), 0.0004690 secs] [Times: user=0.00 sys=0.00, real=0.01 secs] 
145.227: Total time for which application threads were stopped: 0.0005640 seconds, Stopping threads took: 0.0000410 seconds
145.255: Application time: 0.0277940 seconds
145.255: [GC [PSYoungGen: 7644K->992K(7680K)] 14636K->8016K(24576K), 0.0004900 secs] [Times: user=0.00 sys=0.00, real=0.00 secs] 
145.255: Total time for which application threads were stopped: 0.0005910 seconds, Stopping threads took: 0.0000460 seconds
145.282: Application time: 0.0263780 seconds
145.282: [GC [PSYoungGen: 7645K->1008K(7680K)] 14670K->8285K(24576K), 0.0005170 secs] [Times: user=0.00 sys=0.00, real=0.00 secs] 
145.282: Total time for which application threads were stopped: 0.0006280 seconds, Stopping threads took: 0.0000570 seconds
145.310: Application time: 0.0275240 seconds
145.310: [GC [PSYoungGen: 7662K->992K(7680K)] 14939K->8502K(24576K), 0.0005350 secs] [Times: user=0.01 sys=0.00, real=0.00 secs] 
145.310: Total time for which application threads were stopped: 0.0006360 seconds, Stopping threads took: 0.0000450 seconds
145.338: Application time: 0.0273570 seconds
145.338: [GC [PSYoungGen: 7646K->992K(7680K)] 15156K->8678K(24576K), 0.0004650 secs] [Times: user=0.01 sys=0.00, real=0.00 secs] 
145.338: Total time for which application threads were stopped: 0.0005770 seconds, Stopping threads took: 0.0000540 seconds
145.367: Application time: 0.0287090 seconds
145.367: [GC [PSYoungGen: 7644K->992K(7680K)] 15330K->8710K(24576K), 0.0004220 secs] [Times: user=0.00 sys=0.00, real=0.00 secs] 
145.368: Total time for which application threads were stopped: 0.0005340 seconds, Stopping threads took: 0.0000570 seconds
145.397: Application time: 0.0296350 seconds
145.397: [GC [PSYoungGen: 7644K->928K(7680K)] 15362K->8695K(24576K), 0.0004780 secs] [Times: user=0.00 sys=0.00, real=0.00 secs] 
145.398: Total time for which application threads were stopped: 0.0005940 seconds, Stopping threads took: 0.0000600 seconds
145.427: Application time: 0.0296030 seconds
145.428: [GC [PSYoungGen: 7582K->960K(7680K)] 15350K->8772K(24576K), 0.0004460 secs] [Times: user=0.00 sys=0.00, real=0.00 secs] 
145.428: Total time for which application threads were stopped: 0.0005520 seconds, Stopping threads took: 0.0000520 seconds
145.458: Application time: 0.0298140 seconds
145.458: [GC [PSYoungGen: 7614K->960K(7680K)] 15426K->8788K(24576K), 0.0003760 secs] [Times: user=0.00 sys=0.00, real=0.00 secs] 
145.458: Total time for which application threads were stopped: 0.0004850 seconds, Stopping threads took: 0.0000540 seconds
145.488: Application time: 0.0301260 seconds
145.488: [GC [PSYoungGen: 7612K->960K(7680K)] 15440K->8788K(24576K), 0.0003710 secs] [Times: user=0.00 sys=0.00, real=0.00 secs] 
145.489: Total time for which application threads were stopped: 0.0004870 seconds, Stopping threads took: 0.0000640 seconds
145.519: Application time: 0.0296490 seconds
145.519: [GC [PSYoungGen: 7614K->960K(7680K)] 15442K->8788K(24576K), 0.0004640 secs] [Times: user=0.01 sys=0.00, real=0.01 secs] 
145.519: Total time for which application threads were stopped: 0.0005780 seconds, Stopping threads took: 0.0000600 seconds
145.549: Application time: 0.0301830 seconds
145.549: [GC [PSYoungGen: 7612K->928K(7680K)] 15440K->8756K(24576K), 0.0003770 secs] [Times: user=0.01 sys=0.00, real=0.00 secs] 
145.550: Total time for which application threads were stopped: 0.0004870 seconds, Stopping threads took: 0.0000550 seconds
145.579: Application time: 0.0296570 seconds
145.580: [GC [PSYoungGen: 7582K->928K(7680K)] 15410K->8756K(24576K), 0.0003720 secs] [Times: user=0.00 sys=0.00, real=0.00 secs] 
145.580: Total time for which application threads were stopped: 0.0004700 seconds, Stopping threads took: 0.0000440 seconds
145.610: Application time: 0.0298490 seconds
145.610: [GC [PSYoungGen: 7582K->960K(7680K)] 15410K->8788K(24576K), 0.0003680 secs] [Times: user=0.00 sys=0.00, real=0.00 secs] 
145.610: Total time for which application threads were stopped: 0.0004700 seconds, Stopping threads took: 0.0000490 seconds
145.640: Application time: 0.0300570 seconds
145.640: [GC [PSYoungGen: 7614K->896K(7680K)] 15442K->8724K(24576K), 0.0004350 secs] [Times: user=0.00 sys=0.00, real=0.00 secs] 
145.641: Total time for which application threads were stopped: 0.0005580 seconds, Stopping threads took: 0.0000600 seconds
145.671: Application time: 0.0299310 seconds
145.671: [GC [PSYoungGen: 7548K->768K(7680K)] 15376K->8776K(24576K), 0.0004400 secs] [Times: user=0.00 sys=0.00, real=0.00 secs] 
145.671: Total time for which application threads were stopped: 0.0005550 seconds, Stopping threads took: 0.0000470 seconds
145.701: Application time: 0.0296790 seconds
145.701: [GC [PSYoungGen: 7420K->768K(7680K)] 15428K->8816K(24576K), 0.0004060 secs] [Times: user=0.00 sys=0.00, real=0.00 secs] 
145.702: Total time for which application threads were stopped: 0.0005170 seconds, Stopping threads took: 0.0000540 seconds
145.731: Application time: 0.0296460 seconds
145.731: [GC [PSYoungGen: 7422K->544K(7680K)] 15471K->8821K(24576K), 0.0003660 secs] [Times: user=0.00 sys=0.00, real=0.00 secs] 
145.732: Total time for which application threads were stopped: 0.0004700 seconds, Stopping threads took: 0.0000420 seconds
145.761: Application time: 0.0297970 seconds
145.762: [GC [PSYoungGen: 7196K->384K(7680K)] 15473K->8893K(24576K), 0.0003530 secs] [Times: user=0.00 sys=0.00, real=0.00 secs] 
145.762: Total time for which application threads were stopped: 0.0004590 seconds, Stopping threads took: 0.0000540 seconds
145.792: Application time: 0.0298650 seconds
145.792: [GC [PSYoungGen: 7038K->384K(7680K)] 15547K->8989K(24576K), 0.0003290 secs] [Times: user=0.00 sys=0.00, real=0.00 secs] 
145.792: Total time for which application threads were stopped: 0.0004230 seconds, Stopping threads took: 0.0000450 seconds
145.822: Application time: 0.0296560 seconds
145.822: [GC [PSYoungGen: 7038K->0K(7680K)] 15643K->8837K(24576K), 0.0003460 secs] [Times: user=0.00 sys=0.00, real=0.00 secs] 
145.822: Total time for which application threads were stopped: 0.0004380 seconds, Stopping threads took: 0.0000420 seconds
145.852: Application time: 0.0296910 seconds
145.852: [GC [PSYoungGen: 6654K->0K(7680K)] 15491K->8837K(24576K), 0.0003560 secs] [Times: user=0.00 sys=0.00, real=0.00 secs] 
145.854: Total time for which application threads were stopped: 0.0016080 seconds, Stopping threads took: 0.0000540 seconds
145.883: Application time: 0.0296510 seconds
145.887: [GC [PSYoungGen: 6654K->0K(7680K)] 15491K->8837K(24576K), 0.0003110 secs] [Times: user=0.00 sys=0.00, real=0.00 secs] 
145.887: Total time for which application threads were stopped: 0.0038990 seconds, Stopping threads took: 0.0035370 seconds
145.917: Application time: 0.0298970 seconds
145.917: [GC [PSYoungGen: 6652K->0K(7680K)] 15489K->8837K(24576K), 0.0003120 secs] [Times: user=0.00 sys=0.00, real=0.00 secs] 
145.918: Total time for which application threads were stopped: 0.0004500 seconds, Stopping threads took: 0.0000870 seconds
145.947: Application time: 0.0295760 seconds
145.947: [GC [PSYoungGen: 6654K->0K(7680K)] 15491K->8837K(24576K), 0.0003120 secs] [Times: user=0.00 sys=0.00, real=0.00 secs] 
145.948: Total time for which application threads were stopped: 0.0004090 seconds, Stopping threads took: 0.0000480 seconds
145.977: Application time: 0.0295380 seconds
145.979: [GC [PSYoungGen: 6654K->0K(7680K)] 15491K->8837K(24576K), 0.0003070 secs] [Times: user=0.00 sys=0.00, real=0.00 secs] 
145.979: Total time for which application threads were stopped: 0.0020900 seconds, Stopping threads took: 0.0017330 seconds
146.009: Application time: 0.0294880 seconds
146.009: [GC [PSYoungGen: 6654K->0K(7680K)] 15491K->8837K(24576K), 0.0003090 secs] [Times: user=0.00 sys=0.00, real=0.00 secs] 
146.009: Total time for which application threads were stopped: 0.0004180 seconds, Stopping threads took: 0.0000580 seconds
146.038: Application time: 0.0293570 seconds
146.038: [GC [PSYoungGen: 6654K->0K(7680K)] 15491K->8837K(24576K), 0.0003010 secs] [Times: user=0.01 sys=0.00, real=0.01 secs] 
146.039: Total time for which application threads were stopped: 0.0004040 seconds, Stopping threads took: 0.0000500 seconds
146.068: Application time: 0.0296160 seconds
146.069: [GC [PSYoungGen: 6652K->0K(7680K)] 15489K->8837K(24576K), 0.0003270 secs] [Times: user=0.00 sys=0.00, real=0.00 secs] 
146.069: Total time for which application threads were stopped: 0.0004400 seconds, Stopping threads took: 0.0000620 seconds
146.092: Application time: 0.0234740 seconds
146.092: [GC [PSYoungGen: 6534K->192K(7680K)] 15372K->9029K(24576K), 0.0003500 secs] [Times: user=0.00 sys=0.00, real=0.00 secs] 
146.093: Total time for which application threads were stopped: 0.0004480 seconds, Stopping threads took: 0.0000500 seconds
146.113: Application time: 0.0206280 seconds
146.113: [GC [PSYoungGen: 6844K->256K(7680K)] 15682K->9093K(24576K), 0.0003580 secs] [Times: user=0.00 sys=0.00, real=0.00 secs] 
146.114: Total time for which application threads were stopped: 0.0004470 seconds, Stopping threads took: 0.0000390 seconds
146.134: Application time: 0.0197320 seconds
146.134: [GC [PSYoungGen: 6907K->672K(7680K)] 15745K->9509K(24576K), 0.0003760 secs] [Times: user=0.00 sys=0.00, real=0.00 secs] 
146.134: Total time for which application threads were stopped: 0.0004890 seconds, Stopping threads took: 0.0000540 seconds
146.154: Application time: 0.0204000 seconds
146.155: [GC [PSYoungGen: 7324K->544K(7680K)] 16162K->9381K(24576K), 0.0003560 secs] [Times: user=0.00 sys=0.01, real=0.00 secs] 
146.155: Total time for which application threads were stopped: 0.0004530 seconds, Stopping threads took: 0.0000480 seconds
146.177: Application time: 0.0223610 seconds
146.177: [GC [PSYoungGen: 7200K->512K(7680K)] 16037K->9349K(24576K), 0.0003560 secs] [Times: user=0.00 sys=0.00, real=0.00 secs] 
146.178: Total time for which application threads were stopped: 0.0004620 seconds, Stopping threads took: 0.0000480 seconds
146.206: Application time: 0.0277790 seconds
146.206: [GC [PSYoungGen: 7166K->512K(7680K)] 16003K->9349K(24576K), 0.0003530 secs] [Times: user=0.01 sys=0.00, real=0.00 secs] 
146.206: Total time for which application threads were stopped: 0.0004480 seconds, Stopping threads took: 0.0000450 seconds
146.234: Application time: 0.0284250 seconds
146.235: [GC [PSYoungGen: 7159K->416K(7680K)] 15996K->9253K(24576K), 0.0003530 secs] [Times: user=0.00 sys=0.00, real=0.00 secs] 
146.235: Total time for which application threads were stopped: 0.0004550 seconds, Stopping threads took: 0.0000510 seconds
146.263: Application time: 0.0285560 seconds
146.264: [GC [PSYoungGen: 7069K->544K(7680K)] 15907K->9381K(24576K), 0.0003300 secs] [Times: user=0.00 sys=0.00, real=0.00 secs] 
146.264: Total time for which application threads were stopped: 0.0004330 seconds, Stopping threads took: 0.0000520 seconds
146.293: Application time: 0.0292550 seconds
146.293: [GC [PSYoungGen: 7198K->544K(7680K)] 16035K->9381K(24576K), 0.0003360 secs] [Times: user=0.00 sys=0.00, real=0.00 secs] 
146.294: Total time for which application threads were stopped: 0.0004300 seconds, Stopping threads took: 0.0000430 seconds
146.323: Application time: 0.0292940 seconds
146.327: [GC [PSYoungGen: 7198K->480K(7680K)] 16035K->9317K(24576K), 0.0003920 secs] [Times: user=0.00 sys=0.00, real=0.00 secs] 
146.327: Total time for which application threads were stopped: 0.0043640 seconds, Stopping threads took: 0.0039200 seconds
146.356: Application time: 0.0292550 seconds
146.357: [GC [PSYoungGen: 7134K->512K(7680K)] 15971K->9349K(24576K), 0.0003330 secs] [Times: user=0.00 sys=0.00, real=0.00 secs] 
146.357: Total time for which application threads were stopped: 0.0004490 seconds, Stopping threads took: 0.0000640 seconds
146.386: Application time: 0.0291740 seconds
146.386: [GC [PSYoungGen: 7166K->640K(7680K)] 16003K->9477K(24576K), 0.0003400 secs] [Times: user=0.00 sys=0.00, real=0.00 secs] 
146.387: Total time for which application threads were stopped: 0.0004440 seconds, Stopping threads took: 0.0000550 seconds
146.416: Application time: 0.0292310 seconds
146.416: [GC [PSYoungGen: 7294K->448K(7680K)] 16131K->9285K(24576K), 0.0004290 secs] [Times: user=0.00 sys=0.00, real=0.00 secs] 
146.416: Total time for which application threads were stopped: 0.0005240 seconds, Stopping threads took: 0.0000470 seconds
146.445: Application time: 0.0291690 seconds
146.446: [GC [PSYoungGen: 7102K->480K(7680K)] 15939K->9317K(24576K), 0.0003760 secs] [Times: user=0.00 sys=0.00, real=0.00 secs] 
146.446: Total time for which application threads were stopped: 0.0004770 seconds, Stopping threads took: 0.0000520 seconds
146.475: Application time: 0.0290840 seconds
146.475: [GC [PSYoungGen: 7134K->512K(7680K)] 15971K->9349K(24576K), 0.0003510 secs] [Times: user=0.00 sys=0.00, real=0.00 secs] 
146.475: Total time for which application threads were stopped: 0.0004410 seconds, Stopping threads took: 0.0000400 seconds
146.504: Application time: 0.0289840 seconds
146.505: [GC [PSYoungGen: 7166K->512K(7680K)] 16003K->9349K(24576K), 0.0003340 secs] [Times: user=0.01 sys=0.00, real=0.00 secs] 
146.505: Total time for which application threads were stopped: 0.0004220 seconds, Stopping threads took: 0.0000370 seconds
146.529: Application time: 0.0237040 seconds
146.529: [GC [PSYoungGen: 7164K->768K(7680K)] 16001K->9605K(24576K), 0.0003970 secs] [Times: user=0.00 sys=0.00, real=0.00 secs] 
146.529: Total time for which application threads were stopped: 0.0005020 seconds, Stopping threads took: 0.0000470 seconds
146.547: Application time: 0.0175420 seconds
146.547: [GC [PSYoungGen: 7421K->960K(7680K)] 16258K->9797K(24576K), 0.0004280 secs] [Times: user=0.00 sys=0.00, real=0.01 secs] 
146.547: Total time for which application threads were stopped: 0.0005240 seconds, Stopping threads took: 0.0000410 seconds
146.564: Application time: 0.0166070 seconds
146.564: [GC [PSYoungGen: 7613K->992K(7680K)] 16450K->9837K(24576K), 0.0004160 secs] [Times: user=0.01 sys=0.00, real=0.00 secs] 
146.564: Total time for which application threads were stopped: 0.0005140 seconds, Stopping threads took: 0.0000460 seconds
146.582: Application time: 0.0174880 seconds
146.582: [GC [PSYoungGen: 7644K->928K(7680K)] 16489K->10029K(24576K), 0.0004990 secs] [Times: user=0.01 sys=0.00, real=0.00 secs] 
146.582: Total time for which application threads were stopped: 0.0006010 seconds, Stopping threads took: 0.0000480 seconds
146.595: Application time: 0.0126060 seconds
146.595: [GC [PSYoungGen: 7581K->992K(7680K)] 16682K->10237K(24576K), 0.0004660 secs] [Times: user=0.00 sys=0.00, real=0.00 secs] 
146.596: Total time for which application threads were stopped: 0.0005790 seconds, Stopping threads took: 0.0000580 seconds
146.611: Application time: 0.0154470 seconds
146.611: [GC [PSYoungGen: 7646K->1008K(7680K)] 16891K->10381K(24576K), 0.0004710 secs] [Times: user=0.00 sys=0.00, real=0.00 secs] 
146.612: Total time for which application threads were stopped: 0.0005780 seconds, Stopping threads took: 0.0000550 seconds
146.629: Application time: 0.0177050 seconds
146.629: [GC [PSYoungGen: 7651K->976K(7680K)] 17024K->10349K(24576K), 0.0004770 secs] [Times: user=0.00 sys=0.00, real=0.00 secs] 
146.630: Total time for which application threads were stopped: 0.0005950 seconds, Stopping threads took: 0.0000600 seconds
146.648: Application time: 0.0179160 seconds
146.648: [GC [PSYoungGen: 7629K->992K(7680K)] 17002K->10889K(24576K), 0.0006080 secs] [Times: user=0.00 sys=0.00, real=0.00 secs] 
146.649: Total time for which application threads were stopped: 0.0007230 seconds, Stopping threads took: 0.0000600 seconds
146.664: Application time: 0.0152760 seconds
146.664: [GC [PSYoungGen: 7647K->1008K(7680K)] 17544K->10969K(24576K), 0.0004580 secs] [Times: user=0.00 sys=0.00, real=0.00 secs] 
146.664: Total time for which application threads were stopped: 0.0005570 seconds, Stopping threads took: 0.0000450 seconds
146.680: Application time: 0.0156870 seconds
146.680: [GC [PSYoungGen: 7662K->1008K(7680K)] 17624K->11222K(24576K), 0.0004600 secs] [Times: user=0.00 sys=0.00, real=0.00 secs] 
146.681: Total time for which application threads were stopped: 0.0005660 seconds, Stopping threads took: 0.0000430 seconds
146.702: Application time: 0.0215240 seconds
146.702: [GC [PSYoungGen: 7661K->1008K(7680K)] 17875K->11614K(24576K), 0.0005220 secs] [Times: user=0.00 sys=0.00, real=0.00 secs] 
146.703: Total time for which application threads were stopped: 0.0006260 seconds, Stopping threads took: 0.0000490 seconds
146.731: Application time: 0.0280160 seconds
146.731: [GC [PSYoungGen: 7662K->960K(7680K)] 18268K->11694K(24576K), 0.0004880 secs] [Times: user=0.00 sys=0.00, real=0.00 secs] 
146.731: Total time for which application threads were stopped: 0.0005870 seconds, Stopping threads took: 0.0000470 seconds
146.758: Application time: 0.0266980 seconds
146.758: [GC [PSYoungGen: 7614K->1008K(7680K)] 18348K->11878K(24576K), 0.0004930 secs] [Times: user=0.00 sys=0.00, real=0.00 secs] 
146.759: Total time for which application threads were stopped: 0.0006000 seconds, Stopping threads took: 0.0000510 seconds
146.787: Application time: 0.0285180 seconds
146.787: [GC [PSYoungGen: 7662K->992K(7680K)] 18532K->11886K(24576K), 0.0004690 secs] [Times: user=0.00 sys=0.00, real=0.00 secs] 
146.788: Total time for which application threads were stopped: 0.0005720 seconds, Stopping threads took: 0.0000490 seconds
146.816: Application time: 0.0286370 seconds
146.817: [GC [PSYoungGen: 7644K->1008K(7680K)] 18538K->11902K(24576K), 0.0004590 secs] [Times: user=0.01 sys=0.00, real=0.00 secs] 
146.817: Total time for which application threads were stopped: 0.0005670 seconds, Stopping threads took: 0.0000540 seconds
146.846: Application time: 0.0287520 seconds
146.846: [GC [PSYoungGen: 7662K->992K(7680K)] 18556K->11910K(24576K), 0.0004170 secs] [Times: user=0.01 sys=0.00, real=0.00 secs] 
146.846: Total time for which application threads were stopped: 0.0005230 seconds, Stopping threads took: 0.0000520 seconds
146.875: Application time: 0.0285770 seconds
146.875: [GC [PSYoungGen: 7646K->1008K(7680K)] 18565K->11926K(24576K), 0.0004190 secs] [Times: user=0.00 sys=0.00, real=0.00 secs] 
146.875: Total time for which application threads were stopped: 0.0005110 seconds, Stopping threads took: 0.0000380 seconds
146.904: Application time: 0.0286260 seconds
146.904: [GC [PSYoungGen: 7662K->960K(7680K)] 18580K->11918K(24576K), 0.0004250 secs] [Times: user=0.00 sys=0.00, real=0.00 secs] 
146.905: Total time for which application threads were stopped: 0.0005380 seconds, Stopping threads took: 0.0000600 seconds
146.933: Application time: 0.0285410 seconds
146.933: [GC [PSYoungGen: 7614K->960K(7680K)] 18573K->11918K(24576K), 0.0004480 secs] [Times: user=0.00 sys=0.00, real=0.00 secs] 
146.934: Total time for which application threads were stopped: 0.0005450 seconds, Stopping threads took: 0.0000450 seconds
146.961: Application time: 0.0269010 seconds
146.961: [GC [PSYoungGen: 7614K->1008K(7680K)] 18572K->12022K(24576K), 0.0005010 secs] [Times: user=0.01 sys=0.00, real=0.00 secs] 
146.961: Total time for which application threads were stopped: 0.0006090 seconds, Stopping threads took: 0.0000510 seconds
146.989: Application time: 0.0276630 seconds
146.989: [GC [PSYoungGen: 7661K->992K(7680K)] 18676K->12234K(24576K), 0.0004840 secs] [Times: user=0.00 sys=0.00, real=0.00 secs] 
146.989: Total time for which application threads were stopped: 0.0005900 seconds, Stopping threads took: 0.0000520 seconds
147.015: Application time: 0.0255020 seconds
147.015: [GC [PSYoungGen: 7644K->992K(7680K)] 18887K->12607K(24576K), 0.0005450 secs] [Times: user=0.00 sys=0.00, real=0.00 secs] 
147.016: Total time for which application threads were stopped: 0.0006340 seconds, Stopping threads took: 0.0000370 seconds
147.044: Application time: 0.0282920 seconds
147.044: [GC [PSYoungGen: 7646K->960K(7680K)] 19261K->12887K(24576K), 0.0004820 secs] [Times: user=0.00 sys=0.00, real=0.00 secs] 
147.044: Total time for which application threads were stopped: 0.0005760 seconds, Stopping threads took: 0.0000390 seconds
147.072: Application time: 0.0274020 seconds
147.072: [GC [PSYoungGen: 7615K->992K(7680K)] 19542K->13007K(24576K), 0.0004630 secs] [Times: user=0.00 sys=0.00, real=0.00 secs] 
147.072: Total time for which application threads were stopped: 0.0005600 seconds, Stopping threads took: 0.0000390 seconds
147.100: Application time: 0.0277160 seconds
147.100: [GC [PSYoungGen: 7646K->992K(7680K)] 19661K->13079K(24576K), 0.0004480 secs] [Times: user=0.00 sys=0.00, real=0.00 secs] 
147.101: Total time for which application threads were stopped: 0.0005520 seconds, Stopping threads took: 0.0000500 seconds
147.130: Application time: 0.0295470 seconds
147.130: [GC [PSYoungGen: 7646K->992K(7680K)] 19734K->13131K(24576K), 0.0004590 secs] [Times: user=0.00 sys=0.00, real=0.00 secs] 
147.131: Total time for which application threads were stopped: 0.0005800 seconds, Stopping threads took: 0.0000550 seconds
147.160: Application time: 0.0295860 seconds
147.163: [GC [PSYoungGen: 7646K->992K(7680K)] 19786K->13131K(24576K), 0.0004110 secs] [Times: user=0.00 sys=0.00, real=0.00 secs] 
147.163: Total time for which application threads were stopped: 0.0028880 seconds, Stopping threads took: 0.0024250 seconds
147.193: Application time: 0.0294120 seconds
147.193: [GC [PSYoungGen: 7646K->960K(7680K)] 19786K->13115K(24576K), 0.0004810 secs] [Times: user=0.00 sys=0.00, real=0.00 secs] 
147.193: Total time for which application threads were stopped: 0.0006070 seconds, Stopping threads took: 0.0000550 seconds
147.223: Application time: 0.0295620 seconds
147.223: [GC [PSYoungGen: 7614K->992K(7680K)] 19770K->13147K(24576K), 0.0003910 secs] [Times: user=0.00 sys=0.00, real=0.00 secs] 
147.223: Total time for which application threads were stopped: 0.0004850 seconds, Stopping threads took: 0.0000410 seconds
147.253: Application time: 0.0296110 seconds
147.253: [GC [PSYoungGen: 7646K->928K(7680K)] 19802K->13083K(24576K), 0.0003730 secs] [Times: user=0.00 sys=0.00, real=0.00 secs] 
147.253: Total time for which application threads were stopped: 0.0004800 seconds, Stopping threads took: 0.0000530 seconds
147.283: Application time: 0.0298550 seconds
147.283: [GC [PSYoungGen: 7582K->960K(7680K)] 19738K->13115K(24576K), 0.0003880 secs] [Times: user=0.00 sys=0.00, real=0.00 secs] 
147.284: Total time for which application threads were stopped: 0.0004930 seconds, Stopping threads took: 0.0000520 seconds
147.313: Application time: 0.0295630 seconds
147.313: [GC [PSYoungGen: 7614K->928K(7680K)] 19770K->13083K(24576K), 0.0004430 secs] [Times: user=0.00 sys=0.00, real=0.00 secs] 
147.314: Total time for which application threads were stopped: 0.0005400 seconds, Stopping threads took: 0.0000440 seconds
147.344: Application time: 0.0298560 seconds
147.344: [GC [PSYoungGen: 7582K->992K(7680K)] 19738K->13147K(24576K), 0.0004580 secs] [Times: user=0.00 sys=0.00, real=0.00 secs] 
147.344: Total time for which application threads were stopped: 0.0005780 seconds, Stopping threads took: 0.0000670 seconds
147.374: Application time: 0.0297000 seconds
147.374: [GC [PSYoungGen: 7646K->960K(7680K)] 19802K->13115K(24576K), 0.0004030 secs] [Times: user=0.01 sys=0.00, real=0.00 secs] 
147.375: Total time for which application threads were stopped: 0.0005030 seconds, Stopping threads took: 0.0000470 seconds
147.404: Application time: 0.0294830 seconds
147.404: [GC [PSYoungGen: 7614K->832K(7680K)] 19770K->13216K(24576K), 0.0004190 secs] [Times: user=0.00 sys=0.00, real=0.00 secs] 
147.405: Total time for which application threads were stopped: 0.0005180 seconds, Stopping threads took: 0.0000480 seconds
147.434: Application time: 0.0297080 seconds
147.434: [GC [PSYoungGen: 7486K->736K(7680K)] 19871K->13120K(24576K), 0.0003550 secs] [Times: user=0.00 sys=0.00, real=0.00 secs] 
147.435: Total time for which application threads were stopped: 0.0004500 seconds, Stopping threads took: 0.0000430 seconds
147.465: Application time: 0.0298290 seconds
147.465: [GC [PSYoungGen: 7390K->672K(7680K)] 19775K->13181K(24576K), 0.0003900 secs] [Times: user=0.00 sys=0.00, real=0.00 secs] 
147.465: Total time for which application threads were stopped: 0.0004880 seconds, Stopping threads took: 0.0000460 seconds
147.495: Application time: 0.0295770 seconds
147.495: [GC [PSYoungGen: 7326K->512K(7680K)] 19835K->13233K(24576K), 0.0003810 secs] [Times: user=0.00 sys=0.00, real=0.00 secs] 
147.495: Total time for which application threads were stopped: 0.0004920 seconds, Stopping threads took: 0.0000560 seconds
147.525: Application time: 0.0297450 seconds
147.525: [GC [PSYoungGen: 7164K->480K(7680K)] 19885K->13209K(24576K), 0.0003660 secs] [Times: user=0.00 sys=0.00, real=0.00 secs] 
147.525: Total time for which application threads were stopped: 0.0004580 seconds, Stopping threads took: 0.0000400 seconds
147.555: Application time: 0.0296140 seconds
147.555: [GC [PSYoungGen: 7134K->0K(7680K)] 19864K->13130K(24576K), 0.0003920 secs] [Times: user=0.01 sys=0.00, real=0.00 secs] 
147.555: Total time for which application threads were stopped: 0.0004790 seconds, Stopping threads took: 0.0000380 seconds
147.585: Application time: 0.0296330 seconds
147.585: [GC [PSYoungGen: 6654K->0K(7680K)] 19785K->13130K(24576K), 0.0003090 secs] [Times: user=0.00 sys=0.00, real=0.00 secs] 
147.585: Total time for which application threads were stopped: 0.0003970 seconds, Stopping threads took: 0.0000400 seconds
147.615: Application time: 0.0296580 seconds
147.615: [GC [PSYoungGen: 6654K->0K(7680K)] 19785K->13130K(24576K), 0.0004410 secs] [Times: user=0.00 sys=0.00, real=0.00 secs] 
147.616: Total time for which application threads were stopped: 0.0005480 seconds, Stopping threads took: 0.0000500 seconds
147.645: Application time: 0.0298880 seconds
147.646: [GC [PSYoungGen: 6654K->0K(7680K)] 19785K->13130K(24576K), 0.0003100 secs] [Times: user=0.01 sys=0.00, real=0.00 secs] 
147.646: Total time for which application threads were stopped: 0.0004150 seconds, Stopping threads took: 0.0000490 seconds
147.675: Application time: 0.0294900 seconds
147.675: [GC [PSYoungGen: 6654K->0K(7680K)] 19785K->13130K(24576K), 0.0003360 secs] [Times: user=0.00 sys=0.00, real=0.00 secs] 
147.676: Total time for which application threads were stopped: 0.0004330 seconds, Stopping threads took: 0.0000470 seconds
147.705: Application time: 0.0294750 seconds
147.705: [GC [PSYoungGen: 6654K->0K(7680K)] 19785K->13130K(24576K), 0.0003000 secs] [Times: user=0.00 sys=0.00, real=0.00 secs] 
147.706: Total time for which application threads were stopped: 0.0003990 seconds, Stopping threads took: 0.0000430 seconds
147.735: Application time: 0.0295220 seconds
147.735: [GC [PSYoungGen: 6654K->0K(7680K)] 19785K->13130K(24576K), 0.0002950 secs] [Times: user=0.01 sys=0.00, real=0.00 secs] 
147.736: Total time for which application threads were stopped: 0.0004010 seconds, Stopping threads took: 0.0000570 seconds
147.765: Application time: 0.0294790 seconds
147.765: [GC [PSYoungGen: 6652K->0K(7680K)] 19782K->13130K(24576K), 0.0002860 secs] [Times: user=0.00 sys=0.00, real=0.00 secs] 
147.766: Total time for which application threads were stopped: 0.0003950 seconds, Stopping threads took: 0.0000600 seconds
147.795: Application time: 0.0293000 seconds
147.795: [GC [PSYoungGen: 6654K->0K(7680K)] 19785K->13130K(24576K), 0.0003500 secs] [Times: user=0.00 sys=0.00, real=0.00 secs] 
147.795: Total time for which application threads were stopped: 0.0004770 seconds, Stopping threads took: 0.0000790 seconds
147.821: Application time: 0.0254130 seconds
147.821: [GC [PSYoungGen: 6652K->352K(7680K)] 19782K->13482K(24576K), 0.0003400 secs] [Times: user=0.01 sys=0.00, real=0.00 secs] 
147.821: Total time for which application threads were stopped: 0.0004260 seconds, Stopping threads took: 0.0000360 seconds
147.842: Application time: 0.0205210 seconds
147.842: [GC [PSYoungGen: 7004K->416K(7680K)] 20135K->13546K(24576K), 0.0003210 secs] [Times: user=0.00 sys=0.00, real=0.00 secs] 
147.842: Total time for which application threads were stopped: 0.0004100 seconds, Stopping threads took: 0.0000410 seconds
147.858: Application time: 0.0160130 seconds
147.858: [GC [PSYoungGen: 7068K->544K(7680K)] 20199K->13674K(24576K), 0.0003420 secs] [Times: user=0.00 sys=0.00, real=0.00 secs] 
147.859: Total time for which application threads were stopped: 0.0004360 seconds, Stopping threads took: 0.0000420 seconds
147.879: Application time: 0.0208810 seconds
147.879: [GC [PSYoungGen: 7197K->480K(7680K)] 20327K->13610K(24576K), 0.0003370 secs] [Times: user=0.00 sys=0.00, real=0.00 secs] 
147.880: Total time for which application threads were stopped: 0.0004330 seconds, Stopping threads took: 0.0000440 seconds
147.904: Application time: 0.0237900 seconds
147.904: [GC [PSYoungGen: 7133K->544K(7680K)] 20264K->13674K(24576K), 0.0003500 secs] [Times: user=0.00 sys=0.00, real=0.00 secs] 
147.904: Total time for which application threads were stopped: 0.0004390 seconds, Stopping threads took: 0.0000420 seconds
147.932: Application time: 0.0277540 seconds
147.932: [GC [PSYoungGen: 7198K->544K(7680K)] 20328K->13674K(24576K), 0.0003470 secs] [Times: user=0.00 sys=0.00, real=0.00 secs] 
147.932: Total time for which application threads were stopped: 0.0004410 seconds, Stopping threads took: 0.0000440 seconds
147.960: Application time: 0.0281980 seconds
147.963: [GC [PSYoungGen: 7198K->544K(7680K)] 20328K->13674K(24576K), 0.0003500 secs] [Times: user=0.00 sys=0.00, real=0.00 secs] 
147.963: Total time for which application threads were stopped: 0.0027120 seconds, Stopping threads took: 0.0023130 seconds
147.993: Application time: 0.0297940 seconds
147.993: [GC [PSYoungGen: 7196K->704K(7680K)] 20326K->13834K(24576K), 0.0003790 secs] [Times: user=0.00 sys=0.00, real=0.00 secs] 
147.993: Total time for which application threads were stopped: 0.0004790 seconds, Stopping threads took: 0.0000500 seconds
148.023: Application time: 0.0292150 seconds
148.023: [GC [PSYoungGen: 7358K->512K(7680K)] 20489K->13642K(24576K), 0.0003240 secs] [Times: user=0.00 sys=0.00, real=0.00 secs] 
148.023: Total time for which application threads were stopped: 0.0004370 seconds, Stopping threads took: 0.0000560 seconds
148.052: Application time: 0.0292610 seconds
148.052: [GC [PSYoungGen: 7166K->512K(7680K)] 20297K->13642K(24576K), 0.0003320 secs] [Times: user=0.00 sys=0.00, real=0.00 secs] 
148.053: Total time for which application threads were stopped: 0.0004270 seconds, Stopping threads took: 0.0000460 seconds
148.082: Application time: 0.0293500 seconds
148.082: [GC [PSYoungGen: 7166K->512K(7680K)] 20297K->13642K(24576K), 0.0003320 secs] [Times: user=0.01 sys=0.00, real=0.00 secs] 
148.083: Total time for which application threads were stopped: 0.0004240 seconds, Stopping threads took: 0.0000430 seconds
148.112: Application time: 0.0293870 seconds
148.112: [GC [PSYoungGen: 7166K->512K(7680K)] 20297K->13642K(24576K), 0.0003330 secs] [Times: user=0.00 sys=0.00, real=0.00 secs] 
148.112: Total time for which application threads were stopped: 0.0004340 seconds, Stopping threads took: 0.0000480 seconds
148.142: Application time: 0.0292350 seconds
148.142: [GC [PSYoungGen: 7166K->512K(7680K)] 20297K->13642K(24576K), 0.0003260 secs] [Times: user=0.00 sys=0.00, real=0.00 secs] 
148.142: Total time for which application threads were stopped: 0.0004230 seconds, Stopping threads took: 0.0000480 seconds
148.171: Application time: 0.0292900 seconds
148.171: [GC [PSYoungGen: 7166K->480K(7680K)] 20297K->13610K(24576K), 0.0003790 secs] [Times: user=0.00 sys=0.00, real=0.00 secs] 
148.172: Total time for which application threads were stopped: 0.0004800 seconds, Stopping threads took: 0.0000520 seconds
148.201: Application time: 0.0291950 seconds
148.201: [GC [PSYoungGen: 7134K->512K(7680K)] 20265K->13642K(24576K), 0.0003570 secs] [Times: user=0.00 sys=0.00, real=0.00 secs] 
148.201: Total time for which application threads were stopped: 0.0004600 seconds, Stopping threads took: 0.0000530 seconds
148.231: Application time: 0.0290450 seconds
148.231: [GC [PSYoungGen: 7166K->576K(7680K)] 20297K->13706K(24576K), 0.0003540 secs] [Times: user=0.00 sys=0.00, real=0.00 secs] 
148.231: Total time for which application threads were stopped: 0.0004600 seconds, Stopping threads took: 0.0000470 seconds
148.253: Application time: 0.0222810 seconds
148.253: [GC [PSYoungGen: 7229K->832K(7680K)] 20360K->13962K(24576K), 0.0003980 secs] [Times: user=0.00 sys=0.00, real=0.00 secs] 
148.254: Total time for which application threads were stopped: 0.0004990 seconds, Stopping threads took: 0.0000480 seconds
148.272: Application time: 0.0185620 seconds
148.272: [GC [PSYoungGen: 7488K->800K(7680K)] 20618K->13930K(24576K), 0.0004790 secs] [Times: user=0.00 sys=0.00, real=0.00 secs] 
148.273: Total time for which application threads were stopped: 0.0005800 seconds, Stopping threads took: 0.0000460 seconds
148.288: Application time: 0.0151900 seconds
148.288: [GC [PSYoungGen: 7453K->992K(7680K)] 20584K->14122K(24576K), 0.0004100 secs] [Times: user=0.00 sys=0.00, real=0.00 secs] 
148.289: Total time for which application threads were stopped: 0.0005100 seconds, Stopping threads took: 0.0000450 seconds
148.307: Application time: 0.0188070 seconds
148.311: [GC [PSYoungGen: 7646K->992K(7680K)] 20777K->14274K(24576K), 0.0004930 secs] [Times: user=0.01 sys=0.00, real=0.00 secs] 
148.311: Total time for which application threads were stopped: 0.0038940 seconds, Stopping threads took: 0.0033450 seconds
148.326: Application time: 0.0145850 seconds
148.326: [GC [PSYoungGen: 7645K->992K(7680K)] 20927K->14674K(24576K), 0.0004940 secs] [Times: user=0.01 sys=0.00, real=0.00 secs] 
148.327: Total time for which application threads were stopped: 0.0006050 seconds, Stopping threads took: 0.0000490 seconds
148.342: Application time: 0.0158530 seconds
148.342: [GC [PSYoungGen: 7644K->992K(7680K)] 21327K->14690K(24576K), 0.0004570 secs] [Times: user=0.00 sys=0.00, real=0.00 secs] 
148.343: Total time for which application threads were stopped: 0.0005470 seconds, Stopping threads took: 0.0000330 seconds
148.360: Application time: 0.0170220 seconds
148.360: [GC [PSYoungGen: 7646K->1008K(7680K)] 21345K->14850K(24576K), 0.0004490 secs] [Times: user=0.00 sys=0.00, real=0.00 secs] 
148.361: Total time for which application threads were stopped: 0.0005490 seconds, Stopping threads took: 0.0000450 seconds
148.383: Application time: 0.0224450 seconds
148.383: [GC [PSYoungGen: 7660K->992K(7680K)] 21503K->15118K(24576K), 0.0005030 secs] [Times: user=0.00 sys=0.00, real=0.00 secs] 
148.384: Total time for which application threads were stopped: 0.0006100 seconds, Stopping threads took: 0.0000530 seconds
148.399: Application time: 0.0157060 seconds
148.399: [GC [PSYoungGen: 7647K->1008K(7680K)] 21773K->15366K(24576K), 0.0005100 secs] [Times: user=0.01 sys=0.00, real=0.00 secs] 
148.400: Total time for which application threads were stopped: 0.0006060 seconds, Stopping threads took: 0.0000420 seconds
148.416: Application time: 0.0157470 seconds
148.416: [GC [PSYoungGen: 7663K->992K(7680K)] 22021K->15703K(24576K), 0.0005500 secs] [Times: user=0.00 sys=0.00, real=0.00 secs] 
148.416: Total time for which application threads were stopped: 0.0006480 seconds, Stopping threads took: 0.0000440 seconds
148.433: Application time: 0.0171000 seconds
148.433: [GC [PSYoungGen: 7646K->1008K(7680K)] 22357K->16068K(24576K), 0.0005390 secs] [Times: user=0.00 sys=0.00, real=0.00 secs] 
148.434: Total time for which application threads were stopped: 0.0006490 seconds, Stopping threads took: 0.0000550 seconds
148.460: Application time: 0.0257970 seconds
148.460: [GC [PSYoungGen: 7662K->992K(7680K)] 22722K->16360K(24576K), 0.0005570 secs] [Times: user=0.00 sys=0.00, real=0.00 secs] 
148.460: Total time for which application threads were stopped: 0.0006570 seconds, Stopping threads took: 0.0000440 seconds
148.489: Application time: 0.0280720 seconds
148.489: [GC [PSYoungGen: 7646K->992K(7680K)] 23014K->16360K(24576K), 0.0004560 secs] [Times: user=0.01 sys=0.00, real=0.00 secs] 
148.489: Total time for which application threads were stopped: 0.0005600 seconds, Stopping threads took: 0.0000490 seconds
148.516: Application time: 0.0266380 seconds
148.516: [GC [PSYoungGen: 7647K->992K(7680K)] 23015K->16596K(24576K), 0.0004940 secs] [Times: user=0.00 sys=0.00, real=0.00 secs] 
148.516: Total time for which application threads were stopped: 0.0005980 seconds, Stopping threads took: 0.0000490 seconds
148.545: Application time: 0.0287750 seconds
148.545: [GC [PSYoungGen: 7646K->1008K(7680K)] 23251K->16636K(24576K), 0.0004200 secs] [Times: user=0.00 sys=0.00, real=0.00 secs] 
148.546: Total time for which application threads were stopped: 0.0005210 seconds, Stopping threads took: 0.0000470 seconds
148.574: Application time: 0.0287110 seconds
148.574: [GC [PSYoungGen: 7662K->896K(7680K)] 23291K->16652K(24576K), 0.0004240 secs] [Times: user=0.00 sys=0.00, real=0.00 secs] 
148.575: Total time for which application threads were stopped: 0.0005290 seconds, Stopping threads took: 0.0000500 seconds
148.603: Application time: 0.0285970 seconds
148.604: [GC [PSYoungGen: 7550K->864K(7680K)] 23307K->16652K(24576K), 0.0004370 secs] [Times: user=0.00 sys=0.00, real=0.00 secs] 
148.604: Total time for which application threads were stopped: 0.0005450 seconds, Stopping threads took: 0.0000540 seconds
148.633: Application time: 0.0289910 seconds
148.633: [GC [PSYoungGen: 7518K->832K(7680K)] 23307K->16684K(24576K), 0.0004780 secs] [Times: user=0.00 sys=0.00, real=0.00 secs] 
148.634: Total time for which application threads were stopped: 0.0006040 seconds, Stopping threads took: 0.0000620 seconds
148.662: Application time: 0.0286150 seconds
148.662: [GC [PSYoungGen: 7486K->864K(7680K)] 23339K->16724K(24576K), 0.0004650 secs] [Times: user=0.01 sys=0.00, real=0.00 secs] 
148.663: Total time for which application threads were stopped: 0.0005650 seconds, Stopping threads took: 0.0000460 seconds
148.690: Application time: 0.0271140 seconds
148.690: [GC [PSYoungGen: 7517K->992K(7680K)] 23378K->16904K(24576K), 0.0004240 secs] [Times: user=0.00 sys=0.00, real=0.00 secs] 
148.690: Total time for which application threads were stopped: 0.0005360 seconds, Stopping threads took: 0.0000590 seconds
148.718: Application time: 0.0276760 seconds
148.718: [GC [PSYoungGen: 7644K->992K(7680K)] 23557K->17105K(24576K), 0.0004990 secs] [Times: user=0.00 sys=0.00, real=0.01 secs] 
148.719: Total time for which application threads were stopped: 0.0006090 seconds, Stopping threads took: 0.0000500 seconds
148.745: Application time: 0.0263480 seconds
148.745: [GC [PSYoungGen: 7647K->960K(7680K)] 23760K->17097K(24576K), 0.0004850 secs] [Times: user=0.00 sys=0.00, real=0.00 secs] 
148.746: Total time for which application threads were stopped: 0.0005850 seconds, Stopping threads took: 0.0000360 seconds
148.773: Application time: 0.0273020 seconds
148.773: [GC [PSYoungGen: 7614K->992K(7680K)] 23752K->17229K(24576K), 0.0004970 secs] [Times: user=0.00 sys=0.00, real=0.00 secs] 
148.774: Total time for which application threads were stopped: 0.0006030 seconds, Stopping threads took: 0.0000520 seconds
148.803: Application time: 0.0289050 seconds
148.803: [GC [PSYoungGen: 7646K->960K(7680K)] 23884K->17261K(24576K), 0.0004240 secs] [Times: user=0.00 sys=0.00, real=0.00 secs] 
148.803: Total time for which application threads were stopped: 0.0005170 seconds, Stopping threads took: 0.0000400 seconds
148.829: Application time: 0.0258710 seconds
148.829: [GC [PSYoungGen: 7613K->992K(7680K)] 23915K->17614K(24576K), 0.0004690 secs] [Times: user=0.00 sys=0.00, real=0.00 secs] 
148.829: [Full GC [PSYoungGen: 992K->0K(7680K)] [ParOldGen: 16621K->3798K(16896K)] 17614K->3798K(24576K) [PSPermGen: 5573K->5573K(21504K)], 0.0065080 secs] [Times: user=0.03 sys=0.00, real=0.00 secs] 
148.836: Total time for which application threads were stopped: 0.0071250 seconds, Stopping threads took: 0.0000500 seconds
148.866: Application time: 0.0298270 seconds
148.866: [GC [PSYoungGen: 6654K->0K(7680K)] 10452K->3798K(24576K), 0.0003690 secs] [Times: user=0.01 sys=0.00, real=0.00 secs] 
148.866: Total time for which application threads were stopped: 0.0004680 seconds, Stopping threads took: 0.0000430 seconds
148.896: Application time: 0.0295450 seconds
148.896: [GC [PSYoungGen: 6654K->0K(7680K)] 10452K->3798K(24576K), 0.0002810 secs] [Times: user=0.00 sys=0.00, real=0.00 secs] 
148.896: Total time for which application threads were stopped: 0.0003720 seconds, Stopping threads took: 0.0000420 seconds
148.926: Application time: 0.0296610 seconds
148.926: [GC [PSYoungGen: 6654K->0K(7680K)] 10452K->3798K(24576K), 0.0002870 secs] [Times: user=0.00 sys=0.00, real=0.00 secs] 
148.926: Total time for which application threads were stopped: 0.0003830 seconds, Stopping threads took: 0.0000470 seconds
148.956: Application time: 0.0296160 seconds
148.956: [GC [PSYoungGen: 6654K->0K(7680K)] 10452K->3798K(24576K), 0.0002690 secs] [Times: user=0.00 sys=0.00, real=0.00 secs] 
148.956: Total time for which application threads were stopped: 0.0003770 seconds, Stopping threads took: 0.0000600 seconds
148.986: Application time: 0.0295690 seconds
148.986: [GC [PSYoungGen: 6654K->0K(7680K)] 10452K->3798K(24576K), 0.0003130 secs] [Times: user=0.00 sys=0.00, real=0.00 secs] 
148.986: Total time for which application threads were stopped: 0.0004070 seconds, Stopping threads took: 0.0000450 seconds
149.016: Application time: 0.0295240 seconds
149.016: [GC [PSYoungGen: 6654K->0K(7680K)] 10452K->3798K(24576K), 0.0003130 secs] [Times: user=0.00 sys=0.00, real=0.00 secs] 
149.016: Total time for which application threads were stopped: 0.0004120 seconds, Stopping threads took: 0.0000490 seconds
149.046: Application time: 0.0297190 seconds
149.047: [GC [PSYoungGen: 6654K->0K(7680K)] 10452K->3798K(24576K), 0.0002920 secs] [Times: user=0.00 sys=0.00, real=0.00 secs] 
149.047: Total time for which application threads were stopped: 0.0011810 seconds, Stopping threads took: 0.0008390 seconds
149.077: Application time: 0.0294440 seconds
149.077: [GC [PSYoungGen: 6654K->0K(7680K)] 10452K->3798K(24576K), 0.0002850 secs] [Times: user=0.00 sys=0.00, real=0.00 secs] 
149.077: Total time for which application threads were stopped: 0.0003780 seconds, Stopping threads took: 0.0000430 seconds
149.106: Application time: 0.0295510 seconds
149.107: [GC [PSYoungGen: 6654K->0K(7680K)] 10452K->3798K(24576K), 0.0003080 secs] [Times: user=0.00 sys=0.00, real=0.01 secs] 
149.107: Total time for which application threads were stopped: 0.0003950 seconds, Stopping threads took: 0.0000410 seconds
149.136: Application time: 0.0294920 seconds
149.139: [GC [PSYoungGen: 6654K->0K(7680K)] 10452K->3798K(24576K), 0.0002970 secs] [Times: user=0.00 sys=0.00, real=0.00 secs] 
149.139: Total time for which application threads were stopped: 0.0027340 seconds, Stopping threads took: 0.0023880 seconds
149.169: Application time: 0.0295340 seconds
149.169: [GC [PSYoungGen: 6654K->0K(7680K)] 10452K->3798K(24576K), 0.0002770 secs] [Times: user=0.00 sys=0.00, real=0.00 secs] 
149.169: Total time for which application threads were stopped: 0.0003670 seconds, Stopping threads took: 0.0000420 seconds
149.199: Application time: 0.0295330 seconds
149.199: [GC [PSYoungGen: 6654K->0K(7680K)] 10452K->3798K(24576K), 0.0002940 secs] [Times: user=0.00 sys=0.00, real=0.01 secs] 
149.199: Total time for which application threads were stopped: 0.0003900 seconds, Stopping threads took: 0.0000480 seconds
149.229: Application time: 0.0302150 seconds
149.229: [GC [PSYoungGen: 6654K->0K(7680K)] 10452K->3798K(24576K), 0.0002740 secs] [Times: user=0.00 sys=0.00, real=0.00 secs] 
149.230: Total time for which application threads were stopped: 0.0003740 seconds, Stopping threads took: 0.0000520 seconds
149.259: Application time: 0.0297330 seconds
149.259: [GC [PSYoungGen: 6654K->0K(7680K)] 10452K->3798K(24576K), 0.0003080 secs] [Times: user=0.01 sys=0.00, real=0.00 secs] 
149.260: Total time for which application threads were stopped: 0.0004040 seconds, Stopping threads took: 0.0000380 seconds
149.290: Application time: 0.0301370 seconds
149.290: [GC [PSYoungGen: 6651K->0K(7680K)] 10449K->3798K(24576K), 0.0002860 secs] [Times: user=0.00 sys=0.00, real=0.00 secs] 
149.290: Total time for which application threads were stopped: 0.0003830 seconds, Stopping threads took: 0.0000490 seconds
149.320: Application time: 0.0297070 seconds
149.323: [GC [PSYoungGen: 6654K->0K(7680K)] 10452K->3798K(24576K), 0.0002840 secs] [Times: user=0.01 sys=0.00, real=0.00 secs] 
149.323: Total time for which application threads were stopped: 0.0031970 seconds, Stopping threads took: 0.0028650 seconds
149.353: Application time: 0.0297600 seconds
149.353: [GC [PSYoungGen: 6654K->0K(7680K)] 10452K->3798K(24576K), 0.0002720 secs] [Times: user=0.00 sys=0.00, real=0.00 secs] 
149.353: Total time for which application threads were stopped: 0.0003680 seconds, Stopping threads took: 0.0000480 seconds
149.383: Application time: 0.0296930 seconds
149.383: [GC [PSYoungGen: 6654K->0K(7680K)] 10452K->3798K(24576K), 0.0002900 secs] [Times: user=0.00 sys=0.00, real=0.00 secs] 
149.383: Total time for which application threads were stopped: 0.0003790 seconds, Stopping threads took: 0.0000430 seconds
149.413: Application time: 0.0296410 seconds
149.413: [GC [PSYoungGen: 6654K->0K(7680K)] 10452K->3798K(24576K), 0.0002830 secs] [Times: user=0.00 sys=0.00, real=0.00 secs] 
149.413: Total time for which application threads were stopped: 0.0003790 seconds, Stopping threads took: 0.0000440 seconds
149.443: Application time: 0.0296190 seconds
149.443: [GC [PSYoungGen: 6654K->0K(7680K)] 10452K->3798K(24576K), 0.0002810 secs] [Times: user=0.00 sys=0.00, real=0.00 secs] 
149.443: Total time for which application threads were stopped: 0.0003670 seconds, Stopping threads took: 0.0000370 seconds
149.473: Application time: 0.0296080 seconds
149.473: [GC [PSYoungGen: 6654K->0K(7680K)] 10452K->3798K(24576K), 0.0003110 secs] [Times: user=0.00 sys=0.00, real=0.00 secs] 
149.473: Total time for which application threads were stopped: 0.0004150 seconds, Stopping threads took: 0.0000550 seconds
149.503: Application time: 0.0294910 seconds
149.503: [GC [PSYoungGen: 6654K->0K(7680K)] 10452K->3798K(24576K), 0.0002770 secs] [Times: user=0.00 sys=0.00, real=0.00 secs] 
149.503: Total time for which application threads were stopped: 0.0003620 seconds, Stopping threads took: 0.0000390 seconds
149.533: Application time: 0.0294210 seconds
149.533: [GC [PSYoungGen: 6654K->0K(7680K)] 10452K->3798K(24576K), 0.0002750 secs] [Times: user=0.00 sys=0.00, real=0.00 secs] 
149.533: Total time for which application threads were stopped: 0.0003660 seconds, Stopping threads took: 0.0000420 seconds
149.556: Application time: 0.0228970 seconds
149.556: [GC [PSYoungGen: 6651K->384K(7680K)] 10449K->4182K(24576K), 0.0003120 secs] [Times: user=0.00 sys=0.00, real=0.00 secs] 
149.556: Total time for which application threads were stopped: 0.0004080 seconds, Stopping threads took: 0.0000450 seconds
149.577: Application time: 0.0211660 seconds
149.578: [GC [PSYoungGen: 7039K->352K(7680K)] 10838K->4150K(24576K), 0.0003100 secs] [Times: user=0.00 sys=0.00, real=0.00 secs] 
149.578: Total time for which application threads were stopped: 0.0004040 seconds, Stopping threads took: 0.0000450 seconds
149.594: Application time: 0.0166090 seconds
149.595: [GC [PSYoungGen: 7006K->544K(7680K)] 10804K->4342K(24576K), 0.0003720 secs] [Times: user=0.00 sys=0.00, real=0.00 secs] 
149.595: Total time for which application threads were stopped: 0.0004690 seconds, Stopping threads took: 0.0000440 seconds
149.617: Application time: 0.0225180 seconds
149.618: [GC [PSYoungGen: 7195K->512K(7680K)] 10993K->4310K(24576K), 0.0003780 secs] [Times: user=0.00 sys=0.00, real=0.00 secs] 
149.618: Total time for which application threads were stopped: 0.0004940 seconds, Stopping threads took: 0.0000470 seconds
149.642: Application time: 0.0243310 seconds
149.642: [GC [PSYoungGen: 7166K->544K(7680K)] 10964K->4342K(24576K), 0.0003650 secs] [Times: user=0.00 sys=0.00, real=0.00 secs] 
149.643: Total time for which application threads were stopped: 0.0004820 seconds, Stopping threads took: 0.0000580 seconds
149.671: Application time: 0.0279390 seconds
149.671: [GC [PSYoungGen: 7199K->576K(7680K)] 10998K->4374K(24576K), 0.0003440 secs] [Times: user=0.00 sys=0.00, real=0.00 secs] 
149.671: Total time for which application threads were stopped: 0.0004500 seconds, Stopping threads took: 0.0000530 seconds
149.700: Application time: 0.0286540 seconds
149.700: [GC [PSYoungGen: 7230K->544K(7680K)] 11028K->4342K(24576K), 0.0003370 secs] [Times: user=0.00 sys=0.00, real=0.00 secs] 
149.700: Total time for which application threads were stopped: 0.0004340 seconds, Stopping threads took: 0.0000480 seconds
149.729: Application time: 0.0292190 seconds
149.730: [GC [PSYoungGen: 7198K->480K(7680K)] 10996K->4278K(24576K), 0.0003740 secs] [Times: user=0.01 sys=0.00, real=0.00 secs] 
149.730: Total time for which application threads were stopped: 0.0004690 seconds, Stopping threads took: 0.0000450 seconds
149.759: Application time: 0.0293690 seconds
149.759: [GC [PSYoungGen: 7134K->640K(7680K)] 10932K->4438K(24576K), 0.0003510 secs] [Times: user=0.00 sys=0.00, real=0.00 secs] 
149.760: Total time for which application threads were stopped: 0.0004490 seconds, Stopping threads took: 0.0000490 seconds
149.789: Application time: 0.0293560 seconds
149.789: [GC [PSYoungGen: 7294K->480K(7680K)] 11092K->4278K(24576K), 0.0003660 secs] [Times: user=0.00 sys=0.00, real=0.00 secs] 
149.790: Total time for which application threads were stopped: 0.0004760 seconds, Stopping threads took: 0.0000470 seconds
149.819: Application time: 0.0293800 seconds
149.819: [GC [PSYoungGen: 7134K->512K(7680K)] 10932K->4310K(24576K), 0.0003390 secs] [Times: user=0.00 sys=0.00, real=0.00 secs] 
149.819: Total time for which application threads were stopped: 0.0004420 seconds, Stopping threads took: 0.0000450 seconds
149.849: Application time: 0.0292570 seconds
149.849: [GC [PSYoungGen: 7166K->480K(7680K)] 10964K->4278K(24576K), 0.0003180 secs] [Times: user=0.00 sys=0.00, real=0.00 secs] 
149.849: Total time for which application threads were stopped: 0.0004130 seconds, Stopping threads took: 0.0000460 seconds
149.878: Application time: 0.0293700 seconds
149.879: [GC [PSYoungGen: 7134K->512K(7680K)] 10932K->4310K(24576K), 0.0003590 secs] [Times: user=0.00 sys=0.00, real=0.01 secs] 
149.879: Total time for which application threads were stopped: 0.0004540 seconds, Stopping threads took: 0.0000450 seconds
149.908: Application time: 0.0294970 seconds
149.909: [GC [PSYoungGen: 7166K->640K(7680K)] 10964K->4438K(24576K), 0.0003180 secs] [Times: user=0.01 sys=0.00, real=0.00 secs] 
149.909: Total time for which application threads were stopped: 0.0004290 seconds, Stopping threads took: 0.0000610 seconds
149.939: Application time: 0.0297830 seconds
149.939: [GC [PSYoungGen: 7292K->480K(7680K)] 11090K->4278K(24576K), 0.0003650 secs] [Times: user=0.00 sys=0.00, real=0.01 secs] 
149.939: Total time for which application threads were stopped: 0.0004570 seconds, Stopping threads took: 0.0000410 seconds
149.968: Application time: 0.0291740 seconds
149.968: [GC [PSYoungGen: 7134K->480K(7680K)] 10932K->4278K(24576K), 0.0003380 secs] [Times: user=0.00 sys=0.00, real=0.00 secs] 
149.969: Total time for which application threads were stopped: 0.0004340 seconds, Stopping threads took: 0.0000470 seconds
149.996: Application time: 0.0271820 seconds
149.996: [GC [PSYoungGen: 7134K->544K(7680K)] 10932K->4342K(24576K), 0.0003440 secs] [Times: user=0.00 sys=0.00, real=0.00 secs] 
149.996: Total time for which application threads were stopped: 0.0004330 seconds, Stopping threads took: 0.0000390 seconds
150.016: Application time: 0.0199700 seconds
150.016: [GC [PSYoungGen: 7200K->736K(7680K)] 10998K->4534K(24576K), 0.0004010 secs] [Times: user=0.00 sys=0.00, real=0.00 secs] 
150.017: Total time for which application threads were stopped: 0.0005060 seconds, Stopping threads took: 0.0000510 seconds
150.033: Application time: 0.0165520 seconds
150.033: [GC [PSYoungGen: 7388K->992K(7680K)] 11186K->4966K(24576K), 0.0004450 secs] [Times: user=0.01 sys=0.00, real=0.00 secs] 
150.034: Total time for which application threads were stopped: 0.0005470 seconds, Stopping threads took: 0.0000470 seconds
150.045: Application time: 0.0114710 seconds
150.045: [GC [PSYoungGen: 7645K->1008K(7680K)] 11619K->5262K(24576K), 0.0005310 secs] [Times: user=0.00 sys=0.00, real=0.00 secs] 
150.046: Total time for which application threads were stopped: 0.0006240 seconds, Stopping threads took: 0.0000390 seconds
150.059: Application time: 0.0126490 seconds
150.059: [GC [PSYoungGen: 7660K->1008K(7680K)] 11914K->5470K(24576K), 0.0005350 secs] [Times: user=0.00 sys=0.00, real=0.01 secs] 
150.059: Total time for which application threads were stopped: 0.0006210 seconds, Stopping threads took: 0.0000320 seconds
150.073: Application time: 0.0138610 seconds
150.073: [GC [PSYoungGen: 7660K->992K(7680K)] 12122K->5638K(24576K), 0.0004500 secs] [Times: user=0.00 sys=0.00, real=0.00 secs] 
150.074: Total time for which application threads were stopped: 0.0005390 seconds, Stopping threads took: 0.0000370 seconds
150.093: Application time: 0.0188290 seconds
150.093: [GC [PSYoungGen: 7646K->1008K(7680K)] 12293K->5934K(24576K), 0.0004850 secs] [Times: user=0.01 sys=0.00, real=0.00 secs] 
150.093: Total time for which application threads were stopped: 0.0005870 seconds, Stopping threads took: 0.0000460 seconds
150.120: Application time: 0.0268480 seconds
150.120: [GC [PSYoungGen: 7661K->1008K(7680K)] 12588K->6134K(24576K), 0.0005060 secs] [Times: user=0.00 sys=0.00, real=0.00 secs] 
150.121: Total time for which application threads were stopped: 0.0006130 seconds, Stopping threads took: 0.0000500 seconds
150.138: Application time: 0.0177590 seconds
150.138: [GC [PSYoungGen: 7661K->992K(7680K)] 12788K->6770K(24576K), 0.0005640 secs] [Times: user=0.00 sys=0.00, real=0.01 secs] 
150.139: Total time for which application threads were stopped: 0.0006830 seconds, Stopping threads took: 0.0000500 seconds
150.154: Application time: 0.0147000 seconds
150.154: [GC [PSYoungGen: 7646K->992K(7680K)] 13425K->7191K(24576K), 0.0005340 secs] [Times: user=0.00 sys=0.00, real=0.00 secs] 
150.154: Total time for which application threads were stopped: 0.0006420 seconds, Stopping threads took: 0.0000510 seconds
150.171: Application time: 0.0164850 seconds
150.171: [GC [PSYoungGen: 7646K->992K(7680K)] 13845K->7403K(24576K), 0.0004930 secs] [Times: user=0.00 sys=0.00, real=0.00 secs] 
150.171: Total time for which application threads were stopped: 0.0006090 seconds, Stopping threads took: 0.0000630 seconds
150.195: Application time: 0.0230950 seconds
150.195: [GC [PSYoungGen: 7646K->992K(7680K)] 14057K->7640K(24576K), 0.0004590 secs] [Times: user=0.00 sys=0.00, real=0.00 secs] 
150.195: Total time for which application threads were stopped: 0.0005640 seconds, Stopping threads took: 0.0000500 seconds
150.223: Application time: 0.0279720 seconds
150.223: [GC [PSYoungGen: 7644K->928K(7680K)] 14292K->7704K(24576K), 0.0004630 secs] [Times: user=0.00 sys=0.00, real=0.00 secs] 
150.224: Total time for which application threads were stopped: 0.0005600 seconds, Stopping threads took: 0.0000430 seconds
150.250: Application time: 0.0264770 seconds
150.250: [GC [PSYoungGen: 7583K->992K(7680K)] 14360K->7896K(24576K), 0.0004380 secs] [Times: user=0.00 sys=0.00, real=0.00 secs] 
150.251: Total time for which application threads were stopped: 0.0005350 seconds, Stopping threads took: 0.0000410 seconds
150.280: Application time: 0.0288470 seconds
150.280: [GC [PSYoungGen: 7644K->960K(7680K)] 14548K->7864K(24576K), 0.0004200 secs] [Times: user=0.00 sys=0.00, real=0.00 secs] 
150.280: Total time for which application threads were stopped: 0.0005110 seconds, Stopping threads took: 0.0000400 seconds
150.309: Application time: 0.0285800 seconds
150.309: [GC [PSYoungGen: 7614K->960K(7680K)] 14519K->7941K(24576K), 0.0004080 secs] [Times: user=0.00 sys=0.00, real=0.00 secs] 
150.309: Total time for which application threads were stopped: 0.0005180 seconds, Stopping threads took: 0.0000500 seconds
150.338: Application time: 0.0285520 seconds
150.338: [GC [PSYoungGen: 7614K->864K(7680K)] 14595K->7861K(24576K), 0.0004630 secs] [Times: user=0.00 sys=0.00, real=0.00 secs] 
150.338: Total time for which application threads were stopped: 0.0005650 seconds, Stopping threads took: 0.0000480 seconds
150.367: Application time: 0.0285590 seconds
150.367: [GC [PSYoungGen: 7518K->768K(7680K)] 14515K->7945K(24576K), 0.0004310 secs] [Times: user=0.00 sys=0.00, real=0.00 secs] 
150.367: Total time for which application threads were stopped: 0.0005280 seconds, Stopping threads took: 0.0000450 seconds
150.396: Application time: 0.0286280 seconds
150.396: [GC [PSYoungGen: 7422K->704K(7680K)] 14600K->7926K(24576K), 0.0003770 secs] [Times: user=0.00 sys=0.00, real=0.00 secs] 
150.396: Total time for which application threads were stopped: 0.0004760 seconds, Stopping threads took: 0.0000480 seconds
150.424: Application time: 0.0278740 seconds
150.424: [GC [PSYoungGen: 7357K->896K(7680K)] 14579K->8166K(24576K), 0.0004240 secs] [Times: user=0.00 sys=0.00, real=0.00 secs] 
150.425: Total time for which application threads were stopped: 0.0005210 seconds, Stopping threads took: 0.0000430 seconds
150.452: Application time: 0.0269730 seconds
150.452: [GC [PSYoungGen: 7550K->992K(7680K)] 14820K->8406K(24576K), 0.0004390 secs] [Times: user=0.00 sys=0.00, real=0.00 secs] 
150.452: Total time for which application threads were stopped: 0.0005400 seconds, Stopping threads took: 0.0000480 seconds
150.478: Application time: 0.0255410 seconds
150.478: [GC [PSYoungGen: 7646K->992K(7680K)] 15060K->8658K(24576K), 0.0004710 secs] [Times: user=0.00 sys=0.00, real=0.00 secs] 
150.478: Total time for which application threads were stopped: 0.0005750 seconds, Stopping threads took: 0.0000510 seconds
150.507: Application time: 0.0280350 seconds
150.507: [GC [PSYoungGen: 7644K->992K(7680K)] 15310K->8727K(24576K), 0.0004680 secs] [Times: user=0.00 sys=0.00, real=0.01 secs] 
150.507: Total time for which application threads were stopped: 0.0005720 seconds, Stopping threads took: 0.0000480 seconds
150.536: Application time: 0.0292980 seconds
150.536: [GC [PSYoungGen: 7646K->992K(7680K)] 15381K->8775K(24576K), 0.0004750 secs] [Times: user=0.01 sys=0.00, real=0.00 secs] 
150.537: Total time for which application threads were stopped: 0.0005820 seconds, Stopping threads took: 0.0000530 seconds
150.564: Application time: 0.0275090 seconds
150.567: [GC [PSYoungGen: 7646K->992K(7680K)] 15429K->8864K(24576K), 0.0004720 secs] [Times: user=0.00 sys=0.00, real=0.00 secs] 
150.567: Total time for which application threads were stopped: 0.0028100 seconds, Stopping threads took: 0.0022810 seconds
150.596: Application time: 0.0283740 seconds
150.596: [GC [PSYoungGen: 7645K->992K(7680K)] 15517K->9028K(24576K), 0.0004370 secs] [Times: user=0.00 sys=0.00, real=0.00 secs] 
150.596: Total time for which application threads were stopped: 0.0005370 seconds, Stopping threads took: 0.0000460 seconds
150.626: Application time: 0.0300260 seconds
150.626: [GC [PSYoungGen: 7646K->928K(7680K)] 15683K->8964K(24576K), 0.0004640 secs] [Times: user=0.00 sys=0.00, real=0.01 secs] 
150.627: Total time for which application threads were stopped: 0.0005760 seconds, Stopping threads took: 0.0000490 seconds
150.656: Application time: 0.0296130 seconds
150.657: [GC [PSYoungGen: 7582K->960K(7680K)] 15619K->8996K(24576K), 0.0003890 secs] [Times: user=0.00 sys=0.00, real=0.00 secs] 
150.657: Total time for which application threads were stopped: 0.0004870 seconds, Stopping threads took: 0.0000420 seconds
150.687: Application time: 0.0298270 seconds
150.687: [GC [PSYoungGen: 7614K->960K(7680K)] 15651K->8996K(24576K), 0.0003800 secs] [Times: user=0.01 sys=0.00, real=0.00 secs] 
150.687: Total time for which application threads were stopped: 0.0004820 seconds, Stopping threads took: 0.0000480 seconds
150.717: Application time: 0.0297360 seconds
150.717: [GC [PSYoungGen: 7614K->960K(7680K)] 15651K->8996K(24576K), 0.0003750 secs] [Times: user=0.00 sys=0.00, real=0.00 secs] 
150.717: Total time for which application threads were stopped: 0.0004810 seconds, Stopping threads took: 0.0000530 seconds
150.747: Application time: 0.0298440 seconds
150.747: [GC [PSYoungGen: 7614K->896K(7680K)] 15651K->8932K(24576K), 0.0003920 secs] [Times: user=0.01 sys=0.00, real=0.00 secs] 
150.748: Total time for which application threads were stopped: 0.0004870 seconds, Stopping threads took: 0.0000430 seconds
150.777: Application time: 0.0296830 seconds
150.778: [GC [PSYoungGen: 7550K->896K(7680K)] 15587K->8932K(24576K), 0.0004250 secs] [Times: user=0.00 sys=0.00, real=0.00 secs] 
150.778: Total time for which application threads were stopped: 0.0005240 seconds, Stopping threads took: 0.0000470 seconds
150.807: Application time: 0.0294250 seconds
150.808: [GC [PSYoungGen: 7550K->992K(7680K)] 15587K->9028K(24576K), 0.0003860 secs] [Times: user=0.00 sys=0.00, real=0.00 secs] 
150.808: Total time for which application threads were stopped: 0.0004880 seconds, Stopping threads took: 0.0000480 seconds
150.837: Application time: 0.0295290 seconds
150.838: [GC [PSYoungGen: 7646K->992K(7680K)] 15683K->9028K(24576K), 0.0003860 secs] [Times: user=0.00 sys=0.00, real=0.00 secs] 
150.838: Total time for which application threads were stopped: 0.0004930 seconds, Stopping threads took: 0.0000480 seconds
150.867: Application time: 0.0294890 seconds
150.868: [GC [PSYoungGen: 7646K->992K(7680K)] 15683K->9028K(24576K), 0.0004450 secs] [Times: user=0.00 sys=0.00, real=0.00 secs] 
150.869: Total time for which application threads were stopped: 0.0016200 seconds, Stopping threads took: 0.0000480 seconds
150.899: Application time: 0.0295920 seconds
150.899: [GC [PSYoungGen: 7646K->800K(7680K)] 15683K->9057K(24576K), 0.0004000 secs] [Times: user=0.00 sys=0.00, real=0.01 secs] 
150.899: Total time for which application threads were stopped: 0.0004960 seconds, Stopping threads took: 0.0000440 seconds
150.929: Application time: 0.0295400 seconds
150.929: [GC [PSYoungGen: 7454K->544K(7680K)] 15711K->9029K(24576K), 0.0004110 secs] [Times: user=0.00 sys=0.00, real=0.00 secs] 
150.929: Total time for which application threads were stopped: 0.0005110 seconds, Stopping threads took: 0.0000480 seconds
150.959: Application time: 0.0296890 seconds
150.959: [GC [PSYoungGen: 7198K->352K(7680K)] 15684K->9053K(24576K), 0.0003450 secs] [Times: user=0.00 sys=0.00, real=0.00 secs] 
150.959: Total time for which application threads were stopped: 0.0004400 seconds, Stopping threads took: 0.0000420 seconds
150.989: Application time: 0.0297870 seconds
150.989: [GC [PSYoungGen: 7006K->320K(7680K)] 15708K->9021K(24576K), 0.0003550 secs] [Times: user=0.00 sys=0.00, real=0.00 secs] 
150.990: Total time for which application threads were stopped: 0.0004590 seconds, Stopping threads took: 0.0000520 seconds
151.019: Application time: 0.0297160 seconds
151.019: [GC [PSYoungGen: 6974K->384K(7680K)] 15676K->9186K(24576K), 0.0003280 secs] [Times: user=0.01 sys=0.00, real=0.00 secs] 
151.020: Total time for which application threads were stopped: 0.0004120 seconds, Stopping threads took: 0.0000360 seconds
151.049: Application time: 0.0296980 seconds
151.049: [GC [PSYoungGen: 7038K->0K(7680K)] 15841K->9022K(24576K), 0.0003150 secs] [Times: user=0.00 sys=0.00, real=0.00 secs] 
151.050: Total time for which application threads were stopped: 0.0004010 seconds, Stopping threads took: 0.0000400 seconds
151.079: Application time: 0.0296250 seconds
151.079: [GC [PSYoungGen: 6654K->0K(7680K)] 15677K->9022K(24576K), 0.0002780 secs] [Times: user=0.00 sys=0.00, real=0.00 secs] 
151.080: Total time for which application threads were stopped: 0.0003640 seconds, Stopping threads took: 0.0000390 seconds
151.109: Application time: 0.0295720 seconds
151.109: [GC [PSYoungGen: 6654K->0K(7680K)] 15677K->9022K(24576K), 0.0002900 secs] [Times: user=0.00 sys=0.00, real=0.00 secs] 
151.110: Total time for which application threads were stopped: 0.0003850 seconds, Stopping threads took: 0.0000460 seconds
151.139: Application time: 0.0296850 seconds
151.140: [GC [PSYoungGen: 6654K->0K(7680K)] 15677K->9022K(24576K), 0.0003290 secs] [Times: user=0.00 sys=0.00, real=0.00 secs] 
151.140: Total time for which application threads were stopped: 0.0004310 seconds, Stopping threads took: 0.0000500 seconds
151.169: Application time: 0.0296140 seconds
151.170: [GC [PSYoungGen: 6654K->0K(7680K)] 15677K->9022K(24576K), 0.0003080 secs] [Times: user=0.00 sys=0.00, real=0.00 secs] 
151.170: Total time for which application threads were stopped: 0.0004020 seconds, Stopping threads took: 0.0000420 seconds
151.199: Application time: 0.0295650 seconds
151.200: [GC [PSYoungGen: 6654K->0K(7680K)] 15677K->9022K(24576K), 0.0002860 secs] [Times: user=0.00 sys=0.00, real=0.00 secs] 
151.200: Total time for which application threads were stopped: 0.0003840 seconds, Stopping threads took: 0.0000520 seconds
151.229: Application time: 0.0293210 seconds
151.229: [GC [PSYoungGen: 6654K->0K(7680K)] 15677K->9022K(24576K), 0.0002990 secs] [Times: user=0.00 sys=0.00, real=0.00 secs] 
151.230: Total time for which application threads were stopped: 0.0003960 seconds, Stopping threads took: 0.0000490 seconds
151.259: Application time: 0.0292770 seconds
151.259: [GC [PSYoungGen: 6654K->0K(7680K)] 15677K->9022K(24576K), 0.0002820 secs] [Times: user=0.00 sys=0.00, real=0.00 secs] 
151.259: Total time for which application threads were stopped: 0.0003700 seconds, Stopping threads took: 0.0000370 seconds
151.285: Application time: 0.0262040 seconds
151.285: [GC [PSYoungGen: 6654K->288K(7680K)] 15677K->9310K(24576K), 0.0003590 secs] [Times: user=0.00 sys=0.00, real=0.00 secs] 
151.286: Total time for which application threads were stopped: 0.0004500 seconds, Stopping threads took: 0.0000400 seconds
151.306: Application time: 0.0204330 seconds
151.306: [GC [PSYoungGen: 6941K->320K(7680K)] 15964K->9342K(24576K), 0.0003870 secs] [Times: user=0.00 sys=0.00, real=0.01 secs] 
151.307: Total time for which application threads were stopped: 0.0004960 seconds, Stopping threads took: 0.0000530 seconds
151.323: Application time: 0.0162620 seconds
151.323: [GC [PSYoungGen: 6972K->480K(7680K)] 15994K->9502K(24576K), 0.0004040 secs] [Times: user=0.01 sys=0.00, real=0.00 secs] 
151.324: Total time for which application threads were stopped: 0.0004940 seconds, Stopping threads took: 0.0000410 seconds
151.344: Application time: 0.0201570 seconds
151.344: [GC [PSYoungGen: 7134K->544K(7680K)] 16157K->9566K(24576K), 0.0003410 secs] [Times: user=0.01 sys=0.00, real=0.00 secs] 
151.344: Total time for which application threads were stopped: 0.0004450 seconds, Stopping threads took: 0.0000400 seconds
151.368: Application time: 0.0240030 seconds
151.368: [GC [PSYoungGen: 7197K->544K(7680K)] 16220K->9566K(24576K), 0.0003340 secs] [Times: user=0.00 sys=0.00, real=0.00 secs] 
151.369: Total time for which application threads were stopped: 0.0004350 seconds, Stopping threads took: 0.0000500 seconds
151.396: Application time: 0.0277730 seconds
151.396: [GC [PSYoungGen: 7198K->544K(7680K)] 16221K->9566K(24576K), 0.0003640 secs] [Times: user=0.00 sys=0.00, real=0.00 secs] 
151.397: Total time for which application threads were stopped: 0.0004570 seconds, Stopping threads took: 0.0000410 seconds
151.425: Application time: 0.0280660 seconds
151.425: [GC [PSYoungGen: 7196K->576K(7680K)] 16218K->9598K(24576K), 0.0003490 secs] [Times: user=0.00 sys=0.00, real=0.00 secs] 
151.425: Total time for which application threads were stopped: 0.0004480 seconds, Stopping threads took: 0.0000500 seconds
151.455: Application time: 0.0294180 seconds
151.455: [GC [PSYoungGen: 7230K->544K(7680K)] 16253K->9566K(24576K), 0.0003090 secs] [Times: user=0.00 sys=0.00, real=0.00 secs] 
151.455: Total time for which application threads were stopped: 0.0004000 seconds, Stopping threads took: 0.0000430 seconds
151.484: Application time: 0.0293040 seconds
151.485: [GC [PSYoungGen: 7198K->480K(7680K)] 16221K->9502K(24576K), 0.0003890 secs] [Times: user=0.00 sys=0.00, real=0.00 secs] 
151.485: Total time for which application threads were stopped: 0.0004760 seconds, Stopping threads took: 0.0000360 seconds
151.514: Application time: 0.0291490 seconds
151.514: [GC [PSYoungGen: 7134K->512K(7680K)] 16157K->9534K(24576K), 0.0003370 secs] [Times: user=0.00 sys=0.00, real=0.00 secs] 
151.515: Total time for which application threads were stopped: 0.0004360 seconds, Stopping threads took: 0.0000510 seconds
151.544: Application time: 0.0294850 seconds
151.544: [GC [PSYoungGen: 7166K->544K(7680K)] 16189K->9566K(24576K), 0.0003380 secs] [Times: user=0.00 sys=0.00, real=0.00 secs] 
151.544: Total time for which application threads were stopped: 0.0004380 seconds, Stopping threads took: 0.0000510 seconds
151.574: Application time: 0.0293890 seconds
151.574: [GC [PSYoungGen: 7198K->512K(7680K)] 16221K->9534K(24576K), 0.0003480 secs] [Times: user=0.00 sys=0.00, real=0.00 secs] 
151.574: Total time for which application threads were stopped: 0.0004490 seconds, Stopping threads took: 0.0000490 seconds
151.604: Application time: 0.0292960 seconds
151.604: [GC [PSYoungGen: 7166K->544K(7680K)] 16189K->9566K(24576K), 0.0003150 secs] [Times: user=0.00 sys=0.00, real=0.00 secs] 
151.604: Total time for which application threads were stopped: 0.0004210 seconds, Stopping threads took: 0.0000550 seconds
151.634: Application time: 0.0295260 seconds
151.634: [GC [PSYoungGen: 7198K->512K(7680K)] 16221K->9534K(24576K), 0.0003860 secs] [Times: user=0.01 sys=0.00, real=0.00 secs] 
151.634: Total time for which application threads were stopped: 0.0004960 seconds, Stopping threads took: 0.0000530 seconds
151.663: Application time: 0.0292580 seconds
151.663: [GC [PSYoungGen: 7166K->512K(7680K)] 16189K->9534K(24576K), 0.0003340 secs] [Times: user=0.00 sys=0.00, real=0.00 secs] 
151.664: Total time for which application threads were stopped: 0.0004320 seconds, Stopping threads took: 0.0000510 seconds
151.693: Application time: 0.0292460 seconds
151.693: [GC [PSYoungGen: 7166K->480K(7680K)] 16189K->9502K(24576K), 0.0003520 secs] [Times: user=0.00 sys=0.00, real=0.00 secs] 
151.693: Total time for which application threads were stopped: 0.0004400 seconds, Stopping threads took: 0.0000400 seconds
151.719: Application time: 0.0254720 seconds
151.719: [GC [PSYoungGen: 7132K->704K(7680K)] 16154K->9726K(24576K), 0.0003590 secs] [Times: user=0.01 sys=0.00, real=0.00 secs] 
151.719: Total time for which application threads were stopped: 0.0004470 seconds, Stopping threads took: 0.0000390 seconds
151.738: Application time: 0.0187820 seconds
151.738: [GC [PSYoungGen: 7357K->992K(7680K)] 16380K->10058K(24576K), 0.0004640 secs] [Times: user=0.00 sys=0.00, real=0.00 secs] 
151.739: Total time for which application threads were stopped: 0.0005740 seconds, Stopping threads took: 0.0000570 seconds
151.754: Application time: 0.0149830 seconds
151.754: [GC [PSYoungGen: 7644K->992K(7680K)] 16711K->10058K(24576K), 0.0004350 secs] [Times: user=0.01 sys=0.00, real=0.00 secs] 
151.754: Total time for which application threads were stopped: 0.0005530 seconds, Stopping threads took: 0.0000620 seconds
151.773: Application time: 0.0186970 seconds
151.773: [GC [PSYoungGen: 7644K->992K(7680K)] 16711K->10066K(24576K), 0.0004260 secs] [Times: user=0.00 sys=0.00, real=0.00 secs] 
151.774: Total time for which application threads were stopped: 0.0005420 seconds, Stopping threads took: 0.0000630 seconds
151.788: Application time: 0.0149530 seconds
151.789: [GC [PSYoungGen: 7645K->992K(7680K)] 16720K->10466K(24576K), 0.0004980 secs] [Times: user=0.00 sys=0.00, real=0.00 secs] 
151.789: Total time for which application threads were stopped: 0.0005980 seconds, Stopping threads took: 0.0000480 seconds
151.805: Application time: 0.0159720 seconds
151.807: [GC [PSYoungGen: 7646K->992K(7680K)] 17121K->10482K(24576K), 0.0004590 secs] [Times: user=0.01 sys=0.00, real=0.00 secs] 
151.807: Total time for which application threads were stopped: 0.0022790 seconds, Stopping threads took: 0.0017660 seconds
151.824: Application time: 0.0163500 seconds
151.824: [GC [PSYoungGen: 7646K->992K(7680K)] 17137K->10487K(24576K), 0.0004240 secs] [Times: user=0.00 sys=0.00, real=0.00 secs] 
151.824: Total time for which application threads were stopped: 0.0005420 seconds, Stopping threads took: 0.0000660 seconds
151.847: Application time: 0.0223890 seconds
151.847: [GC [PSYoungGen: 7643K->992K(7680K)] 17138K->10647K(24576K), 0.0004450 secs] [Times: user=0.00 sys=0.00, real=0.01 secs] 
151.847: Total time for which application threads were stopped: 0.0005540 seconds, Stopping threads took: 0.0000490 seconds
151.867: Application time: 0.0202750 seconds
151.868: [GC [PSYoungGen: 7646K->1008K(7680K)] 17301K->10915K(24576K), 0.0004990 secs] [Times: user=0.00 sys=0.00, real=0.00 secs] 
151.868: Total time for which application threads were stopped: 0.0006200 seconds, Stopping threads took: 0.0000680 seconds
151.883: Application time: 0.0154190 seconds
151.884: [GC [PSYoungGen: 7661K->1008K(7680K)] 17568K->11155K(24576K), 0.0004630 secs] [Times: user=0.01 sys=0.00, real=0.00 secs] 
151.884: Total time for which application threads were stopped: 0.0005530 seconds, Stopping threads took: 0.0000390 seconds
151.899: Application time: 0.0148580 seconds
151.899: [GC [PSYoungGen: 7660K->992K(7680K)] 17807K->11391K(24576K), 0.0004780 secs] [Times: user=0.01 sys=0.00, real=0.00 secs] 
151.899: Total time for which application threads were stopped: 0.0005750 seconds, Stopping threads took: 0.0000420 seconds
151.921: Application time: 0.0214960 seconds
151.921: [GC [PSYoungGen: 7645K->992K(7680K)] 18044K->11640K(24576K), 0.0004630 secs] [Times: user=0.00 sys=0.00, real=0.00 secs] 
151.922: Total time for which application threads were stopped: 0.0005680 seconds, Stopping threads took: 0.0000510 seconds
151.949: Application time: 0.0279390 seconds
151.950: [GC [PSYoungGen: 7646K->992K(7680K)] 18294K->11676K(24576K), 0.0004840 secs] [Times: user=0.00 sys=0.00, real=0.00 secs] 
151.950: Total time for which application threads were stopped: 0.0005870 seconds, Stopping threads took: 0.0000500 seconds
151.978: Application time: 0.0274500 seconds
151.978: [GC [PSYoungGen: 7646K->976K(7680K)] 18330K->11788K(24576K), 0.0004930 secs] [Times: user=0.01 sys=0.00, real=0.00 secs] 
151.978: Total time for which application threads were stopped: 0.0005930 seconds, Stopping threads took: 0.0000470 seconds
152.006: Application time: 0.0276100 seconds
152.007: [GC [PSYoungGen: 7628K->992K(7680K)] 18440K->11996K(24576K), 0.0004580 secs] [Times: user=0.01 sys=0.00, real=0.00 secs] 
152.007: Total time for which application threads were stopped: 0.0015750 seconds, Stopping threads took: 0.0010620 seconds
152.037: Application time: 0.0292270 seconds
152.037: [GC [PSYoungGen: 7644K->992K(7680K)] 18648K->12028K(24576K), 0.0004230 secs] [Times: user=0.00 sys=0.00, real=0.00 secs] 
152.037: Total time for which application threads were stopped: 0.0005300 seconds, Stopping threads took: 0.0000550 seconds
152.066: Application time: 0.0290140 seconds
152.067: [GC [PSYoungGen: 7646K->992K(7680K)] 18683K->12060K(24576K), 0.0003940 secs] [Times: user=0.00 sys=0.00, real=0.00 secs] 
152.067: Total time for which application threads were stopped: 0.0011630 seconds, Stopping threads took: 0.0007160 seconds
152.096: Application time: 0.0290980 seconds
152.096: [GC [PSYoungGen: 7646K->960K(7680K)] 18715K->12097K(24576K), 0.0003900 secs] [Times: user=0.00 sys=0.00, real=0.00 secs] 
152.097: Total time for which application threads were stopped: 0.0005080 seconds, Stopping threads took: 0.0000640 seconds
152.126: Application time: 0.0288800 seconds
152.126: [GC [PSYoungGen: 7614K->992K(7680K)] 18751K->12145K(24576K), 0.0003980 secs] [Times: user=0.00 sys=0.00, real=0.00 secs] 
152.126: Total time for which application threads were stopped: 0.0004960 seconds, Stopping threads took: 0.0000450 seconds
152.154: Application time: 0.0280500 seconds
152.154: [GC [PSYoungGen: 7644K->992K(7680K)] 18797K->12145K(24576K), 0.0003860 secs] [Times: user=0.01 sys=0.00, real=0.00 secs] 
152.155: Total time for which application threads were stopped: 0.0004870 seconds, Stopping threads took: 0.0000420 seconds
152.182: Application time: 0.0270360 seconds
152.182: [GC [PSYoungGen: 7644K->992K(7680K)] 18797K->12305K(24576K), 0.0004700 secs] [Times: user=0.00 sys=0.00, real=0.00 secs] 
152.182: Total time for which application threads were stopped: 0.0005790 seconds, Stopping threads took: 0.0000550 seconds
152.210: Application time: 0.0280850 seconds
152.211: [GC [PSYoungGen: 7644K->992K(7680K)] 18957K->12473K(24576K), 0.0005040 secs] [Times: user=0.00 sys=0.00, real=0.00 secs] 
152.211: Total time for which application threads were stopped: 0.0006140 seconds, Stopping threads took: 0.0000550 seconds
152.238: Application time: 0.0265500 seconds
152.238: [GC [PSYoungGen: 7645K->992K(7680K)] 19126K->12689K(24576K), 0.0005320 secs] [Times: user=0.00 sys=0.00, real=0.00 secs] 
152.238: Total time for which application threads were stopped: 0.0006360 seconds, Stopping threads took: 0.0000480 seconds
152.267: Application time: 0.0291620 seconds
152.267: [GC [PSYoungGen: 7646K->992K(7680K)] 19343K->12765K(24576K), 0.0004690 secs] [Times: user=0.00 sys=0.00, real=0.00 secs] 
152.268: Total time for which application threads were stopped: 0.0005640 seconds, Stopping threads took: 0.0000400 seconds
152.296: Application time: 0.0283550 seconds
152.296: [GC [PSYoungGen: 7644K->992K(7680K)] 19417K->12821K(24576K), 0.0004320 secs] [Times: user=0.01 sys=0.00, real=0.00 secs] 
152.297: Total time for which application threads were stopped: 0.0005350 seconds, Stopping threads took: 0.0000480 seconds
152.324: Application time: 0.0268920 seconds
152.324: [GC [PSYoungGen: 7645K->992K(7680K)] 19475K->12917K(24576K), 0.0004170 secs] [Times: user=0.00 sys=0.00, real=0.00 secs] 
152.324: Total time for which application threads were stopped: 0.0005210 seconds, Stopping threads took: 0.0000500 seconds
152.354: Application time: 0.0296370 seconds
152.354: [GC [PSYoungGen: 7644K->992K(7680K)] 19569K->12945K(24576K), 0.0004560 secs] [Times: user=0.00 sys=0.00, real=0.00 secs] 
152.355: Total time for which application threads were stopped: 0.0005800 seconds, Stopping threads took: 0.0000550 seconds
152.384: Application time: 0.0294590 seconds
152.384: [GC [PSYoungGen: 7646K->928K(7680K)] 19600K->12881K(24576K), 0.0003860 secs] [Times: user=0.00 sys=0.00, real=0.00 secs] 
152.384: Total time for which application threads were stopped: 0.0005020 seconds, Stopping threads took: 0.0000630 seconds
152.414: Application time: 0.0296210 seconds
152.414: [GC [PSYoungGen: 7582K->960K(7680K)] 19536K->12921K(24576K), 0.0004040 secs] [Times: user=0.01 sys=0.00, real=0.00 secs] 
152.415: Total time for which application threads were stopped: 0.0005000 seconds, Stopping threads took: 0.0000430 seconds
152.444: Application time: 0.0296560 seconds
152.444: [GC [PSYoungGen: 7614K->960K(7680K)] 19576K->12937K(24576K), 0.0003660 secs] [Times: user=0.01 sys=0.00, real=0.00 secs] 
152.445: Total time for which application threads were stopped: 0.0004690 seconds, Stopping threads took: 0.0000510 seconds
152.474: Application time: 0.0296550 seconds
152.474: [GC [PSYoungGen: 7614K->992K(7680K)] 19592K->12969K(24576K), 0.0004110 secs] [Times: user=0.00 sys=0.00, real=0.00 secs] 
152.475: Total time for which application threads were stopped: 0.0005030 seconds, Stopping threads took: 0.0000370 seconds
152.505: Application time: 0.0297120 seconds
152.505: [GC [PSYoungGen: 7646K->928K(7680K)] 19624K->12905K(24576K), 0.0003680 secs] [Times: user=0.00 sys=0.00, real=0.00 secs] 
152.505: Total time for which application threads were stopped: 0.0004670 seconds, Stopping threads took: 0.0000450 seconds
152.535: Application time: 0.0295960 seconds
152.535: [GC [PSYoungGen: 7582K->960K(7680K)] 19560K->12937K(24576K), 0.0003920 secs] [Times: user=0.00 sys=0.00, real=0.00 secs] 
152.535: Total time for which application threads were stopped: 0.0004870 seconds, Stopping threads took: 0.0000380 seconds
152.565: Application time: 0.0295300 seconds
152.565: [GC [PSYoungGen: 7614K->928K(7680K)] 19592K->12905K(24576K), 0.0003790 secs] [Times: user=0.00 sys=0.00, real=0.00 secs] 
152.565: Total time for which application threads were stopped: 0.0004650 seconds, Stopping threads took: 0.0000330 seconds
152.595: Application time: 0.0299360 seconds
152.595: [GC [PSYoungGen: 7582K->960K(7680K)] 19560K->12937K(24576K), 0.0003870 secs] [Times: user=0.00 sys=0.00, real=0.00 secs] 
152.596: Total time for which application threads were stopped: 0.0004810 seconds, Stopping threads took: 0.0000420 seconds
152.625: Application time: 0.0298850 seconds
152.626: [GC [PSYoungGen: 7614K->896K(7680K)] 19592K->12982K(24576K), 0.0004700 secs] [Times: user=0.01 sys=0.00, real=0.00 secs] 
152.626: Total time for which application threads were stopped: 0.0005880 seconds, Stopping threads took: 0.0000580 seconds
152.656: Application time: 0.0296570 seconds
152.656: [GC [PSYoungGen: 7550K->896K(7680K)] 19636K->12982K(24576K), 0.0004410 secs] [Times: user=0.00 sys=0.00, real=0.00 secs] 
152.656: Total time for which application threads were stopped: 0.0005360 seconds, Stopping threads took: 0.0000400 seconds
152.686: Application time: 0.0296880 seconds
152.686: [GC [PSYoungGen: 7550K->512K(7680K)] 19636K->13119K(24576K), 0.0004110 secs] [Times: user=0.00 sys=0.00, real=0.00 secs] 
152.686: Total time for which application threads were stopped: 0.0004990 seconds, Stopping threads took: 0.0000350 seconds
152.716: Application time: 0.0297480 seconds
152.716: [GC [PSYoungGen: 7166K->640K(7680K)] 19774K->13247K(24576K), 0.0003730 secs] [Times: user=0.00 sys=0.00, real=0.00 secs] 
152.717: Total time for which application threads were stopped: 0.0004730 seconds, Stopping threads took: 0.0000460 seconds
152.746: Application time: 0.0296460 seconds
152.746: [GC [PSYoungGen: 7294K->512K(7680K)] 19902K->13119K(24576K), 0.0003430 secs] [Times: user=0.00 sys=0.00, real=0.00 secs] 
152.747: Total time for which application threads were stopped: 0.0004370 seconds, Stopping threads took: 0.0000360 seconds
152.777: Application time: 0.0298290 seconds
152.777: [GC [PSYoungGen: 7166K->0K(7680K)] 19774K->13031K(24576K), 0.0003990 secs] [Times: user=0.00 sys=0.00, real=0.00 secs] 
152.777: Total time for which application threads were stopped: 0.0004950 seconds, Stopping threads took: 0.0000440 seconds
152.807: Application time: 0.0299430 seconds
152.807: [GC [PSYoungGen: 6654K->0K(7680K)] 19686K->13031K(24576K), 0.0003280 secs] [Times: user=0.00 sys=0.00, real=0.00 secs] 
152.807: Total time for which application threads were stopped: 0.0004190 seconds, Stopping threads took: 0.0000400 seconds
152.837: Application time: 0.0298590 seconds
152.837: [GC [PSYoungGen: 6654K->0K(7680K)] 19686K->13031K(24576K), 0.0003550 secs] [Times: user=0.00 sys=0.00, real=0.00 secs] 
152.838: Total time for which application threads were stopped: 0.0004500 seconds, Stopping threads took: 0.0000460 seconds
152.867: Application time: 0.0296470 seconds
152.867: [GC [PSYoungGen: 6654K->0K(7680K)] 19686K->13031K(24576K), 0.0003190 secs] [Times: user=0.00 sys=0.00, real=0.00 secs] 
152.868: Total time for which application threads were stopped: 0.0004160 seconds, Stopping threads took: 0.0000410 seconds
152.898: Application time: 0.0300930 seconds
152.898: [GC [PSYoungGen: 6654K->0K(7680K)] 19686K->13031K(24576K), 0.0003020 secs] [Times: user=0.00 sys=0.00, real=0.00 secs] 
152.898: Total time for which application threads were stopped: 0.0004020 seconds, Stopping threads took: 0.0000490 seconds
152.928: Application time: 0.0297080 seconds
152.928: [GC [PSYoungGen: 6654K->0K(7680K)] 19686K->13031K(24576K), 0.0003080 secs] [Times: user=0.00 sys=0.00, real=0.00 secs] 
152.928: Total time for which application threads were stopped: 0.0004000 seconds, Stopping threads took: 0.0000410 seconds
152.958: Application time: 0.0295050 seconds
152.959: [GC [PSYoungGen: 6654K->0K(7680K)] 19686K->13031K(24576K), 0.0003090 secs] [Times: user=0.00 sys=0.00, real=0.00 secs] 
152.959: Total time for which application threads were stopped: 0.0012070 seconds, Stopping threads took: 0.0008500 seconds
152.988: Application time: 0.0293390 seconds
152.989: [GC [PSYoungGen: 6654K->0K(7680K)] 19686K->13031K(24576K), 0.0003000 secs] [Times: user=0.00 sys=0.00, real=0.00 secs] 
152.989: Total time for which application threads were stopped: 0.0003850 seconds, Stopping threads took: 0.0000370 seconds
153.018: Application time: 0.0293800 seconds
153.018: [GC [PSYoungGen: 6654K->0K(7680K)] 19686K->13031K(24576K), 0.0002780 secs] [Times: user=0.00 sys=0.00, real=0.00 secs] 
153.019: Total time for which application threads were stopped: 0.0003730 seconds, Stopping threads took: 0.0000470 seconds
153.039: Application time: 0.0206200 seconds
153.039: [GC [PSYoungGen: 6603K->384K(7680K)] 19635K->13415K(24576K), 0.0003400 secs] [Times: user=0.00 sys=0.00, real=0.00 secs] 
153.040: Total time for which application threads were stopped: 0.0004340 seconds, Stopping threads took: 0.0000450 seconds
153.056: Application time: 0.0159980 seconds
153.056: [GC [PSYoungGen: 7037K->480K(7680K)] 20069K->13511K(24576K), 0.0003740 secs] [Times: user=0.00 sys=0.00, real=0.00 secs] 
153.056: Total time for which application threads were stopped: 0.0004700 seconds, Stopping threads took: 0.0000430 seconds
153.074: Application time: 0.0176060 seconds
153.074: [GC [PSYoungGen: 7131K->544K(7680K)] 20163K->13575K(24576K), 0.0003410 secs] [Times: user=0.00 sys=0.00, real=0.00 secs] 
153.074: Total time for which application threads were stopped: 0.0004430 seconds, Stopping threads took: 0.0000520 seconds
153.098: Application time: 0.0240530 seconds
153.098: [GC [PSYoungGen: 7197K->480K(7680K)] 20229K->13511K(24576K), 0.0003940 secs] [Times: user=0.00 sys=0.00, real=0.00 secs] 
153.099: Total time for which application threads were stopped: 0.0004960 seconds, Stopping threads took: 0.0000470 seconds
153.128: Application time: 0.0288740 seconds
153.128: [GC [PSYoungGen: 7134K->512K(7680K)] 20165K->13543K(24576K), 0.0003380 secs] [Times: user=0.00 sys=0.00, real=0.00 secs] 
153.128: Total time for which application threads were stopped: 0.0004470 seconds, Stopping threads took: 0.0000580 seconds
153.155: Application time: 0.0273040 seconds
153.155: [GC [PSYoungGen: 7165K->480K(7680K)] 20196K->13511K(24576K), 0.0003820 secs] [Times: user=0.00 sys=0.00, real=0.00 secs] 
153.156: Total time for which application threads were stopped: 0.0004900 seconds, Stopping threads took: 0.0000530 seconds
153.185: Application time: 0.0294460 seconds
153.187: [GC [PSYoungGen: 7134K->544K(7680K)] 20166K->13575K(24576K), 0.0003670 secs] [Times: user=0.00 sys=0.00, real=0.00 secs] 
153.187: Total time for which application threads were stopped: 0.0018880 seconds, Stopping threads took: 0.0014680 seconds
153.217: Application time: 0.0295740 seconds
153.217: [GC [PSYoungGen: 7198K->672K(7680K)] 20230K->13703K(24576K), 0.0003970 secs] [Times: user=0.00 sys=0.00, real=0.00 secs] 
153.217: Total time for which application threads were stopped: 0.0004930 seconds, Stopping threads took: 0.0000460 seconds
153.247: Application time: 0.0293940 seconds
153.247: [GC [PSYoungGen: 7326K->512K(7680K)] 20358K->13543K(24576K), 0.0003480 secs] [Times: user=0.00 sys=0.00, real=0.00 secs] 
153.247: Total time for which application threads were stopped: 0.0004510 seconds, Stopping threads took: 0.0000500 seconds
153.277: Application time: 0.0295750 seconds
153.279: [GC [PSYoungGen: 7166K->480K(7680K)] 20198K->13511K(24576K), 0.0003450 secs] [Times: user=0.00 sys=0.00, real=0.00 secs] 
153.279: Total time for which application threads were stopped: 0.0024830 seconds, Stopping threads took: 0.0020850 seconds
153.309: Application time: 0.0296740 seconds
153.309: [GC [PSYoungGen: 7134K->544K(7680K)] 20166K->13575K(24576K), 0.0003460 secs] [Times: user=0.00 sys=0.00, real=0.00 secs] 
153.309: Total time for which application threads were stopped: 0.0004600 seconds, Stopping threads took: 0.0000630 seconds
153.339: Application time: 0.0296990 seconds
153.339: [GC [PSYoungGen: 7198K->512K(7680K)] 20230K->13543K(24576K), 0.0003450 secs] [Times: user=0.00 sys=0.00, real=0.00 secs] 
153.339: Total time for which application threads were stopped: 0.0004430 seconds, Stopping threads took: 0.0000460 seconds
153.369: Application time: 0.0295810 seconds
153.369: [GC [PSYoungGen: 7166K->544K(7680K)] 20198K->13575K(24576K), 0.0003450 secs] [Times: user=0.00 sys=0.00, real=0.00 secs] 
153.370: Total time for which application threads were stopped: 0.0004510 seconds, Stopping threads took: 0.0000480 seconds
153.399: Application time: 0.0296720 seconds
153.399: [GC [PSYoungGen: 7198K->512K(7680K)] 20230K->13543K(24576K), 0.0003210 secs] [Times: user=0.00 sys=0.00, real=0.00 secs] 
153.400: Total time for which application threads were stopped: 0.0004120 seconds, Stopping threads took: 0.0000430 seconds
153.429: Application time: 0.0294740 seconds
153.429: [GC [PSYoungGen: 7166K->512K(7680K)] 20198K->13543K(24576K), 0.0003660 secs] [Times: user=0.00 sys=0.00, real=0.00 secs] 
153.430: Total time for which application threads were stopped: 0.0004670 seconds, Stopping threads took: 0.0000460 seconds
153.458: Application time: 0.0288420 seconds
153.458: [GC [PSYoungGen: 7164K->512K(7680K)] 20195K->13543K(24576K), 0.0003630 secs] [Times: user=0.00 sys=0.00, real=0.01 secs] 
153.459: Total time for which application threads were stopped: 0.0004690 seconds, Stopping threads took: 0.0000550 seconds
153.474: Application time: 0.0154990 seconds
153.474: [GC [PSYoungGen: 7165K->992K(7680K)] 20196K->14023K(24576K), 0.0004220 secs] [Times: user=0.00 sys=0.00, real=0.00 secs] 
153.475: Total time for which application threads were stopped: 0.0005150 seconds, Stopping threads took: 0.0000410 seconds
153.492: Application time: 0.0166510 seconds
153.492: [GC [PSYoungGen: 7644K->992K(7680K)] 20675K->14039K(24576K), 0.0004340 secs] [Times: user=0.01 sys=0.00, real=0.00 secs] 
153.492: Total time for which application threads were stopped: 0.0005270 seconds, Stopping threads took: 0.0000440 seconds
153.506: Application time: 0.0143770 seconds
153.506: [GC [PSYoungGen: 7644K->992K(7680K)] 20691K->14175K(24576K), 0.0004690 secs] [Times: user=0.00 sys=0.00, real=0.01 secs] 
153.507: Total time for which application threads were stopped: 0.0005730 seconds, Stopping threads took: 0.0000400 seconds
153.524: Application time: 0.0174390 seconds
153.525: [GC [PSYoungGen: 7647K->992K(7680K)] 20830K->14363K(24576K), 0.0004370 secs] [Times: user=0.00 sys=0.00, real=0.00 secs] 
153.525: Total time for which application threads were stopped: 0.0005360 seconds, Stopping threads took: 0.0000460 seconds
153.543: Application time: 0.0176320 seconds
153.543: [GC [PSYoungGen: 7644K->1008K(7680K)] 21016K->14540K(24576K), 0.0004620 secs] [Times: user=0.00 sys=0.00, real=0.00 secs] 
153.543: Total time for which application threads were stopped: 0.0005600 seconds, Stopping threads took: 0.0000450 seconds
153.562: Application time: 0.0185700 seconds
153.562: [GC [PSYoungGen: 7662K->992K(7680K)] 21194K->14652K(24576K), 0.0004310 secs] [Times: user=0.00 sys=0.00, real=0.00 secs] 
153.562: Total time for which application threads were stopped: 0.0005380 seconds, Stopping threads took: 0.0000550 seconds
153.582: Application time: 0.0197310 seconds
153.582: [GC [PSYoungGen: 7647K->992K(7680K)] 21307K->14796K(24576K), 0.0005130 secs] [Times: user=0.00 sys=0.00, real=0.00 secs] 
153.583: Total time for which application threads were stopped: 0.0006100 seconds, Stopping threads took: 0.0000420 seconds
153.611: Application time: 0.0282850 seconds
153.611: [GC [PSYoungGen: 7646K->992K(7680K)] 21450K->14808K(24576K), 0.0004170 secs] [Times: user=0.00 sys=0.00, real=0.00 secs] 
153.611: Total time for which application threads were stopped: 0.0005200 seconds, Stopping threads took: 0.0000500 seconds
153.630: Application time: 0.0188150 seconds
153.630: [GC [PSYoungGen: 7647K->1008K(7680K)] 21463K->15152K(24576K), 0.0006120 secs] [Times: user=0.00 sys=0.00, real=0.00 secs] 
153.631: Total time for which application threads were stopped: 0.0007270 seconds, Stopping threads took: 0.0000510 seconds
153.647: Application time: 0.0156990 seconds
153.647: [GC [PSYoungGen: 7661K->1008K(7680K)] 21805K->15404K(24576K), 0.0005610 secs] [Times: user=0.01 sys=0.00, real=0.00 secs] 
153.647: Total time for which application threads were stopped: 0.0006720 seconds, Stopping threads took: 0.0000510 seconds
153.664: Application time: 0.0164760 seconds
153.664: [GC [PSYoungGen: 7661K->976K(7680K)] 22057K->15628K(24576K), 0.0004940 secs] [Times: user=0.00 sys=0.00, real=0.00 secs] 
153.664: Total time for which application threads were stopped: 0.0005900 seconds, Stopping threads took: 0.0000420 seconds
153.687: Application time: 0.0229800 seconds
153.687: [GC [PSYoungGen: 7630K->992K(7680K)] 22282K->15780K(24576K), 0.0004490 secs] [Times: user=0.00 sys=0.00, real=0.00 secs] 
153.688: Total time for which application threads were stopped: 0.0005500 seconds, Stopping threads took: 0.0000470 seconds
153.716: Application time: 0.0282370 seconds
153.716: [GC [PSYoungGen: 7646K->992K(7680K)] 22434K->15780K(24576K), 0.0004420 secs] [Times: user=0.00 sys=0.00, real=0.00 secs] 
153.717: Total time for which application threads were stopped: 0.0005490 seconds, Stopping threads took: 0.0000520 seconds
153.743: Application time: 0.0264360 seconds
153.743: [GC [PSYoungGen: 7646K->1008K(7680K)] 22434K->15924K(24576K), 0.0004370 secs] [Times: user=0.00 sys=0.00, real=0.00 secs] 
153.744: Total time for which application threads were stopped: 0.0005400 seconds, Stopping threads took: 0.0000500 seconds
153.772: Application time: 0.0285570 seconds
153.772: [GC [PSYoungGen: 7660K->1008K(7680K)] 22576K->15924K(24576K), 0.0004220 secs] [Times: user=0.01 sys=0.00, real=0.00 secs] 
153.773: Total time for which application threads were stopped: 0.0005290 seconds, Stopping threads took: 0.0000540 seconds
153.802: Application time: 0.0289720 seconds
153.802: [GC [PSYoungGen: 7662K->864K(7680K)] 22579K->15900K(24576K), 0.0004020 secs] [Times: user=0.00 sys=0.00, real=0.00 secs] 
153.802: Total time for which application threads were stopped: 0.0005010 seconds, Stopping threads took: 0.0000480 seconds
153.831: Application time: 0.0290130 seconds
153.831: [GC [PSYoungGen: 7516K->800K(7680K)] 22552K->15928K(24576K), 0.0004140 secs] [Times: user=0.00 sys=0.00, real=0.00 secs] 
153.832: Total time for which application threads were stopped: 0.0005090 seconds, Stopping threads took: 0.0000440 seconds
153.860: Application time: 0.0285860 seconds
153.860: [GC [PSYoungGen: 7454K->768K(7680K)] 22583K->15928K(24576K), 0.0003790 secs] [Times: user=0.00 sys=0.00, real=0.00 secs] 
153.861: Total time for which application threads were stopped: 0.0004690 seconds, Stopping threads took: 0.0000360 seconds
153.889: Application time: 0.0278740 seconds
153.889: [GC [PSYoungGen: 7422K->928K(7680K)] 22582K->16088K(24576K), 0.0004560 secs] [Times: user=0.00 sys=0.00, real=0.00 secs] 
153.889: Total time for which application threads were stopped: 0.0005680 seconds, Stopping threads took: 0.0000500 seconds
153.915: Application time: 0.0261550 seconds
153.916: [GC [PSYoungGen: 7583K->992K(7680K)] 22744K->16296K(24576K), 0.0004820 secs] [Times: user=0.00 sys=0.00, real=0.00 secs] 
153.917: Total time for which application threads were stopped: 0.0014900 seconds, Stopping threads took: 0.0009510 seconds
153.945: Application time: 0.0280310 seconds
153.945: [GC [PSYoungGen: 7644K->992K(7680K)] 22949K->16384K(24576K), 0.0004540 secs] [Times: user=0.00 sys=0.00, real=0.00 secs] 
153.946: Total time for which application threads were stopped: 0.0005610 seconds, Stopping threads took: 0.0000550 seconds
153.973: Application time: 0.0276850 seconds
153.973: [GC [PSYoungGen: 7647K->1008K(7680K)] 23040K->16432K(24576K), 0.0004460 secs] [Times: user=0.00 sys=0.00, real=0.00 secs] 
153.974: Total time for which application threads were stopped: 0.0005490 seconds, Stopping threads took: 0.0000490 seconds
154.002: Application time: 0.0284270 seconds
154.002: [GC [PSYoungGen: 7662K->992K(7680K)] 23087K->16445K(24576K), 0.0004330 secs] [Times: user=0.00 sys=0.00, real=0.00 secs] 
154.003: Total time for which application threads were stopped: 0.0005390 seconds, Stopping threads took: 0.0000460 seconds
154.032: Application time: 0.0294070 seconds
154.032: [GC [PSYoungGen: 7646K->992K(7680K)] 23100K->16541K(24576K), 0.0004610 secs] [Times: user=0.00 sys=0.00, real=0.00 secs] 
154.033: Total time for which application threads were stopped: 0.0005530 seconds, Stopping threads took: 0.0000390 seconds
154.060: Application time: 0.0269670 seconds
154.060: [GC [PSYoungGen: 7647K->992K(7680K)] 23197K->16853K(24576K), 0.0004610 secs] [Times: user=0.00 sys=0.00, real=0.00 secs] 
154.060: Total time for which application threads were stopped: 0.0005640 seconds, Stopping threads took: 0.0000490 seconds
154.089: Application time: 0.0288830 seconds
154.089: [GC [PSYoungGen: 7645K->992K(7680K)] 23507K->16861K(24576K), 0.0004250 secs] [Times: user=0.00 sys=0.00, real=0.00 secs] 
154.090: Total time for which application threads were stopped: 0.0005200 seconds, Stopping threads took: 0.0000380 seconds
154.119: Application time: 0.0295710 seconds
154.119: [GC [PSYoungGen: 7646K->896K(7680K)] 23516K->16893K(24576K), 0.0004000 secs] [Times: user=0.00 sys=0.00, real=0.00 secs] 
154.120: Total time for which application threads were stopped: 0.0005120 seconds, Stopping threads took: 0.0000580 seconds
154.149: Application time: 0.0297320 seconds
154.150: [GC [PSYoungGen: 7548K->896K(7680K)] 23545K->16893K(24576K), 0.0003900 secs] [Times: user=0.00 sys=0.00, real=0.00 secs] 
154.150: Total time for which application threads were stopped: 0.0005020 seconds, Stopping threads took: 0.0000560 seconds
154.180: Application time: 0.0296770 seconds
154.180: [GC [PSYoungGen: 7550K->864K(7680K)] 23548K->16877K(24576K), 0.0003780 secs] [Times: user=0.01 sys=0.00, real=0.00 secs] 
154.180: Total time for which application threads were stopped: 0.0004750 seconds, Stopping threads took: 0.0000450 seconds
154.210: Application time: 0.0295180 seconds
154.210: [GC [PSYoungGen: 7518K->832K(7680K)] 23532K->16845K(24576K), 0.0004440 secs] [Times: user=0.00 sys=0.00, real=0.00 secs] 
154.210: Total time for which application threads were stopped: 0.0005590 seconds, Stopping threads took: 0.0000640 seconds
154.240: Application time: 0.0294830 seconds
154.240: [GC [PSYoungGen: 7486K->864K(7680K)] 23500K->16877K(24576K), 0.0004060 secs] [Times: user=0.00 sys=0.00, real=0.00 secs] 
154.240: Total time for which application threads were stopped: 0.0005120 seconds, Stopping threads took: 0.0000540 seconds
154.270: Application time: 0.0298520 seconds
154.270: [GC [PSYoungGen: 7518K->928K(7680K)] 23532K->16941K(24576K), 0.0003800 secs] [Times: user=0.00 sys=0.00, real=0.00 secs] 
154.271: Total time for which application threads were stopped: 0.0004950 seconds, Stopping threads took: 0.0000640 seconds
154.300: Application time: 0.0296060 seconds
154.300: [GC [PSYoungGen: 7582K->864K(7680K)] 23596K->16877K(24576K), 0.0003870 secs] [Times: user=0.00 sys=0.00, real=0.00 secs] 
154.301: Total time for which application threads were stopped: 0.0005060 seconds, Stopping threads took: 0.0000630 seconds
154.330: Application time: 0.0295740 seconds
154.330: [GC [PSYoungGen: 7518K->800K(7680K)] 23532K->16813K(24576K), 0.0003810 secs] [Times: user=0.00 sys=0.00, real=0.00 secs] 
154.331: Total time for which application threads were stopped: 0.0004940 seconds, Stopping threads took: 0.0000540 seconds
154.360: Application time: 0.0297290 seconds
154.361: [GC [PSYoungGen: 7452K->576K(7680K)] 23465K->16858K(24576K), 0.0004220 secs] [Times: user=0.00 sys=0.00, real=0.00 secs] 
154.361: Total time for which application threads were stopped: 0.0005140 seconds, Stopping threads took: 0.0000430 seconds
154.391: Application time: 0.0295070 seconds
154.391: [GC [PSYoungGen: 7230K->640K(7680K)] 23512K->16922K(24576K), 0.0003710 secs] [Times: user=0.00 sys=0.00, real=0.00 secs] 
154.391: Total time for which application threads were stopped: 0.0004930 seconds, Stopping threads took: 0.0000580 seconds
154.421: Application time: 0.0297400 seconds
154.421: [GC [PSYoungGen: 7294K->448K(7680K)] 23576K->16942K(24576K), 0.0003950 secs] [Times: user=0.00 sys=0.00, real=0.00 secs] 
154.421: Total time for which application threads were stopped: 0.0004820 seconds, Stopping threads took: 0.0000380 seconds
154.451: Application time: 0.0298530 seconds
154.451: [GC [PSYoungGen: 7102K->416K(7680K)] 23597K->17006K(24576K), 0.0003380 secs] [Times: user=0.00 sys=0.00, real=0.00 secs] 
154.452: [Full GC [PSYoungGen: 416K->0K(7680K)] [ParOldGen: 16590K->3799K(16896K)] 17006K->3799K(24576K) [PSPermGen: 5573K->5573K(21504K)], 0.0066190 secs] [Times: user=0.03 sys=0.00, real=0.00 secs] 
154.458: Total time for which application threads were stopped: 0.0070980 seconds, Stopping threads took: 0.0000410 seconds
154.488: Application time: 0.0302170 seconds
154.488: [GC [PSYoungGen: 6654K->0K(7680K)] 10454K->3799K(24576K), 0.0003130 secs] [Times: user=0.00 sys=0.00, real=0.00 secs] 
154.489: Total time for which application threads were stopped: 0.0004210 seconds, Stopping threads took: 0.0000490 seconds
154.519: Application time: 0.0300270 seconds
154.519: [GC [PSYoungGen: 6654K->0K(7680K)] 10454K->3799K(24576K), 0.0003230 secs] [Times: user=0.01 sys=0.00, real=0.00 secs] 
154.519: Total time for which application threads were stopped: 0.0004140 seconds, Stopping threads took: 0.0000430 seconds
154.549: Application time: 0.0300750 seconds
154.549: [GC [PSYoungGen: 6654K->0K(7680K)] 10454K->3799K(24576K), 0.0003150 secs] [Times: user=0.00 sys=0.00, real=0.00 secs] 
154.550: Total time for which application threads were stopped: 0.0004110 seconds, Stopping threads took: 0.0000480 seconds
154.580: Application time: 0.0300760 seconds
154.580: [GC [PSYoungGen: 6654K->0K(7680K)] 10454K->3799K(24576K), 0.0003140 secs] [Times: user=0.00 sys=0.00, real=0.00 secs] 
154.580: Total time for which application threads were stopped: 0.0004120 seconds, Stopping threads took: 0.0000500 seconds
154.610: Application time: 0.0300610 seconds
154.610: [GC [PSYoungGen: 6654K->0K(7680K)] 10454K->3799K(24576K), 0.0003030 secs] [Times: user=0.01 sys=0.00, real=0.00 secs] 
154.611: Total time for which application threads were stopped: 0.0003950 seconds, Stopping threads took: 0.0000450 seconds
154.641: Application time: 0.0303940 seconds
154.641: [GC [PSYoungGen: 6654K->0K(7680K)] 10454K->3799K(24576K), 0.0003360 secs] [Times: user=0.00 sys=0.00, real=0.00 secs] 
154.642: Total time for which application threads were stopped: 0.0004520 seconds, Stopping threads took: 0.0000580 seconds
154.672: Application time: 0.0300140 seconds
154.672: [GC [PSYoungGen: 6654K->0K(7680K)] 10454K->3799K(24576K), 0.0003190 secs] [Times: user=0.00 sys=0.00, real=0.00 secs] 
154.672: Total time for which application threads were stopped: 0.0004150 seconds, Stopping threads took: 0.0000470 seconds
154.702: Application time: 0.0297840 seconds
154.702: [GC [PSYoungGen: 6654K->0K(7680K)] 10454K->3799K(24576K), 0.0003080 secs] [Times: user=0.00 sys=0.00, real=0.00 secs] 
154.702: Total time for which application threads were stopped: 0.0004010 seconds, Stopping threads took: 0.0000450 seconds
154.732: Application time: 0.0300800 seconds
154.732: [GC [PSYoungGen: 6652K->0K(7680K)] 10451K->3799K(24576K), 0.0002790 secs] [Times: user=0.00 sys=0.00, real=0.00 secs] 
154.733: Total time for which application threads were stopped: 0.0003820 seconds, Stopping threads took: 0.0000540 seconds
154.757: Application time: 0.0242790 seconds
154.757: [GC [PSYoungGen: 6654K->384K(7680K)] 10453K->4183K(24576K), 0.0003900 secs] [Times: user=0.00 sys=0.00, real=0.00 secs] 
154.757: Total time for which application threads were stopped: 0.0004960 seconds, Stopping threads took: 0.0000470 seconds
154.776: Application time: 0.0181230 seconds
154.776: [GC [PSYoungGen: 7036K->480K(7680K)] 10836K->4279K(24576K), 0.0003490 secs] [Times: user=0.00 sys=0.00, real=0.00 secs] 
154.776: Total time for which application threads were stopped: 0.0004570 seconds, Stopping threads took: 0.0000550 seconds
154.792: Application time: 0.0161790 seconds
154.792: [GC [PSYoungGen: 7132K->512K(7680K)] 10932K->4311K(24576K), 0.0003350 secs] [Times: user=0.00 sys=0.00, real=0.00 secs] 
154.793: Total time for which application threads were stopped: 0.0004260 seconds, Stopping threads took: 0.0000400 seconds
154.814: Application time: 0.0216460 seconds
154.814: [GC [PSYoungGen: 7163K->544K(7680K)] 10963K->4343K(24576K), 0.0003600 secs] [Times: user=0.00 sys=0.00, real=0.00 secs] 
154.815: Total time for which application threads were stopped: 0.0004720 seconds, Stopping threads took: 0.0000590 seconds
154.844: Application time: 0.0289660 seconds
154.844: [GC [PSYoungGen: 7198K->512K(7680K)] 10997K->4311K(24576K), 0.0003550 secs] [Times: user=0.00 sys=0.00, real=0.00 secs] 
154.844: Total time for which application threads were stopped: 0.0004550 seconds, Stopping threads took: 0.0000460 seconds
154.875: Application time: 0.0305010 seconds
154.875: [GC [PSYoungGen: 7164K->448K(7680K)] 10963K->4247K(24576K), 0.0007740 secs] [Times: user=0.01 sys=0.00, real=0.00 secs] 
154.876: Total time for which application threads were stopped: 0.0008590 seconds, Stopping threads took: 0.0000120 seconds
154.914: Application time: 0.0381130 seconds
154.914: [GC [PSYoungGen: 7103K->480K(7680K)] 10903K->4279K(24576K), 0.0004250 secs] [Times: user=0.00 sys=0.00, real=0.00 secs] 
154.914: Total time for which application threads were stopped: 0.0005580 seconds, Stopping threads took: 0.0000570 seconds
154.947: Application time: 0.0326590 seconds
154.949: [GC [PSYoungGen: 7135K->512K(7680K)] 10935K->4311K(24576K), 0.0004400 secs] [Times: user=0.00 sys=0.00, real=0.00 secs] 
154.949: Total time for which application threads were stopped: 0.0022140 seconds, Stopping threads took: 0.0017050 seconds
154.981: Application time: 0.0319310 seconds
154.981: [GC [PSYoungGen: 7163K->416K(7680K)] 10963K->4215K(24576K), 0.0005470 secs] [Times: user=0.01 sys=0.00, real=0.00 secs] 
154.982: Total time for which application threads were stopped: 0.0007020 seconds, Stopping threads took: 0.0000710 seconds
155.016: Application time: 0.0338280 seconds
155.016: [GC [PSYoungGen: 7067K->480K(7680K)] 10867K->4279K(24576K), 0.0004820 secs] [Times: user=0.01 sys=0.00, real=0.00 secs] 
155.016: Total time for which application threads were stopped: 0.0006320 seconds, Stopping threads took: 0.0000670 seconds
155.050: Application time: 0.0340670 seconds
155.050: [GC [PSYoungGen: 7133K->448K(7680K)] 10933K->4247K(24576K), 0.0004820 secs] [Times: user=0.01 sys=0.00, real=0.00 secs] 
155.051: Total time for which application threads were stopped: 0.0006460 seconds, Stopping threads took: 0.0000980 seconds
155.084: Application time: 0.0335950 seconds
155.085: [GC [PSYoungGen: 7101K->512K(7680K)] 10901K->4311K(24576K), 0.0003920 secs] [Times: user=0.00 sys=0.00, real=0.00 secs] 
155.085: Total time for which application threads were stopped: 0.0005160 seconds, Stopping threads took: 0.0000600 seconds
155.118: Application time: 0.0330280 seconds
155.118: [GC [PSYoungGen: 7167K->480K(7680K)] 10967K->4279K(24576K), 0.0004880 secs] [Times: user=0.00 sys=0.00, real=0.00 secs] 
155.119: Total time for which application threads were stopped: 0.0006110 seconds, Stopping threads took: 0.0000590 seconds
155.152: Application time: 0.0333190 seconds
155.152: [GC [PSYoungGen: 7133K->480K(7680K)] 10933K->4279K(24576K), 0.0004870 secs] [Times: user=0.00 sys=0.00, real=0.00 secs] 
155.153: Total time for which application threads were stopped: 0.0006130 seconds, Stopping threads took: 0.0000660 seconds
155.182: Application time: 0.0298990 seconds
155.183: [GC [PSYoungGen: 7134K->544K(7680K)] 10934K->4343K(24576K), 0.0003880 secs] [Times: user=0.00 sys=0.00, real=0.00 secs] 
155.183: Total time for which application threads were stopped: 0.0004990 seconds, Stopping threads took: 0.0000540 seconds
155.212: Application time: 0.0286500 seconds
155.212: [GC [PSYoungGen: 7196K->576K(7680K)] 10995K->4375K(24576K), 0.0003170 secs] [Times: user=0.00 sys=0.00, real=0.00 secs] 
155.212: Total time for which application threads were stopped: 0.0004220 seconds, Stopping threads took: 0.0000520 seconds
155.240: Application time: 0.0277410 seconds
155.240: [GC [PSYoungGen: 7175K->544K(7680K)] 10975K->4343K(24576K), 0.0004100 secs] [Times: user=0.00 sys=0.00, real=0.00 secs] 
155.240: Total time for which application threads were stopped: 0.0005170 seconds, Stopping threads took: 0.0000540 seconds
155.259: Application time: 0.0187710 seconds
155.259: [GC [PSYoungGen: 7196K->736K(7680K)] 10996K->4535K(24576K), 0.0003740 secs] [Times: user=0.00 sys=0.00, real=0.00 secs] 
155.260: Total time for which application threads were stopped: 0.0004810 seconds, Stopping threads took: 0.0000560 seconds
155.277: Application time: 0.0170670 seconds
155.277: [GC [PSYoungGen: 7297K->800K(7680K)] 11096K->4599K(24576K), 0.0003780 secs] [Times: user=0.00 sys=0.00, real=0.00 secs] 
155.277: Total time for which application threads were stopped: 0.0004750 seconds, Stopping threads took: 0.0000440 seconds
155.294: Application time: 0.0169580 seconds
155.294: [GC [PSYoungGen: 7454K->992K(7680K)] 11253K->4947K(24576K), 0.0005110 secs] [Times: user=0.00 sys=0.00, real=0.00 secs] 
155.295: Total time for which application threads were stopped: 0.0005970 seconds, Stopping threads took: 0.0000320 seconds
155.308: Application time: 0.0132850 seconds
155.308: [GC [PSYoungGen: 7644K->992K(7680K)] 11599K->5179K(24576K), 0.0004580 secs] [Times: user=0.00 sys=0.00, real=0.00 secs] 
155.309: Total time for which application threads were stopped: 0.0005600 seconds, Stopping threads took: 0.0000450 seconds
155.323: Application time: 0.0148920 seconds
155.323: [GC [PSYoungGen: 7644K->1008K(7680K)] 11832K->5560K(24576K), 0.0004980 secs] [Times: user=0.00 sys=0.00, real=0.00 secs] 
155.324: Total time for which application threads were stopped: 0.0005880 seconds, Stopping threads took: 0.0000380 seconds
155.341: Application time: 0.0165330 seconds
155.341: [GC [PSYoungGen: 7662K->992K(7680K)] 12215K->5704K(24576K), 0.0004780 secs] [Times: user=0.00 sys=0.00, real=0.00 secs] 
155.341: Total time for which application threads were stopped: 0.0005730 seconds, Stopping threads took: 0.0000410 seconds
155.365: Application time: 0.0241780 seconds
155.365: [GC [PSYoungGen: 7645K->992K(7680K)] 12358K->5912K(24576K), 0.0004870 secs] [Times: user=0.00 sys=0.00, real=0.00 secs] 
155.366: Total time for which application threads were stopped: 0.0005900 seconds, Stopping threads took: 0.0000500 seconds
155.393: Application time: 0.0270420 seconds
155.393: [GC [PSYoungGen: 7644K->1008K(7680K)] 12564K->6208K(24576K), 0.0005350 secs] [Times: user=0.00 sys=0.00, real=0.00 secs] 
155.394: Total time for which application threads were stopped: 0.0006330 seconds, Stopping threads took: 0.0000450 seconds
155.413: Application time: 0.0196330 seconds
155.413: [GC [PSYoungGen: 7565K->992K(7680K)] 12766K->6440K(24576K), 0.0005040 secs] [Times: user=0.01 sys=0.00, real=0.00 secs] 
155.414: Total time for which application threads were stopped: 0.0006240 seconds, Stopping threads took: 0.0000620 seconds
155.436: Application time: 0.0220130 seconds
155.436: [GC [PSYoungGen: 7645K->1008K(7680K)] 13093K->6561K(24576K), 0.0005070 secs] [Times: user=0.00 sys=0.00, real=0.00 secs] 
155.436: Total time for which application threads were stopped: 0.0006170 seconds, Stopping threads took: 0.0000480 seconds
155.451: Application time: 0.0141700 seconds
155.451: [GC [PSYoungGen: 7663K->992K(7680K)] 13216K->6822K(24576K), 0.0004730 secs] [Times: user=0.00 sys=0.00, real=0.00 secs] 
155.451: Total time for which application threads were stopped: 0.0005790 seconds, Stopping threads took: 0.0000470 seconds
155.472: Application time: 0.0206190 seconds
155.472: [GC [PSYoungGen: 7648K->1008K(7680K)] 13478K->6838K(24576K), 0.0004260 secs] [Times: user=0.00 sys=0.00, real=0.00 secs] 
155.472: Total time for which application threads were stopped: 0.0005290 seconds, Stopping threads took: 0.0000480 seconds
155.498: Application time: 0.0256460 seconds
155.498: [GC [PSYoungGen: 7662K->1008K(7680K)] 13492K->7030K(24576K), 0.0004500 secs] [Times: user=0.00 sys=0.00, real=0.00 secs] 
155.499: Total time for which application threads were stopped: 0.0005510 seconds, Stopping threads took: 0.0000480 seconds
155.526: Application time: 0.0274740 seconds
155.526: [GC [PSYoungGen: 7659K->992K(7680K)] 13681K->7218K(24576K), 0.0004520 secs] [Times: user=0.00 sys=0.00, real=0.00 secs] 
155.527: Total time for which application threads were stopped: 0.0005540 seconds, Stopping threads took: 0.0000500 seconds
155.554: Application time: 0.0274850 seconds
155.554: [GC [PSYoungGen: 7646K->992K(7680K)] 13873K->7519K(24576K), 0.0004400 secs] [Times: user=0.01 sys=0.00, real=0.00 secs] 
155.555: Total time for which application threads were stopped: 0.0005410 seconds, Stopping threads took: 0.0000500 seconds
155.584: Application time: 0.0289780 seconds
155.584: [GC [PSYoungGen: 7646K->912K(7680K)] 14173K->7439K(24576K), 0.0004720 secs] [Times: user=0.00 sys=0.00, real=0.00 secs] 
155.584: Total time for which application threads were stopped: 0.0005650 seconds, Stopping threads took: 0.0000360 seconds
155.614: Application time: 0.0295750 seconds
155.614: [GC [PSYoungGen: 7566K->960K(7680K)] 14094K->7487K(24576K), 0.0004720 secs] [Times: user=0.00 sys=0.00, real=0.00 secs] 
155.614: Total time for which application threads were stopped: 0.0005650 seconds, Stopping threads took: 0.0000340 seconds
155.643: Application time: 0.0288750 seconds
155.643: [GC [PSYoungGen: 7614K->944K(7680K)] 14142K->7503K(24576K), 0.0004750 secs] [Times: user=0.00 sys=0.00, real=0.00 secs] 
155.644: Total time for which application threads were stopped: 0.0005980 seconds, Stopping threads took: 0.0000590 seconds
155.671: Application time: 0.0277260 seconds
155.675: [GC [PSYoungGen: 7596K->992K(7680K)] 14155K->7587K(24576K), 0.0004610 secs] [Times: user=0.00 sys=0.00, real=0.00 secs] 
155.675: Total time for which application threads were stopped: 0.0037960 seconds, Stopping threads took: 0.0032790 seconds
155.703: Application time: 0.0280780 seconds
155.703: [GC [PSYoungGen: 7647K->928K(7680K)] 14243K->7667K(24576K), 0.0004130 secs] [Times: user=0.00 sys=0.00, real=0.00 secs] 
155.704: Total time for which application threads were stopped: 0.0005170 seconds, Stopping threads took: 0.0000510 seconds
155.730: Application time: 0.0263670 seconds
155.730: [GC [PSYoungGen: 7583K->992K(7680K)] 14323K->7952K(24576K), 0.0005140 secs] [Times: user=0.00 sys=0.00, real=0.00 secs] 
155.731: Total time for which application threads were stopped: 0.0006230 seconds, Stopping threads took: 0.0000520 seconds
155.757: Application time: 0.0262130 seconds
155.759: [GC [PSYoungGen: 7644K->992K(7680K)] 14605K->8192K(24576K), 0.0005610 secs] [Times: user=0.00 sys=0.00, real=0.00 secs] 
155.759: Total time for which application threads were stopped: 0.0023060 seconds, Stopping threads took: 0.0016890 seconds
155.789: Application time: 0.0296360 seconds
155.789: [GC [PSYoungGen: 7646K->992K(7680K)] 14846K->8261K(24576K), 0.0004440 secs] [Times: user=0.01 sys=0.00, real=0.00 secs] 
155.790: Total time for which application threads were stopped: 0.0005440 seconds, Stopping threads took: 0.0000450 seconds
155.819: Application time: 0.0289870 seconds
155.823: [GC [PSYoungGen: 7646K->960K(7680K)] 14915K->8333K(24576K), 0.0004950 secs] [Times: user=0.00 sys=0.00, real=0.00 secs] 
155.823: Total time for which application threads were stopped: 0.0047650 seconds, Stopping threads took: 0.0042160 seconds
155.852: Application time: 0.0283090 seconds
155.852: [GC [PSYoungGen: 7612K->992K(7680K)] 14985K->8501K(24576K), 0.0004420 secs] [Times: user=0.00 sys=0.00, real=0.00 secs] 
155.852: Total time for which application threads were stopped: 0.0005410 seconds, Stopping threads took: 0.0000460 seconds
155.879: Application time: 0.0268590 seconds
155.879: [GC [PSYoungGen: 7647K->960K(7680K)] 15156K->8629K(24576K), 0.0004580 secs] [Times: user=0.00 sys=0.00, real=0.00 secs] 
155.880: Total time for which application threads were stopped: 0.0005680 seconds, Stopping threads took: 0.0000580 seconds
155.909: Application time: 0.0294890 seconds
155.909: [GC [PSYoungGen: 7612K->960K(7680K)] 15281K->8629K(24576K), 0.0003890 secs] [Times: user=0.00 sys=0.00, real=0.00 secs] 
155.910: Total time for which application threads were stopped: 0.0004880 seconds, Stopping threads took: 0.0000450 seconds
155.939: Application time: 0.0293560 seconds
155.939: [GC [PSYoungGen: 7614K->992K(7680K)] 15283K->8677K(24576K), 0.0004190 secs] [Times: user=0.00 sys=0.00, real=0.00 secs] 
155.939: Total time for which application threads were stopped: 0.0005230 seconds, Stopping threads took: 0.0000430 seconds
155.969: Application time: 0.0295180 seconds
155.969: [GC [PSYoungGen: 7646K->928K(7680K)] 15331K->8621K(24576K), 0.0004550 secs] [Times: user=0.01 sys=0.00, real=0.00 secs] 
155.970: Total time for which application threads were stopped: 0.0005680 seconds, Stopping threads took: 0.0000600 seconds
155.999: Application time: 0.0296080 seconds
155.999: [GC [PSYoungGen: 7582K->896K(7680K)] 15275K->8589K(24576K), 0.0004890 secs] [Times: user=0.00 sys=0.00, real=0.00 secs] 
156.000: Total time for which application threads were stopped: 0.0005970 seconds, Stopping threads took: 0.0000570 seconds
156.029: Application time: 0.0294660 seconds
156.029: [GC [PSYoungGen: 7550K->928K(7680K)] 15243K->8621K(24576K), 0.0004420 secs] [Times: user=0.00 sys=0.00, real=0.00 secs] 
156.030: Total time for which application threads were stopped: 0.0005270 seconds, Stopping threads took: 0.0000320 seconds
156.059: Application time: 0.0295560 seconds
156.059: [GC [PSYoungGen: 7582K->928K(7680K)] 15275K->8621K(24576K), 0.0004030 secs] [Times: user=0.00 sys=0.00, real=0.00 secs] 
156.060: Total time for which application threads were stopped: 0.0005050 seconds, Stopping threads took: 0.0000500 seconds
156.090: Application time: 0.0298670 seconds
156.091: [GC [PSYoungGen: 7580K->928K(7680K)] 15273K->8621K(24576K), 0.0004370 secs] [Times: user=0.00 sys=0.00, real=0.00 secs] 
156.091: Total time for which application threads were stopped: 0.0015570 seconds, Stopping threads took: 0.0010640 seconds
156.121: Application time: 0.0295800 seconds
156.121: [GC [PSYoungGen: 7582K->992K(7680K)] 15275K->8685K(24576K), 0.0004230 secs] [Times: user=0.00 sys=0.00, real=0.00 secs] 
156.121: Total time for which application threads were stopped: 0.0005440 seconds, Stopping threads took: 0.0000550 seconds
156.151: Application time: 0.0295750 seconds
156.155: [GC [PSYoungGen: 7646K->928K(7680K)] 15339K->8697K(24576K), 0.0004000 secs] [Times: user=0.00 sys=0.00, real=0.00 secs] 
156.155: Total time for which application threads were stopped: 0.0042720 seconds, Stopping threads took: 0.0038200 seconds
156.185: Application time: 0.0295550 seconds
156.185: [GC [PSYoungGen: 7582K->672K(7680K)] 15352K->8646K(24576K), 0.0003800 secs] [Times: user=0.00 sys=0.00, real=0.00 secs] 
156.185: Total time for which application threads were stopped: 0.0004920 seconds, Stopping threads took: 0.0000600 seconds
156.215: Application time: 0.0295030 seconds
156.215: [GC [PSYoungGen: 7326K->544K(7680K)] 15300K->8746K(24576K), 0.0003700 secs] [Times: user=0.00 sys=0.00, real=0.00 secs] 
156.215: Total time for which application threads were stopped: 0.0004540 seconds, Stopping threads took: 0.0000330 seconds
156.245: Application time: 0.0297160 seconds
156.245: [GC [PSYoungGen: 7196K->512K(7680K)] 15398K->8714K(24576K), 0.0003350 secs] [Times: user=0.00 sys=0.00, real=0.00 secs] 
156.245: Total time for which application threads were stopped: 0.0004380 seconds, Stopping threads took: 0.0000530 seconds
156.275: Application time: 0.0296540 seconds
156.275: [GC [PSYoungGen: 7166K->512K(7680K)] 15369K->8714K(24576K), 0.0003540 secs] [Times: user=0.00 sys=0.00, real=0.00 secs] 
156.276: Total time for which application threads were stopped: 0.0004540 seconds, Stopping threads took: 0.0000490 seconds
156.305: Application time: 0.0296030 seconds
156.305: [GC [PSYoungGen: 7166K->512K(7680K)] 15369K->8714K(24576K), 0.0003350 secs] [Times: user=0.00 sys=0.00, real=0.00 secs] 
156.306: Total time for which application threads were stopped: 0.0004360 seconds, Stopping threads took: 0.0000520 seconds
156.335: Application time: 0.0296090 seconds
156.335: [GC [PSYoungGen: 7166K->0K(7680K)] 15369K->8619K(24576K), 0.0003800 secs] [Times: user=0.00 sys=0.00, real=0.00 secs] 
156.336: Total time for which application threads were stopped: 0.0004800 seconds, Stopping threads took: 0.0000500 seconds
156.365: Application time: 0.0295300 seconds
156.365: [GC [PSYoungGen: 6654K->0K(7680K)] 15274K->8619K(24576K), 0.0003070 secs] [Times: user=0.00 sys=0.00, real=0.00 secs] 
156.366: Total time for which application threads were stopped: 0.0004040 seconds, Stopping threads took: 0.0000480 seconds
156.395: Application time: 0.0295890 seconds
156.395: [GC [PSYoungGen: 6654K->0K(7680K)] 15274K->8619K(24576K), 0.0003320 secs] [Times: user=0.00 sys=0.00, real=0.00 secs] 
156.396: Total time for which application threads were stopped: 0.0004230 seconds, Stopping threads took: 0.0000430 seconds
156.425: Application time: 0.0294990 seconds
156.425: [GC [PSYoungGen: 6654K->0K(7680K)] 15274K->8619K(24576K), 0.0002950 secs] [Times: user=0.01 sys=0.00, real=0.00 secs] 
156.426: Total time for which application threads were stopped: 0.0003960 seconds, Stopping threads took: 0.0000520 seconds
156.457: Application time: 0.0311940 seconds
156.457: [GC [PSYoungGen: 6654K->0K(7680K)] 15274K->8619K(24576K), 0.0003120 secs] [Times: user=0.00 sys=0.00, real=0.00 secs] 
156.457: Total time for which application threads were stopped: 0.0004230 seconds, Stopping threads took: 0.0000450 seconds
156.486: Application time: 0.0293450 seconds
156.487: [GC [PSYoungGen: 6654K->0K(7680K)] 15274K->8619K(24576K), 0.0003140 secs] [Times: user=0.00 sys=0.00, real=0.01 secs] 
156.487: Total time for which application threads were stopped: 0.0003980 seconds, Stopping threads took: 0.0000350 seconds
156.517: Application time: 0.0296300 seconds
156.517: [GC [PSYoungGen: 6652K->0K(7680K)] 15272K->8619K(24576K), 0.0003950 secs] [Times: user=0.00 sys=0.00, real=0.00 secs] 
156.517: Total time for which application threads were stopped: 0.0004800 seconds, Stopping threads took: 0.0000370 seconds
156.548: Application time: 0.0314130 seconds
156.548: [GC [PSYoungGen: 6655K->0K(7680K)] 15275K->8619K(24576K), 0.0003560 secs] [Times: user=0.00 sys=0.00, real=0.00 secs] 
156.549: Total time for which application threads were stopped: 0.0004630 seconds, Stopping threads took: 0.0000430 seconds
156.570: Application time: 0.0207470 seconds
156.570: [GC [PSYoungGen: 6654K->384K(7680K)] 15274K->9003K(24576K), 0.0003340 secs] [Times: user=0.01 sys=0.00, real=0.00 secs] 
156.570: Total time for which application threads were stopped: 0.0004320 seconds, Stopping threads took: 0.0000480 seconds
156.591: Application time: 0.0210430 seconds
156.591: [GC [PSYoungGen: 7037K->352K(7680K)] 15657K->8971K(24576K), 0.0003860 secs] [Times: user=0.01 sys=0.00, real=0.00 secs] 
156.592: Total time for which application threads were stopped: 0.0004940 seconds, Stopping threads took: 0.0000590 seconds
156.610: Application time: 0.0186740 seconds
156.610: [GC [PSYoungGen: 7007K->544K(7680K)] 15627K->9163K(24576K), 0.0003570 secs] [Times: user=0.00 sys=0.00, real=0.00 secs] 
156.611: Total time for which application threads were stopped: 0.0004460 seconds, Stopping threads took: 0.0000400 seconds
156.634: Application time: 0.0232330 seconds
156.635: [GC [PSYoungGen: 7197K->448K(7680K)] 15817K->9067K(24576K), 0.0006240 secs] [Times: user=0.00 sys=0.00, real=0.00 secs] 
156.635: Total time for which application threads were stopped: 0.0015360 seconds, Stopping threads took: 0.0008390 seconds
156.661: Application time: 0.0256140 seconds
156.661: [GC [PSYoungGen: 7101K->480K(7680K)] 15721K->9099K(24576K), 0.0004050 secs] [Times: user=0.00 sys=0.00, real=0.00 secs] 
156.662: Total time for which application threads were stopped: 0.0005240 seconds, Stopping threads took: 0.0000650 seconds
156.690: Application time: 0.0280670 seconds
156.690: [GC [PSYoungGen: 7135K->544K(7680K)] 15755K->9163K(24576K), 0.0003740 secs] [Times: user=0.00 sys=0.00, real=0.00 secs] 
156.690: Total time for which application threads were stopped: 0.0004640 seconds, Stopping threads took: 0.0000390 seconds
156.718: Application time: 0.0282920 seconds
156.719: [GC [PSYoungGen: 7198K->576K(7680K)] 15817K->9195K(24576K), 0.0003740 secs] [Times: user=0.01 sys=0.00, real=0.01 secs] 
156.719: Total time for which application threads were stopped: 0.0004740 seconds, Stopping threads took: 0.0000490 seconds
156.748: Application time: 0.0293300 seconds
156.748: [GC [PSYoungGen: 7230K->544K(7680K)] 15850K->9163K(24576K), 0.0003470 secs] [Times: user=0.00 sys=0.00, real=0.00 secs] 
156.749: Total time for which application threads were stopped: 0.0004490 seconds, Stopping threads took: 0.0000510 seconds
156.778: Application time: 0.0293760 seconds
156.778: [GC [PSYoungGen: 7196K->512K(7680K)] 15816K->9131K(24576K), 0.0003530 secs] [Times: user=0.00 sys=0.00, real=0.00 secs] 
156.779: Total time for which application threads were stopped: 0.0004520 seconds, Stopping threads took: 0.0000490 seconds
156.808: Application time: 0.0293090 seconds
156.808: [GC [PSYoungGen: 7166K->544K(7680K)] 15786K->9163K(24576K), 0.0003340 secs] [Times: user=0.00 sys=0.00, real=0.00 secs] 
156.808: Total time for which application threads were stopped: 0.0004230 seconds, Stopping threads took: 0.0000390 seconds
156.838: Application time: 0.0292970 seconds
156.838: [GC [PSYoungGen: 7198K->576K(7680K)] 15818K->9195K(24576K), 0.0003500 secs] [Times: user=0.01 sys=0.00, real=0.00 secs] 
156.838: Total time for which application threads were stopped: 0.0004430 seconds, Stopping threads took: 0.0000410 seconds
156.867: Application time: 0.0293170 seconds
156.867: [GC [PSYoungGen: 7230K->640K(7680K)] 15850K->9259K(24576K), 0.0003690 secs] [Times: user=0.00 sys=0.00, real=0.00 secs] 
156.868: Total time for which application threads were stopped: 0.0004650 seconds, Stopping threads took: 0.0000450 seconds
156.897: Application time: 0.0293280 seconds
156.897: [GC [PSYoungGen: 7294K->512K(7680K)] 15914K->9131K(24576K), 0.0003440 secs] [Times: user=0.00 sys=0.00, real=0.00 secs] 
156.898: Total time for which application threads were stopped: 0.0004470 seconds, Stopping threads took: 0.0000540 seconds
156.927: Application time: 0.0294540 seconds
156.927: [GC [PSYoungGen: 7166K->512K(7680K)] 15786K->9131K(24576K), 0.0003570 secs] [Times: user=0.00 sys=0.00, real=0.00 secs] 
156.928: Total time for which application threads were stopped: 0.0004670 seconds, Stopping threads took: 0.0000570 seconds
156.957: Application time: 0.0291600 seconds
156.957: [GC [PSYoungGen: 7166K->480K(7680K)] 15786K->9099K(24576K), 0.0003570 secs] [Times: user=0.00 sys=0.00, real=0.00 secs] 
156.957: Total time for which application threads were stopped: 0.0004530 seconds, Stopping threads took: 0.0000450 seconds
156.979: Application time: 0.0217440 seconds
156.979: [GC [PSYoungGen: 7131K->672K(7680K)] 15751K->9291K(24576K), 0.0004330 secs] [Times: user=0.00 sys=0.00, real=0.00 secs] 
156.979: Total time for which application threads were stopped: 0.0005420 seconds, Stopping threads took: 0.0000480 seconds
157.000: Application time: 0.0203030 seconds
157.003: [GC [PSYoungGen: 7327K->896K(7680K)] 15946K->9515K(24576K), 0.0005920 secs] [Times: user=0.00 sys=0.00, real=0.00 secs] 
157.003: Total time for which application threads were stopped: 0.0037420 seconds, Stopping threads took: 0.0030980 seconds
157.024: Application time: 0.0205030 seconds
157.024: [GC [PSYoungGen: 7552K->992K(7680K)] 16171K->9611K(24576K), 0.0004230 secs] [Times: user=0.00 sys=0.00, real=0.00 secs] 
157.024: Total time for which application threads were stopped: 0.0005200 seconds, Stopping threads took: 0.0000430 seconds
157.041: Application time: 0.0163210 seconds
157.041: [GC [PSYoungGen: 7647K->992K(7680K)] 16267K->9803K(24576K), 0.0004530 secs] [Times: user=0.00 sys=0.00, real=0.00 secs] 
157.041: Total time for which application threads were stopped: 0.0005650 seconds, Stopping threads took: 0.0000540 seconds
157.057: Application time: 0.0155450 seconds
157.057: [GC [PSYoungGen: 7646K->992K(7680K)] 16458K->9971K(24576K), 0.0004580 secs] [Times: user=0.00 sys=0.00, real=0.00 secs] 
157.057: Total time for which application threads were stopped: 0.0005570 seconds, Stopping threads took: 0.0000450 seconds
157.073: Application time: 0.0150620 seconds
157.073: [GC [PSYoungGen: 7646K->992K(7680K)] 16626K->10307K(24576K), 0.0005650 secs] [Times: user=0.01 sys=0.00, real=0.00 secs] 
157.073: Total time for which application threads were stopped: 0.0006560 seconds, Stopping threads took: 0.0000400 seconds
157.091: Application time: 0.0177110 seconds
157.091: [GC [PSYoungGen: 7644K->992K(7680K)] 16960K->10459K(24576K), 0.0004620 secs] [Times: user=0.01 sys=0.00, real=0.00 secs] 
157.091: Total time for which application threads were stopped: 0.0005640 seconds, Stopping threads took: 0.0000430 seconds
157.114: Application time: 0.0221630 seconds
157.114: [GC [PSYoungGen: 7648K->992K(7680K)] 17115K->10467K(24576K), 0.0004590 secs] [Times: user=0.00 sys=0.00, real=0.00 secs] 
157.114: Total time for which application threads were stopped: 0.0005500 seconds, Stopping threads took: 0.0000380 seconds
157.141: Application time: 0.0270070 seconds
157.141: [GC [PSYoungGen: 7644K->1008K(7680K)] 17120K->10668K(24576K), 0.0004930 secs] [Times: user=0.00 sys=0.00, real=0.00 secs] 
157.142: Total time for which application threads were stopped: 0.0005960 seconds, Stopping threads took: 0.0000460 seconds
157.161: Application time: 0.0192850 seconds
157.161: [GC [PSYoungGen: 7663K->1008K(7680K)] 17323K->11048K(24576K), 0.0005620 secs] [Times: user=0.00 sys=0.00, real=0.00 secs] 
157.162: Total time for which application threads were stopped: 0.0006730 seconds, Stopping threads took: 0.0000550 seconds
157.182: Application time: 0.0201830 seconds
157.182: [GC [PSYoungGen: 7664K->1008K(7680K)] 17704K->11236K(24576K), 0.0005330 secs] [Times: user=0.00 sys=0.00, real=0.00 secs] 
157.183: Total time for which application threads were stopped: 0.0006260 seconds, Stopping threads took: 0.0000400 seconds
157.208: Application time: 0.0251540 seconds
157.208: [GC [PSYoungGen: 7662K->1008K(7680K)] 17890K->11484K(24576K), 0.0005030 secs] [Times: user=0.01 sys=0.00, real=0.00 secs] 
157.208: Total time for which application threads were stopped: 0.0007190 seconds, Stopping threads took: 0.0001640 seconds
157.228: Application time: 0.0195750 seconds
157.228: [GC [PSYoungGen: 7660K->992K(7680K)] 18137K->11677K(24576K), 0.0005200 secs] [Times: user=0.00 sys=0.00, real=0.00 secs] 
157.229: Total time for which application threads were stopped: 0.0006270 seconds, Stopping threads took: 0.0000500 seconds
157.249: Application time: 0.0206100 seconds
157.249: [GC [PSYoungGen: 7647K->960K(7680K)] 18333K->11773K(24576K), 0.0004320 secs] [Times: user=0.00 sys=0.00, real=0.00 secs] 
157.250: Total time for which application threads were stopped: 0.0005270 seconds, Stopping threads took: 0.0000410 seconds
157.275: Application time: 0.0248410 seconds
157.275: [GC [PSYoungGen: 7611K->992K(7680K)] 18425K->11949K(24576K), 0.0004590 secs] [Times: user=0.00 sys=0.00, real=0.00 secs] 
157.275: Total time for which application threads were stopped: 0.0005520 seconds, Stopping threads took: 0.0000370 seconds
157.303: Application time: 0.0282940 seconds
157.304: [GC [PSYoungGen: 7644K->992K(7680K)] 18601K->11949K(24576K), 0.0004860 secs] [Times: user=0.00 sys=0.00, real=0.00 secs] 
157.304: Total time for which application threads were stopped: 0.0005820 seconds, Stopping threads took: 0.0000430 seconds
157.332: Application time: 0.0275320 seconds
157.332: [GC [PSYoungGen: 7644K->928K(7680K)] 18601K->12081K(24576K), 0.0004920 secs] [Times: user=0.00 sys=0.00, real=0.00 secs] 
157.332: Total time for which application threads were stopped: 0.0005870 seconds, Stopping threads took: 0.0000430 seconds
157.361: Application time: 0.0285960 seconds
157.361: [GC [PSYoungGen: 7582K->928K(7680K)] 18736K->12097K(24576K), 0.0004150 secs] [Times: user=0.00 sys=0.00, real=0.00 secs] 
157.361: Total time for which application threads were stopped: 0.0005120 seconds, Stopping threads took: 0.0000450 seconds
157.390: Application time: 0.0284680 seconds
157.390: [GC [PSYoungGen: 7582K->960K(7680K)] 18752K->12169K(24576K), 0.0004850 secs] [Times: user=0.00 sys=0.00, real=0.00 secs] 
157.390: Total time for which application threads were stopped: 0.0005880 seconds, Stopping threads took: 0.0000510 seconds
157.417: Application time: 0.0270650 seconds
157.417: [GC [PSYoungGen: 7613K->992K(7680K)] 18823K->12386K(24576K), 0.0004940 secs] [Times: user=0.00 sys=0.00, real=0.00 secs] 
157.418: Total time for which application threads were stopped: 0.0005920 seconds, Stopping threads took: 0.0000430 seconds
157.446: Application time: 0.0284480 seconds
157.447: [GC [PSYoungGen: 7646K->896K(7680K)] 19040K->12322K(24576K), 0.0004310 secs] [Times: user=0.00 sys=0.00, real=0.01 secs] 
157.447: Total time for which application threads were stopped: 0.0005220 seconds, Stopping threads took: 0.0000380 seconds
157.473: Application time: 0.0262630 seconds
157.473: [GC [PSYoungGen: 7551K->992K(7680K)] 18977K->12738K(24576K), 0.0004960 secs] [Times: user=0.01 sys=0.00, real=0.00 secs] 
157.474: Total time for which application threads were stopped: 0.0005980 seconds, Stopping threads took: 0.0000470 seconds
157.504: Application time: 0.0300720 seconds
157.504: [GC [PSYoungGen: 7645K->992K(7680K)] 19391K->12882K(24576K), 0.0005980 secs] [Times: user=0.00 sys=0.00, real=0.00 secs] 
157.505: Total time for which application threads were stopped: 0.0011050 seconds, Stopping threads took: 0.0004370 seconds
157.536: Application time: 0.0314520 seconds
157.537: [GC [PSYoungGen: 7647K->992K(7680K)] 19537K->12962K(24576K), 0.0004950 secs] [Times: user=0.00 sys=0.00, real=0.00 secs] 
157.537: Total time for which application threads were stopped: 0.0006230 seconds, Stopping threads took: 0.0000640 seconds
157.566: Application time: 0.0288730 seconds
157.566: [GC [PSYoungGen: 7646K->896K(7680K)] 19616K->12915K(24576K), 0.0004130 secs] [Times: user=0.00 sys=0.00, real=0.00 secs] 
157.566: Total time for which application threads were stopped: 0.0005190 seconds, Stopping threads took: 0.0000500 seconds
157.594: Application time: 0.0275250 seconds
157.594: [GC [PSYoungGen: 7550K->992K(7680K)] 19569K->13059K(24576K), 0.0004360 secs] [Times: user=0.01 sys=0.00, real=0.00 secs] 
157.595: Total time for which application threads were stopped: 0.0005520 seconds, Stopping threads took: 0.0000510 seconds
157.624: Application time: 0.0294990 seconds
157.624: [GC [PSYoungGen: 7646K->992K(7680K)] 19713K->13115K(24576K), 0.0004870 secs] [Times: user=0.00 sys=0.00, real=0.00 secs] 
157.625: Total time for which application threads were stopped: 0.0006090 seconds, Stopping threads took: 0.0000600 seconds
157.652: Application time: 0.0276330 seconds
157.655: [GC [PSYoungGen: 7645K->992K(7680K)] 19768K->13155K(24576K), 0.0004200 secs] [Times: user=0.00 sys=0.00, real=0.00 secs] 
157.655: Total time for which application threads were stopped: 0.0029360 seconds, Stopping threads took: 0.0024570 seconds
157.685: Application time: 0.0297950 seconds
157.685: [GC [PSYoungGen: 7644K->896K(7680K)] 19807K->13187K(24576K), 0.0004440 secs] [Times: user=0.00 sys=0.00, real=0.00 secs] 
157.686: Total time for which application threads were stopped: 0.0005360 seconds, Stopping threads took: 0.0000400 seconds
157.715: Application time: 0.0296640 seconds
157.715: [GC [PSYoungGen: 7550K->896K(7680K)] 19841K->13187K(24576K), 0.0003940 secs] [Times: user=0.00 sys=0.00, real=0.00 secs] 
157.716: Total time for which application threads were stopped: 0.0005030 seconds, Stopping threads took: 0.0000520 seconds
157.745: Application time: 0.0293440 seconds
157.747: [GC [PSYoungGen: 7550K->832K(7680K)] 19841K->13123K(24576K), 0.0003960 secs] [Times: user=0.00 sys=0.00, real=0.00 secs] 
157.747: Total time for which application threads were stopped: 0.0021400 seconds, Stopping threads took: 0.0016940 seconds
157.777: Application time: 0.0297610 seconds
157.777: [GC [PSYoungGen: 7486K->928K(7680K)] 19777K->13219K(24576K), 0.0003810 secs] [Times: user=0.00 sys=0.00, real=0.00 secs] 
157.777: Total time for which application threads were stopped: 0.0004850 seconds, Stopping threads took: 0.0000510 seconds
157.807: Application time: 0.0296420 seconds
157.807: [GC [PSYoungGen: 7582K->832K(7680K)] 19873K->13123K(24576K), 0.0003790 secs] [Times: user=0.00 sys=0.00, real=0.00 secs] 
157.808: Total time for which application threads were stopped: 0.0004970 seconds, Stopping threads took: 0.0000670 seconds
157.837: Application time: 0.0298320 seconds
157.839: [GC [PSYoungGen: 7484K->832K(7680K)] 19775K->13123K(24576K), 0.0003800 secs] [Times: user=0.00 sys=0.00, real=0.00 secs] 
157.839: Total time for which application threads were stopped: 0.0017390 seconds, Stopping threads took: 0.0013060 seconds
157.870: Application time: 0.0303510 seconds
157.871: [GC [PSYoungGen: 7484K->800K(7680K)] 19775K->13191K(24576K), 0.0004730 secs] [Times: user=0.00 sys=0.00, real=0.00 secs] 
157.871: Total time for which application threads were stopped: 0.0017970 seconds, Stopping threads took: 0.0012710 seconds
157.901: Application time: 0.0295460 seconds
157.901: [GC [PSYoungGen: 7454K->832K(7680K)] 19846K->13223K(24576K), 0.0003560 secs] [Times: user=0.00 sys=0.00, real=0.00 secs] 
157.901: Total time for which application threads were stopped: 0.0005140 seconds, Stopping threads took: 0.0001060 seconds
157.931: Application time: 0.0295040 seconds
157.931: [GC [PSYoungGen: 7486K->768K(7680K)] 19878K->13220K(24576K), 0.0004370 secs] [Times: user=0.00 sys=0.00, real=0.00 secs] 
157.931: Total time for which application threads were stopped: 0.0005530 seconds, Stopping threads took: 0.0000590 seconds
157.962: Application time: 0.0301690 seconds
157.962: [GC [PSYoungGen: 7420K->352K(7680K)] 19872K->13205K(24576K), 0.0004310 secs] [Times: user=0.00 sys=0.00, real=0.00 secs] 
157.962: Total time for which application threads were stopped: 0.0005240 seconds, Stopping threads took: 0.0000430 seconds
157.992: Application time: 0.0298050 seconds
157.992: [GC [PSYoungGen: 7006K->384K(7680K)] 19859K->13237K(24576K), 0.0003170 secs] [Times: user=0.00 sys=0.00, real=0.00 secs] 
157.992: Total time for which application threads were stopped: 0.0004100 seconds, Stopping threads took: 0.0000430 seconds
158.022: Application time: 0.0298360 seconds
158.022: [GC [PSYoungGen: 7036K->352K(7680K)] 19889K->13205K(24576K), 0.0003200 secs] [Times: user=0.00 sys=0.00, real=0.00 secs] 
158.023: Total time for which application threads were stopped: 0.0004390 seconds, Stopping threads took: 0.0000600 seconds
158.053: Application time: 0.0303460 seconds
158.055: [GC [PSYoungGen: 7006K->256K(7680K)] 19859K->13185K(24576K), 0.0004000 secs] [Times: user=0.00 sys=0.00, real=0.00 secs] 
158.055: Total time for which application threads were stopped: 0.0022150 seconds, Stopping threads took: 0.0017570 seconds
158.086: Application time: 0.0303830 seconds
158.086: [GC [PSYoungGen: 6910K->352K(7680K)] 19840K->13281K(24576K), 0.0003370 secs] [Times: user=0.00 sys=0.00, real=0.00 secs] 
158.086: Total time for which application threads were stopped: 0.0004350 seconds, Stopping threads took: 0.0000450 seconds
158.116: Application time: 0.0295380 seconds
158.116: [GC [PSYoungGen: 7006K->0K(7680K)] 19936K->13150K(24576K), 0.0003400 secs] [Times: user=0.00 sys=0.00, real=0.00 secs] 
158.116: Total time for which application threads were stopped: 0.0004340 seconds, Stopping threads took: 0.0000400 seconds
158.146: Application time: 0.0296670 seconds
158.146: [GC [PSYoungGen: 6654K->0K(7680K)] 19805K->13150K(24576K), 0.0002910 secs] [Times: user=0.00 sys=0.00, real=0.00 secs] 
158.146: Total time for which application threads were stopped: 0.0003950 seconds, Stopping threads took: 0.0000550 seconds
158.176: Application time: 0.0296090 seconds
158.176: [GC [PSYoungGen: 6654K->0K(7680K)] 19805K->13150K(24576K), 0.0003220 secs] [Times: user=0.00 sys=0.00, real=0.00 secs] 
158.176: Total time for which application threads were stopped: 0.0004110 seconds, Stopping threads took: 0.0000400 seconds
158.206: Application time: 0.0294940 seconds
158.206: [GC [PSYoungGen: 6654K->0K(7680K)] 19805K->13150K(24576K), 0.0002840 secs] [Times: user=0.01 sys=0.00, real=0.00 secs] 
158.206: Total time for which application threads were stopped: 0.0003740 seconds, Stopping threads took: 0.0000410 seconds
158.235: Application time: 0.0294670 seconds
158.239: [GC [PSYoungGen: 6654K->0K(7680K)] 19805K->13150K(24576K), 0.0002900 secs] [Times: user=0.00 sys=0.00, real=0.00 secs] 
158.239: Total time for which application threads were stopped: 0.0036620 seconds, Stopping threads took: 0.0033220 seconds
158.269: Application time: 0.0293980 seconds
158.269: [GC [PSYoungGen: 6654K->0K(7680K)] 19805K->13150K(24576K), 0.0002860 secs] [Times: user=0.00 sys=0.00, real=0.00 secs] 
158.269: Total time for which application threads were stopped: 0.0003760 seconds, Stopping threads took: 0.0000380 seconds
158.295: Application time: 0.0264290 seconds
158.295: [GC [PSYoungGen: 6651K->352K(7680K)] 19802K->13502K(24576K), 0.0003330 secs] [Times: user=0.00 sys=0.00, real=0.00 secs] 
158.296: Total time for which application threads were stopped: 0.0004370 seconds, Stopping threads took: 0.0000520 seconds
158.316: Application time: 0.0205630 seconds
158.316: [GC [PSYoungGen: 7006K->384K(7680K)] 20157K->13534K(24576K), 0.0003430 secs] [Times: user=0.00 sys=0.00, real=0.00 secs] 
158.317: Total time for which application threads were stopped: 0.0004430 seconds, Stopping threads took: 0.0000480 seconds
158.336: Application time: 0.0195030 seconds
158.336: [GC [PSYoungGen: 7036K->544K(7680K)] 20187K->13694K(24576K), 0.0003540 secs] [Times: user=0.00 sys=0.00, real=0.00 secs] 
158.337: Total time for which application threads were stopped: 0.0004420 seconds, Stopping threads took: 0.0000410 seconds
158.357: Application time: 0.0207080 seconds
158.358: [GC [PSYoungGen: 7195K->640K(7680K)] 20346K->13790K(24576K), 0.0003850 secs] [Times: user=0.00 sys=0.00, real=0.00 secs] 
158.358: Total time for which application threads were stopped: 0.0004890 seconds, Stopping threads took: 0.0000540 seconds
158.378: Application time: 0.0204790 seconds
158.378: [GC [PSYoungGen: 7220K->416K(7680K)] 20370K->13566K(24576K), 0.0003700 secs] [Times: user=0.00 sys=0.00, real=0.01 secs] 
158.379: Total time for which application threads were stopped: 0.0004790 seconds, Stopping threads took: 0.0000550 seconds
158.406: Application time: 0.0273430 seconds
158.406: [GC [PSYoungGen: 7071K->512K(7680K)] 20222K->13662K(24576K), 0.0003690 secs] [Times: user=0.00 sys=0.00, real=0.00 secs] 
158.407: Total time for which application threads were stopped: 0.0004630 seconds, Stopping threads took: 0.0000430 seconds
158.436: Application time: 0.0288330 seconds
158.436: [GC [PSYoungGen: 7164K->512K(7680K)] 20314K->13662K(24576K), 0.0003430 secs] [Times: user=0.00 sys=0.00, real=0.00 secs] 
158.436: Total time for which application threads were stopped: 0.0004460 seconds, Stopping threads took: 0.0000530 seconds
158.464: Application time: 0.0283640 seconds
158.464: [GC [PSYoungGen: 7164K->544K(7680K)] 20314K->13694K(24576K), 0.0003730 secs] [Times: user=0.00 sys=0.00, real=0.00 secs] 
158.465: Total time for which application threads were stopped: 0.0004750 seconds, Stopping threads took: 0.0000500 seconds
158.494: Application time: 0.0293750 seconds
158.494: [GC [PSYoungGen: 7198K->480K(7680K)] 20349K->13630K(24576K), 0.0003390 secs] [Times: user=0.00 sys=0.00, real=0.00 secs] 
158.495: Total time for which application threads were stopped: 0.0004410 seconds, Stopping threads took: 0.0000510 seconds
158.524: Application time: 0.0296840 seconds
158.524: [GC [PSYoungGen: 7132K->544K(7680K)] 20282K->13694K(24576K), 0.0003210 secs] [Times: user=0.00 sys=0.00, real=0.00 secs] 
158.525: Total time for which application threads were stopped: 0.0004290 seconds, Stopping threads took: 0.0000460 seconds
158.554: Application time: 0.0295680 seconds
158.554: [GC [PSYoungGen: 7198K->512K(7680K)] 20349K->13662K(24576K), 0.0003300 secs] [Times: user=0.01 sys=0.00, real=0.00 secs] 
158.555: Total time for which application threads were stopped: 0.0004310 seconds, Stopping threads took: 0.0000450 seconds
158.584: Application time: 0.0293180 seconds
158.584: [GC [PSYoungGen: 7166K->480K(7680K)] 20317K->13630K(24576K), 0.0003720 secs] [Times: user=0.00 sys=0.00, real=0.00 secs] 
158.585: Total time for which application threads were stopped: 0.0004660 seconds, Stopping threads took: 0.0000480 seconds
158.614: Application time: 0.0293250 seconds
158.614: [GC [PSYoungGen: 7134K->512K(7680K)] 20285K->13662K(24576K), 0.0003450 secs] [Times: user=0.00 sys=0.00, real=0.00 secs] 
158.614: Total time for which application threads were stopped: 0.0004490 seconds, Stopping threads took: 0.0000540 seconds
158.644: Application time: 0.0298440 seconds
158.644: [GC [PSYoungGen: 7166K->512K(7680K)] 20317K->13662K(24576K), 0.0003950 secs] [Times: user=0.00 sys=0.00, real=0.00 secs] 
158.645: Total time for which application threads were stopped: 0.0005090 seconds, Stopping threads took: 0.0000540 seconds
158.674: Application time: 0.0292640 seconds
158.674: [GC [PSYoungGen: 7166K->640K(7680K)] 20317K->13790K(24576K), 0.0003650 secs] [Times: user=0.00 sys=0.00, real=0.00 secs] 
158.674: Total time for which application threads were stopped: 0.0005030 seconds, Stopping threads took: 0.0000850 seconds
158.704: Application time: 0.0291890 seconds
158.704: [GC [PSYoungGen: 7294K->512K(7680K)] 20445K->13662K(24576K), 0.0003600 secs] [Times: user=0.01 sys=0.00, real=0.00 secs] 
158.704: Total time for which application threads were stopped: 0.0004610 seconds, Stopping threads took: 0.0000460 seconds
158.726: Application time: 0.0220810 seconds
158.726: [GC [PSYoungGen: 7166K->736K(7680K)] 20316K->13886K(24576K), 0.0003600 secs] [Times: user=0.00 sys=0.00, real=0.00 secs] 
158.727: Total time for which application threads were stopped: 0.0004650 seconds, Stopping threads took: 0.0000530 seconds
158.747: Application time: 0.0202370 seconds
158.751: [GC [PSYoungGen: 7391K->768K(7680K)] 20541K->13918K(24576K), 0.0004370 secs] [Times: user=0.00 sys=0.00, real=0.00 secs] 
158.751: Total time for which application threads were stopped: 0.0044140 seconds, Stopping threads took: 0.0039210 seconds
158.775: Application time: 0.0237150 seconds
158.775: [GC [PSYoungGen: 7420K->768K(7680K)] 20570K->13918K(24576K), 0.0004040 secs] [Times: user=0.00 sys=0.00, real=0.00 secs] 
158.776: Total time for which application threads were stopped: 0.0005020 seconds, Stopping threads took: 0.0000370 seconds
158.802: Application time: 0.0265960 seconds
158.802: [GC [PSYoungGen: 7422K->864K(7680K)] 20572K->14014K(24576K), 0.0004120 secs] [Times: user=0.00 sys=0.00, real=0.00 secs] 
158.803: Total time for which application threads were stopped: 0.0005240 seconds, Stopping threads took: 0.0000550 seconds
158.819: Application time: 0.0164140 seconds
158.819: [GC [PSYoungGen: 7518K->992K(7680K)] 20669K->14526K(24576K), 0.0005560 secs] [Times: user=0.00 sys=0.00, real=0.00 secs] 
158.820: Total time for which application threads were stopped: 0.0006560 seconds, Stopping threads took: 0.0000470 seconds
158.832: Application time: 0.0127820 seconds
158.833: [GC [PSYoungGen: 7645K->1008K(7680K)] 21179K->14882K(24576K), 0.0005000 secs] [Times: user=0.00 sys=0.00, real=0.00 secs] 
158.833: Total time for which application threads were stopped: 0.0006080 seconds, Stopping threads took: 0.0000520 seconds
158.847: Application time: 0.0134570 seconds
158.847: [GC [PSYoungGen: 7661K->992K(7680K)] 21536K->15042K(24576K), 0.0004960 secs] [Times: user=0.00 sys=0.00, real=0.01 secs] 
158.847: Total time for which application threads were stopped: 0.0005870 seconds, Stopping threads took: 0.0000320 seconds
158.861: Application time: 0.0142320 seconds
158.861: [GC [PSYoungGen: 7646K->992K(7680K)] 21697K->15474K(24576K), 0.0006110 secs] [Times: user=0.01 sys=0.00, real=0.00 secs] 
158.862: Total time for which application threads were stopped: 0.0007210 seconds, Stopping threads took: 0.0000560 seconds
158.883: Application time: 0.0209380 seconds
158.883: [GC [PSYoungGen: 7644K->1008K(7680K)] 22126K->15703K(24576K), 0.0004930 secs] [Times: user=0.01 sys=0.00, real=0.00 secs] 
158.884: Total time for which application threads were stopped: 0.0005900 seconds, Stopping threads took: 0.0000450 seconds
158.904: Application time: 0.0204320 seconds
158.904: [GC [PSYoungGen: 7661K->992K(7680K)] 22356K->15687K(24576K), 0.0005010 secs] [Times: user=0.00 sys=0.00, real=0.00 secs] 
158.905: Total time for which application threads were stopped: 0.0006000 seconds, Stopping threads took: 0.0000490 seconds
158.927: Application time: 0.0224330 seconds
158.927: [GC [PSYoungGen: 7647K->960K(7680K)] 22342K->15783K(24576K), 0.0005050 secs] [Times: user=0.00 sys=0.00, real=0.00 secs] 
158.928: Total time for which application threads were stopped: 0.0006220 seconds, Stopping threads took: 0.0000610 seconds
158.951: Application time: 0.0229800 seconds
158.951: [GC [PSYoungGen: 7613K->992K(7680K)] 22436K->16095K(24576K), 0.0005500 secs] [Times: user=0.00 sys=0.00, real=0.00 secs] 
158.951: Total time for which application threads were stopped: 0.0006520 seconds, Stopping threads took: 0.0000470 seconds
158.972: Application time: 0.0201570 seconds
158.972: [GC [PSYoungGen: 7646K->1008K(7680K)] 22750K->16239K(24576K), 0.0004710 secs] [Times: user=0.00 sys=0.00, real=0.00 secs] 
158.972: Total time for which application threads were stopped: 0.0005750 seconds, Stopping threads took: 0.0000470 seconds
158.993: Application time: 0.0205350 seconds
158.993: [GC [PSYoungGen: 7661K->992K(7680K)] 22893K->16415K(24576K), 0.0004750 secs] [Times: user=0.00 sys=0.00, real=0.00 secs] 
158.993: Total time for which application threads were stopped: 0.0005790 seconds, Stopping threads took: 0.0000500 seconds
159.021: Application time: 0.0282640 seconds
159.022: [GC [PSYoungGen: 7644K->1008K(7680K)] 23067K->16459K(24576K), 0.0004440 secs] [Times: user=0.00 sys=0.00, real=0.00 secs] 
159.022: Total time for which application threads were stopped: 0.0005470 seconds, Stopping threads took: 0.0000490 seconds
159.050: Application time: 0.0282370 seconds
159.050: [GC [PSYoungGen: 7660K->992K(7680K)] 23111K->16459K(24576K), 0.0004570 secs] [Times: user=0.00 sys=0.00, real=0.00 secs] 
159.051: Total time for which application threads were stopped: 0.0005740 seconds, Stopping threads took: 0.0000520 seconds
159.078: Application time: 0.0275690 seconds
159.079: [GC [PSYoungGen: 7644K->992K(7680K)] 23111K->16531K(24576K), 0.0004490 secs] [Times: user=0.00 sys=0.00, real=0.01 secs] 
159.079: Total time for which application threads were stopped: 0.0005570 seconds, Stopping threads took: 0.0000550 seconds
159.108: Application time: 0.0285750 seconds
159.108: [GC [PSYoungGen: 7646K->992K(7680K)] 23186K->16563K(24576K), 0.0004200 secs] [Times: user=0.00 sys=0.00, real=0.00 secs] 
159.108: Total time for which application threads were stopped: 0.0005420 seconds, Stopping threads took: 0.0000680 seconds
159.137: Application time: 0.0285020 seconds
159.137: [GC [PSYoungGen: 7646K->944K(7680K)] 23218K->16571K(24576K), 0.0004570 secs] [Times: user=0.00 sys=0.00, real=0.00 secs] 
159.137: Total time for which application threads were stopped: 0.0005600 seconds, Stopping threads took: 0.0000480 seconds
159.164: Application time: 0.0268140 seconds
159.164: [GC [PSYoungGen: 7597K->928K(7680K)] 23224K->16771K(24576K), 0.0005020 secs] [Times: user=0.01 sys=0.00, real=0.00 secs] 
159.165: Total time for which application threads were stopped: 0.0006080 seconds, Stopping threads took: 0.0000510 seconds
159.193: Application time: 0.0286980 seconds
159.193: [GC [PSYoungGen: 7580K->896K(7680K)] 23423K->16763K(24576K), 0.0003980 secs] [Times: user=0.01 sys=0.00, real=0.00 secs] 
159.194: Total time for which application threads were stopped: 0.0004990 seconds, Stopping threads took: 0.0000450 seconds
159.222: Application time: 0.0285970 seconds
159.222: [GC [PSYoungGen: 7550K->912K(7680K)] 23418K->16779K(24576K), 0.0003930 secs] [Times: user=0.01 sys=0.00, real=0.00 secs] 
159.223: Total time for which application threads were stopped: 0.0004890 seconds, Stopping threads took: 0.0000420 seconds
159.248: Application time: 0.0255080 seconds
159.248: [GC [PSYoungGen: 7441K->960K(7680K)] 23309K->16875K(24576K), 0.0004250 secs] [Times: user=0.00 sys=0.00, real=0.00 secs] 
159.249: Total time for which application threads were stopped: 0.0005350 seconds, Stopping threads took: 0.0000540 seconds
159.276: Application time: 0.0268790 seconds
159.276: [GC [PSYoungGen: 7612K->992K(7680K)] 23528K->16939K(24576K), 0.0004150 secs] [Times: user=0.00 sys=0.00, real=0.00 secs] 
159.276: Total time for which application threads were stopped: 0.0005230 seconds, Stopping threads took: 0.0000530 seconds
159.304: Application time: 0.0280480 seconds
159.304: [GC [PSYoungGen: 7626K->992K(7680K)] 23573K->16947K(24576K), 0.0004370 secs] [Times: user=0.00 sys=0.00, real=0.00 secs] 
159.305: Total time for which application threads were stopped: 0.0005370 seconds, Stopping threads took: 0.0000440 seconds
159.334: Application time: 0.0293500 seconds
159.334: [GC [PSYoungGen: 7647K->992K(7680K)] 23603K->17091K(24576K), 0.0005430 secs] [Times: user=0.00 sys=0.00, real=0.00 secs] 
159.335: Total time for which application threads were stopped: 0.0006430 seconds, Stopping threads took: 0.0000460 seconds
159.364: Application time: 0.0292260 seconds
159.364: [GC [PSYoungGen: 7646K->992K(7680K)] 23746K->17115K(24576K), 0.0004180 secs] [Times: user=0.00 sys=0.00, real=0.00 secs] 
159.365: Total time for which application threads were stopped: 0.0005280 seconds, Stopping threads took: 0.0000570 seconds
159.392: Application time: 0.0277440 seconds
159.392: [GC [PSYoungGen: 7647K->992K(7680K)] 23770K->17259K(24576K), 0.0004650 secs] [Times: user=0.00 sys=0.00, real=0.00 secs] 
159.393: Total time for which application threads were stopped: 0.0005540 seconds, Stopping threads took: 0.0000370 seconds
159.423: Application time: 0.0295750 seconds
159.423: [GC [PSYoungGen: 7646K->992K(7680K)] 23914K->17291K(24576K), 0.0004130 secs] [Times: user=0.00 sys=0.00, real=0.00 secs] 
159.423: Total time for which application threads were stopped: 0.0005100 seconds, Stopping threads took: 0.0000440 seconds
159.453: Application time: 0.0296090 seconds
159.453: [GC [PSYoungGen: 7646K->992K(7680K)] 23946K->17291K(24576K), 0.0003900 secs] [Times: user=0.00 sys=0.00, real=0.00 secs] 
159.453: Total time for which application threads were stopped: 0.0004910 seconds, Stopping threads took: 0.0000490 seconds
159.483: Application time: 0.0296380 seconds
159.483: [GC [PSYoungGen: 7646K->992K(7680K)] 23946K->17307K(24576K), 0.0004430 secs] [Times: user=0.00 sys=0.00, real=0.00 secs] 
159.483: Total time for which application threads were stopped: 0.0005410 seconds, Stopping threads took: 0.0000470 seconds
159.513: Application time: 0.0295370 seconds
159.513: [GC [PSYoungGen: 7646K->960K(7680K)] 23962K->17275K(24576K), 0.0004370 secs] [Times: user=0.00 sys=0.00, real=0.00 secs] 
159.513: Total time for which application threads were stopped: 0.0005310 seconds, Stopping threads took: 0.0000430 seconds
159.543: Application time: 0.0293840 seconds
159.543: [GC [PSYoungGen: 7614K->992K(7680K)] 23930K->17307K(24576K), 0.0004000 secs] [Times: user=0.00 sys=0.00, real=0.00 secs] 
159.543: Total time for which application threads were stopped: 0.0004880 seconds, Stopping threads took: 0.0000350 seconds
159.574: Application time: 0.0302510 seconds
159.574: [GC [PSYoungGen: 7646K->992K(7680K)] 23962K->17315K(24576K), 0.0003840 secs] [Times: user=0.01 sys=0.00, real=0.00 secs] 
159.574: Total time for which application threads were stopped: 0.0004850 seconds, Stopping threads took: 0.0000380 seconds
159.604: Application time: 0.0296880 seconds
159.604: [GC [PSYoungGen: 7646K->960K(7680K)] 23970K->17368K(24576K), 0.0003920 secs] [Times: user=0.00 sys=0.00, real=0.00 secs] 
159.604: Total time for which application threads were stopped: 0.0004950 seconds, Stopping threads took: 0.0000510 seconds
159.634: Application time: 0.0297400 seconds
159.634: [GC [PSYoungGen: 7614K->960K(7680K)] 24022K->17368K(24576K), 0.0004550 secs] [Times: user=0.00 sys=0.00, real=0.00 secs] 
159.635: Total time for which application threads were stopped: 0.0005560 seconds, Stopping threads took: 0.0000420 seconds
159.664: Application time: 0.0295160 seconds
159.664: [GC [PSYoungGen: 7614K->896K(7680K)] 24022K->17304K(24576K), 0.0004210 secs] [Times: user=0.00 sys=0.00, real=0.00 secs] 
159.665: Total time for which application threads were stopped: 0.0005300 seconds, Stopping threads took: 0.0000540 seconds
159.694: Application time: 0.0299430 seconds
159.695: [GC [PSYoungGen: 7548K->832K(7680K)] 23956K->17332K(24576K), 0.0003830 secs] [Times: user=0.00 sys=0.00, real=0.00 secs] 
159.695: Total time for which application threads were stopped: 0.0004730 seconds, Stopping threads took: 0.0000340 seconds
159.724: Application time: 0.0295240 seconds
159.727: [GC [PSYoungGen: 7486K->512K(7680K)] 23987K->17525K(25088K), 0.0004520 secs] [Times: user=0.00 sys=0.00, real=0.00 secs] 
159.727: Total time for which application threads were stopped: 0.0027820 seconds, Stopping threads took: 0.0022750 seconds
159.758: Application time: 0.0307840 seconds
159.758: [GC [PSYoungGen: 7166K->480K(7680K)] 24180K->17581K(25088K), 0.0003880 secs] [Times: user=0.00 sys=0.00, real=0.00 secs] 
159.759: [Full GC [PSYoungGen: 480K->0K(7680K)] [ParOldGen: 17101K->3799K(17408K)] 17581K->3799K(25088K) [PSPermGen: 5573K->5573K(21504K)], 0.0065280 secs] [Times: user=0.03 sys=0.00, real=0.01 secs] 
159.765: Total time for which application threads were stopped: 0.0070790 seconds, Stopping threads took: 0.0000620 seconds
159.795: Application time: 0.0296800 seconds
159.795: [GC [PSYoungGen: 6654K->0K(7680K)] 10454K->3799K(25088K), 0.0003640 secs] [Times: user=0.00 sys=0.00, real=0.00 secs] 
159.795: Total time for which application threads were stopped: 0.0004750 seconds, Stopping threads took: 0.0000550 seconds
159.825: Application time: 0.0297990 seconds
159.825: [GC [PSYoungGen: 6654K->0K(7680K)] 10454K->3799K(25088K), 0.0002900 secs] [Times: user=0.00 sys=0.00, real=0.00 secs] 
159.826: Total time for which application threads were stopped: 0.0003890 seconds, Stopping threads took: 0.0000500 seconds
159.855: Application time: 0.0297580 seconds
159.855: [GC [PSYoungGen: 6654K->0K(7680K)] 10454K->3799K(25088K), 0.0002660 secs] [Times: user=0.00 sys=0.00, real=0.00 secs] 
159.856: Total time for which application threads were stopped: 0.0003460 seconds, Stopping threads took: 0.0000330 seconds
159.885: Application time: 0.0297210 seconds
159.885: [GC [PSYoungGen: 6654K->0K(7680K)] 10454K->3799K(25088K), 0.0003820 secs] [Times: user=0.00 sys=0.00, real=0.00 secs] 
159.886: Total time for which application threads were stopped: 0.0004710 seconds, Stopping threads took: 0.0000390 seconds
159.916: Application time: 0.0298210 seconds
159.916: [GC [PSYoungGen: 6654K->0K(7680K)] 10454K->3799K(25088K), 0.0003210 secs] [Times: user=0.00 sys=0.00, real=0.00 secs] 
159.916: Total time for which application threads were stopped: 0.0004170 seconds, Stopping threads took: 0.0000480 seconds
159.946: Application time: 0.0297170 seconds
159.946: [GC [PSYoungGen: 6654K->0K(7680K)] 10454K->3799K(25088K), 0.0002820 secs] [Times: user=0.00 sys=0.00, real=0.00 secs] 
159.946: Total time for which application threads were stopped: 0.0003650 seconds, Stopping threads took: 0.0000320 seconds
159.976: Application time: 0.0297240 seconds
159.976: [GC [PSYoungGen: 6654K->0K(7680K)] 10454K->3799K(25088K), 0.0003010 secs] [Times: user=0.00 sys=0.00, real=0.00 secs] 
159.976: Total time for which application threads were stopped: 0.0003870 seconds, Stopping threads took: 0.0000410 seconds
160.006: Application time: 0.0296360 seconds
160.006: [GC [PSYoungGen: 6652K->0K(7680K)] 10451K->3799K(25088K), 0.0003550 secs] [Times: user=0.00 sys=0.00, real=0.00 secs] 
160.006: Total time for which application threads were stopped: 0.0004470 seconds, Stopping threads took: 0.0000470 seconds
160.035: Application time: 0.0291640 seconds
160.036: [GC [PSYoungGen: 6639K->192K(7680K)] 10439K->3991K(25088K), 0.0003390 secs] [Times: user=0.00 sys=0.00, real=0.00 secs] 
160.036: Total time for which application threads were stopped: 0.0004420 seconds, Stopping threads took: 0.0000520 seconds
160.056: Application time: 0.0203540 seconds
160.056: [GC [PSYoungGen: 6843K->320K(7680K)] 10643K->4119K(25088K), 0.0004200 secs] [Times: user=0.00 sys=0.00, real=0.00 secs] 
160.057: Total time for which application threads were stopped: 0.0005080 seconds, Stopping threads took: 0.0000370 seconds
160.078: Application time: 0.0212080 seconds
160.078: [GC [PSYoungGen: 6973K->352K(7680K)] 10773K->4151K(25088K), 0.0003010 secs] [Times: user=0.00 sys=0.00, real=0.00 secs] 
160.078: Total time for which application threads were stopped: 0.0003890 seconds, Stopping threads took: 0.0000340 seconds
160.098: Application time: 0.0191710 seconds
160.098: [GC [PSYoungGen: 7006K->544K(7680K)] 10806K->4343K(25088K), 0.0003250 secs] [Times: user=0.00 sys=0.00, real=0.00 secs] 
160.098: Total time for which application threads were stopped: 0.0004120 seconds, Stopping threads took: 0.0000370 seconds
160.119: Application time: 0.0211620 seconds
160.119: [GC [PSYoungGen: 7197K->512K(7680K)] 10997K->4311K(25088K), 0.0003310 secs] [Times: user=0.00 sys=0.00, real=0.00 secs] 
160.120: Total time for which application threads were stopped: 0.0004260 seconds, Stopping threads took: 0.0000460 seconds
160.145: Application time: 0.0254830 seconds
160.147: [GC [PSYoungGen: 7164K->544K(7680K)] 10963K->4343K(25088K), 0.0003310 secs] [Times: user=0.00 sys=0.00, real=0.00 secs] 
160.147: Total time for which application threads were stopped: 0.0020950 seconds, Stopping threads took: 0.0017160 seconds
160.175: Application time: 0.0283380 seconds
160.176: [GC [PSYoungGen: 7197K->544K(7680K)] 10997K->4343K(25088K), 0.0003250 secs] [Times: user=0.00 sys=0.00, real=0.00 secs] 
160.176: Total time for which application threads were stopped: 0.0004220 seconds, Stopping threads took: 0.0000450 seconds
160.205: Application time: 0.0288700 seconds
160.205: [GC [PSYoungGen: 7197K->576K(7680K)] 10997K->4375K(25088K), 0.0003700 secs] [Times: user=0.00 sys=0.00, real=0.00 secs] 
160.205: Total time for which application threads were stopped: 0.0004730 seconds, Stopping threads took: 0.0000440 seconds
160.235: Application time: 0.0294730 seconds
160.235: [GC [PSYoungGen: 7230K->512K(7680K)] 11030K->4311K(25088K), 0.0003450 secs] [Times: user=0.00 sys=0.00, real=0.00 secs] 
160.235: Total time for which application threads were stopped: 0.0004600 seconds, Stopping threads took: 0.0000500 seconds
160.266: Application time: 0.0304890 seconds
160.266: [GC [PSYoungGen: 7164K->544K(7680K)] 10963K->4343K(25088K), 0.0003320 secs] [Times: user=0.00 sys=0.00, real=0.00 secs] 
160.266: Total time for which application threads were stopped: 0.0004240 seconds, Stopping threads took: 0.0000370 seconds
160.295: Application time: 0.0293150 seconds
160.296: [GC [PSYoungGen: 7198K->512K(7680K)] 10998K->4311K(25088K), 0.0003160 secs] [Times: user=0.01 sys=0.00, real=0.00 secs] 
160.296: Total time for which application threads were stopped: 0.0004160 seconds, Stopping threads took: 0.0000470 seconds
160.326: Application time: 0.0299230 seconds
160.326: [GC [PSYoungGen: 7166K->448K(7680K)] 10966K->4247K(25088K), 0.0003820 secs] [Times: user=0.00 sys=0.00, real=0.00 secs] 
160.326: Total time for which application threads were stopped: 0.0004930 seconds, Stopping threads took: 0.0000570 seconds
160.356: Application time: 0.0293740 seconds
160.356: [GC [PSYoungGen: 7102K->480K(7680K)] 10902K->4279K(25088K), 0.0003430 secs] [Times: user=0.00 sys=0.00, real=0.00 secs] 
160.356: Total time for which application threads were stopped: 0.0004440 seconds, Stopping threads took: 0.0000480 seconds
160.386: Application time: 0.0294430 seconds
160.386: [GC [PSYoungGen: 7132K->512K(7680K)] 10931K->4311K(25088K), 0.0003830 secs] [Times: user=0.00 sys=0.00, real=0.00 secs] 
160.386: Total time for which application threads were stopped: 0.0004870 seconds, Stopping threads took: 0.0000540 seconds
160.415: Application time: 0.0294520 seconds
160.416: [GC [PSYoungGen: 7166K->544K(7680K)] 10966K->4343K(25088K), 0.0003330 secs] [Times: user=0.00 sys=0.00, real=0.00 secs] 
160.416: Total time for which application threads were stopped: 0.0004300 seconds, Stopping threads took: 0.0000460 seconds
160.446: Application time: 0.0296110 seconds
160.446: [GC [PSYoungGen: 7196K->544K(7680K)] 10995K->4343K(25088K), 0.0003130 secs] [Times: user=0.00 sys=0.00, real=0.00 secs] 
160.446: Total time for which application threads were stopped: 0.0004130 seconds, Stopping threads took: 0.0000500 seconds
160.466: Application time: 0.0201740 seconds
160.466: [GC [PSYoungGen: 7197K->768K(7680K)] 10996K->4567K(25088K), 0.0003460 secs] [Times: user=0.01 sys=0.00, real=0.00 secs] 
160.467: Total time for which application threads were stopped: 0.0004440 seconds, Stopping threads took: 0.0000470 seconds
160.487: Application time: 0.0205490 seconds
160.487: [GC [PSYoungGen: 7420K->736K(7680K)] 11220K->4535K(25088K), 0.0003680 secs] [Times: user=0.00 sys=0.00, real=0.00 secs] 
160.488: Total time for which application threads were stopped: 0.0004580 seconds, Stopping threads took: 0.0000380 seconds
160.512: Application time: 0.0245260 seconds
160.512: [GC [PSYoungGen: 7319K->672K(7680K)] 11118K->4471K(25088K), 0.0004140 secs] [Times: user=0.00 sys=0.00, real=0.00 secs] 
160.513: Total time for which application threads were stopped: 0.0005070 seconds, Stopping threads took: 0.0000430 seconds
160.540: Application time: 0.0274740 seconds
160.540: [GC [PSYoungGen: 7325K->800K(7680K)] 11124K->4599K(25088K), 0.0003660 secs] [Times: user=0.00 sys=0.00, real=0.00 secs] 
160.541: Total time for which application threads were stopped: 0.0004720 seconds, Stopping threads took: 0.0000520 seconds
160.561: Application time: 0.0206000 seconds
160.561: [GC [PSYoungGen: 7455K->992K(7680K)] 11254K->4799K(25088K), 0.0004620 secs] [Times: user=0.00 sys=0.00, real=0.00 secs] 
160.562: Total time for which application threads were stopped: 0.0005620 seconds, Stopping threads took: 0.0000460 seconds
160.580: Application time: 0.0179080 seconds
160.580: [GC [PSYoungGen: 7645K->992K(7680K)] 11452K->4995K(25088K), 0.0004510 secs] [Times: user=0.01 sys=0.00, real=0.00 secs] 
160.580: Total time for which application threads were stopped: 0.0005500 seconds, Stopping threads took: 0.0000390 seconds
160.593: Application time: 0.0131770 seconds
160.593: [GC [PSYoungGen: 7647K->992K(7680K)] 11650K->5195K(25088K), 0.0004780 secs] [Times: user=0.00 sys=0.00, real=0.00 secs] 
160.594: Total time for which application threads were stopped: 0.0005680 seconds, Stopping threads took: 0.0000370 seconds
160.608: Application time: 0.0136750 seconds
160.608: [GC [PSYoungGen: 7644K->928K(7680K)] 11847K->5259K(25088K), 0.0004180 secs] [Times: user=0.00 sys=0.00, real=0.00 secs] 
160.608: Total time for which application threads were stopped: 0.0005160 seconds, Stopping threads took: 0.0000470 seconds
160.622: Application time: 0.0138870 seconds
160.622: [GC [PSYoungGen: 7583K->1008K(7680K)] 11915K->5475K(25088K), 0.0005250 secs] [Times: user=0.01 sys=0.00, real=0.00 secs] 
160.623: Total time for which application threads were stopped: 0.0006460 seconds, Stopping threads took: 0.0000620 seconds
160.641: Application time: 0.0179470 seconds
160.641: [GC [PSYoungGen: 7659K->1008K(7680K)] 12127K->5688K(25088K), 0.0009700 secs] [Times: user=0.01 sys=0.00, real=0.00 secs] 
160.642: Total time for which application threads were stopped: 0.0010820 seconds, Stopping threads took: 0.0000570 seconds
160.667: Application time: 0.0254470 seconds
160.667: [GC [PSYoungGen: 7659K->1008K(7680K)] 12340K->5760K(25088K), 0.0004690 secs] [Times: user=0.00 sys=0.00, real=0.00 secs] 
160.668: Total time for which application threads were stopped: 0.0005660 seconds, Stopping threads took: 0.0000420 seconds
160.694: Application time: 0.0260190 seconds
160.694: [GC [PSYoungGen: 7662K->992K(7680K)] 12414K->5936K(25088K), 0.0004940 secs] [Times: user=0.00 sys=0.00, real=0.00 secs] 
160.694: Total time for which application threads were stopped: 0.0006020 seconds, Stopping threads took: 0.0000530 seconds
160.716: Application time: 0.0214810 seconds
160.716: [GC [PSYoungGen: 7644K->1008K(7680K)] 12588K->6420K(25088K), 0.0005540 secs] [Times: user=0.00 sys=0.00, real=0.00 secs] 
160.716: Total time for which application threads were stopped: 0.0006560 seconds, Stopping threads took: 0.0000450 seconds
160.737: Application time: 0.0209170 seconds
160.737: [GC [PSYoungGen: 7663K->992K(7680K)] 13076K->6428K(25088K), 0.0004360 secs] [Times: user=0.00 sys=0.00, real=0.00 secs] 
160.738: Total time for which application threads were stopped: 0.0005570 seconds, Stopping threads took: 0.0000640 seconds
160.762: Application time: 0.0235710 seconds
160.762: [GC [PSYoungGen: 7644K->992K(7680K)] 13080K->6610K(25088K), 0.0004400 secs] [Times: user=0.00 sys=0.00, real=0.00 secs] 
160.762: Total time for which application threads were stopped: 0.0005390 seconds, Stopping threads took: 0.0000450 seconds
160.790: Application time: 0.0283080 seconds
160.790: [GC [PSYoungGen: 7644K->1008K(7680K)] 13262K->6642K(25088K), 0.0004260 secs] [Times: user=0.00 sys=0.00, real=0.00 secs] 
160.791: Total time for which application threads were stopped: 0.0005280 seconds, Stopping threads took: 0.0000500 seconds
160.819: Application time: 0.0277150 seconds
160.819: [GC [PSYoungGen: 7662K->1008K(7680K)] 13296K->6690K(25088K), 0.0004360 secs] [Times: user=0.00 sys=0.00, real=0.01 secs] 
160.819: Total time for which application threads were stopped: 0.0005360 seconds, Stopping threads took: 0.0000440 seconds
160.848: Application time: 0.0291380 seconds
160.848: [GC [PSYoungGen: 7660K->1008K(7680K)] 13342K->6722K(25088K), 0.0004160 secs] [Times: user=0.00 sys=0.00, real=0.00 secs] 
160.849: Total time for which application threads were stopped: 0.0005170 seconds, Stopping threads took: 0.0000490 seconds
160.877: Application time: 0.0285670 seconds
160.877: [GC [PSYoungGen: 7662K->976K(7680K)] 13377K->6751K(25088K), 0.0004470 secs] [Times: user=0.00 sys=0.00, real=0.00 secs] 
160.878: Total time for which application threads were stopped: 0.0005540 seconds, Stopping threads took: 0.0000530 seconds
160.905: Application time: 0.0271240 seconds
160.905: [GC [PSYoungGen: 7630K->1008K(7680K)] 13405K->6947K(25088K), 0.0004440 secs] [Times: user=0.00 sys=0.00, real=0.00 secs] 
160.906: Total time for which application threads were stopped: 0.0005400 seconds, Stopping threads took: 0.0000400 seconds
160.934: Application time: 0.0287100 seconds
160.934: [GC [PSYoungGen: 7662K->1008K(7680K)] 13602K->7003K(25088K), 0.0004850 secs] [Times: user=0.00 sys=0.00, real=0.00 secs] 
160.935: Total time for which application threads were stopped: 0.0005850 seconds, Stopping threads took: 0.0000450 seconds
160.964: Application time: 0.0286360 seconds
160.964: [GC [PSYoungGen: 7662K->1008K(7680K)] 13658K->7011K(25088K), 0.0003880 secs] [Times: user=0.00 sys=0.00, real=0.00 secs] 
160.964: Total time for which application threads were stopped: 0.0004870 seconds, Stopping threads took: 0.0000450 seconds
160.992: Application time: 0.0280210 seconds
160.992: [GC [PSYoungGen: 7663K->1008K(7680K)] 13667K->7171K(25088K), 0.0004410 secs] [Times: user=0.00 sys=0.00, real=0.00 secs] 
160.993: Total time for which application threads were stopped: 0.0005460 seconds, Stopping threads took: 0.0000490 seconds
161.018: Application time: 0.0254610 seconds
161.018: [GC [PSYoungGen: 7661K->992K(7680K)] 13824K->7347K(25088K), 0.0004500 secs] [Times: user=0.00 sys=0.00, real=0.00 secs] 
161.019: Total time for which application threads were stopped: 0.0005630 seconds, Stopping threads took: 0.0000580 seconds
161.045: Application time: 0.0265270 seconds
161.045: [GC [PSYoungGen: 7647K->992K(7680K)] 14003K->7635K(25088K), 0.0005310 secs] [Times: user=0.00 sys=0.00, real=0.00 secs] 
161.046: Total time for which application threads were stopped: 0.0006260 seconds, Stopping threads took: 0.0000400 seconds
161.075: Application time: 0.0293960 seconds
161.075: [GC [PSYoungGen: 7644K->960K(7680K)] 14287K->7667K(25088K), 0.0004530 secs] [Times: user=0.00 sys=0.00, real=0.00 secs] 
161.076: Total time for which application threads were stopped: 0.0005520 seconds, Stopping threads took: 0.0000420 seconds
161.105: Application time: 0.0291880 seconds
161.105: [GC [PSYoungGen: 7614K->928K(7680K)] 14322K->7667K(25088K), 0.0004270 secs] [Times: user=0.00 sys=0.00, real=0.00 secs] 
161.105: Total time for which application threads were stopped: 0.0005270 seconds, Stopping threads took: 0.0000380 seconds
161.134: Application time: 0.0289630 seconds
161.134: Total time for which application threads were stopped: 0.0000820 seconds, Stopping threads took: 0.0000630 seconds
161.135: Application time: 0.0000430 seconds
161.135: [GC [PSYoungGen: 7578K->864K(7680K)] 14446K->7936K(25088K), 0.0004190 secs] [Times: user=0.00 sys=0.00, real=0.00 secs] 
161.135: Total time for which application threads were stopped: 0.0004910 seconds, Stopping threads took: 0.0000300 seconds
161.165: Application time: 0.0300280 seconds
161.165: [GC [PSYoungGen: 7519K->992K(7680K)] 14876K->8356K(25088K), 0.0004940 secs] [Times: user=0.01 sys=0.00, real=0.00 secs] 
161.166: Total time for which application threads were stopped: 0.0005990 seconds, Stopping threads took: 0.0000500 seconds
161.196: Application time: 0.0298720 seconds
161.196: [GC [PSYoungGen: 7646K->928K(7680K)] 15011K->8292K(25088K), 0.0004890 secs] [Times: user=0.00 sys=0.00, real=0.00 secs] 
161.196: Total time for which application threads were stopped: 0.0005880 seconds, Stopping threads took: 0.0000490 seconds
161.226: Application time: 0.0294840 seconds
161.226: [GC [PSYoungGen: 7582K->928K(7680K)] 14947K->8292K(25088K), 0.0004610 secs] [Times: user=0.00 sys=0.00, real=0.00 secs] 
161.226: Total time for which application threads were stopped: 0.0005630 seconds, Stopping threads took: 0.0000500 seconds
161.256: Application time: 0.0295390 seconds
161.256: [GC [PSYoungGen: 7582K->736K(7680K)] 14947K->8308K(25088K), 0.0004350 secs] [Times: user=0.00 sys=0.00, real=0.00 secs] 
161.256: Total time for which application threads were stopped: 0.0005430 seconds, Stopping threads took: 0.0000540 seconds
161.286: Application time: 0.0296800 seconds
161.286: [GC [PSYoungGen: 7388K->768K(7680K)] 14960K->8340K(25088K), 0.0004140 secs] [Times: user=0.00 sys=0.00, real=0.00 secs] 
161.286: Total time for which application threads were stopped: 0.0005170 seconds, Stopping threads took: 0.0000520 seconds
161.317: Application time: 0.0307320 seconds
161.317: [GC [PSYoungGen: 7422K->704K(7680K)] 14994K->8276K(25088K), 0.0004680 secs] [Times: user=0.00 sys=0.00, real=0.00 secs] 
161.318: Total time for which application threads were stopped: 0.0006000 seconds, Stopping threads took: 0.0000720 seconds
161.348: Application time: 0.0298870 seconds
161.348: [GC [PSYoungGen: 7356K->672K(7680K)] 14928K->8313K(25088K), 0.0004380 secs] [Times: user=0.01 sys=0.00, real=0.00 secs] 
161.348: Total time for which application threads were stopped: 0.0005430 seconds, Stopping threads took: 0.0000510 seconds
161.378: Application time: 0.0295440 seconds
161.378: [GC [PSYoungGen: 7326K->736K(7680K)] 14967K->8377K(25088K), 0.0003650 secs] [Times: user=0.00 sys=0.00, real=0.00 secs] 
161.378: Total time for which application threads were stopped: 0.0004640 seconds, Stopping threads took: 0.0000470 seconds
161.408: Application time: 0.0296520 seconds
161.408: [GC [PSYoungGen: 7390K->736K(7680K)] 15031K->8377K(25088K), 0.0003720 secs] [Times: user=0.00 sys=0.00, real=0.00 secs] 
161.408: Total time for which application threads were stopped: 0.0004660 seconds, Stopping threads took: 0.0000430 seconds
161.438: Application time: 0.0298140 seconds
161.438: [GC [PSYoungGen: 7390K->704K(7680K)] 15031K->8345K(25088K), 0.0003550 secs] [Times: user=0.00 sys=0.00, real=0.00 secs] 
161.439: Total time for which application threads were stopped: 0.0004510 seconds, Stopping threads took: 0.0000470 seconds
161.468: Application time: 0.0294750 seconds
161.468: [GC [PSYoungGen: 7358K->384K(7680K)] 14999K->8322K(25088K), 0.0003750 secs] [Times: user=0.00 sys=0.00, real=0.00 secs] 
161.469: Total time for which application threads were stopped: 0.0004650 seconds, Stopping threads took: 0.0000400 seconds
161.499: Application time: 0.0299990 seconds
161.499: [GC [PSYoungGen: 7038K->288K(7680K)] 14977K->8387K(25088K), 0.0003860 secs] [Times: user=0.00 sys=0.00, real=0.01 secs] 
161.499: Total time for which application threads were stopped: 0.0004890 seconds, Stopping threads took: 0.0000530 seconds
161.529: Application time: 0.0297200 seconds
161.529: [GC [PSYoungGen: 6942K->352K(7680K)] 15042K->8451K(25088K), 0.0003160 secs] [Times: user=0.00 sys=0.00, real=0.00 secs] 
161.529: Total time for which application threads were stopped: 0.0004120 seconds, Stopping threads took: 0.0000470 seconds
161.559: Application time: 0.0297610 seconds
161.559: [GC [PSYoungGen: 7006K->352K(7680K)] 15106K->8451K(25088K), 0.0003220 secs] [Times: user=0.01 sys=0.00, real=0.00 secs] 
161.559: Total time for which application threads were stopped: 0.0004110 seconds, Stopping threads took: 0.0000390 seconds
161.589: Application time: 0.0298340 seconds
161.589: [GC [PSYoungGen: 7006K->352K(7680K)] 15105K->8459K(25088K), 0.0003310 secs] [Times: user=0.00 sys=0.00, real=0.00 secs] 
161.590: Total time for which application threads were stopped: 0.0004300 seconds, Stopping threads took: 0.0000500 seconds
161.620: Application time: 0.0303880 seconds
161.620: [GC [PSYoungGen: 7006K->0K(7680K)] 15114K->8319K(25088K), 0.0003770 secs] [Times: user=0.00 sys=0.00, real=0.00 secs] 
161.621: Total time for which application threads were stopped: 0.0004910 seconds, Stopping threads took: 0.0000430 seconds
161.650: Application time: 0.0296180 seconds
161.650: [GC [PSYoungGen: 6654K->0K(7680K)] 14974K->8319K(25088K), 0.0003230 secs] [Times: user=0.00 sys=0.00, real=0.00 secs] 
161.651: Total time for which application threads were stopped: 0.0004130 seconds, Stopping threads took: 0.0000380 seconds
161.680: Application time: 0.0294470 seconds
161.680: [GC [PSYoungGen: 6654K->0K(7680K)] 14974K->8319K(25088K), 0.0003500 secs] [Times: user=0.00 sys=0.00, real=0.00 secs] 
161.680: Total time for which application threads were stopped: 0.0004450 seconds, Stopping threads took: 0.0000470 seconds
161.710: Application time: 0.0296280 seconds
161.710: [GC [PSYoungGen: 6656K->0K(7680K)] 14975K->8319K(25088K), 0.0003160 secs] [Times: user=0.00 sys=0.00, real=0.00 secs] 
161.710: Total time for which application threads were stopped: 0.0004210 seconds, Stopping threads took: 0.0000500 seconds
161.740: Application time: 0.0295620 seconds
161.740: [GC [PSYoungGen: 6654K->0K(7680K)] 14974K->8319K(25088K), 0.0002920 secs] [Times: user=0.00 sys=0.00, real=0.00 secs] 
161.740: Total time for which application threads were stopped: 0.0003920 seconds, Stopping threads took: 0.0000500 seconds
161.767: Application time: 0.0264660 seconds
161.767: [GC [PSYoungGen: 6651K->352K(7680K)] 14971K->8671K(25088K), 0.0003140 secs] [Times: user=0.00 sys=0.00, real=0.00 secs] 
161.767: Total time for which application threads were stopped: 0.0004090 seconds, Stopping threads took: 0.0000450 seconds
161.788: Application time: 0.0206970 seconds
161.788: [GC [PSYoungGen: 7004K->384K(7680K)] 15324K->8703K(25088K), 0.0003260 secs] [Times: user=0.01 sys=0.00, real=0.00 secs] 
161.788: Total time for which application threads were stopped: 0.0004090 seconds, Stopping threads took: 0.0000320 seconds
161.808: Application time: 0.0198900 seconds
161.811: [GC [PSYoungGen: 7036K->544K(7680K)] 15356K->8863K(25088K), 0.0003780 secs] [Times: user=0.01 sys=0.00, real=0.00 secs] 
161.811: Total time for which application threads were stopped: 0.0029180 seconds, Stopping threads took: 0.0024920 seconds
161.832: Application time: 0.0209410 seconds
161.832: [GC [PSYoungGen: 7198K->512K(7680K)] 15518K->8831K(25088K), 0.0003640 secs] [Times: user=0.01 sys=0.00, real=0.00 secs] 
161.833: Total time for which application threads were stopped: 0.0004960 seconds, Stopping threads took: 0.0000790 seconds
161.854: Application time: 0.0209680 seconds
161.854: [GC [PSYoungGen: 7168K->416K(7680K)] 15487K->8735K(25088K), 0.0003660 secs] [Times: user=0.01 sys=0.00, real=0.00 secs] 
161.854: Total time for which application threads were stopped: 0.0004530 seconds, Stopping threads took: 0.0000340 seconds
161.882: Application time: 0.0274270 seconds
161.882: [GC [PSYoungGen: 7069K->480K(7680K)] 15388K->8799K(25088K), 0.0003620 secs] [Times: user=0.01 sys=0.00, real=0.00 secs] 
161.882: Total time for which application threads were stopped: 0.0004610 seconds, Stopping threads took: 0.0000480 seconds
161.911: Application time: 0.0290360 seconds
161.911: [GC [PSYoungGen: 7132K->608K(7680K)] 15452K->8927K(25088K), 0.0004120 secs] [Times: user=0.00 sys=0.00, real=0.00 secs] 
161.912: Total time for which application threads were stopped: 0.0005160 seconds, Stopping threads took: 0.0000540 seconds
161.940: Application time: 0.0282940 seconds
161.940: [GC [PSYoungGen: 7260K->544K(7680K)] 15580K->8863K(25088K), 0.0003330 secs] [Times: user=0.01 sys=0.00, real=0.00 secs] 
161.940: Total time for which application threads were stopped: 0.0004270 seconds, Stopping threads took: 0.0000440 seconds
161.970: Application time: 0.0293720 seconds
161.970: [GC [PSYoungGen: 7198K->512K(7680K)] 15518K->8831K(25088K), 0.0003410 secs] [Times: user=0.00 sys=0.00, real=0.00 secs] 
161.970: Total time for which application threads were stopped: 0.0004460 seconds, Stopping threads took: 0.0000550 seconds
162.000: Application time: 0.0296650 seconds
162.003: [GC [PSYoungGen: 7166K->480K(7680K)] 15486K->8799K(25088K), 0.0004100 secs] [Times: user=0.00 sys=0.00, real=0.00 secs] 
162.003: Total time for which application threads were stopped: 0.0034810 seconds, Stopping threads took: 0.0030200 seconds
162.033: Application time: 0.0294780 seconds
162.033: [GC [PSYoungGen: 7134K->480K(7680K)] 15454K->8799K(25088K), 0.0003530 secs] [Times: user=0.00 sys=0.00, real=0.00 secs] 
162.033: Total time for which application threads were stopped: 0.0004450 seconds, Stopping threads took: 0.0000440 seconds
162.063: Application time: 0.0295310 seconds
162.063: [GC [PSYoungGen: 7134K->512K(7680K)] 15454K->8831K(25088K), 0.0003230 secs] [Times: user=0.00 sys=0.00, real=0.00 secs] 
162.063: Total time for which application threads were stopped: 0.0004370 seconds, Stopping threads took: 0.0000630 seconds
162.093: Application time: 0.0295000 seconds
162.093: [GC [PSYoungGen: 7166K->480K(7680K)] 15486K->8799K(25088K), 0.0004090 secs] [Times: user=0.00 sys=0.00, real=0.00 secs] 
162.093: Total time for which application threads were stopped: 0.0005120 seconds, Stopping threads took: 0.0000420 seconds
162.123: Application time: 0.0293720 seconds
162.123: [GC [PSYoungGen: 7134K->512K(7680K)] 15454K->8831K(25088K), 0.0003640 secs] [Times: user=0.00 sys=0.00, real=0.00 secs] 
162.123: Total time for which application threads were stopped: 0.0004640 seconds, Stopping threads took: 0.0000370 seconds
162.152: Application time: 0.0293670 seconds
162.152: [GC [PSYoungGen: 7166K->608K(7680K)] 15486K->8927K(25088K), 0.0003720 secs] [Times: user=0.00 sys=0.00, real=0.00 secs] 
162.153: Total time for which application threads were stopped: 0.0004630 seconds, Stopping threads took: 0.0000410 seconds
162.180: Application time: 0.0274170 seconds
162.180: [GC [PSYoungGen: 7262K->800K(7680K)] 15582K->9119K(25088K), 0.0004220 secs] [Times: user=0.00 sys=0.00, real=0.00 secs] 
162.181: Total time for which application threads were stopped: 0.0005240 seconds, Stopping threads took: 0.0000500 seconds
162.202: Application time: 0.0209710 seconds
162.202: [GC [PSYoungGen: 7454K->704K(7680K)] 15773K->9023K(25088K), 0.0003660 secs] [Times: user=0.01 sys=0.00, real=0.00 secs] 
162.202: Total time for which application threads were stopped: 0.0004600 seconds, Stopping threads took: 0.0000440 seconds
162.223: Application time: 0.0203230 seconds
162.223: [GC [PSYoungGen: 7356K->704K(7680K)] 15676K->9023K(25088K), 0.0003940 secs] [Times: user=0.00 sys=0.00, real=0.00 secs] 
162.223: Total time for which application threads were stopped: 0.0004970 seconds, Stopping threads took: 0.0000520 seconds
162.249: Application time: 0.0259900 seconds
162.249: [GC [PSYoungGen: 7356K->800K(7680K)] 15676K->9119K(25088K), 0.0003950 secs] [Times: user=0.00 sys=0.00, real=0.00 secs] 
162.250: Total time for which application threads were stopped: 0.0005030 seconds, Stopping threads took: 0.0000540 seconds
162.278: Application time: 0.0281500 seconds
162.278: [GC [PSYoungGen: 7454K->928K(7680K)] 15774K->9247K(25088K), 0.0004330 secs] [Times: user=0.00 sys=0.00, real=0.00 secs] 
162.278: Total time for which application threads were stopped: 0.0005330 seconds, Stopping threads took: 0.0000480 seconds
162.304: Application time: 0.0254940 seconds
162.304: [GC [PSYoungGen: 7581K->1008K(7680K)] 15901K->9335K(25088K), 0.0004260 secs] [Times: user=0.01 sys=0.00, real=0.00 secs] 
162.304: Total time for which application threads were stopped: 0.0005320 seconds, Stopping threads took: 0.0000520 seconds
162.322: Application time: 0.0177290 seconds
162.322: [GC [PSYoungGen: 7661K->992K(7680K)] 15989K->9479K(25088K), 0.0005110 secs] [Times: user=0.00 sys=0.00, real=0.00 secs] 
162.323: Total time for which application threads were stopped: 0.0006210 seconds, Stopping threads took: 0.0000540 seconds
162.339: Application time: 0.0159410 seconds
162.339: [GC [PSYoungGen: 7647K->992K(7680K)] 16134K->9607K(25088K), 0.0004660 secs] [Times: user=0.00 sys=0.00, real=0.01 secs] 
162.339: Total time for which application threads were stopped: 0.0005600 seconds, Stopping threads took: 0.0000370 seconds
162.353: Application time: 0.0140760 seconds
162.353: [GC [PSYoungGen: 7644K->992K(7680K)] 16259K->9708K(25088K), 0.0004500 secs] [Times: user=0.00 sys=0.00, real=0.00 secs] 
162.354: Total time for which application threads were stopped: 0.0005490 seconds, Stopping threads took: 0.0000440 seconds
162.370: Application time: 0.0159530 seconds
162.370: [GC [PSYoungGen: 7644K->992K(7680K)] 16360K->10120K(25088K), 0.0005090 secs] [Times: user=0.00 sys=0.00, real=0.00 secs] 
162.370: Total time for which application threads were stopped: 0.0006120 seconds, Stopping threads took: 0.0000470 seconds
162.386: Application time: 0.0157330 seconds
162.386: Total time for which application threads were stopped: 0.0000720 seconds, Stopping threads took: 0.0000510 seconds
162.386: Application time: 0.0000340 seconds
162.386: [GC [PSYoungGen: 7647K->992K(7680K)] 16792K->10344K(25088K), 0.0005070 secs] [Times: user=0.00 sys=0.00, real=0.00 secs] 
162.387: Total time for which application threads were stopped: 0.0005870 seconds, Stopping threads took: 0.0000260 seconds
162.407: Application time: 0.0207290 seconds
162.408: [GC [PSYoungGen: 7643K->1008K(7680K)] 17280K->10865K(25088K), 0.0005110 secs] [Times: user=0.00 sys=0.00, real=0.00 secs] 
162.408: Total time for which application threads were stopped: 0.0006280 seconds, Stopping threads took: 0.0000620 seconds
162.431: Application time: 0.0228640 seconds
162.431: [GC [PSYoungGen: 7660K->992K(7680K)] 17518K->11675K(25088K), 0.0006390 secs] [Times: user=0.01 sys=0.00, real=0.00 secs] 
162.432: Total time for which application threads were stopped: 0.0007460 seconds, Stopping threads took: 0.0000530 seconds
162.452: Application time: 0.0199800 seconds
162.452: [GC [PSYoungGen: 7644K->1008K(7680K)] 18327K->11723K(25088K), 0.0004440 secs] [Times: user=0.01 sys=0.00, real=0.00 secs] 
162.452: Total time for which application threads were stopped: 0.0005470 seconds, Stopping threads took: 0.0000460 seconds
162.472: Application time: 0.0200050 seconds
162.472: [GC [PSYoungGen: 7659K->1008K(7680K)] 18375K->11919K(25088K), 0.0005100 secs] [Times: user=0.00 sys=0.00, real=0.00 secs] 
162.473: Total time for which application threads were stopped: 0.0006040 seconds, Stopping threads took: 0.0000420 seconds
162.499: Application time: 0.0258270 seconds
162.499: [GC [PSYoungGen: 7664K->992K(7680K)] 18575K->12175K(25088K), 0.0005490 secs] [Times: user=0.01 sys=0.00, real=0.01 secs] 
162.499: Total time for which application threads were stopped: 0.0006650 seconds, Stopping threads took: 0.0000580 seconds
162.528: Application time: 0.0284960 seconds
162.528: [GC [PSYoungGen: 7646K->976K(7680K)] 18830K->12159K(25088K), 0.0004760 secs] [Times: user=0.00 sys=0.00, real=0.00 secs] 
162.528: Total time for which application threads were stopped: 0.0005780 seconds, Stopping threads took: 0.0000500 seconds
162.556: Application time: 0.0275370 seconds
162.556: [GC [PSYoungGen: 7628K->976K(7680K)] 18811K->12335K(25088K), 0.0004560 secs] [Times: user=0.00 sys=0.00, real=0.00 secs] 
162.556: Total time for which application threads were stopped: 0.0005460 seconds, Stopping threads took: 0.0000350 seconds
162.585: Application time: 0.0288390 seconds
162.585: [GC [PSYoungGen: 7630K->960K(7680K)] 18990K->12343K(25088K), 0.0004280 secs] [Times: user=0.00 sys=0.00, real=0.00 secs] 
162.586: Total time for which application threads were stopped: 0.0005300 seconds, Stopping threads took: 0.0000460 seconds
162.614: Application time: 0.0277500 seconds
162.614: [GC [PSYoungGen: 7613K->992K(7680K)] 18997K->12543K(25088K), 0.0004570 secs] [Times: user=0.00 sys=0.00, real=0.00 secs] 
162.614: Total time for which application threads were stopped: 0.0005660 seconds, Stopping threads took: 0.0000540 seconds
162.642: Application time: 0.0281810 seconds
162.642: [GC [PSYoungGen: 7644K->992K(7680K)] 19195K->12559K(25088K), 0.0005220 secs] [Times: user=0.00 sys=0.00, real=0.00 secs] 
162.643: Total time for which application threads were stopped: 0.0006450 seconds, Stopping threads took: 0.0000540 seconds
162.672: Application time: 0.0294640 seconds
162.673: [GC [PSYoungGen: 7646K->992K(7680K)] 19214K->12559K(25088K), 0.0004740 secs] [Times: user=0.00 sys=0.00, real=0.00 secs] 
162.673: Total time for which application threads were stopped: 0.0005710 seconds, Stopping threads took: 0.0000420 seconds
162.702: Application time: 0.0291780 seconds
162.702: [GC [PSYoungGen: 7646K->976K(7680K)] 19214K->12567K(25088K), 0.0004200 secs] [Times: user=0.00 sys=0.00, real=0.00 secs] 
162.703: Total time for which application threads were stopped: 0.0005200 seconds, Stopping threads took: 0.0000440 seconds
162.731: Application time: 0.0279470 seconds
162.731: [GC [PSYoungGen: 7629K->1008K(7680K)] 19221K->12679K(25088K), 0.0004290 secs] [Times: user=0.01 sys=0.00, real=0.00 secs] 
162.731: Total time for which application threads were stopped: 0.0005350 seconds, Stopping threads took: 0.0000480 seconds
162.758: Application time: 0.0271020 seconds
162.758: [GC [PSYoungGen: 7663K->1008K(7680K)] 19335K->12695K(25088K), 0.0004940 secs] [Times: user=0.00 sys=0.00, real=0.01 secs] 
162.759: Total time for which application threads were stopped: 0.0006030 seconds, Stopping threads took: 0.0000500 seconds
162.786: Application time: 0.0272430 seconds
162.786: [GC [PSYoungGen: 7661K->992K(7680K)] 19349K->12900K(25088K), 0.0004720 secs] [Times: user=0.00 sys=0.00, real=0.00 secs] 
162.787: Total time for which application threads were stopped: 0.0005780 seconds, Stopping threads took: 0.0000450 seconds
162.814: Application time: 0.0277000 seconds
162.815: [GC [PSYoungGen: 7646K->976K(7680K)] 19554K->12932K(25088K), 0.0004510 secs] [Times: user=0.00 sys=0.00, real=0.00 secs] 
162.815: Total time for which application threads were stopped: 0.0005580 seconds, Stopping threads took: 0.0000500 seconds
162.844: Application time: 0.0293920 seconds
162.844: [GC [PSYoungGen: 7628K->992K(7680K)] 19584K->13008K(25088K), 0.0005010 secs] [Times: user=0.01 sys=0.00, real=0.00 secs] 
162.845: Total time for which application threads were stopped: 0.0006030 seconds, Stopping threads took: 0.0000450 seconds
162.875: Application time: 0.0297160 seconds
162.879: [GC [PSYoungGen: 7644K->992K(7680K)] 19660K->13152K(25088K), 0.0004990 secs] [Times: user=0.00 sys=0.00, real=0.00 secs] 
162.879: Total time for which application threads were stopped: 0.0046020 seconds, Stopping threads took: 0.0040470 seconds
162.908: Application time: 0.0290010 seconds
162.908: [GC [PSYoungGen: 7644K->960K(7680K)] 19804K->13136K(25088K), 0.0005020 secs] [Times: user=0.00 sys=0.00, real=0.00 secs] 
162.909: Total time for which application threads were stopped: 0.0006090 seconds, Stopping threads took: 0.0000490 seconds
162.939: Application time: 0.0295800 seconds
162.939: [GC [PSYoungGen: 7614K->992K(7680K)] 19791K->13296K(25088K), 0.0004250 secs] [Times: user=0.00 sys=0.00, real=0.01 secs] 
162.939: Total time for which application threads were stopped: 0.0005370 seconds, Stopping threads took: 0.0000570 seconds
162.969: Application time: 0.0297720 seconds
162.969: [GC [PSYoungGen: 7646K->832K(7680K)] 19951K->13136K(25088K), 0.0003680 secs] [Times: user=0.00 sys=0.00, real=0.00 secs] 
162.969: Total time for which application threads were stopped: 0.0004760 seconds, Stopping threads took: 0.0000550 seconds
162.999: Application time: 0.0298120 seconds
162.999: [GC [PSYoungGen: 7486K->832K(7680K)] 19791K->13136K(25088K), 0.0004240 secs] [Times: user=0.00 sys=0.00, real=0.00 secs] 
163.000: Total time for which application threads were stopped: 0.0005170 seconds, Stopping threads took: 0.0000430 seconds
163.029: Application time: 0.0296910 seconds
163.029: [GC [PSYoungGen: 7486K->800K(7680K)] 19791K->13104K(25088K), 0.0004170 secs] [Times: user=0.00 sys=0.00, real=0.00 secs] 
163.030: Total time for which application threads were stopped: 0.0005160 seconds, Stopping threads took: 0.0000440 seconds
163.060: Application time: 0.0296920 seconds
163.060: [GC [PSYoungGen: 7454K->864K(7680K)] 19759K->13168K(25088K), 0.0003830 secs] [Times: user=0.01 sys=0.00, real=0.00 secs] 
163.060: Total time for which application threads were stopped: 0.0004850 seconds, Stopping threads took: 0.0000480 seconds
163.090: Application time: 0.0297100 seconds
163.090: [GC [PSYoungGen: 7518K->800K(7680K)] 19823K->13181K(25088K), 0.0004510 secs] [Times: user=0.00 sys=0.00, real=0.00 secs] 
163.090: Total time for which application threads were stopped: 0.0005460 seconds, Stopping threads took: 0.0000450 seconds
163.120: Application time: 0.0297680 seconds
163.120: [GC [PSYoungGen: 7454K->768K(7680K)] 19836K->13149K(25088K), 0.0003590 secs] [Times: user=0.00 sys=0.00, real=0.00 secs] 
163.121: Total time for which application threads were stopped: 0.0004590 seconds, Stopping threads took: 0.0000510 seconds
163.150: Application time: 0.0298520 seconds
163.150: [GC [PSYoungGen: 7422K->768K(7680K)] 19804K->13149K(25088K), 0.0003790 secs] [Times: user=0.00 sys=0.00, real=0.00 secs] 
163.151: Total time for which application threads were stopped: 0.0004880 seconds, Stopping threads took: 0.0000480 seconds
163.181: Application time: 0.0299770 seconds
163.181: [GC [PSYoungGen: 7420K->768K(7680K)] 19801K->13149K(25088K), 0.0004060 secs] [Times: user=0.00 sys=0.00, real=0.00 secs] 
163.181: Total time for which application threads were stopped: 0.0005090 seconds, Stopping threads took: 0.0000520 seconds
163.211: Application time: 0.0298960 seconds
163.211: [GC [PSYoungGen: 7422K->544K(7680K)] 19804K->13137K(25088K), 0.0004310 secs] [Times: user=0.00 sys=0.00, real=0.00 secs] 
163.212: Total time for which application threads were stopped: 0.0005320 seconds, Stopping threads took: 0.0000500 seconds
163.242: Application time: 0.0299920 seconds
163.242: [GC [PSYoungGen: 7196K->320K(7680K)] 19790K->13142K(25088K), 0.0004170 secs] [Times: user=0.00 sys=0.00, real=0.00 secs] 
163.242: Total time for which application threads were stopped: 0.0005250 seconds, Stopping threads took: 0.0000550 seconds
163.272: Application time: 0.0297420 seconds
163.272: [GC [PSYoungGen: 6974K->352K(7680K)] 19797K->13266K(25088K), 0.0003350 secs] [Times: user=0.00 sys=0.00, real=0.00 secs] 
163.272: Total time for which application threads were stopped: 0.0004250 seconds, Stopping threads took: 0.0000410 seconds
163.302: Application time: 0.0298990 seconds
163.302: [GC [PSYoungGen: 7006K->320K(7680K)] 19921K->13234K(25088K), 0.0003270 secs] [Times: user=0.00 sys=0.00, real=0.00 secs] 
163.303: Total time for which application threads were stopped: 0.0004210 seconds, Stopping threads took: 0.0000430 seconds
163.333: Application time: 0.0297380 seconds
163.333: [GC [PSYoungGen: 6974K->352K(7680K)] 19889K->13274K(25088K), 0.0003180 secs] [Times: user=0.00 sys=0.00, real=0.00 secs] 
163.333: Total time for which application threads were stopped: 0.0004110 seconds, Stopping threads took: 0.0000420 seconds
163.363: Application time: 0.0298750 seconds
163.363: [GC [PSYoungGen: 7006K->0K(7680K)] 19929K->13135K(25088K), 0.0003480 secs] [Times: user=0.00 sys=0.00, real=0.00 secs] 
163.363: Total time for which application threads were stopped: 0.0006490 seconds, Stopping threads took: 0.0002470 seconds
163.393: Application time: 0.0298000 seconds
163.393: [GC [PSYoungGen: 6654K->0K(7680K)] 19790K->13135K(25088K), 0.0003350 secs] [Times: user=0.00 sys=0.00, real=0.00 secs] 
163.394: Total time for which application threads were stopped: 0.0004390 seconds, Stopping threads took: 0.0000560 seconds
163.423: Application time: 0.0295980 seconds
163.423: [GC [PSYoungGen: 6654K->0K(7680K)] 19790K->13135K(25088K), 0.0003500 secs] [Times: user=0.00 sys=0.00, real=0.00 secs] 
163.424: Total time for which application threads were stopped: 0.0004440 seconds, Stopping threads took: 0.0000460 seconds
163.454: Application time: 0.0300580 seconds
163.454: [GC [PSYoungGen: 6652K->0K(7680K)] 19787K->13135K(25088K), 0.0003410 secs] [Times: user=0.00 sys=0.00, real=0.00 secs] 
163.454: Total time for which application threads were stopped: 0.0004390 seconds, Stopping threads took: 0.0000490 seconds
163.484: Application time: 0.0295100 seconds
163.484: [GC [PSYoungGen: 6654K->0K(7680K)] 19790K->13135K(25088K), 0.0003160 secs] [Times: user=0.00 sys=0.00, real=0.00 secs] 
163.484: Total time for which application threads were stopped: 0.0004200 seconds, Stopping threads took: 0.0000530 seconds
163.507: Application time: 0.0226250 seconds
163.507: [GC [PSYoungGen: 6652K->384K(7680K)] 19787K->13519K(25088K), 0.0003280 secs] [Times: user=0.00 sys=0.00, real=0.00 secs] 
163.507: Total time for which application threads were stopped: 0.0004300 seconds, Stopping threads took: 0.0000540 seconds
163.528: Application time: 0.0212050 seconds
163.529: [GC [PSYoungGen: 7035K->288K(7680K)] 20171K->13423K(25088K), 0.0003160 secs] [Times: user=0.00 sys=0.00, real=0.00 secs] 
163.529: Total time for which application threads were stopped: 0.0004060 seconds, Stopping threads took: 0.0000420 seconds
163.547: Application time: 0.0179090 seconds
163.547: [GC [PSYoungGen: 6943K->512K(7680K)] 20078K->13647K(25088K), 0.0003620 secs] [Times: user=0.00 sys=0.00, real=0.00 secs] 
163.547: Total time for which application threads were stopped: 0.0004650 seconds, Stopping threads took: 0.0000430 seconds
163.568: Application time: 0.0212280 seconds
163.569: [GC [PSYoungGen: 7163K->480K(7680K)] 20299K->13615K(25088K), 0.0003490 secs] [Times: user=0.01 sys=0.00, real=0.00 secs] 
163.569: Total time for which application threads were stopped: 0.0004440 seconds, Stopping threads took: 0.0000450 seconds
163.593: Application time: 0.0245640 seconds
163.594: [GC [PSYoungGen: 7133K->512K(7680K)] 20269K->13647K(25088K), 0.0003600 secs] [Times: user=0.00 sys=0.00, real=0.00 secs] 
163.594: Total time for which application threads were stopped: 0.0004790 seconds, Stopping threads took: 0.0000640 seconds
163.622: Application time: 0.0282460 seconds
163.622: [GC [PSYoungGen: 7167K->544K(7680K)] 20303K->13679K(25088K), 0.0004330 secs] [Times: user=0.00 sys=0.00, real=0.00 secs] 
163.623: Total time for which application threads were stopped: 0.0005660 seconds, Stopping threads took: 0.0000690 seconds
163.651: Application time: 0.0280630 seconds
163.651: [GC [PSYoungGen: 7197K->544K(7680K)] 20333K->13679K(25088K), 0.0003950 secs] [Times: user=0.00 sys=0.00, real=0.00 secs] 
163.651: Total time for which application threads were stopped: 0.0004960 seconds, Stopping threads took: 0.0000410 seconds
163.681: Application time: 0.0293840 seconds
163.681: [GC [PSYoungGen: 7196K->512K(7680K)] 20331K->13647K(25088K), 0.0003430 secs] [Times: user=0.00 sys=0.00, real=0.00 secs] 
163.681: Total time for which application threads were stopped: 0.0004400 seconds, Stopping threads took: 0.0000460 seconds
163.711: Application time: 0.0294550 seconds
163.711: [GC [PSYoungGen: 7166K->512K(7680K)] 20302K->13647K(25088K), 0.0003470 secs] [Times: user=0.00 sys=0.00, real=0.00 secs] 
163.711: Total time for which application threads were stopped: 0.0004390 seconds, Stopping threads took: 0.0000420 seconds
163.740: Application time: 0.0293600 seconds
163.741: [GC [PSYoungGen: 7166K->544K(7680K)] 20302K->13679K(25088K), 0.0003410 secs] [Times: user=0.00 sys=0.00, real=0.00 secs] 
163.741: Total time for which application threads were stopped: 0.0004470 seconds, Stopping threads took: 0.0000530 seconds
163.771: Application time: 0.0298070 seconds
163.771: [GC [PSYoungGen: 7198K->448K(7680K)] 20334K->13583K(25088K), 0.0003670 secs] [Times: user=0.00 sys=0.00, real=0.00 secs] 
163.771: Total time for which application threads were stopped: 0.0004610 seconds, Stopping threads took: 0.0000380 seconds
163.801: Application time: 0.0294290 seconds
163.801: [GC [PSYoungGen: 7102K->512K(7680K)] 20238K->13647K(25088K), 0.0003330 secs] [Times: user=0.00 sys=0.00, real=0.00 secs] 
163.801: Total time for which application threads were stopped: 0.0004260 seconds, Stopping threads took: 0.0000430 seconds
163.831: Application time: 0.0296570 seconds
163.831: [GC [PSYoungGen: 7166K->512K(7680K)] 20302K->13647K(25088K), 0.0003720 secs] [Times: user=0.00 sys=0.00, real=0.00 secs] 
163.831: Total time for which application threads were stopped: 0.0004590 seconds, Stopping threads took: 0.0000370 seconds
163.861: Application time: 0.0299760 seconds
163.863: [GC [PSYoungGen: 7164K->512K(7680K)] 20299K->13647K(25088K), 0.0003580 secs] [Times: user=0.00 sys=0.00, real=0.00 secs] 
163.863: Total time for which application threads were stopped: 0.0021010 seconds, Stopping threads took: 0.0016930 seconds
163.893: Application time: 0.0295030 seconds
163.893: [GC [PSYoungGen: 7166K->640K(7680K)] 20302K->13775K(25088K), 0.0003700 secs] [Times: user=0.00 sys=0.00, real=0.00 secs] 
163.893: Total time for which application threads were stopped: 0.0004740 seconds, Stopping threads took: 0.0000530 seconds
163.922: Application time: 0.0286100 seconds
163.922: [GC [PSYoungGen: 7292K->576K(7680K)] 20427K->13711K(25088K), 0.0003630 secs] [Times: user=0.00 sys=0.00, real=0.00 secs] 
163.922: Total time for which application threads were stopped: 0.0004520 seconds, Stopping threads took: 0.0000370 seconds
163.944: Application time: 0.0221930 seconds
163.945: [GC [PSYoungGen: 7229K->768K(7680K)] 20365K->13903K(25088K), 0.0003970 secs] [Times: user=0.00 sys=0.00, real=0.00 secs] 
163.945: Total time for which application threads were stopped: 0.0005020 seconds, Stopping threads took: 0.0000540 seconds
163.965: Application time: 0.0204170 seconds
163.965: [GC [PSYoungGen: 7421K->800K(7680K)] 20556K->13935K(25088K), 0.0003940 secs] [Times: user=0.00 sys=0.00, real=0.00 secs] 
163.966: Total time for which application threads were stopped: 0.0004940 seconds, Stopping threads took: 0.0000450 seconds
163.988: Application time: 0.0222570 seconds
163.991: [GC [PSYoungGen: 7456K->832K(7680K)] 20591K->13967K(25088K), 0.0004800 secs] [Times: user=0.00 sys=0.00, real=0.00 secs] 
163.991: Total time for which application threads were stopped: 0.0031910 seconds, Stopping threads took: 0.0026600 seconds
164.021: Application time: 0.0295480 seconds
164.021: [GC [PSYoungGen: 7484K->928K(7680K)] 20619K->14063K(25088K), 0.0004420 secs] [Times: user=0.00 sys=0.00, real=0.00 secs] 
164.021: Total time for which application threads were stopped: 0.0005580 seconds, Stopping threads took: 0.0000600 seconds
164.049: Application time: 0.0280800 seconds
164.050: [GC [PSYoungGen: 7582K->800K(7680K)] 20717K->13935K(25088K), 0.0003910 secs] [Times: user=0.00 sys=0.00, real=0.00 secs] 
164.050: Total time for which application threads were stopped: 0.0004960 seconds, Stopping threads took: 0.0000500 seconds
164.072: Application time: 0.0217790 seconds
164.072: [GC [PSYoungGen: 7391K->992K(7680K)] 20527K->14151K(25088K), 0.0004390 secs] [Times: user=0.00 sys=0.00, real=0.00 secs] 
164.072: Total time for which application threads were stopped: 0.0005450 seconds, Stopping threads took: 0.0000550 seconds
164.088: Application time: 0.0157070 seconds
164.088: [GC [PSYoungGen: 7644K->992K(7680K)] 20803K->14299K(25088K), 0.0004540 secs] [Times: user=0.00 sys=0.00, real=0.00 secs] 
164.089: Total time for which application threads were stopped: 0.0005510 seconds, Stopping threads took: 0.0000440 seconds
164.101: Application time: 0.0128450 seconds
164.102: [GC [PSYoungGen: 7644K->992K(7680K)] 20951K->14563K(25088K), 0.0004780 secs] [Times: user=0.01 sys=0.00, real=0.00 secs] 
164.102: Total time for which application threads were stopped: 0.0005750 seconds, Stopping threads took: 0.0000420 seconds
164.117: Application time: 0.0153120 seconds
164.117: [GC [PSYoungGen: 7644K->1008K(7680K)] 21215K->14676K(25088K), 0.0004400 secs] [Times: user=0.00 sys=0.00, real=0.00 secs] 
164.118: Total time for which application threads were stopped: 0.0005420 seconds, Stopping threads took: 0.0000460 seconds
164.133: Application time: 0.0151160 seconds
164.133: [GC [PSYoungGen: 7662K->1008K(7680K)] 21330K->15084K(25088K), 0.0005130 secs] [Times: user=0.00 sys=0.00, real=0.00 secs] 
164.134: Total time for which application threads were stopped: 0.0006120 seconds, Stopping threads took: 0.0000430 seconds
164.153: Application time: 0.0192640 seconds
164.153: [GC [PSYoungGen: 7662K->992K(7680K)] 21739K->15092K(25088K), 0.0004500 secs] [Times: user=0.00 sys=0.00, real=0.00 secs] 
164.153: Total time for which application threads were stopped: 0.0005560 seconds, Stopping threads took: 0.0000420 seconds
164.171: Application time: 0.0180710 seconds
164.172: [GC [PSYoungGen: 7645K->992K(7680K)] 21746K->15642K(25088K), 0.0005640 secs] [Times: user=0.00 sys=0.00, real=0.00 secs] 
164.172: Total time for which application threads were stopped: 0.0006790 seconds, Stopping threads took: 0.0000580 seconds
164.192: Application time: 0.0200390 seconds
164.192: [GC [PSYoungGen: 7646K->1008K(7680K)] 22296K->15998K(25088K), 0.0005190 secs] [Times: user=0.00 sys=0.00, real=0.00 secs] 
164.193: Total time for which application threads were stopped: 0.0006320 seconds, Stopping threads took: 0.0000590 seconds
164.213: Application time: 0.0200000 seconds
164.213: [GC [PSYoungGen: 7659K->992K(7680K)] 22650K->16227K(25088K), 0.0004960 secs] [Times: user=0.00 sys=0.00, real=0.00 secs] 
164.213: Total time for which application threads were stopped: 0.0006070 seconds, Stopping threads took: 0.0000590 seconds
164.240: Application time: 0.0260700 seconds
164.240: [GC [PSYoungGen: 7643K->992K(7680K)] 22879K->16647K(25088K), 0.0005440 secs] [Times: user=0.00 sys=0.00, real=0.00 secs] 
164.240: Total time for which application threads were stopped: 0.0006400 seconds, Stopping threads took: 0.0000410 seconds
164.268: Application time: 0.0282090 seconds
164.268: [GC [PSYoungGen: 7644K->976K(7680K)] 23300K->16671K(25088K), 0.0004690 secs] [Times: user=0.00 sys=0.00, real=0.00 secs] 
164.269: Total time for which application threads were stopped: 0.0005760 seconds, Stopping threads took: 0.0000540 seconds
164.297: Application time: 0.0276080 seconds
164.297: [GC [PSYoungGen: 7629K->1008K(7680K)] 23325K->16751K(25088K), 0.0004740 secs] [Times: user=0.00 sys=0.00, real=0.00 secs] 
164.297: Total time for which application threads were stopped: 0.0005830 seconds, Stopping threads took: 0.0000540 seconds
164.326: Application time: 0.0286220 seconds
164.326: [GC [PSYoungGen: 7662K->976K(7680K)] 23406K->16916K(25088K), 0.0004340 secs] [Times: user=0.00 sys=0.00, real=0.00 secs] 
164.326: Total time for which application threads were stopped: 0.0005410 seconds, Stopping threads took: 0.0000530 seconds
164.355: Application time: 0.0285510 seconds
164.355: [GC [PSYoungGen: 7630K->944K(7680K)] 23571K->16884K(25088K), 0.0004590 secs] [Times: user=0.00 sys=0.00, real=0.00 secs] 
164.355: Total time for which application threads were stopped: 0.0005660 seconds, Stopping threads took: 0.0000510 seconds
164.383: Application time: 0.0273550 seconds
164.383: [GC [PSYoungGen: 7598K->992K(7680K)] 23538K->17004K(25088K), 0.0004580 secs] [Times: user=0.01 sys=0.00, real=0.00 secs] 
164.383: Total time for which application threads were stopped: 0.0005520 seconds, Stopping threads took: 0.0000420 seconds
164.412: Application time: 0.0286170 seconds
164.412: [GC [PSYoungGen: 7646K->912K(7680K)] 23659K->17060K(25088K), 0.0004680 secs] [Times: user=0.00 sys=0.00, real=0.00 secs] 
164.413: Total time for which application threads were stopped: 0.0005780 seconds, Stopping threads took: 0.0000540 seconds
164.441: Application time: 0.0289540 seconds
164.442: [GC [PSYoungGen: 7564K->960K(7680K)] 23712K->17140K(25088K), 0.0004310 secs] [Times: user=0.01 sys=0.00, real=0.00 secs] 
164.442: Total time for which application threads were stopped: 0.0005180 seconds, Stopping threads took: 0.0000330 seconds
164.471: Application time: 0.0287490 seconds
164.471: [GC [PSYoungGen: 7614K->928K(7680K)] 23795K->17156K(25088K), 0.0004090 secs] [Times: user=0.00 sys=0.00, real=0.00 secs] 
164.471: Total time for which application threads were stopped: 0.0005150 seconds, Stopping threads took: 0.0000510 seconds
164.499: Application time: 0.0275920 seconds
164.499: [GC [PSYoungGen: 7485K->960K(7680K)] 23713K->17212K(25088K), 0.0004150 secs] [Times: user=0.00 sys=0.00, real=0.00 secs] 
164.499: Total time for which application threads were stopped: 0.0005180 seconds, Stopping threads took: 0.0000510 seconds
164.525: Application time: 0.0259490 seconds
164.525: [GC [PSYoungGen: 7613K->992K(7680K)] 23865K->17524K(25088K), 0.0004650 secs] [Times: user=0.00 sys=0.00, real=0.00 secs] 
164.526: Total time for which application threads were stopped: 0.0005750 seconds, Stopping threads took: 0.0000550 seconds
164.553: Application time: 0.0265810 seconds
164.553: [GC [PSYoungGen: 7644K->992K(7680K)] 24177K->17740K(25088K), 0.0005090 secs] [Times: user=0.00 sys=0.00, real=0.00 secs] 
164.553: Total time for which application threads were stopped: 0.0006090 seconds, Stopping threads took: 0.0000460 seconds
164.582: Application time: 0.0289650 seconds
164.582: [GC [PSYoungGen: 7646K->992K(7680K)] 24395K->17856K(25088K), 0.0005230 secs] [Times: user=0.00 sys=0.00, real=0.00 secs] 
164.583: Total time for which application threads were stopped: 0.0006270 seconds, Stopping threads took: 0.0000510 seconds
164.610: Application time: 0.0275240 seconds
164.610: [GC [PSYoungGen: 7645K->992K(7680K)] 24510K->18016K(25088K), 0.0004540 secs] [Times: user=0.00 sys=0.00, real=0.00 secs] 
164.611: [Full GC [PSYoungGen: 992K->0K(7680K)] [ParOldGen: 17024K->3770K(17408K)] 18016K->3770K(25088K) [PSPermGen: 5573K->5573K(21504K)], 0.0071120 secs] [Times: user=0.03 sys=0.00, real=0.00 secs] 
164.618: Total time for which application threads were stopped: 0.0077300 seconds, Stopping threads took: 0.0000530 seconds
164.648: Application time: 0.0296270 seconds
164.648: [GC [PSYoungGen: 6654K->0K(7680K)] 10425K->3770K(25088K), 0.0003390 secs] [Times: user=0.00 sys=0.00, real=0.00 secs] 
164.648: Total time for which application threads were stopped: 0.0004560 seconds, Stopping threads took: 0.0000580 seconds
164.678: Application time: 0.0294900 seconds
164.678: [GC [PSYoungGen: 6654K->0K(7680K)] 10425K->3770K(25088K), 0.0002880 secs] [Times: user=0.00 sys=0.00, real=0.00 secs] 
164.678: Total time for which application threads were stopped: 0.0003930 seconds, Stopping threads took: 0.0000440 seconds
164.707: Application time: 0.0295640 seconds
164.708: [GC [PSYoungGen: 6654K->0K(7680K)] 10425K->3770K(25088K), 0.0002700 secs] [Times: user=0.00 sys=0.00, real=0.00 secs] 
164.708: Total time for which application threads were stopped: 0.0003720 seconds, Stopping threads took: 0.0000510 seconds
164.738: Application time: 0.0296830 seconds
164.738: [GC [PSYoungGen: 6652K->0K(7680K)] 10422K->3770K(25088K), 0.0002730 secs] [Times: user=0.00 sys=0.00, real=0.00 secs] 
164.738: Total time for which application threads were stopped: 0.0003720 seconds, Stopping threads took: 0.0000470 seconds
164.767: Application time: 0.0294100 seconds
164.767: [GC [PSYoungGen: 6654K->0K(7680K)] 10425K->3770K(25088K), 0.0002850 secs] [Times: user=0.00 sys=0.00, real=0.00 secs] 
164.768: Total time for which application threads were stopped: 0.0003900 seconds, Stopping threads took: 0.0000550 seconds
164.797: Application time: 0.0295280 seconds
164.797: [GC [PSYoungGen: 6654K->0K(7680K)] 10425K->3770K(25088K), 0.0002760 secs] [Times: user=0.00 sys=0.00, real=0.00 secs] 
164.798: Total time for which application threads were stopped: 0.0003740 seconds, Stopping threads took: 0.0000480 seconds
164.827: Application time: 0.0294810 seconds
164.827: [GC [PSYoungGen: 6654K->0K(7680K)] 10425K->3770K(25088K), 0.0002850 secs] [Times: user=0.00 sys=0.00, real=0.00 secs] 
164.827: Total time for which application threads were stopped: 0.0003670 seconds, Stopping threads took: 0.0000350 seconds
164.858: Application time: 0.0304590 seconds
164.858: [GC [PSYoungGen: 6652K->0K(7680K)] 10422K->3770K(25088K), 0.0002800 secs] [Times: user=0.00 sys=0.00, real=0.00 secs] 
164.858: Total time for which application threads were stopped: 0.0003850 seconds, Stopping threads took: 0.0000570 seconds
164.888: Application time: 0.0295180 seconds
164.888: [GC [PSYoungGen: 6654K->0K(7680K)] 10425K->3770K(25088K), 0.0003130 secs] [Times: user=0.00 sys=0.00, real=0.00 secs] 
164.889: Total time for which application threads were stopped: 0.0015890 seconds, Stopping threads took: 0.0000550 seconds
164.919: Application time: 0.0295580 seconds
164.919: [GC [PSYoungGen: 6654K->0K(7680K)] 10425K->3770K(25088K), 0.0003040 secs] [Times: user=0.00 sys=0.00, real=0.00 secs] 
164.919: Total time for which application threads were stopped: 0.0003980 seconds, Stopping threads took: 0.0000450 seconds
164.949: Application time: 0.0295560 seconds
164.949: [GC [PSYoungGen: 6654K->0K(7680K)] 10425K->3770K(25088K), 0.0003020 secs] [Times: user=0.00 sys=0.00, real=0.00 secs] 
164.949: Total time for which application threads were stopped: 0.0003960 seconds, Stopping threads took: 0.0000490 seconds
164.979: Application time: 0.0295560 seconds
164.979: [GC [PSYoungGen: 6654K->0K(7680K)] 10425K->3770K(25088K), 0.0003050 secs] [Times: user=0.00 sys=0.00, real=0.00 secs] 
164.979: Total time for which application threads were stopped: 0.0003930 seconds, Stopping threads took: 0.0000440 seconds
165.009: Application time: 0.0296570 seconds
165.011: [GC [PSYoungGen: 6654K->0K(7680K)] 10425K->3770K(25088K), 0.0002950 secs] [Times: user=0.00 sys=0.00, real=0.00 secs] 
165.011: Total time for which application threads were stopped: 0.0021540 seconds, Stopping threads took: 0.0018040 seconds
165.041: Application time: 0.0296370 seconds
165.041: [GC [PSYoungGen: 6654K->0K(7680K)] 10425K->3770K(25088K), 0.0002680 secs] [Times: user=0.00 sys=0.00, real=0.00 secs] 
165.041: Total time for which application threads were stopped: 0.0003600 seconds, Stopping threads took: 0.0000420 seconds
165.071: Application time: 0.0297770 seconds
165.071: [GC [PSYoungGen: 6654K->0K(7680K)] 10425K->3770K(25088K), 0.0002900 secs] [Times: user=0.00 sys=0.00, real=0.00 secs] 
165.071: Total time for which application threads were stopped: 0.0003980 seconds, Stopping threads took: 0.0000610 seconds
165.101: Application time: 0.0296600 seconds
165.101: [GC [PSYoungGen: 6654K->0K(7680K)] 10425K->3770K(25088K), 0.0002950 secs] [Times: user=0.00 sys=0.00, real=0.00 secs] 
165.101: Total time for which application threads were stopped: 0.0004110 seconds, Stopping threads took: 0.0000680 seconds
165.132: Application time: 0.0308070 seconds
165.132: [GC [PSYoungGen: 6654K->0K(7680K)] 10424K->3770K(25088K), 0.0003100 secs] [Times: user=0.00 sys=0.00, real=0.00 secs] 
165.133: Total time for which application threads were stopped: 0.0004170 seconds, Stopping threads took: 0.0000550 seconds
165.163: Application time: 0.0300490 seconds
165.163: [GC [PSYoungGen: 6654K->0K(7680K)] 10425K->3770K(25088K), 0.0004660 secs] [Times: user=0.00 sys=0.00, real=0.00 secs] 
165.163: Total time for which application threads were stopped: 0.0005630 seconds, Stopping threads took: 0.0000480 seconds
165.193: Application time: 0.0295370 seconds
165.193: [GC [PSYoungGen: 6654K->0K(7680K)] 10425K->3770K(25088K), 0.0003040 secs] [Times: user=0.00 sys=0.00, real=0.00 secs] 
165.193: Total time for which application threads were stopped: 0.0004030 seconds, Stopping threads took: 0.0000430 seconds
165.223: Application time: 0.0294860 seconds
165.223: [GC [PSYoungGen: 6654K->0K(7680K)] 10425K->3770K(25088K), 0.0003480 secs] [Times: user=0.00 sys=0.00, real=0.00 secs] 
165.223: Total time for which application threads were stopped: 0.0004640 seconds, Stopping threads took: 0.0000640 seconds
165.245: Application time: 0.0215250 seconds
165.245: [GC [PSYoungGen: 6654K->352K(7680K)] 10424K->4122K(25088K), 0.0003610 secs] [Times: user=0.00 sys=0.00, real=0.00 secs] 
165.245: Total time for which application threads were stopped: 0.0004670 seconds, Stopping threads took: 0.0000570 seconds
165.266: Application time: 0.0212080 seconds
165.266: [GC [PSYoungGen: 7007K->288K(7680K)] 10778K->4058K(25088K), 0.0003500 secs] [Times: user=0.01 sys=0.00, real=0.01 secs] 
165.267: Total time for which application threads were stopped: 0.0004620 seconds, Stopping threads took: 0.0000610 seconds
165.285: Application time: 0.0183810 seconds
165.285: [GC [PSYoungGen: 6943K->480K(7680K)] 10714K->4250K(25088K), 0.0004230 secs] [Times: user=0.00 sys=0.00, real=0.00 secs] 
165.286: Total time for which application threads were stopped: 0.0005270 seconds, Stopping threads took: 0.0000520 seconds
165.307: Application time: 0.0213860 seconds
165.307: [GC [PSYoungGen: 7135K->544K(7680K)] 10906K->4314K(25088K), 0.0003290 secs] [Times: user=0.00 sys=0.00, real=0.00 secs] 
165.308: Total time for which application threads were stopped: 0.0004310 seconds, Stopping threads took: 0.0000520 seconds
165.333: Application time: 0.0250350 seconds
165.333: [GC [PSYoungGen: 7196K->544K(7680K)] 10966K->4314K(25088K), 0.0003290 secs] [Times: user=0.01 sys=0.00, real=0.00 secs] 
165.333: Total time for which application threads were stopped: 0.0004110 seconds, Stopping threads took: 0.0000340 seconds
165.362: Application time: 0.0291310 seconds
165.362: [GC [PSYoungGen: 7195K->576K(7680K)] 10966K->4346K(25088K), 0.0003650 secs] [Times: user=0.00 sys=0.00, real=0.00 secs] 
165.363: Total time for which application threads were stopped: 0.0004650 seconds, Stopping threads took: 0.0000470 seconds
165.391: Application time: 0.0282220 seconds
165.391: [GC [PSYoungGen: 7228K->672K(7680K)] 10998K->4442K(25088K), 0.0003730 secs] [Times: user=0.00 sys=0.00, real=0.00 secs] 
165.391: Total time for which application threads were stopped: 0.0004580 seconds, Stopping threads took: 0.0000370 seconds
165.420: Application time: 0.0292390 seconds
165.421: [GC [PSYoungGen: 7326K->448K(7680K)] 11097K->4218K(25088K), 0.0003570 secs] [Times: user=0.00 sys=0.00, real=0.00 secs] 
165.421: Total time for which application threads were stopped: 0.0004710 seconds, Stopping threads took: 0.0000640 seconds
165.450: Application time: 0.0293810 seconds
165.451: [GC [PSYoungGen: 7102K->512K(7680K)] 10873K->4282K(25088K), 0.0003310 secs] [Times: user=0.01 sys=0.00, real=0.00 secs] 
165.451: Total time for which application threads were stopped: 0.0008120 seconds, Stopping threads took: 0.0004330 seconds
165.481: Application time: 0.0298330 seconds
165.481: [GC [PSYoungGen: 7164K->544K(7680K)] 10934K->4314K(25088K), 0.0003400 secs] [Times: user=0.00 sys=0.00, real=0.00 secs] 
165.481: Total time for which application threads were stopped: 0.0004330 seconds, Stopping threads took: 0.0000440 seconds
165.511: Application time: 0.0293980 seconds
165.511: [GC [PSYoungGen: 7198K->608K(7680K)] 10969K->4378K(25088K), 0.0004160 secs] [Times: user=0.00 sys=0.00, real=0.00 secs] 
165.511: Total time for which application threads were stopped: 0.0005060 seconds, Stopping threads took: 0.0000390 seconds
165.541: Application time: 0.0293860 seconds
165.541: [GC [PSYoungGen: 7262K->448K(7680K)] 11033K->4218K(25088K), 0.0003350 secs] [Times: user=0.00 sys=0.00, real=0.00 secs] 
165.541: Total time for which application threads were stopped: 0.0004340 seconds, Stopping threads took: 0.0000520 seconds
165.571: Application time: 0.0293850 seconds
165.571: [GC [PSYoungGen: 7102K->512K(7680K)] 10873K->4282K(25088K), 0.0003410 secs] [Times: user=0.00 sys=0.00, real=0.00 secs] 
165.571: Total time for which application threads were stopped: 0.0004390 seconds, Stopping threads took: 0.0000480 seconds
165.600: Application time: 0.0294170 seconds
165.600: [GC [PSYoungGen: 7166K->512K(7680K)] 10937K->4282K(25088K), 0.0002910 secs] [Times: user=0.00 sys=0.00, real=0.00 secs] 
165.601: Total time for which application threads were stopped: 0.0003970 seconds, Stopping threads took: 0.0000570 seconds
165.631: Application time: 0.0298500 seconds
165.631: [GC [PSYoungGen: 7166K->448K(7680K)] 10937K->4218K(25088K), 0.0004160 secs] [Times: user=0.00 sys=0.00, real=0.00 secs] 
165.631: Total time for which application threads were stopped: 0.0005300 seconds, Stopping threads took: 0.0000540 seconds
165.661: Application time: 0.0293530 seconds
165.661: [GC [PSYoungGen: 7102K->480K(7680K)] 10873K->4250K(25088K), 0.0003610 secs] [Times: user=0.01 sys=0.00, real=0.00 secs] 
165.661: Total time for which application threads were stopped: 0.0004640 seconds, Stopping threads took: 0.0000530 seconds
165.682: Application time: 0.0211690 seconds
165.682: [GC [PSYoungGen: 7134K->512K(7680K)] 10904K->4282K(25088K), 0.0003920 secs] [Times: user=0.01 sys=0.00, real=0.00 secs] 
165.683: Total time for which application threads were stopped: 0.0004900 seconds, Stopping threads took: 0.0000490 seconds
165.704: Application time: 0.0208890 seconds
165.704: [GC [PSYoungGen: 7166K->768K(7680K)] 10937K->4538K(25088K), 0.0004420 secs] [Times: user=0.00 sys=0.00, real=0.00 secs] 
165.704: Total time for which application threads were stopped: 0.0005560 seconds, Stopping threads took: 0.0000500 seconds
165.727: Application time: 0.0225140 seconds
165.727: [GC [PSYoungGen: 7424K->768K(7680K)] 11194K->4538K(25088K), 0.0003900 secs] [Times: user=0.00 sys=0.00, real=0.01 secs] 
165.727: Total time for which application threads were stopped: 0.0004940 seconds, Stopping threads took: 0.0000520 seconds
165.756: Application time: 0.0289880 seconds
165.756: [GC [PSYoungGen: 7420K->768K(7680K)] 11191K->4538K(25088K), 0.0003980 secs] [Times: user=0.01 sys=0.00, real=0.00 secs] 
165.757: Total time for which application threads were stopped: 0.0004960 seconds, Stopping threads took: 0.0000440 seconds
165.785: Application time: 0.0282810 seconds
165.785: [GC [PSYoungGen: 7420K->800K(7680K)] 11190K->4570K(25088K), 0.0003830 secs] [Times: user=0.00 sys=0.00, real=0.00 secs] 
165.785: Total time for which application threads were stopped: 0.0004810 seconds, Stopping threads took: 0.0000450 seconds
165.806: Application time: 0.0207270 seconds
165.806: [GC [PSYoungGen: 7454K->960K(7680K)] 11225K->4858K(25088K), 0.0004240 secs] [Times: user=0.01 sys=0.00, real=0.00 secs] 
165.807: Total time for which application threads were stopped: 0.0005160 seconds, Stopping threads took: 0.0000410 seconds
165.825: Application time: 0.0187710 seconds
165.825: [GC [PSYoungGen: 7614K->992K(7680K)] 11512K->4898K(25088K), 0.0004990 secs] [Times: user=0.00 sys=0.00, real=0.00 secs] 
165.826: Total time for which application threads were stopped: 0.0005930 seconds, Stopping threads took: 0.0000420 seconds
165.842: Application time: 0.0163650 seconds
165.842: [GC [PSYoungGen: 7645K->992K(7680K)] 11551K->5098K(25088K), 0.0004610 secs] [Times: user=0.00 sys=0.00, real=0.00 secs] 
165.843: Total time for which application threads were stopped: 0.0005740 seconds, Stopping threads took: 0.0000580 seconds
165.858: Application time: 0.0146440 seconds
165.858: [GC [PSYoungGen: 7647K->992K(7680K)] 11753K->5539K(25088K), 0.0005270 secs] [Times: user=0.00 sys=0.00, real=0.00 secs] 
165.858: Total time for which application threads were stopped: 0.0006300 seconds, Stopping threads took: 0.0000490 seconds
165.872: Application time: 0.0139250 seconds
165.872: [GC [PSYoungGen: 7644K->992K(7680K)] 12191K->5723K(25088K), 0.0005010 secs] [Times: user=0.00 sys=0.00, real=0.00 secs] 
165.873: Total time for which application threads were stopped: 0.0005980 seconds, Stopping threads took: 0.0000430 seconds
165.889: Application time: 0.0166840 seconds
165.889: [GC [PSYoungGen: 7644K->992K(7680K)] 12375K->5767K(25088K), 0.0004280 secs] [Times: user=0.01 sys=0.00, real=0.00 secs] 
165.890: Total time for which application threads were stopped: 0.0005300 seconds, Stopping threads took: 0.0000500 seconds
165.911: Application time: 0.0206060 seconds
165.911: [GC [PSYoungGen: 7647K->992K(7680K)] 12423K->6183K(25088K), 0.0005010 secs] [Times: user=0.00 sys=0.00, real=0.00 secs] 
165.911: Total time for which application threads were stopped: 0.0006080 seconds, Stopping threads took: 0.0000540 seconds
165.930: Application time: 0.0188330 seconds
165.930: [GC [PSYoungGen: 7645K->992K(7680K)] 12837K->6463K(25088K), 0.0004840 secs] [Times: user=0.00 sys=0.00, real=0.00 secs] 
165.931: Total time for which application threads were stopped: 0.0005840 seconds, Stopping threads took: 0.0000440 seconds
165.950: Application time: 0.0198510 seconds
165.951: [GC [PSYoungGen: 7646K->992K(7680K)] 13118K->6719K(25088K), 0.0004680 secs] [Times: user=0.01 sys=0.00, real=0.00 secs] 
165.951: Total time for which application threads were stopped: 0.0005680 seconds, Stopping threads took: 0.0000460 seconds
165.975: Application time: 0.0240750 seconds
165.975: [GC [PSYoungGen: 7647K->1008K(7680K)] 13375K->6985K(25088K), 0.0004930 secs] [Times: user=0.01 sys=0.00, real=0.00 secs] 
165.976: Total time for which application threads were stopped: 0.0006010 seconds, Stopping threads took: 0.0000550 seconds
166.004: Application time: 0.0283540 seconds
166.004: [GC [PSYoungGen: 7660K->992K(7680K)] 13637K->7105K(25088K), 0.0004770 secs] [Times: user=0.00 sys=0.00, real=0.00 secs] 
166.005: Total time for which application threads were stopped: 0.0005720 seconds, Stopping threads took: 0.0000410 seconds
166.032: Application time: 0.0276010 seconds
166.032: [GC [PSYoungGen: 7644K->992K(7680K)] 13757K->7281K(25088K), 0.0004430 secs] [Times: user=0.01 sys=0.00, real=0.00 secs] 
166.033: Total time for which application threads were stopped: 0.0005420 seconds, Stopping threads took: 0.0000430 seconds
166.061: Application time: 0.0286360 seconds
166.061: [GC [PSYoungGen: 7646K->928K(7680K)] 13936K->7261K(25088K), 0.0004170 secs] [Times: user=0.00 sys=0.00, real=0.00 secs] 
166.062: Total time for which application threads were stopped: 0.0005170 seconds, Stopping threads took: 0.0000420 seconds
166.090: Application time: 0.0284850 seconds
166.090: [GC [PSYoungGen: 7582K->928K(7680K)] 13916K->7261K(25088K), 0.0004630 secs] [Times: user=0.00 sys=0.00, real=0.00 secs] 
166.091: Total time for which application threads were stopped: 0.0005610 seconds, Stopping threads took: 0.0000460 seconds
166.118: Application time: 0.0269000 seconds
166.118: [GC [PSYoungGen: 7582K->1008K(7680K)] 13915K->7533K(25088K), 0.0004920 secs] [Times: user=0.00 sys=0.00, real=0.00 secs] 
166.118: Total time for which application threads were stopped: 0.0005950 seconds, Stopping threads took: 0.0000510 seconds
166.147: Application time: 0.0286180 seconds
166.147: [GC [PSYoungGen: 7662K->944K(7680K)] 14188K->7517K(25088K), 0.0004160 secs] [Times: user=0.00 sys=0.00, real=0.00 secs] 
166.148: Total time for which application threads were stopped: 0.0005270 seconds, Stopping threads took: 0.0000580 seconds
166.176: Application time: 0.0288590 seconds
166.177: [GC [PSYoungGen: 7598K->960K(7680K)] 14172K->7533K(25088K), 0.0003970 secs] [Times: user=0.01 sys=0.00, real=0.00 secs] 
166.177: Total time for which application threads were stopped: 0.0005040 seconds, Stopping threads took: 0.0000550 seconds
166.206: Application time: 0.0288850 seconds
166.206: [GC [PSYoungGen: 7614K->944K(7680K)] 14188K->7589K(25088K), 0.0004120 secs] [Times: user=0.00 sys=0.00, real=0.00 secs] 
166.206: Total time for which application threads were stopped: 0.0005230 seconds, Stopping threads took: 0.0000500 seconds
166.234: Application time: 0.0271200 seconds
166.234: [GC [PSYoungGen: 7597K->992K(7680K)] 14243K->7789K(25088K), 0.0004160 secs] [Times: user=0.00 sys=0.00, real=0.00 secs] 
166.234: Total time for which application threads were stopped: 0.0005230 seconds, Stopping threads took: 0.0000550 seconds
166.261: Application time: 0.0271970 seconds
166.261: [GC [PSYoungGen: 7646K->992K(7680K)] 14443K->7805K(25088K), 0.0004070 secs] [Times: user=0.00 sys=0.00, real=0.00 secs] 
166.262: Total time for which application threads were stopped: 0.0005230 seconds, Stopping threads took: 0.0000620 seconds
166.288: Application time: 0.0264930 seconds
166.288: [GC [PSYoungGen: 7645K->992K(7680K)] 14459K->7941K(25088K), 0.0004380 secs] [Times: user=0.01 sys=0.00, real=0.00 secs] 
166.289: Total time for which application threads were stopped: 0.0005400 seconds, Stopping threads took: 0.0000490 seconds
166.317: Application time: 0.0285040 seconds
166.317: [GC [PSYoungGen: 7644K->928K(7680K)] 14594K->8070K(25088K), 0.0004430 secs] [Times: user=0.00 sys=0.00, real=0.00 secs] 
166.318: Total time for which application threads were stopped: 0.0005560 seconds, Stopping threads took: 0.0000590 seconds
166.346: Application time: 0.0284890 seconds
166.346: [GC [PSYoungGen: 7581K->992K(7680K)] 14723K->8198K(25088K), 0.0004130 secs] [Times: user=0.00 sys=0.00, real=0.01 secs] 
166.347: Total time for which application threads were stopped: 0.0005030 seconds, Stopping threads took: 0.0000350 seconds
166.375: Application time: 0.0286120 seconds
166.376: [GC [PSYoungGen: 7646K->992K(7680K)] 14852K->8230K(25088K), 0.0004040 secs] [Times: user=0.00 sys=0.00, real=0.00 secs] 
166.376: Total time for which application threads were stopped: 0.0004930 seconds, Stopping threads took: 0.0000370 seconds
166.406: Application time: 0.0297130 seconds
166.406: [GC [PSYoungGen: 7644K->960K(7680K)] 14882K->8198K(25088K), 0.0004020 secs] [Times: user=0.00 sys=0.00, real=0.00 secs] 
166.406: Total time for which application threads were stopped: 0.0005110 seconds, Stopping threads took: 0.0000580 seconds
166.436: Application time: 0.0302350 seconds
166.437: [GC [PSYoungGen: 7614K->992K(7680K)] 14852K->8230K(25088K), 0.0003830 secs] [Times: user=0.00 sys=0.00, real=0.00 secs] 
166.437: Total time for which application threads were stopped: 0.0004880 seconds, Stopping threads took: 0.0000530 seconds
166.467: Application time: 0.0299190 seconds
166.467: [GC [PSYoungGen: 7646K->960K(7680K)] 14884K->8198K(25088K), 0.0004800 secs] [Times: user=0.00 sys=0.00, real=0.00 secs] 
166.467: Total time for which application threads were stopped: 0.0005860 seconds, Stopping threads took: 0.0000470 seconds
166.498: Application time: 0.0301440 seconds
166.498: [GC [PSYoungGen: 7614K->992K(7680K)] 14852K->8238K(25088K), 0.0003750 secs] [Times: user=0.00 sys=0.00, real=0.00 secs] 
166.498: Total time for which application threads were stopped: 0.0004670 seconds, Stopping threads took: 0.0000410 seconds
166.528: Application time: 0.0295560 seconds
166.528: [GC [PSYoungGen: 7646K->992K(7680K)] 14892K->8254K(25088K), 0.0003750 secs] [Times: user=0.00 sys=0.00, real=0.00 secs] 
166.528: Total time for which application threads were stopped: 0.0004750 seconds, Stopping threads took: 0.0000480 seconds
166.558: Application time: 0.0300910 seconds
166.558: [GC [PSYoungGen: 7644K->800K(7680K)] 14906K->8258K(25088K), 0.0004180 secs] [Times: user=0.00 sys=0.00, real=0.00 secs] 
166.559: Total time for which application threads were stopped: 0.0005220 seconds, Stopping threads took: 0.0000540 seconds
166.588: Application time: 0.0297020 seconds
166.588: [GC [PSYoungGen: 7452K->800K(7680K)] 14910K->8258K(25088K), 0.0003630 secs] [Times: user=0.00 sys=0.00, real=0.00 secs] 
166.589: Total time for which application threads were stopped: 0.0004650 seconds, Stopping threads took: 0.0000500 seconds
166.619: Application time: 0.0300170 seconds
166.619: [GC [PSYoungGen: 7454K->832K(7680K)] 14913K->8290K(25088K), 0.0004150 secs] [Times: user=0.00 sys=0.00, real=0.00 secs] 
166.619: Total time for which application threads were stopped: 0.0005340 seconds, Stopping threads took: 0.0000600 seconds
166.650: Application time: 0.0307340 seconds
166.651: [GC [PSYoungGen: 7484K->800K(7680K)] 14942K->8258K(25088K), 0.0004130 secs] [Times: user=0.00 sys=0.00, real=0.00 secs] 
166.651: Total time for which application threads were stopped: 0.0011020 seconds, Stopping threads took: 0.0006320 seconds
166.681: Application time: 0.0296460 seconds
166.681: [GC [PSYoungGen: 7454K->736K(7680K)] 14913K->8271K(25088K), 0.0003650 secs] [Times: user=0.01 sys=0.00, real=0.00 secs] 
166.681: Total time for which application threads were stopped: 0.0004650 seconds, Stopping threads took: 0.0000460 seconds
166.711: Application time: 0.0296190 seconds
166.711: [GC [PSYoungGen: 7390K->544K(7680K)] 14925K->8291K(25088K), 0.0003570 secs] [Times: user=0.00 sys=0.00, real=0.00 secs] 
166.711: Total time for which application threads were stopped: 0.0004690 seconds, Stopping threads took: 0.0000510 seconds
166.741: Application time: 0.0295000 seconds
166.741: [GC [PSYoungGen: 7198K->544K(7680K)] 14946K->8384K(25088K), 0.0003500 secs] [Times: user=0.00 sys=0.00, real=0.00 secs] 
166.741: Total time for which application threads were stopped: 0.0004420 seconds, Stopping threads took: 0.0000420 seconds
166.771: Application time: 0.0295140 seconds
166.771: [GC [PSYoungGen: 7198K->384K(7680K)] 15038K->8452K(25088K), 0.0003520 secs] [Times: user=0.00 sys=0.00, real=0.00 secs] 
166.771: Total time for which application threads were stopped: 0.0004430 seconds, Stopping threads took: 0.0000400 seconds
166.801: Application time: 0.0294940 seconds
166.801: [GC [PSYoungGen: 7038K->352K(7680K)] 15107K->8428K(25088K), 0.0003170 secs] [Times: user=0.00 sys=0.00, real=0.00 secs] 
166.801: Total time for which application threads were stopped: 0.0004070 seconds, Stopping threads took: 0.0000400 seconds
166.831: Application time: 0.0295500 seconds
166.831: [GC [PSYoungGen: 7006K->0K(7680K)] 15083K->8284K(25088K), 0.0003220 secs] [Times: user=0.00 sys=0.00, real=0.00 secs] 
166.831: Total time for which application threads were stopped: 0.0004250 seconds, Stopping threads took: 0.0000520 seconds
166.861: Application time: 0.0295880 seconds
166.863: [GC [PSYoungGen: 6654K->0K(7680K)] 14939K->8284K(25088K), 0.0003550 secs] [Times: user=0.00 sys=0.00, real=0.00 secs] 
166.863: Total time for which application threads were stopped: 0.0023800 seconds, Stopping threads took: 0.0019740 seconds
166.893: Application time: 0.0295330 seconds
166.893: [GC [PSYoungGen: 6654K->0K(7680K)] 14939K->8284K(25088K), 0.0003030 secs] [Times: user=0.01 sys=0.00, real=0.00 secs] 
166.893: Total time for which application threads were stopped: 0.0004030 seconds, Stopping threads took: 0.0000510 seconds
166.923: Application time: 0.0293730 seconds
166.923: [GC [PSYoungGen: 6652K->0K(7680K)] 14936K->8284K(25088K), 0.0003220 secs] [Times: user=0.00 sys=0.00, real=0.00 secs] 
166.923: Total time for which application threads were stopped: 0.0004280 seconds, Stopping threads took: 0.0000550 seconds
166.952: Application time: 0.0292440 seconds
166.952: [GC [PSYoungGen: 6654K->0K(7680K)] 14939K->8284K(25088K), 0.0002920 secs] [Times: user=0.00 sys=0.00, real=0.00 secs] 
166.953: Total time for which application threads were stopped: 0.0003830 seconds, Stopping threads took: 0.0000440 seconds
166.979: Application time: 0.0262680 seconds
166.979: [GC [PSYoungGen: 6651K->384K(7680K)] 14936K->8668K(25088K), 0.0003250 secs] [Times: user=0.00 sys=0.00, real=0.00 secs] 
166.979: Total time for which application threads were stopped: 0.0004180 seconds, Stopping threads took: 0.0000430 seconds
166.999: Application time: 0.0193580 seconds
166.999: [GC [PSYoungGen: 7037K->480K(7680K)] 15321K->8764K(25088K), 0.0004040 secs] [Times: user=0.00 sys=0.00, real=0.01 secs] 
166.999: Total time for which application threads were stopped: 0.0005050 seconds, Stopping threads took: 0.0000500 seconds
167.015: Application time: 0.0161610 seconds
167.015: [GC [PSYoungGen: 7132K->544K(7680K)] 15417K->8828K(25088K), 0.0003440 secs] [Times: user=0.00 sys=0.00, real=0.00 secs] 
167.016: Total time for which application threads were stopped: 0.0004450 seconds, Stopping threads took: 0.0000510 seconds
167.037: Application time: 0.0208560 seconds
167.037: [GC [PSYoungGen: 7197K->512K(7680K)] 15482K->8796K(25088K), 0.0003760 secs] [Times: user=0.00 sys=0.00, real=0.00 secs] 
167.037: Total time for which application threads were stopped: 0.0004690 seconds, Stopping threads took: 0.0000420 seconds
167.062: Application time: 0.0244440 seconds
167.062: [GC [PSYoungGen: 7164K->480K(7680K)] 15448K->8764K(25088K), 0.0003950 secs] [Times: user=0.00 sys=0.00, real=0.00 secs] 
167.062: Total time for which application threads were stopped: 0.0004970 seconds, Stopping threads took: 0.0000520 seconds
167.090: Application time: 0.0277980 seconds
167.090: [GC [PSYoungGen: 7133K->480K(7680K)] 15418K->8764K(25088K), 0.0004040 secs] [Times: user=0.00 sys=0.00, real=0.00 secs] 
167.090: Total time for which application threads were stopped: 0.0004910 seconds, Stopping threads took: 0.0000330 seconds
167.118: Application time: 0.0280450 seconds
167.118: [GC [PSYoungGen: 7132K->576K(7680K)] 15416K->8860K(25088K), 0.0004130 secs] [Times: user=0.00 sys=0.00, real=0.01 secs] 
167.119: Total time for which application threads were stopped: 0.0005100 seconds, Stopping threads took: 0.0000470 seconds
167.148: Application time: 0.0290490 seconds
167.148: [GC [PSYoungGen: 7230K->544K(7680K)] 15515K->8828K(25088K), 0.0003270 secs] [Times: user=0.00 sys=0.00, real=0.00 secs] 
167.148: Total time for which application threads were stopped: 0.0004240 seconds, Stopping threads took: 0.0000450 seconds
167.177: Application time: 0.0290550 seconds
167.177: [GC [PSYoungGen: 7198K->480K(7680K)] 15483K->8764K(25088K), 0.0003220 secs] [Times: user=0.01 sys=0.00, real=0.00 secs] 
167.178: Total time for which application threads were stopped: 0.0004180 seconds, Stopping threads took: 0.0000420 seconds
167.207: Application time: 0.0293200 seconds
167.207: [GC [PSYoungGen: 7134K->512K(7680K)] 15419K->8796K(25088K), 0.0003290 secs] [Times: user=0.00 sys=0.00, real=0.00 secs] 
167.208: Total time for which application threads were stopped: 0.0004280 seconds, Stopping threads took: 0.0000490 seconds
167.237: Application time: 0.0295610 seconds
167.239: [GC [PSYoungGen: 7164K->544K(7680K)] 15449K->8828K(25088K), 0.0003560 secs] [Times: user=0.00 sys=0.00, real=0.00 secs] 
167.239: Total time for which application threads were stopped: 0.0020890 seconds, Stopping threads took: 0.0016740 seconds
167.271: Application time: 0.0321500 seconds
167.271: [GC [PSYoungGen: 7199K->544K(7680K)] 15484K->8828K(25088K), 0.0003570 secs] [Times: user=0.00 sys=0.00, real=0.00 secs] 
167.272: Total time for which application threads were stopped: 0.0004530 seconds, Stopping threads took: 0.0000470 seconds
167.301: Application time: 0.0293260 seconds
167.301: [GC [PSYoungGen: 7198K->512K(7680K)] 15483K->8796K(25088K), 0.0003250 secs] [Times: user=0.00 sys=0.00, real=0.00 secs] 
167.302: Total time for which application threads were stopped: 0.0004260 seconds, Stopping threads took: 0.0000490 seconds
167.331: Application time: 0.0292400 seconds
167.331: [GC [PSYoungGen: 7166K->576K(7680K)] 15451K->8860K(25088K), 0.0003940 secs] [Times: user=0.00 sys=0.00, real=0.00 secs] 
167.331: Total time for which application threads were stopped: 0.0004920 seconds, Stopping threads took: 0.0000470 seconds
167.360: Application time: 0.0291430 seconds
167.361: [GC [PSYoungGen: 7230K->448K(7680K)] 15515K->8732K(25088K), 0.0003590 secs] [Times: user=0.00 sys=0.00, real=0.00 secs] 
167.361: Total time for which application threads were stopped: 0.0004640 seconds, Stopping threads took: 0.0000550 seconds
167.390: Application time: 0.0290680 seconds
167.390: [GC [PSYoungGen: 7102K->672K(7680K)] 15387K->8956K(25088K), 0.0003740 secs] [Times: user=0.00 sys=0.00, real=0.00 secs] 
167.390: Total time for which application threads were stopped: 0.0004720 seconds, Stopping threads took: 0.0000470 seconds
167.410: Application time: 0.0197250 seconds
167.410: [GC [PSYoungGen: 7326K->672K(7680K)] 15611K->8956K(25088K), 0.0004990 secs] [Times: user=0.00 sys=0.00, real=0.00 secs] 
167.411: Total time for which application threads were stopped: 0.0005860 seconds, Stopping threads took: 0.0000390 seconds
167.431: Application time: 0.0204820 seconds
167.431: [GC [PSYoungGen: 7324K->736K(7680K)] 15609K->9020K(25088K), 0.0003820 secs] [Times: user=0.00 sys=0.00, real=0.00 secs] 
167.432: Total time for which application threads were stopped: 0.0004700 seconds, Stopping threads took: 0.0000350 seconds
167.455: Application time: 0.0235460 seconds
167.455: [GC [PSYoungGen: 7390K->800K(7680K)] 15675K->9084K(25088K), 0.0004360 secs] [Times: user=0.01 sys=0.00, real=0.00 secs] 
167.456: Total time for which application threads were stopped: 0.0005480 seconds, Stopping threads took: 0.0000560 seconds
167.485: Application time: 0.0288210 seconds
167.485: [GC [PSYoungGen: 7452K->800K(7680K)] 15737K->9084K(25088K), 0.0003820 secs] [Times: user=0.00 sys=0.00, real=0.00 secs] 
167.485: Total time for which application threads were stopped: 0.0004730 seconds, Stopping threads took: 0.0000390 seconds
167.513: Application time: 0.0280290 seconds
167.513: [GC [PSYoungGen: 7452K->832K(7680K)] 15736K->9116K(25088K), 0.0003870 secs] [Times: user=0.00 sys=0.00, real=0.00 secs] 
167.514: Total time for which application threads were stopped: 0.0004890 seconds, Stopping threads took: 0.0000510 seconds
167.533: Application time: 0.0196940 seconds
167.533: [GC [PSYoungGen: 7486K->992K(7680K)] 15771K->9284K(25088K), 0.0004750 secs] [Times: user=0.00 sys=0.00, real=0.00 secs] 
167.534: Total time for which application threads were stopped: 0.0005650 seconds, Stopping threads took: 0.0000350 seconds
167.555: Application time: 0.0210150 seconds
167.555: [GC [PSYoungGen: 7647K->960K(7680K)] 15940K->9252K(25088K), 0.0004140 secs] [Times: user=0.00 sys=0.00, real=0.00 secs] 
167.555: Total time for which application threads were stopped: 0.0005180 seconds, Stopping threads took: 0.0000510 seconds
167.573: Application time: 0.0175360 seconds
167.573: [GC [PSYoungGen: 7615K->1008K(7680K)] 15908K->9628K(25088K), 0.0004910 secs] [Times: user=0.00 sys=0.00, real=0.00 secs] 
167.574: Total time for which application threads were stopped: 0.0006130 seconds, Stopping threads took: 0.0000680 seconds
167.589: Application time: 0.0157780 seconds
167.589: [GC [PSYoungGen: 7663K->992K(7680K)] 16283K->9696K(25088K), 0.0004610 secs] [Times: user=0.00 sys=0.00, real=0.00 secs] 
167.590: Total time for which application threads were stopped: 0.0005690 seconds, Stopping threads took: 0.0000460 seconds
167.605: Application time: 0.0146190 seconds
167.605: [GC [PSYoungGen: 7644K->1008K(7680K)] 16349K->10105K(25088K), 0.0005410 secs] [Times: user=0.01 sys=0.00, real=0.00 secs] 
167.605: Total time for which application threads were stopped: 0.0006440 seconds, Stopping threads took: 0.0000490 seconds
167.622: Application time: 0.0169200 seconds
167.622: [GC [PSYoungGen: 7660K->992K(7680K)] 16757K->10329K(25088K), 0.0005140 secs] [Times: user=0.00 sys=0.00, real=0.00 secs] 
167.623: Total time for which application threads were stopped: 0.0006390 seconds, Stopping threads took: 0.0000590 seconds
167.645: Application time: 0.0223820 seconds
167.645: [GC [PSYoungGen: 7643K->992K(7680K)] 16980K->10501K(25088K), 0.0004590 secs] [Times: user=0.00 sys=0.00, real=0.00 secs] 
167.646: Total time for which application threads were stopped: 0.0005610 seconds, Stopping threads took: 0.0000480 seconds
167.666: Application time: 0.0203340 seconds
167.666: [GC [PSYoungGen: 7646K->1008K(7680K)] 17155K->10941K(25088K), 0.0005060 secs] [Times: user=0.01 sys=0.00, real=0.00 secs] 
167.667: Total time for which application threads were stopped: 0.0006130 seconds, Stopping threads took: 0.0000510 seconds
167.685: Application time: 0.0185460 seconds
167.685: [GC [PSYoungGen: 7662K->1008K(7680K)] 17596K->11157K(25088K), 0.0004570 secs] [Times: user=0.01 sys=0.00, real=0.00 secs] 
167.686: Total time for which application threads were stopped: 0.0005630 seconds, Stopping threads took: 0.0000520 seconds
167.706: Application time: 0.0203880 seconds
167.707: [GC [PSYoungGen: 7659K->1008K(7680K)] 17808K->11285K(25088K), 0.0004740 secs] [Times: user=0.00 sys=0.00, real=0.00 secs] 
167.707: Total time for which application threads were stopped: 0.0011750 seconds, Stopping threads took: 0.0006460 seconds
167.735: Application time: 0.0277100 seconds
167.735: [GC [PSYoungGen: 7659K->976K(7680K)] 17936K->11381K(25088K), 0.0004220 secs] [Times: user=0.00 sys=0.00, real=0.00 secs] 
167.736: Total time for which application threads were stopped: 0.0005290 seconds, Stopping threads took: 0.0000530 seconds
167.764: Application time: 0.0282340 seconds
167.764: [GC [PSYoungGen: 7628K->880K(7680K)] 18033K->11369K(25088K), 0.0004670 secs] [Times: user=0.01 sys=0.00, real=0.00 secs] 
167.764: Total time for which application threads were stopped: 0.0005910 seconds, Stopping threads took: 0.0000620 seconds
167.792: Application time: 0.0275530 seconds
167.792: [GC [PSYoungGen: 7532K->992K(7680K)] 18021K->11534K(25088K), 0.0004440 secs] [Times: user=0.00 sys=0.00, real=0.00 secs] 
167.793: Total time for which application threads were stopped: 0.0005490 seconds, Stopping threads took: 0.0000520 seconds
167.821: Application time: 0.0287710 seconds
167.821: [GC [PSYoungGen: 7646K->912K(7680K)] 18189K->11454K(25088K), 0.0004420 secs] [Times: user=0.00 sys=0.00, real=0.00 secs] 
167.822: Total time for which application threads were stopped: 0.0005400 seconds, Stopping threads took: 0.0000470 seconds
167.849: Application time: 0.0272180 seconds
167.849: [GC [PSYoungGen: 7566K->992K(7680K)] 18108K->11618K(25088K), 0.0005030 secs] [Times: user=0.00 sys=0.00, real=0.00 secs] 
167.850: Total time for which application threads were stopped: 0.0006030 seconds, Stopping threads took: 0.0000470 seconds
167.878: Application time: 0.0288090 seconds
167.879: [GC [PSYoungGen: 7646K->992K(7680K)] 18273K->11650K(25088K), 0.0004190 secs] [Times: user=0.00 sys=0.00, real=0.01 secs] 
167.879: Total time for which application threads were stopped: 0.0005170 seconds, Stopping threads took: 0.0000460 seconds
167.908: Application time: 0.0289320 seconds
167.908: [GC [PSYoungGen: 7644K->928K(7680K)] 18302K->11586K(25088K), 0.0004140 secs] [Times: user=0.00 sys=0.00, real=0.00 secs] 
167.908: Total time for which application threads were stopped: 0.0005050 seconds, Stopping threads took: 0.0000390 seconds
167.937: Application time: 0.0288970 seconds
167.937: [GC [PSYoungGen: 7582K->992K(7680K)] 18241K->11662K(25088K), 0.0004130 secs] [Times: user=0.00 sys=0.00, real=0.00 secs] 
167.938: Total time for which application threads were stopped: 0.0005210 seconds, Stopping threads took: 0.0000550 seconds
167.965: Application time: 0.0272560 seconds
167.965: [GC [PSYoungGen: 7646K->992K(7680K)] 18316K->11854K(25088K), 0.0004930 secs] [Times: user=0.00 sys=0.00, real=0.00 secs] 
167.966: Total time for which application threads were stopped: 0.0005940 seconds, Stopping threads took: 0.0000460 seconds
167.992: Application time: 0.0264420 seconds
167.992: [GC [PSYoungGen: 7647K->992K(7680K)] 18510K->12134K(25088K), 0.0005050 secs] [Times: user=0.00 sys=0.00, real=0.00 secs] 
167.993: Total time for which application threads were stopped: 0.0005940 seconds, Stopping threads took: 0.0000330 seconds
168.021: Application time: 0.0281400 seconds
168.021: [GC [PSYoungGen: 7645K->928K(7680K)] 18788K->12091K(25088K), 0.0004140 secs] [Times: user=0.00 sys=0.00, real=0.00 secs] 
168.021: Total time for which application threads were stopped: 0.0005140 seconds, Stopping threads took: 0.0000480 seconds
168.050: Application time: 0.0283880 seconds
168.050: [GC [PSYoungGen: 7580K->992K(7680K)] 18743K->12256K(25088K), 0.0004440 secs] [Times: user=0.00 sys=0.00, real=0.00 secs] 
168.050: Total time for which application threads were stopped: 0.0005520 seconds, Stopping threads took: 0.0000530 seconds
168.079: Application time: 0.0283980 seconds
168.079: [GC [PSYoungGen: 7644K->992K(7680K)] 18908K->12296K(25088K), 0.0003930 secs] [Times: user=0.00 sys=0.00, real=0.00 secs] 
168.079: Total time for which application threads were stopped: 0.0004930 seconds, Stopping threads took: 0.0000470 seconds
168.107: Application time: 0.0276590 seconds
168.107: [GC [PSYoungGen: 7645K->992K(7680K)] 18949K->12344K(25088K), 0.0004220 secs] [Times: user=0.00 sys=0.00, real=0.00 secs] 
168.107: Total time for which application threads were stopped: 0.0005150 seconds, Stopping threads took: 0.0000420 seconds
168.138: Application time: 0.0306190 seconds
168.139: [GC [PSYoungGen: 7646K->992K(7680K)] 18998K->12352K(25088K), 0.0005780 secs] [Times: user=0.00 sys=0.00, real=0.00 secs] 
168.139: Total time for which application threads were stopped: 0.0013840 seconds, Stopping threads took: 0.0007510 seconds
168.169: Application time: 0.0294170 seconds
168.169: [GC [PSYoungGen: 7646K->992K(7680K)] 19006K->12352K(25088K), 0.0004010 secs] [Times: user=0.00 sys=0.00, real=0.00 secs] 
168.169: Total time for which application threads were stopped: 0.0005070 seconds, Stopping threads took: 0.0000520 seconds
168.199: Application time: 0.0294840 seconds
168.199: [GC [PSYoungGen: 7646K->992K(7680K)] 19006K->12360K(25088K), 0.0004070 secs] [Times: user=0.00 sys=0.00, real=0.00 secs] 
168.199: Total time for which application threads were stopped: 0.0005920 seconds, Stopping threads took: 0.0001300 seconds
168.229: Application time: 0.0294400 seconds
168.229: [GC [PSYoungGen: 7646K->992K(7680K)] 19014K->12360K(25088K), 0.0004640 secs] [Times: user=0.00 sys=0.00, real=0.00 secs] 
168.229: Total time for which application threads were stopped: 0.0005650 seconds, Stopping threads took: 0.0000520 seconds
168.259: Application time: 0.0294280 seconds
168.259: [GC [PSYoungGen: 7646K->928K(7680K)] 19014K->12296K(25088K), 0.0004400 secs] [Times: user=0.00 sys=0.00, real=0.00 secs] 
168.259: Total time for which application threads were stopped: 0.0005350 seconds, Stopping threads took: 0.0000410 seconds
168.289: Application time: 0.0296350 seconds
168.289: [GC [PSYoungGen: 7582K->832K(7680K)] 18950K->12404K(25088K), 0.0003980 secs] [Times: user=0.00 sys=0.00, real=0.00 secs] 
168.290: Total time for which application threads were stopped: 0.0005130 seconds, Stopping threads took: 0.0000540 seconds
168.320: Application time: 0.0300950 seconds
168.320: [GC [PSYoungGen: 7484K->768K(7680K)] 19056K->12340K(25088K), 0.0004250 secs] [Times: user=0.00 sys=0.00, real=0.00 secs] 
168.320: Total time for which application threads were stopped: 0.0005220 seconds, Stopping threads took: 0.0000450 seconds
168.350: Application time: 0.0296270 seconds
168.350: [GC [PSYoungGen: 7422K->768K(7680K)] 18995K->12340K(25088K), 0.0003690 secs] [Times: user=0.01 sys=0.00, real=0.00 secs] 
168.350: Total time for which application threads were stopped: 0.0004770 seconds, Stopping threads took: 0.0000570 seconds
168.380: Application time: 0.0298200 seconds
168.380: [GC [PSYoungGen: 7422K->800K(7680K)] 18995K->12372K(25088K), 0.0003720 secs] [Times: user=0.00 sys=0.00, real=0.00 secs] 
168.381: Total time for which application threads were stopped: 0.0004920 seconds, Stopping threads took: 0.0000680 seconds
168.411: Application time: 0.0300400 seconds
168.411: [GC [PSYoungGen: 7452K->768K(7680K)] 19024K->12425K(25088K), 0.0003670 secs] [Times: user=0.01 sys=0.00, real=0.00 secs] 
168.411: Total time for which application threads were stopped: 0.0004630 seconds, Stopping threads took: 0.0000420 seconds
168.445: Application time: 0.0336200 seconds
168.445: [GC [PSYoungGen: 7423K->640K(7680K)] 19080K->12373K(25088K), 0.0006120 secs] [Times: user=0.00 sys=0.00, real=0.00 secs] 
168.446: Total time for which application threads were stopped: 0.0008640 seconds, Stopping threads took: 0.0001830 seconds
168.478: Application time: 0.0322220 seconds
168.478: [GC [PSYoungGen: 7294K->448K(7680K)] 19027K->12370K(25088K), 0.0006000 secs] [Times: user=0.01 sys=0.00, real=0.00 secs] 
168.479: Total time for which application threads were stopped: 0.0007310 seconds, Stopping threads took: 0.0000620 seconds
168.512: Application time: 0.0338200 seconds
168.512: [GC [PSYoungGen: 7101K->512K(7680K)] 19023K->12442K(25088K), 0.0004260 secs] [Times: user=0.00 sys=0.00, real=0.00 secs] 
168.513: Total time for which application threads were stopped: 0.0005680 seconds, Stopping threads took: 0.0000710 seconds
168.545: Application time: 0.0324440 seconds
168.545: Total time for which application threads were stopped: 0.0000920 seconds, Stopping threads took: 0.0000630 seconds
168.546: Application time: 0.0000510 seconds
168.546: [GC [PSYoungGen: 7165K->288K(7680K)] 19109K->12444K(25088K), 0.0004540 secs] [Times: user=0.00 sys=0.00, real=0.00 secs] 
168.546: Total time for which application threads were stopped: 0.0005210 seconds, Stopping threads took: 0.0000230 seconds
168.581: Application time: 0.0347810 seconds
168.581: [GC [PSYoungGen: 6939K->0K(7680K)] 19371K->12636K(25088K), 0.0004280 secs] [Times: user=0.00 sys=0.00, real=0.00 secs] 
168.581: Total time for which application threads were stopped: 0.0005420 seconds, Stopping threads took: 0.0000520 seconds
168.615: Application time: 0.0338830 seconds
168.616: [GC [PSYoungGen: 6651K->0K(7680K)] 19287K->12636K(25088K), 0.0004110 secs] [Times: user=0.00 sys=0.00, real=0.00 secs] 
168.617: Total time for which application threads were stopped: 0.0016160 seconds, Stopping threads took: 0.0011380 seconds
168.651: Application time: 0.0341650 seconds
168.651: [GC [PSYoungGen: 6651K->0K(7680K)] 19287K->12636K(25088K), 0.0004200 secs] [Times: user=0.00 sys=0.00, real=0.00 secs] 
168.652: Total time for which application threads were stopped: 0.0005460 seconds, Stopping threads took: 0.0000560 seconds
168.682: Application time: 0.0299890 seconds
168.682: [GC [PSYoungGen: 6652K->0K(7680K)] 19288K->12636K(25088K), 0.0003180 secs] [Times: user=0.00 sys=0.00, real=0.00 secs] 
168.682: Total time for which application threads were stopped: 0.0004330 seconds, Stopping threads took: 0.0000570 seconds
168.711: Application time: 0.0294490 seconds
168.715: [GC [PSYoungGen: 6654K->0K(7680K)] 19290K->12636K(25088K), 0.0003780 secs] [Times: user=0.00 sys=0.00, real=0.00 secs] 
168.715: Total time for which application threads were stopped: 0.0037720 seconds, Stopping threads took: 0.0033350 seconds
168.743: Application time: 0.0279130 seconds
168.743: [GC [PSYoungGen: 6656K->288K(7680K)] 19292K->12924K(25088K), 0.0004260 secs] [Times: user=0.00 sys=0.00, real=0.00 secs] 
168.744: Total time for which application threads were stopped: 0.0005290 seconds, Stopping threads took: 0.0000350 seconds
168.766: Application time: 0.0226830 seconds
168.766: [GC [PSYoungGen: 6940K->512K(7680K)] 19576K->13148K(25088K), 0.0005060 secs] [Times: user=0.00 sys=0.00, real=0.01 secs] 
168.767: Total time for which application threads were stopped: 0.0006360 seconds, Stopping threads took: 0.0000610 seconds
168.784: Application time: 0.0168350 seconds
168.784: [GC [PSYoungGen: 7166K->544K(7680K)] 19803K->13180K(25088K), 0.0003910 secs] [Times: user=0.00 sys=0.00, real=0.00 secs] 
168.784: Total time for which application threads were stopped: 0.0005090 seconds, Stopping threads took: 0.0000580 seconds
168.803: Application time: 0.0190230 seconds
168.803: [GC [PSYoungGen: 7198K->544K(7680K)] 19834K->13180K(25088K), 0.0003740 secs] [Times: user=0.01 sys=0.00, real=0.00 secs] 
168.804: Total time for which application threads were stopped: 0.0004830 seconds, Stopping threads took: 0.0000460 seconds
168.830: Application time: 0.0263220 seconds
168.830: [GC [PSYoungGen: 7196K->576K(7680K)] 19832K->13212K(25088K), 0.0003840 secs] [Times: user=0.00 sys=0.00, real=0.00 secs] 
168.831: Total time for which application threads were stopped: 0.0004980 seconds, Stopping threads took: 0.0000590 seconds
168.858: Application time: 0.0277390 seconds
168.858: [GC [PSYoungGen: 7230K->512K(7680K)] 19866K->13148K(25088K), 0.0004000 secs] [Times: user=0.00 sys=0.00, real=0.01 secs] 
168.859: Total time for which application threads were stopped: 0.0004950 seconds, Stopping threads took: 0.0000410 seconds
168.887: Application time: 0.0282150 seconds
168.887: [GC [PSYoungGen: 7163K->704K(7680K)] 19799K->13340K(25088K), 0.0004270 secs] [Times: user=0.00 sys=0.00, real=0.00 secs] 
168.888: Total time for which application threads were stopped: 0.0005240 seconds, Stopping threads took: 0.0000450 seconds
168.917: Application time: 0.0289870 seconds
168.917: [GC [PSYoungGen: 7358K->640K(7680K)] 19995K->13276K(25088K), 0.0003770 secs] [Times: user=0.00 sys=0.00, real=0.00 secs] 
168.917: Total time for which application threads were stopped: 0.0004800 seconds, Stopping threads took: 0.0000490 seconds
168.946: Application time: 0.0291390 seconds
168.946: [GC [PSYoungGen: 7294K->512K(7680K)] 19931K->13148K(25088K), 0.0003710 secs] [Times: user=0.00 sys=0.00, real=0.00 secs] 
168.947: Total time for which application threads were stopped: 0.0004630 seconds, Stopping threads took: 0.0000420 seconds
168.976: Application time: 0.0292960 seconds
168.976: [GC [PSYoungGen: 7164K->512K(7680K)] 19800K->13148K(25088K), 0.0003380 secs] [Times: user=0.00 sys=0.00, real=0.00 secs] 
168.976: Total time for which application threads were stopped: 0.0004420 seconds, Stopping threads took: 0.0000550 seconds
169.006: Application time: 0.0295570 seconds
169.006: [GC [PSYoungGen: 7166K->416K(7680K)] 19802K->13052K(25088K), 0.0004300 secs] [Times: user=0.00 sys=0.00, real=0.00 secs] 
169.007: Total time for which application threads were stopped: 0.0005180 seconds, Stopping threads took: 0.0000400 seconds
169.036: Application time: 0.0291260 seconds
169.036: [GC [PSYoungGen: 7070K->544K(7680K)] 19706K->13180K(25088K), 0.0003280 secs] [Times: user=0.00 sys=0.00, real=0.00 secs] 
169.036: Total time for which application threads were stopped: 0.0004370 seconds, Stopping threads took: 0.0000560 seconds
169.065: Application time: 0.0292730 seconds
169.065: [GC [PSYoungGen: 7198K->480K(7680K)] 19834K->13116K(25088K), 0.0003640 secs] [Times: user=0.00 sys=0.00, real=0.00 secs] 
169.066: Total time for which application threads were stopped: 0.0004520 seconds, Stopping threads took: 0.0000390 seconds
169.095: Application time: 0.0290620 seconds
169.095: [GC [PSYoungGen: 7134K->512K(7680K)] 19770K->13148K(25088K), 0.0003190 secs] [Times: user=0.01 sys=0.00, real=0.00 secs] 
169.095: Total time for which application threads were stopped: 0.0004160 seconds, Stopping threads took: 0.0000470 seconds
169.125: Application time: 0.0295880 seconds
169.125: [GC [PSYoungGen: 7164K->512K(7680K)] 19800K->13148K(25088K), 0.0003310 secs] [Times: user=0.00 sys=0.00, real=0.00 secs] 
169.125: Total time for which application threads were stopped: 0.0004290 seconds, Stopping threads took: 0.0000400 seconds
169.154: Application time: 0.0291090 seconds
169.159: [GC [PSYoungGen: 7166K->544K(7680K)] 19802K->13180K(25088K), 0.0003660 secs] [Times: user=0.00 sys=0.00, real=0.00 secs] 
169.159: Total time for which application threads were stopped: 0.0047530 seconds, Stopping threads took: 0.0043390 seconds
169.180: Application time: 0.0211480 seconds
169.180: [GC [PSYoungGen: 7198K->736K(7680K)] 19834K->13372K(25088K), 0.0003950 secs] [Times: user=0.00 sys=0.00, real=0.00 secs] 
169.181: Total time for which application threads were stopped: 0.0005120 seconds, Stopping threads took: 0.0000630 seconds
169.200: Application time: 0.0193980 seconds
169.200: [GC [PSYoungGen: 7391K->800K(7680K)] 20027K->13436K(25088K), 0.0004310 secs] [Times: user=0.00 sys=0.00, real=0.00 secs] 
169.201: Total time for which application threads were stopped: 0.0005200 seconds, Stopping threads took: 0.0000370 seconds
169.225: Application time: 0.0239750 seconds
169.225: [GC [PSYoungGen: 7454K->832K(7680K)] 20090K->13468K(25088K), 0.0004480 secs] [Times: user=0.00 sys=0.00, real=0.00 secs] 
169.225: Total time for which application threads were stopped: 0.0005550 seconds, Stopping threads took: 0.0000490 seconds
169.254: Application time: 0.0291320 seconds
169.255: [GC [PSYoungGen: 7486K->768K(7680K)] 20123K->13404K(25088K), 0.0004090 secs] [Times: user=0.00 sys=0.00, real=0.00 secs] 
169.255: Total time for which application threads were stopped: 0.0005100 seconds, Stopping threads took: 0.0000480 seconds
169.279: Application time: 0.0237450 seconds
169.279: [GC [PSYoungGen: 7419K->992K(7680K)] 20056K->13636K(25088K), 0.0004340 secs] [Times: user=0.00 sys=0.00, real=0.00 secs] 
169.279: Total time for which application threads were stopped: 0.0005340 seconds, Stopping threads took: 0.0000440 seconds
169.299: Application time: 0.0202430 seconds
169.300: [GC [PSYoungGen: 7647K->1008K(7680K)] 20291K->13660K(25088K), 0.0004620 secs] [Times: user=0.01 sys=0.00, real=0.00 secs] 
169.300: Total time for which application threads were stopped: 0.0005730 seconds, Stopping threads took: 0.0000560 seconds
169.320: Application time: 0.0203450 seconds
169.320: [GC [PSYoungGen: 7662K->1008K(7680K)] 20315K->13820K(25088K), 0.0004680 secs] [Times: user=0.00 sys=0.00, real=0.00 secs] 
169.321: Total time for which application threads were stopped: 0.0005790 seconds, Stopping threads took: 0.0000500 seconds
169.341: Application time: 0.0203570 seconds
169.341: [GC [PSYoungGen: 7662K->976K(7680K)] 20475K->13916K(25088K), 0.0004320 secs] [Times: user=0.00 sys=0.00, real=0.00 secs] 
169.342: Total time for which application threads were stopped: 0.0005220 seconds, Stopping threads took: 0.0000360 seconds
169.361: Application time: 0.0190710 seconds
169.361: [GC [PSYoungGen: 7630K->992K(7680K)] 20570K->14068K(25088K), 0.0004540 secs] [Times: user=0.00 sys=0.00, real=0.00 secs] 
169.361: Total time for which application threads were stopped: 0.0005510 seconds, Stopping threads took: 0.0000420 seconds
169.380: Application time: 0.0185920 seconds
169.380: [GC [PSYoungGen: 7644K->1008K(7680K)] 20720K->14332K(25088K), 0.0004700 secs] [Times: user=0.01 sys=0.00, real=0.00 secs] 
169.381: Total time for which application threads were stopped: 0.0005750 seconds, Stopping threads took: 0.0000500 seconds
169.402: Application time: 0.0210760 seconds
169.402: [GC [PSYoungGen: 7663K->944K(7680K)] 20988K->14396K(25088K), 0.0004740 secs] [Times: user=0.00 sys=0.00, real=0.00 secs] 
169.402: Total time for which application threads were stopped: 0.0005980 seconds, Stopping threads took: 0.0000690 seconds
169.422: Application time: 0.0193170 seconds
169.422: [GC [PSYoungGen: 7600K->992K(7680K)] 21052K->14616K(25088K), 0.0004620 secs] [Times: user=0.00 sys=0.00, real=0.00 secs] 
169.422: Total time for which application threads were stopped: 0.0005660 seconds, Stopping threads took: 0.0000450 seconds
169.438: Application time: 0.0158200 seconds
169.438: [GC [PSYoungGen: 7528K->976K(7680K)] 21152K->14728K(25088K), 0.0005460 secs] [Times: user=0.00 sys=0.00, real=0.00 secs] 
169.439: Total time for which application threads were stopped: 0.0006620 seconds, Stopping threads took: 0.0000580 seconds
169.455: Application time: 0.0161720 seconds
169.455: [GC [PSYoungGen: 7627K->992K(7680K)] 21380K->14872K(25088K), 0.0004540 secs] [Times: user=0.00 sys=0.00, real=0.00 secs] 
169.455: Total time for which application threads were stopped: 0.0005550 seconds, Stopping threads took: 0.0000460 seconds
169.475: Application time: 0.0197550 seconds
169.475: [GC [PSYoungGen: 7644K->992K(7680K)] 21524K->15040K(25088K), 0.0004730 secs] [Times: user=0.00 sys=0.00, real=0.00 secs] 
169.476: Total time for which application threads were stopped: 0.0005710 seconds, Stopping threads took: 0.0000430 seconds
169.504: Application time: 0.0280430 seconds
169.504: [GC [PSYoungGen: 7646K->992K(7680K)] 21694K->15048K(25088K), 0.0004520 secs] [Times: user=0.00 sys=0.00, real=0.00 secs] 
169.504: Total time for which application threads were stopped: 0.0005570 seconds, Stopping threads took: 0.0000500 seconds
169.532: Application time: 0.0273820 seconds
169.532: [GC [PSYoungGen: 7646K->992K(7680K)] 21702K->15141K(25088K), 0.0007460 secs] [Times: user=0.01 sys=0.00, real=0.00 secs] 
169.533: Total time for which application threads were stopped: 0.0013870 seconds, Stopping threads took: 0.0005670 seconds
169.566: Application time: 0.0330490 seconds
169.566: [GC [PSYoungGen: 7645K->944K(7680K)] 21794K->15193K(25088K), 0.0005080 secs] [Times: user=0.01 sys=0.00, real=0.01 secs] 
169.567: Total time for which application threads were stopped: 0.0006440 seconds, Stopping threads took: 0.0000700 seconds
169.596: Application time: 0.0287740 seconds
169.596: [GC [PSYoungGen: 7596K->928K(7680K)] 21845K->15177K(25088K), 0.0004510 secs] [Times: user=0.00 sys=0.00, real=0.00 secs] 
169.596: Total time for which application threads were stopped: 0.0005730 seconds, Stopping threads took: 0.0000660 seconds
169.624: Application time: 0.0273760 seconds
169.624: [GC [PSYoungGen: 7582K->992K(7680K)] 21831K->15305K(25088K), 0.0005240 secs] [Times: user=0.00 sys=0.00, real=0.00 secs] 
169.624: Total time for which application threads were stopped: 0.0006540 seconds, Stopping threads took: 0.0000670 seconds
169.654: Application time: 0.0297040 seconds
169.654: [GC [PSYoungGen: 7644K->1008K(7680K)] 21957K->15361K(25088K), 0.0004940 secs] [Times: user=0.00 sys=0.00, real=0.00 secs] 
169.655: Total time for which application threads were stopped: 0.0006060 seconds, Stopping threads took: 0.0000540 seconds
169.683: Application time: 0.0288040 seconds
169.683: [GC [PSYoungGen: 7662K->992K(7680K)] 22016K->15353K(25088K), 0.0004370 secs] [Times: user=0.00 sys=0.00, real=0.00 secs] 
169.684: Total time for which application threads were stopped: 0.0005390 seconds, Stopping threads took: 0.0000480 seconds
169.711: Application time: 0.0272290 seconds
169.711: [GC [PSYoungGen: 7645K->1008K(7680K)] 22007K->15505K(25088K), 0.0004480 secs] [Times: user=0.00 sys=0.00, real=0.00 secs] 
169.712: Total time for which application threads were stopped: 0.0005460 seconds, Stopping threads took: 0.0000420 seconds
169.741: Application time: 0.0290300 seconds
169.741: [GC [PSYoungGen: 7662K->1008K(7680K)] 22160K->15521K(25088K), 0.0004980 secs] [Times: user=0.00 sys=0.00, real=0.00 secs] 
169.741: Total time for which application threads were stopped: 0.0006100 seconds, Stopping threads took: 0.0000530 seconds
169.768: Application time: 0.0272050 seconds
169.769: [GC [PSYoungGen: 7660K->992K(7680K)] 22173K->15585K(25088K), 0.0004370 secs] [Times: user=0.00 sys=0.00, real=0.00 secs] 
169.769: Total time for which application threads were stopped: 0.0005430 seconds, Stopping threads took: 0.0000520 seconds
169.798: Application time: 0.0292340 seconds
169.798: [GC [PSYoungGen: 7644K->896K(7680K)] 22238K->15617K(25088K), 0.0004670 secs] [Times: user=0.01 sys=0.00, real=0.01 secs] 
169.799: Total time for which application threads were stopped: 0.0005580 seconds, Stopping threads took: 0.0000350 seconds
169.826: Application time: 0.0274200 seconds
169.826: [GC [PSYoungGen: 7550K->928K(7680K)] 22271K->15809K(25088K), 0.0005060 secs] [Times: user=0.00 sys=0.00, real=0.01 secs] 
169.827: Total time for which application threads were stopped: 0.0006200 seconds, Stopping threads took: 0.0000430 seconds
169.854: Application time: 0.0274500 seconds
169.854: [GC [PSYoungGen: 7581K->992K(7680K)] 22463K->15937K(25088K), 0.0004850 secs] [Times: user=0.00 sys=0.00, real=0.00 secs] 
169.855: Total time for which application threads were stopped: 0.0005920 seconds, Stopping threads took: 0.0000480 seconds
169.883: Application time: 0.0285440 seconds
169.884: [GC [PSYoungGen: 7644K->992K(7680K)] 22590K->15953K(25088K), 0.0004260 secs] [Times: user=0.01 sys=0.00, real=0.00 secs] 
169.884: Total time for which application threads were stopped: 0.0005250 seconds, Stopping threads took: 0.0000450 seconds
169.913: Application time: 0.0286280 seconds
169.913: [GC [PSYoungGen: 7645K->992K(7680K)] 22607K->16017K(25088K), 0.0004830 secs] [Times: user=0.01 sys=0.00, real=0.00 secs] 
169.914: Total time for which application threads were stopped: 0.0017820 seconds, Stopping threads took: 0.0000490 seconds
169.944: Application time: 0.0293710 seconds
169.944: [GC [PSYoungGen: 7646K->992K(7680K)] 22672K->16025K(25088K), 0.0003940 secs] [Times: user=0.00 sys=0.00, real=0.00 secs] 
169.944: Total time for which application threads were stopped: 0.0005110 seconds, Stopping threads took: 0.0000640 seconds
169.974: Application time: 0.0295450 seconds
169.974: [GC [PSYoungGen: 7646K->992K(7680K)] 22680K->16033K(25088K), 0.0004150 secs] [Times: user=0.00 sys=0.00, real=0.00 secs] 
169.974: Total time for which application threads were stopped: 0.0005300 seconds, Stopping threads took: 0.0000610 seconds
170.004: Application time: 0.0294690 seconds
170.004: [GC [PSYoungGen: 7646K->992K(7680K)] 22688K->16049K(25088K), 0.0003900 secs] [Times: user=0.00 sys=0.00, real=0.00 secs] 
170.004: Total time for which application threads were stopped: 0.0004980 seconds, Stopping threads took: 0.0000530 seconds
170.034: Application time: 0.0298890 seconds
170.034: [GC [PSYoungGen: 7644K->992K(7680K)] 22702K->16049K(25088K), 0.0004450 secs] [Times: user=0.00 sys=0.00, real=0.00 secs] 
170.035: Total time for which application threads were stopped: 0.0005440 seconds, Stopping threads took: 0.0000440 seconds
170.064: Application time: 0.0296570 seconds
170.065: [GC [PSYoungGen: 7646K->896K(7680K)] 22704K->16033K(25088K), 0.0004330 secs] [Times: user=0.01 sys=0.00, real=0.00 secs] 
170.065: Total time for which application threads were stopped: 0.0005360 seconds, Stopping threads took: 0.0000510 seconds
170.095: Application time: 0.0296960 seconds
170.095: [GC [PSYoungGen: 7550K->928K(7680K)] 22688K->16065K(25088K), 0.0003690 secs] [Times: user=0.00 sys=0.00, real=0.00 secs] 
170.095: Total time for which application threads were stopped: 0.0004770 seconds, Stopping threads took: 0.0000510 seconds
170.125: Application time: 0.0297900 seconds
170.125: [GC [PSYoungGen: 7582K->928K(7680K)] 22720K->16065K(25088K), 0.0003760 secs] [Times: user=0.00 sys=0.00, real=0.00 secs] 
170.125: Total time for which application threads were stopped: 0.0005050 seconds, Stopping threads took: 0.0000730 seconds
170.156: Application time: 0.0307610 seconds
170.156: [GC [PSYoungGen: 7582K->832K(7680K)] 22720K->16046K(25088K), 0.0005220 secs] [Times: user=0.00 sys=0.00, real=0.00 secs] 
170.157: Total time for which application threads were stopped: 0.0006400 seconds, Stopping threads took: 0.0000570 seconds
170.186: Application time: 0.0295470 seconds
170.186: [GC [PSYoungGen: 7486K->864K(7680K)] 22701K->16078K(25088K), 0.0003950 secs] [Times: user=0.00 sys=0.00, real=0.01 secs] 
170.187: Total time for which application threads were stopped: 0.0004900 seconds, Stopping threads took: 0.0000400 seconds
170.217: Application time: 0.0296720 seconds
170.219: [GC [PSYoungGen: 7518K->704K(7680K)] 22733K->16259K(25088K), 0.0004450 secs] [Times: user=0.00 sys=0.00, real=0.00 secs] 
170.219: Total time for which application threads were stopped: 0.0027280 seconds, Stopping threads took: 0.0022210 seconds
170.249: Application time: 0.0299680 seconds
170.249: [GC [PSYoungGen: 7358K->640K(7680K)] 22913K->16195K(25088K), 0.0003500 secs] [Times: user=0.00 sys=0.00, real=0.00 secs] 
170.250: Total time for which application threads were stopped: 0.0004390 seconds, Stopping threads took: 0.0000370 seconds
170.279: Application time: 0.0297870 seconds
170.280: [GC [PSYoungGen: 7294K->512K(7680K)] 22849K->16271K(25088K), 0.0003650 secs] [Times: user=0.00 sys=0.00, real=0.00 secs] 
170.280: Total time for which application threads were stopped: 0.0004630 seconds, Stopping threads took: 0.0000470 seconds
170.310: Application time: 0.0296150 seconds
170.310: [GC [PSYoungGen: 7166K->320K(7680K)] 22926K->16292K(25088K), 0.0004000 secs] [Times: user=0.01 sys=0.00, real=0.00 secs] 
170.310: Total time for which application threads were stopped: 0.0004980 seconds, Stopping threads took: 0.0000490 seconds
170.340: Application time: 0.0294290 seconds
170.340: [GC [PSYoungGen: 6974K->288K(7680K)] 22946K->16268K(25088K), 0.0003590 secs] [Times: user=0.00 sys=0.00, real=0.00 secs] 
170.340: Total time for which application threads were stopped: 0.0004700 seconds, Stopping threads took: 0.0000530 seconds
170.370: Application time: 0.0295680 seconds
170.370: [GC [PSYoungGen: 6940K->0K(7680K)] 22920K->16200K(25088K), 0.0003240 secs] [Times: user=0.00 sys=0.00, real=0.00 secs] 
170.370: Total time for which application threads were stopped: 0.0004210 seconds, Stopping threads took: 0.0000490 seconds
170.399: Application time: 0.0293490 seconds
170.399: [GC [PSYoungGen: 6654K->0K(7680K)] 22855K->16200K(25088K), 0.0003800 secs] [Times: user=0.00 sys=0.00, real=0.00 secs] 
170.400: Total time for which application threads were stopped: 0.0004840 seconds, Stopping threads took: 0.0000530 seconds
170.429: Application time: 0.0292710 seconds
170.429: [GC [PSYoungGen: 6654K->0K(7680K)] 22855K->16200K(25088K), 0.0003360 secs] [Times: user=0.00 sys=0.00, real=0.00 secs] 
170.430: Total time for which application threads were stopped: 0.0004290 seconds, Stopping threads took: 0.0000450 seconds
170.459: Application time: 0.0293450 seconds
170.459: [GC [PSYoungGen: 6654K->0K(7680K)] 22855K->16200K(25088K), 0.0002930 secs] [Times: user=0.00 sys=0.00, real=0.00 secs] 
170.459: Total time for which application threads were stopped: 0.0003810 seconds, Stopping threads took: 0.0000410 seconds
170.489: Application time: 0.0292770 seconds
170.489: [GC [PSYoungGen: 6654K->0K(7680K)] 22855K->16200K(25088K), 0.0003260 secs] [Times: user=0.00 sys=0.00, real=0.00 secs] 
170.489: Total time for which application threads were stopped: 0.0004270 seconds, Stopping threads took: 0.0000540 seconds
170.507: Application time: 0.0185540 seconds
170.508: [GC [PSYoungGen: 6655K->512K(7680K)] 22855K->16712K(25088K), 0.0004200 secs] [Times: user=0.00 sys=0.00, real=0.00 secs] 
170.508: Total time for which application threads were stopped: 0.0005140 seconds, Stopping threads took: 0.0000460 seconds
170.524: Application time: 0.0160770 seconds
170.524: [GC [PSYoungGen: 7166K->544K(7680K)] 23367K->16744K(25088K), 0.0003450 secs] [Times: user=0.00 sys=0.00, real=0.00 secs] 
170.525: Total time for which application threads were stopped: 0.0004390 seconds, Stopping threads took: 0.0000460 seconds
170.545: Application time: 0.0207100 seconds
170.545: [GC [PSYoungGen: 7198K->544K(7680K)] 23398K->16744K(25088K), 0.0003660 secs] [Times: user=0.00 sys=0.00, real=0.00 secs] 
170.546: Total time for which application threads were stopped: 0.0004510 seconds, Stopping threads took: 0.0000370 seconds
170.568: Application time: 0.0225080 seconds
170.568: [GC [PSYoungGen: 7195K->704K(7680K)] 23396K->16904K(25088K), 0.0003720 secs] [Times: user=0.00 sys=0.00, real=0.00 secs] 
170.569: Total time for which application threads were stopped: 0.0004790 seconds, Stopping threads took: 0.0000550 seconds
170.597: Application time: 0.0283540 seconds
170.599: [GC [PSYoungGen: 7358K->608K(7680K)] 23558K->16808K(25088K), 0.0004100 secs] [Times: user=0.00 sys=0.00, real=0.00 secs] 
170.599: Total time for which application threads were stopped: 0.0022070 seconds, Stopping threads took: 0.0017450 seconds
170.627: Application time: 0.0281000 seconds
170.627: [GC [PSYoungGen: 7259K->544K(7680K)] 23460K->16744K(25088K), 0.0003970 secs] [Times: user=0.00 sys=0.00, real=0.00 secs] 
170.628: Total time for which application threads were stopped: 0.0005050 seconds, Stopping threads took: 0.0000480 seconds
170.656: Application time: 0.0284910 seconds
170.656: [GC [PSYoungGen: 7197K->480K(7680K)] 23398K->16680K(25088K), 0.0004280 secs] [Times: user=0.00 sys=0.00, real=0.00 secs] 
170.657: Total time for which application threads were stopped: 0.0005440 seconds, Stopping threads took: 0.0000580 seconds
170.686: Application time: 0.0293580 seconds
170.686: [GC [PSYoungGen: 7132K->544K(7680K)] 23332K->16744K(25088K), 0.0003590 secs] [Times: user=0.00 sys=0.00, real=0.00 secs] 
170.687: Total time for which application threads were stopped: 0.0004650 seconds, Stopping threads took: 0.0000540 seconds
170.716: Application time: 0.0291310 seconds
170.716: [GC [PSYoungGen: 7198K->480K(7680K)] 23399K->16680K(25088K), 0.0003860 secs] [Times: user=0.00 sys=0.00, real=0.00 secs] 
170.716: Total time for which application threads were stopped: 0.0004860 seconds, Stopping threads took: 0.0000490 seconds
170.745: Application time: 0.0291610 seconds
170.746: [GC [PSYoungGen: 7134K->480K(7680K)] 23335K->16680K(25088K), 0.0003750 secs] [Times: user=0.00 sys=0.00, real=0.00 secs] 
170.746: Total time for which application threads were stopped: 0.0004860 seconds, Stopping threads took: 0.0000590 seconds
170.775: Application time: 0.0292880 seconds
170.775: [GC [PSYoungGen: 7134K->480K(7680K)] 23335K->16680K(25088K), 0.0003860 secs] [Times: user=0.00 sys=0.00, real=0.00 secs] 
170.776: Total time for which application threads were stopped: 0.0004850 seconds, Stopping threads took: 0.0000490 seconds
170.805: Application time: 0.0293640 seconds
170.805: [GC [PSYoungGen: 7132K->448K(7680K)] 23332K->16648K(25088K), 0.0003340 secs] [Times: user=0.00 sys=0.00, real=0.00 secs] 
170.806: Total time for which application threads were stopped: 0.0004290 seconds, Stopping threads took: 0.0000500 seconds
170.835: Application time: 0.0290990 seconds
170.835: [GC [PSYoungGen: 7102K->512K(7680K)] 23303K->16712K(25088K), 0.0003450 secs] [Times: user=0.00 sys=0.00, real=0.00 secs] 
170.835: Total time for which application threads were stopped: 0.0004480 seconds, Stopping threads took: 0.0000510 seconds
170.864: Application time: 0.0292350 seconds
170.864: [GC [PSYoungGen: 7166K->512K(7680K)] 23367K->16712K(25088K), 0.0003360 secs] [Times: user=0.00 sys=0.00, real=0.00 secs] 
170.865: Total time for which application threads were stopped: 0.0004410 seconds, Stopping threads took: 0.0000420 seconds
170.892: Application time: 0.0269560 seconds
170.892: [GC [PSYoungGen: 7166K->672K(7680K)] 23367K->16872K(25088K), 0.0003790 secs] [Times: user=0.00 sys=0.00, real=0.00 secs] 
170.892: Total time for which application threads were stopped: 0.0004770 seconds, Stopping threads took: 0.0000480 seconds
170.913: Application time: 0.0205420 seconds
170.913: [GC [PSYoungGen: 7326K->832K(7680K)] 23527K->17032K(25088K), 0.0003980 secs] [Times: user=0.00 sys=0.00, real=0.00 secs] 
170.913: Total time for which application threads were stopped: 0.0004840 seconds, Stopping threads took: 0.0000360 seconds
170.933: Application time: 0.0196990 seconds
170.933: [GC [PSYoungGen: 7487K->736K(7680K)] 23687K->16936K(25088K), 0.0004060 secs] [Times: user=0.01 sys=0.00, real=0.00 secs] 
170.933: Total time for which application threads were stopped: 0.0005080 seconds, Stopping threads took: 0.0000480 seconds
170.959: Application time: 0.0252120 seconds
170.959: [GC [PSYoungGen: 7390K->864K(7680K)] 23590K->17064K(25088K), 0.0004120 secs] [Times: user=0.00 sys=0.00, real=0.00 secs] 
170.959: Total time for which application threads were stopped: 0.0005150 seconds, Stopping threads took: 0.0000490 seconds
170.988: Application time: 0.0289880 seconds
170.988: [GC [PSYoungGen: 7516K->800K(7680K)] 23716K->17000K(25088K), 0.0004130 secs] [Times: user=0.00 sys=0.00, real=0.00 secs] 
170.989: Total time for which application threads were stopped: 0.0005130 seconds, Stopping threads took: 0.0000490 seconds
171.009: Application time: 0.0205720 seconds
171.009: [GC [PSYoungGen: 7454K->928K(7680K)] 23655K->17256K(25088K), 0.0004390 secs] [Times: user=0.01 sys=0.00, real=0.00 secs] 
171.010: Total time for which application threads were stopped: 0.0005450 seconds, Stopping threads took: 0.0000510 seconds
171.031: Application time: 0.0211120 seconds
171.031: [GC [PSYoungGen: 7581K->832K(7680K)] 23909K->17160K(25088K), 0.0004000 secs] [Times: user=0.00 sys=0.00, real=0.00 secs] 
171.031: Total time for which application threads were stopped: 0.0004850 seconds, Stopping threads took: 0.0000310 seconds
171.050: Application time: 0.0188180 seconds
171.051: [GC [PSYoungGen: 7485K->1008K(7680K)] 23814K->17500K(25088K), 0.0004880 secs] [Times: user=0.00 sys=0.00, real=0.00 secs] 
171.051: Total time for which application threads were stopped: 0.0010990 seconds, Stopping threads took: 0.0005560 seconds
171.072: Application time: 0.0209960 seconds
171.075: [GC [PSYoungGen: 7663K->992K(7680K)] 24156K->17508K(25088K), 0.0004240 secs] [Times: user=0.00 sys=0.00, real=0.00 secs] 
171.075: Total time for which application threads were stopped: 0.0029290 seconds, Stopping threads took: 0.0024510 seconds
171.099: Application time: 0.0236110 seconds
171.099: [GC [PSYoungGen: 7646K->992K(7680K)] 24162K->17548K(25088K), 0.0004140 secs] [Times: user=0.00 sys=0.00, real=0.00 secs] 
171.099: Total time for which application threads were stopped: 0.0005250 seconds, Stopping threads took: 0.0000560 seconds
171.124: Application time: 0.0243270 seconds
171.124: [GC [PSYoungGen: 7645K->992K(7680K)] 24202K->17928K(25088K), 0.0004980 secs] [Times: user=0.00 sys=0.00, real=0.00 secs] 
171.124: Total time for which application threads were stopped: 0.0006230 seconds, Stopping threads took: 0.0000680 seconds
171.144: Application time: 0.0200890 seconds
171.145: [GC [PSYoungGen: 7647K->992K(7680K)] 24583K->18120K(25088K), 0.0004830 secs] [Times: user=0.01 sys=0.00, real=0.00 secs] 
171.145: [Full GC [PSYoungGen: 992K->0K(7680K)] [ParOldGen: 17128K->3767K(17408K)] 18120K->3767K(25088K) [PSPermGen: 5573K->5573K(21504K)], 0.0099320 secs] [Times: user=0.02 sys=0.00, real=0.01 secs] 
171.155: Total time for which application threads were stopped: 0.0105600 seconds, Stopping threads took: 0.0000420 seconds
171.172: Application time: 0.0174360 seconds
171.173: [GC [PSYoungGen: 6656K->576K(7680K)] 10423K->4343K(25088K), 0.0003920 secs] [Times: user=0.00 sys=0.00, real=0.00 secs] 
171.173: Total time for which application threads were stopped: 0.0005080 seconds, Stopping threads took: 0.0000610 seconds
171.193: Application time: 0.0202150 seconds
171.193: [GC [PSYoungGen: 7229K->896K(7680K)] 10996K->4663K(25088K), 0.0004410 secs] [Times: user=0.00 sys=0.00, real=0.00 secs] 
171.194: Total time for which application threads were stopped: 0.0005690 seconds, Stopping threads took: 0.0000720 seconds
171.211: Application time: 0.0173230 seconds
171.211: [GC [PSYoungGen: 7548K->960K(7680K)] 11315K->4727K(25088K), 0.0004190 secs] [Times: user=0.00 sys=0.00, real=0.00 secs] 
171.212: Total time for which application threads were stopped: 0.0005220 seconds, Stopping threads took: 0.0000480 seconds
171.231: Application time: 0.0191690 seconds
171.231: [GC [PSYoungGen: 7612K->928K(7680K)] 11379K->4695K(25088K), 0.0004450 secs] [Times: user=0.00 sys=0.00, real=0.00 secs] 
171.231: Total time for which application threads were stopped: 0.0005450 seconds, Stopping threads took: 0.0000490 seconds
171.252: Application time: 0.0207740 seconds
171.252: [GC [PSYoungGen: 7581K->992K(7680K)] 11348K->4759K(25088K), 0.0004200 secs] [Times: user=0.00 sys=0.00, real=0.00 secs] 
171.253: Total time for which application threads were stopped: 0.0005130 seconds, Stopping threads took: 0.0000400 seconds
171.280: Application time: 0.0273330 seconds
171.280: [GC [PSYoungGen: 7644K->960K(7680K)] 11411K->4727K(25088K), 0.0004850 secs] [Times: user=0.00 sys=0.00, real=0.00 secs] 
171.281: Total time for which application threads were stopped: 0.0005850 seconds, Stopping threads took: 0.0000470 seconds
171.309: Application time: 0.0281870 seconds
171.309: [GC [PSYoungGen: 7612K->992K(7680K)] 11379K->4759K(25088K), 0.0003930 secs] [Times: user=0.01 sys=0.00, real=0.00 secs] 
171.309: Total time for which application threads were stopped: 0.0004920 seconds, Stopping threads took: 0.0000460 seconds
171.336: Application time: 0.0268560 seconds
171.336: [GC [PSYoungGen: 7646K->992K(7680K)] 11413K->4919K(25088K), 0.0004700 secs] [Times: user=0.00 sys=0.00, real=0.00 secs] 
171.337: Total time for which application threads were stopped: 0.0005610 seconds, Stopping threads took: 0.0000370 seconds
171.364: Application time: 0.0278740 seconds
171.365: [GC [PSYoungGen: 7645K->992K(7680K)] 11572K->4927K(25088K), 0.0003940 secs] [Times: user=0.00 sys=0.00, real=0.00 secs] 
171.365: Total time for which application threads were stopped: 0.0005150 seconds, Stopping threads took: 0.0000570 seconds
171.394: Application time: 0.0289430 seconds
171.394: [GC [PSYoungGen: 7646K->992K(7680K)] 11581K->4927K(25088K), 0.0004140 secs] [Times: user=0.00 sys=0.00, real=0.00 secs] 
171.394: Total time for which application threads were stopped: 0.0005060 seconds, Stopping threads took: 0.0000390 seconds
171.423: Application time: 0.0288230 seconds
171.423: [GC [PSYoungGen: 7646K->992K(7680K)] 11581K->4927K(25088K), 0.0004270 secs] [Times: user=0.00 sys=0.00, real=0.00 secs] 
171.424: Total time for which application threads were stopped: 0.0005300 seconds, Stopping threads took: 0.0000510 seconds
171.451: Application time: 0.0276240 seconds
171.452: [GC [PSYoungGen: 7646K->1008K(7680K)] 11581K->5247K(25088K), 0.0005090 secs] [Times: user=0.00 sys=0.00, real=0.00 secs] 
171.452: Total time for which application threads were stopped: 0.0006140 seconds, Stopping threads took: 0.0000490 seconds
171.480: Application time: 0.0283580 seconds
171.481: [GC [PSYoungGen: 7663K->992K(7680K)] 11902K->5263K(25088K), 0.0004160 secs] [Times: user=0.00 sys=0.00, real=0.00 secs] 
171.481: Total time for which application threads were stopped: 0.0005330 seconds, Stopping threads took: 0.0000630 seconds
171.509: Application time: 0.0281870 seconds
171.509: [GC [PSYoungGen: 7644K->992K(7680K)] 11915K->5271K(25088K), 0.0004560 secs] [Times: user=0.00 sys=0.00, real=0.00 secs] 
171.510: Total time for which application threads were stopped: 0.0005600 seconds, Stopping threads took: 0.0000510 seconds
171.539: Application time: 0.0290540 seconds
171.539: [GC [PSYoungGen: 7646K->1008K(7680K)] 11925K->5303K(25088K), 0.0003990 secs] [Times: user=0.00 sys=0.00, real=0.00 secs] 
171.539: Total time for which application threads were stopped: 0.0005050 seconds, Stopping threads took: 0.0000520 seconds
171.567: Application time: 0.0274530 seconds
171.567: [GC [PSYoungGen: 7661K->1008K(7680K)] 11956K->5511K(25088K), 0.0004430 secs] [Times: user=0.01 sys=0.00, real=0.00 secs] 
171.567: Total time for which application threads were stopped: 0.0005620 seconds, Stopping threads took: 0.0000640 seconds
171.596: Application time: 0.0284460 seconds
171.596: [GC [PSYoungGen: 7660K->928K(7680K)] 12163K->5559K(25088K), 0.0004060 secs] [Times: user=0.01 sys=0.00, real=0.00 secs] 
171.596: Total time for which application threads were stopped: 0.0004950 seconds, Stopping threads took: 0.0000340 seconds
171.625: Application time: 0.0287940 seconds
171.625: [GC [PSYoungGen: 7580K->896K(7680K)] 12211K->5527K(25088K), 0.0004340 secs] [Times: user=0.00 sys=0.00, real=0.00 secs] 
171.626: Total time for which application threads were stopped: 0.0005480 seconds, Stopping threads took: 0.0000560 seconds
171.653: Application time: 0.0278360 seconds
171.653: [GC [PSYoungGen: 7550K->880K(7680K)] 12181K->5511K(25088K), 0.0004820 secs] [Times: user=0.00 sys=0.00, real=0.00 secs] 
171.654: Total time for which application threads were stopped: 0.0006020 seconds, Stopping threads took: 0.0000550 seconds
171.684: Application time: 0.0296040 seconds
171.684: [GC [PSYoungGen: 7534K->800K(7680K)] 12166K->5487K(25088K), 0.0003780 secs] [Times: user=0.00 sys=0.00, real=0.00 secs] 
171.684: Total time for which application threads were stopped: 0.0004750 seconds, Stopping threads took: 0.0000440 seconds
171.714: Application time: 0.0298750 seconds
171.714: [GC [PSYoungGen: 7454K->864K(7680K)] 12142K->5551K(25088K), 0.0003690 secs] [Times: user=0.00 sys=0.00, real=0.00 secs] 
171.714: Total time for which application threads were stopped: 0.0004730 seconds, Stopping threads took: 0.0000510 seconds
171.744: Application time: 0.0297560 seconds
171.744: [GC [PSYoungGen: 7518K->800K(7680K)] 12206K->5487K(25088K), 0.0004150 secs] [Times: user=0.00 sys=0.00, real=0.00 secs] 
171.745: Total time for which application threads were stopped: 0.0005180 seconds, Stopping threads took: 0.0000530 seconds
171.774: Application time: 0.0296290 seconds
171.774: [GC [PSYoungGen: 7454K->832K(7680K)] 12142K->5519K(25088K), 0.0003740 secs] [Times: user=0.00 sys=0.00, real=0.00 secs] 
171.775: Total time for which application threads were stopped: 0.0004830 seconds, Stopping threads took: 0.0000570 seconds
171.804: Application time: 0.0296770 seconds
171.805: [GC [PSYoungGen: 7486K->672K(7680K)] 12174K->5571K(25088K), 0.0004260 secs] [Times: user=0.01 sys=0.00, real=0.00 secs] 
171.805: Total time for which application threads were stopped: 0.0005340 seconds, Stopping threads took: 0.0000550 seconds
171.835: Application time: 0.0299590 seconds
171.835: [GC [PSYoungGen: 7326K->640K(7680K)] 12226K->5539K(25088K), 0.0003730 secs] [Times: user=0.00 sys=0.00, real=0.00 secs] 
171.835: Total time for which application threads were stopped: 0.0004740 seconds, Stopping threads took: 0.0000490 seconds
171.865: Application time: 0.0296260 seconds
171.865: [GC [PSYoungGen: 7292K->576K(7680K)] 12192K->5475K(25088K), 0.0003840 secs] [Times: user=0.00 sys=0.00, real=0.00 secs] 
171.866: Total time for which application threads were stopped: 0.0004870 seconds, Stopping threads took: 0.0000480 seconds
171.895: Application time: 0.0295120 seconds
171.895: [GC [PSYoungGen: 7230K->672K(7680K)] 12130K->5611K(25088K), 0.0003190 secs] [Times: user=0.00 sys=0.00, real=0.00 secs] 
171.896: Total time for which application threads were stopped: 0.0004270 seconds, Stopping threads took: 0.0000450 seconds
171.925: Application time: 0.0297410 seconds
171.927: [GC [PSYoungGen: 7326K->672K(7680K)] 12266K->5611K(25088K), 0.0003420 secs] [Times: user=0.00 sys=0.00, real=0.00 secs] 
171.927: Total time for which application threads were stopped: 0.0019200 seconds, Stopping threads took: 0.0015260 seconds
171.957: Application time: 0.0295090 seconds
171.957: [GC [PSYoungGen: 7326K->544K(7680K)] 12266K->5568K(25088K), 0.0003450 secs] [Times: user=0.00 sys=0.00, real=0.00 secs] 
171.957: Total time for which application threads were stopped: 0.0004460 seconds, Stopping threads took: 0.0000480 seconds
171.987: Application time: 0.0295720 seconds
171.987: [GC [PSYoungGen: 7198K->512K(7680K)] 12223K->5536K(25088K), 0.0003640 secs] [Times: user=0.01 sys=0.00, real=0.00 secs] 
171.987: Total time for which application threads were stopped: 0.0004800 seconds, Stopping threads took: 0.0000630 seconds
172.017: Application time: 0.0294970 seconds
172.017: [GC [PSYoungGen: 7166K->512K(7680K)] 12191K->5640K(25088K), 0.0003190 secs] [Times: user=0.00 sys=0.00, real=0.00 secs] 
172.017: Total time for which application threads were stopped: 0.0004090 seconds, Stopping threads took: 0.0000410 seconds
172.047: Application time: 0.0298010 seconds
172.047: [GC [PSYoungGen: 7166K->512K(7680K)] 12295K->5640K(25088K), 0.0003200 secs] [Times: user=0.00 sys=0.00, real=0.00 secs] 
172.047: Total time for which application threads were stopped: 0.0004250 seconds, Stopping threads took: 0.0000520 seconds
172.077: Application time: 0.0297260 seconds
172.077: [GC [PSYoungGen: 7166K->256K(7680K)] 12295K->5592K(25088K), 0.0004050 secs] [Times: user=0.00 sys=0.00, real=0.00 secs] 
172.078: Total time for which application threads were stopped: 0.0005150 seconds, Stopping threads took: 0.0000570 seconds
172.107: Application time: 0.0295730 seconds
172.107: [GC [PSYoungGen: 6910K->0K(7680K)] 12247K->5564K(25088K), 0.0003190 secs] [Times: user=0.00 sys=0.00, real=0.00 secs] 
172.108: Total time for which application threads were stopped: 0.0004180 seconds, Stopping threads took: 0.0000490 seconds
172.137: Application time: 0.0294510 seconds
172.137: [GC [PSYoungGen: 6654K->0K(7680K)] 12219K->5564K(25088K), 0.0002790 secs] [Times: user=0.00 sys=0.00, real=0.00 secs] 
172.137: Total time for which application threads were stopped: 0.0003810 seconds, Stopping threads took: 0.0000550 seconds
172.167: Application time: 0.0295620 seconds
172.167: [GC [PSYoungGen: 6654K->0K(7680K)] 12219K->5564K(25088K), 0.0002610 secs] [Times: user=0.00 sys=0.00, real=0.00 secs] 
172.167: Total time for which application threads were stopped: 0.0003650 seconds, Stopping threads took: 0.0000550 seconds
172.197: Application time: 0.0294540 seconds
172.197: [GC [PSYoungGen: 6654K->0K(7680K)] 12219K->5564K(25088K), 0.0002680 secs] [Times: user=0.00 sys=0.00, real=0.00 secs] 
172.197: Total time for which application threads were stopped: 0.0003660 seconds, Stopping threads took: 0.0000490 seconds
172.226: Application time: 0.0292940 seconds
172.227: [GC [PSYoungGen: 6654K->0K(7680K)] 12219K->5564K(25088K), 0.0002650 secs] [Times: user=0.00 sys=0.00, real=0.01 secs] 
172.227: Total time for which application threads were stopped: 0.0003490 seconds, Stopping threads took: 0.0000340 seconds
172.249: Application time: 0.0218150 seconds
172.249: [GC [PSYoungGen: 6652K->320K(7680K)] 12217K->5884K(25088K), 0.0003390 secs] [Times: user=0.01 sys=0.00, real=0.00 secs] 
172.249: Total time for which application threads were stopped: 0.0004300 seconds, Stopping threads took: 0.0000420 seconds
172.270: Application time: 0.0211270 seconds
172.270: [GC [PSYoungGen: 6975K->288K(7680K)] 12540K->5852K(25088K), 0.0003450 secs] [Times: user=0.00 sys=0.00, real=0.00 secs] 
172.271: Total time for which application threads were stopped: 0.0004380 seconds, Stopping threads took: 0.0000470 seconds
172.290: Application time: 0.0193530 seconds
172.290: [GC [PSYoungGen: 6943K->448K(7680K)] 12508K->6012K(25088K), 0.0003730 secs] [Times: user=0.00 sys=0.00, real=0.00 secs] 
172.290: Total time for which application threads were stopped: 0.0004780 seconds, Stopping threads took: 0.0000550 seconds
172.311: Application time: 0.0208800 seconds
172.311: [GC [PSYoungGen: 7101K->480K(7680K)] 12666K->6044K(25088K), 0.0003410 secs] [Times: user=0.00 sys=0.00, real=0.00 secs] 
172.312: Total time for which application threads were stopped: 0.0004210 seconds, Stopping threads took: 0.0000310 seconds
172.335: Application time: 0.0233400 seconds
172.335: [GC [PSYoungGen: 7134K->576K(7680K)] 12698K->6140K(25088K), 0.0003200 secs] [Times: user=0.00 sys=0.00, real=0.00 secs] 
172.336: Total time for which application threads were stopped: 0.0004110 seconds, Stopping threads took: 0.0000420 seconds
172.363: Application time: 0.0279150 seconds
172.364: [GC [PSYoungGen: 7230K->576K(7680K)] 12795K->6140K(25088K), 0.0003320 secs] [Times: user=0.01 sys=0.00, real=0.00 secs] 
172.364: Total time for which application threads were stopped: 0.0004300 seconds, Stopping threads took: 0.0000480 seconds
172.392: Application time: 0.0279010 seconds
172.392: [GC [PSYoungGen: 7228K->576K(7680K)] 12793K->6140K(25088K), 0.0003450 secs] [Times: user=0.00 sys=0.00, real=0.00 secs] 
172.392: Total time for which application threads were stopped: 0.0004480 seconds, Stopping threads took: 0.0000530 seconds
172.422: Application time: 0.0293300 seconds
172.422: [GC [PSYoungGen: 7230K->480K(7680K)] 12795K->6044K(25088K), 0.0003730 secs] [Times: user=0.00 sys=0.00, real=0.00 secs] 
172.422: Total time for which application threads were stopped: 0.0004740 seconds, Stopping threads took: 0.0000420 seconds
172.451: Application time: 0.0293460 seconds
172.451: [GC [PSYoungGen: 7134K->448K(7680K)] 12699K->6012K(25088K), 0.0003800 secs] [Times: user=0.00 sys=0.00, real=0.00 secs] 
172.452: Total time for which application threads were stopped: 0.0004820 seconds, Stopping threads took: 0.0000540 seconds
172.481: Application time: 0.0291630 seconds
172.481: [GC [PSYoungGen: 7102K->480K(7680K)] 12667K->6044K(25088K), 0.0003250 secs] [Times: user=0.00 sys=0.00, real=0.00 secs] 
172.481: Total time for which application threads were stopped: 0.0004160 seconds, Stopping threads took: 0.0000400 seconds
172.511: Application time: 0.0294990 seconds
172.511: [GC [PSYoungGen: 7134K->576K(7680K)] 12699K->6140K(25088K), 0.0003630 secs] [Times: user=0.00 sys=0.00, real=0.00 secs] 
172.511: Total time for which application threads were stopped: 0.0004600 seconds, Stopping threads took: 0.0000460 seconds
172.541: Application time: 0.0291900 seconds
172.543: [GC [PSYoungGen: 7230K->544K(7680K)] 12795K->6108K(25088K), 0.0003160 secs] [Times: user=0.00 sys=0.00, real=0.00 secs] 
172.543: Total time for which application threads were stopped: 0.0025540 seconds, Stopping threads took: 0.0021860 seconds
172.572: Application time: 0.0292440 seconds
172.572: [GC [PSYoungGen: 7198K->544K(7680K)] 12763K->6108K(25088K), 0.0003460 secs] [Times: user=0.00 sys=0.00, real=0.00 secs] 
172.573: Total time for which application threads were stopped: 0.0004470 seconds, Stopping threads took: 0.0000480 seconds
172.602: Application time: 0.0293080 seconds
172.602: [GC [PSYoungGen: 7198K->672K(7680K)] 12763K->6236K(25088K), 0.0003390 secs] [Times: user=0.00 sys=0.00, real=0.00 secs] 
172.603: Total time for which application threads were stopped: 0.0004300 seconds, Stopping threads took: 0.0000420 seconds
172.629: Application time: 0.0261360 seconds
172.629: [GC [PSYoungGen: 7326K->672K(7680K)] 12891K->6236K(25088K), 0.0004050 secs] [Times: user=0.00 sys=0.00, real=0.00 secs] 
172.629: Total time for which application threads were stopped: 0.0005150 seconds, Stopping threads took: 0.0000510 seconds
172.650: Application time: 0.0209700 seconds
172.650: [GC [PSYoungGen: 7325K->672K(7680K)] 12890K->6236K(25088K), 0.0003700 secs] [Times: user=0.00 sys=0.00, real=0.00 secs] 
172.651: Total time for which application threads were stopped: 0.0004700 seconds, Stopping threads took: 0.0000450 seconds
172.672: Application time: 0.0212040 seconds
172.672: [GC [PSYoungGen: 7327K->768K(7680K)] 12892K->6332K(25088K), 0.0004040 secs] [Times: user=0.00 sys=0.00, real=0.00 secs] 
172.672: Total time for which application threads were stopped: 0.0005080 seconds, Stopping threads took: 0.0000520 seconds
172.700: Application time: 0.0277550 seconds
172.700: [GC [PSYoungGen: 7422K->768K(7680K)] 12987K->6332K(25088K), 0.0003940 secs] [Times: user=0.00 sys=0.00, real=0.00 secs] 
172.701: Total time for which application threads were stopped: 0.0004880 seconds, Stopping threads took: 0.0000420 seconds
172.727: Application time: 0.0265230 seconds
172.727: [GC [PSYoungGen: 7412K->880K(7680K)] 12977K->6444K(25088K), 0.0004030 secs] [Times: user=0.00 sys=0.00, real=0.00 secs] 
172.728: Total time for which application threads were stopped: 0.0005130 seconds, Stopping threads took: 0.0000570 seconds
172.747: Application time: 0.0193240 seconds
172.747: [GC [PSYoungGen: 7532K->992K(7680K)] 13097K->6569K(25088K), 0.0004240 secs] [Times: user=0.00 sys=0.00, real=0.00 secs] 
172.748: Total time for which application threads were stopped: 0.0005240 seconds, Stopping threads took: 0.0000470 seconds
172.769: Application time: 0.0213510 seconds
172.769: [GC [PSYoungGen: 7645K->992K(7680K)] 13222K->6597K(25088K), 0.0004070 secs] [Times: user=0.00 sys=0.00, real=0.00 secs] 
172.769: Total time for which application threads were stopped: 0.0005120 seconds, Stopping threads took: 0.0000520 seconds
172.788: Application time: 0.0188910 seconds
172.788: [GC [PSYoungGen: 7645K->992K(7680K)] 13250K->6765K(25088K), 0.0004730 secs] [Times: user=0.00 sys=0.00, real=0.00 secs] 
172.789: Total time for which application threads were stopped: 0.0005770 seconds, Stopping threads took: 0.0000430 seconds
172.810: Application time: 0.0209620 seconds
172.810: [GC [PSYoungGen: 7645K->992K(7680K)] 13418K->6765K(25088K), 0.0004080 secs] [Times: user=0.00 sys=0.00, real=0.00 secs] 
172.810: Total time for which application threads were stopped: 0.0005010 seconds, Stopping threads took: 0.0000410 seconds
172.835: Application time: 0.0244740 seconds
172.839: [GC [PSYoungGen: 7646K->992K(7680K)] 13419K->6797K(25088K), 0.0004420 secs] [Times: user=0.00 sys=0.00, real=0.00 secs] 
172.839: Total time for which application threads were stopped: 0.0044710 seconds, Stopping threads took: 0.0039760 seconds
172.863: Application time: 0.0233420 seconds
172.863: [GC [PSYoungGen: 7645K->992K(7680K)] 13450K->7001K(25088K), 0.0004970 secs] [Times: user=0.00 sys=0.00, real=0.00 secs] 
172.863: Total time for which application threads were stopped: 0.0005960 seconds, Stopping threads took: 0.0000440 seconds
172.884: Application time: 0.0206010 seconds
172.884: [GC [PSYoungGen: 7647K->992K(7680K)] 13656K->7238K(25088K), 0.0005070 secs] [Times: user=0.00 sys=0.00, real=0.00 secs] 
172.884: Total time for which application threads were stopped: 0.0006190 seconds, Stopping threads took: 0.0000580 seconds
172.902: Application time: 0.0179340 seconds
172.902: [GC [PSYoungGen: 7645K->1008K(7680K)] 13891K->7822K(25088K), 0.0005440 secs] [Times: user=0.00 sys=0.00, real=0.00 secs] 
172.903: Total time for which application threads were stopped: 0.0006460 seconds, Stopping threads took: 0.0000480 seconds
172.926: Application time: 0.0225300 seconds
172.926: [GC [PSYoungGen: 7662K->1008K(7680K)] 14476K->8078K(25088K), 0.0004980 secs] [Times: user=0.00 sys=0.00, real=0.00 secs] 
172.926: Total time for which application threads were stopped: 0.0006070 seconds, Stopping threads took: 0.0000460 seconds
172.947: Application time: 0.0207250 seconds
172.947: [GC [PSYoungGen: 7664K->992K(7680K)] 14734K->8062K(25088K), 0.0004740 secs] [Times: user=0.00 sys=0.00, real=0.00 secs] 
172.947: Total time for which application threads were stopped: 0.0005870 seconds, Stopping threads took: 0.0000590 seconds
172.966: Application time: 0.0182120 seconds
172.966: [GC [PSYoungGen: 7646K->1008K(7680K)] 14717K->8514K(25088K), 0.0005370 secs] [Times: user=0.00 sys=0.00, real=0.00 secs] 
172.966: Total time for which application threads were stopped: 0.0006410 seconds, Stopping threads took: 0.0000480 seconds
172.987: Application time: 0.0205690 seconds
172.987: [GC [PSYoungGen: 7661K->992K(7680K)] 15168K->8522K(25088K), 0.0004160 secs] [Times: user=0.01 sys=0.00, real=0.00 secs] 
172.987: Total time for which application threads were stopped: 0.0005140 seconds, Stopping threads took: 0.0000480 seconds
173.012: Application time: 0.0243020 seconds
173.012: [GC [PSYoungGen: 7644K->992K(7680K)] 15175K->8763K(25088K), 0.0005260 secs] [Times: user=0.00 sys=0.00, real=0.00 secs] 
173.012: Total time for which application threads were stopped: 0.0006220 seconds, Stopping threads took: 0.0000400 seconds
173.040: Application time: 0.0275370 seconds
173.040: [GC [PSYoungGen: 7643K->992K(7680K)] 15414K->9059K(25088K), 0.0004550 secs] [Times: user=0.00 sys=0.00, real=0.00 secs] 
173.040: Total time for which application threads were stopped: 0.0005560 seconds, Stopping threads took: 0.0000480 seconds
173.067: Application time: 0.0261710 seconds
173.067: [GC [PSYoungGen: 7575K->928K(7680K)] 15642K->9183K(25088K), 0.0005860 secs] [Times: user=0.00 sys=0.00, real=0.01 secs] 
173.067: Total time for which application threads were stopped: 0.0006850 seconds, Stopping threads took: 0.0000460 seconds
173.095: Application time: 0.0281730 seconds
173.096: [GC [PSYoungGen: 7581K->992K(7680K)] 15837K->9287K(25088K), 0.0004310 secs] [Times: user=0.00 sys=0.00, real=0.00 secs] 
173.096: Total time for which application threads were stopped: 0.0005360 seconds, Stopping threads took: 0.0000510 seconds
173.125: Application time: 0.0287480 seconds
173.125: [GC [PSYoungGen: 7646K->960K(7680K)] 15942K->9255K(25088K), 0.0004260 secs] [Times: user=0.00 sys=0.00, real=0.00 secs] 
173.125: Total time for which application threads were stopped: 0.0005400 seconds, Stopping threads took: 0.0000500 seconds
173.154: Application time: 0.0289080 seconds
173.154: [GC [PSYoungGen: 7614K->992K(7680K)] 15910K->9291K(25088K), 0.0004130 secs] [Times: user=0.00 sys=0.00, real=0.00 secs] 
173.155: Total time for which application threads were stopped: 0.0005170 seconds, Stopping threads took: 0.0000510 seconds
173.182: Application time: 0.0277390 seconds
173.183: [GC [PSYoungGen: 7647K->992K(7680K)] 15946K->9323K(25088K), 0.0004470 secs] [Times: user=0.00 sys=0.00, real=0.00 secs] 
173.183: Total time for which application threads were stopped: 0.0005530 seconds, Stopping threads took: 0.0000530 seconds
173.211: Application time: 0.0276560 seconds
173.211: [GC [PSYoungGen: 7647K->992K(7680K)] 15979K->9613K(25088K), 0.0004810 secs] [Times: user=0.00 sys=0.00, real=0.00 secs] 
173.211: Total time for which application threads were stopped: 0.0005880 seconds, Stopping threads took: 0.0000500 seconds
173.240: Application time: 0.0285480 seconds
173.240: [GC [PSYoungGen: 7645K->992K(7680K)] 16267K->9885K(25088K), 0.0004910 secs] [Times: user=0.00 sys=0.00, real=0.00 secs] 
173.240: Total time for which application threads were stopped: 0.0005990 seconds, Stopping threads took: 0.0000530 seconds
173.269: Application time: 0.0290070 seconds
173.270: [GC [PSYoungGen: 7646K->992K(7680K)] 16540K->9901K(25088K), 0.0004410 secs] [Times: user=0.00 sys=0.00, real=0.00 secs] 
173.270: Total time for which application threads were stopped: 0.0005450 seconds, Stopping threads took: 0.0000520 seconds
173.298: Application time: 0.0277960 seconds
173.298: [GC [PSYoungGen: 7646K->992K(7680K)] 16555K->10117K(25088K), 0.0005110 secs] [Times: user=0.00 sys=0.00, real=0.00 secs] 
173.298: Total time for which application threads were stopped: 0.0006130 seconds, Stopping threads took: 0.0000480 seconds
173.327: Application time: 0.0290420 seconds
173.328: [GC [PSYoungGen: 7646K->992K(7680K)] 16772K->10141K(25088K), 0.0005290 secs] [Times: user=0.00 sys=0.00, real=0.00 secs] 
173.328: Total time for which application threads were stopped: 0.0006310 seconds, Stopping threads took: 0.0000500 seconds
173.355: Application time: 0.0273840 seconds
173.356: [GC [PSYoungGen: 7646K->992K(7680K)] 16795K->10293K(25088K), 0.0004760 secs] [Times: user=0.01 sys=0.00, real=0.00 secs] 
173.356: Total time for which application threads were stopped: 0.0005910 seconds, Stopping threads took: 0.0000580 seconds
173.385: Application time: 0.0290380 seconds
173.385: [GC [PSYoungGen: 7644K->992K(7680K)] 16945K->10505K(25088K), 0.0005140 secs] [Times: user=0.00 sys=0.00, real=0.00 secs] 
173.386: Total time for which application threads were stopped: 0.0006000 seconds, Stopping threads took: 0.0000340 seconds
173.414: Application time: 0.0286440 seconds
173.414: [GC [PSYoungGen: 7645K->992K(7680K)] 17159K->10521K(25088K), 0.0004440 secs] [Times: user=0.00 sys=0.00, real=0.00 secs] 
173.415: Total time for which application threads were stopped: 0.0005480 seconds, Stopping threads took: 0.0000490 seconds
173.444: Application time: 0.0294540 seconds
173.444: [GC [PSYoungGen: 7646K->928K(7680K)] 17176K->10609K(25088K), 0.0004350 secs] [Times: user=0.00 sys=0.00, real=0.00 secs] 
173.445: Total time for which application threads were stopped: 0.0005400 seconds, Stopping threads took: 0.0000390 seconds
173.474: Application time: 0.0294000 seconds
173.474: [GC [PSYoungGen: 7582K->928K(7680K)] 17264K->10617K(25088K), 0.0004090 secs] [Times: user=0.00 sys=0.00, real=0.00 secs] 
173.475: Total time for which application threads were stopped: 0.0005170 seconds, Stopping threads took: 0.0000540 seconds
173.504: Application time: 0.0296260 seconds
173.504: [GC [PSYoungGen: 7582K->672K(7680K)] 17272K->10586K(25088K), 0.0004590 secs] [Times: user=0.00 sys=0.00, real=0.00 secs] 
173.505: Total time for which application threads were stopped: 0.0005520 seconds, Stopping threads took: 0.0000420 seconds
173.534: Application time: 0.0293590 seconds
173.534: [GC [PSYoungGen: 7326K->640K(7680K)] 17241K->10562K(25088K), 0.0004420 secs] [Times: user=0.00 sys=0.00, real=0.00 secs] 
173.535: Total time for which application threads were stopped: 0.0005450 seconds, Stopping threads took: 0.0000490 seconds
173.564: Application time: 0.0294140 seconds
173.564: [GC [PSYoungGen: 7294K->704K(7680K)] 17217K->10626K(25088K), 0.0004110 secs] [Times: user=0.00 sys=0.00, real=0.00 secs] 
173.565: Total time for which application threads were stopped: 0.0005070 seconds, Stopping threads took: 0.0000450 seconds
173.595: Application time: 0.0299050 seconds
173.595: [GC [PSYoungGen: 7356K->640K(7680K)] 17279K->10562K(25088K), 0.0003300 secs] [Times: user=0.00 sys=0.00, real=0.00 secs] 
173.595: Total time for which application threads were stopped: 0.0004420 seconds, Stopping threads took: 0.0000620 seconds
173.625: Application time: 0.0297480 seconds
173.625: [GC [PSYoungGen: 7294K->608K(7680K)] 17217K->10618K(25088K), 0.0004240 secs] [Times: user=0.00 sys=0.00, real=0.00 secs] 
173.625: Total time for which application threads were stopped: 0.0005380 seconds, Stopping threads took: 0.0000530 seconds
173.655: Application time: 0.0295440 seconds
173.655: [GC [PSYoungGen: 7262K->608K(7680K)] 17273K->10666K(25088K), 0.0003490 secs] [Times: user=0.00 sys=0.00, real=0.00 secs] 
173.655: Total time for which application threads were stopped: 0.0004580 seconds, Stopping threads took: 0.0000570 seconds
173.685: Application time: 0.0295380 seconds
173.685: [GC [PSYoungGen: 7262K->576K(7680K)] 17321K->10695K(25088K), 0.0003840 secs] [Times: user=0.01 sys=0.00, real=0.00 secs] 
173.685: Total time for which application threads were stopped: 0.0004910 seconds, Stopping threads took: 0.0000520 seconds
173.715: Application time: 0.0296420 seconds
173.715: [GC [PSYoungGen: 7230K->608K(7680K)] 17350K->10727K(25088K), 0.0003480 secs] [Times: user=0.00 sys=0.00, real=0.00 secs] 
173.716: Total time for which application threads were stopped: 0.0004440 seconds, Stopping threads took: 0.0000430 seconds
173.745: Application time: 0.0296640 seconds
173.745: [GC [PSYoungGen: 7262K->352K(7680K)] 17382K->10804K(25088K), 0.0003920 secs] [Times: user=0.00 sys=0.00, real=0.00 secs] 
173.746: Total time for which application threads were stopped: 0.0004950 seconds, Stopping threads took: 0.0000520 seconds
173.775: Application time: 0.0295320 seconds
173.775: [GC [PSYoungGen: 7006K->384K(7680K)] 17458K->10836K(25088K), 0.0003240 secs] [Times: user=0.00 sys=0.00, real=0.00 secs] 
173.776: Total time for which application threads were stopped: 0.0004270 seconds, Stopping threads took: 0.0000520 seconds
173.805: Application time: 0.0295100 seconds
173.805: [GC [PSYoungGen: 7038K->288K(7680K)] 17490K->10816K(25088K), 0.0003410 secs] [Times: user=0.00 sys=0.00, real=0.00 secs] 
173.806: Total time for which application threads were stopped: 0.0004390 seconds, Stopping threads took: 0.0000490 seconds
173.835: Application time: 0.0294650 seconds
173.835: [GC [PSYoungGen: 6942K->352K(7680K)] 17471K->10888K(25088K), 0.0003180 secs] [Times: user=0.00 sys=0.00, real=0.00 secs] 
173.836: Total time for which application threads were stopped: 0.0004210 seconds, Stopping threads took: 0.0000530 seconds
173.865: Application time: 0.0296740 seconds
173.865: [GC [PSYoungGen: 7004K->0K(7680K)] 17540K->10757K(25088K), 0.0003230 secs] [Times: user=0.00 sys=0.00, real=0.00 secs] 
173.866: Total time for which application threads were stopped: 0.0004140 seconds, Stopping threads took: 0.0000430 seconds
173.895: Application time: 0.0295180 seconds
173.895: [GC [PSYoungGen: 6654K->0K(7680K)] 17411K->10757K(25088K), 0.0003300 secs] [Times: user=0.00 sys=0.00, real=0.00 secs] 
173.896: Total time for which application threads were stopped: 0.0004260 seconds, Stopping threads took: 0.0000470 seconds
173.925: Application time: 0.0293320 seconds
173.925: [GC [PSYoungGen: 6654K->0K(7680K)] 17411K->10757K(25088K), 0.0003020 secs] [Times: user=0.00 sys=0.00, real=0.00 secs] 
173.925: Total time for which application threads were stopped: 0.0004020 seconds, Stopping threads took: 0.0000500 seconds
173.955: Application time: 0.0293140 seconds
173.955: [GC [PSYoungGen: 6654K->0K(7680K)] 17411K->10757K(25088K), 0.0003280 secs] [Times: user=0.00 sys=0.00, real=0.00 secs] 
173.955: Total time for which application threads were stopped: 0.0004320 seconds, Stopping threads took: 0.0000470 seconds
173.976: Application time: 0.0210620 seconds
173.976: [GC [PSYoungGen: 6654K->384K(7680K)] 17411K->11141K(25088K), 0.0003340 secs] [Times: user=0.00 sys=0.00, real=0.00 secs] 
173.977: Total time for which application threads were stopped: 0.0004220 seconds, Stopping threads took: 0.0000380 seconds
173.998: Application time: 0.0211230 seconds
173.998: [GC [PSYoungGen: 7037K->256K(7680K)] 17794K->11013K(25088K), 0.0003520 secs] [Times: user=0.00 sys=0.00, real=0.00 secs] 
173.998: Total time for which application threads were stopped: 0.0004550 seconds, Stopping threads took: 0.0000520 seconds
174.024: Application time: 0.0257030 seconds
174.024: [GC [PSYoungGen: 6907K->320K(7680K)] 17665K->11077K(25088K), 0.0003550 secs] [Times: user=0.00 sys=0.00, real=0.00 secs] 
174.024: Total time for which application threads were stopped: 0.0004460 seconds, Stopping threads took: 0.0000420 seconds
174.050: Application time: 0.0253500 seconds
174.050: [GC [PSYoungGen: 6972K->512K(7680K)] 17729K->11269K(25088K), 0.0003980 secs] [Times: user=0.00 sys=0.00, real=0.00 secs] 
174.050: Total time for which application threads were stopped: 0.0004950 seconds, Stopping threads took: 0.0000470 seconds
174.070: Application time: 0.0197000 seconds
174.070: [GC [PSYoungGen: 7164K->544K(7680K)] 17921K->11301K(25088K), 0.0004000 secs] [Times: user=0.00 sys=0.00, real=0.00 secs] 
174.070: Total time for which application threads were stopped: 0.0005000 seconds, Stopping threads took: 0.0000520 seconds
174.092: Application time: 0.0220960 seconds
174.092: [GC [PSYoungGen: 7197K->544K(7680K)] 17955K->11301K(25088K), 0.0003580 secs] [Times: user=0.00 sys=0.00, real=0.00 secs] 
174.093: Total time for which application threads were stopped: 0.0004530 seconds, Stopping threads took: 0.0000410 seconds
174.122: Application time: 0.0290340 seconds
174.122: [GC [PSYoungGen: 7196K->576K(7680K)] 17953K->11333K(25088K), 0.0003720 secs] [Times: user=0.00 sys=0.00, real=0.00 secs] 
174.122: Total time for which application threads were stopped: 0.0004800 seconds, Stopping threads took: 0.0000540 seconds
174.151: Application time: 0.0288010 seconds
174.155: [GC [PSYoungGen: 7228K->544K(7680K)] 17985K->11301K(25088K), 0.0003580 secs] [Times: user=0.00 sys=0.00, real=0.00 secs] 
174.155: Total time for which application threads were stopped: 0.0040030 seconds, Stopping threads took: 0.0035900 seconds
174.184: Application time: 0.0292100 seconds
174.184: [GC [PSYoungGen: 7198K->512K(7680K)] 17955K->11269K(25088K), 0.0003740 secs] [Times: user=0.00 sys=0.00, real=0.00 secs] 
174.185: Total time for which application threads were stopped: 0.0004840 seconds, Stopping threads took: 0.0000550 seconds
174.214: Application time: 0.0292720 seconds
174.214: [GC [PSYoungGen: 7166K->512K(7680K)] 17923K->11269K(25088K), 0.0003570 secs] [Times: user=0.00 sys=0.00, real=0.00 secs] 
174.215: Total time for which application threads were stopped: 0.0004570 seconds, Stopping threads took: 0.0000450 seconds
174.244: Application time: 0.0292330 seconds
174.244: [GC [PSYoungGen: 7166K->640K(7680K)] 17923K->11397K(25088K), 0.0003710 secs] [Times: user=0.00 sys=0.00, real=0.00 secs] 
174.244: Total time for which application threads were stopped: 0.0004730 seconds, Stopping threads took: 0.0000490 seconds
174.274: Application time: 0.0296280 seconds
174.274: [GC [PSYoungGen: 7294K->512K(7680K)] 18051K->11269K(25088K), 0.0003740 secs] [Times: user=0.00 sys=0.00, real=0.00 secs] 
174.274: Total time for which application threads were stopped: 0.0004680 seconds, Stopping threads took: 0.0000420 seconds
174.304: Application time: 0.0291680 seconds
174.304: [GC [PSYoungGen: 7166K->512K(7680K)] 17923K->11269K(25088K), 0.0003390 secs] [Times: user=0.00 sys=0.00, real=0.00 secs] 
174.304: Total time for which application threads were stopped: 0.0004440 seconds, Stopping threads took: 0.0000470 seconds
174.333: Application time: 0.0290910 seconds
174.333: [GC [PSYoungGen: 7166K->544K(7680K)] 17923K->11301K(25088K), 0.0003310 secs] [Times: user=0.01 sys=0.00, real=0.00 secs] 
174.334: Total time for which application threads were stopped: 0.0004500 seconds, Stopping threads took: 0.0000660 seconds
174.359: Application time: 0.0252810 seconds
174.359: [GC [PSYoungGen: 7196K->672K(7680K)] 17953K->11429K(25088K), 0.0003760 secs] [Times: user=0.00 sys=0.00, real=0.00 secs] 
174.359: Total time for which application threads were stopped: 0.0004880 seconds, Stopping threads took: 0.0000600 seconds
174.380: Application time: 0.0205140 seconds
174.380: [GC [PSYoungGen: 7326K->704K(7680K)] 18083K->11461K(25088K), 0.0003680 secs] [Times: user=0.01 sys=0.00, real=0.00 secs] 
174.380: Total time for which application threads were stopped: 0.0004700 seconds, Stopping threads took: 0.0000540 seconds
174.401: Application time: 0.0208410 seconds
174.401: [GC [PSYoungGen: 7355K->736K(7680K)] 18112K->11493K(25088K), 0.0004240 secs] [Times: user=0.00 sys=0.00, real=0.00 secs] 
174.402: Total time for which application threads were stopped: 0.0005300 seconds, Stopping threads took: 0.0000530 seconds
174.429: Application time: 0.0275290 seconds
174.429: [GC [PSYoungGen: 7388K->736K(7680K)] 18145K->11493K(25088K), 0.0004090 secs] [Times: user=0.00 sys=0.00, real=0.00 secs] 
174.430: Total time for which application threads were stopped: 0.0005130 seconds, Stopping threads took: 0.0000500 seconds
174.457: Application time: 0.0274620 seconds
174.457: [GC [PSYoungGen: 7388K->944K(7680K)] 18145K->11701K(25088K), 0.0004550 secs] [Times: user=0.00 sys=0.00, real=0.00 secs] 
174.458: Total time for which application threads were stopped: 0.0005580 seconds, Stopping threads took: 0.0000430 seconds
174.477: Application time: 0.0188060 seconds
174.477: [GC [PSYoungGen: 7510K->896K(7680K)] 18267K->11653K(25088K), 0.0004600 secs] [Times: user=0.01 sys=0.00, real=0.00 secs] 
174.477: Total time for which application threads were stopped: 0.0005520 seconds, Stopping threads took: 0.0000400 seconds
174.496: Application time: 0.0190420 seconds
174.496: [GC [PSYoungGen: 7547K->1008K(7680K)] 18304K->11917K(25088K), 0.0004680 secs] [Times: user=0.00 sys=0.00, real=0.00 secs] 
174.497: Total time for which application threads were stopped: 0.0005630 seconds, Stopping threads took: 0.0000450 seconds
174.516: Application time: 0.0189830 seconds
174.516: [GC [PSYoungGen: 7663K->1008K(7680K)] 18572K->11953K(25088K), 0.0004530 secs] [Times: user=0.00 sys=0.00, real=0.00 secs] 
174.516: Total time for which application threads were stopped: 0.0005620 seconds, Stopping threads took: 0.0000530 seconds
174.537: Application time: 0.0209850 seconds
174.537: [GC [PSYoungGen: 7663K->1008K(7680K)] 18608K->11953K(25088K), 0.0004680 secs] [Times: user=0.00 sys=0.00, real=0.00 secs] 
174.538: Total time for which application threads were stopped: 0.0005680 seconds, Stopping threads took: 0.0000470 seconds
174.564: Application time: 0.0257830 seconds
174.564: [GC [PSYoungGen: 7662K->992K(7680K)] 18607K->11973K(25088K), 0.0004440 secs] [Times: user=0.01 sys=0.00, real=0.00 secs] 
174.564: Total time for which application threads were stopped: 0.0005420 seconds, Stopping threads took: 0.0000450 seconds
174.588: Application time: 0.0240010 seconds
174.588: [GC [PSYoungGen: 7646K->1008K(7680K)] 18627K->12185K(25088K), 0.0004750 secs] [Times: user=0.00 sys=0.00, real=0.00 secs] 
174.589: Total time for which application threads were stopped: 0.0005720 seconds, Stopping threads took: 0.0000430 seconds
174.608: Application time: 0.0195980 seconds
174.608: [GC [PSYoungGen: 7653K->1008K(7680K)] 18830K->12213K(25088K), 0.0004800 secs] [Times: user=0.00 sys=0.00, real=0.00 secs] 
174.609: Total time for which application threads were stopped: 0.0005840 seconds, Stopping threads took: 0.0000500 seconds
174.631: Application time: 0.0216010 seconds
174.631: [GC [PSYoungGen: 7663K->992K(7680K)] 18869K->12353K(25088K), 0.0005720 secs] [Times: user=0.01 sys=0.00, real=0.00 secs] 
174.631: Total time for which application threads were stopped: 0.0006850 seconds, Stopping threads took: 0.0000510 seconds
174.651: Application time: 0.0201490 seconds
174.651: [GC [PSYoungGen: 7647K->1008K(7680K)] 19009K->12553K(25088K), 0.0004810 secs] [Times: user=0.00 sys=0.00, real=0.00 secs] 
174.652: Total time for which application threads were stopped: 0.0005790 seconds, Stopping threads took: 0.0000440 seconds
174.673: Application time: 0.0208950 seconds
174.673: [GC [PSYoungGen: 7663K->992K(7680K)] 19209K->12553K(25088K), 0.0004540 secs] [Times: user=0.00 sys=0.00, real=0.00 secs] 
174.673: Total time for which application threads were stopped: 0.0005590 seconds, Stopping threads took: 0.0000480 seconds
174.694: Application time: 0.0209160 seconds
174.694: [GC [PSYoungGen: 7645K->1008K(7680K)] 19207K->12729K(25088K), 0.0004880 secs] [Times: user=0.01 sys=0.00, real=0.00 secs] 
174.695: Total time for which application threads were stopped: 0.0006010 seconds, Stopping threads took: 0.0000560 seconds
174.714: Application time: 0.0194150 seconds
174.714: [GC [PSYoungGen: 7662K->1008K(7680K)] 19384K->12929K(25088K), 0.0004640 secs] [Times: user=0.00 sys=0.00, real=0.00 secs] 
174.715: Total time for which application threads were stopped: 0.0005670 seconds, Stopping threads took: 0.0000470 seconds
174.736: Application time: 0.0214010 seconds
174.736: [GC [PSYoungGen: 7661K->992K(7680K)] 19583K->13171K(25088K), 0.0005300 secs] [Times: user=0.01 sys=0.00, real=0.00 secs] 
174.737: Total time for which application threads were stopped: 0.0006280 seconds, Stopping threads took: 0.0000440 seconds
174.764: Application time: 0.0273660 seconds
174.764: [GC [PSYoungGen: 7644K->848K(7680K)] 19823K->13275K(25088K), 0.0004300 secs] [Times: user=0.01 sys=0.00, real=0.00 secs] 
174.765: Total time for which application threads were stopped: 0.0005280 seconds, Stopping threads took: 0.0000440 seconds
174.793: Application time: 0.0276590 seconds
174.793: [GC [PSYoungGen: 7502K->896K(7680K)] 19929K->13451K(25088K), 0.0004590 secs] [Times: user=0.00 sys=0.00, real=0.00 secs] 
174.793: Total time for which application threads were stopped: 0.0005550 seconds, Stopping threads took: 0.0000420 seconds
174.820: Application time: 0.0267730 seconds
174.820: [GC [PSYoungGen: 7551K->992K(7680K)] 20106K->13635K(25088K), 0.0004540 secs] [Times: user=0.00 sys=0.00, real=0.00 secs] 
174.820: Total time for which application threads were stopped: 0.0005620 seconds, Stopping threads took: 0.0000510 seconds
174.849: Application time: 0.0288490 seconds
174.849: [GC [PSYoungGen: 7646K->992K(7680K)] 20289K->13711K(25088K), 0.0004650 secs] [Times: user=0.00 sys=0.00, real=0.00 secs] 
174.850: Total time for which application threads were stopped: 0.0005660 seconds, Stopping threads took: 0.0000500 seconds
174.879: Application time: 0.0288340 seconds
174.879: [GC [PSYoungGen: 7646K->960K(7680K)] 20366K->13695K(25088K), 0.0004010 secs] [Times: user=0.00 sys=0.00, real=0.00 secs] 
174.879: Total time for which application threads were stopped: 0.0005100 seconds, Stopping threads took: 0.0000480 seconds
174.906: Application time: 0.0270910 seconds
174.906: [GC [PSYoungGen: 7614K->1008K(7680K)] 20349K->13879K(25088K), 0.0004440 secs] [Times: user=0.01 sys=0.00, real=0.01 secs] 
174.907: Total time for which application threads were stopped: 0.0005450 seconds, Stopping threads took: 0.0000430 seconds
174.935: Application time: 0.0281410 seconds
174.935: [GC [PSYoungGen: 7663K->1008K(7680K)] 20535K->14039K(25088K), 0.0005070 secs] [Times: user=0.00 sys=0.00, real=0.00 secs] 
174.937: Total time for which application threads were stopped: 0.0016050 seconds, Stopping threads took: 0.0000480 seconds
174.965: Application time: 0.0280840 seconds
174.965: [GC [PSYoungGen: 7660K->992K(7680K)] 20691K->14215K(25088K), 0.0005030 secs] [Times: user=0.00 sys=0.00, real=0.00 secs] 
174.965: Total time for which application threads were stopped: 0.0006220 seconds, Stopping threads took: 0.0000450 seconds
174.995: Application time: 0.0292310 seconds
174.995: [GC [PSYoungGen: 7646K->896K(7680K)] 20870K->14279K(25088K), 0.0004190 secs] [Times: user=0.01 sys=0.00, real=0.00 secs] 
174.995: Total time for which application threads were stopped: 0.0005560 seconds, Stopping threads took: 0.0000800 seconds
175.022: Application time: 0.0274260 seconds
175.023: [GC [PSYoungGen: 7550K->992K(7680K)] 20933K->14399K(25088K), 0.0004190 secs] [Times: user=0.00 sys=0.00, real=0.00 secs] 
175.023: Total time for which application threads were stopped: 0.0005320 seconds, Stopping threads took: 0.0000590 seconds
175.052: Application time: 0.0292960 seconds
175.052: [GC [PSYoungGen: 7646K->992K(7680K)] 21054K->14455K(25088K), 0.0004760 secs] [Times: user=0.00 sys=0.00, real=0.00 secs] 
175.053: Total time for which application threads were stopped: 0.0005750 seconds, Stopping threads took: 0.0000410 seconds
175.081: Application time: 0.0276410 seconds
175.081: [GC [PSYoungGen: 7645K->992K(7680K)] 21109K->14599K(25088K), 0.0004310 secs] [Times: user=0.00 sys=0.00, real=0.00 secs] 
175.081: Total time for which application threads were stopped: 0.0005250 seconds, Stopping threads took: 0.0000420 seconds
175.110: Application time: 0.0293440 seconds
175.110: [GC [PSYoungGen: 7646K->928K(7680K)] 21254K->14551K(25088K), 0.0004010 secs] [Times: user=0.00 sys=0.00, real=0.00 secs] 
175.111: Total time for which application threads were stopped: 0.0004990 seconds, Stopping threads took: 0.0000430 seconds
175.139: Application time: 0.0276440 seconds
175.139: [GC [PSYoungGen: 7582K->992K(7680K)] 21205K->14759K(25088K), 0.0004300 secs] [Times: user=0.00 sys=0.00, real=0.01 secs] 
175.139: Total time for which application threads were stopped: 0.0005330 seconds, Stopping threads took: 0.0000480 seconds
175.169: Application time: 0.0297230 seconds
175.169: [GC [PSYoungGen: 7646K->992K(7680K)] 21414K->14791K(25088K), 0.0004040 secs] [Times: user=0.00 sys=0.00, real=0.00 secs] 
175.169: Total time for which application threads were stopped: 0.0005100 seconds, Stopping threads took: 0.0000540 seconds
175.199: Application time: 0.0298160 seconds
175.203: [GC [PSYoungGen: 7646K->960K(7680K)] 21446K->14759K(25088K), 0.0003910 secs] [Times: user=0.00 sys=0.00, real=0.00 secs] 
175.203: Total time for which application threads were stopped: 0.0040710 seconds, Stopping threads took: 0.0036310 seconds
175.234: Application time: 0.0306570 seconds
175.234: [GC [PSYoungGen: 7611K->992K(7680K)] 21411K->14791K(25088K), 0.0004010 secs] [Times: user=0.00 sys=0.00, real=0.00 secs] 
175.234: Total time for which application threads were stopped: 0.0005100 seconds, Stopping threads took: 0.0000550 seconds
175.264: Application time: 0.0298260 seconds
175.264: [GC [PSYoungGen: 7646K->736K(7680K)] 21446K->14740K(25088K), 0.0004050 secs] [Times: user=0.00 sys=0.00, real=0.00 secs] 
175.265: Total time for which application threads were stopped: 0.0005020 seconds, Stopping threads took: 0.0000460 seconds
175.294: Application time: 0.0296730 seconds
175.294: [GC [PSYoungGen: 7388K->864K(7680K)] 21392K->14868K(25088K), 0.0003750 secs] [Times: user=0.00 sys=0.00, real=0.00 secs] 
175.295: Total time for which application threads were stopped: 0.0004710 seconds, Stopping threads took: 0.0000420 seconds
175.325: Application time: 0.0296570 seconds
175.325: [GC [PSYoungGen: 7518K->768K(7680K)] 21523K->14772K(25088K), 0.0003490 secs] [Times: user=0.00 sys=0.00, real=0.00 secs] 
175.325: Total time for which application threads were stopped: 0.0004600 seconds, Stopping threads took: 0.0000560 seconds
175.355: Application time: 0.0297580 seconds
175.359: [GC [PSYoungGen: 7422K->576K(7680K)] 21427K->14792K(25088K), 0.0003730 secs] [Times: user=0.00 sys=0.00, real=0.00 secs] 
175.359: Total time for which application threads were stopped: 0.0044820 seconds, Stopping threads took: 0.0040570 seconds
175.389: Application time: 0.0297960 seconds
175.389: [GC [PSYoungGen: 7230K->640K(7680K)] 21447K->14856K(25088K), 0.0003870 secs] [Times: user=0.00 sys=0.00, real=0.00 secs] 
175.390: Total time for which application threads were stopped: 0.0004940 seconds, Stopping threads took: 0.0000540 seconds
175.419: Application time: 0.0296620 seconds
175.419: [GC [PSYoungGen: 7294K->544K(7680K)] 21511K->14845K(25088K), 0.0003440 secs] [Times: user=0.00 sys=0.00, real=0.00 secs] 
175.420: Total time for which application threads were stopped: 0.0004520 seconds, Stopping threads took: 0.0000580 seconds
175.449: Application time: 0.0297880 seconds
175.449: [GC [PSYoungGen: 7198K->576K(7680K)] 21500K->14877K(25088K), 0.0003340 secs] [Times: user=0.00 sys=0.00, real=0.00 secs] 
175.450: Total time for which application threads were stopped: 0.0004320 seconds, Stopping threads took: 0.0000470 seconds
175.480: Application time: 0.0296550 seconds
175.480: [GC [PSYoungGen: 7230K->544K(7680K)] 21532K->14929K(25088K), 0.0003540 secs] [Times: user=0.00 sys=0.00, real=0.00 secs] 
175.480: Total time for which application threads were stopped: 0.0004630 seconds, Stopping threads took: 0.0000500 seconds
175.510: Application time: 0.0296830 seconds
175.510: [GC [PSYoungGen: 7198K->480K(7680K)] 21584K->14865K(25088K), 0.0003810 secs] [Times: user=0.00 sys=0.00, real=0.00 secs] 
175.510: Total time for which application threads were stopped: 0.0004740 seconds, Stopping threads took: 0.0000440 seconds
175.540: Application time: 0.0297640 seconds
175.540: [GC [PSYoungGen: 7134K->352K(7680K)] 21520K->14974K(25088K), 0.0003380 secs] [Times: user=0.00 sys=0.00, real=0.00 secs] 
175.540: Total time for which application threads were stopped: 0.0004320 seconds, Stopping threads took: 0.0000450 seconds
175.570: Application time: 0.0295610 seconds
175.570: [GC [PSYoungGen: 7006K->288K(7680K)] 21629K->14910K(25088K), 0.0003540 secs] [Times: user=0.00 sys=0.00, real=0.00 secs] 
175.570: Total time for which application threads were stopped: 0.0004670 seconds, Stopping threads took: 0.0000600 seconds
175.600: Application time: 0.0295190 seconds
175.600: [GC [PSYoungGen: 6942K->0K(7680K)] 21565K->14838K(25088K), 0.0003230 secs] [Times: user=0.00 sys=0.00, real=0.00 secs] 
175.600: Total time for which application threads were stopped: 0.0004130 seconds, Stopping threads took: 0.0000390 seconds
175.630: Application time: 0.0298120 seconds
175.630: [GC [PSYoungGen: 6654K->0K(7680K)] 21493K->14838K(25088K), 0.0003150 secs] [Times: user=0.00 sys=0.00, real=0.00 secs] 
175.631: Total time for which application threads were stopped: 0.0004180 seconds, Stopping threads took: 0.0000450 seconds
175.660: Application time: 0.0294690 seconds
175.660: [GC [PSYoungGen: 6654K->0K(7680K)] 21493K->14838K(25088K), 0.0003390 secs] [Times: user=0.01 sys=0.00, real=0.00 secs] 
175.660: Total time for which application threads were stopped: 0.0004500 seconds, Stopping threads took: 0.0000610 seconds
175.691: Application time: 0.0305110 seconds
175.691: [GC [PSYoungGen: 6652K->0K(7680K)] 21490K->14838K(25088K), 0.0002970 secs] [Times: user=0.00 sys=0.00, real=0.00 secs] 
175.691: Total time for which application threads were stopped: 0.0003990 seconds, Stopping threads took: 0.0000500 seconds
175.713: Application time: 0.0215590 seconds
175.713: [GC [PSYoungGen: 6652K->384K(7680K)] 21490K->15222K(25088K), 0.0003290 secs] [Times: user=0.00 sys=0.00, real=0.00 secs] 
175.713: Total time for which application threads were stopped: 0.0004150 seconds, Stopping threads took: 0.0000370 seconds
175.735: Application time: 0.0211730 seconds
175.735: [GC [PSYoungGen: 7037K->352K(7680K)] 21876K->15190K(25088K), 0.0003460 secs] [Times: user=0.00 sys=0.00, real=0.00 secs] 
175.735: Total time for which application threads were stopped: 0.0004320 seconds, Stopping threads took: 0.0000390 seconds
175.761: Application time: 0.0257480 seconds
175.761: [GC [PSYoungGen: 7003K->320K(7680K)] 21842K->15158K(25088K), 0.0004010 secs] [Times: user=0.00 sys=0.00, real=0.00 secs] 
175.761: Total time for which application threads were stopped: 0.0004880 seconds, Stopping threads took: 0.0000380 seconds
175.786: Application time: 0.0247300 seconds
175.786: [GC [PSYoungGen: 6972K->544K(7680K)] 21810K->15382K(25088K), 0.0003950 secs] [Times: user=0.00 sys=0.00, real=0.00 secs] 
175.786: Total time for which application threads were stopped: 0.0004840 seconds, Stopping threads took: 0.0000390 seconds
175.806: Application time: 0.0199200 seconds
175.806: [GC [PSYoungGen: 7196K->512K(7680K)] 22034K->15350K(25088K), 0.0003470 secs] [Times: user=0.00 sys=0.00, real=0.01 secs] 
175.807: Total time for which application threads were stopped: 0.0004550 seconds, Stopping threads took: 0.0000560 seconds
175.829: Application time: 0.0222970 seconds
175.829: [GC [PSYoungGen: 7165K->544K(7680K)] 22003K->15382K(25088K), 0.0003560 secs] [Times: user=0.00 sys=0.00, real=0.00 secs] 
175.830: Total time for which application threads were stopped: 0.0004550 seconds, Stopping threads took: 0.0000470 seconds
175.858: Application time: 0.0289120 seconds
175.859: [GC [PSYoungGen: 7196K->512K(7680K)] 22034K->15350K(25088K), 0.0003620 secs] [Times: user=0.00 sys=0.00, real=0.01 secs] 
175.859: Total time for which application threads were stopped: 0.0004530 seconds, Stopping threads took: 0.0000400 seconds
175.888: Application time: 0.0290910 seconds
175.888: [GC [PSYoungGen: 7164K->480K(7680K)] 22002K->15318K(25088K), 0.0003750 secs] [Times: user=0.00 sys=0.00, real=0.00 secs] 
175.888: Total time for which application threads were stopped: 0.0004620 seconds, Stopping threads took: 0.0000370 seconds
175.917: Application time: 0.0282870 seconds
175.917: [GC [PSYoungGen: 7132K->544K(7680K)] 21970K->15382K(25088K), 0.0003480 secs] [Times: user=0.00 sys=0.00, real=0.00 secs] 
175.917: Total time for which application threads were stopped: 0.0004530 seconds, Stopping threads took: 0.0000520 seconds
175.946: Application time: 0.0292000 seconds
175.946: [GC [PSYoungGen: 7198K->480K(7680K)] 22037K->15318K(25088K), 0.0004470 secs] [Times: user=0.00 sys=0.00, real=0.01 secs] 
175.947: Total time for which application threads were stopped: 0.0005510 seconds, Stopping threads took: 0.0000520 seconds
175.976: Application time: 0.0293510 seconds
175.976: [GC [PSYoungGen: 7134K->512K(7680K)] 21973K->15350K(25088K), 0.0003250 secs] [Times: user=0.01 sys=0.00, real=0.00 secs] 
175.977: Total time for which application threads were stopped: 0.0004230 seconds, Stopping threads took: 0.0000510 seconds
176.006: Application time: 0.0292870 seconds
176.006: [GC [PSYoungGen: 7166K->544K(7680K)] 22005K->15382K(25088K), 0.0003390 secs] [Times: user=0.00 sys=0.00, real=0.00 secs] 
176.006: Total time for which application threads were stopped: 0.0004510 seconds, Stopping threads took: 0.0000540 seconds
176.036: Application time: 0.0296950 seconds
176.036: [GC [PSYoungGen: 7196K->512K(7680K)] 22034K->15350K(25088K), 0.0003260 secs] [Times: user=0.00 sys=0.00, real=0.00 secs] 
176.037: Total time for which application threads were stopped: 0.0004300 seconds, Stopping threads took: 0.0000550 seconds
176.066: Application time: 0.0293100 seconds
176.066: [GC [PSYoungGen: 7166K->512K(7680K)] 22005K->15350K(25088K), 0.0003360 secs] [Times: user=0.00 sys=0.00, real=0.00 secs] 
176.066: Total time for which application threads were stopped: 0.0004200 seconds, Stopping threads took: 0.0000330 seconds
176.088: Application time: 0.0213020 seconds
176.088: [GC [PSYoungGen: 7166K->736K(7680K)] 22004K->15574K(25088K), 0.0003450 secs] [Times: user=0.00 sys=0.00, real=0.00 secs] 
176.088: Total time for which application threads were stopped: 0.0004350 seconds, Stopping threads took: 0.0000420 seconds
176.109: Application time: 0.0213850 seconds
176.110: [GC [PSYoungGen: 7389K->672K(7680K)] 22227K->15510K(25088K), 0.0004000 secs] [Times: user=0.00 sys=0.00, real=0.00 secs] 
176.110: Total time for which application threads were stopped: 0.0004880 seconds, Stopping threads took: 0.0000360 seconds
176.134: Application time: 0.0242410 seconds
176.134: [GC [PSYoungGen: 7326K->800K(7680K)] 22164K->15638K(25088K), 0.0003670 secs] [Times: user=0.00 sys=0.00, real=0.00 secs] 
176.135: Total time for which application threads were stopped: 0.0004830 seconds, Stopping threads took: 0.0000540 seconds
176.162: Application time: 0.0276830 seconds
176.162: [GC [PSYoungGen: 7452K->736K(7680K)] 22291K->15574K(25088K), 0.0004280 secs] [Times: user=0.00 sys=0.00, real=0.00 secs] 
176.163: Total time for which application threads were stopped: 0.0005410 seconds, Stopping threads took: 0.0000590 seconds
176.191: Application time: 0.0280940 seconds
176.191: [GC [PSYoungGen: 7389K->896K(7680K)] 22228K->15734K(25088K), 0.0004680 secs] [Times: user=0.00 sys=0.00, real=0.00 secs] 
176.192: Total time for which application threads were stopped: 0.0005680 seconds, Stopping threads took: 0.0000470 seconds
176.220: Application time: 0.0281020 seconds
176.220: [GC [PSYoungGen: 7551K->784K(7680K)] 22389K->15622K(25088K), 0.0003860 secs] [Times: user=0.00 sys=0.00, real=0.00 secs] 
176.220: Total time for which application threads were stopped: 0.0004780 seconds, Stopping threads took: 0.0000420 seconds
176.237: Application time: 0.0173240 seconds
176.238: [GC [PSYoungGen: 7437K->992K(7680K)] 22276K->15974K(25088K), 0.0005020 secs] [Times: user=0.00 sys=0.00, real=0.00 secs] 
176.238: Total time for which application threads were stopped: 0.0006090 seconds, Stopping threads took: 0.0000520 seconds
176.254: Application time: 0.0160150 seconds
176.254: [GC [PSYoungGen: 7646K->992K(7680K)] 22629K->16018K(25088K), 0.0004290 secs] [Times: user=0.00 sys=0.00, real=0.00 secs] 
176.255: Total time for which application threads were stopped: 0.0005360 seconds, Stopping threads took: 0.0000520 seconds
176.271: Application time: 0.0162890 seconds
176.271: [GC [PSYoungGen: 7644K->1008K(7680K)] 22670K->16290K(25088K), 0.0004650 secs] [Times: user=0.00 sys=0.00, real=0.00 secs] 
176.271: Total time for which application threads were stopped: 0.0005620 seconds, Stopping threads took: 0.0000440 seconds
176.299: Application time: 0.0272510 seconds
176.299: [GC [PSYoungGen: 7660K->1008K(7680K)] 22942K->16298K(25088K), 0.0004630 secs] [Times: user=0.00 sys=0.00, real=0.00 secs] 
176.299: Total time for which application threads were stopped: 0.0005620 seconds, Stopping threads took: 0.0000450 seconds
176.328: Application time: 0.0283000 seconds
176.328: [GC [PSYoungGen: 7662K->976K(7680K)] 22952K->16266K(25088K), 0.0004520 secs] [Times: user=0.00 sys=0.00, real=0.00 secs] 
176.328: Total time for which application threads were stopped: 0.0005490 seconds, Stopping threads took: 0.0000450 seconds
176.349: Application time: 0.0204330 seconds
176.349: [GC [PSYoungGen: 7631K->1008K(7680K)] 22922K->16618K(25088K), 0.0005030 secs] [Times: user=0.00 sys=0.00, real=0.00 secs] 
176.349: Total time for which application threads were stopped: 0.0006080 seconds, Stopping threads took: 0.0000490 seconds
176.368: Application time: 0.0184690 seconds
176.368: [GC [PSYoungGen: 7661K->1008K(7680K)] 23271K->16838K(25088K), 0.0005030 secs] [Times: user=0.01 sys=0.00, real=0.00 secs] 
176.368: Total time for which application threads were stopped: 0.0006090 seconds, Stopping threads took: 0.0000500 seconds
176.384: Application time: 0.0157000 seconds
176.384: [GC [PSYoungGen: 7663K->1008K(7680K)] 23493K->17035K(25088K), 0.0004650 secs] [Times: user=0.00 sys=0.00, real=0.00 secs] 
176.385: Total time for which application threads were stopped: 0.0005650 seconds, Stopping threads took: 0.0000450 seconds
176.405: Application time: 0.0206640 seconds
176.405: [GC [PSYoungGen: 7661K->1008K(7680K)] 23689K->17059K(25088K), 0.0004410 secs] [Times: user=0.00 sys=0.00, real=0.00 secs] 
176.406: Total time for which application threads were stopped: 0.0005440 seconds, Stopping threads took: 0.0000510 seconds
176.428: Application time: 0.0225090 seconds
176.428: [GC [PSYoungGen: 7662K->1008K(7680K)] 23713K->17431K(25088K), 0.0005060 secs] [Times: user=0.00 sys=0.00, real=0.00 secs] 
176.429: Total time for which application threads were stopped: 0.0006120 seconds, Stopping threads took: 0.0000520 seconds
176.449: Application time: 0.0197980 seconds
176.449: [GC [PSYoungGen: 7660K->1008K(7680K)] 24084K->17431K(25088K), 0.0005070 secs] [Times: user=0.00 sys=0.00, real=0.00 secs] 
176.449: Total time for which application threads were stopped: 0.0006060 seconds, Stopping threads took: 0.0000430 seconds
176.470: Application time: 0.0208900 seconds
176.470: [GC [PSYoungGen: 7661K->992K(7680K)] 24084K->17503K(25088K), 0.0004590 secs] [Times: user=0.01 sys=0.00, real=0.00 secs] 
176.471: Total time for which application threads were stopped: 0.0005710 seconds, Stopping threads took: 0.0000490 seconds
176.499: Application time: 0.0280550 seconds
176.499: [GC [PSYoungGen: 7646K->1008K(7680K)] 24157K->17692K(25088K), 0.0004810 secs] [Times: user=0.00 sys=0.00, real=0.00 secs] 
176.499: Total time for which application threads were stopped: 0.0005980 seconds, Stopping threads took: 0.0000620 seconds
176.527: Application time: 0.0273850 seconds
176.527: [GC [PSYoungGen: 7659K->1008K(7680K)] 24343K->17988K(25088K), 0.0006290 secs] [Times: user=0.01 sys=0.00, real=0.00 secs] 
176.528: Total time for which application threads were stopped: 0.0007470 seconds, Stopping threads took: 0.0000560 seconds
176.555: Application time: 0.0276410 seconds
176.555: [GC [PSYoungGen: 7662K->1008K(7680K)] 24642K->18132K(25088K), 0.0004750 secs] [Times: user=0.00 sys=0.00, real=0.00 secs] 
176.556: [Full GC [PSYoungGen: 1008K->0K(7680K)] [ParOldGen: 17124K->3774K(17408K)] 18132K->3774K(25088K) [PSPermGen: 5573K->5573K(21504K)], 0.0064350 secs] [Times: user=0.03 sys=0.00, real=0.01 secs] 
176.562: Total time for which application threads were stopped: 0.0070680 seconds, Stopping threads took: 0.0000600 seconds
176.591: Application time: 0.0287910 seconds
176.591: [GC [PSYoungGen: 6654K->0K(7680K)] 10429K->3774K(25088K), 0.0003370 secs] [Times: user=0.00 sys=0.00, real=0.00 secs] 
176.592: Total time for which application threads were stopped: 0.0004500 seconds, Stopping threads took: 0.0000550 seconds
176.621: Application time: 0.0290710 seconds
176.621: [GC [PSYoungGen: 6654K->0K(7680K)] 10429K->3774K(25088K), 0.0003110 secs] [Times: user=0.00 sys=0.00, real=0.00 secs] 
176.621: Total time for which application threads were stopped: 0.0004160 seconds, Stopping threads took: 0.0000480 seconds
176.650: Application time: 0.0287560 seconds
176.650: [GC [PSYoungGen: 6654K->0K(7680K)] 10429K->3774K(25088K), 0.0002890 secs] [Times: user=0.00 sys=0.00, real=0.00 secs] 
176.650: Total time for which application threads were stopped: 0.0004030 seconds, Stopping threads took: 0.0000600 seconds
176.676: Application time: 0.0254720 seconds
176.676: [GC [PSYoungGen: 6653K->576K(7680K)] 10427K->4350K(25088K), 0.0003450 secs] [Times: user=0.00 sys=0.00, real=0.00 secs] 
176.676: Total time for which application threads were stopped: 0.0004420 seconds, Stopping threads took: 0.0000420 seconds
176.705: Application time: 0.0289750 seconds
176.707: [GC [PSYoungGen: 7228K->544K(7680K)] 11002K->4318K(25088K), 0.0003650 secs] [Times: user=0.01 sys=0.00, real=0.00 secs] 
176.707: Total time for which application threads were stopped: 0.0021590 seconds, Stopping threads took: 0.0017420 seconds
176.736: Application time: 0.0288610 seconds
176.736: [GC [PSYoungGen: 7198K->544K(7680K)] 10973K->4318K(25088K), 0.0003460 secs] [Times: user=0.00 sys=0.00, real=0.00 secs] 
176.737: Total time for which application threads were stopped: 0.0004500 seconds, Stopping threads took: 0.0000540 seconds
176.766: Application time: 0.0289810 seconds
176.766: [GC [PSYoungGen: 7198K->512K(7680K)] 10973K->4286K(25088K), 0.0002980 secs] [Times: user=0.00 sys=0.00, real=0.00 secs] 
176.766: Total time for which application threads were stopped: 0.0003980 seconds, Stopping threads took: 0.0000490 seconds
176.793: Application time: 0.0273820 seconds
176.793: [GC [PSYoungGen: 7166K->768K(7680K)] 10940K->4542K(25088K), 0.0003440 secs] [Times: user=0.00 sys=0.00, real=0.00 secs] 
176.794: Total time for which application threads were stopped: 0.0004530 seconds, Stopping threads took: 0.0000570 seconds
176.822: Application time: 0.0283620 seconds
176.822: [GC [PSYoungGen: 7420K->864K(7680K)] 11194K->4638K(25088K), 0.0003990 secs] [Times: user=0.01 sys=0.00, real=0.00 secs] 
176.823: Total time for which application threads were stopped: 0.0005070 seconds, Stopping threads took: 0.0000530 seconds
176.851: Application time: 0.0280900 seconds
176.851: [GC [PSYoungGen: 7519K->928K(7680K)] 11293K->4702K(25088K), 0.0003960 secs] [Times: user=0.00 sys=0.00, real=0.00 secs] 
176.851: Total time for which application threads were stopped: 0.0005050 seconds, Stopping threads took: 0.0000540 seconds
176.879: Application time: 0.0281370 seconds
176.879: [GC [PSYoungGen: 7580K->992K(7680K)] 11355K->4798K(25088K), 0.0004610 secs] [Times: user=0.00 sys=0.00, real=0.00 secs] 
176.880: Total time for which application threads were stopped: 0.0005620 seconds, Stopping threads took: 0.0000480 seconds
176.909: Application time: 0.0294530 seconds
176.909: [GC [PSYoungGen: 7644K->928K(7680K)] 11450K->4862K(25088K), 0.0004260 secs] [Times: user=0.00 sys=0.00, real=0.00 secs] 
176.910: Total time for which application threads were stopped: 0.0005210 seconds, Stopping threads took: 0.0000430 seconds
176.939: Application time: 0.0295150 seconds
176.939: [GC [PSYoungGen: 7582K->928K(7680K)] 11517K->4990K(25088K), 0.0003940 secs] [Times: user=0.00 sys=0.00, real=0.00 secs] 
176.940: Total time for which application threads were stopped: 0.0005000 seconds, Stopping threads took: 0.0000550 seconds
176.969: Application time: 0.0294890 seconds
176.969: [GC [PSYoungGen: 7582K->800K(7680K)] 11645K->4862K(25088K), 0.0003610 secs] [Times: user=0.00 sys=0.00, real=0.00 secs] 
176.970: Total time for which application threads were stopped: 0.0004540 seconds, Stopping threads took: 0.0000400 seconds
177.000: Application time: 0.0297690 seconds
177.000: [GC [PSYoungGen: 7454K->736K(7680K)] 11517K->4798K(25088K), 0.0004230 secs] [Times: user=0.01 sys=0.00, real=0.00 secs] 
177.000: Total time for which application threads were stopped: 0.0005210 seconds, Stopping threads took: 0.0000450 seconds
177.030: Application time: 0.0294630 seconds
177.030: [GC [PSYoungGen: 7390K->768K(7680K)] 11453K->4830K(25088K), 0.0003710 secs] [Times: user=0.00 sys=0.00, real=0.00 secs] 
177.030: Total time for which application threads were stopped: 0.0004750 seconds, Stopping threads took: 0.0000450 seconds
177.060: Application time: 0.0296720 seconds
177.060: [GC [PSYoungGen: 7422K->832K(7680K)] 11485K->4894K(25088K), 0.0003520 secs] [Times: user=0.00 sys=0.00, real=0.00 secs] 
177.060: Total time for which application threads were stopped: 0.0004510 seconds, Stopping threads took: 0.0000500 seconds
177.091: Application time: 0.0306760 seconds
177.091: [GC [PSYoungGen: 7486K->800K(7680K)] 11549K->4862K(25088K), 0.0003550 secs] [Times: user=0.00 sys=0.00, real=0.00 secs] 
177.091: Total time for which application threads were stopped: 0.0004510 seconds, Stopping threads took: 0.0000450 seconds
177.121: Application time: 0.0296050 seconds
177.121: [GC [PSYoungGen: 7454K->512K(7680K)] 11517K->4847K(25088K), 0.0004440 secs] [Times: user=0.00 sys=0.00, real=0.00 secs] 
177.121: Total time for which application threads were stopped: 0.0005440 seconds, Stopping threads took: 0.0000470 seconds
177.151: Application time: 0.0296960 seconds
177.151: [GC [PSYoungGen: 7166K->544K(7680K)] 11502K->4879K(25088K), 0.0003320 secs] [Times: user=0.01 sys=0.00, real=0.00 secs] 
177.152: Total time for which application threads were stopped: 0.0004200 seconds, Stopping threads took: 0.0000370 seconds
177.181: Application time: 0.0295780 seconds
177.181: [GC [PSYoungGen: 7198K->736K(7680K)] 11534K->5071K(25088K), 0.0003550 secs] [Times: user=0.00 sys=0.00, real=0.00 secs] 
177.182: Total time for which application threads were stopped: 0.0004550 seconds, Stopping threads took: 0.0000510 seconds
177.212: Application time: 0.0306040 seconds
177.212: [GC [PSYoungGen: 7390K->512K(7680K)] 11726K->4847K(25088K), 0.0004210 secs] [Times: user=0.00 sys=0.00, real=0.00 secs] 
177.213: Total time for which application threads were stopped: 0.0005220 seconds, Stopping threads took: 0.0000480 seconds
177.243: Application time: 0.0301650 seconds
177.243: [GC [PSYoungGen: 7166K->512K(7680K)] 11502K->4932K(25088K), 0.0004180 secs] [Times: user=0.00 sys=0.00, real=0.00 secs] 
177.243: Total time for which application threads were stopped: 0.0005130 seconds, Stopping threads took: 0.0000450 seconds
177.273: Application time: 0.0296910 seconds
177.273: [GC [PSYoungGen: 7166K->544K(7680K)] 11586K->4964K(25088K), 0.0003230 secs] [Times: user=0.00 sys=0.00, real=0.00 secs] 
177.274: Total time for which application threads were stopped: 0.0004120 seconds, Stopping threads took: 0.0000380 seconds
177.303: Application time: 0.0296830 seconds
177.303: [GC [PSYoungGen: 7198K->320K(7680K)] 11618K->4952K(25088K), 0.0003250 secs] [Times: user=0.00 sys=0.00, real=0.00 secs] 
177.304: Total time for which application threads were stopped: 0.0004090 seconds, Stopping threads took: 0.0000380 seconds
177.333: Application time: 0.0294200 seconds
177.333: [GC [PSYoungGen: 6974K->0K(7680K)] 11607K->4848K(25088K), 0.0003580 secs] [Times: user=0.01 sys=0.00, real=0.00 secs] 
177.334: Total time for which application threads were stopped: 0.0004490 seconds, Stopping threads took: 0.0000430 seconds
177.363: Application time: 0.0294080 seconds
177.363: [GC [PSYoungGen: 6654K->0K(7680K)] 11503K->4848K(25088K), 0.0002990 secs] [Times: user=0.00 sys=0.00, real=0.00 secs] 
177.363: Total time for which application threads were stopped: 0.0003940 seconds, Stopping threads took: 0.0000500 seconds
177.393: Application time: 0.0294470 seconds
177.393: [GC [PSYoungGen: 6654K->0K(7680K)] 11503K->4848K(25088K), 0.0002840 secs] [Times: user=0.00 sys=0.00, real=0.00 secs] 
177.393: Total time for which application threads were stopped: 0.0003710 seconds, Stopping threads took: 0.0000380 seconds
177.423: Application time: 0.0294210 seconds
177.423: [GC [PSYoungGen: 6654K->0K(7680K)] 11503K->4848K(25088K), 0.0003040 secs] [Times: user=0.00 sys=0.00, real=0.00 secs] 
177.423: Total time for which application threads were stopped: 0.0003940 seconds, Stopping threads took: 0.0000440 seconds
177.444: Application time: 0.0208390 seconds
177.444: [GC [PSYoungGen: 6652K->384K(7680K)] 11500K->5232K(25088K), 0.0003210 secs] [Times: user=0.00 sys=0.00, real=0.00 secs] 
177.444: Total time for which application threads were stopped: 0.0004220 seconds, Stopping threads took: 0.0000490 seconds
177.465: Application time: 0.0211260 seconds
177.465: [GC [PSYoungGen: 7037K->256K(7680K)] 11885K->5104K(25088K), 0.0003440 secs] [Times: user=0.00 sys=0.00, real=0.00 secs] 
177.466: Total time for which application threads were stopped: 0.0004360 seconds, Stopping threads took: 0.0000440 seconds
177.492: Application time: 0.0260090 seconds
177.492: [GC [PSYoungGen: 6908K->384K(7680K)] 11756K->5232K(25088K), 0.0003200 secs] [Times: user=0.00 sys=0.00, real=0.00 secs] 
177.492: Total time for which application threads were stopped: 0.0004270 seconds, Stopping threads took: 0.0000570 seconds
177.521: Application time: 0.0289540 seconds
177.521: [GC [PSYoungGen: 7036K->352K(7680K)] 11884K->5200K(25088K), 0.0003130 secs] [Times: user=0.00 sys=0.00, real=0.00 secs] 
177.522: Total time for which application threads were stopped: 0.0003920 seconds, Stopping threads took: 0.0000270 seconds
177.545: Application time: 0.0231580 seconds
177.545: [GC [PSYoungGen: 7005K->352K(7680K)] 11854K->5200K(25088K), 0.0003490 secs] [Times: user=0.00 sys=0.00, real=0.00 secs] 
177.545: Total time for which application threads were stopped: 0.0004680 seconds, Stopping threads took: 0.0000610 seconds
177.566: Application time: 0.0205360 seconds
177.566: [GC [PSYoungGen: 7004K->512K(7680K)] 11853K->5360K(25088K), 0.0003510 secs] [Times: user=0.01 sys=0.00, real=0.00 secs] 
177.566: Total time for which application threads were stopped: 0.0004410 seconds, Stopping threads took: 0.0000410 seconds
177.589: Application time: 0.0231700 seconds
177.589: [GC [PSYoungGen: 7163K->544K(7680K)] 12012K->5392K(25088K), 0.0003800 secs] [Times: user=0.00 sys=0.00, real=0.00 secs] 
177.590: Total time for which application threads were stopped: 0.0004890 seconds, Stopping threads took: 0.0000460 seconds
177.619: Application time: 0.0292890 seconds
177.619: [GC [PSYoungGen: 7196K->448K(7680K)] 12044K->5296K(25088K), 0.0004520 secs] [Times: user=0.01 sys=0.00, real=0.00 secs] 
177.620: Total time for which application threads were stopped: 0.0005760 seconds, Stopping threads took: 0.0000630 seconds
177.648: Application time: 0.0281140 seconds
177.648: [GC [PSYoungGen: 7100K->576K(7680K)] 11948K->5424K(25088K), 0.0003290 secs] [Times: user=0.00 sys=0.00, real=0.00 secs] 
177.648: Total time for which application threads were stopped: 0.0004260 seconds, Stopping threads took: 0.0000410 seconds
177.678: Application time: 0.0292680 seconds
177.678: [GC [PSYoungGen: 7230K->512K(7680K)] 12079K->5360K(25088K), 0.0003310 secs] [Times: user=0.00 sys=0.00, real=0.00 secs] 
177.678: Total time for which application threads were stopped: 0.0004230 seconds, Stopping threads took: 0.0000430 seconds
177.707: Application time: 0.0293450 seconds
177.707: [GC [PSYoungGen: 7166K->512K(7680K)] 12015K->5360K(25088K), 0.0003220 secs] [Times: user=0.00 sys=0.00, real=0.00 secs] 
177.708: Total time for which application threads were stopped: 0.0004260 seconds, Stopping threads took: 0.0000510 seconds
177.737: Application time: 0.0291970 seconds
177.737: [GC [PSYoungGen: 7166K->512K(7680K)] 12015K->5360K(25088K), 0.0003100 secs] [Times: user=0.00 sys=0.00, real=0.00 secs] 
177.737: Total time for which application threads were stopped: 0.0004110 seconds, Stopping threads took: 0.0000500 seconds
177.767: Application time: 0.0292260 seconds
177.767: [GC [PSYoungGen: 7166K->512K(7680K)] 12015K->5360K(25088K), 0.0003200 secs] [Times: user=0.00 sys=0.00, real=0.01 secs] 
177.767: Total time for which application threads were stopped: 0.0004210 seconds, Stopping threads took: 0.0000520 seconds
177.796: Application time: 0.0292180 seconds
177.796: [GC [PSYoungGen: 7166K->512K(7680K)] 12015K->5360K(25088K), 0.0002990 secs] [Times: user=0.00 sys=0.00, real=0.00 secs] 
177.797: Total time for which application threads were stopped: 0.0003950 seconds, Stopping threads took: 0.0000470 seconds
177.818: Application time: 0.0211370 seconds
177.818: [GC [PSYoungGen: 7166K->736K(7680K)] 12014K->5584K(25088K), 0.0003660 secs] [Times: user=0.00 sys=0.00, real=0.00 secs] 
177.818: Total time for which application threads were stopped: 0.0004790 seconds, Stopping threads took: 0.0000610 seconds
177.840: Application time: 0.0214730 seconds
177.840: [GC [PSYoungGen: 7389K->704K(7680K)] 12237K->5552K(25088K), 0.0003450 secs] [Times: user=0.01 sys=0.00, real=0.00 secs] 
177.840: Total time for which application threads were stopped: 0.0004450 seconds, Stopping threads took: 0.0000500 seconds
177.864: Application time: 0.0241010 seconds
177.864: [GC [PSYoungGen: 7357K->768K(7680K)] 12206K->5616K(25088K), 0.0003660 secs] [Times: user=0.00 sys=0.00, real=0.00 secs] 
177.865: Total time for which application threads were stopped: 0.0004580 seconds, Stopping threads took: 0.0000410 seconds
177.892: Application time: 0.0275810 seconds
177.895: [GC [PSYoungGen: 7420K->800K(7680K)] 12269K->5648K(25088K), 0.0003840 secs] [Times: user=0.00 sys=0.00, real=0.00 secs] 
177.895: Total time for which application threads were stopped: 0.0029170 seconds, Stopping threads took: 0.0024820 seconds
177.923: Application time: 0.0281460 seconds
177.923: [GC [PSYoungGen: 7453K->736K(7680K)] 12302K->5584K(25088K), 0.0003990 secs] [Times: user=0.01 sys=0.00, real=0.00 secs] 
177.924: Total time for which application threads were stopped: 0.0004980 seconds, Stopping threads took: 0.0000470 seconds
177.951: Application time: 0.0267540 seconds
177.951: [GC [PSYoungGen: 7387K->960K(7680K)] 12236K->5808K(25088K), 0.0003950 secs] [Times: user=0.00 sys=0.00, real=0.00 secs] 
177.951: Total time for which application threads were stopped: 0.0004860 seconds, Stopping threads took: 0.0000410 seconds
177.967: Application time: 0.0160230 seconds
177.967: [GC [PSYoungGen: 7615K->1008K(7680K)] 12464K->6044K(25088K), 0.0004580 secs] [Times: user=0.00 sys=0.00, real=0.00 secs] 
177.968: Total time for which application threads were stopped: 0.0005580 seconds, Stopping threads took: 0.0000360 seconds
177.983: Application time: 0.0156280 seconds
177.983: [GC [PSYoungGen: 7662K->992K(7680K)] 12699K->6044K(25088K), 0.0004710 secs] [Times: user=0.00 sys=0.00, real=0.00 secs] 
177.984: Total time for which application threads were stopped: 0.0005690 seconds, Stopping threads took: 0.0000460 seconds
178.002: Application time: 0.0180860 seconds
178.002: [GC [PSYoungGen: 7646K->960K(7680K)] 12699K->6268K(25088K), 0.0004490 secs] [Times: user=0.00 sys=0.00, real=0.00 secs] 
178.003: Total time for which application threads were stopped: 0.0005430 seconds, Stopping threads took: 0.0000420 seconds
178.030: Application time: 0.0274580 seconds
178.030: [GC [PSYoungGen: 7614K->944K(7680K)] 12923K->6380K(25088K), 0.0004840 secs] [Times: user=0.00 sys=0.00, real=0.00 secs] 
178.031: Total time for which application threads were stopped: 0.0005940 seconds, Stopping threads took: 0.0000550 seconds
178.059: Application time: 0.0282060 seconds
178.059: [GC [PSYoungGen: 7598K->928K(7680K)] 13035K->6364K(25088K), 0.0003950 secs] [Times: user=0.00 sys=0.00, real=0.00 secs] 
178.059: Total time for which application threads were stopped: 0.0005030 seconds, Stopping threads took: 0.0000470 seconds
178.085: Application time: 0.0253200 seconds
178.085: [GC [PSYoungGen: 7579K->992K(7680K)] 13016K->6732K(25088K), 0.0004850 secs] [Times: user=0.00 sys=0.00, real=0.00 secs] 
178.085: Total time for which application threads were stopped: 0.0006090 seconds, Stopping threads took: 0.0000670 seconds
178.105: Application time: 0.0201860 seconds
178.105: [GC [PSYoungGen: 7647K->992K(7680K)] 13387K->6860K(25088K), 0.0004550 secs] [Times: user=0.00 sys=0.00, real=0.00 secs] 
178.106: Total time for which application threads were stopped: 0.0005380 seconds, Stopping threads took: 0.0000300 seconds
178.122: Application time: 0.0158580 seconds
178.122: [GC [PSYoungGen: 7645K->1008K(7680K)] 13513K->6976K(25088K), 0.0004560 secs] [Times: user=0.00 sys=0.00, real=0.00 secs] 
178.122: Total time for which application threads were stopped: 0.0005530 seconds, Stopping threads took: 0.0000460 seconds
178.141: Application time: 0.0182950 seconds
178.141: [GC [PSYoungGen: 7660K->1008K(7680K)] 13629K->7144K(25088K), 0.0004700 secs] [Times: user=0.00 sys=0.00, real=0.00 secs] 
178.141: Total time for which application threads were stopped: 0.0005730 seconds, Stopping threads took: 0.0000490 seconds
178.163: Application time: 0.0215900 seconds
178.163: [GC [PSYoungGen: 7663K->1008K(7680K)] 13800K->7317K(25088K), 0.0004810 secs] [Times: user=0.00 sys=0.00, real=0.00 secs] 
178.163: Total time for which application threads were stopped: 0.0005880 seconds, Stopping threads took: 0.0000540 seconds
178.183: Application time: 0.0199100 seconds
178.183: [GC [PSYoungGen: 7662K->992K(7680K)] 13972K->7429K(25088K), 0.0004830 secs] [Times: user=0.00 sys=0.00, real=0.00 secs] 
178.184: Total time for which application threads were stopped: 0.0005750 seconds, Stopping threads took: 0.0000410 seconds
178.205: Application time: 0.0208980 seconds
178.205: [GC [PSYoungGen: 7647K->1008K(7680K)] 14084K->7501K(25088K), 0.0004910 secs] [Times: user=0.01 sys=0.00, real=0.00 secs] 
178.205: Total time for which application threads were stopped: 0.0005890 seconds, Stopping threads took: 0.0000450 seconds
178.230: Application time: 0.0242080 seconds
178.230: [GC [PSYoungGen: 7661K->1008K(7680K)] 14155K->7906K(25088K), 0.0005360 secs] [Times: user=0.00 sys=0.00, real=0.00 secs] 
178.230: Total time for which application threads were stopped: 0.0006390 seconds, Stopping threads took: 0.0000480 seconds
178.257: Application time: 0.0268330 seconds
178.257: [GC [PSYoungGen: 7661K->992K(7680K)] 14559K->8074K(25088K), 0.0005030 secs] [Times: user=0.01 sys=0.00, real=0.00 secs] 
178.258: Total time for which application threads were stopped: 0.0006040 seconds, Stopping threads took: 0.0000470 seconds
178.285: Application time: 0.0276090 seconds
178.287: [GC [PSYoungGen: 7644K->1008K(7680K)] 14726K->8258K(25088K), 0.0005190 secs] [Times: user=0.00 sys=0.00, real=0.00 secs] 
178.287: Total time for which application threads were stopped: 0.0020940 seconds, Stopping threads took: 0.0015200 seconds
178.316: Application time: 0.0291020 seconds
178.317: [GC [PSYoungGen: 7660K->992K(7680K)] 14910K->8322K(25088K), 0.0004120 secs] [Times: user=0.01 sys=0.00, real=0.00 secs] 
178.317: Total time for which application threads were stopped: 0.0005060 seconds, Stopping threads took: 0.0000370 seconds
178.346: Application time: 0.0288690 seconds
178.346: [GC [PSYoungGen: 7646K->992K(7680K)] 14977K->8354K(25088K), 0.0004130 secs] [Times: user=0.00 sys=0.00, real=0.00 secs] 
178.346: Total time for which application threads were stopped: 0.0005130 seconds, Stopping threads took: 0.0000490 seconds
178.375: Application time: 0.0288810 seconds
178.375: [GC [PSYoungGen: 7646K->992K(7680K)] 15009K->8362K(25088K), 0.0004170 secs] [Times: user=0.00 sys=0.00, real=0.00 secs] 
178.376: Total time for which application threads were stopped: 0.0005090 seconds, Stopping threads took: 0.0000390 seconds
178.401: Application time: 0.0256150 seconds
178.401: [GC [PSYoungGen: 7644K->992K(7680K)] 15015K->8698K(25088K), 0.0004950 secs] [Times: user=0.00 sys=0.00, real=0.00 secs] 
178.402: Total time for which application threads were stopped: 0.0005980 seconds, Stopping threads took: 0.0000530 seconds
178.431: Application time: 0.0289720 seconds
178.431: [GC [PSYoungGen: 7646K->960K(7680K)] 15353K->8794K(25088K), 0.0004420 secs] [Times: user=0.00 sys=0.00, real=0.00 secs] 
178.431: Total time for which application threads were stopped: 0.0005380 seconds, Stopping threads took: 0.0000410 seconds
178.460: Application time: 0.0289190 seconds
178.461: [GC [PSYoungGen: 7614K->960K(7680K)] 15449K->8842K(25088K), 0.0004170 secs] [Times: user=0.00 sys=0.00, real=0.00 secs] 
178.461: Total time for which application threads were stopped: 0.0005310 seconds, Stopping threads took: 0.0000620 seconds
178.490: Application time: 0.0290090 seconds
178.490: [GC [PSYoungGen: 7614K->928K(7680K)] 15497K->8826K(25088K), 0.0003880 secs] [Times: user=0.00 sys=0.00, real=0.00 secs] 
178.490: Total time for which application threads were stopped: 0.0004790 seconds, Stopping threads took: 0.0000420 seconds
178.519: Application time: 0.0282650 seconds
178.519: [GC [PSYoungGen: 7582K->992K(7680K)] 15481K->9026K(25088K), 0.0004630 secs] [Times: user=0.01 sys=0.00, real=0.00 secs] 
178.519: Total time for which application threads were stopped: 0.0005520 seconds, Stopping threads took: 0.0000330 seconds
178.546: Application time: 0.0269850 seconds
178.546: [GC [PSYoungGen: 7610K->832K(7680K)] 15645K->8930K(25088K), 0.0004700 secs] [Times: user=0.00 sys=0.00, real=0.01 secs] 
178.547: Total time for which application threads were stopped: 0.0005860 seconds, Stopping threads took: 0.0000610 seconds
178.575: Application time: 0.0286420 seconds
178.576: [GC [PSYoungGen: 7485K->928K(7680K)] 15584K->9042K(25088K), 0.0004710 secs] [Times: user=0.00 sys=0.00, real=0.00 secs] 
178.576: Total time for which application threads were stopped: 0.0005850 seconds, Stopping threads took: 0.0000510 seconds
178.604: Application time: 0.0274990 seconds
178.604: [GC [PSYoungGen: 7582K->992K(7680K)] 15696K->9130K(25088K), 0.0004500 secs] [Times: user=0.00 sys=0.00, real=0.00 secs] 
178.604: Total time for which application threads were stopped: 0.0005630 seconds, Stopping threads took: 0.0000600 seconds
178.634: Application time: 0.0294710 seconds
178.634: [GC [PSYoungGen: 7646K->992K(7680K)] 15785K->9178K(25088K), 0.0004620 secs] [Times: user=0.00 sys=0.00, real=0.00 secs] 
178.634: Total time for which application threads were stopped: 0.0005720 seconds, Stopping threads took: 0.0000510 seconds
178.664: Application time: 0.0295970 seconds
178.664: [GC [PSYoungGen: 7646K->960K(7680K)] 15833K->9226K(25088K), 0.0004110 secs] [Times: user=0.01 sys=0.00, real=0.00 secs] 
178.664: Total time for which application threads were stopped: 0.0005370 seconds, Stopping threads took: 0.0000690 seconds
178.694: Application time: 0.0296400 seconds
178.694: [GC [PSYoungGen: 7612K->960K(7680K)] 15879K->9311K(25088K), 0.0003880 secs] [Times: user=0.00 sys=0.00, real=0.00 secs] 
178.694: Total time for which application threads were stopped: 0.0004940 seconds, Stopping threads took: 0.0000530 seconds
178.725: Application time: 0.0307790 seconds
178.725: [GC [PSYoungGen: 7612K->864K(7680K)] 15963K->9223K(25088K), 0.0005130 secs] [Times: user=0.00 sys=0.00, real=0.00 secs] 
178.726: Total time for which application threads were stopped: 0.0006170 seconds, Stopping threads took: 0.0000480 seconds
178.755: Application time: 0.0295070 seconds
178.755: [GC [PSYoungGen: 7518K->928K(7680K)] 15878K->9287K(25088K), 0.0004220 secs] [Times: user=0.01 sys=0.00, real=0.00 secs] 
178.756: Total time for which application threads were stopped: 0.0005160 seconds, Stopping threads took: 0.0000420 seconds
178.785: Application time: 0.0296250 seconds
178.786: [GC [PSYoungGen: 7582K->896K(7680K)] 15942K->9255K(25088K), 0.0003680 secs] [Times: user=0.00 sys=0.00, real=0.00 secs] 
178.786: Total time for which application threads were stopped: 0.0004600 seconds, Stopping threads took: 0.0000410 seconds
178.816: Application time: 0.0296680 seconds
178.816: [GC [PSYoungGen: 7550K->864K(7680K)] 15910K->9223K(25088K), 0.0004600 secs] [Times: user=0.00 sys=0.00, real=0.00 secs] 
178.816: Total time for which application threads were stopped: 0.0005620 seconds, Stopping threads took: 0.0000510 seconds
178.846: Application time: 0.0294230 seconds
178.846: [GC [PSYoungGen: 7518K->640K(7680K)] 15878K->9232K(25088K), 0.0004360 secs] [Times: user=0.00 sys=0.00, real=0.00 secs] 
178.846: Total time for which application threads were stopped: 0.0005390 seconds, Stopping threads took: 0.0000510 seconds
178.876: Application time: 0.0295380 seconds
178.876: [GC [PSYoungGen: 7294K->672K(7680K)] 15887K->9264K(25088K), 0.0003550 secs] [Times: user=0.00 sys=0.00, real=0.00 secs] 
178.876: Total time for which application threads were stopped: 0.0004520 seconds, Stopping threads took: 0.0000450 seconds
178.906: Application time: 0.0296030 seconds
178.907: [GC [PSYoungGen: 7326K->832K(7680K)] 15919K->9424K(25088K), 0.0003770 secs] [Times: user=0.00 sys=0.00, real=0.00 secs] 
178.907: Total time for which application threads were stopped: 0.0014740 seconds, Stopping threads took: 0.0010460 seconds
178.937: Application time: 0.0298660 seconds
178.937: [GC [PSYoungGen: 7486K->640K(7680K)] 16078K->9232K(25088K), 0.0004600 secs] [Times: user=0.00 sys=0.00, real=0.00 secs] 
178.938: Total time for which application threads were stopped: 0.0005650 seconds, Stopping threads took: 0.0000520 seconds
178.967: Application time: 0.0295760 seconds
178.967: [GC [PSYoungGen: 7294K->704K(7680K)] 15887K->9296K(25088K), 0.0003300 secs] [Times: user=0.00 sys=0.00, real=0.00 secs] 
178.968: Total time for which application threads were stopped: 0.0004190 seconds, Stopping threads took: 0.0000390 seconds
178.997: Application time: 0.0295920 seconds
178.997: [GC [PSYoungGen: 7358K->512K(7680K)] 15951K->9381K(25088K), 0.0004230 secs] [Times: user=0.01 sys=0.00, real=0.00 secs] 
178.998: Total time for which application threads were stopped: 0.0005180 seconds, Stopping threads took: 0.0000450 seconds
179.027: Application time: 0.0295110 seconds
179.027: [GC [PSYoungGen: 7166K->352K(7680K)] 16035K->9365K(25088K), 0.0003370 secs] [Times: user=0.00 sys=0.00, real=0.00 secs] 
179.028: Total time for which application threads were stopped: 0.0004400 seconds, Stopping threads took: 0.0000510 seconds
179.057: Application time: 0.0294910 seconds
179.057: [GC [PSYoungGen: 7006K->0K(7680K)] 16019K->9217K(25088K), 0.0003630 secs] [Times: user=0.00 sys=0.00, real=0.00 secs] 
179.058: Total time for which application threads were stopped: 0.0004610 seconds, Stopping threads took: 0.0000500 seconds
179.087: Application time: 0.0294480 seconds
179.087: [GC [PSYoungGen: 6654K->0K(7680K)] 15872K->9217K(25088K), 0.0002960 secs] [Times: user=0.00 sys=0.00, real=0.00 secs] 
179.088: Total time for which application threads were stopped: 0.0004010 seconds, Stopping threads took: 0.0000370 seconds
179.117: Application time: 0.0294670 seconds
179.117: [GC [PSYoungGen: 6654K->0K(7680K)] 15872K->9217K(25088K), 0.0003130 secs] [Times: user=0.00 sys=0.00, real=0.00 secs] 
179.117: Total time for which application threads were stopped: 0.0003940 seconds, Stopping threads took: 0.0000390 seconds
179.147: Application time: 0.0294120 seconds
179.147: [GC [PSYoungGen: 6654K->0K(7680K)] 15872K->9217K(25088K), 0.0003270 secs] [Times: user=0.00 sys=0.00, real=0.00 secs] 
179.147: Total time for which application threads were stopped: 0.0004230 seconds, Stopping threads took: 0.0000480 seconds
179.170: Application time: 0.0230510 seconds
179.170: [GC [PSYoungGen: 6651K->320K(7680K)] 15869K->9537K(25088K), 0.0004010 secs] [Times: user=0.01 sys=0.00, real=0.00 secs] 
179.171: Total time for which application threads were stopped: 0.0005110 seconds, Stopping threads took: 0.0000590 seconds
179.192: Application time: 0.0212660 seconds
179.192: [GC [PSYoungGen: 6975K->352K(7680K)] 16193K->9569K(25088K), 0.0003620 secs] [Times: user=0.00 sys=0.00, real=0.00 secs] 
179.193: Total time for which application threads were stopped: 0.0004530 seconds, Stopping threads took: 0.0000430 seconds
179.217: Application time: 0.0243080 seconds
179.217: [GC [PSYoungGen: 7006K->512K(7680K)] 16223K->9729K(25088K), 0.0003590 secs] [Times: user=0.00 sys=0.00, real=0.00 secs] 
179.217: Total time for which application threads were stopped: 0.0004510 seconds, Stopping threads took: 0.0000410 seconds
179.246: Application time: 0.0289240 seconds
179.246: [GC [PSYoungGen: 7164K->352K(7680K)] 16381K->9569K(25088K), 0.0003330 secs] [Times: user=0.00 sys=0.00, real=0.00 secs] 
179.247: Total time for which application threads were stopped: 0.0004460 seconds, Stopping threads took: 0.0000620 seconds
179.269: Application time: 0.0224050 seconds
179.269: [GC [PSYoungGen: 7004K->512K(7680K)] 16221K->9729K(25088K), 0.0003390 secs] [Times: user=0.00 sys=0.00, real=0.00 secs] 
179.269: Total time for which application threads were stopped: 0.0004420 seconds, Stopping threads took: 0.0000540 seconds
179.290: Application time: 0.0205240 seconds
179.290: [GC [PSYoungGen: 7167K->512K(7680K)] 16385K->9729K(25088K), 0.0003390 secs] [Times: user=0.00 sys=0.00, real=0.00 secs] 
179.290: Total time for which application threads were stopped: 0.0004410 seconds, Stopping threads took: 0.0000520 seconds
179.315: Application time: 0.0240790 seconds
179.315: [GC [PSYoungGen: 7166K->544K(7680K)] 16383K->9761K(25088K), 0.0003620 secs] [Times: user=0.00 sys=0.00, real=0.00 secs] 
179.315: Total time for which application threads were stopped: 0.0004590 seconds, Stopping threads took: 0.0000470 seconds
179.344: Application time: 0.0291780 seconds
179.344: [GC [PSYoungGen: 7196K->512K(7680K)] 16413K->9729K(25088K), 0.0003930 secs] [Times: user=0.00 sys=0.00, real=0.00 secs] 
179.345: Total time for which application threads were stopped: 0.0004920 seconds, Stopping threads took: 0.0000530 seconds
179.373: Application time: 0.0282830 seconds
179.373: [GC [PSYoungGen: 7166K->512K(7680K)] 16383K->9729K(25088K), 0.0003540 secs] [Times: user=0.00 sys=0.00, real=0.00 secs] 
179.373: Total time for which application threads were stopped: 0.0004440 seconds, Stopping threads took: 0.0000390 seconds
179.403: Application time: 0.0293610 seconds
179.403: [GC [PSYoungGen: 7166K->672K(7680K)] 16384K->9889K(25088K), 0.0003810 secs] [Times: user=0.00 sys=0.00, real=0.00 secs] 
179.403: Total time for which application threads were stopped: 0.0004750 seconds, Stopping threads took: 0.0000460 seconds
179.433: Application time: 0.0292600 seconds
179.433: [GC [PSYoungGen: 7326K->512K(7680K)] 16544K->9729K(25088K), 0.0003480 secs] [Times: user=0.00 sys=0.00, real=0.00 secs] 
179.433: Total time for which application threads were stopped: 0.0004530 seconds, Stopping threads took: 0.0000550 seconds
179.462: Application time: 0.0294380 seconds
179.462: [GC [PSYoungGen: 7166K->480K(7680K)] 16384K->9697K(25088K), 0.0003530 secs] [Times: user=0.00 sys=0.00, real=0.00 secs] 
179.463: Total time for which application threads were stopped: 0.0004550 seconds, Stopping threads took: 0.0000500 seconds
179.492: Application time: 0.0291490 seconds
179.492: [GC [PSYoungGen: 7134K->512K(7680K)] 16352K->9729K(25088K), 0.0003380 secs] [Times: user=0.00 sys=0.00, real=0.00 secs] 
179.492: Total time for which application threads were stopped: 0.0004400 seconds, Stopping threads took: 0.0000550 seconds
179.522: Application time: 0.0293970 seconds
179.522: [GC [PSYoungGen: 7166K->512K(7680K)] 16384K->9729K(25088K), 0.0003430 secs] [Times: user=0.00 sys=0.00, real=0.00 secs] 
179.522: Total time for which application threads were stopped: 0.0004380 seconds, Stopping threads took: 0.0000450 seconds
179.543: Application time: 0.0204440 seconds
179.543: [GC [PSYoungGen: 7164K->704K(7680K)] 16382K->9921K(25088K), 0.0003720 secs] [Times: user=0.01 sys=0.00, real=0.00 secs] 
179.543: Total time for which application threads were stopped: 0.0004750 seconds, Stopping threads took: 0.0000520 seconds
179.564: Application time: 0.0212630 seconds
179.565: [GC [PSYoungGen: 7357K->672K(7680K)] 16574K->9889K(25088K), 0.0004010 secs] [Times: user=0.00 sys=0.00, real=0.00 secs] 
179.565: Total time for which application threads were stopped: 0.0005090 seconds, Stopping threads took: 0.0000540 seconds
179.590: Application time: 0.0251200 seconds
179.590: [GC [PSYoungGen: 7323K->800K(7680K)] 16541K->10017K(25088K), 0.0004250 secs] [Times: user=0.00 sys=0.00, real=0.00 secs] 
179.591: Total time for which application threads were stopped: 0.0005290 seconds, Stopping threads took: 0.0000440 seconds
179.619: Application time: 0.0279600 seconds
179.619: [GC [PSYoungGen: 7455K->768K(7680K)] 16672K->9985K(25088K), 0.0004590 secs] [Times: user=0.00 sys=0.00, real=0.01 secs] 
179.619: Total time for which application threads were stopped: 0.0005620 seconds, Stopping threads took: 0.0000410 seconds
179.647: Application time: 0.0281010 seconds
179.647: [GC [PSYoungGen: 7420K->736K(7680K)] 16637K->9953K(25088K), 0.0004630 secs] [Times: user=0.00 sys=0.00, real=0.00 secs] 
179.648: Total time for which application threads were stopped: 0.0005790 seconds, Stopping threads took: 0.0000590 seconds
179.676: Application time: 0.0279540 seconds
179.676: [GC [PSYoungGen: 7388K->960K(7680K)] 16606K->10177K(25088K), 0.0004180 secs] [Times: user=0.01 sys=0.00, real=0.00 secs] 
179.676: Total time for which application threads were stopped: 0.0005150 seconds, Stopping threads took: 0.0000430 seconds
179.691: Application time: 0.0149540 seconds
179.691: [GC [PSYoungGen: 7613K->992K(7680K)] 16831K->10389K(25088K), 0.0004590 secs] [Times: user=0.01 sys=0.00, real=0.00 secs] 
179.692: Total time for which application threads were stopped: 0.0005730 seconds, Stopping threads took: 0.0000600 seconds
179.708: Application time: 0.0158380 seconds
179.708: [GC [PSYoungGen: 7643K->1008K(7680K)] 17041K->10413K(25088K), 0.0004310 secs] [Times: user=0.00 sys=0.00, real=0.00 secs] 
179.708: Total time for which application threads were stopped: 0.0005250 seconds, Stopping threads took: 0.0000410 seconds
179.725: Application time: 0.0172640 seconds
179.726: [GC [PSYoungGen: 7662K->1008K(7680K)] 17068K->10577K(25088K), 0.0005160 secs] [Times: user=0.00 sys=0.00, real=0.00 secs] 
179.726: Total time for which application threads were stopped: 0.0006220 seconds, Stopping threads took: 0.0000480 seconds
179.755: Application time: 0.0284060 seconds
179.755: [GC [PSYoungGen: 7662K->944K(7680K)] 17232K->10641K(25088K), 0.0004170 secs] [Times: user=0.00 sys=0.00, real=0.00 secs] 
179.755: Total time for which application threads were stopped: 0.0005200 seconds, Stopping threads took: 0.0000490 seconds
179.783: Application time: 0.0284330 seconds
179.784: [GC [PSYoungGen: 7598K->976K(7680K)] 17296K->10673K(25088K), 0.0003830 secs] [Times: user=0.01 sys=0.00, real=0.00 secs] 
179.784: Total time for which application threads were stopped: 0.0004740 seconds, Stopping threads took: 0.0000400 seconds
179.811: Application time: 0.0269550 seconds
179.811: [GC [PSYoungGen: 7627K->992K(7680K)] 17325K->10689K(25088K), 0.0007300 secs] [Times: user=0.00 sys=0.00, real=0.00 secs] 
179.812: Total time for which application threads were stopped: 0.0008510 seconds, Stopping threads took: 0.0000540 seconds
179.846: Application time: 0.0347220 seconds
179.847: [GC [PSYoungGen: 7643K->944K(7680K)] 17341K->10641K(25088K), 0.0005440 secs] [Times: user=0.01 sys=0.00, real=0.01 secs] 
179.847: Total time for which application threads were stopped: 0.0006830 seconds, Stopping threads took: 0.0000730 seconds
179.865: Application time: 0.0174260 seconds
179.865: [GC [PSYoungGen: 7600K->1008K(7680K)] 17297K->10913K(25088K), 0.0005610 secs] [Times: user=0.01 sys=0.00, real=0.00 secs] 
179.865: Total time for which application threads were stopped: 0.0006880 seconds, Stopping threads took: 0.0000680 seconds
179.881: Application time: 0.0160050 seconds
179.883: [GC [PSYoungGen: 7663K->1008K(7680K)] 17569K->11057K(25088K), 0.0005030 secs] [Times: user=0.01 sys=0.00, real=0.00 secs] 
179.883: Total time for which application threads were stopped: 0.0020730 seconds, Stopping threads took: 0.0015160 seconds
179.899: Application time: 0.0160330 seconds
179.899: [GC [PSYoungGen: 7662K->1008K(7680K)] 17712K->11306K(25088K), 0.0004890 secs] [Times: user=0.01 sys=0.00, real=0.00 secs] 
179.900: Total time for which application threads were stopped: 0.0005910 seconds, Stopping threads took: 0.0000480 seconds
179.921: Application time: 0.0210210 seconds
179.921: [GC [PSYoungGen: 7660K->1008K(7680K)] 17958K->11507K(25088K), 0.0004740 secs] [Times: user=0.00 sys=0.00, real=0.00 secs] 
179.922: Total time for which application threads were stopped: 0.0005900 seconds, Stopping threads took: 0.0000610 seconds
179.942: Application time: 0.0206460 seconds
179.942: [GC [PSYoungGen: 7663K->992K(7680K)] 18162K->11551K(25088K), 0.0005460 secs] [Times: user=0.01 sys=0.00, real=0.00 secs] 
179.944: Total time for which application threads were stopped: 0.0017580 seconds, Stopping threads took: 0.0000470 seconds
179.966: Application time: 0.0218400 seconds
179.966: [GC [PSYoungGen: 7647K->992K(7680K)] 18206K->11963K(25088K), 0.0005250 secs] [Times: user=0.00 sys=0.00, real=0.00 secs] 
179.966: Total time for which application threads were stopped: 0.0006510 seconds, Stopping threads took: 0.0000700 seconds
179.993: Application time: 0.0265450 seconds
179.993: [GC [PSYoungGen: 7646K->1008K(7680K)] 18617K->12208K(25088K), 0.0004940 secs] [Times: user=0.00 sys=0.00, real=0.00 secs] 
179.994: Total time for which application threads were stopped: 0.0005910 seconds, Stopping threads took: 0.0000420 seconds
180.021: Application time: 0.0275980 seconds
180.021: [GC [PSYoungGen: 7660K->992K(7680K)] 18860K->12456K(25088K), 0.0004740 secs] [Times: user=0.00 sys=0.00, real=0.00 secs] 
180.022: Total time for which application threads were stopped: 0.0005720 seconds, Stopping threads took: 0.0000440 seconds
180.050: Application time: 0.0286350 seconds
180.051: [GC [PSYoungGen: 7646K->960K(7680K)] 19110K->12448K(25088K), 0.0005150 secs] [Times: user=0.00 sys=0.00, real=0.00 secs] 
180.051: Total time for which application threads were stopped: 0.0006130 seconds, Stopping threads took: 0.0000430 seconds
180.080: Application time: 0.0291840 seconds
180.080: [GC [PSYoungGen: 7612K->928K(7680K)] 19100K->12488K(25088K), 0.0004100 secs] [Times: user=0.00 sys=0.00, real=0.00 secs] 
180.081: Total time for which application threads were stopped: 0.0005170 seconds, Stopping threads took: 0.0000540 seconds
180.109: Application time: 0.0278170 seconds
180.109: [GC [PSYoungGen: 7580K->992K(7680K)] 19140K->12580K(25088K), 0.0004400 secs] [Times: user=0.01 sys=0.00, real=0.00 secs] 
180.109: Total time for which application threads were stopped: 0.0005450 seconds, Stopping threads took: 0.0000460 seconds
180.137: Application time: 0.0278240 seconds
180.137: [GC [PSYoungGen: 7645K->992K(7680K)] 19234K->12788K(25088K), 0.0005100 secs] [Times: user=0.00 sys=0.00, real=0.00 secs] 
180.138: Total time for which application threads were stopped: 0.0006140 seconds, Stopping threads took: 0.0000410 seconds
180.166: Application time: 0.0282830 seconds
180.166: [GC [PSYoungGen: 7644K->1008K(7680K)] 19440K->12932K(25088K), 0.0004530 secs] [Times: user=0.00 sys=0.00, real=0.00 secs] 
180.166: Total time for which application threads were stopped: 0.0005470 seconds, Stopping threads took: 0.0000410 seconds
180.196: Application time: 0.0293760 seconds
180.196: [GC [PSYoungGen: 7660K->928K(7680K)] 19585K->12876K(25088K), 0.0004670 secs] [Times: user=0.01 sys=0.00, real=0.00 secs] 
180.196: Total time for which application threads were stopped: 0.0005750 seconds, Stopping threads took: 0.0000540 seconds
180.226: Application time: 0.0300190 seconds
180.226: [GC [PSYoungGen: 7582K->992K(7680K)] 19531K->12940K(25088K), 0.0004790 secs] [Times: user=0.00 sys=0.01, real=0.01 secs] 
180.227: Total time for which application threads were stopped: 0.0005970 seconds, Stopping threads took: 0.0000580 seconds
180.256: Application time: 0.0289890 seconds
180.256: [GC [PSYoungGen: 7646K->976K(7680K)] 19595K->12932K(25088K), 0.0004160 secs] [Times: user=0.01 sys=0.00, real=0.00 secs] 
180.256: Total time for which application threads were stopped: 0.0005160 seconds, Stopping threads took: 0.0000490 seconds
180.285: Application time: 0.0284340 seconds
180.285: [GC [PSYoungGen: 7630K->992K(7680K)] 19586K->12988K(25088K), 0.0004220 secs] [Times: user=0.00 sys=0.00, real=0.00 secs] 
180.285: Total time for which application threads were stopped: 0.0005220 seconds, Stopping threads took: 0.0000450 seconds
180.313: Application time: 0.0272450 seconds
180.313: [GC [PSYoungGen: 7647K->1008K(7680K)] 19644K->13028K(25088K), 0.0008490 secs] [Times: user=0.01 sys=0.00, real=0.00 secs] 
180.314: Total time for which application threads were stopped: 0.0011050 seconds, Stopping threads took: 0.0001870 seconds
180.344: Application time: 0.0299160 seconds
180.344: [GC [PSYoungGen: 7660K->992K(7680K)] 19681K->13052K(25088K), 0.0004790 secs] [Times: user=0.01 sys=0.00, real=0.00 secs] 
180.344: Total time for which application threads were stopped: 0.0005740 seconds, Stopping threads took: 0.0000360 seconds
180.372: Application time: 0.0275130 seconds
180.372: [GC [PSYoungGen: 7646K->992K(7680K)] 19706K->13212K(25088K), 0.0004150 secs] [Times: user=0.00 sys=0.00, real=0.00 secs] 
180.372: Total time for which application threads were stopped: 0.0005240 seconds, Stopping threads took: 0.0000550 seconds
180.402: Application time: 0.0294610 seconds
180.402: [GC [PSYoungGen: 7644K->960K(7680K)] 19865K->13265K(25088K), 0.0005350 secs] [Times: user=0.00 sys=0.00, real=0.00 secs] 
180.402: Total time for which application threads were stopped: 0.0006290 seconds, Stopping threads took: 0.0000400 seconds
180.433: Application time: 0.0309020 seconds
180.433: [GC [PSYoungGen: 7611K->832K(7680K)] 19917K->13321K(25088K), 0.0004250 secs] [Times: user=0.00 sys=0.00, real=0.00 secs] 
180.434: Total time for which application threads were stopped: 0.0005260 seconds, Stopping threads took: 0.0000490 seconds
180.464: Application time: 0.0297530 seconds
180.464: [GC [PSYoungGen: 7486K->800K(7680K)] 19976K->13297K(25088K), 0.0003720 secs] [Times: user=0.00 sys=0.00, real=0.00 secs] 
180.464: Total time for which application threads were stopped: 0.0004750 seconds, Stopping threads took: 0.0000510 seconds
180.494: Application time: 0.0296030 seconds
180.494: [GC [PSYoungGen: 7454K->800K(7680K)] 19952K->13297K(25088K), 0.0003630 secs] [Times: user=0.00 sys=0.00, real=0.00 secs] 
180.494: Total time for which application threads were stopped: 0.0004490 seconds, Stopping threads took: 0.0000370 seconds
180.524: Application time: 0.0296490 seconds
180.524: [GC [PSYoungGen: 7454K->800K(7680K)] 19952K->13297K(25088K), 0.0003850 secs] [Times: user=0.00 sys=0.00, real=0.00 secs] 
180.524: Total time for which application threads were stopped: 0.0004930 seconds, Stopping threads took: 0.0000540 seconds
180.554: Application time: 0.0301090 seconds
180.559: [GC [PSYoungGen: 7454K->800K(7680K)] 19952K->13297K(25088K), 0.0004170 secs] [Times: user=0.00 sys=0.00, real=0.00 secs] 
180.559: Total time for which application threads were stopped: 0.0048590 seconds, Stopping threads took: 0.0043890 seconds
180.589: Application time: 0.0298330 seconds
180.589: [GC [PSYoungGen: 7454K->768K(7680K)] 19952K->13349K(25088K), 0.0003860 secs] [Times: user=0.00 sys=0.00, real=0.00 secs] 
180.590: Total time for which application threads were stopped: 0.0004840 seconds, Stopping threads took: 0.0000450 seconds
180.620: Application time: 0.0301010 seconds
180.620: [GC [PSYoungGen: 7422K->544K(7680K)] 20004K->13349K(25088K), 0.0004220 secs] [Times: user=0.00 sys=0.00, real=0.00 secs] 
180.620: Total time for which application threads were stopped: 0.0005430 seconds, Stopping threads took: 0.0000550 seconds
180.650: Application time: 0.0298620 seconds
180.650: [GC [PSYoungGen: 7198K->736K(7680K)] 20004K->13541K(25088K), 0.0003630 secs] [Times: user=0.00 sys=0.00, real=0.00 secs] 
180.651: Total time for which application threads were stopped: 0.0004700 seconds, Stopping threads took: 0.0000500 seconds
180.680: Application time: 0.0295720 seconds
180.680: [GC [PSYoungGen: 7390K->576K(7680K)] 20196K->13381K(25088K), 0.0003320 secs] [Times: user=0.00 sys=0.00, real=0.00 secs] 
180.681: Total time for which application threads were stopped: 0.0004280 seconds, Stopping threads took: 0.0000440 seconds
180.710: Application time: 0.0296630 seconds
180.710: [GC [PSYoungGen: 7230K->512K(7680K)] 20036K->13317K(25088K), 0.0003780 secs] [Times: user=0.00 sys=0.00, real=0.00 secs] 
180.711: Total time for which application threads were stopped: 0.0004800 seconds, Stopping threads took: 0.0000470 seconds
180.740: Application time: 0.0295310 seconds
180.740: [GC [PSYoungGen: 7166K->704K(7680K)] 19972K->13509K(25088K), 0.0003720 secs] [Times: user=0.00 sys=0.00, real=0.00 secs] 
180.741: Total time for which application threads were stopped: 0.0004760 seconds, Stopping threads took: 0.0000530 seconds
180.770: Application time: 0.0295360 seconds
180.770: [GC [PSYoungGen: 7358K->320K(7680K)] 20164K->13399K(25088K), 0.0003590 secs] [Times: user=0.00 sys=0.00, real=0.00 secs] 
180.771: Total time for which application threads were stopped: 0.0004570 seconds, Stopping threads took: 0.0000460 seconds
180.800: Application time: 0.0295150 seconds
180.800: [GC [PSYoungGen: 6974K->352K(7680K)] 20053K->13431K(25088K), 0.0003250 secs] [Times: user=0.00 sys=0.00, real=0.00 secs] 
180.801: Total time for which application threads were stopped: 0.0004180 seconds, Stopping threads took: 0.0000450 seconds
180.831: Application time: 0.0303030 seconds
180.831: [GC [PSYoungGen: 7004K->0K(7680K)] 20083K->13303K(25088K), 0.0003680 secs] [Times: user=0.00 sys=0.00, real=0.00 secs] 
180.831: Total time for which application threads were stopped: 0.0004690 seconds, Stopping threads took: 0.0000480 seconds
180.861: Application time: 0.0294530 seconds
180.861: [GC [PSYoungGen: 6654K->0K(7680K)] 19957K->13303K(25088K), 0.0002940 secs] [Times: user=0.00 sys=0.00, real=0.00 secs] 
180.861: Total time for which application threads were stopped: 0.0004080 seconds, Stopping threads took: 0.0000620 seconds
180.891: Application time: 0.0293860 seconds
180.891: [GC [PSYoungGen: 6654K->0K(7680K)] 19957K->13303K(25088K), 0.0003060 secs] [Times: user=0.00 sys=0.00, real=0.00 secs] 
180.891: Total time for which application threads were stopped: 0.0004120 seconds, Stopping threads took: 0.0000530 seconds
180.914: Application time: 0.0225120 seconds
180.914: [GC [PSYoungGen: 6652K->352K(7680K)] 19955K->13655K(25088K), 0.0003450 secs] [Times: user=0.00 sys=0.00, real=0.00 secs] 
180.914: Total time for which application threads were stopped: 0.0004480 seconds, Stopping threads took: 0.0000520 seconds
180.935: Application time: 0.0211330 seconds
180.935: [GC [PSYoungGen: 7005K->352K(7680K)] 20308K->13655K(25088K), 0.0003310 secs] [Times: user=0.00 sys=0.00, real=0.00 secs] 
180.936: Total time for which application threads were stopped: 0.0004150 seconds, Stopping threads took: 0.0000340 seconds
180.960: Application time: 0.0247110 seconds
180.960: [GC [PSYoungGen: 7005K->384K(7680K)] 20309K->13687K(25088K), 0.0003670 secs] [Times: user=0.00 sys=0.00, real=0.00 secs] 
180.961: Total time for which application threads were stopped: 0.0004720 seconds, Stopping threads took: 0.0000520 seconds
180.990: Application time: 0.0288940 seconds
180.990: [GC [PSYoungGen: 7036K->352K(7680K)] 20339K->13655K(25088K), 0.0003220 secs] [Times: user=0.00 sys=0.00, real=0.00 secs] 
180.990: Total time for which application threads were stopped: 0.0004140 seconds, Stopping threads took: 0.0000450 seconds
181.015: Application time: 0.0250380 seconds
181.015: [GC [PSYoungGen: 7005K->544K(7680K)] 20308K->13847K(25088K), 0.0003460 secs] [Times: user=0.00 sys=0.00, real=0.00 secs] 
181.016: Total time for which application threads were stopped: 0.0004350 seconds, Stopping threads took: 0.0000410 seconds
181.036: Application time: 0.0206140 seconds
181.036: [GC [PSYoungGen: 7198K->512K(7680K)] 20501K->13815K(25088K), 0.0004230 secs] [Times: user=0.00 sys=0.00, real=0.00 secs] 
181.037: Total time for which application threads were stopped: 0.0005200 seconds, Stopping threads took: 0.0000460 seconds
181.058: Application time: 0.0216620 seconds
181.058: [GC [PSYoungGen: 7165K->480K(7680K)] 20468K->13783K(25088K), 0.0004140 secs] [Times: user=0.00 sys=0.00, real=0.01 secs] 
181.059: Total time for which application threads were stopped: 0.0005080 seconds, Stopping threads took: 0.0000430 seconds
181.088: Application time: 0.0293700 seconds
181.088: [GC [PSYoungGen: 7134K->512K(7680K)] 20437K->13815K(25088K), 0.0003400 secs] [Times: user=0.00 sys=0.00, real=0.00 secs] 
181.089: Total time for which application threads were stopped: 0.0004450 seconds, Stopping threads took: 0.0000540 seconds
181.118: Application time: 0.0289360 seconds
181.118: [GC [PSYoungGen: 7164K->512K(7680K)] 20467K->13815K(25088K), 0.0003500 secs] [Times: user=0.00 sys=0.00, real=0.00 secs] 
181.118: Total time for which application threads were stopped: 0.0004450 seconds, Stopping threads took: 0.0000470 seconds
181.146: Application time: 0.0283370 seconds
181.146: [GC [PSYoungGen: 7166K->544K(7680K)] 20469K->13847K(25088K), 0.0003900 secs] [Times: user=0.00 sys=0.00, real=0.01 secs] 
181.147: Total time for which application threads were stopped: 0.0004860 seconds, Stopping threads took: 0.0000380 seconds
181.177: Application time: 0.0303030 seconds
181.177: [GC [PSYoungGen: 7195K->448K(7680K)] 20498K->13751K(25088K), 0.0003920 secs] [Times: user=0.00 sys=0.00, real=0.00 secs] 
181.178: Total time for which application threads were stopped: 0.0004870 seconds, Stopping threads took: 0.0000450 seconds
181.207: Application time: 0.0293560 seconds
181.207: [GC [PSYoungGen: 7100K->480K(7680K)] 20403K->13783K(25088K), 0.0003280 secs] [Times: user=0.00 sys=0.00, real=0.00 secs] 
181.207: Total time for which application threads were stopped: 0.0004280 seconds, Stopping threads took: 0.0000510 seconds
181.237: Application time: 0.0290850 seconds
181.237: [GC [PSYoungGen: 7134K->512K(7680K)] 20437K->13815K(25088K), 0.0003290 secs] [Times: user=0.00 sys=0.00, real=0.00 secs] 
181.237: Total time for which application threads were stopped: 0.0004230 seconds, Stopping threads took: 0.0000440 seconds
181.266: Application time: 0.0291380 seconds
181.266: [GC [PSYoungGen: 7166K->448K(7680K)] 20469K->13751K(25088K), 0.0003630 secs] [Times: user=0.00 sys=0.00, real=0.00 secs] 
181.267: Total time for which application threads were stopped: 0.0004660 seconds, Stopping threads took: 0.0000520 seconds
181.289: Application time: 0.0227160 seconds
181.289: [GC [PSYoungGen: 7100K->704K(7680K)] 20403K->14007K(25088K), 0.0005130 secs] [Times: user=0.00 sys=0.00, real=0.00 secs] 
181.290: Total time for which application threads were stopped: 0.0006190 seconds, Stopping threads took: 0.0000580 seconds
181.311: Application time: 0.0212150 seconds
181.311: [GC [PSYoungGen: 7357K->672K(7680K)] 20660K->13975K(25088K), 0.0003560 secs] [Times: user=0.00 sys=0.00, real=0.00 secs] 
181.312: Total time for which application threads were stopped: 0.0004590 seconds, Stopping threads took: 0.0000450 seconds
181.336: Application time: 0.0239340 seconds
181.336: [GC [PSYoungGen: 7324K->800K(7680K)] 20627K->14103K(25088K), 0.0003880 secs] [Times: user=0.00 sys=0.00, real=0.00 secs] 
181.336: Total time for which application threads were stopped: 0.0004860 seconds, Stopping threads took: 0.0000470 seconds
181.364: Application time: 0.0275270 seconds
181.364: [GC [PSYoungGen: 7452K->800K(7680K)] 20755K->14103K(25088K), 0.0003950 secs] [Times: user=0.00 sys=0.00, real=0.00 secs] 
181.364: Total time for which application threads were stopped: 0.0004890 seconds, Stopping threads took: 0.0000400 seconds
181.392: Application time: 0.0283540 seconds
181.392: [GC [PSYoungGen: 7454K->736K(7680K)] 20757K->14039K(25088K), 0.0003720 secs] [Times: user=0.00 sys=0.00, real=0.00 secs] 
181.393: Total time for which application threads were stopped: 0.0004650 seconds, Stopping threads took: 0.0000400 seconds
181.415: Application time: 0.0219790 seconds
181.415: [GC [PSYoungGen: 7388K->928K(7680K)] 20691K->14231K(25088K), 0.0004040 secs] [Times: user=0.01 sys=0.00, real=0.00 secs] 
181.415: Total time for which application threads were stopped: 0.0005120 seconds, Stopping threads took: 0.0000560 seconds
181.436: Application time: 0.0202550 seconds
181.436: [GC [PSYoungGen: 7582K->992K(7680K)] 20885K->14295K(25088K), 0.0004220 secs] [Times: user=0.00 sys=0.00, real=0.00 secs] 
181.436: Total time for which application threads were stopped: 0.0005150 seconds, Stopping threads took: 0.0000410 seconds
181.458: Application time: 0.0218370 seconds
181.458: [GC [PSYoungGen: 7647K->992K(7680K)] 20950K->14455K(25088K), 0.0004890 secs] [Times: user=0.01 sys=0.00, real=0.00 secs] 
181.459: Total time for which application threads were stopped: 0.0005910 seconds, Stopping threads took: 0.0000490 seconds
181.479: Application time: 0.0202200 seconds
181.479: [GC [PSYoungGen: 7647K->960K(7680K)] 21110K->14551K(25088K), 0.0004460 secs] [Times: user=0.00 sys=0.00, real=0.00 secs] 
181.479: Total time for which application threads were stopped: 0.0005550 seconds, Stopping threads took: 0.0000540 seconds
181.500: Application time: 0.0209180 seconds
181.500: [GC [PSYoungGen: 7615K->928K(7680K)] 21206K->14519K(25088K), 0.0004150 secs] [Times: user=0.00 sys=0.00, real=0.00 secs] 
181.501: Total time for which application threads were stopped: 0.0005200 seconds, Stopping threads took: 0.0000520 seconds
181.527: Application time: 0.0266850 seconds
181.528: [GC [PSYoungGen: 7583K->992K(7680K)] 21174K->14743K(25088K), 0.0004800 secs] [Times: user=0.01 sys=0.00, real=0.00 secs] 
181.528: Total time for which application threads were stopped: 0.0005860 seconds, Stopping threads took: 0.0000500 seconds
181.557: Application time: 0.0290340 seconds
181.557: [GC [PSYoungGen: 7644K->912K(7680K)] 21395K->14663K(25088K), 0.0004690 secs] [Times: user=0.00 sys=0.00, real=0.00 secs] 
181.558: Total time for which application threads were stopped: 0.0005640 seconds, Stopping threads took: 0.0000400 seconds
181.583: Application time: 0.0253610 seconds
181.583: [GC [PSYoungGen: 7564K->992K(7680K)] 21315K->14895K(25088K), 0.0004600 secs] [Times: user=0.00 sys=0.00, real=0.00 secs] 
181.584: Total time for which application threads were stopped: 0.0005570 seconds, Stopping threads took: 0.0000440 seconds
181.603: Application time: 0.0196260 seconds
181.603: [GC [PSYoungGen: 7645K->992K(7680K)] 21548K->15191K(25088K), 0.0005030 secs] [Times: user=0.00 sys=0.00, real=0.00 secs] 
181.604: Total time for which application threads were stopped: 0.0006000 seconds, Stopping threads took: 0.0000450 seconds
181.620: Application time: 0.0160950 seconds
181.620: [GC [PSYoungGen: 7647K->992K(7680K)] 21846K->15431K(25088K), 0.0005300 secs] [Times: user=0.00 sys=0.00, real=0.00 secs] 
181.621: Total time for which application threads were stopped: 0.0006580 seconds, Stopping threads took: 0.0000650 seconds
181.640: Application time: 0.0189610 seconds
181.640: [GC [PSYoungGen: 7646K->992K(7680K)] 22085K->15695K(25088K), 0.0004950 secs] [Times: user=0.00 sys=0.00, real=0.00 secs] 
181.640: Total time for which application threads were stopped: 0.0006050 seconds, Stopping threads took: 0.0000510 seconds
181.661: Application time: 0.0209100 seconds
181.661: [GC [PSYoungGen: 7643K->992K(7680K)] 22347K->16000K(25088K), 0.0004850 secs] [Times: user=0.00 sys=0.00, real=0.00 secs] 
181.662: Total time for which application threads were stopped: 0.0005990 seconds, Stopping threads took: 0.0000470 seconds
181.682: Application time: 0.0198590 seconds
181.682: [GC [PSYoungGen: 7646K->992K(7680K)] 22654K->16224K(25088K), 0.0004920 secs] [Times: user=0.00 sys=0.00, real=0.00 secs] 
181.682: Total time for which application threads were stopped: 0.0005900 seconds, Stopping threads took: 0.0000450 seconds
181.702: Application time: 0.0194380 seconds
181.702: [GC [PSYoungGen: 7645K->992K(7680K)] 22877K->16300K(25088K), 0.0004900 secs] [Times: user=0.00 sys=0.00, real=0.00 secs] 
181.702: Total time for which application threads were stopped: 0.0005980 seconds, Stopping threads took: 0.0000520 seconds
181.729: Application time: 0.0268260 seconds
181.729: [GC [PSYoungGen: 7645K->1008K(7680K)] 22953K->16692K(25088K), 0.0006480 secs] [Times: user=0.00 sys=0.00, real=0.00 secs] 
181.730: Total time for which application threads were stopped: 0.0007460 seconds, Stopping threads took: 0.0000430 seconds
181.758: Application time: 0.0282070 seconds
181.758: [GC [PSYoungGen: 7660K->992K(7680K)] 23344K->16700K(25088K), 0.0004150 secs] [Times: user=0.00 sys=0.00, real=0.00 secs] 
181.758: Total time for which application threads were stopped: 0.0005150 seconds, Stopping threads took: 0.0000470 seconds
181.786: Application time: 0.0278020 seconds
181.786: [GC [PSYoungGen: 7644K->992K(7680K)] 23352K->16772K(25088K), 0.0004520 secs] [Times: user=0.00 sys=0.00, real=0.01 secs] 
181.787: Total time for which application threads were stopped: 0.0005580 seconds, Stopping threads took: 0.0000500 seconds
181.816: Application time: 0.0293030 seconds
181.819: [GC [PSYoungGen: 7646K->992K(7680K)] 23426K->16852K(25088K), 0.0004190 secs] [Times: user=0.00 sys=0.00, real=0.00 secs] 
181.819: Total time for which application threads were stopped: 0.0031400 seconds, Stopping threads took: 0.0026690 seconds
181.847: Application time: 0.0278510 seconds
181.847: [GC [PSYoungGen: 7645K->992K(7680K)] 23505K->16884K(25088K), 0.0004240 secs] [Times: user=0.00 sys=0.00, real=0.00 secs] 
181.848: Total time for which application threads were stopped: 0.0005480 seconds, Stopping threads took: 0.0000700 seconds
181.876: Application time: 0.0279660 seconds
181.876: [GC [PSYoungGen: 7644K->992K(7680K)] 23537K->17020K(25088K), 0.0004720 secs] [Times: user=0.00 sys=0.00, real=0.00 secs] 
181.876: Total time for which application threads were stopped: 0.0005700 seconds, Stopping threads took: 0.0000450 seconds
181.903: Application time: 0.0272560 seconds
181.904: [GC [PSYoungGen: 7646K->992K(7680K)] 23674K->17228K(25088K), 0.0005300 secs] [Times: user=0.00 sys=0.00, real=0.00 secs] 
181.904: Total time for which application threads were stopped: 0.0006220 seconds, Stopping threads took: 0.0000380 seconds
181.934: Application time: 0.0295400 seconds
181.934: [GC [PSYoungGen: 7646K->992K(7680K)] 23883K->17228K(25088K), 0.0004100 secs] [Times: user=0.01 sys=0.00, real=0.00 secs] 
181.934: Total time for which application threads were stopped: 0.0005230 seconds, Stopping threads took: 0.0000600 seconds
181.963: Application time: 0.0290290 seconds
181.963: [GC [PSYoungGen: 7646K->928K(7680K)] 23883K->17204K(25088K), 0.0004100 secs] [Times: user=0.00 sys=0.00, real=0.00 secs] 
181.964: Total time for which application threads were stopped: 0.0004950 seconds, Stopping threads took: 0.0000320 seconds
181.993: Application time: 0.0291570 seconds
181.993: [GC [PSYoungGen: 7582K->960K(7680K)] 23859K->17268K(25088K), 0.0004010 secs] [Times: user=0.01 sys=0.00, real=0.00 secs] 
181.993: Total time for which application threads were stopped: 0.0005120 seconds, Stopping threads took: 0.0000580 seconds
182.022: Application time: 0.0283190 seconds
182.022: [GC [PSYoungGen: 7612K->992K(7680K)] 23920K->17468K(25088K), 0.0004370 secs] [Times: user=0.00 sys=0.00, real=0.00 secs] 
182.022: Total time for which application threads were stopped: 0.0005530 seconds, Stopping threads took: 0.0000610 seconds
182.050: Application time: 0.0276300 seconds
182.050: [GC [PSYoungGen: 7647K->992K(7680K)] 24123K->17664K(25088K), 0.0004550 secs] [Times: user=0.00 sys=0.00, real=0.00 secs] 
182.050: Total time for which application threads were stopped: 0.0005620 seconds, Stopping threads took: 0.0000530 seconds
182.079: Application time: 0.0283580 seconds
182.079: [GC [PSYoungGen: 7644K->992K(7680K)] 24316K->17736K(25088K), 0.0004400 secs] [Times: user=0.01 sys=0.00, real=0.00 secs] 
182.079: Total time for which application threads were stopped: 0.0005440 seconds, Stopping threads took: 0.0000480 seconds
182.107: Application time: 0.0276370 seconds
182.107: [GC [PSYoungGen: 7646K->992K(7680K)] 24390K->17744K(25088K), 0.0004490 secs] [Times: user=0.00 sys=0.00, real=0.00 secs] 
182.107: Total time for which application threads were stopped: 0.0005450 seconds, Stopping threads took: 0.0000400 seconds
182.137: Application time: 0.0295580 seconds
182.137: [GC [PSYoungGen: 7646K->960K(7680K)] 24399K->17736K(25088K), 0.0004080 secs] [Times: user=0.00 sys=0.00, real=0.00 secs] 
182.138: Total time for which application threads were stopped: 0.0005260 seconds, Stopping threads took: 0.0000630 seconds
182.167: Application time: 0.0294730 seconds
182.167: [GC [PSYoungGen: 7614K->928K(7680K)] 24391K->17789K(25088K), 0.0003950 secs] [Times: user=0.00 sys=0.00, real=0.00 secs] 
182.168: Total time for which application threads were stopped: 0.0005070 seconds, Stopping threads took: 0.0000490 seconds
182.197: Application time: 0.0294500 seconds
182.197: [GC [PSYoungGen: 7582K->896K(7680K)] 24444K->17757K(25088K), 0.0004470 secs] [Times: user=0.01 sys=0.00, real=0.00 secs] 
182.198: Total time for which application threads were stopped: 0.0005530 seconds, Stopping threads took: 0.0000550 seconds
182.227: Application time: 0.0295110 seconds
182.227: [GC [PSYoungGen: 7550K->960K(7680K)] 24412K->17853K(25088K), 0.0003940 secs] [Times: user=0.00 sys=0.00, real=0.00 secs] 
182.228: Total time for which application threads were stopped: 0.0004840 seconds, Stopping threads took: 0.0000390 seconds
182.258: Application time: 0.0299590 seconds
182.258: [GC [PSYoungGen: 7614K->960K(7680K)] 24508K->17853K(25088K), 0.0004290 secs] [Times: user=0.01 sys=0.00, real=0.00 secs] 
182.258: Total time for which application threads were stopped: 0.0005310 seconds, Stopping threads took: 0.0000470 seconds
182.288: Application time: 0.0297280 seconds
182.288: [GC [PSYoungGen: 7614K->960K(7680K)] 24508K->17885K(25088K), 0.0003790 secs] [Times: user=0.00 sys=0.00, real=0.00 secs] 
182.288: Total time for which application threads were stopped: 0.0004810 seconds, Stopping threads took: 0.0000480 seconds
182.318: Application time: 0.0296240 seconds
182.318: [GC [PSYoungGen: 7614K->864K(7680K)] 24540K->17869K(25088K), 0.0003940 secs] [Times: user=0.00 sys=0.00, real=0.00 secs] 
182.318: Total time for which application threads were stopped: 0.0004950 seconds, Stopping threads took: 0.0000490 seconds
182.348: Application time: 0.0298000 seconds
182.348: [GC [PSYoungGen: 7518K->672K(7680K)] 24524K->17913K(25088K), 0.0003800 secs] [Times: user=0.00 sys=0.00, real=0.00 secs] 
182.349: [Full GC [PSYoungGen: 672K->0K(7680K)] [ParOldGen: 17241K->3776K(17408K)] 17913K->3776K(25088K) [PSPermGen: 5573K->5573K(21504K)], 0.0065450 secs] [Times: user=0.03 sys=0.00, real=0.00 secs] 
182.355: Total time for which application threads were stopped: 0.0070540 seconds, Stopping threads took: 0.0000320 seconds
182.385: Application time: 0.0297770 seconds
182.385: [GC [PSYoungGen: 6652K->0K(7680K)] 10428K->3776K(25088K), 0.0003180 secs] [Times: user=0.00 sys=0.00, real=0.00 secs] 
182.385: Total time for which application threads were stopped: 0.0004310 seconds, Stopping threads took: 0.0000550 seconds
182.415: Application time: 0.0296610 seconds
182.419: [GC [PSYoungGen: 6654K->0K(7680K)] 10431K->3776K(25088K), 0.0003080 secs] [Times: user=0.00 sys=0.00, real=0.00 secs] 
182.419: Total time for which application threads were stopped: 0.0040440 seconds, Stopping threads took: 0.0036850 seconds
182.449: Application time: 0.0295610 seconds
182.449: [GC [PSYoungGen: 6654K->0K(7680K)] 10431K->3776K(25088K), 0.0002700 secs] [Times: user=0.00 sys=0.00, real=0.00 secs] 
182.449: Total time for which application threads were stopped: 0.0003830 seconds, Stopping threads took: 0.0000640 seconds
182.479: Application time: 0.0295970 seconds
182.479: [GC [PSYoungGen: 6654K->0K(7680K)] 10431K->3776K(25088K), 0.0002900 secs] [Times: user=0.01 sys=0.00, real=0.00 secs] 
182.479: Total time for which application threads were stopped: 0.0003940 seconds, Stopping threads took: 0.0000570 seconds
182.509: Application time: 0.0295760 seconds
182.511: [GC [PSYoungGen: 6654K->0K(7680K)] 10431K->3776K(25088K), 0.0002810 secs] [Times: user=0.00 sys=0.00, real=0.00 secs] 
182.511: Total time for which application threads were stopped: 0.0024320 seconds, Stopping threads took: 0.0021010 seconds
182.541: Application time: 0.0294760 seconds
182.541: [GC [PSYoungGen: 6654K->0K(7680K)] 10431K->3776K(25088K), 0.0003170 secs] [Times: user=0.00 sys=0.00, real=0.00 secs] 
182.541: Total time for which application threads were stopped: 0.0004090 seconds, Stopping threads took: 0.0000420 seconds
182.570: Application time: 0.0294160 seconds
182.570: [GC [PSYoungGen: 6654K->0K(7680K)] 10431K->3776K(25088K), 0.0002820 secs] [Times: user=0.00 sys=0.00, real=0.00 secs] 
182.571: Total time for which application threads were stopped: 0.0003870 seconds, Stopping threads took: 0.0000510 seconds
182.600: Application time: 0.0296080 seconds
182.600: [GC [PSYoungGen: 6654K->0K(7680K)] 10431K->3776K(25088K), 0.0002810 secs] [Times: user=0.00 sys=0.00, real=0.00 secs] 
182.601: Total time for which application threads were stopped: 0.0003770 seconds, Stopping threads took: 0.0000470 seconds
182.628: Application time: 0.0267170 seconds
182.628: [GC [PSYoungGen: 6651K->352K(7680K)] 10428K->4128K(25088K), 0.0003750 secs] [Times: user=0.00 sys=0.00, real=0.00 secs] 
182.628: Total time for which application threads were stopped: 0.0005040 seconds, Stopping threads took: 0.0000670 seconds
182.649: Application time: 0.0206940 seconds
182.649: [GC [PSYoungGen: 7004K->320K(7680K)] 10781K->4096K(25088K), 0.0003290 secs] [Times: user=0.00 sys=0.00, real=0.00 secs] 
182.649: Total time for which application threads were stopped: 0.0004210 seconds, Stopping threads took: 0.0000410 seconds
182.671: Application time: 0.0217480 seconds
182.671: [GC [PSYoungGen: 6971K->416K(7680K)] 10748K->4192K(25088K), 0.0003140 secs] [Times: user=0.00 sys=0.00, real=0.00 secs] 
182.671: Total time for which application threads were stopped: 0.0004250 seconds, Stopping threads took: 0.0000530 seconds
182.700: Application time: 0.0290820 seconds
182.700: [GC [PSYoungGen: 7070K->352K(7680K)] 10846K->4128K(25088K), 0.0003140 secs] [Times: user=0.00 sys=0.00, real=0.00 secs] 
182.701: Total time for which application threads were stopped: 0.0004040 seconds, Stopping threads took: 0.0000400 seconds
182.730: Application time: 0.0289440 seconds
182.730: [GC [PSYoungGen: 7004K->288K(7680K)] 10780K->4064K(25088K), 0.0003730 secs] [Times: user=0.01 sys=0.00, real=0.00 secs] 
182.730: Total time for which application threads were stopped: 0.0004630 seconds, Stopping threads took: 0.0000420 seconds
182.751: Application time: 0.0204290 seconds
182.751: [GC [PSYoungGen: 6940K->480K(7680K)] 10717K->4256K(25088K), 0.0003480 secs] [Times: user=0.00 sys=0.00, real=0.00 secs] 
182.751: Total time for which application threads were stopped: 0.0004330 seconds, Stopping threads took: 0.0000350 seconds
182.773: Application time: 0.0222840 seconds
182.773: [GC [PSYoungGen: 7135K->480K(7680K)] 10912K->4256K(25088K), 0.0003330 secs] [Times: user=0.01 sys=0.00, real=0.00 secs] 
182.774: Total time for which application threads were stopped: 0.0004380 seconds, Stopping threads took: 0.0000500 seconds
182.798: Application time: 0.0247020 seconds
182.799: [GC [PSYoungGen: 7134K->512K(7680K)] 10910K->4288K(25088K), 0.0003240 secs] [Times: user=0.00 sys=0.00, real=0.01 secs] 
182.799: Total time for which application threads were stopped: 0.0004200 seconds, Stopping threads took: 0.0000430 seconds
182.828: Application time: 0.0289610 seconds
182.828: [GC [PSYoungGen: 7164K->480K(7680K)] 10940K->4256K(25088K), 0.0003140 secs] [Times: user=0.00 sys=0.00, real=0.00 secs] 
182.828: Total time for which application threads were stopped: 0.0004090 seconds, Stopping threads took: 0.0000460 seconds
182.857: Application time: 0.0283110 seconds
182.857: [GC [PSYoungGen: 7133K->480K(7680K)] 10910K->4256K(25088K), 0.0004260 secs] [Times: user=0.01 sys=0.00, real=0.00 secs] 
182.857: Total time for which application threads were stopped: 0.0005160 seconds, Stopping threads took: 0.0000390 seconds
182.886: Application time: 0.0293120 seconds
182.887: [GC [PSYoungGen: 7132K->512K(7680K)] 10908K->4288K(25088K), 0.0003330 secs] [Times: user=0.00 sys=0.00, real=0.01 secs] 
182.887: Total time for which application threads were stopped: 0.0004350 seconds, Stopping threads took: 0.0000470 seconds
182.916: Application time: 0.0294990 seconds
182.916: [GC [PSYoungGen: 7166K->512K(7680K)] 10943K->4288K(25088K), 0.0003050 secs] [Times: user=0.00 sys=0.00, real=0.00 secs] 
182.917: Total time for which application threads were stopped: 0.0003950 seconds, Stopping threads took: 0.0000420 seconds
182.946: Application time: 0.0293860 seconds
182.946: [GC [PSYoungGen: 7166K->512K(7680K)] 10943K->4288K(25088K), 0.0003670 secs] [Times: user=0.00 sys=0.00, real=0.00 secs] 
182.947: Total time for which application threads were stopped: 0.0004610 seconds, Stopping threads took: 0.0000420 seconds
182.976: Application time: 0.0292910 seconds
182.976: [GC [PSYoungGen: 7166K->480K(7680K)] 10943K->4256K(25088K), 0.0003160 secs] [Times: user=0.00 sys=0.00, real=0.00 secs] 
182.976: Total time for which application threads were stopped: 0.0004110 seconds, Stopping threads took: 0.0000440 seconds
183.006: Application time: 0.0292850 seconds
183.006: [GC [PSYoungGen: 7134K->544K(7680K)] 10911K->4320K(25088K), 0.0003140 secs] [Times: user=0.00 sys=0.00, real=0.00 secs] 
183.006: Total time for which application threads were stopped: 0.0004050 seconds, Stopping threads took: 0.0000410 seconds
183.032: Application time: 0.0257880 seconds
183.032: [GC [PSYoungGen: 7196K->672K(7680K)] 10972K->4448K(25088K), 0.0003430 secs] [Times: user=0.00 sys=0.00, real=0.00 secs] 
183.032: Total time for which application threads were stopped: 0.0004450 seconds, Stopping threads took: 0.0000520 seconds
183.053: Application time: 0.0206500 seconds
183.053: [GC [PSYoungGen: 7324K->736K(7680K)] 11100K->4512K(25088K), 0.0003470 secs] [Times: user=0.01 sys=0.00, real=0.00 secs] 
183.053: Total time for which application threads were stopped: 0.0004420 seconds, Stopping threads took: 0.0000430 seconds
183.073: Application time: 0.0197500 seconds
183.073: [GC [PSYoungGen: 7391K->800K(7680K)] 11168K->4576K(25088K), 0.0003800 secs] [Times: user=0.01 sys=0.00, real=0.00 secs] 
183.074: Total time for which application threads were stopped: 0.0004720 seconds, Stopping threads took: 0.0000410 seconds
183.102: Application time: 0.0289010 seconds
183.103: [GC [PSYoungGen: 7452K->800K(7680K)] 11228K->4576K(25088K), 0.0003650 secs] [Times: user=0.00 sys=0.00, real=0.00 secs] 
183.103: Total time for which application threads were stopped: 0.0004700 seconds, Stopping threads took: 0.0000520 seconds
183.130: Application time: 0.0275130 seconds
183.131: [GC [PSYoungGen: 7454K->960K(7680K)] 11231K->4736K(25088K), 0.0004000 secs] [Times: user=0.00 sys=0.00, real=0.00 secs] 
183.131: Total time for which application threads were stopped: 0.0005090 seconds, Stopping threads took: 0.0000560 seconds
183.151: Application time: 0.0199610 seconds
183.155: [GC [PSYoungGen: 7612K->960K(7680K)] 11389K->4736K(25088K), 0.0004290 secs] [Times: user=0.00 sys=0.00, real=0.00 secs] 
183.155: Total time for which application threads were stopped: 0.0043290 seconds, Stopping threads took: 0.0038490 seconds
183.179: Application time: 0.0237310 seconds
183.179: [GC [PSYoungGen: 7612K->992K(7680K)] 11388K->4912K(25088K), 0.0004640 secs] [Times: user=0.00 sys=0.00, real=0.00 secs] 
183.180: Total time for which application threads were stopped: 0.0006110 seconds, Stopping threads took: 0.0000830 seconds
183.200: Application time: 0.0205380 seconds
183.200: [GC [PSYoungGen: 7646K->992K(7680K)] 11566K->5048K(25088K), 0.0004560 secs] [Times: user=0.00 sys=0.00, real=0.00 secs] 
183.201: Total time for which application threads were stopped: 0.0005600 seconds, Stopping threads took: 0.0000500 seconds
183.221: Application time: 0.0202070 seconds
183.221: [GC [PSYoungGen: 7645K->976K(7680K)] 11701K->5160K(25088K), 0.0004300 secs] [Times: user=0.00 sys=0.00, real=0.00 secs] 
183.221: Total time for which application threads were stopped: 0.0005410 seconds, Stopping threads took: 0.0000570 seconds
183.245: Application time: 0.0235670 seconds
183.245: [GC [PSYoungGen: 7630K->1008K(7680K)] 11814K->5200K(25088K), 0.0004530 secs] [Times: user=0.00 sys=0.00, real=0.00 secs] 
183.246: Total time for which application threads were stopped: 0.0005630 seconds, Stopping threads took: 0.0000530 seconds
183.273: Application time: 0.0278060 seconds
183.273: [GC [PSYoungGen: 7660K->992K(7680K)] 11853K->5312K(25088K), 0.0004280 secs] [Times: user=0.00 sys=0.00, real=0.00 secs] 
183.274: Total time for which application threads were stopped: 0.0005410 seconds, Stopping threads took: 0.0000580 seconds
183.303: Application time: 0.0288720 seconds
183.303: [GC [PSYoungGen: 7644K->928K(7680K)] 11964K->5248K(25088K), 0.0004620 secs] [Times: user=0.01 sys=0.00, real=0.00 secs] 
183.303: Total time for which application threads were stopped: 0.0005570 seconds, Stopping threads took: 0.0000440 seconds
183.331: Application time: 0.0279720 seconds
183.331: [GC [PSYoungGen: 7581K->992K(7680K)] 11902K->5320K(25088K), 0.0004240 secs] [Times: user=0.00 sys=0.00, real=0.00 secs] 
183.332: Total time for which application threads were stopped: 0.0005170 seconds, Stopping threads took: 0.0000430 seconds
183.361: Application time: 0.0290900 seconds
183.361: [GC [PSYoungGen: 7646K->1008K(7680K)] 11975K->5336K(25088K), 0.0004100 secs] [Times: user=0.00 sys=0.00, real=0.00 secs] 
183.361: Total time for which application threads were stopped: 0.0005120 seconds, Stopping threads took: 0.0000470 seconds
183.377: Application time: 0.0155270 seconds
183.379: [GC [PSYoungGen: 7662K->1008K(7680K)] 11991K->5700K(25088K), 0.0004840 secs] [Times: user=0.00 sys=0.00, real=0.00 secs] 
183.379: Total time for which application threads were stopped: 0.0023170 seconds, Stopping threads took: 0.0017770 seconds
183.396: Application time: 0.0165680 seconds
183.396: [GC [PSYoungGen: 7662K->976K(7680K)] 12355K->5796K(25088K), 0.0004140 secs] [Times: user=0.00 sys=0.00, real=0.00 secs] 
183.396: Total time for which application threads were stopped: 0.0005200 seconds, Stopping threads took: 0.0000510 seconds
183.411: Application time: 0.0145420 seconds
183.415: [GC [PSYoungGen: 7628K->992K(7680K)] 12449K->6121K(25088K), 0.0004820 secs] [Times: user=0.00 sys=0.00, real=0.00 secs] 
183.415: Total time for which application threads were stopped: 0.0043690 seconds, Stopping threads took: 0.0038300 seconds
183.434: Application time: 0.0185400 seconds
183.434: [GC [PSYoungGen: 7647K->992K(7680K)] 12776K->6369K(25088K), 0.0004810 secs] [Times: user=0.00 sys=0.00, real=0.00 secs] 
183.434: Total time for which application threads were stopped: 0.0005820 seconds, Stopping threads took: 0.0000440 seconds
183.455: Application time: 0.0203600 seconds
183.455: [GC [PSYoungGen: 7647K->912K(7680K)] 13025K->6289K(25088K), 0.0004130 secs] [Times: user=0.00 sys=0.00, real=0.00 secs] 
183.455: Total time for which application threads were stopped: 0.0005050 seconds, Stopping threads took: 0.0000400 seconds
183.481: Application time: 0.0255790 seconds
183.483: [GC [PSYoungGen: 7564K->1008K(7680K)] 12942K->6585K(25088K), 0.0005300 secs] [Times: user=0.00 sys=0.00, real=0.00 secs] 
183.483: Total time for which application threads were stopped: 0.0024820 seconds, Stopping threads took: 0.0019010 seconds
183.510: Application time: 0.0269840 seconds
183.510: [GC [PSYoungGen: 7663K->992K(7680K)] 13241K->6727K(25088K), 0.0004870 secs] [Times: user=0.00 sys=0.00, real=0.00 secs] 
183.511: Total time for which application threads were stopped: 0.0005800 seconds, Stopping threads took: 0.0000380 seconds
183.539: Application time: 0.0278680 seconds
183.539: [GC [PSYoungGen: 7644K->992K(7680K)] 13379K->6823K(25088K), 0.0004560 secs] [Times: user=0.00 sys=0.00, real=0.00 secs] 
183.539: Total time for which application threads were stopped: 0.0005680 seconds, Stopping threads took: 0.0000590 seconds
183.568: Application time: 0.0288850 seconds
183.568: [GC [PSYoungGen: 7644K->992K(7680K)] 13475K->6867K(25088K), 0.0004400 secs] [Times: user=0.01 sys=0.00, real=0.00 secs] 
183.569: Total time for which application threads were stopped: 0.0005460 seconds, Stopping threads took: 0.0000540 seconds
183.596: Application time: 0.0271410 seconds
183.596: [GC [PSYoungGen: 7646K->992K(7680K)] 13521K->7019K(25088K), 0.0004730 secs] [Times: user=0.00 sys=0.00, real=0.00 secs] 
183.597: Total time for which application threads were stopped: 0.0005790 seconds, Stopping threads took: 0.0000520 seconds
183.625: Application time: 0.0288030 seconds
183.625: [GC [PSYoungGen: 7611K->992K(7680K)] 13638K->7035K(25088K), 0.0005360 secs] [Times: user=0.00 sys=0.00, real=0.00 secs] 
183.626: Total time for which application threads were stopped: 0.0006550 seconds, Stopping threads took: 0.0000580 seconds
183.654: Application time: 0.0275760 seconds
183.654: [GC [PSYoungGen: 7647K->992K(7680K)] 13691K->7211K(25088K), 0.0004450 secs] [Times: user=0.00 sys=0.00, real=0.00 secs] 
183.654: Total time for which application threads were stopped: 0.0005440 seconds, Stopping threads took: 0.0000440 seconds
183.683: Application time: 0.0290360 seconds
183.683: [GC [PSYoungGen: 7646K->992K(7680K)] 13866K->7243K(25088K), 0.0004590 secs] [Times: user=0.00 sys=0.00, real=0.00 secs] 
183.684: Total time for which application threads were stopped: 0.0005620 seconds, Stopping threads took: 0.0000380 seconds
183.713: Application time: 0.0292910 seconds
183.713: [GC [PSYoungGen: 7644K->864K(7680K)] 13896K->7315K(25088K), 0.0004250 secs] [Times: user=0.00 sys=0.00, real=0.00 secs] 
183.714: Total time for which application threads were stopped: 0.0005270 seconds, Stopping threads took: 0.0000490 seconds
183.743: Application time: 0.0289850 seconds
183.743: [GC [PSYoungGen: 7518K->864K(7680K)] 13970K->7315K(25088K), 0.0004000 secs] [Times: user=0.00 sys=0.00, real=0.00 secs] 
183.743: Total time for which application threads were stopped: 0.0005070 seconds, Stopping threads took: 0.0000490 seconds
183.772: Application time: 0.0290990 seconds
183.772: [GC [PSYoungGen: 7518K->864K(7680K)] 13970K->7355K(25088K), 0.0003700 secs] [Times: user=0.01 sys=0.00, real=0.00 secs] 
183.773: Total time for which application threads were stopped: 0.0004700 seconds, Stopping threads took: 0.0000450 seconds
183.801: Application time: 0.0286460 seconds
183.801: [GC [PSYoungGen: 7516K->992K(7680K)] 14007K->7483K(25088K), 0.0004700 secs] [Times: user=0.00 sys=0.00, real=0.00 secs] 
183.802: Total time for which application threads were stopped: 0.0005850 seconds, Stopping threads took: 0.0000630 seconds
183.828: Application time: 0.0266440 seconds
183.829: [GC [PSYoungGen: 7647K->992K(7680K)] 14139K->7683K(25088K), 0.0004670 secs] [Times: user=0.00 sys=0.00, real=0.00 secs] 
183.829: Total time for which application threads were stopped: 0.0005640 seconds, Stopping threads took: 0.0000410 seconds
183.857: Application time: 0.0276370 seconds
183.857: [GC [PSYoungGen: 7646K->928K(7680K)] 14337K->7875K(25088K), 0.0004840 secs] [Times: user=0.00 sys=0.00, real=0.00 secs] 
183.857: Total time for which application threads were stopped: 0.0006040 seconds, Stopping threads took: 0.0000560 seconds
183.887: Application time: 0.0296860 seconds
183.887: [GC [PSYoungGen: 7582K->928K(7680K)] 14530K->7891K(25088K), 0.0003840 secs] [Times: user=0.00 sys=0.00, real=0.00 secs] 
183.887: Total time for which application threads were stopped: 0.0004770 seconds, Stopping threads took: 0.0000400 seconds
183.917: Application time: 0.0293350 seconds
183.917: [GC [PSYoungGen: 7582K->768K(7680K)] 14546K->7811K(25088K), 0.0004290 secs] [Times: user=0.01 sys=0.00, real=0.00 secs] 
183.917: Total time for which application threads were stopped: 0.0005390 seconds, Stopping threads took: 0.0000550 seconds
183.947: Application time: 0.0293850 seconds
183.947: [GC [PSYoungGen: 7422K->608K(7680K)] 14466K->7840K(25088K), 0.0004280 secs] [Times: user=0.00 sys=0.00, real=0.00 secs] 
183.947: Total time for which application threads were stopped: 0.0005270 seconds, Stopping threads took: 0.0000490 seconds
183.977: Application time: 0.0295520 seconds
183.977: [GC [PSYoungGen: 7262K->640K(7680K)] 14495K->7880K(25088K), 0.0004090 secs] [Times: user=0.00 sys=0.00, real=0.00 secs] 
183.977: Total time for which application threads were stopped: 0.0004990 seconds, Stopping threads took: 0.0000390 seconds
184.007: Application time: 0.0294050 seconds
184.007: [GC [PSYoungGen: 7294K->640K(7680K)] 14535K->7880K(25088K), 0.0003730 secs] [Times: user=0.00 sys=0.00, real=0.00 secs] 
184.007: Total time for which application threads were stopped: 0.0004870 seconds, Stopping threads took: 0.0000620 seconds
184.037: Application time: 0.0296590 seconds
184.037: [GC [PSYoungGen: 7294K->576K(7680K)] 14535K->7864K(25088K), 0.0003820 secs] [Times: user=0.01 sys=0.00, real=0.00 secs] 
184.037: Total time for which application threads were stopped: 0.0004770 seconds, Stopping threads took: 0.0000450 seconds
184.067: Application time: 0.0296500 seconds
184.071: [GC [PSYoungGen: 7230K->640K(7680K)] 14519K->7928K(25088K), 0.0004020 secs] [Times: user=0.00 sys=0.00, real=0.00 secs] 
184.071: Total time for which application threads were stopped: 0.0042490 seconds, Stopping threads took: 0.0037950 seconds
184.101: Application time: 0.0296850 seconds
184.101: [GC [PSYoungGen: 7294K->416K(7680K)] 14583K->7916K(25088K), 0.0003700 secs] [Times: user=0.00 sys=0.00, real=0.00 secs] 
184.101: Total time for which application threads were stopped: 0.0004870 seconds, Stopping threads took: 0.0000680 seconds
184.131: Application time: 0.0295400 seconds
184.131: [GC [PSYoungGen: 7070K->480K(7680K)] 14571K->7980K(25088K), 0.0003420 secs] [Times: user=0.00 sys=0.00, real=0.00 secs] 
184.131: Total time for which application threads were stopped: 0.0004470 seconds, Stopping threads took: 0.0000550 seconds
184.161: Application time: 0.0295570 seconds
184.161: [GC [PSYoungGen: 7134K->416K(7680K)] 14635K->7916K(25088K), 0.0003260 secs] [Times: user=0.00 sys=0.00, real=0.00 secs] 
184.161: Total time for which application threads were stopped: 0.0004190 seconds, Stopping threads took: 0.0000430 seconds
184.191: Application time: 0.0296670 seconds
184.191: [GC [PSYoungGen: 7070K->416K(7680K)] 14571K->7916K(25088K), 0.0003090 secs] [Times: user=0.01 sys=0.00, real=0.00 secs] 
184.191: Total time for which application threads were stopped: 0.0004140 seconds, Stopping threads took: 0.0000480 seconds
184.221: Application time: 0.0295710 seconds
184.221: [GC [PSYoungGen: 7070K->416K(7680K)] 14571K->7916K(25088K), 0.0003050 secs] [Times: user=0.00 sys=0.00, real=0.00 secs] 
184.221: Total time for which application threads were stopped: 0.0004090 seconds, Stopping threads took: 0.0000530 seconds
184.251: Application time: 0.0298180 seconds
184.251: [GC [PSYoungGen: 7070K->416K(7680K)] 14571K->7916K(25088K), 0.0003350 secs] [Times: user=0.00 sys=0.00, real=0.00 secs] 
184.252: Total time for which application threads were stopped: 0.0004300 seconds, Stopping threads took: 0.0000460 seconds
184.282: Application time: 0.0301860 seconds
184.282: [GC [PSYoungGen: 7070K->256K(7680K)] 14571K->8037K(25088K), 0.0003540 secs] [Times: user=0.01 sys=0.00, real=0.00 secs] 
184.282: Total time for which application threads were stopped: 0.0004440 seconds, Stopping threads took: 0.0000400 seconds
184.312: Application time: 0.0294500 seconds
184.312: [GC [PSYoungGen: 6910K->0K(7680K)] 14692K->7882K(25088K), 0.0003180 secs] [Times: user=0.00 sys=0.00, real=0.00 secs] 
184.312: Total time for which application threads were stopped: 0.0004150 seconds, Stopping threads took: 0.0000460 seconds
184.342: Application time: 0.0294630 seconds
184.342: [GC [PSYoungGen: 6654K->0K(7680K)] 14537K->7882K(25088K), 0.0003310 secs] [Times: user=0.00 sys=0.00, real=0.00 secs] 
184.342: Total time for which application threads were stopped: 0.0004310 seconds, Stopping threads took: 0.0000540 seconds
184.369: Application time: 0.0270510 seconds
184.369: [GC [PSYoungGen: 6654K->352K(7680K)] 14537K->8234K(25088K), 0.0003220 secs] [Times: user=0.00 sys=0.00, real=0.00 secs] 
184.370: Total time for which application threads were stopped: 0.0004180 seconds, Stopping threads took: 0.0000460 seconds
184.390: Application time: 0.0206460 seconds
184.390: [GC [PSYoungGen: 7007K->288K(7680K)] 14889K->8170K(25088K), 0.0003550 secs] [Times: user=0.00 sys=0.00, real=0.00 secs] 
184.391: Total time for which application threads were stopped: 0.0004540 seconds, Stopping threads took: 0.0000490 seconds
184.412: Application time: 0.0210220 seconds
184.412: [GC [PSYoungGen: 6943K->320K(7680K)] 14826K->8202K(25088K), 0.0003610 secs] [Times: user=0.00 sys=0.00, real=0.00 secs] 
184.412: Total time for which application threads were stopped: 0.0004580 seconds, Stopping threads took: 0.0000460 seconds
184.441: Application time: 0.0290400 seconds
184.441: [GC [PSYoungGen: 6972K->352K(7680K)] 14854K->8234K(25088K), 0.0003220 secs] [Times: user=0.01 sys=0.00, real=0.00 secs] 
184.442: Total time for which application threads were stopped: 0.0004110 seconds, Stopping threads took: 0.0000390 seconds
184.471: Application time: 0.0289230 seconds
184.471: [GC [PSYoungGen: 7004K->288K(7680K)] 14886K->8170K(25088K), 0.0003410 secs] [Times: user=0.00 sys=0.00, real=0.00 secs] 
184.471: Total time for which application threads were stopped: 0.0004310 seconds, Stopping threads took: 0.0000400 seconds
184.493: Application time: 0.0221430 seconds
184.493: [GC [PSYoungGen: 6941K->576K(7680K)] 14824K->8458K(25088K), 0.0003460 secs] [Times: user=0.00 sys=0.00, real=0.00 secs] 
184.494: Total time for which application threads were stopped: 0.0004460 seconds, Stopping threads took: 0.0000460 seconds
184.515: Application time: 0.0213990 seconds
184.515: [GC [PSYoungGen: 7231K->512K(7680K)] 15114K->8394K(25088K), 0.0003460 secs] [Times: user=0.00 sys=0.00, real=0.00 secs] 
184.515: Total time for which application threads were stopped: 0.0004400 seconds, Stopping threads took: 0.0000450 seconds
184.539: Application time: 0.0238980 seconds
184.539: [GC [PSYoungGen: 7165K->512K(7680K)] 15048K->8394K(25088K), 0.0003310 secs] [Times: user=0.00 sys=0.00, real=0.00 secs] 
184.540: Total time for which application threads were stopped: 0.0004250 seconds, Stopping threads took: 0.0000430 seconds
184.569: Application time: 0.0291620 seconds
184.569: [GC [PSYoungGen: 7166K->512K(7680K)] 15048K->8394K(25088K), 0.0003530 secs] [Times: user=0.00 sys=0.00, real=0.00 secs] 
184.569: Total time for which application threads were stopped: 0.0004510 seconds, Stopping threads took: 0.0000480 seconds
184.598: Application time: 0.0281640 seconds
184.598: [GC [PSYoungGen: 7165K->512K(7680K)] 15048K->8394K(25088K), 0.0003520 secs] [Times: user=0.00 sys=0.00, real=0.00 secs] 
184.598: Total time for which application threads were stopped: 0.0004410 seconds, Stopping threads took: 0.0000380 seconds
184.627: Application time: 0.0295000 seconds
184.628: [GC [PSYoungGen: 7166K->512K(7680K)] 15049K->8394K(25088K), 0.0004310 secs] [Times: user=0.00 sys=0.00, real=0.00 secs] 
184.628: Total time for which application threads were stopped: 0.0005360 seconds, Stopping threads took: 0.0000490 seconds
184.658: Application time: 0.0301290 seconds
184.658: [GC [PSYoungGen: 7166K->480K(7680K)] 15048K->8362K(25088K), 0.0003920 secs] [Times: user=0.01 sys=0.00, real=0.00 secs] 
184.659: Total time for which application threads were stopped: 0.0004970 seconds, Stopping threads took: 0.0000520 seconds
184.688: Application time: 0.0292210 seconds
184.688: [GC [PSYoungGen: 7134K->480K(7680K)] 15017K->8362K(25088K), 0.0003270 secs] [Times: user=0.00 sys=0.00, real=0.00 secs] 
184.688: Total time for which application threads were stopped: 0.0004250 seconds, Stopping threads took: 0.0000470 seconds
184.718: Application time: 0.0292990 seconds
184.718: [GC [PSYoungGen: 7132K->512K(7680K)] 15014K->8394K(25088K), 0.0003370 secs] [Times: user=0.00 sys=0.00, real=0.00 secs] 
184.718: Total time for which application threads were stopped: 0.0004420 seconds, Stopping threads took: 0.0000470 seconds
184.748: Application time: 0.0302560 seconds
184.748: [GC [PSYoungGen: 7166K->512K(7680K)] 15048K->8394K(25088K), 0.0003550 secs] [Times: user=0.01 sys=0.00, real=0.00 secs] 
184.749: Total time for which application threads were stopped: 0.0004670 seconds, Stopping threads took: 0.0000590 seconds
184.772: Application time: 0.0236050 seconds
184.772: [GC [PSYoungGen: 7070K->640K(7680K)] 14952K->8522K(25088K), 0.0003850 secs] [Times: user=0.01 sys=0.00, real=0.00 secs] 
184.773: Total time for which application threads were stopped: 0.0005080 seconds, Stopping threads took: 0.0000720 seconds
184.793: Application time: 0.0204500 seconds
184.793: [GC [PSYoungGen: 7293K->704K(7680K)] 15176K->8586K(25088K), 0.0003590 secs] [Times: user=0.00 sys=0.00, real=0.00 secs] 
184.794: Total time for which application threads were stopped: 0.0004640 seconds, Stopping threads took: 0.0000550 seconds
184.815: Application time: 0.0214450 seconds
184.815: [GC [PSYoungGen: 7355K->752K(7680K)] 15238K->8634K(25088K), 0.0004150 secs] [Times: user=0.00 sys=0.00, real=0.00 secs] 
184.816: Total time for which application threads were stopped: 0.0005100 seconds, Stopping threads took: 0.0000430 seconds
184.845: Application time: 0.0289330 seconds
184.845: [GC [PSYoungGen: 7404K->736K(7680K)] 15286K->8618K(25088K), 0.0004850 secs] [Times: user=0.01 sys=0.00, real=0.00 secs] 
184.845: Total time for which application threads were stopped: 0.0005790 seconds, Stopping threads took: 0.0000440 seconds
184.874: Application time: 0.0287030 seconds
184.874: [GC [PSYoungGen: 7390K->624K(7680K)] 15272K->8506K(25088K), 0.0003610 secs] [Times: user=0.00 sys=0.00, real=0.00 secs] 
184.874: Total time for which application threads were stopped: 0.0004530 seconds, Stopping threads took: 0.0000410 seconds
184.899: Application time: 0.0244430 seconds
184.899: [GC [PSYoungGen: 7275K->928K(7680K)] 15158K->8810K(25088K), 0.0003970 secs] [Times: user=0.00 sys=0.00, real=0.00 secs] 
184.899: Total time for which application threads were stopped: 0.0004850 seconds, Stopping threads took: 0.0000370 seconds
184.918: Application time: 0.0186480 seconds
184.918: [GC [PSYoungGen: 7584K->928K(7680K)] 15466K->8938K(25088K), 0.0004500 secs] [Times: user=0.00 sys=0.00, real=0.00 secs] 
184.919: Total time for which application threads were stopped: 0.0005490 seconds, Stopping threads took: 0.0000450 seconds
184.934: Application time: 0.0150600 seconds
184.935: [GC [PSYoungGen: 7581K->960K(7680K)] 15592K->9098K(25088K), 0.0004370 secs] [Times: user=0.00 sys=0.00, real=0.00 secs] 
184.935: Total time for which application threads were stopped: 0.0016730 seconds, Stopping threads took: 0.0011790 seconds
184.957: Application time: 0.0222070 seconds
184.959: [GC [PSYoungGen: 7616K->960K(7680K)] 15754K->9226K(25088K), 0.0005250 secs] [Times: user=0.00 sys=0.00, real=0.00 secs] 
184.960: Total time for which application threads were stopped: 0.0029630 seconds, Stopping threads took: 0.0013230 seconds
184.984: Application time: 0.0237590 seconds
184.984: [GC [PSYoungGen: 7614K->912K(7680K)] 15880K->9178K(25088K), 0.0004860 secs] [Times: user=0.00 sys=0.00, real=0.00 secs] 
184.985: Total time for which application threads were stopped: 0.0006140 seconds, Stopping threads took: 0.0000730 seconds
185.013: Application time: 0.0278610 seconds
185.013: [GC [PSYoungGen: 7566K->1008K(7680K)] 15833K->9274K(25088K), 0.0004590 secs] [Times: user=0.00 sys=0.00, real=0.00 secs] 
185.013: Total time for which application threads were stopped: 0.0005760 seconds, Stopping threads took: 0.0000600 seconds
185.041: Application time: 0.0280820 seconds
185.041: [GC [PSYoungGen: 7660K->992K(7680K)] 15926K->9258K(25088K), 0.0004210 secs] [Times: user=0.01 sys=0.00, real=0.00 secs] 
185.042: Total time for which application threads were stopped: 0.0005320 seconds, Stopping threads took: 0.0000550 seconds
185.071: Application time: 0.0293120 seconds
185.071: [GC [PSYoungGen: 7646K->896K(7680K)] 15913K->9162K(25088K), 0.0004030 secs] [Times: user=0.00 sys=0.00, real=0.00 secs] 
185.072: Total time for which application threads were stopped: 0.0005060 seconds, Stopping threads took: 0.0000500 seconds
185.101: Application time: 0.0289870 seconds
185.101: [GC [PSYoungGen: 7550K->960K(7680K)] 15817K->9226K(25088K), 0.0004090 secs] [Times: user=0.01 sys=0.00, real=0.00 secs] 
185.101: Total time for which application threads were stopped: 0.0005110 seconds, Stopping threads took: 0.0000480 seconds
185.122: Application time: 0.0208250 seconds
185.122: [GC [PSYoungGen: 7615K->992K(7680K)] 15881K->9407K(25088K), 0.0004620 secs] [Times: user=0.00 sys=0.00, real=0.00 secs] 
185.123: Total time for which application threads were stopped: 0.0005610 seconds, Stopping threads took: 0.0000460 seconds
185.139: Application time: 0.0163930 seconds
185.143: [GC [PSYoungGen: 7647K->1008K(7680K)] 16062K->9659K(25088K), 0.0004950 secs] [Times: user=0.00 sys=0.00, real=0.00 secs] 
185.143: Total time for which application threads were stopped: 0.0042460 seconds, Stopping threads took: 0.0036910 seconds
185.159: Application time: 0.0157700 seconds
185.159: [GC [PSYoungGen: 7660K->1008K(7680K)] 16311K->10064K(25088K), 0.0004840 secs] [Times: user=0.01 sys=0.00, real=0.00 secs] 
185.160: Total time for which application threads were stopped: 0.0005760 seconds, Stopping threads took: 0.0000370 seconds
185.176: Application time: 0.0159870 seconds
185.176: [GC [PSYoungGen: 7660K->992K(7680K)] 16716K->10120K(25088K), 0.0004380 secs] [Times: user=0.00 sys=0.00, real=0.00 secs] 
185.176: Total time for which application threads were stopped: 0.0005350 seconds, Stopping threads took: 0.0000440 seconds
185.195: Application time: 0.0187120 seconds
185.195: [GC [PSYoungGen: 7644K->992K(7680K)] 16772K->10309K(25088K), 0.0004340 secs] [Times: user=0.00 sys=0.00, real=0.00 secs] 
185.195: Total time for which application threads were stopped: 0.0005350 seconds, Stopping threads took: 0.0000490 seconds
185.220: Application time: 0.0241560 seconds
185.220: [GC [PSYoungGen: 7643K->992K(7680K)] 16960K->10609K(25088K), 0.0005100 secs] [Times: user=0.00 sys=0.00, real=0.00 secs] 
185.220: Total time for which application threads were stopped: 0.0006290 seconds, Stopping threads took: 0.0000490 seconds
185.246: Application time: 0.0263250 seconds
185.247: [GC [PSYoungGen: 7532K->1008K(7680K)] 17149K->10845K(25088K), 0.0004880 secs] [Times: user=0.00 sys=0.00, real=0.01 secs] 
185.247: Total time for which application threads were stopped: 0.0005900 seconds, Stopping threads took: 0.0000490 seconds
185.274: Application time: 0.0271280 seconds
185.274: [GC [PSYoungGen: 7663K->992K(7680K)] 17501K->10997K(25088K), 0.0005720 secs] [Times: user=0.00 sys=0.00, real=0.00 secs] 
185.275: Total time for which application threads were stopped: 0.0006650 seconds, Stopping threads took: 0.0000400 seconds
185.304: Application time: 0.0288940 seconds
185.304: [GC [PSYoungGen: 7644K->912K(7680K)] 17649K->11042K(25088K), 0.0004280 secs] [Times: user=0.00 sys=0.00, real=0.00 secs] 
185.304: Total time for which application threads were stopped: 0.0005300 seconds, Stopping threads took: 0.0000500 seconds
185.332: Application time: 0.0278220 seconds
185.332: [GC [PSYoungGen: 7565K->992K(7680K)] 17695K->11162K(25088K), 0.0004230 secs] [Times: user=0.00 sys=0.00, real=0.00 secs] 
185.333: Total time for which application threads were stopped: 0.0005370 seconds, Stopping threads took: 0.0000520 seconds
185.360: Application time: 0.0271160 seconds
185.360: [GC [PSYoungGen: 7646K->1008K(7680K)] 17816K->11370K(25088K), 0.0004820 secs] [Times: user=0.01 sys=0.00, real=0.00 secs] 
185.360: Total time for which application threads were stopped: 0.0005790 seconds, Stopping threads took: 0.0000410 seconds
185.388: Application time: 0.0280850 seconds
185.389: [GC [PSYoungGen: 7660K->992K(7680K)] 18022K->11622K(25088K), 0.0004810 secs] [Times: user=0.00 sys=0.00, real=0.00 secs] 
185.389: Total time for which application threads were stopped: 0.0005820 seconds, Stopping threads took: 0.0000480 seconds
185.418: Application time: 0.0289270 seconds
185.418: [GC [PSYoungGen: 7646K->1008K(7680K)] 18277K->11702K(25088K), 0.0004950 secs] [Times: user=0.00 sys=0.00, real=0.00 secs] 
185.419: Total time for which application threads were stopped: 0.0005980 seconds, Stopping threads took: 0.0000490 seconds
185.448: Application time: 0.0291700 seconds
185.451: [GC [PSYoungGen: 7662K->992K(7680K)] 18357K->11686K(25088K), 0.0004070 secs] [Times: user=0.00 sys=0.00, real=0.00 secs] 
185.451: Total time for which application threads were stopped: 0.0035340 seconds, Stopping threads took: 0.0030720 seconds
185.480: Application time: 0.0289850 seconds
185.480: [GC [PSYoungGen: 7646K->1008K(7680K)] 18341K->11706K(25088K), 0.0004140 secs] [Times: user=0.01 sys=0.00, real=0.00 secs] 
185.481: Total time for which application threads were stopped: 0.0005140 seconds, Stopping threads took: 0.0000440 seconds
185.510: Application time: 0.0291080 seconds
185.510: [GC [PSYoungGen: 7662K->992K(7680K)] 18361K->11738K(25088K), 0.0004040 secs] [Times: user=0.00 sys=0.00, real=0.00 secs] 
185.510: Total time for which application threads were stopped: 0.0005050 seconds, Stopping threads took: 0.0000480 seconds
185.538: Application time: 0.0280910 seconds
185.539: [GC [PSYoungGen: 7644K->992K(7680K)] 18390K->11914K(25088K), 0.0004420 secs] [Times: user=0.00 sys=0.00, real=0.01 secs] 
185.539: Total time for which application threads were stopped: 0.0005400 seconds, Stopping threads took: 0.0000440 seconds
185.567: Application time: 0.0277020 seconds
185.567: [GC [PSYoungGen: 7647K->992K(7680K)] 18570K->12086K(25088K), 0.0004820 secs] [Times: user=0.00 sys=0.00, real=0.00 secs] 
185.567: Total time for which application threads were stopped: 0.0005910 seconds, Stopping threads took: 0.0000560 seconds
185.595: Application time: 0.0277430 seconds
185.595: [GC [PSYoungGen: 7646K->1008K(7680K)] 18740K->12423K(25088K), 0.0005010 secs] [Times: user=0.00 sys=0.00, real=0.00 secs] 
185.596: Total time for which application threads were stopped: 0.0006010 seconds, Stopping threads took: 0.0000440 seconds
185.625: Application time: 0.0290890 seconds
185.625: [GC [PSYoungGen: 7660K->992K(7680K)] 19076K->12431K(25088K), 0.0005070 secs] [Times: user=0.00 sys=0.00, real=0.00 secs] 
185.625: Total time for which application threads were stopped: 0.0006220 seconds, Stopping threads took: 0.0000550 seconds
185.655: Application time: 0.0296960 seconds
185.655: [GC [PSYoungGen: 7646K->768K(7680K)] 19086K->12460K(25088K), 0.0004690 secs] [Times: user=0.00 sys=0.00, real=0.00 secs] 
185.656: Total time for which application threads were stopped: 0.0005590 seconds, Stopping threads took: 0.0000360 seconds
185.685: Application time: 0.0294270 seconds
185.685: [GC [PSYoungGen: 7422K->800K(7680K)] 19115K->12532K(25088K), 0.0004100 secs] [Times: user=0.00 sys=0.00, real=0.00 secs] 
185.686: Total time for which application threads were stopped: 0.0005130 seconds, Stopping threads took: 0.0000460 seconds
185.715: Application time: 0.0295330 seconds
185.715: [GC [PSYoungGen: 7454K->640K(7680K)] 19187K->12572K(25088K), 0.0004100 secs] [Times: user=0.01 sys=0.00, real=0.00 secs] 
185.716: Total time for which application threads were stopped: 0.0005020 seconds, Stopping threads took: 0.0000400 seconds
185.745: Application time: 0.0294860 seconds
185.745: [GC [PSYoungGen: 7294K->608K(7680K)] 19227K->12540K(25088K), 0.0003630 secs] [Times: user=0.00 sys=0.00, real=0.00 secs] 
185.746: Total time for which application threads were stopped: 0.0004660 seconds, Stopping threads took: 0.0000390 seconds
185.775: Application time: 0.0295610 seconds
185.775: [GC [PSYoungGen: 7262K->608K(7680K)] 19195K->12540K(25088K), 0.0004020 secs] [Times: user=0.00 sys=0.00, real=0.00 secs] 
185.776: Total time for which application threads were stopped: 0.0005160 seconds, Stopping threads took: 0.0000640 seconds
185.806: Application time: 0.0302020 seconds
185.806: [GC [PSYoungGen: 7262K->608K(7680K)] 19194K->12588K(25088K), 0.0003730 secs] [Times: user=0.01 sys=0.00, real=0.00 secs] 
185.806: Total time for which application threads were stopped: 0.0004690 seconds, Stopping threads took: 0.0000440 seconds
185.836: Application time: 0.0294840 seconds
185.836: [GC [PSYoungGen: 7262K->608K(7680K)] 19243K->12657K(25088K), 0.0003610 secs] [Times: user=0.00 sys=0.00, real=0.00 secs] 
185.836: Total time for which application threads were stopped: 0.0004520 seconds, Stopping threads took: 0.0000400 seconds
185.866: Application time: 0.0296160 seconds
185.866: [GC [PSYoungGen: 7262K->576K(7680K)] 19311K->12625K(25088K), 0.0003780 secs] [Times: user=0.00 sys=0.00, real=0.00 secs] 
185.866: Total time for which application threads were stopped: 0.0004690 seconds, Stopping threads took: 0.0000400 seconds
185.896: Application time: 0.0295780 seconds
185.899: [GC [PSYoungGen: 7230K->512K(7680K)] 19279K->12561K(25088K), 0.0003580 secs] [Times: user=0.00 sys=0.00, real=0.00 secs] 
185.899: Total time for which application threads were stopped: 0.0032920 seconds, Stopping threads took: 0.0028830 seconds
185.929: Application time: 0.0296580 seconds
185.929: [GC [PSYoungGen: 7166K->576K(7680K)] 19215K->12625K(25088K), 0.0003540 secs] [Times: user=0.00 sys=0.00, real=0.00 secs] 
185.929: Total time for which application threads were stopped: 0.0004700 seconds, Stopping threads took: 0.0000600 seconds
185.959: Application time: 0.0296890 seconds
185.959: [GC [PSYoungGen: 7230K->512K(7680K)] 19279K->12561K(25088K), 0.0003600 secs] [Times: user=0.00 sys=0.00, real=0.00 secs] 
185.959: Total time for which application threads were stopped: 0.0004670 seconds, Stopping threads took: 0.0000570 seconds
185.989: Application time: 0.0296940 seconds
185.989: [GC [PSYoungGen: 7166K->576K(7680K)] 19215K->12641K(25088K), 0.0003570 secs] [Times: user=0.00 sys=0.00, real=0.00 secs] 
185.990: Total time for which application threads were stopped: 0.0004520 seconds, Stopping threads took: 0.0000440 seconds
186.019: Application time: 0.0296480 seconds
186.023: [GC [PSYoungGen: 7230K->480K(7680K)] 19295K->12765K(25088K), 0.0003830 secs] [Times: user=0.00 sys=0.00, real=0.00 secs] 
186.023: Total time for which application threads were stopped: 0.0039410 seconds, Stopping threads took: 0.0035060 seconds
186.053: Application time: 0.0293830 seconds
186.053: [GC [PSYoungGen: 7134K->384K(7680K)] 19420K->12770K(25088K), 0.0003400 secs] [Times: user=0.00 sys=0.00, real=0.00 secs] 
186.053: Total time for which application threads were stopped: 0.0004310 seconds, Stopping threads took: 0.0000380 seconds
186.083: Application time: 0.0295230 seconds
186.083: [GC [PSYoungGen: 7038K->0K(7680K)] 19424K->12614K(25088K), 0.0003230 secs] [Times: user=0.00 sys=0.00, real=0.00 secs] 
186.083: Total time for which application threads were stopped: 0.0004200 seconds, Stopping threads took: 0.0000470 seconds
186.109: Application time: 0.0256790 seconds
186.109: [GC [PSYoungGen: 6652K->352K(7680K)] 19266K->12966K(25088K), 0.0003190 secs] [Times: user=0.00 sys=0.00, real=0.00 secs] 
186.109: Total time for which application threads were stopped: 0.0004130 seconds, Stopping threads took: 0.0000430 seconds
186.130: Application time: 0.0206050 seconds
186.130: [GC [PSYoungGen: 7004K->384K(7680K)] 19619K->12998K(25088K), 0.0003450 secs] [Times: user=0.00 sys=0.00, real=0.00 secs] 
186.130: Total time for which application threads were stopped: 0.0004320 seconds, Stopping threads took: 0.0000310 seconds
186.152: Application time: 0.0222020 seconds
186.152: [GC [PSYoungGen: 7037K->384K(7680K)] 19652K->12998K(25088K), 0.0003440 secs] [Times: user=0.00 sys=0.00, real=0.00 secs] 
186.153: Total time for which application threads were stopped: 0.0004400 seconds, Stopping threads took: 0.0000480 seconds
186.182: Application time: 0.0290100 seconds
186.182: [GC [PSYoungGen: 7036K->352K(7680K)] 19650K->12966K(25088K), 0.0003300 secs] [Times: user=0.00 sys=0.00, real=0.00 secs] 
186.182: Total time for which application threads were stopped: 0.0004340 seconds, Stopping threads took: 0.0000540 seconds
186.211: Application time: 0.0289000 seconds
186.211: [GC [PSYoungGen: 7004K->352K(7680K)] 19618K->12966K(25088K), 0.0003100 secs] [Times: user=0.00 sys=0.00, real=0.00 secs] 
186.212: Total time for which application threads were stopped: 0.0004040 seconds, Stopping threads took: 0.0000440 seconds
186.236: Application time: 0.0248650 seconds
186.236: [GC [PSYoungGen: 7005K->544K(7680K)] 19619K->13158K(25088K), 0.0003580 secs] [Times: user=0.01 sys=0.00, real=0.00 secs] 
186.237: Total time for which application threads were stopped: 0.0004510 seconds, Stopping threads took: 0.0000430 seconds
186.258: Application time: 0.0212610 seconds
186.258: [GC [PSYoungGen: 7197K->544K(7680K)] 19812K->13158K(25088K), 0.0003840 secs] [Times: user=0.00 sys=0.00, real=0.00 secs] 
186.259: Total time for which application threads were stopped: 0.0005450 seconds, Stopping threads took: 0.0000990 seconds
186.281: Application time: 0.0220650 seconds
186.281: [GC [PSYoungGen: 7197K->544K(7680K)] 19812K->13158K(25088K), 0.0003620 secs] [Times: user=0.01 sys=0.00, real=0.00 secs] 
186.281: Total time for which application threads were stopped: 0.0004660 seconds, Stopping threads took: 0.0000510 seconds
186.310: Application time: 0.0290070 seconds
186.310: [GC [PSYoungGen: 7196K->512K(7680K)] 19810K->13126K(25088K), 0.0003380 secs] [Times: user=0.00 sys=0.00, real=0.00 secs] 
186.311: Total time for which application threads were stopped: 0.0004210 seconds, Stopping threads took: 0.0000330 seconds
186.340: Application time: 0.0289850 seconds
186.340: [GC [PSYoungGen: 7164K->512K(7680K)] 19778K->13126K(25088K), 0.0003940 secs] [Times: user=0.00 sys=0.00, real=0.00 secs] 
186.340: Total time for which application threads were stopped: 0.0004960 seconds, Stopping threads took: 0.0000490 seconds
186.368: Application time: 0.0283770 seconds
186.369: [GC [PSYoungGen: 7165K->544K(7680K)] 19780K->13158K(25088K), 0.0003400 secs] [Times: user=0.00 sys=0.00, real=0.00 secs] 
186.369: Total time for which application threads were stopped: 0.0004380 seconds, Stopping threads took: 0.0000470 seconds
186.398: Application time: 0.0291850 seconds
186.398: [GC [PSYoungGen: 7198K->512K(7680K)] 19813K->13126K(25088K), 0.0003580 secs] [Times: user=0.00 sys=0.00, real=0.00 secs] 
186.399: Total time for which application threads were stopped: 0.0004610 seconds, Stopping threads took: 0.0000510 seconds
186.428: Application time: 0.0292130 seconds
186.428: [GC [PSYoungGen: 7166K->544K(7680K)] 19781K->13158K(25088K), 0.0003240 secs] [Times: user=0.00 sys=0.00, real=0.00 secs] 
186.428: Total time for which application threads were stopped: 0.0004210 seconds, Stopping threads took: 0.0000460 seconds
186.457: Application time: 0.0291360 seconds
186.457: [GC [PSYoungGen: 7198K->480K(7680K)] 19813K->13094K(25088K), 0.0003590 secs] [Times: user=0.00 sys=0.00, real=0.00 secs] 
186.458: Total time for which application threads were stopped: 0.0004530 seconds, Stopping threads took: 0.0000460 seconds
186.487: Application time: 0.0291330 seconds
186.487: [GC [PSYoungGen: 7134K->512K(7680K)] 19749K->13126K(25088K), 0.0003280 secs] [Times: user=0.00 sys=0.00, real=0.00 secs] 
186.487: Total time for which application threads were stopped: 0.0004290 seconds, Stopping threads took: 0.0000510 seconds
186.514: Application time: 0.0266310 seconds
186.514: [GC [PSYoungGen: 7163K->640K(7680K)] 19778K->13254K(25088K), 0.0004130 secs] [Times: user=0.00 sys=0.00, real=0.00 secs] 
186.514: Total time for which application threads were stopped: 0.0005130 seconds, Stopping threads took: 0.0000400 seconds
186.534: Application time: 0.0198630 seconds
186.534: [GC [PSYoungGen: 7292K->704K(7680K)] 19907K->13318K(25088K), 0.0003840 secs] [Times: user=0.00 sys=0.00, real=0.00 secs] 
186.535: Total time for which application threads were stopped: 0.0004850 seconds, Stopping threads took: 0.0000470 seconds
186.555: Application time: 0.0199180 seconds
186.555: [GC [PSYoungGen: 7357K->640K(7680K)] 19972K->13254K(25088K), 0.0003770 secs] [Times: user=0.00 sys=0.00, real=0.00 secs] 
186.555: Total time for which application threads were stopped: 0.0004850 seconds, Stopping threads took: 0.0000530 seconds
186.584: Application time: 0.0283320 seconds
186.584: [GC [PSYoungGen: 7293K->736K(7680K)] 19908K->13350K(25088K), 0.0003940 secs] [Times: user=0.00 sys=0.00, real=0.00 secs] 
186.584: Total time for which application threads were stopped: 0.0004860 seconds, Stopping threads took: 0.0000400 seconds
186.613: Application time: 0.0288360 seconds
186.613: [GC [PSYoungGen: 7390K->736K(7680K)] 20004K->13350K(25088K), 0.0004040 secs] [Times: user=0.00 sys=0.00, real=0.00 secs] 
186.613: Total time for which application threads were stopped: 0.0004970 seconds, Stopping threads took: 0.0000410 seconds
186.639: Application time: 0.0251630 seconds
186.639: [GC [PSYoungGen: 7387K->992K(7680K)] 20002K->13606K(25088K), 0.0004960 secs] [Times: user=0.00 sys=0.00, real=0.01 secs] 
186.639: Total time for which application threads were stopped: 0.0006160 seconds, Stopping threads took: 0.0000600 seconds
186.659: Application time: 0.0197940 seconds
186.659: [GC [PSYoungGen: 7647K->992K(7680K)] 20262K->13742K(25088K), 0.0004960 secs] [Times: user=0.00 sys=0.00, real=0.00 secs] 
186.660: Total time for which application threads were stopped: 0.0005990 seconds, Stopping threads took: 0.0000460 seconds
186.674: Application time: 0.0148050 seconds
186.674: [GC [PSYoungGen: 7644K->992K(7680K)] 20395K->13758K(25088K), 0.0004920 secs] [Times: user=0.00 sys=0.00, real=0.00 secs] 
186.675: Total time for which application threads were stopped: 0.0006100 seconds, Stopping threads took: 0.0000640 seconds
186.694: Application time: 0.0193060 seconds
186.694: [GC [PSYoungGen: 7644K->1008K(7680K)] 20411K->13798K(25088K), 0.0004300 secs] [Times: user=0.01 sys=0.00, real=0.00 secs] 
186.695: Total time for which application threads were stopped: 0.0005340 seconds, Stopping threads took: 0.0000490 seconds
186.719: Application time: 0.0239590 seconds
186.719: [GC [PSYoungGen: 7662K->928K(7680K)] 20452K->13846K(25088K), 0.0004320 secs] [Times: user=0.00 sys=0.00, real=0.00 secs] 
186.719: Total time for which application threads were stopped: 0.0005290 seconds, Stopping threads took: 0.0000440 seconds
186.747: Application time: 0.0276810 seconds
186.747: [GC [PSYoungGen: 7580K->992K(7680K)] 20499K->13918K(25088K), 0.0004280 secs] [Times: user=0.00 sys=0.00, real=0.00 secs] 
186.748: Total time for which application threads were stopped: 0.0005300 seconds, Stopping threads took: 0.0000460 seconds
186.776: Application time: 0.0280350 seconds
186.776: [GC [PSYoungGen: 7643K->992K(7680K)] 20570K->13918K(25088K), 0.0004490 secs] [Times: user=0.00 sys=0.00, real=0.00 secs] 
186.776: Total time for which application threads were stopped: 0.0005500 seconds, Stopping threads took: 0.0000390 seconds
186.805: Application time: 0.0290930 seconds
186.805: [GC [PSYoungGen: 7644K->928K(7680K)] 20570K->13854K(25088K), 0.0004150 secs] [Times: user=0.01 sys=0.00, real=0.00 secs] 
186.806: Total time for which application threads were stopped: 0.0005220 seconds, Stopping threads took: 0.0000490 seconds
186.835: Application time: 0.0289460 seconds
186.835: [GC [PSYoungGen: 7582K->960K(7680K)] 20509K->13886K(25088K), 0.0004230 secs] [Times: user=0.00 sys=0.00, real=0.00 secs] 
186.835: Total time for which application threads were stopped: 0.0005370 seconds, Stopping threads took: 0.0000590 seconds
186.860: Application time: 0.0243360 seconds
186.860: [GC [PSYoungGen: 7612K->1008K(7680K)] 20539K->14110K(25088K), 0.0004720 secs] [Times: user=0.00 sys=0.00, real=0.00 secs] 
186.860: Total time for which application threads were stopped: 0.0005600 seconds, Stopping threads took: 0.0000350 seconds
186.878: Application time: 0.0176400 seconds
186.878: [GC [PSYoungGen: 7662K->1008K(7680K)] 20765K->14214K(25088K), 0.0005160 secs] [Times: user=0.00 sys=0.00, real=0.00 secs] 
186.878: Total time for which application threads were stopped: 0.0006360 seconds, Stopping threads took: 0.0000630 seconds
186.894: Application time: 0.0157750 seconds
186.894: [GC [PSYoungGen: 7660K->992K(7680K)] 20867K->14350K(25088K), 0.0004560 secs] [Times: user=0.00 sys=0.00, real=0.00 secs] 
186.895: Total time for which application threads were stopped: 0.0005620 seconds, Stopping threads took: 0.0000480 seconds
186.912: Application time: 0.0168640 seconds
186.912: [GC [PSYoungGen: 7646K->1008K(7680K)] 21005K->14531K(25088K), 0.0004680 secs] [Times: user=0.00 sys=0.00, real=0.00 secs] 
186.912: Total time for which application threads were stopped: 0.0005690 seconds, Stopping threads took: 0.0000470 seconds
186.931: Application time: 0.0184280 seconds
186.931: [GC [PSYoungGen: 7661K->1008K(7680K)] 21184K->14731K(25088K), 0.0004930 secs] [Times: user=0.00 sys=0.00, real=0.00 secs] 
186.931: Total time for which application threads were stopped: 0.0006020 seconds, Stopping threads took: 0.0000540 seconds
186.951: Application time: 0.0199170 seconds
186.951: [GC [PSYoungGen: 7662K->992K(7680K)] 21385K->15091K(25088K), 0.0005050 secs] [Times: user=0.00 sys=0.00, real=0.00 secs] 
186.952: Total time for which application threads were stopped: 0.0006110 seconds, Stopping threads took: 0.0000540 seconds
186.978: Application time: 0.0263970 seconds
186.978: [GC [PSYoungGen: 7644K->992K(7680K)] 21744K->15160K(25088K), 0.0004370 secs] [Times: user=0.00 sys=0.00, real=0.00 secs] 
186.979: Total time for which application threads were stopped: 0.0005380 seconds, Stopping threads took: 0.0000470 seconds
187.006: Application time: 0.0276740 seconds
187.006: [GC [PSYoungGen: 7645K->992K(7680K)] 21813K->15432K(25088K), 0.0004650 secs] [Times: user=0.00 sys=0.00, real=0.01 secs] 
187.007: Total time for which application threads were stopped: 0.0005690 seconds, Stopping threads took: 0.0000470 seconds
187.035: Application time: 0.0282430 seconds
187.035: [GC [PSYoungGen: 7644K->992K(7680K)] 22084K->15548K(25088K), 0.0004500 secs] [Times: user=0.00 sys=0.00, real=0.00 secs] 
187.036: Total time for which application threads were stopped: 0.0005630 seconds, Stopping threads took: 0.0000600 seconds
187.064: Application time: 0.0282390 seconds
187.064: [GC [PSYoungGen: 7643K->992K(7680K)] 22199K->15612K(25088K), 0.0004730 secs] [Times: user=0.00 sys=0.00, real=0.00 secs] 
187.065: Total time for which application threads were stopped: 0.0005740 seconds, Stopping threads took: 0.0000490 seconds
187.092: Application time: 0.0276190 seconds
187.092: [GC [PSYoungGen: 7646K->992K(7680K)] 22266K->15781K(25088K), 0.0004980 secs] [Times: user=0.00 sys=0.00, real=0.00 secs] 
187.093: Total time for which application threads were stopped: 0.0006050 seconds, Stopping threads took: 0.0000530 seconds
187.121: Application time: 0.0280800 seconds
187.121: [GC [PSYoungGen: 7644K->960K(7680K)] 22433K->15893K(25088K), 0.0004420 secs] [Times: user=0.00 sys=0.00, real=0.00 secs] 
187.121: Total time for which application threads were stopped: 0.0005350 seconds, Stopping threads took: 0.0000400 seconds
187.150: Application time: 0.0290070 seconds
187.151: [GC [PSYoungGen: 7614K->992K(7680K)] 22548K->15941K(25088K), 0.0003930 secs] [Times: user=0.00 sys=0.00, real=0.00 secs] 
187.151: Total time for which application threads were stopped: 0.0005050 seconds, Stopping threads took: 0.0000580 seconds
187.180: Application time: 0.0292770 seconds
187.183: [GC [PSYoungGen: 7644K->992K(7680K)] 22593K->15977K(25088K), 0.0004430 secs] [Times: user=0.00 sys=0.00, real=0.00 secs] 
187.183: Total time for which application threads were stopped: 0.0030850 seconds, Stopping threads took: 0.0025810 seconds
187.213: Application time: 0.0292520 seconds
187.213: [GC [PSYoungGen: 7646K->992K(7680K)] 22632K->15993K(25088K), 0.0003940 secs] [Times: user=0.01 sys=0.00, real=0.00 secs] 
187.213: Total time for which application threads were stopped: 0.0005150 seconds, Stopping threads took: 0.0000680 seconds
187.242: Application time: 0.0291390 seconds
187.242: [GC [PSYoungGen: 7646K->928K(7680K)] 22648K->15953K(25088K), 0.0003950 secs] [Times: user=0.01 sys=0.00, real=0.00 secs] 
187.243: Total time for which application threads were stopped: 0.0004880 seconds, Stopping threads took: 0.0000420 seconds
187.272: Application time: 0.0291260 seconds
187.272: [GC [PSYoungGen: 7582K->896K(7680K)] 22608K->15921K(25088K), 0.0003780 secs] [Times: user=0.00 sys=0.00, real=0.00 secs] 
187.272: Total time for which application threads were stopped: 0.0004700 seconds, Stopping threads took: 0.0000410 seconds
187.299: Application time: 0.0266090 seconds
187.299: [GC [PSYoungGen: 7551K->992K(7680K)] 22577K->16065K(25088K), 0.0004270 secs] [Times: user=0.01 sys=0.00, real=0.00 secs] 
187.299: Total time for which application threads were stopped: 0.0005440 seconds, Stopping threads took: 0.0000550 seconds
187.328: Application time: 0.0282690 seconds
187.328: [GC [PSYoungGen: 7644K->960K(7680K)] 22717K->16161K(25088K), 0.0004960 secs] [Times: user=0.00 sys=0.00, real=0.00 secs] 
187.328: Total time for which application threads were stopped: 0.0006020 seconds, Stopping threads took: 0.0000510 seconds
187.356: Application time: 0.0279970 seconds
187.356: [GC [PSYoungGen: 7612K->896K(7680K)] 22814K->16113K(25088K), 0.0004130 secs] [Times: user=0.00 sys=0.00, real=0.00 secs] 
187.357: Total time for which application threads were stopped: 0.0005170 seconds, Stopping threads took: 0.0000500 seconds
187.386: Application time: 0.0290200 seconds
187.386: [GC [PSYoungGen: 7549K->896K(7680K)] 22767K->16129K(25088K), 0.0004410 secs] [Times: user=0.00 sys=0.00, real=0.00 secs] 
187.386: Total time for which application threads were stopped: 0.0005620 seconds, Stopping threads took: 0.0000650 seconds
187.416: Application time: 0.0293380 seconds
187.416: [GC [PSYoungGen: 7550K->800K(7680K)] 22784K->16230K(25088K), 0.0004230 secs] [Times: user=0.00 sys=0.00, real=0.00 secs] 
187.416: Total time for which application threads were stopped: 0.0005220 seconds, Stopping threads took: 0.0000450 seconds
187.446: Application time: 0.0295480 seconds
187.446: [GC [PSYoungGen: 7454K->832K(7680K)] 22885K->16270K(25088K), 0.0003590 secs] [Times: user=0.00 sys=0.00, real=0.00 secs] 
187.446: Total time for which application threads were stopped: 0.0004470 seconds, Stopping threads took: 0.0000360 seconds
187.476: Application time: 0.0294820 seconds
187.476: [GC [PSYoungGen: 7486K->736K(7680K)] 22925K->16190K(25088K), 0.0004360 secs] [Times: user=0.00 sys=0.00, real=0.00 secs] 
187.476: Total time for which application threads were stopped: 0.0005370 seconds, Stopping threads took: 0.0000470 seconds
187.506: Application time: 0.0294260 seconds
187.506: [GC [PSYoungGen: 7390K->832K(7680K)] 22845K->16302K(25088K), 0.0003570 secs] [Times: user=0.00 sys=0.00, real=0.00 secs] 
187.506: Total time for which application threads were stopped: 0.0004640 seconds, Stopping threads took: 0.0000540 seconds
187.536: Application time: 0.0300350 seconds
187.536: [GC [PSYoungGen: 7486K->704K(7680K)] 22957K->16250K(25088K), 0.0004260 secs] [Times: user=0.00 sys=0.00, real=0.00 secs] 
187.537: Total time for which application threads were stopped: 0.0005190 seconds, Stopping threads took: 0.0000440 seconds
187.566: Application time: 0.0296310 seconds
187.571: [GC [PSYoungGen: 7358K->672K(7680K)] 22905K->16290K(25088K), 0.0004020 secs] [Times: user=0.00 sys=0.00, real=0.00 secs] 
187.571: Total time for which application threads were stopped: 0.0048540 seconds, Stopping threads took: 0.0044000 seconds
187.602: Application time: 0.0304460 seconds
187.602: [GC [PSYoungGen: 7326K->736K(7680K)] 22945K->16354K(25088K), 0.0003410 secs] [Times: user=0.01 sys=0.00, real=0.00 secs] 
187.602: Total time for which application threads were stopped: 0.0004430 seconds, Stopping threads took: 0.0000490 seconds
187.632: Application time: 0.0299230 seconds
187.632: [GC [PSYoungGen: 7390K->704K(7680K)] 23009K->16322K(25088K), 0.0003990 secs] [Times: user=0.00 sys=0.00, real=0.00 secs] 
187.633: Total time for which application threads were stopped: 0.0005000 seconds, Stopping threads took: 0.0000420 seconds
187.662: Application time: 0.0297060 seconds
187.662: [GC [PSYoungGen: 7358K->704K(7680K)] 22977K->16322K(25088K), 0.0003690 secs] [Times: user=0.00 sys=0.00, real=0.00 secs] 
187.663: Total time for which application threads were stopped: 0.0004710 seconds, Stopping threads took: 0.0000510 seconds
187.693: Application time: 0.0300520 seconds
187.693: [GC [PSYoungGen: 7358K->672K(7680K)] 22977K->16290K(25088K), 0.0003850 secs] [Times: user=0.01 sys=0.00, real=0.00 secs] 
187.693: Total time for which application threads were stopped: 0.0004910 seconds, Stopping threads took: 0.0000510 seconds
187.723: Application time: 0.0295210 seconds
187.723: [GC [PSYoungGen: 7326K->672K(7680K)] 22945K->16290K(25088K), 0.0004060 secs] [Times: user=0.00 sys=0.00, real=0.00 secs] 
187.723: Total time for which application threads were stopped: 0.0005140 seconds, Stopping threads took: 0.0000560 seconds
187.753: Application time: 0.0294400 seconds
187.753: [GC [PSYoungGen: 7326K->544K(7680K)] 22945K->16383K(25088K), 0.0003660 secs] [Times: user=0.00 sys=0.00, real=0.00 secs] 
187.753: Total time for which application threads were stopped: 0.0004730 seconds, Stopping threads took: 0.0000550 seconds
187.784: Application time: 0.0303610 seconds
187.784: [GC [PSYoungGen: 7196K->352K(7680K)] 23035K->16419K(25088K), 0.0003910 secs] [Times: user=0.00 sys=0.00, real=0.00 secs] 
187.784: Total time for which application threads were stopped: 0.0004920 seconds, Stopping threads took: 0.0000470 seconds
187.814: Application time: 0.0297210 seconds
187.814: [GC [PSYoungGen: 7004K->160K(7680K)] 23072K->16324K(25088K), 0.0003180 secs] [Times: user=0.00 sys=0.00, real=0.00 secs] 
187.814: Total time for which application threads were stopped: 0.0004220 seconds, Stopping threads took: 0.0000440 seconds
187.840: Application time: 0.0260820 seconds
187.840: [GC [PSYoungGen: 6814K->320K(7680K)] 22978K->16636K(25088K), 0.0003320 secs] [Times: user=0.00 sys=0.00, real=0.00 secs] 
187.841: Total time for which application threads were stopped: 0.0004390 seconds, Stopping threads took: 0.0000540 seconds
187.861: Application time: 0.0205860 seconds
187.861: [GC [PSYoungGen: 6975K->288K(7680K)] 23291K->16604K(25088K), 0.0003760 secs] [Times: user=0.00 sys=0.00, real=0.00 secs] 
187.862: Total time for which application threads were stopped: 0.0004760 seconds, Stopping threads took: 0.0000490 seconds
187.884: Application time: 0.0218730 seconds
187.884: [GC [PSYoungGen: 6941K->288K(7680K)] 23257K->16604K(25088K), 0.0003740 secs] [Times: user=0.00 sys=0.00, real=0.00 secs] 
187.884: Total time for which application threads were stopped: 0.0004810 seconds, Stopping threads took: 0.0000540 seconds
187.913: Application time: 0.0289910 seconds
187.913: [GC [PSYoungGen: 6940K->384K(7680K)] 23256K->16700K(25088K), 0.0003300 secs] [Times: user=0.00 sys=0.00, real=0.00 secs] 
187.914: Total time for which application threads were stopped: 0.0004270 seconds, Stopping threads took: 0.0000440 seconds
187.942: Application time: 0.0288730 seconds
187.943: [GC [PSYoungGen: 7036K->352K(7680K)] 23352K->16668K(25088K), 0.0003210 secs] [Times: user=0.00 sys=0.00, real=0.00 secs] 
187.943: Total time for which application threads were stopped: 0.0004230 seconds, Stopping threads took: 0.0000530 seconds
187.972: Application time: 0.0288380 seconds
187.972: [GC [PSYoungGen: 7005K->384K(7680K)] 23321K->16700K(25088K), 0.0003770 secs] [Times: user=0.00 sys=0.00, real=0.00 secs] 
187.972: Total time for which application threads were stopped: 0.0004870 seconds, Stopping threads took: 0.0000520 seconds
187.993: Application time: 0.0207360 seconds
187.993: [GC [PSYoungGen: 7036K->576K(7680K)] 23352K->16892K(25088K), 0.0003690 secs] [Times: user=0.00 sys=0.00, real=0.00 secs] 
187.993: Total time for which application threads were stopped: 0.0004640 seconds, Stopping threads took: 0.0000420 seconds
188.015: Application time: 0.0212430 seconds
188.015: [GC [PSYoungGen: 7229K->512K(7680K)] 23545K->16828K(25088K), 0.0003520 secs] [Times: user=0.00 sys=0.00, real=0.00 secs] 
188.015: Total time for which application threads were stopped: 0.0004510 seconds, Stopping threads took: 0.0000470 seconds
188.042: Application time: 0.0267340 seconds
188.042: [GC [PSYoungGen: 7163K->576K(7680K)] 23479K->16892K(25088K), 0.0003820 secs] [Times: user=0.00 sys=0.00, real=0.00 secs] 
188.042: Total time for which application threads were stopped: 0.0004810 seconds, Stopping threads took: 0.0000430 seconds
188.071: Application time: 0.0290060 seconds
188.071: [GC [PSYoungGen: 7228K->512K(7680K)] 23544K->16828K(25088K), 0.0003430 secs] [Times: user=0.00 sys=0.00, real=0.00 secs] 
188.072: Total time for which application threads were stopped: 0.0004420 seconds, Stopping threads took: 0.0000480 seconds
188.104: Application time: 0.0319420 seconds
188.104: [GC [PSYoungGen: 7167K->480K(7680K)] 23483K->16796K(25088K), 0.0010260 secs] [Times: user=0.00 sys=0.00, real=0.00 secs] 
188.105: Total time for which application threads were stopped: 0.0012080 seconds, Stopping threads took: 0.0000950 seconds
188.135: Application time: 0.0303580 seconds
188.135: [GC [PSYoungGen: 7134K->480K(7680K)] 23450K->16796K(25088K), 0.0008880 secs] [Times: user=0.00 sys=0.00, real=0.00 secs] 
188.136: Total time for which application threads were stopped: 0.0010080 seconds, Stopping threads took: 0.0000480 seconds
188.166: Application time: 0.0296180 seconds
188.166: [GC [PSYoungGen: 7134K->672K(7680K)] 23450K->16988K(25088K), 0.0004840 secs] [Times: user=0.01 sys=0.00, real=0.00 secs] 
188.167: Total time for which application threads were stopped: 0.0005910 seconds, Stopping threads took: 0.0000410 seconds
188.200: Application time: 0.0333390 seconds
188.200: [GC [PSYoungGen: 7327K->480K(7680K)] 23643K->16796K(25088K), 0.0005860 secs] [Times: user=0.00 sys=0.00, real=0.00 secs] 
188.201: Total time for which application threads were stopped: 0.0007430 seconds, Stopping threads took: 0.0000760 seconds
188.234: Application time: 0.0332040 seconds
188.234: [GC [PSYoungGen: 7133K->480K(7680K)] 23449K->16796K(25088K), 0.0004820 secs] [Times: user=0.00 sys=0.00, real=0.00 secs] 
188.234: Total time for which application threads were stopped: 0.0006390 seconds, Stopping threads took: 0.0000870 seconds
188.262: Application time: 0.0272480 seconds
188.262: [GC [PSYoungGen: 7083K->576K(7680K)] 23399K->16892K(25088K), 0.0005660 secs] [Times: user=0.01 sys=0.00, real=0.00 secs] 
188.262: Total time for which application threads were stopped: 0.0006880 seconds, Stopping threads took: 0.0000580 seconds
188.288: Application time: 0.0251490 seconds
188.288: [GC [PSYoungGen: 7230K->736K(7680K)] 23546K->17052K(25088K), 0.0004590 secs] [Times: user=0.00 sys=0.00, real=0.00 secs] 
188.288: Total time for which application threads were stopped: 0.0005620 seconds, Stopping threads took: 0.0000400 seconds
188.311: Application time: 0.0233310 seconds
188.312: [GC [PSYoungGen: 7389K->672K(7680K)] 23705K->16988K(25088K), 0.0005090 secs] [Times: user=0.00 sys=0.00, real=0.00 secs] 
188.312: Total time for which application threads were stopped: 0.0006370 seconds, Stopping threads took: 0.0000650 seconds
188.341: Application time: 0.0292560 seconds
188.341: [GC [PSYoungGen: 7324K->768K(7680K)] 23640K->17084K(25088K), 0.0005370 secs] [Times: user=0.01 sys=0.00, real=0.00 secs] 
188.342: Total time for which application threads were stopped: 0.0006740 seconds, Stopping threads took: 0.0000630 seconds
188.373: Application time: 0.0314080 seconds
188.374: [GC [PSYoungGen: 7421K->800K(7680K)] 23737K->17116K(25088K), 0.0004620 secs] [Times: user=0.00 sys=0.00, real=0.00 secs] 
188.374: Total time for which application threads were stopped: 0.0005790 seconds, Stopping threads took: 0.0000470 seconds
188.400: Application time: 0.0256500 seconds
188.400: [GC [PSYoungGen: 7451K->992K(7680K)] 23767K->17308K(25088K), 0.0004530 secs] [Times: user=0.00 sys=0.00, real=0.00 secs] 
188.400: Total time for which application threads were stopped: 0.0005680 seconds, Stopping threads took: 0.0000520 seconds
188.419: Application time: 0.0185650 seconds
188.419: [GC [PSYoungGen: 7645K->1008K(7680K)] 23961K->17476K(25088K), 0.0004910 secs] [Times: user=0.00 sys=0.00, real=0.00 secs] 
188.419: Total time for which application threads were stopped: 0.0005870 seconds, Stopping threads took: 0.0000370 seconds
188.436: Application time: 0.0166580 seconds
188.437: [GC [PSYoungGen: 7660K->992K(7680K)] 24128K->17652K(25088K), 0.0005510 secs] [Times: user=0.00 sys=0.00, real=0.00 secs] 
188.437: Total time for which application threads were stopped: 0.0011740 seconds, Stopping threads took: 0.0005620 seconds
188.455: Application time: 0.0181700 seconds
188.455: [GC [PSYoungGen: 7646K->1008K(7680K)] 24306K->17676K(25088K), 0.0005200 secs] [Times: user=0.00 sys=0.00, real=0.00 secs] 
188.456: Total time for which application threads were stopped: 0.0006400 seconds, Stopping threads took: 0.0000620 seconds
188.482: Application time: 0.0256660 seconds
188.482: [GC [PSYoungGen: 7660K->1008K(7680K)] 24328K->17692K(25088K), 0.0004360 secs] [Times: user=0.00 sys=0.00, real=0.00 secs] 
188.482: Total time for which application threads were stopped: 0.0005400 seconds, Stopping threads took: 0.0000490 seconds
188.511: Application time: 0.0288520 seconds
188.511: [GC [PSYoungGen: 7662K->960K(7680K)] 24346K->17644K(25088K), 0.0005140 secs] [Times: user=0.00 sys=0.00, real=0.00 secs] 
188.512: Total time for which application threads were stopped: 0.0009510 seconds, Stopping threads took: 0.0003780 seconds
188.544: Application time: 0.0321010 seconds
188.544: [GC [PSYoungGen: 7615K->992K(7680K)] 24299K->17692K(25088K), 0.0005920 secs] [Times: user=0.01 sys=0.00, real=0.00 secs] 
188.545: Total time for which application threads were stopped: 0.0008610 seconds, Stopping threads took: 0.0002010 seconds
188.574: Application time: 0.0290840 seconds
188.574: [GC [PSYoungGen: 7644K->1008K(7680K)] 24344K->17724K(25088K), 0.0006030 secs] [Times: user=0.00 sys=0.00, real=0.00 secs] 
188.575: Total time for which application threads were stopped: 0.0007250 seconds, Stopping threads took: 0.0000500 seconds
188.607: Application time: 0.0323780 seconds
188.607: [GC [PSYoungGen: 7661K->1008K(7680K)] 24377K->17752K(25088K), 0.0006800 secs] [Times: user=0.00 sys=0.00, real=0.00 secs] 
188.608: Total time for which application threads were stopped: 0.0008300 seconds, Stopping threads took: 0.0000690 seconds
188.641: Application time: 0.0332760 seconds
188.641: [GC [PSYoungGen: 7661K->992K(7680K)] 24405K->17760K(25088K), 0.0013600 secs] [Times: user=0.00 sys=0.00, real=0.00 secs] 
188.643: Total time for which application threads were stopped: 0.0014520 seconds, Stopping threads took: 0.0000120 seconds
188.669: Application time: 0.0258780 seconds
188.669: [GC [PSYoungGen: 7647K->992K(7680K)] 24415K->17960K(25088K), 0.0006620 secs] [Times: user=0.01 sys=0.00, real=0.00 secs] 
188.669: Total time for which application threads were stopped: 0.0007920 seconds, Stopping threads took: 0.0000580 seconds
188.685: Application time: 0.0151670 seconds
188.685: [GC [PSYoungGen: 7645K->1008K(7680K)] 24613K->18380K(25088K), 0.0006840 secs] [Times: user=0.00 sys=0.00, real=0.00 secs] 
188.685: [Full GC [PSYoungGen: 1008K->0K(7680K)] [ParOldGen: 17372K->3766K(17408K)] 18380K->3766K(25088K) [PSPermGen: 5573K->5573K(21504K)], 0.0071770 secs] [Times: user=0.03 sys=0.00, real=0.01 secs] 
188.693: Total time for which application threads were stopped: 0.0080440 seconds, Stopping threads took: 0.0000580 seconds
188.709: Application time: 0.0163320 seconds
188.709: [GC [PSYoungGen: 6652K->256K(7680K)] 10419K->4022K(25088K), 0.0003800 secs] [Times: user=0.00 sys=0.00, real=0.00 secs] 
188.709: Total time for which application threads were stopped: 0.0004980 seconds, Stopping threads took: 0.0000490 seconds
188.727: Application time: 0.0177300 seconds
188.727: [GC [PSYoungGen: 6910K->320K(7680K)] 10676K->4086K(25088K), 0.0004410 secs] [Times: user=0.00 sys=0.00, real=0.00 secs] 
188.728: Total time for which application threads were stopped: 0.0005590 seconds, Stopping threads took: 0.0000580 seconds
188.746: Application time: 0.0177920 seconds
188.746: [GC [PSYoungGen: 6976K->768K(7680K)] 10742K->4534K(25088K), 0.0006050 secs] [Times: user=0.01 sys=0.00, real=0.00 secs] 
188.746: Total time for which application threads were stopped: 0.0007170 seconds, Stopping threads took: 0.0000460 seconds
188.777: Application time: 0.0307980 seconds
188.777: [GC [PSYoungGen: 7422K->880K(7680K)] 11189K->4646K(25088K), 0.0006500 secs] [Times: user=0.00 sys=0.00, real=0.00 secs] 
188.778: Total time for which application threads were stopped: 0.0008020 seconds, Stopping threads took: 0.0000730 seconds
188.807: Application time: 0.0291280 seconds
188.807: [GC [PSYoungGen: 7531K->960K(7680K)] 11298K->4726K(25088K), 0.0004960 secs] [Times: user=0.00 sys=0.00, real=0.00 secs] 
188.808: Total time for which application threads were stopped: 0.0006050 seconds, Stopping threads took: 0.0000490 seconds
188.835: Application time: 0.0270510 seconds
188.835: [GC [PSYoungGen: 7614K->928K(7680K)] 11380K->4694K(25088K), 0.0004620 secs] [Times: user=0.00 sys=0.00, real=0.00 secs] 
188.835: Total time for which application threads were stopped: 0.0005700 seconds, Stopping threads took: 0.0000500 seconds
188.864: Application time: 0.0291420 seconds
188.864: [GC [PSYoungGen: 7582K->960K(7680K)] 11349K->4726K(25088K), 0.0004560 secs] [Times: user=0.00 sys=0.00, real=0.00 secs] 
188.865: Total time for which application threads were stopped: 0.0005670 seconds, Stopping threads took: 0.0000460 seconds
188.892: Application time: 0.0274150 seconds
188.892: [GC [PSYoungGen: 7613K->992K(7680K)] 11380K->4886K(25088K), 0.0004980 secs] [Times: user=0.00 sys=0.00, real=0.00 secs] 
188.893: Total time for which application threads were stopped: 0.0006130 seconds, Stopping threads took: 0.0000590 seconds
188.920: Application time: 0.0274160 seconds
188.920: [GC [PSYoungGen: 7645K->992K(7680K)] 11540K->5062K(25088K), 0.0004640 secs] [Times: user=0.00 sys=0.00, real=0.00 secs] 
188.921: Total time for which application threads were stopped: 0.0005570 seconds, Stopping threads took: 0.0000410 seconds
188.950: Application time: 0.0291280 seconds
188.950: [GC [PSYoungGen: 7646K->992K(7680K)] 11717K->5070K(25088K), 0.0004610 secs] [Times: user=0.00 sys=0.00, real=0.00 secs] 
188.951: Total time for which application threads were stopped: 0.0005630 seconds, Stopping threads took: 0.0000430 seconds
188.980: Application time: 0.0292240 seconds
188.980: [GC [PSYoungGen: 7646K->992K(7680K)] 11725K->5078K(25088K), 0.0004440 secs] [Times: user=0.00 sys=0.00, real=0.00 secs] 
188.980: Total time for which application threads were stopped: 0.0005550 seconds, Stopping threads took: 0.0000570 seconds
189.010: Application time: 0.0292350 seconds
189.010: [GC [PSYoungGen: 7646K->992K(7680K)] 11733K->5078K(25088K), 0.0003940 secs] [Times: user=0.00 sys=0.00, real=0.00 secs] 
189.010: Total time for which application threads were stopped: 0.0004960 seconds, Stopping threads took: 0.0000460 seconds
189.039: Application time: 0.0291910 seconds
189.039: [GC [PSYoungGen: 7646K->992K(7680K)] 11733K->5086K(25088K), 0.0004170 secs] [Times: user=0.00 sys=0.00, real=0.00 secs] 
189.040: Total time for which application threads were stopped: 0.0005250 seconds, Stopping threads took: 0.0000530 seconds
189.069: Application time: 0.0292000 seconds
189.069: [GC [PSYoungGen: 7646K->992K(7680K)] 11741K->5094K(25088K), 0.0003870 secs] [Times: user=0.01 sys=0.00, real=0.00 secs] 
189.070: Total time for which application threads were stopped: 0.0005060 seconds, Stopping threads took: 0.0000650 seconds
189.099: Application time: 0.0290560 seconds
189.099: [GC [PSYoungGen: 7646K->976K(7680K)] 11749K->5078K(25088K), 0.0004210 secs] [Times: user=0.01 sys=0.00, real=0.00 secs] 
189.099: Total time for which application threads were stopped: 0.0005280 seconds, Stopping threads took: 0.0000500 seconds
189.127: Application time: 0.0280160 seconds
189.127: [GC [PSYoungGen: 7628K->992K(7680K)] 11730K->5242K(25088K), 0.0004010 secs] [Times: user=0.00 sys=0.00, real=0.00 secs] 
189.128: Total time for which application threads were stopped: 0.0005070 seconds, Stopping threads took: 0.0000500 seconds
189.153: Application time: 0.0253900 seconds
189.153: [GC [PSYoungGen: 7644K->992K(7680K)] 11895K->5394K(25088K), 0.0004620 secs] [Times: user=0.00 sys=0.00, real=0.00 secs] 
189.154: Total time for which application threads were stopped: 0.0005620 seconds, Stopping threads took: 0.0000440 seconds
189.183: Application time: 0.0294070 seconds
189.183: [GC [PSYoungGen: 7646K->992K(7680K)] 12049K->5442K(25088K), 0.0004130 secs] [Times: user=0.00 sys=0.00, real=0.00 secs] 
189.184: Total time for which application threads were stopped: 0.0005080 seconds, Stopping threads took: 0.0000430 seconds
189.213: Application time: 0.0294190 seconds
189.213: [GC [PSYoungGen: 7646K->768K(7680K)] 12097K->5426K(25088K), 0.0004450 secs] [Times: user=0.00 sys=0.00, real=0.00 secs] 
189.214: Total time for which application threads were stopped: 0.0005440 seconds, Stopping threads took: 0.0000460 seconds
189.243: Application time: 0.0295320 seconds
189.243: [GC [PSYoungGen: 7422K->800K(7680K)] 12081K->5458K(25088K), 0.0003570 secs] [Times: user=0.00 sys=0.00, real=0.00 secs] 
189.244: Total time for which application threads were stopped: 0.0004560 seconds, Stopping threads took: 0.0000470 seconds
189.274: Application time: 0.0303090 seconds
189.275: [GC [PSYoungGen: 7454K->800K(7680K)] 12113K->5466K(25088K), 0.0004730 secs] [Times: user=0.00 sys=0.00, real=0.00 secs] 
189.275: Total time for which application threads were stopped: 0.0014640 seconds, Stopping threads took: 0.0009330 seconds
189.306: Application time: 0.0304110 seconds
189.306: [GC [PSYoungGen: 7454K->800K(7680K)] 12121K->5466K(25088K), 0.0004050 secs] [Times: user=0.01 sys=0.00, real=0.00 secs] 
189.306: Total time for which application threads were stopped: 0.0005030 seconds, Stopping threads took: 0.0000430 seconds
189.336: Application time: 0.0295750 seconds
189.336: [GC [PSYoungGen: 7454K->704K(7680K)] 12121K->5447K(25088K), 0.0003620 secs] [Times: user=0.00 sys=0.00, real=0.00 secs] 
189.336: Total time for which application threads were stopped: 0.0004720 seconds, Stopping threads took: 0.0000560 seconds
189.366: Application time: 0.0296190 seconds
189.366: [GC [PSYoungGen: 7358K->576K(7680K)] 12102K->5515K(25088K), 0.0003530 secs] [Times: user=0.00 sys=0.00, real=0.00 secs] 
189.366: Total time for which application threads were stopped: 0.0004570 seconds, Stopping threads took: 0.0000450 seconds
189.396: Application time: 0.0295140 seconds
189.396: [GC [PSYoungGen: 7230K->576K(7680K)] 12170K->5515K(25088K), 0.0003430 secs] [Times: user=0.00 sys=0.00, real=0.00 secs] 
189.396: Total time for which application threads were stopped: 0.0004640 seconds, Stopping threads took: 0.0000690 seconds
189.426: Application time: 0.0296910 seconds
189.426: [GC [PSYoungGen: 7230K->576K(7680K)] 12170K->5515K(25088K), 0.0003230 secs] [Times: user=0.00 sys=0.00, real=0.00 secs] 
189.426: Total time for which application threads were stopped: 0.0004240 seconds, Stopping threads took: 0.0000510 seconds
189.457: Application time: 0.0301350 seconds
189.457: [GC [PSYoungGen: 7228K->672K(7680K)] 12168K->5612K(25088K), 0.0003410 secs] [Times: user=0.00 sys=0.00, real=0.00 secs] 
189.457: Total time for which application threads were stopped: 0.0004370 seconds, Stopping threads took: 0.0000450 seconds
189.487: Application time: 0.0297260 seconds
189.487: [GC [PSYoungGen: 7326K->512K(7680K)] 12266K->5451K(25088K), 0.0003310 secs] [Times: user=0.00 sys=0.00, real=0.00 secs] 
189.487: Total time for which application threads were stopped: 0.0004240 seconds, Stopping threads took: 0.0000400 seconds
189.517: Application time: 0.0296150 seconds
189.517: [GC [PSYoungGen: 7166K->704K(7680K)] 12106K->5644K(25088K), 0.0003640 secs] [Times: user=0.00 sys=0.00, real=0.00 secs] 
189.517: Total time for which application threads were stopped: 0.0004660 seconds, Stopping threads took: 0.0000530 seconds
189.547: Application time: 0.0297360 seconds
189.547: [GC [PSYoungGen: 7358K->544K(7680K)] 12298K->5483K(25088K), 0.0003450 secs] [Times: user=0.00 sys=0.00, real=0.00 secs] 
189.547: Total time for which application threads were stopped: 0.0004580 seconds, Stopping threads took: 0.0000620 seconds
189.577: Application time: 0.0296560 seconds
189.577: [GC [PSYoungGen: 7198K->576K(7680K)] 12138K->5515K(25088K), 0.0003600 secs] [Times: user=0.00 sys=0.00, real=0.00 secs] 
189.578: Total time for which application threads were stopped: 0.0004480 seconds, Stopping threads took: 0.0000360 seconds
189.607: Application time: 0.0297000 seconds
189.607: [GC [PSYoungGen: 7230K->0K(7680K)] 12170K->5417K(25088K), 0.0003410 secs] [Times: user=0.01 sys=0.00, real=0.00 secs] 
189.608: Total time for which application threads were stopped: 0.0004450 seconds, Stopping threads took: 0.0000510 seconds
189.631: Application time: 0.0228730 seconds
189.635: [GC [PSYoungGen: 6654K->384K(7680K)] 12072K->5801K(25088K), 0.0004050 secs] [Times: user=0.00 sys=0.00, real=0.00 secs] 
189.635: Total time for which application threads were stopped: 0.0046720 seconds, Stopping threads took: 0.0042030 seconds
189.657: Application time: 0.0213200 seconds
189.657: [GC [PSYoungGen: 7035K->352K(7680K)] 12453K->5769K(25088K), 0.0003190 secs] [Times: user=0.00 sys=0.00, real=0.00 secs] 
189.657: Total time for which application threads were stopped: 0.0004210 seconds, Stopping threads took: 0.0000470 seconds
189.682: Application time: 0.0251560 seconds
189.682: [GC [PSYoungGen: 7006K->384K(7680K)] 12423K->5801K(25088K), 0.0003160 secs] [Times: user=0.00 sys=0.00, real=0.00 secs] 
189.683: Total time for which application threads were stopped: 0.0004090 seconds, Stopping threads took: 0.0000410 seconds
189.712: Application time: 0.0293170 seconds
189.712: [GC [PSYoungGen: 7036K->320K(7680K)] 12453K->5737K(25088K), 0.0003550 secs] [Times: user=0.00 sys=0.00, real=0.00 secs] 
189.712: Total time for which application threads were stopped: 0.0004560 seconds, Stopping threads took: 0.0000490 seconds
189.733: Application time: 0.0205030 seconds
189.733: [GC [PSYoungGen: 6976K->544K(7680K)] 12393K->5961K(25088K), 0.0003420 secs] [Times: user=0.00 sys=0.00, real=0.00 secs] 
189.733: Total time for which application threads were stopped: 0.0004340 seconds, Stopping threads took: 0.0000410 seconds
189.755: Application time: 0.0212490 seconds
189.755: [GC [PSYoungGen: 7195K->512K(7680K)] 12613K->5929K(25088K), 0.0007100 secs] [Times: user=0.00 sys=0.00, real=0.00 secs] 
189.755: Total time for which application threads were stopped: 0.0008080 seconds, Stopping threads took: 0.0000460 seconds
189.782: Application time: 0.0263550 seconds
189.782: [GC [PSYoungGen: 7164K->544K(7680K)] 12581K->5961K(25088K), 0.0003480 secs] [Times: user=0.00 sys=0.00, real=0.00 secs] 
189.782: Total time for which application threads were stopped: 0.0004410 seconds, Stopping threads took: 0.0000400 seconds
189.812: Application time: 0.0294350 seconds
189.812: [GC [PSYoungGen: 7196K->480K(7680K)] 12613K->5897K(25088K), 0.0003530 secs] [Times: user=0.01 sys=0.00, real=0.00 secs] 
189.812: Total time for which application threads were stopped: 0.0004460 seconds, Stopping threads took: 0.0000390 seconds
189.841: Application time: 0.0286840 seconds
189.843: [GC [PSYoungGen: 7134K->640K(7680K)] 12551K->6057K(25088K), 0.0003650 secs] [Times: user=0.00 sys=0.00, real=0.00 secs] 
189.843: Total time for which application threads were stopped: 0.0024760 seconds, Stopping threads took: 0.0020550 seconds
189.873: Application time: 0.0296340 seconds
189.873: [GC [PSYoungGen: 7292K->608K(7680K)] 12709K->6025K(25088K), 0.0003770 secs] [Times: user=0.00 sys=0.00, real=0.00 secs] 
189.873: Total time for which application threads were stopped: 0.0004910 seconds, Stopping threads took: 0.0000460 seconds
189.903: Application time: 0.0296110 seconds
189.903: [GC [PSYoungGen: 7262K->512K(7680K)] 12680K->5929K(25088K), 0.0003310 secs] [Times: user=0.01 sys=0.00, real=0.00 secs] 
189.903: Total time for which application threads were stopped: 0.0004320 seconds, Stopping threads took: 0.0000490 seconds
189.933: Application time: 0.0295760 seconds
189.933: [GC [PSYoungGen: 7166K->512K(7680K)] 12584K->5929K(25088K), 0.0003360 secs] [Times: user=0.00 sys=0.00, real=0.00 secs] 
189.933: Total time for which application threads were stopped: 0.0004360 seconds, Stopping threads took: 0.0000480 seconds
189.963: Application time: 0.0296060 seconds
189.963: [GC [PSYoungGen: 7166K->448K(7680K)] 12584K->5865K(25088K), 0.0003820 secs] [Times: user=0.00 sys=0.00, real=0.00 secs] 
189.965: Total time for which application threads were stopped: 0.0017320 seconds, Stopping threads took: 0.0000370 seconds
189.994: Application time: 0.0295440 seconds
189.994: [GC [PSYoungGen: 7102K->512K(7680K)] 12520K->5929K(25088K), 0.0003520 secs] [Times: user=0.00 sys=0.00, real=0.00 secs] 
189.995: Total time for which application threads were stopped: 0.0004560 seconds, Stopping threads took: 0.0000510 seconds
190.024: Application time: 0.0296190 seconds
190.024: [GC [PSYoungGen: 7166K->480K(7680K)] 12584K->5897K(25088K), 0.0003240 secs] [Times: user=0.00 sys=0.00, real=0.00 secs] 
190.025: Total time for which application threads were stopped: 0.0004190 seconds, Stopping threads took: 0.0000450 seconds
190.053: Application time: 0.0286490 seconds
190.054: [GC [PSYoungGen: 7134K->544K(7680K)] 12551K->5961K(25088K), 0.0003450 secs] [Times: user=0.00 sys=0.00, real=0.00 secs] 
190.054: Total time for which application threads were stopped: 0.0004490 seconds, Stopping threads took: 0.0000490 seconds
190.073: Application time: 0.0193990 seconds
190.073: [GC [PSYoungGen: 7197K->736K(7680K)] 12614K->6153K(25088K), 0.0003690 secs] [Times: user=0.00 sys=0.00, real=0.00 secs] 
190.074: Total time for which application threads were stopped: 0.0004610 seconds, Stopping threads took: 0.0000430 seconds
190.095: Application time: 0.0216910 seconds
190.095: [GC [PSYoungGen: 7391K->768K(7680K)] 12809K->6185K(25088K), 0.0003500 secs] [Times: user=0.00 sys=0.00, real=0.00 secs] 
190.096: Total time for which application threads were stopped: 0.0004370 seconds, Stopping threads took: 0.0000360 seconds
190.122: Application time: 0.0261790 seconds
190.122: [GC [PSYoungGen: 7424K->768K(7680K)] 12841K->6185K(25088K), 0.0003730 secs] [Times: user=0.00 sys=0.00, real=0.00 secs] 
190.123: Total time for which application threads were stopped: 0.0004670 seconds, Stopping threads took: 0.0000390 seconds
190.150: Application time: 0.0278280 seconds
190.151: [GC [PSYoungGen: 7422K->800K(7680K)] 12840K->6217K(25088K), 0.0004000 secs] [Times: user=0.00 sys=0.00, real=0.00 secs] 
190.151: Total time for which application threads were stopped: 0.0009000 seconds, Stopping threads took: 0.0004440 seconds
190.179: Application time: 0.0279340 seconds
190.179: [GC [PSYoungGen: 7455K->832K(7680K)] 12873K->6249K(25088K), 0.0003800 secs] [Times: user=0.01 sys=0.00, real=0.00 secs] 
190.180: Total time for which application threads were stopped: 0.0004750 seconds, Stopping threads took: 0.0000390 seconds
190.200: Application time: 0.0207420 seconds
190.200: [GC [PSYoungGen: 7487K->992K(7680K)] 12905K->6569K(25088K), 0.0004510 secs] [Times: user=0.00 sys=0.00, real=0.00 secs] 
190.201: Total time for which application threads were stopped: 0.0005570 seconds, Stopping threads took: 0.0000500 seconds
190.217: Application time: 0.0160910 seconds
190.217: [GC [PSYoungGen: 7647K->992K(7680K)] 13224K->6625K(25088K), 0.0004780 secs] [Times: user=0.00 sys=0.00, real=0.00 secs] 
190.218: Total time for which application threads were stopped: 0.0005860 seconds, Stopping threads took: 0.0000550 seconds
190.235: Application time: 0.0169470 seconds
190.235: [GC [PSYoungGen: 7648K->848K(7680K)] 13281K->6481K(25088K), 0.0004160 secs] [Times: user=0.00 sys=0.00, real=0.00 secs] 
190.235: Total time for which application threads were stopped: 0.0005200 seconds, Stopping threads took: 0.0000390 seconds
190.260: Application time: 0.0244570 seconds
190.260: [GC [PSYoungGen: 7501K->992K(7680K)] 13135K->6649K(25088K), 0.0004050 secs] [Times: user=0.00 sys=0.00, real=0.00 secs] 
190.260: Total time for which application threads were stopped: 0.0004990 seconds, Stopping threads took: 0.0000420 seconds
190.289: Application time: 0.0290540 seconds
190.289: [GC [PSYoungGen: 7646K->1008K(7680K)] 13303K->6673K(25088K), 0.0004350 secs] [Times: user=0.00 sys=0.00, real=0.00 secs] 
190.290: Total time for which application threads were stopped: 0.0005400 seconds, Stopping threads took: 0.0000520 seconds
190.317: Application time: 0.0270330 seconds
190.317: [GC [PSYoungGen: 7661K->992K(7680K)] 13327K->6681K(25088K), 0.0004220 secs] [Times: user=0.00 sys=0.00, real=0.00 secs] 
190.317: Total time for which application threads were stopped: 0.0005260 seconds, Stopping threads took: 0.0000460 seconds
190.347: Application time: 0.0293340 seconds
190.347: [GC [PSYoungGen: 7646K->992K(7680K)] 13336K->6713K(25088K), 0.0004080 secs] [Times: user=0.00 sys=0.00, real=0.01 secs] 
190.347: Total time for which application threads were stopped: 0.0005210 seconds, Stopping threads took: 0.0000580 seconds
190.376: Application time: 0.0292820 seconds
190.376: [GC [PSYoungGen: 7646K->960K(7680K)] 13368K->6809K(25088K), 0.0004580 secs] [Times: user=0.00 sys=0.00, real=0.00 secs] 
190.377: Total time for which application threads were stopped: 0.0005730 seconds, Stopping threads took: 0.0000540 seconds
190.406: Application time: 0.0293440 seconds
190.406: [GC [PSYoungGen: 7614K->832K(7680K)] 13464K->6681K(25088K), 0.0003980 secs] [Times: user=0.00 sys=0.00, real=0.01 secs] 
190.407: Total time for which application threads were stopped: 0.0005050 seconds, Stopping threads took: 0.0000530 seconds
190.436: Application time: 0.0293570 seconds
190.436: [GC [PSYoungGen: 7486K->896K(7680K)] 13336K->6745K(25088K), 0.0003940 secs] [Times: user=0.01 sys=0.00, real=0.00 secs] 
190.437: Total time for which application threads were stopped: 0.0004900 seconds, Stopping threads took: 0.0000450 seconds
190.460: Application time: 0.0230370 seconds
190.460: [GC [PSYoungGen: 7547K->992K(7680K)] 13397K->6945K(25088K), 0.0004220 secs] [Times: user=0.00 sys=0.00, real=0.00 secs] 
190.460: Total time for which application threads were stopped: 0.0005130 seconds, Stopping threads took: 0.0000370 seconds
190.478: Application time: 0.0173400 seconds
190.478: [GC [PSYoungGen: 7645K->1008K(7680K)] 13598K->7281K(25088K), 0.0005260 secs] [Times: user=0.00 sys=0.00, real=0.00 secs] 
190.478: Total time for which application threads were stopped: 0.0006360 seconds, Stopping threads took: 0.0000560 seconds
190.493: Application time: 0.0153150 seconds
190.494: [GC [PSYoungGen: 7660K->992K(7680K)] 13934K->7702K(25088K), 0.0004970 secs] [Times: user=0.00 sys=0.00, real=0.00 secs] 
190.494: Total time for which application threads were stopped: 0.0005980 seconds, Stopping threads took: 0.0000430 seconds
190.510: Application time: 0.0159110 seconds
190.510: [GC [PSYoungGen: 7647K->1008K(7680K)] 14358K->7967K(25088K), 0.0004900 secs] [Times: user=0.00 sys=0.00, real=0.00 secs] 
190.511: Total time for which application threads were stopped: 0.0005960 seconds, Stopping threads took: 0.0000510 seconds
190.529: Application time: 0.0182390 seconds
190.529: [GC [PSYoungGen: 7660K->976K(7680K)] 14619K->7987K(25088K), 0.0004630 secs] [Times: user=0.00 sys=0.00, real=0.00 secs] 
190.529: Total time for which application threads were stopped: 0.0005710 seconds, Stopping threads took: 0.0000530 seconds
190.553: Application time: 0.0233740 seconds
190.553: [GC [PSYoungGen: 7631K->992K(7680K)] 14642K->8019K(25088K), 0.0004270 secs] [Times: user=0.00 sys=0.00, real=0.00 secs] 
190.553: Total time for which application threads were stopped: 0.0005240 seconds, Stopping threads took: 0.0000440 seconds
190.580: Application time: 0.0267920 seconds
190.580: [GC [PSYoungGen: 7647K->992K(7680K)] 14675K->8195K(25088K), 0.0004650 secs] [Times: user=0.01 sys=0.00, real=0.00 secs] 
190.581: Total time for which application threads were stopped: 0.0005630 seconds, Stopping threads took: 0.0000450 seconds
190.608: Application time: 0.0274180 seconds
190.608: [GC [PSYoungGen: 7646K->992K(7680K)] 14849K->8351K(25088K), 0.0004470 secs] [Times: user=0.01 sys=0.00, real=0.00 secs] 
190.609: Total time for which application threads were stopped: 0.0005620 seconds, Stopping threads took: 0.0000590 seconds
190.634: Application time: 0.0256180 seconds
190.634: [GC [PSYoungGen: 7647K->992K(7680K)] 15007K->8863K(25088K), 0.0005590 secs] [Times: user=0.00 sys=0.00, real=0.00 secs] 
190.635: Total time for which application threads were stopped: 0.0006810 seconds, Stopping threads took: 0.0000590 seconds
190.663: Application time: 0.0280490 seconds
190.663: [GC [PSYoungGen: 7645K->992K(7680K)] 15517K->9036K(25088K), 0.0004830 secs] [Times: user=0.00 sys=0.00, real=0.00 secs] 
190.664: Total time for which application threads were stopped: 0.0005990 seconds, Stopping threads took: 0.0000570 seconds
190.693: Application time: 0.0290480 seconds
190.693: [GC [PSYoungGen: 7644K->1008K(7680K)] 15688K->9116K(25088K), 0.0004230 secs] [Times: user=0.01 sys=0.00, real=0.00 secs] 
190.693: Total time for which application threads were stopped: 0.0005210 seconds, Stopping threads took: 0.0000420 seconds
190.723: Application time: 0.0294760 seconds
190.723: [GC [PSYoungGen: 7660K->1008K(7680K)] 15768K->9116K(25088K), 0.0004670 secs] [Times: user=0.00 sys=0.00, real=0.00 secs] 
190.723: Total time for which application threads were stopped: 0.0005820 seconds, Stopping threads took: 0.0000560 seconds
190.752: Application time: 0.0289900 seconds
190.752: [GC [PSYoungGen: 7662K->976K(7680K)] 15771K->9084K(25088K), 0.0004040 secs] [Times: user=0.00 sys=0.00, real=0.00 secs] 
190.753: Total time for which application threads were stopped: 0.0004950 seconds, Stopping threads took: 0.0000380 seconds
190.782: Application time: 0.0295380 seconds
190.783: [GC [PSYoungGen: 7630K->896K(7680K)] 15739K->9132K(25088K), 0.0005130 secs] [Times: user=0.00 sys=0.00, real=0.00 secs] 
190.783: Total time for which application threads were stopped: 0.0010720 seconds, Stopping threads took: 0.0005030 seconds
190.813: Application time: 0.0295940 seconds
190.813: [GC [PSYoungGen: 7548K->880K(7680K)] 15784K->9116K(25088K), 0.0004870 secs] [Times: user=0.00 sys=0.00, real=0.00 secs] 
190.814: Total time for which application threads were stopped: 0.0005990 seconds, Stopping threads took: 0.0000560 seconds
190.843: Application time: 0.0290190 seconds
190.843: [GC [PSYoungGen: 7534K->896K(7680K)] 15771K->9148K(25088K), 0.0004340 secs] [Times: user=0.00 sys=0.00, real=0.00 secs] 
190.843: Total time for which application threads were stopped: 0.0005310 seconds, Stopping threads took: 0.0000450 seconds
190.871: Application time: 0.0281750 seconds
190.871: [GC [PSYoungGen: 7548K->992K(7680K)] 15800K->9300K(25088K), 0.0004690 secs] [Times: user=0.00 sys=0.00, real=0.00 secs] 
190.872: Total time for which application threads were stopped: 0.0005760 seconds, Stopping threads took: 0.0000550 seconds
190.899: Application time: 0.0273070 seconds
190.899: [GC [PSYoungGen: 7647K->992K(7680K)] 15955K->9524K(25088K), 0.0004600 secs] [Times: user=0.00 sys=0.00, real=0.00 secs] 
190.900: Total time for which application threads were stopped: 0.0005720 seconds, Stopping threads took: 0.0000500 seconds
190.928: Application time: 0.0283550 seconds
190.928: [GC [PSYoungGen: 7645K->992K(7680K)] 16178K->9684K(25088K), 0.0004360 secs] [Times: user=0.01 sys=0.00, real=0.00 secs] 
190.929: Total time for which application threads were stopped: 0.0005450 seconds, Stopping threads took: 0.0000560 seconds
190.956: Application time: 0.0277270 seconds
190.956: [GC [PSYoungGen: 7646K->992K(7680K)] 16338K->9868K(25088K), 0.0004470 secs] [Times: user=0.00 sys=0.00, real=0.00 secs] 
190.957: Total time for which application threads were stopped: 0.0005580 seconds, Stopping threads took: 0.0000580 seconds
190.986: Application time: 0.0293110 seconds
190.986: [GC [PSYoungGen: 7646K->992K(7680K)] 16523K->9888K(25088K), 0.0004220 secs] [Times: user=0.00 sys=0.00, real=0.00 secs] 
190.987: Total time for which application threads were stopped: 0.0005300 seconds, Stopping threads took: 0.0000510 seconds
191.017: Application time: 0.0298100 seconds
191.017: [GC [PSYoungGen: 7644K->896K(7680K)] 16541K->9928K(25088K), 0.0004020 secs] [Times: user=0.00 sys=0.00, real=0.00 secs] 
191.017: Total time for which application threads were stopped: 0.0005030 seconds, Stopping threads took: 0.0000470 seconds
191.047: Application time: 0.0294320 seconds
191.047: [GC [PSYoungGen: 7550K->864K(7680K)] 16583K->9920K(25088K), 0.0004050 secs] [Times: user=0.01 sys=0.00, real=0.01 secs] 
191.047: Total time for which application threads were stopped: 0.0005020 seconds, Stopping threads took: 0.0000440 seconds
191.077: Application time: 0.0295170 seconds
191.077: [GC [PSYoungGen: 7518K->672K(7680K)] 16575K->9977K(25088K), 0.0004120 secs] [Times: user=0.00 sys=0.00, real=0.00 secs] 
191.077: Total time for which application threads were stopped: 0.0005010 seconds, Stopping threads took: 0.0000390 seconds
191.107: Application time: 0.0295940 seconds
191.107: [GC [PSYoungGen: 7326K->416K(7680K)] 16632K->9942K(25088K), 0.0003570 secs] [Times: user=0.00 sys=0.00, real=0.01 secs] 
191.107: Total time for which application threads were stopped: 0.0004520 seconds, Stopping threads took: 0.0000440 seconds
191.137: Application time: 0.0295010 seconds
191.137: [GC [PSYoungGen: 7070K->416K(7680K)] 16597K->9942K(25088K), 0.0003950 secs] [Times: user=0.01 sys=0.00, real=0.00 secs] 
191.137: Total time for which application threads were stopped: 0.0004880 seconds, Stopping threads took: 0.0000400 seconds
191.167: Application time: 0.0296170 seconds
191.167: [GC [PSYoungGen: 7070K->416K(7680K)] 16597K->9942K(25088K), 0.0003610 secs] [Times: user=0.00 sys=0.00, real=0.00 secs] 
191.167: Total time for which application threads were stopped: 0.0004630 seconds, Stopping threads took: 0.0000550 seconds
191.197: Application time: 0.0296420 seconds
191.197: [GC [PSYoungGen: 7070K->416K(7680K)] 16597K->9942K(25088K), 0.0003160 secs] [Times: user=0.00 sys=0.00, real=0.00 secs] 
191.197: Total time for which application threads were stopped: 0.0004180 seconds, Stopping threads took: 0.0000540 seconds
191.227: Application time: 0.0296160 seconds
191.227: [GC [PSYoungGen: 7070K->416K(7680K)] 16597K->9942K(25088K), 0.0003350 secs] [Times: user=0.00 sys=0.00, real=0.00 secs] 
191.227: Total time for which application threads were stopped: 0.0004380 seconds, Stopping threads took: 0.0000550 seconds
191.257: Application time: 0.0299860 seconds
191.257: [GC [PSYoungGen: 7070K->384K(7680K)] 16597K->9910K(25088K), 0.0003300 secs] [Times: user=0.01 sys=0.00, real=0.00 secs] 
191.258: Total time for which application threads were stopped: 0.0004220 seconds, Stopping threads took: 0.0000440 seconds
191.287: Application time: 0.0295820 seconds
191.287: [GC [PSYoungGen: 7038K->416K(7680K)] 16565K->9942K(25088K), 0.0003210 secs] [Times: user=0.00 sys=0.00, real=0.00 secs] 
191.288: Total time for which application threads were stopped: 0.0004010 seconds, Stopping threads took: 0.0000320 seconds
191.317: Application time: 0.0297010 seconds
191.317: [GC [PSYoungGen: 7070K->448K(7680K)] 16597K->9974K(25088K), 0.0003740 secs] [Times: user=0.00 sys=0.00, real=0.00 secs] 
191.318: Total time for which application threads were stopped: 0.0004710 seconds, Stopping threads took: 0.0000470 seconds
191.346: Application time: 0.0285170 seconds
191.346: [GC [PSYoungGen: 7100K->544K(7680K)] 16627K->10163K(25088K), 0.0003470 secs] [Times: user=0.00 sys=0.00, real=0.01 secs] 
191.347: Total time for which application threads were stopped: 0.0004440 seconds, Stopping threads took: 0.0000460 seconds
191.367: Application time: 0.0206820 seconds
191.368: [GC [PSYoungGen: 7198K->576K(7680K)] 16817K->10271K(25088K), 0.0003390 secs] [Times: user=0.01 sys=0.00, real=0.00 secs] 
191.368: Total time for which application threads were stopped: 0.0004400 seconds, Stopping threads took: 0.0000440 seconds
191.389: Application time: 0.0211000 seconds
191.389: [GC [PSYoungGen: 7229K->224K(7680K)] 16924K->10116K(25088K), 0.0003900 secs] [Times: user=0.01 sys=0.00, real=0.00 secs] 
191.390: Total time for which application threads were stopped: 0.0004920 seconds, Stopping threads took: 0.0000510 seconds
191.417: Application time: 0.0271320 seconds
191.417: [GC [PSYoungGen: 6878K->384K(7680K)] 16770K->10276K(25088K), 0.0003180 secs] [Times: user=0.00 sys=0.00, real=0.00 secs] 
191.417: Total time for which application threads were stopped: 0.0004220 seconds, Stopping threads took: 0.0000430 seconds
191.443: Application time: 0.0257770 seconds
191.443: [GC [PSYoungGen: 7038K->480K(7680K)] 16930K->10372K(25088K), 0.0003420 secs] [Times: user=0.00 sys=0.00, real=0.00 secs] 
191.443: Total time for which application threads were stopped: 0.0004550 seconds, Stopping threads took: 0.0000650 seconds
191.463: Application time: 0.0200340 seconds
191.463: [GC [PSYoungGen: 7134K->512K(7680K)] 17026K->10404K(25088K), 0.0003820 secs] [Times: user=0.01 sys=0.00, real=0.00 secs] 
191.464: Total time for which application threads were stopped: 0.0004740 seconds, Stopping threads took: 0.0000420 seconds
191.485: Application time: 0.0214990 seconds
191.485: [GC [PSYoungGen: 7163K->640K(7680K)] 17055K->10532K(25088K), 0.0004260 secs] [Times: user=0.00 sys=0.00, real=0.00 secs] 
191.486: Total time for which application threads were stopped: 0.0005260 seconds, Stopping threads took: 0.0000520 seconds
191.515: Application time: 0.0287540 seconds
191.515: [GC [PSYoungGen: 7292K->640K(7680K)] 17184K->10532K(25088K), 0.0003600 secs] [Times: user=0.00 sys=0.00, real=0.00 secs] 
191.515: Total time for which application threads were stopped: 0.0004650 seconds, Stopping threads took: 0.0000540 seconds
191.544: Application time: 0.0290220 seconds
191.544: [GC [PSYoungGen: 7292K->512K(7680K)] 17184K->10404K(25088K), 0.0003240 secs] [Times: user=0.00 sys=0.00, real=0.00 secs] 
191.545: Total time for which application threads were stopped: 0.0004300 seconds, Stopping threads took: 0.0000550 seconds
191.573: Application time: 0.0281090 seconds
191.573: [GC [PSYoungGen: 7164K->672K(7680K)] 17056K->10564K(25088K), 0.0004160 secs] [Times: user=0.00 sys=0.00, real=0.00 secs] 
191.573: Total time for which application threads were stopped: 0.0005170 seconds, Stopping threads took: 0.0000490 seconds
191.602: Application time: 0.0291260 seconds
191.602: [GC [PSYoungGen: 7326K->512K(7680K)] 17218K->10404K(25088K), 0.0003400 secs] [Times: user=0.01 sys=0.00, real=0.00 secs] 
191.603: Total time for which application threads were stopped: 0.0004310 seconds, Stopping threads took: 0.0000420 seconds
191.633: Application time: 0.0297930 seconds
191.633: [GC [PSYoungGen: 7164K->512K(7680K)] 17056K->10404K(25088K), 0.0004270 secs] [Times: user=0.00 sys=0.00, real=0.00 secs] 
191.633: Total time for which application threads were stopped: 0.0005370 seconds, Stopping threads took: 0.0000520 seconds
191.662: Application time: 0.0291710 seconds
191.662: [GC [PSYoungGen: 7166K->512K(7680K)] 17058K->10404K(25088K), 0.0003340 secs] [Times: user=0.00 sys=0.00, real=0.00 secs] 
191.663: Total time for which application threads were stopped: 0.0004400 seconds, Stopping threads took: 0.0000540 seconds
191.692: Application time: 0.0292780 seconds
191.692: [GC [PSYoungGen: 7166K->512K(7680K)] 17058K->10404K(25088K), 0.0003190 secs] [Times: user=0.00 sys=0.00, real=0.00 secs] 
191.692: Total time for which application threads were stopped: 0.0003990 seconds, Stopping threads took: 0.0000300 seconds
191.722: Application time: 0.0291860 seconds
191.722: [GC [PSYoungGen: 7166K->512K(7680K)] 17058K->10404K(25088K), 0.0003330 secs] [Times: user=0.00 sys=0.00, real=0.00 secs] 
191.722: Total time for which application threads were stopped: 0.0004320 seconds, Stopping threads took: 0.0000500 seconds
191.751: Application time: 0.0291360 seconds
191.751: [GC [PSYoungGen: 7166K->512K(7680K)] 17058K->10404K(25088K), 0.0004080 secs] [Times: user=0.00 sys=0.00, real=0.00 secs] 
191.752: Total time for which application threads were stopped: 0.0004980 seconds, Stopping threads took: 0.0000400 seconds
191.777: Application time: 0.0258860 seconds
191.778: [GC [PSYoungGen: 7164K->736K(7680K)] 17056K->10628K(25088K), 0.0003700 secs] [Times: user=0.00 sys=0.00, real=0.00 secs] 
191.778: Total time for which application threads were stopped: 0.0004690 seconds, Stopping threads took: 0.0000470 seconds
191.798: Application time: 0.0197150 seconds
191.798: [GC [PSYoungGen: 7391K->768K(7680K)] 17283K->10660K(25088K), 0.0003790 secs] [Times: user=0.00 sys=0.00, real=0.00 secs] 
191.798: Total time for which application threads were stopped: 0.0004760 seconds, Stopping threads took: 0.0000430 seconds
191.819: Application time: 0.0211200 seconds
191.819: [GC [PSYoungGen: 7420K->576K(7680K)] 17313K->10468K(25088K), 0.0003950 secs] [Times: user=0.00 sys=0.00, real=0.00 secs] 
191.820: Total time for which application threads were stopped: 0.0004840 seconds, Stopping threads took: 0.0000390 seconds
191.847: Application time: 0.0277070 seconds
191.848: [GC [PSYoungGen: 7230K->704K(7680K)] 17123K->10596K(25088K), 0.0004250 secs] [Times: user=0.01 sys=0.00, real=0.00 secs] 
191.848: Total time for which application threads were stopped: 0.0005210 seconds, Stopping threads took: 0.0000480 seconds
191.876: Application time: 0.0280920 seconds
191.876: [GC [PSYoungGen: 7358K->864K(7680K)] 17250K->10756K(25088K), 0.0003860 secs] [Times: user=0.00 sys=0.00, real=0.00 secs] 
191.877: Total time for which application threads were stopped: 0.0004890 seconds, Stopping threads took: 0.0000530 seconds
191.902: Application time: 0.0258550 seconds
191.903: [GC [PSYoungGen: 7517K->1008K(7680K)] 17409K->10908K(25088K), 0.0004310 secs] [Times: user=0.00 sys=0.00, real=0.00 secs] 
191.903: Total time for which application threads were stopped: 0.0005420 seconds, Stopping threads took: 0.0000550 seconds
191.920: Application time: 0.0175010 seconds
191.921: [GC [PSYoungGen: 7660K->992K(7680K)] 17560K->11076K(25088K), 0.0004700 secs] [Times: user=0.01 sys=0.00, real=0.00 secs] 
191.921: Total time for which application threads were stopped: 0.0005870 seconds, Stopping threads took: 0.0000580 seconds
191.937: Application time: 0.0161960 seconds
191.937: [GC [PSYoungGen: 7647K->992K(7680K)] 17731K->11100K(25088K), 0.0004700 secs] [Times: user=0.00 sys=0.00, real=0.00 secs] 
191.938: Total time for which application threads were stopped: 0.0005870 seconds, Stopping threads took: 0.0000640 seconds
191.957: Application time: 0.0190770 seconds
191.957: [GC [PSYoungGen: 7644K->992K(7680K)] 17752K->11116K(25088K), 0.0004410 secs] [Times: user=0.00 sys=0.00, real=0.00 secs] 
191.957: Total time for which application threads were stopped: 0.0005310 seconds, Stopping threads took: 0.0000350 seconds
191.984: Application time: 0.0265940 seconds
191.984: [GC [PSYoungGen: 7644K->992K(7680K)] 17768K->11132K(25088K), 0.0004320 secs] [Times: user=0.00 sys=0.00, real=0.00 secs] 
191.985: Total time for which application threads were stopped: 0.0005500 seconds, Stopping threads took: 0.0000650 seconds
192.012: Application time: 0.0273420 seconds
192.012: [GC [PSYoungGen: 7644K->992K(7680K)] 17784K->11388K(25088K), 0.0005510 secs] [Times: user=0.01 sys=0.00, real=0.00 secs] 
192.013: Total time for which application threads were stopped: 0.0006520 seconds, Stopping threads took: 0.0000490 seconds
192.041: Application time: 0.0279800 seconds
192.041: [GC [PSYoungGen: 7646K->1008K(7680K)] 18042K->11404K(25088K), 0.0004190 secs] [Times: user=0.00 sys=0.00, real=0.00 secs] 
192.041: Total time for which application threads were stopped: 0.0005130 seconds, Stopping threads took: 0.0000400 seconds
192.070: Application time: 0.0291350 seconds
192.070: [GC [PSYoungGen: 7662K->960K(7680K)] 18058K->11356K(25088K), 0.0004460 secs] [Times: user=0.01 sys=0.00, real=0.00 secs] 
192.071: Total time for which application threads were stopped: 0.0005530 seconds, Stopping threads took: 0.0000540 seconds
192.100: Application time: 0.0289810 seconds
192.100: [GC [PSYoungGen: 7614K->960K(7680K)] 18010K->11356K(25088K), 0.0004610 secs] [Times: user=0.00 sys=0.00, real=0.00 secs] 
192.100: Total time for which application threads were stopped: 0.0005640 seconds, Stopping threads took: 0.0000520 seconds
192.130: Application time: 0.0292250 seconds
192.130: [GC [PSYoungGen: 7614K->992K(7680K)] 18011K->11388K(25088K), 0.0004580 secs] [Times: user=0.00 sys=0.00, real=0.00 secs] 
192.130: Total time for which application threads were stopped: 0.0005520 seconds, Stopping threads took: 0.0000440 seconds
192.159: Application time: 0.0288790 seconds
192.159: [GC [PSYoungGen: 7646K->944K(7680K)] 18043K->11340K(25088K), 0.0004100 secs] [Times: user=0.01 sys=0.00, real=0.00 secs] 
192.160: Total time for which application threads were stopped: 0.0005010 seconds, Stopping threads took: 0.0000420 seconds
192.185: Application time: 0.0251440 seconds
192.185: [GC [PSYoungGen: 7596K->960K(7680K)] 17992K->11588K(25088K), 0.0004970 secs] [Times: user=0.00 sys=0.00, real=0.00 secs] 
192.185: Total time for which application threads were stopped: 0.0006020 seconds, Stopping threads took: 0.0000530 seconds
192.202: Application time: 0.0172200 seconds
192.203: [GC [PSYoungGen: 7613K->992K(7680K)] 18241K->11772K(25088K), 0.0004580 secs] [Times: user=0.00 sys=0.00, real=0.00 secs] 
192.203: Total time for which application threads were stopped: 0.0005620 seconds, Stopping threads took: 0.0000470 seconds
192.219: Application time: 0.0163580 seconds
192.219: [GC [PSYoungGen: 7648K->992K(7680K)] 18428K->12100K(25088K), 0.0005170 secs] [Times: user=0.00 sys=0.00, real=0.00 secs] 
192.220: Total time for which application threads were stopped: 0.0006110 seconds, Stopping threads took: 0.0000420 seconds
192.238: Application time: 0.0182750 seconds
192.238: [GC [PSYoungGen: 7646K->1008K(7680K)] 18755K->12420K(25088K), 0.0005150 secs] [Times: user=0.01 sys=0.00, real=0.01 secs] 
192.239: Total time for which application threads were stopped: 0.0006210 seconds, Stopping threads took: 0.0000500 seconds
192.256: Application time: 0.0173580 seconds
192.256: [GC [PSYoungGen: 7661K->960K(7680K)] 19073K->12705K(25088K), 0.0005210 secs] [Times: user=0.00 sys=0.00, real=0.00 secs] 
192.257: Total time for which application threads were stopped: 0.0006210 seconds, Stopping threads took: 0.0000430 seconds
192.278: Application time: 0.0211880 seconds
192.279: [GC [PSYoungGen: 7615K->960K(7680K)] 19360K->12705K(25088K), 0.0004490 secs] [Times: user=0.00 sys=0.00, real=0.00 secs] 
192.279: Total time for which application threads were stopped: 0.0012140 seconds, Stopping threads took: 0.0007110 seconds
192.304: Application time: 0.0249810 seconds
192.304: [GC [PSYoungGen: 7611K->992K(7680K)] 19356K->12921K(25088K), 0.0004980 secs] [Times: user=0.00 sys=0.00, real=0.00 secs] 
192.305: Total time for which application threads were stopped: 0.0006220 seconds, Stopping threads took: 0.0000680 seconds
192.332: Application time: 0.0267840 seconds
192.335: [GC [PSYoungGen: 7647K->1008K(7680K)] 19576K->13137K(25088K), 0.0005150 secs] [Times: user=0.00 sys=0.00, real=0.00 secs] 
192.335: Total time for which application threads were stopped: 0.0036760 seconds, Stopping threads took: 0.0031020 seconds
192.361: Application time: 0.0255050 seconds
192.361: [GC [PSYoungGen: 7660K->992K(7680K)] 19790K->13373K(25088K), 0.0004910 secs] [Times: user=0.00 sys=0.00, real=0.00 secs] 
192.361: Total time for which application threads were stopped: 0.0005940 seconds, Stopping threads took: 0.0000490 seconds
192.391: Application time: 0.0291240 seconds
192.391: [GC [PSYoungGen: 7644K->992K(7680K)] 20025K->13405K(25088K), 0.0004650 secs] [Times: user=0.00 sys=0.00, real=0.00 secs] 
192.391: Total time for which application threads were stopped: 0.0005630 seconds, Stopping threads took: 0.0000430 seconds
192.420: Application time: 0.0288390 seconds
192.420: [GC [PSYoungGen: 7646K->976K(7680K)] 20060K->13437K(25088K), 0.0004760 secs] [Times: user=0.00 sys=0.00, real=0.00 secs] 
192.421: Total time for which application threads were stopped: 0.0005820 seconds, Stopping threads took: 0.0000440 seconds
192.450: Application time: 0.0292480 seconds
192.450: [GC [PSYoungGen: 7630K->1008K(7680K)] 20092K->13477K(25088K), 0.0004040 secs] [Times: user=0.00 sys=0.00, real=0.00 secs] 
192.450: Total time for which application threads were stopped: 0.0005240 seconds, Stopping threads took: 0.0000590 seconds
192.479: Application time: 0.0290990 seconds
192.480: [GC [PSYoungGen: 7662K->976K(7680K)] 20132K->13445K(25088K), 0.0004430 secs] [Times: user=0.00 sys=0.00, real=0.00 secs] 
192.480: Total time for which application threads were stopped: 0.0005480 seconds, Stopping threads took: 0.0000490 seconds
192.509: Application time: 0.0293180 seconds
192.509: [GC [PSYoungGen: 7630K->1008K(7680K)] 20100K->13477K(25088K), 0.0004410 secs] [Times: user=0.00 sys=0.00, real=0.00 secs] 
192.510: Total time for which application threads were stopped: 0.0005500 seconds, Stopping threads took: 0.0000560 seconds
192.539: Application time: 0.0290760 seconds
192.539: [GC [PSYoungGen: 7662K->976K(7680K)] 20132K->13445K(25088K), 0.0004940 secs] [Times: user=0.01 sys=0.00, real=0.00 secs] 
192.540: Total time for which application threads were stopped: 0.0005950 seconds, Stopping threads took: 0.0000470 seconds
192.569: Application time: 0.0291450 seconds
192.569: [GC [PSYoungGen: 7630K->992K(7680K)] 20100K->13469K(25088K), 0.0003950 secs] [Times: user=0.00 sys=0.00, real=0.00 secs] 
192.569: Total time for which application threads were stopped: 0.0005000 seconds, Stopping threads took: 0.0000520 seconds
192.598: Application time: 0.0290330 seconds
192.598: [GC [PSYoungGen: 7646K->976K(7680K)] 20124K->13477K(25088K), 0.0004020 secs] [Times: user=0.00 sys=0.00, real=0.00 secs] 
192.599: Total time for which application threads were stopped: 0.0004980 seconds, Stopping threads took: 0.0000440 seconds
192.626: Application time: 0.0276690 seconds
192.626: [GC [PSYoungGen: 7630K->992K(7680K)] 20131K->13658K(25088K), 0.0005200 secs] [Times: user=0.00 sys=0.00, real=0.01 secs] 
192.627: Total time for which application threads were stopped: 0.0006220 seconds, Stopping threads took: 0.0000410 seconds
192.654: Application time: 0.0273990 seconds
192.654: [GC [PSYoungGen: 7645K->992K(7680K)] 20311K->13770K(25088K), 0.0004180 secs] [Times: user=0.00 sys=0.00, real=0.00 secs] 
192.655: Total time for which application threads were stopped: 0.0005190 seconds, Stopping threads took: 0.0000460 seconds
192.684: Application time: 0.0286500 seconds
192.684: [GC [PSYoungGen: 7646K->896K(7680K)] 20424K->13722K(25088K), 0.0004680 secs] [Times: user=0.00 sys=0.00, real=0.00 secs] 
192.684: Total time for which application threads were stopped: 0.0005610 seconds, Stopping threads took: 0.0000390 seconds
192.713: Application time: 0.0285270 seconds
192.713: [GC [PSYoungGen: 7548K->896K(7680K)] 20374K->13722K(25088K), 0.0003920 secs] [Times: user=0.01 sys=0.00, real=0.00 secs] 
192.713: Total time for which application threads were stopped: 0.0004960 seconds, Stopping threads took: 0.0000480 seconds
192.743: Application time: 0.0296160 seconds
192.747: [GC [PSYoungGen: 7550K->928K(7680K)] 20377K->13770K(25088K), 0.0004040 secs] [Times: user=0.00 sys=0.00, real=0.00 secs] 
192.747: Total time for which application threads were stopped: 0.0044440 seconds, Stopping threads took: 0.0039820 seconds
192.777: Application time: 0.0296510 seconds
192.777: [GC [PSYoungGen: 7582K->896K(7680K)] 20425K->13746K(25088K), 0.0004100 secs] [Times: user=0.00 sys=0.00, real=0.00 secs] 
192.777: Total time for which application threads were stopped: 0.0005040 seconds, Stopping threads took: 0.0000390 seconds
192.807: Application time: 0.0295590 seconds
192.807: [GC [PSYoungGen: 7550K->736K(7680K)] 20401K->13818K(25088K), 0.0003970 secs] [Times: user=0.00 sys=0.00, real=0.00 secs] 
192.807: Total time for which application threads were stopped: 0.0004940 seconds, Stopping threads took: 0.0000420 seconds
192.837: Application time: 0.0295440 seconds
192.839: [GC [PSYoungGen: 7390K->672K(7680K)] 20473K->13754K(25088K), 0.0004000 secs] [Times: user=0.00 sys=0.00, real=0.00 secs] 
192.839: Total time for which application threads were stopped: 0.0022280 seconds, Stopping threads took: 0.0017750 seconds
192.869: Application time: 0.0296110 seconds
192.869: [GC [PSYoungGen: 7326K->704K(7680K)] 20409K->13786K(25088K), 0.0004030 secs] [Times: user=0.00 sys=0.00, real=0.00 secs] 
192.869: Total time for which application threads were stopped: 0.0005060 seconds, Stopping threads took: 0.0000500 seconds
192.899: Application time: 0.0295620 seconds
192.903: [GC [PSYoungGen: 7358K->672K(7680K)] 20441K->13754K(25088K), 0.0003480 secs] [Times: user=0.00 sys=0.00, real=0.00 secs] 
192.903: Total time for which application threads were stopped: 0.0042590 seconds, Stopping threads took: 0.0038620 seconds
192.933: Application time: 0.0298860 seconds
192.933: [GC [PSYoungGen: 7324K->704K(7680K)] 20406K->13786K(25088K), 0.0003550 secs] [Times: user=0.00 sys=0.00, real=0.00 secs] 
192.934: Total time for which application threads were stopped: 0.0004670 seconds, Stopping threads took: 0.0000590 seconds
192.963: Application time: 0.0296120 seconds
192.963: [GC [PSYoungGen: 7358K->672K(7680K)] 20441K->13754K(25088K), 0.0003390 secs] [Times: user=0.00 sys=0.00, real=0.00 secs] 
192.964: Total time for which application threads were stopped: 0.0004470 seconds, Stopping threads took: 0.0000460 seconds
192.993: Application time: 0.0294760 seconds
192.993: [GC [PSYoungGen: 7326K->736K(7680K)] 20409K->13818K(25088K), 0.0003580 secs] [Times: user=0.00 sys=0.00, real=0.00 secs] 
192.994: Total time for which application threads were stopped: 0.0004620 seconds, Stopping threads took: 0.0000520 seconds
193.023: Application time: 0.0296350 seconds
193.023: [GC [PSYoungGen: 7390K->672K(7680K)] 20473K->13754K(25088K), 0.0004220 secs] [Times: user=0.00 sys=0.00, real=0.00 secs] 
193.024: Total time for which application threads were stopped: 0.0005200 seconds, Stopping threads took: 0.0000490 seconds
193.053: Application time: 0.0296740 seconds
193.053: [GC [PSYoungGen: 7324K->864K(7680K)] 20406K->13946K(25088K), 0.0004170 secs] [Times: user=0.00 sys=0.00, real=0.00 secs] 
193.054: Total time for which application threads were stopped: 0.0005270 seconds, Stopping threads took: 0.0000560 seconds
193.083: Application time: 0.0293320 seconds
193.083: [GC [PSYoungGen: 7518K->480K(7680K)] 20601K->13782K(25088K), 0.0003520 secs] [Times: user=0.00 sys=0.00, real=0.00 secs] 
193.084: Total time for which application threads were stopped: 0.0004510 seconds, Stopping threads took: 0.0000490 seconds
193.109: Application time: 0.0250950 seconds
193.109: [GC [PSYoungGen: 7132K->448K(7680K)] 20434K->13979K(25088K), 0.0003600 secs] [Times: user=0.01 sys=0.00, real=0.00 secs] 
193.109: Total time for which application threads were stopped: 0.0004630 seconds, Stopping threads took: 0.0000490 seconds
193.130: Application time: 0.0205880 seconds
193.130: [GC [PSYoungGen: 7103K->512K(7680K)] 20634K->14051K(25088K), 0.0003740 secs] [Times: user=0.00 sys=0.00, real=0.00 secs] 
193.130: Total time for which application threads were stopped: 0.0004900 seconds, Stopping threads took: 0.0000640 seconds
193.153: Application time: 0.0228650 seconds
193.153: [GC [PSYoungGen: 7166K->416K(7680K)] 20705K->14179K(25088K), 0.0003610 secs] [Times: user=0.00 sys=0.00, real=0.00 secs] 
193.154: Total time for which application threads were stopped: 0.0004650 seconds, Stopping threads took: 0.0000520 seconds
193.180: Application time: 0.0262580 seconds
193.180: [GC [PSYoungGen: 7067K->512K(7680K)] 20831K->14275K(25088K), 0.0003600 secs] [Times: user=0.00 sys=0.00, real=0.00 secs] 
193.180: Total time for which application threads were stopped: 0.0004480 seconds, Stopping threads took: 0.0000380 seconds
193.202: Application time: 0.0212870 seconds
193.202: [GC [PSYoungGen: 7163K->512K(7680K)] 20927K->14275K(25088K), 0.0003880 secs] [Times: user=0.00 sys=0.00, real=0.00 secs] 
193.202: Total time for which application threads were stopped: 0.0004950 seconds, Stopping threads took: 0.0000460 seconds
193.223: Application time: 0.0204330 seconds
193.223: [GC [PSYoungGen: 7166K->544K(7680K)] 20930K->14307K(25088K), 0.0003580 secs] [Times: user=0.00 sys=0.00, real=0.00 secs] 
193.223: Total time for which application threads were stopped: 0.0004550 seconds, Stopping threads took: 0.0000470 seconds
193.251: Application time: 0.0280550 seconds
193.251: [GC [PSYoungGen: 7198K->544K(7680K)] 20961K->14307K(25088K), 0.0003350 secs] [Times: user=0.00 sys=0.00, real=0.00 secs] 
193.252: Total time for which application threads were stopped: 0.0004370 seconds, Stopping threads took: 0.0000500 seconds
193.281: Application time: 0.0289740 seconds
193.281: [GC [PSYoungGen: 7196K->512K(7680K)] 20959K->14275K(25088K), 0.0003300 secs] [Times: user=0.00 sys=0.00, real=0.00 secs] 
193.281: Total time for which application threads were stopped: 0.0004310 seconds, Stopping threads took: 0.0000500 seconds
193.309: Application time: 0.0281840 seconds
193.311: [GC [PSYoungGen: 7164K->544K(7680K)] 20927K->14307K(25088K), 0.0003520 secs] [Times: user=0.00 sys=0.00, real=0.00 secs] 
193.311: Total time for which application threads were stopped: 0.0020630 seconds, Stopping threads took: 0.0016570 seconds
193.340: Application time: 0.0292890 seconds
193.341: [GC [PSYoungGen: 7196K->544K(7680K)] 20959K->14307K(25088K), 0.0003390 secs] [Times: user=0.00 sys=0.00, real=0.00 secs] 
193.341: Total time for which application threads were stopped: 0.0004370 seconds, Stopping threads took: 0.0000500 seconds
193.370: Application time: 0.0292460 seconds
193.370: [GC [PSYoungGen: 7198K->448K(7680K)] 20962K->14211K(25088K), 0.0004360 secs] [Times: user=0.00 sys=0.00, real=0.00 secs] 
193.371: Total time for which application threads were stopped: 0.0005300 seconds, Stopping threads took: 0.0000450 seconds
193.400: Application time: 0.0292490 seconds
193.400: [GC [PSYoungGen: 7102K->512K(7680K)] 20866K->14275K(25088K), 0.0003270 secs] [Times: user=0.00 sys=0.00, real=0.00 secs] 
193.400: Total time for which application threads were stopped: 0.0004180 seconds, Stopping threads took: 0.0000420 seconds
193.430: Application time: 0.0292590 seconds
193.430: [GC [PSYoungGen: 7166K->608K(7680K)] 20930K->14371K(25088K), 0.0003420 secs] [Times: user=0.00 sys=0.00, real=0.00 secs] 
193.430: Total time for which application threads were stopped: 0.0004400 seconds, Stopping threads took: 0.0000480 seconds
193.459: Application time: 0.0290930 seconds
193.459: [GC [PSYoungGen: 7262K->480K(7680K)] 21026K->14243K(25088K), 0.0003590 secs] [Times: user=0.00 sys=0.00, real=0.00 secs] 
193.460: Total time for which application threads were stopped: 0.0004600 seconds, Stopping threads took: 0.0000490 seconds
193.489: Application time: 0.0292450 seconds
193.489: [GC [PSYoungGen: 7132K->512K(7680K)] 20895K->14275K(25088K), 0.0003310 secs] [Times: user=0.00 sys=0.00, real=0.00 secs] 
193.489: Total time for which application threads were stopped: 0.0004430 seconds, Stopping threads took: 0.0000510 seconds
193.518: Application time: 0.0291430 seconds
193.519: [GC [PSYoungGen: 7166K->512K(7680K)] 20930K->14275K(25088K), 0.0003210 secs] [Times: user=0.01 sys=0.00, real=0.01 secs] 
193.519: Total time for which application threads were stopped: 0.0004180 seconds, Stopping threads took: 0.0000450 seconds
193.540: Application time: 0.0208300 seconds
193.540: [GC [PSYoungGen: 7164K->736K(7680K)] 20927K->14499K(25088K), 0.0003810 secs] [Times: user=0.00 sys=0.00, real=0.00 secs] 
193.540: Total time for which application threads were stopped: 0.0004860 seconds, Stopping threads took: 0.0000520 seconds
193.561: Application time: 0.0205660 seconds
193.561: [GC [PSYoungGen: 7388K->704K(7680K)] 21151K->14467K(25088K), 0.0003760 secs] [Times: user=0.00 sys=0.00, real=0.00 secs] 
193.561: Total time for which application threads were stopped: 0.0004870 seconds, Stopping threads took: 0.0000580 seconds
193.586: Application time: 0.0243260 seconds
193.586: [GC [PSYoungGen: 7358K->912K(7680K)] 21121K->14675K(25088K), 0.0004480 secs] [Times: user=0.01 sys=0.00, real=0.00 secs] 
193.586: Total time for which application threads were stopped: 0.0005630 seconds, Stopping threads took: 0.0000540 seconds
193.614: Application time: 0.0275950 seconds
193.614: [GC [PSYoungGen: 7567K->832K(7680K)] 21330K->14595K(25088K), 0.0004220 secs] [Times: user=0.00 sys=0.00, real=0.00 secs] 
193.614: Total time for which application threads were stopped: 0.0005260 seconds, Stopping threads took: 0.0000520 seconds
193.638: Application time: 0.0238270 seconds
193.638: [GC [PSYoungGen: 7487K->992K(7680K)] 21251K->14763K(25088K), 0.0005400 secs] [Times: user=0.00 sys=0.00, real=0.00 secs] 
193.639: Total time for which application threads were stopped: 0.0006590 seconds, Stopping threads took: 0.0000500 seconds
193.655: Application time: 0.0158540 seconds
193.655: [GC [PSYoungGen: 7645K->1008K(7680K)] 21416K->14971K(25088K), 0.0004900 secs] [Times: user=0.00 sys=0.00, real=0.00 secs] 
193.655: Total time for which application threads were stopped: 0.0005790 seconds, Stopping threads took: 0.0000350 seconds
193.671: Application time: 0.0154400 seconds
193.671: [GC [PSYoungGen: 7659K->992K(7680K)] 21623K->14983K(25088K), 0.0004730 secs] [Times: user=0.00 sys=0.00, real=0.00 secs] 
193.671: Total time for which application threads were stopped: 0.0005680 seconds, Stopping threads took: 0.0000430 seconds
193.692: Application time: 0.0210770 seconds
193.692: [GC [PSYoungGen: 7643K->992K(7680K)] 21635K->15147K(25088K), 0.0004410 secs] [Times: user=0.00 sys=0.00, real=0.00 secs] 
193.693: Total time for which application threads were stopped: 0.0005310 seconds, Stopping threads took: 0.0000350 seconds
193.721: Application time: 0.0284320 seconds
193.721: [GC [PSYoungGen: 7646K->976K(7680K)] 21801K->15259K(25088K), 0.0004330 secs] [Times: user=0.00 sys=0.00, real=0.00 secs] 
193.722: Total time for which application threads were stopped: 0.0005190 seconds, Stopping threads took: 0.0000350 seconds
193.748: Application time: 0.0266530 seconds
193.748: [GC [PSYoungGen: 7630K->1008K(7680K)] 21913K->15323K(25088K), 0.0004580 secs] [Times: user=0.00 sys=0.00, real=0.00 secs] 
193.749: Total time for which application threads were stopped: 0.0005590 seconds, Stopping threads took: 0.0000470 seconds
193.779: Application time: 0.0295530 seconds
193.779: [GC [PSYoungGen: 7662K->1008K(7680K)] 21978K->15363K(25088K), 0.0004560 secs] [Times: user=0.00 sys=0.00, real=0.01 secs] 
193.779: Total time for which application threads were stopped: 0.0005660 seconds, Stopping threads took: 0.0000560 seconds
193.809: Application time: 0.0303410 seconds
193.810: [GC [PSYoungGen: 7660K->960K(7680K)] 22015K->15315K(25088K), 0.0005080 secs] [Times: user=0.00 sys=0.00, real=0.00 secs] 
193.810: Total time for which application threads were stopped: 0.0006090 seconds, Stopping threads took: 0.0000450 seconds
193.839: Application time: 0.0291110 seconds
193.839: [GC [PSYoungGen: 7614K->944K(7680K)] 21970K->15427K(25088K), 0.0004740 secs] [Times: user=0.00 sys=0.00, real=0.00 secs] 
193.840: Total time for which application threads were stopped: 0.0005750 seconds, Stopping threads took: 0.0000460 seconds
193.869: Application time: 0.0293920 seconds
193.869: [GC [PSYoungGen: 7598K->912K(7680K)] 22082K->15395K(25088K), 0.0003970 secs] [Times: user=0.00 sys=0.00, real=0.00 secs] 
193.870: Total time for which application threads were stopped: 0.0004990 seconds, Stopping threads took: 0.0000480 seconds
193.899: Application time: 0.0290560 seconds
193.899: [GC [PSYoungGen: 7566K->848K(7680K)] 22050K->15331K(25088K), 0.0004540 secs] [Times: user=0.00 sys=0.00, real=0.00 secs] 
193.899: Total time for which application threads were stopped: 0.0005570 seconds, Stopping threads took: 0.0000530 seconds
193.924: Application time: 0.0245060 seconds
193.924: [GC [PSYoungGen: 7502K->992K(7680K)] 21985K->15515K(25088K), 0.0004260 secs] [Times: user=0.00 sys=0.00, real=0.00 secs] 
193.924: Total time for which application threads were stopped: 0.0005310 seconds, Stopping threads took: 0.0000530 seconds
193.945: Application time: 0.0207080 seconds
193.945: [GC [PSYoungGen: 7646K->816K(7680K)] 22170K->15531K(25088K), 0.0004980 secs] [Times: user=0.00 sys=0.00, real=0.00 secs] 
193.946: Total time for which application threads were stopped: 0.0005940 seconds, Stopping threads took: 0.0000440 seconds
193.962: Application time: 0.0166450 seconds
193.962: [GC [PSYoungGen: 7468K->992K(7680K)] 22184K->15899K(25088K), 0.0004620 secs] [Times: user=0.00 sys=0.00, real=0.00 secs] 
193.963: Total time for which application threads were stopped: 0.0005610 seconds, Stopping threads took: 0.0000400 seconds
193.983: Application time: 0.0197720 seconds
193.983: [GC [PSYoungGen: 7644K->1008K(7680K)] 22552K->16035K(25088K), 0.0005150 secs] [Times: user=0.00 sys=0.00, real=0.00 secs] 
193.983: Total time for which application threads were stopped: 0.0006170 seconds, Stopping threads took: 0.0000510 seconds
194.001: Application time: 0.0178500 seconds
194.001: [GC [PSYoungGen: 7662K->1008K(7680K)] 22690K->16272K(25088K), 0.0004920 secs] [Times: user=0.00 sys=0.00, real=0.00 secs] 
194.002: Total time for which application threads were stopped: 0.0006070 seconds, Stopping threads took: 0.0000530 seconds
194.021: Application time: 0.0198410 seconds
194.022: [GC [PSYoungGen: 7661K->992K(7680K)] 22925K->16336K(25088K), 0.0004770 secs] [Times: user=0.00 sys=0.00, real=0.00 secs] 
194.022: Total time for which application threads were stopped: 0.0005770 seconds, Stopping threads took: 0.0000440 seconds
194.043: Application time: 0.0212950 seconds
194.043: [GC [PSYoungGen: 7644K->992K(7680K)] 22989K->16508K(25088K), 0.0004470 secs] [Times: user=0.01 sys=0.00, real=0.00 secs] 
194.044: Total time for which application threads were stopped: 0.0005590 seconds, Stopping threads took: 0.0000580 seconds
194.070: Application time: 0.0260080 seconds
194.071: [GC [PSYoungGen: 7646K->992K(7680K)] 23163K->16712K(25088K), 0.0004980 secs] [Times: user=0.00 sys=0.00, real=0.00 secs] 
194.071: Total time for which application threads were stopped: 0.0014100 seconds, Stopping threads took: 0.0008590 seconds
194.099: Application time: 0.0280070 seconds
194.103: [GC [PSYoungGen: 7647K->992K(7680K)] 23368K->16880K(25088K), 0.0004890 secs] [Times: user=0.01 sys=0.00, real=0.00 secs] 
194.103: Total time for which application threads were stopped: 0.0039710 seconds, Stopping threads took: 0.0034280 seconds
194.132: Application time: 0.0282950 seconds
194.132: [GC [PSYoungGen: 7646K->992K(7680K)] 23535K->17001K(25088K), 0.0004900 secs] [Times: user=0.00 sys=0.00, real=0.00 secs] 
194.132: Total time for which application threads were stopped: 0.0005920 seconds, Stopping threads took: 0.0000460 seconds
194.162: Application time: 0.0294590 seconds
194.162: [GC [PSYoungGen: 7644K->976K(7680K)] 23653K->16985K(25088K), 0.0004270 secs] [Times: user=0.00 sys=0.00, real=0.00 secs] 
194.162: Total time for which application threads were stopped: 0.0005370 seconds, Stopping threads took: 0.0000550 seconds
194.191: Application time: 0.0290220 seconds
194.191: [GC [PSYoungGen: 7630K->1008K(7680K)] 23640K->17025K(25088K), 0.0004400 secs] [Times: user=0.00 sys=0.00, real=0.00 secs] 
194.192: Total time for which application threads were stopped: 0.0005340 seconds, Stopping threads took: 0.0000410 seconds
194.221: Application time: 0.0291420 seconds
194.223: [GC [PSYoungGen: 7662K->896K(7680K)] 23680K->17041K(25088K), 0.0004330 secs] [Times: user=0.00 sys=0.00, real=0.00 secs] 
194.223: Total time for which application threads were stopped: 0.0023410 seconds, Stopping threads took: 0.0018540 seconds
194.252: Application time: 0.0291770 seconds
194.253: [GC [PSYoungGen: 7550K->928K(7680K)] 23696K->17073K(25088K), 0.0004050 secs] [Times: user=0.01 sys=0.00, real=0.00 secs] 
194.253: Total time for which application threads were stopped: 0.0005130 seconds, Stopping threads took: 0.0000530 seconds
194.282: Application time: 0.0295040 seconds
194.283: [GC [PSYoungGen: 7582K->880K(7680K)] 23728K->17025K(25088K), 0.0004060 secs] [Times: user=0.00 sys=0.00, real=0.00 secs] 
194.283: Total time for which application threads were stopped: 0.0005040 seconds, Stopping threads took: 0.0000370 seconds
194.312: Application time: 0.0290380 seconds
194.312: [GC [PSYoungGen: 7534K->880K(7680K)] 23680K->17033K(25088K), 0.0004410 secs] [Times: user=0.00 sys=0.00, real=0.00 secs] 
194.313: Total time for which application threads were stopped: 0.0005400 seconds, Stopping threads took: 0.0000470 seconds
194.342: Application time: 0.0290640 seconds
194.342: [GC [PSYoungGen: 7534K->928K(7680K)] 23688K->17081K(25088K), 0.0004160 secs] [Times: user=0.00 sys=0.00, real=0.00 secs] 
194.342: Total time for which application threads were stopped: 0.0005160 seconds, Stopping threads took: 0.0000490 seconds
194.370: Application time: 0.0281480 seconds
194.370: [GC [PSYoungGen: 7580K->992K(7680K)] 23733K->17246K(25088K), 0.0004600 secs] [Times: user=0.00 sys=0.00, real=0.00 secs] 
194.371: Total time for which application threads were stopped: 0.0005570 seconds, Stopping threads took: 0.0000430 seconds
194.398: Application time: 0.0270310 seconds
194.398: [GC [PSYoungGen: 7647K->1008K(7680K)] 23902K->17294K(25088K), 0.0004360 secs] [Times: user=0.00 sys=0.00, real=0.00 secs] 
194.398: Total time for which application threads were stopped: 0.0005560 seconds, Stopping threads took: 0.0000640 seconds
194.428: Application time: 0.0295990 seconds
194.428: [GC [PSYoungGen: 7662K->992K(7680K)] 23948K->17294K(25088K), 0.0004590 secs] [Times: user=0.00 sys=0.00, real=0.00 secs] 
194.429: Total time for which application threads were stopped: 0.0005490 seconds, Stopping threads took: 0.0000370 seconds
194.456: Application time: 0.0277490 seconds
194.456: [GC [PSYoungGen: 7646K->992K(7680K)] 23948K->17350K(25088K), 0.0004370 secs] [Times: user=0.01 sys=0.00, real=0.00 secs] 
194.457: Total time for which application threads were stopped: 0.0005420 seconds, Stopping threads took: 0.0000510 seconds
194.487: Application time: 0.0298390 seconds
194.487: [GC [PSYoungGen: 7646K->928K(7680K)] 24004K->17326K(25088K), 0.0004380 secs] [Times: user=0.01 sys=0.00, real=0.00 secs] 
194.487: Total time for which application threads were stopped: 0.0005450 seconds, Stopping threads took: 0.0000550 seconds
194.517: Application time: 0.0295670 seconds
194.517: [GC [PSYoungGen: 7582K->864K(7680K)] 23980K->17310K(25088K), 0.0004450 secs] [Times: user=0.00 sys=0.00, real=0.00 secs] 
194.517: Total time for which application threads were stopped: 0.0005470 seconds, Stopping threads took: 0.0000430 seconds
194.547: Application time: 0.0299480 seconds
194.547: [GC [PSYoungGen: 7518K->704K(7680K)] 23964K->17390K(25088K), 0.0003910 secs] [Times: user=0.00 sys=0.00, real=0.00 secs] 
194.548: Total time for which application threads were stopped: 0.0004900 seconds, Stopping threads took: 0.0000480 seconds
194.578: Application time: 0.0297970 seconds
194.578: [GC [PSYoungGen: 7356K->800K(7680K)] 24042K->17486K(25088K), 0.0003790 secs] [Times: user=0.01 sys=0.00, real=0.00 secs] 
194.578: Total time for which application threads were stopped: 0.0004770 seconds, Stopping threads took: 0.0000460 seconds
194.608: Application time: 0.0296080 seconds
194.608: [GC [PSYoungGen: 7454K->704K(7680K)] 24140K->17390K(25088K), 0.0003740 secs] [Times: user=0.00 sys=0.00, real=0.00 secs] 
194.608: Total time for which application threads were stopped: 0.0004720 seconds, Stopping threads took: 0.0000460 seconds
194.638: Application time: 0.0301960 seconds
194.638: [GC [PSYoungGen: 7358K->704K(7680K)] 24044K->17390K(25088K), 0.0004310 secs] [Times: user=0.01 sys=0.00, real=0.01 secs] 
194.639: Total time for which application threads were stopped: 0.0005390 seconds, Stopping threads took: 0.0000480 seconds
194.669: Application time: 0.0296690 seconds
194.669: [GC [PSYoungGen: 7358K->736K(7680K)] 24044K->17422K(25088K), 0.0003530 secs] [Times: user=0.00 sys=0.00, real=0.00 secs] 
194.669: Total time for which application threads were stopped: 0.0004490 seconds, Stopping threads took: 0.0000450 seconds
194.699: Application time: 0.0298330 seconds
194.703: [GC [PSYoungGen: 7390K->672K(7680K)] 24076K->17358K(25088K), 0.0003880 secs] [Times: user=0.00 sys=0.00, real=0.00 secs] 
194.703: Total time for which application threads were stopped: 0.0043480 seconds, Stopping threads took: 0.0039080 seconds
194.733: Application time: 0.0296110 seconds
194.733: [GC [PSYoungGen: 7326K->672K(7680K)] 24012K->17358K(25088K), 0.0003850 secs] [Times: user=0.00 sys=0.00, real=0.00 secs] 
194.733: Total time for which application threads were stopped: 0.0004890 seconds, Stopping threads took: 0.0000530 seconds
194.763: Application time: 0.0294930 seconds
194.763: [GC [PSYoungGen: 7326K->672K(7680K)] 24012K->17358K(25088K), 0.0003510 secs] [Times: user=0.00 sys=0.00, real=0.00 secs] 
194.763: Total time for which application threads were stopped: 0.0004600 seconds, Stopping threads took: 0.0000580 seconds
194.793: Application time: 0.0298340 seconds
194.793: [GC [PSYoungGen: 7326K->672K(7680K)] 24012K->17358K(25088K), 0.0003580 secs] [Times: user=0.00 sys=0.00, real=0.00 secs] 
194.794: Total time for which application threads were stopped: 0.0004870 seconds, Stopping threads took: 0.0000770 seconds
194.823: Application time: 0.0294490 seconds
194.823: [GC [PSYoungGen: 7326K->704K(7680K)] 24012K->17398K(25088K), 0.0004310 secs] [Times: user=0.00 sys=0.00, real=0.00 secs] 
194.824: Total time for which application threads were stopped: 0.0005350 seconds, Stopping threads took: 0.0000500 seconds
194.851: Application time: 0.0278310 seconds
194.851: [GC [PSYoungGen: 7358K->544K(7680K)] 24052K->17647K(25088K), 0.0004040 secs] [Times: user=0.00 sys=0.00, real=0.00 secs] 
194.852: Total time for which application threads were stopped: 0.0004980 seconds, Stopping threads took: 0.0000440 seconds
194.874: Application time: 0.0215890 seconds
194.874: [GC [PSYoungGen: 7195K->576K(7680K)] 24299K->17679K(25088K), 0.0003840 secs] [Times: user=0.00 sys=0.00, real=0.00 secs] 
194.874: Total time for which application threads were stopped: 0.0005050 seconds, Stopping threads took: 0.0000660 seconds
194.895: Application time: 0.0206580 seconds
194.895: [GC [PSYoungGen: 7228K->384K(7680K)] 24331K->17727K(25088K), 0.0003490 secs] [Times: user=0.00 sys=0.00, real=0.00 secs] 
194.895: [Full GC [PSYoungGen: 384K->0K(7680K)] [ParOldGen: 17343K->3778K(17408K)] 17727K->3778K(25088K) [PSPermGen: 5573K->5573K(21504K)], 0.0065320 secs] [Times: user=0.03 sys=0.00, real=0.01 secs] 
194.902: Total time for which application threads were stopped: 0.0070300 seconds, Stopping threads took: 0.0000480 seconds
194.931: Application time: 0.0290580 seconds
194.931: [GC [PSYoungGen: 6652K->0K(7680K)] 10430K->3778K(25088K), 0.0003400 secs] [Times: user=0.00 sys=0.00, real=0.00 secs] 
194.931: Total time for which application threads were stopped: 0.0004430 seconds, Stopping threads took: 0.0000460 seconds
194.955: Application time: 0.0240200 seconds
194.955: [GC [PSYoungGen: 6655K->256K(7680K)] 10434K->4034K(25088K), 0.0003220 secs] [Times: user=0.00 sys=0.00, real=0.00 secs] 
194.956: Total time for which application threads were stopped: 0.0004150 seconds, Stopping threads took: 0.0000380 seconds
194.976: Application time: 0.0201330 seconds
194.976: [GC [PSYoungGen: 6911K->480K(7680K)] 10689K->4258K(25088K), 0.0003910 secs] [Times: user=0.00 sys=0.00, real=0.00 secs] 
194.977: Total time for which application threads were stopped: 0.0016790 seconds, Stopping threads took: 0.0000460 seconds
195.001: Application time: 0.0231830 seconds
195.001: [GC [PSYoungGen: 7131K->544K(7680K)] 10910K->4322K(25088K), 0.0003530 secs] [Times: user=0.00 sys=0.00, real=0.00 secs] 
195.001: Total time for which application threads were stopped: 0.0004530 seconds, Stopping threads took: 0.0000490 seconds
195.030: Application time: 0.0291480 seconds
195.030: [GC [PSYoungGen: 7196K->512K(7680K)] 10974K->4290K(25088K), 0.0003230 secs] [Times: user=0.00 sys=0.00, real=0.00 secs] 
195.031: Total time for which application threads were stopped: 0.0004450 seconds, Stopping threads took: 0.0000610 seconds
195.059: Application time: 0.0282620 seconds
195.059: [GC [PSYoungGen: 7164K->480K(7680K)] 10942K->4258K(25088K), 0.0003600 secs] [Times: user=0.00 sys=0.00, real=0.00 secs] 
195.059: Total time for which application threads were stopped: 0.0004580 seconds, Stopping threads took: 0.0000440 seconds
195.089: Application time: 0.0293920 seconds
195.089: [GC [PSYoungGen: 7134K->544K(7680K)] 10913K->4322K(25088K), 0.0003140 secs] [Times: user=0.00 sys=0.00, real=0.00 secs] 
195.089: Total time for which application threads were stopped: 0.0004110 seconds, Stopping threads took: 0.0000480 seconds
195.119: Application time: 0.0293380 seconds
195.119: [GC [PSYoungGen: 7198K->512K(7680K)] 10977K->4290K(25088K), 0.0003370 secs] [Times: user=0.00 sys=0.00, real=0.01 secs] 
195.119: Total time for which application threads were stopped: 0.0004410 seconds, Stopping threads took: 0.0000520 seconds
195.148: Application time: 0.0293530 seconds
195.148: [GC [PSYoungGen: 7166K->480K(7680K)] 10945K->4258K(25088K), 0.0003240 secs] [Times: user=0.00 sys=0.00, real=0.00 secs] 
195.149: Total time for which application threads were stopped: 0.0004240 seconds, Stopping threads took: 0.0000520 seconds
195.178: Application time: 0.0293650 seconds
195.178: [GC [PSYoungGen: 7132K->512K(7680K)] 10910K->4290K(25088K), 0.0003140 secs] [Times: user=0.00 sys=0.00, real=0.00 secs] 
195.179: Total time for which application threads were stopped: 0.0004080 seconds, Stopping threads took: 0.0000460 seconds
195.208: Application time: 0.0293350 seconds
195.208: [GC [PSYoungGen: 7166K->512K(7680K)] 10945K->4290K(25088K), 0.0003110 secs] [Times: user=0.00 sys=0.00, real=0.00 secs] 
195.208: Total time for which application threads were stopped: 0.0004000 seconds, Stopping threads took: 0.0000390 seconds
195.238: Application time: 0.0292610 seconds
195.238: [GC [PSYoungGen: 7166K->512K(7680K)] 10945K->4290K(25088K), 0.0003600 secs] [Times: user=0.00 sys=0.00, real=0.00 secs] 
195.238: Total time for which application threads were stopped: 0.0004520 seconds, Stopping threads took: 0.0000440 seconds
195.267: Application time: 0.0292960 seconds
195.267: [GC [PSYoungGen: 7166K->480K(7680K)] 10945K->4258K(25088K), 0.0003760 secs] [Times: user=0.00 sys=0.00, real=0.00 secs] 
195.268: Total time for which application threads were stopped: 0.0004670 seconds, Stopping threads took: 0.0000440 seconds
195.289: Application time: 0.0212630 seconds
195.289: [GC [PSYoungGen: 7134K->672K(7680K)] 10913K->4450K(25088K), 0.0004280 secs] [Times: user=0.00 sys=0.00, real=0.00 secs] 
195.290: Total time for which application threads were stopped: 0.0005310 seconds, Stopping threads took: 0.0000500 seconds
195.310: Application time: 0.0203040 seconds
195.311: [GC [PSYoungGen: 7324K->768K(7680K)] 11103K->4546K(25088K), 0.0004300 secs] [Times: user=0.00 sys=0.00, real=0.00 secs] 
195.311: Total time for which application threads were stopped: 0.0013850 seconds, Stopping threads took: 0.0009030 seconds
195.337: Application time: 0.0256210 seconds
195.337: [GC [PSYoungGen: 7422K->832K(7680K)] 11201K->4610K(25088K), 0.0004000 secs] [Times: user=0.00 sys=0.00, real=0.00 secs] 
195.337: Total time for which application threads were stopped: 0.0004990 seconds, Stopping threads took: 0.0000440 seconds
195.364: Application time: 0.0263780 seconds
195.364: [GC [PSYoungGen: 7483K->960K(7680K)] 11262K->4738K(25088K), 0.0004500 secs] [Times: user=0.00 sys=0.00, real=0.00 secs] 
195.364: Total time for which application threads were stopped: 0.0005600 seconds, Stopping threads took: 0.0000560 seconds
195.384: Application time: 0.0193400 seconds
195.384: [GC [PSYoungGen: 7613K->992K(7680K)] 11392K->4778K(25088K), 0.0004150 secs] [Times: user=0.00 sys=0.00, real=0.00 secs] 
195.384: Total time for which application threads were stopped: 0.0005030 seconds, Stopping threads took: 0.0000380 seconds
195.404: Application time: 0.0199070 seconds
195.404: [GC [PSYoungGen: 7648K->1008K(7680K)] 11434K->4802K(25088K), 0.0004070 secs] [Times: user=0.01 sys=0.00, real=0.00 secs] 
195.405: Total time for which application threads were stopped: 0.0005290 seconds, Stopping threads took: 0.0000660 seconds
195.426: Application time: 0.0216080 seconds
195.426: [GC [PSYoungGen: 7660K->992K(7680K)] 11455K->4962K(25088K), 0.0004760 secs] [Times: user=0.01 sys=0.00, real=0.01 secs] 
195.427: Total time for which application threads were stopped: 0.0005970 seconds, Stopping threads took: 0.0000630 seconds
195.448: Application time: 0.0209980 seconds
195.448: [GC [PSYoungGen: 7647K->960K(7680K)] 11618K->5058K(25088K), 0.0004230 secs] [Times: user=0.01 sys=0.00, real=0.00 secs] 
195.448: Total time for which application threads were stopped: 0.0005260 seconds, Stopping threads took: 0.0000480 seconds
195.472: Application time: 0.0233150 seconds
195.472: [GC [PSYoungGen: 7615K->992K(7680K)] 11714K->5254K(25088K), 0.0004890 secs] [Times: user=0.00 sys=0.00, real=0.00 secs] 
195.472: Total time for which application threads were stopped: 0.0005880 seconds, Stopping threads took: 0.0000450 seconds
195.501: Application time: 0.0289250 seconds
195.501: [GC [PSYoungGen: 7644K->992K(7680K)] 11906K->5278K(25088K), 0.0004380 secs] [Times: user=0.01 sys=0.00, real=0.00 secs] 
195.502: Total time for which application threads were stopped: 0.0005400 seconds, Stopping threads took: 0.0000500 seconds
195.529: Application time: 0.0277510 seconds
195.530: [GC [PSYoungGen: 7644K->1008K(7680K)] 11931K->5318K(25088K), 0.0004660 secs] [Times: user=0.00 sys=0.00, real=0.00 secs] 
195.530: Total time for which application threads were stopped: 0.0005710 seconds, Stopping threads took: 0.0000510 seconds
195.559: Application time: 0.0291240 seconds
195.559: [GC [PSYoungGen: 7662K->1008K(7680K)] 11973K->5350K(25088K), 0.0004130 secs] [Times: user=0.00 sys=0.00, real=0.00 secs] 
195.560: Total time for which application threads were stopped: 0.0005320 seconds, Stopping threads took: 0.0000570 seconds
195.589: Application time: 0.0290770 seconds
195.589: [GC [PSYoungGen: 7662K->1008K(7680K)] 12005K->5366K(25088K), 0.0004730 secs] [Times: user=0.01 sys=0.00, real=0.00 secs] 
195.589: Total time for which application threads were stopped: 0.0005580 seconds, Stopping threads took: 0.0000340 seconds
195.619: Application time: 0.0295590 seconds
195.619: [GC [PSYoungGen: 7662K->1008K(7680K)] 12021K->5386K(25088K), 0.0004800 secs] [Times: user=0.00 sys=0.00, real=0.00 secs] 
195.619: Total time for which application threads were stopped: 0.0005940 seconds, Stopping threads took: 0.0000530 seconds
195.649: Application time: 0.0291270 seconds
195.649: [GC [PSYoungGen: 7660K->992K(7680K)] 12039K->5370K(25088K), 0.0004700 secs] [Times: user=0.00 sys=0.00, real=0.00 secs] 
195.649: Total time for which application threads were stopped: 0.0005730 seconds, Stopping threads took: 0.0000480 seconds
195.678: Application time: 0.0289030 seconds
195.678: [GC [PSYoungGen: 7646K->976K(7680K)] 12025K->5354K(25088K), 0.0004020 secs] [Times: user=0.00 sys=0.00, real=0.00 secs] 
195.679: Total time for which application threads were stopped: 0.0005060 seconds, Stopping threads took: 0.0000550 seconds
195.701: Application time: 0.0226440 seconds
195.701: [GC [PSYoungGen: 7630K->1008K(7680K)] 12009K->5762K(25088K), 0.0005360 secs] [Times: user=0.00 sys=0.00, real=0.00 secs] 
195.702: Total time for which application threads were stopped: 0.0006450 seconds, Stopping threads took: 0.0000530 seconds
195.717: Application time: 0.0154640 seconds
195.717: [GC [PSYoungGen: 7661K->1008K(7680K)] 12415K->5962K(25088K), 0.0005030 secs] [Times: user=0.01 sys=0.00, real=0.00 secs] 
195.718: Total time for which application threads were stopped: 0.0006040 seconds, Stopping threads took: 0.0000470 seconds
195.733: Application time: 0.0154970 seconds
195.734: [GC [PSYoungGen: 7661K->992K(7680K)] 12616K->5986K(25088K), 0.0004200 secs] [Times: user=0.00 sys=0.00, real=0.00 secs] 
195.734: Total time for which application threads were stopped: 0.0005190 seconds, Stopping threads took: 0.0000450 seconds
195.752: Application time: 0.0181310 seconds
195.752: [GC [PSYoungGen: 7644K->992K(7680K)] 12639K->6395K(25088K), 0.0005060 secs] [Times: user=0.00 sys=0.00, real=0.00 secs] 
195.753: Total time for which application threads were stopped: 0.0006010 seconds, Stopping threads took: 0.0000340 seconds
195.773: Application time: 0.0198040 seconds
195.773: [GC [PSYoungGen: 7647K->1008K(7680K)] 13050K->6628K(25088K), 0.0005100 secs] [Times: user=0.00 sys=0.00, real=0.00 secs] 
195.773: Total time for which application threads were stopped: 0.0006280 seconds, Stopping threads took: 0.0000630 seconds
195.793: Application time: 0.0198230 seconds
195.793: [GC [PSYoungGen: 7659K->992K(7680K)] 13280K->6824K(25088K), 0.0004510 secs] [Times: user=0.00 sys=0.00, real=0.00 secs] 
195.794: Total time for which application threads were stopped: 0.0005520 seconds, Stopping threads took: 0.0000450 seconds
195.819: Application time: 0.0255780 seconds
195.823: [GC [PSYoungGen: 7647K->1008K(7680K)] 13480K->6968K(25088K), 0.0005010 secs] [Times: user=0.00 sys=0.00, real=0.00 secs] 
195.823: Total time for which application threads were stopped: 0.0042330 seconds, Stopping threads took: 0.0036730 seconds
195.855: Application time: 0.0317700 seconds
195.855: [GC [PSYoungGen: 7663K->976K(7680K)] 13623K->7104K(25088K), 0.0005000 secs] [Times: user=0.00 sys=0.00, real=0.00 secs] 
195.856: Total time for which application threads were stopped: 0.0006010 seconds, Stopping threads took: 0.0000490 seconds
195.883: Application time: 0.0274300 seconds
195.883: [GC [PSYoungGen: 7629K->1008K(7680K)] 13757K->7184K(25088K), 0.0004660 secs] [Times: user=0.00 sys=0.00, real=0.00 secs] 
195.884: Total time for which application threads were stopped: 0.0005740 seconds, Stopping threads took: 0.0000550 seconds
195.913: Application time: 0.0290110 seconds
195.913: [GC [PSYoungGen: 7662K->992K(7680K)] 13838K->7212K(25088K), 0.0004770 secs] [Times: user=0.00 sys=0.00, real=0.00 secs] 
195.913: Total time for which application threads were stopped: 0.0005800 seconds, Stopping threads took: 0.0000490 seconds
195.942: Application time: 0.0290520 seconds
195.942: [GC [PSYoungGen: 7646K->1008K(7680K)] 13867K->7236K(25088K), 0.0004170 secs] [Times: user=0.01 sys=0.00, real=0.00 secs] 
195.943: Total time for which application threads were stopped: 0.0005120 seconds, Stopping threads took: 0.0000420 seconds
195.972: Application time: 0.0292390 seconds
195.972: [GC [PSYoungGen: 7660K->912K(7680K)] 13888K->7268K(25088K), 0.0003990 secs] [Times: user=0.00 sys=0.00, real=0.00 secs] 
195.973: Total time for which application threads were stopped: 0.0004910 seconds, Stopping threads took: 0.0000390 seconds
196.002: Application time: 0.0290010 seconds
196.002: [GC [PSYoungGen: 7566K->912K(7680K)] 13923K->7268K(25088K), 0.0003650 secs] [Times: user=0.00 sys=0.00, real=0.00 secs] 
196.002: Total time for which application threads were stopped: 0.0004650 seconds, Stopping threads took: 0.0000460 seconds
196.031: Application time: 0.0293400 seconds
196.032: [GC [PSYoungGen: 7566K->912K(7680K)] 13923K->7268K(25088K), 0.0004030 secs] [Times: user=0.00 sys=0.00, real=0.00 secs] 
196.032: Total time for which application threads were stopped: 0.0004940 seconds, Stopping threads took: 0.0000400 seconds
196.061: Application time: 0.0290880 seconds
196.061: [GC [PSYoungGen: 7566K->944K(7680K)] 13923K->7300K(25088K), 0.0003940 secs] [Times: user=0.00 sys=0.00, real=0.00 secs] 
196.062: Total time for which application threads were stopped: 0.0005000 seconds, Stopping threads took: 0.0000480 seconds
196.091: Application time: 0.0290720 seconds
196.091: [GC [PSYoungGen: 7598K->880K(7680K)] 13955K->7284K(25088K), 0.0004060 secs] [Times: user=0.01 sys=0.00, real=0.00 secs] 
196.091: Total time for which application threads were stopped: 0.0005030 seconds, Stopping threads took: 0.0000440 seconds
196.120: Application time: 0.0293130 seconds
196.120: [GC [PSYoungGen: 7532K->880K(7680K)] 13936K->7316K(25088K), 0.0004320 secs] [Times: user=0.00 sys=0.00, real=0.00 secs] 
196.121: Total time for which application threads were stopped: 0.0005320 seconds, Stopping threads took: 0.0000490 seconds
196.147: Application time: 0.0265200 seconds
196.148: [GC [PSYoungGen: 7535K->1008K(7680K)] 13972K->7641K(25088K), 0.0005100 secs] [Times: user=0.00 sys=0.00, real=0.00 secs] 
196.148: Total time for which application threads were stopped: 0.0006290 seconds, Stopping threads took: 0.0000540 seconds
196.176: Application time: 0.0276940 seconds
196.176: [GC [PSYoungGen: 7662K->992K(7680K)] 14295K->7673K(25088K), 0.0004610 secs] [Times: user=0.00 sys=0.00, real=0.00 secs] 
196.176: Total time for which application threads were stopped: 0.0005590 seconds, Stopping threads took: 0.0000410 seconds
196.205: Application time: 0.0289210 seconds
196.205: [GC [PSYoungGen: 7644K->992K(7680K)] 14325K->7737K(25088K), 0.0004700 secs] [Times: user=0.00 sys=0.00, real=0.00 secs] 
196.206: Total time for which application threads were stopped: 0.0005810 seconds, Stopping threads took: 0.0000600 seconds
196.235: Application time: 0.0294470 seconds
196.235: [GC [PSYoungGen: 7646K->960K(7680K)] 14392K->7841K(25088K), 0.0004550 secs] [Times: user=0.01 sys=0.00, real=0.00 secs] 
196.236: Total time for which application threads were stopped: 0.0005580 seconds, Stopping threads took: 0.0000500 seconds
