Java HotSpot(TM) 64-Bit Server VM (24.80-b11) for linux-amd64 JRE (1.7.0_80-b15), built on Apr 10 2015 19:53:14 by "java_re" with gcc 4.3.0 20080428 (Red Hat 4.3.0-8)
Memory: 4k page, physical 8000092k(6368820k free), swap 8218620k(8218620k free)
CommandLine flags: -XX:InitialHeapSize=123273216 -XX:MaxHeapSize=123273216 -XX:+PrintGC -XX:+PrintGCApplicationConcurrentTime -XX:+PrintGCApplicationStoppedTime -XX:+PrintGCDetails -XX:+PrintGCTimeStamps -XX:-UseAdaptiveSizePolicy -XX:+UseCompressedOops -XX:+UseSerialGC 
1.008: Application time: 0.9845030 seconds
1.008: Total time for which application threads were stopped: 0.0000420 seconds, Stopping threads took: 0.0000110 seconds
4.029: Application time: 3.0209040 seconds
4.029: Total time for which application threads were stopped: 0.0000660 seconds, Stopping threads took: 0.0000100 seconds
14.589: Application time: 10.5607690 seconds
14.589: Total time for which application threads were stopped: 0.0000230 seconds, Stopping threads took: 0.0000080 seconds
14.589: Application time: 0.0000890 seconds
14.590: Total time for which application threads were stopped: 0.0000100 seconds, Stopping threads took: 0.0000040 seconds
14.591: Application time: 0.0015090 seconds
14.591: Total time for which application threads were stopped: 0.0000240 seconds, Stopping threads took: 0.0000180 seconds
14.611: Application time: 0.0197340 seconds
14.611: Total time for which application threads were stopped: 0.0000400 seconds, Stopping threads took: 0.0000110 seconds
14.625: Application time: 0.0139820 seconds
14.625: [Full GC14.625: [Tenured: 0K->3145K(80256K), 0.0088720 secs] 10966K->3145K(116416K), [Perm : 5075K->5075K(21248K)], 0.0089280 secs] [Times: user=0.00 sys=0.01, real=0.01 secs] 
14.634: Total time for which application threads were stopped: 0.0089910 seconds, Stopping threads took: 0.0000180 seconds
14.634: Application time: 0.0000730 seconds
14.634: [Full GC14.634: [Tenured: 3145K->3145K(80256K), 0.0053180 secs] 3145K->3145K(116480K), [Perm : 5075K->5075K(21248K)], 0.0053390 secs] [Times: user=0.01 sys=0.00, real=0.00 secs] 
14.639: Total time for which application threads were stopped: 0.0053810 seconds, Stopping threads took: 0.0000060 seconds
14.639: Application time: 0.0002200 seconds
14.640: Total time for which application threads were stopped: 0.0001010 seconds, Stopping threads took: 0.0000680 seconds
14.640: Application time: 0.0000720 seconds
14.640: Total time for which application threads were stopped: 0.0000120 seconds, Stopping threads took: 0.0000070 seconds
14.640: Application time: 0.0000460 seconds
14.640: Total time for which application threads were stopped: 0.0000240 seconds, Stopping threads took: 0.0000170 seconds
14.640: Application time: 0.0000280 seconds
14.640: Total time for which application threads were stopped: 0.0000370 seconds, Stopping threads took: 0.0000330 seconds
14.640: Application time: 0.0000180 seconds
14.640: Total time for which application threads were stopped: 0.0000210 seconds, Stopping threads took: 0.0000180 seconds
14.640: Application time: 0.0000110 seconds
14.640: Total time for which application threads were stopped: 0.0000150 seconds, Stopping threads took: 0.0000110 seconds
14.640: Application time: 0.0000110 seconds
14.640: Total time for which application threads were stopped: 0.0000160 seconds, Stopping threads took: 0.0000130 seconds
14.640: Application time: 0.0000100 seconds
14.640: Total time for which application threads were stopped: 0.0000140 seconds, Stopping threads took: 0.0000100 seconds
14.640: Application time: 0.0000110 seconds
14.640: Total time for which application threads were stopped: 0.0000150 seconds, Stopping threads took: 0.0000120 seconds
14.640: Application time: 0.0000100 seconds
14.640: Total time for which application threads were stopped: 0.0000120 seconds, Stopping threads took: 0.0000090 seconds
14.640: Application time: 0.0000100 seconds
14.640: Total time for which application threads were stopped: 0.0000120 seconds, Stopping threads took: 0.0000090 seconds
14.640: Application time: 0.0000100 seconds
14.640: Total time for which application threads were stopped: 0.0000110 seconds, Stopping threads took: 0.0000080 seconds
14.640: Application time: 0.0000100 seconds
14.640: Total time for which application threads were stopped: 0.0000110 seconds, Stopping threads took: 0.0000080 seconds
14.640: Application time: 0.0000110 seconds
14.640: Total time for which application threads were stopped: 0.0000140 seconds, Stopping threads took: 0.0000110 seconds
14.640: Application time: 0.0000110 seconds
14.640: Total time for which application threads were stopped: 0.0000170 seconds, Stopping threads took: 0.0000130 seconds
14.640: Application time: 0.0000100 seconds
14.640: Total time for which application threads were stopped: 0.0000120 seconds, Stopping threads took: 0.0000090 seconds
14.640: Application time: 0.0000090 seconds
14.640: Total time for which application threads were stopped: 0.0000100 seconds, Stopping threads took: 0.0000070 seconds
14.640: Application time: 0.0000080 seconds
14.640: Total time for which application threads were stopped: 0.0000110 seconds, Stopping threads took: 0.0000080 seconds
14.640: Application time: 0.0000080 seconds
14.640: Total time for which application threads were stopped: 0.0000120 seconds, Stopping threads took: 0.0000090 seconds
14.640: Application time: 0.0000090 seconds
14.640: Total time for which application threads were stopped: 0.0000150 seconds, Stopping threads took: 0.0000080 seconds
14.665: Application time: 0.0251020 seconds
14.665: Total time for which application threads were stopped: 0.0000490 seconds, Stopping threads took: 0.0000240 seconds
14.666: Application time: 0.0001740 seconds
14.666: Total time for which application threads were stopped: 0.0000870 seconds, Stopping threads took: 0.0000740 seconds
14.667: Application time: 0.0009070 seconds
14.667: Total time for which application threads were stopped: 0.0000170 seconds, Stopping threads took: 0.0000100 seconds
14.668: Application time: 0.0019000 seconds
14.668: Total time for which application threads were stopped: 0.0000210 seconds, Stopping threads took: 0.0000140 seconds
14.669: Application time: 0.0001720 seconds
14.669: Total time for which application threads were stopped: 0.0000210 seconds, Stopping threads took: 0.0000150 seconds
14.670: Application time: 0.0009220 seconds
14.670: Total time for which application threads were stopped: 0.0000610 seconds, Stopping threads took: 0.0000070 seconds
14.670: Application time: 0.0007740 seconds
14.670: Total time for which application threads were stopped: 0.0000130 seconds, Stopping threads took: 0.0000080 seconds
14.671: Application time: 0.0005680 seconds
14.671: Total time for which application threads were stopped: 0.0000250 seconds, Stopping threads took: 0.0000190 seconds
14.674: Application time: 0.0029290 seconds
14.674: Total time for which application threads were stopped: 0.0000340 seconds, Stopping threads took: 0.0000260 seconds
14.676: Application time: 0.0021860 seconds
14.676: Total time for which application threads were stopped: 0.0000820 seconds, Stopping threads took: 0.0000330 seconds
14.680: Application time: 0.0038820 seconds
14.680: Total time for which application threads were stopped: 0.0000520 seconds, Stopping threads took: 0.0000380 seconds
14.680: Application time: 0.0000600 seconds
14.680: Total time for which application threads were stopped: 0.0000310 seconds, Stopping threads took: 0.0000160 seconds
14.815: Application time: 0.1342980 seconds
14.815: [GC14.815: [DefNew: 31798K->3967K(36224K), 0.0044680 secs] 34943K->11993K(116480K), 0.0045140 secs] [Times: user=0.00 sys=0.00, real=0.00 secs] 
14.819: Total time for which application threads were stopped: 0.0046700 seconds, Stopping threads took: 0.0000670 seconds
14.825: Application time: 0.0053040 seconds
14.826: Total time for which application threads were stopped: 0.0013640 seconds, Stopping threads took: 0.0013210 seconds
14.826: Application time: 0.0000530 seconds
14.826: Total time for which application threads were stopped: 0.0000600 seconds, Stopping threads took: 0.0000460 seconds
14.826: Application time: 0.0000450 seconds
14.826: Total time for which application threads were stopped: 0.0000380 seconds, Stopping threads took: 0.0000270 seconds
14.826: Application time: 0.0000320 seconds
14.826: Total time for which application threads were stopped: 0.0000440 seconds, Stopping threads took: 0.0000350 seconds
14.826: Application time: 0.0000150 seconds
14.826: Total time for which application threads were stopped: 0.0000230 seconds, Stopping threads took: 0.0000150 seconds
14.826: Application time: 0.0000190 seconds
14.826: Total time for which application threads were stopped: 0.0000400 seconds, Stopping threads took: 0.0000260 seconds
14.826: Application time: 0.0000180 seconds
14.826: Total time for which application threads were stopped: 0.0000270 seconds, Stopping threads took: 0.0000170 seconds
14.826: Application time: 0.0000170 seconds
14.826: Total time for which application threads were stopped: 0.0000330 seconds, Stopping threads took: 0.0000250 seconds
14.826: Application time: 0.0000130 seconds
14.826: Total time for which application threads were stopped: 0.0000410 seconds, Stopping threads took: 0.0000330 seconds
14.827: Application time: 0.0000190 seconds
14.827: Total time for which application threads were stopped: 0.0000280 seconds, Stopping threads took: 0.0000190 seconds
14.827: Application time: 0.0000120 seconds
14.827: Total time for which application threads were stopped: 0.0000270 seconds, Stopping threads took: 0.0000190 seconds
14.827: Application time: 0.0000110 seconds
14.827: Total time for which application threads were stopped: 0.0000260 seconds, Stopping threads took: 0.0000200 seconds
14.827: Application time: 0.0000120 seconds
14.827: Total time for which application threads were stopped: 0.0000170 seconds, Stopping threads took: 0.0000120 seconds
14.827: Application time: 0.0000150 seconds
14.827: Total time for which application threads were stopped: 0.0000260 seconds, Stopping threads took: 0.0000180 seconds
14.827: Application time: 0.0000190 seconds
14.827: Total time for which application threads were stopped: 0.0000310 seconds, Stopping threads took: 0.0000230 seconds
14.827: Application time: 0.0000180 seconds
14.827: Total time for which application threads were stopped: 0.0000470 seconds, Stopping threads took: 0.0000350 seconds
14.827: Application time: 0.0000150 seconds
14.827: Total time for which application threads were stopped: 0.0000350 seconds, Stopping threads took: 0.0000250 seconds
14.827: Application time: 0.0000120 seconds
14.827: Total time for which application threads were stopped: 0.0000350 seconds, Stopping threads took: 0.0000250 seconds
14.827: Application time: 0.0000110 seconds
14.827: Total time for which application threads were stopped: 0.0000290 seconds, Stopping threads took: 0.0000210 seconds
14.827: Application time: 0.0000140 seconds
14.827: Total time for which application threads were stopped: 0.0000340 seconds, Stopping threads took: 0.0000250 seconds
14.827: Application time: 0.0000140 seconds
14.827: Total time for which application threads were stopped: 0.0001110 seconds, Stopping threads took: 0.0000180 seconds
14.861: Application time: 0.0341780 seconds
14.861: [GC14.861: [DefNew: 32685K->3905K(36224K), 0.0067220 secs] 40710K->26581K(116480K), 0.0067720 secs] [Times: user=0.02 sys=0.00, real=0.01 secs] 
14.868: Total time for which application threads were stopped: 0.0068940 seconds, Stopping threads took: 0.0000540 seconds
14.902: Application time: 0.0335660 seconds
14.902: [GC14.902: [DefNew: 36161K->3905K(36224K), 0.0072630 secs] 58837K->46101K(116480K), 0.0073060 secs] [Times: user=0.01 sys=0.01, real=0.01 secs] 
14.909: Total time for which application threads were stopped: 0.0074240 seconds, Stopping threads took: 0.0000540 seconds
14.935: Application time: 0.0256780 seconds
14.936: [GC14.936: [DefNew: 35835K->3905K(36224K), 0.0077870 secs] 78031K->65621K(116480K), 0.0078260 secs] [Times: user=0.01 sys=0.00, real=0.00 secs] 
14.944: Total time for which application threads were stopped: 0.0092890 seconds, Stopping threads took: 0.0013770 seconds
14.954: Application time: 0.0095400 seconds
14.954: [GC14.954: [DefNew: 32272K->32272K(36224K), 0.0000080 secs]14.954: [Tenured: 61716K->54877K(80256K), 0.0181370 secs] 93988K->54877K(116480K), [Perm : 5818K->5818K(21248K)], 0.0182210 secs] [Times: user=0.02 sys=0.00, real=0.01 secs] 
14.972: Total time for which application threads were stopped: 0.0183950 seconds, Stopping threads took: 0.0001120 seconds
14.985: Application time: 0.0125180 seconds
14.985: [GC14.985: [DefNew: 32320K->1K(36288K), 0.0069040 secs] 87197K->78303K(116864K), 0.0069440 secs] [Times: user=0.00 sys=0.00, real=0.00 secs] 
14.992: Total time for which application threads were stopped: 0.0071330 seconds, Stopping threads took: 0.0001110 seconds
15.013: Application time: 0.0211340 seconds
15.013: [GC15.013: [DefNew: 25098K->25098K(36288K), 0.0000100 secs]15.013: [Tenured: 78302K->65527K(80576K), 0.0249380 secs] 103400K->65527K(116864K), [Perm : 5822K->5796K(21248K)], 0.0249960 secs] [Times: user=0.03 sys=0.00, real=0.02 secs] 
15.038: Total time for which application threads were stopped: 0.0251640 seconds, Stopping threads took: 0.0000780 seconds
15.040: Application time: 0.0020740 seconds
15.042: [GC15.042: [DefNew: 17359K->17359K(36288K), 0.0000100 secs]15.042: [Tenured: 65527K->73335K(80576K), 0.0174530 secs] 82887K->73335K(116864K), [Perm : 5796K->5796K(21248K)], 0.0175100 secs] [Times: user=0.01 sys=0.00, real=0.02 secs] 
15.059: Total time for which application threads were stopped: 0.0189860 seconds, Stopping threads took: 0.0014090 seconds
15.062: Application time: 0.0028800 seconds
15.063: [GC15.063: [DefNew: 18005K->18005K(36288K), 0.0000100 secs]15.063: [Tenured: 73335K->65526K(80576K), 0.0202190 secs] 91340K->81143K(116864K), [Perm : 5796K->5796K(21248K)], 0.0202760 secs] [Times: user=0.02 sys=0.00, real=0.02 secs] 
15.083: Total time for which application threads were stopped: 0.0211400 seconds, Stopping threads took: 0.0007790 seconds
15.089: Application time: 0.0061510 seconds
15.089: [Full GC15.089: [Tenured: 65526K->73334K(80576K), 0.0233030 secs] 98390K->88951K(116864K), [Perm : 5796K->5796K(21248K)], 0.0233480 secs] [Times: user=0.03 sys=0.00, real=0.03 secs] 
15.113: Total time for which application threads were stopped: 0.0234210 seconds, Stopping threads took: 0.0000130 seconds
15.114: Application time: 0.0015730 seconds
15.116: [Full GC15.116: [Tenured: 73334K->65526K(80576K), 0.0238490 secs] 105626K->96759K(116864K), [Perm : 5796K->5796K(21248K)], 0.0238960 secs] [Times: user=0.03 sys=0.00, real=0.02 secs] 
15.140: [Full GC15.140: [Tenured: 65526K->79937K(80576K), 0.0248950 secs] 96759K->95554K(116864K), [Perm : 5796K->5785K(21248K)], 0.0249230 secs] [Times: user=0.02 sys=0.00, real=0.03 secs] 
15.165: Total time for which application threads were stopped: 0.0506190 seconds, Stopping threads took: 0.0016940 seconds
15.172: Application time: 0.0073110 seconds
15.172: [Full GC15.172: [Tenured: 79937K->72129K(80576K), 0.0209900 secs] 112166K->103375K(116864K), [Perm : 5793K->5793K(21248K)], 0.0210350 secs] [Times: user=0.02 sys=0.00, real=0.03 secs] 
15.193: [Full GC15.193: [Tenured: 72129K->72105K(80576K), 0.0185780 secs] 103375K->103344K(116864K), [Perm : 5793K->5752K(21248K)], 0.0186110 secs] [Times: user=0.02 sys=0.00, real=0.01 secs] 
15.212: Total time for which application threads were stopped: 0.0397720 seconds, Stopping threads took: 0.0000280 seconds
15.212: Application time: 0.0001040 seconds
15.212: Total time for which application threads were stopped: 0.0001010 seconds, Stopping threads took: 0.0000600 seconds
15.212: Application time: 0.0001040 seconds
15.212: [Full GC15.212: [Tenured: 72105K->72105K(80576K), 0.0063830 secs] 103395K->103345K(116864K), [Perm : 5752K->5752K(21248K)], 0.0064180 secs] [Times: user=0.01 sys=0.00, real=0.01 secs] 
15.219: [Full GC15.219: [Tenured: 72105K->72105K(80576K), 0.0048740 secs] 103345K->103345K(116864K), [Perm : 5752K->5752K(21248K)], 0.0048930 secs] [Times: user=0.00 sys=0.00, real=0.00 secs] 
15.224: Total time for which application threads were stopped: 0.0114020 seconds, Stopping threads took: 0.0000180 seconds
15.312: Application time: 0.0883530 seconds
15.312: [Full GC15.312: [Tenured: 74932K->74932K(80576K), 0.0084560 secs] 111220K->106371K(116864K), [Perm : 5817K->5817K(21248K)], 0.0085050 secs] [Times: user=0.01 sys=0.00, real=0.01 secs] 
15.321: [Full GC15.321: [Tenured: 74932K->72093K(80576K), 0.0183190 secs] 106371K->103411K(116864K), [Perm : 5817K->5799K(21248K)], 0.0183650 secs] [Times: user=0.02 sys=0.00, real=0.02 secs] 
15.339: Total time for which application threads were stopped: 0.0270080 seconds, Stopping threads took: 0.0000200 seconds
15.339: Application time: 0.0001050 seconds
15.339: Total time for which application threads were stopped: 0.0001100 seconds, Stopping threads took: 0.0000840 seconds
15.344: Application time: 0.0044070 seconds
15.344: [Full GC15.344: [Tenured: 72093K->72082K(80576K), 0.0201390 secs] 104825K->103429K(116864K), [Perm : 5815K->5808K(21248K)], 0.0201840 secs] [Times: user=0.03 sys=0.00, real=0.02 secs] 
15.364: [Full GC15.364: [Tenured: 72082K->72082K(80576K), 0.0062770 secs] 103429K->103413K(116864K), [Perm : 5808K->5791K(21248K)], 0.0062990 secs] [Times: user=0.01 sys=0.00, real=0.01 secs] 
15.370: Total time for which application threads were stopped: 0.0265880 seconds, Stopping threads took: 0.0000140 seconds
15.370: Application time: 0.0000810 seconds
15.371: Total time for which application threads were stopped: 0.0001210 seconds, Stopping threads took: 0.0000780 seconds
15.371: Application time: 0.0003290 seconds
15.371: [Full GC15.371: [Tenured: 72082K->72082K(80576K), 0.0053590 secs] 103495K->103423K(116864K), [Perm : 5793K->5793K(21248K)], 0.0053880 secs] [Times: user=0.01 sys=0.00, real=0.01 secs] 
15.376: [Full GC15.376: [Tenured: 72082K->72082K(80576K), 0.0048780 secs] 103423K->103419K(116864K), [Perm : 5793K->5793K(21248K)], 0.0048990 secs] [Times: user=0.00 sys=0.00, real=0.00 secs] 
15.381: Total time for which application threads were stopped: 0.0103860 seconds, Stopping threads took: 0.0000240 seconds
15.469: Application time: 0.0877190 seconds
15.469: [Full GC15.469: [Tenured: 80576K->72074K(80576K), 0.0230100 secs] 116864K->103487K(116864K), [Perm : 5852K->5813K(21248K)], 0.0230580 secs] [Times: user=0.02 sys=0.00, real=0.02 secs] 
15.492: Total time for which application threads were stopped: 0.0231410 seconds, Stopping threads took: 0.0000130 seconds
15.584: Application time: 0.0922460 seconds
15.584: [Full GC15.584: [Tenured: 80576K->72074K(80576K), 0.0097160 secs] 116863K->103487K(116864K), [Perm : 5815K->5815K(21248K)], 0.0097580 secs] [Times: user=0.01 sys=0.00, real=0.02 secs] 
15.594: Total time for which application threads were stopped: 0.0098290 seconds, Stopping threads took: 0.0000120 seconds
15.685: Application time: 0.0906550 seconds
15.685: [Full GC15.685: [Tenured: 80576K->72074K(80576K), 0.0098880 secs] 116864K->103487K(116864K), [Perm : 5815K->5815K(21248K)], 0.0099340 secs] [Times: user=0.01 sys=0.00, real=0.01 secs] 
15.695: Total time for which application threads were stopped: 0.0100200 seconds, Stopping threads took: 0.0000140 seconds
15.784: Application time: 0.0890840 seconds
15.784: [Full GC15.784: [Tenured: 80576K->72074K(80576K), 0.0098410 secs] 116864K->103487K(116864K), [Perm : 5815K->5815K(21248K)], 0.0098860 secs] [Times: user=0.01 sys=0.00, real=0.02 secs] 
15.794: Total time for which application threads were stopped: 0.0102500 seconds, Stopping threads took: 0.0003060 seconds
15.887: Application time: 0.0929800 seconds
15.887: [Full GC15.887: [Tenured: 80575K->72074K(80576K), 0.0098310 secs] 116863K->103487K(116864K), [Perm : 5815K->5815K(21248K)], 0.0098740 secs] [Times: user=0.01 sys=0.00, real=0.01 secs] 
15.897: Total time for which application threads were stopped: 0.0099590 seconds, Stopping threads took: 0.0000210 seconds
15.901: Application time: 0.0034060 seconds
15.901: [Full GC15.901: [Tenured: 72074K->72074K(80576K), 0.0059120 secs] 104742K->103488K(116864K), [Perm : 5815K->5815K(21248K)], 0.0059440 secs] [Times: user=0.01 sys=0.00, real=0.01 secs] 
15.907: [Full GC15.907: [Tenured: 72074K->72073K(80576K), 0.0050160 secs] 103488K->103424K(116864K), [Perm : 5815K->5769K(21248K)], 0.0050380 secs] [Times: user=0.00 sys=0.00, real=0.00 secs] 
15.912: Total time for which application threads were stopped: 0.0110780 seconds, Stopping threads took: 0.0000100 seconds
15.912: Application time: 0.0001020 seconds
15.912: [Full GC15.912: [Tenured: 72073K->72073K(80576K), 0.0051350 secs] 103466K->103425K(116864K), [Perm : 5769K->5769K(21248K)], 0.0051630 secs] [Times: user=0.01 sys=0.00, real=0.01 secs] 
15.917: [Full GC15.917: [Tenured: 72073K->72073K(80576K), 0.0047200 secs] 103425K->103425K(116864K), [Perm : 5769K->5769K(21248K)], 0.0047430 secs] [Times: user=0.00 sys=0.00, real=0.00 secs] 
15.922: Total time for which application threads were stopped: 0.0100050 seconds, Stopping threads took: 0.0000290 seconds
15.928: Application time: 0.0062210 seconds
15.928: [Full GC15.928: [Tenured: 72073K->72073K(80576K), 0.0060740 secs] 104715K->103466K(116864K), [Perm : 5827K->5827K(21248K)], 0.0061100 secs] [Times: user=0.01 sys=0.00, real=0.01 secs] 
15.934: [Full GC15.934: [Tenured: 72073K->72044K(80576K), 0.0189470 secs] 103466K->103379K(116864K), [Perm : 5827K->5800K(21248K)], 0.0189750 secs] [Times: user=0.02 sys=0.00, real=0.02 secs] 
15.953: Total time for which application threads were stopped: 0.0251810 seconds, Stopping threads took: 0.0000130 seconds
15.953: Application time: 0.0000620 seconds
15.953: Total time for which application threads were stopped: 0.0001040 seconds, Stopping threads took: 0.0000570 seconds
15.954: Application time: 0.0003520 seconds
15.954: [Full GC15.954: [Tenured: 72044K->72044K(80576K), 0.0063180 secs] 103467K->103391K(116864K), [Perm : 5801K->5801K(21248K)], 0.0063510 secs] [Times: user=0.01 sys=0.00, real=0.00 secs] 
15.960: [Full GC15.960: [Tenured: 72044K->72044K(80576K), 0.0048140 secs] 103391K->103391K(116864K), [Perm : 5801K->5801K(21248K)], 0.0048390 secs] [Times: user=0.00 sys=0.00, real=0.01 secs] 
15.965: Total time for which application threads were stopped: 0.0112810 seconds, Stopping threads took: 0.0000170 seconds
15.995: Application time: 0.0302330 seconds
15.995: [Full GC15.995: [Tenured: 72167K->72167K(80576K), 0.0073410 secs] 108455K->103569K(116864K), [Perm : 5834K->5834K(21248K)], 0.0073820 secs] [Times: user=0.01 sys=0.00, real=0.00 secs] 
16.003: [Full GC16.003: [Tenured: 72167K->72036K(80576K), 0.0172570 secs] 103569K->103387K(116864K), [Perm : 5834K->5770K(21248K)], 0.0172890 secs] [Times: user=0.01 sys=0.00, real=0.02 secs] 
16.020: Total time for which application threads were stopped: 0.0248010 seconds, Stopping threads took: 0.0000120 seconds
16.020: Application time: 0.0000700 seconds
16.020: Total time for which application threads were stopped: 0.0000950 seconds, Stopping threads took: 0.0000550 seconds
16.020: Application time: 0.0001230 seconds
16.020: [Full GC16.020: [Tenured: 72036K->72036K(80576K), 0.0062460 secs] 103443K->103388K(116864K), [Perm : 5770K->5770K(21248K)], 0.0062750 secs] [Times: user=0.01 sys=0.00, real=0.01 secs] 
16.027: [Full GC16.027: [Tenured: 72036K->72035K(80576K), 0.0049660 secs] 103388K->103387K(116864K), [Perm : 5770K->5770K(21248K)], 0.0049870 secs] [Times: user=0.01 sys=0.00, real=0.00 secs] 
16.032: Total time for which application threads were stopped: 0.0113560 seconds, Stopping threads took: 0.0000240 seconds
16.035: Application time: 0.0035780 seconds
16.035: [Full GC16.035: [Tenured: 72035K->72035K(80576K), 0.0057450 secs] 104383K->103500K(116864K), [Perm : 5818K->5818K(21248K)], 0.0057770 secs] [Times: user=0.01 sys=0.00, real=0.00 secs] 
16.041: [Full GC16.041: [Tenured: 72035K->72013K(80576K), 0.0172880 secs] 103500K->103402K(116864K), [Perm : 5818K->5759K(21248K)], 0.0173190 secs] [Times: user=0.02 sys=0.00, real=0.02 secs] 
16.058: Total time for which application threads were stopped: 0.0231880 seconds, Stopping threads took: 0.0000090 seconds
16.058: Application time: 0.0000480 seconds
16.059: Total time for which application threads were stopped: 0.0000830 seconds, Stopping threads took: 0.0000400 seconds
16.059: Application time: 0.0000790 seconds
16.059: [Full GC16.059: [Tenured: 72013K->72013K(80576K), 0.0061510 secs] 103422K->103402K(116864K), [Perm : 5759K->5759K(21248K)], 0.0061820 secs] [Times: user=0.00 sys=0.00, real=0.01 secs] 
16.065: [Full GC16.065: [Tenured: 72013K->72013K(80576K), 0.0049240 secs] 103402K->103402K(116864K), [Perm : 5759K->5759K(21248K)], 0.0049450 secs] [Times: user=0.01 sys=0.00, real=0.00 secs] 
16.070: Total time for which application threads were stopped: 0.0112310 seconds, Stopping threads took: 0.0000390 seconds
16.097: Application time: 0.0270200 seconds
16.097: [Full GC16.097: [Tenured: 72013K->72013K(80576K), 0.0074920 secs] 107868K->103556K(116864K), [Perm : 5856K->5856K(21248K)], 0.0075340 secs] [Times: user=0.01 sys=0.01, real=0.00 secs] 
16.104: [Full GC16.104: [Tenured: 72013K->72002K(80576K), 0.0175150 secs] 103556K->103447K(116864K), [Perm : 5856K->5780K(21248K)], 0.0175460 secs] [Times: user=0.01 sys=0.00, real=0.02 secs] 
16.122: Total time for which application threads were stopped: 0.0251820 seconds, Stopping threads took: 0.0000110 seconds
16.129: Application time: 0.0067420 seconds
16.129: [Full GC16.129: [Tenured: 72002K->72002K(80576K), 0.0063670 secs] 104744K->103484K(116864K), [Perm : 5833K->5833K(21248K)], 0.0064030 secs] [Times: user=0.01 sys=0.00, real=0.01 secs] 
16.135: [Full GC16.135: [Tenured: 72002K->71973K(80576K), 0.0177860 secs] 103484K->103365K(116864K), [Perm : 5833K->5764K(21248K)], 0.0178160 secs] [Times: user=0.02 sys=0.00, real=0.02 secs] 
16.153: Total time for which application threads were stopped: 0.0243140 seconds, Stopping threads took: 0.0000110 seconds
16.153: Application time: 0.0000540 seconds
16.153: Total time for which application threads were stopped: 0.0000740 seconds, Stopping threads took: 0.0000410 seconds
16.169: Application time: 0.0153430 seconds
16.169: [Full GC16.169: [Tenured: 71973K->71973K(80576K), 0.0071560 secs] 106151K->103517K(116864K), [Perm : 5850K->5850K(21248K)], 0.0071970 secs] [Times: user=0.00 sys=0.00, real=0.01 secs] 
16.176: [Full GC16.176: [Tenured: 71973K->71964K(80576K), 0.0175340 secs] 103517K->103410K(116864K), [Perm : 5850K->5786K(21248K)], 0.0175660 secs] [Times: user=0.02 sys=0.00, real=0.02 secs] 
16.193: Total time for which application threads were stopped: 0.0248670 seconds, Stopping threads took: 0.0000130 seconds
16.194: Application time: 0.0000720 seconds
16.194: Total time for which application threads were stopped: 0.0000910 seconds, Stopping threads took: 0.0000550 seconds
16.194: Application time: 0.0000980 seconds
16.194: [Full GC16.194: [Tenured: 71964K->71964K(80576K), 0.0062100 secs] 103447K->103410K(116864K), [Perm : 5786K->5786K(21248K)], 0.0062380 secs] [Times: user=0.01 sys=0.00, real=0.00 secs] 
16.200: [Full GC16.200: [Tenured: 71964K->71964K(80576K), 0.0049670 secs] 103410K->103408K(116864K), [Perm : 5786K->5781K(21248K)], 0.0049870 secs] [Times: user=0.00 sys=0.00, real=0.01 secs] 
16.205: Total time for which application threads were stopped: 0.0113260 seconds, Stopping threads took: 0.0000330 seconds
16.230: Application time: 0.0251180 seconds
16.230: [Full GC16.230: [Tenured: 71964K->71964K(80576K), 0.0079280 secs] 107974K->103486K(116864K), [Perm : 5842K->5842K(21248K)], 0.0079730 secs] [Times: user=0.02 sys=0.00, real=0.01 secs] 
16.238: [Full GC16.238: [Tenured: 71964K->71927K(80576K), 0.0176540 secs] 103486K->103356K(116864K), [Perm : 5842K->5766K(21248K)], 0.0176860 secs] [Times: user=0.02 sys=0.00, real=0.02 secs] 
16.256: Total time for which application threads were stopped: 0.0257730 seconds, Stopping threads took: 0.0000170 seconds
16.256: Application time: 0.0002370 seconds
16.256: [Full GC16.256: [Tenured: 71927K->71927K(80576K), 0.0062560 secs] 103386K->103359K(116864K), [Perm : 5766K->5766K(21248K)], 0.0062840 secs] [Times: user=0.00 sys=0.00, real=0.00 secs] 
16.263: [Full GC16.263: [Tenured: 71927K->71927K(80576K), 0.0049020 secs] 103359K->103356K(116864K), [Perm : 5766K->5766K(21248K)], 0.0049240 secs] [Times: user=0.01 sys=0.00, real=0.01 secs] 
16.268: Total time for which application threads were stopped: 0.0113410 seconds, Stopping threads took: 0.0000470 seconds
16.338: Application time: 0.0700430 seconds
16.338: [Full GC16.338: [Tenured: 80575K->71927K(80576K), 0.0099680 secs] 116863K->103432K(116864K), [Perm : 5836K->5836K(21248K)], 0.0100070 secs] [Times: user=0.01 sys=0.00, real=0.01 secs] 
16.348: Total time for which application threads were stopped: 0.0100880 seconds, Stopping threads took: 0.0000140 seconds
16.415: Application time: 0.0678410 seconds
16.416: [Full GC16.416: [Tenured: 80575K->71927K(80576K), 0.0099030 secs] 116863K->103433K(116864K), [Perm : 5836K->5836K(21248K)], 0.0099430 secs] [Times: user=0.01 sys=0.00, real=0.01 secs] 
16.426: Total time for which application threads were stopped: 0.0100160 seconds, Stopping threads took: 0.0000130 seconds
16.494: Application time: 0.0680090 seconds
16.494: [Full GC16.494: [Tenured: 80575K->71927K(80576K), 0.0098820 secs] 116863K->103432K(116864K), [Perm : 5836K->5836K(21248K)], 0.0099210 secs] [Times: user=0.01 sys=0.00, real=0.00 secs] 
16.504: Total time for which application threads were stopped: 0.0099950 seconds, Stopping threads took: 0.0000130 seconds
16.573: Application time: 0.0690910 seconds
16.573: [Full GC16.573: [Tenured: 80575K->71898K(80576K), 0.0220100 secs] 116863K->103404K(116864K), [Perm : 5836K->5830K(21248K)], 0.0220530 secs] [Times: user=0.02 sys=0.00, real=0.02 secs] 
16.595: Total time for which application threads were stopped: 0.0221340 seconds, Stopping threads took: 0.0000140 seconds
16.661: Application time: 0.0661650 seconds
16.661: [Full GC16.661: [Tenured: 80575K->71898K(80576K), 0.0098540 secs] 116863K->103404K(116864K), [Perm : 5830K->5830K(21248K)], 0.0098970 secs] [Times: user=0.01 sys=0.00, real=0.01 secs] 
16.671: Total time for which application threads were stopped: 0.0099710 seconds, Stopping threads took: 0.0000140 seconds
16.715: Application time: 0.0444200 seconds
16.715: [Full GC16.715: [Tenured: 76162K->71898K(80576K), 0.0087950 secs] 112450K->103404K(116864K), [Perm : 5830K->5830K(21248K)], 0.0088370 secs] [Times: user=0.01 sys=0.00, real=0.00 secs] 
16.724: [Full GC16.724: [Tenured: 71898K->71898K(80576K), 0.0052510 secs] 103404K->103304K(116864K), [Perm : 5830K->5782K(21248K)], 0.0052730 secs] [Times: user=0.01 sys=0.00, real=0.01 secs] 
16.730: Total time for which application threads were stopped: 0.0142200 seconds, Stopping threads took: 0.0000140 seconds
16.730: Application time: 0.0001080 seconds
16.730: [Full GC16.730: [Tenured: 71898K->71898K(80576K), 0.0052550 secs] 103327K->103304K(116864K), [Perm : 5782K->5782K(21248K)], 0.0052830 secs] [Times: user=0.00 sys=0.00, real=0.01 secs] 
16.735: [Full GC16.735: [Tenured: 71898K->71898K(80576K), 0.0050770 secs] 103304K->103304K(116864K), [Perm : 5782K->5782K(21248K)], 0.0050970 secs] [Times: user=0.01 sys=0.00, real=0.00 secs] 
16.740: Total time for which application threads were stopped: 0.0105400 seconds, Stopping threads took: 0.0000680 seconds
16.749: Application time: 0.0089780 seconds
16.749: [Full GC16.749: [Tenured: 71898K->71898K(80576K), 0.0068420 secs] 105396K->103345K(116864K), [Perm : 5839K->5839K(21248K)], 0.0068790 secs] [Times: user=0.01 sys=0.00, real=0.01 secs] 
16.756: [Full GC16.756: [Tenured: 71898K->71869K(80576K), 0.0181790 secs] 103345K->103224K(116864K), [Perm : 5839K->5768K(21248K)], 0.0182100 secs] [Times: user=0.02 sys=0.00, real=0.02 secs] 
16.774: Total time for which application threads were stopped: 0.0251860 seconds, Stopping threads took: 0.0000100 seconds
16.774: Application time: 0.0001480 seconds
16.775: [Full GC16.775: [Tenured: 71869K->71869K(80576K), 0.0060580 secs] 103244K->103226K(116864K), [Perm : 5768K->5768K(21248K)], 0.0060850 secs] [Times: user=0.00 sys=0.00, real=0.00 secs] 
16.781: [Full GC16.781: [Tenured: 71869K->71869K(80576K), 0.0048260 secs] 103226K->103226K(116864K), [Perm : 5768K->5768K(21248K)], 0.0048460 secs] [Times: user=0.01 sys=0.00, real=0.01 secs] 
16.786: Total time for which application threads were stopped: 0.0110410 seconds, Stopping threads took: 0.0000360 seconds
16.791: Application time: 0.0052760 seconds
16.791: [Full GC16.791: [Tenured: 71869K->71869K(80576K), 0.0061130 secs] 104253K->103297K(116864K), [Perm : 5825K->5825K(21248K)], 0.0061530 secs] [Times: user=0.00 sys=0.00, real=0.01 secs] 
16.797: [Full GC16.797: [Tenured: 71869K->71841K(80576K), 0.0176630 secs] 103297K->103171K(116864K), [Perm : 5825K->5781K(21248K)], 0.0176940 secs] [Times: user=0.02 sys=0.00, real=0.02 secs] 
16.815: Total time for which application threads were stopped: 0.0239380 seconds, Stopping threads took: 0.0000100 seconds
16.815: Application time: 0.0001100 seconds
16.815: [Full GC16.815: [Tenured: 71841K->71841K(80576K), 0.0060800 secs] 103184K->103171K(116864K), [Perm : 5781K->5781K(21248K)], 0.0061030 secs] [Times: user=0.01 sys=0.00, real=0.00 secs] 
16.821: [Full GC16.821: [Tenured: 71841K->71841K(80576K), 0.0048130 secs] 103171K->103171K(116864K), [Perm : 5781K->5781K(21248K)], 0.0048330 secs] [Times: user=0.00 sys=0.00, real=0.01 secs] 
16.826: Total time for which application threads were stopped: 0.0110210 seconds, Stopping threads took: 0.0000140 seconds
16.830: Application time: 0.0039010 seconds
16.830: [Full GC16.830: [Tenured: 71841K->71841K(80576K), 0.0053060 secs] 103713K->103209K(116864K), [Perm : 5822K->5822K(21248K)], 0.0053330 secs] [Times: user=0.00 sys=0.00, real=0.01 secs] 
16.835: [Full GC16.835: [Tenured: 71841K->71781K(80576K), 0.0175420 secs] 103209K->103060K(116864K), [Perm : 5822K->5716K(21248K)], 0.0175710 secs] [Times: user=0.02 sys=0.00, real=0.02 secs] 
16.853: Total time for which application threads were stopped: 0.0229900 seconds, Stopping threads took: 0.0000080 seconds
16.887: Application time: 0.0337360 seconds
16.887: Total time for which application threads were stopped: 0.0000600 seconds, Stopping threads took: 0.0000080 seconds
17.072: Application time: 0.1856430 seconds
17.072: [Full GC17.072: [Tenured: 80575K->74327K(80576K), 0.0312280 secs] 116863K->107152K(116864K), [Perm : 12815K->12804K(21248K)], 0.0312660 secs] [Times: user=0.05 sys=0.00, real=0.03 secs] 
17.104: Total time for which application threads were stopped: 0.0313720 seconds, Stopping threads took: 0.0000130 seconds
17.145: Application time: 0.0413830 seconds
17.145: [Full GC17.145: [Tenured: 80526K->74389K(80576K), 0.0169690 secs] 116814K->106554K(116864K), [Perm : 12948K->12948K(21248K)], 0.0170020 secs] [Times: user=0.02 sys=0.00, real=0.01 secs] 
17.162: Total time for which application threads were stopped: 0.0170760 seconds, Stopping threads took: 0.0000170 seconds
17.162: Application time: 0.0001690 seconds
17.162: Total time for which application threads were stopped: 0.0001590 seconds, Stopping threads took: 0.0001180 seconds
17.209: Application time: 0.0466920 seconds
17.209: [Full GC17.209: [Tenured: 80575K->74385K(80576K), 0.0162100 secs] 116863K->106498K(116864K), [Perm : 12985K->12985K(21248K)], 0.0162430 secs] [Times: user=0.02 sys=0.00, real=0.02 secs] 
17.225: Total time for which application threads were stopped: 0.0163110 seconds, Stopping threads took: 0.0000100 seconds
17.252: Application time: 0.0269560 seconds
17.252: Total time for which application threads were stopped: 0.0000600 seconds, Stopping threads took: 0.0000190 seconds
Heap
 def new generation   total 36288K, used 34065K [0x00000000f3800000, 0x00000000f5f50000, 0x00000000f5f50000)
  eden space 32320K, 100% used [0x00000000f3800000, 0x00000000f5790000, 0x00000000f5790000)
  from space 3968K,  43% used [0x00000000f5b70000, 0x00000000f5d245d0, 0x00000000f5f50000)
  to   space 3968K,   0% used [0x00000000f5790000, 0x00000000f5790000, 0x00000000f5b70000)
 tenured generation   total 80576K, used 74385K [0x00000000f5f50000, 0x00000000fae00000, 0x00000000fae00000)
   the space 80576K,  92% used [0x00000000f5f50000, 0x00000000fa7f4600, 0x00000000fa7f4600, 0x00000000fae00000)
 compacting perm gen  total 21248K, used 13189K [0x00000000fae00000, 0x00000000fc2c0000, 0x0000000100000000)
   the space 21248K,  62% used [0x00000000fae00000, 0x00000000fbae1758, 0x00000000fbae1800, 0x00000000fc2c0000)
No shared spaces configured.
17.253: Application time: 0.0002660 seconds
