Java HotSpot(TM) 64-Bit Server VM (24.80-b11) for linux-amd64 JRE (1.7.0_80-b15), built on Apr 10 2015 19:53:14 by "java_re" with gcc 4.3.0 20080428 (Red Hat 4.3.0-8)
Memory: 4k page, physical 8000092k(6533820k free), swap 8218620k(8218620k free)
CommandLine flags: -XX:InitialHeapSize=196136960 -XX:MaxHeapSize=196136960 -XX:+PrintGC -XX:+PrintGCApplicationConcurrentTime -XX:+PrintGCApplicationStoppedTime -XX:+PrintGCDetails -XX:+PrintGCTimeStamps -XX:-UseAdaptiveSizePolicy -XX:+UseCompressedOops -XX:+UseSerialGC 
1.010: Application time: 0.9837860 seconds
1.010: Total time for which application threads were stopped: 0.0000400 seconds, Stopping threads took: 0.0000100 seconds
4.032: Application time: 3.0216010 seconds
4.032: Total time for which application threads were stopped: 0.0000660 seconds, Stopping threads took: 0.0000090 seconds
14.598: Application time: 10.5668240 seconds
14.598: Total time for which application threads were stopped: 0.0000250 seconds, Stopping threads took: 0.0000080 seconds
14.599: Application time: 0.0000400 seconds
14.599: Total time for which application threads were stopped: 0.0000100 seconds, Stopping threads took: 0.0000040 seconds
14.600: Application time: 0.0014630 seconds
14.600: Total time for which application threads were stopped: 0.0000100 seconds, Stopping threads took: 0.0000040 seconds
14.618: Application time: 0.0183420 seconds
14.618: Total time for which application threads were stopped: 0.0000370 seconds, Stopping threads took: 0.0000100 seconds
14.631: Application time: 0.0121410 seconds
14.631: [Full GC14.631: [Tenured: 0K->3145K(127744K), 0.0080300 secs] 11647K->3145K(185216K), [Perm : 5075K->5075K(21248K)], 0.0080870 secs] [Times: user=0.01 sys=0.00, real=0.01 secs] 
14.639: Total time for which application threads were stopped: 0.0081400 seconds, Stopping threads took: 0.0000060 seconds
14.639: Application time: 0.0000410 seconds
14.639: [Full GC14.639: [Tenured: 3145K->3145K(127744K), 0.0056190 secs] 3145K->3145K(185344K), [Perm : 5075K->5075K(21248K)], 0.0056450 secs] [Times: user=0.00 sys=0.00, real=0.00 secs] 
14.644: Total time for which application threads were stopped: 0.0056920 seconds, Stopping threads took: 0.0000070 seconds
14.645: Application time: 0.0001810 seconds
14.645: Total time for which application threads were stopped: 0.0000410 seconds, Stopping threads took: 0.0000310 seconds
14.645: Application time: 0.0000370 seconds
14.645: Total time for which application threads were stopped: 0.0000980 seconds, Stopping threads took: 0.0000650 seconds
14.645: Application time: 0.0000640 seconds
14.645: Total time for which application threads were stopped: 0.0000390 seconds, Stopping threads took: 0.0000330 seconds
14.645: Application time: 0.0000370 seconds
14.645: Total time for which application threads were stopped: 0.0000170 seconds, Stopping threads took: 0.0000120 seconds
14.645: Application time: 0.0000340 seconds
14.645: Total time for which application threads were stopped: 0.0000180 seconds, Stopping threads took: 0.0000140 seconds
14.645: Application time: 0.0000190 seconds
14.645: Total time for which application threads were stopped: 0.0000190 seconds, Stopping threads took: 0.0000150 seconds
14.645: Application time: 0.0000130 seconds
14.645: Total time for which application threads were stopped: 0.0000150 seconds, Stopping threads took: 0.0000100 seconds
14.645: Application time: 0.0000120 seconds
14.645: Total time for which application threads were stopped: 0.0000140 seconds, Stopping threads took: 0.0000100 seconds
14.645: Application time: 0.0000120 seconds
14.645: Total time for which application threads were stopped: 0.0000170 seconds, Stopping threads took: 0.0000120 seconds
14.645: Application time: 0.0000120 seconds
14.645: Total time for which application threads were stopped: 0.0000180 seconds, Stopping threads took: 0.0000130 seconds
14.645: Application time: 0.0000120 seconds
14.645: Total time for which application threads were stopped: 0.0000220 seconds, Stopping threads took: 0.0000170 seconds
14.645: Application time: 0.0000110 seconds
14.645: Total time for which application threads were stopped: 0.0000150 seconds, Stopping threads took: 0.0000110 seconds
14.645: Application time: 0.0000120 seconds
14.645: Total time for which application threads were stopped: 0.0000130 seconds, Stopping threads took: 0.0000090 seconds
14.645: Application time: 0.0000120 seconds
14.645: Total time for which application threads were stopped: 0.0000100 seconds, Stopping threads took: 0.0000060 seconds
14.645: Application time: 0.0000160 seconds
14.645: Total time for which application threads were stopped: 0.0000140 seconds, Stopping threads took: 0.0000090 seconds
14.645: Application time: 0.0000110 seconds
14.645: Total time for which application threads were stopped: 0.0000150 seconds, Stopping threads took: 0.0000110 seconds
14.645: Application time: 0.0000100 seconds
14.645: Total time for which application threads were stopped: 0.0000140 seconds, Stopping threads took: 0.0000100 seconds
14.645: Application time: 0.0000110 seconds
14.645: Total time for which application threads were stopped: 0.0000140 seconds, Stopping threads took: 0.0000100 seconds
14.645: Application time: 0.0000100 seconds
14.645: Total time for which application threads were stopped: 0.0000150 seconds, Stopping threads took: 0.0000100 seconds
14.645: Application time: 0.0000100 seconds
14.645: Total time for which application threads were stopped: 0.0000290 seconds, Stopping threads took: 0.0000200 seconds
14.974: Application time: 0.3283300 seconds
14.974: [GC14.974: [DefNew: 51264K->6335K(57600K), 0.0274630 secs] 54409K->18071K(185344K), 0.0275000 secs] [Times: user=0.02 sys=0.00, real=0.03 secs] 
15.001: Total time for which application threads were stopped: 0.0275920 seconds, Stopping threads took: 0.0000200 seconds
15.001: Application time: 0.0001200 seconds
15.001: Total time for which application threads were stopped: 0.0000240 seconds, Stopping threads took: 0.0000090 seconds
15.002: Application time: 0.0000770 seconds
15.002: Total time for which application threads were stopped: 0.0000180 seconds, Stopping threads took: 0.0000110 seconds
15.002: Application time: 0.0000690 seconds
15.002: Total time for which application threads were stopped: 0.0000220 seconds, Stopping threads took: 0.0000150 seconds
15.002: Application time: 0.0000680 seconds
15.002: Total time for which application threads were stopped: 0.0000580 seconds, Stopping threads took: 0.0000380 seconds
15.002: Application time: 0.0000740 seconds
15.002: Total time for which application threads were stopped: 0.0000130 seconds, Stopping threads took: 0.0000070 seconds
15.002: Application time: 0.0000290 seconds
15.002: Total time for which application threads were stopped: 0.0000340 seconds, Stopping threads took: 0.0000110 seconds
15.002: Application time: 0.0000260 seconds
15.002: Total time for which application threads were stopped: 0.0000150 seconds, Stopping threads took: 0.0000100 seconds
15.002: Application time: 0.0000100 seconds
15.002: Total time for which application threads were stopped: 0.0000130 seconds, Stopping threads took: 0.0000100 seconds
15.008: Application time: 0.0057180 seconds
15.008: Total time for which application threads were stopped: 0.0000460 seconds, Stopping threads took: 0.0000030 seconds
15.030: Application time: 0.0222970 seconds
15.030: Total time for which application threads were stopped: 0.0000270 seconds, Stopping threads took: 0.0000060 seconds
15.051: Application time: 0.0205330 seconds
15.051: Total time for which application threads were stopped: 0.0000230 seconds, Stopping threads took: 0.0000050 seconds
15.085: Application time: 0.0343410 seconds
15.085: Total time for which application threads were stopped: 0.0000410 seconds, Stopping threads took: 0.0000110 seconds
15.085: Application time: 0.0000410 seconds
15.085: Total time for which application threads were stopped: 0.0000310 seconds, Stopping threads took: 0.0000060 seconds
15.101: Application time: 0.0155930 seconds
15.101: Total time for which application threads were stopped: 0.0000550 seconds, Stopping threads took: 0.0000180 seconds
15.103: Application time: 0.0022580 seconds
15.103: Total time for which application threads were stopped: 0.0000350 seconds, Stopping threads took: 0.0000070 seconds
15.104: Application time: 0.0008780 seconds
15.104: Total time for which application threads were stopped: 0.0000290 seconds, Stopping threads took: 0.0000040 seconds
15.166: Application time: 0.0615710 seconds
15.166: Total time for which application threads were stopped: 0.0000420 seconds, Stopping threads took: 0.0000130 seconds
15.166: Application time: 0.0000440 seconds
15.166: Total time for which application threads were stopped: 0.0000270 seconds, Stopping threads took: 0.0000060 seconds
15.176: Application time: 0.0105810 seconds
15.176: Total time for which application threads were stopped: 0.0000410 seconds, Stopping threads took: 0.0000190 seconds
15.194: Application time: 0.0179090 seconds
15.194: Total time for which application threads were stopped: 0.0000380 seconds, Stopping threads took: 0.0000180 seconds
15.195: Application time: 0.0008840 seconds
15.195: Total time for which application threads were stopped: 0.0000370 seconds, Stopping threads took: 0.0000080 seconds
15.304: Application time: 0.1089580 seconds
15.304: Total time for which application threads were stopped: 0.0000580 seconds, Stopping threads took: 0.0000140 seconds
15.307: Application time: 0.0030040 seconds
15.307: Total time for which application threads were stopped: 0.0000290 seconds, Stopping threads took: 0.0000080 seconds
15.315: Application time: 0.0081530 seconds
15.315: Total time for which application threads were stopped: 0.0000420 seconds, Stopping threads took: 0.0000090 seconds
15.325: Application time: 0.0097870 seconds
15.325: Total time for which application threads were stopped: 0.0000440 seconds, Stopping threads took: 0.0000190 seconds
15.654: Application time: 0.3289240 seconds
15.654: Total time for which application threads were stopped: 0.0000740 seconds, Stopping threads took: 0.0000200 seconds
15.839: Application time: 0.1849650 seconds
15.839: Total time for which application threads were stopped: 0.0000840 seconds, Stopping threads took: 0.0000100 seconds
15.839: Application time: 0.0000610 seconds
15.839: Total time for which application threads were stopped: 0.0000260 seconds, Stopping threads took: 0.0000050 seconds
15.839: Application time: 0.0000480 seconds
15.840: Total time for which application threads were stopped: 0.0000190 seconds, Stopping threads took: 0.0000040 seconds
15.840: Application time: 0.0009630 seconds
15.841: Total time for which application threads were stopped: 0.0000200 seconds, Stopping threads took: 0.0000050 seconds
15.841: Application time: 0.0000550 seconds
15.841: Total time for which application threads were stopped: 0.0000180 seconds, Stopping threads took: 0.0000040 seconds
15.841: Application time: 0.0000490 seconds
15.841: Total time for which application threads were stopped: 0.0000180 seconds, Stopping threads took: 0.0000040 seconds
15.841: Application time: 0.0000100 seconds
15.841: Total time for which application threads were stopped: 0.0000140 seconds, Stopping threads took: 0.0000030 seconds
15.841: Application time: 0.0000630 seconds
15.841: Total time for which application threads were stopped: 0.0000170 seconds, Stopping threads took: 0.0000040 seconds
15.841: Application time: 0.0000160 seconds
15.841: Total time for which application threads were stopped: 0.0000140 seconds, Stopping threads took: 0.0000030 seconds
15.841: Application time: 0.0000610 seconds
15.841: Total time for which application threads were stopped: 0.0000140 seconds, Stopping threads took: 0.0000030 seconds
15.841: Application time: 0.0000110 seconds
15.841: Total time for which application threads were stopped: 0.0000130 seconds, Stopping threads took: 0.0000030 seconds
15.841: Application time: 0.0000530 seconds
15.841: Total time for which application threads were stopped: 0.0000130 seconds, Stopping threads took: 0.0000030 seconds
15.841: Application time: 0.0000480 seconds
15.841: Total time for which application threads were stopped: 0.0000130 seconds, Stopping threads took: 0.0000030 seconds
15.841: Application time: 0.0000690 seconds
15.841: Total time for which application threads were stopped: 0.0000130 seconds, Stopping threads took: 0.0000030 seconds
15.841: Application time: 0.0000510 seconds
15.841: Total time for which application threads were stopped: 0.0000120 seconds, Stopping threads took: 0.0000020 seconds
15.841: Application time: 0.0000990 seconds
15.841: Total time for which application threads were stopped: 0.0000130 seconds, Stopping threads took: 0.0000030 seconds
15.841: Application time: 0.0000590 seconds
15.841: Total time for which application threads were stopped: 0.0000130 seconds, Stopping threads took: 0.0000030 seconds
15.842: Application time: 0.0004340 seconds
15.842: Total time for which application threads were stopped: 0.0000130 seconds, Stopping threads took: 0.0000030 seconds
15.842: Application time: 0.0000500 seconds
15.842: Total time for which application threads were stopped: 0.0000120 seconds, Stopping threads took: 0.0000020 seconds
15.842: Application time: 0.0001880 seconds
15.842: Total time for which application threads were stopped: 0.0000120 seconds, Stopping threads took: 0.0000030 seconds
15.842: Application time: 0.0000220 seconds
15.842: Total time for which application threads were stopped: 0.0000130 seconds, Stopping threads took: 0.0000030 seconds
15.842: Application time: 0.0000150 seconds
15.842: Total time for which application threads were stopped: 0.0000140 seconds, Stopping threads took: 0.0000030 seconds
15.842: Application time: 0.0000320 seconds
15.842: Total time for which application threads were stopped: 0.0000170 seconds, Stopping threads took: 0.0000040 seconds
15.843: Application time: 0.0011340 seconds
15.843: Total time for which application threads were stopped: 0.0000170 seconds, Stopping threads took: 0.0000050 seconds
15.843: Application time: 0.0000670 seconds
15.843: Total time for which application threads were stopped: 0.0000170 seconds, Stopping threads took: 0.0000050 seconds
15.844: Application time: 0.0000960 seconds
15.844: Total time for which application threads were stopped: 0.0000160 seconds, Stopping threads took: 0.0000040 seconds
15.844: Application time: 0.0000490 seconds
15.844: Total time for which application threads were stopped: 0.0000120 seconds, Stopping threads took: 0.0000020 seconds
15.844: Application time: 0.0001400 seconds
15.844: Total time for which application threads were stopped: 0.0000120 seconds, Stopping threads took: 0.0000030 seconds
15.844: Application time: 0.0003560 seconds
15.844: Total time for which application threads were stopped: 0.0000130 seconds, Stopping threads took: 0.0000020 seconds
15.845: Application time: 0.0008480 seconds
15.845: Total time for which application threads were stopped: 0.0000260 seconds, Stopping threads took: 0.0000080 seconds
15.845: Application time: 0.0001000 seconds
15.845: Total time for which application threads were stopped: 0.0000200 seconds, Stopping threads took: 0.0000060 seconds
15.845: Application time: 0.0002300 seconds
15.845: Total time for which application threads were stopped: 0.0000210 seconds, Stopping threads took: 0.0000070 seconds
15.845: Application time: 0.0000370 seconds
15.845: Total time for which application threads were stopped: 0.0000200 seconds, Stopping threads took: 0.0000070 seconds
15.845: Application time: 0.0000600 seconds
15.846: Total time for which application threads were stopped: 0.0000200 seconds, Stopping threads took: 0.0000060 seconds
15.846: Application time: 0.0001090 seconds
15.846: Total time for which application threads were stopped: 0.0000200 seconds, Stopping threads took: 0.0000070 seconds
15.846: Application time: 0.0000400 seconds
15.846: Total time for which application threads were stopped: 0.0000200 seconds, Stopping threads took: 0.0000070 seconds
15.850: Application time: 0.0047080 seconds
15.850: Total time for which application threads were stopped: 0.0000320 seconds, Stopping threads took: 0.0000100 seconds
15.851: Application time: 0.0000660 seconds
15.851: Total time for which application threads were stopped: 0.0000250 seconds, Stopping threads took: 0.0000070 seconds
15.851: Application time: 0.0000220 seconds
15.851: Total time for which application threads were stopped: 0.0000250 seconds, Stopping threads took: 0.0000060 seconds
15.851: Application time: 0.0000250 seconds
15.851: Total time for which application threads were stopped: 0.0000230 seconds, Stopping threads took: 0.0000070 seconds
15.851: Application time: 0.0000250 seconds
15.851: Total time for which application threads were stopped: 0.0000220 seconds, Stopping threads took: 0.0000070 seconds
15.851: Application time: 0.0000730 seconds
15.851: Total time for which application threads were stopped: 0.0000200 seconds, Stopping threads took: 0.0000060 seconds
15.851: Application time: 0.0000210 seconds
15.851: Total time for which application threads were stopped: 0.0000210 seconds, Stopping threads took: 0.0000060 seconds
15.851: Application time: 0.0000270 seconds
15.851: Total time for which application threads were stopped: 0.0000200 seconds, Stopping threads took: 0.0000060 seconds
15.851: Application time: 0.0001130 seconds
15.851: Total time for which application threads were stopped: 0.0000200 seconds, Stopping threads took: 0.0000060 seconds
15.851: Application time: 0.0000250 seconds
15.851: Total time for which application threads were stopped: 0.0000190 seconds, Stopping threads took: 0.0000060 seconds
15.851: Application time: 0.0000570 seconds
15.851: Total time for which application threads were stopped: 0.0000200 seconds, Stopping threads took: 0.0000060 seconds
15.851: Application time: 0.0000220 seconds
15.851: Total time for which application threads were stopped: 0.0000200 seconds, Stopping threads took: 0.0000060 seconds
15.852: Application time: 0.0006590 seconds
15.852: Total time for which application threads were stopped: 0.0000190 seconds, Stopping threads took: 0.0000050 seconds
15.852: Application time: 0.0000130 seconds
15.852: Total time for which application threads were stopped: 0.0000200 seconds, Stopping threads took: 0.0000060 seconds
15.852: Application time: 0.0000170 seconds
15.852: Total time for which application threads were stopped: 0.0000190 seconds, Stopping threads took: 0.0000060 seconds
15.872: Application time: 0.0200950 seconds
15.872: Total time for which application threads were stopped: 0.0000440 seconds, Stopping threads took: 0.0000080 seconds
15.886: Application time: 0.0134340 seconds
15.886: Total time for which application threads were stopped: 0.0000220 seconds, Stopping threads took: 0.0000050 seconds
16.041: Application time: 0.1555010 seconds
16.041: Total time for which application threads were stopped: 0.0000960 seconds, Stopping threads took: 0.0000140 seconds
16.119: Application time: 0.0775530 seconds
16.119: Total time for which application threads were stopped: 0.0000910 seconds, Stopping threads took: 0.0000200 seconds
16.130: Application time: 0.0108500 seconds
16.130: Total time for which application threads were stopped: 0.0000590 seconds, Stopping threads took: 0.0000140 seconds
16.133: Application time: 0.0029670 seconds
16.133: [GC16.133: [DefNew: 57599K->4954K(57600K), 0.0124040 secs] 69335K->22959K(185344K), 0.0124410 secs] [Times: user=0.01 sys=0.00, real=0.01 secs] 
16.145: Total time for which application threads were stopped: 0.0125310 seconds, Stopping threads took: 0.0000130 seconds
16.145: Application time: 0.0001270 seconds
16.145: Total time for which application threads were stopped: 0.0000960 seconds, Stopping threads took: 0.0000530 seconds
16.145: Application time: 0.0000230 seconds
16.145: Total time for which application threads were stopped: 0.0000220 seconds, Stopping threads took: 0.0000130 seconds
16.145: Application time: 0.0000140 seconds
16.145: Total time for which application threads were stopped: 0.0000150 seconds, Stopping threads took: 0.0000060 seconds
16.146: Application time: 0.0000150 seconds
16.146: Total time for which application threads were stopped: 0.0000310 seconds, Stopping threads took: 0.0000190 seconds
16.146: Application time: 0.0000290 seconds
16.146: Total time for which application threads were stopped: 0.0000250 seconds, Stopping threads took: 0.0000150 seconds
16.146: Application time: 0.0000290 seconds
16.146: Total time for which application threads were stopped: 0.0000280 seconds, Stopping threads took: 0.0000170 seconds
16.146: Application time: 0.0000120 seconds
16.146: Total time for which application threads were stopped: 0.0000220 seconds, Stopping threads took: 0.0000140 seconds
16.146: Application time: 0.0000310 seconds
16.146: Total time for which application threads were stopped: 0.0000280 seconds, Stopping threads took: 0.0000200 seconds
16.146: Application time: 0.0000310 seconds
16.146: Total time for which application threads were stopped: 0.0000270 seconds, Stopping threads took: 0.0000180 seconds
16.146: Application time: 0.0000110 seconds
16.146: Total time for which application threads were stopped: 0.0000210 seconds, Stopping threads took: 0.0000130 seconds
16.146: Application time: 0.0000120 seconds
16.146: Total time for which application threads were stopped: 0.0000220 seconds, Stopping threads took: 0.0000130 seconds
16.146: Application time: 0.0000120 seconds
16.146: Total time for which application threads were stopped: 0.0000210 seconds, Stopping threads took: 0.0000130 seconds
16.146: Application time: 0.0000110 seconds
16.146: Total time for which application threads were stopped: 0.0000420 seconds, Stopping threads took: 0.0000140 seconds
16.146: Application time: 0.0003070 seconds
16.146: Total time for which application threads were stopped: 0.0000290 seconds, Stopping threads took: 0.0000160 seconds
16.562: Application time: 0.4156650 seconds
16.562: Total time for which application threads were stopped: 0.0003280 seconds, Stopping threads took: 0.0000210 seconds
16.639: Application time: 0.0767320 seconds
16.639: [GC16.639: [DefNew: 56218K->3330K(57600K), 0.0067630 secs] 74223K->24269K(185344K), 0.0067950 secs] [Times: user=0.00 sys=0.00, real=0.00 secs] 
16.646: Total time for which application threads were stopped: 0.0069830 seconds, Stopping threads took: 0.0000100 seconds
16.810: Application time: 0.1643600 seconds
16.811: Total time for which application threads were stopped: 0.0002320 seconds, Stopping threads took: 0.0000120 seconds
16.921: Application time: 0.1099190 seconds
16.921: [GC16.921: [DefNew: 54594K->3675K(57600K), 0.0060190 secs] 75533K->27552K(185344K), 0.0060460 secs] [Times: user=0.00 sys=0.00, real=0.00 secs] 
16.927: Total time for which application threads were stopped: 0.0062940 seconds, Stopping threads took: 0.0000120 seconds
17.020: Application time: 0.0936270 seconds
17.021: Total time for which application threads were stopped: 0.0002130 seconds, Stopping threads took: 0.0000120 seconds
17.154: Application time: 0.1336460 seconds
17.155: [GC17.155: [DefNew: 54939K->3749K(57600K), 0.0057810 secs] 78816K->30892K(185344K), 0.0058080 secs] [Times: user=0.00 sys=0.00, real=0.01 secs] 
17.160: Total time for which application threads were stopped: 0.0060700 seconds, Stopping threads took: 0.0000130 seconds
17.345: Application time: 0.1843770 seconds
17.345: Total time for which application threads were stopped: 0.0003020 seconds, Stopping threads took: 0.0000120 seconds
17.345: Application time: 0.0001390 seconds
17.345: Total time for which application threads were stopped: 0.0000380 seconds, Stopping threads took: 0.0000070 seconds
17.345: Application time: 0.0000730 seconds
17.345: Total time for which application threads were stopped: 0.0000500 seconds, Stopping threads took: 0.0000220 seconds
17.345: Application time: 0.0000720 seconds
17.346: Total time for which application threads were stopped: 0.0000490 seconds, Stopping threads took: 0.0000210 seconds
17.346: Application time: 0.0000730 seconds
17.346: Total time for which application threads were stopped: 0.0000340 seconds, Stopping threads took: 0.0000070 seconds
17.346: Application time: 0.0000270 seconds
17.346: Total time for which application threads were stopped: 0.0000280 seconds, Stopping threads took: 0.0000040 seconds
17.346: Application time: 0.0002120 seconds
17.346: Total time for which application threads were stopped: 0.0000350 seconds, Stopping threads took: 0.0000030 seconds
17.366: Application time: 0.0200820 seconds
17.366: Total time for which application threads were stopped: 0.0001780 seconds, Stopping threads took: 0.0000210 seconds
17.366: Application time: 0.0000920 seconds
17.366: Total time for which application threads were stopped: 0.0000410 seconds, Stopping threads took: 0.0000120 seconds
17.366: Application time: 0.0000590 seconds
17.366: Total time for which application threads were stopped: 0.0000340 seconds, Stopping threads took: 0.0000060 seconds
17.367: Application time: 0.0002130 seconds
17.367: Total time for which application threads were stopped: 0.0000330 seconds, Stopping threads took: 0.0000050 seconds
17.367: Application time: 0.0001740 seconds
17.367: Total time for which application threads were stopped: 0.0000390 seconds, Stopping threads took: 0.0000120 seconds
17.367: Application time: 0.0000950 seconds
17.367: Total time for which application threads were stopped: 0.0000330 seconds, Stopping threads took: 0.0000060 seconds
17.367: Application time: 0.0000520 seconds
17.367: Total time for which application threads were stopped: 0.0000330 seconds, Stopping threads took: 0.0000060 seconds
17.367: Application time: 0.0000940 seconds
17.367: Total time for which application threads were stopped: 0.0000320 seconds, Stopping threads took: 0.0000050 seconds
17.372: Application time: 0.0049700 seconds
17.372: Total time for which application threads were stopped: 0.0000320 seconds, Stopping threads took: 0.0000050 seconds
17.372: Application time: 0.0001480 seconds
17.372: Total time for which application threads were stopped: 0.0000310 seconds, Stopping threads took: 0.0000040 seconds
17.373: Application time: 0.0001170 seconds
17.373: Total time for which application threads were stopped: 0.0000310 seconds, Stopping threads took: 0.0000050 seconds
17.373: Application time: 0.0000620 seconds
17.373: Total time for which application threads were stopped: 0.0000310 seconds, Stopping threads took: 0.0000040 seconds
17.373: Application time: 0.0001860 seconds
17.373: Total time for which application threads were stopped: 0.0000310 seconds, Stopping threads took: 0.0000050 seconds
17.373: Application time: 0.0000600 seconds
17.373: Total time for which application threads were stopped: 0.0000310 seconds, Stopping threads took: 0.0000040 seconds
17.373: Application time: 0.0000610 seconds
17.373: Total time for which application threads were stopped: 0.0000310 seconds, Stopping threads took: 0.0000050 seconds
17.373: Application time: 0.0000500 seconds
17.373: Total time for which application threads were stopped: 0.0000300 seconds, Stopping threads took: 0.0000040 seconds
17.373: Application time: 0.0000350 seconds
17.373: Total time for which application threads were stopped: 0.0000260 seconds, Stopping threads took: 0.0000020 seconds
17.373: Application time: 0.0000340 seconds
17.373: Total time for which application threads were stopped: 0.0000270 seconds, Stopping threads took: 0.0000030 seconds
17.373: Application time: 0.0000350 seconds
17.373: Total time for which application threads were stopped: 0.0000260 seconds, Stopping threads took: 0.0000030 seconds
17.373: Application time: 0.0000470 seconds
17.373: Total time for which application threads were stopped: 0.0000260 seconds, Stopping threads took: 0.0000020 seconds
17.373: Application time: 0.0000470 seconds
17.373: Total time for which application threads were stopped: 0.0000260 seconds, Stopping threads took: 0.0000020 seconds
17.374: Application time: 0.0000340 seconds
17.374: Total time for which application threads were stopped: 0.0000260 seconds, Stopping threads took: 0.0000030 seconds
17.374: Application time: 0.0000330 seconds
17.374: Total time for which application threads were stopped: 0.0000480 seconds, Stopping threads took: 0.0000020 seconds
17.374: Application time: 0.0000790 seconds
17.374: Total time for which application threads were stopped: 0.0000460 seconds, Stopping threads took: 0.0000210 seconds
17.374: Application time: 0.0000560 seconds
17.374: Total time for which application threads were stopped: 0.0000280 seconds, Stopping threads took: 0.0000040 seconds
17.375: Application time: 0.0016440 seconds
17.376: Total time for which application threads were stopped: 0.0000360 seconds, Stopping threads took: 0.0000100 seconds
17.383: Application time: 0.0071540 seconds
17.383: Total time for which application threads were stopped: 0.0000300 seconds, Stopping threads took: 0.0000050 seconds
17.396: Application time: 0.0132910 seconds
17.396: Total time for which application threads were stopped: 0.0000390 seconds, Stopping threads took: 0.0000060 seconds
17.415: Application time: 0.0193200 seconds
17.415: Total time for which application threads were stopped: 0.0000410 seconds, Stopping threads took: 0.0000130 seconds
17.416: Application time: 0.0008870 seconds
17.416: Total time for which application threads were stopped: 0.0000340 seconds, Stopping threads took: 0.0000070 seconds
17.418: Application time: 0.0019940 seconds
17.418: Total time for which application threads were stopped: 0.0000360 seconds, Stopping threads took: 0.0000070 seconds
17.424: Application time: 0.0058120 seconds
17.424: Total time for which application threads were stopped: 0.0000460 seconds, Stopping threads took: 0.0000070 seconds
17.425: Application time: 0.0007040 seconds
17.425: Total time for which application threads were stopped: 0.0000350 seconds, Stopping threads took: 0.0000070 seconds
17.426: Application time: 0.0008170 seconds
17.426: Total time for which application threads were stopped: 0.0000340 seconds, Stopping threads took: 0.0000060 seconds
17.427: Application time: 0.0007240 seconds
17.427: Total time for which application threads were stopped: 0.0000470 seconds, Stopping threads took: 0.0000170 seconds
17.427: Application time: 0.0002000 seconds
17.427: [GC17.427: [DefNew: 55013K->3812K(57600K), 0.0059520 secs] 82156K->34466K(185344K), 0.0059900 secs] [Times: user=0.01 sys=0.00, real=0.01 secs] 
17.433: Total time for which application threads were stopped: 0.0060690 seconds, Stopping threads took: 0.0000080 seconds
17.433: Application time: 0.0001230 seconds
17.433: Total time for which application threads were stopped: 0.0001950 seconds, Stopping threads took: 0.0000160 seconds
17.439: Application time: 0.0058120 seconds
17.439: Total time for which application threads were stopped: 0.0001210 seconds, Stopping threads took: 0.0000610 seconds
17.440: Application time: 0.0007780 seconds
17.440: Total time for which application threads were stopped: 0.0000340 seconds, Stopping threads took: 0.0000060 seconds
17.442: Application time: 0.0016990 seconds
17.442: Total time for which application threads were stopped: 0.0000500 seconds, Stopping threads took: 0.0000200 seconds
17.448: Application time: 0.0058580 seconds
17.448: Total time for which application threads were stopped: 0.0000330 seconds, Stopping threads took: 0.0000060 seconds
17.448: Application time: 0.0007680 seconds
17.448: Total time for which application threads were stopped: 0.0000340 seconds, Stopping threads took: 0.0000060 seconds
17.449: Application time: 0.0007190 seconds
17.449: Total time for which application threads were stopped: 0.0000610 seconds, Stopping threads took: 0.0000060 seconds
17.664: Application time: 0.2145950 seconds
17.664: [GC17.664: [DefNew: 55076K->3630K(57600K), 0.0059260 secs] 85730K->37804K(185344K), 0.0059600 secs] [Times: user=0.01 sys=0.00, real=0.01 secs] 
17.670: Total time for which application threads were stopped: 0.0063500 seconds, Stopping threads took: 0.0000110 seconds
17.905: Application time: 0.2352740 seconds
17.906: [GC17.906: [DefNew: 54894K->3673K(57600K), 0.0060200 secs] 89068K->41193K(185344K), 0.0060530 secs] [Times: user=0.00 sys=0.00, real=0.01 secs] 
17.912: Total time for which application threads were stopped: 0.0064050 seconds, Stopping threads took: 0.0000120 seconds
17.990: Application time: 0.0786080 seconds
17.991: Total time for which application threads were stopped: 0.0002220 seconds, Stopping threads took: 0.0000190 seconds
17.991: Application time: 0.0000780 seconds
17.991: Total time for which application threads were stopped: 0.0000490 seconds, Stopping threads took: 0.0000180 seconds
18.149: Application time: 0.1582300 seconds
18.149: [GC18.149: [DefNew: 54937K->4005K(57600K), 0.0066470 secs] 92457K->44981K(185344K), 0.0066860 secs] [Times: user=0.01 sys=0.00, real=0.01 secs] 
18.156: Total time for which application threads were stopped: 0.0070230 seconds, Stopping threads took: 0.0000120 seconds
18.344: Application time: 0.1876510 seconds
18.344: Total time for which application threads were stopped: 0.0003210 seconds, Stopping threads took: 0.0000120 seconds
18.430: Application time: 0.0862670 seconds
18.430: Total time for which application threads were stopped: 0.0002160 seconds, Stopping threads took: 0.0000110 seconds
18.432: Application time: 0.0020260 seconds
18.433: [GC18.433: [DefNew: 55269K->3771K(57600K), 0.0064220 secs] 96245K->48474K(185344K), 0.0064540 secs] [Times: user=0.00 sys=0.00, real=0.01 secs] 
18.439: Total time for which application threads were stopped: 0.0065440 seconds, Stopping threads took: 0.0000050 seconds
18.662: Application time: 0.2227750 seconds
18.662: [GC18.662: [DefNew: 55035K->3992K(57600K), 0.0067790 secs] 99738K->52198K(185344K), 0.0068110 secs] [Times: user=0.00 sys=0.00, real=0.01 secs] 
18.669: Total time for which application threads were stopped: 0.0072560 seconds, Stopping threads took: 0.0000100 seconds
18.885: Application time: 0.2161030 seconds
18.886: [GC18.886: [DefNew: 55256K->3658K(57600K), 0.0062060 secs] 103462K->55534K(185344K), 0.0062400 secs] [Times: user=0.01 sys=0.00, real=0.01 secs] 
18.892: Total time for which application threads were stopped: 0.0066900 seconds, Stopping threads took: 0.0000130 seconds
19.121: Application time: 0.2293840 seconds
19.122: [GC19.122: [DefNew: 54922K->3698K(57600K), 0.0060510 secs] 106798K->58922K(185344K), 0.0060840 secs] [Times: user=0.00 sys=0.00, real=0.01 secs] 
19.128: Total time for which application threads were stopped: 0.0064500 seconds, Stopping threads took: 0.0000110 seconds
19.337: Application time: 0.2092990 seconds
19.337: Total time for which application threads were stopped: 0.0003650 seconds, Stopping threads took: 0.0000110 seconds
19.368: Application time: 0.0309310 seconds
19.369: [GC19.369: [DefNew: 54962K->3914K(57600K), 0.0067930 secs] 110186K->62539K(185344K), 0.0068250 secs] [Times: user=0.01 sys=0.01, real=0.00 secs] 
19.375: Total time for which application threads were stopped: 0.0070740 seconds, Stopping threads took: 0.0000110 seconds
19.646: Application time: 0.2704020 seconds
19.646: [GC19.646: [DefNew: 55178K->4005K(57600K), 0.0071090 secs] 113803K->66248K(185344K), 0.0071410 secs] [Times: user=0.00 sys=0.00, real=0.01 secs] 
19.653: Total time for which application threads were stopped: 0.0076080 seconds, Stopping threads took: 0.0000120 seconds
19.882: Application time: 0.2290290 seconds
19.883: [GC19.883: [DefNew: 55269K->3948K(57600K), 0.0071270 secs] 117512K->69887K(185344K), 0.0071590 secs] [Times: user=0.01 sys=0.00, real=0.01 secs] 
19.890: Total time for which application threads were stopped: 0.0076130 seconds, Stopping threads took: 0.0000130 seconds
20.110: Application time: 0.2197860 seconds
20.110: [GC20.110: [DefNew: 55212K->3877K(57600K), 0.0067690 secs] 121151K->73419K(185344K), 0.0068010 secs] [Times: user=0.01 sys=0.00, real=0.01 secs] 
20.117: Total time for which application threads were stopped: 0.0072210 seconds, Stopping threads took: 0.0000100 seconds
20.299: Application time: 0.1818560 seconds
20.299: Total time for which application threads were stopped: 0.0003690 seconds, Stopping threads took: 0.0000120 seconds
20.391: Application time: 0.0913130 seconds
20.391: [GC20.391: [DefNew: 55141K->3848K(57600K), 0.0076380 secs] 124683K->76868K(185344K), 0.0076740 secs] [Times: user=0.01 sys=0.00, real=0.01 secs] 
20.399: Total time for which application threads were stopped: 0.0079680 seconds, Stopping threads took: 0.0000120 seconds
20.491: Application time: 0.0920590 seconds
20.491: Total time for which application threads were stopped: 0.0002860 seconds, Stopping threads took: 0.0000120 seconds
20.618: Application time: 0.1275450 seconds
20.619: [GC20.619: [DefNew: 55112K->4056K(57600K), 0.0070710 secs] 128132K->80567K(185344K), 0.0071040 secs] [Times: user=0.01 sys=0.00, real=0.00 secs] 
20.626: Total time for which application threads were stopped: 0.0074710 seconds, Stopping threads took: 0.0000130 seconds
20.872: Application time: 0.2464310 seconds
20.873: [GC20.873: [DefNew: 55320K->3998K(57600K), 0.0071900 secs] 131831K->84195K(185344K), 0.0072230 secs] [Times: user=0.01 sys=0.00, real=0.01 secs] 
20.880: Total time for which application threads were stopped: 0.0076910 seconds, Stopping threads took: 0.0000120 seconds
21.103: Application time: 0.2230360 seconds
21.104: [GC21.104: [DefNew: 55262K->3990K(57600K), 0.0073620 secs] 135459K->87814K(185344K), 0.0073950 secs] [Times: user=0.00 sys=0.00, real=0.01 secs] 
21.111: Total time for which application threads were stopped: 0.0078330 seconds, Stopping threads took: 0.0000130 seconds
21.260: Application time: 0.1489660 seconds
21.260: Total time for which application threads were stopped: 0.0003450 seconds, Stopping threads took: 0.0000120 seconds
21.278: Application time: 0.0179570 seconds
21.278: Total time for which application threads were stopped: 0.0002270 seconds, Stopping threads took: 0.0000120 seconds
21.362: Application time: 0.0836250 seconds
21.362: [GC21.362: [DefNew: 55254K->3619K(57600K), 0.0061990 secs] 139078K->90988K(185344K), 0.0062320 secs] [Times: user=0.00 sys=0.00, real=0.01 secs] 
21.369: Total time for which application threads were stopped: 0.0065390 seconds, Stopping threads took: 0.0000110 seconds
21.591: Application time: 0.2227890 seconds
21.592: [GC21.592: [DefNew: 54883K->3624K(57600K), 0.0059870 secs] 142252K->94224K(185344K), 0.0060200 secs] [Times: user=0.01 sys=0.00, real=0.01 secs] 
21.598: Total time for which application threads were stopped: 0.0063890 seconds, Stopping threads took: 0.0000120 seconds
21.824: Application time: 0.2264550 seconds
21.825: [GC21.825: [DefNew: 54888K->3969K(57600K), 0.0067890 secs] 145488K->97790K(185344K), 0.0068340 secs] [Times: user=0.01 sys=0.00, real=0.01 secs] 
21.831: Total time for which application threads were stopped: 0.0072540 seconds, Stopping threads took: 0.0000120 seconds
22.058: Application time: 0.2260460 seconds
22.058: [GC22.058: [DefNew: 55233K->3963K(57600K), 0.0070980 secs] 149054K->101269K(185344K), 0.0071290 secs] [Times: user=0.00 sys=0.00, real=0.00 secs] 
22.065: Total time for which application threads were stopped: 0.0075330 seconds, Stopping threads took: 0.0000120 seconds
22.291: Application time: 0.2262980 seconds
22.292: [GC22.292: [DefNew: 55227K->4032K(57600K), 0.0075450 secs] 152533K->104862K(185344K), 0.0075780 secs] [Times: user=0.01 sys=0.01, real=0.01 secs] 
22.299: Total time for which application threads were stopped: 0.0080470 seconds, Stopping threads took: 0.0000130 seconds
22.322: Application time: 0.0228130 seconds
22.322: Total time for which application threads were stopped: 0.0002320 seconds, Stopping threads took: 0.0000100 seconds
22.579: Application time: 0.2568200 seconds
22.580: [GC22.580: [DefNew: 55296K->4113K(57600K), 0.0074870 secs] 156126K->108497K(185344K), 0.0075200 secs] [Times: user=0.01 sys=0.01, real=0.00 secs] 
22.587: Total time for which application threads were stopped: 0.0079210 seconds, Stopping threads took: 0.0000120 seconds
22.823: Application time: 0.2357470 seconds
22.823: [GC22.823: [DefNew: 55377K->4062K(57600K), 0.0077100 secs] 159761K->112106K(185344K), 0.0077430 secs] [Times: user=0.01 sys=0.00, real=0.01 secs] 
22.831: Total time for which application threads were stopped: 0.0082080 seconds, Stopping threads took: 0.0000110 seconds
23.048: Application time: 0.2170310 seconds
23.049: [GC23.049: [DefNew: 55326K->4083K(57600K), 0.0074290 secs] 163370K->115723K(185344K), 0.0074670 secs] [Times: user=0.01 sys=0.01, real=0.01 secs] 
23.056: Total time for which application threads were stopped: 0.0079480 seconds, Stopping threads took: 0.0000130 seconds
23.246: Application time: 0.1897830 seconds
23.246: Total time for which application threads were stopped: 0.0003950 seconds, Stopping threads took: 0.0000120 seconds
23.295: Application time: 0.0483920 seconds
23.295: [GC23.295: [DefNew: 55347K->4074K(57600K), 0.0073970 secs] 166987K->119292K(185344K), 0.0074310 secs] [Times: user=0.01 sys=0.00, real=0.01 secs] 
23.303: Total time for which application threads were stopped: 0.0077910 seconds, Stopping threads took: 0.0000690 seconds
23.565: Application time: 0.2621580 seconds
23.565: [GC23.565: [DefNew: 55338K->4104K(57600K), 0.0077090 secs] 170556K->122914K(185344K), 0.0077440 secs] [Times: user=0.01 sys=0.00, real=0.01 secs] 
23.573: Total time for which application threads were stopped: 0.0082060 seconds, Stopping threads took: 0.0000110 seconds
23.815: Application time: 0.2422130 seconds
23.816: [GC23.816: [DefNew: 55368K->3894K(57600K), 0.0068780 secs] 174178K->126256K(185344K), 0.0069130 secs] [Times: user=0.01 sys=0.00, real=0.00 secs] 
23.822: Total time for which application threads were stopped: 0.0073560 seconds, Stopping threads took: 0.0000130 seconds
24.051: Application time: 0.2288580 seconds
24.052: [GC24.052: [DefNew: 55158K->3873K(57600K), 0.0066220 secs] 177520K->129586K(185344K), 0.0066550 secs] [Times: user=0.01 sys=0.00, real=0.01 secs] 
24.058: Total time for which application threads were stopped: 0.0070430 seconds, Stopping threads took: 0.0000120 seconds
24.263: Application time: 0.2042940 seconds
24.263: Total time for which application threads were stopped: 0.0003930 seconds, Stopping threads took: 0.0000110 seconds
24.263: Application time: 0.0000390 seconds
24.263: Total time for which application threads were stopped: 0.0000580 seconds, Stopping threads took: 0.0000080 seconds
24.263: Application time: 0.0001020 seconds
24.263: Total time for which application threads were stopped: 0.0000400 seconds, Stopping threads took: 0.0000040 seconds
24.263: Application time: 0.0000400 seconds
24.263: Total time for which application threads were stopped: 0.0000390 seconds, Stopping threads took: 0.0000040 seconds
24.263: Application time: 0.0000520 seconds
24.263: Total time for which application threads were stopped: 0.0000390 seconds, Stopping threads took: 0.0000040 seconds
24.264: Application time: 0.0000690 seconds
24.264: Total time for which application threads were stopped: 0.0000390 seconds, Stopping threads took: 0.0000040 seconds
24.304: Application time: 0.0403490 seconds
24.304: [GC24.304: [DefNew: 55137K->55137K(57600K), 0.0000130 secs]24.304: [Tenured: 125712K->127741K(127744K), 0.0886170 secs] 180850K->129780K(185344K), [Perm : 12646K->12646K(21248K)], 0.0886920 secs] [Times: user=0.09 sys=0.00, real=0.09 secs] 
24.393: Total time for which application threads were stopped: 0.0890190 seconds, Stopping threads took: 0.0000180 seconds
24.421: Application time: 0.0283760 seconds
24.422: Total time for which application threads were stopped: 0.0002410 seconds, Stopping threads took: 0.0000170 seconds
24.426: Application time: 0.0043340 seconds
24.426: Total time for which application threads were stopped: 0.0001830 seconds, Stopping threads took: 0.0000110 seconds
24.428: Application time: 0.0016950 seconds
24.428: Total time for which application threads were stopped: 0.0001420 seconds, Stopping threads took: 0.0000190 seconds
24.691: Application time: 0.2627620 seconds
24.691: [Full GC24.691: [Tenured: 128378K->124016K(128384K), 0.1072140 secs] 186106K->124016K(186112K), [Perm : 12739K->12732K(21248K)], 0.1072550 secs] [Times: user=0.11 sys=0.00, real=0.11 secs] 
24.798: Total time for which application threads were stopped: 0.1076490 seconds, Stopping threads took: 0.0000120 seconds
25.026: Application time: 0.2276020 seconds
25.026: [GC25.026: [DefNew: 51328K->3756K(57728K), 0.0040270 secs] 175344K->127773K(186112K), 0.0040510 secs] [Times: user=0.00 sys=0.00, real=0.01 secs] 
25.030: Total time for which application threads were stopped: 0.0044680 seconds, Stopping threads took: 0.0000130 seconds
25.260: Application time: 0.2294210 seconds
25.260: [GC25.260: [DefNew: 55084K->3624K(57728K), 0.0054250 secs] 179101K->130997K(186112K), 0.0054550 secs] [Times: user=0.00 sys=0.00, real=0.00 secs] 
25.266: Total time for which application threads were stopped: 0.0058470 seconds, Stopping threads took: 0.0000120 seconds
25.505: Application time: 0.2394590 seconds
25.506: [GC25.506: [DefNew: 54952K->54952K(57728K), 0.0000100 secs]25.506: [Tenured: 127373K->128359K(128384K), 0.0858450 secs] 182325K->134509K(186112K), [Perm : 12736K->12736K(21248K)], 0.0859060 secs] [Times: user=0.09 sys=0.00, real=0.09 secs] 
25.591: Total time for which application threads were stopped: 0.0863290 seconds, Stopping threads took: 0.0000130 seconds
25.628: Application time: 0.0361990 seconds
25.628: Total time for which application threads were stopped: 0.0002070 seconds, Stopping threads took: 0.0000100 seconds
25.857: Application time: 0.2293550 seconds
25.858: [Full GC25.858: [Tenured: 128383K->128383K(128384K), 0.0872620 secs] 186111K->137983K(186112K), [Perm : 12736K->12736K(21248K)], 0.0873010 secs] [Times: user=0.09 sys=0.00, real=0.08 secs] 
25.945: Total time for which application threads were stopped: 0.0877310 seconds, Stopping threads took: 0.0000130 seconds
26.165: Application time: 0.2205110 seconds
26.166: [Full GC26.166: [Tenured: 128383K->128383K(128384K), 0.0872840 secs] 186111K->140840K(186112K), [Perm : 12740K->12740K(21248K)], 0.0873190 secs] [Times: user=0.08 sys=0.00, real=0.09 secs] 
26.253: Total time for which application threads were stopped: 0.0876630 seconds, Stopping threads took: 0.0000090 seconds
26.460: Application time: 0.2063630 seconds
26.460: [Full GC26.460: [Tenured: 128383K->128377K(128384K), 0.1117120 secs] 186110K->143268K(186112K), [Perm : 12741K->12741K(21248K)], 0.1117480 secs] [Times: user=0.11 sys=0.00, real=0.11 secs] 
26.572: Total time for which application threads were stopped: 0.1121610 seconds, Stopping threads took: 0.0000130 seconds
26.773: Application time: 0.2015070 seconds
26.774: [Full GC26.774: [Tenured: 128382K->128382K(128384K), 0.0909600 secs] 186110K->146050K(186112K), [Perm : 12741K->12741K(21248K)], 0.0909960 secs] [Times: user=0.09 sys=0.00, real=0.09 secs] 
26.865: Total time for which application threads were stopped: 0.0914140 seconds, Stopping threads took: 0.0000120 seconds
26.967: Application time: 0.1021580 seconds
26.967: Total time for which application threads were stopped: 0.0002840 seconds, Stopping threads took: 0.0000110 seconds
27.086: Application time: 0.1187360 seconds
27.086: [Full GC27.086: [Tenured: 128382K->128382K(128384K), 0.0866310 secs] 186109K->148696K(186112K), [Perm : 12742K->12742K(21248K)], 0.0866670 secs] [Times: user=0.09 sys=0.00, real=0.09 secs] 
27.173: Total time for which application threads were stopped: 0.0869670 seconds, Stopping threads took: 0.0000120 seconds
27.355: Application time: 0.1824810 seconds
27.356: [Full GC27.356: [Tenured: 128383K->128383K(128384K), 0.0906870 secs] 186111K->151483K(186112K), [Perm : 12742K->12742K(21248K)], 0.0907240 secs] [Times: user=0.09 sys=0.00, real=0.08 secs] 
27.446: Total time for which application threads were stopped: 0.0911290 seconds, Stopping threads took: 0.0000110 seconds
27.613: Application time: 0.1669500 seconds
27.614: [Full GC27.614: [Tenured: 128383K->128372K(128384K), 0.0971010 secs] 186111K->153779K(186112K), [Perm : 12742K->12742K(21248K)], 0.0971390 secs] [Times: user=0.10 sys=0.00, real=0.10 secs] 
27.711: Total time for which application threads were stopped: 0.0975380 seconds, Stopping threads took: 0.0000130 seconds
27.872: Application time: 0.1615180 seconds
27.873: [Full GC27.873: [Tenured: 128381K->128381K(128384K), 0.0939980 secs] 186106K->155072K(186112K), [Perm : 12743K->12743K(21248K)], 0.0940380 secs] [Times: user=0.09 sys=0.00, real=0.09 secs] 
27.967: Total time for which application threads were stopped: 0.0943920 seconds, Stopping threads took: 0.0000120 seconds
28.120: Application time: 0.1527650 seconds
28.120: [Full GC28.120: [Tenured: 128381K->128381K(128384K), 0.0903800 secs] 186109K->156647K(186112K), [Perm : 12743K->12743K(21248K)], 0.0904190 secs] [Times: user=0.10 sys=0.00, real=0.09 secs] 
28.210: Total time for which application threads were stopped: 0.0907230 seconds, Stopping threads took: 0.0000110 seconds
28.356: Application time: 0.1461230 seconds
28.357: [Full GC28.357: [Tenured: 128381K->128381K(128384K), 0.0959170 secs] 186107K->158620K(186112K), [Perm : 12745K->12745K(21248K)], 0.0959540 secs] [Times: user=0.10 sys=0.00, real=0.09 secs] 
28.453: Total time for which application threads were stopped: 0.0962930 seconds, Stopping threads took: 0.0000120 seconds
28.584: Application time: 0.1312490 seconds
28.584: [Full GC28.584: [Tenured: 128381K->128383K(128384K), 0.0983030 secs] 186107K->160297K(186112K), [Perm : 12745K->12745K(21248K)], 0.0983410 secs] [Times: user=0.09 sys=0.01, real=0.10 secs] 
28.683: Total time for which application threads were stopped: 0.0987020 seconds, Stopping threads took: 0.0000120 seconds
28.693: Application time: 0.0101330 seconds
28.693: Total time for which application threads were stopped: 0.0002000 seconds, Stopping threads took: 0.0000190 seconds
28.848: Application time: 0.1552720 seconds
28.849: [Full GC28.849: [Tenured: 128383K->128383K(128384K), 0.0951210 secs] 186108K->162134K(186112K), [Perm : 12745K->12745K(21248K)], 0.0951560 secs] [Times: user=0.10 sys=0.00, real=0.09 secs] 
28.944: Total time for which application threads were stopped: 0.0954880 seconds, Stopping threads took: 0.0000130 seconds
29.052: Application time: 0.1078300 seconds
29.052: [Full GC29.052: [Tenured: 128383K->128383K(128384K), 0.0977320 secs] 186111K->163897K(186112K), [Perm : 12746K->12746K(21248K)], 0.0977710 secs] [Times: user=0.10 sys=0.00, real=0.10 secs] 
29.150: Total time for which application threads were stopped: 0.0981110 seconds, Stopping threads took: 0.0000130 seconds
29.263: Application time: 0.1135880 seconds
29.264: [Full GC29.264: [Tenured: 128383K->128383K(128384K), 0.0977260 secs] 186111K->165479K(186112K), [Perm : 12746K->12746K(21248K)], 0.0977640 secs] [Times: user=0.09 sys=0.00, real=0.10 secs] 
29.361: Total time for which application threads were stopped: 0.0981250 seconds, Stopping threads took: 0.0000120 seconds
29.453: Application time: 0.0915590 seconds
29.453: [Full GC29.453: [Tenured: 128383K->128361K(128384K), 0.1253120 secs] 186111K->166586K(186112K), [Perm : 12746K->12746K(21248K)], 0.1253520 secs] [Times: user=0.13 sys=0.00, real=0.13 secs] 
29.579: Total time for which application threads were stopped: 0.1256820 seconds, Stopping threads took: 0.0000130 seconds
29.673: Application time: 0.0948010 seconds
29.674: [Full GC29.674: [Tenured: 128381K->128381K(128384K), 0.0946640 secs] 186109K->167905K(186112K), [Perm : 12747K->12747K(21248K)], 0.0947020 secs] [Times: user=0.10 sys=0.00, real=0.10 secs] 
29.768: Total time for which application threads were stopped: 0.0950240 seconds, Stopping threads took: 0.0000120 seconds
29.861: Application time: 0.0928900 seconds
29.862: [Full GC29.862: [Tenured: 128381K->128381K(128384K), 0.0996160 secs] 186108K->169158K(186112K), [Perm : 12748K->12748K(21248K)], 0.0996530 secs] [Times: user=0.10 sys=0.00, real=0.10 secs] 
29.961: Total time for which application threads were stopped: 0.0999730 seconds, Stopping threads took: 0.0000120 seconds
30.046: Application time: 0.0851320 seconds
30.047: [Full GC30.047: [Tenured: 128381K->128381K(128384K), 0.0936560 secs] 186105K->170121K(186112K), [Perm : 12749K->12749K(21248K)], 0.0936950 secs] [Times: user=0.09 sys=0.00, real=0.10 secs] 
30.140: Total time for which application threads were stopped: 0.0939910 seconds, Stopping threads took: 0.0000130 seconds
30.237: Application time: 0.0962080 seconds
30.237: [Full GC30.237: [Tenured: 128381K->128358K(128384K), 0.1021350 secs] 186106K->170799K(186112K), [Perm : 12749K->12749K(21248K)], 0.1021730 secs] [Times: user=0.11 sys=0.00, real=0.10 secs] 
30.339: Total time for which application threads were stopped: 0.1024440 seconds, Stopping threads took: 0.0000110 seconds
30.410: Application time: 0.0712760 seconds
30.411: [Full GC30.411: [Tenured: 128383K->128383K(128384K), 0.0956240 secs] 186111K->171958K(186112K), [Perm : 12749K->12749K(21248K)], 0.0956600 secs] [Times: user=0.10 sys=0.00, real=0.09 secs] 
30.506: Total time for which application threads were stopped: 0.0959930 seconds, Stopping threads took: 0.0000130 seconds
30.579: Application time: 0.0730640 seconds
30.580: [Full GC30.580: [Tenured: 128383K->128383K(128384K), 0.0972610 secs] 186111K->172670K(186112K), [Perm : 12749K->12749K(21248K)], 0.0972990 secs] [Times: user=0.10 sys=0.00, real=0.10 secs] 
30.677: Total time for which application threads were stopped: 0.0975760 seconds, Stopping threads took: 0.0000120 seconds
30.728: Application time: 0.0506760 seconds
30.728: Total time for which application threads were stopped: 0.0002440 seconds, Stopping threads took: 0.0000120 seconds
30.751: Application time: 0.0231400 seconds
30.751: [Full GC30.751: [Tenured: 128383K->128383K(128384K), 0.1037060 secs] 186111K->173519K(186112K), [Perm : 12749K->12749K(21248K)], 0.1037440 secs] [Times: user=0.10 sys=0.00, real=0.10 secs] 
30.855: Total time for which application threads were stopped: 0.1039820 seconds, Stopping threads took: 0.0000110 seconds
30.968: Application time: 0.1132770 seconds
30.969: [Full GC30.969: [Tenured: 128383K->128381K(128384K), 0.1052620 secs] 186094K->174324K(186112K), [Perm : 12749K->12749K(21248K)], 0.1052980 secs] [Times: user=0.11 sys=0.00, real=0.10 secs] 
31.074: Total time for which application threads were stopped: 0.1056130 seconds, Stopping threads took: 0.0000120 seconds
31.136: Application time: 0.0622860 seconds
31.137: [Full GC31.137: [Tenured: 128383K->128383K(128384K), 0.0983810 secs] 186111K->175206K(186112K), [Perm : 12749K->12749K(21248K)], 0.0984200 secs] [Times: user=0.10 sys=0.00, real=0.09 secs] 
31.235: Total time for which application threads were stopped: 0.0986980 seconds, Stopping threads took: 0.0000120 seconds
31.302: Application time: 0.0673280 seconds
31.303: [Full GC31.303: [Tenured: 128383K->128383K(128384K), 0.0975530 secs] 186111K->176016K(186112K), [Perm : 12750K->12750K(21248K)], 0.0975900 secs] [Times: user=0.10 sys=0.00, real=0.10 secs] 
31.400: Total time for which application threads were stopped: 0.0978830 seconds, Stopping threads took: 0.0000130 seconds
31.447: Application time: 0.0465220 seconds
31.447: [Full GC31.447: [Tenured: 128383K->128383K(128384K), 0.0979550 secs] 186111K->176728K(186112K), [Perm : 12750K->12750K(21248K)], 0.0979930 secs] [Times: user=0.10 sys=0.00, real=0.10 secs] 
31.545: Total time for which application threads were stopped: 0.0982690 seconds, Stopping threads took: 0.0000130 seconds
31.599: Application time: 0.0538670 seconds
31.599: [Full GC31.599: [Tenured: 128383K->128383K(128384K), 0.1303260 secs] 186107K->177177K(186112K), [Perm : 12750K->12750K(21248K)], 0.1303660 secs] [Times: user=0.13 sys=0.00, real=0.13 secs] 
31.730: Total time for which application threads were stopped: 0.1306700 seconds, Stopping threads took: 0.0000120 seconds
31.775: Application time: 0.0453790 seconds
31.775: [Full GC31.775: [Tenured: 128383K->128383K(128384K), 0.0978300 secs] 186111K->177875K(186112K), [Perm : 12750K->12750K(21248K)], 0.0978660 secs] [Times: user=0.09 sys=0.00, real=0.10 secs] 
31.873: Total time for which application threads were stopped: 0.0981490 seconds, Stopping threads took: 0.0000130 seconds
31.934: Application time: 0.0609820 seconds
31.934: [Full GC31.934: [Tenured: 128383K->128383K(128384K), 0.0971000 secs] 186106K->178438K(186112K), [Perm : 12750K->12750K(21248K)], 0.0971370 secs] [Times: user=0.10 sys=0.00, real=0.10 secs] 
32.031: Total time for which application threads were stopped: 0.0974250 seconds, Stopping threads took: 0.0000120 seconds
32.069: Application time: 0.0377100 seconds
32.069: [Full GC32.069: [Tenured: 128383K->128383K(128384K), 0.0988730 secs] 186111K->179005K(186112K), [Perm : 12751K->12751K(21248K)], 0.0989100 secs] [Times: user=0.10 sys=0.00, real=0.10 secs] 
32.168: Total time for which application threads were stopped: 0.0991640 seconds, Stopping threads took: 0.0000120 seconds
32.205: Application time: 0.0365970 seconds
32.205: [Full GC32.205: [Tenured: 128383K->128373K(128384K), 0.1334160 secs] 186110K->178871K(186112K), [Perm : 12751K->12748K(21248K)], 0.1334560 secs] [Times: user=0.13 sys=0.00, real=0.14 secs] 
32.339: Total time for which application threads were stopped: 0.1337530 seconds, Stopping threads took: 0.0000120 seconds
32.391: Application time: 0.0522540 seconds
32.391: [Full GC32.391: [Tenured: 128383K->128383K(128384K), 0.0980310 secs] 186111K->179408K(186112K), [Perm : 12748K->12748K(21248K)], 0.0980680 secs] [Times: user=0.10 sys=0.00, real=0.10 secs] 
32.489: Total time for which application threads were stopped: 0.0983230 seconds, Stopping threads took: 0.0000120 seconds
32.528: Application time: 0.0383750 seconds
32.528: [Full GC32.528: [Tenured: 128383K->128383K(128384K), 0.0979250 secs] 186111K->179890K(186112K), [Perm : 12748K->12748K(21248K)], 0.0979590 secs] [Times: user=0.10 sys=0.00, real=0.09 secs] 
32.626: Total time for which application threads were stopped: 0.0982280 seconds, Stopping threads took: 0.0000110 seconds
32.670: Application time: 0.0438830 seconds
32.670: [Full GC32.670: [Tenured: 128383K->128383K(128384K), 0.0969080 secs] 186111K->180285K(186112K), [Perm : 12748K->12748K(21248K)], 0.0969460 secs] [Times: user=0.09 sys=0.00, real=0.09 secs] 
32.767: Total time for which application threads were stopped: 0.0971590 seconds, Stopping threads took: 0.0000090 seconds
32.799: Application time: 0.0317110 seconds
32.799: [Full GC32.799: [Tenured: 128383K->128374K(128384K), 0.0991430 secs] 186110K->180746K(186112K), [Perm : 12748K->12748K(21248K)], 0.0991780 secs] [Times: user=0.10 sys=0.00, real=0.10 secs] 
32.898: Total time for which application threads were stopped: 0.0994620 seconds, Stopping threads took: 0.0000100 seconds
32.925: Application time: 0.0267450 seconds
32.925: [Full GC32.925: [Tenured: 128382K->128382K(128384K), 0.0987320 secs] 186110K->181047K(186112K), [Perm : 12748K->12748K(21248K)], 0.0987630 secs] [Times: user=0.10 sys=0.00, real=0.10 secs] 
33.024: Total time for which application threads were stopped: 0.0990220 seconds, Stopping threads took: 0.0000120 seconds
33.057: Application time: 0.0328760 seconds
33.057: [Full GC33.057: [Tenured: 128382K->128382K(128384K), 0.0991690 secs] 186108K->181448K(186112K), [Perm : 12748K->12748K(21248K)], 0.0992040 secs] [Times: user=0.10 sys=0.00, real=0.10 secs] 
33.156: Total time for which application threads were stopped: 0.0994350 seconds, Stopping threads took: 0.0000120 seconds
33.189: Application time: 0.0327320 seconds
33.189: [Full GC33.189: [Tenured: 128382K->128382K(128384K), 0.1109500 secs] 186107K->181728K(186112K), [Perm : 12748K->12748K(21248K)], 0.1109880 secs] [Times: user=0.11 sys=0.00, real=0.11 secs] 
33.300: Total time for which application threads were stopped: 0.1112620 seconds, Stopping threads took: 0.0000190 seconds
33.323: Application time: 0.0224860 seconds
33.323: [Full GC33.323: [Tenured: 128383K->128374K(128384K), 0.1183180 secs] 186111K->182076K(186112K), [Perm : 12753K->12753K(21248K)], 0.1183580 secs] [Times: user=0.12 sys=0.00, real=0.12 secs] 
33.441: Total time for which application threads were stopped: 0.1186620 seconds, Stopping threads took: 0.0000100 seconds
33.462: Application time: 0.0211450 seconds
33.463: [Full GC33.463: [Tenured: 128383K->128383K(128384K), 0.1176480 secs] 186111K->182405K(186112K), [Perm : 12753K->12753K(21248K)], 0.1176880 secs] [Times: user=0.12 sys=0.00, real=0.12 secs] 
33.580: Total time for which application threads were stopped: 0.1179620 seconds, Stopping threads took: 0.0000100 seconds
33.596: Application time: 0.0154550 seconds
33.596: [Full GC33.596: [Tenured: 128383K->128383K(128384K), 0.1195880 secs] 186108K->182547K(186112K), [Perm : 12753K->12753K(21248K)], 0.1196380 secs] [Times: user=0.12 sys=0.00, real=0.12 secs] 
33.716: Total time for which application threads were stopped: 0.1198940 seconds, Stopping threads took: 0.0000080 seconds
33.730: Application time: 0.0146490 seconds
33.731: [Full GC33.731: [Tenured: 128383K->128383K(128384K), 0.1202480 secs] 186111K->182763K(186112K), [Perm : 12754K->12754K(21248K)], 0.1202860 secs] [Times: user=0.12 sys=0.00, real=0.12 secs] 
33.851: Total time for which application threads were stopped: 0.1205650 seconds, Stopping threads took: 0.0000080 seconds
33.869: Application time: 0.0178510 seconds
33.869: [Full GC33.869: [Tenured: 128383K->128374K(128384K), 0.1197310 secs] 186110K->182912K(186112K), [Perm : 12754K->12754K(21248K)], 0.1197700 secs] [Times: user=0.12 sys=0.00, real=0.12 secs] 
33.989: Total time for which application threads were stopped: 0.1200690 seconds, Stopping threads took: 0.0000070 seconds
34.021: Application time: 0.0323030 seconds
34.021: [Full GC34.021: [Tenured: 128383K->128383K(128384K), 0.0953960 secs] 186111K->183119K(186112K), [Perm : 12754K->12754K(21248K)], 0.0954280 secs] [Times: user=0.09 sys=0.00, real=0.10 secs] 
34.117: Total time for which application threads were stopped: 0.0956730 seconds, Stopping threads took: 0.0000090 seconds
34.131: Application time: 0.0145190 seconds
34.132: [Full GC34.132: [Tenured: 128384K->128384K(128384K), 0.0915430 secs] 186111K->183328K(186112K), [Perm : 12754K->12754K(21248K)], 0.0915770 secs] [Times: user=0.09 sys=0.00, real=0.09 secs] 
34.223: Total time for which application threads were stopped: 0.0918340 seconds, Stopping threads took: 0.0000070 seconds
34.233: Application time: 0.0099130 seconds
34.233: [Full GC34.233: [Tenured: 128384K->128384K(128384K), 0.1010620 secs] 186107K->183477K(186112K), [Perm : 12754K->12754K(21248K)], 0.1010940 secs] [Times: user=0.10 sys=0.00, real=0.10 secs] 
34.334: Total time for which application threads were stopped: 0.1012860 seconds, Stopping threads took: 0.0000080 seconds
34.357: Application time: 0.0226000 seconds
34.357: [Full GC34.357: [Tenured: 128384K->128374K(128384K), 0.0995530 secs] 186110K->183713K(186112K), [Perm : 12754K->12754K(21248K)], 0.0995850 secs] [Times: user=0.10 sys=0.00, real=0.10 secs] 
34.457: Total time for which application threads were stopped: 0.0998160 seconds, Stopping threads took: 0.0000190 seconds
34.473: Application time: 0.0165080 seconds
34.474: [Full GC34.474: [Tenured: 128384K->128384K(128384K), 0.0995040 secs] 186111K->183882K(186112K), [Perm : 12754K->12754K(21248K)], 0.0995350 secs] [Times: user=0.10 sys=0.00, real=0.10 secs] 
34.573: Total time for which application threads were stopped: 0.0997750 seconds, Stopping threads took: 0.0000180 seconds
34.582: Application time: 0.0092740 seconds
34.583: [Full GC34.583: [Tenured: 128384K->128384K(128384K), 0.0945010 secs] 186111K->184059K(186112K), [Perm : 12754K->12754K(21248K)], 0.0945340 secs] [Times: user=0.10 sys=0.00, real=0.10 secs] 
34.677: Total time for which application threads were stopped: 0.0947400 seconds, Stopping threads took: 0.0000190 seconds
34.686: Application time: 0.0086660 seconds
34.686: [Full GC34.686: [Tenured: 128384K->128384K(128384K), 0.1003680 secs] 186111K->184179K(186112K), [Perm : 12755K->12755K(21248K)], 0.1004000 secs] [Times: user=0.10 sys=0.00, real=0.10 secs] 
34.786: Total time for which application threads were stopped: 0.1006190 seconds, Stopping threads took: 0.0000190 seconds
34.795: Application time: 0.0087540 seconds
34.795: [Full GC34.795: [Tenured: 128384K->128374K(128384K), 0.1035680 secs] 186111K->184333K(186112K), [Perm : 12755K->12755K(21248K)], 0.1036050 secs] [Times: user=0.10 sys=0.00, real=0.11 secs] 
34.899: Total time for which application threads were stopped: 0.1038250 seconds, Stopping threads took: 0.0000190 seconds
34.923: Application time: 0.0237130 seconds
34.923: [Full GC34.923: [Tenured: 128374K->128374K(128384K), 0.0997790 secs] 186084K->184445K(186112K), [Perm : 12755K->12755K(21248K)], 0.0998140 secs] [Times: user=0.10 sys=0.00, real=0.10 secs] 
35.023: Total time for which application threads were stopped: 0.1000160 seconds, Stopping threads took: 0.0000090 seconds
35.032: Application time: 0.0090600 seconds
35.032: [Full GC35.032: [Tenured: 128382K->128382K(128384K), 0.0946070 secs] 186110K->184616K(186112K), [Perm : 12755K->12755K(21248K)], 0.0946400 secs] [Times: user=0.09 sys=0.00, real=0.09 secs] 
35.127: Total time for which application threads were stopped: 0.0948700 seconds, Stopping threads took: 0.0000190 seconds
35.135: Application time: 0.0080140 seconds
35.135: [Full GC35.135: [Tenured: 128382K->128382K(128384K), 0.0997720 secs] 186108K->184730K(186112K), [Perm : 12755K->12755K(21248K)], 0.0998040 secs] [Times: user=0.10 sys=0.00, real=0.10 secs] 
35.235: Total time for which application threads were stopped: 0.1000210 seconds, Stopping threads took: 0.0000180 seconds
35.242: Application time: 0.0069980 seconds
35.242: [Full GC35.242: [Tenured: 128382K->128375K(128384K), 0.1001030 secs] 186110K->184789K(186112K), [Perm : 12755K->12755K(21248K)], 0.1001360 secs] [Times: user=0.10 sys=0.00, real=0.10 secs] 
35.342: Total time for which application threads were stopped: 0.1003420 seconds, Stopping threads took: 0.0000180 seconds
35.351: Application time: 0.0092140 seconds
35.352: [Full GC35.352: [Tenured: 128383K->128383K(128384K), 0.1015190 secs] 186111K->184844K(186112K), [Perm : 12755K->12755K(21248K)], 0.1015480 secs] [Times: user=0.10 sys=0.01, real=0.10 secs] 
35.453: Total time for which application threads were stopped: 0.1017900 seconds, Stopping threads took: 0.0000190 seconds
35.455: Application time: 0.0022460 seconds
35.456: [Full GC35.456: [Tenured: 128383K->128383K(128384K), 0.1000360 secs] 186111K->185002K(186112K), [Perm : 12755K->12755K(21248K)], 0.1000670 secs] [Times: user=0.10 sys=0.00, real=0.10 secs] 
35.556: Total time for which application threads were stopped: 0.1002830 seconds, Stopping threads took: 0.0000190 seconds
35.565: Application time: 0.0094460 seconds
35.565: [Full GC35.565: [Tenured: 128383K->128383K(128384K), 0.1031470 secs] 186107K->184910K(186112K), [Perm : 12755K->12755K(21248K)], 0.1031830 secs] [Times: user=0.10 sys=0.00, real=0.11 secs] 
35.669: Total time for which application threads were stopped: 0.1034340 seconds, Stopping threads took: 0.0000190 seconds
35.672: Application time: 0.0030780 seconds
35.672: [Full GC35.672: [Tenured: 128383K->128375K(128384K), 0.1001510 secs] 186109K->184989K(186112K), [Perm : 12755K->12755K(21248K)], 0.1001830 secs] [Times: user=0.10 sys=0.00, real=0.10 secs] 
35.772: Total time for which application threads were stopped: 0.1004690 seconds, Stopping threads took: 0.0000190 seconds
35.778: Application time: 0.0061910 seconds
35.778: [Full GC35.778: [Tenured: 128382K->128382K(128384K), 0.1029010 secs] 186110K->185143K(186112K), [Perm : 12755K->12755K(21248K)], 0.1029350 secs] [Times: user=0.11 sys=0.00, real=0.10 secs] 
35.881: Total time for which application threads were stopped: 0.1031470 seconds, Stopping threads took: 0.0000190 seconds
35.886: Application time: 0.0044520 seconds
35.886: [Full GC35.886: [Tenured: 128382K->128382K(128384K), 0.1067630 secs] 186109K->185089K(186112K), [Perm : 12755K->12755K(21248K)], 0.1067990 secs] [Times: user=0.11 sys=0.00, real=0.11 secs] 
35.993: Total time for which application threads were stopped: 0.1070900 seconds, Stopping threads took: 0.0000190 seconds
35.994: Application time: 0.0007210 seconds
35.994: [Full GC35.994: [Tenured: 128382K->128382K(128384K), 0.0996380 secs] 186110K->185185K(186112K), [Perm : 12755K->12755K(21248K)], 0.0996690 secs] [Times: user=0.10 sys=0.00, real=0.10 secs] 
36.094: Total time for which application threads were stopped: 0.0999650 seconds, Stopping threads took: 0.0000190 seconds
36.101: Application time: 0.0075580 seconds
36.101: [Full GC36.101: [Tenured: 128382K->128375K(128384K), 0.1085960 secs] 186109K->185195K(186112K), [Perm : 12755K->12755K(21248K)], 0.1086350 secs] [Times: user=0.10 sys=0.00, real=0.11 secs] 
36.210: Total time for which application threads were stopped: 0.1088610 seconds, Stopping threads took: 0.0000190 seconds
36.215: Application time: 0.0053290 seconds
36.216: [Full GC36.216: [Tenured: 128376K->128376K(128384K), 0.1064170 secs] 186104K->185183K(186112K), [Perm : 12755K->12755K(21248K)], 0.1064640 secs] [Times: user=0.11 sys=0.00, real=0.10 secs] 
36.322: Total time for which application threads were stopped: 0.1067590 seconds, Stopping threads took: 0.0000190 seconds
36.323: Application time: 0.0006410 seconds
36.323: [Full GC36.323: [Tenured: 128383K->128383K(128384K), 0.0995730 secs] 186110K->185285K(186112K), [Perm : 12755K->12755K(21248K)], 0.0996060 secs] [Times: user=0.10 sys=0.00, real=0.10 secs] 
36.423: Total time for which application threads were stopped: 0.0999000 seconds, Stopping threads took: 0.0000190 seconds
36.430: Application time: 0.0076390 seconds
36.431: [Full GC36.431: [Tenured: 128383K->128383K(128384K), 0.1073490 secs] 186111K->185304K(186112K), [Perm : 12755K->12755K(21248K)], 0.1073870 secs] [Times: user=0.11 sys=0.00, real=0.11 secs] 
36.538: Total time for which application threads were stopped: 0.1075970 seconds, Stopping threads took: 0.0000180 seconds
36.538: Application time: 0.0003140 seconds
36.539: [Full GC36.539: [Tenured: 128383K->128376K(128384K), 0.0994030 secs] 186110K->185318K(186112K), [Perm : 12755K->12755K(21248K)], 0.0994330 secs] [Times: user=0.10 sys=0.00, real=0.10 secs] 
36.638: Total time for which application threads were stopped: 0.0997330 seconds, Stopping threads took: 0.0000200 seconds
36.643: Application time: 0.0046340 seconds
36.643: [Full GC36.643: [Tenured: 128382K->128382K(128384K), 0.1043330 secs] 186110K->185336K(186112K), [Perm : 12755K->12755K(21248K)], 0.1043710 secs] [Times: user=0.11 sys=0.00, real=0.10 secs] 
36.747: Total time for which application threads were stopped: 0.1045810 seconds, Stopping threads took: 0.0000190 seconds
36.747: Application time: 0.0002710 seconds
36.748: [Full GC36.748: [Tenured: 128382K->128382K(128384K), 0.0992550 secs] 186110K->185355K(186112K), [Perm : 12755K->12755K(21248K)], 0.0992860 secs] [Times: user=0.10 sys=0.00, real=0.09 secs] 
36.847: Total time for which application threads were stopped: 0.0995920 seconds, Stopping threads took: 0.0000200 seconds
36.852: Application time: 0.0049410 seconds
36.852: [Full GC36.852: [Tenured: 128382K->128382K(128384K), 0.1093170 secs] 186109K->185369K(186112K), [Perm : 12755K->12755K(21248K)], 0.1093540 secs] [Times: user=0.11 sys=0.00, real=0.11 secs] 
36.962: Total time for which application threads were stopped: 0.1095570 seconds, Stopping threads took: 0.0000180 seconds
36.970: Application time: 0.0080260 seconds
36.970: [Full GC36.970: [Tenured: 128383K->128376K(128384K), 0.1263200 secs] 186111K->185257K(186112K), [Perm : 12755K->12755K(21248K)], 0.1263560 secs] [Times: user=0.12 sys=0.00, real=0.13 secs] 
37.096: Total time for which application threads were stopped: 0.1266470 seconds, Stopping threads took: 0.0000190 seconds
37.098: Application time: 0.0018940 seconds
37.098: [Full GC37.098: [Tenured: 128382K->128382K(128384K), 0.0911060 secs] 186110K->185401K(186112K), [Perm : 12755K->12755K(21248K)], 0.0911380 secs] [Times: user=0.09 sys=0.00, real=0.09 secs] 
37.190: Total time for which application threads were stopped: 0.0914340 seconds, Stopping threads took: 0.0000210 seconds
37.194: Application time: 0.0039520 seconds
37.194: [Full GC37.194: [Tenured: 128384K->128384K(128384K), 0.1195730 secs] 186111K->185336K(186112K), [Perm : 12755K->12755K(21248K)], 0.1196130 secs] [Times: user=0.12 sys=0.00, real=0.12 secs] 
37.313: Total time for which application threads were stopped: 0.1198430 seconds, Stopping threads took: 0.0000190 seconds
37.315: Application time: 0.0020860 seconds
37.316: [Full GC37.316: [Tenured: 128384K->128384K(128384K), 0.1138020 secs] 186111K->185446K(186112K), [Perm : 12755K->12755K(21248K)], 0.1138360 secs] [Times: user=0.12 sys=0.00, real=0.11 secs] 
37.430: Total time for which application threads were stopped: 0.1141240 seconds, Stopping threads took: 0.0000070 seconds
37.430: Application time: 0.0002140 seconds
37.430: [Full GC37.430: [Tenured: 128384K->128376K(128384K), 0.1135280 secs] 186109K->185453K(186112K), [Perm : 12755K->12755K(21248K)], 0.1135710 secs] [Times: user=0.11 sys=0.00, real=0.11 secs] 
37.544: Total time for which application threads were stopped: 0.1137720 seconds, Stopping threads took: 0.0000060 seconds
37.551: Application time: 0.0078490 seconds
37.552: [Full GC37.552: [Tenured: 128383K->128383K(128384K), 0.1219850 secs] 186111K->185479K(186112K), [Perm : 12755K->12755K(21248K)], 0.1220230 secs] [Times: user=0.12 sys=0.00, real=0.12 secs] 
37.674: Total time for which application threads were stopped: 0.1222200 seconds, Stopping threads took: 0.0000060 seconds
37.674: Application time: 0.0002390 seconds
37.674: [Full GC37.674: [Tenured: 128383K->128383K(128384K), 0.1137380 secs] 186110K->185499K(186112K), [Perm : 12755K->12755K(21248K)], 0.1137710 secs] [Times: user=0.11 sys=0.00, real=0.12 secs] 
37.788: Total time for which application threads were stopped: 0.1140810 seconds, Stopping threads took: 0.0000070 seconds
37.793: Application time: 0.0045890 seconds
37.793: [Full GC37.793: [Tenured: 128383K->128383K(128384K), 0.1211920 secs] 186109K->185471K(186112K), [Perm : 12755K->12755K(21248K)], 0.1212300 secs] [Times: user=0.12 sys=0.00, real=0.12 secs] 
37.914: Total time for which application threads were stopped: 0.1214390 seconds, Stopping threads took: 0.0000060 seconds
37.919: Application time: 0.0054750 seconds
37.920: [Full GC37.920: [Tenured: 128383K->128376K(128384K), 0.1157210 secs] 186110K->185502K(186112K), [Perm : 12755K->12755K(21248K)], 0.1157590 secs] [Times: user=0.12 sys=0.00, real=0.12 secs] 
38.036: Total time for which application threads were stopped: 0.1160410 seconds, Stopping threads took: 0.0000070 seconds
38.038: Application time: 0.0023420 seconds
38.038: [Full GC38.038: [Tenured: 128376K->128376K(128384K), 0.0926580 secs] 186073K->185546K(186112K), [Perm : 12755K->12755K(21248K)], 0.0926890 secs] [Times: user=0.09 sys=0.00, real=0.09 secs] 
38.131: Total time for which application threads were stopped: 0.0929390 seconds, Stopping threads took: 0.0000060 seconds
38.135: Application time: 0.0046490 seconds
38.136: [Full GC38.136: [Tenured: 128384K->128384K(128384K), 0.0922990 secs] 186112K->185575K(186112K), [Perm : 12755K->12755K(21248K)], 0.0923300 secs] [Times: user=0.09 sys=0.00, real=0.09 secs] 
38.228: Total time for which application threads were stopped: 0.0925260 seconds, Stopping threads took: 0.0000070 seconds
38.230: Application time: 0.0018660 seconds
38.230: [Full GC38.230: [Tenured: 128384K->128384K(128384K), 0.0993700 secs] 186109K->185643K(186112K), [Perm : 12755K->12755K(21248K)], 0.0994010 secs] [Times: user=0.10 sys=0.00, real=0.10 secs] 
38.329: Total time for which application threads were stopped: 0.0996080 seconds, Stopping threads took: 0.0000190 seconds
38.337: Application time: 0.0079730 seconds
38.338: Total time for which application threads were stopped: 0.0002010 seconds, Stopping threads took: 0.0000190 seconds
38.339: Application time: 0.0016390 seconds
38.339: [Full GC38.339: [Tenured: 128384K->128376K(128384K), 0.1199100 secs] 186058K->185617K(186112K), [Perm : 12755K->12755K(21248K)], 0.1199470 secs] [Times: user=0.12 sys=0.00, real=0.12 secs] 
38.459: Total time for which application threads were stopped: 0.1200260 seconds, Stopping threads took: 0.0000040 seconds
38.466: Application time: 0.0071450 seconds
38.467: Total time for which application threads were stopped: 0.0002370 seconds, Stopping threads took: 0.0000110 seconds
38.467: Application time: 0.0001070 seconds
38.467: [Full GC38.467: [Tenured: 128383K->128383K(128384K), 0.0937780 secs] 186111K->185670K(186112K), [Perm : 12755K->12755K(21248K)], 0.0938100 secs] [Times: user=0.10 sys=0.00, real=0.10 secs] 
38.561: Total time for which application threads were stopped: 0.0938850 seconds, Stopping threads took: 0.0000040 seconds
38.561: Application time: 0.0000980 seconds
38.561: [Full GC38.561: [Tenured: 128383K->128383K(128384K), 0.0968970 secs] 185674K->185674K(186112K), [Perm : 12755K->12755K(21248K)], 0.0969360 secs] [Times: user=0.09 sys=0.00, real=0.10 secs] 
38.658: Total time for which application threads were stopped: 0.0971500 seconds, Stopping threads took: 0.0000190 seconds
38.659: Application time: 0.0013450 seconds
38.659: [Full GC38.659: [Tenured: 128383K->128383K(128384K), 0.0995480 secs] 186111K->185763K(186112K), [Perm : 12755K->12755K(21248K)], 0.0995800 secs] [Times: user=0.09 sys=0.00, real=0.10 secs] 
38.759: Total time for which application threads were stopped: 0.0997660 seconds, Stopping threads took: 0.0000060 seconds
38.759: Application time: 0.0002070 seconds
38.759: Total time for which application threads were stopped: 0.0002050 seconds, Stopping threads took: 0.0000160 seconds
38.760: Application time: 0.0000810 seconds
38.760: [Full GC38.760: [Tenured: 128383K->128376K(128384K), 0.0995570 secs] 186111K->185771K(186112K), [Perm : 12755K->12755K(21248K)], 0.0995890 secs] [Times: user=0.09 sys=0.00, real=0.10 secs] 
38.859: Total time for which application threads were stopped: 0.0996630 seconds, Stopping threads took: 0.0000040 seconds
38.859: Application time: 0.0000840 seconds
38.859: [Full GC38.860: [Tenured: 128376K->128376K(128384K), 0.1011590 secs] 185805K->185772K(186112K), [Perm : 12755K->12755K(21248K)], 0.1011880 secs] [Times: user=0.10 sys=0.00, real=0.10 secs] 
38.961: Total time for which application threads were stopped: 0.1014370 seconds, Stopping threads took: 0.0000190 seconds
38.961: Application time: 0.0001980 seconds
38.961: Total time for which application threads were stopped: 0.0001520 seconds, Stopping threads took: 0.0000110 seconds
38.961: Application time: 0.0001050 seconds
38.961: [Full GC38.961: [Tenured: 128381K->128381K(128384K), 0.0996100 secs] 186108K->185783K(186112K), [Perm : 12755K->12755K(21248K)], 0.0996410 secs] [Times: user=0.10 sys=0.00, real=0.10 secs] 
39.061: Total time for which application threads were stopped: 0.0997150 seconds, Stopping threads took: 0.0000040 seconds
39.061: Application time: 0.0000800 seconds
39.061: [Full GC39.061: [Tenured: 128381K->128381K(128384K), 0.0973300 secs] 185824K->185786K(186112K), [Perm : 12755K->12755K(21248K)], 0.0973620 secs] [Times: user=0.09 sys=0.00, real=0.10 secs] 
39.159: Total time for which application threads were stopped: 0.0975880 seconds, Stopping threads took: 0.0000190 seconds
39.159: Application time: 0.0001630 seconds
39.159: [Full GC39.159: [Tenured: 128381K->128376K(128384K), 0.0995850 secs] 186108K->185787K(186112K), [Perm : 12755K->12755K(21248K)], 0.0996190 secs] [Times: user=0.10 sys=0.00, real=0.10 secs] 
39.259: Total time for which application threads were stopped: 0.0998060 seconds, Stopping threads took: 0.0000100 seconds
39.263: Application time: 0.0045090 seconds
39.263: Total time for which application threads were stopped: 0.0002180 seconds, Stopping threads took: 0.0000120 seconds
39.263: Application time: 0.0001060 seconds
39.263: [Full GC39.263: [Tenured: 128383K->128383K(128384K), 0.1061520 secs] 186111K->185786K(186112K), [Perm : 12755K->12755K(21248K)], 0.1061890 secs] [Times: user=0.11 sys=0.00, real=0.11 secs] 
39.370: Total time for which application threads were stopped: 0.1062700 seconds, Stopping threads took: 0.0000040 seconds
39.370: Application time: 0.0000590 seconds
39.370: [Full GC39.370: [Tenured: 128383K->128383K(128384K), 0.1010750 secs] 185812K->185788K(186112K), [Perm : 12755K->12755K(21248K)], 0.1011040 secs] [Times: user=0.10 sys=0.00, real=0.10 secs] 
39.471: Total time for which application threads were stopped: 0.1014080 seconds, Stopping threads took: 0.0000070 seconds
39.471: Application time: 0.0001890 seconds
39.471: Total time for which application threads were stopped: 0.0001560 seconds, Stopping threads took: 0.0000100 seconds
39.472: Application time: 0.0001060 seconds
39.472: [Full GC39.472: [Tenured: 128383K->128383K(128384K), 0.0995670 secs] 186110K->185800K(186112K), [Perm : 12755K->12755K(21248K)], 0.0996000 secs] [Times: user=0.10 sys=0.00, real=0.10 secs] 
39.571: Total time for which application threads were stopped: 0.0996750 seconds, Stopping threads took: 0.0000040 seconds
39.571: Application time: 0.0000600 seconds
39.571: [Full GC39.571: [Tenured: 128383K->128377K(128384K), 0.0971630 secs] 185844K->185795K(186112K), [Perm : 12755K->12755K(21248K)], 0.0971990 secs] [Times: user=0.10 sys=0.00, real=0.10 secs] 
39.669: Total time for which application threads were stopped: 0.0974150 seconds, Stopping threads took: 0.0000060 seconds
39.669: Application time: 0.0001530 seconds
39.669: [Full GC39.669: [Tenured: 128382K->128382K(128384K), 0.0897420 secs] 186110K->185805K(186112K), [Perm : 12755K->12755K(21248K)], 0.0897740 secs] [Times: user=0.09 sys=0.00, real=0.09 secs] 
39.759: Total time for which application threads were stopped: 0.0899590 seconds, Stopping threads took: 0.0000100 seconds
39.759: Application time: 0.0001360 seconds
39.759: [Full GC39.759: [Tenured: 128382K->128382K(128384K), 0.0996520 secs] 186109K->185813K(186112K), [Perm : 12755K->12755K(21248K)], 0.0996850 secs] [Times: user=0.10 sys=0.00, real=0.10 secs] 
39.859: Total time for which application threads were stopped: 0.0999080 seconds, Stopping threads took: 0.0000100 seconds
39.864: Application time: 0.0047970 seconds
39.864: [Full GC39.864: [Tenured: 128382K->128382K(128384K), 0.1090810 secs] 186103K->185795K(186112K), [Perm : 12755K->12755K(21248K)], 0.1091190 secs] [Times: user=0.11 sys=0.00, real=0.11 secs] 
39.973: Total time for which application threads were stopped: 0.1093660 seconds, Stopping threads took: 0.0000100 seconds
39.979: Application time: 0.0060040 seconds
39.979: Total time for which application threads were stopped: 0.0002890 seconds, Stopping threads took: 0.0000170 seconds
39.980: Application time: 0.0002190 seconds
39.980: [Full GC39.980: [Tenured: 128383K->128378K(128384K), 0.0992090 secs] 186110K->185813K(186112K), [Perm : 12755K->12755K(21248K)], 0.0992430 secs] [Times: user=0.10 sys=0.00, real=0.10 secs] 
40.079: Total time for which application threads were stopped: 0.0993160 seconds, Stopping threads took: 0.0000050 seconds
40.079: Application time: 0.0001440 seconds
40.079: [Full GC40.079: [Tenured: 128383K->128383K(128384K), 0.0921220 secs] 186110K->185825K(186112K), [Perm : 12755K->12755K(21248K)], 0.0921550 secs] [Times: user=0.09 sys=0.00, real=0.09 secs] 
40.171: Total time for which application threads were stopped: 0.0923430 seconds, Stopping threads took: 0.0000190 seconds
40.172: Application time: 0.0001590 seconds
40.172: [Full GC40.172: [Tenured: 128383K->128383K(128384K), 0.0905930 secs] 186109K->185833K(186112K), [Perm : 12755K->12755K(21248K)], 0.0906250 secs] [Times: user=0.09 sys=0.00, real=0.09 secs] 
40.262: Total time for which application threads were stopped: 0.0908200 seconds, Stopping threads took: 0.0000240 seconds
40.262: Application time: 0.0001290 seconds
40.263: Total time for which application threads were stopped: 0.0001450 seconds, Stopping threads took: 0.0000110 seconds
40.263: Application time: 0.0001050 seconds
40.263: [Full GC40.263: [Tenured: 128383K->128383K(128384K), 0.0991230 secs] 186108K->185838K(186112K), [Perm : 12755K->12755K(21248K)], 0.0991530 secs] [Times: user=0.10 sys=0.00, real=0.10 secs] 
40.362: Total time for which application threads were stopped: 0.0992240 seconds, Stopping threads took: 0.0000040 seconds
40.362: Application time: 0.0000680 seconds
40.362: [Full GC40.362: [Tenured: 128383K->128377K(128384K), 0.1008230 secs] 185870K->185833K(186112K), [Perm : 12755K->12755K(21248K)], 0.1008570 secs] [Times: user=0.10 sys=0.00, real=0.10 secs] 
40.463: Total time for which application threads were stopped: 0.1010610 seconds, Stopping threads took: 0.0000240 seconds
40.469: Application time: 0.0054760 seconds
40.469: [Full GC40.469: [Tenured: 128377K->128377K(128384K), 0.0997000 secs] 186094K->185766K(186112K), [Perm : 12755K->12755K(21248K)], 0.0997370 secs] [Times: user=0.10 sys=0.00, real=0.10 secs] 
40.568: Total time for which application threads were stopped: 0.0999270 seconds, Stopping threads took: 0.0000060 seconds
40.570: Application time: 0.0018490 seconds
40.571: [Full GC40.571: [Tenured: 128383K->128383K(128384K), 0.0956130 secs] 186111K->185875K(186112K), [Perm : 12755K->12755K(21248K)], 0.0956530 secs] [Times: user=0.09 sys=0.00, real=0.09 secs] 
40.666: Total time for which application threads were stopped: 0.0959740 seconds, Stopping threads took: 0.0000190 seconds
40.667: Application time: 0.0002050 seconds
40.667: Total time for which application threads were stopped: 0.0002230 seconds, Stopping threads took: 0.0000110 seconds
40.667: Application time: 0.0001060 seconds
40.667: [Full GC40.667: [Tenured: 128383K->128383K(128384K), 0.0946620 secs] 186111K->185891K(186112K), [Perm : 12755K->12755K(21248K)], 0.0946930 secs] [Times: user=0.10 sys=0.00, real=0.10 secs] 
40.762: Total time for which application threads were stopped: 0.0947630 seconds, Stopping threads took: 0.0000040 seconds
40.762: Application time: 0.0000680 seconds
40.762: [Full GC40.762: [Tenured: 128383K->128382K(128384K), 0.1007280 secs] 185920K->185891K(186112K), [Perm : 12755K->12755K(21248K)], 0.1007600 secs] [Times: user=0.10 sys=0.00, real=0.10 secs] 
40.863: Total time for which application threads were stopped: 0.1009480 seconds, Stopping threads took: 0.0000180 seconds
40.863: Application time: 0.0001500 seconds
40.863: [Full GC40.863: [Tenured: 128382K->128382K(128384K), 0.0989220 secs] 186110K->185897K(186112K), [Perm : 12755K->12755K(21248K)], 0.0989530 secs] [Times: user=0.10 sys=0.00, real=0.10 secs] 
40.962: Total time for which application threads were stopped: 0.0991240 seconds, Stopping threads took: 0.0000060 seconds
40.962: Application time: 0.0001390 seconds
40.962: Total time for which application threads were stopped: 0.0001480 seconds, Stopping threads took: 0.0000110 seconds
40.962: Application time: 0.0001040 seconds
40.962: [Full GC40.962: [Tenured: 128382K->128382K(128384K), 0.0989590 secs] 186110K->185902K(186112K), [Perm : 12755K->12755K(21248K)], 0.0989890 secs] [Times: user=0.10 sys=0.00, real=0.10 secs] 
41.061: Total time for which application threads were stopped: 0.0990630 seconds, Stopping threads took: 0.0000050 seconds
41.061: Application time: 0.0000850 seconds
41.062: [Full GC41.062: [Tenured: 128382K->128382K(128384K), 0.0964620 secs] 185943K->185903K(186112K), [Perm : 12755K->12755K(21248K)], 0.0964940 secs] [Times: user=0.10 sys=0.00, real=0.10 secs] 
41.158: Total time for which application threads were stopped: 0.0966810 seconds, Stopping threads took: 0.0000180 seconds
41.158: Application time: 0.0001160 seconds
41.158: Total time for which application threads were stopped: 0.0001530 seconds, Stopping threads took: 0.0000090 seconds
41.158: Application time: 0.0000310 seconds
41.158: [Full GC41.158: [Tenured: 128382K->128382K(128384K), 0.1113550 secs] 186108K->185907K(186112K), [Perm : 12755K->12755K(21248K)], 0.1113890 secs] [Times: user=0.11 sys=0.00, real=0.11 secs] 
41.270: Total time for which application threads were stopped: 0.1114650 seconds, Stopping threads took: 0.0000030 seconds
41.270: Application time: 0.0000600 seconds
41.270: [Full GC41.270: [Tenured: 128382K->128382K(128384K), 0.0915340 secs] 185946K->185908K(186112K), [Perm : 12755K->12755K(21248K)], 0.0915630 secs] [Times: user=0.09 sys=0.00, real=0.09 secs] 
41.362: Total time for which application threads were stopped: 0.0918430 seconds, Stopping threads took: 0.0000060 seconds
41.366: Application time: 0.0044380 seconds
41.366: Total time for which application threads were stopped: 0.0001530 seconds, Stopping threads took: 0.0000090 seconds
41.366: Application time: 0.0000310 seconds
41.366: [Full GC41.366: [Tenured: 128382K->128382K(128384K), 0.0965250 secs] 186110K->185833K(186112K), [Perm : 12755K->12755K(21248K)], 0.0965600 secs] [Times: user=0.09 sys=0.00, real=0.10 secs] 
41.463: Total time for which application threads were stopped: 0.0966370 seconds, Stopping threads took: 0.0000030 seconds
41.463: Application time: 0.0000650 seconds
41.463: [Full GC41.463: [Tenured: 128382K->128382K(128384K), 0.0914940 secs] 185837K->185833K(186112K), [Perm : 12755K->12755K(21248K)], 0.0915230 secs] [Times: user=0.09 sys=0.00, real=0.09 secs] 
41.555: Total time for which application threads were stopped: 0.0918140 seconds, Stopping threads took: 0.0000060 seconds
41.565: Application time: 0.0103280 seconds
41.565: [Full GC41.565: [Tenured: 128382K->128377K(128384K), 0.0901210 secs] 186105K->185885K(186112K), [Perm : 12755K->12755K(21248K)], 0.0901560 secs] [Times: user=0.09 sys=0.00, real=0.10 secs] 
41.656: Total time for which application threads were stopped: 0.0903370 seconds, Stopping threads took: 0.0000050 seconds
41.656: Application time: 0.0004150 seconds
41.656: [Full GC41.656: [Tenured: 128383K->128383K(128384K), 0.0993730 secs] 186111K->185926K(186112K), [Perm : 12755K->12755K(21248K)], 0.0994040 secs] [Times: user=0.10 sys=0.00, real=0.10 secs] 
41.756: Total time for which application threads were stopped: 0.0996920 seconds, Stopping threads took: 0.0000130 seconds
41.756: Application time: 0.0001530 seconds
41.756: [Full GC41.756: [Tenured: 128383K->128383K(128384K), 0.0987520 secs] 186110K->185935K(186112K), [Perm : 12755K->12755K(21248K)], 0.0987830 secs] [Times: user=0.09 sys=0.00, real=0.09 secs] 
41.855: Total time for which application threads were stopped: 0.0989920 seconds, Stopping threads took: 0.0000190 seconds
41.855: Application time: 0.0001100 seconds
41.855: [Full GC41.855: [Tenured: 128383K->128383K(128384K), 0.0988830 secs] 186110K->185938K(186112K), [Perm : 12755K->12755K(21248K)], 0.0989130 secs] [Times: user=0.10 sys=0.00, real=0.10 secs] 
41.954: Total time for which application threads were stopped: 0.0990860 seconds, Stopping threads took: 0.0000060 seconds
41.954: Application time: 0.0001290 seconds
41.954: [Full GC41.954: [Tenured: 128383K->128377K(128384K), 0.0981080 secs] 186109K->185936K(186112K), [Perm : 12755K->12755K(21248K)], 0.0981380 secs] [Times: user=0.10 sys=0.00, real=0.10 secs] 
42.053: Total time for which application threads were stopped: 0.0983130 seconds, Stopping threads took: 0.0000060 seconds
42.053: Application time: 0.0001030 seconds
42.053: [Full GC42.053: [Tenured: 128383K->128383K(128384K), 0.0897510 secs] 186110K->185942K(186112K), [Perm : 12755K->12755K(21248K)], 0.0897790 secs] [Times: user=0.09 sys=0.00, real=0.09 secs] 
42.143: Total time for which application threads were stopped: 0.0899510 seconds, Stopping threads took: 0.0000090 seconds
42.143: Application time: 0.0000870 seconds
42.143: [Full GC42.143: [Tenured: 128383K->128383K(128384K), 0.0890820 secs] 186110K->185948K(186112K), [Perm : 12755K->12755K(21248K)], 0.0891100 secs] [Times: user=0.09 sys=0.00, real=0.09 secs] 
42.232: Total time for which application threads were stopped: 0.0892770 seconds, Stopping threads took: 0.0000050 seconds
42.234: Application time: 0.0024390 seconds
42.235: [Full GC42.235: [Tenured: 128383K->128383K(128384K), 0.0958470 secs] 186111K->185913K(186112K), [Perm : 12755K->12755K(21248K)], 0.0958800 secs] [Times: user=0.10 sys=0.00, real=0.10 secs] 
42.330: Total time for which application threads were stopped: 0.0960710 seconds, Stopping threads took: 0.0000200 seconds
42.332: Application time: 0.0019230 seconds
42.333: [Full GC42.333: [Tenured: 128383K->128377K(128384K), 0.1049120 secs] 186105K->185928K(186112K), [Perm : 12755K->12755K(21248K)], 0.1049480 secs] [Times: user=0.11 sys=0.00, real=0.11 secs] 
42.438: Total time for which application threads were stopped: 0.1052620 seconds, Stopping threads took: 0.0000190 seconds
42.438: Application time: 0.0002580 seconds
42.438: [Full GC42.438: [Tenured: 128383K->128383K(128384K), 0.0950880 secs] 186110K->185950K(186112K), [Perm : 12755K->12755K(21248K)], 0.0951200 secs] [Times: user=0.09 sys=0.00, real=0.09 secs] 
42.533: Total time for which application threads were stopped: 0.0954160 seconds, Stopping threads took: 0.0000180 seconds
42.533: Application time: 0.0001200 seconds
42.534: [Full GC42.534: [Tenured: 128383K->128383K(128384K), 0.0960930 secs] 186110K->185957K(186112K), [Perm : 12755K->12755K(21248K)], 0.0961250 secs] [Times: user=0.10 sys=0.00, real=0.10 secs] 
42.630: Total time for which application threads were stopped: 0.0963180 seconds, Stopping threads took: 0.0000180 seconds
42.630: Application time: 0.0001120 seconds
42.630: [Full GC42.630: [Tenured: 128383K->128383K(128384K), 0.0986250 secs] 186109K->185962K(186112K), [Perm : 12755K->12755K(21248K)], 0.0986570 secs] [Times: user=0.10 sys=0.00, real=0.10 secs] 
42.729: Total time for which application threads were stopped: 0.0988410 seconds, Stopping threads took: 0.0000190 seconds
42.729: Application time: 0.0001060 seconds
42.729: [Full GC42.729: [Tenured: 128383K->128377K(128384K), 0.0986240 secs] 186109K->185960K(186112K), [Perm : 12755K->12755K(21248K)], 0.0986550 secs] [Times: user=0.10 sys=0.00, real=0.10 secs] 
42.828: Total time for which application threads were stopped: 0.0988380 seconds, Stopping threads took: 0.0000190 seconds
42.828: Application time: 0.0001230 seconds
42.828: [Full GC42.828: [Tenured: 128382K->128382K(128384K), 0.0986800 secs] 186110K->185966K(186112K), [Perm : 12755K->12755K(21248K)], 0.0987120 secs] [Times: user=0.10 sys=0.00, real=0.09 secs] 
42.927: Total time for which application threads were stopped: 0.0988960 seconds, Stopping threads took: 0.0000190 seconds
42.927: Application time: 0.0000900 seconds
42.927: [Full GC42.927: [Tenured: 128382K->128382K(128384K), 0.0986940 secs] 186109K->185971K(186112K), [Perm : 12755K->12755K(21248K)], 0.0987230 secs] [Times: user=0.10 sys=0.00, real=0.10 secs] 
43.026: Total time for which application threads were stopped: 0.0989290 seconds, Stopping threads took: 0.0000180 seconds
43.026: Application time: 0.0000830 seconds
43.026: [Full GC43.026: [Tenured: 128382K->128382K(128384K), 0.0916430 secs] 186107K->185973K(186112K), [Perm : 12755K->12755K(21248K)], 0.0916720 secs] [Times: user=0.09 sys=0.00, real=0.10 secs] 
43.118: Total time for which application threads were stopped: 0.0918620 seconds, Stopping threads took: 0.0000170 seconds
43.122: Application time: 0.0042400 seconds
43.122: [Full GC43.122: [Tenured: 128382K->128377K(128384K), 0.0992480 secs] 186110K->185888K(186112K), [Perm : 12755K->12755K(21248K)], 0.0992850 secs] [Times: user=0.10 sys=0.00, real=0.10 secs] 
43.221: Total time for which application threads were stopped: 0.0994590 seconds, Stopping threads took: 0.0000050 seconds
43.222: Application time: 0.0010330 seconds
43.223: [Full GC43.223: [Tenured: 128383K->128383K(128384K), 0.0892750 secs] 186111K->185964K(186112K), [Perm : 12755K->12755K(21248K)], 0.0893030 secs] [Times: user=0.09 sys=0.00, real=0.09 secs] 
43.312: Total time for which application threads were stopped: 0.0895810 seconds, Stopping threads took: 0.0000070 seconds
43.312: Application time: 0.0001310 seconds
43.312: [Full GC43.312: [Tenured: 128383K->128383K(128384K), 0.0888260 secs] 186110K->185975K(186112K), [Perm : 12755K->12755K(21248K)], 0.0888530 secs] [Times: user=0.09 sys=0.00, real=0.09 secs] 
43.401: Total time for which application threads were stopped: 0.0890420 seconds, Stopping threads took: 0.0000050 seconds
43.401: Application time: 0.0001140 seconds
43.401: [Full GC43.401: [Tenured: 128383K->128383K(128384K), 0.0986820 secs] 186111K->185980K(186112K), [Perm : 12755K->12755K(21248K)], 0.0987130 secs] [Times: user=0.10 sys=0.00, real=0.10 secs] 
43.500: Total time for which application threads were stopped: 0.0988980 seconds, Stopping threads took: 0.0000190 seconds
43.500: Application time: 0.0001160 seconds
43.500: [Full GC43.500: [Tenured: 128383K->128379K(128384K), 0.0985250 secs] 186110K->185980K(186112K), [Perm : 12755K->12755K(21248K)], 0.0985570 secs] [Times: user=0.10 sys=0.00, real=0.10 secs] 
43.599: Total time for which application threads were stopped: 0.0987580 seconds, Stopping threads took: 0.0000190 seconds
43.599: Application time: 0.0001060 seconds
43.599: [Full GC43.599: [Tenured: 128383K->128383K(128384K), 0.0924660 secs] 186110K->185986K(186112K), [Perm : 12755K->12755K(21248K)], 0.0924980 secs] [Times: user=0.09 sys=0.00, real=0.09 secs] 
43.692: Total time for which application threads were stopped: 0.0926820 seconds, Stopping threads took: 0.0000190 seconds
43.692: Application time: 0.0000940 seconds
43.692: [Full GC43.692: [Tenured: 128383K->128383K(128384K), 0.0985890 secs] 186111K->185991K(186112K), [Perm : 12755K->12755K(21248K)], 0.0986290 secs] [Times: user=0.10 sys=0.00, real=0.10 secs] 
43.791: Total time for which application threads were stopped: 0.0988140 seconds, Stopping threads took: 0.0000180 seconds
43.791: Application time: 0.0000930 seconds
43.791: [Full GC43.791: [Tenured: 128383K->128383K(128384K), 0.0985560 secs] 186111K->185993K(186112K), [Perm : 12755K->12755K(21248K)], 0.0985880 secs] [Times: user=0.10 sys=0.00, real=0.10 secs] 
43.890: Total time for which application threads were stopped: 0.0987730 seconds, Stopping threads took: 0.0000190 seconds
43.890: Application time: 0.0001140 seconds
43.890: [Full GC43.890: [Tenured: 128383K->128379K(128384K), 0.0985720 secs] 186109K->185991K(186112K), [Perm : 12755K->12755K(21248K)], 0.0986020 secs] [Times: user=0.10 sys=0.00, real=0.10 secs] 
43.989: Total time for which application threads were stopped: 0.0987870 seconds, Stopping threads took: 0.0000190 seconds
43.989: Application time: 0.0000720 seconds
43.989: [Full GC43.989: [Tenured: 128382K->128382K(128384K), 0.0986040 secs] 186110K->185994K(186112K), [Perm : 12755K->12755K(21248K)], 0.0986320 secs] [Times: user=0.10 sys=0.00, real=0.09 secs] 
44.087: Total time for which application threads were stopped: 0.0988020 seconds, Stopping threads took: 0.0000050 seconds
44.087: Application time: 0.0000920 seconds
44.088: [Full GC44.088: [Tenured: 128382K->128382K(128384K), 0.0892890 secs] 186108K->185998K(186112K), [Perm : 12755K->12755K(21248K)], 0.0893180 secs] [Times: user=0.09 sys=0.00, real=0.09 secs] 
44.177: Total time for which application threads were stopped: 0.0895050 seconds, Stopping threads took: 0.0000040 seconds
44.187: Application time: 0.0097520 seconds
44.187: [Full GC44.187: [Tenured: 128384K->128384K(128384K), 0.0952090 secs] 186111K->185876K(186112K), [Perm : 12755K->12755K(21248K)], 0.0952460 secs] [Times: user=0.10 sys=0.00, real=0.10 secs] 
44.282: Total time for which application threads were stopped: 0.0954210 seconds, Stopping threads took: 0.0000050 seconds
44.283: Application time: 0.0008450 seconds
44.283: [Full GC44.283: [Tenured: 128384K->128380K(128384K), 0.0891440 secs] 186110K->185886K(186112K), [Perm : 12755K->12755K(21248K)], 0.0891730 secs] [Times: user=0.09 sys=0.00, real=0.09 secs] 
44.372: Total time for which application threads were stopped: 0.0894250 seconds, Stopping threads took: 0.0000070 seconds
44.373: Application time: 0.0007200 seconds
44.373: [Full GC44.373: [Tenured: 128380K->128380K(128384K), 0.0889690 secs] 186080K->185899K(186112K), [Perm : 12755K->12755K(21248K)], 0.0889970 secs] [Times: user=0.09 sys=0.00, real=0.09 secs] 
44.462: Total time for which application threads were stopped: 0.0891920 seconds, Stopping threads took: 0.0000060 seconds
44.463: Application time: 0.0004570 seconds
44.463: [Full GC44.463: [Tenured: 128383K->128383K(128384K), 0.0932970 secs] 186111K->185973K(186112K), [Perm : 12755K->12755K(21248K)], 0.0933280 secs] [Times: user=0.09 sys=0.00, real=0.10 secs] 
44.556: Total time for which application threads were stopped: 0.0935360 seconds, Stopping threads took: 0.0000180 seconds
44.556: Application time: 0.0001300 seconds
44.557: [Full GC44.557: [Tenured: 128383K->128383K(128384K), 0.0948230 secs] 186110K->185980K(186112K), [Perm : 12755K->12755K(21248K)], 0.0948530 secs] [Times: user=0.10 sys=0.00, real=0.09 secs] 
44.652: Total time for which application threads were stopped: 0.0950390 seconds, Stopping threads took: 0.0000190 seconds
44.652: Application time: 0.0001110 seconds
44.652: [Full GC44.652: [Tenured: 128383K->128380K(128384K), 0.0949920 secs] 186111K->185981K(186112K), [Perm : 12755K->12755K(21248K)], 0.0950220 secs] [Times: user=0.09 sys=0.00, real=0.09 secs] 
44.747: Total time for which application threads were stopped: 0.0952230 seconds, Stopping threads took: 0.0000180 seconds
44.747: Application time: 0.0001260 seconds
44.747: [Full GC44.747: [Tenured: 128382K->128382K(128384K), 0.0984030 secs] 186110K->185984K(186112K), [Perm : 12755K->12755K(21248K)], 0.0984430 secs] [Times: user=0.10 sys=0.00, real=0.10 secs] 
44.846: Total time for which application threads were stopped: 0.0986300 seconds, Stopping threads took: 0.0000180 seconds
44.846: Application time: 0.0001030 seconds
44.846: [Full GC44.846: [Tenured: 128382K->128382K(128384K), 0.0985370 secs] 186109K->185989K(186112K), [Perm : 12755K->12755K(21248K)], 0.0985670 secs] [Times: user=0.10 sys=0.00, real=0.10 secs] 
44.944: Total time for which application threads were stopped: 0.0987550 seconds, Stopping threads took: 0.0000190 seconds
44.945: Application time: 0.0001210 seconds
44.945: [Full GC44.945: [Tenured: 128382K->128382K(128384K), 0.0984300 secs] 186110K->185992K(186112K), [Perm : 12755K->12755K(21248K)], 0.0984620 secs] [Times: user=0.10 sys=0.00, real=0.10 secs] 
45.043: Total time for which application threads were stopped: 0.0986510 seconds, Stopping threads took: 0.0000190 seconds
45.043: Application time: 0.0000980 seconds
45.044: [Full GC45.044: [Tenured: 128382K->128380K(128384K), 0.0952060 secs] 186109K->185992K(186112K), [Perm : 12755K->12755K(21248K)], 0.0952390 secs] [Times: user=0.09 sys=0.00, real=0.10 secs] 
45.139: Total time for which application threads were stopped: 0.0954370 seconds, Stopping threads took: 0.0000180 seconds
45.139: Application time: 0.0000770 seconds
45.139: [Full GC45.139: [Tenured: 128383K->128383K(128384K), 0.0886860 secs] 186109K->185995K(186112K), [Perm : 12755K->12755K(21248K)], 0.0887130 secs] [Times: user=0.09 sys=0.00, real=0.09 secs] 
45.228: Total time for which application threads were stopped: 0.0888830 seconds, Stopping threads took: 0.0000050 seconds
45.228: Application time: 0.0000710 seconds
45.228: [Full GC45.228: [Tenured: 128383K->128383K(128384K), 0.0886850 secs] 186110K->185999K(186112K), [Perm : 12755K->12755K(21248K)], 0.0887130 secs] [Times: user=0.09 sys=0.00, real=0.09 secs] 
45.317: Total time for which application threads were stopped: 0.0888940 seconds, Stopping threads took: 0.0000050 seconds
45.321: Application time: 0.0045040 seconds
45.321: [Full GC45.321: [Tenured: 128383K->128383K(128384K), 0.0999420 secs] 186111K->185954K(186112K), [Perm : 12755K->12755K(21248K)], 0.0999770 secs] [Times: user=0.10 sys=0.00, real=0.10 secs] 
45.421: Total time for which application threads were stopped: 0.1001540 seconds, Stopping threads took: 0.0000050 seconds
45.422: Application time: 0.0006040 seconds
45.422: [Full GC45.422: [Tenured: 128383K->128378K(128384K), 0.0893780 secs] 186111K->185959K(186112K), [Perm : 12755K->12755K(21248K)], 0.0894060 secs] [Times: user=0.09 sys=0.00, real=0.09 secs] 
45.512: Total time for which application threads were stopped: 0.0896890 seconds, Stopping threads took: 0.0000060 seconds
45.512: Application time: 0.0005070 seconds
45.512: [Full GC45.512: [Tenured: 128382K->128382K(128384K), 0.0890910 secs] 186109K->185968K(186112K), [Perm : 12755K->12755K(21248K)], 0.0891220 secs] [Times: user=0.09 sys=0.00, real=0.09 secs] 
45.602: Total time for which application threads were stopped: 0.0893530 seconds, Stopping threads took: 0.0000060 seconds
45.602: Application time: 0.0004970 seconds
45.602: [Full GC45.602: [Tenured: 128382K->128382K(128384K), 0.0906200 secs] 186107K->185980K(186112K), [Perm : 12755K->12755K(21248K)], 0.0906520 secs] [Times: user=0.09 sys=0.00, real=0.09 secs] 
45.693: Total time for which application threads were stopped: 0.0908460 seconds, Stopping threads took: 0.0000060 seconds
45.693: Application time: 0.0005100 seconds
45.694: [Full GC45.694: [Tenured: 128383K->128383K(128384K), 0.0987220 secs] 186111K->186026K(186112K), [Perm : 12755K->12755K(21248K)], 0.0987530 secs] [Times: user=0.10 sys=0.00, real=0.10 secs] 
45.792: Total time for which application threads were stopped: 0.0989590 seconds, Stopping threads took: 0.0000180 seconds
45.797: Application time: 0.0046590 seconds
45.797: [Full GC45.797: [Tenured: 128383K->128379K(128384K), 0.0985680 secs] 186111K->186051K(186112K), [Perm : 12755K->12755K(21248K)], 0.0986040 secs] [Times: user=0.10 sys=0.00, real=0.10 secs] 
45.896: Total time for which application threads were stopped: 0.0988280 seconds, Stopping threads took: 0.0000190 seconds
45.896: Application time: 0.0001030 seconds
45.896: [Full GC45.896: [Tenured: 128383K->128383K(128384K), 0.0983680 secs] 186111K->186058K(186112K), [Perm : 12755K->12755K(21248K)], 0.0984000 secs] [Times: user=0.09 sys=0.00, real=0.09 secs] 
45.995: Total time for which application threads were stopped: 0.0985850 seconds, Stopping threads took: 0.0000190 seconds
45.995: Application time: 0.0000800 seconds
45.995: [Full GC45.995: [Tenured: 128383K->128383K(128384K), 0.0939400 secs] 186110K->186062K(186112K), [Perm : 12755K->12755K(21248K)], 0.0939680 secs] [Times: user=0.10 sys=0.00, real=0.10 secs] 
46.089: Total time for which application threads were stopped: 0.0941570 seconds, Stopping threads took: 0.0000170 seconds
46.089: Application time: 0.0000740 seconds
46.089: [Full GC46.089: [Tenured: 128383K->128383K(128384K), 0.0908110 secs] 186110K->186064K(186112K), [Perm : 12755K->12755K(21248K)], 0.0908400 secs] [Times: user=0.09 sys=0.00, real=0.09 secs] 
46.180: Total time for which application threads were stopped: 0.0910250 seconds, Stopping threads took: 0.0000190 seconds
46.180: Application time: 0.0001040 seconds
46.180: [Full GC46.180: [Tenured: 128383K->128379K(128384K), 0.0984170 secs] 186110K->186061K(186112K), [Perm : 12755K->12755K(21248K)], 0.0984480 secs] [Times: user=0.10 sys=0.00, real=0.10 secs] 
46.279: Total time for which application threads were stopped: 0.0986330 seconds, Stopping threads took: 0.0000190 seconds
46.279: Application time: 0.0000850 seconds
46.279: [Full GC46.279: [Tenured: 128382K->128382K(128384K), 0.0983910 secs] 186110K->186064K(186112K), [Perm : 12755K->12755K(21248K)], 0.0984200 secs] [Times: user=0.10 sys=0.00, real=0.10 secs] 
46.377: Total time for which application threads were stopped: 0.0986030 seconds, Stopping threads took: 0.0000190 seconds
46.377: Application time: 0.0000810 seconds
46.378: [Full GC46.378: [Tenured: 128382K->128382K(128384K), 0.0984600 secs] 186109K->186067K(186112K), [Perm : 12755K->12755K(21248K)], 0.0984900 secs] [Times: user=0.10 sys=0.00, real=0.10 secs] 
46.476: Total time for which application threads were stopped: 0.0986890 seconds, Stopping threads took: 0.0000190 seconds
46.476: Application time: 0.0000570 seconds
46.476: [Full GC46.476: [Tenured: 128382K->128382K(128384K), 0.0916820 secs] 186110K->186068K(186112K), [Perm : 12755K->12755K(21248K)], 0.0917100 secs] [Times: user=0.09 sys=0.00, real=0.09 secs] 
46.568: Total time for which application threads were stopped: 0.0918780 seconds, Stopping threads took: 0.0000050 seconds
46.568: Application time: 0.0000560 seconds
46.568: [Full GC46.568: [Tenured: 128382K->128379K(128384K), 0.0886840 secs] 186110K->186067K(186112K), [Perm : 12755K->12755K(21248K)], 0.0887130 secs] [Times: user=0.09 sys=0.00, real=0.09 secs] 
46.657: Total time for which application threads were stopped: 0.0888810 seconds, Stopping threads took: 0.0000040 seconds
46.657: Application time: 0.0000600 seconds
46.657: [Full GC46.657: [Tenured: 128383K->128383K(128384K), 0.0885820 secs] 186110K->186070K(186112K), [Perm : 12755K->12755K(21248K)], 0.0886110 secs] [Times: user=0.09 sys=0.00, real=0.08 secs] 
46.746: Total time for which application threads were stopped: 0.0887780 seconds, Stopping threads took: 0.0000050 seconds
46.746: Application time: 0.0000580 seconds
46.746: [Full GC46.746: [Tenured: 128383K->128383K(128384K), 0.0886860 secs] 186109K->186073K(186112K), [Perm : 12755K->12755K(21248K)], 0.0887200 secs] [Times: user=0.08 sys=0.00, real=0.09 secs] 
46.835: Total time for which application threads were stopped: 0.0888910 seconds, Stopping threads took: 0.0000040 seconds
46.835: Application time: 0.0000560 seconds
46.835: [Full GC46.836: [Tenured: 128383K->128383K(128384K), 0.0890210 secs] 186109K->186074K(186112K), [Perm : 12755K->12755K(21248K)], 0.0904240 secs] [Times: user=0.09 sys=0.00, real=0.09 secs] 
46.925: Total time for which application threads were stopped: 0.0906000 seconds, Stopping threads took: 0.0000060 seconds
46.925: Application time: 0.0000670 seconds
46.926: [Full GC46.926: [Tenured: 128383K->128379K(128384K), 0.0958610 secs] 186109K->186071K(186112K), [Perm : 12755K->12755K(21248K)], 0.0958920 secs] [Times: user=0.10 sys=0.00, real=0.10 secs] 
47.022: Total time for which application threads were stopped: 0.0960820 seconds, Stopping threads took: 0.0000060 seconds
47.022: Application time: 0.0000660 seconds
47.022: [Full GC47.022: [Tenured: 128383K->128383K(128384K), 0.0916870 secs] 186110K->186074K(186112K), [Perm : 12755K->12755K(21248K)], 0.0917170 secs] [Times: user=0.09 sys=0.00, real=0.09 secs] 
47.114: Total time for which application threads were stopped: 0.0918880 seconds, Stopping threads took: 0.0000060 seconds
47.114: Application time: 0.0000630 seconds
47.114: [Full GC47.114: [Tenured: 128383K->128383K(128384K), 0.0987910 secs] 186110K->186077K(186112K), [Perm : 12755K->12755K(21248K)], 0.0988210 secs] [Times: user=0.10 sys=0.00, real=0.10 secs] 
47.213: Total time for which application threads were stopped: 0.0989940 seconds, Stopping threads took: 0.0000060 seconds
47.213: Application time: 0.0000630 seconds
47.213: [Full GC47.213: [Tenured: 128383K->128383K(128384K), 0.0987640 secs] 186111K->186077K(186112K), [Perm : 12755K->12755K(21248K)], 0.0987940 secs] [Times: user=0.10 sys=0.00, real=0.10 secs] 
47.312: Total time for which application threads were stopped: 0.0989650 seconds, Stopping threads took: 0.0000060 seconds
47.312: Application time: 0.0000620 seconds
47.312: [Full GC47.312: [Tenured: 128383K->128379K(128384K), 0.0987650 secs] 186110K->186074K(186112K), [Perm : 12755K->12755K(21248K)], 0.0987980 secs] [Times: user=0.10 sys=0.00, real=0.10 secs] 
47.411: Total time for which application threads were stopped: 0.0989710 seconds, Stopping threads took: 0.0000060 seconds
47.411: Application time: 0.0000660 seconds
47.411: [Full GC47.411: [Tenured: 128382K->128382K(128384K), 0.0987870 secs] 186108K->186075K(186112K), [Perm : 12755K->12755K(21248K)], 0.0988170 secs] [Times: user=0.10 sys=0.00, real=0.10 secs] 
47.510: Total time for which application threads were stopped: 0.0989900 seconds, Stopping threads took: 0.0000060 seconds
47.510: Application time: 0.0000560 seconds
47.510: [Full GC47.510: [Tenured: 128382K->128382K(128384K), 0.0989040 secs] 186109K->186078K(186112K), [Perm : 12755K->12755K(21248K)], 0.0989320 secs] [Times: user=0.09 sys=0.00, real=0.10 secs] 
47.609: Total time for which application threads were stopped: 0.0991140 seconds, Stopping threads took: 0.0000050 seconds
47.609: Application time: 0.0000500 seconds
47.609: [Full GC47.609: [Tenured: 128382K->128382K(128384K), 0.0913680 secs] 186108K->186078K(186112K), [Perm : 12755K->12755K(21248K)], 0.0913950 secs] [Times: user=0.09 sys=0.00, real=0.09 secs] 
47.700: Total time for which application threads were stopped: 0.0915630 seconds, Stopping threads took: 0.0000050 seconds
47.701: Application time: 0.0000520 seconds
47.701: [Full GC47.701: [Tenured: 128382K->128379K(128384K), 0.0888770 secs] 186109K->186076K(186112K), [Perm : 12755K->12755K(21248K)], 0.0889050 secs] [Times: user=0.08 sys=0.00, real=0.09 secs] 
47.790: Total time for which application threads were stopped: 0.0890730 seconds, Stopping threads took: 0.0000050 seconds
47.790: Application time: 0.0000550 seconds
47.790: [Full GC47.790: [Tenured: 128382K->128382K(128384K), 0.0888380 secs] 186108K->186077K(186112K), [Perm : 12755K->12755K(21248K)], 0.0888680 secs] [Times: user=0.09 sys=0.00, real=0.09 secs] 
47.879: Total time for which application threads were stopped: 0.0890350 seconds, Stopping threads took: 0.0000040 seconds
47.879: Application time: 0.0000550 seconds
47.879: [Full GC47.879: [Tenured: 128382K->128382K(128384K), 0.0888850 secs] 186109K->186080K(186112K), [Perm : 12755K->12755K(21248K)], 0.0889140 secs] [Times: user=0.09 sys=0.00, real=0.09 secs] 
47.968: Total time for which application threads were stopped: 0.0890820 seconds, Stopping threads took: 0.0000050 seconds
47.968: Application time: 0.0000480 seconds
47.968: [Full GC47.968: [Tenured: 128382K->128382K(128384K), 0.0889590 secs] 186107K->186081K(186112K), [Perm : 12755K->12755K(21248K)], 0.0889950 secs] [Times: user=0.09 sys=0.00, real=0.09 secs] 
48.057: Total time for which application threads were stopped: 0.0891650 seconds, Stopping threads took: 0.0000050 seconds
48.057: Application time: 0.0000510 seconds
48.057: [Full GC48.057: [Tenured: 128382K->128379K(128384K), 0.0893520 secs] 186108K->186079K(186112K), [Perm : 12755K->12755K(21248K)], 0.0893820 secs] [Times: user=0.09 sys=0.00, real=0.08 secs] 
48.147: Total time for which application threads were stopped: 0.0895620 seconds, Stopping threads took: 0.0000050 seconds
48.147: Application time: 0.0000530 seconds
48.147: [Full GC48.147: [Tenured: 128382K->128382K(128384K), 0.0889960 secs] 186109K->186079K(186112K), [Perm : 12755K->12755K(21248K)], 0.0890220 secs] [Times: user=0.09 sys=0.00, real=0.10 secs] 
48.236: Total time for which application threads were stopped: 0.0891910 seconds, Stopping threads took: 0.0000050 seconds
48.236: Application time: 0.0000500 seconds
48.236: [Full GC48.236: [Tenured: 128382K->128382K(128384K), 0.0888710 secs] 186107K->186083K(186112K), [Perm : 12755K->12755K(21248K)], 0.0889000 secs] [Times: user=0.09 sys=0.00, real=0.08 secs] 
48.325: Total time for which application threads were stopped: 0.0890670 seconds, Stopping threads took: 0.0000050 seconds
48.325: Application time: 0.0000500 seconds
48.325: [Full GC48.325: [Tenured: 128382K->128382K(128384K), 0.0890840 secs] 186108K->186083K(186112K), [Perm : 12755K->12755K(21248K)], 0.0891130 secs] [Times: user=0.09 sys=0.00, real=0.09 secs] 
48.414: Total time for which application threads were stopped: 0.0892820 seconds, Stopping threads took: 0.0000050 seconds
48.414: Application time: 0.0000570 seconds
48.415: [Full GC48.415: [Tenured: 128382K->128379K(128384K), 0.0890390 secs] 186109K->186081K(186112K), [Perm : 12755K->12755K(21248K)], 0.0890660 secs] [Times: user=0.09 sys=0.00, real=0.09 secs] 
48.504: Total time for which application threads were stopped: 0.0892430 seconds, Stopping threads took: 0.0000050 seconds
48.504: Application time: 0.0000510 seconds
48.504: [Full GC48.504: [Tenured: 128382K->128382K(128384K), 0.0889880 secs] 186110K->186081K(186112K), [Perm : 12755K->12755K(21248K)], 0.0890170 secs] [Times: user=0.09 sys=0.00, real=0.09 secs] 
48.593: Total time for which application threads were stopped: 0.0891860 seconds, Stopping threads took: 0.0000060 seconds
48.593: Application time: 0.0000500 seconds
48.593: [Full GC48.593: [Tenured: 128382K->128382K(128384K), 0.0889560 secs] 186108K->186084K(186112K), [Perm : 12755K->12755K(21248K)], 0.0889850 secs] [Times: user=0.09 sys=0.00, real=0.09 secs] 
48.682: Total time for which application threads were stopped: 0.0891720 seconds, Stopping threads took: 0.0000050 seconds
48.682: Application time: 0.0000510 seconds
48.682: [Full GC48.682: [Tenured: 128382K->128382K(128384K), 0.0888360 secs] 186108K->186085K(186112K), [Perm : 12755K->12755K(21248K)], 0.0888630 secs] [Times: user=0.08 sys=0.00, real=0.09 secs] 
48.771: Total time for which application threads were stopped: 0.0890320 seconds, Stopping threads took: 0.0000050 seconds
48.776: Application time: 0.0047690 seconds
48.776: [Full GC48.776: [Tenured: 128382K->128378K(128384K), 0.0992890 secs] 186106K->185999K(186112K), [Perm : 12755K->12755K(21248K)], 0.0993340 secs] [Times: user=0.10 sys=0.00, real=0.10 secs] 
48.875: Total time for which application threads were stopped: 0.0995080 seconds, Stopping threads took: 0.0000050 seconds
48.876: Application time: 0.0004640 seconds
48.876: [Full GC48.876: [Tenured: 128383K->128383K(128384K), 0.0893240 secs] 186111K->186006K(186112K), [Perm : 12755K->12755K(21248K)], 0.0893530 secs] [Times: user=0.09 sys=0.00, real=0.08 secs] 
48.966: Total time for which application threads were stopped: 0.0896350 seconds, Stopping threads took: 0.0000060 seconds
48.966: Application time: 0.0004040 seconds
48.966: [Full GC48.966: [Tenured: 128383K->128383K(128384K), 0.0891370 secs] 186090K->186019K(186112K), [Perm : 12755K->12755K(21248K)], 0.0891740 secs] [Times: user=0.09 sys=0.00, real=0.09 secs] 
49.055: Total time for which application threads were stopped: 0.0893650 seconds, Stopping threads took: 0.0000050 seconds
49.056: Application time: 0.0003340 seconds
49.056: [Full GC49.056: [Tenured: 128383K->128383K(128384K), 0.0944860 secs] 186111K->186081K(186112K), [Perm : 12755K->12755K(21248K)], 0.0945190 secs] [Times: user=0.09 sys=0.00, real=0.09 secs] 
49.150: Total time for which application threads were stopped: 0.0947130 seconds, Stopping threads took: 0.0000060 seconds
49.151: Application time: 0.0000870 seconds
49.151: [Full GC49.151: [Tenured: 128383K->128378K(128384K), 0.0987880 secs] 186111K->186080K(186112K), [Perm : 12755K->12755K(21248K)], 0.0988190 secs] [Times: user=0.10 sys=0.00, real=0.10 secs] 
49.250: Total time for which application threads were stopped: 0.0990080 seconds, Stopping threads took: 0.0000060 seconds
49.250: Application time: 0.0000800 seconds
49.250: [Full GC49.250: [Tenured: 128383K->128383K(128384K), 0.0987860 secs] 186111K->186086K(186112K), [Perm : 12755K->12755K(21248K)], 0.0988180 secs] [Times: user=0.10 sys=0.00, real=0.10 secs] 
49.349: Total time for which application threads were stopped: 0.0989900 seconds, Stopping threads took: 0.0000060 seconds
49.349: Application time: 0.0000690 seconds
49.349: [Full GC49.349: [Tenured: 128383K->128383K(128384K), 0.0987320 secs] 186111K->186088K(186112K), [Perm : 12755K->12755K(21248K)], 0.0987620 secs] [Times: user=0.10 sys=0.00, real=0.10 secs] 
49.448: Total time for which application threads were stopped: 0.0989350 seconds, Stopping threads took: 0.0000060 seconds
49.448: Application time: 0.0000680 seconds
49.448: [Full GC49.448: [Tenured: 128383K->128383K(128384K), 0.0987510 secs] 186110K->186090K(186112K), [Perm : 12755K->12755K(21248K)], 0.0987820 secs] [Times: user=0.10 sys=0.00, real=0.09 secs] 
49.547: Total time for which application threads were stopped: 0.0989540 seconds, Stopping threads took: 0.0000060 seconds
49.547: Application time: 0.0000670 seconds
49.547: [Full GC49.547: [Tenured: 128383K->128378K(128384K), 0.0954150 secs] 186111K->186086K(186112K), [Perm : 12755K->12755K(21248K)], 0.0954450 secs] [Times: user=0.10 sys=0.00, real=0.10 secs] 
49.642: Total time for which application threads were stopped: 0.0956200 seconds, Stopping threads took: 0.0000060 seconds
49.642: Application time: 0.0000690 seconds
49.643: [Full GC49.643: [Tenured: 128383K->128383K(128384K), 0.0987070 secs] 186110K->186090K(186112K), [Perm : 12755K->12755K(21248K)], 0.0987370 secs] [Times: user=0.09 sys=0.00, real=0.10 secs] 
49.741: Total time for which application threads were stopped: 0.0989090 seconds, Stopping threads took: 0.0000060 seconds
49.741: Application time: 0.0000510 seconds
49.741: [Full GC49.742: [Tenured: 128383K->128383K(128384K), 0.0986260 secs] 186110K->186092K(186112K), [Perm : 12755K->12755K(21248K)], 0.0986550 secs] [Times: user=0.09 sys=0.00, real=0.10 secs] 
49.840: Total time for which application threads were stopped: 0.0988390 seconds, Stopping threads took: 0.0000050 seconds
49.840: Application time: 0.0000540 seconds
49.840: [Full GC49.840: [Tenured: 128383K->128383K(128384K), 0.0892550 secs] 186111K->186093K(186112K), [Perm : 12755K->12755K(21248K)], 0.0892840 secs] [Times: user=0.09 sys=0.00, real=0.09 secs] 
49.930: Total time for which application threads were stopped: 0.0894550 seconds, Stopping threads took: 0.0000050 seconds
49.930: Application time: 0.0000490 seconds
49.930: [Full GC49.930: [Tenured: 128383K->128378K(128384K), 0.0889470 secs] 186110K->186089K(186112K), [Perm : 12755K->12755K(21248K)], 0.0889770 secs] [Times: user=0.09 sys=0.00, real=0.09 secs] 
50.019: Total time for which application threads were stopped: 0.0891450 seconds, Stopping threads took: 0.0000050 seconds
50.019: Application time: 0.0000540 seconds
50.019: [Full GC50.019: [Tenured: 128382K->128382K(128384K), 0.0893840 secs] 186109K->186093K(186112K), [Perm : 12755K->12755K(21248K)], 0.0894180 secs] [Times: user=0.09 sys=0.00, real=0.09 secs] 
50.109: Total time for which application threads were stopped: 0.0895850 seconds, Stopping threads took: 0.0000050 seconds
50.109: Application time: 0.0000470 seconds
50.109: [Full GC50.109: [Tenured: 128382K->128382K(128384K), 0.0889680 secs] 186109K->186095K(186112K), [Perm : 12755K->12755K(21248K)], 0.0889960 secs] [Times: user=0.09 sys=0.00, real=0.09 secs] 
50.198: Total time for which application threads were stopped: 0.0891690 seconds, Stopping threads took: 0.0000060 seconds
50.198: Application time: 0.0000510 seconds
50.198: [Full GC50.198: [Tenured: 128382K->128382K(128384K), 0.0888760 secs] 186109K->186095K(186112K), [Perm : 12755K->12755K(21248K)], 0.0889050 secs] [Times: user=0.09 sys=0.00, real=0.08 secs] 
50.287: Total time for which application threads were stopped: 0.0890730 seconds, Stopping threads took: 0.0000050 seconds
50.287: Application time: 0.0000510 seconds
50.287: [Full GC50.287: [Tenured: 128382K->128378K(128384K), 0.0889570 secs] 186110K->186092K(186112K), [Perm : 12755K->12755K(21248K)], 0.0889830 secs] [Times: user=0.09 sys=0.00, real=0.10 secs] 
50.376: Total time for which application threads were stopped: 0.0891670 seconds, Stopping threads took: 0.0000050 seconds
50.376: Application time: 0.0000510 seconds
50.376: [Full GC50.376: [Tenured: 128383K->128383K(128384K), 0.0888440 secs] 186110K->186095K(186112K), [Perm : 12755K->12755K(21248K)], 0.0888720 secs] [Times: user=0.09 sys=0.00, real=0.08 secs] 
50.465: Total time for which application threads were stopped: 0.0890400 seconds, Stopping threads took: 0.0000050 seconds
50.465: Application time: 0.0000510 seconds
50.465: [Full GC50.465: [Tenured: 128383K->128383K(128384K), 0.0889590 secs] 186111K->186097K(186112K), [Perm : 12755K->12755K(21248K)], 0.0889880 secs] [Times: user=0.09 sys=0.00, real=0.09 secs] 
50.554: Total time for which application threads were stopped: 0.0891570 seconds, Stopping threads took: 0.0000050 seconds
50.554: Application time: 0.0000500 seconds
50.555: [Full GC50.555: [Tenured: 128383K->128383K(128384K), 0.0889110 secs] 186110K->186098K(186112K), [Perm : 12755K->12755K(21248K)], 0.0889370 secs] [Times: user=0.09 sys=0.00, real=0.09 secs] 
50.644: Total time for which application threads were stopped: 0.0891080 seconds, Stopping threads took: 0.0000050 seconds
50.644: Application time: 0.0000460 seconds
50.644: [Full GC50.644: [Tenured: 128383K->128378K(128384K), 0.0888980 secs] 186111K->186094K(186112K), [Perm : 12755K->12755K(21248K)], 0.0889250 secs] [Times: user=0.09 sys=0.00, real=0.09 secs] 
50.733: Total time for which application threads were stopped: 0.0890950 seconds, Stopping threads took: 0.0000050 seconds
50.733: Application time: 0.0000490 seconds
50.733: [Full GC50.733: [Tenured: 128383K->128383K(128384K), 0.0888300 secs] 186110K->186097K(186112K), [Perm : 12755K->12755K(21248K)], 0.0888590 secs] [Times: user=0.08 sys=0.00, real=0.09 secs] 
50.822: Total time for which application threads were stopped: 0.0890280 seconds, Stopping threads took: 0.0000050 seconds
50.822: Application time: 0.0000480 seconds
50.822: [Full GC50.822: [Tenured: 128383K->128383K(128384K), 0.0888720 secs] 186111K->186099K(186112K), [Perm : 12755K->12755K(21248K)], 0.0889010 secs] [Times: user=0.09 sys=0.00, real=0.09 secs] 
50.911: Total time for which application threads were stopped: 0.0890830 seconds, Stopping threads took: 0.0000050 seconds
50.911: Application time: 0.0000490 seconds
50.911: [Full GC50.911: [Tenured: 128383K->128383K(128384K), 0.0889110 secs] 186110K->186100K(186112K), [Perm : 12755K->12755K(21248K)], 0.0889370 secs] [Times: user=0.09 sys=0.00, real=0.09 secs] 
51.000: Total time for which application threads were stopped: 0.0891040 seconds, Stopping threads took: 0.0000050 seconds
51.000: Application time: 0.0000460 seconds
51.000: [Full GC51.000: [Tenured: 128383K->128378K(128384K), 0.0889180 secs] 186110K->186095K(186112K), [Perm : 12755K->12755K(21248K)], 0.0889470 secs] [Times: user=0.09 sys=0.00, real=0.09 secs] 
51.089: Total time for which application threads were stopped: 0.0891230 seconds, Stopping threads took: 0.0000050 seconds
51.089: Application time: 0.0000480 seconds
51.089: [Full GC51.089: [Tenured: 128382K->128382K(128384K), 0.0891080 secs] 186109K->186097K(186112K), [Perm : 12755K->12755K(21248K)], 0.0891370 secs] [Times: user=0.09 sys=0.00, real=0.09 secs] 
51.179: Total time for which application threads were stopped: 0.0893060 seconds, Stopping threads took: 0.0000050 seconds
51.179: Application time: 0.0000500 seconds
51.179: [Full GC51.179: [Tenured: 128382K->128382K(128384K), 0.0888190 secs] 186110K->186099K(186112K), [Perm : 12755K->12755K(21248K)], 0.0888470 secs] [Times: user=0.09 sys=0.00, real=0.09 secs] 
51.268: Total time for which application threads were stopped: 0.0890150 seconds, Stopping threads took: 0.0000050 seconds
51.268: Application time: 0.0000440 seconds
51.268: [Full GC51.268: [Tenured: 128382K->128382K(128384K), 0.0888550 secs] 186109K->186100K(186112K), [Perm : 12755K->12755K(21248K)], 0.0888830 secs] [Times: user=0.09 sys=0.00, real=0.09 secs] 
51.357: Total time for which application threads were stopped: 0.0890520 seconds, Stopping threads took: 0.0000050 seconds
51.357: Application time: 0.0000480 seconds
51.357: [Full GC51.357: [Tenured: 128382K->128378K(128384K), 0.0888900 secs] 186109K->186096K(186112K), [Perm : 12755K->12755K(21248K)], 0.0889190 secs] [Times: user=0.09 sys=0.00, real=0.08 secs] 
51.446: Total time for which application threads were stopped: 0.0890990 seconds, Stopping threads took: 0.0000050 seconds
51.446: Application time: 0.0000520 seconds
51.446: [Full GC51.446: [Tenured: 128382K->128382K(128384K), 0.0888320 secs] 186110K->186099K(186112K), [Perm : 12755K->12755K(21248K)], 0.0888630 secs] [Times: user=0.08 sys=0.00, real=0.09 secs] 
51.535: Total time for which application threads were stopped: 0.0890330 seconds, Stopping threads took: 0.0000050 seconds
51.535: Application time: 0.0000500 seconds
51.535: [Full GC51.535: [Tenured: 128382K->128382K(128384K), 0.0888780 secs] 186110K->186101K(186112K), [Perm : 12755K->12755K(21248K)], 0.0889060 secs] [Times: user=0.08 sys=0.00, real=0.09 secs] 
51.624: Total time for which application threads were stopped: 0.0890730 seconds, Stopping threads took: 0.0000050 seconds
51.624: Application time: 0.0000450 seconds
51.624: [Full GC51.624: [Tenured: 128382K->128382K(128384K), 0.0888090 secs] 186108K->186101K(186112K), [Perm : 12755K->12755K(21248K)], 0.0888380 secs] [Times: user=0.09 sys=0.00, real=0.09 secs] 
51.713: Total time for which application threads were stopped: 0.0890070 seconds, Stopping threads took: 0.0000060 seconds
51.713: Application time: 0.0000470 seconds
51.713: [Full GC51.713: [Tenured: 128382K->128378K(128384K), 0.0887990 secs] 186109K->186098K(186112K), [Perm : 12755K->12755K(21248K)], 0.0888290 secs] [Times: user=0.09 sys=0.00, real=0.09 secs] 
51.802: Total time for which application threads were stopped: 0.0889990 seconds, Stopping threads took: 0.0000050 seconds
51.802: Application time: 0.0000500 seconds
51.802: [Full GC51.802: [Tenured: 128382K->128382K(128384K), 0.0888450 secs] 186109K->186100K(186112K), [Perm : 12755K->12755K(21248K)], 0.0888730 secs] [Times: user=0.09 sys=0.00, real=0.09 secs] 
51.891: Total time for which application threads were stopped: 0.0890510 seconds, Stopping threads took: 0.0000040 seconds
51.891: Application time: 0.0000370 seconds
51.892: [Full GC51.892: [Tenured: 128382K->128382K(128384K), 0.0889230 secs] 186110K->186102K(186112K), [Perm : 12755K->12755K(21248K)], 0.0889520 secs] [Times: user=0.09 sys=0.00, real=0.09 secs] 
51.980: Total time for which application threads were stopped: 0.0891460 seconds, Stopping threads took: 0.0000050 seconds
51.981: Application time: 0.0000450 seconds
51.981: [Full GC51.981: [Tenured: 128382K->128382K(128384K), 0.0888930 secs] 186110K->186102K(186112K), [Perm : 12755K->12755K(21248K)], 0.0889220 secs] [Times: user=0.09 sys=0.00, real=0.09 secs] 
52.070: Total time for which application threads were stopped: 0.0890980 seconds, Stopping threads took: 0.0000040 seconds
52.070: Application time: 0.0000470 seconds
52.070: [Full GC52.070: [Tenured: 128382K->128378K(128384K), 0.0893010 secs] 186110K->186098K(186112K), [Perm : 12755K->12755K(21248K)], 0.0893310 secs] [Times: user=0.09 sys=0.00, real=0.09 secs] 
52.159: Total time for which application threads were stopped: 0.0895000 seconds, Stopping threads took: 0.0000060 seconds
52.159: Application time: 0.0000500 seconds
52.159: [Full GC52.159: [Tenured: 128382K->128382K(128384K), 0.0889030 secs] 186109K->186101K(186112K), [Perm : 12755K->12755K(21248K)], 0.0889300 secs] [Times: user=0.09 sys=0.00, real=0.09 secs] 
52.248: Total time for which application threads were stopped: 0.0890980 seconds, Stopping threads took: 0.0000050 seconds
52.248: Application time: 0.0000450 seconds
52.249: [Full GC52.249: [Tenured: 128382K->128382K(128384K), 0.0888790 secs] 186109K->186103K(186112K), [Perm : 12755K->12755K(21248K)], 0.0889080 secs] [Times: user=0.09 sys=0.00, real=0.09 secs] 
52.337: Total time for which application threads were stopped: 0.0890760 seconds, Stopping threads took: 0.0000060 seconds
52.338: Application time: 0.0000430 seconds
52.338: [Full GC52.338: [Tenured: 128382K->128382K(128384K), 0.0889090 secs] 186109K->186103K(186112K), [Perm : 12755K->12755K(21248K)], 0.0889380 secs] [Times: user=0.09 sys=0.00, real=0.08 secs] 
52.427: Total time for which application threads were stopped: 0.0891200 seconds, Stopping threads took: 0.0000190 seconds
52.427: Application time: 0.0000440 seconds
52.427: [Full GC52.427: [Tenured: 128382K->128378K(128384K), 0.0888980 secs] 186109K->186099K(186112K), [Perm : 12755K->12755K(21248K)], 0.0889250 secs] [Times: user=0.09 sys=0.00, real=0.10 secs] 
52.516: Total time for which application threads were stopped: 0.0891070 seconds, Stopping threads took: 0.0000050 seconds
52.516: Application time: 0.0000460 seconds
52.516: [Full GC52.516: [Tenured: 128383K->128383K(128384K), 0.0888720 secs] 186110K->186102K(186112K), [Perm : 12755K->12755K(21248K)], 0.0888990 secs] [Times: user=0.08 sys=0.00, real=0.08 secs] 
52.605: Total time for which application threads were stopped: 0.0890670 seconds, Stopping threads took: 0.0000050 seconds
52.605: Application time: 0.0000470 seconds
52.605: [Full GC52.605: [Tenured: 128383K->128383K(128384K), 0.0888720 secs] 186110K->186104K(186112K), [Perm : 12755K->12755K(21248K)], 0.0889000 secs] [Times: user=0.09 sys=0.00, real=0.09 secs] 
52.694: Total time for which application threads were stopped: 0.0890710 seconds, Stopping threads took: 0.0000050 seconds
52.694: Application time: 0.0000470 seconds
52.694: [Full GC52.694: [Tenured: 128383K->128383K(128384K), 0.0889380 secs] 186110K->186104K(186112K), [Perm : 12755K->12755K(21248K)], 0.0889660 secs] [Times: user=0.09 sys=0.01, real=0.09 secs] 
52.783: Total time for which application threads were stopped: 0.0891340 seconds, Stopping threads took: 0.0000050 seconds
52.783: Application time: 0.0000460 seconds
52.783: [Full GC52.783: [Tenured: 128383K->128378K(128384K), 0.0889090 secs] 186110K->186100K(186112K), [Perm : 12755K->12755K(21248K)], 0.0889370 secs] [Times: user=0.09 sys=0.00, real=0.09 secs] 
52.872: Total time for which application threads were stopped: 0.0891050 seconds, Stopping threads took: 0.0000050 seconds
52.872: Application time: 0.0000480 seconds
52.873: [Full GC52.873: [Tenured: 128383K->128383K(128384K), 0.0888010 secs] 186111K->186102K(186112K), [Perm : 12755K->12755K(21248K)], 0.0888290 secs] [Times: user=0.09 sys=0.00, real=0.09 secs] 
52.961: Total time for which application threads were stopped: 0.0889970 seconds, Stopping threads took: 0.0000050 seconds
52.961: Application time: 0.0000420 seconds
52.962: [Full GC52.962: [Tenured: 128383K->128383K(128384K), 0.0888540 secs] 186109K->186105K(186112K), [Perm : 12755K->12755K(21248K)], 0.0888840 secs] [Times: user=0.09 sys=0.00, real=0.09 secs] 
53.051: Total time for which application threads were stopped: 0.0890750 seconds, Stopping threads took: 0.0000050 seconds
53.051: Application time: 0.0000460 seconds
53.051: [Full GC53.051: [Tenured: 128383K->128383K(128384K), 0.0897120 secs] 186109K->186105K(186112K), [Perm : 12755K->12755K(21248K)], 0.0897470 secs] [Times: user=0.09 sys=0.00, real=0.09 secs] 
53.140: Total time for which application threads were stopped: 0.0899150 seconds, Stopping threads took: 0.0000050 seconds
53.141: Application time: 0.0000450 seconds
53.141: [Full GC53.141: [Tenured: 128383K->128379K(128384K), 0.0888350 secs] 186109K->186101K(186112K), [Perm : 12755K->12755K(21248K)], 0.0888630 secs] [Times: user=0.09 sys=0.00, real=0.09 secs] 
53.230: Total time for which application threads were stopped: 0.0890320 seconds, Stopping threads took: 0.0000050 seconds
53.230: Application time: 0.0000440 seconds
53.230: [Full GC53.230: [Tenured: 128383K->128383K(128384K), 0.0889990 secs] 186109K->186103K(186112K), [Perm : 12755K->12755K(21248K)], 0.0890280 secs] [Times: user=0.09 sys=0.00, real=0.09 secs] 
53.319: Total time for which application threads were stopped: 0.0891980 seconds, Stopping threads took: 0.0000050 seconds
53.319: Application time: 0.0000480 seconds
53.319: [Full GC53.319: [Tenured: 128383K->128383K(128384K), 0.0888000 secs] 186110K->186105K(186112K), [Perm : 12755K->12755K(21248K)], 0.0888270 secs] [Times: user=0.09 sys=0.00, real=0.09 secs] 
53.408: Total time for which application threads were stopped: 0.0889950 seconds, Stopping threads took: 0.0000050 seconds
53.408: Application time: 0.0000440 seconds
53.408: [Full GC53.408: [Tenured: 128383K->128383K(128384K), 0.0889620 secs] 186110K->186105K(186112K), [Perm : 12755K->12755K(21248K)], 0.0889880 secs] [Times: user=0.09 sys=0.00, real=0.09 secs] 
53.497: Total time for which application threads were stopped: 0.0891560 seconds, Stopping threads took: 0.0000050 seconds
53.497: Application time: 0.0000450 seconds
53.497: [Full GC53.497: [Tenured: 128383K->128379K(128384K), 0.0889010 secs] 186110K->186101K(186112K), [Perm : 12755K->12755K(21248K)], 0.0889310 secs] [Times: user=0.09 sys=0.00, real=0.08 secs] 
53.586: Total time for which application threads were stopped: 0.0891150 seconds, Stopping threads took: 0.0000050 seconds
53.586: Application time: 0.0000480 seconds
53.586: [Full GC53.586: [Tenured: 128383K->128383K(128384K), 0.0888660 secs] 186110K->186104K(186112K), [Perm : 12755K->12755K(21248K)], 0.0888950 secs] [Times: user=0.09 sys=0.00, real=0.09 secs] 
53.675: Total time for which application threads were stopped: 0.0890650 seconds, Stopping threads took: 0.0000060 seconds
53.675: Application time: 0.0000480 seconds
53.676: [Full GC53.676: [Tenured: 128383K->128383K(128384K), 0.0887970 secs] 186110K->186106K(186112K), [Perm : 12755K->12755K(21248K)], 0.0888230 secs] [Times: user=0.08 sys=0.00, real=0.08 secs] 
53.764: Total time for which application threads were stopped: 0.0890020 seconds, Stopping threads took: 0.0000050 seconds
53.764: Application time: 0.0000410 seconds
53.765: [Full GC53.765: [Tenured: 128383K->128383K(128384K), 0.0919900 secs] 186110K->186106K(186112K), [Perm : 12755K->12755K(21248K)], 0.0920210 secs] [Times: user=0.10 sys=0.00, real=0.10 secs] 
53.857: Total time for which application threads were stopped: 0.0921960 seconds, Stopping threads took: 0.0000050 seconds
53.857: Application time: 0.0000450 seconds
53.857: [Full GC53.857: [Tenured: 128383K->128379K(128384K), 0.1130610 secs] 186110K->186102K(186112K), [Perm : 12755K->12755K(21248K)], 0.1130940 secs] [Times: user=0.11 sys=0.00, real=0.11 secs] 
53.970: Total time for which application threads were stopped: 0.1132740 seconds, Stopping threads took: 0.0000050 seconds
53.970: Application time: 0.0000470 seconds
53.970: [Full GC53.970: [Tenured: 128383K->128383K(128384K), 0.0949670 secs] 186111K->186104K(186112K), [Perm : 12755K->12755K(21248K)], 0.0949970 secs] [Times: user=0.10 sys=0.00, real=0.09 secs] 
54.065: Total time for which application threads were stopped: 0.0951730 seconds, Stopping threads took: 0.0000060 seconds
54.065: Application time: 0.0000440 seconds
54.065: [Full GC54.065: [Tenured: 128383K->128383K(128384K), 0.0894320 secs] 186111K->186107K(186112K), [Perm : 12755K->12755K(21248K)], 0.0894690 secs] [Times: user=0.09 sys=0.00, real=0.09 secs] 
54.155: Total time for which application threads were stopped: 0.0896520 seconds, Stopping threads took: 0.0000050 seconds
54.155: Application time: 0.0000460 seconds
54.155: [Full GC54.155: [Tenured: 128383K->128383K(128384K), 0.0889270 secs] 186109K->186107K(186112K), [Perm : 12755K->12755K(21248K)], 0.0889550 secs] [Times: user=0.08 sys=0.00, real=0.09 secs] 
54.244: Total time for which application threads were stopped: 0.0891220 seconds, Stopping threads took: 0.0000050 seconds
54.244: Application time: 0.0000420 seconds
54.244: [Full GC54.244: [Tenured: 128383K->128379K(128384K), 0.0888780 secs] 186109K->186102K(186112K), [Perm : 12755K->12755K(21248K)], 0.0889050 secs] [Times: user=0.09 sys=0.00, real=0.09 secs] 
54.333: Total time for which application threads were stopped: 0.0890730 seconds, Stopping threads took: 0.0000040 seconds
54.333: Application time: 0.0000490 seconds
54.333: [Full GC54.333: [Tenured: 128383K->128383K(128384K), 0.0888520 secs] 186109K->186105K(186112K), [Perm : 12755K->12755K(21248K)], 0.0888810 secs] [Times: user=0.09 sys=0.00, real=0.09 secs] 
54.422: Total time for which application threads were stopped: 0.0890490 seconds, Stopping threads took: 0.0000050 seconds
54.422: Application time: 0.0000460 seconds
54.422: [Full GC54.422: [Tenured: 128383K->128383K(128384K), 0.0888740 secs] 186109K->186107K(186112K), [Perm : 12755K->12755K(21248K)], 0.0889040 secs] [Times: user=0.09 sys=0.00, real=0.09 secs] 
54.511: Total time for which application threads were stopped: 0.0890740 seconds, Stopping threads took: 0.0000050 seconds
54.511: Application time: 0.0000450 seconds
54.512: [Full GC54.512: [Tenured: 128383K->128383K(128384K), 0.0888640 secs] 186109K->186107K(186112K), [Perm : 12755K->12755K(21248K)], 0.0888920 secs] [Times: user=0.09 sys=0.00, real=0.09 secs] 
54.600: Total time for which application threads were stopped: 0.0890680 seconds, Stopping threads took: 0.0000050 seconds
54.601: Application time: 0.0000410 seconds
54.601: [Full GC54.601: [Tenured: 128383K->128379K(128384K), 0.0888670 secs] 186109K->186103K(186112K), [Perm : 12755K->12755K(21248K)], 0.0888970 secs] [Times: user=0.09 sys=0.00, real=0.09 secs] 
54.690: Total time for which application threads were stopped: 0.0890800 seconds, Stopping threads took: 0.0000050 seconds
54.690: Application time: 0.0000480 seconds
54.690: [Full GC54.690: [Tenured: 128383K->128383K(128384K), 0.0889430 secs] 186110K->186105K(186112K), [Perm : 12755K->12755K(21248K)], 0.0889710 secs] [Times: user=0.09 sys=0.00, real=0.09 secs] 
54.779: Total time for which application threads were stopped: 0.0891420 seconds, Stopping threads took: 0.0000060 seconds
54.779: Application time: 0.0000490 seconds
54.779: [Full GC54.779: [Tenured: 128383K->128383K(128384K), 0.0889080 secs] 186110K->186107K(186112K), [Perm : 12755K->12755K(21248K)], 0.0889350 secs] [Times: user=0.09 sys=0.00, real=0.09 secs] 
54.868: Total time for which application threads were stopped: 0.0891030 seconds, Stopping threads took: 0.0000050 seconds
54.868: Application time: 0.0000420 seconds
54.868: [Full GC54.868: [Tenured: 128383K->128383K(128384K), 0.0888730 secs] 186110K->186107K(186112K), [Perm : 12755K->12755K(21248K)], 0.0888990 secs] [Times: user=0.09 sys=0.00, real=0.09 secs] 
54.957: Total time for which application threads were stopped: 0.0890660 seconds, Stopping threads took: 0.0000040 seconds
54.957: Application time: 0.0000420 seconds
54.957: [Full GC54.957: [Tenured: 128383K->128379K(128384K), 0.0888790 secs] 186110K->186103K(186112K), [Perm : 12755K->12755K(21248K)], 0.0889080 secs] [Times: user=0.09 sys=0.00, real=0.08 secs] 
55.046: Total time for which application threads were stopped: 0.0890770 seconds, Stopping threads took: 0.0000050 seconds
55.046: Application time: 0.0000460 seconds
55.046: [Full GC55.046: [Tenured: 128383K->128383K(128384K), 0.0898240 secs] 186110K->186105K(186112K), [Perm : 12755K->12755K(21248K)], 0.0898600 secs] [Times: user=0.09 sys=0.00, real=0.10 secs] 
55.136: Total time for which application threads were stopped: 0.0900270 seconds, Stopping threads took: 0.0000050 seconds
55.136: Application time: 0.0000420 seconds
55.136: [Full GC55.136: [Tenured: 128383K->128383K(128384K), 0.0888850 secs] 186110K->186108K(186112K), [Perm : 12755K->12755K(21248K)], 0.0889120 secs] [Times: user=0.09 sys=0.00, real=0.08 secs] 
55.225: Total time for which application threads were stopped: 0.0890940 seconds, Stopping threads took: 0.0000050 seconds
55.225: Application time: 0.0000450 seconds
55.226: [Full GC55.226: [Tenured: 128383K->128383K(128384K), 0.0889080 secs] 186110K->186108K(186112K), [Perm : 12755K->12755K(21248K)], 0.0889360 secs] [Times: user=0.08 sys=0.00, real=0.09 secs] 
55.315: Total time for which application threads were stopped: 0.0891060 seconds, Stopping threads took: 0.0000050 seconds
55.315: Application time: 0.0000450 seconds
55.315: [Full GC55.315: [Tenured: 128383K->128379K(128384K), 0.0889180 secs] 186110K->186103K(186112K), [Perm : 12755K->12755K(21248K)], 0.0889440 secs] [Times: user=0.09 sys=0.00, real=0.09 secs] 
55.404: Total time for which application threads were stopped: 0.0891130 seconds, Stopping threads took: 0.0000050 seconds
55.404: Application time: 0.0000450 seconds
55.404: [Full GC55.404: [Tenured: 128383K->128383K(128384K), 0.0888970 secs] 186110K->186106K(186112K), [Perm : 12755K->12755K(21248K)], 0.0889250 secs] [Times: user=0.09 sys=0.00, real=0.09 secs] 
55.493: Total time for which application threads were stopped: 0.0890940 seconds, Stopping threads took: 0.0000050 seconds
55.493: Application time: 0.0000450 seconds
55.493: [Full GC55.493: [Tenured: 128383K->128383K(128384K), 0.0888610 secs] 186111K->186108K(186112K), [Perm : 12755K->12755K(21248K)], 0.0888870 secs] [Times: user=0.09 sys=0.00, real=0.09 secs] 
55.582: Total time for which application threads were stopped: 0.0890550 seconds, Stopping threads took: 0.0000050 seconds
55.582: Application time: 0.0000410 seconds
55.582: [Full GC55.582: [Tenured: 128383K->128383K(128384K), 0.0888890 secs] 186111K->186108K(186112K), [Perm : 12755K->12755K(21248K)], 0.0889170 secs] [Times: user=0.09 sys=0.00, real=0.09 secs] 
55.671: Total time for which application threads were stopped: 0.0890840 seconds, Stopping threads took: 0.0000050 seconds
55.671: Application time: 0.0000430 seconds
55.671: [Full GC55.671: [Tenured: 128383K->128379K(128384K), 0.0888430 secs] 186111K->186104K(186112K), [Perm : 12755K->12755K(21248K)], 0.0888720 secs] [Times: user=0.09 sys=0.00, real=0.09 secs] 
55.760: Total time for which application threads were stopped: 0.0890550 seconds, Stopping threads took: 0.0000050 seconds
55.760: Application time: 0.0000470 seconds
55.760: [Full GC55.760: [Tenured: 128383K->128383K(128384K), 0.0887600 secs] 186111K->186106K(186112K), [Perm : 12755K->12755K(21248K)], 0.0887880 secs] [Times: user=0.09 sys=0.00, real=0.09 secs] 
55.849: Total time for which application threads were stopped: 0.0889570 seconds, Stopping threads took: 0.0000050 seconds
55.849: Application time: 0.0000470 seconds
55.849: [Full GC55.849: [Tenured: 128383K->128383K(128384K), 0.1098820 secs] 186111K->186109K(186112K), [Perm : 12755K->12755K(21248K)], 0.1099140 secs] [Times: user=0.11 sys=0.00, real=0.11 secs] 
55.959: Total time for which application threads were stopped: 0.1100890 seconds, Stopping threads took: 0.0000060 seconds
55.959: Application time: 0.0000460 seconds
55.960: [Full GC55.960: [Tenured: 128383K->128383K(128384K), 0.0966900 secs] 186111K->186109K(186112K), [Perm : 12755K->12755K(21248K)], 0.0967180 secs] [Times: user=0.10 sys=0.00, real=0.10 secs] 
56.056: Total time for which application threads were stopped: 0.0969040 seconds, Stopping threads took: 0.0000060 seconds
56.056: Application time: 0.0000440 seconds
56.056: [Full GC56.056: [Tenured: 128383K->128379K(128384K), 0.0896500 secs] 186111K->186104K(186112K), [Perm : 12755K->12755K(21248K)], 0.0896790 secs] [Times: user=0.09 sys=0.00, real=0.08 secs] 
56.146: Total time for which application threads were stopped: 0.0898540 seconds, Stopping threads took: 0.0000050 seconds
56.146: Application time: 0.0000470 seconds
56.146: [Full GC56.146: [Tenured: 128383K->128383K(128384K), 0.0889520 secs] 186111K->186107K(186112K), [Perm : 12755K->12755K(21248K)], 0.0889800 secs] [Times: user=0.09 sys=0.00, real=0.09 secs] 
56.235: Total time for which application threads were stopped: 0.0891500 seconds, Stopping threads took: 0.0000060 seconds
56.235: Application time: 0.0000450 seconds
56.236: [Full GC56.236: [Tenured: 128383K->128383K(128384K), 0.0888640 secs] 186111K->186109K(186112K), [Perm : 12755K->12755K(21248K)], 0.0888920 secs] [Times: user=0.08 sys=0.00, real=0.08 secs] 
56.324: Total time for which application threads were stopped: 0.0890830 seconds, Stopping threads took: 0.0000050 seconds
56.325: Application time: 0.0000430 seconds
56.325: [Full GC56.325: [Tenured: 128383K->128383K(128384K), 0.0889200 secs] 186111K->186109K(186112K), [Perm : 12755K->12755K(21248K)], 0.0889480 secs] [Times: user=0.09 sys=0.00, real=0.09 secs] 
56.414: [Full GC56.414: [Tenured: 128383K->128379K(128384K), 0.0888220 secs] 186109K->186104K(186112K), [Perm : 12755K->12755K(21248K)], 0.0888510 secs] [Times: user=0.09 sys=0.00, real=0.09 secs] 
56.503: Total time for which application threads were stopped: 0.1779950 seconds, Stopping threads took: 0.0000050 seconds
56.503: Application time: 0.0000470 seconds
56.503: [Full GC56.503: [Tenured: 128383K->128383K(128384K), 0.0889290 secs] 186109K->186107K(186112K), [Perm : 12755K->12755K(21248K)], 0.0889550 secs] [Times: user=0.09 sys=0.00, real=0.09 secs] 
56.592: Total time for which application threads were stopped: 0.0891240 seconds, Stopping threads took: 0.0000050 seconds
56.592: Application time: 0.0000430 seconds
56.592: [Full GC56.592: [Tenured: 128383K->128383K(128384K), 0.0888490 secs] 186109K->186109K(186112K), [Perm : 12755K->12755K(21248K)], 0.0888770 secs] [Times: user=0.09 sys=0.00, real=0.09 secs] 
56.681: [Full GC56.681: [Tenured: 128383K->128379K(128384K), 0.0888330 secs] 186109K->186104K(186112K), [Perm : 12755K->12755K(21248K)], 0.0888600 secs] [Times: user=0.09 sys=0.00, real=0.09 secs] 
56.770: Total time for which application threads were stopped: 0.1779320 seconds, Stopping threads took: 0.0000050 seconds
56.770: Application time: 0.0000330 seconds
56.770: [Full GC56.770: [Tenured: 128381K->128381K(128384K), 0.0888250 secs] 186107K->186104K(186112K), [Perm : 12755K->12755K(21248K)], 0.0888540 secs] [Times: user=0.09 sys=0.00, real=0.09 secs] 
56.859: Total time for which application threads were stopped: 0.0890330 seconds, Stopping threads took: 0.0000050 seconds
56.859: Application time: 0.0000450 seconds
56.859: [Full GC56.859: [Tenured: 128381K->128381K(128384K), 0.0888870 secs] 186107K->186107K(186112K), [Perm : 12755K->12755K(21248K)], 0.0889190 secs] [Times: user=0.08 sys=0.00, real=0.09 secs] 
56.948: [Full GC56.948: [Tenured: 128381K->128379K(128384K), 0.0889340 secs] 186107K->186105K(186112K), [Perm : 12755K->12755K(21248K)], 0.0889620 secs] [Times: user=0.09 sys=0.00, real=0.09 secs] 
57.037: Total time for which application threads were stopped: 0.1780850 seconds, Stopping threads took: 0.0000050 seconds
57.037: Application time: 0.0000420 seconds
57.037: [Full GC57.037: [Tenured: 128381K->128381K(128384K), 0.0892360 secs] 186107K->186105K(186112K), [Perm : 12755K->12755K(21248K)], 0.0892650 secs] [Times: user=0.09 sys=0.00, real=0.08 secs] 
57.126: Total time for which application threads were stopped: 0.0894340 seconds, Stopping threads took: 0.0000050 seconds
57.126: Application time: 0.0000440 seconds
57.127: [Full GC57.127: [Tenured: 128381K->128379K(128384K), 0.0889160 secs] 186107K->186105K(186112K), [Perm : 12755K->12755K(21248K)], 0.0889430 secs] [Times: user=0.09 sys=0.00, real=0.10 secs] 
57.216: Total time for which application threads were stopped: 0.0891100 seconds, Stopping threads took: 0.0000050 seconds
57.216: Application time: 0.0000430 seconds
57.216: [Full GC57.216: [Tenured: 128381K->128381K(128384K), 0.0888310 secs] 186107K->186105K(186112K), [Perm : 12755K->12755K(21248K)], 0.0888660 secs] [Times: user=0.09 sys=0.00, real=0.08 secs] 
57.305: Total time for which application threads were stopped: 0.0890350 seconds, Stopping threads took: 0.0000050 seconds
57.305: Application time: 0.0000440 seconds
57.305: [Full GC57.305: [Tenured: 128381K->128381K(128384K), 0.0889400 secs] 186107K->186107K(186112K), [Perm : 12755K->12755K(21248K)], 0.0889690 secs] [Times: user=0.09 sys=0.00, real=0.09 secs] 
57.394: [Full GC57.394: [Tenured: 128381K->128379K(128384K), 0.0888770 secs] 186107K->186105K(186112K), [Perm : 12755K->12755K(21248K)], 0.0889050 secs] [Times: user=0.09 sys=0.00, real=0.09 secs] 
57.483: Total time for which application threads were stopped: 0.1780880 seconds, Stopping threads took: 0.0000050 seconds
57.483: Application time: 0.0000450 seconds
57.483: [Full GC57.483: [Tenured: 128381K->128381K(128384K), 0.0889230 secs] 186107K->186105K(186112K), [Perm : 12755K->12755K(21248K)], 0.0889490 secs] [Times: user=0.09 sys=0.00, real=0.09 secs] 
57.572: Total time for which application threads were stopped: 0.0891180 seconds, Stopping threads took: 0.0000050 seconds
57.572: Application time: 0.0000420 seconds
57.572: [Full GC57.572: [Tenured: 128381K->128381K(128384K), 0.0887780 secs] 186107K->186107K(186112K), [Perm : 12755K->12755K(21248K)], 0.0888060 secs] [Times: user=0.09 sys=0.00, real=0.09 secs] 
57.661: [Full GC57.661: [Tenured: 128381K->128379K(128384K), 0.0887560 secs] 186107K->186105K(186112K), [Perm : 12755K->12755K(21248K)], 0.0887850 secs] [Times: user=0.09 sys=0.00, real=0.09 secs] 
57.750: Total time for which application threads were stopped: 0.1777870 seconds, Stopping threads took: 0.0000050 seconds
57.750: Application time: 0.0000440 seconds
57.750: [Full GC57.750: [Tenured: 128381K->128381K(128384K), 0.0887710 secs] 186107K->186105K(186112K), [Perm : 12755K->12755K(21248K)], 0.0888000 secs] [Times: user=0.09 sys=0.00, real=0.09 secs] 
57.839: Total time for which application threads were stopped: 0.0889710 seconds, Stopping threads took: 0.0000050 seconds
57.839: Application time: 0.0000460 seconds
57.839: [Full GC57.839: [Tenured: 128381K->128379K(128384K), 0.1116580 secs] 186107K->186105K(186112K), [Perm : 12755K->12755K(21248K)], 0.1116910 secs] [Times: user=0.11 sys=0.00, real=0.11 secs] 
57.951: Total time for which application threads were stopped: 0.1118820 seconds, Stopping threads took: 0.0000050 seconds
57.951: Application time: 0.0000480 seconds
57.951: [Full GC57.951: [Tenured: 128381K->128381K(128384K), 0.0980260 secs] 186107K->186105K(186112K), [Perm : 12755K->12755K(21248K)], 0.0980530 secs] [Times: user=0.10 sys=0.00, real=0.10 secs] 
58.049: Total time for which application threads were stopped: 0.0982270 seconds, Stopping threads took: 0.0000050 seconds
58.049: Application time: 0.0000430 seconds
58.049: [Full GC58.049: [Tenured: 128381K->128381K(128384K), 0.0897700 secs] 186107K->186107K(186112K), [Perm : 12755K->12755K(21248K)], 0.0897980 secs] [Times: user=0.09 sys=0.00, real=0.09 secs] 
58.139: [Full GC58.139: [Tenured: 128381K->128379K(128384K), 0.0888630 secs] 186107K->186105K(186112K), [Perm : 12755K->12755K(21248K)], 0.0888910 secs] [Times: user=0.08 sys=0.00, real=0.09 secs] 
58.228: Total time for which application threads were stopped: 0.1788840 seconds, Stopping threads took: 0.0000050 seconds
58.228: Application time: 0.0000430 seconds
58.228: [Full GC58.228: [Tenured: 128381K->128381K(128384K), 0.0888250 secs] 186108K->186105K(186112K), [Perm : 12755K->12755K(21248K)], 0.0888530 secs] [Times: user=0.09 sys=0.00, real=0.09 secs] 
58.317: Total time for which application threads were stopped: 0.0890210 seconds, Stopping threads took: 0.0000050 seconds
58.317: Application time: 0.0000440 seconds
58.317: [Full GC58.317: [Tenured: 128381K->128381K(128384K), 0.0888400 secs] 186108K->186108K(186112K), [Perm : 12755K->12755K(21248K)], 0.0888690 secs] [Times: user=0.09 sys=0.00, real=0.08 secs] 
58.406: [Full GC58.406: [Tenured: 128381K->128379K(128384K), 0.0887850 secs] 186108K->186105K(186112K), [Perm : 12755K->12755K(21248K)], 0.0888220 secs] [Times: user=0.09 sys=0.00, real=0.09 secs] 
58.495: Total time for which application threads were stopped: 0.1778870 seconds, Stopping threads took: 0.0000050 seconds
58.495: Application time: 0.0000460 seconds
58.495: [Full GC58.495: [Tenured: 128381K->128381K(128384K), 0.0889110 secs] 186108K->186105K(186112K), [Perm : 12755K->12755K(21248K)], 0.0889390 secs] [Times: user=0.09 sys=0.00, real=0.09 secs] 
58.584: Total time for which application threads were stopped: 0.0891220 seconds, Stopping threads took: 0.0000050 seconds
58.584: Application time: 0.0000430 seconds
58.584: [Full GC58.584: [Tenured: 128381K->128379K(128384K), 0.0888270 secs] 186108K->186105K(186112K), [Perm : 12755K->12755K(21248K)], 0.0888550 secs] [Times: user=0.09 sys=0.00, real=0.09 secs] 
58.673: Total time for which application threads were stopped: 0.0890230 seconds, Stopping threads took: 0.0000050 seconds
58.673: Application time: 0.0000420 seconds
58.673: [Full GC58.673: [Tenured: 128381K->128381K(128384K), 0.0888820 secs] 186108K->186105K(186112K), [Perm : 12755K->12755K(21248K)], 0.0889110 secs] [Times: user=0.09 sys=0.00, real=0.09 secs] 
58.762: Total time for which application threads were stopped: 0.0890810 seconds, Stopping threads took: 0.0000050 seconds
58.762: Application time: 0.0000470 seconds
58.762: [Full GC58.762: [Tenured: 128381K->128381K(128384K), 0.0888910 secs] 186108K->186108K(186112K), [Perm : 12755K->12755K(21248K)], 0.0889210 secs] [Times: user=0.09 sys=0.00, real=0.09 secs] 
58.851: [Full GC58.851: [Tenured: 128381K->128379K(128384K), 0.0887980 secs] 186108K->186105K(186112K), [Perm : 12755K->12755K(21248K)], 0.0888260 secs] [Times: user=0.09 sys=0.00, real=0.09 secs] 
58.940: Total time for which application threads were stopped: 0.1779450 seconds, Stopping threads took: 0.0000050 seconds
58.940: Application time: 0.0000420 seconds
58.940: [Full GC58.940: [Tenured: 128381K->128381K(128384K), 0.0889480 secs] 186108K->186105K(186112K), [Perm : 12755K->12755K(21248K)], 0.0889770 secs] [Times: user=0.09 sys=0.00, real=0.09 secs] 
59.029: Total time for which application threads were stopped: 0.0891460 seconds, Stopping threads took: 0.0000050 seconds
59.029: Application time: 0.0000450 seconds
59.030: [Full GC59.030: [Tenured: 128381K->128381K(128384K), 0.0892860 secs] 186108K->186108K(186112K), [Perm : 12755K->12755K(21248K)], 0.0893150 secs] [Times: user=0.09 sys=0.00, real=0.09 secs] 
59.119: [Full GC59.119: [Tenured: 128381K->128379K(128384K), 0.0888180 secs] 186108K->186105K(186112K), [Perm : 12755K->12755K(21248K)], 0.0888450 secs] [Times: user=0.08 sys=0.00, real=0.09 secs] 
59.208: Total time for which application threads were stopped: 0.1783730 seconds, Stopping threads took: 0.0000050 seconds
59.208: Application time: 0.0000430 seconds
59.208: [Full GC59.208: [Tenured: 128381K->128381K(128384K), 0.0889100 secs] 186108K->186105K(186112K), [Perm : 12755K->12755K(21248K)], 0.0889380 secs] [Times: user=0.09 sys=0.00, real=0.09 secs] 
59.297: Total time for which application threads were stopped: 0.0891060 seconds, Stopping threads took: 0.0000050 seconds
59.297: Application time: 0.0000430 seconds
59.297: [Full GC59.297: [Tenured: 128381K->128379K(128384K), 0.0888410 secs] 186108K->186106K(186112K), [Perm : 12755K->12755K(21248K)], 0.0888700 secs] [Times: user=0.09 sys=0.00, real=0.08 secs] 
59.386: Total time for which application threads were stopped: 0.0890400 seconds, Stopping threads took: 0.0000050 seconds
59.386: Application time: 0.0000470 seconds
59.386: [Full GC59.386: [Tenured: 128381K->128381K(128384K), 0.0888080 secs] 186108K->186106K(186112K), [Perm : 12755K->12755K(21248K)], 0.0888350 secs] [Times: user=0.09 sys=0.00, real=0.09 secs] 
59.475: Total time for which application threads were stopped: 0.0890040 seconds, Stopping threads took: 0.0000050 seconds
59.475: Application time: 0.0000420 seconds
59.475: [Full GC59.475: [Tenured: 128381K->128381K(128384K), 0.0888340 secs] 186108K->186108K(186112K), [Perm : 12755K->12755K(21248K)], 0.0888710 secs] [Times: user=0.09 sys=0.00, real=0.09 secs] 
59.564: [Full GC59.564: [Tenured: 128381K->128379K(128384K), 0.0887640 secs] 186108K->186106K(186112K), [Perm : 12755K->12755K(21248K)], 0.0887930 secs] [Times: user=0.09 sys=0.00, real=0.09 secs] 
59.653: Total time for which application threads were stopped: 0.1778610 seconds, Stopping threads took: 0.0000050 seconds
59.653: Application time: 0.0000450 seconds
59.653: [Full GC59.653: [Tenured: 128381K->128381K(128384K), 0.0888510 secs] 186108K->186106K(186112K), [Perm : 12755K->12755K(21248K)], 0.0888790 secs] [Times: user=0.09 sys=0.00, real=0.09 secs] 
59.742: Total time for which application threads were stopped: 0.0890600 seconds, Stopping threads took: 0.0000050 seconds
59.742: Application time: 0.0000430 seconds
59.742: [Full GC59.742: [Tenured: 128381K->128381K(128384K), 0.0888280 secs] 186108K->186108K(186112K), [Perm : 12755K->12755K(21248K)], 0.0888570 secs] [Times: user=0.09 sys=0.00, real=0.09 secs] 
59.831: [Full GC59.831: [Tenured: 128381K->128379K(128384K), 0.1061300 secs] 186108K->186106K(186112K), [Perm : 12755K->12755K(21248K)], 0.1061630 secs] [Times: user=0.10 sys=0.00, real=0.11 secs] 
59.937: Total time for which application threads were stopped: 0.1952210 seconds, Stopping threads took: 0.0000050 seconds
59.937: Application time: 0.0000450 seconds
59.938: [Full GC59.938: [Tenured: 128381K->128381K(128384K), 0.1014640 secs] 186108K->186106K(186112K), [Perm : 12755K->12755K(21248K)], 0.1014950 secs] [Times: user=0.11 sys=0.00, real=0.10 secs] 
60.039: Total time for which application threads were stopped: 0.1016690 seconds, Stopping threads took: 0.0000060 seconds
60.039: Application time: 0.0000460 seconds
60.039: [Full GC60.039: [Tenured: 128381K->128379K(128384K), 0.0892010 secs] 186108K->186106K(186112K), [Perm : 12755K->12755K(21248K)], 0.0892300 secs] [Times: user=0.09 sys=0.00, real=0.09 secs] 
60.129: Total time for which application threads were stopped: 0.0893990 seconds, Stopping threads took: 0.0000050 seconds
60.129: Application time: 0.0000420 seconds
60.129: [Full GC60.129: [Tenured: 128381K->128381K(128384K), 0.0888930 secs] 186108K->186106K(186112K), [Perm : 12755K->12755K(21248K)], 0.0889210 secs] [Times: user=0.08 sys=0.00, real=0.09 secs] 
60.218: Total time for which application threads were stopped: 0.0890900 seconds, Stopping threads took: 0.0000050 seconds
60.218: Application time: 0.0000440 seconds
60.218: [Full GC60.218: [Tenured: 128381K->128381K(128384K), 0.0888710 secs] 186108K->186108K(186112K), [Perm : 12755K->12755K(21248K)], 0.0889000 secs] [Times: user=0.09 sys=0.00, real=0.08 secs] 
60.307: [Full GC60.307: [Tenured: 128381K->128379K(128384K), 0.0886600 secs] 186108K->186106K(186112K), [Perm : 12755K->12755K(21248K)], 0.0886880 secs] [Times: user=0.09 sys=0.00, real=0.10 secs] 
60.396: Total time for which application threads were stopped: 0.1777940 seconds, Stopping threads took: 0.0000050 seconds
60.396: Application time: 0.0000450 seconds
60.396: [Full GC60.396: [Tenured: 128381K->128381K(128384K), 0.0888310 secs] 186109K->186106K(186112K), [Perm : 12755K->12755K(21248K)], 0.0888590 secs] [Times: user=0.09 sys=0.00, real=0.08 secs] 
60.485: Total time for which application threads were stopped: 0.0890280 seconds, Stopping threads took: 0.0000050 seconds
60.485: Application time: 0.0000450 seconds
60.485: [Full GC60.485: [Tenured: 128381K->128381K(128384K), 0.0889250 secs] 186109K->186109K(186112K), [Perm : 12755K->12755K(21248K)], 0.0889530 secs] [Times: user=0.09 sys=0.00, real=0.09 secs] 
60.574: [Full GC60.574: [Tenured: 128381K->128379K(128384K), 0.0888410 secs] 186109K->186106K(186112K), [Perm : 12755K->12755K(21248K)], 0.0888690 secs] [Times: user=0.09 sys=0.00, real=0.09 secs] 
60.663: Total time for which application threads were stopped: 0.1780200 seconds, Stopping threads took: 0.0000050 seconds
60.663: Application time: 0.0000450 seconds
60.663: [Full GC60.663: [Tenured: 128381K->128381K(128384K), 0.0888770 secs] 186109K->186106K(186112K), [Perm : 12755K->12755K(21248K)], 0.0889030 secs] [Times: user=0.09 sys=0.00, real=0.09 secs] 
60.752: Total time for which application threads were stopped: 0.0890790 seconds, Stopping threads took: 0.0000060 seconds
60.752: Application time: 0.0000420 seconds
60.752: [Full GC60.752: [Tenured: 128381K->128379K(128384K), 0.0888410 secs] 186109K->186106K(186112K), [Perm : 12755K->12755K(21248K)], 0.0888680 secs] [Times: user=0.09 sys=0.00, real=0.09 secs] 
60.841: Total time for which application threads were stopped: 0.0890500 seconds, Stopping threads took: 0.0000050 seconds
60.841: Application time: 0.0000460 seconds
60.841: [Full GC60.841: [Tenured: 128381K->128381K(128384K), 0.0888720 secs] 186109K->186106K(186112K), [Perm : 12755K->12755K(21248K)], 0.0889020 secs] [Times: user=0.09 sys=0.00, real=0.09 secs] 
60.930: Total time for which application threads were stopped: 0.0890700 seconds, Stopping threads took: 0.0000050 seconds
60.930: Application time: 0.0000510 seconds
60.930: [Full GC60.930: [Tenured: 128381K->128381K(128384K), 0.0888840 secs] 186109K->186109K(186112K), [Perm : 12755K->12755K(21248K)], 0.0889140 secs] [Times: user=0.09 sys=0.00, real=0.09 secs] 
61.019: [Full GC61.019: [Tenured: 128381K->128379K(128384K), 0.0892600 secs] 186109K->186106K(186112K), [Perm : 12755K->12755K(21248K)], 0.0892870 secs] [Times: user=0.09 sys=0.00, real=0.09 secs] 
61.108: Total time for which application threads were stopped: 0.1783960 seconds, Stopping threads took: 0.0000050 seconds
61.109: Application time: 0.0000430 seconds
61.109: [Full GC61.109: [Tenured: 128381K->128381K(128384K), 0.0889050 secs] 186109K->186106K(186112K), [Perm : 12755K->12755K(21248K)], 0.0889330 secs] [Times: user=0.08 sys=0.00, real=0.09 secs] 
61.198: Total time for which application threads were stopped: 0.0891050 seconds, Stopping threads took: 0.0000050 seconds
61.198: Application time: 0.0000440 seconds
61.198: [Full GC61.198: [Tenured: 128381K->128381K(128384K), 0.0888910 secs] 186109K->186109K(186112K), [Perm : 12755K->12755K(21248K)], 0.0889190 secs] [Times: user=0.09 sys=0.00, real=0.08 secs] 
61.287: [Full GC61.287: [Tenured: 128381K->128379K(128384K), 0.0887530 secs] 186109K->186106K(186112K), [Perm : 12755K->12755K(21248K)], 0.0887800 secs] [Times: user=0.09 sys=0.00, real=0.10 secs] 
61.376: Total time for which application threads were stopped: 0.1778950 seconds, Stopping threads took: 0.0000050 seconds
61.376: Application time: 0.0000430 seconds
61.376: [Full GC61.376: [Tenured: 128381K->128381K(128384K), 0.0888380 secs] 186109K->186106K(186112K), [Perm : 12755K->12755K(21248K)], 0.0888660 secs] [Times: user=0.09 sys=0.00, real=0.08 secs] 
61.465: Total time for which application threads were stopped: 0.0890520 seconds, Stopping threads took: 0.0000050 seconds
61.465: Application time: 0.0000470 seconds
61.465: [Full GC61.465: [Tenured: 128381K->128379K(128384K), 0.0888350 secs] 186109K->186106K(186112K), [Perm : 12755K->12755K(21248K)], 0.0888620 secs] [Times: user=0.09 sys=0.00, real=0.09 secs] 
61.554: Total time for which application threads were stopped: 0.0890340 seconds, Stopping threads took: 0.0000050 seconds
61.554: Application time: 0.0000440 seconds
61.554: [Full GC61.554: [Tenured: 128381K->128381K(128384K), 0.0888800 secs] 186109K->186107K(186112K), [Perm : 12755K->12755K(21248K)], 0.0889100 secs] [Times: user=0.09 sys=0.00, real=0.09 secs] 
61.643: Total time for which application threads were stopped: 0.0890790 seconds, Stopping threads took: 0.0000050 seconds
61.643: Application time: 0.0000470 seconds
61.643: [Full GC61.643: [Tenured: 128381K->128381K(128384K), 0.0888540 secs] 186109K->186109K(186112K), [Perm : 12755K->12755K(21248K)], 0.0888820 secs] [Times: user=0.09 sys=0.00, real=0.09 secs] 
61.732: [Full GC61.732: [Tenured: 128381K->128379K(128384K), 0.0887240 secs] 186109K->186107K(186112K), [Perm : 12755K->12755K(21248K)], 0.0887520 secs] [Times: user=0.09 sys=0.00, real=0.09 secs] 
61.821: Total time for which application threads were stopped: 0.1778310 seconds, Stopping threads took: 0.0000050 seconds
61.821: Application time: 0.0000440 seconds
61.821: [Full GC61.821: [Tenured: 128381K->128381K(128384K), 0.0888470 secs] 186109K->186107K(186112K), [Perm : 12755K->12755K(21248K)], 0.0888830 secs] [Times: user=0.09 sys=0.00, real=0.09 secs] 
61.910: Total time for which application threads were stopped: 0.0890520 seconds, Stopping threads took: 0.0000060 seconds
61.910: Application time: 0.0000450 seconds
61.910: [Full GC61.910: [Tenured: 128381K->128381K(128384K), 0.0888440 secs] 186109K->186109K(186112K), [Perm : 12755K->12755K(21248K)], 0.0888760 secs] [Times: user=0.09 sys=0.00, real=0.09 secs] 
61.999: [Full GC61.999: [Tenured: 128381K->128379K(128384K), 0.0888480 secs] 186109K->186107K(186112K), [Perm : 12755K->12755K(21248K)], 0.0888760 secs] [Times: user=0.08 sys=0.00, real=0.09 secs] 
62.088: Total time for which application threads were stopped: 0.1779690 seconds, Stopping threads took: 0.0000050 seconds
62.088: Application time: 0.0000430 seconds
62.088: [Full GC62.088: [Tenured: 128381K->128381K(128384K), 0.0893790 secs] 186109K->186107K(186112K), [Perm : 12755K->12755K(21248K)], 0.0894090 secs] [Times: user=0.09 sys=0.00, real=0.09 secs] 
62.177: Total time for which application threads were stopped: 0.0895760 seconds, Stopping threads took: 0.0000050 seconds
62.178: Application time: 0.0000440 seconds
62.178: [Full GC62.178: [Tenured: 128381K->128379K(128384K), 0.0888130 secs] 186109K->186107K(186112K), [Perm : 12755K->12755K(21248K)], 0.0888410 secs] [Times: user=0.09 sys=0.00, real=0.08 secs] 
62.267: Total time for which application threads were stopped: 0.0890120 seconds, Stopping threads took: 0.0000060 seconds
62.267: Application time: 0.0000470 seconds
62.267: [Full GC62.267: [Tenured: 128381K->128381K(128384K), 0.0888270 secs] 186109K->186107K(186112K), [Perm : 12755K->12755K(21248K)], 0.0888550 secs] [Times: user=0.09 sys=0.00, real=0.10 secs] 
62.356: Total time for which application threads were stopped: 0.0890230 seconds, Stopping threads took: 0.0000050 seconds
62.356: Application time: 0.0000470 seconds
62.356: [Full GC62.356: [Tenured: 128381K->128381K(128384K), 0.0888260 secs] 186109K->186109K(186112K), [Perm : 12755K->12755K(21248K)], 0.0888530 secs] [Times: user=0.09 sys=0.00, real=0.08 secs] 
62.445: [Full GC62.445: [Tenured: 128381K->128379K(128384K), 0.0887630 secs] 186109K->186107K(186112K), [Perm : 12755K->12755K(21248K)], 0.0887910 secs] [Times: user=0.09 sys=0.00, real=0.09 secs] 
62.534: Total time for which application threads were stopped: 0.1778390 seconds, Stopping threads took: 0.0000050 seconds
62.534: Application time: 0.0000420 seconds
62.534: [Full GC62.534: [Tenured: 128382K->128382K(128384K), 0.0887860 secs] 186110K->186107K(186112K), [Perm : 12755K->12755K(21248K)], 0.0888160 secs] [Times: user=0.09 sys=0.00, real=0.09 secs] 
62.623: [Full GC62.623: [Tenured: 128382K->128382K(128384K), 0.0887900 secs] 186107K->186107K(186112K), [Perm : 12755K->12755K(21248K)], 0.0888180 secs] [Times: user=0.09 sys=0.00, real=0.09 secs] 
62.711: Total time for which application threads were stopped: 0.1778460 seconds, Stopping threads took: 0.0000060 seconds
62.712: Application time: 0.0002340 seconds
62.712: [Full GC62.712: [Tenured: 128383K->128383K(128384K), 0.0889180 secs] 186111K->186106K(186112K), [Perm : 12755K->12755K(21248K)], 0.0889460 secs] [Times: user=0.08 sys=0.01, real=0.09 secs] 
62.801: Total time for which application threads were stopped: 0.0891150 seconds, Stopping threads took: 0.0000050 seconds
62.801: Application time: 0.0001230 seconds
62.801: [Full GC62.801: [Tenured: 128383K->128383K(128384K), 0.0888520 secs] 186111K->186108K(186112K), [Perm : 12755K->12755K(21248K)], 0.0888800 secs] [Times: user=0.09 sys=0.00, real=0.09 secs] 
62.890: Total time for which application threads were stopped: 0.0890490 seconds, Stopping threads took: 0.0000040 seconds
62.890: Application time: 0.0000470 seconds
62.890: [Full GC62.890: [Tenured: 128383K->128382K(128384K), 0.0888680 secs] 186110K->186106K(186112K), [Perm : 12755K->12755K(21248K)], 0.0888980 secs] [Times: user=0.09 sys=0.00, real=0.09 secs] 
62.979: Total time for which application threads were stopped: 0.0890740 seconds, Stopping threads took: 0.0000050 seconds
62.979: Application time: 0.0000810 seconds
62.979: [Full GC62.979: [Tenured: 128383K->128383K(128384K), 0.0889360 secs] 186111K->186108K(186112K), [Perm : 12755K->12755K(21248K)], 0.0889640 secs] [Times: user=0.09 sys=0.00, real=0.09 secs] 
63.068: Total time for which application threads were stopped: 0.0891310 seconds, Stopping threads took: 0.0000050 seconds
63.068: Application time: 0.0000460 seconds
63.068: [Full GC63.068: [Tenured: 128383K->128383K(128384K), 0.0893440 secs] 186109K->186109K(186112K), [Perm : 12755K->12755K(21248K)], 0.0893720 secs] [Times: user=0.09 sys=0.00, real=0.09 secs] 
63.158: [Full GC63.158: [Tenured: 128383K->128381K(128384K), 0.0888280 secs] 186109K->186108K(186112K), [Perm : 12755K->12755K(21248K)], 0.0888570 secs] [Times: user=0.09 sys=0.00, real=0.08 secs] 
63.247: Total time for which application threads were stopped: 0.1784370 seconds, Stopping threads took: 0.0000050 seconds
63.247: Application time: 0.0001700 seconds
63.247: [Full GC63.247: [Tenured: 128383K->128382K(128384K), 0.0889640 secs] 186111K->186106K(186112K), [Perm : 12756K->12756K(21248K)], 0.0889920 secs] [Times: user=0.09 sys=0.00, real=0.10 secs] 
63.336: Total time for which application threads were stopped: 0.0891610 seconds, Stopping threads took: 0.0000060 seconds
63.336: Application time: 0.0000870 seconds
63.336: [Full GC63.336: [Tenured: 128383K->128383K(128384K), 0.0987060 secs] 186111K->186110K(186112K), [Perm : 12756K->12756K(21248K)], 0.0987370 secs] [Times: user=0.10 sys=0.00, real=0.09 secs] 
63.435: Total time for which application threads were stopped: 0.0989100 seconds, Stopping threads took: 0.0000060 seconds
63.435: Application time: 0.0000750 seconds
63.435: [Full GC63.435: [Tenured: 128383K->128383K(128384K), 0.0986730 secs] 186111K->186110K(186112K), [Perm : 12756K->12756K(21248K)], 0.0987050 secs] [Times: user=0.10 sys=0.00, real=0.10 secs] 
63.534: Total time for which application threads were stopped: 0.0988760 seconds, Stopping threads took: 0.0000060 seconds
63.534: Application time: 0.0000630 seconds
63.534: [Full GC63.534: [Tenured: 128383K->128383K(128384K), 0.0913150 secs] 186111K->186110K(186112K), [Perm : 12756K->12756K(21248K)], 0.0913440 secs] [Times: user=0.09 sys=0.00, real=0.09 secs] 
63.626: Total time for which application threads were stopped: 0.0915130 seconds, Stopping threads took: 0.0000050 seconds
63.626: Application time: 0.0000480 seconds
63.626: [Full GC63.626: [Tenured: 128383K->128382K(128384K), 0.0888580 secs] 186111K->186110K(186112K), [Perm : 12756K->12756K(21248K)], 0.0888870 secs] [Times: user=0.09 sys=0.00, real=0.09 secs] 
63.715: Total time for which application threads were stopped: 0.0890700 seconds, Stopping threads took: 0.0000050 seconds
63.715: Application time: 0.0000610 seconds
63.715: [Full GC63.715: [Tenured: 128383K->128383K(128384K), 0.0888380 secs] 186111K->186109K(186112K), [Perm : 12756K->12756K(21248K)], 0.0888660 secs] [Times: user=0.09 sys=0.00, real=0.09 secs] 
63.804: Total time for which application threads were stopped: 0.0890350 seconds, Stopping threads took: 0.0000050 seconds
63.804: Application time: 0.0000450 seconds
63.804: [Full GC63.804: [Tenured: 128383K->128383K(128384K), 0.0888060 secs] 186111K->186110K(186112K), [Perm : 12756K->12756K(21248K)], 0.0888340 secs] [Times: user=0.09 sys=0.00, real=0.09 secs] 
63.893: [Full GC63.893: [Tenured: 128383K->128382K(128384K), 0.0887930 secs] 186110K->186109K(186112K), [Perm : 12756K->12756K(21248K)], 0.0888200 secs] [Times: user=0.08 sys=0.00, real=0.09 secs] 
63.982: Total time for which application threads were stopped: 0.1778490 seconds, Stopping threads took: 0.0000050 seconds
63.982: Application time: 0.0002630 seconds
63.982: [Full GC63.982: [Tenured: 128384K->128360K(128384K), 0.1207210 secs] 186112K->186072K(186112K), [Perm : 12756K->12756K(21248K)], 0.1207560 secs] [Times: user=0.13 sys=0.00, real=0.12 secs] 
64.103: Total time for which application threads were stopped: 0.1209410 seconds, Stopping threads took: 0.0000050 seconds
64.104: Application time: 0.0006090 seconds
64.104: [Full GC64.104: [Tenured: 128383K->128383K(128384K), 0.0894770 secs] 186111K->186101K(186112K), [Perm : 12756K->12756K(21248K)], 0.0895070 secs] [Times: user=0.09 sys=0.00, real=0.09 secs] 
64.193: Total time for which application threads were stopped: 0.0897790 seconds, Stopping threads took: 0.0000070 seconds
64.194: Application time: 0.0005960 seconds
64.194: [Full GC64.194: [Tenured: 128383K->128383K(128384K), 0.0888630 secs] 186111K->186107K(186112K), [Perm : 12780K->12780K(21248K)], 0.0888900 secs] [Times: user=0.09 sys=0.00, real=0.09 secs] 
64.283: Total time for which application threads were stopped: 0.0890780 seconds, Stopping threads took: 0.0000060 seconds
64.283: Application time: 0.0001660 seconds
64.283: [Full GC64.283: [Tenured: 128383K->128383K(128384K), 0.0987240 secs] 186111K->186103K(186112K), [Perm : 12780K->12780K(21248K)], 0.0987560 secs] [Times: user=0.09 sys=0.00, real=0.10 secs] 
64.382: Total time for which application threads were stopped: 0.0989320 seconds, Stopping threads took: 0.0000060 seconds
64.382: Application time: 0.0003060 seconds
64.383: [Full GC64.383: [Tenured: 128383K->128367K(128384K), 0.1227190 secs] 186111K->186085K(186112K), [Perm : 12780K->12780K(21248K)], 0.1227570 secs] [Times: user=0.12 sys=0.00, real=0.12 secs] 
64.505: Total time for which application threads were stopped: 0.1229380 seconds, Stopping threads took: 0.0000060 seconds
64.506: Application time: 0.0007860 seconds
64.506: [Full GC64.506: [Tenured: 128383K->128383K(128384K), 0.0889720 secs] 186111K->186101K(186112K), [Perm : 12780K->12780K(21248K)], 0.0890030 secs] [Times: user=0.09 sys=0.00, real=0.09 secs] 
64.595: Total time for which application threads were stopped: 0.0892830 seconds, Stopping threads took: 0.0000180 seconds
64.596: Application time: 0.0004690 seconds
64.596: [Full GC64.596: [Tenured: 128383K->128383K(128384K), 0.0902910 secs] 186111K->186104K(186112K), [Perm : 12780K->12780K(21248K)], 0.0903220 secs] [Times: user=0.09 sys=0.00, real=0.08 secs] 
64.686: Total time for which application threads were stopped: 0.0905120 seconds, Stopping threads took: 0.0000110 seconds
64.687: Application time: 0.0002570 seconds
64.687: [Full GC64.687: [Tenured: 128383K->128383K(128384K), 0.0991570 secs] 186111K->186099K(186112K), [Perm : 12780K->12780K(21248K)], 0.0991900 secs] [Times: user=0.10 sys=0.00, real=0.10 secs] 
64.786: Total time for which application threads were stopped: 0.0993830 seconds, Stopping threads took: 0.0000250 seconds
64.786: Application time: 0.0001400 seconds
64.786: [Full GC64.786: [Tenured: 128383K->128380K(128384K), 0.1366220 secs] 186109K->186068K(186112K), [Perm : 12780K->12780K(21248K)], 0.1366600 secs] [Times: user=0.14 sys=0.00, real=0.14 secs] 
64.923: Total time for which application threads were stopped: 0.1369250 seconds, Stopping threads took: 0.0000080 seconds
64.923: Application time: 0.0001080 seconds
64.923: [Full GC64.924: [Tenured: 128380K->128380K(128384K), 0.0985560 secs] 186098K->186074K(186112K), [Perm : 12780K->12780K(21248K)], 0.0985910 secs] [Times: user=0.09 sys=0.00, real=0.10 secs] 
65.022: Total time for which application threads were stopped: 0.0989060 seconds, Stopping threads took: 0.0000270 seconds
65.022: Application time: 0.0000950 seconds
65.022: [Full GC65.022: [Tenured: 128380K->128380K(128384K), 0.0944980 secs] 186090K->186083K(186112K), [Perm : 12780K->12780K(21248K)], 0.0945290 secs] [Times: user=0.09 sys=0.00, real=0.10 secs] 
65.117: [Full GC65.117: [Tenured: 128380K->128372K(128384K), 0.0884070 secs] 186083K->186070K(186112K), [Perm : 12780K->12780K(21248K)], 0.0884340 secs] [Times: user=0.09 sys=0.01, real=0.08 secs] 
65.205: Total time for which application threads were stopped: 0.1831650 seconds, Stopping threads took: 0.0000090 seconds
65.206: Application time: 0.0007130 seconds
65.206: [Full GC65.206: [Tenured: 128383K->128372K(128384K), 0.1265990 secs] 186111K->186055K(186112K), [Perm : 12780K->12780K(21248K)], 0.1266360 secs] [Times: user=0.12 sys=0.00, real=0.13 secs] 
65.333: Total time for which application threads were stopped: 0.1268270 seconds, Stopping threads took: 0.0000060 seconds
65.334: Application time: 0.0008910 seconds
65.334: [Full GC65.334: [Tenured: 128383K->128383K(128384K), 0.0987590 secs] 186111K->186092K(186112K), [Perm : 12780K->12780K(21248K)], 0.0987900 secs] [Times: user=0.10 sys=0.00, real=0.10 secs] 
65.433: Total time for which application threads were stopped: 0.0990900 seconds, Stopping threads took: 0.0000070 seconds
65.433: Application time: 0.0005230 seconds
65.434: [Full GC65.434: [Tenured: 128383K->128383K(128384K), 0.0930080 secs] 186110K->186096K(186112K), [Perm : 12780K->12780K(21248K)], 0.0930440 secs] [Times: user=0.10 sys=0.00, real=0.09 secs] 
65.527: Total time for which application threads were stopped: 0.0932570 seconds, Stopping threads took: 0.0000290 seconds
65.527: Application time: 0.0000700 seconds
65.527: Total time for which application threads were stopped: 0.0001530 seconds, Stopping threads took: 0.0000210 seconds
65.527: Application time: 0.0000350 seconds
65.527: [Full GC65.527: [Tenured: 128383K->128383K(128384K), 0.0908620 secs] 186110K->186110K(186112K), [Perm : 12780K->12780K(21248K)], 0.0908960 secs] [Times: user=0.09 sys=0.00, real=0.10 secs] 
65.618: [Full GC65.618: [Tenured: 128383K->128373K(128384K), 0.1146670 secs] 186110K->186073K(186112K), [Perm : 12780K->12780K(21248K)], 0.1147020 secs] [Times: user=0.11 sys=0.00, real=0.11 secs] 
65.733: Total time for which application threads were stopped: 0.2057320 seconds, Stopping threads took: 0.0000040 seconds
65.733: Application time: 0.0000820 seconds
65.733: [Full GC65.733: [Tenured: 128373K->128373K(128384K), 0.0917460 secs] 186085K->186085K(186112K), [Perm : 12780K->12780K(21248K)], 0.0917760 secs] [Times: user=0.10 sys=0.00, real=0.09 secs] 
65.825: Total time for which application threads were stopped: 0.0920610 seconds, Stopping threads took: 0.0000070 seconds
65.825: Application time: 0.0000870 seconds
65.825: [Full GC65.825: [Tenured: 128377K->128377K(128384K), 0.0907130 secs] 186104K->186100K(186112K), [Perm : 12780K->12780K(21248K)], 0.0907450 secs] [Times: user=0.09 sys=0.00, real=0.10 secs] 
65.916: [Full GC65.916: [Tenured: 128377K->128377K(128384K), 0.0887750 secs] 186100K->186100K(186112K), [Perm : 12780K->12780K(21248K)], 0.0888010 secs] [Times: user=0.09 sys=0.00, real=0.08 secs] 
66.005: Total time for which application threads were stopped: 0.1797530 seconds, Stopping threads took: 0.0000110 seconds
66.005: Application time: 0.0000910 seconds
66.005: [Full GC66.005: [Tenured: 128377K->128377K(128384K), 0.0891860 secs] 186101K->186093K(186112K), [Perm : 12780K->12780K(21248K)], 0.0892270 secs] [Times: user=0.09 sys=0.00, real=0.09 secs] 
66.094: Total time for which application threads were stopped: 0.0895030 seconds, Stopping threads took: 0.0000360 seconds
66.094: Application time: 0.0000660 seconds
66.094: [Full GC66.095: [Tenured: 128377K->128377K(128384K), 0.0893580 secs] 186102K->186101K(186112K), [Perm : 12780K->12780K(21248K)], 0.0893900 secs] [Times: user=0.08 sys=0.00, real=0.09 secs] 
66.184: [Full GC66.184: [Tenured: 128377K->128377K(128384K), 0.0889810 secs] 186101K->186101K(186112K), [Perm : 12780K->12780K(21248K)], 0.0890100 secs] [Times: user=0.09 sys=0.00, real=0.09 secs] 
66.273: Total time for which application threads were stopped: 0.1786280 seconds, Stopping threads took: 0.0000260 seconds
66.273: Application time: 0.0000760 seconds
66.273: [Full GC66.273: [Tenured: 128377K->128377K(128384K), 0.0889800 secs] 186102K->186087K(186112K), [Perm : 12780K->12780K(21248K)], 0.0890160 secs] [Times: user=0.09 sys=0.00, real=0.09 secs] 
66.362: Total time for which application threads were stopped: 0.0892130 seconds, Stopping threads took: 0.0000270 seconds
66.362: Application time: 0.0000610 seconds
66.362: [Full GC66.362: [Tenured: 128377K->128371K(128384K), 0.1117830 secs] 186096K->186089K(186112K), [Perm : 12780K->12780K(21248K)], 0.1118200 secs] [Times: user=0.12 sys=0.00, real=0.11 secs] 
66.474: [Full GC66.474: [Tenured: 128371K->128371K(128384K), 0.0891220 secs] 186089K->186089K(186112K), [Perm : 12780K->12780K(21248K)], 0.0891520 secs] [Times: user=0.08 sys=0.00, real=0.09 secs] 
66.564: Total time for which application threads were stopped: 0.2012030 seconds, Stopping threads took: 0.0000230 seconds
66.564: Application time: 0.0000680 seconds
66.564: [Full GC66.564: [Tenured: 128371K->128371K(128384K), 0.0889630 secs] 186094K->186081K(186112K), [Perm : 12780K->12780K(21248K)], 0.0889940 secs] [Times: user=0.08 sys=0.00, real=0.09 secs] 
66.653: Total time for which application threads were stopped: 0.0892060 seconds, Stopping threads took: 0.0000240 seconds
66.653: Application time: 0.0000740 seconds
66.653: Total time for which application threads were stopped: 0.0001870 seconds, Stopping threads took: 0.0000490 seconds
66.653: Application time: 0.0000730 seconds
66.653: [Full GC66.653: [Tenured: 128383K->128383K(128384K), 0.0889620 secs] 186111K->186111K(186112K), [Perm : 12780K->12780K(21248K)], 0.0889930 secs] [Times: user=0.08 sys=0.00, real=0.09 secs] 
66.742: [Full GC66.742: [Tenured: 128383K->128383K(128384K), 0.0887810 secs] 186111K->186111K(186112K), [Perm : 12780K->12780K(21248K)], 0.0888110 secs] [Times: user=0.09 sys=0.00, real=0.09 secs] 
66.831: Total time for which application threads were stopped: 0.1779060 seconds, Stopping threads took: 0.0000050 seconds
66.831: Application time: 0.0000540 seconds
66.831: [Full GC66.831: [Tenured: 128383K->128383K(128384K), 0.0889750 secs] 186111K->186111K(186112K), [Perm : 12780K->12780K(21248K)], 0.0890050 secs] [Times: user=0.09 sys=0.00, real=0.09 secs] 
66.920: [Full GC66.920: [Tenured: 128383K->128383K(128384K), 0.0888010 secs] 186111K->186111K(186112K), [Perm : 12780K->12780K(21248K)], 0.0888350 secs] [Times: user=0.09 sys=0.00, real=0.09 secs] 
67.009: Total time for which application threads were stopped: 0.1780540 seconds, Stopping threads took: 0.0000150 seconds
67.009: Application time: 0.0000540 seconds
67.009: [Full GC67.009: [Tenured: 128383K->128383K(128384K), 0.0889170 secs] 186111K->186111K(186112K), [Perm : 12780K->12780K(21248K)], 0.0889480 secs] [Times: user=0.09 sys=0.00, real=0.09 secs] 
67.098: [Full GC67.098: [Tenured: 128383K->128383K(128384K), 0.0892490 secs] 186111K->186111K(186112K), [Perm : 12780K->12780K(21248K)], 0.0892780 secs] [Times: user=0.09 sys=0.00, real=0.09 secs] 
67.188: Total time for which application threads were stopped: 0.1784440 seconds, Stopping threads took: 0.0000210 seconds
67.188: Application time: 0.0000890 seconds
67.188: [Full GC67.188: [Tenured: 128383K->128383K(128384K), 0.0930020 secs] 186111K->186111K(186112K), [Perm : 12780K->12780K(21248K)], 0.0930370 secs] [Times: user=0.09 sys=0.00, real=0.09 secs] 
67.281: Total time for which application threads were stopped: 0.0932600 seconds, Stopping threads took: 0.0000400 seconds
67.281: Application time: 0.0000830 seconds
67.281: [Full GC67.281: [Tenured: 128383K->128383K(128384K), 0.0889500 secs] 186111K->186111K(186112K), [Perm : 12780K->12780K(21248K)], 0.0889830 secs] [Times: user=0.09 sys=0.00, real=0.09 secs] 
67.370: [Full GC67.370: [Tenured: 128383K->128383K(128384K), 0.0885380 secs] 186111K->186111K(186112K), [Perm : 12780K->12780K(21248K)], 0.0885680 secs] [Times: user=0.09 sys=0.00, real=0.09 secs] 
67.459: Total time for which application threads were stopped: 0.1777700 seconds, Stopping threads took: 0.0000210 seconds
67.459: Application time: 0.0000680 seconds
67.459: [Full GC67.459: [Tenured: 128383K->128383K(128384K), 0.0983470 secs] 186111K->186111K(186112K), [Perm : 12780K->12780K(21248K)], 0.0983800 secs] [Times: user=0.10 sys=0.00, real=0.10 secs] 
67.557: Total time for which application threads were stopped: 0.0985550 seconds, Stopping threads took: 0.0000060 seconds
67.558: Application time: 0.0000710 seconds
67.558: [Full GC67.558: [Tenured: 128383K->128383K(128384K), 0.0886790 secs] 186111K->186111K(186112K), [Perm : 12780K->12780K(21248K)], 0.0887110 secs] [Times: user=0.09 sys=0.00, real=0.08 secs] 
67.646: [Full GC67.646: [Tenured: 128383K->128383K(128384K), 0.0885950 secs] 186111K->186111K(186112K), [Perm : 12780K->12780K(21248K)], 0.0886250 secs] [Times: user=0.09 sys=0.00, real=0.09 secs] 
67.735: Total time for which application threads were stopped: 0.1775490 seconds, Stopping threads took: 0.0000090 seconds
67.735: Application time: 0.0000590 seconds
67.735: [Full GC67.735: [Tenured: 128383K->128383K(128384K), 0.0885910 secs] 186111K->186110K(186112K), [Perm : 12780K->12780K(21248K)], 0.0886230 secs] [Times: user=0.09 sys=0.00, real=0.09 secs] 
67.824: [Full GC67.824: [Tenured: 128383K->128383K(128384K), 0.0885670 secs] 186110K->186110K(186112K), [Perm : 12780K->12780K(21248K)], 0.0885960 secs] [Times: user=0.08 sys=0.00, real=0.09 secs] 
67.913: Total time for which application threads were stopped: 0.1774480 seconds, Stopping threads took: 0.0000210 seconds
67.913: Application time: 0.0001020 seconds
67.913: [Full GC67.913: [Tenured: 128384K->128384K(128384K), 0.0891400 secs] 186112K->186107K(186112K), [Perm : 12781K->12781K(21248K)], 0.0891740 secs] [Times: user=0.08 sys=0.00, real=0.09 secs] 
68.002: Total time for which application threads were stopped: 0.0893570 seconds, Stopping threads took: 0.0000120 seconds
68.002: Application time: 0.0001280 seconds
68.002: [Full GC68.002: [Tenured: 128384K->128384K(128384K), 0.0891660 secs] 186111K->186108K(186112K), [Perm : 12782K->12782K(21248K)], 0.0891980 secs] [Times: user=0.08 sys=0.00, real=0.09 secs] 
68.092: Total time for which application threads were stopped: 0.0893950 seconds, Stopping threads took: 0.0000240 seconds
68.092: Application time: 0.0000590 seconds
68.092: [Full GC68.092: [Tenured: 128384K->128384K(128384K), 0.0905940 secs] 186108K->186108K(186112K), [Perm : 12782K->12782K(21248K)], 0.0906270 secs] [Times: user=0.10 sys=0.00, real=0.09 secs] 
68.182: [Full GC68.182: [Tenured: 128384K->128367K(128384K), 0.0888690 secs] 186108K->186092K(186112K), [Perm : 12782K->12782K(21248K)], 0.0889010 secs] [Times: user=0.08 sys=0.00, real=0.09 secs] 
68.271: Total time for which application threads were stopped: 0.1797500 seconds, Stopping threads took: 0.0000240 seconds
68.272: Application time: 0.0001340 seconds
68.272: [Full GC68.272: [Tenured: 128383K->128383K(128384K), 0.0988720 secs] 186111K->186109K(186112K), [Perm : 12782K->12782K(21248K)], 0.0989050 secs] [Times: user=0.10 sys=0.00, real=0.10 secs] 
68.371: [Full GC68.371: [Tenured: 128383K->128383K(128384K), 0.0985560 secs] 186109K->186109K(186112K), [Perm : 12782K->12782K(21248K)], 0.0985850 secs] [Times: user=0.10 sys=0.00, real=0.10 secs] 
68.469: Total time for which application threads were stopped: 0.1977090 seconds, Stopping threads took: 0.0000070 seconds
68.469: Application time: 0.0001220 seconds
68.470: [Full GC68.470: [Tenured: 128383K->128383K(128384K), 0.0984380 secs] 186111K->186108K(186112K), [Perm : 12784K->12784K(21248K)], 0.0984700 secs] [Times: user=0.10 sys=0.00, real=0.10 secs] 
68.568: Total time for which application threads were stopped: 0.0986440 seconds, Stopping threads took: 0.0000060 seconds
68.568: Application time: 0.0001260 seconds
68.568: [Full GC68.568: [Tenured: 128383K->128383K(128384K), 0.0889870 secs] 186111K->186108K(186112K), [Perm : 12784K->12784K(21248K)], 0.0890210 secs] [Times: user=0.09 sys=0.00, real=0.09 secs] 
68.657: [Full GC68.657: [Tenured: 128383K->128383K(128384K), 0.0888420 secs] 186108K->186108K(186112K), [Perm : 12784K->12784K(21248K)], 0.0888720 secs] [Times: user=0.09 sys=0.00, real=0.08 secs] 
68.746: Total time for which application threads were stopped: 0.1781160 seconds, Stopping threads took: 0.0000250 seconds
68.746: Application time: 0.0001360 seconds
68.747: [Full GC68.747: [Tenured: 128383K->128383K(128384K), 0.0889660 secs] 186111K->186108K(186112K), [Perm : 12784K->12784K(21248K)], 0.0889990 secs] [Times: user=0.09 sys=0.00, real=0.10 secs] 
68.836: Total time for which application threads were stopped: 0.0891850 seconds, Stopping threads took: 0.0000190 seconds
68.836: Application time: 0.0000880 seconds
68.836: [Full GC68.836: [Tenured: 128383K->128383K(128384K), 0.0890040 secs] 186111K->186110K(186112K), [Perm : 12786K->12786K(21248K)], 0.0890440 secs] [Times: user=0.09 sys=0.00, real=0.08 secs] 
68.925: Total time for which application threads were stopped: 0.0892440 seconds, Stopping threads took: 0.0000200 seconds
68.925: Application time: 0.0000980 seconds
68.925: [Full GC68.925: [Tenured: 128383K->128383K(128384K), 0.0890170 secs] 186111K->186109K(186112K), [Perm : 12786K->12786K(21248K)], 0.0890510 secs] [Times: user=0.09 sys=0.00, real=0.09 secs] 
69.014: Total time for which application threads were stopped: 0.0892420 seconds, Stopping threads took: 0.0000200 seconds
69.014: Application time: 0.0000530 seconds
69.014: [Full GC69.014: [Tenured: 128383K->128383K(128384K), 0.0890320 secs] 186110K->186110K(186112K), [Perm : 12786K->12786K(21248K)], 0.0890620 secs] [Times: user=0.09 sys=0.00, real=0.09 secs] 
69.104: [Full GC69.104: [Tenured: 128383K->128383K(128384K), 0.0891330 secs] 186110K->186110K(186112K), [Perm : 12786K->12786K(21248K)], 0.0891630 secs] [Times: user=0.09 sys=0.00, real=0.09 secs] 
69.193: Total time for which application threads were stopped: 0.1784230 seconds, Stopping threads took: 0.0000060 seconds
69.193: Application time: 0.0001030 seconds
69.193: [Full GC69.193: [Tenured: 128383K->128383K(128384K), 0.0990020 secs] 186111K->186109K(186112K), [Perm : 12786K->12786K(21248K)], 0.0990350 secs] [Times: user=0.10 sys=0.00, real=0.10 secs] 
69.292: Total time for which application threads were stopped: 0.0992940 seconds, Stopping threads took: 0.0000900 seconds
69.292: Application time: 0.0000560 seconds
69.292: [Full GC69.292: [Tenured: 128383K->128383K(128384K), 0.0889880 secs] 186110K->186109K(186112K), [Perm : 12786K->12786K(21248K)], 0.0890200 secs] [Times: user=0.09 sys=0.00, real=0.09 secs] 
69.381: [Full GC69.381: [Tenured: 128383K->128383K(128384K), 0.0888680 secs] 186109K->186109K(186112K), [Perm : 12786K->12786K(21248K)], 0.0888980 secs] [Times: user=0.08 sys=0.00, real=0.09 secs] 
69.470: Total time for which application threads were stopped: 0.1781320 seconds, Stopping threads took: 0.0000200 seconds
69.470: Application time: 0.0000840 seconds
69.471: [Full GC69.471: [Tenured: 128383K->128383K(128384K), 0.0889330 secs] 186111K->186109K(186112K), [Perm : 12786K->12786K(21248K)], 0.0889640 secs] [Times: user=0.09 sys=0.00, real=0.09 secs] 
69.560: Total time for which application threads were stopped: 0.0891470 seconds, Stopping threads took: 0.0000060 seconds
69.560: Application time: 0.0000720 seconds
69.560: [Full GC69.560: [Tenured: 128383K->128383K(128384K), 0.0890740 secs] 186111K->186111K(186112K), [Perm : 12786K->12786K(21248K)], 0.0891030 secs] [Times: user=0.09 sys=0.00, real=0.09 secs] 
69.649: Total time for which application threads were stopped: 0.0892740 seconds, Stopping threads took: 0.0000060 seconds
69.649: Application time: 0.0000670 seconds
69.649: [Full GC69.649: [Tenured: 128383K->128383K(128384K), 0.0891280 secs] 186111K->186111K(186112K), [Perm : 12786K->12786K(21248K)], 0.0891570 secs] [Times: user=0.09 sys=0.00, real=0.09 secs] 
69.738: Total time for which application threads were stopped: 0.0893270 seconds, Stopping threads took: 0.0000050 seconds
69.738: Application time: 0.0000530 seconds
69.739: [Full GC69.739: [Tenured: 128383K->128383K(128384K), 0.0890320 secs] 186111K->186111K(186112K), [Perm : 12786K->12786K(21248K)], 0.0890610 secs] [Times: user=0.09 sys=0.00, real=0.09 secs] 
69.828: [Full GC69.828: [Tenured: 128383K->128383K(128384K), 0.0888950 secs] 186111K->186111K(186112K), [Perm : 12786K->12786K(21248K)], 0.0889240 secs] [Times: user=0.09 sys=0.00, real=0.09 secs] 
69.917: Total time for which application threads were stopped: 0.1781820 seconds, Stopping threads took: 0.0000050 seconds
69.917: Application time: 0.0000690 seconds
69.917: [Full GC69.917: [Tenured: 128383K->128383K(128384K), 0.0914790 secs] 186111K->186110K(186112K), [Perm : 12786K->12786K(21248K)], 0.0915090 secs] [Times: user=0.09 sys=0.00, real=0.09 secs] 
70.008: Total time for which application threads were stopped: 0.0916870 seconds, Stopping threads took: 0.0000050 seconds
70.008: Application time: 0.0000800 seconds
70.009: [Full GC70.009: [Tenured: 128383K->128383K(128384K), 0.0890170 secs] 186111K->186110K(186112K), [Perm : 12786K->12786K(21248K)], 0.0890480 secs] [Times: user=0.09 sys=0.00, real=0.09 secs] 
70.098: Total time for which application threads were stopped: 0.0892330 seconds, Stopping threads took: 0.0000060 seconds
70.098: Application time: 0.0000760 seconds
70.098: [Full GC70.098: [Tenured: 128383K->128383K(128384K), 0.0894320 secs] 186111K->186111K(186112K), [Perm : 12787K->12787K(21248K)], 0.0894650 secs] [Times: user=0.09 sys=0.00, real=0.08 secs] 
70.187: Total time for which application threads were stopped: 0.0896340 seconds, Stopping threads took: 0.0000060 seconds
70.187: Application time: 0.0000620 seconds
70.188: [Full GC70.188: [Tenured: 128383K->128383K(128384K), 0.0889730 secs] 186111K->186111K(186112K), [Perm : 12787K->12787K(21248K)], 0.0890020 secs] [Times: user=0.09 sys=0.00, real=0.09 secs] 
70.277: Total time for which application threads were stopped: 0.0891940 seconds, Stopping threads took: 0.0000160 seconds
70.277: Application time: 0.0000510 seconds
70.277: [Full GC70.277: [Tenured: 128383K->128383K(128384K), 0.0889490 secs] 186111K->186111K(186112K), [Perm : 12787K->12787K(21248K)], 0.0889780 secs] [Times: user=0.09 sys=0.00, real=0.08 secs] 
70.366: [Full GC70.366: [Tenured: 128383K->128383K(128384K), 0.0888070 secs] 186111K->186111K(186112K), [Perm : 12787K->12787K(21248K)], 0.0888360 secs] [Times: user=0.09 sys=0.00, real=0.09 secs] 
70.455: Total time for which application threads were stopped: 0.1780120 seconds, Stopping threads took: 0.0000050 seconds
70.455: Application time: 0.0001030 seconds
70.455: [Full GC70.455: [Tenured: 128383K->128383K(128384K), 0.0890380 secs] 186111K->186090K(186112K), [Perm : 12788K->12788K(21248K)], 0.0890680 secs] [Times: user=0.09 sys=0.00, real=0.09 secs] 
70.544: Total time for which application threads were stopped: 0.0892440 seconds, Stopping threads took: 0.0000120 seconds
70.544: Application time: 0.0001050 seconds
70.544: [Full GC70.544: [Tenured: 128383K->128383K(128384K), 0.0889420 secs] 186099K->186091K(186112K), [Perm : 12790K->12790K(21248K)], 0.0889750 secs] [Times: user=0.09 sys=0.00, real=0.09 secs] 
70.633: [Full GC70.633: [Tenured: 128383K->128383K(128384K), 0.1228930 secs] 186091K->186050K(186112K), [Perm : 12790K->12790K(21248K)], 0.1229260 secs] [Times: user=0.12 sys=0.00, real=0.13 secs] 
70.756: Total time for which application threads were stopped: 0.2121290 seconds, Stopping threads took: 0.0000160 seconds
70.756: Application time: 0.0002340 seconds
70.757: [Full GC70.757: [Tenured: 128383K->128384K(128384K), 0.1311160 secs] 186111K->186078K(186112K), [Perm : 12790K->12790K(21248K)], 0.1311540 secs] [Times: user=0.13 sys=0.00, real=0.13 secs] 
70.888: Total time for which application threads were stopped: 0.1315240 seconds, Stopping threads took: 0.0000710 seconds
70.888: Application time: 0.0003430 seconds
70.889: [Full GC70.889: [Tenured: 128384K->128384K(128384K), 0.0944970 secs] 186111K->186089K(186112K), [Perm : 12790K->12790K(21248K)], 0.0945320 secs] [Times: user=0.10 sys=0.00, real=0.09 secs] 
70.983: Total time for which application threads were stopped: 0.0948300 seconds, Stopping threads took: 0.0000200 seconds
70.983: Application time: 0.0000480 seconds
70.983: [Full GC70.983: [Tenured: 128384K->128384K(128384K), 0.0913400 secs] 186092K->186090K(186112K), [Perm : 12790K->12790K(21248K)], 0.0913730 secs] [Times: user=0.09 sys=0.00, real=0.09 secs] 
71.075: Total time for which application threads were stopped: 0.0915560 seconds, Stopping threads took: 0.0000190 seconds
71.075: Application time: 0.0002090 seconds
71.075: [Full GC71.075: [Tenured: 128384K->128384K(128384K), 0.0893840 secs] 186112K->186107K(186112K), [Perm : 12790K->12790K(21248K)], 0.0894170 secs] [Times: user=0.09 sys=0.00, real=0.09 secs] 
71.165: Total time for which application threads were stopped: 0.0896060 seconds, Stopping threads took: 0.0000090 seconds
71.165: Application time: 0.0000570 seconds
71.165: [Full GC71.165: [Tenured: 128384K->128383K(128384K), 0.1229940 secs] 186108K->186106K(186112K), [Perm : 12790K->12790K(21248K)], 0.1230380 secs] [Times: user=0.12 sys=0.00, real=0.13 secs] 
71.288: Total time for which application threads were stopped: 0.1232150 seconds, Stopping threads took: 0.0000060 seconds
71.288: Application time: 0.0002080 seconds
71.288: [Full GC71.288: [Tenured: 128384K->128384K(128384K), 0.0892420 secs] 186111K->186110K(186112K), [Perm : 12790K->12790K(21248K)], 0.0892750 secs] [Times: user=0.09 sys=0.00, real=0.09 secs] 
71.378: Total time for which application threads were stopped: 0.0896030 seconds, Stopping threads took: 0.0000490 seconds
71.378: Application time: 0.0000730 seconds
71.378: [Full GC71.378: [Tenured: 128384K->128384K(128384K), 0.0890220 secs] 186111K->186111K(186112K), [Perm : 12790K->12790K(21248K)], 0.0890540 secs] [Times: user=0.09 sys=0.00, real=0.08 secs] 
71.467: Total time for which application threads were stopped: 0.0892450 seconds, Stopping threads took: 0.0000230 seconds
71.467: Application time: 0.0000740 seconds
71.467: [Full GC71.467: [Tenured: 128384K->128384K(128384K), 0.0889770 secs] 186111K->186111K(186112K), [Perm : 12790K->12790K(21248K)], 0.0890070 secs] [Times: user=0.09 sys=0.00, real=0.10 secs] 
71.556: Total time for which application threads were stopped: 0.0891790 seconds, Stopping threads took: 0.0000070 seconds
71.556: Application time: 0.0000380 seconds
71.556: [Full GC71.556: [Tenured: 128384K->128384K(128384K), 0.0913540 secs] 186111K->186111K(186112K), [Perm : 12790K->12790K(21248K)], 0.0913840 secs] [Times: user=0.09 sys=0.00, real=0.09 secs] 
71.648: Total time for which application threads were stopped: 0.0915680 seconds, Stopping threads took: 0.0000220 seconds
71.648: Application time: 0.0000440 seconds
71.648: [Full GC71.648: [Tenured: 128384K->128384K(128384K), 0.0890030 secs] 186112K->186112K(186112K), [Perm : 12790K->12790K(21248K)], 0.0890310 secs] [Times: user=0.09 sys=0.00, real=0.09 secs] 
71.737: [Full GC71.737: [Tenured: 128384K->128384K(128384K), 0.0889210 secs] 186112K->186111K(186112K), [Perm : 12790K->12790K(21248K)], 0.0889510 secs] [Times: user=0.09 sys=0.00, real=0.08 secs] 
71.826: Total time for which application threads were stopped: 0.1781930 seconds, Stopping threads took: 0.0000050 seconds
71.826: Application time: 0.0000520 seconds
71.826: [Full GC71.826: [Tenured: 128384K->128384K(128384K), 0.0889700 secs] 186111K->186111K(186112K), [Perm : 12790K->12790K(21248K)], 0.0890000 secs] [Times: user=0.09 sys=0.00, real=0.09 secs] 
71.915: [Full GC71.915: [Tenured: 128384K->128384K(128384K), 0.0889430 secs] 186111K->186111K(186112K), [Perm : 12790K->12790K(21248K)], 0.0889710 secs] [Times: user=0.09 sys=0.00, real=0.09 secs] 
72.004: Total time for which application threads were stopped: 0.1781700 seconds, Stopping threads took: 0.0000060 seconds
72.004: Application time: 0.0000430 seconds
72.005: [Full GC72.005: [Tenured: 128384K->128384K(128384K), 0.0889040 secs] 186111K->186111K(186112K), [Perm : 12790K->12790K(21248K)], 0.0889360 secs] [Times: user=0.09 sys=0.00, real=0.09 secs] 
72.093: Total time for which application threads were stopped: 0.0891130 seconds, Stopping threads took: 0.0000070 seconds
72.094: Application time: 0.0000450 seconds
72.094: [Full GC72.094: [Tenured: 128384K->128384K(128384K), 0.0916390 secs] 186111K->186111K(186112K), [Perm : 12790K->12790K(21248K)], 0.0916700 secs] [Times: user=0.09 sys=0.00, real=0.09 secs] 
72.185: Total time for which application threads were stopped: 0.0918440 seconds, Stopping threads took: 0.0000090 seconds
72.185: Application time: 0.0000540 seconds
72.186: [Full GC72.186: [Tenured: 128384K->128384K(128384K), 0.0890920 secs] 186111K->186111K(186112K), [Perm : 12790K->12790K(21248K)], 0.0891210 secs] [Times: user=0.09 sys=0.00, real=0.09 secs] 
72.275: [Full GC72.275: [Tenured: 128384K->128384K(128384K), 0.0889450 secs] 186111K->186111K(186112K), [Perm : 12790K->12790K(21248K)], 0.0889730 secs] [Times: user=0.09 sys=0.00, real=0.09 secs] 
72.364: Total time for which application threads were stopped: 0.1783120 seconds, Stopping threads took: 0.0000060 seconds
72.364: Application time: 0.0000430 seconds
72.364: [Full GC72.364: [Tenured: 128384K->128384K(128384K), 0.0890830 secs] 186111K->186111K(186112K), [Perm : 12790K->12790K(21248K)], 0.0891140 secs] [Times: user=0.09 sys=0.00, real=0.09 secs] 
72.453: Total time for which application threads were stopped: 0.0892930 seconds, Stopping threads took: 0.0000150 seconds
72.453: Application time: 0.0000720 seconds
72.453: [Full GC72.453: [Tenured: 128384K->128384K(128384K), 0.0889990 secs] 186111K->186111K(186112K), [Perm : 12790K->12790K(21248K)], 0.0890300 secs] [Times: user=0.09 sys=0.00, real=0.09 secs] 
72.542: Total time for which application threads were stopped: 0.0892090 seconds, Stopping threads took: 0.0000130 seconds
72.542: Application time: 0.0000510 seconds
72.543: [Full GC72.543: [Tenured: 128384K->128384K(128384K), 0.0890160 secs] 186111K->186111K(186112K), [Perm : 12790K->12790K(21248K)], 0.0890440 secs] [Times: user=0.09 sys=0.00, real=0.09 secs] 
72.632: [Full GC72.632: [Tenured: 128384K->128384K(128384K), 0.0888010 secs] 186111K->186111K(186112K), [Perm : 12790K->12790K(21248K)], 0.0888280 secs] [Times: user=0.09 sys=0.00, real=0.09 secs] 
72.721: Total time for which application threads were stopped: 0.1780990 seconds, Stopping threads took: 0.0000360 seconds
72.721: Application time: 0.0000620 seconds
72.721: [Full GC72.721: [Tenured: 128384K->128384K(128384K), 0.0888740 secs] 186111K->186111K(186112K), [Perm : 12790K->12790K(21248K)], 0.0889030 secs] [Times: user=0.09 sys=0.00, real=0.09 secs] 
72.810: Total time for which application threads were stopped: 0.0890960 seconds, Stopping threads took: 0.0000140 seconds
72.810: Application time: 0.0000550 seconds
72.810: [Full GC72.810: [Tenured: 128384K->128384K(128384K), 0.0889990 secs] 186111K->186111K(186112K), [Perm : 12790K->12790K(21248K)], 0.0890280 secs] [Times: user=0.09 sys=0.00, real=0.09 secs] 
72.899: [Full GC72.899: [Tenured: 128384K->128384K(128384K), 0.0888780 secs] 186111K->186111K(186112K), [Perm : 12790K->12790K(21248K)], 0.0889070 secs] [Times: user=0.08 sys=0.00, real=0.09 secs] 
72.988: Total time for which application threads were stopped: 0.1781320 seconds, Stopping threads took: 0.0000050 seconds
72.988: Application time: 0.0000540 seconds
72.988: [Full GC72.988: [Tenured: 128384K->128384K(128384K), 0.0889880 secs] 186111K->186111K(186112K), [Perm : 12790K->12790K(21248K)], 0.0890170 secs] [Times: user=0.08 sys=0.00, real=0.09 secs] 
73.077: Total time for which application threads were stopped: 0.0891860 seconds, Stopping threads took: 0.0000050 seconds
73.077: Application time: 0.0000630 seconds
73.077: [Full GC73.077: [Tenured: 128384K->128384K(128384K), 0.0892980 secs] 186111K->186111K(186112K), [Perm : 12790K->12790K(21248K)], 0.0893280 secs] [Times: user=0.09 sys=0.00, real=0.08 secs] 
73.167: Total time for which application threads were stopped: 0.0894970 seconds, Stopping threads took: 0.0000050 seconds
73.167: Application time: 0.0000450 seconds
73.167: [Full GC73.167: [Tenured: 128384K->128384K(128384K), 0.0889040 secs] 186111K->186111K(186112K), [Perm : 12790K->12790K(21248K)], 0.0889310 secs] [Times: user=0.09 sys=0.00, real=0.10 secs] 
73.256: [Full GC73.256: [Tenured: 128384K->128384K(128384K), 0.0890010 secs] 186111K->186111K(186112K), [Perm : 12790K->12790K(21248K)], 0.0890310 secs] [Times: user=0.09 sys=0.00, real=0.08 secs] 
73.345: Total time for which application threads were stopped: 0.1781600 seconds, Stopping threads took: 0.0000050 seconds
73.345: Application time: 0.0000860 seconds
73.345: [Full GC73.345: [Tenured: 128384K->128383K(128384K), 0.0986310 secs] 186111K->186041K(186112K), [Perm : 12790K->12790K(21248K)], 0.0986650 secs] [Times: user=0.10 sys=0.00, real=0.10 secs] 
73.444: Total time for which application threads were stopped: 0.0988540 seconds, Stopping threads took: 0.0000050 seconds
73.444: Application time: 0.0003040 seconds
73.444: [Full GC73.444: [Tenured: 128383K->128383K(128384K), 0.0891530 secs] 186110K->186075K(186112K), [Perm : 12790K->12790K(21248K)], 0.0891900 secs] [Times: user=0.09 sys=0.00, real=0.09 secs] 
73.534: Total time for which application threads were stopped: 0.0894730 seconds, Stopping threads took: 0.0000080 seconds
73.534: Application time: 0.0002680 seconds
73.534: [Full GC73.534: [Tenured: 128383K->128383K(128384K), 0.0890150 secs] 186111K->186090K(186112K), [Perm : 12790K->12790K(21248K)], 0.0890450 secs] [Times: user=0.09 sys=0.00, real=0.09 secs] 
73.623: Total time for which application threads were stopped: 0.0892150 seconds, Stopping threads took: 0.0000050 seconds
73.623: Application time: 0.0001940 seconds
73.623: [Full GC73.623: [Tenured: 128383K->128383K(128384K), 0.0888600 secs] 186111K->186107K(186112K), [Perm : 12790K->12790K(21248K)], 0.0888960 secs] [Times: user=0.09 sys=0.00, real=0.09 secs] 
73.712: Total time for which application threads were stopped: 0.0890660 seconds, Stopping threads took: 0.0000060 seconds
73.712: Application time: 0.0000820 seconds
73.713: [Full GC73.713: [Tenured: 128383K->128383K(128384K), 0.0889030 secs] 186111K->186111K(186112K), [Perm : 12790K->12790K(21248K)], 0.0889320 secs] [Times: user=0.09 sys=0.00, real=0.09 secs] 
73.802: Total time for which application threads were stopped: 0.0891030 seconds, Stopping threads took: 0.0000060 seconds
73.802: Application time: 0.0000520 seconds
73.802: [Full GC73.802: [Tenured: 128383K->128383K(128384K), 0.0889750 secs] 186111K->186111K(186112K), [Perm : 12790K->12790K(21248K)], 0.0890020 secs] [Times: user=0.08 sys=0.00, real=0.09 secs] 
73.891: Total time for which application threads were stopped: 0.0891710 seconds, Stopping threads took: 0.0000060 seconds
73.891: Application time: 0.0000340 seconds
73.891: [Full GC73.891: [Tenured: 128383K->128383K(128384K), 0.0889520 secs] 186111K->186111K(186112K), [Perm : 12790K->12790K(21248K)], 0.0889810 secs] [Times: user=0.09 sys=0.00, real=0.09 secs] 
73.980: [Full GC73.980: [Tenured: 128383K->128383K(128384K), 0.0888500 secs] 186111K->186111K(186112K), [Perm : 12790K->12790K(21248K)], 0.0888770 secs] [Times: user=0.09 sys=0.00, real=0.09 secs] 
74.069: Total time for which application threads were stopped: 0.1780760 seconds, Stopping threads took: 0.0000060 seconds
74.069: Application time: 0.0000400 seconds
74.069: [Full GC74.069: [Tenured: 128383K->128383K(128384K), 0.0892760 secs] 186111K->186111K(186112K), [Perm : 12790K->12790K(21248K)], 0.0893080 secs] [Times: user=0.09 sys=0.00, real=0.09 secs] 
74.158: Total time for which application threads were stopped: 0.0894780 seconds, Stopping threads took: 0.0000050 seconds
74.158: Application time: 0.0000430 seconds
74.159: [Full GC74.159: [Tenured: 128383K->128383K(128384K), 0.0889420 secs] 186111K->186111K(186112K), [Perm : 12790K->12790K(21248K)], 0.0889710 secs] [Times: user=0.09 sys=0.00, real=0.09 secs] 
74.248: [Full GC74.248: [Tenured: 128383K->128383K(128384K), 0.0887150 secs] 186111K->186111K(186112K), [Perm : 12790K->12790K(21248K)], 0.0887420 secs] [Times: user=0.09 sys=0.00, real=0.09 secs] 
74.336: Total time for which application threads were stopped: 0.1779120 seconds, Stopping threads took: 0.0000060 seconds
74.336: Application time: 0.0000640 seconds
74.337: [Full GC74.337: [Tenured: 128383K->128383K(128384K), 0.0888630 secs] 186111K->186041K(186112K), [Perm : 12790K->12790K(21248K)], 0.0888920 secs] [Times: user=0.09 sys=0.00, real=0.08 secs] 
74.425: Total time for which application threads were stopped: 0.0890640 seconds, Stopping threads took: 0.0000050 seconds
74.426: Application time: 0.0002550 seconds
74.426: [Full GC74.426: [Tenured: 128383K->128384K(128384K), 0.0986140 secs] 186098K->186073K(186112K), [Perm : 12790K->12790K(21248K)], 0.0986470 secs] [Times: user=0.10 sys=0.00, real=0.10 secs] 
74.525: Total time for which application threads were stopped: 0.0988360 seconds, Stopping threads took: 0.0000060 seconds
74.525: Application time: 0.0002060 seconds
74.525: [Full GC74.525: [Tenured: 128384K->128384K(128384K), 0.0891360 secs] 186111K->186094K(186112K), [Perm : 12790K->12790K(21248K)], 0.0891750 secs] [Times: user=0.09 sys=0.00, real=0.09 secs] 
74.614: Total time for which application threads were stopped: 0.0894590 seconds, Stopping threads took: 0.0000060 seconds
74.614: Application time: 0.0001850 seconds
74.615: [Full GC74.615: [Tenured: 128384K->128384K(128384K), 0.0889040 secs] 186111K->186092K(186112K), [Perm : 12790K->12790K(21248K)], 0.0889320 secs] [Times: user=0.09 sys=0.00, real=0.09 secs] 
74.704: Total time for which application threads were stopped: 0.0890990 seconds, Stopping threads took: 0.0000040 seconds
74.704: Application time: 0.0002060 seconds
74.704: [Full GC74.704: [Tenured: 128384K->128384K(128384K), 0.0889570 secs] 186111K->186108K(186112K), [Perm : 12790K->12790K(21248K)], 0.0889870 secs] [Times: user=0.09 sys=0.00, real=0.09 secs] 
74.793: Total time for which application threads were stopped: 0.0891790 seconds, Stopping threads took: 0.0000290 seconds
74.793: Application time: 0.0000860 seconds
74.793: [Full GC74.793: [Tenured: 128384K->128384K(128384K), 0.0889370 secs] 186111K->186111K(186112K), [Perm : 12790K->12790K(21248K)], 0.0889660 secs] [Times: user=0.09 sys=0.00, real=0.09 secs] 
74.882: Total time for which application threads were stopped: 0.0891350 seconds, Stopping threads took: 0.0000050 seconds
74.882: Application time: 0.0000860 seconds
74.882: [Full GC74.882: [Tenured: 128384K->128384K(128384K), 0.0987490 secs] 186111K->186111K(186112K), [Perm : 12790K->12790K(21248K)], 0.0987810 secs] [Times: user=0.10 sys=0.00, real=0.10 secs] 
74.981: Total time for which application threads were stopped: 0.0989670 seconds, Stopping threads took: 0.0000190 seconds
74.981: Application time: 0.0000760 seconds
74.981: [Full GC74.981: [Tenured: 128384K->128384K(128384K), 0.0908230 secs] 186111K->186111K(186112K), [Perm : 12790K->12790K(21248K)], 0.0908510 secs] [Times: user=0.08 sys=0.01, real=0.09 secs] 
75.072: [Full GC75.072: [Tenured: 128384K->128384K(128384K), 0.0893820 secs] 186111K->186111K(186112K), [Perm : 12790K->12790K(21248K)], 0.0894120 secs] [Times: user=0.09 sys=0.00, real=0.09 secs] 
75.162: Total time for which application threads were stopped: 0.1804960 seconds, Stopping threads took: 0.0000190 seconds
75.162: Application time: 0.0000800 seconds
75.162: [Full GC75.162: [Tenured: 128384K->128384K(128384K), 0.0987130 secs] 186111K->186111K(186112K), [Perm : 12790K->12790K(21248K)], 0.0987430 secs] [Times: user=0.10 sys=0.00, real=0.10 secs] 
75.261: Total time for which application threads were stopped: 0.0989290 seconds, Stopping threads took: 0.0000180 seconds
75.261: Application time: 0.0000760 seconds
75.261: [Full GC75.261: [Tenured: 128384K->128384K(128384K), 0.0988410 secs] 186111K->186111K(186112K), [Perm : 12790K->12790K(21248K)], 0.0988720 secs] [Times: user=0.10 sys=0.00, real=0.10 secs] 
75.360: [Full GC75.360: [Tenured: 128384K->128384K(128384K), 0.0986760 secs] 186111K->186111K(186112K), [Perm : 12790K->12790K(21248K)], 0.0987050 secs] [Times: user=0.10 sys=0.00, real=0.10 secs] 
75.459: Total time for which application threads were stopped: 0.1977910 seconds, Stopping threads took: 0.0000190 seconds
75.459: Application time: 0.0000970 seconds
75.459: [Full GC75.459: [Tenured: 128384K->128384K(128384K), 0.0987220 secs] 186111K->186041K(186112K), [Perm : 12790K->12790K(21248K)], 0.0987530 secs] [Times: user=0.10 sys=0.00, real=0.10 secs] 
75.558: Total time for which application threads were stopped: 0.0989270 seconds, Stopping threads took: 0.0000060 seconds
75.558: Application time: 0.0002730 seconds
75.558: [Full GC75.558: [Tenured: 128384K->128383K(128384K), 0.1056940 secs] 186098K->186072K(186112K), [Perm : 12790K->12790K(21248K)], 0.1057270 secs] [Times: user=0.10 sys=0.00, real=0.10 secs] 
75.664: Total time for which application threads were stopped: 0.1059170 seconds, Stopping threads took: 0.0000060 seconds
75.664: Application time: 0.0002070 seconds
75.664: [Full GC75.664: [Tenured: 128383K->128383K(128384K), 0.0891170 secs] 186111K->186094K(186112K), [Perm : 12790K->12790K(21248K)], 0.0891560 secs] [Times: user=0.09 sys=0.00, real=0.09 secs] 
75.754: Total time for which application threads were stopped: 0.0894390 seconds, Stopping threads took: 0.0000060 seconds
75.754: Application time: 0.0001810 seconds
75.754: [Full GC75.754: [Tenured: 128383K->128383K(128384K), 0.0889330 secs] 186111K->186092K(186112K), [Perm : 12790K->12790K(21248K)], 0.0889630 secs] [Times: user=0.09 sys=0.00, real=0.09 secs] 
75.843: Total time for which application threads were stopped: 0.0891330 seconds, Stopping threads took: 0.0000050 seconds
75.843: Application time: 0.0002200 seconds
75.843: [Full GC75.843: [Tenured: 128383K->128383K(128384K), 0.0905760 secs] 186111K->186108K(186112K), [Perm : 12790K->12790K(21248K)], 0.0906080 secs] [Times: user=0.09 sys=0.00, real=0.09 secs] 
75.934: Total time for which application threads were stopped: 0.0907950 seconds, Stopping threads took: 0.0000190 seconds
75.934: Application time: 0.0001100 seconds
75.934: [Full GC75.934: [Tenured: 128383K->128383K(128384K), 0.0949940 secs] 186111K->186111K(186112K), [Perm : 12790K->12790K(21248K)], 0.0950250 secs] [Times: user=0.10 sys=0.00, real=0.10 secs] 
76.029: Total time for which application threads were stopped: 0.0952100 seconds, Stopping threads took: 0.0000190 seconds
76.029: Application time: 0.0000870 seconds
76.029: [Full GC76.029: [Tenured: 128383K->128383K(128384K), 0.0960690 secs] 186111K->186111K(186112K), [Perm : 12790K->12790K(21248K)], 0.0961000 secs] [Times: user=0.10 sys=0.00, real=0.09 secs] 
76.126: Total time for which application threads were stopped: 0.0962860 seconds, Stopping threads took: 0.0000190 seconds
76.126: Application time: 0.0000950 seconds
76.126: [Full GC76.126: [Tenured: 128383K->128383K(128384K), 0.0987990 secs] 186111K->186111K(186112K), [Perm : 12790K->12790K(21248K)], 0.0988280 secs] [Times: user=0.10 sys=0.00, real=0.10 secs] 
76.225: [Full GC76.225: [Tenured: 128383K->128383K(128384K), 0.0987550 secs] 186111K->186111K(186112K), [Perm : 12790K->12790K(21248K)], 0.0987930 secs] [Times: user=0.09 sys=0.00, real=0.10 secs] 
76.323: Total time for which application threads were stopped: 0.1978490 seconds, Stopping threads took: 0.0000190 seconds
76.324: Application time: 0.0000610 seconds
76.324: [Full GC76.324: [Tenured: 128383K->128383K(128384K), 0.0988090 secs] 186111K->186111K(186112K), [Perm : 12790K->12790K(21248K)], 0.0988390 secs] [Times: user=0.10 sys=0.00, real=0.10 secs] 
76.423: [Full GC76.423: [Tenured: 128383K->128383K(128384K), 0.0986270 secs] 186111K->186111K(186112K), [Perm : 12790K->12790K(21248K)], 0.0986550 secs] [Times: user=0.10 sys=0.00, real=0.10 secs] 
76.521: Total time for which application threads were stopped: 0.1976950 seconds, Stopping threads took: 0.0000060 seconds
76.521: Application time: 0.0001200 seconds
76.522: [Full GC76.522: [Tenured: 128383K->128383K(128384K), 0.0987050 secs] 186111K->186040K(186112K), [Perm : 12790K->12790K(21248K)], 0.0987320 secs] [Times: user=0.10 sys=0.00, real=0.10 secs] 
76.620: Total time for which application threads were stopped: 0.0989020 seconds, Stopping threads took: 0.0000050 seconds
76.621: Application time: 0.0002970 seconds
76.621: [Full GC76.621: [Tenured: 128383K->128383K(128384K), 0.0898930 secs] 186098K->186072K(186112K), [Perm : 12790K->12790K(21248K)], 0.0899230 secs] [Times: user=0.09 sys=0.00, real=0.09 secs] 
76.711: Total time for which application threads were stopped: 0.0901180 seconds, Stopping threads took: 0.0000180 seconds
76.711: Application time: 0.0002050 seconds
76.711: [Full GC76.711: [Tenured: 128383K->128383K(128384K), 0.0985590 secs] 186111K->186094K(186112K), [Perm : 12790K->12790K(21248K)], 0.0985920 secs] [Times: user=0.10 sys=0.00, real=0.10 secs] 
76.810: Total time for which application threads were stopped: 0.0987810 seconds, Stopping threads took: 0.0000050 seconds
76.810: Application time: 0.0002320 seconds
76.810: [Full GC76.810: [Tenured: 128384K->128384K(128384K), 0.0934030 secs] 186111K->186091K(186112K), [Perm : 12790K->12790K(21248K)], 0.0934350 secs] [Times: user=0.09 sys=0.00, real=0.09 secs] 
76.904: Total time for which application threads were stopped: 0.0937380 seconds, Stopping threads took: 0.0000190 seconds
76.904: Application time: 0.0002390 seconds
76.904: [Full GC76.904: [Tenured: 128384K->128384K(128384K), 0.0986800 secs] 186111K->186108K(186112K), [Perm : 12790K->12790K(21248K)], 0.0987110 secs] [Times: user=0.10 sys=0.00, real=0.10 secs] 
77.003: Total time for which application threads were stopped: 0.0988970 seconds, Stopping threads took: 0.0000190 seconds
77.003: Application time: 0.0001100 seconds
77.003: [Full GC77.003: [Tenured: 128384K->128384K(128384K), 0.0889150 secs] 186111K->186111K(186112K), [Perm : 12790K->12790K(21248K)], 0.0889450 secs] [Times: user=0.09 sys=0.00, real=0.09 secs] 
77.092: Total time for which application threads were stopped: 0.0891330 seconds, Stopping threads took: 0.0000200 seconds
77.092: Application time: 0.0000870 seconds
77.092: [Full GC77.092: [Tenured: 128384K->128383K(128384K), 0.0904040 secs] 186111K->186111K(186112K), [Perm : 12790K->12790K(21248K)], 0.0904350 secs] [Times: user=0.09 sys=0.00, real=0.09 secs] 
77.183: Total time for which application threads were stopped: 0.0906210 seconds, Stopping threads took: 0.0000180 seconds
77.183: Application time: 0.0000700 seconds
77.183: [Full GC77.183: [Tenured: 128384K->128384K(128384K), 0.0987330 secs] 186111K->186111K(186112K), [Perm : 12790K->12790K(21248K)], 0.0987630 secs] [Times: user=0.10 sys=0.00, real=0.10 secs] 
77.282: [Full GC77.282: [Tenured: 128384K->128384K(128384K), 0.0985670 secs] 186111K->186111K(186112K), [Perm : 12790K->12790K(21248K)], 0.0985940 secs] [Times: user=0.10 sys=0.00, real=0.10 secs] 
77.380: Total time for which application threads were stopped: 0.1975680 seconds, Stopping threads took: 0.0000190 seconds
77.380: Application time: 0.0000630 seconds
77.381: [Full GC77.381: [Tenured: 128384K->128384K(128384K), 0.0987150 secs] 186111K->186111K(186112K), [Perm : 12790K->12790K(21248K)], 0.0987450 secs] [Times: user=0.10 sys=0.00, real=0.10 secs] 
77.479: [Full GC77.479: [Tenured: 128384K->128384K(128384K), 0.0986260 secs] 186111K->186111K(186112K), [Perm : 12790K->12790K(21248K)], 0.0986540 secs] [Times: user=0.10 sys=0.00, real=0.10 secs] 
77.578: Total time for which application threads were stopped: 0.1976170 seconds, Stopping threads took: 0.0000060 seconds
77.578: Application time: 0.0000940 seconds
77.578: [Full GC77.578: [Tenured: 128384K->128384K(128384K), 0.0888240 secs] 186111K->186039K(186112K), [Perm : 12790K->12790K(21248K)], 0.0888540 secs] [Times: user=0.09 sys=0.00, real=0.08 secs] 
77.667: Total time for which application threads were stopped: 0.0890290 seconds, Stopping threads took: 0.0000090 seconds
77.667: Application time: 0.0002750 seconds
77.668: [Full GC77.668: [Tenured: 128384K->128384K(128384K), 0.0888550 secs] 186098K->186072K(186112K), [Perm : 12790K->12790K(21248K)], 0.0888840 secs] [Times: user=0.09 sys=0.00, real=0.09 secs] 
77.757: Total time for which application threads were stopped: 0.0890560 seconds, Stopping threads took: 0.0000070 seconds
77.757: Application time: 0.0001830 seconds
77.757: [Full GC77.757: [Tenured: 128384K->128384K(128384K), 0.0888790 secs] 186111K->186094K(186112K), [Perm : 12790K->12790K(21248K)], 0.0889070 secs] [Times: user=0.09 sys=0.00, real=0.08 secs] 
77.846: Total time for which application threads were stopped: 0.0890770 seconds, Stopping threads took: 0.0000050 seconds
77.846: Application time: 0.0001720 seconds
77.846: [Full GC77.846: [Tenured: 128384K->128383K(128384K), 0.0985410 secs] 186111K->186091K(186112K), [Perm : 12790K->12790K(21248K)], 0.0985770 secs] [Times: user=0.10 sys=0.00, real=0.10 secs] 
77.945: Total time for which application threads were stopped: 0.0987530 seconds, Stopping threads took: 0.0000050 seconds
77.945: Application time: 0.0001970 seconds
77.945: [Full GC77.945: [Tenured: 128383K->128383K(128384K), 0.0891820 secs] 186111K->186108K(186112K), [Perm : 12790K->12790K(21248K)], 0.0892140 secs] [Times: user=0.09 sys=0.00, real=0.09 secs] 
78.034: Total time for which application threads were stopped: 0.0895250 seconds, Stopping threads took: 0.0000070 seconds
78.035: Application time: 0.0000790 seconds
78.035: [Full GC78.035: [Tenured: 128383K->128383K(128384K), 0.0890760 secs] 186111K->186111K(186112K), [Perm : 12790K->12790K(21248K)], 0.0891040 secs] [Times: user=0.09 sys=0.00, real=0.09 secs] 
78.124: Total time for which application threads were stopped: 0.0892740 seconds, Stopping threads took: 0.0000060 seconds
78.124: Application time: 0.0000480 seconds
78.124: [Full GC78.124: [Tenured: 128383K->128383K(128384K), 0.0888990 secs] 186111K->186111K(186112K), [Perm : 12790K->12790K(21248K)], 0.0889280 secs] [Times: user=0.08 sys=0.00, real=0.09 secs] 
78.213: Total time for which application threads were stopped: 0.0890980 seconds, Stopping threads took: 0.0000060 seconds
78.213: Application time: 0.0000310 seconds
78.213: [Full GC78.213: [Tenured: 128383K->128383K(128384K), 0.0889440 secs] 186111K->186111K(186112K), [Perm : 12790K->12790K(21248K)], 0.0889720 secs] [Times: user=0.09 sys=0.00, real=0.09 secs] 
78.302: [Full GC78.302: [Tenured: 128383K->128383K(128384K), 0.0887660 secs] 186111K->186111K(186112K), [Perm : 12790K->12790K(21248K)], 0.0887990 secs] [Times: user=0.09 sys=0.00, real=0.09 secs] 
78.391: Total time for which application threads were stopped: 0.1779760 seconds, Stopping threads took: 0.0000050 seconds
78.391: Application time: 0.0000430 seconds
78.391: [Full GC78.391: [Tenured: 128383K->128383K(128384K), 0.0889560 secs] 186111K->186111K(186112K), [Perm : 12790K->12790K(21248K)], 0.0889850 secs] [Times: user=0.09 sys=0.00, real=0.09 secs] 
78.480: [Full GC78.480: [Tenured: 128383K->128383K(128384K), 0.0887480 secs] 186111K->186111K(186112K), [Perm : 12790K->12790K(21248K)], 0.0887770 secs] [Times: user=0.09 sys=0.00, real=0.09 secs] 
78.569: Total time for which application threads were stopped: 0.1779580 seconds, Stopping threads took: 0.0000060 seconds
78.569: Application time: 0.0000570 seconds
78.569: [Full GC78.569: [Tenured: 128383K->128383K(128384K), 0.0889230 secs] 186111K->186039K(186112K), [Perm : 12790K->12790K(21248K)], 0.0889530 secs] [Times: user=0.09 sys=0.00, real=0.09 secs] 
78.658: Total time for which application threads were stopped: 0.0891400 seconds, Stopping threads took: 0.0000060 seconds
185.532: Application time: 106.8742230 seconds
185.533: [Full GC185.533: [Tenured: 128383K->128383K(128384K), 0.1072130 secs] 186111K->186045K(186112K), [Perm : 12798K->12798K(21248K)], 0.1072730 secs] [Times: user=0.11 sys=0.00, real=0.11 secs] 
185.640: Total time for which application threads were stopped: 0.1076360 seconds, Stopping threads took: 0.0000280 seconds
185.641: Application time: 0.0009330 seconds
185.641: Total time for which application threads were stopped: 0.0001730 seconds, Stopping threads took: 0.0000370 seconds
185.641: Application time: 0.0000480 seconds
185.641: [Full GC185.641: [Tenured: 128383K->128383K(128384K), 0.0887840 secs] 186107K->186051K(186112K), [Perm : 12801K->12801K(21248K)], 0.0888190 secs] [Times: user=0.09 sys=0.00, real=0.09 secs] 
185.730: Total time for which application threads were stopped: 0.0889070 seconds, Stopping threads took: 0.0000050 seconds
185.730: Application time: 0.0000670 seconds
185.730: [Full GC185.730: [Tenured: 128383K->128383K(128384K), 0.0886990 secs] 186111K->186104K(186112K), [Perm : 12801K->12801K(21248K)], 0.0887320 secs] [Times: user=0.09 sys=0.00, real=0.09 secs] 
185.819: [Full GC185.819: [Tenured: 128383K->128383K(128384K), 0.0981600 secs] 186104K->186102K(186112K), [Perm : 12801K->12801K(21248K)], 0.0981960 secs] [Times: user=0.10 sys=0.00, real=0.10 secs] 
185.917: Total time for which application threads were stopped: 0.1871850 seconds, Stopping threads took: 0.0000490 seconds
185.917: Application time: 0.0000330 seconds
185.918: [Full GC185.918: [Tenured: 128383K->128383K(128384K), 0.0887570 secs] 186102K->186102K(186112K), [Perm : 12801K->12801K(21248K)], 0.0887890 secs] [Times: user=0.09 sys=0.00, real=0.08 secs] 
186.006: [Full GC186.006: [Tenured: 128383K->128383K(128384K), 0.0884310 secs] 186102K->186102K(186112K), [Perm : 12801K->12801K(21248K)], 0.0884610 secs] [Times: user=0.09 sys=0.00, real=0.09 secs] 
186.095: Total time for which application threads were stopped: 0.1775860 seconds, Stopping threads took: 0.0000190 seconds
186.095: Application time: 0.0000780 seconds
186.095: [Full GC186.095: [Tenured: 128383K->128383K(128384K), 0.0889110 secs] 186110K->186087K(186112K), [Perm : 12801K->12801K(21248K)], 0.0889410 secs] [Times: user=0.09 sys=0.00, real=0.09 secs] 
186.184: Total time for which application threads were stopped: 0.0891290 seconds, Stopping threads took: 0.0000100 seconds
186.184: Application time: 0.0000530 seconds
186.184: [Full GC186.184: [Tenured: 128383K->128383K(128384K), 0.0886380 secs] 186101K->186095K(186112K), [Perm : 12801K->12801K(21248K)], 0.0886680 secs] [Times: user=0.08 sys=0.00, real=0.09 secs] 
186.273: [Full GC186.273: [Tenured: 128383K->128383K(128384K), 0.0884520 secs] 186095K->186095K(186112K), [Perm : 12801K->12801K(21248K)], 0.0884810 secs] [Times: user=0.09 sys=0.00, real=0.09 secs] 
186.362: Total time for which application threads were stopped: 0.1773610 seconds, Stopping threads took: 0.0000180 seconds
186.362: Application time: 0.0000860 seconds
186.362: [Full GC186.362: [Tenured: 128383K->128383K(128384K), 0.0892950 secs] 186110K->186092K(186112K), [Perm : 12801K->12801K(21248K)], 0.0893320 secs] [Times: user=0.09 sys=0.00, real=0.09 secs] 
186.451: [Full GC186.451: [Tenured: 128383K->128383K(128384K), 0.0885370 secs] 186092K->186092K(186112K), [Perm : 12801K->12801K(21248K)], 0.0885660 secs] [Times: user=0.09 sys=0.00, real=0.09 secs] 
186.540: Total time for which application threads were stopped: 0.1781010 seconds, Stopping threads took: 0.0000100 seconds
186.540: Application time: 0.0000780 seconds
186.540: [Full GC186.540: [Tenured: 128383K->128383K(128384K), 0.0919400 secs] 186110K->186094K(186112K), [Perm : 12801K->12801K(21248K)], 0.0919740 secs] [Times: user=0.09 sys=0.00, real=0.09 secs] 
186.632: [Full GC186.632: [Tenured: 128383K->128383K(128384K), 0.0883490 secs] 186094K->186094K(186112K), [Perm : 12801K->12801K(21248K)], 0.0883770 secs] [Times: user=0.09 sys=0.00, real=0.09 secs] 
186.720: Total time for which application threads were stopped: 0.1805950 seconds, Stopping threads took: 0.0000490 seconds
186.721: Application time: 0.0001240 seconds
186.721: [Full GC186.721: [Tenured: 128383K->128383K(128384K), 0.0886500 secs] 186107K->186084K(186112K), [Perm : 12801K->12801K(21248K)], 0.0886830 secs] [Times: user=0.09 sys=0.00, real=0.09 secs] 
186.809: Total time for which application threads were stopped: 0.0889140 seconds, Stopping threads took: 0.0000370 seconds
186.810: Application time: 0.0000580 seconds
186.810: [Full GC186.810: [Tenured: 128383K->128383K(128384K), 0.0885750 secs] 186096K->186092K(186112K), [Perm : 12801K->12801K(21248K)], 0.0886100 secs] [Times: user=0.09 sys=0.00, real=0.09 secs] 
186.898: [Full GC186.898: [Tenured: 128383K->128383K(128384K), 0.0884650 secs] 186092K->186092K(186112K), [Perm : 12801K->12801K(21248K)], 0.0884970 secs] [Times: user=0.09 sys=0.00, real=0.08 secs] 
186.987: Total time for which application threads were stopped: 0.1773190 seconds, Stopping threads took: 0.0000160 seconds
186.987: Application time: 0.0001970 seconds
186.987: [Full GC186.987: [Tenured: 128383K->128383K(128384K), 0.0888940 secs] 186107K->186082K(186112K), [Perm : 12801K->12801K(21248K)], 0.0889260 secs] [Times: user=0.09 sys=0.00, real=0.10 secs] 
187.076: Total time for which application threads were stopped: 0.0891050 seconds, Stopping threads took: 0.0000070 seconds
187.076: Application time: 0.0001440 seconds
187.076: [Full GC187.076: [Tenured: 128383K->128383K(128384K), 0.0894750 secs] 186110K->186105K(186112K), [Perm : 12802K->12802K(21248K)], 0.0895090 secs] [Times: user=0.09 sys=0.00, real=0.08 secs] 
187.166: [Full GC187.166: [Tenured: 128383K->128383K(128384K), 0.0884980 secs] 186105K->186105K(186112K), [Perm : 12802K->12802K(21248K)], 0.0885270 secs] [Times: user=0.09 sys=0.00, real=0.09 secs] 
187.255: Total time for which application threads were stopped: 0.1782650 seconds, Stopping threads took: 0.0000070 seconds
187.255: Application time: 0.0002190 seconds
187.255: [Full GC187.255: [Tenured: 128383K->128383K(128384K), 0.1121970 secs] 186111K->186095K(186112K), [Perm : 12804K->12804K(21248K)], 0.1122360 secs] [Times: user=0.11 sys=0.00, real=0.11 secs] 
187.367: Total time for which application threads were stopped: 0.1124410 seconds, Stopping threads took: 0.0000110 seconds
187.367: Application time: 0.0002340 seconds
187.368: [Full GC187.368: [Tenured: 128383K->128383K(128384K), 0.0889880 secs] 186104K->186080K(186112K), [Perm : 12804K->12804K(21248K)], 0.0890240 secs] [Times: user=0.09 sys=0.00, real=0.09 secs] 
187.457: Total time for which application threads were stopped: 0.0893320 seconds, Stopping threads took: 0.0000310 seconds
187.457: Application time: 0.0001200 seconds
187.457: [Full GC187.457: [Tenured: 128383K->128383K(128384K), 0.0886320 secs] 186111K->186103K(186112K), [Perm : 12804K->12804K(21248K)], 0.0886640 secs] [Times: user=0.09 sys=0.00, real=0.08 secs] 
187.546: [Full GC187.546: [Tenured: 128383K->128384K(128384K), 0.0982340 secs] 186103K->186103K(186112K), [Perm : 12804K->12804K(21248K)], 0.0982680 secs] [Times: user=0.10 sys=0.00, real=0.10 secs] 
187.644: Total time for which application threads were stopped: 0.1871860 seconds, Stopping threads took: 0.0000410 seconds
187.644: Application time: 0.0001560 seconds
187.645: [Full GC187.645: [Tenured: 128384K->128384K(128384K), 0.0890690 secs] 186111K->186096K(186112K), [Perm : 12804K->12804K(21248K)], 0.0891030 secs] [Times: user=0.09 sys=0.00, real=0.09 secs] 
187.734: Total time for which application threads were stopped: 0.0894110 seconds, Stopping threads took: 0.0000330 seconds
187.734: Application time: 0.0001700 seconds
187.734: Total time for which application threads were stopped: 0.0001820 seconds, Stopping threads took: 0.0000420 seconds
187.734: Application time: 0.0000390 seconds
187.734: [Full GC187.734: [Tenured: 128384K->128384K(128384K), 0.0887450 secs] 186109K->186082K(186112K), [Perm : 12804K->12804K(21248K)], 0.0887770 secs] [Times: user=0.09 sys=0.00, real=0.09 secs] 
187.823: Total time for which application threads were stopped: 0.0888490 seconds, Stopping threads took: 0.0000030 seconds
187.823: Application time: 0.0001120 seconds
187.823: [Full GC187.823: [Tenured: 128384K->128384K(128384K), 0.0887050 secs] 186106K->186102K(186112K), [Perm : 12804K->12804K(21248K)], 0.0887350 secs] [Times: user=0.09 sys=0.00, real=0.09 secs] 
187.912: [Full GC187.912: [Tenured: 128384K->128384K(128384K), 0.0884390 secs] 186102K->186102K(186112K), [Perm : 12804K->12804K(21248K)], 0.0884680 secs] [Times: user=0.09 sys=0.00, real=0.09 secs] 
188.001: Total time for which application threads were stopped: 0.1774990 seconds, Stopping threads took: 0.0000690 seconds
188.001: Application time: 0.0001880 seconds
188.001: [Full GC188.001: [Tenured: 128384K->128384K(128384K), 0.0889360 secs] 186111K->186102K(186112K), [Perm : 12804K->12804K(21248K)], 0.0889680 secs] [Times: user=0.09 sys=0.00, real=0.09 secs] 
188.090: Total time for which application threads were stopped: 0.0891880 seconds, Stopping threads took: 0.0000400 seconds
188.090: Application time: 0.0001340 seconds
188.090: [Full GC188.090: [Tenured: 128384K->128384K(128384K), 0.0893530 secs] 186110K->186089K(186112K), [Perm : 12804K->12804K(21248K)], 0.0893830 secs] [Times: user=0.09 sys=0.00, real=0.09 secs] 
188.180: Total time for which application threads were stopped: 0.0895940 seconds, Stopping threads took: 0.0000440 seconds
188.180: Application time: 0.0001020 seconds
188.180: [Full GC188.180: [Tenured: 128384K->128384K(128384K), 0.0889380 secs] 186111K->186108K(186112K), [Perm : 12804K->12804K(21248K)], 0.0889660 secs] [Times: user=0.09 sys=0.00, real=0.09 secs] 
188.269: [Full GC188.269: [Tenured: 128384K->128384K(128384K), 0.0886170 secs] 186108K->186108K(186112K), [Perm : 12804K->12804K(21248K)], 0.0886450 secs] [Times: user=0.08 sys=0.00, real=0.09 secs] 
188.358: Total time for which application threads were stopped: 0.1778350 seconds, Stopping threads took: 0.0000190 seconds
188.358: Application time: 0.0001700 seconds
188.358: [Full GC188.358: [Tenured: 128384K->128384K(128384K), 0.0887300 secs] 186111K->186099K(186112K), [Perm : 12804K->12804K(21248K)], 0.0887650 secs] [Times: user=0.08 sys=0.00, real=0.08 secs] 
188.447: Total time for which application threads were stopped: 0.0889700 seconds, Stopping threads took: 0.0000240 seconds
188.447: Application time: 0.0000750 seconds
188.447: Total time for which application threads were stopped: 0.0002310 seconds, Stopping threads took: 0.0000920 seconds
188.447: Application time: 0.0001540 seconds
188.447: [Full GC188.447: [Tenured: 128384K->128384K(128384K), 0.0992560 secs] 186109K->186084K(186112K), [Perm : 12804K->12804K(21248K)], 0.0992920 secs] [Times: user=0.09 sys=0.00, real=0.10 secs] 
188.547: Total time for which application threads were stopped: 0.0994510 seconds, Stopping threads took: 0.0000410 seconds
188.547: Application time: 0.0001200 seconds
188.547: [Full GC188.547: [Tenured: 128384K->128384K(128384K), 0.0968440 secs] 186107K->186103K(186112K), [Perm : 12804K->12804K(21248K)], 0.0968750 secs] [Times: user=0.09 sys=0.00, real=0.10 secs] 
188.644: [Full GC188.644: [Tenured: 128384K->128384K(128384K), 0.0889630 secs] 186103K->186103K(186112K), [Perm : 12804K->12804K(21248K)], 0.0889900 secs] [Times: user=0.09 sys=0.00, real=0.09 secs] 
188.733: Total time for which application threads were stopped: 0.1860910 seconds, Stopping threads took: 0.0000290 seconds
188.733: Application time: 0.0001120 seconds
188.733: [Full GC188.733: [Tenured: 128384K->128384K(128384K), 0.0904570 secs] 186111K->186106K(186112K), [Perm : 12804K->12804K(21248K)], 0.0904940 secs] [Times: user=0.09 sys=0.00, real=0.09 secs] 
188.824: Total time for which application threads were stopped: 0.0907420 seconds, Stopping threads took: 0.0000740 seconds
188.824: Application time: 0.0001860 seconds
188.824: [Full GC188.824: [Tenured: 128384K->128384K(128384K), 0.0892970 secs] 186111K->186093K(186112K), [Perm : 12805K->12805K(21248K)], 0.0893300 secs] [Times: user=0.09 sys=0.00, real=0.09 secs] 
188.914: Total time for which application threads were stopped: 0.0896010 seconds, Stopping threads took: 0.0000780 seconds
188.914: Application time: 0.0001150 seconds
188.914: [Full GC188.914: [Tenured: 128384K->128384K(128384K), 0.0886760 secs] 186096K->186094K(186112K), [Perm : 12805K->12805K(21248K)], 0.0887090 secs] [Times: user=0.09 sys=0.00, real=0.09 secs] 
189.003: Total time for which application threads were stopped: 0.0889500 seconds, Stopping threads took: 0.0000460 seconds
189.003: Application time: 0.0001040 seconds
189.003: [Full GC189.003: [Tenured: 128384K->128384K(128384K), 0.0886750 secs] 186111K->186111K(186112K), [Perm : 12805K->12805K(21248K)], 0.0887070 secs] [Times: user=0.09 sys=0.00, real=0.09 secs] 
189.092: [Full GC189.092: [Tenured: 128384K->128384K(128384K), 0.0889530 secs] 186111K->186111K(186112K), [Perm : 12805K->12805K(21248K)], 0.0889820 secs] [Times: user=0.09 sys=0.00, real=0.09 secs] 
189.181: Total time for which application threads were stopped: 0.1779130 seconds, Stopping threads took: 0.0000290 seconds
189.181: Application time: 0.0000930 seconds
189.181: [Full GC189.181: [Tenured: 128384K->128384K(128384K), 0.0887620 secs] 186111K->186109K(186112K), [Perm : 12805K->12805K(21248K)], 0.0887920 secs] [Times: user=0.09 sys=0.00, real=0.09 secs] 
189.270: Total time for which application threads were stopped: 0.0889870 seconds, Stopping threads took: 0.0000180 seconds
189.270: Application time: 0.0002660 seconds
189.270: [Full GC189.270: [Tenured: 128384K->128384K(128384K), 0.0889570 secs] 186111K->186094K(186112K), [Perm : 12805K->12805K(21248K)], 0.0889890 secs] [Times: user=0.09 sys=0.00, real=0.09 secs] 
189.359: Total time for which application threads were stopped: 0.0891970 seconds, Stopping threads took: 0.0000240 seconds
189.360: Application time: 0.0012960 seconds
189.361: [Full GC189.361: [Tenured: 128384K->128384K(128384K), 0.0890930 secs] 186104K->186097K(186112K), [Perm : 12814K->12814K(21248K)], 0.0891340 secs] [Times: user=0.10 sys=0.00, real=0.09 secs] 
189.450: Total time for which application threads were stopped: 0.0893480 seconds, Stopping threads took: 0.0000320 seconds
189.450: Application time: 0.0001110 seconds
189.450: [Full GC189.450: [Tenured: 128384K->128384K(128384K), 0.0887470 secs] 186111K->186108K(186112K), [Perm : 12814K->12814K(21248K)], 0.0887780 secs] [Times: user=0.08 sys=0.00, real=0.09 secs] 
189.539: [Full GC189.539: [Tenured: 128384K->128384K(128384K), 0.0886480 secs] 186108K->186108K(186112K), [Perm : 12814K->12814K(21248K)], 0.0886760 secs] [Times: user=0.09 sys=0.00, real=0.09 secs] 
189.628: Total time for which application threads were stopped: 0.1776810 seconds, Stopping threads took: 0.0000190 seconds
189.628: Application time: 0.0001960 seconds
189.628: [Full GC189.628: [Tenured: 128384K->128384K(128384K), 0.0911090 secs] 186112K->186105K(186112K), [Perm : 12814K->12814K(21248K)], 0.0911400 secs] [Times: user=0.10 sys=0.00, real=0.09 secs] 
189.719: Total time for which application threads were stopped: 0.0913470 seconds, Stopping threads took: 0.0000140 seconds
189.719: Application time: 0.0001100 seconds
189.719: [Full GC189.720: [Tenured: 128384K->128384K(128384K), 0.0887390 secs] 186111K->186101K(186112K), [Perm : 12814K->12814K(21248K)], 0.0887730 secs] [Times: user=0.09 sys=0.00, real=0.09 secs] 
189.808: Total time for which application threads were stopped: 0.0890570 seconds, Stopping threads took: 0.0000710 seconds
189.808: Application time: 0.0001310 seconds
189.809: [Full GC189.809: [Tenured: 128384K->128384K(128384K), 0.1235990 secs] 186111K->186101K(186112K), [Perm : 12814K->12814K(21248K)], 0.1236350 secs] [Times: user=0.12 sys=0.00, real=0.12 secs] 
189.932: Total time for which application threads were stopped: 0.1238470 seconds, Stopping threads took: 0.0000270 seconds
189.933: Application time: 0.0004630 seconds
189.933: [Full GC189.933: [Tenured: 128384K->128384K(128384K), 0.0892320 secs] 186111K->186105K(186112K), [Perm : 12814K->12814K(21248K)], 0.0892650 secs] [Times: user=0.09 sys=0.00, real=0.09 secs] 
190.022: Total time for which application threads were stopped: 0.0896580 seconds, Stopping threads took: 0.0001110 seconds
190.023: Application time: 0.0001620 seconds
190.023: [Full GC190.023: [Tenured: 128384K->128384K(128384K), 0.0891630 secs] 186111K->186106K(186112K), [Perm : 12814K->12814K(21248K)], 0.0891920 secs] [Times: user=0.09 sys=0.00, real=0.09 secs] 
190.112: Total time for which application threads were stopped: 0.0894150 seconds, Stopping threads took: 0.0000400 seconds
190.112: Application time: 0.0001120 seconds
190.112: [Full GC190.112: [Tenured: 128384K->128384K(128384K), 0.0888910 secs] 186110K->186106K(186112K), [Perm : 12814K->12814K(21248K)], 0.0889210 secs] [Times: user=0.09 sys=0.00, real=0.09 secs] 
190.201: [Full GC190.201: [Tenured: 128384K->128367K(128384K), 0.1243710 secs] 186106K->186081K(186112K), [Perm : 12814K->12814K(21248K)], 0.1244060 secs] [Times: user=0.13 sys=0.00, real=0.12 secs] 
190.326: Total time for which application threads were stopped: 0.2135540 seconds, Stopping threads took: 0.0000160 seconds
190.326: Application time: 0.0004490 seconds
190.326: [Full GC190.326: [Tenured: 128378K->128378K(128384K), 0.0892770 secs] 186106K->186093K(186112K), [Perm : 12814K->12814K(21248K)], 0.0893080 secs] [Times: user=0.09 sys=0.00, real=0.10 secs] 
190.416: Total time for which application threads were stopped: 0.0896540 seconds, Stopping threads took: 0.0000510 seconds
190.416: Application time: 0.0001050 seconds
190.416: Total time for which application threads were stopped: 0.0002040 seconds, Stopping threads took: 0.0000380 seconds
190.416: Application time: 0.0000350 seconds
190.416: [Full GC190.416: [Tenured: 128378K->128378K(128384K), 0.0917030 secs] 186105K->186103K(186112K), [Perm : 12814K->12814K(21248K)], 0.0917360 secs] [Times: user=0.09 sys=0.00, real=0.09 secs] 
190.508: Total time for which application threads were stopped: 0.0918880 seconds, Stopping threads took: 0.0000260 seconds
190.508: Application time: 0.0000450 seconds
190.508: [Full GC190.508: [Tenured: 128378K->128378K(128384K), 0.0904750 secs] 186103K->186103K(186112K), [Perm : 12814K->12814K(21248K)], 0.0905080 secs] [Times: user=0.10 sys=0.00, real=0.09 secs] 
190.599: [Full GC190.599: [Tenured: 128378K->128370K(128384K), 0.1129520 secs] 186103K->186094K(186112K), [Perm : 12814K->12814K(21248K)], 0.1129850 secs] [Times: user=0.11 sys=0.00, real=0.11 secs] 
190.712: Total time for which application threads were stopped: 0.2037310 seconds, Stopping threads took: 0.0000120 seconds
190.712: Application time: 0.0001510 seconds
190.712: [Full GC190.712: [Tenured: 128380K->128380K(128384K), 0.0894630 secs] 186105K->186102K(186112K), [Perm : 12814K->12814K(21248K)], 0.0894940 secs] [Times: user=0.09 sys=0.00, real=0.09 secs] 
190.802: [Full GC190.802: [Tenured: 128380K->128376K(128384K), 0.1146750 secs] 186102K->186099K(186112K), [Perm : 12814K->12814K(21248K)], 0.1147080 secs] [Times: user=0.12 sys=0.00, real=0.12 secs] 
190.917: Total time for which application threads were stopped: 0.2045980 seconds, Stopping threads took: 0.0000170 seconds
190.917: Application time: 0.0005100 seconds
190.917: [Full GC190.917: [Tenured: 128384K->128384K(128384K), 0.0911120 secs] 186111K->186105K(186112K), [Perm : 12814K->12814K(21248K)], 0.0911440 secs] [Times: user=0.10 sys=0.00, real=0.09 secs] 
191.008: Total time for which application threads were stopped: 0.0913420 seconds, Stopping threads took: 0.0000350 seconds
191.009: Application time: 0.0001540 seconds
191.009: [Full GC191.009: [Tenured: 128384K->128370K(128384K), 0.1227730 secs] 186111K->186085K(186112K), [Perm : 12814K->12814K(21248K)], 0.1228100 secs] [Times: user=0.12 sys=0.00, real=0.12 secs] 
191.132: Total time for which application threads were stopped: 0.1230830 seconds, Stopping threads took: 0.0001000 seconds
191.132: Application time: 0.0003260 seconds
191.132: [Full GC191.132: [Tenured: 128383K->128383K(128384K), 0.0892360 secs] 186111K->186097K(186112K), [Perm : 12814K->12814K(21248K)], 0.0892690 secs] [Times: user=0.09 sys=0.00, real=0.09 secs] 
191.221: Total time for which application threads were stopped: 0.0895630 seconds, Stopping threads took: 0.0000130 seconds
191.222: Application time: 0.0002070 seconds
191.222: [Full GC191.222: [Tenured: 128383K->128383K(128384K), 0.0990080 secs] 186111K->186097K(186112K), [Perm : 12814K->12814K(21248K)], 0.0990400 secs] [Times: user=0.10 sys=0.00, real=0.10 secs] 
191.321: Total time for which application threads were stopped: 0.0992370 seconds, Stopping threads took: 0.0000180 seconds
191.321: Application time: 0.0002000 seconds
191.321: [Full GC191.321: [Tenured: 128383K->128383K(128384K), 0.0990070 secs] 186111K->186105K(186112K), [Perm : 12814K->12814K(21248K)], 0.0990380 secs] [Times: user=0.10 sys=0.00, real=0.10 secs] 
191.420: Total time for which application threads were stopped: 0.0992250 seconds, Stopping threads took: 0.0000190 seconds
191.421: Application time: 0.0001550 seconds
191.421: [Full GC191.421: [Tenured: 128383K->128375K(128384K), 0.1220260 secs] 186111K->186098K(186112K), [Perm : 12814K->12814K(21248K)], 0.1220640 secs] [Times: user=0.12 sys=0.00, real=0.12 secs] 
191.543: Total time for which application threads were stopped: 0.1222570 seconds, Stopping threads took: 0.0000190 seconds
191.543: Application time: 0.0000670 seconds
191.543: [Full GC191.543: [Tenured: 128383K->128383K(128384K), 0.0982650 secs] 186108K->186108K(186112K), [Perm : 12814K->12814K(21248K)], 0.0982960 secs] [Times: user=0.10 sys=0.00, real=0.10 secs] 
191.641: [Full GC191.641: [Tenured: 128383K->128375K(128384K), 0.0890330 secs] 186108K->186100K(186112K), [Perm : 12814K->12814K(21248K)], 0.0890610 secs] [Times: user=0.09 sys=0.00, real=0.09 secs] 
191.731: Total time for which application threads were stopped: 0.1876730 seconds, Stopping threads took: 0.0000070 seconds
191.731: Application time: 0.0001590 seconds
191.731: [Full GC191.731: [Tenured: 128383K->128383K(128384K), 0.0990320 secs] 186111K->186110K(186112K), [Perm : 12814K->12814K(21248K)], 0.0990710 secs] [Times: user=0.10 sys=0.00, real=0.10 secs] 
191.830: Total time for which application threads were stopped: 0.0992600 seconds, Stopping threads took: 0.0000060 seconds
191.830: Application time: 0.0000710 seconds
191.830: [Full GC191.830: [Tenured: 128383K->128380K(128384K), 0.0989200 secs] 186111K->186108K(186112K), [Perm : 12814K->12814K(21248K)], 0.0989520 secs] [Times: user=0.10 sys=0.00, real=0.10 secs] 
191.929: Total time for which application threads were stopped: 0.0991260 seconds, Stopping threads took: 0.0000060 seconds
191.929: Application time: 0.0000930 seconds
191.929: [Full GC191.929: [Tenured: 128383K->128383K(128384K), 0.0988850 secs] 186111K->186107K(186112K), [Perm : 12814K->12814K(21248K)], 0.0989110 secs] [Times: user=0.10 sys=0.00, real=0.10 secs] 
192.028: Total time for which application threads were stopped: 0.0990810 seconds, Stopping threads took: 0.0000050 seconds
192.028: Application time: 0.0001400 seconds
192.029: [Full GC192.029: [Tenured: 128383K->128383K(128384K), 0.0963650 secs] 186111K->186104K(186112K), [Perm : 12814K->12814K(21248K)], 0.0963970 secs] [Times: user=0.09 sys=0.00, real=0.09 secs] 
192.125: Total time for which application threads were stopped: 0.0965690 seconds, Stopping threads took: 0.0000070 seconds
192.125: Application time: 0.0001850 seconds
192.125: [Full GC192.125: [Tenured: 128383K->128383K(128384K), 0.0972910 secs] 186111K->186103K(186112K), [Perm : 12814K->12814K(21248K)], 0.0973240 secs] [Times: user=0.10 sys=0.00, real=0.10 secs] 
192.223: Total time for which application threads were stopped: 0.0975110 seconds, Stopping threads took: 0.0000200 seconds
192.223: Application time: 0.0001610 seconds
192.223: [Full GC192.223: [Tenured: 128383K->128366K(128384K), 0.0988780 secs] 186111K->186086K(186112K), [Perm : 12814K->12814K(21248K)], 0.0989100 secs] [Times: user=0.10 sys=0.00, real=0.10 secs] 
192.322: Total time for which application threads were stopped: 0.0990960 seconds, Stopping threads took: 0.0000180 seconds
192.322: Application time: 0.0003190 seconds
192.322: [Full GC192.322: [Tenured: 128383K->128383K(128384K), 0.0989160 secs] 186111K->186103K(186112K), [Perm : 12815K->12815K(21248K)], 0.0989460 secs] [Times: user=0.10 sys=0.00, real=0.10 secs] 
192.421: Total time for which application threads were stopped: 0.0991340 seconds, Stopping threads took: 0.0000050 seconds
192.422: Application time: 0.0002120 seconds
192.422: [Full GC192.422: [Tenured: 128383K->128383K(128384K), 0.0988740 secs] 186111K->186103K(186112K), [Perm : 12815K->12815K(21248K)], 0.0989050 secs] [Times: user=0.10 sys=0.00, real=0.10 secs] 
192.521: Total time for which application threads were stopped: 0.0990900 seconds, Stopping threads took: 0.0000180 seconds
192.521: Application time: 0.0001610 seconds
192.521: [Full GC192.521: [Tenured: 128383K->128383K(128384K), 0.0988560 secs] 186111K->186104K(186112K), [Perm : 12815K->12815K(21248K)], 0.0988850 secs] [Times: user=0.10 sys=0.00, real=0.10 secs] 
192.620: Total time for which application threads were stopped: 0.0990530 seconds, Stopping threads took: 0.0000040 seconds
192.620: Application time: 0.0001630 seconds
192.620: [Full GC192.620: [Tenured: 128383K->128367K(128384K), 0.0902370 secs] 186111K->186088K(186112K), [Perm : 12815K->12815K(21248K)], 0.0902710 secs] [Times: user=0.09 sys=0.00, real=0.09 secs] 
192.711: Total time for which application threads were stopped: 0.0904580 seconds, Stopping threads took: 0.0000190 seconds
192.711: Application time: 0.0001140 seconds
192.711: Total time for which application threads were stopped: 0.0001580 seconds, Stopping threads took: 0.0000170 seconds
192.711: Application time: 0.0001380 seconds
192.711: Total time for which application threads were stopped: 0.0001050 seconds, Stopping threads took: 0.0000380 seconds
192.711: Application time: 0.0001750 seconds
192.711: [Full GC192.711: [Tenured: 128383K->128383K(128384K), 0.0990080 secs] 186111K->186104K(186112K), [Perm : 12815K->12815K(21248K)], 0.0990480 secs] [Times: user=0.10 sys=0.00, real=0.10 secs] 
192.810: Total time for which application threads were stopped: 0.0991350 seconds, Stopping threads took: 0.0000170 seconds
192.811: Application time: 0.0001730 seconds
192.811: [Full GC192.811: [Tenured: 128383K->128383K(128384K), 0.0956320 secs] 186111K->186107K(186112K), [Perm : 12815K->12815K(21248K)], 0.0956650 secs] [Times: user=0.10 sys=0.00, real=0.09 secs] 
192.906: Total time for which application threads were stopped: 0.0958490 seconds, Stopping threads took: 0.0000180 seconds
192.907: Application time: 0.0000760 seconds
192.907: [Full GC192.907: [Tenured: 128383K->128383K(128384K), 0.0988990 secs] 186109K->186109K(186112K), [Perm : 12815K->12815K(21248K)], 0.0989290 secs] [Times: user=0.10 sys=0.00, real=0.10 secs] 
193.006: [Full GC193.006: [Tenured: 128383K->128372K(128384K), 0.0987930 secs] 186109K->186097K(186112K), [Perm : 12815K->12815K(21248K)], 0.0988210 secs] [Times: user=0.09 sys=0.00, real=0.10 secs] 
193.105: Total time for which application threads were stopped: 0.1979790 seconds, Stopping threads took: 0.0000060 seconds
193.105: Application time: 0.0001150 seconds
193.105: [Full GC193.105: [Tenured: 128382K->128382K(128384K), 0.0895050 secs] 186109K->186108K(186112K), [Perm : 12815K->12815K(21248K)], 0.0895390 secs] [Times: user=0.08 sys=0.00, real=0.09 secs] 
193.194: [Full GC193.194: [Tenured: 128382K->128382K(128384K), 0.0889400 secs] 186108K->186108K(186112K), [Perm : 12815K->12815K(21248K)], 0.0889680 secs] [Times: user=0.09 sys=0.00, real=0.09 secs] 
193.283: Total time for which application threads were stopped: 0.1787360 seconds, Stopping threads took: 0.0000060 seconds
193.284: Application time: 0.0001730 seconds
193.284: [Full GC193.284: [Tenured: 128383K->128383K(128384K), 0.0989760 secs] 186111K->186105K(186112K), [Perm : 12815K->12815K(21248K)], 0.0990100 secs] [Times: user=0.10 sys=0.00, real=0.10 secs] 
193.383: Total time for which application threads were stopped: 0.0991860 seconds, Stopping threads took: 0.0000090 seconds
193.383: Application time: 0.0000980 seconds
193.383: [Full GC193.383: [Tenured: 128383K->128383K(128384K), 0.1222940 secs] 186111K->186107K(186112K), [Perm : 12815K->12815K(21248K)], 0.1223300 secs] [Times: user=0.13 sys=0.00, real=0.12 secs] 
193.505: Total time for which application threads were stopped: 0.1225090 seconds, Stopping threads took: 0.0000060 seconds
193.505: Application time: 0.0000910 seconds
193.506: [Full GC193.506: [Tenured: 128384K->128384K(128384K), 0.0992450 secs] 186111K->186111K(186112K), [Perm : 12815K->12815K(21248K)], 0.0992770 secs] [Times: user=0.10 sys=0.00, real=0.10 secs] 
193.605: Total time for which application threads were stopped: 0.0995870 seconds, Stopping threads took: 0.0000070 seconds
193.605: Application time: 0.0000580 seconds
193.605: [Full GC193.605: [Tenured: 128384K->128384K(128384K), 0.0906120 secs] 186111K->186109K(186112K), [Perm : 12815K->12815K(21248K)], 0.0906390 secs] [Times: user=0.09 sys=0.00, real=0.10 secs] 
193.696: Total time for which application threads were stopped: 0.0908080 seconds, Stopping threads took: 0.0000050 seconds
193.696: Application time: 0.0000620 seconds
193.696: [Full GC193.696: [Tenured: 128384K->128384K(128384K), 0.0890980 secs] 186111K->186111K(186112K), [Perm : 12815K->12815K(21248K)], 0.0891260 secs] [Times: user=0.09 sys=0.00, real=0.08 secs] 
193.785: [Full GC193.785: [Tenured: 128384K->128373K(128384K), 0.0890380 secs] 186111K->186101K(186112K), [Perm : 12815K->12815K(21248K)], 0.0890720 secs] [Times: user=0.09 sys=0.00, real=0.09 secs] 
193.874: Total time for which application threads were stopped: 0.1784180 seconds, Stopping threads took: 0.0000150 seconds
193.874: Application time: 0.0000300 seconds
193.875: [Full GC193.875: [Tenured: 128373K->128373K(128384K), 0.0891060 secs] 186101K->186101K(186112K), [Perm : 12815K->12815K(21248K)], 0.0891350 secs] [Times: user=0.08 sys=0.00, real=0.09 secs] 
193.964: [Full GC193.964: [Tenured: 128373K->128373K(128384K), 0.0894520 secs] 186101K->186101K(186112K), [Perm : 12815K->12815K(21248K)], 0.0894880 secs] [Times: user=0.09 sys=0.00, real=0.09 secs] 
194.053: Total time for which application threads were stopped: 0.1788280 seconds, Stopping threads took: 0.0000140 seconds
194.054: Application time: 0.0002700 seconds
194.054: [Full GC194.054: [Tenured: 128384K->128384K(128384K), 0.0898670 secs] 186112K->186065K(186112K), [Perm : 12815K->12815K(21248K)], 0.0898950 secs] [Times: user=0.09 sys=0.00, real=0.09 secs] 
194.144: Total time for which application threads were stopped: 0.0900790 seconds, Stopping threads took: 0.0000060 seconds
194.144: Application time: 0.0007330 seconds
194.144: Total time for which application threads were stopped: 0.0001440 seconds, Stopping threads took: 0.0000050 seconds
194.145: Application time: 0.0000950 seconds
194.145: [Full GC194.145: [Tenured: 128384K->128368K(128384K), 0.0890890 secs] 186111K->186050K(186112K), [Perm : 12815K->12815K(21248K)], 0.0891170 secs] [Times: user=0.08 sys=0.00, real=0.09 secs] 
194.234: Total time for which application threads were stopped: 0.0891860 seconds, Stopping threads took: 0.0000030 seconds
194.234: Application time: 0.0001720 seconds
194.234: [Full GC194.234: [Tenured: 128368K->128368K(128384K), 0.0988120 secs] 186089K->186061K(186112K), [Perm : 12815K->12815K(21248K)], 0.0988440 secs] [Times: user=0.09 sys=0.00, real=0.10 secs] 
194.333: Total time for which application threads were stopped: 0.0990290 seconds, Stopping threads took: 0.0000190 seconds
194.333: Application time: 0.0000890 seconds
194.333: Total time for which application threads were stopped: 0.0001550 seconds, Stopping threads took: 0.0000190 seconds
194.333: Application time: 0.0001430 seconds
194.333: [Full GC194.333: [Tenured: 128368K->128368K(128384K), 0.0904850 secs] 186089K->186086K(186112K), [Perm : 12815K->12815K(21248K)], 0.0905160 secs] [Times: user=0.10 sys=0.00, real=0.09 secs] 
194.424: [Full GC194.424: [Tenured: 128368K->128367K(128384K), 0.0889360 secs] 186086K->186078K(186112K), [Perm : 12815K->12815K(21248K)], 0.0889630 secs] [Times: user=0.08 sys=0.00, real=0.09 secs] 
194.513: Total time for which application threads were stopped: 0.1795920 seconds, Stopping threads took: 0.0000180 seconds
194.513: Application time: 0.0001330 seconds
194.513: [Full GC194.513: [Tenured: 128383K->128367K(128384K), 0.0989060 secs] 186104K->186083K(186112K), [Perm : 12815K->12815K(21248K)], 0.0989380 secs] [Times: user=0.10 sys=0.00, real=0.10 secs] 
194.612: Total time for which application threads were stopped: 0.0991230 seconds, Stopping threads took: 0.0000190 seconds
194.612: Application time: 0.0000890 seconds
194.612: [Full GC194.612: [Tenured: 128375K->128375K(128384K), 0.0990280 secs] 186091K->186091K(186112K), [Perm : 12815K->12815K(21248K)], 0.0990580 secs] [Times: user=0.10 sys=0.00, real=0.10 secs] 
194.712: [Full GC194.712: [Tenured: 128375K->128375K(128384K), 0.0987000 secs] 186091K->186091K(186112K), [Perm : 12815K->12815K(21248K)], 0.0987280 secs] [Times: user=0.10 sys=0.00, real=0.10 secs] 
194.810: Total time for which application threads were stopped: 0.1980130 seconds, Stopping threads took: 0.0000190 seconds
194.810: Application time: 0.0002050 seconds
194.811: [Full GC194.811: [Tenured: 128375K->128375K(128384K), 0.0977110 secs] 186097K->186017K(186112K), [Perm : 12815K->12815K(21248K)], 0.0977410 secs] [Times: user=0.10 sys=0.00, real=0.10 secs] 
194.908: Total time for which application threads were stopped: 0.0979260 seconds, Stopping threads took: 0.0000190 seconds
194.909: Application time: 0.0003970 seconds
194.909: [Full GC194.909: [Tenured: 128383K->128374K(128384K), 0.0988610 secs] 186111K->186073K(186112K), [Perm : 12815K->12815K(21248K)], 0.0988920 secs] [Times: user=0.10 sys=0.00, real=0.10 secs] 
195.008: Total time for which application threads were stopped: 0.0990770 seconds, Stopping threads took: 0.0000190 seconds
195.008: Application time: 0.0003590 seconds
195.008: [Full GC195.008: [Tenured: 128384K->128384K(128384K), 0.0907740 secs] 186112K->186090K(186112K), [Perm : 12815K->12815K(21248K)], 0.0908160 secs] [Times: user=0.09 sys=0.00, real=0.09 secs] 
195.099: Total time for which application threads were stopped: 0.0910000 seconds, Stopping threads took: 0.0000190 seconds
195.100: Application time: 0.0002490 seconds
195.100: [Full GC195.100: [Tenured: 128384K->128384K(128384K), 0.0901530 secs] 186111K->186083K(186112K), [Perm : 12815K->12815K(21248K)], 0.0901860 secs] [Times: user=0.09 sys=0.00, real=0.09 secs] 
195.190: Total time for which application threads were stopped: 0.0903730 seconds, Stopping threads took: 0.0000190 seconds
195.190: Application time: 0.0004560 seconds
195.191: [Full GC195.191: [Tenured: 128384K->128384K(128384K), 0.0905740 secs] 186102K->186094K(186112K), [Perm : 12819K->12819K(21248K)], 0.0906050 secs] [Times: user=0.09 sys=0.00, real=0.09 secs] 
195.281: [Full GC195.281: [Tenured: 128384K->128367K(128384K), 0.1143020 secs] 186094K->186024K(186112K), [Perm : 12819K->12819K(21248K)], 0.1143450 secs] [Times: user=0.12 sys=0.00, real=0.12 secs] 
195.396: Total time for which application threads were stopped: 0.2051680 seconds, Stopping threads took: 0.0000060 seconds
195.397: Application time: 0.0013120 seconds
195.397: [Full GC195.397: [Tenured: 128377K->128377K(128384K), 0.0903500 secs] 186104K->186058K(186112K), [Perm : 12822K->12822K(21248K)], 0.0903810 secs] [Times: user=0.09 sys=0.00, real=0.09 secs] 
195.488: Total time for which application threads were stopped: 0.0906660 seconds, Stopping threads took: 0.0000190 seconds
195.488: Application time: 0.0001180 seconds
195.488: [Full GC195.488: [Tenured: 128377K->128377K(128384K), 0.0906990 secs] 186073K->186073K(186112K), [Perm : 12822K->12822K(21248K)], 0.0907300 secs] [Times: user=0.09 sys=0.00, real=0.09 secs] 
195.579: [Full GC195.579: [Tenured: 128377K->128366K(128384K), 0.1110140 secs] 186073K->186063K(186112K), [Perm : 12822K->12822K(21248K)], 0.1110490 secs] [Times: user=0.11 sys=0.00, real=0.11 secs] 
195.690: Total time for which application threads were stopped: 0.2019980 seconds, Stopping threads took: 0.0000190 seconds
195.690: Application time: 0.0007470 seconds
195.691: [Full GC195.691: [Tenured: 128383K->128383K(128384K), 0.0907340 secs] 186111K->186072K(186112K), [Perm : 12822K->12822K(21248K)], 0.0907650 secs] [Times: user=0.09 sys=0.00, real=0.09 secs] 
195.781: Total time for which application threads were stopped: 0.0910560 seconds, Stopping threads took: 0.0000190 seconds
195.782: Application time: 0.0008350 seconds
195.782: [Full GC195.782: [Tenured: 128383K->128383K(128384K), 0.0896180 secs] 186111K->186068K(186112K), [Perm : 12822K->12822K(21248K)], 0.0896490 secs] [Times: user=0.09 sys=0.00, real=0.09 secs] 
195.872: Total time for which application threads were stopped: 0.0898500 seconds, Stopping threads took: 0.0000190 seconds
195.873: Application time: 0.0006420 seconds
195.873: [Full GC195.873: [Tenured: 128383K->128383K(128384K), 0.0902710 secs] 186111K->186077K(186112K), [Perm : 12822K->12822K(21248K)], 0.0903030 secs] [Times: user=0.09 sys=0.00, real=0.09 secs] 
195.963: Total time for which application threads were stopped: 0.0904880 seconds, Stopping threads took: 0.0000180 seconds
195.964: Application time: 0.0007950 seconds
195.964: [Full GC195.964: [Tenured: 128383K->128383K(128384K), 0.0941240 secs] 186111K->186071K(186112K), [Perm : 12822K->12822K(21248K)], 0.0941580 secs] [Times: user=0.09 sys=0.00, real=0.10 secs] 
196.058: Total time for which application threads were stopped: 0.0943430 seconds, Stopping threads took: 0.0000110 seconds
196.059: Application time: 0.0002870 seconds
196.059: [Full GC196.059: [Tenured: 128383K->128370K(128384K), 0.0936650 secs] 186110K->186060K(186112K), [Perm : 12822K->12822K(21248K)], 0.0936960 secs] [Times: user=0.10 sys=0.00, real=0.09 secs] 
196.153: Total time for which application threads were stopped: 0.0938880 seconds, Stopping threads took: 0.0000100 seconds
196.153: Application time: 0.0001270 seconds
196.153: [Full GC196.153: [Tenured: 128378K->128378K(128384K), 0.0942480 secs] 186100K->186097K(186112K), [Perm : 12822K->12822K(21248K)], 0.0942890 secs] [Times: user=0.09 sys=0.00, real=0.09 secs] 
196.247: [Full GC196.247: [Tenured: 128378K->128374K(128384K), 0.0885120 secs] 186097K->186081K(186112K), [Perm : 12822K->12822K(21248K)], 0.0885390 secs] [Times: user=0.09 sys=0.00, real=0.10 secs] 
196.336: Total time for which application threads were stopped: 0.1830520 seconds, Stopping threads took: 0.0000130 seconds
Heap
 def new generation   total 57728K, used 57717K [0x00000000ef200000, 0x00000000f30a0000, 0x00000000f30a0000)
  eden space 51328K, 100% used [0x00000000ef200000, 0x00000000f2420000, 0x00000000f2420000)
  from space 6400K,  99% used [0x00000000f2420000, 0x00000000f2a5d5d8, 0x00000000f2a60000)
  to   space 6400K,   0% used [0x00000000f2a60000, 0x00000000f2a60000, 0x00000000f30a0000)
 tenured generation   total 128384K, used 128374K [0x00000000f30a0000, 0x00000000fae00000, 0x00000000fae00000)
   the space 128384K,  99% used [0x00000000f30a0000, 0x00000000fadfdb60, 0x00000000fadfdc00, 0x00000000fae00000)
 compacting perm gen  total 21248K, used 12828K [0x00000000fae00000, 0x00000000fc2c0000, 0x0000000100000000)
   the space 21248K,  60% used [0x00000000fae00000, 0x00000000fba872a0, 0x00000000fba87400, 0x00000000fc2c0000)
No shared spaces configured.
196.336: Application time: 0.0003580 seconds
