Java HotSpot(TM) 64-Bit Server VM (24.80-b11) for linux-amd64 JRE (1.7.0_80-b15), built on Apr 10 2015 19:53:14 by "java_re" with gcc 4.3.0 20080428 (Red Hat 4.3.0-8)
Memory: 4k page, physical 8000092k(6377808k free), swap 8218620k(8218620k free)
CommandLine flags: -XX:InitialHeapSize=13484032 -XX:MaxHeapSize=13484032 -XX:+PrintGC -XX:+PrintGCApplicationConcurrentTime -XX:+PrintGCApplicationStoppedTime -XX:+PrintGCDetails -XX:+PrintGCTimeStamps -XX:-UseAdaptiveSizePolicy -XX:+UseCompressedOops -XX:+UseSerialGC 
0.093: Application time: 0.0698460 seconds
0.093: [GC0.093: [DefNew: 3584K->384K(3968K), 0.0030290 secs] 3584K->1372K(12800K), 0.0030610 secs] [Times: user=0.00 sys=0.00, real=0.00 secs] 
0.096: Total time for which application threads were stopped: 0.0031330 seconds, Stopping threads took: 0.0000130 seconds
1.097: Application time: 1.0000770 seconds
1.097: Total time for which application threads were stopped: 0.0000440 seconds, Stopping threads took: 0.0000110 seconds
4.029: Application time: 2.9323530 seconds
4.029: Total time for which application threads were stopped: 0.0000670 seconds, Stopping threads took: 0.0000110 seconds
14.701: Application time: 10.6723010 seconds
14.701: Total time for which application threads were stopped: 0.0000250 seconds, Stopping threads took: 0.0000070 seconds
14.701: Application time: 0.0000630 seconds
14.701: Total time for which application threads were stopped: 0.0000240 seconds, Stopping threads took: 0.0000080 seconds
14.703: Application time: 0.0014810 seconds
14.703: Total time for which application threads were stopped: 0.0000240 seconds, Stopping threads took: 0.0000180 seconds
14.710: Application time: 0.0066530 seconds
14.710: [GC14.710: [DefNew: 3968K->384K(3968K), 0.0036520 secs] 4956K->3060K(12800K), 0.0036800 secs] [Times: user=0.00 sys=0.00, real=0.01 secs] 
14.713: Total time for which application threads were stopped: 0.0037450 seconds, Stopping threads took: 0.0000180 seconds
14.726: Application time: 0.0123420 seconds
14.726: Total time for which application threads were stopped: 0.0000420 seconds, Stopping threads took: 0.0000110 seconds
14.738: Application time: 0.0120440 seconds
14.738: [Full GC14.738: [Tenured: 2676K->2773K(8832K), 0.0058260 secs] 4673K->2773K(12800K), [Perm : 5075K->5075K(21248K)], 0.0058720 secs] [Times: user=0.01 sys=0.00, real=0.00 secs] 
14.744: Total time for which application threads were stopped: 0.0059310 seconds, Stopping threads took: 0.0000170 seconds
14.744: Application time: 0.0000720 seconds
14.744: [Full GC14.744: [Tenured: 2773K->2756K(8832K), 0.0041870 secs] 2773K->2756K(12864K), [Perm : 5075K->5075K(21248K)], 0.0042140 secs] [Times: user=0.00 sys=0.00, real=0.01 secs] 
14.748: Total time for which application threads were stopped: 0.0042610 seconds, Stopping threads took: 0.0000070 seconds
14.748: Application time: 0.0001700 seconds
14.748: Total time for which application threads were stopped: 0.0000440 seconds, Stopping threads took: 0.0000270 seconds
14.748: Application time: 0.0000380 seconds
14.748: Total time for which application threads were stopped: 0.0001010 seconds, Stopping threads took: 0.0000690 seconds
14.749: Application time: 0.0000710 seconds
14.749: Total time for which application threads were stopped: 0.0000690 seconds, Stopping threads took: 0.0000360 seconds
14.749: Application time: 0.0000810 seconds
14.749: Total time for which application threads were stopped: 0.0000380 seconds, Stopping threads took: 0.0000320 seconds
14.749: Application time: 0.0000140 seconds
14.749: Total time for which application threads were stopped: 0.0000140 seconds, Stopping threads took: 0.0000110 seconds
14.749: Application time: 0.0000300 seconds
14.749: Total time for which application threads were stopped: 0.0000160 seconds, Stopping threads took: 0.0000130 seconds
14.749: Application time: 0.0000110 seconds
14.749: Total time for which application threads were stopped: 0.0000120 seconds, Stopping threads took: 0.0000090 seconds
14.749: Application time: 0.0000100 seconds
14.749: Total time for which application threads were stopped: 0.0000140 seconds, Stopping threads took: 0.0000110 seconds
14.749: Application time: 0.0000100 seconds
14.749: Total time for which application threads were stopped: 0.0000120 seconds, Stopping threads took: 0.0000090 seconds
14.749: Application time: 0.0000100 seconds
14.749: Total time for which application threads were stopped: 0.0000120 seconds, Stopping threads took: 0.0000080 seconds
14.749: Application time: 0.0000100 seconds
14.749: Total time for which application threads were stopped: 0.0000140 seconds, Stopping threads took: 0.0000100 seconds
14.749: Application time: 0.0000110 seconds
14.749: Total time for which application threads were stopped: 0.0000140 seconds, Stopping threads took: 0.0000110 seconds
14.749: Application time: 0.0000110 seconds
14.749: Total time for which application threads were stopped: 0.0000150 seconds, Stopping threads took: 0.0000120 seconds
14.749: Application time: 0.0000090 seconds
14.749: Total time for which application threads were stopped: 0.0000180 seconds, Stopping threads took: 0.0000150 seconds
14.749: Application time: 0.0000100 seconds
14.749: Total time for which application threads were stopped: 0.0000140 seconds, Stopping threads took: 0.0000110 seconds
14.749: Application time: 0.0000090 seconds
14.749: Total time for which application threads were stopped: 0.0000140 seconds, Stopping threads took: 0.0000110 seconds
14.749: Application time: 0.0000100 seconds
14.749: Total time for which application threads were stopped: 0.0000120 seconds, Stopping threads took: 0.0000090 seconds
14.749: Application time: 0.0000080 seconds
14.749: Total time for which application threads were stopped: 0.0000120 seconds, Stopping threads took: 0.0000090 seconds
14.749: Application time: 0.0000080 seconds
14.749: Total time for which application threads were stopped: 0.0000100 seconds, Stopping threads took: 0.0000070 seconds
14.749: Application time: 0.0000080 seconds
14.749: Total time for which application threads were stopped: 0.0000210 seconds, Stopping threads took: 0.0000080 seconds
14.753: Application time: 0.0039440 seconds
14.753: Total time for which application threads were stopped: 0.0000340 seconds, Stopping threads took: 0.0000260 seconds
14.753: Application time: 0.0002890 seconds
14.753: Total time for which application threads were stopped: 0.0000850 seconds, Stopping threads took: 0.0000720 seconds
14.754: Application time: 0.0003180 seconds
14.754: Total time for which application threads were stopped: 0.0000310 seconds, Stopping threads took: 0.0000180 seconds
14.762: Application time: 0.0078940 seconds
14.764: [GC14.764: [DefNew: 3409K->448K(4032K), 0.0016040 secs] 6166K->5783K(12864K), 0.0016390 secs] [Times: user=0.00 sys=0.00, real=0.00 secs] 
14.766: Total time for which application threads were stopped: 0.0043130 seconds, Stopping threads took: 0.0026270 seconds
14.766: Application time: 0.0003880 seconds
14.768: Total time for which application threads were stopped: 0.0019780 seconds, Stopping threads took: 0.0019670 seconds
14.768: Application time: 0.0000750 seconds
14.769: Total time for which application threads were stopped: 0.0000540 seconds, Stopping threads took: 0.0000470 seconds
14.769: Application time: 0.0000160 seconds
14.769: Total time for which application threads were stopped: 0.0000070 seconds, Stopping threads took: 0.0000020 seconds
14.769: Application time: 0.0000110 seconds
14.769: Total time for which application threads were stopped: 0.0000140 seconds, Stopping threads took: 0.0000100 seconds
14.769: Application time: 0.0000350 seconds
14.769: Total time for which application threads were stopped: 0.0001700 seconds, Stopping threads took: 0.0001640 seconds
14.769: Application time: 0.0000130 seconds
14.769: Total time for which application threads were stopped: 0.0000410 seconds, Stopping threads took: 0.0000350 seconds
14.769: Application time: 0.0000090 seconds
14.769: Total time for which application threads were stopped: 0.0000070 seconds, Stopping threads took: 0.0000020 seconds
14.769: Application time: 0.0000150 seconds
14.769: Total time for which application threads were stopped: 0.0000320 seconds, Stopping threads took: 0.0000240 seconds
14.769: Application time: 0.0000100 seconds
14.769: Total time for which application threads were stopped: 0.0000240 seconds, Stopping threads took: 0.0000200 seconds
14.769: Application time: 0.0000100 seconds
14.769: Total time for which application threads were stopped: 0.0000210 seconds, Stopping threads took: 0.0000160 seconds
14.772: Application time: 0.0033940 seconds
14.773: [GC14.773: [DefNew: 3976K->390K(4032K), 0.0012610 secs] 9311K->9200K(12864K), 0.0012930 secs] [Times: user=0.00 sys=0.00, real=0.00 secs] 
14.774: Total time for which application threads were stopped: 0.0018400 seconds, Stopping threads took: 0.0005080 seconds
14.869: Application time: 0.0944160 seconds
14.869: [GC14.869: [DefNew: 3930K->3930K(4032K), 0.0000110 secs]14.869: [Tenured: 8810K->8779K(8832K), 0.0070470 secs] 12740K->10537K(12864K), [Perm : 5104K->5104K(21248K)], 0.0071280 secs] [Times: user=0.01 sys=0.00, real=0.01 secs] 
14.876: Total time for which application threads were stopped: 0.0073090 seconds, Stopping threads took: 0.0000960 seconds
14.876: Application time: 0.0002940 seconds
14.876: Total time for which application threads were stopped: 0.0001670 seconds, Stopping threads took: 0.0001520 seconds
14.876: Application time: 0.0000500 seconds
14.877: Total time for which application threads were stopped: 0.0000470 seconds, Stopping threads took: 0.0000390 seconds
14.879: Application time: 0.0026930 seconds
14.879: [Full GC14.879: [Tenured: 9561K->8945K(9600K), 0.0075200 secs] 13701K->8945K(13888K), [Perm : 5104K->5103K(21248K)], 0.0075660 secs] [Times: user=0.01 sys=0.00, real=0.01 secs] 
14.887: Total time for which application threads were stopped: 0.0077500 seconds, Stopping threads took: 0.0001220 seconds
14.905: Application time: 0.0180480 seconds
14.905: [GC14.905: [DefNew: 3672K->3672K(4288K), 0.0000100 secs]14.905: [Tenured: 8945K->9336K(9600K), 0.0067650 secs] 12617K->9336K(13888K), [Perm : 5103K->5103K(21248K)], 0.0068240 secs] [Times: user=0.01 sys=0.00, real=0.00 secs] 
14.912: Total time for which application threads were stopped: 0.0069790 seconds, Stopping threads took: 0.0000950 seconds
15.002: Application time: 0.0899220 seconds
15.027: [GC15.027: [DefNew: 3823K->3823K(4288K), 0.0000110 secs]15.027: [Tenured: 9336K->7969K(9600K), 0.0063190 secs] 13160K->7969K(13888K), [Perm : 5103K->5103K(21248K)], 0.0063760 secs] [Times: user=0.01 sys=0.00, real=0.01 secs] 
15.033: Total time for which application threads were stopped: 0.0314420 seconds, Stopping threads took: 0.0250060 seconds
15.042: Application time: 0.0091090 seconds
15.105: [GC15.105: [DefNew: 3741K->3741K(4288K), 0.0000100 secs]15.105: [Tenured: 7969K->4161K(9600K), 0.0054080 secs] 11710K->4161K(13888K), [Perm : 5103K->5103K(21248K)], 0.0054600 secs] [Times: user=0.01 sys=0.00, real=0.00 secs] 
15.111: Total time for which application threads were stopped: 0.0681540 seconds, Stopping threads took: 0.0626260 seconds
15.111: Application time: 0.0007970 seconds
15.112: [GC15.112: [DefNew: 3731K->391K(4288K), 0.0008970 secs] 7892K->7873K(13888K), 0.0009140 secs] [Times: user=0.00 sys=0.00, real=0.01 secs] 
15.113: Total time for which application threads were stopped: 0.0011790 seconds, Stopping threads took: 0.0002270 seconds
15.119: Application time: 0.0067940 seconds
15.187: [GC15.187: [DefNew: 4224K->4224K(4288K), 0.0000100 secs]15.187: [Tenured: 7481K->1817K(9600K), 0.0052500 secs] 11706K->1817K(13888K), [Perm : 5103K->5103K(21248K)], 0.0053030 secs] [Times: user=0.01 sys=0.00, real=0.00 secs] 
15.192: Total time for which application threads were stopped: 0.0728350 seconds, Stopping threads took: 0.0674640 seconds
15.193: Application time: 0.0006260 seconds
15.193: [GC15.193: [DefNew: 3730K->392K(4288K), 0.0009080 secs] 5547K->5530K(13888K), 0.0009310 secs] [Times: user=0.00 sys=0.00, real=0.00 secs] 
15.194: Total time for which application threads were stopped: 0.0012230 seconds, Stopping threads took: 0.0002260 seconds
15.195: Application time: 0.0010300 seconds
15.247: [GC15.247: [DefNew: 4213K->391K(4288K), 0.0006660 secs] 9351K->7483K(13888K), 0.0006960 secs] [Times: user=0.00 sys=0.00, real=0.00 secs] 
15.248: Total time for which application threads were stopped: 0.0525620 seconds, Stopping threads took: 0.0517940 seconds
15.249: Application time: 0.0009420 seconds
15.319: [GC15.319: [DefNew: 4216K->4216K(4288K), 0.0000090 secs]15.319: [Tenured: 7092K->4551K(9600K), 0.0061020 secs] 11309K->4551K(13888K), [Perm : 5103K->5103K(21248K)], 0.0061520 secs] [Times: user=0.00 sys=0.00, real=0.01 secs] 
15.325: Total time for which application threads were stopped: 0.0760630 seconds, Stopping threads took: 0.0698330 seconds
15.325: Application time: 0.0006860 seconds
15.359: [GC15.359: [DefNew: 3825K->392K(4288K), 0.0009950 secs] 8376K->8068K(13888K), 0.0010230 secs] [Times: user=0.00 sys=0.00, real=0.00 secs] 
15.360: Total time for which application threads were stopped: 0.0342730 seconds, Stopping threads took: 0.0331780 seconds
15.360: Application time: 0.0004720 seconds
15.423: [GC15.423: [DefNew: 4217K->4217K(4288K), 0.0000070 secs]15.423: [Tenured: 7676K->4649K(9600K), 0.0060540 secs] 11893K->4649K(13888K), [Perm : 5103K->5103K(21248K)], 0.0061020 secs] [Times: user=0.00 sys=0.00, real=0.01 secs] 
15.429: Total time for which application threads were stopped: 0.0688840 seconds, Stopping threads took: 0.0627060 seconds
15.430: Application time: 0.0005650 seconds
15.477: [GC15.477: [DefNew: 3630K->294K(4288K), 0.0008680 secs] 8279K->7677K(13888K), 0.0008930 secs] [Times: user=0.00 sys=0.00, real=0.00 secs] 
15.478: Total time for which application threads were stopped: 0.0482180 seconds, Stopping threads took: 0.0472560 seconds
15.478: Application time: 0.0006960 seconds
15.512: [GC15.512: [DefNew: 4017K->4017K(4288K), 0.0000050 secs]15.512: [Tenured: 7383K->6602K(9600K), 0.0064670 secs] 11401K->6602K(13888K), [Perm : 5103K->5103K(21248K)], 0.0065130 secs] [Times: user=0.00 sys=0.00, real=0.01 secs] 
15.518: Total time for which application threads were stopped: 0.0396070 seconds, Stopping threads took: 0.0330170 seconds
15.590: Application time: 0.0717820 seconds
15.592: [GC15.592: [DefNew: 3825K->3825K(4288K), 0.0000090 secs]15.592: [Tenured: 6602K->1817K(9600K), 0.0060860 secs] 10427K->1817K(13888K), [Perm : 5103K->5103K(21248K)], 0.0061390 secs] [Times: user=0.00 sys=0.00, real=0.01 secs] 
15.598: Total time for which application threads were stopped: 0.0084100 seconds, Stopping threads took: 0.0022160 seconds
15.599: Application time: 0.0006880 seconds
15.599: [GC15.599: [DefNew: 3727K->392K(4288K), 0.0008840 secs] 5544K->5529K(13888K), 0.0009000 secs] [Times: user=0.00 sys=0.00, real=0.00 secs] 
15.600: Total time for which application threads were stopped: 0.0012660 seconds, Stopping threads took: 0.0003070 seconds
15.601: Application time: 0.0006630 seconds
15.634: [GC15.634: [DefNew: 4213K->391K(4288K), 0.0008200 secs] 9350K->8069K(13888K), 0.0008430 secs] [Times: user=0.00 sys=0.00, real=0.00 secs] 
15.635: Total time for which application threads were stopped: 0.0341400 seconds, Stopping threads took: 0.0332360 seconds
15.636: Application time: 0.0008340 seconds
15.706: [GC15.706: [DefNew: 4216K->4216K(4288K), 0.0000080 secs]15.706: [Tenured: 7678K->4551K(9600K), 0.0063340 secs] 11894K->4551K(13888K), [Perm : 5103K->5103K(21248K)], 0.0063860 secs] [Times: user=0.01 sys=0.00, real=0.00 secs] 
15.712: Total time for which application threads were stopped: 0.0763120 seconds, Stopping threads took: 0.0698460 seconds
15.713: Application time: 0.0005570 seconds
15.765: [GC15.765: [DefNew: 3825K->392K(4288K), 0.0010140 secs] 8376K->8068K(13888K), 0.0010420 secs] [Times: user=0.00 sys=0.00, real=0.00 secs] 
15.766: Total time for which application threads were stopped: 0.0535040 seconds, Stopping threads took: 0.0524040 seconds
15.767: Application time: 0.0004530 seconds
15.800: [GC15.800: [DefNew: 4215K->4215K(4288K), 0.0000070 secs]15.800: [Tenured: 7676K->6797K(9600K), 0.0063370 secs] 11892K->6797K(13888K), [Perm : 5103K->5103K(21248K)], 0.0063850 secs] [Times: user=0.01 sys=0.00, real=0.01 secs] 
15.807: Total time for which application threads were stopped: 0.0399760 seconds, Stopping threads took: 0.0335310 seconds
15.879: Application time: 0.0720420 seconds
15.881: [GC15.881: [DefNew: 3825K->3825K(4288K), 0.0000100 secs]15.881: [Tenured: 6797K->2012K(9600K), 0.0059780 secs] 10622K->2012K(13888K), [Perm : 5103K->5103K(21248K)], 0.0060330 secs] [Times: user=0.01 sys=0.00, real=0.01 secs] 
15.887: Total time for which application threads were stopped: 0.0084170 seconds, Stopping threads took: 0.0023070 seconds
15.888: Application time: 0.0006280 seconds
15.888: [GC15.888: [DefNew: 3823K->294K(4288K), 0.0009000 secs] 5835K->5822K(13888K), 0.0009180 secs] [Times: user=0.00 sys=0.00, real=0.00 secs] 
15.889: Total time for which application threads were stopped: 0.0012420 seconds, Stopping threads took: 0.0002870 seconds
15.890: Application time: 0.0014550 seconds
15.949: [GC15.949: [DefNew: 4117K->4117K(4288K), 0.0000070 secs]15.949: [Tenured: 5528K->5332K(9600K), 0.0064910 secs] 9645K->5332K(13888K), [Perm : 5103K->5103K(21248K)], 0.0065360 secs] [Times: user=0.01 sys=0.00, real=0.01 secs] 
15.956: Total time for which application threads were stopped: 0.0653590 seconds, Stopping threads took: 0.0587480 seconds
15.957: Application time: 0.0009790 seconds
16.027: [GC16.027: [DefNew: 3727K->391K(4288K), 0.0009680 secs] 9060K->8459K(13888K), 0.0009960 secs] [Times: user=0.00 sys=0.00, real=0.00 secs] 
16.028: Total time for which application threads were stopped: 0.0715240 seconds, Stopping threads took: 0.0704570 seconds
16.029: Application time: 0.0004550 seconds
16.094: [GC16.094: [DefNew: 3924K->3924K(4288K), 0.0000070 secs]16.094: [Tenured: 8067K->3965K(9600K), 0.0065240 secs] 11991K->3965K(13888K), [Perm : 5103K->5103K(21248K)], 0.0065690 secs] [Times: user=0.00 sys=0.00, real=0.00 secs] 
16.100: Total time for which application threads were stopped: 0.0714380 seconds, Stopping threads took: 0.0647950 seconds
16.101: Application time: 0.0005570 seconds
16.101: [GC16.101: [DefNew: 3723K->391K(4288K), 0.0008190 secs] 7689K->7677K(13888K), 0.0008410 secs] [Times: user=0.00 sys=0.00, real=0.00 secs] 
16.102: Total time for which application threads were stopped: 0.0014130 seconds, Stopping threads took: 0.0005060 seconds
16.174: Application time: 0.0717520 seconds
16.177: [GC16.177: [DefNew: 4119K->4119K(4288K), 0.0000090 secs]16.177: [Tenured: 7285K->2793K(9600K), 0.0055980 secs] 11405K->2793K(13888K), [Perm : 5103K->5103K(21248K)], 0.0056550 secs] [Times: user=0.01 sys=0.00, real=0.00 secs] 
16.183: Total time for which application threads were stopped: 0.0090980 seconds, Stopping threads took: 0.0033610 seconds
16.184: Application time: 0.0004820 seconds
16.184: [GC16.184: [DefNew: 3823K->392K(4288K), 0.0008580 secs] 6617K->6604K(13888K), 0.0008800 secs] [Times: user=0.00 sys=0.00, real=0.01 secs] 
16.185: Total time for which application threads were stopped: 0.0012220 seconds, Stopping threads took: 0.0002990 seconds
16.257: Application time: 0.0725570 seconds
16.259: [GC16.259: [DefNew: 4217K->4217K(4288K), 0.0000090 secs]16.259: [Tenured: 6212K->1817K(9600K), 0.0054130 secs] 10429K->1817K(13888K), [Perm : 5103K->5103K(21248K)], 0.0054620 secs] [Times: user=0.01 sys=0.00, real=0.00 secs] 
16.264: Total time for which application threads were stopped: 0.0069170 seconds, Stopping threads took: 0.0013800 seconds
16.265: Application time: 0.0005950 seconds
16.265: [GC16.265: [DefNew: 3723K->391K(4288K), 0.0008760 secs] 5541K->5530K(13888K), 0.0009000 secs] [Times: user=0.00 sys=0.00, real=0.00 secs] 
16.266: Total time for which application threads were stopped: 0.0014390 seconds, Stopping threads took: 0.0004730 seconds
16.267: Application time: 0.0005470 seconds
16.301: [GC16.301: [DefNew: 4214K->391K(4288K), 0.0008030 secs] 9353K->8069K(13888K), 0.0008260 secs] [Times: user=0.00 sys=0.00, real=0.00 secs] 
16.302: Total time for which application threads were stopped: 0.0346740 seconds, Stopping threads took: 0.0337750 seconds
16.302: Application time: 0.0008750 seconds
16.372: [GC16.373: [DefNew: 4216K->4216K(4288K), 0.0000080 secs]16.373: [Tenured: 7678K->4551K(9600K), 0.0061060 secs] 11895K->4551K(13888K), [Perm : 5103K->5103K(21248K)], 0.0061660 secs] [Times: user=0.01 sys=0.00, real=0.00 secs] 
16.379: Total time for which application threads were stopped: 0.0762590 seconds, Stopping threads took: 0.0700150 seconds
16.379: Application time: 0.0007780 seconds
16.416: [GC16.416: [DefNew: 3708K->420K(4288K), 0.0009980 secs] 8259K->7902K(13888K), 0.0010250 secs] [Times: user=0.00 sys=0.00, real=0.00 secs] 
16.417: Total time for which application threads were stopped: 0.0372030 seconds, Stopping threads took: 0.0361070 seconds
16.417: Application time: 0.0004260 seconds
16.487: [GC16.487: [DefNew: 4148K->4148K(4288K), 0.0000060 secs]16.487: [Tenured: 7481K->4384K(9600K), 0.0059310 secs] 11629K->4384K(13888K), [Perm : 5103K->5103K(21248K)], 0.0059760 secs] [Times: user=0.01 sys=0.00, real=0.01 secs] 
16.493: Total time for which application threads were stopped: 0.0761890 seconds, Stopping threads took: 0.0701390 seconds
16.494: Application time: 0.0005190 seconds
16.527: [GC16.527: [DefNew: 3819K->391K(4288K), 0.0009230 secs] 8203K->7901K(13888K), 0.0009460 secs] [Times: user=0.01 sys=0.00, real=0.00 secs] 
16.528: Total time for which application threads were stopped: 0.0338690 seconds, Stopping threads took: 0.0328770 seconds
16.601: Application time: 0.0730770 seconds
16.602: [GC16.602: [DefNew: 3974K->3974K(4288K), 0.0000090 secs]16.602: [Tenured: 7509K->2089K(9600K), 0.0062020 secs] 11483K->2089K(13888K), [Perm : 5103K->5103K(21248K)], 0.0062530 secs] [Times: user=0.01 sys=0.00, real=0.01 secs] 
16.608: Total time for which application threads were stopped: 0.0072470 seconds, Stopping threads took: 0.0009150 seconds
16.609: Application time: 0.0008510 seconds
16.609: [GC16.609: [DefNew: 3834K->440K(4288K), 0.0008700 secs] 5924K->5612K(13888K), 0.0008870 secs] [Times: user=0.00 sys=0.00, real=0.00 secs] 
16.610: Total time for which application threads were stopped: 0.0011050 seconds, Stopping threads took: 0.0001590 seconds
16.610: Application time: 0.0005020 seconds
16.658: [GC16.658: [DefNew: 4164K->390K(4288K), 0.0010200 secs] 9335K->8933K(13888K), 0.0010430 secs] [Times: user=0.01 sys=0.00, real=0.00 secs] 
16.659: Total time for which application threads were stopped: 0.0485490 seconds, Stopping threads took: 0.0474510 seconds
16.731: Application time: 0.0724370 seconds
16.733: [GC16.733: [DefNew: 4118K->4118K(4288K), 0.0000090 secs]16.733: [Tenured: 8542K->2241K(9600K), 0.0061450 secs] 12660K->2241K(13888K), [Perm : 5103K->5103K(21248K)], 0.0061960 secs] [Times: user=0.00 sys=0.00, real=0.00 secs] 
16.739: Total time for which application threads were stopped: 0.0074900 seconds, Stopping threads took: 0.0012170 seconds
16.740: Application time: 0.0006050 seconds
16.740: [GC16.740: [DefNew: 3725K->392K(4288K), 0.0008830 secs] 5967K->5954K(13888K), 0.0009020 secs] [Times: user=0.00 sys=0.00, real=0.00 secs] 
16.741: Total time for which application threads were stopped: 0.0012870 seconds, Stopping threads took: 0.0003230 seconds
16.742: Application time: 0.0013510 seconds
16.804: [GC16.804: [DefNew: 4215K->4215K(4288K), 0.0000070 secs]16.804: [Tenured: 5562K->5236K(9600K), 0.0065680 secs] 9777K->5236K(13888K), [Perm : 5103K->5103K(21248K)], 0.0066150 secs] [Times: user=0.01 sys=0.00, real=0.01 secs] 
16.810: Total time for which application threads were stopped: 0.0680750 seconds, Stopping threads took: 0.0613780 seconds
16.811: Application time: 0.0008780 seconds
16.881: [GC16.881: [DefNew: 3825K->391K(4288K), 0.0010660 secs] 9062K->8363K(13888K), 0.0010990 secs] [Times: user=0.00 sys=0.00, real=0.00 secs] 
16.882: Total time for which application threads were stopped: 0.0709650 seconds, Stopping threads took: 0.0697880 seconds
16.883: Application time: 0.0005190 seconds
16.934: [GC16.934: [DefNew: 3924K->3924K(4288K), 0.0000080 secs]16.934: [Tenured: 7971K->3967K(9600K), 0.0059600 secs] 11895K->3967K(13888K), [Perm : 5103K->5103K(21248K)], 0.0060090 secs] [Times: user=0.00 sys=0.00, real=0.00 secs] 
16.940: Total time for which application threads were stopped: 0.0576050 seconds, Stopping threads took: 0.0515070 seconds
16.941: Application time: 0.0005110 seconds
16.941: [GC16.941: [DefNew: 3819K->391K(4288K), 0.0008610 secs] 7786K->7777K(13888K), 0.0008840 secs] [Times: user=0.00 sys=0.00, real=0.00 secs] 
16.942: Total time for which application threads were stopped: 0.0013780 seconds, Stopping threads took: 0.0004390 seconds
17.014: Application time: 0.0718740 seconds
17.016: [GC17.016: [DefNew: 4216K->4216K(4288K), 0.0000090 secs]17.016: [Tenured: 7385K->2991K(9600K), 0.0056470 secs] 11602K->2991K(13888K), [Perm : 5103K->5103K(21248K)], 0.0057010 secs] [Times: user=0.00 sys=0.00, real=0.00 secs] 
17.022: Total time for which application threads were stopped: 0.0077330 seconds, Stopping threads took: 0.0019530 seconds
17.022: Application time: 0.0004930 seconds
17.023: [GC17.023: [DefNew: 3825K->391K(4288K), 0.0008360 secs] 6816K->6801K(13888K), 0.0008560 secs] [Times: user=0.00 sys=0.00, real=0.00 secs] 
17.023: Total time for which application threads were stopped: 0.0011520 seconds, Stopping threads took: 0.0002330 seconds
17.094: Application time: 0.0704020 seconds
17.099: [GC17.099: [DefNew: 4216K->4216K(4288K), 0.0000090 secs]17.099: [Tenured: 6409K->2015K(9600K), 0.0054790 secs] 10626K->2015K(13888K), [Perm : 5103K->5103K(21248K)], 0.0055310 secs] [Times: user=0.00 sys=0.00, real=0.00 secs] 
17.104: Total time for which application threads were stopped: 0.0103050 seconds, Stopping threads took: 0.0046960 seconds
17.105: Application time: 0.0005440 seconds
17.105: [GC17.105: [DefNew: 3825K->392K(4288K), 0.0008370 secs] 5841K->5826K(13888K), 0.0008550 secs] [Times: user=0.00 sys=0.00, real=0.00 secs] 
17.106: Total time for which application threads were stopped: 0.0012060 seconds, Stopping threads took: 0.0002890 seconds
17.112: Application time: 0.0064760 seconds
17.177: [GC17.177: [DefNew: 4213K->4213K(4288K), 0.0000070 secs]17.177: [Tenured: 5433K->3186K(9600K), 0.0058840 secs] 9647K->3186K(13888K), [Perm : 5103K->5103K(21248K)], 0.0059290 secs] [Times: user=0.00 sys=0.00, real=0.00 secs] 
17.183: Total time for which application threads were stopped: 0.0707150 seconds, Stopping threads took: 0.0647350 seconds
17.184: Application time: 0.0005710 seconds
17.229: [GC17.229: [DefNew: 3727K->392K(4288K), 0.0008270 secs] 6914K->6313K(13888K), 0.0008500 secs] [Times: user=0.00 sys=0.00, real=0.00 secs] 
17.230: Total time for which application threads were stopped: 0.0466170 seconds, Stopping threads took: 0.0457220 seconds
17.231: Application time: 0.0005760 seconds
17.231: [GC17.231: [DefNew: 4115K->4115K(4288K), 0.0000050 secs]17.231: [Tenured: 5920K->8459K(9600K), 0.0067100 secs] 10036K->8459K(13888K), [Perm : 5103K->5103K(21248K)], 0.0067540 secs] [Times: user=0.01 sys=0.00, real=0.01 secs] 
17.238: Total time for which application threads were stopped: 0.0073770 seconds, Stopping threads took: 0.0005480 seconds
17.310: Application time: 0.0721470 seconds
17.344: [GC17.344: [DefNew: 3825K->3825K(4288K), 0.0000100 secs]17.344: [Tenured: 8459K->2600K(9600K), 0.0054670 secs] 12284K->2600K(13888K), [Perm : 5103K->5103K(21248K)], 0.0055230 secs] [Times: user=0.01 sys=0.00, real=0.00 secs] 
17.350: Total time for which application threads were stopped: 0.0395330 seconds, Stopping threads took: 0.0339150 seconds
17.350: Application time: 0.0005650 seconds
17.397: [GC17.397: [DefNew: 3825K->392K(4288K), 0.0009140 secs] 6426K->6313K(13888K), 0.0009330 secs] [Times: user=0.00 sys=0.00, real=0.00 secs] 
17.398: Total time for which application threads were stopped: 0.0475600 seconds, Stopping threads took: 0.0465660 seconds
17.399: Application time: 0.0009730 seconds
17.460: [GC17.460: [DefNew: 4113K->4113K(4288K), 0.0000070 secs]17.460: [Tenured: 5920K->4748K(9600K), 0.0060850 secs] 10034K->4748K(13888K), [Perm : 5103K->5103K(21248K)], 0.0061320 secs] [Times: user=0.01 sys=0.00, real=0.01 secs] 
17.466: Total time for which application threads were stopped: 0.0674890 seconds, Stopping threads took: 0.0613030 seconds
17.467: Application time: 0.0005130 seconds
17.521: [GC17.521: [DefNew: 3532K->392K(4288K), 0.0007100 secs] 8281K->7093K(13888K), 0.0007430 secs] [Times: user=0.00 sys=0.00, real=0.00 secs] 
17.522: Total time for which application threads were stopped: 0.0545210 seconds, Stopping threads took: 0.0537080 seconds
17.522: Application time: 0.0004210 seconds
17.522: [GC17.522: [DefNew: 4211K->4211K(4288K), 0.0000060 secs]17.522: [Tenured: 6701K->7775K(9600K), 0.0059490 secs] 10913K->7775K(13888K), [Perm : 5103K->5103K(21248K)], 0.0059930 secs] [Times: user=0.00 sys=0.00, real=0.01 secs] 
17.528: Total time for which application threads were stopped: 0.0064640 seconds, Stopping threads took: 0.0004080 seconds
17.600: Application time: 0.0720240 seconds
17.604: [GC17.604: [DefNew: 3629K->3629K(4288K), 0.0000090 secs]17.604: [Tenured: 7775K->2795K(9600K), 0.0055960 secs] 11405K->2795K(13888K), [Perm : 5103K->5103K(21248K)], 0.0056510 secs] [Times: user=0.00 sys=0.00, real=0.01 secs] 
17.610: Total time for which application threads were stopped: 0.0092890 seconds, Stopping threads took: 0.0035550 seconds
17.610: Application time: 0.0005130 seconds
17.644: [GC17.644: [DefNew: 3823K->392K(4288K), 0.0008510 secs] 6619K->6313K(13888K), 0.0008720 secs] [Times: user=0.00 sys=0.00, real=0.01 secs] 
17.645: Total time for which application threads were stopped: 0.0348610 seconds, Stopping threads took: 0.0339280 seconds
17.646: Application time: 0.0013390 seconds
17.708: [GC17.708: [DefNew: 4213K->4213K(4288K), 0.0000060 secs]17.708: [Tenured: 5920K->5238K(9600K), 0.0060920 secs] 10134K->5238K(13888K), [Perm : 5103K->5103K(21248K)], 0.0061390 secs] [Times: user=0.00 sys=0.00, real=0.01 secs] 
17.714: Total time for which application threads were stopped: 0.0673800 seconds, Stopping threads took: 0.0611660 seconds
17.714: Application time: 0.0005930 seconds
17.778: [GC17.778: [DefNew: 3630K->391K(4288K), 0.0008340 secs] 8868K->7974K(13888K), 0.0008610 secs] [Times: user=0.00 sys=0.01, real=0.00 secs] 
17.779: Total time for which application threads were stopped: 0.0648790 seconds, Stopping threads took: 0.0639540 seconds
17.780: Application time: 0.0004330 seconds
17.813: [GC17.813: [DefNew: 4217K->4217K(4288K), 0.0000050 secs]17.813: [Tenured: 7582K->6018K(9600K), 0.0063120 secs] 11799K->6018K(13888K), [Perm : 5107K->5107K(21248K)], 0.0063570 secs] [Times: user=0.01 sys=0.00, real=0.00 secs] 
17.819: Total time for which application threads were stopped: 0.0395150 seconds, Stopping threads took: 0.0331040 seconds
17.820: Application time: 0.0008230 seconds
17.875: [GC17.875: [DefNew: 3825K->3825K(4288K), 0.0000090 secs]17.875: [Tenured: 6018K->5529K(9600K), 0.0060680 secs] 9843K->5529K(13888K), [Perm : 5107K->5107K(21248K)], 0.0061240 secs] [Times: user=0.01 sys=0.00, real=0.00 secs] 
17.881: Total time for which application threads were stopped: 0.0613430 seconds, Stopping threads took: 0.0551280 seconds
17.882: Application time: 0.0008870 seconds
17.952: [GC17.952: [DefNew: 3825K->294K(4288K), 0.0010570 secs] 9355K->8949K(13888K), 0.0010870 secs] [Times: user=0.01 sys=0.00, real=0.01 secs] 
17.953: Total time for which application threads were stopped: 0.0707020 seconds, Stopping threads took: 0.0695420 seconds
17.954: Application time: 0.0005260 seconds
18.005: [GC18.005: [DefNew: 3924K->3924K(4288K), 0.0000070 secs]18.005: [Tenured: 8655K->4357K(9600K), 0.0055210 secs] 12579K->4357K(13888K), [Perm : 5107K->5107K(21248K)], 0.0055730 secs] [Times: user=0.01 sys=0.00, real=0.00 secs] 
18.011: Total time for which application threads were stopped: 0.0574790 seconds, Stopping threads took: 0.0518380 seconds
18.012: Application time: 0.0004960 seconds
18.067: [GC18.067: [DefNew: 3825K->391K(4288K), 0.0008140 secs] 8183K->7289K(13888K), 0.0008360 secs] [Times: user=0.00 sys=0.00, real=0.00 secs] 
18.068: Total time for which application threads were stopped: 0.0562030 seconds, Stopping threads took: 0.0553020 seconds
18.073: Application time: 0.0049920 seconds
18.139: [GC18.139: [DefNew: 4100K->4100K(4288K), 0.0000070 secs]18.139: [Tenured: 6897K->3215K(9600K), 0.0050700 secs] 10997K->3215K(13888K), [Perm : 5107K->5107K(21248K)], 0.0051290 secs] [Times: user=0.00 sys=0.00, real=0.00 secs] 
18.144: Total time for which application threads were stopped: 0.0710730 seconds, Stopping threads took: 0.0658790 seconds
18.144: Application time: 0.0005270 seconds
18.192: [GC18.192: [DefNew: 3727K->392K(4288K), 0.0008100 secs] 6942K->6341K(13888K), 0.0008340 secs] [Times: user=0.00 sys=0.00, real=0.01 secs] 
18.193: Total time for which application threads were stopped: 0.0483360 seconds, Stopping threads took: 0.0474350 seconds
18.193: Application time: 0.0006760 seconds
18.228: [GC18.228: [DefNew: 4113K->4113K(4288K), 0.0000050 secs]18.228: [Tenured: 5949K->6339K(9600K), 0.0069000 secs] 10063K->6339K(13888K), [Perm : 5107K->5107K(21248K)], 0.0069430 secs] [Times: user=0.00 sys=0.00, real=0.01 secs] 
18.234: Total time for which application threads were stopped: 0.0411350 seconds, Stopping threads took: 0.0341220 seconds
18.235: Application time: 0.0010320 seconds
18.306: [GC18.306: [DefNew: 3825K->3825K(4288K), 0.0000090 secs]18.306: [Tenured: 6339K->3674K(9600K), 0.0053960 secs] 10164K->3674K(13888K), [Perm : 5107K->5107K(21248K)], 0.0054500 secs] [Times: user=0.01 sys=0.00, real=0.00 secs] 
18.311: Total time for which application threads were stopped: 0.0756070 seconds, Stopping threads took: 0.0700760 seconds
18.312: Application time: 0.0005310 seconds
18.345: [GC18.345: [DefNew: 3708K->420K(4288K), 0.0009680 secs] 7383K->7220K(13888K), 0.0009910 secs] [Times: user=0.01 sys=0.00, real=0.00 secs] 
18.346: Total time for which application threads were stopped: 0.0344670 seconds, Stopping threads took: 0.0334090 seconds
18.347: Application time: 0.0006250 seconds
18.417: [GC18.417: [DefNew: 4128K->4128K(4288K), 0.0000070 secs]18.417: [Tenured: 6799K->4512K(9600K), 0.0059960 secs] 10928K->4512K(13888K), [Perm : 5107K->5107K(21248K)], 0.0060440 secs] [Times: user=0.00 sys=0.00, real=0.00 secs] 
18.423: Total time for which application threads were stopped: 0.0761010 seconds, Stopping threads took: 0.0699730 seconds
18.423: Application time: 0.0005190 seconds
18.457: [GC18.457: [DefNew: 3727K->391K(4288K), 0.0008270 secs] 8240K->7639K(13888K), 0.0008500 secs] [Times: user=0.00 sys=0.00, real=0.00 secs] 
18.458: Total time for which application threads were stopped: 0.0342010 seconds, Stopping threads took: 0.0332980 seconds
18.458: Application time: 0.0006430 seconds
18.492: [GC18.492: [DefNew: 4211K->4211K(4288K), 0.0000060 secs]18.492: [Tenured: 7247K->6660K(9600K), 0.0064510 secs] 11458K->6660K(13888K), [Perm : 5107K->5107K(21248K)], 0.0064980 secs] [Times: user=0.00 sys=0.00, real=0.01 secs] 
18.498: Total time for which application threads were stopped: 0.0400350 seconds, Stopping threads took: 0.0334600 seconds
18.569: Application time: 0.0711280 seconds
18.573: [GC18.573: [DefNew: 3825K->3825K(4288K), 0.0000080 secs]18.573: [Tenured: 6660K->1876K(9600K), 0.0054020 secs] 10486K->1876K(13888K), [Perm : 5107K->5107K(21248K)], 0.0054540 secs] [Times: user=0.00 sys=0.00, real=0.00 secs] 
18.579: Total time for which application threads were stopped: 0.0092270 seconds, Stopping threads took: 0.0036950 seconds
18.579: Application time: 0.0006440 seconds
18.580: [GC18.580: [DefNew: 3767K->445K(4288K), 0.0008480 secs] 5643K->5479K(13888K), 0.0008710 secs] [Times: user=0.00 sys=0.00, real=0.00 secs] 
18.580: Total time for which application threads were stopped: 0.0011800 seconds, Stopping threads took: 0.0002570 seconds
18.581: Application time: 0.0008710 seconds
18.644: [GC18.644: [DefNew: 4169K->391K(4288K), 0.0006840 secs] 9202K->7237K(13888K), 0.0007080 secs] [Times: user=0.00 sys=0.00, real=0.01 secs] 
18.644: Total time for which application threads were stopped: 0.0630380 seconds, Stopping threads took: 0.0622680 seconds
18.645: Application time: 0.0008960 seconds
18.714: [GC18.714: [DefNew: 4177K->4177K(4288K), 0.0000070 secs]18.714: [Tenured: 6846K->4065K(9600K), 0.0065490 secs] 11024K->4065K(13888K), [Perm : 5107K->5107K(21248K)], 0.0065930 secs] [Times: user=0.00 sys=0.00, real=0.00 secs] 
18.720: Total time for which application threads were stopped: 0.0751990 seconds, Stopping threads took: 0.0685250 seconds
18.721: Application time: 0.0005650 seconds
18.754: [GC18.754: [DefNew: 3825K->391K(4288K), 0.0009920 secs] 7890K->7777K(13888K), 0.0010190 secs] [Times: user=0.00 sys=0.00, real=0.00 secs] 
18.755: Total time for which application threads were stopped: 0.0344400 seconds, Stopping threads took: 0.0333520 seconds
18.756: Application time: 0.0006740 seconds
18.809: [GC18.809: [DefNew: 4212K->4212K(4288K), 0.0000060 secs]18.809: [Tenured: 7386K->7386K(9600K), 0.0064230 secs] 11598K->7386K(13888K), [Perm : 5107K->5107K(21248K)], 0.0064680 secs] [Times: user=0.00 sys=0.00, real=0.01 secs] 
18.816: Total time for which application threads were stopped: 0.0597230 seconds, Stopping threads took: 0.0531820 seconds
18.888: Application time: 0.0718020 seconds
18.891: [GC18.891: [DefNew: 3825K->3825K(4288K), 0.0000100 secs]18.891: [Tenured: 7386K->2601K(9600K), 0.0049780 secs] 11211K->2601K(13888K), [Perm : 5107K->5107K(21248K)], 0.0050430 secs] [Times: user=0.00 sys=0.00, real=0.01 secs] 
18.896: Total time for which application threads were stopped: 0.0086770 seconds, Stopping threads took: 0.0035540 seconds
18.897: Application time: 0.0005880 seconds
18.931: [GC18.931: [DefNew: 3727K->392K(4288K), 0.0008280 secs] 6329K->6021K(13888K), 0.0008490 secs] [Times: user=0.00 sys=0.00, real=0.00 secs] 
18.931: Total time for which application threads were stopped: 0.0345260 seconds, Stopping threads took: 0.0336100 seconds
18.932: Application time: 0.0006170 seconds
18.966: [GC18.966: [DefNew: 4211K->4211K(4288K), 0.0000070 secs]18.966: [Tenured: 5629K->6899K(9600K), 0.0057280 secs] 9840K->6899K(13888K), [Perm : 5107K->5107K(21248K)], 0.0057730 secs] [Times: user=0.01 sys=0.00, real=0.00 secs] 
18.972: Total time for which application threads were stopped: 0.0398080 seconds, Stopping threads took: 0.0339720 seconds
19.044: Application time: 0.0718180 seconds
19.046: [GC19.046: [DefNew: 3727K->3727K(4288K), 0.0000090 secs]19.046: [Tenured: 6899K->2014K(9600K), 0.0061490 secs] 10626K->2014K(13888K), [Perm : 5107K->5107K(21248K)], 0.0061990 secs] [Times: user=0.01 sys=0.00, real=0.00 secs] 
19.052: Total time for which application threads were stopped: 0.0081010 seconds, Stopping threads took: 0.0018240 seconds
19.052: Application time: 0.0006900 seconds
19.053: [GC19.053: [DefNew: 3727K->392K(4288K), 0.0008830 secs] 5742K->5727K(13888K), 0.0009050 secs] [Times: user=0.00 sys=0.00, real=0.00 secs] 
19.054: Total time for which application threads were stopped: 0.0012240 seconds, Stopping threads took: 0.0002530 seconds
19.055: Application time: 0.0013340 seconds
19.118: [GC19.118: [DefNew: 4215K->293K(4288K), 0.0007450 secs] 9550K->7974K(13888K), 0.0007710 secs] [Times: user=0.00 sys=0.00, real=0.00 secs] 
19.119: Total time for which application threads were stopped: 0.0641090 seconds, Stopping threads took: 0.0632830 seconds
19.120: Application time: 0.0007630 seconds
19.183: [GC19.183: [DefNew: 4118K->4118K(4288K), 0.0000070 secs]19.183: [Tenured: 7680K->4749K(9600K), 0.0064980 secs] 11799K->4749K(13888K), [Perm : 5107K->5107K(21248K)], 0.0065480 secs] [Times: user=0.01 sys=0.00, real=0.01 secs] 
19.189: Total time for which application threads were stopped: 0.0695470 seconds, Stopping threads took: 0.0629220 seconds
19.190: Application time: 0.0005090 seconds
19.256: [GC19.256: [DefNew: 3532K->392K(4288K), 0.0007130 secs] 8281K->7094K(13888K), 0.0007370 secs] [Times: user=0.01 sys=0.00, real=0.00 secs] 
19.257: Total time for which application threads were stopped: 0.0669870 seconds, Stopping threads took: 0.0662030 seconds
19.257: Application time: 0.0003920 seconds
19.304: [GC19.304: [DefNew: 4211K->4211K(4288K), 0.0000060 secs]19.304: [Tenured: 6702K->6702K(9600K), 0.0065690 secs] 10913K->6702K(13888K), [Perm : 5107K->5107K(21248K)], 0.0066120 secs] [Times: user=0.01 sys=0.00, real=0.00 secs] 
19.311: Total time for which application threads were stopped: 0.0536050 seconds, Stopping threads took: 0.0469180 seconds
19.383: Application time: 0.0715530 seconds
19.384: [GC19.384: [DefNew: 3727K->3727K(4288K), 0.0000100 secs]19.384: [Tenured: 6702K->1819K(9600K), 0.0060630 secs] 10429K->1819K(13888K), [Perm : 5107K->5107K(21248K)], 0.0061220 secs] [Times: user=0.01 sys=0.00, real=0.01 secs] 
19.390: Total time for which application threads were stopped: 0.0078560 seconds, Stopping threads took: 0.0016770 seconds
19.391: Application time: 0.0007110 seconds
19.391: [GC19.391: [DefNew: 3727K->392K(4288K), 0.0008510 secs] 5547K->5532K(13888K), 0.0008690 secs] [Times: user=0.00 sys=0.00, real=0.00 secs] 
19.392: Total time for which application threads were stopped: 0.0011550 seconds, Stopping threads took: 0.0002270 seconds
19.393: Application time: 0.0009710 seconds
19.437: [GC19.437: [DefNew: 4213K->391K(4288K), 0.0009110 secs] 9353K->8462K(13888K), 0.0009330 secs] [Times: user=0.00 sys=0.00, real=0.00 secs] 
19.438: Total time for which application threads were stopped: 0.0452020 seconds, Stopping threads took: 0.0441980 seconds
19.439: Application time: 0.0009990 seconds
19.509: [GC19.509: [DefNew: 4216K->4216K(4288K), 0.0000090 secs]19.509: [Tenured: 8071K->4553K(9600K), 0.0063440 secs] 12288K->4553K(13888K), [Perm : 5107K->5107K(21248K)], 0.0063980 secs] [Times: user=0.01 sys=0.00, real=0.01 secs] 
19.516: Total time for which application threads were stopped: 0.0762410 seconds, Stopping threads took: 0.0697640 seconds
19.516: Application time: 0.0005600 seconds
19.550: [GC19.550: [DefNew: 3825K->392K(4288K), 0.0009730 secs] 8379K->8071K(13888K), 0.0009980 secs] [Times: user=0.00 sys=0.00, real=0.00 secs] 
19.551: Total time for which application threads were stopped: 0.0346250 seconds, Stopping threads took: 0.0335800 seconds
19.551: Application time: 0.0004650 seconds
19.615: [GC19.615: [DefNew: 4217K->4217K(4288K), 0.0000080 secs]19.615: [Tenured: 7679K->4651K(9600K), 0.0059930 secs] 11896K->4651K(13888K), [Perm : 5107K->5107K(21248K)], 0.0060380 secs] [Times: user=0.01 sys=0.00, real=0.00 secs] 
19.621: Total time for which application threads were stopped: 0.0695690 seconds, Stopping threads took: 0.0634670 seconds
19.622: Application time: 0.0006670 seconds
19.657: [GC19.657: [DefNew: 3630K->391K(4288K), 0.0008460 secs] 8281K->7680K(13888K), 0.0008730 secs] [Times: user=0.00 sys=0.00, real=0.00 secs] 
19.658: Total time for which application threads were stopped: 0.0363680 seconds, Stopping threads took: 0.0354240 seconds
19.658: Application time: 0.0004330 seconds
19.707: [GC19.707: [DefNew: 4115K->4115K(4288K), 0.0000060 secs]19.707: [Tenured: 7288K->5530K(9600K), 0.0062620 secs] 11403K->5530K(13888K), [Perm : 5107K->5107K(21248K)], 0.0063070 secs] [Times: user=0.01 sys=0.00, real=0.01 secs] 
19.713: Total time for which application threads were stopped: 0.0547330 seconds, Stopping threads took: 0.0483520 seconds
19.714: Application time: 0.0008800 seconds
19.784: [GC19.784: [DefNew: 3825K->391K(4288K), 0.0007610 secs] 9355K->7875K(13888K), 0.0007910 secs] [Times: user=0.00 sys=0.00, real=0.01 secs] 
19.785: Total time for which application threads were stopped: 0.0707310 seconds, Stopping threads took: 0.0698700 seconds
19.785: Application time: 0.0004240 seconds
19.832: [GC19.832: [DefNew: 4022K->4022K(4288K), 0.0000070 secs]19.832: [Tenured: 7483K->4358K(9600K), 0.0060700 secs] 11505K->4358K(13888K), [Perm : 5107K->5107K(21248K)], 0.0061150 secs] [Times: user=0.01 sys=0.00, real=0.01 secs] 
19.838: Total time for which application threads were stopped: 0.0531230 seconds, Stopping threads took: 0.0469550 seconds
19.839: Application time: 0.0004690 seconds
19.839: [GC19.839: [DefNew: 3817K->391K(4288K), 0.0008850 secs] 8175K->8168K(13888K), 0.0009040 secs] [Times: user=0.00 sys=0.00, real=0.00 secs] 
19.840: Total time for which application threads were stopped: 0.0013820 seconds, Stopping threads took: 0.0004170 seconds
19.911: Application time: 0.0713400 seconds
19.918: [GC19.918: [DefNew: 4021K->4021K(4288K), 0.0000090 secs]19.918: [Tenured: 7776K->3186K(9600K), 0.0057410 secs] 11797K->3186K(13888K), [Perm : 5107K->5107K(21248K)], 0.0058050 secs] [Times: user=0.01 sys=0.00, real=0.00 secs] 
19.924: Total time for which application threads were stopped: 0.0121960 seconds, Stopping threads took: 0.0063080 seconds
19.924: Application time: 0.0005430 seconds
19.974: [GC19.974: [DefNew: 3821K->391K(4288K), 0.0008400 secs] 7007K->6703K(13888K), 0.0008590 secs] [Times: user=0.00 sys=0.00, real=0.00 secs] 
19.975: Total time for which application threads were stopped: 0.0503320 seconds, Stopping threads took: 0.0494040 seconds
19.976: Application time: 0.0011260 seconds
20.045: [GC20.045: [DefNew: 4115K->4115K(4288K), 0.0000070 secs]20.045: [Tenured: 6311K->4261K(9600K), 0.0060190 secs] 10427K->4261K(13888K), [Perm : 5107K->5107K(21248K)], 0.0060680 secs] [Times: user=0.00 sys=0.00, real=0.00 secs] 
20.051: Total time for which application threads were stopped: 0.0755930 seconds, Stopping threads took: 0.0694500 seconds
20.052: Application time: 0.0005120 seconds
20.085: [GC20.085: [DefNew: 3727K->392K(4288K), 0.0008840 secs] 7989K->7388K(13888K), 0.0009100 secs] [Times: user=0.00 sys=0.01, real=0.00 secs] 
20.086: Total time for which application threads were stopped: 0.0343240 seconds, Stopping threads took: 0.0333440 seconds
20.087: Application time: 0.0006110 seconds
20.120: [GC20.120: [DefNew: 4113K->4113K(4288K), 0.0000060 secs]20.120: [Tenured: 6996K->7385K(9600K), 0.0065210 secs] 11109K->7385K(13888K), [Perm : 5107K->5107K(21248K)], 0.0065670 secs] [Times: user=0.01 sys=0.00, real=0.01 secs] 
20.127: Total time for which application threads were stopped: 0.0402060 seconds, Stopping threads took: 0.0335630 seconds
20.198: Application time: 0.0714470 seconds
20.202: [GC20.202: [DefNew: 3708K->3708K(4288K), 0.0000090 secs]20.202: [Tenured: 7385K->2433K(9600K), 0.0055790 secs] 11093K->2433K(13888K), [Perm : 5107K->5107K(21248K)], 0.0056310 secs] [Times: user=0.01 sys=0.00, real=0.01 secs] 
20.208: Total time for which application threads were stopped: 0.0093360 seconds, Stopping threads took: 0.0036250 seconds
20.208: Application time: 0.0005850 seconds
20.242: [GC20.242: [DefNew: 3708K->420K(4288K), 0.0008160 secs] 6142K->5784K(13888K), 0.0008380 secs] [Times: user=0.00 sys=0.00, real=0.00 secs] 
20.242: Total time for which application threads were stopped: 0.0341760 seconds, Stopping threads took: 0.0332710 seconds
20.243: Application time: 0.0003850 seconds
20.276: [GC20.276: [DefNew: 4144K->391K(4288K), 0.0009770 secs] 9507K->8909K(13888K), 0.0010010 secs] [Times: user=0.00 sys=0.00, real=0.00 secs] 
20.277: Total time for which application threads were stopped: 0.0344430 seconds, Stopping threads took: 0.0333720 seconds
20.348: Application time: 0.0708380 seconds
20.353: [GC20.353: [DefNew: 4118K->4118K(4288K), 0.0000080 secs]20.353: [Tenured: 8518K->1600K(9600K), 0.0054880 secs] 12637K->1600K(13888K), [Perm : 5107K->5107K(21248K)], 0.0055380 secs] [Times: user=0.01 sys=0.00, real=0.00 secs] 
20.358: Total time for which application threads were stopped: 0.0100780 seconds, Stopping threads took: 0.0044630 seconds
20.359: Application time: 0.0004880 seconds
20.359: [GC20.359: [DefNew: 3580K->440K(4288K), 0.0009110 secs] 5180K->5166K(13888K), 0.0009300 secs] [Times: user=0.00 sys=0.00, real=0.00 secs] 
20.360: Total time for which application threads were stopped: 0.0011020 seconds, Stopping threads took: 0.0001090 seconds
20.361: Application time: 0.0007930 seconds
20.410: [GC20.410: [DefNew: 4092K->419K(4288K), 0.0004720 secs] 8817K->6318K(13888K), 0.0004910 secs] [Times: user=0.00 sys=0.00, real=0.00 secs] 
20.410: Total time for which application threads were stopped: 0.0495000 seconds, Stopping threads took: 0.0489490 seconds
20.411: Application time: 0.0006960 seconds
20.481: [GC20.481: [DefNew: 3932K->3932K(4288K), 0.0000070 secs]20.481: [Tenured: 5898K->3610K(9600K), 0.0058430 secs] 9831K->3610K(13888K), [Perm : 5107K->5107K(21248K)], 0.0058910 secs] [Times: user=0.01 sys=0.00, real=0.01 secs] 
20.487: Total time for which application threads were stopped: 0.0759670 seconds, Stopping threads took: 0.0699900 seconds
20.487: Application time: 0.0005270 seconds
20.534: [GC20.534: [DefNew: 3786K->351K(4288K), 0.0008270 secs] 7397K->6696K(13888K), 0.0008600 secs] [Times: user=0.00 sys=0.00, real=0.00 secs] 
20.535: Total time for which application threads were stopped: 0.0478800 seconds, Stopping threads took: 0.0469750 seconds
20.536: Application time: 0.0005470 seconds
20.574: [GC20.574: [DefNew: 4077K->4077K(4288K), 0.0000060 secs]20.574: [Tenured: 6344K->5620K(9600K), 0.0062000 secs] 10421K->5620K(13888K), [Perm : 5107K->5107K(21248K)], 0.0062460 secs] [Times: user=0.01 sys=0.00, real=0.00 secs] 
20.580: Total time for which application threads were stopped: 0.0445450 seconds, Stopping threads took: 0.0382090 seconds
20.581: Application time: 0.0007410 seconds
20.651: [GC20.651: [DefNew: 3512K->420K(4288K), 0.0006780 secs] 9133K->7603K(13888K), 0.0007050 secs] [Times: user=0.00 sys=0.00, real=0.00 secs] 
20.652: Total time for which application threads were stopped: 0.0707340 seconds, Stopping threads took: 0.0699600 seconds
20.652: Application time: 0.0003940 seconds
20.686: [GC20.686: [DefNew: 4104K->4104K(4288K), 0.0000070 secs]20.686: [Tenured: 7182K->5164K(9600K), 0.0061760 secs] 11287K->5164K(13888K), [Perm : 5107K->5107K(21248K)], 0.0062220 secs] [Times: user=0.00 sys=0.00, real=0.00 secs] 
20.692: Total time for which application threads were stopped: 0.0396230 seconds, Stopping threads took: 0.0333250 seconds
20.692: Application time: 0.0006040 seconds
20.725: [GC20.725: [DefNew: 3747K->415K(4288K), 0.0009200 secs] 8912K->8900K(13888K), 0.0009420 secs] [Times: user=0.00 sys=0.00, real=0.00 secs] 
20.726: Total time for which application threads were stopped: 0.0338500 seconds, Stopping threads took: 0.0328550 seconds
20.799: Application time: 0.0724010 seconds
20.799: [GC20.799: [DefNew: 4240K->4240K(4288K), 0.0000100 secs]20.800: [Tenured: 8485K->2894K(9600K), 0.0063040 secs] 12725K->2894K(13888K), [Perm : 5107K->5107K(21248K)], 0.0063580 secs] [Times: user=0.00 sys=0.00, real=0.01 secs] 
20.806: Total time for which application threads were stopped: 0.0072040 seconds, Stopping threads took: 0.0007870 seconds
20.806: Application time: 0.0005200 seconds
20.840: [GC20.840: [DefNew: 3725K->391K(4288K), 0.0009350 secs] 6619K->6606K(13888K), 0.0009550 secs] [Times: user=0.00 sys=0.00, real=0.00 secs] 
20.841: Total time for which application threads were stopped: 0.0345030 seconds, Stopping threads took: 0.0334820 seconds
20.845: Application time: 0.0045390 seconds
20.913: [GC20.913: [DefNew: 4214K->4214K(4288K), 0.0000100 secs]20.913: [Tenured: 6214K->1820K(9600K), 0.0052970 secs] 10429K->1820K(13888K), [Perm : 5107K->5107K(21248K)], 0.0053540 secs] [Times: user=0.00 sys=0.01, real=0.00 secs] 
20.919: Total time for which application threads were stopped: 0.0731250 seconds, Stopping threads took: 0.0677030 seconds
20.919: Application time: 0.0006490 seconds
20.920: [GC20.920: [DefNew: 3727K->392K(4288K), 0.0009070 secs] 5548K->5533K(13888K), 0.0009240 secs] [Times: user=0.00 sys=0.00, real=0.00 secs] 
20.920: Total time for which application threads were stopped: 0.0012450 seconds, Stopping threads took: 0.0002620 seconds
20.921: Application time: 0.0008860 seconds
20.955: [GC20.955: [DefNew: 4217K->390K(4288K), 0.0009480 secs] 9358K->8756K(13888K), 0.0009730 secs] [Times: user=0.00 sys=0.00, real=0.00 secs] 
20.956: Total time for which application threads were stopped: 0.0341660 seconds, Stopping threads took: 0.0331500 seconds
21.028: Application time: 0.0720960 seconds
21.029: [GC21.029: [DefNew: 4216K->4216K(4288K), 0.0000090 secs]21.029: [Tenured: 8365K->2407K(9600K), 0.0055510 secs] 12582K->2407K(13888K), [Perm : 5107K->5107K(21248K)], 0.0056030 secs] [Times: user=0.01 sys=0.00, real=0.01 secs] 
21.035: Total time for which application threads were stopped: 0.0072230 seconds, Stopping threads took: 0.0015310 seconds
21.035: Application time: 0.0005780 seconds
21.069: [GC21.069: [DefNew: 3825K->392K(4288K), 0.0008330 secs] 6232K->5924K(13888K), 0.0008530 secs] [Times: user=0.00 sys=0.00, real=0.00 secs] 
21.070: Total time for which application threads were stopped: 0.0341890 seconds, Stopping threads took: 0.0332620 seconds
21.070: Application time: 0.0006490 seconds
21.132: [GC21.132: [DefNew: 4213K->4213K(4288K), 0.0000060 secs]21.132: [Tenured: 5532K->5728K(9600K), 0.0055580 secs] 9745K->5728K(13888K), [Perm : 5107K->5107K(21248K)], 0.0056030 secs] [Times: user=0.00 sys=0.00, real=0.01 secs] 
21.138: Total time for which application threads were stopped: 0.0674210 seconds, Stopping threads took: 0.0617420 seconds
21.139: Application time: 0.0008660 seconds
21.209: [GC21.209: [DefNew: 3825K->391K(4288K), 0.0008130 secs] 9553K->8268K(13888K), 0.0008410 secs] [Times: user=0.00 sys=0.00, real=0.00 secs] 
21.210: Total time for which application threads were stopped: 0.0713810 seconds, Stopping threads took: 0.0704670 seconds
21.210: Application time: 0.0004620 seconds
21.268: [GC21.268: [DefNew: 4217K->4217K(4288K), 0.0000080 secs]21.268: [Tenured: 7876K->4749K(9600K), 0.0067150 secs] 12094K->4749K(13888K), [Perm : 5107K->5107K(21248K)], 0.0067650 secs] [Times: user=0.01 sys=0.00, real=0.01 secs] 
21.275: Total time for which application threads were stopped: 0.0645730 seconds, Stopping threads took: 0.0577310 seconds
21.275: Application time: 0.0004550 seconds
21.310: [GC21.310: [DefNew: 3625K->391K(4288K), 0.0008170 secs] 8375K->8071K(13888K), 0.0008360 secs] [Times: user=0.00 sys=0.00, real=0.00 secs] 
21.311: Total time for which application threads were stopped: 0.0356400 seconds, Stopping threads took: 0.0347440 seconds
21.383: Application time: 0.0721220 seconds
21.385: [GC21.385: [DefNew: 4119K->4119K(4288K), 0.0000080 secs]21.385: [Tenured: 7679K->2406K(9600K), 0.0055470 secs] 11798K->2406K(13888K), [Perm : 5107K->5107K(21248K)], 0.0055990 secs] [Times: user=0.00 sys=0.00, real=0.00 secs] 
21.391: Total time for which application threads were stopped: 0.0076900 seconds, Stopping threads took: 0.0020120 seconds
21.391: Application time: 0.0004820 seconds
21.392: [GC21.392: [DefNew: 3725K->392K(4288K), 0.0008320 secs] 6132K->6119K(13888K), 0.0008530 secs] [Times: user=0.00 sys=0.00, real=0.01 secs] 
21.392: Total time for which application threads were stopped: 0.0011090 seconds, Stopping threads took: 0.0002140 seconds
21.394: Application time: 0.0016700 seconds
21.460: [GC21.460: [DefNew: 4217K->4217K(4288K), 0.0000070 secs]21.460: [Tenured: 5727K->4556K(9600K), 0.0058420 secs] 9944K->4556K(13888K), [Perm : 5107K->5107K(21248K)], 0.0058900 secs] [Times: user=0.00 sys=0.00, real=0.01 secs] 
21.466: Total time for which application threads were stopped: 0.0719930 seconds, Stopping threads took: 0.0660270 seconds
21.467: Application time: 0.0005950 seconds
21.500: [GC21.500: [DefNew: 3825K->392K(4288K), 0.0009990 secs] 8381K->8073K(13888K), 0.0010300 secs] [Times: user=0.01 sys=0.00, real=0.00 secs] 
21.501: Total time for which application threads were stopped: 0.0344790 seconds, Stopping threads took: 0.0333870 seconds
21.502: Application time: 0.0004390 seconds
21.551: [GC21.551: [DefNew: 4217K->4217K(4288K), 0.0000060 secs]21.551: [Tenured: 7681K->5726K(9600K), 0.0062600 secs] 11898K->5726K(13888K), [Perm : 5107K->5107K(21248K)], 0.0063060 secs] [Times: user=0.00 sys=0.00, real=0.01 secs] 
21.557: Total time for which application threads were stopped: 0.0552760 seconds, Stopping threads took: 0.0488890 seconds
21.558: Application time: 0.0007930 seconds
21.612: [GC21.612: [DefNew: 3825K->391K(4288K), 0.0009960 secs] 9551K->9243K(13888K), 0.0010230 secs] [Times: user=0.01 sys=0.00, real=0.01 secs] 
21.613: Total time for which application threads were stopped: 0.0548680 seconds, Stopping threads took: 0.0537970 seconds
21.614: Application time: 0.0011150 seconds
21.683: [GC21.684: [DefNew: 4217K->4217K(4288K), 0.0000090 secs]21.684: [Tenured: 8851K->4749K(9600K), 0.0065460 secs] 13068K->4749K(13888K), [Perm : 5107K->5107K(21248K)], 0.0065960 secs] [Times: user=0.00 sys=0.00, real=0.01 secs] 
21.690: Total time for which application threads were stopped: 0.0763900 seconds, Stopping threads took: 0.0697170 seconds
21.691: Application time: 0.0006670 seconds
21.724: [GC21.724: [DefNew: 3630K->392K(4288K), 0.0009950 secs] 8379K->8267K(13888K), 0.0010310 secs] [Times: user=0.01 sys=0.00, real=0.01 secs] 
21.725: Total time for which application threads were stopped: 0.0344920 seconds, Stopping threads took: 0.0334120 seconds
21.726: Application time: 0.0004650 seconds
21.759: [GC21.759: [DefNew: 4217K->4217K(4288K), 0.0000070 secs]21.759: [Tenured: 7875K->6800K(9600K), 0.0064290 secs] 12092K->6800K(13888K), [Perm : 5107K->5107K(21248K)], 0.0064770 secs] [Times: user=0.01 sys=0.00, real=0.01 secs] 
21.766: Total time for which application threads were stopped: 0.0400330 seconds, Stopping threads took: 0.0334780 seconds
21.838: Application time: 0.0725700 seconds
21.839: [GC21.839: [DefNew: 3825K->3825K(4288K), 0.0000090 secs]21.839: [Tenured: 6800K->2015K(9600K), 0.0063860 secs] 10625K->2015K(13888K), [Perm : 5107K->5107K(21248K)], 0.0064390 secs] [Times: user=0.01 sys=0.00, real=0.01 secs] 
21.846: Total time for which application threads were stopped: 0.0072400 seconds, Stopping threads took: 0.0007240 seconds
21.846: Application time: 0.0006580 seconds
21.847: [GC21.847: [DefNew: 3725K->391K(4288K), 0.0008910 secs] 5740K->5727K(13888K), 0.0009070 secs] [Times: user=0.00 sys=0.00, real=0.00 secs] 
21.848: Total time for which application threads were stopped: 0.0015240 seconds, Stopping threads took: 0.0005590 seconds
21.849: Application time: 0.0011910 seconds
21.911: [GC21.911: [DefNew: 4214K->293K(4288K), 0.0006160 secs] 9550K->7388K(13888K), 0.0006380 secs] [Times: user=0.00 sys=0.00, real=0.00 secs] 
21.912: Total time for which application threads were stopped: 0.0629330 seconds, Stopping threads took: 0.0622320 seconds
21.913: Application time: 0.0008500 seconds
21.978: [GC21.978: [DefNew: 4083K->4083K(4288K), 0.0000070 secs]21.978: [Tenured: 7094K->4664K(9600K), 0.0063470 secs] 11178K->4664K(13888K), [Perm : 5107K->5107K(21248K)], 0.0063930 secs] [Times: user=0.01 sys=0.00, real=0.00 secs] 
21.984: Total time for which application threads were stopped: 0.0713190 seconds, Stopping threads took: 0.0648510 seconds
21.985: Application time: 0.0009680 seconds
22.034: [GC22.034: [DefNew: 3822K->436K(4288K), 0.0009990 secs] 8486K->8226K(13888K), 0.0010260 secs] [Times: user=0.00 sys=0.00, real=0.00 secs] 
22.035: Total time for which application threads were stopped: 0.0499650 seconds, Stopping threads took: 0.0488650 seconds
22.035: Application time: 0.0004870 seconds
22.101: [GC22.101: [DefNew: 4261K->4261K(4288K), 0.0000080 secs]22.101: [Tenured: 7789K->4363K(9600K), 0.0065270 secs] 12051K->4363K(13888K), [Perm : 5107K->5107K(21248K)], 0.0065760 secs] [Times: user=0.01 sys=0.00, real=0.01 secs] 
22.108: Total time for which application threads were stopped: 0.0721540 seconds, Stopping threads took: 0.0654930 seconds
22.108: Application time: 0.0005980 seconds
22.141: [GC22.141: [DefNew: 3725K->391K(4288K), 0.0009070 secs] 8089K->7783K(13888K), 0.0009320 secs] [Times: user=0.00 sys=0.00, real=0.00 secs] 
22.142: Total time for which application threads were stopped: 0.0339540 seconds, Stopping threads took: 0.0329540 seconds
22.143: Application time: 0.0012280 seconds
22.214: [GC22.214: [DefNew: 4117K->4117K(4288K), 0.0000080 secs]22.214: [Tenured: 7391K->3192K(9600K), 0.0060260 secs] 11508K->3192K(13888K), [Perm : 5107K->5107K(21248K)], 0.0060770 secs] [Times: user=0.01 sys=0.00, real=0.00 secs] 
22.220: Total time for which application threads were stopped: 0.0761510 seconds, Stopping threads took: 0.0699950 seconds
22.220: Application time: 0.0006670 seconds
22.254: [GC22.254: [DefNew: 3708K->420K(4288K), 0.0008270 secs] 6900K->6542K(13888K), 0.0008470 secs] [Times: user=0.00 sys=0.00, real=0.00 secs] 
22.255: Total time for which application threads were stopped: 0.0344980 seconds, Stopping threads took: 0.0335860 seconds
22.255: Application time: 0.0004400 seconds
22.307: [GC22.307: [DefNew: 4243K->4243K(4288K), 0.0000060 secs]22.307: [Tenured: 6121K->5271K(9600K), 0.0064890 secs] 10365K->5271K(13888K), [Perm : 5107K->5107K(21248K)], 0.0065330 secs] [Times: user=0.01 sys=0.00, real=0.01 secs] 
22.313: Total time for which application threads were stopped: 0.0582090 seconds, Stopping threads took: 0.0516020 seconds
22.314: Application time: 0.0009000 seconds
22.384: [GC22.384: [DefNew: 3786K->440K(4288K), 0.0007440 secs] 9058K->7478K(13888K), 0.0007730 secs] [Times: user=0.00 sys=0.00, real=0.01 secs] 
22.385: Total time for which application threads were stopped: 0.0706710 seconds, Stopping threads took: 0.0698460 seconds
22.385: Application time: 0.0004320 seconds
22.419: [GC22.419: [DefNew: 4216K->4216K(4288K), 0.0000070 secs]22.419: [Tenured: 7037K->5181K(9600K), 0.0060170 secs] 11254K->5181K(13888K), [Perm : 5107K->5107K(21248K)], 0.0060630 secs] [Times: user=0.01 sys=0.00, real=0.01 secs] 
22.425: Total time for which application threads were stopped: 0.0394980 seconds, Stopping threads took: 0.0333590 seconds
22.426: Application time: 0.0005840 seconds
22.459: [GC22.459: [DefNew: 3753K->419K(4288K), 0.0009270 secs] 8935K->8824K(13888K), 0.0009490 secs] [Times: user=0.00 sys=0.00, real=0.00 secs] 
22.460: Total time for which application threads were stopped: 0.0343930 seconds, Stopping threads took: 0.0333790 seconds
22.533: Application time: 0.0727000 seconds
22.534: [GC22.534: [DefNew: 4147K->4147K(4288K), 0.0000100 secs]22.534: [Tenured: 8404K->2801K(9600K), 0.0060750 secs] 12552K->2801K(13888K), [Perm : 5107K->5107K(21248K)], 0.0061280 secs] [Times: user=0.00 sys=0.00, real=0.00 secs] 
22.541: Total time for which application threads were stopped: 0.0079630 seconds, Stopping threads took: 0.0017570 seconds
22.541: Application time: 0.0006560 seconds
22.588: [GC22.588: [DefNew: 3725K->392K(4288K), 0.0009170 secs] 6527K->6514K(13888K), 0.0009350 secs] [Times: user=0.00 sys=0.00, real=0.00 secs] 
22.589: Total time for which application threads were stopped: 0.0477040 seconds, Stopping threads took: 0.0467070 seconds
22.590: Application time: 0.0011950 seconds
22.638: [GC22.638: [DefNew: 4213K->4213K(4288K), 0.0000070 secs]22.638: [Tenured: 6122K->6024K(9600K), 0.0062890 secs] 10335K->6024K(13888K), [Perm : 5107K->5107K(21248K)], 0.0063320 secs] [Times: user=0.01 sys=0.00, real=0.00 secs] 
22.644: Total time for which application threads were stopped: 0.0537700 seconds, Stopping threads took: 0.0473550 seconds
22.645: Application time: 0.0010600 seconds
22.715: [GC22.715: [DefNew: 3825K->3825K(4288K), 0.0000090 secs]22.715: [Tenured: 6024K->4462K(9600K), 0.0057240 secs] 9850K->4462K(13888K), [Perm : 5107K->5107K(21248K)], 0.0057760 secs] [Times: user=0.01 sys=0.00, real=0.00 secs] 
22.720: Total time for which application threads were stopped: 0.0754920 seconds, Stopping threads took: 0.0696340 seconds
22.721: Application time: 0.0007450 seconds
22.770: [GC22.770: [DefNew: 3708K->420K(4288K), 0.0010040 secs] 8170K->8008K(13888K), 0.0010280 secs] [Times: user=0.00 sys=0.00, real=0.00 secs] 
22.771: Total time for which application threads were stopped: 0.0497780 seconds, Stopping threads took: 0.0486800 seconds
22.771: Application time: 0.0004740 seconds
22.842: [GC22.842: [DefNew: 4245K->4245K(4288K), 0.0000150 secs]22.842: [Tenured: 7587K->4393K(9600K), 0.0058010 secs] 11833K->4393K(13888K), [Perm : 5107K->5107K(21248K)], 0.0058660 secs] [Times: user=0.00 sys=0.00, real=0.01 secs] 
22.848: Total time for which application threads were stopped: 0.0760230 seconds, Stopping threads took: 0.0700950 seconds
22.848: Application time: 0.0005980 seconds
22.900: [GC22.900: [DefNew: 3630K->391K(4288K), 0.0008400 secs] 8023K->7421K(13888K), 0.0008670 secs] [Times: user=0.00 sys=0.00, real=0.00 secs] 
22.900: Total time for which application threads were stopped: 0.0523730 seconds, Stopping threads took: 0.0514380 seconds
22.901: Application time: 0.0006810 seconds
22.937: [GC22.937: [DefNew: 4115K->4115K(4288K), 0.0000070 secs]22.937: [Tenured: 7030K->6317K(9600K), 0.0066210 secs] 11145K->6317K(13888K), [Perm : 5107K->5107K(21248K)], 0.0066670 secs] [Times: user=0.01 sys=0.00, real=0.00 secs] 
22.944: Total time for which application threads were stopped: 0.0425200 seconds, Stopping threads took: 0.0357690 seconds
23.015: Application time: 0.0718030 seconds
23.018: [GC23.018: [DefNew: 3708K->3708K(4288K), 0.0000090 secs]23.018: [Tenured: 6317K->1365K(9600K), 0.0056420 secs] 10025K->1365K(13888K), [Perm : 5107K->5107K(21248K)], 0.0056940 secs] [Times: user=0.01 sys=0.00, real=0.00 secs] 
23.024: Total time for which application threads were stopped: 0.0084260 seconds, Stopping threads took: 0.0026550 seconds
23.025: Application time: 0.0006810 seconds
23.025: [GC23.025: [DefNew: 3727K->392K(4288K), 0.0008450 secs] 5093K->5078K(13888K), 0.0008640 secs] [Times: user=0.00 sys=0.00, real=0.00 secs] 
23.026: Total time for which application threads were stopped: 0.0012490 seconds, Stopping threads took: 0.0003230 seconds
23.027: Application time: 0.0009990 seconds
23.086: [GC23.086: [DefNew: 4113K->391K(4288K), 0.0005300 secs] 8799K->6446K(13888K), 0.0005510 secs] [Times: user=0.00 sys=0.00, real=0.00 secs] 
23.087: Total time for which application threads were stopped: 0.0599860 seconds, Stopping threads took: 0.0593730 seconds
23.087: Application time: 0.0003460 seconds
23.151: [GC23.151: [DefNew: 3923K->3923K(4288K), 0.0000070 secs]23.151: [Tenured: 6055K->3711K(9600K), 0.0061420 secs] 9978K->3711K(13888K), [Perm : 5107K->5107K(21248K)], 0.0061830 secs] [Times: user=0.01 sys=0.00, real=0.01 secs] 
23.157: Total time for which application threads were stopped: 0.0696310 seconds, Stopping threads took: 0.0633710 seconds
23.157: Application time: 0.0004680 seconds
23.158: [GC23.158: [DefNew: 3721K->391K(4288K), 0.0008330 secs] 7432K->7423K(13888K), 0.0008550 secs] [Times: user=0.01 sys=0.00, real=0.00 secs] 
23.159: Total time for which application threads were stopped: 0.0013730 seconds, Stopping threads took: 0.0004540 seconds
23.232: Application time: 0.0735800 seconds
23.233: [GC23.233: [DefNew: 4119K->4119K(4288K), 0.0000110 secs]23.233: [Tenured: 7031K->2540K(9600K), 0.0058820 secs] 11150K->2540K(13888K), [Perm : 5107K->5107K(21248K)], 0.0059340 secs] [Times: user=0.01 sys=0.00, real=0.00 secs] 
23.239: Total time for which application threads were stopped: 0.0069060 seconds, Stopping threads took: 0.0008930 seconds
23.240: Application time: 0.0006250 seconds
23.274: [GC23.274: [DefNew: 3821K->392K(4288K), 0.0008800 secs] 6361K->6057K(13888K), 0.0009010 secs] [Times: user=0.00 sys=0.00, real=0.00 secs] 
23.275: Total time for which application threads were stopped: 0.0351830 seconds, Stopping threads took: 0.0342140 seconds
23.276: Application time: 0.0006410 seconds
23.346: [GC23.346: [DefNew: 4215K->4215K(4288K), 0.0000070 secs]23.346: [Tenured: 5665K->3610K(9600K), 0.0060790 secs] 9880K->3610K(13888K), [Perm : 5107K->5104K(21248K)], 0.0061260 secs] [Times: user=0.00 sys=0.00, real=0.00 secs] 
23.352: Total time for which application threads were stopped: 0.0763140 seconds, Stopping threads took: 0.0701120 seconds
23.353: Application time: 0.0006610 seconds
23.406: [GC23.406: [DefNew: 3630K->392K(4288K), 0.0008050 secs] 7241K->6346K(13888K), 0.0008280 secs] [Times: user=0.00 sys=0.00, real=0.00 secs] 
23.407: Total time for which application threads were stopped: 0.0540340 seconds, Stopping threads took: 0.0531380 seconds
23.407: Application time: 0.0005710 seconds
23.440: [GC23.440: [DefNew: 4209K->4209K(4288K), 0.0000070 secs]23.440: [Tenured: 5954K->6735K(9600K), 0.0064860 secs] 10164K->6735K(13888K), [Perm : 5104K->5104K(21248K)], 0.0065300 secs] [Times: user=0.00 sys=0.00, real=0.01 secs] 
23.447: Total time for which application threads were stopped: 0.0393900 seconds, Stopping threads took: 0.0327850 seconds
23.519: Application time: 0.0727060 seconds
23.520: [GC23.520: [DefNew: 3727K->3727K(4288K), 0.0000160 secs]23.520: [Tenured: 6735K->1853K(9600K), 0.0057610 secs] 10463K->1853K(13888K), [Perm : 5104K->5104K(21248K)], 0.0058200 secs] [Times: user=0.00 sys=0.00, real=0.01 secs] 
23.526: Total time for which application threads were stopped: 0.0068160 seconds, Stopping threads took: 0.0009400 seconds
23.527: Application time: 0.0006270 seconds
23.527: [GC23.527: [DefNew: 3725K->392K(4288K), 0.0008490 secs] 5578K->5565K(13888K), 0.0008740 secs] [Times: user=0.00 sys=0.00, real=0.00 secs] 
23.528: Total time for which application threads were stopped: 0.0012800 seconds, Stopping threads took: 0.0003600 seconds
23.530: Application time: 0.0017570 seconds
23.598: [GC23.598: [DefNew: 4119K->391K(4288K), 0.0006280 secs] 9293K->7031K(13888K), 0.0006540 secs] [Times: user=0.00 sys=0.00, real=0.00 secs] 
23.599: Total time for which application threads were stopped: 0.0691340 seconds, Stopping threads took: 0.0684130 seconds
23.599: Application time: 0.0004740 seconds
23.633: [GC23.633: [DefNew: 4119K->4119K(4288K), 0.0000070 secs]23.633: [Tenured: 6640K->4391K(9600K), 0.0054840 secs] 10759K->4391K(13888K), [Perm : 5104K->5104K(21248K)], 0.0055290 secs] [Times: user=0.01 sys=0.00, real=0.00 secs] 
23.639: Total time for which application threads were stopped: 0.0394170 seconds, Stopping threads took: 0.0338140 seconds
23.639: Application time: 0.0004520 seconds
23.691: [GC23.691: [DefNew: 3625K->293K(4288K), 0.0008340 secs] 8017K->7420K(13888K), 0.0015540 secs] [Times: user=0.00 sys=0.00, real=0.01 secs] 
23.692: Total time for which application threads were stopped: 0.0531640 seconds, Stopping threads took: 0.0515400 seconds
23.693: Application time: 0.0009100 seconds
23.763: [GC23.763: [DefNew: 4119K->4119K(4288K), 0.0000090 secs]23.763: [Tenured: 7126K->5368K(9600K), 0.0064690 secs] 11245K->5368K(13888K), [Perm : 5104K->5104K(21248K)], 0.0065170 secs] [Times: user=0.01 sys=0.00, real=0.01 secs] 
23.770: Total time for which application threads were stopped: 0.0762170 seconds, Stopping threads took: 0.0696450 seconds
23.771: Application time: 0.0010350 seconds
23.838: [GC23.838: [DefNew: 3825K->391K(4288K), 0.0010960 secs] 9194K->8983K(13888K), 0.0011250 secs] [Times: user=0.00 sys=0.00, real=0.00 secs] 
23.839: Total time for which application threads were stopped: 0.0688390 seconds, Stopping threads took: 0.0676620 seconds
23.840: Application time: 0.0008720 seconds
23.910: [GC23.910: [DefNew: 4197K->4197K(4288K), 0.0000090 secs]23.910: [Tenured: 8591K->4322K(9600K), 0.0058520 secs] 12789K->4322K(13888K), [Perm : 5104K->5104K(21248K)], 0.0059060 secs] [Times: user=0.01 sys=0.00, real=0.01 secs] 
23.916: Total time for which application threads were stopped: 0.0757740 seconds, Stopping threads took: 0.0697860 seconds
23.917: Application time: 0.0006070 seconds
23.951: [GC23.951: [DefNew: 3630K->391K(4288K), 0.0009230 secs] 7952K->7546K(13888K), 0.0009490 secs] [Times: user=0.00 sys=0.00, real=0.00 secs] 
23.952: Total time for which application threads were stopped: 0.0348140 seconds, Stopping threads took: 0.0337950 seconds
23.952: Application time: 0.0006490 seconds
23.985: [GC23.985: [DefNew: 4115K->4115K(4288K), 0.0000070 secs]23.985: [Tenured: 7155K->6275K(9600K), 0.0059570 secs] 11270K->6275K(13888K), [Perm : 5104K->5104K(21248K)], 0.0060070 secs] [Times: user=0.00 sys=0.00, real=0.00 secs] 
23.991: Total time for which application threads were stopped: 0.0387540 seconds, Stopping threads took: 0.0326700 seconds
24.063: Application time: 0.0722370 seconds
24.064: [GC24.064: [DefNew: 3825K->3825K(4288K), 0.0000090 secs]24.064: [Tenured: 6275K->1491K(9600K), 0.0056860 secs] 10101K->1491K(13888K), [Perm : 5104K->5104K(21248K)], 0.0057350 secs] [Times: user=0.01 sys=0.00, real=0.00 secs] 
24.070: Total time for which application threads were stopped: 0.0069580 seconds, Stopping threads took: 0.0011670 seconds
24.071: Application time: 0.0006360 seconds
24.071: [GC24.071: [DefNew: 3776K->441K(4288K), 0.0009200 secs] 5267K->5252K(13888K), 0.0009420 secs] [Times: user=0.00 sys=0.00, real=0.00 secs] 
24.072: Total time for which application threads were stopped: 0.0014010 seconds, Stopping threads took: 0.0003920 seconds
24.073: Application time: 0.0005700 seconds
24.135: [GC24.135: [DefNew: 4194K->419K(4288K), 0.0007760 secs] 9006K->7381K(13888K), 0.0008020 secs] [Times: user=0.00 sys=0.00, real=0.00 secs] 
24.136: Total time for which application threads were stopped: 0.0634050 seconds, Stopping threads took: 0.0625280 seconds
24.137: Application time: 0.0007850 seconds
24.188: [GC24.188: [DefNew: 4225K->4225K(4288K), 0.0000070 secs]24.188: [Tenured: 6961K->4001K(9600K), 0.0062350 secs] 11187K->4001K(13888K), [Perm : 5104K->5104K(21248K)], 0.0062780 secs] [Times: user=0.00 sys=0.00, real=0.01 secs] 
24.194: Total time for which application threads were stopped: 0.0572250 seconds, Stopping threads took: 0.0508720 seconds
24.195: Application time: 0.0005220 seconds
24.229: [GC24.229: [DefNew: 3630K->391K(4288K), 0.0008750 secs] 7631K->7128K(13888K), 0.0009010 secs] [Times: user=0.00 sys=0.00, real=0.00 secs] 
24.230: Total time for which application threads were stopped: 0.0350000 seconds, Stopping threads took: 0.0340250 seconds
24.230: Application time: 0.0005640 seconds
24.264: [GC24.264: [DefNew: 4096K->4096K(4288K), 0.0000070 secs]24.264: [Tenured: 6736K->5885K(9600K), 0.0058840 secs] 10832K->5885K(13888K), [Perm : 5104K->5104K(21248K)], 0.0059330 secs] [Times: user=0.01 sys=0.00, real=0.01 secs] 
24.270: Total time for which application threads were stopped: 0.0393140 seconds, Stopping threads took: 0.0333260 seconds
24.285: Application time: 0.0154810 seconds
24.342: [GC24.342: [DefNew: 3805K->3805K(4288K), 0.0000100 secs]24.342: [Tenured: 5885K->2106K(9600K), 0.0058500 secs] 9691K->2106K(13888K), [Perm : 5104K->5104K(21248K)], 0.0059060 secs] [Times: user=0.01 sys=0.00, real=0.01 secs] 
24.348: Total time for which application threads were stopped: 0.0628300 seconds, Stopping threads took: 0.0568440 seconds
24.348: Application time: 0.0006050 seconds
24.382: [GC24.382: [DefNew: 3706K->420K(4288K), 0.0008030 secs] 5813K->5457K(13888K), 0.0008250 secs] [Times: user=0.00 sys=0.00, real=0.00 secs] 
24.383: Total time for which application threads were stopped: 0.0340960 seconds, Stopping threads took: 0.0332050 seconds
24.383: Application time: 0.0005040 seconds
24.447: [GC24.447: [DefNew: 4243K->391K(4288K), 0.0009790 secs] 9280K->8387K(13888K), 0.0010040 secs] [Times: user=0.00 sys=0.00, real=0.00 secs] 
24.448: Total time for which application threads were stopped: 0.0647220 seconds, Stopping threads took: 0.0636720 seconds
24.453: Application time: 0.0048090 seconds
24.520: [GC24.520: [DefNew: 4216K->4216K(4288K), 0.0000090 secs]24.520: [Tenured: 7996K->1550K(9600K), 0.0050160 secs] 12213K->1550K(13888K), [Perm : 5104K->5104K(21248K)], 0.0050660 secs] [Times: user=0.01 sys=0.00, real=0.01 secs] 
24.525: Total time for which application threads were stopped: 0.0725470 seconds, Stopping threads took: 0.0674050 seconds
24.526: Application time: 0.0006140 seconds
24.526: [GC24.526: [DefNew: 3727K->392K(4288K), 0.0008880 secs] 5278K->5263K(13888K), 0.0009110 secs] [Times: user=0.00 sys=0.00, real=0.00 secs] 
24.527: Total time for which application threads were stopped: 0.0011480 seconds, Stopping threads took: 0.0001710 seconds
24.528: Application time: 0.0012710 seconds
24.591: [GC24.591: [DefNew: 4213K->391K(4288K), 0.0005970 secs] 9084K->7022K(13888K), 0.0006190 secs] [Times: user=0.00 sys=0.00, real=0.00 secs] 
24.592: Total time for which application threads were stopped: 0.0633260 seconds, Stopping threads took: 0.0626440 seconds
24.592: Application time: 0.0007940 seconds
24.662: [GC24.662: [DefNew: 4216K->4216K(4288K), 0.0000080 secs]24.662: [Tenured: 6631K->4198K(9600K), 0.0063040 secs] 10847K->4198K(13888K), [Perm : 5104K->5104K(21248K)], 0.0063520 secs] [Times: user=0.01 sys=0.00, real=0.01 secs] 
24.669: Total time for which application threads were stopped: 0.0764050 seconds, Stopping threads took: 0.0699760 seconds
24.670: Application time: 0.0008000 seconds
24.718: [GC24.718: [DefNew: 3708K->420K(4288K), 0.0009790 secs] 7906K->7548K(13888K), 0.0010080 secs] [Times: user=0.00 sys=0.00, real=0.00 secs] 
24.719: Total time for which application threads were stopped: 0.0491020 seconds, Stopping threads took: 0.0480440 seconds
24.719: Application time: 0.0003720 seconds
24.781: [GC24.781: [DefNew: 4148K->4148K(4288K), 0.0000150 secs]24.781: [Tenured: 7127K->4031K(9600K), 0.0061980 secs] 11276K->4031K(13888K), [Perm : 5104K->5104K(21248K)], 0.0062480 secs] [Times: user=0.00 sys=0.00, real=0.01 secs] 
24.787: Total time for which application threads were stopped: 0.0679140 seconds, Stopping threads took: 0.0615870 seconds
24.787: Application time: 0.0005620 seconds
24.821: [GC24.821: [DefNew: 3825K->391K(4288K), 0.0008950 secs] 7856K->7548K(13888K), 0.0009180 secs] [Times: user=0.01 sys=0.00, real=0.00 secs] 
24.822: Total time for which application threads were stopped: 0.0340240 seconds, Stopping threads took: 0.0330400 seconds
24.893: Application time: 0.0717280 seconds
24.899: [GC24.899: [DefNew: 4119K->4119K(4288K), 0.0000110 secs]24.899: [Tenured: 7156K->1882K(9600K), 0.0057580 secs] 11275K->1882K(13888K), [Perm : 5104K->5104K(21248K)], 0.0058120 secs] [Times: user=0.01 sys=0.00, real=0.01 secs] 
24.905: Total time for which application threads were stopped: 0.0113870 seconds, Stopping threads took: 0.0054960 seconds
24.905: Application time: 0.0006210 seconds
24.906: [GC24.906: [DefNew: 3676K->343K(4288K), 0.0008680 secs] 5558K->5546K(13888K), 0.0008850 secs] [Times: user=0.00 sys=0.00, real=0.00 secs] 
24.906: Total time for which application threads were stopped: 0.0012140 seconds, Stopping threads took: 0.0002710 seconds
24.907: Application time: 0.0008010 seconds
24.955: [GC24.955: [DefNew: 4096K->419K(4288K), 0.0007760 secs] 9300K->7968K(13888K), 0.0007970 secs] [Times: user=0.00 sys=0.00, real=0.00 secs] 
24.956: Total time for which application threads were stopped: 0.0486600 seconds, Stopping threads took: 0.0477990 seconds
24.957: Application time: 0.0008840 seconds
25.027: [GC25.027: [DefNew: 4244K->4244K(4288K), 0.0000080 secs]25.027: [Tenured: 7548K->4450K(9600K), 0.0058600 secs] 11793K->4450K(13888K), [Perm : 5104K->5104K(21248K)], 0.0059090 secs] [Times: user=0.01 sys=0.00, real=0.01 secs] 
25.032: Total time for which application threads were stopped: 0.0756720 seconds, Stopping threads took: 0.0696860 seconds
25.033: Application time: 0.0006560 seconds
25.067: [GC25.067: [DefNew: 3630K->392K(4288K), 0.0009950 secs] 8080K->7967K(13888K), 0.0010250 secs] [Times: user=0.00 sys=0.00, real=0.00 secs] 
25.068: Total time for which application threads were stopped: 0.0350740 seconds, Stopping threads took: 0.0339760 seconds
25.069: Application time: 0.0003980 seconds
25.131: [GC25.131: [DefNew: 4119K->4119K(4288K), 0.0000060 secs]25.131: [Tenured: 7575K->4198K(9600K), 0.0063180 secs] 11695K->4198K(13888K), [Perm : 5104K->5104K(21248K)], 0.0063580 secs] [Times: user=0.01 sys=0.00, real=0.01 secs] 
25.138: Total time for which application threads were stopped: 0.0689430 seconds, Stopping threads took: 0.0625140 seconds
25.138: Application time: 0.0005440 seconds
25.171: [GC25.171: [DefNew: 3528K->391K(4288K), 0.0007910 secs] 7726K->7617K(13888K), 0.0008160 secs] [Times: user=0.00 sys=0.00, real=0.00 secs] 
25.172: Total time for which application threads were stopped: 0.0338220 seconds, Stopping threads took: 0.0329510 seconds
25.243: Application time: 0.0713580 seconds
25.245: [GC25.245: [DefNew: 4021K->4021K(4288K), 0.0000090 secs]25.245: [Tenured: 7225K->1659K(9600K), 0.0056640 secs] 11247K->1659K(13888K), [Perm : 5104K->5104K(21248K)], 0.0057160 secs] [Times: user=0.01 sys=0.00, real=0.00 secs] 
25.251: Total time for which application threads were stopped: 0.0076330 seconds, Stopping threads took: 0.0018390 seconds
25.252: Application time: 0.0006330 seconds
25.252: [GC25.252: [DefNew: 3725K->392K(4288K), 0.0008380 secs] 5385K->5372K(13888K), 0.0008560 secs] [Times: user=0.00 sys=0.00, real=0.01 secs] 
25.253: Total time for which application threads were stopped: 0.0011510 seconds, Stopping threads took: 0.0002350 seconds
25.253: Application time: 0.0006270 seconds
25.306: [GC25.306: [DefNew: 4215K->391K(4288K), 0.0008110 secs] 9195K->7911K(13888K), 0.0008310 secs] [Times: user=0.00 sys=0.00, real=0.00 secs] 
25.307: Total time for which application threads were stopped: 0.0531680 seconds, Stopping threads took: 0.0522680 seconds
25.307: Application time: 0.0008510 seconds
25.377: [GC25.377: [DefNew: 4216K->4216K(4288K), 0.0000090 secs]25.377: [Tenured: 7520K->4393K(9600K), 0.0059820 secs] 11737K->4393K(13888K), [Perm : 5104K->5104K(21248K)], 0.0060440 secs] [Times: user=0.00 sys=0.00, real=0.00 secs] 
25.383: Total time for which application threads were stopped: 0.0761090 seconds, Stopping threads took: 0.0699880 seconds
25.384: Application time: 0.0005470 seconds
25.418: [GC25.418: [DefNew: 3630K->392K(4288K), 0.0009700 secs] 8023K->7910K(13888K), 0.0009930 secs] [Times: user=0.00 sys=0.00, real=0.00 secs] 
25.419: Total time for which application threads were stopped: 0.0345090 seconds, Stopping threads took: 0.0334490 seconds
25.419: Application time: 0.0004530 seconds
25.483: [GC25.483: [DefNew: 4217K->4217K(4288K), 0.0000070 secs]25.483: [Tenured: 7518K->4295K(9600K), 0.0051630 secs] 11736K->4295K(13888K), [Perm : 5104K->5104K(21248K)], 0.0052110 secs] [Times: user=0.01 sys=0.00, real=0.01 secs] 
25.488: Total time for which application threads were stopped: 0.0689710 seconds, Stopping threads took: 0.0637050 seconds
25.489: Application time: 0.0007610 seconds
25.521: [GC25.521: [DefNew: 3821K->391K(4288K), 0.0009550 secs] 8117K->8105K(13888K), 0.0009750 secs] [Times: user=0.00 sys=0.00, real=0.00 secs] 
25.522: Total time for which application threads were stopped: 0.0337000 seconds, Stopping threads took: 0.0326620 seconds
25.595: Application time: 0.0724990 seconds
25.598: [GC25.598: [DefNew: 4217K->4217K(4288K), 0.0000090 secs]25.598: [Tenured: 7714K->2245K(9600K), 0.0048760 secs] 11931K->2245K(13888K), [Perm : 5104K->5104K(21248K)], 0.0049290 secs] [Times: user=0.00 sys=0.01, real=0.00 secs] 
25.602: Total time for which application threads were stopped: 0.0075220 seconds, Stopping threads took: 0.0025360 seconds
25.603: Application time: 0.0005700 seconds
25.636: [GC25.636: [DefNew: 3825K->392K(4288K), 0.0008360 secs] 6070K->5762K(13888K), 0.0008550 secs] [Times: user=0.01 sys=0.00, real=0.00 secs] 
25.637: Total time for which application threads were stopped: 0.0342350 seconds, Stopping threads took: 0.0333180 seconds
25.638: Application time: 0.0004530 seconds
25.702: [GC25.702: [DefNew: 4115K->391K(4288K), 0.0007820 secs] 9485K->8204K(13888K), 0.0008050 secs] [Times: user=0.00 sys=0.00, real=0.00 secs] 
25.703: Total time for which application threads were stopped: 0.0651740 seconds, Stopping threads took: 0.0643050 seconds
25.704: Application time: 0.0008750 seconds
25.774: [GC25.774: [DefNew: 4216K->4216K(4288K), 0.0000080 secs]25.774: [Tenured: 7813K->3905K(9600K), 0.0051320 secs] 12029K->3905K(13888K), [Perm : 5104K->5104K(21248K)], 0.0051840 secs] [Times: user=0.00 sys=0.00, real=0.00 secs] 
25.779: Total time for which application threads were stopped: 0.0751740 seconds, Stopping threads took: 0.0699120 seconds
25.779: Application time: 0.0004960 seconds
25.829: [GC25.829: [DefNew: 3727K->392K(4288K), 0.0009060 secs] 7633K->7031K(13888K), 0.0009320 secs] [Times: user=0.00 sys=0.00, real=0.00 secs] 
25.830: Total time for which application threads were stopped: 0.0506180 seconds, Stopping threads took: 0.0496280 seconds
25.830: Application time: 0.0003990 seconds
25.864: [GC25.864: [DefNew: 4215K->4215K(4288K), 0.0000070 secs]25.864: [Tenured: 6639K->7127K(9600K), 0.0054520 secs] 10855K->7127K(13888K), [Perm : 5104K->5104K(21248K)], 0.0055030 secs] [Times: user=0.01 sys=0.00, real=0.01 secs] 
25.869: Total time for which application threads were stopped: 0.0388400 seconds, Stopping threads took: 0.0332780 seconds
25.942: Application time: 0.0721900 seconds
25.944: [GC25.944: [DefNew: 3727K->3727K(4288K), 0.0000090 secs]25.944: [Tenured: 7127K->2244K(9600K), 0.0052080 secs] 10855K->2244K(13888K), [Perm : 5104K->5104K(21248K)], 0.0052610 secs] [Times: user=0.00 sys=0.00, real=0.01 secs] 
25.949: Total time for which application threads were stopped: 0.0076740 seconds, Stopping threads took: 0.0023360 seconds
25.950: Application time: 0.0005900 seconds
25.950: [GC25.950: [DefNew: 3834K->400K(4288K), 0.0008560 secs] 6079K->5965K(13888K), 0.0008860 secs] [Times: user=0.00 sys=0.00, real=0.00 secs] 
25.951: Total time for which application threads were stopped: 0.0012890 seconds, Stopping threads took: 0.0003230 seconds
25.952: Application time: 0.0008320 seconds
26.022: [GC26.022: [DefNew: 4175K->4175K(4288K), 0.0000080 secs]26.022: [Tenured: 5565K->3221K(9600K), 0.0061120 secs] 9741K->3221K(13888K), [Perm : 5104K->5104K(21248K)], 0.0061640 secs] [Times: user=0.01 sys=0.00, real=0.01 secs] 
26.028: Total time for which application threads were stopped: 0.0762950 seconds, Stopping threads took: 0.0700740 seconds
26.029: Application time: 0.0004930 seconds
26.062: [GC26.062: [DefNew: 3727K->392K(4288K), 0.0008780 secs] 6949K->6739K(13888K), 0.0008990 secs] [Times: user=0.00 sys=0.00, real=0.00 secs] 
26.063: Total time for which application threads were stopped: 0.0343460 seconds, Stopping threads took: 0.0334030 seconds
26.063: Application time: 0.0003890 seconds
26.115: [GC26.115: [DefNew: 4215K->4215K(4288K), 0.0000070 secs]26.115: [Tenured: 6347K->5371K(9600K), 0.0058700 secs] 10562K->5371K(13888K), [Perm : 5104K->5104K(21248K)], 0.0059170 secs] [Times: user=0.00 sys=0.00, real=0.00 secs] 
26.121: Total time for which application threads were stopped: 0.0575010 seconds, Stopping threads took: 0.0515080 seconds
26.122: Application time: 0.0009250 seconds
26.192: [GC26.192: [DefNew: 3708K->420K(4288K), 0.0007740 secs] 9079K->7745K(13888K), 0.0008030 secs] [Times: user=0.00 sys=0.00, real=0.01 secs] 
26.193: Total time for which application threads were stopped: 0.0707640 seconds, Stopping threads took: 0.0699110 seconds
26.193: Application time: 0.0005310 seconds
26.226: [GC26.226: [DefNew: 4196K->4196K(4288K), 0.0000070 secs]26.226: [Tenured: 7324K->5253K(9600K), 0.0058260 secs] 11521K->5253K(13888K), [Perm : 5104K->5104K(21248K)], 0.0058730 secs] [Times: user=0.01 sys=0.00, real=0.00 secs] 
26.232: Total time for which application threads were stopped: 0.0390970 seconds, Stopping threads took: 0.0331460 seconds
26.233: Application time: 0.0006820 seconds
26.289: [GC26.290: [DefNew: 3540K->440K(4288K), 0.0007730 secs] 8793K->7850K(13888K), 0.0007990 secs] [Times: user=0.00 sys=0.00, real=0.00 secs] 
26.290: Total time for which application threads were stopped: 0.0573730 seconds, Stopping threads took: 0.0565270 seconds
26.291: Application time: 0.0008710 seconds
26.361: [GC26.361: [DefNew: 4148K->4148K(4288K), 0.0000070 secs]26.361: [Tenured: 7409K->3727K(9600K), 0.0055070 secs] 11558K->3727K(13888K), [Perm : 5104K->5104K(21248K)], 0.0055580 secs] [Times: user=0.00 sys=0.00, real=0.01 secs] 
26.367: Total time for which application threads were stopped: 0.0755320 seconds, Stopping threads took: 0.0698880 seconds
26.367: Application time: 0.0005160 seconds
26.401: [GC26.401: [DefNew: 3727K->391K(4288K), 0.0009500 secs] 7455K->7440K(13888K), 0.0009720 secs] [Times: user=0.00 sys=0.00, real=0.00 secs] 
26.402: Total time for which application threads were stopped: 0.0352290 seconds, Stopping threads took: 0.0342130 seconds
26.403: Application time: 0.0006480 seconds
26.469: [GC26.469: [DefNew: 4213K->4213K(4288K), 0.0000070 secs]26.469: [Tenured: 7048K->4686K(9600K), 0.0064320 secs] 11261K->4686K(13888K), [Perm : 5104K->5104K(21248K)], 0.0064780 secs] [Times: user=0.01 sys=0.00, real=0.01 secs] 
26.475: Total time for which application threads were stopped: 0.0721350 seconds, Stopping threads took: 0.0656040 seconds
26.476: Application time: 0.0006640 seconds
26.543: [GC26.543: [DefNew: 3630K->391K(4288K), 0.0008100 secs] 8317K->7422K(13888K), 0.0008360 secs] [Times: user=0.00 sys=0.00, real=0.00 secs] 
26.544: Total time for which application threads were stopped: 0.0682370 seconds, Stopping threads took: 0.0673410 seconds
26.545: Application time: 0.0004640 seconds
26.578: [GC26.578: [DefNew: 4098K->4098K(4288K), 0.0000070 secs]26.578: [Tenured: 7030K->5496K(9600K), 0.0064580 secs] 11129K->5496K(13888K), [Perm : 5104K->5104K(21248K)], 0.0065010 secs] [Times: user=0.00 sys=0.00, real=0.01 secs] 
26.585: Total time for which application threads were stopped: 0.0401730 seconds, Stopping threads took: 0.0336210 seconds
26.586: Application time: 0.0009270 seconds
26.655: [GC26.656: [DefNew: 3825K->391K(4288K), 0.0008610 secs] 9321K->8134K(13888K), 0.0009000 secs] [Times: user=0.00 sys=0.00, real=0.00 secs] 
26.656: Total time for which application threads were stopped: 0.0706750 seconds, Stopping threads took: 0.0697020 seconds
26.657: Application time: 0.0004450 seconds
26.709: [GC26.709: [DefNew: 4119K->4119K(4288K), 0.0000070 secs]26.709: [Tenured: 7742K->4422K(9600K), 0.0056710 secs] 11862K->4422K(13888K), [Perm : 5104K->5104K(21248K)], 0.0057190 secs] [Times: user=0.00 sys=0.00, real=0.01 secs] 
26.715: Total time for which application threads were stopped: 0.0576670 seconds, Stopping threads took: 0.0518720 seconds
26.715: Application time: 0.0005790 seconds
26.748: [GC26.748: [DefNew: 3803K->322K(4288K), 0.0008030 secs] 8226K->7284K(13888K), 0.0008260 secs] [Times: user=0.00 sys=0.00, real=0.00 secs] 
26.749: Total time for which application threads were stopped: 0.0341930 seconds, Stopping threads took: 0.0333000 seconds
26.750: Application time: 0.0004430 seconds
26.817: [GC26.817: [DefNew: 4050K->4050K(4288K), 0.0000070 secs]26.817: [Tenured: 6961K->4744K(9600K), 0.0063030 secs] 11011K->4744K(13888K), [Perm : 5104K->5104K(21248K)], 0.0063480 secs] [Times: user=0.00 sys=0.00, real=0.00 secs] 
26.823: Total time for which application threads were stopped: 0.0733940 seconds, Stopping threads took: 0.0669710 seconds
26.824: Application time: 0.0006520 seconds
26.857: [GC26.857: [DefNew: 3821K->391K(4288K), 0.0010960 secs] 8566K->8261K(13888K), 0.0011290 secs] [Times: user=0.00 sys=0.00, real=0.00 secs] 
26.858: Total time for which application threads were stopped: 0.0346960 seconds, Stopping threads took: 0.0334900 seconds
26.859: Application time: 0.0008480 seconds
26.929: [GC26.929: [DefNew: 4217K->4217K(4288K), 0.0000080 secs]26.929: [Tenured: 7870K->3320K(9600K), 0.0054790 secs] 12087K->3320K(13888K), [Perm : 5104K->5104K(21248K)], 0.0055320 secs] [Times: user=0.00 sys=0.00, real=0.01 secs] 
26.935: Total time for which application threads were stopped: 0.0755820 seconds, Stopping threads took: 0.0699620 seconds
26.935: Application time: 0.0005300 seconds
26.969: [GC26.969: [DefNew: 3630K->392K(4288K), 0.0008620 secs] 6950K->6837K(13888K), 0.0008830 secs] [Times: user=0.00 sys=0.00, real=0.00 secs] 
26.970: Total time for which application threads were stopped: 0.0345860 seconds, Stopping threads took: 0.0336500 seconds
26.970: Application time: 0.0004200 seconds
27.004: [GC27.004: [DefNew: 4213K->4213K(4288K), 0.0000070 secs]27.004: [Tenured: 6445K->5370K(9600K), 0.0065030 secs] 10658K->5370K(13888K), [Perm : 5104K->5104K(21248K)], 0.0065460 secs] [Times: user=0.00 sys=0.00, real=0.01 secs] 
27.010: Total time for which application threads were stopped: 0.0396960 seconds, Stopping threads took: 0.0330770 seconds
27.011: Application time: 0.0009690 seconds
27.081: [GC27.081: [DefNew: 3825K->391K(4288K), 0.0008270 secs] 9196K->7911K(13888K), 0.0008560 secs] [Times: user=0.00 sys=0.00, real=0.00 secs] 
27.082: Total time for which application threads were stopped: 0.0707670 seconds, Stopping threads took: 0.0698390 seconds
27.082: Application time: 0.0004470 seconds
27.144: [GC27.144: [DefNew: 4217K->4217K(4288K), 0.0000070 secs]27.144: [Tenured: 7519K->4394K(9600K), 0.0063540 secs] 11736K->4394K(13888K), [Perm : 5104K->5104K(21248K)], 0.0063990 secs] [Times: user=0.01 sys=0.00, real=0.01 secs] 
27.151: Total time for which application threads were stopped: 0.0682930 seconds, Stopping threads took: 0.0618190 seconds
27.151: Application time: 0.0004990 seconds
27.184: [GC27.184: [DefNew: 3823K->391K(4288K), 0.0008010 secs] 8217K->7325K(13888K), 0.0008260 secs] [Times: user=0.00 sys=0.00, real=0.00 secs] 
27.185: Total time for which application threads were stopped: 0.0340470 seconds, Stopping threads took: 0.0331520 seconds
27.186: Application time: 0.0006260 seconds
27.232: [GC27.232: [DefNew: 4113K->4113K(4288K), 0.0000060 secs]27.233: [Tenured: 6933K->6934K(9600K), 0.0060450 secs] 11046K->6934K(13888K), [Perm : 5104K->5104K(21248K)], 0.0060970 secs] [Times: user=0.01 sys=0.00, real=0.00 secs] 
27.239: Total time for which application threads were stopped: 0.0527790 seconds, Stopping threads took: 0.0466050 seconds
27.309: Application time: 0.0706510 seconds
27.314: [GC27.314: [DefNew: 3727K->3727K(4288K), 0.0000090 secs]27.314: [Tenured: 6934K->1659K(9600K), 0.0050260 secs] 10661K->1659K(13888K), [Perm : 5104K->5104K(21248K)], 0.0050780 secs] [Times: user=0.00 sys=0.00, real=0.00 secs] 
27.319: Total time for which application threads were stopped: 0.0097180 seconds, Stopping threads took: 0.0045830 seconds
27.319: Application time: 0.0004750 seconds
27.320: [GC27.320: [DefNew: 3725K->392K(4288K), 0.0008150 secs] 5385K->5372K(13888K), 0.0008350 secs] [Times: user=0.01 sys=0.00, real=0.00 secs] 
27.321: Total time for which application threads were stopped: 0.0011510 seconds, Stopping threads took: 0.0002520 seconds
27.322: Application time: 0.0009740 seconds
27.392: [GC27.392: [DefNew: 4215K->391K(4288K), 0.0005400 secs] 9195K->6545K(13888K), 0.0005640 secs] [Times: user=0.00 sys=0.00, real=0.01 secs] 
27.393: Total time for which application threads were stopped: 0.0712570 seconds, Stopping threads took: 0.0706500 seconds
27.393: Application time: 0.0004210 seconds
27.427: [GC27.427: [DefNew: 4216K->4216K(4288K), 0.0000050 secs]27.427: [Tenured: 6154K->4393K(9600K), 0.0051880 secs] 10370K->4393K(13888K), [Perm : 5104K->5104K(21248K)], 0.0052330 secs] [Times: user=0.01 sys=0.00, real=0.00 secs] 
27.432: Total time for which application threads were stopped: 0.0387130 seconds, Stopping threads took: 0.0334050 seconds
27.432: Application time: 0.0004680 seconds
27.466: [GC27.466: [DefNew: 3823K->391K(4288K), 0.0008450 secs] 8217K->7617K(13888K), 0.0008660 secs] [Times: user=0.00 sys=0.00, real=0.00 secs] 
27.467: Total time for which application threads were stopped: 0.0348160 seconds, Stopping threads took: 0.0338770 seconds
27.539: Application time: 0.0714010 seconds
27.541: [GC27.541: [DefNew: 4216K->4216K(4288K), 0.0000090 secs]27.541: [Tenured: 7226K->1270K(9600K), 0.0056980 secs] 11443K->1270K(13888K), [Perm : 5104K->5104K(21248K)], 0.0057500 secs] [Times: user=0.01 sys=0.00, real=0.01 secs] 
27.547: Total time for which application threads were stopped: 0.0082750 seconds, Stopping threads took: 0.0024480 seconds
27.547: Application time: 0.0005530 seconds
27.548: [GC27.548: [DefNew: 3727K->392K(4288K), 0.0008930 secs] 4998K->4983K(13888K), 0.0009100 secs] [Times: user=0.00 sys=0.00, real=0.00 secs] 
27.549: Total time for which application threads were stopped: 0.0011690 seconds, Stopping threads took: 0.0002000 seconds
27.550: Application time: 0.0008520 seconds
27.583: [GC27.583: [DefNew: 4117K->390K(4288K), 0.0005890 secs] 8708K->6643K(13888K), 0.0006090 secs] [Times: user=0.00 sys=0.00, real=0.00 secs] 
27.584: Total time for which application threads were stopped: 0.0344260 seconds, Stopping threads took: 0.0337570 seconds
27.585: Application time: 0.0007010 seconds
27.654: [GC27.654: [DefNew: 4216K->4216K(4288K), 0.0000080 secs]27.654: [Tenured: 6252K->3905K(9600K), 0.0054780 secs] 10469K->3905K(13888K), [Perm : 5104K->5104K(21248K)], 0.0055290 secs] [Times: user=0.01 sys=0.00, real=0.00 secs] 
27.659: Total time for which application threads were stopped: 0.0745900 seconds, Stopping threads took: 0.0689840 seconds
27.660: Application time: 0.0004510 seconds
27.694: [GC27.694: [DefNew: 3823K->392K(4288K), 0.0008700 secs] 7729K->7423K(13888K), 0.0008930 secs] [Times: user=0.01 sys=0.00, real=0.00 secs] 
27.695: Total time for which application threads were stopped: 0.0350260 seconds, Stopping threads took: 0.0340780 seconds
27.695: Application time: 0.0006500 seconds
27.766: [GC27.766: [DefNew: 4119K->4119K(4288K), 0.0000080 secs]27.766: [Tenured: 7031K->2831K(9600K), 0.0053180 secs] 11150K->2831K(13888K), [Perm : 5104K->5104K(21248K)], 0.0053680 secs] [Times: user=0.01 sys=0.00, real=0.00 secs] 
27.771: Total time for which application threads were stopped: 0.0756550 seconds, Stopping threads took: 0.0702090 seconds
27.772: Application time: 0.0005140 seconds
27.818: [GC27.818: [DefNew: 3775K->441K(4288K), 0.0008230 secs] 6607K->6007K(13888K), 0.0008520 secs] [Times: user=0.00 sys=0.00, real=0.00 secs] 
27.818: Total time for which application threads were stopped: 0.0468770 seconds, Stopping threads took: 0.0459630 seconds
27.819: Application time: 0.0004370 seconds
27.852: [GC27.852: [DefNew: 4192K->4192K(4288K), 0.0000070 secs]27.852: [Tenured: 5566K->7059K(9600K), 0.0053990 secs] 9758K->7059K(13888K), [Perm : 5104K->5104K(21248K)], 0.0054530 secs] [Times: user=0.00 sys=0.00, real=0.01 secs] 
27.858: Total time for which application threads were stopped: 0.0387010 seconds, Stopping threads took: 0.0331680 seconds
27.933: Application time: 0.0752700 seconds
27.937: [GC27.937: [DefNew: 3825K->3825K(4288K), 0.0000090 secs]27.937: [Tenured: 7059K->2273K(9600K), 0.0051260 secs] 10884K->2273K(13888K), [Perm : 5104K->5104K(21248K)], 0.0051780 secs] [Times: user=0.01 sys=0.00, real=0.00 secs] 
27.942: Total time for which application threads were stopped: 0.0093440 seconds, Stopping threads took: 0.0040870 seconds
27.943: Application time: 0.0005530 seconds
27.943: [GC27.943: [DefNew: 3723K->391K(4288K), 0.0008010 secs] 5997K->5985K(13888K), 0.0008200 secs] [Times: user=0.00 sys=0.00, real=0.00 secs] 
27.944: Total time for which application threads were stopped: 0.0011500 seconds, Stopping threads took: 0.0002690 seconds
27.945: Application time: 0.0012680 seconds
28.015: [GC28.015: [DefNew: 4216K->4216K(4288K), 0.0000070 secs]28.015: [Tenured: 5594K->3739K(9600K), 0.0052530 secs] 9810K->3739K(13888K), [Perm : 5104K->5104K(21248K)], 0.0053010 secs] [Times: user=0.00 sys=0.00, real=0.00 secs] 
28.020: Total time for which application threads were stopped: 0.0748400 seconds, Stopping threads took: 0.0694780 seconds
28.021: Application time: 0.0005740 seconds
28.070: [GC28.070: [DefNew: 3708K->420K(4288K), 0.0009520 secs] 7448K->7285K(13888K), 0.0009770 secs] [Times: user=0.00 sys=0.00, real=0.00 secs] 
28.071: Total time for which application threads were stopped: 0.0501740 seconds, Stopping threads took: 0.0491470 seconds
28.072: Application time: 0.0008460 seconds
28.137: [GC28.137: [DefNew: 4124K->4124K(4288K), 0.0000060 secs]28.137: [Tenured: 6865K->4101K(9600K), 0.0056560 secs] 10990K->4101K(13888K), [Perm : 5104K->5104K(21248K)], 0.0057040 secs] [Times: user=0.01 sys=0.00, real=0.00 secs] 
28.143: Total time for which application threads were stopped: 0.0710050 seconds, Stopping threads took: 0.0652250 seconds
28.143: Application time: 0.0006840 seconds
28.177: [GC28.177: [DefNew: 3786K->440K(4288K), 0.0008710 secs] 7888K->7187K(13888K), 0.0008990 secs] [Times: user=0.00 sys=0.00, real=0.00 secs] 
28.178: Total time for which application threads were stopped: 0.0344520 seconds, Stopping threads took: 0.0334920 seconds
28.178: Application time: 0.0005660 seconds
28.212: [GC28.212: [DefNew: 4246K->4246K(4288K), 0.0000060 secs]28.212: [Tenured: 6746K->5065K(9600K), 0.0051140 secs] 10993K->5065K(13888K), [Perm : 5104K->5104K(21248K)], 0.0051610 secs] [Times: user=0.01 sys=0.00, real=0.01 secs] 
28.217: Total time for which application threads were stopped: 0.0388590 seconds, Stopping threads took: 0.0336340 seconds
28.218: Application time: 0.0008550 seconds
28.282: [GC28.282: [DefNew: 3727K->391K(4288K), 0.0009370 secs] 8793K->8191K(13888K), 0.0009630 secs] [Times: user=0.00 sys=0.00, real=0.00 secs] 
28.283: Total time for which application threads were stopped: 0.0645090 seconds, Stopping threads took: 0.0634770 seconds
28.283: Application time: 0.0004100 seconds
28.347: [GC28.347: [DefNew: 3923K->3923K(4288K), 0.0000060 secs]28.347: [Tenured: 7800K->4089K(9600K), 0.0054860 secs] 11724K->4089K(13888K), [Perm : 5104K->5104K(21248K)], 0.0055340 secs] [Times: user=0.01 sys=0.00, real=0.00 secs] 
28.352: Total time for which application threads were stopped: 0.0692320 seconds, Stopping threads took: 0.0636440 seconds
28.353: Application time: 0.0004550 seconds
28.353: [GC28.353: [DefNew: 3524K->391K(4288K), 0.0008240 secs] 7613K->7605K(13888K), 0.0008510 secs] [Times: user=0.00 sys=0.01, real=0.00 secs] 
28.354: Total time for which application threads were stopped: 0.0013580 seconds, Stopping threads took: 0.0004430 seconds
28.427: Application time: 0.0727930 seconds
28.428: [GC28.428: [DefNew: 4119K->4119K(4288K), 0.0000080 secs]28.428: [Tenured: 7214K->2722K(9600K), 0.0058180 secs] 11333K->2722K(13888K), [Perm : 5104K->5104K(21248K)], 0.0058680 secs] [Times: user=0.01 sys=0.00, real=0.01 secs] 
28.433: Total time for which application threads were stopped: 0.0066930 seconds, Stopping threads took: 0.0007470 seconds
28.434: Application time: 0.0006950 seconds
28.467: [GC28.467: [DefNew: 3833K->400K(4288K), 0.0009180 secs] 6556K->6248K(13888K), 0.0009410 secs] [Times: user=0.00 sys=0.00, real=0.00 secs] 
28.468: Total time for which application threads were stopped: 0.0338360 seconds, Stopping threads took: 0.0328290 seconds
28.469: Application time: 0.0006800 seconds
28.534: [GC28.534: [DefNew: 4194K->4194K(4288K), 0.0000070 secs]28.534: [Tenured: 5848K->4394K(9600K), 0.0061650 secs] 10042K->4394K(13888K), [Perm : 5104K->5104K(21248K)], 0.0062110 secs] [Times: user=0.01 sys=0.00, real=0.00 secs] 
28.540: Total time for which application threads were stopped: 0.0712920 seconds, Stopping threads took: 0.0649970 seconds
28.541: Application time: 0.0005590 seconds
28.591: [GC28.591: [DefNew: 3532K->392K(4288K), 0.0007160 secs] 7927K->6739K(13888K), 0.0007430 secs] [Times: user=0.00 sys=0.00, real=0.00 secs] 
28.592: Total time for which application threads were stopped: 0.0514140 seconds, Stopping threads took: 0.0506010 seconds
28.592: Application time: 0.0003790 seconds
28.593: [GC28.593: [DefNew: 4113K->4113K(4288K), 0.0000050 secs]28.593: [Tenured: 6347K->7324K(9600K), 0.0061860 secs] 10461K->7324K(13888K), [Perm : 5104K->5104K(21248K)], 0.0062300 secs] [Times: user=0.01 sys=0.00, real=0.00 secs] 
28.599: Total time for which application threads were stopped: 0.0068860 seconds, Stopping threads took: 0.0005810 seconds
28.671: Application time: 0.0716160 seconds
28.673: [GC28.673: [DefNew: 3727K->3727K(4288K), 0.0000090 secs]28.673: [Tenured: 7324K->2441K(9600K), 0.0052110 secs] 11051K->2441K(13888K), [Perm : 5104K->5104K(21248K)], 0.0052650 secs] [Times: user=0.00 sys=0.00, real=0.00 secs] 
28.678: Total time for which application threads were stopped: 0.0071700 seconds, Stopping threads took: 0.0018260 seconds
28.679: Application time: 0.0005120 seconds
28.724: [GC28.724: [DefNew: 3482K->440K(4288K), 0.0008050 secs] 5924K->5616K(13888K), 0.0016380 secs] [Times: user=0.00 sys=0.00, real=0.00 secs] 
28.726: Total time for which application threads were stopped: 0.0475430 seconds, Stopping threads took: 0.0458140 seconds
28.727: Application time: 0.0005310 seconds
28.776: [GC28.776: [DefNew: 4092K->419K(4288K), 0.0007530 secs] 9268K->7940K(13888K), 0.0007810 secs] [Times: user=0.00 sys=0.00, real=0.00 secs] 
28.777: Total time for which application threads were stopped: 0.0500340 seconds, Stopping threads took: 0.0491810 seconds
28.777: Application time: 0.0007140 seconds
28.847: [GC28.847: [DefNew: 4245K->4245K(4288K), 0.0000100 secs]28.847: [Tenured: 7521K->3641K(9600K), 0.0059420 secs] 11766K->3641K(13888K), [Perm : 5104K->5104K(21248K)], 0.0059980 secs] [Times: user=0.01 sys=0.00, real=0.01 secs] 
28.853: Total time for which application threads were stopped: 0.0760110 seconds, Stopping threads took: 0.0699500 seconds
28.854: Application time: 0.0005450 seconds
28.902: [GC28.902: [DefNew: 3630K->392K(4288K), 0.0007430 secs] 7271K->6377K(13888K), 0.0007640 secs] [Times: user=0.00 sys=0.00, real=0.00 secs] 
28.902: Total time for which application threads were stopped: 0.0484800 seconds, Stopping threads took: 0.0476510 seconds
28.903: Application time: 0.0003250 seconds
28.936: [GC28.936: [DefNew: 4209K->4209K(4288K), 0.0000060 secs]28.936: [Tenured: 5985K->6738K(9600K), 0.0054980 secs] 10195K->6738K(13888K), [Perm : 5104K->5104K(21248K)], 0.0055430 secs] [Times: user=0.00 sys=0.00, real=0.00 secs] 
28.942: Total time for which application threads were stopped: 0.0392170 seconds, Stopping threads took: 0.0336000 seconds
29.013: Application time: 0.0715040 seconds
29.015: [GC29.015: [DefNew: 3727K->3727K(4288K), 0.0000090 secs]29.015: [Tenured: 6738K->1855K(9600K), 0.0051380 secs] 10465K->1855K(13888K), [Perm : 5104K->5104K(21248K)], 0.0051890 secs] [Times: user=0.00 sys=0.00, real=0.00 secs] 
29.020: Total time for which application threads were stopped: 0.0068860 seconds, Stopping threads took: 0.0016190 seconds
29.021: Application time: 0.0005400 seconds
29.021: [GC29.021: [DefNew: 3727K->392K(4288K), 0.0008400 secs] 5583K->5568K(13888K), 0.0008600 secs] [Times: user=0.00 sys=0.00, real=0.00 secs] 
29.022: Total time for which application threads were stopped: 0.0010740 seconds, Stopping threads took: 0.0001510 seconds
29.024: Application time: 0.0015750 seconds
29.093: [GC29.093: [DefNew: 4117K->195K(4288K), 0.0003170 secs] 9293K->5764K(13888K), 0.0003410 secs] [Times: user=0.00 sys=0.00, real=0.00 secs] 
29.093: Total time for which application threads were stopped: 0.0698660 seconds, Stopping threads took: 0.0694530 seconds
29.094: Application time: 0.0003750 seconds
29.130: [GC29.130: [DefNew: 3923K->391K(4288K), 0.0007700 secs] 9492K->8694K(13888K), 0.0007920 secs] [Times: user=0.00 sys=0.00, real=0.00 secs] 
29.131: Total time for which application threads were stopped: 0.0371460 seconds, Stopping threads took: 0.0363030 seconds
29.131: Application time: 0.0005060 seconds
29.165: [GC29.165: [DefNew: 4115K->4115K(4288K), 0.0000070 secs]29.165: [Tenured: 8302K->5957K(9600K), 0.0059840 secs] 12418K->5957K(13888K), [Perm : 5104K->5104K(21248K)], 0.0060280 secs] [Times: user=0.01 sys=0.00, real=0.00 secs] 
29.171: Total time for which application threads were stopped: 0.0395460 seconds, Stopping threads took: 0.0334680 seconds
29.172: Application time: 0.0009340 seconds
29.242: [GC29.242: [DefNew: 3825K->3825K(4288K), 0.0000090 secs]29.242: [Tenured: 5957K->3320K(9600K), 0.0060540 secs] 9782K->3320K(13888K), [Perm : 5104K->5104K(21248K)], 0.0061070 secs] [Times: user=0.00 sys=0.00, real=0.01 secs] 
29.248: Total time for which application threads were stopped: 0.0762480 seconds, Stopping threads took: 0.0700620 seconds
29.249: Application time: 0.0005400 seconds
29.283: [GC29.283: [DefNew: 3825K->392K(4288K), 0.0009400 secs] 7146K->7033K(13888K), 0.0009600 secs] [Times: user=0.00 sys=0.00, real=0.00 secs] 
29.284: Total time for which application threads were stopped: 0.0348600 seconds, Stopping threads took: 0.0338360 seconds
29.284: Application time: 0.0006760 seconds
29.349: [GC29.349: [DefNew: 4117K->4117K(4288K), 0.0000080 secs]29.349: [Tenured: 6641K->4394K(9600K), 0.0062790 secs] 10758K->4394K(13888K), [Perm : 5104K->5104K(21248K)], 0.0063250 secs] [Times: user=0.00 sys=0.00, real=0.01 secs] 
29.355: Total time for which application threads were stopped: 0.0708170 seconds, Stopping threads took: 0.0644190 seconds
29.356: Application time: 0.0004990 seconds
29.423: [GC29.423: [DefNew: 3532K->392K(4288K), 0.0007190 secs] 7927K->6739K(13888K), 0.0007440 secs] [Times: user=0.00 sys=0.00, real=0.00 secs] 
29.424: Total time for which application threads were stopped: 0.0681570 seconds, Stopping threads took: 0.0673450 seconds
29.424: Application time: 0.0003270 seconds
29.425: [GC29.425: [DefNew: 3916K->3916K(4288K), 0.0000060 secs]29.425: [Tenured: 6347K->7128K(9600K), 0.0061860 secs] 10264K->7128K(13888K), [Perm : 5104K->5104K(21248K)], 0.0062320 secs] [Times: user=0.00 sys=0.00, real=0.00 secs] 
29.431: Total time for which application threads were stopped: 0.0072450 seconds, Stopping threads took: 0.0009350 seconds
29.503: Application time: 0.0716530 seconds
29.505: [GC29.505: [DefNew: 3727K->3727K(4288K), 0.0000080 secs]29.505: [Tenured: 7128K->2246K(9600K), 0.0051190 secs] 10856K->2246K(13888K), [Perm : 5104K->5104K(21248K)], 0.0051720 secs] [Times: user=0.00 sys=0.00, real=0.00 secs] 
29.510: Total time for which application threads were stopped: 0.0069310 seconds, Stopping threads took: 0.0016830 seconds
29.511: Application time: 0.0006140 seconds
29.511: [GC29.511: [DefNew: 3725K->391K(4288K), 0.0008120 secs] 5971K->5958K(13888K), 0.0008380 secs] [Times: user=0.00 sys=0.00, real=0.00 secs] 
29.512: Total time for which application threads were stopped: 0.0012880 seconds, Stopping threads took: 0.0003870 seconds
29.513: Application time: 0.0011660 seconds
29.583: [GC29.583: [DefNew: 4216K->4216K(4288K), 0.0000080 secs]29.583: [Tenured: 5566K->3321K(9600K), 0.0055410 secs] 9783K->3321K(13888K), [Perm : 5104K->5104K(21248K)], 0.0055930 secs] [Times: user=0.00 sys=0.00, real=0.01 secs] 
29.589: Total time for which application threads were stopped: 0.0755470 seconds, Stopping threads took: 0.0698790 seconds
29.589: Application time: 0.0005390 seconds
29.623: [GC29.623: [DefNew: 3630K->392K(4288K), 0.0008940 secs] 6951K->6839K(13888K), 0.0009200 secs] [Times: user=0.00 sys=0.00, real=0.00 secs] 
29.624: Total time for which application threads were stopped: 0.0345170 seconds, Stopping threads took: 0.0335300 seconds
29.624: Application time: 0.0005840 seconds
29.658: [GC29.658: [DefNew: 4213K->4213K(4288K), 0.0000060 secs]29.658: [Tenured: 6446K->6445K(9600K), 0.0062900 secs] 10660K->6445K(13888K), [Perm : 5104K->5104K(21248K)], 0.0063340 secs] [Times: user=0.00 sys=0.00, real=0.01 secs] 
29.665: Total time for which application threads were stopped: 0.0403720 seconds, Stopping threads took: 0.0339630 seconds
29.736: Application time: 0.0715660 seconds
29.738: [GC29.738: [DefNew: 3708K->3708K(4288K), 0.0000090 secs]29.738: [Tenured: 6445K->1493K(9600K), 0.0056980 secs] 10153K->1493K(13888K), [Perm : 5105K->5105K(21248K)], 0.0057460 secs] [Times: user=0.00 sys=0.00, real=0.00 secs] 
29.743: Total time for which application threads were stopped: 0.0072060 seconds, Stopping threads took: 0.0014050 seconds
29.744: Application time: 0.0005900 seconds
29.744: [GC29.744: [DefNew: 3725K->392K(4288K), 0.0008700 secs] 5219K->5206K(13888K), 0.0008930 secs] [Times: user=0.01 sys=0.00, real=0.01 secs] 
29.745: Total time for which application threads were stopped: 0.0011990 seconds, Stopping threads took: 0.0002390 seconds
29.746: Application time: 0.0005360 seconds
29.794: [GC29.794: [DefNew: 4213K->390K(4288K), 0.0008050 secs] 9027K->8038K(13888K), 0.0008280 secs] [Times: user=0.00 sys=0.00, real=0.00 secs] 
29.794: Total time for which application threads were stopped: 0.0487110 seconds, Stopping threads took: 0.0478290 seconds
29.867: Application time: 0.0721760 seconds
29.871: [GC29.871: [DefNew: 4216K->4216K(4288K), 0.0000100 secs]29.871: [Tenured: 7647K->2080K(9600K), 0.0052810 secs] 11863K->2080K(13888K), [Perm : 5105K->5105K(21248K)], 0.0053360 secs] [Times: user=0.01 sys=0.00, real=0.01 secs] 
29.876: Total time for which application threads were stopped: 0.0094280 seconds, Stopping threads took: 0.0040120 seconds
29.877: Application time: 0.0006500 seconds
29.910: [GC29.910: [DefNew: 3726K->440K(4288K), 0.0008640 secs] 5807K->5451K(13888K), 0.0008810 secs] [Times: user=0.00 sys=0.00, real=0.00 secs] 
29.911: Total time for which application threads were stopped: 0.0339440 seconds, Stopping threads took: 0.0330020 seconds
29.911: Application time: 0.0003920 seconds
29.955: [GC29.955: [DefNew: 4126K->440K(4288K), 0.0009420 secs] 9137K->8487K(13888K), 0.0009630 secs] [Times: user=0.00 sys=0.00, real=0.00 secs] 
29.956: Total time for which application threads were stopped: 0.0452730 seconds, Stopping threads took: 0.0442460 seconds
30.027: Application time: 0.0711880 seconds
30.031: [GC30.031: [DefNew: 4273K->4273K(4288K), 0.0000090 secs]30.031: [Tenured: 8047K->1365K(9600K), 0.0043800 secs] 12321K->1365K(13888K), [Perm : 5105K->5105K(21248K)], 0.0044570 secs] [Times: user=0.00 sys=0.00, real=0.01 secs] 
30.036: Total time for which application threads were stopped: 0.0084930 seconds, Stopping threads took: 0.0039590 seconds
30.036: Application time: 0.0005240 seconds
30.037: [GC30.037: [DefNew: 3757K->446K(4288K), 0.0008010 secs] 5122K->4968K(13584K), 0.0008220 secs] [Times: user=0.00 sys=0.00, real=0.00 secs] 
30.038: Total time for which application threads were stopped: 0.0012110 seconds, Stopping threads took: 0.0003170 seconds
30.038: Application time: 0.0004850 seconds
30.087: [GC30.087: [DefNew: 4268K->293K(4288K), 0.0009500 secs] 8791K->7996K(13584K), 0.0009760 secs] [Times: user=0.00 sys=0.01, real=0.00 secs] 
30.088: Total time for which application threads were stopped: 0.0494940 seconds, Stopping threads took: 0.0484510 seconds
30.160: Application time: 0.0720760 seconds
30.161: [GC30.161: [DefNew: 4118K->4118K(4288K), 0.0000090 secs]30.161: [Tenured: 7702K->1660K(9296K), 0.0051190 secs] 11821K->1660K(13584K), [Perm : 5105K->5105K(21248K)], 0.0052110 secs] [Times: user=0.00 sys=0.00, real=0.01 secs] 
30.166: Total time for which application threads were stopped: 0.0066010 seconds, Stopping threads took: 0.0013130 seconds
30.167: Application time: 0.0005950 seconds
30.167: [GC30.167: [DefNew: 3532K->391K(4032K), 0.0008420 secs] 5193K->5177K(12868K), 0.0008630 secs] [Times: user=0.00 sys=0.00, real=0.00 secs] 
30.168: Total time for which application threads were stopped: 0.0010500 seconds, Stopping threads took: 0.0001230 seconds
30.170: Application time: 0.0015180 seconds
30.231: [GC30.231: [DefNew: 3917K->391K(4032K), 0.0004800 secs] 8703K->6350K(12868K), 0.0005030 secs] [Times: user=0.00 sys=0.00, real=0.00 secs] 
30.232: Total time for which application threads were stopped: 0.0624040 seconds, Stopping threads took: 0.0618380 seconds
30.232: Application time: 0.0003490 seconds
30.289: [GC30.289: [DefNew: 3923K->3923K(4032K), 0.0000070 secs]30.289: [Tenured: 5959K->3614K(8836K), 0.0055630 secs] 9882K->3614K(12868K), [Perm : 5105K->5105K(21248K)], 0.0056090 secs] [Times: user=0.01 sys=0.00, real=0.01 secs] 
30.295: Total time for which application threads were stopped: 0.0626130 seconds, Stopping threads took: 0.0569280 seconds
30.295: Application time: 0.0004540 seconds
30.331: [GC30.331: [DefNew: 3530K->294K(4032K), 0.0009260 secs] 7144K->6838K(12868K), 0.0009480 secs] [Times: user=0.01 sys=0.00, real=0.01 secs] 
30.332: Total time for which application threads were stopped: 0.0371120 seconds, Stopping threads took: 0.0361000 seconds
30.339: Application time: 0.0063340 seconds
30.405: [GC30.405: [DefNew: 3513K->3513K(4032K), 0.0000090 secs]30.405: [Tenured: 6544K->1690K(8836K), 0.0049500 secs] 10058K->1690K(12868K), [Perm : 5105K->5105K(21248K)], 0.0050020 secs] [Times: user=0.01 sys=0.00, real=0.00 secs] 
30.410: Total time for which application threads were stopped: 0.0709230 seconds, Stopping threads took: 0.0658550 seconds
30.410: Application time: 0.0004910 seconds
30.410: [GC30.410: [DefNew: 3530K->392K(4032K), 0.0007820 secs] 5221K->5208K(12868K), 0.0007990 secs] [Times: user=0.00 sys=0.00, real=0.00 secs] 
30.411: Total time for which application threads were stopped: 0.0010760 seconds, Stopping threads took: 0.0002400 seconds
30.412: Application time: 0.0009370 seconds
30.467: [GC30.467: [DefNew: 3920K->390K(4032K), 0.0006190 secs] 8736K->7064K(12868K), 0.0006400 secs] [Times: user=0.00 sys=0.00, real=0.00 secs] 
30.468: Total time for which application threads were stopped: 0.0554120 seconds, Stopping threads took: 0.0547090 seconds
30.468: Application time: 0.0006970 seconds
30.538: [GC30.538: [DefNew: 3923K->3923K(4032K), 0.0000070 secs]30.538: [Tenured: 6673K->3645K(8836K), 0.0054890 secs] 10596K->3645K(12868K), [Perm : 5105K->5105K(21248K)], 0.0055380 secs] [Times: user=0.01 sys=0.00, real=0.00 secs] 
30.544: Total time for which application threads were stopped: 0.0755580 seconds, Stopping threads took: 0.0699420 seconds
30.544: Application time: 0.0005810 seconds
30.578: [GC30.578: [DefNew: 3513K->420K(4032K), 0.0007110 secs] 7158K->6214K(12868K), 0.0007330 secs] [Times: user=0.00 sys=0.00, real=0.00 secs] 
30.579: Total time for which application threads were stopped: 0.0346930 seconds, Stopping threads took: 0.0338920 seconds
30.579: Application time: 0.0003300 seconds
30.641: [GC30.641: [DefNew: 3855K->3855K(4032K), 0.0000060 secs]30.641: [Tenured: 5793K->4004K(8836K), 0.0054530 secs] 9649K->4004K(12868K), [Perm : 5105K->5105K(21248K)], 0.0055020 secs] [Times: user=0.00 sys=0.00, real=0.01 secs] 
30.646: Total time for which application threads were stopped: 0.0665480 seconds, Stopping threads took: 0.0609980 seconds
30.646: Application time: 0.0004510 seconds
30.682: [GC30.682: [DefNew: 3330K->391K(4032K), 0.0006930 secs] 7335K->6739K(12868K), 0.0007160 secs] [Times: user=0.00 sys=0.00, real=0.00 secs] 
30.683: Total time for which application threads were stopped: 0.0362750 seconds, Stopping threads took: 0.0354880 seconds
30.684: Application time: 0.0007810 seconds
30.731: [GC30.731: [DefNew: 3820K->3820K(4032K), 0.0000060 secs]30.731: [Tenured: 6348K->5371K(8836K), 0.0058880 secs] 10168K->5371K(12868K), [Perm : 5105K->5105K(21248K)], 0.0059330 secs] [Times: user=0.01 sys=0.00, real=0.01 secs] 
30.737: Total time for which application threads were stopped: 0.0533940 seconds, Stopping threads took: 0.0473860 seconds
30.738: Application time: 0.0005630 seconds
30.800: [GC30.800: [DefNew: 3532K->391K(4032K), 0.0008690 secs] 8904K->8302K(12868K), 0.0008950 secs] [Times: user=0.00 sys=0.00, real=0.00 secs] 
30.800: Total time for which application threads were stopped: 0.0629610 seconds, Stopping threads took: 0.0619980 seconds
30.801: Application time: 0.0004030 seconds
30.856: [GC30.856: [DefNew: 3728K->3728K(4032K), 0.0000090 secs]30.856: [Tenured: 7911K->3614K(8836K), 0.0054350 secs] 11639K->3614K(12868K), [Perm : 5105K->5105K(21248K)], 0.0054860 secs] [Times: user=0.01 sys=0.00, real=0.00 secs] 
30.861: Total time for which application threads were stopped: 0.0601600 seconds, Stopping threads took: 0.0545970 seconds
30.862: Application time: 0.0004770 seconds
30.862: [GC30.862: [DefNew: 3428K->391K(4032K), 0.0007810 secs] 7043K->7033K(12868K), 0.0008030 secs] [Times: user=0.00 sys=0.00, real=0.00 secs] 
30.863: Total time for which application threads were stopped: 0.0012940 seconds, Stopping threads took: 0.0004260 seconds
30.935: Application time: 0.0726250 seconds
30.936: [GC30.936: [DefNew: 3826K->3826K(4032K), 0.0000140 secs]30.936: [Tenured: 6641K->1857K(8836K), 0.0057610 secs] 10468K->1857K(12868K), [Perm : 5105K->5105K(21248K)], 0.0058160 secs] [Times: user=0.00 sys=0.00, real=0.00 secs] 
30.942: Total time for which application threads were stopped: 0.0066600 seconds, Stopping threads took: 0.0007880 seconds
30.943: Application time: 0.0005360 seconds
30.943: [GC30.943: [DefNew: 3530K->392K(4032K), 0.0008290 secs] 5387K->5374K(12868K), 0.0008500 secs] [Times: user=0.01 sys=0.00, real=0.00 secs] 
30.944: Total time for which application threads were stopped: 0.0012250 seconds, Stopping threads took: 0.0003090 seconds
30.945: Application time: 0.0011210 seconds
31.010: [GC31.010: [DefNew: 3918K->391K(4032K), 0.0004270 secs] 8900K->6351K(12868K), 0.0004500 secs] [Times: user=0.00 sys=0.00, real=0.00 secs] 
31.010: Total time for which application threads were stopped: 0.0651130 seconds, Stopping threads took: 0.0646220 seconds
31.011: Application time: 0.0006040 seconds
31.072: [GC31.072: [DefNew: 3923K->3923K(4032K), 0.0000070 secs]31.072: [Tenured: 5960K->3809K(8836K), 0.0059510 secs] 9884K->3809K(12868K), [Perm : 5105K->5105K(21248K)], 0.0059980 secs] [Times: user=0.01 sys=0.00, real=0.01 secs] 
31.078: Total time for which application threads were stopped: 0.0674300 seconds, Stopping threads took: 0.0613560 seconds
31.079: Application time: 0.0004330 seconds
31.112: [GC31.112: [DefNew: 3528K->294K(4032K), 0.0008280 secs] 7337K->7228K(12868K), 0.0008490 secs] [Times: user=0.00 sys=0.00, real=0.01 secs] 
31.113: Total time for which application threads were stopped: 0.0339890 seconds, Stopping threads took: 0.0330760 seconds
31.113: Application time: 0.0007700 seconds
31.183: [GC31.183: [DefNew: 3826K->3826K(4032K), 0.0000070 secs]31.183: [Tenured: 6934K->4396K(8836K), 0.0056230 secs] 10760K->4396K(12868K), [Perm : 5105K->5105K(21248K)], 0.0056740 secs] [Times: user=0.01 sys=0.00, real=0.01 secs] 
31.189: Total time for which application threads were stopped: 0.0757060 seconds, Stopping threads took: 0.0699470 seconds
31.190: Application time: 0.0004600 seconds
31.223: [GC31.223: [DefNew: 3239K->392K(4032K), 0.0008720 secs] 7635K->7523K(12868K), 0.0009050 secs] [Times: user=0.00 sys=0.00, real=0.00 secs] 
31.224: Total time for which application threads were stopped: 0.0342480 seconds, Stopping threads took: 0.0332720 seconds
31.224: Application time: 0.0003620 seconds
31.270: [GC31.270: [DefNew: 3627K->3627K(4032K), 0.0000050 secs]31.270: [Tenured: 7131K->6543K(8836K), 0.0066170 secs] 10758K->6543K(12868K), [Perm : 5105K->5105K(21248K)], 0.0066710 secs] [Times: user=0.00 sys=0.00, real=0.01 secs] 
31.276: Total time for which application threads were stopped: 0.0522360 seconds, Stopping threads took: 0.0454930 seconds
31.348: Application time: 0.0715300 seconds
31.350: [GC31.350: [DefNew: 3805K->3805K(4288K), 0.0000090 secs]31.350: [Tenured: 6543K->1689K(9600K), 0.0057050 secs] 10349K->1689K(13888K), [Perm : 5105K->5105K(21248K)], 0.0057560 secs] [Times: user=0.01 sys=0.00, real=0.01 secs] 
31.355: Total time for which application threads were stopped: 0.0075730 seconds, Stopping threads took: 0.0017390 seconds
31.356: Application time: 0.0006240 seconds
31.356: [GC31.356: [DefNew: 3725K->392K(4288K), 0.0008850 secs] 5415K->5402K(13888K), 0.0009070 secs] [Times: user=0.00 sys=0.00, real=0.00 secs] 
31.357: Total time for which application threads were stopped: 0.0011880 seconds, Stopping threads took: 0.0002160 seconds
31.358: Application time: 0.0009310 seconds
31.422: [GC31.422: [DefNew: 4213K->293K(4288K), 0.0007940 secs] 9223K->7648K(13888K), 0.0008190 secs] [Times: user=0.00 sys=0.00, real=0.00 secs] 
31.423: Total time for which application threads were stopped: 0.0643950 seconds, Stopping threads took: 0.0635090 seconds
31.423: Application time: 0.0007570 seconds
31.493: [GC31.493: [DefNew: 4118K->4118K(4288K), 0.0000080 secs]31.493: [Tenured: 7355K->4395K(9600K), 0.0062190 secs] 11474K->4395K(13888K), [Perm : 5105K->5105K(21248K)], 0.0062690 secs] [Times: user=0.00 sys=0.00, real=0.00 secs] 
31.500: Total time for which application threads were stopped: 0.0762620 seconds, Stopping threads took: 0.0699160 seconds
31.500: Application time: 0.0005150 seconds
31.562: [GC31.562: [DefNew: 3532K->392K(4288K), 0.0007000 secs] 7927K->6740K(13888K), 0.0007220 secs] [Times: user=0.00 sys=0.00, real=0.00 secs] 
31.562: Total time for which application threads were stopped: 0.0621760 seconds, Stopping threads took: 0.0613860 seconds
31.563: Application time: 0.0003670 seconds
31.602: [GC31.602: [DefNew: 4211K->4211K(4288K), 0.0000060 secs]31.602: [Tenured: 6348K->6348K(9600K), 0.0064250 secs] 10559K->6348K(13888K), [Perm : 5105K->5105K(21248K)], 0.0064710 secs] [Times: user=0.01 sys=0.00, real=0.01 secs] 
31.608: Total time for which application threads were stopped: 0.0454870 seconds, Stopping threads took: 0.0389390 seconds
31.680: Application time: 0.0722610 seconds
31.682: [GC31.682: [DefNew: 3727K->3727K(4288K), 0.0000090 secs]31.682: [Tenured: 6348K->1465K(9600K), 0.0056750 secs] 10075K->1465K(13888K), [Perm : 5105K->5105K(21248K)], 0.0057230 secs] [Times: user=0.00 sys=0.00, real=0.01 secs] 
31.687: Total time for which application threads were stopped: 0.0068080 seconds, Stopping threads took: 0.0010050 seconds
31.688: Application time: 0.0006160 seconds
31.688: [GC31.688: [DefNew: 3727K->392K(4288K), 0.0008590 secs] 5193K->5178K(13888K), 0.0008820 secs] [Times: user=0.00 sys=0.00, real=0.00 secs] 
31.689: Total time for which application threads were stopped: 0.0011870 seconds, Stopping threads took: 0.0002340 seconds
31.690: Application time: 0.0012340 seconds
31.752: [GC31.752: [DefNew: 4215K->391K(4288K), 0.0006260 secs] 9001K->6839K(13888K), 0.0006500 secs] [Times: user=0.00 sys=0.00, real=0.01 secs] 
31.752: Total time for which application threads were stopped: 0.0620260 seconds, Stopping threads took: 0.0613090 seconds
31.753: Application time: 0.0004370 seconds
31.815: [GC31.815: [DefNew: 4021K->4021K(4288K), 0.0000070 secs]31.815: [Tenured: 6448K->4004K(9600K), 0.0060540 secs] 10469K->4004K(13888K), [Perm : 5105K->5105K(21248K)], 0.0061110 secs] [Times: user=0.01 sys=0.00, real=0.00 secs] 
31.821: Total time for which application threads were stopped: 0.0685070 seconds, Stopping threads took: 0.0623190 seconds
31.822: Application time: 0.0004600 seconds
31.822: [GC31.822: [DefNew: 3723K->391K(4288K), 0.0008640 secs] 7728K->7716K(13888K), 0.0008830 secs] [Times: user=0.00 sys=0.00, real=0.00 secs] 
31.823: Total time for which application threads were stopped: 0.0013650 seconds, Stopping threads took: 0.0004440 seconds
31.895: Application time: 0.0718060 seconds
31.931: [GC31.931: [DefNew: 4021K->4021K(4288K), 0.0000090 secs]31.931: [Tenured: 7325K->1660K(9600K), 0.0044720 secs] 11346K->1660K(13888K), [Perm : 5105K->5105K(21248K)], 0.0045270 secs] [Times: user=0.01 sys=0.00, real=0.01 secs] 
31.936: Total time for which application threads were stopped: 0.0409820 seconds, Stopping threads took: 0.0363750 seconds
31.937: Application time: 0.0006220 seconds
31.937: [GC31.937: [DefNew: 3741K->445K(4288K), 0.0008720 secs] 5402K->5239K(13888K), 0.0008900 secs] [Times: user=0.00 sys=0.00, real=0.00 secs] 
31.938: Total time for which application threads were stopped: 0.0013090 seconds, Stopping threads took: 0.0003590 seconds
31.939: Application time: 0.0007980 seconds
32.009: [GC32.009: [DefNew: 4195K->415K(4288K), 0.0003110 secs] 8989K->5264K(13888K), 0.0003340 secs] [Times: user=0.00 sys=0.00, real=0.00 secs] 
32.009: Total time for which application threads were stopped: 0.0702600 seconds, Stopping threads took: 0.0698610 seconds
32.009: Application time: 0.0003260 seconds
32.042: [GC32.042: [DefNew: 4142K->391K(4288K), 0.0009320 secs] 8991K->8585K(13888K), 0.0009540 secs] [Times: user=0.00 sys=0.00, real=0.00 secs] 
32.043: Total time for which application threads were stopped: 0.0341150 seconds, Stopping threads took: 0.0330960 seconds
32.044: Application time: 0.0003830 seconds
32.107: [GC32.107: [DefNew: 4173K->4173K(4288K), 0.0000070 secs]32.107: [Tenured: 8193K->4537K(9600K), 0.0063140 secs] 12366K->4537K(13888K), [Perm : 5105K->5105K(21248K)], 0.0063600 secs] [Times: user=0.00 sys=0.00, real=0.01 secs] 
32.113: Total time for which application threads were stopped: 0.0695430 seconds, Stopping threads took: 0.0631090 seconds
32.114: Application time: 0.0005040 seconds
32.147: [GC32.147: [DefNew: 3532K->391K(4288K), 0.0007750 secs] 8069K->7468K(13888K), 0.0007930 secs] [Times: user=0.00 sys=0.00, real=0.00 secs] 
32.148: Total time for which application threads were stopped: 0.0342820 seconds, Stopping threads took: 0.0334270 seconds
32.149: Application time: 0.0008010 seconds
32.219: [GC32.219: [DefNew: 4217K->4217K(4288K), 0.0000090 secs]32.219: [Tenured: 7076K->3268K(9600K), 0.0059610 secs] 11293K->3268K(13888K), [Perm : 5105K->5105K(21248K)], 0.0060120 secs] [Times: user=0.01 sys=0.00, real=0.01 secs] 
32.225: Total time for which application threads were stopped: 0.0761260 seconds, Stopping threads took: 0.0700480 seconds
32.226: Application time: 0.0005270 seconds
32.259: [GC32.259: [DefNew: 3825K->392K(4288K), 0.0009130 secs] 7093K->6785K(13888K), 0.0009370 secs] [Times: user=0.00 sys=0.00, real=0.00 secs] 
32.260: Total time for which application threads were stopped: 0.0347840 seconds, Stopping threads took: 0.0337700 seconds
32.261: Application time: 0.0004630 seconds
32.294: [GC32.294: [DefNew: 4215K->4215K(4288K), 0.0000060 secs]32.294: [Tenured: 6393K->6588K(9600K), 0.0066070 secs] 10608K->6588K(13888K), [Perm : 5105K->5105K(21248K)], 0.0066490 secs] [Times: user=0.00 sys=0.00, real=0.00 secs] 
32.301: Total time for which application threads were stopped: 0.0402860 seconds, Stopping threads took: 0.0335650 seconds
32.372: Application time: 0.0713830 seconds
32.375: [GC32.375: [DefNew: 3825K->3825K(4288K), 0.0000100 secs]32.375: [Tenured: 6588K->1661K(9600K), 0.0050750 secs] 10414K->1661K(13888K), [Perm : 5105K->5105K(21248K)], 0.0051290 secs] [Times: user=0.00 sys=0.00, real=0.00 secs] 
32.380: Total time for which application threads were stopped: 0.0079160 seconds, Stopping threads took: 0.0027080 seconds
32.381: Application time: 0.0006120 seconds
32.381: [GC32.381: [DefNew: 3784K->351K(4288K), 0.0008660 secs] 5446K->5333K(13888K), 0.0008920 secs] [Times: user=0.00 sys=0.00, real=0.00 secs] 
32.382: Total time for which application threads were stopped: 0.0012170 seconds, Stopping threads took: 0.0002660 seconds
32.383: Application time: 0.0009960 seconds
32.453: [GC32.453: [DefNew: 3979K->293K(4288K), 0.0003620 secs] 8961K->5724K(13888K), 0.0003870 secs] [Times: user=0.01 sys=0.00, real=0.00 secs] 
32.453: Total time for which application threads were stopped: 0.0701930 seconds, Stopping threads took: 0.0697420 seconds
32.454: Application time: 0.0004170 seconds
32.488: [GC32.488: [DefNew: 4117K->391K(4288K), 0.0008810 secs] 9548K->8947K(13888K), 0.0009050 secs] [Times: user=0.01 sys=0.00, real=0.00 secs] 
32.489: Total time for which application threads were stopped: 0.0348640 seconds, Stopping threads took: 0.0338940 seconds
32.489: Application time: 0.0005100 seconds
32.559: [GC32.559: [DefNew: 4216K->4216K(4288K), 0.0000080 secs]32.559: [Tenured: 8556K->3671K(9600K), 0.0062810 secs] 12773K->3671K(13888K), [Perm : 5105K->5105K(21248K)], 0.0063280 secs] [Times: user=0.01 sys=0.00, real=0.01 secs] 
32.566: Total time for which application threads were stopped: 0.0766070 seconds, Stopping threads took: 0.0702040 seconds
32.566: Application time: 0.0005830 seconds
32.614: [GC32.614: [DefNew: 3630K->392K(4288K), 0.0007740 secs] 7301K->6407K(13888K), 0.0008000 secs] [Times: user=0.00 sys=0.00, real=0.00 secs] 
32.615: Total time for which application threads were stopped: 0.0483640 seconds, Stopping threads took: 0.0474960 seconds
32.615: Application time: 0.0003950 seconds
32.648: [GC32.648: [DefNew: 4209K->4209K(4288K), 0.0000050 secs]32.648: [Tenured: 6015K->6796K(9600K), 0.0060050 secs] 10224K->6796K(13888K), [Perm : 5105K->5105K(21248K)], 0.0060480 secs] [Times: user=0.01 sys=0.00, real=0.01 secs] 
32.654: Total time for which application threads were stopped: 0.0389280 seconds, Stopping threads took: 0.0328060 seconds
32.726: Application time: 0.0721190 seconds
32.728: [GC32.728: [DefNew: 3532K->3532K(4288K), 0.0000080 secs]32.728: [Tenured: 6796K->1718K(9600K), 0.0051190 secs] 10328K->1718K(13888K), [Perm : 5105K->5105K(21248K)], 0.0051710 secs] [Times: user=0.01 sys=0.00, real=0.01 secs] 
32.734: Total time for which application threads were stopped: 0.0073630 seconds, Stopping threads took: 0.0021100 seconds
32.734: Application time: 0.0004780 seconds
32.734: [GC32.734: [DefNew: 3528K->392K(4288K), 0.0007630 secs] 5247K->5235K(13888K), 0.0007840 secs] [Times: user=0.00 sys=0.00, real=0.00 secs] 
32.735: Total time for which application threads were stopped: 0.0012310 seconds, Stopping threads took: 0.0003840 seconds
32.736: Application time: 0.0007120 seconds
32.806: [GC32.806: [DefNew: 4117K->391K(4288K), 0.0005270 secs] 8961K->6310K(13888K), 0.0005540 secs] [Times: user=0.00 sys=0.00, real=0.00 secs] 
32.807: Total time for which application threads were stopped: 0.0705820 seconds, Stopping threads took: 0.0699610 seconds
32.807: Application time: 0.0003480 seconds
32.860: [GC32.860: [DefNew: 4214K->4214K(4288K), 0.0000090 secs]32.860: [Tenured: 5919K->5176K(9600K), 0.0054440 secs] 10134K->5176K(13888K), [Perm : 5105K->5105K(21248K)], 0.0054970 secs] [Times: user=0.00 sys=0.00, real=0.01 secs] 
32.866: Total time for which application threads were stopped: 0.0588970 seconds, Stopping threads took: 0.0533370 seconds
32.867: Application time: 0.0007600 seconds
32.928: [GC32.928: [DefNew: 3823K->293K(4288K), 0.0006190 secs] 8999K->7033K(13888K), 0.0006440 secs] [Times: user=0.00 sys=0.00, real=0.00 secs] 
32.929: Total time for which application threads were stopped: 0.0622660 seconds, Stopping threads took: 0.0615530 seconds
32.929: Application time: 0.0003920 seconds
32.992: [GC32.992: [DefNew: 3924K->3924K(4288K), 0.0000060 secs]32.992: [Tenured: 6739K->4005K(9600K), 0.0055840 secs] 10663K->4005K(13888K), [Perm : 5105K->5105K(21248K)], 0.0056280 secs] [Times: user=0.01 sys=0.00, real=0.01 secs] 
32.997: Total time for which application threads were stopped: 0.0680170 seconds, Stopping threads took: 0.0623060 seconds
32.998: Application time: 0.0006560 seconds
32.998: [GC32.998: [DefNew: 3819K->391K(4288K), 0.0008790 secs] 7824K->7814K(13888K), 0.0009000 secs] [Times: user=0.00 sys=0.00, real=0.00 secs] 
32.999: Total time for which application threads were stopped: 0.0013260 seconds, Stopping threads took: 0.0003820 seconds
33.071: Application time: 0.0718940 seconds
33.073: [GC33.073: [DefNew: 4216K->4216K(4288K), 0.0000090 secs]33.073: [Tenured: 7423K->3029K(9600K), 0.0052520 secs] 11640K->3029K(13888K), [Perm : 5105K->5105K(21248K)], 0.0053060 secs] [Times: user=0.00 sys=0.00, real=0.00 secs] 
33.078: Total time for which application threads were stopped: 0.0072660 seconds, Stopping threads took: 0.0018790 seconds
33.079: Application time: 0.0005030 seconds
33.125: [GC33.125: [DefNew: 3727K->392K(4288K), 0.0007870 secs] 6757K->6156K(13888K), 0.0008070 secs] [Times: user=0.00 sys=0.00, real=0.00 secs] 
33.126: Total time for which application threads were stopped: 0.0471000 seconds, Stopping threads took: 0.0462300 seconds
33.127: Application time: 0.0006070 seconds
33.176: [GC33.176: [DefNew: 4213K->4213K(4288K), 0.0000070 secs]33.176: [Tenured: 5764K->5178K(9600K), 0.0051260 secs] 9977K->5178K(13888K), [Perm : 5105K->5105K(21248K)], 0.0051740 secs] [Times: user=0.01 sys=0.00, real=0.00 secs] 
33.181: Total time for which application threads were stopped: 0.0544480 seconds, Stopping threads took: 0.0492100 seconds
33.182: Application time: 0.0008720 seconds
33.252: [GC33.252: [DefNew: 3825K->391K(4288K), 0.0007940 secs] 9003K->7523K(13888K), 0.0008210 secs] [Times: user=0.00 sys=0.00, real=0.01 secs] 
33.253: Total time for which application threads were stopped: 0.0707040 seconds, Stopping threads took: 0.0698030 seconds
33.253: Application time: 0.0003960 seconds
33.306: [GC33.306: [DefNew: 4070K->4070K(4288K), 0.0000060 secs]33.306: [Tenured: 7131K->3976K(9600K), 0.0057640 secs] 11201K->3976K(13888K), [Perm : 5105K->5105K(21248K)], 0.0058090 secs] [Times: user=0.00 sys=0.00, real=0.00 secs] 
33.312: Total time for which application threads were stopped: 0.0586940 seconds, Stopping threads took: 0.0528120 seconds
33.312: Application time: 0.0004850 seconds
33.362: [GC33.362: [DefNew: 3755K->420K(4288K), 0.0008540 secs] 7732K->7131K(13888K), 0.0008800 secs] [Times: user=0.00 sys=0.00, real=0.00 secs] 
33.363: Total time for which application threads were stopped: 0.0502650 seconds, Stopping threads took: 0.0493150 seconds
33.363: Application time: 0.0007730 seconds
33.434: [GC33.434: [DefNew: 4147K->4147K(4288K), 0.0000070 secs]33.434: [Tenured: 6711K->2833K(9600K), 0.0053130 secs] 10858K->2833K(13888K), [Perm : 5105K->5105K(21248K)], 0.0053630 secs] [Times: user=0.01 sys=0.00, real=0.00 secs] 
33.439: Total time for which application threads were stopped: 0.0756410 seconds, Stopping threads took: 0.0702010 seconds
33.439: Application time: 0.0004580 seconds
33.485: [GC33.485: [DefNew: 3727K->392K(4288K), 0.0007950 secs] 6561K->5960K(13888K), 0.0008180 secs] [Times: user=0.00 sys=0.00, real=0.00 secs] 
33.486: Total time for which application threads were stopped: 0.0462490 seconds, Stopping threads took: 0.0453640 seconds
33.486: Application time: 0.0005830 seconds
33.487: [GC33.487: [DefNew: 4211K->4211K(4288K), 0.0000050 secs]33.487: [Tenured: 5568K->8205K(9600K), 0.0064050 secs] 9779K->8205K(13888K), [Perm : 5105K->5105K(21248K)], 0.0064480 secs] [Times: user=0.00 sys=0.00, real=0.01 secs] 
33.493: Total time for which application threads were stopped: 0.0072690 seconds, Stopping threads took: 0.0007460 seconds
33.566: Application time: 0.0728700 seconds
33.600: [GC33.600: [DefNew: 3727K->3727K(4288K), 0.0000100 secs]33.600: [Tenured: 8205K->2248K(9600K), 0.0058750 secs] 11932K->2248K(13888K), [Perm : 5105K->5105K(21248K)], 0.0059320 secs] [Times: user=0.01 sys=0.00, real=0.01 secs] 
33.606: Total time for which application threads were stopped: 0.0399210 seconds, Stopping threads took: 0.0339050 seconds
33.607: Application time: 0.0005450 seconds
33.607: [GC33.607: [DefNew: 3731K->400K(4288K), 0.0009180 secs] 5979K->5968K(13888K), 0.0009430 secs] [Times: user=0.00 sys=0.00, real=0.00 secs] 
33.608: Total time for which application threads were stopped: 0.0013740 seconds, Stopping threads took: 0.0003710 seconds
33.609: Application time: 0.0010470 seconds
33.679: [GC33.679: [DefNew: 4096K->4096K(4288K), 0.0000080 secs]33.679: [Tenured: 5568K->3126K(9600K), 0.0056900 secs] 9664K->3126K(13888K), [Perm : 5105K->5105K(21248K)], 0.0057400 secs] [Times: user=0.01 sys=0.00, real=0.01 secs] 
33.685: Total time for which application threads were stopped: 0.0757660 seconds, Stopping threads took: 0.0699720 seconds
33.686: Application time: 0.0005620 seconds
33.742: [GC33.742: [DefNew: 3825K->392K(4288K), 0.0009150 secs] 6952K->6644K(13888K), 0.0015610 secs] [Times: user=0.00 sys=0.00, real=0.00 secs] 
33.744: Total time for which application threads were stopped: 0.0579550 seconds, Stopping threads took: 0.0563280 seconds
33.745: Application time: 0.0011030 seconds
33.793: [GC33.793: [DefNew: 4211K->4211K(4288K), 0.0000080 secs]33.793: [Tenured: 6251K->5372K(9600K), 0.0057850 secs] 10463K->5372K(13888K), [Perm : 5105K->5105K(21248K)], 0.0058340 secs] [Times: user=0.00 sys=0.00, real=0.00 secs] 
33.799: Total time for which application threads were stopped: 0.0540970 seconds, Stopping threads took: 0.0481730 seconds
33.800: Application time: 0.0010550 seconds
33.870: [GC33.870: [DefNew: 3825K->391K(4288K), 0.0008940 secs] 9197K->7912K(13888K), 0.0009280 secs] [Times: user=0.01 sys=0.00, real=0.00 secs] 
33.871: Total time for which application threads were stopped: 0.0707670 seconds, Stopping threads took: 0.0697820 seconds
33.871: Application time: 0.0008160 seconds
33.941: [GC33.941: [DefNew: 4178K->4178K(4288K), 0.0000090 secs]33.941: [Tenured: 7520K->4257K(9600K), 0.0057930 secs] 11699K->4257K(13888K), [Perm : 5105K->5105K(21248K)], 0.0058420 secs] [Times: user=0.01 sys=0.00, real=0.01 secs] 
33.947: Total time for which application threads were stopped: 0.0756110 seconds, Stopping threads took: 0.0696930 seconds
33.947: Application time: 0.0003960 seconds
33.981: [GC33.981: [DefNew: 3825K->391K(4288K), 0.0009110 secs] 8082K->7676K(13888K), 0.0009340 secs] [Times: user=0.00 sys=0.00, real=0.00 secs] 
33.982: Total time for which application threads were stopped: 0.0347230 seconds, Stopping threads took: 0.0337200 seconds
33.983: Application time: 0.0008160 seconds
34.053: [GC34.053: [DefNew: 4216K->4216K(4288K), 0.0000080 secs]34.053: [Tenured: 7284K->3281K(9600K), 0.0054150 secs] 11501K->3281K(13888K), [Perm : 5105K->5105K(21248K)], 0.0054670 secs] [Times: user=0.00 sys=0.00, real=0.00 secs] 
34.059: Total time for which application threads were stopped: 0.0757610 seconds, Stopping threads took: 0.0702150 seconds
34.059: Application time: 0.0005280 seconds
34.093: [GC34.093: [DefNew: 3689K->441K(4288K), 0.0009420 secs] 6970K->6660K(13888K), 0.0009640 secs] [Times: user=0.00 sys=0.00, real=0.00 secs] 
34.094: Total time for which application threads were stopped: 0.0343160 seconds, Stopping threads took: 0.0332920 seconds
34.094: Application time: 0.0005620 seconds
34.127: [GC34.127: [DefNew: 4264K->4264K(4288K), 0.0000060 secs]34.127: [Tenured: 6219K->6251K(9600K), 0.0060470 secs] 10483K->6251K(13888K), [Perm : 5105K->5105K(21248K)], 0.0060940 secs] [Times: user=0.01 sys=0.00, real=0.01 secs] 
34.134: Total time for which application threads were stopped: 0.0394470 seconds, Stopping threads took: 0.0333000 seconds
34.205: Application time: 0.0715960 seconds
34.207: [GC34.207: [DefNew: 3825K->3825K(4288K), 0.0000090 secs]34.207: [Tenured: 6251K->1466K(9600K), 0.0056900 secs] 10077K->1466K(13888K), [Perm : 5105K->5105K(21248K)], 0.0057390 secs] [Times: user=0.00 sys=0.00, real=0.01 secs] 
34.213: Total time for which application threads were stopped: 0.0076700 seconds, Stopping threads took: 0.0018540 seconds
34.213: Application time: 0.0005760 seconds
34.214: [GC34.214: [DefNew: 3727K->392K(4288K), 0.0008760 secs] 5194K->5179K(13888K), 0.0009080 secs] [Times: user=0.00 sys=0.00, real=0.00 secs] 
34.215: Total time for which application threads were stopped: 0.0012740 seconds, Stopping threads took: 0.0003010 seconds
34.216: Application time: 0.0011990 seconds
34.249: [GC34.249: [DefNew: 4215K->391K(4288K), 0.0006510 secs] 9002K->7133K(13888K), 0.0006740 secs] [Times: user=0.00 sys=0.00, real=0.00 secs] 
34.250: Total time for which application threads were stopped: 0.0342350 seconds, Stopping threads took: 0.0334960 seconds
34.251: Application time: 0.0008030 seconds
34.321: [GC34.321: [DefNew: 4216K->4216K(4288K), 0.0000090 secs]34.321: [Tenured: 6742K->4201K(9600K), 0.0057090 secs] 10958K->4201K(13888K), [Perm : 5105K->5105K(21248K)], 0.0057620 secs] [Times: user=0.01 sys=0.00, real=0.01 secs] 
34.327: Total time for which application threads were stopped: 0.0758270 seconds, Stopping threads took: 0.0699790 seconds
34.328: Application time: 0.0007540 seconds
34.389: [GC34.389: [DefNew: 3708K->420K(4288K), 0.0009390 secs] 7910K->7552K(13888K), 0.0009630 secs] [Times: user=0.00 sys=0.00, real=0.00 secs] 
34.390: Total time for which application threads were stopped: 0.0621920 seconds, Stopping threads took: 0.0611610 seconds
34.390: Application time: 0.0004440 seconds
34.446: [GC34.446: [DefNew: 4148K->4148K(4288K), 0.0000080 secs]34.446: [Tenured: 7131K->4034K(9600K), 0.0054930 secs] 11279K->4034K(13888K), [Perm : 5105K->5105K(21248K)], 0.0055400 secs] [Times: user=0.00 sys=0.00, real=0.00 secs] 
34.452: Total time for which application threads were stopped: 0.0615640 seconds, Stopping threads took: 0.0559600 seconds
34.452: Application time: 0.0005590 seconds
34.486: [GC34.486: [DefNew: 3511K->322K(4288K), 0.0007410 secs] 7545K->6896K(13888K), 0.0007640 secs] [Times: user=0.00 sys=0.00, real=0.00 secs] 
34.487: Total time for which application threads were stopped: 0.0342920 seconds, Stopping threads took: 0.0334630 seconds
34.488: Application time: 0.0009310 seconds
34.558: [GC34.558: [DefNew: 4148K->4148K(4288K), 0.0000080 secs]34.558: [Tenured: 6574K->2638K(9600K), 0.0059900 secs] 10722K->2638K(13888K), [Perm : 5105K->5105K(21248K)], 0.0060340 secs] [Times: user=0.00 sys=0.00, real=0.00 secs] 
34.564: Total time for which application threads were stopped: 0.0760840 seconds, Stopping threads took: 0.0699730 seconds
34.564: Application time: 0.0005900 seconds
34.614: [GC34.614: [DefNew: 3825K->392K(4288K), 0.0008820 secs] 6464K->6351K(13888K), 0.0009060 secs] [Times: user=0.00 sys=0.00, real=0.00 secs] 
34.614: Total time for which application threads were stopped: 0.0502870 seconds, Stopping threads took: 0.0493120 seconds
34.615: Application time: 0.0007030 seconds
34.685: [GC34.685: [DefNew: 4217K->4217K(4288K), 0.0000070 secs]34.685: [Tenured: 5959K->3810K(9600K), 0.0055150 secs] 10176K->3810K(13888K), [Perm : 5105K->5105K(21248K)], 0.0055620 secs] [Times: user=0.00 sys=0.00, real=0.00 secs] 
34.691: Total time for which application threads were stopped: 0.0754660 seconds, Stopping threads took: 0.0698280 seconds
34.697: Application time: 0.0059120 seconds
34.762: [GC34.762: [DefNew: 3825K->392K(4288K), 0.0004010 secs] 7636K->4789K(13888K), 0.0004230 secs] [Times: user=0.00 sys=0.00, real=0.00 secs] 
34.762: Total time for which application threads were stopped: 0.0654130 seconds, Stopping threads took: 0.0649240 seconds
34.762: Application time: 0.0002660 seconds
34.763: [GC34.763: [DefNew: 4116K->391K(4288K), 0.0009050 secs] 8512K->8500K(13888K), 0.0009250 secs] [Times: user=0.01 sys=0.00, real=0.00 secs] 
34.764: Total time for which application threads were stopped: 0.0012760 seconds, Stopping threads took: 0.0003020 seconds
34.765: Application time: 0.0012120 seconds
34.835: [GC34.835: [DefNew: 4216K->4216K(4288K), 0.0000080 secs]34.835: [Tenured: 8108K->3322K(9600K), 0.0052900 secs] 12325K->3322K(13888K), [Perm : 5105K->5105K(21248K)], 0.0053420 secs] [Times: user=0.00 sys=0.00, real=0.00 secs] 
34.840: Total time for which application threads were stopped: 0.0751620 seconds, Stopping threads took: 0.0697360 seconds
34.840: Application time: 0.0004700 seconds
34.890: [GC34.890: [DefNew: 3630K->392K(4288K), 0.0011250 secs] 6953K->6840K(13888K), 0.0011610 secs] [Times: user=0.00 sys=0.00, real=0.00 secs] 
34.891: Total time for which application threads were stopped: 0.0503470 seconds, Stopping threads took: 0.0491120 seconds
34.892: Application time: 0.0008230 seconds
34.925: [GC34.925: [DefNew: 4211K->4211K(4288K), 0.0000070 secs]34.925: [Tenured: 6447K->6447K(9600K), 0.0065170 secs] 10659K->6447K(13888K), [Perm : 5105K->5105K(21248K)], 0.0065610 secs] [Times: user=0.01 sys=0.00, real=0.00 secs] 
34.932: Total time for which application threads were stopped: 0.0402080 seconds, Stopping threads took: 0.0335710 seconds
35.003: Application time: 0.0713390 seconds
35.006: [GC35.006: [DefNew: 3825K->3825K(4288K), 0.0000090 secs]35.006: [Tenured: 6447K->1662K(9600K), 0.0050680 secs] 10272K->1662K(13888K), [Perm : 5105K->5105K(21248K)], 0.0051210 secs] [Times: user=0.01 sys=0.00, real=0.00 secs] 
35.011: Total time for which application threads were stopped: 0.0075480 seconds, Stopping threads took: 0.0023480 seconds
35.011: Application time: 0.0005310 seconds
35.012: [GC35.012: [DefNew: 3725K->392K(4288K), 0.0008010 secs] 5387K->5374K(13888K), 0.0008220 secs] [Times: user=0.00 sys=0.00, real=0.01 secs] 
35.012: Total time for which application threads were stopped: 0.0012740 seconds, Stopping threads took: 0.0004010 seconds
35.013: Application time: 0.0007220 seconds
35.075: [GC35.075: [DefNew: 4215K->293K(4288K), 0.0007420 secs] 9197K->7426K(13888K), 0.0007650 secs] [Times: user=0.00 sys=0.00, real=0.00 secs] 
35.076: Total time for which application threads were stopped: 0.0628920 seconds, Stopping threads took: 0.0620650 seconds
35.077: Application time: 0.0007880 seconds
35.147: [GC35.147: [DefNew: 4118K->4118K(4288K), 0.0000070 secs]35.147: [Tenured: 7132K->4396K(9600K), 0.0056170 secs] 11251K->4396K(13888K), [Perm : 5105K->5105K(21248K)], 0.0056640 secs] [Times: user=0.00 sys=0.00, real=0.01 secs] 
35.152: Total time for which application threads were stopped: 0.0756170 seconds, Stopping threads took: 0.0698780 seconds
35.153: Application time: 0.0004950 seconds
35.210: [GC35.210: [DefNew: 3532K->392K(4288K), 0.0007140 secs] 7928K->6741K(13888K), 0.0007390 secs] [Times: user=0.00 sys=0.00, real=0.00 secs] 
35.210: Total time for which application threads were stopped: 0.0573080 seconds, Stopping threads took: 0.0565000 seconds
35.211: Application time: 0.0003610 seconds
35.257: [GC35.257: [DefNew: 4211K->4211K(4288K), 0.0000060 secs]35.257: [Tenured: 6349K->6349K(9600K), 0.0060270 secs] 10560K->6349K(13888K), [Perm : 5105K->5105K(21248K)], 0.0060730 secs] [Times: user=0.00 sys=0.00, real=0.00 secs] 
35.263: Total time for which application threads were stopped: 0.0520090 seconds, Stopping threads took: 0.0458620 seconds
35.335: Application time: 0.0723550 seconds
35.337: [GC35.337: [DefNew: 3727K->3727K(4288K), 0.0000090 secs]35.337: [Tenured: 6349K->1466K(9600K), 0.0057210 secs] 10076K->1466K(13888K), [Perm : 5105K->5105K(21248K)], 0.0057730 secs] [Times: user=0.01 sys=0.00, real=0.00 secs] 
35.343: Total time for which application threads were stopped: 0.0076640 seconds, Stopping threads took: 0.0018060 seconds
35.343: Application time: 0.0005950 seconds
35.344: [GC35.344: [DefNew: 3727K->392K(4288K), 0.0008550 secs] 5194K->5179K(13888K), 0.0008730 secs] [Times: user=0.00 sys=0.00, real=0.01 secs] 
35.344: Total time for which application threads were stopped: 0.0011680 seconds, Stopping threads took: 0.0002580 seconds
35.346: Application time: 0.0010830 seconds
35.406: [GC35.406: [DefNew: 4213K->391K(4288K), 0.0004240 secs] 9000K->5961K(13888K), 0.0004450 secs] [Times: user=0.00 sys=0.00, real=0.00 secs] 
35.406: Total time for which application threads were stopped: 0.0605140 seconds, Stopping threads took: 0.0600050 seconds
35.406: Application time: 0.0003790 seconds
35.440: [GC35.440: [DefNew: 4069K->4069K(4288K), 0.0000070 secs]35.440: [Tenured: 5569K->3977K(9600K), 0.0055370 secs] 9639K->3977K(13888K), [Perm : 5105K->5105K(21248K)], 0.0055790 secs] [Times: user=0.01 sys=0.00, real=0.01 secs] 
35.445: Total time for which application threads were stopped: 0.0390510 seconds, Stopping threads took: 0.0333900 seconds
35.446: Application time: 0.0005980 seconds
35.480: [GC35.480: [DefNew: 3834K->351K(4288K), 0.0008430 secs] 7811K->6867K(13888K), 0.0008690 secs] [Times: user=0.00 sys=0.00, real=0.00 secs] 
35.480: Total time for which application threads were stopped: 0.0343600 seconds, Stopping threads took: 0.0334200 seconds
35.481: Application time: 0.0004270 seconds
35.531: [GC35.531: [DefNew: 4176K->4176K(4288K), 0.0000060 secs]35.531: [Tenured: 6516K->5500K(9600K), 0.0057150 secs] 10692K->5500K(13888K), [Perm : 5105K->5105K(21248K)], 0.0057560 secs] [Times: user=0.00 sys=0.00, real=0.01 secs] 
35.537: Total time for which application threads were stopped: 0.0560220 seconds, Stopping threads took: 0.0502050 seconds
35.537: Application time: 0.0005810 seconds
35.603: [GC35.603: [DefNew: 3825K->391K(4288K), 0.0009390 secs] 9325K->8724K(13888K), 0.0009650 secs] [Times: user=0.00 sys=0.00, real=0.00 secs] 
35.604: Total time for which application threads were stopped: 0.0661710 seconds, Stopping threads took: 0.0651380 seconds
35.605: Application time: 0.0009030 seconds
35.652: [GC35.652: [DefNew: 4215K->4215K(4288K), 0.0000070 secs]35.652: [Tenured: 8332K->6672K(9600K), 0.0059660 secs] 12547K->6672K(13888K), [Perm : 5105K->5105K(21248K)], 0.0060140 secs] [Times: user=0.00 sys=0.00, real=0.00 secs] 
35.658: Total time for which application threads were stopped: 0.0537740 seconds, Stopping threads took: 0.0477010 seconds
35.730: Application time: 0.0716270 seconds
35.734: [GC35.734: [DefNew: 3708K->3708K(4288K), 0.0000090 secs]35.734: [Tenured: 6672K->1720K(9600K), 0.0055870 secs] 10380K->1720K(13888K), [Perm : 5105K->5105K(21248K)], 0.0056390 secs] [Times: user=0.00 sys=0.00, real=0.00 secs] 
35.739: Total time for which application threads were stopped: 0.0093220 seconds, Stopping threads took: 0.0036070 seconds
35.740: Application time: 0.0006520 seconds
35.740: [GC35.740: [DefNew: 3836K->400K(4288K), 0.0008840 secs] 5557K->5442K(13888K), 0.0009030 secs] [Times: user=0.00 sys=0.00, real=0.00 secs] 
35.741: Total time for which application threads were stopped: 0.0012180 seconds, Stopping threads took: 0.0002780 seconds
35.742: Application time: 0.0005950 seconds
35.776: [GC35.776: [DefNew: 4174K->439K(4288K), 0.0007810 secs] 9215K->7932K(13888K), 0.0008030 secs] [Times: user=0.01 sys=0.00, real=0.00 secs] 
35.776: Total time for which application threads were stopped: 0.0346890 seconds, Stopping threads took: 0.0338340 seconds
35.777: Application time: 0.0007900 seconds
35.848: [GC35.848: [DefNew: 4264K->4264K(4288K), 0.0000110 secs]35.848: [Tenured: 7493K->3908K(9600K), 0.0060910 secs] 11757K->3908K(13888K), [Perm : 5105K->5105K(21248K)], 0.0061480 secs] [Times: user=0.00 sys=0.00, real=0.01 secs] 
35.854: Total time for which application threads were stopped: 0.0764940 seconds, Stopping threads took: 0.0702570 seconds
35.854: Application time: 0.0005060 seconds
35.916: [GC35.916: [DefNew: 3727K->392K(4288K), 0.0008810 secs] 7636K->7035K(13888K), 0.0009040 secs] [Times: user=0.00 sys=0.00, real=0.00 secs] 
35.917: Total time for which application threads were stopped: 0.0626720 seconds, Stopping threads took: 0.0617030 seconds
35.918: Application time: 0.0005760 seconds
35.951: [GC35.951: [DefNew: 4113K->4113K(4288K), 0.0000060 secs]35.951: [Tenured: 6643K->7033K(9600K), 0.0062380 secs] 10756K->7033K(13888K), [Perm : 5105K->5105K(21248K)], 0.0062820 secs] [Times: user=0.01 sys=0.00, real=0.01 secs] 
35.957: Total time for which application threads were stopped: 0.0395680 seconds, Stopping threads took: 0.0332100 seconds
36.028: Application time: 0.0707900 seconds
36.032: [GC36.032: [DefNew: 3825K->3825K(4288K), 0.0000090 secs]36.032: [Tenured: 7033K->2248K(9600K), 0.0045740 secs] 10859K->2248K(13888K), [Perm : 5105K->5105K(21248K)], 0.0046290 secs] [Times: user=0.01 sys=0.00, real=0.01 secs] 
36.037: Total time for which application threads were stopped: 0.0088400 seconds, Stopping threads took: 0.0041310 seconds
36.037: Application time: 0.0005550 seconds
36.038: [GC36.038: [DefNew: 3825K->392K(4288K), 0.0008410 secs] 6074K->6059K(13888K), 0.0008670 secs] [Times: user=0.00 sys=0.00, real=0.00 secs] 
36.038: Total time for which application threads were stopped: 0.0012210 seconds, Stopping threads took: 0.0003160 seconds
36.110: Application time: 0.0717950 seconds
36.112: [GC36.112: [DefNew: 4225K->4225K(4288K), 0.0000080 secs]36.112: [Tenured: 5667K->1281K(9600K), 0.0057010 secs] 9892K->1281K(13888K), [Perm : 5105K->5105K(21248K)], 0.0057460 secs] [Times: user=0.01 sys=0.00, real=0.01 secs] 
36.118: Total time for which application threads were stopped: 0.0072410 seconds, Stopping threads took: 0.0014210 seconds
36.118: Application time: 0.0005810 seconds
36.118: [GC36.118: [DefNew: 3796K->420K(4288K), 0.0008890 secs] 5077K->5022K(13888K), 0.0009100 secs] [Times: user=0.00 sys=0.00, real=0.00 secs] 
36.119: Total time for which application threads were stopped: 0.0011390 seconds, Stopping threads took: 0.0001630 seconds
36.120: Application time: 0.0005550 seconds
36.120: [GC36.120: [DefNew: 4142K->390K(4288K), 0.0009780 secs] 8744K->8734K(13888K), 0.0010010 secs] [Times: user=0.01 sys=0.00, real=0.00 secs] 
36.121: Total time for which application threads were stopped: 0.0013990 seconds, Stopping threads took: 0.0003330 seconds
36.194: Application time: 0.0724810 seconds
36.196: [GC36.196: [DefNew: 4196K->4196K(4288K), 0.0000090 secs]36.196: [Tenured: 8343K->3810K(9600K), 0.0055220 secs] 12540K->3810K(13888K), [Perm : 5105K->5105K(21248K)], 0.0055780 secs] [Times: user=0.01 sys=0.00, real=0.00 secs] 
36.202: Total time for which application threads were stopped: 0.0080720 seconds, Stopping threads took: 0.0024320 seconds
36.202: Application time: 0.0005280 seconds
36.236: [GC36.236: [DefNew: 3530K->391K(4288K), 0.0009190 secs] 7341K->7328K(13888K), 0.0009450 secs] [Times: user=0.00 sys=0.00, real=0.00 secs] 
36.237: Total time for which application threads were stopped: 0.0343390 seconds, Stopping threads took: 0.0333270 seconds
36.237: Application time: 0.0006170 seconds
36.304: [GC36.304: [DefNew: 4215K->4215K(4288K), 0.0000060 secs]36.304: [Tenured: 6936K->4690K(9600K), 0.0057500 secs] 11151K->4690K(13888K), [Perm : 5105K->5105K(21248K)], 0.0057970 secs] [Times: user=0.01 sys=0.00, real=0.01 secs] 
36.310: Total time for which application threads were stopped: 0.0724640 seconds, Stopping threads took: 0.0665910 seconds
36.310: Application time: 0.0005880 seconds
36.376: [GC36.376: [DefNew: 3630K->391K(4288K), 0.0007940 secs] 8320K->7426K(13888K), 0.0008190 secs] [Times: user=0.00 sys=0.00, real=0.00 secs] 
36.377: Total time for which application threads were stopped: 0.0668350 seconds, Stopping threads took: 0.0659440 seconds
36.378: Application time: 0.0003990 seconds
36.412: [GC36.412: [DefNew: 4217K->4217K(4288K), 0.0000070 secs]36.412: [Tenured: 7034K->5667K(9600K), 0.0063820 secs] 11251K->5667K(13888K), [Perm : 5105K->5105K(21248K)], 0.0064290 secs] [Times: user=0.01 sys=0.00, real=0.01 secs] 
36.418: Total time for which application threads were stopped: 0.0407000 seconds, Stopping threads took: 0.0341950 seconds
36.419: Application time: 0.0009320 seconds
36.489: [GC36.489: [DefNew: 3825K->391K(4288K), 0.0006450 secs] 9492K->7426K(13888K), 0.0006730 secs] [Times: user=0.00 sys=0.00, real=0.00 secs] 
36.490: Total time for which application threads were stopped: 0.0705770 seconds, Stopping threads took: 0.0698330 seconds
36.490: Application time: 0.0004260 seconds
36.524: [GC36.524: [DefNew: 3972K->3972K(4288K), 0.0000070 secs]36.524: [Tenured: 7034K->4446K(9600K), 0.0061510 secs] 11006K->4446K(13888K), [Perm : 5105K->5105K(21248K)], 0.0061980 secs] [Times: user=0.00 sys=0.00, real=0.01 secs] 
36.530: Total time for which application threads were stopped: 0.0396110 seconds, Stopping threads took: 0.0333590 seconds
36.530: Application time: 0.0004830 seconds
36.570: [GC36.570: [DefNew: 3654K->419K(4288K), 0.0008150 secs] 8100K->7503K(13888K), 0.0008340 secs] [Times: user=0.00 sys=0.00, real=0.00 secs] 
36.571: Total time for which application threads were stopped: 0.0406550 seconds, Stopping threads took: 0.0397470 seconds
36.572: Application time: 0.0007860 seconds
36.642: [GC36.642: [DefNew: 4245K->4245K(4288K), 0.0000090 secs]36.642: [Tenured: 7083K->3225K(9600K), 0.0060710 secs] 11328K->3225K(13888K), [Perm : 5105K->5105K(21248K)], 0.0061220 secs] [Times: user=0.00 sys=0.00, real=0.01 secs] 
36.648: Total time for which application threads were stopped: 0.0763940 seconds, Stopping threads took: 0.0701930 seconds
36.649: Application time: 0.0005600 seconds
36.682: [GC36.682: [DefNew: 3727K->392K(4288K), 0.0009060 secs] 6953K->6742K(13888K), 0.0009250 secs] [Times: user=0.00 sys=0.00, real=0.00 secs] 
36.683: Total time for which application threads were stopped: 0.0341290 seconds, Stopping threads took: 0.0331400 seconds
36.683: Application time: 0.0004170 seconds
36.746: [GC36.746: [DefNew: 4213K->4213K(4288K), 0.0000070 secs]36.746: [Tenured: 6350K->5373K(9600K), 0.0058250 secs] 10563K->5373K(13888K), [Perm : 5105K->5105K(21248K)], 0.0058720 secs] [Times: user=0.01 sys=0.00, real=0.00 secs] 
36.752: Total time for which application threads were stopped: 0.0690890 seconds, Stopping threads took: 0.0631250 seconds
36.753: Application time: 0.0008670 seconds
36.823: [GC36.823: [DefNew: 3825K->391K(4288K), 0.0008240 secs] 9198K->7913K(13888K), 0.0008520 secs] [Times: user=0.00 sys=0.00, real=0.00 secs] 
36.824: Total time for which application threads were stopped: 0.0707850 seconds, Stopping threads took: 0.0698610 seconds
36.824: Application time: 0.0004440 seconds
36.859: [GC36.859: [DefNew: 4217K->4217K(4288K), 0.0000090 secs]36.859: [Tenured: 7521K->4396K(9600K), 0.0061440 secs] 11739K->4396K(13888K), [Perm : 5105K->5105K(21248K)], 0.0061980 secs] [Times: user=0.01 sys=0.00, real=0.01 secs] 
36.865: Total time for which application threads were stopped: 0.0407330 seconds, Stopping threads took: 0.0344540 seconds
36.866: Application time: 0.0004740 seconds
36.899: [GC36.899: [DefNew: 3625K->391K(4288K), 0.0008300 secs] 8022K->7425K(13888K), 0.0008520 secs] [Times: user=0.00 sys=0.00, real=0.00 secs] 
36.900: Total time for which application threads were stopped: 0.0338730 seconds, Stopping threads took: 0.0329490 seconds
36.900: Application time: 0.0008340 seconds
36.971: [GC36.971: [DefNew: 4216K->4216K(4288K), 0.0000080 secs]36.971: [Tenured: 7033K->3616K(9600K), 0.0053690 secs] 11250K->3616K(13888K), [Perm : 5105K->5105K(21248K)], 0.0054210 secs] [Times: user=0.01 sys=0.00, real=0.01 secs] 
36.976: Total time for which application threads were stopped: 0.0756460 seconds, Stopping threads took: 0.0701700 seconds
36.977: Application time: 0.0005480 seconds
37.013: [GC37.013: [DefNew: 3727K->392K(4288K), 0.0008930 secs] 7344K->7133K(13888K), 0.0009140 secs] [Times: user=0.00 sys=0.00, real=0.00 secs] 
37.013: Total time for which application threads were stopped: 0.0368930 seconds, Stopping threads took: 0.0359140 seconds
37.014: Application time: 0.0005450 seconds
37.062: [GC37.063: [DefNew: 4213K->4213K(4288K), 0.0000070 secs]37.063: [Tenured: 6741K->5373K(9600K), 0.0058370 secs] 10955K->5373K(13888K), [Perm : 5105K->5105K(21248K)], 0.0058810 secs] [Times: user=0.01 sys=0.00, real=0.01 secs] 
37.068: Total time for which application threads were stopped: 0.0544140 seconds, Stopping threads took: 0.0484570 seconds
37.069: Application time: 0.0008640 seconds
37.139: [GC37.139: [DefNew: 3825K->391K(4288K), 0.0008280 secs] 9198K->7913K(13888K), 0.0008560 secs] [Times: user=0.00 sys=0.00, real=0.00 secs] 
37.140: Total time for which application threads were stopped: 0.0709580 seconds, Stopping threads took: 0.0700300 seconds
37.141: Application time: 0.0004190 seconds
37.175: [GC37.175: [DefNew: 4217K->4217K(4288K), 0.0000070 secs]37.175: [Tenured: 7521K->4396K(9600K), 0.0056580 secs] 11739K->4396K(13888K), [Perm : 5105K->5105K(21248K)], 0.0057060 secs] [Times: user=0.00 sys=0.00, real=0.00 secs] 
37.180: Total time for which application threads were stopped: 0.0396310 seconds, Stopping threads took: 0.0338480 seconds
37.181: Application time: 0.0005120 seconds
37.214: [GC37.214: [DefNew: 3803K->420K(4288K), 0.0008960 secs] 8200K->7844K(13888K), 0.0009270 secs] [Times: user=0.00 sys=0.00, real=0.00 secs] 
37.215: Total time for which application threads were stopped: 0.0339340 seconds, Stopping threads took: 0.0329380 seconds
37.287: Application time: 0.0722950 seconds
37.288: [GC37.288: [DefNew: 4245K->4245K(4288K), 0.0000090 secs]37.288: [Tenured: 7424K->2472K(9600K), 0.0051350 secs] 11669K->2472K(13888K), [Perm : 5105K->5105K(21248K)], 0.0051900 secs] [Times: user=0.01 sys=0.00, real=0.01 secs] 
37.293: Total time for which application threads were stopped: 0.0063120 seconds, Stopping threads took: 0.0010640 seconds
37.294: Application time: 0.0005570 seconds
37.294: [GC37.294: [DefNew: 3723K->391K(4288K), 0.0008670 secs] 6196K->6185K(13888K), 0.0008830 secs] [Times: user=0.00 sys=0.00, real=0.00 secs] 
37.295: Total time for which application threads were stopped: 0.0014390 seconds, Stopping threads took: 0.0004960 seconds
37.297: Application time: 0.0012050 seconds
37.366: [GC37.367: [DefNew: 4216K->4216K(4288K), 0.0000080 secs]37.367: [Tenured: 5793K->3548K(9600K), 0.0060750 secs] 10010K->3548K(13888K), [Perm : 5105K->5105K(21248K)], 0.0061190 secs] [Times: user=0.00 sys=0.00, real=0.01 secs] 
37.373: Total time for which application threads were stopped: 0.0760970 seconds, Stopping threads took: 0.0699010 seconds
37.374: Application time: 0.0008890 seconds
37.420: [GC37.420: [DefNew: 3786K->441K(4288K), 0.0009750 secs] 7335K->7122K(13888K), 0.0010010 secs] [Times: user=0.00 sys=0.00, real=0.00 secs] 
37.422: Total time for which application threads were stopped: 0.0479650 seconds, Stopping threads took: 0.0468870 seconds
37.422: Application time: 0.0003940 seconds
37.486: [GC37.486: [DefNew: 4168K->4168K(4288K), 0.0000070 secs]37.486: [Tenured: 6681K->4201K(9600K), 0.0056030 secs] 10850K->4201K(13888K), [Perm : 5105K->5105K(21248K)], 0.0056500 secs] [Times: user=0.00 sys=0.00, real=0.00 secs] 
37.492: Total time for which application threads were stopped: 0.0700210 seconds, Stopping threads took: 0.0642950 seconds
37.492: Application time: 0.0005280 seconds
37.526: [GC37.526: [DefNew: 3823K->391K(4288K), 0.0009170 secs] 8025K->7621K(13888K), 0.0009420 secs] [Times: user=0.00 sys=0.00, real=0.00 secs] 
37.527: Total time for which application threads were stopped: 0.0341540 seconds, Stopping threads took: 0.0331420 seconds
37.527: Application time: 0.0008460 seconds
37.598: [GC37.598: [DefNew: 4119K->4119K(4288K), 0.0000080 secs]37.598: [Tenured: 7229K->3518K(9600K), 0.0060880 secs] 11348K->3518K(13888K), [Perm : 5105K->5105K(21248K)], 0.0061350 secs] [Times: user=0.00 sys=0.00, real=0.00 secs] 
37.604: Total time for which application threads were stopped: 0.0762460 seconds, Stopping threads took: 0.0700350 seconds
37.604: Application time: 0.0006280 seconds
37.638: [GC37.638: [DefNew: 3833K->400K(4288K), 0.0008850 secs] 7351K->7044K(13888K), 0.0009090 secs] [Times: user=0.00 sys=0.00, real=0.00 secs] 
37.639: Total time for which application threads were stopped: 0.0346730 seconds, Stopping threads took: 0.0337080 seconds
37.639: Application time: 0.0004300 seconds
37.703: [GC37.703: [DefNew: 4196K->4196K(4288K), 0.0000080 secs]37.703: [Tenured: 6643K->5695K(9600K), 0.0063970 secs] 10839K->5695K(13888K), [Perm : 5105K->5105K(21248K)], 0.0064420 secs] [Times: user=0.01 sys=0.00, real=0.01 secs] 
37.709: Total time for which application threads were stopped: 0.0695490 seconds, Stopping threads took: 0.0630540 seconds
37.710: Application time: 0.0010220 seconds
37.778: [GC37.778: [DefNew: 3806K->420K(4288K), 0.0007790 secs] 9501K->8069K(13888K), 0.0008090 secs] [Times: user=0.00 sys=0.00, real=0.00 secs] 
37.779: Total time for which application threads were stopped: 0.0690840 seconds, Stopping threads took: 0.0682020 seconds
37.780: Application time: 0.0004760 seconds
37.813: [GC37.813: [DefNew: 4148K->4148K(4288K), 0.0000070 secs]37.813: [Tenured: 7648K->5625K(9600K), 0.0058620 secs] 11796K->5625K(13888K), [Perm : 5105K->5105K(21248K)], 0.0059170 secs] [Times: user=0.01 sys=0.00, real=0.00 secs] 
37.819: Total time for which application threads were stopped: 0.0395170 seconds, Stopping threads took: 0.0335230 seconds
37.820: Application time: 0.0006840 seconds
37.868: [GC37.868: [DefNew: 3823K->391K(4288K), 0.0010360 secs] 9449K->8849K(13888K), 0.0010680 secs] [Times: user=0.00 sys=0.00, real=0.00 secs] 
37.869: Total time for which application threads were stopped: 0.0488340 seconds, Stopping threads took: 0.0476890 seconds
37.941: Application time: 0.0723210 seconds
37.942: [GC37.942: [DefNew: 4216K->4216K(4288K), 0.0000090 secs]37.942: [Tenured: 8458K->2053K(9600K), 0.0058290 secs] 12675K->2053K(13888K), [Perm : 5105K->5105K(21248K)], 0.0058810 secs] [Times: user=0.01 sys=0.00, real=0.01 secs] 
37.948: Total time for which application threads were stopped: 0.0066160 seconds, Stopping threads took: 0.0006490 seconds
37.948: Application time: 0.0006260 seconds
37.949: [GC37.949: [DefNew: 3725K->391K(4288K), 0.0008630 secs] 5779K->5765K(13888K), 0.0008810 secs] [Times: user=0.01 sys=0.00, real=0.00 secs] 
37.950: Total time for which application threads were stopped: 0.0013310 seconds, Stopping threads took: 0.0003900 seconds
37.950: Application time: 0.0007690 seconds
38.020: [GC38.020: [DefNew: 4216K->391K(4288K), 0.0006870 secs] 9590K->7524K(13888K), 0.0007120 secs] [Times: user=0.00 sys=0.00, real=0.00 secs] 
38.021: Total time for which application threads were stopped: 0.0707070 seconds, Stopping threads took: 0.0699520 seconds
38.022: Application time: 0.0005420 seconds
38.055: [GC38.055: [DefNew: 4216K->4216K(4288K), 0.0000070 secs]38.055: [Tenured: 7133K->4787K(9600K), 0.0055320 secs] 11349K->4787K(13888K), [Perm : 5105K->5105K(21248K)], 0.0055760 secs] [Times: user=0.00 sys=0.00, real=0.00 secs] 
38.060: Total time for which application threads were stopped: 0.0386900 seconds, Stopping threads took: 0.0330510 seconds
38.061: Application time: 0.0008360 seconds
38.132: [GC38.132: [DefNew: 3708K->420K(4288K), 0.0006200 secs] 8495K->6575K(13888K), 0.0006480 secs] [Times: user=0.00 sys=0.00, real=0.01 secs] 
38.132: Total time for which application threads were stopped: 0.0713420 seconds, Stopping threads took: 0.0706230 seconds
38.133: Application time: 0.0003100 seconds
38.133: [GC38.133: [DefNew: 4148K->4148K(4288K), 0.0000060 secs]38.133: [Tenured: 6155K->6769K(9600K), 0.0061580 secs] 10303K->6769K(13888K), [Perm : 5105K->5105K(21248K)], 0.0062040 secs] [Times: user=0.01 sys=0.00, real=0.00 secs] 
38.139: Total time for which application threads were stopped: 0.0064910 seconds, Stopping threads took: 0.0002330 seconds
38.211: Application time: 0.0722420 seconds
38.213: [GC38.213: [DefNew: 3727K->3727K(4288K), 0.0000080 secs]38.213: [Tenured: 6769K->1886K(9600K), 0.0050960 secs] 10496K->1886K(13888K), [Perm : 5105K->5105K(21248K)], 0.0051470 secs] [Times: user=0.01 sys=0.00, real=0.00 secs] 
38.218: Total time for which application threads were stopped: 0.0067220 seconds, Stopping threads took: 0.0014980 seconds
38.219: Application time: 0.0005750 seconds
38.219: [GC38.219: [DefNew: 3773K->440K(4288K), 0.0008630 secs] 5660K->5647K(13888K), 0.0008820 secs] [Times: user=0.00 sys=0.00, real=0.00 secs] 
38.220: Total time for which application threads were stopped: 0.0012990 seconds, Stopping threads took: 0.0003540 seconds
38.221: Application time: 0.0005980 seconds
38.285: [GC38.285: [DefNew: 4196K->419K(4288K), 0.0009470 secs] 9403K->8362K(13888K), 0.0009720 secs] [Times: user=0.00 sys=0.00, real=0.00 secs] 
38.286: Total time for which application threads were stopped: 0.0654560 seconds, Stopping threads took: 0.0644170 seconds
38.287: Application time: 0.0008740 seconds
38.352: [GC38.352: [DefNew: 4147K->4147K(4288K), 0.0000080 secs]38.352: [Tenured: 7942K->4397K(9600K), 0.0056230 secs] 12090K->4397K(13888K), [Perm : 5105K->5105K(21248K)], 0.0056710 secs] [Times: user=0.01 sys=0.00, real=0.00 secs] 
38.358: Total time for which application threads were stopped: 0.0710720 seconds, Stopping threads took: 0.0653450 seconds
38.359: Application time: 0.0004820 seconds
38.427: [GC38.427: [DefNew: 3532K->392K(4288K), 0.0007070 secs] 7929K->6742K(13888K), 0.0007410 secs] [Times: user=0.00 sys=0.00, real=0.00 secs] 
38.427: Total time for which application threads were stopped: 0.0689010 seconds, Stopping threads took: 0.0680920 seconds
38.428: Application time: 0.0003390 seconds
38.461: [GC38.461: [DefNew: 4115K->4115K(4288K), 0.0000060 secs]38.461: [Tenured: 6350K->5178K(9600K), 0.0060750 secs] 10466K->5178K(13888K), [Perm : 5105K->5105K(21248K)], 0.0061210 secs] [Times: user=0.01 sys=0.00, real=0.01 secs] 
38.467: Total time for which application threads were stopped: 0.0392050 seconds, Stopping threads took: 0.0330010 seconds
38.468: Application time: 0.0007730 seconds
38.501: [GC38.501: [DefNew: 3801K->419K(4288K), 0.0008600 secs] 8980K->8332K(13888K), 0.0008810 secs] [Times: user=0.00 sys=0.00, real=0.00 secs] 
38.502: Total time for which application threads were stopped: 0.0343450 seconds, Stopping threads took: 0.0334210 seconds
38.574: Application time: 0.0720870 seconds
38.575: [GC38.575: [DefNew: 3952K->3952K(4288K), 0.0000090 secs]38.575: [Tenured: 7913K->1691K(9600K), 0.0057390 secs] 11865K->1691K(13888K), [Perm : 5105K->5105K(21248K)], 0.0057910 secs] [Times: user=0.01 sys=0.00, real=0.00 secs] 
38.581: Total time for which application threads were stopped: 0.0070580 seconds, Stopping threads took: 0.0011900 seconds
38.582: Application time: 0.0006060 seconds
38.582: [GC38.582: [DefNew: 3725K->392K(4288K), 0.0008280 secs] 5417K->5404K(13888K), 0.0008460 secs] [Times: user=0.01 sys=0.00, real=0.00 secs] 
38.583: Total time for which application threads were stopped: 0.0012190 seconds, Stopping threads took: 0.0003250 seconds
38.584: Application time: 0.0005630 seconds
38.630: [GC38.630: [DefNew: 4217K->391K(4288K), 0.0008660 secs] 9229K->8139K(13888K), 0.0008880 secs] [Times: user=0.00 sys=0.00, real=0.00 secs] 
38.631: Total time for which application threads were stopped: 0.0468300 seconds, Stopping threads took: 0.0458780 seconds
38.631: Application time: 0.0009150 seconds
38.701: [GC38.701: [DefNew: 4216K->4216K(4288K), 0.0000090 secs]38.701: [Tenured: 7748K->4818K(9600K), 0.0062280 secs] 11964K->4818K(13888K), [Perm : 5105K->5105K(21248K)], 0.0062810 secs] [Times: user=0.00 sys=0.00, real=0.01 secs] 
38.708: Total time for which application threads were stopped: 0.0763480 seconds, Stopping threads took: 0.0699890 seconds
38.708: Application time: 0.0005530 seconds
38.743: [GC38.743: [DefNew: 3630K->392K(4288K), 0.0009790 secs] 8448K->8335K(13888K), 0.0010080 secs] [Times: user=0.01 sys=0.00, real=0.00 secs] 
38.744: Total time for which application threads were stopped: 0.0352270 seconds, Stopping threads took: 0.0341500 seconds
38.744: Application time: 0.0004160 seconds
38.814: [GC38.814: [DefNew: 4217K->4217K(4288K), 0.0000070 secs]38.814: [Tenured: 7943K->4299K(9600K), 0.0059910 secs] 12161K->4299K(13888K), [Perm : 5105K->5105K(21248K)], 0.0060540 secs] [Times: user=0.00 sys=0.00, real=0.00 secs] 
38.820: Total time for which application threads were stopped: 0.0763710 seconds, Stopping threads took: 0.0702410 seconds
38.821: Application time: 0.0006080 seconds
38.854: [GC38.854: [DefNew: 3821K->391K(4288K), 0.0011960 secs] 8121K->8109K(13888K), 0.0012270 secs] [Times: user=0.00 sys=0.00, real=0.00 secs] 
38.855: Total time for which application threads were stopped: 0.0344030 seconds, Stopping threads took: 0.0331010 seconds
38.927: Application time: 0.0715840 seconds
38.930: [GC38.930: [DefNew: 4216K->4216K(4288K), 0.0000090 secs]38.931: [Tenured: 7718K->2249K(9600K), 0.0050730 secs] 11935K->2249K(13888K), [Perm : 5105K->5105K(21248K)], 0.0051270 secs] [Times: user=0.01 sys=0.00, real=0.01 secs] 
38.936: Total time for which application threads were stopped: 0.0086770 seconds, Stopping threads took: 0.0034700 seconds
38.936: Application time: 0.0006020 seconds
38.969: [GC38.970: [DefNew: 3678K->440K(4288K), 0.0008240 secs] 5927K->5619K(13888K), 0.0008440 secs] [Times: user=0.00 sys=0.00, real=0.00 secs] 
38.970: Total time for which application threads were stopped: 0.0341330 seconds, Stopping threads took: 0.0332130 seconds
38.971: Application time: 0.0003030 seconds
39.034: [GC39.034: [DefNew: 4196K->419K(4288K), 0.0008040 secs] 9375K->7748K(13888K), 0.0008300 secs] [Times: user=0.00 sys=0.00, real=0.00 secs] 
39.035: Total time for which application threads were stopped: 0.0645300 seconds, Stopping threads took: 0.0636310 seconds
39.036: Application time: 0.0004320 seconds
39.070: [GC39.070: [DefNew: 4147K->4147K(4288K), 0.0000050 secs]39.070: [Tenured: 7328K->5793K(9600K), 0.0064350 secs] 11476K->5793K(13888K), [Perm : 5105K->5105K(21248K)], 0.0064740 secs] [Times: user=0.01 sys=0.00, real=0.01 secs] 
39.077: Total time for which application threads were stopped: 0.0410110 seconds, Stopping threads took: 0.0344670 seconds
39.078: Application time: 0.0009940 seconds
39.148: [GC39.148: [DefNew: 3825K->3825K(4288K), 0.0000100 secs]39.148: [Tenured: 5793K->3156K(9600K), 0.0060410 secs] 9618K->3156K(13888K), [Perm : 5105K->5105K(21248K)], 0.0060930 secs] [Times: user=0.00 sys=0.00, real=0.01 secs] 
39.154: Total time for which application threads were stopped: 0.0763690 seconds, Stopping threads took: 0.0701980 seconds
39.155: Application time: 0.0006460 seconds
39.188: [GC39.188: [DefNew: 3825K->392K(4288K), 0.0009490 secs] 6981K->6673K(13888K), 0.0009730 secs] [Times: user=0.00 sys=0.00, real=0.00 secs] 
39.189: Total time for which application threads were stopped: 0.0343280 seconds, Stopping threads took: 0.0333090 seconds
39.189: Application time: 0.0003760 seconds
39.254: [GC39.254: [DefNew: 4119K->4119K(4288K), 0.0000080 secs]39.254: [Tenured: 6281K->4202K(9600K), 0.0060790 secs] 10401K->4202K(13888K), [Perm : 5105K->5105K(21248K)], 0.0061290 secs] [Times: user=0.00 sys=0.00, real=0.00 secs] 
39.260: Total time for which application threads were stopped: 0.0708440 seconds, Stopping threads took: 0.0646380 seconds
39.261: Application time: 0.0006100 seconds
39.295: [GC39.295: [DefNew: 3706K->420K(4288K), 0.0008600 secs] 7908K->7454K(13888K), 0.0008820 secs] [Times: user=0.00 sys=0.00, real=0.00 secs] 
39.295: Total time for which application threads were stopped: 0.0345930 seconds, Stopping threads took: 0.0336470 seconds
39.296: Application time: 0.0009680 seconds
39.366: [GC39.366: [DefNew: 4030K->4030K(4288K), 0.0000080 secs]39.366: [Tenured: 7034K->2794K(9600K), 0.0054840 secs] 11065K->2794K(13888K), [Perm : 5105K->5105K(21248K)], 0.0055330 secs] [Times: user=0.00 sys=0.00, real=0.00 secs] 
39.372: Total time for which application threads were stopped: 0.0755740 seconds, Stopping threads took: 0.0699640 seconds
39.373: Application time: 0.0005510 seconds
39.406: [GC39.406: [DefNew: 3727K->392K(4288K), 0.0009180 secs] 6522K->6507K(13888K), 0.0009430 secs] [Times: user=0.00 sys=0.00, real=0.00 secs] 
39.407: Total time for which application threads were stopped: 0.0346060 seconds, Stopping threads took: 0.0336180 seconds
39.408: Application time: 0.0010600 seconds
39.477: [GC39.477: [DefNew: 4215K->4215K(4288K), 0.0000070 secs]39.477: [Tenured: 6114K->3868K(9600K), 0.0054660 secs] 10330K->3868K(13888K), [Perm : 5105K->5105K(21248K)], 0.0055150 secs] [Times: user=0.01 sys=0.00, real=0.00 secs] 
39.483: Total time for which application threads were stopped: 0.0745770 seconds, Stopping threads took: 0.0690010 seconds
39.483: Application time: 0.0004950 seconds
39.529: [GC39.529: [DefNew: 3483K->392K(4288K), 0.0007580 secs] 7351K->6604K(13888K), 0.0007790 secs] [Times: user=0.00 sys=0.00, real=0.00 secs] 
39.530: Total time for which application threads were stopped: 0.0470020 seconds, Stopping threads took: 0.0461590 seconds
39.531: Application time: 0.0004320 seconds
39.564: [GC39.564: [DefNew: 4145K->4145K(4288K), 0.0000060 secs]39.564: [Tenured: 6212K->6729K(9600K), 0.0061010 secs] 10358K->6729K(13888K), [Perm : 5106K->5106K(21248K)], 0.0061480 secs] [Times: user=0.01 sys=0.00, real=0.01 secs] 
39.570: Total time for which application threads were stopped: 0.0394080 seconds, Stopping threads took: 0.0332070 seconds
39.641: Application time: 0.0713430 seconds
39.644: [GC39.644: [DefNew: 3629K->3629K(4288K), 0.0000100 secs]39.644: [Tenured: 6729K->1663K(9600K), 0.0056350 secs] 10358K->1663K(13888K), [Perm : 5106K->5106K(21248K)], 0.0056970 secs] [Times: user=0.00 sys=0.00, real=0.01 secs] 
39.650: Total time for which application threads were stopped: 0.0081620 seconds, Stopping threads took: 0.0023880 seconds
39.650: Application time: 0.0006940 seconds
39.651: [GC39.651: [DefNew: 3725K->392K(4288K), 0.0008770 secs] 5389K->5376K(13888K), 0.0008920 secs] [Times: user=0.00 sys=0.00, real=0.00 secs] 
39.652: Total time for which application threads were stopped: 0.0013190 seconds, Stopping threads took: 0.0003670 seconds
39.652: Application time: 0.0004480 seconds
39.717: [GC39.717: [DefNew: 4196K->419K(4288K), 0.0007750 secs] 9180K->7553K(13888K), 0.0007980 secs] [Times: user=0.00 sys=0.00, real=0.00 secs] 
39.718: Total time for which application threads were stopped: 0.0655820 seconds, Stopping threads took: 0.0647200 seconds
39.718: Application time: 0.0003980 seconds
39.780: [GC39.780: [DefNew: 3952K->3952K(4288K), 0.0000080 secs]39.780: [Tenured: 7134K->4036K(9600K), 0.0061860 secs] 11086K->4036K(13888K), [Perm : 5106K->5106K(21248K)], 0.0062340 secs] [Times: user=0.00 sys=0.00, real=0.01 secs] 
39.786: Total time for which application threads were stopped: 0.0681870 seconds, Stopping threads took: 0.0618790 seconds
39.787: Application time: 0.0004590 seconds
39.787: [GC39.787: [DefNew: 3723K->391K(4288K), 0.0008730 secs] 7760K->7748K(13888K), 0.0008910 secs] [Times: user=0.00 sys=0.00, real=0.00 secs] 
39.788: Total time for which application threads were stopped: 0.0014200 seconds, Stopping threads took: 0.0004670 seconds
39.861: Application time: 0.0726550 seconds
39.899: [GC39.899: [DefNew: 4216K->4216K(4288K), 0.0000090 secs]39.899: [Tenured: 7356K->1888K(9600K), 0.0051090 secs] 11573K->1888K(13888K), [Perm : 5106K->5106K(21248K)], 0.0051640 secs] [Times: user=0.01 sys=0.00, real=0.00 secs] 
39.904: Total time for which application threads were stopped: 0.0429920 seconds, Stopping threads took: 0.0377500 seconds
39.904: Application time: 0.0005810 seconds
39.905: [GC39.905: [DefNew: 3725K->391K(4288K), 0.0008160 secs] 5614K->5601K(13888K), 0.0008350 secs] [Times: user=0.01 sys=0.00, real=0.00 secs] 
39.906: Total time for which application threads were stopped: 0.0012510 seconds, Stopping threads took: 0.0003780 seconds
39.907: Application time: 0.0017180 seconds
39.977: [GC39.977: [DefNew: 4115K->391K(4288K), 0.0005070 secs] 9324K->6676K(13888K), 0.0005300 secs] [Times: user=0.00 sys=0.00, real=0.00 secs] 
39.977: Total time for which application threads were stopped: 0.0697860 seconds, Stopping threads took: 0.0691910 seconds
39.977: Application time: 0.0003570 seconds
40.034: [GC40.034: [DefNew: 4119K->4119K(4288K), 0.0000070 secs]40.034: [Tenured: 6285K->4428K(9600K), 0.0059050 secs] 10404K->4428K(13888K), [Perm : 5106K->5106K(21248K)], 0.0059530 secs] [Times: user=0.00 sys=0.00, real=0.00 secs] 
40.040: Total time for which application threads were stopped: 0.0624240 seconds, Stopping threads took: 0.0563860 seconds
40.040: Application time: 0.0005450 seconds
40.041: [GC40.041: [DefNew: 3803K->420K(4288K), 0.0008740 secs] 8232K->8168K(13888K), 0.0008960 secs] [Times: user=0.00 sys=0.00, real=0.00 secs] 
40.042: Total time for which application threads were stopped: 0.0013330 seconds, Stopping threads took: 0.0003830 seconds
40.114: Application time: 0.0722850 seconds
40.117: [GC40.117: [DefNew: 4147K->4147K(4288K), 0.0000090 secs]40.117: [Tenured: 7748K->3225K(9600K), 0.0053920 secs] 11896K->3225K(13888K), [Perm : 5106K->5106K(21248K)], 0.0054460 secs] [Times: user=0.01 sys=0.00, real=0.00 secs] 
40.122: Total time for which application threads were stopped: 0.0083680 seconds, Stopping threads took: 0.0028420 seconds
40.123: Application time: 0.0006210 seconds
40.157: [GC40.157: [DefNew: 3727K->391K(4288K), 0.0007840 secs] 6953K->6352K(13888K), 0.0008040 secs] [Times: user=0.00 sys=0.00, real=0.00 secs] 
40.158: Total time for which application threads were stopped: 0.0350430 seconds, Stopping threads took: 0.0341660 seconds
40.158: Application time: 0.0003200 seconds
40.225: [GC40.225: [DefNew: 4119K->4119K(4288K), 0.0000070 secs]40.225: [Tenured: 5960K->4202K(9600K), 0.0055130 secs] 10079K->4202K(13888K), [Perm : 5106K->5106K(21248K)], 0.0055620 secs] [Times: user=0.00 sys=0.01, real=0.00 secs] 
40.230: Total time for which application threads were stopped: 0.0717330 seconds, Stopping threads took: 0.0660950 seconds
40.231: Application time: 0.0004810 seconds
40.265: [GC40.265: [DefNew: 3727K->391K(4288K), 0.0008880 secs] 7930K->7524K(13888K), 0.0009140 secs] [Times: user=0.00 sys=0.00, real=0.00 secs] 
40.266: Total time for which application threads were stopped: 0.0348770 seconds, Stopping threads took: 0.0339140 seconds
40.266: Application time: 0.0008910 seconds
40.336: [GC40.336: [DefNew: 3904K->3904K(4288K), 0.0000070 secs]40.336: [Tenured: 7132K->2766K(9600K), 0.0052680 secs] 11037K->2766K(13888K), [Perm : 5106K->5106K(21248K)], 0.0053180 secs] [Times: user=0.00 sys=0.00, real=0.00 secs] 
40.342: Total time for which application threads were stopped: 0.0753010 seconds, Stopping threads took: 0.0699270 seconds
40.342: Application time: 0.0005210 seconds
40.375: [GC40.375: [DefNew: 3806K->420K(4288K), 0.0009180 secs] 6572K->6507K(13888K), 0.0009370 secs] [Times: user=0.00 sys=0.00, real=0.00 secs] 
40.376: Total time for which application threads were stopped: 0.0337040 seconds, Stopping threads took: 0.0327250 seconds
40.377: Application time: 0.0006510 seconds
40.439: [GC40.439: [DefNew: 4243K->4243K(4288K), 0.0000070 secs]40.439: [Tenured: 6087K->4943K(9600K), 0.0057260 secs] 10330K->4943K(13888K), [Perm : 5106K->5106K(21248K)], 0.0057720 secs] [Times: user=0.01 sys=0.00, real=0.01 secs] 
40.445: Total time for which application threads were stopped: 0.0682200 seconds, Stopping threads took: 0.0623920 seconds
40.446: Application time: 0.0008470 seconds
40.516: [GC40.516: [DefNew: 3825K->392K(4288K), 0.0009760 secs] 8768K->8070K(13888K), 0.0010070 secs] [Times: user=0.00 sys=0.00, real=0.00 secs] 
40.517: Total time for which application threads were stopped: 0.0708380 seconds, Stopping threads took: 0.0697580 seconds
40.517: Application time: 0.0004210 seconds
40.573: [GC40.573: [DefNew: 3924K->3924K(4288K), 0.0000070 secs]40.573: [Tenured: 7677K->3616K(9600K), 0.0055900 secs] 11602K->3616K(13888K), [Perm : 5106K->5106K(21248K)], 0.0056360 secs] [Times: user=0.01 sys=0.00, real=0.00 secs] 
40.579: Total time for which application threads were stopped: 0.0621680 seconds, Stopping threads took: 0.0564490 seconds
40.580: Application time: 0.0004780 seconds
40.613: [GC40.613: [DefNew: 3723K->391K(4288K), 0.0008620 secs] 7340K->7036K(13888K), 0.0008840 secs] [Times: user=0.00 sys=0.00, real=0.00 secs] 
40.614: Total time for which application threads were stopped: 0.0345170 seconds, Stopping threads took: 0.0335680 seconds
40.687: Application time: 0.0728910 seconds
40.689: [GC40.689: [DefNew: 4216K->4216K(4288K), 0.0000080 secs]40.689: [Tenured: 6644K->1469K(9600K), 0.0057030 secs] 10861K->1469K(13888K), [Perm : 5106K->5106K(21248K)], 0.0057520 secs] [Times: user=0.01 sys=0.00, real=0.01 secs] 
40.695: Total time for which application threads were stopped: 0.0079550 seconds, Stopping threads took: 0.0021260 seconds
40.696: Application time: 0.0005560 seconds
40.696: [GC40.696: [DefNew: 3727K->392K(4288K), 0.0009010 secs] 5197K->5182K(13888K), 0.0009220 secs] [Times: user=0.00 sys=0.00, real=0.00 secs] 
40.697: Total time for which application threads were stopped: 0.0012480 seconds, Stopping threads took: 0.0002600 seconds
40.698: Application time: 0.0008680 seconds
40.744: [GC40.744: [DefNew: 4215K->391K(4288K), 0.0007800 secs] 9005K->7526K(13888K), 0.0008020 secs] [Times: user=0.00 sys=0.00, real=0.01 secs] 
40.745: Total time for which application threads were stopped: 0.0471780 seconds, Stopping threads took: 0.0463330 seconds
40.746: Application time: 0.0008360 seconds
40.814: [GC40.814: [DefNew: 4216K->4216K(4288K), 0.0000160 secs]40.814: [Tenured: 7135K->4202K(9600K), 0.0062210 secs] 11351K->4202K(13888K), [Perm : 5106K->5106K(21248K)], 0.0062760 secs] [Times: user=0.01 sys=0.00, real=0.00 secs] 
40.820: Total time for which application threads were stopped: 0.0747790 seconds, Stopping threads took: 0.0684270 seconds
40.821: Application time: 0.0007080 seconds
40.855: [GC40.855: [DefNew: 3825K->392K(4288K), 0.0011150 secs] 8028K->7720K(13888K), 0.0011460 secs] [Times: user=0.00 sys=0.00, real=0.00 secs] 
40.856: Total time for which application threads were stopped: 0.0352560 seconds, Stopping threads took: 0.0340360 seconds
40.857: Application time: 0.0004980 seconds
40.922: [GC40.922: [DefNew: 4217K->4217K(4288K), 0.0000080 secs]40.922: [Tenured: 7328K->4300K(9600K), 0.0062480 secs] 11545K->4300K(13888K), [Perm : 5106K->5106K(21248K)], 0.0062960 secs] [Times: user=0.01 sys=0.00, real=0.01 secs] 
40.929: Total time for which application threads were stopped: 0.0717410 seconds, Stopping threads took: 0.0653700 seconds
40.929: Application time: 0.0008270 seconds
40.969: [GC40.969: [DefNew: 3773K->342K(4288K), 0.0010050 secs] 8074K->7768K(13888K), 0.0010280 secs] [Times: user=0.01 sys=0.01, real=0.00 secs] 
40.970: Total time for which application threads were stopped: 0.0400980 seconds, Stopping threads took: 0.0390040 seconds
40.978: Application time: 0.0081240 seconds
41.042: [GC41.042: [DefNew: 4098K->4098K(4288K), 0.0000100 secs]41.042: [Tenured: 7425K->2054K(9600K), 0.0058750 secs] 11524K->2054K(13888K), [Perm : 5106K->5106K(21248K)], 0.0059270 secs] [Times: user=0.00 sys=0.00, real=0.01 secs] 
41.048: Total time for which application threads were stopped: 0.0700890 seconds, Stopping threads took: 0.0640840 seconds
41.048: Application time: 0.0005150 seconds
41.082: [GC41.082: [DefNew: 3825K->392K(4288K), 0.0008440 secs] 5880K->5572K(13888K), 0.0008680 secs] [Times: user=0.00 sys=0.00, real=0.00 secs] 
41.083: Total time for which application threads were stopped: 0.0345260 seconds, Stopping threads took: 0.0335840 seconds
41.083: Application time: 0.0004340 seconds
41.129: [GC41.129: [DefNew: 4217K->391K(4288K), 0.0008620 secs] 9397K->8404K(13888K), 0.0008850 secs] [Times: user=0.00 sys=0.00, real=0.00 secs] 
41.130: Total time for which application threads were stopped: 0.0470570 seconds, Stopping threads took: 0.0461300 seconds
41.202: Application time: 0.0720140 seconds
41.204: [GC41.204: [DefNew: 4216K->4216K(4288K), 0.0000090 secs]41.204: [Tenured: 8013K->1664K(9600K), 0.0057650 secs] 12230K->1664K(13888K), [Perm : 5106K->5106K(21248K)], 0.0058140 secs] [Times: user=0.00 sys=0.00, real=0.01 secs] 
41.209: Total time for which application threads were stopped: 0.0070460 seconds, Stopping threads took: 0.0011550 seconds
41.210: Application time: 0.0006340 seconds
41.210: [GC41.210: [DefNew: 3759K->424K(4288K), 0.0009140 secs] 5424K->5410K(13888K), 0.0009310 secs] [Times: user=0.00 sys=0.00, real=0.00 secs] 
41.211: Total time for which application threads were stopped: 0.0013660 seconds, Stopping threads took: 0.0003770 seconds
41.212: Application time: 0.0007310 seconds
41.262: [GC41.262: [DefNew: 4194K->419K(4288K), 0.0009330 secs] 9179K->8238K(13888K), 0.0009550 secs] [Times: user=0.00 sys=0.00, real=0.00 secs] 
41.263: Total time for which application threads were stopped: 0.0504800 seconds, Stopping threads took: 0.0494590 seconds
41.264: Application time: 0.0015470 seconds
41.335: [GC41.335: [DefNew: 4225K->4225K(4288K), 0.0000090 secs]41.335: [Tenured: 7818K->2112K(9600K), 0.0051260 secs] 12044K->2112K(13888K), [Perm : 5106K->5106K(21248K)], 0.0051900 secs] [Times: user=0.01 sys=0.00, real=0.00 secs] 
41.340: Total time for which application threads were stopped: 0.0757820 seconds, Stopping threads took: 0.0705260 seconds
41.341: Application time: 0.0006480 seconds
41.374: [GC41.374: [DefNew: 3662K->425K(4288K), 0.0008040 secs] 5774K->5467K(13584K), 0.0008220 secs] [Times: user=0.00 sys=0.00, real=0.00 secs] 
41.375: Total time for which application threads were stopped: 0.0342590 seconds, Stopping threads took: 0.0333890 seconds
41.375: Application time: 0.0003310 seconds
41.408: [GC41.408: [DefNew: 4096K->419K(4288K), 0.0009210 secs] 9139K->8491K(13584K), 0.0009490 secs] [Times: user=0.00 sys=0.00, real=0.00 secs] 
41.409: Total time for which application threads were stopped: 0.0341340 seconds, Stopping threads took: 0.0331210 seconds
41.481: Application time: 0.0721220 seconds
41.484: [GC41.484: [DefNew: 4244K->4244K(4288K), 0.0000080 secs]41.484: [Tenured: 8071K->1361K(9296K), 0.0057200 secs] 12316K->1361K(13584K), [Perm : 5106K->5106K(21248K)], 0.0057970 secs] [Times: user=0.01 sys=0.00, real=0.01 secs] 
41.490: Total time for which application threads were stopped: 0.0082530 seconds, Stopping threads took: 0.0023800 seconds
41.490: Application time: 0.0005160 seconds
41.490: [GC41.490: [DefNew: 3532K->392K(4032K), 0.0008300 secs] 4893K->4878K(12868K), 0.0008460 secs] [Times: user=0.00 sys=0.00, real=0.00 secs] 
41.491: Total time for which application threads were stopped: 0.0010470 seconds, Stopping threads took: 0.0001440 seconds
41.492: Application time: 0.0008620 seconds
41.540: [GC41.540: [DefNew: 3920K->390K(4032K), 0.0006430 secs] 8406K->7027K(12868K), 0.0006610 secs] [Times: user=0.00 sys=0.00, real=0.00 secs] 
41.540: Total time for which application threads were stopped: 0.0482070 seconds, Stopping threads took: 0.0475100 seconds
41.541: Application time: 0.0007070 seconds
41.611: [GC41.611: [DefNew: 3923K->3923K(4032K), 0.0000090 secs]41.611: [Tenured: 6636K->3226K(8836K), 0.0054690 secs] 10559K->3226K(12868K), [Perm : 5106K->5106K(21248K)], 0.0055200 secs] [Times: user=0.00 sys=0.00, real=0.01 secs] 
41.617: Total time for which application threads were stopped: 0.0758550 seconds, Stopping threads took: 0.0702500 seconds
41.617: Application time: 0.0005230 seconds
41.664: [GC41.664: [DefNew: 3415K->420K(4032K), 0.0008250 secs] 6642K->6381K(12868K), 0.0008500 secs] [Times: user=0.00 sys=0.00, real=0.00 secs] 
41.665: Total time for which application threads were stopped: 0.0477290 seconds, Stopping threads took: 0.0468260 seconds
41.666: Application time: 0.0005600 seconds
41.666: [GC41.666: [DefNew: 3847K->3847K(4032K), 0.0000060 secs]41.666: [Tenured: 5961K->7844K(8836K), 0.0067240 secs] 9808K->7844K(12868K), [Perm : 5106K->5106K(21248K)], 0.0067840 secs] [Times: user=0.01 sys=0.00, real=0.01 secs] 
41.673: Total time for which application threads were stopped: 0.0074930 seconds, Stopping threads took: 0.0006600 seconds
41.745: Application time: 0.0713850 seconds
41.748: [GC41.748: [DefNew: 3825K->3825K(4288K), 0.0000100 secs]41.748: [Tenured: 7844K->3059K(9600K), 0.0053190 secs] 11669K->3059K(13888K), [Perm : 5106K->5106K(21248K)], 0.0053720 secs] [Times: user=0.00 sys=0.00, real=0.01 secs] 
41.753: Total time for which application threads were stopped: 0.0086340 seconds, Stopping threads took: 0.0031820 seconds
41.754: Application time: 0.0005540 seconds
41.800: [GC41.800: [DefNew: 3678K->392K(4288K), 0.0008150 secs] 6737K->6088K(13888K), 0.0008350 secs] [Times: user=0.00 sys=0.00, real=0.00 secs] 
41.801: Total time for which application threads were stopped: 0.0467960 seconds, Stopping threads took: 0.0459000 seconds
41.801: Application time: 0.0004140 seconds
41.848: [GC41.848: [DefNew: 4147K->4147K(4288K), 0.0000090 secs]41.848: [Tenured: 5696K->5042K(9600K), 0.0062270 secs] 9844K->5042K(13888K), [Perm : 5106K->5106K(21248K)], 0.0062820 secs] [Times: user=0.00 sys=0.00, real=0.01 secs] 
41.854: Total time for which application threads were stopped: 0.0529730 seconds, Stopping threads took: 0.0466090 seconds
41.854: Application time: 0.0004890 seconds
41.888: [GC41.888: [DefNew: 3825K->391K(4288K), 0.0009600 secs] 8867K->8461K(13888K), 0.0009840 secs] [Times: user=0.00 sys=0.00, real=0.00 secs] 
41.889: Total time for which application threads were stopped: 0.0342550 seconds, Stopping threads took: 0.0332030 seconds
41.961: Application time: 0.0721260 seconds
41.971: [GC41.971: [DefNew: 4217K->4217K(4288K), 0.0000100 secs]41.971: [Tenured: 8069K->1859K(9600K), 0.0057460 secs] 12286K->1859K(13888K), [Perm : 5106K->5106K(21248K)], 0.0058060 secs] [Times: user=0.01 sys=0.00, real=0.01 secs] 
41.977: Total time for which application threads were stopped: 0.0162310 seconds, Stopping threads took: 0.0103470 seconds
41.978: Application time: 0.0006320 seconds
41.978: [GC41.978: [DefNew: 3725K->392K(4288K), 0.0008760 secs] 5585K->5572K(13888K), 0.0008930 secs] [Times: user=0.00 sys=0.00, real=0.00 secs] 
41.979: Total time for which application threads were stopped: 0.0013550 seconds, Stopping threads took: 0.0004030 seconds
41.980: Application time: 0.0009920 seconds
42.050: [GC42.050: [DefNew: 4115K->293K(4288K), 0.0005830 secs] 9295K->6842K(13888K), 0.0006080 secs] [Times: user=0.00 sys=0.00, real=0.00 secs] 
42.050: Total time for which application threads were stopped: 0.0703960 seconds, Stopping threads took: 0.0697220 seconds
42.051: Application time: 0.0004460 seconds
42.097: [GC42.097: [DefNew: 4021K->4021K(4288K), 0.0000080 secs]42.097: [Tenured: 6548K->4398K(9600K), 0.0063190 secs] 10570K->4398K(13888K), [Perm : 5106K->5106K(21248K)], 0.0063610 secs] [Times: user=0.01 sys=0.00, real=0.00 secs] 
42.104: Total time for which application threads were stopped: 0.0528760 seconds, Stopping threads took: 0.0464420 seconds
42.104: Application time: 0.0005460 seconds
42.137: [GC42.137: [DefNew: 3625K->391K(4288K), 0.0008080 secs] 8024K->7719K(13888K), 0.0008320 secs] [Times: user=0.01 sys=0.00, real=0.00 secs] 
42.138: Total time for which application threads were stopped: 0.0338830 seconds, Stopping threads took: 0.0329870 seconds
42.210: Application time: 0.0720380 seconds
42.212: [GC42.212: [DefNew: 4197K->4197K(4288K), 0.0000090 secs]42.212: [Tenured: 7328K->2084K(9600K), 0.0051590 secs] 11525K->2084K(13888K), [Perm : 5106K->5106K(21248K)], 0.0052110 secs] [Times: user=0.00 sys=0.00, real=0.01 secs] 
42.217: Total time for which application threads were stopped: 0.0071730 seconds, Stopping threads took: 0.0018850 seconds
42.218: Application time: 0.0006050 seconds
42.253: [GC42.253: [DefNew: 3823K->392K(4288K), 0.0008400 secs] 5907K->5601K(13888K), 0.0008590 secs] [Times: user=0.00 sys=0.00, real=0.00 secs] 
42.254: Total time for which application threads were stopped: 0.0354770 seconds, Stopping threads took: 0.0345690 seconds
42.254: Application time: 0.0004960 seconds
42.288: [GC42.288: [DefNew: 4096K->419K(4288K), 0.0008300 secs] 9306K->8267K(13888K), 0.0008510 secs] [Times: user=0.00 sys=0.00, real=0.00 secs] 
42.289: Total time for which application threads were stopped: 0.0344550 seconds, Stopping threads took: 0.0335420 seconds
42.362: Application time: 0.0732760 seconds
42.363: [GC42.363: [DefNew: 4244K->4244K(4288K), 0.0000090 secs]42.363: [Tenured: 7848K->1527K(9600K), 0.0050920 secs] 12093K->1527K(13888K), [Perm : 5106K->5106K(21248K)], 0.0051400 secs] [Times: user=0.00 sys=0.00, real=0.01 secs] 
42.368: Total time for which application threads were stopped: 0.0065130 seconds, Stopping threads took: 0.0012930 seconds
42.369: Application time: 0.0005920 seconds
42.369: [GC42.369: [DefNew: 3727K->392K(4288K), 0.0008670 secs] 5255K->5240K(13888K), 0.0008900 secs] [Times: user=0.01 sys=0.00, real=0.00 secs] 
42.370: Total time for which application threads were stopped: 0.0011800 seconds, Stopping threads took: 0.0002250 seconds
42.371: Application time: 0.0008410 seconds
42.441: [GC42.441: [DefNew: 4213K->293K(4288K), 0.0007350 secs] 9061K->7291K(13888K), 0.0007610 secs] [Times: user=0.00 sys=0.00, real=0.00 secs] 
42.442: Total time for which application threads were stopped: 0.0706070 seconds, Stopping threads took: 0.0697790 seconds
42.442: Application time: 0.0005060 seconds
42.506: [GC42.506: [DefNew: 3923K->3923K(4288K), 0.0000080 secs]42.506: [Tenured: 6998K->4007K(9600K), 0.0055660 secs] 10921K->4007K(13888K), [Perm : 5106K->5106K(21248K)], 0.0056110 secs] [Times: user=0.00 sys=0.00, real=0.00 secs] 
42.512: Total time for which application threads were stopped: 0.0697250 seconds, Stopping threads took: 0.0640490 seconds
42.512: Application time: 0.0005370 seconds
42.545: [GC42.545: [DefNew: 3825K->391K(4288K), 0.0008500 secs] 7833K->7232K(13888K), 0.0008810 secs] [Times: user=0.00 sys=0.00, real=0.00 secs] 
42.546: Total time for which application threads were stopped: 0.0340470 seconds, Stopping threads took: 0.0331000 seconds
42.547: Application time: 0.0010280 seconds
42.613: [GC42.613: [DefNew: 4215K->4215K(4288K), 0.0000080 secs]42.613: [Tenured: 6840K->4106K(9600K), 0.0062150 secs] 11055K->4106K(13888K), [Perm : 5106K->5106K(21248K)], 0.0062650 secs] [Times: user=0.01 sys=0.00, real=0.00 secs] 
42.620: Total time for which application threads were stopped: 0.0722250 seconds, Stopping threads took: 0.0658830 seconds
42.620: Application time: 0.0006370 seconds
42.654: [GC42.654: [DefNew: 3532K->392K(4288K), 0.0008590 secs] 7639K->7233K(13888K), 0.0008790 secs] [Times: user=0.00 sys=0.00, real=0.00 secs] 
42.655: Total time for which application threads were stopped: 0.0344950 seconds, Stopping threads took: 0.0335420 seconds
42.655: Application time: 0.0006360 seconds
42.689: [GC42.689: [DefNew: 4113K->4113K(4288K), 0.0000060 secs]42.689: [Tenured: 6841K->5960K(9600K), 0.0063790 secs] 10955K->5960K(13888K), [Perm : 5106K->5106K(21248K)], 0.0064260 secs] [Times: user=0.00 sys=0.01, real=0.01 secs] 
42.695: Total time for which application threads were stopped: 0.0399750 seconds, Stopping threads took: 0.0334730 seconds
42.696: Application time: 0.0008890 seconds
42.767: [GC42.767: [DefNew: 3825K->3825K(4288K), 0.0000090 secs]42.767: [Tenured: 5960K->3324K(9600K), 0.0071440 secs] 9786K->3324K(13888K), [Perm : 5106K->5106K(21248K)], 0.0071930 secs] [Times: user=0.01 sys=0.00, real=0.01 secs] 
42.774: Total time for which application threads were stopped: 0.0778310 seconds, Stopping threads took: 0.0705580 seconds
42.775: Application time: 0.0010090 seconds
42.809: [GC42.809: [DefNew: 3802K->420K(4288K), 0.0011570 secs] 7126K->6967K(13888K), 0.0011840 secs] [Times: user=0.00 sys=0.00, real=0.00 secs] 
42.810: Total time for which application threads were stopped: 0.0352000 seconds, Stopping threads took: 0.0339390 seconds
42.811: Application time: 0.0009080 seconds
42.881: [GC42.881: [DefNew: 4245K->4245K(4288K), 0.0000100 secs]42.881: [Tenured: 6547K->4398K(9600K), 0.0063720 secs] 10793K->4398K(13888K), [Perm : 5106K->5106K(21248K)], 0.0064250 secs] [Times: user=0.01 sys=0.00, real=0.01 secs] 
42.888: Total time for which application threads were stopped: 0.0763660 seconds, Stopping threads took: 0.0698590 seconds
42.888: Application time: 0.0005700 seconds
42.955: [GC42.955: [DefNew: 3532K->392K(4288K), 0.0007170 secs] 7930K->6743K(13888K), 0.0007440 secs] [Times: user=0.00 sys=0.00, real=0.00 secs] 
42.956: Total time for which application threads were stopped: 0.0680330 seconds, Stopping threads took: 0.0672190 seconds
42.957: Application time: 0.0003490 seconds
42.990: [GC42.990: [DefNew: 4115K->4115K(4288K), 0.0000060 secs]42.990: [Tenured: 6351K->5179K(9600K), 0.0057040 secs] 10467K->5179K(13888K), [Perm : 5106K->5106K(21248K)], 0.0057520 secs] [Times: user=0.00 sys=0.00, real=0.01 secs] 
42.996: Total time for which application threads were stopped: 0.0390460 seconds, Stopping threads took: 0.0332180 seconds
42.996: Application time: 0.0005650 seconds
43.041: [GC43.041: [DefNew: 3823K->391K(4288K), 0.0008330 secs] 9002K->8110K(13888K), 0.0008550 secs] [Times: user=0.00 sys=0.00, real=0.00 secs] 
43.042: Total time for which application threads were stopped: 0.0459100 seconds, Stopping threads took: 0.0449890 seconds
43.043: Application time: 0.0008230 seconds
43.113: [GC43.113: [DefNew: 4216K->4216K(4288K), 0.0000080 secs]43.113: [Tenured: 7718K->4203K(9600K), 0.0063130 secs] 11935K->4203K(13888K), [Perm : 5106K->5106K(21248K)], 0.0063600 secs] [Times: user=0.01 sys=0.00, real=0.00 secs] 
43.119: Total time for which application threads were stopped: 0.0763690 seconds, Stopping threads took: 0.0699320 seconds
43.120: Application time: 0.0008860 seconds
43.168: [GC43.168: [DefNew: 3708K->420K(4288K), 0.0009760 secs] 7911K->7553K(13888K), 0.0010030 secs] [Times: user=0.00 sys=0.00, real=0.00 secs] 
43.169: Total time for which application threads were stopped: 0.0485940 seconds, Stopping threads took: 0.0475040 seconds
43.169: Application time: 0.0003710 seconds
43.233: [GC43.233: [DefNew: 4148K->4148K(4288K), 0.0000060 secs]43.233: [Tenured: 7133K->4036K(9600K), 0.0055000 secs] 11281K->4036K(13888K), [Perm : 5106K->5106K(21248K)], 0.0055450 secs] [Times: user=0.01 sys=0.00, real=0.00 secs] 
43.239: Total time for which application threads were stopped: 0.0697700 seconds, Stopping threads took: 0.0641720 seconds
43.239: Application time: 0.0004910 seconds
43.286: [GC43.286: [DefNew: 3676K->440K(4288K), 0.0009110 secs] 7712K->7406K(13888K), 0.0009340 secs] [Times: user=0.00 sys=0.00, real=0.00 secs] 
43.287: Total time for which application threads were stopped: 0.0471820 seconds, Stopping threads took: 0.0461800 seconds
43.360: Application time: 0.0731050 seconds
43.361: [GC43.361: [DefNew: 4204K->4204K(4288K), 0.0000080 secs]43.361: [Tenured: 6966K->1648K(9600K), 0.0050150 secs] 11170K->1648K(13888K), [Perm : 5106K->5106K(21248K)], 0.0050660 secs] [Times: user=0.00 sys=0.00, real=0.01 secs] 
43.366: Total time for which application threads were stopped: 0.0061700 seconds, Stopping threads took: 0.0010250 seconds
43.367: Application time: 0.0006920 seconds
43.367: [GC43.367: [DefNew: 3767K->432K(4288K), 0.0009330 secs] 5415K->5401K(13888K), 0.0009500 secs] [Times: user=0.00 sys=0.00, real=0.00 secs] 
43.368: Total time for which application threads were stopped: 0.0012180 seconds, Stopping threads took: 0.0002300 seconds
43.369: Application time: 0.0008960 seconds
43.433: [GC43.433: [DefNew: 4084K->419K(4288K), 0.0003750 secs] 9052K->5780K(13888K), 0.0003990 secs] [Times: user=0.00 sys=0.00, real=0.00 secs] 
43.434: Total time for which application threads were stopped: 0.0650640 seconds, Stopping threads took: 0.0646240 seconds
43.434: Application time: 0.0003320 seconds
43.498: [GC43.498: [DefNew: 4047K->391K(4288K), 0.0007600 secs] 9408K->8124K(13888K), 0.0007830 secs] [Times: user=0.01 sys=0.00, real=0.00 secs] 
43.499: Total time for which application threads were stopped: 0.0648130 seconds, Stopping threads took: 0.0639630 seconds
43.499: Application time: 0.0006170 seconds
43.533: [GC43.533: [DefNew: 4091K->4091K(4288K), 0.0000070 secs]43.533: [Tenured: 7733K->6581K(9600K), 0.0066940 secs] 11824K->6581K(13888K), [Perm : 5106K->5106K(21248K)], 0.0067410 secs] [Times: user=0.00 sys=0.00, real=0.00 secs] 
43.540: Total time for which application threads were stopped: 0.0403050 seconds, Stopping threads took: 0.0335090 seconds
43.610: Application time: 0.0702330 seconds
43.628: [GC43.628: [DefNew: 3727K->3727K(4288K), 0.0000090 secs]43.628: [Tenured: 6581K->2089K(9600K), 0.0051080 secs] 10309K->2089K(13888K), [Perm : 5106K->5106K(21248K)], 0.0051670 secs] [Times: user=0.01 sys=0.00, real=0.01 secs] 
43.633: Total time for which application threads were stopped: 0.0230710 seconds, Stopping threads took: 0.0178230 seconds
43.634: Application time: 0.0005220 seconds
43.634: [GC43.634: [DefNew: 3725K->392K(4288K), 0.0008050 secs] 5815K->5802K(13888K), 0.0008240 secs] [Times: user=0.00 sys=0.00, real=0.00 secs] 
43.635: Total time for which application threads were stopped: 0.0011550 seconds, Stopping threads took: 0.0002910 seconds
43.635: Application time: 0.0005070 seconds
43.691: [GC43.691: [DefNew: 4215K->4215K(4288K), 0.0000060 secs]43.691: [Tenured: 5409K->5313K(9600K), 0.0057060 secs] 9625K->5313K(13888K), [Perm : 5106K->5106K(21248K)], 0.0057520 secs] [Times: user=0.01 sys=0.00, real=0.01 secs] 
43.697: Total time for which application threads were stopped: 0.0613520 seconds, Stopping threads took: 0.0555200 seconds
43.697: Application time: 0.0007980 seconds
43.762: [GC43.762: [DefNew: 3825K->391K(4288K), 0.0009780 secs] 9138K->8439K(13888K), 0.0017010 secs] [Times: user=0.00 sys=0.00, real=0.00 secs] 
43.763: Total time for which application threads were stopped: 0.0658560 seconds, Stopping threads took: 0.0640810 seconds
43.764: Application time: 0.0004640 seconds
43.829: [GC43.829: [DefNew: 3924K->3924K(4288K), 0.0000130 secs]43.829: [Tenured: 8047K->3618K(9600K), 0.0060220 secs] 11972K->3618K(13888K), [Perm : 5106K->5106K(21248K)], 0.0060760 secs] [Times: user=0.01 sys=0.00, real=0.01 secs] 
43.835: Total time for which application threads were stopped: 0.0714790 seconds, Stopping threads took: 0.0653280 seconds
43.836: Application time: 0.0004130 seconds
43.836: [GC43.836: [DefNew: 3723K->391K(4288K), 0.0008760 secs] 7341K->7330K(13888K), 0.0008980 secs] [Times: user=0.00 sys=0.00, real=0.00 secs] 
43.837: Total time for which application threads were stopped: 0.0013990 seconds, Stopping threads took: 0.0004360 seconds
43.909: Application time: 0.0715420 seconds
43.918: [GC43.918: [DefNew: 4119K->4119K(4288K), 0.0000090 secs]43.918: [Tenured: 6938K->2446K(9600K), 0.0052570 secs] 11057K->2446K(13888K), [Perm : 5106K->5106K(21248K)], 0.0053130 secs] [Times: user=0.00 sys=0.00, real=0.00 secs] 
43.923: Total time for which application threads were stopped: 0.0142630 seconds, Stopping threads took: 0.0088700 seconds
43.923: Application time: 0.0005680 seconds
43.957: [GC43.957: [DefNew: 3831K->400K(4288K), 0.0008440 secs] 6278K->5972K(13888K), 0.0008640 secs] [Times: user=0.00 sys=0.00, real=0.00 secs] 
43.958: Total time for which application threads were stopped: 0.0341980 seconds, Stopping threads took: 0.0332710 seconds
43.958: Application time: 0.0005330 seconds
43.992: [GC43.992: [DefNew: 4192K->4192K(4288K), 0.0000070 secs]43.992: [Tenured: 5571K->5698K(9600K), 0.0059100 secs] 9764K->5698K(13888K), [Perm : 5106K->5106K(21248K)], 0.0059580 secs] [Times: user=0.00 sys=0.00, real=0.01 secs] 
43.998: Total time for which application threads were stopped: 0.0395930 seconds, Stopping threads took: 0.0335560 seconds
43.999: Application time: 0.0009350 seconds
44.067: [GC44.067: [DefNew: 3806K->420K(4288K), 0.0009360 secs] 9504K->8463K(13888K), 0.0009680 secs] [Times: user=0.00 sys=0.00, real=0.00 secs] 
44.068: Total time for which application threads were stopped: 0.0688400 seconds, Stopping threads took: 0.0677970 seconds
44.068: Application time: 0.0004380 seconds
44.125: [GC44.125: [DefNew: 4050K->4050K(4288K), 0.0000060 secs]44.125: [Tenured: 8042K->4456K(9600K), 0.0056040 secs] 12093K->4456K(13888K), [Perm : 5106K->5106K(21248K)], 0.0056520 secs] [Times: user=0.00 sys=0.00, real=0.00 secs] 
44.130: Total time for which application threads were stopped: 0.0623890 seconds, Stopping threads took: 0.0566620 seconds
44.131: Application time: 0.0004090 seconds
44.164: [GC44.164: [DefNew: 3721K->391K(4288K), 0.0008550 secs] 8177K->7875K(13888K), 0.0008780 secs] [Times: user=0.00 sys=0.00, real=0.00 secs] 
44.165: Total time for which application threads were stopped: 0.0344270 seconds, Stopping threads took: 0.0335000 seconds
44.238: Application time: 0.0726900 seconds
44.239: [GC44.239: [DefNew: 4099K->4099K(4288K), 0.0000090 secs]44.239: [Tenured: 7483K->2055K(9600K), 0.0058640 secs] 11583K->2055K(13888K), [Perm : 5106K->5106K(21248K)], 0.0059140 secs] [Times: user=0.00 sys=0.00, real=0.01 secs] 
44.245: Total time for which application threads were stopped: 0.0067910 seconds, Stopping threads took: 0.0007910 seconds
44.245: Application time: 0.0005710 seconds
44.246: [GC44.246: [DefNew: 3725K->391K(4288K), 0.0008510 secs] 5781K->5767K(13888K), 0.0008730 secs] [Times: user=0.00 sys=0.00, real=0.00 secs] 
44.247: Total time for which application threads were stopped: 0.0013030 seconds, Stopping threads took: 0.0003640 seconds
44.248: Application time: 0.0009360 seconds
44.317: [GC44.317: [DefNew: 4214K->391K(4288K), 0.0006460 secs] 9590K->7331K(13888K), 0.0006710 secs] [Times: user=0.01 sys=0.00, real=0.00 secs] 
44.318: Total time for which application threads were stopped: 0.0705090 seconds, Stopping threads took: 0.0697700 seconds
44.319: Application time: 0.0005480 seconds
44.352: [GC44.352: [DefNew: 4216K->4216K(4288K), 0.0000070 secs]44.352: [Tenured: 6939K->5181K(9600K), 0.0056860 secs] 11156K->5181K(13888K), [Perm : 5106K->5106K(21248K)], 0.0057310 secs] [Times: user=0.01 sys=0.00, real=0.01 secs] 
44.358: Total time for which application threads were stopped: 0.0390960 seconds, Stopping threads took: 0.0332920 seconds
44.358: Application time: 0.0004940 seconds
44.392: [GC44.392: [DefNew: 3727K->391K(4288K), 0.0007990 secs] 8909K->8015K(13888K), 0.0008250 secs] [Times: user=0.00 sys=0.00, real=0.01 secs] 
44.393: Total time for which application threads were stopped: 0.0346660 seconds, Stopping threads took: 0.0337710 seconds
44.394: Application time: 0.0007470 seconds
44.444: [GC44.444: [DefNew: 4217K->4217K(4288K), 0.0000070 secs]44.444: [Tenured: 7623K->7331K(9600K), 0.0067680 secs] 11840K->7331K(13888K), [Perm : 5106K->5106K(21248K)], 0.0068140 secs] [Times: user=0.00 sys=0.00, real=0.01 secs] 
44.451: Total time for which application threads were stopped: 0.0574260 seconds, Stopping threads took: 0.0505360 seconds
44.526: Application time: 0.0746880 seconds
44.532: [GC44.532: [DefNew: 3727K->3727K(4288K), 0.0000090 secs]44.532: [Tenured: 7331K->2447K(9600K), 0.0051060 secs] 11059K->2447K(13888K), [Perm : 5106K->5106K(21248K)], 0.0051580 secs] [Times: user=0.00 sys=0.00, real=0.01 secs] 
44.537: Total time for which application threads were stopped: 0.0111990 seconds, Stopping threads took: 0.0059620 seconds
44.537: Application time: 0.0004620 seconds
44.571: [GC44.571: [DefNew: 3825K->392K(4288K), 0.0008460 secs] 6273K->5965K(13888K), 0.0008670 secs] [Times: user=0.00 sys=0.00, real=0.00 secs] 
44.572: Total time for which application threads were stopped: 0.0343500 seconds, Stopping threads took: 0.0334180 seconds
44.573: Application time: 0.0008910 seconds
44.606: [GC44.606: [DefNew: 4211K->4211K(4288K), 0.0000060 secs]44.606: [Tenured: 5572K->6450K(9600K), 0.0062430 secs] 9784K->6450K(13888K), [Perm : 5106K->5106K(21248K)], 0.0062880 secs] [Times: user=0.00 sys=0.00, real=0.00 secs] 
44.612: Total time for which application threads were stopped: 0.0396410 seconds, Stopping threads took: 0.0332790 seconds
44.684: Application time: 0.0720150 seconds
44.686: [GC44.686: [DefNew: 3825K->3825K(4288K), 0.0000090 secs]44.686: [Tenured: 6450K->1665K(9600K), 0.0056600 secs] 10275K->1665K(13888K), [Perm : 5106K->5106K(21248K)], 0.0057110 secs] [Times: user=0.00 sys=0.00, real=0.00 secs] 
44.691: Total time for which application threads were stopped: 0.0072190 seconds, Stopping threads took: 0.0014300 seconds
44.692: Application time: 0.0006120 seconds
44.693: [GC44.693: [DefNew: 3725K->392K(4288K), 0.0008700 secs] 5391K->5378K(13888K), 0.0008870 secs] [Times: user=0.00 sys=0.00, real=0.00 secs] 
44.693: Total time for which application threads were stopped: 0.0013470 seconds, Stopping threads took: 0.0003990 seconds
44.695: Application time: 0.0012720 seconds
44.764: [GC44.764: [DefNew: 4217K->391K(4288K), 0.0007840 secs] 9203K->7624K(13888K), 0.0008080 secs] [Times: user=0.00 sys=0.00, real=0.01 secs] 
44.765: Total time for which application threads were stopped: 0.0703480 seconds, Stopping threads took: 0.0694650 seconds
44.766: Application time: 0.0008310 seconds
44.836: [GC44.836: [DefNew: 4216K->4216K(4288K), 0.0000080 secs]44.836: [Tenured: 7233K->4399K(9600K), 0.0067520 secs] 11450K->4399K(13888K), [Perm : 5106K->5106K(21248K)], 0.0068030 secs] [Times: user=0.01 sys=0.00, real=0.00 secs] 
44.843: Total time for which application threads were stopped: 0.0766110 seconds, Stopping threads took: 0.0697510 seconds
44.843: Application time: 0.0009330 seconds
44.911: [GC44.911: [DefNew: 3823K->391K(4288K), 0.0008510 secs] 8222K->7037K(13888K), 0.0008820 secs] [Times: user=0.00 sys=0.00, real=0.00 secs] 
44.912: Total time for which application threads were stopped: 0.0684550 seconds, Stopping threads took: 0.0674970 seconds
44.913: Application time: 0.0007000 seconds
44.965: [GC44.965: [DefNew: 4080K->4080K(4288K), 0.0000060 secs]44.965: [Tenured: 6645K->4261K(9600K), 0.0056370 secs] 10726K->4261K(13888K), [Perm : 5106K->5106K(21248K)], 0.0056830 secs] [Times: user=0.01 sys=0.00, real=0.00 secs] 
44.971: Total time for which application threads were stopped: 0.0581330 seconds, Stopping threads took: 0.0523770 seconds
44.971: Application time: 0.0004290 seconds
45.004: [GC45.004: [DefNew: 3823K->391K(4288K), 0.0008870 secs] 8084K->7777K(13888K), 0.0009180 secs] [Times: user=0.00 sys=0.00, real=0.01 secs] 
45.005: Total time for which application threads were stopped: 0.0339630 seconds, Stopping threads took: 0.0329800 seconds
45.077: Application time: 0.0722550 seconds
45.079: [GC45.079: [DefNew: 4119K->4119K(4288K), 0.0000090 secs]45.079: [Tenured: 7386K->2055K(9600K), 0.0053250 secs] 11505K->2055K(13888K), [Perm : 5106K->5106K(21248K)], 0.0053750 secs] [Times: user=0.00 sys=0.00, real=0.00 secs] 
45.084: Total time for which application threads were stopped: 0.0065500 seconds, Stopping threads took: 0.0010970 seconds
45.084: Application time: 0.0005490 seconds
45.085: [GC45.085: [DefNew: 3725K->391K(4288K), 0.0008710 secs] 5781K->5768K(13888K), 0.0008940 secs] [Times: user=0.00 sys=0.00, real=0.00 secs] 
45.086: Total time for which application threads were stopped: 0.0014190 seconds, Stopping threads took: 0.0004590 seconds
45.087: Application time: 0.0009060 seconds
45.157: [GC45.157: [DefNew: 4216K->293K(4288K), 0.0005480 secs] 9593K->6843K(13888K), 0.0005770 secs] [Times: user=0.00 sys=0.00, real=0.00 secs] 
45.158: Total time for which application threads were stopped: 0.0707590 seconds, Stopping threads took: 0.0701110 seconds
45.158: Application time: 0.0004990 seconds
45.192: [GC45.192: [DefNew: 3782K->3782K(4288K), 0.0000070 secs]45.192: [Tenured: 6549K->4403K(9600K), 0.0062460 secs] 10332K->4403K(13888K), [Perm : 5106K->5106K(21248K)], 0.0062880 secs] [Times: user=0.01 sys=0.00, real=0.01 secs] 
45.199: Total time for which application threads were stopped: 0.0404510 seconds, Stopping threads took: 0.0341130 seconds
45.199: Application time: 0.0005230 seconds
45.235: [GC45.235: [DefNew: 3650K->415K(4288K), 0.0008060 secs] 8053K->7749K(13888K), 0.0008290 secs] [Times: user=0.00 sys=0.00, real=0.00 secs] 
45.236: Total time for which application threads were stopped: 0.0368970 seconds, Stopping threads took: 0.0360240 seconds
45.307: Application time: 0.0714250 seconds
45.310: [GC45.310: [DefNew: 4143K->4143K(4288K), 0.0000100 secs]45.310: [Tenured: 7333K->2475K(9600K), 0.0050540 secs] 11476K->2475K(13888K), [Perm : 5106K->5106K(21248K)], 0.0051100 secs] [Times: user=0.00 sys=0.00, real=0.01 secs] 
45.315: Total time for which application threads were stopped: 0.0079050 seconds, Stopping threads took: 0.0027220 seconds
45.316: Application time: 0.0006860 seconds
45.316: [GC45.316: [DefNew: 3801K->420K(4288K), 0.0008970 secs] 6277K->6217K(13888K), 0.0009130 secs] [Times: user=0.00 sys=0.00, real=0.00 secs] 
45.317: Total time for which application threads were stopped: 0.0013510 seconds, Stopping threads took: 0.0003780 seconds
45.319: Application time: 0.0011620 seconds
45.389: [GC45.389: [DefNew: 4243K->4243K(4288K), 0.0000080 secs]45.389: [Tenured: 5796K->3579K(9600K), 0.0058870 secs] 10040K->3579K(13888K), [Perm : 5106K->5106K(21248K)], 0.0059380 secs] [Times: user=0.01 sys=0.00, real=0.01 secs] 
45.395: Total time for which application threads were stopped: 0.0766270 seconds, Stopping threads took: 0.0706160 seconds
45.396: Application time: 0.0005760 seconds
45.429: [GC45.429: [DefNew: 3678K->440K(4288K), 0.0009050 secs] 7258K->6950K(13888K), 0.0009280 secs] [Times: user=0.00 sys=0.00, real=0.00 secs] 
45.430: Total time for which application threads were stopped: 0.0340660 seconds, Stopping threads took: 0.0330720 seconds
45.430: Application time: 0.0006280 seconds
45.463: [GC45.463: [DefNew: 4192K->4192K(4288K), 0.0000060 secs]45.463: [Tenured: 6509K->7231K(9600K), 0.0062550 secs] 10702K->7231K(13888K), [Perm : 5106K->5106K(21248K)], 0.0063010 secs] [Times: user=0.00 sys=0.00, real=0.01 secs] 
45.470: Total time for which application threads were stopped: 0.0392960 seconds, Stopping threads took: 0.0329200 seconds
45.541: Application time: 0.0713030 seconds
45.543: [GC45.543: [DefNew: 3825K->3825K(4288K), 0.0000100 secs]45.543: [Tenured: 7231K->2446K(9600K), 0.0052490 secs] 11057K->2446K(13888K), [Perm : 5106K->5106K(21248K)], 0.0053020 secs] [Times: user=0.01 sys=0.00, real=0.01 secs] 
45.549: Total time for which application threads were stopped: 0.0075320 seconds, Stopping threads took: 0.0021430 seconds
45.549: Application time: 0.0006400 seconds
45.582: [GC45.582: [DefNew: 3823K->392K(4288K), 0.0008580 secs] 6270K->5964K(13888K), 0.0008790 secs] [Times: user=0.00 sys=0.00, real=0.00 secs] 
45.583: Total time for which application threads were stopped: 0.0339920 seconds, Stopping threads took: 0.0330470 seconds
45.584: Application time: 0.0009820 seconds
45.649: [GC45.649: [DefNew: 4211K->4211K(4288K), 0.0000070 secs]45.649: [Tenured: 5572K->4694K(9600K), 0.0061460 secs] 9783K->4694K(13888K), [Perm : 5106K->5106K(21248K)], 0.0061920 secs] [Times: user=0.00 sys=0.00, real=0.01 secs] 
45.655: Total time for which application threads were stopped: 0.0709920 seconds, Stopping threads took: 0.0647250 seconds
45.656: Application time: 0.0005360 seconds
45.725: [GC45.725: [DefNew: 3630K->391K(4288K), 0.0008230 secs] 8324K->7430K(13888K), 0.0008520 secs] [Times: user=0.00 sys=0.00, real=0.00 secs] 
45.726: Total time for which application threads were stopped: 0.0703050 seconds, Stopping threads took: 0.0693940 seconds
45.726: Application time: 0.0004130 seconds
45.760: [GC45.760: [DefNew: 4217K->4217K(4288K), 0.0000060 secs]45.760: [Tenured: 7038K->5669K(9600K), 0.0059760 secs] 11255K->5669K(13888K), [Perm : 5106K->5106K(21248K)], 0.0060220 secs] [Times: user=0.01 sys=0.00, real=0.01 secs] 
45.766: Total time for which application threads were stopped: 0.0393730 seconds, Stopping threads took: 0.0332750 seconds
45.767: Application time: 0.0009280 seconds
45.837: [GC45.837: [DefNew: 3825K->391K(4288K), 0.0006340 secs] 9495K->7428K(13888K), 0.0006640 secs] [Times: user=0.01 sys=0.00, real=0.00 secs] 
45.838: Total time for which application threads were stopped: 0.0709500 seconds, Stopping threads took: 0.0702050 seconds
45.838: Application time: 0.0004630 seconds
45.879: [GC45.879: [DefNew: 4080K->4080K(4288K), 0.0000080 secs]45.879: [Tenured: 7037K->4399K(9600K), 0.0058710 secs] 11117K->4399K(13888K), [Perm : 5106K->5106K(21248K)], 0.0059210 secs] [Times: user=0.00 sys=0.00, real=0.01 secs] 
45.885: Total time for which application threads were stopped: 0.0467890 seconds, Stopping threads took: 0.0407880 seconds
45.885: Application time: 0.0003870 seconds
45.919: [GC45.919: [DefNew: 3532K->391K(4288K), 0.0007960 secs] 7932K->7330K(13888K), 0.0008180 secs] [Times: user=0.00 sys=0.00, real=0.00 secs] 
45.920: Total time for which application threads were stopped: 0.0347310 seconds, Stopping threads took: 0.0338680 seconds
45.921: Application time: 0.0009240 seconds
45.991: [GC45.991: [DefNew: 4216K->4216K(4288K), 0.0000080 secs]45.991: [Tenured: 6939K->3130K(9600K), 0.0061300 secs] 11155K->3130K(13888K), [Perm : 5106K->5106K(21248K)], 0.0061800 secs] [Times: user=0.00 sys=0.00, real=0.01 secs] 
45.997: Total time for which application threads were stopped: 0.0761400 seconds, Stopping threads took: 0.0698850 seconds
45.998: Application time: 0.0005960 seconds
46.045: [GC46.045: [DefNew: 3825K->392K(4288K), 0.0009060 secs] 6956K->6648K(13888K), 0.0009310 secs] [Times: user=0.00 sys=0.00, real=0.00 secs] 
46.046: Total time for which application threads were stopped: 0.0478750 seconds, Stopping threads took: 0.0468760 seconds
46.046: Application time: 0.0006150 seconds
46.092: [GC46.092: [DefNew: 4096K->4096K(4288K), 0.0000070 secs]46.093: [Tenured: 6255K->7358K(9600K), 0.0061630 secs] 10352K->7358K(13888K), [Perm : 5106K->5106K(21248K)], 0.0062110 secs] [Times: user=0.01 sys=0.00, real=0.00 secs] 
46.099: Total time for which application threads were stopped: 0.0525030 seconds, Stopping threads took: 0.0462360 seconds
46.170: Application time: 0.0711890 seconds
46.174: [GC46.174: [DefNew: 3727K->3727K(4288K), 0.0000090 secs]46.174: [Tenured: 7358K->2475K(9600K), 0.0051910 secs] 11086K->2475K(13888K), [Perm : 5106K->5106K(21248K)], 0.0052450 secs] [Times: user=0.01 sys=0.00, real=0.00 secs] 
46.179: Total time for which application threads were stopped: 0.0092760 seconds, Stopping threads took: 0.0039530 seconds
46.180: Application time: 0.0005090 seconds
46.180: [GC46.180: [DefNew: 3825K->294K(4288K), 0.0008700 secs] 6301K->6286K(13888K), 0.0008970 secs] [Times: user=0.00 sys=0.00, real=0.00 secs] 
46.181: Total time for which application threads were stopped: 0.0012170 seconds, Stopping threads took: 0.0002600 seconds
46.252: Application time: 0.0714570 seconds
46.255: [GC46.255: [DefNew: 4119K->4119K(4288K), 0.0000090 secs]46.255: [Tenured: 5991K->1470K(9600K), 0.0057790 secs] 10111K->1470K(13888K), [Perm : 5106K->5106K(21248K)], 0.0058280 secs] [Times: user=0.01 sys=0.00, real=0.00 secs] 
46.261: Total time for which application threads were stopped: 0.0081290 seconds, Stopping threads took: 0.0022220 seconds
46.261: Application time: 0.0006250 seconds
46.261: [GC46.261: [DefNew: 3727K->392K(4288K), 0.0008620 secs] 5198K->5183K(13888K), 0.0008830 secs] [Times: user=0.01 sys=0.00, real=0.00 secs] 
46.262: Total time for which application threads were stopped: 0.0011200 seconds, Stopping threads took: 0.0001920 seconds
46.263: Application time: 0.0012150 seconds
46.333: [GC46.333: [DefNew: 4213K->195K(4288K), 0.0004770 secs] 9004K->6160K(13888K), 0.0005000 secs] [Times: user=0.00 sys=0.00, real=0.00 secs] 
46.334: Total time for which application threads were stopped: 0.0702330 seconds, Stopping threads took: 0.0696670 seconds
46.334: Application time: 0.0003550 seconds
46.383: [GC46.383: [DefNew: 3826K->3826K(4288K), 0.0000070 secs]46.383: [Tenured: 5964K->4009K(9600K), 0.0061920 secs] 9790K->4009K(13888K), [Perm : 5106K->5106K(21248K)], 0.0062360 secs] [Times: user=0.00 sys=0.00, real=0.01 secs] 
46.389: Total time for which application threads were stopped: 0.0547550 seconds, Stopping threads took: 0.0484390 seconds
46.389: Application time: 0.0004730 seconds
46.423: [GC46.423: [DefNew: 3721K->391K(4288K), 0.0007970 secs] 7730K->7135K(13888K), 0.0008160 secs] [Times: user=0.00 sys=0.00, real=0.00 secs] 
46.424: Total time for which application threads were stopped: 0.0344810 seconds, Stopping threads took: 0.0336010 seconds
46.425: Application time: 0.0007690 seconds
46.487: [GC46.487: [DefNew: 4115K->4115K(4288K), 0.0000070 secs]46.487: [Tenured: 6743K->5378K(9600K), 0.0058270 secs] 10859K->5378K(13888K), [Perm : 5106K->5106K(21248K)], 0.0058730 secs] [Times: user=0.01 sys=0.00, real=0.01 secs] 
46.493: Total time for which application threads were stopped: 0.0683710 seconds, Stopping threads took: 0.0624460 seconds
46.494: Application time: 0.0010160 seconds
46.558: [GC46.558: [DefNew: 3727K->391K(4288K), 0.0009260 secs] 9105K->8504K(13888K), 0.0009520 secs] [Times: user=0.00 sys=0.00, real=0.00 secs] 
46.559: Total time for which application threads were stopped: 0.0651240 seconds, Stopping threads took: 0.0641020 seconds
46.560: Application time: 0.0004610 seconds
46.625: [GC46.625: [DefNew: 3924K->3924K(4288K), 0.0000070 secs]46.625: [Tenured: 8112K->3618K(9600K), 0.0060110 secs] 12036K->3618K(13888K), [Perm : 5106K->5106K(21248K)], 0.0060600 secs] [Times: user=0.00 sys=0.00, real=0.00 secs] 
46.631: Total time for which application threads were stopped: 0.0716260 seconds, Stopping threads took: 0.0654890 seconds
46.632: Application time: 0.0004910 seconds
46.665: [GC46.665: [DefNew: 3723K->391K(4288K), 0.0007980 secs] 7342K->6745K(13888K), 0.0008160 secs] [Times: user=0.00 sys=0.00, real=0.00 secs] 
46.666: Total time for which application threads were stopped: 0.0344470 seconds, Stopping threads took: 0.0335680 seconds
46.667: Application time: 0.0006580 seconds
46.728: [GC46.728: [DefNew: 4213K->4213K(4288K), 0.0000070 secs]46.728: [Tenured: 6353K->5767K(9600K), 0.0055860 secs] 10566K->5767K(13888K), [Perm : 5106K->5106K(21248K)], 0.0056330 secs] [Times: user=0.01 sys=0.00, real=0.01 secs] 
46.734: Total time for which application threads were stopped: 0.0670710 seconds, Stopping threads took: 0.0613610 seconds
46.735: Application time: 0.0008560 seconds
46.805: [GC46.805: [DefNew: 3825K->391K(4288K), 0.0009550 secs] 9592K->8698K(13888K), 0.0009810 secs] [Times: user=0.00 sys=0.00, real=0.00 secs] 
46.806: Total time for which application threads were stopped: 0.0716440 seconds, Stopping threads took: 0.0705820 seconds
46.807: Application time: 0.0005830 seconds
46.840: [GC46.840: [DefNew: 4217K->4217K(4288K), 0.0000090 secs]46.840: [Tenured: 8306K->4790K(9600K), 0.0063450 secs] 12523K->4790K(13888K), [Perm : 5106K->5106K(21248K)], 0.0063960 secs] [Times: user=0.01 sys=0.00, real=0.01 secs] 
46.847: Total time for which application threads were stopped: 0.0397880 seconds, Stopping threads took: 0.0333380 seconds
46.848: Application time: 0.0008180 seconds
46.918: [GC46.918: [DefNew: 3708K->420K(4288K), 0.0006260 secs] 8498K->6578K(13888K), 0.0006530 secs] [Times: user=0.01 sys=0.00, real=0.00 secs] 
46.918: Total time for which application threads were stopped: 0.0707240 seconds, Stopping threads took: 0.0699910 seconds
46.919: Application time: 0.0003180 seconds
46.952: [GC46.952: [DefNew: 4148K->4148K(4288K), 0.0000060 secs]46.952: [Tenured: 6157K->4623K(9600K), 0.0050580 secs] 10306K->4623K(13888K), [Perm : 5106K->5106K(21248K)], 0.0051020 secs] [Times: user=0.01 sys=0.00, real=0.01 secs] 
46.957: Total time for which application threads were stopped: 0.0384370 seconds, Stopping threads took: 0.0332800 seconds
46.958: Application time: 0.0006790 seconds
47.005: [GC47.005: [DefNew: 3688K->440K(4288K), 0.0008070 secs] 8312K->7611K(13888K), 0.0008290 secs] [Times: user=0.00 sys=0.00, real=0.00 secs] 
47.005: Total time for which application threads were stopped: 0.0476750 seconds, Stopping threads took: 0.0467840 seconds
47.006: Application time: 0.0008930 seconds
47.076: [GC47.076: [DefNew: 4265K->4265K(4288K), 0.0000080 secs]47.076: [Tenured: 7170K->3606K(9600K), 0.0053540 secs] 11436K->3606K(13888K), [Perm : 5106K->5106K(21248K)], 0.0054060 secs] [Times: user=0.01 sys=0.01, real=0.00 secs] 
47.082: Total time for which application threads were stopped: 0.0755420 seconds, Stopping threads took: 0.0700780 seconds
47.082: Application time: 0.0004850 seconds
47.131: [GC47.131: [DefNew: 3630K->392K(4288K), 0.0009310 secs] 7236K->7124K(13888K), 0.0009550 secs] [Times: user=0.00 sys=0.00, real=0.00 secs] 
47.132: Total time for which application threads were stopped: 0.0494500 seconds, Stopping threads took: 0.0484460 seconds
47.132: Application time: 0.0004650 seconds
47.166: [GC47.166: [DefNew: 4213K->4213K(4288K), 0.0000050 secs]47.166: [Tenured: 6732K->6451K(9600K), 0.0060210 secs] 10945K->6451K(13888K), [Perm : 5106K->5106K(21248K)], 0.0060660 secs] [Times: user=0.01 sys=0.00, real=0.00 secs] 
47.172: Total time for which application threads were stopped: 0.0396630 seconds, Stopping threads took: 0.0335210 seconds
47.244: Application time: 0.0719790 seconds
47.245: [GC47.245: [DefNew: 3825K->3825K(4288K), 0.0000100 secs]47.245: [Tenured: 6451K->1665K(9600K), 0.0057450 secs] 10276K->1665K(13888K), [Perm : 5106K->5106K(21248K)], 0.0057950 secs] [Times: user=0.00 sys=0.00, real=0.00 secs] 
47.251: Total time for which application threads were stopped: 0.0070880 seconds, Stopping threads took: 0.0012160 seconds
47.252: Application time: 0.0006300 seconds
47.252: [GC47.252: [DefNew: 3727K->391K(4288K), 0.0008830 secs] 5393K->5378K(13888K), 0.0009050 secs] [Times: user=0.00 sys=0.00, real=0.01 secs] 
47.253: Total time for which application threads were stopped: 0.0013930 seconds, Stopping threads took: 0.0004230 seconds
47.255: Application time: 0.0018730 seconds
47.318: [GC47.319: [DefNew: 4216K->391K(4288K), 0.0006400 secs] 9203K->6941K(13888K), 0.0006650 secs] [Times: user=0.00 sys=0.00, real=0.00 secs] 
47.319: Total time for which application threads were stopped: 0.0643130 seconds, Stopping threads took: 0.0635790 seconds
47.320: Application time: 0.0004150 seconds
47.353: [GC47.353: [DefNew: 4216K->4216K(4288K), 0.0000070 secs]47.353: [Tenured: 6550K->4400K(9600K), 0.0060470 secs] 10766K->4400K(13888K), [Perm : 5106K->5106K(21248K)], 0.0060950 secs] [Times: user=0.01 sys=0.00, real=0.00 secs] 
47.359: Total time for which application threads were stopped: 0.0397600 seconds, Stopping threads took: 0.0335870 seconds
47.360: Application time: 0.0005700 seconds
47.360: [GC47.360: [DefNew: 3704K->420K(4288K), 0.0008820 secs] 8104K->8043K(13888K), 0.0009190 secs] [Times: user=0.00 sys=0.00, real=0.00 secs] 
47.361: Total time for which application threads were stopped: 0.0013030 seconds, Stopping threads took: 0.0003390 seconds
47.433: Application time: 0.0716880 seconds
47.436: [GC47.436: [DefNew: 4245K->4245K(4288K), 0.0000090 secs]47.436: [Tenured: 7623K->3257K(9600K), 0.0050670 secs] 11868K->3257K(13888K), [Perm : 5106K->5106K(21248K)], 0.0051210 secs] [Times: user=0.01 sys=0.00, real=0.00 secs] 
47.441: Total time for which application threads were stopped: 0.0081340 seconds, Stopping threads took: 0.0029460 seconds
47.442: Application time: 0.0005400 seconds
47.490: [GC47.490: [DefNew: 3684K->396K(4288K), 0.0007900 secs] 6942K->6290K(13888K), 0.0008080 secs] [Times: user=0.00 sys=0.00, real=0.00 secs] 
47.491: Total time for which application threads were stopped: 0.0496550 seconds, Stopping threads took: 0.0487850 seconds
47.492: Application time: 0.0005250 seconds
47.525: [GC47.525: [DefNew: 4143K->4143K(4288K), 0.0000060 secs]47.525: [Tenured: 5894K->6255K(9600K), 0.0060850 secs] 10038K->6255K(13888K), [Perm : 5106K->5106K(21248K)], 0.0061300 secs] [Times: user=0.01 sys=0.00, real=0.00 secs] 
47.531: Total time for which application threads were stopped: 0.0394280 seconds, Stopping threads took: 0.0332200 seconds
47.604: Application time: 0.0725840 seconds
47.605: [GC47.605: [DefNew: 3825K->3825K(4288K), 0.0000090 secs]47.605: [Tenured: 6255K->1471K(9600K), 0.0057100 secs] 10081K->1471K(13888K), [Perm : 5106K->5106K(21248K)], 0.0057610 secs] [Times: user=0.01 sys=0.00, real=0.00 secs] 
47.611: Total time for which application threads were stopped: 0.0071430 seconds, Stopping threads took: 0.0013040 seconds
47.612: Application time: 0.0005760 seconds
47.612: [GC47.612: [DefNew: 3727K->392K(4288K), 0.0008390 secs] 5199K->5183K(13888K), 0.0008570 secs] [Times: user=0.00 sys=0.00, real=0.01 secs] 
47.613: Total time for which application threads were stopped: 0.0011500 seconds, Stopping threads took: 0.0002450 seconds
47.614: Application time: 0.0012420 seconds
47.682: [GC47.682: [DefNew: 4215K->293K(4288K), 0.0006660 secs] 9006K->7039K(13888K), 0.0006900 secs] [Times: user=0.00 sys=0.00, real=0.00 secs] 
47.682: Total time for which application threads were stopped: 0.0684130 seconds, Stopping threads took: 0.0676590 seconds
47.683: Application time: 0.0004590 seconds
47.746: [GC47.746: [DefNew: 3923K->3923K(4288K), 0.0000060 secs]47.747: [Tenured: 6746K->4010K(9600K), 0.0055500 secs] 10669K->4010K(13888K), [Perm : 5106K->5106K(21248K)], 0.0055960 secs] [Times: user=0.01 sys=0.00, real=0.00 secs] 
47.752: Total time for which application threads were stopped: 0.0693190 seconds, Stopping threads took: 0.0636460 seconds
47.753: Application time: 0.0006050 seconds
47.808: [GC47.808: [DefNew: 3688K->351K(4288K), 0.0007410 secs] 7699K->6706K(13888K), 0.0007630 secs] [Times: user=0.00 sys=0.00, real=0.00 secs] 
47.808: Total time for which application threads were stopped: 0.0557660 seconds, Stopping threads took: 0.0549360 seconds
47.809: Application time: 0.0004400 seconds
47.845: [GC47.845: [DefNew: 4079K->4079K(4288K), 0.0000080 secs]47.845: [Tenured: 6354K->4850K(9600K), 0.0050000 secs] 10433K->4850K(13888K), [Perm : 5106K->5106K(21248K)], 0.0050550 secs] [Times: user=0.01 sys=0.00, real=0.00 secs] 
47.850: Total time for which application threads were stopped: 0.0412160 seconds, Stopping threads took: 0.0360890 seconds
47.851: Application time: 0.0006900 seconds
47.921: [GC47.921: [DefNew: 3708K->420K(4288K), 0.0006170 secs] 8558K->6637K(13888K), 0.0006430 secs] [Times: user=0.00 sys=0.00, real=0.00 secs] 
47.922: Total time for which application threads were stopped: 0.0707540 seconds, Stopping threads took: 0.0700400 seconds
47.922: Application time: 0.0003810 seconds
47.955: [GC47.955: [DefNew: 4148K->4148K(4288K), 0.0000060 secs]47.955: [Tenured: 6217K->4595K(9600K), 0.0057130 secs] 10365K->4595K(13888K), [Perm : 5106K->5106K(21248K)], 0.0057620 secs] [Times: user=0.00 sys=0.00, real=0.00 secs] 
47.961: Total time for which application threads were stopped: 0.0390570 seconds, Stopping threads took: 0.0332200 seconds
47.962: Application time: 0.0006140 seconds
47.997: [GC47.997: [DefNew: 3819K->391K(4288K), 0.0008830 secs] 8414K->8307K(13888K), 0.0009060 secs] [Times: user=0.00 sys=0.00, real=0.00 secs] 
47.998: Total time for which application threads were stopped: 0.0361360 seconds, Stopping threads took: 0.0351640 seconds
48.070: Application time: 0.0718310 seconds
48.072: [GC48.072: [DefNew: 4216K->4216K(4288K), 0.0000090 secs]48.072: [Tenured: 7916K->2545K(9600K), 0.0051830 secs] 12132K->2545K(13888K), [Perm : 5106K->5106K(21248K)], 0.0052370 secs] [Times: user=0.01 sys=0.00, real=0.01 secs] 
48.077: Total time for which application threads were stopped: 0.0076830 seconds, Stopping threads took: 0.0023680 seconds
48.078: Application time: 0.0005400 seconds
48.125: [GC48.125: [DefNew: 3530K->391K(4288K), 0.0008340 secs] 6075K->6062K(13888K), 0.0008530 secs] [Times: user=0.00 sys=0.00, real=0.00 secs] 
48.126: Total time for which application threads were stopped: 0.0479910 seconds, Stopping threads took: 0.0470750 seconds
48.126: Application time: 0.0004200 seconds
48.196: [GC48.196: [DefNew: 4212K->4212K(4288K), 0.0000060 secs]48.196: [Tenured: 5670K->5573K(9600K), 0.0061680 secs] 9883K->5573K(13888K), [Perm : 5106K->5106K(21248K)], 0.0062140 secs] [Times: user=0.01 sys=0.00, real=0.00 secs] 
48.203: Total time for which application threads were stopped: 0.0763060 seconds, Stopping threads took: 0.0700390 seconds
48.204: Application time: 0.0009490 seconds
48.273: [GC48.273: [DefNew: 3727K->391K(4288K), 0.0008420 secs] 9301K->8211K(13888K), 0.0008710 secs] [Times: user=0.00 sys=0.00, real=0.00 secs] 
48.274: Total time for which application threads were stopped: 0.0706360 seconds, Stopping threads took: 0.0697120 seconds
48.275: Application time: 0.0004360 seconds
48.310: [GC48.310: [DefNew: 4119K->4119K(4288K), 0.0000070 secs]48.310: [Tenured: 7819K->4401K(9600K), 0.0058860 secs] 11939K->4401K(13888K), [Perm : 5106K->5106K(21248K)], 0.0059300 secs] [Times: user=0.01 sys=0.00, real=0.01 secs] 
48.316: Total time for which application threads were stopped: 0.0412320 seconds, Stopping threads took: 0.0352270 seconds
48.316: Application time: 0.0005690 seconds
48.317: [GC48.317: [DefNew: 3721K->391K(4288K), 0.0008610 secs] 8122K->8113K(13888K), 0.0008850 secs] [Times: user=0.00 sys=0.00, real=0.00 secs] 
48.318: Total time for which application threads were stopped: 0.0013720 seconds, Stopping threads took: 0.0004220 seconds
48.390: Application time: 0.0726110 seconds
48.425: [GC48.425: [DefNew: 4216K->4216K(4288K), 0.0000090 secs]48.425: [Tenured: 7721K->2252K(9600K), 0.0052110 secs] 11938K->2252K(13888K), [Perm : 5106K->5106K(21248K)], 0.0052650 secs] [Times: user=0.01 sys=0.00, real=0.00 secs] 
48.431: Total time for which application threads were stopped: 0.0403580 seconds, Stopping threads took: 0.0350140 seconds
48.431: Application time: 0.0005270 seconds
48.432: [GC48.432: [DefNew: 3825K->392K(4288K), 0.0008660 secs] 6077K->6062K(13888K), 0.0008860 secs] [Times: user=0.00 sys=0.00, real=0.01 secs] 
48.433: Total time for which application threads were stopped: 0.0012830 seconds, Stopping threads took: 0.0003360 seconds
48.505: Application time: 0.0725810 seconds
48.507: [GC48.507: [DefNew: 4217K->4217K(4288K), 0.0000090 secs]48.507: [Tenured: 5670K->1275K(9600K), 0.0057120 secs] 9887K->1275K(13888K), [Perm : 5106K->5106K(21248K)], 0.0057610 secs] [Times: user=0.01 sys=0.00, real=0.01 secs] 
48.513: Total time for which application threads were stopped: 0.0079680 seconds, Stopping threads took: 0.0021190 seconds
48.514: Application time: 0.0005900 seconds
48.514: [GC48.514: [DefNew: 3727K->392K(4288K), 0.0008360 secs] 5003K->4988K(13888K), 0.0008550 secs] [Times: user=0.00 sys=0.00, real=0.00 secs] 
48.515: Total time for which application threads were stopped: 0.0012330 seconds, Stopping threads took: 0.0003170 seconds
48.516: Application time: 0.0014750 seconds
48.579: [GC48.579: [DefNew: 4117K->195K(4288K), 0.0005510 secs] 8713K->6356K(13888K), 0.0005790 secs] [Times: user=0.00 sys=0.00, real=0.00 secs] 
48.579: Total time for which application threads were stopped: 0.0629570 seconds, Stopping threads took: 0.0623390 seconds
48.580: Application time: 0.0006470 seconds
48.643: [GC48.643: [DefNew: 4001K->4001K(4288K), 0.0000070 secs]48.643: [Tenured: 6160K->3843K(9600K), 0.0056730 secs] 10162K->3843K(13888K), [Perm : 5106K->5106K(21248K)], 0.0057190 secs] [Times: user=0.00 sys=0.00, real=0.01 secs] 
48.649: Total time for which application threads were stopped: 0.0685540 seconds, Stopping threads took: 0.0627600 seconds
48.649: Application time: 0.0004830 seconds
48.696: [GC48.696: [DefNew: 3825K->391K(4288K), 0.0008550 secs] 7668K->7067K(13888K), 0.0008790 secs] [Times: user=0.00 sys=0.00, real=0.00 secs] 
48.697: Total time for which application threads were stopped: 0.0479310 seconds, Stopping threads took: 0.0470030 seconds
48.698: Application time: 0.0008330 seconds
48.768: [GC48.768: [DefNew: 4217K->4217K(4288K), 0.0000130 secs]48.768: [Tenured: 6675K->2868K(9600K), 0.0052790 secs] 10892K->2868K(13888K), [Perm : 5106K->5106K(21248K)], 0.0053360 secs] [Times: user=0.01 sys=0.00, real=0.01 secs] 
48.773: Total time for which application threads were stopped: 0.0756480 seconds, Stopping threads took: 0.0702580 seconds
48.774: Application time: 0.0005560 seconds
48.808: [GC48.808: [DefNew: 3727K->392K(4288K), 0.0008260 secs] 6595K->5995K(13888K), 0.0008520 secs] [Times: user=0.00 sys=0.00, real=0.00 secs] 
48.808: Total time for which application threads were stopped: 0.0344350 seconds, Stopping threads took: 0.0335160 seconds
48.809: Application time: 0.0006910 seconds
48.810: [GC48.810: [DefNew: 4190K->4190K(4288K), 0.0000060 secs]48.810: [Tenured: 5602K->8111K(9600K), 0.0067570 secs] 9792K->8111K(13888K), [Perm : 5106K->5106K(21248K)], 0.0068020 secs] [Times: user=0.01 sys=0.00, real=0.01 secs] 
48.817: Total time for which application threads were stopped: 0.0078130 seconds, Stopping threads took: 0.0009350 seconds
48.889: Application time: 0.0723370 seconds
48.925: [GC48.925: [DefNew: 3825K->3825K(4288K), 0.0000100 secs]48.925: [Tenured: 8111K->2252K(9600K), 0.0055390 secs] 11936K->2252K(13888K), [Perm : 5106K->5106K(21248K)], 0.0055930 secs] [Times: user=0.00 sys=0.00, real=0.00 secs] 
48.931: Total time for which application threads were stopped: 0.0412830 seconds, Stopping threads took: 0.0356110 seconds
48.931: Application time: 0.0006140 seconds
48.965: [GC48.965: [DefNew: 3825K->392K(4288K), 0.0008400 secs] 6078K->5769K(13888K), 0.0008640 secs] [Times: user=0.00 sys=0.00, real=0.00 secs] 
48.966: Total time for which application threads were stopped: 0.0345530 seconds, Stopping threads took: 0.0336350 seconds
48.967: Application time: 0.0007940 seconds
49.019: [GC49.019: [DefNew: 4113K->293K(4288K), 0.0006950 secs] 9491K->7821K(13888K), 0.0007160 secs] [Times: user=0.00 sys=0.00, real=0.00 secs] 
49.019: Total time for which application threads were stopped: 0.0528240 seconds, Stopping threads took: 0.0520360 seconds
49.020: Application time: 0.0010140 seconds
49.090: [GC49.090: [DefNew: 4099K->4099K(4288K), 0.0000080 secs]49.090: [Tenured: 7527K->3843K(9600K), 0.0062130 secs] 11627K->3843K(13888K), [Perm : 5106K->5106K(21248K)], 0.0062600 secs] [Times: user=0.01 sys=0.00, real=0.01 secs] 
49.097: Total time for which application threads were stopped: 0.0761350 seconds, Stopping threads took: 0.0697970 seconds
49.097: Application time: 0.0007340 seconds
49.146: [GC49.146: [DefNew: 3825K->391K(4288K), 0.0010280 secs] 7668K->7653K(13888K), 0.0010540 secs] [Times: user=0.00 sys=0.00, real=0.00 secs] 
49.147: Total time for which application threads were stopped: 0.0501060 seconds, Stopping threads took: 0.0489810 seconds
49.148: Application time: 0.0009370 seconds
49.218: [GC49.218: [DefNew: 4197K->4197K(4288K), 0.0000080 secs]49.218: [Tenured: 7261K->2797K(9600K), 0.0052640 secs] 11459K->2797K(13888K), [Perm : 5106K->5106K(21248K)], 0.0053250 secs] [Times: user=0.01 sys=0.00, real=0.00 secs] 
49.224: Total time for which application threads were stopped: 0.0754050 seconds, Stopping threads took: 0.0700020 seconds
49.224: Application time: 0.0005610 seconds
49.258: [GC49.258: [DefNew: 3725K->392K(4288K), 0.0009180 secs] 6523K->6510K(13888K), 0.0009370 secs] [Times: user=0.00 sys=0.00, real=0.00 secs] 
49.259: Total time for which application threads were stopped: 0.0345970 seconds, Stopping threads took: 0.0336190 seconds
49.260: Application time: 0.0008930 seconds
49.330: [GC49.330: [DefNew: 4213K->4213K(4288K), 0.0000080 secs]49.330: [Tenured: 6118K->4889K(9600K), 0.0064130 secs] 10331K->4889K(13888K), [Perm : 5106K->5106K(21248K)], 0.0064560 secs] [Times: user=0.00 sys=0.00, real=0.01 secs] 
49.336: Total time for which application threads were stopped: 0.0763060 seconds, Stopping threads took: 0.0697750 seconds
49.337: Application time: 0.0010130 seconds
49.407: [GC49.407: [DefNew: 3806K->322K(4288K), 0.0009180 secs] 8695K->7946K(13888K), 0.0009450 secs] [Times: user=0.00 sys=0.00, real=0.00 secs] 
49.408: Total time for which application threads were stopped: 0.0709540 seconds, Stopping threads took: 0.0699370 seconds
49.409: Application time: 0.0005440 seconds
49.457: [GC49.457: [DefNew: 4046K->4046K(4288K), 0.0000070 secs]49.457: [Tenured: 7623K->5894K(9600K), 0.0058820 secs] 11670K->5894K(13888K), [Perm : 5106K->5106K(21248K)], 0.0059280 secs] [Times: user=0.01 sys=0.00, real=0.00 secs] 
49.463: Total time for which application threads were stopped: 0.0544140 seconds, Stopping threads took: 0.0484080 seconds
49.464: Application time: 0.0009150 seconds
49.534: [GC49.534: [DefNew: 3727K->3727K(4288K), 0.0000090 secs]49.534: [Tenured: 5894K->3160K(9600K), 0.0052880 secs] 9621K->3160K(13888K), [Perm : 5106K->5106K(21248K)], 0.0053400 secs] [Times: user=0.00 sys=0.00, real=0.00 secs] 
49.539: Total time for which application threads were stopped: 0.0752940 seconds, Stopping threads took: 0.0698870 seconds
49.540: Application time: 0.0005480 seconds
49.573: [GC49.573: [DefNew: 3825K->392K(4288K), 0.0008960 secs] 6985K->6677K(13888K), 0.0009160 secs] [Times: user=0.00 sys=0.00, real=0.00 secs] 
49.574: Total time for which application threads were stopped: 0.0345960 seconds, Stopping threads took: 0.0336160 seconds
49.575: Application time: 0.0004210 seconds
49.623: [GC49.623: [DefNew: 4213K->4213K(4288K), 0.0000070 secs]49.623: [Tenured: 6285K->5407K(9600K), 0.0058880 secs] 10498K->5407K(13888K), [Perm : 5106K->5106K(21248K)], 0.0059350 secs] [Times: user=0.00 sys=0.00, real=0.01 secs] 
49.629: Total time for which application threads were stopped: 0.0540300 seconds, Stopping threads took: 0.0480200 seconds
49.630: Application time: 0.0008750 seconds
49.698: [GC49.698: [DefNew: 3825K->391K(4288K), 0.0008250 secs] 9232K->7947K(13888K), 0.0008520 secs] [Times: user=0.00 sys=0.00, real=0.00 secs] 
49.699: Total time for which application threads were stopped: 0.0691250 seconds, Stopping threads took: 0.0682040 seconds
49.699: Application time: 0.0003740 seconds
49.751: [GC49.751: [DefNew: 4217K->4217K(4288K), 0.0000070 secs]49.751: [Tenured: 7555K->4400K(9600K), 0.0058340 secs] 11773K->4400K(13888K), [Perm : 5106K->5106K(21248K)], 0.0058810 secs] [Times: user=0.01 sys=0.00, real=0.01 secs] 
49.757: Total time for which application threads were stopped: 0.0577900 seconds, Stopping threads took: 0.0518320 seconds
49.758: Application time: 0.0004790 seconds
49.758: [GC49.758: [DefNew: 3823K->391K(4288K), 0.0009030 secs] 8224K->8210K(13888K), 0.0009220 secs] [Times: user=0.00 sys=0.00, real=0.00 secs] 
49.759: Total time for which application threads were stopped: 0.0013990 seconds, Stopping threads took: 0.0004150 seconds
49.831: Application time: 0.0724510 seconds
49.833: [GC49.833: [DefNew: 4197K->4197K(4288K), 0.0000090 secs]49.834: [Tenured: 7819K->3355K(9600K), 0.0052440 secs] 12016K->3355K(13888K), [Perm : 5106K->5106K(21248K)], 0.0052980 secs] [Times: user=0.00 sys=0.00, real=0.00 secs] 
49.839: Total time for which application threads were stopped: 0.0074410 seconds, Stopping threads took: 0.0020630 seconds
49.839: Application time: 0.0005110 seconds
49.872: [GC49.872: [DefNew: 3825K->391K(4288K), 0.0011690 secs] 7180K->7165K(13888K), 0.0012040 secs] [Times: user=0.00 sys=0.00, real=0.01 secs] 
49.873: Total time for which application threads were stopped: 0.0340750 seconds, Stopping threads took: 0.0327960 seconds
49.946: Application time: 0.0722470 seconds
49.947: [GC49.947: [DefNew: 4216K->4216K(4288K), 0.0000090 secs]49.947: [Tenured: 6773K->1305K(9600K), 0.0050120 secs] 10990K->1305K(13888K), [Perm : 5106K->5106K(21248K)], 0.0050600 secs] [Times: user=0.00 sys=0.00, real=0.00 secs] 
49.952: Total time for which application threads were stopped: 0.0066210 seconds, Stopping threads took: 0.0014950 seconds
49.953: Application time: 0.0005910 seconds
49.953: [GC49.953: [DefNew: 3564K->425K(4288K), 0.0008580 secs] 4870K->4855K(13888K), 0.0008800 secs] [Times: user=0.00 sys=0.00, real=0.00 secs] 
49.954: Total time for which application threads were stopped: 0.0011120 seconds, Stopping threads took: 0.0001900 seconds
49.954: Application time: 0.0004240 seconds
49.988: [GC49.988: [DefNew: 4090K->321K(4288K), 0.0008900 secs] 8521K->7879K(13888K), 0.0009130 secs] [Times: user=0.00 sys=0.00, real=0.00 secs] 
49.989: Total time for which application threads were stopped: 0.0341580 seconds, Stopping threads took: 0.0331780 seconds
50.058: Application time: 0.0695040 seconds
50.064: [GC50.064: [DefNew: 4030K->4030K(4288K), 0.0000090 secs]50.064: [Tenured: 7557K->1362K(9600K), 0.0056420 secs] 11587K->1362K(13888K), [Perm : 5107K->5107K(21248K)], 0.0056920 secs] [Times: user=0.01 sys=0.00, real=0.01 secs] 
50.070: Total time for which application threads were stopped: 0.0119100 seconds, Stopping threads took: 0.0061560 seconds
50.071: Application time: 0.0005700 seconds
50.071: [GC50.071: [DefNew: 3727K->392K(4288K), 0.0008690 secs] 5090K->5075K(13888K), 0.0008910 secs] [Times: user=0.00 sys=0.00, real=0.00 secs] 
50.072: Total time for which application threads were stopped: 0.0012350 seconds, Stopping threads took: 0.0002780 seconds
50.072: Application time: 0.0005300 seconds
50.120: [GC50.120: [DefNew: 4115K->293K(4288K), 0.0007680 secs] 8799K->7517K(13888K), 0.0007930 secs] [Times: user=0.00 sys=0.00, real=0.00 secs] 
50.121: Total time for which application threads were stopped: 0.0483740 seconds, Stopping threads took: 0.0475150 seconds
50.122: Application time: 0.0008870 seconds
50.191: [GC50.191: [DefNew: 4118K->4118K(4288K), 0.0000080 secs]50.191: [Tenured: 7224K->3913K(9600K), 0.0054290 secs] 11343K->3913K(13888K), [Perm : 5107K->5107K(21248K)], 0.0054800 secs] [Times: user=0.01 sys=0.00, real=0.01 secs] 
50.197: Total time for which application threads were stopped: 0.0753250 seconds, Stopping threads took: 0.0697890 seconds
50.197: Application time: 0.0005270 seconds
50.252: [GC50.252: [DefNew: 3727K->392K(4288K), 0.0009050 secs] 7640K->7039K(13888K), 0.0009300 secs] [Times: user=0.00 sys=0.00, real=0.01 secs] 
50.253: Total time for which application threads were stopped: 0.0556880 seconds, Stopping threads took: 0.0546890 seconds
50.254: Application time: 0.0006100 seconds
50.303: [GC50.303: [DefNew: 4113K->4113K(4288K), 0.0000060 secs]50.303: [Tenured: 6647K->5963K(9600K), 0.0065580 secs] 10761K->5963K(13888K), [Perm : 5107K->5107K(21248K)], 0.0066000 secs] [Times: user=0.00 sys=0.00, real=0.01 secs] 
50.309: Total time for which application threads were stopped: 0.0554090 seconds, Stopping threads took: 0.0487370 seconds
50.310: Application time: 0.0011690 seconds
50.380: [GC50.380: [DefNew: 3825K->3825K(4288K), 0.0000080 secs]50.380: [Tenured: 5963K->3327K(9600K), 0.0050080 secs] 9788K->3327K(13888K), [Perm : 5107K->5107K(21248K)], 0.0050620 secs] [Times: user=0.01 sys=0.00, real=0.01 secs] 
50.385: Total time for which application threads were stopped: 0.0750850 seconds, Stopping threads took: 0.0699590 seconds
50.386: Application time: 0.0005420 seconds
50.420: [GC50.420: [DefNew: 3825K->392K(4288K), 0.0009880 secs] 7152K->7040K(13888K), 0.0010170 secs] [Times: user=0.00 sys=0.00, real=0.00 secs] 
50.421: Total time for which application threads were stopped: 0.0347290 seconds, Stopping threads took: 0.0336470 seconds
50.421: Application time: 0.0004470 seconds
50.455: [GC50.455: [DefNew: 4117K->4117K(4288K), 0.0000070 secs]50.455: [Tenured: 6647K->5475K(9600K), 0.0055460 secs] 10765K->5475K(13888K), [Perm : 5107K->5107K(21248K)], 0.0056080 secs] [Times: user=0.00 sys=0.00, real=0.00 secs] 
50.460: Total time for which application threads were stopped: 0.0392220 seconds, Stopping threads took: 0.0335490 seconds
50.461: Application time: 0.0009020 seconds
50.532: [GC50.532: [DefNew: 3805K->420K(4288K), 0.0008460 secs] 9281K->8044K(13888K), 0.0008750 secs] [Times: user=0.00 sys=0.00, real=0.01 secs] 
50.533: Total time for which application threads were stopped: 0.0713400 seconds, Stopping threads took: 0.0703920 seconds
50.533: Application time: 0.0004070 seconds
50.596: [GC50.596: [DefNew: 4245K->4245K(4288K), 0.0000070 secs]50.596: [Tenured: 7624K->4401K(9600K), 0.0063370 secs] 11869K->4401K(13888K), [Perm : 5107K->5107K(21248K)], 0.0063810 secs] [Times: user=0.01 sys=0.00, real=0.00 secs] 
50.602: Total time for which application threads were stopped: 0.0689670 seconds, Stopping threads took: 0.0625270 seconds
50.602: Application time: 0.0005020 seconds
50.637: [GC50.637: [DefNew: 3627K->391K(4288K), 0.0008220 secs] 8029K->7722K(13888K), 0.0008470 secs] [Times: user=0.00 sys=0.00, real=0.00 secs] 
50.638: Total time for which application threads were stopped: 0.0353830 seconds, Stopping threads took: 0.0344680 seconds
50.710: Application time: 0.0721880 seconds
50.711: [GC50.711: [DefNew: 3923K->3923K(4288K), 0.0000090 secs]50.711: [Tenured: 7331K->1862K(9600K), 0.0058280 secs] 11254K->1862K(13888K), [Perm : 5107K->5107K(21248K)], 0.0058790 secs] [Times: user=0.00 sys=0.00, real=0.01 secs] 
50.717: Total time for which application threads were stopped: 0.0072530 seconds, Stopping threads took: 0.0012960 seconds
50.718: Application time: 0.0005970 seconds
50.718: [GC50.718: [DefNew: 3723K->391K(4288K), 0.0008600 secs] 5586K->5575K(13888K), 0.0008780 secs] [Times: user=0.00 sys=0.00, real=0.00 secs] 
50.719: Total time for which application threads were stopped: 0.0013730 seconds, Stopping threads took: 0.0004350 seconds
50.720: Application time: 0.0011250 seconds
50.790: [GC50.790: [DefNew: 4117K->293K(4288K), 0.0004300 secs] 9300K->6454K(13888K), 0.0004530 secs] [Times: user=0.00 sys=0.00, real=0.00 secs] 
50.790: Total time for which application threads were stopped: 0.0698640 seconds, Stopping threads took: 0.0693580 seconds
50.791: Application time: 0.0006060 seconds
50.852: [GC50.852: [DefNew: 4083K->4083K(4288K), 0.0000090 secs]50.852: [Tenured: 6161K->4414K(9600K), 0.0063330 secs] 10244K->4414K(13888K), [Perm : 5107K->5107K(21248K)], 0.0063810 secs] [Times: user=0.00 sys=0.00, real=0.01 secs] 
50.859: Total time for which application threads were stopped: 0.0677450 seconds, Stopping threads took: 0.0612840 seconds
50.859: Application time: 0.0005340 seconds
50.929: [GC50.929: [DefNew: 3548K->408K(4288K), 0.0007240 secs] 7962K->6775K(13888K), 0.0007510 secs] [Times: user=0.01 sys=0.00, real=0.00 secs] 
50.930: Total time for which application threads were stopped: 0.0710750 seconds, Stopping threads took: 0.0702540 seconds
50.931: Application time: 0.0003740 seconds
50.967: [GC50.967: [DefNew: 4131K->4131K(4288K), 0.0000070 secs]50.967: [Tenured: 6367K->6285K(9600K), 0.0063640 secs] 10499K->6285K(13888K), [Perm : 5107K->5107K(21248K)], 0.0064110 secs] [Times: user=0.00 sys=0.00, real=0.01 secs] 
50.973: Total time for which application threads were stopped: 0.0426550 seconds, Stopping threads took: 0.0361680 seconds
51.046: Application time: 0.0726660 seconds
51.047: [GC51.047: [DefNew: 3825K->3825K(4288K), 0.0000090 secs]51.047: [Tenured: 6285K->1471K(9600K), 0.0057510 secs] 10111K->1471K(13888K), [Perm : 5107K->5107K(21248K)], 0.0058020 secs] [Times: user=0.00 sys=0.00, real=0.01 secs] 
51.053: Total time for which application threads were stopped: 0.0069250 seconds, Stopping threads took: 0.0010460 seconds
51.053: Application time: 0.0006350 seconds
51.054: [GC51.054: [DefNew: 3727K->392K(4288K), 0.0008830 secs] 5199K->5184K(13888K), 0.0009120 secs] [Times: user=0.00 sys=0.00, real=0.00 secs] 
51.055: Total time for which application threads were stopped: 0.0011710 seconds, Stopping threads took: 0.0001930 seconds
51.055: Application time: 0.0008030 seconds
51.089: [GC51.089: [DefNew: 4215K->391K(4288K), 0.0008150 secs] 9007K->7724K(13888K), 0.0008390 secs] [Times: user=0.00 sys=0.00, real=0.00 secs] 
51.090: Total time for which application threads were stopped: 0.0345250 seconds, Stopping threads took: 0.0336210 seconds
51.091: Application time: 0.0012300 seconds
51.162: [GC51.162: [DefNew: 3904K->3904K(4288K), 0.0000090 secs]51.162: [Tenured: 7333K->1696K(9600K), 0.0049740 secs] 11237K->1696K(13888K), [Perm : 5107K->5107K(21248K)], 0.0050210 secs] [Times: user=0.01 sys=0.00, real=0.01 secs] 
51.167: Total time for which application threads were stopped: 0.0758210 seconds, Stopping threads took: 0.0707250 seconds
51.168: Application time: 0.0005640 seconds
51.168: [GC51.168: [DefNew: 3804K->420K(4288K), 0.0008570 secs] 5500K->5437K(13888K), 0.0008790 secs] [Times: user=0.00 sys=0.00, real=0.00 secs] 
51.169: Total time for which application threads were stopped: 0.0010900 seconds, Stopping threads took: 0.0001680 seconds
51.169: Application time: 0.0004910 seconds
51.217: [GC51.217: [DefNew: 4241K->390K(4288K), 0.0009480 secs] 9258K->8661K(13888K), 0.0009720 secs] [Times: user=0.00 sys=0.00, real=0.00 secs] 
51.218: Total time for which application threads were stopped: 0.0490850 seconds, Stopping threads took: 0.0480500 seconds
51.291: Application time: 0.0726230 seconds
51.292: [GC51.292: [DefNew: 4216K->4216K(4288K), 0.0000100 secs]51.292: [Tenured: 8270K->2312K(9600K), 0.0052840 secs] 12486K->2312K(13888K), [Perm : 5107K->5107K(21248K)], 0.0053510 secs] [Times: user=0.01 sys=0.00, real=0.01 secs] 
51.298: Total time for which application threads were stopped: 0.0066820 seconds, Stopping threads took: 0.0012540 seconds
51.298: Application time: 0.0005940 seconds
51.345: [GC51.345: [DefNew: 3825K->392K(4288K), 0.0009140 secs] 6138K->6025K(13584K), 0.0009320 secs] [Times: user=0.01 sys=0.00, real=0.00 secs] 
51.346: Total time for which application threads were stopped: 0.0478590 seconds, Stopping threads took: 0.0468660 seconds
51.347: Application time: 0.0012280 seconds
51.381: [GC51.381: [DefNew: 4113K->4113K(4288K), 0.0000070 secs]51.381: [Tenured: 5633K->5536K(9296K), 0.0063290 secs] 9747K->5536K(13584K), [Perm : 5107K->5107K(21248K)], 0.0063700 secs] [Times: user=0.01 sys=0.00, real=0.01 secs] 
51.387: Total time for which application threads were stopped: 0.0401760 seconds, Stopping threads took: 0.0337330 seconds
51.389: Application time: 0.0011080 seconds
51.458: [GC51.458: [DefNew: 3806K->420K(4288K), 0.0008510 secs] 9342K->8105K(13584K), 0.0008790 secs] [Times: user=0.00 sys=0.00, real=0.00 secs] 
51.459: Total time for which application threads were stopped: 0.0706000 seconds, Stopping threads took: 0.0696480 seconds
51.460: Application time: 0.0005130 seconds
51.493: [GC51.493: [DefNew: 4245K->4245K(4288K), 0.0000060 secs]51.493: [Tenured: 7684K->5475K(9296K), 0.0065360 secs] 11930K->5475K(13584K), [Perm : 5107K->5107K(21248K)], 0.0065790 secs] [Times: user=0.00 sys=0.00, real=0.00 secs] 
51.500: Total time for which application threads were stopped: 0.0398870 seconds, Stopping threads took: 0.0332340 seconds
51.500: Application time: 0.0008880 seconds
51.571: [GC51.571: [DefNew: 3825K->391K(4288K), 0.0005940 secs] 9300K->7039K(13584K), 0.0006230 secs] [Times: user=0.00 sys=0.00, real=0.00 secs] 
51.572: Total time for which application threads were stopped: 0.0710890 seconds, Stopping threads took: 0.0703940 seconds
51.572: Application time: 0.0003880 seconds
51.619: [GC51.619: [DefNew: 4167K->4167K(4288K), 0.0000070 secs]51.619: [Tenured: 6647K->4450K(9296K), 0.0062480 secs] 10815K->4450K(13584K), [Perm : 5107K->5107K(21248K)], 0.0062930 secs] [Times: user=0.00 sys=0.00, real=0.01 secs] 
51.626: Total time for which application threads were stopped: 0.0535910 seconds, Stopping threads took: 0.0472150 seconds
51.626: Application time: 0.0004920 seconds
51.659: [GC51.659: [DefNew: 3655K->419K(4288K), 0.0008510 secs] 8105K->7799K(13584K), 0.0008700 secs] [Times: user=0.00 sys=0.00, real=0.00 secs] 
51.660: Total time for which application threads were stopped: 0.0337260 seconds, Stopping threads took: 0.0327960 seconds
51.731: Application time: 0.0716710 seconds
51.734: [GC51.734: [DefNew: 4209K->4209K(4288K), 0.0000090 secs]51.734: [Tenured: 7379K->2489K(9296K), 0.0051090 secs] 11589K->2489K(13584K), [Perm : 5107K->5107K(21248K)], 0.0051610 secs] [Times: user=0.01 sys=0.00, real=0.00 secs] 
51.739: Total time for which application threads were stopped: 0.0076650 seconds, Stopping threads took: 0.0024190 seconds
51.740: Application time: 0.0005500 seconds
51.740: [GC51.740: [DefNew: 3741K->407K(4288K), 0.0008440 secs] 6230K->6217K(13584K), 0.0008630 secs] [Times: user=0.00 sys=0.00, real=0.00 secs] 
51.741: Total time for which application threads were stopped: 0.0013970 seconds, Stopping threads took: 0.0004690 seconds
51.742: Application time: 0.0006570 seconds
51.812: [GC51.812: [DefNew: 4232K->4232K(4288K), 0.0000070 secs]51.812: [Tenured: 5809K->4654K(9296K), 0.0062150 secs] 10042K->4654K(13584K), [Perm : 5107K->5107K(21248K)], 0.0062640 secs] [Times: user=0.01 sys=0.00, real=0.00 secs] 
51.819: Total time for which application threads were stopped: 0.0768650 seconds, Stopping threads took: 0.0705220 seconds
51.819: Application time: 0.0005090 seconds
51.853: [GC51.853: [DefNew: 3825K->392K(4288K), 0.0011250 secs] 8480K->8172K(13584K), 0.0011570 secs] [Times: user=0.00 sys=0.00, real=0.00 secs] 
51.855: Total time for which application threads were stopped: 0.0354510 seconds, Stopping threads took: 0.0342270 seconds
51.855: Application time: 0.0006520 seconds
51.904: [GC51.904: [DefNew: 4215K->4215K(4288K), 0.0000120 secs]51.904: [Tenured: 7780K->5378K(9296K), 0.0064480 secs] 11995K->5378K(13584K), [Perm : 5107K->5107K(21248K)], 0.0065030 secs] [Times: user=0.00 sys=0.00, real=0.01 secs] 
51.911: Total time for which application threads were stopped: 0.0555980 seconds, Stopping threads took: 0.0490350 seconds
51.912: Application time: 0.0008770 seconds
51.982: [GC51.982: [DefNew: 3825K->391K(4288K), 0.0008370 secs] 9203K->7918K(13584K), 0.0008660 secs] [Times: user=0.00 sys=0.00, real=0.00 secs] 
51.982: Total time for which application threads were stopped: 0.0707100 seconds, Stopping threads took: 0.0697690 seconds
51.983: Application time: 0.0004870 seconds
52.040: [GC52.040: [DefNew: 3874K->3874K(4288K), 0.0000070 secs]52.040: [Tenured: 7526K->4059K(9296K), 0.0057790 secs] 11401K->4059K(13584K), [Perm : 5107K->5107K(21248K)], 0.0058260 secs] [Times: user=0.00 sys=0.00, real=0.01 secs] 
52.046: Total time for which application threads were stopped: 0.0634310 seconds, Stopping threads took: 0.0575290 seconds
52.047: Application time: 0.0004590 seconds
52.080: [GC52.080: [DefNew: 3751K->420K(4288K), 0.0008650 secs] 7811K->7507K(13584K), 0.0008860 secs] [Times: user=0.00 sys=0.00, real=0.00 secs] 
52.081: Total time for which application threads were stopped: 0.0343350 seconds, Stopping threads took: 0.0334080 seconds
52.152: Application time: 0.0712180 seconds
52.154: [GC52.154: [DefNew: 4050K->4050K(4288K), 0.0000100 secs]52.154: [Tenured: 7087K->1696K(9296K), 0.0057600 secs] 11137K->1696K(13584K), [Perm : 5107K->5107K(21248K)], 0.0058140 secs] [Times: user=0.01 sys=0.00, real=0.00 secs] 
52.160: Total time for which application threads were stopped: 0.0074940 seconds, Stopping threads took: 0.0016020 seconds
52.161: Application time: 0.0006720 seconds
52.161: [GC52.161: [DefNew: 3725K->392K(4288K), 0.0008750 secs] 5422K->5409K(13584K), 0.0008930 secs] [Times: user=0.00 sys=0.00, real=0.00 secs] 
52.162: Total time for which application threads were stopped: 0.0013340 seconds, Stopping threads took: 0.0003810 seconds
52.163: Application time: 0.0008850 seconds
52.224: [GC52.224: [DefNew: 4094K->322K(4288K), 0.0005970 secs] 9111K->6903K(13584K), 0.0006260 secs] [Times: user=0.00 sys=0.00, real=0.01 secs] 
52.225: Total time for which application threads were stopped: 0.0619960 seconds, Stopping threads took: 0.0613080 seconds
52.225: Application time: 0.0003810 seconds
52.276: [GC52.276: [DefNew: 3952K->3952K(4288K), 0.0000070 secs]52.276: [Tenured: 6581K->4461K(9296K), 0.0061820 secs] 10533K->4461K(13584K), [Perm : 5107K->5107K(21248K)], 0.0062240 secs] [Times: user=0.01 sys=0.00, real=0.00 secs] 
52.282: Total time for which application threads were stopped: 0.0568090 seconds, Stopping threads took: 0.0505030 seconds
52.282: Application time: 0.0005640 seconds
52.283: [GC52.283: [DefNew: 3723K->391K(4288K), 0.0008620 secs] 8184K->8173K(13584K), 0.0008850 secs] [Times: user=0.00 sys=0.00, real=0.00 secs] 
52.284: Total time for which application threads were stopped: 0.0013960 seconds, Stopping threads took: 0.0004460 seconds
52.356: Application time: 0.0723220 seconds
52.360: [GC52.360: [DefNew: 4119K->4119K(4288K), 0.0000090 secs]52.360: [Tenured: 7781K->2839K(9296K), 0.0053560 secs] 11900K->2839K(13584K), [Perm : 5107K->5107K(21248K)], 0.0054100 secs] [Times: user=0.00 sys=0.00, real=0.01 secs] 
52.366: Total time for which application threads were stopped: 0.0093550 seconds, Stopping threads took: 0.0038650 seconds
52.366: Application time: 0.0004710 seconds
52.413: [GC52.413: [DefNew: 3727K->392K(4288K), 0.0007890 secs] 6567K->5966K(13584K), 0.0008090 secs] [Times: user=0.00 sys=0.00, real=0.00 secs] 
52.413: Total time for which application threads were stopped: 0.0474380 seconds, Stopping threads took: 0.0465650 seconds
52.414: Application time: 0.0006480 seconds
52.448: [GC52.448: [DefNew: 4115K->4115K(4288K), 0.0000060 secs]52.448: [Tenured: 5573K->5964K(9296K), 0.0059490 secs] 9689K->5964K(13584K), [Perm : 5107K->5107K(21248K)], 0.0060070 secs] [Times: user=0.01 sys=0.00, real=0.01 secs] 
52.454: Total time for which application threads were stopped: 0.0398430 seconds, Stopping threads took: 0.0337820 seconds
52.455: Application time: 0.0009030 seconds
52.525: [GC52.525: [DefNew: 3825K->3825K(4288K), 0.0000090 secs]52.525: [Tenured: 5964K->3328K(9600K), 0.0060730 secs] 9789K->3328K(13888K), [Perm : 5107K->5107K(21248K)], 0.0061270 secs] [Times: user=0.01 sys=0.00, real=0.00 secs] 
52.531: Total time for which application threads were stopped: 0.0761550 seconds, Stopping threads took: 0.0699700 seconds
52.532: Application time: 0.0004980 seconds
52.565: [GC52.565: [DefNew: 3825K->392K(4288K), 0.0009700 secs] 7153K->7040K(13888K), 0.0009950 secs] [Times: user=0.00 sys=0.00, real=0.00 secs] 
52.566: Total time for which application threads were stopped: 0.0343500 seconds, Stopping threads took: 0.0332850 seconds
52.566: Application time: 0.0004350 seconds
52.628: [GC52.628: [DefNew: 4117K->4117K(4288K), 0.0000070 secs]52.628: [Tenured: 6648K->4402K(9600K), 0.0061720 secs] 10766K->4402K(13888K), [Perm : 5107K->5107K(21248K)], 0.0062200 secs] [Times: user=0.01 sys=0.00, real=0.01 secs] 
52.634: Total time for which application threads were stopped: 0.0680210 seconds, Stopping threads took: 0.0617470 seconds
52.635: Application time: 0.0004580 seconds
52.669: [GC52.669: [DefNew: 3532K->294K(4288K), 0.0007620 secs] 7934K->7040K(13888K), 0.0007860 secs] [Times: user=0.00 sys=0.00, real=0.00 secs] 
52.670: Total time for which application threads were stopped: 0.0349020 seconds, Stopping threads took: 0.0340500 seconds
52.670: Application time: 0.0006910 seconds
52.704: [GC52.704: [DefNew: 4094K->4094K(4288K), 0.0000060 secs]52.704: [Tenured: 6745K->7331K(9600K), 0.0064950 secs] 10840K->7331K(13888K), [Perm : 5107K->5107K(21248K)], 0.0065410 secs] [Times: user=0.01 sys=0.00, real=0.01 secs] 
52.710: Total time for which application threads were stopped: 0.0398720 seconds, Stopping threads took: 0.0332550 seconds
52.782: Application time: 0.0715470 seconds
52.785: [GC52.785: [DefNew: 3727K->3727K(4288K), 0.0000080 secs]52.785: [Tenured: 7331K->2448K(9600K), 0.0052150 secs] 11059K->2448K(13888K), [Perm : 5107K->5107K(21248K)], 0.0052710 secs] [Times: user=0.01 sys=0.00, real=0.00 secs] 
52.791: Total time for which application threads were stopped: 0.0088790 seconds, Stopping threads took: 0.0035200 seconds
52.791: Application time: 0.0005750 seconds
52.834: [GC52.834: [DefNew: 3511K->420K(4288K), 0.0007700 secs] 5960K->5604K(13888K), 0.0007870 secs] [Times: user=0.00 sys=0.00, real=0.00 secs] 
52.834: Total time for which application threads were stopped: 0.0430490 seconds, Stopping threads took: 0.0422020 seconds
52.835: Application time: 0.0004760 seconds
52.868: [GC52.868: [DefNew: 4241K->391K(4288K), 0.0011830 secs] 9425K->8827K(13888K), 0.0012160 secs] [Times: user=0.00 sys=0.00, real=0.00 secs] 
52.869: Total time for which application threads were stopped: 0.0346380 seconds, Stopping threads took: 0.0333590 seconds
52.943: Application time: 0.0734140 seconds
52.944: [GC52.944: [DefNew: 4216K->4216K(4288K), 0.0000090 secs]52.944: [Tenured: 8436K->1696K(9600K), 0.0057970 secs] 12652K->1696K(13888K), [Perm : 5107K->5107K(21248K)], 0.0058460 secs] [Times: user=0.00 sys=0.00, real=0.01 secs] 
52.950: Total time for which application threads were stopped: 0.0071000 seconds, Stopping threads took: 0.0011750 seconds
52.950: Application time: 0.0005020 seconds
52.951: [GC52.951: [DefNew: 3725K->392K(4288K), 0.0008470 secs] 5422K->5409K(13888K), 0.0008690 secs] [Times: user=0.00 sys=0.00, real=0.00 secs] 
52.952: Total time for which application threads were stopped: 0.0011500 seconds, Stopping threads took: 0.0002160 seconds
52.953: Application time: 0.0013320 seconds
53.017: [GC53.017: [DefNew: 4215K->293K(4288K), 0.0006210 secs] 9232K->7070K(13888K), 0.0006450 secs] [Times: user=0.00 sys=0.00, real=0.00 secs] 
53.018: Total time for which application threads were stopped: 0.0649460 seconds, Stopping threads took: 0.0642360 seconds
53.019: Application time: 0.0008030 seconds
53.080: [GC53.080: [DefNew: 4118K->4118K(4288K), 0.0000080 secs]53.080: [Tenured: 6776K->4431K(9600K), 0.0055680 secs] 10895K->4431K(13888K), [Perm : 5107K->5107K(21248K)], 0.0056140 secs] [Times: user=0.00 sys=0.00, real=0.01 secs] 
53.086: Total time for which application threads were stopped: 0.0669630 seconds, Stopping threads took: 0.0612760 seconds
53.086: Application time: 0.0008120 seconds
53.137: [GC53.137: [DefNew: 3803K->420K(4288K), 0.0007790 secs] 8235K->7000K(13888K), 0.0008060 secs] [Times: user=0.00 sys=0.00, real=0.00 secs] 
53.138: Total time for which application threads were stopped: 0.0510720 seconds, Stopping threads took: 0.0501950 seconds
53.138: Application time: 0.0003920 seconds
53.202: [GC53.202: [DefNew: 4245K->4245K(4288K), 0.0000080 secs]53.202: [Tenured: 6579K->4402K(9600K), 0.0063610 secs] 10825K->4402K(13888K), [Perm : 5107K->5107K(21248K)], 0.0064040 secs] [Times: user=0.00 sys=0.00, real=0.01 secs] 
53.208: Total time for which application threads were stopped: 0.0704690 seconds, Stopping threads took: 0.0640120 seconds
53.209: Application time: 0.0004920 seconds
53.243: [GC53.243: [DefNew: 3823K->293K(4288K), 0.0008810 secs] 8225K->7625K(13888K), 0.0009060 secs] [Times: user=0.00 sys=0.00, real=0.00 secs] 
53.243: Total time for which application threads were stopped: 0.0345370 seconds, Stopping threads took: 0.0335830 seconds
53.316: Application time: 0.0722270 seconds
53.318: [GC53.318: [DefNew: 4119K->4119K(4288K), 0.0000090 secs]53.318: [Tenured: 7331K->1473K(9600K), 0.0055930 secs] 11451K->1473K(13888K), [Perm : 5107K->5107K(21248K)], 0.0056410 secs] [Times: user=0.01 sys=0.00, real=0.00 secs] 
53.324: Total time for which application threads were stopped: 0.0082110 seconds, Stopping threads took: 0.0024850 seconds
53.324: Application time: 0.0005710 seconds
53.325: [GC53.325: [DefNew: 3727K->392K(4288K), 0.0008790 secs] 5200K->5185K(13888K), 0.0009020 secs] [Times: user=0.00 sys=0.00, real=0.00 secs] 
53.326: Total time for which application threads were stopped: 0.0012000 seconds, Stopping threads took: 0.0002320 seconds
53.326: Application time: 0.0006040 seconds
53.372: [GC53.372: [DefNew: 4115K->390K(4288K), 0.0009200 secs] 8909K->8311K(13888K), 0.0009510 secs] [Times: user=0.00 sys=0.00, real=0.01 secs] 
53.373: Total time for which application threads were stopped: 0.0469530 seconds, Stopping threads took: 0.0459580 seconds
53.445: Application time: 0.0715500 seconds
53.449: [GC53.449: [DefNew: 4118K->4118K(4288K), 0.0000090 secs]53.449: [Tenured: 7920K->1863K(9600K), 0.0043700 secs] 12039K->1863K(13888K), [Perm : 5107K->5107K(21248K)], 0.0044180 secs] [Times: user=0.00 sys=0.00, real=0.01 secs] 
53.453: Total time for which application threads were stopped: 0.0086330 seconds, Stopping threads took: 0.0041630 seconds
53.454: Application time: 0.0006220 seconds
53.455: [GC53.455: [DefNew: 3775K->440K(4288K), 0.0008630 secs] 5639K->5625K(13888K), 0.0008810 secs] [Times: user=0.00 sys=0.00, real=0.00 secs] 
53.455: Total time for which application threads were stopped: 0.0013810 seconds, Stopping threads took: 0.0004400 seconds
53.456: Application time: 0.0006050 seconds
53.521: [GC53.521: [DefNew: 4094K->419K(4288K), 0.0007390 secs] 9279K->7656K(13888K), 0.0007620 secs] [Times: user=0.00 sys=0.00, real=0.00 secs] 
53.522: Total time for which application threads were stopped: 0.0658710 seconds, Stopping threads took: 0.0650440 seconds
53.523: Application time: 0.0008010 seconds
53.590: [GC53.590: [DefNew: 4225K->4225K(4288K), 0.0000080 secs]53.590: [Tenured: 7236K->4362K(9600K), 0.0061500 secs] 11462K->4362K(13888K), [Perm : 5107K->5107K(21248K)], 0.0062000 secs] [Times: user=0.01 sys=0.00, real=0.01 secs] 
53.597: Total time for which application threads were stopped: 0.0739830 seconds, Stopping threads took: 0.0677080 seconds
53.597: Application time: 0.0005940 seconds
53.667: [GC53.667: [DefNew: 3805K->420K(4288K), 0.0008840 secs] 8168K->7517K(13888K), 0.0009060 secs] [Times: user=0.00 sys=0.00, real=0.00 secs] 
53.668: Total time for which application threads were stopped: 0.0709700 seconds, Stopping threads took: 0.0699960 seconds
53.669: Application time: 0.0003900 seconds
53.734: [GC53.734: [DefNew: 4148K->4148K(4288K), 0.0000070 secs]53.734: [Tenured: 7096K->4011K(9600K), 0.0062860 secs] 11244K->4011K(13888K), [Perm : 5107K->5107K(21248K)], 0.0063300 secs] [Times: user=0.01 sys=0.00, real=0.00 secs] 
53.740: Total time for which application threads were stopped: 0.0716620 seconds, Stopping threads took: 0.0652520 seconds
53.741: Application time: 0.0005430 seconds
53.775: [GC53.775: [DefNew: 3723K->294K(4288K), 0.0008820 secs] 7735K->7431K(13888K), 0.0015270 secs] [Times: user=0.00 sys=0.00, real=0.00 secs] 
53.777: Total time for which application threads were stopped: 0.0357480 seconds, Stopping threads took: 0.0341470 seconds
53.849: Application time: 0.0725030 seconds
53.853: [GC53.853: [DefNew: 3924K->3924K(4288K), 0.0000100 secs]53.853: [Tenured: 7136K->1863K(9600K), 0.0053890 secs] 11060K->1863K(13888K), [Perm : 5107K->5107K(21248K)], 0.0054430 secs] [Times: user=0.01 sys=0.00, real=0.00 secs] 
53.859: Total time for which application threads were stopped: 0.0097360 seconds, Stopping threads took: 0.0042040 seconds
53.859: Application time: 0.0006080 seconds
53.860: [GC53.860: [DefNew: 3725K->392K(4288K), 0.0008740 secs] 5589K->5576K(13888K), 0.0008970 secs] [Times: user=0.00 sys=0.00, real=0.00 secs] 
53.861: Total time for which application threads were stopped: 0.0012980 seconds, Stopping threads took: 0.0003370 seconds
53.862: Application time: 0.0011450 seconds
53.923: [GC53.923: [DefNew: 4215K->391K(4288K), 0.0005780 secs] 9399K->7042K(13888K), 0.0006010 secs] [Times: user=0.00 sys=0.00, real=0.00 secs] 
53.924: Total time for which application threads were stopped: 0.0621490 seconds, Stopping threads took: 0.0614810 seconds
53.925: Application time: 0.0007020 seconds
53.980: [GC53.980: [DefNew: 4216K->4216K(4288K), 0.0000080 secs]53.980: [Tenured: 6651K->4598K(9600K), 0.0063450 secs] 10867K->4598K(13888K), [Perm : 5107K->5107K(21248K)], 0.0063930 secs] [Times: user=0.00 sys=0.00, real=0.01 secs] 
53.986: Total time for which application threads were stopped: 0.0612070 seconds, Stopping threads took: 0.0547370 seconds
53.987: Application time: 0.0008340 seconds
54.048: [GC54.048: [DefNew: 3803K->420K(4288K), 0.0007930 secs] 8402K->7167K(13888K), 0.0008260 secs] [Times: user=0.00 sys=0.00, real=0.00 secs] 
54.049: Total time for which application threads were stopped: 0.0620480 seconds, Stopping threads took: 0.0611720 seconds
54.049: Application time: 0.0004320 seconds
54.087: [GC54.087: [DefNew: 3933K->3933K(4288K), 0.0000080 secs]54.087: [Tenured: 6747K->4264K(9600K), 0.0062460 secs] 10680K->4264K(13888K), [Perm : 5107K->5107K(21248K)], 0.0062880 secs] [Times: user=0.01 sys=0.00, real=0.01 secs] 
54.094: Total time for which application threads were stopped: 0.0443080 seconds, Stopping threads took: 0.0379450 seconds
54.094: Application time: 0.0005230 seconds
54.127: [GC54.127: [DefNew: 3825K->391K(4288K), 0.0008680 secs] 8090K->7781K(13888K), 0.0008910 secs] [Times: user=0.00 sys=0.00, real=0.00 secs] 
54.128: Total time for which application threads were stopped: 0.0341420 seconds, Stopping threads took: 0.0332050 seconds
54.200: Application time: 0.0714190 seconds
54.201: [GC54.202: [DefNew: 3923K->3923K(4288K), 0.0000100 secs]54.202: [Tenured: 7389K->1668K(9600K), 0.0058300 secs] 11313K->1668K(13888K), [Perm : 5107K->5107K(21248K)], 0.0058830 secs] [Times: user=0.01 sys=0.00, real=0.01 secs] 
54.207: Total time for which application threads were stopped: 0.0077060 seconds, Stopping threads took: 0.0017440 seconds
54.208: Application time: 0.0006510 seconds
54.208: [GC54.208: [DefNew: 3725K->392K(4288K), 0.0008610 secs] 5394K->5381K(13888K), 0.0008790 secs] [Times: user=0.00 sys=0.00, real=0.00 secs] 
54.209: Total time for which application threads were stopped: 0.0011870 seconds, Stopping threads took: 0.0002480 seconds
54.210: Application time: 0.0008570 seconds
54.280: [GC54.280: [DefNew: 4215K->391K(4288K), 0.0006550 secs] 9204K->6944K(13888K), 0.0006780 secs] [Times: user=0.00 sys=0.00, real=0.00 secs] 
54.281: Total time for which application threads were stopped: 0.0708180 seconds, Stopping threads took: 0.0700740 seconds
54.281: Application time: 0.0003720 seconds
54.318: [GC54.318: [DefNew: 4216K->4216K(4288K), 0.0000070 secs]54.318: [Tenured: 6553K->4402K(9600K), 0.0062710 secs] 10769K->4402K(13888K), [Perm : 5107K->5107K(21248K)], 0.0063150 secs] [Times: user=0.01 sys=0.00, real=0.00 secs] 
54.324: Total time for which application threads were stopped: 0.0427300 seconds, Stopping threads took: 0.0363390 seconds
54.325: Application time: 0.0004940 seconds
54.325: [GC54.325: [DefNew: 3821K->391K(4288K), 0.0009190 secs] 8223K->8212K(13888K), 0.0009380 secs] [Times: user=0.00 sys=0.00, real=0.00 secs] 
54.326: Total time for which application threads were stopped: 0.0014040 seconds, Stopping threads took: 0.0004050 seconds
54.399: Application time: 0.0734640 seconds
54.432: [GC54.432: [DefNew: 4118K->4118K(4288K), 0.0000100 secs]54.432: [Tenured: 7820K->2255K(9600K), 0.0058590 secs] 11939K->2255K(13888K), [Perm : 5107K->5107K(21248K)], 0.0059150 secs] [Times: user=0.00 sys=0.00, real=0.01 secs] 
54.438: Total time for which application threads were stopped: 0.0386930 seconds, Stopping threads took: 0.0326900 seconds
54.439: Application time: 0.0006130 seconds
54.439: [GC54.439: [DefNew: 3723K->391K(4288K), 0.0008530 secs] 5978K->5967K(13888K), 0.0008700 secs] [Times: user=0.00 sys=0.00, real=0.00 secs] 
54.440: Total time for which application threads were stopped: 0.0012270 seconds, Stopping threads took: 0.0002960 seconds
54.441: Application time: 0.0014050 seconds
54.511: [GC54.511: [DefNew: 4216K->4216K(4288K), 0.0000090 secs]54.511: [Tenured: 5575K->3330K(9600K), 0.0060760 secs] 9792K->3330K(13888K), [Perm : 5107K->5107K(21248K)], 0.0061260 secs] [Times: user=0.01 sys=0.00, real=0.01 secs] 
54.517: Total time for which application threads were stopped: 0.0756620 seconds, Stopping threads took: 0.0694590 seconds
54.518: Application time: 0.0006590 seconds
54.551: [GC54.551: [DefNew: 3825K->392K(4288K), 0.0009680 secs] 7155K->7043K(13888K), 0.0009930 secs] [Times: user=0.00 sys=0.00, real=0.01 secs] 
54.552: Total time for which application threads were stopped: 0.0346850 seconds, Stopping threads took: 0.0336160 seconds
54.553: Application time: 0.0007670 seconds
54.600: [GC54.600: [DefNew: 4192K->4192K(4288K), 0.0000060 secs]54.600: [Tenured: 6650K->6551K(9600K), 0.0067140 secs] 10842K->6551K(13888K), [Perm : 5107K->5107K(21248K)], 0.0067590 secs] [Times: user=0.00 sys=0.00, real=0.01 secs] 
54.606: Total time for which application threads were stopped: 0.0533270 seconds, Stopping threads took: 0.0464930 seconds
54.679: Application time: 0.0722780 seconds
54.680: [GC54.680: [DefNew: 3727K->3727K(4288K), 0.0000090 secs]54.680: [Tenured: 6551K->1668K(9600K), 0.0057820 secs] 10278K->1668K(13888K), [Perm : 5107K->5107K(21248K)], 0.0058340 secs] [Times: user=0.01 sys=0.00, real=0.01 secs] 
54.686: Total time for which application threads were stopped: 0.0073430 seconds, Stopping threads took: 0.0014530 seconds
54.687: Application time: 0.0006270 seconds
54.687: [GC54.687: [DefNew: 3775K->391K(4288K), 0.0008460 secs] 5443K->5380K(13888K), 0.0008630 secs] [Times: user=0.00 sys=0.00, real=0.00 secs] 
54.688: Total time for which application threads were stopped: 0.0012310 seconds, Stopping threads took: 0.0003080 seconds
54.689: Application time: 0.0007060 seconds
54.758: [GC54.758: [DefNew: 4045K->419K(4288K), 0.0008710 secs] 9034K->7850K(13888K), 0.0008970 secs] [Times: user=0.00 sys=0.00, real=0.00 secs] 
54.759: Total time for which application threads were stopped: 0.0698870 seconds, Stopping threads took: 0.0689220 seconds
54.759: Application time: 0.0005110 seconds
54.815: [GC54.815: [DefNew: 4049K->4049K(4288K), 0.0000060 secs]54.815: [Tenured: 7431K->4040K(9600K), 0.0056420 secs] 11481K->4040K(13888K), [Perm : 5107K->5107K(21248K)], 0.0056870 secs] [Times: user=0.01 sys=0.00, real=0.00 secs] 
54.821: Total time for which application threads were stopped: 0.0619350 seconds, Stopping threads took: 0.0561880 seconds
54.821: Application time: 0.0004830 seconds
54.855: [GC54.855: [DefNew: 3628K->391K(4288K), 0.0009740 secs] 7668K->7069K(13888K), 0.0010030 secs] [Times: user=0.00 sys=0.00, real=0.00 secs] 
54.856: Total time for which application threads were stopped: 0.0347690 seconds, Stopping threads took: 0.0337130 seconds
54.857: Application time: 0.0008040 seconds
54.890: [GC54.890: [DefNew: 4215K->4215K(4288K), 0.0000070 secs]54.890: [Tenured: 6677K->7166K(9600K), 0.0061900 secs] 10892K->7166K(13888K), [Perm : 5107K->5107K(21248K)], 0.0062370 secs] [Times: user=0.01 sys=0.00, real=0.01 secs] 
54.897: Total time for which application threads were stopped: 0.0395190 seconds, Stopping threads took: 0.0332040 seconds
54.968: Application time: 0.0715210 seconds
54.971: [GC54.971: [DefNew: 3805K->3805K(4288K), 0.0000090 secs]54.972: [Tenured: 7166K->2254K(9600K), 0.0051860 secs] 10972K->2254K(13888K), [Perm : 5107K->5107K(21248K)], 0.0052390 secs] [Times: user=0.01 sys=0.00, real=0.01 secs] 
54.977: Total time for which application threads were stopped: 0.0086430 seconds, Stopping threads took: 0.0033190 seconds
54.977: Application time: 0.0005630 seconds
55.024: [GC55.024: [DefNew: 3630K->392K(4288K), 0.0007960 secs] 5884K->5576K(13888K), 0.0008130 secs] [Times: user=0.01 sys=0.00, real=0.00 secs] 
55.025: Total time for which application threads were stopped: 0.0479020 seconds, Stopping threads took: 0.0470270 seconds
55.026: Application time: 0.0004480 seconds
55.059: [GC55.059: [DefNew: 4211K->391K(4288K), 0.0009180 secs] 9395K->8799K(13888K), 0.0009410 secs] [Times: user=0.00 sys=0.00, real=0.00 secs] 
55.060: Total time for which application threads were stopped: 0.0343120 seconds, Stopping threads took: 0.0333180 seconds
55.132: Application time: 0.0722050 seconds
55.134: [GC55.134: [DefNew: 4216K->4216K(4288K), 0.0000080 secs]55.134: [Tenured: 8408K->1669K(9600K), 0.0057350 secs] 12624K->1669K(13888K), [Perm : 5107K->5107K(21248K)], 0.0057850 secs] [Times: user=0.00 sys=0.00, real=0.00 secs] 
55.140: Total time for which application threads were stopped: 0.0079920 seconds, Stopping threads took: 0.0021300 seconds
55.141: Application time: 0.0005280 seconds
55.141: [GC55.141: [DefNew: 3725K->392K(4288K), 0.0008690 secs] 5395K->5382K(13888K), 0.0008980 secs] [Times: user=0.00 sys=0.00, real=0.00 secs] 
55.142: Total time for which application threads were stopped: 0.0012350 seconds, Stopping threads took: 0.0002740 seconds
55.143: Application time: 0.0011640 seconds
55.206: [GC55.206: [DefNew: 4215K->391K(4288K), 0.0006930 secs] 9205K->7238K(13888K), 0.0007160 secs] [Times: user=0.00 sys=0.00, real=0.00 secs] 
55.207: Total time for which application threads were stopped: 0.0638470 seconds, Stopping threads took: 0.0630670 seconds
55.208: Application time: 0.0007430 seconds
55.271: [GC55.271: [DefNew: 4216K->4216K(4288K), 0.0000080 secs]55.271: [Tenured: 6847K->4404K(9600K), 0.0059400 secs] 11064K->4404K(13888K), [Perm : 5107K->5107K(21248K)], 0.0059890 secs] [Times: user=0.00 sys=0.00, real=0.01 secs] 
55.277: Total time for which application threads were stopped: 0.0688910 seconds, Stopping threads took: 0.0628270 seconds
55.277: Application time: 0.0004640 seconds
55.340: [GC55.340: [DefNew: 3532K->391K(4288K), 0.0007150 secs] 7936K->7042K(13888K), 0.0007370 secs] [Times: user=0.00 sys=0.00, real=0.00 secs] 
55.340: Total time for which application threads were stopped: 0.0633400 seconds, Stopping threads took: 0.0625600 seconds
55.341: Application time: 0.0007400 seconds
55.411: [GC55.411: [DefNew: 4197K->4197K(4288K), 0.0000070 secs]55.411: [Tenured: 6650K->3066K(9600K), 0.0053970 secs] 10848K->3066K(13888K), [Perm : 5107K->5107K(21248K)], 0.0054440 secs] [Times: user=0.01 sys=0.00, real=0.01 secs] 
55.417: Total time for which application threads were stopped: 0.0753900 seconds, Stopping threads took: 0.0698700 seconds
55.417: Application time: 0.0005430 seconds
55.451: [GC55.451: [DefNew: 3688K->440K(4288K), 0.0008130 secs] 6755K->6055K(13888K), 0.0008350 secs] [Times: user=0.00 sys=0.00, real=0.00 secs] 
55.452: Total time for which application threads were stopped: 0.0344830 seconds, Stopping threads took: 0.0335810 seconds
55.452: Application time: 0.0006160 seconds
55.486: [GC55.486: [DefNew: 4164K->4164K(4288K), 0.0000070 secs]55.486: [Tenured: 5614K->4891K(9600K), 0.0063020 secs] 9778K->4891K(13888K), [Perm : 5107K->5107K(21248K)], 0.0063440 secs] [Times: user=0.01 sys=0.00, real=0.01 secs] 
55.493: Total time for which application threads were stopped: 0.0403590 seconds, Stopping threads took: 0.0339340 seconds
55.493: Application time: 0.0007430 seconds
55.558: [GC55.558: [DefNew: 3825K->391K(4288K), 0.0008920 secs] 8716K->7822K(13888K), 0.0009230 secs] [Times: user=0.00 sys=0.00, real=0.00 secs] 
55.559: Total time for which application threads were stopped: 0.0653190 seconds, Stopping threads took: 0.0643220 seconds
55.559: Application time: 0.0003730 seconds
55.614: [GC55.614: [DefNew: 3924K->3924K(4288K), 0.0000070 secs]55.614: [Tenured: 7430K->3621K(9600K), 0.0062110 secs] 11354K->3621K(13888K), [Perm : 5107K->5107K(21248K)], 0.0062520 secs] [Times: user=0.00 sys=0.00, real=0.00 secs] 
55.621: Total time for which application threads were stopped: 0.0617350 seconds, Stopping threads took: 0.0554120 seconds
55.621: Application time: 0.0005090 seconds
55.622: [GC55.622: [DefNew: 3723K->391K(4288K), 0.0008460 secs] 7345K->7334K(13888K), 0.0008700 secs] [Times: user=0.00 sys=0.00, real=0.00 secs] 
55.623: Total time for which application threads were stopped: 0.0012960 seconds, Stopping threads took: 0.0003830 seconds
55.694: Application time: 0.0713760 seconds
55.697: [GC55.697: [DefNew: 4119K->4119K(4288K), 0.0000090 secs]55.697: [Tenured: 6942K->2450K(9600K), 0.0052860 secs] 11061K->2450K(13888K), [Perm : 5107K->5107K(21248K)], 0.0053400 secs] [Times: user=0.01 sys=0.00, real=0.00 secs] 
55.702: Total time for which application threads were stopped: 0.0079900 seconds, Stopping threads took: 0.0025700 seconds
55.702: Application time: 0.0005610 seconds
55.736: [GC55.736: [DefNew: 3727K->392K(4288K), 0.0008070 secs] 6178K->5870K(13888K), 0.0008260 secs] [Times: user=0.00 sys=0.00, real=0.00 secs] 
55.736: Total time for which application threads were stopped: 0.0339330 seconds, Stopping threads took: 0.0330370 seconds
55.738: Application time: 0.0014040 seconds
55.798: [GC55.798: [DefNew: 4215K->4215K(4288K), 0.0000080 secs]55.798: [Tenured: 5478K->4599K(9600K), 0.0060400 secs] 9693K->4599K(13888K), [Perm : 5107K->5107K(21248K)], 0.0060890 secs] [Times: user=0.01 sys=0.00, real=0.00 secs] 
55.804: Total time for which application threads were stopped: 0.0660570 seconds, Stopping threads took: 0.0598900 seconds
55.805: Application time: 0.0007840 seconds
55.871: [GC55.871: [DefNew: 3806K->420K(4288K), 0.0009690 secs] 8405K->7364K(13888K), 0.0010030 secs] [Times: user=0.00 sys=0.00, real=0.01 secs] 
55.873: Total time for which application threads were stopped: 0.0678650 seconds, Stopping threads took: 0.0667830 seconds
55.873: Application time: 0.0004090 seconds
55.920: [GC55.920: [DefNew: 4048K->4048K(4288K), 0.0000050 secs]55.920: [Tenured: 6943K->4402K(9600K), 0.0057330 secs] 10992K->4402K(13888K), [Perm : 5107K->5107K(21248K)], 0.0057780 secs] [Times: user=0.01 sys=0.00, real=0.01 secs] 
55.926: Total time for which application threads were stopped: 0.0528790 seconds, Stopping threads took: 0.0470260 seconds
55.926: Application time: 0.0005890 seconds
55.960: [GC55.960: [DefNew: 3721K->391K(4288K), 0.0008790 secs] 8124K->7821K(13888K), 0.0009030 secs] [Times: user=0.00 sys=0.00, real=0.00 secs] 
55.960: Total time for which application threads were stopped: 0.0341050 seconds, Stopping threads took: 0.0331360 seconds
56.033: Application time: 0.0725270 seconds
56.035: [GC56.035: [DefNew: 4216K->4216K(4288K), 0.0000100 secs]56.035: [Tenured: 7430K->2645K(9600K), 0.0059000 secs] 11647K->2645K(13888K), [Perm : 5107K->5107K(21248K)], 0.0059520 secs] [Times: user=0.00 sys=0.00, real=0.00 secs] 
56.041: Total time for which application threads were stopped: 0.0075830 seconds, Stopping threads took: 0.0015430 seconds
56.041: Application time: 0.0006940 seconds
56.075: [GC56.075: [DefNew: 3678K->392K(4288K), 0.0008330 secs] 6323K->5967K(13888K), 0.0008570 secs] [Times: user=0.00 sys=0.00, real=0.00 secs] 
56.076: Total time for which application threads were stopped: 0.0345570 seconds, Stopping threads took: 0.0336350 seconds
56.076: Application time: 0.0004620 seconds
56.110: [GC56.110: [DefNew: 4044K->4044K(4288K), 0.0000070 secs]56.110: [Tenured: 5575K->5604K(9600K), 0.0062760 secs] 9619K->5604K(13888K), [Perm : 5107K->5107K(21248K)], 0.0063240 secs] [Times: user=0.01 sys=0.01, real=0.01 secs] 
56.116: Total time for which application threads were stopped: 0.0397290 seconds, Stopping threads took: 0.0333280 seconds
56.117: Application time: 0.0009430 seconds
56.187: [GC56.187: [DefNew: 3825K->391K(4288K), 0.0007460 secs] 9429K->7949K(13888K), 0.0007700 secs] [Times: user=0.00 sys=0.00, real=0.00 secs] 
56.188: Total time for which application threads were stopped: 0.0707580 seconds, Stopping threads took: 0.0699310 seconds
56.188: Application time: 0.0004030 seconds
56.251: [GC56.251: [DefNew: 4022K->4022K(4288K), 0.0000050 secs]56.251: [Tenured: 7557K->4432K(9600K), 0.0055620 secs] 11579K->4432K(13888K), [Perm : 5107K->5107K(21248K)], 0.0055990 secs] [Times: user=0.00 sys=0.00, real=0.01 secs] 
56.257: Total time for which application threads were stopped: 0.0683960 seconds, Stopping threads took: 0.0627270 seconds
56.257: Application time: 0.0004810 seconds
56.290: [GC56.290: [DefNew: 3721K->293K(4288K), 0.0008150 secs] 8153K->7851K(13888K), 0.0008370 secs] [Times: user=0.00 sys=0.00, real=0.00 secs] 
56.291: Total time for which application threads were stopped: 0.0340540 seconds, Stopping threads took: 0.0331510 seconds
56.363: Application time: 0.0719460 seconds
56.365: [GC56.365: [DefNew: 3923K->3923K(4288K), 0.0000100 secs]56.365: [Tenured: 7557K->1668K(9600K), 0.0058180 secs] 11481K->1668K(13888K), [Perm : 5107K->5107K(21248K)], 0.0058670 secs] [Times: user=0.01 sys=0.00, real=0.00 secs] 
56.371: Total time for which application threads were stopped: 0.0075210 seconds, Stopping threads took: 0.0015750 seconds
56.371: Application time: 0.0006380 seconds
56.372: [GC56.372: [DefNew: 3725K->392K(4288K), 0.0008810 secs] 5394K->5381K(13888K), 0.0009110 secs] [Times: user=0.00 sys=0.00, real=0.01 secs] 
56.372: Total time for which application threads were stopped: 0.0012750 seconds, Stopping threads took: 0.0003200 seconds
56.374: Application time: 0.0012370 seconds
56.443: [GC56.443: [DefNew: 4215K->391K(4288K), 0.0005930 secs] 9204K->6749K(13888K), 0.0006180 secs] [Times: user=0.00 sys=0.00, real=0.00 secs] 
56.444: Total time for which application threads were stopped: 0.0702940 seconds, Stopping threads took: 0.0696090 seconds
56.444: Application time: 0.0004010 seconds
56.478: [GC56.478: [DefNew: 4216K->4216K(4288K), 0.0000070 secs]56.478: [Tenured: 6358K->4402K(9600K), 0.0062260 secs] 10574K->4402K(13888K), [Perm : 5107K->5107K(21248K)], 0.0062740 secs] [Times: user=0.01 sys=0.00, real=0.00 secs] 
56.484: Total time for which application threads were stopped: 0.0398610 seconds, Stopping threads took: 0.0335110 seconds
56.485: Application time: 0.0005310 seconds
56.536: [GC56.536: [DefNew: 3625K->391K(4288K), 0.0007570 secs] 8028K->7138K(13888K), 0.0007780 secs] [Times: user=0.00 sys=0.00, real=0.00 secs] 
56.537: Total time for which application threads were stopped: 0.0518810 seconds, Stopping threads took: 0.0510320 seconds
56.537: Application time: 0.0007270 seconds
56.607: [GC56.607: [DefNew: 4099K->4099K(4288K), 0.0000070 secs]56.607: [Tenured: 6746K->3064K(9600K), 0.0060490 secs] 10846K->3064K(13888K), [Perm : 5107K->5107K(21248K)], 0.0060940 secs] [Times: user=0.01 sys=0.00, real=0.01 secs] 
56.613: Total time for which application threads were stopped: 0.0760220 seconds, Stopping threads took: 0.0698530 seconds
56.614: Application time: 0.0005400 seconds
56.662: [GC56.662: [DefNew: 3727K->392K(4288K), 0.0008440 secs] 6792K->6190K(13888K), 0.0008690 secs] [Times: user=0.00 sys=0.00, real=0.00 secs] 
56.662: Total time for which application threads were stopped: 0.0485040 seconds, Stopping threads took: 0.0475670 seconds
56.663: Application time: 0.0006000 seconds
56.696: [GC56.696: [DefNew: 4209K->4209K(4288K), 0.0000050 secs]56.696: [Tenured: 5798K->7361K(9600K), 0.0061700 secs] 10008K->7361K(13888K), [Perm : 5107K->5107K(21248K)], 0.0062130 secs] [Times: user=0.00 sys=0.00, real=0.00 secs] 
56.702: Total time for which application threads were stopped: 0.0391860 seconds, Stopping threads took: 0.0328990 seconds
56.774: Application time: 0.0714160 seconds
56.777: [GC56.777: [DefNew: 3805K->3805K(4288K), 0.0000090 secs]56.777: [Tenured: 7361K->2449K(9600K), 0.0051300 secs] 11166K->2449K(13888K), [Perm : 5107K->5107K(21248K)], 0.0051850 secs] [Times: user=0.01 sys=0.00, real=0.00 secs] 
56.782: Total time for which application threads were stopped: 0.0083190 seconds, Stopping threads took: 0.0030550 seconds
56.783: Application time: 0.0005910 seconds
56.816: [GC56.816: [DefNew: 3480K->391K(4288K), 0.0007560 secs] 5930K->5576K(13888K), 0.0007770 secs] [Times: user=0.00 sys=0.00, real=0.00 secs] 
56.817: Total time for which application threads were stopped: 0.0341670 seconds, Stopping threads took: 0.0333380 seconds
56.817: Application time: 0.0003700 seconds
56.879: [GC56.879: [DefNew: 4043K->419K(4288K), 0.0009320 secs] 9228K->7949K(13888K), 0.0009630 secs] [Times: user=0.00 sys=0.00, real=0.00 secs] 
56.880: Total time for which application threads were stopped: 0.0632910 seconds, Stopping threads took: 0.0622540 seconds
56.881: Application time: 0.0007960 seconds
56.950: [GC56.950: [DefNew: 4244K->4244K(4288K), 0.0000080 secs]56.950: [Tenured: 7529K->3652K(9600K), 0.0061330 secs] 11774K->3652K(13888K), [Perm : 5107K->5107K(21248K)], 0.0061850 secs] [Times: user=0.00 sys=0.00, real=0.01 secs] 
56.956: Total time for which application threads were stopped: 0.0749650 seconds, Stopping threads took: 0.0687020 seconds
56.957: Application time: 0.0004890 seconds
57.007: [GC57.007: [DefNew: 3630K->392K(4288K), 0.0007330 secs] 7282K->6388K(13888K), 0.0007540 secs] [Times: user=0.00 sys=0.00, real=0.00 secs] 
57.008: Total time for which application threads were stopped: 0.0513720 seconds, Stopping threads took: 0.0505450 seconds
57.009: Application time: 0.0004610 seconds
57.042: [GC57.042: [DefNew: 4209K->4209K(4288K), 0.0000060 secs]57.042: [Tenured: 5995K->6777K(9600K), 0.0061560 secs] 10205K->6777K(13888K), [Perm : 5107K->5107K(21248K)], 0.0062000 secs] [Times: user=0.01 sys=0.00, real=0.01 secs] 
57.048: Total time for which application threads were stopped: 0.0399220 seconds, Stopping threads took: 0.0336400 seconds
57.120: Application time: 0.0715160 seconds
57.123: [GC57.123: [DefNew: 3532K->3532K(4288K), 0.0000090 secs]57.123: [Tenured: 6777K->1699K(9600K), 0.0045600 secs] 10309K->1699K(13888K), [Perm : 5107K->5107K(21248K)], 0.0046130 secs] [Times: user=0.00 sys=0.00, real=0.01 secs] 
57.128: Total time for which application threads were stopped: 0.0078280 seconds, Stopping threads took: 0.0031360 seconds
57.128: Application time: 0.0005050 seconds
57.129: [GC57.129: [DefNew: 3725K->392K(4288K), 0.0007990 secs] 5425K->5412K(13888K), 0.0008210 secs] [Times: user=0.00 sys=0.00, real=0.00 secs] 
57.130: Total time for which application threads were stopped: 0.0012800 seconds, Stopping threads took: 0.0003960 seconds
57.130: Application time: 0.0007620 seconds
57.201: [GC57.201: [DefNew: 4215K->391K(4288K), 0.0005830 secs] 9235K->6779K(13888K), 0.0006080 secs] [Times: user=0.00 sys=0.00, real=0.00 secs] 
57.202: Total time for which application threads were stopped: 0.0711790 seconds, Stopping threads took: 0.0705060 seconds
57.202: Application time: 0.0003790 seconds
57.252: [GC57.253: [DefNew: 4216K->4216K(4288K), 0.0000070 secs]57.253: [Tenured: 6388K->4403K(9600K), 0.0056650 secs] 10605K->4403K(13888K), [Perm : 5107K->5107K(21248K)], 0.0057120 secs] [Times: user=0.00 sys=0.00, real=0.00 secs] 
57.258: Total time for which application threads were stopped: 0.0563150 seconds, Stopping threads took: 0.0505270 seconds
57.259: Application time: 0.0005750 seconds
57.307: [GC57.307: [DefNew: 3803K->420K(4288K), 0.0008830 secs] 8207K->7850K(13888K), 0.0009060 secs] [Times: user=0.00 sys=0.00, real=0.00 secs] 
57.308: Total time for which application threads were stopped: 0.0489270 seconds, Stopping threads took: 0.0479740 seconds
57.387: Application time: 0.0793610 seconds
57.405: [GC57.405: [DefNew: 4245K->4245K(4288K), 0.0000090 secs]57.405: [Tenured: 7430K->2675K(9600K), 0.0051660 secs] 11676K->2675K(13888K), [Perm : 5107K->5107K(21248K)], 0.0052200 secs] [Times: user=0.01 sys=0.00, real=0.00 secs] 
57.410: Total time for which application threads were stopped: 0.0232500 seconds, Stopping threads took: 0.0179530 seconds
57.411: Application time: 0.0004760 seconds
57.444: [GC57.444: [DefNew: 3825K->392K(4288K), 0.0008700 secs] 6500K->6388K(13888K), 0.0008940 secs] [Times: user=0.00 sys=0.00, real=0.01 secs] 
57.445: Total time for which application threads were stopped: 0.0340740 seconds, Stopping threads took: 0.0331130 seconds
57.445: Application time: 0.0004590 seconds
57.479: [GC57.479: [DefNew: 4115K->4115K(4288K), 0.0000060 secs]57.479: [Tenured: 5995K->5505K(9600K), 0.0058240 secs] 10111K->5505K(13888K), [Perm : 5107K->5107K(21248K)], 0.0058680 secs] [Times: user=0.01 sys=0.00, real=0.01 secs] 
57.485: Total time for which application threads were stopped: 0.0392070 seconds, Stopping threads took: 0.0332650 seconds
57.485: Application time: 0.0008860 seconds
57.555: [GC57.555: [DefNew: 3805K->420K(4288K), 0.0008570 secs] 9311K->8074K(13888K), 0.0008870 secs] [Times: user=0.00 sys=0.00, real=0.00 secs] 
57.556: Total time for which application threads were stopped: 0.0706810 seconds, Stopping threads took: 0.0697110 seconds
57.557: Application time: 0.0004570 seconds
57.607: [GC57.607: [DefNew: 4128K->4128K(4288K), 0.0000070 secs]57.607: [Tenured: 7654K->4293K(9600K), 0.0056040 secs] 11783K->4293K(13888K), [Perm : 5107K->5107K(21248K)], 0.0056460 secs] [Times: user=0.01 sys=0.00, real=0.01 secs] 
57.613: Total time for which application threads were stopped: 0.0560560 seconds, Stopping threads took: 0.0503490 seconds
57.613: Application time: 0.0005040 seconds
57.660: [GC57.660: [DefNew: 3629K->293K(4288K), 0.0007780 secs] 7923K->7321K(13888K), 0.0008090 secs] [Times: user=0.01 sys=0.00, real=0.00 secs] 
57.661: Total time for which application threads were stopped: 0.0479930 seconds, Stopping threads took: 0.0471380 seconds
57.662: Application time: 0.0009100 seconds
57.732: [GC57.732: [DefNew: 4117K->4117K(4288K), 0.0000070 secs]57.732: [Tenured: 7027K->5184K(9600K), 0.0054960 secs] 11144K->5184K(13888K), [Perm : 5107K->5107K(21248K)], 0.0055470 secs] [Times: user=0.01 sys=0.00, real=0.01 secs] 
57.737: Total time for which application threads were stopped: 0.0752830 seconds, Stopping threads took: 0.0696800 seconds
57.738: Application time: 0.0007900 seconds
57.808: [GC57.808: [DefNew: 3825K->391K(4288K), 0.0010760 secs] 9010K->8604K(13888K), 0.0011080 secs] [Times: user=0.00 sys=0.00, real=0.00 secs] 
57.809: Total time for which application threads were stopped: 0.0706620 seconds, Stopping threads took: 0.0694800 seconds
57.809: Application time: 0.0004960 seconds
57.874: [GC57.874: [DefNew: 4021K->4021K(4288K), 0.0000100 secs]57.874: [Tenured: 8212K->4013K(9600K), 0.0056370 secs] 12234K->4013K(13888K), [Perm : 5107K->5107K(21248K)], 0.0056910 secs] [Times: user=0.00 sys=0.00, real=0.00 secs] 
57.879: Total time for which application threads were stopped: 0.0700610 seconds, Stopping threads took: 0.0643000 seconds
57.880: Application time: 0.0005680 seconds
57.913: [GC57.913: [DefNew: 3610K->420K(4288K), 0.0008020 secs] 7623K->6972K(13888K), 0.0008260 secs] [Times: user=0.00 sys=0.00, real=0.00 secs] 
57.914: Total time for which application threads were stopped: 0.0341620 seconds, Stopping threads took: 0.0332680 seconds
57.915: Application time: 0.0006590 seconds
57.962: [GC57.962: [DefNew: 4243K->4243K(4288K), 0.0000060 secs]57.962: [Tenured: 6552K->7069K(9600K), 0.0058070 secs] 10796K->7069K(13888K), [Perm : 5107K->5107K(21248K)], 0.0058560 secs] [Times: user=0.01 sys=0.00, real=0.01 secs] 
57.968: Total time for which application threads were stopped: 0.0531010 seconds, Stopping threads took: 0.0471670 seconds
58.040: Application time: 0.0722350 seconds
58.044: [GC58.044: [DefNew: 3825K->3825K(4288K), 0.0000090 secs]58.044: [Tenured: 7069K->2283K(9600K), 0.0051820 secs] 10895K->2283K(13888K), [Perm : 5107K->5107K(21248K)], 0.0052350 secs] [Times: user=0.01 sys=0.00, real=0.01 secs] 
58.049: Total time for which application threads were stopped: 0.0090010 seconds, Stopping threads took: 0.0036880 seconds
58.050: Application time: 0.0005800 seconds
58.050: [GC58.050: [DefNew: 3833K->400K(4288K), 0.0008600 secs] 6117K->6102K(13888K), 0.0008800 secs] [Times: user=0.00 sys=0.00, real=0.00 secs] 
58.051: Total time for which application threads were stopped: 0.0013500 seconds, Stopping threads took: 0.0004060 seconds
58.052: Application time: 0.0009360 seconds
58.123: [GC58.123: [DefNew: 4196K->4196K(4288K), 0.0000090 secs]58.123: [Tenured: 5702K->2255K(9600K), 0.0052270 secs] 9898K->2255K(13888K), [Perm : 5107K->5107K(21248K)], 0.0052800 secs] [Times: user=0.00 sys=0.00, real=0.01 secs] 
58.128: Total time for which application threads were stopped: 0.0760330 seconds, Stopping threads took: 0.0706780 seconds
58.129: Application time: 0.0005250 seconds
58.162: [GC58.162: [DefNew: 3825K->392K(4288K), 0.0008750 secs] 6080K->5968K(13888K), 0.0008960 secs] [Times: user=0.00 sys=0.00, real=0.00 secs] 
58.163: Total time for which application threads were stopped: 0.0341210 seconds, Stopping threads took: 0.0331630 seconds
58.163: Application time: 0.0004770 seconds
58.224: [GC58.224: [DefNew: 4113K->4113K(4288K), 0.0000070 secs]58.224: [Tenured: 5575K->5478K(9600K), 0.0061780 secs] 9689K->5478K(13888K), [Perm : 5107K->5107K(21248K)], 0.0062240 secs] [Times: user=0.00 sys=0.00, real=0.00 secs] 
58.231: Total time for which application threads were stopped: 0.0675090 seconds, Stopping threads took: 0.0612090 seconds
58.232: Application time: 0.0008670 seconds
58.299: [GC58.299: [DefNew: 3825K->391K(4288K), 0.0008870 secs] 9304K->8116K(13888K), 0.0009160 secs] [Times: user=0.00 sys=0.00, real=0.00 secs] 
58.300: Total time for which application threads were stopped: 0.0684470 seconds, Stopping threads took: 0.0674570 seconds
58.300: Application time: 0.0004320 seconds
58.342: [GC58.342: [DefNew: 4119K->4119K(4288K), 0.0000070 secs]58.342: [Tenured: 7725K->4404K(9600K), 0.0059510 secs] 11844K->4404K(13888K), [Perm : 5107K->5107K(21248K)], 0.0059960 secs] [Times: user=0.01 sys=0.00, real=0.01 secs] 
58.348: Total time for which application threads were stopped: 0.0477470 seconds, Stopping threads took: 0.0416790 seconds
58.349: Application time: 0.0005450 seconds
58.382: [GC58.382: [DefNew: 3625K->391K(4288K), 0.0008190 secs] 8030K->7725K(13888K), 0.0008400 secs] [Times: user=0.00 sys=0.00, real=0.00 secs] 
58.383: Total time for which application threads were stopped: 0.0338640 seconds, Stopping threads took: 0.0329580 seconds
58.455: Application time: 0.0722200 seconds
58.456: [GC58.456: [DefNew: 4119K->4119K(4288K), 0.0000090 secs]58.456: [Tenured: 7334K->2060K(9600K), 0.0058110 secs] 11453K->2060K(13888K), [Perm : 5107K->5107K(21248K)], 0.0058650 secs] [Times: user=0.01 sys=0.00, real=0.00 secs] 
58.462: Total time for which application threads were stopped: 0.0073320 seconds, Stopping threads took: 0.0014100 seconds
58.463: Application time: 0.0005950 seconds
58.496: [GC58.496: [DefNew: 3676K->440K(4288K), 0.0008300 secs] 5737K->5431K(13888K), 0.0008490 secs] [Times: user=0.01 sys=0.00, real=0.00 secs] 
58.497: Total time for which application threads were stopped: 0.0340630 seconds, Stopping threads took: 0.0331530 seconds
58.497: Application time: 0.0006130 seconds
58.568: [GC58.568: [DefNew: 4263K->391K(4288K), 0.0005670 secs] 9254K->6603K(13888K), 0.0005910 secs] [Times: user=0.00 sys=0.00, real=0.00 secs] 
58.568: Total time for which application threads were stopped: 0.0707600 seconds, Stopping threads took: 0.0701050 seconds
58.569: Application time: 0.0003910 seconds
58.617: [GC58.617: [DefNew: 4014K->4014K(4288K), 0.0000060 secs]58.617: [Tenured: 6212K->4387K(9600K), 0.0062650 secs] 10226K->4387K(13888K), [Perm : 5107K->5107K(21248K)], 0.0063110 secs] [Times: user=0.01 sys=0.01, real=0.00 secs] 
58.623: Total time for which application threads were stopped: 0.0548510 seconds, Stopping threads took: 0.0484660 seconds
58.624: Application time: 0.0004090 seconds
58.670: [GC58.670: [DefNew: 3641K->407K(4288K), 0.0007990 secs] 8029K->7431K(13888K), 0.0008200 secs] [Times: user=0.00 sys=0.00, real=0.00 secs] 
58.670: Total time for which application threads were stopped: 0.0465520 seconds, Stopping threads took: 0.0456610 seconds
58.671: Application time: 0.0009320 seconds
58.742: [GC58.742: [DefNew: 4232K->4232K(4288K), 0.0000080 secs]58.742: [Tenured: 7024K->3232K(9600K), 0.0055200 secs] 11257K->3232K(13888K), [Perm : 5107K->5107K(21248K)], 0.0055700 secs] [Times: user=0.01 sys=0.00, real=0.01 secs] 
58.747: Total time for which application threads were stopped: 0.0758150 seconds, Stopping threads took: 0.0701670 seconds
58.748: Application time: 0.0005080 seconds
58.794: [GC58.794: [DefNew: 3727K->392K(4288K), 0.0009400 secs] 6960K->6750K(13888K), 0.0015690 secs] [Times: user=0.00 sys=0.00, real=0.00 secs] 
58.796: Total time for which application threads were stopped: 0.0481900 seconds, Stopping threads took: 0.0465730 seconds
58.796: Application time: 0.0005070 seconds
58.829: [GC58.829: [DefNew: 4213K->4213K(4288K), 0.0000070 secs]58.829: [Tenured: 6357K->7529K(9600K), 0.0062450 secs] 10571K->7529K(13888K), [Perm : 5107K->5107K(21248K)], 0.0062890 secs] [Times: user=0.01 sys=0.00, real=0.01 secs] 
58.836: Total time for which application threads were stopped: 0.0391630 seconds, Stopping threads took: 0.0328210 seconds
58.908: Application time: 0.0722940 seconds
58.910: [GC58.910: [DefNew: 3532K->3532K(4288K), 0.0000100 secs]58.910: [Tenured: 7529K->2451K(9600K), 0.0050930 secs] 11062K->2451K(13888K), [Perm : 5107K->5107K(21248K)], 0.0051490 secs] [Times: user=0.00 sys=0.00, real=0.01 secs] 
58.915: Total time for which application threads were stopped: 0.0074680 seconds, Stopping threads took: 0.0022300 seconds
58.916: Application time: 0.0005080 seconds
58.949: [GC58.949: [DefNew: 3823K->392K(4288K), 0.0008360 secs] 6275K->5969K(13888K), 0.0008550 secs] [Times: user=0.00 sys=0.00, real=0.00 secs] 
58.950: Total time for which application threads were stopped: 0.0340240 seconds, Stopping threads took: 0.0331070 seconds
58.951: Application time: 0.0007820 seconds
59.004: [GC59.004: [DefNew: 4215K->4215K(4288K), 0.0000060 secs]59.004: [Tenured: 5576K->6845K(9600K), 0.0053880 secs] 9792K->6845K(13888K), [Perm : 5107K->5107K(21248K)], 0.0054350 secs] [Times: user=0.01 sys=0.00, real=0.01 secs] 
59.010: Total time for which application threads were stopped: 0.0591180 seconds, Stopping threads took: 0.0536300 seconds
59.081: Application time: 0.0710150 seconds
59.085: [GC59.085: [DefNew: 3825K->3825K(4288K), 0.0000090 secs]59.085: [Tenured: 6845K->2060K(9600K), 0.0050870 secs] 10670K->2060K(13888K), [Perm : 5107K->5107K(21248K)], 0.0051400 secs] [Times: user=0.01 sys=0.00, real=0.00 secs] 
59.090: Total time for which application threads were stopped: 0.0091010 seconds, Stopping threads took: 0.0038820 seconds
59.090: Application time: 0.0005610 seconds
59.091: [GC59.091: [DefNew: 3775K->440K(4288K), 0.0008220 secs] 5836K->5821K(13888K), 0.0008400 secs] [Times: user=0.00 sys=0.00, real=0.00 secs] 
59.092: Total time for which application threads were stopped: 0.0012630 seconds, Stopping threads took: 0.0003630 seconds
59.092: Application time: 0.0006200 seconds
59.162: [GC59.162: [DefNew: 4196K->419K(4288K), 0.0008030 secs] 9577K->7852K(13888K), 0.0008300 secs] [Times: user=0.00 sys=0.00, real=0.00 secs] 
59.163: Total time for which application threads were stopped: 0.0707400 seconds, Stopping threads took: 0.0698400 seconds
59.163: Application time: 0.0004180 seconds
59.197: [GC59.197: [DefNew: 3952K->3952K(4288K), 0.0000070 secs]59.197: [Tenured: 7432K->4432K(9600K), 0.0056700 secs] 11385K->4432K(13888K), [Perm : 5107K->5107K(21248K)], 0.0057160 secs] [Times: user=0.01 sys=0.00, real=0.00 secs] 
59.203: Total time for which application threads were stopped: 0.0391130 seconds, Stopping threads took: 0.0333140 seconds
59.203: Application time: 0.0004070 seconds
59.203: [GC59.203: [DefNew: 3721K->391K(4288K), 0.0009200 secs] 8153K->8144K(13888K), 0.0009420 secs] [Times: user=0.00 sys=0.00, real=0.01 secs] 
59.204: Total time for which application threads were stopped: 0.0014180 seconds, Stopping threads took: 0.0004340 seconds
59.276: Application time: 0.0720510 seconds
59.280: [GC59.280: [DefNew: 4197K->4197K(4288K), 0.0000110 secs]59.280: [Tenured: 7752K->3289K(9600K), 0.0053080 secs] 11949K->3289K(13888K), [Perm : 5107K->5107K(21248K)], 0.0053650 secs] [Times: user=0.01 sys=0.00, real=0.01 secs] 
59.286: Total time for which application threads were stopped: 0.0092010 seconds, Stopping threads took: 0.0037550 seconds
59.286: Application time: 0.0005060 seconds
59.328: [GC59.328: [DefNew: 3725K->391K(4288K), 0.0007910 secs] 7014K->6415K(13888K), 0.0008120 secs] [Times: user=0.01 sys=0.00, real=0.00 secs] 
59.329: Total time for which application threads were stopped: 0.0427940 seconds, Stopping threads took: 0.0419190 seconds
59.330: Application time: 0.0005830 seconds
59.363: [GC59.363: [DefNew: 4210K->4210K(4288K), 0.0000070 secs]59.363: [Tenured: 6023K->5380K(9600K), 0.0055710 secs] 10234K->5380K(13888K), [Perm : 5107K->5107K(21248K)], 0.0056170 secs] [Times: user=0.00 sys=0.00, real=0.01 secs] 
59.369: Total time for which application threads were stopped: 0.0391000 seconds, Stopping threads took: 0.0334080 seconds
59.369: Application time: 0.0008050 seconds
59.439: [GC59.439: [DefNew: 3825K->391K(4288K), 0.0008390 secs] 9205K->7920K(13888K), 0.0008690 secs] [Times: user=0.00 sys=0.00, real=0.00 secs] 
59.440: Total time for which application threads were stopped: 0.0708310 seconds, Stopping threads took: 0.0698890 seconds
59.441: Application time: 0.0004820 seconds
59.493: [GC59.493: [DefNew: 4217K->4217K(4288K), 0.0000060 secs]59.493: [Tenured: 7528K->4403K(9600K), 0.0050660 secs] 11746K->4403K(13888K), [Perm : 5107K->5107K(21248K)], 0.0051190 secs] [Times: user=0.00 sys=0.00, real=0.00 secs] 
59.498: Total time for which application threads were stopped: 0.0576050 seconds, Stopping threads took: 0.0524230 seconds
59.499: Application time: 0.0005310 seconds
59.535: [GC59.535: [DefNew: 3803K->420K(4288K), 0.0008250 secs] 8207K->7265K(13888K), 0.0008500 secs] [Times: user=0.00 sys=0.00, real=0.00 secs] 
59.536: Total time for which application threads were stopped: 0.0371440 seconds, Stopping threads took: 0.0362250 seconds
59.537: Application time: 0.0007640 seconds
59.606: [GC59.606: [DefNew: 4226K->4226K(4288K), 0.0000070 secs]59.606: [Tenured: 6845K->3289K(9600K), 0.0054130 secs] 11071K->3289K(13888K), [Perm : 5107K->5107K(21248K)], 0.0054610 secs] [Times: user=0.00 sys=0.00, real=0.00 secs] 
59.611: Total time for which application threads were stopped: 0.0742370 seconds, Stopping threads took: 0.0687220 seconds
59.612: Application time: 0.0005730 seconds
59.645: [GC59.645: [DefNew: 3727K->392K(4288K), 0.0008360 secs] 7017K->6611K(13888K), 0.0008560 secs] [Times: user=0.00 sys=0.00, real=0.00 secs] 
59.646: Total time for which application threads were stopped: 0.0343420 seconds, Stopping threads took: 0.0334230 seconds
59.647: Application time: 0.0005450 seconds
59.692: [GC59.692: [DefNew: 4098K->4098K(4288K), 0.0000070 secs]59.692: [Tenured: 6219K->5270K(9600K), 0.0057620 secs] 10317K->5270K(13888K), [Perm : 5107K->5107K(21248K)], 0.0058060 secs] [Times: user=0.00 sys=0.00, real=0.01 secs] 
59.698: Total time for which application threads were stopped: 0.0515860 seconds, Stopping threads took: 0.0457060 seconds
59.699: Application time: 0.0009590 seconds
59.765: [GC59.765: [DefNew: 3825K->294K(4288K), 0.0009860 secs] 9096K->8494K(13888K), 0.0010170 secs] [Times: user=0.00 sys=0.00, real=0.00 secs] 
59.766: Total time for which application threads were stopped: 0.0666540 seconds, Stopping threads took: 0.0655540 seconds
59.766: Application time: 0.0004490 seconds
59.830: [GC59.830: [DefNew: 3924K->3924K(4288K), 0.0000060 secs]59.830: [Tenured: 8200K->4013K(9600K), 0.0055940 secs] 12124K->4013K(13888K), [Perm : 5107K->5107K(21248K)], 0.0056420 secs] [Times: user=0.01 sys=0.00, real=0.01 secs] 
59.836: Total time for which application threads were stopped: 0.0697180 seconds, Stopping threads took: 0.0640220 seconds
59.836: Application time: 0.0005610 seconds
59.870: [GC59.870: [DefNew: 3819K->391K(4288K), 0.0010750 secs] 7832K->7530K(13888K), 0.0011030 secs] [Times: user=0.00 sys=0.00, real=0.00 secs] 
59.871: Total time for which application threads were stopped: 0.0344500 seconds, Stopping threads took: 0.0332750 seconds
59.943: Application time: 0.0725260 seconds
59.945: [GC59.945: [DefNew: 4119K->4119K(4288K), 0.0000100 secs]59.945: [Tenured: 7138K->1865K(9600K), 0.0055020 secs] 11257K->1865K(13888K), [Perm : 5107K->5107K(21248K)], 0.0055560 secs] [Times: user=0.01 sys=0.00, real=0.00 secs] 
59.950: Total time for which application threads were stopped: 0.0067880 seconds, Stopping threads took: 0.0011540 seconds
59.951: Application time: 0.0006170 seconds
59.951: [GC59.951: [DefNew: 3723K->391K(4288K), 0.0008570 secs] 5589K->5578K(13888K), 0.0008750 secs] [Times: user=0.00 sys=0.00, real=0.00 secs] 
59.952: Total time for which application threads were stopped: 0.0013150 seconds, Stopping threads took: 0.0003820 seconds
59.953: Application time: 0.0005270 seconds
60.018: [GC60.018: [DefNew: 4115K->391K(4288K), 0.0008750 secs] 9301K->8118K(13888K), 0.0008980 secs] [Times: user=0.00 sys=0.00, real=0.00 secs] 
60.019: Total time for which application threads were stopped: 0.0658930 seconds, Stopping threads took: 0.0649280 seconds
60.019: Application time: 0.0009150 seconds
60.080: [GC60.080: [DefNew: 4197K->4197K(4288K), 0.0000070 secs]60.080: [Tenured: 7726K->4433K(9600K), 0.0063050 secs] 11924K->4433K(13888K), [Perm : 5107K->5107K(21248K)], 0.0063550 secs] [Times: user=0.01 sys=0.00, real=0.01 secs] 
60.087: Total time for which application threads were stopped: 0.0672840 seconds, Stopping threads took: 0.0608530 seconds
60.087: Application time: 0.0005130 seconds
60.128: [GC60.128: [DefNew: 3630K->391K(4288K), 0.0009570 secs] 8063K->7950K(13888K), 0.0009880 secs] [Times: user=0.00 sys=0.00, real=0.00 secs] 
60.129: Total time for which application threads were stopped: 0.0418920 seconds, Stopping threads took: 0.0408350 seconds
60.130: Application time: 0.0006830 seconds
60.194: [GC60.194: [DefNew: 4214K->4214K(4288K), 0.0000070 secs]60.194: [Tenured: 7559K->5409K(9600K), 0.0062270 secs] 11774K->5409K(13888K), [Perm : 5107K->5107K(21248K)], 0.0062720 secs] [Times: user=0.01 sys=0.00, real=0.00 secs] 
60.200: Total time for which application threads were stopped: 0.0701030 seconds, Stopping threads took: 0.0637570 seconds
60.201: Application time: 0.0008770 seconds
60.271: [GC60.271: [DefNew: 3825K->391K(4288K), 0.0008210 secs] 9234K->7949K(13888K), 0.0008490 secs] [Times: user=0.01 sys=0.00, real=0.00 secs] 
60.272: Total time for which application threads were stopped: 0.0709300 seconds, Stopping threads took: 0.0700010 seconds
60.272: Application time: 0.0004170 seconds
60.306: [GC60.306: [DefNew: 4217K->4217K(4288K), 0.0000070 secs]60.306: [Tenured: 7557K->4404K(9600K), 0.0062760 secs] 11775K->4404K(13888K), [Perm : 5107K->5107K(21248K)], 0.0063210 secs] [Times: user=0.01 sys=0.00, real=0.01 secs] 
60.312: Total time for which application threads were stopped: 0.0402800 seconds, Stopping threads took: 0.0338860 seconds
60.313: Application time: 0.0004890 seconds
60.364: [GC60.364: [DefNew: 3625K->391K(4288K), 0.0007940 secs] 8029K->7432K(13888K), 0.0008180 secs] [Times: user=0.00 sys=0.00, real=0.01 secs] 
60.365: Total time for which application threads were stopped: 0.0520770 seconds, Stopping threads took: 0.0512130 seconds
60.366: Application time: 0.0008660 seconds
60.436: [GC60.436: [DefNew: 4216K->4216K(4288K), 0.0000080 secs]60.436: [Tenured: 7040K->3232K(9600K), 0.0053400 secs] 11257K->3232K(13888K), [Perm : 5107K->5107K(21248K)], 0.0053870 secs] [Times: user=0.00 sys=0.00, real=0.00 secs] 
60.441: Total time for which application threads were stopped: 0.0754400 seconds, Stopping threads took: 0.0699770 seconds
60.442: Application time: 0.0006090 seconds
60.476: [GC60.476: [DefNew: 3782K->396K(4288K), 0.0008900 secs] 7014K->6754K(13888K), 0.0009170 secs] [Times: user=0.00 sys=0.00, real=0.00 secs] 
60.477: Total time for which application threads were stopped: 0.0348570 seconds, Stopping threads took: 0.0338700 seconds
60.477: Application time: 0.0003330 seconds
60.540: [GC60.540: [DefNew: 4148K->4148K(4288K), 0.0000070 secs]60.540: [Tenured: 6357K->4237K(9600K), 0.0062810 secs] 10506K->4237K(13888K), [Perm : 5107K->5107K(21248K)], 0.0063230 secs] [Times: user=0.01 sys=0.00, real=0.01 secs] 
60.546: Total time for which application threads were stopped: 0.0687730 seconds, Stopping threads took: 0.0623770 seconds
60.546: Application time: 0.0004950 seconds
60.599: [GC60.599: [DefNew: 3528K->391K(4288K), 0.0008420 secs] 7765K->7363K(13888K), 0.0008680 secs] [Times: user=0.00 sys=0.00, real=0.00 secs] 
60.599: Total time for which application threads were stopped: 0.0529910 seconds, Stopping threads took: 0.0520770 seconds
60.600: Application time: 0.0009560 seconds
60.670: [GC60.670: [DefNew: 4115K->4115K(4288K), 0.0000070 secs]60.670: [Tenured: 6971K->4335K(9600K), 0.0055140 secs] 11087K->4335K(13888K), [Perm : 5107K->5107K(21248K)], 0.0055610 secs] [Times: user=0.00 sys=0.00, real=0.01 secs] 
60.676: Total time for which application threads were stopped: 0.0754150 seconds, Stopping threads took: 0.0697770 seconds
60.676: Application time: 0.0006220 seconds
60.735: [GC60.735: [DefNew: 3727K->392K(4288K), 0.0008470 secs] 8063K->7462K(13888K), 0.0008700 secs] [Times: user=0.00 sys=0.00, real=0.00 secs] 
60.736: Total time for which application threads were stopped: 0.0598020 seconds, Stopping threads took: 0.0588690 seconds
60.737: Application time: 0.0005950 seconds
60.771: [GC60.771: [DefNew: 4193K->4193K(4288K), 0.0000070 secs]60.771: [Tenured: 7069K->7040K(9600K), 0.0054820 secs] 11263K->7040K(13888K), [Perm : 5107K->5107K(21248K)], 0.0055360 secs] [Times: user=0.01 sys=0.00, real=0.01 secs] 
60.776: Total time for which application threads were stopped: 0.0392280 seconds, Stopping threads took: 0.0336280 seconds
60.849: Application time: 0.0727000 seconds
60.852: [GC60.852: [DefNew: 3825K->3825K(4288K), 0.0000100 secs]60.852: [Tenured: 7040K->2256K(9600K), 0.0059340 secs] 10866K->2256K(13888K), [Perm : 5107K->5107K(21248K)], 0.0059900 secs] [Times: user=0.01 sys=0.00, real=0.01 secs] 
60.858: Total time for which application threads were stopped: 0.0089090 seconds, Stopping threads took: 0.0028290 seconds
60.858: Application time: 0.0005950 seconds
60.892: [GC60.892: [DefNew: 3825K->392K(4288K), 0.0008990 secs] 6081K->5969K(13888K), 0.0009190 secs] [Times: user=0.00 sys=0.00, real=0.01 secs] 
60.892: Total time for which application threads were stopped: 0.0341760 seconds, Stopping threads took: 0.0331960 seconds
60.893: Application time: 0.0004160 seconds
60.927: [GC60.927: [DefNew: 4113K->4113K(4288K), 0.0000060 secs]60.927: [Tenured: 5576K->5478K(9600K), 0.0063160 secs] 9690K->5478K(13888K), [Perm : 5107K->5107K(21248K)], 0.0063610 secs] [Times: user=0.00 sys=0.00, real=0.01 secs] 
60.933: Total time for which application threads were stopped: 0.0400930 seconds, Stopping threads took: 0.0336580 seconds
60.934: Application time: 0.0009490 seconds
61.004: [GC61.004: [DefNew: 3825K->391K(4288K), 0.0008370 secs] 9304K->8116K(13888K), 0.0008640 secs] [Times: user=0.00 sys=0.00, real=0.01 secs] 
61.005: Total time for which application threads were stopped: 0.0709130 seconds, Stopping threads took: 0.0699790 seconds
61.005: Application time: 0.0004650 seconds
61.072: [GC61.072: [DefNew: 4119K->4119K(4288K), 0.0000070 secs]61.072: [Tenured: 7725K->4404K(9600K), 0.0063630 secs] 11844K->4404K(13888K), [Perm : 5107K->5107K(21248K)], 0.0064060 secs] [Times: user=0.01 sys=0.00, real=0.01 secs] 
61.078: Total time for which application threads were stopped: 0.0729980 seconds, Stopping threads took: 0.0665190 seconds
61.079: Application time: 0.0005450 seconds
61.079: [GC61.079: [DefNew: 3821K->391K(4288K), 0.0008720 secs] 8225K->8214K(13888K), 0.0008950 secs] [Times: user=0.00 sys=0.00, real=0.00 secs] 
61.080: Total time for which application threads were stopped: 0.0012720 seconds, Stopping threads took: 0.0003320 seconds
61.152: Application time: 0.0722400 seconds
61.155: [GC61.155: [DefNew: 4118K->4118K(4288K), 0.0000090 secs]61.155: [Tenured: 7822K->3330K(9600K), 0.0054420 secs] 11941K->3330K(13888K), [Perm : 5107K->5107K(21248K)], 0.0054980 secs] [Times: user=0.01 sys=0.00, real=0.00 secs] 
61.161: Total time for which application threads were stopped: 0.0083300 seconds, Stopping threads took: 0.0027520 seconds
61.161: Application time: 0.0005790 seconds
61.195: [GC61.195: [DefNew: 3678K->392K(4288K), 0.0008590 secs] 7008K->6652K(13888K), 0.0008790 secs] [Times: user=0.00 sys=0.00, real=0.00 secs] 
61.196: Total time for which application threads were stopped: 0.0343650 seconds, Stopping threads took: 0.0334220 seconds
61.196: Application time: 0.0003810 seconds
61.259: [GC61.259: [DefNew: 4147K->4147K(4288K), 0.0000070 secs]61.259: [Tenured: 6260K->4237K(9600K), 0.0057240 secs] 10407K->4237K(13888K), [Perm : 5107K->5107K(21248K)], 0.0057690 secs] [Times: user=0.00 sys=0.00, real=0.01 secs] 
61.265: Total time for which application threads were stopped: 0.0686310 seconds, Stopping threads took: 0.0627870 seconds
61.265: Application time: 0.0005000 seconds
61.299: [GC61.299: [DefNew: 3823K->391K(4288K), 0.0009570 secs] 8061K->7950K(13888K), 0.0009810 secs] [Times: user=0.00 sys=0.00, real=0.00 secs] 
61.300: Total time for which application threads were stopped: 0.0344800 seconds, Stopping threads took: 0.0334310 seconds
61.371: Application time: 0.0711110 seconds
61.377: [GC61.377: [DefNew: 4197K->4197K(4288K), 0.0000080 secs]61.377: [Tenured: 7558K->2509K(9600K), 0.0050670 secs] 11755K->2509K(13888K), [Perm : 5107K->5107K(21248K)], 0.0051210 secs] [Times: user=0.00 sys=0.00, real=0.00 secs] 
61.382: Total time for which application threads were stopped: 0.0112510 seconds, Stopping threads took: 0.0060310 seconds
61.383: Application time: 0.0005770 seconds
61.425: [GC61.425: [DefNew: 3825K->392K(4288K), 0.0008310 secs] 6335K->6027K(13888K), 0.0008500 secs] [Times: user=0.00 sys=0.00, real=0.00 secs] 
61.426: Total time for which application threads were stopped: 0.0435250 seconds, Stopping threads took: 0.0426130 seconds
61.427: Application time: 0.0005490 seconds
61.460: [GC61.460: [DefNew: 4215K->4215K(4288K), 0.0000070 secs]61.460: [Tenured: 5634K->5830K(9600K), 0.0054770 secs] 9850K->5830K(13888K), [Perm : 5107K->5107K(21248K)], 0.0055240 secs] [Times: user=0.00 sys=0.00, real=0.01 secs] 
61.466: Total time for which application threads were stopped: 0.0392100 seconds, Stopping threads took: 0.0336080 seconds
61.467: Application time: 0.0008090 seconds
61.537: [GC61.537: [DefNew: 3825K->3825K(4288K), 0.0000080 secs]61.537: [Tenured: 5830K->3818K(9600K), 0.0055440 secs] 9656K->3818K(13888K), [Perm : 5107K->5107K(21248K)], 0.0055950 secs] [Times: user=0.01 sys=0.00, real=0.00 secs] 
61.543: Total time for which application threads were stopped: 0.0759410 seconds, Stopping threads took: 0.0702660 seconds
61.543: Application time: 0.0004860 seconds
61.577: [GC61.577: [DefNew: 3825K->392K(4288K), 0.0008800 secs] 7644K->6945K(13888K), 0.0009050 secs] [Times: user=0.00 sys=0.00, real=0.00 secs] 
61.578: Total time for which application threads were stopped: 0.0344730 seconds, Stopping threads took: 0.0334980 seconds
61.578: Application time: 0.0004530 seconds
61.643: [GC61.643: [DefNew: 4196K->4196K(4288K), 0.0000060 secs]61.643: [Tenured: 6553K->4921K(9600K), 0.0064250 secs] 10749K->4921K(13888K), [Perm : 5107K->5107K(21248K)], 0.0064690 secs] [Times: user=0.01 sys=0.00, real=0.01 secs] 
61.650: Total time for which application threads were stopped: 0.0715320 seconds, Stopping threads took: 0.0650130 seconds
61.650: Application time: 0.0008990 seconds
61.720: [GC61.720: [DefNew: 3805K->420K(4288K), 0.0006550 secs] 8727K->6904K(13888K), 0.0006870 secs] [Times: user=0.00 sys=0.00, real=0.00 secs] 
61.721: Total time for which application threads were stopped: 0.0705090 seconds, Stopping threads took: 0.0697520 seconds
61.721: Application time: 0.0003780 seconds
61.755: [GC61.755: [DefNew: 4031K->4031K(4288K), 0.0000070 secs]61.755: [Tenured: 6483K->4684K(9600K), 0.0057080 secs] 10514K->4684K(13888K), [Perm : 5107K->5107K(21248K)], 0.0057500 secs] [Times: user=0.00 sys=0.00, real=0.00 secs] 
61.761: Total time for which application threads were stopped: 0.0394070 seconds, Stopping threads took: 0.0335850 seconds
61.761: Application time: 0.0005950 seconds
61.797: [GC61.797: [DefNew: 3819K->293K(4288K), 0.0008430 secs] 8504K->7908K(13888K), 0.0008670 secs] [Times: user=0.00 sys=0.00, real=0.00 secs] 
61.798: Total time for which application threads were stopped: 0.0366330 seconds, Stopping threads took: 0.0357180 seconds
61.869: Application time: 0.0714370 seconds
61.874: [GC61.874: [DefNew: 4119K->4119K(4288K), 0.0000090 secs]61.874: [Tenured: 7614K->1560K(9600K), 0.0050830 secs] 11733K->1560K(13888K), [Perm : 5107K->5107K(21248K)], 0.0051380 secs] [Times: user=0.00 sys=0.00, real=0.00 secs] 
61.879: Total time for which application threads were stopped: 0.0095730 seconds, Stopping threads took: 0.0043560 seconds
61.880: Application time: 0.0005440 seconds
61.880: [GC61.880: [DefNew: 3727K->392K(4288K), 0.0008280 secs] 5287K->5272K(13888K), 0.0008470 secs] [Times: user=0.00 sys=0.00, real=0.00 secs] 
61.881: Total time for which application threads were stopped: 0.0012130 seconds, Stopping threads took: 0.0003020 seconds
61.882: Application time: 0.0008290 seconds
61.952: [GC61.952: [DefNew: 4215K->391K(4288K), 0.0005380 secs] 9095K->6445K(13888K), 0.0005610 secs] [Times: user=0.00 sys=0.00, real=0.00 secs] 
61.952: Total time for which application threads were stopped: 0.0704760 seconds, Stopping threads took: 0.0698510 seconds
61.952: Application time: 0.0003850 seconds
62.004: [GC62.004: [DefNew: 4075K->4075K(4288K), 0.0000070 secs]62.004: [Tenured: 6054K->3989K(9600K), 0.0055180 secs] 10129K->3989K(13888K), [Perm : 5107K->5107K(21248K)], 0.0055700 secs] [Times: user=0.00 sys=0.00, real=0.01 secs] 
62.010: Total time for which application threads were stopped: 0.0571450 seconds, Stopping threads took: 0.0515020 seconds
62.010: Application time: 0.0004940 seconds
62.043: [GC62.043: [DefNew: 3652K->416K(4288K), 0.0008160 secs] 7641K->7335K(13888K), 0.0008430 secs] [Times: user=0.00 sys=0.00, real=0.01 secs] 
62.044: Total time for which application threads were stopped: 0.0341920 seconds, Stopping threads took: 0.0332830 seconds
62.109: Application time: 0.0648110 seconds
62.124: [GC62.124: [DefNew: 4143K->4143K(4288K), 0.0000090 secs]62.124: [Tenured: 6919K->2062K(9600K), 0.0050600 secs] 11062K->2062K(13888K), [Perm : 5107K->5107K(21248K)], 0.0051130 secs] [Times: user=0.01 sys=0.00, real=0.01 secs] 
62.129: Total time for which application threads were stopped: 0.0201950 seconds, Stopping threads took: 0.0150070 seconds
62.130: Application time: 0.0006260 seconds
62.130: [GC62.130: [DefNew: 3825K->392K(4288K), 0.0008900 secs] 5887K->5872K(13888K), 0.0009070 secs] [Times: user=0.00 sys=0.00, real=0.00 secs] 
62.131: Total time for which application threads were stopped: 0.0011870 seconds, Stopping threads took: 0.0002430 seconds
62.132: Application time: 0.0013140 seconds
62.197: [GC62.197: [DefNew: 4215K->4215K(4288K), 0.0000070 secs]62.197: [Tenured: 5480K->5383K(9600K), 0.0055200 secs] 9695K->5383K(13888K), [Perm : 5107K->5107K(21248K)], 0.0055650 secs] [Times: user=0.01 sys=0.00, real=0.00 secs] 
62.203: Total time for which application threads were stopped: 0.0702410 seconds, Stopping threads took: 0.0646260 seconds
62.204: Application time: 0.0008590 seconds
62.273: [GC62.273: [DefNew: 3727K->391K(4288K), 0.0009610 secs] 9111K->8510K(13888K), 0.0009880 secs] [Times: user=0.00 sys=0.00, real=0.00 secs] 
62.274: Total time for which application threads were stopped: 0.0707750 seconds, Stopping threads took: 0.0697150 seconds
62.275: Application time: 0.0004760 seconds
62.341: [GC62.341: [DefNew: 3924K->3924K(4288K), 0.0000070 secs]62.341: [Tenured: 8118K->4016K(9600K), 0.0056470 secs] 12042K->4016K(13888K), [Perm : 5107K->5107K(21248K)], 0.0056970 secs] [Times: user=0.01 sys=0.00, real=0.01 secs] 
62.346: Total time for which application threads were stopped: 0.0715600 seconds, Stopping threads took: 0.0657860 seconds
62.347: Application time: 0.0004880 seconds
62.380: [GC62.380: [DefNew: 3723K->391K(4288K), 0.0008230 secs] 7740K->7142K(13888K), 0.0008470 secs] [Times: user=0.00 sys=0.00, real=0.00 secs] 
62.381: Total time for which application threads were stopped: 0.0344280 seconds, Stopping threads took: 0.0335080 seconds
62.382: Application time: 0.0006280 seconds
62.447: [GC62.447: [DefNew: 4197K->4197K(4288K), 0.0000070 secs]62.447: [Tenured: 6751K->4600K(9600K), 0.0057190 secs] 10948K->4600K(13888K), [Perm : 5107K->5107K(21248K)], 0.0057660 secs] [Times: user=0.01 sys=0.00, real=0.01 secs] 
62.453: Total time for which application threads were stopped: 0.0711090 seconds, Stopping threads took: 0.0652660 seconds
62.454: Application time: 0.0005810 seconds
62.501: [GC62.502: [DefNew: 3727K->391K(4288K), 0.0009110 secs] 8327K->8019K(13888K), 0.0009350 secs] [Times: user=0.00 sys=0.00, real=0.00 secs] 
62.502: Total time for which application threads were stopped: 0.0488170 seconds, Stopping threads took: 0.0478260 seconds
62.503: Application time: 0.0007190 seconds
62.550: [GC62.550: [DefNew: 4217K->4217K(4288K), 0.0000070 secs]62.550: [Tenured: 7627K->5674K(9600K), 0.0058890 secs] 11844K->5674K(13888K), [Perm : 5107K->5107K(21248K)], 0.0059340 secs] [Times: user=0.00 sys=0.00, real=0.01 secs] 
62.556: Total time for which application threads were stopped: 0.0527530 seconds, Stopping threads took: 0.0467540 seconds
62.557: Application time: 0.0010100 seconds
62.627: [GC62.627: [DefNew: 3825K->391K(4288K), 0.0009060 secs] 9499K->8507K(13888K), 0.0009350 secs] [Times: user=0.00 sys=0.00, real=0.00 secs] 
62.628: Total time for which application threads were stopped: 0.0711000 seconds, Stopping threads took: 0.0700830 seconds
62.629: Application time: 0.0007520 seconds
62.691: [GC62.691: [DefNew: 4197K->4197K(4288K), 0.0000080 secs]62.691: [Tenured: 8115K->4628K(9600K), 0.0056590 secs] 12313K->4628K(13888K), [Perm : 5107K->5107K(21248K)], 0.0057060 secs] [Times: user=0.00 sys=0.00, real=0.01 secs] 
62.697: Total time for which application threads were stopped: 0.0680600 seconds, Stopping threads took: 0.0622770 seconds
62.697: Application time: 0.0005280 seconds
62.754: [GC62.754: [DefNew: 3727K->391K(4288K), 0.0007350 secs] 8356K->7168K(13888K), 0.0007590 secs] [Times: user=0.00 sys=0.00, real=0.00 secs] 
62.754: Total time for which application threads were stopped: 0.0571050 seconds, Stopping threads took: 0.0562990 seconds
62.755: Application time: 0.0003830 seconds
62.788: [GC62.788: [DefNew: 4217K->4217K(4288K), 0.0000070 secs]62.788: [Tenured: 6777K->4628K(9600K), 0.0061690 secs] 10994K->4628K(13888K), [Perm : 5107K->5107K(21248K)], 0.0062120 secs] [Times: user=0.00 sys=0.00, real=0.01 secs] 
62.794: Total time for which application threads were stopped: 0.0396210 seconds, Stopping threads took: 0.0333360 seconds
62.795: Application time: 0.0005690 seconds
62.841: [GC62.841: [DefNew: 3821K->391K(4288K), 0.0011820 secs] 8449K->8047K(13888K), 0.0012160 secs] [Times: user=0.00 sys=0.00, real=0.00 secs] 
62.843: Total time for which application threads were stopped: 0.0474910 seconds, Stopping threads took: 0.0461970 seconds
62.915: Application time: 0.0721790 seconds
62.917: [GC62.917: [DefNew: 4216K->4216K(4288K), 0.0000110 secs]62.917: [Tenured: 7656K->1475K(9600K), 0.0057600 secs] 11873K->1475K(13888K), [Perm : 5107K->5107K(21248K)], 0.0058140 secs] [Times: user=0.01 sys=0.00, real=0.00 secs] 
62.923: Total time for which application threads were stopped: 0.0084090 seconds, Stopping threads took: 0.0025050 seconds
62.924: Application time: 0.0006910 seconds
62.924: [GC62.924: [DefNew: 3727K->392K(4288K), 0.0008740 secs] 5203K->5188K(13888K), 0.0008920 secs] [Times: user=0.00 sys=0.00, real=0.01 secs] 
62.925: Total time for which application threads were stopped: 0.0011690 seconds, Stopping threads took: 0.0002180 seconds
62.926: Application time: 0.0010870 seconds
62.988: [GC62.988: [DefNew: 4213K->293K(4288K), 0.0006710 secs] 9009K->7044K(13888K), 0.0006950 secs] [Times: user=0.00 sys=0.00, real=0.00 secs] 
62.988: Total time for which application threads were stopped: 0.0622250 seconds, Stopping threads took: 0.0614670 seconds
62.989: Application time: 0.0004070 seconds
63.041: [GC63.041: [DefNew: 3923K->3923K(4288K), 0.0000070 secs]63.041: [Tenured: 6750K->4014K(9600K), 0.0061170 secs] 10674K->4014K(13888K), [Perm : 5107K->5107K(21248K)], 0.0061650 secs] [Times: user=0.01 sys=0.00, real=0.01 secs] 
63.047: Total time for which application threads were stopped: 0.0586250 seconds, Stopping threads took: 0.0523860 seconds
63.048: Application time: 0.0005030 seconds
63.048: [GC63.048: [DefNew: 3819K->391K(4288K), 0.0008750 secs] 7833K->7824K(13888K), 0.0008930 secs] [Times: user=0.00 sys=0.00, real=0.00 secs] 
63.049: Total time for which application threads were stopped: 0.0013550 seconds, Stopping threads took: 0.0003950 seconds
63.121: Application time: 0.0721810 seconds
63.125: [GC63.125: [DefNew: 4216K->4216K(4288K), 0.0000090 secs]63.125: [Tenured: 7432K->3038K(9600K), 0.0052450 secs] 11649K->3038K(13888K), [Perm : 5107K->5107K(21248K)], 0.0052990 secs] [Times: user=0.00 sys=0.00, real=0.00 secs] 
63.130: Total time for which application threads were stopped: 0.0087100 seconds, Stopping threads took: 0.0033320 seconds
63.131: Application time: 0.0005130 seconds
63.175: [GC63.175: [DefNew: 3803K->322K(4288K), 0.0008310 secs] 6842K->6486K(13888K), 0.0008500 secs] [Times: user=0.00 sys=0.00, real=0.00 secs] 
63.176: Total time for which application threads were stopped: 0.0455530 seconds, Stopping threads took: 0.0446410 seconds
63.177: Application time: 0.0006730 seconds
63.239: [GC63.239: [DefNew: 4147K->4147K(4288K), 0.0000070 secs]63.239: [Tenured: 6163K->5216K(9600K), 0.0057210 secs] 10311K->5216K(13888K), [Perm : 5107K->5107K(21248K)], 0.0057780 secs] [Times: user=0.00 sys=0.00, real=0.01 secs] 
63.245: Total time for which application threads were stopped: 0.0681590 seconds, Stopping threads took: 0.0623040 seconds
63.246: Application time: 0.0008180 seconds
63.300: [GC63.300: [DefNew: 3825K->391K(4288K), 0.0010550 secs] 9041K->8636K(13888K), 0.0010870 secs] [Times: user=0.00 sys=0.00, real=0.00 secs] 
63.301: Total time for which application threads were stopped: 0.0555210 seconds, Stopping threads took: 0.0543780 seconds
63.302: Application time: 0.0006880 seconds
63.366: [GC63.366: [DefNew: 4100K->4100K(4288K), 0.0000070 secs]63.366: [Tenured: 8244K->4014K(9600K), 0.0055610 secs] 12344K->4014K(13888K), [Perm : 5107K->5107K(21248K)], 0.0056090 secs] [Times: user=0.00 sys=0.00, real=0.00 secs] 
63.372: Total time for which application threads were stopped: 0.0695970 seconds, Stopping threads took: 0.0639330 seconds
63.372: Application time: 0.0004480 seconds
63.405: [GC63.405: [DefNew: 3823K->391K(4288K), 0.0008650 secs] 7837K->7531K(13888K), 0.0008860 secs] [Times: user=0.00 sys=0.00, real=0.00 secs] 
63.406: Total time for which application threads were stopped: 0.0335760 seconds, Stopping threads took: 0.0326480 seconds
63.478: Application time: 0.0727240 seconds
63.480: [GC63.480: [DefNew: 4119K->4119K(4288K), 0.0000090 secs]63.480: [Tenured: 7139K->1865K(9600K), 0.0051090 secs] 11258K->1865K(13888K), [Perm : 5107K->5107K(21248K)], 0.0051570 secs] [Times: user=0.00 sys=0.00, real=0.01 secs] 
63.485: Total time for which application threads were stopped: 0.0068210 seconds, Stopping threads took: 0.0016020 seconds
63.486: Application time: 0.0006300 seconds
63.486: [GC63.486: [DefNew: 3708K->420K(4288K), 0.0008770 secs] 5574K->5509K(13888K), 0.0008980 secs] [Times: user=0.00 sys=0.00, real=0.00 secs] 
63.487: Total time for which application threads were stopped: 0.0011090 seconds, Stopping threads took: 0.0001670 seconds
63.488: Application time: 0.0010480 seconds
63.558: [GC63.558: [DefNew: 4241K->391K(4288K), 0.0005250 secs] 9330K->6584K(13888K), 0.0005500 secs] [Times: user=0.01 sys=0.00, real=0.00 secs] 
63.558: Total time for which application threads were stopped: 0.0702860 seconds, Stopping threads took: 0.0696690 seconds
63.559: Application time: 0.0007080 seconds
63.609: [GC63.609: [DefNew: 4197K->4197K(4288K), 0.0000080 secs]63.609: [Tenured: 6193K->4461K(9600K), 0.0059610 secs] 10390K->4461K(13888K), [Perm : 5107K->5107K(21248K)], 0.0060050 secs] [Times: user=0.01 sys=0.00, real=0.01 secs] 
63.615: Total time for which application threads were stopped: 0.0558370 seconds, Stopping threads took: 0.0497590 seconds
63.615: Application time: 0.0004930 seconds
63.680: [GC63.680: [DefNew: 3532K->391K(4288K), 0.0007070 secs] 7994K->6806K(13888K), 0.0007320 secs] [Times: user=0.00 sys=0.00, real=0.00 secs] 
63.681: Total time for which application threads were stopped: 0.0658380 seconds, Stopping threads took: 0.0650370 seconds
63.682: Application time: 0.0004580 seconds
63.715: [GC63.715: [DefNew: 4193K->4193K(4288K), 0.0000070 secs]63.715: [Tenured: 6415K->6346K(9600K), 0.0057460 secs] 10608K->6346K(13888K), [Perm : 5107K->5107K(21248K)], 0.0057920 secs] [Times: user=0.01 sys=0.00, real=0.00 secs] 
63.721: Total time for which application threads were stopped: 0.0393520 seconds, Stopping threads took: 0.0334960 seconds
63.793: Application time: 0.0719770 seconds
63.794: [GC63.794: [DefNew: 3825K->3825K(4288K), 0.0000090 secs]63.794: [Tenured: 6346K->1475K(9600K), 0.0057790 secs] 10171K->1475K(13888K), [Perm : 5107K->5107K(21248K)], 0.0058360 secs] [Times: user=0.00 sys=0.00, real=0.00 secs] 
63.800: Total time for which application threads were stopped: 0.0071570 seconds, Stopping threads took: 0.0012440 seconds
63.801: Application time: 0.0006840 seconds
63.801: [GC63.801: [DefNew: 3727K->392K(4288K), 0.0008750 secs] 5203K->5188K(13888K), 0.0008930 secs] [Times: user=0.00 sys=0.00, real=0.00 secs] 
63.802: Total time for which application threads were stopped: 0.0012700 seconds, Stopping threads took: 0.0003090 seconds
63.803: Application time: 0.0011360 seconds
63.860: [GC63.860: [DefNew: 4213K->391K(4288K), 0.0006480 secs] 9009K->6458K(13888K), 0.0006760 secs] [Times: user=0.00 sys=0.00, real=0.00 secs] 
63.861: Total time for which application threads were stopped: 0.0575760 seconds, Stopping threads took: 0.0568280 seconds
63.861: Application time: 0.0005340 seconds
63.924: [GC63.924: [DefNew: 4021K->4021K(4288K), 0.0000070 secs]63.924: [Tenured: 6067K->4014K(9600K), 0.0060710 secs] 10088K->4014K(13888K), [Perm : 5107K->5107K(21248K)], 0.0061190 secs] [Times: user=0.01 sys=0.00, real=0.01 secs] 
63.930: Total time for which application threads were stopped: 0.0684690 seconds, Stopping threads took: 0.0622750 seconds
63.930: Application time: 0.0004480 seconds
63.963: [GC63.963: [DefNew: 3628K->391K(4288K), 0.0008270 secs] 7642K->7336K(13888K), 0.0008460 secs] [Times: user=0.00 sys=0.00, real=0.00 secs] 
63.964: Total time for which application threads were stopped: 0.0336670 seconds, Stopping threads took: 0.0327600 seconds
64.035: Application time: 0.0715180 seconds
64.041: [GC64.041: [DefNew: 4119K->4119K(4288K), 0.0000080 secs]64.041: [Tenured: 6944K->1672K(9600K), 0.0050260 secs] 11064K->1672K(13888K), [Perm : 5107K->5107K(21248K)], 0.0050780 secs] [Times: user=0.01 sys=0.00, real=0.01 secs] 
64.046: Total time for which application threads were stopped: 0.0102760 seconds, Stopping threads took: 0.0051140 seconds
64.046: Application time: 0.0005980 seconds
64.047: [GC64.047: [DefNew: 3804K->420K(4288K), 0.0008660 secs] 5476K->5413K(13888K), 0.0008830 secs] [Times: user=0.00 sys=0.00, real=0.00 secs] 
64.048: Total time for which application threads were stopped: 0.0011630 seconds, Stopping threads took: 0.0002200 seconds
64.048: Application time: 0.0007810 seconds
64.118: [GC64.118: [DefNew: 4245K->391K(4288K), 0.0006710 secs] 9238K->6976K(13888K), 0.0006970 secs] [Times: user=0.00 sys=0.00, real=0.00 secs] 
64.119: Total time for which application threads were stopped: 0.0708810 seconds, Stopping threads took: 0.0701180 seconds
64.120: Application time: 0.0004360 seconds
64.153: [GC64.153: [DefNew: 4216K->4216K(4288K), 0.0000070 secs]64.153: [Tenured: 6585K->4433K(9600K), 0.0056550 secs] 10802K->4433K(13888K), [Perm : 5107K->5107K(21248K)], 0.0057020 secs] [Times: user=0.01 sys=0.00, real=0.00 secs] 
64.159: Total time for which application threads were stopped: 0.0392130 seconds, Stopping threads took: 0.0334350 seconds
64.159: Application time: 0.0006040 seconds
64.193: [GC64.193: [DefNew: 3721K->391K(4288K), 0.0008700 secs] 8155K->7852K(13888K), 0.0008940 secs] [Times: user=0.00 sys=0.00, real=0.00 secs] 
64.194: Total time for which application threads were stopped: 0.0341350 seconds, Stopping threads took: 0.0331750 seconds
64.266: Application time: 0.0728240 seconds
64.268: [GC64.268: [DefNew: 4216K->4216K(4288K), 0.0000100 secs]64.268: [Tenured: 7461K->2256K(9600K), 0.0058590 secs] 11678K->2256K(13888K), [Perm : 5107K->5107K(21248K)], 0.0059130 secs] [Times: user=0.01 sys=0.00, real=0.01 secs] 
64.274: Total time for which application threads were stopped: 0.0077760 seconds, Stopping threads took: 0.0017860 seconds
64.275: Application time: 0.0006160 seconds
64.308: [GC64.308: [DefNew: 3825K->391K(4288K), 0.0008650 secs] 6082K->5773K(13888K), 0.0008820 secs] [Times: user=0.00 sys=0.00, real=0.00 secs] 
64.309: Total time for which application threads were stopped: 0.0338320 seconds, Stopping threads took: 0.0328890 seconds
64.310: Application time: 0.0009390 seconds
64.378: [GC64.378: [DefNew: 4113K->391K(4288K), 0.0004640 secs] 9495K->6751K(13888K), 0.0004840 secs] [Times: user=0.00 sys=0.00, real=0.00 secs] 
64.379: Total time for which application threads were stopped: 0.0689580 seconds, Stopping threads took: 0.0684120 seconds
64.379: Application time: 0.0005680 seconds
64.449: [GC64.449: [DefNew: 4197K->4197K(4288K), 0.0000070 secs]64.449: [Tenured: 6359K->3847K(9600K), 0.0060620 secs] 10557K->3847K(13888K), [Perm : 5107K->5107K(21248K)], 0.0061180 secs] [Times: user=0.01 sys=0.00, real=0.01 secs] 
64.455: Total time for which application threads were stopped: 0.0762480 seconds, Stopping threads took: 0.0700540 seconds
64.456: Application time: 0.0005280 seconds
64.490: [GC64.490: [DefNew: 3825K->391K(4288K), 0.0007940 secs] 7673K->6778K(13888K), 0.0008160 secs] [Times: user=0.01 sys=0.00, real=0.00 secs] 
64.491: Total time for which application threads were stopped: 0.0346740 seconds, Stopping threads took: 0.0337930 seconds
64.491: Application time: 0.0003500 seconds
64.551: [GC64.551: [DefNew: 4215K->4215K(4288K), 0.0000070 secs]64.551: [Tenured: 6386K->5019K(9600K), 0.0064060 secs] 10602K->5019K(13888K), [Perm : 5107K->5107K(21248K)], 0.0064470 secs] [Times: user=0.01 sys=0.00, real=0.01 secs] 
64.557: Total time for which application threads were stopped: 0.0662090 seconds, Stopping threads took: 0.0596830 seconds
64.558: Application time: 0.0008570 seconds
64.629: [GC64.629: [DefNew: 3708K->322K(4288K), 0.0007270 secs] 8727K->7295K(13888K), 0.0007550 secs] [Times: user=0.00 sys=0.00, real=0.00 secs] 
64.630: Total time for which application threads were stopped: 0.0715560 seconds, Stopping threads took: 0.0707530 seconds
64.630: Application time: 0.0004000 seconds
64.694: [GC64.694: [DefNew: 3952K->3952K(4288K), 0.0000070 secs]64.694: [Tenured: 6972K->4755K(9600K), 0.0061070 secs] 10925K->4755K(13888K), [Perm : 5107K->5107K(21248K)], 0.0061550 secs] [Times: user=0.00 sys=0.00, real=0.00 secs] 
64.700: Total time for which application threads were stopped: 0.0703900 seconds, Stopping threads took: 0.0641430 seconds
64.701: Application time: 0.0005470 seconds
64.734: [GC64.734: [DefNew: 3723K->391K(4288K), 0.0009240 secs] 8478K->8467K(13888K), 0.0009450 secs] [Times: user=0.00 sys=0.00, real=0.00 secs] 
64.735: Total time for which application threads were stopped: 0.0342830 seconds, Stopping threads took: 0.0332750 seconds
64.808: Application time: 0.0728860 seconds
64.809: [GC64.809: [DefNew: 4118K->4118K(4288K), 0.0000100 secs]64.809: [Tenured: 8075K->2452K(9600K), 0.0056690 secs] 12194K->2452K(13888K), [Perm : 5107K->5107K(21248K)], 0.0057180 secs] [Times: user=0.00 sys=0.00, real=0.01 secs] 
64.814: Total time for which application threads were stopped: 0.0063180 seconds, Stopping threads took: 0.0005160 seconds
64.815: Application time: 0.0006380 seconds
64.815: [GC64.815: [DefNew: 3625K->391K(4288K), 0.0008310 secs] 6078K->6066K(13888K), 0.0008530 secs] [Times: user=0.00 sys=0.00, real=0.00 secs] 
64.816: Total time for which application threads were stopped: 0.0012240 seconds, Stopping threads took: 0.0003270 seconds
64.888: Application time: 0.0719450 seconds
64.891: [GC64.891: [DefNew: 4216K->4216K(4288K), 0.0000090 secs]64.891: [Tenured: 5675K->1281K(9600K), 0.0055700 secs] 9891K->1281K(13888K), [Perm : 5107K->5107K(21248K)], 0.0056290 secs] [Times: user=0.01 sys=0.00, real=0.01 secs] 
64.896: Total time for which application threads were stopped: 0.0081540 seconds, Stopping threads took: 0.0024680 seconds
64.897: Application time: 0.0005320 seconds
64.897: [GC64.897: [DefNew: 3725K->392K(4288K), 0.0008620 secs] 5007K->4994K(13888K), 0.0008840 secs] [Times: user=0.01 sys=0.00, real=0.00 secs] 
64.898: Total time for which application threads were stopped: 0.0012800 seconds, Stopping threads took: 0.0003300 seconds
64.899: Application time: 0.0007440 seconds
64.962: [GC64.962: [DefNew: 4115K->195K(4288K), 0.0004290 secs] 8717K->5971K(13888K), 0.0004520 secs] [Times: user=0.00 sys=0.00, real=0.00 secs] 
64.963: Total time for which application threads were stopped: 0.0640560 seconds, Stopping threads took: 0.0635500 seconds
64.964: Application time: 0.0006340 seconds
65.017: [GC65.017: [DefNew: 4001K->4001K(4288K), 0.0000080 secs]65.017: [Tenured: 5775K->3848K(9600K), 0.0060880 secs] 9777K->3848K(13888K), [Perm : 5107K->5107K(21248K)], 0.0061350 secs] [Times: user=0.01 sys=0.00, real=0.00 secs] 
65.023: Total time for which application threads were stopped: 0.0591780 seconds, Stopping threads took: 0.0529900 seconds
65.023: Application time: 0.0005190 seconds
65.089: [GC65.089: [DefNew: 3825K->391K(4288K), 0.0008330 secs] 7673K->6779K(13888K), 0.0008650 secs] [Times: user=0.00 sys=0.00, real=0.00 secs] 
65.090: Total time for which application threads were stopped: 0.0665150 seconds, Stopping threads took: 0.0655730 seconds
65.090: Application time: 0.0006240 seconds
65.124: [GC65.124: [DefNew: 4111K->4111K(4288K), 0.0000070 secs]65.124: [Tenured: 6387K->7070K(9600K), 0.0060820 secs] 10498K->7070K(13888K), [Perm : 5107K->5107K(21248K)], 0.0061250 secs] [Times: user=0.01 sys=0.00, real=0.01 secs] 
65.130: Total time for which application threads were stopped: 0.0399210 seconds, Stopping threads took: 0.0337220 seconds
65.202: Application time: 0.0712150 seconds
65.205: [GC65.205: [DefNew: 3825K->3825K(4288K), 0.0000090 secs]65.205: [Tenured: 7070K->2257K(9600K), 0.0051800 secs] 10896K->2257K(13888K), [Perm : 5107K->5107K(21248K)], 0.0052330 secs] [Times: user=0.00 sys=0.00, real=0.00 secs] 
65.210: Total time for which application threads were stopped: 0.0082330 seconds, Stopping threads took: 0.0029200 seconds
65.210: Application time: 0.0005920 seconds
65.244: [GC65.244: [DefNew: 3825K->392K(4288K), 0.0008320 secs] 6082K->5774K(13888K), 0.0008520 secs] [Times: user=0.00 sys=0.00, real=0.01 secs] 
65.244: Total time for which application threads were stopped: 0.0340010 seconds, Stopping threads took: 0.0331100 seconds
65.245: Application time: 0.0005440 seconds
65.279: [GC65.279: [DefNew: 4213K->391K(4288K), 0.0008640 secs] 9595K->8509K(13888K), 0.0008900 secs] [Times: user=0.00 sys=0.00, real=0.00 secs] 
65.279: Total time for which application threads were stopped: 0.0345460 seconds, Stopping threads took: 0.0335990 seconds
65.280: Application time: 0.0007490 seconds
65.350: [GC65.350: [DefNew: 4216K->4216K(4288K), 0.0000080 secs]65.350: [Tenured: 8118K->4014K(9600K), 0.0059760 secs] 12334K->4014K(13888K), [Perm : 5107K->5107K(21248K)], 0.0060270 secs] [Times: user=0.00 sys=0.00, real=0.01 secs] 
65.356: Total time for which application threads were stopped: 0.0759220 seconds, Stopping threads took: 0.0698160 seconds
65.357: Application time: 0.0004990 seconds
65.391: [GC65.391: [DefNew: 3630K->392K(4288K), 0.0008800 secs] 7645K->7141K(13888K), 0.0009050 secs] [Times: user=0.00 sys=0.00, real=0.00 secs] 
65.392: Total time for which application threads were stopped: 0.0350670 seconds, Stopping threads took: 0.0340920 seconds
65.392: Application time: 0.0004510 seconds
65.426: [GC65.426: [DefNew: 4113K->4113K(4288K), 0.0000050 secs]65.426: [Tenured: 6749K->7042K(9600K), 0.0062510 secs] 10863K->7042K(13888K), [Perm : 5107K->5107K(21248K)], 0.0062960 secs] [Times: user=0.01 sys=0.00, real=0.00 secs] 
65.432: Total time for which application threads were stopped: 0.0398810 seconds, Stopping threads took: 0.0335090 seconds
65.503: Application time: 0.0712220 seconds
65.507: [GC65.507: [DefNew: 3708K->3708K(4288K), 0.0000090 secs]65.507: [Tenured: 7042K->2090K(9600K), 0.0050810 secs] 10750K->2090K(13888K), [Perm : 5107K->5107K(21248K)], 0.0051330 secs] [Times: user=0.01 sys=0.00, real=0.01 secs] 
65.512: Total time for which application threads were stopped: 0.0091920 seconds, Stopping threads took: 0.0039820 seconds
65.513: Application time: 0.0006050 seconds
65.546: [GC65.546: [DefNew: 3762K->425K(4288K), 0.0008190 secs] 5852K->5445K(13888K), 0.0008400 secs] [Times: user=0.00 sys=0.00, real=0.00 secs] 
65.547: Total time for which application threads were stopped: 0.0339090 seconds, Stopping threads took: 0.0330040 seconds
65.548: Application time: 0.0005590 seconds
65.593: [GC65.593: [DefNew: 4170K->415K(4288K), 0.0009500 secs] 9190K->8594K(13888K), 0.0009710 secs] [Times: user=0.00 sys=0.00, real=0.00 secs] 
65.594: Total time for which application threads were stopped: 0.0466770 seconds, Stopping threads took: 0.0456370 seconds
65.667: Application time: 0.0724240 seconds
65.668: [GC65.668: [DefNew: 4221K->4221K(4288K), 0.0000100 secs]65.668: [Tenured: 8179K->1280K(9600K), 0.0050370 secs] 12400K->1280K(13888K), [Perm : 5107K->5107K(21248K)], 0.0050930 secs] [Times: user=0.01 sys=0.00, real=0.01 secs] 
65.673: Total time for which application threads were stopped: 0.0064810 seconds, Stopping threads took: 0.0013120 seconds
65.674: Application time: 0.0005960 seconds
65.674: [GC65.674: [DefNew: 3725K->392K(4288K), 0.0008850 secs] 5006K->4993K(13888K), 0.0009070 secs] [Times: user=0.00 sys=0.00, real=0.00 secs] 
65.675: Total time for which application threads were stopped: 0.0012140 seconds, Stopping threads took: 0.0002400 seconds
65.676: Application time: 0.0014710 seconds
65.727: [GC65.727: [DefNew: 4113K->390K(4288K), 0.0005350 secs] 8715K->6459K(13888K), 0.0005570 secs] [Times: user=0.00 sys=0.00, real=0.00 secs] 
65.728: Total time for which application threads were stopped: 0.0510680 seconds, Stopping threads took: 0.0504710 seconds
65.728: Application time: 0.0007160 seconds
65.798: [GC65.798: [DefNew: 4216K->4216K(4288K), 0.0000080 secs]65.798: [Tenured: 6068K->3919K(9600K), 0.0057390 secs] 10284K->3919K(13888K), [Perm : 5107K->5107K(21248K)], 0.0057860 secs] [Times: user=0.00 sys=0.00, real=0.00 secs] 
65.804: Total time for which application threads were stopped: 0.0756780 seconds, Stopping threads took: 0.0698160 seconds
65.804: Application time: 0.0005540 seconds
65.856: [GC65.856: [DefNew: 3727K->392K(4288K), 0.0010120 secs] 7647K->7046K(13888K), 0.0010410 secs] [Times: user=0.00 sys=0.00, real=0.00 secs] 
65.857: Total time for which application threads were stopped: 0.0526000 seconds, Stopping threads took: 0.0514840 seconds
65.858: Application time: 0.0006650 seconds
65.891: [GC65.891: [DefNew: 4115K->4115K(4288K), 0.0000070 secs]65.891: [Tenured: 6654K->5970K(9600K), 0.0057570 secs] 10769K->5970K(13888K), [Perm : 5107K->5107K(21248K)], 0.0058040 secs] [Times: user=0.00 sys=0.00, real=0.01 secs] 
65.897: Total time for which application threads were stopped: 0.0390920 seconds, Stopping threads took: 0.0332110 seconds
65.898: Application time: 0.0009160 seconds
65.968: [GC65.968: [DefNew: 3825K->3825K(4288K), 0.0000090 secs]65.968: [Tenured: 5970K->3333K(9600K), 0.0060880 secs] 9795K->3333K(13888K), [Perm : 5107K->5107K(21248K)], 0.0061420 secs] [Times: user=0.01 sys=0.00, real=0.01 secs] 
65.974: Total time for which application threads were stopped: 0.0767460 seconds, Stopping threads took: 0.0705220 seconds
65.975: Application time: 0.0005460 seconds
66.008: [GC66.008: [DefNew: 3825K->392K(4288K), 0.0009420 secs] 7159K->7046K(13888K), 0.0009640 secs] [Times: user=0.00 sys=0.00, real=0.00 secs] 
66.009: Total time for which application threads were stopped: 0.0343440 seconds, Stopping threads took: 0.0333390 seconds
66.010: Application time: 0.0004240 seconds
66.072: [GC66.072: [DefNew: 4117K->4117K(4288K), 0.0000070 secs]66.072: [Tenured: 6654K->4405K(9600K), 0.0056020 secs] 10772K->4405K(13888K), [Perm : 5107K->5107K(21248K)], 0.0056470 secs] [Times: user=0.00 sys=0.00, real=0.01 secs] 
66.078: Total time for which application threads were stopped: 0.0679400 seconds, Stopping threads took: 0.0622190 seconds
66.079: Application time: 0.0008500 seconds
66.149: [GC66.149: [DefNew: 3806K->420K(4288K), 0.0007920 secs] 8211K->6974K(13888K), 0.0008190 secs] [Times: user=0.00 sys=0.00, real=0.00 secs] 
66.150: Total time for which application threads were stopped: 0.0709160 seconds, Stopping threads took: 0.0700220 seconds
66.150: Application time: 0.0003630 seconds
66.202: [GC66.202: [DefNew: 4098K->4098K(4288K), 0.0000070 secs]66.202: [Tenured: 6554K->4238K(9600K), 0.0056970 secs] 10653K->4238K(13888K), [Perm : 5107K->5107K(21248K)], 0.0057410 secs] [Times: user=0.00 sys=0.00, real=0.01 secs] 
66.208: Total time for which application threads were stopped: 0.0582930 seconds, Stopping threads took: 0.0524800 seconds
66.209: Application time: 0.0005490 seconds
66.242: [GC66.242: [DefNew: 3753K->420K(4288K), 0.0009620 secs] 7992K->7881K(13888K), 0.0009860 secs] [Times: user=0.00 sys=0.00, real=0.00 secs] 
66.243: Total time for which application threads were stopped: 0.0342350 seconds, Stopping threads took: 0.0331810 seconds
66.314: Application time: 0.0712400 seconds
66.317: [GC66.317: [DefNew: 4245K->4245K(4288K), 0.0000090 secs]66.317: [Tenured: 7461K->2119K(9600K), 0.0050360 secs] 11706K->2119K(13888K), [Perm : 5107K->5107K(21248K)], 0.0050990 secs] [Times: user=0.01 sys=0.00, real=0.00 secs] 
66.322: Total time for which application threads were stopped: 0.0082720 seconds, Stopping threads took: 0.0030940 seconds
66.323: Application time: 0.0005860 seconds
66.365: [GC66.365: [DefNew: 3825K->392K(4288K), 0.0008300 secs] 5944K->5636K(13888K), 0.0008480 secs] [Times: user=0.00 sys=0.00, real=0.00 secs] 
66.366: Total time for which application threads were stopped: 0.0431970 seconds, Stopping threads took: 0.0422880 seconds
66.367: Application time: 0.0004900 seconds
66.417: [GC66.417: [DefNew: 4217K->391K(4288K), 0.0008030 secs] 9461K->8176K(13888K), 0.0008260 secs] [Times: user=0.00 sys=0.00, real=0.00 secs] 
66.418: Total time for which application threads were stopped: 0.0509980 seconds, Stopping threads took: 0.0501300 seconds
66.419: Application time: 0.0008040 seconds
66.489: [GC66.489: [DefNew: 4216K->4216K(4288K), 0.0000080 secs]66.489: [Tenured: 7785K->3877K(9600K), 0.0059600 secs] 12001K->3877K(13888K), [Perm : 5107K->5107K(21248K)], 0.0060130 secs] [Times: user=0.00 sys=0.00, real=0.01 secs] 
66.495: Total time for which application threads were stopped: 0.0760400 seconds, Stopping threads took: 0.0699490 seconds
66.495: Application time: 0.0005420 seconds
66.528: [GC66.528: [DefNew: 3708K->420K(4288K), 0.0008290 secs] 7585K->6837K(13888K), 0.0008510 secs] [Times: user=0.00 sys=0.00, real=0.00 secs] 
66.529: Total time for which application threads were stopped: 0.0341840 seconds, Stopping threads took: 0.0332650 seconds
66.530: Application time: 0.0003730 seconds
66.564: [GC66.564: [DefNew: 4148K->4148K(4288K), 0.0000060 secs]66.564: [Tenured: 6416K->5773K(9600K), 0.0058670 secs] 10564K->5773K(13888K), [Perm : 5107K->5107K(21248K)], 0.0059120 secs] [Times: user=0.01 sys=0.00, real=0.01 secs] 
66.570: Total time for which application threads were stopped: 0.0397930 seconds, Stopping threads took: 0.0338070 seconds
66.570: Application time: 0.0009440 seconds
66.641: [GC66.641: [DefNew: 3825K->391K(4288K), 0.0006710 secs] 9598K->7629K(13888K), 0.0007000 secs] [Times: user=0.00 sys=0.00, real=0.00 secs] 
66.642: Total time for which application threads were stopped: 0.0710530 seconds, Stopping threads took: 0.0702810 seconds
66.642: Application time: 0.0003980 seconds
66.675: [GC66.675: [DefNew: 4217K->4217K(4288K), 0.0000070 secs]66.675: [Tenured: 7238K->4796K(9600K), 0.0057700 secs] 11455K->4796K(13888K), [Perm : 5107K->5107K(21248K)], 0.0058170 secs] [Times: user=0.00 sys=0.00, real=0.00 secs] 
66.681: Total time for which application threads were stopped: 0.0391370 seconds, Stopping threads took: 0.0332590 seconds
66.682: Application time: 0.0005020 seconds
66.715: [GC66.715: [DefNew: 3821K->391K(4288K), 0.0008230 secs] 8617K->8019K(13888K), 0.0008440 secs] [Times: user=0.00 sys=0.00, real=0.00 secs] 
66.716: Total time for which application threads were stopped: 0.0343770 seconds, Stopping threads took: 0.0334800 seconds
66.788: Application time: 0.0724100 seconds
66.790: [GC66.790: [DefNew: 4216K->4216K(4288K), 0.0000090 secs]66.790: [Tenured: 7628K->1671K(9600K), 0.0057850 secs] 11845K->1671K(13888K), [Perm : 5107K->5107K(21248K)], 0.0058370 secs] [Times: user=0.00 sys=0.00, real=0.01 secs] 
66.795: Total time for which application threads were stopped: 0.0070770 seconds, Stopping threads took: 0.0011640 seconds
66.796: Application time: 0.0006340 seconds
66.796: [GC66.796: [DefNew: 3725K->392K(4288K), 0.0008470 secs] 5397K->5384K(13888K), 0.0008720 secs] [Times: user=0.00 sys=0.00, real=0.00 secs] 
66.797: Total time for which application threads were stopped: 0.0011280 seconds, Stopping threads took: 0.0002180 seconds
66.799: Application time: 0.0015040 seconds
66.868: [GC66.868: [DefNew: 4215K->293K(4288K), 0.0008060 secs] 9207K->7240K(13888K), 0.0008370 secs] [Times: user=0.00 sys=0.00, real=0.00 secs] 
66.869: Total time for which application threads were stopped: 0.0698810 seconds, Stopping threads took: 0.0689630 seconds
66.870: Application time: 0.0010590 seconds
66.939: [GC66.939: [DefNew: 4099K->4099K(4288K), 0.0000080 secs]66.939: [Tenured: 6946K->4336K(9600K), 0.0056680 secs] 11046K->4336K(13888K), [Perm : 5107K->5107K(21248K)], 0.0057150 secs] [Times: user=0.00 sys=0.00, real=0.01 secs] 
66.945: Total time for which application threads were stopped: 0.0755340 seconds, Stopping threads took: 0.0697440 seconds
66.946: Application time: 0.0005160 seconds
66.980: [GC66.980: [DefNew: 3628K->391K(4288K), 0.0008960 secs] 7964K->7853K(13888K), 0.0009210 secs] [Times: user=0.00 sys=0.00, real=0.00 secs] 
66.981: Total time for which application threads were stopped: 0.0348750 seconds, Stopping threads took: 0.0338870 seconds
66.981: Application time: 0.0007610 seconds
67.052: [GC67.052: [DefNew: 4217K->4217K(4288K), 0.0000100 secs]67.052: [Tenured: 7461K->3136K(9600K), 0.0061420 secs] 11679K->3136K(13888K), [Perm : 5107K->5107K(21248K)], 0.0061900 secs] [Times: user=0.00 sys=0.00, real=0.01 secs] 
67.058: Total time for which application threads were stopped: 0.0765620 seconds, Stopping threads took: 0.0703190 seconds
67.059: Application time: 0.0006310 seconds
67.092: [GC67.092: [DefNew: 3825K->392K(4288K), 0.0009280 secs] 6962K->6654K(13888K), 0.0009530 secs] [Times: user=0.00 sys=0.00, real=0.00 secs] 
67.093: Total time for which application threads were stopped: 0.0348910 seconds, Stopping threads took: 0.0338710 seconds
67.094: Application time: 0.0005840 seconds
67.127: [GC67.127: [DefNew: 4213K->4213K(4288K), 0.0000060 secs]67.127: [Tenured: 6261K->6457K(9600K), 0.0059600 secs] 10475K->6457K(13888K), [Perm : 5107K->5107K(21248K)], 0.0060040 secs] [Times: user=0.01 sys=0.00, real=0.01 secs] 
67.133: Total time for which application threads were stopped: 0.0394240 seconds, Stopping threads took: 0.0333570 seconds
67.206: Application time: 0.0725990 seconds
67.207: [GC67.207: [DefNew: 3825K->3825K(4288K), 0.0000090 secs]67.207: [Tenured: 6457K->1671K(9600K), 0.0057250 secs] 10282K->1671K(13888K), [Perm : 5107K->5107K(21248K)], 0.0057750 secs] [Times: user=0.01 sys=0.00, real=0.01 secs] 
67.213: Total time for which application threads were stopped: 0.0069960 seconds, Stopping threads took: 0.0011360 seconds
67.214: Application time: 0.0006060 seconds
67.214: [GC67.214: [DefNew: 3727K->391K(4288K), 0.0008080 secs] 5399K->5384K(13888K), 0.0008290 secs] [Times: user=0.00 sys=0.00, real=0.00 secs] 
67.215: Total time for which application threads were stopped: 0.0010240 seconds, Stopping threads took: 0.0001510 seconds
67.215: Application time: 0.0005120 seconds
67.279: [GC67.279: [DefNew: 4212K->391K(4288K), 0.0008580 secs] 9205K->8119K(13888K), 0.0008830 secs] [Times: user=0.00 sys=0.00, real=0.00 secs] 
67.279: Total time for which application threads were stopped: 0.0642630 seconds, Stopping threads took: 0.0633120 seconds
67.281: Application time: 0.0016870 seconds
67.351: [GC67.351: [DefNew: 4099K->4099K(4288K), 0.0000090 secs]67.351: [Tenured: 7728K->2092K(9600K), 0.0051860 secs] 11827K->2092K(13888K), [Perm : 5107K->5107K(21248K)], 0.0052390 secs] [Times: user=0.01 sys=0.00, real=0.01 secs] 
67.357: Total time for which application threads were stopped: 0.0755500 seconds, Stopping threads took: 0.0702440 seconds
67.357: Application time: 0.0004960 seconds
67.391: [GC67.391: [DefNew: 3833K->400K(4288K), 0.0008200 secs] 5926K->5618K(13888K), 0.0008390 secs] [Times: user=0.00 sys=0.00, real=0.00 secs] 
67.392: Total time for which application threads were stopped: 0.0343400 seconds, Stopping threads took: 0.0334390 seconds
67.392: Application time: 0.0003390 seconds
67.457: [GC67.457: [DefNew: 4196K->419K(4288K), 0.0009040 secs] 9414K->8178K(13888K), 0.0009290 secs] [Times: user=0.00 sys=0.00, real=0.00 secs] 
67.458: Total time for which application threads were stopped: 0.0658560 seconds, Stopping threads took: 0.0648600 seconds
67.458: Application time: 0.0005220 seconds
67.528: [GC67.528: [DefNew: 4225K->4225K(4288K), 0.0000180 secs]67.528: [Tenured: 7758K->4699K(9600K), 0.0057570 secs] 11984K->4699K(13888K), [Perm : 5107K->5107K(21248K)], 0.0058170 secs] [Times: user=0.00 sys=0.01, real=0.01 secs] 
67.534: Total time for which application threads were stopped: 0.0758790 seconds, Stopping threads took: 0.0700080 seconds
67.535: Application time: 0.0008160 seconds
67.605: [GC67.605: [DefNew: 3805K->420K(4288K), 0.0006100 secs] 8505K->6486K(13888K), 0.0006360 secs] [Times: user=0.00 sys=0.00, real=0.00 secs] 
67.605: Total time for which application threads were stopped: 0.0704090 seconds, Stopping threads took: 0.0697040 seconds
67.606: Application time: 0.0003490 seconds
67.639: [GC67.639: [DefNew: 4148K->4148K(4288K), 0.0000060 secs]67.639: [Tenured: 6066K->4629K(9600K), 0.0060980 secs] 10214K->4629K(13888K), [Perm : 5107K->5107K(21248K)], 0.0061430 secs] [Times: user=0.00 sys=0.00, real=0.01 secs] 
67.645: Total time for which application threads were stopped: 0.0395770 seconds, Stopping threads took: 0.0333570 seconds
67.646: Application time: 0.0005370 seconds
67.679: [GC67.679: [DefNew: 3819K->391K(4288K), 0.0008900 secs] 8448K->8146K(13888K), 0.0009130 secs] [Times: user=0.00 sys=0.00, real=0.00 secs] 
67.680: Total time for which application threads were stopped: 0.0344940 seconds, Stopping threads took: 0.0335160 seconds
67.752: Application time: 0.0715040 seconds
67.753: [GC67.753: [DefNew: 4118K->4118K(4288K), 0.0000090 secs]67.753: [Tenured: 7755K->2481K(9600K), 0.0052610 secs] 11873K->2481K(13888K), [Perm : 5107K->5107K(21248K)], 0.0053150 secs] [Times: user=0.00 sys=0.00, real=0.00 secs] 
67.759: Total time for which application threads were stopped: 0.0069380 seconds, Stopping threads took: 0.0015350 seconds
67.759: Application time: 0.0005470 seconds
67.792: [GC67.792: [DefNew: 3823K->392K(4288K), 0.0008410 secs] 6305K->5998K(13888K), 0.0008600 secs] [Times: user=0.00 sys=0.00, real=0.01 secs] 
67.793: Total time for which application threads were stopped: 0.0337090 seconds, Stopping threads took: 0.0327890 seconds
67.794: Application time: 0.0007480 seconds
67.843: [GC67.843: [DefNew: 4213K->4213K(4288K), 0.0000090 secs]67.843: [Tenured: 5606K->5998K(9600K), 0.0063060 secs] 9819K->5998K(13888K), [Perm : 5107K->5107K(21248K)], 0.0063610 secs] [Times: user=0.01 sys=0.00, real=0.01 secs] 
67.850: Total time for which application threads were stopped: 0.0560170 seconds, Stopping threads took: 0.0495740 seconds
67.851: Application time: 0.0009230 seconds
67.920: [GC67.920: [DefNew: 3825K->3825K(4288K), 0.0000080 secs]67.920: [Tenured: 5998K->4211K(9600K), 0.0056080 secs] 9823K->4211K(13888K), [Perm : 5107K->5107K(21248K)], 0.0056600 secs] [Times: user=0.01 sys=0.00, real=0.01 secs] 
67.926: Total time for which application threads were stopped: 0.0751960 seconds, Stopping threads took: 0.0694560 seconds
67.926: Application time: 0.0005340 seconds
67.960: [GC67.960: [DefNew: 3825K->392K(4288K), 0.0010150 secs] 8036K->7728K(13888K), 0.0010430 secs] [Times: user=0.00 sys=0.00, real=0.00 secs] 
67.961: Total time for which application threads were stopped: 0.0347170 seconds, Stopping threads took: 0.0336020 seconds
67.962: Application time: 0.0006740 seconds
68.032: [GC68.032: [DefNew: 4100K->4100K(4288K), 0.0000070 secs]68.032: [Tenured: 7336K->3067K(9600K), 0.0053520 secs] 11436K->3067K(13888K), [Perm : 5107K->5107K(21248K)], 0.0053990 secs] [Times: user=0.00 sys=0.00, real=0.01 secs] 
68.037: Total time for which application threads were stopped: 0.0755480 seconds, Stopping threads took: 0.0700720 seconds
68.038: Application time: 0.0005200 seconds
68.072: [GC68.072: [DefNew: 3775K->392K(4288K), 0.0008050 secs] 6843K->6194K(13888K), 0.0008300 secs] [Times: user=0.00 sys=0.00, real=0.01 secs] 
68.072: Total time for which application threads were stopped: 0.0345910 seconds, Stopping threads took: 0.0336940 seconds
68.073: Application time: 0.0003880 seconds
68.138: [GC68.138: [DefNew: 4147K->4147K(4288K), 0.0000060 secs]68.138: [Tenured: 5802K->4072K(9600K), 0.0055930 secs] 9949K->4072K(13888K), [Perm : 5107K->5107K(21248K)], 0.0056410 secs] [Times: user=0.00 sys=0.00, real=0.00 secs] 
68.143: Total time for which application threads were stopped: 0.0705150 seconds, Stopping threads took: 0.0647900 seconds
68.144: Application time: 0.0004770 seconds
68.178: [GC68.178: [DefNew: 3628K->294K(4288K), 0.0007780 secs] 7700K->7101K(13888K), 0.0007980 secs] [Times: user=0.00 sys=0.00, real=0.00 secs] 
68.179: Total time for which application threads were stopped: 0.0347430 seconds, Stopping threads took: 0.0338820 seconds
68.180: Application time: 0.0010040 seconds
68.250: [GC68.250: [DefNew: 4115K->4115K(4288K), 0.0000070 secs]68.250: [Tenured: 6807K->2900K(9600K), 0.0053620 secs] 10922K->2900K(13888K), [Perm : 5107K->5107K(21248K)], 0.0054120 secs] [Times: user=0.01 sys=0.00, real=0.01 secs] 
68.255: Total time for which application threads were stopped: 0.0753500 seconds, Stopping threads took: 0.0698820 seconds
68.255: Application time: 0.0005070 seconds
68.289: [GC68.289: [DefNew: 3727K->392K(4288K), 0.0007650 secs] 6628K->6027K(13888K), 0.0007840 secs] [Times: user=0.00 sys=0.00, real=0.00 secs] 
68.290: Total time for which application threads were stopped: 0.0341360 seconds, Stopping threads took: 0.0332950 seconds
68.290: Application time: 0.0005690 seconds
68.324: [GC68.324: [DefNew: 4115K->4115K(4288K), 0.0000060 secs]68.324: [Tenured: 5635K->5968K(9600K), 0.0059470 secs] 9751K->5968K(13888K), [Perm : 5107K->5107K(21248K)], 0.0059910 secs] [Times: user=0.00 sys=0.00, real=0.01 secs] 
68.330: Total time for which application threads were stopped: 0.0395000 seconds, Stopping threads took: 0.0334340 seconds
68.331: Application time: 0.0009560 seconds
68.402: [GC68.402: [DefNew: 3825K->3825K(4288K), 0.0000090 secs]68.402: [Tenured: 5968K->3332K(9600K), 0.0060800 secs] 9794K->3332K(13888K), [Perm : 5107K->5107K(21248K)], 0.0061330 secs] [Times: user=0.00 sys=0.00, real=0.01 secs] 
68.408: Total time for which application threads were stopped: 0.0774390 seconds, Stopping threads took: 0.0712490 seconds
68.409: Application time: 0.0005540 seconds
68.442: [GC68.442: [DefNew: 3825K->392K(4288K), 0.0009830 secs] 7158K->7045K(13888K), 0.0010060 secs] [Times: user=0.00 sys=0.00, real=0.00 secs] 
68.443: Total time for which application threads were stopped: 0.0342840 seconds, Stopping threads took: 0.0332090 seconds
68.444: Application time: 0.0005980 seconds
68.477: [GC68.477: [DefNew: 4115K->4115K(4288K), 0.0000070 secs]68.477: [Tenured: 6652K->5480K(9600K), 0.0056500 secs] 10768K->5480K(13888K), [Perm : 5107K->5107K(21248K)], 0.0056990 secs] [Times: user=0.00 sys=0.00, real=0.00 secs] 
68.483: Total time for which application threads were stopped: 0.0390200 seconds, Stopping threads took: 0.0332570 seconds
68.483: Application time: 0.0008800 seconds
68.553: [GC68.553: [DefNew: 3825K->391K(4288K), 0.0008740 secs] 9306K->8118K(13888K), 0.0009040 secs] [Times: user=0.00 sys=0.00, real=0.00 secs] 
68.554: Total time for which application threads were stopped: 0.0706480 seconds, Stopping threads took: 0.0696690 seconds
68.555: Application time: 0.0004960 seconds
68.601: [GC68.601: [DefNew: 4119K->4119K(4288K), 0.0000070 secs]68.601: [Tenured: 7726K->4406K(9600K), 0.0057220 secs] 11846K->4406K(13888K), [Perm : 5107K->5107K(21248K)], 0.0057690 secs] [Times: user=0.00 sys=0.00, real=0.01 secs] 
68.607: Total time for which application threads were stopped: 0.0524670 seconds, Stopping threads took: 0.0466240 seconds
68.608: Application time: 0.0005860 seconds
68.641: [GC68.641: [DefNew: 3803K->420K(4288K), 0.0008460 secs] 8210K->7561K(13888K), 0.0008700 secs] [Times: user=0.00 sys=0.00, real=0.00 secs] 
68.642: Total time for which application threads were stopped: 0.0342610 seconds, Stopping threads took: 0.0333450 seconds
68.643: Application time: 0.0009370 seconds
68.713: [GC68.713: [DefNew: 4245K->4245K(4288K), 0.0000090 secs]68.713: [Tenured: 7140K->3332K(9600K), 0.0062110 secs] 11386K->3332K(13888K), [Perm : 5107K->5107K(21248K)], 0.0062610 secs] [Times: user=0.01 sys=0.01, real=0.00 secs] 
68.719: Total time for which application threads were stopped: 0.0763500 seconds, Stopping threads took: 0.0700120 seconds
68.720: Application time: 0.0006980 seconds
68.753: [GC68.753: [DefNew: 3708K->420K(4288K), 0.0009400 secs] 7040K->6878K(13888K), 0.0009720 secs] [Times: user=0.00 sys=0.00, real=0.00 secs] 
68.754: Total time for which application threads were stopped: 0.0343050 seconds, Stopping threads took: 0.0332660 seconds
68.755: Application time: 0.0003680 seconds
68.818: [GC68.818: [DefNew: 4148K->4148K(4288K), 0.0000090 secs]68.818: [Tenured: 6457K->4239K(9600K), 0.0055490 secs] 10605K->4239K(13888K), [Perm : 5107K->5107K(21248K)], 0.0055990 secs] [Times: user=0.01 sys=0.00, real=0.00 secs] 
68.824: Total time for which application threads were stopped: 0.0692600 seconds, Stopping threads took: 0.0635900 seconds
68.824: Application time: 0.0005480 seconds
68.859: [GC68.859: [DefNew: 3825K->391K(4288K), 0.0011360 secs] 8065K->7951K(13888K), 0.0011640 secs] [Times: user=0.00 sys=0.00, real=0.00 secs] 
68.860: Total time for which application threads were stopped: 0.0353730 seconds, Stopping threads took: 0.0341370 seconds
68.931: Application time: 0.0715050 seconds
68.937: [GC68.937: [DefNew: 4119K->4119K(4288K), 0.0000090 secs]68.938: [Tenured: 7560K->2091K(9600K), 0.0051550 secs] 11679K->2091K(13888K), [Perm : 5107K->5107K(21248K)], 0.0052100 secs] [Times: user=0.01 sys=0.00, real=0.00 secs] 
68.943: Total time for which application threads were stopped: 0.0114300 seconds, Stopping threads took: 0.0061400 seconds
68.943: Application time: 0.0005550 seconds
68.977: [GC68.977: [DefNew: 3825K->392K(4288K), 0.0008270 secs] 5917K->5609K(13888K), 0.0008470 secs] [Times: user=0.00 sys=0.00, real=0.00 secs] 
68.978: Total time for which application threads were stopped: 0.0343170 seconds, Stopping threads took: 0.0334170 seconds
68.979: Application time: 0.0010760 seconds
69.020: [GC69.020: [DefNew: 4213K->391K(4288K), 0.0006290 secs] 9430K->7660K(13888K), 0.0006480 secs] [Times: user=0.00 sys=0.00, real=0.00 secs] 
69.020: Total time for which application threads were stopped: 0.0418280 seconds, Stopping threads took: 0.0411210 seconds
69.092: Application time: 0.0719420 seconds
69.094: [GC69.094: [DefNew: 4216K->4216K(4288K), 0.0000090 secs]69.094: [Tenured: 7269K->1701K(9600K), 0.0052600 secs] 11485K->1701K(13888K), [Perm : 5107K->5107K(21248K)], 0.0053110 secs] [Times: user=0.01 sys=0.00, real=0.00 secs] 
69.100: Total time for which application threads were stopped: 0.0071460 seconds, Stopping threads took: 0.0017580 seconds
69.100: Application time: 0.0006150 seconds
69.101: [GC69.101: [DefNew: 3725K->392K(4288K), 0.0008670 secs] 5427K->5414K(13888K), 0.0008900 secs] [Times: user=0.00 sys=0.00, real=0.00 secs] 
69.102: Total time for which application threads were stopped: 0.0013070 seconds, Stopping threads took: 0.0003520 seconds
69.102: Application time: 0.0006840 seconds
69.172: [GC69.172: [DefNew: 4217K->391K(4288K), 0.0006110 secs] 9239K->6781K(13888K), 0.0006360 secs] [Times: user=0.00 sys=0.00, real=0.01 secs] 
69.173: Total time for which application threads were stopped: 0.0705000 seconds, Stopping threads took: 0.0697960 seconds
69.173: Application time: 0.0003470 seconds
69.207: [GC69.207: [DefNew: 4216K->4216K(4288K), 0.0000070 secs]69.207: [Tenured: 6390K->4406K(9600K), 0.0057310 secs] 10607K->4406K(13888K), [Perm : 5107K->5107K(21248K)], 0.0057730 secs] [Times: user=0.00 sys=0.00, real=0.01 secs] 
69.213: Total time for which application threads were stopped: 0.0395870 seconds, Stopping threads took: 0.0337410 seconds
69.213: Application time: 0.0006000 seconds
69.246: [GC69.246: [DefNew: 3721K->391K(4288K), 0.0008450 secs] 8128K->7825K(13888K), 0.0008680 secs] [Times: user=0.00 sys=0.00, real=0.00 secs] 
69.247: Total time for which application threads were stopped: 0.0338930 seconds, Stopping threads took: 0.0329590 seconds
69.319: Application time: 0.0720910 seconds
69.320: [GC69.320: [DefNew: 4216K->4216K(4288K), 0.0000100 secs]69.320: [Tenured: 7434K->2259K(9600K), 0.0058250 secs] 11650K->2259K(13888K), [Perm : 5107K->5107K(21248K)], 0.0058800 secs] [Times: user=0.00 sys=0.00, real=0.01 secs] 
69.326: Total time for which application threads were stopped: 0.0070010 seconds, Stopping threads took: 0.0010440 seconds
69.327: Application time: 0.0005960 seconds
69.360: [GC69.360: [DefNew: 3833K->400K(4288K), 0.0009020 secs] 6092K->5980K(13888K), 0.0009200 secs] [Times: user=0.00 sys=0.00, real=0.00 secs] 
69.361: Total time for which application threads were stopped: 0.0342240 seconds, Stopping threads took: 0.0332570 seconds
69.362: Application time: 0.0004930 seconds
69.395: [GC69.395: [DefNew: 4194K->4194K(4288K), 0.0000060 secs]69.395: [Tenured: 5579K->6583K(9600K), 0.0058330 secs] 9774K->6583K(13888K), [Perm : 5107K->5107K(21248K)], 0.0058760 secs] [Times: user=0.00 sys=0.00, real=0.00 secs] 
69.401: Total time for which application threads were stopped: 0.0391880 seconds, Stopping threads took: 0.0332610 seconds
69.473: Application time: 0.0720080 seconds
69.475: [GC69.475: [DefNew: 3688K->3688K(4288K), 0.0000090 secs]69.475: [Tenured: 6583K->1562K(9600K), 0.0056970 secs] 10272K->1562K(13888K), [Perm : 5107K->5107K(21248K)], 0.0057500 secs] [Times: user=0.00 sys=0.00, real=0.00 secs] 
69.481: Total time for which application threads were stopped: 0.0080710 seconds, Stopping threads took: 0.0022430 seconds
69.482: Application time: 0.0007040 seconds
69.482: [GC69.482: [DefNew: 3775K->441K(4288K), 0.0008860 secs] 5338K->5323K(13888K), 0.0009040 secs] [Times: user=0.00 sys=0.00, real=0.00 secs] 
69.483: Total time for which application threads were stopped: 0.0012630 seconds, Stopping threads took: 0.0003220 seconds
69.483: Application time: 0.0006440 seconds
69.529: [GC69.529: [DefNew: 4190K->419K(4288K), 0.0009080 secs] 9073K->8136K(13888K), 0.0009290 secs] [Times: user=0.00 sys=0.00, real=0.00 secs] 
69.530: Total time for which application threads were stopped: 0.0469890 seconds, Stopping threads took: 0.0459960 seconds
69.531: Application time: 0.0008110 seconds
69.601: [GC69.601: [DefNew: 4244K->4244K(4288K), 0.0000080 secs]69.601: [Tenured: 7716K->4113K(9600K), 0.0061830 secs] 11961K->4113K(13888K), [Perm : 5107K->5107K(21248K)], 0.0062330 secs] [Times: user=0.01 sys=0.00, real=0.01 secs] 
69.608: Total time for which application threads were stopped: 0.0763510 seconds, Stopping threads took: 0.0700410 seconds
69.608: Application time: 0.0004980 seconds
69.665: [GC69.665: [DefNew: 3532K->392K(4288K), 0.0008720 secs] 7646K->7240K(13888K), 0.0008940 secs] [Times: user=0.00 sys=0.00, real=0.00 secs] 
69.666: Total time for which application threads were stopped: 0.0579310 seconds, Stopping threads took: 0.0569710 seconds
69.666: Application time: 0.0004250 seconds
69.700: [GC69.700: [DefNew: 4113K->4113K(4288K), 0.0000080 secs]69.700: [Tenured: 6848K->7043K(9600K), 0.0063690 secs] 10962K->7043K(13888K), [Perm : 5107K->5107K(21248K)], 0.0064180 secs] [Times: user=0.01 sys=0.00, real=0.01 secs] 
69.706: Total time for which application threads were stopped: 0.0396010 seconds, Stopping threads took: 0.0331270 seconds
69.778: Application time: 0.0716650 seconds
69.782: [GC69.782: [DefNew: 3825K->3825K(4288K), 0.0000090 secs]69.782: [Tenured: 7043K->2258K(9600K), 0.0045380 secs] 10868K->2258K(13888K), [Perm : 5107K->5107K(21248K)], 0.0045910 secs] [Times: user=0.00 sys=0.00, real=0.01 secs] 
69.787: Total time for which application threads were stopped: 0.0092060 seconds, Stopping threads took: 0.0045370 seconds
69.787: Application time: 0.0004890 seconds
69.788: [GC69.788: [DefNew: 3678K->343K(4288K), 0.0008150 secs] 5936K->5922K(13888K), 0.0008360 secs] [Times: user=0.00 sys=0.00, real=0.00 secs] 
69.789: Total time for which application threads were stopped: 0.0013390 seconds, Stopping threads took: 0.0004380 seconds
69.789: Application time: 0.0006670 seconds
69.860: [GC69.860: [DefNew: 4099K->4099K(4288K), 0.0000100 secs]69.860: [Tenured: 5579K->3167K(9600K), 0.0060760 secs] 9678K->3167K(13888K), [Perm : 5107K->5107K(21248K)], 0.0061320 secs] [Times: user=0.00 sys=0.00, real=0.01 secs] 
69.866: Total time for which application threads were stopped: 0.0765070 seconds, Stopping threads took: 0.0702860 seconds
69.866: Application time: 0.0004870 seconds
69.915: [GC69.915: [DefNew: 3825K->392K(4288K), 0.0009130 secs] 6992K->6684K(13888K), 0.0009430 secs] [Times: user=0.00 sys=0.00, real=0.00 secs] 
69.916: Total time for which application threads were stopped: 0.0495770 seconds, Stopping threads took: 0.0485680 seconds
69.917: Application time: 0.0006520 seconds
69.964: [GC69.964: [DefNew: 4213K->4213K(4288K), 0.0000070 secs]69.964: [Tenured: 6292K->6457K(9600K), 0.0059440 secs] 10505K->6457K(13888K), [Perm : 5107K->5107K(21248K)], 0.0059920 secs] [Times: user=0.01 sys=0.00, real=0.01 secs] 
69.970: Total time for which application threads were stopped: 0.0531370 seconds, Stopping threads took: 0.0470670 seconds
70.041: Application time: 0.0714360 seconds
70.043: [GC70.043: [DefNew: 3825K->3825K(4288K), 0.0000100 secs]70.043: [Tenured: 6457K->1672K(9600K), 0.0057870 secs] 10283K->1672K(13888K), [Perm : 5107K->5107K(21248K)], 0.0058410 secs] [Times: user=0.01 sys=0.00, real=0.01 secs] 
70.049: Total time for which application threads were stopped: 0.0078510 seconds, Stopping threads took: 0.0019310 seconds
70.050: Application time: 0.0006770 seconds
70.050: [GC70.050: [DefNew: 3725K->392K(4288K), 0.0008680 secs] 5398K->5385K(13888K), 0.0008850 secs] [Times: user=0.01 sys=0.00, real=0.00 secs] 
70.051: Total time for which application threads were stopped: 0.0011720 seconds, Stopping threads took: 0.0002280 seconds
70.052: Application time: 0.0013450 seconds
70.117: [GC70.117: [DefNew: 4215K->293K(4288K), 0.0006660 secs] 9208K->7241K(13888K), 0.0006890 secs] [Times: user=0.00 sys=0.00, real=0.00 secs] 
70.118: Total time for which application threads were stopped: 0.0653930 seconds, Stopping threads took: 0.0646410 seconds
70.118: Application time: 0.0007510 seconds
70.182: [GC70.182: [DefNew: 4001K->4001K(4288K), 0.0000070 secs]70.182: [Tenured: 6947K->4240K(9600K), 0.0061520 secs] 10949K->4240K(13888K), [Perm : 5107K->5107K(21248K)], 0.0062010 secs] [Times: user=0.00 sys=0.00, real=0.01 secs] 
70.188: Total time for which application threads were stopped: 0.0696920 seconds, Stopping threads took: 0.0634160 seconds
70.189: Application time: 0.0005280 seconds
70.222: [GC70.222: [DefNew: 3825K->391K(4288K), 0.0009410 secs] 8065K->7757K(13888K), 0.0009660 secs] [Times: user=0.00 sys=0.00, real=0.00 secs] 
70.223: Total time for which application threads were stopped: 0.0345310 seconds, Stopping threads took: 0.0335070 seconds
70.224: Application time: 0.0006180 seconds
70.277: [GC70.277: [DefNew: 4214K->4214K(4288K), 0.0000070 secs]70.277: [Tenured: 7365K->5411K(9600K), 0.0065770 secs] 11580K->5411K(13888K), [Perm : 5107K->5107K(21248K)], 0.0066220 secs] [Times: user=0.01 sys=0.00, real=0.00 secs] 
70.284: Total time for which application threads were stopped: 0.0602760 seconds, Stopping threads took: 0.0535790 seconds
70.285: Application time: 0.0009810 seconds
70.355: [GC70.355: [DefNew: 3806K->420K(4288K), 0.0007960 secs] 9217K->7883K(13888K), 0.0008420 secs] [Times: user=0.00 sys=0.00, real=0.00 secs] 
70.356: Total time for which application threads were stopped: 0.0712610 seconds, Stopping threads took: 0.0703560 seconds
70.357: Application time: 0.0004100 seconds
70.390: [GC70.390: [DefNew: 4245K->4245K(4288K), 0.0000060 secs]70.390: [Tenured: 7462K->5383K(9600K), 0.0059280 secs] 11708K->5383K(13888K), [Perm : 5107K->5107K(21248K)], 0.0059720 secs] [Times: user=0.00 sys=0.00, real=0.01 secs] 
70.396: Total time for which application threads were stopped: 0.0390920 seconds, Stopping threads took: 0.0330400 seconds
70.396: Application time: 0.0006400 seconds
70.446: [GC70.446: [DefNew: 3825K->391K(4288K), 0.0009520 secs] 9208K->8802K(13888K), 0.0009760 secs] [Times: user=0.00 sys=0.00, real=0.00 secs] 
70.447: Total time for which application threads were stopped: 0.0502290 seconds, Stopping threads took: 0.0491840 seconds
70.519: Application time: 0.0725370 seconds
70.520: [GC70.520: [DefNew: 4216K->4216K(4288K), 0.0000100 secs]70.520: [Tenured: 8411K->2258K(9600K), 0.0052480 secs] 12627K->2258K(13888K), [Perm : 5107K->5107K(21248K)], 0.0053000 secs] [Times: user=0.01 sys=0.00, real=0.01 secs] 
70.525: Total time for which application threads were stopped: 0.0062450 seconds, Stopping threads took: 0.0008770 seconds
70.526: Application time: 0.0005520 seconds
70.559: [GC70.559: [DefNew: 3628K->392K(4288K), 0.0008970 secs] 5886K->5580K(13888K), 0.0009200 secs] [Times: user=0.00 sys=0.00, real=0.00 secs] 
70.560: Total time for which application threads were stopped: 0.0343740 seconds, Stopping threads took: 0.0333880 seconds
70.561: Application time: 0.0004440 seconds
70.594: [GC70.594: [DefNew: 4195K->419K(4288K), 0.0009750 secs] 9384K->9027K(13888K), 0.0009970 secs] [Times: user=0.00 sys=0.00, real=0.00 secs] 
70.595: Total time for which application threads were stopped: 0.0346260 seconds, Stopping threads took: 0.0335640 seconds
70.667: Application time: 0.0717000 seconds
70.671: [GC70.671: [DefNew: 4244K->4244K(4288K), 0.0000090 secs]70.671: [Tenured: 8607K->2678K(9600K), 0.0048190 secs] 12852K->2678K(13888K), [Perm : 5107K->5107K(21248K)], 0.0048750 secs] [Times: user=0.00 sys=0.00, real=0.01 secs] 
70.676: Total time for which application threads were stopped: 0.0083710 seconds, Stopping threads took: 0.0034180 seconds
70.676: Application time: 0.0004890 seconds
70.724: [GC70.724: [DefNew: 3823K->392K(4288K), 0.0008350 secs] 6501K->6195K(13888K), 0.0008540 secs] [Times: user=0.00 sys=0.00, real=0.01 secs] 
70.724: Total time for which application threads were stopped: 0.0484200 seconds, Stopping threads took: 0.0475260 seconds
70.725: Application time: 0.0006100 seconds
70.758: [GC70.758: [DefNew: 4215K->4215K(4288K), 0.0000070 secs]70.758: [Tenured: 5803K->6390K(9600K), 0.0055540 secs] 10018K->6390K(13888K), [Perm : 5107K->5107K(21248K)], 0.0056020 secs] [Times: user=0.01 sys=0.00, real=0.00 secs] 
70.764: Total time for which application threads were stopped: 0.0388400 seconds, Stopping threads took: 0.0331610 seconds
70.765: Application time: 0.0009820 seconds
70.835: [GC70.835: [DefNew: 3825K->3825K(4288K), 0.0000090 secs]70.835: [Tenured: 6390K->4407K(9600K), 0.0062080 secs] 10215K->4407K(13888K), [Perm : 5107K->5107K(21248K)], 0.0062620 secs] [Times: user=0.00 sys=0.00, real=0.00 secs] 
70.841: Total time for which application threads were stopped: 0.0759610 seconds, Stopping threads took: 0.0696200 seconds
70.842: Application time: 0.0007910 seconds
70.896: [GC70.896: [DefNew: 3727K->392K(4288K), 0.0011970 secs] 8135K->8022K(13888K), 0.0012330 secs] [Times: user=0.00 sys=0.00, real=0.00 secs] 
70.897: Total time for which application threads were stopped: 0.0556600 seconds, Stopping threads took: 0.0543370 seconds
70.898: Application time: 0.0006640 seconds
70.962: [GC70.962: [DefNew: 4217K->4217K(4288K), 0.0000070 secs]70.962: [Tenured: 7630K->4407K(9600K), 0.0058830 secs] 11847K->4407K(13888K), [Perm : 5107K->5107K(21248K)], 0.0059280 secs] [Times: user=0.01 sys=0.00, real=0.01 secs] 
70.968: Total time for which application threads were stopped: 0.0701510 seconds, Stopping threads took: 0.0641480 seconds
70.969: Application time: 0.0005690 seconds
71.038: [GC71.038: [DefNew: 3532K->392K(4288K), 0.0007270 secs] 7939K->6752K(13888K), 0.0007530 secs] [Times: user=0.00 sys=0.00, real=0.00 secs] 
71.039: Total time for which application threads were stopped: 0.0699600 seconds, Stopping threads took: 0.0691350 seconds
71.039: Application time: 0.0003430 seconds
71.040: [GC71.040: [DefNew: 4113K->4113K(4288K), 0.0000050 secs]71.040: [Tenured: 6360K->7336K(9600K), 0.0060300 secs] 10474K->7336K(13888K), [Perm : 5107K->5107K(21248K)], 0.0060700 secs] [Times: user=0.00 sys=0.00, real=0.01 secs] 
71.046: Total time for which application threads were stopped: 0.0070690 seconds, Stopping threads took: 0.0009400 seconds
71.118: Application time: 0.0718410 seconds
71.121: [GC71.121: [DefNew: 3727K->3727K(4288K), 0.0000100 secs]71.121: [Tenured: 7336K->2453K(9600K), 0.0050180 secs] 11064K->2453K(13888K), [Perm : 5107K->5107K(21248K)], 0.0050730 secs] [Times: user=0.00 sys=0.00, real=0.01 secs] 
71.126: Total time for which application threads were stopped: 0.0076910 seconds, Stopping threads took: 0.0025310 seconds
71.126: Application time: 0.0005850 seconds
71.160: [GC71.160: [DefNew: 3823K->391K(4288K), 0.0008370 secs] 6277K->5970K(13888K), 0.0008560 secs] [Times: user=0.00 sys=0.00, real=0.00 secs] 
71.161: Total time for which application threads were stopped: 0.0344910 seconds, Stopping threads took: 0.0335720 seconds
71.161: Application time: 0.0004800 seconds
71.225: [GC71.225: [DefNew: 4214K->4214K(4288K), 0.0000070 secs]71.225: [Tenured: 5579K->4700K(9600K), 0.0057480 secs] 9794K->4700K(13888K), [Perm : 5107K->5107K(21248K)], 0.0057970 secs] [Times: user=0.00 sys=0.00, real=0.00 secs] 
71.231: Total time for which application threads were stopped: 0.0696630 seconds, Stopping threads took: 0.0637900 seconds
71.231: Application time: 0.0004980 seconds
71.295: [GC71.295: [DefNew: 3630K->391K(4288K), 0.0008520 secs] 8330K->7436K(13888K), 0.0008770 secs] [Times: user=0.00 sys=0.00, real=0.00 secs] 
71.296: Total time for which application threads were stopped: 0.0641460 seconds, Stopping threads took: 0.0631980 seconds
71.296: Application time: 0.0005610 seconds
71.342: [GC71.342: [DefNew: 4096K->4096K(4288K), 0.0000060 secs]71.342: [Tenured: 7044K->6583K(9600K), 0.0060640 secs] 11140K->6583K(13888K), [Perm : 5107K->5107K(21248K)], 0.0061110 secs] [Times: user=0.01 sys=0.00, real=0.01 secs] 
71.348: Total time for which application threads were stopped: 0.0517710 seconds, Stopping threads took: 0.0455820 seconds
71.420: Application time: 0.0726570 seconds
71.421: [GC71.421: [DefNew: 3727K->3727K(4288K), 0.0000090 secs]71.421: [Tenured: 6583K->1701K(9600K), 0.0057370 secs] 10311K->1701K(13888K), [Perm : 5107K->5107K(21248K)], 0.0057880 secs] [Times: user=0.01 sys=0.00, real=0.01 secs] 
71.427: Total time for which application threads were stopped: 0.0066880 seconds, Stopping threads took: 0.0008140 seconds
71.428: Application time: 0.0006430 seconds
71.428: [GC71.428: [DefNew: 3773K->440K(4288K), 0.0008930 secs] 5475K->5462K(13888K), 0.0009110 secs] [Times: user=0.01 sys=0.00, real=0.00 secs] 
71.429: Total time for which application threads were stopped: 0.0014130 seconds, Stopping threads took: 0.0004340 seconds
71.430: Application time: 0.0004470 seconds
71.463: [GC71.463: [DefNew: 4096K->419K(4288K), 0.0007710 secs] 9118K->7786K(13888K), 0.0007930 secs] [Times: user=0.00 sys=0.00, real=0.00 secs] 
71.464: Total time for which application threads were stopped: 0.0342300 seconds, Stopping threads took: 0.0333730 seconds
71.465: Application time: 0.0008450 seconds
71.535: [GC71.535: [DefNew: 4245K->4245K(4288K), 0.0000080 secs]71.535: [Tenured: 7367K->4269K(9600K), 0.0063530 secs] 11612K->4269K(13888K), [Perm : 5107K->5107K(21248K)], 0.0064010 secs] [Times: user=0.00 sys=0.00, real=0.00 secs] 
71.541: Total time for which application threads were stopped: 0.0764710 seconds, Stopping threads took: 0.0699940 seconds
71.542: Application time: 0.0009060 seconds
71.596: [GC71.596: [DefNew: 3708K->420K(4288K), 0.0009530 secs] 7978K->7620K(13888K), 0.0009780 secs] [Times: user=0.00 sys=0.00, real=0.00 secs] 
71.597: Total time for which application threads were stopped: 0.0551470 seconds, Stopping threads took: 0.0541160 seconds
71.598: Application time: 0.0005370 seconds
71.666: [GC71.666: [DefNew: 4226K->4226K(4288K), 0.0000070 secs]71.666: [Tenured: 7199K->4016K(9600K), 0.0063210 secs] 11426K->4016K(13888K), [Perm : 5107K->5107K(21248K)], 0.0063660 secs] [Times: user=0.00 sys=0.00, real=0.01 secs] 
71.673: Total time for which application threads were stopped: 0.0748490 seconds, Stopping threads took: 0.0684080 seconds
71.673: Application time: 0.0005490 seconds
71.707: [GC71.707: [DefNew: 3825K->391K(4288K), 0.0008820 secs] 7842K->7143K(13888K), 0.0009090 secs] [Times: user=0.00 sys=0.00, real=0.00 secs] 
71.708: Total time for which application threads were stopped: 0.0347160 seconds, Stopping threads took: 0.0337370 seconds
71.709: Application time: 0.0006530 seconds
71.742: [GC71.742: [DefNew: 4213K->4213K(4288K), 0.0000070 secs]71.742: [Tenured: 6751K->7337K(9600K), 0.0062910 secs] 10964K->7337K(13888K), [Perm : 5107K->5107K(21248K)], 0.0063460 secs] [Times: user=0.00 sys=0.00, real=0.01 secs] 
71.748: Total time for which application threads were stopped: 0.0392940 seconds, Stopping threads took: 0.0328970 seconds
71.819: Application time: 0.0715060 seconds
71.823: [GC71.823: [DefNew: 3727K->3727K(4288K), 0.0000090 secs]71.823: [Tenured: 7337K->2454K(9600K), 0.0045410 secs] 11064K->2454K(13888K), [Perm : 5107K->5107K(21248K)], 0.0045970 secs] [Times: user=0.01 sys=0.00, real=0.01 secs] 
71.827: Total time for which application threads were stopped: 0.0080110 seconds, Stopping threads took: 0.0033340 seconds
71.828: Application time: 0.0004930 seconds
71.861: [GC71.861: [DefNew: 3831K->400K(4288K), 0.0010760 secs] 6286K->5980K(13888K), 0.0011040 secs] [Times: user=0.00 sys=0.00, real=0.00 secs] 
71.862: Total time for which application threads were stopped: 0.0341430 seconds, Stopping threads took: 0.0329650 seconds
71.863: Application time: 0.0005200 seconds
71.926: [GC71.926: [DefNew: 4196K->4196K(4288K), 0.0000080 secs]71.926: [Tenured: 5579K->4828K(9600K), 0.0060200 secs] 9776K->4828K(13888K), [Perm : 5107K->5107K(21248K)], 0.0060690 secs] [Times: user=0.00 sys=0.00, real=0.00 secs] 
71.932: Total time for which application threads were stopped: 0.0697010 seconds, Stopping threads took: 0.0635310 seconds
71.933: Application time: 0.0007610 seconds
71.995: [GC71.995: [DefNew: 3806K->420K(4288K), 0.0008140 secs] 8634K->7592K(13888K), 0.0008400 secs] [Times: user=0.00 sys=0.01, real=0.00 secs] 
71.996: Total time for which application threads were stopped: 0.0632140 seconds, Stopping threads took: 0.0623260 seconds
71.997: Application time: 0.0004160 seconds
72.051: [GC72.051: [DefNew: 4245K->4245K(4288K), 0.0000070 secs]72.051: [Tenured: 7172K->4602K(9600K), 0.0057060 secs] 11418K->4602K(13888K), [Perm : 5107K->5107K(21248K)], 0.0057530 secs] [Times: user=0.00 sys=0.00, real=0.01 secs] 
72.057: Total time for which application threads were stopped: 0.0603110 seconds, Stopping threads took: 0.0544810 seconds
72.058: Application time: 0.0005890 seconds
72.091: [GC72.091: [DefNew: 3821K->391K(4288K), 0.0009310 secs] 8424K->8314K(13888K), 0.0009560 secs] [Times: user=0.00 sys=0.00, real=0.00 secs] 
72.092: Total time for which application threads were stopped: 0.0344880 seconds, Stopping threads took: 0.0334630 seconds
72.164: Application time: 0.0723810 seconds
72.165: [GC72.165: [DefNew: 4197K->4197K(4288K), 0.0000110 secs]72.165: [Tenured: 7923K->2482K(9600K), 0.0059370 secs] 12120K->2482K(13888K), [Perm : 5107K->5107K(21248K)], 0.0059900 secs] [Times: user=0.01 sys=0.00, real=0.00 secs] 
72.171: Total time for which application threads were stopped: 0.0069430 seconds, Stopping threads took: 0.0008730 seconds
72.172: Application time: 0.0005780 seconds
72.205: [GC72.205: [DefNew: 3823K->391K(4288K), 0.0008390 secs] 6306K->5999K(13888K), 0.0008560 secs] [Times: user=0.01 sys=0.00, real=0.00 secs] 
72.206: Total time for which application threads were stopped: 0.0336660 seconds, Stopping threads took: 0.0327490 seconds
72.207: Application time: 0.0011460 seconds
72.276: [GC72.276: [DefNew: 4212K->4212K(4288K), 0.0000080 secs]72.276: [Tenured: 5608K->4046K(9600K), 0.0053710 secs] 9820K->4046K(13888K), [Perm : 5107K->5107K(21248K)], 0.0054240 secs] [Times: user=0.00 sys=0.00, real=0.00 secs] 
72.282: Total time for which application threads were stopped: 0.0749240 seconds, Stopping threads took: 0.0694480 seconds
72.282: Application time: 0.0005600 seconds
72.338: [GC72.338: [DefNew: 3630K->392K(4288K), 0.0007210 secs] 7676K->6782K(13888K), 0.0007420 secs] [Times: user=0.00 sys=0.00, real=0.00 secs] 
72.339: Total time for which application threads were stopped: 0.0568430 seconds, Stopping threads took: 0.0560590 seconds
72.340: Application time: 0.0003920 seconds
72.373: [GC72.373: [DefNew: 4209K->4209K(4288K), 0.0000060 secs]72.373: [Tenured: 6390K->7171K(9600K), 0.0067100 secs] 10599K->7171K(13888K), [Perm : 5107K->5107K(21248K)], 0.0067540 secs] [Times: user=0.01 sys=0.00, real=0.00 secs] 
72.380: Total time for which application threads were stopped: 0.0400470 seconds, Stopping threads took: 0.0332090 seconds
72.451: Application time: 0.0714160 seconds
72.454: [GC72.454: [DefNew: 3727K->3727K(4288K), 0.0000090 secs]72.454: [Tenured: 7171K->1868K(9600K), 0.0050760 secs] 10898K->1868K(13888K), [Perm : 5107K->5107K(21248K)], 0.0051300 secs] [Times: user=0.00 sys=0.00, real=0.00 secs] 
72.459: Total time for which application threads were stopped: 0.0079710 seconds, Stopping threads took: 0.0027760 seconds
72.460: Application time: 0.0005800 seconds
72.460: [GC72.460: [DefNew: 3725K->391K(4288K), 0.0008410 secs] 5594K->5581K(13888K), 0.0008590 secs] [Times: user=0.00 sys=0.00, real=0.00 secs] 
72.461: Total time for which application threads were stopped: 0.0011720 seconds, Stopping threads took: 0.0002530 seconds
72.462: Application time: 0.0015160 seconds
72.532: [GC72.532: [DefNew: 4115K->391K(4288K), 0.0003750 secs] 9304K->5972K(13888K), 0.0004010 secs] [Times: user=0.00 sys=0.00, real=0.01 secs] 
72.533: Total time for which application threads were stopped: 0.0702860 seconds, Stopping threads took: 0.0698420 seconds
72.533: Application time: 0.0004180 seconds
72.567: [GC72.567: [DefNew: 4181K->4181K(4288K), 0.0000070 secs]72.567: [Tenured: 5580K->4419K(9600K), 0.0057180 secs] 9762K->4419K(13888K), [Perm : 5107K->5107K(21248K)], 0.0057590 secs] [Times: user=0.00 sys=0.00, real=0.01 secs] 
72.572: Total time for which application threads were stopped: 0.0394500 seconds, Stopping threads took: 0.0336200 seconds
72.573: Application time: 0.0005210 seconds
72.607: [GC72.607: [DefNew: 3839K->407K(4288K), 0.0009100 secs] 8258K->7952K(13888K), 0.0009320 secs] [Times: user=0.00 sys=0.00, real=0.00 secs] 
72.608: Total time for which application threads were stopped: 0.0346440 seconds, Stopping threads took: 0.0336460 seconds
72.681: Application time: 0.0730460 seconds
72.681: [GC72.681: [DefNew: 4135K->4135K(4288K), 0.0000090 secs]72.681: [Tenured: 7544K->2288K(9600K), 0.0058810 secs] 11680K->2288K(13888K), [Perm : 5107K->5107K(21248K)], 0.0059350 secs] [Times: user=0.01 sys=0.00, real=0.01 secs] 
72.687: Total time for which application threads were stopped: 0.0065260 seconds, Stopping threads took: 0.0005140 seconds
72.688: Application time: 0.0005980 seconds
72.688: [GC72.688: [DefNew: 3821K->391K(4288K), 0.0008790 secs] 6109K->6097K(13888K), 0.0009000 secs] [Times: user=0.00 sys=0.00, real=0.00 secs] 
72.689: Total time for which application threads were stopped: 0.0013460 seconds, Stopping threads took: 0.0003830 seconds
72.761: Application time: 0.0717810 seconds
72.763: [GC72.763: [DefNew: 4216K->4216K(4288K), 0.0000090 secs]72.763: [Tenured: 5706K->1311K(9600K), 0.0049170 secs] 9922K->1311K(13888K), [Perm : 5107K->5107K(21248K)], 0.0049670 secs] [Times: user=0.01 sys=0.00, real=0.01 secs] 
72.768: Total time for which application threads were stopped: 0.0067440 seconds, Stopping threads took: 0.0017110 seconds
72.768: Application time: 0.0006680 seconds
72.769: [GC72.769: [DefNew: 3727K->392K(4288K), 0.0008640 secs] 5039K->5024K(13888K), 0.0008810 secs] [Times: user=0.00 sys=0.01, real=0.00 secs] 
72.769: Total time for which application threads were stopped: 0.0011710 seconds, Stopping threads took: 0.0002310 seconds
72.770: Application time: 0.0006100 seconds
72.818: [GC72.818: [DefNew: 4115K->390K(4288K), 0.0008530 secs] 8748K->7857K(13888K), 0.0008730 secs] [Times: user=0.00 sys=0.00, real=0.00 secs] 
72.819: Total time for which application threads were stopped: 0.0488790 seconds, Stopping threads took: 0.0479530 seconds
72.820: Application time: 0.0007660 seconds
72.889: [GC72.889: [DefNew: 4216K->4216K(4288K), 0.0000090 secs]72.889: [Tenured: 7466K->3919K(9600K), 0.0062920 secs] 11682K->3919K(13888K), [Perm : 5107K->5107K(21248K)], 0.0063440 secs] [Times: user=0.00 sys=0.00, real=0.01 secs] 
72.896: Total time for which application threads were stopped: 0.0758670 seconds, Stopping threads took: 0.0694430 seconds
72.896: Application time: 0.0005870 seconds
72.930: [GC72.930: [DefNew: 3727K->392K(4288K), 0.0008820 secs] 7647K->7046K(13888K), 0.0009130 secs] [Times: user=0.00 sys=0.00, real=0.00 secs] 
72.931: Total time for which application threads were stopped: 0.0349010 seconds, Stopping threads took: 0.0339220 seconds
72.932: Application time: 0.0005690 seconds
72.932: [GC72.932: [DefNew: 4113K->4113K(4288K), 0.0000050 secs]72.932: [Tenured: 6654K->8118K(9600K), 0.0062350 secs] 10767K->8118K(13888K), [Perm : 5107K->5107K(21248K)], 0.0062750 secs] [Times: user=0.00 sys=0.00, real=0.01 secs] 
72.939: Total time for which application threads were stopped: 0.0068860 seconds, Stopping threads took: 0.0005610 seconds
73.013: Application time: 0.0743730 seconds
73.014: [GC73.014: [DefNew: 3825K->3825K(4288K), 0.0000100 secs]73.014: [Tenured: 8118K->3333K(9600K), 0.0061100 secs] 11943K->3333K(13888K), [Perm : 5107K->5107K(21248K)], 0.0061640 secs] [Times: user=0.01 sys=0.00, real=0.00 secs] 
73.021: Total time for which application threads were stopped: 0.0075750 seconds, Stopping threads took: 0.0013240 seconds
73.021: Application time: 0.0006180 seconds
73.055: [GC73.055: [DefNew: 3825K->391K(4288K), 0.0009300 secs] 7158K->7143K(13888K), 0.0009540 secs] [Times: user=0.00 sys=0.00, real=0.00 secs] 
73.056: Total time for which application threads were stopped: 0.0351270 seconds, Stopping threads took: 0.0341060 seconds
73.128: Application time: 0.0721280 seconds
73.129: [GC73.129: [DefNew: 4217K->4217K(4288K), 0.0000090 secs]73.129: [Tenured: 6751K->1283K(9600K), 0.0057160 secs] 10968K->1283K(13888K), [Perm : 5107K->5107K(21248K)], 0.0057680 secs] [Times: user=0.01 sys=0.00, real=0.01 secs] 
73.135: Total time for which application threads were stopped: 0.0067060 seconds, Stopping threads took: 0.0008610 seconds
73.136: Application time: 0.0006090 seconds
73.136: [GC73.136: [DefNew: 3773K->440K(4288K), 0.0009070 secs] 5057K->5045K(13888K), 0.0009250 secs] [Times: user=0.00 sys=0.00, real=0.00 secs] 
73.137: Total time for which application threads were stopped: 0.0014060 seconds, Stopping threads took: 0.0004190 seconds
73.138: Application time: 0.0004180 seconds
73.171: [GC73.171: [DefNew: 4194K->419K(4288K), 0.0009270 secs] 8798K->8150K(13888K), 0.0009480 secs] [Times: user=0.00 sys=0.00, real=0.00 secs] 
73.172: Total time for which application threads were stopped: 0.0345660 seconds, Stopping threads took: 0.0335550 seconds
73.244: Application time: 0.0719370 seconds
73.246: [GC73.246: [DefNew: 4225K->4225K(4288K), 0.0000090 secs]73.247: [Tenured: 7730K->1673K(9600K), 0.0058290 secs] 11956K->1673K(13888K), [Perm : 5107K->5107K(21248K)], 0.0058810 secs] [Times: user=0.00 sys=0.00, real=0.01 secs] 
73.252: Total time for which application threads were stopped: 0.0083480 seconds, Stopping threads took: 0.0023910 seconds
73.253: Application time: 0.0006510 seconds
73.253: [GC73.253: [DefNew: 3725K->391K(4288K), 0.0008630 secs] 5399K->5385K(13888K), 0.0008790 secs] [Times: user=0.00 sys=0.00, real=0.00 secs] 
73.254: Total time for which application threads were stopped: 0.0012700 seconds, Stopping threads took: 0.0003310 seconds
73.255: Application time: 0.0011400 seconds
73.325: [GC73.325: [DefNew: 4212K->391K(4288K), 0.0005320 secs] 9206K->6558K(13888K), 0.0005570 secs] [Times: user=0.00 sys=0.00, real=0.00 secs] 
73.326: Total time for which application threads were stopped: 0.0702560 seconds, Stopping threads took: 0.0696360 seconds
73.326: Application time: 0.0003730 seconds
73.360: [GC73.360: [DefNew: 4216K->4216K(4288K), 0.0000070 secs]73.360: [Tenured: 6167K->4800K(9600K), 0.0062580 secs] 10383K->4800K(13888K), [Perm : 5107K->5107K(21248K)], 0.0063050 secs] [Times: user=0.01 sys=0.00, real=0.01 secs] 
73.366: Total time for which application threads were stopped: 0.0399050 seconds, Stopping threads took: 0.0335250 seconds
73.366: Application time: 0.0004500 seconds
73.400: [GC73.400: [DefNew: 3823K->391K(4288K), 0.0008890 secs] 8623K->8317K(13888K), 0.0009090 secs] [Times: user=0.00 sys=0.00, real=0.00 secs] 
73.401: Total time for which application threads were stopped: 0.0345030 seconds, Stopping threads took: 0.0335230 seconds
73.474: Application time: 0.0730270 seconds
73.508: [GC73.508: [DefNew: 4216K->4216K(4288K), 0.0000100 secs]73.508: [Tenured: 7925K->1676K(9600K), 0.0055710 secs] 12142K->1676K(13888K), [Perm : 5107K->5107K(21248K)], 0.0056190 secs] [Times: user=0.00 sys=0.00, real=0.01 secs] 
73.513: Total time for which application threads were stopped: 0.0392260 seconds, Stopping threads took: 0.0335310 seconds
73.514: Application time: 0.0007190 seconds
73.514: [GC73.514: [DefNew: 3767K->445K(4288K), 0.0008710 secs] 5443K->5279K(13888K), 0.0008930 secs] [Times: user=0.00 sys=0.00, real=0.00 secs] 
73.515: Total time for which application threads were stopped: 0.0012580 seconds, Stopping threads took: 0.0003000 seconds
73.515: Application time: 0.0002840 seconds
73.566: [GC73.566: [DefNew: 3975K->390K(4288K), 0.0008630 secs] 8809K->8209K(13888K), 0.0008840 secs] [Times: user=0.00 sys=0.00, real=0.00 secs] 
73.566: Total time for which application threads were stopped: 0.0510070 seconds, Stopping threads took: 0.0500510 seconds
73.639: Application time: 0.0728760 seconds
73.641: [GC73.641: [DefNew: 4118K->4118K(4288K), 0.0000090 secs]73.641: [Tenured: 7818K->1762K(9600K), 0.0054240 secs] 11937K->1762K(13888K), [Perm : 5107K->5107K(21248K)], 0.0054730 secs] [Times: user=0.01 sys=0.00, real=0.01 secs] 
73.647: Total time for which application threads were stopped: 0.0072270 seconds, Stopping threads took: 0.0016800 seconds
73.647: Application time: 0.0006360 seconds
73.648: [GC73.648: [DefNew: 3782K->396K(4288K), 0.0008880 secs] 5545K->5479K(13888K), 0.0009090 secs] [Times: user=0.00 sys=0.00, real=0.00 secs] 
73.649: Total time for which application threads were stopped: 0.0013460 seconds, Stopping threads took: 0.0003710 seconds
73.649: Application time: 0.0005380 seconds
73.704: [GC73.704: [DefNew: 4145K->317K(4288K), 0.0009040 secs] 9229K->8336K(13888K), 0.0009280 secs] [Times: user=0.00 sys=0.00, real=0.01 secs] 
73.705: Total time for which application threads were stopped: 0.0555480 seconds, Stopping threads took: 0.0545540 seconds
73.705: Application time: 0.0007480 seconds
73.775: [GC73.775: [DefNew: 4143K->4143K(4288K), 0.0000090 secs]73.775: [Tenured: 8019K->3919K(9600K), 0.0060790 secs] 12162K->3919K(13888K), [Perm : 5107K->5107K(21248K)], 0.0061310 secs] [Times: user=0.01 sys=0.00, real=0.00 secs] 
73.782: Total time for which application threads were stopped: 0.0761210 seconds, Stopping threads took: 0.0699130 seconds
73.782: Application time: 0.0005020 seconds
73.846: [GC73.846: [DefNew: 3727K->392K(4288K), 0.0010850 secs] 7647K->7046K(13888K), 0.0015850 secs] [Times: user=0.00 sys=0.01, real=0.00 secs] 
73.848: Total time for which application threads were stopped: 0.0656530 seconds, Stopping threads took: 0.0639870 seconds
73.848: Application time: 0.0005830 seconds
73.886: [GC73.886: [DefNew: 4113K->4113K(4288K), 0.0000070 secs]73.886: [Tenured: 6654K->7045K(9600K), 0.0063330 secs] 10768K->7045K(13888K), [Perm : 5107K->5107K(21248K)], 0.0063800 secs] [Times: user=0.01 sys=0.00, real=0.00 secs] 
73.892: Total time for which application threads were stopped: 0.0436380 seconds, Stopping threads took: 0.0371790 seconds
73.963: Application time: 0.0715340 seconds
73.966: [GC73.966: [DefNew: 3825K->3825K(4288K), 0.0000090 secs]73.966: [Tenured: 7045K->2260K(9600K), 0.0051330 secs] 10870K->2260K(13888K), [Perm : 5107K->5107K(21248K)], 0.0051890 secs] [Times: user=0.01 sys=0.00, real=0.00 secs] 
73.972: Total time for which application threads were stopped: 0.0081830 seconds, Stopping threads took: 0.0029170 seconds
73.972: Application time: 0.0005760 seconds
74.006: [GC74.006: [DefNew: 3708K->420K(4288K), 0.0007830 secs] 5968K->5610K(13888K), 0.0008030 secs] [Times: user=0.00 sys=0.00, real=0.00 secs] 
74.007: Total time for which application threads were stopped: 0.0343920 seconds, Stopping threads took: 0.0335280 seconds
74.007: Application time: 0.0003700 seconds
74.040: [GC74.040: [DefNew: 4243K->391K(4288K), 0.0009590 secs] 9433K->8833K(13888K), 0.0009890 secs] [Times: user=0.00 sys=0.00, real=0.00 secs] 
74.041: Total time for which application threads were stopped: 0.0341080 seconds, Stopping threads took: 0.0330540 seconds
74.114: Application time: 0.0724970 seconds
74.116: [GC74.116: [DefNew: 4216K->4216K(4288K), 0.0000090 secs]74.116: [Tenured: 8442K->1703K(9600K), 0.0058100 secs] 12659K->1703K(13888K), [Perm : 5107K->5107K(21248K)], 0.0058600 secs] [Times: user=0.00 sys=0.00, real=0.00 secs] 
74.121: Total time for which application threads were stopped: 0.0078480 seconds, Stopping threads took: 0.0019000 seconds
74.122: Application time: 0.0004950 seconds
74.122: [GC74.122: [DefNew: 3723K->391K(4288K), 0.0008380 secs] 5427K->5416K(13888K), 0.0008600 secs] [Times: user=0.00 sys=0.00, real=0.00 secs] 
74.123: Total time for which application threads were stopped: 0.0012390 seconds, Stopping threads took: 0.0003360 seconds
74.124: Application time: 0.0007040 seconds
74.189: [GC74.189: [DefNew: 4213K->293K(4288K), 0.0006020 secs] 9237K->6881K(13888K), 0.0006250 secs] [Times: user=0.00 sys=0.00, real=0.00 secs] 
74.190: Total time for which application threads were stopped: 0.0657650 seconds, Stopping threads took: 0.0650980 seconds
74.190: Application time: 0.0006930 seconds
74.252: [GC74.252: [DefNew: 4119K->4119K(4288K), 0.0000070 secs]74.252: [Tenured: 6588K->4408K(9600K), 0.0063440 secs] 10707K->4408K(13888K), [Perm : 5107K->5107K(21248K)], 0.0063910 secs] [Times: user=0.00 sys=0.00, real=0.01 secs] 
74.259: Total time for which application threads were stopped: 0.0682030 seconds, Stopping threads took: 0.0617360 seconds
74.259: Application time: 0.0005020 seconds
74.312: [GC74.313: [DefNew: 3532K->392K(4288K), 0.0007080 secs] 7940K->6753K(13888K), 0.0007360 secs] [Times: user=0.00 sys=0.00, real=0.00 secs] 
74.313: Total time for which application threads were stopped: 0.0541940 seconds, Stopping threads took: 0.0533860 seconds
74.314: Application time: 0.0003620 seconds
74.360: [GC74.360: [DefNew: 4211K->4211K(4288K), 0.0000060 secs]74.360: [Tenured: 6361K->6361K(9600K), 0.0065500 secs] 10572K->6361K(13888K), [Perm : 5107K->5107K(21248K)], 0.0065890 secs] [Times: user=0.01 sys=0.00, real=0.01 secs] 
74.366: Total time for which application threads were stopped: 0.0528470 seconds, Stopping threads took: 0.0461870 seconds
74.438: Application time: 0.0715380 seconds
74.441: [GC74.441: [DefNew: 3727K->3727K(4288K), 0.0000080 secs]74.441: [Tenured: 6361K->1478K(9600K), 0.0048670 secs] 10088K->1478K(13888K), [Perm : 5107K->5107K(21248K)], 0.0049180 secs] [Times: user=0.00 sys=0.00, real=0.01 secs] 
74.446: Total time for which application threads were stopped: 0.0079140 seconds, Stopping threads took: 0.0029180 seconds
74.446: Application time: 0.0005560 seconds
74.447: [GC74.447: [DefNew: 3727K->391K(4288K), 0.0007830 secs] 5206K->5190K(13888K), 0.0008010 secs] [Times: user=0.00 sys=0.00, real=0.00 secs] 
74.447: Total time for which application threads were stopped: 0.0008800 seconds, Stopping threads took: 0.0000400 seconds
74.449: Application time: 0.0012680 seconds
74.512: [GC74.513: [DefNew: 4210K->391K(4288K), 0.0004320 secs] 9009K->5972K(13888K), 0.0004550 secs] [Times: user=0.00 sys=0.00, real=0.00 secs] 
74.513: Total time for which application threads were stopped: 0.0643430 seconds, Stopping threads took: 0.0638230 seconds
74.513: Application time: 0.0004420 seconds
74.547: [GC74.547: [DefNew: 4099K->4099K(4288K), 0.0000070 secs]74.547: [Tenured: 5581K->4045K(9600K), 0.0059840 secs] 9681K->4045K(13888K), [Perm : 5107K->5107K(21248K)], 0.0060290 secs] [Times: user=0.01 sys=0.00, real=0.01 secs] 
74.553: Total time for which application threads were stopped: 0.0397030 seconds, Stopping threads took: 0.0336200 seconds
74.554: Application time: 0.0004670 seconds
74.600: [GC74.600: [DefNew: 3627K->391K(4288K), 0.0007500 secs] 7673K->6781K(13888K), 0.0007760 secs] [Times: user=0.00 sys=0.00, real=0.00 secs] 
74.601: Total time for which application threads were stopped: 0.0474780 seconds, Stopping threads took: 0.0466570 seconds
74.602: Application time: 0.0005950 seconds
74.648: [GC74.648: [DefNew: 4113K->4113K(4288K), 0.0000060 secs]74.648: [Tenured: 6389K->5970K(9600K), 0.0059920 secs] 10503K->5970K(13888K), [Perm : 5107K->5107K(21248K)], 0.0060440 secs] [Times: user=0.00 sys=0.00, real=0.01 secs] 
74.654: Total time for which application threads were stopped: 0.0520530 seconds, Stopping threads took: 0.0459540 seconds
74.655: Application time: 0.0011330 seconds
74.725: [GC74.725: [DefNew: 3825K->3825K(4288K), 0.0000090 secs]74.725: [Tenured: 5970K->3334K(9600K), 0.0049690 secs] 9795K->3334K(13888K), [Perm : 5107K->5107K(21248K)], 0.0050250 secs] [Times: user=0.01 sys=0.00, real=0.00 secs] 
74.730: Total time for which application threads were stopped: 0.0751720 seconds, Stopping threads took: 0.0700780 seconds
74.731: Application time: 0.0005540 seconds
74.764: [GC74.764: [DefNew: 3825K->392K(4288K), 0.0009460 secs] 7160K->7047K(13888K), 0.0009660 secs] [Times: user=0.00 sys=0.00, real=0.01 secs] 
74.765: Total time for which application threads were stopped: 0.0344290 seconds, Stopping threads took: 0.0333990 seconds
74.766: Application time: 0.0006520 seconds
74.829: [GC74.830: [DefNew: 4117K->4117K(4288K), 0.0000070 secs]74.830: [Tenured: 6655K->4408K(9600K), 0.0063280 secs] 10772K->4408K(13888K), [Perm : 5107K->5107K(21248K)], 0.0063740 secs] [Times: user=0.01 sys=0.00, real=0.01 secs] 
74.836: Total time for which application threads were stopped: 0.0702250 seconds, Stopping threads took: 0.0637760 seconds
74.836: Application time: 0.0005590 seconds
74.901: [GC74.901: [DefNew: 3532K->392K(4288K), 0.0008190 secs] 7941K->6753K(13888K), 0.0008510 secs] [Times: user=0.00 sys=0.00, real=0.00 secs] 
74.902: Total time for which application threads were stopped: 0.0658230 seconds, Stopping threads took: 0.0648980 seconds
74.903: Application time: 0.0004060 seconds
74.936: [GC74.936: [DefNew: 4211K->4211K(4288K), 0.0000060 secs]74.936: [Tenured: 6361K->6361K(9600K), 0.0065590 secs] 10573K->6361K(13888K), [Perm : 5107K->5107K(21248K)], 0.0066030 secs] [Times: user=0.00 sys=0.00, real=0.00 secs] 
74.943: Total time for which application threads were stopped: 0.0400360 seconds, Stopping threads took: 0.0333590 seconds
75.015: Application time: 0.0720670 seconds
75.017: [GC75.017: [DefNew: 3727K->3727K(4288K), 0.0000100 secs]75.017: [Tenured: 6361K->1478K(9600K), 0.0057480 secs] 10089K->1478K(13888K), [Perm : 5107K->5107K(21248K)], 0.0057980 secs] [Times: user=0.00 sys=0.00, real=0.00 secs] 
75.023: Total time for which application threads were stopped: 0.0077250 seconds, Stopping threads took: 0.0018490 seconds
75.023: Application time: 0.0007180 seconds
75.023: [GC75.023: [DefNew: 3806K->420K(4288K), 0.0008950 secs] 5285K->5220K(13888K), 0.0009130 secs] [Times: user=0.00 sys=0.00, real=0.01 secs] 
75.024: Total time for which application threads were stopped: 0.0011610 seconds, Stopping threads took: 0.0002110 seconds
75.026: Application time: 0.0011170 seconds
75.083: [GC75.083: [DefNew: 4241K->293K(4288K), 0.0006560 secs] 9041K->7076K(13888K), 0.0006780 secs] [Times: user=0.00 sys=0.00, real=0.00 secs] 
75.084: Total time for which application threads were stopped: 0.0581110 seconds, Stopping threads took: 0.0573920 seconds
75.084: Application time: 0.0008370 seconds
75.151: [GC75.151: [DefNew: 4099K->4099K(4288K), 0.0000070 secs]75.151: [Tenured: 6782K->4172K(9600K), 0.0062910 secs] 10882K->4172K(13888K), [Perm : 5107K->5107K(21248K)], 0.0063410 secs] [Times: user=0.01 sys=0.00, real=0.01 secs] 
75.158: Total time for which application threads were stopped: 0.0733150 seconds, Stopping threads took: 0.0668920 seconds
75.158: Application time: 0.0005220 seconds
75.209: [GC75.209: [DefNew: 3532K->391K(4288K), 0.0008100 secs] 7704K->7103K(13888K), 0.0008290 secs] [Times: user=0.00 sys=0.00, real=0.00 secs] 
75.210: Total time for which application threads were stopped: 0.0512950 seconds, Stopping threads took: 0.0504000 seconds
75.210: Application time: 0.0006420 seconds
75.243: [GC75.243: [DefNew: 4209K->4209K(4288K), 0.0000060 secs]75.243: [Tenured: 6711K->7200K(9600K), 0.0067650 secs] 10920K->7200K(13888K), [Perm : 5107K->5107K(21248K)], 0.0068170 secs] [Times: user=0.01 sys=0.00, real=0.01 secs] 
75.250: Total time for which application threads were stopped: 0.0397630 seconds, Stopping threads took: 0.0328730 seconds
75.326: Application time: 0.0763760 seconds
75.338: [GC75.338: [DefNew: 3727K->3727K(4288K), 0.0000090 secs]75.338: [Tenured: 7200K->2317K(9600K), 0.0051680 secs] 10927K->2317K(13888K), [Perm : 5107K->5107K(21248K)], 0.0052220 secs] [Times: user=0.00 sys=0.00, real=0.00 secs] 
75.343: Total time for which application threads were stopped: 0.0166660 seconds, Stopping threads took: 0.0113650 seconds
75.344: Application time: 0.0005030 seconds
75.378: [GC75.378: [DefNew: 3513K->420K(4288K), 0.0007300 secs] 5830K->5472K(13888K), 0.0007510 secs] [Times: user=0.00 sys=0.00, real=0.00 secs] 
75.379: Total time for which application threads were stopped: 0.0350210 seconds, Stopping threads took: 0.0342060 seconds
75.379: Application time: 0.0004590 seconds
75.422: [GC75.422: [DefNew: 4239K->391K(4288K), 0.0010070 secs] 9292K->8696K(13888K), 0.0010340 secs] [Times: user=0.00 sys=0.00, real=0.00 secs] 
75.423: Total time for which application threads were stopped: 0.0441340 seconds, Stopping threads took: 0.0430310 seconds
75.495: Application time: 0.0722370 seconds
75.496: [GC75.496: [DefNew: 4224K->4224K(4288K), 0.0000090 secs]75.496: [Tenured: 8305K->1462K(9600K), 0.0058030 secs] 12529K->1462K(13888K), [Perm : 5107K->5107K(21248K)], 0.0058550 secs] [Times: user=0.00 sys=0.00, real=0.00 secs] 
75.502: Total time for which application threads were stopped: 0.0067870 seconds, Stopping threads took: 0.0008750 seconds
75.503: Application time: 0.0007200 seconds
75.503: [GC75.503: [DefNew: 3679K->441K(4288K), 0.0008510 secs] 5141K->5037K(13888K), 0.0008690 secs] [Times: user=0.00 sys=0.01, real=0.00 secs] 
75.504: Total time for which application threads were stopped: 0.0012030 seconds, Stopping threads took: 0.0002740 seconds
75.505: Application time: 0.0004650 seconds
75.538: [GC75.538: [DefNew: 4264K->390K(4288K), 0.0008130 secs] 8860K->7576K(13888K), 0.0008350 secs] [Times: user=0.00 sys=0.00, real=0.00 secs] 
75.539: Total time for which application threads were stopped: 0.0344870 seconds, Stopping threads took: 0.0335890 seconds
75.540: Application time: 0.0008300 seconds
75.611: [GC75.611: [DefNew: 4216K->4216K(4288K), 0.0000080 secs]75.611: [Tenured: 7185K->4051K(9600K), 0.0062410 secs] 11402K->4051K(13888K), [Perm : 5107K->5107K(21248K)], 0.0062870 secs] [Times: user=0.00 sys=0.00, real=0.01 secs] 
75.617: Total time for which application threads were stopped: 0.0772030 seconds, Stopping threads took: 0.0708420 seconds
75.618: Application time: 0.0005940 seconds
75.670: [GC75.670: [DefNew: 3708K->420K(4288K), 0.0008890 secs] 7759K->7206K(13888K), 0.0009140 secs] [Times: user=0.00 sys=0.00, real=0.00 secs] 
75.671: Total time for which application threads were stopped: 0.0535460 seconds, Stopping threads took: 0.0525560 seconds
75.672: Application time: 0.0004060 seconds
75.706: [GC75.706: [DefNew: 3953K->3953K(4288K), 0.0000070 secs]75.706: [Tenured: 6785K->4763K(9600K), 0.0057350 secs] 10738K->4763K(13888K), [Perm : 5107K->5107K(21248K)], 0.0057820 secs] [Times: user=0.00 sys=0.00, real=0.00 secs] 
75.711: Total time for which application threads were stopped: 0.0397440 seconds, Stopping threads took: 0.0338860 seconds
75.712: Application time: 0.0005500 seconds
75.775: [GC75.775: [DefNew: 3723K->391K(4288K), 0.0008850 secs] 8487K->7889K(13888K), 0.0009120 secs] [Times: user=0.00 sys=0.00, real=0.00 secs] 
75.776: Total time for which application threads were stopped: 0.0636740 seconds, Stopping threads took: 0.0626910 seconds
75.776: Application time: 0.0007700 seconds
75.846: [GC75.846: [DefNew: 4216K->4216K(4288K), 0.0000100 secs]75.846: [Tenured: 7498K->3689K(9600K), 0.0056650 secs] 11715K->3689K(13888K), [Perm : 5107K->5107K(21248K)], 0.0057230 secs] [Times: user=0.01 sys=0.00, real=0.00 secs] 
75.852: Total time for which application threads were stopped: 0.0756700 seconds, Stopping threads took: 0.0698620 seconds
75.853: Application time: 0.0005670 seconds
75.915: [GC75.915: [DefNew: 3708K->420K(4288K), 0.0008010 secs] 7398K->6454K(13888K), 0.0008330 secs] [Times: user=0.00 sys=0.00, real=0.00 secs] 
75.916: Total time for which application threads were stopped: 0.0635530 seconds, Stopping threads took: 0.0626510 seconds
75.917: Application time: 0.0006280 seconds
75.917: [GC75.917: [DefNew: 4239K->4239K(4288K), 0.0000050 secs]75.917: [Tenured: 6033K->7826K(9600K), 0.0069460 secs] 10273K->7826K(13888K), [Perm : 5107K->5107K(21248K)], 0.0069870 secs] [Times: user=0.00 sys=0.00, real=0.01 secs] 
75.924: Total time for which application threads were stopped: 0.0076060 seconds, Stopping threads took: 0.0005470 seconds
75.996: Application time: 0.0716630 seconds
75.999: [GC75.999: [DefNew: 3825K->3825K(4288K), 0.0000090 secs]75.999: [Tenured: 7826K->3041K(9600K), 0.0048180 secs] 11651K->3041K(13888K), [Perm : 5107K->5107K(21248K)], 0.0048740 secs] [Times: user=0.01 sys=0.00, real=0.00 secs] 
76.004: Total time for which application threads were stopped: 0.0076770 seconds, Stopping threads took: 0.0027210 seconds
76.004: Application time: 0.0005940 seconds
76.006: [GC76.006: [DefNew: 3821K->391K(4288K), 0.0008730 secs] 6862K->6851K(13888K), 0.0008900 secs] [Times: user=0.00 sys=0.00, real=0.00 secs] 
76.006: Total time for which application threads were stopped: 0.0020220 seconds, Stopping threads took: 0.0010710 seconds
76.078: Application time: 0.0712510 seconds
76.083: [GC76.083: [DefNew: 4216K->4216K(4288K), 0.0000090 secs]76.083: [Tenured: 6459K->2066K(9600K), 0.0047120 secs] 10676K->2066K(13888K), [Perm : 5107K->5107K(21248K)], 0.0047650 secs] [Times: user=0.00 sys=0.00, real=0.01 secs] 
76.087: Total time for which application threads were stopped: 0.0096870 seconds, Stopping threads took: 0.0048430 seconds
76.088: Application time: 0.0005160 seconds
76.121: [GC76.121: [DefNew: 3823K->392K(4288K), 0.0008300 secs] 5889K->5583K(13888K), 0.0008510 secs] [Times: user=0.00 sys=0.00, real=0.00 secs] 
76.122: Total time for which application threads were stopped: 0.0339900 seconds, Stopping threads took: 0.0330770 seconds
76.124: Application time: 0.0025270 seconds
76.193: [GC76.193: [DefNew: 4119K->293K(4288K), 0.0004780 secs] 9311K->6463K(13888K), 0.0005000 secs] [Times: user=0.00 sys=0.00, real=0.00 secs] 
76.193: Total time for which application threads were stopped: 0.0690550 seconds, Stopping threads took: 0.0685060 seconds
76.194: Application time: 0.0003450 seconds
76.233: [GC76.233: [DefNew: 4119K->4119K(4288K), 0.0000070 secs]76.233: [Tenured: 6169K->4799K(9600K), 0.0059020 secs] 10288K->4799K(13888K), [Perm : 5107K->5107K(21248K)], 0.0059490 secs] [Times: user=0.01 sys=0.00, real=0.00 secs] 
76.239: Total time for which application threads were stopped: 0.0455740 seconds, Stopping threads took: 0.0395730 seconds
76.240: Application time: 0.0004840 seconds
76.273: [GC76.273: [DefNew: 3821K->391K(4288K), 0.0008960 secs] 8621K->8316K(13888K), 0.0009160 secs] [Times: user=0.00 sys=0.00, real=0.00 secs] 
76.274: Total time for which application threads were stopped: 0.0343830 seconds, Stopping threads took: 0.0334020 seconds
76.347: Application time: 0.0724590 seconds
76.348: [GC76.348: [DefNew: 4118K->4118K(4288K), 0.0000090 secs]76.348: [Tenured: 7925K->2650K(9600K), 0.0059580 secs] 12044K->2650K(13888K), [Perm : 5107K->5107K(21248K)], 0.0060120 secs] [Times: user=0.01 sys=0.00, real=0.01 secs] 
76.354: Total time for which application threads were stopped: 0.0069400 seconds, Stopping threads took: 0.0008520 seconds
76.354: Application time: 0.0005740 seconds
76.387: [GC76.387: [DefNew: 3833K->400K(4288K), 0.0008660 secs] 6484K->6176K(13888K), 0.0008840 secs] [Times: user=0.00 sys=0.00, real=0.00 secs] 
76.388: Total time for which application threads were stopped: 0.0338640 seconds, Stopping threads took: 0.0329210 seconds
76.389: Application time: 0.0005020 seconds
76.422: [GC76.422: [DefNew: 4096K->4096K(4288K), 0.0000070 secs]76.422: [Tenured: 5776K->5805K(9600K), 0.0064990 secs] 9872K->5805K(13888K), [Perm : 5107K->5107K(21248K)], 0.0065420 secs] [Times: user=0.00 sys=0.00, real=0.01 secs] 
76.429: Total time for which application threads were stopped: 0.0403690 seconds, Stopping threads took: 0.0337530 seconds
76.430: Application time: 0.0011140 seconds
76.500: [GC76.500: [DefNew: 3825K->3825K(4288K), 0.0000080 secs]76.500: [Tenured: 5805K->4241K(9600K), 0.0060560 secs] 9630K->4241K(13888K), [Perm : 5107K->5107K(21248K)], 0.0061050 secs] [Times: user=0.00 sys=0.00, real=0.01 secs] 
76.506: Total time for which application threads were stopped: 0.0759420 seconds, Stopping threads took: 0.0697580 seconds
76.507: Application time: 0.0005870 seconds
76.541: [GC76.541: [DefNew: 3825K->392K(4288K), 0.0010110 secs] 8067K->7759K(13888K), 0.0010390 secs] [Times: user=0.00 sys=0.00, real=0.00 secs] 
76.542: Total time for which application threads were stopped: 0.0351710 seconds, Stopping threads took: 0.0340590 seconds
76.542: Application time: 0.0004020 seconds
76.606: [GC76.606: [DefNew: 4217K->4217K(4288K), 0.0000070 secs]76.606: [Tenured: 7367K->4339K(9600K), 0.0062200 secs] 11584K->4339K(13888K), [Perm : 5107K->5107K(21248K)], 0.0062610 secs] [Times: user=0.01 sys=0.00, real=0.01 secs] 
76.612: Total time for which application threads were stopped: 0.0702640 seconds, Stopping threads took: 0.0639300 seconds
76.613: Application time: 0.0005810 seconds
76.647: [GC76.647: [DefNew: 3725K->391K(4288K), 0.0008970 secs] 8065K->8052K(13888K), 0.0009190 secs] [Times: user=0.00 sys=0.00, real=0.00 secs] 
76.648: Total time for which application threads were stopped: 0.0351270 seconds, Stopping threads took: 0.0341410 seconds
76.721: Application time: 0.0732450 seconds
76.723: [GC76.723: [DefNew: 4119K->4119K(4288K), 0.0000100 secs]76.723: [Tenured: 7660K->2065K(9600K), 0.0057710 secs] 11779K->2065K(13888K), [Perm : 5107K->5107K(21248K)], 0.0058230 secs] [Times: user=0.01 sys=0.00, real=0.01 secs] 
76.729: Total time for which application threads were stopped: 0.0076400 seconds, Stopping threads took: 0.0017340 seconds
76.730: Application time: 0.0006620 seconds
76.763: [GC76.763: [DefNew: 3825K->392K(4288K), 0.0008510 secs] 5890K->5582K(13888K), 0.0008690 secs] [Times: user=0.00 sys=0.00, real=0.00 secs] 
76.764: Total time for which application threads were stopped: 0.0339290 seconds, Stopping threads took: 0.0330000 seconds
76.764: Application time: 0.0004290 seconds
76.798: [GC76.798: [DefNew: 4211K->293K(4288K), 0.0008260 secs] 9401K->8415K(13888K), 0.0008470 secs] [Times: user=0.00 sys=0.00, real=0.00 secs] 
76.799: Total time for which application threads were stopped: 0.0345420 seconds, Stopping threads took: 0.0336340 seconds
76.872: Application time: 0.0731090 seconds
76.874: [GC76.874: [DefNew: 4118K->4118K(4288K), 0.0000100 secs]76.874: [Tenured: 8121K->1674K(9600K), 0.0057810 secs] 12240K->1674K(13888K), [Perm : 5107K->5107K(21248K)], 0.0058330 secs] [Times: user=0.01 sys=0.00, real=0.00 secs] 
76.880: Total time for which application threads were stopped: 0.0082920 seconds, Stopping threads took: 0.0023800 seconds
76.881: Application time: 0.0005430 seconds
76.881: [GC76.881: [DefNew: 3725K->391K(4288K), 0.0008730 secs] 5400K->5386K(13888K), 0.0008950 secs] [Times: user=0.00 sys=0.00, real=0.00 secs] 
76.882: Total time for which application threads were stopped: 0.0012390 seconds, Stopping threads took: 0.0002790 seconds
76.883: Application time: 0.0007280 seconds
76.950: [GC76.950: [DefNew: 4216K->391K(4288K), 0.0003950 secs] 9211K->5972K(13888K), 0.0004190 secs] [Times: user=0.00 sys=0.00, real=0.00 secs] 
76.951: Total time for which application threads were stopped: 0.0683580 seconds, Stopping threads took: 0.0678720 seconds
76.951: Application time: 0.0003900 seconds
76.985: [GC76.985: [DefNew: 3888K->404K(4288K), 0.0007290 secs] 9470K->8329K(13888K), 0.0007520 secs] [Times: user=0.00 sys=0.00, real=0.00 secs] 
76.986: Total time for which application threads were stopped: 0.0343940 seconds, Stopping threads took: 0.0335870 seconds
76.986: Application time: 0.0003910 seconds
77.020: [GC77.020: [DefNew: 4030K->4030K(4288K), 0.0000070 secs]77.020: [Tenured: 7925K->5442K(9600K), 0.0065150 secs] 11956K->5442K(13888K), [Perm : 5107K->5107K(21248K)], 0.0065660 secs] [Times: user=0.00 sys=0.00, real=0.01 secs] 
77.026: Total time for which application threads were stopped: 0.0402340 seconds, Stopping threads took: 0.0335970 seconds
77.027: Application time: 0.0009860 seconds
77.098: [GC77.098: [DefNew: 3825K->391K(4288K), 0.0007970 secs] 9267K->7982K(13888K), 0.0008260 secs] [Times: user=0.00 sys=0.00, real=0.00 secs] 
77.098: Total time for which application threads were stopped: 0.0710820 seconds, Stopping threads took: 0.0701940 seconds
77.099: Application time: 0.0004150 seconds
77.132: [GC77.132: [DefNew: 4217K->4217K(4288K), 0.0000070 secs]77.132: [Tenured: 7590K->4465K(9600K), 0.0062200 secs] 11807K->4465K(13888K), [Perm : 5107K->5107K(21248K)], 0.0062620 secs] [Times: user=0.01 sys=0.00, real=0.01 secs] 
77.138: Total time for which application threads were stopped: 0.0394340 seconds, Stopping threads took: 0.0330980 seconds
77.139: Application time: 0.0005440 seconds
77.172: [GC77.172: [DefNew: 3823K->391K(4288K), 0.0008690 secs] 8288K->7982K(13888K), 0.0008940 secs] [Times: user=0.00 sys=0.00, real=0.01 secs] 
77.173: Total time for which application threads were stopped: 0.0340510 seconds, Stopping threads took: 0.0330910 seconds
77.246: Application time: 0.0727500 seconds
77.247: [GC77.247: [DefNew: 4216K->4216K(4288K), 0.0000100 secs]77.247: [Tenured: 7590K->2358K(9600K), 0.0059570 secs] 11807K->2358K(13888K), [Perm : 5107K->5107K(21248K)], 0.0060120 secs] [Times: user=0.00 sys=0.00, real=0.01 secs] 
77.253: Total time for which application threads were stopped: 0.0070840 seconds, Stopping threads took: 0.0009840 seconds
77.253: Application time: 0.0006150 seconds
77.287: [GC77.287: [DefNew: 3806K->420K(4288K), 0.0009270 secs] 6164K->6099K(13888K), 0.0009460 secs] [Times: user=0.01 sys=0.00, real=0.00 secs] 
77.288: Total time for which application threads were stopped: 0.0342280 seconds, Stopping threads took: 0.0332200 seconds
77.288: Application time: 0.0006640 seconds
77.351: [GC77.351: [DefNew: 4220K->4220K(4288K), 0.0000060 secs]77.351: [Tenured: 5678K->4466K(9600K), 0.0056410 secs] 9899K->4466K(13888K), [Perm : 5107K->5107K(21248K)], 0.0056850 secs] [Times: user=0.01 sys=0.00, real=0.01 secs] 
77.357: Total time for which application threads were stopped: 0.0683390 seconds, Stopping threads took: 0.0625800 seconds
77.357: Application time: 0.0005390 seconds
77.424: [GC77.424: [DefNew: 3532K->392K(4288K), 0.0007440 secs] 7998K->6811K(13888K), 0.0007700 secs] [Times: user=0.00 sys=0.00, real=0.01 secs] 
77.424: Total time for which application threads were stopped: 0.0673510 seconds, Stopping threads took: 0.0665100 seconds
77.425: Application time: 0.0004640 seconds
77.458: [GC77.458: [DefNew: 4194K->4194K(4288K), 0.0000060 secs]77.458: [Tenured: 6419K->5275K(9600K), 0.0058350 secs] 10613K->5275K(13888K), [Perm : 5107K->5107K(21248K)], 0.0058800 secs] [Times: user=0.00 sys=0.00, real=0.00 secs] 
77.464: Total time for which application threads were stopped: 0.0392780 seconds, Stopping threads took: 0.0333240 seconds
77.465: Application time: 0.0007350 seconds
77.535: [GC77.535: [DefNew: 3825K->391K(4288K), 0.0007510 secs] 9100K->7620K(13888K), 0.0007810 secs] [Times: user=0.00 sys=0.00, real=0.00 secs] 
77.536: Total time for which application threads were stopped: 0.0708160 seconds, Stopping threads took: 0.0699840 seconds
77.536: Application time: 0.0003900 seconds
77.575: [GC77.575: [DefNew: 4069K->4069K(4288K), 0.0000060 secs]77.575: [Tenured: 7228K->4103K(9600K), 0.0056330 secs] 11298K->4103K(13888K), [Perm : 5107K->5107K(21248K)], 0.0056760 secs] [Times: user=0.01 sys=0.00, real=0.00 secs] 
77.581: Total time for which application threads were stopped: 0.0450480 seconds, Stopping threads took: 0.0393000 seconds
77.582: Application time: 0.0004380 seconds
77.616: [GC77.616: [DefNew: 3560K->420K(4288K), 0.0008360 secs] 7663K->7355K(13888K), 0.0008600 secs] [Times: user=0.00 sys=0.00, real=0.00 secs] 
77.616: Total time for which application threads were stopped: 0.0348280 seconds, Stopping threads took: 0.0338940 seconds
77.688: Application time: 0.0716540 seconds
77.690: [GC77.690: [DefNew: 4245K->4245K(4288K), 0.0000090 secs]77.690: [Tenured: 6935K->1675K(9600K), 0.0056820 secs] 11181K->1675K(13888K), [Perm : 5107K->5107K(21248K)], 0.0057330 secs] [Times: user=0.00 sys=0.00, real=0.01 secs] 
77.696: Total time for which application threads were stopped: 0.0078620 seconds, Stopping threads took: 0.0020490 seconds
77.697: Application time: 0.0006150 seconds
77.697: [GC77.697: [DefNew: 3775K->441K(4288K), 0.0008940 secs] 5450K->5436K(13888K), 0.0009160 secs] [Times: user=0.00 sys=0.00, real=0.00 secs] 
77.698: Total time for which application threads were stopped: 0.0010260 seconds, Stopping threads took: 0.0000620 seconds
77.698: Application time: 0.0008820 seconds
77.760: [GC77.760: [DefNew: 4096K->419K(4288K), 0.0008220 secs] 9092K->7956K(13888K), 0.0008500 secs] [Times: user=0.00 sys=0.00, real=0.00 secs] 
77.761: Total time for which application threads were stopped: 0.0626580 seconds, Stopping threads took: 0.0617350 seconds
77.762: Application time: 0.0008650 seconds
77.826: [GC77.826: [DefNew: 4245K->4245K(4288K), 0.0000090 secs]77.826: [Tenured: 7536K->4635K(9600K), 0.0060620 secs] 11781K->4635K(13888K), [Perm : 5107K->5107K(21248K)], 0.0061150 secs] [Times: user=0.01 sys=0.00, real=0.00 secs] 
77.832: Total time for which application threads were stopped: 0.0702560 seconds, Stopping threads took: 0.0640600 seconds
77.833: Application time: 0.0005200 seconds
77.867: [GC77.867: [DefNew: 3825K->392K(4288K), 0.0011460 secs] 8460K->8152K(13888K), 0.0011830 secs] [Times: user=0.01 sys=0.00, real=0.00 secs] 
77.868: Total time for which application threads were stopped: 0.0356900 seconds, Stopping threads took: 0.0344390 seconds
77.869: Application time: 0.0004190 seconds
77.934: [GC77.934: [DefNew: 4217K->4217K(4288K), 0.0000070 secs]77.934: [Tenured: 7760K->4732K(9600K), 0.0056170 secs] 11977K->4732K(13888K), [Perm : 5107K->5107K(21248K)], 0.0056650 secs] [Times: user=0.00 sys=0.00, real=0.00 secs] 
77.939: Total time for which application threads were stopped: 0.0703500 seconds, Stopping threads took: 0.0646110 seconds
77.940: Application time: 0.0005740 seconds
77.974: [GC77.974: [DefNew: 3821K->391K(4288K), 0.0009180 secs] 8554K->8249K(13888K), 0.0009400 secs] [Times: user=0.00 sys=0.00, real=0.00 secs] 
77.975: Total time for which application threads were stopped: 0.0354500 seconds, Stopping threads took: 0.0344450 seconds
77.976: Application time: 0.0007800 seconds
78.046: [GC78.046: [DefNew: 4217K->4217K(4288K), 0.0000080 secs]78.046: [Tenured: 7857K->3756K(9600K), 0.0049650 secs] 12075K->3756K(13888K), [Perm : 5107K->5107K(21248K)], 0.0050190 secs] [Times: user=0.01 sys=0.00, real=0.00 secs] 
78.051: Total time for which application threads were stopped: 0.0752230 seconds, Stopping threads took: 0.0701260 seconds
78.052: Application time: 0.0004820 seconds
78.086: [GC78.086: [DefNew: 3825K->392K(4288K), 0.0009680 secs] 7581K->7469K(13888K), 0.0009940 secs] [Times: user=0.00 sys=0.00, real=0.00 secs] 
78.087: Total time for which application threads were stopped: 0.0348970 seconds, Stopping threads took: 0.0338310 seconds
78.087: Application time: 0.0004210 seconds
78.136: [GC78.136: [DefNew: 4117K->4117K(4288K), 0.0000060 secs]78.136: [Tenured: 7076K->5483K(9600K), 0.0059130 secs] 11194K->5483K(13888K), [Perm : 5107K->5107K(21248K)], 0.0059610 secs] [Times: user=0.01 sys=0.00, real=0.00 secs] 
78.142: Total time for which application threads were stopped: 0.0549700 seconds, Stopping threads took: 0.0489320 seconds
78.143: Application time: 0.0009580 seconds
78.213: [GC78.213: [DefNew: 3825K->391K(4288K), 0.0008490 secs] 9308K->8121K(13888K), 0.0008750 secs] [Times: user=0.00 sys=0.00, real=0.00 secs] 
78.214: Total time for which application threads were stopped: 0.0707560 seconds, Stopping threads took: 0.0698100 seconds
78.214: Application time: 0.0006490 seconds
78.262: [GC78.262: [DefNew: 4197K->4197K(4288K), 0.0000090 secs]78.262: [Tenured: 7729K->4437K(9600K), 0.0056790 secs] 11927K->4437K(13888K), [Perm : 5107K->5107K(21248K)], 0.0057340 secs] [Times: user=0.00 sys=0.00, real=0.01 secs] 
78.268: Total time for which application threads were stopped: 0.0531410 seconds, Stopping threads took: 0.0473340 seconds
78.268: Application time: 0.0004580 seconds
78.333: [GC78.333: [DefNew: 3532K->391K(4288K), 0.0007170 secs] 7969K->6782K(13888K), 0.0007420 secs] [Times: user=0.00 sys=0.00, real=0.00 secs] 
78.334: Total time for which application threads were stopped: 0.0658330 seconds, Stopping threads took: 0.0650210 seconds
78.334: Application time: 0.0003790 seconds
78.367: [GC78.367: [DefNew: 4115K->4115K(4288K), 0.0000060 secs]78.367: [Tenured: 6390K->6293K(9600K), 0.0065280 secs] 10506K->6293K(13888K), [Perm : 5107K->5107K(21248K)], 0.0065690 secs] [Times: user=0.01 sys=0.00, real=0.01 secs] 
78.374: Total time for which application threads were stopped: 0.0394630 seconds, Stopping threads took: 0.0328200 seconds
78.446: Application time: 0.0722460 seconds
78.448: [GC78.448: [DefNew: 3825K->3825K(4288K), 0.0000090 secs]78.448: [Tenured: 6293K->1508K(9600K), 0.0057250 secs] 10118K->1508K(13888K), [Perm : 5107K->5107K(21248K)], 0.0057760 secs] [Times: user=0.01 sys=0.00, real=0.01 secs] 
78.454: Total time for which application threads were stopped: 0.0077090 seconds, Stopping threads took: 0.0018550 seconds
78.454: Application time: 0.0006480 seconds
78.455: [GC78.455: [DefNew: 3725K->392K(4288K), 0.0008400 secs] 5234K->5220K(13888K), 0.0008580 secs] [Times: user=0.00 sys=0.00, real=0.00 secs] 
78.456: Total time for which application threads were stopped: 0.0013920 seconds, Stopping threads took: 0.0004750 seconds
78.456: Application time: 0.0005980 seconds
78.519: [GC78.519: [DefNew: 4217K->391K(4288K), 0.0007750 secs] 9046K->7467K(13888K), 0.0007990 secs] [Times: user=0.01 sys=0.00, real=0.00 secs] 
78.520: Total time for which application threads were stopped: 0.0634740 seconds, Stopping threads took: 0.0626110 seconds
78.520: Application time: 0.0004130 seconds
78.575: [GC78.575: [DefNew: 4021K->4021K(4288K), 0.0000070 secs]78.575: [Tenured: 7076K->4018K(9600K), 0.0059390 secs] 11097K->4018K(13888K), [Perm : 5107K->5107K(21248K)], 0.0059870 secs] [Times: user=0.00 sys=0.00, real=0.00 secs] 
78.581: Total time for which application threads were stopped: 0.0611310 seconds, Stopping threads took: 0.0550690 seconds
78.582: Application time: 0.0005280 seconds
78.582: [GC78.582: [DefNew: 3819K->294K(4288K), 0.0008940 secs] 7837K->7828K(13888K), 0.0009120 secs] [Times: user=0.00 sys=0.00, real=0.00 secs] 
78.583: Total time for which application threads were stopped: 0.0013060 seconds, Stopping threads took: 0.0003340 seconds
78.655: Application time: 0.0716010 seconds
78.657: [GC78.657: [DefNew: 4119K->4119K(4288K), 0.0000090 secs]78.657: [Tenured: 7534K->3043K(9600K), 0.0053720 secs] 11653K->3043K(13888K), [Perm : 5107K->5107K(21248K)], 0.0054280 secs] [Times: user=0.00 sys=0.00, real=0.00 secs] 
78.662: Total time for which application threads were stopped: 0.0073560 seconds, Stopping threads took: 0.0018460 seconds
78.663: Application time: 0.0005200 seconds
78.696: [GC78.696: [DefNew: 3727K->392K(4288K), 0.0008250 secs] 6770K->6462K(13888K), 0.0008450 secs] [Times: user=0.00 sys=0.00, real=0.00 secs] 
78.697: Total time for which application threads were stopped: 0.0338970 seconds, Stopping threads took: 0.0330120 seconds
78.697: Application time: 0.0007280 seconds
78.767: [GC78.767: [DefNew: 4215K->4215K(4288K), 0.0000070 secs]78.767: [Tenured: 6070K->4118K(9600K), 0.0058450 secs] 10285K->4118K(13888K), [Perm : 5107K->5107K(21248K)], 0.0058940 secs] [Times: user=0.00 sys=0.00, real=0.01 secs] 
78.773: Total time for which application threads were stopped: 0.0759350 seconds, Stopping threads took: 0.0699570 seconds
78.774: Application time: 0.0004990 seconds
78.838: [GC78.838: [DefNew: 3532K->392K(4288K), 0.0008930 secs] 7650K->7245K(13888K), 0.0009200 secs] [Times: user=0.00 sys=0.00, real=0.00 secs] 
78.839: Total time for which application threads were stopped: 0.0652960 seconds, Stopping threads took: 0.0642960 seconds
78.839: Application time: 0.0004610 seconds
78.873: [GC78.873: [DefNew: 4098K->4098K(4288K), 0.0000110 secs]78.873: [Tenured: 6852K->5902K(9600K), 0.0060240 secs] 10951K->5902K(13888K), [Perm : 5107K->5107K(21248K)], 0.0060860 secs] [Times: user=0.01 sys=0.00, real=0.00 secs] 
78.879: Total time for which application threads were stopped: 0.0396190 seconds, Stopping threads took: 0.0334500 seconds
78.880: Application time: 0.0009780 seconds
78.951: [GC78.951: [DefNew: 3727K->3727K(4288K), 0.0000090 secs]78.951: [Tenured: 5902K->3140K(9600K), 0.0060840 secs] 9630K->3140K(13888K), [Perm : 5107K->5107K(21248K)], 0.0061330 secs] [Times: user=0.01 sys=0.00, real=0.01 secs] 
78.957: Total time for which application threads were stopped: 0.0768230 seconds, Stopping threads took: 0.0706110 seconds
78.958: Application time: 0.0006440 seconds
78.991: [GC78.991: [DefNew: 3708K->420K(4288K), 0.0009030 secs] 6848K->6490K(13888K), 0.0009290 secs] [Times: user=0.00 sys=0.00, real=0.01 secs] 
78.992: Total time for which application threads were stopped: 0.0348670 seconds, Stopping threads took: 0.0338680 seconds
78.993: Application time: 0.0006720 seconds
79.027: [GC79.027: [DefNew: 4241K->4241K(4288K), 0.0000060 secs]79.027: [Tenured: 6069K->5219K(9600K), 0.0058150 secs] 10311K->5219K(13888K), [Perm : 5107K->5107K(21248K)], 0.0058620 secs] [Times: user=0.01 sys=0.00, real=0.01 secs] 
79.032: Total time for which application threads were stopped: 0.0393580 seconds, Stopping threads took: 0.0334200 seconds
79.033: Application time: 0.0008350 seconds
79.100: [GC79.100: [DefNew: 3825K->391K(4288K), 0.0007800 secs] 9044K->7564K(13888K), 0.0008090 secs] [Times: user=0.00 sys=0.00, real=0.00 secs] 
79.101: Total time for which application threads were stopped: 0.0673840 seconds, Stopping threads took: 0.0665020 seconds
79.101: Application time: 0.0004220 seconds
79.163: [GC79.163: [DefNew: 4022K->4022K(4288K), 0.0000060 secs]79.163: [Tenured: 7172K->4047K(9600K), 0.0056170 secs] 11194K->4047K(13888K), [Perm : 5107K->5107K(21248K)], 0.0056610 secs] [Times: user=0.01 sys=0.00, real=0.01 secs] 
79.169: Total time for which application threads were stopped: 0.0679940 seconds, Stopping threads took: 0.0622590 seconds
79.170: Application time: 0.0004230 seconds
79.170: [GC79.170: [DefNew: 3721K->391K(4288K), 0.0008480 secs] 7769K->7759K(13888K), 0.0008660 secs] [Times: user=0.00 sys=0.00, real=0.00 secs] 
79.171: Total time for which application threads were stopped: 0.0013060 seconds, Stopping threads took: 0.0003790 seconds
79.243: Application time: 0.0721320 seconds
79.278: [GC79.278: [DefNew: 4224K->4224K(4288K), 0.0000090 secs]79.278: [Tenured: 7368K->1907K(9600K), 0.0050780 secs] 11592K->1907K(13888K), [Perm : 5107K->5107K(21248K)], 0.0051320 secs] [Times: user=0.00 sys=0.00, real=0.00 secs] 
79.283: Total time for which application threads were stopped: 0.0401410 seconds, Stopping threads took: 0.0349230 seconds
79.284: Application time: 0.0005450 seconds
79.284: [GC79.284: [DefNew: 3774K->441K(4288K), 0.0008430 secs] 5682K->5579K(13888K), 0.0008640 secs] [Times: user=0.00 sys=0.00, real=0.01 secs] 
79.285: Total time for which application threads were stopped: 0.0012010 seconds, Stopping threads took: 0.0002960 seconds
79.286: Application time: 0.0011240 seconds
79.356: [GC79.356: [DefNew: 4264K->391K(4288K), 0.0004370 secs] 9402K->6166K(13888K), 0.0004620 secs] [Times: user=0.00 sys=0.00, real=0.00 secs] 
79.356: Total time for which application threads were stopped: 0.0704190 seconds, Stopping threads took: 0.0698910 seconds
79.357: Application time: 0.0003220 seconds
79.390: [GC79.390: [DefNew: 4169K->4169K(4288K), 0.0000070 secs]79.390: [Tenured: 5775K->4381K(9600K), 0.0052440 secs] 9944K->4381K(13888K), [Perm : 5107K->5107K(21248K)], 0.0052890 secs] [Times: user=0.00 sys=0.00, real=0.01 secs] 
79.395: Total time for which application threads were stopped: 0.0382760 seconds, Stopping threads took: 0.0329150 seconds
79.396: Application time: 0.0006270 seconds
79.429: [GC79.429: [DefNew: 3751K->419K(4288K), 0.0008840 secs] 8132K->7828K(13888K), 0.0009170 secs] [Times: user=0.00 sys=0.00, real=0.00 secs] 
79.430: Total time for which application threads were stopped: 0.0341160 seconds, Stopping threads took: 0.0331320 seconds
79.502: Application time: 0.0722190 seconds
79.505: [GC79.505: [DefNew: 4245K->4245K(4288K), 0.0000090 secs]79.505: [Tenured: 7408K->2262K(9600K), 0.0050310 secs] 11653K->2262K(13888K), [Perm : 5107K->5107K(21248K)], 0.0050870 secs] [Times: user=0.00 sys=0.00, real=0.00 secs] 
79.510: Total time for which application threads were stopped: 0.0082680 seconds, Stopping threads took: 0.0031010 seconds
79.511: Application time: 0.0005800 seconds
79.544: [GC79.544: [DefNew: 3678K->441K(4288K), 0.0008220 secs] 5940K->5828K(13888K), 0.0008420 secs] [Times: user=0.00 sys=0.00, real=0.01 secs] 
79.545: Total time for which application threads were stopped: 0.0342470 seconds, Stopping threads took: 0.0333430 seconds
79.545: Application time: 0.0003590 seconds
79.579: [GC79.579: [DefNew: 4093K->419K(4288K), 0.0008910 secs] 9480K->8543K(13888K), 0.0009140 secs] [Times: user=0.00 sys=0.01, real=0.00 secs] 
79.580: Total time for which application threads were stopped: 0.0343300 seconds, Stopping threads took: 0.0333510 seconds
79.580: Application time: 0.0006370 seconds
79.651: [GC79.651: [DefNew: 4128K->4128K(4288K), 0.0000080 secs]79.651: [Tenured: 8123K->3491K(9600K), 0.0057410 secs] 12251K->3491K(13888K), [Perm : 5107K->5107K(21248K)], 0.0057920 secs] [Times: user=0.00 sys=0.00, real=0.01 secs] 
79.656: Total time for which application threads were stopped: 0.0759910 seconds, Stopping threads took: 0.0701220 seconds
79.657: Application time: 0.0005210 seconds
79.691: [GC79.691: [DefNew: 3825K->392K(4288K), 0.0008840 secs] 7317K->6911K(13888K), 0.0009040 secs] [Times: user=0.00 sys=0.00, real=0.00 secs] 
79.692: Total time for which application threads were stopped: 0.0350760 seconds, Stopping threads took: 0.0341280 seconds
79.693: Application time: 0.0006290 seconds
79.726: [GC79.726: [DefNew: 4211K->4211K(4288K), 0.0000070 secs]79.726: [Tenured: 6519K->6811K(9600K), 0.0064870 secs] 10730K->6811K(13888K), [Perm : 5107K->5107K(21248K)], 0.0065340 secs] [Times: user=0.01 sys=0.00, real=0.01 secs] 
79.733: Total time for which application threads were stopped: 0.0404000 seconds, Stopping threads took: 0.0337920 seconds
79.804: Application time: 0.0705870 seconds
79.807: [GC79.807: [DefNew: 3727K->3727K(4288K), 0.0000080 secs]79.807: [Tenured: 6811K->1870K(9600K), 0.0051500 secs] 10539K->1870K(13888K), [Perm : 5107K->5107K(21248K)], 0.0052040 secs] [Times: user=0.00 sys=0.00, real=0.01 secs] 
79.813: Total time for which application threads were stopped: 0.0089160 seconds, Stopping threads took: 0.0036230 seconds
79.813: Application time: 0.0005920 seconds
79.814: [GC79.814: [DefNew: 3725K->392K(4288K), 0.0008200 secs] 5596K->5583K(13888K), 0.0008390 secs] [Times: user=0.00 sys=0.00, real=0.00 secs] 
79.814: Total time for which application threads were stopped: 0.0012610 seconds, Stopping threads took: 0.0003620 seconds
79.815: Application time: 0.0006690 seconds
79.881: [GC79.881: [DefNew: 4117K->391K(4288K), 0.0009910 secs] 9308K->8123K(13888K), 0.0010230 secs] [Times: user=0.00 sys=0.00, real=0.00 secs] 
79.882: Total time for which application threads were stopped: 0.0666140 seconds, Stopping threads took: 0.0655140 seconds
79.883: Application time: 0.0008560 seconds
79.952: [GC79.952: [DefNew: 4118K->4118K(4288K), 0.0000070 secs]79.952: [Tenured: 7732K->4409K(9600K), 0.0058310 secs] 11850K->4409K(13888K), [Perm : 5107K->5107K(21248K)], 0.0058800 secs] [Times: user=0.01 sys=0.00, real=0.01 secs] 
79.958: Total time for which application threads were stopped: 0.0756250 seconds, Stopping threads took: 0.0696910 seconds
79.959: Application time: 0.0004860 seconds
80.029: [GC80.029: [DefNew: 3532K->392K(4288K), 0.0007190 secs] 7942K->6755K(13888K), 0.0007450 secs] [Times: user=0.00 sys=0.00, real=0.00 secs] 
80.030: Total time for which application threads were stopped: 0.0708830 seconds, Stopping threads took: 0.0700580 seconds
80.030: Application time: 0.0003570 seconds
80.030: [GC80.030: [DefNew: 4115K->4115K(4288K), 0.0000050 secs]80.030: [Tenured: 6363K->7339K(9600K), 0.0056150 secs] 10478K->7339K(13888K), [Perm : 5107K->5107K(21248K)], 0.0056590 secs] [Times: user=0.01 sys=0.00, real=0.01 secs] 
80.036: Total time for which application threads were stopped: 0.0060850 seconds, Stopping threads took: 0.0003540 seconds
80.108: Application time: 0.0720390 seconds
80.111: [GC80.111: [DefNew: 3727K->3727K(4288K), 0.0000090 secs]80.111: [Tenured: 7339K->2456K(9600K), 0.0052820 secs] 11066K->2456K(13888K), [Perm : 5107K->5107K(21248K)], 0.0053360 secs] [Times: user=0.00 sys=0.00, real=0.01 secs] 
80.116: Total time for which application threads were stopped: 0.0079940 seconds, Stopping threads took: 0.0025780 seconds
80.117: Application time: 0.0005470 seconds
80.151: [GC80.151: [DefNew: 3727K->391K(4288K), 0.0007960 secs] 6184K->5876K(13888K), 0.0008150 secs] [Times: user=0.00 sys=0.00, real=0.00 secs] 
80.151: Total time for which application threads were stopped: 0.0348600 seconds, Stopping threads took: 0.0339850 seconds
80.152: Application time: 0.0008750 seconds
80.211: [GC80.211: [DefNew: 4212K->4212K(4288K), 0.0000060 secs]80.211: [Tenured: 5484K->4605K(9600K), 0.0060620 secs] 9697K->4605K(13888K), [Perm : 5107K->5107K(21248K)], 0.0061080 secs] [Times: user=0.00 sys=0.00, real=0.01 secs] 
80.217: Total time for which application threads were stopped: 0.0645860 seconds, Stopping threads took: 0.0584020 seconds
80.217: Application time: 0.0004700 seconds
80.282: [GC80.282: [DefNew: 3727K->392K(4288K), 0.0008700 secs] 8332K->7341K(13888K), 0.0008980 secs] [Times: user=0.00 sys=0.00, real=0.00 secs] 
80.282: Total time for which application threads were stopped: 0.0650830 seconds, Stopping threads took: 0.0641120 seconds
80.283: Application time: 0.0005770 seconds
80.284: [GC80.284: [DefNew: 3899K->3899K(4288K), 0.0000050 secs]80.284: [Tenured: 6949K->7465K(9600K), 0.0056630 secs] 10848K->7465K(13888K), [Perm : 5107K->5107K(21248K)], 0.0057060 secs] [Times: user=0.01 sys=0.00, real=0.01 secs] 
80.290: Total time for which application threads were stopped: 0.0064780 seconds, Stopping threads took: 0.0007080 seconds
80.361: Application time: 0.0714210 seconds
80.364: [GC80.364: [DefNew: 3629K->3629K(4288K), 0.0000080 secs]80.364: [Tenured: 7465K->2485K(9600K), 0.0045310 secs] 11095K->2485K(13888K), [Perm : 5107K->5107K(21248K)], 0.0045810 secs] [Times: user=0.00 sys=0.00, real=0.01 secs] 
80.369: Total time for which application threads were stopped: 0.0079050 seconds, Stopping threads took: 0.0032580 seconds
80.369: Application time: 0.0005390 seconds
80.403: [GC80.403: [DefNew: 3823K->392K(4288K), 0.0008210 secs] 6308K->6002K(13888K), 0.0008400 secs] [Times: user=0.00 sys=0.00, real=0.00 secs] 
80.404: Total time for which application threads were stopped: 0.0342560 seconds, Stopping threads took: 0.0333550 seconds
80.404: Application time: 0.0006210 seconds
80.467: [GC80.467: [DefNew: 4217K->4217K(4288K), 0.0000070 secs]80.467: [Tenured: 5610K->4732K(9600K), 0.0060370 secs] 9827K->4732K(13888K), [Perm : 5107K->5107K(21248K)], 0.0060840 secs] [Times: user=0.01 sys=0.00, real=0.01 secs] 
80.473: Total time for which application threads were stopped: 0.0687650 seconds, Stopping threads took: 0.0626040 seconds
80.474: Application time: 0.0004970 seconds
80.538: [GC80.538: [DefNew: 3630K->391K(4288K), 0.0008470 secs] 8362K->7468K(13888K), 0.0008710 secs] [Times: user=0.00 sys=0.00, real=0.00 secs] 
80.539: Total time for which application threads were stopped: 0.0653350 seconds, Stopping threads took: 0.0643960 seconds
80.539: Application time: 0.0005270 seconds
80.540: [GC80.540: [DefNew: 4211K->4211K(4288K), 0.0000070 secs]80.540: [Tenured: 7076K->7827K(9600K), 0.0063860 secs] 11287K->7827K(13888K), [Perm : 5107K->5107K(21248K)], 0.0064320 secs] [Times: user=0.01 sys=0.00, real=0.01 secs] 
80.546: Total time for which application threads were stopped: 0.0070010 seconds, Stopping threads took: 0.0004820 seconds
80.619: Application time: 0.0723680 seconds
80.622: [GC80.622: [DefNew: 3825K->3825K(4288K), 0.0000090 secs]80.622: [Tenured: 7827K->3042K(9600K), 0.0052540 secs] 11652K->3042K(13888K), [Perm : 5107K->5107K(21248K)], 0.0053100 secs] [Times: user=0.00 sys=0.00, real=0.01 secs] 
80.627: Total time for which application threads were stopped: 0.0082860 seconds, Stopping threads took: 0.0028970 seconds
80.628: Application time: 0.0005550 seconds
80.661: [GC80.661: [DefNew: 3706K->420K(4288K), 0.0007920 secs] 6748K->6392K(13888K), 0.0008120 secs] [Times: user=0.00 sys=0.00, real=0.00 secs] 
80.662: Total time for which application threads were stopped: 0.0346470 seconds, Stopping threads took: 0.0337850 seconds
80.663: Application time: 0.0008780 seconds
80.733: [GC80.733: [DefNew: 4145K->4145K(4288K), 0.0000070 secs]80.733: [Tenured: 5972K->3951K(9600K), 0.0055070 secs] 10118K->3951K(13888K), [Perm : 5108K->5108K(21248K)], 0.0055560 secs] [Times: user=0.01 sys=0.00, real=0.00 secs] 
80.739: Total time for which application threads were stopped: 0.0755430 seconds, Stopping threads took: 0.0699110 seconds
80.739: Application time: 0.0005710 seconds
80.805: [GC80.805: [DefNew: 3727K->392K(4288K), 0.0008780 secs] 7679K->7078K(13888K), 0.0009060 secs] [Times: user=0.00 sys=0.00, real=0.00 secs] 
80.806: Total time for which application threads were stopped: 0.0664840 seconds, Stopping threads took: 0.0655070 seconds
80.806: Application time: 0.0003960 seconds
80.840: [GC80.840: [DefNew: 4215K->4215K(4288K), 0.0000060 secs]80.840: [Tenured: 6685K->5024K(9600K), 0.0062440 secs] 10901K->5024K(13888K), [Perm : 5108K->5108K(21248K)], 0.0062890 secs] [Times: user=0.01 sys=0.00, real=0.01 secs] 
80.846: Total time for which application threads were stopped: 0.0398000 seconds, Stopping threads took: 0.0334480 seconds
80.847: Application time: 0.0008440 seconds
80.892: [GC80.892: [DefNew: 3708K->420K(4288K), 0.0007370 secs] 8732K->7593K(13888K), 0.0007620 secs] [Times: user=0.00 sys=0.00, real=0.00 secs] 
80.893: Total time for which application threads were stopped: 0.0464250 seconds, Stopping threads took: 0.0455890 seconds
80.894: Application time: 0.0008890 seconds
80.964: [GC80.964: [DefNew: 4245K->4245K(4288K), 0.0000090 secs]80.964: [Tenured: 7172K->3824K(9600K), 0.0062860 secs] 11418K->3824K(13888K), [Perm : 5108K->5108K(21248K)], 0.0063350 secs] [Times: user=0.00 sys=0.00, real=0.01 secs] 
80.970: Total time for which application threads were stopped: 0.0763130 seconds, Stopping threads took: 0.0699010 seconds
80.971: Application time: 0.0005850 seconds
81.035: [GC81.035: [DefNew: 3825K->392K(4288K), 0.0008680 secs] 7649K->6950K(13888K), 0.0008940 secs] [Times: user=0.00 sys=0.00, real=0.00 secs] 
81.036: Total time for which application threads were stopped: 0.0646740 seconds, Stopping threads took: 0.0637100 seconds
81.036: Application time: 0.0006400 seconds
81.076: [GC81.076: [DefNew: 4190K->4190K(4288K), 0.0000070 secs]81.076: [Tenured: 6558K->7075K(9600K), 0.0067670 secs] 10748K->7075K(13888K), [Perm : 5108K->5108K(21248K)], 0.0068120 secs] [Times: user=0.00 sys=0.00, real=0.00 secs] 
81.083: Total time for which application threads were stopped: 0.0467820 seconds, Stopping threads took: 0.0398950 seconds
81.156: Application time: 0.0726620 seconds
81.156: [GC81.156: [DefNew: 3833K->3833K(4288K), 0.0000100 secs]81.156: [Tenured: 7075K->2298K(9600K), 0.0058370 secs] 10908K->2298K(13888K), [Perm : 5108K->5108K(21248K)], 0.0058920 secs] [Times: user=0.01 sys=0.00, real=0.00 secs] 
81.162: Total time for which application threads were stopped: 0.0065650 seconds, Stopping threads took: 0.0005940 seconds
81.163: Application time: 0.0005730 seconds
81.196: [GC81.196: [DefNew: 3706K->428K(4288K), 0.0008420 secs] 6004K->5657K(13888K), 0.0008610 secs] [Times: user=0.00 sys=0.00, real=0.00 secs] 
81.197: Total time for which application threads were stopped: 0.0340230 seconds, Stopping threads took: 0.0331020 seconds
81.197: Application time: 0.0004700 seconds
81.231: [GC81.231: [DefNew: 4124K->419K(4288K), 0.0008230 secs] 9352K->8314K(13888K), 0.0008540 secs] [Times: user=0.00 sys=0.00, real=0.00 secs] 
81.232: Total time for which application threads were stopped: 0.0345690 seconds, Stopping threads took: 0.0336530 seconds
81.305: Application time: 0.0727520 seconds
81.305: [GC81.305: [DefNew: 4244K->4244K(4288K), 0.0000090 secs]81.305: [Tenured: 7894K->1566K(9600K), 0.0049610 secs] 12139K->1566K(13888K), [Perm : 5108K->5108K(21248K)], 0.0050130 secs] [Times: user=0.01 sys=0.00, real=0.00 secs] 
81.310: Total time for which application threads were stopped: 0.0057430 seconds, Stopping threads took: 0.0006640 seconds
81.311: Application time: 0.0005960 seconds
81.311: [GC81.311: [DefNew: 3727K->392K(4288K), 0.0008670 secs] 5294K->5278K(13888K), 0.0008830 secs] [Times: user=0.00 sys=0.00, real=0.00 secs] 
81.312: Total time for which application threads were stopped: 0.0010850 seconds, Stopping threads took: 0.0001450 seconds
81.313: Application time: 0.0011080 seconds
81.383: [GC81.383: [DefNew: 4215K->293K(4288K), 0.0006240 secs] 9101K->6939K(13888K), 0.0006440 secs] [Times: user=0.00 sys=0.00, real=0.00 secs] 
81.383: Total time for which application threads were stopped: 0.0701910 seconds, Stopping threads took: 0.0694840 seconds
81.384: Application time: 0.0004680 seconds
81.451: [GC81.451: [DefNew: 3923K->3923K(4288K), 0.0000070 secs]81.451: [Tenured: 6646K->4019K(9600K), 0.0049950 secs] 10569K->4019K(13888K), [Perm : 5108K->5108K(21248K)], 0.0050420 secs] [Times: user=0.01 sys=0.00, real=0.01 secs] 
81.456: Total time for which application threads were stopped: 0.0723000 seconds, Stopping threads took: 0.0671860 seconds
81.457: Application time: 0.0005110 seconds
81.504: [GC81.504: [DefNew: 3690K->404K(4288K), 0.0008200 secs] 7709K->7060K(13888K), 0.0008440 secs] [Times: user=0.01 sys=0.00, real=0.01 secs] 
81.505: Total time for which application threads were stopped: 0.0483220 seconds, Stopping threads took: 0.0474090 seconds
81.506: Application time: 0.0006680 seconds
81.574: [GC81.574: [DefNew: 4244K->4244K(4288K), 0.0000070 secs]81.574: [Tenured: 6656K->3951K(9600K), 0.0055600 secs] 10900K->3951K(13888K), [Perm : 5108K->5108K(21248K)], 0.0056110 secs] [Times: user=0.01 sys=0.00, real=0.00 secs] 
81.580: Total time for which application threads were stopped: 0.0740940 seconds, Stopping threads took: 0.0684030 seconds
81.580: Application time: 0.0005390 seconds
81.614: [GC81.614: [DefNew: 3727K->392K(4288K), 0.0008550 secs] 7679K->7078K(13888K), 0.0008780 secs] [Times: user=0.00 sys=0.00, real=0.00 secs] 
81.615: Total time for which application threads were stopped: 0.0341530 seconds, Stopping threads took: 0.0332070 seconds
81.615: Application time: 0.0004070 seconds
81.648: [GC81.648: [DefNew: 4018K->4018K(4288K), 0.0000080 secs]81.648: [Tenured: 6686K->5905K(9600K), 0.0059330 secs] 10704K->5905K(13888K), [Perm : 5108K->5108K(21248K)], 0.0059770 secs] [Times: user=0.01 sys=0.00, real=0.01 secs] 
81.654: Total time for which application threads were stopped: 0.0391750 seconds, Stopping threads took: 0.0331370 seconds
81.655: Application time: 0.0013700 seconds
81.726: [GC81.726: [DefNew: 3805K->3805K(4288K), 0.0000090 secs]81.726: [Tenured: 5905K->2125K(9600K), 0.0051280 secs] 9711K->2125K(13888K), [Perm : 5108K->5108K(21248K)], 0.0051780 secs] [Times: user=0.00 sys=0.00, real=0.00 secs] 
81.731: Total time for which application threads were stopped: 0.0758410 seconds, Stopping threads took: 0.0705970 seconds
81.732: Application time: 0.0005840 seconds
81.765: [GC81.765: [DefNew: 3825K->392K(4288K), 0.0008700 secs] 5950K->5642K(13888K), 0.0008920 secs] [Times: user=0.00 sys=0.00, real=0.00 secs] 
81.766: Total time for which application threads were stopped: 0.0338920 seconds, Stopping threads took: 0.0329340 seconds
81.766: Application time: 0.0004040 seconds
81.800: [GC81.800: [DefNew: 4213K->293K(4288K), 0.0009390 secs] 9463K->8866K(13888K), 0.0009620 secs] [Times: user=0.00 sys=0.00, real=0.00 secs] 
81.801: Total time for which application threads were stopped: 0.0351920 seconds, Stopping threads took: 0.0341640 seconds
81.874: Application time: 0.0725480 seconds
81.878: [GC81.878: [DefNew: 4118K->4118K(4288K), 0.0000110 secs]81.878: [Tenured: 8572K->1676K(9600K), 0.0053010 secs] 12691K->1676K(13888K), [Perm : 5108K->5108K(21248K)], 0.0053610 secs] [Times: user=0.01 sys=0.01, real=0.00 secs] 
81.884: Total time for which application threads were stopped: 0.0095470 seconds, Stopping threads took: 0.0041070 seconds
81.884: Application time: 0.0005990 seconds
81.884: [GC81.884: [DefNew: 3725K->392K(4288K), 0.0008870 secs] 5402K->5389K(13888K), 0.0009100 secs] [Times: user=0.00 sys=0.00, real=0.00 secs] 
81.885: Total time for which application threads were stopped: 0.0011220 seconds, Stopping threads took: 0.0001640 seconds
81.887: Application time: 0.0013820 seconds
81.951: [GC81.951: [DefNew: 4215K->391K(4288K), 0.0006740 secs] 9212K->7245K(13888K), 0.0006990 secs] [Times: user=0.00 sys=0.00, real=0.00 secs] 
81.951: Total time for which application threads were stopped: 0.0646050 seconds, Stopping threads took: 0.0638390 seconds
81.952: Application time: 0.0007570 seconds
82.004: [GC82.004: [DefNew: 4216K->4216K(4288K), 0.0000080 secs]82.004: [Tenured: 6854K->4410K(9600K), 0.0062500 secs] 11070K->4410K(13888K), [Perm : 5108K->5108K(21248K)], 0.0063010 secs] [Times: user=0.00 sys=0.00, real=0.01 secs] 
82.011: Total time for which application threads were stopped: 0.0586080 seconds, Stopping threads took: 0.0522460 seconds
82.011: Application time: 0.0005120 seconds
82.075: [GC82.075: [DefNew: 3532K->392K(4288K), 0.0007160 secs] 7942K->6755K(13888K), 0.0007410 secs] [Times: user=0.00 sys=0.00, real=0.00 secs] 
82.076: Total time for which application threads were stopped: 0.0644590 seconds, Stopping threads took: 0.0636490 seconds
82.076: Application time: 0.0003830 seconds
82.110: [GC82.110: [DefNew: 4115K->4115K(4288K), 0.0000050 secs]82.110: [Tenured: 6363K->6265K(9600K), 0.0065430 secs] 10479K->6265K(13888K), [Perm : 5108K->5108K(21248K)], 0.0065830 secs] [Times: user=0.01 sys=0.00, real=0.01 secs] 
82.116: Total time for which application threads were stopped: 0.0402920 seconds, Stopping threads took: 0.0336400 seconds
82.188: Application time: 0.0717130 seconds
82.191: [GC82.191: [DefNew: 3825K->3825K(4288K), 0.0000100 secs]82.191: [Tenured: 6265K->1480K(9600K), 0.0057300 secs] 10091K->1480K(13888K), [Perm : 5108K->5108K(21248K)], 0.0057840 secs] [Times: user=0.00 sys=0.00, real=0.01 secs] 
82.197: Total time for which application threads were stopped: 0.0086610 seconds, Stopping threads took: 0.0027990 seconds
82.197: Application time: 0.0007090 seconds
82.198: [GC82.198: [DefNew: 3776K->392K(4288K), 0.0008870 secs] 5257K->5193K(13888K), 0.0009050 secs] [Times: user=0.00 sys=0.00, real=0.00 secs] 
82.199: Total time for which application threads were stopped: 0.0012390 seconds, Stopping threads took: 0.0002750 seconds
82.199: Application time: 0.0006140 seconds
82.249: [GC82.249: [DefNew: 4143K->419K(4288K), 0.0007950 secs] 8945K->7664K(13888K), 0.0008170 secs] [Times: user=0.00 sys=0.00, real=0.00 secs] 
82.250: Total time for which application threads were stopped: 0.0505480 seconds, Stopping threads took: 0.0496670 seconds
82.251: Application time: 0.0007880 seconds
82.320: [GC82.320: [DefNew: 4244K->4244K(4288K), 0.0000090 secs]82.320: [Tenured: 7244K->4117K(9600K), 0.0063440 secs] 11489K->4117K(13888K), [Perm : 5108K->5108K(21248K)], 0.0063920 secs] [Times: user=0.00 sys=0.00, real=0.01 secs] 
82.327: Total time for which application threads were stopped: 0.0763320 seconds, Stopping threads took: 0.0698640 seconds
82.328: Application time: 0.0006580 seconds
82.374: [GC82.374: [DefNew: 3532K->392K(4288K), 0.0008670 secs] 7650K->7244K(13888K), 0.0008910 secs] [Times: user=0.00 sys=0.00, real=0.00 secs] 
82.375: Total time for which application threads were stopped: 0.0478370 seconds, Stopping threads took: 0.0468760 seconds
82.376: Application time: 0.0004090 seconds
82.409: [GC82.409: [DefNew: 4215K->4215K(4288K), 0.0000070 secs]82.409: [Tenured: 6852K->4996K(9600K), 0.0051440 secs] 11067K->4996K(13888K), [Perm : 5108K->5108K(21248K)], 0.0051980 secs] [Times: user=0.00 sys=0.00, real=0.01 secs] 
82.415: Total time for which application threads were stopped: 0.0388900 seconds, Stopping threads took: 0.0336260 seconds
82.415: Application time: 0.0006650 seconds
82.448: [GC82.448: [DefNew: 3725K->391K(4288K), 0.0008680 secs] 8722K->8318K(13888K), 0.0008890 secs] [Times: user=0.00 sys=0.00, real=0.00 secs] 
82.449: Total time for which application threads were stopped: 0.0336750 seconds, Stopping threads took: 0.0327310 seconds
82.521: Application time: 0.0723680 seconds
82.523: [GC82.523: [DefNew: 4119K->4119K(4288K), 0.0000090 secs]82.523: [Tenured: 7926K->1676K(9600K), 0.0057890 secs] 12045K->1676K(13888K), [Perm : 5108K->5108K(21248K)], 0.0058420 secs] [Times: user=0.00 sys=0.00, real=0.01 secs] 
82.529: Total time for which application threads were stopped: 0.0074700 seconds, Stopping threads took: 0.0015430 seconds
82.529: Application time: 0.0005850 seconds
82.530: [GC82.530: [DefNew: 3725K->392K(4288K), 0.0008570 secs] 5402K->5389K(13888K), 0.0008760 secs] [Times: user=0.00 sys=0.00, real=0.00 secs] 
82.531: Total time for which application threads were stopped: 0.0012390 seconds, Stopping threads took: 0.0003120 seconds
82.532: Application time: 0.0013610 seconds
82.595: [GC82.595: [DefNew: 4215K->391K(4288K), 0.0005700 secs] 9212K->6854K(13888K), 0.0005900 secs] [Times: user=0.00 sys=0.00, real=0.00 secs] 
82.595: Total time for which application threads were stopped: 0.0632410 seconds, Stopping threads took: 0.0625890 seconds
82.596: Application time: 0.0007350 seconds
82.653: [GC82.653: [DefNew: 4216K->4216K(4288K), 0.0000080 secs]82.653: [Tenured: 6463K->4410K(9600K), 0.0062730 secs] 10680K->4410K(13888K), [Perm : 5108K->5108K(21248K)], 0.0063180 secs] [Times: user=0.01 sys=0.00, real=0.00 secs] 
82.659: Total time for which application threads were stopped: 0.0631560 seconds, Stopping threads took: 0.0567650 seconds
82.660: Application time: 0.0005090 seconds
82.725: [GC82.725: [DefNew: 3532K->392K(4288K), 0.0007130 secs] 7943K->6756K(13888K), 0.0007380 secs] [Times: user=0.00 sys=0.00, real=0.00 secs] 
82.726: Total time for which application threads were stopped: 0.0662240 seconds, Stopping threads took: 0.0654170 seconds
82.726: Application time: 0.0004030 seconds
82.777: [GC82.777: [DefNew: 4169K->4169K(4288K), 0.0000060 secs]82.777: [Tenured: 6364K->6241K(9600K), 0.0062180 secs] 10534K->6241K(13888K), [Perm : 5108K->5108K(21248K)], 0.0062670 secs] [Times: user=0.01 sys=0.00, real=0.00 secs] 
82.783: Total time for which application threads were stopped: 0.0566570 seconds, Stopping threads took: 0.0503350 seconds
82.855: Application time: 0.0725100 seconds
82.858: [GC82.858: [DefNew: 3653K->3653K(4288K), 0.0000110 secs]82.858: [Tenured: 6241K->1285K(9600K), 0.0057210 secs] 9895K->1285K(13888K), [Perm : 5108K->5108K(21248K)], 0.0057750 secs] [Times: user=0.01 sys=0.00, real=0.00 secs] 
82.864: Total time for which application threads were stopped: 0.0083230 seconds, Stopping threads took: 0.0024670 seconds
82.865: Application time: 0.0007020 seconds
82.865: [GC82.865: [DefNew: 3659K->445K(4288K), 0.0008620 secs] 4944K->4880K(13888K), 0.0008790 secs] [Times: user=0.00 sys=0.00, real=0.00 secs] 
82.866: Total time for which application threads were stopped: 0.0013180 seconds, Stopping threads took: 0.0003790 seconds
82.866: Application time: 0.0004220 seconds
82.913: [GC82.913: [DefNew: 4097K->322K(4288K), 0.0009010 secs] 8532K->7896K(13888K), 0.0009210 secs] [Times: user=0.00 sys=0.00, real=0.00 secs] 
82.914: Total time for which application threads were stopped: 0.0478270 seconds, Stopping threads took: 0.0468440 seconds
82.987: Application time: 0.0726680 seconds
82.988: [GC82.988: [DefNew: 4155K->4155K(4288K), 0.0000090 secs]82.988: [Tenured: 7574K->1547K(9600K), 0.0054340 secs] 11729K->1547K(13888K), [Perm : 5108K->5108K(21248K)], 0.0054860 secs] [Times: user=0.00 sys=0.00, real=0.01 secs] 
82.993: Total time for which application threads were stopped: 0.0064190 seconds, Stopping threads took: 0.0008570 seconds
82.994: Application time: 0.0005190 seconds
82.994: [GC82.994: [DefNew: 3780K->404K(4288K), 0.0008450 secs] 5327K->5272K(13888K), 0.0008710 secs] [Times: user=0.00 sys=0.00, real=0.00 secs] 
82.995: Total time for which application threads were stopped: 0.0012780 seconds, Stopping threads took: 0.0003690 seconds
82.996: Application time: 0.0010490 seconds
83.061: [GC83.061: [DefNew: 4241K->309K(4288K), 0.0004560 secs] 9109K->6168K(13888K), 0.0004780 secs] [Times: user=0.00 sys=0.00, real=0.00 secs] 
83.062: Total time for which application threads were stopped: 0.0655410 seconds, Stopping threads took: 0.0649950 seconds
83.062: Application time: 0.0004790 seconds
83.130: [GC83.130: [DefNew: 3939K->3939K(4288K), 0.0000070 secs]83.130: [Tenured: 5858K->4312K(9600K), 0.0054020 secs] 9798K->4312K(13888K), [Perm : 5108K->5108K(21248K)], 0.0054450 secs] [Times: user=0.01 sys=0.00, real=0.01 secs] 
83.136: Total time for which application threads were stopped: 0.0737200 seconds, Stopping threads took: 0.0682130 seconds
83.136: Application time: 0.0005620 seconds
83.170: [GC83.170: [DefNew: 3825K->391K(4288K), 0.0008300 secs] 8137K->7243K(13888K), 0.0008560 secs] [Times: user=0.00 sys=0.00, real=0.00 secs] 
83.170: Total time for which application threads were stopped: 0.0341230 seconds, Stopping threads took: 0.0331980 seconds
83.171: Application time: 0.0006480 seconds
83.205: [GC83.205: [DefNew: 4211K->4211K(4288K), 0.0000060 secs]83.205: [Tenured: 6851K->6266K(9600K), 0.0059780 secs] 11062K->6266K(13888K), [Perm : 5108K->5108K(21248K)], 0.0060240 secs] [Times: user=0.00 sys=0.00, real=0.00 secs] 
83.211: Total time for which application threads were stopped: 0.0395850 seconds, Stopping threads took: 0.0334860 seconds
83.283: Application time: 0.0720700 seconds
83.284: [GC83.284: [DefNew: 3786K->3786K(4288K), 0.0000170 secs]83.284: [Tenured: 6266K->1342K(9600K), 0.0057320 secs] 10052K->1342K(13888K), [Perm : 5108K->5108K(21248K)], 0.0057940 secs] [Times: user=0.01 sys=0.00, real=0.01 secs] 
83.290: Total time for which application threads were stopped: 0.0073030 seconds, Stopping threads took: 0.0014530 seconds
83.291: Application time: 0.0006060 seconds
83.291: [GC83.291: [DefNew: 3532K->392K(4288K), 0.0008230 secs] 4875K->4860K(13888K), 0.0008410 secs] [Times: user=0.01 sys=0.00, real=0.00 secs] 
83.292: Total time for which application threads were stopped: 0.0011100 seconds, Stopping threads took: 0.0002080 seconds
83.293: Application time: 0.0008100 seconds
83.340: [GC83.340: [DefNew: 4213K->390K(4288K), 0.0007080 secs] 8681K->7009K(13888K), 0.0007290 secs] [Times: user=0.01 sys=0.00, real=0.00 secs] 
83.341: Total time for which application threads were stopped: 0.0481240 seconds, Stopping threads took: 0.0473580 seconds
83.341: Application time: 0.0007610 seconds
83.412: [GC83.412: [DefNew: 4216K->4216K(4288K), 0.0000080 secs]83.412: [Tenured: 6618K->3883K(9600K), 0.0062350 secs] 10834K->3883K(13888K), [Perm : 5108K->5108K(21248K)], 0.0062830 secs] [Times: user=0.01 sys=0.00, real=0.01 secs] 
83.418: Total time for which application threads were stopped: 0.0764500 seconds, Stopping threads took: 0.0700920 seconds
83.419: Application time: 0.0005620 seconds
83.480: [GC83.480: [DefNew: 3825K->392K(4288K), 0.0008960 secs] 7709K->7010K(13888K), 0.0009230 secs] [Times: user=0.00 sys=0.00, real=0.00 secs] 
83.481: Total time for which application threads were stopped: 0.0624620 seconds, Stopping threads took: 0.0614690 seconds
83.481: Application time: 0.0003960 seconds
83.516: [GC83.516: [DefNew: 4113K->4113K(4288K), 0.0000050 secs]83.516: [Tenured: 6618K->7106K(9600K), 0.0067150 secs] 10732K->7106K(13888K), [Perm : 5108K->5108K(21248K)], 0.0067560 secs] [Times: user=0.01 sys=0.00, real=0.00 secs] 
83.523: Total time for which application threads were stopped: 0.0412730 seconds, Stopping threads took: 0.0344440 seconds
83.598: Application time: 0.0753770 seconds
83.608: [GC83.608: [DefNew: 3708K->3708K(4288K), 0.0000080 secs]83.608: [Tenured: 7106K->2067K(9600K), 0.0051490 secs] 10814K->2067K(13888K), [Perm : 5108K->5108K(21248K)], 0.0052040 secs] [Times: user=0.01 sys=0.00, real=0.01 secs] 
83.613: Total time for which application threads were stopped: 0.0153390 seconds, Stopping threads took: 0.0100480 seconds
83.614: Application time: 0.0004760 seconds
83.647: [GC83.647: [DefNew: 3825K->392K(4288K), 0.0008110 secs] 5893K->5585K(13888K), 0.0008330 secs] [Times: user=0.01 sys=0.00, real=0.00 secs] 
83.648: Total time for which application threads were stopped: 0.0340850 seconds, Stopping threads took: 0.0331860 seconds
83.648: Application time: 0.0004780 seconds
83.696: [GC83.696: [DefNew: 4211K->391K(4288K), 0.0010090 secs] 9404K->8808K(13888K), 0.0010350 secs] [Times: user=0.01 sys=0.00, real=0.00 secs] 
83.697: Total time for which application threads were stopped: 0.0484240 seconds, Stopping threads took: 0.0473230 seconds
83.769: Application time: 0.0717030 seconds
83.773: [GC83.773: [DefNew: 4216K->4216K(4288K), 0.0000090 secs]83.773: [Tenured: 8417K->1678K(9600K), 0.0058000 secs] 12633K->1678K(13888K), [Perm : 5108K->5108K(21248K)], 0.0058520 secs] [Times: user=0.01 sys=0.00, real=0.00 secs] 
83.779: Total time for which application threads were stopped: 0.0104950 seconds, Stopping threads took: 0.0045670 seconds
83.780: Application time: 0.0005430 seconds
83.780: [GC83.780: [DefNew: 3725K->392K(4288K), 0.0008080 secs] 5404K->5391K(13888K), 0.0008270 secs] [Times: user=0.00 sys=0.00, real=0.00 secs] 
83.781: Total time for which application threads were stopped: 0.0013120 seconds, Stopping threads took: 0.0004460 seconds
83.782: Application time: 0.0012150 seconds
83.845: [GC83.845: [DefNew: 4213K->391K(4288K), 0.0007520 secs] 9212K->7052K(13888K), 0.0007820 secs] [Times: user=0.00 sys=0.00, real=0.00 secs] 
83.846: Total time for which application threads were stopped: 0.0640600 seconds, Stopping threads took: 0.0632090 seconds
83.847: Application time: 0.0008620 seconds
83.908: [GC83.908: [DefNew: 4216K->4216K(4288K), 0.0000100 secs]83.908: [Tenured: 6661K->4412K(9600K), 0.0062290 secs] 10877K->4412K(13888K), [Perm : 5108K->5108K(21248K)], 0.0062870 secs] [Times: user=0.01 sys=0.00, real=0.01 secs] 
83.915: Total time for which application threads were stopped: 0.0674670 seconds, Stopping threads took: 0.0611030 seconds
83.915: Application time: 0.0004670 seconds
83.973: [GC83.973: [DefNew: 3532K->392K(4288K), 0.0007030 secs] 7945K->6758K(13888K), 0.0007280 secs] [Times: user=0.00 sys=0.00, real=0.00 secs] 
83.974: Total time for which application threads were stopped: 0.0587280 seconds, Stopping threads took: 0.0579290 seconds
83.974: Application time: 0.0003740 seconds
84.023: [GC84.023: [DefNew: 4115K->4115K(4288K), 0.0000060 secs]84.023: [Tenured: 6366K->5194K(9600K), 0.0061380 secs] 10481K->5194K(13888K), [Perm : 5108K->5108K(21248K)], 0.0061820 secs] [Times: user=0.00 sys=0.00, real=0.01 secs] 
84.029: Total time for which application threads were stopped: 0.0547130 seconds, Stopping threads took: 0.0484590 seconds
84.029: Application time: 0.0006750 seconds
84.100: [GC84.100: [DefNew: 3823K->391K(4288K), 0.0007690 secs] 9017K->7831K(13888K), 0.0007960 secs] [Times: user=0.00 sys=0.00, real=0.00 secs] 
84.100: Total time for which application threads were stopped: 0.0708820 seconds, Stopping threads took: 0.0700290 seconds
84.101: Application time: 0.0007740 seconds
84.171: [GC84.171: [DefNew: 4197K->4197K(4288K), 0.0000080 secs]84.171: [Tenured: 7440K->4118K(9600K), 0.0056570 secs] 11637K->4118K(13888K), [Perm : 5108K->5108K(21248K)], 0.0057050 secs] [Times: user=0.01 sys=0.00, real=0.01 secs] 
84.177: Total time for which application threads were stopped: 0.0757220 seconds, Stopping threads took: 0.0699510 seconds
84.177: Application time: 0.0005030 seconds
84.212: [GC84.212: [DefNew: 3727K->391K(4288K), 0.0008650 secs] 7845K->7244K(13888K), 0.0008870 secs] [Times: user=0.00 sys=0.00, real=0.01 secs] 
84.212: Total time for which application threads were stopped: 0.0350510 seconds, Stopping threads took: 0.0340970 seconds
84.213: Application time: 0.0004120 seconds
84.260: [GC84.260: [DefNew: 4213K->4213K(4288K), 0.0000070 secs]84.260: [Tenured: 6852K->5192K(9600K), 0.0058360 secs] 11065K->5192K(13888K), [Perm : 5108K->5108K(21248K)], 0.0058920 secs] [Times: user=0.00 sys=0.00, real=0.01 secs] 
84.266: Total time for which application threads were stopped: 0.0527320 seconds, Stopping threads took: 0.0467630 seconds
84.266: Application time: 0.0007930 seconds
84.337: [GC84.337: [DefNew: 3825K->391K(4288K), 0.0008270 secs] 9017K->7830K(13888K), 0.0008530 secs] [Times: user=0.00 sys=0.00, real=0.00 secs] 
84.338: Total time for which application threads were stopped: 0.0719030 seconds, Stopping threads took: 0.0709990 seconds
84.339: Application time: 0.0004880 seconds
84.409: [GC84.409: [DefNew: 4021K->4021K(4288K), 0.0000070 secs]84.409: [Tenured: 7438K->4020K(9600K), 0.0062490 secs] 11460K->4020K(13888K), [Perm : 5108K->5108K(21248K)], 0.0062930 secs] [Times: user=0.00 sys=0.00, real=0.01 secs] 
84.415: Total time for which application threads were stopped: 0.0763860 seconds, Stopping threads took: 0.0700430 seconds
84.416: Application time: 0.0005730 seconds
84.416: [GC84.416: [DefNew: 3819K->294K(4288K), 0.0009090 secs] 7839K->7830K(13888K), 0.0009340 secs] [Times: user=0.00 sys=0.00, real=0.00 secs] 
84.417: Total time for which application threads were stopped: 0.0013400 seconds, Stopping threads took: 0.0003390 seconds
84.489: Application time: 0.0718460 seconds
84.492: [GC84.492: [DefNew: 4119K->4119K(4288K), 0.0000090 secs]84.492: [Tenured: 7536K->3044K(9600K), 0.0047880 secs] 11655K->3044K(13888K), [Perm : 5108K->5108K(21248K)], 0.0048410 secs] [Times: user=0.00 sys=0.00, real=0.01 secs] 
84.497: Total time for which application threads were stopped: 0.0076620 seconds, Stopping threads took: 0.0027420 seconds
84.497: Application time: 0.0004220 seconds
84.544: [GC84.544: [DefNew: 3727K->391K(4288K), 0.0008260 secs] 6772K->6463K(13888K), 0.0008470 secs] [Times: user=0.00 sys=0.00, real=0.01 secs] 
84.545: Total time for which application threads were stopped: 0.0477030 seconds, Stopping threads took: 0.0467900 seconds
84.546: Application time: 0.0008980 seconds
84.616: [GC84.616: [DefNew: 4214K->4214K(4288K), 0.0000070 secs]84.616: [Tenured: 6072K->4118K(9600K), 0.0055620 secs] 10286K->4118K(13888K), [Perm : 5108K->5108K(21248K)], 0.0056100 secs] [Times: user=0.01 sys=0.00, real=0.00 secs] 
84.621: Total time for which application threads were stopped: 0.0755580 seconds, Stopping threads took: 0.0698730 seconds
84.622: Application time: 0.0004640 seconds
84.669: [GC84.669: [DefNew: 3532K->392K(4288K), 0.0008520 secs] 7650K->7244K(13888K), 0.0008790 secs] [Times: user=0.00 sys=0.00, real=0.00 secs] 
84.670: Total time for which application threads were stopped: 0.0482380 seconds, Stopping threads took: 0.0472980 seconds
84.670: Application time: 0.0005590 seconds
84.704: [GC84.704: [DefNew: 4096K->4096K(4288K), 0.0000060 secs]84.704: [Tenured: 6852K->5904K(9600K), 0.0059310 secs] 10949K->5904K(13888K), [Perm : 5108K->5108K(21248K)], 0.0059760 secs] [Times: user=0.00 sys=0.00, real=0.01 secs] 
84.710: Total time for which application threads were stopped: 0.0391840 seconds, Stopping threads took: 0.0331250 seconds
84.711: Application time: 0.0009870 seconds
84.781: [GC84.781: [DefNew: 3825K->3825K(4288K), 0.0000090 secs]84.781: [Tenured: 5904K->3267K(9600K), 0.0052740 secs] 9729K->3267K(13888K), [Perm : 5108K->5108K(21248K)], 0.0053250 secs] [Times: user=0.01 sys=0.00, real=0.01 secs] 
84.786: Total time for which application threads were stopped: 0.0758670 seconds, Stopping threads took: 0.0704840 seconds
84.787: Application time: 0.0005520 seconds
84.821: [GC84.821: [DefNew: 3775K->441K(4288K), 0.0009620 secs] 7043K->6834K(13888K), 0.0009860 secs] [Times: user=0.00 sys=0.00, real=0.00 secs] 
84.822: Total time for which application threads were stopped: 0.0348740 seconds, Stopping threads took: 0.0338190 seconds
84.822: Application time: 0.0004160 seconds
84.884: [GC84.884: [DefNew: 4196K->4196K(4288K), 0.0000100 secs]84.884: [Tenured: 6392K->4273K(9600K), 0.0062940 secs] 10589K->4273K(13888K), [Perm : 5108K->5108K(21248K)], 0.0063480 secs] [Times: user=0.01 sys=0.00, real=0.01 secs] 
84.890: Total time for which application threads were stopped: 0.0681240 seconds, Stopping threads took: 0.0616940 seconds
84.891: Application time: 0.0005540 seconds
84.931: [GC84.931: [DefNew: 3823K->391K(4288K), 0.0008740 secs] 8096K->7399K(13888K), 0.0009000 secs] [Times: user=0.00 sys=0.00, real=0.00 secs] 
84.932: Total time for which application threads were stopped: 0.0411720 seconds, Stopping threads took: 0.0402020 seconds
84.933: Application time: 0.0007060 seconds
84.967: [GC84.967: [DefNew: 4211K->4211K(4288K), 0.0000070 secs]84.967: [Tenured: 7007K->6462K(9600K), 0.0061660 secs] 11218K->6462K(13888K), [Perm : 5108K->5108K(21248K)], 0.0062130 secs] [Times: user=0.01 sys=0.00, real=0.01 secs] 
84.973: Total time for which application threads were stopped: 0.0400260 seconds, Stopping threads took: 0.0337580 seconds
85.045: Application time: 0.0725360 seconds
85.047: [GC85.047: [DefNew: 3825K->3825K(4288K), 0.0000090 secs]85.047: [Tenured: 6462K->1677K(9600K), 0.0057860 secs] 10287K->1677K(13888K), [Perm : 5108K->5108K(21248K)], 0.0058370 secs] [Times: user=0.01 sys=0.00, real=0.01 secs] 
85.053: Total time for which application threads were stopped: 0.0071130 seconds, Stopping threads took: 0.0011990 seconds
85.053: Application time: 0.0006750 seconds
85.054: [GC85.054: [DefNew: 3743K->445K(4288K), 0.0008580 secs] 5420K->5255K(13888K), 0.0008740 secs] [Times: user=0.00 sys=0.00, real=0.00 secs] 
85.055: Total time for which application threads were stopped: 0.0012940 seconds, Stopping threads took: 0.0003610 seconds
85.055: Application time: 0.0005720 seconds
85.104: [GC85.104: [DefNew: 4099K->415K(4288K), 0.0009160 secs] 8909K->8014K(13888K), 0.0009400 secs] [Times: user=0.00 sys=0.00, real=0.01 secs] 
85.105: Total time for which application threads were stopped: 0.0500450 seconds, Stopping threads took: 0.0490410 seconds
85.106: Application time: 0.0008480 seconds
85.176: [GC85.176: [DefNew: 4240K->4240K(4288K), 0.0000090 secs]85.176: [Tenured: 7599K->4106K(9600K), 0.0063070 secs] 11840K->4106K(13888K), [Perm : 5108K->5108K(21248K)], 0.0063540 secs] [Times: user=0.00 sys=0.00, real=0.00 secs] 
85.182: Total time for which application threads were stopped: 0.0763290 seconds, Stopping threads took: 0.0698990 seconds
85.183: Application time: 0.0006440 seconds
85.249: [GC85.249: [DefNew: 3630K->392K(4288K), 0.0008530 secs] 7736K->7232K(13888K), 0.0008760 secs] [Times: user=0.00 sys=0.00, real=0.00 secs] 
85.250: Total time for which application threads were stopped: 0.0666440 seconds, Stopping threads took: 0.0657020 seconds
85.250: Application time: 0.0006270 seconds
85.284: [GC85.284: [DefNew: 4192K->4192K(4288K), 0.0000070 secs]85.284: [Tenured: 6840K->6088K(9600K), 0.0060030 secs] 11032K->6088K(13888K), [Perm : 5108K->5108K(21248K)], 0.0060520 secs] [Times: user=0.00 sys=0.00, real=0.01 secs] 
85.290: Total time for which application threads were stopped: 0.0393750 seconds, Stopping threads took: 0.0332470 seconds
85.291: Application time: 0.0008830 seconds
85.361: [GC85.361: [DefNew: 3825K->3825K(4288K), 0.0000090 secs]85.361: [Tenured: 6088K->3337K(9600K), 0.0057850 secs] 9913K->3337K(13888K), [Perm : 5108K->5108K(21248K)], 0.0058370 secs] [Times: user=0.01 sys=0.00, real=0.01 secs] 
85.367: Total time for which application threads were stopped: 0.0764070 seconds, Stopping threads took: 0.0705120 seconds
85.368: Application time: 0.0006460 seconds
85.401: [GC85.401: [DefNew: 3825K->392K(4288K), 0.0009500 secs] 7163K->7050K(13888K), 0.0009760 secs] [Times: user=0.00 sys=0.00, real=0.00 secs] 
85.402: Total time for which application threads were stopped: 0.0345240 seconds, Stopping threads took: 0.0334770 seconds
85.403: Application time: 0.0006640 seconds
85.464: [GC85.464: [DefNew: 4117K->4117K(4288K), 0.0000070 secs]85.464: [Tenured: 6658K->4412K(9600K), 0.0056290 secs] 10775K->4412K(13888K), [Perm : 5108K->5108K(21248K)], 0.0056790 secs] [Times: user=0.01 sys=0.00, real=0.01 secs] 
85.470: Total time for which application threads were stopped: 0.0671320 seconds, Stopping threads took: 0.0613680 seconds
85.470: Application time: 0.0004990 seconds
85.524: [GC85.524: [DefNew: 3532K->392K(4288K), 0.0007170 secs] 7944K->6757K(13888K), 0.0007420 secs] [Times: user=0.00 sys=0.00, real=0.01 secs] 
85.525: Total time for which application threads were stopped: 0.0545670 seconds, Stopping threads took: 0.0537550 seconds
85.525: Application time: 0.0003800 seconds
85.558: [GC85.558: [DefNew: 4211K->4211K(4288K), 0.0000050 secs]85.558: [Tenured: 6365K->6364K(9600K), 0.0059730 secs] 10576K->6364K(13888K), [Perm : 5108K->5108K(21248K)], 0.0060130 secs] [Times: user=0.00 sys=0.00, real=0.01 secs] 
85.564: Total time for which application threads were stopped: 0.0391050 seconds, Stopping threads took: 0.0330450 seconds
85.637: Application time: 0.0726570 seconds
85.638: [GC85.638: [DefNew: 3727K->3727K(4288K), 0.0000090 secs]85.638: [Tenured: 6364K->1482K(9600K), 0.0057020 secs] 10092K->1482K(13888K), [Perm : 5108K->5108K(21248K)], 0.0057540 secs] [Times: user=0.00 sys=0.00, real=0.00 secs] 
85.644: Total time for which application threads were stopped: 0.0070390 seconds, Stopping threads took: 0.0012060 seconds
85.645: Application time: 0.0007080 seconds
85.645: [GC85.645: [DefNew: 3806K->420K(4288K), 0.0008730 secs] 5288K->5223K(13888K), 0.0008910 secs] [Times: user=0.00 sys=0.00, real=0.00 secs] 
85.646: Total time for which application threads were stopped: 0.0012330 seconds, Stopping threads took: 0.0002810 seconds
85.647: Application time: 0.0006770 seconds
85.713: [GC85.713: [DefNew: 4243K->293K(4288K), 0.0008020 secs] 9046K->7470K(13888K), 0.0008240 secs] [Times: user=0.00 sys=0.00, real=0.00 secs] 
85.713: Total time for which application threads were stopped: 0.0665680 seconds, Stopping threads took: 0.0656780 seconds
85.714: Application time: 0.0003690 seconds
85.776: [GC85.776: [DefNew: 3923K->3923K(4288K), 0.0000070 secs]85.776: [Tenured: 7176K->4020K(9600K), 0.0061230 secs] 11100K->4020K(13888K), [Perm : 5108K->5108K(21248K)], 0.0061690 secs] [Times: user=0.01 sys=0.00, real=0.00 secs] 
85.782: Total time for which application threads were stopped: 0.0681130 seconds, Stopping threads took: 0.0618810 seconds
85.782: Application time: 0.0006000 seconds
85.783: [GC85.783: [DefNew: 3819K->391K(4288K), 0.0009070 secs] 7840K->7830K(13888K), 0.0009280 secs] [Times: user=0.00 sys=0.00, real=0.00 secs] 
85.784: Total time for which application threads were stopped: 0.0012580 seconds, Stopping threads took: 0.0002660 seconds
85.855: Application time: 0.0714750 seconds
85.862: [GC85.863: [DefNew: 4216K->4216K(4288K), 0.0000100 secs]85.863: [Tenured: 7439K->3045K(9600K), 0.0053800 secs] 11655K->3045K(13888K), [Perm : 5108K->5108K(21248K)], 0.0054360 secs] [Times: user=0.00 sys=0.00, real=0.01 secs] 
85.868: Total time for which application threads were stopped: 0.0127710 seconds, Stopping threads took: 0.0072530 seconds
85.868: Application time: 0.0005220 seconds
85.904: [GC85.904: [DefNew: 3727K->392K(4288K), 0.0008150 secs] 6773K->6367K(13888K), 0.0008380 secs] [Times: user=0.00 sys=0.00, real=0.01 secs] 
85.905: Total time for which application threads were stopped: 0.0360400 seconds, Stopping threads took: 0.0351490 seconds
85.905: Application time: 0.0003520 seconds
85.939: [GC85.939: [DefNew: 4213K->4213K(4288K), 0.0000080 secs]85.939: [Tenured: 5975K->5193K(9600K), 0.0051930 secs] 10189K->5193K(13888K), [Perm : 5108K->5108K(21248K)], 0.0052440 secs] [Times: user=0.01 sys=0.00, real=0.00 secs] 
85.944: Total time for which application threads were stopped: 0.0390990 seconds, Stopping threads took: 0.0337920 seconds
85.945: Application time: 0.0008260 seconds
86.015: [GC86.015: [DefNew: 3825K->391K(4288K), 0.0007770 secs] 9018K->7538K(13888K), 0.0008050 secs] [Times: user=0.00 sys=0.00, real=0.00 secs] 
86.015: Total time for which application threads were stopped: 0.0706090 seconds, Stopping threads took: 0.0697310 seconds
86.016: Application time: 0.0004690 seconds
86.062: [GC86.062: [DefNew: 4022K->4022K(4288K), 0.0000060 secs]86.062: [Tenured: 7146K->4021K(9600K), 0.0055270 secs] 11168K->4021K(13888K), [Perm : 5108K->5108K(21248K)], 0.0055810 secs] [Times: user=0.00 sys=0.00, real=0.01 secs] 
86.068: Total time for which application threads were stopped: 0.0519170 seconds, Stopping threads took: 0.0462620 seconds
86.068: Application time: 0.0004800 seconds
86.101: [GC86.101: [DefNew: 3721K->391K(4288K), 0.0007770 secs] 7743K->7147K(13888K), 0.0007980 secs] [Times: user=0.00 sys=0.00, real=0.00 secs] 
86.102: Total time for which application threads were stopped: 0.0337760 seconds, Stopping threads took: 0.0329260 seconds
86.103: Application time: 0.0006590 seconds
86.173: [GC86.173: [DefNew: 4216K->4216K(4288K), 0.0000070 secs]86.173: [Tenured: 6756K->5095K(9600K), 0.0063400 secs] 10972K->5095K(13888K), [Perm : 5108K->5108K(21248K)], 0.0063860 secs] [Times: user=0.01 sys=0.00, real=0.00 secs] 
86.179: Total time for which application threads were stopped: 0.0763820 seconds, Stopping threads took: 0.0699210 seconds
86.180: Application time: 0.0009950 seconds
86.245: [GC86.245: [DefNew: 3806K->322K(4288K), 0.0010010 secs] 8901K->8348K(13888K), 0.0010300 secs] [Times: user=0.00 sys=0.00, real=0.00 secs] 
86.246: Total time for which application threads were stopped: 0.0659810 seconds, Stopping threads took: 0.0648990 seconds
86.247: Application time: 0.0004950 seconds
86.280: [GC86.280: [DefNew: 3855K->3855K(4288K), 0.0000080 secs]86.280: [Tenured: 8025K->4830K(9600K), 0.0057700 secs] 11880K->4830K(13888K), [Perm : 5108K->5108K(21248K)], 0.0058160 secs] [Times: user=0.00 sys=0.00, real=0.01 secs] 
86.286: Total time for which application threads were stopped: 0.0391510 seconds, Stopping threads took: 0.0332750 seconds
86.286: Application time: 0.0004660 seconds
86.348: [GC86.348: [DefNew: 3825K->391K(4288K), 0.0007880 secs] 8655K->7468K(13888K), 0.0008170 secs] [Times: user=0.01 sys=0.00, real=0.00 secs] 
86.349: Total time for which application threads were stopped: 0.0624530 seconds, Stopping threads took: 0.0615860 seconds
86.349: Application time: 0.0004310 seconds
86.383: [GC86.383: [DefNew: 4213K->4213K(4288K), 0.0000070 secs]86.383: [Tenured: 7076K->7272K(9600K), 0.0062340 secs] 11289K->7272K(13888K), [Perm : 5108K->5108K(21248K)], 0.0062800 secs] [Times: user=0.00 sys=0.00, real=0.01 secs] 
86.389: Total time for which application threads were stopped: 0.0400750 seconds, Stopping threads took: 0.0337420 seconds
86.465: Application time: 0.0754670 seconds
86.475: [GC86.475: [DefNew: 3825K->3825K(4288K), 0.0000100 secs]86.475: [Tenured: 7272K->2487K(9600K), 0.0045290 secs] 11097K->2487K(13888K), [Perm : 5108K->5108K(21248K)], 0.0045850 secs] [Times: user=0.01 sys=0.00, real=0.00 secs] 
86.479: Total time for which application threads were stopped: 0.0146450 seconds, Stopping threads took: 0.0099930 seconds
86.480: Application time: 0.0004840 seconds
86.513: [GC86.513: [DefNew: 3825K->392K(4288K), 0.0008730 secs] 6313K->6200K(13888K), 0.0008960 secs] [Times: user=0.00 sys=0.00, real=0.00 secs] 
86.514: Total time for which application threads were stopped: 0.0340430 seconds, Stopping threads took: 0.0330800 seconds
86.514: Application time: 0.0006380 seconds
86.548: [GC86.548: [DefNew: 4115K->4115K(4288K), 0.0000070 secs]86.548: [Tenured: 5808K->5485K(9600K), 0.0051970 secs] 9924K->5485K(13888K), [Perm : 5108K->5108K(21248K)], 0.0052440 secs] [Times: user=0.00 sys=0.00, real=0.01 secs] 
86.553: Total time for which application threads were stopped: 0.0387570 seconds, Stopping threads took: 0.0334370 seconds
86.554: Application time: 0.0008780 seconds
86.624: [GC86.624: [DefNew: 3825K->391K(4288K), 0.0008540 secs] 9311K->8124K(13888K), 0.0008840 secs] [Times: user=0.00 sys=0.00, real=0.01 secs] 
86.625: Total time for which application threads were stopped: 0.0706320 seconds, Stopping threads took: 0.0696750 seconds
86.625: Application time: 0.0005930 seconds
86.695: [GC86.695: [DefNew: 4197K->4197K(4288K), 0.0000080 secs]86.695: [Tenured: 7732K->4439K(9600K), 0.0058450 secs] 11930K->4439K(13888K), [Perm : 5108K->5108K(21248K)], 0.0058920 secs] [Times: user=0.01 sys=0.00, real=0.00 secs] 
86.701: Total time for which application threads were stopped: 0.0759170 seconds, Stopping threads took: 0.0699380 seconds
86.702: Application time: 0.0006430 seconds
86.772: [GC86.772: [DefNew: 3805K->420K(4288K), 0.0007870 secs] 8245K->7008K(13888K), 0.0008140 secs] [Times: user=0.00 sys=0.00, real=0.01 secs] 
86.773: Total time for which application threads were stopped: 0.0708680 seconds, Stopping threads took: 0.0700050 seconds
86.773: Application time: 0.0004170 seconds
86.807: [GC86.807: [DefNew: 4245K->4245K(4288K), 0.0000060 secs]86.807: [Tenured: 6588K->4468K(9600K), 0.0063360 secs] 10834K->4468K(13888K), [Perm : 5108K->5108K(21248K)], 0.0063740 secs] [Times: user=0.01 sys=0.00, real=0.01 secs] 
86.813: Total time for which application threads were stopped: 0.0401310 seconds, Stopping threads took: 0.0336780 seconds
86.814: Application time: 0.0004730 seconds
86.860: [GC86.860: [DefNew: 3625K->293K(4288K), 0.0009750 secs] 8094K->7497K(13888K), 0.0010040 secs] [Times: user=0.01 sys=0.00, real=0.00 secs] 
86.862: Total time for which application threads were stopped: 0.0477230 seconds, Stopping threads took: 0.0466450 seconds
86.863: Application time: 0.0010500 seconds
86.930: [GC86.930: [DefNew: 4019K->4019K(4288K), 0.0000080 secs]86.930: [Tenured: 7203K->5347K(9600K), 0.0064610 secs] 11222K->5347K(13888K), [Perm : 5108K->5108K(21248K)], 0.0065110 secs] [Times: user=0.01 sys=0.00, real=0.01 secs] 
86.937: Total time for which application threads were stopped: 0.0742890 seconds, Stopping threads took: 0.0677010 seconds
86.938: Application time: 0.0009630 seconds
87.007: [GC87.007: [DefNew: 3825K->391K(4288K), 0.0010740 secs] 9173K->8864K(13888K), 0.0011060 secs] [Times: user=0.00 sys=0.00, real=0.00 secs] 
87.009: Total time for which application threads were stopped: 0.0707710 seconds, Stopping threads took: 0.0696110 seconds
87.009: Application time: 0.0007420 seconds
87.076: [GC87.076: [DefNew: 4197K->4197K(4288K), 0.0000070 secs]87.076: [Tenured: 8472K->4216K(9600K), 0.0056660 secs] 12670K->4216K(13888K), [Perm : 5108K->5108K(21248K)], 0.0057150 secs] [Times: user=0.01 sys=0.00, real=0.00 secs] 
87.081: Total time for which application threads were stopped: 0.0721130 seconds, Stopping threads took: 0.0663220 seconds
87.082: Application time: 0.0006170 seconds
87.116: [GC87.116: [DefNew: 3708K->420K(4288K), 0.0009080 secs] 7924K->7371K(13888K), 0.0009320 secs] [Times: user=0.00 sys=0.00, real=0.00 secs] 
87.116: Total time for which application threads were stopped: 0.0344310 seconds, Stopping threads took: 0.0334330 seconds
87.117: Application time: 0.0004910 seconds
87.186: [GC87.186: [DefNew: 4128K->4128K(4288K), 0.0000070 secs]87.186: [Tenured: 6951K->3980K(9600K), 0.0055940 secs] 11079K->3980K(13888K), [Perm : 5108K->5108K(21248K)], 0.0056400 secs] [Times: user=0.01 sys=0.01, real=0.00 secs] 
87.192: Total time for which application threads were stopped: 0.0745300 seconds, Stopping threads took: 0.0688270 seconds
87.192: Application time: 0.0007900 seconds
87.246: [GC87.246: [DefNew: 3806K->420K(4288K), 0.0008850 secs] 7786K->7135K(13888K), 0.0009110 secs] [Times: user=0.00 sys=0.00, real=0.00 secs] 
87.246: Total time for which application threads were stopped: 0.0541400 seconds, Stopping threads took: 0.0531590 seconds
87.247: Application time: 0.0003560 seconds
87.311: [GC87.311: [DefNew: 3952K->3952K(4288K), 0.0000070 secs]87.311: [Tenured: 6715K->3716K(9600K), 0.0056210 secs] 10667K->3716K(13888K), [Perm : 5108K->5108K(21248K)], 0.0056660 secs] [Times: user=0.01 sys=0.00, real=0.01 secs] 
87.316: Total time for which application threads were stopped: 0.0695720 seconds, Stopping threads took: 0.0638250 seconds
87.317: Application time: 0.0004840 seconds
87.350: [GC87.350: [DefNew: 3819K->391K(4288K), 0.0008800 secs] 7535K->7233K(13888K), 0.0009040 secs] [Times: user=0.01 sys=0.00, real=0.00 secs] 
87.351: Total time for which application threads were stopped: 0.0338500 seconds, Stopping threads took: 0.0328800 seconds
87.422: Application time: 0.0716330 seconds
87.424: [GC87.424: [DefNew: 4119K->4119K(4288K), 0.0000100 secs]87.424: [Tenured: 6841K->1763K(9600K), 0.0055510 secs] 10960K->1763K(13888K), [Perm : 5108K->5108K(21248K)], 0.0056090 secs] [Times: user=0.00 sys=0.00, real=0.01 secs] 
87.430: Total time for which application threads were stopped: 0.0071790 seconds, Stopping threads took: 0.0014930 seconds
87.430: Application time: 0.0006520 seconds
87.431: [GC87.431: [DefNew: 3727K->392K(4288K), 0.0008710 secs] 5491K->5476K(13888K), 0.0008930 secs] [Times: user=0.00 sys=0.00, real=0.00 secs] 
87.431: Total time for which application threads were stopped: 0.0012280 seconds, Stopping threads took: 0.0002700 seconds
87.432: Application time: 0.0006390 seconds
87.497: [GC87.497: [DefNew: 4217K->293K(4288K), 0.0008300 secs] 9301K->7918K(13888K), 0.0008550 secs] [Times: user=0.00 sys=0.00, real=0.00 secs] 
87.498: Total time for which application threads were stopped: 0.0661080 seconds, Stopping threads took: 0.0651850 seconds
87.499: Application time: 0.0004230 seconds
87.560: [GC87.560: [DefNew: 3923K->3923K(4288K), 0.0000080 secs]87.560: [Tenured: 7625K->4021K(9600K), 0.0061180 secs] 11548K->4021K(13888K), [Perm : 5108K->5108K(21248K)], 0.0061680 secs] [Times: user=0.01 sys=0.00, real=0.01 secs] 
87.567: Total time for which application threads were stopped: 0.0679730 seconds, Stopping threads took: 0.0617290 seconds
87.567: Application time: 0.0004810 seconds
87.568: [GC87.568: [DefNew: 3819K->391K(4288K), 0.0008850 secs] 7840K->7831K(13888K), 0.0009040 secs] [Times: user=0.00 sys=0.00, real=0.00 secs] 
87.568: Total time for which application threads were stopped: 0.0013820 seconds, Stopping threads took: 0.0004270 seconds
87.641: Application time: 0.0722130 seconds
87.643: [GC87.643: [DefNew: 4216K->4216K(4288K), 0.0000090 secs]87.643: [Tenured: 7439K->3045K(9600K), 0.0053540 secs] 11656K->3045K(13888K), [Perm : 5108K->5108K(21248K)], 0.0054070 secs] [Times: user=0.00 sys=0.00, real=0.01 secs] 
87.648: Total time for which application threads were stopped: 0.0077960 seconds, Stopping threads took: 0.0023100 seconds
87.649: Application time: 0.0005930 seconds
87.682: [GC87.682: [DefNew: 3704K->420K(4288K), 0.0008210 secs] 6749K->6395K(13888K), 0.0008390 secs] [Times: user=0.00 sys=0.00, real=0.00 secs] 
87.683: Total time for which application threads were stopped: 0.0341950 seconds, Stopping threads took: 0.0332950 seconds
87.684: Application time: 0.0010980 seconds
87.754: [GC87.754: [DefNew: 4050K->4050K(4288K), 0.0000080 secs]87.754: [Tenured: 5975K->2782K(9600K), 0.0055030 secs] 10025K->2782K(13888K), [Perm : 5108K->5108K(21248K)], 0.0055520 secs] [Times: user=0.00 sys=0.00, real=0.00 secs] 
87.760: Total time for which application threads were stopped: 0.0754050 seconds, Stopping threads took: 0.0697780 seconds
87.760: Application time: 0.0006270 seconds
87.794: [GC87.794: [DefNew: 3725K->392K(4288K), 0.0008830 secs] 6507K->6494K(13888K), 0.0009080 secs] [Times: user=0.00 sys=0.00, real=0.00 secs] 
87.795: Total time for which application threads were stopped: 0.0347960 seconds, Stopping threads took: 0.0338440 seconds
87.796: Application time: 0.0004670 seconds
87.863: [GC87.863: [DefNew: 4215K->4215K(4288K), 0.0000110 secs]87.863: [Tenured: 6102K->4928K(9600K), 0.0057270 secs] 10317K->4928K(13888K), [Perm : 5108K->5108K(21248K)], 0.0057830 secs] [Times: user=0.00 sys=0.00, real=0.01 secs] 
87.869: Total time for which application threads were stopped: 0.0732780 seconds, Stopping threads took: 0.0674190 seconds
87.870: Application time: 0.0009260 seconds
87.934: [GC87.934: [DefNew: 3825K->391K(4288K), 0.0009440 secs] 8754K->8055K(13888K), 0.0009730 secs] [Times: user=0.00 sys=0.00, real=0.00 secs] 
87.935: Total time for which application threads were stopped: 0.0651590 seconds, Stopping threads took: 0.0641110 seconds
87.935: Application time: 0.0004370 seconds
87.993: [GC87.993: [DefNew: 3924K->3924K(4288K), 0.0000060 secs]87.993: [Tenured: 7663K->3630K(9600K), 0.0055560 secs] 11587K->3630K(13888K), [Perm : 5108K->5108K(21248K)], 0.0056040 secs] [Times: user=0.00 sys=0.00, real=0.00 secs] 
87.998: Total time for which application threads were stopped: 0.0629280 seconds, Stopping threads took: 0.0572400 seconds
87.999: Application time: 0.0004790 seconds
88.048: [GC88.048: [DefNew: 3723K->391K(4288K), 0.0008350 secs] 7354K->7050K(13888K), 0.0008540 secs] [Times: user=0.00 sys=0.00, real=0.00 secs] 
88.049: Total time for which application threads were stopped: 0.0498380 seconds, Stopping threads took: 0.0489220 seconds
88.122: Application time: 0.0729130 seconds
88.123: [GC88.123: [DefNew: 4216K->4216K(4288K), 0.0000090 secs]88.123: [Tenured: 6658K->1482K(9600K), 0.0057220 secs] 10875K->1482K(13888K), [Perm : 5108K->5108K(21248K)], 0.0057700 secs] [Times: user=0.01 sys=0.00, real=0.01 secs] 
88.129: Total time for which application threads were stopped: 0.0069910 seconds, Stopping threads took: 0.0011440 seconds
88.129: Application time: 0.0005740 seconds
88.129: [GC88.129: [DefNew: 3727K->392K(4288K), 0.0008760 secs] 5210K->5195K(13888K), 0.0008970 secs] [Times: user=0.00 sys=0.00, real=0.00 secs] 
88.130: Total time for which application threads were stopped: 0.0011990 seconds, Stopping threads took: 0.0002360 seconds
88.132: Application time: 0.0011250 seconds
88.165: [GC88.165: [DefNew: 4215K->391K(4288K), 0.0007040 secs] 9018K->7344K(13888K), 0.0007280 secs] [Times: user=0.00 sys=0.00, real=0.00 secs] 
88.166: Total time for which application threads were stopped: 0.0343840 seconds, Stopping threads took: 0.0335910 seconds
88.167: Application time: 0.0007870 seconds
88.237: [GC88.237: [DefNew: 4216K->4216K(4288K), 0.0000090 secs]88.237: [Tenured: 6953K->4216K(9600K), 0.0063350 secs] 11170K->4216K(13888K), [Perm : 5108K->5108K(21248K)], 0.0063900 secs] [Times: user=0.00 sys=0.00, real=0.00 secs] 
88.243: Total time for which application threads were stopped: 0.0764750 seconds, Stopping threads took: 0.0700050 seconds
88.244: Application time: 0.0009690 seconds
88.301: [GC88.301: [DefNew: 3708K->420K(4288K), 0.0009550 secs] 7925K->7567K(13888K), 0.0009810 secs] [Times: user=0.00 sys=0.00, real=0.00 secs] 
88.302: Total time for which application threads were stopped: 0.0579590 seconds, Stopping threads took: 0.0569090 seconds
88.303: Application time: 0.0004290 seconds
88.367: [GC88.367: [DefNew: 4148K->4148K(4288K), 0.0000080 secs]88.367: [Tenured: 7146K->4049K(9600K), 0.0056600 secs] 11294K->4049K(13888K), [Perm : 5108K->5108K(21248K)], 0.0057100 secs] [Times: user=0.00 sys=0.00, real=0.00 secs] 
88.372: Total time for which application threads were stopped: 0.0697500 seconds, Stopping threads took: 0.0639770 seconds
88.373: Application time: 0.0005330 seconds
88.407: [GC88.407: [DefNew: 3825K->391K(4288K), 0.0008490 secs] 7875K->7274K(13888K), 0.0008700 secs] [Times: user=0.00 sys=0.00, real=0.00 secs] 
88.408: Total time for which application threads were stopped: 0.0350390 seconds, Stopping threads took: 0.0341070 seconds
88.409: Application time: 0.0007050 seconds
88.442: [GC88.442: [DefNew: 4215K->4215K(4288K), 0.0000070 secs]88.442: [Tenured: 6882K->7342K(9600K), 0.0060620 secs] 11097K->7342K(13888K), [Perm : 5108K->5108K(21248K)], 0.0061090 secs] [Times: user=0.01 sys=0.00, real=0.01 secs] 
88.448: Total time for which application threads were stopped: 0.0395440 seconds, Stopping threads took: 0.0333700 seconds
88.520: Application time: 0.0714230 seconds
88.522: [GC88.522: [DefNew: 3727K->3727K(4288K), 0.0000100 secs]88.522: [Tenured: 7342K->2459K(9600K), 0.0058660 secs] 11069K->2459K(13888K), [Perm : 5108K->5108K(21248K)], 0.0059200 secs] [Times: user=0.00 sys=0.00, real=0.01 secs] 
88.528: Total time for which application threads were stopped: 0.0083280 seconds, Stopping threads took: 0.0023290 seconds
88.528: Application time: 0.0005010 seconds
88.561: [GC88.561: [DefNew: 3823K->392K(4288K), 0.0008220 secs] 6282K->5976K(13888K), 0.0008430 secs] [Times: user=0.00 sys=0.00, real=0.00 secs] 
88.562: Total time for which application threads were stopped: 0.0337520 seconds, Stopping threads took: 0.0328470 seconds
88.563: Application time: 0.0006460 seconds
88.596: [GC88.596: [DefNew: 4213K->4213K(4288K), 0.0000060 secs]88.596: [Tenured: 5584K->5781K(9600K), 0.0059150 secs] 9797K->5781K(13888K), [Perm : 5108K->5108K(21248K)], 0.0059720 secs] [Times: user=0.01 sys=0.00, real=0.00 secs] 
88.602: Total time for which application threads were stopped: 0.0391100 seconds, Stopping threads took: 0.0330620 seconds
88.603: Application time: 0.0009450 seconds
88.672: [GC88.672: [DefNew: 3825K->3825K(4288K), 0.0000080 secs]88.672: [Tenured: 5781K->4217K(9600K), 0.0056740 secs] 9606K->4217K(13888K), [Perm : 5108K->5108K(21248K)], 0.0057260 secs] [Times: user=0.01 sys=0.00, real=0.00 secs] 
88.678: Total time for which application threads were stopped: 0.0753400 seconds, Stopping threads took: 0.0695340 seconds
88.679: Application time: 0.0006860 seconds
88.726: [GC88.726: [DefNew: 3708K->420K(4288K), 0.0009610 secs] 7925K->7567K(13888K), 0.0009880 secs] [Times: user=0.00 sys=0.00, real=0.00 secs] 
88.727: Total time for which application threads were stopped: 0.0482760 seconds, Stopping threads took: 0.0472380 seconds
88.728: Application time: 0.0004900 seconds
88.791: [GC88.791: [DefNew: 4129K->4129K(4288K), 0.0000080 secs]88.791: [Tenured: 7147K->3924K(9600K), 0.0062900 secs] 11276K->3924K(13888K), [Perm : 5108K->5108K(21248K)], 0.0063360 secs] [Times: user=0.01 sys=0.00, real=0.01 secs] 
88.797: Total time for which application threads were stopped: 0.0694430 seconds, Stopping threads took: 0.0630330 seconds
88.798: Application time: 0.0005550 seconds
88.838: [GC88.838: [DefNew: 3727K->391K(4288K), 0.0008750 secs] 7651K->7050K(13888K), 0.0009010 secs] [Times: user=0.00 sys=0.00, real=0.00 secs] 
88.839: Total time for which application threads were stopped: 0.0414140 seconds, Stopping threads took: 0.0404430 seconds
88.840: Application time: 0.0005940 seconds
88.872: [GC88.872: [DefNew: 4113K->4113K(4288K), 0.0000080 secs]88.872: [Tenured: 6658K->7049K(9600K), 0.0061040 secs] 10772K->7049K(13888K), [Perm : 5108K->5108K(21248K)], 0.0061560 secs] [Times: user=0.01 sys=0.00, real=0.00 secs] 
88.879: Total time for which application threads were stopped: 0.0389470 seconds, Stopping threads took: 0.0327010 seconds
88.950: Application time: 0.0715340 seconds
88.953: [GC88.953: [DefNew: 3825K->3825K(4288K), 0.0000100 secs]88.953: [Tenured: 7049K->2264K(9600K), 0.0052710 secs] 10874K->2264K(13888K), [Perm : 5108K->5108K(21248K)], 0.0053310 secs] [Times: user=0.00 sys=0.00, real=0.00 secs] 
88.958: Total time for which application threads were stopped: 0.0082190 seconds, Stopping threads took: 0.0028090 seconds
88.959: Application time: 0.0005700 seconds
88.992: [GC88.992: [DefNew: 3825K->392K(4288K), 0.0008730 secs] 6089K->5976K(13888K), 0.0008940 secs] [Times: user=0.00 sys=0.00, real=0.01 secs] 
88.993: Total time for which application threads were stopped: 0.0339270 seconds, Stopping threads took: 0.0329830 seconds
88.994: Application time: 0.0009630 seconds
89.058: [GC89.058: [DefNew: 4113K->4113K(4288K), 0.0000070 secs]89.058: [Tenured: 5584K->4413K(9600K), 0.0059640 secs] 9698K->4413K(13888K), [Perm : 5108K->5108K(21248K)], 0.0060120 secs] [Times: user=0.01 sys=0.00, real=0.00 secs] 
89.064: Total time for which application threads were stopped: 0.0703550 seconds, Stopping threads took: 0.0642690 seconds
89.065: Application time: 0.0008490 seconds
89.135: [GC89.135: [DefNew: 3806K->420K(4288K), 0.0007920 secs] 8219K->6982K(13888K), 0.0008200 secs] [Times: user=0.00 sys=0.00, real=0.00 secs] 
89.136: Total time for which application threads were stopped: 0.0706790 seconds, Stopping threads took: 0.0697890 seconds
89.136: Application time: 0.0005170 seconds
89.203: [GC89.203: [DefNew: 4109K->4109K(4288K), 0.0000060 secs]89.203: [Tenured: 6562K->4119K(9600K), 0.0051280 secs] 10671K->4119K(13888K), [Perm : 5108K->5108K(21248K)], 0.0051730 secs] [Times: user=0.01 sys=0.00, real=0.01 secs] 
89.209: Total time for which application threads were stopped: 0.0723790 seconds, Stopping threads took: 0.0671430 seconds
89.209: Application time: 0.0004910 seconds
89.242: [GC89.243: [DefNew: 3727K->391K(4288K), 0.0008700 secs] 7847K->7245K(13888K), 0.0009050 secs] [Times: user=0.00 sys=0.00, real=0.00 secs] 
89.243: Total time for which application threads were stopped: 0.0343460 seconds, Stopping threads took: 0.0333720 seconds
89.244: Application time: 0.0004900 seconds
89.307: [GC89.307: [DefNew: 4099K->4099K(4288K), 0.0000070 secs]89.307: [Tenured: 6854K->5027K(9600K), 0.0061920 secs] 10953K->5027K(13888K), [Perm : 5108K->5108K(21248K)], 0.0062390 secs] [Times: user=0.01 sys=0.00, real=0.01 secs] 
89.313: Total time for which application threads were stopped: 0.0691370 seconds, Stopping threads took: 0.0628220 seconds
89.314: Application time: 0.0007760 seconds
89.386: [GC89.386: [DefNew: 3727K->391K(4288K), 0.0009360 secs] 8754K->8153K(13888K), 0.0009640 secs] [Times: user=0.00 sys=0.00, real=0.00 secs] 
89.387: Total time for which application threads were stopped: 0.0729070 seconds, Stopping threads took: 0.0718630 seconds
89.387: Application time: 0.0003920 seconds
89.437: [GC89.437: [DefNew: 3923K->3923K(4288K), 0.0000070 secs]89.437: [Tenured: 7761K->3660K(9600K), 0.0055310 secs] 11685K->3660K(13888K), [Perm : 5108K->5108K(21248K)], 0.0055800 secs] [Times: user=0.00 sys=0.00, real=0.00 secs] 
89.443: Total time for which application threads were stopped: 0.0554510 seconds, Stopping threads took: 0.0497960 seconds
89.443: Application time: 0.0004470 seconds
89.444: [GC89.444: [DefNew: 3819K->294K(4288K), 0.0008860 secs] 7479K->7469K(13888K), 0.0009050 secs] [Times: user=0.00 sys=0.00, real=0.01 secs] 
89.444: Total time for which application threads were stopped: 0.0014570 seconds, Stopping threads took: 0.0004920 seconds
89.517: Application time: 0.0726160 seconds
89.550: [GC89.550: [DefNew: 4021K->4021K(4288K), 0.0000100 secs]89.550: [Tenured: 7175K->1512K(9600K), 0.0057310 secs] 11197K->1512K(13888K), [Perm : 5108K->5108K(21248K)], 0.0057820 secs] [Times: user=0.01 sys=0.00, real=0.01 secs] 
89.556: Total time for which application threads were stopped: 0.0391160 seconds, Stopping threads took: 0.0332570 seconds
89.557: Application time: 0.0005890 seconds
89.557: [GC89.557: [DefNew: 3725K->392K(4288K), 0.0008740 secs] 5238K->5225K(13888K), 0.0008960 secs] [Times: user=0.00 sys=0.00, real=0.00 secs] 
89.558: Total time for which application threads were stopped: 0.0012520 seconds, Stopping threads took: 0.0002910 seconds
89.559: Application time: 0.0011390 seconds
89.606: [GC89.606: [DefNew: 4211K->391K(4288K), 0.0005580 secs] 9044K->6788K(13888K), 0.0005810 secs] [Times: user=0.00 sys=0.00, real=0.00 secs] 
89.606: Total time for which application threads were stopped: 0.0472580 seconds, Stopping threads took: 0.0466140 seconds
89.607: Application time: 0.0007260 seconds
89.677: [GC89.677: [DefNew: 4216K->4216K(4288K), 0.0000080 secs]89.677: [Tenured: 6397K->4217K(9600K), 0.0063070 secs] 10613K->4217K(13888K), [Perm : 5108K->5108K(21248K)], 0.0063600 secs] [Times: user=0.00 sys=0.00, real=0.00 secs] 
89.684: Total time for which application threads were stopped: 0.0763130 seconds, Stopping threads took: 0.0698750 seconds
89.685: Application time: 0.0010720 seconds
89.754: [GC89.755: [DefNew: 3708K->420K(4288K), 0.0004670 secs] 7925K->5419K(13888K), 0.0004900 secs] [Times: user=0.00 sys=0.00, real=0.00 secs] 
89.755: Total time for which application threads were stopped: 0.0704100 seconds, Stopping threads took: 0.0698530 seconds
89.755: Application time: 0.0003020 seconds
89.788: [GC89.788: [DefNew: 4244K->391K(4288K), 0.0008570 secs] 9243K->8544K(13888K), 0.0008770 secs] [Times: user=0.00 sys=0.00, real=0.00 secs] 
89.789: Total time for which application threads were stopped: 0.0337120 seconds, Stopping threads took: 0.0327710 seconds
89.790: Application time: 0.0008160 seconds
89.854: [GC89.854: [DefNew: 4212K->4212K(4288K), 0.0000090 secs]89.854: [Tenured: 8153K->4734K(9600K), 0.0063620 secs] 12365K->4734K(13888K), [Perm : 5108K->5108K(21248K)], 0.0064280 secs] [Times: user=0.01 sys=0.00, real=0.00 secs] 
89.860: Total time for which application threads were stopped: 0.0704940 seconds, Stopping threads took: 0.0639810 seconds
89.861: Application time: 0.0006380 seconds
89.916: [GC89.916: [DefNew: 3630K->391K(4288K), 0.0008410 secs] 8364K->7470K(13888K), 0.0008770 secs] [Times: user=0.00 sys=0.00, real=0.00 secs] 
89.916: Total time for which application threads were stopped: 0.0554820 seconds, Stopping threads took: 0.0545480 seconds
89.917: Application time: 0.0004020 seconds
89.950: [GC89.950: [DefNew: 4115K->4115K(4288K), 0.0000070 secs]89.950: [Tenured: 7078K->6687K(9600K), 0.0067060 secs] 11193K->6687K(13888K), [Perm : 5108K->5108K(21248K)], 0.0067490 secs] [Times: user=0.01 sys=0.00, real=0.01 secs] 
89.957: Total time for which application threads were stopped: 0.0401800 seconds, Stopping threads took: 0.0333560 seconds
90.030: Application time: 0.0725190 seconds
90.031: [GC90.031: [DefNew: 3825K->3825K(4288K), 0.0000090 secs]90.031: [Tenured: 6687K->1902K(9600K), 0.0057660 secs] 10512K->1902K(13888K), [Perm : 5108K->5108K(21248K)], 0.0058150 secs] [Times: user=0.01 sys=0.00, real=0.01 secs] 
90.037: Total time for which application threads were stopped: 0.0072270 seconds, Stopping threads took: 0.0013340 seconds
90.037: Application time: 0.0006240 seconds
90.038: [GC90.038: [DefNew: 3725K->392K(4288K), 0.0008650 secs] 5627K->5614K(13888K), 0.0008870 secs] [Times: user=0.00 sys=0.00, real=0.00 secs] 
90.039: Total time for which application threads were stopped: 0.0012710 seconds, Stopping threads took: 0.0003170 seconds
90.040: Application time: 0.0008100 seconds
90.110: [GC90.110: [DefNew: 4117K->195K(4288K), 0.0005260 secs] 9340K->6591K(13888K), 0.0005540 secs] [Times: user=0.00 sys=0.00, real=0.00 secs] 
90.110: Total time for which application threads were stopped: 0.0708890 seconds, Stopping threads took: 0.0702650 seconds
90.111: Application time: 0.0003510 seconds
90.144: [GC90.144: [DefNew: 3923K->3923K(4288K), 0.0000070 secs]90.144: [Tenured: 6396K->4412K(9600K), 0.0061730 secs] 10319K->4412K(13888K), [Perm : 5108K->5108K(21248K)], 0.0062190 secs] [Times: user=0.00 sys=0.00, real=0.01 secs] 
90.150: Total time for which application threads were stopped: 0.0396290 seconds, Stopping threads took: 0.0333350 seconds
90.151: Application time: 0.0005450 seconds
90.197: [GC90.197: [DefNew: 3805K->419K(4288K), 0.0008470 secs] 8218K->7567K(13888K), 0.0008680 secs] [Times: user=0.00 sys=0.00, real=0.00 secs] 
90.198: Total time for which application threads were stopped: 0.0471410 seconds, Stopping threads took: 0.0462090 seconds
90.199: Application time: 0.0010130 seconds
90.269: [GC90.269: [DefNew: 4245K->4245K(4288K), 0.0000090 secs]90.269: [Tenured: 7147K->3367K(9600K), 0.0053770 secs] 11392K->3367K(13888K), [Perm : 5108K->5108K(21248K)], 0.0054260 secs] [Times: user=0.00 sys=0.00, real=0.01 secs] 
90.275: Total time for which application threads were stopped: 0.0756940 seconds, Stopping threads took: 0.0702030 seconds
90.275: Application time: 0.0006490 seconds
90.309: [GC90.309: [DefNew: 3630K->392K(4288K), 0.0009400 secs] 6997K->6885K(13888K), 0.0009630 secs] [Times: user=0.00 sys=0.00, real=0.00 secs] 
90.310: Total time for which application threads were stopped: 0.0344690 seconds, Stopping threads took: 0.0334360 seconds
90.311: Application time: 0.0006410 seconds
90.311: [GC90.311: [DefNew: 4209K->4209K(4288K), 0.0000050 secs]90.311: [Tenured: 6492K->8640K(9600K), 0.0066800 secs] 10702K->8640K(13888K), [Perm : 5108K->5108K(21248K)], 0.0067240 secs] [Times: user=0.00 sys=0.00, real=0.01 secs] 
90.318: Total time for which application threads were stopped: 0.0071380 seconds, Stopping threads took: 0.0003410 seconds
90.389: Application time: 0.0716880 seconds
90.391: [GC90.391: [DefNew: 3727K->3727K(4288K), 0.0000100 secs]90.391: [Tenured: 8640K->3757K(9600K), 0.0054380 secs] 12367K->3757K(13888K), [Perm : 5108K->5108K(21248K)], 0.0054940 secs] [Times: user=0.01 sys=0.00, real=0.01 secs] 
90.397: Total time for which application threads were stopped: 0.0072840 seconds, Stopping threads took: 0.0017100 seconds
90.397: Application time: 0.0005390 seconds
90.430: [GC90.430: [DefNew: 3823K->391K(4288K), 0.0009060 secs] 7580K->7274K(13888K), 0.0009350 secs] [Times: user=0.00 sys=0.00, real=0.00 secs] 
90.431: Total time for which application threads were stopped: 0.0341520 seconds, Stopping threads took: 0.0331470 seconds
90.432: Application time: 0.0006670 seconds
90.502: [GC90.502: [DefNew: 4216K->4216K(4288K), 0.0000060 secs]90.502: [Tenured: 6882K->5975K(9600K), 0.0059110 secs] 11099K->5975K(13888K), [Perm : 5108K->5108K(21248K)], 0.0059600 secs] [Times: user=0.01 sys=0.00, real=0.01 secs] 
90.508: Total time for which application threads were stopped: 0.0759060 seconds, Stopping threads took: 0.0698700 seconds
90.509: Application time: 0.0010610 seconds
90.574: [GC90.574: [DefNew: 3825K->3825K(4288K), 0.0000090 secs]90.574: [Tenured: 5975K->4412K(9600K), 0.0055450 secs] 9800K->4412K(13888K), [Perm : 5108K->5108K(21248K)], 0.0055970 secs] [Times: user=0.01 sys=0.00, real=0.00 secs] 
90.579: Total time for which application threads were stopped: 0.0704890 seconds, Stopping threads took: 0.0648140 seconds
90.580: Application time: 0.0006740 seconds
90.614: [GC90.614: [DefNew: 3630K->392K(4288K), 0.0009580 secs] 8043K->7930K(13888K), 0.0009860 secs] [Times: user=0.00 sys=0.00, real=0.00 secs] 
90.615: Total time for which application threads were stopped: 0.0346030 seconds, Stopping threads took: 0.0335460 seconds
90.615: Application time: 0.0004110 seconds
90.680: [GC90.680: [DefNew: 4119K->4119K(4288K), 0.0000080 secs]90.680: [Tenured: 7538K->4217K(9600K), 0.0056730 secs] 11657K->4217K(13888K), [Perm : 5108K->5108K(21248K)], 0.0057250 secs] [Times: user=0.01 sys=0.00, real=0.01 secs] 
90.686: Total time for which application threads were stopped: 0.0708580 seconds, Stopping threads took: 0.0650500 seconds
90.687: Application time: 0.0006430 seconds
90.719: [GC90.719: [DefNew: 3689K->440K(4288K), 0.0008970 secs] 7906K->7693K(13888K), 0.0009200 secs] [Times: user=0.00 sys=0.00, real=0.00 secs] 
90.720: Total time for which application threads were stopped: 0.0336740 seconds, Stopping threads took: 0.0326980 seconds
90.793: Application time: 0.0728470 seconds
90.794: [GC90.794: [DefNew: 4266K->4266K(4288K), 0.0000090 secs]90.794: [Tenured: 7253K->1930K(9600K), 0.0058270 secs] 11519K->1930K(13888K), [Perm : 5108K->5108K(21248K)], 0.0058780 secs] [Times: user=0.00 sys=0.00, real=0.00 secs] 
90.800: Total time for which application threads were stopped: 0.0064620 seconds, Stopping threads took: 0.0005080 seconds
90.800: Application time: 0.0005260 seconds
90.801: [GC90.801: [DefNew: 3725K->391K(4288K), 0.0008540 secs] 5656K->5642K(13888K), 0.0008760 secs] [Times: user=0.00 sys=0.00, real=0.00 secs] 
90.801: Total time for which application threads were stopped: 0.0012510 seconds, Stopping threads took: 0.0003090 seconds
90.802: Application time: 0.0010360 seconds
90.872: [GC90.872: [DefNew: 4119K->293K(4288K), 0.0007980 secs] 9370K->7498K(13888K), 0.0008300 secs] [Times: user=0.01 sys=0.00, real=0.01 secs] 
90.873: Total time for which application threads were stopped: 0.0705750 seconds, Stopping threads took: 0.0696680 seconds
90.874: Application time: 0.0005700 seconds
90.907: [GC90.907: [DefNew: 4021K->4021K(4288K), 0.0000080 secs]90.907: [Tenured: 7205K->4412K(9600K), 0.0063180 secs] 11226K->4412K(13888K), [Perm : 5108K->5108K(21248K)], 0.0063660 secs] [Times: user=0.01 sys=0.00, real=0.01 secs] 
90.914: Total time for which application threads were stopped: 0.0399130 seconds, Stopping threads took: 0.0334700 seconds
90.914: Application time: 0.0004790 seconds
90.960: [GC90.960: [DefNew: 3625K->391K(4288K), 0.0007600 secs] 8038K->7148K(13888K), 0.0007820 secs] [Times: user=0.01 sys=0.00, real=0.00 secs] 
90.961: Total time for which application threads were stopped: 0.0469530 seconds, Stopping threads took: 0.0461000 seconds
90.961: Application time: 0.0004810 seconds
90.995: [GC90.995: [DefNew: 4214K->4214K(4288K), 0.0000070 secs]90.995: [Tenured: 6756K->6855K(9600K), 0.0066300 secs] 10971K->6855K(13888K), [Perm : 5108K->5108K(21248K)], 0.0066740 secs] [Times: user=0.00 sys=0.00, real=0.00 secs] 
91.002: Total time for which application threads were stopped: 0.0404070 seconds, Stopping threads took: 0.0336490 seconds
91.074: Application time: 0.0718120 seconds
91.077: [GC91.077: [DefNew: 3825K->3825K(4288K), 0.0000090 secs]91.077: [Tenured: 6855K->1678K(9600K), 0.0051210 secs] 10680K->1678K(13888K), [Perm : 5108K->5108K(21248K)], 0.0051750 secs] [Times: user=0.01 sys=0.00, real=0.00 secs] 
91.082: Total time for which application threads were stopped: 0.0087460 seconds, Stopping threads took: 0.0034920 seconds
91.083: Application time: 0.0006070 seconds
91.083: [GC91.083: [DefNew: 3836K->400K(4288K), 0.0008520 secs] 5514K->5399K(13888K), 0.0008720 secs] [Times: user=0.01 sys=0.00, real=0.01 secs] 
91.084: Total time for which application threads were stopped: 0.0012870 seconds, Stopping threads took: 0.0003530 seconds
91.085: Application time: 0.0004150 seconds
91.150: [GC91.150: [DefNew: 4176K->439K(4288K), 0.0007920 secs] 9175K->7597K(13888K), 0.0008170 secs] [Times: user=0.00 sys=0.00, real=0.00 secs] 
91.151: Total time for which application threads were stopped: 0.0659640 seconds, Stopping threads took: 0.0650810 seconds
91.151: Application time: 0.0007340 seconds
91.215: [GC91.215: [DefNew: 4245K->4245K(4288K), 0.0000080 secs]91.215: [Tenured: 7157K->4302K(9600K), 0.0059980 secs] 11403K->4302K(13888K), [Perm : 5108K->5108K(21248K)], 0.0060490 secs] [Times: user=0.00 sys=0.00, real=0.00 secs] 
91.221: Total time for which application threads were stopped: 0.0693660 seconds, Stopping threads took: 0.0632410 seconds
91.221: Application time: 0.0005860 seconds
91.284: [GC91.284: [DefNew: 3708K->420K(4288K), 0.0008920 secs] 8011K->7457K(13888K), 0.0009150 secs] [Times: user=0.00 sys=0.00, real=0.01 secs] 
91.285: Total time for which application threads were stopped: 0.0632760 seconds, Stopping threads took: 0.0622930 seconds
91.285: Application time: 0.0003990 seconds
91.342: [GC91.342: [DefNew: 4148K->4148K(4288K), 0.0000070 secs]91.342: [Tenured: 7037K->4022K(9600K), 0.0055740 secs] 11185K->4022K(13888K), [Perm : 5108K->5108K(21248K)], 0.0056240 secs] [Times: user=0.00 sys=0.00, real=0.01 secs] 
91.347: Total time for which application threads were stopped: 0.0621400 seconds, Stopping threads took: 0.0564400 seconds
91.348: Application time: 0.0004540 seconds
91.381: [GC91.381: [DefNew: 3723K->294K(4288K), 0.0008300 secs] 7746K->7441K(13888K), 0.0008510 secs] [Times: user=0.00 sys=0.00, real=0.00 secs] 
91.382: Total time for which application threads were stopped: 0.0343310 seconds, Stopping threads took: 0.0334300 seconds
91.454: Application time: 0.0724660 seconds
91.455: [GC91.455: [DefNew: 4119K->4119K(4288K), 0.0000090 secs]91.455: [Tenured: 7147K->1874K(9600K), 0.0051770 secs] 11267K->1874K(13888K), [Perm : 5108K->5108K(21248K)], 0.0052270 secs] [Times: user=0.01 sys=0.00, real=0.00 secs] 
91.461: Total time for which application threads were stopped: 0.0060870 seconds, Stopping threads took: 0.0007850 seconds
91.461: Application time: 0.0006170 seconds
91.462: [GC91.462: [DefNew: 3775K->391K(4288K), 0.0008670 secs] 5650K->5586K(13888K), 0.0008880 secs] [Times: user=0.00 sys=0.00, real=0.00 secs] 
91.462: Total time for which application threads were stopped: 0.0012820 seconds, Stopping threads took: 0.0003240 seconds
91.464: Application time: 0.0016930 seconds
91.534: [GC91.534: [DefNew: 4143K->419K(4288K), 0.0003760 secs] 9338K->6006K(13888K), 0.0004020 secs] [Times: user=0.00 sys=0.00, real=0.00 secs] 
91.534: Total time for which application threads were stopped: 0.0701070 seconds, Stopping threads took: 0.0696360 seconds
91.535: Application time: 0.0003440 seconds
91.568: [GC91.568: [DefNew: 4147K->4147K(4288K), 0.0000060 secs]91.568: [Tenured: 5586K->5516K(9600K), 0.0064630 secs] 9734K->5516K(13888K), [Perm : 5108K->5108K(21248K)], 0.0065080 secs] [Times: user=0.01 sys=0.00, real=0.01 secs] 
91.574: Total time for which application threads were stopped: 0.0398670 seconds, Stopping threads took: 0.0332840 seconds
91.575: Application time: 0.0007710 seconds
91.645: [GC91.645: [DefNew: 3825K->293K(4288K), 0.0006990 secs] 9341K->7567K(13888K), 0.0007340 secs] [Times: user=0.00 sys=0.00, real=0.00 secs] 
91.646: Total time for which application threads were stopped: 0.0707780 seconds, Stopping threads took: 0.0699770 seconds
91.646: Application time: 0.0004230 seconds
91.696: [GC91.696: [DefNew: 4021K->4021K(4288K), 0.0000070 secs]91.696: [Tenured: 7273K->4441K(9600K), 0.0063280 secs] 11295K->4441K(13888K), [Perm : 5108K->5108K(21248K)], 0.0063700 secs] [Times: user=0.01 sys=0.00, real=0.00 secs] 
91.703: Total time for which application threads were stopped: 0.0561360 seconds, Stopping threads took: 0.0497140 seconds
91.703: Application time: 0.0005160 seconds
91.737: [GC91.737: [DefNew: 3625K->391K(4288K), 0.0008060 secs] 8067K->7763K(13888K), 0.0008290 secs] [Times: user=0.00 sys=0.00, real=0.00 secs] 
91.738: Total time for which application threads were stopped: 0.0345280 seconds, Stopping threads took: 0.0336440 seconds
91.810: Application time: 0.0719550 seconds
91.811: [GC91.811: [DefNew: 4119K->4119K(4288K), 0.0000100 secs]91.811: [Tenured: 7371K->2069K(9600K), 0.0058670 secs] 11490K->2069K(13888K), [Perm : 5108K->5108K(21248K)], 0.0059200 secs] [Times: user=0.00 sys=0.00, real=0.01 secs] 
91.817: Total time for which application threads were stopped: 0.0075240 seconds, Stopping threads took: 0.0015260 seconds
91.818: Application time: 0.0005860 seconds
91.818: [GC91.818: [DefNew: 3723K->392K(4288K), 0.0008430 secs] 5793K->5782K(13888K), 0.0008610 secs] [Times: user=0.00 sys=0.00, real=0.00 secs] 
91.819: Total time for which application threads were stopped: 0.0013670 seconds, Stopping threads took: 0.0004660 seconds
91.820: Application time: 0.0010940 seconds
91.890: [GC91.890: [DefNew: 4217K->4217K(4288K), 0.0000100 secs]91.890: [Tenured: 5390K->3145K(9600K), 0.0060440 secs] 9607K->3145K(13888K), [Perm : 5108K->5108K(21248K)], 0.0060990 secs] [Times: user=0.01 sys=0.00, real=0.01 secs] 
91.896: Total time for which application threads were stopped: 0.0759560 seconds, Stopping threads took: 0.0697750 seconds
91.897: Application time: 0.0006620 seconds
91.944: [GC91.944: [DefNew: 3825K->392K(4288K), 0.0009270 secs] 6970K->6662K(13888K), 0.0009520 secs] [Times: user=0.00 sys=0.00, real=0.01 secs] 
91.945: Total time for which application threads were stopped: 0.0482670 seconds, Stopping threads took: 0.0472480 seconds
91.946: Application time: 0.0006360 seconds
91.993: [GC91.993: [DefNew: 4211K->4211K(4288K), 0.0000070 secs]91.993: [Tenured: 6270K->7538K(9600K), 0.0066820 secs] 10481K->7538K(13888K), [Perm : 5108K->5108K(21248K)], 0.0067320 secs] [Times: user=0.00 sys=0.00, real=0.00 secs] 
91.999: Total time for which application threads were stopped: 0.0537410 seconds, Stopping threads took: 0.0469230 seconds
92.071: Application time: 0.0715630 seconds
92.074: [GC92.074: [DefNew: 3610K->3610K(4288K), 0.0000100 secs]92.074: [Tenured: 7538K->2488K(9600K), 0.0051610 secs] 11148K->2488K(13888K), [Perm : 5108K->5108K(21248K)], 0.0052160 secs] [Times: user=0.00 sys=0.00, real=0.00 secs] 
92.079: Total time for which application threads were stopped: 0.0082860 seconds, Stopping threads took: 0.0029900 seconds
92.080: Application time: 0.0005420 seconds
92.113: [GC92.113: [DefNew: 3823K->392K(4288K), 0.0008390 secs] 6312K->6006K(13888K), 0.0008580 secs] [Times: user=0.00 sys=0.00, real=0.00 secs] 
92.114: Total time for which application threads were stopped: 0.0338920 seconds, Stopping threads took: 0.0329720 seconds
92.114: Application time: 0.0007290 seconds
92.184: [GC92.184: [DefNew: 4215K->4215K(4288K), 0.0000070 secs]92.184: [Tenured: 5613K->5780K(9600K), 0.0063630 secs] 9829K->5780K(13888K), [Perm : 5108K->5108K(21248K)], 0.0064100 secs] [Times: user=0.01 sys=0.00, real=0.00 secs] 
92.191: Total time for which application threads were stopped: 0.0763180 seconds, Stopping threads took: 0.0698310 seconds
92.192: Application time: 0.0009860 seconds
92.262: [GC92.262: [DefNew: 3825K->3825K(4288K), 0.0000080 secs]92.262: [Tenured: 5780K->4218K(9600K), 0.0051800 secs] 9606K->4218K(13888K), [Perm : 5108K->5108K(21248K)], 0.0052340 secs] [Times: user=0.01 sys=0.00, real=0.01 secs] 
92.267: Total time for which application threads were stopped: 0.0756170 seconds, Stopping threads took: 0.0702940 seconds
92.268: Application time: 0.0005260 seconds
92.302: [GC92.302: [DefNew: 3825K->392K(4288K), 0.0010020 secs] 8043K->7735K(13888K), 0.0010310 secs] [Times: user=0.00 sys=0.00, real=0.00 secs] 
92.303: Total time for which application threads were stopped: 0.0352170 seconds, Stopping threads took: 0.0341140 seconds
92.304: Application time: 0.0003800 seconds
92.367: [GC92.367: [DefNew: 4119K->4119K(4288K), 0.0000060 secs]92.367: [Tenured: 7343K->4218K(9600K), 0.0056200 secs] 11463K->4218K(13888K), [Perm : 5108K->5108K(21248K)], 0.0056680 secs] [Times: user=0.00 sys=0.00, real=0.00 secs] 
92.372: Total time for which application threads were stopped: 0.0686780 seconds, Stopping threads took: 0.0629340 seconds
92.373: Application time: 0.0005710 seconds
92.406: [GC92.406: [DefNew: 3821K->391K(4288K), 0.0009240 secs] 8039K->7930K(13888K), 0.0009450 secs] [Times: user=0.00 sys=0.00, real=0.00 secs] 
92.407: Total time for which application threads were stopped: 0.0343160 seconds, Stopping threads took: 0.0333090 seconds
92.480: Application time: 0.0725650 seconds
92.481: [GC92.481: [DefNew: 4119K->4119K(4288K), 0.0000100 secs]92.481: [Tenured: 7538K->2069K(9600K), 0.0058660 secs] 11658K->2069K(13888K), [Perm : 5108K->5108K(21248K)], 0.0059190 secs] [Times: user=0.01 sys=0.00, real=0.01 secs] 
92.487: Total time for which application threads were stopped: 0.0071690 seconds, Stopping threads took: 0.0011710 seconds
92.488: Application time: 0.0006550 seconds
92.521: [GC92.521: [DefNew: 3692K->404K(4288K), 0.0008210 secs] 5762K->5404K(13888K), 0.0008410 secs] [Times: user=0.00 sys=0.00, real=0.00 secs] 
92.522: Total time for which application threads were stopped: 0.0341480 seconds, Stopping threads took: 0.0332360 seconds
92.522: Application time: 0.0004650 seconds
92.584: [GC92.584: [DefNew: 4241K->407K(4288K), 0.0008860 secs] 9241K->8155K(13888K), 0.0009080 secs] [Times: user=0.00 sys=0.00, real=0.01 secs] 
92.585: Total time for which application threads were stopped: 0.0627810 seconds, Stopping threads took: 0.0618070 seconds
92.586: Application time: 0.0007340 seconds
92.656: [GC92.656: [DefNew: 4232K->4232K(4288K), 0.0000080 secs]92.656: [Tenured: 7748K->3632K(9600K), 0.0062670 secs] 11981K->3632K(13888K), [Perm : 5108K->5108K(21248K)], 0.0063140 secs] [Times: user=0.01 sys=0.00, real=0.00 secs] 
92.663: Total time for which application threads were stopped: 0.0769330 seconds, Stopping threads took: 0.0705450 seconds
92.663: Application time: 0.0005600 seconds
92.712: [GC92.712: [DefNew: 3630K->392K(4288K), 0.0007430 secs] 7262K->6368K(13888K), 0.0007690 secs] [Times: user=0.00 sys=0.00, real=0.01 secs] 
92.713: Total time for which application threads were stopped: 0.0496970 seconds, Stopping threads took: 0.0488600 seconds
92.713: Application time: 0.0003530 seconds
92.714: [GC92.714: [DefNew: 4111K->4111K(4288K), 0.0000060 secs]92.714: [Tenured: 5976K->7734K(9600K), 0.0061970 secs] 10087K->7734K(13888K), [Perm : 5108K->5108K(21248K)], 0.0062410 secs] [Times: user=0.01 sys=0.00, real=0.00 secs] 
92.720: Total time for which application threads were stopped: 0.0067050 seconds, Stopping threads took: 0.0003890 seconds
92.791: Application time: 0.0713830 seconds
92.794: [GC92.794: [DefNew: 3727K->3727K(4288K), 0.0000090 secs]92.794: [Tenured: 7734K->2851K(9600K), 0.0059690 secs] 11461K->2851K(13888K), [Perm : 5108K->5108K(21248K)], 0.0060370 secs] [Times: user=0.01 sys=0.01, real=0.00 secs] 
92.800: Total time for which application threads were stopped: 0.0090590 seconds, Stopping threads took: 0.0029390 seconds
92.801: Application time: 0.0005490 seconds
92.834: [GC92.834: [DefNew: 3493K->404K(4288K), 0.0007610 secs] 6344K->5990K(13888K), 0.0007790 secs] [Times: user=0.00 sys=0.00, real=0.00 secs] 
92.835: Total time for which application threads were stopped: 0.0337660 seconds, Stopping threads took: 0.0329270 seconds
92.835: Application time: 0.0003720 seconds
92.898: [GC92.898: [DefNew: 4243K->4243K(4288K), 0.0000100 secs]92.898: [Tenured: 5585K->4736K(9600K), 0.0057430 secs] 9829K->4736K(13888K), [Perm : 5108K->5108K(21248K)], 0.0058070 secs] [Times: user=0.01 sys=0.00, real=0.00 secs] 
92.904: Total time for which application threads were stopped: 0.0692040 seconds, Stopping threads took: 0.0633130 seconds
92.905: Application time: 0.0005160 seconds
92.971: [GC92.971: [DefNew: 3630K->392K(4288K), 0.0008550 secs] 8366K->7472K(13888K), 0.0008820 secs] [Times: user=0.00 sys=0.00, real=0.00 secs] 
92.972: Total time for which application threads were stopped: 0.0668820 seconds, Stopping threads took: 0.0659290 seconds
92.972: Application time: 0.0006230 seconds
92.973: [GC92.973: [DefNew: 4211K->4211K(4288K), 0.0000050 secs]92.973: [Tenured: 7080K->7831K(9600K), 0.0064320 secs] 11292K->7831K(13888K), [Perm : 5108K->5108K(21248K)], 0.0064760 secs] [Times: user=0.01 sys=0.00, real=0.00 secs] 
92.979: Total time for which application threads were stopped: 0.0071010 seconds, Stopping threads took: 0.0005500 seconds
93.052: Application time: 0.0728250 seconds
93.056: [GC93.056: [DefNew: 3707K->3707K(4288K), 0.0000090 secs]93.056: [Tenured: 7831K->2879K(9600K), 0.0053360 secs] 11539K->2879K(13888K), [Perm : 5108K->5108K(21248K)], 0.0053920 secs] [Times: user=0.01 sys=0.00, real=0.00 secs] 
93.061: Total time for which application threads were stopped: 0.0091320 seconds, Stopping threads took: 0.0036520 seconds
93.062: Application time: 0.0005410 seconds
93.095: [GC93.095: [DefNew: 3775K->440K(4288K), 0.0008130 secs] 6655K->6054K(13888K), 0.0008320 secs] [Times: user=0.00 sys=0.00, real=0.00 secs] 
93.096: Total time for which application threads were stopped: 0.0342540 seconds, Stopping threads took: 0.0333580 seconds
93.097: Application time: 0.0005560 seconds
93.131: [GC93.131: [DefNew: 4190K->4190K(4288K), 0.0000060 secs]93.131: [Tenured: 5614K->6229K(9600K), 0.0058980 secs] 9804K->6229K(13888K), [Perm : 5108K->5108K(21248K)], 0.0059430 secs] [Times: user=0.00 sys=0.00, real=0.01 secs] 
93.137: Total time for which application threads were stopped: 0.0402010 seconds, Stopping threads took: 0.0341830 seconds
93.138: Application time: 0.0011560 seconds
93.208: [GC93.208: [DefNew: 3708K->3708K(4288K), 0.0000090 secs]93.208: [Tenured: 6229K->2352K(9600K), 0.0047030 secs] 9938K->2352K(13888K), [Perm : 5108K->5108K(21248K)], 0.0047570 secs] [Times: user=0.01 sys=0.00, real=0.01 secs] 
93.213: Total time for which application threads were stopped: 0.0751670 seconds, Stopping threads took: 0.0703440 seconds
93.214: Application time: 0.0005320 seconds
93.247: [GC93.247: [DefNew: 3833K->400K(4288K), 0.0008140 secs] 6186K->5878K(13888K), 0.0008350 secs] [Times: user=0.00 sys=0.00, real=0.00 secs] 
93.248: Total time for which application threads were stopped: 0.0341130 seconds, Stopping threads took: 0.0332110 seconds
93.248: Application time: 0.0004180 seconds
93.318: [GC93.318: [DefNew: 4196K->4196K(4288K), 0.0000070 secs]93.318: [Tenured: 5477K->4218K(9600K), 0.0062750 secs] 9674K->4218K(13888K), [Perm : 5108K->5108K(21248K)], 0.0063200 secs] [Times: user=0.00 sys=0.00, real=0.01 secs] 
93.325: Total time for which application threads were stopped: 0.0764740 seconds, Stopping threads took: 0.0700800 seconds
93.325: Application time: 0.0005890 seconds
93.382: [GC93.382: [DefNew: 3727K->391K(4288K), 0.0008610 secs] 7946K->7247K(13888K), 0.0008880 secs] [Times: user=0.00 sys=0.00, real=0.00 secs] 
93.383: Total time for which application threads were stopped: 0.0573550 seconds, Stopping threads took: 0.0563970 seconds
93.383: Application time: 0.0006150 seconds
93.416: [GC93.416: [DefNew: 4115K->4115K(4288K), 0.0000060 secs]93.416: [Tenured: 6855K->6269K(9600K), 0.0060110 secs] 10970K->6269K(13888K), [Perm : 5108K->5108K(21248K)], 0.0060530 secs] [Times: user=0.01 sys=0.00, real=0.00 secs] 
93.422: Total time for which application threads were stopped: 0.0390560 seconds, Stopping threads took: 0.0329500 seconds
93.495: Application time: 0.0724750 seconds
93.497: [GC93.497: [DefNew: 3708K->3708K(4288K), 0.0000090 secs]93.497: [Tenured: 6269K->1317K(9600K), 0.0056070 secs] 9977K->1317K(13888K), [Perm : 5108K->5108K(21248K)], 0.0056660 secs] [Times: user=0.01 sys=0.00, real=0.00 secs] 
93.502: Total time for which application threads were stopped: 0.0074180 seconds, Stopping threads took: 0.0016750 seconds
93.503: Application time: 0.0006290 seconds
93.503: [GC93.503: [DefNew: 3725K->392K(4288K), 0.0008590 secs] 5043K->5030K(13888K), 0.0008750 secs] [Times: user=0.00 sys=0.00, real=0.00 secs] 
93.504: Total time for which application threads were stopped: 0.0012680 seconds, Stopping threads took: 0.0003340 seconds
93.505: Application time: 0.0004550 seconds
93.553: [GC93.553: [DefNew: 4115K->390K(4288K), 0.0009010 secs] 8753K->8155K(13888K), 0.0009220 secs] [Times: user=0.00 sys=0.00, real=0.00 secs] 
93.554: Total time for which application threads were stopped: 0.0495670 seconds, Stopping threads took: 0.0485820 seconds
93.627: Application time: 0.0729400 seconds
93.629: [GC93.629: [DefNew: 4118K->4118K(4288K), 0.0000090 secs]93.629: [Tenured: 7764K->1709K(9600K), 0.0058130 secs] 11883K->1709K(13888K), [Perm : 5108K->5108K(21248K)], 0.0058640 secs] [Times: user=0.01 sys=0.00, real=0.01 secs] 
93.635: Total time for which application threads were stopped: 0.0073610 seconds, Stopping threads took: 0.0014140 seconds
93.635: Application time: 0.0006270 seconds
93.635: [GC93.635: [DefNew: 3727K->392K(4288K), 0.0008670 secs] 5437K->5422K(13888K), 0.0008840 secs] [Times: user=0.00 sys=0.00, real=0.00 secs] 
93.636: Total time for which application threads were stopped: 0.0011920 seconds, Stopping threads took: 0.0002480 seconds
93.638: Application time: 0.0015090 seconds
93.702: [GC93.702: [DefNew: 4217K->293K(4288K), 0.0006770 secs] 9247K->7278K(13888K), 0.0006980 secs] [Times: user=0.00 sys=0.00, real=0.00 secs] 
93.702: Total time for which application threads were stopped: 0.0645650 seconds, Stopping threads took: 0.0638030 seconds
93.703: Application time: 0.0007240 seconds
93.758: [GC93.758: [DefNew: 4118K->4118K(4288K), 0.0000070 secs]93.758: [Tenured: 6985K->4413K(9600K), 0.0057570 secs] 11103K->4413K(13888K), [Perm : 5108K->5108K(21248K)], 0.0058070 secs] [Times: user=0.00 sys=0.00, real=0.00 secs] 
93.764: Total time for which application threads were stopped: 0.0610320 seconds, Stopping threads took: 0.0551460 seconds
93.765: Application time: 0.0005090 seconds
93.830: [GC93.830: [DefNew: 3532K->392K(4288K), 0.0007110 secs] 7946K->6759K(13888K), 0.0007330 secs] [Times: user=0.00 sys=0.00, real=0.00 secs] 
93.830: Total time for which application threads were stopped: 0.0655830 seconds, Stopping threads took: 0.0647830 seconds
93.831: Application time: 0.0003490 seconds
93.863: [GC93.864: [DefNew: 4211K->4211K(4288K), 0.0000080 secs] 10578K->10578K(13888K), 0.0000310 secs] [Times: user=0.00 sys=0.00, real=0.00 secs] 
93.864: [Full GC93.864: [Tenured: 6367K->6365K(9600K), 0.0060990 secs] 10578K->6365K(13888K), [Perm : 5108K->5108K(21248K)], 0.0061260 secs] [Times: user=0.00 sys=0.00, real=0.01 secs] 
93.870: Total time for which application threads were stopped: 0.0390910 seconds, Stopping threads took: 0.0328380 seconds
93.943: Application time: 0.0728080 seconds
93.943: [GC93.943: [DefNew: 3727K->3727K(4288K), 0.0000080 secs]93.943: [Tenured: 6365K->1483K(9600K), 0.0056820 secs] 10093K->1483K(13888K), [Perm : 5108K->5108K(21248K)], 0.0057330 secs] [Times: user=0.01 sys=0.00, real=0.01 secs] 
93.949: Total time for which application threads were stopped: 0.0064890 seconds, Stopping threads took: 0.0006760 seconds
93.950: Application time: 0.0005650 seconds
93.950: [GC93.950: [DefNew: 3733K->400K(4288K), 0.0008720 secs] 5217K->5204K(13888K), 0.0008890 secs] [Times: user=0.01 sys=0.00, real=0.00 secs] 
93.951: Total time for which application threads were stopped: 0.0012650 seconds, Stopping threads took: 0.0003390 seconds
93.951: Application time: 0.0006220 seconds
93.999: [GC93.999: [DefNew: 4189K->419K(4288K), 0.0008160 secs] 8993K->7764K(13888K), 0.0008360 secs] [Times: user=0.00 sys=0.00, real=0.00 secs] 
93.999: Total time for which application threads were stopped: 0.0480320 seconds, Stopping threads took: 0.0471260 seconds
94.072: Application time: 0.0721750 seconds
94.075: [GC94.075: [DefNew: 3951K->3951K(4288K), 0.0000090 secs]94.075: [Tenured: 7344K->1707K(9600K), 0.0049780 secs] 11296K->1707K(13888K), [Perm : 5108K->5108K(21248K)], 0.0050280 secs] [Times: user=0.00 sys=0.00, real=0.00 secs] 
94.080: Total time for which application threads were stopped: 0.0079540 seconds, Stopping threads took: 0.0028680 seconds
94.080: Application time: 0.0006270 seconds
94.081: [GC94.081: [DefNew: 3725K->392K(4288K), 0.0008760 secs] 5433K->5420K(13888K), 0.0008980 secs] [Times: user=0.00 sys=0.00, real=0.00 secs] 
94.082: Total time for which application threads were stopped: 0.0013150 seconds, Stopping threads took: 0.0003520 seconds
94.082: Application time: 0.0008220 seconds
94.147: [GC94.147: [DefNew: 4215K->391K(4288K), 0.0007950 secs] 9243K->7666K(13888K), 0.0008200 secs] [Times: user=0.00 sys=0.00, real=0.00 secs] 
94.148: Total time for which application threads were stopped: 0.0652040 seconds, Stopping threads took: 0.0643100 seconds
94.148: Application time: 0.0007050 seconds
94.200: [GC94.200: [DefNew: 4216K->4216K(4288K), 0.0000070 secs]94.200: [Tenured: 7275K->4413K(9600K), 0.0061700 secs] 11492K->4413K(13888K), [Perm : 5108K->5108K(21248K)], 0.0062210 secs] [Times: user=0.00 sys=0.00, real=0.01 secs] 
94.206: Total time for which application threads were stopped: 0.0576210 seconds, Stopping threads took: 0.0513230 seconds
94.206: Application time: 0.0004670 seconds
94.268: [GC94.268: [DefNew: 3532K->392K(4288K), 0.0006980 secs] 7945K->6758K(13888K), 0.0007210 secs] [Times: user=0.00 sys=0.00, real=0.00 secs] 
94.269: Total time for which application threads were stopped: 0.0625180 seconds, Stopping threads took: 0.0617310 seconds
94.269: Application time: 0.0003850 seconds
94.302: [GC94.302: [DefNew: 4115K->4115K(4288K), 0.0000070 secs]94.302: [Tenured: 6366K->6268K(9600K), 0.0056410 secs] 10482K->6268K(13888K), [Perm : 5108K->5108K(21248K)], 0.0056870 secs] [Times: user=0.01 sys=0.00, real=0.01 secs] 
94.308: Total time for which application threads were stopped: 0.0385260 seconds, Stopping threads took: 0.0327740 seconds
94.380: Application time: 0.0720410 seconds
94.381: [GC94.381: [DefNew: 3825K->3825K(4288K), 0.0000100 secs]94.381: [Tenured: 6268K->1483K(9600K), 0.0057130 secs] 10093K->1483K(13888K), [Perm : 5108K->5108K(21248K)], 0.0057640 secs] [Times: user=0.00 sys=0.00, real=0.01 secs] 
94.387: Total time for which application threads were stopped: 0.0073360 seconds, Stopping threads took: 0.0014940 seconds
94.388: Application time: 0.0006840 seconds
94.388: [GC94.388: [DefNew: 3752K->416K(4288K), 0.0008750 secs] 5235K->5221K(13888K), 0.0008920 secs] [Times: user=0.00 sys=0.00, real=0.00 secs] 
94.389: Total time for which application threads were stopped: 0.0011470 seconds, Stopping threads took: 0.0001940 seconds
94.390: Application time: 0.0007090 seconds
94.436: [GC94.436: [DefNew: 4190K->321K(4288K), 0.0006950 secs] 8994K->7276K(13888K), 0.0007170 secs] [Times: user=0.00 sys=0.00, real=0.00 secs] 
94.436: Total time for which application threads were stopped: 0.0467050 seconds, Stopping threads took: 0.0459260 seconds
94.437: Application time: 0.0007870 seconds
94.507: [GC94.507: [DefNew: 4147K->4147K(4288K), 0.0000090 secs]94.507: [Tenured: 6954K->4148K(9600K), 0.0062070 secs] 11101K->4148K(13888K), [Perm : 5108K->5108K(21248K)], 0.0062550 secs] [Times: user=0.01 sys=0.00, real=0.01 secs] 
94.514: Total time for which application threads were stopped: 0.0764380 seconds, Stopping threads took: 0.0701060 seconds
94.514: Application time: 0.0005420 seconds
94.548: [GC94.548: [DefNew: 3727K->392K(4288K), 0.0008960 secs] 7876K->7470K(13888K), 0.0009230 secs] [Times: user=0.00 sys=0.00, real=0.00 secs] 
94.549: Total time for which application threads were stopped: 0.0350060 seconds, Stopping threads took: 0.0340300 seconds
94.550: Application time: 0.0003760 seconds
94.583: [GC94.583: [DefNew: 4119K->4119K(4288K), 0.0000070 secs]94.583: [Tenured: 7078K->6171K(9600K), 0.0066780 secs] 11198K->6171K(13888K), [Perm : 5108K->5108K(21248K)], 0.0067300 secs] [Times: user=0.01 sys=0.00, real=0.01 secs] 
94.590: Total time for which application threads were stopped: 0.0403110 seconds, Stopping threads took: 0.0335050 seconds
94.662: Application time: 0.0720570 seconds
94.663: [GC94.664: [DefNew: 3727K->3727K(4288K), 0.0000100 secs]94.664: [Tenured: 6171K->1288K(9600K), 0.0056910 secs] 9898K->1288K(13888K), [Perm : 5108K->5108K(21248K)], 0.0057440 secs] [Times: user=0.00 sys=0.00, real=0.01 secs] 
94.669: Total time for which application threads were stopped: 0.0072600 seconds, Stopping threads took: 0.0014330 seconds
94.670: Application time: 0.0006210 seconds
94.670: [GC94.670: [DefNew: 3727K->392K(4288K), 0.0009230 secs] 5016K->5001K(13888K), 0.0009400 secs] [Times: user=0.00 sys=0.00, real=0.00 secs] 
94.671: Total time for which application threads were stopped: 0.0012420 seconds, Stopping threads took: 0.0002430 seconds
94.672: Application time: 0.0009170 seconds
94.708: [GC94.708: [DefNew: 4192K->321K(4288K), 0.0006980 secs] 8801K->7081K(13888K), 0.0007200 secs] [Times: user=0.00 sys=0.00, real=0.00 secs] 
94.709: Total time for which application threads were stopped: 0.0367790 seconds, Stopping threads took: 0.0359950 seconds
94.710: Application time: 0.0007920 seconds
94.780: [GC94.780: [DefNew: 4147K->4147K(4288K), 0.0000090 secs]94.780: [Tenured: 6759K->3953K(9600K), 0.0061210 secs] 10906K->3953K(13888K), [Perm : 5108K->5108K(21248K)], 0.0061710 secs] [Times: user=0.00 sys=0.00, real=0.01 secs] 
94.786: Total time for which application threads were stopped: 0.0761510 seconds, Stopping threads took: 0.0699240 seconds
94.786: Application time: 0.0005540 seconds
94.819: [GC94.819: [DefNew: 3610K->420K(4288K), 0.0008220 secs] 7564K->6913K(13888K), 0.0008440 secs] [Times: user=0.00 sys=0.00, real=0.00 secs] 
94.820: Total time for which application threads were stopped: 0.0338500 seconds, Stopping threads took: 0.0329590 seconds
94.821: Application time: 0.0003760 seconds
94.869: [GC94.869: [DefNew: 4146K->4146K(4288K), 0.0000080 secs]94.869: [Tenured: 6493K->5838K(9600K), 0.0065980 secs] 10639K->5838K(13888K), [Perm : 5108K->5108K(21248K)], 0.0066470 secs] [Times: user=0.01 sys=0.00, real=0.01 secs] 
94.876: Total time for which application threads were stopped: 0.0553500 seconds, Stopping threads took: 0.0486230 seconds
94.877: Application time: 0.0010760 seconds
94.947: [GC94.947: [DefNew: 3825K->3825K(4288K), 0.0000090 secs]94.947: [Tenured: 5838K->3144K(9600K), 0.0052680 secs] 9663K->3144K(13888K), [Perm : 5108K->5108K(21248K)], 0.0053200 secs] [Times: user=0.00 sys=0.00, real=0.01 secs] 
94.953: Total time for which application threads were stopped: 0.0755440 seconds, Stopping threads took: 0.0701580 seconds
94.953: Application time: 0.0006620 seconds
94.999: [GC95.000: [DefNew: 3786K->441K(4288K), 0.0009070 secs] 6930K->6523K(13888K), 0.0009320 secs] [Times: user=0.00 sys=0.00, real=0.00 secs] 
95.000: Total time for which application threads were stopped: 0.0472410 seconds, Stopping threads took: 0.0462410 seconds
95.001: Application time: 0.0005620 seconds
95.034: [GC95.034: [DefNew: 4266K->4266K(4288K), 0.0000070 secs]95.034: [Tenured: 6082K->5253K(9600K), 0.0057530 secs] 10348K->5253K(13888K), [Perm : 5108K->5108K(21248K)], 0.0057970 secs] [Times: user=0.00 sys=0.01, real=0.00 secs] 
95.040: Total time for which application threads were stopped: 0.0389780 seconds, Stopping threads took: 0.0331180 seconds
95.041: Application time: 0.0008770 seconds
95.106: [GC95.106: [DefNew: 3825K->391K(4288K), 0.0009270 secs] 9078K->8281K(13888K), 0.0009570 secs] [Times: user=0.00 sys=0.00, real=0.00 secs] 
95.107: Total time for which application threads were stopped: 0.0657360 seconds, Stopping threads took: 0.0647260 seconds
95.107: Application time: 0.0005340 seconds
95.177: [GC95.177: [DefNew: 4021K->4021K(4288K), 0.0000070 secs]95.177: [Tenured: 7889K->4081K(9600K), 0.0062340 secs] 11911K->4081K(13888K), [Perm : 5108K->5108K(21248K)], 0.0062870 secs] [Times: user=0.01 sys=0.00, real=0.00 secs] 
95.184: Total time for which application threads were stopped: 0.0763630 seconds, Stopping threads took: 0.0700180 seconds
95.184: Application time: 0.0005390 seconds
95.184: [GC95.184: [DefNew: 3628K->391K(4288K), 0.0008210 secs] 7709K->7695K(13888K), 0.0008430 secs] [Times: user=0.00 sys=0.00, real=0.00 secs] 
95.185: Total time for which application threads were stopped: 0.0011340 seconds, Stopping threads took: 0.0002480 seconds
95.260: Application time: 0.0746210 seconds
95.265: [GC95.265: [DefNew: 3982K->3982K(4288K), 0.0000090 secs]95.265: [Tenured: 7304K->2576K(9600K), 0.0044900 secs] 11286K->2576K(13888K), [Perm : 5108K->5108K(21248K)], 0.0045460 secs] [Times: user=0.00 sys=0.00, real=0.00 secs] 
95.270: Total time for which application threads were stopped: 0.0101710 seconds, Stopping threads took: 0.0055550 seconds
95.270: Application time: 0.0004990 seconds
95.304: [GC95.304: [DefNew: 3823K->392K(4288K), 0.0008180 secs] 6400K->6094K(13888K), 0.0008410 secs] [Times: user=0.00 sys=0.00, real=0.01 secs] 
95.305: Total time for which application threads were stopped: 0.0341180 seconds, Stopping threads took: 0.0332360 seconds
95.306: Application time: 0.0010450 seconds
95.340: [GC95.340: [DefNew: 4211K->4211K(4288K), 0.0000060 secs]95.340: [Tenured: 5701K->5781K(9600K), 0.0052030 secs] 9913K->5781K(13888K), [Perm : 5108K->5108K(21248K)], 0.0052480 secs] [Times: user=0.01 sys=0.00, real=0.01 secs] 
95.345: Total time for which application threads were stopped: 0.0391460 seconds, Stopping threads took: 0.0338360 seconds
95.346: Application time: 0.0009910 seconds
95.416: [GC95.416: [DefNew: 3825K->3825K(4288K), 0.0000090 secs]95.416: [Tenured: 5781K->4219K(9600K), 0.0061890 secs] 9607K->4219K(13888K), [Perm : 5108K->5108K(21248K)], 0.0062400 secs] [Times: user=0.00 sys=0.00, real=0.00 secs] 
95.422: Total time for which application threads were stopped: 0.0760420 seconds, Stopping threads took: 0.0697230 seconds
95.422: Application time: 0.0005650 seconds
95.456: [GC95.456: [DefNew: 3825K->392K(4288K), 0.0010120 secs] 8044K->7736K(13888K), 0.0010420 secs] [Times: user=0.00 sys=0.00, real=0.00 secs] 
95.457: Total time for which application threads were stopped: 0.0342920 seconds, Stopping threads took: 0.0331760 seconds
95.457: Application time: 0.0004080 seconds
95.527: [GC95.527: [DefNew: 4119K->4119K(4288K), 0.0000070 secs]95.527: [Tenured: 7344K->4219K(9600K), 0.0056210 secs] 11464K->4219K(13888K), [Perm : 5108K->5108K(21248K)], 0.0056660 secs] [Times: user=0.00 sys=0.00, real=0.01 secs] 
95.533: Total time for which application threads were stopped: 0.0758910 seconds, Stopping threads took: 0.0701610 seconds
95.533: Application time: 0.0005060 seconds
95.580: [GC95.580: [DefNew: 3821K->391K(4288K), 0.0009300 secs] 8040K->7931K(13888K), 0.0009530 secs] [Times: user=0.00 sys=0.00, real=0.00 secs] 
95.581: Total time for which application threads were stopped: 0.0479220 seconds, Stopping threads took: 0.0469050 seconds
95.654: Application time: 0.0729080 seconds
95.656: [GC95.656: [DefNew: 4119K->4119K(4288K), 0.0000090 secs]95.656: [Tenured: 7539K->2070K(9600K), 0.0051120 secs] 11659K->2070K(13888K), [Perm : 5108K->5108K(21248K)], 0.0051640 secs] [Times: user=0.00 sys=0.00, real=0.00 secs] 
95.661: Total time for which application threads were stopped: 0.0067990 seconds, Stopping threads took: 0.0015560 seconds
95.662: Application time: 0.0006200 seconds
95.662: [GC95.662: [DefNew: 3833K->302K(4288K), 0.0009230 secs] 5904K->5889K(13888K), 0.0009460 secs] [Times: user=0.00 sys=0.01, real=0.00 secs] 
95.663: Total time for which application threads were stopped: 0.0013150 seconds, Stopping threads took: 0.0003030 seconds
95.664: Application time: 0.0009400 seconds
95.735: [GC95.735: [DefNew: 4096K->4096K(4288K), 0.0000090 secs]95.735: [Tenured: 5586K->3145K(9600K), 0.0061000 secs] 9683K->3145K(13888K), [Perm : 5108K->5108K(21248K)], 0.0061490 secs] [Times: user=0.01 sys=0.00, real=0.00 secs] 
95.741: Total time for which application threads were stopped: 0.0771430 seconds, Stopping threads took: 0.0709010 seconds
95.742: Application time: 0.0006550 seconds
95.792: [GC95.792: [DefNew: 3825K->392K(4288K), 0.0009320 secs] 6970K->6662K(13888K), 0.0009570 secs] [Times: user=0.00 sys=0.00, real=0.00 secs] 
95.793: Total time for which application threads were stopped: 0.0516320 seconds, Stopping threads took: 0.0506070 seconds
95.794: Application time: 0.0004740 seconds
95.828: [GC95.828: [DefNew: 4215K->4215K(4288K), 0.0000070 secs]95.828: [Tenured: 6270K->7539K(9600K), 0.0067710 secs] 10485K->7539K(13888K), [Perm : 5108K->5108K(21248K)], 0.0068190 secs] [Times: user=0.01 sys=0.00, real=0.01 secs] 
95.835: Total time for which application threads were stopped: 0.0407500 seconds, Stopping threads took: 0.0338530 seconds
95.906: Application time: 0.0715580 seconds
95.941: [GC95.941: [DefNew: 3825K->3825K(4288K), 0.0000110 secs]95.941: [Tenured: 7539K->1680K(9600K), 0.0050060 secs] 11364K->1680K(13888K), [Perm : 5108K->5108K(21248K)], 0.0050670 secs] [Times: user=0.01 sys=0.00, real=0.01 secs] 
95.946: Total time for which application threads were stopped: 0.0402140 seconds, Stopping threads took: 0.0350680 seconds
95.947: Application time: 0.0005690 seconds
95.947: [GC95.947: [DefNew: 3727K->391K(4288K), 0.0008220 secs] 5407K->5392K(13888K), 0.0008400 secs] [Times: user=0.00 sys=0.00, real=0.00 secs] 
95.948: Total time for which application threads were stopped: 0.0011970 seconds, Stopping threads took: 0.0002970 seconds
95.949: Application time: 0.0006560 seconds
96.019: [GC96.019: [DefNew: 4214K->391K(4288K), 0.0005240 secs] 9215K->6564K(13888K), 0.0005470 secs] [Times: user=0.00 sys=0.00, real=0.00 secs] 
96.019: Total time for which application threads were stopped: 0.0705860 seconds, Stopping threads took: 0.0699730 seconds
96.020: Application time: 0.0004240 seconds
96.070: [GC96.070: [DefNew: 4216K->4216K(4288K), 0.0000070 secs]96.070: [Tenured: 6173K->4414K(9600K), 0.0057870 secs] 10390K->4414K(13888K), [Perm : 5108K->5108K(21248K)], 0.0058360 secs] [Times: user=0.00 sys=0.00, real=0.01 secs] 
96.076: Total time for which application threads were stopped: 0.0561780 seconds, Stopping threads took: 0.0502680 seconds
96.077: Application time: 0.0004750 seconds
96.124: [GC96.124: [DefNew: 3823K->391K(4288K), 0.0008500 secs] 8237K->7345K(13888K), 0.0008760 secs] [Times: user=0.00 sys=0.00, real=0.01 secs] 
96.124: Total time for which application threads were stopped: 0.0478780 seconds, Stopping threads took: 0.0469330 seconds
96.125: Application time: 0.0007020 seconds
96.164: [GC96.164: [DefNew: 4117K->4117K(4288K), 0.0000060 secs]96.165: [Tenured: 6953K->5488K(9600K), 0.0059210 secs] 11070K->5488K(13888K), [Perm : 5108K->5108K(21248K)], 0.0059680 secs] [Times: user=0.00 sys=0.00, real=0.00 secs] 
96.170: Total time for which application threads were stopped: 0.0453430 seconds, Stopping threads took: 0.0393000 seconds
96.171: Application time: 0.0008400 seconds
96.239: [GC96.239: [DefNew: 3825K->391K(4288K), 0.0008570 secs] 9314K->8126K(13888K), 0.0008880 secs] [Times: user=0.00 sys=0.00, real=0.00 secs] 
96.240: Total time for which application threads were stopped: 0.0685050 seconds, Stopping threads took: 0.0675360 seconds
96.240: Application time: 0.0004470 seconds
96.274: [GC96.274: [DefNew: 4119K->4119K(4288K), 0.0000070 secs]96.274: [Tenured: 7734K->4414K(9600K), 0.0064040 secs] 11854K->4414K(13888K), [Perm : 5108K->5108K(21248K)], 0.0064470 secs] [Times: user=0.00 sys=0.00, real=0.00 secs] 
96.280: Total time for which application threads were stopped: 0.0399450 seconds, Stopping threads took: 0.0334230 seconds
96.281: Application time: 0.0004550 seconds
96.314: [GC96.314: [DefNew: 3823K->391K(4288K), 0.0008060 secs] 8237K->7345K(13888K), 0.0008330 secs] [Times: user=0.00 sys=0.00, real=0.00 secs] 
96.315: Total time for which application threads were stopped: 0.0342100 seconds, Stopping threads took: 0.0333080 seconds
96.316: Application time: 0.0007270 seconds
96.386: [GC96.386: [DefNew: 4100K->4100K(4288K), 0.0000070 secs]96.386: [Tenured: 6953K->3271K(9600K), 0.0056740 secs] 11053K->3271K(13888K), [Perm : 5108K->5108K(21248K)], 0.0057280 secs] [Times: user=0.00 sys=0.00, real=0.00 secs] 
96.392: Total time for which application threads were stopped: 0.0759130 seconds, Stopping threads took: 0.0701100 seconds
96.392: Application time: 0.0004890 seconds
96.427: [GC96.427: [DefNew: 3725K->392K(4288K), 0.0008090 secs] 6997K->6398K(13888K), 0.0008330 secs] [Times: user=0.00 sys=0.00, real=0.00 secs] 
96.428: Total time for which application threads were stopped: 0.0355210 seconds, Stopping threads took: 0.0346200 seconds
96.428: Application time: 0.0006490 seconds
96.462: [GC96.462: [DefNew: 4211K->4211K(4288K), 0.0000060 secs]96.462: [Tenured: 6006K->7567K(9600K), 0.0061280 secs] 10217K->7567K(13888K), [Perm : 5108K->5108K(21248K)], 0.0061740 secs] [Times: user=0.01 sys=0.00, real=0.01 secs] 
96.468: Total time for which application threads were stopped: 0.0396070 seconds, Stopping threads took: 0.0333580 seconds
96.539: Application time: 0.0715620 seconds
96.543: [GC96.543: [DefNew: 3727K->3727K(4288K), 0.0000090 secs]96.543: [Tenured: 7567K->2656K(9600K), 0.0052770 secs] 11295K->2656K(13888K), [Perm : 5108K->5108K(21248K)], 0.0053310 secs] [Times: user=0.01 sys=0.00, real=0.01 secs] 
96.549: Total time for which application threads were stopped: 0.0092720 seconds, Stopping threads took: 0.0038620 seconds
96.549: Application time: 0.0007350 seconds
96.599: [GC96.599: [DefNew: 3721K->293K(4288K), 0.0004680 secs] 6378K->4317K(13888K), 0.0004870 secs] [Times: user=0.00 sys=0.00, real=0.00 secs] 
96.600: Total time for which application threads were stopped: 0.0504690 seconds, Stopping threads took: 0.0499220 seconds
96.600: Application time: 0.0003260 seconds
96.649: [GC96.649: [DefNew: 4119K->392K(4288K), 0.0009290 secs] 8143K->7541K(13888K), 0.0009550 secs] [Times: user=0.00 sys=0.00, real=0.00 secs] 
96.650: Total time for which application threads were stopped: 0.0500310 seconds, Stopping threads took: 0.0490080 seconds
96.651: Application time: 0.0005850 seconds
96.697: [GC96.697: [DefNew: 4213K->4213K(4288K), 0.0000060 secs]96.697: [Tenured: 7149K->5391K(9600K), 0.0062690 secs] 11362K->5391K(13888K), [Perm : 5108K->5108K(21248K)], 0.0063150 secs] [Times: user=0.01 sys=0.00, real=0.00 secs] 
96.704: Total time for which application threads were stopped: 0.0527320 seconds, Stopping threads took: 0.0463410 seconds
96.704: Application time: 0.0009450 seconds
96.775: [GC96.775: [DefNew: 3708K->420K(4288K), 0.0007550 secs] 9099K->7764K(13888K), 0.0007860 secs] [Times: user=0.00 sys=0.00, real=0.00 secs] 
96.776: Total time for which application threads were stopped: 0.0714960 seconds, Stopping threads took: 0.0706320 seconds
96.776: Application time: 0.0003660 seconds
96.839: [GC96.839: [DefNew: 4098K->4098K(4288K), 0.0000070 secs]96.839: [Tenured: 7344K->4052K(9600K), 0.0061390 secs] 11443K->4052K(13888K), [Perm : 5108K->5108K(21248K)], 0.0061830 secs] [Times: user=0.00 sys=0.00, real=0.01 secs] 
96.845: Total time for which application threads were stopped: 0.0690550 seconds, Stopping threads took: 0.0627960 seconds
96.846: Application time: 0.0005790 seconds
96.846: [GC96.846: [DefNew: 3753K->420K(4288K), 0.0008650 secs] 7805K->7792K(13888K), 0.0008860 secs] [Times: user=0.00 sys=0.00, real=0.00 secs] 
96.847: Total time for which application threads were stopped: 0.0014070 seconds, Stopping threads took: 0.0004530 seconds
96.919: Application time: 0.0716100 seconds
96.922: [GC96.922: [DefNew: 4147K->4147K(4288K), 0.0000100 secs]96.922: [Tenured: 7372K->2909K(9600K), 0.0049450 secs] 11520K->2909K(13888K), [Perm : 5108K->5108K(21248K)], 0.0049980 secs] [Times: user=0.00 sys=0.00, real=0.01 secs] 
96.927: Total time for which application threads were stopped: 0.0081280 seconds, Stopping threads took: 0.0030510 seconds
96.928: Application time: 0.0005420 seconds
96.976: [GC96.976: [DefNew: 3823K->391K(4288K), 0.0008710 secs] 6732K->6426K(13888K), 0.0008910 secs] [Times: user=0.01 sys=0.00, real=0.00 secs] 
96.976: Total time for which application threads were stopped: 0.0487580 seconds, Stopping threads took: 0.0477970 seconds
96.977: Application time: 0.0009120 seconds
97.047: [GC97.047: [DefNew: 4115K->4115K(4288K), 0.0000070 secs]97.047: [Tenured: 6034K->2852K(9600K), 0.0053930 secs] 10149K->2852K(13888K), [Perm : 5108K->5108K(21248K)], 0.0054410 secs] [Times: user=0.00 sys=0.00, real=0.01 secs] 
97.053: Total time for which application threads were stopped: 0.0754690 seconds, Stopping threads took: 0.0699520 seconds
97.054: Application time: 0.0007320 seconds
97.104: [GC97.104: [DefNew: 3767K->445K(4288K), 0.0007200 secs] 6619K->5869K(13888K), 0.0007420 secs] [Times: user=0.01 sys=0.00, real=0.01 secs] 
97.105: Total time for which application threads were stopped: 0.0512570 seconds, Stopping threads took: 0.0504640 seconds
97.105: Application time: 0.0003410 seconds
97.161: [GC97.161: [DefNew: 4173K->391K(4288K), 0.0008330 secs] 9596K->8311K(13888K), 0.0008580 secs] [Times: user=0.00 sys=0.00, real=0.00 secs] 
97.162: Total time for which application threads were stopped: 0.0569820 seconds, Stopping threads took: 0.0560660 seconds
97.163: Application time: 0.0005110 seconds
97.225: [GC97.225: [DefNew: 4114K->4114K(4288K), 0.0000060 secs]97.225: [Tenured: 7920K->5281K(9600K), 0.0062690 secs] 12035K->5281K(13888K), [Perm : 5108K->5108K(21248K)], 0.0063110 secs] [Times: user=0.01 sys=0.00, real=0.00 secs] 
97.231: Total time for which application threads were stopped: 0.0683230 seconds, Stopping threads took: 0.0619630 seconds
97.232: Application time: 0.0009280 seconds
97.302: [GC97.302: [DefNew: 3825K->391K(4288K), 0.0007500 secs] 9106K->7626K(13888K), 0.0007810 secs] [Times: user=0.00 sys=0.00, real=0.00 secs] 
97.303: Total time for which application threads were stopped: 0.0710730 seconds, Stopping threads took: 0.0702110 seconds
97.303: Application time: 0.0004340 seconds
97.371: [GC97.371: [DefNew: 4070K->4070K(4288K), 0.0000070 secs]97.371: [Tenured: 7234K->4109K(9600K), 0.0062370 secs] 11305K->4109K(13888K), [Perm : 5108K->5108K(21248K)], 0.0062790 secs] [Times: user=0.00 sys=0.00, real=0.01 secs] 
97.377: Total time for which application threads were stopped: 0.0738620 seconds, Stopping threads took: 0.0675100 seconds
97.378: Application time: 0.0004690 seconds
97.425: [GC97.425: [DefNew: 3755K->420K(4288K), 0.0007990 secs] 7865K->6971K(13888K), 0.0008250 secs] [Times: user=0.00 sys=0.00, real=0.00 secs] 
97.426: Total time for which application threads were stopped: 0.0478830 seconds, Stopping threads took: 0.0469890 seconds
97.426: Application time: 0.0004870 seconds
97.459: [GC97.459: [DefNew: 4241K->4241K(4288K), 0.0000070 secs]97.459: [Tenured: 6551K->7360K(9600K), 0.0062620 secs] 10792K->7360K(13888K), [Perm : 5108K->5108K(21248K)], 0.0063090 secs] [Times: user=0.00 sys=0.00, real=0.01 secs] 
97.466: Total time for which application threads were stopped: 0.0396230 seconds, Stopping threads took: 0.0332370 seconds
97.537: Application time: 0.0713250 seconds
97.539: [GC97.539: [DefNew: 3825K->3825K(4288K), 0.0000090 secs]97.539: [Tenured: 7360K->2461K(9600K), 0.0053020 secs] 11186K->2461K(13888K), [Perm : 5108K->5108K(21248K)], 0.0053560 secs] [Times: user=0.01 sys=0.00, real=0.01 secs] 
97.544: Total time for which application threads were stopped: 0.0073830 seconds, Stopping threads took: 0.0019480 seconds
97.545: Application time: 0.0005350 seconds
97.578: [GC97.578: [DefNew: 3823K->392K(4288K), 0.0008380 secs] 6285K->5979K(13888K), 0.0008590 secs] [Times: user=0.00 sys=0.00, real=0.00 secs] 
97.579: Total time for which application threads were stopped: 0.0340320 seconds, Stopping threads took: 0.0331080 seconds
97.580: Application time: 0.0008620 seconds
97.650: [GC97.650: [DefNew: 4211K->4211K(4288K), 0.0000070 secs]97.650: [Tenured: 5587K->3635K(9600K), 0.0059530 secs] 9798K->3635K(13888K), [Perm : 5108K->5108K(21248K)], 0.0060020 secs] [Times: user=0.00 sys=0.00, real=0.01 secs] 
97.656: Total time for which application threads were stopped: 0.0759020 seconds, Stopping threads took: 0.0698250 seconds
97.656: Application time: 0.0005380 seconds
97.725: [GC97.725: [DefNew: 3630K->392K(4288K), 0.0007240 secs] 7265K->6371K(13888K), 0.0007560 secs] [Times: user=0.00 sys=0.00, real=0.00 secs] 
97.726: Total time for which application threads were stopped: 0.0698760 seconds, Stopping threads took: 0.0690730 seconds
97.727: Application time: 0.0004930 seconds
97.760: [GC97.760: [DefNew: 4209K->4209K(4288K), 0.0000050 secs]97.760: [Tenured: 5979K->6759K(9600K), 0.0055620 secs] 10188K->6759K(13888K), [Perm : 5108K->5108K(21248K)], 0.0056060 secs] [Times: user=0.01 sys=0.00, real=0.01 secs] 
97.766: Total time for which application threads were stopped: 0.0390680 seconds, Stopping threads took: 0.0333880 seconds
97.837: Application time: 0.0715200 seconds
97.840: [GC97.840: [DefNew: 3532K->3532K(4288K), 0.0000090 secs]97.840: [Tenured: 6759K->1681K(9600K), 0.0050810 secs] 10291K->1681K(13888K), [Perm : 5108K->5108K(21248K)], 0.0051330 secs] [Times: user=0.00 sys=0.00, real=0.01 secs] 
97.845: Total time for which application threads were stopped: 0.0080020 seconds, Stopping threads took: 0.0027960 seconds
97.846: Application time: 0.0005460 seconds
97.846: [GC97.846: [DefNew: 3802K->420K(4288K), 0.0008190 secs] 5483K->5422K(13888K), 0.0008370 secs] [Times: user=0.00 sys=0.00, real=0.00 secs] 
97.847: Total time for which application threads were stopped: 0.0011600 seconds, Stopping threads took: 0.0002620 seconds
97.848: Application time: 0.0005120 seconds
97.881: [GC97.881: [DefNew: 4243K->391K(4288K), 0.0009320 secs] 9245K->8352K(13888K), 0.0009570 secs] [Times: user=0.00 sys=0.00, real=0.00 secs] 
97.882: Total time for which application threads were stopped: 0.0343060 seconds, Stopping threads took: 0.0332950 seconds
97.883: Application time: 0.0009570 seconds
97.951: [GC97.951: [DefNew: 4216K->4216K(4288K), 0.0000090 secs]97.951: [Tenured: 7961K->4415K(9600K), 0.0063550 secs] 12178K->4415K(13888K), [Perm : 5108K->5108K(21248K)], 0.0064090 secs] [Times: user=0.01 sys=0.00, real=0.01 secs] 
97.957: Total time for which application threads were stopped: 0.0743180 seconds, Stopping threads took: 0.0678310 seconds
97.958: Application time: 0.0005360 seconds
97.991: [GC97.991: [DefNew: 3630K->392K(4288K), 0.0009810 secs] 8045K->7932K(13888K), 0.0010080 secs] [Times: user=0.00 sys=0.00, real=0.01 secs] 
97.992: Total time for which application threads were stopped: 0.0346990 seconds, Stopping threads took: 0.0336220 seconds
97.993: Application time: 0.0003820 seconds
98.057: [GC98.057: [DefNew: 4217K->4217K(4288K), 0.0000060 secs]98.057: [Tenured: 7540K->4318K(9600K), 0.0057050 secs] 11757K->4318K(13888K), [Perm : 5108K->5108K(21248K)], 0.0057520 secs] [Times: user=0.00 sys=0.00, real=0.00 secs] 
98.063: Total time for which application threads were stopped: 0.0702500 seconds, Stopping threads took: 0.0644210 seconds
98.064: Application time: 0.0006200 seconds
98.097: [GC98.097: [DefNew: 3806K->420K(4288K), 0.0009670 secs] 8124K->8059K(13888K), 0.0009920 secs] [Times: user=0.00 sys=0.00, real=0.00 secs] 
98.098: Total time for which application threads were stopped: 0.0341810 seconds, Stopping threads took: 0.0331410 seconds
98.170: Application time: 0.0717690 seconds
98.174: [GC98.174: [DefNew: 4147K->4147K(4288K), 0.0000090 secs]98.174: [Tenured: 7638K->2491K(9600K), 0.0049030 secs] 11786K->2491K(13888K), [Perm : 5108K->5108K(21248K)], 0.0049550 secs] [Times: user=0.01 sys=0.00, real=0.00 secs] 
98.179: Total time for which application threads were stopped: 0.0089540 seconds, Stopping threads took: 0.0039210 seconds
98.179: Application time: 0.0005940 seconds
98.212: [GC98.212: [DefNew: 3825K->392K(4288K), 0.0008320 secs] 6317K->6008K(13888K), 0.0008530 secs] [Times: user=0.00 sys=0.00, real=0.00 secs] 
98.213: Total time for which application threads were stopped: 0.0341000 seconds, Stopping threads took: 0.0331820 seconds
98.214: Application time: 0.0004000 seconds
98.247: [GC98.247: [DefNew: 4215K->4215K(4288K), 0.0000060 secs]98.247: [Tenured: 5616K->5812K(9600K), 0.0061380 secs] 9831K->5812K(13888K), [Perm : 5108K->5108K(21248K)], 0.0061820 secs] [Times: user=0.01 sys=0.00, real=0.01 secs] 
98.253: Total time for which application threads were stopped: 0.0394790 seconds, Stopping threads took: 0.0332120 seconds
98.254: Application time: 0.0009060 seconds
98.324: [GC98.324: [DefNew: 3825K->3825K(4288K), 0.0000080 secs]98.324: [Tenured: 5812K->3829K(9600K), 0.0049500 secs] 9638K->3829K(13888K), [Perm : 5108K->5108K(21248K)], 0.0050020 secs] [Times: user=0.01 sys=0.00, real=0.01 secs] 
98.329: Total time for which application threads were stopped: 0.0751030 seconds, Stopping threads took: 0.0700230 seconds
98.330: Application time: 0.0005170 seconds
98.378: [GC98.378: [DefNew: 3825K->392K(4288K), 0.0008850 secs] 7654K->6956K(13888K), 0.0009100 secs] [Times: user=0.00 sys=0.00, real=0.00 secs] 
98.379: Total time for which application threads were stopped: 0.0488710 seconds, Stopping threads took: 0.0478840 seconds
98.379: Application time: 0.0003830 seconds
98.412: [GC98.412: [DefNew: 4215K->4215K(4288K), 0.0000060 secs]98.412: [Tenured: 6563K->5001K(9600K), 0.0050980 secs] 10779K->5001K(13888K), [Perm : 5108K->5108K(21248K)], 0.0051420 secs] [Times: user=0.01 sys=0.00, real=0.00 secs] 
98.417: Total time for which application threads were stopped: 0.0386010 seconds, Stopping threads took: 0.0334080 seconds
98.418: Application time: 0.0006080 seconds
98.451: [GC98.451: [DefNew: 3725K->391K(4288K), 0.0009120 secs] 8726K->8322K(13888K), 0.0009370 secs] [Times: user=0.00 sys=0.00, real=0.00 secs] 
98.452: Total time for which application threads were stopped: 0.0341510 seconds, Stopping threads took: 0.0331450 seconds
98.525: Application time: 0.0723750 seconds
98.526: [GC98.526: [DefNew: 4119K->4119K(4288K), 0.0000090 secs]98.526: [Tenured: 7931K->1680K(9600K), 0.0057860 secs] 12050K->1680K(13888K), [Perm : 5108K->5108K(21248K)], 0.0058360 secs] [Times: user=0.01 sys=0.01, real=0.00 secs] 
98.532: Total time for which application threads were stopped: 0.0073540 seconds, Stopping threads took: 0.0014410 seconds
98.533: Application time: 0.0006350 seconds
98.533: [GC98.533: [DefNew: 3727K->392K(4288K), 0.0008710 secs] 5408K->5393K(13888K), 0.0008890 secs] [Times: user=0.00 sys=0.00, real=0.00 secs] 
98.534: Total time for which application threads were stopped: 0.0010250 seconds, Stopping threads took: 0.0000770 seconds
98.535: Application time: 0.0012490 seconds
98.582: [GC98.582: [DefNew: 4213K->391K(4288K), 0.0006510 secs] 9214K->7347K(13888K), 0.0006720 secs] [Times: user=0.00 sys=0.00, real=0.00 secs] 
98.582: Total time for which application threads were stopped: 0.0474810 seconds, Stopping threads took: 0.0467480 seconds
98.584: Application time: 0.0014710 seconds
98.654: [GC98.654: [DefNew: 4177K->4177K(4288K), 0.0000080 secs]98.654: [Tenured: 6956K->3202K(9600K), 0.0052900 secs] 11133K->3202K(13888K), [Perm : 5108K->5108K(21248K)], 0.0053430 secs] [Times: user=0.00 sys=0.00, real=0.00 secs] 
98.659: Total time for which application threads were stopped: 0.0751900 seconds, Stopping threads took: 0.0697680 seconds
98.660: Application time: 0.0004850 seconds
98.693: [GC98.693: [DefNew: 3825K->392K(4288K), 0.0009130 secs] 7028K->6720K(13888K), 0.0009380 secs] [Times: user=0.00 sys=0.00, real=0.00 secs] 
98.694: Total time for which application threads were stopped: 0.0344760 seconds, Stopping threads took: 0.0334680 seconds
98.695: Application time: 0.0005910 seconds
98.756: [GC98.756: [DefNew: 4213K->4213K(4288K), 0.0000060 secs]98.756: [Tenured: 6327K->5391K(9600K), 0.0058480 secs] 10541K->5391K(13888K), [Perm : 5108K->5108K(21248K)], 0.0058950 secs] [Times: user=0.01 sys=0.00, real=0.00 secs] 
98.762: Total time for which application threads were stopped: 0.0674570 seconds, Stopping threads took: 0.0614860 seconds
98.763: Application time: 0.0008280 seconds
98.833: [GC98.833: [DefNew: 3825K->391K(4288K), 0.0008240 secs] 9217K->7932K(13888K), 0.0008550 secs] [Times: user=0.00 sys=0.00, real=0.00 secs] 
98.834: Total time for which application threads were stopped: 0.0714550 seconds, Stopping threads took: 0.0705270 seconds
98.835: Application time: 0.0004600 seconds
98.869: [GC98.869: [DefNew: 4217K->4217K(4288K), 0.0000090 secs]98.869: [Tenured: 7540K->4415K(9600K), 0.0061160 secs] 11757K->4415K(13888K), [Perm : 5108K->5108K(21248K)], 0.0061760 secs] [Times: user=0.01 sys=0.00, real=0.01 secs] 
98.875: Total time for which application threads were stopped: 0.0404720 seconds, Stopping threads took: 0.0342170 seconds
98.876: Application time: 0.0005180 seconds
98.943: [GC98.943: [DefNew: 3823K->391K(4288K), 0.0007910 secs] 8238K->7346K(13888K), 0.0008160 secs] [Times: user=0.00 sys=0.00, real=0.00 secs] 
98.944: Total time for which application threads were stopped: 0.0682300 seconds, Stopping threads took: 0.0673500 seconds
98.945: Application time: 0.0007790 seconds
98.992: [GC98.992: [DefNew: 4191K->4191K(4288K), 0.0000070 secs]98.992: [Tenured: 6954K->6788K(9600K), 0.0066290 secs] 11145K->6788K(13888K), [Perm : 5108K->5108K(21248K)], 0.0066760 secs] [Times: user=0.00 sys=0.00, real=0.01 secs] 
98.999: Total time for which application threads were stopped: 0.0538620 seconds, Stopping threads took: 0.0471120 seconds
99.071: Application time: 0.0720760 seconds
99.072: [GC99.073: [DefNew: 3727K->3727K(4288K), 0.0000090 secs]99.073: [Tenured: 6788K->1709K(9600K), 0.0056830 secs] 10515K->1709K(13888K), [Perm : 5108K->5108K(21248K)], 0.0057360 secs] [Times: user=0.01 sys=0.00, real=0.00 secs] 
99.078: Total time for which application threads were stopped: 0.0074980 seconds, Stopping threads took: 0.0016830 seconds
99.079: Application time: 0.0005180 seconds
99.079: [GC99.079: [DefNew: 3727K->392K(4288K), 0.0008450 secs] 5437K->5422K(13888K), 0.0008620 secs] [Times: user=0.00 sys=0.00, real=0.00 secs] 
99.080: Total time for which application threads were stopped: 0.0009880 seconds, Stopping threads took: 0.0000890 seconds
99.081: Application time: 0.0014880 seconds
99.150: [GC99.150: [DefNew: 4215K->391K(4288K), 0.0004390 secs] 9245K->6203K(13888K), 0.0004600 secs] [Times: user=0.00 sys=0.00, real=0.00 secs] 
99.150: Total time for which application threads were stopped: 0.0691430 seconds, Stopping threads took: 0.0686190 seconds
99.151: Application time: 0.0006940 seconds
99.203: [GC99.203: [DefNew: 4177K->4177K(4288K), 0.0000070 secs]99.203: [Tenured: 5812K->4220K(9600K), 0.0062880 secs] 9990K->4220K(13888K), [Perm : 5108K->5108K(21248K)], 0.0063350 secs] [Times: user=0.00 sys=0.00, real=0.01 secs] 
99.209: Total time for which application threads were stopped: 0.0581180 seconds, Stopping threads took: 0.0517090 seconds
99.210: Application time: 0.0004220 seconds
99.274: [GC99.274: [DefNew: 3825K->391K(4288K), 0.0008400 secs] 8045K->7346K(13888K), 0.0008610 secs] [Times: user=0.00 sys=0.00, real=0.00 secs] 
99.275: Total time for which application threads were stopped: 0.0652390 seconds, Stopping threads took: 0.0643220 seconds
99.275: Application time: 0.0004340 seconds
99.343: [GC99.343: [DefNew: 4217K->4217K(4288K), 0.0000070 secs]99.343: [Tenured: 6954K->4317K(9600K), 0.0058020 secs] 11171K->4317K(13888K), [Perm : 5108K->5108K(21248K)], 0.0058520 secs] [Times: user=0.01 sys=0.00, real=0.01 secs] 
99.349: Total time for which application threads were stopped: 0.0735830 seconds, Stopping threads took: 0.0676780 seconds
99.349: Application time: 0.0005610 seconds
99.383: [GC99.383: [DefNew: 3630K->294K(4288K), 0.0008490 secs] 7947K->7346K(13888K), 0.0008770 secs] [Times: user=0.00 sys=0.00, real=0.00 secs] 
99.384: Total time for which application threads were stopped: 0.0343890 seconds, Stopping threads took: 0.0334420 seconds
99.385: Application time: 0.0007830 seconds
99.455: [GC99.455: [DefNew: 4100K->4100K(4288K), 0.0000070 secs]99.455: [Tenured: 7052K->3077K(9600K), 0.0060520 secs] 11152K->3077K(13888K), [Perm : 5108K->5108K(21248K)], 0.0060970 secs] [Times: user=0.00 sys=0.00, real=0.00 secs] 
99.461: Total time for which application threads were stopped: 0.0760690 seconds, Stopping threads took: 0.0698930 seconds
99.461: Application time: 0.0004990 seconds
99.495: [GC99.495: [DefNew: 3532K->392K(4288K), 0.0007470 secs] 6609K->6008K(13888K), 0.0007720 secs] [Times: user=0.00 sys=0.00, real=0.00 secs] 
99.495: Total time for which application threads were stopped: 0.0340880 seconds, Stopping threads took: 0.0332430 seconds
99.496: Application time: 0.0005630 seconds
99.530: [GC99.530: [DefNew: 4111K->4111K(4288K), 0.0000070 secs]99.530: [Tenured: 5616K->6006K(9600K), 0.0058480 secs] 9727K->6006K(13888K), [Perm : 5108K->5108K(21248K)], 0.0058950 secs] [Times: user=0.01 sys=0.00, real=0.01 secs] 
99.536: Total time for which application threads were stopped: 0.0403720 seconds, Stopping threads took: 0.0344230 seconds
99.537: Application time: 0.0009480 seconds
99.608: [GC99.608: [DefNew: 3825K->3825K(4288K), 0.0000090 secs]99.608: [Tenured: 6006K->3341K(9600K), 0.0061270 secs] 9831K->3341K(13888K), [Perm : 5108K->5108K(21248K)], 0.0061810 secs] [Times: user=0.00 sys=0.00, real=0.01 secs] 
99.614: Total time for which application threads were stopped: 0.0768010 seconds, Stopping threads took: 0.0705420 seconds
99.615: Application time: 0.0005370 seconds
99.648: [GC99.648: [DefNew: 3825K->392K(4288K), 0.0009620 secs] 7167K->7054K(13888K), 0.0009830 secs] [Times: user=0.00 sys=0.00, real=0.00 secs] 
99.649: Total time for which application threads were stopped: 0.0343320 seconds, Stopping threads took: 0.0332840 seconds
99.649: Application time: 0.0004460 seconds
99.714: [GC99.714: [DefNew: 4117K->4117K(4288K), 0.0000070 secs]99.714: [Tenured: 6662K->5489K(9600K), 0.0064070 secs] 10779K->5489K(13888K), [Perm : 5108K->5108K(21248K)], 0.0064530 secs] [Times: user=0.01 sys=0.00, real=0.00 secs] 
99.720: Total time for which application threads were stopped: 0.0710960 seconds, Stopping threads took: 0.0645670 seconds
99.721: Application time: 0.0009350 seconds
99.792: [GC99.792: [DefNew: 3825K->391K(4288K), 0.0008530 secs] 9315K->8127K(13888K), 0.0008790 secs] [Times: user=0.00 sys=0.00, real=0.01 secs] 
99.792: Total time for which application threads were stopped: 0.0711300 seconds, Stopping threads took: 0.0701790 seconds
99.793: Application time: 0.0004850 seconds
99.863: [GC99.863: [DefNew: 4119K->4119K(4288K), 0.0000090 secs]99.863: [Tenured: 7736K->4415K(9600K), 0.0061720 secs] 11855K->4415K(13888K), [Perm : 5108K->5108K(21248K)], 0.0062270 secs] [Times: user=0.00 sys=0.00, real=0.01 secs] 
99.869: Total time for which application threads were stopped: 0.0763240 seconds, Stopping threads took: 0.0700380 seconds
99.870: Application time: 0.0006330 seconds
99.903: [GC99.903: [DefNew: 3803K->420K(4288K), 0.0007530 secs] 8219K->7179K(13888K), 0.0007730 secs] [Times: user=0.00 sys=0.00, real=0.00 secs] 
99.904: Total time for which application threads were stopped: 0.0343230 seconds, Stopping threads took: 0.0334860 seconds
99.905: Application time: 0.0007360 seconds
99.975: [GC99.975: [DefNew: 4245K->4245K(4288K), 0.0000080 secs]99.975: [Tenured: 6759K->3370K(9600K), 0.0054990 secs] 11004K->3370K(13888K), [Perm : 5108K->5108K(21248K)], 0.0055490 secs] [Times: user=0.01 sys=0.00, real=0.00 secs] 
99.981: Total time for which application threads were stopped: 0.0758510 seconds, Stopping threads took: 0.0702180 seconds
99.981: Application time: 0.0006120 seconds
100.015: [GC100.015: [DefNew: 3825K->392K(4288K), 0.0010000 secs] 7195K->7083K(13888K), 0.0010260 secs] [Times: user=0.00 sys=0.00, real=0.00 secs] 
100.016: Total time for which application threads were stopped: 0.0349120 seconds, Stopping threads took: 0.0338150 seconds
100.017: Application time: 0.0006950 seconds
100.082: [GC100.082: [DefNew: 4117K->4117K(4288K), 0.0000070 secs]100.082: [Tenured: 6690K->4415K(9600K), 0.0059160 secs] 10808K->4415K(13888K), [Perm : 5108K->5108K(21248K)], 0.0059650 secs] [Times: user=0.01 sys=0.00, real=0.01 secs] 
100.088: Total time for which application threads were stopped: 0.0708090 seconds, Stopping threads took: 0.0647660 seconds
100.089: Application time: 0.0007220 seconds
100.142: [GC100.142: [DefNew: 3806K->420K(4288K), 0.0008030 secs] 8221K->6984K(13888K), 0.0008310 secs] [Times: user=0.00 sys=0.00, real=0.00 secs] 
100.143: Total time for which application threads were stopped: 0.0539880 seconds, Stopping threads took: 0.0530840 seconds
100.143: Application time: 0.0004200 seconds
100.176: [GC100.176: [DefNew: 4245K->4245K(4288K), 0.0000060 secs]100.176: [Tenured: 6564K->4443K(9600K), 0.0056590 secs] 10810K->4443K(13888K), [Perm : 5108K->5108K(21248K)], 0.0057120 secs] [Times: user=0.00 sys=0.00, real=0.00 secs] 
100.182: Total time for which application threads were stopped: 0.0389700 seconds, Stopping threads took: 0.0332080 seconds
100.182: Application time: 0.0004630 seconds
100.233: [GC100.233: [DefNew: 3625K->391K(4288K), 0.0007740 secs] 8069K->7179K(13888K), 0.0007970 secs] [Times: user=0.00 sys=0.00, real=0.00 secs] 
100.233: Total time for which application threads were stopped: 0.0509800 seconds, Stopping threads took: 0.0501160 seconds
100.234: Application time: 0.0006750 seconds
100.286: [GC100.286: [DefNew: 4212K->4212K(4288K), 0.0000060 secs]100.286: [Tenured: 6787K->5420K(9600K), 0.0065030 secs] 11000K->5420K(13888K), [Perm : 5108K->5108K(21248K)], 0.0065450 secs] [Times: user=0.00 sys=0.00, real=0.01 secs] 
100.293: Total time for which application threads were stopped: 0.0588060 seconds, Stopping threads took: 0.0521880 seconds
100.294: Application time: 0.0009450 seconds
100.364: [GC100.364: [DefNew: 3825K->391K(4288K), 0.0008230 secs] 9245K->7961K(13888K), 0.0008540 secs] [Times: user=0.00 sys=0.00, real=0.01 secs] 
100.365: Total time for which application threads were stopped: 0.0708390 seconds, Stopping threads took: 0.0699140 seconds
100.365: Application time: 0.0004670 seconds
100.421: [GC100.421: [DefNew: 4217K->4217K(4288K), 0.0000080 secs]100.421: [Tenured: 7569K->4444K(9600K), 0.0057080 secs] 11786K->4444K(13888K), [Perm : 5108K->5108K(21248K)], 0.0057540 secs] [Times: user=0.01 sys=0.00, real=0.01 secs] 
100.427: Total time for which application threads were stopped: 0.0617020 seconds, Stopping threads took: 0.0558830 seconds
100.427: Application time: 0.0004990 seconds
100.473: [GC100.473: [DefNew: 3823K->391K(4288K), 0.0008490 secs] 8267K->7668K(13888K), 0.0008730 secs] [Times: user=0.01 sys=0.00, real=0.00 secs] 
100.474: Total time for which application threads were stopped: 0.0469610 seconds, Stopping threads took: 0.0460200 seconds
100.547: Application time: 0.0722090 seconds
100.549: [GC100.549: [DefNew: 4216K->4216K(4288K), 0.0000090 secs]100.549: [Tenured: 7276K->1290K(9600K), 0.0056930 secs] 11493K->1290K(13888K), [Perm : 5108K->5108K(21248K)], 0.0057440 secs] [Times: user=0.00 sys=0.00, real=0.01 secs] 
100.554: Total time for which application threads were stopped: 0.0079130 seconds, Stopping threads took: 0.0020850 seconds
100.555: Application time: 0.0006330 seconds
100.555: [GC100.555: [DefNew: 3727K->392K(4288K), 0.0008780 secs] 5018K->5003K(13888K), 0.0008940 secs] [Times: user=0.00 sys=0.00, real=0.00 secs] 
100.556: Total time for which application threads were stopped: 0.0010330 seconds, Stopping threads took: 0.0000810 seconds
100.557: Application time: 0.0013020 seconds
100.615: [GC100.615: [DefNew: 4113K->391K(4288K), 0.0004500 secs] 8724K->5980K(13888K), 0.0004690 secs] [Times: user=0.00 sys=0.00, real=0.00 secs] 
100.616: Total time for which application threads were stopped: 0.0584440 seconds, Stopping threads took: 0.0579150 seconds
100.617: Application time: 0.0006160 seconds
100.684: [GC100.684: [DefNew: 4197K->4197K(4288K), 0.0000080 secs]100.684: [Tenured: 5589K->3858K(9600K), 0.0059050 secs] 9786K->3858K(13888K), [Perm : 5108K->5108K(21248K)], 0.0059500 secs] [Times: user=0.01 sys=0.00, real=0.01 secs] 
100.690: Total time for which application threads were stopped: 0.0729970 seconds, Stopping threads took: 0.0669700 seconds
100.690: Application time: 0.0005320 seconds
100.754: [GC100.754: [DefNew: 3825K->391K(4288K), 0.0008270 secs] 7683K->6789K(13888K), 0.0008530 secs] [Times: user=0.00 sys=0.00, real=0.00 secs] 
100.755: Total time for which application threads were stopped: 0.0649500 seconds, Stopping threads took: 0.0640500 seconds
100.756: Application time: 0.0006110 seconds
100.790: [GC100.790: [DefNew: 4113K->4113K(4288K), 0.0000060 secs]100.790: [Tenured: 6397K->6006K(9600K), 0.0059630 secs] 10510K->6006K(13888K), [Perm : 5108K->5108K(21248K)], 0.0060170 secs] [Times: user=0.01 sys=0.00, real=0.01 secs] 
100.796: Total time for which application threads were stopped: 0.0404050 seconds, Stopping threads took: 0.0343130 seconds
100.797: Application time: 0.0012170 seconds
100.869: [GC100.869: [DefNew: 3708K->3708K(4288K), 0.0000100 secs]100.869: [Tenured: 6006K->2129K(9600K), 0.0051900 secs] 9714K->2129K(13888K), [Perm : 5108K->5108K(21248K)], 0.0052480 secs] [Times: user=0.01 sys=0.00, real=0.01 secs] 
100.874: Total time for which application threads were stopped: 0.0767330 seconds, Stopping threads took: 0.0714150 seconds
100.875: Application time: 0.0006220 seconds
100.908: [GC100.908: [DefNew: 3825K->392K(4288K), 0.0008470 secs] 5954K->5646K(13888K), 0.0008650 secs] [Times: user=0.00 sys=0.00, real=0.00 secs] 
100.909: Total time for which application threads were stopped: 0.0343550 seconds, Stopping threads took: 0.0334290 seconds
100.909: Application time: 0.0004290 seconds
100.943: [GC100.943: [DefNew: 4215K->391K(4288K), 0.0009930 secs] 9469K->8870K(13888K), 0.0016230 secs] [Times: user=0.00 sys=0.00, real=0.01 secs] 
100.945: Total time for which application threads were stopped: 0.0351690 seconds, Stopping threads took: 0.0334770 seconds
101.017: Application time: 0.0724440 seconds
101.019: [GC101.019: [DefNew: 4224K->4224K(4288K), 0.0000090 secs]101.019: [Tenured: 8478K->1665K(9600K), 0.0058340 secs] 12703K->1665K(13888K), [Perm : 5108K->5108K(21248K)], 0.0058850 secs] [Times: user=0.00 sys=0.00, real=0.01 secs] 
101.025: Total time for which application threads were stopped: 0.0078720 seconds, Stopping threads took: 0.0019100 seconds
101.026: Application time: 0.0006580 seconds
101.026: [GC101.026: [DefNew: 3794K->420K(4288K), 0.0008910 secs] 5459K->5406K(13888K), 0.0009080 secs] [Times: user=0.00 sys=0.00, real=0.00 secs] 
101.027: Total time for which application threads were stopped: 0.0013280 seconds, Stopping threads took: 0.0003830 seconds
101.028: Application time: 0.0014160 seconds
101.098: [GC101.098: [DefNew: 4243K->391K(4288K), 0.0005580 secs] 9229K->6579K(13888K), 0.0005810 secs] [Times: user=0.00 sys=0.00, real=0.00 secs] 
101.099: Total time for which application threads were stopped: 0.0702720 seconds, Stopping threads took: 0.0696210 seconds
101.099: Application time: 0.0004060 seconds
101.133: [GC101.133: [DefNew: 4216K->4216K(4288K), 0.0000070 secs]101.133: [Tenured: 6187K->4419K(9600K), 0.0063010 secs] 10404K->4419K(13888K), [Perm : 5108K->5108K(21248K)], 0.0063420 secs] [Times: user=0.01 sys=0.00, real=0.00 secs] 
101.140: Total time for which application threads were stopped: 0.0408840 seconds, Stopping threads took: 0.0344700 seconds
101.141: Application time: 0.0007090 seconds
101.190: [GC101.190: [DefNew: 3803K->420K(4288K), 0.0008460 secs] 8223K->7867K(13888K), 0.0008690 secs] [Times: user=0.00 sys=0.00, real=0.00 secs] 
101.191: Total time for which application threads were stopped: 0.0501250 seconds, Stopping threads took: 0.0491880 seconds
101.264: Application time: 0.0730450 seconds
101.264: [GC101.264: [DefNew: 4245K->4245K(4288K), 0.0000100 secs]101.264: [Tenured: 7447K->2301K(9600K), 0.0057720 secs] 11692K->2301K(13888K), [Perm : 5108K->5108K(21248K)], 0.0058270 secs] [Times: user=0.00 sys=0.01, real=0.01 secs] 
101.270: Total time for which application threads were stopped: 0.0064090 seconds, Stopping threads took: 0.0005260 seconds
101.271: Application time: 0.0006400 seconds
101.304: [GC101.304: [DefNew: 3773K->294K(4288K), 0.0008260 secs] 6074K->5720K(13888K), 0.0008520 secs] [Times: user=0.00 sys=0.00, real=0.01 secs] 
101.305: Total time for which application threads were stopped: 0.0343780 seconds, Stopping threads took: 0.0334820 seconds
101.306: Application time: 0.0005030 seconds
101.356: [GC101.356: [DefNew: 4047K->419K(4288K), 0.0008770 secs] 9474K->8581K(13888K), 0.0009010 secs] [Times: user=0.00 sys=0.00, real=0.00 secs] 
101.357: Total time for which application threads were stopped: 0.0514380 seconds, Stopping threads took: 0.0504930 seconds
101.358: Application time: 0.0007960 seconds
101.428: [GC101.428: [DefNew: 4244K->4244K(4288K), 0.0000090 secs]101.428: [Tenured: 8162K->3892K(9600K), 0.0063040 secs] 12406K->3892K(13888K), [Perm : 5108K->5108K(21248K)], 0.0063610 secs] [Times: user=0.00 sys=0.00, real=0.01 secs] 
101.434: Total time for which application threads were stopped: 0.0764210 seconds, Stopping threads took: 0.0699850 seconds
101.435: Application time: 0.0005830 seconds
101.469: [GC101.469: [DefNew: 3513K->420K(4288K), 0.0007780 secs] 7405K->6656K(13888K), 0.0008010 secs] [Times: user=0.00 sys=0.00, real=0.00 secs] 
101.469: Total time for which application threads were stopped: 0.0345760 seconds, Stopping threads took: 0.0337060 seconds
101.470: Application time: 0.0003400 seconds
101.504: [GC101.504: [DefNew: 4144K->4144K(4288K), 0.0000070 secs]101.504: [Tenured: 6236K->6662K(9600K), 0.0057020 secs] 10380K->6662K(13888K), [Perm : 5108K->5108K(21248K)], 0.0057490 secs] [Times: user=0.00 sys=0.00, real=0.01 secs] 
101.509: Total time for which application threads were stopped: 0.0394830 seconds, Stopping threads took: 0.0336570 seconds
101.582: Application time: 0.0725040 seconds
101.583: [GC101.583: [DefNew: 3629K->3629K(4288K), 0.0000090 secs]101.583: [Tenured: 6662K->1681K(9600K), 0.0058050 secs] 10291K->1681K(13888K), [Perm : 5108K->5108K(21248K)], 0.0058570 secs] [Times: user=0.00 sys=0.00, real=0.01 secs] 
101.589: Total time for which application threads were stopped: 0.0071210 seconds, Stopping threads took: 0.0011870 seconds
101.590: Application time: 0.0006210 seconds
101.590: [GC101.590: [DefNew: 3725K->392K(4288K), 0.0008630 secs] 5407K->5394K(13888K), 0.0008810 secs] [Times: user=0.00 sys=0.00, real=0.00 secs] 
101.591: Total time for which application threads were stopped: 0.0012550 seconds, Stopping threads took: 0.0003160 seconds
101.592: Application time: 0.0011600 seconds
101.659: [GC101.659: [DefNew: 4215K->391K(4288K), 0.0004390 secs] 9217K->6176K(13888K), 0.0004590 secs] [Times: user=0.00 sys=0.00, real=0.00 secs] 
101.660: Total time for which application threads were stopped: 0.0675540 seconds, Stopping threads took: 0.0670260 seconds
101.660: Application time: 0.0003900 seconds
101.694: [GC101.694: [DefNew: 3880K->3880K(4288K), 0.0000070 secs]101.694: [Tenured: 5785K->4030K(9600K), 0.0057630 secs] 9665K->4030K(13888K), [Perm : 5108K->5108K(21248K)], 0.0058090 secs] [Times: user=0.00 sys=0.00, real=0.00 secs] 
101.700: Total time for which application threads were stopped: 0.0395810 seconds, Stopping threads took: 0.0336960 seconds
101.700: Application time: 0.0004270 seconds
101.745: [GC101.745: [DefNew: 3556K->415K(4288K), 0.0007680 secs] 7586K->6985K(13888K), 0.0007890 secs] [Times: user=0.00 sys=0.00, real=0.00 secs] 
101.746: Total time for which application threads were stopped: 0.0459220 seconds, Stopping threads took: 0.0450710 seconds
101.747: Application time: 0.0009980 seconds
101.817: [GC101.817: [DefNew: 4237K->4237K(4288K), 0.0000080 secs]101.817: [Tenured: 6569K->4251K(9600K), 0.0061680 secs] 10806K->4251K(13888K), [Perm : 5108K->5108K(21248K)], 0.0062140 secs] [Times: user=0.01 sys=0.00, real=0.00 secs] 
101.823: Total time for which application threads were stopped: 0.0759700 seconds, Stopping threads took: 0.0696800 seconds
101.823: Application time: 0.0005900 seconds
101.857: [GC101.858: [DefNew: 3825K->392K(4288K), 0.0010150 secs] 8076K->7378K(13888K), 0.0010480 secs] [Times: user=0.00 sys=0.00, real=0.00 secs] 
101.859: Total time for which application threads were stopped: 0.0351260 seconds, Stopping threads took: 0.0339990 seconds
101.859: Application time: 0.0004410 seconds
101.893: [GC101.893: [DefNew: 4215K->4215K(4288K), 0.0000070 secs]101.893: [Tenured: 6985K->6076K(9600K), 0.0059560 secs] 11201K->6076K(13888K), [Perm : 5108K->5108K(21248K)], 0.0060050 secs] [Times: user=0.01 sys=0.00, real=0.00 secs] 
101.899: Total time for which application threads were stopped: 0.0396430 seconds, Stopping threads took: 0.0335820 seconds
101.970: Application time: 0.0716730 seconds
101.972: [GC101.972: [DefNew: 3825K->3825K(4288K), 0.0000100 secs]101.972: [Tenured: 6076K->1291K(9600K), 0.0057280 secs] 9901K->1291K(13888K), [Perm : 5108K->5108K(21248K)], 0.0057860 secs] [Times: user=0.01 sys=0.00, real=0.01 secs] 
101.978: Total time for which application threads were stopped: 0.0073280 seconds, Stopping threads took: 0.0014640 seconds
101.978: Application time: 0.0006540 seconds
101.979: [GC101.979: [DefNew: 3725K->392K(4288K), 0.0008400 secs] 5017K->5003K(13888K), 0.0008550 secs] [Times: user=0.00 sys=0.00, real=0.00 secs] 
101.980: Total time for which application threads were stopped: 0.0011910 seconds, Stopping threads took: 0.0002760 seconds
101.980: Application time: 0.0006560 seconds
102.050: [GC102.050: [DefNew: 4113K->391K(4288K), 0.0006410 secs] 8725K->6371K(13888K), 0.0006670 secs] [Times: user=0.00 sys=0.00, real=0.00 secs] 
102.051: Total time for which application threads were stopped: 0.0705840 seconds, Stopping threads took: 0.0698720 seconds
102.051: Application time: 0.0007340 seconds
102.117: [GC102.117: [DefNew: 4214K->4214K(4288K), 0.0000080 secs]102.117: [Tenured: 5980K->3929K(9600K), 0.0061160 secs] 10194K->3929K(13888K), [Perm : 5108K->5108K(21248K)], 0.0061640 secs] [Times: user=0.01 sys=0.00, real=0.00 secs] 
102.123: Total time for which application threads were stopped: 0.0713300 seconds, Stopping threads took: 0.0650890 seconds
102.123: Application time: 0.0005320 seconds
102.162: [GC102.162: [DefNew: 3727K->392K(4288K), 0.0009210 secs] 7657K->7056K(13888K), 0.0009450 secs] [Times: user=0.00 sys=0.00, real=0.00 secs] 
102.163: Total time for which application threads were stopped: 0.0393770 seconds, Stopping threads took: 0.0383540 seconds
102.163: Application time: 0.0005130 seconds
102.164: [GC102.164: [DefNew: 4113K->4113K(4288K), 0.0000060 secs]102.164: [Tenured: 6663K->8127K(9600K), 0.0063730 secs] 10777K->8127K(13888K), [Perm : 5108K->5108K(21248K)], 0.0064180 secs] [Times: user=0.00 sys=0.00, real=0.01 secs] 
102.170: Total time for which application threads were stopped: 0.0067790 seconds, Stopping threads took: 0.0003060 seconds
102.243: Application time: 0.0733280 seconds
102.277: [GC102.277: [DefNew: 3825K->3825K(4288K), 0.0000100 secs]102.277: [Tenured: 8127K->2267K(9600K), 0.0054960 secs] 11952K->2267K(13888K), [Perm : 5108K->5108K(21248K)], 0.0055470 secs] [Times: user=0.01 sys=0.00, real=0.00 secs] 
102.283: Total time for which application threads were stopped: 0.0394100 seconds, Stopping threads took: 0.0337850 seconds
102.283: Application time: 0.0007030 seconds
102.317: [GC102.317: [DefNew: 3833K->400K(4288K), 0.0008770 secs] 6101K->5793K(13888K), 0.0009000 secs] [Times: user=0.00 sys=0.00, real=0.00 secs] 
102.318: Total time for which application threads were stopped: 0.0347120 seconds, Stopping threads took: 0.0337450 seconds
102.319: Application time: 0.0004050 seconds
102.380: [GC102.380: [DefNew: 4193K->419K(4288K), 0.0007700 secs] 9586K->7962K(13888K), 0.0007970 secs] [Times: user=0.00 sys=0.00, real=0.00 secs] 
102.381: Total time for which application threads were stopped: 0.0624840 seconds, Stopping threads took: 0.0616390 seconds
102.381: Application time: 0.0004050 seconds
102.434: [GC102.434: [DefNew: 3952K->3952K(4288K), 0.0000070 secs]102.434: [Tenured: 7542K->4737K(9600K), 0.0059470 secs] 11494K->4737K(13888K), [Perm : 5108K->5108K(21248K)], 0.0059900 secs] [Times: user=0.01 sys=0.00, real=0.00 secs] 
102.440: Total time for which application threads were stopped: 0.0583940 seconds, Stopping threads took: 0.0523310 seconds
102.441: Application time: 0.0009180 seconds
102.511: [GC102.511: [DefNew: 3805K->322K(4288K), 0.0007700 secs] 8543K->7208K(13888K), 0.0007960 secs] [Times: user=0.00 sys=0.00, real=0.00 secs] 
102.512: Total time for which application threads were stopped: 0.0714790 seconds, Stopping threads took: 0.0706110 seconds
102.513: Application time: 0.0004080 seconds
102.565: [GC102.565: [DefNew: 3855K->3855K(4288K), 0.0000070 secs]102.565: [Tenured: 6886K->4472K(9600K), 0.0058370 secs] 10741K->4472K(13888K), [Perm : 5108K->5108K(21248K)], 0.0058950 secs] [Times: user=0.01 sys=0.00, real=0.00 secs] 
102.571: Total time for which application threads were stopped: 0.0586160 seconds, Stopping threads took: 0.0526450 seconds
102.572: Application time: 0.0004560 seconds
102.617: [GC102.617: [DefNew: 3823K->391K(4288K), 0.0008760 secs] 8296K->7696K(13888K), 0.0008990 secs] [Times: user=0.00 sys=0.00, real=0.00 secs] 
102.618: Total time for which application threads were stopped: 0.0461390 seconds, Stopping threads took: 0.0451720 seconds
102.690: Application time: 0.0716130 seconds
102.691: [GC102.691: [DefNew: 4216K->4216K(4288K), 0.0000090 secs]102.691: [Tenured: 7305K->1739K(9600K), 0.0057480 secs] 11522K->1739K(13888K), [Perm : 5108K->5108K(21248K)], 0.0057990 secs] [Times: user=0.01 sys=0.00, real=0.01 secs] 
102.697: Total time for which application threads were stopped: 0.0077170 seconds, Stopping threads took: 0.0018320 seconds
102.698: Application time: 0.0006500 seconds
102.698: [GC102.698: [DefNew: 3776K->441K(4288K), 0.0008820 secs] 5515K->5500K(13888K), 0.0009040 secs] [Times: user=0.00 sys=0.00, real=0.00 secs] 
102.699: Total time for which application threads were stopped: 0.0013120 seconds, Stopping threads took: 0.0003410 seconds
102.700: Application time: 0.0004270 seconds
102.763: [GC102.763: [DefNew: 4196K->419K(4288K), 0.0008840 secs] 9256K->8020K(13888K), 0.0009110 secs] [Times: user=0.00 sys=0.00, real=0.00 secs] 
102.764: Total time for which application threads were stopped: 0.0640590 seconds, Stopping threads took: 0.0630800 seconds
102.764: Application time: 0.0007250 seconds
102.819: [GC102.819: [DefNew: 4225K->4225K(4288K), 0.0000070 secs]102.819: [Tenured: 7600K->3830K(9600K), 0.0059960 secs] 11826K->3830K(13888K), [Perm : 5108K->5108K(21248K)], 0.0060450 secs] [Times: user=0.00 sys=0.00, real=0.01 secs] 
102.825: Total time for which application threads were stopped: 0.0610640 seconds, Stopping threads took: 0.0549440 seconds
102.826: Application time: 0.0005010 seconds
102.886: [GC102.886: [DefNew: 3825K->391K(4288K), 0.0009690 secs] 7655K->6761K(13888K), 0.0010020 secs] [Times: user=0.00 sys=0.00, real=0.00 secs] 
102.887: Total time for which application threads were stopped: 0.0610260 seconds, Stopping threads took: 0.0599470 seconds
102.887: Application time: 0.0004230 seconds
102.920: [GC102.920: [DefNew: 4215K->4215K(4288K), 0.0000060 secs]102.920: [Tenured: 6369K->7150K(9600K), 0.0062530 secs] 10584K->7150K(13888K), [Perm : 5108K->5108K(21248K)], 0.0062990 secs] [Times: user=0.01 sys=0.00, real=0.01 secs] 
102.927: Total time for which application threads were stopped: 0.0390940 seconds, Stopping threads took: 0.0327160 seconds
102.998: Application time: 0.0717770 seconds
103.001: [GC103.001: [DefNew: 3727K->3727K(4288K), 0.0000090 secs]103.001: [Tenured: 7150K->2267K(9600K), 0.0049700 secs] 10878K->2267K(13888K), [Perm : 5108K->5108K(21248K)], 0.0050250 secs] [Times: user=0.00 sys=0.00, real=0.01 secs] 
103.006: Total time for which application threads were stopped: 0.0078620 seconds, Stopping threads took: 0.0027600 seconds
103.007: Application time: 0.0005780 seconds
103.041: [GC103.041: [DefNew: 3704K->420K(4288K), 0.0008360 secs] 5972K->5618K(13888K), 0.0008560 secs] [Times: user=0.00 sys=0.00, real=0.00 secs] 
103.041: Total time for which application threads were stopped: 0.0346300 seconds, Stopping threads took: 0.0337100 seconds
103.042: Application time: 0.0003140 seconds
103.075: [GC103.075: [DefNew: 4243K->391K(4288K), 0.0008570 secs] 9441K->8157K(13888K), 0.0008820 secs] [Times: user=0.00 sys=0.00, real=0.00 secs] 
103.076: Total time for which application threads were stopped: 0.0344460 seconds, Stopping threads took: 0.0334960 seconds
103.077: Application time: 0.0007910 seconds
103.147: [GC103.147: [DefNew: 4216K->4216K(4288K), 0.0000080 secs]103.147: [Tenured: 7766K->3860K(9600K), 0.0062130 secs] 11983K->3860K(13888K), [Perm : 5108K->5108K(21248K)], 0.0062630 secs] [Times: user=0.01 sys=0.00, real=0.01 secs] 
103.153: Total time for which application threads were stopped: 0.0761220 seconds, Stopping threads took: 0.0697810 seconds
103.154: Application time: 0.0005180 seconds
103.187: [GC103.187: [DefNew: 3708K->420K(4288K), 0.0008200 secs] 7568K->6820K(13888K), 0.0008500 secs] [Times: user=0.00 sys=0.00, real=0.00 secs] 
103.188: Total time for which application threads were stopped: 0.0344060 seconds, Stopping threads took: 0.0334890 seconds
103.189: Application time: 0.0006220 seconds
103.222: [GC103.222: [DefNew: 4241K->4241K(4288K), 0.0000070 secs]103.222: [Tenured: 6399K->5881K(9600K), 0.0065180 secs] 10641K->5881K(13888K), [Perm : 5108K->5108K(21248K)], 0.0065610 secs] [Times: user=0.01 sys=0.00, real=0.01 secs] 
103.229: Total time for which application threads were stopped: 0.0404450 seconds, Stopping threads took: 0.0338040 seconds
103.230: Application time: 0.0010020 seconds
103.300: [GC103.300: [DefNew: 3825K->3825K(4288K), 0.0000090 secs]103.300: [Tenured: 5881K->3244K(9600K), 0.0047570 secs] 9706K->3244K(13888K), [Perm : 5108K->5108K(21248K)], 0.0048100 secs] [Times: user=0.00 sys=0.00, real=0.01 secs] 
103.305: Total time for which application threads were stopped: 0.0750080 seconds, Stopping threads took: 0.0701390 seconds
103.306: Application time: 0.0004990 seconds
103.352: [GC103.352: [DefNew: 3727K->392K(4288K), 0.0008840 secs] 6972K->6762K(13888K), 0.0009040 secs] [Times: user=0.00 sys=0.00, real=0.00 secs] 
103.353: Total time for which application threads were stopped: 0.0476780 seconds, Stopping threads took: 0.0467080 seconds
103.354: Application time: 0.0004640 seconds
103.388: [GC103.388: [DefNew: 4098K->4098K(4288K), 0.0000070 secs]103.388: [Tenured: 6370K->6301K(9600K), 0.0065950 secs] 10468K->6301K(13888K), [Perm : 5108K->5108K(21248K)], 0.0066400 secs] [Times: user=0.00 sys=0.00, real=0.01 secs] 
103.394: Total time for which application threads were stopped: 0.0405460 seconds, Stopping threads took: 0.0338310 seconds
103.467: Application time: 0.0726330 seconds
103.468: [GC103.468: [DefNew: 3825K->3825K(4288K), 0.0000100 secs]103.468: [Tenured: 6301K->1516K(9600K), 0.0056800 secs] 10126K->1516K(13888K), [Perm : 5108K->5108K(21248K)], 0.0057370 secs] [Times: user=0.00 sys=0.01, real=0.01 secs] 
103.474: Total time for which application threads were stopped: 0.0071270 seconds, Stopping threads took: 0.0013330 seconds
103.475: Application time: 0.0006220 seconds
103.475: [GC103.475: [DefNew: 3727K->392K(4288K), 0.0008570 secs] 5244K->5229K(13888K), 0.0008790 secs] [Times: user=0.00 sys=0.00, real=0.00 secs] 
103.476: Total time for which application threads were stopped: 0.0012390 seconds, Stopping threads took: 0.0002940 seconds
103.477: Application time: 0.0009640 seconds
103.510: [GC103.510: [DefNew: 4213K->391K(4288K), 0.0006680 secs] 9050K->7378K(13888K), 0.0006930 secs] [Times: user=0.00 sys=0.00, real=0.00 secs] 
103.511: Total time for which application threads were stopped: 0.0342640 seconds, Stopping threads took: 0.0335160 seconds
103.512: Application time: 0.0007870 seconds
103.582: [GC103.582: [DefNew: 4216K->4216K(4288K), 0.0000090 secs]103.582: [Tenured: 6987K->4221K(9600K), 0.0063270 secs] 11203K->4221K(13888K), [Perm : 5108K->5108K(21248K)], 0.0063760 secs] [Times: user=0.01 sys=0.00, real=0.01 secs] 
103.588: Total time for which application threads were stopped: 0.0765170 seconds, Stopping threads took: 0.0700640 seconds
103.589: Application time: 0.0008360 seconds
103.639: [GC103.639: [DefNew: 3806K->420K(4288K), 0.0009840 secs] 8027K->7669K(13888K), 0.0010100 secs] [Times: user=0.00 sys=0.00, real=0.00 secs] 
103.640: Total time for which application threads were stopped: 0.0508100 seconds, Stopping threads took: 0.0497280 seconds
103.641: Application time: 0.0004160 seconds
103.710: [GC103.710: [DefNew: 4050K->4050K(4288K), 0.0000080 secs]103.710: [Tenured: 7248K->4054K(9600K), 0.0062170 secs] 11299K->4054K(13888K), [Perm : 5108K->5108K(21248K)], 0.0062600 secs] [Times: user=0.00 sys=0.00, real=0.01 secs] 
103.716: Total time for which application threads were stopped: 0.0756630 seconds, Stopping threads took: 0.0693270 seconds
103.717: Application time: 0.0004850 seconds
103.768: [GC103.768: [DefNew: 3625K->391K(4288K), 0.0008300 secs] 7680K->7376K(13888K), 0.0008620 secs] [Times: user=0.00 sys=0.00, real=0.00 secs] 
103.769: Total time for which application threads were stopped: 0.0521310 seconds, Stopping threads took: 0.0511950 seconds
103.841: Application time: 0.0719630 seconds
103.843: [GC103.843: [DefNew: 4119K->4119K(4288K), 0.0000110 secs]103.843: [Tenured: 6984K->1906K(9600K), 0.0051150 secs] 11103K->1906K(13888K), [Perm : 5108K->5108K(21248K)], 0.0051700 secs] [Times: user=0.01 sys=0.00, real=0.01 secs] 
103.848: Total time for which application threads were stopped: 0.0075370 seconds, Stopping threads took: 0.0023000 seconds
103.849: Application time: 0.0006670 seconds
103.849: [GC103.849: [DefNew: 3725K->392K(4288K), 0.0008720 secs] 5632K->5619K(13888K), 0.0008900 secs] [Times: user=0.00 sys=0.00, real=0.00 secs] 
103.850: Total time for which application threads were stopped: 0.0012460 seconds, Stopping threads took: 0.0002980 seconds
103.851: Application time: 0.0012500 seconds
103.916: [GC103.917: [DefNew: 4217K->391K(4288K), 0.0007520 secs] 9444K->7865K(13888K), 0.0007760 secs] [Times: user=0.00 sys=0.00, real=0.00 secs] 
103.917: Total time for which application threads were stopped: 0.0658140 seconds, Stopping threads took: 0.0649840 seconds
103.918: Application time: 0.0007460 seconds
103.988: [GC103.988: [DefNew: 4216K->4216K(4288K), 0.0000080 secs]103.988: [Tenured: 7474K->4641K(9600K), 0.0062850 secs] 11691K->4641K(13888K), [Perm : 5108K->5108K(21248K)], 0.0063370 secs] [Times: user=0.01 sys=0.00, real=0.01 secs] 
103.994: Total time for which application threads were stopped: 0.0760740 seconds, Stopping threads took: 0.0696830 seconds
103.995: Application time: 0.0005230 seconds
104.061: [GC104.061: [DefNew: 3532K->392K(4288K), 0.0007010 secs] 8173K->6986K(13888K), 0.0007240 secs] [Times: user=0.00 sys=0.00, real=0.00 secs] 
104.062: Total time for which application threads were stopped: 0.0670330 seconds, Stopping threads took: 0.0662430 seconds
104.062: Application time: 0.0003210 seconds
104.064: [GC104.064: [DefNew: 3916K->3916K(4288K), 0.0000060 secs]104.064: [Tenured: 6594K->7150K(9600K), 0.0067330 secs] 10510K->7150K(13888K), [Perm : 5108K->5108K(21248K)], 0.0067750 secs] [Times: user=0.01 sys=0.00, real=0.01 secs] 
104.070: Total time for which application threads were stopped: 0.0083630 seconds, Stopping threads took: 0.0015150 seconds
104.147: Application time: 0.0771260 seconds
104.181: [GC104.181: [DefNew: 3825K->3825K(4288K), 0.0000090 secs]104.181: [Tenured: 7150K->1291K(9600K), 0.0050660 secs] 10976K->1291K(13888K), [Perm : 5108K->5108K(21248K)], 0.0051190 secs] [Times: user=0.01 sys=0.00, real=0.01 secs] 
104.186: Total time for which application threads were stopped: 0.0382770 seconds, Stopping threads took: 0.0330790 seconds
104.186: Application time: 0.0005040 seconds
104.187: [GC104.187: [DefNew: 3727K->392K(4288K), 0.0007950 secs] 5019K->5004K(13888K), 0.0008160 secs] [Times: user=0.00 sys=0.00, real=0.00 secs] 
104.188: Total time for which application threads were stopped: 0.0012610 seconds, Stopping threads took: 0.0003800 seconds
104.189: Application time: 0.0010700 seconds
104.251: [GC104.251: [DefNew: 4119K->391K(4288K), 0.0006570 secs] 8732K->6763K(13888K), 0.0006810 secs] [Times: user=0.01 sys=0.00, real=0.00 secs] 
104.252: Total time for which application threads were stopped: 0.0630030 seconds, Stopping threads took: 0.0622570 seconds
104.252: Application time: 0.0006620 seconds
104.305: [GC104.305: [DefNew: 4197K->4197K(4288K), 0.0000060 secs]104.305: [Tenured: 6372K->3859K(9600K), 0.0055830 secs] 10569K->3859K(13888K), [Perm : 5108K->5108K(21248K)], 0.0056300 secs] [Times: user=0.00 sys=0.00, real=0.00 secs] 
104.310: Total time for which application threads were stopped: 0.0581900 seconds, Stopping threads took: 0.0524790 seconds
104.311: Application time: 0.0004840 seconds
104.373: [GC104.373: [DefNew: 3825K->391K(4288K), 0.0008020 secs] 7684K->6790K(13888K), 0.0008250 secs] [Times: user=0.00 sys=0.00, real=0.00 secs] 
104.374: Total time for which application threads were stopped: 0.0627890 seconds, Stopping threads took: 0.0618890 seconds
104.374: Application time: 0.0006110 seconds
104.407: [GC104.407: [DefNew: 4113K->4113K(4288K), 0.0000060 secs]104.407: [Tenured: 6398K->7081K(9600K), 0.0054730 secs] 10511K->7081K(13888K), [Perm : 5108K->5108K(21248K)], 0.0055180 secs] [Times: user=0.00 sys=0.00, real=0.01 secs] 
104.413: Total time for which application threads were stopped: 0.0384190 seconds, Stopping threads took: 0.0328370 seconds
104.484: Application time: 0.0716510 seconds
104.486: [GC104.486: [DefNew: 3825K->3825K(4288K), 0.0000080 secs]104.486: [Tenured: 7081K->2268K(9600K), 0.0052720 secs] 10907K->2268K(13888K), [Perm : 5108K->5108K(21248K)], 0.0053250 secs] [Times: user=0.01 sys=0.00, real=0.00 secs] 
104.491: Total time for which application threads were stopped: 0.0070290 seconds, Stopping threads took: 0.0016470 seconds
104.492: Application time: 0.0005830 seconds
104.492: [GC104.492: [DefNew: 3804K->420K(4288K), 0.0008770 secs] 6072K->6009K(13888K), 0.0008970 secs] [Times: user=0.00 sys=0.00, real=0.01 secs] 
104.493: Total time for which application threads were stopped: 0.0011110 seconds, Stopping threads took: 0.0001740 seconds
104.494: Application time: 0.0009030 seconds
104.565: [GC104.565: [DefNew: 4245K->4245K(4288K), 0.0000080 secs]104.565: [Tenured: 5588K->2298K(9600K), 0.0059340 secs] 9834K->2298K(13888K), [Perm : 5108K->5108K(21248K)], 0.0059810 secs] [Times: user=0.00 sys=0.00, real=0.00 secs] 
104.571: Total time for which application threads were stopped: 0.0767940 seconds, Stopping threads took: 0.0707390 seconds
104.571: Application time: 0.0006370 seconds
104.605: [GC104.605: [DefNew: 3692K->404K(4288K), 0.0008600 secs] 5991K->5828K(13888K), 0.0008830 secs] [Times: user=0.00 sys=0.00, real=0.00 secs] 
104.606: Total time for which application threads were stopped: 0.0342210 seconds, Stopping threads took: 0.0332710 seconds
104.606: Application time: 0.0004380 seconds
104.641: [GC104.641: [DefNew: 4241K->4241K(4288K), 0.0000060 secs]104.641: [Tenured: 5423K->6524K(9600K), 0.0059280 secs] 9665K->6524K(13888K), [Perm : 5108K->5108K(21248K)], 0.0059770 secs] [Times: user=0.00 sys=0.00, real=0.01 secs] 
104.647: Total time for which application threads were stopped: 0.0408680 seconds, Stopping threads took: 0.0348140 seconds
104.720: Application time: 0.0724870 seconds
104.721: [GC104.721: [DefNew: 3825K->3825K(4288K), 0.0000100 secs]104.721: [Tenured: 6524K->1739K(9600K), 0.0057740 secs] 10349K->1739K(13888K), [Perm : 5108K->5108K(21248K)], 0.0058230 secs] [Times: user=0.01 sys=0.00, real=0.01 secs] 
104.726: Total time for which application threads were stopped: 0.0069270 seconds, Stopping threads took: 0.0010280 seconds
104.727: Application time: 0.0005680 seconds
104.727: [GC104.727: [DefNew: 3773K->440K(4288K), 0.0008910 secs] 5513K->5500K(13888K), 0.0009080 secs] [Times: user=0.00 sys=0.00, real=0.00 secs] 
104.728: Total time for which application threads were stopped: 0.0012680 seconds, Stopping threads took: 0.0003000 seconds
104.729: Application time: 0.0008680 seconds
104.798: [GC104.798: [DefNew: 4094K->419K(4288K), 0.0002790 secs] 9154K->5480K(13888K), 0.0003020 secs] [Times: user=0.00 sys=0.00, real=0.00 secs] 
104.798: Total time for which application threads were stopped: 0.0690630 seconds, Stopping threads took: 0.0687000 seconds
104.799: Application time: 0.0002940 seconds
104.853: [GC104.853: [DefNew: 4049K->391K(4288K), 0.0009120 secs] 9110K->7825K(13888K), 0.0009420 secs] [Times: user=0.00 sys=0.00, real=0.00 secs] 
104.854: Total time for which application threads were stopped: 0.0551880 seconds, Stopping threads took: 0.0541840 seconds
104.854: Application time: 0.0005450 seconds
104.888: [GC104.888: [DefNew: 4212K->4212K(4288K), 0.0000070 secs]104.888: [Tenured: 7433K->5686K(9600K), 0.0059410 secs] 11646K->5686K(13888K), [Perm : 5108K->5108K(21248K)], 0.0059890 secs] [Times: user=0.01 sys=0.00, real=0.01 secs] 
104.894: Total time for which application threads were stopped: 0.0395220 seconds, Stopping threads took: 0.0334670 seconds
104.895: Application time: 0.0008780 seconds
104.965: [GC104.965: [DefNew: 3825K->391K(4288K), 0.0009220 secs] 9511K->8520K(13888K), 0.0009580 secs] [Times: user=0.00 sys=0.00, real=0.00 secs] 
104.966: Total time for which application threads were stopped: 0.0709270 seconds, Stopping threads took: 0.0698960 seconds
104.966: Application time: 0.0004810 seconds
105.030: [GC105.030: [DefNew: 3924K->3924K(4288K), 0.0000080 secs]105.030: [Tenured: 8128K->4416K(9600K), 0.0059130 secs] 12052K->4416K(13888K), [Perm : 5108K->5108K(21248K)], 0.0059570 secs] [Times: user=0.00 sys=0.00, real=0.01 secs] 
105.036: Total time for which application threads were stopped: 0.0697650 seconds, Stopping threads took: 0.0637330 seconds
105.036: Application time: 0.0005720 seconds
105.069: [GC105.069: [DefNew: 3823K->391K(4288K), 0.0008460 secs] 8240K->7933K(13888K), 0.0008700 secs] [Times: user=0.00 sys=0.00, real=0.00 secs] 
105.070: Total time for which application threads were stopped: 0.0339270 seconds, Stopping threads took: 0.0330010 seconds
105.144: Application time: 0.0732650 seconds
105.177: [GC105.177: [DefNew: 4216K->4216K(4288K), 0.0000100 secs]105.177: [Tenured: 7542K->1683K(9600K), 0.0049430 secs] 11758K->1683K(13888K), [Perm : 5108K->5108K(21248K)], 0.0049910 secs] [Times: user=0.01 sys=0.00, real=0.00 secs] 
105.182: Total time for which application threads were stopped: 0.0386060 seconds, Stopping threads took: 0.0335510 seconds
105.183: Application time: 0.0006760 seconds
105.183: [GC105.183: [DefNew: 3830K->396K(4288K), 0.0009040 secs] 5513K->5399K(13888K), 0.0009250 secs] [Times: user=0.00 sys=0.00, real=0.00 secs] 
105.184: Total time for which application threads were stopped: 0.0013600 seconds, Stopping threads took: 0.0003690 seconds
105.185: Application time: 0.0004130 seconds
105.247: [GC105.247: [DefNew: 4173K->443K(4288K), 0.0007750 secs] 9177K->7601K(13888K), 0.0008010 secs] [Times: user=0.00 sys=0.00, real=0.00 secs] 
105.248: Total time for which application threads were stopped: 0.0634570 seconds, Stopping threads took: 0.0625860 seconds
105.248: Application time: 0.0003830 seconds
105.304: [GC105.304: [DefNew: 3976K->3976K(4288K), 0.0000070 secs]105.304: [Tenured: 7157K->4084K(9600K), 0.0060280 secs] 11134K->4084K(13888K), [Perm : 5108K->5108K(21248K)], 0.0060740 secs] [Times: user=0.00 sys=0.00, real=0.01 secs] 
105.310: Total time for which application threads were stopped: 0.0611130 seconds, Stopping threads took: 0.0549640 seconds
105.310: Application time: 0.0004730 seconds
105.310: [GC105.310: [DefNew: 3819K->391K(4288K), 0.0008490 secs] 7903K->7894K(13888K), 0.0008670 secs] [Times: user=0.00 sys=0.00, real=0.00 secs] 
105.311: Total time for which application threads were stopped: 0.0012810 seconds, Stopping threads took: 0.0003640 seconds
105.384: Application time: 0.0725770 seconds
105.385: [GC105.385: [DefNew: 4216K->4216K(4288K), 0.0000100 secs]105.385: [Tenured: 7502K->2659K(9600K), 0.0060150 secs] 11719K->2659K(13888K), [Perm : 5108K->5108K(21248K)], 0.0060680 secs] [Times: user=0.01 sys=0.00, real=0.00 secs] 
105.391: Total time for which application threads were stopped: 0.0073910 seconds, Stopping threads took: 0.0012350 seconds
105.392: Application time: 0.0006500 seconds
105.426: [GC105.426: [DefNew: 3775K->440K(4288K), 0.0009360 secs] 6435K->6323K(13888K), 0.0009610 secs] [Times: user=0.00 sys=0.00, real=0.00 secs] 
105.426: Total time for which application threads were stopped: 0.0344940 seconds, Stopping threads took: 0.0334660 seconds
105.427: Application time: 0.0007320 seconds
105.461: [GC105.461: [DefNew: 4194K->4194K(4288K), 0.0000070 secs]105.461: [Tenured: 5882K->5813K(9600K), 0.0065270 secs] 10076K->5813K(13888K), [Perm : 5108K->5108K(21248K)], 0.0065760 secs] [Times: user=0.00 sys=0.00, real=0.01 secs] 
105.467: Total time for which application threads were stopped: 0.0402350 seconds, Stopping threads took: 0.0335800 seconds
105.468: Application time: 0.0010260 seconds
105.538: [GC105.538: [DefNew: 3825K->3825K(4288K), 0.0000090 secs]105.538: [Tenured: 5813K->4250K(9600K), 0.0062620 secs] 9638K->4250K(13888K), [Perm : 5108K->5108K(21248K)], 0.0063170 secs] [Times: user=0.01 sys=0.00, real=0.01 secs] 
105.544: Total time for which application threads were stopped: 0.0759830 seconds, Stopping threads took: 0.0695890 seconds
105.545: Application time: 0.0005380 seconds
105.579: [GC105.579: [DefNew: 3825K->392K(4288K), 0.0010130 secs] 8076K->7768K(13888K), 0.0010400 secs] [Times: user=0.00 sys=0.00, real=0.00 secs] 
105.580: Total time for which application threads were stopped: 0.0345600 seconds, Stopping threads took: 0.0334490 seconds
105.580: Application time: 0.0003930 seconds
105.647: [GC105.647: [DefNew: 4119K->4119K(4288K), 0.0000070 secs]105.647: [Tenured: 7376K->4251K(9600K), 0.0060950 secs] 11495K->4251K(13888K), [Perm : 5108K->5108K(21248K)], 0.0061440 secs] [Times: user=0.00 sys=0.00, real=0.01 secs] 
105.653: Total time for which application threads were stopped: 0.0734950 seconds, Stopping threads took: 0.0672760 seconds
105.654: Application time: 0.0005320 seconds
105.687: [GC105.687: [DefNew: 3821K->391K(4288K), 0.0009870 secs] 8072K->7963K(13888K), 0.0010110 secs] [Times: user=0.00 sys=0.00, real=0.00 secs] 
105.688: Total time for which application threads were stopped: 0.0343060 seconds, Stopping threads took: 0.0332180 seconds
105.759: Application time: 0.0709650 seconds
105.795: [GC105.795: [DefNew: 4197K->4197K(4288K), 0.0000110 secs]105.795: [Tenured: 7571K->2073K(9600K), 0.0052040 secs] 11769K->2073K(13888K), [Perm : 5108K->5108K(21248K)], 0.0052580 secs] [Times: user=0.01 sys=0.00, real=0.00 secs] 
105.800: Total time for which application threads were stopped: 0.0407710 seconds, Stopping threads took: 0.0354430 seconds
105.801: Application time: 0.0006350 seconds
105.834: [GC105.834: [DefNew: 3825K->392K(4288K), 0.0008850 secs] 5899K->5591K(13888K), 0.0009080 secs] [Times: user=0.00 sys=0.00, real=0.00 secs] 
105.835: Total time for which application threads were stopped: 0.0344470 seconds, Stopping threads took: 0.0334710 seconds
105.836: Application time: 0.0010790 seconds
105.870: [GC105.870: [DefNew: 4215K->391K(4288K), 0.0006880 secs] 9414K->7154K(13888K), 0.0007170 secs] [Times: user=0.00 sys=0.00, real=0.00 secs] 
105.871: Total time for which application threads were stopped: 0.0343660 seconds, Stopping threads took: 0.0335770 seconds
105.871: Application time: 0.0007990 seconds
105.939: [GC105.939: [DefNew: 4216K->4216K(4288K), 0.0000080 secs]105.939: [Tenured: 6763K->4907K(9600K), 0.0063770 secs] 10979K->4907K(13888K), [Perm : 5108K->5108K(21248K)], 0.0064250 secs] [Times: user=0.01 sys=0.00, real=0.01 secs] 
105.945: Total time for which application threads were stopped: 0.0739580 seconds, Stopping threads took: 0.0674480 seconds
105.946: Application time: 0.0009470 seconds
106.010: [GC106.010: [DefNew: 3825K->391K(4288K), 0.0009300 secs] 8732K->8033K(13888K), 0.0009590 secs] [Times: user=0.00 sys=0.00, real=0.00 secs] 
106.011: Total time for which application threads were stopped: 0.0649740 seconds, Stopping threads took: 0.0639420 seconds
106.012: Application time: 0.0007510 seconds
106.079: [GC106.079: [DefNew: 4197K->4197K(4288K), 0.0000080 secs]106.079: [Tenured: 7641K->3861K(9600K), 0.0056060 secs] 11839K->3861K(13888K), [Perm : 5108K->5108K(21248K)], 0.0056500 secs] [Times: user=0.00 sys=0.00, real=0.01 secs] 
106.085: Total time for which application threads were stopped: 0.0727420 seconds, Stopping threads took: 0.0670290 seconds
106.085: Application time: 0.0004880 seconds
106.132: [GC106.132: [DefNew: 3825K->391K(4288K), 0.0008220 secs] 7686K->6792K(13888K), 0.0008470 secs] [Times: user=0.01 sys=0.00, real=0.01 secs] 
106.133: Total time for which application threads were stopped: 0.0474200 seconds, Stopping threads took: 0.0465040 seconds
106.133: Application time: 0.0005400 seconds
106.167: [GC106.167: [DefNew: 4113K->4113K(4288K), 0.0000070 secs]106.167: [Tenured: 6400K->6009K(9600K), 0.0059810 secs] 10514K->6009K(13888K), [Perm : 5108K->5108K(21248K)], 0.0060280 secs] [Times: user=0.00 sys=0.00, real=0.01 secs] 
106.173: Total time for which application threads were stopped: 0.0396410 seconds, Stopping threads took: 0.0335510 seconds
106.174: Application time: 0.0009500 seconds
106.244: [GC106.244: [DefNew: 3825K->3825K(4288K), 0.0000080 secs]106.244: [Tenured: 6009K->3343K(9600K), 0.0060130 secs] 9834K->3343K(13888K), [Perm : 5108K->5108K(21248K)], 0.0060660 secs] [Times: user=0.01 sys=0.01, real=0.01 secs] 
106.250: Total time for which application threads were stopped: 0.0765570 seconds, Stopping threads took: 0.0704140 seconds
106.251: Application time: 0.0006880 seconds
106.286: [GC106.286: [DefNew: 3825K->392K(4288K), 0.0009760 secs] 7168K->7056K(13888K), 0.0010010 secs] [Times: user=0.01 sys=0.00, real=0.00 secs] 
106.287: Total time for which application threads were stopped: 0.0358930 seconds, Stopping threads took: 0.0348220 seconds
106.288: Application time: 0.0006870 seconds
106.358: [GC106.358: [DefNew: 4198K->4198K(4288K), 0.0000090 secs]106.358: [Tenured: 6663K->2297K(9600K), 0.0059510 secs] 10861K->2297K(13888K), [Perm : 5108K->5108K(21248K)], 0.0059990 secs] [Times: user=0.01 sys=0.00, real=0.00 secs] 
106.364: Total time for which application threads were stopped: 0.0763360 seconds, Stopping threads took: 0.0702620 seconds
106.365: Application time: 0.0005820 seconds
106.398: [GC106.398: [DefNew: 3825K->392K(4288K), 0.0008450 secs] 6123K->5814K(13888K), 0.0008670 secs] [Times: user=0.00 sys=0.00, real=0.00 secs] 
106.399: Total time for which application threads were stopped: 0.0340000 seconds, Stopping threads took: 0.0330770 seconds
106.399: Application time: 0.0008930 seconds
106.446: [GC106.446: [DefNew: 4115K->293K(4288K), 0.0006830 secs] 9538K->7866K(13888K), 0.0007060 secs] [Times: user=0.00 sys=0.00, real=0.00 secs] 
106.447: Total time for which application threads were stopped: 0.0472380 seconds, Stopping threads took: 0.0464810 seconds
106.447: Application time: 0.0007010 seconds
106.517: [GC106.517: [DefNew: 4118K->4118K(4288K), 0.0000080 secs]106.517: [Tenured: 7572K->3957K(9600K), 0.0060050 secs] 11691K->3957K(13888K), [Perm : 5108K->5108K(21248K)], 0.0060580 secs] [Times: user=0.01 sys=0.00, real=0.00 secs] 
106.523: Total time for which application threads were stopped: 0.0760020 seconds, Stopping threads took: 0.0698650 seconds
106.524: Application time: 0.0005870 seconds
106.577: [GC106.577: [DefNew: 3805K->420K(4288K), 0.0008750 secs] 7763K->7112K(13888K), 0.0008990 secs] [Times: user=0.00 sys=0.00, real=0.00 secs] 
106.578: Total time for which application threads were stopped: 0.0541930 seconds, Stopping threads took: 0.0532270 seconds
106.579: Application time: 0.0003750 seconds
106.647: [GC106.647: [DefNew: 3953K->3953K(4288K), 0.0000080 secs]106.647: [Tenured: 6692K->3692K(9600K), 0.0056950 secs] 10645K->3692K(13888K), [Perm : 5108K->5108K(21248K)], 0.0057420 secs] [Times: user=0.01 sys=0.00, real=0.01 secs] 
106.652: Total time for which application threads were stopped: 0.0738790 seconds, Stopping threads took: 0.0680630 seconds
106.653: Application time: 0.0004650 seconds
106.686: [GC106.686: [DefNew: 3723K->391K(4288K), 0.0008690 secs] 7416K->7112K(13888K), 0.0008920 secs] [Times: user=0.00 sys=0.00, real=0.00 secs] 
106.687: Total time for which application threads were stopped: 0.0340050 seconds, Stopping threads took: 0.0330470 seconds
106.759: Application time: 0.0718560 seconds
106.760: [GC106.760: [DefNew: 4216K->4216K(4288K), 0.0000100 secs]106.760: [Tenured: 6720K->1487K(9600K), 0.0056330 secs] 10937K->1487K(13888K), [Perm : 5108K->5108K(21248K)], 0.0056820 secs] [Times: user=0.01 sys=0.00, real=0.01 secs] 
106.765: Total time for which application threads were stopped: 0.0066320 seconds, Stopping threads took: 0.0008730 seconds
106.766: Application time: 0.0005980 seconds
106.766: [GC106.766: [DefNew: 3775K->440K(4288K), 0.0008730 secs] 5263K->5248K(13888K), 0.0008950 secs] [Times: user=0.00 sys=0.00, real=0.00 secs] 
106.767: Total time for which application threads were stopped: 0.0011570 seconds, Stopping threads took: 0.0002080 seconds
106.768: Application time: 0.0005800 seconds
106.801: [GC106.801: [DefNew: 4191K->419K(4288K), 0.0009030 secs] 8999K->8060K(13888K), 0.0009350 secs] [Times: user=0.00 sys=0.00, real=0.00 secs] 
106.802: Total time for which application threads were stopped: 0.0341120 seconds, Stopping threads took: 0.0331100 seconds
106.803: Application time: 0.0007820 seconds
106.873: [GC106.873: [DefNew: 4244K->4244K(4288K), 0.0000110 secs]106.873: [Tenured: 7641K->4153K(9600K), 0.0063220 secs] 11886K->4153K(13888K), [Perm : 5108K->5108K(21248K)], 0.0063770 secs] [Times: user=0.00 sys=0.00, real=0.00 secs] 
106.879: Total time for which application threads were stopped: 0.0765830 seconds, Stopping threads took: 0.0701250 seconds
106.880: Application time: 0.0006230 seconds
106.913: [GC106.913: [DefNew: 3727K->392K(4288K), 0.0009470 secs] 7881K->7475K(13888K), 0.0009740 secs] [Times: user=0.00 sys=0.00, real=0.00 secs] 
106.914: Total time for which application threads were stopped: 0.0345880 seconds, Stopping threads took: 0.0335410 seconds
106.915: Application time: 0.0004020 seconds
106.953: [GC106.953: [DefNew: 4217K->4217K(4288K), 0.0000050 secs]106.953: [Tenured: 7083K->6301K(9600K), 0.0064770 secs] 11300K->6301K(13888K), [Perm : 5108K->5108K(21248K)], 0.0065230 secs] [Times: user=0.01 sys=0.00, real=0.00 secs] 
106.960: Total time for which application threads were stopped: 0.0450140 seconds, Stopping threads took: 0.0384110 seconds
107.033: Application time: 0.0728550 seconds
107.034: [GC107.034: [DefNew: 3825K->3825K(4288K), 0.0000090 secs]107.034: [Tenured: 6301K->1516K(9600K), 0.0056570 secs] 10126K->1516K(13888K), [Perm : 5108K->5108K(21248K)], 0.0057090 secs] [Times: user=0.00 sys=0.00, real=0.00 secs] 
107.040: Total time for which application threads were stopped: 0.0069140 seconds, Stopping threads took: 0.0011490 seconds
107.040: Application time: 0.0006260 seconds
107.041: [GC107.041: [DefNew: 3725K->392K(4288K), 0.0008780 secs] 5242K->5228K(13888K), 0.0008960 secs] [Times: user=0.00 sys=0.00, real=0.00 secs] 
107.042: Total time for which application threads were stopped: 0.0013280 seconds, Stopping threads took: 0.0003730 seconds
107.043: Application time: 0.0014110 seconds
107.113: [GC107.113: [DefNew: 4213K->195K(4288K), 0.0004810 secs] 9049K->6206K(13888K), 0.0005040 secs] [Times: user=0.00 sys=0.00, real=0.00 secs] 
107.113: Total time for which application threads were stopped: 0.0702560 seconds, Stopping threads took: 0.0696870 seconds
107.114: Application time: 0.0003630 seconds
107.156: [GC107.156: [DefNew: 3826K->3826K(4288K), 0.0000070 secs]107.156: [Tenured: 6010K->4026K(9600K), 0.0062630 secs] 9836K->4026K(13888K), [Perm : 5108K->5108K(21248K)], 0.0063050 secs] [Times: user=0.00 sys=0.00, real=0.00 secs] 
107.163: Total time for which application threads were stopped: 0.0489310 seconds, Stopping threads took: 0.0425760 seconds
107.163: Application time: 0.0005030 seconds
107.197: [GC107.197: [DefNew: 3801K->420K(4288K), 0.0008100 secs] 7828K->7474K(13888K), 0.0008320 secs] [Times: user=0.01 sys=0.00, real=0.00 secs] 
107.198: Total time for which application threads were stopped: 0.0351520 seconds, Stopping threads took: 0.0342760 seconds
107.271: Application time: 0.0725710 seconds
107.272: [GC107.272: [DefNew: 4245K->4245K(4288K), 0.0000090 secs]107.272: [Tenured: 7054K->2298K(9600K), 0.0051870 secs] 11299K->2298K(13888K), [Perm : 5108K->5108K(21248K)], 0.0052380 secs] [Times: user=0.00 sys=0.00, real=0.01 secs] 
107.277: Total time for which application threads were stopped: 0.0062680 seconds, Stopping threads took: 0.0009750 seconds
107.278: Application time: 0.0006240 seconds
107.278: [GC107.278: [DefNew: 3686K->441K(4288K), 0.0008680 secs] 5985K->5873K(13888K), 0.0008850 secs] [Times: user=0.00 sys=0.00, real=0.00 secs] 
107.279: Total time for which application threads were stopped: 0.0010760 seconds, Stopping threads took: 0.0001340 seconds
107.280: Application time: 0.0007570 seconds
107.313: [GC107.313: [DefNew: 4266K->4266K(4288K), 0.0000060 secs]107.313: [Tenured: 5431K->6457K(9600K), 0.0061840 secs] 9698K->6457K(13888K), [Perm : 5108K->5108K(21248K)], 0.0062320 secs] [Times: user=0.01 sys=0.00, real=0.00 secs] 
107.319: Total time for which application threads were stopped: 0.0396890 seconds, Stopping threads took: 0.0333810 seconds
107.320: Application time: 0.0009890 seconds
107.390: [GC107.390: [DefNew: 3825K->3825K(4288K), 0.0000080 secs]107.390: [Tenured: 6457K->4895K(9600K), 0.0060040 secs] 10283K->4895K(13888K), [Perm : 5108K->5108K(21248K)], 0.0060570 secs] [Times: user=0.00 sys=0.00, real=0.01 secs] 
107.396: Total time for which application threads were stopped: 0.0756670 seconds, Stopping threads took: 0.0695510 seconds
107.396: Application time: 0.0005460 seconds
107.457: [GC107.457: [DefNew: 3630K->392K(4288K), 0.0010190 secs] 8525K->8413K(13888K), 0.0010460 secs] [Times: user=0.00 sys=0.00, real=0.00 secs] 
107.458: Total time for which application threads were stopped: 0.0617940 seconds, Stopping threads took: 0.0606890 seconds
107.459: Application time: 0.0006450 seconds
107.529: [GC107.529: [DefNew: 4100K->4100K(4288K), 0.0000070 secs]107.529: [Tenured: 8020K->3050K(9600K), 0.0047510 secs] 12121K->3050K(13888K), [Perm : 5108K->5108K(21248K)], 0.0047990 secs] [Times: user=0.01 sys=0.00, real=0.01 secs] 
107.534: Total time for which application threads were stopped: 0.0748180 seconds, Stopping threads took: 0.0699560 seconds
107.534: Application time: 0.0005060 seconds
107.568: [GC107.568: [DefNew: 3727K->392K(4288K), 0.0008130 secs] 6778K->6177K(13888K), 0.0008340 secs] [Times: user=0.00 sys=0.00, real=0.00 secs] 
107.569: Total time for which application threads were stopped: 0.0343180 seconds, Stopping threads took: 0.0334160 seconds
107.569: Application time: 0.0003930 seconds
107.602: [GC107.602: [DefNew: 4217K->4217K(4288K), 0.0000060 secs]107.602: [Tenured: 5785K->6273K(9600K), 0.0060000 secs] 10002K->6273K(13888K), [Perm : 5108K->5108K(21248K)], 0.0060440 secs] [Times: user=0.01 sys=0.00, real=0.01 secs] 
107.608: Total time for which application threads were stopped: 0.0395470 seconds, Stopping threads took: 0.0334300 seconds
107.680: Application time: 0.0718270 seconds
107.682: [GC107.682: [DefNew: 3825K->3825K(4288K), 0.0000100 secs]107.682: [Tenured: 6273K->1488K(9600K), 0.0057520 secs] 10098K->1488K(13888K), [Perm : 5108K->5108K(21248K)], 0.0058030 secs] [Times: user=0.00 sys=0.00, real=0.01 secs] 
107.687: Total time for which application threads were stopped: 0.0071790 seconds, Stopping threads took: 0.0012990 seconds
107.688: Application time: 0.0006070 seconds
107.688: [GC107.688: [DefNew: 3727K->392K(4288K), 0.0008750 secs] 5216K->5201K(13888K), 0.0008960 secs] [Times: user=0.00 sys=0.00, real=0.00 secs] 
107.689: Total time for which application threads were stopped: 0.0011790 seconds, Stopping threads took: 0.0002160 seconds
107.690: Application time: 0.0010140 seconds
107.752: [GC107.752: [DefNew: 4213K->293K(4288K), 0.0006670 secs] 9022K->7057K(13888K), 0.0006900 secs] [Times: user=0.00 sys=0.00, real=0.01 secs] 
107.753: Total time for which application threads were stopped: 0.0624770 seconds, Stopping threads took: 0.0617210 seconds
107.753: Application time: 0.0004240 seconds
107.818: [GC107.818: [DefNew: 3923K->3923K(4288K), 0.0000070 secs]107.818: [Tenured: 6763K->4027K(9600K), 0.0058350 secs] 10687K->4027K(13888K), [Perm : 5108K->5108K(21248K)], 0.0058800 secs] [Times: user=0.00 sys=0.00, real=0.00 secs] 
107.824: Total time for which application threads were stopped: 0.0704800 seconds, Stopping threads took: 0.0645260 seconds
107.824: Application time: 0.0005120 seconds
107.858: [GC107.858: [DefNew: 3532K->391K(4288K), 0.0010030 secs] 7559K->7251K(13888K), 0.0010310 secs] [Times: user=0.00 sys=0.00, real=0.00 secs] 
107.859: Total time for which application threads were stopped: 0.0346460 seconds, Stopping threads took: 0.0335400 seconds
107.931: Application time: 0.0720380 seconds
107.933: [GC107.933: [DefNew: 4217K->4217K(4288K), 0.0000080 secs]107.933: [Tenured: 6859K->1683K(9600K), 0.0058420 secs] 11076K->1683K(13888K), [Perm : 5108K->5108K(21248K)], 0.0058950 secs] [Times: user=0.00 sys=0.00, real=0.00 secs] 
107.939: Total time for which application threads were stopped: 0.0076210 seconds, Stopping threads took: 0.0016410 seconds
107.939: Application time: 0.0006530 seconds
107.939: [GC107.940: [DefNew: 3775K->392K(4288K), 0.0009000 secs] 5459K->5396K(13888K), 0.0009160 secs] [Times: user=0.00 sys=0.00, real=0.00 secs] 
107.940: Total time for which application threads were stopped: 0.0012710 seconds, Stopping threads took: 0.0002950 seconds
107.942: Application time: 0.0010920 seconds
108.011: [GC108.011: [DefNew: 4047K->321K(4288K), 0.0005480 secs] 9051K->6694K(13888K), 0.0005680 secs] [Times: user=0.00 sys=0.00, real=0.00 secs] 
108.012: Total time for which application threads were stopped: 0.0702580 seconds, Stopping threads took: 0.0696210 seconds
108.012: Application time: 0.0004360 seconds
108.077: [GC108.077: [DefNew: 3952K->3952K(4288K), 0.0000070 secs]108.077: [Tenured: 6372K->4055K(9600K), 0.0055650 secs] 10324K->4055K(13888K), [Perm : 5108K->5108K(21248K)], 0.0056080 secs] [Times: user=0.00 sys=0.01, real=0.00 secs] 
108.083: Total time for which application threads were stopped: 0.0707460 seconds, Stopping threads took: 0.0650760 seconds
108.084: Application time: 0.0005780 seconds
108.133: [GC108.133: [DefNew: 3825K->391K(4288K), 0.0008780 secs] 7880K->6986K(13888K), 0.0009050 secs] [Times: user=0.00 sys=0.00, real=0.00 secs] 
108.134: Total time for which application threads were stopped: 0.0502120 seconds, Stopping threads took: 0.0492390 seconds
108.135: Application time: 0.0007530 seconds
108.205: [GC108.205: [DefNew: 4098K->4098K(4288K), 0.0000080 secs]108.205: [Tenured: 6594K->3987K(9600K), 0.0059210 secs] 10692K->3987K(13888K), [Perm : 5108K->5108K(21248K)], 0.0059710 secs] [Times: user=0.00 sys=0.01, real=0.00 secs] 
108.211: Total time for which application threads were stopped: 0.0760890 seconds, Stopping threads took: 0.0700630 seconds
108.211: Application time: 0.0004690 seconds
108.245: [GC108.245: [DefNew: 3823K->392K(4288K), 0.0009240 secs] 7811K->7505K(13888K), 0.0009460 secs] [Times: user=0.00 sys=0.00, real=0.00 secs] 
108.246: Total time for which application threads were stopped: 0.0344760 seconds, Stopping threads took: 0.0334670 seconds
108.317: Application time: 0.0713810 seconds
108.321: [GC108.321: [DefNew: 4217K->4217K(4288K), 0.0000090 secs]108.322: [Tenured: 7113K->1937K(9600K), 0.0051560 secs] 11330K->1937K(13888K), [Perm : 5108K->5108K(21248K)], 0.0052110 secs] [Times: user=0.00 sys=0.00, real=0.01 secs] 
108.327: Total time for which application threads were stopped: 0.0097630 seconds, Stopping threads took: 0.0044740 seconds
108.327: Application time: 0.0005850 seconds
108.327: [GC108.327: [DefNew: 3725K->392K(4288K), 0.0008300 secs] 5663K->5650K(13888K), 0.0008470 secs] [Times: user=0.00 sys=0.00, real=0.00 secs] 
108.328: Total time for which application threads were stopped: 0.0010270 seconds, Stopping threads took: 0.0001430 seconds
108.330: Application time: 0.0016730 seconds
108.400: [GC108.400: [DefNew: 4115K->391K(4288K), 0.0003540 secs] 9373K->6041K(13888K), 0.0003790 secs] [Times: user=0.00 sys=0.00, real=0.00 secs] 
108.400: Total time for which application threads were stopped: 0.0703310 seconds, Stopping threads took: 0.0698880 seconds
108.401: Application time: 0.0003260 seconds
108.444: [GC108.444: [DefNew: 4167K->4167K(4288K), 0.0000070 secs]108.444: [Tenured: 5650K->4393K(9600K), 0.0063120 secs] 9817K->4393K(13888K), [Perm : 5108K->5108K(21248K)], 0.0063550 secs] [Times: user=0.01 sys=0.00, real=0.01 secs] 
108.450: Total time for which application threads were stopped: 0.0498350 seconds, Stopping threads took: 0.0434050 seconds
108.451: Application time: 0.0004880 seconds
108.485: [GC108.485: [DefNew: 3654K->419K(4288K), 0.0008440 secs] 8047K->7743K(13888K), 0.0008620 secs] [Times: user=0.00 sys=0.00, real=0.00 secs] 
108.485: Total time for which application threads were stopped: 0.0344270 seconds, Stopping threads took: 0.0335020 seconds
108.557: Application time: 0.0715370 seconds
108.560: [GC108.560: [DefNew: 4225K->4225K(4288K), 0.0000100 secs]108.560: [Tenured: 7323K->2498K(9600K), 0.0050880 secs] 11548K->2498K(13888K), [Perm : 5108K->5108K(21248K)], 0.0051510 secs] [Times: user=0.01 sys=0.00, real=0.01 secs] 
108.566: Total time for which application threads were stopped: 0.0085570 seconds, Stopping threads took: 0.0033150 seconds
108.566: Application time: 0.0005900 seconds
108.599: [GC108.599: [DefNew: 3825K->392K(4288K), 0.0008350 secs] 6323K->6015K(13888K), 0.0008560 secs] [Times: user=0.00 sys=0.00, real=0.00 secs] 
108.600: Total time for which application threads were stopped: 0.0340790 seconds, Stopping threads took: 0.0331580 seconds
108.601: Application time: 0.0005920 seconds
108.656: [GC108.656: [DefNew: 4209K->4209K(4288K), 0.0000060 secs]108.656: [Tenured: 5623K->5819K(9600K), 0.0052890 secs] 9832K->5819K(13888K), [Perm : 5108K->5108K(21248K)], 0.0053330 secs] [Times: user=0.01 sys=0.00, real=0.00 secs] 
108.661: Total time for which application threads were stopped: 0.0601290 seconds, Stopping threads took: 0.0547230 seconds
108.662: Application time: 0.0008580 seconds
108.732: [GC108.732: [DefNew: 3825K->3825K(4288K), 0.0000080 secs]108.732: [Tenured: 5819K->4257K(9600K), 0.0054540 secs] 9644K->4257K(13888K), [Perm : 5108K->5108K(21248K)], 0.0055070 secs] [Times: user=0.00 sys=0.00, real=0.01 secs] 
108.738: Total time for which application threads were stopped: 0.0759520 seconds, Stopping threads took: 0.0703660 seconds
108.738: Application time: 0.0005020 seconds
108.772: [GC108.772: [DefNew: 3825K->392K(4288K), 0.0008850 secs] 8082K->7384K(13888K), 0.0009070 secs] [Times: user=0.00 sys=0.00, real=0.01 secs] 
108.773: Total time for which application threads were stopped: 0.0347390 seconds, Stopping threads took: 0.0337860 seconds
108.774: Application time: 0.0006030 seconds
108.774: [GC108.774: [DefNew: 4111K->4111K(4288K), 0.0000070 secs]108.774: [Tenured: 6992K->8129K(9600K), 0.0064820 secs] 11103K->8129K(13888K), [Perm : 5108K->5108K(21248K)], 0.0065260 secs] [Times: user=0.01 sys=0.00, real=0.00 secs] 
108.781: Total time for which application threads were stopped: 0.0073940 seconds, Stopping threads took: 0.0007910 seconds
108.854: Application time: 0.0726160 seconds
108.856: [GC108.856: [DefNew: 3727K->3727K(4288K), 0.0000110 secs]108.856: [Tenured: 8129K->3246K(9600K), 0.0060940 secs] 11856K->3246K(13888K), [Perm : 5108K->5108K(21248K)], 0.0061530 secs] [Times: user=0.00 sys=0.00, real=0.00 secs] 
108.862: Total time for which application threads were stopped: 0.0082880 seconds, Stopping threads took: 0.0020550 seconds
108.862: Application time: 0.0004850 seconds
108.895: [GC108.895: [DefNew: 3725K->392K(4288K), 0.0008350 secs] 6971K->6665K(13888K), 0.0008530 secs] [Times: user=0.00 sys=0.00, real=0.00 secs] 
108.896: Total time for which application threads were stopped: 0.0339770 seconds, Stopping threads took: 0.0330630 seconds
108.897: Application time: 0.0006850 seconds
108.968: [GC108.968: [DefNew: 4119K->4119K(4288K), 0.0000090 secs]108.968: [Tenured: 6273K->2075K(9600K), 0.0051680 secs] 10393K->2075K(13888K), [Perm : 5108K->5108K(21248K)], 0.0052180 secs] [Times: user=0.00 sys=0.00, real=0.01 secs] 
108.973: Total time for which application threads were stopped: 0.0762700 seconds, Stopping threads took: 0.0709880 seconds
108.974: Application time: 0.0006650 seconds
109.007: [GC109.007: [DefNew: 3825K->392K(4288K), 0.0008800 secs] 5901K->5593K(13888K), 0.0009020 secs] [Times: user=0.00 sys=0.00, real=0.00 secs] 
109.008: Total time for which application threads were stopped: 0.0340040 seconds, Stopping threads took: 0.0330370 seconds
109.009: Application time: 0.0006470 seconds
109.071: [GC109.071: [DefNew: 4213K->391K(4288K), 0.0008000 secs] 9414K->8133K(13888K), 0.0008240 secs] [Times: user=0.00 sys=0.00, real=0.00 secs] 
109.072: Total time for which application threads were stopped: 0.0631820 seconds, Stopping threads took: 0.0622830 seconds
109.073: Application time: 0.0008300 seconds
109.143: [GC109.143: [DefNew: 4216K->4216K(4288K), 0.0000080 secs]109.143: [Tenured: 7741K->3832K(9600K), 0.0055080 secs] 11958K->3832K(13888K), [Perm : 5108K->5108K(21248K)], 0.0055650 secs] [Times: user=0.01 sys=0.00, real=0.01 secs] 
109.148: Total time for which application threads were stopped: 0.0755130 seconds, Stopping threads took: 0.0698810 seconds
109.149: Application time: 0.0005190 seconds
109.183: [GC109.183: [DefNew: 3825K->392K(4288K), 0.0009070 secs] 7657K->7251K(13888K), 0.0009310 secs] [Times: user=0.00 sys=0.00, real=0.00 secs] 
109.184: Total time for which application threads were stopped: 0.0349720 seconds, Stopping threads took: 0.0339730 seconds
109.184: Application time: 0.0008190 seconds
109.249: [GC109.249: [DefNew: 4195K->4195K(4288K), 0.0000070 secs]109.249: [Tenured: 6859K->4906K(9600K), 0.0064480 secs] 11055K->4906K(13888K), [Perm : 5108K->5108K(21248K)], 0.0064920 secs] [Times: user=0.01 sys=0.00, real=0.01 secs] 
109.256: Total time for which application threads were stopped: 0.0713620 seconds, Stopping threads took: 0.0647970 seconds
109.257: Application time: 0.0009650 seconds
109.321: [GC109.321: [DefNew: 3825K->391K(4288K), 0.0009430 secs] 8731K->8033K(13888K), 0.0009690 secs] [Times: user=0.00 sys=0.00, real=0.00 secs] 
109.322: Total time for which application threads were stopped: 0.0651230 seconds, Stopping threads took: 0.0640830 seconds
109.323: Application time: 0.0007010 seconds
109.378: [GC109.378: [DefNew: 4178K->4178K(4288K), 0.0000070 secs]109.378: [Tenured: 7641K->3791K(9600K), 0.0054930 secs] 11819K->3791K(13888K), [Perm : 5108K->5108K(21248K)], 0.0055410 secs] [Times: user=0.00 sys=0.00, real=0.00 secs] 
109.384: Total time for which application threads were stopped: 0.0611710 seconds, Stopping threads took: 0.0555520 seconds
109.384: Application time: 0.0004900 seconds
109.417: [GC109.417: [DefNew: 3628K->391K(4288K), 0.0008780 secs] 7419K->7113K(13888K), 0.0009030 secs] [Times: user=0.00 sys=0.00, real=0.00 secs] 
109.418: Total time for which application threads were stopped: 0.0341040 seconds, Stopping threads took: 0.0331350 seconds
109.419: Application time: 0.0007300 seconds
109.489: [GC109.489: [DefNew: 4197K->4197K(4288K), 0.0000080 secs]109.489: [Tenured: 6721K->2550K(9600K), 0.0059780 secs] 10919K->2550K(13888K), [Perm : 5108K->5108K(21248K)], 0.0060280 secs] [Times: user=0.00 sys=0.00, real=0.01 secs] 
109.495: Total time for which application threads were stopped: 0.0761890 seconds, Stopping threads took: 0.0700860 seconds
109.496: Application time: 0.0005650 seconds
109.530: [GC109.530: [DefNew: 3823K->392K(4288K), 0.0008530 secs] 6374K->6067K(13888K), 0.0008720 secs] [Times: user=0.01 sys=0.00, real=0.00 secs] 
109.531: Total time for which application threads were stopped: 0.0346320 seconds, Stopping threads took: 0.0337000 seconds
109.531: Application time: 0.0006950 seconds
109.592: [GC109.592: [DefNew: 4215K->4215K(4288K), 0.0000060 secs]109.592: [Tenured: 5675K->4796K(9600K), 0.0060720 secs] 9891K->4796K(13888K), [Perm : 5108K->5108K(21248K)], 0.0061160 secs] [Times: user=0.01 sys=0.00, real=0.00 secs] 
109.599: Total time for which application threads were stopped: 0.0673490 seconds, Stopping threads took: 0.0611530 seconds
109.599: Application time: 0.0006690 seconds
109.657: [GC109.657: [DefNew: 3630K->391K(4288K), 0.0008020 secs] 8427K->7532K(13888K), 0.0008310 secs] [Times: user=0.01 sys=0.00, real=0.00 secs] 
109.657: Total time for which application threads were stopped: 0.0581680 seconds, Stopping threads took: 0.0572780 seconds
109.658: Application time: 0.0004300 seconds
109.691: [GC109.691: [DefNew: 4115K->4115K(4288K), 0.0000070 secs]109.691: [Tenured: 7140K->5590K(9600K), 0.0065850 secs] 11256K->5590K(13888K), [Perm : 5108K->5108K(21248K)], 0.0066270 secs] [Times: user=0.01 sys=0.00, real=0.01 secs] 
109.698: Total time for which application threads were stopped: 0.0402670 seconds, Stopping threads took: 0.0335880 seconds
109.699: Application time: 0.0009100 seconds
109.770: [GC109.770: [DefNew: 3727K->391K(4288K), 0.0005900 secs] 9317K->7153K(13888K), 0.0006200 secs] [Times: user=0.00 sys=0.00, real=0.00 secs] 
109.770: Total time for which application threads were stopped: 0.0713400 seconds, Stopping threads took: 0.0706400 seconds
109.771: Application time: 0.0003380 seconds
109.804: [GC109.804: [DefNew: 4119K->4119K(4288K), 0.0000070 secs]109.804: [Tenured: 6762K->4418K(9600K), 0.0055600 secs] 10881K->4418K(13888K), [Perm : 5108K->5108K(21248K)], 0.0056060 secs] [Times: user=0.01 sys=0.00, real=0.01 secs] 
109.810: Total time for which application threads were stopped: 0.0391840 seconds, Stopping threads took: 0.0335020 seconds
109.810: Application time: 0.0005330 seconds
109.844: [GC109.844: [DefNew: 3801K->419K(4288K), 0.0010390 secs] 8220K->7572K(13888K), 0.0010760 secs] [Times: user=0.00 sys=0.00, real=0.01 secs] 
109.845: Total time for which application threads were stopped: 0.0345740 seconds, Stopping threads took: 0.0334440 seconds
109.846: Application time: 0.0009480 seconds
109.916: [GC109.916: [DefNew: 4245K->4245K(4288K), 0.0000090 secs]109.916: [Tenured: 7152K->3763K(9600K), 0.0054070 secs] 11398K->3763K(13888K), [Perm : 5108K->5108K(21248K)], 0.0054590 secs] [Times: user=0.01 sys=0.00, real=0.00 secs] 
109.922: Total time for which application threads were stopped: 0.0755710 seconds, Stopping threads took: 0.0700320 seconds
109.922: Application time: 0.0005450 seconds
109.956: [GC109.956: [DefNew: 3825K->392K(4288K), 0.0009880 secs] 7589K->7476K(13888K), 0.0010130 secs] [Times: user=0.00 sys=0.00, real=0.00 secs] 
109.957: Total time for which application threads were stopped: 0.0348590 seconds, Stopping threads took: 0.0337760 seconds
109.957: Application time: 0.0004200 seconds
110.019: [GC110.019: [DefNew: 4117K->4117K(4288K), 0.0000060 secs]110.019: [Tenured: 7084K->4446K(9600K), 0.0057160 secs] 11202K->4446K(13888K), [Perm : 5108K->5108K(21248K)], 0.0057630 secs] [Times: user=0.00 sys=0.00, real=0.01 secs] 
110.025: Total time for which application threads were stopped: 0.0679040 seconds, Stopping threads took: 0.0620650 seconds
110.026: Application time: 0.0004880 seconds
110.088: [GC110.088: [DefNew: 3532K->392K(4288K), 0.0007330 secs] 7979K->6792K(13888K), 0.0007570 secs] [Times: user=0.00 sys=0.00, real=0.00 secs] 
110.088: Total time for which application threads were stopped: 0.0626660 seconds, Stopping threads took: 0.0618410 seconds
110.089: Application time: 0.0005540 seconds
110.090: [GC110.090: [DefNew: 4094K->4094K(4288K), 0.0000050 secs]110.090: [Tenured: 6400K->7250K(9600K), 0.0060700 secs] 10494K->7250K(13888K), [Perm : 5108K->5108K(21248K)], 0.0061110 secs] [Times: user=0.00 sys=0.00, real=0.01 secs] 
110.096: Total time for which application threads were stopped: 0.0070180 seconds, Stopping threads took: 0.0008370 seconds
110.168: Application time: 0.0716450 seconds
110.170: [GC110.170: [DefNew: 3825K->3825K(4288K), 0.0000080 secs]110.170: [Tenured: 7250K->2465K(9600K), 0.0052250 secs] 11075K->2465K(13888K), [Perm : 5108K->5108K(21248K)], 0.0052800 secs] [Times: user=0.01 sys=0.00, real=0.01 secs] 
110.175: Total time for which application threads were stopped: 0.0075690 seconds, Stopping threads took: 0.0022030 seconds
110.176: Application time: 0.0005550 seconds
110.209: [GC110.209: [DefNew: 3823K->392K(4288K), 0.0008420 secs] 6288K->5982K(13888K), 0.0008640 secs] [Times: user=0.01 sys=0.00, real=0.00 secs] 
110.210: Total time for which application threads were stopped: 0.0343320 seconds, Stopping threads took: 0.0334040 seconds
110.211: Application time: 0.0007580 seconds
110.277: [GC110.277: [DefNew: 4211K->4211K(4288K), 0.0000070 secs]110.277: [Tenured: 5590K->4908K(9600K), 0.0052330 secs] 9801K->4908K(13888K), [Perm : 5108K->5108K(21248K)], 0.0052820 secs] [Times: user=0.00 sys=0.00, real=0.00 secs] 
110.282: Total time for which application threads were stopped: 0.0710590 seconds, Stopping threads took: 0.0657130 seconds
110.283: Application time: 0.0007060 seconds
110.346: [GC110.346: [DefNew: 3708K->420K(4288K), 0.0008670 secs] 8616K->7672K(13888K), 0.0008970 secs] [Times: user=0.00 sys=0.00, real=0.00 secs] 
110.347: Total time for which application threads were stopped: 0.0646810 seconds, Stopping threads took: 0.0637320 seconds
110.348: Application time: 0.0004220 seconds
110.382: [GC110.382: [DefNew: 4245K->4245K(4288K), 0.0000070 secs]110.382: [Tenured: 7252K->4642K(9600K), 0.0057000 secs] 11498K->4642K(13888K), [Perm : 5108K->5108K(21248K)], 0.0057550 secs] [Times: user=0.01 sys=0.00, real=0.01 secs] 
110.387: Total time for which application threads were stopped: 0.0396470 seconds, Stopping threads took: 0.0338180 seconds
110.388: Application time: 0.0005840 seconds
110.438: [GC110.438: [DefNew: 3821K->391K(4288K), 0.0009110 secs] 8463K->7768K(13888K), 0.0009370 secs] [Times: user=0.00 sys=0.00, real=0.00 secs] 
110.439: Total time for which application threads were stopped: 0.0508020 seconds, Stopping threads took: 0.0498150 seconds
110.439: Application time: 0.0007430 seconds
110.510: [GC110.510: [DefNew: 4217K->4217K(4288K), 0.0000070 secs]110.510: [Tenured: 7377K->3637K(9600K), 0.0059940 secs] 11594K->3637K(13888K), [Perm : 5108K->5108K(21248K)], 0.0060440 secs] [Times: user=0.00 sys=0.00, real=0.01 secs] 
110.516: Total time for which application threads were stopped: 0.0760850 seconds, Stopping threads took: 0.0699650 seconds
110.516: Application time: 0.0005880 seconds
110.581: [GC110.581: [DefNew: 3708K->420K(4288K), 0.0007810 secs] 7345K->6402K(13888K), 0.0008070 secs] [Times: user=0.00 sys=0.00, real=0.00 secs] 
110.582: Total time for which application threads were stopped: 0.0657930 seconds, Stopping threads took: 0.0649180 seconds
110.582: Application time: 0.0003830 seconds
110.635: [GC110.635: [DefNew: 4048K->4048K(4288K), 0.0000060 secs]110.635: [Tenured: 5981K->4447K(9600K), 0.0056980 secs] 10030K->4447K(13888K), [Perm : 5108K->5108K(21248K)], 0.0057410 secs] [Times: user=0.00 sys=0.00, real=0.00 secs] 
110.640: Total time for which application threads were stopped: 0.0580110 seconds, Stopping threads took: 0.0521970 seconds
110.641: Application time: 0.0005330 seconds
110.674: [GC110.674: [DefNew: 3721K->293K(4288K), 0.0008500 secs] 8168K->7866K(13888K), 0.0008710 secs] [Times: user=0.00 sys=0.00, real=0.00 secs] 
110.675: Total time for which application threads were stopped: 0.0339010 seconds, Stopping threads took: 0.0329600 seconds
110.748: Application time: 0.0728710 seconds
110.748: [GC110.748: [DefNew: 4119K->4119K(4288K), 0.0000100 secs]110.748: [Tenured: 7572K->2298K(9600K), 0.0056930 secs] 11691K->2298K(13888K), [Perm : 5108K->5108K(21248K)], 0.0057490 secs] [Times: user=0.00 sys=0.00, real=0.01 secs] 
110.754: Total time for which application threads were stopped: 0.0062840 seconds, Stopping threads took: 0.0004580 seconds
110.755: Application time: 0.0006040 seconds
110.755: [GC110.755: [DefNew: 3719K->391K(4288K), 0.0008450 secs] 6018K->6010K(13888K), 0.0008660 secs] [Times: user=0.00 sys=0.00, real=0.00 secs] 
110.756: Total time for which application threads were stopped: 0.0014420 seconds, Stopping threads took: 0.0005100 seconds
110.757: Application time: 0.0010050 seconds
110.827: [GC110.827: [DefNew: 4216K->4216K(4288K), 0.0000080 secs]110.827: [Tenured: 5619K->3373K(9600K), 0.0060470 secs] 9835K->3373K(13888K), [Perm : 5108K->5108K(21248K)], 0.0060980 secs] [Times: user=0.01 sys=0.00, real=0.01 secs] 
110.833: Total time for which application threads were stopped: 0.0763520 seconds, Stopping threads took: 0.0701770 seconds
110.834: Application time: 0.0005860 seconds
110.867: [GC110.867: [DefNew: 3630K->392K(4288K), 0.0011030 secs] 7004K->6891K(13888K), 0.0011290 secs] [Times: user=0.00 sys=0.00, real=0.00 secs] 
110.868: Total time for which application threads were stopped: 0.0343750 seconds, Stopping threads took: 0.0331730 seconds
110.869: Application time: 0.0007640 seconds
110.903: [GC110.903: [DefNew: 4213K->4213K(4288K), 0.0000070 secs]110.903: [Tenured: 6499K->5395K(9600K), 0.0057830 secs] 10712K->5395K(13888K), [Perm : 5108K->5108K(21248K)], 0.0058310 secs] [Times: user=0.01 sys=0.00, real=0.01 secs] 
110.909: Total time for which application threads were stopped: 0.0397940 seconds, Stopping threads took: 0.0338990 seconds
110.910: Application time: 0.0008270 seconds
110.980: [GC110.980: [DefNew: 3825K->391K(4288K), 0.0008400 secs] 9220K->7935K(13888K), 0.0008770 secs] [Times: user=0.00 sys=0.00, real=0.00 secs] 
110.980: Total time for which application threads were stopped: 0.0706980 seconds, Stopping threads took: 0.0697500 seconds
110.981: Application time: 0.0004250 seconds
111.017: [GC111.017: [DefNew: 4217K->4217K(4288K), 0.0000070 secs]111.017: [Tenured: 7543K->4418K(9600K), 0.0061110 secs] 11761K->4418K(13888K), [Perm : 5108K->5108K(21248K)], 0.0061550 secs] [Times: user=0.00 sys=0.01, real=0.00 secs] 
111.023: Total time for which application threads were stopped: 0.0420340 seconds, Stopping threads took: 0.0358060 seconds
111.024: Application time: 0.0007160 seconds
111.057: [GC111.057: [DefNew: 3803K->420K(4288K), 0.0007940 secs] 8222K->7280K(13888K), 0.0008200 secs] [Times: user=0.00 sys=0.00, real=0.00 secs] 
111.058: Total time for which application threads were stopped: 0.0344080 seconds, Stopping threads took: 0.0335180 seconds
111.059: Application time: 0.0005420 seconds
111.125: [GC111.125: [DefNew: 4245K->4245K(4288K), 0.0000070 secs]111.125: [Tenured: 6860K->4447K(9600K), 0.0049150 secs] 11105K->4447K(13888K), [Perm : 5108K->5108K(21248K)], 0.0049630 secs] [Times: user=0.00 sys=0.00, real=0.00 secs] 
111.130: Total time for which application threads were stopped: 0.0709780 seconds, Stopping threads took: 0.0659490 seconds
111.130: Application time: 0.0005300 seconds
111.196: [GC111.196: [DefNew: 3532K->392K(4288K), 0.0007020 secs] 7979K->6792K(13888K), 0.0007290 secs] [Times: user=0.00 sys=0.00, real=0.00 secs] 
111.197: Total time for which application threads were stopped: 0.0669260 seconds, Stopping threads took: 0.0661180 seconds
111.197: Application time: 0.0003640 seconds
111.231: [GC111.231: [DefNew: 4115K->4115K(4288K), 0.0000050 secs]111.231: [Tenured: 6400K->5228K(9600K), 0.0058690 secs] 10516K->5228K(13888K), [Perm : 5108K->5108K(21248K)], 0.0059110 secs] [Times: user=0.00 sys=0.00, real=0.01 secs] 
111.237: Total time for which application threads were stopped: 0.0394720 seconds, Stopping threads took: 0.0334880 seconds
111.238: Application time: 0.0008180 seconds
111.300: [GC111.300: [DefNew: 3823K->391K(4288K), 0.0008170 secs] 9051K->7866K(13888K), 0.0008460 secs] [Times: user=0.00 sys=0.00, real=0.00 secs] 
111.301: Total time for which application threads were stopped: 0.0629200 seconds, Stopping threads took: 0.0620050 seconds
111.301: Application time: 0.0005350 seconds
111.353: [GC111.353: [DefNew: 4021K->4021K(4288K), 0.0000070 secs]111.353: [Tenured: 7474K->4028K(9600K), 0.0055420 secs] 11496K->4028K(13888K), [Perm : 5108K->5108K(21248K)], 0.0055870 secs] [Times: user=0.01 sys=0.00, real=0.00 secs] 
111.359: Total time for which application threads were stopped: 0.0575210 seconds, Stopping threads took: 0.0518720 seconds
111.359: Application time: 0.0005410 seconds
111.393: [GC111.393: [DefNew: 3805K->322K(4288K), 0.0008020 secs] 7834K->6890K(13888K), 0.0008280 secs] [Times: user=0.00 sys=0.00, real=0.00 secs] 
111.394: Total time for which application threads were stopped: 0.0350360 seconds, Stopping threads took: 0.0341400 seconds
111.395: Application time: 0.0006580 seconds
111.428: [GC111.428: [DefNew: 4142K->4142K(4288K), 0.0000070 secs]111.428: [Tenured: 6567K->7279K(9600K), 0.0067270 secs] 10709K->7279K(13888K), [Perm : 5108K->5108K(21248K)], 0.0067730 secs] [Times: user=0.01 sys=0.00, real=0.01 secs] 
111.434: Total time for which application threads were stopped: 0.0395430 seconds, Stopping threads took: 0.0326950 seconds
111.508: Application time: 0.0734470 seconds
111.511: [GC111.511: [DefNew: 3708K->3708K(4288K), 0.0000090 secs]111.511: [Tenured: 7279K->2327K(9600K), 0.0051840 secs] 10987K->2327K(13888K), [Perm : 5108K->5108K(21248K)], 0.0052390 secs] [Times: user=0.01 sys=0.00, real=0.01 secs] 
111.516: Total time for which application threads were stopped: 0.0082600 seconds, Stopping threads took: 0.0029420 seconds
111.517: Application time: 0.0005130 seconds
111.550: [GC111.550: [DefNew: 3708K->420K(4288K), 0.0008350 secs] 6035K->5677K(13888K), 0.0008570 secs] [Times: user=0.01 sys=0.00, real=0.00 secs] 
111.551: Total time for which application threads were stopped: 0.0340090 seconds, Stopping threads took: 0.0330880 seconds
111.551: Application time: 0.0006040 seconds
111.613: [GC111.613: [DefNew: 4226K->419K(4288K), 0.0007060 secs] 9482K->7464K(13888K), 0.0007320 secs] [Times: user=0.00 sys=0.00, real=0.00 secs] 
111.613: Total time for which application threads were stopped: 0.0620000 seconds, Stopping threads took: 0.0612020 seconds
111.614: Application time: 0.0003980 seconds
111.647: [GC111.647: [DefNew: 4243K->4243K(4288K), 0.0000050 secs]111.647: [Tenured: 7044K->4924K(9600K), 0.0057200 secs] 11287K->4924K(13888K), [Perm : 5108K->5108K(21248K)], 0.0057630 secs] [Times: user=0.00 sys=0.00, real=0.01 secs] 
111.653: Total time for which application threads were stopped: 0.0392380 seconds, Stopping threads took: 0.0334010 seconds
111.654: Application time: 0.0006360 seconds
111.692: [GC111.692: [DefNew: 3823K->391K(4288K), 0.0008390 secs] 8747K->7855K(13888K), 0.0008650 secs] [Times: user=0.00 sys=0.00, real=0.01 secs] 
111.693: Total time for which application threads were stopped: 0.0390080 seconds, Stopping threads took: 0.0380740 seconds
111.693: Application time: 0.0007400 seconds
111.764: [GC111.764: [DefNew: 4217K->4217K(4288K), 0.0000080 secs]111.764: [Tenured: 7463K->3833K(9600K), 0.0055280 secs] 11680K->3833K(13888K), [Perm : 5108K->5108K(21248K)], 0.0055790 secs] [Times: user=0.01 sys=0.00, real=0.01 secs] 
111.769: Total time for which application threads were stopped: 0.0759180 seconds, Stopping threads took: 0.0702490 seconds
111.770: Application time: 0.0005430 seconds
111.835: [GC111.835: [DefNew: 3825K->392K(4288K), 0.0008250 secs] 7658K->6959K(13888K), 0.0008470 secs] [Times: user=0.00 sys=0.00, real=0.00 secs] 
111.835: Total time for which application threads were stopped: 0.0656860 seconds, Stopping threads took: 0.0647820 seconds
111.836: Application time: 0.0003650 seconds
111.882: [GC111.882: [DefNew: 4215K->4215K(4288K), 0.0000090 secs]111.882: [Tenured: 6567K->6079K(9600K), 0.0059600 secs] 10783K->6079K(13888K), [Perm : 5108K->5108K(21248K)], 0.0060160 secs] [Times: user=0.01 sys=0.00, real=0.01 secs] 
111.888: Total time for which application threads were stopped: 0.0524190 seconds, Stopping threads took: 0.0463200 seconds
111.960: Application time: 0.0714490 seconds
111.963: [GC111.963: [DefNew: 3825K->3825K(4288K), 0.0000090 secs]111.963: [Tenured: 6079K->1294K(9600K), 0.0057510 secs] 9904K->1294K(13888K), [Perm : 5108K->5108K(21248K)], 0.0058020 secs] [Times: user=0.01 sys=0.00, real=0.01 secs] 
111.968: Total time for which application threads were stopped: 0.0087300 seconds, Stopping threads took: 0.0028510 seconds
111.969: Application time: 0.0006630 seconds
111.969: [GC111.969: [DefNew: 3776K->441K(4288K), 0.0008840 secs] 5070K->5056K(13888K), 0.0009030 secs] [Times: user=0.00 sys=0.00, real=0.00 secs] 
111.970: Total time for which application threads were stopped: 0.0013010 seconds, Stopping threads took: 0.0003340 seconds
111.971: Application time: 0.0005060 seconds
112.017: [GC112.017: [DefNew: 4194K->419K(4288K), 0.0008010 secs] 8809K->7770K(13888K), 0.0008220 secs] [Times: user=0.00 sys=0.00, real=0.00 secs] 
112.018: Total time for which application threads were stopped: 0.0471170 seconds, Stopping threads took: 0.0462340 seconds
112.091: Application time: 0.0731240 seconds
112.092: [GC112.092: [DefNew: 4147K->4147K(4288K), 0.0000080 secs]112.092: [Tenured: 7351K->1715K(9600K), 0.0058030 secs] 11498K->1715K(13888K), [Perm : 5108K->5108K(21248K)], 0.0058540 secs] [Times: user=0.01 sys=0.00, real=0.01 secs] 
112.098: Total time for which application threads were stopped: 0.0069480 seconds, Stopping threads took: 0.0010170 seconds
112.099: Application time: 0.0006960 seconds
112.099: [GC112.099: [DefNew: 3727K->391K(4288K), 0.0008610 secs] 5442K->5427K(13888K), 0.0008780 secs] [Times: user=0.00 sys=0.00, real=0.00 secs] 
112.100: Total time for which application threads were stopped: 0.0012080 seconds, Stopping threads took: 0.0002680 seconds
112.101: Application time: 0.0011610 seconds
112.163: [GC112.163: [DefNew: 4212K->391K(4288K), 0.0005850 secs] 9248K->6893K(13888K), 0.0006150 secs] [Times: user=0.00 sys=0.00, real=0.00 secs] 
112.164: Total time for which application threads were stopped: 0.0624450 seconds, Stopping threads took: 0.0617900 seconds
112.164: Application time: 0.0007650 seconds
112.227: [GC112.227: [DefNew: 4197K->4197K(4288K), 0.0000080 secs]112.227: [Tenured: 6501K->4321K(9600K), 0.0063150 secs] 10699K->4321K(13888K), [Perm : 5108K->5108K(21248K)], 0.0063610 secs] [Times: user=0.01 sys=0.00, real=0.01 secs] 
112.233: Total time for which application threads were stopped: 0.0688930 seconds, Stopping threads took: 0.0624580 seconds
112.234: Application time: 0.0005590 seconds
112.268: [GC112.268: [DefNew: 3727K->391K(4288K), 0.0010320 secs] 8049K->7838K(13888K), 0.0010610 secs] [Times: user=0.00 sys=0.00, real=0.00 secs] 
112.269: Total time for which application threads were stopped: 0.0349810 seconds, Stopping threads took: 0.0338420 seconds
112.269: Application time: 0.0004170 seconds
112.316: [GC112.316: [DefNew: 4217K->4217K(4288K), 0.0000060 secs]112.316: [Tenured: 7446K->5395K(9600K), 0.0058840 secs] 11663K->5395K(13888K), [Perm : 5108K->5108K(21248K)], 0.0059320 secs] [Times: user=0.01 sys=0.00, real=0.00 secs] 
112.322: Total time for which application threads were stopped: 0.0525470 seconds, Stopping threads took: 0.0465410 seconds
112.323: Application time: 0.0008660 seconds
112.390: [GC112.390: [DefNew: 3825K->391K(4288K), 0.0008520 secs] 9221K->7936K(13888K), 0.0008800 secs] [Times: user=0.00 sys=0.00, real=0.00 secs] 
112.391: Total time for which application threads were stopped: 0.0687190 seconds, Stopping threads took: 0.0677660 seconds
112.392: Application time: 0.0004280 seconds
112.425: [GC112.425: [DefNew: 4217K->4217K(4288K), 0.0000060 secs]112.425: [Tenured: 7544K->4419K(9600K), 0.0060290 secs] 11761K->4419K(13888K), [Perm : 5108K->5108K(21248K)], 0.0060710 secs] [Times: user=0.01 sys=0.00, real=0.00 secs] 
112.431: Total time for which application threads were stopped: 0.0391920 seconds, Stopping threads took: 0.0330520 seconds
112.431: Application time: 0.0005020 seconds
112.465: [GC112.465: [DefNew: 3823K->391K(4288K), 0.0008880 secs] 8242K->7936K(13888K), 0.0009110 secs] [Times: user=0.00 sys=0.00, real=0.00 secs] 
112.466: Total time for which application threads were stopped: 0.0345350 seconds, Stopping threads took: 0.0335580 seconds
112.532: Application time: 0.0658160 seconds
112.547: [GC112.547: [DefNew: 4197K->4197K(4288K), 0.0000080 secs]112.547: [Tenured: 7544K->2690K(9600K), 0.0051820 secs] 11741K->2690K(13888K), [Perm : 5108K->5108K(21248K)], 0.0052370 secs] [Times: user=0.01 sys=0.00, real=0.00 secs] 
112.552: Total time for which application threads were stopped: 0.0203160 seconds, Stopping threads took: 0.0150010 seconds
112.553: Application time: 0.0005830 seconds
112.586: [GC112.586: [DefNew: 3825K->392K(4288K), 0.0008670 secs] 6516K->6403K(13888K), 0.0008880 secs] [Times: user=0.00 sys=0.00, real=0.00 secs] 
112.587: Total time for which application threads were stopped: 0.0343990 seconds, Stopping threads took: 0.0334480 seconds
112.588: Application time: 0.0004460 seconds
112.649: [GC112.649: [DefNew: 4119K->4119K(4288K), 0.0000070 secs]112.649: [Tenured: 6011K->4419K(9600K), 0.0061240 secs] 10131K->4419K(13888K), [Perm : 5108K->5108K(21248K)], 0.0061740 secs] [Times: user=0.00 sys=0.00, real=0.01 secs] 
112.655: Total time for which application threads were stopped: 0.0675720 seconds, Stopping threads took: 0.0613230 seconds
112.656: Application time: 0.0004840 seconds
112.723: [GC112.723: [DefNew: 3532K->392K(4288K), 0.0007050 secs] 7951K->6764K(13888K), 0.0007310 secs] [Times: user=0.00 sys=0.00, real=0.00 secs] 
112.724: Total time for which application threads were stopped: 0.0682810 seconds, Stopping threads took: 0.0674800 seconds
112.724: Application time: 0.0003680 seconds
112.757: [GC112.757: [DefNew: 4115K->4115K(4288K), 0.0000130 secs]112.757: [Tenured: 6372K->6274K(9600K), 0.0059510 secs] 10488K->6274K(13888K), [Perm : 5108K->5108K(21248K)], 0.0060040 secs] [Times: user=0.01 sys=0.00, real=0.00 secs] 
112.763: Total time for which application threads were stopped: 0.0390810 seconds, Stopping threads took: 0.0330020 seconds
112.836: Application time: 0.0726180 seconds
112.838: [GC112.838: [DefNew: 3825K->3825K(4288K), 0.0000090 secs]112.838: [Tenured: 6274K->1489K(9600K), 0.0055300 secs] 10099K->1489K(13888K), [Perm : 5108K->5108K(21248K)], 0.0055830 secs] [Times: user=0.01 sys=0.00, real=0.00 secs] 
112.844: Total time for which application threads were stopped: 0.0076270 seconds, Stopping threads took: 0.0019710 seconds
112.844: Application time: 0.0007550 seconds
112.845: [GC112.845: [DefNew: 3727K->392K(4288K), 0.0008970 secs] 5217K->5202K(13888K), 0.0009140 secs] [Times: user=0.00 sys=0.00, real=0.00 secs] 
112.846: Total time for which application threads were stopped: 0.0013010 seconds, Stopping threads took: 0.0003280 seconds
112.847: Application time: 0.0014110 seconds
112.908: [GC112.908: [DefNew: 4215K->391K(4288K), 0.0007980 secs] 9025K->7742K(13888K), 0.0008210 secs] [Times: user=0.00 sys=0.00, real=0.00 secs] 
112.909: Total time for which application threads were stopped: 0.0616310 seconds, Stopping threads took: 0.0607710 seconds
112.910: Application time: 0.0008180 seconds
112.980: [GC112.980: [DefNew: 4216K->4216K(4288K), 0.0000080 secs]112.980: [Tenured: 7351K->4223K(9600K), 0.0063410 secs] 11567K->4223K(13888K), [Perm : 5108K->5108K(21248K)], 0.0063890 secs] [Times: user=0.01 sys=0.00, real=0.01 secs] 
112.986: Total time for which application threads were stopped: 0.0764060 seconds, Stopping threads took: 0.0699420 seconds
112.987: Application time: 0.0006140 seconds
113.020: [GC113.020: [DefNew: 3825K->392K(4288K), 0.0010070 secs] 8049K->7741K(13888K), 0.0010330 secs] [Times: user=0.00 sys=0.00, real=0.00 secs] 
113.021: Total time for which application threads were stopped: 0.0348150 seconds, Stopping threads took: 0.0337330 seconds
113.022: Application time: 0.0004280 seconds
113.086: [GC113.086: [DefNew: 4217K->4217K(4288K), 0.0000080 secs]113.086: [Tenured: 7349K->4321K(9600K), 0.0063730 secs] 11566K->4321K(13888K), [Perm : 5108K->5108K(21248K)], 0.0064190 secs] [Times: user=0.00 sys=0.00, real=0.00 secs] 
113.092: Total time for which application threads were stopped: 0.0703340 seconds, Stopping threads took: 0.0638420 seconds
113.093: Application time: 0.0006970 seconds
113.142: [GC113.142: [DefNew: 3806K->420K(4288K), 0.0008980 secs] 8127K->7769K(13888K), 0.0009240 secs] [Times: user=0.00 sys=0.00, real=0.00 secs] 
113.143: Total time for which application threads were stopped: 0.0497660 seconds, Stopping threads took: 0.0487750 seconds
113.144: Application time: 0.0008810 seconds
113.214: [GC113.214: [DefNew: 4245K->4245K(4288K), 0.0000080 secs]113.214: [Tenured: 7349K->3275K(9600K), 0.0060460 secs] 11594K->3275K(13888K), [Perm : 5108K->5108K(21248K)], 0.0060940 secs] [Times: user=0.01 sys=0.00, real=0.00 secs] 
113.220: Total time for which application threads were stopped: 0.0763590 seconds, Stopping threads took: 0.0701880 seconds
113.220: Application time: 0.0006060 seconds
113.254: [GC113.254: [DefNew: 3790K->404K(4288K), 0.0009110 secs] 7066K->6805K(13888K), 0.0009360 secs] [Times: user=0.00 sys=0.00, real=0.00 secs] 
113.255: Total time for which application threads were stopped: 0.0345070 seconds, Stopping threads took: 0.0335250 seconds
113.255: Application time: 0.0003460 seconds
113.319: [GC113.319: [DefNew: 4148K->4148K(4288K), 0.0000070 secs]113.319: [Tenured: 6401K->4280K(9600K), 0.0056340 secs] 10549K->4280K(13888K), [Perm : 5108K->5108K(21248K)], 0.0056810 secs] [Times: user=0.01 sys=0.00, real=0.01 secs] 
113.325: Total time for which application threads were stopped: 0.0695670 seconds, Stopping threads took: 0.0638110 seconds
113.325: Application time: 0.0004780 seconds
113.359: [GC113.359: [DefNew: 3823K->391K(4288K), 0.0008840 secs] 8104K->7700K(13888K), 0.0009060 secs] [Times: user=0.00 sys=0.00, real=0.00 secs] 
113.360: Total time for which application threads were stopped: 0.0346390 seconds, Stopping threads took: 0.0336660 seconds
113.361: Application time: 0.0007850 seconds
113.431: [GC113.431: [DefNew: 4217K->4217K(4288K), 0.0000080 secs]113.431: [Tenured: 7308K->4378K(9600K), 0.0063510 secs] 11525K->4378K(13888K), [Perm : 5108K->5108K(21248K)], 0.0063990 secs] [Times: user=0.00 sys=0.00, real=0.01 secs] 
113.437: Total time for which application threads were stopped: 0.0764550 seconds, Stopping threads took: 0.0699770 seconds
113.438: Application time: 0.0008600 seconds
113.484: [GC113.484: [DefNew: 3806K->420K(4288K), 0.0010210 secs] 8184K->7924K(13888K), 0.0010520 secs] [Times: user=0.00 sys=0.00, real=0.01 secs] 
113.485: Total time for which application threads were stopped: 0.0469120 seconds, Stopping threads took: 0.0457880 seconds
113.486: Application time: 0.0004800 seconds
113.550: [GC113.550: [DefNew: 4148K->4148K(4288K), 0.0000070 secs]113.550: [Tenured: 7503K->4224K(9600K), 0.0063860 secs] 11652K->4224K(13888K), [Perm : 5108K->5108K(21248K)], 0.0064300 secs] [Times: user=0.00 sys=0.00, real=0.01 secs] 
113.556: Total time for which application threads were stopped: 0.0709140 seconds, Stopping threads took: 0.0644340 seconds
113.557: Application time: 0.0005610 seconds
113.591: [GC113.591: [DefNew: 3727K->391K(4288K), 0.0008400 secs] 7951K->7545K(13888K), 0.0008650 secs] [Times: user=0.01 sys=0.00, real=0.00 secs] 
113.592: Total time for which application threads were stopped: 0.0345480 seconds, Stopping threads took: 0.0336150 seconds
113.593: Application time: 0.0009670 seconds
113.659: [GC113.659: [DefNew: 4215K->4215K(4288K), 0.0000070 secs]113.659: [Tenured: 7154K->4615K(9600K), 0.0063100 secs] 11369K->4615K(13888K), [Perm : 5108K->5108K(21248K)], 0.0063570 secs] [Times: user=0.00 sys=0.00, real=0.01 secs] 
113.666: Total time for which application threads were stopped: 0.0732720 seconds, Stopping threads took: 0.0668370 seconds
113.667: Application time: 0.0008900 seconds
113.717: [GC113.717: [DefNew: 3786K->441K(4288K), 0.0009790 secs] 8401K->7994K(13888K), 0.0010070 secs] [Times: user=0.00 sys=0.00, real=0.00 secs] 
113.718: Total time for which application threads were stopped: 0.0509090 seconds, Stopping threads took: 0.0498490 seconds
113.718: Application time: 0.0004510 seconds
113.784: [GC113.784: [DefNew: 4262K->4262K(4288K), 0.0000060 secs]113.784: [Tenured: 7553K->5648K(9600K), 0.0064960 secs] 11815K->5648K(13888K), [Perm : 5108K->5108K(21248K)], 0.0065360 secs] [Times: user=0.00 sys=0.00, real=0.01 secs] 
113.790: Total time for which application threads were stopped: 0.0724100 seconds, Stopping threads took: 0.0658250 seconds
113.791: Application time: 0.0008600 seconds
113.861: [GC113.862: [DefNew: 3825K->391K(4288K), 0.0008270 secs] 9474K->7994K(13888K), 0.0008620 secs] [Times: user=0.00 sys=0.00, real=0.00 secs] 
113.862: Total time for which application threads were stopped: 0.0710310 seconds, Stopping threads took: 0.0700820 seconds
113.863: Application time: 0.0004960 seconds
113.899: [GC113.899: [DefNew: 4076K->4076K(4288K), 0.0000080 secs]113.899: [Tenured: 7602K->4481K(9600K), 0.0062950 secs] 11678K->4481K(13888K), [Perm : 5108K->5108K(21248K)], 0.0063390 secs] [Times: user=0.01 sys=0.00, real=0.01 secs] 
113.905: Total time for which application threads were stopped: 0.0426130 seconds, Stopping threads took: 0.0362200 seconds
113.906: Application time: 0.0004810 seconds
113.958: [GC113.958: [DefNew: 3652K->416K(4288K), 0.0007660 secs] 8133K->7240K(13888K), 0.0007930 secs] [Times: user=0.00 sys=0.00, real=0.00 secs] 
113.959: Total time for which application threads were stopped: 0.0532210 seconds, Stopping threads took: 0.0523580 seconds
113.960: Application time: 0.0004560 seconds
113.993: [GC113.993: [DefNew: 4137K->4137K(4288K), 0.0000070 secs]113.993: [Tenured: 6824K->5982K(9600K), 0.0059450 secs] 10962K->5982K(13888K), [Perm : 5108K->5108K(21248K)], 0.0059940 secs] [Times: user=0.00 sys=0.00, real=0.00 secs] 
113.999: Total time for which application threads were stopped: 0.0395180 seconds, Stopping threads took: 0.0334480 seconds
114.000: Application time: 0.0009960 seconds
114.071: [GC114.071: [DefNew: 3825K->3825K(4288K), 0.0000100 secs]114.071: [Tenured: 5982K->3345K(9600K), 0.0060890 secs] 9807K->3345K(13888K), [Perm : 5108K->5108K(21248K)], 0.0061520 secs] [Times: user=0.00 sys=0.00, real=0.01 secs] 
114.077: Total time for which application threads were stopped: 0.0769240 seconds, Stopping threads took: 0.0707150 seconds
114.078: Application time: 0.0005480 seconds
114.111: [GC114.111: [DefNew: 3825K->392K(4288K), 0.0009800 secs] 7171K->7058K(13888K), 0.0010060 secs] [Times: user=0.01 sys=0.00, real=0.00 secs] 
114.112: Total time for which application threads were stopped: 0.0345180 seconds, Stopping threads took: 0.0334440 seconds
114.113: Application time: 0.0004370 seconds
114.175: [GC114.175: [DefNew: 4117K->4117K(4288K), 0.0000070 secs]114.175: [Tenured: 6666K->4420K(9600K), 0.0056740 secs] 10784K->4420K(13888K), [Perm : 5108K->5108K(21248K)], 0.0057190 secs] [Times: user=0.00 sys=0.00, real=0.00 secs] 
114.181: Total time for which application threads were stopped: 0.0684120 seconds, Stopping threads took: 0.0626210 seconds
114.182: Application time: 0.0008750 seconds
114.253: [GC114.253: [DefNew: 3806K->420K(4288K), 0.0008140 secs] 8226K->6989K(13888K), 0.0008420 secs] [Times: user=0.00 sys=0.00, real=0.00 secs] 
114.254: Total time for which application threads were stopped: 0.0716050 seconds, Stopping threads took: 0.0707130 seconds
114.254: Application time: 0.0003380 seconds
114.288: [GC114.288: [DefNew: 4245K->4245K(4288K), 0.0000070 secs]114.288: [Tenured: 6569K->4449K(9600K), 0.0062780 secs] 10815K->4449K(13888K), [Perm : 5109K->5109K(21248K)], 0.0063210 secs] [Times: user=0.00 sys=0.00, real=0.01 secs] 
114.294: Total time for which application threads were stopped: 0.0403740 seconds, Stopping threads took: 0.0339800 seconds
114.295: Application time: 0.0005740 seconds
114.328: [GC114.328: [DefNew: 3721K->293K(4288K), 0.0008080 secs] 8170K->7868K(13888K), 0.0008330 secs] [Times: user=0.00 sys=0.00, real=0.00 secs] 
114.329: Total time for which application threads were stopped: 0.0344230 seconds, Stopping threads took: 0.0335230 seconds
114.402: Application time: 0.0724640 seconds
114.403: [GC114.403: [DefNew: 3923K->3923K(4288K), 0.0000100 secs]114.403: [Tenured: 7574K->2075K(9600K), 0.0059110 secs] 11498K->2075K(13888K), [Perm : 5109K->5109K(21248K)], 0.0059630 secs] [Times: user=0.01 sys=0.00, real=0.01 secs] 
114.409: Total time for which application threads were stopped: 0.0073870 seconds, Stopping threads took: 0.0013390 seconds
114.410: Application time: 0.0005500 seconds
114.410: [GC114.410: [DefNew: 3676K->440K(4288K), 0.0008610 secs] 5752K->5739K(13888K), 0.0008840 secs] [Times: user=0.00 sys=0.00, real=0.00 secs] 
114.411: Total time for which application threads were stopped: 0.0012510 seconds, Stopping threads took: 0.0003000 seconds
114.412: Application time: 0.0010110 seconds
114.482: [GC114.482: [DefNew: 4096K->224K(4288K), 0.0004550 secs] 9395K->6305K(13888K), 0.0004820 secs] [Times: user=0.00 sys=0.00, real=0.00 secs] 
114.483: Total time for which application threads were stopped: 0.0706170 seconds, Stopping threads took: 0.0700650 seconds
114.483: Application time: 0.0003500 seconds
114.516: [GC114.516: [DefNew: 3952K->3952K(4288K), 0.0000080 secs]114.516: [Tenured: 6081K->4448K(9600K), 0.0062150 secs] 10033K->4448K(13888K), [Perm : 5109K->5109K(21248K)], 0.0062580 secs] [Times: user=0.00 sys=0.00, real=0.00 secs] 
114.522: Total time for which application threads were stopped: 0.0393110 seconds, Stopping threads took: 0.0329810 seconds
114.523: Application time: 0.0005340 seconds
114.557: [GC114.557: [DefNew: 3723K->391K(4288K), 0.0008280 secs] 8171K->7866K(13888K), 0.0008520 secs] [Times: user=0.00 sys=0.00, real=0.00 secs] 
114.558: Total time for which application threads were stopped: 0.0348170 seconds, Stopping threads took: 0.0338970 seconds
114.629: Application time: 0.0717380 seconds
114.633: [GC114.633: [DefNew: 4216K->4216K(4288K), 0.0000090 secs]114.633: [Tenured: 7475K->2301K(9600K), 0.0051650 secs] 11692K->2301K(13888K), [Perm : 5109K->5109K(21248K)], 0.0052240 secs] [Times: user=0.00 sys=0.00, real=0.00 secs] 
114.638: Total time for which application threads were stopped: 0.0085940 seconds, Stopping threads took: 0.0032900 seconds
114.638: Application time: 0.0005380 seconds
114.639: [GC114.639: [DefNew: 3825K->392K(4288K), 0.0008510 secs] 6126K->6111K(13888K), 0.0008710 secs] [Times: user=0.00 sys=0.00, real=0.00 secs] 
114.640: Total time for which application threads were stopped: 0.0013230 seconds, Stopping threads took: 0.0003880 seconds
114.711: Application time: 0.0716810 seconds
114.713: [GC114.713: [DefNew: 4217K->4217K(4288K), 0.0000080 secs]114.713: [Tenured: 5719K->1324K(9600K), 0.0057280 secs] 9936K->1324K(13888K), [Perm : 5109K->5109K(21248K)], 0.0057760 secs] [Times: user=0.00 sys=0.00, real=0.00 secs] 
114.719: Total time for which application threads were stopped: 0.0072400 seconds, Stopping threads took: 0.0013900 seconds
114.719: Application time: 0.0005720 seconds
114.720: [GC114.720: [DefNew: 3727K->392K(4288K), 0.0008700 secs] 5052K->5037K(13888K), 0.0008930 secs] [Times: user=0.00 sys=0.00, real=0.00 secs] 
114.720: Total time for which application threads were stopped: 0.0012160 seconds, Stopping threads took: 0.0002800 seconds
114.722: Application time: 0.0013400 seconds
114.786: [GC114.786: [DefNew: 4113K->293K(4288K), 0.0006410 secs] 8758K->7088K(13888K), 0.0006640 secs] [Times: user=0.00 sys=0.00, real=0.00 secs] 
114.786: Total time for which application threads were stopped: 0.0645630 seconds, Stopping threads took: 0.0638590 seconds
114.787: Application time: 0.0006920 seconds
114.857: [GC114.857: [DefNew: 4118K->4118K(4288K), 0.0000100 secs]114.857: [Tenured: 6795K->3931K(9600K), 0.0061900 secs] 10914K->3931K(13888K), [Perm : 5109K->5109K(21248K)], 0.0062470 secs] [Times: user=0.01 sys=0.00, real=0.00 secs] 
114.863: Total time for which application threads were stopped: 0.0762350 seconds, Stopping threads took: 0.0699050 seconds
114.864: Application time: 0.0005280 seconds
114.898: [GC114.898: [DefNew: 3727K->392K(4288K), 0.0008520 secs] 7659K->7058K(13888K), 0.0008750 secs] [Times: user=0.00 sys=0.00, real=0.00 secs] 
114.898: Total time for which application threads were stopped: 0.0346820 seconds, Stopping threads took: 0.0337410 seconds
114.899: Application time: 0.0003740 seconds
114.932: [GC114.932: [DefNew: 4018K->4018K(4288K), 0.0000070 secs]114.932: [Tenured: 6666K->5884K(9600K), 0.0058910 secs] 10684K->5884K(13888K), [Perm : 5109K->5109K(21248K)], 0.0059350 secs] [Times: user=0.01 sys=0.00, real=0.01 secs] 
114.938: Total time for which application threads were stopped: 0.0391580 seconds, Stopping threads took: 0.0331420 seconds
114.939: Application time: 0.0009790 seconds
115.009: [GC115.009: [DefNew: 3727K->3727K(4288K), 0.0000090 secs]115.009: [Tenured: 5884K->3150K(9600K), 0.0052440 secs] 9612K->3150K(13888K), [Perm : 5109K->5109K(21248K)], 0.0052960 secs] [Times: user=0.01 sys=0.00, real=0.01 secs] 
115.015: Total time for which application threads were stopped: 0.0755920 seconds, Stopping threads took: 0.0702190 seconds
115.015: Application time: 0.0007090 seconds
115.050: [GC115.050: [DefNew: 3678K->440K(4288K), 0.0008960 secs] 6828K->6521K(13888K), 0.0009210 secs] [Times: user=0.00 sys=0.00, real=0.00 secs] 
115.051: Total time for which application threads were stopped: 0.0356530 seconds, Stopping threads took: 0.0346640 seconds
115.051: Application time: 0.0004580 seconds
115.117: [GC115.117: [DefNew: 4196K->4196K(4288K), 0.0000070 secs]115.117: [Tenured: 6080K->4057K(9600K), 0.0055120 secs] 10276K->4057K(13888K), [Perm : 5109K->5109K(21248K)], 0.0055580 secs] [Times: user=0.00 sys=0.00, real=0.00 secs] 
115.123: Total time for which application threads were stopped: 0.0711100 seconds, Stopping threads took: 0.0654890 seconds
115.123: Application time: 0.0005120 seconds
115.184: [GC115.185: [DefNew: 3628K->391K(4288K), 0.0007550 secs] 7685K->6793K(13888K), 0.0007810 secs] [Times: user=0.00 sys=0.00, real=0.00 secs] 
115.185: Total time for which application threads were stopped: 0.0622430 seconds, Stopping threads took: 0.0613860 seconds
115.186: Application time: 0.0003790 seconds
115.219: [GC115.219: [DefNew: 4113K->4113K(4288K), 0.0000060 secs]115.219: [Tenured: 6401K->7056K(9600K), 0.0061810 secs] 10515K->7056K(13888K), [Perm : 5109K->5109K(21248K)], 0.0062270 secs] [Times: user=0.01 sys=0.00, real=0.01 secs] 
115.225: Total time for which application threads were stopped: 0.0391910 seconds, Stopping threads took: 0.0328890 seconds
115.296: Application time: 0.0713290 seconds
115.300: [GC115.300: [DefNew: 3825K->3825K(4288K), 0.0000090 secs]115.300: [Tenured: 7056K->2271K(9600K), 0.0045810 secs] 10881K->2271K(13888K), [Perm : 5109K->5109K(21248K)], 0.0046330 secs] [Times: user=0.00 sys=0.00, real=0.01 secs] 
115.305: Total time for which application threads were stopped: 0.0085330 seconds, Stopping threads took: 0.0038220 seconds
115.305: Application time: 0.0005360 seconds
115.339: [GC115.339: [DefNew: 3825K->391K(4288K), 0.0008510 secs] 6097K->5984K(13888K), 0.0008720 secs] [Times: user=0.00 sys=0.00, real=0.00 secs] 
115.340: Total time for which application threads were stopped: 0.0343280 seconds, Stopping threads took: 0.0334040 seconds
115.341: Application time: 0.0011790 seconds
115.407: [GC115.407: [DefNew: 4115K->4115K(4288K), 0.0000070 secs]115.407: [Tenured: 5592K->5495K(9600K), 0.0058200 secs] 9707K->5495K(13888K), [Perm : 5109K->5109K(21248K)], 0.0058670 secs] [Times: user=0.01 sys=0.00, real=0.01 secs] 
115.413: Total time for which application threads were stopped: 0.0725140 seconds, Stopping threads took: 0.0665920 seconds
115.414: Application time: 0.0008300 seconds
115.484: [GC115.484: [DefNew: 3688K->440K(4288K), 0.0008040 secs] 9184K->7897K(13888K), 0.0008320 secs] [Times: user=0.00 sys=0.00, real=0.01 secs] 
115.485: Total time for which application threads were stopped: 0.0705550 seconds, Stopping threads took: 0.0696410 seconds
115.485: Application time: 0.0004330 seconds
115.535: [GC115.535: [DefNew: 4070K->4070K(4288K), 0.0000070 secs]115.535: [Tenured: 7456K->4086K(9600K), 0.0061150 secs] 11527K->4086K(13888K), [Perm : 5109K->5109K(21248K)], 0.0061630 secs] [Times: user=0.01 sys=0.00, real=0.00 secs] 
115.541: Total time for which application threads were stopped: 0.0560340 seconds, Stopping threads took: 0.0497960 seconds
115.542: Application time: 0.0004620 seconds
115.587: [GC115.587: [DefNew: 3721K->391K(4288K), 0.0008790 secs] 7807K->7505K(13888K), 0.0009030 secs] [Times: user=0.00 sys=0.00, real=0.00 secs] 
115.588: Total time for which application threads were stopped: 0.0464660 seconds, Stopping threads took: 0.0455170 seconds
115.659: Application time: 0.0711830 seconds
115.662: [GC115.662: [DefNew: 4177K->4177K(4288K), 0.0000090 secs]115.662: [Tenured: 7113K->1685K(9600K), 0.0051060 secs] 11291K->1685K(13888K), [Perm : 5109K->5109K(21248K)], 0.0051590 secs] [Times: user=0.00 sys=0.00, real=0.01 secs] 
115.667: Total time for which application threads were stopped: 0.0081180 seconds, Stopping threads took: 0.0029010 seconds
115.668: Application time: 0.0005210 seconds
115.668: [GC115.668: [DefNew: 3725K->392K(4288K), 0.0008520 secs] 5411K->5398K(13888K), 0.0008720 secs] [Times: user=0.00 sys=0.00, real=0.00 secs] 
115.669: Total time for which application threads were stopped: 0.0011450 seconds, Stopping threads took: 0.0002110 seconds
115.670: Application time: 0.0009390 seconds
115.704: [GC115.704: [DefNew: 4217K->391K(4288K), 0.0008070 secs] 9223K->7938K(13888K), 0.0008290 secs] [Times: user=0.00 sys=0.00, real=0.01 secs] 
115.704: Total time for which application threads were stopped: 0.0343840 seconds, Stopping threads took: 0.0334910 seconds
115.706: Application time: 0.0016350 seconds
115.776: [GC115.776: [DefNew: 4099K->4099K(4288K), 0.0000100 secs]115.776: [Tenured: 7547K->2497K(9600K), 0.0051900 secs] 11646K->2497K(13888K), [Perm : 5109K->5109K(21248K)], 0.0052510 secs] [Times: user=0.00 sys=0.00, real=0.00 secs] 
115.782: Total time for which application threads were stopped: 0.0755300 seconds, Stopping threads took: 0.0702260 seconds
115.782: Application time: 0.0005070 seconds
115.782: [GC115.782: [DefNew: 3630K->294K(4288K), 0.0008100 secs] 6127K->6112K(13888K), 0.0008350 secs] [Times: user=0.00 sys=0.00, real=0.00 secs] 
115.783: Total time for which application threads were stopped: 0.0011030 seconds, Stopping threads took: 0.0002090 seconds
115.785: Application time: 0.0015180 seconds
115.855: [GC115.855: [DefNew: 4119K->4119K(4288K), 0.0000110 secs]115.855: [Tenured: 5817K->3475K(9600K), 0.0059180 secs] 9937K->3475K(13888K), [Perm : 5109K->5109K(21248K)], 0.0059750 secs] [Times: user=0.00 sys=0.00, real=0.00 secs] 
115.861: Total time for which application threads were stopped: 0.0764460 seconds, Stopping threads took: 0.0703890 seconds
115.862: Application time: 0.0005630 seconds
115.909: [GC115.909: [DefNew: 3727K->392K(4288K), 0.0008370 secs] 7203K->6797K(13888K), 0.0008560 secs] [Times: user=0.01 sys=0.00, real=0.00 secs] 
115.909: Total time for which application threads were stopped: 0.0477170 seconds, Stopping threads took: 0.0467970 seconds
115.910: Application time: 0.0008710 seconds
115.956: [GC115.956: [DefNew: 4194K->4194K(4288K), 0.0000070 secs]115.956: [Tenured: 6405K->6628K(9600K), 0.0065480 secs] 10599K->6628K(13888K), [Perm : 5109K->5109K(21248K)], 0.0065910 secs] [Times: user=0.00 sys=0.00, real=0.00 secs] 
115.962: Total time for which application threads were stopped: 0.0520430 seconds, Stopping threads took: 0.0454020 seconds
116.034: Application time: 0.0712120 seconds
116.039: [GC116.039: [DefNew: 3727K->3727K(4288K), 0.0000090 secs]116.039: [Tenured: 6628K->1295K(9600K), 0.0049970 secs] 10356K->1295K(13888K), [Perm : 5109K->5109K(21248K)], 0.0050470 secs] [Times: user=0.01 sys=0.00, real=0.00 secs] 
116.044: Total time for which application threads were stopped: 0.0101540 seconds, Stopping threads took: 0.0050210 seconds
116.044: Application time: 0.0005910 seconds
116.045: [GC116.045: [DefNew: 3727K->392K(4288K), 0.0008110 secs] 5023K->5007K(13888K), 0.0008330 secs] [Times: user=0.01 sys=0.00, real=0.00 secs] 
116.045: Total time for which application threads were stopped: 0.0011530 seconds, Stopping threads took: 0.0002570 seconds
116.046: Application time: 0.0004050 seconds
116.079: [GC116.079: [DefNew: 4215K->293K(4288K), 0.0009800 secs] 8830K->8231K(13888K), 0.0010040 secs] [Times: user=0.00 sys=0.00, real=0.00 secs] 
116.080: Total time for which application threads were stopped: 0.0340800 seconds, Stopping threads took: 0.0330100 seconds
116.151: Application time: 0.0707350 seconds
116.154: [GC116.154: [DefNew: 3923K->3923K(4288K), 0.0000090 secs]116.154: [Tenured: 7937K->1687K(9600K), 0.0050860 secs] 11861K->1687K(13888K), [Perm : 5109K->5109K(21248K)], 0.0051390 secs] [Times: user=0.01 sys=0.00, real=0.00 secs] 
116.159: Total time for which application threads were stopped: 0.0087160 seconds, Stopping threads took: 0.0035000 seconds
116.160: Application time: 0.0005500 seconds
116.160: [GC116.160: [DefNew: 3725K->392K(4288K), 0.0008600 secs] 5413K->5400K(13888K), 0.0008790 secs] [Times: user=0.00 sys=0.00, real=0.00 secs] 
116.161: Total time for which application threads were stopped: 0.0010970 seconds, Stopping threads took: 0.0001810 seconds
116.162: Application time: 0.0012840 seconds
116.232: [GC116.232: [DefNew: 4215K->391K(4288K), 0.0005830 secs] 9223K->6866K(13888K), 0.0006070 secs] [Times: user=0.00 sys=0.00, real=0.01 secs] 
116.232: Total time for which application threads were stopped: 0.0701140 seconds, Stopping threads took: 0.0694640 seconds
116.233: Application time: 0.0007650 seconds
116.303: [GC116.303: [DefNew: 4216K->4216K(4288K), 0.0000070 secs]116.303: [Tenured: 6474K->4420K(9600K), 0.0056720 secs] 10691K->4420K(13888K), [Perm : 5109K->5109K(21248K)], 0.0057200 secs] [Times: user=0.00 sys=0.00, real=0.01 secs] 
116.309: Total time for which application threads were stopped: 0.0754090 seconds, Stopping threads took: 0.0696340 seconds
116.309: Application time: 0.0007350 seconds
116.372: [GC116.372: [DefNew: 3805K->420K(4288K), 0.0007870 secs] 8226K->6989K(13888K), 0.0008210 secs] [Times: user=0.00 sys=0.00, real=0.01 secs] 
116.373: Total time for which application threads were stopped: 0.0631440 seconds, Stopping threads took: 0.0622540 seconds
116.373: Application time: 0.0003970 seconds
116.424: [GC116.424: [DefNew: 4245K->4245K(4288K), 0.0000070 secs]116.424: [Tenured: 6568K->4448K(9600K), 0.0063330 secs] 10814K->4448K(13888K), [Perm : 5109K->5109K(21248K)], 0.0063760 secs] [Times: user=0.00 sys=0.00, real=0.01 secs] 
116.430: Total time for which application threads were stopped: 0.0573510 seconds, Stopping threads took: 0.0509030 seconds
116.431: Application time: 0.0006670 seconds
116.470: [GC116.470: [DefNew: 3821K->391K(4288K), 0.0008730 secs] 8269K->7965K(13888K), 0.0008980 secs] [Times: user=0.00 sys=0.00, real=0.00 secs] 
116.471: Total time for which application threads were stopped: 0.0396080 seconds, Stopping threads took: 0.0386420 seconds
116.543: Application time: 0.0728680 seconds
116.545: [GC116.545: [DefNew: 4119K->4119K(4288K), 0.0000090 secs]116.545: [Tenured: 7573K->2272K(9600K), 0.0059110 secs] 11692K->2272K(13888K), [Perm : 5109K->5109K(21248K)], 0.0059650 secs] [Times: user=0.01 sys=0.00, real=0.00 secs] 
116.551: Total time for which application threads were stopped: 0.0077400 seconds, Stopping threads took: 0.0016890 seconds
116.552: Application time: 0.0005900 seconds
116.593: [GC116.593: [DefNew: 3630K->392K(4288K), 0.0007990 secs] 5902K->5594K(13888K), 0.0008170 secs] [Times: user=0.00 sys=0.00, real=0.00 secs] 
116.594: Total time for which application threads were stopped: 0.0421930 seconds, Stopping threads took: 0.0413160 seconds
116.594: Application time: 0.0005130 seconds
116.656: [GC116.656: [DefNew: 4213K->391K(4288K), 0.0008090 secs] 9415K->8133K(13888K), 0.0008330 secs] [Times: user=0.00 sys=0.00, real=0.00 secs] 
116.657: Total time for which application threads were stopped: 0.0624760 seconds, Stopping threads took: 0.0616030 seconds
116.658: Application time: 0.0007210 seconds
116.728: [GC116.728: [DefNew: 4216K->4216K(4288K), 0.0000090 secs]116.728: [Tenured: 7742K->3835K(9600K), 0.0062480 secs] 11959K->3835K(13888K), [Perm : 5109K->5109K(21248K)], 0.0062970 secs] [Times: user=0.00 sys=0.00, real=0.01 secs] 
116.734: Total time for which application threads were stopped: 0.0765040 seconds, Stopping threads took: 0.0701290 seconds
116.735: Application time: 0.0005320 seconds
116.770: [GC116.770: [DefNew: 3825K->392K(4288K), 0.0008440 secs] 7660K->6961K(13888K), 0.0008660 secs] [Times: user=0.00 sys=0.00, real=0.00 secs] 
116.771: Total time for which application threads were stopped: 0.0363960 seconds, Stopping threads took: 0.0354630 seconds
116.771: Application time: 0.0003570 seconds
116.808: [GC116.808: [DefNew: 4215K->4215K(4288K), 0.0000070 secs]116.808: [Tenured: 6569K->5006K(9600K), 0.0058450 secs] 10785K->5006K(13888K), [Perm : 5109K->5109K(21248K)], 0.0058880 secs] [Times: user=0.00 sys=0.00, real=0.01 secs] 
116.814: Total time for which application threads were stopped: 0.0421840 seconds, Stopping threads took: 0.0362230 seconds
116.814: Application time: 0.0006600 seconds
116.864: [GC116.864: [DefNew: 3725K->391K(4288K), 0.0010390 secs] 8732K->8328K(13888K), 0.0010700 secs] [Times: user=0.00 sys=0.00, real=0.01 secs] 
116.865: Total time for which application threads were stopped: 0.0504780 seconds, Stopping threads took: 0.0493330 seconds
116.937: Application time: 0.0720920 seconds
116.939: [GC116.939: [DefNew: 4119K->4119K(4288K), 0.0000090 secs]116.939: [Tenured: 7936K->1686K(9600K), 0.0057710 secs] 12055K->1686K(13888K), [Perm : 5109K->5109K(21248K)], 0.0058190 secs] [Times: user=0.01 sys=0.00, real=0.01 secs] 
116.945: Total time for which application threads were stopped: 0.0079030 seconds, Stopping threads took: 0.0020050 seconds
116.945: Application time: 0.0005590 seconds
116.946: [GC116.946: [DefNew: 3727K->392K(4288K), 0.0008610 secs] 5414K->5399K(13888K), 0.0008840 secs] [Times: user=0.00 sys=0.00, real=0.00 secs] 
116.947: Total time for which application threads were stopped: 0.0012680 seconds, Stopping threads took: 0.0003180 seconds
116.948: Application time: 0.0012360 seconds
117.015: [GC117.015: [DefNew: 4217K->391K(4288K), 0.0006480 secs] 9224K->6962K(13888K), 0.0006810 secs] [Times: user=0.00 sys=0.00, real=0.00 secs] 
117.016: Total time for which application threads were stopped: 0.0679820 seconds, Stopping threads took: 0.0672320 seconds
117.016: Application time: 0.0003610 seconds
117.079: [GC117.079: [DefNew: 4216K->4216K(4288K), 0.0000070 secs]117.079: [Tenured: 6571K->4420K(9600K), 0.0063130 secs] 10787K->4420K(13888K), [Perm : 5109K->5109K(21248K)], 0.0063560 secs] [Times: user=0.01 sys=0.00, real=0.01 secs] 
117.085: Total time for which application threads were stopped: 0.0692500 seconds, Stopping threads took: 0.0628120 seconds
117.086: Application time: 0.0005320 seconds
117.086: [GC117.086: [DefNew: 3825K->391K(4288K), 0.0008850 secs] 8245K->8230K(13888K), 0.0009070 secs] [Times: user=0.00 sys=0.00, real=0.00 secs] 
117.087: Total time for which application threads were stopped: 0.0012760 seconds, Stopping threads took: 0.0003020 seconds
117.160: Application time: 0.0729990 seconds
117.162: [GC117.162: [DefNew: 4216K->4216K(4288K), 0.0000100 secs]117.162: [Tenured: 7838K->3444K(9600K), 0.0060000 secs] 12055K->3444K(13888K), [Perm : 5109K->5109K(21248K)], 0.0060560 secs] [Times: user=0.01 sys=0.00, real=0.01 secs] 
117.168: Total time for which application threads were stopped: 0.0074570 seconds, Stopping threads took: 0.0013210 seconds
117.168: Application time: 0.0006820 seconds
117.202: [GC117.202: [DefNew: 3592K->404K(4288K), 0.0007900 secs] 7037K->6388K(13888K), 0.0008120 secs] [Times: user=0.00 sys=0.00, real=0.00 secs] 
117.203: Total time for which application threads were stopped: 0.0343100 seconds, Stopping threads took: 0.0334320 seconds
117.203: Application time: 0.0004820 seconds
117.238: [GC117.238: [DefNew: 4243K->4243K(4288K), 0.0000060 secs]117.238: [Tenured: 5983K->5426K(9600K), 0.0056580 secs] 10227K->5426K(13888K), [Perm : 5109K->5109K(21248K)], 0.0057020 secs] [Times: user=0.00 sys=0.01, real=0.00 secs] 
117.243: Total time for which application threads were stopped: 0.0402530 seconds, Stopping threads took: 0.0344910 seconds
117.244: Application time: 0.0009700 seconds
117.314: [GC117.314: [DefNew: 3708K->420K(4288K), 0.0007830 secs] 9134K->7800K(13888K), 0.0008130 secs] [Times: user=0.00 sys=0.00, real=0.00 secs] 
117.315: Total time for which application threads were stopped: 0.0706820 seconds, Stopping threads took: 0.0698190 seconds
117.315: Application time: 0.0003700 seconds
117.363: [GC117.363: [DefNew: 4050K->4050K(4288K), 0.0000060 secs]117.363: [Tenured: 7379K->4086K(9600K), 0.0055930 secs] 11430K->4086K(13888K), [Perm : 5109K->5109K(21248K)], 0.0056400 secs] [Times: user=0.01 sys=0.00, real=0.01 secs] 
117.369: Total time for which application threads were stopped: 0.0536270 seconds, Stopping threads took: 0.0479120 seconds
117.370: Application time: 0.0004280 seconds
117.370: [GC117.370: [DefNew: 3721K->391K(4288K), 0.0008410 secs] 7808K->7798K(13888K), 0.0008590 secs] [Times: user=0.00 sys=0.00, real=0.00 secs] 
117.371: Total time for which application threads were stopped: 0.0012830 seconds, Stopping threads took: 0.0003750 seconds
117.443: Application time: 0.0718330 seconds
117.447: [GC117.447: [DefNew: 4197K->4197K(4288K), 0.0000100 secs]117.447: [Tenured: 7407K->2857K(9600K), 0.0053710 secs] 11604K->2857K(13888K), [Perm : 5109K->5109K(21248K)], 0.0054250 secs] [Times: user=0.01 sys=0.00, real=0.00 secs] 
117.452: Total time for which application threads were stopped: 0.0096070 seconds, Stopping threads took: 0.0041020 seconds
117.453: Application time: 0.0005670 seconds
117.486: [GC117.486: [DefNew: 3784K->440K(4288K), 0.0008420 secs] 6642K->6236K(13888K), 0.0008640 secs] [Times: user=0.00 sys=0.00, real=0.00 secs] 
117.487: Total time for which application threads were stopped: 0.0337930 seconds, Stopping threads took: 0.0328650 seconds
117.487: Application time: 0.0005900 seconds
117.557: [GC117.557: [DefNew: 4051K->4051K(4288K), 0.0000070 secs]117.557: [Tenured: 5795K->3627K(9600K), 0.0052150 secs] 9847K->3627K(13888K), [Perm : 5109K->5109K(21248K)], 0.0052740 secs] [Times: user=0.00 sys=0.00, real=0.00 secs] 
117.563: Total time for which application threads were stopped: 0.0754800 seconds, Stopping threads took: 0.0701290 seconds
117.563: Application time: 0.0004680 seconds
117.596: [GC117.596: [DefNew: 3727K->294K(4288K), 0.0008830 secs] 7355K->7047K(13888K), 0.0009090 secs] [Times: user=0.00 sys=0.00, real=0.00 secs] 
117.597: Total time for which application threads were stopped: 0.0338820 seconds, Stopping threads took: 0.0328970 seconds
117.598: Application time: 0.0005150 seconds
117.631: [GC117.631: [DefNew: 4117K->4117K(4288K), 0.0000070 secs]117.631: [Tenured: 6753K->5971K(9600K), 0.0053030 secs] 10870K->5971K(13888K), [Perm : 5109K->5109K(21248K)], 0.0053510 secs] [Times: user=0.00 sys=0.00, real=0.01 secs] 
117.636: Total time for which application threads were stopped: 0.0384090 seconds, Stopping threads took: 0.0329910 seconds
117.637: Application time: 0.0009060 seconds
117.701: [GC117.701: [DefNew: 3825K->3825K(4288K), 0.0000080 secs]117.701: [Tenured: 5971K->4409K(9600K), 0.0056150 secs] 9797K->4409K(13888K), [Perm : 5109K->5109K(21248K)], 0.0056650 secs] [Times: user=0.00 sys=0.00, real=0.01 secs] 
117.707: Total time for which application threads were stopped: 0.0702660 seconds, Stopping threads took: 0.0645220 seconds
117.708: Application time: 0.0004870 seconds
117.742: [GC117.742: [DefNew: 3532K->392K(4288K), 0.0008610 secs] 7942K->7536K(13888K), 0.0008830 secs] [Times: user=0.01 sys=0.00, real=0.00 secs] 
117.743: Total time for which application threads were stopped: 0.0353610 seconds, Stopping threads took: 0.0344110 seconds
117.744: Application time: 0.0005710 seconds
117.777: [GC117.777: [DefNew: 4096K->4096K(4288K), 0.0000070 secs]117.777: [Tenured: 7144K->5885K(9600K), 0.0066780 secs] 11240K->5885K(13888K), [Perm : 5109K->5109K(21248K)], 0.0067210 secs] [Times: user=0.00 sys=0.00, real=0.00 secs] 
117.784: Total time for which application threads were stopped: 0.0400270 seconds, Stopping threads took: 0.0332310 seconds
117.785: Application time: 0.0010060 seconds
117.855: [GC117.855: [DefNew: 3727K->3727K(4288K), 0.0000110 secs]117.855: [Tenured: 5885K->3151K(9600K), 0.0054970 secs] 9613K->3151K(13888K), [Perm : 5109K->5109K(21248K)], 0.0055520 secs] [Times: user=0.01 sys=0.00, real=0.00 secs] 
117.860: Total time for which application threads were stopped: 0.0756340 seconds, Stopping threads took: 0.0699990 seconds
117.861: Application time: 0.0006810 seconds
117.896: [GC117.896: [DefNew: 3825K->392K(4288K), 0.0009210 secs] 6977K->6668K(13888K), 0.0009450 secs] [Times: user=0.00 sys=0.00, real=0.00 secs] 
117.897: Total time for which application threads were stopped: 0.0357170 seconds, Stopping threads took: 0.0347140 seconds
117.897: Application time: 0.0003880 seconds
117.944: [GC117.944: [DefNew: 4119K->4119K(4288K), 0.0000070 secs]117.944: [Tenured: 6276K->5300K(9600K), 0.0064410 secs] 10396K->5300K(13888K), [Perm : 5109K->5109K(21248K)], 0.0064840 secs] [Times: user=0.01 sys=0.00, real=0.01 secs] 
117.950: Total time for which application threads were stopped: 0.0532760 seconds, Stopping threads took: 0.0467170 seconds
117.951: Application time: 0.0009100 seconds
118.019: [GC118.019: [DefNew: 3727K->391K(4288K), 0.0007690 secs] 9027K->7645K(13888K), 0.0007980 secs] [Times: user=0.00 sys=0.00, real=0.00 secs] 
118.020: Total time for which application threads were stopped: 0.0684130 seconds, Stopping threads took: 0.0675440 seconds
118.020: Application time: 0.0003710 seconds
118.073: [GC118.073: [DefNew: 4021K->4021K(4288K), 0.0000070 secs]118.073: [Tenured: 7253K->4030K(9600K), 0.0062300 secs] 11275K->4030K(13888K), [Perm : 5109K->5109K(21248K)], 0.0062690 secs] [Times: user=0.01 sys=0.00, real=0.00 secs] 
118.080: Total time for which application threads were stopped: 0.0595320 seconds, Stopping threads took: 0.0531930 seconds
118.080: Application time: 0.0004630 seconds
118.115: [GC118.115: [DefNew: 3721K->391K(4288K), 0.0008200 secs] 7752K->7449K(13888K), 0.0008510 secs] [Times: user=0.00 sys=0.01, real=0.00 secs] 
118.116: Total time for which application threads were stopped: 0.0354760 seconds, Stopping threads took: 0.0345520 seconds
118.187: Application time: 0.0717670 seconds
118.189: [GC118.189: [DefNew: 4021K->4021K(4288K), 0.0000100 secs]118.189: [Tenured: 7058K->1686K(9600K), 0.0057810 secs] 11079K->1686K(13888K), [Perm : 5109K->5109K(21248K)], 0.0058330 secs] [Times: user=0.00 sys=0.00, real=0.01 secs] 
118.195: Total time for which application threads were stopped: 0.0076110 seconds, Stopping threads took: 0.0017000 seconds
118.196: Application time: 0.0006310 seconds
118.196: [GC118.196: [DefNew: 3773K->441K(4288K), 0.0009100 secs] 5460K->5448K(13888K), 0.0009280 secs] [Times: user=0.00 sys=0.00, real=0.00 secs] 
118.197: Total time for which application threads were stopped: 0.0014580 seconds, Stopping threads took: 0.0004690 seconds
118.197: Application time: 0.0004750 seconds
118.268: [GC118.268: [DefNew: 4098K->322K(4288K), 0.0007450 secs] 9105K->7479K(13888K), 0.0007690 secs] [Times: user=0.00 sys=0.00, real=0.00 secs] 
118.268: Total time for which application threads were stopped: 0.0708930 seconds, Stopping threads took: 0.0700590 seconds
118.269: Application time: 0.0004720 seconds
118.332: [GC118.332: [DefNew: 3952K->3952K(4288K), 0.0000080 secs]118.332: [Tenured: 7157K->4058K(9600K), 0.0055120 secs] 11109K->4058K(13888K), [Perm : 5109K->5109K(21248K)], 0.0055560 secs] [Times: user=0.01 sys=0.00, real=0.01 secs] 
118.337: Total time for which application threads were stopped: 0.0683580 seconds, Stopping threads took: 0.0627390 seconds
118.338: Application time: 0.0006810 seconds
118.371: [GC118.371: [DefNew: 3819K->391K(4288K), 0.0008920 secs] 7877K->7575K(13888K), 0.0009160 secs] [Times: user=0.00 sys=0.00, real=0.00 secs] 
118.372: Total time for which application threads were stopped: 0.0338710 seconds, Stopping threads took: 0.0329090 seconds
118.444: Application time: 0.0724280 seconds
118.445: [GC118.445: [DefNew: 3923K->3923K(4288K), 0.0000100 secs]118.445: [Tenured: 7183K->1716K(9600K), 0.0057610 secs] 11107K->1716K(13888K), [Perm : 5109K->5109K(21248K)], 0.0058100 secs] [Times: user=0.00 sys=0.00, real=0.00 secs] 
118.451: Total time for which application threads were stopped: 0.0070970 seconds, Stopping threads took: 0.0012090 seconds
118.452: Application time: 0.0006360 seconds
118.452: [GC118.452: [DefNew: 3725K->392K(4288K), 0.0008670 secs] 5442K->5429K(13888K), 0.0008910 secs] [Times: user=0.00 sys=0.00, real=0.01 secs] 
118.453: Total time for which application threads were stopped: 0.0012530 seconds, Stopping threads took: 0.0003170 seconds
118.454: Application time: 0.0008110 seconds
118.524: [GC118.524: [DefNew: 4213K->391K(4288K), 0.0004830 secs] 9249K->6406K(13888K), 0.0005090 secs] [Times: user=0.00 sys=0.00, real=0.01 secs] 
118.524: Total time for which application threads were stopped: 0.0705090 seconds, Stopping threads took: 0.0699330 seconds
118.525: Application time: 0.0003470 seconds
118.572: [GC118.572: [DefNew: 4216K->4216K(4288K), 0.0000070 secs]118.572: [Tenured: 6014K->4450K(9600K), 0.0061850 secs] 10231K->4450K(13888K), [Perm : 5109K->5109K(21248K)], 0.0062320 secs] [Times: user=0.00 sys=0.00, real=0.01 secs] 
118.578: Total time for which application threads were stopped: 0.0534050 seconds, Stopping threads took: 0.0470950 seconds
118.579: Application time: 0.0004790 seconds
118.579: [GC118.579: [DefNew: 3721K->391K(4288K), 0.0009000 secs] 8172K->8162K(13888K), 0.0009210 secs] [Times: user=0.00 sys=0.00, real=0.00 secs] 
118.580: Total time for which application threads were stopped: 0.0014050 seconds, Stopping threads took: 0.0004190 seconds
118.652: Application time: 0.0721840 seconds
118.654: [GC118.654: [DefNew: 4118K->4118K(4288K), 0.0000090 secs]118.654: [Tenured: 7771K->3248K(9600K), 0.0053900 secs] 11890K->3248K(13888K), [Perm : 5109K->5109K(21248K)], 0.0054470 secs] [Times: user=0.01 sys=0.00, real=0.00 secs] 
118.659: Total time for which application threads were stopped: 0.0071720 seconds, Stopping threads took: 0.0016290 seconds
118.660: Application time: 0.0004980 seconds
118.693: [GC118.693: [DefNew: 3727K->391K(4288K), 0.0008230 secs] 6976K->6668K(13888K), 0.0008450 secs] [Times: user=0.00 sys=0.00, real=0.00 secs] 
118.694: Total time for which application threads were stopped: 0.0338760 seconds, Stopping threads took: 0.0329640 seconds
118.695: Application time: 0.0011250 seconds
118.765: [GC118.765: [DefNew: 4117K->4117K(4288K), 0.0000070 secs]118.765: [Tenured: 6276K->3152K(9600K), 0.0060650 secs] 10393K->3152K(13888K), [Perm : 5109K->5109K(21248K)], 0.0061150 secs] [Times: user=0.01 sys=0.00, real=0.00 secs] 
118.771: Total time for which application threads were stopped: 0.0760240 seconds, Stopping threads took: 0.0698560 seconds
118.771: Application time: 0.0004540 seconds
118.821: [GC118.821: [DefNew: 3825K->392K(4288K), 0.0009190 secs] 6978K->6670K(13888K), 0.0009440 secs] [Times: user=0.00 sys=0.00, real=0.00 secs] 
118.822: Total time for which application threads were stopped: 0.0507580 seconds, Stopping threads took: 0.0497450 seconds
118.823: Application time: 0.0006700 seconds
118.857: [GC118.857: [DefNew: 4213K->4213K(4288K), 0.0000100 secs]118.857: [Tenured: 6277K->5397K(9600K), 0.0060700 secs] 10491K->5397K(13888K), [Perm : 5109K->5109K(21248K)], 0.0061290 secs] [Times: user=0.01 sys=0.00, real=0.00 secs] 
118.864: Total time for which application threads were stopped: 0.0406930 seconds, Stopping threads took: 0.0344830 seconds
118.864: Application time: 0.0008570 seconds
118.934: [GC118.934: [DefNew: 3825K->391K(4288K), 0.0008280 secs] 9222K->7937K(13888K), 0.0008580 secs] [Times: user=0.00 sys=0.00, real=0.00 secs] 
118.935: Total time for which application threads were stopped: 0.0707280 seconds, Stopping threads took: 0.0697950 seconds
118.936: Application time: 0.0004530 seconds
118.969: [GC118.969: [DefNew: 4217K->4217K(4288K), 0.0000060 secs]118.969: [Tenured: 7546K->4420K(9600K), 0.0061070 secs] 11763K->4420K(13888K), [Perm : 5109K->5109K(21248K)], 0.0061540 secs] [Times: user=0.00 sys=0.00, real=0.01 secs] 
118.976: Total time for which application threads were stopped: 0.0399770 seconds, Stopping threads took: 0.0337480 seconds
118.976: Application time: 0.0004780 seconds
119.024: [GC119.024: [DefNew: 3625K->391K(4288K), 0.0008020 secs] 8046K->7449K(13888K), 0.0008220 secs] [Times: user=0.00 sys=0.00, real=0.01 secs] 
119.024: Total time for which application threads were stopped: 0.0483360 seconds, Stopping threads took: 0.0474510 seconds
119.025: Application time: 0.0008080 seconds
119.095: [GC119.095: [DefNew: 4216K->4216K(4288K), 0.0000090 secs]119.095: [Tenured: 7057K->3249K(9600K), 0.0061540 secs] 11274K->3249K(13888K), [Perm : 5109K->5109K(21248K)], 0.0062050 secs] [Times: user=0.00 sys=0.00, real=0.00 secs] 
119.102: Total time for which application threads were stopped: 0.0763550 seconds, Stopping threads took: 0.0700720 seconds
119.102: Application time: 0.0006130 seconds
119.136: [GC119.136: [DefNew: 3806K->420K(4288K), 0.0009540 secs] 7055K->6795K(13888K), 0.0009790 secs] [Times: user=0.00 sys=0.00, real=0.00 secs] 
119.137: Total time for which application threads were stopped: 0.0342890 seconds, Stopping threads took: 0.0332410 seconds
119.137: Application time: 0.0007390 seconds
119.170: [GC119.170: [DefNew: 4122K->4122K(4288K), 0.0000060 secs]119.170: [Tenured: 6374K->6333K(9600K), 0.0065600 secs] 10497K->6333K(13888K), [Perm : 5109K->5109K(21248K)], 0.0066050 secs] [Times: user=0.01 sys=0.00, real=0.01 secs] 
119.177: Total time for which application threads were stopped: 0.0395800 seconds, Stopping threads took: 0.0328930 seconds
119.250: Application time: 0.0727670 seconds
119.251: [GC119.251: [DefNew: 3825K->3825K(4288K), 0.0000090 secs]119.251: [Tenured: 6333K->1548K(9600K), 0.0057560 secs] 10158K->1548K(13888K), [Perm : 5109K->5109K(21248K)], 0.0058080 secs] [Times: user=0.01 sys=0.00, real=0.01 secs] 
119.257: Total time for which application threads were stopped: 0.0069170 seconds, Stopping threads took: 0.0010320 seconds
119.257: Application time: 0.0007220 seconds
119.258: [GC119.258: [DefNew: 3686K->441K(4288K), 0.0008350 secs] 5235K->5122K(13888K), 0.0008600 secs] [Times: user=0.01 sys=0.00, real=0.00 secs] 
119.258: Total time for which application threads were stopped: 0.0012340 seconds, Stopping threads took: 0.0003150 seconds
119.259: Application time: 0.0003790 seconds
119.329: [GC119.329: [DefNew: 4166K->391K(4288K), 0.0009020 secs] 8847K->7662K(13888K), 0.0009270 secs] [Times: user=0.00 sys=0.00, real=0.00 secs] 
119.330: Total time for which application threads were stopped: 0.0711900 seconds, Stopping threads took: 0.0702190 seconds
119.331: Application time: 0.0005100 seconds
119.395: [GC119.395: [DefNew: 3923K->3923K(4288K), 0.0000070 secs]119.395: [Tenured: 7271K->3754K(9600K), 0.0062280 secs] 11194K->3754K(13888K), [Perm : 5109K->5109K(21248K)], 0.0062720 secs] [Times: user=0.01 sys=0.00, real=0.00 secs] 
119.401: Total time for which application threads were stopped: 0.0702820 seconds, Stopping threads took: 0.0639370 seconds
119.401: Application time: 0.0005610 seconds
119.402: [GC119.402: [DefNew: 3801K->420K(4288K), 0.0008470 secs] 7556K->7495K(13888K), 0.0008690 secs] [Times: user=0.00 sys=0.00, real=0.00 secs] 
119.403: Total time for which application threads were stopped: 0.0012560 seconds, Stopping threads took: 0.0003200 seconds
119.475: Application time: 0.0721950 seconds
119.479: [GC119.479: [DefNew: 4147K->4147K(4288K), 0.0000090 secs]119.479: [Tenured: 7075K->2468K(9600K), 0.0052620 secs] 11223K->2468K(13888K), [Perm : 5109K->5109K(21248K)], 0.0053170 secs] [Times: user=0.01 sys=0.00, real=0.00 secs] 
119.484: Total time for which application threads were stopped: 0.0089720 seconds, Stopping threads took: 0.0035760 seconds
119.484: Application time: 0.0005640 seconds
119.485: [GC119.485: [DefNew: 3604K->420K(4288K), 0.0008110 secs] 6072K->6013K(13888K), 0.0008290 secs] [Times: user=0.00 sys=0.00, real=0.00 secs] 
119.486: Total time for which application threads were stopped: 0.0013530 seconds, Stopping threads took: 0.0004860 seconds
119.487: Application time: 0.0012690 seconds
119.557: [GC119.557: [DefNew: 4245K->4245K(4288K), 0.0000080 secs]119.557: [Tenured: 5593K->3376K(9600K), 0.0061070 secs] 9838K->3376K(13888K), [Perm : 5109K->5109K(21248K)], 0.0061590 secs] [Times: user=0.01 sys=0.00, real=0.00 secs] 
119.563: Total time for which application threads were stopped: 0.0758530 seconds, Stopping threads took: 0.0696200 seconds
119.563: Application time: 0.0005420 seconds
119.597: [GC119.597: [DefNew: 3708K->420K(4288K), 0.0009330 secs] 7085K->6922K(13888K), 0.0009580 secs] [Times: user=0.00 sys=0.00, real=0.00 secs] 
119.598: Total time for which application threads were stopped: 0.0344110 seconds, Stopping threads took: 0.0333830 seconds
119.599: Application time: 0.0006550 seconds
119.660: [GC119.660: [DefNew: 3950K->3950K(4288K), 0.0000070 secs]119.660: [Tenured: 6501K->4088K(9600K), 0.0050020 secs] 10452K->4088K(13888K), [Perm : 5109K->5109K(21248K)], 0.0050500 secs] [Times: user=0.00 sys=0.00, real=0.01 secs] 
119.665: Total time for which application threads were stopped: 0.0667000 seconds, Stopping threads took: 0.0615760 seconds
119.666: Application time: 0.0004790 seconds
119.699: [GC119.699: [DefNew: 3825K->391K(4288K), 0.0008240 secs] 7914K->7020K(13888K), 0.0008500 secs] [Times: user=0.00 sys=0.00, real=0.00 secs] 
119.700: Total time for which application threads were stopped: 0.0344370 seconds, Stopping threads took: 0.0335100 seconds
119.701: Application time: 0.0006470 seconds
119.734: [GC119.734: [DefNew: 4211K->4211K(4288K), 0.0000060 secs]119.734: [Tenured: 6628K->6335K(9600K), 0.0060310 secs] 10839K->6335K(13888K), [Perm : 5109K->5109K(21248K)], 0.0060790 secs] [Times: user=0.01 sys=0.00, real=0.00 secs] 
119.740: Total time for which application threads were stopped: 0.0395050 seconds, Stopping threads took: 0.0333510 seconds
119.811: Application time: 0.0707170 seconds
119.815: [GC119.815: [DefNew: 3825K->3825K(4288K), 0.0000090 secs]119.815: [Tenured: 6335K->1491K(9600K), 0.0050780 secs] 10160K->1491K(13888K), [Perm : 5109K->5109K(21248K)], 0.0051370 secs] [Times: user=0.01 sys=0.00, real=0.00 secs] 
119.820: Total time for which application threads were stopped: 0.0087730 seconds, Stopping threads took: 0.0035590 seconds
119.820: Application time: 0.0006110 seconds
119.821: [GC119.821: [DefNew: 3725K->392K(4288K), 0.0008340 secs] 5217K->5204K(13888K), 0.0008530 secs] [Times: user=0.00 sys=0.00, real=0.00 secs] 
119.822: Total time for which application threads were stopped: 0.0011410 seconds, Stopping threads took: 0.0002260 seconds
119.823: Application time: 0.0013980 seconds
119.886: [GC119.886: [DefNew: 4211K->293K(4288K), 0.0007380 secs] 9023K->6865K(13888K), 0.0007670 secs] [Times: user=0.00 sys=0.00, real=0.00 secs] 
119.887: Total time for which application threads were stopped: 0.0636910 seconds, Stopping threads took: 0.0628510 seconds
119.887: Application time: 0.0004020 seconds
119.945: [GC119.945: [DefNew: 3923K->3923K(4288K), 0.0000080 secs]119.945: [Tenured: 6571K->4030K(9600K), 0.0056170 secs] 10495K->4030K(13888K), [Perm : 5109K->5109K(21248K)], 0.0056670 secs] [Times: user=0.01 sys=0.00, real=0.00 secs] 
119.950: Total time for which application threads were stopped: 0.0633480 seconds, Stopping threads took: 0.0576040 seconds
119.951: Application time: 0.0004820 seconds
119.951: [GC119.951: [DefNew: 3819K->391K(4288K), 0.0009360 secs] 7850K->7840K(13888K), 0.0009590 secs] [Times: user=0.00 sys=0.00, real=0.01 secs] 
119.952: Total time for which application threads were stopped: 0.0014730 seconds, Stopping threads took: 0.0004710 seconds
120.024: Application time: 0.0720230 seconds
120.060: [GC120.060: [DefNew: 4119K->4119K(4288K), 0.0000090 secs]120.060: [Tenured: 7448K->1883K(9600K), 0.0051450 secs] 11568K->1883K(13888K), [Perm : 5109K->5109K(21248K)], 0.0051990 secs] [Times: user=0.00 sys=0.00, real=0.01 secs] 
120.065: Total time for which application threads were stopped: 0.0406870 seconds, Stopping threads took: 0.0354100 seconds
120.066: Application time: 0.0005970 seconds
120.066: [GC120.066: [DefNew: 3757K->424K(4288K), 0.0008760 secs] 5641K->5628K(13888K), 0.0008940 secs] [Times: user=0.00 sys=0.00, real=0.00 secs] 
120.067: Total time for which application threads were stopped: 0.0011780 seconds, Stopping threads took: 0.0002450 seconds
120.067: Application time: 0.0006070 seconds
120.138: [GC120.138: [DefNew: 4194K->419K(4288K), 0.0003870 secs] 9398K->6015K(13888K), 0.0004140 secs] [Times: user=0.00 sys=0.00, real=0.00 secs] 
120.138: Total time for which application threads were stopped: 0.0705170 seconds, Stopping threads took: 0.0700380 seconds
120.138: Application time: 0.0003230 seconds
120.183: [GC120.183: [DefNew: 4147K->4147K(4288K), 0.0000070 secs]120.183: [Tenured: 5595K->4449K(9600K), 0.0056960 secs] 9743K->4449K(13888K), [Perm : 5109K->5109K(21248K)], 0.0057400 secs] [Times: user=0.01 sys=0.00, real=0.01 secs] 
120.189: Total time for which application threads were stopped: 0.0502890 seconds, Stopping threads took: 0.0444760 seconds
120.189: Application time: 0.0008300 seconds
120.251: [GC120.251: [DefNew: 3819K->391K(4288K), 0.0005670 secs] 8268K->6305K(13888K), 0.0005900 secs] [Times: user=0.00 sys=0.00, real=0.00 secs] 
120.252: Total time for which application threads were stopped: 0.0624810 seconds, Stopping threads took: 0.0618190 seconds
120.252: Application time: 0.0003360 seconds
120.310: [GC120.310: [DefNew: 4119K->4119K(4288K), 0.0000070 secs]120.310: [Tenured: 5914K->4421K(9600K), 0.0063130 secs] 10033K->4421K(13888K), [Perm : 5109K->5109K(21248K)], 0.0063610 secs] [Times: user=0.01 sys=0.00, real=0.01 secs] 
120.316: Total time for which application threads were stopped: 0.0638880 seconds, Stopping threads took: 0.0574730 seconds
120.317: Application time: 0.0004730 seconds
120.364: [GC120.364: [DefNew: 3625K->391K(4288K), 0.0007990 secs] 8047K->7449K(13888K), 0.0008210 secs] [Times: user=0.00 sys=0.00, real=0.01 secs] 
120.365: Total time for which application threads were stopped: 0.0479600 seconds, Stopping threads took: 0.0470740 seconds
120.365: Application time: 0.0008070 seconds
120.435: [GC120.435: [DefNew: 4119K->4119K(4288K), 0.0000090 secs]120.435: [Tenured: 7058K->3543K(9600K), 0.0061300 secs] 11177K->3543K(13888K), [Perm : 5109K->5109K(21248K)], 0.0061890 secs] [Times: user=0.01 sys=0.00, real=0.00 secs] 
120.442: Total time for which application threads were stopped: 0.0763030 seconds, Stopping threads took: 0.0700570 seconds
120.442: Application time: 0.0005380 seconds
120.476: [GC120.476: [DefNew: 3825K->392K(4288K), 0.0009040 secs] 7369K->7061K(13888K), 0.0009290 secs] [Times: user=0.00 sys=0.00, real=0.00 secs] 
120.477: Total time for which application threads were stopped: 0.0343000 seconds, Stopping threads took: 0.0333260 seconds
120.477: Application time: 0.0005110 seconds
120.510: [GC120.510: [DefNew: 4215K->4215K(4288K), 0.0000070 secs]120.510: [Tenured: 6668K->5398K(9600K), 0.0057190 secs] 10884K->5398K(13888K), [Perm : 5109K->5109K(21248K)], 0.0057680 secs] [Times: user=0.01 sys=0.00, real=0.01 secs] 
120.516: Total time for which application threads were stopped: 0.0391930 seconds, Stopping threads took: 0.0333580 seconds
120.517: Application time: 0.0009280 seconds
120.587: [GC120.587: [DefNew: 3825K->391K(4288K), 0.0008170 secs] 9223K->7938K(13888K), 0.0008460 secs] [Times: user=0.00 sys=0.00, real=0.00 secs] 
120.588: Total time for which application threads were stopped: 0.0708180 seconds, Stopping threads took: 0.0699020 seconds
120.588: Application time: 0.0004860 seconds
120.649: [GC120.649: [DefNew: 4217K->4217K(4288K), 0.0000070 secs]120.649: [Tenured: 7546K->4421K(9600K), 0.0056120 secs] 11764K->4421K(13888K), [Perm : 5109K->5109K(21248K)], 0.0056610 secs] [Times: user=0.00 sys=0.00, real=0.01 secs] 
120.655: Total time for which application threads were stopped: 0.0665830 seconds, Stopping threads took: 0.0608570 seconds
120.656: Application time: 0.0004760 seconds
120.689: [GC120.689: [DefNew: 3823K->391K(4288K), 0.0007700 secs] 8245K->7352K(13888K), 0.0007930 secs] [Times: user=0.00 sys=0.00, real=0.00 secs] 
120.690: Total time for which application threads were stopped: 0.0342600 seconds, Stopping threads took: 0.0334150 seconds
120.690: Application time: 0.0003540 seconds
120.744: [GC120.744: [DefNew: 4117K->4117K(4288K), 0.0000070 secs]120.744: [Tenured: 6960K->5495K(9600K), 0.0059010 secs] 11078K->5495K(13888K), [Perm : 5109K->5109K(21248K)], 0.0059490 secs] [Times: user=0.01 sys=0.00, real=0.01 secs] 
120.750: Total time for which application threads were stopped: 0.0600370 seconds, Stopping threads took: 0.0540110 seconds
120.751: Application time: 0.0008420 seconds
120.815: [GC120.815: [DefNew: 3825K->391K(4288K), 0.0009340 secs] 9321K->8426K(13888K), 0.0015970 secs] [Times: user=0.00 sys=0.00, real=0.00 secs] 
120.816: Total time for which application threads were stopped: 0.0651210 seconds, Stopping threads took: 0.0634410 seconds
120.817: Application time: 0.0008240 seconds
120.875: [GC120.875: [DefNew: 4119K->4119K(4288K), 0.0000090 secs]120.875: [Tenured: 8035K->4421K(9600K), 0.0056560 secs] 12154K->4421K(13888K), [Perm : 5109K->5109K(21248K)], 0.0057100 secs] [Times: user=0.01 sys=0.00, real=0.00 secs] 
120.881: Total time for which application threads were stopped: 0.0641560 seconds, Stopping threads took: 0.0583660 seconds
120.882: Application time: 0.0005120 seconds
120.934: [GC120.934: [DefNew: 3532K->392K(4288K), 0.0007140 secs] 7953K->6766K(13888K), 0.0007410 secs] [Times: user=0.00 sys=0.00, real=0.00 secs] 
120.935: Total time for which application threads were stopped: 0.0534540 seconds, Stopping threads took: 0.0526440 seconds
120.936: Application time: 0.0004270 seconds
120.969: [GC120.969: [DefNew: 4194K->4194K(4288K), 0.0000050 secs]120.969: [Tenured: 6374K->5231K(9600K), 0.0059210 secs] 10568K->5231K(13888K), [Perm : 5109K->5109K(21248K)], 0.0059660 secs] [Times: user=0.00 sys=0.00, real=0.01 secs] 
120.975: Total time for which application threads were stopped: 0.0392490 seconds, Stopping threads took: 0.0332090 seconds
120.976: Application time: 0.0007820 seconds
121.046: [GC121.046: [DefNew: 3825K->391K(4288K), 0.0007430 secs] 9056K->7575K(13888K), 0.0007780 secs] [Times: user=0.00 sys=0.00, real=0.00 secs] 
121.046: Total time for which application threads were stopped: 0.0707840 seconds, Stopping threads took: 0.0699460 seconds
121.047: Application time: 0.0004680 seconds
121.081: [GC121.081: [DefNew: 4100K->4100K(4288K), 0.0000060 secs]121.081: [Tenured: 7184K->4087K(9600K), 0.0056230 secs] 11284K->4087K(13888K), [Perm : 5109K->5109K(21248K)], 0.0056690 secs] [Times: user=0.01 sys=0.00, real=0.01 secs] 
121.087: Total time for which application threads were stopped: 0.0398070 seconds, Stopping threads took: 0.0340620 seconds
121.087: Application time: 0.0004630 seconds
121.137: [GC121.137: [DefNew: 3823K->293K(4288K), 0.0008990 secs] 7910K->7311K(13888K), 0.0009220 secs] [Times: user=0.00 sys=0.00, real=0.00 secs] 
121.138: Total time for which application threads were stopped: 0.0506250 seconds, Stopping threads took: 0.0496550 seconds
121.139: Application time: 0.0009100 seconds
121.209: [GC121.209: [DefNew: 4119K->4119K(4288K), 0.0000070 secs]121.209: [Tenured: 7017K->3054K(9600K), 0.0048450 secs] 11136K->3054K(13888K), [Perm : 5109K->5109K(21248K)], 0.0048990 secs] [Times: user=0.00 sys=0.00, real=0.01 secs] 
121.214: Total time for which application threads were stopped: 0.0756300 seconds, Stopping threads took: 0.0706540 seconds
121.215: Application time: 0.0004810 seconds
121.248: [GC121.248: [DefNew: 3689K->441K(4288K), 0.0008640 secs] 6743K->6238K(13888K), 0.0008910 secs] [Times: user=0.00 sys=0.00, real=0.00 secs] 
121.249: Total time for which application threads were stopped: 0.0344520 seconds, Stopping threads took: 0.0335130 seconds
121.250: Application time: 0.0004430 seconds
121.283: [GC121.283: [DefNew: 4164K->4164K(4288K), 0.0000060 secs]121.283: [Tenured: 5797K->7115K(9600K), 0.0062260 secs] 9961K->7115K(13888K), [Perm : 5109K->5109K(21248K)], 0.0062710 secs] [Times: user=0.00 sys=0.00, real=0.01 secs] 
121.290: Total time for which application threads were stopped: 0.0398890 seconds, Stopping threads took: 0.0335650 seconds
121.362: Application time: 0.0722240 seconds
121.363: [GC121.363: [DefNew: 3708K->3708K(4288K), 0.0000100 secs]121.363: [Tenured: 7115K->2163K(9600K), 0.0053870 secs] 10823K->2163K(13888K), [Perm : 5109K->5109K(21248K)], 0.0054390 secs] [Times: user=0.01 sys=0.00, real=0.01 secs] 
121.368: Total time for which application threads were stopped: 0.0064440 seconds, Stopping threads took: 0.0009180 seconds
121.369: Application time: 0.0006490 seconds
121.414: [GC121.414: [DefNew: 3825K->392K(4288K), 0.0008840 secs] 5989K->5681K(13888K), 0.0009080 secs] [Times: user=0.00 sys=0.00, real=0.00 secs] 
121.415: Total time for which application threads were stopped: 0.0459540 seconds, Stopping threads took: 0.0449800 seconds
121.415: Application time: 0.0004170 seconds
121.448: [GC121.448: [DefNew: 4213K->390K(4288K), 0.0009770 secs] 9502K->9197K(13888K), 0.0010000 secs] [Times: user=0.00 sys=0.00, real=0.00 secs] 
121.449: Total time for which application threads were stopped: 0.0341490 seconds, Stopping threads took: 0.0330850 seconds
121.522: Application time: 0.0726570 seconds
121.523: [GC121.523: [DefNew: 4196K->4196K(4288K), 0.0000100 secs]121.523: [Tenured: 8806K->2778K(9600K), 0.0059880 secs] 13003K->2778K(13888K), [Perm : 5109K->5109K(21248K)], 0.0060390 secs] [Times: user=0.01 sys=0.00, real=0.01 secs] 
121.529: Total time for which application threads were stopped: 0.0068260 seconds, Stopping threads took: 0.0007070 seconds
121.529: Application time: 0.0005930 seconds
121.530: [GC121.530: [DefNew: 3676K->391K(4288K), 0.0008370 secs] 6455K->6393K(13888K), 0.0008590 secs] [Times: user=0.00 sys=0.00, real=0.00 secs] 
121.531: Total time for which application threads were stopped: 0.0014870 seconds, Stopping threads took: 0.0005620 seconds
121.602: Application time: 0.0710990 seconds
121.605: [GC121.605: [DefNew: 4049K->4049K(4288K), 0.0000090 secs]121.605: [Tenured: 6001K->1297K(9600K), 0.0057430 secs] 10051K->1297K(13888K), [Perm : 5109K->5109K(21248K)], 0.0058150 secs] [Times: user=0.00 sys=0.00, real=0.00 secs] 
121.611: Total time for which application threads were stopped: 0.0085800 seconds, Stopping threads took: 0.0026890 seconds
121.611: Application time: 0.0006440 seconds
121.612: [GC121.612: [DefNew: 3727K->392K(4288K), 0.0008710 secs] 5025K->5010K(13584K), 0.0008890 secs] [Times: user=0.00 sys=0.00, real=0.01 secs] 
121.612: Total time for which application threads were stopped: 0.0011900 seconds, Stopping threads took: 0.0002650 seconds
121.613: Application time: 0.0008290 seconds
121.647: [GC121.647: [DefNew: 4113K->293K(4288K), 0.0007180 secs] 8731K->7256K(13584K), 0.0007380 secs] [Times: user=0.00 sys=0.00, real=0.00 secs] 
121.647: Total time for which application threads were stopped: 0.0341220 seconds, Stopping threads took: 0.0333240 seconds
121.648: Application time: 0.0007440 seconds
121.718: [GC121.718: [DefNew: 4118K->4118K(4288K), 0.0000080 secs]121.718: [Tenured: 6963K->3935K(9296K), 0.0060660 secs] 11081K->3935K(13584K), [Perm : 5109K->5109K(21248K)], 0.0061170 secs] [Times: user=0.01 sys=0.00, real=0.01 secs] 
121.724: Total time for which application threads were stopped: 0.0762770 seconds, Stopping threads took: 0.0700820 seconds
121.725: Application time: 0.0005250 seconds
121.759: [GC121.759: [DefNew: 3727K->392K(4288K), 0.0008840 secs] 7663K->7062K(13584K), 0.0009090 secs] [Times: user=0.00 sys=0.00, real=0.00 secs] 
121.759: Total time for which application threads were stopped: 0.0344820 seconds, Stopping threads took: 0.0335030 seconds
121.760: Application time: 0.0006030 seconds
121.793: [GC121.793: [DefNew: 4113K->4113K(4288K), 0.0000050 secs]121.793: [Tenured: 6670K->7060K(9296K), 0.0061420 secs] 10783K->7060K(13584K), [Perm : 5109K->5109K(21248K)], 0.0062000 secs] [Times: user=0.00 sys=0.00, real=0.00 secs] 
121.799: Total time for which application threads were stopped: 0.0393820 seconds, Stopping threads took: 0.0331310 seconds
121.871: Application time: 0.0710610 seconds
121.878: [GC121.878: [DefNew: 3708K->3708K(4288K), 0.0000090 secs]121.878: [Tenured: 7060K->2108K(9600K), 0.0049310 secs] 10768K->2108K(13888K), [Perm : 5109K->5109K(21248K)], 0.0049870 secs] [Times: user=0.00 sys=0.00, real=0.00 secs] 
121.883: Total time for which application threads were stopped: 0.0119940 seconds, Stopping threads took: 0.0069210 seconds
121.883: Application time: 0.0005460 seconds
121.916: [GC121.916: [DefNew: 3825K->392K(4288K), 0.0008350 secs] 5933K->5625K(13888K), 0.0008550 secs] [Times: user=0.00 sys=0.00, real=0.00 secs] 
121.917: Total time for which application threads were stopped: 0.0336350 seconds, Stopping threads took: 0.0327180 seconds
121.917: Application time: 0.0006040 seconds
121.977: [GC121.977: [DefNew: 4213K->391K(4288K), 0.0008300 secs] 9446K->8165K(13888K), 0.0008570 secs] [Times: user=0.00 sys=0.00, real=0.00 secs] 
121.978: Total time for which application threads were stopped: 0.0609290 seconds, Stopping threads took: 0.0600060 seconds
121.979: Application time: 0.0008000 seconds
122.049: [GC122.049: [DefNew: 4216K->4216K(4288K), 0.0000070 secs]122.049: [Tenured: 7774K->3836K(9600K), 0.0056150 secs] 11990K->3836K(13888K), [Perm : 5109K->5109K(21248K)], 0.0056660 secs] [Times: user=0.00 sys=0.00, real=0.01 secs] 
122.055: Total time for which application threads were stopped: 0.0755430 seconds, Stopping threads took: 0.0697990 seconds
122.055: Application time: 0.0005080 seconds
122.089: [GC122.089: [DefNew: 3825K->392K(4288K), 0.0008880 secs] 7661K->6962K(13888K), 0.0009140 secs] [Times: user=0.00 sys=0.00, real=0.00 secs] 
122.090: Total time for which application threads were stopped: 0.0348260 seconds, Stopping threads took: 0.0338430 seconds
122.090: Application time: 0.0005790 seconds
122.123: [GC122.123: [DefNew: 4113K->4113K(4288K), 0.0000050 secs]122.123: [Tenured: 6570K->7058K(9600K), 0.0061610 secs] 10684K->7058K(13888K), [Perm : 5109K->5109K(21248K)], 0.0062060 secs] [Times: user=0.01 sys=0.00, real=0.01 secs] 
122.130: Total time for which application threads were stopped: 0.0390530 seconds, Stopping threads took: 0.0327710 seconds
122.203: Application time: 0.0731460 seconds
122.209: [GC122.209: [DefNew: 3825K->3825K(4288K), 0.0000090 secs]122.209: [Tenured: 7058K->2273K(9600K), 0.0052440 secs] 10883K->2273K(13888K), [Perm : 5109K->5109K(21248K)], 0.0053060 secs] [Times: user=0.01 sys=0.00, real=0.01 secs] 
122.214: Total time for which application threads were stopped: 0.0112950 seconds, Stopping threads took: 0.0059100 seconds
122.214: Application time: 0.0004620 seconds
122.259: [GC122.259: [DefNew: 3825K->392K(4288K), 0.0008220 secs] 6099K->5791K(13888K), 0.0008430 secs] [Times: user=0.00 sys=0.00, real=0.00 secs] 
122.260: Total time for which application threads were stopped: 0.0454990 seconds, Stopping threads took: 0.0445930 seconds
122.261: Application time: 0.0010640 seconds
122.308: [GC122.308: [DefNew: 4115K->391K(4288K), 0.0004730 secs] 9514K->6865K(13888K), 0.0004930 secs] [Times: user=0.00 sys=0.00, real=0.00 secs] 
122.308: Total time for which application threads were stopped: 0.0472030 seconds, Stopping threads took: 0.0466480 seconds
122.309: Application time: 0.0007290 seconds
122.379: [GC122.379: [DefNew: 4216K->4216K(4288K), 0.0000090 secs]122.379: [Tenured: 6474K->3933K(9600K), 0.0062100 secs] 10691K->3933K(13888K), [Perm : 5109K->5109K(21248K)], 0.0062580 secs] [Times: user=0.01 sys=0.00, real=0.01 secs] 
122.385: Total time for which application threads were stopped: 0.0761980 seconds, Stopping threads took: 0.0698570 seconds
122.386: Application time: 0.0005070 seconds
122.439: [GC122.439: [DefNew: 3727K->392K(4288K), 0.0008840 secs] 7661K->7060K(13888K), 0.0009110 secs] [Times: user=0.00 sys=0.00, real=0.00 secs] 
122.440: Total time for which application threads were stopped: 0.0538350 seconds, Stopping threads took: 0.0528520 seconds
122.440: Application time: 0.0005820 seconds
122.474: [GC122.474: [DefNew: 4115K->4115K(4288K), 0.0000060 secs]122.474: [Tenured: 6668K->7058K(9600K), 0.0060110 secs] 10784K->7058K(13888K), [Perm : 5109K->5109K(21248K)], 0.0060570 secs] [Times: user=0.01 sys=0.00, real=0.00 secs] 
122.480: Total time for which application threads were stopped: 0.0395500 seconds, Stopping threads took: 0.0334190 seconds
122.551: Application time: 0.0714050 seconds
122.554: [GC122.554: [DefNew: 3825K->3825K(4288K), 0.0000090 secs]122.554: [Tenured: 7058K->2273K(9600K), 0.0052170 secs] 10883K->2273K(13888K), [Perm : 5109K->5109K(21248K)], 0.0052720 secs] [Times: user=0.01 sys=0.00, real=0.00 secs] 
122.559: Total time for which application threads were stopped: 0.0081940 seconds, Stopping threads took: 0.0028440 seconds
122.560: Application time: 0.0005440 seconds
122.560: [GC122.560: [DefNew: 3825K->391K(4288K), 0.0008550 secs] 6098K->6083K(13888K), 0.0008750 secs] [Times: user=0.00 sys=0.00, real=0.00 secs] 
122.561: Total time for which application threads were stopped: 0.0012250 seconds, Stopping threads took: 0.0003120 seconds
122.633: Application time: 0.0718200 seconds
122.634: [GC122.634: [DefNew: 4217K->4217K(4288K), 0.0000090 secs]122.634: [Tenured: 5691K->1297K(9600K), 0.0052470 secs] 9908K->1297K(13888K), [Perm : 5109K->5109K(21248K)], 0.0052970 secs] [Times: user=0.01 sys=0.00, real=0.00 secs] 
122.640: Total time for which application threads were stopped: 0.0067820 seconds, Stopping threads took: 0.0014070 seconds
122.640: Application time: 0.0006470 seconds
122.641: [GC122.641: [DefNew: 3727K->392K(4288K), 0.0008580 secs] 5025K->5010K(13888K), 0.0008750 secs] [Times: user=0.00 sys=0.00, real=0.00 secs] 
122.642: Total time for which application threads were stopped: 0.0013080 seconds, Stopping threads took: 0.0003720 seconds
122.642: Application time: 0.0007140 seconds
122.704: [GC122.704: [DefNew: 4119K->391K(4288K), 0.0007280 secs] 8738K->6964K(13888K), 0.0007520 secs] [Times: user=0.00 sys=0.00, real=0.01 secs] 
122.705: Total time for which application threads were stopped: 0.0623820 seconds, Stopping threads took: 0.0615640 seconds
122.705: Application time: 0.0003960 seconds
122.770: [GC122.770: [DefNew: 3923K->3923K(4288K), 0.0000140 secs]122.770: [Tenured: 6573K->3640K(9600K), 0.0056760 secs] 10496K->3640K(13888K), [Perm : 5109K->5109K(21248K)], 0.0057250 secs] [Times: user=0.00 sys=0.00, real=0.01 secs] 
122.776: Total time for which application threads were stopped: 0.0708650 seconds, Stopping threads took: 0.0650700 seconds
122.776: Application time: 0.0004700 seconds
122.777: [GC122.777: [DefNew: 3524K->391K(4288K), 0.0007730 secs] 7165K->7157K(13888K), 0.0007940 secs] [Times: user=0.00 sys=0.00, real=0.00 secs] 
122.778: Total time for which application threads were stopped: 0.0013250 seconds, Stopping threads took: 0.0004660 seconds
122.850: Application time: 0.0718670 seconds
122.854: [GC122.854: [DefNew: 4119K->4119K(4288K), 0.0000090 secs]122.854: [Tenured: 6765K->2273K(9600K), 0.0052160 secs] 10885K->2273K(13888K), [Perm : 5109K->5109K(21248K)], 0.0052730 secs] [Times: user=0.00 sys=0.00, real=0.00 secs] 
122.859: Total time for which application threads were stopped: 0.0093170 seconds, Stopping threads took: 0.0039840 seconds
122.859: Application time: 0.0005510 seconds
122.893: [GC122.893: [DefNew: 3782K->396K(4288K), 0.0008420 secs] 6055K->5697K(13888K), 0.0008640 secs] [Times: user=0.00 sys=0.00, real=0.00 secs] 
122.894: Total time for which application threads were stopped: 0.0341270 seconds, Stopping threads took: 0.0331940 seconds
122.894: Application time: 0.0004800 seconds
122.928: [GC122.928: [DefNew: 4226K->443K(4288K), 0.0010820 secs] 9527K->9461K(13888K), 0.0011040 secs] [Times: user=0.00 sys=0.00, real=0.00 secs] 
122.929: Total time for which application threads were stopped: 0.0345530 seconds, Stopping threads took: 0.0333850 seconds
123.001: Application time: 0.0724000 seconds
123.002: [GC123.002: [DefNew: 4152K->4152K(4288K), 0.0000100 secs]123.002: [Tenured: 9017K->2653K(9600K), 0.0059500 secs] 13169K->2653K(13888K), [Perm : 5109K->5109K(21248K)], 0.0060130 secs] [Times: user=0.01 sys=0.00, real=0.01 secs] 
123.008: Total time for which application threads were stopped: 0.0072720 seconds, Stopping threads took: 0.0011790 seconds
123.009: Application time: 0.0005480 seconds
123.042: [GC123.042: [DefNew: 3727K->392K(4288K), 0.0008900 secs] 6380K->6365K(13888K), 0.0009080 secs] [Times: user=0.00 sys=0.00, real=0.00 secs] 
123.043: Total time for which application threads were stopped: 0.0343360 seconds, Stopping threads took: 0.0333670 seconds
123.044: Application time: 0.0005080 seconds
123.109: [GC123.109: [DefNew: 4215K->4215K(4288K), 0.0000070 secs]123.109: [Tenured: 5973K->4802K(9600K), 0.0063970 secs] 10188K->4802K(13888K), [Perm : 5109K->5109K(21248K)], 0.0064430 secs] [Times: user=0.01 sys=0.00, real=0.01 secs] 
123.115: Total time for which application threads were stopped: 0.0714360 seconds, Stopping threads took: 0.0649180 seconds
123.116: Application time: 0.0008960 seconds
123.167: [GC123.167: [DefNew: 3708K->420K(4288K), 0.0008440 secs] 8510K->7566K(13888K), 0.0008740 secs] [Times: user=0.01 sys=0.00, real=0.00 secs] 
123.168: Total time for which application threads were stopped: 0.0521430 seconds, Stopping threads took: 0.0511950 seconds
123.169: Application time: 0.0004410 seconds
123.231: [GC123.231: [DefNew: 4126K->4126K(4288K), 0.0000060 secs]123.231: [Tenured: 7146K->4566K(9600K), 0.0059640 secs] 11273K->4566K(13888K), [Perm : 5109K->5109K(21248K)], 0.0060050 secs] [Times: user=0.01 sys=0.00, real=0.01 secs] 
123.237: Total time for which application threads were stopped: 0.0686890 seconds, Stopping threads took: 0.0626130 seconds
123.238: Application time: 0.0004870 seconds
123.309: [GC123.309: [DefNew: 3532K->391K(4288K), 0.0007250 secs] 8098K->6911K(13888K), 0.0007510 secs] [Times: user=0.00 sys=0.00, real=0.00 secs] 
123.310: Total time for which application threads were stopped: 0.0718390 seconds, Stopping threads took: 0.0710160 seconds
123.310: Application time: 0.0003630 seconds
123.344: [GC123.344: [DefNew: 4115K->4115K(4288K), 0.0000060 secs]123.344: [Tenured: 6519K->6277K(9600K), 0.0066110 secs] 10635K->6277K(13888K), [Perm : 5109K->5109K(21248K)], 0.0066510 secs] [Times: user=0.01 sys=0.00, real=0.01 secs] 
123.351: Total time for which application threads were stopped: 0.0408990 seconds, Stopping threads took: 0.0341920 seconds
123.423: Application time: 0.0723730 seconds
123.425: [GC123.425: [DefNew: 3825K->3825K(4288K), 0.0000100 secs]123.425: [Tenured: 6277K->1492K(9600K), 0.0057130 secs] 10102K->1492K(13888K), [Perm : 5109K->5109K(21248K)], 0.0057660 secs] [Times: user=0.01 sys=0.00, real=0.00 secs] 
123.431: Total time for which application threads were stopped: 0.0077880 seconds, Stopping threads took: 0.0019330 seconds
123.432: Application time: 0.0006290 seconds
123.432: [GC123.432: [DefNew: 3775K->440K(4288K), 0.0009130 secs] 5268K->5254K(13888K), 0.0009310 secs] [Times: user=0.00 sys=0.00, real=0.01 secs] 
123.433: Total time for which application threads were stopped: 0.0012930 seconds, Stopping threads took: 0.0003020 seconds
123.434: Application time: 0.0007250 seconds
123.467: [GC123.467: [DefNew: 4194K->419K(4288K), 0.0009060 secs] 9007K->8066K(13888K), 0.0009270 secs] [Times: user=0.01 sys=0.00, real=0.00 secs] 
123.468: Total time for which application threads were stopped: 0.0343920 seconds, Stopping threads took: 0.0334010 seconds
123.469: Application time: 0.0007750 seconds
123.539: [GC123.539: [DefNew: 4244K->4244K(4288K), 0.0000080 secs]123.539: [Tenured: 7647K->4158K(9600K), 0.0060970 secs] 11892K->4158K(13888K), [Perm : 5109K->5109K(21248K)], 0.0061470 secs] [Times: user=0.01 sys=0.00, real=0.01 secs] 
123.545: Total time for which application threads were stopped: 0.0764170 seconds, Stopping threads took: 0.0701940 seconds
123.546: Application time: 0.0004950 seconds
123.579: [GC123.579: [DefNew: 3532K->392K(4288K), 0.0008580 secs] 7690K->7284K(13888K), 0.0008800 secs] [Times: user=0.00 sys=0.00, real=0.00 secs] 
123.580: Total time for which application threads were stopped: 0.0345380 seconds, Stopping threads took: 0.0335930 seconds
123.581: Application time: 0.0006000 seconds
123.582: [GC123.582: [DefNew: 4191K->4191K(4288K), 0.0000070 secs]123.582: [Tenured: 6892K->8190K(9600K), 0.0065780 secs] 11084K->8190K(13888K), [Perm : 5109K->5109K(21248K)], 0.0066210 secs] [Times: user=0.00 sys=0.00, real=0.01 secs] 
123.588: Total time for which application threads were stopped: 0.0074190 seconds, Stopping threads took: 0.0007230 seconds
123.661: Application time: 0.0723340 seconds
123.697: [GC123.697: [DefNew: 3825K->3825K(4288K), 0.0000100 secs]123.697: [Tenured: 8190K->2274K(9600K), 0.0059070 secs] 12015K->2274K(13888K), [Perm : 5109K->5109K(21248K)], 0.0059600 secs] [Times: user=0.01 sys=0.00, real=0.00 secs] 
123.703: Total time for which application threads were stopped: 0.0421400 seconds, Stopping threads took: 0.0360980 seconds
123.704: Application time: 0.0006480 seconds
123.737: [GC123.737: [DefNew: 3678K->441K(4288K), 0.0008330 secs] 5952K->5645K(13888K), 0.0008510 secs] [Times: user=0.00 sys=0.00, real=0.00 secs] 
123.738: Total time for which application threads were stopped: 0.0347940 seconds, Stopping threads took: 0.0338840 seconds
123.739: Application time: 0.0003290 seconds
123.803: [GC123.803: [DefNew: 4196K->419K(4288K), 0.0007820 secs] 9400K->7773K(13888K), 0.0008060 secs] [Times: user=0.00 sys=0.00, real=0.00 secs] 
123.803: Total time for which application threads were stopped: 0.0647670 seconds, Stopping threads took: 0.0639180 seconds
123.804: Application time: 0.0003960 seconds
123.837: [GC123.837: [DefNew: 4147K->4147K(4288K), 0.0000060 secs]123.837: [Tenured: 7354K->5818K(9600K), 0.0068950 secs] 11501K->5818K(13888K), [Perm : 5109K->5109K(21248K)], 0.0069530 secs] [Times: user=0.00 sys=0.00, real=0.01 secs] 
123.844: Total time for which application threads were stopped: 0.0405330 seconds, Stopping threads took: 0.0335050 seconds
123.845: Application time: 0.0008910 seconds
123.916: [GC123.916: [DefNew: 3825K->3825K(4288K), 0.0000090 secs]123.916: [Tenured: 5818K->3181K(9600K), 0.0060240 secs] 9643K->3181K(13888K), [Perm : 5109K->5109K(21248K)], 0.0060750 secs] [Times: user=0.00 sys=0.00, real=0.00 secs] 
123.922: Total time for which application threads were stopped: 0.0765510 seconds, Stopping threads took: 0.0703980 seconds
123.922: Application time: 0.0005530 seconds
123.956: [GC123.956: [DefNew: 3825K->392K(4288K), 0.0009030 secs] 7007K->6699K(13888K), 0.0009320 secs] [Times: user=0.00 sys=0.00, real=0.00 secs] 
123.957: Total time for which application threads were stopped: 0.0342200 seconds, Stopping threads took: 0.0332150 seconds
123.957: Application time: 0.0004340 seconds
124.008: [GC124.008: [DefNew: 4213K->4213K(4288K), 0.0000060 secs]124.008: [Tenured: 6307K->5428K(9600K), 0.0059060 secs] 10520K->5428K(13888K), [Perm : 5109K->5109K(21248K)], 0.0059520 secs] [Times: user=0.01 sys=0.00, real=0.01 secs] 
124.014: Total time for which application threads were stopped: 0.0567160 seconds, Stopping threads took: 0.0506890 seconds
124.015: Application time: 0.0008590 seconds
124.084: [GC124.084: [DefNew: 3825K->391K(4288K), 0.0008200 secs] 9254K->7969K(13888K), 0.0008460 secs] [Times: user=0.00 sys=0.00, real=0.00 secs] 
124.085: Total time for which application threads were stopped: 0.0706610 seconds, Stopping threads took: 0.0697420 seconds
124.086: Application time: 0.0004190 seconds
124.120: [GC124.120: [DefNew: 4217K->4217K(4288K), 0.0000070 secs]124.120: [Tenured: 7577K->4422K(9600K), 0.0059090 secs] 11794K->4422K(13888K), [Perm : 5109K->5109K(21248K)], 0.0059580 secs] [Times: user=0.00 sys=0.00, real=0.01 secs] 
124.126: Total time for which application threads were stopped: 0.0398450 seconds, Stopping threads took: 0.0338090 seconds
124.126: Application time: 0.0005010 seconds
124.186: [GC124.186: [DefNew: 3625K->391K(4288K), 0.0007820 secs] 8048K->7158K(13888K), 0.0008070 secs] [Times: user=0.00 sys=0.00, real=0.00 secs] 
124.187: Total time for which application threads were stopped: 0.0610330 seconds, Stopping threads took: 0.0601570 seconds
124.187: Application time: 0.0004060 seconds
124.221: [GC124.221: [DefNew: 4217K->4217K(4288K), 0.0000060 secs]124.221: [Tenured: 6766K->5399K(9600K), 0.0064640 secs] 10983K->5399K(13888K), [Perm : 5109K->5109K(21248K)], 0.0065060 secs] [Times: user=0.00 sys=0.00, real=0.01 secs] 
124.228: Total time for which application threads were stopped: 0.0401040 seconds, Stopping threads took: 0.0335260 seconds
124.228: Application time: 0.0009220 seconds
124.293: [GC124.293: [DefNew: 3825K->391K(4288K), 0.0008590 secs] 9224K->8232K(13888K), 0.0008900 secs] [Times: user=0.00 sys=0.00, real=0.00 secs] 
124.294: Total time for which application threads were stopped: 0.0658960 seconds, Stopping threads took: 0.0649320 seconds
124.295: Application time: 0.0006940 seconds
124.365: [GC124.365: [DefNew: 4217K->4217K(4288K), 0.0000070 secs]124.365: [Tenured: 7840K->4422K(9600K), 0.0057060 secs] 12057K->4422K(13888K), [Perm : 5109K->5109K(21248K)], 0.0057550 secs] [Times: user=0.00 sys=0.00, real=0.00 secs] 
124.371: Total time for which application threads were stopped: 0.0756420 seconds, Stopping threads took: 0.0698330 seconds
124.371: Application time: 0.0004910 seconds
124.437: [GC124.437: [DefNew: 3532K->392K(4288K), 0.0007130 secs] 7954K->6767K(13888K), 0.0007380 secs] [Times: user=0.00 sys=0.00, real=0.00 secs] 
124.438: Total time for which application threads were stopped: 0.0663910 seconds, Stopping threads took: 0.0655840 seconds
124.438: Application time: 0.0003680 seconds
124.471: [GC124.471: [DefNew: 4115K->4115K(4288K), 0.0000050 secs]124.471: [Tenured: 6375K->6277K(9600K), 0.0060540 secs] 10491K->6277K(13888K), [Perm : 5109K->5109K(21248K)], 0.0060970 secs] [Times: user=0.00 sys=0.00, real=0.01 secs] 
124.477: Total time for which application threads were stopped: 0.0393460 seconds, Stopping threads took: 0.0331690 seconds
124.550: Application time: 0.0724370 seconds
124.552: [GC124.552: [DefNew: 3825K->3825K(4288K), 0.0000090 secs]124.552: [Tenured: 6277K->1492K(9600K), 0.0049910 secs] 10103K->1492K(13888K), [Perm : 5109K->5109K(21248K)], 0.0050400 secs] [Times: user=0.00 sys=0.00, real=0.01 secs] 
124.557: Total time for which application threads were stopped: 0.0071400 seconds, Stopping threads took: 0.0020210 seconds
124.558: Application time: 0.0006270 seconds
124.558: [GC124.558: [DefNew: 3727K->392K(4288K), 0.0008680 secs] 5220K->5205K(13888K), 0.0008990 secs] [Times: user=0.00 sys=0.00, real=0.00 secs] 
124.559: Total time for which application threads were stopped: 0.0011590 seconds, Stopping threads took: 0.0002160 seconds
124.560: Application time: 0.0008900 seconds
124.610: [GC124.610: [DefNew: 4215K->391K(4288K), 0.0008670 secs] 9028K->7940K(13888K), 0.0008920 secs] [Times: user=0.00 sys=0.00, real=0.00 secs] 
124.611: Total time for which application threads were stopped: 0.0516350 seconds, Stopping threads took: 0.0506770 seconds
124.612: Application time: 0.0008300 seconds
124.682: [GC124.682: [DefNew: 4216K->4216K(4288K), 0.0000090 secs]124.682: [Tenured: 7549K->4227K(9600K), 0.0060770 secs] 11765K->4227K(13888K), [Perm : 5109K->5109K(21248K)], 0.0061290 secs] [Times: user=0.01 sys=0.00, real=0.01 secs] 
124.688: Total time for which application threads were stopped: 0.0762160 seconds, Stopping threads took: 0.0700080 seconds
124.689: Application time: 0.0005240 seconds
124.723: [GC124.723: [DefNew: 3825K->392K(4288K), 0.0009730 secs] 8052K->7744K(13888K), 0.0009980 secs] [Times: user=0.00 sys=0.00, real=0.00 secs] 
124.724: Total time for which application threads were stopped: 0.0347850 seconds, Stopping threads took: 0.0337170 seconds
124.724: Application time: 0.0004010 seconds
124.787: [GC124.787: [DefNew: 4217K->4217K(4288K), 0.0000070 secs]124.787: [Tenured: 7352K->4325K(9600K), 0.0063770 secs] 11570K->4325K(13888K), [Perm : 5109K->5109K(21248K)], 0.0064230 secs] [Times: user=0.01 sys=0.00, real=0.01 secs] 
124.793: Total time for which application threads were stopped: 0.0694780 seconds, Stopping threads took: 0.0629810 seconds
124.794: Application time: 0.0008020 seconds
124.828: [GC124.828: [DefNew: 3806K->420K(4288K), 0.0009080 secs] 8131K->7772K(13888K), 0.0009340 secs] [Times: user=0.00 sys=0.00, real=0.00 secs] 
124.829: Total time for which application threads were stopped: 0.0346740 seconds, Stopping threads took: 0.0336720 seconds
124.830: Application time: 0.0008360 seconds
124.900: [GC124.900: [DefNew: 4148K->4148K(4288K), 0.0000100 secs]124.900: [Tenured: 7352K->3181K(9600K), 0.0061240 secs] 11500K->3181K(13888K), [Perm : 5109K->5109K(21248K)], 0.0061780 secs] [Times: user=0.01 sys=0.00, real=0.01 secs] 
124.906: Total time for which application threads were stopped: 0.0764510 seconds, Stopping threads took: 0.0702150 seconds
124.907: Application time: 0.0005690 seconds
124.940: [GC124.940: [DefNew: 3833K->400K(4288K), 0.0009090 secs] 7015K->6707K(13888K), 0.0009340 secs] [Times: user=0.00 sys=0.00, real=0.00 secs] 
124.941: Total time for which application threads were stopped: 0.0344300 seconds, Stopping threads took: 0.0334440 seconds
124.942: Application time: 0.0005370 seconds
124.989: [GC124.989: [DefNew: 4176K->4176K(4288K), 0.0000070 secs]124.989: [Tenured: 6306K->5204K(9600K), 0.0065250 secs] 10483K->5204K(13888K), [Perm : 5109K->5109K(21248K)], 0.0065680 secs] [Times: user=0.01 sys=0.00, real=0.01 secs] 
124.995: Total time for which application threads were stopped: 0.0534240 seconds, Stopping threads took: 0.0467750 seconds
124.996: Application time: 0.0009100 seconds
125.066: [GC125.066: [DefNew: 3825K->391K(4288K), 0.0007620 secs] 9029K->7549K(13888K), 0.0007920 secs] [Times: user=0.00 sys=0.00, real=0.00 secs] 
125.067: Total time for which application threads were stopped: 0.0710530 seconds, Stopping threads took: 0.0701880 seconds
125.068: Application time: 0.0004030 seconds
125.119: [GC125.119: [DefNew: 4021K->4021K(4288K), 0.0000060 secs]125.119: [Tenured: 7157K->4032K(9600K), 0.0055850 secs] 11179K->4032K(13888K), [Perm : 5109K->5109K(21248K)], 0.0056250 secs] [Times: user=0.01 sys=0.01, real=0.00 secs] 
125.124: Total time for which application threads were stopped: 0.0567180 seconds, Stopping threads took: 0.0510380 seconds
125.125: Application time: 0.0005800 seconds
125.159: [GC125.159: [DefNew: 3801K->420K(4288K), 0.0008030 secs] 7833K->7479K(13888K), 0.0008270 secs] [Times: user=0.00 sys=0.00, real=0.00 secs] 
125.159: Total time for which application threads were stopped: 0.0345660 seconds, Stopping threads took: 0.0336760 seconds
125.232: Application time: 0.0725550 seconds
125.233: [GC125.233: [DefNew: 4245K->4245K(4288K), 0.0000090 secs]125.233: [Tenured: 7059K->1912K(9600K), 0.0058080 secs] 11304K->1912K(13888K), [Perm : 5109K->5109K(21248K)], 0.0058580 secs] [Times: user=0.01 sys=0.00, real=0.00 secs] 
125.239: Total time for which application threads were stopped: 0.0072680 seconds, Stopping threads took: 0.0013330 seconds
125.240: Application time: 0.0006040 seconds
125.240: [GC125.240: [DefNew: 3733K->400K(4288K), 0.0008730 secs] 5646K->5633K(13888K), 0.0008960 secs] [Times: user=0.00 sys=0.00, real=0.00 secs] 
125.241: Total time for which application threads were stopped: 0.0013300 seconds, Stopping threads took: 0.0003610 seconds
125.242: Application time: 0.0004130 seconds
125.304: [GC125.304: [DefNew: 4193K->419K(4288K), 0.0009060 secs] 9427K->8193K(13888K), 0.0009320 secs] [Times: user=0.00 sys=0.00, real=0.01 secs] 
125.305: Total time for which application threads were stopped: 0.0635080 seconds, Stopping threads took: 0.0625060 seconds
125.306: Application time: 0.0008960 seconds
125.368: [GC125.368: [DefNew: 4225K->4225K(4288K), 0.0000070 secs]125.368: [Tenured: 7773K->4509K(9600K), 0.0062560 secs] 11999K->4509K(13888K), [Perm : 5109K->5109K(21248K)], 0.0063040 secs] [Times: user=0.00 sys=0.00, real=0.01 secs] 
125.374: Total time for which application threads were stopped: 0.0682260 seconds, Stopping threads took: 0.0618450 seconds
125.375: Application time: 0.0005040 seconds
125.422: [GC125.422: [DefNew: 3630K->391K(4288K), 0.0009220 secs] 8139K->7831K(13888K), 0.0009450 secs] [Times: user=0.00 sys=0.00, real=0.00 secs] 
125.423: Total time for which application threads were stopped: 0.0477380 seconds, Stopping threads took: 0.0467270 seconds
125.423: Application time: 0.0007150 seconds
125.484: [GC125.484: [DefNew: 4215K->4215K(4288K), 0.0000070 secs]125.484: [Tenured: 7439K->5399K(9600K), 0.0058740 secs] 11654K->5399K(13888K), [Perm : 5109K->5109K(21248K)], 0.0059210 secs] [Times: user=0.01 sys=0.00, real=0.00 secs] 
125.490: Total time for which application threads were stopped: 0.0670200 seconds, Stopping threads took: 0.0610420 seconds
125.491: Application time: 0.0008350 seconds
125.561: [GC125.561: [DefNew: 3825K->391K(4288K), 0.0008040 secs] 9224K->7940K(13888K), 0.0008330 secs] [Times: user=0.00 sys=0.00, real=0.00 secs] 
125.562: Total time for which application threads were stopped: 0.0708330 seconds, Stopping threads took: 0.0699200 seconds
125.562: Application time: 0.0004600 seconds
125.626: [GC125.626: [DefNew: 3874K->3874K(4288K), 0.0000070 secs]125.626: [Tenured: 7548K->4032K(9600K), 0.0055730 secs] 11423K->4032K(13888K), [Perm : 5109K->5109K(21248K)], 0.0056170 secs] [Times: user=0.00 sys=0.00, real=0.00 secs] 
125.632: Total time for which application threads were stopped: 0.0696000 seconds, Stopping threads took: 0.0639210 seconds
125.632: Application time: 0.0004730 seconds
125.667: [GC125.667: [DefNew: 3656K->420K(4288K), 0.0008060 secs] 7688K->7089K(13888K), 0.0008280 secs] [Times: user=0.01 sys=0.00, real=0.00 secs] 
125.667: Total time for which application threads were stopped: 0.0349240 seconds, Stopping threads took: 0.0340310 seconds
125.668: Application time: 0.0007230 seconds
125.733: [GC125.733: [DefNew: 4226K->4226K(4288K), 0.0000080 secs]125.733: [Tenured: 6669K->5359K(9600K), 0.0057900 secs] 10895K->5359K(13888K), [Perm : 5109K->5109K(21248K)], 0.0058390 secs] [Times: user=0.01 sys=0.00, real=0.00 secs] 
125.739: Total time for which application threads were stopped: 0.0708330 seconds, Stopping threads took: 0.0649390 seconds
125.740: Application time: 0.0008550 seconds
125.805: [GC125.805: [DefNew: 3825K->391K(4288K), 0.0009320 secs] 9185K->8486K(13888K), 0.0009580 secs] [Times: user=0.00 sys=0.00, real=0.00 secs] 
125.806: Total time for which application threads were stopped: 0.0660390 seconds, Stopping threads took: 0.0650320 seconds
125.806: Application time: 0.0004470 seconds
125.870: [GC125.870: [DefNew: 3924K->3924K(4288K), 0.0000140 secs]125.870: [Tenured: 8094K->3698K(9600K), 0.0063360 secs] 12018K->3698K(13888K), [Perm : 5109K->5109K(21248K)], 0.0064030 secs] [Times: user=0.01 sys=0.00, real=0.01 secs] 
125.877: Total time for which application threads were stopped: 0.0703250 seconds, Stopping threads took: 0.0638410 seconds
125.877: Application time: 0.0005030 seconds
125.877: [GC125.877: [DefNew: 3721K->391K(4288K), 0.0008430 secs] 7420K->7410K(13888K), 0.0008640 secs] [Times: user=0.00 sys=0.00, real=0.00 secs] 
125.878: Total time for which application threads were stopped: 0.0011840 seconds, Stopping threads took: 0.0002760 seconds
125.951: Application time: 0.0724470 seconds
125.952: [GC125.952: [DefNew: 4119K->4119K(4288K), 0.0000100 secs]125.952: [Tenured: 7019K->2470K(9600K), 0.0052130 secs] 11138K->2470K(13888K), [Perm : 5109K->5109K(21248K)], 0.0052720 secs] [Times: user=0.01 sys=0.00, real=0.01 secs] 
125.958: Total time for which application threads were stopped: 0.0068110 seconds, Stopping threads took: 0.0014820 seconds
125.958: Application time: 0.0006280 seconds
125.992: [GC125.992: [DefNew: 3825K->392K(4288K), 0.0008890 secs] 6295K->5987K(13888K), 0.0009110 secs] [Times: user=0.00 sys=0.00, real=0.01 secs] 
125.993: Total time for which application threads were stopped: 0.0343540 seconds, Stopping threads took: 0.0333750 seconds
125.993: Application time: 0.0008260 seconds
126.027: [GC126.027: [DefNew: 4213K->4213K(4288K), 0.0000070 secs]126.027: [Tenured: 5595K->6865K(9600K), 0.0063010 secs] 9808K->6865K(13888K), [Perm : 5109K->5109K(21248K)], 0.0063490 secs] [Times: user=0.01 sys=0.00, real=0.01 secs] 
126.033: Total time for which application threads were stopped: 0.0397670 seconds, Stopping threads took: 0.0333420 seconds
126.104: Application time: 0.0711590 seconds
126.108: [GC126.108: [DefNew: 3825K->3825K(4288K), 0.0000080 secs]126.108: [Tenured: 6865K->2079K(9600K), 0.0045500 secs] 10690K->2079K(13888K), [Perm : 5109K->5109K(21248K)], 0.0046030 secs] [Times: user=0.01 sys=0.00, real=0.01 secs] 
126.113: Total time for which application threads were stopped: 0.0082460 seconds, Stopping threads took: 0.0035590 seconds
126.113: Application time: 0.0005540 seconds
126.113: [GC126.113: [DefNew: 3723K->391K(4288K), 0.0008190 secs] 5802K->5791K(13888K), 0.0008370 secs] [Times: user=0.00 sys=0.00, real=0.00 secs] 
126.114: Total time for which application threads were stopped: 0.0010630 seconds, Stopping threads took: 0.0001650 seconds
126.116: Application time: 0.0014060 seconds
126.181: [GC126.181: [DefNew: 4214K->4214K(4288K), 0.0000070 secs]126.181: [Tenured: 5399K->4229K(9600K), 0.0059330 secs] 9614K->4229K(13888K), [Perm : 5109K->5109K(21248K)], 0.0059820 secs] [Times: user=0.00 sys=0.00, real=0.01 secs] 
126.187: Total time for which application threads were stopped: 0.0712190 seconds, Stopping threads took: 0.0651610 seconds
126.187: Application time: 0.0005820 seconds
126.237: [GC126.237: [DefNew: 3825K->392K(4288K), 0.0010140 secs] 8054K->7746K(13888K), 0.0010410 secs] [Times: user=0.00 sys=0.00, real=0.00 secs] 
126.238: Total time for which application threads were stopped: 0.0502120 seconds, Stopping threads took: 0.0491150 seconds
126.238: Application time: 0.0004030 seconds
126.272: [GC126.272: [DefNew: 4119K->4119K(4288K), 0.0000060 secs]126.272: [Tenured: 7354K->5302K(9600K), 0.0059000 secs] 11474K->5302K(13888K), [Perm : 5109K->5109K(21248K)], 0.0059460 secs] [Times: user=0.01 sys=0.00, real=0.01 secs] 
126.278: Total time for which application threads were stopped: 0.0399320 seconds, Stopping threads took: 0.0339090 seconds
126.279: Application time: 0.0008810 seconds
126.345: [GC126.345: [DefNew: 3727K->391K(4288K), 0.0007540 secs] 9029K->7647K(13888K), 0.0007810 secs] [Times: user=0.00 sys=0.00, real=0.00 secs] 
126.346: Total time for which application threads were stopped: 0.0670180 seconds, Stopping threads took: 0.0661680 seconds
126.346: Application time: 0.0003620 seconds
126.411: [GC126.411: [DefNew: 4021K->4021K(4288K), 0.0000060 secs]126.411: [Tenured: 7255K->4032K(9600K), 0.0055970 secs] 11277K->4032K(13888K), [Perm : 5109K->5109K(21248K)], 0.0056560 secs] [Times: user=0.01 sys=0.00, real=0.01 secs] 
126.417: Total time for which application threads were stopped: 0.0705230 seconds, Stopping threads took: 0.0647900 seconds
126.417: Application time: 0.0004600 seconds
126.451: [GC126.451: [DefNew: 3721K->293K(4288K), 0.0008580 secs] 7754K->7451K(13888K), 0.0008800 secs] [Times: user=0.00 sys=0.00, real=0.00 secs] 
126.452: Total time for which application threads were stopped: 0.0342860 seconds, Stopping threads took: 0.0333400 seconds
126.523: Application time: 0.0715760 seconds
126.525: [GC126.525: [DefNew: 3923K->3923K(4288K), 0.0000080 secs]126.525: [Tenured: 7157K->1884K(9600K), 0.0058490 secs] 11081K->1884K(13888K), [Perm : 5109K->5109K(21248K)], 0.0059030 secs] [Times: user=0.01 sys=0.00, real=0.00 secs] 
126.531: Total time for which application threads were stopped: 0.0080080 seconds, Stopping threads took: 0.0020270 seconds
126.532: Application time: 0.0006700 seconds
126.532: [GC126.532: [DefNew: 3725K->392K(4288K), 0.0008570 secs] 5610K->5597K(13888K), 0.0008740 secs] [Times: user=0.01 sys=0.00, real=0.01 secs] 
126.533: Total time for which application threads were stopped: 0.0013480 seconds, Stopping threads took: 0.0004140 seconds
126.534: Application time: 0.0007650 seconds
126.604: [GC126.604: [DefNew: 4215K->391K(4288K), 0.0005940 secs] 9420K->6965K(13888K), 0.0006180 secs] [Times: user=0.00 sys=0.00, real=0.01 secs] 
126.604: Total time for which application threads were stopped: 0.0704550 seconds, Stopping threads took: 0.0697730 seconds
126.605: Application time: 0.0003710 seconds
126.638: [GC126.638: [DefNew: 4216K->4216K(4288K), 0.0000070 secs]126.638: [Tenured: 6574K->4423K(9600K), 0.0063190 secs] 10790K->4423K(13888K), [Perm : 5109K->5109K(21248K)], 0.0063610 secs] [Times: user=0.01 sys=0.00, real=0.01 secs] 
126.645: Total time for which application threads were stopped: 0.0399250 seconds, Stopping threads took: 0.0334830 seconds
126.645: Application time: 0.0006840 seconds
126.678: [GC126.678: [DefNew: 3803K->322K(4288K), 0.0008600 secs] 8227K->7870K(13888K), 0.0008830 secs] [Times: user=0.00 sys=0.00, real=0.00 secs] 
126.679: Total time for which application threads were stopped: 0.0340190 seconds, Stopping threads took: 0.0330710 seconds
126.751: Application time: 0.0716380 seconds
126.754: [GC126.754: [DefNew: 4030K->4030K(4288K), 0.0000090 secs]126.754: [Tenured: 7548K->2079K(9600K), 0.0051040 secs] 11578K->2079K(13888K), [Perm : 5109K->5109K(21248K)], 0.0051580 secs] [Times: user=0.01 sys=0.00, real=0.00 secs] 
126.759: Total time for which application threads were stopped: 0.0082600 seconds, Stopping threads took: 0.0030210 seconds
126.760: Application time: 0.0005840 seconds
126.793: [GC126.793: [DefNew: 3825K->392K(4288K), 0.0008450 secs] 5905K->5597K(13888K), 0.0008670 secs] [Times: user=0.00 sys=0.00, real=0.00 secs] 
126.794: Total time for which application threads were stopped: 0.0342020 seconds, Stopping threads took: 0.0332810 seconds
126.795: Application time: 0.0007340 seconds
126.859: [GC126.859: [DefNew: 4209K->391K(4288K), 0.0007900 secs] 9414K->7355K(13888K), 0.0008160 secs] [Times: user=0.00 sys=0.00, real=0.00 secs] 
126.860: Total time for which application threads were stopped: 0.0653970 seconds, Stopping threads took: 0.0645100 seconds
126.861: Application time: 0.0010170 seconds
126.931: [GC126.931: [DefNew: 4216K->4216K(4288K), 0.0000070 secs]126.931: [Tenured: 6964K->4229K(9600K), 0.0056260 secs] 11180K->4229K(13888K), [Perm : 5109K->5109K(21248K)], 0.0056770 secs] [Times: user=0.00 sys=0.00, real=0.01 secs] 
126.937: Total time for which application threads were stopped: 0.0757130 seconds, Stopping threads took: 0.0699610 seconds
126.937: Application time: 0.0005480 seconds
126.973: [GC126.973: [DefNew: 3825K->392K(4288K), 0.0008580 secs] 8055K->7356K(13888K), 0.0008800 secs] [Times: user=0.00 sys=0.00, real=0.00 secs] 
126.974: Total time for which application threads were stopped: 0.0363800 seconds, Stopping threads took: 0.0354240 seconds
126.974: Application time: 0.0005790 seconds
127.008: [GC127.008: [DefNew: 4096K->4096K(4288K), 0.0000070 secs]127.008: [Tenured: 6964K->5234K(9600K), 0.0057250 secs] 11060K->5234K(13888K), [Perm : 5109K->5109K(21248K)], 0.0057700 secs] [Times: user=0.01 sys=0.00, real=0.01 secs] 
127.014: Total time for which application threads were stopped: 0.0395030 seconds, Stopping threads took: 0.0336580 seconds
127.014: Application time: 0.0005040 seconds
127.085: [GC127.085: [DefNew: 3530K->391K(4288K), 0.0007290 secs] 8764K->7579K(13888K), 0.0007550 secs] [Times: user=0.00 sys=0.00, real=0.00 secs] 
127.086: Total time for which application threads were stopped: 0.0710730 seconds, Stopping threads took: 0.0702460 seconds
127.086: Application time: 0.0004040 seconds
127.119: [GC127.119: [DefNew: 4115K->4115K(4288K), 0.0000050 secs]127.119: [Tenured: 7187K->7089K(9600K), 0.0066880 secs] 11303K->7089K(13888K), [Perm : 5109K->5109K(21248K)], 0.0067280 secs] [Times: user=0.00 sys=0.00, real=0.01 secs] 
127.126: Total time for which application threads were stopped: 0.0399980 seconds, Stopping threads took: 0.0332210 seconds
127.204: Application time: 0.0781760 seconds
127.214: [GC127.214: [DefNew: 3629K->3629K(4288K), 0.0000090 secs]127.214: [Tenured: 7089K->1689K(9600K), 0.0050980 secs] 10719K->1689K(13888K), [Perm : 5109K->5109K(21248K)], 0.0051510 secs] [Times: user=0.01 sys=0.00, real=0.00 secs] 
127.219: Total time for which application threads were stopped: 0.0152620 seconds, Stopping threads took: 0.0100480 seconds
127.220: Application time: 0.0005250 seconds
127.220: [GC127.220: [DefNew: 3804K->420K(4288K), 0.0008160 secs] 5493K->5430K(13888K), 0.0008380 secs] [Times: user=0.00 sys=0.00, real=0.00 secs] 
127.221: Total time for which application threads were stopped: 0.0013050 seconds, Stopping threads took: 0.0003960 seconds
127.222: Application time: 0.0009110 seconds
127.286: [GC127.286: [DefNew: 4245K->391K(4288K), 0.0005980 secs] 9255K->6798K(13888K), 0.0006250 secs] [Times: user=0.00 sys=0.00, real=0.00 secs] 
127.287: Total time for which application threads were stopped: 0.0646220 seconds, Stopping threads took: 0.0639290 seconds
127.287: Application time: 0.0004380 seconds
127.320: [GC127.320: [DefNew: 4099K->4099K(4288K), 0.0000060 secs]127.320: [Tenured: 6407K->4284K(9600K), 0.0056490 secs] 10506K->4284K(13888K), [Perm : 5109K->5109K(21248K)], 0.0056960 secs] [Times: user=0.01 sys=0.00, real=0.01 secs] 
127.326: Total time for which application threads were stopped: 0.0389480 seconds, Stopping threads took: 0.0332000 seconds
127.327: Application time: 0.0004450 seconds
127.360: [GC127.360: [DefNew: 3727K->391K(4288K), 0.0008590 secs] 8012K->7411K(13888K), 0.0008840 secs] [Times: user=0.00 sys=0.00, real=0.00 secs] 
127.361: Total time for which application threads were stopped: 0.0342570 seconds, Stopping threads took: 0.0333050 seconds
127.362: Application time: 0.0011690 seconds
127.432: [GC127.432: [DefNew: 4214K->4214K(4288K), 0.0000070 secs]127.432: [Tenured: 7019K->3602K(9600K), 0.0054010 secs] 11234K->3602K(13888K), [Perm : 5109K->5109K(21248K)], 0.0054510 secs] [Times: user=0.00 sys=0.00, real=0.01 secs] 
127.437: Total time for which application threads were stopped: 0.0754620 seconds, Stopping threads took: 0.0699340 seconds
127.438: Application time: 0.0004950 seconds
127.471: [GC127.471: [DefNew: 3825K->392K(4288K), 0.0009090 secs] 7428K->7120K(13888K), 0.0009300 secs] [Times: user=0.00 sys=0.00, real=0.00 secs] 
127.472: Total time for which application threads were stopped: 0.0341800 seconds, Stopping threads took: 0.0331880 seconds
127.473: Application time: 0.0011260 seconds
127.535: [GC127.535: [DefNew: 4090K->4090K(4288K), 0.0000070 secs]127.536: [Tenured: 6727K->5682K(9600K), 0.0064570 secs] 10817K->5682K(13888K), [Perm : 5109K->5109K(21248K)], 0.0064980 secs] [Times: user=0.00 sys=0.00, real=0.00 secs] 
127.542: Total time for which application threads were stopped: 0.0687590 seconds, Stopping threads took: 0.0622110 seconds
127.543: Application time: 0.0010450 seconds
127.613: [GC127.613: [DefNew: 3825K->391K(4288K), 0.0007600 secs] 9507K->8027K(13888K), 0.0007960 secs] [Times: user=0.00 sys=0.00, real=0.00 secs] 
127.614: Total time for which application threads were stopped: 0.0707300 seconds, Stopping threads took: 0.0698610 seconds
127.614: Application time: 0.0004580 seconds
127.678: [GC127.678: [DefNew: 4100K->4100K(4288K), 0.0000080 secs]127.678: [Tenured: 7635K->4032K(9600K), 0.0062810 secs] 11735K->4032K(13888K), [Perm : 5109K->5109K(21248K)], 0.0063260 secs] [Times: user=0.00 sys=0.00, real=0.01 secs] 
127.685: Total time for which application threads were stopped: 0.0704780 seconds, Stopping threads took: 0.0640780 seconds
127.685: Application time: 0.0004670 seconds
127.732: [GC127.732: [DefNew: 3825K->391K(4288K), 0.0008160 secs] 7858K->6963K(13888K), 0.0008420 secs] [Times: user=0.00 sys=0.00, real=0.00 secs] 
127.733: Total time for which application threads were stopped: 0.0481050 seconds, Stopping threads took: 0.0471880 seconds
127.734: Application time: 0.0006110 seconds
127.768: [GC127.768: [DefNew: 4212K->4212K(4288K), 0.0000070 secs]127.768: [Tenured: 6572K->6279K(9600K), 0.0059730 secs] 10785K->6279K(13888K), [Perm : 5109K->5109K(21248K)], 0.0060200 secs] [Times: user=0.00 sys=0.00, real=0.01 secs] 
127.774: Total time for which application threads were stopped: 0.0396520 seconds, Stopping threads took: 0.0335580 seconds
127.845: Application time: 0.0715740 seconds
127.851: [GC127.851: [DefNew: 3708K->3708K(4288K), 0.0000100 secs]127.851: [Tenured: 6279K->1327K(9600K), 0.0050380 secs] 9987K->1327K(13888K), [Perm : 5109K->5109K(21248K)], 0.0050930 secs] [Times: user=0.00 sys=0.00, real=0.01 secs] 
127.856: Total time for which application threads were stopped: 0.0105470 seconds, Stopping threads took: 0.0053850 seconds
127.856: Application time: 0.0006070 seconds
127.857: [GC127.857: [DefNew: 3727K->392K(4288K), 0.0008680 secs] 5055K->5040K(13888K), 0.0008860 secs] [Times: user=0.00 sys=0.00, real=0.00 secs] 
127.858: Total time for which application threads were stopped: 0.0012340 seconds, Stopping threads took: 0.0002890 seconds
127.858: Application time: 0.0005690 seconds
127.901: [GC127.901: [DefNew: 4117K->390K(4288K), 0.0008510 secs] 8765K->7970K(13888K), 0.0008720 secs] [Times: user=0.00 sys=0.00, real=0.00 secs] 
127.902: Total time for which application threads were stopped: 0.0435840 seconds, Stopping threads took: 0.0426730 seconds
127.974: Application time: 0.0727040 seconds
127.976: [GC127.976: [DefNew: 4118K->4118K(4288K), 0.0000080 secs]127.976: [Tenured: 7579K->1719K(9600K), 0.0057900 secs] 11698K->1719K(13888K), [Perm : 5109K->5109K(21248K)], 0.0058410 secs] [Times: user=0.01 sys=0.00, real=0.00 secs] 
127.982: Total time for which application threads were stopped: 0.0072230 seconds, Stopping threads took: 0.0013070 seconds
127.982: Application time: 0.0005970 seconds
127.982: [GC127.982: [DefNew: 3727K->391K(4288K), 0.0008590 secs] 5447K->5432K(13888K), 0.0008750 secs] [Times: user=0.01 sys=0.00, real=0.00 secs] 
127.983: Total time for which application threads were stopped: 0.0011340 seconds, Stopping threads took: 0.0002000 seconds
127.985: Application time: 0.0014750 seconds
128.051: [GC128.051: [DefNew: 4212K->391K(4288K), 0.0005380 secs] 9253K->6604K(13888K), 0.0005600 secs] [Times: user=0.00 sys=0.00, real=0.00 secs] 
128.052: Total time for which application threads were stopped: 0.0671570 seconds, Stopping threads took: 0.0665320 seconds
128.052: Application time: 0.0004310 seconds
128.086: [GC128.086: [DefNew: 4216K->4216K(4288K), 0.0000070 secs]128.086: [Tenured: 6213K->4423K(9600K), 0.0063800 secs] 10430K->4423K(13888K), [Perm : 5109K->5109K(21248K)], 0.0064220 secs] [Times: user=0.01 sys=0.00, real=0.01 secs] 
128.093: Total time for which application threads were stopped: 0.0401830 seconds, Stopping threads took: 0.0336890 seconds
128.093: Application time: 0.0004940 seconds
128.140: [GC128.140: [DefNew: 3823K->391K(4288K), 0.0008100 secs] 8246K->7354K(13888K), 0.0008460 secs] [Times: user=0.00 sys=0.00, real=0.00 secs] 
128.141: Total time for which application threads were stopped: 0.0482040 seconds, Stopping threads took: 0.0472900 seconds
128.142: Application time: 0.0006820 seconds
128.189: [GC128.189: [DefNew: 4193K->4193K(4288K), 0.0000070 secs]128.189: [Tenured: 6962K->6600K(9600K), 0.0066340 secs] 11156K->6600K(13888K), [Perm : 5109K->5109K(21248K)], 0.0066790 secs] [Times: user=0.00 sys=0.00, real=0.01 secs] 
128.196: Total time for which application threads were stopped: 0.0535200 seconds, Stopping threads took: 0.0467670 seconds
128.268: Application time: 0.0721400 seconds
128.269: [GC128.269: [DefNew: 3727K->3727K(4288K), 0.0000090 secs]128.269: [Tenured: 6600K->1717K(9600K), 0.0057970 secs] 10328K->1717K(13888K), [Perm : 5109K->5109K(21248K)], 0.0058500 secs] [Times: user=0.00 sys=0.00, real=0.01 secs] 
128.275: Total time for which application threads were stopped: 0.0071260 seconds, Stopping threads took: 0.0011910 seconds
128.275: Application time: 0.0006110 seconds
128.276: [GC128.276: [DefNew: 3725K->392K(4288K), 0.0008560 secs] 5443K->5430K(13888K), 0.0008740 secs] [Times: user=0.00 sys=0.00, real=0.00 secs] 
128.277: Total time for which application threads were stopped: 0.0013340 seconds, Stopping threads took: 0.0004010 seconds
128.277: Application time: 0.0004610 seconds
128.342: [GC128.342: [DefNew: 4217K->293K(4288K), 0.0008360 secs] 9255K->7872K(13888K), 0.0008590 secs] [Times: user=0.00 sys=0.00, real=0.00 secs] 
128.343: Total time for which application threads were stopped: 0.0655380 seconds, Stopping threads took: 0.0646120 seconds
128.344: Application time: 0.0008200 seconds
128.413: [GC128.413: [DefNew: 4118K->4118K(4288K), 0.0000080 secs]128.414: [Tenured: 7579K->4452K(9600K), 0.0063700 secs] 11698K->4452K(13888K), [Perm : 5109K->5109K(21248K)], 0.0064150 secs] [Times: user=0.00 sys=0.00, real=0.00 secs] 
128.420: Total time for which application threads were stopped: 0.0763670 seconds, Stopping threads took: 0.0698790 seconds
128.420: Application time: 0.0005560 seconds
128.486: [GC128.486: [DefNew: 3532K->392K(4288K), 0.0007210 secs] 7984K->6797K(13888K), 0.0007450 secs] [Times: user=0.00 sys=0.00, real=0.00 secs] 
128.486: Total time for which application threads were stopped: 0.0658530 seconds, Stopping threads took: 0.0650410 seconds
128.487: Application time: 0.0004080 seconds
128.487: [GC128.487: [DefNew: 4211K->4211K(4288K), 0.0000060 secs]128.487: [Tenured: 6405K->7451K(9600K), 0.0066530 secs] 10617K->7451K(13888K), [Perm : 5109K->5109K(21248K)], 0.0066990 secs] [Times: user=0.00 sys=0.00, real=0.01 secs] 
128.494: Total time for which application threads were stopped: 0.0070790 seconds, Stopping threads took: 0.0003040 seconds
128.566: Application time: 0.0716940 seconds
128.568: [GC128.568: [DefNew: 3825K->3825K(4288K), 0.0000090 secs]128.568: [Tenured: 7451K->2665K(9600K), 0.0046130 secs] 11276K->2665K(13888K), [Perm : 5109K->5109K(21248K)], 0.0046680 secs] [Times: user=0.01 sys=0.00, real=0.01 secs] 
128.573: Total time for which application threads were stopped: 0.0071150 seconds, Stopping threads took: 0.0023920 seconds
128.573: Application time: 0.0005450 seconds
128.607: [GC128.607: [DefNew: 3825K->391K(4288K), 0.0008340 secs] 6491K->6182K(13888K), 0.0008520 secs] [Times: user=0.00 sys=0.00, real=0.00 secs] 
128.608: Total time for which application threads were stopped: 0.0344260 seconds, Stopping threads took: 0.0335110 seconds
128.608: Application time: 0.0007120 seconds
128.665: [GC128.665: [DefNew: 4212K->4212K(4288K), 0.0000060 secs]128.665: [Tenured: 5791K->5987K(9600K), 0.0059090 secs] 10003K->5987K(13888K), [Perm : 5109K->5109K(21248K)], 0.0059570 secs] [Times: user=0.00 sys=0.00, real=0.00 secs] 
128.671: Total time for which application threads were stopped: 0.0627330 seconds, Stopping threads took: 0.0567000 seconds
128.672: Application time: 0.0009880 seconds
128.742: [GC128.742: [DefNew: 3825K->3825K(4288K), 0.0000080 secs]128.742: [Tenured: 5987K->4423K(9600K), 0.0056350 secs] 9812K->4423K(13888K), [Perm : 5109K->5109K(21248K)], 0.0056870 secs] [Times: user=0.00 sys=0.00, real=0.01 secs] 
128.747: Total time for which application threads were stopped: 0.0752270 seconds, Stopping threads took: 0.0694500 seconds
128.748: Application time: 0.0007260 seconds
128.801: [GC128.801: [DefNew: 3708K->420K(4288K), 0.0010340 secs] 8132K->7969K(13888K), 0.0010640 secs] [Times: user=0.00 sys=0.00, real=0.00 secs] 
128.802: Total time for which application threads were stopped: 0.0536400 seconds, Stopping threads took: 0.0525180 seconds
128.802: Application time: 0.0003890 seconds
128.872: [GC128.872: [DefNew: 4148K->4148K(4288K), 0.0000100 secs]128.872: [Tenured: 7549K->4228K(9600K), 0.0063850 secs] 11697K->4228K(13888K), [Perm : 5109K->5109K(21248K)], 0.0064380 secs] [Times: user=0.00 sys=0.00, real=0.01 secs] 
128.879: Total time for which application threads were stopped: 0.0766770 seconds, Stopping threads took: 0.0701780 seconds
128.879: Application time: 0.0005650 seconds
128.913: [GC128.913: [DefNew: 3528K->391K(4288K), 0.0008690 secs] 7756K->7647K(13888K), 0.0008910 secs] [Times: user=0.00 sys=0.00, real=0.00 secs] 
128.914: Total time for which application threads were stopped: 0.0343770 seconds, Stopping threads took: 0.0334190 seconds
128.985: Application time: 0.0708440 seconds
128.988: [GC128.988: [DefNew: 4021K->4021K(4288K), 0.0000090 secs]128.988: [Tenured: 7256K->1689K(9600K), 0.0056470 secs] 11277K->1689K(13888K), [Perm : 5109K->5109K(21248K)], 0.0057000 secs] [Times: user=0.00 sys=0.00, real=0.01 secs] 
128.994: Total time for which application threads were stopped: 0.0093620 seconds, Stopping threads took: 0.0035830 seconds
128.995: Application time: 0.0006460 seconds
128.995: [GC128.995: [DefNew: 3804K->420K(4288K), 0.0008810 secs] 5493K->5431K(13888K), 0.0008990 secs] [Times: user=0.00 sys=0.00, real=0.00 secs] 
128.996: Total time for which application threads were stopped: 0.0013280 seconds, Stopping threads took: 0.0003690 seconds
128.997: Application time: 0.0013830 seconds
129.067: [GC129.067: [DefNew: 4243K->293K(4288K), 0.0005900 secs] 9254K->6896K(13888K), 0.0006130 secs] [Times: user=0.00 sys=0.00, real=0.00 secs] 
129.067: Total time for which application threads were stopped: 0.0701090 seconds, Stopping threads took: 0.0694330 seconds
129.068: Application time: 0.0007360 seconds
129.125: [GC129.125: [DefNew: 4118K->4118K(4288K), 0.0000080 secs]129.125: [Tenured: 6603K->4452K(9600K), 0.0063630 secs] 10721K->4452K(13888K), [Perm : 5109K->5109K(21248K)], 0.0064080 secs] [Times: user=0.01 sys=0.00, real=0.00 secs] 
129.132: Total time for which application threads were stopped: 0.0634350 seconds, Stopping threads took: 0.0569750 seconds
129.132: Application time: 0.0007070 seconds
129.198: [GC129.198: [DefNew: 3805K->420K(4288K), 0.0007580 secs] 8258K->7021K(13888K), 0.0007850 secs] [Times: user=0.00 sys=0.00, real=0.00 secs] 
129.198: Total time for which application threads were stopped: 0.0661150 seconds, Stopping threads took: 0.0652730 seconds
129.199: Application time: 0.0004040 seconds
129.250: [GC129.250: [DefNew: 4245K->4245K(4288K), 0.0000070 secs]129.250: [Tenured: 6601K->4481K(9600K), 0.0055420 secs] 10847K->4481K(13888K), [Perm : 5109K->5109K(21248K)], 0.0055850 secs] [Times: user=0.01 sys=0.00, real=0.01 secs] 
129.256: Total time for which application threads were stopped: 0.0570090 seconds, Stopping threads took: 0.0513530 seconds
129.256: Application time: 0.0005690 seconds
129.307: [GC129.307: [DefNew: 3823K->391K(4288K), 0.0008570 secs] 8304K->7705K(13888K), 0.0008820 secs] [Times: user=0.00 sys=0.00, real=0.00 secs] 
129.308: Total time for which application threads were stopped: 0.0515450 seconds, Stopping threads took: 0.0505890 seconds
129.309: Application time: 0.0012270 seconds
129.380: [GC129.380: [DefNew: 4197K->4197K(4288K), 0.0000090 secs]129.380: [Tenured: 7313K->2275K(9600K), 0.0052800 secs] 11511K->2275K(13888K), [Perm : 5109K->5109K(21248K)], 0.0053300 secs] [Times: user=0.00 sys=0.00, real=0.01 secs] 
129.385: Total time for which application threads were stopped: 0.0761010 seconds, Stopping threads took: 0.0707070 seconds
129.386: Application time: 0.0006580 seconds
129.432: [GC129.432: [DefNew: 3630K->392K(4288K), 0.0009220 secs] 5906K->5793K(13888K), 0.0009540 secs] [Times: user=0.00 sys=0.00, real=0.00 secs] 
129.433: Total time for which application threads were stopped: 0.0475630 seconds, Stopping threads took: 0.0465430 seconds
129.434: Application time: 0.0005820 seconds
129.467: [GC129.467: [DefNew: 4094K->419K(4288K), 0.0007920 secs] 9495K->8459K(13888K), 0.0008150 secs] [Times: user=0.00 sys=0.00, real=0.00 secs] 
129.468: Total time for which application threads were stopped: 0.0339810 seconds, Stopping threads took: 0.0331000 seconds
129.540: Application time: 0.0723960 seconds
129.542: [GC129.542: [DefNew: 4244K->4244K(4288K), 0.0000100 secs]129.542: [Tenured: 8039K->1524K(9600K), 0.0057660 secs] 12284K->1524K(13888K), [Perm : 5109K->5109K(21248K)], 0.0058150 secs] [Times: user=0.00 sys=0.00, real=0.01 secs] 
129.548: Total time for which application threads were stopped: 0.0075790 seconds, Stopping threads took: 0.0016860 seconds
129.549: Application time: 0.0005700 seconds
129.549: [GC129.549: [DefNew: 3727K->392K(4288K), 0.0008860 secs] 5252K->5237K(13888K), 0.0009090 secs] [Times: user=0.00 sys=0.00, real=0.00 secs] 
129.550: Total time for which application threads were stopped: 0.0012870 seconds, Stopping threads took: 0.0003120 seconds
129.551: Application time: 0.0010500 seconds
129.616: [GC129.616: [DefNew: 4217K->391K(4288K), 0.0005230 secs] 9062K->6507K(13888K), 0.0005460 secs] [Times: user=0.00 sys=0.00, real=0.00 secs] 
129.616: Total time for which application threads were stopped: 0.0654030 seconds, Stopping threads took: 0.0647850 seconds
129.617: Application time: 0.0004080 seconds
129.687: [GC129.687: [DefNew: 4021K->4021K(4288K), 0.0000070 secs]129.687: [Tenured: 6116K->4260K(9600K), 0.0055390 secs] 10137K->4260K(13888K), [Perm : 5109K->5109K(21248K)], 0.0055850 secs] [Times: user=0.00 sys=0.00, real=0.01 secs] 
129.692: Total time for which application threads were stopped: 0.0757760 seconds, Stopping threads took: 0.0701280 seconds
129.693: Application time: 0.0006930 seconds
129.727: [GC129.727: [DefNew: 3688K->440K(4288K), 0.0007800 secs] 7949K->7248K(13888K), 0.0008020 secs] [Times: user=0.00 sys=0.00, real=0.00 secs] 
129.727: Total time for which application threads were stopped: 0.0342310 seconds, Stopping threads took: 0.0333610 seconds
129.728: Application time: 0.0005470 seconds
129.793: [GC129.793: [DefNew: 4266K->4266K(4288K), 0.0000080 secs]129.793: [Tenured: 6807K->5197K(9600K), 0.0060770 secs] 11073K->5197K(13888K), [Perm : 5109K->5109K(21248K)], 0.0061260 secs] [Times: user=0.00 sys=0.00, real=0.00 secs] 
129.799: Total time for which application threads were stopped: 0.0714230 seconds, Stopping threads took: 0.0652200 seconds
129.800: Application time: 0.0009220 seconds
129.870: [GC129.870: [DefNew: 3825K->391K(4288K), 0.0010530 secs] 9022K->8324K(13888K), 0.0010860 secs] [Times: user=0.00 sys=0.00, real=0.00 secs] 
129.871: Total time for which application threads were stopped: 0.0708350 seconds, Stopping threads took: 0.0696610 seconds
129.872: Application time: 0.0004930 seconds
129.937: [GC129.937: [DefNew: 3924K->3924K(4288K), 0.0000080 secs]129.937: [Tenured: 7932K->3643K(9600K), 0.0062270 secs] 11856K->3643K(13888K), [Perm : 5109K->5109K(21248K)], 0.0062740 secs] [Times: user=0.00 sys=0.00, real=0.00 secs] 
129.944: Total time for which application threads were stopped: 0.0718940 seconds, Stopping threads took: 0.0655460 seconds
129.944: Application time: 0.0005110 seconds
129.944: [GC129.944: [DefNew: 3819K->391K(4288K), 0.0009020 secs] 7462K->7452K(13888K), 0.0009270 secs] [Times: user=0.00 sys=0.00, real=0.00 secs] 
129.945: Total time for which application threads were stopped: 0.0012240 seconds, Stopping threads took: 0.0002510 seconds
130.018: Application time: 0.0727780 seconds
130.052: [GC130.052: [DefNew: 4119K->4119K(4288K), 0.0000100 secs]130.052: [Tenured: 7061K->1495K(9600K), 0.0050520 secs] 11180K->1495K(13888K), [Perm : 5109K->5109K(21248K)], 0.0051060 secs] [Times: user=0.01 sys=0.00, real=0.01 secs] 
130.057: Total time for which application threads were stopped: 0.0387130 seconds, Stopping threads took: 0.0335320 seconds
130.057: Application time: 0.0006720 seconds
130.058: [GC130.058: [DefNew: 3806K->420K(4288K), 0.0008620 secs] 5301K->5236K(13888K), 0.0008790 secs] [Times: user=0.00 sys=0.00, real=0.00 secs] 
130.059: Total time for which application threads were stopped: 0.0011880 seconds, Stopping threads took: 0.0002610 seconds
130.060: Application time: 0.0008780 seconds
130.111: [GC130.111: [DefNew: 4241K->391K(4288K), 0.0008250 secs] 9057K->7776K(13888K), 0.0008470 secs] [Times: user=0.00 sys=0.00, real=0.00 secs] 
130.112: Total time for which application threads were stopped: 0.0522570 seconds, Stopping threads took: 0.0513480 seconds
130.113: Application time: 0.0009740 seconds
130.183: [GC130.183: [DefNew: 4216K->4216K(4288K), 0.0000090 secs]130.183: [Tenured: 7385K->3183K(9600K), 0.0053510 secs] 11601K->3183K(13888K), [Perm : 5109K->5109K(21248K)], 0.0054000 secs] [Times: user=0.00 sys=0.00, real=0.01 secs] 
130.189: Total time for which application threads were stopped: 0.0759480 seconds, Stopping threads took: 0.0704840 seconds
130.189: Application time: 0.0006140 seconds
130.236: [GC130.236: [DefNew: 3825K->392K(4288K), 0.0009130 secs] 7008K->6700K(13888K), 0.0009370 secs] [Times: user=0.00 sys=0.00, real=0.00 secs] 
130.237: Total time for which application threads were stopped: 0.0476450 seconds, Stopping threads took: 0.0466520 seconds
130.237: Application time: 0.0004670 seconds
130.270: [GC130.270: [DefNew: 4213K->4213K(4288K), 0.0000060 secs]130.270: [Tenured: 6308K->7578K(9600K), 0.0062930 secs] 10521K->7578K(13888K), [Perm : 5109K->5109K(21248K)], 0.0063390 secs] [Times: user=0.01 sys=0.00, real=0.01 secs] 
130.277: Total time for which application threads were stopped: 0.0393090 seconds, Stopping threads took: 0.0328940 seconds
130.348: Application time: 0.0715040 seconds
130.352: [GC130.352: [DefNew: 3727K->3727K(4288K), 0.0000090 secs]130.352: [Tenured: 7578K->2666K(9600K), 0.0046800 secs] 11306K->2666K(13888K), [Perm : 5109K->5109K(21248K)], 0.0047340 secs] [Times: user=0.00 sys=0.00, real=0.01 secs] 
130.357: Total time for which application threads were stopped: 0.0084690 seconds, Stopping threads took: 0.0036560 seconds
130.357: Application time: 0.0005660 seconds
130.390: [GC130.390: [DefNew: 3823K->392K(4288K), 0.0008290 secs] 6489K->6183K(13888K), 0.0008470 secs] [Times: user=0.01 sys=0.00, real=0.00 secs] 
130.391: Total time for which application threads were stopped: 0.0339510 seconds, Stopping threads took: 0.0330360 seconds
130.392: Application time: 0.0004550 seconds
130.455: [GC130.455: [DefNew: 4215K->4215K(4288K), 0.0000070 secs]130.455: [Tenured: 5791K->4914K(9600K), 0.0050460 secs] 10006K->4914K(13888K), [Perm : 5109K->5109K(21248K)], 0.0050940 secs] [Times: user=0.01 sys=0.00, real=0.00 secs] 
130.460: Total time for which application threads were stopped: 0.0679760 seconds, Stopping threads took: 0.0628150 seconds
130.461: Application time: 0.0008270 seconds
130.523: [GC130.524: [DefNew: 3825K->391K(4288K), 0.0009410 secs] 8739K->8040K(13888K), 0.0009690 secs] [Times: user=0.00 sys=0.00, real=0.01 secs] 
130.524: Total time for which application threads were stopped: 0.0639670 seconds, Stopping threads took: 0.0629290 seconds
130.525: Application time: 0.0004060 seconds
130.580: [GC130.580: [DefNew: 3924K->3924K(4288K), 0.0000070 secs]130.580: [Tenured: 7648K->3643K(9600K), 0.0056350 secs] 11573K->3643K(13888K), [Perm : 5109K->5109K(21248K)], 0.0056830 secs] [Times: user=0.00 sys=0.00, real=0.01 secs] 
130.585: Total time for which application threads were stopped: 0.0605660 seconds, Stopping threads took: 0.0548070 seconds
130.586: Application time: 0.0004200 seconds
130.586: [GC130.586: [DefNew: 3723K->391K(4288K), 0.0008580 secs] 7366K->7355K(13888K), 0.0008760 secs] [Times: user=0.00 sys=0.00, real=0.00 secs] 
130.587: Total time for which application threads were stopped: 0.0013960 seconds, Stopping threads took: 0.0004590 seconds
130.659: Application time: 0.0717950 seconds
130.661: [GC130.661: [DefNew: 4099K->4099K(4288K), 0.0000090 secs]130.661: [Tenured: 6963K->2402K(9600K), 0.0051990 secs] 11063K->2402K(13888K), [Perm : 5109K->5109K(21248K)], 0.0052590 secs] [Times: user=0.00 sys=0.00, real=0.01 secs] 
130.667: Total time for which application threads were stopped: 0.0076460 seconds, Stopping threads took: 0.0023300 seconds
130.667: Application time: 0.0005010 seconds
130.701: [GC130.701: [DefNew: 3727K->392K(4288K), 0.0008780 secs] 6130K->6115K(13888K), 0.0008990 secs] [Times: user=0.01 sys=0.00, real=0.00 secs] 
130.702: Total time for which application threads were stopped: 0.0350070 seconds, Stopping threads took: 0.0340460 seconds
130.703: Application time: 0.0005100 seconds
130.736: [GC130.736: [DefNew: 4215K->4215K(4288K), 0.0000060 secs]130.736: [Tenured: 5722K->7744K(9600K), 0.0062720 secs] 9938K->7744K(13888K), [Perm : 5109K->5109K(21248K)], 0.0063170 secs] [Times: user=0.01 sys=0.00, real=0.00 secs] 
130.742: Total time for which application threads were stopped: 0.0393730 seconds, Stopping threads took: 0.0330030 seconds
130.814: Application time: 0.0713990 seconds
130.815: [GC130.815: [DefNew: 3727K->3727K(4288K), 0.0000090 secs]130.815: [Tenured: 7744K->2862K(9600K), 0.0053380 secs] 11472K->2862K(13888K), [Perm : 5109K->5109K(21248K)], 0.0053920 secs] [Times: user=0.00 sys=0.00, real=0.00 secs] 
130.821: Total time for which application threads were stopped: 0.0069950 seconds, Stopping threads took: 0.0015230 seconds
130.821: Application time: 0.0005580 seconds
130.869: [GC130.869: [DefNew: 3823K->391K(4288K), 0.0010710 secs] 6685K->6378K(13888K), 0.0016140 secs] [Times: user=0.00 sys=0.00, real=0.00 secs] 
130.870: Total time for which application threads were stopped: 0.0492180 seconds, Stopping threads took: 0.0475300 seconds
130.871: Application time: 0.0009570 seconds
130.942: [GC130.942: [DefNew: 4099K->4099K(4288K), 0.0000080 secs]130.942: [Tenured: 5987K->1720K(9600K), 0.0049800 secs] 10087K->1720K(13888K), [Perm : 5109K->5109K(21248K)], 0.0050310 secs] [Times: user=0.00 sys=0.00, real=0.01 secs] 
130.947: Total time for which application threads were stopped: 0.0757980 seconds, Stopping threads took: 0.0706920 seconds
130.948: Application time: 0.0006370 seconds
130.948: [GC130.948: [DefNew: 3725K->392K(4288K), 0.0008730 secs] 5445K->5432K(13888K), 0.0008910 secs] [Times: user=0.00 sys=0.00, real=0.00 secs] 
130.949: Total time for which application threads were stopped: 0.0011550 seconds, Stopping threads took: 0.0002060 seconds
130.950: Application time: 0.0012590 seconds
131.016: [GC131.016: [DefNew: 4213K->293K(4288K), 0.0006230 secs] 9253K->7093K(13888K), 0.0006470 secs] [Times: user=0.00 sys=0.00, real=0.00 secs] 
131.017: Total time for which application threads were stopped: 0.0666490 seconds, Stopping threads took: 0.0659390 seconds
131.018: Application time: 0.0008780 seconds
131.076: [GC131.076: [DefNew: 4118K->4118K(4288K), 0.0000070 secs]131.076: [Tenured: 6800K->4455K(9600K), 0.0063410 secs] 10919K->4455K(13888K), [Perm : 5109K->5109K(21248K)], 0.0063870 secs] [Times: user=0.00 sys=0.00, real=0.00 secs] 
131.082: Total time for which application threads were stopped: 0.0644690 seconds, Stopping threads took: 0.0580070 seconds
131.083: Application time: 0.0007520 seconds
131.153: [GC131.153: [DefNew: 3805K->420K(4288K), 0.0007870 secs] 8261K->7024K(13888K), 0.0008130 secs] [Times: user=0.00 sys=0.00, real=0.00 secs] 
131.154: Total time for which application threads were stopped: 0.0709170 seconds, Stopping threads took: 0.0700340 seconds
131.154: Application time: 0.0003790 seconds
131.188: [GC131.188: [DefNew: 4245K->4245K(4288K), 0.0000070 secs]131.188: [Tenured: 6604K->4424K(9600K), 0.0057640 secs] 10850K->4424K(13888K), [Perm : 5109K->5109K(21248K)], 0.0058070 secs] [Times: user=0.01 sys=0.00, real=0.01 secs] 
131.193: Total time for which application threads were stopped: 0.0392140 seconds, Stopping threads took: 0.0333340 seconds
131.194: Application time: 0.0006240 seconds
131.227: [GC131.227: [DefNew: 3721K->391K(4288K), 0.0008340 secs] 8146K->7843K(13888K), 0.0008650 secs] [Times: user=0.00 sys=0.00, real=0.00 secs] 
131.228: Total time for which application threads were stopped: 0.0342510 seconds, Stopping threads took: 0.0333400 seconds
131.301: Application time: 0.0726820 seconds
131.302: [GC131.302: [DefNew: 4071K->4071K(4288K), 0.0000090 secs]131.302: [Tenured: 7452K->2129K(9600K), 0.0058750 secs] 11523K->2129K(13888K), [Perm : 5109K->5109K(21248K)], 0.0059250 secs] [Times: user=0.01 sys=0.01, real=0.01 secs] 
131.308: Total time for which application threads were stopped: 0.0066050 seconds, Stopping threads took: 0.0006010 seconds
131.308: Application time: 0.0005740 seconds
131.341: [GC131.342: [DefNew: 3658K->420K(4288K), 0.0008640 secs] 5787K->5479K(13888K), 0.0008870 secs] [Times: user=0.00 sys=0.00, real=0.00 secs] 
131.342: Total time for which application threads were stopped: 0.0342760 seconds, Stopping threads took: 0.0333220 seconds
131.343: Application time: 0.0008650 seconds
131.377: [GC131.377: [DefNew: 4237K->293K(4288K), 0.0006420 secs] 9296K->7531K(13888K), 0.0006630 secs] [Times: user=0.00 sys=0.00, real=0.00 secs] 
131.378: Total time for which application threads were stopped: 0.0343310 seconds, Stopping threads took: 0.0336170 seconds
131.451: Application time: 0.0730500 seconds
131.452: [GC131.452: [DefNew: 3985K->3985K(4288K), 0.0000090 secs]131.452: [Tenured: 7237K->1340K(9600K), 0.0057240 secs] 11223K->1340K(13888K), [Perm : 5109K->5109K(21248K)], 0.0057740 secs] [Times: user=0.01 sys=0.00, real=0.01 secs] 
131.457: Total time for which application threads were stopped: 0.0066930 seconds, Stopping threads took: 0.0008350 seconds
131.458: Application time: 0.0005840 seconds
131.458: [GC131.458: [DefNew: 3773K->440K(4288K), 0.0009060 secs] 5114K->5102K(13888K), 0.0009220 secs] [Times: user=0.01 sys=0.00, real=0.00 secs] 
131.459: Total time for which application threads were stopped: 0.0013540 seconds, Stopping threads took: 0.0003730 seconds
131.460: Application time: 0.0005490 seconds
131.493: [GC131.493: [DefNew: 4208K->419K(4288K), 0.0009590 secs] 8869K->8223K(13888K), 0.0009800 secs] [Times: user=0.00 sys=0.00, real=0.00 secs] 
131.494: Total time for which application threads were stopped: 0.0342940 seconds, Stopping threads took: 0.0332510 seconds
131.566: Application time: 0.0722130 seconds
131.568: [GC131.568: [DefNew: 4225K->4225K(4288K), 0.0000100 secs]131.568: [Tenured: 7803K->1806K(9600K), 0.0050970 secs] 12029K->1806K(13888K), [Perm : 5109K->5109K(21248K)], 0.0051590 secs] [Times: user=0.00 sys=0.00, real=0.01 secs] 
131.573: Total time for which application threads were stopped: 0.0064850 seconds, Stopping threads took: 0.0012600 seconds
131.573: Application time: 0.0005660 seconds
131.574: [GC131.574: [DefNew: 3727K->392K(4288K), 0.0008690 secs] 5533K->5518K(13584K), 0.0008900 secs] [Times: user=0.00 sys=0.00, real=0.00 secs] 
131.575: Total time for which application threads were stopped: 0.0012040 seconds, Stopping threads took: 0.0002470 seconds
131.575: Application time: 0.0006190 seconds
131.645: [GC131.645: [DefNew: 4217K->293K(4288K), 0.0008940 secs] 9343K->8156K(13584K), 0.0009200 secs] [Times: user=0.00 sys=0.00, real=0.00 secs] 
131.646: Total time for which application threads were stopped: 0.0708430 seconds, Stopping threads took: 0.0698560 seconds
131.647: Application time: 0.0007870 seconds
131.717: [GC131.717: [DefNew: 4118K->4118K(4288K), 0.0000070 secs]131.717: [Tenured: 7862K->4424K(9296K), 0.0058300 secs] 11981K->4424K(13584K), [Perm : 5109K->5109K(21248K)], 0.0058820 secs] [Times: user=0.01 sys=0.00, real=0.00 secs] 
131.723: Total time for which application threads were stopped: 0.0756820 seconds, Stopping threads took: 0.0697230 seconds
131.723: Application time: 0.0004950 seconds
131.789: [GC131.789: [DefNew: 3532K->392K(4288K), 0.0007180 secs] 7957K->6770K(13584K), 0.0007420 secs] [Times: user=0.00 sys=0.00, real=0.00 secs] 
131.790: Total time for which application threads were stopped: 0.0665680 seconds, Stopping threads took: 0.0657560 seconds
131.790: Application time: 0.0003770 seconds
131.790: [GC131.791: [DefNew: 4211K->4211K(4288K), 0.0000050 secs]131.791: [Tenured: 6378K->7452K(9296K), 0.0067230 secs] 10589K->7452K(13584K), [Perm : 5109K->5109K(21248K)], 0.0067840 secs] [Times: user=0.01 sys=0.00, real=0.01 secs] 
131.797: Total time for which application threads were stopped: 0.0073010 seconds, Stopping threads took: 0.0004450 seconds
131.869: Application time: 0.0715590 seconds
131.875: [GC131.875: [DefNew: 3825K->3825K(4288K), 0.0000100 secs]131.875: [Tenured: 7452K->2667K(9600K), 0.0047890 secs] 11277K->2667K(13888K), [Perm : 5109K->5109K(21248K)], 0.0048450 secs] [Times: user=0.01 sys=0.00, real=0.00 secs] 
131.880: Total time for which application threads were stopped: 0.0109910 seconds, Stopping threads took: 0.0060650 seconds
131.880: Application time: 0.0005740 seconds
131.926: [GC131.926: [DefNew: 3825K->392K(4288K), 0.0008860 secs] 6492K->6379K(13888K), 0.0009060 secs] [Times: user=0.00 sys=0.00, real=0.00 secs] 
131.927: Total time for which application threads were stopped: 0.0464260 seconds, Stopping threads took: 0.0454590 seconds
131.928: Application time: 0.0010490 seconds
131.961: [GC131.961: [DefNew: 4213K->4213K(4288K), 0.0000070 secs]131.961: [Tenured: 5987K->7062K(9600K), 0.0064770 secs] 10201K->7062K(13888K), [Perm : 5109K->5109K(21248K)], 0.0065250 secs] [Times: user=0.00 sys=0.00, real=0.01 secs] 
131.967: Total time for which application threads were stopped: 0.0393150 seconds, Stopping threads took: 0.0327280 seconds
132.039: Application time: 0.0717020 seconds
132.042: [GC132.042: [DefNew: 3833K->3833K(4288K), 0.0000090 secs]132.042: [Tenured: 7062K->2260K(9600K), 0.0052280 secs] 10896K->2260K(13888K), [Perm : 5109K->5109K(21248K)], 0.0052800 secs] [Times: user=0.00 sys=0.00, real=0.01 secs] 
132.047: Total time for which application threads were stopped: 0.0084150 seconds, Stopping threads took: 0.0030550 seconds
132.048: Application time: 0.0005450 seconds
132.081: [GC132.081: [DefNew: 3698K->420K(4288K), 0.0007990 secs] 5958K->5610K(13888K), 0.0008180 secs] [Times: user=0.00 sys=0.00, real=0.00 secs] 
132.082: Total time for which application threads were stopped: 0.0339670 seconds, Stopping threads took: 0.0330880 seconds
132.083: Application time: 0.0006740 seconds
132.116: [GC132.116: [DefNew: 4241K->390K(4288K), 0.0010590 secs] 9431K->9126K(13888K), 0.0010840 secs] [Times: user=0.00 sys=0.00, real=0.00 secs] 
132.117: Total time for which application threads were stopped: 0.0343410 seconds, Stopping threads took: 0.0331890 seconds
132.189: Application time: 0.0721820 seconds
132.191: [GC132.191: [DefNew: 3923K->3923K(4288K), 0.0000100 secs]132.191: [Tenured: 8735K->2475K(9600K), 0.0054960 secs] 12659K->2475K(13888K), [Perm : 5109K->5109K(21248K)], 0.0055490 secs] [Times: user=0.00 sys=0.00, real=0.01 secs] 
132.196: Total time for which application threads were stopped: 0.0070840 seconds, Stopping threads took: 0.0014580 seconds
132.197: Application time: 0.0006090 seconds
132.231: [GC132.231: [DefNew: 3823K->392K(4288K), 0.0008810 secs] 6299K->5993K(13888K), 0.0009050 secs] [Times: user=0.00 sys=0.00, real=0.00 secs] 
132.232: Total time for which application threads were stopped: 0.0350180 seconds, Stopping threads took: 0.0340460 seconds
132.233: Application time: 0.0007270 seconds
132.282: [GC132.282: [DefNew: 4213K->4213K(4288K), 0.0000070 secs]132.282: [Tenured: 5601K->5796K(9600K), 0.0063190 secs] 9814K->5796K(13888K), [Perm : 5109K->5109K(21248K)], 0.0063690 secs] [Times: user=0.00 sys=0.00, real=0.01 secs] 
132.288: Total time for which application threads were stopped: 0.0554810 seconds, Stopping threads took: 0.0490350 seconds
132.289: Application time: 0.0009230 seconds
132.356: [GC132.356: [DefNew: 3825K->3825K(4288K), 0.0000090 secs]132.356: [Tenured: 5796K->4234K(9600K), 0.0061430 secs] 9622K->4234K(13888K), [Perm : 5109K->5109K(21248K)], 0.0061920 secs] [Times: user=0.00 sys=0.00, real=0.00 secs] 
132.362: Total time for which application threads were stopped: 0.0728470 seconds, Stopping threads took: 0.0665780 seconds
132.362: Application time: 0.0006900 seconds
132.396: [GC132.396: [DefNew: 3825K->392K(4288K), 0.0009520 secs] 8059K->7751K(13888K), 0.0009880 secs] [Times: user=0.00 sys=0.00, real=0.00 secs] 
132.397: Total time for which application threads were stopped: 0.0344880 seconds, Stopping threads took: 0.0334400 seconds
132.398: Application time: 0.0005990 seconds
132.431: [GC132.431: [DefNew: 4215K->4215K(4288K), 0.0000070 secs]132.431: [Tenured: 7359K->5401K(9600K), 0.0059540 secs] 11574K->5401K(13888K), [Perm : 5109K->5109K(21248K)], 0.0060010 secs] [Times: user=0.01 sys=0.00, real=0.01 secs] 
132.437: Total time for which application threads were stopped: 0.0392160 seconds, Stopping threads took: 0.0331370 seconds
132.438: Application time: 0.0009180 seconds
132.504: [GC132.504: [DefNew: 3825K->391K(4288K), 0.0008380 secs] 9226K->7941K(13888K), 0.0008700 secs] [Times: user=0.00 sys=0.00, real=0.01 secs] 
132.505: Total time for which application threads were stopped: 0.0671430 seconds, Stopping threads took: 0.0661910 seconds
132.505: Application time: 0.0004250 seconds
132.556: [GC132.556: [DefNew: 4217K->4217K(4288K), 0.0000070 secs]132.556: [Tenured: 7550K->4424K(9600K), 0.0063540 secs] 11767K->4424K(13888K), [Perm : 5109K->5109K(21248K)], 0.0063970 secs] [Times: user=0.00 sys=0.00, real=0.00 secs] 
132.563: Total time for which application threads were stopped: 0.0573380 seconds, Stopping threads took: 0.0508700 seconds
132.563: Application time: 0.0004860 seconds
132.597: [GC132.597: [DefNew: 3823K->391K(4288K), 0.0008570 secs] 8248K->7941K(13888K), 0.0008800 secs] [Times: user=0.00 sys=0.00, real=0.00 secs] 
132.598: Total time for which application threads were stopped: 0.0349910 seconds, Stopping threads took: 0.0340450 seconds
132.672: Application time: 0.0736230 seconds
132.674: [GC132.674: [DefNew: 4119K->4119K(4288K), 0.0000100 secs]132.674: [Tenured: 7550K->2277K(9600K), 0.0058780 secs] 11669K->2277K(13888K), [Perm : 5109K->5109K(21248K)], 0.0059320 secs] [Times: user=0.01 sys=0.00, real=0.00 secs] 
132.680: Total time for which application threads were stopped: 0.0080840 seconds, Stopping threads took: 0.0020730 seconds
132.680: Application time: 0.0006580 seconds
132.714: [GC132.714: [DefNew: 3708K->420K(4288K), 0.0008380 secs] 5985K->5627K(13888K), 0.0008580 secs] [Times: user=0.00 sys=0.00, real=0.00 secs] 
132.715: Total time for which application threads were stopped: 0.0341560 seconds, Stopping threads took: 0.0332360 seconds
132.715: Application time: 0.0007560 seconds
132.771: [GC132.771: [DefNew: 4243K->391K(4288K), 0.0008220 secs] 9450K->8167K(13888K), 0.0008440 secs] [Times: user=0.00 sys=0.00, real=0.00 secs] 
132.771: Total time for which application threads were stopped: 0.0560520 seconds, Stopping threads took: 0.0551440 seconds
132.772: Application time: 0.0007750 seconds
132.842: [GC132.842: [DefNew: 4216K->4216K(4288K), 0.0000140 secs]132.842: [Tenured: 7776K->3867K(9600K), 0.0054810 secs] 11992K->3867K(13888K), [Perm : 5109K->5109K(21248K)], 0.0055490 secs] [Times: user=0.00 sys=0.00, real=0.01 secs] 
132.848: Total time for which application threads were stopped: 0.0755400 seconds, Stopping threads took: 0.0699210 seconds
132.848: Application time: 0.0005130 seconds
132.882: [GC132.882: [DefNew: 3825K->392K(4288K), 0.0008290 secs] 7693K->6994K(13888K), 0.0008530 secs] [Times: user=0.00 sys=0.00, real=0.00 secs] 
132.883: Total time for which application threads were stopped: 0.0347270 seconds, Stopping threads took: 0.0338090 seconds
132.883: Application time: 0.0003790 seconds
132.917: [GC132.917: [DefNew: 4215K->4215K(4288K), 0.0000060 secs]132.917: [Tenured: 6602K->6085K(9600K), 0.0062500 secs] 10817K->6085K(13888K), [Perm : 5109K->5109K(21248K)], 0.0062940 secs] [Times: user=0.00 sys=0.00, real=0.00 secs] 
132.924: Total time for which application threads were stopped: 0.0402880 seconds, Stopping threads took: 0.0339190 seconds
132.995: Application time: 0.0717540 seconds
132.997: [GC132.998: [DefNew: 3825K->3825K(4288K), 0.0000170 secs]132.998: [Tenured: 6085K->1300K(9600K), 0.0052860 secs] 9910K->1300K(13888K), [Perm : 5109K->5109K(21248K)], 0.0053460 secs] [Times: user=0.00 sys=0.00, real=0.00 secs] 
133.003: Total time for which application threads were stopped: 0.0074670 seconds, Stopping threads took: 0.0020440 seconds
133.004: Application time: 0.0006620 seconds
133.004: [GC133.004: [DefNew: 3689K->441K(4288K), 0.0008720 secs] 4989K->4874K(13888K), 0.0008950 secs] [Times: user=0.00 sys=0.00, real=0.01 secs] 
133.005: Total time for which application threads were stopped: 0.0012790 seconds, Stopping threads took: 0.0003410 seconds
133.006: Application time: 0.0012680 seconds
133.052: [GC133.052: [DefNew: 4262K->390K(4288K), 0.0008240 secs] 8695K->7414K(13888K), 0.0008480 secs] [Times: user=0.00 sys=0.00, real=0.01 secs] 
133.053: Total time for which application threads were stopped: 0.0468400 seconds, Stopping threads took: 0.0459200 seconds
133.054: Application time: 0.0007560 seconds
133.118: [GC133.118: [DefNew: 4216K->4216K(4288K), 0.0000080 secs]133.118: [Tenured: 7023K->3896K(9600K), 0.0061800 secs] 11239K->3896K(13888K), [Perm : 5109K->5109K(21248K)], 0.0062270 secs] [Times: user=0.00 sys=0.00, real=0.00 secs] 
133.124: Total time for which application threads were stopped: 0.0705570 seconds, Stopping threads took: 0.0642520 seconds
133.125: Application time: 0.0006080 seconds
133.190: [GC133.190: [DefNew: 3513K->420K(4288K), 0.0007950 secs] 7409K->6660K(13888K), 0.0008200 secs] [Times: user=0.00 sys=0.00, real=0.00 secs] 
133.191: Total time for which application threads were stopped: 0.0656680 seconds, Stopping threads took: 0.0647800 seconds
133.191: Application time: 0.0005470 seconds
133.237: [GC133.237: [DefNew: 4222K->4222K(4288K), 0.0000070 secs]133.237: [Tenured: 6239K->5711K(9600K), 0.0058060 secs] 10462K->5711K(13888K), [Perm : 5109K->5109K(21248K)], 0.0058490 secs] [Times: user=0.00 sys=0.00, real=0.00 secs] 
133.242: Total time for which application threads were stopped: 0.0514090 seconds, Stopping threads took: 0.0454870 seconds
133.243: Application time: 0.0009690 seconds
133.315: [GC133.315: [DefNew: 3727K->391K(4288K), 0.0005880 secs] 9438K->7275K(13888K), 0.0006180 secs] [Times: user=0.00 sys=0.00, real=0.00 secs] 
133.316: Total time for which application threads were stopped: 0.0721070 seconds, Stopping threads took: 0.0714160 seconds
133.316: Application time: 0.0003740 seconds
133.350: [GC133.350: [DefNew: 4119K->4119K(4288K), 0.0000060 secs]133.350: [Tenured: 6883K->4425K(9600K), 0.0056320 secs] 11002K->4425K(13888K), [Perm : 5109K->5109K(21248K)], 0.0056720 secs] [Times: user=0.01 sys=0.00, real=0.01 secs] 
133.355: Total time for which application threads were stopped: 0.0395450 seconds, Stopping threads took: 0.0338150 seconds
133.356: Application time: 0.0004970 seconds
133.390: [GC133.390: [DefNew: 3805K->419K(4288K), 0.0008460 secs] 8230K->7579K(13888K), 0.0008700 secs] [Times: user=0.00 sys=0.00, real=0.00 secs] 
133.391: Total time for which application threads were stopped: 0.0347700 seconds, Stopping threads took: 0.0338300 seconds
133.392: Application time: 0.0009160 seconds
133.462: [GC133.462: [DefNew: 4245K->4245K(4288K), 0.0000080 secs]133.462: [Tenured: 7159K->3379K(9600K), 0.0054320 secs] 11404K->3379K(13888K), [Perm : 5109K->5109K(21248K)], 0.0054840 secs] [Times: user=0.00 sys=0.00, real=0.01 secs] 
133.467: Total time for which application threads were stopped: 0.0754390 seconds, Stopping threads took: 0.0698750 seconds
133.468: Application time: 0.0005420 seconds
133.502: [GC133.502: [DefNew: 3825K->392K(4288K), 0.0009410 secs] 7205K->7092K(13888K), 0.0009630 secs] [Times: user=0.00 sys=0.00, real=0.00 secs] 
133.503: Total time for which application threads were stopped: 0.0351870 seconds, Stopping threads took: 0.0341570 seconds
133.503: Application time: 0.0006340 seconds
133.574: [GC133.574: [DefNew: 4198K->4198K(4288K), 0.0000080 secs]133.574: [Tenured: 6700K->2333K(9600K), 0.0059560 secs] 10898K->2333K(13888K), [Perm : 5109K->5109K(21248K)], 0.0060030 secs] [Times: user=0.01 sys=0.00, real=0.00 secs] 
133.580: Total time for which application threads were stopped: 0.0764620 seconds, Stopping threads took: 0.0703640 seconds
133.581: Application time: 0.0005800 seconds
133.614: [GC133.614: [DefNew: 3825K->392K(4288K), 0.0008570 secs] 6159K->5851K(13888K), 0.0008790 secs] [Times: user=0.00 sys=0.00, real=0.00 secs] 
133.615: Total time for which application threads were stopped: 0.0340860 seconds, Stopping threads took: 0.0331410 seconds
133.616: Application time: 0.0014320 seconds
133.662: [GC133.662: [DefNew: 4213K->4213K(4288K), 0.0000070 secs]133.662: [Tenured: 5459K->6045K(9600K), 0.0063930 secs] 9672K->6045K(13888K), [Perm : 5109K->5109K(21248K)], 0.0064370 secs] [Times: user=0.01 sys=0.00, real=0.01 secs] 
133.668: Total time for which application threads were stopped: 0.0519550 seconds, Stopping threads took: 0.0454450 seconds
133.669: Application time: 0.0011430 seconds
133.739: [GC133.739: [DefNew: 3727K->3727K(4288K), 0.0000080 secs]133.739: [Tenured: 6045K->3937K(9600K), 0.0062170 secs] 9773K->3937K(13888K), [Perm : 5109K->5109K(21248K)], 0.0062660 secs] [Times: user=0.01 sys=0.00, real=0.01 secs] 
133.745: Total time for which application threads were stopped: 0.0760000 seconds, Stopping threads took: 0.0696560 seconds
133.746: Application time: 0.0005640 seconds
133.808: [GC133.808: [DefNew: 3727K->392K(4288K), 0.0008990 secs] 7665K->7063K(13888K), 0.0009230 secs] [Times: user=0.00 sys=0.00, real=0.00 secs] 
133.809: Total time for which application threads were stopped: 0.0630190 seconds, Stopping threads took: 0.0620270 seconds
133.809: Application time: 0.0005250 seconds
133.843: [GC133.843: [DefNew: 4096K->4096K(4288K), 0.0000080 secs]133.843: [Tenured: 6671K->6992K(9600K), 0.0061510 secs] 10768K->6992K(13888K), [Perm : 5109K->5109K(21248K)], 0.0062020 secs] [Times: user=0.00 sys=0.00, real=0.01 secs] 
133.849: Total time for which application threads were stopped: 0.0396360 seconds, Stopping threads took: 0.0333550 seconds
133.921: Application time: 0.0724030 seconds
133.922: [GC133.922: [DefNew: 3532K->3532K(4288K), 0.0000090 secs]133.922: [Tenured: 6992K->1914K(9600K), 0.0058370 secs] 10525K->1914K(13888K), [Perm : 5109K->5109K(21248K)], 0.0058910 secs] [Times: user=0.01 sys=0.00, real=0.01 secs] 
133.928: Total time for which application threads were stopped: 0.0067710 seconds, Stopping threads took: 0.0008010 seconds
133.929: Application time: 0.0006350 seconds
133.929: [GC133.929: [DefNew: 3823K->392K(4288K), 0.0008770 secs] 5738K->5725K(13888K), 0.0008950 secs] [Times: user=0.00 sys=0.00, real=0.00 secs] 
133.930: Total time for which application threads were stopped: 0.0012540 seconds, Stopping threads took: 0.0003000 seconds
133.932: Application time: 0.0017060 seconds
134.002: [GC134.002: [DefNew: 4215K->391K(4288K), 0.0003690 secs] 9548K->6116K(13888K), 0.0003930 secs] [Times: user=0.00 sys=0.00, real=0.00 secs] 
134.002: Total time for which application threads were stopped: 0.0705060 seconds, Stopping threads took: 0.0700680 seconds
134.003: Application time: 0.0004230 seconds
134.036: [GC134.036: [DefNew: 3923K->3923K(4288K), 0.0000070 secs]134.036: [Tenured: 5725K->4454K(9600K), 0.0062080 secs] 9649K->4454K(13888K), [Perm : 5109K->5109K(21248K)], 0.0062530 secs] [Times: user=0.00 sys=0.01, real=0.00 secs] 
134.043: Total time for which application threads were stopped: 0.0399270 seconds, Stopping threads took: 0.0336230 seconds
134.043: Application time: 0.0005170 seconds
134.076: [GC134.076: [DefNew: 3719K->391K(4288K), 0.0007680 secs] 8173K->7580K(13888K), 0.0007880 secs] [Times: user=0.00 sys=0.00, real=0.00 secs] 
134.077: Total time for which application threads were stopped: 0.0341010 seconds, Stopping threads took: 0.0332640 seconds
134.078: Application time: 0.0007310 seconds
134.148: [GC134.148: [DefNew: 4216K->4216K(4288K), 0.0000090 secs]134.148: [Tenured: 7188K->3351K(9600K), 0.0062160 secs] 11405K->3351K(13888K), [Perm : 5109K->5109K(21248K)], 0.0062670 secs] [Times: user=0.01 sys=0.00, real=0.01 secs] 
134.155: Total time for which application threads were stopped: 0.0766330 seconds, Stopping threads took: 0.0702900 seconds
134.155: Application time: 0.0006180 seconds
134.189: [GC134.189: [DefNew: 3825K->392K(4288K), 0.0009840 secs] 7177K->7064K(13888K), 0.0010160 secs] [Times: user=0.00 sys=0.00, real=0.00 secs] 
134.190: Total time for which application threads were stopped: 0.0347630 seconds, Stopping threads took: 0.0336780 seconds
134.190: Application time: 0.0005570 seconds
134.224: [GC134.224: [DefNew: 4117K->4117K(4288K), 0.0000070 secs]134.224: [Tenured: 6672K->5499K(9600K), 0.0051900 secs] 10789K->5499K(13888K), [Perm : 5109K->5109K(21248K)], 0.0052380 secs] [Times: user=0.00 sys=0.00, real=0.01 secs] 
134.229: Total time for which application threads were stopped: 0.0389350 seconds, Stopping threads took: 0.0336310 seconds
134.230: Application time: 0.0009360 seconds
134.300: [GC134.300: [DefNew: 3825K->391K(4288K), 0.0008720 secs] 9325K->8137K(13888K), 0.0009020 secs] [Times: user=0.00 sys=0.00, real=0.00 secs] 
134.301: Total time for which application threads were stopped: 0.0707210 seconds, Stopping threads took: 0.0697440 seconds
134.302: Application time: 0.0004640 seconds
134.335: [GC134.335: [DefNew: 4119K->4119K(4288K), 0.0000060 secs]134.335: [Tenured: 7746K->4425K(9600K), 0.0057100 secs] 11865K->4425K(13888K), [Perm : 5109K->5109K(21248K)], 0.0057530 secs] [Times: user=0.00 sys=0.00, real=0.00 secs] 
134.341: Total time for which application threads were stopped: 0.0393110 seconds, Stopping threads took: 0.0334840 seconds
134.341: Application time: 0.0004400 seconds
134.388: [GC134.388: [DefNew: 3823K->391K(4288K), 0.0009320 secs] 8248K->7942K(13888K), 0.0009560 secs] [Times: user=0.00 sys=0.00, real=0.00 secs] 
134.389: Total time for which application threads were stopped: 0.0481270 seconds, Stopping threads took: 0.0471060 seconds
134.462: Application time: 0.0723460 seconds
134.463: [GC134.463: [DefNew: 4216K->4216K(4288K), 0.0000100 secs]134.463: [Tenured: 7550K->2766K(9600K), 0.0058410 secs] 11767K->2766K(13888K), [Perm : 5109K->5109K(21248K)], 0.0058930 secs] [Times: user=0.01 sys=0.00, real=0.01 secs] 
134.469: Total time for which application threads were stopped: 0.0074470 seconds, Stopping threads took: 0.0014740 seconds
134.470: Application time: 0.0007160 seconds
134.517: [GC134.517: [DefNew: 3532K->392K(4288K), 0.0008800 secs] 6298K->6283K(13888K), 0.0009030 secs] [Times: user=0.00 sys=0.00, real=0.00 secs] 
134.517: Total time for which application threads were stopped: 0.0475360 seconds, Stopping threads took: 0.0465660 seconds
134.518: Application time: 0.0008030 seconds
134.569: [GC134.569: [DefNew: 4209K->4209K(4288K), 0.0000070 secs]134.569: [Tenured: 5891K->5402K(9600K), 0.0062560 secs] 10100K->5402K(13888K), [Perm : 5109K->5109K(21248K)], 0.0063030 secs] [Times: user=0.00 sys=0.00, real=0.01 secs] 
134.575: Total time for which application threads were stopped: 0.0566410 seconds, Stopping threads took: 0.0502630 seconds
134.576: Application time: 0.0009460 seconds
134.645: [GC134.645: [DefNew: 3825K->391K(4288K), 0.0008180 secs] 9227K->7942K(13888K), 0.0008450 secs] [Times: user=0.00 sys=0.00, real=0.00 secs] 
134.646: Total time for which application threads were stopped: 0.0701710 seconds, Stopping threads took: 0.0692490 seconds
134.646: Application time: 0.0004040 seconds
134.708: [GC134.708: [DefNew: 4217K->4217K(4288K), 0.0000080 secs]134.708: [Tenured: 7550K->4425K(9600K), 0.0056690 secs] 11768K->4425K(13888K), [Perm : 5109K->5109K(21248K)], 0.0057130 secs] [Times: user=0.01 sys=0.00, real=0.01 secs] 
134.714: Total time for which application threads were stopped: 0.0675940 seconds, Stopping threads took: 0.0618030 seconds
134.715: Application time: 0.0005580 seconds
134.715: [GC134.715: [DefNew: 3823K->391K(4288K), 0.0008980 secs] 8248K->8235K(13888K), 0.0009210 secs] [Times: user=0.00 sys=0.00, real=0.00 secs] 
134.716: Total time for which application threads were stopped: 0.0013570 seconds, Stopping threads took: 0.0003900 seconds
134.789: Application time: 0.0734010 seconds
134.790: [GC134.790: [DefNew: 4099K->4099K(4288K), 0.0000100 secs]134.790: [Tenured: 7843K->3281K(9600K), 0.0060430 secs] 11943K->3281K(13888K), [Perm : 5109K->5109K(21248K)], 0.0061170 secs] [Times: user=0.01 sys=0.01, real=0.01 secs] 
134.796: Total time for which application threads were stopped: 0.0069570 seconds, Stopping threads took: 0.0007610 seconds
134.797: Application time: 0.0005310 seconds
134.797: [GC134.797: [DefNew: 3829K->399K(4288K), 0.0008950 secs] 7111K->7099K(13888K), 0.0009120 secs] [Times: user=0.00 sys=0.00, real=0.00 secs] 
134.798: Total time for which application threads were stopped: 0.0014540 seconds, Stopping threads took: 0.0004800 seconds
134.870: Application time: 0.0716120 seconds
134.875: [GC134.875: [DefNew: 4097K->4097K(4288K), 0.0000100 secs]134.875: [Tenured: 6700K->2138K(9600K), 0.0053660 secs] 10797K->2138K(13888K), [Perm : 5109K->5109K(21248K)], 0.0054210 secs] [Times: user=0.01 sys=0.00, real=0.00 secs] 
134.880: Total time for which application threads were stopped: 0.0103790 seconds, Stopping threads took: 0.0048670 seconds
134.881: Application time: 0.0006190 seconds
134.914: [GC134.914: [DefNew: 3825K->392K(4288K), 0.0008580 secs] 5964K->5656K(13888K), 0.0008770 secs] [Times: user=0.00 sys=0.00, real=0.00 secs] 
134.915: Total time for which application threads were stopped: 0.0342390 seconds, Stopping threads took: 0.0333000 seconds
134.916: Application time: 0.0005500 seconds
134.950: [GC134.950: [DefNew: 4098K->419K(4288K), 0.0009100 secs] 9362K->8712K(13888K), 0.0009320 secs] [Times: user=0.00 sys=0.00, real=0.00 secs] 
134.951: Total time for which application threads were stopped: 0.0353510 seconds, Stopping threads took: 0.0343680 seconds
135.023: Application time: 0.0721530 seconds
135.025: [GC135.025: [DefNew: 4244K->4244K(4288K), 0.0000090 secs]135.025: [Tenured: 8293K->1496K(9600K), 0.0058150 secs] 12538K->1496K(13888K), [Perm : 5109K->5109K(21248K)], 0.0058650 secs] [Times: user=0.00 sys=0.00, real=0.00 secs] 
135.031: Total time for which application threads were stopped: 0.0076860 seconds, Stopping threads took: 0.0017430 seconds
135.032: Application time: 0.0005990 seconds
135.032: [GC135.032: [DefNew: 3725K->392K(4288K), 0.0008780 secs] 5221K->5208K(13888K), 0.0009010 secs] [Times: user=0.00 sys=0.00, real=0.01 secs] 
135.033: Total time for which application threads were stopped: 0.0012540 seconds, Stopping threads took: 0.0002880 seconds
135.034: Application time: 0.0015210 seconds
135.095: [GC135.095: [DefNew: 4213K->293K(4288K), 0.0004790 secs] 9029K->6283K(13888K), 0.0005010 secs] [Times: user=0.00 sys=0.00, real=0.00 secs] 
135.096: Total time for which application threads were stopped: 0.0615720 seconds, Stopping threads took: 0.0610060 seconds
135.097: Application time: 0.0006620 seconds
135.148: [GC135.148: [DefNew: 4099K->4099K(4288K), 0.0000080 secs]135.148: [Tenured: 5990K->4358K(9600K), 0.0059530 secs] 10089K->4358K(13888K), [Perm : 5109K->5109K(21248K)], 0.0059980 secs] [Times: user=0.01 sys=0.00, real=0.01 secs] 
135.154: Total time for which application threads were stopped: 0.0572470 seconds, Stopping threads took: 0.0511650 seconds
135.154: Application time: 0.0005420 seconds
135.201: [GC135.201: [DefNew: 3727K->391K(4288K), 0.0008730 secs] 8086K->7484K(13888K), 0.0008990 secs] [Times: user=0.00 sys=0.00, real=0.00 secs] 
135.202: Total time for which application threads were stopped: 0.0472920 seconds, Stopping threads took: 0.0463230 seconds
135.202: Application time: 0.0007140 seconds
135.236: [GC135.236: [DefNew: 4193K->4193K(4288K), 0.0000070 secs]135.236: [Tenured: 7092K->5363K(9600K), 0.0063370 secs] 11286K->5363K(13888K), [Perm : 5109K->5109K(21248K)], 0.0063860 secs] [Times: user=0.00 sys=0.00, real=0.00 secs] 
135.242: Total time for which application threads were stopped: 0.0397480 seconds, Stopping threads took: 0.0332840 seconds
135.243: Application time: 0.0007380 seconds
135.307: [GC135.307: [DefNew: 3610K->420K(4288K), 0.0008470 secs] 8974K->8029K(13888K), 0.0008760 secs] [Times: user=0.00 sys=0.00, real=0.00 secs] 
135.307: Total time for which application threads were stopped: 0.0646070 seconds, Stopping threads took: 0.0636580 seconds
135.308: Application time: 0.0005060 seconds
135.377: [GC135.377: [DefNew: 4050K->4050K(4288K), 0.0000060 secs]135.377: [Tenured: 7609K->5001K(9600K), 0.0050110 secs] 11659K->5001K(13888K), [Perm : 5109K->5109K(21248K)], 0.0050660 secs] [Times: user=0.01 sys=0.00, real=0.00 secs] 
135.382: Total time for which application threads were stopped: 0.0743470 seconds, Stopping threads took: 0.0692180 seconds
135.383: Application time: 0.0005840 seconds
135.416: [GC135.416: [DefNew: 3723K->391K(4288K), 0.0008730 secs] 8724K->8127K(13888K), 0.0009020 secs] [Times: user=0.00 sys=0.00, real=0.00 secs] 
135.417: Total time for which application threads were stopped: 0.0342620 seconds, Stopping threads took: 0.0333120 seconds
135.418: Application time: 0.0007370 seconds
135.488: [GC135.488: [DefNew: 4216K->4216K(4288K), 0.0000060 secs]135.488: [Tenured: 7735K->3644K(9600K), 0.0048390 secs] 11952K->3644K(13888K), [Perm : 5109K->5109K(21248K)], 0.0048880 secs] [Times: user=0.01 sys=0.00, real=0.01 secs] 
135.493: Total time for which application threads were stopped: 0.0748800 seconds, Stopping threads took: 0.0699140 seconds
135.493: Application time: 0.0005430 seconds
135.527: [GC135.527: [DefNew: 3708K->420K(4288K), 0.0007670 secs] 7353K->6409K(13888K), 0.0007920 secs] [Times: user=0.00 sys=0.00, real=0.00 secs] 
135.528: Total time for which application threads were stopped: 0.0344380 seconds, Stopping threads took: 0.0335780 seconds
135.528: Application time: 0.0003660 seconds
135.562: [GC135.562: [DefNew: 4246K->4246K(4288K), 0.0000060 secs]135.562: [Tenured: 5988K->4649K(9600K), 0.0056750 secs] 10234K->4649K(13888K), [Perm : 5109K->5109K(21248K)], 0.0057220 secs] [Times: user=0.01 sys=0.00, real=0.01 secs] 
135.567: Total time for which application threads were stopped: 0.0393570 seconds, Stopping threads took: 0.0335600 seconds
135.568: Application time: 0.0008390 seconds
135.637: [GC135.637: [DefNew: 3678K->391K(4288K), 0.0008020 secs] 8328K->7580K(13888K), 0.0008250 secs] [Times: user=0.00 sys=0.01, real=0.00 secs] 
135.638: Total time for which application threads were stopped: 0.0697850 seconds, Stopping threads took: 0.0689170 seconds
135.672: Application time: 0.0334200 seconds
135.709: [GC135.709: [DefNew: 4215K->4215K(4288K), 0.0000090 secs]135.710: [Tenured: 7189K->1329K(9600K), 0.0053370 secs] 11404K->1329K(13888K), [Perm : 5109K->5109K(21248K)], 0.0053830 secs] [Times: user=0.00 sys=0.00, real=0.01 secs] 
135.715: Total time for which application threads were stopped: 0.0433670 seconds, Stopping threads took: 0.0379030 seconds
135.715: Application time: 0.0004430 seconds
135.716: [GC135.716: [DefNew: 3725K->392K(4288K), 0.0008420 secs] 5055K->5042K(13888K), 0.0008640 secs] [Times: user=0.00 sys=0.00, real=0.00 secs] 
135.717: Total time for which application threads were stopped: 0.0012100 seconds, Stopping threads took: 0.0002800 seconds
135.751: Application time: 0.0343010 seconds
135.789: [GC135.789: [DefNew: 4215K->0K(4288K), 0.0002040 secs] 8865K->4652K(13888K), 0.0002300 secs] [Times: user=0.00 sys=0.00, real=0.00 secs] 
135.789: Total time for which application threads were stopped: 0.0380750 seconds, Stopping threads took: 0.0377790 seconds
135.789: Application time: 0.0002330 seconds
135.789: [GC135.789: [DefNew: 3726K->391K(4288K), 0.0007830 secs] 8378K->8363K(13888K), 0.0008030 secs] [Times: user=0.00 sys=0.00, real=0.00 secs] 
135.790: Total time for which application threads were stopped: 0.0011510 seconds, Stopping threads took: 0.0003050 seconds
135.824: Application time: 0.0338720 seconds
135.862: [GC135.862: [DefNew: 4214K->4214K(4288K), 0.0000100 secs]135.862: [Tenured: 7972K->1331K(9600K), 0.0053870 secs] 12186K->1331K(13888K), [Perm : 5109K->5109K(21248K)], 0.0054380 secs] [Times: user=0.00 sys=0.00, real=0.01 secs] 
135.867: Total time for which application threads were stopped: 0.0431740 seconds, Stopping threads took: 0.0376570 seconds
135.868: Application time: 0.0004720 seconds
135.868: [GC135.868: [DefNew: 3725K->392K(4288K), 0.0008660 secs] 5057K->5043K(13888K), 0.0008970 secs] [Times: user=0.00 sys=0.00, real=0.00 secs] 
135.869: Total time for which application threads were stopped: 0.0010720 seconds, Stopping threads took: 0.0001120 seconds
135.903: Application time: 0.0343240 seconds
135.942: [GC135.942: [DefNew: 4215K->0K(4288K), 0.0002010 secs] 8866K->4653K(13888K), 0.0002290 secs] [Times: user=0.00 sys=0.00, real=0.00 secs] 
135.942: Total time for which application threads were stopped: 0.0387950 seconds, Stopping threads took: 0.0384990 seconds
135.942: Application time: 0.0002410 seconds
135.943: [GC135.943: [DefNew: 3726K->391K(4288K), 0.0007980 secs] 8379K->8365K(13888K), 0.0008170 secs] [Times: user=0.00 sys=0.00, real=0.00 secs] 
135.943: Total time for which application threads were stopped: 0.0011650 seconds, Stopping threads took: 0.0003080 seconds
135.977: Application time: 0.0332700 seconds
136.015: [GC136.015: [DefNew: 4214K->4214K(4288K), 0.0000080 secs]136.015: [Tenured: 7973K->1272K(9600K), 0.0057160 secs] 12188K->1272K(13888K), [Perm : 5109K->5109K(21248K)], 0.0057740 secs] [Times: user=0.00 sys=0.00, real=0.00 secs] 
136.021: Total time for which application threads were stopped: 0.0440660 seconds, Stopping threads took: 0.0382180 seconds
136.021: Application time: 0.0004820 seconds
136.022: [GC136.022: [DefNew: 3725K->392K(4288K), 0.0008630 secs] 4997K->4984K(13584K), 0.0008850 secs] [Times: user=0.00 sys=0.00, real=0.00 secs] 
136.023: Total time for which application threads were stopped: 0.0012470 seconds, Stopping threads took: 0.0002980 seconds
136.060: Application time: 0.0371690 seconds
136.095: [GC136.095: [DefNew: 4215K->0K(4288K), 0.0002000 secs] 8807K->4594K(13584K), 0.0002260 secs] [Times: user=0.00 sys=0.00, real=0.00 secs] 
136.096: Total time for which application threads were stopped: 0.0359480 seconds, Stopping threads took: 0.0356550 seconds
136.096: Application time: 0.0002340 seconds
136.096: [GC136.096: [DefNew: 3726K->391K(4288K), 0.0008000 secs] 8320K->8306K(13584K), 0.0008210 secs] [Times: user=0.00 sys=0.00, real=0.00 secs] 
136.097: Total time for which application threads were stopped: 0.0010680 seconds, Stopping threads took: 0.0002070 seconds
136.131: Application time: 0.0342260 seconds
136.169: [GC136.169: [DefNew: 4214K->4214K(4288K), 0.0000080 secs]136.169: [Tenured: 7914K->1272K(9296K), 0.0053890 secs] 12129K->1272K(13584K), [Perm : 5109K->5109K(21248K)], 0.0054730 secs] [Times: user=0.01 sys=0.00, real=0.01 secs] 
136.175: Total time for which application threads were stopped: 0.0434990 seconds, Stopping threads took: 0.0379520 seconds
136.175: Application time: 0.0004540 seconds
136.175: [GC136.175: [DefNew: 3530K->392K(4032K), 0.0008150 secs] 4802K->4789K(12868K), 0.0008360 secs] [Times: user=0.00 sys=0.00, real=0.00 secs] 
136.176: Total time for which application threads were stopped: 0.0009880 seconds, Stopping threads took: 0.0000990 seconds
136.178: Application time: 0.0013840 seconds
136.223: [GC136.223: [DefNew: 3822K->390K(4032K), 0.0007250 secs] 8219K->7524K(12868K), 0.0007460 secs] [Times: user=0.00 sys=0.00, real=0.00 secs] 
136.224: Total time for which application threads were stopped: 0.0463710 seconds, Stopping threads took: 0.0455580 seconds
136.295: Application time: 0.0713410 seconds
136.296: [GC136.296: [DefNew: 3873K->3873K(4032K), 0.0000100 secs]136.296: [Tenured: 7133K->3029K(8836K), 0.0060060 secs] 11006K->3029K(12868K), [Perm : 5109K->5109K(21248K)], 0.0060550 secs] [Times: user=0.01 sys=0.00, real=0.00 secs] 
136.302: Total time for which application threads were stopped: 0.0064190 seconds, Stopping threads took: 0.0002880 seconds
136.302: Application time: 0.0006620 seconds
136.336: [GC136.336: [DefNew: 3528K->391K(4032K), 0.0007660 secs] 6557K->5959K(12868K), 0.0007900 secs] [Times: user=0.00 sys=0.00, real=0.00 secs] 
136.337: Total time for which application threads were stopped: 0.0345300 seconds, Stopping threads took: 0.0336720 seconds
136.397: Application time: 0.0605810 seconds
136.408: [GC136.408: [DefNew: 3919K->196K(4032K), 0.0002190 secs] 9488K->5765K(12868K), 0.0002410 secs] [Times: user=0.00 sys=0.00, real=0.00 secs] 
136.408: Total time for which application threads were stopped: 0.0105180 seconds, Stopping threads took: 0.0102390 seconds
136.408: Application time: 0.0002880 seconds
136.409: [GC136.409: [DefNew: 3529K->391K(4032K), 0.0007400 secs] 9098K->9085K(12868K), 0.0007580 secs] [Times: user=0.00 sys=0.00, real=0.00 secs] 
136.409: Total time for which application threads were stopped: 0.0011560 seconds, Stopping threads took: 0.0003400 seconds
136.443: Application time: 0.0340350 seconds
136.480: [GC136.480: [DefNew: 3774K->3774K(4032K), 0.0000080 secs]136.480: [Tenured: 8694K->1662K(8836K), 0.0057900 secs] 12468K->1662K(12868K), [Perm : 5109K->5109K(21248K)], 0.0058370 secs] [Times: user=0.00 sys=0.00, real=0.01 secs] 
136.486: Total time for which application threads were stopped: 0.0428110 seconds, Stopping threads took: 0.0369010 seconds
136.487: Application time: 0.0008810 seconds
136.529: [GC136.529: [DefNew: 3574K->391K(4032K), 0.0004710 secs] 5236K->3421K(12868K), 0.0004880 secs] [Times: user=0.00 sys=0.00, real=0.00 secs] 
136.529: Total time for which application threads were stopped: 0.0422390 seconds, Stopping threads took: 0.0416940 seconds
136.564: Application time: 0.0344190 seconds
136.600: [GC136.600: [DefNew: 3915K->391K(4032K), 0.0003250 secs] 6945K->4007K(12868K), 0.0003430 secs] [Times: user=0.00 sys=0.00, real=0.00 secs] 
136.600: Total time for which application threads were stopped: 0.0362630 seconds, Stopping threads took: 0.0358630 seconds
136.634: Application time: 0.0340400 seconds
136.634: [GC136.634: [DefNew: 3818K->293K(4032K), 0.0003170 secs] 7434K->4690K(12868K), 0.0003340 secs] [Times: user=0.00 sys=0.00, real=0.00 secs] 
136.634: Total time for which application threads were stopped: 0.0004040 seconds, Stopping threads took: 0.0000380 seconds
136.691: Application time: 0.0568220 seconds
136.691: Total time for which application threads were stopped: 0.0000460 seconds, Stopping threads took: 0.0000180 seconds
136.692: Application time: 0.0003220 seconds
136.692: [GC136.692: [DefNew: 3772K->447K(4032K), 0.0005470 secs] 8170K->5587K(12868K), 0.0005680 secs] [Times: user=0.00 sys=0.00, real=0.01 secs] 
136.692: Total time for which application threads were stopped: 0.0007290 seconds, Stopping threads took: 0.0001220 seconds
136.693: Application time: 0.0003980 seconds
136.693: [GC136.693: [DefNew: 3848K->419K(4032K), 0.0009730 secs] 8988K->8937K(12868K), 0.0009930 secs] [Times: user=0.00 sys=0.00, real=0.00 secs] 
136.694: Total time for which application threads were stopped: 0.0012430 seconds, Stopping threads took: 0.0002110 seconds
136.696: Application time: 0.0023320 seconds
136.765: [GC136.765: [DefNew: 3813K->3813K(4032K), 0.0000080 secs]136.765: [Tenured: 8517K->2508K(8836K), 0.0051220 secs] 12330K->2508K(12868K), [Perm : 5134K->5134K(21248K)], 0.0051730 secs] [Times: user=0.01 sys=0.00, real=0.00 secs] 
136.770: Total time for which application threads were stopped: 0.0736770 seconds, Stopping threads took: 0.0684420 seconds
136.771: Application time: 0.0005700 seconds
136.805: [GC136.805: [DefNew: 3453K->392K(4032K), 0.0007670 secs] 5962K->5636K(12868K), 0.0007830 secs] [Times: user=0.00 sys=0.00, real=0.00 secs] 
136.805: Total time for which application threads were stopped: 0.0347400 seconds, Stopping threads took: 0.0338980 seconds
136.806: Application time: 0.0006000 seconds
136.839: [GC136.839: [DefNew: 3933K->391K(4032K), 0.0007880 secs] 9176K->8175K(12868K), 0.0008090 secs] [Times: user=0.00 sys=0.00, real=0.00 secs] 
136.840: Total time for which application threads were stopped: 0.0341370 seconds, Stopping threads took: 0.0332900 seconds
136.845: Application time: 0.0053450 seconds
136.912: [GC136.912: [DefNew: 3834K->3834K(4032K), 0.0000100 secs]136.912: [Tenured: 7784K->2316K(8836K), 0.0052670 secs] 11618K->2316K(12868K), [Perm : 5134K->5134K(21248K)], 0.0053210 secs] [Times: user=0.01 sys=0.00, real=0.01 secs] 
136.917: Total time for which application threads were stopped: 0.0717090 seconds, Stopping threads took: 0.0663200 seconds
136.918: Application time: 0.0005390 seconds
136.964: [GC136.964: [DefNew: 3437K->392K(4032K), 0.0007660 secs] 5753K->5443K(12868K), 0.0007910 secs] [Times: user=0.00 sys=0.00, real=0.00 secs] 
136.965: Total time for which application threads were stopped: 0.0475700 seconds, Stopping threads took: 0.0467200 seconds
136.966: Application time: 0.0006940 seconds
137.013: [GC137.013: [DefNew: 3721K->391K(4032K), 0.0006460 secs] 8772K->7396K(12868K), 0.0006660 secs] [Times: user=0.01 sys=0.00, real=0.00 secs] 
137.013: Total time for which application threads were stopped: 0.0472630 seconds, Stopping threads took: 0.0465360 seconds
137.014: Application time: 0.0004090 seconds
137.084: [GC137.084: [DefNew: 3727K->3727K(4032K), 0.0000080 secs]137.084: [Tenured: 7005K->3781K(8836K), 0.0055140 secs] 10733K->3781K(12868K), [Perm : 5134K->5134K(21248K)], 0.0055590 secs] [Times: user=0.00 sys=0.00, real=0.01 secs] 
137.089: Total time for which application threads were stopped: 0.0758260 seconds, Stopping threads took: 0.0702150 seconds
137.090: Application time: 0.0005690 seconds
137.123: [GC137.123: [DefNew: 3337K->391K(4032K), 0.0008010 secs] 7119K->7103K(12868K), 0.0008250 secs] [Times: user=0.00 sys=0.00, real=0.00 secs] 
137.124: Total time for which application threads were stopped: 0.0342480 seconds, Stopping threads took: 0.0333510 seconds
137.126: Application time: 0.0014370 seconds
137.195: [GC137.195: [DefNew: 3920K->3920K(4032K), 0.0000070 secs]137.195: [Tenured: 6711K->3098K(8836K), 0.0061420 secs] 10631K->3098K(12868K), [Perm : 5134K->5134K(21248K)], 0.0061870 secs] [Times: user=0.00 sys=0.00, real=0.00 secs] 
137.202: Total time for which application threads were stopped: 0.0758310 seconds, Stopping threads took: 0.0695680 seconds
137.202: Application time: 0.0004570 seconds
137.251: [GC137.251: [DefNew: 3532K->392K(4032K), 0.0007920 secs] 6630K->6029K(12868K), 0.0008170 secs] [Times: user=0.01 sys=0.00, real=0.00 secs] 
137.251: Total time for which application threads were stopped: 0.0494090 seconds, Stopping threads took: 0.0485240 seconds
137.252: Application time: 0.0005490 seconds
137.253: [GC137.253: [DefNew: 3918K->390K(4032K), 0.0009450 secs]137.254: [Tenured: 9154K->7782K(9228K), 0.0061740 secs] 9555K->7782K(13260K), [Perm : 5134K->5134K(21248K)], 0.0071790 secs] [Times: user=0.01 sys=0.00, real=0.00 secs] 
137.260: Total time for which application threads were stopped: 0.0080380 seconds, Stopping threads took: 0.0007860 seconds
137.332: Application time: 0.0720070 seconds
137.335: [GC137.335: [DefNew: 3727K->3727K(4288K), 0.0000090 secs]137.335: [Tenured: 7782K->2900K(9600K), 0.0054570 secs] 11510K->2900K(13888K), [Perm : 5134K->5134K(21248K)], 0.0055150 secs] [Times: user=0.00 sys=0.00, real=0.00 secs] 
137.340: Total time for which application threads were stopped: 0.0080190 seconds, Stopping threads took: 0.0024140 seconds
137.341: Application time: 0.0005650 seconds
137.374: [GC137.374: [DefNew: 3727K->392K(4288K), 0.0008270 secs] 6627K->6026K(13888K), 0.0008480 secs] [Times: user=0.00 sys=0.00, real=0.00 secs] 
137.375: Total time for which application threads were stopped: 0.0343170 seconds, Stopping threads took: 0.0334250 seconds
137.375: Application time: 0.0005170 seconds
137.409: [GC137.409: [DefNew: 4115K->4115K(4288K), 0.0000060 secs]137.409: [Tenured: 5634K->6026K(9600K), 0.0064920 secs] 9750K->6026K(13888K), [Perm : 5135K->5135K(21248K)], 0.0065390 secs] [Times: user=0.00 sys=0.00, real=0.01 secs] 
137.416: Total time for which application threads were stopped: 0.0402910 seconds, Stopping threads took: 0.0336770 seconds
137.417: Application time: 0.0009760 seconds
137.487: [GC137.487: [DefNew: 3825K->3825K(4288K), 0.0000090 secs]137.487: [Tenured: 6026K->3388K(9600K), 0.0055360 secs] 9851K->3388K(13888K), [Perm : 5135K->5135K(21248K)], 0.0055890 secs] [Times: user=0.01 sys=0.00, real=0.01 secs] 
137.492: Total time for which application threads were stopped: 0.0756670 seconds, Stopping threads took: 0.0699990 seconds
137.493: Application time: 0.0005430 seconds
137.527: [GC137.527: [DefNew: 3825K->392K(4288K), 0.0009870 secs] 7214K->7101K(13888K), 0.0010200 secs] [Times: user=0.00 sys=0.00, real=0.00 secs] 
137.528: Total time for which application threads were stopped: 0.0349010 seconds, Stopping threads took: 0.0338110 seconds
137.528: Application time: 0.0004520 seconds
137.591: [GC137.591: [DefNew: 4117K->4117K(4288K), 0.0000070 secs]137.591: [Tenured: 6709K->5536K(9600K), 0.0060520 secs] 10826K->5536K(13888K), [Perm : 5135K->5135K(21248K)], 0.0060990 secs] [Times: user=0.01 sys=0.00, real=0.01 secs] 
137.597: Total time for which application threads were stopped: 0.0687830 seconds, Stopping threads took: 0.0626080 seconds
137.598: Application time: 0.0009600 seconds
137.668: [GC137.668: [DefNew: 3825K->391K(4288K), 0.0008790 secs] 9362K->8174K(13888K), 0.0009100 secs] [Times: user=0.00 sys=0.00, real=0.00 secs] 
137.669: Total time for which application threads were stopped: 0.0705540 seconds, Stopping threads took: 0.0695910 seconds
137.669: Application time: 0.0004110 seconds
137.708: [GC137.708: [DefNew: 4119K->4119K(4288K), 0.0000060 secs]137.708: [Tenured: 7783K->4462K(9600K), 0.0057720 secs] 11902K->4462K(13888K), [Perm : 5135K->5135K(21248K)], 0.0058190 secs] [Times: user=0.00 sys=0.00, real=0.01 secs] 
137.714: Total time for which application threads were stopped: 0.0447170 seconds, Stopping threads took: 0.0388460 seconds
137.715: Application time: 0.0008120 seconds
137.780: [GC137.781: [DefNew: 3823K->391K(4288K), 0.0007780 secs] 8285K->6709K(13888K), 0.0008030 secs] [Times: user=0.00 sys=0.00, real=0.00 secs] 
137.781: Total time for which application threads were stopped: 0.0667610 seconds, Stopping threads took: 0.0659010 seconds
137.782: Application time: 0.0004550 seconds
137.846: [GC137.846: [DefNew: 4119K->4119K(4288K), 0.0000100 secs]137.846: [Tenured: 6318K->4462K(9600K), 0.0064630 secs] 10437K->4462K(13888K), [Perm : 5135K->5135K(21248K)], 0.0065150 secs] [Times: user=0.00 sys=0.00, real=0.01 secs] 
137.853: Total time for which application threads were stopped: 0.0711060 seconds, Stopping threads took: 0.0645050 seconds
137.853: Application time: 0.0005600 seconds
137.887: [GC137.887: [DefNew: 3532K->391K(4288K), 0.0008030 secs] 7995K->7686K(13888K), 0.0008260 secs] [Times: user=0.01 sys=0.00, real=0.00 secs] 
137.888: Total time for which application threads were stopped: 0.0347570 seconds, Stopping threads took: 0.0338630 seconds
137.961: Application time: 0.0723930 seconds
137.961: [GC137.961: [DefNew: 4216K->4216K(4288K), 0.0000100 secs]137.961: [Tenured: 7295K->2119K(9600K), 0.0059420 secs] 11511K->2119K(13888K), [Perm : 5135K->5135K(21248K)], 0.0059940 secs] [Times: user=0.01 sys=0.00, real=0.01 secs] 
137.967: Total time for which application threads were stopped: 0.0066740 seconds, Stopping threads took: 0.0006020 seconds
137.968: Application time: 0.0005940 seconds
137.968: [GC137.968: [DefNew: 3725K->391K(4288K), 0.0008380 secs] 5844K->5831K(13888K), 0.0008530 secs] [Times: user=0.00 sys=0.00, real=0.00 secs] 
137.969: Total time for which application threads were stopped: 0.0013060 seconds, Stopping threads took: 0.0004090 seconds
137.971: Application time: 0.0016020 seconds
138.040: [GC138.040: [DefNew: 4216K->4216K(4288K), 0.0000080 secs]138.040: [Tenured: 5439K->3193K(9600K), 0.0061400 secs] 9656K->3193K(13888K), [Perm : 5135K->5135K(21248K)], 0.0061870 secs] [Times: user=0.01 sys=0.00, real=0.01 secs] 
138.046: Total time for which application threads were stopped: 0.0756120 seconds, Stopping threads took: 0.0693720 seconds
138.047: Application time: 0.0006320 seconds
138.081: [GC138.081: [DefNew: 3825K->392K(4288K), 0.0008980 secs] 7018K->6710K(13888K), 0.0009210 secs] [Times: user=0.00 sys=0.00, real=0.00 secs] 
138.082: Total time for which application threads were stopped: 0.0346060 seconds, Stopping threads took: 0.0336180 seconds
138.082: Application time: 0.0004400 seconds
138.130: [GC138.130: [DefNew: 4215K->4215K(4288K), 0.0000070 secs]138.130: [Tenured: 6318K->6513K(9600K), 0.0062110 secs] 10533K->6513K(13888K), [Perm : 5135K->5135K(21248K)], 0.0062700 secs] [Times: user=0.01 sys=0.00, real=0.01 secs] 
138.136: Total time for which application threads were stopped: 0.0537260 seconds, Stopping threads took: 0.0473790 seconds
138.208: Application time: 0.0722990 seconds
138.210: [GC138.210: [DefNew: 3825K->3825K(4288K), 0.0000100 secs]138.210: [Tenured: 6513K->1728K(9600K), 0.0059050 secs] 10338K->1728K(13888K), [Perm : 5135K->5135K(21248K)], 0.0059590 secs] [Times: user=0.01 sys=0.00, real=0.01 secs] 
138.216: Total time for which application threads were stopped: 0.0075140 seconds, Stopping threads took: 0.0014770 seconds
138.216: Application time: 0.0006210 seconds
138.216: [GC138.216: [DefNew: 3727K->392K(4288K), 0.0008500 secs] 5456K->5440K(13888K), 0.0008670 secs] [Times: user=0.01 sys=0.00, real=0.00 secs] 
138.217: Total time for which application threads were stopped: 0.0010850 seconds, Stopping threads took: 0.0001820 seconds
138.218: Application time: 0.0009510 seconds
138.288: [GC138.288: [DefNew: 4213K->391K(4288K), 0.0005390 secs] 9261K->6613K(13888K), 0.0005620 secs] [Times: user=0.00 sys=0.00, real=0.00 secs] 
138.288: Total time for which application threads were stopped: 0.0701240 seconds, Stopping threads took: 0.0694970 seconds
138.289: Application time: 0.0003810 seconds
138.322: [GC138.322: [DefNew: 4216K->4216K(4288K), 0.0000070 secs]138.322: [Tenured: 6222K->4462K(9600K), 0.0064160 secs] 10438K->4462K(13888K), [Perm : 5135K->5135K(21248K)], 0.0064570 secs] [Times: user=0.00 sys=0.00, real=0.01 secs] 
138.329: Total time for which application threads were stopped: 0.0401510 seconds, Stopping threads took: 0.0336200 seconds
138.330: Application time: 0.0005720 seconds
138.330: [GC138.330: [DefNew: 3821K->293K(4288K), 0.0008760 secs] 8283K->8272K(13888K), 0.0009000 secs] [Times: user=0.00 sys=0.00, real=0.00 secs] 
138.331: Total time for which application threads were stopped: 0.0013700 seconds, Stopping threads took: 0.0004030 seconds
138.403: Application time: 0.0721810 seconds
138.405: [GC138.405: [DefNew: 4021K->4021K(4288K), 0.0000090 secs]138.405: [Tenured: 7978K->3388K(9600K), 0.0055190 secs] 11999K->3388K(13888K), [Perm : 5135K->5135K(21248K)], 0.0055750 secs] [Times: user=0.01 sys=0.00, real=0.00 secs] 
138.411: Total time for which application threads were stopped: 0.0079860 seconds, Stopping threads took: 0.0023220 seconds
138.412: Application time: 0.0005430 seconds
138.446: [GC138.446: [DefNew: 3678K->440K(4288K), 0.0009000 secs] 7066K->6758K(13888K), 0.0009220 secs] [Times: user=0.00 sys=0.00, real=0.00 secs] 
138.447: Total time for which application threads were stopped: 0.0351490 seconds, Stopping threads took: 0.0341640 seconds
138.447: Application time: 0.0004570 seconds
138.509: [GC138.509: [DefNew: 4196K->4196K(4288K), 0.0000070 secs]138.509: [Tenured: 6318K->4296K(9600K), 0.0062090 secs] 10514K->4296K(13888K), [Perm : 5135K->5135K(21248K)], 0.0062590 secs] [Times: user=0.01 sys=0.00, real=0.01 secs] 
138.515: Total time for which application threads were stopped: 0.0677280 seconds, Stopping threads took: 0.0613910 seconds
138.516: Application time: 0.0005730 seconds
138.549: [GC138.549: [DefNew: 3805K->420K(4288K), 0.0009450 secs] 8102K->7940K(13888K), 0.0009690 secs] [Times: user=0.00 sys=0.00, real=0.00 secs] 
138.550: Total time for which application threads were stopped: 0.0339840 seconds, Stopping threads took: 0.0329670 seconds
138.622: Application time: 0.0724400 seconds
138.623: [GC138.623: [DefNew: 3933K->3933K(4288K), 0.0000090 secs]138.623: [Tenured: 7519K->1814K(9600K), 0.0053810 secs] 11452K->1814K(13888K), [Perm : 5135K->5135K(21248K)], 0.0054330 secs] [Times: user=0.00 sys=0.00, real=0.01 secs] 
138.628: Total time for which application threads were stopped: 0.0064710 seconds, Stopping threads took: 0.0009600 seconds
138.629: Application time: 0.0007030 seconds
138.629: [GC138.629: [DefNew: 3452K->443K(4288K), 0.0007840 secs] 5266K->5055K(13888K), 0.0008050 secs] [Times: user=0.00 sys=0.00, real=0.00 secs] 
138.630: Total time for which application threads were stopped: 0.0011410 seconds, Stopping threads took: 0.0002910 seconds
138.631: Application time: 0.0004680 seconds
138.665: [GC138.665: [DefNew: 4266K->390K(4288K), 0.0008870 secs] 8878K->7790K(13888K), 0.0009190 secs] [Times: user=0.00 sys=0.00, real=0.00 secs] 
138.665: Total time for which application threads were stopped: 0.0347230 seconds, Stopping threads took: 0.0337610 seconds
138.666: Application time: 0.0006950 seconds
138.736: [GC138.736: [DefNew: 4099K->4099K(4288K), 0.0000080 secs]138.736: [Tenured: 7399K->3911K(9600K), 0.0056120 secs] 11498K->3911K(13888K), [Perm : 5135K->5135K(21248K)], 0.0056640 secs] [Times: user=0.00 sys=0.00, real=0.00 secs] 
138.742: Total time for which application threads were stopped: 0.0759390 seconds, Stopping threads took: 0.0701970 seconds
138.743: Application time: 0.0004950 seconds
138.778: [GC138.778: [DefNew: 3727K->391K(4288K), 0.0009990 secs] 7639K->7624K(13888K), 0.0010250 secs] [Times: user=0.00 sys=0.00, real=0.00 secs] 
138.779: Total time for which application threads were stopped: 0.0367750 seconds, Stopping threads took: 0.0356780 seconds
138.781: Application time: 0.0015560 seconds
138.851: [GC138.851: [DefNew: 4213K->4213K(4288K), 0.0000080 secs]138.851: [Tenured: 7232K->3683K(9600K), 0.0056400 secs] 11445K->3683K(13888K), [Perm : 5135K->5135K(21248K)], 0.0056960 secs] [Times: user=0.01 sys=0.00, real=0.01 secs] 
138.856: Total time for which application threads were stopped: 0.0755300 seconds, Stopping threads took: 0.0697750 seconds
138.857: Application time: 0.0005840 seconds
138.922: [GC138.922: [DefNew: 3630K->392K(4288K), 0.0007560 secs] 7313K->6419K(13888K), 0.0007760 secs] [Times: user=0.00 sys=0.00, real=0.00 secs] 
138.923: Total time for which application threads were stopped: 0.0655280 seconds, Stopping threads took: 0.0646820 seconds
138.923: Application time: 0.0003830 seconds
138.923: [GC138.924: [DefNew: 4211K->4211K(4288K), 0.0000060 secs]138.924: [Tenured: 6027K->7882K(9600K), 0.0069960 secs] 10238K->7882K(13888K), [Perm : 5135K->5135K(21248K)], 0.0070400 secs] [Times: user=0.00 sys=0.00, real=0.01 secs] 
138.931: Total time for which application threads were stopped: 0.0076080 seconds, Stopping threads took: 0.0005170 seconds
139.002: Application time: 0.0717260 seconds
139.004: [GC139.004: [DefNew: 3825K->3825K(4288K), 0.0000100 secs]139.004: [Tenured: 7882K->3097K(9600K), 0.0054140 secs] 11707K->3097K(13888K), [Perm : 5135K->5135K(21248K)], 0.0054800 secs] [Times: user=0.01 sys=0.00, real=0.01 secs] 
139.010: Total time for which application threads were stopped: 0.0074850 seconds, Stopping threads took: 0.0019240 seconds
139.010: Application time: 0.0005290 seconds
139.044: [GC139.044: [DefNew: 3727K->391K(4288K), 0.0007900 secs] 6825K->6223K(13888K), 0.0008100 secs] [Times: user=0.00 sys=0.00, real=0.01 secs] 
139.045: Total time for which application threads were stopped: 0.0344230 seconds, Stopping threads took: 0.0335490 seconds
139.045: Application time: 0.0004420 seconds
139.092: [GC139.092: [DefNew: 4213K->4213K(4288K), 0.0000070 secs]139.092: [Tenured: 5831K->5246K(9600K), 0.0063190 secs] 10044K->5246K(13888K), [Perm : 5135K->5135K(21248K)], 0.0063670 secs] [Times: user=0.00 sys=0.00, real=0.01 secs] 
139.099: Total time for which application threads were stopped: 0.0533260 seconds, Stopping threads took: 0.0468840 seconds
139.099: Application time: 0.0008590 seconds
139.170: [GC139.170: [DefNew: 3825K->391K(4288K), 0.0007740 secs] 9072K->7591K(13888K), 0.0008040 secs] [Times: user=0.00 sys=0.00, real=0.00 secs] 
139.171: Total time for which application threads were stopped: 0.0713880 seconds, Stopping threads took: 0.0705110 seconds
139.171: Application time: 0.0003890 seconds
139.221: [GC139.221: [DefNew: 4022K->4022K(4288K), 0.0000060 secs]139.221: [Tenured: 7200K->4073K(9600K), 0.0057170 secs] 11222K->4073K(13888K), [Perm : 5135K->5135K(21248K)], 0.0057610 secs] [Times: user=0.01 sys=0.00, real=0.01 secs] 
139.227: Total time for which application threads were stopped: 0.0559430 seconds, Stopping threads took: 0.0501070 seconds
139.228: Application time: 0.0004370 seconds
139.228: [GC139.228: [DefNew: 3725K->391K(4288K), 0.0009040 secs] 7799K->7785K(13888K), 0.0009330 secs] [Times: user=0.00 sys=0.00, real=0.00 secs] 
139.229: Total time for which application threads were stopped: 0.0011810 seconds, Stopping threads took: 0.0001840 seconds
139.301: Application time: 0.0720570 seconds
139.304: [GC139.304: [DefNew: 4216K->4216K(4288K), 0.0000100 secs]139.304: [Tenured: 7394K->3000K(9600K), 0.0054960 secs] 11610K->3000K(13888K), [Perm : 5135K->5135K(21248K)], 0.0055510 secs] [Times: user=0.00 sys=0.00, real=0.01 secs] 
139.309: Total time for which application threads were stopped: 0.0084670 seconds, Stopping threads took: 0.0028350 seconds
139.310: Application time: 0.0004540 seconds
139.343: [GC139.343: [DefNew: 3725K->391K(4288K), 0.0008700 secs] 6725K->6712K(13888K), 0.0008890 secs] [Times: user=0.00 sys=0.00, real=0.00 secs] 
139.344: Total time for which application threads were stopped: 0.0340340 seconds, Stopping threads took: 0.0330830 seconds
139.344: Application time: 0.0006400 seconds
139.401: [GC139.401: [DefNew: 4115K->4115K(4288K), 0.0000070 secs]139.401: [Tenured: 6320K->5051K(9600K), 0.0060000 secs] 10435K->5051K(13888K), [Perm : 5135K->5135K(21248K)], 0.0060480 secs] [Times: user=0.00 sys=0.00, real=0.01 secs] 
139.407: Total time for which application threads were stopped: 0.0626140 seconds, Stopping threads took: 0.0564880 seconds
139.408: Application time: 0.0008180 seconds
139.472: [GC139.472: [DefNew: 3727K->391K(4288K), 0.0009540 secs] 8779K->8178K(13888K), 0.0009830 secs] [Times: user=0.00 sys=0.00, real=0.00 secs] 
139.473: Total time for which application threads were stopped: 0.0656430 seconds, Stopping threads took: 0.0646000 seconds
139.474: Application time: 0.0004240 seconds
139.530: [GC139.530: [DefNew: 3924K->3924K(4288K), 0.0000060 secs]139.530: [Tenured: 7786K->3683K(9600K), 0.0055700 secs] 11710K->3683K(13888K), [Perm : 5135K->5135K(21248K)], 0.0056170 secs] [Times: user=0.01 sys=0.01, real=0.01 secs] 
139.536: Total time for which application threads were stopped: 0.0617680 seconds, Stopping threads took: 0.0560760 seconds
139.536: Application time: 0.0004610 seconds
139.537: [GC139.537: [DefNew: 3524K->391K(4288K), 0.0008160 secs] 7207K->7200K(13888K), 0.0008360 secs] [Times: user=0.00 sys=0.00, real=0.00 secs] 
139.537: Total time for which application threads were stopped: 0.0013620 seconds, Stopping threads took: 0.0004640 seconds
139.609: Application time: 0.0718030 seconds
139.613: [GC139.613: [DefNew: 4119K->4119K(4288K), 0.0000100 secs]139.613: [Tenured: 6808K->2316K(9600K), 0.0050670 secs] 10927K->2316K(13888K), [Perm : 5135K->5135K(21248K)], 0.0051230 secs] [Times: user=0.00 sys=0.00, real=0.00 secs] 
139.618: Total time for which application threads were stopped: 0.0090290 seconds, Stopping threads took: 0.0038250 seconds
139.619: Application time: 0.0006500 seconds
139.652: [GC139.652: [DefNew: 3825K->392K(4288K), 0.0008390 secs] 6141K->5833K(13888K), 0.0008620 secs] [Times: user=0.00 sys=0.00, real=0.01 secs] 
139.653: Total time for which application threads were stopped: 0.0337990 seconds, Stopping threads took: 0.0328730 seconds
139.654: Application time: 0.0010560 seconds
139.688: [GC139.688: [DefNew: 4111K->391K(4288K), 0.0004860 secs] 9553K->7103K(13888K), 0.0005050 secs] [Times: user=0.00 sys=0.00, real=0.00 secs] 
139.688: Total time for which application threads were stopped: 0.0342680 seconds, Stopping threads took: 0.0337140 seconds
139.689: Application time: 0.0007190 seconds
139.759: [GC139.759: [DefNew: 4216K->4216K(4288K), 0.0000070 secs]139.759: [Tenured: 6712K->3976K(9600K), 0.0062150 secs] 10929K->3976K(13888K), [Perm : 5135K->5135K(21248K)], 0.0062680 secs] [Times: user=0.01 sys=0.00, real=0.01 secs] 
139.765: Total time for which application threads were stopped: 0.0763230 seconds, Stopping threads took: 0.0699980 seconds
139.766: Application time: 0.0005350 seconds
139.799: [GC139.799: [DefNew: 3727K->392K(4288K), 0.0008760 secs] 7704K->7103K(13888K), 0.0009030 secs] [Times: user=0.00 sys=0.00, real=0.00 secs] 
139.800: Total time for which application threads were stopped: 0.0345540 seconds, Stopping threads took: 0.0335690 seconds
139.801: Application time: 0.0003990 seconds
139.852: [GC139.852: [DefNew: 4215K->4215K(4288K), 0.0000080 secs]139.852: [Tenured: 6710K->5050K(9600K), 0.0066320 secs] 10926K->5050K(13888K), [Perm : 5135K->5135K(21248K)], 0.0066800 secs] [Times: user=0.01 sys=0.00, real=0.01 secs] 
139.858: Total time for which application threads were stopped: 0.0578020 seconds, Stopping threads took: 0.0510450 seconds
139.859: Application time: 0.0005610 seconds
139.893: [GC139.893: [DefNew: 3630K->391K(4288K), 0.0008450 secs] 8680K->8274K(13888K), 0.0008690 secs] [Times: user=0.00 sys=0.00, real=0.00 secs] 
139.894: Total time for which application threads were stopped: 0.0347570 seconds, Stopping threads took: 0.0338200 seconds
139.966: Application time: 0.0722000 seconds
139.969: [GC139.969: [DefNew: 4217K->4217K(4288K), 0.0000100 secs]139.969: [Tenured: 7882K->1730K(9600K), 0.0058410 secs] 12099K->1730K(13888K), [Perm : 5135K->5135K(21248K)], 0.0058910 secs] [Times: user=0.01 sys=0.00, real=0.01 secs] 
139.975: Total time for which application threads were stopped: 0.0089810 seconds, Stopping threads took: 0.0030130 seconds
139.976: Application time: 0.0006310 seconds
139.976: [GC139.976: [DefNew: 3725K->392K(4288K), 0.0009170 secs] 5456K->5443K(13888K), 0.0009380 secs] [Times: user=0.01 sys=0.00, real=0.00 secs] 
139.977: Total time for which application threads were stopped: 0.0010870 seconds, Stopping threads took: 0.0000780 seconds
139.978: Application time: 0.0013510 seconds
140.025: [GC140.025: [DefNew: 4213K->391K(4288K), 0.0006560 secs] 9264K->7396K(13888K), 0.0006770 secs] [Times: user=0.00 sys=0.00, real=0.00 secs] 
140.026: Total time for which application threads were stopped: 0.0475680 seconds, Stopping threads took: 0.0468260 seconds
140.027: Application time: 0.0010100 seconds
140.097: [GC140.097: [DefNew: 4216K->4216K(4288K), 0.0000080 secs]140.097: [Tenured: 7005K->3390K(9600K), 0.0055060 secs] 11222K->3390K(13888K), [Perm : 5135K->5135K(21248K)], 0.0055590 secs] [Times: user=0.01 sys=0.00, real=0.00 secs] 
140.102: Total time for which application threads were stopped: 0.0758640 seconds, Stopping threads took: 0.0702370 seconds
140.103: Application time: 0.0004950 seconds
140.149: [GC140.149: [DefNew: 3708K->420K(4288K), 0.0009730 secs] 7098K->6936K(13888K), 0.0009960 secs] [Times: user=0.01 sys=0.00, real=0.00 secs] 
140.150: Total time for which application threads were stopped: 0.0473270 seconds, Stopping threads took: 0.0462630 seconds
140.151: Application time: 0.0007000 seconds
140.151: [GC140.151: [DefNew: 4239K->4239K(4288K), 0.0000050 secs]140.151: [Tenured: 6515K->8692K(9600K), 0.0064060 secs] 10755K->8692K(13888K), [Perm : 5135K->5135K(21248K)], 0.0064460 secs] [Times: user=0.01 sys=0.00, real=0.01 secs] 
140.158: Total time for which application threads were stopped: 0.0069410 seconds, Stopping threads took: 0.0004210 seconds
140.232: Application time: 0.0744210 seconds
140.267: [GC140.267: [DefNew: 3727K->3727K(4288K), 0.0000100 secs]140.267: [Tenured: 8692K->2735K(9600K), 0.0059400 secs] 12419K->2735K(13888K), [Perm : 5135K->5135K(21248K)], 0.0059960 secs] [Times: user=0.01 sys=0.00, real=0.01 secs] 
140.273: Total time for which application threads were stopped: 0.0403840 seconds, Stopping threads took: 0.0343090 seconds
140.273: Application time: 0.0005820 seconds
140.306: [GC140.306: [DefNew: 3706K->420K(4288K), 0.0007950 secs] 6441K->6085K(13888K), 0.0008140 secs] [Times: user=0.00 sys=0.00, real=0.00 secs] 
140.307: Total time for which application threads were stopped: 0.0337390 seconds, Stopping threads took: 0.0328660 seconds
140.307: Application time: 0.0004200 seconds
140.372: [GC140.372: [DefNew: 4243K->4243K(4288K), 0.0000070 secs]140.372: [Tenured: 5664K->4815K(9600K), 0.0052740 secs] 9908K->4815K(13888K), [Perm : 5135K->5135K(21248K)], 0.0053210 secs] [Times: user=0.00 sys=0.01, real=0.00 secs] 
140.378: Total time for which application threads were stopped: 0.0701790 seconds, Stopping threads took: 0.0647780 seconds
140.378: Application time: 0.0006020 seconds
140.438: [GC140.438: [DefNew: 3630K->392K(4288K), 0.0008140 secs] 8445K->7551K(13888K), 0.0008480 secs] [Times: user=0.00 sys=0.00, real=0.00 secs] 
140.439: Total time for which application threads were stopped: 0.0608120 seconds, Stopping threads took: 0.0599060 seconds
140.439: Application time: 0.0003910 seconds
140.487: [GC140.487: [DefNew: 3986K->3986K(4288K), 0.0000070 secs]140.487: [Tenured: 7158K->5425K(9600K), 0.0066240 secs] 11145K->5425K(13888K), [Perm : 5135K->5135K(21248K)], 0.0066650 secs] [Times: user=0.01 sys=0.00, real=0.01 secs] 
140.493: Total time for which application threads were stopped: 0.0539290 seconds, Stopping threads took: 0.0471840 seconds
140.494: Application time: 0.0008400 seconds
140.544: [GC140.544: [DefNew: 3840K->407K(4288K), 0.0009950 secs] 9265K->8957K(13888K), 0.0010260 secs] [Times: user=0.00 sys=0.00, real=0.01 secs] 
140.545: Total time for which application threads were stopped: 0.0508920 seconds, Stopping threads took: 0.0498030 seconds
140.546: Application time: 0.0009830 seconds
140.616: [GC140.616: [DefNew: 4232K->4232K(4288K), 0.0000080 secs]140.616: [Tenured: 8550K->4464K(9600K), 0.0065010 secs] 12783K->4464K(13888K), [Perm : 5135K->5135K(21248K)], 0.0065490 secs] [Times: user=0.01 sys=0.00, real=0.00 secs] 
140.622: Total time for which application threads were stopped: 0.0763500 seconds, Stopping threads took: 0.0697240 seconds
140.623: Application time: 0.0008840 seconds
140.670: [GC140.670: [DefNew: 3747K->442K(4288K), 0.0009910 secs] 8212K->7900K(13888K), 0.0010160 secs] [Times: user=0.00 sys=0.00, real=0.00 secs] 
140.671: Total time for which application threads were stopped: 0.0475400 seconds, Stopping threads took: 0.0464520 seconds
140.672: Application time: 0.0006430 seconds
140.725: [GC140.725: [DefNew: 4247K->4247K(4288K), 0.0000070 secs]140.725: [Tenured: 7458K->5290K(9600K), 0.0066320 secs] 11706K->5290K(13888K), [Perm : 5135K->5135K(21248K)], 0.0066750 secs] [Times: user=0.00 sys=0.00, real=0.00 secs] 
140.732: Total time for which application threads were stopped: 0.0600250 seconds, Stopping threads took: 0.0532960 seconds
140.732: Application time: 0.0006730 seconds
140.797: [GC140.797: [DefNew: 3532K->391K(4288K), 0.0008390 secs] 8823K->8124K(13888K), 0.0008650 secs] [Times: user=0.00 sys=0.00, real=0.00 secs] 
140.798: Total time for which application threads were stopped: 0.0659630 seconds, Stopping threads took: 0.0650250 seconds
140.799: Application time: 0.0004230 seconds
140.857: [GC140.857: [DefNew: 4021K->4021K(4288K), 0.0000090 secs]140.857: [Tenured: 7732K->4900K(9600K), 0.0062770 secs] 11754K->4900K(13888K), [Perm : 5135K->5135K(21248K)], 0.0063270 secs] [Times: user=0.01 sys=0.01, real=0.00 secs] 
140.863: Total time for which application threads were stopped: 0.0642040 seconds, Stopping threads took: 0.0577990 seconds
140.864: Application time: 0.0006610 seconds
140.897: [GC140.897: [DefNew: 3723K->391K(4288K), 0.0009220 secs] 8623K->8612K(13888K), 0.0009470 secs] [Times: user=0.00 sys=0.00, real=0.00 secs] 
140.898: Total time for which application threads were stopped: 0.0347700 seconds, Stopping threads took: 0.0337530 seconds
140.971: Application time: 0.0723410 seconds
140.972: [GC140.972: [DefNew: 4119K->4119K(4288K), 0.0000120 secs]140.972: [Tenured: 8220K->2511K(9600K), 0.0060770 secs] 12339K->2511K(13888K), [Perm : 5135K->5135K(21248K)], 0.0061380 secs] [Times: user=0.00 sys=0.00, real=0.01 secs] 
140.978: Total time for which application threads were stopped: 0.0070980 seconds, Stopping threads took: 0.0008810 seconds
140.978: Application time: 0.0006470 seconds
141.012: [GC141.012: [DefNew: 3823K->392K(4288K), 0.0009680 secs] 6335K->6029K(13888K), 0.0009900 secs] [Times: user=0.00 sys=0.00, real=0.01 secs] 
141.013: Total time for which application threads were stopped: 0.0344310 seconds, Stopping threads took: 0.0333700 seconds
141.041: Application time: 0.0277660 seconds
141.085: [GC141.085: [DefNew: 4217K->4217K(4288K), 0.0000110 secs]141.085: [Tenured: 5637K->1536K(9600K), 0.0050580 secs] 9854K->1536K(13888K), [Perm : 5135K->5135K(21248K)], 0.0051210 secs] [Times: user=0.00 sys=0.00, real=0.00 secs] 
141.090: Total time for which application threads were stopped: 0.0494320 seconds, Stopping threads took: 0.0442420 seconds
141.091: Application time: 0.0006760 seconds
141.091: [GC141.091: [DefNew: 3725K->392K(4288K), 0.0009030 secs] 5262K->5249K(13888K), 0.0009210 secs] [Times: user=0.00 sys=0.00, real=0.00 secs] 
141.092: Total time for which application threads were stopped: 0.0013180 seconds, Stopping threads took: 0.0003380 seconds
141.093: Application time: 0.0006720 seconds
141.155: [GC141.155: [DefNew: 4215K->293K(4288K), 0.0006510 secs] 9072K->6910K(13888K), 0.0006750 secs] [Times: user=0.01 sys=0.00, real=0.00 secs] 
141.156: Total time for which application threads were stopped: 0.0631960 seconds, Stopping threads took: 0.0624580 seconds
141.156: Application time: 0.0004990 seconds
141.190: [GC141.190: [DefNew: 4019K->4019K(4288K), 0.0000070 secs]141.190: [Tenured: 6616K->5246K(9600K), 0.0058950 secs] 10636K->5246K(13888K), [Perm : 5135K->5135K(21248K)], 0.0059440 secs] [Times: user=0.01 sys=0.00, real=0.01 secs] 
141.196: Total time for which application threads were stopped: 0.0397410 seconds, Stopping threads took: 0.0337210 seconds
141.197: Application time: 0.0008120 seconds
141.267: [GC141.267: [DefNew: 3825K->391K(4288K), 0.0007890 secs] 9071K->7591K(13888K), 0.0008160 secs] [Times: user=0.00 sys=0.00, real=0.00 secs] 
141.268: Total time for which application threads were stopped: 0.0706800 seconds, Stopping threads took: 0.0697920 seconds
141.268: Application time: 0.0004100 seconds
141.318: [GC141.318: [DefNew: 4022K->4022K(4288K), 0.0000070 secs]141.318: [Tenured: 7199K->4074K(9600K), 0.0060130 secs] 11221K->4074K(13888K), [Perm : 5135K->5135K(21248K)], 0.0060600 secs] [Times: user=0.00 sys=0.00, real=0.01 secs] 
141.324: Total time for which application threads were stopped: 0.0563530 seconds, Stopping threads took: 0.0502180 seconds
141.325: Application time: 0.0004860 seconds
141.358: [GC141.358: [DefNew: 3721K->391K(4288K), 0.0008150 secs] 7795K->7493K(13888K), 0.0008340 secs] [Times: user=0.00 sys=0.00, real=0.00 secs] 
141.359: Total time for which application threads were stopped: 0.0338980 seconds, Stopping threads took: 0.0330130 seconds
141.430: Application time: 0.0712040 seconds
141.432: [GC141.432: [DefNew: 4021K->4021K(4288K), 0.0000100 secs]141.432: [Tenured: 7101K->1730K(9600K), 0.0059060 secs] 11123K->1730K(13888K), [Perm : 5135K->5135K(21248K)], 0.0059580 secs] [Times: user=0.01 sys=0.00, real=0.01 secs] 
141.438: Total time for which application threads were stopped: 0.0081700 seconds, Stopping threads took: 0.0021560 seconds
141.439: Application time: 0.0006240 seconds
141.439: [GC141.439: [DefNew: 3725K->392K(4288K), 0.0008840 secs] 5456K->5443K(13888K), 0.0009070 secs] [Times: user=0.00 sys=0.00, real=0.00 secs] 
141.440: Total time for which application threads were stopped: 0.0012170 seconds, Stopping threads took: 0.0002440 seconds
141.441: Application time: 0.0006530 seconds
141.474: [GC141.474: [DefNew: 4213K->391K(4288K), 0.0006960 secs] 9264K->7592K(13888K), 0.0007190 secs] [Times: user=0.00 sys=0.00, real=0.00 secs] 
141.474: Total time for which application threads were stopped: 0.0336990 seconds, Stopping threads took: 0.0329140 seconds
141.475: Application time: 0.0008360 seconds
141.545: [GC141.545: [DefNew: 4216K->4216K(4288K), 0.0000080 secs]141.545: [Tenured: 7201K->4465K(9600K), 0.0062050 secs] 11418K->4465K(13888K), [Perm : 5135K->5135K(21248K)], 0.0062600 secs] [Times: user=0.01 sys=0.00, real=0.00 secs] 
141.552: Total time for which application threads were stopped: 0.0764720 seconds, Stopping threads took: 0.0701250 seconds
141.552: Application time: 0.0005260 seconds
141.586: [GC141.586: [DefNew: 3630K->392K(4288K), 0.0009770 secs] 8095K->7982K(13888K), 0.0010010 secs] [Times: user=0.01 sys=0.00, real=0.00 secs] 
141.587: Total time for which application threads were stopped: 0.0349250 seconds, Stopping threads took: 0.0338560 seconds
141.588: Application time: 0.0004040 seconds
141.651: [GC141.651: [DefNew: 4119K->4119K(4288K), 0.0000070 secs]141.651: [Tenured: 7590K->4269K(9600K), 0.0063580 secs] 11709K->4269K(13888K), [Perm : 5135K->5135K(21248K)], 0.0064100 secs] [Times: user=0.01 sys=0.00, real=0.01 secs] 
141.657: Total time for which application threads were stopped: 0.0696060 seconds, Stopping threads took: 0.0631220 seconds
141.658: Application time: 0.0005860 seconds
141.691: [GC141.691: [DefNew: 3725K->391K(4288K), 0.0008700 secs] 7995K->7884K(13888K), 0.0008950 secs] [Times: user=0.00 sys=0.00, real=0.00 secs] 
141.692: Total time for which application threads were stopped: 0.0345360 seconds, Stopping threads took: 0.0335840 seconds
141.765: Application time: 0.0726940 seconds
141.766: [GC141.766: [DefNew: 4217K->4217K(4288K), 0.0000100 secs]141.766: [Tenured: 7492K->2121K(9600K), 0.0051700 secs] 11709K->2121K(13888K), [Perm : 5135K->5135K(21248K)], 0.0052250 secs] [Times: user=0.00 sys=0.00, real=0.00 secs] 
141.771: Total time for which application threads were stopped: 0.0062550 seconds, Stopping threads took: 0.0009710 seconds
141.772: Application time: 0.0006230 seconds
141.772: [GC141.772: [DefNew: 3528K->392K(4288K), 0.0007970 secs] 5649K->5638K(13888K), 0.0008150 secs] [Times: user=0.00 sys=0.00, real=0.01 secs] 
141.773: Total time for which application threads were stopped: 0.0012170 seconds, Stopping threads took: 0.0003570 seconds
141.774: Application time: 0.0010600 seconds
141.844: [GC141.844: [DefNew: 4115K->391K(4288K), 0.0004880 secs] 9362K->6029K(13888K), 0.0005240 secs] [Times: user=0.00 sys=0.00, real=0.01 secs] 
141.845: Total time for which application threads were stopped: 0.0706400 seconds, Stopping threads took: 0.0700570 seconds
141.845: Application time: 0.0004780 seconds
141.879: [GC141.879: [DefNew: 4119K->4119K(4288K), 0.0000070 secs]141.879: [Tenured: 5638K->4464K(9600K), 0.0062690 secs] 9757K->4464K(13888K), [Perm : 5135K->5135K(21248K)], 0.0063140 secs] [Times: user=0.01 sys=0.00, real=0.01 secs] 
141.885: Total time for which application threads were stopped: 0.0401810 seconds, Stopping threads took: 0.0337930 seconds
141.886: Application time: 0.0004810 seconds
141.921: [GC141.921: [DefNew: 3719K->391K(4288K), 0.0008650 secs] 8184K->7883K(13888K), 0.0008840 secs] [Times: user=0.00 sys=0.00, real=0.00 secs] 
141.922: Total time for which application threads were stopped: 0.0356920 seconds, Stopping threads took: 0.0347450 seconds
141.994: Application time: 0.0726140 seconds
141.995: [GC141.995: [DefNew: 4216K->4216K(4288K), 0.0000100 secs]141.995: [Tenured: 7492K->2708K(9600K), 0.0059150 secs] 11708K->2708K(13888K), [Perm : 5135K->5135K(21248K)], 0.0059690 secs] [Times: user=0.00 sys=0.00, real=0.00 secs] 
142.001: Total time for which application threads were stopped: 0.0069080 seconds, Stopping threads took: 0.0008620 seconds
142.002: Application time: 0.0006040 seconds
142.035: [GC142.035: [DefNew: 3825K->392K(4288K), 0.0008710 secs] 6533K->6225K(13888K), 0.0008910 secs] [Times: user=0.00 sys=0.00, real=0.00 secs] 
142.036: Total time for which application threads were stopped: 0.0345570 seconds, Stopping threads took: 0.0335950 seconds
142.037: Application time: 0.0006630 seconds
142.086: [GC142.086: [DefNew: 4115K->4115K(4288K), 0.0000060 secs]142.086: [Tenured: 5833K->5931K(9600K), 0.0063500 secs] 9948K->5931K(13888K), [Perm : 5135K->5135K(21248K)], 0.0063960 secs] [Times: user=0.01 sys=0.00, real=0.00 secs] 
142.092: Total time for which application threads were stopped: 0.0550340 seconds, Stopping threads took: 0.0485550 seconds
142.093: Application time: 0.0009040 seconds
142.163: [GC142.163: [DefNew: 3825K->3825K(4288K), 0.0000080 secs]142.163: [Tenured: 5931K->3976K(9600K), 0.0056830 secs] 9757K->3976K(13888K), [Perm : 5135K->5135K(21248K)], 0.0057320 secs] [Times: user=0.01 sys=0.00, real=0.01 secs] 
142.168: Total time for which application threads were stopped: 0.0755680 seconds, Stopping threads took: 0.0697570 seconds
142.169: Application time: 0.0005760 seconds
142.203: [GC142.203: [DefNew: 3805K->420K(4288K), 0.0008820 secs] 7782K->7132K(13888K), 0.0009180 secs] [Times: user=0.00 sys=0.00, real=0.00 secs] 
142.203: Total time for which application threads were stopped: 0.0344210 seconds, Stopping threads took: 0.0334440 seconds
142.204: Application time: 0.0006140 seconds
142.274: [GC142.274: [DefNew: 4226K->4226K(4288K), 0.0000060 secs]142.274: [Tenured: 6711K->3879K(9600K), 0.0059160 secs] 10937K->3879K(13888K), [Perm : 5135K->5135K(21248K)], 0.0059610 secs] [Times: user=0.00 sys=0.00, real=0.00 secs] 
142.280: Total time for which application threads were stopped: 0.0759470 seconds, Stopping threads took: 0.0699120 seconds
142.281: Application time: 0.0005470 seconds
142.317: [GC142.317: [DefNew: 3825K->391K(4288K), 0.0007990 secs] 7704K->6810K(13888K), 0.0008220 secs] [Times: user=0.00 sys=0.00, real=0.00 secs] 
142.318: Total time for which application threads were stopped: 0.0374420 seconds, Stopping threads took: 0.0365520 seconds
142.319: Application time: 0.0005510 seconds
142.351: [GC142.351: [DefNew: 4189K->4189K(4288K), 0.0000070 secs]142.351: [Tenured: 6418K->7130K(9600K), 0.0068560 secs] 10608K->7130K(13888K), [Perm : 5135K->5135K(21248K)], 0.0069000 secs] [Times: user=0.00 sys=0.00, real=0.01 secs] 
142.358: Total time for which application threads were stopped: 0.0397260 seconds, Stopping threads took: 0.0327510 seconds
142.431: Application time: 0.0722250 seconds
142.433: [GC142.433: [DefNew: 3825K->3825K(4288K), 0.0000090 secs]142.433: [Tenured: 7130K->2345K(9600K), 0.0053200 secs] 10955K->2345K(13888K), [Perm : 5135K->5135K(21248K)], 0.0053740 secs] [Times: user=0.01 sys=0.00, real=0.00 secs] 
142.438: Total time for which application threads were stopped: 0.0074890 seconds, Stopping threads took: 0.0020570 seconds
142.439: Application time: 0.0005600 seconds
142.472: [GC142.472: [DefNew: 3511K->420K(4288K), 0.0007570 secs] 5856K->5500K(13888K), 0.0007780 secs] [Times: user=0.00 sys=0.00, real=0.01 secs] 
142.473: Total time for which application threads were stopped: 0.0340880 seconds, Stopping threads took: 0.0332480 seconds
142.473: Application time: 0.0004710 seconds
142.507: [GC142.507: [DefNew: 4220K->419K(4288K), 0.0009850 secs] 9300K->8654K(13888K), 0.0010110 secs] [Times: user=0.00 sys=0.00, real=0.00 secs] 
142.508: Total time for which application threads were stopped: 0.0345300 seconds, Stopping threads took: 0.0334530 seconds
142.578: Application time: 0.0701050 seconds
142.583: [GC142.583: [DefNew: 4225K->4225K(4288K), 0.0000080 secs]142.583: [Tenured: 8235K->1454K(9600K), 0.0051420 secs] 12460K->1454K(13888K), [Perm : 5135K->5135K(21248K)], 0.0051920 secs] [Times: user=0.00 sys=0.00, real=0.01 secs] 
142.589: Total time for which application threads were stopped: 0.0107840 seconds, Stopping threads took: 0.0055130 seconds
142.589: Application time: 0.0005980 seconds
142.590: [GC142.590: [DefNew: 3727K->392K(4288K), 0.0008290 secs] 5182K->5167K(13888K), 0.0008490 secs] [Times: user=0.00 sys=0.00, real=0.00 secs] 
142.590: Total time for which application threads were stopped: 0.0013140 seconds, Stopping threads took: 0.0003980 seconds
142.591: Application time: 0.0004600 seconds
142.625: [GC142.625: [DefNew: 4196K->419K(4288K), 0.0008230 secs] 8971K->7833K(13888K), 0.0008470 secs] [Times: user=0.00 sys=0.00, real=0.00 secs] 
142.626: Total time for which application threads were stopped: 0.0352010 seconds, Stopping threads took: 0.0343010 seconds
142.627: Application time: 0.0008710 seconds
142.695: [GC142.695: [DefNew: 4225K->4225K(4288K), 0.0000090 secs]142.695: [Tenured: 7413K->3879K(9600K), 0.0058460 secs] 11639K->3879K(13888K), [Perm : 5135K->5135K(21248K)], 0.0058970 secs] [Times: user=0.00 sys=0.00, real=0.00 secs] 
142.701: Total time for which application threads were stopped: 0.0737320 seconds, Stopping threads took: 0.0677570 seconds
142.701: Application time: 0.0005050 seconds
142.735: [GC142.735: [DefNew: 3825K->392K(4288K), 0.0008910 secs] 7705K->7006K(13888K), 0.0009180 secs] [Times: user=0.00 sys=0.00, real=0.00 secs] 
142.736: Total time for which application threads were stopped: 0.0344820 seconds, Stopping threads took: 0.0334870 seconds
142.736: Application time: 0.0004290 seconds
142.737: [GC142.737: [DefNew: 4213K->4213K(4288K), 0.0000050 secs]142.737: [Tenured: 6614K->8274K(9600K), 0.0065800 secs] 10827K->8274K(13888K), [Perm : 5135K->5135K(21248K)], 0.0066270 secs] [Times: user=0.01 sys=0.00, real=0.00 secs] 
142.743: Total time for which application threads were stopped: 0.0070700 seconds, Stopping threads took: 0.0003670 seconds
142.816: Application time: 0.0725470 seconds
142.850: [GC142.850: [DefNew: 3727K->3727K(4288K), 0.0000110 secs]142.850: [Tenured: 8274K->2317K(9600K), 0.0059730 secs] 12001K->2317K(13888K), [Perm : 5135K->5135K(21248K)], 0.0060270 secs] [Times: user=0.01 sys=0.00, real=0.01 secs] 
142.856: Total time for which application threads were stopped: 0.0397630 seconds, Stopping threads took: 0.0336540 seconds
142.856: Application time: 0.0005890 seconds
142.856: [GC142.856: [DefNew: 3723K->391K(4288K), 0.0008650 secs] 6040K->6029K(13888K), 0.0008820 secs] [Times: user=0.00 sys=0.00, real=0.00 secs] 
142.857: Total time for which application threads were stopped: 0.0012150 seconds, Stopping threads took: 0.0002960 seconds
142.859: Application time: 0.0011630 seconds
142.928: [GC142.928: [DefNew: 4216K->4216K(4288K), 0.0000080 secs]142.928: [Tenured: 5637K->3392K(9600K), 0.0061690 secs] 9854K->3392K(13888K), [Perm : 5135K->5135K(21248K)], 0.0062170 secs] [Times: user=0.00 sys=0.00, real=0.01 secs] 
142.935: Total time for which application threads were stopped: 0.0759970 seconds, Stopping threads took: 0.0696990 seconds
142.935: Application time: 0.0006470 seconds
142.969: [GC142.969: [DefNew: 3630K->392K(4288K), 0.0009260 secs] 7022K->6909K(13888K), 0.0009500 secs] [Times: user=0.01 sys=0.00, real=0.00 secs] 
142.970: Total time for which application threads were stopped: 0.0345540 seconds, Stopping threads took: 0.0335360 seconds
142.970: Application time: 0.0004890 seconds
143.004: [GC143.004: [DefNew: 4213K->4213K(4288K), 0.0000070 secs]143.004: [Tenured: 6517K->6483K(9600K), 0.0061140 secs] 10730K->6483K(13888K), [Perm : 5135K->5135K(21248K)], 0.0061570 secs] [Times: user=0.00 sys=0.00, real=0.01 secs] 
143.010: Total time for which application threads were stopped: 0.0396170 seconds, Stopping threads took: 0.0333980 seconds
143.081: Application time: 0.0710910 seconds
143.084: [GC143.084: [DefNew: 3825K->3825K(4288K), 0.0000100 secs]143.084: [Tenured: 6483K->1698K(9600K), 0.0050940 secs] 10308K->1698K(13888K), [Perm : 5135K->5135K(21248K)], 0.0051470 secs] [Times: user=0.01 sys=0.00, real=0.01 secs] 
143.089: Total time for which application threads were stopped: 0.0082420 seconds, Stopping threads took: 0.0030170 seconds
143.090: Application time: 0.0006260 seconds
143.090: [GC143.090: [DefNew: 3727K->392K(4288K), 0.0008170 secs] 5426K->5411K(13888K), 0.0008350 secs] [Times: user=0.00 sys=0.01, real=0.00 secs] 
143.091: Total time for which application threads were stopped: 0.0013170 seconds, Stopping threads took: 0.0004140 seconds
143.092: Application time: 0.0006840 seconds
143.157: [GC143.157: [DefNew: 4215K->391K(4288K), 0.0009000 secs] 9234K->8048K(13888K), 0.0009250 secs] [Times: user=0.00 sys=0.00, real=0.00 secs] 
143.157: Total time for which application threads were stopped: 0.0656570 seconds, Stopping threads took: 0.0646650 seconds
143.158: Application time: 0.0007840 seconds
143.222: [GC143.222: [DefNew: 4216K->4216K(4288K), 0.0000070 secs]143.222: [Tenured: 7657K->4432K(9600K), 0.0056380 secs] 11873K->4432K(13888K), [Perm : 5135K->5135K(21248K)], 0.0056870 secs] [Times: user=0.00 sys=0.00, real=0.01 secs] 
143.227: Total time for which application threads were stopped: 0.0692200 seconds, Stopping threads took: 0.0634560 seconds
143.228: Application time: 0.0004440 seconds
143.262: [GC143.262: [DefNew: 3532K->391K(4288K), 0.0008010 secs] 7965K->7656K(13888K), 0.0008190 secs] [Times: user=0.00 sys=0.00, real=0.00 secs] 
143.263: Total time for which application threads were stopped: 0.0353680 seconds, Stopping threads took: 0.0344780 seconds
143.336: Application time: 0.0729470 seconds
143.337: [GC143.337: [DefNew: 4217K->4217K(4288K), 0.0000090 secs]143.337: [Tenured: 7265K->2089K(9600K), 0.0058030 secs] 11482K->2089K(13888K), [Perm : 5135K->5135K(21248K)], 0.0058550 secs] [Times: user=0.00 sys=0.00, real=0.00 secs] 
143.343: Total time for which application threads were stopped: 0.0068590 seconds, Stopping threads took: 0.0009260 seconds
143.344: Application time: 0.0006440 seconds
143.344: [GC143.344: [DefNew: 3725K->392K(4288K), 0.0008690 secs] 5815K->5802K(13888K), 0.0008910 secs] [Times: user=0.00 sys=0.00, real=0.01 secs] 
143.345: Total time for which application threads were stopped: 0.0012560 seconds, Stopping threads took: 0.0003210 seconds
143.346: Application time: 0.0007490 seconds
143.416: [GC143.416: [DefNew: 4215K->4215K(4288K), 0.0000090 secs]143.416: [Tenured: 5410K->3163K(9600K), 0.0060870 secs] 9625K->3163K(13888K), [Perm : 5135K->5135K(21248K)], 0.0061350 secs] [Times: user=0.01 sys=0.00, real=0.00 secs] 
143.422: Total time for which application threads were stopped: 0.0764270 seconds, Stopping threads took: 0.0702150 seconds
143.423: Application time: 0.0006870 seconds
143.456: [GC143.456: [DefNew: 3825K->392K(4288K), 0.0009100 secs] 6989K->6680K(13888K), 0.0009350 secs] [Times: user=0.00 sys=0.00, real=0.00 secs] 
143.457: Total time for which application threads were stopped: 0.0344710 seconds, Stopping threads took: 0.0334890 seconds
143.458: Application time: 0.0006220 seconds
143.491: [GC143.491: [DefNew: 4213K->4213K(4288K), 0.0000070 secs]143.491: [Tenured: 6288K->7557K(9600K), 0.0062350 secs] 10502K->7557K(13888K), [Perm : 5135K->5135K(21248K)], 0.0062790 secs] [Times: user=0.00 sys=0.00, real=0.01 secs] 
143.498: Total time for which application threads were stopped: 0.0396180 seconds, Stopping threads took: 0.0332630 seconds
143.569: Application time: 0.0715890 seconds
143.572: [GC143.572: [DefNew: 3727K->3727K(4288K), 0.0000090 secs]143.572: [Tenured: 7557K->2674K(9600K), 0.0046980 secs] 11285K->2674K(13888K), [Perm : 5135K->5135K(21248K)], 0.0047520 secs] [Times: user=0.01 sys=0.00, real=0.01 secs] 
143.577: Total time for which application threads were stopped: 0.0074760 seconds, Stopping threads took: 0.0026430 seconds
143.577: Application time: 0.0005320 seconds
143.611: [GC143.611: [DefNew: 3823K->392K(4288K), 0.0008360 secs] 6498K->6192K(13888K), 0.0008550 secs] [Times: user=0.01 sys=0.00, real=0.00 secs] 
143.612: Total time for which application threads were stopped: 0.0348250 seconds, Stopping threads took: 0.0339020 seconds
143.613: Application time: 0.0006420 seconds
143.683: [GC143.683: [DefNew: 4217K->4217K(4288K), 0.0000080 secs]143.683: [Tenured: 5800K->3848K(9600K), 0.0060760 secs] 10017K->3848K(13888K), [Perm : 5135K->5135K(21248K)], 0.0061250 secs] [Times: user=0.00 sys=0.00, real=0.01 secs] 
143.689: Total time for which application threads were stopped: 0.0761490 seconds, Stopping threads took: 0.0699480 seconds
143.689: Application time: 0.0005100 seconds
143.739: [GC143.739: [DefNew: 3825K->392K(4288K), 0.0008770 secs] 7673K->6975K(13888K), 0.0009030 secs] [Times: user=0.00 sys=0.00, real=0.00 secs] 
143.740: Total time for which application threads were stopped: 0.0506040 seconds, Stopping threads took: 0.0496400 seconds
143.740: Application time: 0.0003960 seconds
143.774: [GC143.774: [DefNew: 4113K->4113K(4288K), 0.0000060 secs]143.774: [Tenured: 6582K->7069K(9600K), 0.0062720 secs] 10696K->7069K(13888K), [Perm : 5135K->5135K(21248K)], 0.0063160 secs] [Times: user=0.01 sys=0.00, real=0.00 secs] 
143.781: Total time for which application threads were stopped: 0.0403800 seconds, Stopping threads took: 0.0339910 seconds
143.854: Application time: 0.0731750 seconds
143.858: [GC143.858: [DefNew: 3825K->3825K(4288K), 0.0000100 secs]143.858: [Tenured: 7069K->2284K(9600K), 0.0052870 secs] 10894K->2284K(13888K), [Perm : 5135K->5135K(21248K)], 0.0053410 secs] [Times: user=0.00 sys=0.00, real=0.00 secs] 
143.864: Total time for which application threads were stopped: 0.0098910 seconds, Stopping threads took: 0.0044630 seconds
143.864: Application time: 0.0005270 seconds
143.865: [GC143.865: [DefNew: 3723K->391K(4288K), 0.0008170 secs] 6008K->5996K(13888K), 0.0008350 secs] [Times: user=0.00 sys=0.00, real=0.00 secs] 
143.865: Total time for which application threads were stopped: 0.0011720 seconds, Stopping threads took: 0.0002990 seconds
143.866: Application time: 0.0005010 seconds
143.936: [GC143.936: [DefNew: 4216K->4216K(4288K), 0.0000080 secs]143.936: [Tenured: 5604K->5508K(9600K), 0.0062580 secs] 9821K->5508K(13888K), [Perm : 5135K->5135K(21248K)], 0.0063080 secs] [Times: user=0.00 sys=0.00, real=0.00 secs] 
143.942: Total time for which application threads were stopped: 0.0763960 seconds, Stopping threads took: 0.0700340 seconds
143.943: Application time: 0.0009000 seconds
144.007: [GC144.007: [DefNew: 3825K->391K(4288K), 0.0011690 secs] 9334K->9221K(13888K), 0.0012030 secs] [Times: user=0.00 sys=0.00, real=0.00 secs] 
144.008: Total time for which application threads were stopped: 0.0644380 seconds, Stopping threads took: 0.0631570 seconds
144.008: Application time: 0.0007550 seconds
144.071: [GC144.071: [DefNew: 4197K->4197K(4288K), 0.0000070 secs]144.071: [Tenured: 8829K->4461K(9600K), 0.0052220 secs] 13026K->4461K(13888K), [Perm : 5135K->5135K(21248K)], 0.0052740 secs] [Times: user=0.01 sys=0.00, real=0.01 secs] 
144.076: Total time for which application threads were stopped: 0.0677440 seconds, Stopping threads took: 0.0623920 seconds
144.077: Application time: 0.0006490 seconds
144.140: [GC144.140: [DefNew: 3805K->420K(4288K), 0.0008060 secs] 8267K->7030K(13888K), 0.0008330 secs] [Times: user=0.00 sys=0.00, real=0.00 secs] 
144.141: Total time for which application threads were stopped: 0.0637380 seconds, Stopping threads took: 0.0628250 seconds
144.141: Application time: 0.0003870 seconds
144.175: [GC144.175: [DefNew: 4245K->4245K(4288K), 0.0000060 secs]144.175: [Tenured: 6609K->4432K(9600K), 0.0063910 secs] 10855K->4432K(13888K), [Perm : 5135K->5135K(21248K)], 0.0064320 secs] [Times: user=0.00 sys=0.00, real=0.00 secs] 
144.181: Total time for which application threads were stopped: 0.0399880 seconds, Stopping threads took: 0.0334850 seconds
144.182: Application time: 0.0007290 seconds
144.228: [GC144.228: [DefNew: 3704K->420K(4288K), 0.0008200 secs] 8137K->7489K(13888K), 0.0008470 secs] [Times: user=0.01 sys=0.00, real=0.00 secs] 
144.229: Total time for which application threads were stopped: 0.0473870 seconds, Stopping threads took: 0.0464710 seconds
144.230: Application time: 0.0008640 seconds
144.300: [GC144.300: [DefNew: 4245K->4245K(4288K), 0.0000080 secs]144.300: [Tenured: 7069K->3289K(9600K), 0.0054200 secs] 11315K->3289K(13888K), [Perm : 5135K->5135K(21248K)], 0.0054720 secs] [Times: user=0.01 sys=0.00, real=0.01 secs] 
144.306: Total time for which application threads were stopped: 0.0755420 seconds, Stopping threads took: 0.0699920 seconds
144.306: Application time: 0.0005380 seconds
144.340: [GC144.340: [DefNew: 3493K->441K(4288K), 0.0008090 secs] 6783K->6473K(13888K), 0.0008310 secs] [Times: user=0.00 sys=0.00, real=0.00 secs] 
144.341: Total time for which application threads were stopped: 0.0346080 seconds, Stopping threads took: 0.0337110 seconds
144.341: Application time: 0.0004480 seconds
144.406: [GC144.406: [DefNew: 4245K->4245K(4288K), 0.0000070 secs]144.406: [Tenured: 6032K->5035K(9600K), 0.0063170 secs] 10277K->5035K(13888K), [Perm : 5135K->5135K(21248K)], 0.0063600 secs] [Times: user=0.01 sys=0.00, real=0.00 secs] 
144.412: Total time for which application threads were stopped: 0.0710520 seconds, Stopping threads took: 0.0646410 seconds
144.413: Application time: 0.0008580 seconds
144.483: [GC144.483: [DefNew: 3805K->420K(4288K), 0.0006560 secs] 8841K->7018K(13888K), 0.0006840 secs] [Times: user=0.00 sys=0.00, real=0.00 secs] 
144.484: Total time for which application threads were stopped: 0.0705960 seconds, Stopping threads took: 0.0698600 seconds
144.484: Application time: 0.0003720 seconds
144.518: [GC144.518: [DefNew: 4146K->4146K(4288K), 0.0000060 secs]144.518: [Tenured: 6598K->4966K(9600K), 0.0057850 secs] 10744K->4966K(13888K), [Perm : 5135K->5135K(21248K)], 0.0058370 secs] [Times: user=0.00 sys=0.00, real=0.00 secs] 
144.524: Total time for which application threads were stopped: 0.0399440 seconds, Stopping threads took: 0.0340330 seconds
144.525: Application time: 0.0005700 seconds
144.558: [GC144.558: [DefNew: 3706K->419K(4288K), 0.0008330 secs] 8672K->8315K(13888K), 0.0008530 secs] [Times: user=0.01 sys=0.00, real=0.00 secs] 
144.559: Total time for which application threads were stopped: 0.0341360 seconds, Stopping threads took: 0.0332200 seconds
144.631: Application time: 0.0727640 seconds
144.632: [GC144.632: [DefNew: 4245K->4245K(4288K), 0.0000090 secs]144.632: [Tenured: 7896K->2577K(9600K), 0.0060760 secs] 12141K->2577K(13888K), [Perm : 5135K->5135K(21248K)], 0.0061250 secs] [Times: user=0.01 sys=0.00, real=0.00 secs] 
144.639: Total time for which application threads were stopped: 0.0071430 seconds, Stopping threads took: 0.0009400 seconds
144.639: Application time: 0.0006350 seconds
144.673: [GC144.673: [DefNew: 3727K->392K(4288K), 0.0009230 secs] 6305K->6290K(13888K), 0.0009470 secs] [Times: user=0.00 sys=0.00, real=0.00 secs] 
144.674: Total time for which application threads were stopped: 0.0343720 seconds, Stopping threads took: 0.0333650 seconds
144.674: Application time: 0.0006660 seconds
144.744: [GC144.744: [DefNew: 4213K->4213K(4288K), 0.0000080 secs]144.744: [Tenured: 5898K->4726K(9600K), 0.0059050 secs] 10111K->4726K(13888K), [Perm : 5135K->5135K(21248K)], 0.0059560 secs] [Times: user=0.00 sys=0.00, real=0.01 secs] 
144.750: Total time for which application threads were stopped: 0.0759590 seconds, Stopping threads took: 0.0699260 seconds
144.751: Application time: 0.0005640 seconds
144.814: [GC144.814: [DefNew: 3630K->391K(4288K), 0.0008460 secs] 8357K->7462K(13888K), 0.0008720 secs] [Times: user=0.00 sys=0.00, real=0.00 secs] 
144.815: Total time for which application threads were stopped: 0.0645150 seconds, Stopping threads took: 0.0635710 seconds
144.816: Application time: 0.0005880 seconds
144.849: [GC144.849: [DefNew: 4211K->4211K(4288K), 0.0000090 secs]144.849: [Tenured: 7070K->6777K(9600K), 0.0063790 secs] 11282K->6777K(13888K), [Perm : 5135K->5135K(21248K)], 0.0064320 secs] [Times: user=0.01 sys=0.00, real=0.01 secs] 
144.855: Total time for which application threads were stopped: 0.0394360 seconds, Stopping threads took: 0.0329230 seconds
144.928: Application time: 0.0727420 seconds
144.929: [GC144.929: [DefNew: 3532K->3532K(4288K), 0.0000090 secs]144.929: [Tenured: 6777K->1699K(9600K), 0.0057850 secs] 10309K->1699K(13888K), [Perm : 5135K->5135K(21248K)], 0.0058330 secs] [Times: user=0.01 sys=0.00, real=0.01 secs] 
144.935: Total time for which application threads were stopped: 0.0069190 seconds, Stopping threads took: 0.0010100 seconds
144.936: Application time: 0.0006440 seconds
144.936: [GC144.936: [DefNew: 3725K->392K(4288K), 0.0008590 secs] 5425K->5412K(13888K), 0.0008830 secs] [Times: user=0.00 sys=0.00, real=0.00 secs] 
144.937: Total time for which application threads were stopped: 0.0012870 seconds, Stopping threads took: 0.0003370 seconds
144.938: Application time: 0.0006880 seconds
145.008: [GC145.008: [DefNew: 4217K->391K(4288K), 0.0005620 secs] 9237K->6585K(13888K), 0.0005880 secs] [Times: user=0.00 sys=0.00, real=0.00 secs] 
145.008: Total time for which application threads were stopped: 0.0707610 seconds, Stopping threads took: 0.0701280 seconds
145.009: Application time: 0.0003850 seconds
145.042: [GC145.042: [DefNew: 4216K->4216K(4288K), 0.0000070 secs]145.042: [Tenured: 6194K->4433K(9600K), 0.0063600 secs] 10410K->4433K(13888K), [Perm : 5135K->5135K(21248K)], 0.0064050 secs] [Times: user=0.00 sys=0.00, real=0.01 secs] 
145.049: Total time for which application threads were stopped: 0.0398900 seconds, Stopping threads took: 0.0334110 seconds
145.049: Application time: 0.0005010 seconds
145.096: [GC145.096: [DefNew: 3625K->391K(4288K), 0.0007840 secs] 8059K->7168K(13888K), 0.0008170 secs] [Times: user=0.00 sys=0.00, real=0.00 secs] 
145.097: Total time for which application threads were stopped: 0.0478370 seconds, Stopping threads took: 0.0469520 seconds
145.098: Application time: 0.0006690 seconds
145.144: [GC145.144: [DefNew: 4210K->4210K(4288K), 0.0000070 secs]145.144: [Tenured: 6777K->6875K(9600K), 0.0061900 secs] 10988K->6875K(13888K), [Perm : 5135K->5135K(21248K)], 0.0062390 secs] [Times: user=0.01 sys=0.00, real=0.01 secs] 
145.151: Total time for which application threads were stopped: 0.0528470 seconds, Stopping threads took: 0.0465530 seconds
145.222: Application time: 0.0712410 seconds
145.226: [GC145.226: [DefNew: 3825K->3825K(4288K), 0.0000090 secs]145.226: [Tenured: 6875K->1699K(9600K), 0.0051510 secs] 10701K->1699K(13888K), [Perm : 5135K->5135K(21248K)], 0.0052030 secs] [Times: user=0.00 sys=0.00, real=0.00 secs] 
145.231: Total time for which application threads were stopped: 0.0091390 seconds, Stopping threads took: 0.0038480 seconds
145.231: Application time: 0.0005650 seconds
145.232: [GC145.232: [DefNew: 3727K->392K(4288K), 0.0008530 secs] 5426K->5411K(13888K), 0.0008730 secs] [Times: user=0.00 sys=0.00, real=0.01 secs] 
145.233: Total time for which application threads were stopped: 0.0012580 seconds, Stopping threads took: 0.0003220 seconds
145.234: Application time: 0.0011930 seconds
145.295: [GC145.295: [DefNew: 4215K->391K(4288K), 0.0007010 secs] 9234K->7560K(13888K), 0.0007230 secs] [Times: user=0.00 sys=0.00, real=0.00 secs] 
145.296: Total time for which application threads were stopped: 0.0622240 seconds, Stopping threads took: 0.0614380 seconds
145.297: Application time: 0.0009180 seconds
145.367: [GC145.367: [DefNew: 4216K->4216K(4288K), 0.0000080 secs]145.367: [Tenured: 7169K->4433K(9600K), 0.0064280 secs] 11386K->4433K(13888K), [Perm : 5135K->5135K(21248K)], 0.0064780 secs] [Times: user=0.01 sys=0.00, real=0.01 secs] 
145.373: Total time for which application threads were stopped: 0.0762990 seconds, Stopping threads took: 0.0697430 seconds
145.374: Application time: 0.0006850 seconds
145.408: [GC145.408: [DefNew: 3630K->392K(4288K), 0.0009720 secs] 8063K->7950K(13888K), 0.0010000 secs] [Times: user=0.01 sys=0.00, real=0.00 secs] 
145.409: Total time for which application threads were stopped: 0.0345460 seconds, Stopping threads took: 0.0334870 seconds
145.409: Application time: 0.0006740 seconds
145.443: [GC145.443: [DefNew: 4213K->4213K(4288K), 0.0000070 secs]145.443: [Tenured: 7558K->6484K(9600K), 0.0067640 secs] 11771K->6484K(13888K), [Perm : 5135K->5135K(21248K)], 0.0068100 secs] [Times: user=0.01 sys=0.00, real=0.01 secs] 
145.450: Total time for which application threads were stopped: 0.0407770 seconds, Stopping threads took: 0.0339140 seconds
145.522: Application time: 0.0721030 seconds
145.525: [GC145.525: [DefNew: 3825K->3825K(4288K), 0.0000090 secs]145.525: [Tenured: 6484K->1699K(9600K), 0.0057940 secs] 10309K->1699K(13888K), [Perm : 5135K->5135K(21248K)], 0.0058480 secs] [Times: user=0.01 sys=0.00, real=0.00 secs] 
145.531: Total time for which application threads were stopped: 0.0084450 seconds, Stopping threads took: 0.0025210 seconds
145.531: Application time: 0.0006010 seconds
145.532: [GC145.532: [DefNew: 3725K->392K(4288K), 0.0008840 secs] 5424K->5411K(13888K), 0.0009030 secs] [Times: user=0.00 sys=0.00, real=0.01 secs] 
145.533: Total time for which application threads were stopped: 0.0013690 seconds, Stopping threads took: 0.0004050 seconds
145.534: Application time: 0.0012270 seconds
145.603: [GC145.603: [DefNew: 4215K->391K(4288K), 0.0005260 secs] 9234K->6584K(13888K), 0.0005490 secs] [Times: user=0.00 sys=0.00, real=0.00 secs] 
145.604: Total time for which application threads were stopped: 0.0699380 seconds, Stopping threads took: 0.0693460 seconds
145.604: Application time: 0.0003840 seconds
145.652: [GC145.652: [DefNew: 4216K->4216K(4288K), 0.0000070 secs]145.652: [Tenured: 6192K->4433K(9600K), 0.0057060 secs] 10409K->4433K(13888K), [Perm : 5135K->5135K(21248K)], 0.0057530 secs] [Times: user=0.00 sys=0.01, real=0.01 secs] 
145.658: Total time for which application threads were stopped: 0.0539260 seconds, Stopping threads took: 0.0481120 seconds
145.659: Application time: 0.0004790 seconds
145.692: [GC145.692: [DefNew: 3823K->391K(4288K), 0.0008930 secs] 8256K->7950K(13888K), 0.0009210 secs] [Times: user=0.00 sys=0.00, real=0.01 secs] 
145.693: Total time for which application threads were stopped: 0.0346710 seconds, Stopping threads took: 0.0337030 seconds
145.765: Application time: 0.0718190 seconds
145.798: [GC145.798: [DefNew: 4216K->4216K(4288K), 0.0000090 secs]145.798: [Tenured: 7558K->1308K(9600K), 0.0050620 secs] 11775K->1308K(13888K), [Perm : 5135K->5135K(21248K)], 0.0051140 secs] [Times: user=0.00 sys=0.00, real=0.00 secs] 
145.804: Total time for which application threads were stopped: 0.0384760 seconds, Stopping threads took: 0.0332860 seconds
145.804: Application time: 0.0005970 seconds
145.804: [GC145.804: [DefNew: 3725K->391K(4288K), 0.0008380 secs] 5034K->5020K(13888K), 0.0008550 secs] [Times: user=0.00 sys=0.00, real=0.00 secs] 
145.805: Total time for which application threads were stopped: 0.0010570 seconds, Stopping threads took: 0.0001650 seconds
145.806: Application time: 0.0008870 seconds
145.868: [GC145.868: [DefNew: 4113K->391K(4288K), 0.0006040 secs] 8742K->6193K(13888K), 0.0006320 secs] [Times: user=0.00 sys=0.00, real=0.00 secs] 
145.869: Total time for which application threads were stopped: 0.0627750 seconds, Stopping threads took: 0.0620710 seconds
145.869: Application time: 0.0005250 seconds
145.938: [GC145.938: [DefNew: 3923K->3923K(4288K), 0.0000080 secs]145.938: [Tenured: 5802K->3652K(9600K), 0.0060190 secs] 9725K->3652K(13888K), [Perm : 5135K->5135K(21248K)], 0.0060600 secs] [Times: user=0.00 sys=0.00, real=0.01 secs] 
145.945: Total time for which application threads were stopped: 0.0751570 seconds, Stopping threads took: 0.0690230 seconds
145.945: Application time: 0.0005290 seconds
145.946: [GC145.946: [DefNew: 3819K->294K(4288K), 0.0008660 secs] 7471K->7461K(13888K), 0.0008870 secs] [Times: user=0.00 sys=0.00, real=0.00 secs] 
145.946: Total time for which application threads were stopped: 0.0013650 seconds, Stopping threads took: 0.0004340 seconds
146.019: Application time: 0.0728440 seconds
146.020: [GC146.020: [DefNew: 4119K->4119K(4288K), 0.0000160 secs]146.020: [Tenured: 7167K->2676K(9600K), 0.0061110 secs] 11287K->2676K(13888K), [Perm : 5136K->5136K(21248K)], 0.0061710 secs] [Times: user=0.01 sys=0.00, real=0.01 secs] 
146.026: Total time for which application threads were stopped: 0.0069610 seconds, Stopping threads took: 0.0007120 seconds
146.027: Application time: 0.0007530 seconds
146.060: [GC146.060: [DefNew: 3786K->441K(4288K), 0.0009050 secs] 6463K->6251K(13888K), 0.0009270 secs] [Times: user=0.00 sys=0.00, real=0.00 secs] 
146.061: Total time for which application threads were stopped: 0.0343680 seconds, Stopping threads took: 0.0333740 seconds
146.062: Application time: 0.0006790 seconds
146.128: [GC146.128: [DefNew: 4266K->4266K(4288K), 0.0000080 secs]146.128: [Tenured: 5810K->3711K(9600K), 0.0062820 secs] 10076K->3711K(13888K), [Perm : 5136K->5136K(21248K)], 0.0063280 secs] [Times: user=0.00 sys=0.00, real=0.01 secs] 
146.135: Total time for which application threads were stopped: 0.0725410 seconds, Stopping threads took: 0.0661370 seconds
146.135: Application time: 0.0007400 seconds
146.198: [GC146.198: [DefNew: 3786K->441K(4288K), 0.0007800 secs] 7498K->6504K(13888K), 0.0008070 secs] [Times: user=0.00 sys=0.00, real=0.00 secs] 
146.199: Total time for which application threads were stopped: 0.0639220 seconds, Stopping threads took: 0.0630470 seconds
146.200: Application time: 0.0003580 seconds
146.240: [GC146.240: [DefNew: 4071K->4071K(4288K), 0.0000070 secs]146.240: [Tenured: 6063K->4549K(9600K), 0.0064010 secs] 10134K->4549K(13888K), [Perm : 5136K->5136K(21248K)], 0.0064430 secs] [Times: user=0.00 sys=0.00, real=0.01 secs] 
146.246: Total time for which application threads were stopped: 0.0463670 seconds, Stopping threads took: 0.0398740 seconds
146.247: Application time: 0.0006830 seconds
146.280: [GC146.280: [DefNew: 3686K->440K(4288K), 0.0007910 secs] 8236K->7537K(13888K), 0.0008250 secs] [Times: user=0.01 sys=0.00, real=0.00 secs] 
146.281: Total time for which application threads were stopped: 0.0341030 seconds, Stopping threads took: 0.0332190 seconds
146.282: Application time: 0.0008610 seconds
146.352: [GC146.352: [DefNew: 4265K->4265K(4288K), 0.0000090 secs]146.352: [Tenured: 7096K->3164K(9600K), 0.0061430 secs] 11362K->3164K(13888K), [Perm : 5136K->5136K(21248K)], 0.0061920 secs] [Times: user=0.01 sys=0.00, real=0.01 secs] 
146.358: Total time for which application threads were stopped: 0.0762260 seconds, Stopping threads took: 0.0699500 seconds
146.359: Application time: 0.0006700 seconds
146.393: [GC146.393: [DefNew: 3708K->420K(4288K), 0.0008710 secs] 6872K->6515K(13888K), 0.0008950 secs] [Times: user=0.00 sys=0.00, real=0.00 secs] 
146.394: Total time for which application threads were stopped: 0.0354210 seconds, Stopping threads took: 0.0344560 seconds
146.394: Application time: 0.0003840 seconds
146.456: [GC146.456: [DefNew: 4241K->4241K(4288K), 0.0000070 secs]146.456: [Tenured: 6094K->5243K(9600K), 0.0065110 secs] 10336K->5243K(13888K), [Perm : 5136K->5136K(21248K)], 0.0065540 secs] [Times: user=0.01 sys=0.00, real=0.00 secs] 
146.463: Total time for which application threads were stopped: 0.0684120 seconds, Stopping threads took: 0.0617850 seconds
146.464: Application time: 0.0008660 seconds
146.529: [GC146.529: [DefNew: 3825K->391K(4288K), 0.0007620 secs] 9069K->7589K(13888K), 0.0007900 secs] [Times: user=0.00 sys=0.00, real=0.00 secs] 
146.530: Total time for which application threads were stopped: 0.0660590 seconds, Stopping threads took: 0.0651940 seconds
146.530: Application time: 0.0004310 seconds
146.564: [GC146.564: [DefNew: 4100K->4100K(4288K), 0.0000060 secs]146.564: [Tenured: 7197K->4100K(9600K), 0.0056800 secs] 11297K->4100K(13888K), [Perm : 5136K->5136K(21248K)], 0.0057240 secs] [Times: user=0.01 sys=0.00, real=0.01 secs] 
146.570: Total time for which application threads were stopped: 0.0395190 seconds, Stopping threads took: 0.0337450 seconds
146.570: Application time: 0.0004780 seconds
146.603: [GC146.603: [DefNew: 3825K->391K(4288K), 0.0008310 secs] 7925K->7031K(13888K), 0.0008570 secs] [Times: user=0.01 sys=0.00, real=0.00 secs] 
146.604: Total time for which application threads were stopped: 0.0341910 seconds, Stopping threads took: 0.0332580 seconds
146.605: Application time: 0.0005680 seconds
146.652: [GC146.652: [DefNew: 4213K->4213K(4288K), 0.0000060 secs]146.652: [Tenured: 6639K->6738K(9600K), 0.0054330 secs] 10852K->6738K(13888K), [Perm : 5136K->5136K(21248K)], 0.0054790 secs] [Times: user=0.00 sys=0.00, real=0.01 secs] 
146.658: Total time for which application threads were stopped: 0.0527150 seconds, Stopping threads took: 0.0471750 seconds
146.729: Application time: 0.0713910 seconds
146.734: [GC146.734: [DefNew: 3825K->3825K(4288K), 0.0000090 secs]146.734: [Tenured: 6738K->1504K(9600K), 0.0050610 secs] 10563K->1504K(13888K), [Perm : 5136K->5136K(21248K)], 0.0051130 secs] [Times: user=0.00 sys=0.00, real=0.00 secs] 
146.739: Total time for which application threads were stopped: 0.0099600 seconds, Stopping threads took: 0.0047700 seconds
146.740: Application time: 0.0005780 seconds
146.740: [GC146.740: [DefNew: 3725K->392K(4288K), 0.0008220 secs] 5230K->5216K(13888K), 0.0008420 secs] [Times: user=0.00 sys=0.00, real=0.00 secs] 
146.741: Total time for which application threads were stopped: 0.0012950 seconds, Stopping threads took: 0.0004070 seconds
146.742: Application time: 0.0008660 seconds
146.804: [GC146.804: [DefNew: 4215K->293K(4288K), 0.0006920 secs] 9039K->7072K(13888K), 0.0007160 secs] [Times: user=0.00 sys=0.00, real=0.01 secs] 
146.804: Total time for which application threads were stopped: 0.0626870 seconds, Stopping threads took: 0.0619090 seconds
146.805: Application time: 0.0004090 seconds
146.856: [GC146.856: [DefNew: 3923K->3923K(4288K), 0.0000090 secs]146.856: [Tenured: 6779K->4043K(9600K), 0.0056580 secs] 10703K->4043K(13888K), [Perm : 5136K->5136K(21248K)], 0.0057230 secs] [Times: user=0.01 sys=0.00, real=0.00 secs] 
146.862: Total time for which application threads were stopped: 0.0568630 seconds, Stopping threads took: 0.0510490 seconds
146.862: Application time: 0.0004310 seconds
146.863: [GC146.863: [DefNew: 3723K->391K(4288K), 0.0008570 secs] 7766K->7755K(13888K), 0.0008760 secs] [Times: user=0.00 sys=0.00, real=0.00 secs] 
146.863: Total time for which application threads were stopped: 0.0013290 seconds, Stopping threads took: 0.0004010 seconds
146.936: Application time: 0.0723250 seconds
146.939: [GC146.939: [DefNew: 4119K->4119K(4288K), 0.0000090 secs]146.939: [Tenured: 7363K->2872K(9600K), 0.0047470 secs] 11483K->2872K(13888K), [Perm : 5136K->5136K(21248K)], 0.0048020 secs] [Times: user=0.01 sys=0.00, real=0.00 secs] 
146.944: Total time for which application threads were stopped: 0.0077540 seconds, Stopping threads took: 0.0028730 seconds
146.944: Application time: 0.0005350 seconds
146.977: [GC146.977: [DefNew: 3821K->392K(4288K), 0.0008400 secs] 6693K->6389K(13888K), 0.0008590 secs] [Times: user=0.00 sys=0.00, real=0.00 secs] 
146.978: Total time for which application threads were stopped: 0.0343020 seconds, Stopping threads took: 0.0334010 seconds
146.979: Application time: 0.0004520 seconds
147.049: [GC147.049: [DefNew: 4217K->4217K(4288K), 0.0000080 secs]147.049: [Tenured: 5997K->4045K(9600K), 0.0059870 secs] 10214K->4045K(13888K), [Perm : 5136K->5136K(21248K)], 0.0060390 secs] [Times: user=0.00 sys=0.00, real=0.01 secs] 
147.055: Total time for which application threads were stopped: 0.0763060 seconds, Stopping threads took: 0.0701890 seconds
147.056: Application time: 0.0004920 seconds
147.092: [GC147.092: [DefNew: 3630K->392K(4288K), 0.0009090 secs] 7675K->7172K(13888K), 0.0009340 secs] [Times: user=0.00 sys=0.00, real=0.01 secs] 
147.092: Total time for which application threads were stopped: 0.0368660 seconds, Stopping threads took: 0.0358630 seconds
147.093: Application time: 0.0005770 seconds
147.127: [GC147.127: [DefNew: 4113K->4113K(4288K), 0.0000060 secs]147.127: [Tenured: 6779K->7070K(9600K), 0.0062440 secs] 10893K->7070K(13888K), [Perm : 5136K->5136K(21248K)], 0.0062880 secs] [Times: user=0.01 sys=0.00, real=0.01 secs] 
147.133: Total time for which application threads were stopped: 0.0399660 seconds, Stopping threads took: 0.0336270 seconds
147.206: Application time: 0.0734260 seconds
147.212: [GC147.212: [DefNew: 3825K->3825K(4288K), 0.0000090 secs]147.212: [Tenured: 7070K->2285K(9600K), 0.0052470 secs] 10895K->2285K(13888K), [Perm : 5136K->5136K(21248K)], 0.0053010 secs] [Times: user=0.00 sys=0.00, real=0.01 secs] 
147.217: Total time for which application threads were stopped: 0.0106600 seconds, Stopping threads took: 0.0053020 seconds
147.218: Application time: 0.0005000 seconds
147.251: [GC147.251: [DefNew: 3825K->392K(4288K), 0.0008940 secs] 6111K->5998K(13888K), 0.0009180 secs] [Times: user=0.00 sys=0.00, real=0.00 secs] 
147.252: Total time for which application threads were stopped: 0.0345230 seconds, Stopping threads took: 0.0335500 seconds
147.253: Application time: 0.0009290 seconds
147.302: [GC147.302: [DefNew: 4113K->4113K(4288K), 0.0000060 secs]147.302: [Tenured: 5606K->5508K(9600K), 0.0059810 secs] 9720K->5508K(13888K), [Perm : 5136K->5136K(21248K)], 0.0060280 secs] [Times: user=0.00 sys=0.00, real=0.01 secs] 
147.308: Total time for which application threads were stopped: 0.0550270 seconds, Stopping threads took: 0.0489230 seconds
147.309: Application time: 0.0010220 seconds
147.379: [GC147.379: [DefNew: 3825K->391K(4288K), 0.0008770 secs] 9333K->8146K(13888K), 0.0009070 secs] [Times: user=0.00 sys=0.00, real=0.00 secs] 
147.380: Total time for which application threads were stopped: 0.0705700 seconds, Stopping threads took: 0.0695990 seconds
147.380: Application time: 0.0004440 seconds
147.414: [GC147.414: [DefNew: 4119K->4119K(4288K), 0.0000060 secs]147.414: [Tenured: 7754K->4433K(9600K), 0.0057470 secs] 11874K->4433K(13888K), [Perm : 5136K->5136K(21248K)], 0.0057930 secs] [Times: user=0.01 sys=0.00, real=0.00 secs] 
147.420: Total time for which application threads were stopped: 0.0398150 seconds, Stopping threads took: 0.0339370 seconds
147.420: Application time: 0.0004670 seconds
147.470: [GC147.470: [DefNew: 3823K->391K(4288K), 0.0008310 secs] 8257K->7364K(13888K), 0.0008560 secs] [Times: user=0.00 sys=0.00, real=0.00 secs] 
147.471: Total time for which application threads were stopped: 0.0501190 seconds, Stopping threads took: 0.0491950 seconds
147.471: Application time: 0.0007240 seconds
147.532: [GC147.532: [DefNew: 4115K->4115K(4288K), 0.0000070 secs]147.532: [Tenured: 6973K->5508K(9600K), 0.0065680 secs] 11088K->5508K(13888K), [Perm : 5136K->5136K(21248K)], 0.0066140 secs] [Times: user=0.01 sys=0.00, real=0.00 secs] 
147.539: Total time for which application threads were stopped: 0.0677430 seconds, Stopping threads took: 0.0610770 seconds
147.540: Application time: 0.0010310 seconds
147.611: [GC147.611: [DefNew: 3825K->391K(4288K), 0.0008490 secs] 9333K->8146K(13888K), 0.0008800 secs] [Times: user=0.00 sys=0.00, real=0.00 secs] 
147.612: Total time for which application threads were stopped: 0.0716860 seconds, Stopping threads took: 0.0707310 seconds
147.612: Application time: 0.0004240 seconds
147.646: [GC147.646: [DefNew: 4119K->4119K(4288K), 0.0000070 secs]147.646: [Tenured: 7754K->4433K(9600K), 0.0064490 secs] 11874K->4433K(13888K), [Perm : 5136K->5136K(21248K)], 0.0064900 secs] [Times: user=0.01 sys=0.00, real=0.01 secs] 
147.653: Total time for which application threads were stopped: 0.0403620 seconds, Stopping threads took: 0.0338000 seconds
147.653: Application time: 0.0004970 seconds
147.706: [GC147.706: [DefNew: 3823K->391K(4288K), 0.0008600 secs] 8257K->7657K(13888K), 0.0008860 secs] [Times: user=0.00 sys=0.00, real=0.00 secs] 
147.707: Total time for which application threads were stopped: 0.0535190 seconds, Stopping threads took: 0.0525640 seconds
147.779: Application time: 0.0721180 seconds
147.779: [GC147.779: [DefNew: 4216K->4216K(4288K), 0.0000090 secs]147.779: [Tenured: 7266K->1309K(9600K), 0.0057770 secs] 11483K->1309K(13888K), [Perm : 5136K->5136K(21248K)], 0.0058290 secs] [Times: user=0.00 sys=0.00, real=0.01 secs] 
147.785: Total time for which application threads were stopped: 0.0066550 seconds, Stopping threads took: 0.0007490 seconds
147.786: Application time: 0.0006290 seconds
147.786: [GC147.786: [DefNew: 3725K->391K(4288K), 0.0008440 secs] 5034K->5021K(13888K), 0.0008610 secs] [Times: user=0.00 sys=0.00, real=0.00 secs] 
147.787: Total time for which application threads were stopped: 0.0012090 seconds, Stopping threads took: 0.0002890 seconds
147.788: Application time: 0.0004080 seconds
147.821: [GC147.821: [DefNew: 4117K->390K(4288K), 0.0009070 secs] 8747K->8147K(13888K), 0.0009270 secs] [Times: user=0.00 sys=0.00, real=0.00 secs] 
147.822: Total time for which application threads were stopped: 0.0346940 seconds, Stopping threads took: 0.0337040 seconds
147.895: Application time: 0.0724130 seconds
147.898: [GC147.898: [DefNew: 4079K->4079K(4288K), 0.0000100 secs]147.898: [Tenured: 7756K->1562K(9600K), 0.0057890 secs] 11835K->1562K(13888K), [Perm : 5136K->5136K(21248K)], 0.0058420 secs] [Times: user=0.01 sys=0.00, real=0.00 secs] 
147.904: Total time for which application threads were stopped: 0.0095800 seconds, Stopping threads took: 0.0036480 seconds
147.905: Application time: 0.0005700 seconds
147.905: [GC147.905: [DefNew: 3725K->392K(4288K), 0.0008680 secs] 5287K->5274K(13888K), 0.0008840 secs] [Times: user=0.00 sys=0.00, real=0.00 secs] 
147.906: Total time for which application threads were stopped: 0.0012700 seconds, Stopping threads took: 0.0003260 seconds
147.907: Application time: 0.0007020 seconds
147.962: [GC147.962: [DefNew: 4213K->391K(4288K), 0.0006390 secs] 9095K->7228K(13888K), 0.0006580 secs] [Times: user=0.00 sys=0.00, real=0.00 secs] 
147.963: Total time for which application threads were stopped: 0.0558230 seconds, Stopping threads took: 0.0551150 seconds
147.963: Application time: 0.0007580 seconds
148.031: [GC148.031: [DefNew: 4216K->4216K(4288K), 0.0000090 secs]148.031: [Tenured: 6837K->4238K(9600K), 0.0062790 secs] 11053K->4238K(13888K), [Perm : 5136K->5136K(21248K)], 0.0063400 secs] [Times: user=0.01 sys=0.00, real=0.01 secs] 
148.037: Total time for which application threads were stopped: 0.0739200 seconds, Stopping threads took: 0.0675020 seconds
148.038: Application time: 0.0007110 seconds
148.102: [GC148.102: [DefNew: 3708K->420K(4288K), 0.0009640 secs] 7947K->7589K(13888K), 0.0009940 secs] [Times: user=0.00 sys=0.00, real=0.00 secs] 
148.103: Total time for which application threads were stopped: 0.0649470 seconds, Stopping threads took: 0.0638810 seconds
148.103: Application time: 0.0004090 seconds
148.174: [GC148.174: [DefNew: 4148K->4148K(4288K), 0.0000060 secs]148.174: [Tenured: 7168K->4071K(9600K), 0.0056960 secs] 11316K->4071K(13888K), [Perm : 5136K->5136K(21248K)], 0.0057420 secs] [Times: user=0.01 sys=0.00, real=0.00 secs] 
148.179: Total time for which application threads were stopped: 0.0760400 seconds, Stopping threads took: 0.0702220 seconds
148.180: Application time: 0.0006270 seconds
148.214: [GC148.214: [DefNew: 3767K->445K(4288K), 0.0008800 secs] 7839K->7381K(13888K), 0.0009010 secs] [Times: user=0.00 sys=0.00, real=0.00 secs] 
148.215: Total time for which application threads were stopped: 0.0344790 seconds, Stopping threads took: 0.0335110 seconds
148.287: Application time: 0.0726040 seconds
148.288: [GC148.288: [DefNew: 4270K->4270K(4288K), 0.0000090 secs]148.288: [Tenured: 6936K->1813K(9600K), 0.0051720 secs] 11206K->1813K(13888K), [Perm : 5136K->5136K(21248K)], 0.0052230 secs] [Times: user=0.01 sys=0.00, real=0.01 secs] 
148.293: Total time for which application threads were stopped: 0.0063280 seconds, Stopping threads took: 0.0010250 seconds
148.294: Application time: 0.0006420 seconds
148.294: [GC148.294: [DefNew: 3825K->391K(4288K), 0.0008990 secs] 5638K->5623K(13888K), 0.0009210 secs] [Times: user=0.00 sys=0.00, real=0.00 secs] 
148.295: Total time for which application threads were stopped: 0.0011460 seconds, Stopping threads took: 0.0001800 seconds
148.297: Application time: 0.0017610 seconds
148.367: [GC148.367: [DefNew: 4212K->391K(4288K), 0.0003700 secs] 9444K->6014K(13888K), 0.0003970 secs] [Times: user=0.00 sys=0.00, real=0.00 secs] 
148.367: Total time for which application threads were stopped: 0.0704030 seconds, Stopping threads took: 0.0699370 seconds
148.368: Application time: 0.0003840 seconds
148.401: [GC148.401: [DefNew: 4173K->4173K(4288K), 0.0000070 secs]148.401: [Tenured: 5623K->4552K(9600K), 0.0062760 secs] 9796K->4552K(13888K), [Perm : 5136K->5136K(21248K)], 0.0063240 secs] [Times: user=0.00 sys=0.00, real=0.01 secs] 
148.408: Total time for which application threads were stopped: 0.0397950 seconds, Stopping threads took: 0.0333860 seconds
148.408: Application time: 0.0004910 seconds
148.442: [GC148.442: [DefNew: 3649K->415K(4288K), 0.0007960 secs] 8201K->7311K(13888K), 0.0008190 secs] [Times: user=0.00 sys=0.00, real=0.00 secs] 
148.443: Total time for which application threads were stopped: 0.0345110 seconds, Stopping threads took: 0.0336220 seconds
148.443: Application time: 0.0006210 seconds
148.477: [GC148.477: [DefNew: 4119K->4119K(4288K), 0.0000060 secs]148.477: [Tenured: 6895K->6289K(9600K), 0.0064580 secs] 11015K->6289K(13888K), [Perm : 5136K->5136K(21248K)], 0.0065010 secs] [Times: user=0.01 sys=0.00, real=0.00 secs] 
148.483: Total time for which application threads were stopped: 0.0399210 seconds, Stopping threads took: 0.0333460 seconds
148.555: Application time: 0.0716090 seconds
148.557: [GC148.557: [DefNew: 3825K->3825K(4288K), 0.0000090 secs]148.557: [Tenured: 6289K->1505K(9600K), 0.0058190 secs] 10115K->1505K(13888K), [Perm : 5136K->5136K(21248K)], 0.0058720 secs] [Times: user=0.00 sys=0.00, real=0.00 secs] 
148.563: Total time for which application threads were stopped: 0.0083100 seconds, Stopping threads took: 0.0023590 seconds
148.564: Application time: 0.0006290 seconds
148.564: [GC148.564: [DefNew: 3727K->392K(4288K), 0.0008830 secs] 5233K->5218K(13888K), 0.0009010 secs] [Times: user=0.00 sys=0.00, real=0.01 secs] 
148.565: Total time for which application threads were stopped: 0.0013000 seconds, Stopping threads took: 0.0003510 seconds
148.566: Application time: 0.0013820 seconds
148.630: [GC148.630: [DefNew: 4211K->391K(4288K), 0.0003460 secs] 9037K->5609K(13888K), 0.0003650 secs] [Times: user=0.00 sys=0.00, real=0.00 secs] 
148.631: Total time for which application threads were stopped: 0.0643840 seconds, Stopping threads took: 0.0639550 seconds
148.631: Application time: 0.0003020 seconds
148.665: [GC148.665: [DefNew: 4021K->391K(4288K), 0.0007230 secs] 9239K->7953K(13888K), 0.0007450 secs] [Times: user=0.00 sys=0.00, real=0.00 secs] 
148.665: Total time for which application threads were stopped: 0.0341860 seconds, Stopping threads took: 0.0333770 seconds
148.666: Application time: 0.0005760 seconds
148.699: [GC148.699: [DefNew: 4208K->4208K(4288K), 0.0000060 secs]148.699: [Tenured: 7562K->6779K(9600K), 0.0067430 secs] 11771K->6779K(13888K), [Perm : 5136K->5136K(21248K)], 0.0067910 secs] [Times: user=0.01 sys=0.00, real=0.01 secs] 
148.706: Total time for which application threads were stopped: 0.0402920 seconds, Stopping threads took: 0.0334240 seconds
148.777: Application time: 0.0711420 seconds
148.780: [GC148.780: [DefNew: 3727K->3727K(4288K), 0.0000090 secs]148.780: [Tenured: 6779K->1896K(9600K), 0.0046270 secs] 10506K->1896K(13888K), [Perm : 5136K->5136K(21248K)], 0.0046800 secs] [Times: user=0.00 sys=0.00, real=0.01 secs] 
148.785: Total time for which application threads were stopped: 0.0073400 seconds, Stopping threads took: 0.0025800 seconds
148.785: Application time: 0.0004730 seconds
148.786: [GC148.786: [DefNew: 3725K->392K(4288K), 0.0007860 secs] 5622K->5609K(13888K), 0.0008060 secs] [Times: user=0.01 sys=0.00, real=0.00 secs] 
148.786: Total time for which application threads were stopped: 0.0012680 seconds, Stopping threads took: 0.0003980 seconds
148.788: Application time: 0.0020200 seconds
148.858: [GC148.858: [DefNew: 4019K->196K(4288K), 0.0002590 secs] 9237K->5414K(13888K), 0.0002920 secs] [Times: user=0.00 sys=0.00, real=0.00 secs] 
148.859: Total time for which application threads were stopped: 0.0702770 seconds, Stopping threads took: 0.0699180 seconds
148.859: Application time: 0.0002720 seconds
148.859: [GC148.859: [DefNew: 3921K->391K(4288K), 0.0008450 secs] 9140K->9126K(13888K), 0.0008660 secs] [Times: user=0.00 sys=0.00, real=0.00 secs] 
148.860: Total time for which application threads were stopped: 0.0010750 seconds, Stopping threads took: 0.0001530 seconds
148.861: Application time: 0.0010100 seconds
148.931: [GC148.931: [DefNew: 4212K->4212K(4288K), 0.0000070 secs]148.931: [Tenured: 8734K->3848K(9600K), 0.0063660 secs] 12947K->3848K(13888K), [Perm : 5136K->5136K(21248K)], 0.0064130 secs] [Times: user=0.01 sys=0.00, real=0.01 secs] 
148.937: Total time for which application threads were stopped: 0.0761890 seconds, Stopping threads took: 0.0696920 seconds
148.938: Application time: 0.0007130 seconds
148.988: [GC148.988: [DefNew: 3825K->392K(4288K), 0.0008760 secs] 7674K->6975K(13888K), 0.0009010 secs] [Times: user=0.00 sys=0.00, real=0.00 secs] 
148.989: Total time for which application threads were stopped: 0.0507090 seconds, Stopping threads took: 0.0497450 seconds
148.989: Application time: 0.0005150 seconds
149.023: [GC149.023: [DefNew: 4113K->4113K(4288K), 0.0000070 secs]149.023: [Tenured: 6583K->7071K(9600K), 0.0065390 secs] 10696K->7071K(13888K), [Perm : 5136K->5136K(21248K)], 0.0065850 secs] [Times: user=0.00 sys=0.00, real=0.01 secs] 
149.029: Total time for which application threads were stopped: 0.0401270 seconds, Stopping threads took: 0.0334640 seconds
149.105: Application time: 0.0757980 seconds
149.115: [GC149.115: [DefNew: 3825K->3825K(4288K), 0.0000090 secs]149.115: [Tenured: 7071K->2286K(9600K), 0.0052500 secs] 10896K->2286K(13888K), [Perm : 5136K->5136K(21248K)], 0.0053050 secs] [Times: user=0.00 sys=0.00, real=0.00 secs] 
149.121: Total time for which application threads were stopped: 0.0154790 seconds, Stopping threads took: 0.0101120 seconds
149.121: Application time: 0.0004360 seconds
149.168: [GC149.168: [DefNew: 3825K->392K(4288K), 0.0008970 secs] 6111K->5999K(13888K), 0.0009300 secs] [Times: user=0.01 sys=0.00, real=0.00 secs] 
149.169: Total time for which application threads were stopped: 0.0481510 seconds, Stopping threads took: 0.0471520 seconds
149.170: Application time: 0.0007440 seconds
149.203: [GC149.203: [DefNew: 4113K->4113K(4288K), 0.0000060 secs]149.203: [Tenured: 5606K->5508K(9600K), 0.0058820 secs] 9720K->5508K(13888K), [Perm : 5136K->5136K(21248K)], 0.0059260 secs] [Times: user=0.01 sys=0.00, real=0.01 secs] 
149.209: Total time for which application threads were stopped: 0.0394940 seconds, Stopping threads took: 0.0334900 seconds
149.210: Application time: 0.0008420 seconds
149.280: [GC149.280: [DefNew: 3825K->391K(4288K), 0.0008880 secs] 9334K->8146K(13888K), 0.0009170 secs] [Times: user=0.00 sys=0.00, real=0.00 secs] 
149.281: Total time for which application threads were stopped: 0.0707500 seconds, Stopping threads took: 0.0697560 seconds
149.281: Application time: 0.0004240 seconds
149.315: [GC149.315: [DefNew: 4119K->4119K(4288K), 0.0000060 secs]149.315: [Tenured: 7754K->4434K(9600K), 0.0058210 secs] 11874K->4434K(13888K), [Perm : 5136K->5136K(21248K)], 0.0058660 secs] [Times: user=0.00 sys=0.00, real=0.00 secs] 
149.321: Total time for which application threads were stopped: 0.0393660 seconds, Stopping threads took: 0.0334250 seconds
149.321: Application time: 0.0004860 seconds
149.368: [GC149.368: [DefNew: 3823K->391K(4288K), 0.0008660 secs] 8257K->7365K(13888K), 0.0008920 secs] [Times: user=0.00 sys=0.00, real=0.00 secs] 
149.369: Total time for which application threads were stopped: 0.0472290 seconds, Stopping threads took: 0.0462850 seconds
149.369: Application time: 0.0007550 seconds
149.402: [GC149.402: [DefNew: 4115K->4115K(4288K), 0.0000060 secs]149.402: [Tenured: 6973K->5509K(9600K), 0.0059830 secs] 11088K->5509K(13888K), [Perm : 5136K->5136K(21248K)], 0.0060290 secs] [Times: user=0.01 sys=0.00, real=0.01 secs] 
149.408: Total time for which application threads were stopped: 0.0391890 seconds, Stopping threads took: 0.0330830 seconds
149.413: Application time: 0.0045090 seconds
149.480: [GC149.480: [DefNew: 3825K->391K(4288K), 0.0005980 secs] 9334K->7072K(13888K), 0.0006280 secs] [Times: user=0.00 sys=0.00, real=0.00 secs] 
149.481: Total time for which application threads were stopped: 0.0677980 seconds, Stopping threads took: 0.0671100 seconds
149.481: Application time: 0.0003960 seconds
149.515: [GC149.515: [DefNew: 4119K->4119K(4288K), 0.0000070 secs]149.515: [Tenured: 6680K->4434K(9600K), 0.0063780 secs] 10800K->4434K(13888K), [Perm : 5136K->5136K(21248K)], 0.0064200 secs] [Times: user=0.01 sys=0.00, real=0.00 secs] 
149.521: Total time for which application threads were stopped: 0.0398140 seconds, Stopping threads took: 0.0333210 seconds
149.521: Application time: 0.0004940 seconds
149.556: [GC149.556: [DefNew: 3825K->391K(4288K), 0.0008120 secs] 8259K->7364K(13888K), 0.0008370 secs] [Times: user=0.01 sys=0.00, real=0.00 secs] 
149.557: Total time for which application threads were stopped: 0.0352060 seconds, Stopping threads took: 0.0342990 seconds
149.557: Application time: 0.0007010 seconds
149.624: [GC149.624: [DefNew: 4212K->4212K(4288K), 0.0000070 secs]149.624: [Tenured: 6973K->5997K(9600K), 0.0061600 secs] 11186K->5997K(13888K), [Perm : 5136K->5136K(21248K)], 0.0062080 secs] [Times: user=0.00 sys=0.00, real=0.01 secs] 
149.630: Total time for which application threads were stopped: 0.0726010 seconds, Stopping threads took: 0.0663150 seconds
149.631: Application time: 0.0009540 seconds
149.701: [GC149.701: [DefNew: 3806K->3806K(4288K), 0.0000080 secs]149.701: [Tenured: 5997K->3946K(9600K), 0.0062800 secs] 9803K->3946K(13888K), [Perm : 5136K->5136K(21248K)], 0.0063300 secs] [Times: user=0.01 sys=0.00, real=0.01 secs] 
149.707: Total time for which application threads were stopped: 0.0762010 seconds, Stopping threads took: 0.0697910 seconds
149.708: Application time: 0.0007940 seconds
149.759: [GC149.759: [DefNew: 3689K->441K(4288K), 0.0008790 secs] 7635K->6934K(13888K), 0.0009130 secs] [Times: user=0.00 sys=0.00, real=0.00 secs] 
149.760: Total time for which application threads were stopped: 0.0524570 seconds, Stopping threads took: 0.0514700 seconds
149.761: Application time: 0.0003710 seconds
149.819: [GC149.819: [DefNew: 4264K->4264K(4288K), 0.0000050 secs]149.819: [Tenured: 6493K->4882K(9600K), 0.0058510 secs] 10758K->4882K(13888K), [Perm : 5136K->5136K(21248K)], 0.0058960 secs] [Times: user=0.00 sys=0.00, real=0.01 secs] 
149.825: Total time for which application threads were stopped: 0.0643640 seconds, Stopping threads took: 0.0583930 seconds
149.826: Application time: 0.0006500 seconds
149.877: [GC149.877: [DefNew: 3708K->420K(4288K), 0.0009080 secs] 8590K->7646K(13888K), 0.0009420 secs] [Times: user=0.00 sys=0.00, real=0.00 secs] 
149.878: Total time for which application threads were stopped: 0.0524630 seconds, Stopping threads took: 0.0514500 seconds
149.879: Application time: 0.0008660 seconds
149.945: [GC149.945: [DefNew: 4245K->4245K(4288K), 0.0000070 secs]149.945: [Tenured: 7225K->4129K(9600K), 0.0056400 secs] 11471K->4129K(13888K), [Perm : 5136K->5136K(21248K)], 0.0056900 secs] [Times: user=0.00 sys=0.00, real=0.00 secs] 
149.950: Total time for which application threads were stopped: 0.0713070 seconds, Stopping threads took: 0.0655380 seconds
149.951: Application time: 0.0005670 seconds
150.015: [GC150.015: [DefNew: 3708K->420K(4288K), 0.0007960 secs] 7837K->6893K(13888K), 0.0008210 secs] [Times: user=0.00 sys=0.00, real=0.00 secs] 
150.015: Total time for which application threads were stopped: 0.0644910 seconds, Stopping threads took: 0.0635920 seconds
150.016: Application time: 0.0003460 seconds
150.069: [GC150.069: [DefNew: 4048K->4048K(4288K), 0.0000050 secs]150.069: [Tenured: 6473K->4548K(9600K), 0.0057480 secs] 10521K->4548K(13888K), [Perm : 5136K->5136K(21248K)], 0.0057940 secs] [Times: user=0.01 sys=0.00, real=0.01 secs] 
150.074: Total time for which application threads were stopped: 0.0585720 seconds, Stopping threads took: 0.0527240 seconds
150.075: Application time: 0.0004500 seconds
150.123: [GC150.123: [DefNew: 3625K->293K(4288K), 0.0007940 secs] 8174K->7576K(13888K), 0.0008130 secs] [Times: user=0.00 sys=0.00, real=0.00 secs] 
150.124: Total time for which application threads were stopped: 0.0490880 seconds, Stopping threads took: 0.0482280 seconds
150.125: Application time: 0.0008530 seconds
150.195: [GC150.195: [DefNew: 4119K->4119K(4288K), 0.0000090 secs]150.195: [Tenured: 7282K->3263K(9600K), 0.0056130 secs] 11402K->3263K(13888K), [Perm : 5136K->5136K(21248K)], 0.0056610 secs] [Times: user=0.00 sys=0.00, real=0.00 secs] 
150.200: Total time for which application threads were stopped: 0.0756150 seconds, Stopping threads took: 0.0698990 seconds
150.201: Application time: 0.0006140 seconds
150.237: [GC150.237: [DefNew: 3782K->396K(4288K), 0.0009750 secs] 7045K->6784K(13888K), 0.0010010 secs] [Times: user=0.00 sys=0.00, real=0.00 secs] 
150.238: Total time for which application threads were stopped: 0.0374030 seconds, Stopping threads took: 0.0363310 seconds
150.239: Application time: 0.0004120 seconds
150.272: [GC150.272: [DefNew: 4148K->4148K(4288K), 0.0000090 secs]150.272: [Tenured: 6388K->6416K(9600K), 0.0053630 secs] 10536K->6416K(13888K), [Perm : 5136K->5136K(21248K)], 0.0054110 secs] [Times: user=0.01 sys=0.00, real=0.01 secs] 
150.278: Total time for which application threads were stopped: 0.0388590 seconds, Stopping threads took: 0.0333700 seconds
150.350: Application time: 0.0718890 seconds
150.352: [GC150.352: [DefNew: 3727K->3727K(4288K), 0.0000080 secs]150.352: [Tenured: 6416K->1534K(9600K), 0.0057520 secs] 10144K->1534K(13888K), [Perm : 5136K->5136K(21248K)], 0.0058020 secs] [Times: user=0.01 sys=0.00, real=0.01 secs] 
150.358: Total time for which application threads were stopped: 0.0080260 seconds, Stopping threads took: 0.0021450 seconds
150.358: Application time: 0.0006260 seconds
150.359: [GC150.359: [DefNew: 3751K->416K(4288K), 0.0008890 secs] 5286K->5271K(13888K), 0.0009140 secs] [Times: user=0.00 sys=0.00, real=0.00 secs] 
150.359: Total time for which application threads were stopped: 0.0012010 seconds, Stopping threads took: 0.0002270 seconds
150.360: Application time: 0.0008580 seconds
150.425: [GC150.425: [DefNew: 4190K->419K(4288K), 0.0004720 secs] 9044K->6252K(13888K), 0.0004940 secs] [Times: user=0.00 sys=0.00, real=0.00 secs] 
150.425: Total time for which application threads were stopped: 0.0650310 seconds, Stopping threads took: 0.0644720 seconds
150.426: Application time: 0.0003400 seconds
150.476: [GC150.476: [DefNew: 4147K->4147K(4288K), 0.0000070 secs]150.476: [Tenured: 5832K->4102K(9600K), 0.0055400 secs] 9980K->4102K(13888K), [Perm : 5136K->5136K(21248K)], 0.0055880 secs] [Times: user=0.00 sys=0.00, real=0.00 secs] 
150.482: Total time for which application threads were stopped: 0.0562130 seconds, Stopping threads took: 0.0505690 seconds
150.482: Application time: 0.0005420 seconds
150.483: [GC150.483: [DefNew: 3819K->391K(4288K), 0.0009250 secs] 7921K->7912K(13888K), 0.0009480 secs] [Times: user=0.00 sys=0.00, real=0.00 secs] 
150.484: Total time for which application threads were stopped: 0.0013850 seconds, Stopping threads took: 0.0003890 seconds
150.556: Application time: 0.0718020 seconds
150.558: [GC150.558: [DefNew: 4216K->4216K(4288K), 0.0000090 secs]150.558: [Tenured: 7520K->3067K(9600K), 0.0054300 secs] 11737K->3067K(13888K), [Perm : 5136K->5136K(21248K)], 0.0054850 secs] [Times: user=0.00 sys=0.00, real=0.00 secs] 
150.563: Total time for which application threads were stopped: 0.0076060 seconds, Stopping threads took: 0.0020490 seconds
150.564: Application time: 0.0005300 seconds
150.597: [GC150.597: [DefNew: 3775K->391K(4288K), 0.0007890 secs] 6843K->6194K(13888K), 0.0008100 secs] [Times: user=0.00 sys=0.00, real=0.00 secs] 
150.598: Total time for which application threads were stopped: 0.0343670 seconds, Stopping threads took: 0.0334920 seconds
150.599: Application time: 0.0003990 seconds
150.660: [GC150.660: [DefNew: 4147K->4147K(4288K), 0.0000070 secs]150.660: [Tenured: 5802K->4073K(9600K), 0.0049510 secs] 9949K->4073K(13888K), [Perm : 5136K->5136K(21248K)], 0.0050000 secs] [Times: user=0.00 sys=0.00, real=0.01 secs] 
150.665: Total time for which application threads were stopped: 0.0667920 seconds, Stopping threads took: 0.0617350 seconds
150.666: Application time: 0.0004950 seconds
150.715: [GC150.715: [DefNew: 3628K->391K(4288K), 0.0007850 secs] 7701K->6809K(13888K), 0.0008080 secs] [Times: user=0.01 sys=0.00, real=0.00 secs] 
150.715: Total time for which application threads were stopped: 0.0494890 seconds, Stopping threads took: 0.0486100 seconds
150.716: Application time: 0.0006310 seconds
150.749: [GC150.749: [DefNew: 4113K->4113K(4288K), 0.0000060 secs]150.749: [Tenured: 6417K->7297K(9600K), 0.0060140 secs] 10530K->7297K(13888K), [Perm : 5136K->5136K(21248K)], 0.0060610 secs] [Times: user=0.00 sys=0.00, real=0.01 secs] 
150.755: Total time for which application threads were stopped: 0.0388060 seconds, Stopping threads took: 0.0326700 seconds
150.829: Application time: 0.0740040 seconds
150.830: [GC150.831: [DefNew: 3629K->3629K(4288K), 0.0000090 secs]150.831: [Tenured: 7297K->2316K(9600K), 0.0051830 secs] 10927K->2316K(13888K), [Perm : 5136K->5136K(21248K)], 0.0052370 secs] [Times: user=0.01 sys=0.00, real=0.01 secs] 
150.836: Total time for which application threads were stopped: 0.0069650 seconds, Stopping threads took: 0.0016470 seconds
150.836: Application time: 0.0004500 seconds
150.837: [GC150.837: [DefNew: 3821K->294K(4288K), 0.0008380 secs] 6138K->6127K(13888K), 0.0008590 secs] [Times: user=0.00 sys=0.00, real=0.00 secs] 
150.837: Total time for which application threads were stopped: 0.0012160 seconds, Stopping threads took: 0.0002930 seconds
150.838: Application time: 0.0010810 seconds
150.908: [GC150.908: [DefNew: 4021K->4021K(4288K), 0.0000100 secs]150.908: [Tenured: 5832K->3165K(9600K), 0.0053960 secs] 9854K->3165K(13888K), [Perm : 5136K->5136K(21248K)], 0.0054530 secs] [Times: user=0.00 sys=0.00, real=0.01 secs] 
150.914: Total time for which application threads were stopped: 0.0751940 seconds, Stopping threads took: 0.0696490 seconds
150.914: Application time: 0.0005030 seconds
150.948: [GC150.948: [DefNew: 3825K->392K(4288K), 0.0009240 secs] 6991K->6683K(13888K), 0.0009500 secs] [Times: user=0.00 sys=0.00, real=0.00 secs] 
150.949: Total time for which application threads were stopped: 0.0347600 seconds, Stopping threads took: 0.0337400 seconds
150.950: Application time: 0.0006390 seconds
150.950: [GC150.950: [DefNew: 4211K->4211K(4288K), 0.0000050 secs]150.950: [Tenured: 6290K->8634K(9600K), 0.0067330 secs] 10502K->8634K(13888K), [Perm : 5136K->5136K(21248K)], 0.0067760 secs] [Times: user=0.00 sys=0.00, real=0.01 secs] 
150.957: Total time for which application threads were stopped: 0.0075660 seconds, Stopping threads took: 0.0007140 seconds
151.029: Application time: 0.0718040 seconds
151.063: [GC151.063: [DefNew: 3727K->3727K(4288K), 0.0000120 secs]151.063: [Tenured: 8634K->2677K(9600K), 0.0054350 secs] 12361K->2677K(13888K), [Perm : 5136K->5136K(21248K)], 0.0054980 secs] [Times: user=0.01 sys=0.00, real=0.01 secs] 
151.069: Total time for which application threads were stopped: 0.0400020 seconds, Stopping threads took: 0.0344120 seconds
151.070: Application time: 0.0006150 seconds
151.103: [GC151.103: [DefNew: 3823K->391K(4288K), 0.0008490 secs] 6500K->6194K(13888K), 0.0008680 secs] [Times: user=0.00 sys=0.00, real=0.00 secs] 
151.103: Total time for which application threads were stopped: 0.0338280 seconds, Stopping threads took: 0.0329170 seconds
151.104: Application time: 0.0006340 seconds
151.173: [GC151.173: [DefNew: 4217K->4217K(4288K), 0.0000070 secs]151.173: [Tenured: 5802K->5120K(9600K), 0.0064350 secs] 10019K->5120K(13888K), [Perm : 5136K->5136K(21248K)], 0.0064840 secs] [Times: user=0.00 sys=0.00, real=0.00 secs] 
151.180: Total time for which application threads were stopped: 0.0757660 seconds, Stopping threads took: 0.0692040 seconds
151.181: Application time: 0.0008530 seconds
151.243: [GC151.243: [DefNew: 3825K->391K(4288K), 0.0009710 secs] 8945K->8246K(13888K), 0.0009960 secs] [Times: user=0.00 sys=0.00, real=0.00 secs] 
151.244: Total time for which application threads were stopped: 0.0634420 seconds, Stopping threads took: 0.0623750 seconds
151.245: Application time: 0.0004340 seconds
151.307: [GC151.307: [DefNew: 4019K->4019K(4288K), 0.0000070 secs]151.307: [Tenured: 7854K->4825K(9600K), 0.0062030 secs] 11874K->4825K(13888K), [Perm : 5136K->5136K(21248K)], 0.0062490 secs] [Times: user=0.00 sys=0.00, real=0.01 secs] 
151.313: Total time for which application threads were stopped: 0.0685640 seconds, Stopping threads took: 0.0622370 seconds
151.314: Application time: 0.0006320 seconds
151.347: [GC151.347: [DefNew: 3823K->391K(4288K), 0.0008500 secs] 8648K->8049K(13888K), 0.0008720 secs] [Times: user=0.00 sys=0.00, real=0.00 secs] 
151.348: Total time for which application threads were stopped: 0.0340790 seconds, Stopping threads took: 0.0331410 seconds
151.421: Application time: 0.0733420 seconds
151.422: [GC151.422: [DefNew: 4216K->4216K(4288K), 0.0000100 secs]151.422: [Tenured: 7657K->2091K(9600K), 0.0058610 secs] 11874K->2091K(13888K), [Perm : 5136K->5136K(21248K)], 0.0059110 secs] [Times: user=0.01 sys=0.00, real=0.01 secs] 
151.428: Total time for which application threads were stopped: 0.0070690 seconds, Stopping threads took: 0.0010790 seconds
151.429: Application time: 0.0006300 seconds
151.429: [GC151.429: [DefNew: 3725K->392K(4288K), 0.0008730 secs] 5817K->5804K(13888K), 0.0008970 secs] [Times: user=0.00 sys=0.00, real=0.00 secs] 
151.430: Total time for which application threads were stopped: 0.0010970 seconds, Stopping threads took: 0.0001340 seconds
151.432: Application time: 0.0016820 seconds
151.465: [GC151.465: [DefNew: 4213K->4213K(4288K), 0.0000070 secs]151.465: [Tenured: 5412K->6389K(9600K), 0.0060890 secs] 9625K->6389K(13888K), [Perm : 5136K->5136K(21248K)], 0.0061350 secs] [Times: user=0.01 sys=0.00, real=0.00 secs] 
151.471: Total time for which application threads were stopped: 0.0392450 seconds, Stopping threads took: 0.0330320 seconds
151.472: Application time: 0.0009700 seconds
151.541: [GC151.542: [DefNew: 3825K->3825K(4288K), 0.0000100 secs]151.542: [Tenured: 6389K->4435K(9600K), 0.0063730 secs] 10215K->4435K(13888K), [Perm : 5136K->5136K(21248K)], 0.0064320 secs] [Times: user=0.01 sys=0.00, real=0.01 secs] 
151.548: Total time for which application threads were stopped: 0.0760480 seconds, Stopping threads took: 0.0695350 seconds
151.549: Application time: 0.0006600 seconds
151.583: [GC151.583: [DefNew: 3630K->392K(4288K), 0.0009750 secs] 8065K->7952K(13888K), 0.0010030 secs] [Times: user=0.00 sys=0.00, real=0.00 secs] 
151.584: Total time for which application threads were stopped: 0.0349600 seconds, Stopping threads took: 0.0338770 seconds
151.584: Application time: 0.0007380 seconds
151.654: [GC151.654: [DefNew: 4178K->4178K(4288K), 0.0000080 secs]151.654: [Tenured: 7560K->3068K(9600K), 0.0061740 secs] 11738K->3068K(13888K), [Perm : 5136K->5136K(21248K)], 0.0062190 secs] [Times: user=0.00 sys=0.00, real=0.00 secs] 
151.660: Total time for which application threads were stopped: 0.0754450 seconds, Stopping threads took: 0.0691490 seconds
151.660: Application time: 0.0005890 seconds
151.693: [GC151.694: [DefNew: 3782K->441K(4288K), 0.0008840 secs] 6850K->6642K(13888K), 0.0009080 secs] [Times: user=0.01 sys=0.00, real=0.00 secs] 
151.694: Total time for which application threads were stopped: 0.0340720 seconds, Stopping threads took: 0.0330930 seconds
151.695: Application time: 0.0005080 seconds
151.765: [GC151.765: [DefNew: 4266K->4266K(4288K), 0.0000070 secs]151.765: [Tenured: 6201K->5567K(9600K), 0.0051440 secs] 10467K->5567K(13888K), [Perm : 5136K->5136K(21248K)], 0.0051920 secs] [Times: user=0.00 sys=0.00, real=0.00 secs] 
151.770: Total time for which application threads were stopped: 0.0753200 seconds, Stopping threads took: 0.0700690 seconds
151.771: Application time: 0.0008920 seconds
151.835: [GC151.835: [DefNew: 3825K->391K(4288K), 0.0009920 secs] 9392K->8888K(13888K), 0.0010210 secs] [Times: user=0.00 sys=0.01, real=0.00 secs] 
151.836: Total time for which application threads were stopped: 0.0647420 seconds, Stopping threads took: 0.0636680 seconds
151.836: Application time: 0.0004760 seconds
151.904: [GC151.904: [DefNew: 4119K->4119K(4288K), 0.0000090 secs]151.904: [Tenured: 8496K->4493K(9600K), 0.0064110 secs] 12616K->4493K(13888K), [Perm : 5136K->5136K(21248K)], 0.0064640 secs] [Times: user=0.01 sys=0.00, real=0.01 secs] 
151.910: Total time for which application threads were stopped: 0.0736760 seconds, Stopping threads took: 0.0671300 seconds
151.911: Application time: 0.0006400 seconds
151.911: [GC151.911: [DefNew: 3803K->420K(4288K), 0.0008790 secs] 8297K->8233K(13888K), 0.0009020 secs] [Times: user=0.00 sys=0.00, real=0.00 secs] 
151.912: Total time for which application threads were stopped: 0.0013410 seconds, Stopping threads took: 0.0003700 seconds
151.983: Application time: 0.0714010 seconds
151.987: [GC151.987: [DefNew: 4147K->4147K(4288K), 0.0000090 secs]151.987: [Tenured: 7813K->3350K(9600K), 0.0053760 secs] 11961K->3350K(13888K), [Perm : 5136K->5136K(21248K)], 0.0054300 secs] [Times: user=0.00 sys=0.00, real=0.01 secs] 
151.993: Total time for which application threads were stopped: 0.0093310 seconds, Stopping threads took: 0.0038180 seconds
151.993: Application time: 0.0005310 seconds
152.040: [GC152.040: [DefNew: 3727K->392K(4288K), 0.0008030 secs] 7078K->6477K(13888K), 0.0008240 secs] [Times: user=0.01 sys=0.00, real=0.00 secs] 
152.040: Total time for which application threads were stopped: 0.0471860 seconds, Stopping threads took: 0.0462990 seconds
152.041: Application time: 0.0003250 seconds
152.088: [GC152.088: [DefNew: 4115K->4115K(4288K), 0.0000070 secs]152.088: [Tenured: 6084K->5997K(9600K), 0.0064630 secs] 10200K->5997K(13888K), [Perm : 5136K->5136K(21248K)], 0.0065110 secs] [Times: user=0.00 sys=0.00, real=0.01 secs] 
152.095: Total time for which application threads were stopped: 0.0538880 seconds, Stopping threads took: 0.0473110 seconds
152.096: Application time: 0.0009610 seconds
152.166: [GC152.166: [DefNew: 3825K->3825K(4288K), 0.0000090 secs]152.166: [Tenured: 5997K->3361K(9600K), 0.0061680 secs] 9823K->3361K(13888K), [Perm : 5136K->5136K(21248K)], 0.0062280 secs] [Times: user=0.01 sys=0.00, real=0.00 secs] 
152.172: Total time for which application threads were stopped: 0.0763180 seconds, Stopping threads took: 0.0700300 seconds
152.173: Application time: 0.0006050 seconds
152.206: [GC152.206: [DefNew: 3678K->392K(4288K), 0.0009280 secs] 7039K->6878K(13888K), 0.0009540 secs] [Times: user=0.00 sys=0.00, real=0.00 secs] 
152.207: Total time for which application threads were stopped: 0.0339630 seconds, Stopping threads took: 0.0329330 seconds
152.207: Application time: 0.0004060 seconds
152.275: [GC152.275: [DefNew: 4147K->4147K(4288K), 0.0000060 secs]152.275: [Tenured: 6486K->4268K(9600K), 0.0057210 secs] 10634K->4268K(13888K), [Perm : 5136K->5136K(21248K)], 0.0057660 secs] [Times: user=0.00 sys=0.00, real=0.00 secs] 
152.281: Total time for which application threads were stopped: 0.0735570 seconds, Stopping threads took: 0.0677150 seconds
152.281: Application time: 0.0004870 seconds
152.314: [GC152.314: [DefNew: 3727K->391K(4288K), 0.0009330 secs] 7996K->7883K(13888K), 0.0009560 secs] [Times: user=0.00 sys=0.00, real=0.00 secs] 
152.315: Total time for which application threads were stopped: 0.0341350 seconds, Stopping threads took: 0.0331110 seconds
152.388: Application time: 0.0724420 seconds
152.389: [GC152.389: [DefNew: 4217K->4217K(4288K), 0.0000090 secs]152.389: [Tenured: 7491K->2511K(9600K), 0.0059790 secs] 11708K->2511K(13888K), [Perm : 5136K->5136K(21248K)], 0.0060340 secs] [Times: user=0.01 sys=0.00, real=0.01 secs] 
152.395: Total time for which application threads were stopped: 0.0071960 seconds, Stopping threads took: 0.0010820 seconds
152.395: Application time: 0.0006260 seconds
152.396: [GC152.396: [DefNew: 3749K->416K(4288K), 0.0009300 secs] 6260K->6248K(13888K), 0.0009470 secs] [Times: user=0.00 sys=0.00, real=0.00 secs] 
152.397: Total time for which application threads were stopped: 0.0013680 seconds, Stopping threads took: 0.0003600 seconds
152.398: Application time: 0.0008270 seconds
152.468: [GC152.468: [DefNew: 4194K->4194K(4288K), 0.0000070 secs]152.468: [Tenured: 5831K->4142K(9600K), 0.0057080 secs] 10025K->4142K(13888K), [Perm : 5136K->5136K(21248K)], 0.0057580 secs] [Times: user=0.01 sys=0.00, real=0.01 secs] 
152.473: Total time for which application threads were stopped: 0.0757550 seconds, Stopping threads took: 0.0699210 seconds
152.474: Application time: 0.0007370 seconds
152.508: [GC152.508: [DefNew: 3806K->420K(4288K), 0.0009740 secs] 7948K->7493K(13888K), 0.0010030 secs] [Times: user=0.00 sys=0.00, real=0.00 secs] 
152.509: Total time for which application threads were stopped: 0.0348570 seconds, Stopping threads took: 0.0337810 seconds
152.509: Application time: 0.0003990 seconds
152.580: [GC152.580: [DefNew: 4148K->4148K(4288K), 0.0000060 secs]152.580: [Tenured: 7072K->4073K(9600K), 0.0063530 secs] 11220K->4073K(13888K), [Perm : 5136K->5136K(21248K)], 0.0063950 secs] [Times: user=0.01 sys=0.00, real=0.01 secs] 
152.586: Total time for which application threads were stopped: 0.0766550 seconds, Stopping threads took: 0.0701870 seconds
152.587: Application time: 0.0005670 seconds
152.620: [GC152.620: [DefNew: 3723K->391K(4288K), 0.0008090 secs] 7797K->7492K(13888K), 0.0008330 secs] [Times: user=0.00 sys=0.00, real=0.00 secs] 
152.621: Total time for which application threads were stopped: 0.0339970 seconds, Stopping threads took: 0.0331020 seconds
152.693: Application time: 0.0728200 seconds
152.694: [GC152.694: [DefNew: 4216K->4216K(4288K), 0.0000100 secs]152.694: [Tenured: 7100K->1924K(9600K), 0.0058660 secs] 11317K->1924K(13888K), [Perm : 5136K->5136K(21248K)], 0.0059190 secs] [Times: user=0.01 sys=0.00, real=0.00 secs] 
152.700: Total time for which application threads were stopped: 0.0063990 seconds, Stopping threads took: 0.0004010 seconds
152.700: Application time: 0.0006140 seconds
152.701: [GC152.701: [DefNew: 3723K->391K(4288K), 0.0008480 secs] 5648K->5637K(13888K), 0.0008750 secs] [Times: user=0.00 sys=0.00, real=0.00 secs] 
152.702: Total time for which application threads were stopped: 0.0013160 seconds, Stopping threads took: 0.0003770 seconds
152.702: Application time: 0.0004920 seconds
152.772: [GC152.772: [DefNew: 4117K->391K(4288K), 0.0007490 secs] 9362K->7786K(13888K), 0.0007720 secs] [Times: user=0.00 sys=0.00, real=0.01 secs] 
152.773: Total time for which application threads were stopped: 0.0707300 seconds, Stopping threads took: 0.0698920 seconds
152.774: Application time: 0.0008270 seconds
152.844: [GC152.844: [DefNew: 4118K->4118K(4288K), 0.0000100 secs]152.844: [Tenured: 7394K->4465K(9600K), 0.0056620 secs] 11513K->4465K(13888K), [Perm : 5136K->5136K(21248K)], 0.0057180 secs] [Times: user=0.01 sys=0.00, real=0.01 secs] 
152.849: Total time for which application threads were stopped: 0.0755230 seconds, Stopping threads took: 0.0697220 seconds
152.850: Application time: 0.0005060 seconds
152.920: [GC152.920: [DefNew: 3532K->392K(4288K), 0.0007080 secs] 7997K->6810K(13888K), 0.0007310 secs] [Times: user=0.00 sys=0.00, real=0.00 secs] 
152.921: Total time for which application threads were stopped: 0.0709090 seconds, Stopping threads took: 0.0701100 seconds
152.921: Application time: 0.0003380 seconds
152.922: [GC152.922: [DefNew: 3916K->3916K(4288K), 0.0000060 secs]152.922: [Tenured: 6418K->7169K(9600K), 0.0067830 secs] 10334K->7169K(13888K), [Perm : 5136K->5136K(21248K)], 0.0068240 secs] [Times: user=0.01 sys=0.00, real=0.01 secs] 
152.928: Total time for which application threads were stopped: 0.0073660 seconds, Stopping threads took: 0.0004670 seconds
153.008: Application time: 0.0792680 seconds
153.045: [GC153.045: [DefNew: 3825K->3825K(4288K), 0.0000100 secs]153.045: [Tenured: 7169K->1310K(9600K), 0.0044530 secs] 10994K->1310K(13888K), [Perm : 5136K->5136K(21248K)], 0.0045060 secs] [Times: user=0.00 sys=0.00, real=0.00 secs] 
153.049: Total time for which application threads were stopped: 0.0415980 seconds, Stopping threads took: 0.0370220 seconds
153.050: Application time: 0.0004520 seconds
153.050: [GC153.050: [DefNew: 3727K->392K(4288K), 0.0007850 secs] 5038K->5023K(13888K), 0.0008070 secs] [Times: user=0.00 sys=0.00, real=0.00 secs] 
153.051: Total time for which application threads were stopped: 0.0011180 seconds, Stopping threads took: 0.0002460 seconds
153.052: Application time: 0.0006370 seconds
153.114: [GC153.114: [DefNew: 4213K->391K(4288K), 0.0005930 secs] 8844K->6489K(13888K), 0.0006160 secs] [Times: user=0.00 sys=0.00, real=0.00 secs] 
153.115: Total time for which application threads were stopped: 0.0633730 seconds, Stopping threads took: 0.0626920 seconds
153.115: Application time: 0.0004000 seconds
153.169: [GC153.169: [DefNew: 3921K->3921K(4288K), 0.0000060 secs]153.169: [Tenured: 6097K->4826K(9600K), 0.0056360 secs] 10019K->4826K(13888K), [Perm : 5136K->5136K(21248K)], 0.0056820 secs] [Times: user=0.01 sys=0.00, real=0.01 secs] 
153.175: Total time for which application threads were stopped: 0.0593620 seconds, Stopping threads took: 0.0535960 seconds
153.175: Application time: 0.0005960 seconds
153.223: [GC153.223: [DefNew: 3823K->391K(4288K), 0.0007690 secs] 8649K->7659K(13888K), 0.0007910 secs] [Times: user=0.00 sys=0.00, real=0.00 secs] 
153.224: Total time for which application threads were stopped: 0.0487190 seconds, Stopping threads took: 0.0478610 seconds
153.297: Application time: 0.0728740 seconds
153.299: [GC153.299: [DefNew: 4216K->4216K(4288K), 0.0000100 secs]153.299: [Tenured: 7267K->1701K(9600K), 0.0058600 secs] 11484K->1701K(13888K), [Perm : 5136K->5136K(21248K)], 0.0059110 secs] [Times: user=0.00 sys=0.00, real=0.01 secs] 
153.304: Total time for which application threads were stopped: 0.0075810 seconds, Stopping threads took: 0.0015910 seconds
153.305: Application time: 0.0006210 seconds
153.306: [GC153.306: [DefNew: 3725K->392K(4288K), 0.0008680 secs] 5427K->5414K(13888K), 0.0008840 secs] [Times: user=0.00 sys=0.00, real=0.00 secs] 
153.306: Total time for which application threads were stopped: 0.0013220 seconds, Stopping threads took: 0.0003770 seconds
153.307: Application time: 0.0009660 seconds
153.372: [GC153.372: [DefNew: 4215K->391K(4288K), 0.0008910 secs] 9237K->8149K(13888K), 0.0009210 secs] [Times: user=0.00 sys=0.00, real=0.01 secs] 
153.373: Total time for which application threads were stopped: 0.0655030 seconds, Stopping threads took: 0.0645160 seconds
153.374: Application time: 0.0010920 seconds
153.444: [GC153.444: [DefNew: 4216K->4216K(4288K), 0.0000080 secs]153.444: [Tenured: 7758K->3361K(9600K), 0.0052640 secs] 11974K->3361K(13888K), [Perm : 5136K->5136K(21248K)], 0.0053170 secs] [Times: user=0.00 sys=0.00, real=0.01 secs] 
153.450: Total time for which application threads were stopped: 0.0756020 seconds, Stopping threads took: 0.0702280 seconds
153.450: Application time: 0.0005080 seconds
153.493: [GC153.493: [DefNew: 3630K->392K(4288K), 0.0009040 secs] 6991K->6879K(13888K), 0.0009240 secs] [Times: user=0.00 sys=0.00, real=0.00 secs] 
153.494: Total time for which application threads were stopped: 0.0440820 seconds, Stopping threads took: 0.0430930 seconds
153.495: Application time: 0.0006500 seconds
153.541: [GC153.541: [DefNew: 4209K->4209K(4288K), 0.0000070 secs]153.541: [Tenured: 6486K->6486K(9600K), 0.0066680 secs] 10696K->6486K(13888K), [Perm : 5136K->5136K(21248K)], 0.0067120 secs] [Times: user=0.01 sys=0.00, real=0.01 secs] 
153.548: Total time for which application threads were stopped: 0.0530210 seconds, Stopping threads took: 0.0462330 seconds
153.619: Application time: 0.0713360 seconds
153.621: [GC153.621: [DefNew: 3836K->3836K(4288K), 0.0000080 secs]153.621: [Tenured: 6486K->1562K(9600K), 0.0050200 secs] 10323K->1562K(13888K), [Perm : 5136K->5136K(21248K)], 0.0050730 secs] [Times: user=0.01 sys=0.00, real=0.01 secs] 
153.626: Total time for which application threads were stopped: 0.0072520 seconds, Stopping threads took: 0.0021000 seconds
153.627: Application time: 0.0004870 seconds
153.627: [GC153.627: [DefNew: 3658K->420K(4288K), 0.0007870 secs] 5221K->5206K(13888K), 0.0008060 secs] [Times: user=0.00 sys=0.00, real=0.00 secs] 
153.628: Total time for which application threads were stopped: 0.0011200 seconds, Stopping threads took: 0.0002490 seconds
153.629: Application time: 0.0010020 seconds
153.692: [GC153.692: [DefNew: 4241K->293K(4288K), 0.0007880 secs] 9027K->7452K(13888K), 0.0008140 secs] [Times: user=0.00 sys=0.00, real=0.01 secs] 
153.692: Total time for which application threads were stopped: 0.0633180 seconds, Stopping threads took: 0.0624300 seconds
153.693: Application time: 0.0008590 seconds
153.763: [GC153.763: [DefNew: 4118K->4118K(4288K), 0.0000070 secs]153.763: [Tenured: 7159K->4425K(9600K), 0.0056600 secs] 11278K->4425K(13888K), [Perm : 5136K->5136K(21248K)], 0.0057120 secs] [Times: user=0.01 sys=0.00, real=0.01 secs] 
153.769: Total time for which application threads were stopped: 0.0756180 seconds, Stopping threads took: 0.0698280 seconds
153.769: Application time: 0.0006000 seconds
153.816: [GC153.816: [DefNew: 3806K->420K(4288K), 0.0009800 secs] 8231K->7775K(13888K), 0.0010090 secs] [Times: user=0.00 sys=0.00, real=0.00 secs] 
153.817: Total time for which application threads were stopped: 0.0474100 seconds, Stopping threads took: 0.0463260 seconds
153.817: Application time: 0.0003960 seconds
153.881: [GC153.881: [DefNew: 4148K->4148K(4288K), 0.0000090 secs]153.881: [Tenured: 7355K->4045K(9600K), 0.0056990 secs] 11503K->4045K(13888K), [Perm : 5136K->5136K(21248K)], 0.0057570 secs] [Times: user=0.00 sys=0.00, real=0.01 secs] 
153.887: Total time for which application threads were stopped: 0.0699050 seconds, Stopping threads took: 0.0640620 seconds
153.888: Application time: 0.0004600 seconds
153.922: [GC153.922: [DefNew: 3723K->391K(4288K), 0.0008670 secs] 7768K->7464K(13888K), 0.0008880 secs] [Times: user=0.00 sys=0.00, real=0.00 secs] 
153.923: Total time for which application threads were stopped: 0.0349650 seconds, Stopping threads took: 0.0340120 seconds
153.994: Application time: 0.0716310 seconds
153.996: [GC153.996: [DefNew: 4021K->4021K(4288K), 0.0000100 secs]153.996: [Tenured: 7072K->1701K(9600K), 0.0058540 secs] 11094K->1701K(13888K), [Perm : 5136K->5136K(21248K)], 0.0059170 secs] [Times: user=0.00 sys=0.01, real=0.00 secs] 
154.002: Total time for which application threads were stopped: 0.0079770 seconds, Stopping threads took: 0.0019800 seconds
154.003: Application time: 0.0006440 seconds
154.003: [GC154.003: [DefNew: 3684K->396K(4288K), 0.0008530 secs] 5386K->5321K(13888K), 0.0008730 secs] [Times: user=0.00 sys=0.00, real=0.00 secs] 
154.004: Total time for which application threads were stopped: 0.0012770 seconds, Stopping threads took: 0.0003570 seconds
154.005: Application time: 0.0006050 seconds
154.051: [GC154.051: [DefNew: 4146K->415K(4288K), 0.0008720 secs] 9070K->8080K(13888K), 0.0008950 secs] [Times: user=0.00 sys=0.00, real=0.00 secs] 
154.052: Total time for which application threads were stopped: 0.0472290 seconds, Stopping threads took: 0.0462880 seconds
154.053: Application time: 0.0008150 seconds
154.123: [GC154.123: [DefNew: 4240K->4240K(4288K), 0.0000080 secs]154.123: [Tenured: 7665K->4269K(9600K), 0.0064230 secs] 11905K->4269K(13888K), [Perm : 5136K->5136K(21248K)], 0.0064720 secs] [Times: user=0.00 sys=0.00, real=0.01 secs] 
154.129: Total time for which application threads were stopped: 0.0764330 seconds, Stopping threads took: 0.0698830 seconds
154.130: Application time: 0.0006490 seconds
154.177: [GC154.177: [DefNew: 3825K->392K(4288K), 0.0009950 secs] 8094K->7786K(13888K), 0.0010220 secs] [Times: user=0.00 sys=0.00, real=0.00 secs] 
154.178: Total time for which application threads were stopped: 0.0486230 seconds, Stopping threads took: 0.0475490 seconds
154.179: Application time: 0.0004100 seconds
154.231: [GC154.231: [DefNew: 4119K->4119K(4288K), 0.0000070 secs]154.231: [Tenured: 7394K->5344K(9600K), 0.0063050 secs] 11514K->5344K(13888K), [Perm : 5136K->5136K(21248K)], 0.0063520 secs] [Times: user=0.00 sys=0.00, real=0.01 secs] 
154.237: Total time for which application threads were stopped: 0.0583810 seconds, Stopping threads took: 0.0519410 seconds
154.238: Application time: 0.0008290 seconds
154.308: [GC154.308: [DefNew: 3805K->420K(4288K), 0.0007700 secs] 9150K->7717K(13888K), 0.0007980 secs] [Times: user=0.00 sys=0.00, real=0.00 secs] 
154.309: Total time for which application threads were stopped: 0.0706450 seconds, Stopping threads took: 0.0697750 seconds
154.309: Application time: 0.0004710 seconds
154.343: [GC154.343: [DefNew: 4224K->4224K(4288K), 0.0000060 secs]154.343: [Tenured: 7297K->5217K(9600K), 0.0059640 secs] 11521K->5217K(13888K), [Perm : 5136K->5136K(21248K)], 0.0060090 secs] [Times: user=0.01 sys=0.00, real=0.01 secs] 
154.349: Total time for which application threads were stopped: 0.0399470 seconds, Stopping threads took: 0.0338610 seconds
154.350: Application time: 0.0005970 seconds
154.420: [GC154.420: [DefNew: 3825K->391K(4288K), 0.0007850 secs] 9042K->7562K(13888K), 0.0008140 secs] [Times: user=0.00 sys=0.00, real=0.00 secs] 
154.421: Total time for which application threads were stopped: 0.0709580 seconds, Stopping threads took: 0.0700690 seconds
154.421: Application time: 0.0003970 seconds
154.486: [GC154.486: [DefNew: 4029K->4029K(4288K), 0.0000060 secs]154.486: [Tenured: 7170K->4053K(9600K), 0.0062320 secs] 11200K->4053K(13888K), [Perm : 5136K->5136K(21248K)], 0.0062770 secs] [Times: user=0.01 sys=0.01, real=0.01 secs] 
154.492: Total time for which application threads were stopped: 0.0711790 seconds, Stopping threads took: 0.0648300 seconds
154.493: Application time: 0.0005100 seconds
154.493: [GC154.493: [DefNew: 3693K->420K(4288K), 0.0008200 secs] 7747K->7696K(13888K), 0.0008400 secs] [Times: user=0.00 sys=0.00, real=0.00 secs] 
154.494: Total time for which application threads were stopped: 0.0013590 seconds, Stopping threads took: 0.0004510 seconds
154.566: Application time: 0.0717600 seconds
154.568: [GC154.568: [DefNew: 4049K->4049K(4288K), 0.0000090 secs]154.568: [Tenured: 7276K->2707K(9600K), 0.0051980 secs] 11326K->2707K(13888K), [Perm : 5136K->5136K(21248K)], 0.0052520 secs] [Times: user=0.01 sys=0.00, real=0.01 secs] 
154.574: Total time for which application threads were stopped: 0.0075660 seconds, Stopping threads took: 0.0022230 seconds
154.574: Application time: 0.0005700 seconds
154.608: [GC154.608: [DefNew: 3823K->392K(4288K), 0.0008550 secs] 6530K->6224K(13888K), 0.0008770 secs] [Times: user=0.00 sys=0.00, real=0.00 secs] 
154.609: Total time for which application threads were stopped: 0.0348640 seconds, Stopping threads took: 0.0339200 seconds
154.610: Application time: 0.0005640 seconds
154.657: [GC154.657: [DefNew: 4215K->4215K(4288K), 0.0000060 secs]154.657: [Tenured: 5832K->7103K(9600K), 0.0063590 secs] 10047K->7103K(13888K), [Perm : 5136K->5136K(21248K)], 0.0064070 secs] [Times: user=0.01 sys=0.00, real=0.00 secs] 
154.663: Total time for which application threads were stopped: 0.0534450 seconds, Stopping threads took: 0.0469830 seconds
154.735: Application time: 0.0718160 seconds
154.736: [GC154.736: [DefNew: 3825K->3825K(4288K), 0.0000090 secs]154.736: [Tenured: 7103K->2287K(9600K), 0.0045800 secs] 10928K->2287K(13888K), [Perm : 5136K->5136K(21248K)], 0.0046320 secs] [Times: user=0.00 sys=0.00, real=0.00 secs] 
154.741: Total time for which application threads were stopped: 0.0063140 seconds, Stopping threads took: 0.0015910 seconds
154.742: Application time: 0.0005370 seconds
154.775: [GC154.775: [DefNew: 3825K->391K(4288K), 0.0008240 secs] 6112K->5804K(13888K), 0.0008410 secs] [Times: user=0.00 sys=0.00, real=0.00 secs] 
154.776: Total time for which application threads were stopped: 0.0342650 seconds, Stopping threads took: 0.0333600 seconds
154.777: Application time: 0.0006880 seconds
154.839: [GC154.839: [DefNew: 4119K->391K(4288K), 0.0007720 secs] 9532K->7953K(13888K), 0.0007980 secs] [Times: user=0.00 sys=0.00, real=0.00 secs] 
154.840: Total time for which application threads were stopped: 0.0633840 seconds, Stopping threads took: 0.0625160 seconds
154.840: Application time: 0.0003880 seconds
154.907: [GC154.907: [DefNew: 3923K->3923K(4288K), 0.0000090 secs]154.907: [Tenured: 7562K->3654K(9600K), 0.0060300 secs] 11486K->3654K(13888K), [Perm : 5136K->5136K(21248K)], 0.0060840 secs] [Times: user=0.01 sys=0.00, real=0.01 secs] 
154.914: Total time for which application threads were stopped: 0.0731500 seconds, Stopping threads took: 0.0669850 seconds
154.914: Application time: 0.0007070 seconds
154.983: [GC154.983: [DefNew: 3821K->391K(4288K), 0.0005870 secs] 7476K->5511K(13888K), 0.0006090 secs] [Times: user=0.00 sys=0.00, real=0.00 secs] 
154.984: Total time for which application threads were stopped: 0.0695560 seconds, Stopping threads took: 0.0688800 seconds
154.984: Application time: 0.0003160 seconds
155.029: [GC155.029: [DefNew: 4217K->392K(4288K), 0.0009140 secs] 9337K->8637K(13888K), 0.0009360 secs] [Times: user=0.00 sys=0.00, real=0.00 secs] 
155.030: Total time for which application threads were stopped: 0.0461570 seconds, Stopping threads took: 0.0451530 seconds
155.031: Application time: 0.0005890 seconds
155.064: [GC155.064: [DefNew: 4211K->4211K(4288K), 0.0000060 secs]155.064: [Tenured: 8245K->7561K(9600K), 0.0067320 secs] 12456K->7561K(13888K), [Perm : 5136K->5136K(21248K)], 0.0067780 secs] [Times: user=0.01 sys=0.00, real=0.01 secs] 
155.071: Total time for which application threads were stopped: 0.0399040 seconds, Stopping threads took: 0.0330690 seconds
155.142: Application time: 0.0712840 seconds
155.145: [GC155.145: [DefNew: 3532K->3532K(4288K), 0.0000090 secs]155.145: [Tenured: 7561K->2483K(9600K), 0.0058940 secs] 11093K->2483K(13888K), [Perm : 5136K->5136K(21248K)], 0.0059490 secs] [Times: user=0.00 sys=0.00, real=0.00 secs] 
155.151: Total time for which application threads were stopped: 0.0091940 seconds, Stopping threads took: 0.0031650 seconds
155.152: Application time: 0.0004820 seconds
155.185: [GC155.185: [DefNew: 3823K->392K(4288K), 0.0008370 secs] 6306K->6000K(13888K), 0.0008590 secs] [Times: user=0.00 sys=0.00, real=0.00 secs] 
155.186: Total time for which application threads were stopped: 0.0344110 seconds, Stopping threads took: 0.0334860 seconds
155.188: Application time: 0.0015510 seconds
155.257: [GC155.257: [DefNew: 4211K->4211K(4288K), 0.0000080 secs]155.257: [Tenured: 5608K->3655K(9600K), 0.0062320 secs] 9819K->3655K(13888K), [Perm : 5136K->5136K(21248K)], 0.0062880 secs] [Times: user=0.01 sys=0.00, real=0.00 secs] 
155.263: Total time for which application threads were stopped: 0.0757320 seconds, Stopping threads took: 0.0693580 seconds
155.264: Application time: 0.0005800 seconds
155.316: [GC155.316: [DefNew: 3630K->392K(4288K), 0.0007070 secs] 7285K->6391K(13888K), 0.0007280 secs] [Times: user=0.00 sys=0.00, real=0.00 secs] 
155.317: Total time for which application threads were stopped: 0.0530260 seconds, Stopping threads took: 0.0522490 seconds
155.317: Application time: 0.0003710 seconds
155.351: [GC155.351: [DefNew: 4213K->4213K(4288K), 0.0000070 secs]155.351: [Tenured: 5998K->6779K(9600K), 0.0059120 secs] 10212K->6779K(13888K), [Perm : 5136K->5136K(21248K)], 0.0059580 secs] [Times: user=0.01 sys=0.00, real=0.01 secs] 
155.357: Total time for which application threads were stopped: 0.0396810 seconds, Stopping threads took: 0.0336570 seconds
155.428: Application time: 0.0711190 seconds
155.432: [GC155.432: [DefNew: 3532K->3532K(4288K), 0.0000080 secs]155.432: [Tenured: 6779K->1702K(9600K), 0.0045540 secs] 10312K->1702K(13888K), [Perm : 5136K->5136K(21248K)], 0.0046050 secs] [Times: user=0.00 sys=0.00, real=0.01 secs] 
155.437: Total time for which application threads were stopped: 0.0086070 seconds, Stopping threads took: 0.0039220 seconds
155.437: Application time: 0.0005140 seconds
155.438: [GC155.438: [DefNew: 3726K->392K(4288K), 0.0008160 secs] 5428K->5414K(13888K), 0.0008360 secs] [Times: user=0.00 sys=0.00, real=0.00 secs] 
155.439: Total time for which application threads were stopped: 0.0012360 seconds, Stopping threads took: 0.0003380 seconds
155.440: Application time: 0.0011930 seconds
155.509: [GC155.509: [DefNew: 4215K->391K(4288K), 0.0004100 secs] 9237K->6196K(13888K), 0.0004330 secs] [Times: user=0.00 sys=0.00, real=0.00 secs] 
155.510: Total time for which application threads were stopped: 0.0697520 seconds, Stopping threads took: 0.0692740 seconds
155.510: Application time: 0.0006320 seconds
155.553: [GC155.553: [DefNew: 4177K->4177K(4288K), 0.0000060 secs]155.553: [Tenured: 5805K->4297K(9600K), 0.0059870 secs] 9983K->4297K(13888K), [Perm : 5136K->5136K(21248K)], 0.0060330 secs] [Times: user=0.00 sys=0.00, real=0.00 secs] 
155.559: Total time for which application threads were stopped: 0.0486940 seconds, Stopping threads took: 0.0425840 seconds
155.559: Application time: 0.0004690 seconds
155.621: [GC155.621: [DefNew: 3823K->391K(4288K), 0.0008420 secs] 8120K->7228K(13888K), 0.0008670 secs] [Times: user=0.00 sys=0.00, real=0.00 secs] 
155.622: Total time for which application threads were stopped: 0.0621730 seconds, Stopping threads took: 0.0612350 seconds
155.622: Application time: 0.0007000 seconds
155.684: [GC155.684: [DefNew: 4212K->4212K(4288K), 0.0000070 secs]155.684: [Tenured: 6836K->5412K(9600K), 0.0062310 secs] 11049K->5412K(13888K), [Perm : 5136K->5136K(21248K)], 0.0062780 secs] [Times: user=0.01 sys=0.00, real=0.01 secs] 
155.690: Total time for which application threads were stopped: 0.0679360 seconds, Stopping threads took: 0.0615810 seconds
155.691: Application time: 0.0007880 seconds
155.761: [GC155.761: [DefNew: 3825K->391K(4288K), 0.0008530 secs] 9238K->7953K(13888K), 0.0008820 secs] [Times: user=0.00 sys=0.00, real=0.00 secs] 
155.762: Total time for which application threads were stopped: 0.0707860 seconds, Stopping threads took: 0.0698150 seconds
155.762: Application time: 0.0006970 seconds
155.826: [GC155.826: [DefNew: 4178K->4178K(4288K), 0.0000070 secs]155.826: [Tenured: 7561K->4298K(9600K), 0.0056130 secs] 11740K->4298K(13888K), [Perm : 5136K->5136K(21248K)], 0.0056610 secs] [Times: user=0.00 sys=0.00, real=0.00 secs] 
155.832: Total time for which application threads were stopped: 0.0694620 seconds, Stopping threads took: 0.0637240 seconds
155.832: Application time: 0.0004790 seconds
155.867: [GC155.867: [DefNew: 3823K->391K(4288K), 0.0009770 secs] 8121K->7229K(13888K), 0.0010160 secs] [Times: user=0.00 sys=0.00, real=0.00 secs] 
155.869: Total time for which application threads were stopped: 0.0361410 seconds, Stopping threads took: 0.0350470 seconds
155.869: Application time: 0.0004320 seconds
155.931: [GC155.931: [DefNew: 4217K->4217K(4288K), 0.0000070 secs]155.931: [Tenured: 6837K->4395K(9600K), 0.0056330 secs] 11054K->4395K(13888K), [Perm : 5136K->5136K(21248K)], 0.0056800 secs] [Times: user=0.00 sys=0.00, real=0.01 secs] 
155.937: Total time for which application threads were stopped: 0.0682130 seconds, Stopping threads took: 0.0624660 seconds
155.938: Application time: 0.0008120 seconds
155.971: [GC155.971: [DefNew: 3821K->391K(4288K), 0.0009730 secs] 8217K->8205K(13888K), 0.0010010 secs] [Times: user=0.00 sys=0.00, real=0.01 secs] 
155.972: Total time for which application threads were stopped: 0.0343790 seconds, Stopping threads took: 0.0333070 seconds
156.046: Application time: 0.0732890 seconds
156.047: [GC156.047: [DefNew: 4216K->4216K(4288K), 0.0000090 secs]156.047: [Tenured: 7814K->2345K(9600K), 0.0059500 secs] 12031K->2345K(13888K), [Perm : 5136K->5136K(21248K)], 0.0060000 secs] [Times: user=0.01 sys=0.00, real=0.01 secs] 
156.053: Total time for which application threads were stopped: 0.0075870 seconds, Stopping threads took: 0.0015070 seconds
156.054: Application time: 0.0005660 seconds
156.054: [GC156.054: [DefNew: 3823K->391K(4288K), 0.0008940 secs] 6168K->6155K(13888K), 0.0009140 secs] [Times: user=0.00 sys=0.00, real=0.00 secs] 
156.055: Total time for which application threads were stopped: 0.0012930 seconds, Stopping threads took: 0.0003100 seconds
156.127: Application time: 0.0714520 seconds
156.129: [GC156.129: [DefNew: 4217K->4217K(4288K), 0.0000100 secs]156.129: [Tenured: 5763K->1311K(9600K), 0.0058930 secs] 9980K->1311K(13888K), [Perm : 5136K->5136K(21248K)], 0.0059500 secs] [Times: user=0.01 sys=0.00, real=0.01 secs] 
156.135: Total time for which application threads were stopped: 0.0081450 seconds, Stopping threads took: 0.0021160 seconds
156.135: Application time: 0.0006180 seconds
156.136: [GC156.136: [DefNew: 3735K->400K(4288K), 0.0009030 secs] 5047K->5032K(13888K), 0.0009240 secs] [Times: user=0.00 sys=0.00, real=0.00 secs] 
156.136: Total time for which application threads were stopped: 0.0011660 seconds, Stopping threads took: 0.0001960 seconds
156.137: Application time: 0.0008360 seconds
156.199: [GC156.199: [DefNew: 4190K->224K(4288K), 0.0003820 secs] 8822K->5639K(13888K), 0.0004040 secs] [Times: user=0.00 sys=0.01, real=0.00 secs] 
156.200: Total time for which application threads were stopped: 0.0625050 seconds, Stopping threads took: 0.0620350 seconds
156.200: Application time: 0.0003050 seconds
156.263: [GC156.263: [DefNew: 3756K->391K(4288K), 0.0006980 secs] 9171K->7788K(13888K), 0.0007210 secs] [Times: user=0.00 sys=0.00, real=0.00 secs] 
156.264: Total time for which application threads were stopped: 0.0636060 seconds, Stopping threads took: 0.0628090 seconds
156.264: Application time: 0.0005270 seconds
156.265: [GC156.265: [DefNew: 4191K->4191K(4288K), 0.0000070 secs]156.265: [Tenured: 7396K->7422K(9600K), 0.0068860 secs] 11588K->7422K(13888K), [Perm : 5136K->5136K(21248K)], 0.0069290 secs] [Times: user=0.01 sys=0.00, real=0.00 secs] 
156.272: Total time for which application threads were stopped: 0.0079340 seconds, Stopping threads took: 0.0009320 seconds
156.344: Application time: 0.0717870 seconds
156.346: [GC156.346: [DefNew: 3786K->3786K(4288K), 0.0000090 secs]156.346: [Tenured: 7422K->2499K(9600K), 0.0052430 secs] 11208K->2499K(13888K), [Perm : 5136K->5136K(21248K)], 0.0052960 secs] [Times: user=0.00 sys=0.00, real=0.00 secs] 
156.351: Total time for which application threads were stopped: 0.0073620 seconds, Stopping threads took: 0.0019840 seconds
156.352: Application time: 0.0005650 seconds
156.385: [GC156.385: [DefNew: 3727K->391K(4288K), 0.0009330 secs] 6227K->6211K(13888K), 0.0009540 secs] [Times: user=0.00 sys=0.00, real=0.00 secs] 
156.386: Total time for which application threads were stopped: 0.0340930 seconds, Stopping threads took: 0.0330930 seconds
156.386: Application time: 0.0004240 seconds
156.420: [GC156.420: [DefNew: 4115K->4115K(4288K), 0.0000060 secs]156.420: [Tenured: 5820K->6699K(9600K), 0.0059630 secs] 9935K->6699K(13888K), [Perm : 5136K->5136K(21248K)], 0.0060170 secs] [Times: user=0.00 sys=0.00, real=0.01 secs] 
156.426: Total time for which application threads were stopped: 0.0393370 seconds, Stopping threads took: 0.0332540 seconds
156.494: Application time: 0.0687000 seconds
156.504: [GC156.504: [DefNew: 3727K->3727K(4288K), 0.0000090 secs]156.504: [Tenured: 6699K->1702K(9600K), 0.0058830 secs] 10426K->1702K(13888K), [Perm : 5136K->5136K(21248K)], 0.0059350 secs] [Times: user=0.01 sys=0.00, real=0.01 secs] 
156.510: Total time for which application threads were stopped: 0.0155620 seconds, Stopping threads took: 0.0095480 seconds
156.511: Application time: 0.0006530 seconds
156.511: [GC156.511: [DefNew: 3725K->392K(4288K), 0.0008610 secs] 5428K->5415K(13888K), 0.0008800 secs] [Times: user=0.00 sys=0.00, real=0.00 secs] 
156.512: Total time for which application threads were stopped: 0.0011380 seconds, Stopping threads took: 0.0002060 seconds
156.513: Application time: 0.0013500 seconds
156.573: [GC156.573: [DefNew: 4215K->391K(4288K), 0.0006560 secs] 9238K->7271K(13888K), 0.0006780 secs] [Times: user=0.00 sys=0.00, real=0.00 secs] 
156.574: Total time for which application threads were stopped: 0.0608670 seconds, Stopping threads took: 0.0601460 seconds
156.575: Application time: 0.0007410 seconds
156.636: [GC156.636: [DefNew: 4216K->4216K(4288K), 0.0000080 secs]156.636: [Tenured: 6880K->4436K(9600K), 0.0064120 secs] 11096K->4436K(13888K), [Perm : 5136K->5136K(21248K)], 0.0064570 secs] [Times: user=0.00 sys=0.00, real=0.00 secs] 
156.643: Total time for which application threads were stopped: 0.0678990 seconds, Stopping threads took: 0.0613680 seconds
156.643: Application time: 0.0004430 seconds
156.709: [GC156.709: [DefNew: 3532K->392K(4288K), 0.0007280 secs] 7969K->6782K(13888K), 0.0007540 secs] [Times: user=0.01 sys=0.00, real=0.00 secs] 
156.709: Total time for which application threads were stopped: 0.0661230 seconds, Stopping threads took: 0.0652970 seconds
156.710: Application time: 0.0003130 seconds
156.711: [GC156.711: [DefNew: 3916K->3916K(4288K), 0.0000060 secs]156.711: [Tenured: 6390K->7171K(9600K), 0.0063390 secs] 10306K->7171K(13888K), [Perm : 5136K->5136K(21248K)], 0.0063790 secs] [Times: user=0.01 sys=0.00, real=0.01 secs] 
156.717: Total time for which application threads were stopped: 0.0073480 seconds, Stopping threads took: 0.0008980 seconds
156.794: Application time: 0.0766830 seconds
156.801: [GC156.801: [DefNew: 3825K->3825K(4288K), 0.0000090 secs]156.801: [Tenured: 7171K->2386K(9600K), 0.0052940 secs] 10996K->2386K(13888K), [Perm : 5136K->5136K(21248K)], 0.0053500 secs] [Times: user=0.01 sys=0.01, real=0.01 secs] 
156.807: Total time for which application threads were stopped: 0.0128860 seconds, Stopping threads took: 0.0074470 seconds
156.807: Application time: 0.0004480 seconds
156.845: [GC156.845: [DefNew: 3727K->392K(4288K), 0.0011520 secs] 6114K->6098K(13888K), 0.0011840 secs] [Times: user=0.00 sys=0.00, real=0.00 secs] 
156.847: Total time for which application threads were stopped: 0.0396140 seconds, Stopping threads took: 0.0383490 seconds
156.849: Application time: 0.0019780 seconds
156.918: [GC156.918: [DefNew: 4117K->4117K(4288K), 0.0000080 secs]156.918: [Tenured: 5706K->2288K(9600K), 0.0060480 secs] 9824K->2288K(13888K), [Perm : 5136K->5136K(21248K)], 0.0060940 secs] [Times: user=0.00 sys=0.00, real=0.01 secs] 
156.925: Total time for which application threads were stopped: 0.0759980 seconds, Stopping threads took: 0.0698280 seconds
156.925: Application time: 0.0005900 seconds
156.958: [GC156.958: [DefNew: 3825K->392K(4288K), 0.0008180 secs] 6113K->5805K(13888K), 0.0008380 secs] [Times: user=0.00 sys=0.00, real=0.00 secs] 
156.959: Total time for which application threads were stopped: 0.0339430 seconds, Stopping threads took: 0.0330590 seconds
156.960: Application time: 0.0005810 seconds
157.007: [GC157.007: [DefNew: 4115K->391K(4288K), 0.0007880 secs] 9529K->8247K(13888K), 0.0008180 secs] [Times: user=0.01 sys=0.00, real=0.00 secs] 
157.008: Total time for which application threads were stopped: 0.0483610 seconds, Stopping threads took: 0.0474740 seconds
157.009: Application time: 0.0007440 seconds
157.079: [GC157.079: [DefNew: 4216K->4216K(4288K), 0.0000070 secs]157.079: [Tenured: 7856K->3948K(9600K), 0.0056470 secs] 12073K->3948K(13888K), [Perm : 5136K->5136K(21248K)], 0.0056970 secs] [Times: user=0.01 sys=0.00, real=0.01 secs] 
157.085: Total time for which application threads were stopped: 0.0757450 seconds, Stopping threads took: 0.0699700 seconds
157.085: Application time: 0.0005200 seconds
157.118: [GC157.118: [DefNew: 3727K->392K(4288K), 0.0008700 secs] 7676K->7075K(13888K), 0.0008950 secs] [Times: user=0.00 sys=0.00, real=0.00 secs] 
157.119: Total time for which application threads were stopped: 0.0339690 seconds, Stopping threads took: 0.0330010 seconds
157.119: Application time: 0.0003600 seconds
157.169: [GC157.169: [DefNew: 4018K->4018K(4288K), 0.0000060 secs]157.169: [Tenured: 6683K->4827K(9600K), 0.0058530 secs] 10701K->4827K(13888K), [Perm : 5136K->5136K(21248K)], 0.0058990 secs] [Times: user=0.00 sys=0.00, real=0.01 secs] 
157.175: Total time for which application threads were stopped: 0.0557330 seconds, Stopping threads took: 0.0497580 seconds
157.176: Application time: 0.0005860 seconds
157.223: [GC157.223: [DefNew: 3823K->391K(4288K), 0.0008470 secs] 8650K->7758K(13888K), 0.0008730 secs] [Times: user=0.00 sys=0.00, real=0.00 secs] 
157.224: Total time for which application threads were stopped: 0.0479370 seconds, Stopping threads took: 0.0470120 seconds
157.224: Application time: 0.0007670 seconds
157.294: [GC157.294: [DefNew: 4217K->4217K(4288K), 0.0000080 secs]157.294: [Tenured: 7366K->3850K(9600K), 0.0063130 secs] 11583K->3850K(13888K), [Perm : 5136K->5136K(21248K)], 0.0063590 secs] [Times: user=0.00 sys=0.00, real=0.00 secs] 
157.301: Total time for which application threads were stopped: 0.0763760 seconds, Stopping threads took: 0.0699600 seconds
157.301: Application time: 0.0005970 seconds
157.358: [GC157.358: [DefNew: 3513K->420K(4288K), 0.0007660 secs] 7364K->6615K(13888K), 0.0007920 secs] [Times: user=0.00 sys=0.00, real=0.00 secs] 
157.359: Total time for which application threads were stopped: 0.0571460 seconds, Stopping threads took: 0.0562760 seconds
157.359: Application time: 0.0003440 seconds
157.409: [GC157.409: [DefNew: 4144K->4144K(4288K), 0.0000070 secs]157.409: [Tenured: 6194K->5608K(9600K), 0.0065940 secs] 10339K->5608K(13888K), [Perm : 5136K->5136K(21248K)], 0.0066380 secs] [Times: user=0.01 sys=0.00, real=0.01 secs] 
157.416: Total time for which application threads were stopped: 0.0568450 seconds, Stopping threads took: 0.0501310 seconds
157.417: Application time: 0.0008240 seconds
157.479: [GC157.479: [DefNew: 3727K->391K(4288K), 0.0007980 secs] 9336K->8148K(13888K), 0.0008280 secs] [Times: user=0.00 sys=0.00, real=0.00 secs] 
157.480: Total time for which application threads were stopped: 0.0633250 seconds, Stopping threads took: 0.0624240 seconds
157.481: Application time: 0.0007440 seconds
157.545: [GC157.545: [DefNew: 4119K->4119K(4288K), 0.0000070 secs]157.545: [Tenured: 7757K->4436K(9600K), 0.0064160 secs] 11876K->4436K(13888K), [Perm : 5136K->5136K(21248K)], 0.0064600 secs] [Times: user=0.00 sys=0.00, real=0.00 secs] 
157.551: Total time for which application threads were stopped: 0.0706800 seconds, Stopping threads took: 0.0641450 seconds
157.552: Application time: 0.0006540 seconds
157.608: [GC157.608: [DefNew: 3805K->420K(4288K), 0.0008070 secs] 8242K->7005K(13888K), 0.0008360 secs] [Times: user=0.00 sys=0.00, real=0.00 secs] 
157.609: Total time for which application threads were stopped: 0.0567340 seconds, Stopping threads took: 0.0558230 seconds
157.609: Application time: 0.0003690 seconds
157.643: [GC157.643: [DefNew: 4245K->4245K(4288K), 0.0000060 secs]157.643: [Tenured: 6585K->4465K(9600K), 0.0050000 secs] 10831K->4465K(13888K), [Perm : 5136K->5136K(21248K)], 0.0050460 secs] [Times: user=0.00 sys=0.00, real=0.01 secs] 
157.648: Total time for which application threads were stopped: 0.0385730 seconds, Stopping threads took: 0.0334610 seconds
157.648: Application time: 0.0005730 seconds
157.682: [GC157.682: [DefNew: 3721K->391K(4288K), 0.0008650 secs] 8187K->7884K(13888K), 0.0008890 secs] [Times: user=0.00 sys=0.00, real=0.00 secs] 
157.683: Total time for which application threads were stopped: 0.0346030 seconds, Stopping threads took: 0.0336470 seconds
157.756: Application time: 0.0728010 seconds
157.757: [GC157.757: [DefNew: 4216K->4216K(4288K), 0.0000100 secs]157.757: [Tenured: 7493K->2317K(9600K), 0.0059830 secs] 11709K->2317K(13888K), [Perm : 5136K->5136K(21248K)], 0.0060320 secs] [Times: user=0.01 sys=0.00, real=0.00 secs] 
157.763: Total time for which application threads were stopped: 0.0070990 seconds, Stopping threads took: 0.0010070 seconds
157.763: Application time: 0.0006420 seconds
157.797: [GC157.797: [DefNew: 3833K->400K(4288K), 0.0009010 secs] 6150K->5842K(13888K), 0.0009230 secs] [Times: user=0.00 sys=0.00, real=0.00 secs] 
157.798: Total time for which application threads were stopped: 0.0342510 seconds, Stopping threads took: 0.0332580 seconds
157.798: Application time: 0.0007100 seconds
157.858: [GC157.858: [DefNew: 4192K->4192K(4288K), 0.0000090 secs]157.858: [Tenured: 5442K->5511K(9600K), 0.0065460 secs] 9634K->5511K(13888K), [Perm : 5136K->5136K(21248K)], 0.0066000 secs] [Times: user=0.00 sys=0.00, real=0.01 secs] 
157.865: Total time for which application threads were stopped: 0.0665680 seconds, Stopping threads took: 0.0598760 seconds
157.866: Application time: 0.0010180 seconds
157.937: [GC157.937: [DefNew: 3806K->420K(4288K), 0.0008610 secs] 9317K->8080K(13888K), 0.0008900 secs] [Times: user=0.00 sys=0.00, real=0.00 secs] 
157.938: Total time for which application threads were stopped: 0.0716710 seconds, Stopping threads took: 0.0707060 seconds
157.938: Application time: 0.0005140 seconds
157.972: [GC157.972: [DefNew: 4245K->4245K(4288K), 0.0000070 secs]157.972: [Tenured: 7659K->5539K(9600K), 0.0064400 secs] 11905K->5539K(13888K), [Perm : 5136K->5136K(21248K)], 0.0064890 secs] [Times: user=0.00 sys=0.00, real=0.01 secs] 
157.978: Total time for which application threads were stopped: 0.0403430 seconds, Stopping threads took: 0.0337950 seconds
157.979: Application time: 0.0008430 seconds
158.049: [GC158.049: [DefNew: 3708K->420K(4288K), 0.0005530 secs] 9247K->6936K(13888K), 0.0005810 secs] [Times: user=0.00 sys=0.00, real=0.00 secs] 
158.050: Total time for which application threads were stopped: 0.0707650 seconds, Stopping threads took: 0.0701090 seconds
158.050: Application time: 0.0003850 seconds
158.084: [GC158.084: [DefNew: 4243K->4243K(4288K), 0.0000060 secs]158.084: [Tenured: 6516K->5470K(9600K), 0.0065450 secs] 10759K->5470K(13888K), [Perm : 5136K->5136K(21248K)], 0.0065880 secs] [Times: user=0.01 sys=0.00, real=0.01 secs] 
158.091: Total time for which application threads were stopped: 0.0401700 seconds, Stopping threads took: 0.0335060 seconds
158.091: Application time: 0.0007280 seconds
158.161: [GC158.161: [DefNew: 3823K->391K(4288K), 0.0004230 secs] 9293K->6447K(13888K), 0.0004490 secs] [Times: user=0.00 sys=0.00, real=0.00 secs] 
158.162: Total time for which application threads were stopped: 0.0703850 seconds, Stopping threads took: 0.0698640 seconds
158.162: Application time: 0.0003370 seconds
158.196: [GC158.196: [DefNew: 4216K->4216K(4288K), 0.0000070 secs]158.196: [Tenured: 6056K->4884K(9600K), 0.0057590 secs] 10273K->4884K(13888K), [Perm : 5136K->5136K(21248K)], 0.0058050 secs] [Times: user=0.01 sys=0.00, real=0.00 secs] 
158.202: Total time for which application threads were stopped: 0.0394760 seconds, Stopping threads took: 0.0335930 seconds
158.202: Application time: 0.0005240 seconds
158.248: [GC158.248: [DefNew: 3803K->322K(4288K), 0.0008320 secs] 8688K->7746K(13888K), 0.0008580 secs] [Times: user=0.00 sys=0.00, real=0.00 secs] 
158.249: Total time for which application threads were stopped: 0.0471150 seconds, Stopping threads took: 0.0462040 seconds
158.250: Application time: 0.0004870 seconds
158.314: [GC158.314: [DefNew: 4050K->4050K(4288K), 0.0000070 secs]158.314: [Tenured: 7423K->4339K(9600K), 0.0057900 secs] 11474K->4339K(13888K), [Perm : 5136K->5136K(21248K)], 0.0058440 secs] [Times: user=0.01 sys=0.00, real=0.00 secs] 
158.320: Total time for which application threads were stopped: 0.0702280 seconds, Stopping threads took: 0.0643270 seconds
158.321: Application time: 0.0008110 seconds
158.383: [GC158.383: [DefNew: 3708K->420K(4288K), 0.0007440 secs] 8047K->6713K(13888K), 0.0007670 secs] [Times: user=0.00 sys=0.00, real=0.00 secs] 
158.384: Total time for which application threads were stopped: 0.0632860 seconds, Stopping threads took: 0.0624410 seconds
158.384: Application time: 0.0003450 seconds
158.418: [GC158.418: [DefNew: 4050K->4050K(4288K), 0.0000070 secs]158.418: [Tenured: 6292K->4074K(9600K), 0.0056200 secs] 10343K->4074K(13888K), [Perm : 5136K->5136K(21248K)], 0.0056660 secs] [Times: user=0.01 sys=0.00, real=0.00 secs] 
158.423: Total time for which application threads were stopped: 0.0390680 seconds, Stopping threads took: 0.0333240 seconds
158.424: Application time: 0.0005290 seconds
158.457: [GC158.457: [DefNew: 3801K->420K(4288K), 0.0008320 secs] 7876K->7229K(13888K), 0.0008560 secs] [Times: user=0.00 sys=0.00, real=0.00 secs] 
158.458: Total time for which application threads were stopped: 0.0341440 seconds, Stopping threads took: 0.0332280 seconds
158.459: Application time: 0.0006810 seconds
158.529: [GC158.529: [DefNew: 4147K->4147K(4288K), 0.0000070 secs]158.529: [Tenured: 6809K->3127K(9600K), 0.0054620 secs] 10957K->3127K(13888K), [Perm : 5136K->5136K(21248K)], 0.0055140 secs] [Times: user=0.01 sys=0.00, real=0.01 secs] 
158.535: Total time for which application threads were stopped: 0.0756950 seconds, Stopping threads took: 0.0701020 seconds
158.535: Application time: 0.0004560 seconds
158.581: [GC158.581: [DefNew: 3727K->392K(4288K), 0.0007860 secs] 6855K->6254K(13888K), 0.0008080 secs] [Times: user=0.00 sys=0.00, real=0.00 secs] 
158.582: Total time for which application threads were stopped: 0.0470850 seconds, Stopping threads took: 0.0462080 seconds
158.582: Application time: 0.0003580 seconds
158.616: [GC158.616: [DefNew: 4115K->4115K(4288K), 0.0000050 secs]158.616: [Tenured: 5862K->6252K(9600K), 0.0060120 secs] 9977K->6252K(13888K), [Perm : 5136K->5136K(21248K)], 0.0060570 secs] [Times: user=0.00 sys=0.00, real=0.00 secs] 
158.622: Total time for which application threads were stopped: 0.0393440 seconds, Stopping threads took: 0.0332330 seconds
158.623: Application time: 0.0009880 seconds
158.693: [GC158.693: [DefNew: 3825K->3825K(4288K), 0.0000100 secs]158.693: [Tenured: 6252K->3363K(9600K), 0.0061150 secs] 10078K->3363K(13888K), [Perm : 5136K->5136K(21248K)], 0.0061690 secs] [Times: user=0.01 sys=0.00, real=0.00 secs] 
158.700: Total time for which application threads were stopped: 0.0767680 seconds, Stopping threads took: 0.0705370 seconds
158.700: Application time: 0.0005120 seconds
158.734: [GC158.734: [DefNew: 3825K->392K(4288K), 0.0009450 secs] 7188K->7076K(13888K), 0.0009670 secs] [Times: user=0.00 sys=0.00, real=0.00 secs] 
158.735: Total time for which application threads were stopped: 0.0348690 seconds, Stopping threads took: 0.0338350 seconds
158.735: Application time: 0.0004130 seconds
158.799: [GC158.799: [DefNew: 4117K->4117K(4288K), 0.0000070 secs]158.799: [Tenured: 6683K->4437K(9600K), 0.0057050 secs] 10801K->4437K(13888K), [Perm : 5136K->5136K(21248K)], 0.0057540 secs] [Times: user=0.01 sys=0.00, real=0.00 secs] 
158.804: Total time for which application threads were stopped: 0.0690030 seconds, Stopping threads took: 0.0631590 seconds
158.805: Application time: 0.0005030 seconds
158.872: [GC158.872: [DefNew: 3532K->392K(4288K), 0.0008520 secs] 7969K->6782K(13888K), 0.0008830 secs] [Times: user=0.00 sys=0.00, real=0.01 secs] 
158.872: Total time for which application threads were stopped: 0.0676020 seconds, Stopping threads took: 0.0666380 seconds
158.873: Application time: 0.0004470 seconds
158.873: [GC158.873: [DefNew: 4211K->4211K(4288K), 0.0000060 secs]158.873: [Tenured: 6390K->7464K(9600K), 0.0062090 secs] 10601K->7464K(13888K), [Perm : 5136K->5136K(21248K)], 0.0062570 secs] [Times: user=0.01 sys=0.00, real=0.00 secs] 
158.880: Total time for which application threads were stopped: 0.0066890 seconds, Stopping threads took: 0.0003690 seconds
158.953: Application time: 0.0735420 seconds
158.987: [GC158.987: [DefNew: 3727K->3727K(4288K), 0.0000090 secs]158.987: [Tenured: 7464K->1507K(9600K), 0.0046470 secs] 11191K->1507K(13888K), [Perm : 5136K->5136K(21248K)], 0.0047020 secs] [Times: user=0.00 sys=0.00, real=0.00 secs] 
158.992: Total time for which application threads were stopped: 0.0386620 seconds, Stopping threads took: 0.0338720 seconds
158.992: Application time: 0.0004920 seconds
158.993: [GC158.993: [DefNew: 3727K->392K(4288K), 0.0007850 secs] 5235K->5220K(13888K), 0.0008070 secs] [Times: user=0.00 sys=0.00, real=0.00 secs] 
158.993: Total time for which application threads were stopped: 0.0012060 seconds, Stopping threads took: 0.0003330 seconds
158.996: Application time: 0.0028610 seconds
159.065: [GC159.065: [DefNew: 4215K->0K(4288K), 0.0001660 secs] 9043K->4830K(13888K), 0.0001880 secs] [Times: user=0.00 sys=0.00, real=0.00 secs] 
159.065: Total time for which application threads were stopped: 0.0687610 seconds, Stopping threads took: 0.0685170 seconds
159.065: Application time: 0.0002590 seconds
159.066: [GC159.066: [DefNew: 3728K->391K(4288K), 0.0007800 secs] 8558K->8542K(13888K), 0.0008010 secs] [Times: user=0.00 sys=0.00, real=0.00 secs] 
159.067: Total time for which application threads were stopped: 0.0011420 seconds, Stopping threads took: 0.0003020 seconds
159.067: Application time: 0.0009040 seconds
159.101: [GC159.101: [DefNew: 4212K->4212K(4288K), 0.0000050 secs]159.101: [Tenured: 8150K->6878K(9600K), 0.0060480 secs] 12363K->6878K(13888K), [Perm : 5136K->5136K(21248K)], 0.0060950 secs] [Times: user=0.01 sys=0.00, real=0.01 secs] 
159.107: Total time for which application threads were stopped: 0.0394260 seconds, Stopping threads took: 0.0332780 seconds
159.179: Application time: 0.0722870 seconds
159.180: [GC159.180: [DefNew: 3825K->3825K(4288K), 0.0000100 secs]159.180: [Tenured: 6878K->2093K(9600K), 0.0059540 secs] 10704K->2093K(13888K), [Perm : 5136K->5136K(21248K)], 0.0060050 secs] [Times: user=0.01 sys=0.00, real=0.01 secs] 
159.186: Total time for which application threads were stopped: 0.0069880 seconds, Stopping threads took: 0.0009030 seconds
159.187: Application time: 0.0005360 seconds
159.187: [GC159.187: [DefNew: 3727K->391K(4288K), 0.0008680 secs] 5821K->5805K(13888K), 0.0008850 secs] [Times: user=0.00 sys=0.00, real=0.00 secs] 
159.188: Total time for which application threads were stopped: 0.0011880 seconds, Stopping threads took: 0.0002420 seconds
159.189: Application time: 0.0014100 seconds
159.259: [GC159.259: [DefNew: 4214K->4214K(4288K), 0.0000080 secs]159.259: [Tenured: 5413K->4243K(9600K), 0.0062740 secs] 9628K->4243K(13888K), [Perm : 5136K->5136K(21248K)], 0.0063220 secs] [Times: user=0.01 sys=0.00, real=0.01 secs] 
159.265: Total time for which application threads were stopped: 0.0757580 seconds, Stopping threads took: 0.0693580 seconds
159.266: Application time: 0.0007750 seconds
159.316: [GC159.316: [DefNew: 3708K->420K(4288K), 0.0009160 secs] 7951K->7593K(13888K), 0.0009420 secs] [Times: user=0.00 sys=0.00, real=0.00 secs] 
159.317: Total time for which application threads were stopped: 0.0514230 seconds, Stopping threads took: 0.0504120 seconds
159.318: Application time: 0.0004160 seconds
159.380: [GC159.380: [DefNew: 4148K->4148K(4288K), 0.0000070 secs]159.380: [Tenured: 7173K->4075K(9600K), 0.0063850 secs] 11321K->4075K(13888K), [Perm : 5136K->5136K(21248K)], 0.0064280 secs] [Times: user=0.00 sys=0.00, real=0.01 secs] 
159.386: Total time for which application threads were stopped: 0.0686850 seconds, Stopping threads took: 0.0621810 seconds
159.387: Application time: 0.0006520 seconds
159.420: [GC159.420: [DefNew: 3803K->420K(4288K), 0.0008390 secs] 7879K->7522K(13888K), 0.0008700 secs] [Times: user=0.00 sys=0.00, real=0.00 secs] 
159.421: Total time for which application threads were stopped: 0.0338760 seconds, Stopping threads took: 0.0329480 seconds
159.493: Application time: 0.0718190 seconds
159.494: [GC159.494: [DefNew: 4245K->4245K(4288K), 0.0000100 secs]159.494: [Tenured: 7102K->1898K(9600K), 0.0054500 secs] 11348K->1898K(13888K), [Perm : 5136K->5136K(21248K)], 0.0055010 secs] [Times: user=0.01 sys=0.00, real=0.00 secs] 
159.499: Total time for which application threads were stopped: 0.0067000 seconds, Stopping threads took: 0.0011100 seconds
159.500: Application time: 0.0006090 seconds
159.500: [GC159.500: [DefNew: 3802K->420K(4288K), 0.0008790 secs] 5700K->5639K(13888K), 0.0009000 secs] [Times: user=0.00 sys=0.00, real=0.00 secs] 
159.501: Total time for which application threads were stopped: 0.0011680 seconds, Stopping threads took: 0.0002210 seconds
159.502: Application time: 0.0009020 seconds
159.572: [GC159.572: [DefNew: 4144K->391K(4288K), 0.0007440 secs] 9363K->7593K(13888K), 0.0007690 secs] [Times: user=0.00 sys=0.00, real=0.01 secs] 
159.573: Total time for which application threads were stopped: 0.0706370 seconds, Stopping threads took: 0.0697980 seconds
159.574: Application time: 0.0008050 seconds
159.643: [GC159.643: [DefNew: 4118K->4118K(4288K), 0.0000070 secs]159.643: [Tenured: 7202K->4466K(9600K), 0.0064670 secs] 11321K->4466K(13888K), [Perm : 5136K->5136K(21248K)], 0.0065130 secs] [Times: user=0.00 sys=0.00, real=0.01 secs] 
159.650: Total time for which application threads were stopped: 0.0763530 seconds, Stopping threads took: 0.0697630 seconds
159.650: Application time: 0.0004810 seconds
159.713: [GC159.713: [DefNew: 3532K->392K(4288K), 0.0007260 secs] 7998K->6811K(13888K), 0.0007520 secs] [Times: user=0.00 sys=0.00, real=0.00 secs] 
159.714: Total time for which application threads were stopped: 0.0631700 seconds, Stopping threads took: 0.0623440 seconds
159.714: Application time: 0.0003740 seconds
159.714: [GC159.714: [DefNew: 4115K->4115K(4288K), 0.0000050 secs]159.714: [Tenured: 6419K->7396K(9600K), 0.0056900 secs] 10535K->7396K(13888K), [Perm : 5136K->5136K(21248K)], 0.0057350 secs] [Times: user=0.01 sys=0.00, real=0.00 secs] 
159.720: Total time for which application threads were stopped: 0.0061610 seconds, Stopping threads took: 0.0003750 seconds
159.792: Application time: 0.0716710 seconds
159.793: [GC159.793: [DefNew: 3727K->3727K(4288K), 0.0000090 secs]159.793: [Tenured: 7396K->2513K(9600K), 0.0053270 secs] 11123K->2513K(13888K), [Perm : 5136K->5136K(21248K)], 0.0053820 secs] [Times: user=0.01 sys=0.00, real=0.00 secs] 
159.799: Total time for which application threads were stopped: 0.0071060 seconds, Stopping threads took: 0.0016420 seconds
159.799: Application time: 0.0006400 seconds
159.833: [GC159.833: [DefNew: 3825K->392K(4288K), 0.0008330 secs] 6339K->6030K(13888K), 0.0008540 secs] [Times: user=0.00 sys=0.00, real=0.00 secs] 
159.834: Total time for which application threads were stopped: 0.0342470 seconds, Stopping threads took: 0.0333310 seconds
159.834: Application time: 0.0005270 seconds
159.898: [GC159.898: [DefNew: 4215K->4215K(4288K), 0.0000080 secs]159.898: [Tenured: 5638K->4730K(9600K), 0.0056750 secs] 9854K->4730K(13888K), [Perm : 5136K->5136K(21248K)], 0.0057320 secs] [Times: user=0.01 sys=0.00, real=0.00 secs] 
159.904: Total time for which application threads were stopped: 0.0697710 seconds, Stopping threads took: 0.0639550 seconds
159.905: Application time: 0.0008330 seconds
159.970: [GC159.970: [DefNew: 3708K->420K(4288K), 0.0008510 secs] 8438K->7494K(13888K), 0.0008770 secs] [Times: user=0.00 sys=0.00, real=0.00 secs] 
159.971: Total time for which application threads were stopped: 0.0663670 seconds, Stopping threads took: 0.0654390 seconds
159.972: Application time: 0.0004430 seconds
160.037: [GC160.037: [DefNew: 4245K->4245K(4288K), 0.0000070 secs]160.037: [Tenured: 7074K->4661K(9600K), 0.0062220 secs] 11320K->4661K(13888K), [Perm : 5136K->5136K(21248K)], 0.0062700 secs] [Times: user=0.00 sys=0.00, real=0.00 secs] 
160.043: Total time for which application threads were stopped: 0.0717470 seconds, Stopping threads took: 0.0653790 seconds
160.044: Application time: 0.0005960 seconds
160.077: [GC160.077: [DefNew: 3805K->420K(4288K), 0.0009190 secs] 8467K->8011K(13888K), 0.0009440 secs] [Times: user=0.00 sys=0.00, real=0.00 secs] 
160.078: Total time for which application threads were stopped: 0.0342120 seconds, Stopping threads took: 0.0331980 seconds
160.150: Application time: 0.0719940 seconds
160.152: [GC160.152: [DefNew: 4147K->4147K(4288K), 0.0000090 secs]160.152: [Tenured: 7591K->1369K(9600K), 0.0058080 secs] 11738K->1369K(13888K), [Perm : 5136K->5136K(21248K)], 0.0058590 secs] [Times: user=0.01 sys=0.00, real=0.01 secs] 
160.158: Total time for which application threads were stopped: 0.0077670 seconds, Stopping threads took: 0.0018300 seconds
160.159: Application time: 0.0005710 seconds
160.159: [GC160.159: [DefNew: 3751K->416K(4288K), 0.0008660 secs] 5121K->5106K(13888K), 0.0008830 secs] [Times: user=0.00 sys=0.00, real=0.00 secs] 
160.160: Total time for which application threads were stopped: 0.0012750 seconds, Stopping threads took: 0.0003330 seconds
160.160: Application time: 0.0006330 seconds
160.217: [GC160.217: [DefNew: 4192K->321K(4288K), 0.0006860 secs] 8882K->7162K(13888K), 0.0007070 secs] [Times: user=0.00 sys=0.00, real=0.00 secs] 
160.218: Total time for which application threads were stopped: 0.0574530 seconds, Stopping threads took: 0.0567060 seconds
160.219: Application time: 0.0009770 seconds
160.290: [GC160.290: [DefNew: 4127K->4127K(4288K), 0.0000080 secs]160.290: [Tenured: 6840K->1819K(9600K), 0.0050540 secs] 10968K->1819K(13888K), [Perm : 5136K->5136K(21248K)], 0.0051050 secs] [Times: user=0.01 sys=0.00, real=0.01 secs] 
160.295: Total time for which application threads were stopped: 0.0759030 seconds, Stopping threads took: 0.0707300 seconds
160.295: Application time: 0.0006190 seconds
160.296: [GC160.296: [DefNew: 3725K->392K(4288K), 0.0008600 secs] 5544K->5531K(13888K), 0.0008780 secs] [Times: user=0.00 sys=0.00, real=0.00 secs] 
160.297: Total time for which application threads were stopped: 0.0011480 seconds, Stopping threads took: 0.0002310 seconds
160.298: Application time: 0.0012260 seconds
160.331: [GC160.331: [DefNew: 4213K->391K(4288K), 0.0007040 secs] 9352K->7680K(13888K), 0.0007260 secs] [Times: user=0.00 sys=0.00, real=0.00 secs] 
160.332: Total time for which application threads were stopped: 0.0338220 seconds, Stopping threads took: 0.0330320 seconds
160.333: Application time: 0.0009110 seconds
160.402: [GC160.402: [DefNew: 4216K->4216K(4288K), 0.0000090 secs]160.402: [Tenured: 7289K->4437K(9600K), 0.0064210 secs] 11506K->4437K(13888K), [Perm : 5136K->5136K(21248K)], 0.0064710 secs] [Times: user=0.00 sys=0.00, real=0.01 secs] 
160.409: Total time for which application threads were stopped: 0.0763850 seconds, Stopping threads took: 0.0698340 seconds
160.410: Application time: 0.0007540 seconds
160.443: [GC160.443: [DefNew: 3708K->420K(4288K), 0.0010190 secs] 8146K->7983K(13888K), 0.0010450 secs] [Times: user=0.00 sys=0.00, real=0.00 secs] 
160.444: Total time for which application threads were stopped: 0.0342050 seconds, Stopping threads took: 0.0330950 seconds
160.444: Application time: 0.0004070 seconds
160.507: [GC160.507: [DefNew: 4148K->4148K(4288K), 0.0000070 secs]160.507: [Tenured: 7563K->4270K(9600K), 0.0058390 secs] 11711K->4270K(13888K), [Perm : 5136K->5136K(21248K)], 0.0058810 secs] [Times: user=0.00 sys=0.00, real=0.01 secs] 
160.513: Total time for which application threads were stopped: 0.0687370 seconds, Stopping threads took: 0.0627820 seconds
160.514: Application time: 0.0006040 seconds
160.547: [GC160.547: [DefNew: 3821K->391K(4288K), 0.0009320 secs] 8092K->7983K(13888K), 0.0009540 secs] [Times: user=0.00 sys=0.00, real=0.00 secs] 
160.548: Total time for which application threads were stopped: 0.0343630 seconds, Stopping threads took: 0.0333340 seconds
160.621: Application time: 0.0731120 seconds
160.622: [GC160.622: [DefNew: 4119K->4119K(4288K), 0.0000100 secs]160.622: [Tenured: 7591K->2122K(9600K), 0.0059710 secs] 11710K->2122K(13888K), [Perm : 5136K->5136K(21248K)], 0.0060310 secs] [Times: user=0.00 sys=0.00, real=0.01 secs] 
160.628: Total time for which application threads were stopped: 0.0072260 seconds, Stopping threads took: 0.0011130 seconds
160.629: Application time: 0.0006190 seconds
160.629: [GC160.629: [DefNew: 3825K->392K(4288K), 0.0009210 secs] 5948K->5933K(13888K), 0.0009400 secs] [Times: user=0.00 sys=0.00, real=0.00 secs] 
160.630: Total time for which application threads were stopped: 0.0012700 seconds, Stopping threads took: 0.0002660 seconds
160.631: Application time: 0.0009970 seconds
160.702: [GC160.702: [DefNew: 4119K->4119K(4288K), 0.0000070 secs]160.702: [Tenured: 5540K->4271K(9600K), 0.0058840 secs] 9660K->4271K(13888K), [Perm : 5136K->5136K(21248K)], 0.0059300 secs] [Times: user=0.01 sys=0.00, real=0.01 secs] 
160.708: Total time for which application threads were stopped: 0.0765590 seconds, Stopping threads took: 0.0705530 seconds
160.709: Application time: 0.0007910 seconds
160.742: [GC160.742: [DefNew: 3825K->392K(4288K), 0.0009820 secs] 8096K->7788K(13888K), 0.0010070 secs] [Times: user=0.00 sys=0.00, real=0.00 secs] 
160.743: Total time for which application threads were stopped: 0.0347260 seconds, Stopping threads took: 0.0336480 seconds
160.744: Application time: 0.0003980 seconds
160.807: [GC160.807: [DefNew: 4217K->4217K(4288K), 0.0000070 secs]160.807: [Tenured: 7396K->4340K(9600K), 0.0058850 secs] 11614K->4340K(13888K), [Perm : 5136K->5136K(21248K)], 0.0059340 secs] [Times: user=0.00 sys=0.00, real=0.01 secs] 
160.813: Total time for which application threads were stopped: 0.0690740 seconds, Stopping threads took: 0.0630550 seconds
160.814: Application time: 0.0007460 seconds
160.847: [GC160.847: [DefNew: 3821K->391K(4288K), 0.0011800 secs] 8161K->8150K(13888K), 0.0012110 secs] [Times: user=0.00 sys=0.00, real=0.00 secs] 
160.848: Total time for which application threads were stopped: 0.0343610 seconds, Stopping threads took: 0.0330810 seconds
160.921: Application time: 0.0728840 seconds
160.922: [GC160.922: [DefNew: 4217K->4217K(4288K), 0.0000090 secs]160.922: [Tenured: 7758K->2289K(9600K), 0.0059450 secs] 11975K->2289K(13888K), [Perm : 5136K->5136K(21248K)], 0.0059990 secs] [Times: user=0.00 sys=0.00, real=0.01 secs] 
160.928: Total time for which application threads were stopped: 0.0068980 seconds, Stopping threads took: 0.0008180 seconds
160.928: Application time: 0.0006100 seconds
160.977: [GC160.977: [DefNew: 3825K->392K(4288K), 0.0008530 secs] 6115K->5806K(13888K), 0.0008710 secs] [Times: user=0.00 sys=0.00, real=0.00 secs] 
160.978: Total time for which application threads were stopped: 0.0500550 seconds, Stopping threads took: 0.0491220 seconds
160.979: Application time: 0.0006290 seconds
161.033: [GC161.033: [DefNew: 4115K->391K(4288K), 0.0004810 secs] 9530K->6784K(13888K), 0.0005020 secs] [Times: user=0.00 sys=0.00, real=0.00 secs] 
161.034: Total time for which application threads were stopped: 0.0545130 seconds, Stopping threads took: 0.0539470 seconds
161.034: Application time: 0.0003270 seconds
161.098: [GC161.098: [DefNew: 3923K->3923K(4288K), 0.0000070 secs]161.098: [Tenured: 6392K->3656K(9600K), 0.0062530 secs] 10316K->3656K(13888K), [Perm : 5136K->5136K(21248K)], 0.0062990 secs] [Times: user=0.01 sys=0.00, real=0.01 secs] 
161.105: Total time for which application threads were stopped: 0.0707830 seconds, Stopping threads took: 0.0644000 seconds
161.105: Application time: 0.0004940 seconds
161.152: [GC161.152: [DefNew: 3723K->391K(4288K), 0.0008720 secs] 7380K->7075K(13888K), 0.0016260 secs] [Times: user=0.00 sys=0.00, real=0.01 secs] 
161.154: Total time for which application threads were stopped: 0.0487510 seconds, Stopping threads took: 0.0470600 seconds
161.226: Application time: 0.0718890 seconds
161.228: [GC161.228: [DefNew: 4216K->4216K(4288K), 0.0000090 secs]161.228: [Tenured: 6684K->1509K(9600K), 0.0058240 secs] 10901K->1509K(13888K), [Perm : 5136K->5136K(21248K)], 0.0058760 secs] [Times: user=0.00 sys=0.00, real=0.01 secs] 
161.234: Total time for which application threads were stopped: 0.0081440 seconds, Stopping threads took: 0.0021810 seconds
161.235: Application time: 0.0007370 seconds
161.235: [GC161.235: [DefNew: 3689K->441K(4288K), 0.0008290 secs] 5198K->5084K(13888K), 0.0008460 secs] [Times: user=0.00 sys=0.00, real=0.00 secs] 
161.236: Total time for which application threads were stopped: 0.0011410 seconds, Stopping threads took: 0.0002340 seconds
161.236: Application time: 0.0004420 seconds
161.270: [GC161.270: [DefNew: 4067K->391K(4288K), 0.0008570 secs] 8709K->7819K(13888K), 0.0008800 secs] [Times: user=0.00 sys=0.00, real=0.00 secs] 
161.271: Total time for which application threads were stopped: 0.0344340 seconds, Stopping threads took: 0.0334990 seconds
161.271: Application time: 0.0008010 seconds
161.342: [GC161.342: [DefNew: 4216K->4216K(4288K), 0.0000080 secs]161.342: [Tenured: 7428K->3852K(9600K), 0.0062320 secs] 11644K->3852K(13888K), [Perm : 5136K->5136K(21248K)], 0.0062810 secs] [Times: user=0.01 sys=0.00, real=0.01 secs] 
161.348: Total time for which application threads were stopped: 0.0764190 seconds, Stopping threads took: 0.0700590 seconds
161.348: Application time: 0.0005770 seconds
161.382: [GC161.382: [DefNew: 3482K->392K(4288K), 0.0007460 secs] 7334K->6588K(13888K), 0.0007690 secs] [Times: user=0.00 sys=0.00, real=0.00 secs] 
161.383: Total time for which application threads were stopped: 0.0342600 seconds, Stopping threads took: 0.0334310 seconds
161.383: Application time: 0.0003480 seconds
161.420: [GC161.420: [DefNew: 4048K->4048K(4288K), 0.0000050 secs]161.420: [Tenured: 6195K->4467K(9600K), 0.0063310 secs] 10244K->4467K(13888K), [Perm : 5136K->5136K(21248K)], 0.0063710 secs] [Times: user=0.00 sys=0.00, real=0.01 secs] 
161.427: Total time for which application threads were stopped: 0.0437670 seconds, Stopping threads took: 0.0373260 seconds
161.427: Application time: 0.0005350 seconds
161.461: [GC161.461: [DefNew: 3723K->391K(4288K), 0.0008390 secs] 8190K->7886K(13888K), 0.0008620 secs] [Times: user=0.00 sys=0.00, real=0.00 secs] 
161.462: Total time for which application threads were stopped: 0.0345870 seconds, Stopping threads took: 0.0336580 seconds
161.533: Application time: 0.0712170 seconds
161.536: [GC161.536: [DefNew: 4021K->4021K(4288K), 0.0000090 secs]161.536: [Tenured: 7494K->2123K(9600K), 0.0052130 secs] 11516K->2123K(13888K), [Perm : 5136K->5136K(21248K)], 0.0052650 secs] [Times: user=0.01 sys=0.00, real=0.00 secs] 
161.542: Total time for which application threads were stopped: 0.0083410 seconds, Stopping threads took: 0.0029940 seconds
161.542: Application time: 0.0005430 seconds
161.543: [GC161.543: [DefNew: 3725K->391K(4288K), 0.0008270 secs] 5849K->5835K(13888K), 0.0008450 secs] [Times: user=0.00 sys=0.00, real=0.00 secs] 
161.543: Total time for which application threads were stopped: 0.0012810 seconds, Stopping threads took: 0.0003740 seconds
161.545: Application time: 0.0015920 seconds
161.615: [GC161.615: [DefNew: 4214K->4214K(4288K), 0.0000080 secs]161.615: [Tenured: 5444K->3394K(9600K), 0.0060950 secs] 9659K->3394K(13888K), [Perm : 5136K->5136K(21248K)], 0.0061440 secs] [Times: user=0.01 sys=0.00, real=0.00 secs] 
161.621: Total time for which application threads were stopped: 0.0759880 seconds, Stopping threads took: 0.0697820 seconds
161.622: Application time: 0.0005790 seconds
161.655: [GC161.655: [DefNew: 3825K->392K(4288K), 0.0008990 secs] 7219K->6911K(13888K), 0.0009210 secs] [Times: user=0.00 sys=0.00, real=0.00 secs] 
161.656: Total time for which application threads were stopped: 0.0347090 seconds, Stopping threads took: 0.0337290 seconds
161.657: Application time: 0.0007590 seconds
161.690: [GC161.690: [DefNew: 4211K->4211K(4288K), 0.0000060 secs]161.690: [Tenured: 6519K->6488K(9600K), 0.0067590 secs] 10731K->6488K(13888K), [Perm : 5136K->5136K(21248K)], 0.0068020 secs] [Times: user=0.01 sys=0.00, real=0.01 secs] 
161.697: Total time for which application threads were stopped: 0.0402700 seconds, Stopping threads took: 0.0333970 seconds
161.769: Application time: 0.0717710 seconds
161.771: [GC161.771: [DefNew: 3825K->3825K(4288K), 0.0000100 secs]161.771: [Tenured: 6488K->1703K(9600K), 0.0058320 secs] 10314K->1703K(13888K), [Perm : 5136K->5136K(21248K)], 0.0058900 secs] [Times: user=0.00 sys=0.00, real=0.01 secs] 
161.777: Total time for which application threads were stopped: 0.0080510 seconds, Stopping threads took: 0.0020800 seconds
161.778: Application time: 0.0006980 seconds
161.778: [GC161.778: [DefNew: 3836K->404K(4288K), 0.0008830 secs] 5540K->5429K(13888K), 0.0009050 secs] [Times: user=0.00 sys=0.00, real=0.00 secs] 
161.779: Total time for which application threads were stopped: 0.0014360 seconds, Stopping threads took: 0.0004640 seconds
161.780: Application time: 0.0004660 seconds
161.845: [GC161.845: [DefNew: 4078K->338K(4288K), 0.0009680 secs] 9102K->7720K(13888K), 0.0009980 secs] [Times: user=0.00 sys=0.00, real=0.00 secs] 
161.846: Total time for which application threads were stopped: 0.0660510 seconds, Stopping threads took: 0.0649750 seconds
161.846: Application time: 0.0005270 seconds
161.896: [GC161.896: [DefNew: 3968K->3968K(4288K), 0.0000070 secs]161.896: [Tenured: 7382K->4104K(9600K), 0.0058700 secs] 11350K->4104K(13888K), [Perm : 5136K->5136K(21248K)], 0.0059140 secs] [Times: user=0.01 sys=0.00, real=0.00 secs] 
161.902: Total time for which application threads were stopped: 0.0560270 seconds, Stopping threads took: 0.0500590 seconds
161.903: Application time: 0.0006580 seconds
161.903: [GC161.903: [DefNew: 3819K->391K(4288K), 0.0008700 secs] 7923K->7914K(13888K), 0.0008920 secs] [Times: user=0.00 sys=0.00, real=0.00 secs] 
161.904: Total time for which application threads were stopped: 0.0013140 seconds, Stopping threads took: 0.0003450 seconds
161.976: Application time: 0.0715280 seconds
161.978: [GC161.978: [DefNew: 4216K->4216K(4288K), 0.0000090 secs]161.978: [Tenured: 7522K->3128K(9600K), 0.0054350 secs] 11739K->3128K(13888K), [Perm : 5136K->5136K(21248K)], 0.0054910 secs] [Times: user=0.01 sys=0.00, real=0.00 secs] 
161.983: Total time for which application threads were stopped: 0.0073770 seconds, Stopping threads took: 0.0018030 seconds
161.984: Application time: 0.0005750 seconds
162.027: [GC162.028: [DefNew: 3727K->391K(4288K), 0.0008270 secs] 6856K->6254K(13888K), 0.0008500 secs] [Times: user=0.00 sys=0.00, real=0.00 secs] 
162.028: Total time for which application threads were stopped: 0.0445790 seconds, Stopping threads took: 0.0436630 seconds
162.029: Application time: 0.0005890 seconds
162.077: [GC162.077: [DefNew: 4193K->4193K(4288K), 0.0000060 secs]162.077: [Tenured: 5862K->5121K(9600K), 0.0051670 secs] 10056K->5121K(13888K), [Perm : 5136K->5136K(21248K)], 0.0052140 secs] [Times: user=0.00 sys=0.00, real=0.00 secs] 
162.082: Total time for which application threads were stopped: 0.0533620 seconds, Stopping threads took: 0.0480810 seconds
162.083: Application time: 0.0006880 seconds
162.151: [GC162.151: [DefNew: 3825K->391K(4288K), 0.0008890 secs] 8947K->8052K(13888K), 0.0009140 secs] [Times: user=0.00 sys=0.00, real=0.00 secs] 
162.152: Total time for which application threads were stopped: 0.0686780 seconds, Stopping threads took: 0.0677040 seconds
162.152: Application time: 0.0007940 seconds
162.222: [GC162.222: [DefNew: 3885K->3885K(4288K), 0.0000070 secs]162.222: [Tenured: 7661K->3713K(9600K), 0.0056050 secs] 11546K->3713K(13888K), [Perm : 5136K->5136K(21248K)], 0.0056540 secs] [Times: user=0.01 sys=0.00, real=0.01 secs] 
162.228: Total time for which application threads were stopped: 0.0755770 seconds, Stopping threads took: 0.0698430 seconds
162.229: Application time: 0.0005080 seconds
162.278: [GC162.278: [DefNew: 3723K->391K(4288K), 0.0008110 secs] 7437K->6840K(13888K), 0.0008310 secs] [Times: user=0.00 sys=0.00, real=0.00 secs] 
162.279: Total time for which application threads were stopped: 0.0499560 seconds, Stopping threads took: 0.0490580 seconds
162.280: Application time: 0.0011790 seconds
162.349: [GC162.349: [DefNew: 4211K->4211K(4288K), 0.0000070 secs]162.349: [Tenured: 6448K->3714K(9600K), 0.0056600 secs] 10659K->3714K(13888K), [Perm : 5136K->5136K(21248K)], 0.0057140 secs] [Times: user=0.01 sys=0.00, real=0.01 secs] 
162.355: Total time for which application threads were stopped: 0.0754110 seconds, Stopping threads took: 0.0696180 seconds
162.356: Application time: 0.0005270 seconds
162.389: [GC162.389: [DefNew: 3825K->392K(4288K), 0.0007810 secs] 7539K->6645K(13888K), 0.0008030 secs] [Times: user=0.00 sys=0.00, real=0.00 secs] 
162.390: Total time for which application threads were stopped: 0.0340170 seconds, Stopping threads took: 0.0331570 seconds
162.390: Application time: 0.0005200 seconds
162.423: [GC162.423: [DefNew: 4213K->4213K(4288K), 0.0000060 secs]162.423: [Tenured: 6253K->7034K(9600K), 0.0062630 secs] 10466K->7034K(13888K), [Perm : 5136K->5136K(21248K)], 0.0063110 secs] [Times: user=0.00 sys=0.00, real=0.01 secs] 
162.429: Total time for which application threads were stopped: 0.0392550 seconds, Stopping threads took: 0.0328650 seconds
162.501: Application time: 0.0720390 seconds
162.503: [GC162.503: [DefNew: 3727K->3727K(4288K), 0.0000090 secs]162.503: [Tenured: 7034K->2094K(9600K), 0.0053790 secs] 10762K->2094K(13888K), [Perm : 5136K->5136K(21248K)], 0.0054310 secs] [Times: user=0.01 sys=0.00, real=0.01 secs] 
162.508: Total time for which application threads were stopped: 0.0064940 seconds, Stopping threads took: 0.0009820 seconds
162.509: Application time: 0.0005930 seconds
162.509: [GC162.509: [DefNew: 3721K->391K(4288K), 0.0008570 secs] 5816K->5807K(13888K), 0.0008790 secs] [Times: user=0.00 sys=0.00, real=0.00 secs] 
162.510: Total time for which application threads were stopped: 0.0012210 seconds, Stopping threads took: 0.0002960 seconds
162.511: Application time: 0.0014060 seconds
162.581: [GC162.581: [DefNew: 4216K->4216K(4288K), 0.0000080 secs]162.581: [Tenured: 5415K->4244K(9600K), 0.0059180 secs] 9632K->4244K(13888K), [Perm : 5136K->5136K(21248K)], 0.0059690 secs] [Times: user=0.00 sys=0.00, real=0.01 secs] 
162.587: Total time for which application threads were stopped: 0.0757920 seconds, Stopping threads took: 0.0697650 seconds
162.588: Application time: 0.0005260 seconds
162.634: [GC162.634: [DefNew: 3825K->392K(4288K), 0.0009500 secs] 8069K->7761K(13888K), 0.0009730 secs] [Times: user=0.00 sys=0.00, real=0.00 secs] 
162.635: Total time for which application threads were stopped: 0.0479190 seconds, Stopping threads took: 0.0468880 seconds
162.636: Application time: 0.0006770 seconds
162.669: [GC162.669: [DefNew: 4211K->4211K(4288K), 0.0000060 secs]162.669: [Tenured: 7369K->7563K(9600K), 0.0062410 secs] 11580K->7563K(13888K), [Perm : 5136K->5136K(21248K)], 0.0062830 secs] [Times: user=0.01 sys=0.00, real=0.01 secs] 
162.675: Total time for which application threads were stopped: 0.0391500 seconds, Stopping threads took: 0.0327930 seconds
162.747: Application time: 0.0715880 seconds
162.781: [GC162.781: [DefNew: 3825K->3825K(4288K), 0.0000100 secs]162.781: [Tenured: 7563K->1704K(9600K), 0.0055800 secs] 11388K->1704K(13888K), [Perm : 5136K->5136K(21248K)], 0.0056350 secs] [Times: user=0.01 sys=0.00, real=0.01 secs] 
162.787: Total time for which application threads were stopped: 0.0400920 seconds, Stopping threads took: 0.0343760 seconds
162.788: Application time: 0.0006790 seconds
162.788: [GC162.788: [DefNew: 3725K->392K(4288K), 0.0008820 secs] 5429K->5416K(13888K), 0.0008990 secs] [Times: user=0.01 sys=0.00, real=0.00 secs] 
162.789: Total time for which application threads were stopped: 0.0011180 seconds, Stopping threads took: 0.0001800 seconds
162.791: Application time: 0.0020610 seconds
162.859: [GC162.859: [DefNew: 4215K->391K(4288K), 0.0004730 secs] 9239K->6003K(13888K), 0.0005030 secs] [Times: user=0.00 sys=0.00, real=0.00 secs] 
162.859: Total time for which application threads were stopped: 0.0684580 seconds, Stopping threads took: 0.0678800 seconds
162.860: Application time: 0.0004320 seconds
162.913: [GC162.913: [DefNew: 4216K->4216K(4288K), 0.0000070 secs]162.913: [Tenured: 5612K->4438K(9600K), 0.0060780 secs] 9828K->4438K(13888K), [Perm : 5136K->5136K(21248K)], 0.0061290 secs] [Times: user=0.00 sys=0.00, real=0.00 secs] 
162.919: Total time for which application threads were stopped: 0.0590990 seconds, Stopping threads took: 0.0528960 seconds
162.919: Application time: 0.0005200 seconds
162.954: [GC162.954: [DefNew: 3721K->293K(4288K), 0.0008420 secs] 8159K->7857K(13888K), 0.0008650 secs] [Times: user=0.00 sys=0.00, real=0.00 secs] 
162.955: Total time for which application threads were stopped: 0.0355580 seconds, Stopping threads took: 0.0346250 seconds
163.027: Application time: 0.0720620 seconds
163.031: [GC163.031: [DefNew: 4119K->4119K(4288K), 0.0000090 secs]163.031: [Tenured: 7563K->2681K(9600K), 0.0052530 secs] 11682K->2681K(13888K), [Perm : 5136K->5136K(21248K)], 0.0053060 secs] [Times: user=0.01 sys=0.00, real=0.01 secs] 
163.037: Total time for which application threads were stopped: 0.0096020 seconds, Stopping threads took: 0.0042140 seconds
163.037: Application time: 0.0006170 seconds
163.071: [GC163.071: [DefNew: 3708K->421K(4288K), 0.0008600 secs] 6390K->6228K(13888K), 0.0008820 secs] [Times: user=0.00 sys=0.00, real=0.00 secs] 
163.072: Total time for which application threads were stopped: 0.0345240 seconds, Stopping threads took: 0.0335850 seconds
163.072: Application time: 0.0006130 seconds
163.106: [GC163.106: [DefNew: 4240K->4240K(4288K), 0.0000060 secs]163.106: [Tenured: 5807K->6517K(9600K), 0.0053940 secs] 10047K->6517K(13888K), [Perm : 5136K->5136K(21248K)], 0.0054400 secs] [Times: user=0.01 sys=0.00, real=0.00 secs] 
163.111: Total time for which application threads were stopped: 0.0386540 seconds, Stopping threads took: 0.0331480 seconds
163.183: Application time: 0.0719750 seconds
163.184: [GC163.184: [DefNew: 3708K->3708K(4288K), 0.0000090 secs]163.184: [Tenured: 6517K->1565K(9600K), 0.0058030 secs] 10225K->1565K(13888K), [Perm : 5136K->5136K(21248K)], 0.0058550 secs] [Times: user=0.01 sys=0.00, real=0.01 secs] 
163.190: Total time for which application threads were stopped: 0.0070870 seconds, Stopping threads took: 0.0011450 seconds
163.191: Application time: 0.0006380 seconds
163.191: [GC163.191: [DefNew: 3803K->420K(4288K), 0.0008960 secs] 5369K->5306K(13888K), 0.0009130 secs] [Times: user=0.00 sys=0.00, real=0.00 secs] 
163.192: Total time for which application threads were stopped: 0.0012670 seconds, Stopping threads took: 0.0002920 seconds
163.193: Application time: 0.0006970 seconds
163.226: [GC163.226: [DefNew: 4245K->391K(4288K), 0.0008170 secs] 9131K->7846K(13888K), 0.0008390 secs] [Times: user=0.00 sys=0.00, real=0.00 secs] 
163.227: Total time for which application threads were stopped: 0.0341540 seconds, Stopping threads took: 0.0332520 seconds
163.228: Application time: 0.0009210 seconds
163.295: [GC163.295: [DefNew: 4216K->4216K(4288K), 0.0000080 secs]163.295: [Tenured: 7455K->4243K(9600K), 0.0064640 secs] 11671K->4243K(13888K), [Perm : 5136K->5136K(21248K)], 0.0065110 secs] [Times: user=0.01 sys=0.00, real=0.00 secs] 
163.302: Total time for which application threads were stopped: 0.0738710 seconds, Stopping threads took: 0.0672830 seconds
163.302: Application time: 0.0006960 seconds
163.337: [GC163.337: [DefNew: 3825K->392K(4288K), 0.0010050 secs] 8068K->7760K(13888K), 0.0010310 secs] [Times: user=0.01 sys=0.00, real=0.00 secs] 
163.338: Total time for which application threads were stopped: 0.0352360 seconds, Stopping threads took: 0.0341330 seconds
163.338: Application time: 0.0004500 seconds
163.408: [GC163.408: [DefNew: 4217K->4217K(4288K), 0.0000080 secs]163.408: [Tenured: 7368K->4341K(9600K), 0.0057370 secs] 11585K->4341K(13888K), [Perm : 5136K->5136K(21248K)], 0.0057870 secs] [Times: user=0.00 sys=0.00, real=0.01 secs] 
163.414: Total time for which application threads were stopped: 0.0760560 seconds, Stopping threads took: 0.0702100 seconds
163.415: Application time: 0.0005940 seconds
163.448: [GC163.448: [DefNew: 3821K->391K(4288K), 0.0009990 secs] 8163K->8151K(13888K), 0.0010240 secs] [Times: user=0.00 sys=0.00, real=0.00 secs] 
163.449: Total time for which application threads were stopped: 0.0343600 seconds, Stopping threads took: 0.0332860 seconds
163.521: Application time: 0.0723230 seconds
163.524: [GC163.524: [DefNew: 4216K->4216K(4288K), 0.0000100 secs]163.524: [Tenured: 7760K->2291K(9600K), 0.0059140 secs] 11976K->2291K(13888K), [Perm : 5136K->5136K(21248K)], 0.0059760 secs] [Times: user=0.00 sys=0.00, real=0.01 secs] 
163.530: Total time for which application threads were stopped: 0.0082920 seconds, Stopping threads took: 0.0022350 seconds
163.530: Application time: 0.0005640 seconds
163.563: [GC163.563: [DefNew: 3825K->392K(4288K), 0.0009270 secs] 6116K->6004K(13888K), 0.0009490 secs] [Times: user=0.00 sys=0.00, real=0.00 secs] 
163.564: Total time for which application threads were stopped: 0.0338940 seconds, Stopping threads took: 0.0328800 seconds
163.565: Application time: 0.0012460 seconds
163.599: [GC163.599: [DefNew: 4113K->4113K(4288K), 0.0000060 secs]163.599: [Tenured: 5611K->5513K(9600K), 0.0063960 secs] 9725K->5513K(13888K), [Perm : 5136K->5136K(21248K)], 0.0064390 secs] [Times: user=0.00 sys=0.00, real=0.01 secs] 
163.606: Total time for which application threads were stopped: 0.0402860 seconds, Stopping threads took: 0.0337710 seconds
163.607: Application time: 0.0009840 seconds
163.676: [GC163.676: [DefNew: 3825K->391K(4288K), 0.0008670 secs] 9339K->8151K(13888K), 0.0009000 secs] [Times: user=0.00 sys=0.00, real=0.00 secs] 
163.677: Total time for which application threads were stopped: 0.0705750 seconds, Stopping threads took: 0.0696200 seconds
163.678: Application time: 0.0004480 seconds
163.712: [GC163.712: [DefNew: 4119K->4119K(4288K), 0.0000060 secs]163.712: [Tenured: 7759K->4438K(9600K), 0.0051910 secs] 11879K->4438K(13888K), [Perm : 5136K->5136K(21248K)], 0.0052370 secs] [Times: user=0.00 sys=0.00, real=0.01 secs] 
163.717: Total time for which application threads were stopped: 0.0392040 seconds, Stopping threads took: 0.0338850 seconds
163.717: Application time: 0.0004380 seconds
163.766: [GC163.766: [DefNew: 3823K->391K(4288K), 0.0008500 secs] 8261K->7662K(13888K), 0.0008700 secs] [Times: user=0.00 sys=0.00, real=0.00 secs] 
163.767: Total time for which application threads were stopped: 0.0495630 seconds, Stopping threads took: 0.0486280 seconds
163.768: Application time: 0.0013770 seconds
163.838: [GC163.838: [DefNew: 4178K->4178K(4288K), 0.0000080 secs]163.838: [Tenured: 7270K->3324K(9600K), 0.0068870 secs] 11448K->3324K(13888K), [Perm : 5136K->5136K(21248K)], 0.0069390 secs] [Times: user=0.01 sys=0.00, real=0.01 secs] 
163.845: Total time for which application threads were stopped: 0.0767900 seconds, Stopping threads took: 0.0697710 seconds
163.846: Application time: 0.0007470 seconds
163.879: [GC163.879: [DefNew: 3775K->441K(4288K), 0.0009530 secs] 7100K->6890K(13888K), 0.0009770 secs] [Times: user=0.00 sys=0.00, real=0.00 secs] 
163.880: Total time for which application threads were stopped: 0.0342440 seconds, Stopping threads took: 0.0331960 seconds
163.880: Application time: 0.0004380 seconds
163.945: [GC163.945: [DefNew: 4196K->4196K(4288K), 0.0000080 secs]163.945: [Tenured: 6449K->4330K(9600K), 0.0058740 secs] 10645K->4330K(13888K), [Perm : 5136K->5136K(21248K)], 0.0059240 secs] [Times: user=0.01 sys=0.00, real=0.00 secs] 
163.951: Total time for which application threads were stopped: 0.0706940 seconds, Stopping threads took: 0.0646920 seconds
163.957: Application time: 0.0054750 seconds
164.009: [GC164.009: [DefNew: 3727K->392K(4288K), 0.0007090 secs] 8058K->6675K(13888K), 0.0007350 secs] [Times: user=0.00 sys=0.00, real=0.00 secs] 
164.010: Total time for which application threads were stopped: 0.0532130 seconds, Stopping threads took: 0.0524060 seconds
164.010: Application time: 0.0003750 seconds
164.044: [GC164.044: [DefNew: 4115K->4115K(4288K), 0.0000060 secs]164.044: [Tenured: 6283K->5306K(9600K), 0.0064220 secs] 10399K->5306K(13888K), [Perm : 5136K->5136K(21248K)], 0.0064620 secs] [Times: user=0.00 sys=0.00, real=0.01 secs] 
164.050: Total time for which application threads were stopped: 0.0400140 seconds, Stopping threads took: 0.0334810 seconds
164.051: Application time: 0.0007660 seconds
164.085: [GC164.085: [DefNew: 3823K->391K(4288K), 0.0008270 secs] 9129K->8530K(13888K), 0.0008600 secs] [Times: user=0.00 sys=0.00, real=0.00 secs] 
164.085: Total time for which application threads were stopped: 0.0344340 seconds, Stopping threads took: 0.0335020 seconds
164.158: Application time: 0.0728510 seconds
164.160: [GC164.160: [DefNew: 4216K->4216K(4288K), 0.0000090 secs]164.160: [Tenured: 8138K->2095K(9600K), 0.0052330 secs] 12355K->2095K(13888K), [Perm : 5136K->5136K(21248K)], 0.0052870 secs] [Times: user=0.01 sys=0.00, real=0.01 secs] 
164.165: Total time for which application threads were stopped: 0.0065200 seconds, Stopping threads took: 0.0011620 seconds
164.165: Application time: 0.0006350 seconds
164.199: [GC164.199: [DefNew: 3724K->440K(4288K), 0.0008610 secs] 5819K->5465K(13888K), 0.0008780 secs] [Times: user=0.00 sys=0.00, real=0.00 secs] 
164.200: Total time for which application threads were stopped: 0.0346620 seconds, Stopping threads took: 0.0337220 seconds
164.201: Application time: 0.0004680 seconds
164.234: [GC164.234: [DefNew: 4224K->440K(4288K), 0.0009930 secs] 9249K->8892K(13888K), 0.0010130 secs] [Times: user=0.00 sys=0.00, real=0.00 secs] 
164.235: Total time for which application threads were stopped: 0.0343290 seconds, Stopping threads took: 0.0332470 seconds
164.308: Application time: 0.0730950 seconds
164.310: [GC164.310: [DefNew: 4265K->4265K(4288K), 0.0000090 secs]164.310: [Tenured: 8452K->2542K(9600K), 0.0052200 secs] 12717K->2542K(13888K), [Perm : 5136K->5136K(21248K)], 0.0052730 secs] [Times: user=0.01 sys=0.00, real=0.01 secs] 
164.315: Total time for which application threads were stopped: 0.0073890 seconds, Stopping threads took: 0.0020570 seconds
164.316: Application time: 0.0005330 seconds
164.316: [GC164.316: [DefNew: 3825K->391K(4288K), 0.0008390 secs] 6367K->6352K(13888K), 0.0008580 secs] [Times: user=0.00 sys=0.00, real=0.00 secs] 
164.317: Total time for which application threads were stopped: 0.0012440 seconds, Stopping threads took: 0.0003270 seconds
164.389: Application time: 0.0713960 seconds
164.390: [GC164.390: [DefNew: 4216K->4216K(4288K), 0.0000090 secs]164.390: [Tenured: 5960K->1566K(9600K), 0.0057800 secs] 10177K->1566K(13888K), [Perm : 5136K->5136K(21248K)], 0.0058500 secs] [Times: user=0.01 sys=0.01, real=0.01 secs] 
164.396: Total time for which application threads were stopped: 0.0077530 seconds, Stopping threads took: 0.0018230 seconds
164.397: Application time: 0.0006070 seconds
164.397: [GC164.397: [DefNew: 3727K->392K(4288K), 0.0008670 secs] 5294K->5279K(13584K), 0.0008880 secs] [Times: user=0.00 sys=0.00, real=0.00 secs] 
164.398: Total time for which application threads were stopped: 0.0010560 seconds, Stopping threads took: 0.0001240 seconds
164.399: Application time: 0.0011690 seconds
164.460: [GC164.460: [DefNew: 4215K->293K(4288K), 0.0006060 secs] 9102K->6940K(13584K), 0.0006270 secs] [Times: user=0.00 sys=0.00, real=0.00 secs] 
164.461: Total time for which application threads were stopped: 0.0619600 seconds, Stopping threads took: 0.0612890 seconds
164.462: Application time: 0.0004390 seconds
164.530: [GC164.530: [DefNew: 3923K->3923K(4288K), 0.0000080 secs]164.530: [Tenured: 6647K->4106K(9296K), 0.0055800 secs] 10570K->4106K(13584K), [Perm : 5136K->5136K(21248K)], 0.0056270 secs] [Times: user=0.01 sys=0.00, real=0.01 secs] 
164.536: Total time for which application threads were stopped: 0.0741630 seconds, Stopping threads took: 0.0684710 seconds
164.536: Application time: 0.0005600 seconds
164.570: [GC164.570: [DefNew: 3825K->294K(4288K), 0.0008560 secs] 7931K->7330K(13584K), 0.0008800 secs] [Times: user=0.00 sys=0.00, real=0.00 secs] 
164.571: Total time for which application threads were stopped: 0.0346430 seconds, Stopping threads took: 0.0337010 seconds
164.572: Application time: 0.0008330 seconds
164.605: [GC164.605: [DefNew: 4117K->4117K(4288K), 0.0000070 secs]164.605: [Tenured: 7036K->6294K(9296K), 0.0067200 secs] 11153K->6294K(13584K), [Perm : 5136K->5136K(21248K)], 0.0067770 secs] [Times: user=0.01 sys=0.00, real=0.00 secs] 
164.612: Total time for which application threads were stopped: 0.0403340 seconds, Stopping threads took: 0.0334700 seconds
164.684: Application time: 0.0722630 seconds
164.686: [GC164.686: [DefNew: 3825K->3825K(4288K), 0.0000100 secs]164.686: [Tenured: 6294K->1509K(9600K), 0.0058010 secs] 10120K->1509K(13888K), [Perm : 5136K->5136K(21248K)], 0.0058530 secs] [Times: user=0.01 sys=0.00, real=0.00 secs] 
164.692: Total time for which application threads were stopped: 0.0075870 seconds, Stopping threads took: 0.0016540 seconds
164.693: Application time: 0.0007020 seconds
164.693: [GC164.693: [DefNew: 3775K->392K(4288K), 0.0008650 secs] 5285K->5222K(13888K), 0.0008830 secs] [Times: user=0.00 sys=0.00, real=0.00 secs] 
164.694: Total time for which application threads were stopped: 0.0012240 seconds, Stopping threads took: 0.0003020 seconds
164.694: Application time: 0.0005300 seconds
164.756: [GC164.756: [DefNew: 4147K->419K(4288K), 0.0008700 secs] 8977K->7790K(13888K), 0.0008930 secs] [Times: user=0.00 sys=0.00, real=0.00 secs] 
164.757: Total time for which application threads were stopped: 0.0625180 seconds, Stopping threads took: 0.0615530 seconds
164.757: Application time: 0.0003840 seconds
164.820: [GC164.820: [DefNew: 4147K->4147K(4288K), 0.0000080 secs]164.820: [Tenured: 7370K->4076K(9600K), 0.0057250 secs] 11518K->4076K(13888K), [Perm : 5136K->5136K(21248K)], 0.0057690 secs] [Times: user=0.00 sys=0.00, real=0.01 secs] 
164.826: Total time for which application threads were stopped: 0.0681810 seconds, Stopping threads took: 0.0623370 seconds
164.826: Application time: 0.0006010 seconds
164.827: [GC164.827: [DefNew: 3819K->391K(4288K), 0.0008720 secs] 7896K->7886K(13888K), 0.0008950 secs] [Times: user=0.00 sys=0.00, real=0.00 secs] 
164.827: Total time for which application threads were stopped: 0.0013670 seconds, Stopping threads took: 0.0004020 seconds
164.900: Application time: 0.0723370 seconds
164.903: [GC164.903: [DefNew: 4099K->4099K(4288K), 0.0000100 secs]164.903: [Tenured: 7495K->2934K(9600K), 0.0047840 secs] 11594K->2934K(13888K), [Perm : 5136K->5136K(21248K)], 0.0048400 secs] [Times: user=0.00 sys=0.00, real=0.01 secs] 
164.908: Total time for which application threads were stopped: 0.0082550 seconds, Stopping threads took: 0.0033320 seconds
164.909: Application time: 0.0004690 seconds
164.941: [GC164.941: [DefNew: 3727K->392K(4288K), 0.0008050 secs] 6661K->6353K(13888K), 0.0008290 secs] [Times: user=0.00 sys=0.00, real=0.00 secs] 
164.942: Total time for which application threads were stopped: 0.0337250 seconds, Stopping threads took: 0.0328290 seconds
164.943: Application time: 0.0006800 seconds
165.009: [GC165.009: [DefNew: 4217K->4217K(4288K), 0.0000070 secs]165.009: [Tenured: 5961K->5025K(9600K), 0.0059410 secs] 10178K->5025K(13888K), [Perm : 5136K->5136K(21248K)], 0.0059910 secs] [Times: user=0.01 sys=0.00, real=0.01 secs] 
165.015: Total time for which application threads were stopped: 0.0716420 seconds, Stopping threads took: 0.0655710 seconds
165.015: Application time: 0.0008400 seconds
165.078: [GC165.078: [DefNew: 3805K->420K(4288K), 0.0009760 secs] 8831K->8180K(13888K), 0.0010050 secs] [Times: user=0.01 sys=0.00, real=0.00 secs] 
165.079: Total time for which application threads were stopped: 0.0638080 seconds, Stopping threads took: 0.0627450 seconds
165.080: Application time: 0.0003620 seconds
165.135: [GC165.135: [DefNew: 3952K->3952K(4288K), 0.0000060 secs]165.135: [Tenured: 7759K->3686K(9600K), 0.0055510 secs] 11712K->3686K(13888K), [Perm : 5136K->5136K(21248K)], 0.0055970 secs] [Times: user=0.00 sys=0.00, real=0.00 secs] 
165.140: Total time for which application threads were stopped: 0.0606710 seconds, Stopping threads took: 0.0549870 seconds
165.141: Application time: 0.0004530 seconds
165.141: [GC165.141: [DefNew: 3819K->391K(4288K), 0.0008560 secs] 7505K->7496K(13888K), 0.0008760 secs] [Times: user=0.01 sys=0.00, real=0.00 secs] 
165.142: Total time for which application threads were stopped: 0.0012730 seconds, Stopping threads took: 0.0003430 seconds
165.214: Application time: 0.0719050 seconds
165.249: [GC165.249: [DefNew: 4119K->4119K(4288K), 0.0000100 secs]165.249: [Tenured: 7104K->1538K(9600K), 0.0050450 secs] 11223K->1538K(13888K), [Perm : 5136K->5136K(21248K)], 0.0051040 secs] [Times: user=0.01 sys=0.01, real=0.01 secs] 
165.254: Total time for which application threads were stopped: 0.0400570 seconds, Stopping threads took: 0.0348730 seconds
165.255: Application time: 0.0006140 seconds
165.255: [GC165.255: [DefNew: 3727K->392K(4288K), 0.0008380 secs] 5266K->5251K(13888K), 0.0008570 secs] [Times: user=0.00 sys=0.00, real=0.00 secs] 
165.256: Total time for which application threads were stopped: 0.0011590 seconds, Stopping threads took: 0.0002400 seconds
165.257: Application time: 0.0014760 seconds
165.327: [GC165.327: [DefNew: 4213K->195K(4288K), 0.0004820 secs] 9072K->6228K(13888K), 0.0005050 secs] [Times: user=0.01 sys=0.00, real=0.00 secs] 
165.327: Total time for which application threads were stopped: 0.0700480 seconds, Stopping threads took: 0.0694680 seconds
165.328: Application time: 0.0003600 seconds
165.395: [GC165.395: [DefNew: 3826K->3826K(4288K), 0.0000070 secs]165.395: [Tenured: 6033K->4077K(9600K), 0.0053660 secs] 9859K->4077K(13888K), [Perm : 5136K->5136K(21248K)], 0.0054120 secs] [Times: user=0.01 sys=0.00, real=0.00 secs] 
165.400: Total time for which application threads were stopped: 0.0728240 seconds, Stopping threads took: 0.0673460 seconds
165.401: Application time: 0.0004470 seconds
165.435: [GC165.435: [DefNew: 3721K->391K(4288K), 0.0008190 secs] 7799K->7204K(13888K), 0.0008420 secs] [Times: user=0.00 sys=0.00, real=0.00 secs] 
165.435: Total time for which application threads were stopped: 0.0345020 seconds, Stopping threads took: 0.0335910 seconds
165.437: Application time: 0.0010690 seconds
165.507: [GC165.507: [DefNew: 4115K->4115K(4288K), 0.0000080 secs]165.507: [Tenured: 6812K->2876K(9600K), 0.0061600 secs] 10927K->2876K(13888K), [Perm : 5136K->5136K(21248K)], 0.0062080 secs] [Times: user=0.01 sys=0.00, real=0.01 secs] 
165.513: Total time for which application threads were stopped: 0.0762840 seconds, Stopping threads took: 0.0700220 seconds
165.513: Application time: 0.0006460 seconds
165.562: [GC165.562: [DefNew: 3727K->392K(4288K), 0.0008310 secs] 6604K->6003K(13888K), 0.0008500 secs] [Times: user=0.00 sys=0.00, real=0.00 secs] 
165.563: Total time for which application threads were stopped: 0.0496690 seconds, Stopping threads took: 0.0487780 seconds
165.564: Application time: 0.0006030 seconds
165.610: [GC165.610: [DefNew: 4111K->4111K(4288K), 0.0000070 secs]165.610: [Tenured: 5611K->7075K(9600K), 0.0066490 secs] 9723K->7075K(13888K), [Perm : 5136K->5136K(21248K)], 0.0066960 secs] [Times: user=0.01 sys=0.00, real=0.01 secs] 
165.616: Total time for which application threads were stopped: 0.0525170 seconds, Stopping threads took: 0.0457650 seconds
165.688: Application time: 0.0719880 seconds
165.689: [GC165.689: [DefNew: 3825K->3825K(4288K), 0.0000100 secs]165.689: [Tenured: 7075K->2290K(9600K), 0.0051540 secs] 10901K->2290K(13888K), [Perm : 5136K->5136K(21248K)], 0.0052070 secs] [Times: user=0.00 sys=0.00, real=0.01 secs] 
165.695: Total time for which application threads were stopped: 0.0063380 seconds, Stopping threads took: 0.0010600 seconds
165.695: Application time: 0.0006770 seconds
165.728: [GC165.728: [DefNew: 3786K->441K(4288K), 0.0009070 secs] 6077K->5865K(13888K), 0.0009310 secs] [Times: user=0.00 sys=0.00, real=0.00 secs] 
165.729: Total time for which application threads were stopped: 0.0339380 seconds, Stopping threads took: 0.0329370 seconds
165.730: Application time: 0.0006310 seconds
165.777: [GC165.777: [DefNew: 4266K->4266K(4288K), 0.0000070 secs]165.777: [Tenured: 5424K->5472K(9600K), 0.0064880 secs] 9690K->5472K(13888K), [Perm : 5136K->5136K(21248K)], 0.0065330 secs] [Times: user=0.01 sys=0.00, real=0.00 secs] 
165.784: Total time for which application threads were stopped: 0.0540740 seconds, Stopping threads took: 0.0474650 seconds
165.785: Application time: 0.0010750 seconds
165.855: [GC165.855: [DefNew: 3825K->391K(4288K), 0.0009150 secs] 9298K->8013K(13888K), 0.0009470 secs] [Times: user=0.00 sys=0.00, real=0.00 secs] 
165.856: Total time for which application threads were stopped: 0.0714630 seconds, Stopping threads took: 0.0704280 seconds
165.857: Application time: 0.0005070 seconds
165.891: [GC165.891: [DefNew: 4217K->4217K(4288K), 0.0000080 secs]165.891: [Tenured: 7621K->4439K(9600K), 0.0058080 secs] 11838K->4439K(13888K), [Perm : 5136K->5136K(21248K)], 0.0058550 secs] [Times: user=0.00 sys=0.00, real=0.01 secs] 
165.896: Total time for which application threads were stopped: 0.0395340 seconds, Stopping threads took: 0.0336000 seconds
165.897: Application time: 0.0005770 seconds
165.930: [GC165.931: [DefNew: 3803K->420K(4288K), 0.0008100 secs] 8243K->7301K(13888K), 0.0008330 secs] [Times: user=0.00 sys=0.00, real=0.00 secs] 
165.931: Total time for which application threads were stopped: 0.0342910 seconds, Stopping threads took: 0.0333880 seconds
165.932: Application time: 0.0008300 seconds
166.001: [GC166.001: [DefNew: 4226K->4226K(4288K), 0.0000070 secs]166.001: [Tenured: 6880K->3325K(9600K), 0.0059490 secs] 11107K->3325K(13888K), [Perm : 5136K->5136K(21248K)], 0.0060000 secs] [Times: user=0.01 sys=0.00, real=0.01 secs] 
166.007: Total time for which application threads were stopped: 0.0753040 seconds, Stopping threads took: 0.0692260 seconds
166.008: Application time: 0.0005470 seconds
166.041: [GC166.041: [DefNew: 3727K->392K(4288K), 0.0008670 secs] 7052K->6647K(13888K), 0.0008910 secs] [Times: user=0.00 sys=0.00, real=0.00 secs] 
166.042: Total time for which application threads were stopped: 0.0342570 seconds, Stopping threads took: 0.0332970 seconds
166.043: Application time: 0.0006740 seconds
166.100: [GC166.100: [DefNew: 4209K->4209K(4288K), 0.0000060 secs]166.100: [Tenured: 6254K->6547K(9600K), 0.0061370 secs] 10464K->6547K(13888K), [Perm : 5136K->5136K(21248K)], 0.0061830 secs] [Times: user=0.00 sys=0.00, real=0.01 secs] 
166.106: Total time for which application threads were stopped: 0.0634700 seconds, Stopping threads took: 0.0572330 seconds
166.177: Application time: 0.0706290 seconds
166.181: [GC166.181: [DefNew: 3825K->3825K(4288K), 0.0000110 secs]166.181: [Tenured: 6547K->1762K(9600K), 0.0050480 secs] 10372K->1762K(13888K), [Perm : 5136K->5136K(21248K)], 0.0051040 secs] [Times: user=0.01 sys=0.00, real=0.01 secs] 
166.186: Total time for which application threads were stopped: 0.0089100 seconds, Stopping threads took: 0.0037370 seconds
166.187: Application time: 0.0006280 seconds
166.187: [GC166.187: [DefNew: 3804K->420K(4288K), 0.0008400 secs] 5566K->5503K(13888K), 0.0008620 secs] [Times: user=0.00 sys=0.00, real=0.00 secs] 
166.188: Total time for which application threads were stopped: 0.0011680 seconds, Stopping threads took: 0.0002480 seconds
166.188: Application time: 0.0004410 seconds
166.253: [GC166.253: [DefNew: 4243K->293K(4288K), 0.0007860 secs] 9326K->7750K(13888K), 0.0008120 secs] [Times: user=0.00 sys=0.00, real=0.00 secs] 
166.254: Total time for which application threads were stopped: 0.0658610 seconds, Stopping threads took: 0.0650010 seconds
166.255: Application time: 0.0007130 seconds
166.316: [GC166.316: [DefNew: 4118K->4118K(4288K), 0.0000070 secs]166.316: [Tenured: 7456K->4439K(9600K), 0.0064280 secs] 11575K->4439K(13888K), [Perm : 5136K->5136K(21248K)], 0.0064740 secs] [Times: user=0.01 sys=0.00, real=0.00 secs] 
166.323: Total time for which application threads were stopped: 0.0678950 seconds, Stopping threads took: 0.0613450 seconds
166.323: Application time: 0.0004580 seconds
166.373: [GC166.373: [DefNew: 3532K->392K(4288K), 0.0007210 secs] 7971K->6784K(13888K), 0.0007470 secs] [Times: user=0.01 sys=0.00, real=0.00 secs] 
166.374: Total time for which application threads were stopped: 0.0509020 seconds, Stopping threads took: 0.0500740 seconds
166.374: Application time: 0.0003420 seconds
166.408: [GC166.408: [DefNew: 4115K->4115K(4288K), 0.0000050 secs]166.408: [Tenured: 6392K->6295K(9600K), 0.0061140 secs] 10508K->6295K(13888K), [Perm : 5136K->5136K(21248K)], 0.0061590 secs] [Times: user=0.01 sys=0.00, real=0.01 secs] 
166.414: Total time for which application threads were stopped: 0.0394520 seconds, Stopping threads took: 0.0332100 seconds
166.487: Application time: 0.0731680 seconds
166.488: [GC166.488: [DefNew: 3825K->3825K(4288K), 0.0000090 secs]166.488: [Tenured: 6295K->1510K(9600K), 0.0057900 secs] 10120K->1510K(13888K), [Perm : 5136K->5136K(21248K)], 0.0058400 secs] [Times: user=0.00 sys=0.00, real=0.01 secs] 
166.494: Total time for which application threads were stopped: 0.0065910 seconds, Stopping threads took: 0.0006710 seconds
166.494: Application time: 0.0006230 seconds
166.495: [GC166.495: [DefNew: 3776K->441K(4288K), 0.0008930 secs] 5286K->5272K(13888K), 0.0009110 secs] [Times: user=0.00 sys=0.00, real=0.00 secs] 
166.496: Total time for which application threads were stopped: 0.0014440 seconds, Stopping threads took: 0.0004720 seconds
166.497: Application time: 0.0009650 seconds
166.545: [GC166.545: [DefNew: 4194K->419K(4288K), 0.0006020 secs] 9026K->6912K(13888K), 0.0006220 secs] [Times: user=0.00 sys=0.00, real=0.00 secs] 
166.545: Total time for which application threads were stopped: 0.0487420 seconds, Stopping threads took: 0.0480570 seconds
166.546: Application time: 0.0008850 seconds
166.616: [GC166.616: [DefNew: 4244K->4244K(4288K), 0.0000080 secs]166.616: [Tenured: 6493K->4175K(9600K), 0.0056890 secs] 10738K->4175K(13888K), [Perm : 5136K->5136K(21248K)], 0.0057390 secs] [Times: user=0.01 sys=0.00, real=0.00 secs] 
166.622: Total time for which application threads were stopped: 0.0755980 seconds, Stopping threads took: 0.0697810 seconds
166.622: Application time: 0.0006090 seconds
166.680: [GC166.680: [DefNew: 3532K->392K(4288K), 0.0008910 secs] 7708K->7302K(13888K), 0.0009160 secs] [Times: user=0.00 sys=0.00, real=0.00 secs] 
166.681: Total time for which application threads were stopped: 0.0587350 seconds, Stopping threads took: 0.0577670 seconds
166.682: Application time: 0.0004530 seconds
166.715: [GC166.715: [DefNew: 4213K->4213K(4288K), 0.0000060 secs]166.715: [Tenured: 6910K->7173K(9600K), 0.0066520 secs] 11123K->7173K(13888K), [Perm : 5136K->5136K(21248K)], 0.0067000 secs] [Times: user=0.00 sys=0.00, real=0.00 secs] 
166.722: Total time for which application threads were stopped: 0.0404320 seconds, Stopping threads took: 0.0336750 seconds
166.798: Application time: 0.0763140 seconds
166.804: [GC166.804: [DefNew: 3825K->3825K(4288K), 0.0000100 secs]166.804: [Tenured: 7173K->2389K(9600K), 0.0045380 secs] 10999K->2389K(13888K), [Perm : 5136K->5136K(21248K)], 0.0045980 secs] [Times: user=0.00 sys=0.00, real=0.01 secs] 
166.809: Total time for which application threads were stopped: 0.0104530 seconds, Stopping threads took: 0.0057950 seconds
166.809: Application time: 0.0004950 seconds
166.843: [GC166.843: [DefNew: 3806K->420K(4288K), 0.0012320 secs] 6195K->6130K(13888K), 0.0012660 secs] [Times: user=0.00 sys=0.00, real=0.00 secs] 
166.844: Total time for which application threads were stopped: 0.0345260 seconds, Stopping threads took: 0.0331940 seconds
166.845: Application time: 0.0006800 seconds
166.893: [GC166.893: [DefNew: 4144K->4144K(4288K), 0.0000060 secs]166.893: [Tenured: 5709K->6618K(9600K), 0.0061150 secs] 9853K->6618K(13888K), [Perm : 5136K->5136K(21248K)], 0.0061620 secs] [Times: user=0.01 sys=0.00, real=0.00 secs] 
166.900: Total time for which application threads were stopped: 0.0549520 seconds, Stopping threads took: 0.0487040 seconds
166.971: Application time: 0.0714800 seconds
166.973: [GC166.973: [DefNew: 3727K->3727K(4288K), 0.0000090 secs]166.973: [Tenured: 6618K->1733K(9600K), 0.0058190 secs] 10345K->1733K(13888K), [Perm : 5136K->5136K(21248K)], 0.0058720 secs] [Times: user=0.01 sys=0.00, real=0.00 secs] 
166.979: Total time for which application threads were stopped: 0.0075420 seconds, Stopping threads took: 0.0015920 seconds
166.979: Application time: 0.0006350 seconds
166.980: [GC166.980: [DefNew: 3725K->392K(4288K), 0.0008650 secs] 5459K->5446K(13888K), 0.0008830 secs] [Times: user=0.00 sys=0.00, real=0.00 secs] 
166.981: Total time for which application threads were stopped: 0.0013290 seconds, Stopping threads took: 0.0003850 seconds
166.982: Application time: 0.0010580 seconds
167.052: [GC167.052: [DefNew: 4213K->391K(4288K), 0.0004780 secs] 9267K->6423K(13888K), 0.0005090 secs] [Times: user=0.00 sys=0.00, real=0.00 secs] 
167.052: Total time for which application threads were stopped: 0.0706730 seconds, Stopping threads took: 0.0700980 seconds
167.053: Application time: 0.0004070 seconds
167.103: [GC167.103: [DefNew: 3888K->3888K(4288K), 0.0000060 secs]167.103: [Tenured: 6032K->4032K(9600K), 0.0057140 secs] 9921K->4032K(13888K), [Perm : 5136K->5136K(21248K)], 0.0057600 secs] [Times: user=0.01 sys=0.00, real=0.01 secs] 
167.108: Total time for which application threads were stopped: 0.0558000 seconds, Stopping threads took: 0.0499860 seconds
167.109: Application time: 0.0004820 seconds
167.142: [GC167.142: [DefNew: 3644K->407K(4288K), 0.0007760 secs] 7676K->6784K(13888K), 0.0008010 secs] [Times: user=0.00 sys=0.01, real=0.00 secs] 
167.143: Total time for which application threads were stopped: 0.0341120 seconds, Stopping threads took: 0.0332400 seconds
167.143: Application time: 0.0003620 seconds
167.197: [GC167.197: [DefNew: 4033K->4033K(4288K), 0.0000060 secs]167.197: [Tenured: 6376K->5222K(9600K), 0.0064560 secs] 10410K->5222K(13888K), [Perm : 5136K->5136K(21248K)], 0.0064960 secs] [Times: user=0.00 sys=0.00, real=0.00 secs] 
167.204: Total time for which application threads were stopped: 0.0601360 seconds, Stopping threads took: 0.0535680 seconds
167.204: Application time: 0.0005380 seconds
167.238: [GC167.238: [DefNew: 3823K->391K(4288K), 0.0008640 secs] 9045K->8446K(13888K), 0.0008880 secs] [Times: user=0.00 sys=0.00, real=0.00 secs] 
167.239: Total time for which application threads were stopped: 0.0347900 seconds, Stopping threads took: 0.0338510 seconds
167.311: Application time: 0.0724600 seconds
167.312: [GC167.312: [DefNew: 4216K->4216K(4288K), 0.0000080 secs]167.312: [Tenured: 8054K->2097K(9600K), 0.0050370 secs] 12271K->2097K(13888K), [Perm : 5136K->5136K(21248K)], 0.0050870 secs] [Times: user=0.01 sys=0.00, real=0.00 secs] 
167.318: Total time for which application threads were stopped: 0.0061840 seconds, Stopping threads took: 0.0010290 seconds
167.318: Application time: 0.0006020 seconds
167.319: [GC167.319: [DefNew: 3725K->392K(4288K), 0.0008720 secs] 5823K->5810K(13888K), 0.0008950 secs] [Times: user=0.00 sys=0.00, real=0.00 secs] 
167.320: Total time for which application threads were stopped: 0.0013360 seconds, Stopping threads took: 0.0003740 seconds
167.320: Application time: 0.0006850 seconds
167.385: [GC167.385: [DefNew: 4215K->4215K(4288K), 0.0000070 secs]167.385: [Tenured: 5418K->5320K(9600K), 0.0063620 secs] 9633K->5320K(13888K), [Perm : 5136K->5136K(21248K)], 0.0064060 secs] [Times: user=0.00 sys=0.00, real=0.00 secs] 
167.391: Total time for which application threads were stopped: 0.0709960 seconds, Stopping threads took: 0.0645130 seconds
167.392: Application time: 0.0008690 seconds
167.459: [GC167.459: [DefNew: 3825K->391K(4288K), 0.0009390 secs] 9145K->8447K(13888K), 0.0009700 secs] [Times: user=0.00 sys=0.00, real=0.00 secs] 
167.460: Total time for which application threads were stopped: 0.0679210 seconds, Stopping threads took: 0.0668680 seconds
167.460: Application time: 0.0004400 seconds
167.525: [GC167.525: [DefNew: 3924K->3924K(4288K), 0.0000070 secs]167.525: [Tenured: 8055K->3658K(9600K), 0.0059060 secs] 11979K->3658K(13888K), [Perm : 5136K->5136K(21248K)], 0.0059500 secs] [Times: user=0.01 sys=0.00, real=0.00 secs] 
167.531: Total time for which application threads were stopped: 0.0709780 seconds, Stopping threads took: 0.0649510 seconds
167.532: Application time: 0.0004820 seconds
167.565: [GC167.565: [DefNew: 3723K->391K(4288K), 0.0007950 secs] 7382K->6784K(13888K), 0.0008190 secs] [Times: user=0.00 sys=0.00, real=0.00 secs] 
167.566: Total time for which application threads were stopped: 0.0343590 seconds, Stopping threads took: 0.0334720 seconds
167.567: Application time: 0.0007000 seconds
167.637: [GC167.637: [DefNew: 4211K->4211K(4288K), 0.0000070 secs]167.637: [Tenured: 6393K->4733K(9600K), 0.0057980 secs] 10604K->4733K(13888K), [Perm : 5136K->5136K(21248K)], 0.0058520 secs] [Times: user=0.01 sys=0.00, real=0.00 secs] 
167.643: Total time for which application threads were stopped: 0.0757550 seconds, Stopping threads took: 0.0698240 seconds
167.643: Application time: 0.0007260 seconds
167.713: [GC167.713: [DefNew: 3708K->420K(4288K), 0.0008400 secs] 8441K->7497K(13888K), 0.0008640 secs] [Times: user=0.00 sys=0.00, real=0.00 secs] 
167.714: Total time for which application threads were stopped: 0.0705860 seconds, Stopping threads took: 0.0696510 seconds
167.714: Application time: 0.0004180 seconds
167.747: [GC167.747: [DefNew: 4245K->4245K(4288K), 0.0000070 secs]167.747: [Tenured: 7077K->4663K(9600K), 0.0058060 secs] 11323K->4663K(13888K), [Perm : 5136K->5136K(21248K)], 0.0058530 secs] [Times: user=0.01 sys=0.00, real=0.01 secs] 
167.753: Total time for which application threads were stopped: 0.0388720 seconds, Stopping threads took: 0.0329410 seconds
167.754: Application time: 0.0006330 seconds
167.787: [GC167.787: [DefNew: 3508K->420K(4288K), 0.0008780 secs] 8172K->8013K(13888K), 0.0009010 secs] [Times: user=0.00 sys=0.00, real=0.00 secs] 
167.788: Total time for which application threads were stopped: 0.0340130 seconds, Stopping threads took: 0.0330450 seconds
167.861: Application time: 0.0730120 seconds
167.863: [GC167.863: [DefNew: 4147K->4147K(4288K), 0.0000100 secs]167.863: [Tenured: 7593K->2152K(9600K), 0.0059210 secs] 11741K->2152K(13888K), [Perm : 5136K->5136K(21248K)], 0.0059750 secs] [Times: user=0.01 sys=0.00, real=0.01 secs] 
167.869: Total time for which application threads were stopped: 0.0078450 seconds, Stopping threads took: 0.0017880 seconds
167.869: Application time: 0.0006080 seconds
167.903: [GC167.903: [DefNew: 3833K->400K(4288K), 0.0010470 secs] 5986K->5678K(13888K), 0.0010700 secs] [Times: user=0.00 sys=0.00, real=0.00 secs] 
167.904: Total time for which application threads were stopped: 0.0345330 seconds, Stopping threads took: 0.0334160 seconds
167.904: Application time: 0.0004150 seconds
167.942: [GC167.942: [DefNew: 4092K->419K(4288K), 0.0009710 secs] 9370K->9019K(13888K), 0.0009910 secs] [Times: user=0.00 sys=0.00, real=0.00 secs] 
167.943: Total time for which application threads were stopped: 0.0388850 seconds, Stopping threads took: 0.0378390 seconds
168.006: Application time: 0.0628120 seconds
168.053: [GC168.053: [DefNew: 4127K->4127K(4288K), 0.0000110 secs]168.053: [Tenured: 8599K->1315K(9600K), 0.0050400 secs] 12727K->1315K(13888K), [Perm : 5136K->5136K(21248K)], 0.0050960 secs] [Times: user=0.00 sys=0.00, real=0.00 secs] 
168.058: Total time for which application threads were stopped: 0.0519790 seconds, Stopping threads took: 0.0468100 seconds
168.059: Application time: 0.0006980 seconds
168.059: [GC168.059: [DefNew: 3727K->392K(4288K), 0.0008760 secs] 5042K->5028K(13888K), 0.0008980 secs] [Times: user=0.00 sys=0.00, real=0.00 secs] 
168.060: Total time for which application threads were stopped: 0.0011700 seconds, Stopping threads took: 0.0002250 seconds
168.061: Application time: 0.0012100 seconds
168.125: [GC168.126: [DefNew: 4117K->391K(4288K), 0.0006550 secs] 8753K->6786K(13888K), 0.0006790 secs] [Times: user=0.00 sys=0.00, real=0.00 secs] 
168.126: Total time for which application threads were stopped: 0.0650320 seconds, Stopping threads took: 0.0642850 seconds
168.127: Application time: 0.0006790 seconds
168.188: [GC168.188: [DefNew: 4197K->4197K(4288K), 0.0000080 secs]168.188: [Tenured: 6395K->3884K(9600K), 0.0055540 secs] 10592K->3884K(13888K), [Perm : 5136K->5136K(21248K)], 0.0056020 secs] [Times: user=0.00 sys=0.00, real=0.01 secs] 
168.194: Total time for which application threads were stopped: 0.0670510 seconds, Stopping threads took: 0.0613680 seconds
168.194: Application time: 0.0004870 seconds
168.231: [GC168.232: [DefNew: 3825K->294K(4288K), 0.0008410 secs] 7709K->7108K(13888K), 0.0008620 secs] [Times: user=0.00 sys=0.00, real=0.01 secs] 
168.232: Total time for which application threads were stopped: 0.0379570 seconds, Stopping threads took: 0.0370320 seconds
168.233: Application time: 0.0008710 seconds
168.303: [GC168.303: [DefNew: 4115K->4115K(4288K), 0.0000080 secs]168.303: [Tenured: 6814K->2909K(9600K), 0.0054580 secs] 10929K->2909K(13888K), [Perm : 5136K->5136K(21248K)], 0.0055130 secs] [Times: user=0.01 sys=0.00, real=0.01 secs] 
168.309: Total time for which application threads were stopped: 0.0754980 seconds, Stopping threads took: 0.0699070 seconds
168.309: Application time: 0.0006290 seconds
168.343: [GC168.343: [DefNew: 3725K->392K(4288K), 0.0008070 secs] 6634K->6035K(13888K), 0.0008310 secs] [Times: user=0.00 sys=0.00, real=0.00 secs] 
168.344: Total time for which application threads were stopped: 0.0344470 seconds, Stopping threads took: 0.0335470 seconds
168.344: Application time: 0.0006040 seconds
168.378: [GC168.378: [DefNew: 4111K->4111K(4288K), 0.0000070 secs]168.378: [Tenured: 5643K->7108K(9600K), 0.0068510 secs] 9755K->7108K(13888K), [Perm : 5136K->5136K(21248K)], 0.0068930 secs] [Times: user=0.01 sys=0.00, real=0.01 secs] 
168.385: Total time for which application threads were stopped: 0.0406330 seconds, Stopping threads took: 0.0336650 seconds
168.456: Application time: 0.0711700 seconds
168.460: [GC168.460: [DefNew: 3708K->3708K(4288K), 0.0000090 secs]168.460: [Tenured: 7108K->2096K(9600K), 0.0046080 secs] 10816K->2096K(13888K), [Perm : 5136K->5136K(21248K)], 0.0046620 secs] [Times: user=0.00 sys=0.00, real=0.01 secs] 
168.465: Total time for which application threads were stopped: 0.0084400 seconds, Stopping threads took: 0.0036970 seconds
168.465: Application time: 0.0005660 seconds
168.466: [GC168.466: [DefNew: 3823K->392K(4288K), 0.0008550 secs] 5919K->5906K(13888K), 0.0008740 secs] [Times: user=0.01 sys=0.00, real=0.00 secs] 
168.467: Total time for which application threads were stopped: 0.0013280 seconds, Stopping threads took: 0.0003890 seconds
168.468: Application time: 0.0012610 seconds
168.535: [GC168.535: [DefNew: 4117K->4117K(4288K), 0.0000060 secs]168.535: [Tenured: 5514K->4246K(9600K), 0.0056020 secs] 9632K->4246K(13888K), [Perm : 5136K->5136K(21248K)], 0.0056500 secs] [Times: user=0.00 sys=0.00, real=0.00 secs] 
168.541: Total time for which application threads were stopped: 0.0729360 seconds, Stopping threads took: 0.0672090 seconds
168.541: Application time: 0.0005420 seconds
168.575: [GC168.575: [DefNew: 3825K->392K(4288K), 0.0010670 secs] 8072K->7763K(13888K), 0.0010940 secs] [Times: user=0.00 sys=0.00, real=0.00 secs] 
168.576: Total time for which application threads were stopped: 0.0349550 seconds, Stopping threads took: 0.0337810 seconds
168.577: Application time: 0.0006350 seconds
168.610: [GC168.610: [DefNew: 4213K->4213K(4288K), 0.0000060 secs]168.610: [Tenured: 7371K->6492K(9600K), 0.0062390 secs] 11584K->6492K(13888K), [Perm : 5136K->5136K(21248K)], 0.0062860 secs] [Times: user=0.01 sys=0.00, real=0.01 secs] 
168.616: Total time for which application threads were stopped: 0.0394890 seconds, Stopping threads took: 0.0331270 seconds
168.688: Application time: 0.0717320 seconds
168.693: [GC168.693: [DefNew: 3825K->3825K(4288K), 0.0000100 secs]168.693: [Tenured: 6492K->1707K(9600K), 0.0058750 secs] 10318K->1707K(13888K), [Perm : 5136K->5136K(21248K)], 0.0059280 secs] [Times: user=0.00 sys=0.00, real=0.00 secs] 
168.699: Total time for which application threads were stopped: 0.0108090 seconds, Stopping threads took: 0.0048000 seconds
168.700: Application time: 0.0005880 seconds
168.700: [GC168.700: [DefNew: 3723K->392K(4288K), 0.0008600 secs] 5431K->5420K(13888K), 0.0008780 secs] [Times: user=0.00 sys=0.00, real=0.00 secs] 
168.701: Total time for which application threads were stopped: 0.0012820 seconds, Stopping threads took: 0.0003420 seconds
168.702: Application time: 0.0008200 seconds
168.764: [GC168.764: [DefNew: 4213K->293K(4288K), 0.0006050 secs] 9241K->6885K(13888K), 0.0006270 secs] [Times: user=0.00 sys=0.00, real=0.00 secs] 
168.764: Total time for which application threads were stopped: 0.0625200 seconds, Stopping threads took: 0.0618300 seconds
168.765: Application time: 0.0007270 seconds
168.834: [GC168.834: [DefNew: 4118K->4118K(4288K), 0.0000110 secs]168.834: [Tenured: 6592K->4440K(9600K), 0.0059480 secs] 10711K->4440K(13888K), [Perm : 5136K->5136K(21248K)], 0.0060070 secs] [Times: user=0.00 sys=0.00, real=0.00 secs] 
168.840: Total time for which application threads were stopped: 0.0750860 seconds, Stopping threads took: 0.0689960 seconds
168.841: Application time: 0.0005850 seconds
168.875: [GC168.875: [DefNew: 3532K->391K(4288K), 0.0008780 secs] 7972K->7078K(13888K), 0.0009080 secs] [Times: user=0.00 sys=0.00, real=0.00 secs] 
168.876: Total time for which application threads were stopped: 0.0350720 seconds, Stopping threads took: 0.0340870 seconds
168.876: Application time: 0.0007680 seconds
168.923: [GC168.923: [DefNew: 4193K->4193K(4288K), 0.0000070 secs]168.923: [Tenured: 6686K->7399K(9600K), 0.0068440 secs] 10880K->7399K(13888K), [Perm : 5136K->5136K(21248K)], 0.0068880 secs] [Times: user=0.01 sys=0.00, real=0.01 secs] 
168.930: Total time for which application threads were stopped: 0.0538630 seconds, Stopping threads took: 0.0468970 seconds
169.002: Application time: 0.0720820 seconds
169.005: [GC169.005: [DefNew: 3727K->3727K(4288K), 0.0000090 secs]169.005: [Tenured: 7399K->2515K(9600K), 0.0051060 secs] 11127K->2515K(13888K), [Perm : 5136K->5136K(21248K)], 0.0051600 secs] [Times: user=0.00 sys=0.00, real=0.00 secs] 
169.010: Total time for which application threads were stopped: 0.0076900 seconds, Stopping threads took: 0.0024690 seconds
169.011: Application time: 0.0005070 seconds
169.011: [GC169.011: [DefNew: 3723K->391K(4288K), 0.0007940 secs] 6239K->6227K(13888K), 0.0008130 secs] [Times: user=0.01 sys=0.00, real=0.00 secs] 
169.012: Total time for which application threads were stopped: 0.0012820 seconds, Stopping threads took: 0.0004050 seconds
169.083: Application time: 0.0708870 seconds
169.085: [GC169.085: [DefNew: 4119K->4119K(4288K), 0.0000080 secs]169.085: [Tenured: 5836K->1345K(9600K), 0.0054210 secs] 9955K->1345K(13888K), [Perm : 5136K->5136K(21248K)], 0.0054700 secs] [Times: user=0.01 sys=0.00, real=0.00 secs] 
169.091: Total time for which application threads were stopped: 0.0078460 seconds, Stopping threads took: 0.0022890 seconds
169.091: Application time: 0.0006110 seconds
169.091: [GC169.092: [DefNew: 3776K->441K(4288K), 0.0009200 secs] 5121K->5106K(13888K), 0.0009410 secs] [Times: user=0.00 sys=0.00, real=0.01 secs] 
169.092: Total time for which application threads were stopped: 0.0012590 seconds, Stopping threads took: 0.0002490 seconds
169.093: Application time: 0.0005680 seconds
169.127: [GC169.127: [DefNew: 4190K->321K(4288K), 0.0008140 secs] 8856K->7723K(13888K), 0.0008370 secs] [Times: user=0.00 sys=0.00, real=0.00 secs] 
169.128: Total time for which application threads were stopped: 0.0345620 seconds, Stopping threads took: 0.0336680 seconds
169.128: Application time: 0.0008010 seconds
169.196: [GC169.196: [DefNew: 4147K->4147K(4288K), 0.0000070 secs]169.196: [Tenured: 7401K->3952K(9600K), 0.0063860 secs] 11549K->3952K(13888K), [Perm : 5136K->5136K(21248K)], 0.0064320 secs] [Times: user=0.00 sys=0.00, real=0.00 secs] 
169.202: Total time for which application threads were stopped: 0.0735730 seconds, Stopping threads took: 0.0670850 seconds
169.202: Application time: 0.0004970 seconds
169.264: [GC169.264: [DefNew: 3727K->392K(4288K), 0.0009080 secs] 7679K->7078K(13888K), 0.0009330 secs] [Times: user=0.00 sys=0.00, real=0.01 secs] 
169.265: Total time for which application threads were stopped: 0.0626470 seconds, Stopping threads took: 0.0616410 seconds
169.266: Application time: 0.0006120 seconds
169.300: [GC169.300: [DefNew: 4115K->4115K(4288K), 0.0000070 secs]169.300: [Tenured: 6686K->7076K(9600K), 0.0068740 secs] 10802K->7076K(13888K), [Perm : 5136K->5136K(21248K)], 0.0069170 secs] [Times: user=0.00 sys=0.00, real=0.01 secs] 
169.307: Total time for which application threads were stopped: 0.0407930 seconds, Stopping threads took: 0.0337990 seconds
169.382: Application time: 0.0758780 seconds
169.390: [GC169.390: [DefNew: 3825K->3825K(4288K), 0.0000090 secs]169.390: [Tenured: 7076K->2291K(9600K), 0.0052250 secs] 10902K->2291K(13888K), [Perm : 5136K->5136K(21248K)], 0.0052880 secs] [Times: user=0.01 sys=0.00, real=0.01 secs] 
169.396: Total time for which application threads were stopped: 0.0131740 seconds, Stopping threads took: 0.0078030 seconds
169.396: Application time: 0.0004740 seconds
169.430: [GC169.430: [DefNew: 3710K->441K(4288K), 0.0008340 secs] 6002K->5695K(13888K), 0.0008550 secs] [Times: user=0.00 sys=0.00, real=0.00 secs] 
169.430: Total time for which application threads were stopped: 0.0343700 seconds, Stopping threads took: 0.0334460 seconds
169.431: Application time: 0.0004090 seconds
169.464: [GC169.464: [DefNew: 4241K->440K(4288K), 0.0008670 secs] 9494K->8438K(13888K), 0.0008910 secs] [Times: user=0.00 sys=0.00, real=0.00 secs] 
169.465: Total time for which application threads were stopped: 0.0345000 seconds, Stopping threads took: 0.0335430 seconds
169.537: Application time: 0.0713510 seconds
169.543: [GC169.543: [DefNew: 4167K->4167K(4288K), 0.0000080 secs]169.543: [Tenured: 7997K->1567K(9600K), 0.0051430 secs] 12165K->1567K(13888K), [Perm : 5136K->5136K(21248K)], 0.0051960 secs] [Times: user=0.01 sys=0.00, real=0.01 secs] 
169.548: Total time for which application threads were stopped: 0.0112890 seconds, Stopping threads took: 0.0060140 seconds
169.549: Application time: 0.0005590 seconds
169.549: [GC169.549: [DefNew: 3825K->392K(4288K), 0.0008430 secs] 5393K->5377K(13888K), 0.0008620 secs] [Times: user=0.00 sys=0.00, real=0.00 secs] 
169.550: Total time for which application threads were stopped: 0.0012100 seconds, Stopping threads took: 0.0002850 seconds
169.550: Application time: 0.0005600 seconds
169.584: [GC169.584: [DefNew: 4119K->390K(4288K), 0.0010290 secs] 9105K->8796K(13888K), 0.0010560 secs] [Times: user=0.00 sys=0.00, real=0.00 secs] 
169.586: Total time for which application threads were stopped: 0.0352200 seconds, Stopping threads took: 0.0341050 seconds
169.657: Application time: 0.0717540 seconds
169.659: [GC169.659: [DefNew: 3903K->3903K(4288K), 0.0000090 secs]169.659: [Tenured: 8405K->1706K(9600K), 0.0059320 secs] 12309K->1706K(13888K), [Perm : 5136K->5136K(21248K)], 0.0059980 secs] [Times: user=0.01 sys=0.00, real=0.01 secs] 
169.665: Total time for which application threads were stopped: 0.0074860 seconds, Stopping threads took: 0.0014000 seconds
169.665: Application time: 0.0005990 seconds
169.666: [GC169.666: [DefNew: 3725K->392K(4288K), 0.0008780 secs] 5432K->5419K(13584K), 0.0008950 secs] [Times: user=0.00 sys=0.00, real=0.00 secs] 
169.667: Total time for which application threads were stopped: 0.0011730 seconds, Stopping threads took: 0.0002280 seconds
169.667: Application time: 0.0008390 seconds
169.728: [GC169.728: [DefNew: 4213K->293K(4288K), 0.0006620 secs] 9240K->7079K(13584K), 0.0006840 secs] [Times: user=0.00 sys=0.00, real=0.00 secs] 
169.729: Total time for which application threads were stopped: 0.0616880 seconds, Stopping threads took: 0.0609380 seconds
169.730: Application time: 0.0007600 seconds
169.792: [GC169.792: [DefNew: 4118K->4118K(4288K), 0.0000080 secs]169.792: [Tenured: 6786K->4442K(9296K), 0.0062850 secs] 10905K->4442K(13584K), [Perm : 5136K->5136K(21248K)], 0.0063340 secs] [Times: user=0.01 sys=0.00, real=0.01 secs] 
169.798: Total time for which application threads were stopped: 0.0685490 seconds, Stopping threads took: 0.0621350 seconds
169.799: Application time: 0.0007890 seconds
169.852: [GC169.852: [DefNew: 3823K->294K(4288K), 0.0009220 secs] 8265K->7080K(13584K), 0.0009580 secs] [Times: user=0.00 sys=0.00, real=0.01 secs] 
169.853: Total time for which application threads were stopped: 0.0540570 seconds, Stopping threads took: 0.0530420 seconds
169.854: Application time: 0.0005080 seconds
169.918: [GC169.918: [DefNew: 4022K->4022K(4288K), 0.0000060 secs]169.918: [Tenured: 6786K->4442K(9296K), 0.0063950 secs] 10808K->4442K(13584K), [Perm : 5136K->5136K(21248K)], 0.0064360 secs] [Times: user=0.01 sys=0.00, real=0.01 secs] 
169.925: Total time for which application threads were stopped: 0.0708040 seconds, Stopping threads took: 0.0642870 seconds
169.925: Application time: 0.0005020 seconds
169.959: [GC169.959: [DefNew: 3823K->391K(4288K), 0.0008450 secs] 8265K->7665K(13584K), 0.0008680 secs] [Times: user=0.00 sys=0.00, real=0.00 secs] 
169.960: Total time for which application threads were stopped: 0.0346090 seconds, Stopping threads took: 0.0336710 seconds
169.961: Application time: 0.0015130 seconds
170.031: [GC170.031: [DefNew: 4197K->4197K(4288K), 0.0000090 secs]170.031: [Tenured: 7274K->2322K(9296K), 0.0052670 secs] 11471K->2322K(13584K), [Perm : 5136K->5136K(21248K)], 0.0053200 secs] [Times: user=0.01 sys=0.00, real=0.01 secs] 
170.037: Total time for which application threads were stopped: 0.0755700 seconds, Stopping threads took: 0.0701810 seconds
170.037: Application time: 0.0005990 seconds
170.071: [GC170.071: [DefNew: 3513K->421K(4288K), 0.0008260 secs] 5835K->5673K(13584K), 0.0008440 secs] [Times: user=0.00 sys=0.00, real=0.00 secs] 
170.071: Total time for which application threads were stopped: 0.0341160 seconds, Stopping threads took: 0.0332110 seconds
170.072: Application time: 0.0005600 seconds
170.073: [GC170.073: [DefNew: 4238K->390K(4288K), 0.0010000 secs] 9490K->9482K(13584K), 0.0010200 secs] [Times: user=0.00 sys=0.00, real=0.00 secs] 
170.074: Total time for which application threads were stopped: 0.0015960 seconds, Stopping threads took: 0.0005360 seconds
170.146: Application time: 0.0726780 seconds
170.147: [GC170.147: [DefNew: 4216K->4216K(4288K), 0.0000100 secs]170.147: [Tenured: 9091K->3659K(9296K), 0.0061080 secs] 13307K->3659K(13584K), [Perm : 5136K->5136K(21248K)], 0.0061640 secs] [Times: user=0.00 sys=0.00, real=0.01 secs] 
170.153: Total time for which application threads were stopped: 0.0067740 seconds, Stopping threads took: 0.0005270 seconds
170.154: Application time: 0.0005940 seconds
170.209: [GC170.209: [DefNew: 3823K->391K(4288K), 0.0008120 secs] 7482K->6589K(13584K), 0.0008360 secs] [Times: user=0.00 sys=0.00, real=0.00 secs] 
170.210: Total time for which application threads were stopped: 0.0566380 seconds, Stopping threads took: 0.0557490 seconds
170.211: Application time: 0.0005410 seconds
170.244: [GC170.244: [DefNew: 4095K->4095K(4288K), 0.0000060 secs]170.244: [Tenured: 6198K->6813K(9296K), 0.0059810 secs] 10294K->6813K(13584K), [Perm : 5136K->5136K(21248K)], 0.0060380 secs] [Times: user=0.01 sys=0.00, real=0.01 secs] 
170.250: Total time for which application threads were stopped: 0.0393530 seconds, Stopping threads took: 0.0332400 seconds
170.321: Application time: 0.0710200 seconds
170.324: [GC170.324: [DefNew: 3727K->3727K(4288K), 0.0000070 secs]170.324: [Tenured: 6813K->1930K(9600K), 0.0044800 secs] 10540K->1930K(13888K), [Perm : 5136K->5136K(21248K)], 0.0045280 secs] [Times: user=0.00 sys=0.00, real=0.01 secs] 
170.329: Total time for which application threads were stopped: 0.0073290 seconds, Stopping threads took: 0.0027220 seconds
170.329: Application time: 0.0005830 seconds
170.329: [GC170.329: [DefNew: 3725K->391K(4288K), 0.0008320 secs] 5656K->5643K(13888K), 0.0008500 secs] [Times: user=0.00 sys=0.00, real=0.00 secs] 
170.330: Total time for which application threads were stopped: 0.0011040 seconds, Stopping threads took: 0.0001920 seconds
170.331: Application time: 0.0009530 seconds
170.401: [GC170.401: [DefNew: 4115K->391K(4288K), 0.0005200 secs] 9366K->6717K(13888K), 0.0005450 secs] [Times: user=0.00 sys=0.00, real=0.00 secs] 
170.402: Total time for which application threads were stopped: 0.0703390 seconds, Stopping threads took: 0.0697290 seconds
170.402: Application time: 0.0003920 seconds
170.450: [GC170.450: [DefNew: 4119K->4119K(4288K), 0.0000060 secs]170.450: [Tenured: 6326K->4470K(9600K), 0.0060070 secs] 10445K->4470K(13888K), [Perm : 5136K->5136K(21248K)], 0.0060630 secs] [Times: user=0.01 sys=0.00, real=0.01 secs] 
170.456: Total time for which application threads were stopped: 0.0543690 seconds, Stopping threads took: 0.0482290 seconds
170.457: Application time: 0.0004680 seconds
170.457: [GC170.457: [DefNew: 3821K->293K(4288K), 0.0009360 secs] 8291K->8279K(13888K), 0.0009660 secs] [Times: user=0.00 sys=0.00, real=0.00 secs] 
170.458: Total time for which application threads were stopped: 0.0014160 seconds, Stopping threads took: 0.0003810 seconds
170.530: Application time: 0.0722370 seconds
170.564: [GC170.564: [DefNew: 4021K->4021K(4288K), 0.0000100 secs]170.564: [Tenured: 7986K->2292K(9600K), 0.0060410 secs] 12007K->2292K(13888K), [Perm : 5136K->5136K(21248K)], 0.0060930 secs] [Times: user=0.01 sys=0.00, real=0.01 secs] 
170.570: Total time for which application threads were stopped: 0.0395130 seconds, Stopping threads took: 0.0333600 seconds
170.571: Application time: 0.0006400 seconds
170.604: [GC170.604: [DefNew: 3821K->391K(4288K), 0.0008470 secs] 6113K->5809K(13888K), 0.0008720 secs] [Times: user=0.00 sys=0.00, real=0.01 secs] 
170.605: Total time for which application threads were stopped: 0.0341040 seconds, Stopping threads took: 0.0331630 seconds
170.605: Application time: 0.0006910 seconds
170.676: [GC170.676: [DefNew: 4117K->391K(4288K), 0.0003750 secs] 9534K->6200K(13888K), 0.0004010 secs] [Times: user=0.00 sys=0.00, real=0.00 secs] 
170.676: Total time for which application threads were stopped: 0.0707150 seconds, Stopping threads took: 0.0702430 seconds
170.676: Application time: 0.0003170 seconds
170.710: [GC170.710: [DefNew: 4216K->4216K(4288K), 0.0000070 secs]170.710: [Tenured: 5809K->5027K(9600K), 0.0059230 secs] 10026K->5027K(13888K), [Perm : 5136K->5136K(21248K)], 0.0059650 secs] [Times: user=0.01 sys=0.00, real=0.01 secs] 
170.716: Total time for which application threads were stopped: 0.0397870 seconds, Stopping threads took: 0.0337410 seconds
170.717: Application time: 0.0005690 seconds
170.750: [GC170.750: [DefNew: 3823K->391K(4288K), 0.0007910 secs] 8850K->7957K(13888K), 0.0008160 secs] [Times: user=0.00 sys=0.00, real=0.00 secs] 
170.751: Total time for which application threads were stopped: 0.0343550 seconds, Stopping threads took: 0.0334880 seconds
170.752: Application time: 0.0006750 seconds
170.822: [GC170.822: [DefNew: 4099K->4099K(4288K), 0.0000090 secs]170.822: [Tenured: 7566K->3883K(9600K), 0.0055810 secs] 11666K->3883K(13888K), [Perm : 5136K->5136K(21248K)], 0.0056350 secs] [Times: user=0.01 sys=0.00, real=0.01 secs] 
170.828: Total time for which application threads were stopped: 0.0760170 seconds, Stopping threads took: 0.0703010 seconds
170.828: Application time: 0.0005300 seconds
170.862: [GC170.862: [DefNew: 3825K->392K(4288K), 0.0012180 secs] 7708K->7693K(13888K), 0.0012500 secs] [Times: user=0.00 sys=0.00, real=0.00 secs] 
170.863: Total time for which application threads were stopped: 0.0345230 seconds, Stopping threads took: 0.0331960 seconds
170.864: Application time: 0.0008610 seconds
170.927: [GC170.927: [DefNew: 4217K->4217K(4288K), 0.0000080 secs]170.927: [Tenured: 7301K->5055K(9600K), 0.0061080 secs] 11518K->5055K(13888K), [Perm : 5136K->5136K(21248K)], 0.0061550 secs] [Times: user=0.00 sys=0.00, real=0.01 secs] 
170.933: Total time for which application threads were stopped: 0.0689930 seconds, Stopping threads took: 0.0627600 seconds
170.934: Application time: 0.0008950 seconds
170.996: [GC170.996: [DefNew: 3727K->391K(4288K), 0.0009560 secs] 8782K->8181K(13888K), 0.0009860 secs] [Times: user=0.00 sys=0.00, real=0.00 secs] 
170.997: Total time for which application threads were stopped: 0.0628850 seconds, Stopping threads took: 0.0618240 seconds
170.997: Application time: 0.0003930 seconds
171.059: [GC171.059: [DefNew: 3924K->3924K(4288K), 0.0000060 secs]171.059: [Tenured: 7789K->3659K(9600K), 0.0062720 secs] 11714K->3659K(13888K), [Perm : 5136K->5136K(21248K)], 0.0063120 secs] [Times: user=0.01 sys=0.00, real=0.01 secs] 
171.066: Total time for which application threads were stopped: 0.0687770 seconds, Stopping threads took: 0.0623910 seconds
171.066: Application time: 0.0004650 seconds
171.067: [GC171.067: [DefNew: 3524K->391K(4288K), 0.0008130 secs] 7183K->7176K(13888K), 0.0008350 secs] [Times: user=0.00 sys=0.00, real=0.00 secs] 
171.067: Total time for which application threads were stopped: 0.0012650 seconds, Stopping threads took: 0.0003540 seconds
171.140: Application time: 0.0720760 seconds
171.141: [GC171.141: [DefNew: 4119K->4119K(4288K), 0.0000100 secs]171.141: [Tenured: 6784K->2292K(9600K), 0.0059710 secs] 10903K->2292K(13888K), [Perm : 5136K->5136K(21248K)], 0.0060230 secs] [Times: user=0.01 sys=0.00, real=0.01 secs] 
171.147: Total time for which application threads were stopped: 0.0079460 seconds, Stopping threads took: 0.0018430 seconds
171.148: Application time: 0.0005640 seconds
171.148: [GC171.148: [DefNew: 3708K->420K(4288K), 0.0008530 secs] 6001K->5936K(13888K), 0.0008760 secs] [Times: user=0.01 sys=0.00, real=0.00 secs] 
171.149: Total time for which application threads were stopped: 0.0010060 seconds, Stopping threads took: 0.0000600 seconds
171.150: Application time: 0.0008110 seconds
171.200: [GC171.200: [DefNew: 4146K->4146K(4288K), 0.0000070 secs]171.200: [Tenured: 5515K->6424K(9600K), 0.0065820 secs] 9661K->6424K(13888K), [Perm : 5136K->5136K(21248K)], 0.0066400 secs] [Times: user=0.01 sys=0.00, real=0.01 secs] 
171.207: Total time for which application threads were stopped: 0.0568430 seconds, Stopping threads took: 0.0501470 seconds
171.279: Application time: 0.0720170 seconds
171.280: [GC171.280: [DefNew: 3727K->3727K(4288K), 0.0000090 secs]171.280: [Tenured: 6424K->1539K(9600K), 0.0051420 secs] 10151K->1539K(13888K), [Perm : 5136K->5136K(21248K)], 0.0051930 secs] [Times: user=0.00 sys=0.00, real=0.01 secs] 
171.285: Total time for which application threads were stopped: 0.0064570 seconds, Stopping threads took: 0.0011770 seconds
171.286: Application time: 0.0006640 seconds
171.286: [GC171.286: [DefNew: 3823K->441K(4288K), 0.0009100 secs] 5363K->5349K(13888K), 0.0009310 secs] [Times: user=0.00 sys=0.00, real=0.00 secs] 
171.287: Total time for which application threads were stopped: 0.0012370 seconds, Stopping threads took: 0.0002470 seconds
171.288: Application time: 0.0004750 seconds
171.322: [GC171.322: [DefNew: 4223K->440K(4288K), 0.0009110 secs] 9131K->8190K(13888K), 0.0009350 secs] [Times: user=0.01 sys=0.00, real=0.00 secs] 
171.322: Total time for which application threads were stopped: 0.0348750 seconds, Stopping threads took: 0.0338810 seconds
171.323: Application time: 0.0009050 seconds
171.393: [GC171.393: [DefNew: 4050K->4050K(4288K), 0.0000090 secs]171.393: [Tenured: 7749K->3855K(9600K), 0.0062740 secs] 11800K->3855K(13888K), [Perm : 5136K->5136K(21248K)], 0.0063240 secs] [Times: user=0.00 sys=0.00, real=0.00 secs] 
171.400: Total time for which application threads were stopped: 0.0762400 seconds, Stopping threads took: 0.0698360 seconds
171.400: Application time: 0.0005150 seconds
171.434: [GC171.434: [DefNew: 3727K->391K(4288K), 0.0009650 secs] 7583K->7567K(13888K), 0.0009870 secs] [Times: user=0.00 sys=0.00, real=0.00 secs] 
171.435: Total time for which application threads were stopped: 0.0343760 seconds, Stopping threads took: 0.0333230 seconds
171.435: Application time: 0.0007480 seconds
171.505: [GC171.505: [DefNew: 4213K->4213K(4288K), 0.0000070 secs]171.505: [Tenured: 7175K->4929K(9600K), 0.0064210 secs] 11388K->4929K(13888K), [Perm : 5136K->5136K(21248K)], 0.0064710 secs] [Times: user=0.00 sys=0.00, real=0.00 secs] 
171.512: Total time for which application threads were stopped: 0.0764240 seconds, Stopping threads took: 0.0698940 seconds
171.512: Application time: 0.0008060 seconds
171.581: [GC171.581: [DefNew: 3825K->391K(4288K), 0.0009310 secs] 8755K->8056K(13888K), 0.0009580 secs] [Times: user=0.00 sys=0.00, real=0.00 secs] 
171.582: Total time for which application threads were stopped: 0.0698860 seconds, Stopping threads took: 0.0688770 seconds
171.583: Application time: 0.0007050 seconds
171.653: [GC171.653: [DefNew: 4197K->4197K(4288K), 0.0000070 secs]171.653: [Tenured: 7664K->3884K(9600K), 0.0056810 secs] 11862K->3884K(13888K), [Perm : 5136K->5136K(21248K)], 0.0057310 secs] [Times: user=0.01 sys=0.00, real=0.00 secs] 
171.659: Total time for which application threads were stopped: 0.0757620 seconds, Stopping threads took: 0.0699520 seconds
171.659: Application time: 0.0005220 seconds
171.714: [GC171.714: [DefNew: 3825K->391K(4288K), 0.0008240 secs] 7709K->6815K(13888K), 0.0008560 secs] [Times: user=0.00 sys=0.00, real=0.00 secs] 
171.715: Total time for which application threads were stopped: 0.0557560 seconds, Stopping threads took: 0.0548280 seconds
171.715: Application time: 0.0003710 seconds
171.763: [GC171.763: [DefNew: 4017K->4017K(4288K), 0.0000060 secs]171.763: [Tenured: 6423K->5934K(9600K), 0.0060840 secs] 10441K->5934K(13888K), [Perm : 5136K->5136K(21248K)], 0.0061280 secs] [Times: user=0.00 sys=0.00, real=0.01 secs] 
171.770: Total time for which application threads were stopped: 0.0541260 seconds, Stopping threads took: 0.0479230 seconds
171.771: Application time: 0.0008930 seconds
171.841: [GC171.841: [DefNew: 3727K->3727K(4288K), 0.0000090 secs]171.841: [Tenured: 5934K->3171K(9600K), 0.0059310 secs] 9662K->3171K(13888K), [Perm : 5136K->5136K(21248K)], 0.0059840 secs] [Times: user=0.00 sys=0.00, real=0.01 secs] 
171.847: Total time for which application threads were stopped: 0.0760440 seconds, Stopping threads took: 0.0699920 seconds
171.847: Application time: 0.0006010 seconds
171.881: [GC171.881: [DefNew: 3825K->392K(4288K), 0.0009420 secs] 6997K->6689K(13888K), 0.0009680 secs] [Times: user=0.00 sys=0.00, real=0.00 secs] 
171.882: Total time for which application threads were stopped: 0.0347720 seconds, Stopping threads took: 0.0337300 seconds
171.883: Application time: 0.0006100 seconds
171.929: [GC171.929: [DefNew: 4211K->4211K(4288K), 0.0000060 secs]171.929: [Tenured: 6297K->7566K(9600K), 0.0068360 secs] 10508K->7566K(13888K), [Perm : 5136K->5136K(21248K)], 0.0068820 secs] [Times: user=0.00 sys=0.00, real=0.01 secs] 
171.936: Total time for which application threads were stopped: 0.0534430 seconds, Stopping threads took: 0.0464820 seconds
172.008: Application time: 0.0716340 seconds
172.010: [GC172.010: [DefNew: 3727K->3727K(4288K), 0.0000090 secs]172.010: [Tenured: 7566K->2683K(9600K), 0.0053630 secs] 11293K->2683K(13888K), [Perm : 5136K->5136K(21248K)], 0.0054180 secs] [Times: user=0.01 sys=0.00, real=0.01 secs] 
172.015: Total time for which application threads were stopped: 0.0077230 seconds, Stopping threads took: 0.0022240 seconds
172.016: Application time: 0.0005490 seconds
172.049: [GC172.049: [DefNew: 3727K->294K(4288K), 0.0007950 secs] 6411K->6102K(13888K), 0.0008140 secs] [Times: user=0.00 sys=0.00, real=0.00 secs] 
172.050: Total time for which application threads were stopped: 0.0338050 seconds, Stopping threads took: 0.0329260 seconds
172.051: Application time: 0.0010650 seconds
172.121: [GC172.121: [DefNew: 4017K->4017K(4288K), 0.0000070 secs]172.121: [Tenured: 5808K->4051K(9600K), 0.0055280 secs] 9826K->4051K(13888K), [Perm : 5136K->5136K(21248K)], 0.0055760 secs] [Times: user=0.00 sys=0.00, real=0.01 secs] 
172.126: Total time for which application threads were stopped: 0.0753450 seconds, Stopping threads took: 0.0697020 seconds
172.127: Application time: 0.0006190 seconds
172.188: [GC172.188: [DefNew: 3786K->441K(4288K), 0.0007990 secs] 7838K->6844K(13888K), 0.0008240 secs] [Times: user=0.01 sys=0.00, real=0.00 secs] 
172.189: Total time for which application threads were stopped: 0.0623520 seconds, Stopping threads took: 0.0614550 seconds
172.190: Application time: 0.0004020 seconds
172.223: [GC172.223: [DefNew: 4266K->4266K(4288K), 0.0000070 secs]172.223: [Tenured: 6403K->4636K(9600K), 0.0061530 secs] 10670K->4636K(13888K), [Perm : 5136K->5136K(21248K)], 0.0061980 secs] [Times: user=0.01 sys=0.00, real=0.01 secs] 
172.229: Total time for which application threads were stopped: 0.0398640 seconds, Stopping threads took: 0.0335900 seconds
172.230: Application time: 0.0006620 seconds
172.263: [GC172.263: [DefNew: 3821K->391K(4288K), 0.0008620 secs] 8457K->7762K(13888K), 0.0008890 secs] [Times: user=0.00 sys=0.00, real=0.00 secs] 
172.264: Total time for which application threads were stopped: 0.0340020 seconds, Stopping threads took: 0.0330500 seconds
172.265: Application time: 0.0007090 seconds
172.335: [GC172.335: [DefNew: 4217K->4217K(4288K), 0.0000080 secs]172.335: [Tenured: 7371K->3855K(9600K), 0.0058170 secs] 11588K->3855K(13888K), [Perm : 5136K->5136K(21248K)], 0.0058740 secs] [Times: user=0.00 sys=0.00, real=0.00 secs] 
172.341: Total time for which application threads were stopped: 0.0758180 seconds, Stopping threads took: 0.0698650 seconds
172.341: Application time: 0.0004930 seconds
172.375: [GC172.375: [DefNew: 3630K->392K(4288K), 0.0007730 secs] 7485K->6591K(13888K), 0.0007950 secs] [Times: user=0.00 sys=0.00, real=0.00 secs] 
172.376: Total time for which application threads were stopped: 0.0346070 seconds, Stopping threads took: 0.0337320 seconds
172.376: Application time: 0.0003640 seconds
172.409: [GC172.409: [DefNew: 4209K->4209K(4288K), 0.0000050 secs]172.409: [Tenured: 6199K->6980K(9600K), 0.0062630 secs] 10408K->6980K(13888K), [Perm : 5136K->5136K(21248K)], 0.0063090 secs] [Times: user=0.01 sys=0.00, real=0.01 secs] 
172.416: Total time for which application threads were stopped: 0.0395940 seconds, Stopping threads took: 0.0332100 seconds
172.488: Application time: 0.0723680 seconds
172.489: [GC172.489: [DefNew: 3727K->3727K(4288K), 0.0000100 secs]172.489: [Tenured: 6980K->2097K(9600K), 0.0058670 secs] 10708K->2097K(13888K), [Perm : 5136K->5136K(21248K)], 0.0059220 secs] [Times: user=0.00 sys=0.00, real=0.01 secs] 
172.495: Total time for which application threads were stopped: 0.0068960 seconds, Stopping threads took: 0.0008930 seconds
172.496: Application time: 0.0006360 seconds
172.496: [GC172.496: [DefNew: 3823K->294K(4288K), 0.0008780 secs] 5921K->5908K(13888K), 0.0008950 secs] [Times: user=0.00 sys=0.00, real=0.00 secs] 
172.497: Total time for which application threads were stopped: 0.0012380 seconds, Stopping threads took: 0.0002830 seconds
172.498: Application time: 0.0014530 seconds
172.566: [GC172.566: [DefNew: 4117K->4117K(4288K), 0.0000060 secs]172.566: [Tenured: 5613K->5222K(9600K), 0.0057780 secs] 9731K->5222K(13888K), [Perm : 5136K->5136K(21248K)], 0.0058220 secs] [Times: user=0.00 sys=0.00, real=0.00 secs] 
172.572: Total time for which application threads were stopped: 0.0737490 seconds, Stopping threads took: 0.0678610 seconds
172.573: Application time: 0.0010190 seconds
172.637: [GC172.638: [DefNew: 3825K->294K(4288K), 0.0010100 secs] 9048K->8642K(13888K), 0.0010380 secs] [Times: user=0.00 sys=0.00, real=0.00 secs] 
172.639: Total time for which application threads were stopped: 0.0655540 seconds, Stopping threads took: 0.0644410 seconds
172.639: Application time: 0.0004460 seconds
172.693: [GC172.693: [DefNew: 3924K->3924K(4288K), 0.0000070 secs]172.693: [Tenured: 8347K->4050K(9600K), 0.0063920 secs] 12272K->4050K(13888K), [Perm : 5136K->5136K(21248K)], 0.0064350 secs] [Times: user=0.01 sys=0.00, real=0.00 secs] 
172.699: Total time for which application threads were stopped: 0.0603390 seconds, Stopping threads took: 0.0538270 seconds
172.700: Application time: 0.0005070 seconds
172.700: [GC172.700: [DefNew: 3723K->391K(4288K), 0.0008450 secs] 7774K->7762K(13888K), 0.0008690 secs] [Times: user=0.00 sys=0.00, real=0.00 secs] 
172.701: Total time for which application threads were stopped: 0.0012530 seconds, Stopping threads took: 0.0003270 seconds
172.773: Application time: 0.0714660 seconds
172.775: [GC172.775: [DefNew: 4001K->4001K(4288K), 0.0000090 secs]172.775: [Tenured: 7371K->2712K(9600K), 0.0053260 secs] 11373K->2712K(13888K), [Perm : 5136K->5136K(21248K)], 0.0053800 secs] [Times: user=0.00 sys=0.00, real=0.00 secs] 
172.781: Total time for which application threads were stopped: 0.0079150 seconds, Stopping threads took: 0.0024550 seconds
172.781: Application time: 0.0005100 seconds
172.815: [GC172.815: [DefNew: 3823K->391K(4288K), 0.0008380 secs] 6535K->6229K(13888K), 0.0008570 secs] [Times: user=0.01 sys=0.00, real=0.00 secs] 
172.815: Total time for which application threads were stopped: 0.0344060 seconds, Stopping threads took: 0.0334850 seconds
172.816: Application time: 0.0006960 seconds
172.881: [GC172.881: [DefNew: 4215K->4215K(4288K), 0.0000100 secs]172.881: [Tenured: 5837K->4959K(9600K), 0.0057830 secs] 10052K->4959K(13888K), [Perm : 5136K->5136K(21248K)], 0.0058470 secs] [Times: user=0.00 sys=0.00, real=0.01 secs] 
172.887: Total time for which application threads were stopped: 0.0708450 seconds, Stopping threads took: 0.0649040 seconds
172.888: Application time: 0.0006370 seconds
172.936: [GC172.937: [DefNew: 3513K->420K(4288K), 0.0008730 secs] 8472K->7723K(13888K), 0.0009010 secs] [Times: user=0.00 sys=0.00, real=0.00 secs] 
172.937: Total time for which application threads were stopped: 0.0498200 seconds, Stopping threads took: 0.0488430 seconds
172.938: Application time: 0.0003580 seconds
172.985: [GC172.985: [DefNew: 4245K->4245K(4288K), 0.0000060 secs]172.985: [Tenured: 7303K->4636K(9600K), 0.0058300 secs] 11548K->4636K(13888K), [Perm : 5136K->5136K(21248K)], 0.0058740 secs] [Times: user=0.01 sys=0.00, real=0.00 secs] 
172.991: Total time for which application threads were stopped: 0.0529480 seconds, Stopping threads took: 0.0469970 seconds
172.991: Application time: 0.0005840 seconds
173.025: [GC173.025: [DefNew: 3821K->391K(4288K), 0.0009260 secs] 8457K->8348K(13888K), 0.0009480 secs] [Times: user=0.00 sys=0.00, real=0.00 secs] 
173.026: Total time for which application threads were stopped: 0.0343970 seconds, Stopping threads took: 0.0333850 seconds
173.098: Application time: 0.0724740 seconds
173.099: [GC173.099: [DefNew: 4197K->4197K(4288K), 0.0000100 secs]173.099: [Tenured: 7957K->2516K(9600K), 0.0060350 secs] 12154K->2516K(13888K), [Perm : 5136K->5136K(21248K)], 0.0060900 secs] [Times: user=0.01 sys=0.00, real=0.01 secs] 
173.105: Total time for which application threads were stopped: 0.0067810 seconds, Stopping threads took: 0.0006110 seconds
173.106: Application time: 0.0006410 seconds
173.139: [GC173.139: [DefNew: 3823K->392K(4288K), 0.0008600 secs] 6340K->6034K(13888K), 0.0008780 secs] [Times: user=0.00 sys=0.00, real=0.00 secs] 
173.139: Total time for which application threads were stopped: 0.0338540 seconds, Stopping threads took: 0.0329140 seconds
173.140: Application time: 0.0004900 seconds
173.174: [GC173.174: [DefNew: 4117K->4117K(4288K), 0.0000070 secs]173.174: [Tenured: 5641K->6131K(9600K), 0.0061330 secs] 9759K->6131K(13888K), [Perm : 5136K->5136K(21248K)], 0.0061810 secs] [Times: user=0.00 sys=0.00, real=0.00 secs] 
173.180: Total time for which application threads were stopped: 0.0397720 seconds, Stopping threads took: 0.0335140 seconds
173.181: Application time: 0.0009770 seconds
173.251: [GC173.251: [DefNew: 3825K->3825K(4288K), 0.0000090 secs]173.251: [Tenured: 6131K->4569K(9600K), 0.0060670 secs] 9956K->4569K(13888K), [Perm : 5136K->5136K(21248K)], 0.0061180 secs] [Times: user=0.01 sys=0.00, real=0.01 secs] 
173.257: Total time for which application threads were stopped: 0.0759530 seconds, Stopping threads took: 0.0697550 seconds
173.257: Application time: 0.0005260 seconds
173.291: [GC173.291: [DefNew: 3532K->392K(4288K), 0.0008560 secs] 8101K->7695K(13888K), 0.0008780 secs] [Times: user=0.01 sys=0.00, real=0.00 secs] 
173.292: Total time for which application threads were stopped: 0.0346930 seconds, Stopping threads took: 0.0337470 seconds
173.292: Application time: 0.0003550 seconds
173.353: [GC173.353: [DefNew: 4018K->4018K(4288K), 0.0000070 secs]173.353: [Tenured: 7303K->4832K(9600K), 0.0061280 secs] 11321K->4832K(13888K), [Perm : 5136K->5136K(21248K)], 0.0061710 secs] [Times: user=0.00 sys=0.00, real=0.00 secs] 
173.360: Total time for which application threads were stopped: 0.0673300 seconds, Stopping threads took: 0.0610850 seconds
173.360: Application time: 0.0006330 seconds
173.406: [GC173.406: [DefNew: 3823K->391K(4288K), 0.0008210 secs] 8655K->7763K(13888K), 0.0008460 secs] [Times: user=0.00 sys=0.00, real=0.00 secs] 
173.407: Total time for which application threads were stopped: 0.0470640 seconds, Stopping threads took: 0.0461600 seconds
173.408: Application time: 0.0007090 seconds
173.478: [GC173.478: [DefNew: 4217K->4217K(4288K), 0.0000090 secs]173.478: [Tenured: 7371K->3855K(9600K), 0.0063860 secs] 11588K->3855K(13888K), [Perm : 5136K->5136K(21248K)], 0.0064430 secs] [Times: user=0.01 sys=0.00, real=0.01 secs] 
173.485: Total time for which application threads were stopped: 0.0766610 seconds, Stopping threads took: 0.0701410 seconds
173.485: Application time: 0.0006050 seconds
173.519: [GC173.519: [DefNew: 3708K->420K(4288K), 0.0008130 secs] 7564K->6815K(13888K), 0.0008400 secs] [Times: user=0.00 sys=0.00, real=0.00 secs] 
173.520: Total time for which application threads were stopped: 0.0343970 seconds, Stopping threads took: 0.0334950 seconds
173.520: Application time: 0.0005340 seconds
173.585: [GC173.585: [DefNew: 4207K->4207K(4288K), 0.0000070 secs]173.585: [Tenured: 6394K->4722K(9600K), 0.0056390 secs] 10602K->4722K(13888K), [Perm : 5136K->5136K(21248K)], 0.0056830 secs] [Times: user=0.01 sys=0.00, real=0.00 secs] 
173.591: Total time for which application threads were stopped: 0.0704490 seconds, Stopping threads took: 0.0647010 seconds
173.591: Application time: 0.0005960 seconds
173.643: [GC173.643: [DefNew: 3629K->391K(4288K), 0.0009190 secs] 8352K->8043K(13888K), 0.0009440 secs] [Times: user=0.00 sys=0.00, real=0.00 secs] 
173.644: Total time for which application threads were stopped: 0.0526650 seconds, Stopping threads took: 0.0516480 seconds
173.645: Application time: 0.0007620 seconds
173.692: [GC173.692: [DefNew: 4214K->4214K(4288K), 0.0000080 secs]173.692: [Tenured: 7652K->5698K(9600K), 0.0066640 secs] 11866K->5698K(13888K), [Perm : 5136K->5136K(21248K)], 0.0067080 secs] [Times: user=0.01 sys=0.00, real=0.01 secs] 
173.698: Total time for which application threads were stopped: 0.0535870 seconds, Stopping threads took: 0.0468030 seconds
173.699: Application time: 0.0008980 seconds
173.769: [GC173.769: [DefNew: 3727K->391K(4288K), 0.0008560 secs] 9426K->8336K(13888K), 0.0008870 secs] [Times: user=0.00 sys=0.00, real=0.00 secs] 
173.770: Total time for which application threads were stopped: 0.0710530 seconds, Stopping threads took: 0.0700920 seconds
173.771: Application time: 0.0004320 seconds
173.823: [GC173.823: [DefNew: 4119K->4119K(4288K), 0.0000070 secs]173.823: [Tenured: 7944K->4441K(9600K), 0.0063740 secs] 12064K->4441K(13888K), [Perm : 5136K->5136K(21248K)], 0.0064200 secs] [Times: user=0.00 sys=0.00, real=0.01 secs] 
173.829: Total time for which application threads were stopped: 0.0584680 seconds, Stopping threads took: 0.0519700 seconds
173.830: Application time: 0.0006900 seconds
173.863: [GC173.863: [DefNew: 3721K->391K(4288K), 0.0009340 secs] 8163K->7470K(13888K), 0.0009590 secs] [Times: user=0.00 sys=0.00, real=0.00 secs] 
173.864: Total time for which application threads were stopped: 0.0343520 seconds, Stopping threads took: 0.0333230 seconds
173.938: Application time: 0.0735540 seconds
173.938: [GC173.939: [DefNew: 4216K->4216K(4288K), 0.0000100 secs]173.939: [Tenured: 7078K->2293K(9600K), 0.0059370 secs] 11295K->2293K(13888K), [Perm : 5136K->5136K(21248K)], 0.0059900 secs] [Times: user=0.01 sys=0.00, real=0.01 secs] 
173.945: Total time for which application threads were stopped: 0.0067710 seconds, Stopping threads took: 0.0006920 seconds
173.945: Application time: 0.0006070 seconds
173.979: [GC173.979: [DefNew: 3823K->392K(4288K), 0.0009020 secs] 6117K->6006K(13888K), 0.0009190 secs] [Times: user=0.00 sys=0.00, real=0.00 secs] 
173.980: Total time for which application threads were stopped: 0.0348500 seconds, Stopping threads took: 0.0338680 seconds
173.980: Application time: 0.0004920 seconds
174.043: [GC174.043: [DefNew: 4119K->4119K(4288K), 0.0000070 secs]174.043: [Tenured: 5614K->4443K(9600K), 0.0062490 secs] 9733K->4443K(13888K), [Perm : 5136K->5136K(21248K)], 0.0062980 secs] [Times: user=0.01 sys=0.00, real=0.01 secs] 
174.049: Total time for which application threads were stopped: 0.0689260 seconds, Stopping threads took: 0.0625500 seconds
174.050: Application time: 0.0007940 seconds
174.102: [GC174.102: [DefNew: 3806K->420K(4288K), 0.0008090 secs] 8249K->7012K(13888K), 0.0008360 secs] [Times: user=0.00 sys=0.00, real=0.00 secs] 
174.103: Total time for which application threads were stopped: 0.0526580 seconds, Stopping threads took: 0.0517500 seconds
174.103: Application time: 0.0004360 seconds
174.169: [GC174.169: [DefNew: 4245K->4245K(4288K), 0.0000060 secs]174.169: [Tenured: 6591K->4470K(9600K), 0.0060950 secs] 10837K->4470K(13888K), [Perm : 5136K->5136K(21248K)], 0.0061440 secs] [Times: user=0.01 sys=0.01, real=0.01 secs] 
174.175: Total time for which application threads were stopped: 0.0718190 seconds, Stopping threads took: 0.0656030 seconds
174.176: Application time: 0.0004940 seconds
174.223: [GC174.223: [DefNew: 3823K->391K(4288K), 0.0008090 secs] 8293K->7401K(13888K), 0.0008380 secs] [Times: user=0.00 sys=0.00, real=0.01 secs] 
174.224: Total time for which application threads were stopped: 0.0487260 seconds, Stopping threads took: 0.0478170 seconds
174.225: Application time: 0.0007280 seconds
174.295: [GC174.295: [DefNew: 4197K->4197K(4288K), 0.0000070 secs]174.295: [Tenured: 7009K->3367K(9600K), 0.0054880 secs] 11207K->3367K(13888K), [Perm : 5136K->5136K(21248K)], 0.0055390 secs] [Times: user=0.01 sys=0.00, real=0.00 secs] 
174.301: Total time for which application threads were stopped: 0.0756830 seconds, Stopping threads took: 0.0700630 seconds
174.301: Application time: 0.0004930 seconds
174.348: [GC174.348: [DefNew: 3630K->392K(4288K), 0.0008480 secs] 6997K->6689K(13888K), 0.0008670 secs] [Times: user=0.00 sys=0.00, real=0.00 secs] 
174.349: Total time for which application threads were stopped: 0.0481180 seconds, Stopping threads took: 0.0472070 seconds
174.350: Application time: 0.0007000 seconds
174.384: [GC174.384: [DefNew: 4213K->4213K(4288K), 0.0000060 secs]174.384: [Tenured: 6297K->5418K(9600K), 0.0058700 secs] 10510K->5418K(13888K), [Perm : 5136K->5136K(21248K)], 0.0059170 secs] [Times: user=0.01 sys=0.00, real=0.01 secs] 
174.390: Total time for which application threads were stopped: 0.0394570 seconds, Stopping threads took: 0.0334620 seconds
174.390: Application time: 0.0008090 seconds
174.458: [GC174.458: [DefNew: 3825K->391K(4288K), 0.0008760 secs] 9244K->7959K(13888K), 0.0009070 secs] [Times: user=0.00 sys=0.00, real=0.00 secs] 
174.459: Total time for which application threads were stopped: 0.0690730 seconds, Stopping threads took: 0.0680790 seconds
174.460: Application time: 0.0004760 seconds
174.493: [GC174.493: [DefNew: 4217K->4217K(4288K), 0.0000070 secs]174.493: [Tenured: 7567K->4442K(9600K), 0.0064110 secs] 11784K->4442K(13888K), [Perm : 5136K->5136K(21248K)], 0.0064540 secs] [Times: user=0.00 sys=0.00, real=0.00 secs] 
174.500: Total time for which application threads were stopped: 0.0400420 seconds, Stopping threads took: 0.0335130 seconds
174.501: Application time: 0.0006120 seconds
174.548: [GC174.548: [DefNew: 3821K->391K(4288K), 0.0008440 secs] 8263K->7958K(13888K), 0.0008680 secs] [Times: user=0.00 sys=0.00, real=0.00 secs] 
174.549: Total time for which application threads were stopped: 0.0483130 seconds, Stopping threads took: 0.0473760 seconds
174.621: Application time: 0.0723260 seconds
174.623: [GC174.623: [DefNew: 4119K->4119K(4288K), 0.0000090 secs]174.623: [Tenured: 7567K->2294K(9600K), 0.0052860 secs] 11686K->2294K(13888K), [Perm : 5136K->5136K(21248K)], 0.0053410 secs] [Times: user=0.00 sys=0.00, real=0.01 secs] 
174.628: Total time for which application threads were stopped: 0.0071420 seconds, Stopping threads took: 0.0017270 seconds
174.629: Application time: 0.0005570 seconds
174.676: [GC174.676: [DefNew: 3630K->391K(4288K), 0.0008120 secs] 5924K->5615K(13888K), 0.0008310 secs] [Times: user=0.00 sys=0.00, real=0.00 secs] 
174.677: Total time for which application threads were stopped: 0.0480570 seconds, Stopping threads took: 0.0471620 seconds
174.677: Application time: 0.0005340 seconds
174.710: [GC174.710: [DefNew: 4210K->390K(4288K), 0.0009870 secs] 9434K->9131K(13888K), 0.0010100 secs] [Times: user=0.00 sys=0.00, real=0.00 secs] 
174.711: Total time for which application threads were stopped: 0.0339460 seconds, Stopping threads took: 0.0328690 seconds
174.782: Application time: 0.0710140 seconds
174.786: [GC174.786: [DefNew: 3923K->3923K(4288K), 0.0000170 secs]174.786: [Tenured: 8740K->2488K(9600K), 0.0052720 secs] 12664K->2488K(13888K), [Perm : 5136K->5136K(21248K)], 0.0053350 secs] [Times: user=0.00 sys=0.00, real=0.00 secs] 
174.791: Total time for which application threads were stopped: 0.0089670 seconds, Stopping threads took: 0.0035510 seconds
174.792: Application time: 0.0004990 seconds
174.825: [GC174.825: [DefNew: 3823K->392K(4288K), 0.0008580 secs] 6312K->6006K(13888K), 0.0008780 secs] [Times: user=0.00 sys=0.00, real=0.00 secs] 
174.826: Total time for which application threads were stopped: 0.0342390 seconds, Stopping threads took: 0.0332940 seconds
174.827: Application time: 0.0008430 seconds
174.897: [GC174.897: [DefNew: 4191K->4191K(4288K), 0.0000100 secs]174.897: [Tenured: 5614K->4862K(9600K), 0.0057380 secs] 9806K->4862K(13888K), [Perm : 5136K->5136K(21248K)], 0.0057970 secs] [Times: user=0.01 sys=0.00, real=0.00 secs] 
174.903: Total time for which application threads were stopped: 0.0758580 seconds, Stopping threads took: 0.0699740 seconds
174.903: Application time: 0.0005250 seconds
174.961: [GC174.961: [DefNew: 3727K->392K(4288K), 0.0008280 secs] 8590K->7598K(13888K), 0.0008560 secs] [Times: user=0.00 sys=0.00, real=0.00 secs] 
174.962: Total time for which application threads were stopped: 0.0582070 seconds, Stopping threads took: 0.0572740 seconds
174.962: Application time: 0.0004010 seconds
175.009: [GC175.009: [DefNew: 4098K->4098K(4288K), 0.0000060 secs]175.009: [Tenured: 7206K->5572K(9600K), 0.0060170 secs] 11304K->5572K(13888K), [Perm : 5136K->5136K(21248K)], 0.0060630 secs] [Times: user=0.01 sys=0.00, real=0.01 secs] 
175.015: Total time for which application threads were stopped: 0.0528230 seconds, Stopping threads took: 0.0466840 seconds
175.016: Application time: 0.0008550 seconds
175.083: [GC175.083: [DefNew: 3805K->420K(4288K), 0.0008480 secs] 9378K->8141K(13888K), 0.0008770 secs] [Times: user=0.00 sys=0.00, real=0.00 secs] 
175.084: Total time for which application threads were stopped: 0.0682740 seconds, Stopping threads took: 0.0673250 seconds
175.084: Application time: 0.0005380 seconds
175.118: [GC175.118: [DefNew: 4245K->4245K(4288K), 0.0000060 secs]175.118: [Tenured: 7721K->5601K(9600K), 0.0053760 secs] 11967K->5601K(13888K), [Perm : 5136K->5136K(21248K)], 0.0054240 secs] [Times: user=0.00 sys=0.00, real=0.00 secs] 
175.123: Total time for which application threads were stopped: 0.0388420 seconds, Stopping threads took: 0.0333490 seconds
175.124: Application time: 0.0008770 seconds
175.194: [GC175.194: [DefNew: 3825K->391K(4288K), 0.0005980 secs] 9426K->7164K(13888K), 0.0006270 secs] [Times: user=0.00 sys=0.00, real=0.00 secs] 
175.195: Total time for which application threads were stopped: 0.0707420 seconds, Stopping threads took: 0.0700630 seconds
175.195: Application time: 0.0003530 seconds
175.241: [GC175.241: [DefNew: 4119K->4119K(4288K), 0.0000050 secs]175.241: [Tenured: 6773K->4441K(9600K), 0.0063310 secs] 10892K->4441K(13888K), [Perm : 5136K->5136K(21248K)], 0.0063710 secs] [Times: user=0.01 sys=0.00, real=0.01 secs] 
175.248: Total time for which application threads were stopped: 0.0524910 seconds, Stopping threads took: 0.0460490 seconds
175.248: Application time: 0.0005110 seconds
175.249: [GC175.249: [DefNew: 3723K->391K(4288K), 0.0008620 secs] 8165K->8153K(13888K), 0.0008850 secs] [Times: user=0.00 sys=0.00, real=0.00 secs] 
175.250: Total time for which application threads were stopped: 0.0012910 seconds, Stopping threads took: 0.0003610 seconds
175.322: Application time: 0.0719930 seconds
175.324: [GC175.324: [DefNew: 4118K->4118K(4288K), 0.0000090 secs]175.324: [Tenured: 7762K->3270K(9600K), 0.0054950 secs] 11881K->3270K(13888K), [Perm : 5136K->5136K(21248K)], 0.0055490 secs] [Times: user=0.01 sys=0.00, real=0.01 secs] 
175.329: Total time for which application threads were stopped: 0.0076890 seconds, Stopping threads took: 0.0020550 seconds
175.330: Application time: 0.0005240 seconds
175.377: [GC175.377: [DefNew: 3725K->392K(4288K), 0.0007800 secs] 6996K->6397K(13888K), 0.0008000 secs] [Times: user=0.00 sys=0.00, real=0.00 secs] 
175.378: Total time for which application threads were stopped: 0.0478000 seconds, Stopping threads took: 0.0469270 seconds
175.378: Application time: 0.0004970 seconds
175.412: [GC175.412: [DefNew: 3998K->3998K(4288K), 0.0000060 secs]175.412: [Tenured: 6005K->5155K(9600K), 0.0057940 secs] 10003K->5155K(13888K), [Perm : 5136K->5136K(21248K)], 0.0058400 secs] [Times: user=0.01 sys=0.00, real=0.01 secs] 
175.418: Total time for which application threads were stopped: 0.0394010 seconds, Stopping threads took: 0.0334820 seconds
175.418: Application time: 0.0005380 seconds
175.480: [GC175.480: [DefNew: 3532K->391K(4288K), 0.0009580 secs] 8687K->7793K(13888K), 0.0009850 secs] [Times: user=0.00 sys=0.00, real=0.00 secs] 
175.481: Total time for which application threads were stopped: 0.0629050 seconds, Stopping threads took: 0.0618330 seconds
175.482: Application time: 0.0006900 seconds
175.515: [GC175.515: [DefNew: 4191K->4191K(4288K), 0.0000060 secs]175.515: [Tenured: 7401K->7037K(9600K), 0.0056570 secs] 11593K->7037K(13888K), [Perm : 5136K->5136K(21248K)], 0.0057000 secs] [Times: user=0.01 sys=0.00, real=0.00 secs] 
175.521: Total time for which application threads were stopped: 0.0393710 seconds, Stopping threads took: 0.0336010 seconds
175.593: Application time: 0.0715370 seconds
175.596: [GC175.596: [DefNew: 3727K->3727K(4288K), 0.0000080 secs]175.596: [Tenured: 7037K->2098K(9600K), 0.0047200 secs] 10765K->2098K(13888K), [Perm : 5136K->5136K(21248K)], 0.0047740 secs] [Times: user=0.00 sys=0.00, real=0.00 secs] 
175.601: Total time for which application threads were stopped: 0.0082470 seconds, Stopping threads took: 0.0033930 seconds
175.601: Application time: 0.0005380 seconds
175.650: [GC175.650: [DefNew: 3825K->392K(4288K), 0.0008270 secs] 5923K->5615K(13888K), 0.0008460 secs] [Times: user=0.00 sys=0.00, real=0.00 secs] 
175.651: Total time for which application threads were stopped: 0.0492350 seconds, Stopping threads took: 0.0483260 seconds
175.651: Application time: 0.0003830 seconds
175.684: [GC175.684: [DefNew: 4215K->293K(4288K), 0.0010290 secs] 9438K->8838K(13888K), 0.0010540 secs] [Times: user=0.01 sys=0.00, real=0.00 secs] 
175.685: Total time for which application threads were stopped: 0.0344330 seconds, Stopping threads took: 0.0333080 seconds
175.757: Application time: 0.0713910 seconds
175.760: [GC175.760: [DefNew: 4001K->4001K(4288K), 0.0000090 secs]175.760: [Tenured: 8545K->1541K(9600K), 0.0058570 secs] 12547K->1541K(13888K), [Perm : 5136K->5136K(21248K)], 0.0059080 secs] [Times: user=0.00 sys=0.00, real=0.01 secs] 
175.766: Total time for which application threads were stopped: 0.0088800 seconds, Stopping threads took: 0.0028930 seconds
175.766: Application time: 0.0005710 seconds
175.767: [GC175.767: [DefNew: 3727K->392K(4288K), 0.0008850 secs] 5269K->5254K(13888K), 0.0009060 secs] [Times: user=0.00 sys=0.00, real=0.00 secs] 
175.767: Total time for which application threads were stopped: 0.0011790 seconds, Stopping threads took: 0.0002040 seconds
175.769: Application time: 0.0011490 seconds
175.831: [GC175.831: [DefNew: 4215K->390K(4288K), 0.0006840 secs] 9077K->7208K(13888K), 0.0007060 secs] [Times: user=0.00 sys=0.00, real=0.00 secs] 
175.832: Total time for which application threads were stopped: 0.0631220 seconds, Stopping threads took: 0.0623490 seconds
175.832: Application time: 0.0007860 seconds
175.903: [GC175.903: [DefNew: 4216K->4216K(4288K), 0.0000090 secs]175.903: [Tenured: 6817K->4277K(9600K), 0.0055940 secs] 11033K->4277K(13888K), [Perm : 5136K->5136K(21248K)], 0.0056490 secs] [Times: user=0.01 sys=0.00, real=0.01 secs] 
175.908: Total time for which application threads were stopped: 0.0758460 seconds, Stopping threads took: 0.0701130 seconds
175.909: Application time: 0.0005310 seconds
175.959: [GC175.959: [DefNew: 3825K->392K(4288K), 0.0010190 secs] 8103K->7795K(13888K), 0.0010470 secs] [Times: user=0.00 sys=0.00, real=0.00 secs] 
175.960: Total time for which application threads were stopped: 0.0513540 seconds, Stopping threads took: 0.0502510 seconds
175.961: Application time: 0.0004220 seconds
176.008: [GC176.008: [DefNew: 4119K->4119K(4288K), 0.0000060 secs]176.008: [Tenured: 7403K->5352K(9600K), 0.0059360 secs] 11522K->5352K(13888K), [Perm : 5136K->5136K(21248K)], 0.0059920 secs] [Times: user=0.00 sys=0.00, real=0.01 secs] 
176.014: Total time for which application threads were stopped: 0.0533490 seconds, Stopping threads took: 0.0472730 seconds
176.015: Application time: 0.0008350 seconds
176.085: [GC176.085: [DefNew: 3727K->391K(4288K), 0.0007720 secs] 9079K->7697K(13888K), 0.0008000 secs] [Times: user=0.00 sys=0.00, real=0.00 secs] 
176.086: Total time for which application threads were stopped: 0.0707270 seconds, Stopping threads took: 0.0698560 seconds
176.086: Application time: 0.0004670 seconds
176.120: [GC176.120: [DefNew: 4100K->4100K(4288K), 0.0000070 secs]176.120: [Tenured: 7305K->4051K(9600K), 0.0055450 secs] 11405K->4051K(13888K), [Perm : 5136K->5136K(21248K)], 0.0055890 secs] [Times: user=0.01 sys=0.00, real=0.01 secs] 
176.126: Total time for which application threads were stopped: 0.0395770 seconds, Stopping threads took: 0.0339230 seconds
176.126: Application time: 0.0004570 seconds
176.159: [GC176.159: [DefNew: 3825K->391K(4288K), 0.0008240 secs] 7876K->7275K(13888K), 0.0008480 secs] [Times: user=0.00 sys=0.00, real=0.00 secs] 
176.160: Total time for which application threads were stopped: 0.0341610 seconds, Stopping threads took: 0.0332430 seconds
176.161: Application time: 0.0007650 seconds
176.194: [GC176.194: [DefNew: 4002K->4002K(4288K), 0.0000080 secs]176.194: [Tenured: 6883K->6033K(9600K), 0.0066650 secs] 10886K->6033K(13888K), [Perm : 5136K->5136K(21248K)], 0.0067130 secs] [Times: user=0.01 sys=0.00, real=0.00 secs] 
176.201: Total time for which application threads were stopped: 0.0401170 seconds, Stopping threads took: 0.0333270 seconds
176.202: Application time: 0.0011200 seconds
176.272: [GC176.272: [DefNew: 3825K->3825K(4288K), 0.0000090 secs]176.272: [Tenured: 6033K->4471K(9600K), 0.0056890 secs] 9859K->4471K(13888K), [Perm : 5136K->5136K(21248K)], 0.0057410 secs] [Times: user=0.00 sys=0.00, real=0.01 secs] 
176.278: Total time for which application threads were stopped: 0.0754350 seconds, Stopping threads took: 0.0696120 seconds
176.278: Application time: 0.0007210 seconds
176.329: [GC176.329: [DefNew: 3630K->392K(4288K), 0.0009710 secs] 8101K->7988K(13888K), 0.0009980 secs] [Times: user=0.00 sys=0.00, real=0.00 secs] 
176.330: Total time for which application threads were stopped: 0.0514250 seconds, Stopping threads took: 0.0503730 seconds
176.330: Application time: 0.0006420 seconds
176.378: [GC176.378: [DefNew: 4215K->4215K(4288K), 0.0000080 secs] 11812K->11812K(13888K), 0.0000270 secs] [Times: user=0.00 sys=0.00, real=0.00 secs] 
176.378: [Full GC176.378: [Tenured: 7596K->5418K(9600K), 0.0062520 secs] 11812K->5418K(13888K), [Perm : 5136K->5136K(21248K)], 0.0062770 secs] [Times: user=0.01 sys=0.00, real=0.01 secs] 
176.385: Total time for which application threads were stopped: 0.0543010 seconds, Stopping threads took: 0.0479060 seconds
176.386: Application time: 0.0010320 seconds
176.456: [GC176.456: [DefNew: 3825K->391K(4288K), 0.0008260 secs] 9243K->7958K(13888K), 0.0008570 secs] [Times: user=0.00 sys=0.00, real=0.00 secs] 
176.457: Total time for which application threads were stopped: 0.0707910 seconds, Stopping threads took: 0.0698600 seconds
176.457: Application time: 0.0003680 seconds
176.504: [GC176.504: [DefNew: 4217K->4217K(4288K), 0.0000110 secs]176.504: [Tenured: 7566K->5515K(9600K), 0.0065900 secs] 11784K->5515K(13888K), [Perm : 5136K->5136K(21248K)], 0.0066370 secs] [Times: user=0.01 sys=0.00, real=0.01 secs] 
176.511: Total time for which application threads were stopped: 0.0539430 seconds, Stopping threads took: 0.0472510 seconds
176.512: Application time: 0.0008260 seconds
176.583: [GC176.583: [DefNew: 3825K->391K(4288K), 0.0006300 secs] 9341K->7372K(13888K), 0.0006580 secs] [Times: user=0.00 sys=0.00, real=0.00 secs] 
176.584: Total time for which application threads were stopped: 0.0718840 seconds, Stopping threads took: 0.0711460 seconds
176.584: Application time: 0.0004060 seconds
176.618: [GC176.618: [DefNew: 4119K->4119K(4288K), 0.0000070 secs]176.618: [Tenured: 6980K->4441K(9600K), 0.0064640 secs] 11100K->4441K(13888K), [Perm : 5136K->5136K(21248K)], 0.0065140 secs] [Times: user=0.01 sys=0.00, real=0.00 secs] 
176.624: Total time for which application threads were stopped: 0.0401060 seconds, Stopping threads took: 0.0335190 seconds
176.625: Application time: 0.0004930 seconds
176.672: [GC176.672: [DefNew: 3625K->391K(4288K), 0.0007910 secs] 8067K->7470K(13888K), 0.0008150 secs] [Times: user=0.00 sys=0.00, real=0.01 secs] 
176.673: Total time for which application threads were stopped: 0.0482570 seconds, Stopping threads took: 0.0473730 seconds
176.674: Application time: 0.0008600 seconds
176.744: [GC176.744: [DefNew: 4216K->4216K(4288K), 0.0000070 secs]176.744: [Tenured: 7078K->3661K(9600K), 0.0054300 secs] 11295K->3661K(13888K), [Perm : 5136K->5136K(21248K)], 0.0054820 secs] [Times: user=0.01 sys=0.00, real=0.01 secs] 
176.749: Total time for which application threads were stopped: 0.0755500 seconds, Stopping threads took: 0.0699870 seconds
176.750: Application time: 0.0005070 seconds
176.787: [GC176.787: [DefNew: 3727K->392K(4288K), 0.0009210 secs] 7389K->7178K(13888K), 0.0009470 secs] [Times: user=0.00 sys=0.00, real=0.00 secs] 
176.788: Total time for which application threads were stopped: 0.0383810 seconds, Stopping threads took: 0.0373610 seconds
176.789: Application time: 0.0006940 seconds
176.859: [GC176.859: [DefNew: 4198K->4198K(4288K), 0.0000100 secs]176.859: [Tenured: 6786K->2126K(9600K), 0.0059990 secs] 10984K->2126K(13888K), [Perm : 5136K->5136K(21248K)], 0.0060530 secs] [Times: user=0.01 sys=0.00, real=0.01 secs] 
176.865: Total time for which application threads were stopped: 0.0764770 seconds, Stopping threads took: 0.0703390 seconds
176.866: Application time: 0.0005140 seconds
176.913: [GC176.913: [DefNew: 3483K->441K(4288K), 0.0007700 secs] 5609K->5301K(13888K), 0.0007930 secs] [Times: user=0.00 sys=0.00, real=0.00 secs] 
176.914: Total time for which application threads were stopped: 0.0475780 seconds, Stopping threads took: 0.0467180 seconds
176.914: Application time: 0.0004840 seconds
176.947: [GC176.948: [DefNew: 4194K->322K(4288K), 0.0008400 secs] 9055K->7723K(13888K), 0.0008640 secs] [Times: user=0.00 sys=0.00, real=0.00 secs] 
176.948: Total time for which application threads were stopped: 0.0343820 seconds, Stopping threads took: 0.0334510 seconds
176.949: Application time: 0.0008240 seconds
177.011: [GC177.011: [DefNew: 4145K->4145K(4288K), 0.0000080 secs]177.011: [Tenured: 7401K->4442K(9600K), 0.0064580 secs] 11547K->4442K(13888K), [Perm : 5136K->5136K(21248K)], 0.0065080 secs] [Times: user=0.00 sys=0.00, real=0.01 secs] 
177.018: Total time for which application threads were stopped: 0.0686660 seconds, Stopping threads took: 0.0620800 seconds
177.019: Application time: 0.0009760 seconds
177.066: [GC177.066: [DefNew: 3825K->392K(4288K), 0.0010420 secs] 8267K->8154K(13888K), 0.0010710 secs] [Times: user=0.00 sys=0.00, real=0.00 secs] 
177.067: Total time for which application threads were stopped: 0.0484000 seconds, Stopping threads took: 0.0472550 seconds
177.073: Application time: 0.0058210 seconds
177.139: [GC177.139: [DefNew: 4217K->4217K(4288K), 0.0000090 secs]177.139: [Tenured: 7762K->1317K(9600K), 0.0058510 secs] 11980K->1317K(13888K), [Perm : 5136K->5136K(21248K)], 0.0059020 secs] [Times: user=0.01 sys=0.00, real=0.01 secs] 
177.145: Total time for which application threads were stopped: 0.0721610 seconds, Stopping threads took: 0.0661710 seconds
177.146: Application time: 0.0005840 seconds
177.146: [GC177.146: [DefNew: 3727K->392K(4288K), 0.0008740 secs] 5045K->5030K(13888K), 0.0008910 secs] [Times: user=0.00 sys=0.00, real=0.00 secs] 
177.147: Total time for which application threads were stopped: 0.0011420 seconds, Stopping threads took: 0.0002120 seconds
177.148: Application time: 0.0012120 seconds
177.196: [GC177.196: [DefNew: 4115K->390K(4288K), 0.0006700 secs] 8753K->7081K(13888K), 0.0006990 secs] [Times: user=0.00 sys=0.00, real=0.00 secs] 
177.196: Total time for which application threads were stopped: 0.0482460 seconds, Stopping threads took: 0.0474850 seconds
177.197: Application time: 0.0008480 seconds
177.267: [GC177.267: [DefNew: 4216K->4216K(4288K), 0.0000080 secs]177.267: [Tenured: 6690K->3954K(9600K), 0.0061910 secs] 10907K->3954K(13888K), [Perm : 5136K->5136K(21248K)], 0.0062410 secs] [Times: user=0.00 sys=0.00, real=0.01 secs] 
177.273: Total time for which application threads were stopped: 0.0762250 seconds, Stopping threads took: 0.0699060 seconds
177.274: Application time: 0.0006590 seconds
177.320: [GC177.320: [DefNew: 3805K->420K(4288K), 0.0008870 secs] 7760K->7109K(13888K), 0.0009120 secs] [Times: user=0.00 sys=0.00, real=0.00 secs] 
177.321: Total time for which application threads were stopped: 0.0468930 seconds, Stopping threads took: 0.0459090 seconds
177.321: Application time: 0.0003900 seconds
177.390: [GC177.390: [DefNew: 3953K->3953K(4288K), 0.0000060 secs]177.390: [Tenured: 6688K->3689K(9600K), 0.0054820 secs] 10642K->3689K(13888K), [Perm : 5136K->5136K(21248K)], 0.0055280 secs] [Times: user=0.00 sys=0.00, real=0.01 secs] 
177.396: Total time for which application threads were stopped: 0.0742370 seconds, Stopping threads took: 0.0686320 seconds
177.396: Application time: 0.0004840 seconds
177.430: [GC177.430: [DefNew: 3823K->391K(4288K), 0.0008720 secs] 7513K->7206K(13888K), 0.0008920 secs] [Times: user=0.00 sys=0.00, real=0.00 secs] 
177.431: Total time for which application threads were stopped: 0.0351870 seconds, Stopping threads took: 0.0342510 seconds
177.503: Application time: 0.0712710 seconds
177.504: [GC177.504: [DefNew: 4119K->4119K(4288K), 0.0000090 secs]177.504: [Tenured: 6814K->1512K(9600K), 0.0058800 secs] 10934K->1512K(13888K), [Perm : 5136K->5136K(21248K)], 0.0059320 secs] [Times: user=0.00 sys=0.00, real=0.00 secs] 
177.510: Total time for which application threads were stopped: 0.0077020 seconds, Stopping threads took: 0.0016910 seconds
177.511: Application time: 0.0007150 seconds
177.511: [GC177.511: [DefNew: 3790K->404K(4288K), 0.0009020 secs] 5302K->5237K(13888K), 0.0009240 secs] [Times: user=0.00 sys=0.00, real=0.00 secs] 
177.512: Total time for which application threads were stopped: 0.0011790 seconds, Stopping threads took: 0.0002080 seconds
177.513: Application time: 0.0005800 seconds
177.575: [GC177.575: [DefNew: 4239K->407K(4288K), 0.0007980 secs] 9072K->7793K(13888K), 0.0008230 secs] [Times: user=0.00 sys=0.00, real=0.00 secs] 
177.576: Total time for which application threads were stopped: 0.0633820 seconds, Stopping threads took: 0.0624910 seconds
177.577: Application time: 0.0008340 seconds
177.646: [GC177.646: [DefNew: 4232K->4232K(4288K), 0.0000090 secs]177.646: [Tenured: 7386K->4275K(9600K), 0.0061120 secs] 11618K->4275K(13888K), [Perm : 5136K->5136K(21248K)], 0.0061660 secs] [Times: user=0.00 sys=0.00, real=0.00 secs] 
177.652: Total time for which application threads were stopped: 0.0750260 seconds, Stopping threads took: 0.0687730 seconds
177.653: Application time: 0.0007780 seconds
177.717: [GC177.717: [DefNew: 3708K->420K(4288K), 0.0009700 secs] 7983K->7625K(13888K), 0.0009970 secs] [Times: user=0.00 sys=0.00, real=0.00 secs] 
177.718: Total time for which application threads were stopped: 0.0654260 seconds, Stopping threads took: 0.0643550 seconds
177.719: Application time: 0.0004170 seconds
177.782: [GC177.782: [DefNew: 4148K->4148K(4288K), 0.0000070 secs]177.782: [Tenured: 7205K->4109K(9600K), 0.0063800 secs] 11353K->4109K(13888K), [Perm : 5136K->5136K(21248K)], 0.0064230 secs] [Times: user=0.01 sys=0.00, real=0.01 secs] 
177.789: Total time for which application threads were stopped: 0.0702340 seconds, Stopping threads took: 0.0637360 seconds
177.789: Application time: 0.0005850 seconds
177.824: [GC177.824: [DefNew: 3706K->420K(4288K), 0.0008370 secs] 7815K->7459K(13888K), 0.0008600 secs] [Times: user=0.00 sys=0.00, real=0.01 secs] 
177.824: Total time for which application threads were stopped: 0.0348960 seconds, Stopping threads took: 0.0339690 seconds
177.897: Application time: 0.0722900 seconds
177.899: [GC177.899: [DefNew: 4147K->4147K(4288K), 0.0000110 secs]177.899: [Tenured: 7038K->1793K(9600K), 0.0058610 secs] 11186K->1793K(13888K), [Perm : 5136K->5136K(21248K)], 0.0059240 secs] [Times: user=0.01 sys=0.00, real=0.01 secs] 
177.905: Total time for which application threads were stopped: 0.0084730 seconds, Stopping threads took: 0.0024660 seconds
177.906: Application time: 0.0006610 seconds
177.906: [GC177.906: [DefNew: 3725K->391K(4288K), 0.0008270 secs] 5519K->5506K(13888K), 0.0008430 secs] [Times: user=0.00 sys=0.00, real=0.00 secs] 
177.907: Total time for which application threads were stopped: 0.0009980 seconds, Stopping threads took: 0.0001160 seconds
177.908: Application time: 0.0007200 seconds
177.977: [GC177.977: [DefNew: 4214K->293K(4288K), 0.0008060 secs] 9329K->7752K(13888K), 0.0008290 secs] [Times: user=0.00 sys=0.00, real=0.00 secs] 
177.978: Total time for which application threads were stopped: 0.0707490 seconds, Stopping threads took: 0.0698510 seconds
177.979: Application time: 0.0008180 seconds
178.045: [GC178.045: [DefNew: 4099K->4099K(4288K), 0.0000070 secs]178.045: [Tenured: 7459K->4344K(9600K), 0.0062560 secs] 11558K->4344K(13888K), [Perm : 5136K->5136K(21248K)], 0.0063050 secs] [Times: user=0.00 sys=0.00, real=0.00 secs] 
178.051: Total time for which application threads were stopped: 0.0719330 seconds, Stopping threads took: 0.0655700 seconds
178.052: Application time: 0.0004890 seconds
178.085: [GC178.085: [DefNew: 3727K->391K(4288K), 0.0010370 secs] 8072K->7861K(13888K), 0.0010630 secs] [Times: user=0.00 sys=0.00, real=0.00 secs] 
178.086: Total time for which application threads were stopped: 0.0349290 seconds, Stopping threads took: 0.0337910 seconds
178.087: Application time: 0.0004060 seconds
178.150: [GC178.150: [DefNew: 4217K->4217K(4288K), 0.0000070 secs]178.150: [Tenured: 7469K->4345K(9600K), 0.0064300 secs] 11686K->4345K(13888K), [Perm : 5136K->5136K(21248K)], 0.0064750 secs] [Times: user=0.01 sys=0.00, real=0.01 secs] 
178.157: Total time for which application threads were stopped: 0.0699260 seconds, Stopping threads took: 0.0633680 seconds
178.158: Application time: 0.0007510 seconds
178.191: [GC178.191: [DefNew: 3805K->420K(4288K), 0.0008830 secs] 8151K->7500K(13888K), 0.0009100 secs] [Times: user=0.00 sys=0.00, real=0.00 secs] 
178.192: Total time for which application threads were stopped: 0.0344100 seconds, Stopping threads took: 0.0334280 seconds
178.192: Application time: 0.0003920 seconds
178.258: [GC178.258: [DefNew: 4148K->4148K(4288K), 0.0000070 secs]178.258: [Tenured: 7080K->4276K(9600K), 0.0057020 secs] 11228K->4276K(13888K), [Perm : 5136K->5136K(21248K)], 0.0057510 secs] [Times: user=0.01 sys=0.01, real=0.00 secs] 
178.263: Total time for which application threads were stopped: 0.0709830 seconds, Stopping threads took: 0.0651510 seconds
178.264: Application time: 0.0006430 seconds
178.297: [GC178.297: [DefNew: 3821K->391K(4288K), 0.0009590 secs] 8097K->7988K(13888K), 0.0009830 secs] [Times: user=0.00 sys=0.00, real=0.00 secs] 
178.298: Total time for which application threads were stopped: 0.0339720 seconds, Stopping threads took: 0.0329190 seconds
178.370: Application time: 0.0719360 seconds
178.373: [GC178.373: [DefNew: 4118K->4118K(4288K), 0.0000090 secs]178.373: [Tenured: 7596K->2127K(9600K), 0.0059680 secs] 11715K->2127K(13888K), [Perm : 5136K->5136K(21248K)], 0.0060210 secs] [Times: user=0.01 sys=0.00, real=0.00 secs] 
178.379: Total time for which application threads were stopped: 0.0088430 seconds, Stopping threads took: 0.0027420 seconds
178.379: Application time: 0.0005000 seconds
178.413: [GC178.413: [DefNew: 3825K->391K(4288K), 0.0008180 secs] 5953K->5645K(13888K), 0.0008390 secs] [Times: user=0.00 sys=0.00, real=0.00 secs] 
178.414: Total time for which application threads were stopped: 0.0348620 seconds, Stopping threads took: 0.0339570 seconds
178.415: Application time: 0.0005720 seconds
178.476: [GC178.476: [DefNew: 4213K->391K(4288K), 0.0008760 secs] 9466K->8379K(13888K), 0.0009100 secs] [Times: user=0.00 sys=0.00, real=0.00 secs] 
178.477: Total time for which application threads were stopped: 0.0625660 seconds, Stopping threads took: 0.0615810 seconds
178.478: Application time: 0.0008270 seconds
178.546: [GC178.546: [DefNew: 4216K->4216K(4288K), 0.0000080 secs]178.546: [Tenured: 7988K->3856K(9600K), 0.0056430 secs] 12204K->3856K(13888K), [Perm : 5136K->5136K(21248K)], 0.0056930 secs] [Times: user=0.00 sys=0.00, real=0.00 secs] 
178.552: Total time for which application threads were stopped: 0.0738520 seconds, Stopping threads took: 0.0680790 seconds
178.553: Application time: 0.0006430 seconds
178.587: [GC178.587: [DefNew: 3825K->392K(4288K), 0.0008500 secs] 7681K->6982K(13888K), 0.0008740 secs] [Times: user=0.00 sys=0.00, real=0.00 secs] 
178.588: Total time for which application threads were stopped: 0.0355750 seconds, Stopping threads took: 0.0346330 seconds
178.589: Application time: 0.0003430 seconds
178.653: [GC178.653: [DefNew: 4215K->4215K(4288K), 0.0000070 secs]178.653: [Tenured: 6590K->5028K(9600K), 0.0064820 secs] 10806K->5028K(13888K), [Perm : 5136K->5136K(21248K)], 0.0065250 secs] [Times: user=0.00 sys=0.00, real=0.00 secs] 
178.660: Total time for which application threads were stopped: 0.0711650 seconds, Stopping threads took: 0.0645570 seconds
178.660: Application time: 0.0006670 seconds
178.694: [GC178.694: [DefNew: 3725K->391K(4288K), 0.0008690 secs] 8754K->8349K(13888K), 0.0008950 secs] [Times: user=0.00 sys=0.00, real=0.00 secs] 
178.695: Total time for which application threads were stopped: 0.0345930 seconds, Stopping threads took: 0.0336290 seconds
178.767: Application time: 0.0720730 seconds
178.769: [GC178.769: [DefNew: 4119K->4119K(4288K), 0.0000090 secs]178.769: [Tenured: 7958K->1708K(9600K), 0.0058520 secs] 12077K->1708K(13888K), [Perm : 5136K->5136K(21248K)], 0.0059040 secs] [Times: user=0.00 sys=0.00, real=0.01 secs] 
178.775: Total time for which application threads were stopped: 0.0076990 seconds, Stopping threads took: 0.0017160 seconds
178.775: Application time: 0.0006440 seconds
178.776: [GC178.776: [DefNew: 3491K->441K(4288K), 0.0008250 secs] 5199K->5087K(13888K), 0.0008420 secs] [Times: user=0.00 sys=0.00, real=0.00 secs] 
178.777: Total time for which application threads were stopped: 0.0013310 seconds, Stopping threads took: 0.0004300 seconds
178.778: Application time: 0.0008370 seconds
178.839: [GC178.839: [DefNew: 4162K->391K(4288K), 0.0005610 secs] 8808K->6453K(13888K), 0.0005820 secs] [Times: user=0.00 sys=0.00, real=0.00 secs] 
178.840: Total time for which application threads were stopped: 0.0624620 seconds, Stopping threads took: 0.0618170 seconds
178.840: Application time: 0.0003320 seconds
178.906: [GC178.906: [DefNew: 3923K->3923K(4288K), 0.0000100 secs]178.906: [Tenured: 6062K->3718K(9600K), 0.0060690 secs] 9986K->3718K(13888K), [Perm : 5136K->5136K(21248K)], 0.0061270 secs] [Times: user=0.01 sys=0.00, real=0.00 secs] 
178.912: Total time for which application threads were stopped: 0.0714500 seconds, Stopping threads took: 0.0652400 seconds
178.912: Application time: 0.0004670 seconds
178.913: [GC178.913: [DefNew: 3723K->391K(4288K), 0.0008510 secs] 7441K->7430K(13888K), 0.0008690 secs] [Times: user=0.00 sys=0.00, real=0.00 secs] 
178.914: Total time for which application threads were stopped: 0.0012520 seconds, Stopping threads took: 0.0003410 seconds
178.986: Application time: 0.0721600 seconds
178.987: [GC178.987: [DefNew: 4119K->4119K(4288K), 0.0000090 secs]178.987: [Tenured: 7038K->2489K(9600K), 0.0060520 secs] 11157K->2489K(13888K), [Perm : 5136K->5136K(21248K)], 0.0061070 secs] [Times: user=0.00 sys=0.00, real=0.01 secs] 
178.993: Total time for which application threads were stopped: 0.0073840 seconds, Stopping threads took: 0.0012190 seconds
178.994: Application time: 0.0005750 seconds
179.027: [GC179.027: [DefNew: 3823K->391K(4288K), 0.0008440 secs] 6312K->6006K(13888K), 0.0008620 secs] [Times: user=0.01 sys=0.00, real=0.00 secs] 
179.028: Total time for which application threads were stopped: 0.0338750 seconds, Stopping threads took: 0.0329490 seconds
179.030: Application time: 0.0024300 seconds
179.100: [GC179.100: [DefNew: 4216K->4216K(4288K), 0.0000090 secs]179.100: [Tenured: 5614K->1708K(9600K), 0.0051030 secs] 9831K->1708K(13888K), [Perm : 5136K->5136K(21248K)], 0.0051600 secs] [Times: user=0.01 sys=0.00, real=0.01 secs] 
179.105: Total time for which application threads were stopped: 0.0751040 seconds, Stopping threads took: 0.0698780 seconds
179.106: Application time: 0.0006060 seconds
179.106: [GC179.106: [DefNew: 3727K->392K(4288K), 0.0008680 secs] 5436K->5421K(13888K), 0.0008850 secs] [Times: user=0.00 sys=0.00, real=0.00 secs] 
179.107: Total time for which application threads were stopped: 0.0013180 seconds, Stopping threads took: 0.0003720 seconds
179.108: Application time: 0.0014720 seconds
179.179: [GC179.179: [DefNew: 4217K->391K(4288K), 0.0004730 secs] 9246K->6397K(13888K), 0.0004960 secs] [Times: user=0.00 sys=0.00, real=0.00 secs] 
179.180: Total time for which application threads were stopped: 0.0712980 seconds, Stopping threads took: 0.0707270 seconds
179.180: Application time: 0.0003950 seconds
179.214: [GC179.214: [DefNew: 4099K->4099K(4288K), 0.0000070 secs]179.214: [Tenured: 6006K->4079K(9600K), 0.0061050 secs] 10106K->4079K(13888K), [Perm : 5137K->5137K(21248K)], 0.0061540 secs] [Times: user=0.01 sys=0.00, real=0.00 secs] 
179.220: Total time for which application threads were stopped: 0.0398340 seconds, Stopping threads took: 0.0336040 seconds
179.221: Application time: 0.0005310 seconds
179.268: [GC179.268: [DefNew: 3825K->391K(4288K), 0.0008500 secs] 7905K->7010K(13888K), 0.0008750 secs] [Times: user=0.00 sys=0.00, real=0.00 secs] 
179.269: Total time for which application threads were stopped: 0.0482870 seconds, Stopping threads took: 0.0473410 seconds
179.269: Application time: 0.0006570 seconds
179.317: [GC179.317: [DefNew: 4210K->4210K(4288K), 0.0000060 secs]179.317: [Tenured: 6619K->6716K(9600K), 0.0066740 secs] 10830K->6716K(13888K), [Perm : 5137K->5137K(21248K)], 0.0067160 secs] [Times: user=0.01 sys=0.00, real=0.00 secs] 
179.324: Total time for which application threads were stopped: 0.0547280 seconds, Stopping threads took: 0.0479370 seconds
179.396: Application time: 0.0718660 seconds
179.398: [GC179.398: [DefNew: 3825K->3825K(4288K), 0.0000090 secs]179.398: [Tenured: 6716K->1512K(9600K), 0.0047090 secs] 10542K->1512K(13888K), [Perm : 5137K->5137K(21248K)], 0.0047630 secs] [Times: user=0.00 sys=0.00, real=0.00 secs] 
179.403: Total time for which application threads were stopped: 0.0070820 seconds, Stopping threads took: 0.0022600 seconds
179.404: Application time: 0.0004870 seconds
179.404: [GC179.404: [DefNew: 3735K->400K(4288K), 0.0008240 secs] 5248K->5233K(13888K), 0.0008450 secs] [Times: user=0.00 sys=0.00, real=0.01 secs] 
179.405: Total time for which application threads were stopped: 0.0013560 seconds, Stopping threads took: 0.0004460 seconds
179.406: Application time: 0.0007450 seconds
179.453: [GC179.453: [DefNew: 4191K->419K(4288K), 0.0009960 secs] 9025K->8378K(13888K), 0.0010210 secs] [Times: user=0.00 sys=0.00, real=0.00 secs] 
179.454: Total time for which application threads were stopped: 0.0479280 seconds, Stopping threads took: 0.0468400 seconds
179.525: Application time: 0.0714920 seconds
179.527: [GC179.527: [DefNew: 4147K->4147K(4288K), 0.0000080 secs]179.527: [Tenured: 7959K->1931K(9600K), 0.0050500 secs] 12106K->1931K(13888K), [Perm : 5137K->5137K(21248K)], 0.0051030 secs] [Times: user=0.00 sys=0.00, real=0.00 secs] 
179.532: Total time for which application threads were stopped: 0.0067380 seconds, Stopping threads took: 0.0015560 seconds
179.533: Application time: 0.0006420 seconds
179.533: [GC179.533: [DefNew: 3725K->391K(4288K), 0.0008830 secs] 5657K->5644K(13888K), 0.0009010 secs] [Times: user=0.00 sys=0.00, real=0.00 secs] 
179.534: Total time for which application threads were stopped: 0.0013360 seconds, Stopping threads took: 0.0003740 seconds
179.535: Application time: 0.0015560 seconds
179.605: [GC179.605: [DefNew: 4117K->391K(4288K), 0.0007390 secs] 9369K->7792K(13888K), 0.0007710 secs] [Times: user=0.00 sys=0.00, real=0.00 secs] 
179.605: Total time for which application threads were stopped: 0.0700010 seconds, Stopping threads took: 0.0691610 seconds
179.606: Application time: 0.0008830 seconds
179.674: [GC179.674: [DefNew: 4197K->4197K(4288K), 0.0000070 secs]179.674: [Tenured: 7401K->4499K(9600K), 0.0065020 secs] 11598K->4499K(13888K), [Perm : 5137K->5137K(21248K)], 0.0065460 secs] [Times: user=0.01 sys=0.00, real=0.00 secs] 
179.681: Total time for which application threads were stopped: 0.0747070 seconds, Stopping threads took: 0.0680850 seconds
179.682: Application time: 0.0005850 seconds
179.716: [GC179.716: [DefNew: 3825K->391K(4288K), 0.0009660 secs] 8324K->8015K(13888K), 0.0009940 secs] [Times: user=0.00 sys=0.00, real=0.00 secs] 
179.717: Total time for which application threads were stopped: 0.0353300 seconds, Stopping threads took: 0.0342660 seconds
179.718: Application time: 0.0007420 seconds
179.779: [GC179.779: [DefNew: 4193K->4193K(4288K), 0.0000070 secs]179.779: [Tenured: 7624K->5601K(9600K), 0.0059530 secs] 11817K->5601K(13888K), [Perm : 5137K->5137K(21248K)], 0.0060020 secs] [Times: user=0.01 sys=0.00, real=0.01 secs] 
179.785: Total time for which application threads were stopped: 0.0677740 seconds, Stopping threads took: 0.0616930 seconds
179.786: Application time: 0.0008060 seconds
179.856: [GC179.856: [DefNew: 3825K->391K(4288K), 0.0009230 secs] 9427K->8239K(13888K), 0.0009570 secs] [Times: user=0.00 sys=0.00, real=0.00 secs] 
179.857: Total time for which application threads were stopped: 0.0705930 seconds, Stopping threads took: 0.0695760 seconds
179.857: Application time: 0.0004950 seconds
179.907: [GC179.907: [DefNew: 4119K->4119K(4288K), 0.0000060 secs]179.907: [Tenured: 7848K->4442K(9600K), 0.0065050 secs] 11967K->4442K(13888K), [Perm : 5137K->5137K(21248K)], 0.0065470 secs] [Times: user=0.01 sys=0.00, real=0.01 secs] 
179.914: Total time for which application threads were stopped: 0.0566880 seconds, Stopping threads took: 0.0500920 seconds
179.915: Application time: 0.0005410 seconds
179.948: [GC179.948: [DefNew: 3805K->420K(4288K), 0.0008430 secs] 8248K->7890K(13888K), 0.0008680 secs] [Times: user=0.00 sys=0.00, real=0.00 secs] 
179.949: Total time for which application threads were stopped: 0.0343960 seconds, Stopping threads took: 0.0334580 seconds
180.022: Application time: 0.0729970 seconds
180.023: [GC180.023: [DefNew: 4245K->4245K(4288K), 0.0000090 secs]180.023: [Tenured: 7470K->2322K(9600K), 0.0059990 secs] 11715K->2322K(13888K), [Perm : 5137K->5137K(21248K)], 0.0060520 secs] [Times: user=0.01 sys=0.00, real=0.01 secs] 
180.029: Total time for which application threads were stopped: 0.0070770 seconds, Stopping threads took: 0.0009440 seconds
180.030: Application time: 0.0006510 seconds
180.063: [GC180.063: [DefNew: 3706K->420K(4288K), 0.0008290 secs] 6029K->5673K(13888K), 0.0008470 secs] [Times: user=0.00 sys=0.00, real=0.00 secs] 
180.063: Total time for which application threads were stopped: 0.0336980 seconds, Stopping threads took: 0.0327900 seconds
180.064: Application time: 0.0006190 seconds
180.113: [GC180.113: [DefNew: 4237K->293K(4288K), 0.0009400 secs] 9490K->8895K(13888K), 0.0009600 secs] [Times: user=0.00 sys=0.00, real=0.00 secs] 
180.114: Total time for which application threads were stopped: 0.0500310 seconds, Stopping threads took: 0.0490070 seconds
180.187: Application time: 0.0725420 seconds
180.188: [GC180.188: [DefNew: 4118K->4118K(4288K), 0.0000100 secs]180.188: [Tenured: 8602K->1765K(9600K), 0.0059080 secs] 12720K->1765K(13888K), [Perm : 5137K->5137K(21248K)], 0.0059610 secs] [Times: user=0.00 sys=0.00, real=0.01 secs] 
180.194: Total time for which application threads were stopped: 0.0075340 seconds, Stopping threads took: 0.0014910 seconds
180.195: Application time: 0.0005670 seconds
180.195: [GC180.195: [DefNew: 3725K->392K(4288K), 0.0008690 secs] 5490K->5477K(13888K), 0.0008850 secs] [Times: user=0.00 sys=0.00, real=0.00 secs] 
180.196: Total time for which application threads were stopped: 0.0011620 seconds, Stopping threads took: 0.0002170 seconds
180.197: Application time: 0.0012620 seconds
180.262: [GC180.262: [DefNew: 4217K->293K(4288K), 0.0006400 secs] 9302K->7137K(13888K), 0.0006680 secs] [Times: user=0.00 sys=0.00, real=0.00 secs] 
180.263: Total time for which application threads were stopped: 0.0657280 seconds, Stopping threads took: 0.0649860 seconds
180.264: Application time: 0.0007170 seconds
180.325: [GC180.325: [DefNew: 4118K->4118K(4288K), 0.0000070 secs]180.325: [Tenured: 6844K->4499K(9600K), 0.0057850 secs] 10963K->4499K(13888K), [Perm : 5137K->5137K(21248K)], 0.0058350 secs] [Times: user=0.01 sys=0.00, real=0.00 secs] 
180.331: Total time for which application threads were stopped: 0.0669030 seconds, Stopping threads took: 0.0610110 seconds
180.331: Application time: 0.0004870 seconds
180.397: [GC180.397: [DefNew: 3532K->391K(4288K), 0.0007140 secs] 8031K->6844K(13888K), 0.0007380 secs] [Times: user=0.01 sys=0.00, real=0.00 secs] 
180.397: Total time for which application threads were stopped: 0.0664830 seconds, Stopping threads took: 0.0656750 seconds
180.398: Application time: 0.0003290 seconds
180.431: [GC180.431: [DefNew: 4115K->4115K(4288K), 0.0000070 secs]180.431: [Tenured: 6452K->5224K(9600K), 0.0065660 secs] 10567K->5224K(13888K), [Perm : 5137K->5137K(21248K)], 0.0066090 secs] [Times: user=0.00 sys=0.00, real=0.01 secs] 
180.438: Total time for which application threads were stopped: 0.0397520 seconds, Stopping threads took: 0.0330700 seconds
180.438: Application time: 0.0006990 seconds
180.486: [GC180.486: [DefNew: 3823K->391K(4288K), 0.0008710 secs] 9047K->8447K(13888K), 0.0016390 secs] [Times: user=0.00 sys=0.00, real=0.00 secs] 
180.488: Total time for which application threads were stopped: 0.0496630 seconds, Stopping threads took: 0.0479520 seconds
180.560: Application time: 0.0722430 seconds
180.561: [GC180.561: [DefNew: 4216K->4216K(4288K), 0.0000100 secs]180.561: [Tenured: 8056K->2098K(9600K), 0.0055860 secs] 12272K->2098K(13888K), [Perm : 5137K->5137K(21248K)], 0.0056420 secs] [Times: user=0.00 sys=0.00, real=0.01 secs] 
180.567: Total time for which application threads were stopped: 0.0065860 seconds, Stopping threads took: 0.0008650 seconds
180.567: Application time: 0.0007130 seconds
180.568: [GC180.568: [DefNew: 3779K->396K(4288K), 0.0008740 secs] 5878K->5815K(13888K), 0.0008900 secs] [Times: user=0.00 sys=0.00, real=0.00 secs] 
180.569: Total time for which application threads were stopped: 0.0011200 seconds, Stopping threads took: 0.0001910 seconds
180.570: Application time: 0.0010440 seconds
180.640: [GC180.640: [DefNew: 4145K->415K(4288K), 0.0004280 secs] 9565K->6425K(13888K), 0.0004530 secs] [Times: user=0.00 sys=0.00, real=0.00 secs] 
180.640: Total time for which application threads were stopped: 0.0704610 seconds, Stopping threads took: 0.0699410 seconds
180.640: Application time: 0.0003740 seconds
180.674: [GC180.674: [DefNew: 4143K->4143K(4288K), 0.0000070 secs]180.674: [Tenured: 6010K->4666K(9600K), 0.0063410 secs] 10153K->4666K(13888K), [Perm : 5137K->5137K(21248K)], 0.0063810 secs] [Times: user=0.01 sys=0.00, real=0.00 secs] 
180.680: Total time for which application threads were stopped: 0.0395630 seconds, Stopping threads took: 0.0331100 seconds
180.681: Application time: 0.0006900 seconds
180.743: [GC180.743: [DefNew: 3803K->419K(4288K), 0.0007980 secs] 8470K->7527K(13888K), 0.0008220 secs] [Times: user=0.00 sys=0.00, real=0.00 secs] 
180.744: Total time for which application threads were stopped: 0.0633240 seconds, Stopping threads took: 0.0624310 seconds
180.745: Application time: 0.0005230 seconds
180.799: [GC180.799: [DefNew: 4245K->4245K(4288K), 0.0000070 secs]180.799: [Tenured: 7108K->4694K(9600K), 0.0064750 secs] 11353K->4694K(13888K), [Perm : 5137K->5137K(21248K)], 0.0065200 secs] [Times: user=0.00 sys=0.00, real=0.01 secs] 
180.806: Total time for which application threads were stopped: 0.0612540 seconds, Stopping threads took: 0.0546500 seconds
180.806: Application time: 0.0005080 seconds
180.864: [GC180.864: [DefNew: 3727K->392K(4288K), 0.0009540 secs] 8422K->7430K(13888K), 0.0009930 secs] [Times: user=0.00 sys=0.00, real=0.01 secs] 
180.865: Total time for which application threads were stopped: 0.0588570 seconds, Stopping threads took: 0.0577870 seconds
180.866: Application time: 0.0006240 seconds
180.866: [GC180.866: [DefNew: 4211K->4211K(4288K), 0.0000070 secs]180.866: [Tenured: 7038K->7860K(9600K), 0.0065570 secs] 11249K->7860K(13888K), [Perm : 5137K->5137K(21248K)], 0.0066010 secs] [Times: user=0.00 sys=0.00, real=0.01 secs] 
180.873: Total time for which application threads were stopped: 0.0072020 seconds, Stopping threads took: 0.0005220 seconds
180.944: Application time: 0.0711740 seconds
180.980: [GC180.980: [DefNew: 3532K->3532K(4288K), 0.0000090 secs]180.980: [Tenured: 7860K->1708K(9600K), 0.0051310 secs] 11392K->1708K(13888K), [Perm : 5137K->5137K(21248K)], 0.0051850 secs] [Times: user=0.00 sys=0.00, real=0.01 secs] 
180.985: Total time for which application threads were stopped: 0.0408710 seconds, Stopping threads took: 0.0356050 seconds
180.986: Application time: 0.0004850 seconds
180.986: [GC180.986: [DefNew: 3725K->392K(4288K), 0.0007720 secs] 5434K->5421K(13888K), 0.0007930 secs] [Times: user=0.00 sys=0.00, real=0.00 secs] 
180.987: Total time for which application threads were stopped: 0.0012020 seconds, Stopping threads took: 0.0003450 seconds
180.988: Application time: 0.0007280 seconds
181.033: [GC181.033: [DefNew: 4215K->391K(4288K), 0.0009000 secs] 9244K->8155K(13888K), 0.0009260 secs] [Times: user=0.01 sys=0.00, real=0.00 secs] 
181.034: Total time for which application threads were stopped: 0.0459900 seconds, Stopping threads took: 0.0450170 seconds
181.035: Application time: 0.0013010 seconds
181.105: [GC181.105: [DefNew: 4099K->4099K(4288K), 0.0000090 secs]181.105: [Tenured: 7764K->2127K(9600K), 0.0045140 secs] 11863K->2127K(13888K), [Perm : 5137K->5137K(21248K)], 0.0045680 secs] [Times: user=0.00 sys=0.00, real=0.00 secs] 
181.110: Total time for which application threads were stopped: 0.0749000 seconds, Stopping threads took: 0.0702640 seconds
181.110: Application time: 0.0005380 seconds
181.157: [GC181.157: [DefNew: 3825K->392K(4288K), 0.0008370 secs] 5952K->5644K(13888K), 0.0008560 secs] [Times: user=0.00 sys=0.00, real=0.00 secs] 
181.158: Total time for which application threads were stopped: 0.0474470 seconds, Stopping threads took: 0.0465490 seconds
181.158: Application time: 0.0007100 seconds
181.192: [GC181.192: [DefNew: 4213K->293K(4288K), 0.0007290 secs] 9465K->8085K(13888K), 0.0007490 secs] [Times: user=0.01 sys=0.00, real=0.01 secs] 
181.193: Total time for which application threads were stopped: 0.0343000 seconds, Stopping threads took: 0.0334880 seconds
181.265: Application time: 0.0726720 seconds
181.267: [GC181.267: [DefNew: 4118K->4118K(4288K), 0.0000100 secs]181.267: [Tenured: 7792K->1737K(9600K), 0.0058510 secs] 11911K->1737K(13888K), [Perm : 5137K->5137K(21248K)], 0.0059140 secs] [Times: user=0.01 sys=0.00, real=0.01 secs] 
181.273: Total time for which application threads were stopped: 0.0072730 seconds, Stopping threads took: 0.0012810 seconds
181.273: Application time: 0.0006150 seconds
181.274: [GC181.274: [DefNew: 3775K->440K(4288K), 0.0008760 secs] 5513K->5498K(13584K), 0.0008960 secs] [Times: user=0.00 sys=0.00, real=0.00 secs] 
181.274: Total time for which application threads were stopped: 0.0011780 seconds, Stopping threads took: 0.0002360 seconds
181.275: Application time: 0.0006720 seconds
181.346: [GC181.346: [DefNew: 4096K->419K(4288K), 0.0007220 secs] 9154K->7236K(13584K), 0.0007480 secs] [Times: user=0.00 sys=0.00, real=0.00 secs] 
181.346: Total time for which application threads were stopped: 0.0712070 seconds, Stopping threads took: 0.0703800 seconds
181.347: Application time: 0.0003730 seconds
181.397: [GC181.397: [DefNew: 4049K->4049K(4288K), 0.0000060 secs]181.397: [Tenured: 6816K->4052K(9296K), 0.0061950 secs] 10866K->4052K(13584K), [Perm : 5137K->5137K(21248K)], 0.0062420 secs] [Times: user=0.01 sys=0.00, real=0.00 secs] 
181.403: Total time for which application threads were stopped: 0.0562820 seconds, Stopping threads took: 0.0499620 seconds
181.403: Application time: 0.0004570 seconds
181.450: [GC181.450: [DefNew: 3721K->391K(4288K), 0.0008400 secs] 7774K->7471K(13584K), 0.0008680 secs] [Times: user=0.00 sys=0.00, real=0.00 secs] 
181.450: Total time for which application threads were stopped: 0.0470430 seconds, Stopping threads took: 0.0461110 seconds
181.522: Application time: 0.0714200 seconds
181.524: [GC181.524: [DefNew: 4021K->4021K(4288K), 0.0000090 secs]181.524: [Tenured: 7080K->2099K(9296K), 0.0058770 secs] 11101K->2099K(13584K), [Perm : 5137K->5137K(21248K)], 0.0059290 secs] [Times: user=0.01 sys=0.00, real=0.01 secs] 
181.530: Total time for which application threads were stopped: 0.0080690 seconds, Stopping threads took: 0.0020600 seconds
181.531: Application time: 0.0006660 seconds
181.531: [GC181.531: [DefNew: 3725K->392K(4288K), 0.0008400 secs] 5825K->5812K(13584K), 0.0008580 secs] [Times: user=0.00 sys=0.00, real=0.00 secs] 
181.532: Total time for which application threads were stopped: 0.0011650 seconds, Stopping threads took: 0.0002530 seconds
181.533: Application time: 0.0011260 seconds
181.603: [GC181.603: [DefNew: 4213K->4213K(4288K), 0.0000060 secs]181.603: [Tenured: 5420K->5323K(9296K), 0.0059260 secs] 9633K->5323K(13584K), [Perm : 5137K->5137K(21248K)], 0.0059690 secs] [Times: user=0.01 sys=0.00, real=0.01 secs] 
181.609: Total time for which application threads were stopped: 0.0756830 seconds, Stopping threads took: 0.0696400 seconds
181.610: Application time: 0.0009730 seconds
181.674: [GC181.674: [DefNew: 3825K->391K(4288K), 0.0009520 secs] 9148K->8449K(13584K), 0.0009820 secs] [Times: user=0.00 sys=0.00, real=0.00 secs] 
181.675: Total time for which application threads were stopped: 0.0652770 seconds, Stopping threads took: 0.0642390 seconds
181.675: Application time: 0.0003850 seconds
181.745: [GC181.745: [DefNew: 3923K->3923K(4288K), 0.0000070 secs]181.745: [Tenured: 8057K->4053K(9296K), 0.0059010 secs] 11981K->4053K(13584K), [Perm : 5137K->5137K(21248K)], 0.0059430 secs] [Times: user=0.00 sys=0.00, real=0.00 secs] 
181.751: Total time for which application threads were stopped: 0.0760860 seconds, Stopping threads took: 0.0700910 seconds
181.752: Application time: 0.0005520 seconds
181.752: [GC181.752: [DefNew: 3803K->420K(4288K), 0.0008600 secs] 7857K->7793K(13584K), 0.0008820 secs] [Times: user=0.00 sys=0.00, real=0.01 secs] 
181.753: Total time for which application threads were stopped: 0.0012330 seconds, Stopping threads took: 0.0002820 seconds
181.826: Application time: 0.0723440 seconds
181.828: [GC181.828: [DefNew: 4108K->4108K(4288K), 0.0000090 secs]181.828: [Tenured: 7373K->2294K(9296K), 0.0053250 secs] 11482K->2294K(13584K), [Perm : 5137K->5137K(21248K)], 0.0053780 secs] [Times: user=0.00 sys=0.00, real=0.01 secs] 
181.834: Total time for which application threads were stopped: 0.0082000 seconds, Stopping threads took: 0.0027580 seconds
181.834: Application time: 0.0005850 seconds
181.835: [GC181.835: [DefNew: 3823K->294K(4288K), 0.0008400 secs] 6118K->6104K(13584K), 0.0008580 secs] [Times: user=0.00 sys=0.00, real=0.00 secs] 
181.835: Total time for which application threads were stopped: 0.0011480 seconds, Stopping threads took: 0.0002280 seconds
181.907: Application time: 0.0719990 seconds
181.911: [GC181.911: [DefNew: 4119K->4119K(4288K), 0.0000100 secs]181.911: [Tenured: 5810K->1514K(9296K), 0.0058440 secs] 9929K->1514K(13584K), [Perm : 5137K->5137K(21248K)], 0.0058960 secs] [Times: user=0.00 sys=0.00, real=0.01 secs] 
181.917: Total time for which application threads were stopped: 0.0090590 seconds, Stopping threads took: 0.0030760 seconds
181.917: Application time: 0.0005850 seconds
181.917: [GC181.917: [DefNew: 3775K->440K(4288K), 0.0009250 secs] 5290K->5275K(13584K), 0.0009460 secs] [Times: user=0.00 sys=0.00, real=0.00 secs] 
181.918: Total time for which application threads were stopped: 0.0012370 seconds, Stopping threads took: 0.0002440 seconds
181.919: Application time: 0.0005860 seconds
181.953: [GC181.953: [DefNew: 4190K->419K(4288K), 0.0008450 secs] 9025K->7989K(13584K), 0.0008750 secs] [Times: user=0.00 sys=0.00, real=0.00 secs] 
181.954: Total time for which application threads were stopped: 0.0350580 seconds, Stopping threads took: 0.0341170 seconds
182.026: Application time: 0.0722320 seconds
182.028: [GC182.028: [DefNew: 4147K->4147K(4288K), 0.0000100 secs]182.028: [Tenured: 7570K->1933K(9296K), 0.0052310 secs] 11717K->1933K(13584K), [Perm : 5137K->5137K(21248K)], 0.0052810 secs] [Times: user=0.00 sys=0.00, real=0.01 secs] 
182.033: Total time for which application threads were stopped: 0.0068200 seconds, Stopping threads took: 0.0014600 seconds
182.034: Application time: 0.0005860 seconds
182.034: [GC182.034: [DefNew: 3725K->392K(4288K), 0.0008650 secs] 5659K->5646K(13584K), 0.0008880 secs] [Times: user=0.00 sys=0.00, real=0.00 secs] 
182.035: Total time for which application threads were stopped: 0.0011970 seconds, Stopping threads took: 0.0002600 seconds
182.036: Application time: 0.0016550 seconds
182.101: [GC182.101: [DefNew: 4217K->391K(4288K), 0.0006690 secs] 9471K->7501K(13584K), 0.0006930 secs] [Times: user=0.00 sys=0.00, real=0.00 secs] 
182.102: Total time for which application threads were stopped: 0.0651880 seconds, Stopping threads took: 0.0644270 seconds
182.102: Application time: 0.0007480 seconds
182.156: [GC182.156: [DefNew: 4216K->4216K(4288K), 0.0000070 secs]182.156: [Tenured: 7110K->4667K(9296K), 0.0061890 secs] 11326K->4667K(13584K), [Perm : 5137K->5137K(21248K)], 0.0062360 secs] [Times: user=0.00 sys=0.00, real=0.00 secs] 
182.163: Total time for which application threads were stopped: 0.0602370 seconds, Stopping threads took: 0.0539250 seconds
182.163: Application time: 0.0004760 seconds
182.231: [GC182.231: [DefNew: 3532K->391K(4288K), 0.0006900 secs] 8200K->7012K(13584K), 0.0007150 secs] [Times: user=0.00 sys=0.00, real=0.00 secs] 
182.232: Total time for which application threads were stopped: 0.0686940 seconds, Stopping threads took: 0.0679180 seconds
182.232: Application time: 0.0003180 seconds
182.267: [GC182.267: [DefNew: 4217K->4217K(4288K), 0.0000070 secs]182.267: [Tenured: 6620K->5322K(9296K), 0.0059460 secs] 10838K->5322K(13584K), [Perm : 5137K->5137K(21248K)], 0.0059910 secs] [Times: user=0.00 sys=0.00, real=0.01 secs] 
182.273: Total time for which application threads were stopped: 0.0405370 seconds, Stopping threads took: 0.0344680 seconds
182.273: Application time: 0.0007430 seconds
182.309: [GC182.309: [DefNew: 3801K->419K(4288K), 0.0009570 secs] 9124K->8964K(13584K), 0.0009780 secs] [Times: user=0.00 sys=0.00, real=0.00 secs] 
182.310: Total time for which application threads were stopped: 0.0362400 seconds, Stopping threads took: 0.0351930 seconds
182.381: Application time: 0.0712110 seconds
182.384: [GC182.384: [DefNew: 4244K->4244K(4288K), 0.0000090 secs]182.384: [Tenured: 8545K->2127K(9296K), 0.0052460 secs] 12790K->2127K(13584K), [Perm : 5137K->5137K(21248K)], 0.0052990 secs] [Times: user=0.01 sys=0.00, real=0.01 secs] 
182.389: Total time for which application threads were stopped: 0.0080440 seconds, Stopping threads took: 0.0026640 seconds
182.390: Application time: 0.0005960 seconds
182.423: [GC182.423: [DefNew: 3678K->440K(4288K), 0.0008300 secs] 5806K->5498K(13584K), 0.0008500 secs] [Times: user=0.00 sys=0.00, real=0.00 secs] 
182.423: Total time for which application threads were stopped: 0.0338840 seconds, Stopping threads took: 0.0329660 seconds
182.424: Application time: 0.0003790 seconds
182.469: [GC182.469: [DefNew: 3899K->321K(4288K), 0.0007500 secs] 8956K->7919K(13584K), 0.0007700 secs] [Times: user=0.00 sys=0.00, real=0.00 secs] 
182.470: Total time for which application threads were stopped: 0.0458870 seconds, Stopping threads took: 0.0450760 seconds
182.471: Application time: 0.0009110 seconds
182.541: [GC182.541: [DefNew: 4147K->4147K(4288K), 0.0000080 secs]182.541: [Tenured: 7597K->3328K(9296K), 0.0058440 secs] 11744K->3328K(13584K), [Perm : 5137K->5137K(21248K)], 0.0058940 secs] [Times: user=0.00 sys=0.00, real=0.01 secs] 
182.547: Total time for which application threads were stopped: 0.0761100 seconds, Stopping threads took: 0.0701380 seconds
182.547: Application time: 0.0005810 seconds
182.597: [GC182.597: [DefNew: 3727K->392K(4288K), 0.0009210 secs] 7056K->6845K(13584K), 0.0009530 secs] [Times: user=0.00 sys=0.00, real=0.00 secs] 
182.598: Total time for which application threads were stopped: 0.0502840 seconds, Stopping threads took: 0.0492610 seconds
182.599: Application time: 0.0012820 seconds
182.668: [GC182.668: [DefNew: 4211K->4211K(4288K), 0.0000070 secs]182.668: [Tenured: 6453K->5476K(9296K), 0.0065230 secs] 10664K->5476K(13584K), [Perm : 5137K->5137K(21248K)], 0.0065650 secs] [Times: user=0.01 sys=0.00, real=0.01 secs] 
182.675: Total time for which application threads were stopped: 0.0762070 seconds, Stopping threads took: 0.0695680 seconds
182.676: Application time: 0.0010400 seconds
182.747: [GC182.747: [DefNew: 3825K->391K(4288K), 0.0008290 secs] 9301K->8016K(13584K), 0.0008590 secs] [Times: user=0.00 sys=0.00, real=0.00 secs] 
182.748: Total time for which application threads were stopped: 0.0715110 seconds, Stopping threads took: 0.0705770 seconds
182.748: Application time: 0.0004140 seconds
182.801: [GC182.801: [DefNew: 4216K->4216K(4288K), 0.0000060 secs]182.801: [Tenured: 7625K->4443K(9296K), 0.0061530 secs] 11842K->4443K(13584K), [Perm : 5137K->5137K(21248K)], 0.0061950 secs] [Times: user=0.00 sys=0.00, real=0.01 secs] 
182.807: Total time for which application threads were stopped: 0.0589170 seconds, Stopping threads took: 0.0526700 seconds
182.808: Application time: 0.0006130 seconds
182.841: [GC182.841: [DefNew: 3721K->391K(4288K), 0.0009810 secs] 8165K->7862K(13584K), 0.0010080 secs] [Times: user=0.00 sys=0.00, real=0.00 secs] 
182.842: Total time for which application threads were stopped: 0.0341740 seconds, Stopping threads took: 0.0330900 seconds
182.913: Application time: 0.0716750 seconds
182.916: [GC182.916: [DefNew: 4216K->4216K(4288K), 0.0000090 secs]182.916: [Tenured: 7471K->2295K(9296K), 0.0045530 secs] 11687K->2295K(13584K), [Perm : 5137K->5137K(21248K)], 0.0046060 secs] [Times: user=0.01 sys=0.00, real=0.00 secs] 
182.921: Total time for which application threads were stopped: 0.0074420 seconds, Stopping threads took: 0.0027530 seconds
182.921: Application time: 0.0005770 seconds
182.957: [GC182.957: [DefNew: 3678K->392K(4288K), 0.0008130 secs] 5973K->5617K(13584K), 0.0008320 secs] [Times: user=0.00 sys=0.00, real=0.00 secs] 
182.958: Total time for which application threads were stopped: 0.0365600 seconds, Stopping threads took: 0.0356600 seconds
182.958: Application time: 0.0004630 seconds
182.992: [GC182.992: [DefNew: 4043K->419K(4288K), 0.0008060 secs] 9269K->8282K(13584K), 0.0008310 secs] [Times: user=0.00 sys=0.00, real=0.01 secs] 
182.992: Total time for which application threads were stopped: 0.0339660 seconds, Stopping threads took: 0.0330900 seconds
183.065: Application time: 0.0720820 seconds
183.066: [GC183.066: [DefNew: 4244K->4244K(4288K), 0.0000090 secs]183.066: [Tenured: 7862K->1542K(9296K), 0.0058220 secs] 12107K->1542K(13584K), [Perm : 5137K->5137K(21248K)], 0.0058710 secs] [Times: user=0.01 sys=0.00, real=0.00 secs] 
183.072: Total time for which application threads were stopped: 0.0071600 seconds, Stopping threads took: 0.0012100 seconds
183.072: Application time: 0.0006220 seconds
183.073: [GC183.073: [DefNew: 3825K->392K(4288K), 0.0009010 secs] 5367K->5352K(13584K), 0.0009240 secs] [Times: user=0.00 sys=0.00, real=0.00 secs] 
183.074: Total time for which application threads were stopped: 0.0012410 seconds, Stopping threads took: 0.0002500 seconds
183.075: Application time: 0.0012580 seconds
183.108: [GC183.108: [DefNew: 4213K->390K(4288K), 0.0007700 secs] 9173K->7793K(13584K), 0.0007940 secs] [Times: user=0.00 sys=0.00, real=0.00 secs] 
183.109: Total time for which application threads were stopped: 0.0341750 seconds, Stopping threads took: 0.0333120 seconds
183.110: Application time: 0.0007970 seconds
183.180: [GC183.180: [DefNew: 4216K->4216K(4288K), 0.0000080 secs]183.180: [Tenured: 7402K->4570K(9296K), 0.0063410 secs] 11618K->4570K(13584K), [Perm : 5137K->5137K(21248K)], 0.0063930 secs] [Times: user=0.01 sys=0.00, real=0.01 secs] 
183.186: Total time for which application threads were stopped: 0.0765280 seconds, Stopping threads took: 0.0700450 seconds
183.187: Application time: 0.0005290 seconds
183.257: [GC183.257: [DefNew: 3727K->391K(4288K), 0.0009760 secs] 8298K->8087K(13584K), 0.0010000 secs] [Times: user=0.00 sys=0.00, real=0.00 secs] 
183.258: Total time for which application threads were stopped: 0.0710220 seconds, Stopping threads took: 0.0699740 seconds
183.259: Application time: 0.0006450 seconds
183.309: [GC183.309: [DefNew: 4215K->4215K(4288K), 0.0000080 secs]183.309: [Tenured: 7695K->5419K(9296K), 0.0065980 secs] 11910K->5419K(13584K), [Perm : 5137K->5137K(21248K)], 0.0066450 secs] [Times: user=0.00 sys=0.00, real=0.01 secs] 
183.315: Total time for which application threads were stopped: 0.0568060 seconds, Stopping threads took: 0.0500820 seconds
183.316: Application time: 0.0008530 seconds
183.385: [GC183.385: [DefNew: 3825K->391K(4288K), 0.0008500 secs] 9245K->7959K(13584K), 0.0008790 secs] [Times: user=0.00 sys=0.00, real=0.00 secs] 
183.386: Total time for which application threads were stopped: 0.0700240 seconds, Stopping threads took: 0.0690700 seconds
183.387: Application time: 0.0004370 seconds
183.420: [GC183.420: [DefNew: 4216K->4216K(4288K), 0.0000060 secs]183.420: [Tenured: 7568K->4443K(9296K), 0.0064270 secs] 11785K->4443K(13584K), [Perm : 5137K->5137K(21248K)], 0.0064680 secs] [Times: user=0.00 sys=0.00, real=0.01 secs] 
183.427: Total time for which application threads were stopped: 0.0402180 seconds, Stopping threads took: 0.0336750 seconds
183.427: Application time: 0.0005660 seconds
183.461: [GC183.461: [DefNew: 3803K->419K(4288K), 0.0008400 secs] 8247K->7598K(13584K), 0.0008650 secs] [Times: user=0.00 sys=0.00, real=0.00 secs] 
183.462: Total time for which application threads were stopped: 0.0341840 seconds, Stopping threads took: 0.0332410 seconds
183.463: Application time: 0.0009940 seconds
183.533: [GC183.533: [DefNew: 4245K->4245K(4288K), 0.0000090 secs]183.533: [Tenured: 7178K->3397K(9296K), 0.0061710 secs] 11423K->3397K(13584K), [Perm : 5137K->5137K(21248K)], 0.0062240 secs] [Times: user=0.01 sys=0.00, real=0.00 secs] 
183.539: Total time for which application threads were stopped: 0.0761460 seconds, Stopping threads took: 0.0698430 seconds
183.539: Application time: 0.0007050 seconds
183.585: [GC183.585: [DefNew: 3786K->440K(4288K), 0.0009340 secs] 7184K->6971K(13584K), 0.0009550 secs] [Times: user=0.00 sys=0.00, real=0.00 secs] 
183.586: Total time for which application threads were stopped: 0.0464560 seconds, Stopping threads took: 0.0454350 seconds
183.586: Application time: 0.0003760 seconds
183.650: [GC183.650: [DefNew: 4168K->4168K(4288K), 0.0000070 secs]183.650: [Tenured: 6531K->4333K(9296K), 0.0062850 secs] 10699K->4333K(13584K), [Perm : 5137K->5137K(21248K)], 0.0063320 secs] [Times: user=0.00 sys=0.00, real=0.01 secs] 
183.657: Total time for which application threads were stopped: 0.0705260 seconds, Stopping threads took: 0.0641170 seconds
183.657: Application time: 0.0005750 seconds
183.720: [GC183.720: [DefNew: 3806K->420K(4288K), 0.0008720 secs] 8139K->7390K(13584K), 0.0008960 secs] [Times: user=0.01 sys=0.00, real=0.00 secs] 
183.721: Total time for which application threads were stopped: 0.0631600 seconds, Stopping threads took: 0.0622160 seconds
183.721: Application time: 0.0005540 seconds
183.768: [GC183.768: [DefNew: 4145K->4145K(4288K), 0.0000070 secs]183.768: [Tenured: 6970K->5224K(9296K), 0.0060680 secs] 11116K->5224K(13584K), [Perm : 5137K->5137K(21248K)], 0.0061170 secs] [Times: user=0.01 sys=0.00, real=0.01 secs] 
183.774: Total time for which application threads were stopped: 0.0532890 seconds, Stopping threads took: 0.0470930 seconds
183.775: Application time: 0.0008190 seconds
183.845: [GC183.845: [DefNew: 3825K->391K(4288K), 0.0008630 secs] 9049K->7569K(13584K), 0.0008960 secs] [Times: user=0.00 sys=0.00, real=0.00 secs] 
183.846: Total time for which application threads were stopped: 0.0707780 seconds, Stopping threads took: 0.0698030 seconds
183.846: Application time: 0.0004750 seconds
183.899: [GC183.899: [DefNew: 4021K->4021K(4288K), 0.0000070 secs]183.899: [Tenured: 7177K->4053K(9296K), 0.0055900 secs] 11199K->4053K(13584K), [Perm : 5137K->5137K(21248K)], 0.0056570 secs] [Times: user=0.00 sys=0.00, real=0.01 secs] 
183.904: Total time for which application threads were stopped: 0.0578440 seconds, Stopping threads took: 0.0521080 seconds
183.905: Application time: 0.0005630 seconds
183.905: [GC183.905: [DefNew: 3801K->419K(4288K), 0.0008860 secs] 7855K->7793K(13584K), 0.0009040 secs] [Times: user=0.00 sys=0.00, real=0.00 secs] 
183.906: Total time for which application threads were stopped: 0.0013490 seconds, Stopping threads took: 0.0003830 seconds
183.978: Application time: 0.0713010 seconds
183.980: [GC183.980: [DefNew: 3951K->3951K(4288K), 0.0000090 secs]183.980: [Tenured: 7374K->2714K(9296K), 0.0052920 secs] 11325K->2714K(13584K), [Perm : 5137K->5137K(21248K)], 0.0053460 secs] [Times: user=0.00 sys=0.00, real=0.01 secs] 
183.985: Total time for which application threads were stopped: 0.0076250 seconds, Stopping threads took: 0.0021880 seconds
183.986: Application time: 0.0005260 seconds
184.019: [GC184.019: [DefNew: 3823K->391K(4288K), 0.0008580 secs] 6538K->6231K(13584K), 0.0008800 secs] [Times: user=0.00 sys=0.00, real=0.00 secs] 
184.020: Total time for which application threads were stopped: 0.0340210 seconds, Stopping threads took: 0.0330960 seconds
184.021: Application time: 0.0009400 seconds
184.091: [GC184.091: [DefNew: 4216K->4216K(4288K), 0.0000070 secs]184.091: [Tenured: 5840K->1934K(9296K), 0.0044570 secs] 10057K->1934K(13584K), [Perm : 5137K->5137K(21248K)], 0.0045060 secs] [Times: user=0.01 sys=0.00, real=0.01 secs] 
184.096: Total time for which application threads were stopped: 0.0750610 seconds, Stopping threads took: 0.0704860 seconds
184.096: Application time: 0.0006800 seconds
184.097: [GC184.097: [DefNew: 3725K->392K(4288K), 0.0008920 secs] 5660K->5647K(13584K), 0.0009090 secs] [Times: user=0.00 sys=0.00, real=0.00 secs] 
184.098: Total time for which application threads were stopped: 0.0012910 seconds, Stopping threads took: 0.0003220 seconds
184.098: Application time: 0.0006280 seconds
184.145: [GC184.145: [DefNew: 4217K->390K(4288K), 0.0010170 secs] 9472K->8869K(13584K), 0.0010420 secs] [Times: user=0.00 sys=0.00, real=0.00 secs] 
184.146: Total time for which application threads were stopped: 0.0475640 seconds, Stopping threads took: 0.0464770 seconds
184.218: Application time: 0.0720950 seconds
184.219: [GC184.219: [DefNew: 4216K->4216K(4288K), 0.0000090 secs]184.219: [Tenured: 8478K->2295K(9296K), 0.0060170 secs] 12694K->2295K(13584K), [Perm : 5137K->5137K(21248K)], 0.0060710 secs] [Times: user=0.01 sys=0.00, real=0.01 secs] 
184.225: Total time for which application threads were stopped: 0.0074330 seconds, Stopping threads took: 0.0012820 seconds
184.226: Application time: 0.0005620 seconds
184.273: [GC184.273: [DefNew: 3825K->392K(4288K), 0.0009410 secs] 6120K->6008K(13584K), 0.0009610 secs] [Times: user=0.00 sys=0.00, real=0.00 secs] 
184.274: Total time for which application threads were stopped: 0.0477910 seconds, Stopping threads took: 0.0467670 seconds
184.275: Application time: 0.0009010 seconds
184.336: [GC184.336: [DefNew: 4115K->4115K(4288K), 0.0000070 secs]184.336: [Tenured: 5615K->4443K(9296K), 0.0056370 secs] 9731K->4443K(13584K), [Perm : 5137K->5137K(21248K)], 0.0056840 secs] [Times: user=0.01 sys=0.00, real=0.00 secs] 
184.342: Total time for which application threads were stopped: 0.0672370 seconds, Stopping threads took: 0.0614980 seconds
184.342: Application time: 0.0005370 seconds
184.412: [GC184.412: [DefNew: 3532K->391K(4288K), 0.0007120 secs] 7975K->6788K(13584K), 0.0007360 secs] [Times: user=0.00 sys=0.00, real=0.00 secs] 
184.413: Total time for which application threads were stopped: 0.0707760 seconds, Stopping threads took: 0.0699710 seconds
184.414: Application time: 0.0003640 seconds
184.451: [GC184.451: [DefNew: 4115K->4115K(4288K), 0.0000050 secs]184.451: [Tenured: 6396K->6299K(9296K), 0.0066810 secs] 10512K->6299K(13584K), [Perm : 5137K->5137K(21248K)], 0.0067420 secs] [Times: user=0.01 sys=0.00, real=0.01 secs] 
184.458: Total time for which application threads were stopped: 0.0440680 seconds, Stopping threads took: 0.0372540 seconds
184.530: Application time: 0.0725980 seconds
184.532: [GC184.532: [DefNew: 3708K->3708K(4288K), 0.0000090 secs]184.532: [Tenured: 6299K->1347K(9600K), 0.0056160 secs] 10007K->1347K(13888K), [Perm : 5137K->5137K(21248K)], 0.0056660 secs] [Times: user=0.01 sys=0.00, real=0.01 secs] 
184.537: Total time for which application threads were stopped: 0.0071850 seconds, Stopping threads took: 0.0014310 seconds
184.538: Application time: 0.0006150 seconds
184.538: [GC184.538: [DefNew: 3773K->440K(4288K), 0.0008860 secs] 5121K->5108K(13888K), 0.0009060 secs] [Times: user=0.00 sys=0.00, real=0.00 secs] 
184.539: Total time for which application threads were stopped: 0.0012330 seconds, Stopping threads took: 0.0002580 seconds
184.540: Application time: 0.0004580 seconds
184.574: [GC184.574: [DefNew: 4192K->419K(4288K), 0.0007690 secs] 8859K->7529K(13888K), 0.0007920 secs] [Times: user=0.00 sys=0.00, real=0.00 secs] 
184.574: Total time for which application threads were stopped: 0.0345980 seconds, Stopping threads took: 0.0337390 seconds
184.575: Application time: 0.0007360 seconds
184.645: [GC184.645: [DefNew: 4244K->4244K(4288K), 0.0000080 secs]184.645: [Tenured: 7110K->3955K(9600K), 0.0063740 secs] 11354K->3955K(13888K), [Perm : 5137K->5137K(21248K)], 0.0064230 secs] [Times: user=0.01 sys=0.00, real=0.00 secs] 
184.651: Total time for which application threads were stopped: 0.0762090 seconds, Stopping threads took: 0.0697080 seconds
184.652: Application time: 0.0005610 seconds
184.686: [GC184.686: [DefNew: 3727K->392K(4288K), 0.0008680 secs] 7683K->7082K(13888K), 0.0008920 secs] [Times: user=0.01 sys=0.00, real=0.00 secs] 
184.686: Total time for which application threads were stopped: 0.0345280 seconds, Stopping threads took: 0.0335640 seconds
184.687: Application time: 0.0006310 seconds
184.720: [GC184.720: [DefNew: 4191K->4191K(4288K), 0.0000070 secs]184.720: [Tenured: 6689K->7108K(9600K), 0.0062990 secs] 10881K->7108K(13888K), [Perm : 5137K->5137K(21248K)], 0.0063460 secs] [Times: user=0.00 sys=0.00, real=0.01 secs] 
184.726: Total time for which application threads were stopped: 0.0390060 seconds, Stopping threads took: 0.0325810 seconds
184.798: Application time: 0.0722360 seconds
184.800: [GC184.800: [DefNew: 3825K->3825K(4288K), 0.0000090 secs]184.800: [Tenured: 7108K->2323K(9600K), 0.0052060 secs] 10933K->2323K(13888K), [Perm : 5137K->5137K(21248K)], 0.0052600 secs] [Times: user=0.00 sys=0.00, real=0.01 secs] 
184.806: Total time for which application threads were stopped: 0.0074440 seconds, Stopping threads took: 0.0021020 seconds
184.806: Application time: 0.0004880 seconds
184.839: [GC184.839: [DefNew: 3825K->392K(4288K), 0.0009090 secs] 6149K->6036K(13888K), 0.0009380 secs] [Times: user=0.00 sys=0.00, real=0.00 secs] 
184.840: Total time for which application threads were stopped: 0.0342070 seconds, Stopping threads took: 0.0331970 seconds
184.845: Application time: 0.0041430 seconds
184.912: [GC184.912: [DefNew: 4217K->4217K(4288K), 0.0000100 secs]184.912: [Tenured: 5644K->1347K(9600K), 0.0049910 secs] 9861K->1347K(13888K), [Perm : 5137K->5137K(21248K)], 0.0050460 secs] [Times: user=0.01 sys=0.00, real=0.01 secs] 
184.917: Total time for which application threads were stopped: 0.0727300 seconds, Stopping threads took: 0.0676250 seconds
184.918: Application time: 0.0006370 seconds
184.918: [GC184.918: [DefNew: 3727K->392K(4288K), 0.0008420 secs] 5075K->5060K(13888K), 0.0008610 secs] [Times: user=0.00 sys=0.00, real=0.00 secs] 
184.919: Total time for which application threads were stopped: 0.0011140 seconds, Stopping threads took: 0.0002030 seconds
184.920: Application time: 0.0010030 seconds
184.983: [GC184.983: [DefNew: 4115K->391K(4288K), 0.0005590 secs] 8783K->6426K(13888K), 0.0005800 secs] [Times: user=0.00 sys=0.00, real=0.00 secs] 
184.983: Total time for which application threads were stopped: 0.0631020 seconds, Stopping threads took: 0.0624520 seconds
184.984: Application time: 0.0003530 seconds
185.049: [GC185.049: [DefNew: 3923K->3923K(4288K), 0.0000070 secs]185.049: [Tenured: 6035K->3662K(9600K), 0.0063240 secs] 9959K->3662K(13888K), [Perm : 5137K->5137K(21248K)], 0.0063660 secs] [Times: user=0.01 sys=0.00, real=0.01 secs] 
185.056: Total time for which application threads were stopped: 0.0719660 seconds, Stopping threads took: 0.0655160 seconds
185.056: Application time: 0.0004620 seconds
185.101: [GC185.101: [DefNew: 3723K->391K(4288K), 0.0008460 secs] 7386K->7082K(13888K), 0.0008700 secs] [Times: user=0.00 sys=0.00, real=0.00 secs] 
185.102: Total time for which application threads were stopped: 0.0463180 seconds, Stopping threads took: 0.0453780 seconds
185.174: Application time: 0.0721560 seconds
185.176: [GC185.176: [DefNew: 4216K->4216K(4288K), 0.0000090 secs]185.176: [Tenured: 6690K->1515K(9600K), 0.0058270 secs] 10907K->1515K(13888K), [Perm : 5137K->5137K(21248K)], 0.0058750 secs] [Times: user=0.01 sys=0.00, real=0.00 secs] 
185.182: Total time for which application threads were stopped: 0.0075460 seconds, Stopping threads took: 0.0015920 seconds
185.183: Application time: 0.0006140 seconds
185.183: [GC185.183: [DefNew: 3725K->392K(4288K), 0.0008800 secs] 5241K->5227K(13888K), 0.0009020 secs] [Times: user=0.00 sys=0.00, real=0.00 secs] 
185.184: Total time for which application threads were stopped: 0.0010650 seconds, Stopping threads took: 0.0000950 seconds
185.185: Application time: 0.0012580 seconds
185.254: [GC185.254: [DefNew: 4213K->391K(4288K), 0.0004900 secs] 9048K->6204K(13888K), 0.0005140 secs] [Times: user=0.00 sys=0.00, real=0.00 secs] 
185.254: Total time for which application threads were stopped: 0.0694040 seconds, Stopping threads took: 0.0688210 seconds
185.255: Application time: 0.0003320 seconds
185.318: [GC185.318: [DefNew: 4021K->4021K(4288K), 0.0000070 secs]185.318: [Tenured: 5812K->4053K(9600K), 0.0062310 secs] 9834K->4053K(13888K), [Perm : 5137K->5137K(21248K)], 0.0062720 secs] [Times: user=0.01 sys=0.00, real=0.01 secs] 
185.324: Total time for which application threads were stopped: 0.0698040 seconds, Stopping threads took: 0.0634590 seconds
185.325: Application time: 0.0005650 seconds
185.326: [GC185.326: [DefNew: 3801K->419K(4288K), 0.0008480 secs] 7855K->7793K(13888K), 0.0008710 secs] [Times: user=0.00 sys=0.00, real=0.00 secs] 
185.326: Total time for which application threads were stopped: 0.0013480 seconds, Stopping threads took: 0.0004090 seconds
185.398: Application time: 0.0719590 seconds
185.401: [GC185.401: [DefNew: 4147K->4147K(4288K), 0.0000090 secs]185.401: [Tenured: 7374K->2910K(9600K), 0.0052510 secs] 11521K->2910K(13888K), [Perm : 5137K->5137K(21248K)], 0.0053050 secs] [Times: user=0.00 sys=0.00, real=0.01 secs] 
185.406: Total time for which application threads were stopped: 0.0075860 seconds, Stopping threads took: 0.0021990 seconds
185.406: Application time: 0.0005150 seconds
185.449: [GC185.449: [DefNew: 3725K->391K(4288K), 0.0008060 secs] 6636K->6329K(13888K), 0.0008240 secs] [Times: user=0.00 sys=0.00, real=0.00 secs] 
185.450: Total time for which application threads were stopped: 0.0438100 seconds, Stopping threads took: 0.0429230 seconds
185.451: Application time: 0.0007110 seconds
185.521: [GC185.521: [DefNew: 4216K->4216K(4288K), 0.0000130 secs]185.521: [Tenured: 5938K->3955K(9600K), 0.0054810 secs] 10155K->3955K(13888K), [Perm : 5137K->5137K(21248K)], 0.0055440 secs] [Times: user=0.01 sys=0.00, real=0.01 secs] 
185.526: Total time for which application threads were stopped: 0.0754340 seconds, Stopping threads took: 0.0698330 seconds
185.527: Application time: 0.0006170 seconds
185.574: [GC185.574: [DefNew: 3688K->440K(4288K), 0.0008540 secs] 7644K->6943K(13888K), 0.0008800 secs] [Times: user=0.00 sys=0.00, real=0.00 secs] 
185.575: Total time for which application threads were stopped: 0.0481960 seconds, Stopping threads took: 0.0472380 seconds
185.576: Application time: 0.0003730 seconds
185.614: [GC185.614: [DefNew: 4263K->4263K(4288K), 0.0000060 secs]185.614: [Tenured: 6502K->4891K(9600K), 0.0058850 secs] 10766K->4891K(13888K), [Perm : 5137K->5137K(21248K)], 0.0059370 secs] [Times: user=0.01 sys=0.00, real=0.00 secs] 
185.620: Total time for which application threads were stopped: 0.0443370 seconds, Stopping threads took: 0.0383230 seconds
185.621: Application time: 0.0005700 seconds
185.654: [GC185.654: [DefNew: 3823K->391K(4288K), 0.0008570 secs] 8715K->8115K(13888K), 0.0008800 secs] [Times: user=0.00 sys=0.00, real=0.00 secs] 
185.655: Total time for which application threads were stopped: 0.0341670 seconds, Stopping threads took: 0.0332400 seconds
185.727: Application time: 0.0722370 seconds
185.728: [GC185.728: [DefNew: 4177K->4177K(4288K), 0.0000090 secs]185.728: [Tenured: 7723K->1823K(9600K), 0.0057210 secs] 11901K->1823K(13888K), [Perm : 5137K->5137K(21248K)], 0.0057720 secs] [Times: user=0.01 sys=0.00, real=0.01 secs] 
185.734: Total time for which application threads were stopped: 0.0070820 seconds, Stopping threads took: 0.0012320 seconds
185.735: Application time: 0.0006120 seconds
185.735: [GC185.735: [DefNew: 3727K->391K(4288K), 0.0008390 secs] 5551K->5536K(13888K), 0.0008550 secs] [Times: user=0.00 sys=0.00, real=0.00 secs] 
185.736: Total time for which application threads were stopped: 0.0011580 seconds, Stopping threads took: 0.0002420 seconds
185.737: Application time: 0.0012910 seconds
185.806: [GC185.806: [DefNew: 4212K->391K(4288K), 0.0006780 secs] 9357K->7391K(13888K), 0.0007010 secs] [Times: user=0.00 sys=0.00, real=0.00 secs] 
185.806: Total time for which application threads were stopped: 0.0693790 seconds, Stopping threads took: 0.0686320 seconds
185.807: Application time: 0.0004670 seconds
185.871: [GC185.871: [DefNew: 4021K->4021K(4288K), 0.0000090 secs]185.871: [Tenured: 7000K->4363K(9600K), 0.0055720 secs] 11021K->4363K(13888K), [Perm : 5137K->5137K(21248K)], 0.0056290 secs] [Times: user=0.01 sys=0.00, real=0.01 secs] 
185.876: Total time for which application threads were stopped: 0.0693390 seconds, Stopping threads took: 0.0636280 seconds
185.877: Application time: 0.0004310 seconds
185.916: [GC185.916: [DefNew: 3723K->293K(4288K), 0.0008500 secs] 8087K->7782K(13888K), 0.0008710 secs] [Times: user=0.00 sys=0.00, real=0.00 secs] 
185.917: Total time for which application threads were stopped: 0.0399240 seconds, Stopping threads took: 0.0390080 seconds
185.990: Application time: 0.0729700 seconds
185.991: [GC185.991: [DefNew: 4119K->4119K(4288K), 0.0000080 secs]185.991: [Tenured: 7488K->1905K(9600K), 0.0059340 secs] 11607K->1905K(13888K), [Perm : 5137K->5137K(21248K)], 0.0059850 secs] [Times: user=0.01 sys=0.00, real=0.01 secs] 
185.997: Total time for which application threads were stopped: 0.0071520 seconds, Stopping threads took: 0.0010890 seconds
185.997: Application time: 0.0006560 seconds
185.998: [GC185.998: [DefNew: 3723K->391K(4288K), 0.0008620 secs] 5629K->5617K(13888K), 0.0008790 secs] [Times: user=0.00 sys=0.00, real=0.00 secs] 
185.999: Total time for which application threads were stopped: 0.0013610 seconds, Stopping threads took: 0.0004210 seconds
186.000: Application time: 0.0011870 seconds
186.070: [GC186.070: [DefNew: 4116K->293K(4288K), 0.0005510 secs] 9342K->6887K(13888K), 0.0005760 secs] [Times: user=0.00 sys=0.00, real=0.00 secs] 
186.070: Total time for which application threads were stopped: 0.0701460 seconds, Stopping threads took: 0.0695050 seconds
186.071: Application time: 0.0004110 seconds
186.104: [GC186.104: [DefNew: 4021K->4021K(4288K), 0.0000070 secs]186.104: [Tenured: 6593K->4444K(9600K), 0.0056760 secs] 10615K->4444K(13888K), [Perm : 5137K->5137K(21248K)], 0.0057230 secs] [Times: user=0.00 sys=0.00, real=0.00 secs] 
186.110: Total time for which application threads were stopped: 0.0395630 seconds, Stopping threads took: 0.0337760 seconds
186.111: Application time: 0.0004430 seconds
186.144: [GC186.144: [DefNew: 3823K->391K(4288K), 0.0008470 secs] 8267K->7668K(13888K), 0.0008690 secs] [Times: user=0.00 sys=0.00, real=0.01 secs] 
186.145: Total time for which application threads were stopped: 0.0343250 seconds, Stopping threads took: 0.0333820 seconds
186.217: Application time: 0.0720990 seconds
186.219: [GC186.219: [DefNew: 4216K->4216K(4288K), 0.0000090 secs]186.219: [Tenured: 7276K->1319K(9600K), 0.0057600 secs] 11493K->1319K(13888K), [Perm : 5137K->5137K(21248K)], 0.0058090 secs] [Times: user=0.01 sys=0.00, real=0.01 secs] 
186.225: Total time for which application threads were stopped: 0.0076230 seconds, Stopping threads took: 0.0017360 seconds
186.225: Application time: 0.0005980 seconds
186.226: [GC186.226: [DefNew: 3727K->392K(4288K), 0.0008840 secs] 5047K->5032K(13888K), 0.0009060 secs] [Times: user=0.00 sys=0.00, real=0.00 secs] 
186.226: Total time for which application threads were stopped: 0.0012430 seconds, Stopping threads took: 0.0002690 seconds
186.227: Application time: 0.0009070 seconds
186.261: [GC186.261: [DefNew: 4115K->293K(4288K), 0.0008560 secs] 8755K->7864K(13888K), 0.0008820 secs] [Times: user=0.00 sys=0.00, real=0.00 secs] 
186.262: Total time for which application threads were stopped: 0.0345800 seconds, Stopping threads took: 0.0336400 seconds
186.263: Application time: 0.0007850 seconds
186.333: [GC186.333: [DefNew: 4118K->4118K(4288K), 0.0000080 secs]186.333: [Tenured: 7570K->3955K(9600K), 0.0062630 secs] 11689K->3955K(13888K), [Perm : 5137K->5137K(21248K)], 0.0063120 secs] [Times: user=0.01 sys=0.00, real=0.00 secs] 
186.339: Total time for which application threads were stopped: 0.0764470 seconds, Stopping threads took: 0.0700560 seconds
186.340: Application time: 0.0006840 seconds
186.399: [GC186.399: [DefNew: 3806K->420K(4288K), 0.0008770 secs] 7761K->7110K(13888K), 0.0009020 secs] [Times: user=0.01 sys=0.00, real=0.00 secs] 
186.400: Total time for which application threads were stopped: 0.0600890 seconds, Stopping threads took: 0.0591140 seconds
186.400: Application time: 0.0003430 seconds
186.465: [GC186.465: [DefNew: 3952K->3952K(4288K), 0.0000070 secs]186.466: [Tenured: 6690K->3663K(9600K), 0.0054890 secs] 10642K->3663K(13888K), [Perm : 5137K->5137K(21248K)], 0.0055370 secs] [Times: user=0.00 sys=0.00, real=0.00 secs] 
186.471: Total time for which application threads were stopped: 0.0707680 seconds, Stopping threads took: 0.0651520 seconds
186.472: Application time: 0.0006550 seconds
186.519: [GC186.519: [DefNew: 3684K->440K(4288K), 0.0008170 secs] 7348K->6651K(13888K), 0.0008400 secs] [Times: user=0.00 sys=0.00, real=0.00 secs] 
186.520: Total time for which application threads were stopped: 0.0484780 seconds, Stopping threads took: 0.0475700 seconds
186.521: Application time: 0.0003830 seconds
186.586: [GC186.586: [DefNew: 4265K->4265K(4288K), 0.0000060 secs]186.586: [Tenured: 6210K->4794K(9600K), 0.0057400 secs] 10476K->4794K(13888K), [Perm : 5137K->5137K(21248K)], 0.0057860 secs] [Times: user=0.01 sys=0.00, real=0.00 secs] 
186.591: Total time for which application threads were stopped: 0.0708700 seconds, Stopping threads took: 0.0650060 seconds
186.592: Application time: 0.0005520 seconds
186.625: [GC186.625: [DefNew: 3825K->391K(4288K), 0.0009690 secs] 8620K->8213K(13888K), 0.0009960 secs] [Times: user=0.00 sys=0.00, real=0.00 secs] 
186.626: Total time for which application threads were stopped: 0.0342050 seconds, Stopping threads took: 0.0331390 seconds
186.627: Application time: 0.0007330 seconds
186.677: [GC186.677: [DefNew: 4212K->4212K(4288K), 0.0000070 secs]186.677: [Tenured: 7822K->5966K(9600K), 0.0060070 secs] 12035K->5966K(13888K), [Perm : 5137K->5137K(21248K)], 0.0060550 secs] [Times: user=0.01 sys=0.00, real=0.00 secs] 
186.683: Total time for which application threads were stopped: 0.0557010 seconds, Stopping threads took: 0.0495670 seconds
186.683: Application time: 0.0008430 seconds
186.753: [GC186.753: [DefNew: 3825K->3825K(4288K), 0.0000080 secs]186.753: [Tenured: 5966K->4404K(9600K), 0.0063080 secs] 9791K->4404K(13888K), [Perm : 5137K->5137K(21248K)], 0.0063580 secs] [Times: user=0.00 sys=0.00, real=0.00 secs] 
186.760: Total time for which application threads were stopped: 0.0763010 seconds, Stopping threads took: 0.0698820 seconds
186.760: Application time: 0.0005800 seconds
186.794: [GC186.794: [DefNew: 3727K->391K(4288K), 0.0009370 secs] 8131K->7725K(13888K), 0.0009730 secs] [Times: user=0.01 sys=0.00, real=0.00 secs] 
186.795: Total time for which application threads were stopped: 0.0341400 seconds, Stopping threads took: 0.0331020 seconds
186.795: Application time: 0.0005280 seconds
186.829: [GC186.829: [DefNew: 4215K->4215K(4288K), 0.0000070 secs]186.829: [Tenured: 7333K->7373K(9600K), 0.0069080 secs] 11549K->7373K(13888K), [Perm : 5137K->5137K(21248K)], 0.0069510 secs] [Times: user=0.00 sys=0.00, real=0.01 secs] 
186.836: Total time for which application threads were stopped: 0.0405710 seconds, Stopping threads took: 0.0335670 seconds
186.907: Application time: 0.0716550 seconds
186.911: [GC186.911: [DefNew: 3727K->3727K(4288K), 0.0000090 secs]186.911: [Tenured: 7373K->2491K(9600K), 0.0052900 secs] 11101K->2491K(13888K), [Perm : 5137K->5137K(21248K)], 0.0053470 secs] [Times: user=0.01 sys=0.00, real=0.01 secs] 
186.916: Total time for which application threads were stopped: 0.0089870 seconds, Stopping threads took: 0.0035580 seconds
186.917: Application time: 0.0005550 seconds
186.952: [GC186.952: [DefNew: 3823K->391K(4288K), 0.0008020 secs] 6314K->6008K(13888K), 0.0008210 secs] [Times: user=0.00 sys=0.00, real=0.00 secs] 
186.953: Total time for which application threads were stopped: 0.0363710 seconds, Stopping threads took: 0.0355070 seconds
186.954: Application time: 0.0012230 seconds
187.024: [GC187.024: [DefNew: 4213K->4213K(4288K), 0.0000060 secs]187.024: [Tenured: 5616K->3663K(9600K), 0.0056370 secs] 9829K->3663K(13888K), [Perm : 5137K->5137K(21248K)], 0.0056840 secs] [Times: user=0.01 sys=0.00, real=0.01 secs] 
187.030: Total time for which application threads were stopped: 0.0752520 seconds, Stopping threads took: 0.0694890 seconds
187.030: Application time: 0.0004560 seconds
187.076: [GC187.076: [DefNew: 3630K->392K(4288K), 0.0007500 secs] 7293K->6399K(13888K), 0.0007730 secs] [Times: user=0.00 sys=0.00, real=0.00 secs] 
187.077: Total time for which application threads were stopped: 0.0467350 seconds, Stopping threads took: 0.0459130 seconds
187.077: Application time: 0.0005170 seconds
187.078: [GC187.079: [DefNew: 4211K->4211K(4288K), 0.0000060 secs]187.079: [Tenured: 6007K->7862K(9600K), 0.0064420 secs] 10218K->7862K(13888K), [Perm : 5137K->5137K(21248K)], 0.0064840 secs] [Times: user=0.01 sys=0.00, real=0.01 secs] 
187.085: Total time for which application threads were stopped: 0.0076380 seconds, Stopping threads took: 0.0011020 seconds
187.157: Application time: 0.0720620 seconds
187.160: [GC187.160: [DefNew: 3825K->3825K(4288K), 0.0000090 secs]187.160: [Tenured: 7862K->3077K(9600K), 0.0053980 secs] 11687K->3077K(13888K), [Perm : 5137K->5137K(21248K)], 0.0054540 secs] [Times: user=0.00 sys=0.00, real=0.01 secs] 
187.165: Total time for which application threads were stopped: 0.0081370 seconds, Stopping threads took: 0.0025910 seconds
187.166: Application time: 0.0005230 seconds
187.200: [GC187.200: [DefNew: 3689K->440K(4288K), 0.0008440 secs] 6766K->6260K(13888K), 0.0008680 secs] [Times: user=0.01 sys=0.00, real=0.00 secs] 
187.201: Total time for which application threads were stopped: 0.0347900 seconds, Stopping threads took: 0.0338530 seconds
187.201: Application time: 0.0003750 seconds
187.263: [GC187.263: [DefNew: 4068K->4068K(4288K), 0.0000060 secs]187.263: [Tenured: 5819K->4892K(9600K), 0.0059670 secs] 9888K->4892K(13888K), [Perm : 5137K->5137K(21248K)], 0.0060130 secs] [Times: user=0.00 sys=0.00, real=0.01 secs] 
187.269: Total time for which application threads were stopped: 0.0683130 seconds, Stopping threads took: 0.0622230 seconds
187.270: Application time: 0.0004760 seconds
187.314: [GC187.314: [DefNew: 3825K->391K(4288K), 0.0008630 secs] 8717K->7823K(13888K), 0.0008870 secs] [Times: user=0.00 sys=0.00, real=0.00 secs] 
187.315: Total time for which application threads were stopped: 0.0454370 seconds, Stopping threads took: 0.0444980 seconds
187.316: Application time: 0.0008280 seconds
187.386: [GC187.386: [DefNew: 4217K->4217K(4288K), 0.0000080 secs]187.386: [Tenured: 7431K->3915K(9600K), 0.0062770 secs] 11648K->3915K(13888K), [Perm : 5137K->5137K(21248K)], 0.0063350 secs] [Times: user=0.00 sys=0.00, real=0.00 secs] 
187.392: Total time for which application threads were stopped: 0.0762530 seconds, Stopping threads took: 0.0698390 seconds
187.393: Application time: 0.0004280 seconds
187.426: [GC187.426: [DefNew: 3825K->294K(4288K), 0.0009170 secs] 7740K->7334K(13888K), 0.0009400 secs] [Times: user=0.00 sys=0.00, real=0.00 secs] 
187.427: Total time for which application threads were stopped: 0.0340800 seconds, Stopping threads took: 0.0330710 seconds
187.427: Application time: 0.0007130 seconds
187.468: [GC187.468: [DefNew: 4117K->4117K(4288K), 0.0000060 secs]187.468: [Tenured: 7040K->7235K(9600K), 0.0061660 secs] 11158K->7235K(13888K), [Perm : 5137K->5137K(21248K)], 0.0062140 secs] [Times: user=0.00 sys=0.00, real=0.01 secs] 
187.474: Total time for which application threads were stopped: 0.0468050 seconds, Stopping threads took: 0.0405360 seconds
187.546: Application time: 0.0715970 seconds
187.549: [GC187.549: [DefNew: 3825K->3825K(4288K), 0.0000090 secs]187.549: [Tenured: 7235K->2393K(9600K), 0.0053310 secs] 11061K->2393K(13888K), [Perm : 5137K->5137K(21248K)], 0.0053850 secs] [Times: user=0.00 sys=0.00, real=0.01 secs] 
187.554: Total time for which application threads were stopped: 0.0084910 seconds, Stopping threads took: 0.0030450 seconds
187.555: Application time: 0.0005740 seconds
187.588: [GC187.588: [DefNew: 3805K->420K(4288K), 0.0009300 secs] 6199K->6134K(13888K), 0.0009510 secs] [Times: user=0.00 sys=0.00, real=0.00 secs] 
187.588: Total time for which application threads were stopped: 0.0335540 seconds, Stopping threads took: 0.0325600 seconds
187.589: Application time: 0.0008170 seconds
187.654: [GC187.654: [DefNew: 4141K->4141K(4288K), 0.0000070 secs]187.654: [Tenured: 5714K->4473K(9600K), 0.0052210 secs] 9856K->4473K(13888K), [Perm : 5137K->5137K(21248K)], 0.0052670 secs] [Times: user=0.00 sys=0.00, real=0.00 secs] 
187.659: Total time for which application threads were stopped: 0.0696650 seconds, Stopping threads took: 0.0643320 seconds
187.660: Application time: 0.0007080 seconds
187.721: [GC187.721: [DefNew: 3689K->440K(4288K), 0.0007770 secs] 8162K->6875K(13888K), 0.0008030 secs] [Times: user=0.00 sys=0.00, real=0.00 secs] 
187.722: Total time for which application threads were stopped: 0.0618700 seconds, Stopping threads took: 0.0609820 seconds
187.722: Application time: 0.0003870 seconds
187.761: [GC187.761: [DefNew: 4164K->4164K(4288K), 0.0000050 secs]187.761: [Tenured: 6434K->5311K(9600K), 0.0059730 secs] 10599K->5311K(13888K), [Perm : 5137K->5137K(21248K)], 0.0060180 secs] [Times: user=0.00 sys=0.00, real=0.01 secs] 
187.767: Total time for which application threads were stopped: 0.0454020 seconds, Stopping threads took: 0.0393070 seconds
187.768: Application time: 0.0007320 seconds
187.801: [GC187.801: [DefNew: 3823K->391K(4288K), 0.0007890 secs] 9134K->8241K(13888K), 0.0008130 secs] [Times: user=0.00 sys=0.00, real=0.00 secs] 
187.802: Total time for which application threads were stopped: 0.0342190 seconds, Stopping threads took: 0.0333470 seconds
187.803: Application time: 0.0008190 seconds
187.873: [GC187.873: [DefNew: 4216K->4216K(4288K), 0.0000110 secs]187.873: [Tenured: 7850K->4334K(9600K), 0.0056980 secs] 12067K->4334K(13888K), [Perm : 5137K->5137K(21248K)], 0.0057560 secs] [Times: user=0.01 sys=0.00, real=0.00 secs] 
187.879: Total time for which application threads were stopped: 0.0757010 seconds, Stopping threads took: 0.0698590 seconds
187.879: Application time: 0.0004920 seconds
187.913: [GC187.913: [DefNew: 3825K->391K(4288K), 0.0009740 secs] 8159K->7851K(13888K), 0.0009980 secs] [Times: user=0.00 sys=0.00, real=0.00 secs] 
187.914: Total time for which application threads were stopped: 0.0344520 seconds, Stopping threads took: 0.0333840 seconds
187.914: Application time: 0.0004090 seconds
187.984: [GC187.984: [DefNew: 4216K->4216K(4288K), 0.0000080 secs]187.984: [Tenured: 7459K->4347K(9600K), 0.0064430 secs] 11676K->4347K(13888K), [Perm : 5137K->5137K(21248K)], 0.0064970 secs] [Times: user=0.01 sys=0.00, real=0.00 secs] 
187.991: Total time for which application threads were stopped: 0.0767150 seconds, Stopping threads took: 0.0701410 seconds
187.992: Application time: 0.0006660 seconds
188.026: [GC188.026: [DefNew: 3821K->391K(4288K), 0.0009150 secs] 8168K->8156K(13888K), 0.0009380 secs] [Times: user=0.01 sys=0.00, real=0.00 secs] 
188.027: Total time for which application threads were stopped: 0.0352240 seconds, Stopping threads took: 0.0342180 seconds
188.099: Application time: 0.0721420 seconds
188.101: [GC188.101: [DefNew: 4216K->4216K(4288K), 0.0000100 secs]188.101: [Tenured: 7765K->2296K(9600K), 0.0052470 secs] 11982K->2296K(13888K), [Perm : 5137K->5137K(21248K)], 0.0053010 secs] [Times: user=0.00 sys=0.00, real=0.01 secs] 
188.106: Total time for which application threads were stopped: 0.0069330 seconds, Stopping threads took: 0.0015520 seconds
188.106: Application time: 0.0006060 seconds
188.139: [GC188.139: [DefNew: 3825K->392K(4288K), 0.0008750 secs] 6121K->5813K(13888K), 0.0008960 secs] [Times: user=0.00 sys=0.00, real=0.00 secs] 
188.140: Total time for which application threads were stopped: 0.0337730 seconds, Stopping threads took: 0.0328130 seconds
188.141: Application time: 0.0009070 seconds
188.208: [GC188.208: [DefNew: 4115K->391K(4288K), 0.0004070 secs] 9537K->6594K(13888K), 0.0004260 secs] [Times: user=0.01 sys=0.00, real=0.00 secs] 
188.208: Total time for which application threads were stopped: 0.0671760 seconds, Stopping threads took: 0.0666870 seconds
188.209: Application time: 0.0003150 seconds
188.274: [GC188.274: [DefNew: 3923K->3923K(4288K), 0.0000070 secs]188.274: [Tenured: 6203K->3663K(9600K), 0.0062510 secs] 10127K->3663K(13888K), [Perm : 5137K->5137K(21248K)], 0.0062980 secs] [Times: user=0.00 sys=0.00, real=0.00 secs] 
188.280: Total time for which application threads were stopped: 0.0713090 seconds, Stopping threads took: 0.0649260 seconds
188.280: Application time: 0.0004570 seconds
188.313: [GC188.313: [DefNew: 3723K->391K(4288K), 0.0008350 secs] 7387K->7082K(13888K), 0.0008540 secs] [Times: user=0.01 sys=0.00, real=0.00 secs] 
188.314: Total time for which application threads were stopped: 0.0338290 seconds, Stopping threads took: 0.0329320 seconds
188.386: Application time: 0.0715710 seconds
188.392: [GC188.392: [DefNew: 4099K->4099K(4288K), 0.0000080 secs]188.392: [Tenured: 6691K->1544K(9600K), 0.0050930 secs] 10791K->1544K(13888K), [Perm : 5137K->5137K(21248K)], 0.0051420 secs] [Times: user=0.01 sys=0.00, real=0.01 secs] 
188.397: Total time for which application threads were stopped: 0.0109850 seconds, Stopping threads took: 0.0057640 seconds
188.397: Application time: 0.0006090 seconds
188.398: [GC188.398: [DefNew: 3804K->420K(4288K), 0.0008520 secs] 5348K->5285K(13888K), 0.0008730 secs] [Times: user=0.00 sys=0.00, real=0.00 secs] 
188.399: Total time for which application threads were stopped: 0.0011170 seconds, Stopping threads took: 0.0002020 seconds
188.399: Application time: 0.0007760 seconds
188.460: [GC188.460: [DefNew: 4143K->293K(4288K), 0.0007400 secs] 9008K->7726K(13888K), 0.0007620 secs] [Times: user=0.00 sys=0.00, real=0.00 secs] 
188.461: Total time for which application threads were stopped: 0.0617700 seconds, Stopping threads took: 0.0609640 seconds
188.462: Application time: 0.0007430 seconds
188.532: [GC188.532: [DefNew: 4118K->4118K(4288K), 0.0000070 secs]188.532: [Tenured: 7433K->3956K(9600K), 0.0056270 secs] 11551K->3956K(13888K), [Perm : 5137K->5137K(21248K)], 0.0056800 secs] [Times: user=0.01 sys=0.00, real=0.01 secs] 
188.538: Total time for which application threads were stopped: 0.0761030 seconds, Stopping threads took: 0.0703630 seconds
188.538: Application time: 0.0004780 seconds
188.572: [GC188.572: [DefNew: 3727K->391K(4288K), 0.0008760 secs] 7684K->7083K(13888K), 0.0009040 secs] [Times: user=0.00 sys=0.00, real=0.01 secs] 
188.573: Total time for which application threads were stopped: 0.0344730 seconds, Stopping threads took: 0.0334970 seconds
188.574: Application time: 0.0006120 seconds
188.607: [GC188.607: [DefNew: 4191K->4191K(4288K), 0.0000060 secs]188.607: [Tenured: 6691K->6035K(9600K), 0.0054020 secs] 10882K->6035K(13888K), [Perm : 5137K->5137K(21248K)], 0.0054560 secs] [Times: user=0.01 sys=0.00, real=0.01 secs] 
188.613: Total time for which application threads were stopped: 0.0392550 seconds, Stopping threads took: 0.0337330 seconds
188.614: Application time: 0.0009010 seconds
188.684: [GC188.684: [DefNew: 3825K->3825K(4288K), 0.0000090 secs]188.684: [Tenured: 6035K->3399K(9600K), 0.0054990 secs] 9860K->3399K(13888K), [Perm : 5137K->5137K(21248K)], 0.0055490 secs] [Times: user=0.00 sys=0.00, real=0.01 secs] 
188.689: Total time for which application threads were stopped: 0.0755740 seconds, Stopping threads took: 0.0699440 seconds
188.690: Application time: 0.0006700 seconds
188.723: [GC188.723: [DefNew: 3825K->391K(4288K), 0.0010140 secs] 7224K->7111K(13888K), 0.0010390 secs] [Times: user=0.00 sys=0.00, real=0.00 secs] 
188.724: Total time for which application threads were stopped: 0.0340960 seconds, Stopping threads took: 0.0329850 seconds
188.725: Application time: 0.0007080 seconds
188.758: [GC188.758: [DefNew: 4213K->4213K(4288K), 0.0000060 secs]188.758: [Tenured: 6719K->6719K(9600K), 0.0060350 secs] 10932K->6719K(13888K), [Perm : 5137K->5137K(21248K)], 0.0060830 secs] [Times: user=0.01 sys=0.00, real=0.00 secs] 
188.764: Total time for which application threads were stopped: 0.0394150 seconds, Stopping threads took: 0.0332540 seconds
188.836: Application time: 0.0713890 seconds
188.837: [GC188.837: [DefNew: 3825K->3825K(4288K), 0.0000100 secs]188.837: [Tenured: 6719K->1906K(9600K), 0.0063450 secs] 10544K->1906K(13888K), [Perm : 5137K->5137K(21248K)], 0.0063980 secs] [Times: user=0.00 sys=0.00, real=0.00 secs] 
188.844: Total time for which application threads were stopped: 0.0083440 seconds, Stopping threads took: 0.0018580 seconds
188.845: Application time: 0.0007900 seconds
188.845: [GC188.845: [DefNew: 3725K->392K(4288K), 0.0009110 secs] 5632K->5618K(13888K), 0.0009320 secs] [Times: user=0.00 sys=0.00, real=0.00 secs] 
188.846: Total time for which application threads were stopped: 0.0013300 seconds, Stopping threads took: 0.0003510 seconds
188.848: Application time: 0.0016380 seconds
188.917: [GC188.917: [DefNew: 4117K->391K(4288K), 0.0004090 secs] 9344K->6204K(13888K), 0.0004350 secs] [Times: user=0.00 sys=0.00, real=0.00 secs] 
188.918: Total time for which application threads were stopped: 0.0699090 seconds, Stopping threads took: 0.0694050 seconds
188.918: Application time: 0.0003450 seconds
188.967: [GC188.967: [DefNew: 4167K->4167K(4288K), 0.0000070 secs]188.967: [Tenured: 5813K->4445K(9600K), 0.0063290 secs] 9980K->4445K(13888K), [Perm : 5137K->5137K(21248K)], 0.0063700 secs] [Times: user=0.01 sys=0.00, real=0.01 secs] 
188.973: Total time for which application threads were stopped: 0.0551100 seconds, Stopping threads took: 0.0486670 seconds
188.974: Application time: 0.0005070 seconds
189.007: [GC189.007: [DefNew: 3753K->419K(4288K), 0.0008140 secs] 8198K->7599K(13888K), 0.0008380 secs] [Times: user=0.01 sys=0.00, real=0.00 secs] 
189.008: Total time for which application threads were stopped: 0.0341360 seconds, Stopping threads took: 0.0332290 seconds
189.008: Application time: 0.0008170 seconds
189.078: [GC189.078: [DefNew: 4245K->4245K(4288K), 0.0000080 secs]189.078: [Tenured: 7179K->5938K(9600K), 0.0066210 secs] 11424K->5938K(13888K), [Perm : 5137K->5137K(21248K)], 0.0066680 secs] [Times: user=0.01 sys=0.00, real=0.01 secs] 
189.085: Total time for which application threads were stopped: 0.0766750 seconds, Stopping threads took: 0.0699300 seconds
189.086: Application time: 0.0011600 seconds
189.154: [GC189.154: [DefNew: 3825K->3825K(4288K), 0.0000090 secs]189.154: [Tenured: 5938K->5450K(9600K), 0.0058850 secs] 9764K->5450K(13888K), [Perm : 5137K->5137K(21248K)], 0.0059360 secs] [Times: user=0.01 sys=0.00, real=0.00 secs] 
189.160: Total time for which application threads were stopped: 0.0737860 seconds, Stopping threads took: 0.0677710 seconds
189.161: Application time: 0.0008380 seconds
189.230: [GC189.230: [DefNew: 3727K->391K(4288K), 0.0009330 secs] 9177K->8576K(13888K), 0.0009700 secs] [Times: user=0.00 sys=0.00, real=0.00 secs] 
189.231: Total time for which application threads were stopped: 0.0697690 seconds, Stopping threads took: 0.0687220 seconds
189.231: Application time: 0.0004130 seconds
189.287: [GC189.287: [DefNew: 3923K->3923K(4288K), 0.0000070 secs]189.287: [Tenured: 8184K->3663K(9600K), 0.0063410 secs] 12108K->3663K(13888K), [Perm : 5137K->5137K(21248K)], 0.0063840 secs] [Times: user=0.01 sys=0.00, real=0.01 secs] 
189.293: Total time for which application threads were stopped: 0.0619000 seconds, Stopping threads took: 0.0554420 seconds
189.294: Application time: 0.0004920 seconds
189.340: [GC189.340: [DefNew: 3723K->391K(4288K), 0.0008190 secs] 7387K->6790K(13888K), 0.0008420 secs] [Times: user=0.00 sys=0.00, real=0.00 secs] 
189.341: Total time for which application threads were stopped: 0.0477690 seconds, Stopping threads took: 0.0468510 seconds
189.342: Application time: 0.0009760 seconds
189.412: [GC189.412: [DefNew: 4211K->4211K(4288K), 0.0000070 secs]189.412: [Tenured: 6398K->3664K(9600K), 0.0059870 secs] 10609K->3664K(13888K), [Perm : 5137K->5137K(21248K)], 0.0060330 secs] [Times: user=0.00 sys=0.00, real=0.01 secs] 
189.418: Total time for which application threads were stopped: 0.0758840 seconds, Stopping threads took: 0.0697750 seconds
189.419: Application time: 0.0006750 seconds
189.466: [GC189.466: [DefNew: 3630K->392K(4288K), 0.0007610 secs] 7294K->6400K(13888K), 0.0007840 secs] [Times: user=0.00 sys=0.00, real=0.00 secs] 
189.467: Total time for which application threads were stopped: 0.0481400 seconds, Stopping threads took: 0.0472870 seconds
189.468: Application time: 0.0005630 seconds
189.500: [GC189.500: [DefNew: 4193K->4193K(4288K), 0.0000060 secs]189.500: [Tenured: 6008K->5645K(9600K), 0.0058600 secs] 10202K->5645K(13888K), [Perm : 5137K->5137K(21248K)], 0.0059030 secs] [Times: user=0.00 sys=0.00, real=0.01 secs] 
189.506: Total time for which application threads were stopped: 0.0387640 seconds, Stopping threads took: 0.0328100 seconds
189.507: Application time: 0.0008400 seconds
189.577: [GC189.577: [DefNew: 3727K->391K(4288K), 0.0005840 secs] 9372K->7208K(13888K), 0.0006110 secs] [Times: user=0.00 sys=0.00, real=0.00 secs] 
189.578: Total time for which application threads were stopped: 0.0709240 seconds, Stopping threads took: 0.0702410 seconds
189.578: Application time: 0.0003690 seconds
189.612: [GC189.612: [DefNew: 4119K->4119K(4288K), 0.0000070 secs]189.612: [Tenured: 6817K->4473K(9600K), 0.0064000 secs] 10936K->4473K(13888K), [Perm : 5137K->5137K(21248K)], 0.0064440 secs] [Times: user=0.01 sys=0.00, real=0.01 secs] 
189.618: Total time for which application threads were stopped: 0.0398720 seconds, Stopping threads took: 0.0333500 seconds
189.619: Application time: 0.0005150 seconds
189.667: [GC189.667: [DefNew: 3719K->391K(4288K), 0.0008080 secs] 8193K->7599K(13888K), 0.0008280 secs] [Times: user=0.00 sys=0.00, real=0.00 secs] 
189.668: Total time for which application threads were stopped: 0.0492940 seconds, Stopping threads took: 0.0483980 seconds
189.669: Application time: 0.0010800 seconds
189.740: [GC189.740: [DefNew: 4099K->4099K(4288K), 0.0000090 secs]189.740: [Tenured: 7208K->2101K(9600K), 0.0047080 secs] 11307K->2101K(13888K), [Perm : 5137K->5137K(21248K)], 0.0047620 secs] [Times: user=0.00 sys=0.00, real=0.01 secs] 
189.745: Total time for which application threads were stopped: 0.0756450 seconds, Stopping threads took: 0.0708140 seconds
189.745: Application time: 0.0005100 seconds
189.792: [GC189.792: [DefNew: 3833K->400K(4288K), 0.0008450 secs] 5935K->5627K(13888K), 0.0008640 secs] [Times: user=0.00 sys=0.00, real=0.01 secs] 
189.793: Total time for which application threads were stopped: 0.0473970 seconds, Stopping threads took: 0.0464690 seconds
189.793: Application time: 0.0004610 seconds
189.840: [GC189.840: [DefNew: 4094K->419K(4288K), 0.0011500 secs] 9321K->8674K(13888K), 0.0011870 secs] [Times: user=0.01 sys=0.00, real=0.00 secs] 
189.841: Total time for which application threads were stopped: 0.0480460 seconds, Stopping threads took: 0.0468100 seconds
189.914: Application time: 0.0729440 seconds
189.918: [GC189.918: [DefNew: 4244K->4244K(4288K), 0.0000100 secs]189.918: [Tenured: 8254K->1544K(9600K), 0.0050720 secs] 12499K->1544K(13888K), [Perm : 5137K->5137K(21248K)], 0.0051260 secs] [Times: user=0.00 sys=0.00, real=0.00 secs] 
189.923: Total time for which application threads were stopped: 0.0090550 seconds, Stopping threads took: 0.0038400 seconds
189.924: Application time: 0.0006060 seconds
189.924: [GC189.924: [DefNew: 3775K->440K(4288K), 0.0008800 secs] 5320K->5306K(13888K), 0.0009010 secs] [Times: user=0.00 sys=0.00, real=0.01 secs] 
189.925: Total time for which application threads were stopped: 0.0012410 seconds, Stopping threads took: 0.0002760 seconds
189.926: Application time: 0.0005150 seconds
189.994: [GC189.994: [DefNew: 4196K->321K(4288K), 0.0009130 secs] 9061K->8117K(13888K), 0.0009360 secs] [Times: user=0.00 sys=0.00, real=0.00 secs] 
189.995: Total time for which application threads were stopped: 0.0694520 seconds, Stopping threads took: 0.0684480 seconds
189.996: Application time: 0.0009620 seconds
190.066: [GC190.066: [DefNew: 4147K->4147K(4288K), 0.0000080 secs]190.066: [Tenured: 7796K->4406K(9600K), 0.0062760 secs] 11943K->4406K(13888K), [Perm : 5137K->5137K(21248K)], 0.0063300 secs] [Times: user=0.00 sys=0.00, real=0.00 secs] 
190.072: Total time for which application threads were stopped: 0.0760970 seconds, Stopping threads took: 0.0696860 seconds
190.073: Application time: 0.0005130 seconds
190.107: [GC190.107: [DefNew: 3532K->391K(4288K), 0.0008390 secs] 7938K->7532K(13888K), 0.0008610 secs] [Times: user=0.00 sys=0.00, real=0.00 secs] 
190.108: Total time for which application threads were stopped: 0.0351400 seconds, Stopping threads took: 0.0342100 seconds
190.108: Application time: 0.0003530 seconds
190.178: [GC190.178: [DefNew: 4017K->4017K(4288K), 0.0000080 secs]190.178: [Tenured: 7140K->5090K(9600K), 0.0064650 secs] 11158K->5090K(13888K), [Perm : 5137K->5137K(21248K)], 0.0065110 secs] [Times: user=0.00 sys=0.01, real=0.00 secs] 
190.184: Total time for which application threads were stopped: 0.0758660 seconds, Stopping threads took: 0.0692780 seconds
190.185: Application time: 0.0007720 seconds
190.249: [GC190.249: [DefNew: 3708K->322K(4288K), 0.0006660 secs] 8798K->7170K(13888K), 0.0006920 secs] [Times: user=0.00 sys=0.00, real=0.00 secs] 
190.250: Total time for which application threads were stopped: 0.0651640 seconds, Stopping threads took: 0.0643990 seconds
190.250: Application time: 0.0004570 seconds
190.284: [GC190.284: [DefNew: 4147K->4147K(4288K), 0.0000070 secs]190.284: [Tenured: 6847K->4738K(9600K), 0.0059150 secs] 10995K->4738K(13888K), [Perm : 5137K->5137K(21248K)], 0.0059630 secs] [Times: user=0.01 sys=0.00, real=0.01 secs] 
190.290: Total time for which application threads were stopped: 0.0394300 seconds, Stopping threads took: 0.0333900 seconds
190.291: Application time: 0.0006450 seconds
190.324: [GC190.324: [DefNew: 3706K->419K(4288K), 0.0007630 secs] 8444K->7404K(13888K), 0.0007870 secs] [Times: user=0.00 sys=0.00, real=0.00 secs] 
190.325: Total time for which application threads were stopped: 0.0346360 seconds, Stopping threads took: 0.0337860 seconds
190.326: Application time: 0.0005260 seconds
190.392: [GC190.392: [DefNew: 4245K->4245K(4288K), 0.0000060 secs]190.392: [Tenured: 6985K->4669K(9600K), 0.0051220 secs] 11230K->4669K(13888K), [Perm : 5137K->5137K(21248K)], 0.0051710 secs] [Times: user=0.00 sys=0.00, real=0.01 secs] 
190.397: Total time for which application threads were stopped: 0.0716880 seconds, Stopping threads took: 0.0664590 seconds
190.398: Application time: 0.0005020 seconds
190.460: [GC190.460: [DefNew: 3727K->392K(4288K), 0.0008530 secs] 8396K->7404K(13888K), 0.0008800 secs] [Times: user=0.00 sys=0.00, real=0.00 secs] 
190.461: Total time for which application threads were stopped: 0.0628260 seconds, Stopping threads took: 0.0618650 seconds
190.461: Application time: 0.0004190 seconds
190.462: [GC190.462: [DefNew: 4211K->4211K(4288K), 0.0000060 secs]190.462: [Tenured: 7012K->7891K(9600K), 0.0064580 secs] 11224K->7891K(13888K), [Perm : 5137K->5137K(21248K)], 0.0065100 secs] [Times: user=0.01 sys=0.00, real=0.01 secs] 
190.468: Total time for which application threads were stopped: 0.0069590 seconds, Stopping threads took: 0.0003740 seconds
190.540: Application time: 0.0723870 seconds
190.543: [GC190.543: [DefNew: 3825K->3825K(4288K), 0.0000120 secs]190.543: [Tenured: 7891K->3106K(9600K), 0.0054320 secs] 11717K->3106K(13888K), [Perm : 5137K->5137K(21248K)], 0.0054950 secs] [Times: user=0.01 sys=0.00, real=0.01 secs] 
190.548: Total time for which application threads were stopped: 0.0075710 seconds, Stopping threads took: 0.0019920 seconds
190.549: Application time: 0.0004510 seconds
190.549: [GC190.549: [DefNew: 3823K->293K(4288K), 0.0008370 secs] 6930K->6916K(13888K), 0.0008560 secs] [Times: user=0.00 sys=0.00, real=0.00 secs] 
190.550: Total time for which application threads were stopped: 0.0016760 seconds, Stopping threads took: 0.0007570 seconds
190.622: Application time: 0.0713290 seconds
190.624: [GC190.624: [DefNew: 4119K->4119K(4288K), 0.0000090 secs]190.624: [Tenured: 6622K->2101K(9600K), 0.0059500 secs] 10741K->2101K(13888K), [Perm : 5137K->5137K(21248K)], 0.0060040 secs] [Times: user=0.01 sys=0.00, real=0.01 secs] 
190.630: Total time for which application threads were stopped: 0.0081150 seconds, Stopping threads took: 0.0020300 seconds
190.630: Application time: 0.0006390 seconds
190.631: [GC190.631: [DefNew: 3831K->400K(4288K), 0.0009160 secs] 5933K->5920K(13888K), 0.0009350 secs] [Times: user=0.01 sys=0.00, real=0.00 secs] 
190.632: Total time for which application threads were stopped: 0.0014300 seconds, Stopping threads took: 0.0004310 seconds
190.633: Application time: 0.0009290 seconds
190.703: [GC190.703: [DefNew: 4195K->4195K(4288K), 0.0000080 secs]190.703: [Tenured: 5520K->2130K(9600K), 0.0059770 secs] 9716K->2130K(13888K), [Perm : 5137K->5137K(21248K)], 0.0060260 secs] [Times: user=0.01 sys=0.00, real=0.01 secs] 
190.709: Total time for which application threads were stopped: 0.0766850 seconds, Stopping threads took: 0.0705810 seconds
190.710: Application time: 0.0005820 seconds
190.744: [GC190.744: [DefNew: 3825K->392K(4288K), 0.0008300 secs] 5956K->5648K(13888K), 0.0008470 secs] [Times: user=0.00 sys=0.00, real=0.01 secs] 
190.745: Total time for which application threads were stopped: 0.0352200 seconds, Stopping threads took: 0.0343340 seconds
190.746: Application time: 0.0012750 seconds
190.810: [GC190.810: [DefNew: 4213K->390K(4288K), 0.0005190 secs] 9469K->7015K(13888K), 0.0005380 secs] [Times: user=0.00 sys=0.00, real=0.00 secs] 
190.810: Total time for which application threads were stopped: 0.0639420 seconds, Stopping threads took: 0.0633420 seconds
190.811: Application time: 0.0006210 seconds
190.881: [GC190.881: [DefNew: 4216K->4216K(4288K), 0.0000090 secs]190.881: [Tenured: 6624K->3889K(9600K), 0.0056270 secs] 10840K->3889K(13888K), [Perm : 5137K->5137K(21248K)], 0.0056840 secs] [Times: user=0.01 sys=0.00, real=0.01 secs] 
190.887: Total time for which application threads were stopped: 0.0760150 seconds, Stopping threads took: 0.0702450 seconds
190.887: Application time: 0.0005070 seconds
190.921: [GC190.921: [DefNew: 3825K->391K(4288K), 0.0008500 secs] 7714K->7015K(13888K), 0.0008730 secs] [Times: user=0.00 sys=0.00, real=0.00 secs] 
190.922: Total time for which application threads were stopped: 0.0344730 seconds, Stopping threads took: 0.0335320 seconds
190.922: Application time: 0.0003620 seconds
190.977: [GC190.977: [DefNew: 4215K->4215K(4288K), 0.0000070 secs]190.977: [Tenured: 6623K->5061K(9600K), 0.0065130 secs] 10838K->5061K(13888K), [Perm : 5137K->5137K(21248K)], 0.0065570 secs] [Times: user=0.00 sys=0.00, real=0.00 secs] 
190.983: Total time for which application threads were stopped: 0.0608170 seconds, Stopping threads took: 0.0541780 seconds
190.984: Application time: 0.0007070 seconds
191.017: [GC191.017: [DefNew: 3725K->391K(4288K), 0.0008750 secs] 8787K->8382K(13888K), 0.0009070 secs] [Times: user=0.01 sys=0.00, real=0.00 secs] 
191.018: Total time for which application threads were stopped: 0.0340040 seconds, Stopping threads took: 0.0330270 seconds
191.090: Application time: 0.0721050 seconds
191.092: [GC191.092: [DefNew: 4118K->4118K(4288K), 0.0000100 secs]191.092: [Tenured: 7991K->1711K(9600K), 0.0056110 secs] 12110K->1711K(13888K), [Perm : 5137K->5137K(21248K)], 0.0056640 secs] [Times: user=0.01 sys=0.00, real=0.01 secs] 
191.098: Total time for which application threads were stopped: 0.0079220 seconds, Stopping threads took: 0.0021790 seconds
191.099: Application time: 0.0006800 seconds
191.099: [GC191.099: [DefNew: 3780K->396K(4288K), 0.0008820 secs] 5491K->5428K(13888K), 0.0008980 secs] [Times: user=0.00 sys=0.00, real=0.00 secs] 
191.100: Total time for which application threads were stopped: 0.0013040 seconds, Stopping threads took: 0.0003440 seconds
191.101: Application time: 0.0007510 seconds
191.171: [GC191.171: [DefNew: 4048K->317K(4288K), 0.0004120 secs] 9079K->5940K(13888K), 0.0004380 secs] [Times: user=0.00 sys=0.00, real=0.00 secs] 
191.171: Total time for which application threads were stopped: 0.0705660 seconds, Stopping threads took: 0.0700830 seconds
191.172: Application time: 0.0003570 seconds
191.205: [GC191.205: [DefNew: 4045K->4045K(4288K), 0.0000060 secs]191.205: [Tenured: 5623K->5255K(9600K), 0.0065100 secs] 9668K->5255K(13888K), [Perm : 5137K->5137K(21248K)], 0.0065560 secs] [Times: user=0.01 sys=0.00, real=0.00 secs] 
191.211: Total time for which application threads were stopped: 0.0396460 seconds, Stopping threads took: 0.0330120 seconds
191.212: Application time: 0.0006460 seconds
191.262: [GC191.262: [DefNew: 3821K->391K(4288K), 0.0007790 secs] 9076K->8185K(13888K), 0.0008010 secs] [Times: user=0.00 sys=0.00, real=0.00 secs] 
191.263: Total time for which application threads were stopped: 0.0511600 seconds, Stopping threads took: 0.0503020 seconds
191.264: Application time: 0.0009600 seconds
191.334: [GC191.334: [DefNew: 4216K->4216K(4288K), 0.0000080 secs]191.334: [Tenured: 7794K->4474K(9600K), 0.0059540 secs] 12011K->4474K(13888K), [Perm : 5137K->5137K(21248K)], 0.0060040 secs] [Times: user=0.00 sys=0.00, real=0.00 secs] 
191.340: Total time for which application threads were stopped: 0.0760460 seconds, Stopping threads took: 0.0699640 seconds
191.341: Application time: 0.0008730 seconds
191.396: [GC191.396: [DefNew: 3708K->419K(4288K), 0.0009810 secs] 8182K->7823K(13888K), 0.0010090 secs] [Times: user=0.00 sys=0.00, real=0.00 secs] 
191.397: Total time for which application threads were stopped: 0.0557160 seconds, Stopping threads took: 0.0546340 seconds
191.397: Application time: 0.0005660 seconds
191.466: [GC191.466: [DefNew: 4225K->4225K(4288K), 0.0000070 secs]191.466: [Tenured: 7403K->4335K(9600K), 0.0056820 secs] 11629K->4335K(13888K), [Perm : 5137K->5137K(21248K)], 0.0057310 secs] [Times: user=0.01 sys=0.00, real=0.00 secs] 
191.472: Total time for which application threads were stopped: 0.0743990 seconds, Stopping threads took: 0.0685920 seconds
191.472: Application time: 0.0005120 seconds
191.541: [GC191.541: [DefNew: 3630K->391K(4288K), 0.0007950 secs] 7965K->7266K(13888K), 0.0008170 secs] [Times: user=0.00 sys=0.00, real=0.00 secs] 
191.542: Total time for which application threads were stopped: 0.0700540 seconds, Stopping threads took: 0.0691610 seconds
191.543: Application time: 0.0004470 seconds
191.576: [GC191.576: [DefNew: 4195K->4195K(4288K), 0.0000070 secs]191.576: [Tenured: 6874K->7082K(9600K), 0.0068720 secs] 11070K->7082K(13888K), [Perm : 5137K->5137K(21248K)], 0.0069160 secs] [Times: user=0.01 sys=0.00, real=0.00 secs] 
191.583: Total time for which application threads were stopped: 0.0401800 seconds, Stopping threads took: 0.0331880 seconds
191.654: Application time: 0.0715820 seconds
191.657: [GC191.657: [DefNew: 3629K->3629K(4288K), 0.0000090 secs]191.657: [Tenured: 7082K->2102K(9600K), 0.0052380 secs] 10712K->2102K(13888K), [Perm : 5137K->5137K(21248K)], 0.0052990 secs] [Times: user=0.00 sys=0.00, real=0.00 secs] 
191.662: Total time for which application threads were stopped: 0.0076030 seconds, Stopping threads took: 0.0022210 seconds
191.662: Application time: 0.0004250 seconds
191.663: [GC191.663: [DefNew: 3723K->391K(4288K), 0.0007840 secs] 5826K->5814K(13888K), 0.0008050 secs] [Times: user=0.00 sys=0.00, real=0.00 secs] 
191.664: Total time for which application threads were stopped: 0.0012440 seconds, Stopping threads took: 0.0003750 seconds
191.665: Application time: 0.0015530 seconds
191.734: [GC191.734: [DefNew: 4215K->4215K(4288K), 0.0000070 secs]191.734: [Tenured: 5422K->5325K(9600K), 0.0057680 secs] 9637K->5325K(13888K), [Perm : 5137K->5137K(21248K)], 0.0058170 secs] [Times: user=0.00 sys=0.00, real=0.00 secs] 
191.740: Total time for which application threads were stopped: 0.0748360 seconds, Stopping threads took: 0.0689630 seconds
191.741: Application time: 0.0008440 seconds
191.810: [GC191.810: [DefNew: 3727K->391K(4288K), 0.0010600 secs] 9053K->8744K(13888K), 0.0010930 secs] [Times: user=0.00 sys=0.00, real=0.00 secs] 
191.811: Total time for which application threads were stopped: 0.0705450 seconds, Stopping threads took: 0.0693930 seconds
191.812: Application time: 0.0004480 seconds
191.877: [GC191.877: [DefNew: 4021K->4021K(4288K), 0.0000100 secs]191.877: [Tenured: 8353K->4055K(9600K), 0.0050530 secs] 12374K->4055K(13888K), [Perm : 5137K->5137K(21248K)], 0.0051100 secs] [Times: user=0.01 sys=0.00, real=0.00 secs] 
191.882: Total time for which application threads were stopped: 0.0705030 seconds, Stopping threads took: 0.0653200 seconds
191.883: Application time: 0.0005010 seconds
191.916: [GC191.916: [DefNew: 3805K->420K(4288K), 0.0008050 secs] 7861K->6917K(13888K), 0.0008300 secs] [Times: user=0.01 sys=0.00, real=0.00 secs] 
191.917: Total time for which application threads were stopped: 0.0341060 seconds, Stopping threads took: 0.0332040 seconds
191.917: Application time: 0.0004200 seconds
191.951: [GC191.951: [DefNew: 4245K->4245K(4288K), 0.0000060 secs]191.951: [Tenured: 6496K->6203K(9600K), 0.0067120 secs] 10742K->6203K(13888K), [Perm : 5137K->5137K(21248K)], 0.0067520 secs] [Times: user=0.01 sys=0.00, real=0.01 secs] 
191.958: Total time for which application threads were stopped: 0.0404030 seconds, Stopping threads took: 0.0335770 seconds
192.030: Application time: 0.0719570 seconds
192.032: [GC192.032: [DefNew: 3727K->3727K(4288K), 0.0000090 secs]192.032: [Tenured: 6203K->1320K(9600K), 0.0049400 secs] 9931K->1320K(13888K), [Perm : 5137K->5137K(21248K)], 0.0049900 secs] [Times: user=0.00 sys=0.00, real=0.01 secs] 
192.037: Total time for which application threads were stopped: 0.0074510 seconds, Stopping threads took: 0.0023820 seconds
192.038: Application time: 0.0006170 seconds
192.038: [GC192.038: [DefNew: 3727K->392K(4288K), 0.0008740 secs] 5048K->5033K(13888K), 0.0008950 secs] [Times: user=0.00 sys=0.00, real=0.00 secs] 
192.039: Total time for which application threads were stopped: 0.0011080 seconds, Stopping threads took: 0.0001470 seconds
192.040: Application time: 0.0012890 seconds
192.073: [GC192.073: [DefNew: 4115K->293K(4288K), 0.0006580 secs] 8756K->7084K(13888K), 0.0006800 secs] [Times: user=0.00 sys=0.00, real=0.00 secs] 
192.074: Total time for which application threads were stopped: 0.0335560 seconds, Stopping threads took: 0.0328020 seconds
192.075: Application time: 0.0010450 seconds
192.145: [GC192.145: [DefNew: 4099K->4099K(4288K), 0.0000080 secs]192.145: [Tenured: 6790K->1740K(9600K), 0.0044570 secs] 10890K->1740K(13888K), [Perm : 5137K->5137K(21248K)], 0.0045080 secs] [Times: user=0.01 sys=0.00, real=0.00 secs] 
192.150: Total time for which application threads were stopped: 0.0751120 seconds, Stopping threads took: 0.0705350 seconds
192.151: Application time: 0.0005580 seconds
192.151: [GC192.151: [DefNew: 3804K->420K(4288K), 0.0008580 secs] 5544K->5481K(13888K), 0.0008760 secs] [Times: user=0.00 sys=0.00, real=0.00 secs] 
192.152: Total time for which application threads were stopped: 0.0012230 seconds, Stopping threads took: 0.0002760 seconds
192.153: Application time: 0.0008210 seconds
192.222: [GC192.222: [DefNew: 4243K->391K(4288K), 0.0004910 secs] 9304K->6457K(13888K), 0.0005150 secs] [Times: user=0.00 sys=0.00, real=0.00 secs] 
192.223: Total time for which application threads were stopped: 0.0702480 seconds, Stopping threads took: 0.0696670 seconds
192.223: Application time: 0.0003760 seconds
192.257: [GC192.257: [DefNew: 4216K->4216K(4288K), 0.0000060 secs]192.257: [Tenured: 6066K->4504K(9600K), 0.0057980 secs] 10283K->4504K(13888K), [Perm : 5137K->5137K(21248K)], 0.0058470 secs] [Times: user=0.01 sys=0.00, real=0.00 secs] 
192.263: Total time for which application threads were stopped: 0.0394630 seconds, Stopping threads took: 0.0335380 seconds
192.263: Application time: 0.0004510 seconds
192.296: [GC192.296: [DefNew: 3625K->391K(4288K), 0.0008150 secs] 8129K->7532K(13888K), 0.0008380 secs] [Times: user=0.00 sys=0.00, real=0.00 secs] 
192.297: Total time for which application threads were stopped: 0.0341580 seconds, Stopping threads took: 0.0332520 seconds
192.299: Application time: 0.0012150 seconds
192.369: [GC192.369: [DefNew: 4117K->4117K(4288K), 0.0000070 secs]192.369: [Tenured: 7140K->3176K(9600K), 0.0054990 secs] 11258K->3176K(13888K), [Perm : 5137K->5137K(21248K)], 0.0055490 secs] [Times: user=0.01 sys=0.00, real=0.01 secs] 
192.374: Total time for which application threads were stopped: 0.0756710 seconds, Stopping threads took: 0.0700640 seconds
192.375: Application time: 0.0005610 seconds
192.408: [GC192.408: [DefNew: 3825K->391K(4288K), 0.0009230 secs] 7002K->6693K(13888K), 0.0009470 secs] [Times: user=0.00 sys=0.00, real=0.00 secs] 
192.409: Total time for which application threads were stopped: 0.0345790 seconds, Stopping threads took: 0.0335710 seconds
192.410: Application time: 0.0004570 seconds
192.459: [GC192.459: [DefNew: 4217K->4217K(4288K), 0.0000070 secs]192.459: [Tenured: 6301K->6496K(9600K), 0.0057070 secs] 10518K->6496K(13888K), [Perm : 5137K->5137K(21248K)], 0.0057520 secs] [Times: user=0.00 sys=0.00, real=0.01 secs] 
192.465: Total time for which application threads were stopped: 0.0551770 seconds, Stopping threads took: 0.0493710 seconds
192.537: Application time: 0.0716760 seconds
192.538: [GC192.538: [DefNew: 3825K->3825K(4288K), 0.0000100 secs]192.538: [Tenured: 6496K->1711K(9600K), 0.0058670 secs] 10322K->1711K(13888K), [Perm : 5137K->5137K(21248K)], 0.0059180 secs] [Times: user=0.01 sys=0.00, real=0.00 secs] 
192.544: Total time for which application threads were stopped: 0.0076000 seconds, Stopping threads took: 0.0016020 seconds
192.545: Application time: 0.0006720 seconds
192.545: [GC192.545: [DefNew: 3788K->404K(4288K), 0.0008580 secs] 5500K->5436K(13888K), 0.0008800 secs] [Times: user=0.00 sys=0.00, real=0.00 secs] 
192.546: Total time for which application threads were stopped: 0.0012490 seconds, Stopping threads took: 0.0002990 seconds
192.547: Application time: 0.0005710 seconds
192.617: [GC192.617: [DefNew: 4243K->407K(4288K), 0.0007870 secs] 9275K->7698K(13888K), 0.0008130 secs] [Times: user=0.00 sys=0.00, real=0.00 secs] 
192.618: Total time for which application threads were stopped: 0.0708540 seconds, Stopping threads took: 0.0699660 seconds
192.618: Application time: 0.0007660 seconds
192.686: [GC192.686: [DefNew: 4232K->4232K(4288K), 0.0000080 secs]192.686: [Tenured: 7291K->4474K(9600K), 0.0063570 secs] 11524K->4474K(13888K), [Perm : 5137K->5137K(21248K)], 0.0064080 secs] [Times: user=0.01 sys=0.00, real=0.01 secs] 
192.693: Total time for which application threads were stopped: 0.0744380 seconds, Stopping threads took: 0.0679730 seconds
192.693: Application time: 0.0005160 seconds
192.758: [GC192.758: [DefNew: 3532K->391K(4288K), 0.0007030 secs] 8006K->6819K(13888K), 0.0007280 secs] [Times: user=0.00 sys=0.00, real=0.00 secs] 
192.759: Total time for which application threads were stopped: 0.0653230 seconds, Stopping threads took: 0.0645270 seconds
192.759: Application time: 0.0003440 seconds
192.805: [GC192.805: [DefNew: 4211K->4211K(4288K), 0.0000070 secs]192.805: [Tenured: 6427K->6399K(9600K), 0.0067370 secs] 10638K->6399K(13888K), [Perm : 5137K->5137K(21248K)], 0.0067860 secs] [Times: user=0.01 sys=0.00, real=0.00 secs] 
192.812: Total time for which application threads were stopped: 0.0527270 seconds, Stopping threads took: 0.0458880 seconds
192.884: Application time: 0.0723140 seconds
192.888: [GC192.888: [DefNew: 3727K->3727K(4288K), 0.0000100 secs]192.888: [Tenured: 6399K->1516K(9600K), 0.0058440 secs] 10126K->1516K(13888K), [Perm : 5137K->5137K(21248K)], 0.0058990 secs] [Times: user=0.01 sys=0.00, real=0.01 secs] 
192.894: Total time for which application threads were stopped: 0.0103190 seconds, Stopping threads took: 0.0043390 seconds
192.895: Application time: 0.0006120 seconds
192.895: [GC192.895: [DefNew: 3775K->440K(4288K), 0.0008970 secs] 5292K->5277K(13888K), 0.0009150 secs] [Times: user=0.00 sys=0.00, real=0.00 secs] 
192.896: Total time for which application threads were stopped: 0.0011780 seconds, Stopping threads took: 0.0001990 seconds
192.897: Application time: 0.0010370 seconds
192.961: [GC192.961: [DefNew: 4194K->321K(4288K), 0.0005970 secs] 9031K->6917K(13888K), 0.0006170 secs] [Times: user=0.00 sys=0.00, real=0.00 secs] 
192.962: Total time for which application threads were stopped: 0.0647100 seconds, Stopping threads took: 0.0640330 seconds
192.963: Application time: 0.0008680 seconds
193.033: [GC193.033: [DefNew: 4147K->4147K(4288K), 0.0000080 secs]193.033: [Tenured: 6595K->4181K(9600K), 0.0063290 secs] 10742K->4181K(13888K), [Perm : 5137K->5137K(21248K)], 0.0063770 secs] [Times: user=0.01 sys=0.00, real=0.00 secs] 
193.039: Total time for which application threads were stopped: 0.0763570 seconds, Stopping threads took: 0.0699240 seconds
193.040: Application time: 0.0005620 seconds
193.095: [GC193.095: [DefNew: 3532K->391K(4288K), 0.0008790 secs] 7714K->7308K(13888K), 0.0009030 secs] [Times: user=0.00 sys=0.00, real=0.00 secs] 
193.096: Total time for which application threads were stopped: 0.0564010 seconds, Stopping threads took: 0.0554270 seconds
193.097: Application time: 0.0006520 seconds
193.130: [GC193.130: [DefNew: 4215K->4215K(4288K), 0.0000070 secs]193.130: [Tenured: 6916K->7208K(9600K), 0.0064960 secs] 11131K->7208K(13888K), [Perm : 5137K->5137K(21248K)], 0.0065430 secs] [Times: user=0.01 sys=0.00, real=0.01 secs] 
193.137: Total time for which application threads were stopped: 0.0400650 seconds, Stopping threads took: 0.0334360 seconds
193.213: Application time: 0.0765400 seconds
193.248: [GC193.248: [DefNew: 3825K->3825K(4288K), 0.0000110 secs]193.248: [Tenured: 7208K->1321K(9600K), 0.0056360 secs] 11033K->1321K(13888K), [Perm : 5137K->5137K(21248K)], 0.0056920 secs] [Times: user=0.00 sys=0.00, real=0.01 secs] 
193.254: Total time for which application threads were stopped: 0.0406840 seconds, Stopping threads took: 0.0349080 seconds
193.255: Application time: 0.0005190 seconds
193.255: [GC193.255: [DefNew: 3727K->392K(4288K), 0.0008280 secs] 5049K->5034K(13888K), 0.0008470 secs] [Times: user=0.01 sys=0.00, real=0.00 secs] 
193.256: Total time for which application threads were stopped: 0.0011760 seconds, Stopping threads took: 0.0002670 seconds
193.256: Application time: 0.0005710 seconds
193.323: [GC193.323: [DefNew: 4193K->419K(4288K), 0.0006870 secs] 8835K->7112K(13888K), 0.0007100 secs] [Times: user=0.00 sys=0.00, real=0.00 secs] 
193.324: Total time for which application threads were stopped: 0.0678470 seconds, Stopping threads took: 0.0670720 seconds
193.325: Application time: 0.0007820 seconds
193.395: [GC193.395: [DefNew: 4244K->4244K(4288K), 0.0000090 secs]193.395: [Tenured: 6693K->3986K(9600K), 0.0063490 secs] 10938K->3986K(13888K), [Perm : 5137K->5137K(21248K)], 0.0063950 secs] [Times: user=0.01 sys=0.00, real=0.00 secs] 
193.401: Total time for which application threads were stopped: 0.0764380 seconds, Stopping threads took: 0.0699640 seconds
193.402: Application time: 0.0005350 seconds
193.455: [GC193.455: [DefNew: 3727K->391K(4288K), 0.0008610 secs] 7714K->7112K(13888K), 0.0008940 secs] [Times: user=0.00 sys=0.00, real=0.00 secs] 
193.456: Total time for which application threads were stopped: 0.0539640 seconds, Stopping threads took: 0.0530180 seconds
193.456: Application time: 0.0004330 seconds
193.489: [GC193.489: [DefNew: 4115K->4115K(4288K), 0.0000070 secs]193.489: [Tenured: 6720K->6036K(9600K), 0.0066730 secs] 10836K->6036K(13888K), [Perm : 5137K->5137K(21248K)], 0.0067190 secs] [Times: user=0.01 sys=0.00, real=0.01 secs] 
193.496: Total time for which application threads were stopped: 0.0397660 seconds, Stopping threads took: 0.0329690 seconds
193.497: Application time: 0.0010370 seconds
193.567: [GC193.567: [DefNew: 3825K->3825K(4288K), 0.0000090 secs]193.567: [Tenured: 6036K->3400K(9600K), 0.0061610 secs] 9862K->3400K(13888K), [Perm : 5137K->5137K(21248K)], 0.0062120 secs] [Times: user=0.00 sys=0.00, real=0.01 secs] 
193.574: Total time for which application threads were stopped: 0.0765000 seconds, Stopping threads took: 0.0702070 seconds
193.574: Application time: 0.0007420 seconds
193.621: [GC193.621: [DefNew: 3786K->440K(4288K), 0.0009600 secs] 7187K->6974K(13888K), 0.0009860 secs] [Times: user=0.01 sys=0.00, real=0.00 secs] 
193.622: Total time for which application threads were stopped: 0.0473850 seconds, Stopping threads took: 0.0463460 seconds
193.622: Application time: 0.0003850 seconds
193.686: [GC193.686: [DefNew: 4265K->4265K(4288K), 0.0000060 secs]193.686: [Tenured: 6533K->4348K(9600K), 0.0057360 secs] 10799K->4348K(13888K), [Perm : 5137K->5137K(21248K)], 0.0057820 secs] [Times: user=0.00 sys=0.00, real=0.00 secs] 
193.691: Total time for which application threads were stopped: 0.0693090 seconds, Stopping threads took: 0.0634430 seconds
193.692: Application time: 0.0006940 seconds
193.726: [GC193.726: [DefNew: 3821K->391K(4288K), 0.0009500 secs] 8170K->7865K(13888K), 0.0009760 secs] [Times: user=0.00 sys=0.00, real=0.00 secs] 
193.727: Total time for which application threads were stopped: 0.0348340 seconds, Stopping threads took: 0.0337950 seconds
193.728: Application time: 0.0007930 seconds
193.798: [GC193.798: [DefNew: 4216K->4216K(4288K), 0.0000090 secs]193.798: [Tenured: 7474K->3762K(9600K), 0.0062590 secs] 11690K->3762K(13888K), [Perm : 5137K->5137K(21248K)], 0.0063200 secs] [Times: user=0.00 sys=0.01, real=0.01 secs] 
193.804: Total time for which application threads were stopped: 0.0765570 seconds, Stopping threads took: 0.0701780 seconds
193.805: Application time: 0.0005360 seconds
193.839: [GC193.839: [DefNew: 3630K->391K(4288K), 0.0008880 secs] 7393K->7279K(13888K), 0.0009070 secs] [Times: user=0.00 sys=0.00, real=0.00 secs] 
193.840: Total time for which application threads were stopped: 0.0349890 seconds, Stopping threads took: 0.0340170 seconds
193.841: Application time: 0.0006610 seconds
193.874: [GC193.874: [DefNew: 4210K->4210K(4288K), 0.0000090 secs]193.874: [Tenured: 6888K->5813K(9600K), 0.0056620 secs] 11099K->5813K(13888K), [Perm : 5137K->5137K(21248K)], 0.0057180 secs] [Times: user=0.01 sys=0.00, real=0.00 secs] 
193.880: Total time for which application threads were stopped: 0.0395170 seconds, Stopping threads took: 0.0337260 seconds
193.881: Application time: 0.0008850 seconds
193.951: [GC193.951: [DefNew: 3825K->3825K(4288K), 0.0000080 secs]193.951: [Tenured: 5813K->4251K(9600K), 0.0063020 secs] 9638K->4251K(13888K), [Perm : 5137K->5137K(21248K)], 0.0063500 secs] [Times: user=0.01 sys=0.00, real=0.01 secs] 
193.957: Total time for which application threads were stopped: 0.0761910 seconds, Stopping threads took: 0.0697610 seconds
193.958: Application time: 0.0005430 seconds
194.023: [GC194.023: [DefNew: 3825K->392K(4288K), 0.0008780 secs] 8076K->7377K(13888K), 0.0009050 secs] [Times: user=0.00 sys=0.00, real=0.00 secs] 
194.024: Total time for which application threads were stopped: 0.0662120 seconds, Stopping threads took: 0.0652370 seconds
194.024: Application time: 0.0004520 seconds
194.057: [GC194.057: [DefNew: 4113K->4113K(4288K), 0.0000070 secs]194.057: [Tenured: 6985K->7082K(9600K), 0.0055690 secs] 11099K->7082K(13888K), [Perm : 5137K->5137K(21248K)], 0.0056260 secs] [Times: user=0.00 sys=0.00, real=0.00 secs] 
194.063: Total time for which application threads were stopped: 0.0386220 seconds, Stopping threads took: 0.0329380 seconds
194.135: Application time: 0.0716570 seconds
194.136: [GC194.136: [DefNew: 3825K->3825K(4288K), 0.0000100 secs]194.136: [Tenured: 7082K->2298K(9600K), 0.0051450 secs] 10908K->2298K(13888K), [Perm : 5137K->5137K(21248K)], 0.0052010 secs] [Times: user=0.01 sys=0.00, real=0.00 secs] 
194.141: Total time for which application threads were stopped: 0.0067710 seconds, Stopping threads took: 0.0014880 seconds
194.142: Application time: 0.0005720 seconds
194.175: [GC194.175: [DefNew: 3786K->440K(4288K), 0.0008160 secs] 6084K->5676K(13888K), 0.0008330 secs] [Times: user=0.00 sys=0.00, real=0.00 secs] 
194.176: Total time for which application threads were stopped: 0.0337510 seconds, Stopping threads took: 0.0328530 seconds
194.176: Application time: 0.0004430 seconds
194.241: [GC194.241: [DefNew: 4264K->390K(4288K), 0.0009570 secs] 9499K->8606K(13888K), 0.0009810 secs] [Times: user=0.00 sys=0.00, real=0.00 secs] 
194.242: Total time for which application threads were stopped: 0.0655420 seconds, Stopping threads took: 0.0644890 seconds
194.242: Application time: 0.0007450 seconds
194.313: [GC194.313: [DefNew: 4216K->4216K(4288K), 0.0000090 secs]194.313: [Tenured: 8215K->3917K(9600K), 0.0056730 secs] 12431K->3917K(13888K), [Perm : 5137K->5137K(21248K)], 0.0057260 secs] [Times: user=0.01 sys=0.00, real=0.00 secs] 
194.318: Total time for which application threads were stopped: 0.0758310 seconds, Stopping threads took: 0.0700250 seconds
194.319: Application time: 0.0005570 seconds
194.370: [GC194.370: [DefNew: 3489K->395K(4288K), 0.0007810 secs] 7406K->6656K(13888K), 0.0008050 secs] [Times: user=0.01 sys=0.00, real=0.00 secs] 
194.371: Total time for which application threads were stopped: 0.0521510 seconds, Stopping threads took: 0.0512740 seconds
194.371: Application time: 0.0003660 seconds
194.417: [GC194.417: [DefNew: 4047K->4047K(4288K), 0.0000050 secs]194.417: [Tenured: 6261K->4532K(9600K), 0.0054040 secs] 10309K->4532K(13888K), [Perm : 5137K->5137K(21248K)], 0.0054490 secs] [Times: user=0.01 sys=0.00, real=0.00 secs] 
194.422: Total time for which application threads were stopped: 0.0507460 seconds, Stopping threads took: 0.0452230 seconds
194.423: Application time: 0.0006180 seconds
194.456: [GC194.456: [DefNew: 3721K->391K(4288K), 0.0008010 secs] 8253K->7657K(13888K), 0.0008210 secs] [Times: user=0.00 sys=0.00, real=0.00 secs] 
194.457: Total time for which application threads were stopped: 0.0338170 seconds, Stopping threads took: 0.0329300 seconds
194.457: Application time: 0.0008070 seconds
194.528: [GC194.528: [DefNew: 4216K->4216K(4288K), 0.0000090 secs]194.528: [Tenured: 7266K->3372K(9600K), 0.0062970 secs] 11482K->3372K(13888K), [Perm : 5137K->5137K(21248K)], 0.0063470 secs] [Times: user=0.01 sys=0.00, real=0.01 secs] 
194.534: Total time for which application threads were stopped: 0.0765070 seconds, Stopping threads took: 0.0700820 seconds
194.535: Application time: 0.0006640 seconds
194.569: [GC194.569: [DefNew: 3825K->391K(4288K), 0.0009720 secs] 7198K->7084K(13888K), 0.0009960 secs] [Times: user=0.00 sys=0.00, real=0.00 secs] 
194.570: Total time for which application threads were stopped: 0.0357240 seconds, Stopping threads took: 0.0346560 seconds
194.571: Application time: 0.0007230 seconds
194.605: [GC194.605: [DefNew: 4193K->4193K(4288K), 0.0000070 secs]194.605: [Tenured: 6692K->5549K(9600K), 0.0062050 secs] 10886K->5549K(13888K), [Perm : 5137K->5137K(21248K)], 0.0062550 secs] [Times: user=0.00 sys=0.00, real=0.00 secs] 
194.612: Total time for which application threads were stopped: 0.0405200 seconds, Stopping threads took: 0.0341850 seconds
194.612: Application time: 0.0008710 seconds
194.682: [GC194.682: [DefNew: 3825K->293K(4288K), 0.0008420 secs] 9374K->8186K(13888K), 0.0008720 secs] [Times: user=0.00 sys=0.00, real=0.00 secs] 
194.683: Total time for which application threads were stopped: 0.0707670 seconds, Stopping threads took: 0.0698230 seconds
194.684: Application time: 0.0004670 seconds
194.717: [GC194.717: [DefNew: 4021K->4021K(4288K), 0.0000080 secs]194.717: [Tenured: 7893K->4475K(9600K), 0.0058230 secs] 11914K->4475K(13888K), [Perm : 5137K->5137K(21248K)], 0.0058800 secs] [Times: user=0.01 sys=0.00, real=0.00 secs] 
194.723: Total time for which application threads were stopped: 0.0395290 seconds, Stopping threads took: 0.0335710 seconds
194.724: Application time: 0.0005700 seconds
194.757: [GC194.757: [DefNew: 3803K->419K(4288K), 0.0008310 secs] 8279K->7922K(13888K), 0.0008510 secs] [Times: user=0.00 sys=0.00, real=0.00 secs] 
194.757: Total time for which application threads were stopped: 0.0337090 seconds, Stopping threads took: 0.0327940 seconds
194.830: Application time: 0.0723680 seconds
194.832: [GC194.832: [DefNew: 4245K->4245K(4288K), 0.0000100 secs]194.832: [Tenured: 7503K->2355K(9600K), 0.0059630 secs] 11748K->2355K(13888K), [Perm : 5137K->5137K(21248K)], 0.0060180 secs] [Times: user=0.01 sys=0.00, real=0.01 secs] 
194.838: Total time for which application threads were stopped: 0.0080110 seconds, Stopping threads took: 0.0019130 seconds
194.838: Application time: 0.0006030 seconds
194.871: [GC194.871: [DefNew: 3825K->392K(4288K), 0.0010670 secs] 6181K->5873K(13888K), 0.0010940 secs] [Times: user=0.00 sys=0.00, real=0.01 secs] 
194.872: Total time for which application threads were stopped: 0.0339900 seconds, Stopping threads took: 0.0328260 seconds
194.873: Application time: 0.0007110 seconds
194.938: [GC194.938: [DefNew: 4113K->391K(4288K), 0.0005950 secs] 9594K->7435K(13888K), 0.0006200 secs] [Times: user=0.00 sys=0.00, real=0.00 secs] 
194.938: Total time for which application threads were stopped: 0.0652480 seconds, Stopping threads took: 0.0645610 seconds
194.939: Application time: 0.0003760 seconds
195.009: [GC195.009: [DefNew: 3923K->3923K(4288K), 0.0000070 secs]195.009: [Tenured: 7044K->3665K(9600K), 0.0058850 secs] 10967K->3665K(13888K), [Perm : 5137K->5137K(21248K)], 0.0059340 secs] [Times: user=0.01 sys=0.00, real=0.01 secs] 
195.015: Total time for which application threads were stopped: 0.0760400 seconds, Stopping threads took: 0.0700270 seconds
195.015: Application time: 0.0004810 seconds
195.063: [GC195.063: [DefNew: 3723K->391K(4288K), 0.0007750 secs] 7389K->6791K(13888K), 0.0007950 secs] [Times: user=0.01 sys=0.00, real=0.00 secs] 
195.064: Total time for which application threads were stopped: 0.0488590 seconds, Stopping threads took: 0.0480000 seconds
195.065: Application time: 0.0005990 seconds
195.113: [GC195.113: [DefNew: 4214K->4214K(4288K), 0.0000070 secs]195.113: [Tenured: 6400K->5814K(9600K), 0.0066310 secs] 10615K->5814K(13888K), [Perm : 5137K->5137K(21248K)], 0.0066750 secs] [Times: user=0.01 sys=0.00, real=0.00 secs] 
195.119: Total time for which application threads were stopped: 0.0547350 seconds, Stopping threads took: 0.0479830 seconds
195.120: Application time: 0.0010270 seconds
195.190: [GC195.190: [DefNew: 3825K->3825K(4288K), 0.0000080 secs]195.190: [Tenured: 5814K->4251K(9600K), 0.0062510 secs] 9639K->4251K(13888K), [Perm : 5137K->5137K(21248K)], 0.0062990 secs] [Times: user=0.01 sys=0.00, real=0.01 secs] 
195.197: Total time for which application threads were stopped: 0.0761680 seconds, Stopping threads took: 0.0697890 seconds
195.197: Application time: 0.0006180 seconds
195.231: [GC195.231: [DefNew: 3825K->391K(4288K), 0.0009680 secs] 8076K->7768K(13888K), 0.0009960 secs] [Times: user=0.00 sys=0.00, real=0.00 secs] 
195.232: Total time for which application threads were stopped: 0.0346300 seconds, Stopping threads took: 0.0335620 seconds
195.232: Application time: 0.0004030 seconds
195.297: [GC195.297: [DefNew: 4216K->4216K(4288K), 0.0000080 secs]195.297: [Tenured: 7376K->4349K(9600K), 0.0064370 secs] 11593K->4349K(13888K), [Perm : 5137K->5137K(21248K)], 0.0064820 secs] [Times: user=0.01 sys=0.00, real=0.00 secs] 
195.303: Total time for which application threads were stopped: 0.0711340 seconds, Stopping threads took: 0.0645670 seconds
195.304: Application time: 0.0006730 seconds
195.340: [GC195.340: [DefNew: 3806K->419K(4288K), 0.0008000 secs] 8155K->7406K(13888K), 0.0008310 secs] [Times: user=0.00 sys=0.00, real=0.00 secs] 
195.341: Total time for which application threads were stopped: 0.0371680 seconds, Stopping threads took: 0.0362890 seconds
195.342: Application time: 0.0007550 seconds
195.412: [GC195.412: [DefNew: 4245K->4245K(4288K), 0.0000080 secs]195.412: [Tenured: 6986K->3274K(9600K), 0.0062120 secs] 11231K->3274K(13888K), [Perm : 5137K->5137K(21248K)], 0.0062640 secs] [Times: user=0.00 sys=0.00, real=0.00 secs] 
195.419: Total time for which application threads were stopped: 0.0766050 seconds, Stopping threads took: 0.0702610 seconds
195.419: Application time: 0.0005300 seconds
195.453: [GC195.453: [DefNew: 3727K->392K(4288K), 0.0009180 secs] 7002K->6792K(13888K), 0.0009410 secs] [Times: user=0.00 sys=0.00, real=0.00 secs] 
195.454: Total time for which application threads were stopped: 0.0344290 seconds, Stopping threads took: 0.0334200 seconds
195.454: Application time: 0.0006130 seconds
195.488: [GC195.488: [DefNew: 4217K->4217K(4288K), 0.0000070 secs]195.488: [Tenured: 6400K->5423K(9600K), 0.0065850 secs] 10617K->5423K(13888K), [Perm : 5137K->5137K(21248K)], 0.0066260 secs] [Times: user=0.01 sys=0.00, real=0.01 secs] 
195.495: Total time for which application threads were stopped: 0.0406610 seconds, Stopping threads took: 0.0339850 seconds
195.496: Application time: 0.0010970 seconds
195.566: [GC195.566: [DefNew: 3806K->420K(4288K), 0.0008370 secs] 9229K->7894K(13888K), 0.0015630 secs] [Times: user=0.00 sys=0.00, real=0.00 secs] 
195.568: Total time for which application threads were stopped: 0.0715820 seconds, Stopping threads took: 0.0699280 seconds
195.568: Application time: 0.0004740 seconds
195.601: [GC195.601: [DefNew: 4048K->4048K(4288K), 0.0000070 secs]195.601: [Tenured: 7474K->5256K(9600K), 0.0064990 secs] 11522K->5256K(13888K), [Perm : 5137K->5137K(21248K)], 0.0065420 secs] [Times: user=0.00 sys=0.00, real=0.01 secs] 
195.608: Total time for which application threads were stopped: 0.0398940 seconds, Stopping threads took: 0.0332790 seconds
195.609: Application time: 0.0006750 seconds
195.644: [GC195.644: [DefNew: 3823K->391K(4288K), 0.0008780 secs] 9080K->8480K(13888K), 0.0009050 secs] [Times: user=0.00 sys=0.00, real=0.01 secs] 
195.645: Total time for which application threads were stopped: 0.0358650 seconds, Stopping threads took: 0.0348900 seconds
195.716: Application time: 0.0710250 seconds
195.719: [GC195.719: [DefNew: 4099K->4099K(4288K), 0.0000080 secs]195.719: [Tenured: 8089K->2356K(9600K), 0.0052280 secs] 12188K->2356K(13888K), [Perm : 5137K->5137K(21248K)], 0.0052810 secs] [Times: user=0.01 sys=0.00, real=0.00 secs] 
195.724: Total time for which application threads were stopped: 0.0083260 seconds, Stopping threads took: 0.0029630 seconds
195.724: Application time: 0.0005610 seconds
195.725: [GC195.725: [DefNew: 3823K->392K(4288K), 0.0008380 secs] 6179K->6166K(13888K), 0.0008580 secs] [Times: user=0.00 sys=0.00, real=0.00 secs] 
195.726: Total time for which application threads were stopped: 0.0011630 seconds, Stopping threads took: 0.0002430 seconds
195.726: Application time: 0.0008940 seconds
195.793: [GC195.793: [DefNew: 4217K->4217K(4288K), 0.0000080 secs]195.793: [Tenured: 5774K->4154K(9600K), 0.0060930 secs] 9991K->4154K(13888K), [Perm : 5137K->5137K(21248K)], 0.0061440 secs] [Times: user=0.01 sys=0.00, real=0.00 secs] 
195.799: Total time for which application threads were stopped: 0.0723320 seconds, Stopping threads took: 0.0661080 seconds
195.799: Application time: 0.0004420 seconds
195.860: [GC195.860: [DefNew: 3532K->391K(4288K), 0.0010560 secs] 7686K->7280K(13888K), 0.0010910 secs] [Times: user=0.00 sys=0.00, real=0.00 secs] 
195.861: Total time for which application threads were stopped: 0.0621260 seconds, Stopping threads took: 0.0609650 seconds
195.862: Application time: 0.0006290 seconds
195.896: [GC195.896: [DefNew: 4113K->4113K(4288K), 0.0000060 secs]195.896: [Tenured: 6888K->6009K(9600K), 0.0054820 secs] 11002K->6009K(13888K), [Perm : 5137K->5137K(21248K)], 0.0055380 secs] [Times: user=0.01 sys=0.00, real=0.00 secs] 
195.901: Total time for which application threads were stopped: 0.0394020 seconds, Stopping threads took: 0.0337900 seconds
195.902: Application time: 0.0009200 seconds
195.973: [GC195.973: [DefNew: 3825K->3825K(4288K), 0.0000090 secs]195.973: [Tenured: 6009K->3372K(9600K), 0.0061620 secs] 9834K->3372K(13888K), [Perm : 5137K->5137K(21248K)], 0.0062150 secs] [Times: user=0.01 sys=0.00, real=0.00 secs] 
195.979: Total time for which application threads were stopped: 0.0768530 seconds, Stopping threads took: 0.0705570 seconds
195.980: Application time: 0.0005070 seconds
196.013: [GC196.013: [DefNew: 3825K->391K(4288K), 0.0009370 secs] 7198K->7085K(13888K), 0.0009600 secs] [Times: user=0.00 sys=0.00, real=0.00 secs] 
196.014: Total time for which application threads were stopped: 0.0340020 seconds, Stopping threads took: 0.0329760 seconds
196.014: Application time: 0.0006670 seconds
196.078: [GC196.078: [DefNew: 4117K->4117K(4288K), 0.0000080 secs]196.078: [Tenured: 6693K->4446K(9600K), 0.0063400 secs] 10810K->4446K(13888K), [Perm : 5137K->5137K(21248K)], 0.0063910 secs] [Times: user=0.01 sys=0.00, real=0.00 secs] 
196.084: Total time for which application threads were stopped: 0.0698920 seconds, Stopping threads took: 0.0634220 seconds
196.085: Application time: 0.0007460 seconds
196.150: [GC196.150: [DefNew: 3806K->420K(4288K), 0.0007650 secs] 8252K->7015K(13888K), 0.0007880 secs] [Times: user=0.00 sys=0.00, real=0.00 secs] 
196.150: Total time for which application threads were stopped: 0.0653600 seconds, Stopping threads took: 0.0645030 seconds
196.151: Application time: 0.0003910 seconds
196.184: [GC196.184: [DefNew: 4245K->4245K(4288K), 0.0000060 secs]196.184: [Tenured: 6595K->4447K(9600K), 0.0054740 secs] 10840K->4447K(13888K), [Perm : 5137K->5137K(21248K)], 0.0055210 secs] [Times: user=0.01 sys=0.00, real=0.01 secs] 
196.190: Total time for which application threads were stopped: 0.0387460 seconds, Stopping threads took: 0.0331460 seconds
196.190: Application time: 0.0006140 seconds
196.225: [GC196.225: [DefNew: 3803K->419K(4288K), 0.0008640 secs] 8251K->7601K(13888K), 0.0008870 secs] [Times: user=0.00 sys=0.00, real=0.00 secs] 
196.226: Total time for which application threads were stopped: 0.0358860 seconds, Stopping threads took: 0.0349500 seconds
196.227: Application time: 0.0008020 seconds
196.297: [GC196.297: [DefNew: 4245K->4245K(4288K), 0.0000080 secs]196.297: [Tenured: 7181K->3401K(9600K), 0.0058790 secs] 11427K->3401K(13888K), [Perm : 5137K->5137K(21248K)], 0.0059310 secs] [Times: user=0.00 sys=0.00, real=0.00 secs] 
196.303: Total time for which application threads were stopped: 0.0762590 seconds, Stopping threads took: 0.0702490 seconds
196.304: Application time: 0.0006830 seconds
196.337: [GC196.337: [DefNew: 3678K->391K(4288K), 0.0009200 secs] 7079K->6918K(13888K), 0.0009450 secs] [Times: user=0.00 sys=0.00, real=0.00 secs] 
196.338: Total time for which application threads were stopped: 0.0340370 seconds, Stopping threads took: 0.0330320 seconds
196.338: Application time: 0.0006210 seconds
196.372: [GC196.372: [DefNew: 4045K->4045K(4288K), 0.0000070 secs]196.372: [Tenured: 6526K->5285K(9600K), 0.0064130 secs] 10572K->5285K(13888K), [Perm : 5137K->5137K(21248K)], 0.0064560 secs] [Times: user=0.01 sys=0.00, real=0.01 secs] 
196.378: Total time for which application threads were stopped: 0.0399450 seconds, Stopping threads took: 0.0334070 seconds
196.379: Application time: 0.0009120 seconds
196.450: [GC196.450: [DefNew: 3825K->391K(4288K), 0.0007570 secs] 9110K->7629K(13888K), 0.0007870 secs] [Times: user=0.00 sys=0.00, real=0.00 secs] 
196.451: Total time for which application threads were stopped: 0.0715410 seconds, Stopping threads took: 0.0706790 seconds
196.451: Application time: 0.0003880 seconds
196.486: [GC196.486: [DefNew: 4021K->4021K(4288K), 0.0000050 secs]196.486: [Tenured: 7238K->5187K(9600K), 0.0058280 secs] 11259K->5187K(13888K), [Perm : 5137K->5137K(21248K)], 0.0058720 secs] [Times: user=0.01 sys=0.00, real=0.00 secs] 
196.492: Total time for which application threads were stopped: 0.0405680 seconds, Stopping threads took: 0.0346120 seconds
196.492: Application time: 0.0005600 seconds
196.555: [GC196.555: [DefNew: 3823K->391K(4288K), 0.0008950 secs] 9011K->8411K(13888K), 0.0009180 secs] [Times: user=0.00 sys=0.00, real=0.00 secs] 
196.556: Total time for which application threads were stopped: 0.0634340 seconds, Stopping threads took: 0.0624670 seconds
196.557: Application time: 0.0009560 seconds
196.624: [GC196.624: [DefNew: 4216K->4216K(4288K), 0.0000090 secs]196.624: [Tenured: 8020K->4154K(9600K), 0.0064900 secs] 12236K->4154K(13888K), [Perm : 5137K->5137K(21248K)], 0.0065420 secs] [Times: user=0.01 sys=0.00, real=0.01 secs] 
196.630: Total time for which application threads were stopped: 0.0733450 seconds, Stopping threads took: 0.0667430 seconds
196.631: Application time: 0.0009140 seconds
196.694: [GC196.694: [DefNew: 3806K->420K(4288K), 0.0009380 secs] 7960K->7504K(13888K), 0.0009630 secs] [Times: user=0.00 sys=0.00, real=0.00 secs] 
196.695: Total time for which application threads were stopped: 0.0640820 seconds, Stopping threads took: 0.0630480 seconds
196.696: Application time: 0.0003870 seconds
196.751: [GC196.751: [DefNew: 4147K->4147K(4288K), 0.0000070 secs]196.751: [Tenured: 7084K->4085K(9600K), 0.0056830 secs] 11231K->4085K(13888K), [Perm : 5137K->5137K(21248K)], 0.0057300 secs] [Times: user=0.00 sys=0.00, real=0.01 secs] 
196.757: Total time for which application threads were stopped: 0.0612940 seconds, Stopping threads took: 0.0554870 seconds
196.757: Application time: 0.0004420 seconds
196.791: [GC196.791: [DefNew: 3825K->391K(4288K), 0.0008900 secs] 7910K->7602K(13888K), 0.0009100 secs] [Times: user=0.00 sys=0.00, real=0.00 secs] 
196.792: Total time for which application threads were stopped: 0.0344560 seconds, Stopping threads took: 0.0334810 seconds
196.863: Application time: 0.0717180 seconds
196.866: [GC196.866: [DefNew: 3923K->3923K(4288K), 0.0000100 secs]196.866: [Tenured: 7210K->1741K(9600K), 0.0058950 secs] 11134K->1741K(13888K), [Perm : 5137K->5137K(21248K)], 0.0059480 secs] [Times: user=0.01 sys=0.00, real=0.00 secs] 
196.872: Total time for which application threads were stopped: 0.0083600 seconds, Stopping threads took: 0.0023300 seconds
196.872: Application time: 0.0006300 seconds
196.873: [GC196.873: [DefNew: 3776K->392K(4288K), 0.0008720 secs] 5517K->5453K(13888K), 0.0008900 secs] [Times: user=0.01 sys=0.00, real=0.00 secs] 
196.874: Total time for which application threads were stopped: 0.0013350 seconds, Stopping threads took: 0.0004010 seconds
196.875: Application time: 0.0013730 seconds
196.944: [GC196.945: [DefNew: 4047K->321K(4288K), 0.0005340 secs] 9109K->6751K(13888K), 0.0005560 secs] [Times: user=0.00 sys=0.00, real=0.00 secs] 
196.945: Total time for which application threads were stopped: 0.0699230 seconds, Stopping threads took: 0.0693030 seconds
196.945: Application time: 0.0003960 seconds
197.014: [GC197.014: [DefNew: 3951K->3951K(4288K), 0.0000070 secs]197.014: [Tenured: 6429K->4113K(9600K), 0.0062780 secs] 10381K->4113K(13888K), [Perm : 5137K->5137K(21248K)], 0.0063270 secs] [Times: user=0.01 sys=0.00, real=0.00 secs] 
197.021: Total time for which application threads were stopped: 0.0750810 seconds, Stopping threads took: 0.0686770 seconds
197.021: Application time: 0.0005020 seconds
197.062: [GC197.062: [DefNew: 3825K->391K(4288K), 0.0007920 secs] 7938K->7044K(13888K), 0.0008130 secs] [Times: user=0.00 sys=0.00, real=0.00 secs] 
197.063: Total time for which application threads were stopped: 0.0421990 seconds, Stopping threads took: 0.0413190 seconds
197.064: Application time: 0.0006660 seconds
197.097: [GC197.097: [DefNew: 4209K->4209K(4288K), 0.0000070 secs]197.097: [Tenured: 6652K->7376K(9600K), 0.0069370 secs] 10861K->7376K(13888K), [Perm : 5137K->5137K(21248K)], 0.0069830 secs] [Times: user=0.00 sys=0.00, real=0.00 secs] 
197.104: Total time for which application threads were stopped: 0.0400650 seconds, Stopping threads took: 0.0330050 seconds
197.175: Application time: 0.0714120 seconds
197.211: [GC197.211: [DefNew: 3825K->3825K(4288K), 0.0000090 secs]197.211: [Tenured: 7376K->1517K(9600K), 0.0046440 secs] 11202K->1517K(13888K), [Perm : 5137K->5137K(21248K)], 0.0047050 secs] [Times: user=0.01 sys=0.00, real=0.01 secs] 
197.215: Total time for which application threads were stopped: 0.0399520 seconds, Stopping threads took: 0.0351660 seconds
197.216: Application time: 0.0004970 seconds
197.216: [GC197.216: [DefNew: 3725K->392K(4288K), 0.0008070 secs] 5243K->5230K(13888K), 0.0008270 secs] [Times: user=0.00 sys=0.00, real=0.00 secs] 
197.217: Total time for which application threads were stopped: 0.0011330 seconds, Stopping threads took: 0.0002410 seconds
197.220: Application time: 0.0033580 seconds
197.288: [GC197.288: [DefNew: 4213K->391K(4288K), 0.0002290 secs] 9051K->5230K(13888K), 0.0002490 secs] [Times: user=0.00 sys=0.00, real=0.00 secs] 
197.288: Total time for which application threads were stopped: 0.0677850 seconds, Stopping threads took: 0.0674980 seconds
197.288: Application time: 0.0002620 seconds
197.338: [GC197.338: [DefNew: 4116K->391K(4288K), 0.0008860 secs] 8956K->8355K(13888K), 0.0009070 secs] [Times: user=0.00 sys=0.00, real=0.00 secs] 
197.339: Total time for which application threads were stopped: 0.0503390 seconds, Stopping threads took: 0.0493680 seconds
197.339: Application time: 0.0006580 seconds
197.409: [GC197.409: [DefNew: 4197K->4197K(4288K), 0.0000080 secs]197.409: [Tenured: 7964K->3596K(9600K), 0.0053900 secs] 12161K->3596K(13888K), [Perm : 5137K->5137K(21248K)], 0.0054420 secs] [Times: user=0.00 sys=0.00, real=0.01 secs] 
197.415: Total time for which application threads were stopped: 0.0754970 seconds, Stopping threads took: 0.0699640 seconds
197.415: Application time: 0.0004990 seconds
197.449: [GC197.449: [DefNew: 3825K->391K(4288K), 0.0009410 secs] 7422K->7309K(13888K), 0.0009620 secs] [Times: user=0.00 sys=0.00, real=0.00 secs] 
197.450: Total time for which application threads were stopped: 0.0346420 seconds, Stopping threads took: 0.0336130 seconds
197.450: Application time: 0.0004140 seconds
197.515: [GC197.515: [DefNew: 4214K->4214K(4288K), 0.0000080 secs]197.515: [Tenured: 6917K->4768K(9600K), 0.0060850 secs] 11132K->4768K(13888K), [Perm : 5137K->5137K(21248K)], 0.0061340 secs] [Times: user=0.00 sys=0.00, real=0.00 secs] 
197.522: Total time for which application threads were stopped: 0.0710990 seconds, Stopping threads took: 0.0648860 seconds
197.522: Application time: 0.0007540 seconds
197.575: [GC197.575: [DefNew: 3708K->420K(4288K), 0.0008530 secs] 8477K->7532K(13888K), 0.0008830 secs] [Times: user=0.00 sys=0.00, real=0.00 secs] 
197.576: Total time for which application threads were stopped: 0.0534020 seconds, Stopping threads took: 0.0524440 seconds
197.576: Application time: 0.0004290 seconds
197.609: [GC197.609: [DefNew: 4245K->4245K(4288K), 0.0000060 secs]197.609: [Tenured: 7112K->4643K(9600K), 0.0057540 secs] 11357K->4643K(13888K), [Perm : 5137K->5137K(21248K)], 0.0057990 secs] [Times: user=0.00 sys=0.00, real=0.01 secs] 
197.615: Total time for which application threads were stopped: 0.0390400 seconds, Stopping threads took: 0.0331650 seconds
197.616: Application time: 0.0007300 seconds
197.667: [GC197.667: [DefNew: 3821K->391K(4288K), 0.0008630 secs] 8464K->7768K(13888K), 0.0008850 secs] [Times: user=0.00 sys=0.00, real=0.00 secs] 
197.668: Total time for which application threads were stopped: 0.0521950 seconds, Stopping threads took: 0.0512420 seconds
197.669: Application time: 0.0007040 seconds
197.739: [GC197.739: [DefNew: 4216K->4216K(4288K), 0.0000080 secs]197.739: [Tenured: 7377K->3666K(9600K), 0.0063330 secs] 11594K->3666K(13888K), [Perm : 5137K->5137K(21248K)], 0.0063800 secs] [Times: user=0.01 sys=0.00, real=0.01 secs] 
197.745: Total time for which application threads were stopped: 0.0765950 seconds, Stopping threads took: 0.0701380 seconds
197.746: Application time: 0.0005630 seconds
197.816: [GC197.816: [DefNew: 3708K->420K(4288K), 0.0007820 secs] 7374K->6430K(13888K), 0.0008070 secs] [Times: user=0.00 sys=0.00, real=0.00 secs] 
197.817: Total time for which application threads were stopped: 0.0710020 seconds, Stopping threads took: 0.0701170 seconds
197.817: Application time: 0.0004540 seconds
197.818: [GC197.818: [DefNew: 4241K->4241K(4288K), 0.0000070 secs]197.818: [Tenured: 6010K->7893K(9600K), 0.0062600 secs] 10252K->7893K(13888K), [Perm : 5137K->5137K(21248K)], 0.0063030 secs] [Times: user=0.01 sys=0.00, real=0.00 secs] 
197.824: Total time for which application threads were stopped: 0.0067230 seconds, Stopping threads took: 0.0003530 seconds
197.896: Application time: 0.0720040 seconds
197.899: [GC197.899: [DefNew: 3825K->3825K(4288K), 0.0000090 secs]197.899: [Tenured: 7893K->3108K(9600K), 0.0049750 secs] 11719K->3108K(13888K), [Perm : 5137K->5137K(21248K)], 0.0050320 secs] [Times: user=0.01 sys=0.00, real=0.00 secs] 
197.904: Total time for which application threads were stopped: 0.0075780 seconds, Stopping threads took: 0.0024620 seconds
197.904: Application time: 0.0005670 seconds
197.938: [GC197.938: [DefNew: 3727K->391K(4288K), 0.0007880 secs] 6836K->6235K(13888K), 0.0008090 secs] [Times: user=0.00 sys=0.00, real=0.00 secs] 
197.939: Total time for which application threads were stopped: 0.0343600 seconds, Stopping threads took: 0.0334780 seconds
197.939: Application time: 0.0004280 seconds
197.973: [GC197.973: [DefNew: 4212K->4212K(4288K), 0.0000070 secs]197.973: [Tenured: 5843K->5228K(9600K), 0.0063740 secs] 10056K->5228K(13888K), [Perm : 5137K->5137K(21248K)], 0.0064220 secs] [Times: user=0.01 sys=0.00, real=0.00 secs] 
197.980: Total time for which application threads were stopped: 0.0404960 seconds, Stopping threads took: 0.0339970 seconds
197.980: Application time: 0.0008280 seconds
198.050: [GC198.050: [DefNew: 3825K->391K(4288K), 0.0007580 secs] 9053K->7573K(13888K), 0.0007870 secs] [Times: user=0.00 sys=0.00, real=0.00 secs] 
198.051: Total time for which application threads were stopped: 0.0707390 seconds, Stopping threads took: 0.0698760 seconds
198.052: Application time: 0.0006260 seconds
198.087: [GC198.087: [DefNew: 4178K->4178K(4288K), 0.0000060 secs]198.087: [Tenured: 7181K->4113K(9600K), 0.0051120 secs] 11360K->4113K(13888K), [Perm : 5137K->5137K(21248K)], 0.0051570 secs] [Times: user=0.01 sys=0.00, real=0.01 secs] 
198.093: Total time for which application threads were stopped: 0.0408110 seconds, Stopping threads took: 0.0355890 seconds
198.093: Application time: 0.0004990 seconds
198.140: [GC198.140: [DefNew: 3629K->391K(4288K), 0.0007470 secs] 7743K->6849K(13888K), 0.0007720 secs] [Times: user=0.00 sys=0.00, real=0.00 secs] 
198.141: Total time for which application threads were stopped: 0.0478850 seconds, Stopping threads took: 0.0470430 seconds
198.142: Application time: 0.0006020 seconds
198.175: [GC198.175: [DefNew: 4113K->4113K(4288K), 0.0000050 secs]198.175: [Tenured: 6457K->6066K(9600K), 0.0059990 secs] 10570K->6066K(13888K), [Perm : 5137K->5137K(21248K)], 0.0060430 secs] [Times: user=0.01 sys=0.00, real=0.00 secs] 
198.181: Total time for which application threads were stopped: 0.0396660 seconds, Stopping threads took: 0.0335470 seconds
198.182: Application time: 0.0009510 seconds
198.252: [GC198.252: [DefNew: 3825K->3825K(4288K), 0.0000090 secs]198.252: [Tenured: 6066K->3430K(9600K), 0.0061080 secs] 9891K->3430K(13888K), [Perm : 5137K->5137K(21248K)], 0.0061630 secs] [Times: user=0.01 sys=0.00, real=0.01 secs] 
198.258: Total time for which application threads were stopped: 0.0760600 seconds, Stopping threads took: 0.0698370 seconds
198.259: Application time: 0.0006550 seconds
198.292: [GC198.292: [DefNew: 3708K->420K(4288K), 0.0009830 secs] 7138K->6976K(13888K), 0.0010100 secs] [Times: user=0.00 sys=0.00, real=0.01 secs] 
198.293: Total time for which application threads were stopped: 0.0341380 seconds, Stopping threads took: 0.0330550 seconds
198.294: Application time: 0.0006560 seconds
198.327: [GC198.327: [DefNew: 4239K->4239K(4288K), 0.0000050 secs]198.327: [Tenured: 6555K->7572K(9600K), 0.0063570 secs] 10795K->7572K(13888K), [Perm : 5137K->5137K(21248K)], 0.0064030 secs] [Times: user=0.01 sys=0.00, real=0.01 secs] 
198.333: Total time for which application threads were stopped: 0.0395460 seconds, Stopping threads took: 0.0330580 seconds
198.405: Application time: 0.0713480 seconds
198.407: [GC198.407: [DefNew: 3825K->3825K(4288K), 0.0000090 secs]198.407: [Tenured: 7572K->2787K(9600K), 0.0053680 secs] 11397K->2787K(13888K), [Perm : 5137K->5137K(21248K)], 0.0054220 secs] [Times: user=0.01 sys=0.00, real=0.00 secs] 
198.412: Total time for which application threads were stopped: 0.0076300 seconds, Stopping threads took: 0.0021270 seconds
198.413: Application time: 0.0005110 seconds
198.446: [GC198.446: [DefNew: 3727K->391K(4288K), 0.0009150 secs] 6515K->6500K(13888K), 0.0009370 secs] [Times: user=0.00 sys=0.00, real=0.00 secs] 
198.447: Total time for which application threads were stopped: 0.0340250 seconds, Stopping threads took: 0.0330140 seconds
198.448: Application time: 0.0008920 seconds
198.517: [GC198.517: [DefNew: 4216K->4216K(4288K), 0.0000070 secs]198.517: [Tenured: 6108K->3862K(9600K), 0.0060490 secs] 10325K->3862K(13888K), [Perm : 5137K->5137K(21248K)], 0.0060980 secs] [Times: user=0.01 sys=0.00, real=0.00 secs] 
198.524: Total time for which application threads were stopped: 0.0758510 seconds, Stopping threads took: 0.0696970 seconds
198.524: Application time: 0.0004470 seconds
198.574: [GC198.574: [DefNew: 3825K->392K(4288K), 0.0008990 secs] 7687K->6988K(13888K), 0.0009230 secs] [Times: user=0.00 sys=0.00, real=0.00 secs] 
198.575: Total time for which application threads were stopped: 0.0506200 seconds, Stopping threads took: 0.0496250 seconds
198.575: Application time: 0.0004200 seconds
198.576: [GC198.576: [DefNew: 4113K->4113K(4288K), 0.0000060 secs]198.576: [Tenured: 6596K->8158K(9600K), 0.0063070 secs] 10710K->8158K(13888K), [Perm : 5137K->5137K(21248K)], 0.0063520 secs] [Times: user=0.00 sys=0.00, real=0.00 secs] 
198.582: Total time for which application threads were stopped: 0.0069130 seconds, Stopping threads took: 0.0004840 seconds
198.654: Application time: 0.0723730 seconds
198.656: [GC198.656: [DefNew: 3825K->3825K(4288K), 0.0000100 secs]198.656: [Tenured: 8158K->3373K(9600K), 0.0055520 secs] 11983K->3373K(13888K), [Perm : 5137K->5137K(21248K)], 0.0056070 secs] [Times: user=0.01 sys=0.00, real=0.00 secs] 
198.661: Total time for which application threads were stopped: 0.0070270 seconds, Stopping threads took: 0.0013360 seconds
198.662: Application time: 0.0006060 seconds
198.695: [GC198.695: [DefNew: 3708K->420K(4288K), 0.0008690 secs] 7081K->6723K(13888K), 0.0008900 secs] [Times: user=0.00 sys=0.00, real=0.00 secs] 
198.696: Total time for which application threads were stopped: 0.0341370 seconds, Stopping threads took: 0.0331800 seconds
198.697: Application time: 0.0004910 seconds
198.730: [GC198.730: [DefNew: 4243K->4243K(4288K), 0.0000070 secs]198.730: [Tenured: 6303K->6527K(9600K), 0.0063390 secs] 10546K->6527K(13888K), [Perm : 5137K->5137K(21248K)], 0.0063870 secs] [Times: user=0.01 sys=0.00, real=0.01 secs] 
198.736: Total time for which application threads were stopped: 0.0394140 seconds, Stopping threads took: 0.0329690 seconds
198.808: Application time: 0.0723530 seconds
198.809: [GC198.809: [DefNew: 3825K->3825K(4288K), 0.0000100 secs]198.810: [Tenured: 6527K->1741K(9600K), 0.0058100 secs] 10352K->1741K(13888K), [Perm : 5137K->5137K(21248K)], 0.0058580 secs] [Times: user=0.01 sys=0.00, real=0.01 secs] 
198.815: Total time for which application threads were stopped: 0.0069740 seconds, Stopping threads took: 0.0010560 seconds
198.816: Application time: 0.0006870 seconds
198.816: [GC198.816: [DefNew: 3804K->420K(4288K), 0.0008890 secs] 5546K->5482K(13888K), 0.0009110 secs] [Times: user=0.00 sys=0.00, real=0.00 secs] 
198.817: Total time for which application threads were stopped: 0.0012030 seconds, Stopping threads took: 0.0002460 seconds
198.818: Application time: 0.0004750 seconds
198.882: [GC198.882: [DefNew: 4243K->293K(4288K), 0.0009310 secs] 9305K->7728K(13888K), 0.0009630 secs] [Times: user=0.00 sys=0.00, real=0.00 secs] 
198.883: Total time for which application threads were stopped: 0.0650120 seconds, Stopping threads took: 0.0639590 seconds
198.884: Application time: 0.0008420 seconds
198.938: [GC198.939: [DefNew: 4118K->4118K(4288K), 0.0000070 secs]198.939: [Tenured: 7435K->4504K(9600K), 0.0057290 secs] 11554K->4504K(13888K), [Perm : 5137K->5137K(21248K)], 0.0057760 secs] [Times: user=0.01 sys=0.00, real=0.00 secs] 
198.944: Total time for which application threads were stopped: 0.0607210 seconds, Stopping threads took: 0.0548570 seconds
198.945: Application time: 0.0004520 seconds
199.012: [GC199.012: [DefNew: 3532K->391K(4288K), 0.0007310 secs] 8037K->6849K(13888K), 0.0007570 secs] [Times: user=0.00 sys=0.00, real=0.01 secs] 
199.012: Total time for which application threads were stopped: 0.0676580 seconds, Stopping threads took: 0.0668410 seconds
199.013: Application time: 0.0003480 seconds
199.046: [GC199.046: [DefNew: 4115K->4115K(4288K), 0.0000060 secs]199.046: [Tenured: 6458K->5229K(9600K), 0.0059210 secs] 10573K->5229K(13888K), [Perm : 5137K->5137K(21248K)], 0.0059650 secs] [Times: user=0.01 sys=0.00, real=0.00 secs] 
199.052: Total time for which application threads were stopped: 0.0394060 seconds, Stopping threads took: 0.0333650 seconds
199.053: Application time: 0.0006790 seconds
199.100: [GC199.100: [DefNew: 3823K->391K(4288K), 0.0008530 secs] 9052K->8159K(13888K), 0.0008800 secs] [Times: user=0.00 sys=0.00, real=0.00 secs] 
199.101: Total time for which application threads were stopped: 0.0482050 seconds, Stopping threads took: 0.0472550 seconds
199.102: Application time: 0.0008900 seconds
199.172: [GC199.172: [DefNew: 4216K->4216K(4288K), 0.0000080 secs]199.172: [Tenured: 7768K->4252K(9600K), 0.0061720 secs] 11985K->4252K(13888K), [Perm : 5137K->5137K(21248K)], 0.0062200 secs] [Times: user=0.01 sys=0.00, real=0.01 secs] 
199.178: Total time for which application threads were stopped: 0.0760950 seconds, Stopping threads took: 0.0698000 seconds
199.179: Application time: 0.0006920 seconds
199.215: [GC199.215: [DefNew: 3825K->391K(4288K), 0.0009560 secs] 8078K->7769K(13888K), 0.0009820 secs] [Times: user=0.01 sys=0.00, real=0.00 secs] 
199.216: Total time for which application threads were stopped: 0.0371990 seconds, Stopping threads took: 0.0361550 seconds
199.217: Application time: 0.0007420 seconds
199.287: [GC199.287: [DefNew: 4099K->4099K(4288K), 0.0000080 secs]199.287: [Tenured: 7377K->3109K(9600K), 0.0061690 secs] 11477K->3109K(13888K), [Perm : 5137K->5137K(21248K)], 0.0062150 secs] [Times: user=0.01 sys=0.00, real=0.01 secs] 
199.293: Total time for which application threads were stopped: 0.0766460 seconds, Stopping threads took: 0.0703760 seconds
199.294: Application time: 0.0005210 seconds
199.327: [GC199.327: [DefNew: 3806K->420K(4288K), 0.0008550 secs] 6915K->6264K(13888K), 0.0008790 secs] [Times: user=0.01 sys=0.00, real=0.00 secs] 
199.328: Total time for which application threads were stopped: 0.0340180 seconds, Stopping threads took: 0.0330920 seconds
199.329: Application time: 0.0007140 seconds
199.361: [GC199.361: [DefNew: 4239K->4239K(4288K), 0.0000050 secs]199.362: [Tenured: 5843K->7434K(9600K), 0.0056950 secs] 10083K->7434K(13888K), [Perm : 5137K->5137K(21248K)], 0.0057390 secs] [Times: user=0.00 sys=0.00, real=0.01 secs] 
199.367: Total time for which application threads were stopped: 0.0386560 seconds, Stopping threads took: 0.0328420 seconds
199.439: Application time: 0.0714590 seconds
199.441: [GC199.441: [DefNew: 3727K->3727K(4288K), 0.0000090 secs]199.441: [Tenured: 7434K->2495K(9600K), 0.0054330 secs] 11161K->2495K(13888K), [Perm : 5137K->5137K(21248K)], 0.0054880 secs] [Times: user=0.01 sys=0.00, real=0.01 secs] 
199.446: Total time for which application threads were stopped: 0.0076070 seconds, Stopping threads took: 0.0020370 seconds
199.447: Application time: 0.0005430 seconds
199.447: [GC199.447: [DefNew: 3823K->391K(4288K), 0.0008450 secs] 6318K->6304K(13888K), 0.0008660 secs] [Times: user=0.00 sys=0.00, real=0.00 secs] 
199.448: Total time for which application threads were stopped: 0.0014770 seconds, Stopping threads took: 0.0005450 seconds
199.521: Application time: 0.0725650 seconds
199.522: [GC199.522: [DefNew: 4216K->4216K(4288K), 0.0000090 secs]199.522: [Tenured: 5913K->1519K(9600K), 0.0053730 secs] 10129K->1519K(13888K), [Perm : 5137K->5137K(21248K)], 0.0054290 secs] [Times: user=0.01 sys=0.00, real=0.01 secs] 
199.528: Total time for which application threads were stopped: 0.0069760 seconds, Stopping threads took: 0.0014620 seconds
199.529: Application time: 0.0006340 seconds
199.529: [GC199.529: [DefNew: 3727K->392K(4288K), 0.0008640 secs] 5246K->5231K(13888K), 0.0008870 secs] [Times: user=0.00 sys=0.00, real=0.00 secs] 
199.530: Total time for which application threads were stopped: 0.0012820 seconds, Stopping threads took: 0.0003490 seconds
199.531: Application time: 0.0013770 seconds
199.592: [GC199.592: [DefNew: 4213K->293K(4288K), 0.0006390 secs] 9052K->7086K(13888K), 0.0006630 secs] [Times: user=0.00 sys=0.00, real=0.01 secs] 
199.593: Total time for which application threads were stopped: 0.0615380 seconds, Stopping threads took: 0.0608090 seconds
199.594: Application time: 0.0007940 seconds
199.656: [GC199.656: [DefNew: 4099K->4099K(4288K), 0.0000070 secs]199.656: [Tenured: 6793K->4183K(9600K), 0.0061310 secs] 10892K->4183K(13888K), [Perm : 5137K->5137K(21248K)], 0.0061790 secs] [Times: user=0.00 sys=0.00, real=0.00 secs] 
199.662: Total time for which application threads were stopped: 0.0682930 seconds, Stopping threads took: 0.0620340 seconds
199.662: Application time: 0.0004770 seconds
199.698: [GC199.698: [DefNew: 3532K->391K(4288K), 0.0008560 secs] 7715K->7309K(13888K), 0.0008780 secs] [Times: user=0.00 sys=0.00, real=0.00 secs] 
199.699: Total time for which application threads were stopped: 0.0367810 seconds, Stopping threads took: 0.0358350 seconds
199.700: Application time: 0.0006490 seconds
199.733: [GC199.733: [DefNew: 4211K->4211K(4288K), 0.0000060 secs]199.733: [Tenured: 6918K->7210K(9600K), 0.0062840 secs] 11129K->7210K(13888K), [Perm : 5137K->5137K(21248K)], 0.0063280 secs] [Times: user=0.00 sys=0.00, real=0.00 secs] 
199.739: Total time for which application threads were stopped: 0.0393700 seconds, Stopping threads took: 0.0329670 seconds
199.811: Application time: 0.0721420 seconds
199.813: [GC199.813: [DefNew: 3727K->3727K(4288K), 0.0000090 secs]199.813: [Tenured: 7210K->2275K(9600K), 0.0053160 secs] 10938K->2275K(13888K), [Perm : 5137K->5137K(21248K)], 0.0053690 secs] [Times: user=0.00 sys=0.00, real=0.00 secs] 
199.819: Total time for which application threads were stopped: 0.0073040 seconds, Stopping threads took: 0.0018530 seconds
199.819: Application time: 0.0005930 seconds
199.853: [GC199.853: [DefNew: 3706K->420K(4288K), 0.0010100 secs] 5982K->5626K(13888K), 0.0010370 secs] [Times: user=0.00 sys=0.00, real=0.00 secs] 
199.854: Total time for which application threads were stopped: 0.0352300 seconds, Stopping threads took: 0.0341170 seconds
199.855: Application time: 0.0007040 seconds
199.889: [GC199.889: [DefNew: 4241K->390K(4288K), 0.0008780 secs] 9447K->8457K(13888K), 0.0009040 secs] [Times: user=0.00 sys=0.00, real=0.00 secs] 
199.890: Total time for which application threads were stopped: 0.0347100 seconds, Stopping threads took: 0.0337400 seconds
199.961: Application time: 0.0714040 seconds
199.963: [GC199.963: [DefNew: 4216K->4216K(4288K), 0.0000090 secs]199.963: [Tenured: 8066K->1717K(9600K), 0.0058670 secs] 12282K->1717K(13888K), [Perm : 5137K->5137K(21248K)], 0.0059180 secs] [Times: user=0.01 sys=0.00, real=0.01 secs] 
199.969: Total time for which application threads were stopped: 0.0075870 seconds, Stopping threads took: 0.0015870 seconds
199.969: Application time: 0.0006250 seconds
199.970: [GC199.970: [DefNew: 3578K->440K(4288K), 0.0008300 secs] 5296K->5283K(13888K), 0.0008520 secs] [Times: user=0.00 sys=0.00, real=0.00 secs] 
199.971: Total time for which application threads were stopped: 0.0011330 seconds, Stopping threads took: 0.0002240 seconds
199.971: Application time: 0.0006050 seconds
200.005: [GC200.005: [DefNew: 4190K->321K(4288K), 0.0008990 secs] 9033K->8095K(13888K), 0.0009310 secs] [Times: user=0.00 sys=0.00, real=0.00 secs] 
200.006: Total time for which application threads were stopped: 0.0344120 seconds, Stopping threads took: 0.0334130 seconds
200.006: Application time: 0.0007670 seconds
200.076: [GC200.076: [DefNew: 4147K->4147K(4288K), 0.0000080 secs]200.076: [Tenured: 7773K->4187K(9600K), 0.0057810 secs] 11920K->4187K(13888K), [Perm : 5137K->5137K(21248K)], 0.0058340 secs] [Times: user=0.01 sys=0.00, real=0.00 secs] 
200.082: Total time for which application threads were stopped: 0.0759560 seconds, Stopping threads took: 0.0700350 seconds
200.083: Application time: 0.0004700 seconds
200.116: [GC200.116: [DefNew: 3532K->391K(4288K), 0.0008530 secs] 7720K->7314K(13888K), 0.0008740 secs] [Times: user=0.00 sys=0.00, real=0.00 secs] 
200.117: Total time for which application threads were stopped: 0.0340760 seconds, Stopping threads took: 0.0331340 seconds
200.117: Application time: 0.0005150 seconds
200.165: [GC200.165: [DefNew: 4096K->4096K(4288K), 0.0000060 secs]200.165: [Tenured: 6922K->5973K(9600K), 0.0066140 secs] 11018K->5973K(13888K), [Perm : 5137K->5137K(21248K)], 0.0066570 secs] [Times: user=0.01 sys=0.00, real=0.00 secs] 
200.172: Total time for which application threads were stopped: 0.0545690 seconds, Stopping threads took: 0.0478370 seconds
200.173: Application time: 0.0010530 seconds
200.243: [GC200.243: [DefNew: 3825K->3825K(4288K), 0.0000090 secs]200.243: [Tenured: 5973K->3276K(9600K), 0.0061690 secs] 9799K->3276K(13888K), [Perm : 5137K->5137K(21248K)], 0.0062200 secs] [Times: user=0.00 sys=0.00, real=0.01 secs] 
200.249: Total time for which application threads were stopped: 0.0761860 seconds, Stopping threads took: 0.0698840 seconds
200.250: Application time: 0.0005590 seconds
200.283: [GC200.283: [DefNew: 3727K->392K(4288K), 0.0009400 secs] 7004K->6793K(13888K), 0.0009640 secs] [Times: user=0.00 sys=0.00, real=0.00 secs] 
200.284: Total time for which application threads were stopped: 0.0343430 seconds, Stopping threads took: 0.0333080 seconds
200.285: Application time: 0.0004950 seconds
200.318: [GC200.318: [DefNew: 4215K->4215K(4288K), 0.0000050 secs]200.318: [Tenured: 6401K->6498K(9600K), 0.0054290 secs] 10616K->6498K(13888K), [Perm : 5137K->5137K(21248K)], 0.0054740 secs] [Times: user=0.01 sys=0.01, real=0.00 secs] 
200.323: Total time for which application threads were stopped: 0.0388370 seconds, Stopping threads took: 0.0332960 seconds
200.394: Application time: 0.0707350 seconds
200.398: [GC200.398: [DefNew: 3708K->3708K(4288K), 0.0000080 secs]200.398: [Tenured: 6498K->1547K(9600K), 0.0051660 secs] 10207K->1547K(13888K), [Perm : 5137K->5137K(21248K)], 0.0052180 secs] [Times: user=0.00 sys=0.00, real=0.00 secs] 
200.403: Total time for which application threads were stopped: 0.0090990 seconds, Stopping threads took: 0.0038000 seconds
200.404: Application time: 0.0005500 seconds
200.404: [GC200.404: [DefNew: 3727K->392K(4288K), 0.0008420 secs] 5275K->5260K(13888K), 0.0008610 secs] [Times: user=0.01 sys=0.00, real=0.01 secs] 
200.405: Total time for which application threads were stopped: 0.0012300 seconds, Stopping threads took: 0.0003050 seconds
200.406: Application time: 0.0012930 seconds
200.468: [GC200.468: [DefNew: 4215K->293K(4288K), 0.0005780 secs] 9083K->6724K(13888K), 0.0006030 secs] [Times: user=0.00 sys=0.00, real=0.00 secs] 
200.469: Total time for which application threads were stopped: 0.0624860 seconds, Stopping threads took: 0.0618390 seconds
200.469: Application time: 0.0004270 seconds
200.531: [GC200.532: [DefNew: 3923K->3923K(4288K), 0.0000070 secs]200.532: [Tenured: 6431K->4087K(9600K), 0.0056280 secs] 10354K->4087K(13888K), [Perm : 5137K->5137K(21248K)], 0.0056720 secs] [Times: user=0.01 sys=0.00, real=0.01 secs] 
200.537: Total time for which application threads were stopped: 0.0679370 seconds, Stopping threads took: 0.0621910 seconds
200.538: Application time: 0.0005400 seconds
200.538: [GC200.538: [DefNew: 3825K->391K(4288K), 0.0008940 secs] 7912K->7897K(13888K), 0.0009170 secs] [Times: user=0.01 sys=0.00, real=0.00 secs] 
200.539: Total time for which application threads were stopped: 0.0012670 seconds, Stopping threads took: 0.0002730 seconds
200.611: Application time: 0.0721580 seconds
200.613: [GC200.613: [DefNew: 4119K->4119K(4288K), 0.0000150 secs]200.613: [Tenured: 7505K->2983K(9600K), 0.0048260 secs] 11624K->2983K(13888K), [Perm : 5137K->5137K(21248K)], 0.0048930 secs] [Times: user=0.01 sys=0.00, real=0.00 secs] 
200.618: Total time for which application threads were stopped: 0.0066370 seconds, Stopping threads took: 0.0016540 seconds
200.618: Application time: 0.0005410 seconds
200.652: [GC200.652: [DefNew: 3725K->391K(4288K), 0.0009260 secs] 6709K->6695K(13888K), 0.0009500 secs] [Times: user=0.00 sys=0.00, real=0.01 secs] 
200.653: Total time for which application threads were stopped: 0.0345100 seconds, Stopping threads took: 0.0335120 seconds
200.654: Application time: 0.0007760 seconds
200.723: [GC200.723: [DefNew: 4118K->4118K(4288K), 0.0000070 secs]200.723: [Tenured: 6304K->3960K(9600K), 0.0055670 secs] 10423K->3960K(13888K), [Perm : 5137K->5137K(21248K)], 0.0056170 secs] [Times: user=0.00 sys=0.00, real=0.01 secs] 
200.729: Total time for which application threads were stopped: 0.0754100 seconds, Stopping threads took: 0.0697140 seconds
200.730: Application time: 0.0004810 seconds
200.763: [GC200.763: [DefNew: 3727K->391K(4288K), 0.0008860 secs] 7688K->7086K(13888K), 0.0009100 secs] [Times: user=0.00 sys=0.00, real=0.00 secs] 
200.764: Total time for which application threads were stopped: 0.0345430 seconds, Stopping threads took: 0.0335580 seconds
200.764: Application time: 0.0004190 seconds
200.798: [GC200.798: [DefNew: 4113K->4113K(4288K), 0.0000050 secs]200.798: [Tenured: 6695K->6010K(9600K), 0.0060050 secs] 10808K->6010K(13888K), [Perm : 5137K->5137K(21248K)], 0.0060510 secs] [Times: user=0.01 sys=0.00, real=0.00 secs] 
200.804: Total time for which application threads were stopped: 0.0395350 seconds, Stopping threads took: 0.0334080 seconds
200.805: Application time: 0.0008980 seconds
200.875: [GC200.875: [DefNew: 3825K->3825K(4288K), 0.0000110 secs]200.875: [Tenured: 6010K->3374K(9600K), 0.0062190 secs] 9835K->3374K(13888K), [Perm : 5137K->5137K(21248K)], 0.0062780 secs] [Times: user=0.01 sys=0.00, real=0.00 secs] 
200.881: Total time for which application threads were stopped: 0.0764490 seconds, Stopping threads took: 0.0700880 seconds
200.882: Application time: 0.0005650 seconds
200.916: [GC200.916: [DefNew: 3708K->420K(4288K), 0.0009570 secs] 7082K->6919K(13888K), 0.0009830 secs] [Times: user=0.00 sys=0.00, real=0.00 secs] 
200.917: Total time for which application threads were stopped: 0.0345590 seconds, Stopping threads took: 0.0335270 seconds
200.917: Application time: 0.0007020 seconds
200.964: [GC200.964: [DefNew: 4241K->4241K(4288K), 0.0000060 secs]200.964: [Tenured: 6499K->5424K(9600K), 0.0060130 secs] 10740K->5424K(13888K), [Perm : 5137K->5137K(21248K)], 0.0060580 secs] [Times: user=0.00 sys=0.00, real=0.01 secs] 
200.970: Total time for which application threads were stopped: 0.0530350 seconds, Stopping threads took: 0.0469010 seconds
200.971: Application time: 0.0008260 seconds
201.041: [GC201.041: [DefNew: 3708K->420K(4288K), 0.0007860 secs] 9133K->7798K(13888K), 0.0008140 secs] [Times: user=0.00 sys=0.00, real=0.00 secs] 
201.042: Total time for which application threads were stopped: 0.0705900 seconds, Stopping threads took: 0.0697240 seconds
201.042: Application time: 0.0003990 seconds
201.086: [GC201.086: [DefNew: 4145K->4145K(4288K), 0.0000080 secs]201.086: [Tenured: 7378K->5258K(9600K), 0.0065680 secs] 11523K->5258K(13888K), [Perm : 5137K->5137K(21248K)], 0.0066110 secs] [Times: user=0.01 sys=0.00, real=0.01 secs] 
201.093: Total time for which application threads were stopped: 0.0509520 seconds, Stopping threads took: 0.0442680 seconds
201.094: Application time: 0.0008190 seconds
201.164: [GC201.164: [DefNew: 3803K->419K(4288K), 0.0006290 secs] 9062K->7143K(13888K), 0.0006590 secs] [Times: user=0.01 sys=0.00, real=0.01 secs] 
201.165: Total time for which application threads were stopped: 0.0706700 seconds, Stopping threads took: 0.0699380 seconds
201.169: Application time: 0.0040630 seconds
201.234: [GC201.234: [DefNew: 4245K->4245K(4288K), 0.0000080 secs]201.234: [Tenured: 6723K->3138K(9600K), 0.0053680 secs] 10968K->3138K(13888K), [Perm : 5137K->5137K(21248K)], 0.0054250 secs] [Times: user=0.00 sys=0.00, real=0.00 secs] 
201.239: Total time for which application threads were stopped: 0.0707910 seconds, Stopping threads took: 0.0652900 seconds
201.240: Application time: 0.0005080 seconds
201.274: [GC201.274: [DefNew: 3625K->391K(4288K), 0.0007840 secs] 6764K->6459K(13888K), 0.0008030 secs] [Times: user=0.00 sys=0.00, real=0.00 secs] 
201.275: Total time for which application threads were stopped: 0.0351070 seconds, Stopping threads took: 0.0342410 seconds
201.277: Application time: 0.0015920 seconds
201.347: [GC201.347: [DefNew: 4021K->4021K(4288K), 0.0000080 secs]201.347: [Tenured: 6068K->1966K(9600K), 0.0051760 secs] 10089K->1966K(13888K), [Perm : 5137K->5137K(21248K)], 0.0052230 secs] [Times: user=0.00 sys=0.00, real=0.00 secs] 
201.352: Total time for which application threads were stopped: 0.0751950 seconds, Stopping threads took: 0.0699070 seconds
201.352: Application time: 0.0006130 seconds
201.353: [GC201.353: [DefNew: 3725K->392K(4288K), 0.0008850 secs] 5692K->5679K(13888K), 0.0009080 secs] [Times: user=0.00 sys=0.00, real=0.00 secs] 
201.354: Total time for which application threads were stopped: 0.0012230 seconds, Stopping threads took: 0.0002480 seconds
201.355: Application time: 0.0011780 seconds
201.418: [GC201.418: [DefNew: 4217K->391K(4288K), 0.0006280 secs] 9504K->7339K(13888K), 0.0006510 secs] [Times: user=0.00 sys=0.00, real=0.00 secs] 
201.419: Total time for which application threads were stopped: 0.0640760 seconds, Stopping threads took: 0.0633560 seconds
201.420: Application time: 0.0007050 seconds
201.485: [GC201.485: [DefNew: 4216K->4216K(4288K), 0.0000080 secs]201.485: [Tenured: 6948K->4448K(9600K), 0.0063600 secs] 11164K->4448K(13888K), [Perm : 5137K->5137K(21248K)], 0.0064050 secs] [Times: user=0.01 sys=0.00, real=0.00 secs] 
201.491: Total time for which application threads were stopped: 0.0718480 seconds, Stopping threads took: 0.0653880 seconds
201.492: Application time: 0.0005040 seconds
201.557: [GC201.557: [DefNew: 3532K->392K(4288K), 0.0007070 secs] 7980K->6793K(13888K), 0.0007310 secs] [Times: user=0.00 sys=0.00, real=0.00 secs] 
201.558: Total time for which application threads were stopped: 0.0661330 seconds, Stopping threads took: 0.0653300 seconds
201.559: Application time: 0.0005010 seconds
201.559: [GC201.559: [DefNew: 3994K->3994K(4288K), 0.0000070 secs]201.559: [Tenured: 6401K->7211K(9600K), 0.0063180 secs] 10396K->7211K(13888K), [Perm : 5137K->5137K(21248K)], 0.0063610 secs] [Times: user=0.01 sys=0.00, real=0.01 secs] 
201.566: Total time for which application threads were stopped: 0.0069790 seconds, Stopping threads took: 0.0005430 seconds
201.637: Application time: 0.0716890 seconds
201.640: [GC201.640: [DefNew: 3532K->3532K(4288K), 0.0000080 secs]201.640: [Tenured: 7211K->2133K(9600K), 0.0048630 secs] 10743K->2133K(13888K), [Perm : 5137K->5137K(21248K)], 0.0049160 secs] [Times: user=0.01 sys=0.00, real=0.01 secs] 
201.645: Total time for which application threads were stopped: 0.0081150 seconds, Stopping threads took: 0.0031400 seconds
201.646: Application time: 0.0005080 seconds
201.646: [GC201.646: [DefNew: 3804K->420K(4288K), 0.0008230 secs] 5937K->5874K(13888K), 0.0008470 secs] [Times: user=0.00 sys=0.00, real=0.00 secs] 
201.647: Total time for which application threads were stopped: 0.0012280 seconds, Stopping threads took: 0.0003150 seconds
201.648: Application time: 0.0011250 seconds
201.713: [GC201.713: [DefNew: 4245K->4245K(4288K), 0.0000070 secs]201.713: [Tenured: 5454K->4311K(9600K), 0.0056510 secs] 9699K->4311K(13888K), [Perm : 5137K->5137K(21248K)], 0.0057020 secs] [Times: user=0.01 sys=0.00, real=0.00 secs] 
201.719: Total time for which application threads were stopped: 0.0706790 seconds, Stopping threads took: 0.0648890 seconds
201.719: Application time: 0.0005020 seconds
201.783: [GC201.783: [DefNew: 3825K->391K(4288K), 0.0010240 secs] 8136K->7827K(13888K), 0.0010600 secs] [Times: user=0.00 sys=0.00, real=0.00 secs] 
201.784: Total time for which application threads were stopped: 0.0643640 seconds, Stopping threads took: 0.0632490 seconds
201.784: Application time: 0.0006310 seconds
201.818: [GC201.818: [DefNew: 4212K->4212K(4288K), 0.0000070 secs]201.818: [Tenured: 7436K->5425K(9600K), 0.0059310 secs] 11649K->5425K(13888K), [Perm : 5137K->5137K(21248K)], 0.0059790 secs] [Times: user=0.01 sys=0.00, real=0.00 secs] 
201.824: Total time for which application threads were stopped: 0.0394030 seconds, Stopping threads took: 0.0333440 seconds
201.825: Application time: 0.0008850 seconds
201.894: [GC201.895: [DefNew: 3825K->391K(4288K), 0.0009070 secs] 9250K->7965K(13888K), 0.0009400 secs] [Times: user=0.00 sys=0.00, real=0.00 secs] 
201.895: Total time for which application threads were stopped: 0.0707480 seconds, Stopping threads took: 0.0697270 seconds
201.897: Application time: 0.0011410 seconds
201.966: [GC201.966: [DefNew: 4100K->4100K(4288K), 0.0000080 secs]201.966: [Tenured: 7573K->2133K(9600K), 0.0051450 secs] 11673K->2133K(13888K), [Perm : 5137K->5137K(21248K)], 0.0051920 secs] [Times: user=0.00 sys=0.00, real=0.00 secs] 
201.971: Total time for which application threads were stopped: 0.0748300 seconds, Stopping threads took: 0.0695590 seconds
201.972: Application time: 0.0004780 seconds
201.972: [GC201.972: [DefNew: 3723K->391K(4288K), 0.0008210 secs] 5857K->5846K(13888K), 0.0008430 secs] [Times: user=0.01 sys=0.00, real=0.01 secs] 
201.973: Total time for which application threads were stopped: 0.0011580 seconds, Stopping threads took: 0.0002680 seconds
201.974: Application time: 0.0013420 seconds
202.044: [GC202.044: [DefNew: 4216K->4216K(4288K), 0.0000090 secs]202.044: [Tenured: 5454K->3599K(9600K), 0.0061490 secs] 9671K->3599K(13888K), [Perm : 5137K->5137K(21248K)], 0.0061950 secs] [Times: user=0.01 sys=0.00, real=0.00 secs] 
202.051: Total time for which application threads were stopped: 0.0761280 seconds, Stopping threads took: 0.0698780 seconds
202.051: Application time: 0.0008430 seconds
202.085: [GC202.085: [DefNew: 3786K->440K(4288K), 0.0008900 secs] 7385K->6977K(13888K), 0.0009130 secs] [Times: user=0.00 sys=0.00, real=0.00 secs] 
202.086: Total time for which application threads were stopped: 0.0342070 seconds, Stopping threads took: 0.0332240 seconds
202.086: Application time: 0.0005240 seconds
202.134: [GC202.134: [DefNew: 4168K->4168K(4288K), 0.0000070 secs]202.134: [Tenured: 6537K->5609K(9600K), 0.0061410 secs] 10705K->5609K(13888K), [Perm : 5137K->5137K(21248K)], 0.0061870 secs] [Times: user=0.01 sys=0.00, real=0.00 secs] 
202.140: Total time for which application threads were stopped: 0.0543090 seconds, Stopping threads took: 0.0480440 seconds
202.141: Application time: 0.0005720 seconds
202.211: [GC202.211: [DefNew: 3825K->391K(4288K), 0.0008860 secs] 9434K->8539K(13888K), 0.0009110 secs] [Times: user=0.00 sys=0.00, real=0.00 secs] 
202.212: Total time for which application threads were stopped: 0.0710430 seconds, Stopping threads took: 0.0700610 seconds
202.213: Application time: 0.0004650 seconds
202.249: [GC202.249: [DefNew: 4119K->4119K(4288K), 0.0000070 secs]202.249: [Tenured: 8148K->6207K(9600K), 0.0064500 secs] 12267K->6207K(13888K), [Perm : 5137K->5137K(21248K)], 0.0064950 secs] [Times: user=0.00 sys=0.00, real=0.01 secs] 
202.255: Total time for which application threads were stopped: 0.0427480 seconds, Stopping threads took: 0.0361680 seconds
202.328: Application time: 0.0722570 seconds
202.329: [GC202.329: [DefNew: 3727K->3727K(4288K), 0.0000090 secs]202.329: [Tenured: 6207K->1324K(9600K), 0.0057920 secs] 9934K->1324K(13888K), [Perm : 5137K->5137K(21248K)], 0.0058440 secs] [Times: user=0.00 sys=0.00, real=0.01 secs] 
202.335: Total time for which application threads were stopped: 0.0075580 seconds, Stopping threads took: 0.0016550 seconds
202.336: Application time: 0.0005890 seconds
202.336: [GC202.336: [DefNew: 3725K->392K(4288K), 0.0008610 secs] 5050K->5036K(13888K), 0.0008910 secs] [Times: user=0.00 sys=0.00, real=0.00 secs] 
202.337: Total time for which application threads were stopped: 0.0011070 seconds, Stopping threads took: 0.0001590 seconds
202.338: Application time: 0.0012670 seconds
202.407: [GC202.407: [DefNew: 4111K->391K(4288K), 0.0004810 secs] 8756K->6208K(13888K), 0.0005030 secs] [Times: user=0.00 sys=0.00, real=0.00 secs] 
202.408: Total time for which application threads were stopped: 0.0699200 seconds, Stopping threads took: 0.0693490 seconds
202.408: Application time: 0.0003200 seconds
202.473: [GC202.473: [DefNew: 3923K->3923K(4288K), 0.0000070 secs]202.473: [Tenured: 5817K->3668K(9600K), 0.0058010 secs] 9740K->3668K(13888K), [Perm : 5137K->5137K(21248K)], 0.0058440 secs] [Times: user=0.01 sys=0.00, real=0.00 secs] 
202.479: Total time for which application threads were stopped: 0.0709960 seconds, Stopping threads took: 0.0650760 seconds
202.480: Application time: 0.0005600 seconds
202.480: [GC202.480: [DefNew: 3819K->391K(4288K), 0.0008580 secs] 7487K->7477K(13888K), 0.0008810 secs] [Times: user=0.00 sys=0.00, real=0.00 secs] 
202.481: Total time for which application threads were stopped: 0.0012420 seconds, Stopping threads took: 0.0003150 seconds
202.553: Application time: 0.0720970 seconds
202.557: [GC202.557: [DefNew: 4216K->4216K(4288K), 0.0000090 secs]202.557: [Tenured: 7086K->3082K(9600K), 0.0053100 secs] 11302K->3082K(13888K), [Perm : 5137K->5137K(21248K)], 0.0053640 secs] [Times: user=0.01 sys=0.00, real=0.00 secs] 
202.562: Total time for which application threads were stopped: 0.0087390 seconds, Stopping threads took: 0.0032930 seconds
202.562: Application time: 0.0005370 seconds
202.595: [GC202.595: [DefNew: 3823K->391K(4288K), 0.0008440 secs] 6906K->6599K(13888K), 0.0008670 secs] [Times: user=0.00 sys=0.00, real=0.00 secs] 
202.596: Total time for which application threads were stopped: 0.0336640 seconds, Stopping threads took: 0.0327310 seconds
202.597: Application time: 0.0010930 seconds
202.662: [GC202.662: [DefNew: 4212K->4212K(4288K), 0.0000070 secs]202.662: [Tenured: 6208K->4937K(9600K), 0.0056410 secs] 10421K->4937K(13888K), [Perm : 5137K->5137K(21248K)], 0.0056890 secs] [Times: user=0.01 sys=0.00, real=0.01 secs] 
202.667: Total time for which application threads were stopped: 0.0700590 seconds, Stopping threads took: 0.0643020 seconds
202.668: Application time: 0.0006780 seconds
202.731: [GC202.731: [DefNew: 3513K->420K(4288K), 0.0008280 secs] 8450K->7701K(13888K), 0.0008560 secs] [Times: user=0.00 sys=0.00, real=0.00 secs] 
202.731: Total time for which application threads were stopped: 0.0635060 seconds, Stopping threads took: 0.0625850 seconds
202.732: Application time: 0.0003760 seconds
202.765: [GC202.765: [DefNew: 4245K->4245K(4288K), 0.0000060 secs]202.765: [Tenured: 7281K->4673K(9600K), 0.0057410 secs] 11526K->4673K(13888K), [Perm : 5137K->5137K(21248K)], 0.0057870 secs] [Times: user=0.01 sys=0.01, real=0.00 secs] 
202.771: Total time for which application threads were stopped: 0.0392300 seconds, Stopping threads took: 0.0333600 seconds
202.772: Application time: 0.0005740 seconds
202.804: [GC202.804: [DefNew: 3821K->391K(4288K), 0.0008950 secs] 8494K->8384K(13888K), 0.0009160 secs] [Times: user=0.00 sys=0.00, real=0.00 secs] 
202.805: Total time for which application threads were stopped: 0.0336740 seconds, Stopping threads took: 0.0327120 seconds
202.878: Application time: 0.0725700 seconds
202.912: [GC202.912: [DefNew: 4216K->4216K(4288K), 0.0000100 secs]202.912: [Tenured: 7993K->1547K(9600K), 0.0058340 secs] 12209K->1547K(13888K), [Perm : 5137K->5137K(21248K)], 0.0058870 secs] [Times: user=0.01 sys=0.00, real=0.01 secs] 
202.918: Total time for which application threads were stopped: 0.0398620 seconds, Stopping threads took: 0.0338940 seconds
202.918: Application time: 0.0006330 seconds
202.919: [GC202.919: [DefNew: 3725K->392K(4288K), 0.0008740 secs] 5273K->5260K(13888K), 0.0008910 secs] [Times: user=0.00 sys=0.00, real=0.00 secs] 
202.920: Total time for which application threads were stopped: 0.0010810 seconds, Stopping threads took: 0.0001510 seconds
202.921: Application time: 0.0015640 seconds
202.985: [GC202.985: [DefNew: 4213K->293K(4288K), 0.0004350 secs] 9081K->6139K(13888K), 0.0004650 secs] [Times: user=0.00 sys=0.00, real=0.00 secs] 
202.985: Total time for which application threads were stopped: 0.0641580 seconds, Stopping threads took: 0.0636310 seconds
202.986: Application time: 0.0006280 seconds
203.052: [GC203.052: [DefNew: 4099K->4099K(4288K), 0.0000080 secs]203.052: [Tenured: 5845K->4212K(9600K), 0.0051550 secs] 9945K->4212K(13888K), [Perm : 5137K->5137K(21248K)], 0.0052050 secs] [Times: user=0.00 sys=0.00, real=0.01 secs] 
203.057: Total time for which application threads were stopped: 0.0713000 seconds, Stopping threads took: 0.0660170 seconds
203.058: Application time: 0.0004670 seconds
203.091: [GC203.091: [DefNew: 3532K->391K(4288K), 0.0008450 secs] 7745K->7339K(13888K), 0.0008660 secs] [Times: user=0.00 sys=0.00, real=0.00 secs] 
203.092: Total time for which application threads were stopped: 0.0342120 seconds, Stopping threads took: 0.0332780 seconds
203.092: Application time: 0.0005430 seconds
203.149: [GC203.149: [DefNew: 4195K->4195K(4288K), 0.0000070 secs]203.149: [Tenured: 6947K->6011K(9600K), 0.0059210 secs] 11143K->6011K(13888K), [Perm : 5137K->5137K(21248K)], 0.0059660 secs] [Times: user=0.00 sys=0.00, real=0.01 secs] 
203.155: Total time for which application threads were stopped: 0.0629480 seconds, Stopping threads took: 0.0569160 seconds
203.156: Application time: 0.0010420 seconds
203.227: [GC203.227: [DefNew: 3825K->3825K(4288K), 0.0000090 secs]203.227: [Tenured: 6011K->3374K(9600K), 0.0056860 secs] 9836K->3374K(13888K), [Perm : 5137K->5137K(21248K)], 0.0057380 secs] [Times: user=0.00 sys=0.00, real=0.01 secs] 
203.232: Total time for which application threads were stopped: 0.0759890 seconds, Stopping threads took: 0.0701720 seconds
203.233: Application time: 0.0006630 seconds
203.266: [GC203.266: [DefNew: 3825K->391K(4288K), 0.0009800 secs] 7200K->7087K(13888K), 0.0010050 secs] [Times: user=0.00 sys=0.00, real=0.00 secs] 
203.267: Total time for which application threads were stopped: 0.0343940 seconds, Stopping threads took: 0.0333130 seconds
203.268: Application time: 0.0006460 seconds
203.333: [GC203.333: [DefNew: 4117K->4117K(4288K), 0.0000070 secs]203.333: [Tenured: 6695K->4449K(9600K), 0.0064260 secs] 10812K->4449K(13888K), [Perm : 5137K->5137K(21248K)], 0.0064700 secs] [Times: user=0.01 sys=0.01, real=0.00 secs] 
203.339: Total time for which application threads were stopped: 0.0712970 seconds, Stopping threads took: 0.0647500 seconds
203.340: Application time: 0.0005720 seconds
203.393: [GC203.393: [DefNew: 3532K->392K(4288K), 0.0007220 secs] 7981K->6794K(13888K), 0.0007480 secs] [Times: user=0.00 sys=0.00, real=0.00 secs] 
203.394: Total time for which application threads were stopped: 0.0538780 seconds, Stopping threads took: 0.0530590 seconds
203.394: Application time: 0.0003270 seconds
203.395: [GC203.395: [DefNew: 4113K->4113K(4288K), 0.0000060 secs]203.395: [Tenured: 6402K->7378K(9600K), 0.0058910 secs] 10515K->7378K(13888K), [Perm : 5137K->5137K(21248K)], 0.0059320 secs] [Times: user=0.00 sys=0.00, real=0.00 secs] 
203.401: Total time for which application threads were stopped: 0.0064240 seconds, Stopping threads took: 0.0004170 seconds
203.474: Application time: 0.0733390 seconds
203.477: [GC203.477: [DefNew: 3727K->3727K(4288K), 0.0000090 secs]203.477: [Tenured: 7378K->2496K(9600K), 0.0053160 secs] 11106K->2496K(13888K), [Perm : 5137K->5137K(21248K)], 0.0053720 secs] [Times: user=0.00 sys=0.00, real=0.00 secs] 
203.483: Total time for which application threads were stopped: 0.0086590 seconds, Stopping threads took: 0.0032050 seconds
203.483: Application time: 0.0005590 seconds
203.517: [GC203.517: [DefNew: 3704K->419K(4288K), 0.0008210 secs] 6200K->5845K(13888K), 0.0008400 secs] [Times: user=0.00 sys=0.00, real=0.00 secs] 
203.518: Total time for which application threads were stopped: 0.0346460 seconds, Stopping threads took: 0.0337610 seconds
203.518: Application time: 0.0004600 seconds
203.580: [GC203.580: [DefNew: 4225K->4225K(4288K), 0.0000070 secs]203.580: [Tenured: 5426K->4506K(9600K), 0.0057440 secs] 9651K->4506K(13888K), [Perm : 5137K->5137K(21248K)], 0.0058010 secs] [Times: user=0.01 sys=0.00, real=0.01 secs] 
203.586: Total time for which application threads were stopped: 0.0676660 seconds, Stopping threads took: 0.0617860 seconds
203.586: Application time: 0.0004880 seconds
203.640: [GC203.640: [DefNew: 3825K->391K(4288K), 0.0010300 secs] 8332K->8023K(13888K), 0.0010580 secs] [Times: user=0.01 sys=0.00, real=0.00 secs] 
203.641: Total time for which application threads were stopped: 0.0549870 seconds, Stopping threads took: 0.0538510 seconds
203.642: Application time: 0.0006700 seconds
203.675: [GC203.675: [DefNew: 4212K->4212K(4288K), 0.0000070 secs]203.675: [Tenured: 7631K->6751K(9600K), 0.0062310 secs] 11844K->6751K(13888K), [Perm : 5137K->5137K(21248K)], 0.0062800 secs] [Times: user=0.01 sys=0.00, real=0.00 secs] 
203.682: Total time for which application threads were stopped: 0.0394830 seconds, Stopping threads took: 0.0331240 seconds
203.753: Application time: 0.0717400 seconds
203.755: [GC203.755: [DefNew: 3825K->3825K(4288K), 0.0000100 secs]203.755: [Tenured: 6751K->1967K(9600K), 0.0059100 secs] 10577K->1967K(13888K), [Perm : 5137K->5137K(21248K)], 0.0059590 secs] [Times: user=0.01 sys=0.00, real=0.00 secs] 
203.761: Total time for which application threads were stopped: 0.0075000 seconds, Stopping threads took: 0.0014600 seconds
203.761: Application time: 0.0005950 seconds
203.762: [GC203.762: [DefNew: 3823K->391K(4288K), 0.0008720 secs] 5790K->5777K(13888K), 0.0008950 secs] [Times: user=0.00 sys=0.00, real=0.00 secs] 
203.763: Total time for which application threads were stopped: 0.0012270 seconds, Stopping threads took: 0.0002850 seconds
203.763: Application time: 0.0008140 seconds
203.834: [GC203.834: [DefNew: 4216K->4216K(4288K), 0.0000080 secs]203.834: [Tenured: 5385K->4156K(9600K), 0.0058930 secs] 9602K->4156K(13888K), [Perm : 5137K->5137K(21248K)], 0.0059420 secs] [Times: user=0.01 sys=0.00, real=0.00 secs] 
203.840: Total time for which application threads were stopped: 0.0763870 seconds, Stopping threads took: 0.0703580 seconds
203.841: Application time: 0.0009680 seconds
203.874: [GC203.874: [DefNew: 3786K->440K(4288K), 0.0010600 secs] 7943K->7437K(13888K), 0.0010900 secs] [Times: user=0.00 sys=0.00, real=0.00 secs] 
203.876: Total time for which application threads were stopped: 0.0347120 seconds, Stopping threads took: 0.0335440 seconds
203.876: Application time: 0.0004430 seconds
203.910: [GC203.910: [DefNew: 3970K->3970K(4288K), 0.0000070 secs]203.910: [Tenured: 6996K->4896K(9600K), 0.0062870 secs] 10967K->4896K(13888K), [Perm : 5137K->5137K(21248K)], 0.0063360 secs] [Times: user=0.01 sys=0.00, real=0.01 secs] 
203.917: Total time for which application threads were stopped: 0.0405340 seconds, Stopping threads took: 0.0341210 seconds
203.917: Application time: 0.0004940 seconds
203.950: [GC203.950: [DefNew: 3825K->391K(4288K), 0.0008530 secs] 8722K->8120K(13888K), 0.0008740 secs] [Times: user=0.00 sys=0.00, real=0.00 secs] 
203.951: Total time for which application threads were stopped: 0.0340270 seconds, Stopping threads took: 0.0330860 seconds
204.024: Application time: 0.0729010 seconds
204.026: [GC204.026: [DefNew: 4217K->4217K(4288K), 0.0000100 secs]204.026: [Tenured: 7729K->2162K(9600K), 0.0058610 secs] 11946K->2162K(13888K), [Perm : 5137K->5137K(21248K)], 0.0059130 secs] [Times: user=0.00 sys=0.00, real=0.00 secs] 
204.032: Total time for which application threads were stopped: 0.0076100 seconds, Stopping threads took: 0.0016190 seconds
204.032: Application time: 0.0006020 seconds
204.032: [GC204.032: [DefNew: 3725K->392K(4288K), 0.0008680 secs] 5888K->5875K(13888K), 0.0008850 secs] [Times: user=0.00 sys=0.00, real=0.00 secs] 
204.033: Total time for which application threads were stopped: 0.0012100 seconds, Stopping threads took: 0.0002640 seconds
204.035: Application time: 0.0015640 seconds
204.094: [GC204.094: [DefNew: 4213K->4213K(4288K), 0.0000070 secs]204.094: [Tenured: 5483K->5385K(9600K), 0.0058160 secs] 9696K->5385K(13888K), [Perm : 5137K->5137K(21248K)], 0.0058750 secs] [Times: user=0.01 sys=0.00, real=0.00 secs] 
204.100: Total time for which application threads were stopped: 0.0653560 seconds, Stopping threads took: 0.0594020 seconds
204.101: Application time: 0.0007690 seconds
204.166: [GC204.166: [DefNew: 3708K->420K(4288K), 0.0009390 secs] 9094K->8345K(13888K), 0.0009660 secs] [Times: user=0.00 sys=0.00, real=0.00 secs] 
204.167: Total time for which application threads were stopped: 0.0657520 seconds, Stopping threads took: 0.0647120 seconds
204.167: Application time: 0.0004300 seconds
204.201: [GC204.201: [DefNew: 4243K->4243K(4288K), 0.0000060 secs]204.201: [Tenured: 7925K->4840K(9600K), 0.0057840 secs] 12168K->4840K(13888K), [Perm : 5137K->5137K(21248K)], 0.0058310 secs] [Times: user=0.00 sys=0.00, real=0.01 secs] 
204.207: Total time for which application threads were stopped: 0.0396500 seconds, Stopping threads took: 0.0337410 seconds
204.208: Application time: 0.0006870 seconds
204.241: [GC204.241: [DefNew: 3821K->391K(4288K), 0.0009120 secs] 8661K->8356K(13888K), 0.0009360 secs] [Times: user=0.00 sys=0.00, real=0.00 secs] 
204.242: Total time for which application threads were stopped: 0.0339920 seconds, Stopping threads took: 0.0329860 seconds
204.314: Application time: 0.0723120 seconds
204.315: [GC204.315: [DefNew: 4118K->4118K(4288K), 0.0000100 secs]204.315: [Tenured: 7965K->2691K(9600K), 0.0060320 secs] 12084K->2691K(13888K), [Perm : 5137K->5137K(21248K)], 0.0060870 secs] [Times: user=0.00 sys=0.00, real=0.00 secs] 
204.321: Total time for which application threads were stopped: 0.0075210 seconds, Stopping threads took: 0.0013550 seconds
204.322: Application time: 0.0005840 seconds
204.355: [GC204.355: [DefNew: 3823K->391K(4288K), 0.0008500 secs] 6515K->6208K(13888K), 0.0008680 secs] [Times: user=0.00 sys=0.00, real=0.00 secs] 
204.356: Total time for which application threads were stopped: 0.0342390 seconds, Stopping threads took: 0.0332990 seconds
204.357: Application time: 0.0006400 seconds
204.422: [GC204.422: [DefNew: 4214K->4214K(4288K), 0.0000070 secs]204.422: [Tenured: 5817K->5133K(9600K), 0.0064510 secs] 10031K->5133K(13888K), [Perm : 5137K->5137K(21248K)], 0.0064990 secs] [Times: user=0.01 sys=0.00, real=0.01 secs] 
204.428: Total time for which application threads were stopped: 0.0712560 seconds, Stopping threads took: 0.0646800 seconds
204.429: Application time: 0.0008680 seconds
204.491: [GC204.491: [DefNew: 3825K->391K(4288K), 0.0009310 secs] 8959K->8259K(13888K), 0.0009580 secs] [Times: user=0.00 sys=0.00, real=0.01 secs] 
204.492: Total time for which application threads were stopped: 0.0634060 seconds, Stopping threads took: 0.0623760 seconds
204.493: Application time: 0.0007310 seconds
204.555: [GC204.555: [DefNew: 4197K->4197K(4288K), 0.0000080 secs]204.555: [Tenured: 7868K->3892K(9600K), 0.0056940 secs] 12065K->3892K(13888K), [Perm : 5137K->5137K(21248K)], 0.0057410 secs] [Times: user=0.01 sys=0.00, real=0.00 secs] 
204.561: Total time for which application threads were stopped: 0.0679090 seconds, Stopping threads took: 0.0620910 seconds
204.562: Application time: 0.0004880 seconds
204.601: [GC204.601: [DefNew: 3825K->391K(4288K), 0.0008340 secs] 7717K->6823K(13888K), 0.0008600 secs] [Times: user=0.00 sys=0.00, real=0.00 secs] 
204.602: Total time for which application threads were stopped: 0.0399990 seconds, Stopping threads took: 0.0390660 seconds
204.602: Application time: 0.0005890 seconds
204.635: [GC204.635: [DefNew: 4113K->4113K(4288K), 0.0000060 secs]204.635: [Tenured: 6431K->7086K(9600K), 0.0068390 secs] 10544K->7086K(13888K), [Perm : 5137K->5137K(21248K)], 0.0068800 secs] [Times: user=0.01 sys=0.00, real=0.00 secs] 
204.642: Total time for which application threads were stopped: 0.0400050 seconds, Stopping threads took: 0.0330520 seconds
204.718: Application time: 0.0760600 seconds
204.730: [GC204.730: [DefNew: 3825K->3825K(4288K), 0.0000090 secs]204.730: [Tenured: 7086K->2301K(9600K), 0.0052480 secs] 10911K->2301K(13888K), [Perm : 5137K->5137K(21248K)], 0.0053030 secs] [Times: user=0.00 sys=0.00, real=0.01 secs] 
204.736: Total time for which application threads were stopped: 0.0174890 seconds, Stopping threads took: 0.0121040 seconds
204.736: Application time: 0.0004700 seconds
204.769: [GC204.769: [DefNew: 3825K->392K(4288K), 0.0008920 secs] 6126K->6014K(13888K), 0.0009140 secs] [Times: user=0.00 sys=0.00, real=0.00 secs] 
204.770: Total time for which application threads were stopped: 0.0337450 seconds, Stopping threads took: 0.0327860 seconds
204.771: Application time: 0.0011760 seconds
204.805: [GC204.805: [DefNew: 4113K->4113K(4288K), 0.0000060 secs]204.805: [Tenured: 5621K->5523K(9600K), 0.0058720 secs] 9735K->5523K(13888K), [Perm : 5137K->5137K(21248K)], 0.0059170 secs] [Times: user=0.00 sys=0.00, real=0.00 secs] 
204.811: Total time for which application threads were stopped: 0.0399790 seconds, Stopping threads took: 0.0339860 seconds
204.812: Application time: 0.0009340 seconds
204.881: [GC204.881: [DefNew: 3825K->293K(4288K), 0.0009410 secs] 9349K->8161K(13888K), 0.0009750 secs] [Times: user=0.00 sys=0.00, real=0.00 secs] 
204.882: Total time for which application threads were stopped: 0.0702900 seconds, Stopping threads took: 0.0692270 seconds
204.883: Application time: 0.0004810 seconds
204.944: [GC204.944: [DefNew: 4021K->4021K(4288K), 0.0000080 secs]204.944: [Tenured: 7867K->4449K(9600K), 0.0057480 secs] 11889K->4449K(13888K), [Perm : 5137K->5137K(21248K)], 0.0057950 secs] [Times: user=0.01 sys=0.00, real=0.00 secs] 
204.950: Total time for which application threads were stopped: 0.0673980 seconds, Stopping threads took: 0.0615460 seconds
204.951: Application time: 0.0005980 seconds
204.986: [GC204.986: [DefNew: 3805K->419K(4288K), 0.0008440 secs] 8255K->7897K(13888K), 0.0008680 secs] [Times: user=0.00 sys=0.00, real=0.00 secs] 
204.987: Total time for which application threads were stopped: 0.0357200 seconds, Stopping threads took: 0.0347820 seconds
205.058: Application time: 0.0714780 seconds
205.060: [GC205.060: [DefNew: 4245K->4245K(4288K), 0.0000090 secs]205.060: [Tenured: 7477K->2301K(9600K), 0.0045730 secs] 11722K->2301K(13888K), [Perm : 5137K->5137K(21248K)], 0.0046260 secs] [Times: user=0.00 sys=0.00, real=0.01 secs] 
205.065: Total time for which application threads were stopped: 0.0066860 seconds, Stopping threads took: 0.0019790 seconds
205.065: Application time: 0.0005830 seconds
205.098: [GC205.098: [DefNew: 3823K->391K(4288K), 0.0008370 secs] 6124K->5818K(13888K), 0.0008560 secs] [Times: user=0.00 sys=0.00, real=0.00 secs] 
205.099: Total time for which application threads were stopped: 0.0338210 seconds, Stopping threads took: 0.0329020 seconds
205.100: Application time: 0.0006200 seconds
205.133: [GC205.133: [DefNew: 4212K->4212K(4288K), 0.0000060 secs]205.133: [Tenured: 5426K->6696K(9600K), 0.0061490 secs] 9639K->6696K(13888K), [Perm : 5137K->5137K(21248K)], 0.0061940 secs] [Times: user=0.01 sys=0.00, real=0.00 secs] 
205.139: Total time for which application threads were stopped: 0.0396200 seconds, Stopping threads took: 0.0333480 seconds
205.211: Application time: 0.0713030 seconds
205.212: [GC205.212: [DefNew: 3630K->3630K(4288K), 0.0000090 secs]205.212: [Tenured: 6696K->1715K(9600K), 0.0051600 secs] 10326K->1715K(13888K), [Perm : 5137K->5137K(21248K)], 0.0052130 secs] [Times: user=0.00 sys=0.00, real=0.00 secs] 
205.218: Total time for which application threads were stopped: 0.0069550 seconds, Stopping threads took: 0.0016810 seconds
205.218: Application time: 0.0006020 seconds
205.218: [GC205.219: [DefNew: 3725K->392K(4288K), 0.0008620 secs] 5441K->5428K(13888K), 0.0008860 secs] [Times: user=0.00 sys=0.00, real=0.00 secs] 
205.219: Total time for which application threads were stopped: 0.0012140 seconds, Stopping threads took: 0.0002620 seconds
205.220: Application time: 0.0010320 seconds
205.290: [GC205.290: [DefNew: 4215K->391K(4288K), 0.0004350 secs] 9251K->6209K(13888K), 0.0004590 secs] [Times: user=0.00 sys=0.00, real=0.00 secs] 
205.291: Total time for which application threads were stopped: 0.0702880 seconds, Stopping threads took: 0.0697530 seconds
205.291: Application time: 0.0004110 seconds
205.325: [GC205.325: [DefNew: 3904K->3904K(4288K), 0.0000070 secs]205.325: [Tenured: 5818K->4088K(9600K), 0.0062760 secs] 9722K->4088K(13888K), [Perm : 5137K->5137K(21248K)], 0.0063190 secs] [Times: user=0.00 sys=0.00, real=0.00 secs] 
205.331: Total time for which application threads were stopped: 0.0399500 seconds, Stopping threads took: 0.0335580 seconds
205.332: Application time: 0.0004680 seconds
205.365: [GC205.365: [DefNew: 3723K->391K(4288K), 0.0008350 secs] 7811K->7214K(13888K), 0.0008590 secs] [Times: user=0.00 sys=0.00, real=0.00 secs] 
205.366: Total time for which application threads were stopped: 0.0342440 seconds, Stopping threads took: 0.0333140 seconds
205.367: Application time: 0.0007100 seconds
205.430: [GC205.430: [DefNew: 4214K->4214K(4288K), 0.0000070 secs]205.430: [Tenured: 6822K->5133K(9600K), 0.0059340 secs] 11037K->5133K(13888K), [Perm : 5137K->5137K(21248K)], 0.0059800 secs] [Times: user=0.01 sys=0.00, real=0.01 secs] 
205.436: Total time for which application threads were stopped: 0.0697170 seconds, Stopping threads took: 0.0636500 seconds
205.437: Application time: 0.0008290 seconds
205.507: [GC205.507: [DefNew: 3825K->391K(4288K), 0.0010270 secs] 8958K->8454K(13888K), 0.0010570 secs] [Times: user=0.00 sys=0.00, real=0.00 secs] 
205.508: Total time for which application threads were stopped: 0.0707060 seconds, Stopping threads took: 0.0695730 seconds
205.508: Application time: 0.0007100 seconds
205.577: [GC205.577: [DefNew: 4197K->4197K(4288K), 0.0000080 secs]205.577: [Tenured: 8063K->4087K(9600K), 0.0050310 secs] 12260K->4087K(13888K), [Perm : 5137K->5137K(21248K)], 0.0050810 secs] [Times: user=0.01 sys=0.00, real=0.00 secs] 
205.583: Total time for which application threads were stopped: 0.0741030 seconds, Stopping threads took: 0.0689640 seconds
205.583: Application time: 0.0005400 seconds
205.635: [GC205.635: [DefNew: 3630K->391K(4288K), 0.0008300 secs] 7717K->7018K(13888K), 0.0016720 secs] [Times: user=0.00 sys=0.00, real=0.00 secs] 
205.637: Total time for which application threads were stopped: 0.0534570 seconds, Stopping threads took: 0.0517110 seconds
205.637: Application time: 0.0005010 seconds
205.694: [GC205.694: [DefNew: 4195K->4195K(4288K), 0.0000070 secs]205.694: [Tenured: 6626K->4994K(9600K), 0.0051040 secs] 10822K->4994K(13888K), [Perm : 5137K->5137K(21248K)], 0.0051520 secs] [Times: user=0.00 sys=0.00, real=0.00 secs] 
205.699: Total time for which application threads were stopped: 0.0617570 seconds, Stopping threads took: 0.0565380 seconds
205.699: Application time: 0.0006050 seconds
205.765: [GC205.765: [DefNew: 3825K->391K(4288K), 0.0008350 secs] 8820K->7925K(13888K), 0.0008610 secs] [Times: user=0.00 sys=0.00, real=0.00 secs] 
205.766: Total time for which application threads were stopped: 0.0664760 seconds, Stopping threads took: 0.0655540 seconds
205.767: Application time: 0.0006910 seconds
205.830: [GC205.830: [DefNew: 4080K->4080K(4288K), 0.0000080 secs]205.830: [Tenured: 7534K->3782K(9600K), 0.0058510 secs] 11614K->3782K(13888K), [Perm : 5137K->5137K(21248K)], 0.0058980 secs] [Times: user=0.00 sys=0.00, real=0.01 secs] 
205.836: Total time for which application threads were stopped: 0.0693410 seconds, Stopping threads took: 0.0633660 seconds
205.836: Application time: 0.0004870 seconds
205.888: [GC205.888: [DefNew: 3530K->391K(4288K), 0.0009480 secs] 7312K->6713K(13888K), 0.0009810 secs] [Times: user=0.00 sys=0.01, real=0.00 secs] 
205.889: Total time for which application threads were stopped: 0.0528410 seconds, Stopping threads took: 0.0517780 seconds
205.890: Application time: 0.0006160 seconds
205.924: [GC205.924: [DefNew: 4115K->4115K(4288K), 0.0000060 secs]205.924: [Tenured: 6321K->5524K(9600K), 0.0059230 secs] 10436K->5524K(13888K), [Perm : 5137K->5137K(21248K)], 0.0059690 secs] [Times: user=0.00 sys=0.00, real=0.01 secs] 
205.930: Total time for which application threads were stopped: 0.0399070 seconds, Stopping threads took: 0.0338600 seconds
205.931: Application time: 0.0008690 seconds
206.001: [GC206.001: [DefNew: 3825K->391K(4288K), 0.0008760 secs] 9349K->8161K(13888K), 0.0009130 secs] [Times: user=0.00 sys=0.00, real=0.00 secs] 
206.001: Total time for which application threads were stopped: 0.0707990 seconds, Stopping threads took: 0.0698000 seconds
206.002: Application time: 0.0004560 seconds
206.035: [GC206.035: [DefNew: 4119K->4119K(4288K), 0.0000060 secs]206.035: [Tenured: 7770K->4450K(9600K), 0.0063350 secs] 11889K->4450K(13888K), [Perm : 5137K->5137K(21248K)], 0.0063770 secs] [Times: user=0.00 sys=0.00, real=0.00 secs] 
206.042: Total time for which application threads were stopped: 0.0398050 seconds, Stopping threads took: 0.0333550 seconds
206.042: Application time: 0.0004720 seconds
206.089: [GC206.089: [DefNew: 3823K->391K(4288K), 0.0008280 secs] 8273K->7380K(13888K), 0.0008540 secs] [Times: user=0.01 sys=0.00, real=0.00 secs] 
206.090: Total time for which application threads were stopped: 0.0473760 seconds, Stopping threads took: 0.0464490 seconds
206.090: Application time: 0.0007190 seconds
206.160: [GC206.160: [DefNew: 4197K->4197K(4288K), 0.0000070 secs]206.160: [Tenured: 6989K->3404K(9600K), 0.0048120 secs] 11186K->3404K(13888K), [Perm : 5137K->5137K(21248K)], 0.0048620 secs] [Times: user=0.00 sys=0.00, real=0.01 secs] 
206.165: Total time for which application threads were stopped: 0.0750140 seconds, Stopping threads took: 0.0700830 seconds
206.166: Application time: 0.0004570 seconds
206.216: [GC206.216: [DefNew: 3630K->392K(4288K), 0.0008740 secs] 7034K->6726K(13888K), 0.0008980 secs] [Times: user=0.00 sys=0.00, real=0.00 secs] 
206.217: Total time for which application threads were stopped: 0.0513500 seconds, Stopping threads took: 0.0504040 seconds
206.218: Application time: 0.0008580 seconds
206.288: [GC206.288: [DefNew: 4215K->4215K(4288K), 0.0000060 secs]206.288: [Tenured: 6334K->4381K(9600K), 0.0057780 secs] 10549K->4381K(13888K), [Perm : 5137K->5137K(21248K)], 0.0058250 secs] [Times: user=0.01 sys=0.00, real=0.01 secs] 
206.294: Total time for which application threads were stopped: 0.0756890 seconds, Stopping threads took: 0.0698100 seconds
206.294: Application time: 0.0006400 seconds
206.344: [GC206.344: [DefNew: 3708K->420K(4288K), 0.0009220 secs] 8089K->7829K(13888K), 0.0009490 secs] [Times: user=0.00 sys=0.00, real=0.01 secs] 
206.345: Total time for which application threads were stopped: 0.0507050 seconds, Stopping threads took: 0.0496950 seconds
206.345: Application time: 0.0004370 seconds
206.410: [GC206.410: [DefNew: 4050K->4050K(4288K), 0.0000080 secs]206.410: [Tenured: 7408K->4059K(9600K), 0.0063780 secs] 11459K->4059K(13888K), [Perm : 5137K->5137K(21248K)], 0.0064230 secs] [Times: user=0.01 sys=0.00, real=0.01 secs] 
206.417: Total time for which application threads were stopped: 0.0711360 seconds, Stopping threads took: 0.0646380 seconds
206.417: Application time: 0.0005540 seconds
206.451: [GC206.451: [DefNew: 3819K->391K(4288K), 0.0008380 secs] 7878K->7576K(13888K), 0.0008650 secs] [Times: user=0.00 sys=0.00, real=0.00 secs] 
206.452: Total time for which application threads were stopped: 0.0343400 seconds, Stopping threads took: 0.0334060 seconds
206.524: Application time: 0.0721660 seconds
206.524: [GC206.524: [DefNew: 4118K->4118K(4288K), 0.0000100 secs]206.524: [Tenured: 7184K->2107K(9600K), 0.0050700 secs] 11303K->2107K(13888K), [Perm : 5137K->5137K(21248K)], 0.0051240 secs] [Times: user=0.01 sys=0.00, real=0.00 secs] 
206.529: Total time for which application threads were stopped: 0.0057740 seconds, Stopping threads took: 0.0005730 seconds
206.530: Application time: 0.0005710 seconds
206.530: [GC206.531: [DefNew: 3725K->392K(4288K), 0.0008450 secs] 5833K->5819K(13888K), 0.0008620 secs] [Times: user=0.00 sys=0.00, real=0.00 secs] 
206.531: Total time for which application threads were stopped: 0.0013220 seconds, Stopping threads took: 0.0003990 seconds
206.533: Application time: 0.0020110 seconds
206.603: [GC206.603: [DefNew: 4115K->391K(4288K), 0.0003580 secs] 9543K->6210K(13888K), 0.0003900 secs] [Times: user=0.00 sys=0.00, real=0.00 secs] 
206.603: Total time for which application threads were stopped: 0.0698060 seconds, Stopping threads took: 0.0693480 seconds
206.604: Application time: 0.0003530 seconds
206.637: [GC206.637: [DefNew: 4119K->4119K(4288K), 0.0000070 secs]206.637: [Tenured: 5819K->4646K(9600K), 0.0062470 secs] 9938K->4646K(13888K), [Perm : 5137K->5137K(21248K)], 0.0062920 secs] [Times: user=0.01 sys=0.00, real=0.00 secs] 
206.644: Total time for which application threads were stopped: 0.0400490 seconds, Stopping threads took: 0.0336800 seconds
206.644: Application time: 0.0006570 seconds
206.691: [GC206.691: [DefNew: 3719K->391K(4288K), 0.0007970 secs] 8365K->7771K(13888K), 0.0008170 secs] [Times: user=0.00 sys=0.00, real=0.00 secs] 
206.692: Total time for which application threads were stopped: 0.0479440 seconds, Stopping threads took: 0.0470820 seconds
206.693: Application time: 0.0007380 seconds
206.763: [GC206.763: [DefNew: 4216K->4216K(4288K), 0.0000080 secs]206.763: [Tenured: 7380K->3571K(9600K), 0.0061240 secs] 11597K->3571K(13888K), [Perm : 5137K->5137K(21248K)], 0.0061740 secs] [Times: user=0.00 sys=0.00, real=0.01 secs] 
206.769: Total time for which application threads were stopped: 0.0765160 seconds, Stopping threads took: 0.0702620 seconds
206.770: Application time: 0.0006150 seconds
206.803: [GC206.803: [DefNew: 3825K->391K(4288K), 0.0010030 secs] 7397K->7284K(13888K), 0.0010290 secs] [Times: user=0.01 sys=0.00, real=0.01 secs] 
206.804: Total time for which application threads were stopped: 0.0343480 seconds, Stopping threads took: 0.0332460 seconds
206.805: Application time: 0.0008040 seconds
206.870: [GC206.870: [DefNew: 4193K->4193K(4288K), 0.0000090 secs]206.870: [Tenured: 6892K->4450K(9600K), 0.0057780 secs] 11086K->4450K(13888K), [Perm : 5137K->5137K(21248K)], 0.0058350 secs] [Times: user=0.01 sys=0.00, real=0.01 secs] 
206.875: Total time for which application threads were stopped: 0.0702520 seconds, Stopping threads took: 0.0643330 seconds
206.876: Application time: 0.0005440 seconds
206.939: [GC206.939: [DefNew: 3532K->391K(4288K), 0.0006980 secs] 7982K->6795K(13888K), 0.0007210 secs] [Times: user=0.00 sys=0.00, real=0.00 secs] 
206.940: Total time for which application threads were stopped: 0.0634780 seconds, Stopping threads took: 0.0626870 seconds
206.940: Application time: 0.0003510 seconds
206.974: [GC206.974: [DefNew: 4115K->4115K(4288K), 0.0000070 secs]206.974: [Tenured: 6403K->6305K(9600K), 0.0059940 secs] 10518K->6305K(13888K), [Perm : 5137K->5137K(21248K)], 0.0060390 secs] [Times: user=0.01 sys=0.00, real=0.00 secs] 
206.980: Total time for which application threads were stopped: 0.0400950 seconds, Stopping threads took: 0.0339920 seconds
207.053: Application time: 0.0725960 seconds
207.054: [GC207.054: [DefNew: 3825K->3825K(4288K), 0.0000090 secs]207.054: [Tenured: 6305K->1520K(9600K), 0.0058170 secs] 10131K->1520K(13888K), [Perm : 5137K->5137K(21248K)], 0.0058700 secs] [Times: user=0.00 sys=0.00, real=0.00 secs] 
207.060: Total time for which application threads were stopped: 0.0077250 seconds, Stopping threads took: 0.0017640 seconds
207.061: Application time: 0.0006360 seconds
207.061: [GC207.061: [DefNew: 3727K->392K(4288K), 0.0008640 secs] 5248K->5233K(13888K), 0.0008800 secs] [Times: user=0.00 sys=0.00, real=0.00 secs] 
207.062: Total time for which application threads were stopped: 0.0011390 seconds, Stopping threads took: 0.0001980 seconds
207.063: Application time: 0.0011610 seconds
207.114: [GC207.114: [DefNew: 4213K->391K(4288K), 0.0006960 secs] 9054K->7381K(13888K), 0.0007160 secs] [Times: user=0.00 sys=0.00, real=0.00 secs] 
207.115: Total time for which application threads were stopped: 0.0516940 seconds, Stopping threads took: 0.0509140 seconds
207.116: Application time: 0.0008080 seconds
207.186: [GC207.186: [DefNew: 4216K->4216K(4288K), 0.0000090 secs]207.186: [Tenured: 6990K->4254K(9600K), 0.0063850 secs] 11206K->4254K(13888K), [Perm : 5137K->5137K(21248K)], 0.0064370 secs] [Times: user=0.00 sys=0.00, real=0.00 secs] 
207.192: Total time for which application threads were stopped: 0.0765300 seconds, Stopping threads took: 0.0700030 seconds
207.193: Application time: 0.0005800 seconds
207.227: [GC207.227: [DefNew: 3825K->391K(4288K), 0.0009660 secs] 8080K->7771K(13888K), 0.0009890 secs] [Times: user=0.01 sys=0.00, real=0.00 secs] 
207.228: Total time for which application threads were stopped: 0.0347810 seconds, Stopping threads took: 0.0337230 seconds
207.228: Application time: 0.0004050 seconds
207.293: [GC207.293: [DefNew: 4216K->4216K(4288K), 0.0000070 secs]207.293: [Tenured: 7380K->4352K(9600K), 0.0058010 secs] 11596K->4352K(13888K), [Perm : 5137K->5137K(21248K)], 0.0058500 secs] [Times: user=0.01 sys=0.00, real=0.00 secs] 
207.299: Total time for which application threads were stopped: 0.0706590 seconds, Stopping threads took: 0.0647300 seconds
207.299: Application time: 0.0006860 seconds
207.333: [GC207.333: [DefNew: 3821K->391K(4288K), 0.0009570 secs] 8174K->7869K(13888K), 0.0009810 secs] [Times: user=0.00 sys=0.01, real=0.00 secs] 
207.334: Total time for which application threads were stopped: 0.0343470 seconds, Stopping threads took: 0.0332970 seconds
207.335: Application time: 0.0008290 seconds
207.405: [GC207.405: [DefNew: 4216K->4216K(4288K), 0.0000090 secs]207.405: [Tenured: 7478K->3376K(9600K), 0.0058730 secs] 11694K->3376K(13888K), [Perm : 5137K->5137K(21248K)], 0.0059240 secs] [Times: user=0.00 sys=0.01, real=0.00 secs] 
207.411: Total time for which application threads were stopped: 0.0762220 seconds, Stopping threads took: 0.0702190 seconds
207.411: Application time: 0.0006270 seconds
207.445: [GC207.445: [DefNew: 3825K->391K(4288K), 0.0009390 secs] 7201K->7088K(13888K), 0.0009650 secs] [Times: user=0.00 sys=0.00, real=0.00 secs] 
207.446: Total time for which application threads were stopped: 0.0345510 seconds, Stopping threads took: 0.0335150 seconds
207.447: Application time: 0.0006910 seconds
207.508: [GC207.508: [DefNew: 4117K->4117K(4288K), 0.0000070 secs]207.508: [Tenured: 6696K->4450K(9600K), 0.0064720 secs] 10813K->4450K(13888K), [Perm : 5137K->5137K(21248K)], 0.0065180 secs] [Times: user=0.00 sys=0.00, real=0.01 secs] 
207.515: Total time for which application threads were stopped: 0.0681240 seconds, Stopping threads took: 0.0615300 seconds
207.516: Application time: 0.0007910 seconds
207.581: [GC207.581: [DefNew: 3806K->420K(4288K), 0.0007840 secs] 8256K->7018K(13888K), 0.0008120 secs] [Times: user=0.00 sys=0.00, real=0.00 secs] 
207.582: Total time for which application threads were stopped: 0.0662460 seconds, Stopping threads took: 0.0653740 seconds
207.582: Application time: 0.0003770 seconds
207.642: [GC207.642: [DefNew: 4245K->4245K(4288K), 0.0000060 secs]207.642: [Tenured: 6598K->4479K(9600K), 0.0057600 secs] 10844K->4479K(13888K), [Perm : 5137K->5137K(21248K)], 0.0058050 secs] [Times: user=0.01 sys=0.00, real=0.01 secs] 
207.648: Total time for which application threads were stopped: 0.0656510 seconds, Stopping threads took: 0.0597700 seconds
207.649: Application time: 0.0006660 seconds
207.698: [GC207.698: [DefNew: 3765K->445K(4288K), 0.0007830 secs] 8244K->7495K(13888K), 0.0008030 secs] [Times: user=0.00 sys=0.00, real=0.00 secs] 
207.699: Total time for which application threads were stopped: 0.0500480 seconds, Stopping threads took: 0.0491880 seconds
207.699: Application time: 0.0008050 seconds
207.769: [GC207.769: [DefNew: 4270K->4270K(4288K), 0.0000080 secs]207.769: [Tenured: 7050K->4255K(9600K), 0.0064590 secs] 11320K->4255K(13888K), [Perm : 5137K->5137K(21248K)], 0.0065090 secs] [Times: user=0.00 sys=0.00, real=0.01 secs] 
207.776: Total time for which application threads were stopped: 0.0764820 seconds, Stopping threads took: 0.0699150 seconds
207.777: Application time: 0.0006450 seconds
207.810: [GC207.810: [DefNew: 3825K->391K(4288K), 0.0009730 secs] 8080K->7772K(13888K), 0.0010000 secs] [Times: user=0.01 sys=0.00, real=0.00 secs] 
207.811: Total time for which application threads were stopped: 0.0349330 seconds, Stopping threads took: 0.0338780 seconds
207.812: Application time: 0.0005780 seconds
207.846: [GC207.846: [DefNew: 4214K->4214K(4288K), 0.0000090 secs]207.846: [Tenured: 7380K->5817K(9600K), 0.0051890 secs] 11595K->5817K(13888K), [Perm : 5137K->5137K(21248K)], 0.0052520 secs] [Times: user=0.01 sys=0.00, real=0.00 secs] 
207.851: Total time for which application threads were stopped: 0.0389040 seconds, Stopping threads took: 0.0335780 seconds
207.852: Application time: 0.0009430 seconds
207.922: [GC207.922: [DefNew: 3806K->3806K(4288K), 0.0000080 secs]207.922: [Tenured: 5817K->4186K(9600K), 0.0057990 secs] 9623K->4186K(13888K), [Perm : 5137K->5137K(21248K)], 0.0058480 secs] [Times: user=0.00 sys=0.00, real=0.01 secs] 
207.928: Total time for which application threads were stopped: 0.0756540 seconds, Stopping threads took: 0.0697470 seconds
207.928: Application time: 0.0005610 seconds
207.962: [GC207.962: [DefNew: 3823K->391K(4288K), 0.0009600 secs] 8009K->7898K(13888K), 0.0009850 secs] [Times: user=0.00 sys=0.00, real=0.00 secs] 
207.963: Total time for which application threads were stopped: 0.0352750 seconds, Stopping threads took: 0.0342190 seconds
207.964: Application time: 0.0008490 seconds
208.027: [GC208.027: [DefNew: 4215K->4215K(4288K), 0.0000060 secs]208.027: [Tenured: 7506K->5357K(9600K), 0.0058680 secs] 11721K->5357K(13888K), [Perm : 5137K->5137K(21248K)], 0.0059150 secs] [Times: user=0.01 sys=0.00, real=0.01 secs] 
208.033: Total time for which application threads were stopped: 0.0684560 seconds, Stopping threads took: 0.0624640 seconds
208.034: Application time: 0.0009810 seconds
208.098: [GC208.098: [DefNew: 3825K->391K(4288K), 0.0009250 secs] 9183K->8483K(13888K), 0.0009510 secs] [Times: user=0.00 sys=0.00, real=0.00 secs] 
208.099: Total time for which application threads were stopped: 0.0651000 seconds, Stopping threads took: 0.0640920 seconds
208.099: Application time: 0.0004360 seconds
208.156: [GC208.156: [DefNew: 3923K->3923K(4288K), 0.0000080 secs]208.156: [Tenured: 8092K->3669K(9600K), 0.0060830 secs] 12016K->3669K(13888K), [Perm : 5137K->5137K(21248K)], 0.0061300 secs] [Times: user=0.00 sys=0.00, real=0.00 secs] 
208.163: Total time for which application threads were stopped: 0.0634080 seconds, Stopping threads took: 0.0572220 seconds
208.163: Application time: 0.0004910 seconds
208.164: [GC208.164: [DefNew: 3819K->294K(4288K), 0.0009230 secs] 7489K->7479K(13888K), 0.0009470 secs] [Times: user=0.00 sys=0.00, real=0.01 secs] 
208.164: Total time for which application threads were stopped: 0.0013700 seconds, Stopping threads took: 0.0003540 seconds
208.237: Application time: 0.0721740 seconds
208.239: [GC208.239: [DefNew: 4001K->4001K(4288K), 0.0000090 secs]208.239: [Tenured: 7185K->2526K(9600K), 0.0053910 secs] 11187K->2526K(13888K), [Perm : 5137K->5137K(21248K)], 0.0054440 secs] [Times: user=0.01 sys=0.00, real=0.01 secs] 
208.245: Total time for which application threads were stopped: 0.0080170 seconds, Stopping threads took: 0.0024900 seconds
208.245: Application time: 0.0005270 seconds
208.279: [GC208.279: [DefNew: 3825K->391K(4288K), 0.0008290 secs] 6352K->6043K(13888K), 0.0008480 secs] [Times: user=0.00 sys=0.00, real=0.00 secs] 
208.280: Total time for which application threads were stopped: 0.0346730 seconds, Stopping threads took: 0.0337810 seconds
208.281: Application time: 0.0007950 seconds
208.345: [GC208.345: [DefNew: 4214K->4214K(4288K), 0.0000070 secs]208.345: [Tenured: 5652K->3894K(9600K), 0.0057330 secs] 9867K->3894K(13888K), [Perm : 5137K->5137K(21248K)], 0.0057810 secs] [Times: user=0.00 sys=0.00, real=0.00 secs] 
208.351: Total time for which application threads were stopped: 0.0705670 seconds, Stopping threads took: 0.0647080 seconds
208.352: Application time: 0.0004670 seconds
208.397: [GC208.397: [DefNew: 3630K->392K(4288K), 0.0007640 secs] 7524K->6630K(13888K), 0.0007880 secs] [Times: user=0.00 sys=0.00, real=0.00 secs] 
208.398: Total time for which application threads were stopped: 0.0459810 seconds, Stopping threads took: 0.0451230 seconds
208.398: Application time: 0.0004990 seconds
208.431: [GC208.431: [DefNew: 4191K->4191K(4288K), 0.0000050 secs]208.431: [Tenured: 6238K->6950K(9600K), 0.0061230 secs] 10430K->6950K(13888K), [Perm : 5137K->5137K(21248K)], 0.0061740 secs] [Times: user=0.00 sys=0.00, real=0.01 secs] 
208.437: Total time for which application threads were stopped: 0.0389330 seconds, Stopping threads took: 0.0326840 seconds
208.510: Application time: 0.0726230 seconds
208.511: [GC208.511: [DefNew: 3825K->3825K(4288K), 0.0000090 secs]208.511: [Tenured: 6950K->1911K(9600K), 0.0058960 secs] 10775K->1911K(13888K), [Perm : 5137K->5137K(21248K)], 0.0059480 secs] [Times: user=0.00 sys=0.00, real=0.01 secs] 
208.517: Total time for which application threads were stopped: 0.0072700 seconds, Stopping threads took: 0.0012410 seconds
208.518: Application time: 0.0006320 seconds
208.518: [GC208.518: [DefNew: 3727K->392K(4288K), 0.0008860 secs] 5639K->5624K(13888K), 0.0009080 secs] [Times: user=0.00 sys=0.00, real=0.00 secs] 
208.519: Total time for which application threads were stopped: 0.0010490 seconds, Stopping threads took: 0.0000750 seconds
208.520: Application time: 0.0015750 seconds
208.584: [GC208.584: [DefNew: 4117K->391K(4288K), 0.0006020 secs] 9349K->7186K(13888K), 0.0006240 secs] [Times: user=0.00 sys=0.00, real=0.00 secs] 
208.585: Total time for which application threads were stopped: 0.0647170 seconds, Stopping threads took: 0.0640280 seconds
208.586: Application time: 0.0007670 seconds
208.638: [GC208.638: [DefNew: 4118K->4118K(4288K), 0.0000070 secs]208.638: [Tenured: 6795K->4450K(9600K), 0.0056450 secs] 10914K->4450K(13888K), [Perm : 5137K->5137K(21248K)], 0.0056880 secs] [Times: user=0.01 sys=0.00, real=0.00 secs] 
208.643: Total time for which application threads were stopped: 0.0576700 seconds, Stopping threads took: 0.0519240 seconds
208.644: Application time: 0.0005080 seconds
208.709: [GC208.709: [DefNew: 3532K->392K(4288K), 0.0007140 secs] 7982K->6795K(13888K), 0.0007400 secs] [Times: user=0.00 sys=0.00, real=0.00 secs] 
208.710: Total time for which application threads were stopped: 0.0661450 seconds, Stopping threads took: 0.0653330 seconds
208.710: Application time: 0.0003140 seconds
208.711: [GC208.711: [DefNew: 3916K->3916K(4288K), 0.0000060 secs]208.711: [Tenured: 6403K->7185K(9600K), 0.0067740 secs] 10320K->7185K(13888K), [Perm : 5137K->5137K(21248K)], 0.0068150 secs] [Times: user=0.00 sys=0.00, real=0.01 secs] 
208.718: Total time for which application threads were stopped: 0.0076520 seconds, Stopping threads took: 0.0007600 seconds
208.796: Application time: 0.0780510 seconds
208.831: [GC208.831: [DefNew: 3825K->3825K(4288K), 0.0000090 secs]208.831: [Tenured: 7185K->1325K(9600K), 0.0050920 secs] 11010K->1325K(13888K), [Perm : 5137K->5137K(21248K)], 0.0051460 secs] [Times: user=0.00 sys=0.00, real=0.01 secs] 
208.836: Total time for which application threads were stopped: 0.0397850 seconds, Stopping threads took: 0.0345580 seconds
208.837: Application time: 0.0006050 seconds
208.837: [GC208.837: [DefNew: 3776K->392K(4288K), 0.0008550 secs] 5101K->5038K(13888K), 0.0008750 secs] [Times: user=0.00 sys=0.00, real=0.00 secs] 
208.838: Total time for which application threads were stopped: 0.0012880 seconds, Stopping threads took: 0.0003500 seconds
208.838: Application time: 0.0006070 seconds
208.891: [GC208.891: [DefNew: 4145K->321K(4288K), 0.0010570 secs] 8791K->7898K(13888K), 0.0010870 secs] [Times: user=0.00 sys=0.00, real=0.00 secs] 
208.892: Total time for which application threads were stopped: 0.0535140 seconds, Stopping threads took: 0.0523500 seconds
208.893: Application time: 0.0009000 seconds
208.963: [GC208.963: [DefNew: 4147K->4147K(4288K), 0.0000080 secs]208.963: [Tenured: 7577K->3962K(9600K), 0.0056080 secs] 11724K->3962K(13888K), [Perm : 5137K->5137K(21248K)], 0.0056610 secs] [Times: user=0.00 sys=0.00, real=0.01 secs] 
208.968: Total time for which application threads were stopped: 0.0753820 seconds, Stopping threads took: 0.0696400 seconds
208.969: Application time: 0.0004960 seconds
209.029: [GC209.029: [DefNew: 3727K->392K(4288K), 0.0009100 secs] 7690K->7089K(13888K), 0.0009340 secs] [Times: user=0.00 sys=0.00, real=0.00 secs] 
209.030: Total time for which application threads were stopped: 0.0615280 seconds, Stopping threads took: 0.0605150 seconds
209.031: Application time: 0.0006150 seconds
209.065: [GC209.065: [DefNew: 4209K->4209K(4288K), 0.0000060 secs]209.065: [Tenured: 6696K->7184K(9600K), 0.0068000 secs] 10906K->7184K(13888K), [Perm : 5137K->5137K(21248K)], 0.0068430 secs] [Times: user=0.00 sys=0.00, real=0.00 secs] 
209.071: Total time for which application threads were stopped: 0.0405810 seconds, Stopping threads took: 0.0336650 seconds
209.143: Application time: 0.0717800 seconds
209.145: [GC209.145: [DefNew: 3532K->3532K(4288K), 0.0000090 secs]209.145: [Tenured: 7184K->2107K(9600K), 0.0052480 secs] 10717K->2107K(13888K), [Perm : 5137K->5137K(21248K)], 0.0053020 secs] [Times: user=0.01 sys=0.01, real=0.00 secs] 
209.151: Total time for which application threads were stopped: 0.0075710 seconds, Stopping threads took: 0.0021770 seconds
209.151: Application time: 0.0004750 seconds
209.152: [GC209.152: [DefNew: 3723K->391K(4288K), 0.0008030 secs] 5831K->5819K(13888K), 0.0008250 secs] [Times: user=0.00 sys=0.00, real=0.01 secs] 
209.153: Total time for which application threads were stopped: 0.0012730 seconds, Stopping threads took: 0.0004050 seconds
209.153: Application time: 0.0008950 seconds
209.223: [GC209.223: [DefNew: 4216K->4216K(4288K), 0.0000070 secs]209.223: [Tenured: 5427K->3182K(9600K), 0.0058800 secs] 9644K->3182K(13888K), [Perm : 5137K->5137K(21248K)], 0.0059290 secs] [Times: user=0.01 sys=0.00, real=0.01 secs] 
209.229: Total time for which application threads were stopped: 0.0758440 seconds, Stopping threads took: 0.0698380 seconds
209.230: Application time: 0.0004820 seconds
209.263: [GC209.263: [DefNew: 3825K->391K(4288K), 0.0009220 secs] 7007K->6699K(13888K), 0.0009470 secs] [Times: user=0.00 sys=0.00, real=0.00 secs] 
209.264: Total time for which application threads were stopped: 0.0342440 seconds, Stopping threads took: 0.0332270 seconds
209.265: Application time: 0.0006490 seconds
209.308: [GC209.308: [DefNew: 4211K->4211K(4288K), 0.0000050 secs]209.308: [Tenured: 6307K->6501K(9600K), 0.0061290 secs] 10518K->6501K(13888K), [Perm : 5137K->5137K(21248K)], 0.0061750 secs] [Times: user=0.00 sys=0.00, real=0.01 secs] 
209.314: Total time for which application threads were stopped: 0.0494930 seconds, Stopping threads took: 0.0432400 seconds
209.386: Application time: 0.0719740 seconds
209.388: [GC209.388: [DefNew: 3708K->3708K(4288K), 0.0000100 secs]209.388: [Tenured: 6501K->1549K(9600K), 0.0058170 secs] 10209K->1549K(13888K), [Perm : 5137K->5137K(21248K)], 0.0058680 secs] [Times: user=0.01 sys=0.00, real=0.01 secs] 
209.393: Total time for which application threads were stopped: 0.0073520 seconds, Stopping threads took: 0.0014050 seconds
209.394: Application time: 0.0005600 seconds
209.394: [GC209.394: [DefNew: 3760K->425K(4288K), 0.0008930 secs] 5309K->5295K(13888K), 0.0009100 secs] [Times: user=0.01 sys=0.00, real=0.00 secs] 
209.395: Total time for which application threads were stopped: 0.0012670 seconds, Stopping threads took: 0.0002960 seconds
209.396: Application time: 0.0010220 seconds
209.430: [GC209.430: [DefNew: 4192K->321K(4288K), 0.0004390 secs] 9062K->6364K(13888K), 0.0004580 secs] [Times: user=0.00 sys=0.00, real=0.00 secs] 
209.430: Total time for which application threads were stopped: 0.0339380 seconds, Stopping threads took: 0.0334290 seconds
209.431: Application time: 0.0006940 seconds
209.501: [GC209.501: [DefNew: 4147K->4147K(4288K), 0.0000070 secs]209.501: [Tenured: 6042K->4215K(9600K), 0.0060470 secs] 10190K->4215K(13888K), [Perm : 5137K->5137K(21248K)], 0.0060980 secs] [Times: user=0.01 sys=0.00, real=0.01 secs] 
209.507: Total time for which application threads were stopped: 0.0760680 seconds, Stopping threads took: 0.0698920 seconds
209.508: Application time: 0.0004920 seconds
209.553: [GC209.553: [DefNew: 3532K->392K(4288K), 0.0008590 secs] 7747K->7342K(13888K), 0.0008790 secs] [Times: user=0.00 sys=0.00, real=0.00 secs] 
209.554: Total time for which application threads were stopped: 0.0463750 seconds, Stopping threads took: 0.0454270 seconds
209.555: Application time: 0.0006510 seconds
209.588: [GC209.588: [DefNew: 4192K->4192K(4288K), 0.0000070 secs]209.588: [Tenured: 6949K->7173K(9600K), 0.0062770 secs] 11142K->7173K(13888K), [Perm : 5137K->5137K(21248K)], 0.0063310 secs] [Times: user=0.01 sys=0.00, real=0.01 secs] 
209.595: Total time for which application threads were stopped: 0.0401110 seconds, Stopping threads took: 0.0337220 seconds
209.667: Application time: 0.0720370 seconds
209.667: [GC209.668: [DefNew: 3825K->3825K(4288K), 0.0000100 secs]209.668: [Tenured: 7173K->2278K(9600K), 0.0060510 secs] 10998K->2278K(13888K), [Perm : 5137K->5137K(21248K)], 0.0061060 secs] [Times: user=0.01 sys=0.00, real=0.01 secs] 
209.674: Total time for which application threads were stopped: 0.0068890 seconds, Stopping threads took: 0.0006950 seconds
209.674: Application time: 0.0006230 seconds
209.708: [GC209.708: [DefNew: 3510K->420K(4288K), 0.0007760 secs] 5789K->5433K(13888K), 0.0007940 secs] [Times: user=0.00 sys=0.00, real=0.00 secs] 
209.709: Total time for which application threads were stopped: 0.0346020 seconds, Stopping threads took: 0.0337680 seconds
209.709: Application time: 0.0003390 seconds
209.743: [GC209.743: [DefNew: 4241K->390K(4288K), 0.0009580 secs] 9254K->8655K(13888K), 0.0009790 secs] [Times: user=0.00 sys=0.00, real=0.00 secs] 
209.744: Total time for which application threads were stopped: 0.0348350 seconds, Stopping threads took: 0.0337910 seconds
209.816: Application time: 0.0721570 seconds
209.818: [GC209.818: [DefNew: 4216K->4216K(4288K), 0.0000090 secs]209.818: [Tenured: 8264K->1525K(9600K), 0.0057430 secs] 12480K->1525K(13888K), [Perm : 5137K->5137K(21248K)], 0.0057920 secs] [Times: user=0.00 sys=0.00, real=0.00 secs] 
209.824: Total time for which application threads were stopped: 0.0080670 seconds, Stopping threads took: 0.0021960 seconds
209.825: Application time: 0.0006320 seconds
209.825: [GC209.825: [DefNew: 3727K->392K(4288K), 0.0008670 secs] 5253K->5238K(13888K), 0.0008880 secs] [Times: user=0.00 sys=0.00, real=0.00 secs] 
209.826: Total time for which application threads were stopped: 0.0013500 seconds, Stopping threads took: 0.0003960 seconds
209.827: Application time: 0.0007800 seconds
209.875: [GC209.875: [DefNew: 4217K->390K(4288K), 0.0010740 secs] 9063K->8167K(13888K), 0.0011050 secs] [Times: user=0.00 sys=0.00, real=0.00 secs] 
209.876: Total time for which application threads were stopped: 0.0487360 seconds, Stopping threads took: 0.0475530 seconds
209.877: Application time: 0.0009700 seconds
209.947: [GC209.947: [DefNew: 4216K->4216K(4288K), 0.0000090 secs]209.947: [Tenured: 7776K->4260K(9600K), 0.0063540 secs] 11993K->4260K(13888K), [Perm : 5137K->5137K(21248K)], 0.0064040 secs] [Times: user=0.01 sys=0.00, real=0.01 secs] 
209.953: Total time for which application threads were stopped: 0.0764060 seconds, Stopping threads took: 0.0699220 seconds
209.954: Application time: 0.0006880 seconds
210.016: [GC210.016: [DefNew: 3708K->420K(4288K), 0.0009510 secs] 7968K->7610K(13888K), 0.0009770 secs] [Times: user=0.00 sys=0.00, real=0.00 secs] 
210.017: Total time for which application threads were stopped: 0.0628100 seconds, Stopping threads took: 0.0617640 seconds
210.017: Application time: 0.0006620 seconds
210.084: [GC210.084: [DefNew: 4128K->4128K(4288K), 0.0000070 secs]210.084: [Tenured: 7189K->4024K(9600K), 0.0063410 secs] 11318K->4024K(13888K), [Perm : 5137K->5137K(21248K)], 0.0063870 secs] [Times: user=0.00 sys=0.00, real=0.01 secs] 
210.091: Total time for which application threads were stopped: 0.0733300 seconds, Stopping threads took: 0.0668670 seconds
210.091: Application time: 0.0006450 seconds
210.150: [GC210.150: [DefNew: 3727K->391K(4288K), 0.0008950 secs] 7751K->7150K(13888K), 0.0009210 secs] [Times: user=0.00 sys=0.00, real=0.00 secs] 
210.151: Total time for which application threads were stopped: 0.0601280 seconds, Stopping threads took: 0.0591340 seconds
210.152: Application time: 0.0004630 seconds
210.185: [GC210.185: [DefNew: 4113K->4113K(4288K), 0.0000140 secs]210.185: [Tenured: 6758K->7087K(9600K), 0.0064140 secs] 10872K->7087K(13888K), [Perm : 5137K->5137K(21248K)], 0.0064680 secs] [Times: user=0.01 sys=0.00, real=0.00 secs] 
210.192: Total time for which application threads were stopped: 0.0397900 seconds, Stopping threads took: 0.0332390 seconds
210.264: Application time: 0.0727820 seconds
210.266: [GC210.266: [DefNew: 3825K->3825K(4288K), 0.0000090 secs]210.266: [Tenured: 7087K->2302K(9600K), 0.0052720 secs] 10912K->2302K(13888K), [Perm : 5137K->5137K(21248K)], 0.0053270 secs] [Times: user=0.01 sys=0.00, real=0.00 secs] 
210.272: Total time for which application threads were stopped: 0.0071300 seconds, Stopping threads took: 0.0017200 seconds
210.272: Application time: 0.0005610 seconds
210.306: [GC210.306: [DefNew: 3684K->396K(4288K), 0.0008490 secs] 5987K->5824K(13888K), 0.0008680 secs] [Times: user=0.01 sys=0.00, real=0.00 secs] 
210.307: Total time for which application threads were stopped: 0.0348700 seconds, Stopping threads took: 0.0339380 seconds
210.308: Application time: 0.0005930 seconds
210.353: [GC210.353: [DefNew: 4048K->415K(4288K), 0.0007630 secs] 9476K->8192K(13888K), 0.0007860 secs] [Times: user=0.00 sys=0.00, real=0.00 secs] 
210.354: Total time for which application threads were stopped: 0.0463740 seconds, Stopping threads took: 0.0455410 seconds
210.355: Application time: 0.0007440 seconds
210.420: [GC210.420: [DefNew: 4240K->4240K(4288K), 0.0000080 secs]210.420: [Tenured: 7777K->4772K(9600K), 0.0056340 secs] 12017K->4772K(13888K), [Perm : 5137K->5137K(21248K)], 0.0056840 secs] [Times: user=0.01 sys=0.00, real=0.01 secs] 
210.426: Total time for which application threads were stopped: 0.0714120 seconds, Stopping threads took: 0.0656470 seconds
210.427: Application time: 0.0005430 seconds
210.492: [GC210.493: [DefNew: 3630K->391K(4288K), 0.0007910 secs] 8402K->7508K(13888K), 0.0008190 secs] [Times: user=0.00 sys=0.00, real=0.00 secs] 
210.493: Total time for which application threads were stopped: 0.0666320 seconds, Stopping threads took: 0.0657530 seconds
210.494: Application time: 0.0003780 seconds
210.540: [GC210.540: [DefNew: 4217K->4217K(4288K), 0.0000070 secs]210.540: [Tenured: 7116K->5944K(9600K), 0.0066060 secs] 11333K->5944K(13888K), [Perm : 5137K->5137K(21248K)], 0.0066480 secs] [Times: user=0.01 sys=0.01, real=0.01 secs] 
210.547: Total time for which application threads were stopped: 0.0533780 seconds, Stopping threads took: 0.0466550 seconds
210.548: Application time: 0.0009050 seconds
210.618: [GC210.618: [DefNew: 3825K->3825K(4288K), 0.0000090 secs]210.618: [Tenured: 5944K->4158K(9600K), 0.0061970 secs] 9770K->4158K(13888K), [Perm : 5137K->5137K(21248K)], 0.0062500 secs] [Times: user=0.01 sys=0.00, real=0.00 secs] 
210.624: Total time for which application threads were stopped: 0.0761070 seconds, Stopping threads took: 0.0697760 seconds
210.625: Application time: 0.0006170 seconds
210.673: [GC210.673: [DefNew: 3532K->391K(4288K), 0.0008830 secs] 7690K->7284K(13888K), 0.0016280 secs] [Times: user=0.00 sys=0.00, real=0.00 secs] 
210.675: Total time for which application threads were stopped: 0.0500130 seconds, Stopping threads took: 0.0483160 seconds
210.675: Application time: 0.0003580 seconds
210.709: [GC210.709: [DefNew: 4215K->4215K(4288K), 0.0000080 secs]210.709: [Tenured: 6892K->6111K(9600K), 0.0066910 secs] 11107K->6111K(13888K), [Perm : 5137K->5137K(21248K)], 0.0067340 secs] [Times: user=0.01 sys=0.00, real=0.01 secs] 
210.716: Total time for which application threads were stopped: 0.0404610 seconds, Stopping threads took: 0.0336380 seconds
210.788: Application time: 0.0720890 seconds
210.789: [GC210.789: [DefNew: 3825K->3825K(4288K), 0.0000090 secs]210.789: [Tenured: 6111K->1326K(9600K), 0.0049270 secs] 9936K->1326K(13888K), [Perm : 5137K->5137K(21248K)], 0.0049770 secs] [Times: user=0.01 sys=0.00, real=0.01 secs] 
210.794: Total time for which application threads were stopped: 0.0065960 seconds, Stopping threads took: 0.0015480 seconds
210.795: Application time: 0.0006400 seconds
210.795: [GC210.795: [DefNew: 3727K->392K(4288K), 0.0008720 secs] 5054K->5039K(13888K), 0.0008960 secs] [Times: user=0.00 sys=0.00, real=0.00 secs] 
210.796: Total time for which application threads were stopped: 0.0011550 seconds, Stopping threads took: 0.0001990 seconds
210.797: Application time: 0.0012100 seconds
210.859: [GC210.859: [DefNew: 4115K->391K(4288K), 0.0007260 secs] 8762K->6601K(13888K), 0.0007540 secs] [Times: user=0.00 sys=0.00, real=0.00 secs] 
210.860: Total time for which application threads were stopped: 0.0626110 seconds, Stopping threads took: 0.0617820 seconds
210.860: Application time: 0.0005100 seconds
210.925: [GC210.925: [DefNew: 3923K->3923K(4288K), 0.0000070 secs]210.925: [Tenured: 6210K->3670K(9600K), 0.0058900 secs] 10133K->3670K(13888K), [Perm : 5137K->5137K(21248K)], 0.0059340 secs] [Times: user=0.01 sys=0.00, real=0.00 secs] 
210.931: Total time for which application threads were stopped: 0.0707530 seconds, Stopping threads took: 0.0647440 seconds
210.932: Application time: 0.0006770 seconds
210.977: [GC210.977: [DefNew: 3704K->419K(4288K), 0.0008250 secs] 7374K->7020K(13888K), 0.0008480 secs] [Times: user=0.00 sys=0.00, real=0.00 secs] 
210.978: Total time for which application threads were stopped: 0.0464000 seconds, Stopping threads took: 0.0454840 seconds
211.050: Application time: 0.0722650 seconds
211.052: [GC211.052: [DefNew: 4147K->4147K(4288K), 0.0000090 secs]211.052: [Tenured: 6600K->1302K(9600K), 0.0058360 secs] 10747K->1302K(13888K), [Perm : 5137K->5137K(21248K)], 0.0058830 secs] [Times: user=0.01 sys=0.00, real=0.01 secs] 
211.058: Total time for which application threads were stopped: 0.0072700 seconds, Stopping threads took: 0.0013080 seconds
211.058: Application time: 0.0006070 seconds
211.059: [GC211.059: [DefNew: 3804K->420K(4288K), 0.0008820 secs] 5106K->5043K(13888K), 0.0009050 secs] [Times: user=0.00 sys=0.00, real=0.00 secs] 
211.060: Total time for which application threads were stopped: 0.0011930 seconds, Stopping threads took: 0.0002310 seconds
211.060: Application time: 0.0008700 seconds
211.125: [GC211.125: [DefNew: 4143K->391K(4288K), 0.0005660 secs] 8766K->6410K(13888K), 0.0005910 secs] [Times: user=0.00 sys=0.00, real=0.00 secs] 
211.126: Total time for which application threads were stopped: 0.0655750 seconds, Stopping threads took: 0.0649180 seconds
211.127: Application time: 0.0006710 seconds
211.197: [GC211.197: [DefNew: 4214K->4214K(4288K), 0.0000070 secs]211.197: [Tenured: 6019K->2893K(9600K), 0.0054340 secs] 10233K->2893K(13888K), [Perm : 5137K->5137K(21248K)], 0.0054780 secs] [Times: user=0.00 sys=0.00, real=0.00 secs] 
211.202: Total time for which application threads were stopped: 0.0755760 seconds, Stopping threads took: 0.0700430 seconds
211.203: Application time: 0.0005610 seconds
211.236: [GC211.236: [DefNew: 3727K->392K(4288K), 0.0007870 secs] 6621K->6020K(13888K), 0.0008110 secs] [Times: user=0.00 sys=0.00, real=0.00 secs] 
211.237: Total time for which application threads were stopped: 0.0343000 seconds, Stopping threads took: 0.0334090 seconds
211.238: Application time: 0.0005850 seconds
211.276: [GC211.276: [DefNew: 4109K->4109K(4288K), 0.0000060 secs]211.276: [Tenured: 5628K->7093K(9600K), 0.0068010 secs] 9738K->7093K(13888K), [Perm : 5137K->5137K(21248K)], 0.0068460 secs] [Times: user=0.00 sys=0.00, real=0.00 secs] 
211.283: Total time for which application threads were stopped: 0.0448540 seconds, Stopping threads took: 0.0379280 seconds
211.354: Application time: 0.0714220 seconds
211.356: [GC211.356: [DefNew: 3825K->3825K(4288K), 0.0000090 secs]211.356: [Tenured: 7093K->2308K(9600K), 0.0045260 secs] 10918K->2308K(13888K), [Perm : 5137K->5137K(21248K)], 0.0045820 secs] [Times: user=0.01 sys=0.00, real=0.00 secs] 
211.361: Total time for which application threads were stopped: 0.0069370 seconds, Stopping threads took: 0.0022880 seconds
211.361: Application time: 0.0005540 seconds
211.362: [GC211.362: [DefNew: 3823K->391K(4288K), 0.0008600 secs] 6131K->6118K(13888K), 0.0008780 secs] [Times: user=0.00 sys=0.00, real=0.00 secs] 
211.363: Total time for which application threads were stopped: 0.0011770 seconds, Stopping threads took: 0.0002380 seconds
211.434: Application time: 0.0711340 seconds
211.437: [GC211.437: [DefNew: 4217K->4217K(4288K), 0.0000090 secs]211.437: [Tenured: 5726K->1326K(9600K), 0.0058380 secs] 9943K->1326K(13888K), [Perm : 5137K->5137K(21248K)], 0.0058970 secs] [Times: user=0.01 sys=0.00, real=0.00 secs] 
211.443: Total time for which application threads were stopped: 0.0088170 seconds, Stopping threads took: 0.0028430 seconds
211.443: Application time: 0.0005680 seconds
211.443: [GC211.443: [DefNew: 3727K->392K(4288K), 0.0008860 secs] 5054K->5039K(13888K), 0.0009070 secs] [Times: user=0.00 sys=0.00, real=0.00 secs] 
211.444: Total time for which application threads were stopped: 0.0010520 seconds, Stopping threads took: 0.0000970 seconds
211.445: Application time: 0.0009080 seconds
211.479: [GC211.479: [DefNew: 4192K->321K(4288K), 0.0005610 secs] 8839K->6532K(13888K), 0.0005830 secs] [Times: user=0.00 sys=0.00, real=0.00 secs] 
211.480: Total time for which application threads were stopped: 0.0344520 seconds, Stopping threads took: 0.0338140 seconds
211.480: Application time: 0.0006690 seconds
211.550: [GC211.550: [DefNew: 4147K->4147K(4288K), 0.0000080 secs]211.550: [Tenured: 6210K->3991K(9600K), 0.0059060 secs] 10357K->3991K(13888K), [Perm : 5137K->5137K(21248K)], 0.0059540 secs] [Times: user=0.00 sys=0.00, real=0.01 secs] 
211.556: Total time for which application threads were stopped: 0.0759920 seconds, Stopping threads took: 0.0699610 seconds
211.557: Application time: 0.0006110 seconds
211.599: [GC211.599: [DefNew: 3806K->420K(4288K), 0.0009220 secs] 7797K->7146K(13888K), 0.0009480 secs] [Times: user=0.00 sys=0.00, real=0.00 secs] 
211.600: Total time for which application threads were stopped: 0.0434710 seconds, Stopping threads took: 0.0424700 seconds
211.601: Application time: 0.0003860 seconds
211.634: [GC211.634: [DefNew: 4245K->4245K(4288K), 0.0000060 secs]211.634: [Tenured: 6726K->6168K(9600K), 0.0066620 secs] 10971K->6168K(13888K), [Perm : 5137K->5137K(21248K)], 0.0067020 secs] [Times: user=0.01 sys=0.00, real=0.00 secs] 
211.641: Total time for which application threads were stopped: 0.0400560 seconds, Stopping threads took: 0.0332810 seconds
211.642: Application time: 0.0012610 seconds
211.713: [GC211.713: [DefNew: 3805K->3805K(4288K), 0.0000100 secs]211.713: [Tenured: 6168K->2388K(9600K), 0.0051510 secs] 9974K->2388K(13888K), [Perm : 5137K->5137K(21248K)], 0.0052070 secs] [Times: user=0.01 sys=0.00, real=0.00 secs] 
211.718: Total time for which application threads were stopped: 0.0758840 seconds, Stopping threads took: 0.0706080 seconds
211.719: Application time: 0.0005970 seconds
211.761: [GC211.761: [DefNew: 3825K->392K(4288K), 0.0008920 secs] 6214K->6100K(13888K), 0.0009110 secs] [Times: user=0.00 sys=0.00, real=0.00 secs] 
211.762: Total time for which application threads were stopped: 0.0434900 seconds, Stopping threads took: 0.0425100 seconds
211.763: Application time: 0.0012630 seconds
211.824: [GC211.824: [DefNew: 4113K->4113K(4288K), 0.0000060 secs]211.824: [Tenured: 5708K->4451K(9600K), 0.0056830 secs] 9822K->4451K(13888K), [Perm : 5137K->5137K(21248K)], 0.0057290 secs] [Times: user=0.00 sys=0.00, real=0.01 secs] 
211.830: Total time for which application threads were stopped: 0.0665000 seconds, Stopping threads took: 0.0606930 seconds
211.830: Application time: 0.0004300 seconds
211.892: [GC211.892: [DefNew: 3532K->392K(4288K), 0.0008470 secs] 7983K->6796K(13888K), 0.0008790 secs] [Times: user=0.00 sys=0.00, real=0.01 secs] 
211.893: Total time for which application threads were stopped: 0.0627500 seconds, Stopping threads took: 0.0618130 seconds
211.893: Application time: 0.0004640 seconds
211.928: [GC211.928: [DefNew: 4194K->4194K(4288K), 0.0000050 secs]211.928: [Tenured: 6404K->6335K(9600K), 0.0061340 secs] 10598K->6335K(13888K), [Perm : 5137K->5137K(21248K)], 0.0061800 secs] [Times: user=0.01 sys=0.00, real=0.01 secs] 
211.934: Total time for which application threads were stopped: 0.0408830 seconds, Stopping threads took: 0.0346270 seconds
212.007: Application time: 0.0723280 seconds
212.008: [GC212.008: [DefNew: 3825K->3825K(4288K), 0.0000090 secs]212.008: [Tenured: 6335K->1550K(9600K), 0.0058230 secs] 10160K->1550K(13888K), [Perm : 5137K->5137K(21248K)], 0.0058840 secs] [Times: user=0.01 sys=0.00, real=0.01 secs] 
212.014: Total time for which application threads were stopped: 0.0069950 seconds, Stopping threads took: 0.0010310 seconds
212.014: Application time: 0.0006090 seconds
212.015: [GC212.015: [DefNew: 3775K->441K(4288K), 0.0008970 secs] 5326K->5312K(13888K), 0.0009190 secs] [Times: user=0.00 sys=0.00, real=0.00 secs] 
212.016: Total time for which application threads were stopped: 0.0012840 seconds, Stopping threads took: 0.0002980 seconds
212.016: Application time: 0.0007090 seconds
212.050: [GC212.050: [DefNew: 4192K->419K(4288K), 0.0006460 secs] 9063K->7147K(13888K), 0.0006690 secs] [Times: user=0.00 sys=0.00, real=0.00 secs] 
212.050: Total time for which application threads were stopped: 0.0339090 seconds, Stopping threads took: 0.0331740 seconds
212.051: Application time: 0.0007150 seconds
212.121: [GC212.121: [DefNew: 4244K->4244K(4288K), 0.0000080 secs]212.121: [Tenured: 6727K->4215K(9600K), 0.0064290 secs] 10972K->4215K(13888K), [Perm : 5137K->5137K(21248K)], 0.0064780 secs] [Times: user=0.01 sys=0.00, real=0.01 secs] 
212.128: Total time for which application threads were stopped: 0.0766030 seconds, Stopping threads took: 0.0700660 seconds
212.128: Application time: 0.0005730 seconds
212.161: [GC212.161: [DefNew: 3532K->391K(4288K), 0.0008750 secs] 7748K->7341K(13888K), 0.0008990 secs] [Times: user=0.00 sys=0.00, real=0.00 secs] 
212.162: Total time for which application threads were stopped: 0.0342420 seconds, Stopping threads took: 0.0332710 seconds
212.163: Application time: 0.0006060 seconds
212.197: [GC212.197: [DefNew: 4113K->4113K(4288K), 0.0000060 secs]212.197: [Tenured: 6950K->6014K(9600K), 0.0059860 secs] 11063K->6014K(13888K), [Perm : 5137K->5137K(21248K)], 0.0060330 secs] [Times: user=0.01 sys=0.00, real=0.00 secs] 
212.203: Total time for which application threads were stopped: 0.0397770 seconds, Stopping threads took: 0.0336630 seconds
212.204: Application time: 0.0009110 seconds
212.274: [GC212.274: [DefNew: 3825K->3825K(4288K), 0.0000080 secs]212.274: [Tenured: 6014K->3377K(9600K), 0.0061930 secs] 9839K->3377K(13888K), [Perm : 5137K->5137K(21248K)], 0.0062440 secs] [Times: user=0.01 sys=0.00, real=0.00 secs] 
212.280: Total time for which application threads were stopped: 0.0765150 seconds, Stopping threads took: 0.0701800 seconds
212.281: Application time: 0.0006620 seconds
212.315: [GC212.315: [DefNew: 3678K->440K(4288K), 0.0009240 secs] 7055K->6943K(13888K), 0.0009500 secs] [Times: user=0.01 sys=0.00, real=0.00 secs] 
212.316: Total time for which application threads were stopped: 0.0349520 seconds, Stopping threads took: 0.0339520 seconds
212.316: Application time: 0.0003890 seconds
212.379: [GC212.379: [DefNew: 4196K->4196K(4288K), 0.0000070 secs]212.379: [Tenured: 6502K->4284K(9600K), 0.0063850 secs] 10699K->4284K(13888K), [Perm : 5137K->5137K(21248K)], 0.0064300 secs] [Times: user=0.00 sys=0.00, real=0.01 secs] 
212.385: Total time for which application threads were stopped: 0.0693120 seconds, Stopping threads took: 0.0628050 seconds
212.386: Application time: 0.0005300 seconds
212.451: [GC212.451: [DefNew: 3727K->391K(4288K), 0.0008640 secs] 8012K->7313K(13888K), 0.0008900 secs] [Times: user=0.00 sys=0.00, real=0.00 secs] 
212.452: Total time for which application threads were stopped: 0.0659360 seconds, Stopping threads took: 0.0649730 seconds
212.453: Application time: 0.0006120 seconds
212.485: [GC212.485: [DefNew: 4115K->4115K(4288K), 0.0000060 secs]212.485: [Tenured: 6921K->7409K(9600K), 0.0069070 secs] 11037K->7409K(13888K), [Perm : 5137K->5137K(21248K)], 0.0069490 secs] [Times: user=0.00 sys=0.00, real=0.00 secs] 
212.492: Total time for which application threads were stopped: 0.0396380 seconds, Stopping threads took: 0.0326340 seconds
212.569: Application time: 0.0770760 seconds
212.605: [GC212.605: [DefNew: 3825K->3825K(4288K), 0.0000100 secs]212.605: [Tenured: 7409K->1522K(9600K), 0.0048910 secs] 11234K->1522K(13888K), [Perm : 5137K->5137K(21248K)], 0.0049530 secs] [Times: user=0.01 sys=0.00, real=0.00 secs] 
212.610: Total time for which application threads were stopped: 0.0404120 seconds, Stopping threads took: 0.0353800 seconds
212.610: Application time: 0.0005020 seconds
212.610: [GC212.610: [DefNew: 3727K->392K(4288K), 0.0007850 secs] 5250K->5234K(13888K), 0.0008040 secs] [Times: user=0.00 sys=0.00, real=0.00 secs] 
212.611: Total time for which application threads were stopped: 0.0010830 seconds, Stopping threads took: 0.0002140 seconds
212.613: Application time: 0.0012380 seconds
212.682: [GC212.682: [DefNew: 4213K->391K(4288K), 0.0007090 secs] 9055K->7383K(13888K), 0.0007320 secs] [Times: user=0.00 sys=0.00, real=0.00 secs] 
212.683: Total time for which application threads were stopped: 0.0702250 seconds, Stopping threads took: 0.0694300 seconds
212.684: Application time: 0.0009810 seconds
212.754: [GC212.754: [DefNew: 4216K->4216K(4288K), 0.0000090 secs]212.754: [Tenured: 6991K->4256K(9600K), 0.0063730 secs] 11208K->4256K(13888K), [Perm : 5137K->5137K(21248K)], 0.0064260 secs] [Times: user=0.01 sys=0.00, real=0.00 secs] 
212.760: Total time for which application threads were stopped: 0.0762670 seconds, Stopping threads took: 0.0697620 seconds
212.761: Application time: 0.0005420 seconds
212.794: [GC212.794: [DefNew: 3825K->391K(4288K), 0.0010000 secs] 8081K->7773K(13888K), 0.0010260 secs] [Times: user=0.00 sys=0.00, real=0.00 secs] 
212.795: Total time for which application threads were stopped: 0.0343990 seconds, Stopping threads took: 0.0332930 seconds
212.796: Application time: 0.0007210 seconds
212.866: [GC212.866: [DefNew: 4099K->4099K(4288K), 0.0000100 secs]212.866: [Tenured: 7381K->3113K(9600K), 0.0059500 secs] 11481K->3113K(13888K), [Perm : 5137K->5137K(21248K)], 0.0060080 secs] [Times: user=0.01 sys=0.00, real=0.00 secs] 
212.872: Total time for which application threads were stopped: 0.0760820 seconds, Stopping threads took: 0.0699900 seconds
212.872: Application time: 0.0004760 seconds
212.925: [GC212.926: [DefNew: 3580K->440K(4288K), 0.0007800 secs] 6693K->6092K(13888K), 0.0008010 secs] [Times: user=0.00 sys=0.00, real=0.00 secs] 
212.926: Total time for which application threads were stopped: 0.0540750 seconds, Stopping threads took: 0.0532060 seconds
212.927: Application time: 0.0003680 seconds
212.960: [GC212.960: [DefNew: 4190K->4190K(4288K), 0.0000050 secs]212.960: [Tenured: 5652K->6071K(9600K), 0.0059040 secs] 9842K->6071K(13888K), [Perm : 5137K->5137K(21248K)], 0.0059450 secs] [Times: user=0.01 sys=0.00, real=0.01 secs] 
212.966: Total time for which application threads were stopped: 0.0395930 seconds, Stopping threads took: 0.0335690 seconds
212.967: Application time: 0.0010460 seconds
213.037: [GC213.037: [DefNew: 3825K->3825K(4288K), 0.0000100 secs]213.037: [Tenured: 6071K->3377K(9600K), 0.0057070 secs] 9896K->3377K(13888K), [Perm : 5137K->5137K(21248K)], 0.0057620 secs] [Times: user=0.01 sys=0.00, real=0.00 secs] 
213.043: Total time for which application threads were stopped: 0.0758080 seconds, Stopping threads took: 0.0699620 seconds
213.044: Application time: 0.0005200 seconds
213.077: [GC213.077: [DefNew: 3825K->391K(4288K), 0.0009710 secs] 7203K->7090K(13888K), 0.0009970 secs] [Times: user=0.00 sys=0.00, real=0.00 secs] 
213.078: Total time for which application threads were stopped: 0.0345810 seconds, Stopping threads took: 0.0335110 seconds
213.079: Application time: 0.0006780 seconds
213.140: [GC213.140: [DefNew: 4117K->4117K(4288K), 0.0000080 secs]213.140: [Tenured: 6698K->4451K(9600K), 0.0054600 secs] 10815K->4451K(13888K), [Perm : 5137K->5137K(21248K)], 0.0055120 secs] [Times: user=0.00 sys=0.00, real=0.01 secs] 
213.146: Total time for which application threads were stopped: 0.0668420 seconds, Stopping threads took: 0.0612720 seconds
213.146: Application time: 0.0005140 seconds
213.198: [GC213.198: [DefNew: 3532K->391K(4288K), 0.0007000 secs] 7984K->6796K(13888K), 0.0007340 secs] [Times: user=0.00 sys=0.00, real=0.00 secs] 
213.199: Total time for which application threads were stopped: 0.0523310 seconds, Stopping threads took: 0.0515240 seconds
213.199: Application time: 0.0003390 seconds
213.249: [GC213.249: [DefNew: 4115K->4115K(4288K), 0.0000050 secs]213.249: [Tenured: 6405K->5233K(9600K), 0.0065180 secs] 10520K->5233K(13888K), [Perm : 5137K->5137K(21248K)], 0.0065570 secs] [Times: user=0.01 sys=0.00, real=0.01 secs] 
213.255: Total time for which application threads were stopped: 0.0562020 seconds, Stopping threads took: 0.0495730 seconds
213.256: Application time: 0.0007090 seconds
213.289: [GC213.289: [DefNew: 3825K->391K(4288K), 0.0008110 secs] 9058K->8456K(13888K), 0.0008340 secs] [Times: user=0.00 sys=0.00, real=0.00 secs] 
213.290: Total time for which application threads were stopped: 0.0336700 seconds, Stopping threads took: 0.0327860 seconds
213.362: Application time: 0.0724320 seconds
213.363: [GC213.363: [DefNew: 4083K->4083K(4288K), 0.0000090 secs]213.363: [Tenured: 8065K->1925K(9600K), 0.0058990 secs] 12149K->1925K(13888K), [Perm : 5137K->5137K(21248K)], 0.0059490 secs] [Times: user=0.01 sys=0.00, real=0.01 secs] 
213.369: Total time for which application threads were stopped: 0.0065890 seconds, Stopping threads took: 0.0005510 seconds
213.369: Application time: 0.0005850 seconds
213.369: [GC213.369: [DefNew: 3741K->408K(4288K), 0.0008520 secs] 5667K->5654K(13888K), 0.0008680 secs] [Times: user=0.00 sys=0.00, real=0.00 secs] 
213.370: Total time for which application threads were stopped: 0.0010430 seconds, Stopping threads took: 0.0001150 seconds
213.372: Application time: 0.0014070 seconds
213.441: [GC213.441: [DefNew: 4135K->195K(4288K), 0.0004250 secs] 9381K->6239K(13888K), 0.0004500 secs] [Times: user=0.00 sys=0.00, real=0.00 secs] 
213.442: Total time for which application threads were stopped: 0.0701390 seconds, Stopping threads took: 0.0696220 seconds
213.442: Application time: 0.0003960 seconds
213.476: [GC213.476: [DefNew: 3986K->3986K(4288K), 0.0000060 secs]213.476: [Tenured: 6043K->4435K(9600K), 0.0056800 secs] 10029K->4435K(13888K), [Perm : 5137K->5137K(21248K)], 0.0057210 secs] [Times: user=0.01 sys=0.00, real=0.00 secs] 
213.482: Total time for which application threads were stopped: 0.0394670 seconds, Stopping threads took: 0.0336710 seconds
213.482: Application time: 0.0004710 seconds
213.516: [GC213.516: [DefNew: 3839K->407K(4288K), 0.0007950 secs] 8275K->7382K(13888K), 0.0008210 secs] [Times: user=0.00 sys=0.00, real=0.00 secs] 
213.517: Total time for which application threads were stopped: 0.0345070 seconds, Stopping threads took: 0.0336150 seconds
213.517: Application time: 0.0004460 seconds
213.551: [GC213.551: [DefNew: 4133K->4133K(4288K), 0.0000070 secs]213.551: [Tenured: 6975K->5917K(9600K), 0.0064700 secs] 11108K->5917K(13888K), [Perm : 5137K->5137K(21248K)], 0.0065180 secs] [Times: user=0.01 sys=0.00, real=0.01 secs] 
213.557: Total time for which application threads were stopped: 0.0402760 seconds, Stopping threads took: 0.0336780 seconds
213.558: Application time: 0.0009690 seconds
213.628: [GC213.628: [DefNew: 3806K->3806K(4288K), 0.0000080 secs]213.628: [Tenured: 5917K->4285K(9600K), 0.0055630 secs] 9723K->4285K(13888K), [Perm : 5137K->5137K(21248K)], 0.0056120 secs] [Times: user=0.00 sys=0.00, real=0.01 secs] 
213.634: Total time for which application threads were stopped: 0.0753970 seconds, Stopping threads took: 0.0697030 seconds
213.634: Application time: 0.0005240 seconds
213.668: [GC213.668: [DefNew: 3725K->391K(4288K), 0.0009240 secs] 8011K->7997K(13888K), 0.0009490 secs] [Times: user=0.00 sys=0.00, real=0.00 secs] 
213.669: Total time for which application threads were stopped: 0.0344060 seconds, Stopping threads took: 0.0333890 seconds
213.669: Application time: 0.0005020 seconds
213.738: [GC213.738: [DefNew: 4216K->4216K(4288K), 0.0000090 secs]213.738: [Tenured: 7606K->4285K(9600K), 0.0063450 secs] 11822K->4285K(13888K), [Perm : 5137K->5137K(21248K)], 0.0063930 secs] [Times: user=0.01 sys=0.00, real=0.01 secs] 
213.744: Total time for which application threads were stopped: 0.0753070 seconds, Stopping threads took: 0.0688260 seconds
213.745: Application time: 0.0005480 seconds
213.778: [GC213.778: [DefNew: 3825K->392K(4288K), 0.0008690 secs] 8111K->7412K(13888K), 0.0008950 secs] [Times: user=0.00 sys=0.00, real=0.00 secs] 
213.779: Total time for which application threads were stopped: 0.0344110 seconds, Stopping threads took: 0.0334420 seconds
213.780: Application time: 0.0005730 seconds
213.781: [GC213.781: [DefNew: 4113K->4113K(4288K), 0.0000050 secs]213.781: [Tenured: 7020K->8162K(9600K), 0.0068360 secs] 11133K->8162K(13888K), [Perm : 5137K->5137K(21248K)], 0.0068760 secs] [Times: user=0.01 sys=0.00, real=0.01 secs] 
213.788: Total time for which application threads were stopped: 0.0078560 seconds, Stopping threads took: 0.0009080 seconds
213.861: Application time: 0.0727810 seconds
213.896: [GC213.896: [DefNew: 3825K->3825K(4288K), 0.0000110 secs]213.896: [Tenured: 8162K->2304K(9600K), 0.0052440 secs] 11988K->2304K(13888K), [Perm : 5137K->5137K(21248K)], 0.0052990 secs] [Times: user=0.00 sys=0.00, real=0.00 secs] 
213.902: Total time for which application threads were stopped: 0.0410950 seconds, Stopping threads took: 0.0357290 seconds
213.902: Application time: 0.0005290 seconds
213.903: [GC213.903: [DefNew: 3528K->391K(4288K), 0.0008220 secs] 5832K->5820K(13888K), 0.0008390 secs] [Times: user=0.00 sys=0.00, real=0.00 secs] 
213.903: Total time for which application threads were stopped: 0.0012440 seconds, Stopping threads took: 0.0003520 seconds
213.904: Application time: 0.0009280 seconds
213.969: [GC213.969: [DefNew: 4196K->4196K(4288K), 0.0000070 secs]213.969: [Tenured: 5429K->4188K(9600K), 0.0063600 secs] 9626K->4188K(13888K), [Perm : 5137K->5137K(21248K)], 0.0064040 secs] [Times: user=0.00 sys=0.00, real=0.01 secs] 
213.976: Total time for which application threads were stopped: 0.0712190 seconds, Stopping threads took: 0.0647370 seconds
213.977: Application time: 0.0009250 seconds
214.039: [GC214.039: [DefNew: 3806K->420K(4288K), 0.0009240 secs] 7994K->7538K(13888K), 0.0009500 secs] [Times: user=0.00 sys=0.00, real=0.00 secs] 
214.040: Total time for which application threads were stopped: 0.0632440 seconds, Stopping threads took: 0.0622220 seconds
214.040: Application time: 0.0003990 seconds
214.105: [GC214.105: [DefNew: 4147K->4147K(4288K), 0.0000070 secs]214.105: [Tenured: 7118K->4118K(9600K), 0.0049750 secs] 11266K->4118K(13888K), [Perm : 5137K->5137K(21248K)], 0.0050240 secs] [Times: user=0.00 sys=0.00, real=0.00 secs] 
214.110: Total time for which application threads were stopped: 0.0701280 seconds, Stopping threads took: 0.0650370 seconds
214.111: Application time: 0.0005310 seconds
214.144: [GC214.144: [DefNew: 3819K->391K(4288K), 0.0009060 secs] 7938K->7635K(13888K), 0.0009300 secs] [Times: user=0.00 sys=0.00, real=0.00 secs] 
214.145: Total time for which application threads were stopped: 0.0344810 seconds, Stopping threads took: 0.0334820 seconds
214.217: Application time: 0.0721320 seconds
214.219: [GC214.219: [DefNew: 4118K->4118K(4288K), 0.0000090 secs]214.219: [Tenured: 7243K->1913K(9600K), 0.0059480 secs] 11362K->1913K(13888K), [Perm : 5137K->5137K(21248K)], 0.0060030 secs] [Times: user=0.01 sys=0.00, real=0.01 secs] 
214.225: Total time for which application threads were stopped: 0.0073870 seconds, Stopping threads took: 0.0013050 seconds
214.226: Application time: 0.0006370 seconds
214.226: [GC214.226: [DefNew: 3725K->391K(4288K), 0.0008710 secs] 5639K->5625K(13888K), 0.0008890 secs] [Times: user=0.00 sys=0.00, real=0.00 secs] 
214.227: Total time for which application threads were stopped: 0.0011850 seconds, Stopping threads took: 0.0002360 seconds
214.228: Application time: 0.0013340 seconds
214.298: [GC214.298: [DefNew: 4115K->391K(4288K), 0.0002510 secs] 9349K->5625K(13888K), 0.0002740 secs] [Times: user=0.00 sys=0.00, real=0.00 secs] 
214.298: Total time for which application threads were stopped: 0.0701810 seconds, Stopping threads took: 0.0698520 seconds
214.298: Application time: 0.0002610 seconds
214.331: [GC214.332: [DefNew: 4119K->391K(4288K), 0.0007520 secs] 9353K->8360K(13888K), 0.0007820 secs] [Times: user=0.00 sys=0.00, real=0.00 secs] 
214.332: Total time for which application threads were stopped: 0.0337970 seconds, Stopping threads took: 0.0329740 seconds
214.333: Application time: 0.0004790 seconds
214.366: [GC214.366: [DefNew: 4110K->4110K(4288K), 0.0000070 secs]214.366: [Tenured: 7969K->6014K(9600K), 0.0067480 secs] 12080K->6014K(13888K), [Perm : 5137K->5137K(21248K)], 0.0067940 secs] [Times: user=0.01 sys=0.00, real=0.01 secs] 
214.373: Total time for which application threads were stopped: 0.0404770 seconds, Stopping threads took: 0.0336070 seconds
214.374: Application time: 0.0009730 seconds
214.444: [GC214.444: [DefNew: 3825K->3825K(4288K), 0.0000090 secs]214.444: [Tenured: 6014K->3378K(9600K), 0.0061900 secs] 9839K->3378K(13888K), [Perm : 5137K->5137K(21248K)], 0.0062450 secs] [Times: user=0.00 sys=0.00, real=0.01 secs] 
214.451: Total time for which application threads were stopped: 0.0763130 seconds, Stopping threads took: 0.0699990 seconds
214.451: Application time: 0.0007010 seconds
214.485: [GC214.485: [DefNew: 3678K->440K(4288K), 0.0009540 secs] 7056K->6943K(13888K), 0.0009780 secs] [Times: user=0.00 sys=0.00, real=0.00 secs] 
214.486: Total time for which application threads were stopped: 0.0351520 seconds, Stopping threads took: 0.0341050 seconds
214.487: Application time: 0.0004430 seconds
214.550: [GC214.550: [DefNew: 4098K->4098K(4288K), 0.0000080 secs]214.550: [Tenured: 6503K->4187K(9600K), 0.0063820 secs] 10601K->4187K(13888K), [Perm : 5137K->5137K(21248K)], 0.0064280 secs] [Times: user=0.01 sys=0.00, real=0.01 secs] 
214.557: Total time for which application threads were stopped: 0.0698400 seconds, Stopping threads took: 0.0633370 seconds
214.557: Application time: 0.0005300 seconds
214.606: [GC214.606: [DefNew: 3532K->391K(4288K), 0.0008030 secs] 7720K->7118K(13888K), 0.0008280 secs] [Times: user=0.01 sys=0.00, real=0.00 secs] 
214.606: Total time for which application threads were stopped: 0.0492430 seconds, Stopping threads took: 0.0483450 seconds
214.607: Application time: 0.0006000 seconds
214.640: [GC214.640: [DefNew: 4211K->4211K(4288K), 0.0000070 secs]214.640: [Tenured: 6727K->7186K(9600K), 0.0068650 secs] 10938K->7186K(13888K), [Perm : 5137K->5137K(21248K)], 0.0069090 secs] [Times: user=0.00 sys=0.00, real=0.01 secs] 
214.647: Total time for which application threads were stopped: 0.0396260 seconds, Stopping threads took: 0.0326410 seconds
214.724: Application time: 0.0770510 seconds
214.757: [GC214.757: [DefNew: 3825K->3825K(4288K), 0.0000100 secs]214.757: [Tenured: 7186K->1327K(9600K), 0.0050370 secs] 11011K->1327K(13888K), [Perm : 5137K->5137K(21248K)], 0.0050910 secs] [Times: user=0.01 sys=0.00, real=0.00 secs] 
214.762: Total time for which application threads were stopped: 0.0381870 seconds, Stopping threads took: 0.0330160 seconds
214.762: Application time: 0.0005000 seconds
214.763: [GC214.763: [DefNew: 3634K->445K(4288K), 0.0007820 secs] 4962K->4897K(13888K), 0.0008020 secs] [Times: user=0.00 sys=0.00, real=0.00 secs] 
214.764: Total time for which application threads were stopped: 0.0011360 seconds, Stopping threads took: 0.0002790 seconds
214.764: Application time: 0.0005000 seconds
214.798: [GC214.798: [DefNew: 4120K->443K(4288K), 0.0008010 secs] 8573K->7538K(13888K), 0.0008250 secs] [Times: user=0.00 sys=0.00, real=0.00 secs] 
214.799: Total time for which application threads were stopped: 0.0344600 seconds, Stopping threads took: 0.0335700 seconds
214.871: Application time: 0.0725960 seconds
214.873: [GC214.874: [DefNew: 4268K->4268K(4288K), 0.0000100 secs]214.874: [Tenured: 7094K->1579K(9600K), 0.0058470 secs] 11363K->1579K(13888K), [Perm : 5137K->5137K(21248K)], 0.0059000 secs] [Times: user=0.01 sys=0.00, real=0.00 secs] 
214.879: Total time for which application threads were stopped: 0.0082960 seconds, Stopping threads took: 0.0023140 seconds
214.880: Application time: 0.0005390 seconds
214.880: [GC214.880: [DefNew: 3725K->392K(4288K), 0.0008600 secs] 5305K->5292K(13888K), 0.0008910 secs] [Times: user=0.00 sys=0.00, real=0.00 secs] 
214.881: Total time for which application threads were stopped: 0.0011720 seconds, Stopping threads took: 0.0002340 seconds
214.882: Application time: 0.0010350 seconds
214.940: [GC214.940: [DefNew: 4213K->391K(4288K), 0.0007500 secs] 9113K->7635K(13888K), 0.0007740 secs] [Times: user=0.00 sys=0.00, real=0.00 secs] 
214.940: Total time for which application threads were stopped: 0.0583080 seconds, Stopping threads took: 0.0574670 seconds
214.941: Application time: 0.0008210 seconds
215.010: [GC215.010: [DefNew: 4216K->4216K(4288K), 0.0000080 secs]215.010: [Tenured: 7244K->4510K(9600K), 0.0061030 secs] 11461K->4510K(13888K), [Perm : 5137K->5137K(21248K)], 0.0061550 secs] [Times: user=0.01 sys=0.00, real=0.01 secs] 
215.016: Total time for which application threads were stopped: 0.0748650 seconds, Stopping threads took: 0.0686220 seconds
215.017: Application time: 0.0005680 seconds
215.050: [GC215.050: [DefNew: 3825K->391K(4288K), 0.0010020 secs] 8335K->8026K(13888K), 0.0010310 secs] [Times: user=0.00 sys=0.00, real=0.00 secs] 
215.051: Total time for which application threads were stopped: 0.0346810 seconds, Stopping threads took: 0.0335770 seconds
215.052: Application time: 0.0003970 seconds
215.117: [GC215.117: [DefNew: 4119K->4119K(4288K), 0.0000060 secs]215.117: [Tenured: 7635K->4257K(9600K), 0.0064450 secs] 11754K->4257K(13888K), [Perm : 5137K->5137K(21248K)], 0.0064870 secs] [Times: user=0.00 sys=0.01, real=0.00 secs] 
215.123: Total time for which application threads were stopped: 0.0715030 seconds, Stopping threads took: 0.0649420 seconds
215.124: Application time: 0.0006690 seconds
215.157: [GC215.158: [DefNew: 3821K->391K(4288K), 0.0009350 secs] 8078K->7969K(13888K), 0.0009600 secs] [Times: user=0.01 sys=0.00, real=0.00 secs] 
215.158: Total time for which application threads were stopped: 0.0344760 seconds, Stopping threads took: 0.0334460 seconds
215.230: Application time: 0.0716850 seconds
215.234: [GC215.234: [DefNew: 4118K->4118K(4288K), 0.0000100 secs]215.234: [Tenured: 7578K->2108K(9600K), 0.0059410 secs] 11696K->2108K(13888K), [Perm : 5137K->5137K(21248K)], 0.0059930 secs] [Times: user=0.00 sys=0.00, real=0.00 secs] 
215.240: Total time for which application threads were stopped: 0.0095890 seconds, Stopping threads took: 0.0035160 seconds
215.240: Application time: 0.0005470 seconds
215.274: [GC215.274: [DefNew: 3591K->441K(4288K), 0.0007610 secs] 5700K->5292K(13888K), 0.0007800 secs] [Times: user=0.00 sys=0.00, real=0.00 secs] 
215.274: Total time for which application threads were stopped: 0.0340160 seconds, Stopping threads took: 0.0331940 seconds
215.275: Application time: 0.0003600 seconds
215.308: [GC215.308: [DefNew: 4164K->390K(4288K), 0.0009910 secs] 9015K->8710K(13888K), 0.0010140 secs] [Times: user=0.00 sys=0.00, real=0.00 secs] 
215.309: Total time for which application threads were stopped: 0.0343920 seconds, Stopping threads took: 0.0333090 seconds
215.382: Application time: 0.0727540 seconds
215.383: [GC215.383: [DefNew: 4224K->4224K(4288K), 0.0000100 secs]215.383: [Tenured: 8319K->2369K(9600K), 0.0060030 secs] 12543K->2369K(13888K), [Perm : 5137K->5137K(21248K)], 0.0060530 secs] [Times: user=0.00 sys=0.00, real=0.01 secs] 
215.389: Total time for which application threads were stopped: 0.0073290 seconds, Stopping threads took: 0.0011970 seconds
215.390: Application time: 0.0006300 seconds
215.423: [GC215.423: [DefNew: 3698K->420K(4288K), 0.0008530 secs] 6068K->5720K(13888K), 0.0008770 secs] [Times: user=0.00 sys=0.00, real=0.00 secs] 
215.424: Total time for which application threads were stopped: 0.0341100 seconds, Stopping threads took: 0.0331640 seconds
215.424: Application time: 0.0005530 seconds
215.458: [GC215.458: [DefNew: 4237K->293K(4288K), 0.0008160 secs] 9537K->8551K(13888K), 0.0008390 secs] [Times: user=0.00 sys=0.00, real=0.00 secs] 
215.459: Total time for which application threads were stopped: 0.0342870 seconds, Stopping threads took: 0.0333920 seconds
215.531: Application time: 0.0723540 seconds
215.533: [GC215.533: [DefNew: 4118K->4118K(4288K), 0.0000100 secs]215.533: [Tenured: 8258K->1804K(9600K), 0.0057850 secs] 12377K->1804K(13888K), [Perm : 5137K->5137K(21248K)], 0.0058580 secs] [Times: user=0.01 sys=0.00, real=0.00 secs] 
215.538: Total time for which application threads were stopped: 0.0073150 seconds, Stopping threads took: 0.0013690 seconds
215.539: Application time: 0.0006610 seconds
215.539: [GC215.539: [DefNew: 3725K->391K(4288K), 0.0008520 secs] 5530K->5516K(13584K), 0.0008690 secs] [Times: user=0.00 sys=0.00, real=0.00 secs] 
215.540: Total time for which application threads were stopped: 0.0011980 seconds, Stopping threads took: 0.0002900 seconds
215.541: Application time: 0.0011690 seconds
215.606: [GC215.606: [DefNew: 4214K->293K(4288K), 0.0007590 secs] 9339K->7762K(13584K), 0.0007830 secs] [Times: user=0.00 sys=0.00, real=0.00 secs] 
215.606: Total time for which application threads were stopped: 0.0649650 seconds, Stopping threads took: 0.0641150 seconds
215.607: Application time: 0.0007420 seconds
215.668: [GC215.668: [DefNew: 4118K->4118K(4288K), 0.0000080 secs]215.668: [Tenured: 7469K->4452K(9296K), 0.0062790 secs] 11588K->4452K(13584K), [Perm : 5137K->5137K(21248K)], 0.0063330 secs] [Times: user=0.01 sys=0.00, real=0.01 secs] 
215.675: Total time for which application threads were stopped: 0.0675760 seconds, Stopping threads took: 0.0611490 seconds
215.675: Application time: 0.0004920 seconds
215.743: [GC215.743: [DefNew: 3532K->391K(4288K), 0.0007160 secs] 7984K->6797K(13584K), 0.0007400 secs] [Times: user=0.00 sys=0.00, real=0.00 secs] 
215.744: Total time for which application threads were stopped: 0.0684780 seconds, Stopping threads took: 0.0676680 seconds
215.744: Application time: 0.0003310 seconds
215.778: [GC215.778: [DefNew: 4115K->4115K(4288K), 0.0000070 secs]215.778: [Tenured: 6405K->5234K(9296K), 0.0065340 secs] 10521K->5234K(13584K), [Perm : 5137K->5137K(21248K)], 0.0065750 secs] [Times: user=0.01 sys=0.00, real=0.00 secs] 
215.784: Total time for which application threads were stopped: 0.0401740 seconds, Stopping threads took: 0.0335230 seconds
215.785: Application time: 0.0006700 seconds
215.835: [GC215.835: [DefNew: 3823K->391K(4288K), 0.0007980 secs] 9057K->8164K(13584K), 0.0008250 secs] [Times: user=0.00 sys=0.00, real=0.00 secs] 
215.836: Total time for which application threads were stopped: 0.0511510 seconds, Stopping threads took: 0.0502740 seconds
215.837: Application time: 0.0009950 seconds
215.907: [GC215.907: [DefNew: 4216K->4216K(4288K), 0.0000110 secs]215.907: [Tenured: 7773K->4257K(9296K), 0.0058310 secs] 11989K->4257K(13584K), [Perm : 5137K->5137K(21248K)], 0.0058850 secs] [Times: user=0.00 sys=0.00, real=0.01 secs] 
215.913: Total time for which application threads were stopped: 0.0757320 seconds, Stopping threads took: 0.0697620 seconds
215.913: Application time: 0.0006700 seconds
215.947: [GC215.947: [DefNew: 3825K->391K(4288K), 0.0009560 secs] 8082K->7774K(13584K), 0.0009830 secs] [Times: user=0.00 sys=0.00, real=0.00 secs] 
215.948: Total time for which application threads were stopped: 0.0343480 seconds, Stopping threads took: 0.0333020 seconds
215.949: Application time: 0.0007440 seconds
215.997: [GC215.997: [DefNew: 4195K->4195K(4288K), 0.0000070 secs]215.997: [Tenured: 7382K->5360K(9296K), 0.0054730 secs] 11577K->5360K(13584K), [Perm : 5137K->5137K(21248K)], 0.0055210 secs] [Times: user=0.01 sys=0.00, real=0.00 secs] 
216.002: Total time for which application threads were stopped: 0.0536800 seconds, Stopping threads took: 0.0480890 seconds
216.003: Application time: 0.0008240 seconds
216.073: [GC216.073: [DefNew: 3727K->391K(4288K), 0.0008970 secs] 9087K->8388K(13584K), 0.0009220 secs] [Times: user=0.00 sys=0.00, real=0.00 secs] 
216.074: Total time for which application threads were stopped: 0.0706490 seconds, Stopping threads took: 0.0696460 seconds
216.075: Application time: 0.0008020 seconds
216.140: [GC216.140: [DefNew: 4197K->4197K(4288K), 0.0000070 secs]216.140: [Tenured: 7996K->4159K(9296K), 0.0056200 secs] 12194K->4159K(13584K), [Perm : 5137K->5137K(21248K)], 0.0056660 secs] [Times: user=0.01 sys=0.00, real=0.01 secs] 
216.146: Total time for which application threads were stopped: 0.0714900 seconds, Stopping threads took: 0.0657340 seconds
216.147: Application time: 0.0005440 seconds
216.180: [GC216.180: [DefNew: 3727K->391K(4288K), 0.0008660 secs] 7887K->7286K(13584K), 0.0008920 secs] [Times: user=0.00 sys=0.00, real=0.00 secs] 
216.181: Total time for which application threads were stopped: 0.0344440 seconds, Stopping threads took: 0.0334790 seconds
216.182: Application time: 0.0006450 seconds
216.215: [GC216.215: [DefNew: 4209K->4209K(4288K), 0.0000060 secs]216.215: [Tenured: 6894K->7382K(9296K), 0.0068690 secs] 11103K->7382K(13584K), [Perm : 5137K->5137K(21248K)], 0.0069240 secs] [Times: user=0.01 sys=0.00, real=0.00 secs] 
216.221: Total time for which application threads were stopped: 0.0398470 seconds, Stopping threads took: 0.0328490 seconds
216.295: Application time: 0.0739370 seconds
216.298: [GC216.298: [DefNew: 3825K->3825K(4288K), 0.0000090 secs]216.298: [Tenured: 7382K->2597K(9600K), 0.0049830 secs] 11207K->2597K(13888K), [Perm : 5137K->5137K(21248K)], 0.0050410 secs] [Times: user=0.00 sys=0.00, real=0.00 secs] 
216.303: Total time for which application threads were stopped: 0.0071670 seconds, Stopping threads took: 0.0020440 seconds
216.303: Application time: 0.0005260 seconds
216.336: [GC216.336: [DefNew: 3727K->391K(4288K), 0.0008800 secs] 6325K->6309K(13888K), 0.0008990 secs] [Times: user=0.00 sys=0.00, real=0.00 secs] 
216.337: Total time for which application threads were stopped: 0.0339330 seconds, Stopping threads took: 0.0329690 seconds
216.338: Application time: 0.0013270 seconds
216.406: [GC216.406: [DefNew: 4214K->4214K(4288K), 0.0000070 secs]216.406: [Tenured: 5918K->3671K(9600K), 0.0055610 secs] 10132K->3671K(13888K), [Perm : 5137K->5137K(21248K)], 0.0056100 secs] [Times: user=0.00 sys=0.00, real=0.00 secs] 
216.412: Total time for which application threads were stopped: 0.0735780 seconds, Stopping threads took: 0.0678880 seconds
216.413: Application time: 0.0005590 seconds
216.459: [GC216.459: [DefNew: 3708K->420K(4288K), 0.0007850 secs] 7380K->6435K(13888K), 0.0008090 secs] [Times: user=0.00 sys=0.00, real=0.00 secs] 
216.460: Total time for which application threads were stopped: 0.0477580 seconds, Stopping threads took: 0.0469010 seconds
216.461: Application time: 0.0006040 seconds
216.495: [GC216.495: [DefNew: 4243K->4243K(4288K), 0.0000060 secs]216.495: [Tenured: 6015K->4648K(9600K), 0.0058530 secs] 10259K->4648K(13888K), [Perm : 5137K->5137K(21248K)], 0.0058980 secs] [Times: user=0.01 sys=0.00, real=0.00 secs] 
216.500: Total time for which application threads were stopped: 0.0395790 seconds, Stopping threads took: 0.0336060 seconds
216.501: Application time: 0.0004380 seconds
216.571: [GC216.571: [DefNew: 3727K->391K(4288K), 0.0007890 secs] 8375K->7188K(13888K), 0.0008160 secs] [Times: user=0.00 sys=0.00, real=0.00 secs] 
216.572: Total time for which application threads were stopped: 0.0709730 seconds, Stopping threads took: 0.0700840 seconds
216.572: Application time: 0.0004540 seconds
216.622: [GC216.622: [DefNew: 4197K->4197K(4288K), 0.0000060 secs]216.622: [Tenured: 6796K->6727K(9600K), 0.0058740 secs] 10994K->6727K(13888K), [Perm : 5137K->5137K(21248K)], 0.0059200 secs] [Times: user=0.01 sys=0.00, real=0.01 secs] 
216.628: Total time for which application threads were stopped: 0.0553210 seconds, Stopping threads took: 0.0493180 seconds
216.699: Application time: 0.0716470 seconds
216.702: [GC216.702: [DefNew: 3629K->3629K(4288K), 0.0000090 secs]216.702: [Tenured: 6727K->1747K(9600K), 0.0057200 secs] 10357K->1747K(13888K), [Perm : 5137K->5137K(21248K)], 0.0057690 secs] [Times: user=0.01 sys=0.00, real=0.01 secs] 
216.708: Total time for which application threads were stopped: 0.0082900 seconds, Stopping threads took: 0.0024410 seconds
216.708: Application time: 0.0005240 seconds
216.708: [GC216.708: [DefNew: 3725K->392K(4288K), 0.0008660 secs] 5473K->5459K(13888K), 0.0008880 secs] [Times: user=0.00 sys=0.00, real=0.00 secs] 
216.709: Total time for which application threads were stopped: 0.0011010 seconds, Stopping threads took: 0.0001530 seconds
216.710: Application time: 0.0010800 seconds
216.772: [GC216.772: [DefNew: 4215K->391K(4288K), 0.0006450 secs] 9282K->7315K(13888K), 0.0006700 secs] [Times: user=0.00 sys=0.00, real=0.01 secs] 
216.773: Total time for which application threads were stopped: 0.0623400 seconds, Stopping threads took: 0.0616010 seconds
216.773: Application time: 0.0007330 seconds
216.827: [GC216.827: [DefNew: 4216K->4216K(4288K), 0.0000070 secs]216.827: [Tenured: 6923K->4481K(9600K), 0.0061100 secs] 11140K->4481K(13888K), [Perm : 5137K->5137K(21248K)], 0.0061590 secs] [Times: user=0.01 sys=0.00, real=0.01 secs] 
216.833: Total time for which application threads were stopped: 0.0596950 seconds, Stopping threads took: 0.0534580 seconds
216.834: Application time: 0.0006530 seconds
216.896: [GC216.896: [DefNew: 3805K->420K(4288K), 0.0009220 secs] 8287K->7049K(13888K), 0.0009550 secs] [Times: user=0.00 sys=0.00, real=0.00 secs] 
216.897: Total time for which application threads were stopped: 0.0632330 seconds, Stopping threads took: 0.0621990 seconds
216.897: Application time: 0.0004680 seconds
216.933: [GC216.933: [DefNew: 4245K->4245K(4288K), 0.0000070 secs]216.933: [Tenured: 6629K->4453K(9600K), 0.0061440 secs] 10875K->4453K(13888K), [Perm : 5137K->5137K(21248K)], 0.0061870 secs] [Times: user=0.01 sys=0.00, real=0.00 secs] 
216.939: Total time for which application threads were stopped: 0.0417960 seconds, Stopping threads took: 0.0355310 seconds
216.940: Application time: 0.0005610 seconds
216.975: [GC216.975: [DefNew: 3625K->391K(4288K), 0.0007790 secs] 8079K->7774K(13888K), 0.0008030 secs] [Times: user=0.00 sys=0.00, real=0.00 secs] 
216.976: Total time for which application threads were stopped: 0.0358380 seconds, Stopping threads took: 0.0349760 seconds
217.048: Application time: 0.0723860 seconds
217.049: [GC217.049: [DefNew: 4118K->4118K(4288K), 0.0000090 secs]217.049: [Tenured: 7383K->2109K(9600K), 0.0051920 secs] 11502K->2109K(13888K), [Perm : 5137K->5137K(21248K)], 0.0052430 secs] [Times: user=0.00 sys=0.00, real=0.01 secs] 
217.054: Total time for which application threads were stopped: 0.0060850 seconds, Stopping threads took: 0.0007610 seconds
217.055: Application time: 0.0005840 seconds
217.055: [GC217.055: [DefNew: 3803K->419K(4288K), 0.0008710 secs] 5913K->5850K(13888K), 0.0008920 secs] [Times: user=0.00 sys=0.00, real=0.00 secs] 
217.056: Total time for which application threads were stopped: 0.0013010 seconds, Stopping threads took: 0.0003410 seconds
217.057: Application time: 0.0013050 seconds
217.127: [GC217.127: [DefNew: 4243K->4243K(4288K), 0.0000090 secs]217.127: [Tenured: 5430K->3212K(9600K), 0.0059440 secs] 9673K->3212K(13888K), [Perm : 5137K->5137K(21248K)], 0.0059960 secs] [Times: user=0.01 sys=0.00, real=0.01 secs] 
217.133: Total time for which application threads were stopped: 0.0756260 seconds, Stopping threads took: 0.0695410 seconds
217.134: Application time: 0.0005970 seconds
217.167: [GC217.167: [DefNew: 3825K->392K(4288K), 0.0008810 secs] 7038K->6730K(13888K), 0.0009020 secs] [Times: user=0.00 sys=0.00, real=0.00 secs] 
217.168: Total time for which application threads were stopped: 0.0344490 seconds, Stopping threads took: 0.0335040 seconds
217.169: Application time: 0.0005810 seconds
217.202: [GC217.202: [DefNew: 4211K->4211K(4288K), 0.0000060 secs]217.202: [Tenured: 6337K->7606K(9600K), 0.0065220 secs] 10549K->7606K(13888K), [Perm : 5137K->5137K(21248K)], 0.0065660 secs] [Times: user=0.00 sys=0.00, real=0.01 secs] 
217.209: Total time for which application threads were stopped: 0.0403170 seconds, Stopping threads took: 0.0336750 seconds
217.280: Application time: 0.0716140 seconds
217.282: [GC217.282: [DefNew: 3688K->3688K(4288K), 0.0000090 secs]217.282: [Tenured: 7606K->2500K(9600K), 0.0049230 secs] 11294K->2500K(13888K), [Perm : 5137K->5137K(21248K)], 0.0049780 secs] [Times: user=0.01 sys=0.00, real=0.01 secs] 
217.287: Total time for which application threads were stopped: 0.0064200 seconds, Stopping threads took: 0.0013590 seconds
217.287: Application time: 0.0005340 seconds
217.288: [GC217.288: [DefNew: 3823K->391K(4288K), 0.0008700 secs] 6323K->6309K(13888K), 0.0008990 secs] [Times: user=0.00 sys=0.00, real=0.00 secs] 
217.289: Total time for which application threads were stopped: 0.0012820 seconds, Stopping threads took: 0.0003180 seconds
217.360: Application time: 0.0717110 seconds
217.362: [GC217.362: [DefNew: 4216K->4216K(4288K), 0.0000090 secs]217.362: [Tenured: 5918K->1914K(9600K), 0.0058390 secs] 10135K->1914K(13888K), [Perm : 5137K->5137K(21248K)], 0.0058890 secs] [Times: user=0.01 sys=0.00, real=0.01 secs] 
217.368: Total time for which application threads were stopped: 0.0079010 seconds, Stopping threads took: 0.0019350 seconds
217.369: Application time: 0.0006690 seconds
217.370: [GC217.370: [DefNew: 3727K->391K(4288K), 0.0008550 secs] 5642K->5627K(13888K), 0.0008730 secs] [Times: user=0.00 sys=0.00, real=0.00 secs] 
217.370: Total time for which application threads were stopped: 0.0013640 seconds, Stopping threads took: 0.0004310 seconds
217.371: Application time: 0.0007920 seconds
217.435: [GC217.435: [DefNew: 4217K->391K(4288K), 0.0008980 secs] 9452K->8264K(13888K), 0.0009220 secs] [Times: user=0.00 sys=0.00, real=0.00 secs] 
217.436: Total time for which application threads were stopped: 0.0644070 seconds, Stopping threads took: 0.0634190 seconds
217.436: Application time: 0.0004290 seconds
217.499: [GC217.499: [DefNew: 4021K->4021K(4288K), 0.0000070 secs]217.499: [Tenured: 7872K->4454K(9600K), 0.0063880 secs] 11894K->4454K(13888K), [Perm : 5137K->5137K(21248K)], 0.0064300 secs] [Times: user=0.01 sys=0.00, real=0.01 secs] 
217.505: Total time for which application threads were stopped: 0.0693360 seconds, Stopping threads took: 0.0628310 seconds
217.506: Application time: 0.0006210 seconds
217.506: [GC217.507: [DefNew: 3819K->391K(4288K), 0.0008680 secs] 8273K->8263K(13888K), 0.0008900 secs] [Times: user=0.00 sys=0.00, real=0.00 secs] 
217.507: Total time for which application threads were stopped: 0.0014170 seconds, Stopping threads took: 0.0004580 seconds
217.580: Application time: 0.0727780 seconds
217.614: [GC217.614: [DefNew: 3923K->3923K(4288K), 0.0000090 secs]217.614: [Tenured: 7872K->2111K(9600K), 0.0050600 secs] 11795K->2111K(13888K), [Perm : 5137K->5137K(21248K)], 0.0051140 secs] [Times: user=0.01 sys=0.00, real=0.00 secs] 
217.619: Total time for which application threads were stopped: 0.0387360 seconds, Stopping threads took: 0.0335510 seconds
217.620: Application time: 0.0006210 seconds
217.620: [GC217.620: [DefNew: 3725K->392K(4288K), 0.0008620 secs] 5837K->5823K(13888K), 0.0008800 secs] [Times: user=0.00 sys=0.00, real=0.00 secs] 
217.621: Total time for which application threads were stopped: 0.0011540 seconds, Stopping threads took: 0.0002130 seconds
217.622: Application time: 0.0009730 seconds
217.684: [GC217.684: [DefNew: 4217K->4217K(4288K), 0.0000060 secs]217.684: [Tenured: 5431K->6015K(9600K), 0.0063530 secs] 9648K->6015K(13888K), [Perm : 5137K->5137K(21248K)], 0.0063990 secs] [Times: user=0.00 sys=0.00, real=0.01 secs] 
217.690: Total time for which application threads were stopped: 0.0684240 seconds, Stopping threads took: 0.0619420 seconds
217.691: Application time: 0.0009830 seconds
217.757: [GC217.757: [DefNew: 3825K->3825K(4288K), 0.0000080 secs]217.757: [Tenured: 6015K->4453K(9600K), 0.0063510 secs] 9841K->4453K(13888K), [Perm : 5137K->5137K(21248K)], 0.0063990 secs] [Times: user=0.01 sys=0.00, real=0.00 secs] 
217.763: Total time for which application threads were stopped: 0.0719260 seconds, Stopping threads took: 0.0654490 seconds
217.764: Application time: 0.0006280 seconds
217.799: [GC217.799: [DefNew: 3630K->391K(4288K), 0.0010770 secs] 8083K->7969K(13888K), 0.0011100 secs] [Times: user=0.00 sys=0.00, real=0.00 secs] 
217.800: Total time for which application threads were stopped: 0.0363890 seconds, Stopping threads took: 0.0351970 seconds
217.800: Application time: 0.0004120 seconds
217.865: [GC217.865: [DefNew: 4216K->4216K(4288K), 0.0000160 secs]217.865: [Tenured: 7578K->4355K(9600K), 0.0057100 secs] 11795K->4355K(13888K), [Perm : 5137K->5137K(21248K)], 0.0057720 secs] [Times: user=0.00 sys=0.00, real=0.00 secs] 
217.871: Total time for which application threads were stopped: 0.0703570 seconds, Stopping threads took: 0.0645010 seconds
217.872: Application time: 0.0007230 seconds
217.905: [GC217.905: [DefNew: 3821K->391K(4288K), 0.0009520 secs] 8177K->7872K(13888K), 0.0009770 secs] [Times: user=0.00 sys=0.00, real=0.00 secs] 
217.906: Total time for which application threads were stopped: 0.0342450 seconds, Stopping threads took: 0.0331970 seconds
217.907: Application time: 0.0011140 seconds
217.978: [GC217.978: [DefNew: 4099K->4099K(4288K), 0.0000090 secs]217.978: [Tenured: 7481K->2138K(9600K), 0.0051440 secs] 11580K->2138K(13888K), [Perm : 5137K->5137K(21248K)], 0.0051990 secs] [Times: user=0.00 sys=0.00, real=0.00 secs] 
217.983: Total time for which application threads were stopped: 0.0762120 seconds, Stopping threads took: 0.0709440 seconds
217.984: Application time: 0.0005860 seconds
218.017: [GC218.017: [DefNew: 3708K->421K(4288K), 0.0008330 secs] 5846K->5488K(13888K), 0.0008520 secs] [Times: user=0.00 sys=0.00, real=0.00 secs] 
218.017: Total time for which application threads were stopped: 0.0337470 seconds, Stopping threads took: 0.0328300 seconds
218.018: Application time: 0.0005600 seconds
218.051: [GC218.051: [DefNew: 4244K->390K(4288K), 0.0009140 secs] 9311K->8613K(13888K), 0.0009330 secs] [Times: user=0.00 sys=0.00, real=0.01 secs] 
218.052: Total time for which application threads were stopped: 0.0343350 seconds, Stopping threads took: 0.0333400 seconds
218.125: Application time: 0.0730390 seconds
218.126: [GC218.126: [DefNew: 4118K->4118K(4288K), 0.0000090 secs]218.126: [Tenured: 8222K->2500K(9600K), 0.0052650 secs] 12340K->2500K(13888K), [Perm : 5137K->5137K(21248K)], 0.0053170 secs] [Times: user=0.01 sys=0.00, real=0.00 secs] 
218.132: Total time for which application threads were stopped: 0.0063990 seconds, Stopping threads took: 0.0010230 seconds
218.132: Application time: 0.0006100 seconds
218.133: [GC218.133: [DefNew: 3825K->391K(4288K), 0.0009010 secs] 6325K->6310K(13888K), 0.0009240 secs] [Times: user=0.01 sys=0.00, real=0.00 secs] 
218.134: Total time for which application threads were stopped: 0.0013230 seconds, Stopping threads took: 0.0003530 seconds
218.205: Application time: 0.0714240 seconds
218.207: [GC218.207: [DefNew: 4099K->4099K(4288K), 0.0000090 secs]218.207: [Tenured: 5918K->1357K(9600K), 0.0058180 secs] 10018K->1357K(13888K), [Perm : 5137K->5137K(21248K)], 0.0058830 secs] [Times: user=0.00 sys=0.00, real=0.01 secs] 
218.213: Total time for which application threads were stopped: 0.0081220 seconds, Stopping threads took: 0.0021510 seconds
218.214: Application time: 0.0006310 seconds
218.214: [GC218.214: [DefNew: 3727K->392K(4288K), 0.0008460 secs] 5085K->5070K(13584K), 0.0008640 secs] [Times: user=0.00 sys=0.00, real=0.00 secs] 
218.215: Total time for which application threads were stopped: 0.0013270 seconds, Stopping threads took: 0.0004250 seconds
218.216: Application time: 0.0012040 seconds
218.282: [GC218.282: [DefNew: 4115K->391K(4288K), 0.0005220 secs] 8793K->6241K(13584K), 0.0005450 secs] [Times: user=0.00 sys=0.00, real=0.00 secs] 
218.282: Total time for which application threads were stopped: 0.0656420 seconds, Stopping threads took: 0.0650320 seconds
218.282: Application time: 0.0003620 seconds
218.334: [GC218.334: [DefNew: 3923K->3923K(4288K), 0.0000070 secs]218.334: [Tenured: 5850K->3702K(9296K), 0.0062920 secs] 9774K->3702K(13584K), [Perm : 5137K->5137K(21248K)], 0.0063340 secs] [Times: user=0.01 sys=0.00, real=0.00 secs] 
218.340: Total time for which application threads were stopped: 0.0576700 seconds, Stopping threads took: 0.0512630 seconds
218.341: Application time: 0.0005630 seconds
218.341: [GC218.341: [DefNew: 3801K->419K(4288K), 0.0008600 secs] 7504K->7442K(13584K), 0.0008820 secs] [Times: user=0.00 sys=0.00, real=0.00 secs] 
218.342: Total time for which application threads were stopped: 0.0012970 seconds, Stopping threads took: 0.0003470 seconds
218.414: Application time: 0.0716060 seconds
218.417: [GC218.417: [DefNew: 4147K->4147K(4288K), 0.0000090 secs]218.417: [Tenured: 7022K->2950K(9296K), 0.0049130 secs] 11170K->2950K(13584K), [Perm : 5137K->5137K(21248K)], 0.0049720 secs] [Times: user=0.01 sys=0.00, real=0.00 secs] 
218.422: Total time for which application threads were stopped: 0.0080750 seconds, Stopping threads took: 0.0030230 seconds
218.422: Application time: 0.0005530 seconds
218.455: [GC218.455: [DefNew: 3823K->391K(4288K), 0.0008100 secs] 6773K->6466K(13584K), 0.0008280 secs] [Times: user=0.00 sys=0.00, real=0.00 secs] 
218.456: Total time for which application threads were stopped: 0.0340400 seconds, Stopping threads took: 0.0331480 seconds
218.457: Application time: 0.0004390 seconds
218.519: [GC218.519: [DefNew: 4216K->4216K(4288K), 0.0000070 secs]218.519: [Tenured: 6075K->4746K(9296K), 0.0060250 secs] 10292K->4746K(13584K), [Perm : 5137K->5137K(21248K)], 0.0060720 secs] [Times: user=0.01 sys=0.00, real=0.01 secs] 
218.525: Total time for which application threads were stopped: 0.0685490 seconds, Stopping threads took: 0.0624000 seconds
218.526: Application time: 0.0005070 seconds
218.577: [GC218.577: [DefNew: 3630K->391K(4288K), 0.0008370 secs] 8376K->7482K(13584K), 0.0008650 secs] [Times: user=0.00 sys=0.00, real=0.00 secs] 
218.577: Total time for which application threads were stopped: 0.0516780 seconds, Stopping threads took: 0.0507400 seconds
218.578: Application time: 0.0006150 seconds
218.579: [GC218.579: [DefNew: 4189K->4189K(4288K), 0.0000050 secs]218.579: [Tenured: 7090K->7802K(9296K), 0.0061570 secs] 11280K->7802K(13584K), [Perm : 5137K->5137K(21248K)], 0.0062130 secs] [Times: user=0.00 sys=0.00, real=0.01 secs] 
218.585: Total time for which application threads were stopped: 0.0073250 seconds, Stopping threads took: 0.0010360 seconds
218.657: Application time: 0.0715000 seconds
218.659: [GC218.659: [DefNew: 3727K->3727K(4288K), 0.0000090 secs]218.659: [Tenured: 7802K->2919K(9600K), 0.0053700 secs] 11529K->2919K(13888K), [Perm : 5137K->5137K(21248K)], 0.0054270 secs] [Times: user=0.00 sys=0.00, real=0.00 secs] 
218.664: Total time for which application threads were stopped: 0.0073750 seconds, Stopping threads took: 0.0018640 seconds
218.665: Application time: 0.0005140 seconds
218.698: [GC218.698: [DefNew: 3723K->391K(4288K), 0.0008010 secs] 6643K->6338K(13888K), 0.0008220 secs] [Times: user=0.00 sys=0.00, real=0.00 secs] 
218.699: Total time for which application threads were stopped: 0.0340170 seconds, Stopping threads took: 0.0331400 seconds
218.699: Application time: 0.0005690 seconds
218.769: [GC218.769: [DefNew: 4216K->4216K(4288K), 0.0000080 secs]218.769: [Tenured: 5947K->3994K(9600K), 0.0056700 secs] 10163K->3994K(13888K), [Perm : 5137K->5137K(21248K)], 0.0057200 secs] [Times: user=0.01 sys=0.00, real=0.01 secs] 
218.775: Total time for which application threads were stopped: 0.0756950 seconds, Stopping threads took: 0.0698840 seconds
218.776: Application time: 0.0004920 seconds
218.809: [GC218.809: [DefNew: 3727K->391K(4288K), 0.0008530 secs] 7722K->7120K(13888K), 0.0008760 secs] [Times: user=0.00 sys=0.00, real=0.00 secs] 
218.810: Total time for which application threads were stopped: 0.0341360 seconds, Stopping threads took: 0.0331910 seconds
218.810: Application time: 0.0003380 seconds
218.844: [GC218.844: [DefNew: 4214K->4214K(4288K), 0.0000090 secs]218.844: [Tenured: 6728K->5039K(9600K), 0.0052150 secs] 10943K->5039K(13888K), [Perm : 5137K->5137K(21248K)], 0.0052730 secs] [Times: user=0.00 sys=0.00, real=0.01 secs] 
218.849: Total time for which application threads were stopped: 0.0391380 seconds, Stopping threads took: 0.0337820 seconds
218.850: Application time: 0.0005490 seconds
218.883: [GC218.883: [DefNew: 3725K->391K(4288K), 0.0008540 secs] 8765K->8360K(13888K), 0.0008760 secs] [Times: user=0.00 sys=0.00, real=0.00 secs] 
218.884: Total time for which application threads were stopped: 0.0339540 seconds, Stopping threads took: 0.0330200 seconds
218.956: Application time: 0.0721320 seconds
218.957: [GC218.957: [DefNew: 4197K->4197K(4288K), 0.0000090 secs]218.957: [Tenured: 7969K->1747K(9600K), 0.0058760 secs] 12166K->1747K(13888K), [Perm : 5137K->5137K(21248K)], 0.0059350 secs] [Times: user=0.00 sys=0.00, real=0.00 secs] 
218.963: Total time for which application threads were stopped: 0.0074240 seconds, Stopping threads took: 0.0014110 seconds
218.964: Application time: 0.0006300 seconds
218.964: [GC218.964: [DefNew: 3727K->392K(4288K), 0.0008660 secs] 5475K->5460K(13888K), 0.0008820 secs] [Times: user=0.00 sys=0.00, real=0.01 secs] 
218.965: Total time for which application threads were stopped: 0.0011850 seconds, Stopping threads took: 0.0002640 seconds
218.967: Application time: 0.0014670 seconds
219.032: [GC219.032: [DefNew: 4215K->391K(4288K), 0.0005870 secs] 9283K->6827K(13888K), 0.0006120 secs] [Times: user=0.00 sys=0.00, real=0.00 secs] 
219.033: Total time for which application threads were stopped: 0.0665370 seconds, Stopping threads took: 0.0658780 seconds
219.034: Application time: 0.0006550 seconds
219.068: [GC219.068: [DefNew: 4177K->4177K(4288K), 0.0000080 secs]219.068: [Tenured: 6436K->4344K(9600K), 0.0054080 secs] 10614K->4344K(13888K), [Perm : 5137K->5137K(21248K)], 0.0054550 secs] [Times: user=0.00 sys=0.00, real=0.01 secs] 
219.073: Total time for which application threads were stopped: 0.0392990 seconds, Stopping threads took: 0.0337780 seconds
219.074: Application time: 0.0004850 seconds
219.107: [GC219.107: [DefNew: 3823K->391K(4288K), 0.0008200 secs] 8167K->7568K(13888K), 0.0008400 secs] [Times: user=0.00 sys=0.00, real=0.00 secs] 
219.108: Total time for which application threads were stopped: 0.0346720 seconds, Stopping threads took: 0.0337670 seconds
219.109: Application time: 0.0009650 seconds
219.179: [GC219.179: [DefNew: 4117K->4117K(4288K), 0.0000080 secs]219.179: [Tenured: 7176K->4344K(9600K), 0.0057570 secs] 11293K->4344K(13888K), [Perm : 5137K->5137K(21248K)], 0.0058040 secs] [Times: user=0.01 sys=0.00, real=0.01 secs] 
219.185: Total time for which application threads were stopped: 0.0754210 seconds, Stopping threads took: 0.0695380 seconds
219.185: Application time: 0.0006280 seconds
219.233: [GC219.233: [DefNew: 3825K->391K(4288K), 0.0009400 secs] 8170K->7861K(13888K), 0.0009640 secs] [Times: user=0.00 sys=0.00, real=0.00 secs] 
219.234: Total time for which application threads were stopped: 0.0483030 seconds, Stopping threads took: 0.0472910 seconds
219.234: Application time: 0.0006980 seconds
219.272: [GC219.272: [DefNew: 4211K->4211K(4288K), 0.0000070 secs]219.272: [Tenured: 7469K->7578K(9600K), 0.0063760 secs] 11680K->7578K(13888K), [Perm : 5137K->5137K(21248K)], 0.0064240 secs] [Times: user=0.01 sys=0.00, real=0.01 secs] 
219.278: Total time for which application threads were stopped: 0.0442420 seconds, Stopping threads took: 0.0377250 seconds
219.350: Application time: 0.0711640 seconds
219.352: [GC219.352: [DefNew: 3825K->3825K(4288K), 0.0000100 secs]219.352: [Tenured: 7578K->2793K(9600K), 0.0053780 secs] 11403K->2793K(13888K), [Perm : 5137K->5137K(21248K)], 0.0054340 secs] [Times: user=0.00 sys=0.00, real=0.01 secs] 
219.357: Total time for which application threads were stopped: 0.0078250 seconds, Stopping threads took: 0.0023080 seconds
219.358: Application time: 0.0005220 seconds
219.391: [GC219.391: [DefNew: 3725K->391K(4288K), 0.0008670 secs] 6519K->6506K(13888K), 0.0008880 secs] [Times: user=0.00 sys=0.00, real=0.00 secs] 
219.392: Total time for which application threads were stopped: 0.0338840 seconds, Stopping threads took: 0.0329310 seconds
219.393: Application time: 0.0007380 seconds
219.460: [GC219.460: [DefNew: 4212K->4212K(4288K), 0.0000070 secs]219.460: [Tenured: 6114K->4942K(9600K), 0.0057680 secs] 10327K->4942K(13888K), [Perm : 5137K->5137K(21248K)], 0.0058170 secs] [Times: user=0.01 sys=0.00, real=0.01 secs] 
219.465: Total time for which application threads were stopped: 0.0727720 seconds, Stopping threads took: 0.0668750 seconds
219.466: Application time: 0.0008220 seconds
219.528: [GC219.528: [DefNew: 3825K->391K(4288K), 0.0009270 secs] 8767K->8068K(13888K), 0.0009630 secs] [Times: user=0.00 sys=0.00, real=0.00 secs] 
219.529: Total time for which application threads were stopped: 0.0625510 seconds, Stopping threads took: 0.0615140 seconds
219.529: Application time: 0.0003550 seconds
219.599: [GC219.599: [DefNew: 3923K->3923K(4288K), 0.0000080 secs]219.599: [Tenured: 7676K->3673K(9600K), 0.0063280 secs] 11600K->3673K(13888K), [Perm : 5137K->5137K(21248K)], 0.0063730 secs] [Times: user=0.01 sys=0.00, real=0.01 secs] 
219.606: Total time for which application threads were stopped: 0.0766520 seconds, Stopping threads took: 0.0702030 seconds
219.606: Application time: 0.0005090 seconds
219.607: [GC219.607: [DefNew: 3723K->391K(4288K), 0.0008400 secs] 7396K->7385K(13888K), 0.0008610 secs] [Times: user=0.00 sys=0.00, real=0.00 secs] 
219.608: Total time for which application threads were stopped: 0.0013100 seconds, Stopping threads took: 0.0003800 seconds
219.680: Application time: 0.0722130 seconds
219.684: [GC219.684: [DefNew: 4118K->4118K(4288K), 0.0000090 secs]219.684: [Tenured: 6993K->2500K(9600K), 0.0053530 secs] 11112K->2500K(13888K), [Perm : 5137K->5137K(21248K)], 0.0054070 secs] [Times: user=0.01 sys=0.00, real=0.01 secs] 
219.689: Total time for which application threads were stopped: 0.0093880 seconds, Stopping threads took: 0.0039000 seconds
219.690: Application time: 0.0005830 seconds
219.723: [GC219.723: [DefNew: 3676K->440K(4288K), 0.0008220 secs] 6177K->5871K(13888K), 0.0008410 secs] [Times: user=0.00 sys=0.00, real=0.01 secs] 
219.724: Total time for which application threads were stopped: 0.0345820 seconds, Stopping threads took: 0.0336780 seconds
219.725: Application time: 0.0003800 seconds
219.772: [GC219.772: [DefNew: 4194K->4194K(4288K), 0.0000070 secs]219.772: [Tenured: 5430K->5556K(9600K), 0.0062240 secs] 9624K->5556K(13888K), [Perm : 5137K->5137K(21248K)], 0.0062720 secs] [Times: user=0.01 sys=0.00, real=0.00 secs] 
219.779: Total time for which application threads were stopped: 0.0540270 seconds, Stopping threads took: 0.0476680 seconds
219.780: Application time: 0.0008890 seconds
219.847: [GC219.847: [DefNew: 3825K->391K(4288K), 0.0009350 secs] 9382K->8194K(13888K), 0.0009680 secs] [Times: user=0.00 sys=0.00, real=0.00 secs] 
219.848: Total time for which application threads were stopped: 0.0682520 seconds, Stopping threads took: 0.0672240 seconds
219.849: Application time: 0.0007480 seconds
219.895: [GC219.895: [DefNew: 4197K->4197K(4288K), 0.0000080 secs]219.895: [Tenured: 7803K->4510K(9600K), 0.0056920 secs] 12000K->4510K(13888K), [Perm : 5137K->5137K(21248K)], 0.0057430 secs] [Times: user=0.00 sys=0.00, real=0.00 secs] 
219.901: Total time for which application threads were stopped: 0.0525010 seconds, Stopping threads took: 0.0466800 seconds
219.902: Application time: 0.0004920 seconds
219.966: [GC219.966: [DefNew: 3532K->391K(4288K), 0.0007160 secs] 8042K->6855K(13888K), 0.0007410 secs] [Times: user=0.00 sys=0.00, real=0.00 secs] 
219.967: Total time for which application threads were stopped: 0.0650660 seconds, Stopping threads took: 0.0642540 seconds
219.967: Application time: 0.0003800 seconds
220.000: [GC220.000: [DefNew: 4211K->4211K(4288K), 0.0000060 secs]220.000: [Tenured: 6463K->6463K(9600K), 0.0067570 secs] 10674K->6463K(13888K), [Perm : 5137K->5137K(21248K)], 0.0067980 secs] [Times: user=0.00 sys=0.00, real=0.01 secs] 
220.007: Total time for which application threads were stopped: 0.0397090 seconds, Stopping threads took: 0.0328380 seconds
220.079: Application time: 0.0717320 seconds
220.080: [GC220.080: [DefNew: 3727K->3727K(4288K), 0.0000090 secs]220.080: [Tenured: 6463K->1524K(9600K), 0.0056150 secs] 10191K->1524K(13888K), [Perm : 5137K->5137K(21248K)], 0.0056680 secs] [Times: user=0.01 sys=0.01, real=0.01 secs] 
220.086: Total time for which application threads were stopped: 0.0075900 seconds, Stopping threads took: 0.0018430 seconds
220.087: Application time: 0.0006920 seconds
220.087: [GC220.087: [DefNew: 3776K->392K(4288K), 0.0008730 secs] 5300K->5237K(13888K), 0.0008920 secs] [Times: user=0.00 sys=0.00, real=0.00 secs] 
220.088: Total time for which application threads were stopped: 0.0011770 seconds, Stopping threads took: 0.0002330 seconds
220.089: Application time: 0.0005740 seconds
220.136: [GC220.136: [DefNew: 4145K->321K(4288K), 0.0007750 secs] 8990K->7706K(13888K), 0.0007970 secs] [Times: user=0.00 sys=0.00, real=0.00 secs] 
220.137: Total time for which application threads were stopped: 0.0481710 seconds, Stopping threads took: 0.0473100 seconds
220.145: Application time: 0.0082390 seconds
220.208: [GC220.208: [DefNew: 4147K->4147K(4288K), 0.0000080 secs]220.208: [Tenured: 7385K->3115K(9600K), 0.0061290 secs] 11532K->3115K(13888K), [Perm : 5137K->5137K(21248K)], 0.0061820 secs] [Times: user=0.01 sys=0.00, real=0.01 secs] 
220.214: Total time for which application threads were stopped: 0.0690070 seconds, Stopping threads took: 0.0627680 seconds
220.215: Application time: 0.0005700 seconds
220.249: [GC220.249: [DefNew: 3775K->440K(4288K), 0.0009160 secs] 6891K->6485K(13888K), 0.0009380 secs] [Times: user=0.00 sys=0.00, real=0.00 secs] 
220.249: Total time for which application threads were stopped: 0.0348950 seconds, Stopping threads took: 0.0338880 seconds
220.250: Application time: 0.0004190 seconds
220.312: [GC220.312: [DefNew: 4196K->4196K(4288K), 0.0000070 secs]220.312: [Tenured: 6045K->5194K(9600K), 0.0058080 secs] 10241K->5194K(13888K), [Perm : 5137K->5137K(21248K)], 0.0058530 secs] [Times: user=0.00 sys=0.00, real=0.01 secs] 
220.318: Total time for which application threads were stopped: 0.0677700 seconds, Stopping threads took: 0.0618550 seconds
220.318: Application time: 0.0006920 seconds
220.388: [GC220.388: [DefNew: 3825K->391K(4288K), 0.0009170 secs] 9019K->8320K(13888K), 0.0009450 secs] [Times: user=0.00 sys=0.00, real=0.00 secs] 
220.389: Total time for which application threads were stopped: 0.0707930 seconds, Stopping threads took: 0.0697960 seconds
220.390: Application time: 0.0004910 seconds
220.454: [GC220.454: [DefNew: 4119K->4119K(4288K), 0.0000090 secs]220.454: [Tenured: 7929K->4120K(9600K), 0.0055410 secs] 12048K->4120K(13888K), [Perm : 5137K->5137K(21248K)], 0.0055900 secs] [Times: user=0.01 sys=0.00, real=0.00 secs] 
220.460: Total time for which application threads were stopped: 0.0700240 seconds, Stopping threads took: 0.0643630 seconds
220.460: Application time: 0.0005100 seconds
220.517: [GC220.517: [DefNew: 3513K->420K(4288K), 0.0007530 secs] 7633K->6689K(13888K), 0.0007770 secs] [Times: user=0.00 sys=0.00, real=0.00 secs] 
220.518: Total time for which application threads were stopped: 0.0576750 seconds, Stopping threads took: 0.0568280 seconds
220.518: Application time: 0.0005230 seconds
220.552: [GC220.552: [DefNew: 4126K->4126K(4288K), 0.0000060 secs]220.552: [Tenured: 6269K->6797K(9600K), 0.0067530 secs] 10395K->6797K(13888K), [Perm : 5137K->5137K(21248K)], 0.0067890 secs] [Times: user=0.00 sys=0.00, real=0.01 secs] 
220.559: Total time for which application threads were stopped: 0.0402280 seconds, Stopping threads took: 0.0333880 seconds
220.630: Application time: 0.0715430 seconds
220.634: [GC220.634: [DefNew: 3532K->3532K(4288K), 0.0000080 secs]220.634: [Tenured: 6797K->1719K(9600K), 0.0050820 secs] 10330K->1719K(13888K), [Perm : 5137K->5137K(21248K)], 0.0051360 secs] [Times: user=0.00 sys=0.00, real=0.00 secs] 
220.639: Total time for which application threads were stopped: 0.0092750 seconds, Stopping threads took: 0.0040590 seconds
220.640: Application time: 0.0005840 seconds
220.640: [GC220.640: [DefNew: 3725K->392K(4288K), 0.0008010 secs] 5445K->5432K(13888K), 0.0008210 secs] [Times: user=0.00 sys=0.00, real=0.00 secs] 
220.641: Total time for which application threads were stopped: 0.0011840 seconds, Stopping threads took: 0.0003120 seconds
220.642: Application time: 0.0008520 seconds
220.706: [GC220.706: [DefNew: 4215K->391K(4288K), 0.0008730 secs] 9255K->7873K(13888K), 0.0017220 secs] [Times: user=0.00 sys=0.00, real=0.00 secs] 
220.708: Total time for which application threads were stopped: 0.0659110 seconds, Stopping threads took: 0.0641000 seconds
220.709: Application time: 0.0008410 seconds
220.773: [GC220.773: [DefNew: 4216K->4216K(4288K), 0.0000090 secs]220.773: [Tenured: 7482K->4454K(9600K), 0.0056400 secs] 11699K->4454K(13888K), [Perm : 5137K->5137K(21248K)], 0.0056980 secs] [Times: user=0.00 sys=0.00, real=0.00 secs] 
220.779: Total time for which application threads were stopped: 0.0702950 seconds, Stopping threads took: 0.0645170 seconds
220.780: Application time: 0.0004700 seconds
220.846: [GC220.846: [DefNew: 3532K->391K(4288K), 0.0008380 secs] 7986K->6799K(13888K), 0.0008700 secs] [Times: user=0.00 sys=0.00, real=0.00 secs] 
220.847: Total time for which application threads were stopped: 0.0671280 seconds, Stopping threads took: 0.0661690 seconds
220.847: Application time: 0.0003970 seconds
220.893: [GC220.893: [DefNew: 4211K->4211K(4288K), 0.0000050 secs]220.893: [Tenured: 6407K->6407K(9600K), 0.0064360 secs] 10618K->6407K(13888K), [Perm : 5137K->5137K(21248K)], 0.0064810 secs] [Times: user=0.01 sys=0.00, real=0.00 secs] 
220.900: Total time for which application threads were stopped: 0.0524790 seconds, Stopping threads took: 0.0459410 seconds
220.972: Application time: 0.0721280 seconds
220.973: [GC220.973: [DefNew: 3727K->3727K(4288K), 0.0000100 secs]220.973: [Tenured: 6407K->1524K(9600K), 0.0058310 secs] 10135K->1524K(13888K), [Perm : 5137K->5137K(21248K)], 0.0058840 secs] [Times: user=0.01 sys=0.00, real=0.00 secs] 
220.979: Total time for which application threads were stopped: 0.0071800 seconds, Stopping threads took: 0.0012160 seconds
220.979: Application time: 0.0005900 seconds
220.980: [GC220.980: [DefNew: 3725K->392K(4288K), 0.0008810 secs] 5250K->5237K(13888K), 0.0008980 secs] [Times: user=0.00 sys=0.00, real=0.00 secs] 
220.981: Total time for which application threads were stopped: 0.0012180 seconds, Stopping threads took: 0.0002590 seconds
220.982: Application time: 0.0015280 seconds
221.052: [GC221.052: [DefNew: 4215K->391K(4288K), 0.0003840 secs] 9060K->5823K(13888K), 0.0004050 secs] [Times: user=0.00 sys=0.00, real=0.00 secs] 
221.052: Total time for which application threads were stopped: 0.0700590 seconds, Stopping threads took: 0.0695830 seconds
221.053: Application time: 0.0003580 seconds
221.086: [GC221.086: [DefNew: 4099K->419K(4288K), 0.0007370 secs] 9531K->8195K(13888K), 0.0007590 secs] [Times: user=0.00 sys=0.00, real=0.00 secs] 
221.087: Total time for which application threads were stopped: 0.0340520 seconds, Stopping threads took: 0.0332270 seconds
221.087: Application time: 0.0003220 seconds
221.121: [GC221.121: [DefNew: 4143K->4143K(4288K), 0.0000060 secs]221.121: [Tenured: 7775K->5654K(9600K), 0.0066330 secs] 11919K->5654K(13888K), [Perm : 5137K->5137K(21248K)], 0.0066740 secs] [Times: user=0.01 sys=0.00, real=0.01 secs] 
221.128: Total time for which application threads were stopped: 0.0405190 seconds, Stopping threads took: 0.0337720 seconds
221.129: Application time: 0.0009600 seconds
221.199: [GC221.199: [DefNew: 3727K->391K(4288K), 0.0005780 secs] 9382K->7218K(13888K), 0.0006060 secs] [Times: user=0.00 sys=0.00, real=0.00 secs] 
221.200: Total time for which application threads were stopped: 0.0711840 seconds, Stopping threads took: 0.0705040 seconds
221.200: Application time: 0.0003720 seconds
221.235: [GC221.235: [DefNew: 4197K->4197K(4288K), 0.0000070 secs]221.235: [Tenured: 6826K->4511K(9600K), 0.0063490 secs] 11024K->4511K(13888K), [Perm : 5137K->5137K(21248K)], 0.0063940 secs] [Times: user=0.01 sys=0.00, real=0.00 secs] 
221.241: Total time for which application threads were stopped: 0.0408600 seconds, Stopping threads took: 0.0343890 seconds
221.241: Application time: 0.0004230 seconds
221.274: [GC221.274: [DefNew: 3625K->391K(4288K), 0.0008100 secs] 8137K->7832K(13888K), 0.0008300 secs] [Times: user=0.00 sys=0.00, real=0.00 secs] 
221.275: Total time for which application threads were stopped: 0.0337370 seconds, Stopping threads took: 0.0328520 seconds
221.347: Application time: 0.0721400 seconds
221.348: [GC221.348: [DefNew: 4118K->4118K(4288K), 0.0000100 secs]221.348: [Tenured: 7441K->2363K(9600K), 0.0059760 secs] 11560K->2363K(13888K), [Perm : 5137K->5137K(21248K)], 0.0060280 secs] [Times: user=0.00 sys=0.00, real=0.01 secs] 
221.354: Total time for which application threads were stopped: 0.0069020 seconds, Stopping threads took: 0.0007840 seconds
221.355: Application time: 0.0005540 seconds
221.355: [GC221.355: [DefNew: 3723K->391K(4288K), 0.0008550 secs] 6087K->6075K(13888K), 0.0008760 secs] [Times: user=0.00 sys=0.00, real=0.00 secs] 
221.356: Total time for which application threads were stopped: 0.0012310 seconds, Stopping threads took: 0.0002860 seconds
221.357: Application time: 0.0011590 seconds
221.427: [GC221.427: [DefNew: 4216K->4216K(4288K), 0.0000080 secs]221.427: [Tenured: 5683K->3184K(9600K), 0.0061460 secs] 9900K->3184K(13888K), [Perm : 5137K->5137K(21248K)], 0.0061960 secs] [Times: user=0.01 sys=0.00, real=0.01 secs] 
221.433: Total time for which application threads were stopped: 0.0760410 seconds, Stopping threads took: 0.0697660 seconds
221.434: Application time: 0.0005000 seconds
221.467: [GC221.467: [DefNew: 3825K->392K(4288K), 0.0009160 secs] 7010K->6702K(13888K), 0.0009360 secs] [Times: user=0.00 sys=0.00, real=0.00 secs] 
221.468: Total time for which application threads were stopped: 0.0345890 seconds, Stopping threads took: 0.0335880 seconds
221.469: Application time: 0.0005580 seconds
221.502: [GC221.502: [DefNew: 4213K->4213K(4288K), 0.0000070 secs]221.502: [Tenured: 6310K->7579K(9600K), 0.0068010 secs] 10523K->7579K(13888K), [Perm : 5137K->5137K(21248K)], 0.0068460 secs] [Times: user=0.01 sys=0.00, real=0.01 secs] 
221.509: Total time for which application threads were stopped: 0.0397430 seconds, Stopping threads took: 0.0328410 seconds
221.580: Application time: 0.0715000 seconds
221.582: [GC221.582: [DefNew: 3532K->3532K(4288K), 0.0000100 secs]221.582: [Tenured: 7579K->2501K(9600K), 0.0053350 secs] 11111K->2501K(13888K), [Perm : 5137K->5137K(21248K)], 0.0053920 secs] [Times: user=0.01 sys=0.00, real=0.01 secs] 
221.588: Total time for which application threads were stopped: 0.0077860 seconds, Stopping threads took: 0.0023110 seconds
221.588: Application time: 0.0005300 seconds
221.623: [GC221.623: [DefNew: 3823K->392K(4288K), 0.0008530 secs] 6324K->6018K(13888K), 0.0008720 secs] [Times: user=0.00 sys=0.00, real=0.00 secs] 
221.623: Total time for which application threads were stopped: 0.0350340 seconds, Stopping threads took: 0.0341160 seconds
221.624: Application time: 0.0010720 seconds
221.694: [GC221.694: [DefNew: 4215K->4215K(4288K), 0.0000060 secs]221.694: [Tenured: 5626K->3673K(9600K), 0.0062380 secs] 9841K->3673K(13888K), [Perm : 5137K->5137K(21248K)], 0.0062840 secs] [Times: user=0.01 sys=0.00, real=0.00 secs] 
221.701: Total time for which application threads were stopped: 0.0760790 seconds, Stopping threads took: 0.0697420 seconds
221.701: Application time: 0.0005160 seconds
221.765: [GC221.765: [DefNew: 3630K->392K(4288K), 0.0007410 secs] 7303K->6409K(13888K), 0.0007620 secs] [Times: user=0.00 sys=0.00, real=0.00 secs] 
221.766: Total time for which application threads were stopped: 0.0650120 seconds, Stopping threads took: 0.0641850 seconds
221.766: Application time: 0.0003510 seconds
221.767: [GC221.767: [DefNew: 4113K->4113K(4288K), 0.0000060 secs]221.767: [Tenured: 6017K->7774K(9600K), 0.0064160 secs] 10131K->7774K(13888K), [Perm : 5137K->5137K(21248K)], 0.0064610 secs] [Times: user=0.01 sys=0.00, real=0.01 secs] 
221.773: Total time for which application threads were stopped: 0.0070030 seconds, Stopping threads took: 0.0004650 seconds
221.846: Application time: 0.0722740 seconds
221.881: [GC221.881: [DefNew: 3707K->3707K(4288K), 0.0000090 secs]221.881: [Tenured: 7774K->1748K(9600K), 0.0050170 secs] 11482K->1748K(13888K), [Perm : 5137K->5137K(21248K)], 0.0050740 secs] [Times: user=0.00 sys=0.00, real=0.01 secs] 
221.886: Total time for which application threads were stopped: 0.0404770 seconds, Stopping threads took: 0.0353130 seconds
221.887: Application time: 0.0005960 seconds
221.887: [GC221.887: [DefNew: 3806K->420K(4288K), 0.0008550 secs] 5554K->5489K(13888K), 0.0008820 secs] [Times: user=0.00 sys=0.01, real=0.00 secs] 
221.888: Total time for which application threads were stopped: 0.0010350 seconds, Stopping threads took: 0.0000860 seconds
221.889: Application time: 0.0010720 seconds
221.922: [GC221.922: [DefNew: 4243K->390K(4288K), 0.0009530 secs] 9312K->8516K(13888K), 0.0009790 secs] [Times: user=0.00 sys=0.00, real=0.00 secs] 
221.923: Total time for which application threads were stopped: 0.0337720 seconds, Stopping threads took: 0.0327260 seconds
221.994: Application time: 0.0711140 seconds
221.996: [GC221.996: [DefNew: 4216K->4216K(4288K), 0.0000090 secs]221.996: [Tenured: 8125K->2363K(9600K), 0.0053060 secs] 12342K->2363K(13888K), [Perm : 5137K->5137K(21248K)], 0.0053590 secs] [Times: user=0.00 sys=0.00, real=0.00 secs] 
222.001: Total time for which application threads were stopped: 0.0077020 seconds, Stopping threads took: 0.0022630 seconds
222.002: Application time: 0.0005430 seconds
222.036: [GC222.036: [DefNew: 3825K->391K(4288K), 0.0008340 secs] 6189K->5881K(13888K), 0.0008570 secs] [Times: user=0.00 sys=0.00, real=0.00 secs] 
222.037: Total time for which application threads were stopped: 0.0344910 seconds, Stopping threads took: 0.0335690 seconds
222.037: Application time: 0.0009410 seconds
222.071: [GC222.071: [DefNew: 4113K->4113K(4288K), 0.0000060 secs]222.071: [Tenured: 5489K->5586K(9600K), 0.0053320 secs] 9602K->5586K(13888K), [Perm : 5137K->5137K(21248K)], 0.0053740 secs] [Times: user=0.01 sys=0.00, real=0.01 secs] 
222.076: Total time for which application threads were stopped: 0.0389790 seconds, Stopping threads took: 0.0335280 seconds
222.077: Application time: 0.0009060 seconds
222.147: [GC222.147: [DefNew: 3825K->391K(4288K), 0.0008530 secs] 9412K->8224K(13888K), 0.0008840 secs] [Times: user=0.00 sys=0.00, real=0.00 secs] 
222.148: Total time for which application threads were stopped: 0.0706470 seconds, Stopping threads took: 0.0696880 seconds
222.149: Application time: 0.0006650 seconds
222.184: [GC222.184: [DefNew: 4080K->4080K(4288K), 0.0000080 secs]222.184: [Tenured: 7833K->4259K(9600K), 0.0057770 secs] 11913K->4259K(13888K), [Perm : 5137K->5137K(21248K)], 0.0058250 secs] [Times: user=0.01 sys=0.00, real=0.00 secs] 
222.190: Total time for which application threads were stopped: 0.0414880 seconds, Stopping threads took: 0.0356030 seconds
222.191: Application time: 0.0005070 seconds
222.252: [GC222.252: [DefNew: 3706K->419K(4288K), 0.0007960 secs] 7965K->7023K(13888K), 0.0008240 secs] [Times: user=0.00 sys=0.00, real=0.01 secs] 
222.253: Total time for which application threads were stopped: 0.0624020 seconds, Stopping threads took: 0.0615040 seconds
222.253: Application time: 0.0004210 seconds
222.324: [GC222.324: [DefNew: 4147K->4147K(4288K), 0.0000060 secs]222.324: [Tenured: 6603K->4092K(9600K), 0.0056850 secs] 10750K->4092K(13888K), [Perm : 5137K->5137K(21248K)], 0.0057310 secs] [Times: user=0.00 sys=0.00, real=0.01 secs] 
222.329: Total time for which application threads were stopped: 0.0759920 seconds, Stopping threads took: 0.0701850 seconds
222.330: Application time: 0.0005120 seconds
222.371: [GC222.371: [DefNew: 3628K->391K(4288K), 0.0007910 secs] 7720K->7121K(13888K), 0.0008130 secs] [Times: user=0.00 sys=0.00, real=0.00 secs] 
222.372: Total time for which application threads were stopped: 0.0419430 seconds, Stopping threads took: 0.0410650 seconds
222.373: Application time: 0.0007210 seconds
222.443: [GC222.443: [DefNew: 4216K->4216K(4288K), 0.0000080 secs]222.443: [Tenured: 6729K->3994K(9600K), 0.0056790 secs] 10946K->3994K(13888K), [Perm : 5137K->5137K(21248K)], 0.0057270 secs] [Times: user=0.01 sys=0.00, real=0.01 secs] 
222.448: Total time for which application threads were stopped: 0.0757090 seconds, Stopping threads took: 0.0699180 seconds
222.449: Application time: 0.0006740 seconds
222.510: [GC222.510: [DefNew: 3805K->420K(4288K), 0.0008940 secs] 7800K->7149K(13888K), 0.0009220 secs] [Times: user=0.00 sys=0.00, real=0.00 secs] 
222.511: Total time for which application threads were stopped: 0.0615710 seconds, Stopping threads took: 0.0605750 seconds
222.511: Application time: 0.0004020 seconds
222.574: [GC222.574: [DefNew: 3952K->3952K(4288K), 0.0000060 secs]222.575: [Tenured: 6729K->3730K(9600K), 0.0056140 secs] 10681K->3730K(13888K), [Perm : 5137K->5137K(21248K)], 0.0056690 secs] [Times: user=0.01 sys=0.00, real=0.00 secs] 
222.580: Total time for which application threads were stopped: 0.0691370 seconds, Stopping threads took: 0.0633910 seconds
222.581: Application time: 0.0004810 seconds
222.614: [GC222.614: [DefNew: 3819K->391K(4288K), 0.0008530 secs] 7549K->7247K(13888K), 0.0008730 secs] [Times: user=0.00 sys=0.00, real=0.00 secs] 
222.615: Total time for which application threads were stopped: 0.0338810 seconds, Stopping threads took: 0.0329450 seconds
222.686: Application time: 0.0715470 seconds
222.688: [GC222.688: [DefNew: 4119K->4119K(4288K), 0.0000090 secs]222.688: [Tenured: 6855K->1525K(9600K), 0.0058880 secs] 10975K->1525K(13888K), [Perm : 5137K->5137K(21248K)], 0.0059390 secs] [Times: user=0.00 sys=0.00, real=0.01 secs] 
222.694: Total time for which application threads were stopped: 0.0074390 seconds, Stopping threads took: 0.0014190 seconds
222.694: Application time: 0.0006340 seconds
222.695: [GC222.695: [DefNew: 3725K->391K(4288K), 0.0008650 secs] 5251K->5237K(13888K), 0.0008810 secs] [Times: user=0.00 sys=0.00, real=0.00 secs] 
222.695: Total time for which application threads were stopped: 0.0012350 seconds, Stopping threads took: 0.0003150 seconds
222.697: Application time: 0.0014500 seconds
222.766: [GC222.766: [DefNew: 4212K->391K(4288K), 0.0004790 secs] 9058K->6214K(13888K), 0.0005020 secs] [Times: user=0.00 sys=0.00, real=0.00 secs] 
222.767: Total time for which application threads were stopped: 0.0697700 seconds, Stopping threads took: 0.0692030 seconds
222.767: Application time: 0.0003260 seconds
222.830: [GC222.830: [DefNew: 4021K->4021K(4288K), 0.0000060 secs]222.830: [Tenured: 5823K->4064K(9600K), 0.0062830 secs] 9844K->4064K(13888K), [Perm : 5137K->5137K(21248K)], 0.0063270 secs] [Times: user=0.00 sys=0.00, real=0.01 secs] 
222.837: Total time for which application threads were stopped: 0.0695620 seconds, Stopping threads took: 0.0631590 seconds
222.837: Application time: 0.0006470 seconds
222.871: [GC222.871: [DefNew: 3817K->391K(4288K), 0.0010960 secs] 7881K->7580K(13888K), 0.0011250 secs] [Times: user=0.01 sys=0.00, real=0.00 secs] 
222.872: Total time for which application threads were stopped: 0.0344880 seconds, Stopping threads took: 0.0332860 seconds
222.944: Application time: 0.0726940 seconds
222.946: [GC222.946: [DefNew: 4196K->4196K(4288K), 0.0000100 secs]222.946: [Tenured: 7189K->1945K(9600K), 0.0059350 secs] 11386K->1945K(13888K), [Perm : 5137K->5137K(21248K)], 0.0059860 secs] [Times: user=0.01 sys=0.00, real=0.00 secs] 
222.952: Total time for which application threads were stopped: 0.0073060 seconds, Stopping threads took: 0.0012310 seconds
222.952: Application time: 0.0006050 seconds
222.953: [GC222.953: [DefNew: 3723K->391K(4288K), 0.0008530 secs] 5668K->5657K(13888K), 0.0008750 secs] [Times: user=0.00 sys=0.00, real=0.00 secs] 
222.953: Total time for which application threads were stopped: 0.0011990 seconds, Stopping threads took: 0.0002550 seconds
222.954: Application time: 0.0007720 seconds
223.024: [GC223.024: [DefNew: 4114K->293K(4288K), 0.0006370 secs] 9380K->7122K(13888K), 0.0006650 secs] [Times: user=0.00 sys=0.00, real=0.01 secs] 
223.025: Total time for which application threads were stopped: 0.0704300 seconds, Stopping threads took: 0.0696950 seconds
223.025: Application time: 0.0004270 seconds
223.092: [GC223.092: [DefNew: 4021K->4021K(4288K), 0.0000070 secs]223.092: [Tenured: 6828K->4485K(9600K), 0.0062260 secs] 10850K->4485K(13888K), [Perm : 5137K->5137K(21248K)], 0.0062740 secs] [Times: user=0.00 sys=0.00, real=0.01 secs] 
223.098: Total time for which application threads were stopped: 0.0728580 seconds, Stopping threads took: 0.0665060 seconds
223.098: Application time: 0.0004260 seconds
223.137: [GC223.137: [DefNew: 3625K->391K(4288K), 0.0008550 secs] 8111K->7806K(13888K), 0.0008850 secs] [Times: user=0.00 sys=0.00, real=0.00 secs] 
223.138: Total time for which application threads were stopped: 0.0393670 seconds, Stopping threads took: 0.0384140 seconds
223.209: Application time: 0.0711820 seconds
223.212: [GC223.212: [DefNew: 4118K->4118K(4288K), 0.0000090 secs]223.212: [Tenured: 7415K->2111K(9600K), 0.0052710 secs] 11534K->2111K(13888K), [Perm : 5137K->5137K(21248K)], 0.0053260 secs] [Times: user=0.00 sys=0.00, real=0.01 secs] 
223.217: Total time for which application threads were stopped: 0.0083930 seconds, Stopping threads took: 0.0030080 seconds
223.218: Application time: 0.0005900 seconds
223.218: [GC223.218: [DefNew: 3576K->440K(4288K), 0.0008020 secs] 5687K->5676K(13888K), 0.0008180 secs] [Times: user=0.00 sys=0.00, real=0.00 secs] 
223.219: Total time for which application threads were stopped: 0.0011050 seconds, Stopping threads took: 0.0002250 seconds
223.219: Application time: 0.0003770 seconds
223.283: [GC223.283: [DefNew: 4193K->419K(4288K), 0.0007580 secs] 9430K->7805K(13888K), 0.0007830 secs] [Times: user=0.00 sys=0.00, real=0.00 secs] 
223.283: Total time for which application threads were stopped: 0.0639000 seconds, Stopping threads took: 0.0630490 seconds
223.284: Application time: 0.0007890 seconds
223.340: [GC223.340: [DefNew: 4147K->4147K(4288K), 0.0000070 secs]223.340: [Tenured: 7385K->4483K(9600K), 0.0056740 secs] 11533K->4483K(13888K), [Perm : 5137K->5137K(21248K)], 0.0057220 secs] [Times: user=0.01 sys=0.00, real=0.01 secs] 
223.346: Total time for which application threads were stopped: 0.0616240 seconds, Stopping threads took: 0.0558230 seconds
223.346: Application time: 0.0004480 seconds
223.408: [GC223.408: [DefNew: 3532K->392K(4288K), 0.0007440 secs] 8015K->6828K(13888K), 0.0007680 secs] [Times: user=0.00 sys=0.00, real=0.00 secs] 
223.409: Total time for which application threads were stopped: 0.0626560 seconds, Stopping threads took: 0.0618150 seconds
223.409: Application time: 0.0003610 seconds
223.410: [GC223.410: [DefNew: 4211K->4211K(4288K), 0.0000070 secs]223.410: [Tenured: 6436K->7510K(9600K), 0.0064540 secs] 10647K->7510K(13888K), [Perm : 5137K->5137K(21248K)], 0.0065010 secs] [Times: user=0.01 sys=0.00, real=0.01 secs] 
223.416: Total time for which application threads were stopped: 0.0069580 seconds, Stopping threads took: 0.0003790 seconds
223.488: Application time: 0.0715690 seconds
223.490: [GC223.490: [DefNew: 3629K->3629K(4288K), 0.0000090 secs]223.490: [Tenured: 7510K->2530K(9600K), 0.0053160 secs] 11140K->2530K(13888K), [Perm : 5137K->5137K(21248K)], 0.0053710 secs] [Times: user=0.00 sys=0.00, real=0.01 secs] 
223.496: Total time for which application threads were stopped: 0.0078090 seconds, Stopping threads took: 0.0023470 seconds
223.496: Application time: 0.0005740 seconds
223.529: [GC223.529: [DefNew: 3823K->391K(4288K), 0.0008440 secs] 6353K->6047K(13888K), 0.0008630 secs] [Times: user=0.00 sys=0.01, real=0.00 secs] 
223.530: Total time for which application threads were stopped: 0.0341100 seconds, Stopping threads took: 0.0332040 seconds
223.533: Application time: 0.0029580 seconds
223.601: [GC223.601: [DefNew: 4214K->4214K(4288K), 0.0000070 secs]223.601: [Tenured: 5655K->3673K(9600K), 0.0049270 secs] 9870K->3673K(13888K), [Perm : 5137K->5137K(21248K)], 0.0049760 secs] [Times: user=0.01 sys=0.00, real=0.01 secs] 
223.606: Total time for which application threads were stopped: 0.0726920 seconds, Stopping threads took: 0.0676370 seconds
223.606: Application time: 0.0005070 seconds
223.641: [GC223.641: [DefNew: 3630K->392K(4288K), 0.0007450 secs] 7303K->6409K(13888K), 0.0007680 secs] [Times: user=0.01 sys=0.00, real=0.00 secs] 
223.642: Total time for which application threads were stopped: 0.0351420 seconds, Stopping threads took: 0.0343030 seconds
223.642: Application time: 0.0005770 seconds
223.676: [GC223.676: [DefNew: 4209K->4209K(4288K), 0.0000060 secs]223.676: [Tenured: 6017K->6798K(9600K), 0.0062140 secs] 10226K->6798K(13888K), [Perm : 5137K->5137K(21248K)], 0.0062580 secs] [Times: user=0.01 sys=0.00, real=0.00 secs] 
223.682: Total time for which application threads were stopped: 0.0397900 seconds, Stopping threads took: 0.0334470 seconds
223.753: Application time: 0.0711290 seconds
223.757: [GC223.757: [DefNew: 3727K->3727K(4288K), 0.0000090 secs]223.757: [Tenured: 6798K->1916K(9600K), 0.0050980 secs] 10525K->1916K(13888K), [Perm : 5137K->5137K(21248K)], 0.0051510 secs] [Times: user=0.00 sys=0.00, real=0.00 secs] 
223.762: Total time for which application threads were stopped: 0.0093320 seconds, Stopping threads took: 0.0040980 seconds
223.763: Application time: 0.0005690 seconds
223.763: [GC223.763: [DefNew: 3608K->420K(4288K), 0.0007900 secs] 5524K->5461K(13888K), 0.0008070 secs] [Times: user=0.00 sys=0.00, real=0.00 secs] 
223.764: Total time for which application threads were stopped: 0.0013040 seconds, Stopping threads took: 0.0004350 seconds
223.765: Application time: 0.0007840 seconds
223.835: [GC223.835: [DefNew: 4245K->391K(4288K), 0.0007140 secs] 9286K->7219K(13888K), 0.0007380 secs] [Times: user=0.00 sys=0.00, real=0.00 secs] 
223.836: Total time for which application threads were stopped: 0.0705460 seconds, Stopping threads took: 0.0697400 seconds
223.836: Application time: 0.0004570 seconds
223.870: [GC223.870: [DefNew: 4099K->4099K(4288K), 0.0000090 secs]223.870: [Tenured: 6828K->4316K(9600K), 0.0049720 secs] 10928K->4316K(13888K), [Perm : 5137K->5137K(21248K)], 0.0050270 secs] [Times: user=0.00 sys=0.00, real=0.01 secs] 
223.875: Total time for which application threads were stopped: 0.0387650 seconds, Stopping threads took: 0.0336650 seconds
223.875: Application time: 0.0004190 seconds
223.922: [GC223.922: [DefNew: 3727K->391K(4288K), 0.0008320 secs] 8044K->7442K(13888K), 0.0008530 secs] [Times: user=0.00 sys=0.00, real=0.00 secs] 
223.923: Total time for which application threads were stopped: 0.0473040 seconds, Stopping threads took: 0.0463840 seconds
223.924: Application time: 0.0010660 seconds
223.993: [GC223.993: [DefNew: 4214K->4214K(4288K), 0.0000080 secs]223.994: [Tenured: 7051K->3185K(9600K), 0.0062480 secs] 11266K->3185K(13888K), [Perm : 5137K->5137K(21248K)], 0.0062960 secs] [Times: user=0.00 sys=0.00, real=0.00 secs] 
224.000: Total time for which application threads were stopped: 0.0761930 seconds, Stopping threads took: 0.0698110 seconds
224.000: Application time: 0.0006460 seconds
224.048: [GC224.048: [DefNew: 3825K->392K(4288K), 0.0008990 secs] 7011K->6702K(13888K), 0.0009240 secs] [Times: user=0.00 sys=0.00, real=0.00 secs] 
224.049: Total time for which application threads were stopped: 0.0483710 seconds, Stopping threads took: 0.0473780 seconds
224.049: Application time: 0.0004550 seconds
224.082: [GC224.082: [DefNew: 4213K->4213K(4288K), 0.0000070 secs]224.082: [Tenured: 6310K->7580K(9600K), 0.0063030 secs] 10524K->7580K(13888K), [Perm : 5137K->5137K(21248K)], 0.0063480 secs] [Times: user=0.00 sys=0.00, real=0.01 secs] 
224.089: Total time for which application threads were stopped: 0.0392940 seconds, Stopping threads took: 0.0328810 seconds
224.160: Application time: 0.0715940 seconds
224.162: [GC224.162: [DefNew: 3805K->3805K(4288K), 0.0000100 secs]224.162: [Tenured: 7580K->2725K(9600K), 0.0053050 secs] 11385K->2725K(13888K), [Perm : 5137K->5137K(21248K)], 0.0053600 secs] [Times: user=0.01 sys=0.00, real=0.01 secs] 
224.168: Total time for which application threads were stopped: 0.0076390 seconds, Stopping threads took: 0.0021950 seconds
224.168: Application time: 0.0005260 seconds
224.169: [GC224.169: [DefNew: 3629K->391K(4288K), 0.0007830 secs] 6355K->6340K(13888K), 0.0008030 secs] [Times: user=0.00 sys=0.00, real=0.00 secs] 
224.170: Total time for which application threads were stopped: 0.0013580 seconds, Stopping threads took: 0.0004920 seconds
224.241: Application time: 0.0716940 seconds
224.243: [GC224.243: [DefNew: 4216K->4216K(4288K), 0.0000090 secs]224.243: [Tenured: 5948K->1554K(9600K), 0.0058750 secs] 10165K->1554K(13888K), [Perm : 5137K->5137K(21248K)], 0.0059240 secs] [Times: user=0.01 sys=0.00, real=0.01 secs] 
224.249: Total time for which application threads were stopped: 0.0078660 seconds, Stopping threads took: 0.0018650 seconds
224.250: Application time: 0.0006640 seconds
224.250: [GC224.250: [DefNew: 3767K->445K(4288K), 0.0008690 secs] 5322K->5157K(13888K), 0.0009020 secs] [Times: user=0.01 sys=0.00, real=0.00 secs] 
224.251: Total time for which application threads were stopped: 0.0013200 seconds, Stopping threads took: 0.0003510 seconds
224.252: Application time: 0.0004890 seconds
224.298: [GC224.298: [DefNew: 4168K->390K(4288K), 0.0009190 secs] 8881K->8282K(13888K), 0.0009430 secs] [Times: user=0.00 sys=0.00, real=0.00 secs] 
224.298: Total time for which application threads were stopped: 0.0467300 seconds, Stopping threads took: 0.0457210 seconds
224.371: Application time: 0.0726950 seconds
224.372: [GC224.372: [DefNew: 4118K->4118K(4288K), 0.0000090 secs]224.372: [Tenured: 7891K->1721K(9600K), 0.0056860 secs] 12009K->1721K(13888K), [Perm : 5137K->5137K(21248K)], 0.0057490 secs] [Times: user=0.01 sys=0.00, real=0.01 secs] 
224.378: Total time for which application threads were stopped: 0.0067890 seconds, Stopping threads took: 0.0009620 seconds
224.379: Application time: 0.0006440 seconds
224.379: [GC224.379: [DefNew: 3725K->391K(4288K), 0.0008650 secs] 5446K->5433K(13584K), 0.0008810 secs] [Times: user=0.01 sys=0.00, real=0.00 secs] 
224.380: Total time for which application threads were stopped: 0.0012320 seconds, Stopping threads took: 0.0003100 seconds
224.381: Application time: 0.0008430 seconds
224.451: [GC224.451: [DefNew: 4212K->391K(4288K), 0.0004680 secs] 9254K->6410K(13584K), 0.0004910 secs] [Times: user=0.00 sys=0.00, real=0.00 secs] 
224.451: Total time for which application threads were stopped: 0.0704150 seconds, Stopping threads took: 0.0698590 seconds
224.451: Application time: 0.0003560 seconds
224.485: [GC224.485: [DefNew: 4216K->4216K(4288K), 0.0000070 secs]224.485: [Tenured: 6018K->4455K(9296K), 0.0060930 secs] 10235K->4455K(13584K), [Perm : 5137K->5137K(21248K)], 0.0061410 secs] [Times: user=0.01 sys=0.00, real=0.00 secs] 
224.492: Total time for which application threads were stopped: 0.0400550 seconds, Stopping threads took: 0.0338370 seconds
224.492: Application time: 0.0004890 seconds
224.537: [GC224.537: [DefNew: 3625K->391K(4288K), 0.0007560 secs] 8081K->7191K(13584K), 0.0007780 secs] [Times: user=0.00 sys=0.00, real=0.00 secs] 
224.538: Total time for which application threads were stopped: 0.0460620 seconds, Stopping threads took: 0.0452110 seconds
224.539: Application time: 0.0006300 seconds
224.587: [GC224.587: [DefNew: 4093K->4093K(4288K), 0.0000070 secs]224.587: [Tenured: 6799K->6339K(9296K), 0.0066370 secs] 10893K->6339K(13584K), [Perm : 5137K->5137K(21248K)], 0.0066930 secs] [Times: user=0.01 sys=0.00, real=0.01 secs] 
224.594: Total time for which application threads were stopped: 0.0550440 seconds, Stopping threads took: 0.0482760 seconds
224.667: Application time: 0.0730660 seconds
224.668: [GC224.668: [DefNew: 3825K->3825K(4288K), 0.0000090 secs]224.668: [Tenured: 6339K->1554K(9600K), 0.0057760 secs] 10164K->1554K(13888K), [Perm : 5137K->5137K(21248K)], 0.0058250 secs] [Times: user=0.00 sys=0.00, real=0.01 secs] 
224.674: Total time for which application threads were stopped: 0.0068290 seconds, Stopping threads took: 0.0009240 seconds
224.674: Application time: 0.0005380 seconds
224.674: [GC224.675: [DefNew: 3727K->392K(4288K), 0.0008530 secs] 5282K->5267K(13888K), 0.0008750 secs] [Times: user=0.00 sys=0.00, real=0.00 secs] 
224.675: Total time for which application threads were stopped: 0.0012030 seconds, Stopping threads took: 0.0002600 seconds
224.677: Application time: 0.0012770 seconds
224.746: [GC224.746: [DefNew: 4213K->195K(4288K), 0.0003870 secs] 9088K->5852K(13888K), 0.0004110 secs] [Times: user=0.01 sys=0.00, real=0.00 secs] 
224.746: Total time for which application threads were stopped: 0.0696830 seconds, Stopping threads took: 0.0692040 seconds
224.747: Application time: 0.0003320 seconds
224.793: [GC224.793: [DefNew: 3826K->391K(4288K), 0.0008140 secs] 9482K->8880K(13888K), 0.0008370 secs] [Times: user=0.00 sys=0.00, real=0.00 secs] 
224.794: Total time for which application threads were stopped: 0.0472780 seconds, Stopping threads took: 0.0463670 seconds
224.795: Application time: 0.0008590 seconds
224.849: [GC224.849: [DefNew: 4210K->4210K(4288K), 0.0000090 secs]224.849: [Tenured: 8489K->4650K(9600K), 0.0062790 secs] 12700K->4650K(13888K), [Perm : 5137K->5137K(21248K)], 0.0063310 secs] [Times: user=0.01 sys=0.00, real=0.01 secs] 
224.855: Total time for which application threads were stopped: 0.0601150 seconds, Stopping threads took: 0.0537040 seconds
224.856: Application time: 0.0007010 seconds
224.921: [GC224.921: [DefNew: 3727K->391K(4288K), 0.0008420 secs] 8378K->7386K(13888K), 0.0008690 secs] [Times: user=0.00 sys=0.00, real=0.00 secs] 
224.922: Total time for which application threads were stopped: 0.0663410 seconds, Stopping threads took: 0.0654000 seconds
224.922: Application time: 0.0004360 seconds
224.955: [GC224.955: [DefNew: 4211K->4211K(4288K), 0.0000060 secs]224.955: [Tenured: 6994K->6798K(9600K), 0.0067850 secs] 11205K->6798K(13888K), [Perm : 5137K->5137K(21248K)], 0.0068290 secs] [Times: user=0.01 sys=0.00, real=0.00 secs] 
224.962: Total time for which application threads were stopped: 0.0398550 seconds, Stopping threads took: 0.0329730 seconds
225.035: Application time: 0.0727900 seconds
225.036: [GC225.036: [DefNew: 3727K->3727K(4288K), 0.0000090 secs]225.036: [Tenured: 6798K->1916K(9600K), 0.0058910 secs] 10526K->1916K(13888K), [Perm : 5137K->5137K(21248K)], 0.0059440 secs] [Times: user=0.01 sys=0.00, real=0.00 secs] 
225.042: Total time for which application threads were stopped: 0.0068750 seconds, Stopping threads took: 0.0008500 seconds
225.043: Application time: 0.0006180 seconds
225.043: [GC225.043: [DefNew: 3727K->391K(4288K), 0.0008470 secs] 5644K->5629K(13888K), 0.0008640 secs] [Times: user=0.00 sys=0.00, real=0.00 secs] 
225.044: Total time for which application threads were stopped: 0.0012720 seconds, Stopping threads took: 0.0003420 seconds
225.046: Application time: 0.0017340 seconds
225.116: [GC225.116: [DefNew: 4119K->391K(4288K), 0.0004590 secs] 9356K->6410K(13888K), 0.0004840 secs] [Times: user=0.00 sys=0.00, real=0.00 secs] 
225.116: Total time for which application threads were stopped: 0.0706120 seconds, Stopping threads took: 0.0700600 seconds
225.117: Application time: 0.0003880 seconds
225.150: [GC225.150: [DefNew: 4119K->4119K(4288K), 0.0000070 secs]225.150: [Tenured: 6019K->4455K(9600K), 0.0062670 secs] 10138K->4455K(13888K), [Perm : 5137K->5137K(21248K)], 0.0063140 secs] [Times: user=0.01 sys=0.00, real=0.01 secs] 
225.156: Total time for which application threads were stopped: 0.0396890 seconds, Stopping threads took: 0.0333180 seconds
225.157: Application time: 0.0005620 seconds
225.190: [GC225.190: [DefNew: 3801K->419K(4288K), 0.0008390 secs] 8257K->7610K(13888K), 0.0008580 secs] [Times: user=0.00 sys=0.00, real=0.00 secs] 
225.191: Total time for which application threads were stopped: 0.0343510 seconds, Stopping threads took: 0.0334250 seconds
225.192: Application time: 0.0009390 seconds
225.262: [GC225.262: [DefNew: 4245K->4245K(4288K), 0.0000080 secs]225.262: [Tenured: 7190K->3381K(9600K), 0.0056010 secs] 11435K->3381K(13888K), [Perm : 5137K->5137K(21248K)], 0.0056640 secs] [Times: user=0.00 sys=0.00, real=0.01 secs] 
225.268: Total time for which application threads were stopped: 0.0757670 seconds, Stopping threads took: 0.0700220 seconds
225.268: Application time: 0.0005540 seconds
225.302: [GC225.302: [DefNew: 3825K->391K(4288K), 0.0009730 secs] 7206K->7093K(13888K), 0.0010000 secs] [Times: user=0.00 sys=0.00, real=0.00 secs] 
225.303: Total time for which application threads were stopped: 0.0346190 seconds, Stopping threads took: 0.0335480 seconds
225.304: Application time: 0.0004520 seconds
225.367: [GC225.367: [DefNew: 4117K->4117K(4288K), 0.0000070 secs]225.367: [Tenured: 6701K->4455K(9600K), 0.0058270 secs] 10818K->4455K(13888K), [Perm : 5137K->5137K(21248K)], 0.0058750 secs] [Times: user=0.01 sys=0.00, real=0.01 secs] 
225.372: Total time for which application threads were stopped: 0.0688890 seconds, Stopping threads took: 0.0629370 seconds
225.373: Application time: 0.0004560 seconds
225.438: [GC225.438: [DefNew: 3532K->392K(4288K), 0.0007100 secs] 7987K->6800K(13888K), 0.0007400 secs] [Times: user=0.00 sys=0.00, real=0.00 secs] 
225.439: Total time for which application threads were stopped: 0.0657800 seconds, Stopping threads took: 0.0649720 seconds
225.439: Application time: 0.0003360 seconds
225.440: [GC225.440: [DefNew: 3916K->3916K(4288K), 0.0000060 secs]225.440: [Tenured: 6408K->7189K(9600K), 0.0063450 secs] 10324K->7189K(13888K), [Perm : 5137K->5137K(21248K)], 0.0063910 secs] [Times: user=0.00 sys=0.00, real=0.01 secs] 
225.446: Total time for which application threads were stopped: 0.0071790 seconds, Stopping threads took: 0.0007100 seconds
225.527: Application time: 0.0807180 seconds
225.532: [GC225.532: [DefNew: 3727K->3727K(4288K), 0.0000100 secs]225.532: [Tenured: 7189K->2307K(9600K), 0.0052490 secs] 10917K->2307K(13888K), [Perm : 5137K->5137K(21248K)], 0.0053040 secs] [Times: user=0.01 sys=0.00, real=0.01 secs] 
225.537: Total time for which application threads were stopped: 0.0102770 seconds, Stopping threads took: 0.0048910 seconds
225.538: Application time: 0.0005100 seconds
225.571: [GC225.571: [DefNew: 3708K->420K(4288K), 0.0008000 secs] 6015K->5657K(13888K), 0.0008210 secs] [Times: user=0.00 sys=0.00, real=0.00 secs] 
225.572: Total time for which application threads were stopped: 0.0340690 seconds, Stopping threads took: 0.0331770 seconds
225.572: Application time: 0.0006210 seconds
225.620: [GC225.620: [DefNew: 4243K->390K(4288K), 0.0010590 secs] 9480K->9172K(13888K), 0.0010840 secs] [Times: user=0.00 sys=0.00, real=0.00 secs] 
225.621: Total time for which application threads were stopped: 0.0484340 seconds, Stopping threads took: 0.0472830 seconds
225.693: Application time: 0.0723990 seconds
225.694: [GC225.694: [DefNew: 4118K->4118K(4288K), 0.0000090 secs]225.694: [Tenured: 8782K->2697K(9600K), 0.0053230 secs] 12900K->2697K(13888K), [Perm : 5137K->5137K(21248K)], 0.0053760 secs] [Times: user=0.01 sys=0.00, real=0.00 secs] 
225.700: Total time for which application threads were stopped: 0.0063430 seconds, Stopping threads took: 0.0008850 seconds
225.700: Application time: 0.0005760 seconds
225.734: [GC225.734: [DefNew: 3823K->391K(4288K), 0.0009050 secs] 6521K->6214K(13888K), 0.0016840 secs] [Times: user=0.00 sys=0.00, real=0.00 secs] 
225.736: Total time for which application threads were stopped: 0.0357170 seconds, Stopping threads took: 0.0339580 seconds
225.737: Application time: 0.0014350 seconds
225.807: [GC225.807: [DefNew: 4212K->4212K(4288K), 0.0000080 secs]225.807: [Tenured: 5823K->4943K(9600K), 0.0059870 secs] 10036K->4943K(13888K), [Perm : 5137K->5137K(21248K)], 0.0060320 secs] [Times: user=0.01 sys=0.00, real=0.01 secs] 
225.813: Total time for which application threads were stopped: 0.0753960 seconds, Stopping threads took: 0.0692870 seconds
225.814: Application time: 0.0010300 seconds
225.884: [GC225.884: [DefNew: 3825K->391K(4288K), 0.0010410 secs] 8769K->8069K(13888K), 0.0010740 secs] [Times: user=0.00 sys=0.00, real=0.01 secs] 
225.885: Total time for which application threads were stopped: 0.0713210 seconds, Stopping threads took: 0.0701690 seconds
225.886: Application time: 0.0008630 seconds
225.950: [GC225.950: [DefNew: 4080K->4080K(4288K), 0.0000080 secs]225.950: [Tenured: 7678K->3731K(9600K), 0.0057820 secs] 11758K->3731K(13888K), [Perm : 5137K->5137K(21248K)], 0.0058330 secs] [Times: user=0.01 sys=0.00, real=0.01 secs] 
225.956: Total time for which application threads were stopped: 0.0700340 seconds, Stopping threads took: 0.0641420 seconds
225.956: Application time: 0.0005330 seconds
226.005: [GC226.005: [DefNew: 3723K->391K(4288K), 0.0008070 secs] 7455K->6857K(13888K), 0.0008280 secs] [Times: user=0.00 sys=0.00, real=0.00 secs] 
226.006: Total time for which application threads were stopped: 0.0492380 seconds, Stopping threads took: 0.0483650 seconds
226.006: Application time: 0.0006020 seconds
226.062: [GC226.062: [DefNew: 4214K->4214K(4288K), 0.0000070 secs]226.062: [Tenured: 6465K->5879K(9600K), 0.0053180 secs] 10680K->5879K(13888K), [Perm : 5137K->5137K(21248K)], 0.0053750 secs] [Times: user=0.00 sys=0.00, real=0.01 secs] 
226.067: Total time for which application threads were stopped: 0.0610830 seconds, Stopping threads took: 0.0556390 seconds
226.068: Application time: 0.0009800 seconds
226.138: [GC226.138: [DefNew: 3825K->3825K(4288K), 0.0000080 secs]226.138: [Tenured: 5879K->4260K(9600K), 0.0057240 secs] 9705K->4260K(13888K), [Perm : 5137K->5137K(21248K)], 0.0057750 secs] [Times: user=0.00 sys=0.00, real=0.00 secs] 
226.144: Total time for which application threads were stopped: 0.0754850 seconds, Stopping threads took: 0.0696190 seconds
226.145: Application time: 0.0007350 seconds
226.201: [GC226.201: [DefNew: 3708K->420K(4288K), 0.0009280 secs] 7968K->7610K(13888K), 0.0009530 secs] [Times: user=0.00 sys=0.00, real=0.00 secs] 
226.202: Total time for which application threads were stopped: 0.0577260 seconds, Stopping threads took: 0.0567230 seconds
226.203: Application time: 0.0004100 seconds
226.262: [GC226.262: [DefNew: 4147K->4147K(4288K), 0.0000080 secs]226.262: [Tenured: 7190K->4093K(9600K), 0.0063990 secs] 11337K->4093K(13888K), [Perm : 5137K->5137K(21248K)], 0.0064440 secs] [Times: user=0.01 sys=0.00, real=0.01 secs] 
226.269: Total time for which application threads were stopped: 0.0659580 seconds, Stopping threads took: 0.0594380 seconds
226.269: Application time: 0.0006720 seconds
226.303: [GC226.303: [DefNew: 3684K->440K(4288K), 0.0008140 secs] 7778K->7374K(13888K), 0.0008380 secs] [Times: user=0.00 sys=0.00, real=0.00 secs] 
226.304: Total time for which application threads were stopped: 0.0342060 seconds, Stopping threads took: 0.0333210 seconds
226.376: Application time: 0.0722440 seconds
226.377: [GC226.377: [DefNew: 4265K->4265K(4288K), 0.0000090 secs]226.377: [Tenured: 6934K->1806K(9600K), 0.0051910 secs] 11199K->1806K(13888K), [Perm : 5137K->5137K(21248K)], 0.0052410 secs] [Times: user=0.01 sys=0.00, real=0.00 secs] 
226.382: Total time for which application threads were stopped: 0.0061640 seconds, Stopping threads took: 0.0008540 seconds
226.383: Application time: 0.0005880 seconds
226.383: [GC226.383: [DefNew: 3833K->400K(4288K), 0.0009130 secs] 5640K->5625K(13888K), 0.0009350 secs] [Times: user=0.00 sys=0.00, real=0.00 secs] 
226.384: Total time for which application threads were stopped: 0.0013280 seconds, Stopping threads took: 0.0003260 seconds
226.385: Application time: 0.0010070 seconds
226.455: [GC226.455: [DefNew: 4192K->419K(4288K), 0.0005050 secs] 9417K->6621K(13888K), 0.0005300 secs] [Times: user=0.00 sys=0.00, real=0.00 secs] 
226.455: Total time for which application threads were stopped: 0.0703110 seconds, Stopping threads took: 0.0697120 seconds
226.456: Application time: 0.0003930 seconds
226.490: [GC226.490: [DefNew: 4245K->4245K(4288K), 0.0000070 secs]226.490: [Tenured: 6202K->4570K(9600K), 0.0059710 secs] 10447K->4570K(13888K), [Perm : 5137K->5137K(21248K)], 0.0060160 secs] [Times: user=0.00 sys=0.00, real=0.01 secs] 
226.496: Total time for which application threads were stopped: 0.0401660 seconds, Stopping threads took: 0.0340950 seconds
226.496: Application time: 0.0006320 seconds
226.497: [GC226.497: [DefNew: 3721K->391K(4288K), 0.0008500 secs] 8291K->8281K(13888K), 0.0008720 secs] [Times: user=0.00 sys=0.00, real=0.00 secs] 
226.498: Total time for which application threads were stopped: 0.0011600 seconds, Stopping threads took: 0.0002410 seconds
226.570: Application time: 0.0728450 seconds
226.605: [GC226.605: [DefNew: 4216K->4216K(4288K), 0.0000100 secs]226.605: [Tenured: 7890K->2307K(9600K), 0.0059570 secs] 12106K->2307K(13888K), [Perm : 5137K->5137K(21248K)], 0.0060120 secs] [Times: user=0.01 sys=0.00, real=0.00 secs] 
226.611: Total time for which application threads were stopped: 0.0401230 seconds, Stopping threads took: 0.0340300 seconds
226.611: Application time: 0.0006040 seconds
226.612: [GC226.612: [DefNew: 3723K->391K(4288K), 0.0008630 secs] 6031K->6020K(13888K), 0.0008810 secs] [Times: user=0.00 sys=0.00, real=0.01 secs] 
226.613: Total time for which application threads were stopped: 0.0014910 seconds, Stopping threads took: 0.0005410 seconds
226.613: Application time: 0.0008240 seconds
226.684: [GC226.684: [DefNew: 4216K->4216K(4288K), 0.0000080 secs]226.684: [Tenured: 5628K->3382K(9600K), 0.0062430 secs] 9845K->3382K(13888K), [Perm : 5137K->5137K(21248K)], 0.0062890 secs] [Times: user=0.00 sys=0.00, real=0.01 secs] 
226.690: Total time for which application threads were stopped: 0.0763670 seconds, Stopping threads took: 0.0699940 seconds
226.691: Application time: 0.0006860 seconds
226.724: [GC226.724: [DefNew: 3630K->391K(4288K), 0.0009130 secs] 7012K->6899K(13888K), 0.0009380 secs] [Times: user=0.00 sys=0.00, real=0.01 secs] 
226.725: Total time for which application threads were stopped: 0.0346640 seconds, Stopping threads took: 0.0336560 seconds
226.726: Application time: 0.0005370 seconds
226.788: [GC226.788: [DefNew: 4212K->4212K(4288K), 0.0000070 secs]226.788: [Tenured: 6507K->5432K(9600K), 0.0065570 secs] 10720K->5432K(13888K), [Perm : 5137K->5137K(21248K)], 0.0066000 secs] [Times: user=0.01 sys=0.00, real=0.01 secs] 
226.794: Total time for which application threads were stopped: 0.0686860 seconds, Stopping threads took: 0.0620100 seconds
226.795: Application time: 0.0009170 seconds
226.866: [GC226.866: [DefNew: 3825K->391K(4288K), 0.0008780 secs] 9257K->7972K(13888K), 0.0009100 secs] [Times: user=0.00 sys=0.00, real=0.00 secs] 
226.867: Total time for which application threads were stopped: 0.0713860 seconds, Stopping threads took: 0.0703970 seconds
226.867: Application time: 0.0004360 seconds
226.930: [GC226.930: [DefNew: 4216K->4216K(4288K), 0.0000070 secs]226.930: [Tenured: 7581K->4456K(9600K), 0.0056900 secs] 11798K->4456K(13888K), [Perm : 5137K->5137K(21248K)], 0.0057380 secs] [Times: user=0.01 sys=0.00, real=0.01 secs] 
226.936: Total time for which application threads were stopped: 0.0690590 seconds, Stopping threads took: 0.0632410 seconds
226.937: Application time: 0.0004620 seconds
226.971: [GC226.971: [DefNew: 3823K->391K(4288K), 0.0008600 secs] 8279K->7972K(13888K), 0.0008800 secs] [Times: user=0.00 sys=0.00, real=0.00 secs] 
226.972: Total time for which application threads were stopped: 0.0350390 seconds, Stopping threads took: 0.0340930 seconds
227.044: Application time: 0.0720320 seconds
227.048: [GC227.048: [DefNew: 4216K->4216K(4288K), 0.0000090 secs]227.048: [Tenured: 7581K->2405K(9600K), 0.0052950 secs] 11798K->2405K(13888K), [Perm : 5137K->5137K(21248K)], 0.0053500 secs] [Times: user=0.01 sys=0.00, real=0.01 secs] 
227.053: Total time for which application threads were stopped: 0.0096810 seconds, Stopping threads took: 0.0042700 seconds
227.054: Application time: 0.0005240 seconds
227.100: [GC227.100: [DefNew: 3727K->392K(4288K), 0.0008500 secs] 6133K->6117K(13888K), 0.0008690 secs] [Times: user=0.00 sys=0.00, real=0.00 secs] 
227.101: Total time for which application threads were stopped: 0.0472000 seconds, Stopping threads took: 0.0462860 seconds
227.102: Application time: 0.0007040 seconds
227.135: [GC227.135: [DefNew: 4113K->4113K(4288K), 0.0000060 secs]227.135: [Tenured: 5725K->6604K(9600K), 0.0061280 secs] 9839K->6604K(13888K), [Perm : 5137K->5137K(21248K)], 0.0061750 secs] [Times: user=0.01 sys=0.00, real=0.00 secs] 
227.142: Total time for which application threads were stopped: 0.0397280 seconds, Stopping threads took: 0.0334760 seconds
227.213: Application time: 0.0714070 seconds
227.215: [GC227.215: [DefNew: 3727K->3727K(4288K), 0.0000090 secs]227.215: [Tenured: 6604K->1721K(9600K), 0.0058310 secs] 10332K->1721K(13888K), [Perm : 5137K->5137K(21248K)], 0.0058810 secs] [Times: user=0.00 sys=0.00, real=0.00 secs] 
227.220: Total time for which application threads were stopped: 0.0074470 seconds, Stopping threads took: 0.0014930 seconds
227.221: Application time: 0.0006360 seconds
227.221: [GC227.221: [DefNew: 3757K->424K(4288K), 0.0008960 secs] 5479K->5467K(13888K), 0.0009180 secs] [Times: user=0.00 sys=0.00, real=0.00 secs] 
227.222: Total time for which application threads were stopped: 0.0012220 seconds, Stopping threads took: 0.0002570 seconds
227.223: Application time: 0.0008330 seconds
227.287: [GC227.287: [DefNew: 4094K->321K(4288K), 0.0005230 secs] 9136K->6732K(13888K), 0.0005550 secs] [Times: user=0.00 sys=0.00, real=0.00 secs] 
227.287: Total time for which application threads were stopped: 0.0641020 seconds, Stopping threads took: 0.0634900 seconds
227.288: Application time: 0.0003470 seconds
227.351: [GC227.351: [DefNew: 3952K->3952K(4288K), 0.0000070 secs]227.351: [Tenured: 6410K->4094K(9600K), 0.0061200 secs] 10362K->4094K(13888K), [Perm : 5137K->5137K(21248K)], 0.0061660 secs] [Times: user=0.01 sys=0.00, real=0.01 secs] 
227.357: Total time for which application threads were stopped: 0.0691410 seconds, Stopping threads took: 0.0628970 seconds
227.357: Application time: 0.0004480 seconds
227.358: [GC227.358: [DefNew: 3819K->293K(4288K), 0.0008970 secs] 7913K->7903K(13888K), 0.0009160 secs] [Times: user=0.00 sys=0.00, real=0.00 secs] 
227.359: Total time for which application threads were stopped: 0.0014120 seconds, Stopping threads took: 0.0004340 seconds
227.431: Application time: 0.0719140 seconds
227.466: [GC227.466: [DefNew: 4021K->4021K(4288K), 0.0000090 secs]227.466: [Tenured: 7610K->1917K(9600K), 0.0052140 secs] 11631K->1917K(13888K), [Perm : 5137K->5137K(21248K)], 0.0052690 secs] [Times: user=0.01 sys=0.00, real=0.00 secs] 
227.471: Total time for which application threads were stopped: 0.0407860 seconds, Stopping threads took: 0.0354360 seconds
227.472: Application time: 0.0005690 seconds
227.472: [GC227.472: [DefNew: 3725K->391K(4288K), 0.0008250 secs] 5643K->5629K(13888K), 0.0008430 secs] [Times: user=0.00 sys=0.00, real=0.00 secs] 
227.473: Total time for which application threads were stopped: 0.0013290 seconds, Stopping threads took: 0.0004220 seconds
227.474: Application time: 0.0006990 seconds
227.538: [GC227.538: [DefNew: 4119K->391K(4288K), 0.0008970 secs] 9356K->8168K(13888K), 0.0009230 secs] [Times: user=0.00 sys=0.00, real=0.00 secs] 
227.539: Total time for which application threads were stopped: 0.0648590 seconds, Stopping threads took: 0.0638860 seconds
227.540: Application time: 0.0007530 seconds
227.593: [GC227.593: [DefNew: 4118K->4118K(4288K), 0.0000070 secs]227.593: [Tenured: 7777K->4455K(9600K), 0.0056530 secs] 11896K->4455K(13888K), [Perm : 5137K->5137K(21248K)], 0.0056990 secs] [Times: user=0.01 sys=0.00, real=0.00 secs] 
227.599: Total time for which application threads were stopped: 0.0591980 seconds, Stopping threads took: 0.0534230 seconds
227.599: Application time: 0.0005910 seconds
227.667: [GC227.667: [DefNew: 3805K->420K(4288K), 0.0007940 secs] 8261K->7024K(13888K), 0.0008200 secs] [Times: user=0.00 sys=0.00, real=0.00 secs] 
227.668: Total time for which application threads were stopped: 0.0685280 seconds, Stopping threads took: 0.0676350 seconds
227.668: Application time: 0.0003540 seconds
227.702: [GC227.702: [DefNew: 4245K->4245K(4288K), 0.0000060 secs]227.702: [Tenured: 6604K->4484K(9600K), 0.0059030 secs] 10850K->4484K(13888K), [Perm : 5137K->5137K(21248K)], 0.0059490 secs] [Times: user=0.00 sys=0.00, real=0.01 secs] 
227.708: Total time for which application threads were stopped: 0.0393830 seconds, Stopping threads took: 0.0333570 seconds
227.708: Application time: 0.0006520 seconds
227.742: [GC227.742: [DefNew: 3721K->391K(4288K), 0.0008320 secs] 8206K->7610K(13888K), 0.0008580 secs] [Times: user=0.00 sys=0.00, real=0.00 secs] 
227.742: Total time for which application threads were stopped: 0.0341220 seconds, Stopping threads took: 0.0331850 seconds
227.743: Application time: 0.0008320 seconds
227.813: [GC227.813: [DefNew: 4216K->4216K(4288K), 0.0000090 secs]227.813: [Tenured: 7219K->3410K(9600K), 0.0058610 secs] 11435K->3410K(13888K), [Perm : 5137K->5137K(21248K)], 0.0059120 secs] [Times: user=0.00 sys=0.00, real=0.00 secs] 
227.819: Total time for which application threads were stopped: 0.0760680 seconds, Stopping threads took: 0.0700760 seconds
227.820: Application time: 0.0006260 seconds
227.854: [GC227.854: [DefNew: 3678K->440K(4288K), 0.0011400 secs] 7088K->6976K(13888K), 0.0011720 secs] [Times: user=0.00 sys=0.00, real=0.00 secs] 
227.855: Total time for which application threads were stopped: 0.0355200 seconds, Stopping threads took: 0.0342850 seconds
227.856: Application time: 0.0004330 seconds
227.919: [GC227.919: [DefNew: 4098K->4098K(4288K), 0.0000070 secs]227.919: [Tenured: 6535K->4163K(9600K), 0.0056910 secs] 10634K->4163K(13888K), [Perm : 5137K->5137K(21248K)], 0.0057390 secs] [Times: user=0.00 sys=0.00, real=0.01 secs] 
227.925: Total time for which application threads were stopped: 0.0687110 seconds, Stopping threads took: 0.0629060 seconds
227.925: Application time: 0.0005830 seconds
227.974: [GC227.974: [DefNew: 3806K->420K(4288K), 0.0009250 secs] 7969K->7318K(13888K), 0.0009520 secs] [Times: user=0.00 sys=0.00, real=0.00 secs] 
227.975: Total time for which application threads were stopped: 0.0494340 seconds, Stopping threads took: 0.0484090 seconds
227.975: Application time: 0.0005650 seconds
228.027: [GC228.027: [DefNew: 4243K->4243K(4288K), 0.0000070 secs]228.027: [Tenured: 6897K->5265K(9600K), 0.0060860 secs] 11141K->5265K(13888K), [Perm : 5137K->5137K(21248K)], 0.0061300 secs] [Times: user=0.01 sys=0.00, real=0.01 secs] 
228.033: Total time for which application threads were stopped: 0.0579200 seconds, Stopping threads took: 0.0517170 seconds
228.034: Application time: 0.0009830 seconds
228.104: [GC228.104: [DefNew: 3805K->420K(4288K), 0.0007300 secs] 9071K->7541K(13888K), 0.0007590 secs] [Times: user=0.01 sys=0.00, real=0.00 secs] 
228.105: Total time for which application threads were stopped: 0.0710120 seconds, Stopping threads took: 0.0701970 seconds
228.106: Application time: 0.0004310 seconds
228.138: [GC228.138: [DefNew: 3933K->3933K(4288K), 0.0000060 secs]228.138: [Tenured: 7121K->4932K(9600K), 0.0058440 secs] 11054K->4932K(13888K), [Perm : 5137K->5137K(21248K)], 0.0058890 secs] [Times: user=0.01 sys=0.00, real=0.00 secs] 
228.144: Total time for which application threads were stopped: 0.0387640 seconds, Stopping threads took: 0.0327870 seconds
228.145: Application time: 0.0005240 seconds
228.200: [GC228.200: [DefNew: 3823K->391K(4288K), 0.0008650 secs] 8755K->7862K(13888K), 0.0008930 secs] [Times: user=0.00 sys=0.00, real=0.00 secs] 
228.200: Total time for which application threads were stopped: 0.0556360 seconds, Stopping threads took: 0.0546720 seconds
228.201: Application time: 0.0007910 seconds
228.271: [GC228.271: [DefNew: 4216K->4216K(4288K), 0.0000080 secs]228.271: [Tenured: 7471K->3955K(9600K), 0.0063310 secs] 11688K->3955K(13888K), [Perm : 5137K->5137K(21248K)], 0.0063770 secs] [Times: user=0.00 sys=0.00, real=0.01 secs] 
228.278: Total time for which application threads were stopped: 0.0764130 seconds, Stopping threads took: 0.0699500 seconds
228.278: Application time: 0.0005730 seconds
228.312: [GC228.312: [DefNew: 3708K->420K(4288K), 0.0008350 secs] 7664K->6915K(13888K), 0.0008620 secs] [Times: user=0.00 sys=0.00, real=0.01 secs] 
228.313: Total time for which application threads were stopped: 0.0346110 seconds, Stopping threads took: 0.0336770 seconds
228.313: Application time: 0.0004010 seconds
228.348: [GC228.348: [DefNew: 4126K->4126K(4288K), 0.0000060 secs]228.348: [Tenured: 6494K->5726K(9600K), 0.0060410 secs] 10621K->5726K(13888K), [Perm : 5137K->5137K(21248K)], 0.0060880 secs] [Times: user=0.01 sys=0.00, real=0.01 secs] 
228.354: Total time for which application threads were stopped: 0.0408440 seconds, Stopping threads took: 0.0346990 seconds
228.355: Application time: 0.0009580 seconds
228.425: [GC228.425: [DefNew: 3825K->391K(4288K), 0.0006300 secs] 9551K->7484K(13888K), 0.0006600 secs] [Times: user=0.00 sys=0.00, real=0.00 secs] 
228.426: Total time for which application threads were stopped: 0.0705580 seconds, Stopping threads took: 0.0698240 seconds
228.426: Application time: 0.0004000 seconds
228.459: [GC228.459: [DefNew: 3923K->3923K(4288K), 0.0000060 secs]228.459: [Tenured: 7093K->4457K(9600K), 0.0057080 secs] 11017K->4457K(13888K), [Perm : 5137K->5137K(21248K)], 0.0057500 secs] [Times: user=0.01 sys=0.00, real=0.01 secs] 
228.465: Total time for which application threads were stopped: 0.0389360 seconds, Stopping threads took: 0.0331030 seconds
228.465: Application time: 0.0004780 seconds
228.499: [GC228.499: [DefNew: 3719K->391K(4288K), 0.0008050 secs] 8176K->7582K(13888K), 0.0008280 secs] [Times: user=0.00 sys=0.00, real=0.00 secs] 
228.500: Total time for which application threads were stopped: 0.0343070 seconds, Stopping threads took: 0.0334110 seconds
228.501: Application time: 0.0008840 seconds
228.571: [GC228.571: [DefNew: 4216K->4216K(4288K), 0.0000080 secs]228.571: [Tenured: 7191K->3382K(9600K), 0.0062260 secs] 11407K->3382K(13888K), [Perm : 5137K->5137K(21248K)], 0.0062780 secs] [Times: user=0.00 sys=0.00, real=0.01 secs] 
228.577: Total time for which application threads were stopped: 0.0763920 seconds, Stopping threads took: 0.0700360 seconds
228.578: Application time: 0.0005430 seconds
228.611: [GC228.611: [DefNew: 3825K->391K(4288K), 0.0009710 secs] 7208K->7095K(13888K), 0.0009960 secs] [Times: user=0.01 sys=0.00, real=0.00 secs] 
228.612: Total time for which application threads were stopped: 0.0345490 seconds, Stopping threads took: 0.0334750 seconds
228.613: Application time: 0.0004540 seconds
228.677: [GC228.677: [DefNew: 4117K->4117K(4288K), 0.0000070 secs]228.677: [Tenured: 6703K->4456K(9600K), 0.0056660 secs] 10820K->4456K(13888K), [Perm : 5137K->5137K(21248K)], 0.0057110 secs] [Times: user=0.00 sys=0.00, real=0.00 secs] 
228.683: Total time for which application threads were stopped: 0.0701780 seconds, Stopping threads took: 0.0644030 seconds
228.683: Application time: 0.0004880 seconds
228.748: [GC228.748: [DefNew: 3532K->392K(4288K), 0.0007050 secs] 7988K->6801K(13888K), 0.0007300 secs] [Times: user=0.01 sys=0.00, real=0.00 secs] 
228.749: Total time for which application threads were stopped: 0.0658310 seconds, Stopping threads took: 0.0650500 seconds
228.749: Application time: 0.0003370 seconds
228.750: [GC228.750: [DefNew: 4113K->4113K(4288K), 0.0000070 secs]228.750: [Tenured: 6409K->7386K(9600K), 0.0062260 secs] 10523K->7386K(13888K), [Perm : 5137K->5137K(21248K)], 0.0062670 secs] [Times: user=0.01 sys=0.00, real=0.01 secs] 
228.756: Total time for which application threads were stopped: 0.0070560 seconds, Stopping threads took: 0.0007230 seconds
228.829: Application time: 0.0721810 seconds
228.831: [GC228.831: [DefNew: 3727K->3727K(4288K), 0.0000090 secs]228.831: [Tenured: 7386K->2503K(9600K), 0.0052030 secs] 11113K->2503K(13888K), [Perm : 5137K->5137K(21248K)], 0.0052580 secs] [Times: user=0.00 sys=0.00, real=0.01 secs] 
228.836: Total time for which application threads were stopped: 0.0075170 seconds, Stopping threads took: 0.0021920 seconds
228.837: Application time: 0.0005940 seconds
228.885: [GC228.885: [DefNew: 3628K->391K(4288K), 0.0009840 secs] 6131K->5825K(13888K), 0.0010110 secs] [Times: user=0.00 sys=0.00, real=0.00 secs] 
228.886: Total time for which application threads were stopped: 0.0494420 seconds, Stopping threads took: 0.0483760 seconds
228.887: Application time: 0.0005900 seconds
228.921: [GC228.921: [DefNew: 4113K->390K(4288K), 0.0009360 secs] 9546K->8950K(13888K), 0.0009590 secs] [Times: user=0.00 sys=0.00, real=0.00 secs] 
228.922: Total time for which application threads were stopped: 0.0352380 seconds, Stopping threads took: 0.0342120 seconds
228.994: Application time: 0.0718870 seconds
228.995: [GC228.995: [DefNew: 4118K->4118K(4288K), 0.0000090 secs]228.995: [Tenured: 8559K->1722K(9600K), 0.0058590 secs] 12677K->1722K(13888K), [Perm : 5137K->5137K(21248K)], 0.0059100 secs] [Times: user=0.01 sys=0.00, real=0.00 secs] 
229.001: Total time for which application threads were stopped: 0.0073470 seconds, Stopping threads took: 0.0013580 seconds
229.002: Application time: 0.0005990 seconds
229.002: [GC229.002: [DefNew: 3735K->400K(4288K), 0.0008940 secs] 5458K->5443K(13888K), 0.0009150 secs] [Times: user=0.01 sys=0.00, real=0.00 secs] 
229.003: Total time for which application threads were stopped: 0.0012750 seconds, Stopping threads took: 0.0003030 seconds
229.004: Application time: 0.0006780 seconds
229.067: [GC229.067: [DefNew: 4094K->419K(4288K), 0.0007540 secs] 9137K->7807K(13888K), 0.0007870 secs] [Times: user=0.00 sys=0.00, real=0.00 secs] 
229.067: Total time for which application threads were stopped: 0.0636300 seconds, Stopping threads took: 0.0627770 seconds
229.068: Application time: 0.0008360 seconds
229.137: [GC229.137: [DefNew: 4244K->4244K(4288K), 0.0000090 secs]229.137: [Tenured: 7387K->4289K(9600K), 0.0062110 secs] 11632K->4289K(13888K), [Perm : 5137K->5137K(21248K)], 0.0062650 secs] [Times: user=0.01 sys=0.00, real=0.00 secs] 
229.144: Total time for which application threads were stopped: 0.0754210 seconds, Stopping threads took: 0.0690760 seconds
229.144: Application time: 0.0005520 seconds
229.178: [GC229.178: [DefNew: 3825K->391K(4288K), 0.0009970 secs] 8115K->7806K(13888K), 0.0010240 secs] [Times: user=0.00 sys=0.00, real=0.00 secs] 
229.179: Total time for which application threads were stopped: 0.0344180 seconds, Stopping threads took: 0.0333190 seconds
229.179: Application time: 0.0003630 seconds
229.241: [GC229.241: [DefNew: 4119K->4119K(4288K), 0.0000060 secs]229.241: [Tenured: 7414K->4261K(9600K), 0.0064170 secs] 11534K->4261K(13888K), [Perm : 5137K->5137K(21248K)], 0.0064580 secs] [Times: user=0.01 sys=0.01, real=0.01 secs] 
229.247: Total time for which application threads were stopped: 0.0679830 seconds, Stopping threads took: 0.0614520 seconds
229.248: Application time: 0.0006280 seconds
229.281: [GC229.281: [DefNew: 3823K->391K(4288K), 0.0009080 secs] 8085K->7973K(13888K), 0.0009320 secs] [Times: user=0.00 sys=0.00, real=0.00 secs] 
229.282: Total time for which application threads were stopped: 0.0340100 seconds, Stopping threads took: 0.0330110 seconds
229.353: Application time: 0.0714060 seconds
229.357: [GC229.357: [DefNew: 4119K->4119K(4288K), 0.0000090 secs]229.357: [Tenured: 7582K->2504K(9600K), 0.0052760 secs] 11701K->2504K(13888K), [Perm : 5137K->5137K(21248K)], 0.0053280 secs] [Times: user=0.01 sys=0.00, real=0.00 secs] 
229.363: Total time for which application threads were stopped: 0.0093900 seconds, Stopping threads took: 0.0039740 seconds
229.363: Application time: 0.0006070 seconds
229.364: [GC229.364: [DefNew: 3532K->391K(4288K), 0.0007840 secs] 6036K->6021K(13888K), 0.0008020 secs] [Times: user=0.00 sys=0.00, real=0.01 secs] 
229.365: Total time for which application threads were stopped: 0.0013860 seconds, Stopping threads took: 0.0005210 seconds
229.366: Application time: 0.0015350 seconds
229.435: [GC229.435: [DefNew: 4214K->4214K(4288K), 0.0000080 secs]229.435: [Tenured: 5629K->4458K(9600K), 0.0060740 secs] 9844K->4458K(13888K), [Perm : 5137K->5137K(21248K)], 0.0061220 secs] [Times: user=0.00 sys=0.00, real=0.00 secs] 
229.442: Total time for which application threads were stopped: 0.0755050 seconds, Stopping threads took: 0.0693050 seconds
229.442: Application time: 0.0004810 seconds
229.476: [GC229.476: [DefNew: 3708K->420K(4288K), 0.0009350 secs] 8166K->7613K(13888K), 0.0009610 secs] [Times: user=0.00 sys=0.00, real=0.00 secs] 
229.477: Total time for which application threads were stopped: 0.0346510 seconds, Stopping threads took: 0.0336170 seconds
229.477: Application time: 0.0005570 seconds
229.478: [GC229.478: [DefNew: 4144K->4144K(4288K), 0.0000050 secs]229.478: [Tenured: 7192K->8195K(9600K), 0.0059380 secs] 11336K->8195K(13888K), [Perm : 5137K->5137K(21248K)], 0.0059840 secs] [Times: user=0.01 sys=0.00, real=0.00 secs] 
229.484: Total time for which application threads were stopped: 0.0063390 seconds, Stopping threads took: 0.0002910 seconds
229.556: Application time: 0.0724750 seconds
229.557: [GC229.557: [DefNew: 3825K->3825K(4288K), 0.0000100 secs]229.557: [Tenured: 8195K->3382K(9600K), 0.0062050 secs] 12020K->3382K(13888K), [Perm : 5137K->5137K(21248K)], 0.0062600 secs] [Times: user=0.01 sys=0.00, real=0.00 secs] 
229.563: Total time for which application threads were stopped: 0.0070580 seconds, Stopping threads took: 0.0007140 seconds
229.564: Application time: 0.0005620 seconds
229.613: [GC229.613: [DefNew: 3727K->391K(4288K), 0.0008800 secs] 7110K->6801K(13888K), 0.0009080 secs] [Times: user=0.00 sys=0.00, real=0.00 secs] 
229.614: Total time for which application threads were stopped: 0.0501730 seconds, Stopping threads took: 0.0492010 seconds
229.615: Application time: 0.0006530 seconds
229.648: [GC229.648: [DefNew: 4214K->4214K(4288K), 0.0000070 secs]229.648: [Tenured: 6410K->6605K(9600K), 0.0066700 secs] 10625K->6605K(13888K), [Perm : 5137K->5137K(21248K)], 0.0067180 secs] [Times: user=0.01 sys=0.00, real=0.01 secs] 
229.654: Total time for which application threads were stopped: 0.0398970 seconds, Stopping threads took: 0.0331000 seconds
229.726: Application time: 0.0714320 seconds
229.728: [GC229.728: [DefNew: 3727K->3727K(4288K), 0.0000090 secs]229.728: [Tenured: 6605K->1722K(9600K), 0.0059220 secs] 10332K->1722K(13888K), [Perm : 5137K->5137K(21248K)], 0.0059740 secs] [Times: user=0.01 sys=0.00, real=0.01 secs] 
229.734: Total time for which application threads were stopped: 0.0078310 seconds, Stopping threads took: 0.0017780 seconds
229.734: Application time: 0.0006460 seconds
229.735: [GC229.735: [DefNew: 3725K->392K(4288K), 0.0008460 secs] 5448K->5435K(13888K), 0.0008630 secs] [Times: user=0.00 sys=0.00, real=0.00 secs] 
229.736: Total time for which application threads were stopped: 0.0012500 seconds, Stopping threads took: 0.0003260 seconds
229.737: Application time: 0.0011640 seconds
229.799: [GC229.799: [DefNew: 4215K->293K(4288K), 0.0007590 secs] 9258K->7681K(13888K), 0.0007830 secs] [Times: user=0.00 sys=0.00, real=0.00 secs] 
229.800: Total time for which application threads were stopped: 0.0631610 seconds, Stopping threads took: 0.0623120 seconds
229.801: Application time: 0.0009580 seconds
229.871: [GC229.871: [DefNew: 4080K->4080K(4288K), 0.0000100 secs]229.871: [Tenured: 7387K->4318K(9600K), 0.0063290 secs] 11467K->4318K(13888K), [Perm : 5137K->5137K(21248K)], 0.0063850 secs] [Times: user=0.00 sys=0.00, real=0.01 secs] 
229.877: Total time for which application threads were stopped: 0.0762810 seconds, Stopping threads took: 0.0698220 seconds
229.878: Application time: 0.0005400 seconds
229.912: [GC229.912: [DefNew: 3630K->293K(4288K), 0.0009840 secs] 7948K->7933K(13888K), 0.0010080 secs] [Times: user=0.01 sys=0.00, real=0.01 secs] 
229.913: Total time for which application threads were stopped: 0.0349950 seconds, Stopping threads took: 0.0339360 seconds
229.914: Application time: 0.0008610 seconds
229.976: [GC229.976: [DefNew: 4117K->4117K(4288K), 0.0000070 secs]229.976: [Tenured: 7639K->5238K(9600K), 0.0066020 secs] 11756K->5238K(13888K), [Perm : 5137K->5137K(21248K)], 0.0066470 secs] [Times: user=0.01 sys=0.00, real=0.00 secs] 
229.983: Total time for which application threads were stopped: 0.0691080 seconds, Stopping threads took: 0.0623840 seconds
229.984: Application time: 0.0009990 seconds
230.047: [GC230.047: [DefNew: 3825K->293K(4288K), 0.0010100 secs] 9063K->8656K(13888K), 0.0010370 secs] [Times: user=0.00 sys=0.00, real=0.00 secs] 
230.048: Total time for which application threads were stopped: 0.0644130 seconds, Stopping threads took: 0.0633020 seconds
230.049: Application time: 0.0009280 seconds
230.114: [GC230.114: [DefNew: 4099K->4099K(4288K), 0.0000080 secs]230.114: [Tenured: 8363K->4192K(9600K), 0.0062550 secs] 12462K->4192K(13888K), [Perm : 5137K->5137K(21248K)], 0.0063040 secs] [Times: user=0.00 sys=0.00, real=0.00 secs] 
230.120: Total time for which application threads were stopped: 0.0710820 seconds, Stopping threads took: 0.0646980 seconds
230.121: Application time: 0.0006630 seconds
230.173: [GC230.173: [DefNew: 3805K->419K(4288K), 0.0008700 secs] 7998K->7346K(13888K), 0.0008930 secs] [Times: user=0.00 sys=0.00, real=0.00 secs] 
230.174: Total time for which application threads were stopped: 0.0533480 seconds, Stopping threads took: 0.0523860 seconds
230.175: Application time: 0.0006680 seconds
230.243: [GC230.243: [DefNew: 4206K->4206K(4288K), 0.0000070 secs]230.243: [Tenured: 6926K->3008K(9600K), 0.0061520 secs] 11133K->3008K(13888K), [Perm : 5137K->5137K(21248K)], 0.0061960 secs] [Times: user=0.00 sys=0.00, real=0.01 secs] 
230.249: Total time for which application threads were stopped: 0.0741210 seconds, Stopping threads took: 0.0678590 seconds
230.249: Application time: 0.0005420 seconds
230.283: [GC230.283: [DefNew: 3821K->392K(4288K), 0.0008570 secs] 6829K->6525K(13888K), 0.0008810 secs] [Times: user=0.00 sys=0.00, real=0.00 secs] 
230.283: Total time for which application threads were stopped: 0.0339850 seconds, Stopping threads took: 0.0330340 seconds
230.284: Application time: 0.0007220 seconds
230.347: [GC230.347: [DefNew: 4215K->4215K(4288K), 0.0000070 secs]230.347: [Tenured: 6133K->5450K(9600K), 0.0059480 secs] 10348K->5450K(13888K), [Perm : 5137K->5137K(21248K)], 0.0059930 secs] [Times: user=0.00 sys=0.00, real=0.01 secs] 
230.353: Total time for which application threads were stopped: 0.0685800 seconds, Stopping threads took: 0.0625120 seconds
230.354: Application time: 0.0009670 seconds
230.418: [GC230.418: [DefNew: 3825K->391K(4288K), 0.0009960 secs] 9275K->8771K(13888K), 0.0010210 secs] [Times: user=0.01 sys=0.00, real=0.00 secs] 
230.419: Total time for which application threads were stopped: 0.0648740 seconds, Stopping threads took: 0.0637730 seconds
230.419: Application time: 0.0004140 seconds
230.473: [GC230.473: [DefNew: 4119K->4119K(4288K), 0.0000070 secs]230.473: [Tenured: 8379K->4066K(9600K), 0.0061450 secs] 12499K->4066K(13888K), [Perm : 5137K->5137K(21248K)], 0.0061950 secs] [Times: user=0.01 sys=0.00, real=0.00 secs] 
230.479: Total time for which application threads were stopped: 0.0600960 seconds, Stopping threads took: 0.0538220 seconds
230.480: Application time: 0.0004680 seconds
230.480: [GC230.480: [DefNew: 3723K->391K(4288K), 0.0008850 secs] 7790K->7778K(13888K), 0.0009040 secs] [Times: user=0.00 sys=0.00, real=0.00 secs] 
230.481: Total time for which application threads were stopped: 0.0014440 seconds, Stopping threads took: 0.0004970 seconds
230.553: Application time: 0.0716710 seconds
230.555: [GC230.555: [DefNew: 4118K->4118K(4288K), 0.0000090 secs]230.555: [Tenured: 7387K->2895K(9600K), 0.0050110 secs] 11506K->2895K(13888K), [Perm : 5137K->5137K(21248K)], 0.0050680 secs] [Times: user=0.01 sys=0.00, real=0.00 secs] 
230.560: Total time for which application threads were stopped: 0.0070370 seconds, Stopping threads took: 0.0018880 seconds
230.560: Application time: 0.0005490 seconds
230.607: [GC230.607: [DefNew: 3727K->391K(4288K), 0.0007740 secs] 6623K->6021K(13888K), 0.0007960 secs] [Times: user=0.00 sys=0.00, real=0.00 secs] 
230.608: Total time for which application threads were stopped: 0.0477450 seconds, Stopping threads took: 0.0469010 seconds
230.608: Application time: 0.0003730 seconds
230.642: [GC230.642: [DefNew: 4214K->4214K(4288K), 0.0000060 secs]230.642: [Tenured: 5629K->5043K(9600K), 0.0062650 secs] 9844K->5043K(13888K), [Perm : 5137K->5137K(21248K)], 0.0063250 secs] [Times: user=0.00 sys=0.01, real=0.01 secs] 
230.648: Total time for which application threads were stopped: 0.0399450 seconds, Stopping threads took: 0.0335430 seconds
230.649: Application time: 0.0005300 seconds
230.715: [GC230.715: [DefNew: 3630K->391K(4288K), 0.0008010 secs] 8673K->7681K(13888K), 0.0008280 secs] [Times: user=0.00 sys=0.00, real=0.00 secs] 
230.716: Total time for which application threads were stopped: 0.0669140 seconds, Stopping threads took: 0.0660130 seconds
230.716: Application time: 0.0004880 seconds
230.750: [GC230.750: [DefNew: 4213K->4213K(4288K), 0.0000050 secs]230.750: [Tenured: 7289K->7093K(9600K), 0.0062530 secs] 11503K->7093K(13888K), [Perm : 5137K->5137K(21248K)], 0.0063030 secs] [Times: user=0.00 sys=0.00, real=0.01 secs] 
230.756: Total time for which application threads were stopped: 0.0395830 seconds, Stopping threads took: 0.0332030 seconds
230.828: Application time: 0.0720920 seconds
230.832: [GC230.832: [DefNew: 3825K->3825K(4288K), 0.0000090 secs]230.832: [Tenured: 7093K->2308K(9600K), 0.0052910 secs] 10918K->2308K(13888K), [Perm : 5137K->5137K(21248K)], 0.0053450 secs] [Times: user=0.00 sys=0.00, real=0.01 secs] 
230.837: Total time for which application threads were stopped: 0.0093450 seconds, Stopping threads took: 0.0039100 seconds
230.838: Application time: 0.0005490 seconds
230.872: [GC230.872: [DefNew: 3678K->440K(4288K), 0.0011270 secs] 5987K->5874K(13888K), 0.0011570 secs] [Times: user=0.00 sys=0.00, real=0.01 secs] 
230.873: Total time for which application threads were stopped: 0.0351620 seconds, Stopping threads took: 0.0339280 seconds
230.874: Application time: 0.0007290 seconds
230.934: [GC230.934: [DefNew: 4096K->419K(4288K), 0.0008700 secs] 9530K->8198K(13888K), 0.0008970 secs] [Times: user=0.01 sys=0.00, real=0.00 secs] 
230.935: Total time for which application threads were stopped: 0.0608750 seconds, Stopping threads took: 0.0598990 seconds
230.935: Application time: 0.0007040 seconds
231.005: [GC231.005: [DefNew: 4244K->4244K(4288K), 0.0000080 secs]231.005: [Tenured: 7778K->3704K(9600K), 0.0051980 secs] 12023K->3704K(13888K), [Perm : 5137K->5137K(21248K)], 0.0052500 secs] [Times: user=0.01 sys=0.00, real=0.00 secs] 
231.011: Total time for which application threads were stopped: 0.0752610 seconds, Stopping threads took: 0.0699320 seconds
231.011: Application time: 0.0004890 seconds
231.058: [GC231.058: [DefNew: 3825K->391K(4288K), 0.0008070 secs] 7529K->6635K(13888K), 0.0008310 secs] [Times: user=0.00 sys=0.00, real=0.00 secs] 
231.059: Total time for which application threads were stopped: 0.0476520 seconds, Stopping threads took: 0.0467740 seconds
231.059: Application time: 0.0003170 seconds
231.094: [GC231.094: [DefNew: 3920K->3920K(4288K), 0.0000060 secs]231.094: [Tenured: 6243K->5657K(9600K), 0.0064050 secs] 10163K->5657K(13888K), [Perm : 5137K->5137K(21248K)], 0.0064490 secs] [Times: user=0.00 sys=0.00, real=0.00 secs] 
231.100: Total time for which application threads were stopped: 0.0411650 seconds, Stopping threads took: 0.0346370 seconds
231.101: Application time: 0.0007830 seconds
231.171: [GC231.171: [DefNew: 3727K->391K(4288K), 0.0005830 secs] 9385K->7221K(13888K), 0.0006130 secs] [Times: user=0.00 sys=0.00, real=0.00 secs] 
231.172: Total time for which application threads were stopped: 0.0708670 seconds, Stopping threads took: 0.0701990 seconds
231.172: Application time: 0.0003910 seconds
231.219: [GC231.219: [DefNew: 4119K->4119K(4288K), 0.0000060 secs]231.219: [Tenured: 6829K->4486K(9600K), 0.0063580 secs] 10948K->4486K(13888K), [Perm : 5137K->5137K(21248K)], 0.0064010 secs] [Times: user=0.01 sys=0.00, real=0.01 secs] 
231.226: Total time for which application threads were stopped: 0.0534790 seconds, Stopping threads took: 0.0470040 seconds
231.226: Application time: 0.0004680 seconds
231.260: [GC231.260: [DefNew: 3719K->390K(4288K), 0.0008250 secs] 8205K->7904K(13888K), 0.0008460 secs] [Times: user=0.01 sys=0.00, real=0.00 secs] 
231.261: Total time for which application threads were stopped: 0.0346400 seconds, Stopping threads took: 0.0337300 seconds
231.333: Application time: 0.0723050 seconds
231.335: [GC231.335: [DefNew: 4216K->4216K(4288K), 0.0000100 secs]231.335: [Tenured: 7513K->2308K(9600K), 0.0059870 secs] 11729K->2308K(13888K), [Perm : 5137K->5137K(21248K)], 0.0060400 secs] [Times: user=0.00 sys=0.00, real=0.00 secs] 
231.341: Total time for which application threads were stopped: 0.0075310 seconds, Stopping threads took: 0.0014280 seconds
231.341: Application time: 0.0005990 seconds
231.375: [GC231.375: [DefNew: 3823K->391K(4288K), 0.0009150 secs] 6132K->6021K(13888K), 0.0009360 secs] [Times: user=0.00 sys=0.00, real=0.00 secs] 
231.376: Total time for which application threads were stopped: 0.0346220 seconds, Stopping threads took: 0.0336200 seconds
231.376: Application time: 0.0005670 seconds
231.439: [GC231.439: [DefNew: 4117K->4117K(4288K), 0.0000060 secs]231.439: [Tenured: 5629K->4457K(9600K), 0.0057660 secs] 9746K->4457K(13888K), [Perm : 5137K->5137K(21248K)], 0.0058120 secs] [Times: user=0.00 sys=0.00, real=0.01 secs] 
231.445: Total time for which application threads were stopped: 0.0683530 seconds, Stopping threads took: 0.0624570 seconds
231.445: Application time: 0.0005180 seconds
231.504: [GC231.504: [DefNew: 3532K->391K(4288K), 0.0007300 secs] 7989K->6802K(13888K), 0.0007620 secs] [Times: user=0.00 sys=0.00, real=0.01 secs] 
231.505: Total time for which application threads were stopped: 0.0593480 seconds, Stopping threads took: 0.0585150 seconds
231.505: Application time: 0.0003720 seconds
231.552: [GC231.552: [DefNew: 4211K->4211K(4288K), 0.0000050 secs]231.552: [Tenured: 6410K->6410K(9600K), 0.0063840 secs] 10621K->6410K(13888K), [Perm : 5137K->5137K(21248K)], 0.0064280 secs] [Times: user=0.01 sys=0.00, real=0.01 secs] 
231.559: Total time for which application threads were stopped: 0.0534180 seconds, Stopping threads took: 0.0469150 seconds
231.631: Application time: 0.0722000 seconds
231.633: [GC231.633: [DefNew: 3727K->3727K(4288K), 0.0000090 secs]231.633: [Tenured: 6410K->1527K(9600K), 0.0058310 secs] 10138K->1527K(13888K), [Perm : 5137K->5137K(21248K)], 0.0058790 secs] [Times: user=0.00 sys=0.00, real=0.00 secs] 
231.639: Total time for which application threads were stopped: 0.0085910 seconds, Stopping threads took: 0.0026330 seconds
231.640: Application time: 0.0006010 seconds
231.640: [GC231.640: [DefNew: 3775K->440K(4288K), 0.0009030 secs] 5303K->5288K(13888K), 0.0009260 secs] [Times: user=0.00 sys=0.00, real=0.00 secs] 
231.641: Total time for which application threads were stopped: 0.0012530 seconds, Stopping threads took: 0.0002800 seconds
231.642: Application time: 0.0004520 seconds
231.675: [GC231.675: [DefNew: 4192K->419K(4288K), 0.0008090 secs] 9040K->8002K(13888K), 0.0008320 secs] [Times: user=0.00 sys=0.00, real=0.00 secs] 
231.676: Total time for which application threads were stopped: 0.0342960 seconds, Stopping threads took: 0.0333960 seconds
231.749: Application time: 0.0728550 seconds
231.750: [GC231.750: [DefNew: 4030K->4030K(4288K), 0.0000100 secs]231.750: [Tenured: 7583K->1723K(9600K), 0.0067050 secs] 11613K->1723K(13888K), [Perm : 5137K->5137K(21248K)], 0.0067630 secs] [Times: user=0.00 sys=0.00, real=0.01 secs] 
231.757: Total time for which application threads were stopped: 0.0080800 seconds, Stopping threads took: 0.0012290 seconds
231.757: Application time: 0.0005730 seconds
231.758: [GC231.758: [DefNew: 3725K->391K(4288K), 0.0011090 secs] 5449K->5435K(13888K), 0.0011280 secs] [Times: user=0.00 sys=0.00, real=0.00 secs] 
231.759: Total time for which application threads were stopped: 0.0014180 seconds, Stopping threads took: 0.0002440 seconds
231.762: Application time: 0.0027640 seconds
231.836: [GC231.836: [DefNew: 4214K->196K(4288K), 0.0003060 secs] 9258K->5435K(13888K), 0.0003390 secs] [Times: user=0.00 sys=0.00, real=0.00 secs] 
231.836: Total time for which application threads were stopped: 0.0745790 seconds, Stopping threads took: 0.0741840 seconds
231.836: Application time: 0.0002910 seconds
231.837: [GC231.837: [DefNew: 3921K->391K(4288K), 0.0008330 secs] 9161K->9147K(13888K), 0.0008550 secs] [Times: user=0.00 sys=0.00, real=0.00 secs] 
231.838: Total time for which application threads were stopped: 0.0011970 seconds, Stopping threads took: 0.0002760 seconds
231.839: Application time: 0.0008670 seconds
231.904: [GC231.904: [DefNew: 4212K->4212K(4288K), 0.0000100 secs]231.904: [Tenured: 8755K->5337K(9600K), 0.0065190 secs] 12968K->5337K(13888K), [Perm : 5137K->5137K(21248K)], 0.0065750 secs] [Times: user=0.01 sys=0.00, real=0.00 secs] 
231.911: Total time for which application threads were stopped: 0.0724040 seconds, Stopping threads took: 0.0657440 seconds
231.912: Application time: 0.0008810 seconds
231.975: [GC231.975: [DefNew: 3825K->391K(4288K), 0.0009700 secs] 9162K->8463K(13888K), 0.0009950 secs] [Times: user=0.00 sys=0.00, real=0.00 secs] 
231.976: Total time for which application threads were stopped: 0.0637670 seconds, Stopping threads took: 0.0626890 seconds
231.976: Application time: 0.0007400 seconds
232.033: [GC232.033: [DefNew: 4197K->4197K(4288K), 0.0000070 secs]232.033: [Tenured: 8071K->4291K(9600K), 0.0055870 secs] 12269K->4291K(13888K), [Perm : 5137K->5137K(21248K)], 0.0056330 secs] [Times: user=0.00 sys=0.00, real=0.00 secs] 
232.039: Total time for which application threads were stopped: 0.0621510 seconds, Stopping threads took: 0.0564310 seconds
232.039: Application time: 0.0005410 seconds
232.094: [GC232.094: [DefNew: 3825K->391K(4288K), 0.0008100 secs] 8116K->7222K(13888K), 0.0008310 secs] [Times: user=0.00 sys=0.00, real=0.00 secs] 
232.095: Total time for which application threads were stopped: 0.0559740 seconds, Stopping threads took: 0.0550750 seconds
232.096: Application time: 0.0006040 seconds
232.145: [GC232.145: [DefNew: 4178K->4178K(4288K), 0.0000070 secs]232.145: [Tenured: 6830K->5325K(9600K), 0.0064710 secs] 11009K->5325K(13888K), [Perm : 5137K->5137K(21248K)], 0.0065150 secs] [Times: user=0.01 sys=0.00, real=0.00 secs] 
232.152: Total time for which application threads were stopped: 0.0559820 seconds, Stopping threads took: 0.0493910 seconds
232.152: Application time: 0.0006980 seconds
232.186: [GC232.186: [DefNew: 3823K->391K(4288K), 0.0009730 secs] 9148K->8841K(13888K), 0.0010010 secs] [Times: user=0.00 sys=0.00, real=0.00 secs] 
232.187: Total time for which application threads were stopped: 0.0344120 seconds, Stopping threads took: 0.0333470 seconds
232.187: Application time: 0.0007160 seconds
232.257: [GC232.257: [DefNew: 4177K->4177K(4288K), 0.0000070 secs]232.257: [Tenured: 8450K->3676K(9600K), 0.0054890 secs] 12627K->3676K(13888K), [Perm : 5137K->5137K(21248K)], 0.0055400 secs] [Times: user=0.01 sys=0.00, real=0.00 secs] 
232.263: Total time for which application threads were stopped: 0.0754710 seconds, Stopping threads took: 0.0698520 seconds
232.263: Application time: 0.0004630 seconds
232.297: [GC232.297: [DefNew: 3825K->392K(4288K), 0.0008880 secs] 7502K->7193K(13888K), 0.0009070 secs] [Times: user=0.00 sys=0.00, real=0.00 secs] 
232.298: Total time for which application threads were stopped: 0.0342550 seconds, Stopping threads took: 0.0332850 seconds
232.371: Application time: 0.0729690 seconds
232.372: [GC232.372: [DefNew: 4119K->4119K(4288K), 0.0000090 secs]232.372: [Tenured: 6801K->1919K(9600K), 0.0058720 secs] 10921K->1919K(13888K), [Perm : 5137K->5137K(21248K)], 0.0059240 secs] [Times: user=0.01 sys=0.00, real=0.00 secs] 
232.378: Total time for which application threads were stopped: 0.0077410 seconds, Stopping threads took: 0.0017580 seconds
232.379: Application time: 0.0006280 seconds
232.379: [GC232.379: [DefNew: 3823K->392K(4288K), 0.0008900 secs] 5743K->5729K(13888K), 0.0009070 secs] [Times: user=0.00 sys=0.00, real=0.00 secs] 
232.380: Total time for which application threads were stopped: 0.0011340 seconds, Stopping threads took: 0.0001670 seconds
232.382: Application time: 0.0014270 seconds
232.428: [GC232.428: [DefNew: 4117K->391K(4288K), 0.0006940 secs] 9455K->7878K(13888K), 0.0007150 secs] [Times: user=0.00 sys=0.00, real=0.00 secs] 
232.429: Total time for which application threads were stopped: 0.0469470 seconds, Stopping threads took: 0.0461700 seconds
232.429: Application time: 0.0008410 seconds
232.499: [GC232.499: [DefNew: 4216K->4216K(4288K), 0.0000080 secs]232.499: [Tenured: 7486K->4653K(9600K), 0.0063880 secs] 11703K->4653K(13888K), [Perm : 5137K->5137K(21248K)], 0.0064370 secs] [Times: user=0.00 sys=0.00, real=0.01 secs] 
232.506: Total time for which application threads were stopped: 0.0764700 seconds, Stopping threads took: 0.0699500 seconds
232.506: Application time: 0.0006410 seconds
232.541: [GC232.541: [DefNew: 3825K->391K(4288K), 0.0009850 secs] 8479K->8170K(13888K), 0.0010110 secs] [Times: user=0.01 sys=0.00, real=0.00 secs] 
232.542: Total time for which application threads were stopped: 0.0352080 seconds, Stopping threads took: 0.0341250 seconds
232.542: Application time: 0.0003940 seconds
232.606: [GC232.606: [DefNew: 4216K->4216K(4288K), 0.0000070 secs]232.606: [Tenured: 7778K->4751K(9600K), 0.0057500 secs] 11995K->4751K(13888K), [Perm : 5137K->5137K(21248K)], 0.0057990 secs] [Times: user=0.01 sys=0.00, real=0.00 secs] 
232.612: Total time for which application threads were stopped: 0.0696580 seconds, Stopping threads took: 0.0637810 seconds
232.612: Application time: 0.0006560 seconds
232.646: [GC232.646: [DefNew: 3821K->293K(4288K), 0.0009800 secs] 8573K->8561K(13888K), 0.0010140 secs] [Times: user=0.00 sys=0.00, real=0.00 secs] 
232.647: Total time for which application threads were stopped: 0.0342850 seconds, Stopping threads took: 0.0332000 seconds
232.719: Application time: 0.0727650 seconds
232.721: [GC232.721: [DefNew: 4118K->4118K(4288K), 0.0000090 secs]232.721: [Tenured: 8267K->2309K(9600K), 0.0059050 secs] 12386K->2309K(13888K), [Perm : 5137K->5137K(21248K)], 0.0059570 secs] [Times: user=0.01 sys=0.00, real=0.01 secs] 
232.727: Total time for which application threads were stopped: 0.0072120 seconds, Stopping threads took: 0.0011750 seconds
232.727: Application time: 0.0006600 seconds
232.770: [GC232.770: [DefNew: 3678K->440K(4288K), 0.0008610 secs] 5987K->5679K(13888K), 0.0008850 secs] [Times: user=0.00 sys=0.00, real=0.00 secs] 
232.770: Total time for which application threads were stopped: 0.0431160 seconds, Stopping threads took: 0.0421650 seconds
232.771: Application time: 0.0006360 seconds
232.818: [GC232.818: [DefNew: 4092K->419K(4288K), 0.0009060 secs] 9331K->8686K(13888K), 0.0009280 secs] [Times: user=0.00 sys=0.00, real=0.00 secs] 
232.819: Total time for which application threads were stopped: 0.0482130 seconds, Stopping threads took: 0.0472190 seconds
232.891: Application time: 0.0715030 seconds
232.896: [GC232.896: [DefNew: 4244K->4244K(4288K), 0.0000100 secs]232.896: [Tenured: 8267K->1556K(9600K), 0.0051810 secs] 12512K->1556K(13888K), [Perm : 5137K->5137K(21248K)], 0.0052330 secs] [Times: user=0.00 sys=0.00, real=0.00 secs] 
232.901: Total time for which application threads were stopped: 0.0102380 seconds, Stopping threads took: 0.0049340 seconds
232.902: Application time: 0.0006000 seconds
232.902: [GC232.902: [DefNew: 3727K->392K(4288K), 0.0008770 secs] 5284K->5269K(13888K), 0.0008990 secs] [Times: user=0.00 sys=0.00, real=0.00 secs] 
232.903: Total time for which application threads were stopped: 0.0011190 seconds, Stopping threads took: 0.0001730 seconds
232.904: Application time: 0.0010250 seconds
232.955: [GC232.955: [DefNew: 4213K->391K(4288K), 0.0007610 secs] 9090K->7612K(13888K), 0.0007830 secs] [Times: user=0.00 sys=0.00, real=0.00 secs] 
232.956: Total time for which application threads were stopped: 0.0519450 seconds, Stopping threads took: 0.0510950 seconds
232.957: Application time: 0.0008900 seconds
233.027: [GC233.027: [DefNew: 4216K->4216K(4288K), 0.0000080 secs]233.027: [Tenured: 7221K->4487K(9600K), 0.0061800 secs] 11438K->4487K(13888K), [Perm : 5137K->5137K(21248K)], 0.0062320 secs] [Times: user=0.00 sys=0.00, real=0.01 secs] 
233.033: Total time for which application threads were stopped: 0.0761770 seconds, Stopping threads took: 0.0698550 seconds
233.033: Application time: 0.0005600 seconds
233.067: [GC233.067: [DefNew: 3825K->391K(4288K), 0.0009440 secs] 8312K->8003K(13888K), 0.0009680 secs] [Times: user=0.00 sys=0.00, real=0.00 secs] 
233.068: Total time for which application threads were stopped: 0.0343880 seconds, Stopping threads took: 0.0333590 seconds
233.068: Application time: 0.0003880 seconds
233.133: [GC233.133: [DefNew: 4119K->4119K(4288K), 0.0000070 secs]233.133: [Tenured: 7612K->4487K(9600K), 0.0063320 secs] 11731K->4487K(13888K), [Perm : 5137K->5137K(21248K)], 0.0063770 secs] [Times: user=0.01 sys=0.00, real=0.00 secs] 
233.140: Total time for which application threads were stopped: 0.0716280 seconds, Stopping threads took: 0.0651740 seconds
233.140: Application time: 0.0006370 seconds
233.174: [GC233.174: [DefNew: 3823K->391K(4288K), 0.0009100 secs] 8310K->8199K(13888K), 0.0009330 secs] [Times: user=0.00 sys=0.00, real=0.00 secs] 
233.175: Total time for which application threads were stopped: 0.0342380 seconds, Stopping threads took: 0.0332450 seconds
233.247: Application time: 0.0726540 seconds
233.248: [GC233.248: [DefNew: 4119K->4119K(4288K), 0.0000090 secs]233.248: [Tenured: 7807K->2114K(9600K), 0.0052980 secs] 11927K->2114K(13888K), [Perm : 5137K->5137K(21248K)], 0.0053490 secs] [Times: user=0.00 sys=0.00, real=0.01 secs] 
233.254: Total time for which application threads were stopped: 0.0062570 seconds, Stopping threads took: 0.0008180 seconds
233.254: Application time: 0.0005800 seconds
233.255: [GC233.255: [DefNew: 3723K->392K(4288K), 0.0008560 secs] 5838K->5826K(13888K), 0.0008770 secs] [Times: user=0.00 sys=0.00, real=0.00 secs] 
233.255: Total time for which application threads were stopped: 0.0013050 seconds, Stopping threads took: 0.0003600 seconds
233.257: Application time: 0.0014280 seconds
233.327: [GC233.327: [DefNew: 4217K->4217K(4288K), 0.0000080 secs]233.327: [Tenured: 5434K->3188K(9600K), 0.0061750 secs] 9651K->3188K(13888K), [Perm : 5137K->5137K(21248K)], 0.0062220 secs] [Times: user=0.01 sys=0.00, real=0.01 secs] 
233.333: Total time for which application threads were stopped: 0.0761210 seconds, Stopping threads took: 0.0698220 seconds
233.334: Application time: 0.0006840 seconds
233.367: [GC233.367: [DefNew: 3825K->392K(4288K), 0.0009270 secs] 7014K->6706K(13888K), 0.0009510 secs] [Times: user=0.00 sys=0.00, real=0.00 secs] 
233.368: Total time for which application threads were stopped: 0.0345590 seconds, Stopping threads took: 0.0335410 seconds
233.369: Application time: 0.0006790 seconds
233.402: [GC233.402: [DefNew: 4211K->4211K(4288K), 0.0000050 secs]233.402: [Tenured: 6313K->6508K(9600K), 0.0062860 secs] 10525K->6508K(13888K), [Perm : 5137K->5137K(21248K)], 0.0063310 secs] [Times: user=0.01 sys=0.00, real=0.01 secs] 
233.408: Total time for which application threads were stopped: 0.0392960 seconds, Stopping threads took: 0.0328870 seconds
233.479: Application time: 0.0710030 seconds
233.481: [GC233.481: [DefNew: 3708K->3708K(4288K), 0.0000090 secs]233.481: [Tenured: 6508K->1556K(9600K), 0.0053550 secs] 10216K->1556K(13888K), [Perm : 5137K->5137K(21248K)], 0.0054080 secs] [Times: user=0.00 sys=0.00, real=0.01 secs] 
233.487: Total time for which application threads were stopped: 0.0076560 seconds, Stopping threads took: 0.0021680 seconds
233.488: Application time: 0.0006690 seconds
233.488: [GC233.488: [DefNew: 3782K->396K(4288K), 0.0008870 secs] 5338K->5273K(13888K), 0.0009060 secs] [Times: user=0.00 sys=0.00, real=0.00 secs] 
233.489: Total time for which application threads were stopped: 0.0013030 seconds, Stopping threads took: 0.0003340 seconds
233.489: Application time: 0.0004470 seconds
233.551: [GC233.551: [DefNew: 4143K->415K(4288K), 0.0009240 secs] 9020K->8129K(13888K), 0.0009470 secs] [Times: user=0.00 sys=0.00, real=0.01 secs] 
233.552: Total time for which application threads were stopped: 0.0631360 seconds, Stopping threads took: 0.0621150 seconds
233.553: Application time: 0.0009410 seconds
233.623: [GC233.623: [DefNew: 4240K->4240K(4288K), 0.0000080 secs]233.623: [Tenured: 7714K->4164K(9600K), 0.0064220 secs] 11954K->4164K(13888K), [Perm : 5137K->5137K(21248K)], 0.0064720 secs] [Times: user=0.01 sys=0.00, real=0.01 secs] 
233.630: Total time for which application threads were stopped: 0.0763150 seconds, Stopping threads took: 0.0697860 seconds
233.630: Application time: 0.0005640 seconds
233.664: [GC233.664: [DefNew: 3532K->391K(4288K), 0.0008950 secs] 7697K->7291K(13888K), 0.0009230 secs] [Times: user=0.00 sys=0.00, real=0.01 secs] 
233.665: Total time for which application threads were stopped: 0.0349040 seconds, Stopping threads took: 0.0339290 seconds
233.666: Application time: 0.0005120 seconds
233.699: [GC233.699: [DefNew: 4195K->4195K(4288K), 0.0000050 secs]233.699: [Tenured: 6899K->7123K(9600K), 0.0067950 secs] 11095K->7123K(13888K), [Perm : 5137K->5137K(21248K)], 0.0068360 secs] [Times: user=0.00 sys=0.00, real=0.01 secs] 
233.706: Total time for which application threads were stopped: 0.0403320 seconds, Stopping threads took: 0.0334240 seconds
233.778: Application time: 0.0714740 seconds
233.780: [GC233.780: [DefNew: 3825K->3825K(4288K), 0.0000100 secs]233.780: [Tenured: 7123K->2338K(9600K), 0.0052890 secs] 10948K->2338K(13888K), [Perm : 5137K->5137K(21248K)], 0.0053470 secs] [Times: user=0.01 sys=0.00, real=0.01 secs] 
233.786: Total time for which application threads were stopped: 0.0081410 seconds, Stopping threads took: 0.0027120 seconds
233.786: Application time: 0.0005390 seconds
233.833: [GC233.833: [DefNew: 3825K->391K(4288K), 0.0008200 secs] 6163K->5855K(13888K), 0.0008510 secs] [Times: user=0.00 sys=0.00, real=0.00 secs] 
233.833: Total time for which application threads were stopped: 0.0472330 seconds, Stopping threads took: 0.0463150 seconds
233.834: Application time: 0.0004200 seconds
233.892: [GC233.892: [DefNew: 4215K->4215K(4288K), 0.0000090 secs]233.892: [Tenured: 5463K->5658K(9600K), 0.0053370 secs] 9678K->5658K(13888K), [Perm : 5137K->5137K(21248K)], 0.0053930 secs] [Times: user=0.00 sys=0.00, real=0.01 secs] 
233.897: Total time for which application threads were stopped: 0.0631460 seconds, Stopping threads took: 0.0576690 seconds
233.898: Application time: 0.0008880 seconds
233.968: [GC233.968: [DefNew: 3825K->391K(4288K), 0.0008900 secs] 9483K->8393K(13888K), 0.0009190 secs] [Times: user=0.01 sys=0.00, real=0.00 secs] 
233.969: Total time for which application threads were stopped: 0.0712880 seconds, Stopping threads took: 0.0702950 seconds
233.970: Application time: 0.0004460 seconds
234.024: [GC234.024: [DefNew: 4099K->4099K(4288K), 0.0000080 secs]234.024: [Tenured: 8002K->4458K(9600K), 0.0057670 secs] 12102K->4458K(13888K), [Perm : 5137K->5137K(21248K)], 0.0058140 secs] [Times: user=0.01 sys=0.00, real=0.01 secs] 
234.030: Total time for which application threads were stopped: 0.0604290 seconds, Stopping threads took: 0.0545560 seconds
234.031: Application time: 0.0005620 seconds
234.078: [GC234.078: [DefNew: 3805K->419K(4288K), 0.0008510 secs] 8264K->7319K(13888K), 0.0008770 secs] [Times: user=0.00 sys=0.00, real=0.00 secs] 
234.079: Total time for which application threads were stopped: 0.0484800 seconds, Stopping threads took: 0.0475440 seconds
234.080: Application time: 0.0004750 seconds
234.145: [GC234.145: [DefNew: 4147K->4147K(4288K), 0.0000070 secs]234.145: [Tenured: 6899K->4779K(9600K), 0.0057170 secs] 11047K->4779K(13888K), [Perm : 5137K->5137K(21248K)], 0.0057620 secs] [Times: user=0.00 sys=0.00, real=0.00 secs] 
234.151: Total time for which application threads were stopped: 0.0712000 seconds, Stopping threads took: 0.0653740 seconds
234.152: Application time: 0.0007470 seconds
234.185: [GC234.185: [DefNew: 3708K->419K(4288K), 0.0008580 secs] 8488K->7836K(13888K), 0.0008830 secs] [Times: user=0.00 sys=0.00, real=0.00 secs] 
234.186: Total time for which application threads were stopped: 0.0345700 seconds, Stopping threads took: 0.0336240 seconds
234.186: Application time: 0.0003720 seconds
234.255: [GC234.255: [DefNew: 4049K->4049K(4288K), 0.0000070 secs]234.255: [Tenured: 7416K->4515K(9600K), 0.0053050 secs] 11466K->4515K(13888K), [Perm : 5137K->5137K(21248K)], 0.0053540 secs] [Times: user=0.00 sys=0.00, real=0.00 secs] 
234.260: Total time for which application threads were stopped: 0.0735390 seconds, Stopping threads took: 0.0681070 seconds
234.261: Application time: 0.0006500 seconds
234.295: [GC234.295: [DefNew: 3819K->391K(4288K), 0.0009010 secs] 8334K->8031K(13888K), 0.0009230 secs] [Times: user=0.00 sys=0.00, real=0.00 secs] 
234.296: Total time for which application threads were stopped: 0.0349320 seconds, Stopping threads took: 0.0339400 seconds
234.367: Application time: 0.0714230 seconds
234.370: [GC234.370: [DefNew: 4118K->4118K(4288K), 0.0000090 secs]234.370: [Tenured: 7640K->2367K(9600K), 0.0051580 secs] 11759K->2367K(13888K), [Perm : 5137K->5137K(21248K)], 0.0052120 secs] [Times: user=0.00 sys=0.00, real=0.01 secs] 
234.375: Total time for which application threads were stopped: 0.0078540 seconds, Stopping threads took: 0.0025630 seconds
234.375: Application time: 0.0005490 seconds
234.376: [GC234.376: [DefNew: 3678K->391K(4288K), 0.0007860 secs] 6045K->5981K(13888K), 0.0008050 secs] [Times: user=0.00 sys=0.00, real=0.00 secs] 
234.377: Total time for which application threads were stopped: 0.0012550 seconds, Stopping threads took: 0.0003870 seconds
234.377: Application time: 0.0007580 seconds
234.437: [GC234.437: [DefNew: 4147K->4147K(4288K), 0.0000080 secs]234.437: [Tenured: 5590K->4946K(9600K), 0.0062750 secs] 9737K->4946K(13888K), [Perm : 5137K->5137K(21248K)], 0.0063350 secs] [Times: user=0.01 sys=0.00, real=0.00 secs] 
234.444: Total time for which application threads were stopped: 0.0663830 seconds, Stopping threads took: 0.0599670 seconds
234.445: Application time: 0.0008160 seconds
234.515: [GC234.515: [DefNew: 3825K->391K(4288K), 0.0009810 secs] 8771K->8072K(13888K), 0.0010090 secs] [Times: user=0.01 sys=0.00, real=0.00 secs] 
234.516: Total time for which application threads were stopped: 0.0709420 seconds, Stopping threads took: 0.0698540 seconds
234.516: Application time: 0.0004000 seconds
234.583: [GC234.583: [DefNew: 3923K->3923K(4288K), 0.0000060 secs]234.583: [Tenured: 7681K->3677K(9600K), 0.0056270 secs] 11604K->3677K(13888K), [Perm : 5137K->5137K(21248K)], 0.0056710 secs] [Times: user=0.00 sys=0.00, real=0.01 secs] 
234.589: Total time for which application threads were stopped: 0.0730430 seconds, Stopping threads took: 0.0672880 seconds
234.589: Application time: 0.0004410 seconds
234.590: [GC234.590: [DefNew: 3723K->391K(4288K), 0.0008560 secs] 7400K->7389K(13888K), 0.0008760 secs] [Times: user=0.00 sys=0.00, real=0.00 secs] 
234.591: Total time for which application threads were stopped: 0.0013590 seconds, Stopping threads took: 0.0004180 seconds
234.663: Application time: 0.0723510 seconds
234.664: [GC234.664: [DefNew: 4216K->4216K(4288K), 0.0000100 secs]234.664: [Tenured: 6997K->2603K(9600K), 0.0055870 secs] 11214K->2603K(13888K), [Perm : 5137K->5137K(21248K)], 0.0056430 secs] [Times: user=0.00 sys=0.00, real=0.01 secs] 
234.670: Total time for which application threads were stopped: 0.0065660 seconds, Stopping threads took: 0.0008630 seconds
234.670: Application time: 0.0005390 seconds
234.704: [GC234.704: [DefNew: 3725K->391K(4288K), 0.0009060 secs] 6329K->6315K(13888K), 0.0009260 secs] [Times: user=0.00 sys=0.00, real=0.01 secs] 
234.705: Total time for which application threads were stopped: 0.0347120 seconds, Stopping threads took: 0.0337440 seconds
234.706: Application time: 0.0007270 seconds
234.770: [GC234.770: [DefNew: 4212K->4212K(4288K), 0.0000070 secs]234.770: [Tenured: 5923K->4751K(9600K), 0.0064010 secs] 10136K->4751K(13888K), [Perm : 5137K->5137K(21248K)], 0.0064450 secs] [Times: user=0.01 sys=0.00, real=0.01 secs] 
234.776: Total time for which application threads were stopped: 0.0702510 seconds, Stopping threads took: 0.0637320 seconds
234.777: Application time: 0.0005170 seconds
234.833: [GC234.833: [DefNew: 3630K->391K(4288K), 0.0008420 secs] 8381K->7487K(13888K), 0.0008710 secs] [Times: user=0.00 sys=0.00, real=0.00 secs] 
234.834: Total time for which application threads were stopped: 0.0577490 seconds, Stopping threads took: 0.0568030 seconds
234.835: Application time: 0.0005770 seconds
234.835: [GC234.835: [DefNew: 4193K->4193K(4288K), 0.0000050 secs]234.835: [Tenured: 7095K->7778K(9600K), 0.0060820 secs] 11289K->7778K(13888K), [Perm : 5137K->5137K(21248K)], 0.0061280 secs] [Times: user=0.00 sys=0.00, real=0.00 secs] 
234.841: Total time for which application threads were stopped: 0.0065510 seconds, Stopping threads took: 0.0003600 seconds
234.914: Application time: 0.0728300 seconds
234.917: [GC234.917: [DefNew: 3825K->3825K(4288K), 0.0000090 secs]234.917: [Tenured: 7778K->2993K(9600K), 0.0053560 secs] 11603K->2993K(13888K), [Perm : 5137K->5137K(21248K)], 0.0054130 secs] [Times: user=0.00 sys=0.00, real=0.00 secs] 
234.922: Total time for which application threads were stopped: 0.0080290 seconds, Stopping threads took: 0.0025330 seconds
234.923: Application time: 0.0004850 seconds
234.956: [GC234.956: [DefNew: 3530K->391K(4288K), 0.0008290 secs] 6524K->6510K(13888K), 0.0008520 secs] [Times: user=0.00 sys=0.00, real=0.00 secs] 
234.957: Total time for which application threads were stopped: 0.0339830 seconds, Stopping threads took: 0.0330630 seconds
234.957: Application time: 0.0007180 seconds
235.022: [GC235.022: [DefNew: 4212K->4212K(4288K), 0.0000060 secs]235.022: [Tenured: 6118K->4947K(9600K), 0.0051070 secs] 10331K->4947K(13888K), [Perm : 5137K->5137K(21248K)], 0.0051650 secs] [Times: user=0.00 sys=0.00, real=0.01 secs] 
235.027: Total time for which application threads were stopped: 0.0695220 seconds, Stopping threads took: 0.0642900 seconds
235.028: Application time: 0.0007490 seconds
235.083: [GC235.083: [DefNew: 3825K->391K(4288K), 0.0009570 secs] 8772K->8073K(13888K), 0.0009860 secs] [Times: user=0.00 sys=0.00, real=0.00 secs] 
235.084: Total time for which application threads were stopped: 0.0562590 seconds, Stopping threads took: 0.0551980 seconds
235.084: Application time: 0.0003700 seconds
235.118: [GC235.118: [DefNew: 3923K->3923K(4288K), 0.0000060 secs]235.118: [Tenured: 7681K->5825K(9600K), 0.0060660 secs] 11605K->5825K(13888K), [Perm : 5137K->5137K(21248K)], 0.0061100 secs] [Times: user=0.01 sys=0.00, real=0.00 secs] 
235.124: Total time for which application threads were stopped: 0.0394370 seconds, Stopping threads took: 0.0332450 seconds
235.125: Application time: 0.0009010 seconds
235.195: [GC235.195: [DefNew: 3825K->3825K(4288K), 0.0000090 secs]235.195: [Tenured: 5825K->3188K(9600K), 0.0061760 secs] 9651K->3188K(13888K), [Perm : 5137K->5137K(21248K)], 0.0062270 secs] [Times: user=0.01 sys=0.00, real=0.00 secs] 
235.201: Total time for which application threads were stopped: 0.0767940 seconds, Stopping threads took: 0.0705090 seconds
235.202: Application time: 0.0004790 seconds
235.235: [GC235.235: [DefNew: 3825K->392K(4288K), 0.0009120 secs] 7014K->6705K(13888K), 0.0009360 secs] [Times: user=0.00 sys=0.00, real=0.00 secs] 
235.236: Total time for which application threads were stopped: 0.0342100 seconds, Stopping threads took: 0.0332050 seconds
235.237: Application time: 0.0006440 seconds
235.270: [GC235.270: [DefNew: 4213K->4213K(4288K), 0.0000060 secs]235.270: [Tenured: 6313K->6508K(9600K), 0.0063180 secs] 10527K->6508K(13888K), [Perm : 5137K->5137K(21248K)], 0.0063630 secs] [Times: user=0.00 sys=0.00, real=0.01 secs] 
235.277: Total time for which application threads were stopped: 0.0398270 seconds, Stopping threads took: 0.0333880 seconds
235.348: Application time: 0.0709750 seconds
235.352: [GC235.352: [DefNew: 3825K->3825K(4288K), 0.0000090 secs]235.352: [Tenured: 6508K->1724K(9600K), 0.0051920 secs] 10334K->1724K(13888K), [Perm : 5137K->5137K(21248K)], 0.0052450 secs] [Times: user=0.01 sys=0.00, real=0.01 secs] 
235.357: Total time for which application threads were stopped: 0.0093330 seconds, Stopping threads took: 0.0040100 seconds
235.358: Application time: 0.0005630 seconds
235.358: [GC235.358: [DefNew: 3836K->399K(4288K), 0.0008460 secs] 5560K->5444K(13888K), 0.0008650 secs] [Times: user=0.00 sys=0.00, real=0.00 secs] 
235.359: Total time for which application threads were stopped: 0.0013720 seconds, Stopping threads took: 0.0004450 seconds
235.359: Application time: 0.0004280 seconds
235.406: [GC235.406: [DefNew: 4076K->439K(4288K), 0.0008330 secs] 9120K->8032K(13888K), 0.0008560 secs] [Times: user=0.00 sys=0.00, real=0.00 secs] 
235.407: Total time for which application threads were stopped: 0.0476390 seconds, Stopping threads took: 0.0467370 seconds
235.408: Application time: 0.0011820 seconds
235.479: [GC235.479: [DefNew: 3952K->3952K(4288K), 0.0000090 secs]235.479: [Tenured: 7592K->1809K(9600K), 0.0052170 secs] 11545K->1809K(13888K), [Perm : 5137K->5137K(21248K)], 0.0052640 secs] [Times: user=0.00 sys=0.00, real=0.00 secs] 
235.484: Total time for which application threads were stopped: 0.0758390 seconds, Stopping threads took: 0.0705080 seconds
235.485: Application time: 0.0005960 seconds
235.485: [GC235.485: [DefNew: 3725K->392K(4288K), 0.0008660 secs] 5535K->5522K(13888K), 0.0008880 secs] [Times: user=0.00 sys=0.00, real=0.00 secs] 
235.486: Total time for which application threads were stopped: 0.0010370 seconds, Stopping threads took: 0.0001030 seconds
235.487: Application time: 0.0010950 seconds
235.548: [GC235.548: [DefNew: 4215K->391K(4288K), 0.0005790 secs] 9345K->6986K(13888K), 0.0006040 secs] [Times: user=0.00 sys=0.00, real=0.00 secs] 
235.548: Total time for which application threads were stopped: 0.0617280 seconds, Stopping threads took: 0.0610560 seconds
235.549: Application time: 0.0006920 seconds
235.614: [GC235.614: [DefNew: 4216K->4216K(4288K), 0.0000080 secs]235.614: [Tenured: 6595K->4458K(9600K), 0.0064780 secs] 10812K->4458K(13888K), [Perm : 5137K->5137K(21248K)], 0.0065310 secs] [Times: user=0.01 sys=0.00, real=0.00 secs] 
235.620: Total time for which application threads were stopped: 0.0713300 seconds, Stopping threads took: 0.0647230 seconds
235.621: Application time: 0.0006810 seconds
235.691: [GC235.691: [DefNew: 3823K->391K(4288K), 0.0005620 secs] 8281K->6021K(13888K), 0.0005900 secs] [Times: user=0.00 sys=0.00, real=0.00 secs] 
235.692: Total time for which application threads were stopped: 0.0706180 seconds, Stopping threads took: 0.0699470 seconds
235.692: Application time: 0.0003510 seconds
235.725: [GC235.725: [DefNew: 4119K->4119K(4288K), 0.0000070 secs]235.725: [Tenured: 5630K->4459K(9600K), 0.0058210 secs] 9749K->4459K(13888K), [Perm : 5137K->5137K(21248K)], 0.0058690 secs] [Times: user=0.01 sys=0.00, real=0.00 secs] 
235.731: Total time for which application threads were stopped: 0.0391070 seconds, Stopping threads took: 0.0331610 seconds
235.732: Application time: 0.0004750 seconds
235.765: [GC235.765: [DefNew: 3719K->390K(4288K), 0.0008600 secs] 8178K->7877K(13888K), 0.0016290 secs] [Times: user=0.00 sys=0.00, real=0.00 secs] 
235.767: Total time for which application threads were stopped: 0.0348730 seconds, Stopping threads took: 0.0331740 seconds
235.840: Application time: 0.0729290 seconds
235.840: [GC235.840: [DefNew: 4216K->4216K(4288K), 0.0000090 secs]235.840: [Tenured: 7486K->2310K(9600K), 0.0060890 secs] 11702K->2310K(13888K), [Perm : 5137K->5137K(21248K)], 0.0061430 secs] [Times: user=0.00 sys=0.00, real=0.01 secs] 
235.846: Total time for which application threads were stopped: 0.0069580 seconds, Stopping threads took: 0.0007520 seconds
235.847: Application time: 0.0006470 seconds
235.881: [GC235.881: [DefNew: 3823K->392K(4288K), 0.0008460 secs] 6133K->5827K(13888K), 0.0008660 secs] [Times: user=0.00 sys=0.00, real=0.00 secs] 
235.881: Total time for which application threads were stopped: 0.0342400 seconds, Stopping threads took: 0.0333070 seconds
235.882: Application time: 0.0009600 seconds
235.946: [GC235.946: [DefNew: 4113K->391K(4288K), 0.0003070 secs] 9548K->6217K(13888K), 0.0003260 secs] [Times: user=0.00 sys=0.00, real=0.00 secs] 
235.946: Total time for which application threads were stopped: 0.0640290 seconds, Stopping threads took: 0.0636430 seconds
235.947: Application time: 0.0005220 seconds
236.017: [GC236.017: [DefNew: 4197K->4197K(4288K), 0.0000070 secs]236.017: [Tenured: 5826K->3901K(9600K), 0.0059370 secs] 10023K->3901K(13888K), [Perm : 5137K->5137K(21248K)], 0.0059860 secs] [Times: user=0.01 sys=0.00, real=0.00 secs] 
236.023: Total time for which application threads were stopped: 0.0760670 seconds, Stopping threads took: 0.0700040 seconds
236.024: Application time: 0.0005490 seconds
236.061: [GC236.061: [DefNew: 3708K->420K(4288K), 0.0008000 secs] 7609K->6665K(13888K), 0.0008230 secs] [Times: user=0.00 sys=0.00, real=0.00 secs] 
236.062: Total time for which application threads were stopped: 0.0382960 seconds, Stopping threads took: 0.0374240 seconds
236.062: Application time: 0.0004580 seconds
236.096: [GC236.096: [DefNew: 4241K->4241K(4288K), 0.0000060 secs]236.096: [Tenured: 6244K->6997K(9600K), 0.0068620 secs] 10486K->6997K(13888K), [Perm : 5137K->5137K(21248K)], 0.0069040 secs] [Times: user=0.00 sys=0.00, real=0.00 secs] 
236.103: Total time for which application threads were stopped: 0.0403240 seconds, Stopping threads took: 0.0333470 seconds
236.175: Application time: 0.0724320 seconds
236.177: [GC236.177: [DefNew: 3727K->3727K(4288K), 0.0000100 secs]236.177: [Tenured: 6997K->2115K(9600K), 0.0059500 secs] 10725K->2115K(13888K), [Perm : 5137K->5137K(21248K)], 0.0060010 secs] [Times: user=0.01 sys=0.00, real=0.00 secs] 
236.183: Total time for which application threads were stopped: 0.0079110 seconds, Stopping threads took: 0.0018280 seconds
236.184: Application time: 0.0006460 seconds
236.184: [GC236.184: [DefNew: 3771K->440K(4288K), 0.0008890 secs] 5887K->5876K(13888K), 0.0009190 secs] [Times: user=0.00 sys=0.00, real=0.01 secs] 
236.185: Total time for which application threads were stopped: 0.0013720 seconds, Stopping threads took: 0.0003840 seconds
236.185: Application time: 0.0004570 seconds
236.256: [GC236.256: [DefNew: 4195K->4195K(4288K), 0.0000080 secs]236.256: [Tenured: 5435K->4195K(9600K), 0.0062900 secs] 9631K->4195K(13888K), [Perm : 5137K->5137K(21248K)], 0.0063380 secs] [Times: user=0.00 sys=0.00, real=0.00 secs] 
236.262: Total time for which application threads were stopped: 0.0767220 seconds, Stopping threads took: 0.0702950 seconds
236.263: Application time: 0.0005820 seconds
236.317: [GC236.317: [DefNew: 3532K->392K(4288K), 0.0009050 secs] 7727K->7321K(13888K), 0.0009320 secs] [Times: user=0.00 sys=0.00, real=0.00 secs] 
236.318: Total time for which application threads were stopped: 0.0548480 seconds, Stopping threads took: 0.0538410 seconds
236.318: Application time: 0.0006730 seconds
236.319: [GC236.319: [DefNew: 4209K->4209K(4288K), 0.0000060 secs]236.319: [Tenured: 6929K->8295K(9600K), 0.0070480 secs] 11138K->8295K(13888K), [Perm : 5137K->5137K(21248K)], 0.0070900 secs] [Times: user=0.01 sys=0.00, real=0.01 secs] 
236.326: Total time for which application threads were stopped: 0.0076010 seconds, Stopping threads took: 0.0004370 seconds
236.398: Application time: 0.0717930 seconds
236.399: [GC236.399: [DefNew: 3727K->3727K(4288K), 0.0000090 secs]236.399: [Tenured: 8295K->3384K(9600K), 0.0055240 secs] 12023K->3384K(13888K), [Perm : 5137K->5137K(21248K)], 0.0055780 secs] [Times: user=0.00 sys=0.00, real=0.01 secs] 
236.405: Total time for which application threads were stopped: 0.0069480 seconds, Stopping threads took: 0.0012860 seconds
236.405: Application time: 0.0005740 seconds
236.439: [GC236.439: [DefNew: 3708K->420K(4288K), 0.0008590 secs] 7093K->6734K(13888K), 0.0008810 secs] [Times: user=0.00 sys=0.00, real=0.00 secs] 
236.440: Total time for which application threads were stopped: 0.0345680 seconds, Stopping threads took: 0.0336210 seconds
236.440: Application time: 0.0003860 seconds
236.488: [GC236.488: [DefNew: 3950K->3950K(4288K), 0.0000070 secs]236.488: [Tenured: 6314K->5171K(9600K), 0.0058930 secs] 10264K->5171K(13888K), [Perm : 5137K->5137K(21248K)], 0.0059390 secs] [Times: user=0.01 sys=0.00, real=0.01 secs] 
236.494: Total time for which application threads were stopped: 0.0537730 seconds, Stopping threads took: 0.0477770 seconds
236.494: Application time: 0.0004620 seconds
236.548: [GC236.548: [DefNew: 3532K->391K(4288K), 0.0008540 secs] 8703K->8102K(13888K), 0.0008830 secs] [Times: user=0.00 sys=0.00, real=0.00 secs] 
236.549: Total time for which application threads were stopped: 0.0548040 seconds, Stopping threads took: 0.0538690 seconds
236.550: Application time: 0.0008900 seconds
236.620: [GC236.620: [DefNew: 4216K->4216K(4288K), 0.0000070 secs]236.620: [Tenured: 7710K->3901K(9600K), 0.0056780 secs] 11927K->3901K(13888K), [Perm : 5137K->5137K(21248K)], 0.0057290 secs] [Times: user=0.00 sys=0.00, real=0.01 secs] 
236.625: Total time for which application threads were stopped: 0.0753390 seconds, Stopping threads took: 0.0695330 seconds
236.626: Application time: 0.0004280 seconds
236.676: [GC236.676: [DefNew: 3825K->392K(4288K), 0.0008880 secs] 7726K->7027K(13888K), 0.0009140 secs] [Times: user=0.00 sys=0.00, real=0.00 secs] 
236.677: Total time for which application threads were stopped: 0.0510340 seconds, Stopping threads took: 0.0500460 seconds
236.677: Application time: 0.0005660 seconds
236.711: [GC236.711: [DefNew: 4096K->4096K(4288K), 0.0000050 secs]236.711: [Tenured: 6635K->7054K(9600K), 0.0055630 secs] 10731K->7054K(13888K), [Perm : 5137K->5137K(21248K)], 0.0056070 secs] [Times: user=0.01 sys=0.00, real=0.01 secs] 
236.716: Total time for which application threads were stopped: 0.0389790 seconds, Stopping threads took: 0.0333090 seconds
236.789: Application time: 0.0722890 seconds
236.789: [GC236.789: [DefNew: 3727K->3727K(4288K), 0.0000170 secs]236.789: [Tenured: 7054K->2115K(9600K), 0.0051720 secs] 10782K->2115K(13888K), [Perm : 5137K->5137K(21248K)], 0.0052340 secs] [Times: user=0.00 sys=0.00, real=0.01 secs] 
236.795: Total time for which application threads were stopped: 0.0059680 seconds, Stopping threads took: 0.0006550 seconds
236.795: Application time: 0.0005880 seconds
236.796: [GC236.796: [DefNew: 3825K->391K(4288K), 0.0008830 secs] 5940K->5925K(13888K), 0.0009000 secs] [Times: user=0.00 sys=0.00, real=0.00 secs] 
236.797: Total time for which application threads were stopped: 0.0013370 seconds, Stopping threads took: 0.0003870 seconds
236.798: Application time: 0.0011860 seconds
236.868: [GC236.868: [DefNew: 4119K->4119K(4288K), 0.0000100 secs]236.868: [Tenured: 5533K->3189K(9600K), 0.0053400 secs] 9652K->3189K(13888K), [Perm : 5137K->5137K(21248K)], 0.0053940 secs] [Times: user=0.01 sys=0.00, real=0.01 secs] 
236.873: Total time for which application threads were stopped: 0.0754630 seconds, Stopping threads took: 0.0699840 seconds
236.874: Application time: 0.0007020 seconds
236.907: [GC236.907: [DefNew: 3825K->391K(4288K), 0.0009060 secs] 7015K->6706K(13888K), 0.0009290 secs] [Times: user=0.00 sys=0.00, real=0.00 secs] 
236.908: Total time for which application threads were stopped: 0.0342140 seconds, Stopping threads took: 0.0332240 seconds
236.909: Application time: 0.0006120 seconds
236.943: [GC236.943: [DefNew: 4211K->4211K(4288K), 0.0000070 secs]236.943: [Tenured: 6314K->6509K(9600K), 0.0062870 secs] 10525K->6509K(13888K), [Perm : 5137K->5137K(21248K)], 0.0063320 secs] [Times: user=0.01 sys=0.00, real=0.01 secs] 
236.949: Total time for which application threads were stopped: 0.0400670 seconds, Stopping threads took: 0.0336600 seconds
237.021: Application time: 0.0722620 seconds
237.023: [GC237.023: [DefNew: 3708K->3708K(4288K), 0.0000090 secs]237.023: [Tenured: 6509K->1557K(9600K), 0.0058430 secs] 10217K->1557K(13888K), [Perm : 5137K->5137K(21248K)], 0.0058940 secs] [Times: user=0.01 sys=0.00, real=0.01 secs] 
237.029: Total time for which application threads were stopped: 0.0079270 seconds, Stopping threads took: 0.0019520 seconds
237.030: Application time: 0.0005920 seconds
237.030: [GC237.030: [DefNew: 3725K->392K(4288K), 0.0008440 secs] 5283K->5270K(13888K), 0.0008620 secs] [Times: user=0.00 sys=0.00, real=0.00 secs] 
237.031: Total time for which application threads were stopped: 0.0011640 seconds, Stopping threads took: 0.0002510 seconds
237.032: Application time: 0.0013570 seconds
237.101: [GC237.101: [DefNew: 4213K->391K(4288K), 0.0004780 secs] 9091K->6344K(13888K), 0.0004990 secs] [Times: user=0.00 sys=0.00, real=0.00 secs] 
237.102: Total time for which application threads were stopped: 0.0697200 seconds, Stopping threads took: 0.0691570 seconds
237.102: Application time: 0.0003530 seconds
237.164: [GC237.164: [DefNew: 4021K->4021K(4288K), 0.0000070 secs]237.164: [Tenured: 5953K->4068K(9600K), 0.0062400 secs] 9974K->4068K(13888K), [Perm : 5137K->5137K(21248K)], 0.0062870 secs] [Times: user=0.00 sys=0.00, real=0.01 secs] 
237.170: Total time for which application threads were stopped: 0.0679850 seconds, Stopping threads took: 0.0616200 seconds
237.171: Application time: 0.0005430 seconds
237.204: [GC237.204: [DefNew: 3819K->391K(4288K), 0.0008520 secs] 7888K->7585K(13888K), 0.0008720 secs] [Times: user=0.00 sys=0.00, real=0.00 secs] 
237.205: Total time for which application threads were stopped: 0.0344540 seconds, Stopping threads took: 0.0335300 seconds
237.278: Application time: 0.0722830 seconds
237.279: [GC237.279: [DefNew: 3923K->3923K(4288K), 0.0000090 secs]237.279: [Tenured: 7193K->1725K(9600K), 0.0051170 secs] 11117K->1725K(13888K), [Perm : 5137K->5137K(21248K)], 0.0051690 secs] [Times: user=0.00 sys=0.00, real=0.00 secs] 
237.284: Total time for which application threads were stopped: 0.0065330 seconds, Stopping threads took: 0.0012950 seconds
237.285: Application time: 0.0006630 seconds
237.285: [GC237.285: [DefNew: 3774K->440K(4288K), 0.0009090 secs] 5499K->5486K(13888K), 0.0009300 secs] [Times: user=0.01 sys=0.00, real=0.00 secs] 
237.286: Total time for which application threads were stopped: 0.0012750 seconds, Stopping threads took: 0.0002910 seconds
237.287: Application time: 0.0007510 seconds
237.357: [GC237.357: [DefNew: 4096K->419K(4288K), 0.0006020 secs] 9142K->6833K(13888K), 0.0006290 secs] [Times: user=0.00 sys=0.00, real=0.00 secs] 
237.358: Total time for which application threads were stopped: 0.0711730 seconds, Stopping threads took: 0.0704690 seconds
237.358: Application time: 0.0003780 seconds
237.420: [GC237.420: [DefNew: 4049K->4049K(4288K), 0.0000070 secs]237.420: [Tenured: 6413K->4097K(9600K), 0.0062720 secs] 10463K->4097K(13888K), [Perm : 5137K->5137K(21248K)], 0.0063180 secs] [Times: user=0.00 sys=0.00, real=0.01 secs] 
237.426: Total time for which application threads were stopped: 0.0681430 seconds, Stopping threads took: 0.0617700 seconds
237.427: Application time: 0.0004540 seconds
237.460: [GC237.460: [DefNew: 3725K->391K(4288K), 0.0008030 secs] 7822K->7223K(13888K), 0.0008230 secs] [Times: user=0.00 sys=0.00, real=0.00 secs] 
237.461: Total time for which application threads were stopped: 0.0339070 seconds, Stopping threads took: 0.0330180 seconds
237.462: Application time: 0.0013830 seconds
237.532: [GC237.532: [DefNew: 4115K->4115K(4288K), 0.0000080 secs]237.532: [Tenured: 6831K->3316K(9600K), 0.0061410 secs] 10946K->3316K(13888K), [Perm : 5137K->5137K(21248K)], 0.0061880 secs] [Times: user=0.00 sys=0.00, real=0.01 secs] 
237.538: Total time for which application threads were stopped: 0.0760270 seconds, Stopping threads took: 0.0697610 seconds
237.539: Application time: 0.0006110 seconds
237.585: [GC237.585: [DefNew: 3775K->441K(4288K), 0.0008730 secs] 7092K->6491K(13888K), 0.0008960 secs] [Times: user=0.00 sys=0.00, real=0.00 secs] 
237.586: Total time for which application threads were stopped: 0.0470460 seconds, Stopping threads took: 0.0460820 seconds
237.586: Application time: 0.0004690 seconds
237.587: [GC237.587: [DefNew: 4192K->4192K(4288K), 0.0000070 secs]237.587: [Tenured: 6050K->8169K(9600K), 0.0059820 secs] 10243K->8169K(13888K), [Perm : 5137K->5137K(21248K)], 0.0060270 secs] [Times: user=0.00 sys=0.00, real=0.01 secs] 
237.593: Total time for which application threads were stopped: 0.0064450 seconds, Stopping threads took: 0.0003510 seconds
237.666: Application time: 0.0727080 seconds
237.667: [GC237.667: [DefNew: 3727K->3727K(4288K), 0.0000100 secs]237.667: [Tenured: 8169K->3287K(9600K), 0.0061540 secs] 11897K->3287K(13888K), [Perm : 5137K->5137K(21248K)], 0.0062090 secs] [Times: user=0.00 sys=0.00, real=0.01 secs] 
237.673: Total time for which application threads were stopped: 0.0072880 seconds, Stopping threads took: 0.0009970 seconds
237.673: Application time: 0.0005770 seconds
237.707: [GC237.707: [DefNew: 3803K->420K(4288K), 0.0008030 secs] 7091K->6441K(13888K), 0.0008220 secs] [Times: user=0.00 sys=0.00, real=0.00 secs] 
237.708: Total time for which application threads were stopped: 0.0345430 seconds, Stopping threads took: 0.0336760 seconds
237.709: Application time: 0.0006380 seconds
237.779: [GC237.779: [DefNew: 4241K->4241K(4288K), 0.0000070 secs]237.779: [Tenured: 6021K->4781K(9600K), 0.0059520 secs] 10263K->4781K(13888K), [Perm : 5137K->5137K(21248K)], 0.0059990 secs] [Times: user=0.00 sys=0.00, real=0.01 secs] 
237.785: Total time for which application threads were stopped: 0.0760150 seconds, Stopping threads took: 0.0699390 seconds
237.785: Application time: 0.0005950 seconds
237.837: [GC237.837: [DefNew: 3708K->419K(4288K), 0.0008680 secs] 8489K->8033K(13888K), 0.0008930 secs] [Times: user=0.00 sys=0.00, real=0.00 secs] 
237.838: Total time for which application threads were stopped: 0.0531620 seconds, Stopping threads took: 0.0522080 seconds
237.839: Application time: 0.0004160 seconds
237.902: [GC237.902: [DefNew: 4049K->4049K(4288K), 0.0000100 secs]237.902: [Tenured: 7613K->4125K(9600K), 0.0063730 secs] 11663K->4125K(13888K), [Perm : 5137K->5137K(21248K)], 0.0064250 secs] [Times: user=0.01 sys=0.00, real=0.01 secs] 
237.909: Total time for which application threads were stopped: 0.0698970 seconds, Stopping threads took: 0.0633810 seconds
237.909: Application time: 0.0005140 seconds
237.943: [GC237.943: [DefNew: 3723K->294K(4288K), 0.0008790 secs] 7849K->7545K(13888K), 0.0009110 secs] [Times: user=0.00 sys=0.00, real=0.00 secs] 
237.944: Total time for which application threads were stopped: 0.0343660 seconds, Stopping threads took: 0.0333860 seconds
238.016: Application time: 0.0726420 seconds
238.017: [GC238.017: [DefNew: 4119K->4119K(4288K), 0.0000090 secs]238.017: [Tenured: 7250K->1920K(9600K), 0.0051620 secs] 11370K->1920K(13888K), [Perm : 5137K->5137K(21248K)], 0.0052130 secs] [Times: user=0.01 sys=0.00, real=0.00 secs] 
238.022: Total time for which application threads were stopped: 0.0059680 seconds, Stopping threads took: 0.0006760 seconds
238.023: Application time: 0.0006520 seconds
238.023: [GC238.023: [DefNew: 3775K->440K(4288K), 0.0009190 secs] 5696K->5681K(13888K), 0.0009360 secs] [Times: user=0.01 sys=0.00, real=0.00 secs] 
238.024: Total time for which application threads were stopped: 0.0012540 seconds, Stopping threads took: 0.0002540 seconds
238.025: Application time: 0.0009620 seconds
238.095: [GC238.095: [DefNew: 4194K->419K(4288K), 0.0002890 secs] 9435K->5661K(13888K), 0.0003130 secs] [Times: user=0.00 sys=0.00, real=0.00 secs] 
238.095: Total time for which application threads were stopped: 0.0703630 seconds, Stopping threads took: 0.0699840 seconds
238.096: Application time: 0.0003640 seconds
238.129: [GC238.129: [DefNew: 4147K->391K(4288K), 0.0007600 secs] 9389K->8396K(13888K), 0.0007820 secs] [Times: user=0.00 sys=0.00, real=0.00 secs] 
238.130: Total time for which application threads were stopped: 0.0342900 seconds, Stopping threads took: 0.0334630 seconds
238.131: Application time: 0.0005290 seconds
238.164: [GC238.164: [DefNew: 4111K->4111K(4288K), 0.0000070 secs]238.164: [Tenured: 8004K->7124K(9600K), 0.0069280 secs] 12115K->7124K(13888K), [Perm : 5137K->5137K(21248K)], 0.0069690 secs] [Times: user=0.01 sys=0.00, real=0.01 secs] 
238.171: Total time for which application threads were stopped: 0.0401720 seconds, Stopping threads took: 0.0331280 seconds
238.243: Application time: 0.0718910 seconds
238.245: [GC238.245: [DefNew: 3825K->3825K(4288K), 0.0000090 secs]238.245: [Tenured: 7124K->2730K(9600K), 0.0052210 secs] 10949K->2730K(13888K), [Perm : 5137K->5137K(21248K)], 0.0052750 secs] [Times: user=0.00 sys=0.00, real=0.00 secs] 
238.251: Total time for which application threads were stopped: 0.0080200 seconds, Stopping threads took: 0.0026640 seconds
238.251: Application time: 0.0005330 seconds
238.284: [GC238.284: [DefNew: 3823K->391K(4288K), 0.0008350 secs] 6553K->6247K(13888K), 0.0008580 secs] [Times: user=0.00 sys=0.00, real=0.01 secs] 
238.285: Total time for which application threads were stopped: 0.0337750 seconds, Stopping threads took: 0.0328730 seconds
238.285: Application time: 0.0004230 seconds
238.328: [GC238.328: [DefNew: 4115K->4115K(4288K), 0.0000070 secs]238.328: [Tenured: 5855K->5953K(9600K), 0.0060050 secs] 9970K->5953K(13888K), [Perm : 5137K->5137K(21248K)], 0.0060500 secs] [Times: user=0.00 sys=0.00, real=0.01 secs] 
238.334: Total time for which application threads were stopped: 0.0490030 seconds, Stopping threads took: 0.0429000 seconds
238.335: Application time: 0.0009190 seconds
238.406: [GC238.406: [DefNew: 3825K->3825K(4288K), 0.0000080 secs]238.406: [Tenured: 5953K->3971K(9600K), 0.0055170 secs] 9778K->3971K(13888K), [Perm : 5137K->5137K(21248K)], 0.0055700 secs] [Times: user=0.01 sys=0.00, real=0.00 secs] 
238.411: Total time for which application threads were stopped: 0.0759230 seconds, Stopping threads took: 0.0702810 seconds
238.412: Application time: 0.0005210 seconds
238.446: [GC238.446: [DefNew: 3610K->420K(4288K), 0.0008380 secs] 7581K->6930K(13888K), 0.0008640 secs] [Times: user=0.00 sys=0.00, real=0.00 secs] 
238.447: Total time for which application threads were stopped: 0.0349380 seconds, Stopping threads took: 0.0340010 seconds
238.447: Application time: 0.0003640 seconds
238.480: [GC238.480: [DefNew: 4243K->4243K(4288K), 0.0000070 secs]238.480: [Tenured: 6510K->4878K(9600K), 0.0056110 secs] 10753K->4878K(13888K), [Perm : 5137K->5137K(21248K)], 0.0056660 secs] [Times: user=0.01 sys=0.00, real=0.01 secs] 
238.486: Total time for which application threads were stopped: 0.0389210 seconds, Stopping threads took: 0.0332010 seconds
238.487: Application time: 0.0007940 seconds
238.552: [GC238.552: [DefNew: 3821K->391K(4288K), 0.0008640 secs] 8699K->7809K(13888K), 0.0008920 secs] [Times: user=0.00 sys=0.00, real=0.00 secs] 
238.553: Total time for which application threads were stopped: 0.0665560 seconds, Stopping threads took: 0.0655900 seconds
238.554: Application time: 0.0007040 seconds
238.624: [GC238.624: [DefNew: 4216K->4216K(4288K), 0.0000070 secs]238.624: [Tenured: 7417K->3901K(9600K), 0.0049510 secs] 11634K->3901K(13888K), [Perm : 5137K->5137K(21248K)], 0.0050000 secs] [Times: user=0.01 sys=0.00, real=0.01 secs] 
238.629: Total time for which application threads were stopped: 0.0750140 seconds, Stopping threads took: 0.0699340 seconds
238.630: Application time: 0.0005240 seconds
238.680: [GC238.680: [DefNew: 3482K->391K(4288K), 0.0007320 secs] 7384K->6637K(13888K), 0.0007550 secs] [Times: user=0.00 sys=0.00, real=0.00 secs] 
238.680: Total time for which application threads were stopped: 0.0507950 seconds, Stopping threads took: 0.0499830 seconds
238.681: Application time: 0.0003690 seconds
238.715: [GC238.715: [DefNew: 4143K->4143K(4288K), 0.0000070 secs]238.715: [Tenured: 6245K->5688K(9600K), 0.0058890 secs] 10389K->5688K(13888K), [Perm : 5137K->5137K(21248K)], 0.0059320 secs] [Times: user=0.00 sys=0.00, real=0.00 secs] 
238.721: Total time for which application threads were stopped: 0.0398700 seconds, Stopping threads took: 0.0338630 seconds
238.722: Application time: 0.0009090 seconds
238.792: [GC238.792: [DefNew: 3727K->391K(4288K), 0.0005940 secs] 9415K->7251K(13888K), 0.0006240 secs] [Times: user=0.00 sys=0.00, real=0.01 secs] 
238.792: Total time for which application threads were stopped: 0.0708520 seconds, Stopping threads took: 0.0701740 seconds
238.793: Application time: 0.0003690 seconds
238.840: [GC238.840: [DefNew: 4119K->4119K(4288K), 0.0000070 secs]238.840: [Tenured: 6859K->4459K(9600K), 0.0064720 secs] 10979K->4459K(13888K), [Perm : 5137K->5137K(21248K)], 0.0065160 secs] [Times: user=0.00 sys=0.00, real=0.01 secs] 
238.847: Total time for which application threads were stopped: 0.0537050 seconds, Stopping threads took: 0.0471130 seconds
238.847: Application time: 0.0005350 seconds
238.880: [GC238.880: [DefNew: 3719K->293K(4288K), 0.0008200 secs] 8179K->7878K(13888K), 0.0008420 secs] [Times: user=0.00 sys=0.00, real=0.00 secs] 
238.881: Total time for which application threads were stopped: 0.0339030 seconds, Stopping threads took: 0.0330120 seconds
238.953: Application time: 0.0721950 seconds
238.954: [GC238.954: [DefNew: 4001K->4001K(4288K), 0.0000090 secs]238.954: [Tenured: 7585K->2144K(9600K), 0.0058840 secs] 11586K->2144K(13888K), [Perm : 5137K->5137K(21248K)], 0.0059380 secs] [Times: user=0.01 sys=0.00, real=0.00 secs] 
238.960: Total time for which application threads were stopped: 0.0069480 seconds, Stopping threads took: 0.0009190 seconds
238.961: Application time: 0.0005730 seconds
239.007: [GC239.007: [DefNew: 3825K->392K(4288K), 0.0008230 secs] 5970K->5662K(13888K), 0.0008420 secs] [Times: user=0.00 sys=0.00, real=0.00 secs] 
239.008: Total time for which application threads were stopped: 0.0474520 seconds, Stopping threads took: 0.0465590 seconds
239.009: Application time: 0.0006780 seconds
239.043: [GC239.043: [DefNew: 4213K->293K(4288K), 0.0008170 secs] 9483K->8493K(13888K), 0.0008370 secs] [Times: user=0.00 sys=0.00, real=0.00 secs] 
239.044: Total time for which application threads were stopped: 0.0349030 seconds, Stopping threads took: 0.0340030 seconds
239.116: Application time: 0.0724690 seconds
239.117: [GC239.118: [DefNew: 4118K->4118K(4288K), 0.0000090 secs]239.118: [Tenured: 8200K->1755K(9600K), 0.0059170 secs] 12319K->1755K(13888K), [Perm : 5137K->5137K(21248K)], 0.0059700 secs] [Times: user=0.01 sys=0.00, real=0.00 secs] 
239.124: Total time for which application threads were stopped: 0.0073230 seconds, Stopping threads took: 0.0012640 seconds
239.124: Application time: 0.0006010 seconds
239.124: [GC239.124: [DefNew: 3725K->392K(4288K), 0.0008710 secs] 5480K->5467K(13888K), 0.0008890 secs] [Times: user=0.00 sys=0.00, real=0.00 secs] 
239.125: Total time for which application threads were stopped: 0.0011970 seconds, Stopping threads took: 0.0002700 seconds
239.127: Application time: 0.0018040 seconds
239.191: [GC239.191: [DefNew: 4215K->293K(4288K), 0.0006140 secs] 9290K->7127K(13888K), 0.0006350 secs] [Times: user=0.00 sys=0.00, real=0.00 secs] 
239.191: Total time for which application threads were stopped: 0.0640690 seconds, Stopping threads took: 0.0633900 seconds
239.192: Application time: 0.0006720 seconds
239.255: [GC239.255: [DefNew: 4118K->4118K(4288K), 0.0000080 secs]239.255: [Tenured: 6834K->4489K(9600K), 0.0058310 secs] 10953K->4489K(13888K), [Perm : 5137K->5137K(21248K)], 0.0058800 secs] [Times: user=0.01 sys=0.00, real=0.00 secs] 
239.261: Total time for which application threads were stopped: 0.0686470 seconds, Stopping threads took: 0.0626890 seconds
239.261: Application time: 0.0006350 seconds
239.323: [GC239.323: [DefNew: 3805K->420K(4288K), 0.0008080 secs] 8295K->7057K(13888K), 0.0008350 secs] [Times: user=0.00 sys=0.00, real=0.00 secs] 
239.324: Total time for which application threads were stopped: 0.0631390 seconds, Stopping threads took: 0.0622300 seconds
239.325: Application time: 0.0004070 seconds
239.387: [GC239.387: [DefNew: 4245K->4245K(4288K), 0.0000060 secs]239.387: [Tenured: 6637K->4459K(9600K), 0.0064510 secs] 10883K->4459K(13888K), [Perm : 5137K->5137K(21248K)], 0.0064930 secs] [Times: user=0.01 sys=0.00, real=0.01 secs] 
239.394: Total time for which application threads were stopped: 0.0690880 seconds, Stopping threads took: 0.0625210 seconds
239.394: Application time: 0.0006750 seconds
239.434: [GC239.434: [DefNew: 3721K->391K(4288K), 0.0008130 secs] 8181K->7878K(13888K), 0.0008360 secs] [Times: user=0.00 sys=0.00, real=0.00 secs] 
239.435: Total time for which application threads were stopped: 0.0404090 seconds, Stopping threads took: 0.0395050 seconds
239.507: Application time: 0.0724000 seconds
239.508: [GC239.508: [DefNew: 4216K->4216K(4288K), 0.0000100 secs]239.508: [Tenured: 7487K->2311K(9600K), 0.0060210 secs] 11703K->2311K(13888K), [Perm : 5137K->5137K(21248K)], 0.0060710 secs] [Times: user=0.00 sys=0.00, real=0.01 secs] 
239.514: Total time for which application threads were stopped: 0.0065100 seconds, Stopping threads took: 0.0003500 seconds
239.514: Application time: 0.0006640 seconds
239.548: [GC239.548: [DefNew: 3676K->440K(4288K), 0.0008530 secs] 5987K->5681K(13888K), 0.0008770 secs] [Times: user=0.00 sys=0.00, real=0.00 secs] 
239.549: Total time for which application threads were stopped: 0.0341260 seconds, Stopping threads took: 0.0331800 seconds
239.549: Application time: 0.0006910 seconds
239.620: [GC239.620: [DefNew: 4166K->293K(4288K), 0.0005780 secs] 9407K->6951K(13888K), 0.0006050 secs] [Times: user=0.00 sys=0.00, real=0.00 secs] 
239.620: Total time for which application threads were stopped: 0.0708810 seconds, Stopping threads took: 0.0702070 seconds
239.620: Application time: 0.0003240 seconds
239.667: [GC239.667: [DefNew: 3951K->3951K(4288K), 0.0000070 secs]239.667: [Tenured: 6657K->4683K(9600K), 0.0062800 secs] 10609K->4683K(13888K), [Perm : 5137K->5137K(21248K)], 0.0063270 secs] [Times: user=0.01 sys=0.00, real=0.01 secs] 
239.674: Total time for which application threads were stopped: 0.0532260 seconds, Stopping threads took: 0.0468230 seconds
239.674: Application time: 0.0004550 seconds
239.708: [GC239.708: [DefNew: 3823K->391K(4288K), 0.0008420 secs] 8506K->7907K(13888K), 0.0008640 secs] [Times: user=0.00 sys=0.00, real=0.00 secs] 
239.708: Total time for which application threads were stopped: 0.0343130 seconds, Stopping threads took: 0.0333850 seconds
239.781: Application time: 0.0725060 seconds
239.783: [GC239.783: [DefNew: 4216K->4216K(4288K), 0.0000100 secs]239.783: [Tenured: 7515K->1559K(9600K), 0.0058270 secs] 11732K->1559K(13888K), [Perm : 5137K->5137K(21248K)], 0.0058870 secs] [Times: user=0.00 sys=0.00, real=0.01 secs] 
239.788: Total time for which application threads were stopped: 0.0074430 seconds, Stopping threads took: 0.0014770 seconds
239.789: Application time: 0.0006510 seconds
239.789: [GC239.789: [DefNew: 3656K->445K(4288K), 0.0008670 secs] 5215K->5161K(13888K), 0.0008850 secs] [Times: user=0.00 sys=0.00, real=0.00 secs] 
239.790: Total time for which application threads were stopped: 0.0011150 seconds, Stopping threads took: 0.0001900 seconds
239.791: Application time: 0.0005890 seconds
239.836: [GC239.836: [DefNew: 4196K->419K(4288K), 0.0009310 secs] 8913K->8274K(13888K), 0.0009520 secs] [Times: user=0.00 sys=0.00, real=0.00 secs] 
239.837: Total time for which application threads were stopped: 0.0466690 seconds, Stopping threads took: 0.0456540 seconds
239.910: Application time: 0.0727680 seconds
239.914: [GC239.914: [DefNew: 4147K->4147K(4288K), 0.0000100 secs]239.914: [Tenured: 7854K->1725K(9600K), 0.0057910 secs] 12001K->1725K(13888K), [Perm : 5137K->5137K(21248K)], 0.0058420 secs] [Times: user=0.01 sys=0.00, real=0.00 secs] 
239.919: Total time for which application threads were stopped: 0.0091700 seconds, Stopping threads took: 0.0032460 seconds
239.920: Application time: 0.0006350 seconds
239.920: [GC239.920: [DefNew: 3833K->400K(4288K), 0.0009320 secs] 5559K->5544K(13888K), 0.0009550 secs] [Times: user=0.00 sys=0.00, real=0.00 secs] 
239.921: Total time for which application threads were stopped: 0.0012770 seconds, Stopping threads took: 0.0002520 seconds
239.922: Application time: 0.0007400 seconds
239.988: [GC239.988: [DefNew: 4194K->419K(4288K), 0.0008940 secs] 9337K->8298K(13888K), 0.0009190 secs] [Times: user=0.00 sys=0.00, real=0.00 secs] 
239.989: Total time for which application threads were stopped: 0.0668390 seconds, Stopping threads took: 0.0658730 seconds
239.990: Application time: 0.0008980 seconds
240.060: [GC240.060: [DefNew: 4244K->4244K(4288K), 0.0000090 secs]240.060: [Tenured: 7879K->4879K(9600K), 0.0064040 secs] 12123K->4879K(13888K), [Perm : 5137K->5137K(21248K)], 0.0064580 secs] [Times: user=0.01 sys=0.00, real=0.01 secs] 
240.066: Total time for which application threads were stopped: 0.0765470 seconds, Stopping threads took: 0.0700000 seconds
240.067: Application time: 0.0005410 seconds
240.100: [GC240.100: [DefNew: 3630K->391K(4288K), 0.0009650 secs] 8509K->8396K(13888K), 0.0009880 secs] [Times: user=0.00 sys=0.00, real=0.00 secs] 
240.101: Total time for which application threads were stopped: 0.0345990 seconds, Stopping threads took: 0.0335400 seconds
240.102: Application time: 0.0004570 seconds
240.166: [GC240.166: [DefNew: 4216K->4216K(4288K), 0.0000070 secs]240.166: [Tenured: 8005K->4782K(9600K), 0.0057520 secs] 12221K->4782K(13888K), [Perm : 5137K->5137K(21248K)], 0.0057980 secs] [Times: user=0.01 sys=0.00, real=0.00 secs] 
240.172: Total time for which application threads were stopped: 0.0701330 seconds, Stopping threads took: 0.0642560 seconds
240.173: Application time: 0.0006310 seconds
240.207: [GC240.207: [DefNew: 3821K->391K(4288K), 0.0008830 secs] 8603K->8298K(13888K), 0.0009090 secs] [Times: user=0.00 sys=0.00, real=0.00 secs] 
240.208: Total time for which application threads were stopped: 0.0348450 seconds, Stopping threads took: 0.0338780 seconds
240.208: Application time: 0.0007790 seconds
240.279: [GC240.279: [DefNew: 4216K->4216K(4288K), 0.0000090 secs]240.279: [Tenured: 7907K->3805K(9600K), 0.0059990 secs] 12124K->3805K(13888K), [Perm : 5137K->5137K(21248K)], 0.0060530 secs] [Times: user=0.00 sys=0.00, real=0.01 secs] 
240.285: Total time for which application threads were stopped: 0.0764410 seconds, Stopping threads took: 0.0702960 seconds
240.285: Application time: 0.0005260 seconds
240.319: [GC240.319: [DefNew: 3825K->391K(4288K), 0.0009700 secs] 7631K->7517K(13888K), 0.0009940 secs] [Times: user=0.01 sys=0.00, real=0.00 secs] 
240.320: Total time for which application threads were stopped: 0.0342520 seconds, Stopping threads took: 0.0331870 seconds
240.320: Application time: 0.0004860 seconds
240.383: [GC240.383: [DefNew: 4117K->4117K(4288K), 0.0000070 secs]240.383: [Tenured: 7126K->4459K(9600K), 0.0065000 secs] 11243K->4459K(13888K), [Perm : 5137K->5137K(21248K)], 0.0065540 secs] [Times: user=0.01 sys=0.00, real=0.01 secs] 
240.389: Total time for which application threads were stopped: 0.0694260 seconds, Stopping threads took: 0.0627970 seconds
240.390: Application time: 0.0004930 seconds
240.455: [GC240.455: [DefNew: 3532K->392K(4288K), 0.0007220 secs] 7992K->6805K(13888K), 0.0007450 secs] [Times: user=0.00 sys=0.00, real=0.00 secs] 
240.456: Total time for which application threads were stopped: 0.0658280 seconds, Stopping threads took: 0.0650100 seconds
240.456: Application time: 0.0004850 seconds
240.457: [GC240.457: [DefNew: 4076K->4076K(4288K), 0.0000060 secs]240.457: [Tenured: 6413K->7251K(9600K), 0.0060500 secs] 10490K->7251K(13888K), [Perm : 5137K->5137K(21248K)], 0.0060970 secs] [Times: user=0.00 sys=0.00, real=0.00 secs] 
240.463: Total time for which application threads were stopped: 0.0068720 seconds, Stopping threads took: 0.0006980 seconds
240.536: Application time: 0.0724940 seconds
240.538: [GC240.538: [DefNew: 3825K->3825K(4288K), 0.0000090 secs]240.538: [Tenured: 7251K->2466K(9600K), 0.0049460 secs] 11076K->2466K(13888K), [Perm : 5137K->5137K(21248K)], 0.0050010 secs] [Times: user=0.00 sys=0.00, real=0.00 secs] 
240.543: Total time for which application threads were stopped: 0.0074820 seconds, Stopping threads took: 0.0024000 seconds
240.544: Application time: 0.0005580 seconds
240.577: [GC240.577: [DefNew: 3532K->392K(4288K), 0.0008350 secs] 5998K->5983K(13888K), 0.0008540 secs] [Times: user=0.00 sys=0.00, real=0.00 secs] 
240.578: Total time for which application threads were stopped: 0.0341410 seconds, Stopping threads took: 0.0332190 seconds
240.578: Application time: 0.0005850 seconds
240.612: [GC240.612: [DefNew: 4211K->4211K(4288K), 0.0000060 secs]240.612: [Tenured: 5591K->7641K(9600K), 0.0062590 secs] 9802K->7641K(13888K), [Perm : 5137K->5137K(21248K)], 0.0063050 secs] [Times: user=0.01 sys=0.00, real=0.01 secs] 
240.618: Total time for which application threads were stopped: 0.0394400 seconds, Stopping threads took: 0.0330570 seconds
240.690: Application time: 0.0719310 seconds
240.692: [GC240.692: [DefNew: 3532K->3532K(4288K), 0.0000100 secs]240.692: [Tenured: 7641K->2506K(9600K), 0.0053520 secs] 11174K->2506K(13888K), [Perm : 5137K->5137K(21248K)], 0.0054140 secs] [Times: user=0.01 sys=0.00, real=0.01 secs] 
240.698: Total time for which application threads were stopped: 0.0078930 seconds, Stopping threads took: 0.0024160 seconds
240.698: Application time: 0.0005210 seconds
240.731: [GC240.731: [DefNew: 3823K->392K(4288K), 0.0008300 secs] 6330K->6024K(13888K), 0.0008490 secs] [Times: user=0.00 sys=0.00, real=0.00 secs] 
240.732: Total time for which application threads were stopped: 0.0338550 seconds, Stopping threads took: 0.0329440 seconds
240.733: Application time: 0.0006770 seconds
240.797: [GC240.797: [DefNew: 4213K->4213K(4288K), 0.0000070 secs]240.797: [Tenured: 5632K->4753K(9600K), 0.0059270 secs] 9845K->4753K(13888K), [Perm : 5137K->5137K(21248K)], 0.0059850 secs] [Times: user=0.01 sys=0.00, real=0.00 secs] 
240.803: Total time for which application threads were stopped: 0.0706940 seconds, Stopping threads took: 0.0646300 seconds
240.804: Application time: 0.0004470 seconds
240.855: [GC240.855: [DefNew: 3630K->391K(4288K), 0.0009890 secs] 8383K->7489K(13888K), 0.0010220 secs] [Times: user=0.00 sys=0.00, real=0.00 secs] 
240.856: Total time for which application threads were stopped: 0.0524960 seconds, Stopping threads took: 0.0513950 seconds
240.857: Application time: 0.0004730 seconds
240.891: [GC240.891: [DefNew: 4115K->4115K(4288K), 0.0000050 secs]240.891: [Tenured: 7097K->6706K(9600K), 0.0061670 secs] 11212K->6706K(13888K), [Perm : 5137K->5137K(21248K)], 0.0062100 secs] [Times: user=0.01 sys=0.00, real=0.01 secs] 
240.897: Total time for which application threads were stopped: 0.0399380 seconds, Stopping threads took: 0.0336660 seconds
240.969: Application time: 0.0722400 seconds
240.970: [GC240.970: [DefNew: 3825K->3825K(4288K), 0.0000100 secs]240.970: [Tenured: 6706K->1921K(9600K), 0.0058630 secs] 10531K->1921K(13888K), [Perm : 5137K->5137K(21248K)], 0.0059160 secs] [Times: user=0.01 sys=0.00, real=0.01 secs] 
240.976: Total time for which application threads were stopped: 0.0066840 seconds, Stopping threads took: 0.0006870 seconds
240.976: Application time: 0.0006630 seconds
240.977: [GC240.977: [DefNew: 3774K->391K(4288K), 0.0008650 secs] 5695K->5633K(13888K), 0.0008830 secs] [Times: user=0.00 sys=0.00, real=0.00 secs] 
240.978: Total time for which application threads were stopped: 0.0013550 seconds, Stopping threads took: 0.0004110 seconds
240.978: Application time: 0.0007040 seconds
241.040: [GC241.040: [DefNew: 4143K->419K(4288K), 0.0008910 secs] 9385K->8201K(13888K), 0.0009160 secs] [Times: user=0.00 sys=0.00, real=0.00 secs] 
241.041: Total time for which application threads were stopped: 0.0625560 seconds, Stopping threads took: 0.0615710 seconds
241.042: Application time: 0.0009200 seconds
241.106: [GC241.106: [DefNew: 4225K->4225K(4288K), 0.0000070 secs]241.106: [Tenured: 7781K->4460K(9600K), 0.0058880 secs] 12007K->4460K(13888K), [Perm : 5137K->5137K(21248K)], 0.0059380 secs] [Times: user=0.00 sys=0.00, real=0.00 secs] 
241.112: Total time for which application threads were stopped: 0.0696460 seconds, Stopping threads took: 0.0636190 seconds
241.112: Application time: 0.0005230 seconds
241.146: [GC241.146: [DefNew: 3630K->391K(4288K), 0.0009660 secs] 8090K->7976K(13888K), 0.0009900 secs] [Times: user=0.00 sys=0.00, real=0.00 secs] 
241.147: Total time for which application threads were stopped: 0.0347220 seconds, Stopping threads took: 0.0336610 seconds
241.147: Application time: 0.0003930 seconds
241.212: [GC241.212: [DefNew: 4118K->4118K(4288K), 0.0000070 secs]241.212: [Tenured: 7585K->4265K(9600K), 0.0064720 secs] 11704K->4265K(13888K), [Perm : 5137K->5137K(21248K)], 0.0065190 secs] [Times: user=0.01 sys=0.00, real=0.00 secs] 
241.219: Total time for which application threads were stopped: 0.0716100 seconds, Stopping threads took: 0.0650350 seconds
241.219: Application time: 0.0005610 seconds
241.252: [GC241.252: [DefNew: 3725K->391K(4288K), 0.0008820 secs] 7990K->7879K(13888K), 0.0009060 secs] [Times: user=0.00 sys=0.00, real=0.00 secs] 
241.253: Total time for which application threads were stopped: 0.0338680 seconds, Stopping threads took: 0.0328920 seconds
241.326: Application time: 0.0722210 seconds
241.327: [GC241.327: [DefNew: 4216K->4216K(4288K), 0.0000100 secs]241.327: [Tenured: 7488K->2116K(9600K), 0.0059940 secs] 11704K->2116K(13888K), [Perm : 5137K->5137K(21248K)], 0.0060470 secs] [Times: user=0.01 sys=0.00, real=0.01 secs] 
241.333: Total time for which application threads were stopped: 0.0079240 seconds, Stopping threads took: 0.0017960 seconds
241.334: Application time: 0.0006050 seconds
241.367: [GC241.367: [DefNew: 3825K->391K(4288K), 0.0008160 secs] 5942K->5633K(13888K), 0.0008360 secs] [Times: user=0.00 sys=0.00, real=0.00 secs] 
241.368: Total time for which application threads were stopped: 0.0342200 seconds, Stopping threads took: 0.0333320 seconds
241.369: Application time: 0.0006160 seconds
241.434: [GC241.434: [DefNew: 4215K->390K(4288K), 0.0008070 secs] 9456K->8172K(13888K), 0.0008290 secs] [Times: user=0.00 sys=0.00, real=0.00 secs] 
241.435: Total time for which application threads were stopped: 0.0658310 seconds, Stopping threads took: 0.0649580 seconds
241.435: Application time: 0.0007230 seconds
241.499: [GC241.499: [DefNew: 4216K->4216K(4288K), 0.0000080 secs]241.499: [Tenured: 7781K->3874K(9600K), 0.0063120 secs] 11997K->3874K(13888K), [Perm : 5137K->5137K(21248K)], 0.0063640 secs] [Times: user=0.01 sys=0.00, real=0.01 secs] 
241.506: Total time for which application threads were stopped: 0.0701220 seconds, Stopping threads took: 0.0636790 seconds
241.506: Application time: 0.0005490 seconds
241.540: [GC241.540: [DefNew: 3489K->395K(4288K), 0.0007670 secs] 7363K->6613K(13888K), 0.0007980 secs] [Times: user=0.00 sys=0.00, real=0.00 secs] 
241.541: Total time for which application threads were stopped: 0.0345750 seconds, Stopping threads took: 0.0337060 seconds
241.541: Application time: 0.0003740 seconds
241.603: [GC241.603: [DefNew: 4047K->4047K(4288K), 0.0000060 secs]241.603: [Tenured: 6218K->4460K(9600K), 0.0063380 secs] 10266K->4460K(13888K), [Perm : 5137K->5137K(21248K)], 0.0063820 secs] [Times: user=0.00 sys=0.00, real=0.01 secs] 
241.610: Total time for which application threads were stopped: 0.0686460 seconds, Stopping threads took: 0.0621900 seconds
241.610: Application time: 0.0004360 seconds
241.649: [GC241.649: [DefNew: 3625K->293K(4288K), 0.0008120 secs] 8086K->7489K(13888K), 0.0008350 secs] [Times: user=0.01 sys=0.00, real=0.00 secs] 
241.650: Total time for which application threads were stopped: 0.0399110 seconds, Stopping threads took: 0.0390010 seconds
241.651: Application time: 0.0011650 seconds
241.721: [GC241.721: [DefNew: 4019K->4019K(4288K), 0.0000070 secs]241.721: [Tenured: 7195K->3190K(9600K), 0.0062090 secs] 11214K->3190K(13888K), [Perm : 5137K->5137K(21248K)], 0.0062570 secs] [Times: user=0.01 sys=0.00, real=0.01 secs] 
241.728: Total time for which application threads were stopped: 0.0763140 seconds, Stopping threads took: 0.0699800 seconds
241.728: Application time: 0.0006360 seconds
241.762: [GC241.762: [DefNew: 3678K->440K(4288K), 0.0009060 secs] 6868K->6561K(13888K), 0.0009300 secs] [Times: user=0.00 sys=0.00, real=0.00 secs] 
241.763: Total time for which application threads were stopped: 0.0344880 seconds, Stopping threads took: 0.0334880 seconds
241.763: Application time: 0.0005150 seconds
241.825: [GC241.825: [DefNew: 4176K->4176K(4288K), 0.0000080 secs]241.825: [Tenured: 6120K->5103K(9600K), 0.0065430 secs] 10297K->5103K(13888K), [Perm : 5137K->5137K(21248K)], 0.0065880 secs] [Times: user=0.01 sys=0.00, real=0.00 secs] 
241.831: Total time for which application threads were stopped: 0.0681370 seconds, Stopping threads took: 0.0614930 seconds
241.832: Application time: 0.0005560 seconds
241.900: [GC241.900: [DefNew: 3630K->391K(4288K), 0.0008990 secs] 8733K->7741K(13888K), 0.0009320 secs] [Times: user=0.00 sys=0.00, real=0.00 secs] 
241.901: Total time for which application threads were stopped: 0.0689910 seconds, Stopping threads took: 0.0679800 seconds
241.901: Application time: 0.0004420 seconds
241.948: [GC241.948: [DefNew: 4021K->4021K(4288K), 0.0000070 secs]241.948: [Tenured: 7349K->5884K(9600K), 0.0061840 secs] 11371K->5884K(13888K), [Perm : 5137K->5137K(21248K)], 0.0062270 secs] [Times: user=0.01 sys=0.00, real=0.01 secs] 
241.955: Total time for which application threads were stopped: 0.0532800 seconds, Stopping threads took: 0.0469760 seconds
241.956: Application time: 0.0008950 seconds
242.017: [GC242.017: [DefNew: 3825K->3825K(4288K), 0.0000080 secs]242.017: [Tenured: 5884K->5339K(9600K), 0.0065040 secs] 9709K->5339K(13888K), [Perm : 5137K->5137K(21248K)], 0.0065530 secs] [Times: user=0.01 sys=0.00, real=0.00 secs] 
242.023: Total time for which application threads were stopped: 0.0678130 seconds, Stopping threads took: 0.0611790 seconds
242.024: Application time: 0.0009900 seconds
242.089: [GC242.089: [DefNew: 3806K->420K(4288K), 0.0010280 secs] 9145K->8786K(13888K), 0.0010560 secs] [Times: user=0.00 sys=0.00, real=0.00 secs] 
242.090: Total time for which application threads were stopped: 0.0656210 seconds, Stopping threads took: 0.0644900 seconds
242.090: Application time: 0.0005590 seconds
242.124: [GC242.124: [DefNew: 4147K->4147K(4288K), 0.0000080 secs]242.124: [Tenured: 8366K->5269K(9600K), 0.0066350 secs] 12514K->5269K(13888K), [Perm : 5137K->5137K(21248K)], 0.0066810 secs] [Times: user=0.01 sys=0.00, real=0.01 secs] 
242.131: Total time for which application threads were stopped: 0.0402120 seconds, Stopping threads took: 0.0334530 seconds
242.132: Application time: 0.0009030 seconds
242.202: [GC242.202: [DefNew: 3825K->391K(4288K), 0.0007700 secs] 9095K->7614K(13888K), 0.0008090 secs] [Times: user=0.00 sys=0.00, real=0.00 secs] 
242.202: Total time for which application threads were stopped: 0.0708610 seconds, Stopping threads took: 0.0699700 seconds
242.203: Application time: 0.0003730 seconds
242.246: [GC242.246: [DefNew: 4021K->4021K(4288K), 0.0000060 secs]242.246: [Tenured: 7223K->4098K(9600K), 0.0053280 secs] 11244K->4098K(13888K), [Perm : 5137K->5137K(21248K)], 0.0053760 secs] [Times: user=0.00 sys=0.00, real=0.00 secs] 
242.251: Total time for which application threads were stopped: 0.0485850 seconds, Stopping threads took: 0.0431320 seconds
242.252: Application time: 0.0004660 seconds
242.285: [GC242.285: [DefNew: 3721K->391K(4288K), 0.0008170 secs] 7820K->7517K(13888K), 0.0008360 secs] [Times: user=0.00 sys=0.00, real=0.00 secs] 
242.286: Total time for which application threads were stopped: 0.0344030 seconds, Stopping threads took: 0.0335140 seconds
242.358: Application time: 0.0714180 seconds
242.359: [GC242.359: [DefNew: 4021K->4021K(4288K), 0.0000090 secs]242.359: [Tenured: 7126K->2145K(9600K), 0.0051880 secs] 11147K->2145K(13888K), [Perm : 5137K->5137K(21248K)], 0.0052410 secs] [Times: user=0.00 sys=0.00, real=0.01 secs] 
242.365: Total time for which application threads were stopped: 0.0067890 seconds, Stopping threads took: 0.0014770 seconds
242.365: Application time: 0.0006410 seconds
242.365: [GC242.365: [DefNew: 3776K->440K(4288K), 0.0009040 secs] 5921K->5907K(13888K), 0.0009200 secs] [Times: user=0.00 sys=0.00, real=0.00 secs] 
242.366: Total time for which application threads were stopped: 0.0011340 seconds, Stopping threads took: 0.0001530 seconds
242.367: Application time: 0.0007970 seconds
242.400: [GC242.400: [DefNew: 4094K->419K(4288K), 0.0008430 secs] 9561K->8718K(13888K), 0.0008650 secs] [Times: user=0.00 sys=0.00, real=0.00 secs] 
242.401: Total time for which application threads were stopped: 0.0337560 seconds, Stopping threads took: 0.0328280 seconds
242.473: Application time: 0.0726030 seconds
242.475: [GC242.475: [DefNew: 4244K->4244K(4288K), 0.0000090 secs]242.475: [Tenured: 8299K->2116K(9600K), 0.0060080 secs] 12544K->2116K(13888K), [Perm : 5137K->5137K(21248K)], 0.0060610 secs] [Times: user=0.00 sys=0.00, real=0.00 secs] 
242.481: Total time for which application threads were stopped: 0.0073560 seconds, Stopping threads took: 0.0012160 seconds
242.481: Application time: 0.0006480 seconds
242.482: [GC242.482: [DefNew: 3825K->392K(4288K), 0.0008930 secs] 5942K->5927K(13888K), 0.0009100 secs] [Times: user=0.00 sys=0.00, real=0.00 secs] 
242.483: Total time for which application threads were stopped: 0.0012140 seconds, Stopping threads took: 0.0002440 seconds
242.484: Application time: 0.0012430 seconds
242.554: [GC242.554: [DefNew: 4117K->4117K(4288K), 0.0000080 secs]242.554: [Tenured: 5534K->3191K(9600K), 0.0061320 secs] 9652K->3191K(13888K), [Perm : 5137K->5137K(21248K)], 0.0061770 secs] [Times: user=0.00 sys=0.00, real=0.00 secs] 
242.560: Total time for which application threads were stopped: 0.0762440 seconds, Stopping threads took: 0.0699890 seconds
242.561: Application time: 0.0006640 seconds
242.594: [GC242.594: [DefNew: 3482K->392K(4288K), 0.0008390 secs] 6674K->6318K(13888K), 0.0008620 secs] [Times: user=0.01 sys=0.00, real=0.00 secs] 
242.595: Total time for which application threads were stopped: 0.0341930 seconds, Stopping threads took: 0.0332610 seconds
242.596: Application time: 0.0006260 seconds
242.629: [GC242.629: [DefNew: 4139K->4139K(4288K), 0.0000060 secs]242.629: [Tenured: 5926K->7126K(9600K), 0.0061070 secs] 10065K->7126K(13888K), [Perm : 5137K->5137K(21248K)], 0.0061510 secs] [Times: user=0.00 sys=0.00, real=0.01 secs] 
242.635: Total time for which application threads were stopped: 0.0391110 seconds, Stopping threads took: 0.0328950 seconds
242.709: Application time: 0.0739310 seconds
242.715: [GC242.715: [DefNew: 3825K->3825K(4288K), 0.0000100 secs]242.715: [Tenured: 7126K->2341K(9600K), 0.0049270 secs] 10951K->2341K(13888K), [Perm : 5137K->5137K(21248K)], 0.0049820 secs] [Times: user=0.01 sys=0.00, real=0.00 secs] 
242.720: Total time for which application threads were stopped: 0.0109040 seconds, Stopping threads took: 0.0058180 seconds
242.720: Application time: 0.0005120 seconds
242.754: [GC242.754: [DefNew: 3825K->391K(4288K), 0.0008660 secs] 6166K->6053K(13888K), 0.0008890 secs] [Times: user=0.00 sys=0.00, real=0.00 secs] 
242.754: Total time for which application threads were stopped: 0.0343410 seconds, Stopping threads took: 0.0333830 seconds
242.755: Application time: 0.0006590 seconds
242.818: [GC242.818: [DefNew: 4119K->4119K(4288K), 0.0000070 secs]242.818: [Tenured: 5661K->4460K(9600K), 0.0051580 secs] 9781K->4460K(13888K), [Perm : 5137K->5137K(21248K)], 0.0052070 secs] [Times: user=0.00 sys=0.00, real=0.00 secs] 
242.823: Total time for which application threads were stopped: 0.0683280 seconds, Stopping threads took: 0.0630420 seconds
242.824: Application time: 0.0006590 seconds
242.882: [GC242.882: [DefNew: 3806K->420K(4288K), 0.0009110 secs] 8266K->7029K(13888K), 0.0009440 secs] [Times: user=0.00 sys=0.00, real=0.00 secs] 
242.883: Total time for which application threads were stopped: 0.0584030 seconds, Stopping threads took: 0.0573790 seconds
242.883: Application time: 0.0004390 seconds
242.917: [GC242.917: [DefNew: 4245K->4245K(4288K), 0.0000080 secs]242.917: [Tenured: 6609K->4489K(9600K), 0.0061450 secs] 10854K->4489K(13888K), [Perm : 5137K->5137K(21248K)], 0.0061890 secs] [Times: user=0.00 sys=0.00, real=0.00 secs] 
242.923: Total time for which application threads were stopped: 0.0397280 seconds, Stopping threads took: 0.0334650 seconds
242.923: Application time: 0.0005820 seconds
242.957: [GC242.957: [DefNew: 3721K->391K(4288K), 0.0008100 secs] 8210K->7908K(13888K), 0.0008340 secs] [Times: user=0.00 sys=0.00, real=0.00 secs] 
242.958: Total time for which application threads were stopped: 0.0345860 seconds, Stopping threads took: 0.0336850 seconds
243.030: Application time: 0.0723360 seconds
243.031: [GC243.031: [DefNew: 4216K->4216K(4288K), 0.0000100 secs]243.031: [Tenured: 7516K->2340K(9600K), 0.0060400 secs] 11733K->2340K(13888K), [Perm : 5137K->5137K(21248K)], 0.0060920 secs] [Times: user=0.01 sys=0.00, real=0.01 secs] 
243.038: Total time for which application threads were stopped: 0.0073070 seconds, Stopping threads took: 0.0011340 seconds
243.038: Application time: 0.0006160 seconds
243.085: [GC243.085: [DefNew: 3823K->392K(4288K), 0.0008690 secs] 6164K->5857K(13888K), 0.0008920 secs] [Times: user=0.00 sys=0.00, real=0.00 secs] 
243.086: Total time for which application threads were stopped: 0.0477270 seconds, Stopping threads took: 0.0467680 seconds
243.086: Application time: 0.0004680 seconds
243.120: [GC243.120: [DefNew: 4115K->390K(4288K), 0.0009480 secs] 9581K->9275K(13888K), 0.0009710 secs] [Times: user=0.00 sys=0.00, real=0.00 secs] 
243.121: Total time for which application threads were stopped: 0.0346020 seconds, Stopping threads took: 0.0335640 seconds
243.193: Application time: 0.0723950 seconds
243.194: [GC243.194: [DefNew: 4216K->4216K(4288K), 0.0000100 secs]243.194: [Tenured: 8884K->2926K(9600K), 0.0060870 secs] 13100K->2926K(13888K), [Perm : 5137K->5137K(21248K)], 0.0061400 secs] [Times: user=0.01 sys=0.00, real=0.00 secs] 
243.200: Total time for which application threads were stopped: 0.0069270 seconds, Stopping threads took: 0.0007270 seconds
243.201: Application time: 0.0005480 seconds
243.234: [GC243.234: [DefNew: 3725K->391K(4288K), 0.0008300 secs] 6652K->6345K(13888K), 0.0008540 secs] [Times: user=0.00 sys=0.00, real=0.00 secs] 
243.235: Total time for which application threads were stopped: 0.0338530 seconds, Stopping threads took: 0.0329250 seconds
243.241: Application time: 0.0058640 seconds
243.306: [GC243.306: [DefNew: 4119K->4119K(4288K), 0.0000080 secs]243.306: [Tenured: 5954K->1726K(9600K), 0.0052280 secs] 10073K->1726K(13888K), [Perm : 5137K->5137K(21248K)], 0.0052760 secs] [Times: user=0.01 sys=0.00, real=0.00 secs] 
243.312: Total time for which application threads were stopped: 0.0710690 seconds, Stopping threads took: 0.0657240 seconds
243.312: Application time: 0.0005990 seconds
243.312: [GC243.312: [DefNew: 3759K->424K(4288K), 0.0008900 secs] 5486K->5471K(13888K), 0.0009190 secs] [Times: user=0.00 sys=0.00, real=0.00 secs] 
243.313: Total time for which application threads were stopped: 0.0011440 seconds, Stopping threads took: 0.0001690 seconds
243.314: Application time: 0.0006870 seconds
243.347: [GC243.347: [DefNew: 4092K->419K(4288K), 0.0006930 secs] 9139K->7615K(13888K), 0.0007160 secs] [Times: user=0.00 sys=0.00, real=0.00 secs] 
243.348: Total time for which application threads were stopped: 0.0340600 seconds, Stopping threads took: 0.0332790 seconds
243.349: Application time: 0.0008070 seconds
243.419: [GC243.419: [DefNew: 4244K->4244K(4288K), 0.0000080 secs]243.419: [Tenured: 7196K->4293K(9600K), 0.0062470 secs] 11441K->4293K(13888K), [Perm : 5137K->5137K(21248K)], 0.0062990 secs] [Times: user=0.01 sys=0.00, real=0.01 secs] 
243.425: Total time for which application threads were stopped: 0.0762450 seconds, Stopping threads took: 0.0698670 seconds
243.426: Application time: 0.0006730 seconds
243.472: [GC243.472: [DefNew: 3708K->420K(4288K), 0.0009050 secs] 8002K->7643K(13888K), 0.0009290 secs] [Times: user=0.00 sys=0.00, real=0.00 secs] 
243.473: Total time for which application threads were stopped: 0.0474080 seconds, Stopping threads took: 0.0464260 seconds
243.474: Application time: 0.0003820 seconds
243.536: [GC243.536: [DefNew: 4147K->4147K(4288K), 0.0000060 secs]243.536: [Tenured: 7223K->4127K(9600K), 0.0057950 secs] 11371K->4127K(13888K), [Perm : 5137K->5137K(21248K)], 0.0058450 secs] [Times: user=0.01 sys=0.00, real=0.00 secs] 
243.542: Total time for which application threads were stopped: 0.0679700 seconds, Stopping threads took: 0.0620480 seconds
243.542: Application time: 0.0006010 seconds
243.575: [GC243.575: [DefNew: 3803K->322K(4288K), 0.0008990 secs] 7931K->7574K(13888K), 0.0009210 secs] [Times: user=0.00 sys=0.00, real=0.00 secs] 
243.576: Total time for which application threads were stopped: 0.0339880 seconds, Stopping threads took: 0.0329980 seconds
243.648: Application time: 0.0722070 seconds
243.649: [GC243.649: [DefNew: 3952K->3952K(4288K), 0.0000090 secs]243.649: [Tenured: 7252K->1811K(9600K), 0.0059090 secs] 11204K->1811K(13888K), [Perm : 5137K->5137K(21248K)], 0.0059620 secs] [Times: user=0.00 sys=0.00, real=0.01 secs] 
243.655: Total time for which application threads were stopped: 0.0068500 seconds, Stopping threads took: 0.0008090 seconds
243.656: Application time: 0.0006970 seconds
243.656: [GC243.656: [DefNew: 3804K->420K(4288K), 0.0009140 secs] 5616K->5552K(13888K), 0.0009320 secs] [Times: user=0.00 sys=0.00, real=0.00 secs] 
243.657: Total time for which application threads were stopped: 0.0012870 seconds, Stopping threads took: 0.0002850 seconds
243.658: Application time: 0.0008720 seconds
243.728: [GC243.728: [DefNew: 4245K->391K(4288K), 0.0006740 secs] 9377K->7115K(13888K), 0.0007000 secs] [Times: user=0.00 sys=0.00, real=0.00 secs] 
243.729: Total time for which application threads were stopped: 0.0705150 seconds, Stopping threads took: 0.0697470 seconds
243.729: Application time: 0.0004750 seconds
243.763: [GC243.763: [DefNew: 3880K->3880K(4288K), 0.0000070 secs]243.763: [Tenured: 6724K->4046K(9600K), 0.0063450 secs] 10604K->4046K(13888K), [Perm : 5137K->5137K(21248K)], 0.0063900 secs] [Times: user=0.00 sys=0.00, real=0.01 secs] 
243.769: Total time for which application threads were stopped: 0.0399610 seconds, Stopping threads took: 0.0334850 seconds
243.770: Application time: 0.0004290 seconds
243.817: [GC243.817: [DefNew: 3747K->415K(4288K), 0.0008660 secs] 7794K->7489K(13888K), 0.0008840 secs] [Times: user=0.00 sys=0.00, real=0.00 secs] 
243.817: Total time for which application threads were stopped: 0.0479630 seconds, Stopping threads took: 0.0470140 seconds
243.889: Application time: 0.0714540 seconds
243.895: [GC243.895: [DefNew: 4045K->4045K(4288K), 0.0000110 secs]243.895: [Tenured: 7073K->1727K(9600K), 0.0058750 secs] 11119K->1727K(13888K), [Perm : 5137K->5137K(21248K)], 0.0059280 secs] [Times: user=0.01 sys=0.00, real=0.00 secs] 
243.901: Total time for which application threads were stopped: 0.0119120 seconds, Stopping threads took: 0.0058920 seconds
243.901: Application time: 0.0006050 seconds
243.902: [GC243.902: [DefNew: 3725K->392K(4288K), 0.0008740 secs] 5453K->5440K(13888K), 0.0008960 secs] [Times: user=0.00 sys=0.00, real=0.00 secs] 
243.903: Total time for which application threads were stopped: 0.0012150 seconds, Stopping threads took: 0.0002500 seconds
243.903: Application time: 0.0007680 seconds
243.961: [GC243.961: [DefNew: 4217K->391K(4288K), 0.0006680 secs] 9265K->7295K(13888K), 0.0006920 secs] [Times: user=0.00 sys=0.00, real=0.00 secs] 
243.961: Total time for which application threads were stopped: 0.0578140 seconds, Stopping threads took: 0.0570540 seconds
243.962: Application time: 0.0007070 seconds
244.027: [GC244.027: [DefNew: 4216K->4216K(4288K), 0.0000080 secs]244.027: [Tenured: 6904K->4852K(9600K), 0.0063370 secs] 11120K->4852K(13888K), [Perm : 5137K->5137K(21248K)], 0.0063880 secs] [Times: user=0.01 sys=0.00, real=0.01 secs] 
244.033: Total time for which application threads were stopped: 0.0710970 seconds, Stopping threads took: 0.0646310 seconds
244.034: Application time: 0.0004720 seconds
244.102: [GC244.102: [DefNew: 3532K->391K(4288K), 0.0006990 secs] 8385K->7197K(13888K), 0.0007230 secs] [Times: user=0.00 sys=0.00, real=0.00 secs] 
244.103: Total time for which application threads were stopped: 0.0696720 seconds, Stopping threads took: 0.0688810 seconds
244.104: Application time: 0.0003330 seconds
244.153: [GC244.153: [DefNew: 4115K->4115K(4288K), 0.0000070 secs]244.153: [Tenured: 6806K->5634K(9600K), 0.0060360 secs] 10921K->5634K(13888K), [Perm : 5137K->5137K(21248K)], 0.0060820 secs] [Times: user=0.01 sys=0.00, real=0.00 secs] 
244.159: Total time for which application threads were stopped: 0.0558590 seconds, Stopping threads took: 0.0496990 seconds
244.160: Application time: 0.0008260 seconds
244.230: [GC244.230: [DefNew: 3821K->391K(4288K), 0.0006540 secs] 9455K->7881K(13888K), 0.0006780 secs] [Times: user=0.00 sys=0.00, real=0.00 secs] 
244.231: Total time for which application threads were stopped: 0.0705660 seconds, Stopping threads took: 0.0698290 seconds
244.231: Application time: 0.0004510 seconds
244.297: [GC244.297: [DefNew: 4021K->4021K(4288K), 0.0000070 secs]244.297: [Tenured: 7490K->4070K(9600K), 0.0057040 secs] 11511K->4070K(13888K), [Perm : 5137K->5137K(21248K)], 0.0057500 secs] [Times: user=0.00 sys=0.00, real=0.00 secs] 
244.303: Total time for which application threads were stopped: 0.0713710 seconds, Stopping threads took: 0.0655440 seconds
244.303: Application time: 0.0005650 seconds
244.337: [GC244.337: [DefNew: 3723K->391K(4288K), 0.0008020 secs] 7794K->7196K(13888K), 0.0008250 secs] [Times: user=0.00 sys=0.00, real=0.00 secs] 
244.338: Total time for which application threads were stopped: 0.0346780 seconds, Stopping threads took: 0.0337830 seconds
244.339: Application time: 0.0006570 seconds
244.400: [GC244.400: [DefNew: 4119K->4119K(4288K), 0.0000080 secs]244.400: [Tenured: 6805K->5047K(9600K), 0.0065150 secs] 10924K->5047K(13888K), [Perm : 5137K->5137K(21248K)], 0.0065600 secs] [Times: user=0.01 sys=0.00, real=0.01 secs] 
244.407: Total time for which application threads were stopped: 0.0681570 seconds, Stopping threads took: 0.0615190 seconds
244.408: Application time: 0.0010440 seconds
244.477: [GC244.477: [DefNew: 3708K->420K(4288K), 0.0009390 secs] 8755K->8104K(13888K), 0.0009700 secs] [Times: user=0.00 sys=0.00, real=0.00 secs] 
244.478: Total time for which application threads were stopped: 0.0706690 seconds, Stopping threads took: 0.0696430 seconds
244.479: Application time: 0.0003840 seconds
244.512: [GC244.512: [DefNew: 4145K->4145K(4288K), 0.0000050 secs]244.512: [Tenured: 7684K->5954K(9600K), 0.0060480 secs] 11829K->5954K(13888K), [Perm : 5137K->5137K(21248K)], 0.0060910 secs] [Times: user=0.01 sys=0.00, real=0.01 secs] 
244.518: Total time for which application threads were stopped: 0.0395630 seconds, Stopping threads took: 0.0333970 seconds
244.519: Application time: 0.0008180 seconds
244.589: [GC244.589: [DefNew: 3825K->3825K(4288K), 0.0000090 secs]244.589: [Tenured: 5954K->3317K(9600K), 0.0061850 secs] 9779K->3317K(13888K), [Perm : 5137K->5137K(21248K)], 0.0062450 secs] [Times: user=0.01 sys=0.00, real=0.01 secs] 
244.596: Total time for which application threads were stopped: 0.0763550 seconds, Stopping threads took: 0.0700500 seconds
244.596: Application time: 0.0005410 seconds
244.630: [GC244.630: [DefNew: 3782K->395K(4288K), 0.0009310 secs] 7099K->6838K(13888K), 0.0009550 secs] [Times: user=0.00 sys=0.00, real=0.00 secs] 
244.631: Total time for which application threads were stopped: 0.0344550 seconds, Stopping threads took: 0.0334500 seconds
244.631: Application time: 0.0004060 seconds
244.692: [GC244.692: [DefNew: 4147K->4147K(4288K), 0.0000070 secs]244.692: [Tenured: 6442K->4266K(9600K), 0.0057090 secs] 10590K->4266K(13888K), [Perm : 5137K->5137K(21248K)], 0.0057560 secs] [Times: user=0.01 sys=0.00, real=0.00 secs] 
244.698: Total time for which application threads were stopped: 0.0672160 seconds, Stopping threads took: 0.0613840 seconds
244.699: Application time: 0.0005520 seconds
244.732: [GC244.732: [DefNew: 3806K->420K(4288K), 0.0008590 secs] 8072K->7615K(13888K), 0.0008820 secs] [Times: user=0.00 sys=0.00, real=0.01 secs] 
244.733: Total time for which application threads were stopped: 0.0344450 seconds, Stopping threads took: 0.0335170 seconds
244.734: Application time: 0.0008400 seconds
244.804: [GC244.804: [DefNew: 4245K->4245K(4288K), 0.0000080 secs]244.804: [Tenured: 7195K->4294K(9600K), 0.0064230 secs] 11441K->4294K(13888K), [Perm : 5137K->5137K(21248K)], 0.0064710 secs] [Times: user=0.00 sys=0.00, real=0.01 secs] 
244.811: Total time for which application threads were stopped: 0.0764950 seconds, Stopping threads took: 0.0699380 seconds
244.811: Application time: 0.0006340 seconds
244.845: [GC244.845: [DefNew: 3825K->391K(4288K), 0.0011350 secs] 8119K->7810K(13888K), 0.0011670 secs] [Times: user=0.00 sys=0.00, real=0.00 secs] 
244.846: Total time for which application threads were stopped: 0.0351630 seconds, Stopping threads took: 0.0339140 seconds
244.847: Application time: 0.0004830 seconds
244.908: [GC244.908: [DefNew: 4216K->4216K(4288K), 0.0000080 secs]244.908: [Tenured: 7419K->4392K(9600K), 0.0064820 secs] 11636K->4392K(13888K), [Perm : 5137K->5137K(21248K)], 0.0065270 secs] [Times: user=0.01 sys=0.00, real=0.01 secs] 
244.915: Total time for which application threads were stopped: 0.0679480 seconds, Stopping threads took: 0.0613450 seconds
244.915: Application time: 0.0007400 seconds
244.948: [GC244.948: [DefNew: 3821K->391K(4288K), 0.0009220 secs] 8213K->8201K(13888K), 0.0009460 secs] [Times: user=0.01 sys=0.00, real=0.00 secs] 
244.949: Total time for which application threads were stopped: 0.0339060 seconds, Stopping threads took: 0.0328910 seconds
245.023: Application time: 0.0734360 seconds
245.024: [GC245.024: [DefNew: 4216K->4216K(4288K), 0.0000100 secs]245.024: [Tenured: 7810K->2341K(9600K), 0.0052810 secs] 12026K->2341K(13888K), [Perm : 5137K->5137K(21248K)], 0.0053330 secs] [Times: user=0.01 sys=0.00, real=0.01 secs] 
245.029: Total time for which application threads were stopped: 0.0066530 seconds, Stopping threads took: 0.0012400 seconds
245.030: Application time: 0.0005750 seconds
245.030: [GC245.030: [DefNew: 3723K->391K(4288K), 0.0008470 secs] 6065K->6053K(13888K), 0.0008680 secs] [Times: user=0.01 sys=0.00, real=0.00 secs] 
245.031: Total time for which application threads were stopped: 0.0012870 seconds, Stopping threads took: 0.0003730 seconds
245.033: Application time: 0.0013200 seconds
245.102: [GC245.102: [DefNew: 4216K->4216K(4288K), 0.0000080 secs]245.103: [Tenured: 5662K->3387K(9600K), 0.0061890 secs] 9878K->3387K(13888K), [Perm : 5137K->5137K(21248K)], 0.0062360 secs] [Times: user=0.00 sys=0.00, real=0.01 secs] 
245.109: Total time for which application threads were stopped: 0.0760580 seconds, Stopping threads took: 0.0697440 seconds
245.109: Application time: 0.0006420 seconds
245.143: [GC245.143: [DefNew: 3630K->391K(4288K), 0.0009110 secs] 7017K->6904K(13888K), 0.0009440 secs] [Times: user=0.00 sys=0.00, real=0.00 secs] 
245.144: Total time for which application threads were stopped: 0.0347310 seconds, Stopping threads took: 0.0337200 seconds
245.145: Application time: 0.0006070 seconds
245.183: [GC245.183: [DefNew: 4211K->4211K(4288K), 0.0000060 secs]245.183: [Tenured: 6512K->6511K(9600K), 0.0062680 secs] 10723K->6511K(13888K), [Perm : 5137K->5137K(21248K)], 0.0063120 secs] [Times: user=0.00 sys=0.00, real=0.01 secs] 
245.189: Total time for which application threads were stopped: 0.0445070 seconds, Stopping threads took: 0.0381160 seconds
245.261: Application time: 0.0713800 seconds
245.262: [GC245.263: [DefNew: 3825K->3825K(4288K), 0.0000100 secs]245.263: [Tenured: 6511K->1726K(9600K), 0.0059070 secs] 10337K->1726K(13888K), [Perm : 5137K->5137K(21248K)], 0.0059610 secs] [Times: user=0.01 sys=0.00, real=0.01 secs] 
245.268: Total time for which application threads were stopped: 0.0078610 seconds, Stopping threads took: 0.0018200 seconds
245.269: Application time: 0.0006600 seconds
245.269: [GC245.269: [DefNew: 3804K->420K(4288K), 0.0009130 secs] 5531K->5468K(13888K), 0.0009310 secs] [Times: user=0.01 sys=0.00, real=0.00 secs] 
245.270: Total time for which application threads were stopped: 0.0012690 seconds, Stopping threads took: 0.0002780 seconds
245.271: Application time: 0.0009560 seconds
245.342: [GC245.342: [DefNew: 3953K->391K(4288K), 0.0005270 secs] 9000K->6542K(13888K), 0.0005510 secs] [Times: user=0.00 sys=0.00, real=0.00 secs] 
245.342: Total time for which application threads were stopped: 0.0707560 seconds, Stopping threads took: 0.0701490 seconds
245.343: Application time: 0.0004400 seconds
245.376: [GC245.376: [DefNew: 4222K->4222K(4288K), 0.0000060 secs]245.376: [Tenured: 6151K->5279K(9600K), 0.0058210 secs] 10373K->5279K(13888K), [Perm : 5137K->5137K(21248K)], 0.0058630 secs] [Times: user=0.01 sys=0.00, real=0.00 secs] 
245.382: Total time for which application threads were stopped: 0.0391490 seconds, Stopping threads took: 0.0332110 seconds
245.382: Application time: 0.0005530 seconds
245.429: [GC245.429: [DefNew: 3502K->419K(4288K), 0.0007340 secs] 8782K->7847K(13888K), 0.0007580 secs] [Times: user=0.00 sys=0.00, real=0.00 secs] 
245.429: Total time for which application threads were stopped: 0.0472200 seconds, Stopping threads took: 0.0463920 seconds
245.430: Application time: 0.0008700 seconds
245.500: [GC245.500: [DefNew: 4245K->4245K(4288K), 0.0000070 secs]245.500: [Tenured: 7427K->3875K(9600K), 0.0053000 secs] 11673K->3875K(13888K), [Perm : 5137K->5137K(21248K)], 0.0053520 secs] [Times: user=0.00 sys=0.00, real=0.01 secs] 
245.506: Total time for which application threads were stopped: 0.0753750 seconds, Stopping threads took: 0.0699640 seconds
245.506: Application time: 0.0005250 seconds
245.553: [GC245.553: [DefNew: 3708K->420K(4288K), 0.0008260 secs] 7583K->6835K(13888K), 0.0008500 secs] [Times: user=0.00 sys=0.00, real=0.00 secs] 
245.554: Total time for which application threads were stopped: 0.0479170 seconds, Stopping threads took: 0.0470040 seconds
245.555: Application time: 0.0003760 seconds
245.555: [GC245.555: [DefNew: 3948K->3948K(4288K), 0.0000050 secs]245.555: [Tenured: 6414K->7810K(9600K), 0.0063000 secs] 10363K->7810K(13888K), [Perm : 5137K->5137K(21248K)], 0.0063400 secs] [Times: user=0.01 sys=0.00, real=0.00 secs] 
245.561: Total time for which application threads were stopped: 0.0067940 seconds, Stopping threads took: 0.0003930 seconds
245.633: Application time: 0.0718420 seconds
245.636: [GC245.636: [DefNew: 3805K->3805K(4288K), 0.0000090 secs]245.636: [Tenured: 7810K->2955K(9600K), 0.0047630 secs] 11615K->2955K(13888K), [Perm : 5137K->5137K(21248K)], 0.0048170 secs] [Times: user=0.01 sys=0.00, real=0.00 secs] 
245.641: Total time for which application threads were stopped: 0.0074820 seconds, Stopping threads took: 0.0025830 seconds
245.641: Application time: 0.0004960 seconds
245.675: [GC245.675: [DefNew: 3823K->391K(4288K), 0.0008450 secs] 6779K->6472K(13888K), 0.0008680 secs] [Times: user=0.00 sys=0.00, real=0.00 secs] 
245.675: Total time for which application threads were stopped: 0.0342400 seconds, Stopping threads took: 0.0333150 seconds
245.676: Application time: 0.0008220 seconds
245.746: [GC245.746: [DefNew: 4214K->4214K(4288K), 0.0000080 secs]245.746: [Tenured: 6081K->4128K(9600K), 0.0057840 secs] 10296K->4128K(13888K), [Perm : 5137K->5137K(21248K)], 0.0058350 secs] [Times: user=0.00 sys=0.00, real=0.00 secs] 
245.752: Total time for which application threads were stopped: 0.0756290 seconds, Stopping threads took: 0.0697160 seconds
245.752: Application time: 0.0004360 seconds
245.815: [GC245.815: [DefNew: 3630K->392K(4288K), 0.0009220 secs] 7758K->7254K(13888K), 0.0009530 secs] [Times: user=0.00 sys=0.00, real=0.00 secs] 
245.816: Total time for which application threads were stopped: 0.0637430 seconds, Stopping threads took: 0.0627180 seconds
245.817: Application time: 0.0006450 seconds
245.864: [GC245.864: [DefNew: 4098K->4098K(4288K), 0.0000100 secs]245.864: [Tenured: 6862K->4852K(9600K), 0.0059030 secs] 10961K->4852K(13888K), [Perm : 5137K->5137K(21248K)], 0.0059570 secs] [Times: user=0.01 sys=0.00, real=0.01 secs] 
245.870: Total time for which application threads were stopped: 0.0530010 seconds, Stopping threads took: 0.0469530 seconds
245.870: Application time: 0.0005170 seconds
245.938: [GC245.938: [DefNew: 3825K->391K(4288K), 0.0007750 secs] 8677K->7489K(13888K), 0.0007980 secs] [Times: user=0.00 sys=0.00, real=0.00 secs] 
245.939: Total time for which application threads were stopped: 0.0689840 seconds, Stopping threads took: 0.0681250 seconds
245.940: Application time: 0.0004130 seconds
245.991: [GC245.991: [DefNew: 4117K->4117K(4288K), 0.0000070 secs]245.991: [Tenured: 7098K->4852K(9600K), 0.0065140 secs] 11215K->4852K(13888K), [Perm : 5137K->5137K(21248K)], 0.0065560 secs] [Times: user=0.01 sys=0.00, real=0.01 secs] 
245.997: Total time for which application threads were stopped: 0.0578510 seconds, Stopping threads took: 0.0512210 seconds
245.998: Application time: 0.0007630 seconds
246.032: [GC246.032: [DefNew: 3823K->391K(4288K), 0.0007660 secs] 8675K->7685K(13888K), 0.0007920 secs] [Times: user=0.00 sys=0.00, real=0.01 secs] 
246.033: Total time for which application threads were stopped: 0.0343610 seconds, Stopping threads took: 0.0335080 seconds
246.105: Application time: 0.0725480 seconds
246.106: [GC246.106: [DefNew: 4216K->4216K(4288K), 0.0000090 secs]246.106: [Tenured: 7294K->1727K(9600K), 0.0057970 secs] 11510K->1727K(13888K), [Perm : 5137K->5137K(21248K)], 0.0058440 secs] [Times: user=0.01 sys=0.00, real=0.00 secs] 
246.112: Total time for which application threads were stopped: 0.0069920 seconds, Stopping threads took: 0.0010910 seconds
246.113: Application time: 0.0005680 seconds
246.113: [GC246.113: [DefNew: 3725K->392K(4288K), 0.0008780 secs] 5453K->5440K(13888K), 0.0009000 secs] [Times: user=0.00 sys=0.00, real=0.00 secs] 
246.114: Total time for which application threads were stopped: 0.0011010 seconds, Stopping threads took: 0.0001560 seconds
246.115: Application time: 0.0012790 seconds
246.185: [GC246.185: [DefNew: 4213K->293K(4288K), 0.0006620 secs] 9261K->7295K(13888K), 0.0006870 secs] [Times: user=0.00 sys=0.00, real=0.00 secs] 
246.186: Total time for which application threads were stopped: 0.0707070 seconds, Stopping threads took: 0.0699520 seconds
246.187: Application time: 0.0007710 seconds
246.256: [GC246.256: [DefNew: 4118K->4118K(4288K), 0.0000080 secs]246.256: [Tenured: 7001K->4461K(9600K), 0.0064710 secs] 11120K->4461K(13888K), [Perm : 5137K->5137K(21248K)], 0.0065180 secs] [Times: user=0.01 sys=0.00, real=0.00 secs] 
246.263: Total time for which application threads were stopped: 0.0762980 seconds, Stopping threads took: 0.0697230 seconds
246.263: Application time: 0.0005060 seconds
246.329: [GC246.329: [DefNew: 3532K->391K(4288K), 0.0007030 secs] 7993K->6806K(13888K), 0.0007270 secs] [Times: user=0.00 sys=0.00, real=0.00 secs] 
246.330: Total time for which application threads were stopped: 0.0664080 seconds, Stopping threads took: 0.0656070 seconds
246.330: Application time: 0.0003420 seconds
246.365: [GC246.365: [DefNew: 4211K->4211K(4288K), 0.0000070 secs]246.365: [Tenured: 6414K->6414K(9600K), 0.0058120 secs] 10625K->6414K(13888K), [Perm : 5137K->5137K(21248K)], 0.0058660 secs] [Times: user=0.01 sys=0.00, real=0.00 secs] 
246.371: Total time for which application threads were stopped: 0.0405710 seconds, Stopping threads took: 0.0346190 seconds
246.443: Application time: 0.0724510 seconds
246.444: [GC246.444: [DefNew: 3727K->3727K(4288K), 0.0000090 secs]246.444: [Tenured: 6414K->1532K(9600K), 0.0058420 secs] 10142K->1532K(13888K), [Perm : 5137K->5137K(21248K)], 0.0058920 secs] [Times: user=0.00 sys=0.00, real=0.01 secs] 
246.450: Total time for which application threads were stopped: 0.0069140 seconds, Stopping threads took: 0.0009440 seconds
246.451: Application time: 0.0006580 seconds
246.451: [GC246.451: [DefNew: 3774K->440K(4288K), 0.0008730 secs] 5306K->5293K(13888K), 0.0008900 secs] [Times: user=0.00 sys=0.00, real=0.00 secs] 
246.452: Total time for which application threads were stopped: 0.0013630 seconds, Stopping threads took: 0.0004100 seconds
246.453: Application time: 0.0004660 seconds
246.486: [GC246.486: [DefNew: 4192K->419K(4288K), 0.0008730 secs] 9044K->8104K(13888K), 0.0008930 secs] [Times: user=0.00 sys=0.00, real=0.00 secs] 
246.487: Total time for which application threads were stopped: 0.0347050 seconds, Stopping threads took: 0.0337580 seconds
246.488: Application time: 0.0007820 seconds
246.558: [GC246.558: [DefNew: 4244K->4244K(4288K), 0.0000080 secs]246.558: [Tenured: 7685K->4197K(9600K), 0.0056260 secs] 11930K->4197K(13888K), [Perm : 5137K->5137K(21248K)], 0.0056740 secs] [Times: user=0.00 sys=0.00, real=0.00 secs] 
246.564: Total time for which application threads were stopped: 0.0756240 seconds, Stopping threads took: 0.0698720 seconds
246.565: Application time: 0.0009700 seconds
246.615: [GC246.615: [DefNew: 3689K->440K(4288K), 0.0009050 secs] 7886K->7380K(13888K), 0.0009290 secs] [Times: user=0.00 sys=0.00, real=0.00 secs] 
246.616: Total time for which application threads were stopped: 0.0512950 seconds, Stopping threads took: 0.0502960 seconds
246.616: Application time: 0.0003880 seconds
246.673: [GC246.673: [DefNew: 4066K->4066K(4288K), 0.0000070 secs]246.673: [Tenured: 6940K->4937K(9600K), 0.0057380 secs] 11006K->4937K(13888K), [Perm : 5137K->5137K(21248K)], 0.0057820 secs] [Times: user=0.01 sys=0.00, real=0.00 secs] 
246.679: Total time for which application threads were stopped: 0.0626800 seconds, Stopping threads took: 0.0568340 seconds
246.680: Application time: 0.0005080 seconds
246.750: [GC246.750: [DefNew: 3727K->391K(4288K), 0.0007690 secs] 8665K->7477K(13888K), 0.0007950 secs] [Times: user=0.00 sys=0.00, real=0.00 secs] 
246.751: Total time for which application threads were stopped: 0.0710970 seconds, Stopping threads took: 0.0702310 seconds
246.751: Application time: 0.0003990 seconds
246.784: [GC246.784: [DefNew: 4213K->4213K(4288K), 0.0000070 secs]246.784: [Tenured: 7086K->7000K(9600K), 0.0062540 secs] 11299K->7000K(13888K), [Perm : 5137K->5137K(21248K)], 0.0063010 secs] [Times: user=0.01 sys=0.00, real=0.00 secs] 
246.791: Total time for which application threads were stopped: 0.0395680 seconds, Stopping threads took: 0.0332050 seconds
246.862: Application time: 0.0714480 seconds
246.866: [GC246.866: [DefNew: 3727K->3727K(4288K), 0.0000090 secs]246.866: [Tenured: 7000K->2118K(9600K), 0.0051230 secs] 10728K->2118K(13888K), [Perm : 5137K->5137K(21248K)], 0.0051780 secs] [Times: user=0.01 sys=0.00, real=0.00 secs] 
246.871: Total time for which application threads were stopped: 0.0086470 seconds, Stopping threads took: 0.0033780 seconds
246.871: Application time: 0.0005500 seconds
246.913: [GC246.913: [DefNew: 3825K->392K(4288K), 0.0008330 secs] 5943K->5635K(13888K), 0.0008520 secs] [Times: user=0.00 sys=0.00, real=0.00 secs] 
246.914: Total time for which application threads were stopped: 0.0424330 seconds, Stopping threads took: 0.0415170 seconds
246.915: Application time: 0.0010100 seconds
246.968: [GC246.968: [DefNew: 4211K->390K(4288K), 0.0004330 secs] 9454K->6611K(13888K), 0.0004600 secs] [Times: user=0.00 sys=0.00, real=0.00 secs] 
246.968: Total time for which application threads were stopped: 0.0535490 seconds, Stopping threads took: 0.0530260 seconds
246.969: Application time: 0.0006910 seconds
247.039: [GC247.039: [DefNew: 4216K->4216K(4288K), 0.0000070 secs]247.039: [Tenured: 6220K->3875K(9600K), 0.0058740 secs] 10436K->3875K(13888K), [Perm : 5137K->5137K(21248K)], 0.0059240 secs] [Times: user=0.00 sys=0.00, real=0.01 secs] 
247.045: Total time for which application threads were stopped: 0.0760060 seconds, Stopping threads took: 0.0700040 seconds
247.045: Application time: 0.0004700 seconds
247.095: [GC247.095: [DefNew: 3825K->392K(4288K), 0.0008550 secs] 7701K->7002K(13888K), 0.0008780 secs] [Times: user=0.00 sys=0.00, real=0.00 secs] 
247.095: Total time for which application threads were stopped: 0.0500030 seconds, Stopping threads took: 0.0490770 seconds
247.096: Application time: 0.0003840 seconds
247.129: [GC247.129: [DefNew: 4213K->4213K(4288K), 0.0000070 secs]247.129: [Tenured: 6610K->7196K(9600K), 0.0063120 secs] 10823K->7196K(13888K), [Perm : 5137K->5137K(21248K)], 0.0063580 secs] [Times: user=0.00 sys=0.00, real=0.01 secs] 
247.136: Total time for which application threads were stopped: 0.0397520 seconds, Stopping threads took: 0.0333150 seconds
247.207: Application time: 0.0711890 seconds
247.209: [GC247.209: [DefNew: 3825K->3825K(4288K), 0.0000090 secs]247.209: [Tenured: 7196K->2411K(9600K), 0.0053170 secs] 11021K->2411K(13888K), [Perm : 5137K->5137K(21248K)], 0.0053720 secs] [Times: user=0.00 sys=0.00, real=0.01 secs] 
247.214: Total time for which application threads were stopped: 0.0076600 seconds, Stopping threads took: 0.0022060 seconds
247.215: Application time: 0.0005660 seconds
247.248: [GC247.248: [DefNew: 3806K->420K(4288K), 0.0009400 secs] 6217K->6152K(13888K), 0.0009590 secs] [Times: user=0.01 sys=0.00, real=0.00 secs] 
247.249: Total time for which application threads were stopped: 0.0344310 seconds, Stopping threads took: 0.0334070 seconds
247.250: Application time: 0.0007130 seconds
247.293: [GC247.293: [DefNew: 4239K->4239K(4288K), 0.0000070 secs]247.293: [Tenured: 5731K->6736K(9600K), 0.0063100 secs] 9971K->6736K(13888K), [Perm : 5137K->5137K(21248K)], 0.0063580 secs] [Times: user=0.00 sys=0.00, real=0.00 secs] 
247.299: Total time for which application threads were stopped: 0.0492300 seconds, Stopping threads took: 0.0427940 seconds
247.371: Application time: 0.0715660 seconds
247.373: [GC247.373: [DefNew: 3630K->3630K(4288K), 0.0000090 secs]247.373: [Tenured: 6736K->1756K(9600K), 0.0058320 secs] 10366K->1756K(13888K), [Perm : 5137K->5137K(21248K)], 0.0058820 secs] [Times: user=0.01 sys=0.00, real=0.00 secs] 
247.379: Total time for which application threads were stopped: 0.0078710 seconds, Stopping threads took: 0.0019200 seconds
247.379: Application time: 0.0005480 seconds
247.380: [GC247.380: [DefNew: 3725K->392K(4288K), 0.0008760 secs] 5481K->5468K(13888K), 0.0008980 secs] [Times: user=0.00 sys=0.00, real=0.00 secs] 
247.381: Total time for which application threads were stopped: 0.0011790 seconds, Stopping threads took: 0.0002130 seconds
247.382: Application time: 0.0014230 seconds
247.446: [GC247.446: [DefNew: 4215K->391K(4288K), 0.0007070 secs] 9291K->7616K(13888K), 0.0007300 secs] [Times: user=0.00 sys=0.00, real=0.00 secs] 
247.447: Total time for which application threads were stopped: 0.0648130 seconds, Stopping threads took: 0.0640160 seconds
247.448: Application time: 0.0008540 seconds
247.513: [GC247.513: [DefNew: 4216K->4216K(4288K), 0.0000090 secs]247.513: [Tenured: 7225K->4490K(9600K), 0.0062030 secs] 11442K->4490K(13888K), [Perm : 5137K->5137K(21248K)], 0.0062560 secs] [Times: user=0.01 sys=0.00, real=0.00 secs] 
247.519: Total time for which application threads were stopped: 0.0715970 seconds, Stopping threads took: 0.0652590 seconds
247.520: Application time: 0.0006550 seconds
247.565: [GC247.565: [DefNew: 3786K->440K(4288K), 0.0010090 secs] 8276K->8063K(13888K), 0.0010330 secs] [Times: user=0.00 sys=0.00, real=0.00 secs] 
247.566: Total time for which application threads were stopped: 0.0458480 seconds, Stopping threads took: 0.0447350 seconds
247.566: Application time: 0.0004210 seconds
247.628: [GC247.628: [DefNew: 4168K->4168K(4288K), 0.0000070 secs]247.628: [Tenured: 7623K->4267K(9600K), 0.0057350 secs] 11791K->4267K(13888K), [Perm : 5137K->5137K(21248K)], 0.0057830 secs] [Times: user=0.01 sys=0.00, real=0.01 secs] 
247.634: Total time for which application threads were stopped: 0.0676820 seconds, Stopping threads took: 0.0618210 seconds
247.634: Application time: 0.0005100 seconds
247.668: [GC247.668: [DefNew: 3821K->391K(4288K), 0.0009780 secs] 8088K->7978K(13888K), 0.0010030 secs] [Times: user=0.00 sys=0.00, real=0.00 secs] 
247.669: Total time for which application threads were stopped: 0.0345650 seconds, Stopping threads took: 0.0334930 seconds
247.742: Application time: 0.0731880 seconds
247.743: [GC247.743: [DefNew: 4196K->4196K(4288K), 0.0000090 secs]247.743: [Tenured: 7587K->2537K(9600K), 0.0059460 secs] 11784K->2537K(13888K), [Perm : 5137K->5137K(21248K)], 0.0059970 secs] [Times: user=0.00 sys=0.00, real=0.01 secs] 
247.749: Total time for which application threads were stopped: 0.0064710 seconds, Stopping threads took: 0.0003940 seconds
247.749: Application time: 0.0006350 seconds
247.750: [GC247.750: [DefNew: 3680K->298K(4288K), 0.0008620 secs] 6217K->6156K(13888K), 0.0008780 secs] [Times: user=0.00 sys=0.00, real=0.00 secs] 
247.750: Total time for which application threads were stopped: 0.0012230 seconds, Stopping threads took: 0.0002860 seconds
247.751: Application time: 0.0007610 seconds
247.819: [GC247.819: [DefNew: 4047K->4047K(4288K), 0.0000060 secs]247.819: [Tenured: 5857K->6667K(9600K), 0.0065270 secs] 9905K->6667K(13888K), [Perm : 5137K->5137K(21248K)], 0.0065720 secs] [Times: user=0.00 sys=0.00, real=0.01 secs] 
247.825: Total time for which application threads were stopped: 0.0740220 seconds, Stopping threads took: 0.0673950 seconds
247.896: Application time: 0.0708720 seconds
247.903: [GC247.903: [DefNew: 3727K->3727K(4288K), 0.0000110 secs]247.903: [Tenured: 6667K->1784K(9600K), 0.0051340 secs] 10395K->1784K(13888K), [Perm : 5137K->5137K(21248K)], 0.0051910 secs] [Times: user=0.00 sys=0.01, real=0.01 secs] 
247.908: Total time for which application threads were stopped: 0.0121930 seconds, Stopping threads took: 0.0069340 seconds
247.909: Application time: 0.0004970 seconds
247.909: [GC247.909: [DefNew: 3727K->392K(4288K), 0.0008330 secs] 5512K->5497K(13888K), 0.0008560 secs] [Times: user=0.00 sys=0.00, real=0.00 secs] 
247.910: Total time for which application threads were stopped: 0.0010290 seconds, Stopping threads took: 0.0001260 seconds
247.911: Application time: 0.0008550 seconds
247.970: [GC247.970: [DefNew: 4213K->390K(4288K), 0.0007210 secs] 9318K->7645K(13888K), 0.0007440 secs] [Times: user=0.00 sys=0.00, real=0.00 secs] 
247.971: Total time for which application threads were stopped: 0.0601050 seconds, Stopping threads took: 0.0592940 seconds
247.972: Application time: 0.0007710 seconds
248.039: [GC248.039: [DefNew: 4216K->4216K(4288K), 0.0000080 secs]248.039: [Tenured: 7254K->4071K(9600K), 0.0064570 secs] 11470K->4071K(13888K), [Perm : 5137K->5137K(21248K)], 0.0065050 secs] [Times: user=0.00 sys=0.00, real=0.01 secs] 
248.046: Total time for which application threads were stopped: 0.0739450 seconds, Stopping threads took: 0.0673610 seconds
248.046: Application time: 0.0005780 seconds
248.096: [GC248.096: [DefNew: 3630K->391K(4288K), 0.0008410 secs] 7701K->7197K(13888K), 0.0008650 secs] [Times: user=0.00 sys=0.00, real=0.00 secs] 
248.096: Total time for which application threads were stopped: 0.0503550 seconds, Stopping threads took: 0.0494390 seconds
248.097: Application time: 0.0003780 seconds
248.130: [GC248.130: [DefNew: 4113K->4113K(4288K), 0.0000060 secs]248.130: [Tenured: 6806K->6024K(9600K), 0.0061000 secs] 10919K->6024K(13888K), [Perm : 5137K->5137K(21248K)], 0.0061470 secs] [Times: user=0.00 sys=0.00, real=0.01 secs] 
248.136: Total time for which application threads were stopped: 0.0395950 seconds, Stopping threads took: 0.0333910 seconds
248.137: Application time: 0.0009160 seconds
248.207: [GC248.207: [DefNew: 3825K->3825K(4288K), 0.0000090 secs]248.207: [Tenured: 6024K->3387K(9600K), 0.0054680 secs] 9849K->3387K(13888K), [Perm : 5137K->5137K(21248K)], 0.0055290 secs] [Times: user=0.01 sys=0.00, real=0.01 secs] 
248.213: Total time for which application threads were stopped: 0.0754830 seconds, Stopping threads took: 0.0698720 seconds
248.213: Application time: 0.0005190 seconds
248.247: [GC248.247: [DefNew: 3825K->391K(4288K), 0.0009340 secs] 7213K->7100K(13888K), 0.0009550 secs] [Times: user=0.00 sys=0.00, real=0.00 secs] 
248.248: Total time for which application threads were stopped: 0.0347770 seconds, Stopping threads took: 0.0337540 seconds
248.249: Application time: 0.0004370 seconds
248.313: [GC248.313: [DefNew: 4117K->4117K(4288K), 0.0000070 secs]248.313: [Tenured: 6708K->4462K(9600K), 0.0064340 secs] 10825K->4462K(13888K), [Perm : 5137K->5137K(21248K)], 0.0064810 secs] [Times: user=0.00 sys=0.00, real=0.00 secs] 
248.320: Total time for which application threads were stopped: 0.0710490 seconds, Stopping threads took: 0.0644920 seconds
248.320: Application time: 0.0007980 seconds
248.386: [GC248.386: [DefNew: 3806K->420K(4288K), 0.0007950 secs] 8268K->7030K(13888K), 0.0008220 secs] [Times: user=0.00 sys=0.00, real=0.00 secs] 
248.386: Total time for which application threads were stopped: 0.0658980 seconds, Stopping threads took: 0.0650010 seconds
248.387: Application time: 0.0004020 seconds
248.420: [GC248.420: [DefNew: 4245K->4245K(4288K), 0.0000060 secs]248.420: [Tenured: 6610K->4462K(9600K), 0.0057680 secs] 10856K->4462K(13888K), [Perm : 5137K->5137K(21248K)], 0.0058110 secs] [Times: user=0.01 sys=0.00, real=0.01 secs] 
248.426: Total time for which application threads were stopped: 0.0393320 seconds, Stopping threads took: 0.0334600 seconds
248.427: Application time: 0.0006620 seconds
248.460: [GC248.460: [DefNew: 3803K->419K(4288K), 0.0008010 secs] 8266K->7323K(13888K), 0.0008260 secs] [Times: user=0.00 sys=0.00, real=0.00 secs] 
248.461: Total time for which application threads were stopped: 0.0343590 seconds, Stopping threads took: 0.0334820 seconds
248.462: Application time: 0.0004990 seconds
248.528: [GC248.528: [DefNew: 4245K->4245K(4288K), 0.0000070 secs]248.528: [Tenured: 6903K->4490K(9600K), 0.0065060 secs] 11149K->4490K(13888K), [Perm : 5137K->5137K(21248K)], 0.0065500 secs] [Times: user=0.01 sys=0.00, real=0.01 secs] 
248.535: Total time for which application threads were stopped: 0.0730580 seconds, Stopping threads took: 0.0664330 seconds
248.536: Application time: 0.0008590 seconds
248.600: [GC248.600: [DefNew: 3805K->420K(4288K), 0.0008050 secs] 8296K->7059K(13888K), 0.0008330 secs] [Times: user=0.01 sys=0.00, real=0.00 secs] 
248.601: Total time for which application threads were stopped: 0.0655210 seconds, Stopping threads took: 0.0646160 seconds
248.601: Application time: 0.0003520 seconds
248.634: [GC248.634: [DefNew: 4245K->4245K(4288K), 0.0000050 secs]248.634: [Tenured: 6639K->6667K(9600K), 0.0058530 secs] 10884K->6667K(13888K), [Perm : 5137K->5137K(21248K)], 0.0058980 secs] [Times: user=0.01 sys=0.00, real=0.00 secs] 
248.640: Total time for which application threads were stopped: 0.0387990 seconds, Stopping threads took: 0.0328250 seconds
248.713: Application time: 0.0724000 seconds
248.714: [GC248.714: [DefNew: 3727K->3727K(4288K), 0.0000100 secs]248.714: [Tenured: 6667K->1784K(9600K), 0.0058090 secs] 10395K->1784K(13888K), [Perm : 5137K->5137K(21248K)], 0.0058600 secs] [Times: user=0.01 sys=0.00, real=0.00 secs] 
248.720: Total time for which application threads were stopped: 0.0069480 seconds, Stopping threads took: 0.0010090 seconds
248.720: Application time: 0.0006000 seconds
248.721: [GC248.721: [DefNew: 3727K->392K(4288K), 0.0008420 secs] 5512K->5497K(13888K), 0.0008590 secs] [Times: user=0.00 sys=0.00, real=0.00 secs] 
248.721: Total time for which application threads were stopped: 0.0012100 seconds, Stopping threads took: 0.0003020 seconds
248.722: Application time: 0.0008540 seconds
248.757: [GC248.757: [DefNew: 4215K->391K(4288K), 0.0007310 secs] 9320K->7841K(13888K), 0.0007600 secs] [Times: user=0.00 sys=0.00, real=0.00 secs] 
248.758: Total time for which application threads were stopped: 0.0355280 seconds, Stopping threads took: 0.0347170 seconds
248.759: Application time: 0.0008660 seconds
248.829: [GC248.829: [DefNew: 4216K->4216K(4288K), 0.0000080 secs]248.829: [Tenured: 7449K->4462K(9600K), 0.0059740 secs] 11666K->4462K(13888K), [Perm : 5137K->5137K(21248K)], 0.0060280 secs] [Times: user=0.01 sys=0.00, real=0.01 secs] 
248.835: Total time for which application threads were stopped: 0.0761050 seconds, Stopping threads took: 0.0699960 seconds
248.835: Application time: 0.0005100 seconds
248.890: [GC248.890: [DefNew: 3630K->391K(4288K), 0.0011390 secs] 8092K->7978K(13888K), 0.0011700 secs] [Times: user=0.00 sys=0.00, real=0.00 secs] 
248.891: Total time for which application threads were stopped: 0.0562440 seconds, Stopping threads took: 0.0549930 seconds
248.892: Application time: 0.0004970 seconds
248.957: [GC248.957: [DefNew: 4216K->4216K(4288K), 0.0000080 secs]248.957: [Tenured: 7587K->4365K(9600K), 0.0059180 secs] 11804K->4365K(13888K), [Perm : 5137K->5137K(21248K)], 0.0059680 secs] [Times: user=0.01 sys=0.00, real=0.00 secs] 
248.963: Total time for which application threads were stopped: 0.0708140 seconds, Stopping threads took: 0.0647580 seconds
248.963: Application time: 0.0006470 seconds
249.006: [GC249.006: [DefNew: 3821K->391K(4288K), 0.0008420 secs] 8186K->7490K(13888K), 0.0008620 secs] [Times: user=0.00 sys=0.00, real=0.00 secs] 
249.007: Total time for which application threads were stopped: 0.0434320 seconds, Stopping threads took: 0.0425040 seconds
249.008: Application time: 0.0009240 seconds
249.078: [GC249.078: [DefNew: 4216K->4216K(4288K), 0.0000090 secs]249.078: [Tenured: 7099K->3779K(9600K), 0.0054920 secs] 11316K->3779K(13888K), [Perm : 5137K->5137K(21248K)], 0.0055410 secs] [Times: user=0.01 sys=0.00, real=0.00 secs] 
249.084: Total time for which application threads were stopped: 0.0757070 seconds, Stopping threads took: 0.0700960 seconds
249.084: Application time: 0.0006210 seconds
249.118: [GC249.118: [DefNew: 3825K->391K(4288K), 0.0010040 secs] 7604K->7491K(13888K), 0.0010280 secs] [Times: user=0.00 sys=0.00, real=0.00 secs] 
249.119: Total time for which application threads were stopped: 0.0344760 seconds, Stopping threads took: 0.0333860 seconds
249.119: Application time: 0.0007120 seconds
249.153: [GC249.153: [DefNew: 4212K->4212K(4288K), 0.0000070 secs]249.153: [Tenured: 7099K->5634K(9600K), 0.0063280 secs] 11312K->5634K(13888K), [Perm : 5137K->5137K(21248K)], 0.0063750 secs] [Times: user=0.00 sys=0.00, real=0.00 secs] 
249.159: Total time for which application threads were stopped: 0.0397390 seconds, Stopping threads took: 0.0332870 seconds
249.160: Application time: 0.0009210 seconds
249.230: [GC249.230: [DefNew: 3727K->391K(4288K), 0.0008320 secs] 9361K->8271K(13888K), 0.0008630 secs] [Times: user=0.00 sys=0.00, real=0.00 secs] 
249.231: Total time for which application threads were stopped: 0.0708340 seconds, Stopping threads took: 0.0699150 seconds
249.231: Application time: 0.0005520 seconds
249.265: [GC249.265: [DefNew: 4197K->4197K(4288K), 0.0000070 secs]249.265: [Tenured: 7880K->4462K(9600K), 0.0051400 secs] 12077K->4462K(13888K), [Perm : 5137K->5137K(21248K)], 0.0051890 secs] [Times: user=0.01 sys=0.00, real=0.00 secs] 
249.270: Total time for which application threads were stopped: 0.0387310 seconds, Stopping threads took: 0.0334730 seconds
249.271: Application time: 0.0004600 seconds
249.332: [GC249.332: [DefNew: 3532K->391K(4288K), 0.0006800 secs] 7994K->6807K(13888K), 0.0007060 secs] [Times: user=0.00 sys=0.00, real=0.01 secs] 
249.333: Total time for which application threads were stopped: 0.0623710 seconds, Stopping threads took: 0.0615940 seconds
249.333: Application time: 0.0003310 seconds
249.367: [GC249.367: [DefNew: 4211K->4211K(4288K), 0.0000060 secs]249.367: [Tenured: 6415K->6415K(9600K), 0.0062120 secs] 10626K->6415K(13888K), [Perm : 5137K->5137K(21248K)], 0.0062640 secs] [Times: user=0.00 sys=0.00, real=0.01 secs] 
249.373: Total time for which application threads were stopped: 0.0398430 seconds, Stopping threads took: 0.0335010 seconds
249.446: Application time: 0.0726080 seconds
249.447: [GC249.447: [DefNew: 3727K->3727K(4288K), 0.0000090 secs]249.447: [Tenured: 6415K->1532K(9600K), 0.0057560 secs] 10143K->1532K(13888K), [Perm : 5137K->5137K(21248K)], 0.0058040 secs] [Times: user=0.00 sys=0.00, real=0.01 secs] 
249.452: Total time for which application threads were stopped: 0.0066360 seconds, Stopping threads took: 0.0007530 seconds
249.453: Application time: 0.0006580 seconds
249.453: [GC249.453: [DefNew: 3773K->440K(4288K), 0.0008870 secs] 5306K->5293K(13888K), 0.0009090 secs] [Times: user=0.00 sys=0.00, real=0.00 secs] 
249.454: Total time for which application threads were stopped: 0.0013450 seconds, Stopping threads took: 0.0003690 seconds
249.455: Application time: 0.0004790 seconds
249.516: [GC249.516: [DefNew: 4195K->419K(4288K), 0.0008240 secs] 9049K->7617K(13888K), 0.0008480 secs] [Times: user=0.00 sys=0.00, real=0.00 secs] 
249.517: Total time for which application threads were stopped: 0.0622680 seconds, Stopping threads took: 0.0613630 seconds
249.518: Application time: 0.0006420 seconds
249.580: [GC249.580: [DefNew: 4225K->4225K(4288K), 0.0000080 secs]249.580: [Tenured: 7198K->4129K(9600K), 0.0061450 secs] 11423K->4129K(13888K), [Perm : 5137K->5137K(21248K)], 0.0061950 secs] [Times: user=0.01 sys=0.00, real=0.01 secs] 
249.586: Total time for which application threads were stopped: 0.0681230 seconds, Stopping threads took: 0.0618490 seconds
249.586: Application time: 0.0005010 seconds
249.587: [GC249.587: [DefNew: 3817K->391K(4288K), 0.0008540 secs] 7946K->7938K(13888K), 0.0008730 secs] [Times: user=0.00 sys=0.00, real=0.00 secs] 
249.587: Total time for which application threads were stopped: 0.0010350 seconds, Stopping threads took: 0.0001180 seconds
249.659: Application time: 0.0718660 seconds
249.661: [GC249.661: [DefNew: 4216K->4216K(4288K), 0.0000090 secs]249.661: [Tenured: 7547K->3095K(9600K), 0.0054660 secs] 11763K->3095K(13888K), [Perm : 5137K->5137K(21248K)], 0.0055220 secs] [Times: user=0.01 sys=0.00, real=0.01 secs] 
249.667: Total time for which application threads were stopped: 0.0072590 seconds, Stopping threads took: 0.0016760 seconds
249.667: Application time: 0.0006670 seconds
249.700: [GC249.700: [DefNew: 3782K->440K(4288K), 0.0008260 secs] 6878K->6473K(13888K), 0.0008480 secs] [Times: user=0.00 sys=0.00, real=0.00 secs] 
249.701: Total time for which application threads were stopped: 0.0340800 seconds, Stopping threads took: 0.0331630 seconds
249.702: Application time: 0.0007220 seconds
249.772: [GC249.772: [DefNew: 4265K->4265K(4288K), 0.0000080 secs]249.772: [Tenured: 6033K->4129K(9600K), 0.0062590 secs] 10299K->4129K(13888K), [Perm : 5137K->5137K(21248K)], 0.0063100 secs] [Times: user=0.00 sys=0.00, real=0.01 secs] 
249.778: Total time for which application threads were stopped: 0.0762370 seconds, Stopping threads took: 0.0698490 seconds
249.779: Application time: 0.0004780 seconds
249.812: [GC249.812: [DefNew: 3825K->391K(4288K), 0.0009480 secs] 7954K->7451K(13888K), 0.0009740 secs] [Times: user=0.00 sys=0.00, real=0.00 secs] 
249.813: Total time for which application threads were stopped: 0.0346580 seconds, Stopping threads took: 0.0336110 seconds
249.814: Application time: 0.0006670 seconds
249.848: [GC249.848: [DefNew: 4213K->4213K(4288K), 0.0000080 secs]249.848: [Tenured: 7059K->6766K(9600K), 0.0056240 secs] 11272K->6766K(13888K), [Perm : 5137K->5137K(21248K)], 0.0056780 secs] [Times: user=0.00 sys=0.00, real=0.01 secs] 
249.853: Total time for which application threads were stopped: 0.0392780 seconds, Stopping threads took: 0.0335170 seconds
249.926: Application time: 0.0722330 seconds
249.927: [GC249.927: [DefNew: 3825K->3825K(4288K), 0.0000100 secs]249.927: [Tenured: 6766K->1981K(9600K), 0.0058210 secs] 10591K->1981K(13888K), [Perm : 5137K->5137K(21248K)], 0.0058720 secs] [Times: user=0.01 sys=0.00, real=0.01 secs] 
249.933: Total time for which application threads were stopped: 0.0073460 seconds, Stopping threads took: 0.0014080 seconds
249.934: Application time: 0.0006170 seconds
249.934: [GC249.934: [DefNew: 3727K->392K(4288K), 0.0008510 secs] 5709K->5694K(13888K), 0.0008680 secs] [Times: user=0.00 sys=0.00, real=0.00 secs] 
249.935: Total time for which application threads were stopped: 0.0011860 seconds, Stopping threads took: 0.0002680 seconds
249.936: Application time: 0.0012790 seconds
250.006: [GC250.006: [DefNew: 4217K->293K(4288K), 0.0006650 secs] 9519K->7549K(13888K), 0.0006880 secs] [Times: user=0.00 sys=0.00, real=0.00 secs] 
250.007: Total time for which application threads were stopped: 0.0706300 seconds, Stopping threads took: 0.0698780 seconds
250.007: Application time: 0.0007520 seconds
250.073: [GC250.073: [DefNew: 4099K->4099K(4288K), 0.0000070 secs]250.073: [Tenured: 7255K->4169K(9600K), 0.0060790 secs] 11355K->4169K(13888K), [Perm : 5137K->5137K(21248K)], 0.0061250 secs] [Times: user=0.00 sys=0.00, real=0.00 secs] 
250.079: Total time for which application threads were stopped: 0.0716490 seconds, Stopping threads took: 0.0654420 seconds
250.080: Application time: 0.0005520 seconds
250.114: [GC250.114: [DefNew: 3532K->391K(4288K), 0.0008940 secs] 7702K->7296K(13888K), 0.0009190 secs] [Times: user=0.00 sys=0.00, real=0.00 secs] 
250.115: Total time for which application threads were stopped: 0.0350310 seconds, Stopping threads took: 0.0340380 seconds
250.115: Application time: 0.0006480 seconds
250.148: [GC250.148: [DefNew: 4209K->4209K(4288K), 0.0000060 secs]250.148: [Tenured: 6904K->7196K(9600K), 0.0068260 secs] 11113K->7196K(13888K), [Perm : 5137K->5137K(21248K)], 0.0068660 secs] [Times: user=0.01 sys=0.00, real=0.01 secs] 
250.155: Total time for which application threads were stopped: 0.0399900 seconds, Stopping threads took: 0.0330500 seconds
250.227: Application time: 0.0714090 seconds
250.230: [GC250.230: [DefNew: 3727K->3727K(4288K), 0.0000100 secs]250.230: [Tenured: 7196K->2314K(9600K), 0.0053530 secs] 10924K->2314K(13888K), [Perm : 5137K->5137K(21248K)], 0.0054070 secs] [Times: user=0.01 sys=0.00, real=0.01 secs] 
250.235: Total time for which application threads were stopped: 0.0083040 seconds, Stopping threads took: 0.0028150 seconds
250.236: Application time: 0.0005090 seconds
250.236: [GC250.236: [DefNew: 3723K->391K(4288K), 0.0008120 secs] 6038K->6026K(13888K), 0.0008320 secs] [Times: user=0.00 sys=0.00, real=0.00 secs] 
250.237: Total time for which application threads were stopped: 0.0012840 seconds, Stopping threads took: 0.0003890 seconds
250.238: Application time: 0.0013560 seconds
250.308: [GC250.308: [DefNew: 4216K->4216K(4288K), 0.0000080 secs]250.308: [Tenured: 5635K->3389K(9600K), 0.0061990 secs] 9851K->3389K(13888K), [Perm : 5137K->5137K(21248K)], 0.0062490 secs] [Times: user=0.00 sys=0.00, real=0.01 secs] 
250.315: Total time for which application threads were stopped: 0.0763410 seconds, Stopping threads took: 0.0700350 seconds
250.315: Application time: 0.0004800 seconds
250.351: [GC250.351: [DefNew: 3513K->420K(4288K), 0.0008480 secs] 6902K->6739K(13888K), 0.0008680 secs] [Times: user=0.01 sys=0.00, real=0.00 secs] 
250.352: Total time for which application threads were stopped: 0.0371070 seconds, Stopping threads took: 0.0361720 seconds
250.353: Application time: 0.0005580 seconds
250.353: [GC250.353: [DefNew: 4144K->4144K(4288K), 0.0000060 secs]250.353: [Tenured: 6319K->8368K(9600K), 0.0070170 secs] 10463K->8368K(13888K), [Perm : 5137K->5137K(21248K)], 0.0070630 secs] [Times: user=0.01 sys=0.00, real=0.00 secs] 
250.360: Total time for which application threads were stopped: 0.0074730 seconds, Stopping threads took: 0.0003530 seconds
250.432: Application time: 0.0716630 seconds
250.434: [GC250.434: [DefNew: 3708K->3708K(4288K), 0.0000090 secs]250.434: [Tenured: 8368K->3417K(9600K), 0.0055610 secs] 12076K->3417K(13888K), [Perm : 5137K->5137K(21248K)], 0.0056160 secs] [Times: user=0.01 sys=0.00, real=0.00 secs] 
250.439: Total time for which application threads were stopped: 0.0073400 seconds, Stopping threads took: 0.0016510 seconds
250.440: Application time: 0.0005160 seconds
250.473: [GC250.473: [DefNew: 3629K->391K(4288K), 0.0008490 secs] 7047K->6738K(13888K), 0.0008720 secs] [Times: user=0.00 sys=0.00, real=0.00 secs] 
250.474: Total time for which application threads were stopped: 0.0342630 seconds, Stopping threads took: 0.0333220 seconds
250.474: Application time: 0.0004740 seconds
250.523: [GC250.523: [DefNew: 4212K->4212K(4288K), 0.0000060 secs]250.523: [Tenured: 6347K->5467K(9600K), 0.0062200 secs] 10559K->5467K(13888K), [Perm : 5137K->5137K(21248K)], 0.0062650 secs] [Times: user=0.01 sys=0.00, real=0.01 secs] 
250.529: Total time for which application threads were stopped: 0.0547090 seconds, Stopping threads took: 0.0483680 seconds
250.530: Application time: 0.0009380 seconds
250.600: [GC250.600: [DefNew: 3825K->391K(4288K), 0.0007840 secs] 9293K->8007K(13888K), 0.0008150 secs] [Times: user=0.00 sys=0.00, real=0.00 secs] 
250.601: Total time for which application threads were stopped: 0.0708090 seconds, Stopping threads took: 0.0699130 seconds
250.601: Application time: 0.0004550 seconds
250.666: [GC250.666: [DefNew: 4216K->4216K(4288K), 0.0000070 secs]250.666: [Tenured: 7616K->4491K(9600K), 0.0059930 secs] 11833K->4491K(13888K), [Perm : 5137K->5137K(21248K)], 0.0060370 secs] [Times: user=0.01 sys=0.00, real=0.00 secs] 
250.672: Total time for which application threads were stopped: 0.0705910 seconds, Stopping threads took: 0.0644770 seconds
250.672: Application time: 0.0005270 seconds
250.707: [GC250.707: [DefNew: 3825K->391K(4288K), 0.0008710 secs] 8317K->7715K(13888K), 0.0008980 secs] [Times: user=0.00 sys=0.00, real=0.00 secs] 
250.708: Total time for which application threads were stopped: 0.0354000 seconds, Stopping threads took: 0.0344310 seconds
250.779: Application time: 0.0716100 seconds
250.781: [GC250.781: [DefNew: 4216K->4216K(4288K), 0.0000080 secs]250.781: [Tenured: 7324K->1338K(9600K), 0.0057140 secs] 11540K->1338K(13888K), [Perm : 5137K->5137K(21248K)], 0.0057670 secs] [Times: user=0.01 sys=0.00, real=0.01 secs] 
250.787: Total time for which application threads were stopped: 0.0070550 seconds, Stopping threads took: 0.0012110 seconds
250.787: Application time: 0.0006470 seconds
250.788: [GC250.788: [DefNew: 3727K->392K(4288K), 0.0008760 secs] 5066K->5050K(13888K), 0.0008930 secs] [Times: user=0.00 sys=0.00, real=0.00 secs] 
250.788: Total time for which application threads were stopped: 0.0013200 seconds, Stopping threads took: 0.0003650 seconds
250.789: Application time: 0.0008680 seconds
250.836: [GC250.836: [DefNew: 4119K->390K(4288K), 0.0007030 secs] 8778K->7101K(13888K), 0.0015950 secs] [Times: user=0.00 sys=0.00, real=0.00 secs] 
250.837: Total time for which application threads were stopped: 0.0478760 seconds, Stopping threads took: 0.0462360 seconds
250.838: Application time: 0.0008330 seconds
250.908: [GC250.908: [DefNew: 4216K->4216K(4288K), 0.0000100 secs]250.908: [Tenured: 6710K->3974K(9600K), 0.0054480 secs] 10926K->3974K(13888K), [Perm : 5137K->5137K(21248K)], 0.0055070 secs] [Times: user=0.00 sys=0.00, real=0.01 secs] 
250.914: Total time for which application threads were stopped: 0.0756190 seconds, Stopping threads took: 0.0700380 seconds
250.914: Application time: 0.0005160 seconds
250.948: [GC250.948: [DefNew: 3727K->391K(4288K), 0.0008470 secs] 7702K->7100K(13888K), 0.0008710 secs] [Times: user=0.00 sys=0.00, real=0.00 secs] 
250.949: Total time for which application threads were stopped: 0.0348210 seconds, Stopping threads took: 0.0338800 seconds
250.950: Application time: 0.0006150 seconds
250.983: [GC250.983: [DefNew: 4113K->4113K(4288K), 0.0000070 secs]250.983: [Tenured: 6709K->6025K(9600K), 0.0062310 secs] 10822K->6025K(13888K), [Perm : 5137K->5137K(21248K)], 0.0062760 secs] [Times: user=0.00 sys=0.00, real=0.01 secs] 
250.989: Total time for which application threads were stopped: 0.0394820 seconds, Stopping threads took: 0.0331310 seconds
250.990: Application time: 0.0009400 seconds
251.060: [GC251.060: [DefNew: 3825K->3825K(4288K), 0.0000090 secs]251.060: [Tenured: 6025K->3388K(9600K), 0.0055340 secs] 9850K->3388K(13888K), [Perm : 5137K->5137K(21248K)], 0.0055950 secs] [Times: user=0.00 sys=0.00, real=0.01 secs] 
251.066: Total time for which application threads were stopped: 0.0758570 seconds, Stopping threads took: 0.0701960 seconds
251.066: Application time: 0.0005360 seconds
251.100: [GC251.100: [DefNew: 3825K->391K(4288K), 0.0009440 secs] 7214K->7100K(13888K), 0.0009670 secs] [Times: user=0.00 sys=0.00, real=0.00 secs] 
251.101: Total time for which application threads were stopped: 0.0346750 seconds, Stopping threads took: 0.0336310 seconds
251.102: Application time: 0.0006250 seconds
251.166: [GC251.166: [DefNew: 4117K->4117K(4288K), 0.0000060 secs]251.166: [Tenured: 6709K->4462K(9600K), 0.0057070 secs] 10826K->4462K(13888K), [Perm : 5137K->5137K(21248K)], 0.0057580 secs] [Times: user=0.00 sys=0.00, real=0.00 secs] 
251.172: Total time for which application threads were stopped: 0.0700010 seconds, Stopping threads took: 0.0641640 seconds
251.173: Application time: 0.0007450 seconds
251.235: [GC251.235: [DefNew: 3806K->420K(4288K), 0.0007950 secs] 8268K->7031K(13888K), 0.0008220 secs] [Times: user=0.00 sys=0.00, real=0.00 secs] 
251.236: Total time for which application threads were stopped: 0.0633190 seconds, Stopping threads took: 0.0624230 seconds
251.236: Application time: 0.0003950 seconds
251.299: [GC251.299: [DefNew: 4245K->4245K(4288K), 0.0000060 secs]251.299: [Tenured: 6611K->4491K(9600K), 0.0057360 secs] 10856K->4491K(13888K), [Perm : 5137K->5137K(21248K)], 0.0057820 secs] [Times: user=0.01 sys=0.00, real=0.01 secs] 
251.305: Total time for which application threads were stopped: 0.0686450 seconds, Stopping threads took: 0.0627870 seconds
251.306: Application time: 0.0006190 seconds
251.338: [GC251.338: [DefNew: 3803K->419K(4288K), 0.0008640 secs] 8295K->7939K(13888K), 0.0008850 secs] [Times: user=0.01 sys=0.00, real=0.00 secs] 
251.339: Total time for which application threads were stopped: 0.0337930 seconds, Stopping threads took: 0.0328420 seconds
251.411: Application time: 0.0717880 seconds
251.414: [GC251.414: [DefNew: 4245K->4245K(4288K), 0.0000090 secs]251.414: [Tenured: 7519K->2371K(9600K), 0.0053110 secs] 11764K->2371K(13888K), [Perm : 5137K->5137K(21248K)], 0.0053640 secs] [Times: user=0.00 sys=0.00, real=0.00 secs] 
251.419: Total time for which application threads were stopped: 0.0083580 seconds, Stopping threads took: 0.0029140 seconds
251.420: Application time: 0.0005800 seconds
251.465: [GC251.465: [DefNew: 3684K->395K(4288K), 0.0008270 secs] 6055K->5697K(13888K), 0.0008460 secs] [Times: user=0.00 sys=0.00, real=0.00 secs] 
251.466: Total time for which application threads were stopped: 0.0458490 seconds, Stopping threads took: 0.0449620 seconds
251.466: Application time: 0.0003960 seconds
251.516: [GC251.516: [DefNew: 4043K->415K(4288K), 0.0008840 secs] 9344K->8455K(13888K), 0.0009090 secs] [Times: user=0.00 sys=0.00, real=0.00 secs] 
251.517: Total time for which application threads were stopped: 0.0505820 seconds, Stopping threads took: 0.0496060 seconds
251.518: Application time: 0.0006620 seconds
251.588: [GC251.588: [DefNew: 4240K->4240K(4288K), 0.0000080 secs]251.588: [Tenured: 8040K->3767K(9600K), 0.0061290 secs] 12281K->3767K(13888K), [Perm : 5137K->5137K(21248K)], 0.0061810 secs] [Times: user=0.01 sys=0.00, real=0.01 secs] 
251.594: Total time for which application threads were stopped: 0.0763120 seconds, Stopping threads took: 0.0700500 seconds
251.595: Application time: 0.0006610 seconds
251.660: [GC251.660: [DefNew: 3786K->440K(4288K), 0.0008080 secs] 7553K->6559K(13888K), 0.0008330 secs] [Times: user=0.00 sys=0.00, real=0.00 secs] 
251.661: Total time for which application threads were stopped: 0.0666120 seconds, Stopping threads took: 0.0657190 seconds
251.661: Application time: 0.0003650 seconds
251.695: [GC251.695: [DefNew: 4070K->4070K(4288K), 0.0000070 secs]251.695: [Tenured: 6119K->4463K(9600K), 0.0058860 secs] 10189K->4463K(13888K), [Perm : 5137K->5137K(21248K)], 0.0059380 secs] [Times: user=0.01 sys=0.00, real=0.00 secs] 
251.701: Total time for which application threads were stopped: 0.0393380 seconds, Stopping threads took: 0.0333460 seconds
251.701: Application time: 0.0004870 seconds
251.736: [GC251.736: [DefNew: 3823K->391K(4288K), 0.0008090 secs] 8286K->7394K(13888K), 0.0008340 secs] [Times: user=0.00 sys=0.00, real=0.00 secs] 
251.737: Total time for which application threads were stopped: 0.0352990 seconds, Stopping threads took: 0.0343940 seconds
251.737: Application time: 0.0006100 seconds
251.771: [GC251.771: [DefNew: 4115K->4115K(4288K), 0.0000070 secs]251.771: [Tenured: 7002K->7002K(9600K), 0.0067750 secs] 11117K->7002K(13888K), [Perm : 5137K->5137K(21248K)], 0.0068210 secs] [Times: user=0.01 sys=0.00, real=0.01 secs] 
251.778: Total time for which application threads were stopped: 0.0404640 seconds, Stopping threads took: 0.0335660 seconds
251.849: Application time: 0.0712870 seconds
251.855: [GC251.855: [DefNew: 3727K->3727K(4288K), 0.0000090 secs]251.855: [Tenured: 7002K->2119K(9600K), 0.0047950 secs] 10729K->2119K(13888K), [Perm : 5137K->5137K(21248K)], 0.0048500 secs] [Times: user=0.00 sys=0.00, real=0.00 secs] 
251.859: Total time for which application threads were stopped: 0.0104490 seconds, Stopping threads took: 0.0055170 seconds
251.860: Application time: 0.0006280 seconds
251.861: [GC251.861: [DefNew: 3725K->392K(4288K), 0.0008340 secs] 5845K->5832K(13888K), 0.0008520 secs] [Times: user=0.00 sys=0.00, real=0.00 secs] 
251.861: Total time for which application threads were stopped: 0.0013190 seconds, Stopping threads took: 0.0004050 seconds
251.862: Application time: 0.0008830 seconds
251.918: [GC251.918: [DefNew: 4215K->4215K(4288K), 0.0000070 secs]251.918: [Tenured: 5440K->5342K(9600K), 0.0054060 secs] 9655K->5342K(13888K), [Perm : 5137K->5137K(21248K)], 0.0054540 secs] [Times: user=0.00 sys=0.00, real=0.00 secs] 
251.924: Total time for which application threads were stopped: 0.0614670 seconds, Stopping threads took: 0.0559360 seconds
251.925: Application time: 0.0008030 seconds
251.996: [GC251.996: [DefNew: 3825K->391K(4288K), 0.0009910 secs] 9168K->8468K(13888K), 0.0010220 secs] [Times: user=0.00 sys=0.00, real=0.00 secs] 
251.997: Total time for which application threads were stopped: 0.0721520 seconds, Stopping threads took: 0.0710540 seconds
251.997: Application time: 0.0007040 seconds
252.064: [GC252.064: [DefNew: 4197K->4197K(4288K), 0.0000070 secs]252.064: [Tenured: 8077K->3877K(9600K), 0.0060230 secs] 12274K->3877K(13888K), [Perm : 5137K->5137K(21248K)], 0.0060710 secs] [Times: user=0.00 sys=0.00, real=0.01 secs] 
252.070: Total time for which application threads were stopped: 0.0724720 seconds, Stopping threads took: 0.0663430 seconds
252.070: Application time: 0.0004660 seconds
252.132: [GC252.132: [DefNew: 3825K->391K(4288K), 0.0008100 secs] 7702K->6808K(13888K), 0.0008310 secs] [Times: user=0.00 sys=0.00, real=0.01 secs] 
252.133: Total time for which application threads were stopped: 0.0626760 seconds, Stopping threads took: 0.0617980 seconds
252.134: Application time: 0.0006080 seconds
252.167: [GC252.168: [DefNew: 4209K->4209K(4288K), 0.0000070 secs]252.168: [Tenured: 6416K->7197K(9600K), 0.0063120 secs] 10625K->7197K(13888K), [Perm : 5137K->5137K(21248K)], 0.0063590 secs] [Times: user=0.00 sys=0.00, real=0.01 secs] 
252.174: Total time for which application threads were stopped: 0.0402530 seconds, Stopping threads took: 0.0338110 seconds
252.245: Application time: 0.0712200 seconds
252.247: [GC252.247: [DefNew: 3727K->3727K(4288K), 0.0000080 secs]252.247: [Tenured: 7197K->2315K(9600K), 0.0047190 secs] 10925K->2315K(13888K), [Perm : 5137K->5137K(21248K)], 0.0047750 secs] [Times: user=0.01 sys=0.00, real=0.00 secs] 
252.252: Total time for which application threads were stopped: 0.0069200 seconds, Stopping threads took: 0.0020640 seconds
252.253: Application time: 0.0005640 seconds
252.286: [GC252.286: [DefNew: 3513K->420K(4288K), 0.0007520 secs] 5828K->5469K(13888K), 0.0007720 secs] [Times: user=0.00 sys=0.00, real=0.00 secs] 
252.287: Total time for which application threads were stopped: 0.0343470 seconds, Stopping threads took: 0.0335230 seconds
252.287: Application time: 0.0004340 seconds
252.321: [GC252.321: [DefNew: 4239K->390K(4288K), 0.0009750 secs] 9288K->8985K(13888K), 0.0009970 secs] [Times: user=0.01 sys=0.00, real=0.00 secs] 
252.322: Total time for which application threads were stopped: 0.0349490 seconds, Stopping threads took: 0.0338880 seconds
252.394: Application time: 0.0715520 seconds
252.396: [GC252.396: [DefNew: 4128K->4128K(4288K), 0.0000090 secs]252.396: [Tenured: 8594K->2547K(9600K), 0.0053720 secs] 12722K->2547K(13888K), [Perm : 5137K->5137K(21248K)], 0.0054240 secs] [Times: user=0.01 sys=0.00, real=0.00 secs] 
252.401: Total time for which application threads were stopped: 0.0071660 seconds, Stopping threads took: 0.0016610 seconds
252.402: Application time: 0.0005470 seconds
252.435: [GC252.435: [DefNew: 3696K->420K(4288K), 0.0008410 secs] 6243K->5897K(13888K), 0.0008620 secs] [Times: user=0.01 sys=0.00, real=0.00 secs] 
252.436: Total time for which application threads were stopped: 0.0347700 seconds, Stopping threads took: 0.0338430 seconds
252.437: Application time: 0.0006800 seconds
252.484: [GC252.484: [DefNew: 4143K->4143K(4288K), 0.0000060 secs]252.484: [Tenured: 5477K->5537K(9600K), 0.0059430 secs] 9620K->5537K(13888K), [Perm : 5137K->5137K(21248K)], 0.0059890 secs] [Times: user=0.01 sys=0.00, real=0.01 secs] 
252.490: Total time for which application threads were stopped: 0.0531410 seconds, Stopping threads took: 0.0470750 seconds
252.491: Application time: 0.0008560 seconds
252.561: [GC252.561: [DefNew: 3825K->391K(4288K), 0.0008740 secs] 9362K->8175K(13888K), 0.0009040 secs] [Times: user=0.00 sys=0.00, real=0.00 secs] 
252.562: Total time for which application threads were stopped: 0.0707640 seconds, Stopping threads took: 0.0697830 seconds
252.562: Application time: 0.0003760 seconds
252.611: [GC252.611: [DefNew: 4119K->4119K(4288K), 0.0000060 secs]252.611: [Tenured: 7783K->4463K(9600K), 0.0058170 secs] 11903K->4463K(13888K), [Perm : 5137K->5137K(21248K)], 0.0058620 secs] [Times: user=0.01 sys=0.00, real=0.01 secs] 
252.617: Total time for which application threads were stopped: 0.0544330 seconds, Stopping threads took: 0.0484960 seconds
252.617: Application time: 0.0004560 seconds
252.650: [GC252.650: [DefNew: 3823K->391K(4288K), 0.0009240 secs] 8287K->7980K(13888K), 0.0009470 secs] [Times: user=0.00 sys=0.00, real=0.00 secs] 
252.651: Total time for which application threads were stopped: 0.0339140 seconds, Stopping threads took: 0.0328980 seconds
252.723: Application time: 0.0724310 seconds
252.724: [GC252.724: [DefNew: 4119K->4119K(4288K), 0.0000090 secs]252.724: [Tenured: 7589K->2315K(9600K), 0.0050540 secs] 11708K->2315K(13888K), [Perm : 5137K->5137K(21248K)], 0.0051070 secs] [Times: user=0.01 sys=0.00, real=0.00 secs] 
252.730: Total time for which application threads were stopped: 0.0061210 seconds, Stopping threads took: 0.0009440 seconds
252.730: Application time: 0.0006000 seconds
252.731: [GC252.731: [DefNew: 3825K->391K(4288K), 0.0008950 secs] 6141K->6125K(13888K), 0.0009120 secs] [Times: user=0.00 sys=0.00, real=0.00 secs] 
252.732: Total time for which application threads were stopped: 0.0013920 seconds, Stopping threads took: 0.0004190 seconds
252.803: Application time: 0.0714380 seconds
252.805: [GC252.805: [DefNew: 4216K->4216K(4288K), 0.0000090 secs]252.805: [Tenured: 5733K->1339K(9600K), 0.0054800 secs] 9950K->1339K(13888K), [Perm : 5137K->5137K(21248K)], 0.0055290 secs] [Times: user=0.00 sys=0.00, real=0.00 secs] 
252.810: Total time for which application threads were stopped: 0.0073800 seconds, Stopping threads took: 0.0017730 seconds
252.811: Application time: 0.0005710 seconds
252.811: [GC252.811: [DefNew: 3727K->392K(4288K), 0.0008580 secs] 5067K->5051K(13888K), 0.0008790 secs] [Times: user=0.00 sys=0.00, real=0.00 secs] 
252.812: Total time for which application threads were stopped: 0.0011560 seconds, Stopping threads took: 0.0002100 seconds
252.813: Application time: 0.0011720 seconds
252.847: [GC252.847: [DefNew: 4113K->390K(4288K), 0.0008010 secs] 8773K->7102K(13888K), 0.0008380 secs] [Times: user=0.00 sys=0.00, real=0.00 secs] 
252.848: Total time for which application threads were stopped: 0.0343480 seconds, Stopping threads took: 0.0334370 seconds
252.848: Application time: 0.0008480 seconds
252.917: [GC252.917: [DefNew: 4216K->4216K(4288K), 0.0000090 secs]252.917: [Tenured: 6711K->3975K(9600K), 0.0062220 secs] 10927K->3975K(13888K), [Perm : 5137K->5137K(21248K)], 0.0062740 secs] [Times: user=0.00 sys=0.00, real=0.00 secs] 
252.924: Total time for which application threads were stopped: 0.0752660 seconds, Stopping threads took: 0.0689340 seconds
252.924: Application time: 0.0004950 seconds
252.958: [GC252.958: [DefNew: 3727K->392K(4288K), 0.0008770 secs] 7702K->7101K(13888K), 0.0008980 secs] [Times: user=0.00 sys=0.00, real=0.00 secs] 
252.959: Total time for which application threads were stopped: 0.0348260 seconds, Stopping threads took: 0.0338590 seconds
252.959: Application time: 0.0004210 seconds
252.960: [GC252.960: [DefNew: 4213K->4213K(4288K), 0.0000060 secs]252.960: [Tenured: 6709K->8271K(9600K), 0.0065150 secs] 10923K->8271K(13888K), [Perm : 5137K->5137K(21248K)], 0.0065610 secs] [Times: user=0.00 sys=0.00, real=0.01 secs] 
252.967: Total time for which application threads were stopped: 0.0070650 seconds, Stopping threads took: 0.0004250 seconds
253.039: Application time: 0.0725770 seconds
253.040: [GC253.040: [DefNew: 3751K->3751K(4288K), 0.0000100 secs]253.040: [Tenured: 8271K->3413K(9600K), 0.0061280 secs] 12023K->3413K(13888K), [Perm : 5137K->5137K(21248K)], 0.0061830 secs] [Times: user=0.01 sys=0.00, real=0.01 secs] 
253.046: Total time for which application threads were stopped: 0.0065980 seconds, Stopping threads took: 0.0003540 seconds
253.046: Application time: 0.0005090 seconds
253.080: [GC253.080: [DefNew: 3582K->419K(4288K), 0.0008670 secs] 6996K->6958K(13888K), 0.0008850 secs] [Times: user=0.00 sys=0.00, real=0.00 secs] 
253.081: Total time for which application threads were stopped: 0.0344880 seconds, Stopping threads took: 0.0335410 seconds
253.082: Application time: 0.0011070 seconds
253.152: [GC253.152: [DefNew: 4244K->4244K(4288K), 0.0000090 secs]253.152: [Tenured: 6539K->3223K(9600K), 0.0061210 secs] 10783K->3223K(13888K), [Perm : 5137K->5137K(21248K)], 0.0061730 secs] [Times: user=0.00 sys=0.00, real=0.01 secs] 
253.158: Total time for which application threads were stopped: 0.0761960 seconds, Stopping threads took: 0.0699660 seconds
253.159: Application time: 0.0005200 seconds
253.192: [GC253.192: [DefNew: 3684K->396K(4288K), 0.0008890 secs] 6907K->6549K(13888K), 0.0009120 secs] [Times: user=0.00 sys=0.00, real=0.01 secs] 
253.193: Total time for which application threads were stopped: 0.0343050 seconds, Stopping threads took: 0.0333240 seconds
253.193: Application time: 0.0004140 seconds
253.240: [GC253.240: [DefNew: 4143K->4143K(4288K), 0.0000060 secs]253.241: [Tenured: 6153K->6221K(9600K), 0.0065460 secs] 10296K->6221K(13888K), [Perm : 5137K->5137K(21248K)], 0.0065930 secs] [Times: user=0.00 sys=0.00, real=0.01 secs] 
253.247: Total time for which application threads were stopped: 0.0538210 seconds, Stopping threads took: 0.0471460 seconds
253.319: Application time: 0.0723770 seconds
253.321: [GC253.321: [DefNew: 3727K->3727K(4288K), 0.0000090 secs]253.321: [Tenured: 6221K->1338K(9600K), 0.0058000 secs] 9948K->1338K(13888K), [Perm : 5137K->5137K(21248K)], 0.0058520 secs] [Times: user=0.01 sys=0.00, real=0.01 secs] 
253.327: Total time for which application threads were stopped: 0.0071370 seconds, Stopping threads took: 0.0012060 seconds
253.327: Application time: 0.0006140 seconds
253.328: [GC253.328: [DefNew: 3725K->392K(4288K), 0.0008720 secs] 5064K->5051K(13888K), 0.0008900 secs] [Times: user=0.01 sys=0.00, real=0.00 secs] 
253.329: Total time for which application threads were stopped: 0.0012850 seconds, Stopping threads took: 0.0003550 seconds
253.329: Application time: 0.0007210 seconds
253.394: [GC253.394: [DefNew: 4117K->293K(4288K), 0.0003610 secs] 8776K->5539K(13888K), 0.0003900 secs] [Times: user=0.00 sys=0.00, real=0.00 secs] 
253.394: Total time for which application threads were stopped: 0.0649030 seconds, Stopping threads took: 0.0644500 seconds
253.395: Application time: 0.0003490 seconds
253.428: [GC253.428: [DefNew: 3971K->391K(4288K), 0.0008170 secs] 9218K->8567K(13888K), 0.0008400 secs] [Times: user=0.00 sys=0.00, real=0.00 secs] 
253.429: Total time for which application threads were stopped: 0.0344610 seconds, Stopping threads took: 0.0335560 seconds
253.429: Application time: 0.0004960 seconds
253.492: [GC253.492: [DefNew: 4127K->4127K(4288K), 0.0000080 secs]253.492: [Tenured: 8176K->4227K(9600K), 0.0064320 secs] 12303K->4227K(13888K), [Perm : 5137K->5137K(21248K)], 0.0064760 secs] [Times: user=0.00 sys=0.00, real=0.01 secs] 
253.498: Total time for which application threads were stopped: 0.0686740 seconds, Stopping threads took: 0.0621210 seconds
253.499: Application time: 0.0006330 seconds
253.562: [GC253.562: [DefNew: 3775K->391K(4288K), 0.0009040 secs] 8003K->7353K(13888K), 0.0009290 secs] [Times: user=0.00 sys=0.00, real=0.00 secs] 
253.563: Total time for which application threads were stopped: 0.0643700 seconds, Stopping threads took: 0.0633720 seconds
253.564: Application time: 0.0005070 seconds
253.602: [GC253.602: [DefNew: 4147K->4147K(4288K), 0.0000070 secs]253.602: [Tenured: 6962K->6307K(9600K), 0.0067250 secs] 11109K->6307K(13888K), [Perm : 5137K->5137K(21248K)], 0.0067700 secs] [Times: user=0.01 sys=0.00, real=0.01 secs] 
253.609: Total time for which application threads were stopped: 0.0454790 seconds, Stopping threads took: 0.0386330 seconds
253.682: Application time: 0.0725410 seconds
253.684: [GC253.684: [DefNew: 3727K->3727K(4288K), 0.0000090 secs]253.684: [Tenured: 6307K->1338K(9600K), 0.0058000 secs] 10034K->1338K(13888K), [Perm : 5137K->5137K(21248K)], 0.0058490 secs] [Times: user=0.00 sys=0.00, real=0.01 secs] 
253.690: Total time for which application threads were stopped: 0.0078400 seconds, Stopping threads took: 0.0019130 seconds
253.690: Application time: 0.0006080 seconds
253.690: [GC253.690: [DefNew: 3806K->420K(4288K), 0.0008950 secs] 5145K->5080K(13888K), 0.0009160 secs] [Times: user=0.00 sys=0.00, real=0.00 secs] 
253.691: Total time for which application threads were stopped: 0.0012410 seconds, Stopping threads took: 0.0002580 seconds
253.692: Application time: 0.0007670 seconds
253.757: [GC253.757: [DefNew: 4142K->391K(4288K), 0.0005110 secs] 8801K->6251K(13888K), 0.0005340 secs] [Times: user=0.00 sys=0.00, real=0.00 secs] 
253.758: Total time for which application threads were stopped: 0.0658380 seconds, Stopping threads took: 0.0652300 seconds
253.758: Application time: 0.0003360 seconds
253.822: [GC253.822: [DefNew: 3923K->3923K(4288K), 0.0000070 secs]253.822: [Tenured: 5860K->3711K(9600K), 0.0061640 secs] 9784K->3711K(13888K), [Perm : 5137K->5137K(21248K)], 0.0062100 secs] [Times: user=0.01 sys=0.00, real=0.01 secs] 
253.829: Total time for which application threads were stopped: 0.0703850 seconds, Stopping threads took: 0.0640990 seconds
253.829: Application time: 0.0004710 seconds
253.862: [GC253.862: [DefNew: 3723K->391K(4288K), 0.0010060 secs] 7435K->7130K(13888K), 0.0010300 secs] [Times: user=0.00 sys=0.00, real=0.00 secs] 
253.863: Total time for which application threads were stopped: 0.0342350 seconds, Stopping threads took: 0.0331420 seconds
253.936: Application time: 0.0726500 seconds
253.938: [GC253.938: [DefNew: 4216K->4216K(4288K), 0.0000090 secs]253.938: [Tenured: 6738K->1563K(9600K), 0.0051340 secs] 10955K->1563K(13888K), [Perm : 5137K->5137K(21248K)], 0.0051850 secs] [Times: user=0.01 sys=0.00, real=0.00 secs] 
253.943: Total time for which application threads were stopped: 0.0067570 seconds, Stopping threads took: 0.0015030 seconds
253.943: Application time: 0.0006190 seconds
253.944: [GC253.944: [DefNew: 3727K->392K(4288K), 0.0008810 secs] 5291K->5276K(13888K), 0.0008980 secs] [Times: user=0.00 sys=0.00, real=0.01 secs] 
253.945: Total time for which application threads were stopped: 0.0012470 seconds, Stopping threads took: 0.0003100 seconds
253.946: Application time: 0.0009840 seconds
254.010: [GC254.010: [DefNew: 4213K->293K(4288K), 0.0007830 secs] 9097K->7522K(13888K), 0.0008130 secs] [Times: user=0.00 sys=0.00, real=0.00 secs] 
254.011: Total time for which application threads were stopped: 0.0652820 seconds, Stopping threads took: 0.0644030 seconds
254.011: Application time: 0.0004320 seconds
254.076: [GC254.076: [DefNew: 3923K->3923K(4288K), 0.0000070 secs]254.076: [Tenured: 7228K->4102K(9600K), 0.0059250 secs] 11152K->4102K(13888K), [Perm : 5137K->5137K(21248K)], 0.0059720 secs] [Times: user=0.01 sys=0.00, real=0.00 secs] 
254.082: Total time for which application threads were stopped: 0.0710260 seconds, Stopping threads took: 0.0649760 seconds
254.083: Application time: 0.0005730 seconds
254.083: [GC254.083: [DefNew: 3819K->391K(4288K), 0.0009170 secs] 7921K->7911K(13888K), 0.0009390 secs] [Times: user=0.00 sys=0.00, real=0.01 secs] 
254.084: Total time for which application threads were stopped: 0.0013400 seconds, Stopping threads took: 0.0003330 seconds
254.156: Application time: 0.0718110 seconds
254.192: [GC254.192: [DefNew: 3923K->3923K(4288K), 0.0000090 secs]254.192: [Tenured: 7520K->1729K(9600K), 0.0051710 secs] 11443K->1729K(13888K), [Perm : 5137K->5137K(21248K)], 0.0052230 secs] [Times: user=0.00 sys=0.00, real=0.01 secs] 
254.197: Total time for which application threads were stopped: 0.0406200 seconds, Stopping threads took: 0.0353170 seconds
254.197: Application time: 0.0006480 seconds
254.198: [GC254.198: [DefNew: 3687K->441K(4288K), 0.0008610 secs] 5416K->5303K(13888K), 0.0008800 secs] [Times: user=0.00 sys=0.00, real=0.00 secs] 
254.199: Total time for which application threads were stopped: 0.0012930 seconds, Stopping threads took: 0.0003520 seconds
254.200: Application time: 0.0009980 seconds
254.265: [GC254.265: [DefNew: 4262K->391K(4288K), 0.0006210 secs] 9124K->6963K(13888K), 0.0006430 secs] [Times: user=0.00 sys=0.00, real=0.00 secs] 
254.266: Total time for which application threads were stopped: 0.0658210 seconds, Stopping threads took: 0.0651150 seconds
254.266: Application time: 0.0003660 seconds
254.328: [GC254.328: [DefNew: 4021K->4021K(4288K), 0.0000070 secs]254.328: [Tenured: 6572K->4130K(9600K), 0.0055590 secs] 10594K->4130K(13888K), [Perm : 5137K->5137K(21248K)], 0.0056050 secs] [Times: user=0.00 sys=0.00, real=0.01 secs] 
254.334: Total time for which application threads were stopped: 0.0676660 seconds, Stopping threads took: 0.0619850 seconds
254.334: Application time: 0.0006700 seconds
254.335: [GC254.335: [DefNew: 3819K->293K(4288K), 0.0008950 secs] 7949K->7939K(13888K), 0.0009190 secs] [Times: user=0.00 sys=0.00, real=0.00 secs] 
254.336: Total time for which application threads were stopped: 0.0013770 seconds, Stopping threads took: 0.0003950 seconds
254.408: Application time: 0.0723450 seconds
254.410: [GC254.410: [DefNew: 4118K->4118K(4288K), 0.0000090 secs]254.410: [Tenured: 7646K->3154K(9600K), 0.0050070 secs] 11764K->3154K(13888K), [Perm : 5137K->5137K(21248K)], 0.0050640 secs] [Times: user=0.00 sys=0.00, real=0.01 secs] 
254.415: Total time for which application threads were stopped: 0.0074700 seconds, Stopping threads took: 0.0023240 seconds
254.416: Application time: 0.0005100 seconds
254.465: [GC254.465: [DefNew: 3727K->391K(4288K), 0.0007690 secs] 6882K->6280K(13888K), 0.0007910 secs] [Times: user=0.00 sys=0.00, real=0.00 secs] 
254.466: Total time for which application threads were stopped: 0.0502470 seconds, Stopping threads took: 0.0494090 seconds
254.467: Application time: 0.0005620 seconds
254.500: [GC254.500: [DefNew: 4213K->4213K(4288K), 0.0000060 secs]254.500: [Tenured: 5889K->6377K(9600K), 0.0061940 secs] 10102K->6377K(13888K), [Perm : 5137K->5137K(21248K)], 0.0062390 secs] [Times: user=0.00 sys=0.00, real=0.01 secs] 
254.506: Total time for which application threads were stopped: 0.0394640 seconds, Stopping threads took: 0.0331700 seconds
254.578: Application time: 0.0714770 seconds
254.580: [GC254.580: [DefNew: 3825K->3825K(4288K), 0.0000090 secs]254.580: [Tenured: 6377K->1534K(9600K), 0.0050280 secs] 10202K->1534K(13888K), [Perm : 5137K->5137K(21248K)], 0.0050860 secs] [Times: user=0.00 sys=0.00, real=0.01 secs] 
254.585: Total time for which application threads were stopped: 0.0076930 seconds, Stopping threads took: 0.0025380 seconds
254.586: Application time: 0.0006870 seconds
254.586: [GC254.586: [DefNew: 3727K->392K(4288K), 0.0008860 secs] 5262K->5247K(13888K), 0.0009090 secs] [Times: user=0.00 sys=0.00, real=0.00 secs] 
254.587: Total time for which application threads were stopped: 0.0012160 seconds, Stopping threads took: 0.0002390 seconds
254.589: Application time: 0.0018090 seconds
254.658: [GC254.658: [DefNew: 4213K->195K(4288K), 0.0004540 secs] 9068K->6223K(13888K), 0.0004770 secs] [Times: user=0.00 sys=0.00, real=0.00 secs] 
254.658: Total time for which application threads were stopped: 0.0689280 seconds, Stopping threads took: 0.0684050 seconds
254.658: Application time: 0.0003030 seconds
254.692: [GC254.692: [DefNew: 3826K->3826K(4288K), 0.0000060 secs]254.692: [Tenured: 6027K->5148K(9600K), 0.0057930 secs] 9853K->5148K(13888K), [Perm : 5137K->5137K(21248K)], 0.0058360 secs] [Times: user=0.00 sys=0.00, real=0.01 secs] 
254.698: Total time for which application threads were stopped: 0.0393600 seconds, Stopping threads took: 0.0334500 seconds
254.698: Application time: 0.0007230 seconds
254.732: [GC254.732: [DefNew: 3823K->391K(4288K), 0.0009600 secs] 8971K->8957K(13888K), 0.0009800 secs] [Times: user=0.00 sys=0.00, real=0.01 secs] 
254.733: Total time for which application threads were stopped: 0.0342750 seconds, Stopping threads took: 0.0332300 seconds
254.805: Application time: 0.0721050 seconds
254.839: [GC254.839: [DefNew: 4166K->4166K(4288K), 0.0000100 secs]254.839: [Tenured: 8566K->1973K(9600K), 0.0065010 secs] 12732K->1973K(13888K), [Perm : 5137K->5137K(21248K)], 0.0065560 secs] [Times: user=0.01 sys=0.00, real=0.01 secs] 
254.846: Total time for which application threads were stopped: 0.0406830 seconds, Stopping threads took: 0.0340380 seconds
254.846: Application time: 0.0007030 seconds
254.847: [GC254.847: [DefNew: 3755K->420K(4288K), 0.0009090 secs] 5729K->5714K(13888K), 0.0009310 secs] [Times: user=0.00 sys=0.00, real=0.00 secs] 
254.848: Total time for which application threads were stopped: 0.0012830 seconds, Stopping threads took: 0.0002840 seconds
254.849: Application time: 0.0010580 seconds
254.918: [GC254.918: [DefNew: 4147K->293K(4288K), 0.0005720 secs] 9442K->6984K(13888K), 0.0005970 secs] [Times: user=0.00 sys=0.00, real=0.00 secs] 
254.919: Total time for which application threads were stopped: 0.0702500 seconds, Stopping threads took: 0.0695830 seconds
254.919: Application time: 0.0004230 seconds
254.953: [GC254.953: [DefNew: 4021K->4021K(4288K), 0.0000080 secs]254.953: [Tenured: 6690K->4492K(9600K), 0.0060890 secs] 10711K->4492K(13888K), [Perm : 5137K->5137K(21248K)], 0.0061320 secs] [Times: user=0.01 sys=0.00, real=0.00 secs] 
254.959: Total time for which application threads were stopped: 0.0397290 seconds, Stopping threads took: 0.0335200 seconds
254.960: Application time: 0.0007420 seconds
254.993: [GC254.993: [DefNew: 3821K->391K(4288K), 0.0008220 secs] 8314K->8009K(13888K), 0.0008440 secs] [Times: user=0.00 sys=0.00, real=0.00 secs] 
254.994: Total time for which application threads were stopped: 0.0338740 seconds, Stopping threads took: 0.0329740 seconds
255.066: Application time: 0.0720020 seconds
255.069: [GC255.069: [DefNew: 4196K->4196K(4288K), 0.0000090 secs]255.069: [Tenured: 7618K->2315K(9600K), 0.0053190 secs] 11815K->2315K(13888K), [Perm : 5137K->5137K(21248K)], 0.0053720 secs] [Times: user=0.00 sys=0.00, real=0.01 secs] 
255.075: Total time for which application threads were stopped: 0.0089640 seconds, Stopping threads took: 0.0035100 seconds
255.075: Application time: 0.0006360 seconds
255.108: [GC255.108: [DefNew: 3825K->391K(4288K), 0.0008230 secs] 6141K->5832K(13888K), 0.0008420 secs] [Times: user=0.00 sys=0.00, real=0.00 secs] 
255.109: Total time for which application threads were stopped: 0.0341330 seconds, Stopping threads took: 0.0332300 seconds
255.110: Application time: 0.0005680 seconds
255.157: [GC255.157: [DefNew: 4113K->293K(4288K), 0.0008900 secs] 9554K->8664K(13888K), 0.0009210 secs] [Times: user=0.00 sys=0.00, real=0.00 secs] 
255.158: Total time for which application threads were stopped: 0.0476950 seconds, Stopping threads took: 0.0467070 seconds
255.158: Application time: 0.0007170 seconds
255.226: [GC255.226: [DefNew: 4118K->4118K(4288K), 0.0000080 secs]255.226: [Tenured: 8371K->3975K(9600K), 0.0064010 secs] 12490K->3975K(13888K), [Perm : 5137K->5137K(21248K)], 0.0064500 secs] [Times: user=0.01 sys=0.00, real=0.01 secs] 
255.233: Total time for which application threads were stopped: 0.0746050 seconds, Stopping threads took: 0.0680770 seconds
255.233: Application time: 0.0005330 seconds
255.267: [GC255.267: [DefNew: 3727K->392K(4288K), 0.0008850 secs] 7703K->7102K(13888K), 0.0009100 secs] [Times: user=0.01 sys=0.00, real=0.00 secs] 
255.268: Total time for which application threads were stopped: 0.0347880 seconds, Stopping threads took: 0.0338060 seconds
255.269: Application time: 0.0006550 seconds
255.302: [GC255.302: [DefNew: 4189K->4189K(4288K), 0.0000060 secs]255.302: [Tenured: 6710K->7129K(9600K), 0.0066670 secs] 10900K->7129K(13888K), [Perm : 5137K->5137K(21248K)], 0.0067130 secs] [Times: user=0.00 sys=0.00, real=0.01 secs] 
255.309: Total time for which application threads were stopped: 0.0399850 seconds, Stopping threads took: 0.0331950 seconds
255.381: Application time: 0.0718060 seconds
255.382: [GC255.382: [DefNew: 3708K->3708K(4288K), 0.0000100 secs]255.382: [Tenured: 7129K->2177K(9600K), 0.0058530 secs] 10837K->2177K(13888K), [Perm : 5137K->5137K(21248K)], 0.0059060 secs] [Times: user=0.01 sys=0.00, real=0.01 secs] 
255.388: Total time for which application threads were stopped: 0.0071560 seconds, Stopping threads took: 0.0011610 seconds
255.388: Application time: 0.0006220 seconds
255.422: [GC255.422: [DefNew: 3708K->420K(4288K), 0.0008340 secs] 5885K->5527K(13888K), 0.0008520 secs] [Times: user=0.00 sys=0.00, real=0.00 secs] 
255.423: Total time for which application threads were stopped: 0.0340930 seconds, Stopping threads took: 0.0331780 seconds
255.423: Application time: 0.0004240 seconds
255.456: [GC255.456: [DefNew: 4239K->390K(4288K), 0.0009770 secs] 9346K->9043K(13888K), 0.0009980 secs] [Times: user=0.00 sys=0.00, real=0.00 secs] 
255.457: Total time for which application threads were stopped: 0.0341020 seconds, Stopping threads took: 0.0330620 seconds
255.528: Application time: 0.0713930 seconds
255.532: [GC255.532: [DefNew: 4118K->4118K(4288K), 0.0000090 secs]255.532: [Tenured: 8652K->2511K(9600K), 0.0054040 secs] 12770K->2511K(13888K), [Perm : 5137K->5137K(21248K)], 0.0054600 secs] [Times: user=0.01 sys=0.00, real=0.00 secs] 
255.538: Total time for which application threads were stopped: 0.0093070 seconds, Stopping threads took: 0.0037600 seconds
255.538: Application time: 0.0004670 seconds
255.571: [GC255.571: [DefNew: 3823K->391K(4288K), 0.0008230 secs] 6334K->6028K(13888K), 0.0008420 secs] [Times: user=0.00 sys=0.00, real=0.00 secs] 
255.572: Total time for which application threads were stopped: 0.0336660 seconds, Stopping threads took: 0.0327600 seconds
255.573: Application time: 0.0007050 seconds
255.621: [GC255.621: [DefNew: 4215K->4215K(4288K), 0.0000060 secs]255.621: [Tenured: 5636K->5831K(9600K), 0.0053300 secs] 9851K->5831K(13888K), [Perm : 5137K->5137K(21248K)], 0.0053770 secs] [Times: user=0.01 sys=0.00, real=0.01 secs] 
255.626: Total time for which application threads were stopped: 0.0537720 seconds, Stopping threads took: 0.0483270 seconds
255.627: Application time: 0.0009120 seconds
255.697: [GC255.697: [DefNew: 3825K->3825K(4288K), 0.0000080 secs]255.697: [Tenured: 5831K->4269K(9600K), 0.0057510 secs] 9657K->4269K(13888K), [Perm : 5137K->5137K(21248K)], 0.0058030 secs] [Times: user=0.00 sys=0.00, real=0.00 secs] 
255.703: Total time for which application threads were stopped: 0.0754130 seconds, Stopping threads took: 0.0695290 seconds
255.703: Application time: 0.0006180 seconds
255.757: [GC255.757: [DefNew: 3708K->420K(4288K), 0.0009610 secs] 7977K->7619K(13888K), 0.0009990 secs] [Times: user=0.00 sys=0.00, real=0.00 secs] 
255.758: Total time for which application threads were stopped: 0.0545390 seconds, Stopping threads took: 0.0534660 seconds
255.758: Application time: 0.0004100 seconds
255.822: [GC255.822: [DefNew: 4147K->4147K(4288K), 0.0000070 secs]255.822: [Tenured: 7198K->4102K(9600K), 0.0056950 secs] 11346K->4102K(13888K), [Perm : 5137K->5137K(21248K)], 0.0057450 secs] [Times: user=0.01 sys=0.00, real=0.01 secs] 
255.828: Total time for which application threads were stopped: 0.0697930 seconds, Stopping threads took: 0.0639710 seconds
255.829: Application time: 0.0004590 seconds
255.876: [GC255.876: [DefNew: 3723K->391K(4288K), 0.0011000 secs] 7826K->7521K(13888K), 0.0015680 secs] [Times: user=0.00 sys=0.00, real=0.00 secs] 
255.878: Total time for which application threads were stopped: 0.0491340 seconds, Stopping threads took: 0.0474830 seconds
255.950: Application time: 0.0722920 seconds
255.952: [GC255.952: [DefNew: 4021K->4021K(4288K), 0.0000090 secs]255.952: [Tenured: 7130K->1730K(9600K), 0.0059210 secs] 11151K->1730K(13888K), [Perm : 5137K->5137K(21248K)], 0.0059730 secs] [Times: user=0.01 sys=0.00, real=0.01 secs] 
255.958: Total time for which application threads were stopped: 0.0075470 seconds, Stopping threads took: 0.0014850 seconds
255.958: Application time: 0.0006120 seconds
255.958: [GC255.958: [DefNew: 3725K->392K(4288K), 0.0008790 secs] 5456K->5443K(13888K), 0.0009000 secs] [Times: user=0.00 sys=0.00, real=0.00 secs] 
255.959: Total time for which application threads were stopped: 0.0012180 seconds, Stopping threads took: 0.0002500 seconds
255.960: Application time: 0.0009950 seconds
256.023: [GC256.023: [DefNew: 4215K->391K(4288K), 0.0006650 secs] 9266K->7298K(13888K), 0.0006890 secs] [Times: user=0.00 sys=0.00, real=0.00 secs] 
256.024: Total time for which application threads were stopped: 0.0634180 seconds, Stopping threads took: 0.0626600 seconds
256.025: Application time: 0.0007700 seconds
256.087: [GC256.087: [DefNew: 4216K->4216K(4288K), 0.0000080 secs]256.087: [Tenured: 6907K->4464K(9600K), 0.0057450 secs] 11123K->4464K(13888K), [Perm : 5137K->5137K(21248K)], 0.0057920 secs] [Times: user=0.01 sys=0.00, real=0.01 secs] 
256.093: Total time for which application threads were stopped: 0.0682660 seconds, Stopping threads took: 0.0624060 seconds
256.093: Application time: 0.0005360 seconds
256.156: [GC256.156: [DefNew: 3805K->420K(4288K), 0.0007710 secs] 8270K->7033K(13888K), 0.0007980 secs] [Times: user=0.00 sys=0.00, real=0.00 secs] 
256.157: Total time for which application threads were stopped: 0.0631810 seconds, Stopping threads took: 0.0623090 seconds
256.157: Application time: 0.0003660 seconds
256.220: [GC256.220: [DefNew: 4245K->4245K(4288K), 0.0000080 secs]256.220: [Tenured: 6612K->4493K(9600K), 0.0063550 secs] 10858K->4493K(13888K), [Perm : 5137K->5137K(21248K)], 0.0063990 secs] [Times: user=0.00 sys=0.00, real=0.01 secs] 
256.226: Total time for which application threads were stopped: 0.0692940 seconds, Stopping threads took: 0.0628210 seconds
256.227: Application time: 0.0006660 seconds
256.261: [GC256.261: [DefNew: 3799K->419K(4288K), 0.0008260 secs] 8293K->7940K(13888K), 0.0008510 secs] [Times: user=0.00 sys=0.00, real=0.00 secs] 
256.262: Total time for which application threads were stopped: 0.0348290 seconds, Stopping threads took: 0.0339100 seconds
256.334: Application time: 0.0718480 seconds
256.338: [GC256.338: [DefNew: 4244K->4244K(4288K), 0.0000090 secs]256.338: [Tenured: 7520K->2373K(9600K), 0.0052920 secs] 11765K->2373K(13888K), [Perm : 5137K->5137K(21248K)], 0.0053450 secs] [Times: user=0.01 sys=0.00, real=0.00 secs] 
256.343: Total time for which application threads were stopped: 0.0094530 seconds, Stopping threads took: 0.0040240 seconds
256.344: Application time: 0.0005630 seconds
256.377: [GC256.377: [DefNew: 3825K->392K(4288K), 0.0008650 secs] 6198K->5890K(13888K), 0.0008870 secs] [Times: user=0.00 sys=0.00, real=0.00 secs] 
256.378: Total time for which application threads were stopped: 0.0342070 seconds, Stopping threads took: 0.0332450 seconds
256.378: Application time: 0.0005740 seconds
256.412: [GC256.412: [DefNew: 4115K->4115K(4288K), 0.0000060 secs]256.412: [Tenured: 5498K->6612K(9600K), 0.0062130 secs] 9613K->6612K(13888K), [Perm : 5137K->5137K(21248K)], 0.0062590 secs] [Times: user=0.01 sys=0.00, real=0.01 secs] 
256.418: Total time for which application threads were stopped: 0.0394670 seconds, Stopping threads took: 0.0331320 seconds
256.488: Application time: 0.0706160 seconds
256.492: [GC256.492: [DefNew: 3727K->3727K(4288K), 0.0000080 secs]256.492: [Tenured: 6612K->1730K(9600K), 0.0052050 secs] 10340K->1730K(13888K), [Perm : 5137K->5137K(21248K)], 0.0052580 secs] [Times: user=0.00 sys=0.00, real=0.01 secs] 
256.497: Total time for which application threads were stopped: 0.0085800 seconds, Stopping threads took: 0.0032350 seconds
256.498: Application time: 0.0005680 seconds
256.498: [GC256.498: [DefNew: 3727K->392K(4288K), 0.0008260 secs] 5458K->5442K(13888K), 0.0008450 secs] [Times: user=0.00 sys=0.00, real=0.00 secs] 
256.499: Total time for which application threads were stopped: 0.0013350 seconds, Stopping threads took: 0.0004270 seconds
256.500: Application time: 0.0011900 seconds
256.570: [GC256.570: [DefNew: 4217K->391K(4288K), 0.0005390 secs] 9267K->6614K(13888K), 0.0005630 secs] [Times: user=0.00 sys=0.00, real=0.00 secs] 
256.571: Total time for which application threads were stopped: 0.0707280 seconds, Stopping threads took: 0.0700970 seconds
256.571: Application time: 0.0003540 seconds
256.633: [GC256.633: [DefNew: 4216K->4216K(4288K), 0.0000070 secs]256.633: [Tenured: 6223K->4465K(9600K), 0.0059920 secs] 10440K->4465K(13888K), [Perm : 5137K->5137K(21248K)], 0.0060390 secs] [Times: user=0.01 sys=0.00, real=0.00 secs] 
256.639: Total time for which application threads were stopped: 0.0674630 seconds, Stopping threads took: 0.0613480 seconds
256.639: Application time: 0.0005830 seconds
256.640: [GC256.640: [DefNew: 3803K->419K(4288K), 0.0009150 secs] 8269K->8205K(13888K), 0.0009380 secs] [Times: user=0.00 sys=0.00, real=0.00 secs] 
256.641: Total time for which application threads were stopped: 0.0013720 seconds, Stopping threads took: 0.0003660 seconds
256.713: Application time: 0.0722400 seconds
256.716: [GC256.716: [DefNew: 4147K->4147K(4288K), 0.0000090 secs]256.716: [Tenured: 7785K->3321K(9600K), 0.0055050 secs] 11932K->3321K(13888K), [Perm : 5137K->5137K(21248K)], 0.0055590 secs] [Times: user=0.01 sys=0.00, real=0.00 secs] 
256.721: Total time for which application threads were stopped: 0.0085450 seconds, Stopping threads took: 0.0029050 seconds
256.722: Application time: 0.0004770 seconds
256.755: [GC256.755: [DefNew: 3727K->391K(4288K), 0.0008170 secs] 7049K->6741K(13888K), 0.0008350 secs] [Times: user=0.00 sys=0.00, real=0.00 secs] 
256.756: Total time for which application threads were stopped: 0.0338940 seconds, Stopping threads took: 0.0330170 seconds
256.757: Application time: 0.0008120 seconds
256.826: [GC256.826: [DefNew: 4117K->4117K(4288K), 0.0000070 secs]256.826: [Tenured: 6349K->5343K(9600K), 0.0056280 secs] 10466K->5343K(13888K), [Perm : 5137K->5137K(21248K)], 0.0056770 secs] [Times: user=0.01 sys=0.00, real=0.00 secs] 
256.831: Total time for which application threads were stopped: 0.0746440 seconds, Stopping threads took: 0.0688890 seconds
256.832: Application time: 0.0008580 seconds
256.902: [GC256.902: [DefNew: 3825K->391K(4288K), 0.0011610 secs] 9168K->8860K(13888K), 0.0011940 secs] [Times: user=0.00 sys=0.00, real=0.00 secs] 
256.903: Total time for which application threads were stopped: 0.0709870 seconds, Stopping threads took: 0.0697130 seconds
256.904: Application time: 0.0005640 seconds
256.959: [GC256.959: [DefNew: 3923K->3923K(4288K), 0.0000080 secs]256.959: [Tenured: 8468K->4074K(9600K), 0.0063920 secs] 12392K->4074K(13888K), [Perm : 5137K->5137K(21248K)], 0.0064390 secs] [Times: user=0.00 sys=0.00, real=0.01 secs] 
256.965: Total time for which application threads were stopped: 0.0617540 seconds, Stopping threads took: 0.0552360 seconds
256.966: Application time: 0.0004130 seconds
257.005: [GC257.005: [DefNew: 3723K->391K(4288K), 0.0008490 secs] 7798K->7493K(13888K), 0.0008770 secs] [Times: user=0.00 sys=0.00, real=0.00 secs] 
257.006: Total time for which application threads were stopped: 0.0402940 seconds, Stopping threads took: 0.0393470 seconds
257.078: Application time: 0.0716680 seconds
257.079: [GC257.079: [DefNew: 4177K->4177K(4288K), 0.0000090 secs]257.079: [Tenured: 7101K->1787K(9600K), 0.0059190 secs] 11279K->1787K(13888K), [Perm : 5137K->5137K(21248K)], 0.0059720 secs] [Times: user=0.01 sys=0.00, real=0.01 secs] 
257.085: Total time for which application threads were stopped: 0.0075820 seconds, Stopping threads took: 0.0015300 seconds
257.086: Application time: 0.0006540 seconds
257.086: [GC257.086: [DefNew: 3725K->392K(4288K), 0.0008530 secs] 5513K->5500K(13888K), 0.0008690 secs] [Times: user=0.00 sys=0.00, real=0.00 secs] 
257.087: Total time for which application threads were stopped: 0.0012210 seconds, Stopping threads took: 0.0002910 seconds
257.088: Application time: 0.0011080 seconds
257.153: [GC257.153: [DefNew: 4215K->391K(4288K), 0.0006760 secs] 9323K->7355K(13888K), 0.0006980 secs] [Times: user=0.00 sys=0.00, real=0.00 secs] 
257.153: Total time for which application threads were stopped: 0.0648980 seconds, Stopping threads took: 0.0641330 seconds
257.154: Application time: 0.0008120 seconds
257.208: [GC257.208: [DefNew: 4216K->4216K(4288K), 0.0000080 secs]257.208: [Tenured: 6964K->4522K(9600K), 0.0064460 secs] 11181K->4522K(13888K), [Perm : 5137K->5137K(21248K)], 0.0064930 secs] [Times: user=0.01 sys=0.00, real=0.01 secs] 
257.214: Total time for which application threads were stopped: 0.0602930 seconds, Stopping threads took: 0.0537250 seconds
257.215: Application time: 0.0005010 seconds
257.279: [GC257.279: [DefNew: 3532K->391K(4288K), 0.0007220 secs] 8055K->6867K(13888K), 0.0007480 secs] [Times: user=0.00 sys=0.00, real=0.00 secs] 
257.279: Total time for which application threads were stopped: 0.0644490 seconds, Stopping threads took: 0.0636290 seconds
257.280: Application time: 0.0003350 seconds
257.313: [GC257.313: [DefNew: 4115K->4115K(4288K), 0.0000070 secs]257.313: [Tenured: 6476K->5246K(9600K), 0.0061930 secs] 10591K->5246K(13888K), [Perm : 5137K->5137K(21248K)], 0.0062360 secs] [Times: user=0.01 sys=0.00, real=0.00 secs] 
257.320: Total time for which application threads were stopped: 0.0399860 seconds, Stopping threads took: 0.0336720 seconds
257.320: Application time: 0.0007040 seconds
257.356: [GC257.356: [DefNew: 3823K->391K(4288K), 0.0008030 secs] 9069K->8176K(13888K), 0.0008280 secs] [Times: user=0.00 sys=0.00, real=0.00 secs] 
257.357: Total time for which application threads were stopped: 0.0368530 seconds, Stopping threads took: 0.0359540 seconds
257.358: Application time: 0.0009250 seconds
257.428: [GC257.428: [DefNew: 4216K->4216K(4288K), 0.0000090 secs]257.428: [Tenured: 7785K->4269K(9600K), 0.0064450 secs] 12002K->4269K(13888K), [Perm : 5137K->5137K(21248K)], 0.0064950 secs] [Times: user=0.00 sys=0.00, real=0.01 secs] 
257.434: Total time for which application threads were stopped: 0.0762910 seconds, Stopping threads took: 0.0697140 seconds
257.435: Application time: 0.0009770 seconds
257.481: [GC257.481: [DefNew: 3708K->419K(4288K), 0.0009510 secs] 7977K->7619K(13888K), 0.0009760 secs] [Times: user=0.00 sys=0.00, real=0.00 secs] 
257.482: Total time for which application threads were stopped: 0.0461240 seconds, Stopping threads took: 0.0450960 seconds
257.482: Application time: 0.0004660 seconds
257.548: [GC257.548: [DefNew: 4147K->4147K(4288K), 0.0000070 secs]257.548: [Tenured: 7199K->4102K(9600K), 0.0063520 secs] 11346K->4102K(13888K), [Perm : 5137K->5137K(21248K)], 0.0063970 secs] [Times: user=0.01 sys=0.00, real=0.01 secs] 
257.555: Total time for which application threads were stopped: 0.0726670 seconds, Stopping threads took: 0.0662040 seconds
257.555: Application time: 0.0005190 seconds
257.589: [GC257.589: [DefNew: 3610K->420K(4288K), 0.0007660 secs] 7713K->7062K(13888K), 0.0007980 secs] [Times: user=0.00 sys=0.00, real=0.00 secs] 
257.590: Total time for which application threads were stopped: 0.0347990 seconds, Stopping threads took: 0.0339310 seconds
257.591: Application time: 0.0007040 seconds
257.624: [GC257.624: [DefNew: 4245K->4245K(4288K), 0.0000070 secs]257.624: [Tenured: 6642K->6475K(9600K), 0.0060170 secs] 10887K->6475K(13888K), [Perm : 5137K->5137K(21248K)], 0.0060650 secs] [Times: user=0.00 sys=0.00, real=0.00 secs] 
257.631: Total time for which application threads were stopped: 0.0398050 seconds, Stopping threads took: 0.0336600 seconds
257.632: Application time: 0.0010550 seconds
257.702: [GC257.702: [DefNew: 3825K->3825K(4288K), 0.0000090 secs]257.702: [Tenured: 6475K->3390K(9600K), 0.0056020 secs] 10300K->3390K(13888K), [Perm : 5137K->5137K(21248K)], 0.0056530 secs] [Times: user=0.00 sys=0.00, real=0.01 secs] 
257.707: Total time for which application threads were stopped: 0.0757760 seconds, Stopping threads took: 0.0700510 seconds
257.708: Application time: 0.0007080 seconds
257.742: [GC257.742: [DefNew: 3680K->440K(4288K), 0.0009340 secs] 7071K->6956K(13888K), 0.0009590 secs] [Times: user=0.00 sys=0.00, real=0.00 secs] 
257.743: Total time for which application threads were stopped: 0.0347920 seconds, Stopping threads took: 0.0337720 seconds
257.744: Application time: 0.0006110 seconds
257.776: [GC257.777: [DefNew: 4094K->4094K(4288K), 0.0000070 secs]257.777: [Tenured: 6515K->5274K(9600K), 0.0065120 secs] 10610K->5274K(13888K), [Perm : 5137K->5137K(21248K)], 0.0065540 secs] [Times: user=0.00 sys=0.00, real=0.00 secs] 
257.783: Total time for which application threads were stopped: 0.0395670 seconds, Stopping threads took: 0.0329360 seconds
257.784: Application time: 0.0009180 seconds
257.854: [GC257.854: [DefNew: 3825K->391K(4288K), 0.0008490 secs] 9099K->7619K(13888K), 0.0008820 secs] [Times: user=0.00 sys=0.00, real=0.00 secs] 
257.855: Total time for which application threads were stopped: 0.0708180 seconds, Stopping threads took: 0.0698560 seconds
257.855: Application time: 0.0004450 seconds
257.890: [GC257.890: [DefNew: 4216K->4216K(4288K), 0.0000070 secs]257.890: [Tenured: 7227K->4298K(9600K), 0.0060020 secs] 11444K->4298K(13888K), [Perm : 5137K->5137K(21248K)], 0.0060450 secs] [Times: user=0.00 sys=0.00, real=0.01 secs] 
257.896: Total time for which application threads were stopped: 0.0403240 seconds, Stopping threads took: 0.0342030 seconds
257.896: Application time: 0.0005220 seconds
257.896: [GC257.896: [DefNew: 3823K->391K(4288K), 0.0008780 secs] 8122K->8108K(13888K), 0.0009010 secs] [Times: user=0.00 sys=0.00, real=0.00 secs] 
257.897: Total time for which application threads were stopped: 0.0012630 seconds, Stopping threads took: 0.0002960 seconds
257.969: Application time: 0.0717930 seconds
258.005: [GC258.005: [DefNew: 4119K->4119K(4288K), 0.0000090 secs]258.005: [Tenured: 7716K->2149K(9600K), 0.0052320 secs] 11835K->2149K(13888K), [Perm : 5137K->5137K(21248K)], 0.0052870 secs] [Times: user=0.01 sys=0.00, real=0.00 secs] 
258.010: Total time for which application threads were stopped: 0.0407330 seconds, Stopping threads took: 0.0353860 seconds
258.010: Application time: 0.0005780 seconds
258.044: [GC258.044: [DefNew: 3708K->420K(4288K), 0.0008510 secs] 5858K->5500K(13888K), 0.0008720 secs] [Times: user=0.01 sys=0.00, real=0.01 secs] 
258.045: Total time for which application threads were stopped: 0.0344290 seconds, Stopping threads took: 0.0334930 seconds
258.046: Application time: 0.0007360 seconds
258.079: [GC258.079: [DefNew: 4239K->390K(4288K), 0.0008980 secs] 9319K->8332K(13888K), 0.0009220 secs] [Times: user=0.00 sys=0.00, real=0.00 secs] 
258.080: Total time for which application threads were stopped: 0.0340290 seconds, Stopping threads took: 0.0330310 seconds
258.152: Application time: 0.0724860 seconds
258.155: [GC258.155: [DefNew: 4216K->4216K(4288K), 0.0000110 secs]258.155: [Tenured: 7941K->1535K(9600K), 0.0053820 secs] 12157K->1535K(13888K), [Perm : 5137K->5137K(21248K)], 0.0054330 secs] [Times: user=0.00 sys=0.00, real=0.00 secs] 
258.160: Total time for which application threads were stopped: 0.0081250 seconds, Stopping threads took: 0.0025950 seconds
258.161: Application time: 0.0006010 seconds
258.161: [GC258.161: [DefNew: 3727K->392K(4288K), 0.0009020 secs] 5263K->5248K(13888K), 0.0009250 secs] [Times: user=0.00 sys=0.00, real=0.00 secs] 
258.162: Total time for which application threads were stopped: 0.0012620 seconds, Stopping threads took: 0.0002900 seconds
258.164: Application time: 0.0013920 seconds
258.231: [GC258.231: [DefNew: 4213K->293K(4288K), 0.0005170 secs] 9069K->6517K(13888K), 0.0005390 secs] [Times: user=0.00 sys=0.00, real=0.00 secs] 
258.232: Total time for which application threads were stopped: 0.0680210 seconds, Stopping threads took: 0.0674160 seconds
258.232: Application time: 0.0004040 seconds
258.302: [GC258.302: [DefNew: 3923K->3923K(4288K), 0.0000080 secs]258.302: [Tenured: 6223K->4074K(9600K), 0.0055130 secs] 10147K->4074K(13888K), [Perm : 5137K->5137K(21248K)], 0.0055630 secs] [Times: user=0.01 sys=0.00, real=0.01 secs] 
258.308: Total time for which application threads were stopped: 0.0757470 seconds, Stopping threads took: 0.0701150 seconds
258.308: Application time: 0.0004940 seconds
258.364: [GC258.364: [DefNew: 3706K->420K(4288K), 0.0007830 secs] 7780K->6838K(13888K), 0.0008060 secs] [Times: user=0.00 sys=0.00, real=0.01 secs] 
258.365: Total time for which application threads were stopped: 0.0564900 seconds, Stopping threads took: 0.0556160 seconds
258.365: Application time: 0.0003530 seconds
258.413: [GC258.413: [DefNew: 3952K->3952K(4288K), 0.0000060 secs]258.413: [Tenured: 6418K->4787K(9600K), 0.0064480 secs] 10370K->4787K(13888K), [Perm : 5137K->5137K(21248K)], 0.0064900 secs] [Times: user=0.00 sys=0.00, real=0.00 secs] 
258.420: Total time for which application threads were stopped: 0.0547220 seconds, Stopping threads took: 0.0481570 seconds
258.420: Application time: 0.0006380 seconds
258.468: [GC258.468: [DefNew: 3823K->391K(4288K), 0.0009230 secs] 8610K->8303K(13888K), 0.0009470 secs] [Times: user=0.00 sys=0.00, real=0.00 secs] 
258.469: Total time for which application threads were stopped: 0.0485150 seconds, Stopping threads took: 0.0474970 seconds
258.542: Application time: 0.0734070 seconds
258.544: [GC258.544: [DefNew: 4118K->4118K(4288K), 0.0000080 secs]258.544: [Tenured: 7912K->1564K(9600K), 0.0058520 secs] 12031K->1564K(13888K), [Perm : 5137K->5137K(21248K)], 0.0059040 secs] [Times: user=0.00 sys=0.00, real=0.01 secs] 
258.550: Total time for which application threads were stopped: 0.0077850 seconds, Stopping threads took: 0.0018020 seconds
258.551: Application time: 0.0005730 seconds
258.551: [GC258.551: [DefNew: 3727K->392K(4288K), 0.0008630 secs] 5292K->5276K(13888K), 0.0008800 secs] [Times: user=0.00 sys=0.00, real=0.00 secs] 
258.552: Total time for which application threads were stopped: 0.0015670 seconds, Stopping threads took: 0.0006400 seconds
258.554: Application time: 0.0013060 seconds
258.587: [GC258.587: [DefNew: 4215K->391K(4288K), 0.0006840 secs] 9099K->7424K(13888K), 0.0007050 secs] [Times: user=0.00 sys=0.00, real=0.00 secs] 
258.588: Total time for which application threads were stopped: 0.0339700 seconds, Stopping threads took: 0.0331970 seconds
258.588: Application time: 0.0007770 seconds
258.658: [GC258.658: [DefNew: 4216K->4216K(4288K), 0.0000090 secs]258.658: [Tenured: 7033K->4269K(9600K), 0.0059140 secs] 11250K->4269K(13888K), [Perm : 5137K->5137K(21248K)], 0.0059640 secs] [Times: user=0.00 sys=0.00, real=0.01 secs] 
258.664: Total time for which application threads were stopped: 0.0760900 seconds, Stopping threads took: 0.0700680 seconds
258.665: Application time: 0.0006530 seconds
258.698: [GC258.698: [DefNew: 3825K->391K(4288K), 0.0009540 secs] 8095K->7786K(13888K), 0.0009800 secs] [Times: user=0.00 sys=0.00, real=0.00 secs] 
258.699: Total time for which application threads were stopped: 0.0342260 seconds, Stopping threads took: 0.0331950 seconds
258.700: Application time: 0.0006440 seconds
258.734: [GC258.734: [DefNew: 4212K->4212K(4288K), 0.0000080 secs]258.734: [Tenured: 7395K->5441K(9600K), 0.0061630 secs] 11607K->5441K(13888K), [Perm : 5137K->5137K(21248K)], 0.0062170 secs] [Times: user=0.01 sys=0.00, real=0.00 secs] 
258.740: Total time for which application threads were stopped: 0.0400020 seconds, Stopping threads took: 0.0337090 seconds
258.741: Application time: 0.0009560 seconds
258.812: [GC258.812: [DefNew: 3708K->420K(4288K), 0.0008030 secs] 9149K->7814K(13888K), 0.0008330 secs] [Times: user=0.01 sys=0.00, real=0.01 secs] 
258.813: Total time for which application threads were stopped: 0.0715460 seconds, Stopping threads took: 0.0706390 seconds
258.813: Application time: 0.0004580 seconds
258.847: [GC258.847: [DefNew: 4224K->4224K(4288K), 0.0000090 secs]258.847: [Tenured: 7394K->5303K(9600K), 0.0059080 secs] 11619K->5303K(13888K), [Perm : 5137K->5137K(21248K)], 0.0059640 secs] [Times: user=0.00 sys=0.00, real=0.01 secs] 
258.853: Total time for which application threads were stopped: 0.0400390 seconds, Stopping threads took: 0.0339920 seconds
258.854: Application time: 0.0007040 seconds
258.924: [GC258.924: [DefNew: 3825K->391K(4288K), 0.0007750 secs] 9128K->7647K(13888K), 0.0008040 secs] [Times: user=0.00 sys=0.00, real=0.01 secs] 
258.925: Total time for which application threads were stopped: 0.0708000 seconds, Stopping threads took: 0.0699420 seconds
258.925: Application time: 0.0004700 seconds
258.958: [GC258.959: [DefNew: 4099K->4099K(4288K), 0.0000070 secs]258.959: [Tenured: 7256K->4159K(9600K), 0.0056910 secs] 11356K->4159K(13888K), [Perm : 5137K->5137K(21248K)], 0.0057380 secs] [Times: user=0.01 sys=0.00, real=0.00 secs] 
258.964: Total time for which application threads were stopped: 0.0392820 seconds, Stopping threads took: 0.0334640 seconds
258.965: Application time: 0.0004820 seconds
259.029: [GC259.029: [DefNew: 3825K->391K(4288K), 0.0008280 secs] 7985K->7090K(13888K), 0.0008540 secs] [Times: user=0.00 sys=0.00, real=0.00 secs] 
259.030: Total time for which application threads were stopped: 0.0653630 seconds, Stopping threads took: 0.0644370 seconds
259.031: Application time: 0.0004010 seconds
259.081: [GC259.081: [DefNew: 4212K->4212K(4288K), 0.0000050 secs]259.081: [Tenured: 6699K->6320K(9600K), 0.0062130 secs] 10911K->6320K(13888K), [Perm : 5137K->5137K(21248K)], 0.0062580 secs] [Times: user=0.00 sys=0.00, real=0.01 secs] 
259.087: Total time for which application threads were stopped: 0.0564520 seconds, Stopping threads took: 0.0501160 seconds
259.159: Application time: 0.0721390 seconds
259.161: [GC259.161: [DefNew: 3825K->3825K(4288K), 0.0000090 secs]259.161: [Tenured: 6320K->1535K(9600K), 0.0058340 secs] 10146K->1535K(13888K), [Perm : 5137K->5137K(21248K)], 0.0058840 secs] [Times: user=0.01 sys=0.00, real=0.01 secs] 
259.167: Total time for which application threads were stopped: 0.0076810 seconds, Stopping threads took: 0.0017270 seconds
259.167: Application time: 0.0005640 seconds
259.168: [GC259.168: [DefNew: 3727K->392K(4288K), 0.0008960 secs] 5263K->5248K(13888K), 0.0009170 secs] [Times: user=0.01 sys=0.00, real=0.00 secs] 
259.169: Total time for which application threads were stopped: 0.0012990 seconds, Stopping threads took: 0.0003140 seconds
259.170: Application time: 0.0010370 seconds
259.236: [GC259.236: [DefNew: 4217K->391K(4288K), 0.0007660 secs] 9073K->7494K(13888K), 0.0007930 secs] [Times: user=0.00 sys=0.00, real=0.00 secs] 
259.237: Total time for which application threads were stopped: 0.0671900 seconds, Stopping threads took: 0.0663500 seconds
259.237: Application time: 0.0004970 seconds
259.302: [GC259.302: [DefNew: 4021K->4021K(4288K), 0.0000070 secs]259.302: [Tenured: 7103K->4074K(9600K), 0.0055910 secs] 11124K->4074K(13888K), [Perm : 5137K->5137K(21248K)], 0.0056360 secs] [Times: user=0.01 sys=0.00, real=0.01 secs] 
259.307: Total time for which application threads were stopped: 0.0699510 seconds, Stopping threads took: 0.0642590 seconds
259.308: Application time: 0.0005650 seconds
259.341: [GC259.341: [DefNew: 3805K->420K(4288K), 0.0008360 secs] 7880K->7229K(13888K), 0.0008630 secs] [Times: user=0.00 sys=0.00, real=0.00 secs] 
259.342: Total time for which application threads were stopped: 0.0339550 seconds, Stopping threads took: 0.0330450 seconds
259.343: Application time: 0.0007550 seconds
259.413: [GC259.413: [DefNew: 4245K->4245K(4288K), 0.0000080 secs]259.413: [Tenured: 6809K->5177K(9600K), 0.0058990 secs] 11054K->5177K(13888K), [Perm : 5137K->5137K(21248K)], 0.0059500 secs] [Times: user=0.01 sys=0.00, real=0.00 secs] 
259.418: Total time for which application threads were stopped: 0.0758700 seconds, Stopping threads took: 0.0698410 seconds
259.419: Application time: 0.0007530 seconds
259.489: [GC259.489: [DefNew: 3806K->420K(4288K), 0.0009840 secs] 8983K->8430K(13888K), 0.0010110 secs] [Times: user=0.00 sys=0.00, real=0.00 secs] 
259.490: Total time for which application threads were stopped: 0.0706810 seconds, Stopping threads took: 0.0695960 seconds
259.490: Application time: 0.0004460 seconds
259.542: [GC259.542: [DefNew: 4147K->4147K(4288K), 0.0000080 secs]259.542: [Tenured: 8010K->5051K(9600K), 0.0066310 secs] 12157K->5051K(13888K), [Perm : 5137K->5137K(21248K)], 0.0066760 secs] [Times: user=0.01 sys=0.00, real=0.01 secs] 
259.549: Total time for which application threads were stopped: 0.0586580 seconds, Stopping threads took: 0.0519060 seconds
259.550: Application time: 0.0008600 seconds
259.621: [GC259.621: [DefNew: 3708K->420K(4288K), 0.0006690 secs] 8759K->7034K(13888K), 0.0006970 secs] [Times: user=0.00 sys=0.00, real=0.00 secs] 
259.621: Total time for which application threads were stopped: 0.0715580 seconds, Stopping threads took: 0.0708070 seconds
259.622: Application time: 0.0003610 seconds
259.670: [GC259.670: [DefNew: 4145K->4145K(4288K), 0.0000070 secs]259.670: [Tenured: 6614K->4885K(9600K), 0.0058960 secs] 10760K->4885K(13888K), [Perm : 5137K->5137K(21248K)], 0.0059430 secs] [Times: user=0.00 sys=0.00, real=0.01 secs] 
259.676: Total time for which application threads were stopped: 0.0539820 seconds, Stopping threads took: 0.0479540 seconds
259.676: Application time: 0.0006380 seconds
259.735: [GC259.735: [DefNew: 3821K->391K(4288K), 0.0008160 secs] 8706K->7815K(13888K), 0.0008390 secs] [Times: user=0.00 sys=0.00, real=0.00 secs] 
259.736: Total time for which application threads were stopped: 0.0596380 seconds, Stopping threads took: 0.0587320 seconds
259.737: Application time: 0.0008520 seconds
259.807: [GC259.807: [DefNew: 4216K->4216K(4288K), 0.0000090 secs]259.807: [Tenured: 7424K->4299K(9600K), 0.0055680 secs] 11640K->4299K(13888K), [Perm : 5137K->5137K(21248K)], 0.0056180 secs] [Times: user=0.00 sys=0.00, real=0.01 secs] 
259.812: Total time for which application threads were stopped: 0.0755370 seconds, Stopping threads took: 0.0698600 seconds
259.813: Application time: 0.0005600 seconds
259.878: [GC259.878: [DefNew: 3825K->392K(4288K), 0.0010340 secs] 8124K->7425K(13888K), 0.0010670 secs] [Times: user=0.00 sys=0.00, real=0.00 secs] 
259.879: Total time for which application threads were stopped: 0.0656580 seconds, Stopping threads took: 0.0645100 seconds
259.879: Application time: 0.0006450 seconds
259.912: [GC259.912: [DefNew: 4113K->4113K(4288K), 0.0000070 secs]259.912: [Tenured: 7033K->7521K(9600K), 0.0061970 secs] 11147K->7521K(13888K), [Perm : 5137K->5137K(21248K)], 0.0062460 secs] [Times: user=0.01 sys=0.00, real=0.01 secs] 
259.918: Total time for which application threads were stopped: 0.0391420 seconds, Stopping threads took: 0.0328140 seconds
259.990: Application time: 0.0716330 seconds
259.992: [GC259.992: [DefNew: 3825K->3825K(4288K), 0.0000090 secs]259.992: [Tenured: 7521K->2317K(9600K), 0.0052980 secs] 11346K->2317K(13888K), [Perm : 5137K->5137K(21248K)], 0.0053530 secs] [Times: user=0.01 sys=0.00, real=0.01 secs] 
259.998: Total time for which application threads were stopped: 0.0074470 seconds, Stopping threads took: 0.0020330 seconds
259.998: Application time: 0.0004460 seconds
259.998: [GC259.998: [DefNew: 3819K->391K(4288K), 0.0008280 secs] 6136K->6127K(13888K), 0.0008490 secs] [Times: user=0.00 sys=0.00, real=0.00 secs] 
259.999: Total time for which application threads were stopped: 0.0013100 seconds, Stopping threads took: 0.0003860 seconds
260.071: Application time: 0.0714380 seconds
260.073: [GC260.073: [DefNew: 4216K->4216K(4288K), 0.0000090 secs]260.073: [Tenured: 5735K->1341K(9600K), 0.0054290 secs] 9952K->1341K(13888K), [Perm : 5137K->5137K(21248K)], 0.0054800 secs] [Times: user=0.00 sys=0.00, real=0.00 secs] 
260.078: Total time for which application threads were stopped: 0.0072550 seconds, Stopping threads took: 0.0016960 seconds
260.079: Application time: 0.0006480 seconds
260.079: [GC260.079: [DefNew: 3689K->440K(4288K), 0.0008360 secs] 5030K->4915K(13888K), 0.0008540 secs] [Times: user=0.00 sys=0.00, real=0.00 secs] 
260.080: Total time for which application threads were stopped: 0.0012360 seconds, Stopping threads took: 0.0003210 seconds
260.080: Application time: 0.0004850 seconds
260.114: [GC260.114: [DefNew: 4261K->390K(4288K), 0.0009520 secs] 8736K->8138K(13888K), 0.0009720 secs] [Times: user=0.00 sys=0.00, real=0.00 secs] 
260.115: Total time for which application threads were stopped: 0.0342870 seconds, Stopping threads took: 0.0332510 seconds
260.188: Application time: 0.0736940 seconds
260.190: [GC260.190: [DefNew: 4216K->4216K(4288K), 0.0000090 secs]260.190: [Tenured: 7747K->1789K(9600K), 0.0058840 secs] 11963K->1789K(13888K), [Perm : 5137K->5137K(21248K)], 0.0059460 secs] [Times: user=0.01 sys=0.00, real=0.01 secs] 
260.196: Total time for which application threads were stopped: 0.0075410 seconds, Stopping threads took: 0.0015080 seconds
260.197: Application time: 0.0006430 seconds
260.197: [GC260.197: [DefNew: 3725K->391K(4288K), 0.0008560 secs] 5515K->5502K(13584K), 0.0008790 secs] [Times: user=0.00 sys=0.00, real=0.00 secs] 
260.198: Total time for which application threads were stopped: 0.0013820 seconds, Stopping threads took: 0.0004350 seconds
260.199: Application time: 0.0010770 seconds
260.269: [GC260.269: [DefNew: 4214K->391K(4288K), 0.0006400 secs] 9325K->7064K(13584K), 0.0006650 secs] [Times: user=0.00 sys=0.00, real=0.00 secs] 
260.270: Total time for which application threads were stopped: 0.0704950 seconds, Stopping threads took: 0.0697620 seconds
260.270: Application time: 0.0003690 seconds
260.304: [GC260.304: [DefNew: 4216K->4216K(4288K), 0.0000080 secs]260.304: [Tenured: 6673K->4524K(9296K), 0.0059080 secs] 10890K->4524K(13584K), [Perm : 5137K->5137K(21248K)], 0.0059540 secs] [Times: user=0.01 sys=0.00, real=0.01 secs] 
260.310: Total time for which application threads were stopped: 0.0396360 seconds, Stopping threads took: 0.0336030 seconds
260.310: Application time: 0.0005170 seconds
260.310: [GC260.310: [DefNew: 3821K->390K(4288K), 0.0008980 secs] 8345K->8333K(13584K), 0.0009160 secs] [Times: user=0.00 sys=0.00, real=0.00 secs] 
260.311: Total time for which application threads were stopped: 0.0013370 seconds, Stopping threads took: 0.0003560 seconds
260.384: Application time: 0.0727370 seconds
260.385: [GC260.386: [DefNew: 4020K->4020K(4288K), 0.0000100 secs]260.386: [Tenured: 7942K->3293K(9296K), 0.0062510 secs] 11963K->3293K(13584K), [Perm : 5137K->5137K(21248K)], 0.0063050 secs] [Times: user=0.00 sys=0.00, real=0.00 secs] 
260.392: Total time for which application threads were stopped: 0.0076780 seconds, Stopping threads took: 0.0012900 seconds
260.392: Application time: 0.0005220 seconds
260.440: [GC260.440: [DefNew: 3725K->392K(4288K), 0.0008230 secs] 7019K->6420K(13584K), 0.0008460 secs] [Times: user=0.00 sys=0.00, real=0.00 secs] 
260.441: Total time for which application threads were stopped: 0.0482030 seconds, Stopping threads took: 0.0472970 seconds
260.441: Application time: 0.0006330 seconds
260.475: [GC260.475: [DefNew: 4213K->4213K(4288K), 0.0000060 secs]260.475: [Tenured: 6028K->7591K(9296K), 0.0069090 secs] 10241K->7591K(13584K), [Perm : 5137K->5137K(21248K)], 0.0069630 secs] [Times: user=0.01 sys=0.00, real=0.00 secs] 
260.482: Total time for which application threads were stopped: 0.0404050 seconds, Stopping threads took: 0.0333630 seconds
260.553: Application time: 0.0715560 seconds
260.556: [GC260.556: [DefNew: 3805K->3805K(4288K), 0.0000090 secs]260.556: [Tenured: 7591K->2736K(9600K), 0.0053220 secs] 11396K->2736K(13888K), [Perm : 5137K->5137K(21248K)], 0.0053830 secs] [Times: user=0.00 sys=0.00, real=0.00 secs] 
260.561: Total time for which application threads were stopped: 0.0082180 seconds, Stopping threads took: 0.0027530 seconds
260.562: Application time: 0.0005310 seconds
260.562: [GC260.562: [DefNew: 3825K->293K(4288K), 0.0008530 secs] 6561K->6546K(13888K), 0.0008690 secs] [Times: user=0.00 sys=0.00, real=0.00 secs] 
260.563: Total time for which application threads were stopped: 0.0014000 seconds, Stopping threads took: 0.0004690 seconds
260.634: Application time: 0.0707850 seconds
260.636: [GC260.636: [DefNew: 4119K->4119K(4288K), 0.0000080 secs]260.636: [Tenured: 6252K->2151K(9600K), 0.0050980 secs] 10371K->2151K(13888K), [Perm : 5137K->5137K(21248K)], 0.0051490 secs] [Times: user=0.01 sys=0.00, real=0.00 secs] 
260.641: Total time for which application threads were stopped: 0.0073960 seconds, Stopping threads took: 0.0021860 seconds
260.642: Application time: 0.0006890 seconds
260.643: [GC260.643: [DefNew: 3708K->420K(4288K), 0.0008780 secs] 5859K->5794K(13888K), 0.0008950 secs] [Times: user=0.00 sys=0.00, real=0.00 secs] 
260.643: Total time for which application threads were stopped: 0.0012950 seconds, Stopping threads took: 0.0003400 seconds
260.644: Application time: 0.0009660 seconds
260.714: [GC260.714: [DefNew: 4143K->391K(4288K), 0.0004960 secs] 9518K->6771K(13888K), 0.0005190 secs] [Times: user=0.00 sys=0.00, real=0.00 secs] 
260.715: Total time for which application threads were stopped: 0.0703410 seconds, Stopping threads took: 0.0697480 seconds
260.715: Application time: 0.0004040 seconds
260.763: [GC260.763: [DefNew: 4021K->4021K(4288K), 0.0000050 secs]260.763: [Tenured: 6380K->4075K(9600K), 0.0060510 secs] 10401K->4075K(13888K), [Perm : 5137K->5137K(21248K)], 0.0060930 secs] [Times: user=0.01 sys=0.00, real=0.01 secs] 
260.769: Total time for which application threads were stopped: 0.0535750 seconds, Stopping threads took: 0.0474100 seconds
260.769: Application time: 0.0004490 seconds
260.770: [GC260.770: [DefNew: 3819K->391K(4288K), 0.0009110 secs] 7894K->7885K(13888K), 0.0009320 secs] [Times: user=0.00 sys=0.00, real=0.00 secs] 
260.771: Total time for which application threads were stopped: 0.0013540 seconds, Stopping threads took: 0.0003560 seconds
260.843: Application time: 0.0720230 seconds
260.878: [GC260.878: [DefNew: 4196K->4196K(4288K), 0.0000110 secs]260.879: [Tenured: 7493K->1956K(9600K), 0.0053170 secs] 11690K->1956K(13888K), [Perm : 5137K->5137K(21248K)], 0.0053800 secs] [Times: user=0.01 sys=0.00, real=0.00 secs] 
260.884: Total time for which application threads were stopped: 0.0412670 seconds, Stopping threads took: 0.0358050 seconds
260.884: Application time: 0.0005780 seconds
260.885: [GC260.885: [DefNew: 3823K->392K(4288K), 0.0008430 secs] 5779K->5766K(13888K), 0.0008600 secs] [Times: user=0.00 sys=0.00, real=0.00 secs] 
260.886: Total time for which application threads were stopped: 0.0011290 seconds, Stopping threads took: 0.0002070 seconds
260.887: Application time: 0.0012820 seconds
260.957: [GC260.957: [DefNew: 4215K->391K(4288K), 0.0004120 secs] 9589K->6352K(13888K), 0.0004360 secs] [Times: user=0.00 sys=0.00, real=0.00 secs] 
260.958: Total time for which application threads were stopped: 0.0706960 seconds, Stopping threads took: 0.0701910 seconds
260.958: Application time: 0.0003380 seconds
260.992: [GC260.992: [DefNew: 4119K->4119K(4288K), 0.0000060 secs]260.992: [Tenured: 5960K->4691K(9600K), 0.0056450 secs] 10080K->4691K(13888K), [Perm : 5137K->5137K(21248K)], 0.0056860 secs] [Times: user=0.01 sys=0.00, real=0.01 secs] 
260.998: Total time for which application threads were stopped: 0.0398800 seconds, Stopping threads took: 0.0341420 seconds
260.998: Application time: 0.0004700 seconds
261.032: [GC261.032: [DefNew: 3823K->391K(4288K), 0.0008260 secs] 8514K->7915K(13888K), 0.0008500 secs] [Times: user=0.00 sys=0.00, real=0.01 secs] 
261.033: Total time for which application threads were stopped: 0.0345760 seconds, Stopping threads took: 0.0336490 seconds
261.105: Application time: 0.0722910 seconds
261.106: [GC261.106: [DefNew: 4099K->4099K(4288K), 0.0000090 secs]261.106: [Tenured: 7523K->1399K(9600K), 0.0058120 secs] 11623K->1399K(13888K), [Perm : 5137K->5137K(21248K)], 0.0058640 secs] [Times: user=0.00 sys=0.00, real=0.00 secs] 
261.112: Total time for which application threads were stopped: 0.0071180 seconds, Stopping threads took: 0.0011750 seconds
261.113: Application time: 0.0005850 seconds
261.113: [GC261.113: [DefNew: 3727K->392K(4288K), 0.0008700 secs] 5127K->5112K(13888K), 0.0008860 secs] [Times: user=0.00 sys=0.00, real=0.00 secs] 
261.114: Total time for which application threads were stopped: 0.0012900 seconds, Stopping threads took: 0.0003440 seconds
261.115: Application time: 0.0006760 seconds
261.178: [GC261.178: [DefNew: 4117K->391K(4288K), 0.0006630 secs] 8837K->6869K(13888K), 0.0006850 secs] [Times: user=0.00 sys=0.00, real=0.00 secs] 
261.179: Total time for which application threads were stopped: 0.0639870 seconds, Stopping threads took: 0.0632360 seconds
261.179: Application time: 0.0003430 seconds
261.233: [GC261.233: [DefNew: 3923K->3923K(4288K), 0.0000060 secs]261.233: [Tenured: 6478K->3685K(9600K), 0.0060290 secs] 10402K->3685K(13888K), [Perm : 5137K->5137K(21248K)], 0.0060740 secs] [Times: user=0.01 sys=0.00, real=0.00 secs] 
261.239: Total time for which application threads were stopped: 0.0598000 seconds, Stopping threads took: 0.0536440 seconds
261.239: Application time: 0.0004380 seconds
261.240: [GC261.240: [DefNew: 3819K->391K(4288K), 0.0009030 secs] 7504K->7494K(13888K), 0.0009220 secs] [Times: user=0.00 sys=0.00, real=0.00 secs] 
261.241: Total time for which application threads were stopped: 0.0013600 seconds, Stopping threads took: 0.0003940 seconds
261.313: Application time: 0.0722660 seconds
261.318: [GC261.318: [DefNew: 4216K->4216K(4288K), 0.0000090 secs]261.318: [Tenured: 7103K->2709K(9600K), 0.0052870 secs] 11319K->2709K(13888K), [Perm : 5137K->5137K(21248K)], 0.0053420 secs] [Times: user=0.00 sys=0.00, real=0.00 secs] 
261.323: Total time for which application threads were stopped: 0.0103930 seconds, Stopping threads took: 0.0049710 seconds
261.324: Application time: 0.0005530 seconds
261.358: [GC261.359: [DefNew: 3823K->392K(4288K), 0.0008590 secs] 6532K->6226K(13888K), 0.0008800 secs] [Times: user=0.00 sys=0.00, real=0.00 secs] 
261.359: Total time for which application threads were stopped: 0.0354350 seconds, Stopping threads took: 0.0344880 seconds
261.361: Application time: 0.0012180 seconds
261.411: [GC261.411: [DefNew: 4213K->4213K(4288K), 0.0000060 secs]261.411: [Tenured: 5834K->4955K(9600K), 0.0057530 secs] 10047K->4955K(13888K), [Perm : 5137K->5137K(21248K)], 0.0057990 secs] [Times: user=0.01 sys=0.00, real=0.01 secs] 
261.417: Total time for which application threads were stopped: 0.0564830 seconds, Stopping threads took: 0.0506060 seconds
261.418: Application time: 0.0006700 seconds
261.488: [GC261.488: [DefNew: 3513K->420K(4288K), 0.0008690 secs] 8468K->7719K(13888K), 0.0008980 secs] [Times: user=0.00 sys=0.00, real=0.00 secs] 
261.489: Total time for which application threads were stopped: 0.0708610 seconds, Stopping threads took: 0.0698880 seconds
261.489: Application time: 0.0004260 seconds
261.541: [GC261.541: [DefNew: 4126K->4126K(4288K), 0.0000060 secs]261.541: [Tenured: 7299K->4523K(9600K), 0.0052830 secs] 11425K->4523K(13888K), [Perm : 5137K->5137K(21248K)], 0.0053290 secs] [Times: user=0.00 sys=0.00, real=0.01 secs] 
261.547: Total time for which application threads were stopped: 0.0577550 seconds, Stopping threads took: 0.0523610 seconds
261.547: Application time: 0.0005480 seconds
261.595: [GC261.595: [DefNew: 3723K->391K(4288K), 0.0008320 secs] 8246K->7648K(13888K), 0.0008570 secs] [Times: user=0.00 sys=0.00, real=0.00 secs] 
261.596: Total time for which application threads were stopped: 0.0482290 seconds, Stopping threads took: 0.0473040 seconds
261.597: Application time: 0.0009160 seconds
261.667: [GC261.667: [DefNew: 4216K->4216K(4288K), 0.0000080 secs]261.667: [Tenured: 7257K->3392K(9600K), 0.0054640 secs] 11474K->3392K(13888K), [Perm : 5137K->5137K(21248K)], 0.0055240 secs] [Times: user=0.00 sys=0.00, real=0.00 secs] 
261.672: Total time for which application threads were stopped: 0.0755690 seconds, Stopping threads took: 0.0699820 seconds
261.673: Application time: 0.0006010 seconds
261.707: [GC261.707: [DefNew: 3825K->391K(4288K), 0.0009480 secs] 7217K->7104K(13888K), 0.0009720 secs] [Times: user=0.00 sys=0.00, real=0.00 secs] 
261.708: Total time for which application threads were stopped: 0.0353250 seconds, Stopping threads took: 0.0342830 seconds
261.709: Application time: 0.0006640 seconds
261.773: [GC261.773: [DefNew: 4117K->4117K(4288K), 0.0000080 secs]261.773: [Tenured: 6712K->4466K(9600K), 0.0064470 secs] 10829K->4466K(13888K), [Perm : 5137K->5137K(21248K)], 0.0064910 secs] [Times: user=0.01 sys=0.00, real=0.00 secs] 
261.780: Total time for which application threads were stopped: 0.0708620 seconds, Stopping threads took: 0.0642840 seconds
261.780: Application time: 0.0005100 seconds
261.847: [GC261.847: [DefNew: 3532K->392K(4288K), 0.0008420 secs] 7998K->6811K(13888K), 0.0008730 secs] [Times: user=0.00 sys=0.00, real=0.00 secs] 
261.848: Total time for which application threads were stopped: 0.0680840 seconds, Stopping threads took: 0.0671340 seconds
261.849: Application time: 0.0004460 seconds
261.850: [GC261.850: [DefNew: 4113K->4113K(4288K), 0.0000060 secs]261.850: [Tenured: 6419K->7395K(9600K), 0.0061810 secs] 10532K->7395K(13888K), [Perm : 5137K->5137K(21248K)], 0.0062260 secs] [Times: user=0.01 sys=0.00, real=0.01 secs] 
261.856: Total time for which application threads were stopped: 0.0072360 seconds, Stopping threads took: 0.0009450 seconds
261.928: Application time: 0.0726720 seconds
261.931: [GC261.931: [DefNew: 3825K->3825K(4288K), 0.0000090 secs]261.931: [Tenured: 7395K->2610K(9600K), 0.0053590 secs] 11220K->2610K(13888K), [Perm : 5137K->5137K(21248K)], 0.0054150 secs] [Times: user=0.00 sys=0.00, real=0.01 secs] 
261.936: Total time for which application threads were stopped: 0.0075880 seconds, Stopping threads took: 0.0020910 seconds
261.937: Application time: 0.0006080 seconds
261.970: [GC261.970: [DefNew: 3706K->420K(4288K), 0.0009000 secs] 6317K->6254K(13888K), 0.0009230 secs] [Times: user=0.01 sys=0.00, real=0.00 secs] 
261.971: Total time for which application threads were stopped: 0.0338170 seconds, Stopping threads took: 0.0328250 seconds
261.971: Application time: 0.0006330 seconds
262.005: [GC262.005: [DefNew: 4239K->4239K(4288K), 0.0000060 secs]262.005: [Tenured: 5833K->5735K(9600K), 0.0053320 secs] 10073K->5735K(13888K), [Perm : 5137K->5137K(21248K)], 0.0053780 secs] [Times: user=0.00 sys=0.00, real=0.00 secs] 
262.010: Total time for which application threads were stopped: 0.0389880 seconds, Stopping threads took: 0.0335440 seconds
262.011: Application time: 0.0009140 seconds
262.081: [GC262.081: [DefNew: 3825K->391K(4288K), 0.0009490 secs] 9561K->8568K(13888K), 0.0009810 secs] [Times: user=0.00 sys=0.00, real=0.00 secs] 
262.082: Total time for which application threads were stopped: 0.0706750 seconds, Stopping threads took: 0.0696370 seconds
262.082: Application time: 0.0006440 seconds
262.116: [GC262.116: [DefNew: 4197K->4197K(4288K), 0.0000070 secs]262.116: [Tenured: 8177K->4689K(9600K), 0.0051430 secs] 12374K->4689K(13888K), [Perm : 5137K->5137K(21248K)], 0.0051910 secs] [Times: user=0.00 sys=0.00, real=0.00 secs] 
262.121: Total time for which application threads were stopped: 0.0390650 seconds, Stopping threads took: 0.0338060 seconds
262.122: Application time: 0.0004600 seconds
262.190: [GC262.190: [DefNew: 3727K->391K(4288K), 0.0007850 secs] 8417K->7230K(13888K), 0.0008110 secs] [Times: user=0.00 sys=0.00, real=0.00 secs] 
262.191: Total time for which application threads were stopped: 0.0692230 seconds, Stopping threads took: 0.0683420 seconds
262.192: Application time: 0.0003890 seconds
262.225: [GC262.225: [DefNew: 4115K->4115K(4288K), 0.0000060 secs]262.225: [Tenured: 6838K->6740K(9600K), 0.0060970 secs] 10953K->6740K(13888K), [Perm : 5137K->5137K(21248K)], 0.0061480 secs] [Times: user=0.01 sys=0.00, real=0.00 secs] 
262.231: Total time for which application threads were stopped: 0.0398620 seconds, Stopping threads took: 0.0336530 seconds
262.302: Application time: 0.0704570 seconds
262.306: [GC262.306: [DefNew: 3629K->3629K(4288K), 0.0000090 secs]262.306: [Tenured: 6740K->1760K(9600K), 0.0051530 secs] 10370K->1760K(13888K), [Perm : 5137K->5137K(21248K)], 0.0052070 secs] [Times: user=0.01 sys=0.00, real=0.00 secs] 
262.311: Total time for which application threads were stopped: 0.0092840 seconds, Stopping threads took: 0.0039880 seconds
262.312: Application time: 0.0005340 seconds
262.312: [GC262.312: [DefNew: 3725K->392K(4288K), 0.0007990 secs] 5486K->5473K(13888K), 0.0008190 secs] [Times: user=0.00 sys=0.00, real=0.01 secs] 
262.313: Total time for which application threads were stopped: 0.0012720 seconds, Stopping threads took: 0.0004010 seconds
262.314: Application time: 0.0011910 seconds
262.384: [GC262.384: [DefNew: 4217K->391K(4288K), 0.0005920 secs] 9298K->6840K(13888K), 0.0006170 secs] [Times: user=0.00 sys=0.00, real=0.01 secs] 
262.385: Total time for which application threads were stopped: 0.0703760 seconds, Stopping threads took: 0.0696910 seconds
262.385: Application time: 0.0004280 seconds
262.418: [GC262.418: [DefNew: 3874K->3874K(4288K), 0.0000070 secs]262.418: [Tenured: 6448K->4047K(9600K), 0.0056800 secs] 10323K->4047K(13888K), [Perm : 5137K->5137K(21248K)], 0.0057220 secs] [Times: user=0.01 sys=0.00, real=0.00 secs] 
262.424: Total time for which application threads were stopped: 0.0392620 seconds, Stopping threads took: 0.0334780 seconds
262.425: Application time: 0.0006110 seconds
262.472: [GC262.472: [DefNew: 3734K->440K(4288K), 0.0007900 secs] 7781K->6839K(13888K), 0.0008170 secs] [Times: user=0.00 sys=0.00, real=0.01 secs] 
262.472: Total time for which application threads were stopped: 0.0476180 seconds, Stopping threads took: 0.0467310 seconds
262.473: Application time: 0.0003800 seconds
262.538: [GC262.538: [DefNew: 4068K->4068K(4288K), 0.0000070 secs]262.538: [Tenured: 6399K->5276K(9600K), 0.0060900 secs] 10467K->5276K(13888K), [Perm : 5137K->5137K(21248K)], 0.0061360 secs] [Times: user=0.00 sys=0.00, real=0.00 secs] 
262.544: Total time for which application threads were stopped: 0.0710140 seconds, Stopping threads took: 0.0647990 seconds
262.545: Application time: 0.0006830 seconds
262.615: [GC262.615: [DefNew: 3708K->420K(4288K), 0.0006220 secs] 8985K->7064K(13888K), 0.0006480 secs] [Times: user=0.00 sys=0.00, real=0.00 secs] 
262.615: Total time for which application threads were stopped: 0.0707530 seconds, Stopping threads took: 0.0700530 seconds
262.616: Application time: 0.0003770 seconds
262.649: [GC262.649: [DefNew: 4147K->4147K(4288K), 0.0000050 secs]262.649: [Tenured: 6644K->5109K(9600K), 0.0064510 secs] 10792K->5109K(13888K), [Perm : 5137K->5137K(21248K)], 0.0064890 secs] [Times: user=0.01 sys=0.00, real=0.01 secs] 
262.656: Total time for which application threads were stopped: 0.0400120 seconds, Stopping threads took: 0.0334760 seconds
262.656: Application time: 0.0005050 seconds
262.704: [GC262.704: [DefNew: 3821K->391K(4288K), 0.0009050 secs] 8931K->8528K(13888K), 0.0009310 secs] [Times: user=0.00 sys=0.00, real=0.01 secs] 
262.705: Total time for which application threads were stopped: 0.0485790 seconds, Stopping threads took: 0.0475780 seconds
262.777: Application time: 0.0719400 seconds
262.778: [GC262.778: [DefNew: 4216K->4216K(4288K), 0.0000090 secs]262.778: [Tenured: 8137K->1984K(9600K), 0.0051870 secs] 12354K->1984K(13888K), [Perm : 5137K->5137K(21248K)], 0.0052370 secs] [Times: user=0.00 sys=0.00, real=0.00 secs] 
262.783: Total time for which application threads were stopped: 0.0065950 seconds, Stopping threads took: 0.0013010 seconds
262.784: Application time: 0.0006360 seconds
262.784: [GC262.784: [DefNew: 3727K->392K(4288K), 0.0008840 secs] 5712K->5697K(13888K), 0.0009070 secs] [Times: user=0.00 sys=0.00, real=0.01 secs] 
262.785: Total time for which application threads were stopped: 0.0012660 seconds, Stopping threads took: 0.0003050 seconds
262.787: Application time: 0.0014810 seconds
262.850: [GC262.850: [DefNew: 4215K->391K(4288K), 0.0006260 secs] 9520K->6869K(13888K), 0.0006570 secs] [Times: user=0.00 sys=0.00, real=0.00 secs] 
262.851: Total time for which application threads were stopped: 0.0638190 seconds, Stopping threads took: 0.0630770 seconds
262.851: Application time: 0.0005130 seconds
262.912: [GC262.912: [DefNew: 4021K->4021K(4288K), 0.0000070 secs]262.912: [Tenured: 6478K->4076K(9600K), 0.0062820 secs] 10499K->4076K(13888K), [Perm : 5137K->5137K(21248K)], 0.0063300 secs] [Times: user=0.00 sys=0.00, real=0.00 secs] 
262.919: Total time for which application threads were stopped: 0.0677770 seconds, Stopping threads took: 0.0613710 seconds
262.919: Application time: 0.0004380 seconds
262.965: [GC262.965: [DefNew: 3721K->391K(4288K), 0.0008410 secs] 7797K->7495K(13888K), 0.0008600 secs] [Times: user=0.00 sys=0.00, real=0.00 secs] 
262.966: Total time for which application threads were stopped: 0.0468610 seconds, Stopping threads took: 0.0459370 seconds
263.038: Application time: 0.0719770 seconds
263.040: [GC263.040: [DefNew: 4021K->4021K(4288K), 0.0000090 secs]263.040: [Tenured: 7103K->1733K(9600K), 0.0057790 secs] 11125K->1733K(13888K), [Perm : 5137K->5137K(21248K)], 0.0058300 secs] [Times: user=0.01 sys=0.00, real=0.01 secs] 
263.046: Total time for which application threads were stopped: 0.0074970 seconds, Stopping threads took: 0.0015870 seconds
263.046: Application time: 0.0006020 seconds
263.046: [GC263.046: [DefNew: 3773K->441K(4288K), 0.0009140 secs] 5507K->5494K(13888K), 0.0009370 secs] [Times: user=0.00 sys=0.00, real=0.00 secs] 
263.047: Total time for which application threads were stopped: 0.0011160 seconds, Stopping threads took: 0.0001110 seconds
263.049: Application time: 0.0012060 seconds
263.111: [GC263.111: [DefNew: 4092K->419K(4288K), 0.0003960 secs] 9146K->6157K(13888K), 0.0004180 secs] [Times: user=0.00 sys=0.00, real=0.00 secs] 
263.112: Total time for which application threads were stopped: 0.0630160 seconds, Stopping threads took: 0.0625320 seconds
263.112: Application time: 0.0003600 seconds
263.175: [GC263.175: [DefNew: 4049K->4049K(4288K), 0.0000070 secs]263.175: [Tenured: 5738K->4104K(9600K), 0.0063350 secs] 9787K->4104K(13888K), [Perm : 5137K->5137K(21248K)], 0.0063790 secs] [Times: user=0.00 sys=0.00, real=0.00 secs] 
263.181: Total time for which application threads were stopped: 0.0692840 seconds, Stopping threads took: 0.0628270 seconds
263.182: Application time: 0.0006740 seconds
263.182: [GC263.182: [DefNew: 3819K->293K(4288K), 0.0009330 secs] 7923K->7914K(13888K), 0.0009580 secs] [Times: user=0.00 sys=0.00, real=0.00 secs] 
263.183: Total time for which application threads were stopped: 0.0013630 seconds, Stopping threads took: 0.0003370 seconds
263.255: Application time: 0.0716300 seconds
263.258: [GC263.258: [DefNew: 4118K->4118K(4288K), 0.0000090 secs]263.258: [Tenured: 7620K->3128K(9600K), 0.0047270 secs] 11739K->3128K(13888K), [Perm : 5137K->5137K(21248K)], 0.0047840 secs] [Times: user=0.00 sys=0.00, real=0.00 secs] 
263.263: Total time for which application threads were stopped: 0.0080050 seconds, Stopping threads took: 0.0031370 seconds
263.263: Application time: 0.0005380 seconds
263.308: [GC263.308: [DefNew: 3806K->420K(4288K), 0.0008850 secs] 6934K->6479K(13888K), 0.0009100 secs] [Times: user=0.00 sys=0.00, real=0.00 secs] 
263.309: Total time for which application threads were stopped: 0.0458530 seconds, Stopping threads took: 0.0448690 seconds
263.310: Application time: 0.0007050 seconds
263.344: [GC263.344: [DefNew: 4239K->4239K(4288K), 0.0000060 secs]263.344: [Tenured: 6058K->6321K(9600K), 0.0061560 secs] 10298K->6321K(13888K), [Perm : 5137K->5137K(21248K)], 0.0062030 secs] [Times: user=0.01 sys=0.00, real=0.01 secs] 
263.350: Total time for which application threads were stopped: 0.0399380 seconds, Stopping threads took: 0.0336590 seconds
263.420: Application time: 0.0705650 seconds
263.425: [GC263.425: [DefNew: 3825K->3825K(4288K), 0.0000100 secs]263.425: [Tenured: 6321K->1537K(9600K), 0.0051670 secs] 10147K->1537K(13888K), [Perm : 5137K->5137K(21248K)], 0.0052270 secs] [Times: user=0.00 sys=0.00, real=0.00 secs] 
263.431: Total time for which application threads were stopped: 0.0101340 seconds, Stopping threads took: 0.0048200 seconds
263.431: Application time: 0.0006140 seconds
263.432: [GC263.432: [DefNew: 3760K->424K(4288K), 0.0008430 secs] 5297K->5282K(13888K), 0.0008620 secs] [Times: user=0.00 sys=0.00, real=0.01 secs] 
263.432: Total time for which application threads were stopped: 0.0012830 seconds, Stopping threads took: 0.0003780 seconds
263.433: Application time: 0.0003910 seconds
263.497: [GC263.497: [DefNew: 4195K->419K(4288K), 0.0008910 secs] 9053K->7817K(13888K), 0.0009140 secs] [Times: user=0.00 sys=0.00, real=0.00 secs] 
263.498: Total time for which application threads were stopped: 0.0652860 seconds, Stopping threads took: 0.0643030 seconds
263.499: Application time: 0.0004480 seconds
263.562: [GC263.562: [DefNew: 4147K->4147K(4288K), 0.0000070 secs]263.562: [Tenured: 7397K->4104K(9600K), 0.0050000 secs] 11544K->4104K(13888K), [Perm : 5137K->5137K(21248K)], 0.0050490 secs] [Times: user=0.00 sys=0.00, real=0.01 secs] 
263.568: Total time for which application threads were stopped: 0.0689010 seconds, Stopping threads took: 0.0637830 seconds
263.568: Application time: 0.0004790 seconds
263.602: [GC263.602: [DefNew: 3628K->391K(4288K), 0.0008100 secs] 7732K->7133K(13888K), 0.0008330 secs] [Times: user=0.00 sys=0.00, real=0.00 secs] 
263.603: Total time for which application threads were stopped: 0.0347860 seconds, Stopping threads took: 0.0339050 seconds
263.604: Application time: 0.0007600 seconds
263.674: [GC263.674: [DefNew: 4216K->4216K(4288K), 0.0000080 secs]263.674: [Tenured: 6741K->4007K(9600K), 0.0063240 secs] 10958K->4007K(13888K), [Perm : 5137K->5137K(21248K)], 0.0063730 secs] [Times: user=0.01 sys=0.00, real=0.00 secs] 
263.680: Total time for which application threads were stopped: 0.0764130 seconds, Stopping threads took: 0.0699620 seconds
263.680: Application time: 0.0004860 seconds
263.714: [GC263.714: [DefNew: 3727K->392K(4288K), 0.0008570 secs] 7735K->7134K(13888K), 0.0008790 secs] [Times: user=0.00 sys=0.00, real=0.00 secs] 
263.715: Total time for which application threads were stopped: 0.0342000 seconds, Stopping threads took: 0.0332540 seconds
263.715: Application time: 0.0006080 seconds
263.716: [GC263.716: [DefNew: 4209K->4209K(4288K), 0.0000070 secs]263.716: [Tenured: 6741K->8275K(9600K), 0.0064000 secs] 10951K->8275K(13888K), [Perm : 5137K->5137K(21248K)], 0.0064470 secs] [Times: user=0.00 sys=0.00, real=0.00 secs] 
263.722: Total time for which application threads were stopped: 0.0070410 seconds, Stopping threads took: 0.0005250 seconds
263.794: Application time: 0.0713140 seconds
263.828: [GC263.828: [DefNew: 3825K->3825K(4288K), 0.0000090 secs]263.828: [Tenured: 8275K->1341K(9600K), 0.0050050 secs] 12100K->1341K(13888K), [Perm : 5137K->5137K(21248K)], 0.0050590 secs] [Times: user=0.01 sys=0.00, real=0.01 secs] 
263.833: Total time for which application threads were stopped: 0.0395280 seconds, Stopping threads took: 0.0343970 seconds
263.834: Application time: 0.0006570 seconds
263.834: [GC263.834: [DefNew: 3687K->441K(4288K), 0.0008680 secs] 5028K->4916K(13888K), 0.0008860 secs] [Times: user=0.00 sys=0.00, real=0.00 secs] 
263.835: Total time for which application threads were stopped: 0.0012190 seconds, Stopping threads took: 0.0002670 seconds
263.836: Application time: 0.0006290 seconds
263.870: [GC263.870: [DefNew: 4259K->293K(4288K), 0.0007140 secs] 8735K->6575K(13888K), 0.0007400 secs] [Times: user=0.00 sys=0.00, real=0.00 secs] 
263.870: Total time for which application threads were stopped: 0.0348070 seconds, Stopping threads took: 0.0339960 seconds
263.943: Application time: 0.0724040 seconds
263.944: [GC263.944: [DefNew: 4118K->4118K(4288K), 0.0000090 secs]263.944: [Tenured: 6282K->1789K(9600K), 0.0051890 secs] 10401K->1789K(13888K), [Perm : 5137K->5137K(21248K)], 0.0052480 secs] [Times: user=0.00 sys=0.00, real=0.01 secs] 
263.949: Total time for which application threads were stopped: 0.0065730 seconds, Stopping threads took: 0.0012390 seconds
263.950: Application time: 0.0006320 seconds
263.950: [GC263.950: [DefNew: 3725K->391K(4288K), 0.0008470 secs] 5515K->5502K(13888K), 0.0008690 secs] [Times: user=0.00 sys=0.00, real=0.00 secs] 
263.951: Total time for which application threads were stopped: 0.0012890 seconds, Stopping threads took: 0.0003530 seconds
263.952: Application time: 0.0011140 seconds
264.029: [GC264.029: [DefNew: 4217K->391K(4288K), 0.0005630 secs] 9327K->6869K(13888K), 0.0005890 secs] [Times: user=0.00 sys=0.00, real=0.00 secs] 
264.030: Total time for which application threads were stopped: 0.0770500 seconds, Stopping threads took: 0.0764030 seconds
264.030: Application time: 0.0003700 seconds
264.064: [GC264.064: [DefNew: 4216K->4216K(4288K), 0.0000080 secs]264.064: [Tenured: 6478K->4524K(9600K), 0.0061560 secs] 10695K->4524K(13888K), [Perm : 5137K->5137K(21248K)], 0.0062040 secs] [Times: user=0.01 sys=0.00, real=0.01 secs] 
264.070: Total time for which application threads were stopped: 0.0398780 seconds, Stopping threads took: 0.0335970 seconds
264.070: Application time: 0.0004550 seconds
264.104: [GC264.104: [DefNew: 3625K->391K(4288K), 0.0008120 secs] 8150K->7553K(13888K), 0.0008360 secs] [Times: user=0.00 sys=0.00, real=0.01 secs] 
264.105: Total time for which application threads were stopped: 0.0345590 seconds, Stopping threads took: 0.0336540 seconds
264.106: Application time: 0.0011540 seconds
264.176: [GC264.176: [DefNew: 4117K->4117K(4288K), 0.0000080 secs]264.176: [Tenured: 7161K->3197K(9600K), 0.0058430 secs] 11278K->3197K(13888K), [Perm : 5137K->5137K(21248K)], 0.0058920 secs] [Times: user=0.00 sys=0.00, real=0.00 secs] 
264.182: Total time for which application threads were stopped: 0.0760560 seconds, Stopping threads took: 0.0700860 seconds
264.183: Application time: 0.0006050 seconds
264.216: [GC264.216: [DefNew: 3708K->420K(4288K), 0.0009280 secs] 6905K->6547K(13888K), 0.0009530 secs] [Times: user=0.00 sys=0.00, real=0.00 secs] 
264.217: Total time for which application threads were stopped: 0.0341930 seconds, Stopping threads took: 0.0331700 seconds
264.217: Application time: 0.0004400 seconds
264.254: [GC264.254: [DefNew: 4241K->4241K(4288K), 0.0000060 secs]264.254: [Tenured: 6127K->6350K(9600K), 0.0062730 secs] 10368K->6350K(13888K), [Perm : 5137K->5137K(21248K)], 0.0063160 secs] [Times: user=0.01 sys=0.00, real=0.00 secs] 
264.260: Total time for which application threads were stopped: 0.0427920 seconds, Stopping threads took: 0.0364010 seconds
264.331: Application time: 0.0714290 seconds
264.333: [GC264.333: [DefNew: 3825K->3825K(4288K), 0.0000100 secs]264.333: [Tenured: 6350K->1565K(9600K), 0.0058130 secs] 10175K->1565K(13888K), [Perm : 5137K->5137K(21248K)], 0.0058660 secs] [Times: user=0.00 sys=0.00, real=0.00 secs] 
264.339: Total time for which application threads were stopped: 0.0077230 seconds, Stopping threads took: 0.0017770 seconds
264.340: Application time: 0.0006760 seconds
264.340: [GC264.340: [DefNew: 3776K->441K(4288K), 0.0008840 secs] 5341K->5327K(13888K), 0.0009020 secs] [Times: user=0.00 sys=0.00, real=0.00 secs] 
264.341: Total time for which application threads were stopped: 0.0011760 seconds, Stopping threads took: 0.0002130 seconds
264.342: Application time: 0.0008310 seconds
264.404: [GC264.404: [DefNew: 4192K->419K(4288K), 0.0004630 secs] 9078K->6283K(13888K), 0.0004820 secs] [Times: user=0.00 sys=0.00, real=0.00 secs] 
264.404: Total time for which application threads were stopped: 0.0621690 seconds, Stopping threads took: 0.0616490 seconds
264.404: Application time: 0.0003330 seconds
264.469: [GC264.469: [DefNew: 4147K->4147K(4288K), 0.0000070 secs]264.469: [Tenured: 5863K->4133K(9600K), 0.0055680 secs] 10010K->4133K(13888K), [Perm : 5137K->5137K(21248K)], 0.0056120 secs] [Times: user=0.01 sys=0.00, real=0.01 secs] 
264.475: Total time for which application threads were stopped: 0.0706870 seconds, Stopping threads took: 0.0650030 seconds
264.476: Application time: 0.0005360 seconds
264.516: [GC264.516: [DefNew: 3628K->294K(4288K), 0.0008090 secs] 7761K->7162K(13888K), 0.0008400 secs] [Times: user=0.00 sys=0.00, real=0.00 secs] 
264.517: Total time for which application threads were stopped: 0.0413290 seconds, Stopping threads took: 0.0404220 seconds
264.518: Application time: 0.0007690 seconds
264.551: [GC264.551: [DefNew: 4115K->4115K(4288K), 0.0000070 secs]264.551: [Tenured: 6867K->7201K(9600K), 0.0063230 secs] 10983K->7201K(13888K), [Perm : 5137K->5137K(21248K)], 0.0063690 secs] [Times: user=0.00 sys=0.00, real=0.01 secs] 
264.557: Total time for which application threads were stopped: 0.0396020 seconds, Stopping threads took: 0.0331550 seconds
264.630: Application time: 0.0723140 seconds
264.631: [GC264.631: [DefNew: 3759K->3759K(4288K), 0.0000100 secs]264.631: [Tenured: 7201K->2351K(9600K), 0.0059610 secs] 10961K->2351K(13888K), [Perm : 5137K->5137K(21248K)], 0.0060120 secs] [Times: user=0.01 sys=0.00, real=0.01 secs] 
264.637: Total time for which application threads were stopped: 0.0069040 seconds, Stopping threads took: 0.0008110 seconds
264.637: Application time: 0.0005990 seconds
264.670: [GC264.670: [DefNew: 3674K->420K(4288K), 0.0008210 secs] 6025K->5701K(13888K), 0.0008450 secs] [Times: user=0.00 sys=0.00, real=0.00 secs] 
264.671: Total time for which application threads were stopped: 0.0337870 seconds, Stopping threads took: 0.0328740 seconds
264.671: Application time: 0.0004180 seconds
264.733: [GC264.733: [DefNew: 4243K->390K(4288K), 0.0008760 secs] 9524K->8435K(13888K), 0.0009000 secs] [Times: user=0.00 sys=0.00, real=0.00 secs] 
264.734: Total time for which application threads were stopped: 0.0622090 seconds, Stopping threads took: 0.0612620 seconds
264.734: Application time: 0.0007540 seconds
264.804: [GC264.804: [DefNew: 4197K->4197K(4288K), 0.0000090 secs]264.804: [Tenured: 8044K->3840K(9600K), 0.0061880 secs] 12241K->3840K(13888K), [Perm : 5137K->5137K(21248K)], 0.0062400 secs] [Times: user=0.01 sys=0.00, real=0.00 secs] 
264.811: Total time for which application threads were stopped: 0.0763620 seconds, Stopping threads took: 0.0700420 seconds
264.811: Application time: 0.0005510 seconds
264.847: [GC264.847: [DefNew: 3628K->392K(4288K), 0.0010900 secs] 7468K->7357K(13888K), 0.0011170 secs] [Times: user=0.00 sys=0.00, real=0.00 secs] 
264.848: Total time for which application threads were stopped: 0.0367190 seconds, Stopping threads took: 0.0355290 seconds
264.849: Application time: 0.0009430 seconds
264.896: [GC264.896: [DefNew: 4211K->4211K(4288K), 0.0000080 secs]264.896: [Tenured: 6965K->6965K(9600K), 0.0059850 secs] 11176K->6965K(13888K), [Perm : 5137K->5137K(21248K)], 0.0060350 secs] [Times: user=0.00 sys=0.00, real=0.00 secs] 
264.902: Total time for which application threads were stopped: 0.0532510 seconds, Stopping threads took: 0.0471370 seconds
264.975: Application time: 0.0724310 seconds
264.976: [GC264.976: [DefNew: 3825K->3825K(4288K), 0.0000100 secs]264.976: [Tenured: 6965K->2123K(9600K), 0.0059560 secs] 10790K->2123K(13888K), [Perm : 5137K->5137K(21248K)], 0.0060060 secs] [Times: user=0.01 sys=0.00, real=0.00 secs] 
264.982: Total time for which application threads were stopped: 0.0070860 seconds, Stopping threads took: 0.0009920 seconds
264.982: Application time: 0.0006150 seconds
264.983: [GC264.983: [DefNew: 3773K->440K(4288K), 0.0008780 secs] 5897K->5884K(13888K), 0.0009000 secs] [Times: user=0.01 sys=0.00, real=0.00 secs] 
264.984: Total time for which application threads were stopped: 0.0013690 seconds, Stopping threads took: 0.0004000 seconds
264.985: Application time: 0.0008300 seconds
265.055: [GC265.055: [DefNew: 4193K->4193K(4288K), 0.0000070 secs]265.055: [Tenured: 5444K->4398K(9600K), 0.0063470 secs] 9637K->4398K(13888K), [Perm : 5137K->5137K(21248K)], 0.0063940 secs] [Times: user=0.01 sys=0.00, real=0.00 secs] 
265.061: Total time for which application threads were stopped: 0.0764320 seconds, Stopping threads took: 0.0699580 seconds
265.062: Application time: 0.0006080 seconds
265.095: [GC265.096: [DefNew: 3532K->391K(4288K), 0.0008980 secs] 7931K->7525K(13888K), 0.0009310 secs] [Times: user=0.00 sys=0.00, real=0.00 secs] 
265.096: Total time for which application threads were stopped: 0.0348860 seconds, Stopping threads took: 0.0338840 seconds
265.097: Application time: 0.0003600 seconds
265.148: [GC265.148: [DefNew: 4214K->4214K(4288K), 0.0000070 secs]265.148: [Tenured: 7133K->5081K(9600K), 0.0059960 secs] 11348K->5081K(13888K), [Perm : 5137K->5137K(21248K)], 0.0060420 secs] [Times: user=0.01 sys=0.00, real=0.01 secs] 
265.154: Total time for which application threads were stopped: 0.0573000 seconds, Stopping threads took: 0.0511810 seconds
265.155: Application time: 0.0006150 seconds
265.202: [GC265.202: [DefNew: 3725K->293K(4288K), 0.0008500 secs] 8807K->8109K(13888K), 0.0008790 secs] [Times: user=0.00 sys=0.00, real=0.00 secs] 
265.203: Total time for which application threads were stopped: 0.0482790 seconds, Stopping threads took: 0.0473350 seconds
265.204: Application time: 0.0008840 seconds
265.274: [GC265.274: [DefNew: 4119K->4119K(4288K), 0.0000080 secs]265.274: [Tenured: 7816K->4007K(9600K), 0.0060010 secs] 11935K->4007K(13888K), [Perm : 5137K->5137K(21248K)], 0.0060500 secs] [Times: user=0.01 sys=0.00, real=0.00 secs] 
265.280: Total time for which application threads were stopped: 0.0757500 seconds, Stopping threads took: 0.0696450 seconds
265.280: Application time: 0.0005540 seconds
265.341: [GC265.341: [DefNew: 3727K->391K(4288K), 0.0008650 secs] 7735K->7133K(13888K), 0.0008900 secs] [Times: user=0.00 sys=0.00, real=0.00 secs] 
265.342: Total time for which application threads were stopped: 0.0616900 seconds, Stopping threads took: 0.0607280 seconds
265.342: Application time: 0.0004110 seconds
265.376: [GC265.376: [DefNew: 4215K->4215K(4288K), 0.0000070 secs]265.376: [Tenured: 6741K->7201K(9600K), 0.0068970 secs] 10956K->7201K(13888K), [Perm : 5137K->5137K(21248K)], 0.0069420 secs] [Times: user=0.00 sys=0.00, real=0.00 secs] 
265.383: Total time for which application threads were stopped: 0.0404560 seconds, Stopping threads took: 0.0334360 seconds
265.454: Application time: 0.0717230 seconds
265.457: [GC265.457: [DefNew: 3727K->3727K(4288K), 0.0000090 secs]265.457: [Tenured: 7201K->2318K(9600K), 0.0052900 secs] 10929K->2318K(13888K), [Perm : 5137K->5137K(21248K)], 0.0053450 secs] [Times: user=0.01 sys=0.00, real=0.00 secs] 
265.462: Total time for which application threads were stopped: 0.0074270 seconds, Stopping threads took: 0.0020220 seconds
265.462: Application time: 0.0005450 seconds
265.496: [GC265.496: [DefNew: 3678K->392K(4288K), 0.0008120 secs] 5997K->5640K(13888K), 0.0008300 secs] [Times: user=0.00 sys=0.00, real=0.00 secs] 
265.497: Total time for which application threads were stopped: 0.0344360 seconds, Stopping threads took: 0.0335570 seconds
265.498: Application time: 0.0006540 seconds
265.531: [GC265.531: [DefNew: 4043K->419K(4288K), 0.0008040 secs] 9292K->8305K(13888K), 0.0008270 secs] [Times: user=0.00 sys=0.00, real=0.00 secs] 
265.532: Total time for which application threads were stopped: 0.0340520 seconds, Stopping threads took: 0.0331570 seconds
265.604: Application time: 0.0719720 seconds
265.605: [GC265.605: [DefNew: 4244K->4244K(4288K), 0.0000090 secs]265.605: [Tenured: 7886K->1566K(9600K), 0.0058890 secs] 12130K->1566K(13888K), [Perm : 5137K->5137K(21248K)], 0.0059380 secs] [Times: user=0.00 sys=0.00, real=0.00 secs] 
265.611: Total time for which application threads were stopped: 0.0070930 seconds, Stopping threads took: 0.0010770 seconds
265.611: Application time: 0.0006040 seconds
265.612: [GC265.612: [DefNew: 3759K->424K(4288K), 0.0008950 secs] 5326K->5311K(13888K), 0.0009180 secs] [Times: user=0.00 sys=0.00, real=0.01 secs] 
265.613: Total time for which application threads were stopped: 0.0013630 seconds, Stopping threads took: 0.0003770 seconds
265.614: Application time: 0.0009780 seconds
265.672: [GC265.672: [DefNew: 4192K->419K(4288K), 0.0006020 secs] 9078K->6967K(13888K), 0.0006260 secs] [Times: user=0.00 sys=0.00, real=0.00 secs] 
265.672: Total time for which application threads were stopped: 0.0586580 seconds, Stopping threads took: 0.0579800 seconds
265.673: Application time: 0.0006990 seconds
265.740: [GC265.740: [DefNew: 4244K->4244K(4288K), 0.0000080 secs]265.740: [Tenured: 6547K->4427K(9600K), 0.0061270 secs] 10792K->4427K(13888K), [Perm : 5137K->5137K(21248K)], 0.0061780 secs] [Times: user=0.00 sys=0.00, real=0.01 secs] 
265.746: Total time for which application threads were stopped: 0.0731240 seconds, Stopping threads took: 0.0668660 seconds
265.747: Application time: 0.0007470 seconds
265.780: [GC265.780: [DefNew: 3806K->420K(4288K), 0.0009020 secs] 8233K->7777K(13888K), 0.0009290 secs] [Times: user=0.00 sys=0.00, real=0.00 secs] 
265.781: Total time for which application threads were stopped: 0.0341880 seconds, Stopping threads took: 0.0332000 seconds
265.781: Application time: 0.0003990 seconds
265.846: [GC265.846: [DefNew: 4147K->4147K(4288K), 0.0000110 secs]265.846: [Tenured: 7357K->4077K(9600K), 0.0056760 secs] 11505K->4077K(13888K), [Perm : 5137K->5137K(21248K)], 0.0057290 secs] [Times: user=0.01 sys=0.00, real=0.00 secs] 
265.852: Total time for which application threads were stopped: 0.0702650 seconds, Stopping threads took: 0.0644530 seconds
265.852: Application time: 0.0007450 seconds
265.885: [GC265.885: [DefNew: 3819K->391K(4288K), 0.0008950 secs] 7896K->7593K(13888K), 0.0016700 secs] [Times: user=0.00 sys=0.00, real=0.00 secs] 
265.887: Total time for which application threads were stopped: 0.0347120 seconds, Stopping threads took: 0.0329670 seconds
265.960: Application time: 0.0723960 seconds
265.961: [GC265.961: [DefNew: 3923K->3923K(4288K), 0.0000090 secs]265.961: [Tenured: 7202K->1733K(9600K), 0.0055320 secs] 11125K->1733K(13888K), [Perm : 5137K->5137K(21248K)], 0.0055830 secs] [Times: user=0.01 sys=0.00, real=0.01 secs] 
265.966: Total time for which application threads were stopped: 0.0067020 seconds, Stopping threads took: 0.0010390 seconds
265.967: Application time: 0.0006320 seconds
265.967: [GC265.967: [DefNew: 3725K->392K(4288K), 0.0008700 secs] 5459K->5445K(13888K), 0.0008920 secs] [Times: user=0.00 sys=0.00, real=0.00 secs] 
265.968: Total time for which application threads were stopped: 0.0013020 seconds, Stopping threads took: 0.0003420 seconds
265.970: Application time: 0.0016120 seconds
266.038: [GC266.038: [DefNew: 4213K->391K(4288K), 0.0005530 secs] 9266K->6617K(13888K), 0.0005770 secs] [Times: user=0.00 sys=0.00, real=0.00 secs] 
266.039: Total time for which application threads were stopped: 0.0689680 seconds, Stopping threads took: 0.0683150 seconds
266.039: Application time: 0.0004180 seconds
266.087: [GC266.087: [DefNew: 4216K->4216K(4288K), 0.0000070 secs]266.087: [Tenured: 6226K->4467K(9600K), 0.0063660 secs] 10442K->4467K(13888K), [Perm : 5137K->5137K(21248K)], 0.0064140 secs] [Times: user=0.01 sys=0.00, real=0.01 secs] 
266.093: Total time for which application threads were stopped: 0.0540320 seconds, Stopping threads took: 0.0475410 seconds
266.094: Application time: 0.0005120 seconds
266.127: [GC266.127: [DefNew: 3805K->419K(4288K), 0.0008420 secs] 8273K->7622K(13888K), 0.0008620 secs] [Times: user=0.00 sys=0.00, real=0.00 secs] 
266.128: Total time for which application threads were stopped: 0.0343910 seconds, Stopping threads took: 0.0334840 seconds
266.129: Application time: 0.0008290 seconds
266.199: [GC266.199: [DefNew: 4245K->4245K(4288K), 0.0000080 secs]266.199: [Tenured: 7202K->4691K(9600K), 0.0062250 secs] 11447K->4691K(13888K), [Perm : 5137K->5137K(21248K)], 0.0062780 secs] [Times: user=0.00 sys=0.00, real=0.01 secs] 
266.205: Total time for which application threads were stopped: 0.0763290 seconds, Stopping threads took: 0.0699710 seconds
266.206: Application time: 0.0007180 seconds
266.256: [GC266.256: [DefNew: 3708K->419K(4288K), 0.0010450 secs] 8400K->8236K(13888K), 0.0010730 secs] [Times: user=0.00 sys=0.00, real=0.00 secs] 
266.258: Total time for which application threads were stopped: 0.0514970 seconds, Stopping threads took: 0.0503510 seconds
266.258: Application time: 0.0004090 seconds
266.314: [GC266.314: [DefNew: 4245K->4245K(4288K), 0.0000070 secs]266.314: [Tenured: 7816K->4370K(9600K), 0.0064810 secs] 12062K->4370K(13888K), [Perm : 5137K->5137K(21248K)], 0.0065330 secs] [Times: user=0.01 sys=0.00, real=0.00 secs] 
266.321: Total time for which application threads were stopped: 0.0626780 seconds, Stopping threads took: 0.0560700 seconds
266.321: Application time: 0.0006420 seconds
266.355: [GC266.355: [DefNew: 3825K->391K(4288K), 0.0009190 secs] 8195K->7886K(13888K), 0.0009430 secs] [Times: user=0.00 sys=0.00, real=0.00 secs] 
266.356: Total time for which application threads were stopped: 0.0349970 seconds, Stopping threads took: 0.0339850 seconds
266.357: Application time: 0.0009070 seconds
266.427: [GC266.427: [DefNew: 4216K->4216K(4288K), 0.0000090 secs]266.427: [Tenured: 7495K->3393K(9600K), 0.0055300 secs] 11712K->3393K(13888K), [Perm : 5137K->5137K(21248K)], 0.0055800 secs] [Times: user=0.00 sys=0.00, real=0.01 secs] 
266.433: Total time for which application threads were stopped: 0.0756430 seconds, Stopping threads took: 0.0699940 seconds
266.433: Application time: 0.0006510 seconds
266.467: [GC266.467: [DefNew: 3825K->391K(4288K), 0.0009730 secs] 7219K->7105K(13888K), 0.0009980 secs] [Times: user=0.00 sys=0.00, real=0.00 secs] 
266.468: Total time for which application threads were stopped: 0.0342280 seconds, Stopping threads took: 0.0331600 seconds
266.468: Application time: 0.0004520 seconds
266.537: [GC266.537: [DefNew: 4117K->4117K(4288K), 0.0000080 secs]266.537: [Tenured: 6713K->4467K(9600K), 0.0059960 secs] 10831K->4467K(13888K), [Perm : 5137K->5137K(21248K)], 0.0060470 secs] [Times: user=0.00 sys=0.00, real=0.00 secs] 
266.544: Total time for which application threads were stopped: 0.0753750 seconds, Stopping threads took: 0.0692490 seconds
266.544: Application time: 0.0004880 seconds
266.607: [GC266.607: [DefNew: 3532K->392K(4288K), 0.0007100 secs] 7999K->6812K(13888K), 0.0007350 secs] [Times: user=0.01 sys=0.00, real=0.00 secs] 
266.608: Total time for which application threads were stopped: 0.0636220 seconds, Stopping threads took: 0.0628080 seconds
266.608: Application time: 0.0004120 seconds
266.608: [GC266.608: [DefNew: 4194K->4194K(4288K), 0.0000050 secs]266.608: [Tenured: 6420K->7425K(9600K), 0.0062590 secs] 10614K->7425K(13888K), [Perm : 5137K->5137K(21248K)], 0.0063000 secs] [Times: user=0.00 sys=0.00, real=0.01 secs] 
266.615: Total time for which application threads were stopped: 0.0067390 seconds, Stopping threads took: 0.0003660 seconds
266.688: Application time: 0.0729730 seconds
266.690: [GC266.690: [DefNew: 3727K->3727K(4288K), 0.0000090 secs]266.690: [Tenured: 7425K->2514K(9600K), 0.0050270 secs] 11153K->2514K(13888K), [Perm : 5137K->5137K(21248K)], 0.0050820 secs] [Times: user=0.00 sys=0.00, real=0.01 secs] 
266.695: Total time for which application threads were stopped: 0.0069290 seconds, Stopping threads took: 0.0017650 seconds
266.695: Application time: 0.0004890 seconds
266.741: [GC266.741: [DefNew: 3823K->392K(4288K), 0.0008400 secs] 6337K->6032K(13888K), 0.0008610 secs] [Times: user=0.00 sys=0.00, real=0.00 secs] 
266.742: Total time for which application threads were stopped: 0.0463770 seconds, Stopping threads took: 0.0454510 seconds
266.743: Application time: 0.0013220 seconds
266.807: [GC266.807: [DefNew: 4211K->4211K(4288K), 0.0000060 secs] 9851K->9851K(13888K), 0.0000230 secs] [Times: user=0.00 sys=0.00, real=0.00 secs] 
266.807: [Full GC266.807: [Tenured: 5639K->4759K(9600K), 0.0057510 secs] 9851K->4759K(13888K), [Perm : 5137K->5137K(21248K)], 0.0057770 secs] [Times: user=0.01 sys=0.00, real=0.01 secs] 
266.813: Total time for which application threads were stopped: 0.0696130 seconds, Stopping threads took: 0.0637210 seconds
266.813: Application time: 0.0004700 seconds
266.863: [GC266.863: [DefNew: 3630K->391K(4288K), 0.0009720 secs] 8389K->7495K(13888K), 0.0010060 secs] [Times: user=0.00 sys=0.00, real=0.01 secs] 
266.864: Total time for which application threads were stopped: 0.0514640 seconds, Stopping threads took: 0.0503770 seconds
266.865: Application time: 0.0006160 seconds
266.866: [GC266.866: [DefNew: 4191K->4191K(4288K), 0.0000060 secs]266.866: [Tenured: 7103K->7815K(9600K), 0.0066410 secs] 11295K->7815K(13888K), [Perm : 5137K->5137K(21248K)], 0.0066960 secs] [Times: user=0.01 sys=0.00, real=0.00 secs] 
266.872: Total time for which application threads were stopped: 0.0071600 seconds, Stopping threads took: 0.0004070 seconds
266.944: Application time: 0.0713730 seconds
266.946: [GC266.946: [DefNew: 3532K->3532K(4288K), 0.0000090 secs]266.946: [Tenured: 7815K->2737K(9600K), 0.0053700 secs] 11347K->2737K(13888K), [Perm : 5137K->5137K(21248K)], 0.0054260 secs] [Times: user=0.01 sys=0.00, real=0.00 secs] 
266.951: Total time for which application threads were stopped: 0.0078130 seconds, Stopping threads took: 0.0023050 seconds
266.952: Application time: 0.0005390 seconds
266.985: [GC266.985: [DefNew: 3803K->420K(4288K), 0.0008530 secs] 6541K->6185K(13888K), 0.0008750 secs] [Times: user=0.00 sys=0.00, real=0.00 secs] 
266.986: Total time for which application threads were stopped: 0.0336970 seconds, Stopping threads took: 0.0327750 seconds
266.986: Application time: 0.0007530 seconds
267.052: [GC267.052: [DefNew: 4145K->4145K(4288K), 0.0000070 secs]267.052: [Tenured: 5765K->4760K(9600K), 0.0054080 secs] 9911K->4760K(13888K), [Perm : 5137K->5137K(21248K)], 0.0054590 secs] [Times: user=0.00 sys=0.00, real=0.00 secs] 
267.058: Total time for which application threads were stopped: 0.0713970 seconds, Stopping threads took: 0.0658820 seconds
267.058: Application time: 0.0005050 seconds
267.127: [GC267.127: [DefNew: 3630K->391K(4288K), 0.0008150 secs] 8390K->7495K(13888K), 0.0008440 secs] [Times: user=0.00 sys=0.00, real=0.00 secs] 
267.127: Total time for which application threads were stopped: 0.0690520 seconds, Stopping threads took: 0.0681470 seconds
267.128: Application time: 0.0003840 seconds
267.162: [GC267.162: [DefNew: 4216K->4216K(4288K), 0.0000060 secs]267.162: [Tenured: 7103K->4662K(9600K), 0.0057960 secs] 11320K->4662K(13888K), [Perm : 5137K->5137K(21248K)], 0.0058420 secs] [Times: user=0.00 sys=0.00, real=0.01 secs] 
267.167: Total time for which application threads were stopped: 0.0396730 seconds, Stopping threads took: 0.0337550 seconds
267.168: Application time: 0.0007640 seconds
267.201: [GC267.201: [DefNew: 3821K->391K(4288K), 0.0008920 secs] 8483K->7788K(13888K), 0.0009170 secs] [Times: user=0.00 sys=0.00, real=0.00 secs] 
267.202: Total time for which application threads were stopped: 0.0341350 seconds, Stopping threads took: 0.0331460 seconds
267.203: Application time: 0.0007080 seconds
267.273: [GC267.273: [DefNew: 4216K->4216K(4288K), 0.0000070 secs]267.273: [Tenured: 7397K->4077K(9600K), 0.0055110 secs] 11613K->4077K(13888K), [Perm : 5137K->5137K(21248K)], 0.0055620 secs] [Times: user=0.01 sys=0.00, real=0.00 secs] 
267.279: Total time for which application threads were stopped: 0.0756240 seconds, Stopping threads took: 0.0699830 seconds
267.279: Application time: 0.0005100 seconds
267.341: [GC267.341: [DefNew: 3630K->392K(4288K), 0.0007480 secs] 7707K->6813K(13888K), 0.0007700 secs] [Times: user=0.00 sys=0.00, real=0.00 secs] 
267.341: Total time for which application threads were stopped: 0.0621450 seconds, Stopping threads took: 0.0613090 seconds
267.342: Application time: 0.0003990 seconds
267.342: [GC267.343: [DefNew: 4209K->4209K(4288K), 0.0000060 secs]267.343: [Tenured: 6421K->7884K(9600K), 0.0065220 secs] 10630K->7884K(13888K), [Perm : 5137K->5137K(21248K)], 0.0065650 secs] [Times: user=0.01 sys=0.00, real=0.01 secs] 
267.349: Total time for which application threads were stopped: 0.0073530 seconds, Stopping threads took: 0.0007120 seconds
267.421: Application time: 0.0718880 seconds
267.423: [GC267.423: [DefNew: 3825K->3825K(4288K), 0.0000080 secs]267.423: [Tenured: 7884K->3100K(9600K), 0.0054210 secs] 11709K->3100K(13888K), [Perm : 5137K->5137K(21248K)], 0.0054780 secs] [Times: user=0.01 sys=0.00, real=0.01 secs] 
267.428: Total time for which application threads were stopped: 0.0072880 seconds, Stopping threads took: 0.0017260 seconds
267.429: Application time: 0.0004990 seconds
267.462: [GC267.462: [DefNew: 3704K->420K(4288K), 0.0008620 secs] 6804K->6645K(13888K), 0.0008890 secs] [Times: user=0.00 sys=0.00, real=0.00 secs] 
267.463: Total time for which application threads were stopped: 0.0341330 seconds, Stopping threads took: 0.0331790 seconds
267.464: Application time: 0.0007500 seconds
267.534: [GC267.534: [DefNew: 4225K->4225K(4288K), 0.0000080 secs]267.534: [Tenured: 6225K->2962K(9600K), 0.0059930 secs] 10451K->2962K(13888K), [Perm : 5137K->5137K(21248K)], 0.0060450 secs] [Times: user=0.01 sys=0.00, real=0.00 secs] 
267.540: Total time for which application threads were stopped: 0.0763790 seconds, Stopping threads took: 0.0702540 seconds
267.541: Application time: 0.0005630 seconds
267.574: [GC267.574: [DefNew: 3778K->392K(4288K), 0.0008000 secs] 6740K->6089K(13888K), 0.0008210 secs] [Times: user=0.00 sys=0.00, real=0.00 secs] 
267.575: Total time for which application threads were stopped: 0.0344820 seconds, Stopping threads took: 0.0335980 seconds
267.575: Application time: 0.0003690 seconds
267.609: [GC267.609: [DefNew: 4143K->4143K(4288K), 0.0000060 secs]267.609: [Tenured: 5696K->7385K(9600K), 0.0058210 secs] 9840K->7385K(13888K), [Perm : 5137K->5137K(21248K)], 0.0058680 secs] [Times: user=0.01 sys=0.00, real=0.01 secs] 
267.615: Total time for which application threads were stopped: 0.0393870 seconds, Stopping threads took: 0.0334520 seconds
267.686: Application time: 0.0714290 seconds
267.690: [GC267.690: [DefNew: 3825K->3825K(4288K), 0.0000090 secs]267.690: [Tenured: 7385K->2600K(9600K), 0.0048890 secs] 11211K->2600K(13888K), [Perm : 5137K->5137K(21248K)], 0.0049440 secs] [Times: user=0.01 sys=0.00, real=0.01 secs] 
267.695: Total time for which application threads were stopped: 0.0089780 seconds, Stopping threads took: 0.0039440 seconds
267.696: Application time: 0.0005730 seconds
267.738: [GC267.738: [DefNew: 3825K->391K(4288K), 0.0008240 secs] 6426K->6118K(13888K), 0.0008450 secs] [Times: user=0.00 sys=0.00, real=0.00 secs] 
267.739: Total time for which application threads were stopped: 0.0428970 seconds, Stopping threads took: 0.0419880 seconds
267.739: Application time: 0.0005850 seconds
267.796: [GC267.796: [DefNew: 4113K->4113K(4288K), 0.0000060 secs] 9839K->9839K(13888K), 0.0000220 secs] [Times: user=0.00 sys=0.00, real=0.00 secs] 
267.796: [Full GC267.796: [Tenured: 5726K->5541K(9600K), 0.0059720 secs] 9839K->5541K(13888K), [Perm : 5137K->5137K(21248K)], 0.0060000 secs] [Times: user=0.00 sys=0.00, real=0.00 secs] 
267.802: Total time for which application threads were stopped: 0.0629980 seconds, Stopping threads took: 0.0569050 seconds
267.803: Application time: 0.0008690 seconds
267.873: [GC267.873: [DefNew: 3825K->391K(4288K), 0.0009350 secs] 9366K->8178K(13888K), 0.0009690 secs] [Times: user=0.00 sys=0.00, real=0.00 secs] 
267.874: Total time for which application threads were stopped: 0.0708680 seconds, Stopping threads took: 0.0698170 seconds
267.874: Application time: 0.0004360 seconds
267.921: [GC267.921: [DefNew: 4119K->4119K(4288K), 0.0000050 secs]267.921: [Tenured: 7787K->4467K(9600K), 0.0057210 secs] 11906K->4467K(13888K), [Perm : 5137K->5137K(21248K)], 0.0057660 secs] [Times: user=0.01 sys=0.00, real=0.01 secs] 
267.927: Total time for which application threads were stopped: 0.0524120 seconds, Stopping threads took: 0.0465690 seconds
267.941: Application time: 0.0136540 seconds
267.993: [GC267.993: [DefNew: 3825K->391K(4288K), 0.0005220 secs] 8292K->6031K(13888K), 0.0005480 secs] [Times: user=0.00 sys=0.00, real=0.00 secs] 
267.994: Total time for which application threads were stopped: 0.0529640 seconds, Stopping threads took: 0.0523560 seconds
267.994: Application time: 0.0003530 seconds
268.044: [GC268.044: [DefNew: 4213K->4213K(4288K), 0.0000060 secs]268.044: [Tenured: 5639K->5639K(9600K), 0.0060210 secs] 9852K->5639K(13888K), [Perm : 5137K->5137K(21248K)], 0.0060640 secs] [Times: user=0.00 sys=0.00, real=0.01 secs] 
268.050: Total time for which application threads were stopped: 0.0559790 seconds, Stopping threads took: 0.0498400 seconds
268.051: Application time: 0.0007140 seconds
268.114: [GC268.114: [DefNew: 3725K->391K(4288K), 0.0006770 secs] 9364K->7788K(13888K), 0.0007110 secs] [Times: user=0.00 sys=0.00, real=0.00 secs] 
268.115: Total time for which application threads were stopped: 0.0644580 seconds, Stopping threads took: 0.0636770 seconds
268.116: Application time: 0.0008560 seconds
268.171: [GC268.171: [DefNew: 4197K->4197K(4288K), 0.0000090 secs]268.171: [Tenured: 7397K->4495K(9600K), 0.0064290 secs] 11594K->4495K(13888K), [Perm : 5137K->5137K(21248K)], 0.0064760 secs] [Times: user=0.01 sys=0.00, real=0.01 secs] 
268.177: Total time for which application threads were stopped: 0.0615800 seconds, Stopping threads took: 0.0550270 seconds
268.178: Application time: 0.0006630 seconds
268.212: [GC268.212: [DefNew: 3825K->391K(4288K), 0.0009670 secs] 8321K->8012K(13888K), 0.0009940 secs] [Times: user=0.00 sys=0.00, real=0.01 secs] 
268.213: Total time for which application threads were stopped: 0.0346750 seconds, Stopping threads took: 0.0336100 seconds
268.213: Application time: 0.0006440 seconds
268.276: [GC268.276: [DefNew: 4117K->4117K(4288K), 0.0000080 secs]268.276: [Tenured: 7620K->5541K(9600K), 0.0067110 secs] 11738K->5541K(13888K), [Perm : 5137K->5137K(21248K)], 0.0067600 secs] [Times: user=0.00 sys=0.00, real=0.00 secs] 
268.282: Total time for which application threads were stopped: 0.0689000 seconds, Stopping threads took: 0.0620590 seconds
268.283: Application time: 0.0009540 seconds
268.353: [GC268.353: [DefNew: 3825K->293K(4288K), 0.0008540 secs] 9366K->8179K(13888K), 0.0008850 secs] [Times: user=0.00 sys=0.00, real=0.00 secs] 
268.354: Total time for which application threads were stopped: 0.0706370 seconds, Stopping threads took: 0.0696740 seconds
268.354: Application time: 0.0005400 seconds
268.395: [GC268.395: [DefNew: 4099K->4099K(4288K), 0.0000060 secs]268.395: [Tenured: 7885K->4495K(9600K), 0.0052600 secs] 11985K->4495K(13888K), [Perm : 5137K->5137K(21248K)], 0.0053050 secs] [Times: user=0.00 sys=0.00, real=0.00 secs] 
268.401: Total time for which application threads were stopped: 0.0460720 seconds, Stopping threads took: 0.0406900 seconds
268.401: Application time: 0.0004670 seconds
268.468: [GC268.468: [DefNew: 3532K->391K(4288K), 0.0007270 secs] 8028K->6840K(13888K), 0.0007510 secs] [Times: user=0.00 sys=0.00, real=0.00 secs] 
268.468: Total time for which application threads were stopped: 0.0674280 seconds, Stopping threads took: 0.0666040 seconds
268.469: Application time: 0.0003550 seconds
268.502: [GC268.502: [DefNew: 4115K->4115K(4288K), 0.0000060 secs]268.502: [Tenured: 6449K->5277K(9600K), 0.0058420 secs] 10564K->5277K(13888K), [Perm : 5137K->5137K(21248K)], 0.0058860 secs] [Times: user=0.00 sys=0.00, real=0.01 secs] 
268.508: Total time for which application threads were stopped: 0.0392780 seconds, Stopping threads took: 0.0333390 seconds
268.509: Application time: 0.0006070 seconds
268.556: [GC268.556: [DefNew: 3823K->391K(4288K), 0.0008740 secs] 9100K->8500K(13888K), 0.0008970 secs] [Times: user=0.00 sys=0.00, real=0.00 secs] 
268.557: Total time for which application threads were stopped: 0.0483160 seconds, Stopping threads took: 0.0473490 seconds
268.629: Application time: 0.0717470 seconds
268.630: [GC268.630: [DefNew: 4099K->4099K(4288K), 0.0000100 secs]268.630: [Tenured: 8109K->1985K(9600K), 0.0059200 secs] 12209K->1985K(13888K), [Perm : 5137K->5137K(21248K)], 0.0059810 secs] [Times: user=0.00 sys=0.00, real=0.01 secs] 
268.636: Total time for which application threads were stopped: 0.0075630 seconds, Stopping threads took: 0.0015220 seconds
268.637: Application time: 0.0006790 seconds
268.637: [GC268.637: [DefNew: 3831K->400K(4288K), 0.0008910 secs] 5817K->5804K(13888K), 0.0009090 secs] [Times: user=0.01 sys=0.00, real=0.00 secs] 
268.638: Total time for which application threads were stopped: 0.0012890 seconds, Stopping threads took: 0.0003200 seconds
268.639: Application time: 0.0007050 seconds
268.709: [GC268.709: [DefNew: 4096K->419K(4288K), 0.0006270 secs] 9500K->7289K(13888K), 0.0006600 secs] [Times: user=0.00 sys=0.00, real=0.00 secs] 
268.710: Total time for which application threads were stopped: 0.0707540 seconds, Stopping threads took: 0.0700240 seconds
268.710: Application time: 0.0004080 seconds
268.744: [GC268.744: [DefNew: 4147K->4147K(4288K), 0.0000070 secs]268.744: [Tenured: 6869K->4468K(9600K), 0.0057880 secs] 11017K->4468K(13888K), [Perm : 5137K->5137K(21248K)], 0.0058340 secs] [Times: user=0.01 sys=0.00, real=0.01 secs] 
268.750: Total time for which application threads were stopped: 0.0394970 seconds, Stopping threads took: 0.0335780 seconds
268.750: Application time: 0.0006550 seconds
268.783: [GC268.784: [DefNew: 3721K->391K(4288K), 0.0007520 secs] 8189K->7496K(13888K), 0.0007720 secs] [Times: user=0.00 sys=0.00, real=0.00 secs] 
268.784: Total time for which application threads were stopped: 0.0339440 seconds, Stopping threads took: 0.0331100 seconds
268.857: Application time: 0.0726250 seconds
268.863: [GC268.863: [DefNew: 4216K->4216K(4288K), 0.0000090 secs]268.863: [Tenured: 7105K->2320K(9600K), 0.0052650 secs] 11321K->2320K(13888K), [Perm : 5137K->5137K(21248K)], 0.0053220 secs] [Times: user=0.01 sys=0.00, real=0.01 secs] 
268.869: Total time for which application threads were stopped: 0.0118880 seconds, Stopping threads took: 0.0064840 seconds
268.869: Application time: 0.0005540 seconds
268.903: [GC268.903: [DefNew: 3825K->391K(4288K), 0.0008380 secs] 6145K->5837K(13888K), 0.0008600 secs] [Times: user=0.00 sys=0.00, real=0.00 secs] 
268.903: Total time for which application threads were stopped: 0.0340900 seconds, Stopping threads took: 0.0331630 seconds
268.905: Application time: 0.0010720 seconds
268.969: [GC268.969: [DefNew: 4117K->391K(4288K), 0.0005590 secs] 9562K->7204K(13888K), 0.0005820 secs] [Times: user=0.00 sys=0.00, real=0.00 secs] 
268.970: Total time for which application threads were stopped: 0.0653420 seconds, Stopping threads took: 0.0646950 seconds
268.970: Application time: 0.0003460 seconds
269.034: [GC269.034: [DefNew: 3923K->3923K(4288K), 0.0000060 secs]269.034: [Tenured: 6813K->3687K(9600K), 0.0057620 secs] 10736K->3687K(13888K), [Perm : 5137K->5137K(21248K)], 0.0058070 secs] [Times: user=0.00 sys=0.00, real=0.00 secs] 
269.040: Total time for which application threads were stopped: 0.0695760 seconds, Stopping threads took: 0.0636940 seconds
269.040: Application time: 0.0004370 seconds
269.041: [GC269.041: [DefNew: 3524K->391K(4288K), 0.0008160 secs] 7211K->7204K(13888K), 0.0008320 secs] [Times: user=0.00 sys=0.00, real=0.00 secs] 
269.042: Total time for which application threads were stopped: 0.0014830 seconds, Stopping threads took: 0.0005880 seconds
269.114: Application time: 0.0720060 seconds
269.115: [GC269.115: [DefNew: 4197K->4197K(4288K), 0.0000100 secs]269.115: [Tenured: 6812K->2349K(9600K), 0.0059860 secs] 11009K->2349K(13888K), [Perm : 5137K->5137K(21248K)], 0.0060360 secs] [Times: user=0.01 sys=0.00, real=0.00 secs] 
269.121: Total time for which application threads were stopped: 0.0074180 seconds, Stopping threads took: 0.0013000 seconds
269.122: Application time: 0.0006230 seconds
269.155: [GC269.155: [DefNew: 3825K->392K(4288K), 0.0008840 secs] 6175K->5866K(13888K), 0.0009080 secs] [Times: user=0.00 sys=0.00, real=0.00 secs] 
269.156: Total time for which application threads were stopped: 0.0346330 seconds, Stopping threads took: 0.0336570 seconds
269.157: Application time: 0.0006430 seconds
269.190: [GC269.190: [DefNew: 4215K->4215K(4288K), 0.0000060 secs]269.190: [Tenured: 5474K->6713K(9600K), 0.0060780 secs] 9690K->6713K(13888K), [Perm : 5137K->5137K(21248K)], 0.0061370 secs] [Times: user=0.00 sys=0.00, real=0.01 secs] 
269.196: Total time for which application threads were stopped: 0.0393100 seconds, Stopping threads took: 0.0331060 seconds
269.268: Application time: 0.0714160 seconds
269.270: [GC269.270: [DefNew: 3630K->3630K(4288K), 0.0000100 secs]269.270: [Tenured: 6713K->1733K(9600K), 0.0058390 secs] 10344K->1733K(13888K), [Perm : 5137K->5137K(21248K)], 0.0058910 secs] [Times: user=0.00 sys=0.00, real=0.01 secs] 
269.276: Total time for which application threads were stopped: 0.0083760 seconds, Stopping threads took: 0.0023870 seconds
269.277: Application time: 0.0006310 seconds
269.277: [GC269.277: [DefNew: 3776K->440K(4288K), 0.0008920 secs] 5509K->5495K(13888K), 0.0009100 secs] [Times: user=0.00 sys=0.00, real=0.00 secs] 
269.278: Total time for which application threads were stopped: 0.0013390 seconds, Stopping threads took: 0.0003650 seconds
269.279: Application time: 0.0007290 seconds
269.340: [GC269.340: [DefNew: 4096K->419K(4288K), 0.0007320 secs] 9151K->7525K(13888K), 0.0007560 secs] [Times: user=0.00 sys=0.00, real=0.00 secs] 
269.341: Total time for which application threads were stopped: 0.0620910 seconds, Stopping threads took: 0.0612900 seconds
269.341: Application time: 0.0004670 seconds
269.408: [GC269.408: [DefNew: 4049K->4049K(4288K), 0.0000080 secs]269.408: [Tenured: 7106K->4106K(9600K), 0.0055890 secs] 11155K->4106K(13888K), [Perm : 5137K->5137K(21248K)], 0.0056380 secs] [Times: user=0.01 sys=0.00, real=0.01 secs] 
269.414: Total time for which application threads were stopped: 0.0722310 seconds, Stopping threads took: 0.0665260 seconds
269.414: Application time: 0.0004970 seconds
269.464: [GC269.464: [DefNew: 3825K->391K(4288K), 0.0008410 secs] 7931K->7037K(13888K), 0.0008660 secs] [Times: user=0.00 sys=0.00, real=0.00 secs] 
269.465: Total time for which application threads were stopped: 0.0511950 seconds, Stopping threads took: 0.0502580 seconds
269.466: Application time: 0.0006550 seconds
269.500: [GC269.500: [DefNew: 4211K->4211K(4288K), 0.0000060 secs]269.500: [Tenured: 6645K->6352K(9600K), 0.0066590 secs] 10856K->6352K(13888K), [Perm : 5137K->5137K(21248K)], 0.0067020 secs] [Times: user=0.00 sys=0.00, real=0.01 secs] 
269.507: Total time for which application threads were stopped: 0.0407700 seconds, Stopping threads took: 0.0339960 seconds
269.579: Application time: 0.0719640 seconds
269.580: [GC269.580: [DefNew: 3708K->3708K(4288K), 0.0000100 secs]269.580: [Tenured: 6352K->1343K(9600K), 0.0050170 secs] 10060K->1343K(13888K), [Perm : 5137K->5137K(21248K)], 0.0050680 secs] [Times: user=0.01 sys=0.00, real=0.01 secs] 
269.585: Total time for which application threads were stopped: 0.0064520 seconds, Stopping threads took: 0.0013050 seconds
269.586: Application time: 0.0005670 seconds
269.586: [GC269.586: [DefNew: 3727K->392K(4288K), 0.0008830 secs] 5071K->5056K(13888K), 0.0009040 secs] [Times: user=0.00 sys=0.00, real=0.00 secs] 
269.587: Total time for which application threads were stopped: 0.0010390 seconds, Stopping threads took: 0.0000890 seconds
269.588: Application time: 0.0012220 seconds
269.651: [GC269.651: [DefNew: 4117K->391K(4288K), 0.0005040 secs] 8781K->6227K(13888K), 0.0005260 secs] [Times: user=0.00 sys=0.00, real=0.00 secs] 
269.651: Total time for which application threads were stopped: 0.0630620 seconds, Stopping threads took: 0.0624710 seconds
269.651: Application time: 0.0003310 seconds
269.716: [GC269.716: [DefNew: 3923K->3923K(4288K), 0.0000070 secs]269.716: [Tenured: 5836K->3688K(9600K), 0.0052390 secs] 9760K->3688K(13888K), [Perm : 5137K->5137K(21248K)], 0.0052860 secs] [Times: user=0.01 sys=0.00, real=0.00 secs] 
269.722: Total time for which application threads were stopped: 0.0701960 seconds, Stopping threads took: 0.0648500 seconds
269.722: Application time: 0.0004770 seconds
269.755: [GC269.755: [DefNew: 3606K->420K(4288K), 0.0007880 secs] 7294K->6647K(13888K), 0.0008100 secs] [Times: user=0.01 sys=0.00, real=0.00 secs] 
269.756: Total time for which application threads were stopped: 0.0339190 seconds, Stopping threads took: 0.0330610 seconds
269.757: Application time: 0.0008030 seconds
269.819: [GC269.819: [DefNew: 4144K->4144K(4288K), 0.0000060 secs]269.819: [Tenured: 6227K->4888K(9600K), 0.0057700 secs] 10371K->4888K(13888K), [Perm : 5137K->5137K(21248K)], 0.0058170 secs] [Times: user=0.01 sys=0.00, real=0.01 secs] 
269.825: Total time for which application threads were stopped: 0.0682610 seconds, Stopping threads took: 0.0623600 seconds
269.826: Application time: 0.0004670 seconds
269.860: [GC269.860: [DefNew: 3825K->391K(4288K), 0.0011340 secs] 8714K->8405K(13888K), 0.0011740 secs] [Times: user=0.00 sys=0.00, real=0.00 secs] 
269.861: Total time for which application threads were stopped: 0.0358080 seconds, Stopping threads took: 0.0345550 seconds
269.862: Application time: 0.0008300 seconds
269.901: [GC269.901: [DefNew: 4212K->4212K(4288K), 0.0000070 secs]269.901: [Tenured: 8014K->6743K(9600K), 0.0065300 secs] 12227K->6743K(13888K), [Perm : 5137K->5137K(21248K)], 0.0065780 secs] [Times: user=0.00 sys=0.00, real=0.01 secs] 
269.908: Total time for which application threads were stopped: 0.0456220 seconds, Stopping threads took: 0.0389670 seconds
269.980: Application time: 0.0718430 seconds
269.981: [GC269.981: [DefNew: 3708K->3708K(4288K), 0.0000110 secs]269.981: [Tenured: 6743K->1734K(9600K), 0.0058760 secs] 10452K->1734K(13888K), [Perm : 5137K->5137K(21248K)], 0.0059260 secs] [Times: user=0.00 sys=0.00, real=0.01 secs] 
269.987: Total time for which application threads were stopped: 0.0070650 seconds, Stopping threads took: 0.0010580 seconds
269.987: Application time: 0.0005720 seconds
269.988: [GC269.988: [DefNew: 3727K->392K(4288K), 0.0008820 secs] 5462K->5447K(13888K), 0.0009040 secs] [Times: user=0.00 sys=0.00, real=0.00 secs] 
269.989: Total time for which application threads were stopped: 0.0012480 seconds, Stopping threads took: 0.0002770 seconds
269.989: Application time: 0.0009160 seconds
270.054: [GC270.054: [DefNew: 4215K->391K(4288K), 0.0007790 secs] 9270K->7692K(13888K), 0.0008030 secs] [Times: user=0.00 sys=0.00, real=0.00 secs] 
270.055: Total time for which application threads were stopped: 0.0655010 seconds, Stopping threads took: 0.0646390 seconds
270.056: Application time: 0.0007640 seconds
270.119: [GC270.119: [DefNew: 4216K->4216K(4288K), 0.0000070 secs]270.119: [Tenured: 7301K->4664K(9600K), 0.0062380 secs] 11518K->4664K(13888K), [Perm : 5137K->5137K(21248K)], 0.0062870 secs] [Times: user=0.00 sys=0.00, real=0.01 secs] 
270.125: Total time for which application threads were stopped: 0.0690910 seconds, Stopping threads took: 0.0627240 seconds
270.125: Application time: 0.0004490 seconds
270.172: [GC270.172: [DefNew: 3532K->294K(4288K), 0.0007050 secs] 8197K->7302K(13888K), 0.0007270 secs] [Times: user=0.00 sys=0.00, real=0.00 secs] 
270.173: Total time for which application threads were stopped: 0.0479280 seconds, Stopping threads took: 0.0471410 seconds
270.174: Application time: 0.0006320 seconds
270.207: [GC270.207: [DefNew: 4113K->4113K(4288K), 0.0000060 secs]270.207: [Tenured: 7008K->7692K(9600K), 0.0069310 secs] 11122K->7692K(13888K), [Perm : 5137K->5137K(21248K)], 0.0069730 secs] [Times: user=0.01 sys=0.00, real=0.01 secs] 
270.214: Total time for which application threads were stopped: 0.0397820 seconds, Stopping threads took: 0.0327340 seconds
270.285: Application time: 0.0716310 seconds
270.288: [GC270.288: [DefNew: 3708K->3708K(4288K), 0.0000090 secs]270.288: [Tenured: 7692K->2740K(9600K), 0.0047690 secs] 11400K->2740K(13888K), [Perm : 5137K->5137K(21248K)], 0.0048250 secs] [Times: user=0.00 sys=0.00, real=0.01 secs] 
270.293: Total time for which application threads were stopped: 0.0076020 seconds, Stopping threads took: 0.0026940 seconds
270.293: Application time: 0.0005790 seconds
270.326: [GC270.326: [DefNew: 3823K->391K(4288K), 0.0008550 secs] 6563K->6257K(13888K), 0.0008760 secs] [Times: user=0.01 sys=0.00, real=0.00 secs] 
270.327: Total time for which application threads were stopped: 0.0338890 seconds, Stopping threads took: 0.0329370 seconds
270.328: Application time: 0.0006910 seconds
270.391: [GC270.391: [DefNew: 4210K->4210K(4288K), 0.0000060 secs]270.391: [Tenured: 5865K->4761K(9600K), 0.0059090 secs] 10076K->4761K(13888K), [Perm : 5137K->5137K(21248K)], 0.0059540 secs] [Times: user=0.01 sys=0.00, real=0.01 secs] 
270.397: Total time for which application threads were stopped: 0.0687820 seconds, Stopping threads took: 0.0627510 seconds
270.397: Application time: 0.0004750 seconds
270.451: [GC270.451: [DefNew: 3630K->391K(4288K), 0.0008480 secs] 8391K->7497K(13888K), 0.0008830 secs] [Times: user=0.01 sys=0.00, real=0.00 secs] 
270.452: Total time for which application threads were stopped: 0.0550230 seconds, Stopping threads took: 0.0540570 seconds
270.453: Application time: 0.0004230 seconds
270.453: [GC270.453: [DefNew: 4115K->4115K(4288K), 0.0000060 secs]270.453: [Tenured: 7105K->7788K(9600K), 0.0064550 secs] 11221K->7788K(13888K), [Perm : 5137K->5137K(21248K)], 0.0065000 secs] [Times: user=0.00 sys=0.00, real=0.00 secs] 
270.460: Total time for which application threads were stopped: 0.0069730 seconds, Stopping threads took: 0.0003960 seconds
270.532: Application time: 0.0726020 seconds
270.534: [GC270.534: [DefNew: 3727K->3727K(4288K), 0.0000090 secs]270.534: [Tenured: 7788K->2906K(9600K), 0.0053210 secs] 11516K->2906K(13888K), [Perm : 5137K->5137K(21248K)], 0.0053770 secs] [Times: user=0.00 sys=0.00, real=0.00 secs] 
270.539: Total time for which application threads were stopped: 0.0071340 seconds, Stopping threads took: 0.0016750 seconds
270.540: Application time: 0.0005460 seconds
270.573: [GC270.573: [DefNew: 3823K->391K(4288K), 0.0008220 secs] 6729K->6423K(13888K), 0.0008400 secs] [Times: user=0.00 sys=0.00, real=0.00 secs] 
270.574: Total time for which application threads were stopped: 0.0338290 seconds, Stopping threads took: 0.0329250 seconds
270.575: Application time: 0.0013880 seconds
270.645: [GC270.645: [DefNew: 4115K->4115K(4288K), 0.0000080 secs]270.645: [Tenured: 6031K->2906K(9600K), 0.0061120 secs] 10146K->2906K(13888K), [Perm : 5137K->5137K(21248K)], 0.0061610 secs] [Times: user=0.01 sys=0.00, real=0.00 secs] 
270.651: Total time for which application threads were stopped: 0.0760590 seconds, Stopping threads took: 0.0698210 seconds
270.652: Application time: 0.0007180 seconds
270.698: [GC270.698: [DefNew: 3767K->445K(4288K), 0.0007770 secs] 6674K->5923K(13888K), 0.0007970 secs] [Times: user=0.00 sys=0.00, real=0.00 secs] 
270.699: Total time for which application threads were stopped: 0.0465560 seconds, Stopping threads took: 0.0457160 seconds
270.699: Application time: 0.0003600 seconds
270.755: [GC270.755: [DefNew: 4270K->4270K(4288K), 0.0000060 secs]270.755: [Tenured: 5478K->4859K(9600K), 0.0064970 secs] 9748K->4859K(13888K), [Perm : 5137K->5137K(21248K)], 0.0065390 secs] [Times: user=0.01 sys=0.00, real=0.00 secs] 
270.761: Total time for which application threads were stopped: 0.0622160 seconds, Stopping threads took: 0.0556030 seconds
270.762: Application time: 0.0006460 seconds
270.826: [GC270.826: [DefNew: 3823K->391K(4288K), 0.0008430 secs] 8682K->7790K(13888K), 0.0008700 secs] [Times: user=0.00 sys=0.00, real=0.00 secs] 
270.827: Total time for which application threads were stopped: 0.0652540 seconds, Stopping threads took: 0.0643090 seconds
270.828: Application time: 0.0007920 seconds
270.898: [GC270.898: [DefNew: 4216K->4216K(4288K), 0.0000120 secs]270.898: [Tenured: 7398K->4273K(9600K), 0.0062870 secs] 11615K->4273K(13888K), [Perm : 5137K->5137K(21248K)], 0.0063600 secs] [Times: user=0.01 sys=0.00, real=0.01 secs] 
270.904: Total time for which application threads were stopped: 0.0764960 seconds, Stopping threads took: 0.0700420 seconds
270.905: Application time: 0.0005530 seconds
270.939: [GC270.939: [DefNew: 3825K->391K(4288K), 0.0008460 secs] 8099K->7400K(13888K), 0.0008680 secs] [Times: user=0.00 sys=0.00, real=0.00 secs] 
270.940: Total time for which application threads were stopped: 0.0351870 seconds, Stopping threads took: 0.0342520 seconds
270.940: Application time: 0.0004180 seconds
271.015: [GC271.015: [DefNew: 4113K->4113K(4288K), 0.0000060 secs]271.016: [Tenured: 7008K->6421K(9600K), 0.0066510 secs] 11121K->6421K(13888K), [Perm : 5137K->5137K(21248K)], 0.0066920 secs] [Times: user=0.00 sys=0.00, real=0.00 secs] 
271.022: Total time for which application threads were stopped: 0.0817100 seconds, Stopping threads took: 0.0749420 seconds
271.023: Application time: 0.0010080 seconds
271.093: [GC271.093: [DefNew: 3825K->3825K(4288K), 0.0000090 secs]271.093: [Tenured: 6421K->3785K(9600K), 0.0061180 secs] 10247K->3785K(13888K), [Perm : 5137K->5137K(21248K)], 0.0061770 secs] [Times: user=0.01 sys=0.00, real=0.00 secs] 
271.100: Total time for which application threads were stopped: 0.0763890 seconds, Stopping threads took: 0.0701300 seconds
271.100: Application time: 0.0006400 seconds
271.134: [GC271.134: [DefNew: 3825K->391K(4288K), 0.0009770 secs] 7611K->7497K(13888K), 0.0010050 secs] [Times: user=0.00 sys=0.00, real=0.00 secs] 
271.135: Total time for which application threads were stopped: 0.0345360 seconds, Stopping threads took: 0.0334780 seconds
271.135: Application time: 0.0006760 seconds
271.171: [GC271.171: [DefNew: 4214K->4214K(4288K), 0.0000060 secs]271.171: [Tenured: 7105K->5640K(9600K), 0.0061790 secs] 11320K->5640K(13888K), [Perm : 5137K->5137K(21248K)], 0.0062220 secs] [Times: user=0.01 sys=0.00, real=0.01 secs] 
271.177: Total time for which application threads were stopped: 0.0417240 seconds, Stopping threads took: 0.0354270 seconds
271.178: Application time: 0.0009460 seconds
271.248: [GC271.248: [DefNew: 3825K->391K(4288K), 0.0008820 secs] 9466K->8375K(13888K), 0.0009120 secs] [Times: user=0.00 sys=0.00, real=0.00 secs] 
271.249: Total time for which application threads were stopped: 0.0708860 seconds, Stopping threads took: 0.0698990 seconds
271.250: Application time: 0.0005900 seconds
271.302: [GC271.302: [DefNew: 4099K->4099K(4288K), 0.0000070 secs]271.302: [Tenured: 7984K->4497K(9600K), 0.0058430 secs] 12084K->4497K(13888K), [Perm : 5137K->5137K(21248K)], 0.0058930 secs] [Times: user=0.00 sys=0.00, real=0.01 secs] 
271.308: Total time for which application threads were stopped: 0.0578960 seconds, Stopping threads took: 0.0519240 seconds
271.308: Application time: 0.0004540 seconds
271.373: [GC271.373: [DefNew: 3532K->391K(4288K), 0.0007090 secs] 8029K->6842K(13888K), 0.0007350 secs] [Times: user=0.00 sys=0.00, real=0.00 secs] 
271.374: Total time for which application threads were stopped: 0.0659080 seconds, Stopping threads took: 0.0651020 seconds
271.374: Application time: 0.0003560 seconds
271.409: [GC271.409: [DefNew: 4211K->4211K(4288K), 0.0000050 secs]271.409: [Tenured: 6450K->6450K(9600K), 0.0062530 secs] 10661K->6450K(13888K), [Perm : 5137K->5137K(21248K)], 0.0062990 secs] [Times: user=0.00 sys=0.00, real=0.01 secs] 
271.416: Total time for which application threads were stopped: 0.0414010 seconds, Stopping threads took: 0.0350200 seconds
271.488: Application time: 0.0720130 seconds
271.489: [GC271.489: [DefNew: 3727K->3727K(4288K), 0.0000090 secs]271.489: [Tenured: 6450K->1567K(9600K), 0.0058510 secs] 10178K->1567K(13888K), [Perm : 5137K->5137K(21248K)], 0.0059020 secs] [Times: user=0.00 sys=0.00, real=0.01 secs] 
271.495: Total time for which application threads were stopped: 0.0069660 seconds, Stopping threads took: 0.0009850 seconds
271.495: Application time: 0.0006800 seconds
271.496: [GC271.496: [DefNew: 3804K->420K(4288K), 0.0008850 secs] 5372K->5308K(13888K), 0.0009040 secs] [Times: user=0.00 sys=0.00, real=0.00 secs] 
271.497: Total time for which application threads were stopped: 0.0012900 seconds, Stopping threads took: 0.0003200 seconds
271.497: Application time: 0.0006290 seconds
271.562: [GC271.562: [DefNew: 4245K->391K(4288K), 0.0007810 secs] 9133K->7554K(13888K), 0.0008040 secs] [Times: user=0.00 sys=0.00, real=0.00 secs] 
271.563: Total time for which application threads were stopped: 0.0654330 seconds, Stopping threads took: 0.0645620 seconds
271.563: Application time: 0.0005490 seconds
271.620: [GC271.620: [DefNew: 4021K->4021K(4288K), 0.0000070 secs]271.620: [Tenured: 7163K->4078K(9600K), 0.0055340 secs] 11184K->4078K(13888K), [Perm : 5137K->5137K(21248K)], 0.0055820 secs] [Times: user=0.00 sys=0.00, real=0.01 secs] 
271.626: Total time for which application threads were stopped: 0.0628300 seconds, Stopping threads took: 0.0571810 seconds
271.626: Application time: 0.0004480 seconds
271.669: [GC271.669: [DefNew: 3825K->391K(4288K), 0.0007990 secs] 7903K->7009K(13888K), 0.0008200 secs] [Times: user=0.00 sys=0.00, real=0.00 secs] 
271.670: Total time for which application threads were stopped: 0.0435000 seconds, Stopping threads took: 0.0426040 seconds
271.671: Application time: 0.0006160 seconds
271.703: [GC271.703: [DefNew: 4209K->4209K(4288K), 0.0000070 secs]271.703: [Tenured: 6617K->7399K(9600K), 0.0069090 secs] 10826K->7399K(13888K), [Perm : 5137K->5137K(21248K)], 0.0069520 secs] [Times: user=0.01 sys=0.00, real=0.01 secs] 
271.710: Total time for which application threads were stopped: 0.0397700 seconds, Stopping threads took: 0.0327610 seconds
271.783: Application time: 0.0728650 seconds
271.787: [GC271.788: [DefNew: 3727K->3727K(4288K), 0.0000090 secs]271.788: [Tenured: 7399K->2516K(9600K), 0.0052800 secs] 11126K->2516K(13888K), [Perm : 5137K->5137K(21248K)], 0.0053340 secs] [Times: user=0.01 sys=0.00, real=0.01 secs] 
271.793: Total time for which application threads were stopped: 0.0096050 seconds, Stopping threads took: 0.0041890 seconds
271.793: Application time: 0.0005670 seconds
271.826: [GC271.826: [DefNew: 3706K->420K(4288K), 0.0007940 secs] 6222K->5866K(13888K), 0.0008140 secs] [Times: user=0.00 sys=0.00, real=0.00 secs] 
271.827: Total time for which application threads were stopped: 0.0336690 seconds, Stopping threads took: 0.0327910 seconds
271.828: Application time: 0.0005830 seconds
271.898: [GC271.898: [DefNew: 4147K->391K(4288K), 0.0009120 secs] 9593K->8014K(13888K), 0.0009440 secs] [Times: user=0.00 sys=0.00, real=0.00 secs] 
271.899: Total time for which application threads were stopped: 0.0709550 seconds, Stopping threads took: 0.0699310 seconds
271.899: Application time: 0.0004150 seconds
271.948: [GC271.948: [DefNew: 3923K->3923K(4288K), 0.0000080 secs]271.948: [Tenured: 7623K->3716K(9600K), 0.0056480 secs] 11547K->3716K(13888K), [Perm : 5137K->5137K(21248K)], 0.0056970 secs] [Times: user=0.01 sys=0.00, real=0.01 secs] 
271.954: Total time for which application threads were stopped: 0.0550300 seconds, Stopping threads took: 0.0492470 seconds
271.955: Application time: 0.0004280 seconds
271.955: [GC271.955: [DefNew: 3819K->294K(4288K), 0.0008710 secs] 7536K->7526K(13888K), 0.0008900 secs] [Times: user=0.00 sys=0.00, real=0.00 secs] 
271.956: Total time for which application threads were stopped: 0.0015220 seconds, Stopping threads took: 0.0005710 seconds
272.028: Application time: 0.0716240 seconds
272.031: [GC272.031: [DefNew: 4021K->4021K(4288K), 0.0000090 secs]272.031: [Tenured: 7232K->2613K(9600K), 0.0054140 secs] 11254K->2613K(13888K), [Perm : 5137K->5137K(21248K)], 0.0054690 secs] [Times: user=0.01 sys=0.00, real=0.01 secs] 
272.036: Total time for which application threads were stopped: 0.0084620 seconds, Stopping threads took: 0.0029120 seconds
272.037: Application time: 0.0005240 seconds
272.086: [GC272.086: [DefNew: 3727K->391K(4288K), 0.0008790 secs] 6341K->6326K(13888K), 0.0008990 secs] [Times: user=0.00 sys=0.00, real=0.00 secs] 
272.087: Total time for which application threads were stopped: 0.0501760 seconds, Stopping threads took: 0.0492140 seconds
272.088: Application time: 0.0009980 seconds
272.150: [GC272.150: [DefNew: 4212K->4212K(4288K), 0.0000070 secs]272.150: [Tenured: 5934K->4762K(9600K), 0.0059900 secs] 10147K->4762K(13888K), [Perm : 5137K->5137K(21248K)], 0.0060360 secs] [Times: user=0.00 sys=0.00, real=0.01 secs] 
272.156: Total time for which application threads were stopped: 0.0685750 seconds, Stopping threads took: 0.0624610 seconds
272.157: Application time: 0.0006550 seconds
272.227: [GC272.227: [DefNew: 3708K->420K(4288K), 0.0008380 secs] 8470K->7526K(13888K), 0.0008650 secs] [Times: user=0.00 sys=0.00, real=0.00 secs] 
272.228: Total time for which application threads were stopped: 0.0708240 seconds, Stopping threads took: 0.0698860 seconds
272.228: Application time: 0.0004920 seconds
272.268: [GC272.268: [DefNew: 4226K->4226K(4288K), 0.0000070 secs]272.268: [Tenured: 7106K->4623K(9600K), 0.0058130 secs] 11332K->4623K(13888K), [Perm : 5137K->5137K(21248K)], 0.0058590 secs] [Times: user=0.01 sys=0.00, real=0.01 secs] 
272.274: Total time for which application threads were stopped: 0.0453000 seconds, Stopping threads took: 0.0393610 seconds
272.274: Application time: 0.0005450 seconds
272.317: [GC272.317: [DefNew: 3823K->391K(4288K), 0.0009710 secs] 8447K->8140K(13888K), 0.0010050 secs] [Times: user=0.00 sys=0.00, real=0.00 secs] 
272.318: Total time for which application threads were stopped: 0.0438430 seconds, Stopping threads took: 0.0427870 seconds
272.389: Application time: 0.0712250 seconds
272.393: [GC272.393: [DefNew: 4118K->4118K(4288K), 0.0000080 secs]272.393: [Tenured: 7749K->1401K(9600K), 0.0050050 secs] 11867K->1401K(13888K), [Perm : 5137K->5137K(21248K)], 0.0050570 secs] [Times: user=0.01 sys=0.00, real=0.00 secs] 
272.399: Total time for which application threads were stopped: 0.0092320 seconds, Stopping threads took: 0.0040960 seconds
272.399: Application time: 0.0006550 seconds
272.400: [GC272.400: [DefNew: 3727K->392K(4288K), 0.0008710 secs] 5129K->5113K(13888K), 0.0008910 secs] [Times: user=0.00 sys=0.00, real=0.00 secs] 
272.400: Total time for which application threads were stopped: 0.0012150 seconds, Stopping threads took: 0.0002730 seconds
272.401: Application time: 0.0006880 seconds
272.466: [GC272.466: [DefNew: 4117K->391K(4288K), 0.0006400 secs] 8839K->6871K(13888K), 0.0006620 secs] [Times: user=0.00 sys=0.00, real=0.00 secs] 
272.466: Total time for which application threads were stopped: 0.0652480 seconds, Stopping threads took: 0.0645160 seconds
272.467: Application time: 0.0003580 seconds
272.530: [GC272.530: [DefNew: 3923K->3923K(4288K), 0.0000070 secs]272.530: [Tenured: 6480K->3688K(9600K), 0.0060830 secs] 10403K->3688K(13888K), [Perm : 5137K->5137K(21248K)], 0.0061310 secs] [Times: user=0.00 sys=0.00, real=0.01 secs] 
272.536: Total time for which application threads were stopped: 0.0696180 seconds, Stopping threads took: 0.0633950 seconds
272.537: Application time: 0.0004740 seconds
272.537: [GC272.537: [DefNew: 3721K->391K(4288K), 0.0008660 secs] 7410K->7400K(13888K), 0.0008840 secs] [Times: user=0.00 sys=0.00, real=0.00 secs] 
272.538: Total time for which application threads were stopped: 0.0013360 seconds, Stopping threads took: 0.0003890 seconds
272.611: Application time: 0.0727320 seconds
272.612: [GC272.612: [DefNew: 4172K->4172K(4288K), 0.0000100 secs]272.612: [Tenured: 7008K->2521K(9600K), 0.0060100 secs] 11181K->2521K(13888K), [Perm : 5137K->5137K(21248K)], 0.0060610 secs] [Times: user=0.01 sys=0.00, real=0.01 secs] 
272.618: Total time for which application threads were stopped: 0.0071250 seconds, Stopping threads took: 0.0009800 seconds
272.619: Application time: 0.0005890 seconds
272.652: [GC272.652: [DefNew: 3654K->416K(4288K), 0.0008870 secs] 6175K->6062K(13888K), 0.0009090 secs] [Times: user=0.00 sys=0.00, real=0.01 secs] 
272.653: Total time for which application threads were stopped: 0.0342300 seconds, Stopping threads took: 0.0332500 seconds
272.654: Application time: 0.0008360 seconds
272.689: [GC272.689: [DefNew: 4217K->4217K(4288K), 0.0000070 secs]272.689: [Tenured: 5646K->5601K(9600K), 0.0064940 secs] 9864K->5601K(13888K), [Perm : 5137K->5137K(21248K)], 0.0065380 secs] [Times: user=0.00 sys=0.00, real=0.01 secs] 
272.696: Total time for which application threads were stopped: 0.0421840 seconds, Stopping threads took: 0.0355690 seconds
272.697: Application time: 0.0010320 seconds
272.767: [GC272.767: [DefNew: 3806K->420K(4288K), 0.0008430 secs] 9407K->8170K(13888K), 0.0008710 secs] [Times: user=0.01 sys=0.00, real=0.00 secs] 
272.768: Total time for which application threads were stopped: 0.0707980 seconds, Stopping threads took: 0.0698540 seconds
272.768: Application time: 0.0004760 seconds
272.802: [GC272.802: [DefNew: 4245K->4245K(4288K), 0.0000080 secs]272.802: [Tenured: 7750K->5630K(9600K), 0.0062500 secs] 11995K->5630K(13888K), [Perm : 5137K->5137K(21248K)], 0.0063010 secs] [Times: user=0.01 sys=0.00, real=0.01 secs] 
272.808: Total time for which application threads were stopped: 0.0398870 seconds, Stopping threads took: 0.0335080 seconds
272.809: Application time: 0.0008360 seconds
272.879: [GC272.879: [DefNew: 3825K->391K(4288K), 0.0006340 secs] 9455K->7193K(13888K), 0.0006750 secs] [Times: user=0.00 sys=0.00, real=0.00 secs] 
272.880: Total time for which application threads were stopped: 0.0710250 seconds, Stopping threads took: 0.0702700 seconds
272.880: Application time: 0.0003660 seconds
272.914: [GC272.914: [DefNew: 4119K->4119K(4288K), 0.0000070 secs]272.914: [Tenured: 6802K->4469K(9600K), 0.0064050 secs] 10921K->4469K(13888K), [Perm : 5137K->5137K(21248K)], 0.0064530 secs] [Times: user=0.01 sys=0.00, real=0.00 secs] 
272.920: Total time for which application threads were stopped: 0.0399210 seconds, Stopping threads took: 0.0333900 seconds
272.921: Application time: 0.0004340 seconds
272.969: [GC272.969: [DefNew: 3627K->391K(4288K), 0.0008140 secs] 8097K->7498K(13888K), 0.0008360 secs] [Times: user=0.00 sys=0.00, real=0.00 secs] 
272.970: Total time for which application threads were stopped: 0.0494270 seconds, Stopping threads took: 0.0485130 seconds
272.971: Application time: 0.0007770 seconds
273.041: [GC273.041: [DefNew: 4216K->4216K(4288K), 0.0000080 secs]273.041: [Tenured: 7106K->3688K(9600K), 0.0055260 secs] 11323K->3688K(13888K), [Perm : 5137K->5137K(21248K)], 0.0055760 secs] [Times: user=0.01 sys=0.00, real=0.01 secs] 
273.047: Total time for which application threads were stopped: 0.0756720 seconds, Stopping threads took: 0.0700370 seconds
273.047: Application time: 0.0005300 seconds
273.095: [GC273.095: [DefNew: 3727K->391K(4288K), 0.0008870 secs] 7416K->7205K(13888K), 0.0009080 secs] [Times: user=0.00 sys=0.00, real=0.00 secs] 
273.096: Total time for which application threads were stopped: 0.0490790 seconds, Stopping threads took: 0.0481050 seconds
273.097: Application time: 0.0005170 seconds
273.130: [GC273.130: [DefNew: 4213K->4213K(4288K), 0.0000070 secs]273.130: [Tenured: 6813K->5445K(9600K), 0.0066090 secs] 11026K->5445K(13888K), [Perm : 5137K->5137K(21248K)], 0.0066520 secs] [Times: user=0.01 sys=0.00, real=0.01 secs] 
273.137: Total time for which application threads were stopped: 0.0398820 seconds, Stopping threads took: 0.0331550 seconds
273.138: Application time: 0.0010430 seconds
273.206: [GC273.206: [DefNew: 3806K->420K(4288K), 0.0008040 secs] 9251K->7916K(13888K), 0.0008310 secs] [Times: user=0.00 sys=0.00, real=0.00 secs] 
273.207: Total time for which application threads were stopped: 0.0692920 seconds, Stopping threads took: 0.0683860 seconds
273.207: Application time: 0.0003840 seconds
273.246: [GC273.246: [DefNew: 4048K->4048K(4288K), 0.0000060 secs]273.246: [Tenured: 7496K->5279K(9600K), 0.0059250 secs] 11545K->5279K(13888K), [Perm : 5137K->5137K(21248K)], 0.0059730 secs] [Times: user=0.01 sys=0.00, real=0.00 secs] 
273.252: Total time for which application threads were stopped: 0.0446560 seconds, Stopping threads took: 0.0386050 seconds
273.253: Application time: 0.0007030 seconds
273.300: [GC273.300: [DefNew: 3823K->391K(4288K), 0.0006500 secs] 9102K->7428K(13888K), 0.0006740 secs] [Times: user=0.00 sys=0.00, real=0.00 secs] 
273.301: Total time for which application threads were stopped: 0.0479150 seconds, Stopping threads took: 0.0471740 seconds
273.302: Application time: 0.0009940 seconds
273.372: [GC273.372: [DefNew: 4216K->4216K(4288K), 0.0000080 secs]273.372: [Tenured: 7037K->3199K(9600K), 0.0055140 secs] 11254K->3199K(13888K), [Perm : 5137K->5137K(21248K)], 0.0055630 secs] [Times: user=0.00 sys=0.00, real=0.01 secs] 
273.377: Total time for which application threads were stopped: 0.0757130 seconds, Stopping threads took: 0.0700820 seconds
273.378: Application time: 0.0005840 seconds
273.412: [GC273.412: [DefNew: 3825K->392K(4288K), 0.0009090 secs] 7025K->6717K(13888K), 0.0009390 secs] [Times: user=0.00 sys=0.00, real=0.01 secs] 
273.413: Total time for which application threads were stopped: 0.0353940 seconds, Stopping threads took: 0.0344050 seconds
273.414: Application time: 0.0005850 seconds
273.461: [GC273.461: [DefNew: 4211K->4211K(4288K), 0.0000060 secs]273.461: [Tenured: 6325K->6520K(9600K), 0.0064270 secs] 10536K->6520K(13888K), [Perm : 5137K->5137K(21248K)], 0.0064690 secs] [Times: user=0.01 sys=0.00, real=0.01 secs] 
273.467: Total time for which application threads were stopped: 0.0533070 seconds, Stopping threads took: 0.0467540 seconds
273.539: Application time: 0.0716210 seconds
273.541: [GC273.541: [DefNew: 3708K->3708K(4288K), 0.0000100 secs]273.541: [Tenured: 6520K->1568K(9600K), 0.0058020 secs] 10228K->1568K(13888K), [Perm : 5137K->5137K(21248K)], 0.0058560 secs] [Times: user=0.01 sys=0.00, real=0.01 secs] 
273.547: Total time for which application threads were stopped: 0.0077970 seconds, Stopping threads took: 0.0018540 seconds
273.547: Application time: 0.0006050 seconds
273.548: [GC273.548: [DefNew: 3727K->392K(4288K), 0.0008870 secs] 5296K->5281K(13888K), 0.0009050 secs] [Times: user=0.00 sys=0.00, real=0.00 secs] 
273.548: Total time for which application threads were stopped: 0.0012580 seconds, Stopping threads took: 0.0002920 seconds
273.549: Application time: 0.0007860 seconds
273.614: [GC273.614: [DefNew: 4213K->391K(4288K), 0.0007510 secs] 9102K->7624K(13888K), 0.0007710 secs] [Times: user=0.00 sys=0.00, real=0.00 secs] 
273.614: Total time for which application threads were stopped: 0.0651940 seconds, Stopping threads took: 0.0643810 seconds
273.615: Application time: 0.0009370 seconds
273.685: [GC273.685: [DefNew: 4216K->4216K(4288K), 0.0000080 secs]273.685: [Tenured: 7233K->4303K(9600K), 0.0059170 secs] 11450K->4303K(13888K), [Perm : 5137K->5137K(21248K)], 0.0059690 secs] [Times: user=0.01 sys=0.00, real=0.00 secs] 
273.691: Total time for which application threads were stopped: 0.0759270 seconds, Stopping threads took: 0.0698780 seconds
273.692: Application time: 0.0005290 seconds
273.725: [GC273.725: [DefNew: 3825K->391K(4288K), 0.0009720 secs] 8129K->7820K(13888K), 0.0009950 secs] [Times: user=0.00 sys=0.00, real=0.00 secs] 
273.726: Total time for which application threads were stopped: 0.0342590 seconds, Stopping threads took: 0.0331910 seconds
273.726: Application time: 0.0003940 seconds
273.791: [GC273.791: [DefNew: 4119K->4119K(4288K), 0.0000070 secs]273.791: [Tenured: 7428K->4274K(9600K), 0.0057300 secs] 11547K->4274K(13888K), [Perm : 5137K->5137K(21248K)], 0.0057780 secs] [Times: user=0.00 sys=0.00, real=0.01 secs] 
273.797: Total time for which application threads were stopped: 0.0707380 seconds, Stopping threads took: 0.0648800 seconds
273.798: Application time: 0.0006380 seconds
273.831: [GC273.831: [DefNew: 3702K->419K(4288K), 0.0008950 secs] 7976K->7819K(13888K), 0.0009150 secs] [Times: user=0.00 sys=0.00, real=0.00 secs] 
273.831: Total time for which application threads were stopped: 0.0336290 seconds, Stopping threads took: 0.0326490 seconds
273.904: Application time: 0.0722200 seconds
273.906: [GC273.906: [DefNew: 4147K->4147K(4288K), 0.0000110 secs]273.906: [Tenured: 7399K->2350K(9600K), 0.0059270 secs] 11547K->2350K(13888K), [Perm : 5137K->5137K(21248K)], 0.0059810 secs] [Times: user=0.00 sys=0.00, real=0.00 secs] 
273.912: Total time for which application threads were stopped: 0.0084910 seconds, Stopping threads took: 0.0024270 seconds
273.913: Application time: 0.0006450 seconds
273.913: [GC273.913: [DefNew: 3725K->392K(4288K), 0.0008670 secs] 6076K->6063K(13888K), 0.0008840 secs] [Times: user=0.00 sys=0.00, real=0.00 secs] 
273.914: Total time for which application threads were stopped: 0.0010560 seconds, Stopping threads took: 0.0001110 seconds
273.915: Application time: 0.0009960 seconds
273.985: [GC273.985: [DefNew: 4117K->4117K(4288K), 0.0000070 secs]273.985: [Tenured: 5671K->5475K(9600K), 0.0058220 secs] 9788K->5475K(13888K), [Perm : 5137K->5137K(21248K)], 0.0058690 secs] [Times: user=0.00 sys=0.00, real=0.00 secs] 
273.991: Total time for which application threads were stopped: 0.0756970 seconds, Stopping threads took: 0.0697510 seconds
273.991: Application time: 0.0008230 seconds
274.061: [GC274.061: [DefNew: 3806K->419K(4288K), 0.0010020 secs] 9281K->8630K(13888K), 0.0010310 secs] [Times: user=0.00 sys=0.00, real=0.00 secs] 
274.062: Total time for which application threads were stopped: 0.0703950 seconds, Stopping threads took: 0.0692910 seconds
274.062: Application time: 0.0004140 seconds
274.126: [GC274.126: [DefNew: 3952K->3952K(4288K), 0.0000070 secs]274.126: [Tenured: 8210K->4137K(9600K), 0.0063290 secs] 12162K->4137K(13888K), [Perm : 5137K->5137K(21248K)], 0.0063810 secs] [Times: user=0.01 sys=0.00, real=0.01 secs] 
274.132: Total time for which application threads were stopped: 0.0701660 seconds, Stopping threads took: 0.0637110 seconds
274.133: Application time: 0.0005220 seconds
274.133: [GC274.133: [DefNew: 3723K->391K(4288K), 0.0008230 secs] 7861K->7849K(13888K), 0.0008470 secs] [Times: user=0.00 sys=0.00, real=0.00 secs] 
274.134: Total time for which application threads were stopped: 0.0012730 seconds, Stopping threads took: 0.0003580 seconds
274.206: Application time: 0.0716840 seconds
274.209: [GC274.209: [DefNew: 4216K->4216K(4288K), 0.0000090 secs]274.209: [Tenured: 7458K->2614K(9600K), 0.0054280 secs] 11674K->2614K(13888K), [Perm : 5137K->5137K(21248K)], 0.0054850 secs] [Times: user=0.01 sys=0.00, real=0.01 secs] 
274.215: Total time for which application threads were stopped: 0.0087600 seconds, Stopping threads took: 0.0031930 seconds
274.215: Application time: 0.0005510 seconds
274.249: [GC274.249: [DefNew: 3775K->391K(4288K), 0.0009210 secs] 6390K->6326K(13888K), 0.0009430 secs] [Times: user=0.01 sys=0.00, real=0.00 secs] 
274.250: Total time for which application threads were stopped: 0.0343300 seconds, Stopping threads took: 0.0333190 seconds
274.250: Application time: 0.0006790 seconds
274.314: [GC274.314: [DefNew: 4141K->4141K(4288K), 0.0000060 secs]274.314: [Tenured: 5934K->5768K(9600K), 0.0056010 secs] 10076K->5768K(13888K), [Perm : 5137K->5137K(21248K)], 0.0056480 secs] [Times: user=0.01 sys=0.00, real=0.00 secs] 
274.320: Total time for which application threads were stopped: 0.0698400 seconds, Stopping threads took: 0.0641140 seconds
274.321: Application time: 0.0008620 seconds
274.391: [GC274.391: [DefNew: 3825K->391K(4288K), 0.0009580 secs] 9593K->8601K(13888K), 0.0009890 secs] [Times: user=0.00 sys=0.00, real=0.01 secs] 
274.392: Total time for which application threads were stopped: 0.0714780 seconds, Stopping threads took: 0.0704120 seconds
274.393: Application time: 0.0004360 seconds
274.455: [GC274.455: [DefNew: 3923K->3923K(4288K), 0.0000060 secs]274.455: [Tenured: 8209K->4498K(9600K), 0.0062750 secs] 12133K->4498K(13888K), [Perm : 5137K->5137K(21248K)], 0.0063200 secs] [Times: user=0.01 sys=0.00, real=0.00 secs] 
274.462: Total time for which application threads were stopped: 0.0687750 seconds, Stopping threads took: 0.0623770 seconds
274.462: Application time: 0.0005210 seconds
274.496: [GC274.496: [DefNew: 3803K->419K(4288K), 0.0008590 secs] 8302K->7652K(13888K), 0.0008840 secs] [Times: user=0.00 sys=0.00, real=0.00 secs] 
274.497: Total time for which application threads were stopped: 0.0345670 seconds, Stopping threads took: 0.0336120 seconds
274.498: Application time: 0.0008800 seconds
274.568: [GC274.568: [DefNew: 4245K->4245K(4288K), 0.0000090 secs]274.568: [Tenured: 7232K->3452K(9600K), 0.0055950 secs] 11478K->3452K(13888K), [Perm : 5137K->5137K(21248K)], 0.0056450 secs] [Times: user=0.01 sys=0.00, real=0.01 secs] 
274.573: Total time for which application threads were stopped: 0.0757430 seconds, Stopping threads took: 0.0700290 seconds
274.574: Application time: 0.0005900 seconds
274.607: [GC274.607: [DefNew: 3630K->391K(4288K), 0.0009230 secs] 7082K->6969K(13888K), 0.0009500 secs] [Times: user=0.00 sys=0.00, real=0.00 secs] 
274.608: Total time for which application threads were stopped: 0.0339160 seconds, Stopping threads took: 0.0328960 seconds
274.608: Application time: 0.0005010 seconds
274.659: [GC274.659: [DefNew: 4212K->4212K(4288K), 0.0000060 secs]274.659: [Tenured: 6577K->5446K(9600K), 0.0059570 secs] 10790K->5446K(13888K), [Perm : 5137K->5137K(21248K)], 0.0060010 secs] [Times: user=0.01 sys=0.00, real=0.01 secs] 
274.665: Total time for which application threads were stopped: 0.0566820 seconds, Stopping threads took: 0.0506050 seconds
274.666: Application time: 0.0008960 seconds
274.736: [GC274.736: [DefNew: 3825K->391K(4288K), 0.0008420 secs] 9271K->7986K(13888K), 0.0008740 secs] [Times: user=0.00 sys=0.00, real=0.00 secs] 
274.737: Total time for which application threads were stopped: 0.0707920 seconds, Stopping threads took: 0.0698420 seconds
274.737: Application time: 0.0004600 seconds
274.802: [GC274.802: [DefNew: 3904K->3904K(4288K), 0.0000060 secs]274.802: [Tenured: 7594K->4107K(9600K), 0.0063330 secs] 11499K->4107K(13888K), [Perm : 5137K->5137K(21248K)], 0.0063740 secs] [Times: user=0.00 sys=0.00, real=0.01 secs] 
274.808: Total time for which application threads were stopped: 0.0710570 seconds, Stopping threads took: 0.0646110 seconds
274.809: Application time: 0.0004570 seconds
274.858: [GC274.858: [DefNew: 3532K->391K(4288K), 0.0009280 secs] 7640K->7038K(13888K), 0.0009570 secs] [Times: user=0.00 sys=0.00, real=0.00 secs] 
274.859: Total time for which application threads were stopped: 0.0501310 seconds, Stopping threads took: 0.0491000 seconds
274.860: Application time: 0.0011100 seconds
274.930: [GC274.930: [DefNew: 4095K->4095K(4288K), 0.0000080 secs]274.930: [Tenured: 6646K->3745K(9600K), 0.0062890 secs] 10742K->3745K(13888K), [Perm : 5137K->5137K(21248K)], 0.0063350 secs] [Times: user=0.01 sys=0.00, real=0.01 secs] 
274.936: Total time for which application threads were stopped: 0.0761160 seconds, Stopping threads took: 0.0697020 seconds
274.937: Application time: 0.0004900 seconds
274.999: [GC274.999: [DefNew: 3630K->392K(4288K), 0.0007360 secs] 7375K->6481K(13888K), 0.0007610 secs] [Times: user=0.00 sys=0.00, real=0.00 secs] 
275.000: Total time for which application threads were stopped: 0.0634640 seconds, Stopping threads took: 0.0626460 seconds
275.000: Application time: 0.0004390 seconds
275.001: [GC275.001: [DefNew: 4211K->4211K(4288K), 0.0000070 secs]275.001: [Tenured: 6089K->7944K(9600K), 0.0069510 secs] 10300K->7944K(13888K), [Perm : 5137K->5137K(21248K)], 0.0069950 secs] [Times: user=0.01 sys=0.00, real=0.01 secs] 
275.008: Total time for which application threads were stopped: 0.0075240 seconds, Stopping threads took: 0.0004520 seconds
275.080: Application time: 0.0716210 seconds
275.082: [GC275.082: [DefNew: 3825K->3825K(4288K), 0.0000090 secs]275.082: [Tenured: 7944K->3103K(9600K), 0.0055040 secs] 11769K->3103K(13888K), [Perm : 5137K->5137K(21248K)], 0.0055610 secs] [Times: user=0.01 sys=0.00, real=0.01 secs] 
275.087: Total time for which application threads were stopped: 0.0075500 seconds, Stopping threads took: 0.0019150 seconds
275.088: Application time: 0.0005170 seconds
275.121: [GC275.121: [DefNew: 3725K->391K(4288K), 0.0008090 secs] 6828K->6522K(13888K), 0.0008270 secs] [Times: user=0.00 sys=0.00, real=0.00 secs] 
275.122: Total time for which application threads were stopped: 0.0344220 seconds, Stopping threads took: 0.0335320 seconds
275.123: Application time: 0.0011660 seconds
275.193: [GC275.193: [DefNew: 4214K->4214K(4288K), 0.0000070 secs]275.193: [Tenured: 6130K->4177K(9600K), 0.0057160 secs] 10345K->4177K(13888K), [Perm : 5137K->5137K(21248K)], 0.0057650 secs] [Times: user=0.01 sys=0.00, real=0.00 secs] 
275.198: Total time for which application threads were stopped: 0.0751260 seconds, Stopping threads took: 0.0692820 seconds
275.199: Application time: 0.0006900 seconds
275.262: [GC275.262: [DefNew: 3806K->420K(4288K), 0.0009480 secs] 7983K->7527K(13888K), 0.0009730 secs] [Times: user=0.00 sys=0.00, real=0.00 secs] 
275.263: Total time for which application threads were stopped: 0.0640870 seconds, Stopping threads took: 0.0630410 seconds
275.264: Application time: 0.0004230 seconds
275.329: [GC275.329: [DefNew: 4147K->4147K(4288K), 0.0000070 secs]275.329: [Tenured: 7107K->4108K(9600K), 0.0054230 secs] 11255K->4108K(13888K), [Perm : 5137K->5137K(21248K)], 0.0054710 secs] [Times: user=0.00 sys=0.00, real=0.01 secs] 
275.335: Total time for which application threads were stopped: 0.0710870 seconds, Stopping threads took: 0.0655370 seconds
275.335: Application time: 0.0004640 seconds
275.368: [GC275.368: [DefNew: 3819K->391K(4288K), 0.0009270 secs] 7927K->7624K(13888K), 0.0009500 secs] [Times: user=0.00 sys=0.00, real=0.00 secs] 
275.369: Total time for which application threads were stopped: 0.0339960 seconds, Stopping threads took: 0.0329690 seconds
275.442: Application time: 0.0725290 seconds
275.443: [GC275.443: [DefNew: 4196K->4196K(4288K), 0.0000090 secs]275.443: [Tenured: 7233K->1988K(9600K), 0.0059920 secs] 11430K->1988K(13888K), [Perm : 5137K->5137K(21248K)], 0.0060450 secs] [Times: user=0.01 sys=0.00, real=0.01 secs] 
275.449: Total time for which application threads were stopped: 0.0069150 seconds, Stopping threads took: 0.0007900 seconds
275.449: Application time: 0.0006370 seconds
275.450: [GC275.450: [DefNew: 3528K->391K(4288K), 0.0008200 secs] 5516K->5505K(13888K), 0.0008370 secs] [Times: user=0.00 sys=0.00, real=0.00 secs] 
275.450: Total time for which application threads were stopped: 0.0012350 seconds, Stopping threads took: 0.0003370 seconds
275.451: Application time: 0.0009350 seconds
275.519: [GC275.519: [DefNew: 4212K->293K(4288K), 0.0005850 secs] 9326K->7165K(13888K), 0.0006070 secs] [Times: user=0.00 sys=0.00, real=0.00 secs] 
275.519: Total time for which application threads were stopped: 0.0680580 seconds, Stopping threads took: 0.0673950 seconds
275.520: Application time: 0.0007210 seconds
275.585: [GC275.585: [DefNew: 4118K->4118K(4288K), 0.0000080 secs]275.585: [Tenured: 6871K->4469K(9600K), 0.0064680 secs] 10990K->4469K(13888K), [Perm : 5137K->5137K(21248K)], 0.0065130 secs] [Times: user=0.01 sys=0.00, real=0.00 secs] 
275.591: Total time for which application threads were stopped: 0.0711960 seconds, Stopping threads took: 0.0645980 seconds
275.592: Application time: 0.0004500 seconds
275.643: [GC275.643: [DefNew: 3532K->391K(4288K), 0.0007170 secs] 8002K->6815K(13888K), 0.0007430 secs] [Times: user=0.00 sys=0.00, real=0.00 secs] 
275.644: Total time for which application threads were stopped: 0.0518820 seconds, Stopping threads took: 0.0510670 seconds
275.644: Application time: 0.0003950 seconds
275.678: [GC275.678: [DefNew: 4211K->4211K(4288K), 0.0000060 secs]275.678: [Tenured: 6423K->6423K(9600K), 0.0054070 secs] 10634K->6423K(13888K), [Perm : 5137K->5137K(21248K)], 0.0054540 secs] [Times: user=0.01 sys=0.01, real=0.00 secs] 
275.684: Total time for which application threads were stopped: 0.0394880 seconds, Stopping threads took: 0.0339770 seconds
275.756: Application time: 0.0721680 seconds
275.757: [GC275.757: [DefNew: 3727K->3727K(4288K), 0.0000090 secs]275.757: [Tenured: 6423K->1540K(9600K), 0.0058350 secs] 10150K->1540K(13888K), [Perm : 5137K->5137K(21248K)], 0.0058840 secs] [Times: user=0.00 sys=0.00, real=0.00 secs] 
275.763: Total time for which application threads were stopped: 0.0072290 seconds, Stopping threads took: 0.0012650 seconds
275.764: Application time: 0.0005650 seconds
275.764: [GC275.764: [DefNew: 3727K->392K(4288K), 0.0008810 secs] 5268K->5253K(13888K), 0.0009040 secs] [Times: user=0.01 sys=0.00, real=0.01 secs] 
275.765: Total time for which application threads were stopped: 0.0012610 seconds, Stopping threads took: 0.0002900 seconds
275.767: Application time: 0.0017240 seconds
275.836: [GC275.836: [DefNew: 4215K->195K(4288K), 0.0004770 secs] 9076K->6229K(13888K), 0.0005010 secs] [Times: user=0.00 sys=0.00, real=0.00 secs] 
275.836: Total time for which application threads were stopped: 0.0697330 seconds, Stopping threads took: 0.0691590 seconds
275.837: Application time: 0.0003390 seconds
275.891: [GC275.891: [DefNew: 3826K->3826K(4288K), 0.0000090 secs]275.891: [Tenured: 6033K->4079K(9600K), 0.0061360 secs] 9859K->4079K(13888K), [Perm : 5137K->5137K(21248K)], 0.0061960 secs] [Times: user=0.01 sys=0.00, real=0.01 secs] 
275.897: Total time for which application threads were stopped: 0.0608200 seconds, Stopping threads took: 0.0545300 seconds
275.898: Application time: 0.0004330 seconds
275.931: [GC275.931: [DefNew: 3721K->391K(4288K), 0.0008210 secs] 7801K->7498K(13888K), 0.0008400 secs] [Times: user=0.00 sys=0.00, real=0.00 secs] 
275.932: Total time for which application threads were stopped: 0.0339500 seconds, Stopping threads took: 0.0330560 seconds
276.004: Application time: 0.0719720 seconds
276.005: [GC276.005: [DefNew: 4216K->4216K(4288K), 0.0000100 secs]276.005: [Tenured: 7107K->1931K(9600K), 0.0051010 secs] 11324K->1931K(13888K), [Perm : 5137K->5137K(21248K)], 0.0051600 secs] [Times: user=0.01 sys=0.00, real=0.00 secs] 
276.010: Total time for which application threads were stopped: 0.0065840 seconds, Stopping threads took: 0.0013550 seconds
276.011: Application time: 0.0005770 seconds
276.011: [GC276.011: [DefNew: 3687K->441K(4288K), 0.0008700 secs] 5618K->5505K(13888K), 0.0008920 secs] [Times: user=0.00 sys=0.00, real=0.00 secs] 
276.012: Total time for which application threads were stopped: 0.0012190 seconds, Stopping threads took: 0.0002590 seconds
276.013: Application time: 0.0008270 seconds
276.071: [GC276.071: [DefNew: 4262K->391K(4288K), 0.0007210 secs] 9326K->7360K(13888K), 0.0007460 secs] [Times: user=0.00 sys=0.00, real=0.00 secs] 
276.072: Total time for which application threads were stopped: 0.0590580 seconds, Stopping threads took: 0.0582640 seconds
276.073: Application time: 0.0007940 seconds
276.138: [GC276.138: [DefNew: 4216K->4216K(4288K), 0.0000080 secs]276.138: [Tenured: 6969K->4526K(9600K), 0.0064370 secs] 11186K->4526K(13888K), [Perm : 5137K->5137K(21248K)], 0.0064840 secs] [Times: user=0.01 sys=0.00, real=0.00 secs] 
276.144: Total time for which application threads were stopped: 0.0711900 seconds, Stopping threads took: 0.0646380 seconds
276.145: Application time: 0.0005180 seconds
276.209: [GC276.210: [DefNew: 3532K->392K(4288K), 0.0007140 secs] 8059K->6872K(13888K), 0.0007410 secs] [Times: user=0.00 sys=0.00, real=0.00 secs] 
276.210: Total time for which application threads were stopped: 0.0656330 seconds, Stopping threads took: 0.0648210 seconds
276.211: Application time: 0.0004490 seconds
276.211: [GC276.211: [DefNew: 4094K->4094K(4288K), 0.0000060 secs]276.211: [Tenured: 6480K->7387K(9600K), 0.0063010 secs] 10574K->7387K(13888K), [Perm : 5137K->5137K(21248K)], 0.0063460 secs] [Times: user=0.01 sys=0.00, real=0.01 secs] 
276.218: Total time for which application threads were stopped: 0.0068920 seconds, Stopping threads took: 0.0004900 seconds
276.290: Application time: 0.0724900 seconds
276.293: [GC276.293: [DefNew: 3825K->3825K(4288K), 0.0000090 secs]276.293: [Tenured: 7387K->2602K(9600K), 0.0052790 secs] 11212K->2602K(13888K), [Perm : 5137K->5137K(21248K)], 0.0053320 secs] [Times: user=0.01 sys=0.00, real=0.00 secs] 
276.299: Total time for which application threads were stopped: 0.0085450 seconds, Stopping threads took: 0.0031520 seconds
276.299: Application time: 0.0005350 seconds
276.333: [GC276.333: [DefNew: 3706K->420K(4288K), 0.0008160 secs] 6308K->5952K(13888K), 0.0008360 secs] [Times: user=0.00 sys=0.00, real=0.00 secs] 
276.334: Total time for which application threads were stopped: 0.0346950 seconds, Stopping threads took: 0.0337970 seconds
276.334: Application time: 0.0005910 seconds
276.396: [GC276.396: [DefNew: 4141K->4141K(4288K), 0.0000060 secs]276.396: [Tenured: 5532K->5544K(9600K), 0.0059150 secs] 9673K->5544K(13888K), [Perm : 5137K->5137K(21248K)], 0.0059620 secs] [Times: user=0.01 sys=0.00, real=0.00 secs] 
276.402: Total time for which application threads were stopped: 0.0679890 seconds, Stopping threads took: 0.0619710 seconds
276.403: Application time: 0.0008740 seconds
276.475: [GC276.475: [DefNew: 3825K->391K(4288K), 0.0008600 secs] 9369K->8182K(13888K), 0.0008900 secs] [Times: user=0.00 sys=0.00, real=0.00 secs] 
276.475: Total time for which application threads were stopped: 0.0721150 seconds, Stopping threads took: 0.0711500 seconds
276.476: Application time: 0.0004750 seconds
276.510: [GC276.510: [DefNew: 4119K->4119K(4288K), 0.0000050 secs]276.510: [Tenured: 7790K->4470K(9600K), 0.0051040 secs] 11910K->4470K(13888K), [Perm : 5137K->5137K(21248K)], 0.0051480 secs] [Times: user=0.00 sys=0.00, real=0.01 secs] 
276.515: Total time for which application threads were stopped: 0.0388570 seconds, Stopping threads took: 0.0336450 seconds
276.515: Application time: 0.0004340 seconds
276.548: [GC276.548: [DefNew: 3625K->391K(4288K), 0.0007970 secs] 8096K->7499K(13888K), 0.0008250 secs] [Times: user=0.00 sys=0.00, real=0.00 secs] 
276.549: Total time for which application threads were stopped: 0.0340470 seconds, Stopping threads took: 0.0331570 seconds
276.550: Application time: 0.0007100 seconds
276.620: [GC276.620: [DefNew: 4216K->4216K(4288K), 0.0000080 secs]276.620: [Tenured: 7107K->3689K(9600K), 0.0048980 secs] 11324K->3689K(13888K), [Perm : 5137K->5137K(21248K)], 0.0049500 secs] [Times: user=0.01 sys=0.00, real=0.01 secs] 
276.625: Total time for which application threads were stopped: 0.0752310 seconds, Stopping threads took: 0.0702000 seconds
276.626: Application time: 0.0004960 seconds
276.659: [GC276.659: [DefNew: 3806K->420K(4288K), 0.0009460 secs] 7495K->7235K(13888K), 0.0009710 secs] [Times: user=0.00 sys=0.00, real=0.00 secs] 
276.660: Total time for which application threads were stopped: 0.0342540 seconds, Stopping threads took: 0.0332050 seconds
276.660: Application time: 0.0003410 seconds
276.713: [GC276.713: [DefNew: 4147K->4147K(4288K), 0.0000050 secs]276.713: [Tenured: 6814K->5377K(9600K), 0.0058650 secs] 10962K->5377K(13888K), [Perm : 5137K->5137K(21248K)], 0.0059110 secs] [Times: user=0.01 sys=0.00, real=0.00 secs] 
276.719: Total time for which application threads were stopped: 0.0585700 seconds, Stopping threads took: 0.0526040 seconds
276.720: Application time: 0.0008060 seconds
276.790: [GC276.790: [DefNew: 3727K->391K(4288K), 0.0007830 secs] 9105K->7722K(13888K), 0.0008130 secs] [Times: user=0.00 sys=0.00, real=0.00 secs] 
276.790: Total time for which application threads were stopped: 0.0706690 seconds, Stopping threads took: 0.0697810 seconds
276.791: Application time: 0.0004160 seconds
276.824: [GC276.824: [DefNew: 4216K->4216K(4288K), 0.0000060 secs]276.824: [Tenured: 7331K->4275K(9600K), 0.0057070 secs] 11548K->4275K(13888K), [Perm : 5137K->5137K(21248K)], 0.0057500 secs] [Times: user=0.00 sys=0.00, real=0.00 secs] 
276.830: Total time for which application threads were stopped: 0.0393750 seconds, Stopping threads took: 0.0335740 seconds
276.831: Application time: 0.0004920 seconds
276.890: [GC276.890: [DefNew: 3823K->391K(4288K), 0.0009820 secs] 8098K->7206K(13888K), 0.0010130 secs] [Times: user=0.00 sys=0.00, real=0.00 secs] 
276.891: Total time for which application threads were stopped: 0.0608210 seconds, Stopping threads took: 0.0597300 seconds
276.892: Application time: 0.0004650 seconds
276.926: [GC276.926: [DefNew: 4217K->4217K(4288K), 0.0000070 secs]276.926: [Tenured: 6814K->6521K(9600K), 0.0067990 secs] 11031K->6521K(13888K), [Perm : 5137K->5137K(21248K)], 0.0068440 secs] [Times: user=0.01 sys=0.00, real=0.01 secs] 
276.933: Total time for which application threads were stopped: 0.0406420 seconds, Stopping threads took: 0.0337210 seconds
277.004: Application time: 0.0718940 seconds
277.007: [GC277.007: [DefNew: 3708K->3708K(4288K), 0.0000090 secs]277.007: [Tenured: 6521K->1569K(9600K), 0.0052090 secs] 10229K->1569K(13888K), [Perm : 5137K->5137K(21248K)], 0.0052620 secs] [Times: user=0.01 sys=0.00, real=0.00 secs] 
277.012: Total time for which application threads were stopped: 0.0076820 seconds, Stopping threads took: 0.0023620 seconds
277.013: Application time: 0.0005640 seconds
277.013: [GC277.013: [DefNew: 3727K->392K(4288K), 0.0008200 secs] 5297K->5282K(13888K), 0.0008390 secs] [Times: user=0.00 sys=0.00, real=0.00 secs] 
277.014: Total time for which application threads were stopped: 0.0011570 seconds, Stopping threads took: 0.0002660 seconds
277.015: Application time: 0.0015600 seconds
277.083: [GC277.083: [DefNew: 4215K->391K(4288K), 0.0006680 secs] 9105K->7137K(13888K), 0.0006910 secs] [Times: user=0.00 sys=0.00, real=0.00 secs] 
277.084: Total time for which application threads were stopped: 0.0681100 seconds, Stopping threads took: 0.0673530 seconds
277.084: Application time: 0.0004870 seconds
277.149: [GC277.149: [DefNew: 4021K->4021K(4288K), 0.0000080 secs]277.149: [Tenured: 6746K->4109K(9600K), 0.0054980 secs] 10767K->4109K(13888K), [Perm : 5137K->5137K(21248K)], 0.0055480 secs] [Times: user=0.00 sys=0.00, real=0.01 secs] 
277.155: Total time for which application threads were stopped: 0.0708540 seconds, Stopping threads took: 0.0652290 seconds
277.155: Application time: 0.0004640 seconds
277.189: [GC277.189: [DefNew: 3825K->391K(4288K), 0.0008510 secs] 7934K->7333K(13888K), 0.0008760 secs] [Times: user=0.01 sys=0.00, real=0.00 secs] 
277.190: Total time for which application threads were stopped: 0.0341510 seconds, Stopping threads took: 0.0331950 seconds
277.190: Application time: 0.0007870 seconds
277.260: [GC277.260: [DefNew: 4216K->4216K(4288K), 0.0000080 secs]277.260: [Tenured: 6941K->3103K(9600K), 0.0062300 secs] 11158K->3103K(13888K), [Perm : 5137K->5137K(21248K)], 0.0062780 secs] [Times: user=0.00 sys=0.00, real=0.01 secs] 
277.267: Total time for which application threads were stopped: 0.0764560 seconds, Stopping threads took: 0.0701000 seconds
277.267: Application time: 0.0005400 seconds
277.316: [GC277.316: [DefNew: 3727K->392K(4288K), 0.0008430 secs] 6831K->6425K(13888K), 0.0008670 secs] [Times: user=0.00 sys=0.00, real=0.00 secs] 
277.317: Total time for which application threads were stopped: 0.0493470 seconds, Stopping threads took: 0.0484190 seconds
277.317: Application time: 0.0005930 seconds
277.351: [GC277.351: [DefNew: 4211K->4211K(4288K), 0.0000070 secs]277.351: [Tenured: 6033K->6325K(9600K), 0.0067050 secs] 10244K->6325K(13888K), [Perm : 5137K->5137K(21248K)], 0.0067500 secs] [Times: user=0.00 sys=0.00, real=0.01 secs] 
277.357: Total time for which application threads were stopped: 0.0400490 seconds, Stopping threads took: 0.0332440 seconds
277.429: Application time: 0.0714810 seconds
277.431: [GC277.431: [DefNew: 3708K->3708K(4288K), 0.0000090 secs]277.431: [Tenured: 6325K->1374K(9600K), 0.0056400 secs] 10034K->1374K(13888K), [Perm : 5137K->5137K(21248K)], 0.0056890 secs] [Times: user=0.01 sys=0.00, real=0.01 secs] 
277.436: Total time for which application threads were stopped: 0.0076060 seconds, Stopping threads took: 0.0018380 seconds
277.437: Application time: 0.0006430 seconds
277.437: [GC277.437: [DefNew: 3806K->420K(4288K), 0.0009050 secs] 5180K->5115K(13888K), 0.0009260 secs] [Times: user=0.00 sys=0.00, real=0.00 secs] 
277.438: Total time for which application threads were stopped: 0.0012860 seconds, Stopping threads took: 0.0002920 seconds
277.439: Application time: 0.0004320 seconds
277.484: [GC277.484: [DefNew: 4148K->390K(4288K), 0.0009590 secs] 8842K->8532K(13888K), 0.0009820 secs] [Times: user=0.00 sys=0.00, real=0.00 secs] 
277.485: Total time for which application threads were stopped: 0.0465520 seconds, Stopping threads took: 0.0455250 seconds
277.557: Application time: 0.0715730 seconds
277.559: [GC277.559: [DefNew: 4216K->4216K(4288K), 0.0000100 secs]277.559: [Tenured: 8142K->2965K(9600K), 0.0053680 secs] 12358K->2965K(13888K), [Perm : 5137K->5137K(21248K)], 0.0054230 secs] [Times: user=0.00 sys=0.00, real=0.00 secs] 
277.564: Total time for which application threads were stopped: 0.0072810 seconds, Stopping threads took: 0.0017970 seconds
277.565: Application time: 0.0004830 seconds
277.598: [GC277.598: [DefNew: 3727K->391K(4288K), 0.0007900 secs] 6693K->6385K(13888K), 0.0008120 secs] [Times: user=0.00 sys=0.00, real=0.00 secs] 
277.599: Total time for which application threads were stopped: 0.0345980 seconds, Stopping threads took: 0.0337200 seconds
277.600: Application time: 0.0011760 seconds
277.670: [GC277.670: [DefNew: 4214K->4214K(4288K), 0.0000080 secs]277.670: [Tenured: 5993K->2908K(9600K), 0.0057440 secs] 10208K->2908K(13888K), [Perm : 5137K->5137K(21248K)], 0.0057920 secs] [Times: user=0.01 sys=0.00, real=0.01 secs] 
277.676: Total time for which application threads were stopped: 0.0756740 seconds, Stopping threads took: 0.0698040 seconds
277.677: Application time: 0.0005440 seconds
277.714: [GC277.714: [DefNew: 3727K->392K(4288K), 0.0008110 secs] 6636K->6035K(13888K), 0.0008350 secs] [Times: user=0.00 sys=0.00, real=0.00 secs] 
277.715: Total time for which application threads were stopped: 0.0386200 seconds, Stopping threads took: 0.0377300 seconds
277.716: Application time: 0.0006630 seconds
277.717: [GC277.717: [DefNew: 4113K->4113K(4288K), 0.0000050 secs]277.717: [Tenured: 5642K->8181K(9600K), 0.0069700 secs] 9756K->8181K(13888K), [Perm : 5137K->5137K(21248K)], 0.0070190 secs] [Times: user=0.00 sys=0.00, real=0.00 secs] 
277.724: Total time for which application threads were stopped: 0.0077560 seconds, Stopping threads took: 0.0006630 seconds
277.796: Application time: 0.0727660 seconds
277.798: [GC277.798: [DefNew: 3727K->3727K(4288K), 0.0000110 secs]277.798: [Tenured: 8181K->3298K(9600K), 0.0061570 secs] 11908K->3298K(13888K), [Perm : 5137K->5137K(21248K)], 0.0062120 secs] [Times: user=0.01 sys=0.00, real=0.00 secs] 
277.804: Total time for which application threads were stopped: 0.0072780 seconds, Stopping threads took: 0.0009840 seconds
277.804: Application time: 0.0005290 seconds
277.838: [GC277.838: [DefNew: 3727K->391K(4288K), 0.0007650 secs] 7026K->6425K(13888K), 0.0007850 secs] [Times: user=0.00 sys=0.00, real=0.00 secs] 
277.839: Total time for which application threads were stopped: 0.0345730 seconds, Stopping threads took: 0.0337360 seconds
277.839: Application time: 0.0003970 seconds
277.888: [GC277.888: [DefNew: 4212K->4212K(4288K), 0.0000090 secs]277.888: [Tenured: 6033K->5447K(9600K), 0.0059340 secs] 10246K->5447K(13888K), [Perm : 5137K->5137K(21248K)], 0.0059870 secs] [Times: user=0.00 sys=0.00, real=0.01 secs] 
277.894: Total time for which application threads were stopped: 0.0543910 seconds, Stopping threads took: 0.0483230 seconds
277.895: Application time: 0.0010740 seconds
277.965: [GC277.965: [DefNew: 3708K->419K(4288K), 0.0007820 secs] 9155K->7820K(13888K), 0.0008130 secs] [Times: user=0.00 sys=0.00, real=0.00 secs] 
277.966: Total time for which application threads were stopped: 0.0708140 seconds, Stopping threads took: 0.0699450 seconds
277.966: Application time: 0.0003750 seconds
278.000: [GC278.000: [DefNew: 4145K->4145K(4288K), 0.0000050 secs]278.000: [Tenured: 7400K->5252K(9600K), 0.0054670 secs] 11546K->5252K(13888K), [Perm : 5137K->5137K(21248K)], 0.0055110 secs] [Times: user=0.01 sys=0.00, real=0.01 secs] 
278.005: Total time for which application threads were stopped: 0.0391760 seconds, Stopping threads took: 0.0336140 seconds
278.006: Application time: 0.0005920 seconds
278.070: [GC278.070: [DefNew: 3823K->391K(4288K), 0.0007880 secs] 9075K->7889K(13888K), 0.0008140 secs] [Times: user=0.00 sys=0.00, real=0.00 secs] 
278.071: Total time for which application threads were stopped: 0.0653710 seconds, Stopping threads took: 0.0644960 seconds
278.072: Application time: 0.0008240 seconds
278.137: [GC278.137: [DefNew: 4197K->4197K(4288K), 0.0000080 secs]278.137: [Tenured: 7498K->4206K(9600K), 0.0058420 secs] 11695K->4206K(13888K), [Perm : 5137K->5137K(21248K)], 0.0058890 secs] [Times: user=0.01 sys=0.00, real=0.00 secs] 
278.143: Total time for which application threads were stopped: 0.0706950 seconds, Stopping threads took: 0.0647280 seconds
278.143: Application time: 0.0007010 seconds
278.177: [GC278.177: [DefNew: 3805K->419K(4288K), 0.0008720 secs] 8012K->7360K(13888K), 0.0008970 secs] [Times: user=0.00 sys=0.00, real=0.00 secs] 
278.178: Total time for which application threads were stopped: 0.0347660 seconds, Stopping threads took: 0.0337980 seconds
278.178: Application time: 0.0003860 seconds
278.249: [GC278.249: [DefNew: 4147K->4147K(4288K), 0.0000070 secs]278.249: [Tenured: 6940K->4137K(9600K), 0.0056210 secs] 11088K->4137K(13888K), [Perm : 5137K->5137K(21248K)], 0.0056710 secs] [Times: user=0.01 sys=0.01, real=0.01 secs] 
278.254: Total time for which application threads were stopped: 0.0759760 seconds, Stopping threads took: 0.0702390 seconds
278.255: Application time: 0.0005230 seconds
278.291: [GC278.291: [DefNew: 3803K->419K(4288K), 0.0008680 secs] 7941K->7584K(13888K), 0.0008880 secs] [Times: user=0.00 sys=0.00, real=0.00 secs] 
278.292: Total time for which application threads were stopped: 0.0366410 seconds, Stopping threads took: 0.0356880 seconds
278.364: Application time: 0.0720990 seconds
278.365: [GC278.365: [DefNew: 4245K->4245K(4288K), 0.0000100 secs]278.365: [Tenured: 7164K->2017K(9600K), 0.0059640 secs] 11410K->2017K(13888K), [Perm : 5137K->5137K(21248K)], 0.0060310 secs] [Times: user=0.01 sys=0.00, real=0.00 secs] 
278.371: Total time for which application threads were stopped: 0.0075270 seconds, Stopping threads took: 0.0014150 seconds
278.372: Application time: 0.0005740 seconds
278.372: [GC278.372: [DefNew: 3725K->392K(4288K), 0.0008730 secs] 5743K->5730K(13888K), 0.0008920 secs] [Times: user=0.00 sys=0.00, real=0.01 secs] 
278.373: Total time for which application threads were stopped: 0.0012160 seconds, Stopping threads took: 0.0002840 seconds
278.374: Application time: 0.0014130 seconds
278.443: [GC278.443: [DefNew: 4117K->293K(4288K), 0.0005540 secs] 9455K->6999K(13888K), 0.0005790 secs] [Times: user=0.00 sys=0.00, real=0.00 secs] 
278.443: Total time for which application threads were stopped: 0.0687620 seconds, Stopping threads took: 0.0681160 seconds
278.444: Application time: 0.0007390 seconds
278.491: [GC278.491: [DefNew: 4099K->4099K(4288K), 0.0000080 secs]278.491: [Tenured: 6705K->4470K(9600K), 0.0058910 secs] 10805K->4470K(13888K), [Perm : 5137K->5137K(21248K)], 0.0059380 secs] [Times: user=0.01 sys=0.00, real=0.01 secs] 
278.497: Total time for which application threads were stopped: 0.0533260 seconds, Stopping threads took: 0.0473320 seconds
278.498: Application time: 0.0004550 seconds
278.564: [GC278.564: [DefNew: 3532K->391K(4288K), 0.0006800 secs] 8003K->6815K(13888K), 0.0007040 secs] [Times: user=0.00 sys=0.00, real=0.01 secs] 
278.565: Total time for which application threads were stopped: 0.0671790 seconds, Stopping threads took: 0.0664050 seconds
278.565: Application time: 0.0003520 seconds
278.599: [GC278.599: [DefNew: 4115K->4115K(4288K), 0.0000070 secs]278.599: [Tenured: 6424K->5252K(9600K), 0.0060570 secs] 10539K->5252K(13888K), [Perm : 5137K->5137K(21248K)], 0.0060990 secs] [Times: user=0.00 sys=0.00, real=0.01 secs] 
278.605: Total time for which application threads were stopped: 0.0398080 seconds, Stopping threads took: 0.0336340 seconds
278.606: Application time: 0.0007860 seconds
278.674: [GC278.674: [DefNew: 3823K->293K(4288K), 0.0008010 secs] 9075K->7890K(13888K), 0.0008290 secs] [Times: user=0.00 sys=0.00, real=0.00 secs] 
278.675: Total time for which application threads were stopped: 0.0691960 seconds, Stopping threads took: 0.0682930 seconds
278.676: Application time: 0.0004900 seconds
278.733: [GC278.733: [DefNew: 3923K->3923K(4288K), 0.0000080 secs]278.733: [Tenured: 7596K->4080K(9600K), 0.0057030 secs] 11520K->4080K(13888K), [Perm : 5137K->5137K(21248K)], 0.0057500 secs] [Times: user=0.01 sys=0.00, real=0.00 secs] 
278.739: Total time for which application threads were stopped: 0.0630350 seconds, Stopping threads took: 0.0572210 seconds
278.739: Application time: 0.0005230 seconds
278.773: [GC278.773: [DefNew: 3825K->294K(4288K), 0.0008350 secs] 7905K->7304K(13888K), 0.0008590 secs] [Times: user=0.00 sys=0.00, real=0.00 secs] 
278.773: Total time for which application threads were stopped: 0.0343510 seconds, Stopping threads took: 0.0334170 seconds
278.774: Application time: 0.0010110 seconds
278.844: [GC278.844: [DefNew: 4098K->4098K(4288K), 0.0000160 secs]278.844: [Tenured: 7010K->4109K(9600K), 0.0064600 secs] 11108K->4109K(13888K), [Perm : 5137K->5137K(21248K)], 0.0065200 secs] [Times: user=0.00 sys=0.01, real=0.01 secs] 
278.851: Total time for which application threads were stopped: 0.0763540 seconds, Stopping threads took: 0.0697710 seconds
278.851: Application time: 0.0006610 seconds
278.898: [GC278.898: [DefNew: 3630K->392K(4288K), 0.0008660 secs] 7739K->7235K(13888K), 0.0008920 secs] [Times: user=0.01 sys=0.00, real=0.00 secs] 
278.899: Total time for which application threads were stopped: 0.0475970 seconds, Stopping threads took: 0.0466520 seconds
278.900: Application time: 0.0006370 seconds
278.933: [GC278.933: [DefNew: 4111K->4111K(4288K), 0.0000070 secs]278.933: [Tenured: 6843K->7107K(9600K), 0.0068990 secs] 10955K->7107K(13888K), [Perm : 5137K->5137K(21248K)], 0.0069450 secs] [Times: user=0.00 sys=0.00, real=0.00 secs] 
278.940: Total time for which application threads were stopped: 0.0406890 seconds, Stopping threads took: 0.0336820 seconds
279.012: Application time: 0.0716180 seconds
279.016: [GC279.016: [DefNew: 3825K->3825K(4288K), 0.0000100 secs]279.016: [Tenured: 7107K->2322K(9600K), 0.0051500 secs] 10932K->2322K(13888K), [Perm : 5137K->5137K(21248K)], 0.0052050 secs] [Times: user=0.00 sys=0.00, real=0.00 secs] 
279.021: Total time for which application threads were stopped: 0.0094260 seconds, Stopping threads took: 0.0041400 seconds
279.022: Application time: 0.0005240 seconds
279.055: [GC279.055: [DefNew: 3727K->392K(4288K), 0.0008010 secs] 6050K->5742K(13888K), 0.0008200 secs] [Times: user=0.00 sys=0.00, real=0.00 secs] 
279.056: Total time for which application threads were stopped: 0.0339490 seconds, Stopping threads took: 0.0330640 seconds
279.057: Application time: 0.0006110 seconds
279.090: [GC279.090: [DefNew: 4215K->390K(4288K), 0.0010090 secs] 9565K->9257K(13888K), 0.0010320 secs] [Times: user=0.00 sys=0.00, real=0.00 secs] 
279.091: Total time for which application threads were stopped: 0.0344450 seconds, Stopping threads took: 0.0333710 seconds
279.162: Application time: 0.0713160 seconds
279.166: [GC279.166: [DefNew: 4118K->4118K(4288K), 0.0000080 secs]279.166: [Tenured: 8866K->1736K(9600K), 0.0051900 secs] 12985K->1736K(13888K), [Perm : 5137K->5137K(21248K)], 0.0052410 secs] [Times: user=0.00 sys=0.00, real=0.00 secs] 
279.172: Total time for which application threads were stopped: 0.0092480 seconds, Stopping threads took: 0.0039480 seconds
279.172: Application time: 0.0005580 seconds
279.172: [GC279.172: [DefNew: 3773K->441K(4288K), 0.0008980 secs] 5510K->5498K(13888K), 0.0009190 secs] [Times: user=0.00 sys=0.00, real=0.01 secs] 
279.173: Total time for which application threads were stopped: 0.0010620 seconds, Stopping threads took: 0.0000990 seconds
279.174: Application time: 0.0010140 seconds
279.238: [GC279.238: [DefNew: 4096K->321K(4288K), 0.0004250 secs] 9154K->6356K(13888K), 0.0004460 secs] [Times: user=0.00 sys=0.00, real=0.00 secs] 
279.239: Total time for which application threads were stopped: 0.0643410 seconds, Stopping threads took: 0.0638410 seconds
279.239: Application time: 0.0003790 seconds
279.300: [GC279.300: [DefNew: 3952K->3952K(4288K), 0.0000070 secs]279.300: [Tenured: 6034K->4109K(9600K), 0.0062320 secs] 9986K->4109K(13888K), [Perm : 5137K->5137K(21248K)], 0.0062780 secs] [Times: user=0.00 sys=0.01, real=0.01 secs] 
279.307: Total time for which application threads were stopped: 0.0676940 seconds, Stopping threads took: 0.0613460 seconds
279.307: Application time: 0.0005320 seconds
279.308: [GC279.308: [DefNew: 3819K->293K(4288K), 0.0009040 secs] 7928K->7918K(13888K), 0.0009290 secs] [Times: user=0.00 sys=0.00, real=0.00 secs] 
279.308: Total time for which application threads were stopped: 0.0013180 seconds, Stopping threads took: 0.0003430 seconds
279.380: Application time: 0.0713740 seconds
279.383: [GC279.383: [DefNew: 4118K->4118K(4288K), 0.0000100 secs]279.383: [Tenured: 7625K->3104K(9600K), 0.0055360 secs] 11743K->3104K(13888K), [Perm : 5137K->5137K(21248K)], 0.0055920 secs] [Times: user=0.01 sys=0.00, real=0.01 secs] 
279.389: Total time for which application threads were stopped: 0.0086790 seconds, Stopping threads took: 0.0030050 seconds
279.389: Application time: 0.0005510 seconds
279.423: [GC279.423: [DefNew: 3775K->440K(4288K), 0.0008170 secs] 6879K->6279K(13888K), 0.0008360 secs] [Times: user=0.00 sys=0.00, real=0.00 secs] 
279.424: Total time for which application threads were stopped: 0.0347610 seconds, Stopping threads took: 0.0338610 seconds
279.424: Application time: 0.0003790 seconds
279.487: [GC279.487: [DefNew: 4196K->4196K(4288K), 0.0000080 secs]279.487: [Tenured: 5838K->5183K(9600K), 0.0060910 secs] 10034K->5183K(13888K), [Perm : 5137K->5137K(21248K)], 0.0061390 secs] [Times: user=0.00 sys=0.00, real=0.01 secs] 
279.493: Total time for which application threads were stopped: 0.0689320 seconds, Stopping threads took: 0.0627160 seconds
279.509: Application time: 0.0154600 seconds
279.560: [GC279.560: [DefNew: 3532K->391K(4288K), 0.0006680 secs] 8716K->7138K(13888K), 0.0007060 secs] [Times: user=0.00 sys=0.00, real=0.00 secs] 
279.561: Total time for which application threads were stopped: 0.0523000 seconds, Stopping threads took: 0.0515210 seconds
279.561: Application time: 0.0003720 seconds
279.562: [GC279.562: [DefNew: 4213K->4213K(4288K), 0.0000060 secs]279.562: [Tenured: 6746K->7136K(9600K), 0.0058040 secs] 10959K->7136K(13888K), [Perm : 5137K->5137K(21248K)], 0.0058490 secs] [Times: user=0.00 sys=0.00, real=0.01 secs] 
279.568: Total time for which application threads were stopped: 0.0062110 seconds, Stopping threads took: 0.0002970 seconds
279.639: Application time: 0.0712840 seconds
279.641: [GC279.641: [DefNew: 3825K->3825K(4288K), 0.0000100 secs]279.641: [Tenured: 7136K->2351K(9600K), 0.0053200 secs] 10961K->2351K(13888K), [Perm : 5137K->5137K(21248K)], 0.0053750 secs] [Times: user=0.00 sys=0.00, real=0.01 secs] 
279.646: Total time for which application threads were stopped: 0.0074330 seconds, Stopping threads took: 0.0019760 seconds
279.647: Application time: 0.0005560 seconds
279.680: [GC279.680: [DefNew: 3825K->391K(4288K), 0.0008430 secs] 6176K->5868K(13888K), 0.0008620 secs] [Times: user=0.00 sys=0.00, real=0.00 secs] 
279.681: Total time for which application threads were stopped: 0.0339460 seconds, Stopping threads took: 0.0330210 seconds
279.682: Application time: 0.0012920 seconds
279.750: [GC279.750: [DefNew: 4113K->391K(4288K), 0.0003760 secs] 9590K->6454K(13888K), 0.0003960 secs] [Times: user=0.00 sys=0.00, real=0.00 secs] 
279.750: Total time for which application threads were stopped: 0.0684350 seconds, Stopping threads took: 0.0679750 seconds
279.751: Application time: 0.0002960 seconds
279.812: [GC279.812: [DefNew: 3923K->3923K(4288K), 0.0000070 secs]279.812: [Tenured: 6063K->3690K(9600K), 0.0049650 secs] 9986K->3690K(13888K), [Perm : 5137K->5137K(21248K)], 0.0050110 secs] [Times: user=0.00 sys=0.00, real=0.00 secs] 
279.817: Total time for which application threads were stopped: 0.0666110 seconds, Stopping threads took: 0.0615380 seconds
279.818: Application time: 0.0004870 seconds
279.851: [GC279.851: [DefNew: 3801K->419K(4288K), 0.0010190 secs] 7492K->7138K(13888K), 0.0010440 secs] [Times: user=0.00 sys=0.00, real=0.00 secs] 
279.852: Total time for which application threads were stopped: 0.0339040 seconds, Stopping threads took: 0.0328030 seconds
279.924: Application time: 0.0721610 seconds
279.926: [GC279.926: [DefNew: 4245K->4245K(4288K), 0.0000090 secs]279.926: [Tenured: 6718K->1961K(9600K), 0.0058680 secs] 10963K->1961K(13888K), [Perm : 5137K->5137K(21248K)], 0.0059200 secs] [Times: user=0.00 sys=0.00, real=0.00 secs] 
279.932: Total time for which application threads were stopped: 0.0076860 seconds, Stopping threads took: 0.0016870 seconds
279.932: Application time: 0.0006040 seconds
279.932: [GC279.932: [DefNew: 3776K->441K(4288K), 0.0009150 secs] 5737K->5723K(13888K), 0.0009340 secs] [Times: user=0.00 sys=0.00, real=0.00 secs] 
279.933: Total time for which application threads were stopped: 0.0011980 seconds, Stopping threads took: 0.0002030 seconds
279.934: Application time: 0.0008600 seconds
279.998: [GC279.998: [DefNew: 4194K->419K(4288K), 0.0005680 secs] 9476K->7069K(13888K), 0.0005890 secs] [Times: user=0.00 sys=0.00, real=0.00 secs] 
279.999: Total time for which application threads were stopped: 0.0643090 seconds, Stopping threads took: 0.0636540 seconds
279.999: Application time: 0.0006540 seconds
280.065: [GC280.065: [DefNew: 4225K->4225K(4288K), 0.0000080 secs]280.065: [Tenured: 6650K->4166K(9600K), 0.0061620 secs] 10875K->4166K(13888K), [Perm : 5137K->5137K(21248K)], 0.0062130 secs] [Times: user=0.00 sys=0.00, real=0.00 secs] 
280.071: Total time for which application threads were stopped: 0.0717380 seconds, Stopping threads took: 0.0654690 seconds
280.072: Application time: 0.0005260 seconds
280.142: [GC280.142: [DefNew: 3628K->391K(4288K), 0.0007600 secs] 7794K->6901K(13888K), 0.0007930 secs] [Times: user=0.00 sys=0.00, real=0.00 secs] 
280.142: Total time for which application threads were stopped: 0.0709160 seconds, Stopping threads took: 0.0700730 seconds
280.143: Application time: 0.0005360 seconds
280.189: [GC280.189: [DefNew: 4113K->4113K(4288K), 0.0000050 secs]280.189: [Tenured: 6509K->6118K(9600K), 0.0061790 secs] 10623K->6118K(13888K), [Perm : 5137K->5137K(21248K)], 0.0062250 secs] [Times: user=0.00 sys=0.00, real=0.01 secs] 
280.195: Total time for which application threads were stopped: 0.0524850 seconds, Stopping threads took: 0.0461840 seconds
280.197: Application time: 0.0013190 seconds
280.267: [GC280.267: [DefNew: 3708K->3708K(4288K), 0.0000080 secs]280.267: [Tenured: 6118K->2127K(9600K), 0.0052850 secs] 9827K->2127K(13888K), [Perm : 5137K->5137K(21248K)], 0.0053360 secs] [Times: user=0.00 sys=0.00, real=0.01 secs] 
280.273: Total time for which application threads were stopped: 0.0760490 seconds, Stopping threads took: 0.0706440 seconds
280.273: Application time: 0.0005050 seconds
280.307: [GC280.307: [DefNew: 3825K->392K(4288K), 0.0008380 secs] 5953K->5645K(13888K), 0.0008620 secs] [Times: user=0.00 sys=0.00, real=0.00 secs] 
280.307: Total time for which application threads were stopped: 0.0341450 seconds, Stopping threads took: 0.0332240 seconds
280.309: Application time: 0.0010450 seconds
280.342: [GC280.342: [DefNew: 4213K->390K(4288K), 0.0004540 secs] 9466K->6816K(13888K), 0.0004730 secs] [Times: user=0.00 sys=0.00, real=0.00 secs] 
280.342: Total time for which application threads were stopped: 0.0336840 seconds, Stopping threads took: 0.0331430 seconds
280.343: Application time: 0.0006210 seconds
280.413: [GC280.413: [DefNew: 4216K->4216K(4288K), 0.0000080 secs]280.413: [Tenured: 6425K->3886K(9600K), 0.0062970 secs] 10642K->3886K(13888K), [Perm : 5137K->5137K(21248K)], 0.0063480 secs] [Times: user=0.01 sys=0.00, real=0.00 secs] 
280.419: Total time for which application threads were stopped: 0.0764700 seconds, Stopping threads took: 0.0700450 seconds
280.420: Application time: 0.0005320 seconds
280.454: [GC280.454: [DefNew: 3825K->392K(4288K), 0.0008530 secs] 7711K->7013K(13888K), 0.0008740 secs] [Times: user=0.00 sys=0.00, real=0.00 secs] 
280.455: Total time for which application threads were stopped: 0.0348170 seconds, Stopping threads took: 0.0338760 seconds
280.455: Application time: 0.0006210 seconds
280.456: [GC280.456: [DefNew: 4207K->4207K(4288K), 0.0000060 secs]280.456: [Tenured: 6620K->8280K(9600K), 0.0067780 secs] 10828K->8280K(13888K), [Perm : 5137K->5137K(21248K)], 0.0068250 secs] [Times: user=0.01 sys=0.00, real=0.00 secs] 
280.463: Total time for which application threads were stopped: 0.0077610 seconds, Stopping threads took: 0.0008790 seconds
280.535: Application time: 0.0721680 seconds
280.568: [GC280.568: [DefNew: 3727K->3727K(4288K), 0.0000100 secs]280.568: [Tenured: 8280K->2324K(9600K), 0.0052810 secs] 12008K->2324K(13888K), [Perm : 5137K->5137K(21248K)], 0.0053350 secs] [Times: user=0.00 sys=0.00, real=0.01 secs] 
280.573: Total time for which application threads were stopped: 0.0381890 seconds, Stopping threads took: 0.0327830 seconds
280.574: Application time: 0.0006070 seconds
280.574: [GC280.574: [DefNew: 3723K->391K(4288K), 0.0008730 secs] 6047K->6036K(13888K), 0.0008890 secs] [Times: user=0.00 sys=0.00, real=0.00 secs] 
280.575: Total time for which application threads were stopped: 0.0012760 seconds, Stopping threads took: 0.0003260 seconds
280.576: Application time: 0.0009860 seconds
280.646: [GC280.646: [DefNew: 4216K->4216K(4288K), 0.0000080 secs]280.646: [Tenured: 5644K->4471K(9600K), 0.0058380 secs] 9861K->4471K(13888K), [Perm : 5137K->5137K(21248K)], 0.0058880 secs] [Times: user=0.01 sys=0.00, real=0.00 secs] 
280.652: Total time for which application threads were stopped: 0.0754930 seconds, Stopping threads took: 0.0695260 seconds
280.653: Application time: 0.0007770 seconds
280.699: [GC280.699: [DefNew: 3806K->420K(4288K), 0.0010200 secs] 8277K->8114K(13888K), 0.0010450 secs] [Times: user=0.00 sys=0.00, real=0.00 secs] 
280.700: Total time for which application threads were stopped: 0.0479310 seconds, Stopping threads took: 0.0468260 seconds
280.701: Application time: 0.0005160 seconds
280.761: [GC280.761: [DefNew: 4245K->4245K(4288K), 0.0000080 secs]280.761: [Tenured: 7694K->4499K(9600K), 0.0064990 secs] 11939K->4499K(13888K), [Perm : 5137K->5137K(21248K)], 0.0065460 secs] [Times: user=0.00 sys=0.00, real=0.01 secs] 
280.768: Total time for which application threads were stopped: 0.0668730 seconds, Stopping threads took: 0.0602490 seconds
280.768: Application time: 0.0005010 seconds
280.833: [GC280.833: [DefNew: 3532K->392K(4288K), 0.0007310 secs] 8032K->6845K(13888K), 0.0007570 secs] [Times: user=0.00 sys=0.00, real=0.00 secs] 
280.834: Total time for which application threads were stopped: 0.0654000 seconds, Stopping threads took: 0.0645700 seconds
280.834: Application time: 0.0003310 seconds
280.835: [GC280.835: [DefNew: 4113K->4113K(4288K), 0.0000060 secs]280.835: [Tenured: 6453K->7429K(9600K), 0.0064010 secs] 10566K->7429K(13888K), [Perm : 5137K->5137K(21248K)], 0.0064430 secs] [Times: user=0.01 sys=0.00, real=0.00 secs] 
280.842: Total time for which application threads were stopped: 0.0074800 seconds, Stopping threads took: 0.0009510 seconds
280.915: Application time: 0.0729730 seconds
280.917: [GC280.917: [DefNew: 3707K->3707K(4288K), 0.0000110 secs]280.917: [Tenured: 7429K->2477K(9600K), 0.0053620 secs] 11137K->2477K(13888K), [Perm : 5137K->5137K(21248K)], 0.0054230 secs] [Times: user=0.01 sys=0.00, real=0.00 secs] 
280.922: Total time for which application threads were stopped: 0.0077290 seconds, Stopping threads took: 0.0022160 seconds
280.923: Application time: 0.0004530 seconds
280.969: [GC280.969: [DefNew: 3727K->391K(4288K), 0.0009090 secs] 6205K->6190K(13888K), 0.0009320 secs] [Times: user=0.00 sys=0.00, real=0.00 secs] 
280.970: Total time for which application threads were stopped: 0.0468250 seconds, Stopping threads took: 0.0458250 seconds
280.971: Application time: 0.0014760 seconds
281.004: [GC281.004: [DefNew: 4115K->4115K(4288K), 0.0000060 secs]281.004: [Tenured: 5798K->5545K(9600K), 0.0060320 secs] 9913K->5545K(13888K), [Perm : 5137K->5137K(21248K)], 0.0060770 secs] [Times: user=0.01 sys=0.00, real=0.01 secs] 
281.010: Total time for which application threads were stopped: 0.0392860 seconds, Stopping threads took: 0.0331330 seconds
281.011: Application time: 0.0009390 seconds
281.075: [GC281.075: [DefNew: 3825K->391K(4288K), 0.0008430 secs] 9371K->8183K(13888K), 0.0008710 secs] [Times: user=0.00 sys=0.00, real=0.00 secs] 
281.076: Total time for which application threads were stopped: 0.0642070 seconds, Stopping threads took: 0.0632820 seconds
281.076: Application time: 0.0004990 seconds
281.123: [GC281.123: [DefNew: 4119K->4119K(4288K), 0.0000070 secs]281.123: [Tenured: 7792K->4471K(9600K), 0.0064380 secs] 11911K->4471K(13888K), [Perm : 5137K->5137K(21248K)], 0.0064840 secs] [Times: user=0.01 sys=0.00, real=0.01 secs] 
281.129: Total time for which application threads were stopped: 0.0531790 seconds, Stopping threads took: 0.0466160 seconds
281.130: Application time: 0.0004840 seconds
281.177: [GC281.177: [DefNew: 3823K->391K(4288K), 0.0008500 secs] 8295K->7695K(13888K), 0.0008750 secs] [Times: user=0.00 sys=0.00, real=0.00 secs] 
281.177: Total time for which application threads were stopped: 0.0477870 seconds, Stopping threads took: 0.0468640 seconds
281.179: Application time: 0.0012620 seconds
281.249: [GC281.249: [DefNew: 4197K->4197K(4288K), 0.0000090 secs]281.249: [Tenured: 7304K->2742K(9600K), 0.0046050 secs] 11501K->2742K(13888K), [Perm : 5137K->5137K(21248K)], 0.0046600 secs] [Times: user=0.00 sys=0.00, real=0.01 secs] 
281.254: Total time for which application threads were stopped: 0.0752450 seconds, Stopping threads took: 0.0705130 seconds
281.254: Application time: 0.0005160 seconds
281.301: [GC281.301: [DefNew: 3678K->441K(4288K), 0.0009000 secs] 6421K->6309K(13888K), 0.0009210 secs] [Times: user=0.00 sys=0.00, real=0.00 secs] 
281.302: Total time for which application threads were stopped: 0.0473370 seconds, Stopping threads took: 0.0463500 seconds
281.303: Application time: 0.0006740 seconds
281.336: [GC281.336: [DefNew: 4092K->4092K(4288K), 0.0000060 secs]281.336: [Tenured: 5868K->6775K(9600K), 0.0064060 secs] 9960K->6775K(13888K), [Perm : 5137K->5137K(21248K)], 0.0064550 secs] [Times: user=0.01 sys=0.00, real=0.00 secs] 
281.343: Total time for which application threads were stopped: 0.0403530 seconds, Stopping threads took: 0.0338240 seconds
281.415: Application time: 0.0719030 seconds
281.416: [GC281.416: [DefNew: 3825K->3825K(4288K), 0.0000090 secs]281.416: [Tenured: 6775K->1542K(9600K), 0.0058350 secs] 10600K->1542K(13888K), [Perm : 5137K->5137K(21248K)], 0.0058880 secs] [Times: user=0.01 sys=0.00, real=0.00 secs] 
281.422: Total time for which application threads were stopped: 0.0074920 seconds, Stopping threads took: 0.0015140 seconds
281.423: Application time: 0.0005870 seconds
281.423: [GC281.423: [DefNew: 3727K->392K(4288K), 0.0008790 secs] 5270K->5254K(13888K), 0.0008950 secs] [Times: user=0.00 sys=0.00, real=0.00 secs] 
281.424: Total time for which application threads were stopped: 0.0013180 seconds, Stopping threads took: 0.0003800 seconds
281.425: Application time: 0.0009320 seconds
281.494: [GC281.494: [DefNew: 4215K->391K(4288K), 0.0004710 secs] 9077K->6231K(13888K), 0.0004940 secs] [Times: user=0.00 sys=0.00, real=0.00 secs] 
281.494: Total time for which application threads were stopped: 0.0693740 seconds, Stopping threads took: 0.0688140 seconds
281.495: Application time: 0.0003730 seconds
281.544: [GC281.544: [DefNew: 4083K->4083K(4288K), 0.0000070 secs]281.544: [Tenured: 5840K->4093K(9600K), 0.0063310 secs] 9923K->4093K(13888K), [Perm : 5137K->5137K(21248K)], 0.0063710 secs] [Times: user=0.01 sys=0.00, real=0.01 secs] 
281.551: Total time for which application threads were stopped: 0.0557760 seconds, Stopping threads took: 0.0493530 seconds
281.551: Application time: 0.0005020 seconds
281.585: [GC281.585: [DefNew: 3840K->407K(4288K), 0.0008090 secs] 7933K->7040K(13888K), 0.0008330 secs] [Times: user=0.00 sys=0.00, real=0.00 secs] 
281.586: Total time for which application threads were stopped: 0.0344440 seconds, Stopping threads took: 0.0335400 seconds
281.586: Application time: 0.0006200 seconds
281.620: [GC281.620: [DefNew: 4227K->4227K(4288K), 0.0000070 secs]281.620: [Tenured: 6632K->6355K(9600K), 0.0061880 secs] 10859K->6355K(13888K), [Perm : 5137K->5137K(21248K)], 0.0062370 secs] [Times: user=0.01 sys=0.00, real=0.01 secs] 
281.626: Total time for which application threads were stopped: 0.0396080 seconds, Stopping threads took: 0.0333150 seconds
281.697: Application time: 0.0716910 seconds
281.699: [GC281.699: [DefNew: 3825K->3825K(4288K), 0.0000090 secs]281.699: [Tenured: 6355K->1570K(9600K), 0.0058540 secs] 10180K->1570K(13888K), [Perm : 5137K->5137K(21248K)], 0.0059060 secs] [Times: user=0.01 sys=0.00, real=0.01 secs] 
281.705: Total time for which application threads were stopped: 0.0075000 seconds, Stopping threads took: 0.0015140 seconds
281.706: Application time: 0.0006300 seconds
281.707: [GC281.707: [DefNew: 3727K->392K(4288K), 0.0008700 secs] 5298K->5283K(13888K), 0.0008850 secs] [Times: user=0.00 sys=0.00, real=0.00 secs] 
281.708: Total time for which application threads were stopped: 0.0018810 seconds, Stopping threads took: 0.0009360 seconds
281.709: Application time: 0.0010090 seconds
281.742: [GC281.742: [DefNew: 4217K->391K(4288K), 0.0006840 secs] 9108K->7431K(13888K), 0.0007050 secs] [Times: user=0.00 sys=0.00, real=0.00 secs] 
281.742: Total time for which application threads were stopped: 0.0337040 seconds, Stopping threads took: 0.0329360 seconds
281.743: Application time: 0.0007880 seconds
281.813: [GC281.813: [DefNew: 4216K->4216K(4288K), 0.0000090 secs]281.813: [Tenured: 7040K->4276K(9600K), 0.0063960 secs] 11257K->4276K(13888K), [Perm : 5137K->5137K(21248K)], 0.0064430 secs] [Times: user=0.01 sys=0.00, real=0.00 secs] 
281.820: Total time for which application threads were stopped: 0.0765210 seconds, Stopping threads took: 0.0699990 seconds
281.820: Application time: 0.0008700 seconds
281.872: [GC281.872: [DefNew: 3708K->420K(4288K), 0.0010700 secs] 7984K->7626K(13888K), 0.0011100 secs] [Times: user=0.00 sys=0.00, real=0.01 secs] 
281.873: Total time for which application threads were stopped: 0.0526400 seconds, Stopping threads took: 0.0514510 seconds
281.873: Application time: 0.0003780 seconds
281.936: [GC281.936: [DefNew: 4147K->4147K(4288K), 0.0000060 secs]281.936: [Tenured: 7206K->4110K(9600K), 0.0056560 secs] 11354K->4110K(13888K), [Perm : 5137K->5137K(21248K)], 0.0057010 secs] [Times: user=0.01 sys=0.00, real=0.00 secs] 
281.941: Total time for which application threads were stopped: 0.0680420 seconds, Stopping threads took: 0.0622630 seconds
281.942: Application time: 0.0005610 seconds
281.977: [GC281.977: [DefNew: 3825K->391K(4288K), 0.0008800 secs] 7935K->7627K(13888K), 0.0009040 secs] [Times: user=0.00 sys=0.00, real=0.00 secs] 
281.978: Total time for which application threads were stopped: 0.0359510 seconds, Stopping threads took: 0.0349770 seconds
282.050: Application time: 0.0721710 seconds
282.052: [GC282.052: [DefNew: 3924K->3924K(4288K), 0.0000090 secs]282.052: [Tenured: 7235K->1766K(9600K), 0.0059210 secs] 11159K->1766K(13888K), [Perm : 5137K->5137K(21248K)], 0.0059720 secs] [Times: user=0.01 sys=0.00, real=0.01 secs] 
282.058: Total time for which application threads were stopped: 0.0077450 seconds, Stopping threads took: 0.0016920 seconds
282.058: Application time: 0.0005730 seconds
282.059: [GC282.059: [DefNew: 3725K->392K(4288K), 0.0008590 secs] 5492K->5478K(13888K), 0.0008820 secs] [Times: user=0.00 sys=0.00, real=0.00 secs] 
282.060: Total time for which application threads were stopped: 0.0012740 seconds, Stopping threads took: 0.0003250 seconds
282.061: Application time: 0.0013360 seconds
282.125: [GC282.125: [DefNew: 4217K->391K(4288K), 0.0007520 secs] 9303K->7724K(13888K), 0.0007780 secs] [Times: user=0.00 sys=0.00, real=0.00 secs] 
282.126: Total time for which application threads were stopped: 0.0651520 seconds, Stopping threads took: 0.0643160 seconds
282.127: Application time: 0.0007710 seconds
282.188: [GC282.188: [DefNew: 4197K->4197K(4288K), 0.0000120 secs]282.188: [Tenured: 7333K->4431K(9600K), 0.0062340 secs] 11530K->4431K(13888K), [Perm : 5137K->5137K(21248K)], 0.0062890 secs] [Times: user=0.01 sys=0.00, real=0.01 secs] 
282.195: Total time for which application threads were stopped: 0.0675570 seconds, Stopping threads took: 0.0612090 seconds
282.195: Application time: 0.0006310 seconds
282.242: [GC282.242: [DefNew: 3806K->419K(4288K), 0.0009440 secs] 8237K->7781K(13888K), 0.0009680 secs] [Times: user=0.00 sys=0.00, real=0.00 secs] 
282.243: Total time for which application threads were stopped: 0.0473000 seconds, Stopping threads took: 0.0462830 seconds
282.243: Application time: 0.0003970 seconds
282.304: [GC282.304: [DefNew: 4147K->4147K(4288K), 0.0000070 secs]282.304: [Tenured: 7361K->4277K(9600K), 0.0051110 secs] 11508K->4277K(13888K), [Perm : 5137K->5137K(21248K)], 0.0051600 secs] [Times: user=0.01 sys=0.00, real=0.00 secs] 
282.310: Total time for which application threads were stopped: 0.0666240 seconds, Stopping threads took: 0.0614060 seconds
282.310: Application time: 0.0004280 seconds
282.343: [GC282.343: [DefNew: 3528K->391K(4288K), 0.0008550 secs] 7805K->7696K(13888K), 0.0008780 secs] [Times: user=0.00 sys=0.00, real=0.00 secs] 
282.344: Total time for which application threads were stopped: 0.0337320 seconds, Stopping threads took: 0.0327960 seconds
282.415: Application time: 0.0711090 seconds
282.419: [GC282.419: [DefNew: 4021K->4021K(4288K), 0.0000080 secs]282.419: [Tenured: 7304K->1737K(9600K), 0.0052280 secs] 11326K->1737K(13888K), [Perm : 5137K->5137K(21248K)], 0.0052810 secs] [Times: user=0.00 sys=0.00, real=0.00 secs] 
282.424: Total time for which application threads were stopped: 0.0092280 seconds, Stopping threads took: 0.0038670 seconds
282.425: Application time: 0.0006440 seconds
282.425: [GC282.425: [DefNew: 3804K->420K(4288K), 0.0008490 secs] 5542K->5479K(13888K), 0.0008690 secs] [Times: user=0.00 sys=0.00, real=0.00 secs] 
282.426: Total time for which application threads were stopped: 0.0011860 seconds, Stopping threads took: 0.0002680 seconds
282.427: Application time: 0.0007030 seconds
282.480: [GC282.480: [DefNew: 4241K->391K(4288K), 0.0005370 secs] 9300K->7041K(13888K), 0.0005590 secs] [Times: user=0.00 sys=0.00, real=0.00 secs] 
282.481: Total time for which application threads were stopped: 0.0539410 seconds, Stopping threads took: 0.0533240 seconds
282.481: Application time: 0.0008510 seconds
282.551: [GC282.552: [DefNew: 4216K->4216K(4288K), 0.0000080 secs]282.552: [Tenured: 6650K->4500K(9600K), 0.0057430 secs] 10866K->4500K(13888K), [Perm : 5137K->5137K(21248K)], 0.0057950 secs] [Times: user=0.01 sys=0.00, real=0.01 secs] 
282.557: Total time for which application threads were stopped: 0.0759120 seconds, Stopping threads took: 0.0700380 seconds
282.558: Application time: 0.0007100 seconds
282.607: [GC282.607: [DefNew: 3630K->391K(4288K), 0.0009740 secs] 8130K->8017K(13888K), 0.0010000 secs] [Times: user=0.00 sys=0.00, real=0.00 secs] 
282.608: Total time for which application threads were stopped: 0.0502440 seconds, Stopping threads took: 0.0491910 seconds
282.609: Application time: 0.0005400 seconds
282.657: [GC282.657: [DefNew: 4214K->4214K(4288K), 0.0000070 secs]282.657: [Tenured: 7625K->5477K(9600K), 0.0062380 secs] 11840K->5477K(13888K), [Perm : 5137K->5137K(21248K)], 0.0062820 secs] [Times: user=0.01 sys=0.00, real=0.00 secs] 
282.664: Total time for which application threads were stopped: 0.0549580 seconds, Stopping threads took: 0.0485990 seconds
282.665: Application time: 0.0008710 seconds
282.735: [GC282.735: [DefNew: 3610K->420K(4288K), 0.0007540 secs] 9087K->7752K(13888K), 0.0007840 secs] [Times: user=0.00 sys=0.00, real=0.00 secs] 
282.736: Total time for which application threads were stopped: 0.0709040 seconds, Stopping threads took: 0.0700440 seconds
282.736: Application time: 0.0004200 seconds
282.769: [GC282.769: [DefNew: 4243K->4243K(4288K), 0.0000050 secs]282.769: [Tenured: 7332K->5253K(9600K), 0.0059930 secs] 11576K->5253K(13888K), [Perm : 5137K->5137K(21248K)], 0.0060380 secs] [Times: user=0.01 sys=0.00, real=0.01 secs] 
282.775: Total time for which application threads were stopped: 0.0391040 seconds, Stopping threads took: 0.0330130 seconds
282.776: Application time: 0.0006310 seconds
282.822: [GC282.822: [DefNew: 3823K->391K(4288K), 0.0008660 secs] 9077K->8477K(13888K), 0.0008880 secs] [Times: user=0.00 sys=0.00, real=0.00 secs] 
282.822: Total time for which application threads were stopped: 0.0467880 seconds, Stopping threads took: 0.0458350 seconds
282.894: Application time: 0.0717790 seconds
282.897: [GC282.897: [DefNew: 4216K->4216K(4288K), 0.0000100 secs]282.897: [Tenured: 8086K->2128K(9600K), 0.0056210 secs] 12302K->2128K(13888K), [Perm : 5137K->5137K(21248K)], 0.0056750 secs] [Times: user=0.01 sys=0.00, real=0.00 secs] 
282.902: Total time for which application threads were stopped: 0.0082180 seconds, Stopping threads took: 0.0024620 seconds
282.903: Application time: 0.0006290 seconds
282.953: [GC282.953: [DefNew: 3825K->392K(4288K), 0.0008720 secs] 5954K->5645K(13888K), 0.0008950 secs] [Times: user=0.00 sys=0.00, real=0.00 secs] 
282.953: Total time for which application threads were stopped: 0.0502880 seconds, Stopping threads took: 0.0493250 seconds
282.954: Application time: 0.0006050 seconds
283.003: [GC283.003: [DefNew: 4211K->390K(4288K), 0.0006900 secs] 9464K->7794K(13888K), 0.0007130 secs] [Times: user=0.00 sys=0.00, real=0.00 secs] 
283.003: Total time for which application threads were stopped: 0.0492810 seconds, Stopping threads took: 0.0484910 seconds
283.004: Application time: 0.0007290 seconds
283.074: [GC283.074: [DefNew: 4196K->4196K(4288K), 0.0000090 secs]283.074: [Tenured: 7403K->3817K(9600K), 0.0058360 secs] 11600K->3817K(13888K), [Perm : 5137K->5137K(21248K)], 0.0058860 secs] [Times: user=0.01 sys=0.00, real=0.00 secs] 
283.080: Total time for which application threads were stopped: 0.0760080 seconds, Stopping threads took: 0.0700440 seconds
283.081: Application time: 0.0006180 seconds
283.114: [GC283.114: [DefNew: 3825K->391K(4288K), 0.0009810 secs] 7642K->7529K(13888K), 0.0010130 secs] [Times: user=0.00 sys=0.00, real=0.00 secs] 
283.115: Total time for which application threads were stopped: 0.0346940 seconds, Stopping threads took: 0.0336100 seconds
283.116: Application time: 0.0008770 seconds
283.168: [GC283.168: [DefNew: 4213K->4213K(4288K), 0.0000070 secs]283.168: [Tenured: 7137K->4988K(9600K), 0.0058470 secs] 11350K->4988K(13888K), [Perm : 5137K->5137K(21248K)], 0.0058910 secs] [Times: user=0.00 sys=0.00, real=0.01 secs] 
283.174: Total time for which application threads were stopped: 0.0573490 seconds, Stopping threads took: 0.0513800 seconds
283.175: Application time: 0.0009680 seconds
283.244: [GC283.244: [DefNew: 3825K->391K(4288K), 0.0010140 secs] 8814K->8114K(13888K), 0.0010430 secs] [Times: user=0.00 sys=0.00, real=0.00 secs] 
283.246: Total time for which application threads were stopped: 0.0709490 seconds, Stopping threads took: 0.0698300 seconds
283.246: Application time: 0.0005030 seconds
283.316: [GC283.316: [DefNew: 4119K->4119K(4288K), 0.0000060 secs]283.316: [Tenured: 7723K->3886K(9600K), 0.0060430 secs] 11842K->3886K(13888K), [Perm : 5137K->5137K(21248K)], 0.0060900 secs] [Times: user=0.00 sys=0.00, real=0.00 secs] 
283.322: Total time for which application threads were stopped: 0.0762150 seconds, Stopping threads took: 0.0700460 seconds
283.323: Application time: 0.0005900 seconds
283.371: [GC283.371: [DefNew: 3786K->440K(4288K), 0.0008090 secs] 7673K->6678K(13888K), 0.0008350 secs] [Times: user=0.00 sys=0.00, real=0.00 secs] 
283.372: Total time for which application threads were stopped: 0.0490240 seconds, Stopping threads took: 0.0481170 seconds
283.372: Application time: 0.0004190 seconds
283.439: [GC283.439: [DefNew: 4266K->4266K(4288K), 0.0000060 secs]283.439: [Tenured: 6238K->4920K(9600K), 0.0058490 secs] 10504K->4920K(13888K), [Perm : 5137K->5137K(21248K)], 0.0058900 secs] [Times: user=0.01 sys=0.00, real=0.01 secs] 
283.445: Total time for which application threads were stopped: 0.0730860 seconds, Stopping threads took: 0.0671460 seconds
283.446: Application time: 0.0004740 seconds
283.493: [GC283.493: [DefNew: 3727K->391K(4288K), 0.0007940 secs] 8647K->7753K(13888K), 0.0008190 secs] [Times: user=0.01 sys=0.00, real=0.00 secs] 
283.494: Total time for which application threads were stopped: 0.0477280 seconds, Stopping threads took: 0.0468370 seconds
283.494: Application time: 0.0007570 seconds
283.558: [GC283.558: [DefNew: 4212K->4212K(4288K), 0.0000070 secs]283.558: [Tenured: 7361K->6189K(9600K), 0.0060490 secs] 11574K->6189K(13888K), [Perm : 5137K->5137K(21248K)], 0.0060990 secs] [Times: user=0.00 sys=0.00, real=0.00 secs] 
283.564: Total time for which application threads were stopped: 0.0694680 seconds, Stopping threads took: 0.0633010 seconds
283.565: Application time: 0.0009750 seconds
283.636: [GC283.636: [DefNew: 3825K->3825K(4288K), 0.0000090 secs]283.636: [Tenured: 6189K->4627K(9600K), 0.0063780 secs] 10014K->4627K(13888K), [Perm : 5137K->5137K(21248K)], 0.0064280 secs] [Times: user=0.01 sys=0.00, real=0.00 secs] 
283.642: Total time for which application threads were stopped: 0.0772840 seconds, Stopping threads took: 0.0707760 seconds
283.643: Application time: 0.0006520 seconds
283.677: [GC283.677: [DefNew: 3727K->391K(4288K), 0.0009600 secs] 8355K->8144K(13888K), 0.0009880 secs] [Times: user=0.00 sys=0.00, real=0.00 secs] 
283.678: Total time for which application threads were stopped: 0.0356140 seconds, Stopping threads took: 0.0345620 seconds
283.679: Application time: 0.0007060 seconds
283.727: [GC283.727: [DefNew: 4215K->4215K(4288K), 0.0000080 secs]283.727: [Tenured: 7752K->5448K(9600K), 0.0067060 secs] 11967K->5448K(13888K), [Perm : 5137K->5137K(21248K)], 0.0067500 secs] [Times: user=0.01 sys=0.00, real=0.01 secs] 
283.734: Total time for which application threads were stopped: 0.0546910 seconds, Stopping threads took: 0.0478840 seconds
283.735: Application time: 0.0009350 seconds
283.805: [GC283.805: [DefNew: 3825K->391K(4288K), 0.0008230 secs] 9274K->7988K(13888K), 0.0008530 secs] [Times: user=0.00 sys=0.00, real=0.00 secs] 
283.805: Total time for which application threads were stopped: 0.0707690 seconds, Stopping threads took: 0.0698410 seconds
283.806: Application time: 0.0003740 seconds
283.856: [GC283.856: [DefNew: 4216K->4216K(4288K), 0.0000090 secs]283.856: [Tenured: 7597K->4472K(9600K), 0.0057510 secs] 11814K->4472K(13888K), [Perm : 5137K->5137K(21248K)], 0.0058070 secs] [Times: user=0.01 sys=0.00, real=0.00 secs] 
283.862: Total time for which application threads were stopped: 0.0562450 seconds, Stopping threads took: 0.0503530 seconds
283.863: Application time: 0.0004810 seconds
283.896: [GC283.896: [DefNew: 3823K->391K(4288K), 0.0008550 secs] 8296K->7696K(13888K), 0.0008750 secs] [Times: user=0.00 sys=0.00, real=0.00 secs] 
283.897: Total time for which application threads were stopped: 0.0341560 seconds, Stopping threads took: 0.0332320 seconds
283.969: Application time: 0.0725280 seconds
283.972: [GC283.972: [DefNew: 4216K->4216K(4288K), 0.0000090 secs]283.972: [Tenured: 7305K->1738K(9600K), 0.0058200 secs] 11521K->1738K(13888K), [Perm : 5137K->5137K(21248K)], 0.0058710 secs] [Times: user=0.00 sys=0.00, real=0.01 secs] 
283.978: Total time for which application threads were stopped: 0.0083520 seconds, Stopping threads took: 0.0024010 seconds
283.978: Application time: 0.0005910 seconds
283.979: [GC283.979: [DefNew: 3580K->440K(4288K), 0.0008580 secs] 5319K->5304K(13888K), 0.0008750 secs] [Times: user=0.00 sys=0.00, real=0.00 secs] 
283.979: Total time for which application threads were stopped: 0.0012840 seconds, Stopping threads took: 0.0003480 seconds
283.980: Application time: 0.0005150 seconds
284.013: [GC284.013: [DefNew: 4092K->419K(4288K), 0.0009200 secs] 8956K->8311K(13888K), 0.0009410 secs] [Times: user=0.00 sys=0.00, real=0.00 secs] 
284.014: Total time for which application threads were stopped: 0.0344150 seconds, Stopping threads took: 0.0334100 seconds
284.087: Application time: 0.0721900 seconds
284.090: [GC284.090: [DefNew: 4244K->4244K(4288K), 0.0000090 secs]284.090: [Tenured: 7892K->1571K(9600K), 0.0058360 secs] 12136K->1571K(13888K), [Perm : 5137K->5137K(21248K)], 0.0058860 secs] [Times: user=0.01 sys=0.00, real=0.01 secs] 
284.096: Total time for which application threads were stopped: 0.0090690 seconds, Stopping threads took: 0.0030970 seconds
284.096: Application time: 0.0006160 seconds
284.097: [GC284.097: [DefNew: 3727K->392K(4288K), 0.0008500 secs] 5299K->5284K(13888K), 0.0008670 secs] [Times: user=0.00 sys=0.00, real=0.00 secs] 
284.098: Total time for which application threads were stopped: 0.0012210 seconds, Stopping threads took: 0.0003040 seconds
284.099: Application time: 0.0010400 seconds
284.141: [GC284.141: [DefNew: 4217K->391K(4288K), 0.0007720 secs] 9109K->7822K(13888K), 0.0007930 secs] [Times: user=0.00 sys=0.00, real=0.00 secs] 
284.142: Total time for which application threads were stopped: 0.0433020 seconds, Stopping threads took: 0.0424680 seconds
284.143: Application time: 0.0008280 seconds
284.213: [GC284.213: [DefNew: 4216K->4216K(4288K), 0.0000080 secs]284.213: [Tenured: 7431K->4277K(9600K), 0.0061430 secs] 11648K->4277K(13888K), [Perm : 5137K->5137K(21248K)], 0.0061910 secs] [Times: user=0.00 sys=0.00, real=0.00 secs] 
284.219: Total time for which application threads were stopped: 0.0763880 seconds, Stopping threads took: 0.0701190 seconds
284.220: Application time: 0.0006770 seconds
284.254: [GC284.254: [DefNew: 3825K->391K(4288K), 0.0009680 secs] 8102K->7793K(13888K), 0.0009930 secs] [Times: user=0.00 sys=0.00, real=0.00 secs] 
284.255: Total time for which application threads were stopped: 0.0350000 seconds, Stopping threads took: 0.0339350 seconds
284.255: Application time: 0.0007070 seconds
284.325: [GC284.325: [DefNew: 4177K->4177K(4288K), 0.0000080 secs]284.325: [Tenured: 7402K->3162K(9600K), 0.0055140 secs] 11580K->3162K(13888K), [Perm : 5137K->5137K(21248K)], 0.0055640 secs] [Times: user=0.00 sys=0.00, real=0.00 secs] 
284.331: Total time for which application threads were stopped: 0.0751870 seconds, Stopping threads took: 0.0695440 seconds
284.331: Application time: 0.0005060 seconds
284.364: [GC284.364: [DefNew: 3823K->391K(4288K), 0.0009090 secs] 6985K->6874K(13888K), 0.0009390 secs] [Times: user=0.00 sys=0.00, real=0.01 secs] 
284.365: Total time for which application threads were stopped: 0.0339640 seconds, Stopping threads took: 0.0329760 seconds
284.366: Application time: 0.0013030 seconds
284.436: [GC284.436: [DefNew: 4215K->4215K(4288K), 0.0000070 secs]284.436: [Tenured: 6482K->4725K(9600K), 0.0064200 secs] 10697K->4725K(13888K), [Perm : 5137K->5137K(21248K)], 0.0064650 secs] [Times: user=0.01 sys=0.00, real=0.00 secs] 
284.443: Total time for which application threads were stopped: 0.0761580 seconds, Stopping threads took: 0.0696160 seconds
284.444: Application time: 0.0009260 seconds
284.482: [GC284.482: [DefNew: 3708K->419K(4288K), 0.0009360 secs] 8433K->8075K(13888K), 0.0009620 secs] [Times: user=0.00 sys=0.00, real=0.00 secs] 
284.483: Total time for which application threads were stopped: 0.0390440 seconds, Stopping threads took: 0.0380100 seconds
284.483: Application time: 0.0005590 seconds
284.545: [GC284.545: [DefNew: 4225K->4225K(4288K), 0.0000070 secs]284.545: [Tenured: 7655K->4195K(9600K), 0.0063760 secs] 11881K->4195K(13888K), [Perm : 5137K->5137K(21248K)], 0.0064210 secs] [Times: user=0.00 sys=0.00, real=0.00 secs] 
284.552: Total time for which application threads were stopped: 0.0686430 seconds, Stopping threads took: 0.0621460 seconds
284.552: Application time: 0.0005530 seconds
284.617: [GC284.617: [DefNew: 3630K->391K(4288K), 0.0008250 secs] 7825K->7126K(13888K), 0.0008480 secs] [Times: user=0.00 sys=0.00, real=0.00 secs] 
284.618: Total time for which application threads were stopped: 0.0659470 seconds, Stopping threads took: 0.0650210 seconds
284.619: Application time: 0.0004200 seconds
284.667: [GC284.667: [DefNew: 4113K->4113K(4288K), 0.0000070 secs]284.667: [Tenured: 6734K->7109K(9600K), 0.0068600 secs] 10848K->7109K(13888K), [Perm : 5137K->5137K(21248K)], 0.0069030 secs] [Times: user=0.01 sys=0.00, real=0.01 secs] 
284.674: Total time for which application threads were stopped: 0.0553530 seconds, Stopping threads took: 0.0483740 seconds
284.750: Application time: 0.0761400 seconds
284.763: [GC284.763: [DefNew: 3825K->3825K(4288K), 0.0000100 secs]284.763: [Tenured: 7109K->2324K(9600K), 0.0046230 secs] 10934K->2324K(13888K), [Perm : 5137K->5137K(21248K)], 0.0046790 secs] [Times: user=0.01 sys=0.00, real=0.01 secs] 
284.768: Total time for which application threads were stopped: 0.0179690 seconds, Stopping threads took: 0.0132180 seconds
284.769: Application time: 0.0004730 seconds
284.803: [GC284.803: [DefNew: 3825K->392K(4288K), 0.0008470 secs] 6150K->6037K(13888K), 0.0008710 secs] [Times: user=0.00 sys=0.00, real=0.00 secs] 
284.804: Total time for which application threads were stopped: 0.0354300 seconds, Stopping threads took: 0.0345010 seconds
284.805: Application time: 0.0013160 seconds
284.869: [GC284.870: [DefNew: 4113K->4113K(4288K), 0.0000090 secs]284.870: [Tenured: 5644K->4472K(9600K), 0.0053560 secs] 9758K->4472K(13888K), [Perm : 5137K->5137K(21248K)], 0.0054110 secs] [Times: user=0.01 sys=0.00, real=0.01 secs] 
284.875: Total time for which application threads were stopped: 0.0695540 seconds, Stopping threads took: 0.0640590 seconds
284.876: Application time: 0.0006380 seconds
284.935: [GC284.935: [DefNew: 3806K->420K(4288K), 0.0007860 secs] 8278K->7041K(13888K), 0.0008100 secs] [Times: user=0.00 sys=0.00, real=0.00 secs] 
284.936: Total time for which application threads were stopped: 0.0599500 seconds, Stopping threads took: 0.0590900 seconds
284.936: Application time: 0.0004120 seconds
284.970: [GC284.970: [DefNew: 4245K->4245K(4288K), 0.0000080 secs]284.970: [Tenured: 6621K->6649K(9600K), 0.0067190 secs] 10867K->6649K(13888K), [Perm : 5137K->5137K(21248K)], 0.0067610 secs] [Times: user=0.01 sys=0.00, real=0.01 secs] 
284.976: Total time for which application threads were stopped: 0.0405140 seconds, Stopping threads took: 0.0336990 seconds
285.048: Application time: 0.0715970 seconds
285.049: [GC285.049: [DefNew: 3727K->3727K(4288K), 0.0000100 secs]285.049: [Tenured: 6649K->1738K(9600K), 0.0058970 secs] 10377K->1738K(13888K), [Perm : 5137K->5137K(21248K)], 0.0059590 secs] [Times: user=0.00 sys=0.00, real=0.01 secs] 
285.055: Total time for which application threads were stopped: 0.0073600 seconds, Stopping threads took: 0.0013410 seconds
285.056: Application time: 0.0006250 seconds
285.056: [GC285.056: [DefNew: 3725K->392K(4288K), 0.0008700 secs] 5464K->5451K(13888K), 0.0008870 secs] [Times: user=0.00 sys=0.00, real=0.00 secs] 
285.057: Total time for which application threads were stopped: 0.0011110 seconds, Stopping threads took: 0.0001850 seconds
285.058: Application time: 0.0013180 seconds
285.120: [GC285.120: [DefNew: 4215K->293K(4288K), 0.0005690 secs] 9274K->6915K(13888K), 0.0005900 secs] [Times: user=0.00 sys=0.00, real=0.00 secs] 
285.121: Total time for which application threads were stopped: 0.0624010 seconds, Stopping threads took: 0.0617420 seconds
285.122: Application time: 0.0007350 seconds
285.184: [GC285.184: [DefNew: 4099K->4099K(4288K), 0.0000070 secs]285.184: [Tenured: 6622K->4403K(9600K), 0.0057460 secs] 10722K->4403K(13888K), [Perm : 5137K->5137K(21248K)], 0.0057920 secs] [Times: user=0.00 sys=0.00, real=0.01 secs] 
285.189: Total time for which application threads were stopped: 0.0677450 seconds, Stopping threads took: 0.0618780 seconds
285.190: Application time: 0.0005430 seconds
285.223: [GC285.223: [DefNew: 3727K->391K(4288K), 0.0009720 secs] 8131K->7920K(13888K), 0.0009970 secs] [Times: user=0.00 sys=0.00, real=0.00 secs] 
285.224: Total time for which application threads were stopped: 0.0343910 seconds, Stopping threads took: 0.0333150 seconds
285.225: Application time: 0.0007340 seconds
285.274: [GC285.274: [DefNew: 4211K->4211K(4288K), 0.0000070 secs]285.274: [Tenured: 7529K->6552K(9600K), 0.0068610 secs] 11740K->6552K(13888K), [Perm : 5137K->5137K(21248K)], 0.0069070 secs] [Times: user=0.01 sys=0.00, real=0.00 secs] 
285.281: Total time for which application threads were stopped: 0.0559830 seconds, Stopping threads took: 0.0490010 seconds
285.352: Application time: 0.0713940 seconds
285.355: [GC285.355: [DefNew: 3825K->3825K(4288K), 0.0000090 secs]285.355: [Tenured: 6552K->1767K(9600K), 0.0051830 secs] 10377K->1767K(13888K), [Perm : 5137K->5137K(21248K)], 0.0052330 secs] [Times: user=0.00 sys=0.00, real=0.00 secs] 
285.360: Total time for which application threads were stopped: 0.0080570 seconds, Stopping threads took: 0.0027450 seconds
285.361: Application time: 0.0005850 seconds
285.361: [GC285.361: [DefNew: 3735K->400K(4288K), 0.0008480 secs] 5503K->5488K(13888K), 0.0008650 secs] [Times: user=0.00 sys=0.00, real=0.00 secs] 
285.362: Total time for which application threads were stopped: 0.0012400 seconds, Stopping threads took: 0.0003240 seconds
285.363: Application time: 0.0009330 seconds
285.428: [GC285.428: [DefNew: 4094K->419K(4288K), 0.0006700 secs] 9181K->7168K(13888K), 0.0006950 secs] [Times: user=0.00 sys=0.00, real=0.00 secs] 
285.429: Total time for which application threads were stopped: 0.0652720 seconds, Stopping threads took: 0.0645100 seconds
285.429: Application time: 0.0003860 seconds
285.482: [GC285.482: [DefNew: 4049K->4049K(4288K), 0.0000060 secs]285.482: [Tenured: 6748K->4082K(9600K), 0.0057560 secs] 10798K->4082K(13888K), [Perm : 5137K->5137K(21248K)], 0.0058030 secs] [Times: user=0.01 sys=0.00, real=0.01 secs] 
285.488: Total time for which application threads were stopped: 0.0587210 seconds, Stopping threads took: 0.0528410 seconds
285.488: Application time: 0.0005970 seconds
285.489: [GC285.489: [DefNew: 3819K->391K(4288K), 0.0009170 secs] 7902K->7892K(13888K), 0.0009400 secs] [Times: user=0.00 sys=0.00, real=0.00 secs] 
285.490: Total time for which application threads were stopped: 0.0012870 seconds, Stopping threads took: 0.0002900 seconds
285.561: Application time: 0.0716700 seconds
285.564: [GC285.564: [DefNew: 4216K->4216K(4288K), 0.0000090 secs]285.564: [Tenured: 7501K->3106K(9600K), 0.0049060 secs] 11717K->3106K(13888K), [Perm : 5137K->5137K(21248K)], 0.0049690 secs] [Times: user=0.01 sys=0.00, real=0.01 secs] 
285.569: Total time for which application threads were stopped: 0.0074410 seconds, Stopping threads took: 0.0023910 seconds
285.569: Application time: 0.0005060 seconds
285.603: [GC285.603: [DefNew: 3727K->391K(4288K), 0.0007770 secs] 6834K->6232K(13888K), 0.0007970 secs] [Times: user=0.00 sys=0.00, real=0.00 secs] 
285.603: Total time for which application threads were stopped: 0.0343230 seconds, Stopping threads took: 0.0334620 seconds
285.604: Application time: 0.0006020 seconds
285.638: [GC285.638: [DefNew: 4212K->4212K(4288K), 0.0000070 secs]285.638: [Tenured: 5841K->5254K(9600K), 0.0063590 secs] 10054K->5254K(13888K), [Perm : 5137K->5137K(21248K)], 0.0064070 secs] [Times: user=0.01 sys=0.00, real=0.00 secs] 
285.644: Total time for which application threads were stopped: 0.0401170 seconds, Stopping threads took: 0.0336210 seconds
285.645: Application time: 0.0008160 seconds
285.715: [GC285.715: [DefNew: 3825K->391K(4288K), 0.0007720 secs] 9080K->7599K(13888K), 0.0008020 secs] [Times: user=0.00 sys=0.00, real=0.00 secs] 
285.716: Total time for which application threads were stopped: 0.0707120 seconds, Stopping threads took: 0.0698360 seconds
285.716: Application time: 0.0004100 seconds
285.764: [GC285.764: [DefNew: 4021K->4021K(4288K), 0.0000060 secs]285.764: [Tenured: 7208K->5157K(9600K), 0.0058870 secs] 11229K->5157K(13888K), [Perm : 5137K->5137K(21248K)], 0.0059320 secs] [Times: user=0.01 sys=0.00, real=0.01 secs] 
285.770: Total time for which application threads were stopped: 0.0535320 seconds, Stopping threads took: 0.0475260 seconds
285.770: Application time: 0.0007800 seconds
285.836: [GC285.836: [DefNew: 3821K->391K(4288K), 0.0007930 secs] 8979K->7697K(13888K), 0.0008190 secs] [Times: user=0.00 sys=0.00, real=0.00 secs] 
285.837: Total time for which application threads were stopped: 0.0666630 seconds, Stopping threads took: 0.0657900 seconds
285.837: Application time: 0.0003880 seconds
285.906: [GC285.906: [DefNew: 4118K->4118K(4288K), 0.0000100 secs]285.906: [Tenured: 7306K->4082K(9600K), 0.0056800 secs] 11425K->4082K(13888K), [Perm : 5137K->5137K(21248K)], 0.0057350 secs] [Times: user=0.01 sys=0.00, real=0.00 secs] 
285.912: Total time for which application threads were stopped: 0.0744830 seconds, Stopping threads took: 0.0686630 seconds
285.912: Application time: 0.0004490 seconds
285.946: [GC285.946: [DefNew: 3825K->391K(4288K), 0.0009070 secs] 7908K->7599K(13888K), 0.0015990 secs] [Times: user=0.00 sys=0.00, real=0.00 secs] 
285.947: Total time for which application threads were stopped: 0.0349420 seconds, Stopping threads took: 0.0332780 seconds
286.019: Application time: 0.0718760 seconds
286.021: [GC286.021: [DefNew: 4197K->4197K(4288K), 0.0000090 secs]286.021: [Tenured: 7207K->1962K(9600K), 0.0059140 secs] 11405K->1962K(13888K), [Perm : 5137K->5137K(21248K)], 0.0059650 secs] [Times: user=0.00 sys=0.00, real=0.01 secs] 
286.027: Total time for which application threads were stopped: 0.0079160 seconds, Stopping threads took: 0.0018690 seconds
286.028: Application time: 0.0005890 seconds
286.028: [GC286.028: [DefNew: 3725K->392K(4288K), 0.0008650 secs] 5688K->5675K(13888K), 0.0008860 secs] [Times: user=0.00 sys=0.00, real=0.00 secs] 
286.029: Total time for which application threads were stopped: 0.0009970 seconds, Stopping threads took: 0.0000640 seconds
286.030: Application time: 0.0017030 seconds
286.100: [GC286.100: [DefNew: 4115K->391K(4288K), 0.0003640 secs] 9398K->6065K(13888K), 0.0003890 secs] [Times: user=0.00 sys=0.00, real=0.00 secs] 
286.101: Total time for which application threads were stopped: 0.0702760 seconds, Stopping threads took: 0.0698390 seconds
286.101: Application time: 0.0003200 seconds
286.145: [GC286.145: [DefNew: 4119K->4119K(4288K), 0.0000070 secs]286.145: [Tenured: 5674K->4502K(9600K), 0.0063470 secs] 9793K->4502K(13888K), [Perm : 5137K->5137K(21248K)], 0.0063900 secs] [Times: user=0.00 sys=0.00, real=0.00 secs] 
286.151: Total time for which application threads were stopped: 0.0499980 seconds, Stopping threads took: 0.0435260 seconds
286.152: Application time: 0.0007100 seconds
286.185: [GC286.185: [DefNew: 3719K->391K(4288K), 0.0007600 secs] 8221K->7628K(13888K), 0.0007920 secs] [Times: user=0.00 sys=0.00, real=0.00 secs] 
286.186: Total time for which application threads were stopped: 0.0342150 seconds, Stopping threads took: 0.0333630 seconds
286.189: Application time: 0.0030110 seconds
286.258: [GC286.258: [DefNew: 4216K->4216K(4288K), 0.0000090 secs]286.258: [Tenured: 7237K->2744K(9600K), 0.0050640 secs] 11453K->2744K(13888K), [Perm : 5137K->5137K(21248K)], 0.0051200 secs] [Times: user=0.01 sys=0.00, real=0.00 secs] 
286.263: Total time for which application threads were stopped: 0.0737690 seconds, Stopping threads took: 0.0685790 seconds
286.263: Application time: 0.0005330 seconds
286.296: [GC286.296: [DefNew: 3825K->392K(4288K), 0.0008740 secs] 6570K->6457K(13888K), 0.0008950 secs] [Times: user=0.01 sys=0.00, real=0.00 secs] 
286.297: Total time for which application threads were stopped: 0.0339060 seconds, Stopping threads took: 0.0329650 seconds
286.298: Application time: 0.0004300 seconds
286.345: [GC286.345: [DefNew: 4217K->4217K(4288K), 0.0000060 secs]286.345: [Tenured: 6065K->5644K(9600K), 0.0066600 secs] 10282K->5644K(13888K), [Perm : 5137K->5137K(21248K)], 0.0067040 secs] [Times: user=0.00 sys=0.00, real=0.00 secs] 
286.352: Total time for which application threads were stopped: 0.0545150 seconds, Stopping threads took: 0.0477350 seconds
286.353: Application time: 0.0009720 seconds
286.423: [GC286.423: [DefNew: 3786K->440K(4288K), 0.0008640 secs] 9431K->8241K(13888K), 0.0008940 secs] [Times: user=0.00 sys=0.00, real=0.00 secs] 
286.424: Total time for which application threads were stopped: 0.0708680 seconds, Stopping threads took: 0.0698970 seconds
286.424: Application time: 0.0004220 seconds
286.473: [GC286.473: [DefNew: 4265K->4265K(4288K), 0.0000070 secs]286.473: [Tenured: 7801K->4530K(9600K), 0.0064250 secs] 12067K->4530K(13888K), [Perm : 5137K->5137K(21248K)], 0.0064650 secs] [Times: user=0.01 sys=0.00, real=0.00 secs] 
286.480: Total time for which application threads were stopped: 0.0554730 seconds, Stopping threads took: 0.0489350 seconds
286.480: Application time: 0.0005080 seconds
286.528: [GC286.528: [DefNew: 3721K->293K(4288K), 0.0008730 secs] 8251K->7949K(13888K), 0.0008970 secs] [Times: user=0.00 sys=0.00, real=0.00 secs] 
286.529: Total time for which application threads were stopped: 0.0482350 seconds, Stopping threads took: 0.0472680 seconds
286.601: Application time: 0.0721070 seconds
286.602: [GC286.602: [DefNew: 4126K->4126K(4288K), 0.0000090 secs]286.602: [Tenured: 7655K->2390K(9600K), 0.0059870 secs] 11782K->2390K(13888K), [Perm : 5137K->5137K(21248K)], 0.0060370 secs] [Times: user=0.01 sys=0.00, real=0.01 secs] 
286.608: Total time for which application threads were stopped: 0.0070540 seconds, Stopping threads took: 0.0009400 seconds
286.608: Application time: 0.0006790 seconds
286.642: [GC286.642: [DefNew: 3581K->441K(4288K), 0.0008180 secs] 5971K->5574K(13888K), 0.0008410 secs] [Times: user=0.01 sys=0.00, real=0.00 secs] 
286.643: Total time for which application threads were stopped: 0.0341650 seconds, Stopping threads took: 0.0332560 seconds
286.643: Application time: 0.0005170 seconds
286.676: [GC286.676: [DefNew: 4244K->419K(4288K), 0.0009590 secs] 9378K->9020K(13888K), 0.0009810 secs] [Times: user=0.00 sys=0.00, real=0.00 secs] 
286.677: Total time for which application threads were stopped: 0.0339830 seconds, Stopping threads took: 0.0329280 seconds
286.749: Application time: 0.0715480 seconds
286.753: [GC286.753: [DefNew: 4244K->4244K(4288K), 0.0000090 secs]286.753: [Tenured: 8600K->2662K(9600K), 0.0052780 secs] 12845K->2662K(13888K), [Perm : 5137K->5137K(21248K)], 0.0053330 secs] [Times: user=0.00 sys=0.00, real=0.00 secs] 
286.758: Total time for which application threads were stopped: 0.0095560 seconds, Stopping threads took: 0.0041400 seconds
286.759: Application time: 0.0005230 seconds
286.759: [GC286.759: [DefNew: 3825K->391K(4288K), 0.0008520 secs] 6488K->6472K(13888K), 0.0008810 secs] [Times: user=0.00 sys=0.00, real=0.00 secs] 
286.760: Total time for which application threads were stopped: 0.0013070 seconds, Stopping threads took: 0.0003610 seconds
286.831: Application time: 0.0712750 seconds
286.833: [GC286.834: [DefNew: 4216K->4216K(4288K), 0.0000080 secs]286.834: [Tenured: 6081K->1543K(9600K), 0.0059110 secs] 10297K->1543K(13888K), [Perm : 5137K->5137K(21248K)], 0.0059740 secs] [Times: user=0.01 sys=0.00, real=0.00 secs] 
286.839: Total time for which application threads were stopped: 0.0081110 seconds, Stopping threads took: 0.0020580 seconds
286.840: Application time: 0.0005640 seconds
286.840: [GC286.840: [DefNew: 3727K->392K(4288K), 0.0011580 secs] 5271K->5256K(13584K), 0.0011790 secs] [Times: user=0.01 sys=0.00, real=0.00 secs] 
286.842: Total time for which application threads were stopped: 0.0014500 seconds, Stopping threads took: 0.0002170 seconds
286.845: Application time: 0.0030040 seconds
286.914: [GC286.914: [DefNew: 4215K->0K(4288K), 0.0002490 secs] 9079K->5061K(13584K), 0.0002780 secs] [Times: user=0.00 sys=0.00, real=0.00 secs] 
286.914: Total time for which application threads were stopped: 0.0696150 seconds, Stopping threads took: 0.0692840 seconds
286.914: Application time: 0.0002460 seconds
286.915: [GC286.915: [DefNew: 3728K->391K(4288K), 0.0007800 secs] 8789K->8772K(13584K), 0.0008010 secs] [Times: user=0.00 sys=0.00, real=0.00 secs] 
286.915: Total time for which application threads were stopped: 0.0010080 seconds, Stopping threads took: 0.0001650 seconds
286.917: Application time: 0.0011380 seconds
286.979: [GC286.980: [DefNew: 4214K->4214K(4288K), 0.0000070 secs]286.980: [Tenured: 8381K->5840K(9296K), 0.0068240 secs] 12595K->5840K(13584K), [Perm : 5137K->5137K(21248K)], 0.0068810 secs] [Times: user=0.01 sys=0.00, real=0.01 secs] 
286.986: Total time for which application threads were stopped: 0.0698760 seconds, Stopping threads took: 0.0629180 seconds
286.988: Application time: 0.0013020 seconds
287.059: [GC287.059: [DefNew: 3513K->420K(4288K), 0.0002950 secs] 9353K->6260K(13888K), 0.0003240 secs] [Times: user=0.00 sys=0.00, real=0.00 secs] 
287.059: Total time for which application threads were stopped: 0.0711990 seconds, Stopping threads took: 0.0708230 seconds
287.059: Application time: 0.0002870 seconds
287.060: [GC287.060: [DefNew: 4146K->4146K(4288K), 0.0000060 secs]287.060: [Tenured: 5840K->5478K(9600K), 0.0064290 secs] 9986K->5478K(13888K), [Perm : 5137K->5137K(21248K)], 0.0064720 secs] [Times: user=0.01 sys=0.00, real=0.01 secs] 
287.066: Total time for which application threads were stopped: 0.0068610 seconds, Stopping threads took: 0.0003120 seconds
287.067: Application time: 0.0006200 seconds
287.133: [GC287.133: [DefNew: 3825K->391K(4288K), 0.0008010 secs] 9303K->8409K(13888K), 0.0008240 secs] [Times: user=0.00 sys=0.00, real=0.00 secs] 
287.133: Total time for which application threads were stopped: 0.0666760 seconds, Stopping threads took: 0.0657800 seconds
287.134: Application time: 0.0010400 seconds
287.205: [GC287.205: [DefNew: 4216K->4216K(4288K), 0.0000100 secs]287.205: [Tenured: 8018K->3818K(9600K), 0.0055890 secs] 12234K->3818K(13888K), [Perm : 5137K->5137K(21248K)], 0.0056420 secs] [Times: user=0.01 sys=0.00, real=0.00 secs] 
287.210: Total time for which application threads were stopped: 0.0759880 seconds, Stopping threads took: 0.0702660 seconds
287.211: Application time: 0.0007110 seconds
287.245: [GC287.245: [DefNew: 3680K->440K(4288K), 0.0009800 secs] 7498K->7383K(13888K), 0.0010040 secs] [Times: user=0.00 sys=0.00, real=0.00 secs] 
287.246: Total time for which application threads were stopped: 0.0353520 seconds, Stopping threads took: 0.0342770 seconds
287.247: Application time: 0.0004360 seconds
287.308: [GC287.308: [DefNew: 4196K->4196K(4288K), 0.0000080 secs]287.308: [Tenured: 6943K->4278K(9600K), 0.0062160 secs] 11139K->4278K(13888K), [Perm : 5137K->5137K(21248K)], 0.0062670 secs] [Times: user=0.00 sys=0.00, real=0.01 secs] 
287.315: Total time for which application threads were stopped: 0.0677360 seconds, Stopping threads took: 0.0614110 seconds
287.315: Application time: 0.0004900 seconds
287.349: [GC287.349: [DefNew: 3823K->391K(4288K), 0.0009280 secs] 8102K->7990K(13888K), 0.0009580 secs] [Times: user=0.01 sys=0.00, real=0.00 secs] 
287.350: Total time for which application threads were stopped: 0.0347960 seconds, Stopping threads took: 0.0337730 seconds
287.423: Application time: 0.0727580 seconds
287.424: [GC287.424: [DefNew: 4119K->4119K(4288K), 0.0000090 secs]287.424: [Tenured: 7599K->2129K(9600K), 0.0052800 secs] 11718K->2129K(13888K), [Perm : 5137K->5137K(21248K)], 0.0053330 secs] [Times: user=0.01 sys=0.00, real=0.01 secs] 
287.429: Total time for which application threads were stopped: 0.0064410 seconds, Stopping threads took: 0.0010270 seconds
287.430: Application time: 0.0006190 seconds
287.463: [GC287.463: [DefNew: 3825K->392K(4288K), 0.0008320 secs] 5955K->5647K(13888K), 0.0008500 secs] [Times: user=0.00 sys=0.00, real=0.00 secs] 
287.464: Total time for which application threads were stopped: 0.0341390 seconds, Stopping threads took: 0.0332270 seconds
287.465: Application time: 0.0008470 seconds
287.498: [GC287.498: [DefNew: 4209K->390K(4288K), 0.0005970 secs] 9464K->7404K(13888K), 0.0006180 secs] [Times: user=0.00 sys=0.00, real=0.00 secs] 
287.499: Total time for which application threads were stopped: 0.0341160 seconds, Stopping threads took: 0.0334360 seconds
287.499: Application time: 0.0006300 seconds
287.567: [GC287.567: [DefNew: 4216K->4216K(4288K), 0.0000080 secs]287.567: [Tenured: 7013K->3887K(9600K), 0.0061090 secs] 11229K->3887K(13888K), [Perm : 5137K->5137K(21248K)], 0.0061610 secs] [Times: user=0.00 sys=0.00, real=0.01 secs] 
287.573: Total time for which application threads were stopped: 0.0737780 seconds, Stopping threads took: 0.0675380 seconds
287.574: Application time: 0.0005400 seconds
287.621: [GC287.621: [DefNew: 3825K->391K(4288K), 0.0008720 secs] 7713K->7013K(13888K), 0.0008990 secs] [Times: user=0.00 sys=0.00, real=0.00 secs] 
287.622: Total time for which application threads were stopped: 0.0481340 seconds, Stopping threads took: 0.0471630 seconds
287.622: Application time: 0.0004010 seconds
287.656: [GC287.656: [DefNew: 4017K->4017K(4288K), 0.0000060 secs]287.656: [Tenured: 6622K->4864K(9600K), 0.0054290 secs] 10639K->4864K(13888K), [Perm : 5137K->5137K(21248K)], 0.0054710 secs] [Times: user=0.00 sys=0.00, real=0.00 secs] 
287.662: Total time for which application threads were stopped: 0.0393080 seconds, Stopping threads took: 0.0337610 seconds
287.662: Application time: 0.0007560 seconds
287.731: [GC287.731: [DefNew: 3708K->420K(4288K), 0.0006240 secs] 8572K->6651K(13888K), 0.0006500 secs] [Times: user=0.00 sys=0.00, real=0.00 secs] 
287.732: Total time for which application threads were stopped: 0.0691630 seconds, Stopping threads took: 0.0684540 seconds
287.732: Application time: 0.0003470 seconds
287.765: [GC287.765: [DefNew: 3952K->3952K(4288K), 0.0000070 secs]287.765: [Tenured: 6231K->4473K(9600K), 0.0056450 secs] 10184K->4473K(13888K), [Perm : 5137K->5137K(21248K)], 0.0056890 secs] [Times: user=0.01 sys=0.00, real=0.00 secs] 
287.771: Total time for which application threads were stopped: 0.0389500 seconds, Stopping threads took: 0.0331960 seconds
287.771: Application time: 0.0005250 seconds
287.805: [GC287.805: [DefNew: 3719K->391K(4288K), 0.0007870 secs] 8193K->7599K(13888K), 0.0008110 secs] [Times: user=0.00 sys=0.00, real=0.00 secs] 
287.806: Total time for which application threads were stopped: 0.0342970 seconds, Stopping threads took: 0.0334160 seconds
287.806: Application time: 0.0007770 seconds
287.877: [GC287.877: [DefNew: 4216K->4216K(4288K), 0.0000100 secs]287.877: [Tenured: 7208K->3790K(9600K), 0.0062320 secs] 11424K->3790K(13888K), [Perm : 5137K->5137K(21248K)], 0.0062890 secs] [Times: user=0.01 sys=0.00, real=0.00 secs] 
287.883: Total time for which application threads were stopped: 0.0766510 seconds, Stopping threads took: 0.0702780 seconds
287.884: Application time: 0.0005430 seconds
287.917: [GC287.917: [DefNew: 3825K->391K(4288K), 0.0009810 secs] 7615K->7502K(13888K), 0.0010120 secs] [Times: user=0.00 sys=0.00, real=0.00 secs] 
287.918: Total time for which application threads were stopped: 0.0340880 seconds, Stopping threads took: 0.0330050 seconds
287.918: Application time: 0.0006860 seconds
287.983: [GC287.983: [DefNew: 4117K->4117K(4288K), 0.0000060 secs]287.983: [Tenured: 7110K->4864K(9600K), 0.0057950 secs] 11227K->4864K(13888K), [Perm : 5137K->5137K(21248K)], 0.0058390 secs] [Times: user=0.00 sys=0.00, real=0.01 secs] 
287.989: Total time for which application threads were stopped: 0.0703820 seconds, Stopping threads took: 0.0644670 seconds
287.989: Application time: 0.0004930 seconds
288.041: [GC288.041: [DefNew: 3532K->391K(4288K), 0.0007000 secs] 8396K->7209K(13888K), 0.0007230 secs] [Times: user=0.00 sys=0.00, real=0.00 secs] 
288.042: Total time for which application threads were stopped: 0.0522900 seconds, Stopping threads took: 0.0514970 seconds
288.042: Application time: 0.0003470 seconds
288.078: [GC288.078: [DefNew: 4211K->4211K(4288K), 0.0000060 secs]288.078: [Tenured: 6817K->6817K(9600K), 0.0067310 secs] 11028K->6817K(13888K), [Perm : 5137K->5137K(21248K)], 0.0067730 secs] [Times: user=0.00 sys=0.00, real=0.01 secs] 
288.084: Total time for which application threads were stopped: 0.0424510 seconds, Stopping threads took: 0.0356020 seconds
288.157: Application time: 0.0725750 seconds
288.165: [GC288.165: [DefNew: 3727K->3727K(4288K), 0.0000090 secs]288.165: [Tenured: 6817K->1544K(9600K), 0.0051180 secs] 10545K->1544K(13888K), [Perm : 5137K->5137K(21248K)], 0.0051700 secs] [Times: user=0.01 sys=0.00, real=0.00 secs] 
288.171: Total time for which application threads were stopped: 0.0135970 seconds, Stopping threads took: 0.0083460 seconds
288.171: Application time: 0.0004890 seconds
288.171: [GC288.171: [DefNew: 3727K->392K(4288K), 0.0007840 secs] 5272K->5256K(13888K), 0.0008050 secs] [Times: user=0.00 sys=0.00, real=0.00 secs] 
288.172: Total time for which application threads were stopped: 0.0010690 seconds, Stopping threads took: 0.0001980 seconds
288.173: Application time: 0.0009570 seconds
288.207: [GC288.207: [DefNew: 4213K->391K(4288K), 0.0007470 secs] 9077K->7600K(13888K), 0.0007710 secs] [Times: user=0.00 sys=0.00, real=0.00 secs] 
288.208: Total time for which application threads were stopped: 0.0344540 seconds, Stopping threads took: 0.0336290 seconds
288.208: Application time: 0.0009140 seconds
288.277: [GC288.277: [DefNew: 4216K->4216K(4288K), 0.0000080 secs]288.278: [Tenured: 7209K->4278K(9600K), 0.0057320 secs] 11425K->4278K(13888K), [Perm : 5137K->5137K(21248K)], 0.0057840 secs] [Times: user=0.01 sys=0.00, real=0.00 secs] 
288.283: Total time for which application threads were stopped: 0.0747980 seconds, Stopping threads took: 0.0689270 seconds
288.284: Application time: 0.0006210 seconds
288.337: [GC288.337: [DefNew: 3708K->419K(4288K), 0.0009680 secs] 7986K->7628K(13888K), 0.0009970 secs] [Times: user=0.00 sys=0.00, real=0.00 secs] 
288.338: Total time for which application threads were stopped: 0.0542320 seconds, Stopping threads took: 0.0531600 seconds
288.339: Application time: 0.0005250 seconds
288.400: [GC288.400: [DefNew: 4128K->4128K(4288K), 0.0000070 secs]288.400: [Tenured: 7208K->4042K(9600K), 0.0055380 secs] 11336K->4042K(13888K), [Perm : 5137K->5137K(21248K)], 0.0055870 secs] [Times: user=0.01 sys=0.00, real=0.01 secs] 
288.406: Total time for which application threads were stopped: 0.0671400 seconds, Stopping threads took: 0.0614760 seconds
288.406: Application time: 0.0005980 seconds
288.440: [GC288.440: [DefNew: 3806K->419K(4288K), 0.0008870 secs] 7848K->7196K(13888K), 0.0009170 secs] [Times: user=0.00 sys=0.00, real=0.00 secs] 
288.441: Total time for which application threads were stopped: 0.0344180 seconds, Stopping threads took: 0.0334370 seconds
288.441: Application time: 0.0005210 seconds
288.505: [GC288.505: [DefNew: 4225K->4225K(4288K), 0.0000070 secs]288.505: [Tenured: 6776K->4001K(9600K), 0.0057020 secs] 11002K->4001K(13888K), [Perm : 5137K->5137K(21248K)], 0.0057490 secs] [Times: user=0.01 sys=0.00, real=0.00 secs] 
288.511: Total time for which application threads were stopped: 0.0698400 seconds, Stopping threads took: 0.0640050 seconds
288.512: Application time: 0.0005160 seconds
288.558: [GC288.558: [DefNew: 3825K->391K(4288K), 0.0008080 secs] 7826K->6932K(13888K), 0.0008310 secs] [Times: user=0.00 sys=0.00, real=0.00 secs] 
288.559: Total time for which application threads were stopped: 0.0471940 seconds, Stopping threads took: 0.0463150 seconds
288.559: Application time: 0.0003360 seconds
288.593: [GC288.593: [DefNew: 4113K->4113K(4288K), 0.0000060 secs]288.593: [Tenured: 6540K->6036K(9600K), 0.0054040 secs] 10654K->6036K(13888K), [Perm : 5137K->5137K(21248K)], 0.0054510 secs] [Times: user=0.00 sys=0.00, real=0.00 secs] 
288.598: Total time for which application threads were stopped: 0.0389640 seconds, Stopping threads took: 0.0334460 seconds
288.599: Application time: 0.0008870 seconds
288.669: [GC288.669: [DefNew: 3825K->3825K(4288K), 0.0000080 secs]288.669: [Tenured: 6036K->4474K(9600K), 0.0063610 secs] 9861K->4474K(13888K), [Perm : 5137K->5137K(21248K)], 0.0064090 secs] [Times: user=0.00 sys=0.00, real=0.01 secs] 
288.675: Total time for which application threads were stopped: 0.0762490 seconds, Stopping threads took: 0.0697610 seconds
288.676: Application time: 0.0008920 seconds
288.733: [GC288.733: [DefNew: 3806K->419K(4288K), 0.0010360 secs] 8280K->8116K(13888K), 0.0010660 secs] [Times: user=0.00 sys=0.00, real=0.00 secs] 
288.734: Total time for which application threads were stopped: 0.0574240 seconds, Stopping threads took: 0.0562900 seconds
288.734: Application time: 0.0004620 seconds
288.800: [GC288.800: [DefNew: 4245K->4245K(4288K), 0.0000070 secs]288.800: [Tenured: 7696K->4502K(9600K), 0.0057390 secs] 11942K->4502K(13888K), [Perm : 5137K->5137K(21248K)], 0.0057840 secs] [Times: user=0.00 sys=0.00, real=0.01 secs] 
288.806: Total time for which application threads were stopped: 0.0720210 seconds, Stopping threads took: 0.0661640 seconds
288.807: Application time: 0.0008350 seconds
288.868: [GC288.868: [DefNew: 3805K->420K(4288K), 0.0008790 secs] 8308K->7070K(13888K), 0.0009120 secs] [Times: user=0.00 sys=0.00, real=0.00 secs] 
288.869: Total time for which application threads were stopped: 0.0620990 seconds, Stopping threads took: 0.0611080 seconds
288.870: Application time: 0.0004070 seconds
288.932: [GC288.932: [DefNew: 4245K->4245K(4288K), 0.0000060 secs]288.932: [Tenured: 6650K->4531K(9600K), 0.0057170 secs] 10896K->4531K(13888K), [Perm : 5137K->5137K(21248K)], 0.0057610 secs] [Times: user=0.00 sys=0.00, real=0.01 secs] 
288.937: Total time for which application threads were stopped: 0.0678980 seconds, Stopping threads took: 0.0620620 seconds
288.938: Application time: 0.0004890 seconds
288.973: [GC288.973: [DefNew: 3825K->391K(4288K), 0.0008760 secs] 8356K->8048K(13888K), 0.0008960 secs] [Times: user=0.00 sys=0.00, real=0.00 secs] 
288.974: Total time for which application threads were stopped: 0.0362010 seconds, Stopping threads took: 0.0352410 seconds
289.048: Application time: 0.0737490 seconds
289.049: [GC289.049: [DefNew: 4119K->4119K(4288K), 0.0000100 secs]289.049: [Tenured: 7656K->2325K(9600K), 0.0053170 secs] 11775K->2325K(13888K), [Perm : 5137K->5137K(21248K)], 0.0053690 secs] [Times: user=0.01 sys=0.00, real=0.01 secs] 
289.054: Total time for which application threads were stopped: 0.0063100 seconds, Stopping threads took: 0.0008620 seconds
289.055: Application time: 0.0006230 seconds
289.089: [GC289.089: [DefNew: 3630K->392K(4288K), 0.0008060 secs] 5955K->5647K(13888K), 0.0008260 secs] [Times: user=0.00 sys=0.00, real=0.00 secs] 
289.089: Total time for which application threads were stopped: 0.0345660 seconds, Stopping threads took: 0.0336960 seconds
289.091: Application time: 0.0011540 seconds
289.124: [GC289.124: [DefNew: 4209K->390K(4288K), 0.0005770 secs] 9464K->7404K(13888K), 0.0005970 secs] [Times: user=0.00 sys=0.00, real=0.01 secs] 
289.125: Total time for which application threads were stopped: 0.0342820 seconds, Stopping threads took: 0.0336240 seconds
289.125: Application time: 0.0006580 seconds
289.194: [GC289.194: [DefNew: 4216K->4216K(4288K), 0.0000090 secs]289.194: [Tenured: 7014K->3888K(9600K), 0.0063400 secs] 11230K->3888K(13888K), [Perm : 5137K->5137K(21248K)], 0.0063990 secs] [Times: user=0.00 sys=0.00, real=0.00 secs] 
289.200: Total time for which application threads were stopped: 0.0750130 seconds, Stopping threads took: 0.0685380 seconds
289.201: Application time: 0.0005810 seconds
289.234: [GC289.234: [DefNew: 3482K->391K(4288K), 0.0007430 secs] 7371K->6623K(13888K), 0.0007670 secs] [Times: user=0.00 sys=0.00, real=0.00 secs] 
289.235: Total time for which application threads were stopped: 0.0340930 seconds, Stopping threads took: 0.0332660 seconds
289.236: Application time: 0.0003660 seconds
289.269: [GC289.269: [DefNew: 4047K->4047K(4288K), 0.0000060 secs]289.269: [Tenured: 6232K->4502K(9600K), 0.0055270 secs] 10279K->4502K(13888K), [Perm : 5137K->5137K(21248K)], 0.0055730 secs] [Times: user=0.00 sys=0.00, real=0.01 secs] 
289.274: Total time for which application threads were stopped: 0.0388870 seconds, Stopping threads took: 0.0332500 seconds
289.275: Application time: 0.0004670 seconds
289.309: [GC289.309: [DefNew: 3825K->391K(4288K), 0.0008390 secs] 8328K->7726K(13888K), 0.0008600 secs] [Times: user=0.00 sys=0.00, real=0.00 secs] 
289.310: Total time for which application threads were stopped: 0.0349210 seconds, Stopping threads took: 0.0340110 seconds
289.383: Application time: 0.0729420 seconds
289.384: [GC289.384: [DefNew: 4216K->4216K(4288K), 0.0000090 secs]289.384: [Tenured: 7335K->1377K(9600K), 0.0058430 secs] 11551K->1377K(13888K), [Perm : 5137K->5137K(21248K)], 0.0058930 secs] [Times: user=0.01 sys=0.00, real=0.01 secs] 
289.390: Total time for which application threads were stopped: 0.0073410 seconds, Stopping threads took: 0.0013700 seconds
289.391: Application time: 0.0005840 seconds
289.391: [GC289.391: [DefNew: 3727K->392K(4288K), 0.0008550 secs] 5105K->5090K(13888K), 0.0008720 secs] [Times: user=0.00 sys=0.00, real=0.00 secs] 
289.392: Total time for which application threads were stopped: 0.0012830 seconds, Stopping threads took: 0.0003510 seconds
289.393: Application time: 0.0010890 seconds
289.458: [GC289.458: [DefNew: 4115K->391K(4288K), 0.0004480 secs] 8813K->6066K(13888K), 0.0004680 secs] [Times: user=0.00 sys=0.00, real=0.00 secs] 
289.458: Total time for which application threads were stopped: 0.0652050 seconds, Stopping threads took: 0.0646760 seconds
289.459: Application time: 0.0003270 seconds
289.523: [GC289.523: [DefNew: 3923K->391K(4288K), 0.0006850 secs] 9598K->8020K(13888K), 0.0007070 secs] [Times: user=0.00 sys=0.00, real=0.00 secs] 
289.523: Total time for which application threads were stopped: 0.0647100 seconds, Stopping threads took: 0.0639370 seconds
289.524: Application time: 0.0003190 seconds
289.558: [GC289.558: [DefNew: 4115K->4115K(4288K), 0.0000060 secs]289.558: [Tenured: 7628K->5255K(9600K), 0.0066020 secs] 11743K->5255K(13888K), [Perm : 5137K->5137K(21248K)], 0.0066450 secs] [Times: user=0.01 sys=0.00, real=0.01 secs] 
289.564: Total time for which application threads were stopped: 0.0407450 seconds, Stopping threads took: 0.0340280 seconds
289.565: Application time: 0.0007540 seconds
289.612: [GC289.612: [DefNew: 3823K->391K(4288K), 0.0008400 secs] 9078K->8479K(13888K), 0.0008660 secs] [Times: user=0.00 sys=0.00, real=0.01 secs] 
289.613: Total time for which application threads were stopped: 0.0477260 seconds, Stopping threads took: 0.0467920 seconds
289.685: Application time: 0.0721820 seconds
289.686: [GC289.686: [DefNew: 4099K->4099K(4288K), 0.0000080 secs]289.686: [Tenured: 8088K->1963K(9600K), 0.0046420 secs] 12187K->1963K(13888K), [Perm : 5137K->5137K(21248K)], 0.0046940 secs] [Times: user=0.01 sys=0.00, real=0.00 secs] 
289.691: Total time for which application threads were stopped: 0.0059150 seconds, Stopping threads took: 0.0011520 seconds
289.691: Application time: 0.0005060 seconds
289.692: [GC289.692: [DefNew: 3723K->391K(4288K), 0.0007970 secs] 5687K->5675K(13888K), 0.0008160 secs] [Times: user=0.00 sys=0.00, real=0.01 secs] 
289.693: Total time for which application threads were stopped: 0.0012410 seconds, Stopping threads took: 0.0003680 seconds
289.694: Application time: 0.0009130 seconds
289.764: [GC289.764: [DefNew: 4114K->391K(4288K), 0.0003540 secs] 9399K->6066K(13888K), 0.0003780 secs] [Times: user=0.00 sys=0.00, real=0.00 secs] 
289.764: Total time for which application threads were stopped: 0.0703240 seconds, Stopping threads took: 0.0698790 seconds
289.764: Application time: 0.0003960 seconds
289.798: [GC289.798: [DefNew: 4119K->4119K(4288K), 0.0000060 secs]289.798: [Tenured: 5675K->4699K(9600K), 0.0058680 secs] 9794K->4699K(13888K), [Perm : 5137K->5137K(21248K)], 0.0059110 secs] [Times: user=0.01 sys=0.00, real=0.00 secs] 
289.804: Total time for which application threads were stopped: 0.0393710 seconds, Stopping threads took: 0.0333870 seconds
289.804: Application time: 0.0004100 seconds
289.844: [GC289.844: [DefNew: 3627K->391K(4288K), 0.0010610 secs] 8327K->8020K(13888K), 0.0010930 secs] [Times: user=0.00 sys=0.00, real=0.01 secs] 
289.845: Total time for which application threads were stopped: 0.0405560 seconds, Stopping threads took: 0.0393840 seconds
289.917: Application time: 0.0721010 seconds
289.920: [GC289.920: [DefNew: 4118K->4118K(4288K), 0.0000080 secs]289.920: [Tenured: 7629K->2355K(9600K), 0.0052730 secs] 11747K->2355K(13888K), [Perm : 5137K->5137K(21248K)], 0.0053250 secs] [Times: user=0.01 sys=0.00, real=0.01 secs] 
289.926: Total time for which application threads were stopped: 0.0089390 seconds, Stopping threads took: 0.0035310 seconds
289.926: Application time: 0.0005490 seconds
289.927: [GC289.927: [DefNew: 3725K->391K(4288K), 0.0008150 secs] 6081K->6067K(13888K), 0.0008350 secs] [Times: user=0.00 sys=0.00, real=0.00 secs] 
289.928: Total time for which application threads were stopped: 0.0015570 seconds, Stopping threads took: 0.0006580 seconds
289.929: Application time: 0.0008140 seconds
289.998: [GC289.998: [DefNew: 4216K->4216K(4288K), 0.0000080 secs]289.998: [Tenured: 5676K->4278K(9600K), 0.0062100 secs] 9892K->4278K(13888K), [Perm : 5137K->5137K(21248K)], 0.0062590 secs] [Times: user=0.01 sys=0.00, real=0.01 secs] 
290.005: Total time for which application threads were stopped: 0.0760500 seconds, Stopping threads took: 0.0697130 seconds
290.005: Application time: 0.0005550 seconds
290.038: [GC290.038: [DefNew: 3825K->391K(4288K), 0.0009710 secs] 8104K->7795K(13888K), 0.0009970 secs] [Times: user=0.01 sys=0.00, real=0.00 secs] 
290.039: Total time for which application threads were stopped: 0.0342040 seconds, Stopping threads took: 0.0331420 seconds
290.040: Application time: 0.0005610 seconds
290.107: [GC290.107: [DefNew: 4214K->4214K(4288K), 0.0000070 secs]290.107: [Tenured: 7404K->5450K(9600K), 0.0059740 secs] 11618K->5450K(13888K), [Perm : 5137K->5137K(21248K)], 0.0060210 secs] [Times: user=0.00 sys=0.00, real=0.01 secs] 
290.113: Total time for which application threads were stopped: 0.0732890 seconds, Stopping threads took: 0.0671870 seconds
290.114: Application time: 0.0009450 seconds
290.180: [GC290.180: [DefNew: 3806K->322K(4288K), 0.0007990 secs] 9256K->7921K(13888K), 0.0008300 secs] [Times: user=0.00 sys=0.00, real=0.00 secs] 
290.181: Total time for which application threads were stopped: 0.0668600 seconds, Stopping threads took: 0.0659750 seconds
290.182: Application time: 0.0004430 seconds
290.215: [GC290.215: [DefNew: 4145K->4145K(4288K), 0.0000050 secs]290.215: [Tenured: 7599K->5479K(9600K), 0.0060090 secs] 11745K->5479K(13888K), [Perm : 5137K->5137K(21248K)], 0.0060520 secs] [Times: user=0.00 sys=0.00, real=0.00 secs] 
290.221: Total time for which application threads were stopped: 0.0393760 seconds, Stopping threads took: 0.0332720 seconds
290.222: Application time: 0.0005940 seconds
290.283: [GC290.283: [DefNew: 3825K->293K(4288K), 0.0008060 secs] 9304K->8116K(13888K), 0.0008330 secs] [Times: user=0.00 sys=0.00, real=0.01 secs] 
290.284: Total time for which application threads were stopped: 0.0628110 seconds, Stopping threads took: 0.0619090 seconds
290.285: Application time: 0.0008310 seconds
290.340: [GC290.340: [DefNew: 4099K->4099K(4288K), 0.0000080 secs]290.340: [Tenured: 7823K->4433K(9600K), 0.0057690 secs] 11922K->4433K(13888K), [Perm : 5137K->5137K(21248K)], 0.0058260 secs] [Times: user=0.01 sys=0.00, real=0.01 secs] 
290.346: Total time for which application threads were stopped: 0.0608700 seconds, Stopping threads took: 0.0549660 seconds
290.347: Application time: 0.0007880 seconds
290.409: [GC290.409: [DefNew: 3708K->419K(4288K), 0.0009270 secs] 8141K->7685K(13888K), 0.0009530 secs] [Times: user=0.00 sys=0.00, real=0.00 secs] 
290.410: Total time for which application threads were stopped: 0.0626910 seconds, Stopping threads took: 0.0616590 seconds
290.410: Application time: 0.0007500 seconds
290.480: [GC290.480: [DefNew: 4225K->4225K(4288K), 0.0000080 secs]290.480: [Tenured: 7265K->4181K(9600K), 0.0064460 secs] 11491K->4181K(13888K), [Perm : 5137K->5137K(21248K)], 0.0064930 secs] [Times: user=0.00 sys=0.00, real=0.01 secs] 
290.487: Total time for which application threads were stopped: 0.0763440 seconds, Stopping threads took: 0.0697730 seconds
290.487: Application time: 0.0005700 seconds
290.534: [GC290.534: [DefNew: 3727K->391K(4288K), 0.0008850 secs] 7909K->7307K(13888K), 0.0009130 secs] [Times: user=0.01 sys=0.00, real=0.00 secs] 
290.535: Total time for which application threads were stopped: 0.0474790 seconds, Stopping threads took: 0.0465150 seconds
290.535: Application time: 0.0006000 seconds
290.569: [GC290.569: [DefNew: 4212K->4212K(4288K), 0.0000060 secs]290.569: [Tenured: 6916K->6329K(9600K), 0.0064500 secs] 11129K->6329K(13888K), [Perm : 5137K->5137K(21248K)], 0.0064940 secs] [Times: user=0.00 sys=0.00, real=0.01 secs] 
290.575: Total time for which application threads were stopped: 0.0401860 seconds, Stopping threads took: 0.0336190 seconds
290.647: Application time: 0.0720100 seconds
290.649: [GC290.649: [DefNew: 3825K->3825K(4288K), 0.0000090 secs]290.649: [Tenured: 6329K->1545K(9600K), 0.0058290 secs] 10155K->1545K(13888K), [Perm : 5137K->5137K(21248K)], 0.0058810 secs] [Times: user=0.01 sys=0.00, real=0.01 secs] 
290.655: Total time for which application threads were stopped: 0.0071410 seconds, Stopping threads took: 0.0011810 seconds
290.655: Application time: 0.0006780 seconds
290.656: [GC290.656: [DefNew: 3687K->441K(4288K), 0.0008330 secs] 5232K->5119K(13888K), 0.0008500 secs] [Times: user=0.00 sys=0.00, real=0.00 secs] 
290.656: Total time for which application threads were stopped: 0.0011790 seconds, Stopping threads took: 0.0002680 seconds
290.657: Application time: 0.0006620 seconds
290.706: [GC290.706: [DefNew: 4162K->293K(4288K), 0.0007530 secs] 8840K->7365K(13888K), 0.0007730 secs] [Times: user=0.00 sys=0.00, real=0.00 secs] 
290.707: Total time for which application threads were stopped: 0.0495950 seconds, Stopping threads took: 0.0487590 seconds
290.707: Application time: 0.0006720 seconds
290.778: [GC290.778: [DefNew: 4118K->4118K(4288K), 0.0000080 secs]290.778: [Tenured: 7071K->4043K(9600K), 0.0061970 secs] 11190K->4043K(13888K), [Perm : 5137K->5137K(21248K)], 0.0062490 secs] [Times: user=0.01 sys=0.00, real=0.00 secs] 
290.784: Total time for which application threads were stopped: 0.0764770 seconds, Stopping threads took: 0.0701480 seconds
290.784: Application time: 0.0005430 seconds
290.818: [GC290.818: [DefNew: 3727K->391K(4288K), 0.0008260 secs] 7770K->7169K(13888K), 0.0008480 secs] [Times: user=0.00 sys=0.00, real=0.00 secs] 
290.819: Total time for which application threads were stopped: 0.0344860 seconds, Stopping threads took: 0.0335780 seconds
290.819: Application time: 0.0003770 seconds
290.854: [GC290.854: [DefNew: 4115K->4115K(4288K), 0.0000080 secs]290.854: [Tenured: 6777K->6036K(9600K), 0.0061020 secs] 10893K->6036K(13888K), [Perm : 5137K->5137K(21248K)], 0.0061540 secs] [Times: user=0.01 sys=0.00, real=0.00 secs] 
290.860: Total time for which application threads were stopped: 0.0407070 seconds, Stopping threads took: 0.0344690 seconds
290.861: Application time: 0.0010040 seconds
290.931: [GC290.931: [DefNew: 3825K->3825K(4288K), 0.0000090 secs]290.931: [Tenured: 6036K->3400K(9600K), 0.0055170 secs] 9862K->3400K(13888K), [Perm : 5137K->5137K(21248K)], 0.0055770 secs] [Times: user=0.00 sys=0.00, real=0.01 secs] 
290.936: Total time for which application threads were stopped: 0.0754490 seconds, Stopping threads took: 0.0698010 seconds
290.937: Application time: 0.0005380 seconds
290.970: [GC290.970: [DefNew: 3825K->391K(4288K), 0.0009730 secs] 7226K->7112K(13888K), 0.0016190 secs] [Times: user=0.00 sys=0.00, real=0.00 secs] 
290.972: Total time for which application threads were stopped: 0.0347270 seconds, Stopping threads took: 0.0330260 seconds
290.972: Application time: 0.0005880 seconds
291.035: [GC291.035: [DefNew: 4197K->4197K(4288K), 0.0000080 secs]291.035: [Tenured: 6721K->4503K(9600K), 0.0057700 secs] 10918K->4503K(13888K), [Perm : 5137K->5137K(21248K)], 0.0058180 secs] [Times: user=0.00 sys=0.00, real=0.00 secs] 
291.041: Total time for which application threads were stopped: 0.0685140 seconds, Stopping threads took: 0.0626170 seconds
291.041: Application time: 0.0005500 seconds
291.083: [GC291.083: [DefNew: 3825K->391K(4288K), 0.0009800 secs] 8328K->8020K(13888K), 0.0010020 secs] [Times: user=0.01 sys=0.00, real=0.00 secs] 
291.084: Total time for which application threads were stopped: 0.0423230 seconds, Stopping threads took: 0.0412510 seconds
291.084: Application time: 0.0005030 seconds
291.117: [GC291.117: [DefNew: 4117K->4117K(4288K), 0.0000070 secs] 11745K->11745K(13888K), 0.0000250 secs] [Times: user=0.00 sys=0.00, real=0.00 secs] 
291.117: [Full GC291.117: [Tenured: 7628K->6622K(9600K), 0.0069050 secs] 11745K->6622K(13888K), [Perm : 5137K->5137K(21248K)], 0.0069310 secs] [Times: user=0.01 sys=0.00, real=0.01 secs] 
291.124: Total time for which application threads were stopped: 0.0402040 seconds, Stopping threads took: 0.0331550 seconds
291.197: Application time: 0.0723700 seconds
291.198: [GC291.198: [DefNew: 3727K->3727K(4288K), 0.0000090 secs]291.198: [Tenured: 6622K->1739K(9600K), 0.0058070 secs] 10350K->1739K(13888K), [Perm : 5137K->5137K(21248K)], 0.0058610 secs] [Times: user=0.00 sys=0.00, real=0.00 secs] 
291.204: Total time for which application threads were stopped: 0.0071710 seconds, Stopping threads took: 0.0012300 seconds
291.205: Application time: 0.0006540 seconds
291.205: [GC291.205: [DefNew: 3725K->392K(4288K), 0.0008360 secs] 5465K->5452K(13888K), 0.0008550 secs] [Times: user=0.00 sys=0.00, real=0.00 secs] 
291.206: Total time for which application threads were stopped: 0.0011720 seconds, Stopping threads took: 0.0002770 seconds
291.207: Application time: 0.0010260 seconds
291.273: [GC291.273: [DefNew: 4217K->391K(4288K), 0.0005910 secs] 9277K->6819K(13888K), 0.0006160 secs] [Times: user=0.00 sys=0.00, real=0.00 secs] 
291.273: Total time for which application threads were stopped: 0.0663120 seconds, Stopping threads took: 0.0656280 seconds
291.274: Application time: 0.0004000 seconds
291.328: [GC291.328: [DefNew: 4216K->4216K(4288K), 0.0000080 secs]291.328: [Tenured: 6428K->4474K(9600K), 0.0061960 secs] 10644K->4474K(13888K), [Perm : 5137K->5137K(21248K)], 0.0062440 secs] [Times: user=0.00 sys=0.00, real=0.01 secs] 
291.334: Total time for which application threads were stopped: 0.0605810 seconds, Stopping threads took: 0.0542590 seconds
291.335: Application time: 0.0004590 seconds
291.381: [GC291.381: [DefNew: 3625K->391K(4288K), 0.0008170 secs] 8100K->7502K(13888K), 0.0008420 secs] [Times: user=0.01 sys=0.00, real=0.00 secs] 
291.382: Total time for which application threads were stopped: 0.0473130 seconds, Stopping threads took: 0.0464200 seconds
291.383: Application time: 0.0007700 seconds
291.416: [GC291.416: [DefNew: 4216K->4216K(4288K), 0.0000060 secs]291.416: [Tenured: 7111K->6915K(9600K), 0.0055220 secs] 11327K->6915K(13888K), [Perm : 5137K->5137K(21248K)], 0.0055720 secs] [Times: user=0.00 sys=0.00, real=0.00 secs] 
291.422: Total time for which application threads were stopped: 0.0389790 seconds, Stopping threads took: 0.0333380 seconds
291.494: Application time: 0.0719000 seconds
291.496: [GC291.496: [DefNew: 3825K->3825K(4288K), 0.0000100 secs]291.496: [Tenured: 6915K->1739K(9600K), 0.0057740 secs] 10741K->1739K(13888K), [Perm : 5137K->5137K(21248K)], 0.0058340 secs] [Times: user=0.01 sys=0.00, real=0.00 secs] 
291.502: Total time for which application threads were stopped: 0.0079460 seconds, Stopping threads took: 0.0020250 seconds
291.502: Application time: 0.0006330 seconds
291.503: [GC291.503: [DefNew: 3725K->392K(4288K), 0.0008710 secs] 5465K->5452K(13888K), 0.0008880 secs] [Times: user=0.00 sys=0.00, real=0.00 secs] 
291.503: Total time for which application threads were stopped: 0.0013400 seconds, Stopping threads took: 0.0003910 seconds
291.504: Application time: 0.0008910 seconds
291.569: [GC291.569: [DefNew: 4217K->391K(4288K), 0.0009270 secs] 9277K->8381K(13888K), 0.0009500 secs] [Times: user=0.00 sys=0.00, real=0.00 secs] 
291.570: Total time for which application threads were stopped: 0.0658370 seconds, Stopping threads took: 0.0648210 seconds
291.571: Application time: 0.0009040 seconds
291.639: [GC291.639: [DefNew: 4216K->4216K(4288K), 0.0000080 secs]291.639: [Tenured: 7990K->4473K(9600K), 0.0064510 secs] 12207K->4473K(13888K), [Perm : 5137K->5137K(21248K)], 0.0065000 secs] [Times: user=0.01 sys=0.00, real=0.01 secs] 
291.645: Total time for which application threads were stopped: 0.0742460 seconds, Stopping threads took: 0.0676690 seconds
291.646: Application time: 0.0009140 seconds
291.712: [GC291.712: [DefNew: 3805K->420K(4288K), 0.0010350 secs] 8279K->8116K(13888K), 0.0010630 secs] [Times: user=0.00 sys=0.00, real=0.01 secs] 
291.713: Total time for which application threads were stopped: 0.0670000 seconds, Stopping threads took: 0.0658630 seconds
291.714: Application time: 0.0005690 seconds
291.778: [GC291.778: [DefNew: 4245K->4245K(4288K), 0.0000080 secs]291.778: [Tenured: 7696K->4502K(9600K), 0.0063840 secs] 11942K->4502K(13888K), [Perm : 5137K->5137K(21248K)], 0.0064300 secs] [Times: user=0.00 sys=0.00, real=0.01 secs] 
291.785: Total time for which application threads were stopped: 0.0706680 seconds, Stopping threads took: 0.0641590 seconds
291.785: Application time: 0.0004750 seconds
291.820: [GC291.820: [DefNew: 3532K->391K(4288K), 0.0007420 secs] 8034K->7140K(13888K), 0.0007680 secs] [Times: user=0.00 sys=0.00, real=0.00 secs] 
291.821: Total time for which application threads were stopped: 0.0359680 seconds, Stopping threads took: 0.0351270 seconds
291.822: Application time: 0.0006050 seconds
291.856: [GC291.856: [DefNew: 4115K->4115K(4288K), 0.0000090 secs]291.856: [Tenured: 6748K->6553K(9600K), 0.0061210 secs] 10864K->6553K(13888K), [Perm : 5137K->5137K(21248K)], 0.0061770 secs] [Times: user=0.01 sys=0.00, real=0.00 secs] 
291.862: Total time for which application threads were stopped: 0.0401960 seconds, Stopping threads took: 0.0339340 seconds
291.932: Application time: 0.0704990 seconds
291.938: [GC291.938: [DefNew: 3825K->3825K(4288K), 0.0000090 secs]291.938: [Tenured: 6553K->1768K(9600K), 0.0050750 secs] 10378K->1768K(13888K), [Perm : 5137K->5137K(21248K)], 0.0051240 secs] [Times: user=0.01 sys=0.00, real=0.00 secs] 
291.943: Total time for which application threads were stopped: 0.0105390 seconds, Stopping threads took: 0.0053350 seconds
291.943: Application time: 0.0005870 seconds
291.944: [GC291.944: [DefNew: 3735K->400K(4288K), 0.0008400 secs] 5504K->5489K(13888K), 0.0008630 secs] [Times: user=0.00 sys=0.00, real=0.01 secs] 
291.945: Total time for which application threads were stopped: 0.0013970 seconds, Stopping threads took: 0.0004670 seconds
291.945: Application time: 0.0005170 seconds
292.008: [GC292.008: [DefNew: 4193K->419K(4288K), 0.0007950 secs] 9282K->7657K(13888K), 0.0008220 secs] [Times: user=0.00 sys=0.00, real=0.00 secs] 
292.008: Total time for which application threads were stopped: 0.0631010 seconds, Stopping threads took: 0.0622200 seconds
292.009: Application time: 0.0004140 seconds
292.074: [GC292.074: [DefNew: 4147K->4147K(4288K), 0.0000060 secs]292.074: [Tenured: 7238K->4084K(9600K), 0.0056760 secs] 11385K->4084K(13888K), [Perm : 5137K->5137K(21248K)], 0.0057330 secs] [Times: user=0.00 sys=0.00, real=0.00 secs] 
292.079: Total time for which application threads were stopped: 0.0705470 seconds, Stopping threads took: 0.0647370 seconds
292.080: Application time: 0.0004330 seconds
292.080: [GC292.080: [DefNew: 3723K->391K(4288K), 0.0008750 secs] 7807K->7795K(13888K), 0.0008960 secs] [Times: user=0.01 sys=0.00, real=0.00 secs] 
292.081: Total time for which application threads were stopped: 0.0013200 seconds, Stopping threads took: 0.0003810 seconds
292.153: Application time: 0.0717040 seconds
292.156: [GC292.156: [DefNew: 3923K->3923K(4288K), 0.0000090 secs]292.156: [Tenured: 7404K->2717K(9600K), 0.0054060 secs] 11328K->2717K(13888K), [Perm : 5137K->5137K(21248K)], 0.0054610 secs] [Times: user=0.00 sys=0.00, real=0.00 secs] 
292.161: Total time for which application threads were stopped: 0.0085110 seconds, Stopping threads took: 0.0029700 seconds
292.162: Application time: 0.0005590 seconds
292.195: [GC292.195: [DefNew: 3823K->392K(4288K), 0.0008270 secs] 6540K->6234K(13888K), 0.0008450 secs] [Times: user=0.00 sys=0.00, real=0.00 secs] 
292.196: Total time for which application threads were stopped: 0.0336800 seconds, Stopping threads took: 0.0327720 seconds
292.197: Application time: 0.0013130 seconds
292.266: [GC292.266: [DefNew: 4215K->4215K(4288K), 0.0000080 secs]292.266: [Tenured: 5842K->3889K(9600K), 0.0057820 secs] 10057K->3889K(13888K), [Perm : 5137K->5137K(21248K)], 0.0058310 secs] [Times: user=0.00 sys=0.00, real=0.00 secs] 
292.272: Total time for which application threads were stopped: 0.0753350 seconds, Stopping threads took: 0.0694250 seconds
292.273: Application time: 0.0004580 seconds
292.335: [GC292.335: [DefNew: 3513K->420K(4288K), 0.0007950 secs] 7402K->6653K(13888K), 0.0008190 secs] [Times: user=0.01 sys=0.00, real=0.00 secs] 
292.336: Total time for which application threads were stopped: 0.0633580 seconds, Stopping threads took: 0.0624690 seconds
292.337: Application time: 0.0005220 seconds
292.337: [GC292.337: [DefNew: 4122K->4122K(4288K), 0.0000050 secs]292.337: [Tenured: 6233K->7754K(9600K), 0.0063830 secs] 10355K->7754K(13888K), [Perm : 5137K->5137K(21248K)], 0.0064270 secs] [Times: user=0.01 sys=0.00, real=0.00 secs] 
292.344: Total time for which application threads were stopped: 0.0069920 seconds, Stopping threads took: 0.0004880 seconds
292.415: Application time: 0.0711230 seconds
292.419: [GC292.419: [DefNew: 3825K->3825K(4288K), 0.0000090 secs]292.419: [Tenured: 7754K->2912K(9600K), 0.0048010 secs] 11579K->2912K(13888K), [Perm : 5137K->5137K(21248K)], 0.0048580 secs] [Times: user=0.00 sys=0.00, real=0.00 secs] 
292.424: Total time for which application threads were stopped: 0.0092600 seconds, Stopping threads took: 0.0043260 seconds
292.425: Application time: 0.0005210 seconds
292.458: [GC292.458: [DefNew: 3493K->441K(4288K), 0.0007290 secs] 6405K->5705K(13888K), 0.0007510 secs] [Times: user=0.00 sys=0.00, real=0.00 secs] 
292.459: Total time for which application threads were stopped: 0.0341820 seconds, Stopping threads took: 0.0333630 seconds
292.459: Application time: 0.0004720 seconds
292.460: [GC292.460: [DefNew: 4260K->293K(4288K), 0.0010890 secs] 9524K->9513K(13888K), 0.0011140 secs] [Times: user=0.00 sys=0.00, real=0.00 secs] 
292.461: Total time for which application threads were stopped: 0.0018760 seconds, Stopping threads took: 0.0006960 seconds
292.533: Application time: 0.0718120 seconds
292.534: [GC292.534: [DefNew: 4118K->4118K(4288K), 0.0000100 secs]292.534: [Tenured: 9220K->3164K(9600K), 0.0061930 secs] 13338K->3164K(13888K), [Perm : 5137K->5137K(21248K)], 0.0062450 secs] [Times: user=0.00 sys=0.00, real=0.00 secs] 
292.540: Total time for which application threads were stopped: 0.0070680 seconds, Stopping threads took: 0.0007310 seconds
292.541: Application time: 0.0006460 seconds
292.574: [GC292.574: [DefNew: 3825K->391K(4288K), 0.0009060 secs] 6990K->6877K(13888K), 0.0009300 secs] [Times: user=0.00 sys=0.00, real=0.00 secs] 
292.575: Total time for which application threads were stopped: 0.0345430 seconds, Stopping threads took: 0.0335450 seconds
292.576: Application time: 0.0012450 seconds
292.646: [GC292.646: [DefNew: 4214K->4214K(4288K), 0.0000070 secs]292.646: [Tenured: 6485K->4336K(9600K), 0.0062830 secs] 10700K->4336K(13888K), [Perm : 5137K->5137K(21248K)], 0.0063350 secs] [Times: user=0.01 sys=0.00, real=0.01 secs] 
292.652: Total time for which application threads were stopped: 0.0760280 seconds, Stopping threads took: 0.0696140 seconds
292.653: Application time: 0.0009670 seconds
292.701: [GC292.701: [DefNew: 3688K->440K(4288K), 0.0009130 secs] 8025K->7618K(13888K), 0.0009400 secs] [Times: user=0.00 sys=0.00, real=0.00 secs] 
292.702: Total time for which application threads were stopped: 0.0486040 seconds, Stopping threads took: 0.0475910 seconds
292.702: Application time: 0.0004800 seconds
292.736: [GC292.736: [DefNew: 4264K->4264K(4288K), 0.0000070 secs]292.736: [Tenured: 7177K->5272K(9600K), 0.0059230 secs] 11441K->5272K(13888K), [Perm : 5137K->5137K(21248K)], 0.0059670 secs] [Times: user=0.00 sys=0.00, real=0.00 secs] 
292.742: Total time for which application threads were stopped: 0.0390870 seconds, Stopping threads took: 0.0330550 seconds
292.742: Application time: 0.0006950 seconds
292.808: [GC292.808: [DefNew: 3825K->391K(4288K), 0.0008460 secs] 9098K->8203K(13888K), 0.0008740 secs] [Times: user=0.00 sys=0.00, real=0.00 secs] 
292.809: Total time for which application threads were stopped: 0.0671240 seconds, Stopping threads took: 0.0661750 seconds
292.810: Application time: 0.0003910 seconds
292.868: [GC292.868: [DefNew: 4119K->4119K(4288K), 0.0000100 secs]292.868: [Tenured: 7812K->4085K(9600K), 0.0064350 secs] 11931K->4085K(13888K), [Perm : 5137K->5137K(21248K)], 0.0064870 secs] [Times: user=0.01 sys=0.00, real=0.01 secs] 
292.875: Total time for which application threads were stopped: 0.0647670 seconds, Stopping threads took: 0.0582200 seconds
292.875: Application time: 0.0005690 seconds
292.875: [GC292.875: [DefNew: 3825K->391K(4288K), 0.0009260 secs] 7910K->7895K(13888K), 0.0009510 secs] [Times: user=0.00 sys=0.00, real=0.00 secs] 
292.876: Total time for which application threads were stopped: 0.0013050 seconds, Stopping threads took: 0.0002850 seconds
292.948: Application time: 0.0714500 seconds
292.951: [GC292.951: [DefNew: 3923K->3923K(4288K), 0.0000100 secs]292.951: [Tenured: 7503K->2815K(9600K), 0.0053900 secs] 11427K->2815K(13888K), [Perm : 5137K->5137K(21248K)], 0.0054440 secs] [Times: user=0.01 sys=0.00, real=0.01 secs] 
292.957: Total time for which application threads were stopped: 0.0088720 seconds, Stopping threads took: 0.0033480 seconds
292.957: Application time: 0.0004680 seconds
293.008: [GC293.008: [DefNew: 3725K->391K(4288K), 0.0008690 secs] 6541K->6527K(13888K), 0.0008980 secs] [Times: user=0.00 sys=0.00, real=0.00 secs] 
293.009: Total time for which application threads were stopped: 0.0517460 seconds, Stopping threads took: 0.0507900 seconds
293.010: Application time: 0.0006340 seconds
293.074: [GC293.074: [DefNew: 4214K->4214K(4288K), 0.0000070 secs]293.074: [Tenured: 6136K->4963K(9600K), 0.0059230 secs] 10351K->4963K(13888K), [Perm : 5137K->5137K(21248K)], 0.0059720 secs] [Times: user=0.01 sys=0.00, real=0.00 secs] 
293.080: Total time for which application threads were stopped: 0.0704140 seconds, Stopping threads took: 0.0643540 seconds
293.081: Application time: 0.0008450 seconds
293.146: [GC293.146: [DefNew: 3825K->391K(4288K), 0.0009450 secs] 8788K->8089K(13888K), 0.0009740 secs] [Times: user=0.00 sys=0.00, real=0.00 secs] 
293.147: Total time for which application threads were stopped: 0.0657350 seconds, Stopping threads took: 0.0646860 seconds
293.147: Application time: 0.0004150 seconds
293.200: [GC293.200: [DefNew: 3923K->3923K(4288K), 0.0000060 secs]293.200: [Tenured: 7698K->3694K(9600K), 0.0055370 secs] 11621K->3694K(13888K), [Perm : 5137K->5137K(21248K)], 0.0055840 secs] [Times: user=0.01 sys=0.00, real=0.01 secs] 
293.206: Total time for which application threads were stopped: 0.0590900 seconds, Stopping threads took: 0.0534290 seconds
293.207: Application time: 0.0004330 seconds
293.240: [GC293.240: [DefNew: 3723K->294K(4288K), 0.0008360 secs] 7418K->7113K(13888K), 0.0008630 secs] [Times: user=0.00 sys=0.00, real=0.00 secs] 
293.241: Total time for which application threads were stopped: 0.0341410 seconds, Stopping threads took: 0.0332140 seconds
293.313: Application time: 0.0721190 seconds
293.315: [GC293.315: [DefNew: 4119K->4119K(4288K), 0.0000090 secs]293.315: [Tenured: 6819K->1545K(9600K), 0.0058340 secs] 10938K->1545K(13888K), [Perm : 5137K->5137K(21248K)], 0.0058840 secs] [Times: user=0.00 sys=0.00, real=0.00 secs] 
293.321: Total time for which application threads were stopped: 0.0077250 seconds, Stopping threads took: 0.0017620 seconds
293.321: Application time: 0.0006400 seconds
293.322: [GC293.322: [DefNew: 3727K->391K(4288K), 0.0008640 secs] 5273K->5258K(13888K), 0.0008850 secs] [Times: user=0.00 sys=0.00, real=0.00 secs] 
293.323: Total time for which application threads were stopped: 0.0013600 seconds, Stopping threads took: 0.0004060 seconds
293.324: Application time: 0.0014570 seconds
293.393: [GC293.393: [DefNew: 4216K->391K(4288K), 0.0005770 secs] 9083K->6625K(13888K), 0.0006030 secs] [Times: user=0.00 sys=0.00, real=0.00 secs] 
293.394: Total time for which application threads were stopped: 0.0698730 seconds, Stopping threads took: 0.0692020 seconds
293.394: Application time: 0.0003450 seconds
293.446: [GC293.446: [DefNew: 4021K->4021K(4288K), 0.0000070 secs]293.446: [Tenured: 6234K->4085K(9600K), 0.0062920 secs] 10255K->4085K(13888K), [Perm : 5137K->5137K(21248K)], 0.0063370 secs] [Times: user=0.00 sys=0.00, real=0.01 secs] 
293.453: Total time for which application threads were stopped: 0.0584800 seconds, Stopping threads took: 0.0520670 seconds
293.453: Application time: 0.0004890 seconds
293.454: [GC293.454: [DefNew: 3817K->390K(4288K), 0.0008530 secs] 7902K->7894K(13888K), 0.0008700 secs] [Times: user=0.00 sys=0.00, real=0.00 secs] 
293.454: Total time for which application threads were stopped: 0.0012550 seconds, Stopping threads took: 0.0003310 seconds
293.526: Application time: 0.0718170 seconds
293.529: [GC293.529: [DefNew: 4216K->4216K(4288K), 0.0000100 secs]293.529: [Tenured: 7503K->3108K(9600K), 0.0055040 secs] 11719K->3108K(13888K), [Perm : 5137K->5137K(21248K)], 0.0055580 secs] [Times: user=0.01 sys=0.00, real=0.01 secs] 
293.535: Total time for which application threads were stopped: 0.0083570 seconds, Stopping threads took: 0.0027170 seconds
293.535: Application time: 0.0004590 seconds
293.569: [GC293.569: [DefNew: 3627K->391K(4288K), 0.0008270 secs] 6736K->6625K(13888K), 0.0008470 secs] [Times: user=0.00 sys=0.00, real=0.00 secs] 
293.569: Total time for which application threads were stopped: 0.0343580 seconds, Stopping threads took: 0.0334680 seconds
293.570: Application time: 0.0009240 seconds
293.640: [GC293.640: [DefNew: 4115K->4115K(4288K), 0.0000070 secs]293.640: [Tenured: 6234K->2914K(9600K), 0.0050920 secs] 10349K->2914K(13888K), [Perm : 5137K->5137K(21248K)], 0.0051420 secs] [Times: user=0.00 sys=0.00, real=0.01 secs] 
293.646: Total time for which application threads were stopped: 0.0751680 seconds, Stopping threads took: 0.0699600 seconds
293.646: Application time: 0.0004910 seconds
293.679: [GC293.679: [DefNew: 3806K->420K(4288K), 0.0008170 secs] 6720K->6069K(13888K), 0.0008400 secs] [Times: user=0.00 sys=0.00, real=0.00 secs] 
293.680: Total time for which application threads were stopped: 0.0341960 seconds, Stopping threads took: 0.0332880 seconds
293.681: Application time: 0.0007770 seconds
293.743: [GC293.743: [DefNew: 4142K->4142K(4288K), 0.0000060 secs]293.743: [Tenured: 5648K->3889K(9600K), 0.0050040 secs] 9790K->3889K(13888K), [Perm : 5137K->5137K(21248K)], 0.0050490 secs] [Times: user=0.00 sys=0.00, real=0.01 secs] 
293.748: Total time for which application threads were stopped: 0.0671940 seconds, Stopping threads took: 0.0620780 seconds
293.749: Application time: 0.0005540 seconds
293.797: [GC293.797: [DefNew: 3825K->391K(4288K), 0.0008450 secs] 7714K->6820K(13888K), 0.0008710 secs] [Times: user=0.00 sys=0.00, real=0.00 secs] 
293.798: Total time for which application threads were stopped: 0.0491240 seconds, Stopping threads took: 0.0481730 seconds
293.799: Application time: 0.0006620 seconds
293.832: [GC293.832: [DefNew: 4191K->4191K(4288K), 0.0000050 secs]293.832: [Tenured: 6428K->6066K(9600K), 0.0060140 secs] 10620K->6066K(13888K), [Perm : 5137K->5137K(21248K)], 0.0060600 secs] [Times: user=0.00 sys=0.00, real=0.01 secs] 
293.838: Total time for which application threads were stopped: 0.0397810 seconds, Stopping threads took: 0.0336430 seconds
293.839: Application time: 0.0009270 seconds
293.909: [GC293.909: [DefNew: 3825K->3825K(4288K), 0.0000100 secs]293.909: [Tenured: 6066K->3429K(9600K), 0.0048240 secs] 9891K->3429K(13888K), [Perm : 5137K->5137K(21248K)], 0.0048820 secs] [Times: user=0.00 sys=0.00, real=0.01 secs] 
293.914: Total time for which application threads were stopped: 0.0747690 seconds, Stopping threads took: 0.0698230 seconds
293.915: Application time: 0.0005350 seconds
293.948: [GC293.948: [DefNew: 3628K->391K(4288K), 0.0009470 secs] 7057K->6946K(13888K), 0.0009710 secs] [Times: user=0.00 sys=0.00, real=0.00 secs] 
293.949: Total time for which application threads were stopped: 0.0342620 seconds, Stopping threads took: 0.0332230 seconds
293.949: Application time: 0.0004430 seconds
293.983: [GC293.983: [DefNew: 4214K->4214K(4288K), 0.0000070 secs]293.983: [Tenured: 6554K->6554K(9600K), 0.0062540 secs] 10769K->6554K(13888K), [Perm : 5137K->5137K(21248K)], 0.0063010 secs] [Times: user=0.00 sys=0.00, real=0.01 secs] 
293.989: Total time for which application threads were stopped: 0.0397140 seconds, Stopping threads took: 0.0333350 seconds
294.061: Application time: 0.0722220 seconds
294.062: [GC294.063: [DefNew: 3825K->3825K(4288K), 0.0000080 secs]294.063: [Tenured: 6554K->1741K(9600K), 0.0051590 secs] 10379K->1741K(13888K), [Perm : 5137K->5137K(21248K)], 0.0052120 secs] [Times: user=0.01 sys=0.00, real=0.01 secs] 
294.068: Total time for which application threads were stopped: 0.0065450 seconds, Stopping threads took: 0.0012510 seconds
294.068: Application time: 0.0005470 seconds
294.069: [GC294.069: [DefNew: 3725K->392K(4288K), 0.0008620 secs] 5467K->5453K(13888K), 0.0008790 secs] [Times: user=0.00 sys=0.00, real=0.00 secs] 
294.070: Total time for which application threads were stopped: 0.0013710 seconds, Stopping threads took: 0.0004300 seconds
294.071: Application time: 0.0013200 seconds
294.137: [GC294.137: [DefNew: 4215K->391K(4288K), 0.0006900 secs] 9276K->7309K(13888K), 0.0007140 secs] [Times: user=0.00 sys=0.00, real=0.00 secs] 
294.137: Total time for which application threads were stopped: 0.0663950 seconds, Stopping threads took: 0.0656120 seconds
294.138: Application time: 0.0008120 seconds
294.208: [GC294.208: [DefNew: 4216K->4216K(4288K), 0.0000070 secs]294.208: [Tenured: 6918K->4475K(9600K), 0.0057530 secs] 11134K->4475K(13888K), [Perm : 5137K->5137K(21248K)], 0.0058010 secs] [Times: user=0.00 sys=0.00, real=0.01 secs] 
294.214: Total time for which application threads were stopped: 0.0756660 seconds, Stopping threads took: 0.0697810 seconds
294.215: Application time: 0.0007990 seconds
294.278: [GC294.278: [DefNew: 3767K->445K(4288K), 0.0007610 secs] 8242K->6905K(13888K), 0.0007870 secs] [Times: user=0.00 sys=0.00, real=0.00 secs] 
294.279: Total time for which application threads were stopped: 0.0645950 seconds, Stopping threads took: 0.0637340 seconds
294.280: Application time: 0.0003980 seconds
294.316: [GC294.316: [DefNew: 4264K->4264K(4288K), 0.0000070 secs]294.316: [Tenured: 6460K->6513K(9600K), 0.0061700 secs] 10725K->6513K(13888K), [Perm : 5137K->5137K(21248K)], 0.0062180 secs] [Times: user=0.00 sys=0.00, real=0.00 secs] 
294.322: Total time for which application threads were stopped: 0.0426090 seconds, Stopping threads took: 0.0363120 seconds
294.395: Application time: 0.0722590 seconds
294.396: [GC294.396: [DefNew: 3805K->3805K(4288K), 0.0000100 secs]294.396: [Tenured: 6513K->1659K(9600K), 0.0051570 secs] 10319K->1659K(13888K), [Perm : 5137K->5137K(21248K)], 0.0052080 secs] [Times: user=0.01 sys=0.00, real=0.00 secs] 
294.401: Total time for which application threads were stopped: 0.0066120 seconds, Stopping threads took: 0.0013240 seconds
294.402: Application time: 0.0005950 seconds
294.402: [GC294.402: [DefNew: 3727K->392K(4288K), 0.0008830 secs] 5387K->5372K(13888K), 0.0009060 secs] [Times: user=0.00 sys=0.00, real=0.00 secs] 
294.403: Total time for which application threads were stopped: 0.0010810 seconds, Stopping threads took: 0.0001180 seconds
294.404: Application time: 0.0008490 seconds
294.471: [GC294.471: [DefNew: 4217K->391K(4288K), 0.0006090 secs] 9197K->6739K(13888K), 0.0006360 secs] [Times: user=0.00 sys=0.00, real=0.00 secs] 
294.472: Total time for which application threads were stopped: 0.0681480 seconds, Stopping threads took: 0.0674430 seconds
294.472: Application time: 0.0004000 seconds
294.526: [GC294.526: [DefNew: 4021K->4021K(4288K), 0.0000070 secs]294.526: [Tenured: 6348K->4085K(9600K), 0.0063620 secs] 10369K->4085K(13888K), [Perm : 5137K->5137K(21248K)], 0.0064100 secs] [Times: user=0.01 sys=0.00, real=0.00 secs] 
294.532: Total time for which application threads were stopped: 0.0597570 seconds, Stopping threads took: 0.0532700 seconds
294.533: Application time: 0.0006050 seconds
294.533: [GC294.533: [DefNew: 3817K->390K(4288K), 0.0008940 secs] 7902K->7894K(13888K), 0.0009130 secs] [Times: user=0.00 sys=0.00, real=0.00 secs] 
294.534: Total time for which application threads were stopped: 0.0013060 seconds, Stopping threads took: 0.0003300 seconds
294.606: Application time: 0.0721210 seconds
294.646: [GC294.646: [DefNew: 4168K->4168K(4288K), 0.0000090 secs]294.646: [Tenured: 7503K->2328K(9600K), 0.0045720 secs] 11672K->2328K(13888K), [Perm : 5137K->5137K(21248K)], 0.0046250 secs] [Times: user=0.00 sys=0.00, real=0.00 secs] 
294.650: Total time for which application threads were stopped: 0.0442180 seconds, Stopping threads took: 0.0395110 seconds
294.651: Application time: 0.0005260 seconds
294.651: [GC294.651: [DefNew: 3753K->420K(4288K), 0.0008520 secs] 6082K->6069K(13888K), 0.0008710 secs] [Times: user=0.00 sys=0.00, real=0.00 secs] 
294.652: Total time for which application threads were stopped: 0.0011310 seconds, Stopping threads took: 0.0001980 seconds
294.653: Application time: 0.0013350 seconds
294.718: [GC294.718: [DefNew: 4145K->4145K(4288K), 0.0000070 secs]294.718: [Tenured: 5649K->5482K(9600K), 0.0058510 secs] 9794K->5482K(13888K), [Perm : 5137K->5137K(21248K)], 0.0058990 secs] [Times: user=0.01 sys=0.00, real=0.00 secs] 
294.724: Total time for which application threads were stopped: 0.0704650 seconds, Stopping threads took: 0.0644790 seconds
294.724: Application time: 0.0007910 seconds
294.794: [GC294.794: [DefNew: 3806K->419K(4288K), 0.0010640 secs] 9288K->8636K(13888K), 0.0010930 secs] [Times: user=0.00 sys=0.00, real=0.00 secs] 
294.795: Total time for which application threads were stopped: 0.0707790 seconds, Stopping threads took: 0.0696270 seconds
294.796: Application time: 0.0004650 seconds
294.830: [GC294.830: [DefNew: 4047K->4047K(4288K), 0.0000070 secs]294.830: [Tenured: 8216K->5315K(9600K), 0.0065690 secs] 12264K->5315K(13888K), [Perm : 5137K->5137K(21248K)], 0.0066140 secs] [Times: user=0.01 sys=0.00, real=0.01 secs] 
294.836: Total time for which application threads were stopped: 0.0407030 seconds, Stopping threads took: 0.0340090 seconds
294.837: Application time: 0.0006140 seconds
294.871: [GC294.871: [DefNew: 3823K->391K(4288K), 0.0010700 secs] 9139K->8539K(13888K), 0.0011020 secs] [Times: user=0.00 sys=0.00, real=0.00 secs] 
294.872: Total time for which application threads were stopped: 0.0348380 seconds, Stopping threads took: 0.0336560 seconds
294.945: Application time: 0.0733870 seconds
294.947: [GC294.947: [DefNew: 4216K->4216K(4288K), 0.0000100 secs]294.947: [Tenured: 8148K->1741K(9600K), 0.0059270 secs] 12364K->1741K(13888K), [Perm : 5137K->5137K(21248K)], 0.0059780 secs] [Times: user=0.01 sys=0.00, real=0.01 secs] 
294.953: Total time for which application threads were stopped: 0.0075190 seconds, Stopping threads took: 0.0014610 seconds
294.953: Application time: 0.0005860 seconds
294.954: [GC294.954: [DefNew: 3725K->392K(4288K), 0.0008630 secs] 5467K->5454K(13888K), 0.0008910 secs] [Times: user=0.01 sys=0.00, real=0.00 secs] 
294.955: Total time for which application threads were stopped: 0.0011930 seconds, Stopping threads took: 0.0002340 seconds
294.956: Application time: 0.0015540 seconds
295.025: [GC295.025: [DefNew: 4215K->391K(4288K), 0.0005350 secs] 9277K->6625K(13888K), 0.0005600 secs] [Times: user=0.00 sys=0.00, real=0.00 secs] 
295.026: Total time for which application threads were stopped: 0.0698610 seconds, Stopping threads took: 0.0692320 seconds
295.026: Application time: 0.0004090 seconds
295.080: [GC295.080: [DefNew: 4216K->4216K(4288K), 0.0000070 secs]295.080: [Tenured: 6234K->4475K(9600K), 0.0064660 secs] 10451K->4475K(13888K), [Perm : 5137K->5137K(21248K)], 0.0065080 secs] [Times: user=0.00 sys=0.00, real=0.01 secs] 
295.087: Total time for which application threads were stopped: 0.0602670 seconds, Stopping threads took: 0.0536840 seconds
295.087: Application time: 0.0005040 seconds
295.121: [GC295.121: [DefNew: 3823K->391K(4288K), 0.0007850 secs] 8299K->7406K(13888K), 0.0008080 secs] [Times: user=0.00 sys=0.00, real=0.00 secs] 
295.122: Total time for which application threads were stopped: 0.0344140 seconds, Stopping threads took: 0.0335450 seconds
295.122: Application time: 0.0006520 seconds
295.156: [GC295.156: [DefNew: 4117K->4117K(4288K), 0.0000070 secs]295.156: [Tenured: 7015K->6624K(9600K), 0.0064420 secs] 11132K->6624K(13888K), [Perm : 5137K->5137K(21248K)], 0.0064910 secs] [Times: user=0.01 sys=0.00, real=0.00 secs] 
295.162: Total time for which application threads were stopped: 0.0401570 seconds, Stopping threads took: 0.0335860 seconds
295.234: Application time: 0.0715560 seconds
295.236: [GC295.236: [DefNew: 3727K->3727K(4288K), 0.0000090 secs]295.236: [Tenured: 6624K->1741K(9600K), 0.0051830 secs] 10351K->1741K(13888K), [Perm : 5137K->5137K(21248K)], 0.0052320 secs] [Times: user=0.01 sys=0.00, real=0.00 secs] 
295.241: Total time for which application threads were stopped: 0.0071000 seconds, Stopping threads took: 0.0017990 seconds
295.242: Application time: 0.0005160 seconds
295.242: [GC295.242: [DefNew: 3725K->392K(4288K), 0.0008860 secs] 5467K->5454K(13888K), 0.0009070 secs] [Times: user=0.00 sys=0.00, real=0.00 secs] 
295.243: Total time for which application threads were stopped: 0.0013040 seconds, Stopping threads took: 0.0003280 seconds
295.244: Application time: 0.0012230 seconds
295.311: [GC295.311: [DefNew: 4215K->391K(4288K), 0.0005940 secs] 9277K->6821K(13888K), 0.0006190 secs] [Times: user=0.00 sys=0.00, real=0.00 secs] 
295.312: Total time for which application threads were stopped: 0.0678770 seconds, Stopping threads took: 0.0671890 seconds
295.312: Application time: 0.0003960 seconds
295.346: [GC295.346: [DefNew: 4216K->4216K(4288K), 0.0000070 secs]295.346: [Tenured: 6429K->4476K(9600K), 0.0063620 secs] 10646K->4476K(13888K), [Perm : 5137K->5137K(21248K)], 0.0064080 secs] [Times: user=0.00 sys=0.00, real=0.01 secs] 
295.353: Total time for which application threads were stopped: 0.0403030 seconds, Stopping threads took: 0.0338190 seconds
295.353: Application time: 0.0004650 seconds
295.387: [GC295.387: [DefNew: 3625K->391K(4288K), 0.0007810 secs] 8102K->7504K(13888K), 0.0008010 secs] [Times: user=0.00 sys=0.00, real=0.00 secs] 
295.388: Total time for which application threads were stopped: 0.0348830 seconds, Stopping threads took: 0.0340180 seconds
295.389: Application time: 0.0007300 seconds
295.459: [GC295.459: [DefNew: 4216K->4216K(4288K), 0.0000080 secs]295.459: [Tenured: 7112K->5452K(9600K), 0.0066310 secs] 11329K->5452K(13888K), [Perm : 5137K->5137K(21248K)], 0.0066770 secs] [Times: user=0.01 sys=0.00, real=0.01 secs] 
295.466: Total time for which application threads were stopped: 0.0767020 seconds, Stopping threads took: 0.0699460 seconds
295.467: Application time: 0.0010260 seconds
295.531: [GC295.531: [DefNew: 3825K->391K(4288K), 0.0010750 secs] 9278K->9067K(13888K), 0.0011050 secs] [Times: user=0.00 sys=0.00, real=0.00 secs] 
295.532: Total time for which application threads were stopped: 0.0654570 seconds, Stopping threads took: 0.0642670 seconds
295.533: Application time: 0.0008850 seconds
295.603: [GC295.603: [DefNew: 4197K->4197K(4288K), 0.0000070 secs]295.603: [Tenured: 8675K->4406K(9600K), 0.0057970 secs] 12872K->4406K(13888K), [Perm : 5137K->5137K(21248K)], 0.0058460 secs] [Times: user=0.01 sys=0.00, real=0.01 secs] 
295.609: Total time for which application threads were stopped: 0.0757250 seconds, Stopping threads took: 0.0698200 seconds
295.609: Application time: 0.0005310 seconds
295.657: [GC295.657: [DefNew: 3725K->391K(4288K), 0.0008490 secs] 8132K->7532K(13888K), 0.0008710 secs] [Times: user=0.00 sys=0.00, real=0.00 secs] 
295.658: Total time for which application threads were stopped: 0.0485520 seconds, Stopping threads took: 0.0476310 seconds
295.658: Application time: 0.0006530 seconds
295.729: [GC295.729: [DefNew: 4099K->4099K(4288K), 0.0000080 secs]295.729: [Tenured: 7141K->3165K(9600K), 0.0062070 secs] 11240K->3165K(13888K), [Perm : 5137K->5137K(21248K)], 0.0062550 secs] [Times: user=0.00 sys=0.00, real=0.01 secs] 
295.735: Total time for which application threads were stopped: 0.0765180 seconds, Stopping threads took: 0.0702050 seconds
295.735: Application time: 0.0005450 seconds
295.782: [GC295.782: [DefNew: 3727K->392K(4288K), 0.0008360 secs] 6893K->6292K(13888K), 0.0008610 secs] [Times: user=0.00 sys=0.00, real=0.00 secs] 
295.783: Total time for which application threads were stopped: 0.0479520 seconds, Stopping threads took: 0.0470290 seconds
295.784: Application time: 0.0004540 seconds
295.817: [GC295.817: [DefNew: 4213K->4213K(4288K), 0.0000070 secs]295.817: [Tenured: 5900K->7405K(9600K), 0.0069320 secs] 10113K->7405K(13888K), [Perm : 5137K->5137K(21248K)], 0.0069750 secs] [Times: user=0.01 sys=0.00, real=0.00 secs] 
295.824: Total time for which application threads were stopped: 0.0402790 seconds, Stopping threads took: 0.0332260 seconds
295.896: Application time: 0.0718320 seconds
295.900: [GC295.900: [DefNew: 3727K->3727K(4288K), 0.0000100 secs]295.900: [Tenured: 7405K->2522K(9600K), 0.0046660 secs] 11133K->2522K(13888K), [Perm : 5137K->5137K(21248K)], 0.0047210 secs] [Times: user=0.01 sys=0.00, real=0.01 secs] 
295.905: Total time for which application threads were stopped: 0.0087650 seconds, Stopping threads took: 0.0039620 seconds
295.905: Application time: 0.0004680 seconds
295.938: [GC295.938: [DefNew: 3823K->391K(4288K), 0.0008320 secs] 6346K->6039K(13888K), 0.0008550 secs] [Times: user=0.00 sys=0.00, real=0.00 secs] 
295.939: Total time for which application threads were stopped: 0.0339830 seconds, Stopping threads took: 0.0330610 seconds
295.940: Application time: 0.0006760 seconds
296.010: [GC296.010: [DefNew: 4214K->4214K(4288K), 0.0000070 secs]296.010: [Tenured: 5648K->4769K(9600K), 0.0058160 secs] 9863K->4769K(13888K), [Perm : 5137K->5137K(21248K)], 0.0058700 secs] [Times: user=0.00 sys=0.00, real=0.01 secs] 
296.016: Total time for which application threads were stopped: 0.0758770 seconds, Stopping threads took: 0.0699290 seconds
296.016: Application time: 0.0004570 seconds
296.069: [GC296.069: [DefNew: 3630K->391K(4288K), 0.0008470 secs] 8399K->7505K(13888K), 0.0008740 secs] [Times: user=0.00 sys=0.00, real=0.00 secs] 
296.070: Total time for which application threads were stopped: 0.0540360 seconds, Stopping threads took: 0.0530890 seconds
296.071: Application time: 0.0004160 seconds
296.071: [GC296.071: [DefNew: 4211K->4211K(4288K), 0.0000050 secs]296.071: [Tenured: 7113K->7894K(9600K), 0.0064330 secs] 11324K->7894K(13888K), [Perm : 5137K->5137K(21248K)], 0.0064770 secs] [Times: user=0.01 sys=0.00, real=0.01 secs] 
296.078: Total time for which application threads were stopped: 0.0070500 seconds, Stopping threads took: 0.0005190 seconds
296.150: Application time: 0.0726620 seconds
296.152: [GC296.152: [DefNew: 3629K->3629K(4288K), 0.0000090 secs]296.152: [Tenured: 7894K->2913K(9600K), 0.0055430 secs] 11523K->2913K(13888K), [Perm : 5137K->5137K(21248K)], 0.0055960 secs] [Times: user=0.01 sys=0.00, real=0.01 secs] 
296.158: Total time for which application threads were stopped: 0.0072660 seconds, Stopping threads took: 0.0015800 seconds
296.158: Application time: 0.0004820 seconds
296.191: [GC296.191: [DefNew: 3587K->440K(4288K), 0.0007630 secs] 6500K->6096K(13888K), 0.0007830 secs] [Times: user=0.00 sys=0.00, real=0.00 secs] 
296.192: Total time for which application threads were stopped: 0.0339250 seconds, Stopping threads took: 0.0330750 seconds
296.193: Application time: 0.0007840 seconds
296.263: [GC296.263: [DefNew: 4263K->4263K(4288K), 0.0000060 secs]296.263: [Tenured: 5656K->4826K(9600K), 0.0058570 secs] 9919K->4826K(13888K), [Perm : 5137K->5137K(21248K)], 0.0059030 secs] [Times: user=0.00 sys=0.00, real=0.01 secs] 
296.269: Total time for which application threads were stopped: 0.0757780 seconds, Stopping threads took: 0.0697980 seconds
296.269: Application time: 0.0005080 seconds
296.334: [GC296.334: [DefNew: 3630K->391K(4288K), 0.0008170 secs] 8456K->7561K(13888K), 0.0008450 secs] [Times: user=0.00 sys=0.00, real=0.00 secs] 
296.335: Total time for which application threads were stopped: 0.0655220 seconds, Stopping threads took: 0.0646030 seconds
296.335: Application time: 0.0006200 seconds
296.368: [GC296.368: [DefNew: 4080K->4080K(4288K), 0.0000060 secs]296.368: [Tenured: 7170K->4492K(9600K), 0.0062170 secs] 11250K->4492K(13888K), [Perm : 5137K->5137K(21248K)], 0.0062670 secs] [Times: user=0.01 sys=0.00, real=0.01 secs] 
296.375: Total time for which application threads were stopped: 0.0392690 seconds, Stopping threads took: 0.0329230 seconds
296.375: Application time: 0.0006060 seconds
296.408: [GC296.408: [DefNew: 3805K->419K(4288K), 0.0008890 secs] 8298K->7646K(13888K), 0.0009150 secs] [Times: user=0.00 sys=0.00, real=0.00 secs] 
296.409: Total time for which application threads were stopped: 0.0342890 seconds, Stopping threads took: 0.0333020 seconds
296.410: Application time: 0.0003920 seconds
296.478: [GC296.478: [DefNew: 4147K->4147K(4288K), 0.0000070 secs]296.478: [Tenured: 7226K->4423K(9600K), 0.0053560 secs] 11374K->4423K(13888K), [Perm : 5137K->5137K(21248K)], 0.0054050 secs] [Times: user=0.01 sys=0.00, real=0.00 secs] 
296.484: Total time for which application threads were stopped: 0.0739510 seconds, Stopping threads took: 0.0684670 seconds
296.484: Application time: 0.0005800 seconds
296.518: [GC296.518: [DefNew: 3706K->419K(4288K), 0.0008790 secs] 8129K->7968K(13888K), 0.0009040 secs] [Times: user=0.00 sys=0.00, real=0.00 secs] 
296.519: Total time for which application threads were stopped: 0.0342290 seconds, Stopping threads took: 0.0332660 seconds
296.591: Application time: 0.0721920 seconds
296.592: [GC296.592: [DefNew: 3952K->3952K(4288K), 0.0000090 secs]296.592: [Tenured: 7548K->1742K(9600K), 0.0059130 secs] 11500K->1742K(13888K), [Perm : 5137K->5137K(21248K)], 0.0059650 secs] [Times: user=0.01 sys=0.00, real=0.01 secs] 
296.598: Total time for which application threads were stopped: 0.0074400 seconds, Stopping threads took: 0.0013950 seconds
296.599: Application time: 0.0006020 seconds
296.599: [GC296.599: [DefNew: 3725K->392K(4288K), 0.0008590 secs] 5467K->5454K(13888K), 0.0008750 secs] [Times: user=0.00 sys=0.00, real=0.00 secs] 
296.600: Total time for which application threads were stopped: 0.0013890 seconds, Stopping threads took: 0.0004520 seconds
296.608: Application time: 0.0082010 seconds
296.672: [GC296.672: [DefNew: 4215K->196K(4288K), 0.0002200 secs] 9277K->5259K(13888K), 0.0002450 secs] [Times: user=0.00 sys=0.00, real=0.00 secs] 
296.672: Total time for which application threads were stopped: 0.0638830 seconds, Stopping threads took: 0.0635800 seconds
296.673: Application time: 0.0002590 seconds
296.673: [GC296.673: [DefNew: 3921K->391K(4288K), 0.0008300 secs] 8985K->8970K(13888K), 0.0008520 secs] [Times: user=0.00 sys=0.00, real=0.00 secs] 
296.674: Total time for which application threads were stopped: 0.0011750 seconds, Stopping threads took: 0.0002600 seconds
296.675: Application time: 0.0009640 seconds
296.744: [GC296.744: [DefNew: 4212K->4212K(4288K), 0.0000070 secs]296.744: [Tenured: 8579K->5356K(9600K), 0.0065660 secs] 12791K->5356K(13888K), [Perm : 5137K->5137K(21248K)], 0.0066240 secs] [Times: user=0.00 sys=0.00, real=0.01 secs] 
296.751: Total time for which application threads were stopped: 0.0761330 seconds, Stopping threads took: 0.0694310 seconds
296.752: Application time: 0.0008770 seconds
296.819: [GC296.819: [DefNew: 3825K->391K(4288K), 0.0009290 secs] 9181K->8482K(13888K), 0.0009560 secs] [Times: user=0.00 sys=0.00, real=0.00 secs] 
296.820: Total time for which application threads were stopped: 0.0683270 seconds, Stopping threads took: 0.0673010 seconds
296.820: Application time: 0.0004600 seconds
296.886: [GC296.886: [DefNew: 3923K->3923K(4288K), 0.0000090 secs]296.886: [Tenured: 8090K->4087K(9600K), 0.0063290 secs] 12014K->4087K(13888K), [Perm : 5137K->5137K(21248K)], 0.0063810 secs] [Times: user=0.00 sys=0.00, real=0.00 secs] 
296.892: Total time for which application threads were stopped: 0.0714500 seconds, Stopping threads took: 0.0649810 seconds
296.892: Application time: 0.0005350 seconds
296.893: [GC296.893: [DefNew: 3721K->391K(4288K), 0.0008730 secs] 7808K->7799K(13888K), 0.0008950 secs] [Times: user=0.00 sys=0.00, real=0.00 secs] 
296.894: Total time for which application threads were stopped: 0.0014510 seconds, Stopping threads took: 0.0004870 seconds
296.965: Application time: 0.0714700 seconds
296.971: [GC296.971: [DefNew: 4118K->4118K(4288K), 0.0000090 secs]296.971: [Tenured: 7407K->2915K(9600K), 0.0049710 secs] 11526K->2915K(13888K), [Perm : 5137K->5137K(21248K)], 0.0050270 secs] [Times: user=0.00 sys=0.00, real=0.01 secs] 
296.976: Total time for which application threads were stopped: 0.0102830 seconds, Stopping threads took: 0.0051740 seconds
296.976: Application time: 0.0005600 seconds
297.010: [GC297.010: [DefNew: 3823K->391K(4288K), 0.0008170 secs] 6739K->6432K(13888K), 0.0008370 secs] [Times: user=0.00 sys=0.00, real=0.00 secs] 
297.010: Total time for which application threads were stopped: 0.0341910 seconds, Stopping threads took: 0.0332900 seconds
297.012: Application time: 0.0011200 seconds
297.081: [GC297.081: [DefNew: 4211K->4211K(4288K), 0.0000060 secs]297.081: [Tenured: 6041K->3695K(9600K), 0.0053630 secs] 10252K->3695K(13888K), [Perm : 5137K->5137K(21248K)], 0.0054120 secs] [Times: user=0.00 sys=0.00, real=0.01 secs] 
297.087: Total time for which application threads were stopped: 0.0750420 seconds, Stopping threads took: 0.0695530 seconds
297.087: Application time: 0.0004300 seconds
297.141: [GC297.141: [DefNew: 3630K->392K(4288K), 0.0007550 secs] 7325K->6431K(13888K), 0.0007790 secs] [Times: user=0.00 sys=0.00, real=0.00 secs] 
297.142: Total time for which application threads were stopped: 0.0545600 seconds, Stopping threads took: 0.0537120 seconds
297.142: Application time: 0.0003880 seconds
297.143: [GC297.143: [DefNew: 4213K->4213K(4288K), 0.0000050 secs]297.143: [Tenured: 6039K->7894K(9600K), 0.0060780 secs] 10252K->7894K(13888K), [Perm : 5137K->5137K(21248K)], 0.0061230 secs] [Times: user=0.01 sys=0.00, real=0.01 secs] 
297.149: Total time for which application threads were stopped: 0.0066990 seconds, Stopping threads took: 0.0005250 seconds
297.220: Application time: 0.0713620 seconds
297.222: [GC297.222: [DefNew: 3825K->3825K(4288K), 0.0000090 secs]297.222: [Tenured: 7894K->3109K(9600K), 0.0054520 secs] 11719K->3109K(13888K), [Perm : 5137K->5137K(21248K)], 0.0055080 secs] [Times: user=0.01 sys=0.00, real=0.01 secs] 
297.227: Total time for which application threads were stopped: 0.0070930 seconds, Stopping threads took: 0.0015020 seconds
297.228: Application time: 0.0005840 seconds
297.275: [GC297.275: [DefNew: 3727K->391K(4288K), 0.0008500 secs] 6837K->6431K(13888K), 0.0008730 secs] [Times: user=0.00 sys=0.00, real=0.00 secs] 
297.276: Total time for which application threads were stopped: 0.0481320 seconds, Stopping threads took: 0.0472100 seconds
297.276: Application time: 0.0005160 seconds
297.313: [GC297.313: [DefNew: 4213K->4213K(4288K), 0.0000060 secs]297.313: [Tenured: 6039K->5257K(9600K), 0.0063630 secs] 10252K->5257K(13888K), [Perm : 5137K->5137K(21248K)], 0.0064170 secs] [Times: user=0.00 sys=0.00, real=0.00 secs] 
297.319: Total time for which application threads were stopped: 0.0428270 seconds, Stopping threads took: 0.0363330 seconds
297.320: Application time: 0.0008190 seconds
297.387: [GC297.387: [DefNew: 3825K->391K(4288K), 0.0007600 secs] 9082K->7602K(13888K), 0.0007890 secs] [Times: user=0.00 sys=0.00, real=0.00 secs] 
297.388: Total time for which application threads were stopped: 0.0679610 seconds, Stopping threads took: 0.0670870 seconds
297.388: Application time: 0.0004120 seconds
297.451: [GC297.451: [DefNew: 4021K->4021K(4288K), 0.0000060 secs]297.451: [Tenured: 7210K->4086K(9600K), 0.0059060 secs] 11232K->4086K(13888K), [Perm : 5137K->5137K(21248K)], 0.0059510 secs] [Times: user=0.01 sys=0.00, real=0.01 secs] 
297.457: Total time for which application threads were stopped: 0.0686720 seconds, Stopping threads took: 0.0626470 seconds
297.458: Application time: 0.0004300 seconds
297.491: [GC297.491: [DefNew: 3721K->391K(4288K), 0.0008430 secs] 7807K->7505K(13888K), 0.0008640 secs] [Times: user=0.00 sys=0.00, real=0.00 secs] 
297.492: Total time for which application threads were stopped: 0.0340460 seconds, Stopping threads took: 0.0331130 seconds
297.564: Application time: 0.0720480 seconds
297.565: [GC297.565: [DefNew: 4021K->4021K(4288K), 0.0000090 secs]297.565: [Tenured: 7113K->1742K(9600K), 0.0058630 secs] 11134K->1742K(13888K), [Perm : 5137K->5137K(21248K)], 0.0059130 secs] [Times: user=0.01 sys=0.00, real=0.00 secs] 
297.571: Total time for which application threads were stopped: 0.0072580 seconds, Stopping threads took: 0.0012660 seconds
297.572: Application time: 0.0006610 seconds
297.572: [GC297.572: [DefNew: 3774K->440K(4288K), 0.0009260 secs] 5516K->5503K(13888K), 0.0009480 secs] [Times: user=0.00 sys=0.00, real=0.01 secs] 
297.573: Total time for which application threads were stopped: 0.0012570 seconds, Stopping threads took: 0.0002410 seconds
297.574: Application time: 0.0012090 seconds
297.642: [GC297.642: [DefNew: 4094K->419K(4288K), 0.0004000 secs] 9157K->6069K(13888K), 0.0004230 secs] [Times: user=0.00 sys=0.00, real=0.00 secs] 
297.643: Total time for which application threads were stopped: 0.0687890 seconds, Stopping threads took: 0.0682980 seconds
297.643: Application time: 0.0003300 seconds
297.691: [GC297.691: [DefNew: 4049K->4049K(4288K), 0.0000060 secs]297.691: [Tenured: 5649K->4114K(9600K), 0.0058000 secs] 9699K->4114K(13888K), [Perm : 5137K->5137K(21248K)], 0.0058440 secs] [Times: user=0.00 sys=0.00, real=0.01 secs] 
297.697: Total time for which application threads were stopped: 0.0539160 seconds, Stopping threads took: 0.0479960 seconds
297.698: Application time: 0.0005070 seconds
297.731: [GC297.731: [DefNew: 3805K->420K(4288K), 0.0008070 secs] 7920K->7269K(13888K), 0.0008300 secs] [Times: user=0.00 sys=0.00, real=0.00 secs] 
297.731: Total time for which application threads were stopped: 0.0339410 seconds, Stopping threads took: 0.0330420 seconds
297.733: Application time: 0.0013290 seconds
297.803: [GC297.803: [DefNew: 4145K->4145K(4288K), 0.0000080 secs]297.803: [Tenured: 6849K->3361K(9600K), 0.0061540 secs] 10994K->3361K(13888K), [Perm : 5137K->5137K(21248K)], 0.0062040 secs] [Times: user=0.00 sys=0.00, real=0.01 secs] 
297.809: Total time for which application threads were stopped: 0.0760170 seconds, Stopping threads took: 0.0697350 seconds
297.809: Application time: 0.0005270 seconds
297.860: [GC297.860: [DefNew: 3727K->392K(4288K), 0.0009790 secs] 7089K->6488K(13888K), 0.0010030 secs] [Times: user=0.00 sys=0.00, real=0.00 secs] 
297.861: Total time for which application threads were stopped: 0.0520790 seconds, Stopping threads took: 0.0510030 seconds
297.862: Application time: 0.0006700 seconds
297.908: [GC297.908: [DefNew: 4113K->4113K(4288K), 0.0000080 secs]297.908: [Tenured: 6096K->7113K(9600K), 0.0069440 secs] 10210K->7113K(13888K), [Perm : 5137K->5137K(21248K)], 0.0069930 secs] [Times: user=0.00 sys=0.00, real=0.01 secs] 
297.915: Total time for which application threads were stopped: 0.0531910 seconds, Stopping threads took: 0.0461250 seconds
297.987: Application time: 0.0715280 seconds
297.989: [GC297.989: [DefNew: 3825K->3825K(4288K), 0.0000090 secs]297.989: [Tenured: 7113K->2328K(9600K), 0.0052760 secs] 10938K->2328K(13888K), [Perm : 5137K->5137K(21248K)], 0.0053310 secs] [Times: user=0.01 sys=0.00, real=0.01 secs] 
297.995: Total time for which application threads were stopped: 0.0077160 seconds, Stopping threads took: 0.0023020 seconds
297.995: Application time: 0.0006210 seconds
298.029: [GC298.029: [DefNew: 3511K->420K(4288K), 0.0007410 secs] 5839K->5483K(13888K), 0.0007590 secs] [Times: user=0.00 sys=0.00, real=0.00 secs] 
298.030: Total time for which application threads were stopped: 0.0347140 seconds, Stopping threads took: 0.0339030 seconds
298.031: Application time: 0.0008130 seconds
298.082: [GC298.082: [DefNew: 4237K->390K(4288K), 0.0006420 secs] 9300K->7240K(13888K), 0.0006630 secs] [Times: user=0.00 sys=0.00, real=0.00 secs] 
298.083: Total time for which application threads were stopped: 0.0518420 seconds, Stopping threads took: 0.0511160 seconds
298.083: Application time: 0.0006180 seconds
298.153: [GC298.153: [DefNew: 4099K->4099K(4288K), 0.0000080 secs]298.153: [Tenured: 6849K->3556K(9600K), 0.0049370 secs] 10948K->3556K(13888K), [Perm : 5137K->5137K(21248K)], 0.0049900 secs] [Times: user=0.00 sys=0.00, real=0.00 secs] 
298.158: Total time for which application threads were stopped: 0.0752150 seconds, Stopping threads took: 0.0701570 seconds
298.159: Application time: 0.0004980 seconds
298.193: [GC298.193: [DefNew: 3727K->391K(4288K), 0.0008400 secs] 7284K->6878K(13888K), 0.0008610 secs] [Times: user=0.00 sys=0.00, real=0.00 secs] 
298.194: Total time for which application threads were stopped: 0.0348550 seconds, Stopping threads took: 0.0339290 seconds
298.194: Application time: 0.0006320 seconds
298.246: [GC298.246: [DefNew: 4193K->4193K(4288K), 0.0000070 secs]298.246: [Tenured: 6486K->6027K(9600K), 0.0065900 secs] 10680K->6027K(13888K), [Perm : 5139K->5139K(21248K)], 0.0066350 secs] [Times: user=0.00 sys=0.00, real=0.01 secs] 
298.253: Total time for which application threads were stopped: 0.0586100 seconds, Stopping threads took: 0.0519000 seconds
298.254: Application time: 0.0010750 seconds
298.324: [GC298.324: [DefNew: 3825K->3825K(4288K), 0.0000080 secs]298.324: [Tenured: 6027K->3988K(9600K), 0.0049460 secs] 9852K->3988K(13888K), [Perm : 5139K->5139K(21248K)], 0.0050000 secs] [Times: user=0.00 sys=0.00, real=0.01 secs] 
298.329: Total time for which application threads were stopped: 0.0751230 seconds, Stopping threads took: 0.0700620 seconds
298.330: Application time: 0.0006500 seconds
298.386: [GC298.386: [DefNew: 3687K->440K(4288K), 0.0006430 secs] 7675K->6195K(13888K), 0.0006640 secs] [Times: user=0.00 sys=0.00, real=0.00 secs] 
298.387: Total time for which application threads were stopped: 0.0568720 seconds, Stopping threads took: 0.0561410 seconds
298.387: Application time: 0.0003960 seconds
298.420: [GC298.420: [DefNew: 4263K->4263K(4288K), 0.0000060 secs]298.420: [Tenured: 5754K->4925K(9600K), 0.0064300 secs] 10018K->4925K(13888K), [Perm : 5139K->5139K(21248K)], 0.0064720 secs] [Times: user=0.01 sys=0.00, real=0.01 secs] 
298.427: Total time for which application threads were stopped: 0.0398180 seconds, Stopping threads took: 0.0332660 seconds
298.427: Application time: 0.0005120 seconds
298.475: [GC298.475: [DefNew: 3823K->391K(4288K), 0.0008860 secs] 8748K->8148K(13888K), 0.0009130 secs] [Times: user=0.01 sys=0.00, real=0.00 secs] 
298.476: Total time for which application threads were stopped: 0.0487990 seconds, Stopping threads took: 0.0478130 seconds
298.548: Application time: 0.0719040 seconds
298.550: [GC298.550: [DefNew: 4216K->4216K(4288K), 0.0000090 secs]298.550: [Tenured: 7757K->1799K(9600K), 0.0050950 secs] 11974K->1799K(13888K), [Perm : 5139K->5139K(21248K)], 0.0051490 secs] [Times: user=0.00 sys=0.00, real=0.01 secs] 
298.555: Total time for which application threads were stopped: 0.0068600 seconds, Stopping threads took: 0.0016410 seconds
298.556: Application time: 0.0006330 seconds
298.556: [GC298.556: [DefNew: 3773K->440K(4288K), 0.0009180 secs] 5573K->5560K(13888K), 0.0009440 secs] [Times: user=0.00 sys=0.00, real=0.00 secs] 
298.557: Total time for which application threads were stopped: 0.0012570 seconds, Stopping threads took: 0.0002530 seconds
298.558: Application time: 0.0006860 seconds
298.592: [GC298.592: [DefNew: 4096K->419K(4288K), 0.0008750 secs] 9216K->8274K(13888K), 0.0008980 secs] [Times: user=0.00 sys=0.00, real=0.01 secs] 
298.592: Total time for which application threads were stopped: 0.0348830 seconds, Stopping threads took: 0.0339320 seconds
298.593: Application time: 0.0008660 seconds
298.663: [GC298.663: [DefNew: 4244K->4244K(4288K), 0.0000080 secs]298.663: [Tenured: 7855K->4366K(9600K), 0.0056340 secs] 12100K->4366K(13888K), [Perm : 5139K->5139K(21248K)], 0.0056830 secs] [Times: user=0.01 sys=0.00, real=0.01 secs] 
298.669: Total time for which application threads were stopped: 0.0757270 seconds, Stopping threads took: 0.0699760 seconds
298.670: Application time: 0.0005780 seconds
298.703: [GC298.703: [DefNew: 3825K->391K(4288K), 0.0009760 secs] 8192K->7883K(13888K), 0.0010040 secs] [Times: user=0.00 sys=0.00, real=0.01 secs] 
298.704: Total time for which application threads were stopped: 0.0347920 seconds, Stopping threads took: 0.0337170 seconds
298.705: Application time: 0.0004080 seconds
298.767: [GC298.767: [DefNew: 4216K->4216K(4288K), 0.0000070 secs]298.767: [Tenured: 7491K->4379K(9600K), 0.0064870 secs] 11708K->4379K(13888K), [Perm : 5139K->5139K(21248K)], 0.0065300 secs] [Times: user=0.01 sys=0.00, real=0.01 secs] 
298.774: Total time for which application threads were stopped: 0.0689200 seconds, Stopping threads took: 0.0623140 seconds
298.774: Application time: 0.0006510 seconds
298.808: [GC298.808: [DefNew: 3821K->391K(4288K), 0.0009460 secs] 8201K->8189K(13888K), 0.0009730 secs] [Times: user=0.00 sys=0.00, real=0.00 secs] 
298.809: Total time for which application threads were stopped: 0.0343540 seconds, Stopping threads took: 0.0333310 seconds
298.880: Application time: 0.0716010 seconds
298.884: [GC298.884: [DefNew: 4216K->4216K(4288K), 0.0000090 secs]298.884: [Tenured: 7797K->2719K(9600K), 0.0052380 secs] 12014K->2719K(13888K), [Perm : 5139K->5139K(21248K)], 0.0052930 secs] [Times: user=0.00 sys=0.00, real=0.01 secs] 
298.889: Total time for which application threads were stopped: 0.0087610 seconds, Stopping threads took: 0.0034060 seconds
298.890: Application time: 0.0005760 seconds
298.936: [GC298.936: [DefNew: 3630K->392K(4288K), 0.0008020 secs] 6350K->6041K(13888K), 0.0008240 secs] [Times: user=0.00 sys=0.00, real=0.00 secs] 
298.937: Total time for which application threads were stopped: 0.0471370 seconds, Stopping threads took: 0.0462430 seconds
298.937: Application time: 0.0005880 seconds
298.970: [GC298.970: [DefNew: 4209K->4209K(4288K), 0.0000060 secs]298.970: [Tenured: 5649K->7993K(9600K), 0.0064190 secs] 9858K->7993K(13888K), [Perm : 5139K->5139K(21248K)], 0.0064630 secs] [Times: user=0.00 sys=0.00, real=0.01 secs] 
298.977: Total time for which application threads were stopped: 0.0394800 seconds, Stopping threads took: 0.0329420 seconds
299.049: Application time: 0.0724350 seconds
299.050: [GC299.050: [DefNew: 3825K->3825K(4288K), 0.0000100 secs]299.050: [Tenured: 7993K->2817K(9600K), 0.0060080 secs] 11818K->2817K(13888K), [Perm : 5139K->5139K(21248K)], 0.0060640 secs] [Times: user=0.01 sys=0.00, real=0.01 secs] 
299.056: Total time for which application threads were stopped: 0.0067140 seconds, Stopping threads took: 0.0005670 seconds
299.057: Application time: 0.0005380 seconds
299.090: [GC299.090: [DefNew: 3725K->391K(4288K), 0.0009170 secs] 6542K->6529K(13888K), 0.0009390 secs] [Times: user=0.00 sys=0.00, real=0.00 secs] 
299.091: Total time for which application threads were stopped: 0.0345910 seconds, Stopping threads took: 0.0335850 seconds
299.092: Application time: 0.0006380 seconds
299.125: [GC299.125: [DefNew: 4216K->4216K(4288K), 0.0000060 secs]299.125: [Tenured: 6137K->7113K(9600K), 0.0067140 secs] 10354K->7113K(13888K), [Perm : 5139K->5139K(21248K)], 0.0067700 secs] [Times: user=0.01 sys=0.00, real=0.00 secs] 
299.132: Total time for which application threads were stopped: 0.0401660 seconds, Stopping threads took: 0.0333180 seconds
299.203: Application time: 0.0708030 seconds
299.207: [GC299.207: [DefNew: 3825K->3825K(4288K), 0.0000090 secs]299.207: [Tenured: 7113K->2328K(9600K), 0.0052550 secs] 10939K->2328K(13888K), [Perm : 5139K->5139K(21248K)], 0.0053080 secs] [Times: user=0.00 sys=0.00, real=0.01 secs] 
299.213: Total time for which application threads were stopped: 0.0098900 seconds, Stopping threads took: 0.0045000 seconds
299.213: Application time: 0.0005530 seconds
299.247: [GC299.247: [DefNew: 3825K->392K(4288K), 0.0008630 secs] 6154K->6041K(13888K), 0.0008830 secs] [Times: user=0.00 sys=0.00, real=0.00 secs] 
299.248: Total time for which application threads were stopped: 0.0344380 seconds, Stopping threads took: 0.0334920 seconds
299.248: Application time: 0.0004920 seconds
299.282: [GC299.282: [DefNew: 4217K->4217K(4288K), 0.0000070 secs]299.282: [Tenured: 5649K->5648K(9600K), 0.0056040 secs] 9866K->5648K(13888K), [Perm : 5139K->5139K(21248K)], 0.0056520 secs] [Times: user=0.00 sys=0.00, real=0.01 secs] 
299.287: Total time for which application threads were stopped: 0.0391050 seconds, Stopping threads took: 0.0333860 seconds
299.288: Application time: 0.0008820 seconds
299.355: [GC299.355: [DefNew: 3825K->391K(4288K), 0.0009070 secs] 9474K->8384K(13888K), 0.0009390 secs] [Times: user=0.00 sys=0.00, real=0.00 secs] 
299.356: Total time for which application threads were stopped: 0.0679960 seconds, Stopping threads took: 0.0669810 seconds
299.357: Application time: 0.0004280 seconds
299.391: [GC299.391: [DefNew: 4021K->4021K(4288K), 0.0000050 secs]299.391: [Tenured: 7992K->5551K(9600K), 0.0061420 secs] 12014K->5551K(13888K), [Perm : 5139K->5139K(21248K)], 0.0061860 secs] [Times: user=0.00 sys=0.00, real=0.01 secs] 
299.397: Total time for which application threads were stopped: 0.0400870 seconds, Stopping threads took: 0.0338270 seconds
299.397: Application time: 0.0007440 seconds
299.468: [GC299.468: [DefNew: 3512K->420K(4288K), 0.0004960 secs] 9064K->6752K(13888K), 0.0005230 secs] [Times: user=0.00 sys=0.00, real=0.00 secs] 
299.468: Total time for which application threads were stopped: 0.0705990 seconds, Stopping threads took: 0.0699950 seconds
299.468: Application time: 0.0003630 seconds
299.501: [GC299.501: [DefNew: 4243K->4243K(4288K), 0.0000070 secs]299.502: [Tenured: 6332K->5258K(9600K), 0.0052880 secs] 10576K->5258K(13888K), [Perm : 5139K->5139K(21248K)], 0.0053340 secs] [Times: user=0.01 sys=0.00, real=0.01 secs] 
299.507: Total time for which application threads were stopped: 0.0384080 seconds, Stopping threads took: 0.0330190 seconds
299.508: Application time: 0.0007510 seconds
299.570: [GC299.570: [DefNew: 3725K->391K(4288K), 0.0006660 secs] 8984K->7407K(13888K), 0.0006900 secs] [Times: user=0.00 sys=0.00, real=0.00 secs] 
299.571: Total time for which application threads were stopped: 0.0635340 seconds, Stopping threads took: 0.0627750 seconds
299.572: Application time: 0.0005420 seconds
299.605: [GC299.605: [DefNew: 4214K->4214K(4288K), 0.0000060 secs]299.605: [Tenured: 7016K->5258K(9600K), 0.0052610 secs] 11231K->5258K(13888K), [Perm : 5139K->5139K(21248K)], 0.0053070 secs] [Times: user=0.01 sys=0.00, real=0.00 secs] 
299.611: Total time for which application threads were stopped: 0.0389620 seconds, Stopping threads took: 0.0335900 seconds
299.611: Application time: 0.0007740 seconds
299.682: [GC299.682: [DefNew: 3825K->391K(4288K), 0.0007400 secs] 9083K->7602K(13888K), 0.0007650 secs] [Times: user=0.00 sys=0.00, real=0.00 secs] 
299.683: Total time for which application threads were stopped: 0.0716120 seconds, Stopping threads took: 0.0707750 seconds
299.683: Application time: 0.0003450 seconds
299.717: [GC299.717: [DefNew: 4216K->4216K(4288K), 0.0000060 secs]299.717: [Tenured: 7211K->5747K(9600K), 0.0058760 secs] 11428K->5747K(13888K), [Perm : 5139K->5139K(21248K)], 0.0059260 secs] [Times: user=0.01 sys=0.00, real=0.00 secs] 
299.723: Total time for which application threads were stopped: 0.0394230 seconds, Stopping threads took: 0.0334450 seconds
299.724: Application time: 0.0008660 seconds
299.793: [GC299.793: [DefNew: 3805K->322K(4288K), 0.0008320 secs] 9552K->8608K(13888K), 0.0008600 secs] [Times: user=0.00 sys=0.00, real=0.00 secs] 
299.794: Total time for which application threads were stopped: 0.0706880 seconds, Stopping threads took: 0.0697770 seconds
299.795: Application time: 0.0004490 seconds
299.856: [GC299.856: [DefNew: 3952K->3952K(4288K), 0.0000090 secs]299.856: [Tenured: 8286K->4505K(9600K), 0.0057090 secs] 12238K->4505K(13888K), [Perm : 5139K->5139K(21248K)], 0.0057710 secs] [Times: user=0.00 sys=0.00, real=0.00 secs] 
299.862: Total time for which application threads were stopped: 0.0672710 seconds, Stopping threads took: 0.0614340 seconds
299.863: Application time: 0.0004700 seconds
299.863: [GC299.863: [DefNew: 3819K->391K(4288K), 0.0008900 secs] 8325K->8315K(13888K), 0.0009120 secs] [Times: user=0.00 sys=0.00, real=0.00 secs] 
299.864: Total time for which application threads were stopped: 0.0013620 seconds, Stopping threads took: 0.0003910 seconds
299.936: Application time: 0.0719410 seconds
299.938: [GC299.938: [DefNew: 4099K->4099K(4288K), 0.0000090 secs]299.938: [Tenured: 7924K->2914K(9600K), 0.0053740 secs] 12023K->2914K(13888K), [Perm : 5139K->5139K(21248K)], 0.0054290 secs] [Times: user=0.00 sys=0.00, real=0.00 secs] 
299.944: Total time for which application threads were stopped: 0.0077950 seconds, Stopping threads took: 0.0022830 seconds
299.944: Application time: 0.0005410 seconds
299.978: [GC299.978: [DefNew: 3727K->391K(4288K), 0.0007900 secs] 6642K->6041K(13888K), 0.0008130 secs] [Times: user=0.00 sys=0.00, real=0.00 secs] 
299.978: Total time for which application threads were stopped: 0.0342940 seconds, Stopping threads took: 0.0334060 seconds
299.979: Application time: 0.0006500 seconds
300.013: [GC300.013: [DefNew: 4097K->4097K(4288K), 0.0000060 secs]300.013: [Tenured: 5649K->4896K(9600K), 0.0051420 secs] 9747K->4896K(13888K), [Perm : 5139K->5139K(21248K)], 0.0051880 secs] [Times: user=0.01 sys=0.00, real=0.00 secs] 
300.018: Total time for which application threads were stopped: 0.0388540 seconds, Stopping threads took: 0.0336010 seconds
300.018: Application time: 0.0004510 seconds
300.080: [GC300.080: [DefNew: 3727K->391K(4288K), 0.0007940 secs] 8623K->7436K(13888K), 0.0008210 secs] [Times: user=0.00 sys=0.00, real=0.00 secs] 
300.081: Total time for which application threads were stopped: 0.0625930 seconds, Stopping threads took: 0.0617010 seconds
300.082: Application time: 0.0004550 seconds
300.116: [GC300.116: [DefNew: 4217K->4217K(4288K), 0.0000050 secs]300.116: [Tenured: 7044K->7044K(9600K), 0.0063660 secs] 11261K->7044K(13888K), [Perm : 5139K->5139K(21248K)], 0.0064100 secs] [Times: user=0.00 sys=0.00, real=0.00 secs] 
300.122: Total time for which application threads were stopped: 0.0407660 seconds, Stopping threads took: 0.0343030 seconds
300.194: Application time: 0.0715010 seconds
300.197: [GC300.197: [DefNew: 3727K->3727K(4288K), 0.0000080 secs]300.197: [Tenured: 7044K->2162K(9600K), 0.0053020 secs] 10772K->2162K(13888K), [Perm : 5139K->5139K(21248K)], 0.0053540 secs] [Times: user=0.00 sys=0.00, real=0.00 secs] 
300.202: Total time for which application threads were stopped: 0.0085140 seconds, Stopping threads took: 0.0030790 seconds
300.203: Application time: 0.0004800 seconds
300.203: [GC300.203: [DefNew: 3831K->400K(4288K), 0.0008630 secs] 5993K->5980K(13888K), 0.0008820 secs] [Times: user=0.00 sys=0.00, real=0.00 secs] 
300.204: Total time for which application threads were stopped: 0.0012220 seconds, Stopping threads took: 0.0002960 seconds
300.205: Application time: 0.0008330 seconds
300.275: [GC300.275: [DefNew: 4195K->4195K(4288K), 0.0000080 secs]300.275: [Tenured: 5580K->2133K(9600K), 0.0051530 secs] 9776K->2133K(13888K), [Perm : 5139K->5139K(21248K)], 0.0052040 secs] [Times: user=0.00 sys=0.00, real=0.00 secs] 
300.281: Total time for which application threads were stopped: 0.0758160 seconds, Stopping threads took: 0.0705360 seconds
300.281: Application time: 0.0006570 seconds
300.315: [GC300.315: [DefNew: 3545K->445K(4288K), 0.0008130 secs] 5678K->5321K(13888K), 0.0008300 secs] [Times: user=0.01 sys=0.00, real=0.00 secs] 
300.316: Total time for which application threads were stopped: 0.0345040 seconds, Stopping threads took: 0.0336120 seconds
300.316: Application time: 0.0003160 seconds
300.364: [GC300.364: [DefNew: 4114K->435K(4288K), 0.0007820 secs] 8991K->7668K(13888K), 0.0008040 secs] [Times: user=0.01 sys=0.00, real=0.01 secs] 
300.365: Total time for which application threads were stopped: 0.0485610 seconds, Stopping threads took: 0.0477140 seconds
300.365: Application time: 0.0005970 seconds
300.430: [GC300.430: [DefNew: 4143K->4143K(4288K), 0.0000070 secs]300.430: [Tenured: 7233K->4270K(9600K), 0.0055300 secs] 11377K->4270K(13888K), [Perm : 5139K->5139K(21248K)], 0.0055780 secs] [Times: user=0.00 sys=0.00, real=0.01 secs] 
300.435: Total time for which application threads were stopped: 0.0701260 seconds, Stopping threads took: 0.0644800 seconds
300.436: Application time: 0.0005460 seconds
300.478: [GC300.478: [DefNew: 3532K->391K(4288K), 0.0007970 secs] 7802K->7201K(13888K), 0.0008190 secs] [Times: user=0.00 sys=0.00, real=0.00 secs] 
300.479: Total time for which application threads were stopped: 0.0428950 seconds, Stopping threads took: 0.0420090 seconds
300.479: Application time: 0.0003850 seconds
300.533: [GC300.533: [DefNew: 4214K->4214K(4288K), 0.0000070 secs]300.533: [Tenured: 6809K->5539K(9600K), 0.0058420 secs] 11024K->5539K(13888K), [Perm : 5139K->5139K(21248K)], 0.0058870 secs] [Times: user=0.00 sys=0.00, real=0.00 secs] 
300.539: Total time for which application threads were stopped: 0.0592680 seconds, Stopping threads took: 0.0533090 seconds
300.539: Application time: 0.0005730 seconds
300.605: [GC300.605: [DefNew: 3630K->391K(4288K), 0.0008060 secs] 9169K->8177K(13888K), 0.0008340 secs] [Times: user=0.00 sys=0.00, real=0.00 secs] 
300.606: Total time for which application threads were stopped: 0.0669670 seconds, Stopping threads took: 0.0660590 seconds
300.607: Application time: 0.0006170 seconds
300.639: [GC300.639: [DefNew: 4213K->4213K(4288K), 0.0000060 secs]300.639: [Tenured: 7786K->7590K(9600K), 0.0061450 secs] 11999K->7590K(13888K), [Perm : 5139K->5139K(21248K)], 0.0061870 secs] [Times: user=0.00 sys=0.00, real=0.01 secs] 
300.646: Total time for which application threads were stopped: 0.0389520 seconds, Stopping threads took: 0.0327010 seconds
300.718: Application time: 0.0722040 seconds
300.720: [GC300.720: [DefNew: 3825K->3825K(4288K), 0.0000090 secs]300.720: [Tenured: 7590K->2329K(9600K), 0.0052950 secs] 11415K->2329K(13888K), [Perm : 5139K->5139K(21248K)], 0.0053490 secs] [Times: user=0.00 sys=0.00, real=0.01 secs] 
300.725: Total time for which application threads were stopped: 0.0072220 seconds, Stopping threads took: 0.0017910 seconds
300.726: Application time: 0.0005380 seconds
300.726: [GC300.726: [DefNew: 3825K->294K(4288K), 0.0008450 secs] 6154K->6139K(13888K), 0.0008620 secs] [Times: user=0.00 sys=0.00, real=0.00 secs] 
300.727: Total time for which application threads were stopped: 0.0011520 seconds, Stopping threads took: 0.0002290 seconds
300.798: Application time: 0.0711100 seconds
300.801: [GC300.801: [DefNew: 4119K->4119K(4288K), 0.0000080 secs]300.801: [Tenured: 5845K->1352K(9600K), 0.0058220 secs] 9964K->1352K(13888K), [Perm : 5139K->5139K(21248K)], 0.0058730 secs] [Times: user=0.01 sys=0.00, real=0.01 secs] 
300.807: Total time for which application threads were stopped: 0.0086350 seconds, Stopping threads took: 0.0026830 seconds
300.807: Application time: 0.0006280 seconds
300.807: [GC300.807: [DefNew: 3727K->392K(4288K), 0.0008730 secs] 5080K->5065K(13888K), 0.0008890 secs] [Times: user=0.01 sys=0.00, real=0.00 secs] 
300.808: Total time for which application threads were stopped: 0.0011010 seconds, Stopping threads took: 0.0001500 seconds
300.810: Application time: 0.0016520 seconds
300.879: [GC300.879: [DefNew: 4115K->391K(4288K), 0.0005970 secs] 8788K->6236K(13888K), 0.0006320 secs] [Times: user=0.00 sys=0.00, real=0.00 secs] 
300.880: Total time for which application threads were stopped: 0.0700980 seconds, Stopping threads took: 0.0694130 seconds
300.880: Application time: 0.0004310 seconds
300.946: [GC300.946: [DefNew: 3923K->3923K(4288K), 0.0000080 secs]300.946: [Tenured: 5845K->3696K(9600K), 0.0058100 secs] 9769K->3696K(13888K), [Perm : 5139K->5139K(21248K)], 0.0058590 secs] [Times: user=0.01 sys=0.00, real=0.00 secs] 
300.951: Total time for which application threads were stopped: 0.0710120 seconds, Stopping threads took: 0.0650750 seconds
300.952: Application time: 0.0004690 seconds
300.952: [GC300.952: [DefNew: 3721K->391K(4288K), 0.0008710 secs] 7418K->7408K(13888K), 0.0008920 secs] [Times: user=0.00 sys=0.00, real=0.00 secs] 
300.953: Total time for which application threads were stopped: 0.0014120 seconds, Stopping threads took: 0.0004520 seconds
301.027: Application time: 0.0735130 seconds
301.030: [GC301.030: [DefNew: 4216K->4216K(4288K), 0.0000110 secs]301.030: [Tenured: 7017K->2623K(9600K), 0.0060590 secs] 11233K->2623K(13888K), [Perm : 5139K->5139K(21248K)], 0.0061190 secs] [Times: user=0.00 sys=0.00, real=0.01 secs] 
301.036: Total time for which application threads were stopped: 0.0094460 seconds, Stopping threads took: 0.0032370 seconds
301.037: Application time: 0.0004640 seconds
301.070: [GC301.070: [DefNew: 3727K->391K(4288K), 0.0008700 secs] 6351K->6335K(13888K), 0.0008900 secs] [Times: user=0.01 sys=0.00, real=0.00 secs] 
301.071: Total time for which application threads were stopped: 0.0343590 seconds, Stopping threads took: 0.0333990 seconds
301.072: Application time: 0.0012320 seconds
301.142: [GC301.142: [DefNew: 4215K->4215K(4288K), 0.0000070 secs]301.142: [Tenured: 5943K->3696K(9600K), 0.0058040 secs] 10158K->3696K(13888K), [Perm : 5139K->5139K(21248K)], 0.0058480 secs] [Times: user=0.01 sys=0.00, real=0.01 secs] 
301.148: Total time for which application threads were stopped: 0.0756960 seconds, Stopping threads took: 0.0697720 seconds
301.149: Application time: 0.0005880 seconds
301.192: [GC301.192: [DefNew: 3630K->392K(4288K), 0.0007460 secs] 7326K->6432K(13888K), 0.0007680 secs] [Times: user=0.01 sys=0.00, real=0.01 secs] 
301.193: Total time for which application threads were stopped: 0.0444350 seconds, Stopping threads took: 0.0435930 seconds
301.194: Application time: 0.0005370 seconds
301.227: [GC301.227: [DefNew: 4211K->4211K(4288K), 0.0000070 secs]301.227: [Tenured: 6040K->6821K(9600K), 0.0062330 secs] 10251K->6821K(13888K), [Perm : 5139K->5139K(21248K)], 0.0062760 secs] [Times: user=0.01 sys=0.00, real=0.01 secs] 
301.233: Total time for which application threads were stopped: 0.0394570 seconds, Stopping threads took: 0.0331050 seconds
301.304: Application time: 0.0712680 seconds
301.307: [GC301.307: [DefNew: 3727K->3727K(4288K), 0.0000090 secs]301.307: [Tenured: 6821K->1938K(9600K), 0.0052380 secs] 10548K->1938K(13888K), [Perm : 5139K->5139K(21248K)], 0.0052900 secs] [Times: user=0.01 sys=0.00, real=0.00 secs] 
301.312: Total time for which application threads were stopped: 0.0076800 seconds, Stopping threads took: 0.0023290 seconds
301.313: Application time: 0.0005500 seconds
301.313: [GC301.313: [DefNew: 3725K->391K(4288K), 0.0008110 secs] 5664K->5651K(13888K), 0.0008310 secs] [Times: user=0.00 sys=0.00, real=0.00 secs] 
301.314: Total time for which application threads were stopped: 0.0010730 seconds, Stopping threads took: 0.0001780 seconds
301.315: Application time: 0.0010430 seconds
301.384: [GC301.384: [DefNew: 4115K->391K(4288K), 0.0003470 secs] 9374K->6041K(13888K), 0.0003720 secs] [Times: user=0.00 sys=0.00, real=0.00 secs] 
301.385: Total time for which application threads were stopped: 0.0700770 seconds, Stopping threads took: 0.0696400 seconds
301.385: Application time: 0.0003820 seconds
301.421: [GC301.421: [DefNew: 4197K->4197K(4288K), 0.0000070 secs]301.421: [Tenured: 5650K->4506K(9600K), 0.0063660 secs] 9847K->4506K(13888K), [Perm : 5139K->5139K(21248K)], 0.0064160 secs] [Times: user=0.01 sys=0.00, real=0.01 secs] 
301.427: Total time for which application threads were stopped: 0.0422140 seconds, Stopping threads took: 0.0357250 seconds
301.428: Application time: 0.0005230 seconds
301.461: [GC301.461: [DefNew: 3823K->391K(4288K), 0.0008560 secs] 8329K->8022K(13888K), 0.0008790 secs] [Times: user=0.00 sys=0.00, real=0.00 secs] 
301.462: Total time for which application threads were stopped: 0.0338500 seconds, Stopping threads took: 0.0329040 seconds
301.534: Application time: 0.0725790 seconds
301.535: [GC301.535: [DefNew: 4118K->4118K(4288K), 0.0000090 secs]301.535: [Tenured: 7631K->2305K(9600K), 0.0059880 secs] 11750K->2305K(13888K), [Perm : 5139K->5139K(21248K)], 0.0060410 secs] [Times: user=0.01 sys=0.00, real=0.00 secs] 
301.541: Total time for which application threads were stopped: 0.0065880 seconds, Stopping threads took: 0.0004660 seconds
301.542: Application time: 0.0006430 seconds
301.542: [GC301.542: [DefNew: 3803K->420K(4288K), 0.0008810 secs] 6108K->6045K(13888K), 0.0008960 secs] [Times: user=0.01 sys=0.00, real=0.00 secs] 
301.543: Total time for which application threads were stopped: 0.0013180 seconds, Stopping threads took: 0.0003600 seconds
301.545: Application time: 0.0016580 seconds
301.614: [GC301.614: [DefNew: 4245K->4245K(4288K), 0.0000080 secs]301.614: [Tenured: 5625K->3408K(9600K), 0.0054030 secs] 9870K->3408K(13888K), [Perm : 5139K->5139K(21248K)], 0.0054530 secs] [Times: user=0.01 sys=0.00, real=0.00 secs] 
301.620: Total time for which application threads were stopped: 0.0751110 seconds, Stopping threads took: 0.0695950 seconds
301.620: Application time: 0.0007640 seconds
301.672: [GC301.672: [DefNew: 3786K->440K(4288K), 0.0009660 secs] 7195K->6982K(13888K), 0.0009930 secs] [Times: user=0.00 sys=0.00, real=0.01 secs] 
301.673: Total time for which application threads were stopped: 0.0521800 seconds, Stopping threads took: 0.0511360 seconds
301.673: Application time: 0.0005660 seconds
301.720: [GC301.720: [DefNew: 4263K->4263K(4288K), 0.0000060 secs]301.720: [Tenured: 6541K->5515K(9600K), 0.0055850 secs] 10805K->5515K(13888K), [Perm : 5139K->5139K(21248K)], 0.0056320 secs] [Times: user=0.01 sys=0.00, real=0.01 secs] 
301.725: Total time for which application threads were stopped: 0.0520520 seconds, Stopping threads took: 0.0463430 seconds
301.726: Application time: 0.0008820 seconds
301.796: [GC301.796: [DefNew: 3825K->391K(4288K), 0.0008380 secs] 9340K->8055K(13888K), 0.0008650 secs] [Times: user=0.00 sys=0.00, real=0.00 secs] 
301.797: Total time for which application threads were stopped: 0.0707140 seconds, Stopping threads took: 0.0697950 seconds
301.797: Application time: 0.0004540 seconds
301.867: [GC301.867: [DefNew: 4216K->4216K(4288K), 0.0000090 secs]301.867: [Tenured: 7663K->4539K(9600K), 0.0058040 secs] 11880K->4539K(13888K), [Perm : 5139K->5139K(21248K)], 0.0058560 secs] [Times: user=0.00 sys=0.00, real=0.01 secs] 
301.873: Total time for which application threads were stopped: 0.0759900 seconds, Stopping threads took: 0.0700510 seconds
301.874: Application time: 0.0005780 seconds
301.907: [GC301.907: [DefNew: 3821K->391K(4288K), 0.0008850 secs] 8360K->8055K(13888K), 0.0009050 secs] [Times: user=0.00 sys=0.00, real=0.00 secs] 
301.908: Total time for which application threads were stopped: 0.0338160 seconds, Stopping threads took: 0.0328470 seconds
301.980: Application time: 0.0726880 seconds
301.982: [GC301.982: [DefNew: 4118K->4118K(4288K), 0.0000090 secs]301.982: [Tenured: 7664K->2329K(9600K), 0.0060390 secs] 11783K->2329K(13888K), [Perm : 5139K->5139K(21248K)], 0.0060920 secs] [Times: user=0.01 sys=0.00, real=0.01 secs] 
301.988: Total time for which application threads were stopped: 0.0075120 seconds, Stopping threads took: 0.0013390 seconds
301.988: Application time: 0.0005970 seconds
302.022: [GC302.022: [DefNew: 3825K->391K(4288K), 0.0008510 secs] 6155K->5846K(13888K), 0.0008690 secs] [Times: user=0.00 sys=0.00, real=0.00 secs] 
302.023: Total time for which application threads were stopped: 0.0343920 seconds, Stopping threads took: 0.0334590 seconds
302.023: Application time: 0.0004650 seconds
302.057: [GC302.057: [DefNew: 4117K->390K(4288K), 0.0009210 secs] 9572K->8971K(13888K), 0.0009510 secs] [Times: user=0.00 sys=0.00, real=0.00 secs] 
302.058: Total time for which application threads were stopped: 0.0346110 seconds, Stopping threads took: 0.0335940 seconds
302.130: Application time: 0.0719750 seconds
302.132: [GC302.132: [DefNew: 4118K->4118K(4288K), 0.0000100 secs]302.132: [Tenured: 8580K->1743K(9600K), 0.0059030 secs] 12699K->1743K(13888K), [Perm : 5139K->5139K(21248K)], 0.0059540 secs] [Times: user=0.01 sys=0.00, real=0.01 secs] 
302.138: Total time for which application threads were stopped: 0.0079520 seconds, Stopping threads took: 0.0019050 seconds
302.139: Application time: 0.0006290 seconds
302.139: [GC302.139: [DefNew: 3726K->391K(4288K), 0.0008820 secs] 5470K->5358K(13888K), 0.0009030 secs] [Times: user=0.00 sys=0.00, real=0.00 secs] 
302.140: Total time for which application threads were stopped: 0.0013250 seconds, Stopping threads took: 0.0003560 seconds
302.140: Application time: 0.0005740 seconds
302.203: [GC302.203: [DefNew: 4173K->447K(4288K), 0.0008670 secs] 9139K->7856K(13888K), 0.0008910 secs] [Times: user=0.00 sys=0.00, real=0.00 secs] 
302.204: Total time for which application threads were stopped: 0.0635580 seconds, Stopping threads took: 0.0625960 seconds
302.204: Application time: 0.0004550 seconds
302.265: [GC302.265: [DefNew: 4077K->4077K(4288K), 0.0000070 secs]302.265: [Tenured: 7408K->4144K(9600K), 0.0053880 secs] 11486K->4144K(13888K), [Perm : 5139K->5139K(21248K)], 0.0054390 secs] [Times: user=0.00 sys=0.00, real=0.00 secs] 
302.271: Total time for which application threads were stopped: 0.0664340 seconds, Stopping threads took: 0.0609250 seconds
302.271: Application time: 0.0004930 seconds
302.305: [GC302.305: [DefNew: 3803K->420K(4288K), 0.0008040 secs] 7948K->7298K(13888K), 0.0008240 secs] [Times: user=0.00 sys=0.00, real=0.00 secs] 
302.306: Total time for which application threads were stopped: 0.0346710 seconds, Stopping threads took: 0.0337900 seconds
302.307: Application time: 0.0006710 seconds
302.377: [GC302.377: [DefNew: 4147K->4147K(4288K), 0.0000090 secs]302.377: [Tenured: 6878K->3001K(9600K), 0.0055010 secs] 11026K->3001K(13888K), [Perm : 5139K->5139K(21248K)], 0.0055530 secs] [Times: user=0.00 sys=0.00, real=0.00 secs] 
302.382: Total time for which application threads were stopped: 0.0757460 seconds, Stopping threads took: 0.0701330 seconds
302.383: Application time: 0.0005210 seconds
302.429: [GC302.429: [DefNew: 3776K->440K(4288K), 0.0007990 secs] 6777K->6176K(13888K), 0.0008190 secs] [Times: user=0.00 sys=0.01, real=0.00 secs] 
302.430: Total time for which application threads were stopped: 0.0470830 seconds, Stopping threads took: 0.0462000 seconds
302.430: Application time: 0.0003660 seconds
302.477: [GC302.477: [DefNew: 4096K->4096K(4288K), 0.0000060 secs]302.477: [Tenured: 5735K->5942K(9600K), 0.0065680 secs] 9832K->5942K(13888K), [Perm : 5139K->5139K(21248K)], 0.0066110 secs] [Times: user=0.01 sys=0.00, real=0.00 secs] 
302.484: Total time for which application threads were stopped: 0.0531910 seconds, Stopping threads took: 0.0465040 seconds
302.485: Application time: 0.0011330 seconds
302.555: [GC302.555: [DefNew: 3825K->3825K(4288K), 0.0000090 secs]302.555: [Tenured: 5942K->3306K(9600K), 0.0049570 secs] 9768K->3306K(13888K), [Perm : 5139K->5139K(21248K)], 0.0050120 secs] [Times: user=0.01 sys=0.00, real=0.00 secs] 
302.560: Total time for which application threads were stopped: 0.0754560 seconds, Stopping threads took: 0.0703610 seconds
302.561: Application time: 0.0005150 seconds
302.608: [GC302.608: [DefNew: 3727K->392K(4288K), 0.0009180 secs] 7034K->6823K(13888K), 0.0009420 secs] [Times: user=0.01 sys=0.00, real=0.00 secs] 
302.609: Total time for which application threads were stopped: 0.0482340 seconds, Stopping threads took: 0.0472200 seconds
302.610: Application time: 0.0006380 seconds
302.643: [GC302.643: [DefNew: 4211K->4211K(4288K), 0.0000060 secs]302.643: [Tenured: 6431K->7603K(9600K), 0.0069290 secs] 10642K->7603K(13888K), [Perm : 5139K->5139K(21248K)], 0.0069780 secs] [Times: user=0.00 sys=0.00, real=0.01 secs] 
302.650: Total time for which application threads were stopped: 0.0405080 seconds, Stopping threads took: 0.0334490 seconds
302.722: Application time: 0.0716760 seconds
302.724: [GC302.724: [DefNew: 3727K->3727K(4288K), 0.0000080 secs]302.724: [Tenured: 7603K->2720K(9600K), 0.0046670 secs] 11330K->2720K(13888K), [Perm : 5139K->5139K(21248K)], 0.0047210 secs] [Times: user=0.01 sys=0.00, real=0.01 secs] 
302.729: Total time for which application threads were stopped: 0.0072440 seconds, Stopping threads took: 0.0024360 seconds
302.730: Application time: 0.0004700 seconds
302.730: [GC302.730: [DefNew: 3721K->391K(4288K), 0.0008330 secs] 6442K->6432K(13888K), 0.0008500 secs] [Times: user=0.00 sys=0.00, real=0.00 secs] 
302.731: Total time for which application threads were stopped: 0.0013040 seconds, Stopping threads took: 0.0003920 seconds
302.803: Application time: 0.0723130 seconds
302.805: [GC302.805: [DefNew: 4119K->4119K(4288K), 0.0000080 secs]302.805: [Tenured: 6041K->1548K(9600K), 0.0058690 secs] 10160K->1548K(13888K), [Perm : 5139K->5139K(21248K)], 0.0059170 secs] [Times: user=0.01 sys=0.00, real=0.00 secs] 
302.811: Total time for which application threads were stopped: 0.0074700 seconds, Stopping threads took: 0.0014730 seconds
302.811: Application time: 0.0005780 seconds
302.811: [GC302.811: [DefNew: 3727K->391K(4288K), 0.0008850 secs] 5276K->5261K(13888K), 0.0009060 secs] [Times: user=0.01 sys=0.00, real=0.01 secs] 
302.812: Total time for which application threads were stopped: 0.0011900 seconds, Stopping threads took: 0.0002160 seconds
302.814: Application time: 0.0013710 seconds
302.884: [GC302.884: [DefNew: 4212K->391K(4288K), 0.0005120 secs] 9082K->6042K(13888K), 0.0005440 secs] [Times: user=0.00 sys=0.00, real=0.01 secs] 
302.884: Total time for which application threads were stopped: 0.0707360 seconds, Stopping threads took: 0.0701160 seconds
302.885: Application time: 0.0004070 seconds
302.928: [GC302.928: [DefNew: 4021K->4021K(4288K), 0.0000070 secs]302.928: [Tenured: 5651K->4087K(9600K), 0.0063310 secs] 9672K->4087K(13888K), [Perm : 5139K->5139K(21248K)], 0.0063730 secs] [Times: user=0.00 sys=0.00, real=0.01 secs] 
302.935: Total time for which application threads were stopped: 0.0497180 seconds, Stopping threads took: 0.0432710 seconds
302.935: Application time: 0.0004820 seconds
302.969: [GC302.969: [DefNew: 3721K->391K(4288K), 0.0007990 secs] 7809K->7213K(13888K), 0.0008230 secs] [Times: user=0.00 sys=0.00, real=0.00 secs] 
302.969: Total time for which application threads were stopped: 0.0343630 seconds, Stopping threads took: 0.0334710 seconds
302.970: Application time: 0.0006800 seconds
303.040: [GC303.040: [DefNew: 4119K->4119K(4288K), 0.0000080 secs]303.040: [Tenured: 6822K->3990K(9600K), 0.0056770 secs] 10941K->3990K(13888K), [Perm : 5139K->5139K(21248K)], 0.0057280 secs] [Times: user=0.01 sys=0.00, real=0.01 secs] 
303.046: Total time for which application threads were stopped: 0.0758070 seconds, Stopping threads took: 0.0699980 seconds
303.046: Application time: 0.0005090 seconds
303.081: [GC303.081: [DefNew: 3727K->391K(4288K), 0.0008450 secs] 7718K->7116K(13888K), 0.0008680 secs] [Times: user=0.00 sys=0.00, real=0.00 secs] 
303.081: Total time for which application threads were stopped: 0.0349570 seconds, Stopping threads took: 0.0340210 seconds
303.082: Application time: 0.0003600 seconds
303.130: [GC303.130: [DefNew: 4017K->4017K(4288K), 0.0000070 secs]303.130: [Tenured: 6724K->5942K(9600K), 0.0054010 secs] 10742K->5942K(13888K), [Perm : 5139K->5139K(21248K)], 0.0054480 secs] [Times: user=0.00 sys=0.00, real=0.01 secs] 
303.135: Total time for which application threads were stopped: 0.0535170 seconds, Stopping threads took: 0.0480010 seconds
303.136: Application time: 0.0010120 seconds
303.206: [GC303.206: [DefNew: 3825K->3825K(4288K), 0.0000080 secs]303.206: [Tenured: 5942K->3306K(9600K), 0.0055070 secs] 9768K->3306K(13888K), [Perm : 5139K->5139K(21248K)], 0.0055600 secs] [Times: user=0.00 sys=0.01, real=0.00 secs] 
303.212: Total time for which application threads were stopped: 0.0755130 seconds, Stopping threads took: 0.0698630 seconds
303.212: Application time: 0.0005190 seconds
303.260: [GC303.260: [DefNew: 3727K->392K(4288K), 0.0008920 secs] 7034K->6823K(13888K), 0.0009130 secs] [Times: user=0.00 sys=0.00, real=0.00 secs] 
303.261: Total time for which application threads were stopped: 0.0484750 seconds, Stopping threads took: 0.0474950 seconds
303.261: Application time: 0.0006260 seconds
303.308: [GC303.308: [DefNew: 4209K->4209K(4288K), 0.0000060 secs]303.308: [Tenured: 6431K->6528K(9600K), 0.0060830 secs] 10640K->6528K(13888K), [Perm : 5139K->5139K(21248K)], 0.0061280 secs] [Times: user=0.01 sys=0.00, real=0.01 secs] 
303.314: Total time for which application threads were stopped: 0.0529050 seconds, Stopping threads took: 0.0466990 seconds
303.386: Application time: 0.0718230 seconds
303.388: [GC303.388: [DefNew: 3825K->3825K(4288K), 0.0000100 secs]303.388: [Tenured: 6528K->1743K(9600K), 0.0058340 secs] 10354K->1743K(13888K), [Perm : 5139K->5139K(21248K)], 0.0058850 secs] [Times: user=0.01 sys=0.00, real=0.01 secs] 
303.393: Total time for which application threads were stopped: 0.0072830 seconds, Stopping threads took: 0.0013180 seconds
303.394: Application time: 0.0006310 seconds
303.395: [GC303.395: [DefNew: 3765K->445K(4288K), 0.0008590 secs] 5509K->5346K(13888K), 0.0008800 secs] [Times: user=0.00 sys=0.00, real=0.00 secs] 
303.395: Total time for which application threads were stopped: 0.0012930 seconds, Stopping threads took: 0.0003440 seconds
303.396: Application time: 0.0005710 seconds
303.466: [GC303.466: [DefNew: 4268K->391K(4288K), 0.0008100 secs] 9169K->7592K(13888K), 0.0008370 secs] [Times: user=0.00 sys=0.00, real=0.00 secs] 
303.467: Total time for which application threads were stopped: 0.0708400 seconds, Stopping threads took: 0.0699320 seconds
303.467: Application time: 0.0004640 seconds
303.537: [GC303.537: [DefNew: 4021K->4021K(4288K), 0.0000090 secs]303.537: [Tenured: 7201K->4172K(9600K), 0.0055380 secs] 11222K->4172K(13888K), [Perm : 5139K->5139K(21248K)], 0.0055880 secs] [Times: user=0.00 sys=0.00, real=0.00 secs] 
303.543: Total time for which application threads were stopped: 0.0753690 seconds, Stopping threads took: 0.0697120 seconds
303.543: Application time: 0.0004850 seconds
303.577: [GC303.577: [DefNew: 3825K->293K(4288K), 0.0008350 secs] 7998K->7396K(13888K), 0.0008570 secs] [Times: user=0.00 sys=0.00, real=0.00 secs] 
303.577: Total time for which application threads were stopped: 0.0342930 seconds, Stopping threads took: 0.0333700 seconds
303.578: Application time: 0.0006980 seconds
303.648: [GC303.648: [DefNew: 4119K->4119K(4288K), 0.0000080 secs]303.648: [Tenured: 7102K->4185K(9600K), 0.0065140 secs] 11221K->4185K(13888K), [Perm : 5139K->5139K(21248K)], 0.0065620 secs] [Times: user=0.01 sys=0.00, real=0.01 secs] 
303.655: Total time for which application threads were stopped: 0.0766330 seconds, Stopping threads took: 0.0699930 seconds
303.656: Application time: 0.0007460 seconds
303.720: [GC303.720: [DefNew: 3806K->420K(4288K), 0.0009580 secs] 7991K->7535K(13888K), 0.0009870 secs] [Times: user=0.00 sys=0.00, real=0.00 secs] 
303.721: Total time for which application threads were stopped: 0.0657980 seconds, Stopping threads took: 0.0647240 seconds
303.722: Application time: 0.0004160 seconds
303.782: [GC303.782: [DefNew: 4147K->4147K(4288K), 0.0000060 secs]303.782: [Tenured: 7115K->4116K(9600K), 0.0049630 secs] 11262K->4116K(13888K), [Perm : 5139K->5139K(21248K)], 0.0050100 secs] [Times: user=0.01 sys=0.00, real=0.01 secs] 
303.787: Total time for which application threads were stopped: 0.0650170 seconds, Stopping threads took: 0.0599420 seconds
303.787: Application time: 0.0004540 seconds
303.821: [GC303.821: [DefNew: 3628K->391K(4288K), 0.0008100 secs] 7744K->7145K(13888K), 0.0008320 secs] [Times: user=0.00 sys=0.00, real=0.00 secs] 
303.821: Total time for which application threads were stopped: 0.0342250 seconds, Stopping threads took: 0.0333230 seconds
303.822: Application time: 0.0006940 seconds
303.884: [GC303.884: [DefNew: 4215K->4215K(4288K), 0.0000100 secs]303.884: [Tenured: 6753K->6166K(9600K), 0.0067590 secs] 10968K->6166K(13888K), [Perm : 5139K->5139K(21248K)], 0.0068200 secs] [Times: user=0.01 sys=0.00, real=0.01 secs] 
303.891: Total time for which application threads were stopped: 0.0687230 seconds, Stopping threads took: 0.0618220 seconds
303.963: Application time: 0.0721720 seconds
303.965: [GC303.965: [DefNew: 3833K->3833K(4288K), 0.0000090 secs]303.965: [Tenured: 6166K->1390K(9600K), 0.0057870 secs] 10000K->1390K(13888K), [Perm : 5139K->5139K(21248K)], 0.0058370 secs] [Times: user=0.01 sys=0.00, real=0.00 secs] 
303.971: Total time for which application threads were stopped: 0.0075360 seconds, Stopping threads took: 0.0016190 seconds
303.971: Application time: 0.0006450 seconds
303.972: [GC303.972: [DefNew: 3796K->420K(4288K), 0.0008760 secs] 5186K->5131K(13888K), 0.0008930 secs] [Times: user=0.00 sys=0.00, real=0.01 secs] 
303.972: Total time for which application threads were stopped: 0.0011980 seconds, Stopping threads took: 0.0002450 seconds
303.973: Application time: 0.0004330 seconds
304.006: [GC304.006: [DefNew: 4243K->390K(4288K), 0.0008970 secs] 8954K->8158K(13888K), 0.0009210 secs] [Times: user=0.00 sys=0.00, real=0.00 secs] 
304.007: Total time for which application threads were stopped: 0.0341490 seconds, Stopping threads took: 0.0331720 seconds
304.079: Application time: 0.0717640 seconds
304.080: [GC304.080: [DefNew: 4020K->4020K(4288K), 0.0000100 secs]304.080: [Tenured: 7767K->1744K(9600K), 0.0059370 secs] 11788K->1744K(13888K), [Perm : 5139K->5139K(21248K)], 0.0059910 secs] [Times: user=0.00 sys=0.01, real=0.01 secs] 
304.086: Total time for which application threads were stopped: 0.0075150 seconds, Stopping threads took: 0.0014650 seconds
304.087: Application time: 0.0005920 seconds
304.087: [GC304.087: [DefNew: 3725K->392K(4288K), 0.0008620 secs] 5470K->5456K(13888K), 0.0008840 secs] [Times: user=0.00 sys=0.00, real=0.00 secs] 
304.088: Total time for which application threads were stopped: 0.0012810 seconds, Stopping threads took: 0.0003290 seconds
304.089: Application time: 0.0009020 seconds
304.159: [GC304.159: [DefNew: 4215K->391K(4288K), 0.0005340 secs] 9279K->6628K(13888K), 0.0005590 secs] [Times: user=0.00 sys=0.00, real=0.00 secs] 
304.159: Total time for which application threads were stopped: 0.0703740 seconds, Stopping threads took: 0.0697490 seconds
304.160: Application time: 0.0003470 seconds
304.211: [GC304.211: [DefNew: 3874K->3874K(4288K), 0.0000070 secs]304.211: [Tenured: 6237K->4088K(9600K), 0.0062610 secs] 10111K->4088K(13888K), [Perm : 5139K->5139K(21248K)], 0.0063070 secs] [Times: user=0.01 sys=0.00, real=0.01 secs] 
304.218: Total time for which application threads were stopped: 0.0579900 seconds, Stopping threads took: 0.0516060 seconds
304.218: Application time: 0.0006080 seconds
304.251: [GC304.252: [DefNew: 3831K->350K(4288K), 0.0009350 secs] 7920K->7563K(13888K), 0.0009570 secs] [Times: user=0.00 sys=0.00, real=0.01 secs] 
304.252: Total time for which application threads were stopped: 0.0340740 seconds, Stopping threads took: 0.0330400 seconds
304.324: Application time: 0.0716630 seconds
304.326: [GC304.326: [DefNew: 3980K->3980K(4288K), 0.0000080 secs]304.326: [Tenured: 7213K->1801K(9600K), 0.0059000 secs] 11193K->1801K(13888K), [Perm : 5139K->5139K(21248K)], 0.0059520 secs] [Times: user=0.01 sys=0.00, real=0.00 secs] 
304.332: Total time for which application threads were stopped: 0.0074070 seconds, Stopping threads took: 0.0013750 seconds
304.332: Application time: 0.0006260 seconds
304.333: [GC304.333: [DefNew: 3725K->392K(4288K), 0.0008580 secs] 5527K->5514K(13888K), 0.0008760 secs] [Times: user=0.00 sys=0.00, real=0.00 secs] 
304.333: Total time for which application threads were stopped: 0.0012470 seconds, Stopping threads took: 0.0003110 seconds
304.335: Application time: 0.0013780 seconds
304.404: [GC304.404: [DefNew: 4213K->391K(4288K), 0.0005450 secs] 9335K->6685K(13888K), 0.0005770 secs] [Times: user=0.00 sys=0.00, real=0.01 secs] 
304.405: Total time for which application threads were stopped: 0.0699100 seconds, Stopping threads took: 0.0692670 seconds
304.405: Application time: 0.0003550 seconds
304.452: [GC304.452: [DefNew: 3874K->3874K(4288K), 0.0000070 secs]304.452: [Tenured: 6294K->4585K(9600K), 0.0063820 secs] 10168K->4585K(13888K), [Perm : 5139K->5139K(21248K)], 0.0064230 secs] [Times: user=0.01 sys=0.00, real=0.01 secs] 
304.458: Total time for which application threads were stopped: 0.0533210 seconds, Stopping threads took: 0.0468240 seconds
304.459: Application time: 0.0005000 seconds
304.459: [GC304.459: [DefNew: 3658K->420K(4288K), 0.0008570 secs] 8244K->8228K(13888K), 0.0008780 secs] [Times: user=0.00 sys=0.00, real=0.00 secs] 
304.460: Total time for which application threads were stopped: 0.0011840 seconds, Stopping threads took: 0.0002400 seconds
304.533: Application time: 0.0725460 seconds
