Java HotSpot(TM) 64-Bit Server VM (24.80-b11) for linux-amd64 JRE (1.7.0_80-b15), built on Apr 10 2015 19:53:14 by "java_re" with gcc 4.3.0 20080428 (Red Hat 4.3.0-8)
Memory: 4k page, physical 8000092k(6516356k free), swap 8218620k(8218620k free)
CommandLine flags: -XX:InitialHeapSize=128001472 -XX:MaxHeapSize=2048023552 -XX:+PrintGC -XX:+PrintGCApplicationConcurrentTime -XX:+PrintGCApplicationStoppedTime -XX:+PrintGCDetails -XX:+PrintGCTimeStamps -XX:+UseCompressedOops -XX:+UseSerialGC 
1.006: Application time: 0.9866670 seconds
1.006: Total time for which application threads were stopped: 0.0000420 seconds, Stopping threads took: 0.0000110 seconds
4.025: Application time: 3.0186910 seconds
4.025: Total time for which application threads were stopped: 0.0000660 seconds, Stopping threads took: 0.0000100 seconds
14.707: Application time: 10.6823660 seconds
14.708: Total time for which application threads were stopped: 0.0000230 seconds, Stopping threads took: 0.0000080 seconds
14.708: Application time: 0.0000640 seconds
14.708: Total time for which application threads were stopped: 0.0000100 seconds, Stopping threads took: 0.0000040 seconds
14.709: Application time: 0.0014250 seconds
14.709: Total time for which application threads were stopped: 0.0000110 seconds, Stopping threads took: 0.0000040 seconds
14.727: Application time: 0.0183140 seconds
14.727: Total time for which application threads were stopped: 0.0000380 seconds, Stopping threads took: 0.0000090 seconds
14.741: Application time: 0.0139790 seconds
14.741: [Full GC14.741: [Tenured: 0K->3145K(83392K), 0.0088270 secs] 10422K->3145K(120896K), [Perm : 5075K->5075K(21248K)], 0.0088880 secs] [Times: user=0.01 sys=0.00, real=0.01 secs] 
14.750: Total time for which application threads were stopped: 0.0089520 seconds, Stopping threads took: 0.0000170 seconds
14.750: Application time: 0.0000590 seconds
14.750: [Full GC14.750: [Tenured: 3145K->3145K(83392K), 0.0061230 secs] 3145K->3145K(120960K), [Perm : 5075K->5075K(21248K)], 0.0061520 secs] [Times: user=0.00 sys=0.00, real=0.00 secs] 
14.757: Total time for which application threads were stopped: 0.0062140 seconds, Stopping threads took: 0.0000180 seconds
14.757: Application time: 0.0002000 seconds
14.757: Total time for which application threads were stopped: 0.0000390 seconds, Stopping threads took: 0.0000290 seconds
14.757: Application time: 0.0000370 seconds
14.757: Total time for which application threads were stopped: 0.0000220 seconds, Stopping threads took: 0.0000170 seconds
14.757: Application time: 0.0000380 seconds
14.757: Total time for which application threads were stopped: 0.0000300 seconds, Stopping threads took: 0.0000240 seconds
14.757: Application time: 0.0000140 seconds
14.757: Total time for which application threads were stopped: 0.0000330 seconds, Stopping threads took: 0.0000280 seconds
14.757: Application time: 0.0000130 seconds
14.757: Total time for which application threads were stopped: 0.0000170 seconds, Stopping threads took: 0.0000130 seconds
14.757: Application time: 0.0000130 seconds
14.757: Total time for which application threads were stopped: 0.0000140 seconds, Stopping threads took: 0.0000100 seconds
14.757: Application time: 0.0000150 seconds
14.757: Total time for which application threads were stopped: 0.0000170 seconds, Stopping threads took: 0.0000130 seconds
14.757: Application time: 0.0000120 seconds
14.757: Total time for which application threads were stopped: 0.0000150 seconds, Stopping threads took: 0.0000100 seconds
14.757: Application time: 0.0000120 seconds
14.757: Total time for which application threads were stopped: 0.0000200 seconds, Stopping threads took: 0.0000150 seconds
14.757: Application time: 0.0000120 seconds
14.757: Total time for which application threads were stopped: 0.0000140 seconds, Stopping threads took: 0.0000100 seconds
14.757: Application time: 0.0000100 seconds
14.757: Total time for which application threads were stopped: 0.0000130 seconds, Stopping threads took: 0.0000090 seconds
14.757: Application time: 0.0000110 seconds
14.757: Total time for which application threads were stopped: 0.0000130 seconds, Stopping threads took: 0.0000090 seconds
14.757: Application time: 0.0000100 seconds
14.757: Total time for which application threads were stopped: 0.0000060 seconds, Stopping threads took: 0.0000030 seconds
14.757: Application time: 0.0000100 seconds
14.757: Total time for which application threads were stopped: 0.0000120 seconds, Stopping threads took: 0.0000080 seconds
14.757: Application time: 0.0000110 seconds
14.757: Total time for which application threads were stopped: 0.0000070 seconds, Stopping threads took: 0.0000040 seconds
14.757: Application time: 0.0000120 seconds
14.757: Total time for which application threads were stopped: 0.0000130 seconds, Stopping threads took: 0.0000090 seconds
14.757: Application time: 0.0000100 seconds
14.757: Total time for which application threads were stopped: 0.0000140 seconds, Stopping threads took: 0.0000100 seconds
14.757: Application time: 0.0000110 seconds
14.757: Total time for which application threads were stopped: 0.0000120 seconds, Stopping threads took: 0.0000080 seconds
14.757: Application time: 0.0000100 seconds
14.757: Total time for which application threads were stopped: 0.0000130 seconds, Stopping threads took: 0.0000090 seconds
14.757: Application time: 0.0000110 seconds
14.757: Total time for which application threads were stopped: 0.0000210 seconds, Stopping threads took: 0.0000100 seconds
14.759: Application time: 0.0020480 seconds
14.760: Total time for which application threads were stopped: 0.0000300 seconds, Stopping threads took: 0.0000220 seconds
14.760: Application time: 0.0000970 seconds
14.760: Total time for which application threads were stopped: 0.0000410 seconds, Stopping threads took: 0.0000310 seconds
14.760: Application time: 0.0004580 seconds
14.760: Total time for which application threads were stopped: 0.0000220 seconds, Stopping threads took: 0.0000130 seconds
14.765: Application time: 0.0048230 seconds
14.765: Total time for which application threads were stopped: 0.0000520 seconds, Stopping threads took: 0.0000400 seconds
14.766: Application time: 0.0008900 seconds
14.766: Total time for which application threads were stopped: 0.0000650 seconds, Stopping threads took: 0.0000410 seconds
14.766: Application time: 0.0002910 seconds
14.766: Total time for which application threads were stopped: 0.0000640 seconds, Stopping threads took: 0.0000540 seconds
14.766: Application time: 0.0000350 seconds
14.766: Total time for which application threads were stopped: 0.0000600 seconds, Stopping threads took: 0.0000330 seconds
14.767: Application time: 0.0001300 seconds
14.767: Total time for which application threads were stopped: 0.0000100 seconds, Stopping threads took: 0.0000040 seconds
14.767: Application time: 0.0001180 seconds
14.767: Total time for which application threads were stopped: 0.0000070 seconds, Stopping threads took: 0.0000030 seconds
14.770: Application time: 0.0037360 seconds
14.770: Total time for which application threads were stopped: 0.0000560 seconds, Stopping threads took: 0.0000400 seconds
14.771: Application time: 0.0004240 seconds
14.771: Total time for which application threads were stopped: 0.0000700 seconds, Stopping threads took: 0.0000480 seconds
14.773: Application time: 0.0019140 seconds
14.773: Total time for which application threads were stopped: 0.0000500 seconds, Stopping threads took: 0.0000350 seconds
14.773: Application time: 0.0000440 seconds
14.773: Total time for which application threads were stopped: 0.0000310 seconds, Stopping threads took: 0.0000170 seconds
14.774: Application time: 0.0005990 seconds
14.774: Total time for which application threads were stopped: 0.0000450 seconds, Stopping threads took: 0.0000320 seconds
14.779: Application time: 0.0055760 seconds
14.779: Total time for which application threads were stopped: 0.0000730 seconds, Stopping threads took: 0.0000390 seconds
14.779: Application time: 0.0000980 seconds
14.780: Total time for which application threads were stopped: 0.0000840 seconds, Stopping threads took: 0.0000680 seconds
14.780: Application time: 0.0000400 seconds
14.780: Total time for which application threads were stopped: 0.0000490 seconds, Stopping threads took: 0.0000380 seconds
14.780: Application time: 0.0000250 seconds
14.780: Total time for which application threads were stopped: 0.0000220 seconds, Stopping threads took: 0.0000120 seconds
14.781: Application time: 0.0012690 seconds
14.781: Total time for which application threads were stopped: 0.0000300 seconds, Stopping threads took: 0.0000210 seconds
14.783: Application time: 0.0017860 seconds
14.783: Total time for which application threads were stopped: 0.0000650 seconds, Stopping threads took: 0.0000180 seconds
15.286: Application time: 0.5035770 seconds
15.287: [GC15.287: [DefNew: 33408K->2249K(37568K), 0.0022710 secs] 36553K->5395K(120960K), 0.0023110 secs] [Times: user=0.01 sys=0.00, real=0.01 secs] 
15.289: Total time for which application threads were stopped: 0.0025100 seconds, Stopping threads took: 0.0001010 seconds
15.289: Application time: 0.0001680 seconds
15.289: Total time for which application threads were stopped: 0.0000600 seconds, Stopping threads took: 0.0000450 seconds
15.289: Application time: 0.0000180 seconds
15.289: Total time for which application threads were stopped: 0.0000340 seconds, Stopping threads took: 0.0000270 seconds
15.289: Application time: 0.0000130 seconds
15.289: Total time for which application threads were stopped: 0.0000290 seconds, Stopping threads took: 0.0000230 seconds
15.289: Application time: 0.0000210 seconds
15.289: Total time for which application threads were stopped: 0.0000410 seconds, Stopping threads took: 0.0000310 seconds
15.289: Application time: 0.0000170 seconds
15.289: Total time for which application threads were stopped: 0.0000440 seconds, Stopping threads took: 0.0000340 seconds
15.289: Application time: 0.0000160 seconds
15.289: Total time for which application threads were stopped: 0.0000330 seconds, Stopping threads took: 0.0000260 seconds
15.289: Application time: 0.0000250 seconds
15.289: Total time for which application threads were stopped: 0.0000460 seconds, Stopping threads took: 0.0000360 seconds
15.290: Application time: 0.0000150 seconds
15.290: Total time for which application threads were stopped: 0.0000240 seconds, Stopping threads took: 0.0000150 seconds
15.290: Application time: 0.0000120 seconds
15.290: Total time for which application threads were stopped: 0.0000260 seconds, Stopping threads took: 0.0000180 seconds
15.290: Application time: 0.0000150 seconds
15.290: Total time for which application threads were stopped: 0.0000320 seconds, Stopping threads took: 0.0000240 seconds
15.290: Application time: 0.0000130 seconds
15.290: Total time for which application threads were stopped: 0.0000280 seconds, Stopping threads took: 0.0000190 seconds
15.290: Application time: 0.0000110 seconds
15.290: Total time for which application threads were stopped: 0.0000360 seconds, Stopping threads took: 0.0000280 seconds
15.290: Application time: 0.0000140 seconds
15.290: Total time for which application threads were stopped: 0.0000310 seconds, Stopping threads took: 0.0000240 seconds
15.290: Application time: 0.0000120 seconds
15.290: Total time for which application threads were stopped: 0.0000280 seconds, Stopping threads took: 0.0000190 seconds
15.290: Application time: 0.0000120 seconds
15.290: Total time for which application threads were stopped: 0.0000270 seconds, Stopping threads took: 0.0000190 seconds
15.290: Application time: 0.0000150 seconds
15.290: Total time for which application threads were stopped: 0.0000330 seconds, Stopping threads took: 0.0000250 seconds
15.290: Application time: 0.0000090 seconds
15.290: Total time for which application threads were stopped: 0.0000210 seconds, Stopping threads took: 0.0000160 seconds
15.290: Application time: 0.0000100 seconds
15.290: Total time for which application threads were stopped: 0.0000270 seconds, Stopping threads took: 0.0000200 seconds
15.290: Application time: 0.0000100 seconds
15.290: Total time for which application threads were stopped: 0.0000260 seconds, Stopping threads took: 0.0000180 seconds
15.290: Application time: 0.0000130 seconds
15.290: Total time for which application threads were stopped: 0.0000600 seconds, Stopping threads took: 0.0000180 seconds
15.642: Application time: 0.3519230 seconds
15.642: [GC15.642: [DefNew: 35657K->760K(37568K), 0.0014450 secs] 38803K->5185K(120960K), 0.0014840 secs] [Times: user=0.01 sys=0.00, real=0.00 secs] 
15.644: Total time for which application threads were stopped: 0.0016110 seconds, Stopping threads took: 0.0000730 seconds
15.968: Application time: 0.3239300 seconds
15.968: [GC15.968: [DefNew: 34163K->1145K(37568K), 0.0008760 secs] 38588K->5570K(120960K), 0.0009060 secs] [Times: user=0.00 sys=0.00, real=0.00 secs] 
15.969: Total time for which application threads were stopped: 0.0010230 seconds, Stopping threads took: 0.0000590 seconds
16.296: Application time: 0.3278540 seconds
16.297: [GC16.297: [DefNew: 34549K->1140K(37568K), 0.0006640 secs] 38974K->5565K(120960K), 0.0006910 secs] [Times: user=0.00 sys=0.00, real=0.00 secs] 
16.297: Total time for which application threads were stopped: 0.0008610 seconds, Stopping threads took: 0.0000970 seconds
16.446: Application time: 0.1490540 seconds
16.446: [GC16.446: [DefNew: 34548K->1140K(37568K), 0.0004810 secs] 38973K->5565K(120960K), 0.0005110 secs] [Times: user=0.00 sys=0.00, real=0.01 secs] 
16.447: Total time for which application threads were stopped: 0.0006690 seconds, Stopping threads took: 0.0001070 seconds
16.596: Application time: 0.1488690 seconds
16.596: [GC16.596: [DefNew: 34548K->1144K(37568K), 0.0004660 secs] 38973K->5569K(120960K), 0.0004890 secs] [Times: user=0.00 sys=0.00, real=0.00 secs] 
16.597: Total time for which application threads were stopped: 0.0006360 seconds, Stopping threads took: 0.0000820 seconds
16.746: Application time: 0.1492440 seconds
16.746: [GC16.746: [DefNew: 34552K->1140K(37568K), 0.0004590 secs] 38977K->5565K(120960K), 0.0004840 secs] [Times: user=0.00 sys=0.00, real=0.00 secs] 
16.746: Total time for which application threads were stopped: 0.0005840 seconds, Stopping threads took: 0.0000500 seconds
16.897: Application time: 0.1502050 seconds
16.897: [GC16.897: [DefNew: 34547K->1140K(37568K), 0.0004570 secs] 38972K->5565K(120960K), 0.0004830 secs] [Times: user=0.00 sys=0.00, real=0.00 secs] 
16.897: Total time for which application threads were stopped: 0.0006160 seconds, Stopping threads took: 0.0000830 seconds
17.047: Application time: 0.1493400 seconds
17.047: [GC17.047: [DefNew: 34530K->1140K(37568K), 0.0004830 secs] 38955K->5565K(120960K), 0.0005110 secs] [Times: user=0.00 sys=0.00, real=0.01 secs] 
17.047: Total time for which application threads were stopped: 0.0006240 seconds, Stopping threads took: 0.0000610 seconds
17.157: Application time: 0.1096850 seconds
17.157: Total time for which application threads were stopped: 0.0001530 seconds, Stopping threads took: 0.0001070 seconds
17.157: Application time: 0.0000550 seconds
17.157: [GC17.157: [DefNew: 34551K->1534K(37568K), 0.0005900 secs] 38976K->5959K(120960K), 0.0006140 secs] [Times: user=0.00 sys=0.00, real=0.00 secs] 
17.158: Total time for which application threads were stopped: 0.0006780 seconds, Stopping threads took: 0.0000260 seconds
17.309: Application time: 0.1509540 seconds
17.309: [GC17.309: [DefNew: 34942K->1520K(37568K), 0.0005440 secs] 39367K->5945K(120960K), 0.0005700 secs] [Times: user=0.00 sys=0.00, real=0.00 secs] 
17.309: Total time for which application threads were stopped: 0.0007060 seconds, Stopping threads took: 0.0000890 seconds
17.421: Application time: 0.1112390 seconds
17.421: [GC17.421: [DefNew: 34925K->1516K(37568K), 0.0005670 secs] 39350K->5941K(120960K), 0.0005910 secs] [Times: user=0.00 sys=0.00, real=0.00 secs] 
17.421: Total time for which application threads were stopped: 0.0007180 seconds, Stopping threads took: 0.0000810 seconds
17.533: Application time: 0.1118700 seconds
17.533: Total time for which application threads were stopped: 0.0001330 seconds, Stopping threads took: 0.0001110 seconds
17.533: Application time: 0.0000730 seconds
17.533: [GC17.533: [DefNew: 34941K->1683K(37568K), 0.0005830 secs] 39371K->6113K(120960K), 0.0006120 secs] [Times: user=0.00 sys=0.00, real=0.00 secs] 
17.534: Total time for which application threads were stopped: 0.0006720 seconds, Stopping threads took: 0.0000250 seconds
17.641: Application time: 0.1069380 seconds
17.641: [GC17.641: [DefNew: 35091K->1722K(37568K), 0.0006680 secs] 39520K->6151K(120960K), 0.0006910 secs] [Times: user=0.00 sys=0.00, real=0.00 secs] 
17.642: Total time for which application threads were stopped: 0.0008150 seconds, Stopping threads took: 0.0000780 seconds
17.766: Application time: 0.1236990 seconds
17.766: [GC17.766: [DefNew: 35127K->1754K(37568K), 0.0006150 secs] 39557K->6183K(120960K), 0.0006390 secs] [Times: user=0.00 sys=0.00, real=0.00 secs] 
17.766: Total time for which application threads were stopped: 0.0007580 seconds, Stopping threads took: 0.0000630 seconds
17.905: Application time: 0.1391600 seconds
17.906: [GC17.906: [DefNew: 35160K->1750K(37568K), 0.0006370 secs] 39590K->6180K(120960K), 0.0006620 secs] [Times: user=0.00 sys=0.00, real=0.00 secs] 
17.906: Total time for which application threads were stopped: 0.0007750 seconds, Stopping threads took: 0.0000630 seconds
18.050: Application time: 0.1440640 seconds
18.050: [GC18.051: [DefNew: 35158K->1749K(37568K), 0.0006390 secs] 39587K->6179K(120960K), 0.0006660 secs] [Times: user=0.00 sys=0.00, real=0.00 secs] 
18.051: Total time for which application threads were stopped: 0.0008720 seconds, Stopping threads took: 0.0001340 seconds
18.200: Application time: 0.1485950 seconds
18.200: [GC18.200: [DefNew: 35155K->1749K(37568K), 0.0006360 secs] 39585K->6178K(120960K), 0.0006600 secs] [Times: user=0.00 sys=0.00, real=0.00 secs] 
18.201: Total time for which application threads were stopped: 0.0008440 seconds, Stopping threads took: 0.0001160 seconds
18.350: Application time: 0.1497960 seconds
18.351: [GC18.351: [DefNew: 35155K->1748K(37568K), 0.0006410 secs] 39585K->6178K(120960K), 0.0006650 secs] [Times: user=0.00 sys=0.00, real=0.00 secs] 
18.351: Total time for which application threads were stopped: 0.0007970 seconds, Stopping threads took: 0.0000700 seconds
18.501: Application time: 0.1499120 seconds
18.501: [GC18.501: [DefNew: 35153K->1748K(37568K), 0.0006090 secs] 39583K->6178K(120960K), 0.0006320 secs] [Times: user=0.00 sys=0.00, real=0.00 secs] 
18.502: Total time for which application threads were stopped: 0.0007530 seconds, Stopping threads took: 0.0000650 seconds
18.653: Application time: 0.1507030 seconds
18.653: [GC18.653: [DefNew: 35155K->1748K(37568K), 0.0006360 secs] 39585K->6178K(120960K), 0.0006600 secs] [Times: user=0.00 sys=0.00, real=0.00 secs] 
18.653: Total time for which application threads were stopped: 0.0008290 seconds, Stopping threads took: 0.0001220 seconds
18.801: Application time: 0.1478650 seconds
18.801: [GC18.801: [DefNew: 35152K->1744K(37568K), 0.0006060 secs] 39581K->6174K(120960K), 0.0006290 secs] [Times: user=0.00 sys=0.00, real=0.00 secs] 
18.802: Total time for which application threads were stopped: 0.0008350 seconds, Stopping threads took: 0.0001590 seconds
18.912: Application time: 0.1101930 seconds
18.912: [GC18.912: [DefNew: 35149K->1750K(37568K), 0.0006200 secs] 39578K->6179K(120960K), 0.0006430 secs] [Times: user=0.00 sys=0.00, real=0.00 secs] 
18.913: Total time for which application threads were stopped: 0.0007880 seconds, Stopping threads took: 0.0000790 seconds
19.059: Application time: 0.1457410 seconds
19.059: [GC19.059: [DefNew: 35154K->1753K(37568K), 0.0006290 secs] 39583K->6183K(120960K), 0.0006530 secs] [Times: user=0.00 sys=0.00, real=0.00 secs] 
19.060: Total time for which application threads were stopped: 0.0007560 seconds, Stopping threads took: 0.0000570 seconds
19.167: Application time: 0.1072680 seconds
19.167: [GC19.167: [DefNew: 35158K->1750K(37568K), 0.0006170 secs] 39587K->6179K(120960K), 0.0006410 secs] [Times: user=0.00 sys=0.00, real=0.00 secs] 
19.168: Total time for which application threads were stopped: 0.0007860 seconds, Stopping threads took: 0.0000970 seconds
19.276: Application time: 0.1088250 seconds
19.277: [GC19.277: [DefNew: 35155K->1747K(37568K), 0.0006200 secs] 39585K->6176K(120960K), 0.0006540 secs] [Times: user=0.00 sys=0.00, real=0.00 secs] 
19.277: Total time for which application threads were stopped: 0.0007690 seconds, Stopping threads took: 0.0000680 seconds
19.392: Application time: 0.1144670 seconds
19.392: [GC19.392: [DefNew: 35151K->1750K(37568K), 0.0006790 secs] 39581K->6180K(120960K), 0.0007060 secs] [Times: user=0.00 sys=0.00, real=0.00 secs] 
19.393: Total time for which application threads were stopped: 0.0008510 seconds, Stopping threads took: 0.0000940 seconds
19.514: Application time: 0.1211670 seconds
19.514: [GC19.514: [DefNew: 35155K->1750K(37568K), 0.0006660 secs] 39584K->6180K(120960K), 0.0006930 secs] [Times: user=0.00 sys=0.00, real=0.00 secs] 
19.515: Total time for which application threads were stopped: 0.0008500 seconds, Stopping threads took: 0.0000990 seconds
19.657: Application time: 0.1427890 seconds
19.658: [GC19.658: [DefNew: 35154K->1749K(37568K), 0.0006170 secs] 39584K->6179K(120960K), 0.0006400 secs] [Times: user=0.00 sys=0.00, real=0.00 secs] 
19.658: Total time for which application threads were stopped: 0.0007620 seconds, Stopping threads took: 0.0000750 seconds
19.803: Application time: 0.1446320 seconds
19.803: [GC19.803: [DefNew: 35154K->1749K(37568K), 0.0006350 secs] 39584K->6179K(120960K), 0.0017660 secs] [Times: user=0.00 sys=0.00, real=0.00 secs] 
19.805: Total time for which application threads were stopped: 0.0019660 seconds, Stopping threads took: 0.0001380 seconds
19.952: Application time: 0.1477030 seconds
19.953: [GC19.953: [DefNew: 35152K->1748K(37568K), 0.0005980 secs] 39583K->6179K(120960K), 0.0006200 secs] [Times: user=0.00 sys=0.00, real=0.00 secs] 
19.953: Total time for which application threads were stopped: 0.0007650 seconds, Stopping threads took: 0.0000900 seconds
20.103: Application time: 0.1498520 seconds
20.103: [GC20.103: [DefNew: 35154K->1748K(37568K), 0.0006050 secs] 39584K->6178K(120960K), 0.0006300 secs] [Times: user=0.01 sys=0.00, real=0.00 secs] 
20.104: Total time for which application threads were stopped: 0.0007980 seconds, Stopping threads took: 0.0001110 seconds
20.254: Application time: 0.1503590 seconds
20.254: [GC20.254: [DefNew: 35155K->1748K(37568K), 0.0006220 secs] 39586K->6178K(120960K), 0.0006480 secs] [Times: user=0.00 sys=0.00, real=0.00 secs] 
20.255: Total time for which application threads were stopped: 0.0007480 seconds, Stopping threads took: 0.0000490 seconds
20.405: Application time: 0.1501190 seconds
20.405: [GC20.405: [DefNew: 35156K->1748K(37568K), 0.0006040 secs] 39586K->6178K(120960K), 0.0006300 secs] [Times: user=0.00 sys=0.00, real=0.00 secs] 
20.406: Total time for which application threads were stopped: 0.0007840 seconds, Stopping threads took: 0.0001030 seconds
20.544: Application time: 0.1376500 seconds
20.544: [GC20.544: [DefNew: 35153K->1739K(37568K), 0.0006040 secs] 39584K->6170K(120960K), 0.0006280 secs] [Times: user=0.00 sys=0.00, real=0.00 secs] 
20.544: Total time for which application threads were stopped: 0.0007480 seconds, Stopping threads took: 0.0000640 seconds
20.662: Application time: 0.1172100 seconds
20.662: [GC20.662: [DefNew: 35145K->1749K(37568K), 0.0005990 secs] 39576K->6180K(120960K), 0.0006220 secs] [Times: user=0.00 sys=0.00, real=0.00 secs] 
20.662: Total time for which application threads were stopped: 0.0008150 seconds, Stopping threads took: 0.0001260 seconds
20.802: Application time: 0.1393480 seconds
20.802: [GC20.802: [DefNew: 35154K->1744K(37568K), 0.0006120 secs] 39585K->6174K(120960K), 0.0006370 secs] [Times: user=0.00 sys=0.00, real=0.00 secs] 
20.802: Total time for which application threads were stopped: 0.0007410 seconds, Stopping threads took: 0.0000540 seconds
20.910: Application time: 0.1077750 seconds
20.910: [GC20.910: [DefNew: 35152K->1750K(37568K), 0.0006050 secs] 39582K->6180K(120960K), 0.0006290 secs] [Times: user=0.00 sys=0.00, real=0.00 secs] 
20.911: Total time for which application threads were stopped: 0.0007480 seconds, Stopping threads took: 0.0000730 seconds
21.017: Application time: 0.1063590 seconds
21.018: [GC21.018: [DefNew: 35157K->1755K(37568K), 0.0006140 secs] 39587K->6186K(120960K), 0.0006480 secs] [Times: user=0.00 sys=0.00, real=0.00 secs] 
21.018: Total time for which application threads were stopped: 0.0008760 seconds, Stopping threads took: 0.0001790 seconds
21.138: Application time: 0.1202760 seconds
21.139: [GC21.139: [DefNew: 35160K->1584K(37568K), 0.0006430 secs] 39590K->6015K(120960K), 0.0006680 secs] [Times: user=0.00 sys=0.00, real=0.01 secs] 
21.139: Total time for which application threads were stopped: 0.0007750 seconds, Stopping threads took: 0.0000590 seconds
21.265: Application time: 0.1254940 seconds
21.265: [GC21.265: [DefNew: 34989K->1750K(37568K), 0.0006250 secs] 39419K->6181K(120960K), 0.0006510 secs] [Times: user=0.00 sys=0.00, real=0.00 secs] 
21.266: Total time for which application threads were stopped: 0.0007690 seconds, Stopping threads took: 0.0000580 seconds
21.409: Application time: 0.1430880 seconds
21.409: [GC21.409: [DefNew: 35158K->1749K(37568K), 0.0005860 secs] 39589K->6180K(120960K), 0.0006050 secs] [Times: user=0.00 sys=0.00, real=0.00 secs] 
21.409: Total time for which application threads were stopped: 0.0006990 seconds, Stopping threads took: 0.0000490 seconds
21.555: Application time: 0.1460970 seconds
21.556: [GC21.556: [DefNew: 35157K->1749K(37568K), 0.0006290 secs] 39588K->6180K(120960K), 0.0006540 secs] [Times: user=0.00 sys=0.00, real=0.00 secs] 
21.556: Total time for which application threads were stopped: 0.0007970 seconds, Stopping threads took: 0.0000900 seconds
21.705: Application time: 0.1483800 seconds
21.705: [GC21.705: [DefNew: 35155K->1748K(37568K), 0.0006030 secs] 39586K->6180K(120960K), 0.0006260 secs] [Times: user=0.00 sys=0.00, real=0.00 secs] 
21.705: Total time for which application threads were stopped: 0.0007320 seconds, Stopping threads took: 0.0000590 seconds
21.855: Application time: 0.1499580 seconds
21.855: [GC21.855: [DefNew: 35154K->1748K(37568K), 0.0006130 secs] 39585K->6179K(120960K), 0.0006370 secs] [Times: user=0.00 sys=0.00, real=0.00 secs] 
21.856: Total time for which application threads were stopped: 0.0008020 seconds, Stopping threads took: 0.0001030 seconds
22.006: Application time: 0.1503600 seconds
22.007: [GC22.007: [DefNew: 35153K->1748K(37568K), 0.0006050 secs] 39585K->6179K(120960K), 0.0006290 secs] [Times: user=0.00 sys=0.00, real=0.01 secs] 
22.007: Total time for which application threads were stopped: 0.0007590 seconds, Stopping threads took: 0.0000820 seconds
22.157: Application time: 0.1501820 seconds
22.157: [GC22.158: [DefNew: 35152K->1748K(37568K), 0.0005810 secs] 39583K->6179K(120960K), 0.0006040 secs] [Times: user=0.00 sys=0.00, real=0.00 secs] 
22.158: Total time for which application threads were stopped: 0.0007360 seconds, Stopping threads took: 0.0000860 seconds
22.280: Application time: 0.1220460 seconds
22.280: [GC22.280: [DefNew: 35152K->1740K(37568K), 0.0005950 secs] 39584K->6171K(120960K), 0.0006180 secs] [Times: user=0.00 sys=0.00, real=0.00 secs] 
22.281: Total time for which application threads were stopped: 0.0007040 seconds, Stopping threads took: 0.0000380 seconds
22.414: Application time: 0.1335870 seconds
22.415: [GC22.415: [DefNew: 35146K->1749K(37568K), 0.0006170 secs] 39577K->6180K(120960K), 0.0006420 secs] [Times: user=0.00 sys=0.00, real=0.00 secs] 
22.415: Total time for which application threads were stopped: 0.0007750 seconds, Stopping threads took: 0.0000720 seconds
22.540: Application time: 0.1247470 seconds
22.540: [GC22.540: [DefNew: 35157K->1740K(37568K), 0.0006140 secs] 39588K->6171K(120960K), 0.0006410 secs] [Times: user=0.00 sys=0.00, real=0.00 secs] 
22.541: Total time for which application threads were stopped: 0.0007500 seconds, Stopping threads took: 0.0000600 seconds
22.652: Application time: 0.1111270 seconds
22.652: [GC22.652: [DefNew: 35148K->1745K(37568K), 0.0006250 secs] 39579K->6176K(120960K), 0.0006510 secs] [Times: user=0.00 sys=0.00, real=0.00 secs] 
22.653: Total time for which application threads were stopped: 0.0007810 seconds, Stopping threads took: 0.0000710 seconds
22.764: Application time: 0.1116800 seconds
22.765: [GC22.765: [DefNew: 35151K->1746K(37568K), 0.0006170 secs] 39582K->6178K(120960K), 0.0006420 secs] [Times: user=0.01 sys=0.00, real=0.00 secs] 
22.765: Total time for which application threads were stopped: 0.0008580 seconds, Stopping threads took: 0.0001440 seconds
22.879: Application time: 0.1137310 seconds
22.879: [GC22.879: [DefNew: 35153K->1745K(37568K), 0.0006190 secs] 39584K->6177K(120960K), 0.0006440 secs] [Times: user=0.01 sys=0.00, real=0.00 secs] 
22.880: Total time for which application threads were stopped: 0.0007760 seconds, Stopping threads took: 0.0000830 seconds
23.015: Application time: 0.1349060 seconds
23.015: [GC23.015: [DefNew: 35151K->1750K(37568K), 0.0006050 secs] 39583K->6182K(120960K), 0.0006310 secs] [Times: user=0.01 sys=0.00, real=0.00 secs] 
23.015: Total time for which application threads were stopped: 0.0007730 seconds, Stopping threads took: 0.0000570 seconds
23.159: Application time: 0.1438900 seconds
23.159: [GC23.159: [DefNew: 35155K->1749K(37568K), 0.0006430 secs] 39587K->6181K(120960K), 0.0006690 secs] [Times: user=0.00 sys=0.00, real=0.00 secs] 
23.160: Total time for which application threads were stopped: 0.0007970 seconds, Stopping threads took: 0.0000780 seconds
23.305: Application time: 0.1452230 seconds
23.305: [GC23.305: [DefNew: 35156K->1749K(37568K), 0.0006020 secs] 39589K->6181K(120960K), 0.0006260 secs] [Times: user=0.00 sys=0.00, real=0.00 secs] 
23.306: Total time for which application threads were stopped: 0.0007790 seconds, Stopping threads took: 0.0001050 seconds
23.456: Application time: 0.1497610 seconds
23.456: [GC23.456: [DefNew: 35154K->1748K(37568K), 0.0006610 secs] 39586K->6180K(120960K), 0.0006880 secs] [Times: user=0.00 sys=0.00, real=0.00 secs] 
23.457: Total time for which application threads were stopped: 0.0008190 seconds, Stopping threads took: 0.0000800 seconds
23.606: Application time: 0.1496730 seconds
23.606: [GC23.606: [DefNew: 35155K->1748K(37568K), 0.0006260 secs] 39587K->6180K(120960K), 0.0006520 secs] [Times: user=0.00 sys=0.00, real=0.01 secs] 
23.607: Total time for which application threads were stopped: 0.0008000 seconds, Stopping threads took: 0.0000840 seconds
23.758: Application time: 0.1507630 seconds
23.758: [GC23.758: [DefNew: 35153K->1748K(37568K), 0.0006030 secs] 39585K->6180K(120960K), 0.0006270 secs] [Times: user=0.00 sys=0.00, real=0.00 secs] 
23.759: Total time for which application threads were stopped: 0.0007990 seconds, Stopping threads took: 0.0001240 seconds
23.909: Application time: 0.1498540 seconds
23.909: [GC23.909: [DefNew: 35154K->1748K(37568K), 0.0006360 secs] 39587K->6180K(120960K), 0.0006610 secs] [Times: user=0.00 sys=0.00, real=0.00 secs] 
23.909: Total time for which application threads were stopped: 0.0008580 seconds, Stopping threads took: 0.0001500 seconds
24.021: Application time: 0.1116280 seconds
24.021: [GC24.021: [DefNew: 35152K->1745K(37568K), 0.0006090 secs] 39584K->6177K(120960K), 0.0006330 secs] [Times: user=0.00 sys=0.00, real=0.00 secs] 
24.022: Total time for which application threads were stopped: 0.0007590 seconds, Stopping threads took: 0.0000790 seconds
24.165: Application time: 0.1433810 seconds
24.165: [GC24.165: [DefNew: 35148K->1749K(37568K), 0.0005620 secs] 39580K->6181K(120960K), 0.0005840 secs] [Times: user=0.00 sys=0.00, real=0.00 secs] 
24.166: Total time for which application threads were stopped: 0.0007250 seconds, Stopping threads took: 0.0000840 seconds
24.276: Application time: 0.1095940 seconds
24.276: [GC24.276: [DefNew: 35156K->1745K(37568K), 0.0006090 secs] 39588K->6177K(120960K), 0.0006330 secs] [Times: user=0.00 sys=0.00, real=0.00 secs] 
24.276: Total time for which application threads were stopped: 0.0007310 seconds, Stopping threads took: 0.0000520 seconds
24.396: Application time: 0.1197200 seconds
24.396: [GC24.396: [DefNew: 35152K->1750K(37568K), 0.0006520 secs] 39584K->6182K(120960K), 0.0006790 secs] [Times: user=0.00 sys=0.00, real=0.00 secs] 
24.397: Total time for which application threads were stopped: 0.0008640 seconds, Stopping threads took: 0.0001260 seconds
24.505: Application time: 0.1084810 seconds
24.505: [GC24.505: [DefNew: 35154K->1746K(37568K), 0.0006200 secs] 39586K->6178K(120960K), 0.0006440 secs] [Times: user=0.00 sys=0.00, real=0.00 secs] 
24.506: Total time for which application threads were stopped: 0.0007590 seconds, Stopping threads took: 0.0000680 seconds
24.623: Application time: 0.1173720 seconds
24.624: [GC24.624: [DefNew: 35150K->1750K(37568K), 0.0006500 secs] 39582K->6182K(120960K), 0.0006740 secs] [Times: user=0.00 sys=0.00, real=0.00 secs] 
24.624: Total time for which application threads were stopped: 0.0008030 seconds, Stopping threads took: 0.0000830 seconds
24.765: Application time: 0.1404670 seconds
24.765: [GC24.765: [DefNew: 35158K->1750K(37568K), 0.0006150 secs] 39590K->6182K(120960K), 0.0006410 secs] [Times: user=0.00 sys=0.00, real=0.00 secs] 
24.765: Total time for which application threads were stopped: 0.0007540 seconds, Stopping threads took: 0.0000500 seconds
24.909: Application time: 0.1439400 seconds
24.910: [GC24.910: [DefNew: 35156K->1749K(37568K), 0.0006180 secs] 39589K->6182K(120960K), 0.0006450 secs] [Times: user=0.00 sys=0.00, real=0.00 secs] 
24.910: Total time for which application threads were stopped: 0.0008110 seconds, Stopping threads took: 0.0001140 seconds
25.057: Application time: 0.1464720 seconds
25.057: [GC25.057: [DefNew: 35153K->1748K(37568K), 0.0006270 secs] 39586K->6181K(120960K), 0.0006510 secs] [Times: user=0.00 sys=0.00, real=0.00 secs] 
25.057: Total time for which application threads were stopped: 0.0007520 seconds, Stopping threads took: 0.0000500 seconds
25.208: Application time: 0.1505700 seconds
25.208: [GC25.208: [DefNew: 35155K->1748K(37568K), 0.0006250 secs] 39588K->6181K(120960K), 0.0006490 secs] [Times: user=0.00 sys=0.00, real=0.00 secs] 
25.209: Total time for which application threads were stopped: 0.0007890 seconds, Stopping threads took: 0.0000940 seconds
25.359: Application time: 0.1502690 seconds
25.359: [GC25.359: [DefNew: 35156K->1748K(37568K), 0.0006170 secs] 39589K->6181K(120960K), 0.0006410 secs] [Times: user=0.01 sys=0.00, real=0.00 secs] 
25.360: Total time for which application threads were stopped: 0.0008040 seconds, Stopping threads took: 0.0001020 seconds
25.511: Application time: 0.1506090 seconds
25.511: [GC25.511: [DefNew: 35153K->1748K(37568K), 0.0006340 secs] 39586K->6181K(120960K), 0.0006600 secs] [Times: user=0.00 sys=0.00, real=0.00 secs] 
25.511: Total time for which application threads were stopped: 0.0008160 seconds, Stopping threads took: 0.0001090 seconds
25.661: Application time: 0.1494360 seconds
25.661: [GC25.661: [DefNew: 35155K->1748K(37568K), 0.0006100 secs] 39588K->6181K(120960K), 0.0006360 secs] [Times: user=0.00 sys=0.00, real=0.00 secs] 
25.662: Total time for which application threads were stopped: 0.0007590 seconds, Stopping threads took: 0.0000720 seconds
25.770: Application time: 0.1083950 seconds
25.770: [GC25.770: [DefNew: 35152K->1749K(37568K), 0.0006380 secs] 39585K->6182K(120960K), 0.0006630 secs] [Times: user=0.00 sys=0.00, real=0.00 secs] 
25.771: Total time for which application threads were stopped: 0.0008440 seconds, Stopping threads took: 0.0001330 seconds
25.916: Application time: 0.1456500 seconds
25.917: [GC25.917: [DefNew: 35157K->1748K(37568K), 0.0006030 secs] 39590K->6181K(120960K), 0.0006260 secs] [Times: user=0.00 sys=0.00, real=0.00 secs] 
25.917: Total time for which application threads were stopped: 0.0007770 seconds, Stopping threads took: 0.0000950 seconds
26.025: Application time: 0.1074720 seconds
26.025: [GC26.025: [DefNew: 35156K->1749K(37568K), 0.0006030 secs] 39589K->6182K(120960K), 0.0006280 secs] [Times: user=0.00 sys=0.00, real=0.00 secs] 
26.025: Total time for which application threads were stopped: 0.0007690 seconds, Stopping threads took: 0.0000950 seconds
26.136: Application time: 0.1101020 seconds
26.136: [GC26.136: [DefNew: 35155K->1746K(37568K), 0.0006280 secs] 39588K->6179K(120960K), 0.0006530 secs] [Times: user=0.00 sys=0.00, real=0.00 secs] 
26.136: Total time for which application threads were stopped: 0.0008560 seconds, Stopping threads took: 0.0001520 seconds
26.249: Application time: 0.1128280 seconds
26.249: [GC26.249: [DefNew: 35152K->1750K(37568K), 0.0006220 secs] 39585K->6183K(120960K), 0.0006480 secs] [Times: user=0.00 sys=0.00, real=0.00 secs] 
26.250: Total time for which application threads were stopped: 0.0007910 seconds, Stopping threads took: 0.0000920 seconds
26.373: Application time: 0.1228510 seconds
26.373: [GC26.373: [DefNew: 35157K->1749K(37568K), 0.0005850 secs] 39590K->6183K(120960K), 0.0006080 secs] [Times: user=0.00 sys=0.00, real=0.00 secs] 
26.374: Total time for which application threads were stopped: 0.0007400 seconds, Stopping threads took: 0.0000790 seconds
26.515: Application time: 0.1416980 seconds
26.515: [GC26.515: [DefNew: 35154K->1749K(37568K), 0.0006090 secs] 39587K->6183K(120960K), 0.0006360 secs] [Times: user=0.01 sys=0.00, real=0.00 secs] 
26.516: Total time for which application threads were stopped: 0.0007530 seconds, Stopping threads took: 0.0000580 seconds
26.661: Application time: 0.1446840 seconds
26.661: [GC26.661: [DefNew: 35156K->1749K(37568K), 0.0006300 secs] 39589K->6182K(120960K), 0.0006580 secs] [Times: user=0.00 sys=0.00, real=0.00 secs] 
26.662: Total time for which application threads were stopped: 0.0007700 seconds, Stopping threads took: 0.0000620 seconds
26.809: Application time: 0.1479550 seconds
26.810: [GC26.810: [DefNew: 35157K->1748K(37568K), 0.0006110 secs] 39590K->6182K(120960K), 0.0006360 secs] [Times: user=0.00 sys=0.00, real=0.00 secs] 
26.810: Total time for which application threads were stopped: 0.0007800 seconds, Stopping threads took: 0.0000980 seconds
26.960: Application time: 0.1496250 seconds
26.960: [GC26.960: [DefNew: 35152K->1748K(37568K), 0.0005830 secs] 39586K->6181K(120960K), 0.0006040 secs] [Times: user=0.00 sys=0.00, real=0.00 secs] 
26.961: Total time for which application threads were stopped: 0.0007160 seconds, Stopping threads took: 0.0000450 seconds
27.111: Application time: 0.1500450 seconds
27.111: [GC27.111: [DefNew: 35156K->1748K(37568K), 0.0005880 secs] 39589K->6181K(120960K), 0.0006120 secs] [Times: user=0.00 sys=0.00, real=0.00 secs] 
27.111: Total time for which application threads were stopped: 0.0007410 seconds, Stopping threads took: 0.0000750 seconds
27.261: Application time: 0.1500890 seconds
27.262: [GC27.262: [DefNew: 35156K->1748K(37568K), 0.0005920 secs] 39589K->6181K(120960K), 0.0006170 secs] [Times: user=0.00 sys=0.01, real=0.00 secs] 
27.262: Total time for which application threads were stopped: 0.0007300 seconds, Stopping threads took: 0.0000660 seconds
27.402: Application time: 0.1401860 seconds
27.403: [GC27.403: [DefNew: 35154K->1744K(37568K), 0.0006130 secs] 39587K->6177K(120960K), 0.0006400 secs] [Times: user=0.00 sys=0.00, real=0.00 secs] 
27.403: Total time for which application threads were stopped: 0.0007760 seconds, Stopping threads took: 0.0000860 seconds
27.519: Application time: 0.1160110 seconds
27.519: [GC27.519: [DefNew: 35148K->1749K(37568K), 0.0006550 secs] 39581K->6183K(120960K), 0.0006830 secs] [Times: user=0.00 sys=0.00, real=0.00 secs] 
27.520: Total time for which application threads were stopped: 0.0008200 seconds, Stopping threads took: 0.0000880 seconds
27.665: Application time: 0.1449180 seconds
27.665: [GC27.665: [DefNew: 35155K->1739K(37568K), 0.0006060 secs] 39588K->6173K(120960K), 0.0006290 secs] [Times: user=0.00 sys=0.00, real=0.00 secs] 
27.666: Total time for which application threads were stopped: 0.0007360 seconds, Stopping threads took: 0.0000490 seconds
27.774: Application time: 0.1080910 seconds
27.774: [GC27.774: [DefNew: 35146K->1749K(37568K), 0.0006270 secs] 39580K->6182K(120960K), 0.0006530 secs] [Times: user=0.00 sys=0.00, real=0.00 secs] 
27.775: Total time for which application threads were stopped: 0.0007910 seconds, Stopping threads took: 0.0000880 seconds
27.874: Application time: 0.0998090 seconds
27.874: [GC27.875: [DefNew: 35154K->1751K(37568K), 0.0006100 secs] 39587K->6185K(120960K), 0.0006430 secs] [Times: user=0.00 sys=0.00, real=0.00 secs] 
27.875: Total time for which application threads were stopped: 0.0007660 seconds, Stopping threads took: 0.0000770 seconds
27.995: Application time: 0.1198600 seconds
27.995: [GC27.995: [DefNew: 35155K->1745K(37568K), 0.0006140 secs] 39588K->6179K(120960K), 0.0006380 secs] [Times: user=0.01 sys=0.00, real=0.00 secs] 
27.996: Total time for which application threads were stopped: 0.0007430 seconds, Stopping threads took: 0.0000550 seconds
28.119: Application time: 0.1227770 seconds
28.119: [GC28.119: [DefNew: 35151K->1750K(37568K), 0.0006240 secs] 39584K->6184K(120960K), 0.0006520 secs] [Times: user=0.00 sys=0.00, real=0.01 secs] 
28.119: Total time for which application threads were stopped: 0.0007940 seconds, Stopping threads took: 0.0000900 seconds
28.262: Application time: 0.1430430 seconds
28.263: [GC28.263: [DefNew: 35155K->1749K(37568K), 0.0006230 secs] 39589K->6183K(120960K), 0.0006490 secs] [Times: user=0.00 sys=0.00, real=0.00 secs] 
28.263: Total time for which application threads were stopped: 0.0008020 seconds, Stopping threads took: 0.0000740 seconds
28.409: Application time: 0.1463190 seconds
28.410: [GC28.410: [DefNew: 35157K->1748K(37568K), 0.0006530 secs] 39591K->6182K(120960K), 0.0006810 secs] [Times: user=0.00 sys=0.00, real=0.00 secs] 
28.410: Total time for which application threads were stopped: 0.0008130 seconds, Stopping threads took: 0.0000820 seconds
28.558: Application time: 0.1479680 seconds
28.558: [GC28.558: [DefNew: 35153K->1748K(37568K), 0.0006210 secs] 39587K->6182K(120960K), 0.0006480 secs] [Times: user=0.00 sys=0.00, real=0.01 secs] 
28.559: Total time for which application threads were stopped: 0.0007880 seconds, Stopping threads took: 0.0000880 seconds
28.709: Application time: 0.1499000 seconds
28.709: [GC28.709: [DefNew: 35152K->1748K(37568K), 0.0005940 secs] 39586K->6182K(120960K), 0.0006190 secs] [Times: user=0.00 sys=0.00, real=0.00 secs] 
28.710: Total time for which application threads were stopped: 0.0007480 seconds, Stopping threads took: 0.0000610 seconds
28.860: Application time: 0.1500810 seconds
28.860: [GC28.860: [DefNew: 35152K->1748K(37568K), 0.0006130 secs] 39587K->6182K(120960K), 0.0006380 secs] [Times: user=0.00 sys=0.00, real=0.00 secs] 
28.861: Total time for which application threads were stopped: 0.0008100 seconds, Stopping threads took: 0.0001100 seconds
29.010: Application time: 0.1496780 seconds
29.010: [GC29.010: [DefNew: 35152K->1748K(37568K), 0.0006030 secs] 39586K->6182K(120960K), 0.0006290 secs] [Times: user=0.00 sys=0.00, real=0.00 secs] 
29.011: Total time for which application threads were stopped: 0.0007350 seconds, Stopping threads took: 0.0000600 seconds
29.143: Application time: 0.1314710 seconds
29.143: [GC29.143: [DefNew: 35155K->1744K(37568K), 0.0006220 secs] 39589K->6178K(120960K), 0.0006470 secs] [Times: user=0.00 sys=0.00, real=0.00 secs] 
29.143: Total time for which application threads were stopped: 0.0007690 seconds, Stopping threads took: 0.0000710 seconds
29.267: Application time: 0.1239450 seconds
29.267: [GC29.267: [DefNew: 35149K->1749K(37568K), 0.0006090 secs] 39583K->6183K(120960K), 0.0006330 secs] [Times: user=0.00 sys=0.00, real=0.00 secs] 
29.268: Total time for which application threads were stopped: 0.0007450 seconds, Stopping threads took: 0.0000630 seconds
29.397: Application time: 0.1293430 seconds
29.397: [GC29.397: [DefNew: 35156K->1740K(37568K), 0.0005990 secs] 39590K->6174K(120960K), 0.0006210 secs] [Times: user=0.00 sys=0.00, real=0.00 secs] 
29.398: Total time for which application threads were stopped: 0.0007300 seconds, Stopping threads took: 0.0000540 seconds
29.514: Application time: 0.1163090 seconds
29.514: [GC29.515: [DefNew: 35143K->1745K(37568K), 0.0006300 secs] 39577K->6179K(120960K), 0.0006550 secs] [Times: user=0.00 sys=0.00, real=0.00 secs] 
29.515: Total time for which application threads were stopped: 0.0007970 seconds, Stopping threads took: 0.0000920 seconds
29.622: Application time: 0.1066760 seconds
29.622: [GC29.622: [DefNew: 35150K->1750K(37568K), 0.0006660 secs] 39584K->6184K(120960K), 0.0007010 secs] [Times: user=0.00 sys=0.00, real=0.00 secs] 
29.623: Total time for which application threads were stopped: 0.0008190 seconds, Stopping threads took: 0.0000670 seconds
29.733: Application time: 0.1102400 seconds
29.733: [GC29.733: [DefNew: 35158K->1745K(37568K), 0.0006090 secs] 39592K->6179K(120960K), 0.0006310 secs] [Times: user=0.00 sys=0.00, real=0.00 secs] 
29.734: Total time for which application threads were stopped: 0.0008490 seconds, Stopping threads took: 0.0001610 seconds
29.868: Application time: 0.1338520 seconds
29.868: [GC29.868: [DefNew: 35150K->1750K(37568K), 0.0006240 secs] 39584K->6184K(120960K), 0.0006490 secs] [Times: user=0.00 sys=0.00, real=0.00 secs] 
29.869: Total time for which application threads were stopped: 0.0008940 seconds, Stopping threads took: 0.0001860 seconds
30.012: Application time: 0.1436710 seconds
30.012: [GC30.012: [DefNew: 35156K->1749K(37568K), 0.0006140 secs] 39590K->6183K(120960K), 0.0006440 secs] [Times: user=0.00 sys=0.00, real=0.00 secs] 
30.013: Total time for which application threads were stopped: 0.0008140 seconds, Stopping threads took: 0.0001150 seconds
30.158: Application time: 0.1453030 seconds
30.158: [GC30.158: [DefNew: 35155K->1749K(37568K), 0.0005700 secs] 39590K->6183K(120960K), 0.0005930 secs] [Times: user=0.00 sys=0.00, real=0.01 secs] 
30.159: Total time for which application threads were stopped: 0.0006960 seconds, Stopping threads took: 0.0000550 seconds
30.309: Application time: 0.1498910 seconds
30.309: [GC30.309: [DefNew: 35157K->1748K(37568K), 0.0006150 secs] 39591K->6182K(120960K), 0.0006410 secs] [Times: user=0.00 sys=0.00, real=0.00 secs] 
30.310: Total time for which application threads were stopped: 0.0007860 seconds, Stopping threads took: 0.0000940 seconds
30.459: Application time: 0.1496710 seconds
30.459: [GC30.459: [DefNew: 35153K->1748K(37568K), 0.0006120 secs] 39588K->6182K(120960K), 0.0006350 secs] [Times: user=0.00 sys=0.00, real=0.00 secs] 
30.460: Total time for which application threads were stopped: 0.0007640 seconds, Stopping threads took: 0.0000810 seconds
30.611: Application time: 0.1508590 seconds
30.611: [GC30.611: [DefNew: 35154K->1748K(37568K), 0.0006040 secs] 39589K->6182K(120960K), 0.0006280 secs] [Times: user=0.00 sys=0.00, real=0.00 secs] 
30.612: Total time for which application threads were stopped: 0.0008630 seconds, Stopping threads took: 0.0001620 seconds
30.762: Application time: 0.1499320 seconds
30.762: [GC30.762: [DefNew: 35152K->1748K(37568K), 0.0006060 secs] 39586K->6182K(120960K), 0.0006290 secs] [Times: user=0.00 sys=0.00, real=0.00 secs] 
30.763: Total time for which application threads were stopped: 0.0007500 seconds, Stopping threads took: 0.0000730 seconds
30.890: Application time: 0.1277730 seconds
30.890: [GC30.890: [DefNew: 35156K->1744K(37568K), 0.0006190 secs] 39590K->6179K(120960K), 0.0006460 secs] [Times: user=0.00 sys=0.00, real=0.00 secs] 
30.891: Total time for which application threads were stopped: 0.0007810 seconds, Stopping threads took: 0.0000850 seconds
31.019: Application time: 0.1276870 seconds
31.019: [GC31.019: [DefNew: 35150K->1749K(37568K), 0.0006230 secs] 39585K->6183K(120960K), 0.0006490 secs] [Times: user=0.00 sys=0.00, real=0.00 secs] 
31.020: Total time for which application threads were stopped: 0.0007940 seconds, Stopping threads took: 0.0000940 seconds
31.132: Application time: 0.1128280 seconds
31.133: [GC31.133: [DefNew: 35157K->1594K(37568K), 0.0005970 secs] 39591K->6028K(120960K), 0.0006230 secs] [Times: user=0.00 sys=0.00, real=0.00 secs] 
31.133: Total time for which application threads were stopped: 0.0007670 seconds, Stopping threads took: 0.0000840 seconds
31.256: Application time: 0.1223870 seconds
31.256: [GC31.256: [DefNew: 34999K->1745K(37568K), 0.0006550 secs] 39434K->6180K(120960K), 0.0006830 secs] [Times: user=0.00 sys=0.00, real=0.00 secs] 
31.256: Total time for which application threads were stopped: 0.0008610 seconds, Stopping threads took: 0.0001270 seconds
31.363: Application time: 0.1061600 seconds
31.363: [GC31.363: [DefNew: 35153K->1746K(37568K), 0.0006250 secs] 39587K->6181K(120960K), 0.0006590 secs] [Times: user=0.00 sys=0.00, real=0.00 secs] 
31.363: Total time for which application threads were stopped: 0.0007790 seconds, Stopping threads took: 0.0000710 seconds
31.478: Application time: 0.1143380 seconds
31.478: [GC31.478: [DefNew: 35151K->1750K(37568K), 0.0006340 secs] 39585K->6184K(120960K), 0.0006590 secs] [Times: user=0.00 sys=0.00, real=0.00 secs] 
31.478: Total time for which application threads were stopped: 0.0007880 seconds, Stopping threads took: 0.0000820 seconds
31.619: Application time: 0.1405190 seconds
31.619: [GC31.619: [DefNew: 35157K->1749K(37568K), 0.0006270 secs] 39592K->6184K(120960K), 0.0006470 secs] [Times: user=0.00 sys=0.00, real=0.00 secs] 
31.620: Total time for which application threads were stopped: 0.0009960 seconds, Stopping threads took: 0.0003000 seconds
31.763: Application time: 0.1429630 seconds
31.763: [GC31.763: [DefNew: 35154K->1749K(37568K), 0.0006290 secs] 39589K->6184K(120960K), 0.0006560 secs] [Times: user=0.00 sys=0.00, real=0.00 secs] 
31.764: Total time for which application threads were stopped: 0.0007800 seconds, Stopping threads took: 0.0000610 seconds
31.911: Application time: 0.1468210 seconds
31.911: [GC31.911: [DefNew: 35157K->1748K(37568K), 0.0006180 secs] 39592K->6184K(120960K), 0.0006440 secs] [Times: user=0.00 sys=0.00, real=0.00 secs] 
31.911: Total time for which application threads were stopped: 0.0007590 seconds, Stopping threads took: 0.0000640 seconds
32.062: Application time: 0.1503650 seconds
32.062: [GC32.062: [DefNew: 35156K->1748K(37568K), 0.0006210 secs] 39592K->6183K(120960K), 0.0006470 secs] [Times: user=0.00 sys=0.00, real=0.00 secs] 
32.063: Total time for which application threads were stopped: 0.0008370 seconds, Stopping threads took: 0.0001180 seconds
32.212: Application time: 0.1499260 seconds
32.213: [GC32.213: [DefNew: 35152K->1748K(37568K), 0.0005700 secs] 39587K->6183K(120960K), 0.0005930 secs] [Times: user=0.00 sys=0.00, real=0.00 secs] 
32.213: Total time for which application threads were stopped: 0.0007060 seconds, Stopping threads took: 0.0000700 seconds
32.363: Application time: 0.1502520 seconds
32.364: [GC32.364: [DefNew: 35153K->1748K(37568K), 0.0006080 secs] 39588K->6183K(120960K), 0.0006340 secs] [Times: user=0.00 sys=0.00, real=0.00 secs] 
32.364: Total time for which application threads were stopped: 0.0008180 seconds, Stopping threads took: 0.0001230 seconds
32.514: Application time: 0.1494530 seconds
32.514: [GC32.514: [DefNew: 35152K->1748K(37568K), 0.0006000 secs] 39587K->6183K(120960K), 0.0006230 secs] [Times: user=0.00 sys=0.00, real=0.00 secs] 
32.514: Total time for which application threads were stopped: 0.0007570 seconds, Stopping threads took: 0.0000880 seconds
32.633: Application time: 0.1181370 seconds
32.633: [GC32.633: [DefNew: 35155K->1744K(37568K), 0.0006260 secs] 39590K->6180K(120960K), 0.0006500 secs] [Times: user=0.00 sys=0.00, real=0.00 secs] 
32.633: Total time for which application threads were stopped: 0.0008400 seconds, Stopping threads took: 0.0001440 seconds
32.770: Application time: 0.1367000 seconds
32.770: [GC32.770: [DefNew: 35150K->1748K(37568K), 0.0006120 secs] 39585K->6184K(120960K), 0.0006370 secs] [Times: user=0.00 sys=0.00, real=0.00 secs] 
32.771: Total time for which application threads were stopped: 0.0007530 seconds, Stopping threads took: 0.0000710 seconds
32.878: Application time: 0.1075600 seconds
32.879: [GC32.879: [DefNew: 35153K->1749K(37568K), 0.0006110 secs] 39588K->6185K(120960K), 0.0006340 secs] [Times: user=0.00 sys=0.00, real=0.01 secs] 
32.879: Total time for which application threads were stopped: 0.0007790 seconds, Stopping threads took: 0.0000910 seconds
32.997: Application time: 0.1175490 seconds
32.997: [GC32.997: [DefNew: 35155K->1746K(37568K), 0.0005950 secs] 39591K->6181K(120960K), 0.0006180 secs] [Times: user=0.00 sys=0.00, real=0.00 secs] 
32.998: Total time for which application threads were stopped: 0.0007390 seconds, Stopping threads took: 0.0000660 seconds
33.103: Application time: 0.1058310 seconds
33.104: [GC33.104: [DefNew: 35153K->1750K(37568K), 0.0006140 secs] 39588K->6186K(120960K), 0.0006400 secs] [Times: user=0.00 sys=0.00, real=0.00 secs] 
33.104: Total time for which application threads were stopped: 0.0008440 seconds, Stopping threads took: 0.0001440 seconds
33.227: Application time: 0.1231490 seconds
33.228: [GC33.228: [DefNew: 35158K->1749K(37568K), 0.0006370 secs] 39593K->6185K(120960K), 0.0006600 secs] [Times: user=0.00 sys=0.00, real=0.00 secs] 
33.228: Total time for which application threads were stopped: 0.0008380 seconds, Stopping threads took: 0.0001110 seconds
33.370: Application time: 0.1416540 seconds
33.370: [GC33.370: [DefNew: 35154K->1749K(37568K), 0.0006500 secs] 39590K->6185K(120960K), 0.0006740 secs] [Times: user=0.00 sys=0.00, real=0.00 secs] 
33.371: Total time for which application threads were stopped: 0.0008210 seconds, Stopping threads took: 0.0001000 seconds
33.514: Application time: 0.1432140 seconds
33.514: [GC33.514: [DefNew: 35153K->1749K(37568K), 0.0006050 secs] 39588K->6185K(120960K), 0.0006290 secs] [Times: user=0.00 sys=0.00, real=0.00 secs] 
33.515: Total time for which application threads were stopped: 0.0007680 seconds, Stopping threads took: 0.0000820 seconds
33.662: Application time: 0.1474020 seconds
33.662: [GC33.662: [DefNew: 35153K->1748K(37568K), 0.0006180 secs] 39589K->6184K(120960K), 0.0006420 secs] [Times: user=0.00 sys=0.00, real=0.00 secs] 
33.663: Total time for which application threads were stopped: 0.0008310 seconds, Stopping threads took: 0.0001330 seconds
33.813: Application time: 0.1499470 seconds
33.813: [GC33.813: [DefNew: 35153K->1748K(37568K), 0.0006010 secs] 39589K->6184K(120960K), 0.0006250 secs] [Times: user=0.00 sys=0.00, real=0.00 secs] 
33.814: Total time for which application threads were stopped: 0.0008270 seconds, Stopping threads took: 0.0001460 seconds
33.964: Application time: 0.1498880 seconds
33.964: [GC33.964: [DefNew: 35152K->1748K(37568K), 0.0006190 secs] 39588K->6184K(120960K), 0.0006440 secs] [Times: user=0.00 sys=0.00, real=0.00 secs] 
33.964: Total time for which application threads were stopped: 0.0007750 seconds, Stopping threads took: 0.0000780 seconds
34.114: Application time: 0.1499220 seconds
34.114: [GC34.114: [DefNew: 35152K->1748K(37568K), 0.0006130 secs] 39588K->6184K(120960K), 0.0006380 secs] [Times: user=0.00 sys=0.00, real=0.00 secs] 
34.115: Total time for which application threads were stopped: 0.0008380 seconds, Stopping threads took: 0.0001210 seconds
34.263: Application time: 0.1483480 seconds
34.264: [GC34.264: [DefNew: 35155K->1743K(37568K), 0.0006030 secs] 39590K->6179K(120960K), 0.0006230 secs] [Times: user=0.00 sys=0.00, real=0.00 secs] 
34.264: Total time for which application threads were stopped: 0.0007580 seconds, Stopping threads took: 0.0000900 seconds
34.374: Application time: 0.1098080 seconds
34.374: [GC34.374: [DefNew: 35149K->1749K(37568K), 0.0005960 secs] 39585K->6185K(120960K), 0.0006200 secs] [Times: user=0.00 sys=0.00, real=0.00 secs] 
34.375: Total time for which application threads were stopped: 0.0007140 seconds, Stopping threads took: 0.0000410 seconds
34.518: Application time: 0.1435250 seconds
34.518: [GC34.518: [DefNew: 35155K->1739K(37568K), 0.0006100 secs] 39591K->6175K(120960K), 0.0006330 secs] [Times: user=0.00 sys=0.00, real=0.01 secs] 
34.519: Total time for which application threads were stopped: 0.0007650 seconds, Stopping threads took: 0.0000850 seconds
34.627: Application time: 0.1080230 seconds
34.627: [GC34.627: [DefNew: 35144K->1749K(37568K), 0.0006440 secs] 39580K->6185K(120960K), 0.0006720 secs] [Times: user=0.00 sys=0.00, real=0.00 secs] 
34.628: Total time for which application threads were stopped: 0.0008260 seconds, Stopping threads took: 0.0000960 seconds
34.738: Application time: 0.1104970 seconds
34.739: [GC34.739: [DefNew: 35156K->1746K(37568K), 0.0006100 secs] 39592K->6181K(120960K), 0.0006340 secs] [Times: user=0.00 sys=0.00, real=0.01 secs] 
34.739: Total time for which application threads were stopped: 0.0007910 seconds, Stopping threads took: 0.0001030 seconds
34.851: Application time: 0.1121440 seconds
34.851: [GC34.851: [DefNew: 35152K->1746K(37568K), 0.0006250 secs] 39588K->6182K(120960K), 0.0006500 secs] [Times: user=0.00 sys=0.00, real=0.00 secs] 
34.852: Total time for which application threads were stopped: 0.0007750 seconds, Stopping threads took: 0.0000760 seconds
34.974: Application time: 0.1214210 seconds
34.974: [GC34.974: [DefNew: 35151K->1750K(37568K), 0.0005770 secs] 39587K->6186K(120960K), 0.0005960 secs] [Times: user=0.00 sys=0.00, real=0.00 secs] 
34.974: Total time for which application threads were stopped: 0.0007500 seconds, Stopping threads took: 0.0000880 seconds
35.119: Application time: 0.1449150 seconds
35.119: [GC35.119: [DefNew: 35155K->1748K(37568K), 0.0006140 secs] 39591K->6185K(120960K), 0.0006450 secs] [Times: user=0.00 sys=0.00, real=0.00 secs] 
35.120: Total time for which application threads were stopped: 0.0007930 seconds, Stopping threads took: 0.0001010 seconds
35.264: Application time: 0.1443110 seconds
35.264: [GC35.264: [DefNew: 35153K->1749K(37568K), 0.0006020 secs] 39589K->6185K(120960K), 0.0006250 secs] [Times: user=0.00 sys=0.00, real=0.00 secs] 
35.265: Total time for which application threads were stopped: 0.0007370 seconds, Stopping threads took: 0.0000570 seconds
35.413: Application time: 0.1483140 seconds
35.413: [GC35.413: [DefNew: 35155K->1748K(37568K), 0.0005950 secs] 39591K->6185K(120960K), 0.0006170 secs] [Times: user=0.00 sys=0.00, real=0.00 secs] 
35.414: Total time for which application threads were stopped: 0.0007530 seconds, Stopping threads took: 0.0000900 seconds
35.564: Application time: 0.1496910 seconds
35.564: [GC35.564: [DefNew: 35153K->1748K(37568K), 0.0006200 secs] 39589K->6184K(120960K), 0.0006460 secs] [Times: user=0.00 sys=0.00, real=0.00 secs] 
35.565: Total time for which application threads were stopped: 0.0007740 seconds, Stopping threads took: 0.0000770 seconds
35.715: Application time: 0.1500010 seconds
35.715: [GC35.715: [DefNew: 35152K->1748K(37568K), 0.0006260 secs] 39589K->6184K(120960K), 0.0006500 secs] [Times: user=0.00 sys=0.00, real=0.00 secs] 
35.715: Total time for which application threads were stopped: 0.0007740 seconds, Stopping threads took: 0.0000760 seconds
35.865: Application time: 0.1500340 seconds
35.866: [GC35.866: [DefNew: 35152K->1748K(37568K), 0.0005960 secs] 39589K->6184K(120960K), 0.0006180 secs] [Times: user=0.00 sys=0.00, real=0.00 secs] 
35.866: Total time for which application threads were stopped: 0.0008460 seconds, Stopping threads took: 0.0001510 seconds
36.005: Application time: 0.1389760 seconds
36.005: [GC36.005: [DefNew: 35153K->1744K(37568K), 0.0005900 secs] 39590K->6180K(120960K), 0.0006120 secs] [Times: user=0.00 sys=0.00, real=0.00 secs] 
36.006: Total time for which application threads were stopped: 0.0007020 seconds, Stopping threads took: 0.0000450 seconds
36.124: Application time: 0.1182990 seconds
36.124: [GC36.124: [DefNew: 35150K->1749K(37568K), 0.0006350 secs] 39586K->6185K(120960K), 0.0006590 secs] [Times: user=0.00 sys=0.00, real=0.00 secs] 
36.125: Total time for which application threads were stopped: 0.0007780 seconds, Stopping threads took: 0.0000730 seconds
36.259: Application time: 0.1337030 seconds
36.259: [GC36.259: [DefNew: 35153K->1740K(37568K), 0.0005860 secs] 39589K->6176K(120960K), 0.0006130 secs] [Times: user=0.00 sys=0.00, real=0.00 secs] 
36.260: Total time for which application threads were stopped: 0.0008020 seconds, Stopping threads took: 0.0001430 seconds
36.379: Application time: 0.1190740 seconds
36.379: [GC36.379: [DefNew: 35148K->1749K(37568K), 0.0006200 secs] 39584K->6185K(120960K), 0.0006460 secs] [Times: user=0.00 sys=0.00, real=0.01 secs] 
36.379: Total time for which application threads were stopped: 0.0007620 seconds, Stopping threads took: 0.0000550 seconds
36.481: Application time: 0.1017080 seconds
36.481: Total time for which application threads were stopped: 0.0001150 seconds, Stopping threads took: 0.0000860 seconds
36.481: Application time: 0.0001220 seconds
36.481: [GC36.481: [DefNew: 35245K->1769K(37568K), 0.0005880 secs] 39682K->6205K(120960K), 0.0006120 secs] [Times: user=0.00 sys=0.00, real=0.00 secs] 
36.482: Total time for which application threads were stopped: 0.0007040 seconds, Stopping threads took: 0.0000560 seconds
36.592: Application time: 0.1096420 seconds
36.592: [GC36.592: [DefNew: 35175K->1746K(37568K), 0.0006660 secs] 39611K->6182K(120960K), 0.0006920 secs] [Times: user=0.01 sys=0.00, real=0.00 secs] 
36.592: Total time for which application threads were stopped: 0.0008340 seconds, Stopping threads took: 0.0000910 seconds
36.726: Application time: 0.1339970 seconds
36.727: [GC36.727: [DefNew: 35152K->1750K(37568K), 0.0006320 secs] 39589K->6187K(120960K), 0.0006580 secs] [Times: user=0.00 sys=0.00, real=0.01 secs] 
36.727: Total time for which application threads were stopped: 0.0007670 seconds, Stopping threads took: 0.0000580 seconds
36.871: Application time: 0.1433040 seconds
36.871: [GC36.871: [DefNew: 35155K->1749K(37568K), 0.0006240 secs] 39592K->6186K(120960K), 0.0006490 secs] [Times: user=0.00 sys=0.00, real=0.00 secs] 
36.871: Total time for which application threads were stopped: 0.0007820 seconds, Stopping threads took: 0.0000840 seconds
37.017: Application time: 0.1454220 seconds
37.017: [GC37.017: [DefNew: 35157K->1749K(37568K), 0.0006020 secs] 39593K->6186K(120960K), 0.0006260 secs] [Times: user=0.00 sys=0.00, real=0.00 secs] 
37.018: Total time for which application threads were stopped: 0.0007350 seconds, Stopping threads took: 0.0000550 seconds
37.168: Application time: 0.1503450 seconds
37.168: [GC37.168: [DefNew: 35154K->1748K(37568K), 0.0005990 secs] 39591K->6185K(120960K), 0.0006230 secs] [Times: user=0.01 sys=0.00, real=0.00 secs] 
37.169: Total time for which application threads were stopped: 0.0007500 seconds, Stopping threads took: 0.0000780 seconds
37.321: Application time: 0.1521840 seconds
37.321: [GC37.321: [DefNew: 35153K->1748K(37568K), 0.0006000 secs] 39590K->6185K(120960K), 0.0006230 secs] [Times: user=0.00 sys=0.00, real=0.00 secs] 
37.322: Total time for which application threads were stopped: 0.0007940 seconds, Stopping threads took: 0.0001040 seconds
37.472: Application time: 0.1501030 seconds
37.472: [GC37.472: [DefNew: 35153K->1748K(37568K), 0.0006200 secs] 39590K->6185K(120960K), 0.0006460 secs] [Times: user=0.00 sys=0.00, real=0.00 secs] 
37.472: Total time for which application threads were stopped: 0.0007840 seconds, Stopping threads took: 0.0000880 seconds
37.623: Application time: 0.1501620 seconds
37.623: [GC37.623: [DefNew: 35153K->1748K(37568K), 0.0006760 secs] 39590K->6185K(120960K), 0.0007100 secs] [Times: user=0.00 sys=0.00, real=0.00 secs] 
37.623: Total time for which application threads were stopped: 0.0008430 seconds, Stopping threads took: 0.0000610 seconds
37.753: Application time: 0.1297920 seconds
37.753: [GC37.753: [DefNew: 35152K->1749K(37568K), 0.0005980 secs] 39589K->6186K(120960K), 0.0006220 secs] [Times: user=0.00 sys=0.00, real=0.00 secs] 
37.754: Total time for which application threads were stopped: 0.0007930 seconds, Stopping threads took: 0.0001250 seconds
37.881: Application time: 0.1266320 seconds
37.881: [GC37.881: [DefNew: 35157K->1749K(37568K), 0.0006120 secs] 39594K->6186K(120960K), 0.0006370 secs] [Times: user=0.00 sys=0.00, real=0.00 secs] 
37.881: Total time for which application threads were stopped: 0.0007570 seconds, Stopping threads took: 0.0000690 seconds
38.000: Application time: 0.1180840 seconds
38.000: [GC38.000: [DefNew: 35154K->1741K(37568K), 0.0006300 secs] 39591K->6178K(120960K), 0.0006560 secs] [Times: user=0.00 sys=0.00, real=0.00 secs] 
38.000: Total time for which application threads were stopped: 0.0007960 seconds, Stopping threads took: 0.0000790 seconds
38.129: Application time: 0.1287550 seconds
38.129: [GC38.129: [DefNew: 35145K->1746K(37568K), 0.0005680 secs] 39582K->6183K(120960K), 0.0005900 secs] [Times: user=0.00 sys=0.00, real=0.00 secs] 
38.130: Total time for which application threads were stopped: 0.0007290 seconds, Stopping threads took: 0.0000780 seconds
38.229: Application time: 0.0991850 seconds
38.229: [GC38.229: [DefNew: 35153K->1747K(37568K), 0.0006100 secs] 39590K->6184K(120960K), 0.0006350 secs] [Times: user=0.01 sys=0.00, real=0.00 secs] 
38.230: Total time for which application threads were stopped: 0.0008050 seconds, Stopping threads took: 0.0001150 seconds
38.344: Application time: 0.1143800 seconds
38.344: [GC38.344: [DefNew: 35151K->1750K(37568K), 0.0006020 secs] 39588K->6187K(120960K), 0.0006250 secs] [Times: user=0.00 sys=0.00, real=0.00 secs] 
38.345: Total time for which application threads were stopped: 0.0007320 seconds, Stopping threads took: 0.0000600 seconds
38.486: Application time: 0.1406610 seconds
38.486: [GC38.486: [DefNew: 35156K->1750K(37568K), 0.0006080 secs] 39593K->6187K(120960K), 0.0006330 secs] [Times: user=0.00 sys=0.00, real=0.00 secs] 
38.486: Total time for which application threads were stopped: 0.0007710 seconds, Stopping threads took: 0.0000910 seconds
38.629: Application time: 0.1429270 seconds
38.629: [GC38.629: [DefNew: 35055K->1620K(37568K), 0.0005890 secs] 39493K->6058K(120960K), 0.0006110 secs] [Times: user=0.00 sys=0.00, real=0.00 secs] 
38.630: Total time for which application threads were stopped: 0.0007550 seconds, Stopping threads took: 0.0000890 seconds
38.776: Application time: 0.1460870 seconds
38.776: [GC38.776: [DefNew: 35024K->1748K(37568K), 0.0006320 secs] 39462K->6187K(120960K), 0.0006560 secs] [Times: user=0.00 sys=0.00, real=0.00 secs] 
38.777: Total time for which application threads were stopped: 0.0008000 seconds, Stopping threads took: 0.0000620 seconds
38.927: Application time: 0.1497560 seconds
38.927: [GC38.927: [DefNew: 35153K->1748K(37568K), 0.0006550 secs] 39591K->6186K(120960K), 0.0006810 secs] [Times: user=0.00 sys=0.00, real=0.00 secs] 
38.928: Total time for which application threads were stopped: 0.0008110 seconds, Stopping threads took: 0.0000790 seconds
39.077: Application time: 0.1498250 seconds
39.077: [GC39.077: [DefNew: 35152K->1748K(37568K), 0.0005980 secs] 39590K->6186K(120960K), 0.0006200 secs] [Times: user=0.00 sys=0.00, real=0.00 secs] 
39.078: Total time for which application threads were stopped: 0.0007330 seconds, Stopping threads took: 0.0000640 seconds
39.229: Application time: 0.1505710 seconds
39.229: [GC39.229: [DefNew: 35152K->1748K(37568K), 0.0006310 secs] 39590K->6186K(120960K), 0.0006550 secs] [Times: user=0.00 sys=0.00, real=0.00 secs] 
39.229: Total time for which application threads were stopped: 0.0008410 seconds, Stopping threads took: 0.0001180 seconds
39.379: Application time: 0.1499600 seconds
39.380: [GC39.380: [DefNew: 35152K->1748K(37568K), 0.0005950 secs] 39590K->6186K(120960K), 0.0006170 secs] [Times: user=0.00 sys=0.00, real=0.00 secs] 
39.380: Total time for which application threads were stopped: 0.0007930 seconds, Stopping threads took: 0.0001210 seconds
39.504: Application time: 0.1239940 seconds
39.504: [GC39.504: [DefNew: 35154K->1744K(37568K), 0.0006440 secs] 39592K->6182K(120960K), 0.0006720 secs] [Times: user=0.01 sys=0.00, real=0.00 secs] 
39.505: Total time for which application threads were stopped: 0.0008420 seconds, Stopping threads took: 0.0001200 seconds
39.635: Application time: 0.1302500 seconds
39.635: [GC39.635: [DefNew: 35149K->1749K(37568K), 0.0006160 secs] 39587K->6187K(120960K), 0.0006410 secs] [Times: user=0.00 sys=0.00, real=0.00 secs] 
39.636: Total time for which application threads were stopped: 0.0007530 seconds, Stopping threads took: 0.0000620 seconds
39.755: Application time: 0.1191820 seconds
39.755: [GC39.755: [DefNew: 35155K->1744K(37568K), 0.0006110 secs] 39593K->6183K(120960K), 0.0006360 secs] [Times: user=0.00 sys=0.00, real=0.00 secs] 
39.756: Total time for which application threads were stopped: 0.0007420 seconds, Stopping threads took: 0.0000550 seconds
39.869: Application time: 0.1129680 seconds
39.869: [GC39.869: [DefNew: 35150K->1741K(37568K), 0.0006070 secs] 39588K->6179K(120960K), 0.0006330 secs] [Times: user=0.00 sys=0.00, real=0.00 secs] 
39.870: Total time for which application threads were stopped: 0.0007350 seconds, Stopping threads took: 0.0000470 seconds
39.970: Application time: 0.1001700 seconds
39.970: [GC39.970: [DefNew: 35147K->1750K(37568K), 0.0006170 secs] 39585K->6189K(120960K), 0.0006400 secs] [Times: user=0.00 sys=0.00, real=0.00 secs] 
39.971: Total time for which application threads were stopped: 0.0007720 seconds, Stopping threads took: 0.0000760 seconds
40.092: Application time: 0.1217560 seconds
40.093: [GC40.093: [DefNew: 35158K->1750K(37568K), 0.0006130 secs] 39596K->6188K(120960K), 0.0006360 secs] [Times: user=0.00 sys=0.00, real=0.00 secs] 
40.093: Total time for which application threads were stopped: 0.0007570 seconds, Stopping threads took: 0.0000750 seconds
40.236: Application time: 0.1425120 seconds
40.236: [GC40.236: [DefNew: 35155K->1749K(37568K), 0.0006630 secs] 39594K->6187K(120960K), 0.0006960 secs] [Times: user=0.00 sys=0.00, real=0.00 secs] 
40.237: Total time for which application threads were stopped: 0.0008240 seconds, Stopping threads took: 0.0000770 seconds
40.379: Application time: 0.1424520 seconds
40.379: [GC40.379: [DefNew: 35155K->1749K(37568K), 0.0006310 secs] 39594K->6188K(120960K), 0.0006550 secs] [Times: user=0.00 sys=0.00, real=0.00 secs] 
40.380: Total time for which application threads were stopped: 0.0007800 seconds, Stopping threads took: 0.0000780 seconds
40.528: Application time: 0.1477330 seconds
40.528: [GC40.528: [DefNew: 35153K->1748K(37568K), 0.0005950 secs] 39592K->6187K(120960K), 0.0006160 secs] [Times: user=0.00 sys=0.00, real=0.00 secs] 
40.528: Total time for which application threads were stopped: 0.0008110 seconds, Stopping threads took: 0.0001190 seconds
40.678: Application time: 0.1499330 seconds
40.678: [GC40.679: [DefNew: 35153K->1748K(37568K), 0.0006290 secs] 39592K->6186K(120960K), 0.0006550 secs] [Times: user=0.00 sys=0.00, real=0.01 secs] 
40.679: Total time for which application threads were stopped: 0.0008990 seconds, Stopping threads took: 0.0001770 seconds
40.829: Application time: 0.1502050 seconds
40.829: [GC40.829: [DefNew: 35152K->1748K(37568K), 0.0006030 secs] 39591K->6186K(120960K), 0.0006270 secs] [Times: user=0.00 sys=0.00, real=0.00 secs] 
40.830: Total time for which application threads were stopped: 0.0007600 seconds, Stopping threads took: 0.0000870 seconds
40.981: Application time: 0.1504500 seconds
40.981: [GC40.981: [DefNew: 35152K->1748K(37568K), 0.0005970 secs] 39591K->6186K(120960K), 0.0006210 secs] [Times: user=0.00 sys=0.00, real=0.00 secs] 
40.981: Total time for which application threads were stopped: 0.0007490 seconds, Stopping threads took: 0.0000790 seconds
41.129: Application time: 0.1473340 seconds
41.129: [GC41.129: [DefNew: 35153K->1743K(37568K), 0.0006500 secs] 39591K->6182K(120960K), 0.0006770 secs] [Times: user=0.00 sys=0.00, real=0.00 secs] 
41.130: Total time for which application threads were stopped: 0.0008360 seconds, Stopping threads took: 0.0000990 seconds
41.245: Application time: 0.1158820 seconds
41.245: [GC41.246: [DefNew: 35148K->1744K(37568K), 0.0006160 secs] 39586K->6183K(120960K), 0.0006410 secs] [Times: user=0.00 sys=0.00, real=0.00 secs] 
41.246: Total time for which application threads were stopped: 0.0007640 seconds, Stopping threads took: 0.0000730 seconds
41.388: Application time: 0.1418230 seconds
41.388: [GC41.388: [DefNew: 35149K->1748K(37568K), 0.0006060 secs] 39588K->6187K(120960K), 0.0006300 secs] [Times: user=0.00 sys=0.00, real=0.00 secs] 
41.389: Total time for which application threads were stopped: 0.0008050 seconds, Stopping threads took: 0.0001070 seconds
41.498: Application time: 0.1093560 seconds
41.498: [GC41.498: [DefNew: 35153K->1744K(37568K), 0.0006710 secs] 39592K->6183K(120960K), 0.0006990 secs] [Times: user=0.00 sys=0.00, real=0.01 secs] 
41.499: Total time for which application threads were stopped: 0.0008270 seconds, Stopping threads took: 0.0000760 seconds
41.609: Application time: 0.1103240 seconds
41.610: [GC41.610: [DefNew: 35150K->1746K(37568K), 0.0006510 secs] 39589K->6185K(120960K), 0.0006870 secs] [Times: user=0.00 sys=0.00, real=0.00 secs] 
41.610: Total time for which application threads were stopped: 0.0009430 seconds, Stopping threads took: 0.0002050 seconds
41.714: Application time: 0.1035180 seconds
41.714: [GC41.714: [DefNew: 35151K->1746K(37568K), 0.0006530 secs] 39589K->6185K(120960K), 0.0006800 secs] [Times: user=0.00 sys=0.00, real=0.00 secs] 
41.715: Total time for which application threads were stopped: 0.0008550 seconds, Stopping threads took: 0.0001130 seconds
41.843: Application time: 0.1283580 seconds
41.843: [GC41.843: [DefNew: 35152K->1749K(37568K), 0.0006200 secs] 39591K->6188K(120960K), 0.0006460 secs] [Times: user=0.00 sys=0.00, real=0.00 secs] 
41.844: Total time for which application threads were stopped: 0.0008360 seconds, Stopping threads took: 0.0001400 seconds
41.988: Application time: 0.1437330 seconds
41.988: [GC41.988: [DefNew: 35156K->1749K(37568K), 0.0006250 secs] 39595K->6188K(120960K), 0.0006490 secs] [Times: user=0.00 sys=0.00, real=0.00 secs] 
41.988: Total time for which application threads were stopped: 0.0008170 seconds, Stopping threads took: 0.0000990 seconds
42.131: Application time: 0.1424480 seconds
42.131: [GC42.131: [DefNew: 35156K->1749K(37568K), 0.0006020 secs] 39595K->6188K(120960K), 0.0006270 secs] [Times: user=0.00 sys=0.00, real=0.00 secs] 
42.132: Total time for which application threads were stopped: 0.0007330 seconds, Stopping threads took: 0.0000570 seconds
42.281: Application time: 0.1491630 seconds
42.281: [GC42.281: [DefNew: 35153K->1748K(37568K), 0.0005990 secs] 39592K->6187K(120960K), 0.0006220 secs] [Times: user=0.00 sys=0.00, real=0.00 secs] 
42.282: Total time for which application threads were stopped: 0.0008030 seconds, Stopping threads took: 0.0001040 seconds
42.432: Application time: 0.1503340 seconds
42.432: [GC42.432: [DefNew: 35153K->1748K(37568K), 0.0006010 secs] 39592K->6187K(120960K), 0.0006260 secs] [Times: user=0.00 sys=0.00, real=0.00 secs] 
42.433: Total time for which application threads were stopped: 0.0007710 seconds, Stopping threads took: 0.0000940 seconds
42.583: Application time: 0.1501330 seconds
42.583: [GC42.583: [DefNew: 35152K->1748K(37568K), 0.0006020 secs] 39592K->6187K(120960K), 0.0006260 secs] [Times: user=0.00 sys=0.00, real=0.00 secs] 
42.584: Total time for which application threads were stopped: 0.0007390 seconds, Stopping threads took: 0.0000660 seconds
42.734: Application time: 0.1501950 seconds
42.734: [GC42.734: [DefNew: 35152K->1748K(37568K), 0.0006090 secs] 39592K->6187K(120960K), 0.0006340 secs] [Times: user=0.00 sys=0.00, real=0.00 secs] 
42.734: Total time for which application threads were stopped: 0.0007660 seconds, Stopping threads took: 0.0000800 seconds
42.872: Application time: 0.1373220 seconds
42.872: [GC42.872: [DefNew: 35155K->1744K(37568K), 0.0005990 secs] 39595K->6183K(120960K), 0.0006240 secs] [Times: user=0.00 sys=0.00, real=0.00 secs] 
42.873: Total time for which application threads were stopped: 0.0007310 seconds, Stopping threads took: 0.0000440 seconds
42.992: Application time: 0.1194730 seconds
42.995: [GC42.995: [DefNew: 35152K->1749K(37568K), 0.0006230 secs] 39591K->6188K(120960K), 0.0006450 secs] [Times: user=0.00 sys=0.00, real=0.00 secs] 
42.995: Total time for which application threads were stopped: 0.0035000 seconds, Stopping threads took: 0.0028080 seconds
43.135: Application time: 0.1393350 seconds
43.135: [GC43.135: [DefNew: 35154K->1744K(37568K), 0.0005940 secs] 39593K->6183K(120960K), 0.0006170 secs] [Times: user=0.00 sys=0.00, real=0.00 secs] 
43.136: Total time for which application threads were stopped: 0.0007870 seconds, Stopping threads took: 0.0001230 seconds
43.249: Application time: 0.1135250 seconds
43.249: [GC43.249: [DefNew: 35148K->1749K(37568K), 0.0006110 secs] 39588K->6189K(120960K), 0.0006360 secs] [Times: user=0.00 sys=0.00, real=0.00 secs] 
43.250: Total time for which application threads were stopped: 0.0008240 seconds, Stopping threads took: 0.0001370 seconds
43.354: Application time: 0.1039480 seconds
43.354: [GC43.354: [DefNew: 35155K->1746K(37568K), 0.0006350 secs] 39594K->6185K(120960K), 0.0006660 secs] [Times: user=0.00 sys=0.00, real=0.00 secs] 
43.355: Total time for which application threads were stopped: 0.0007960 seconds, Stopping threads took: 0.0000800 seconds
43.460: Application time: 0.1050280 seconds
43.460: [GC43.460: [DefNew: 35152K->1746K(37568K), 0.0006310 secs] 39591K->6186K(120960K), 0.0006550 secs] [Times: user=0.00 sys=0.00, real=0.00 secs] 
43.461: Total time for which application threads were stopped: 0.0007960 seconds, Stopping threads took: 0.0000820 seconds
43.596: Application time: 0.1351450 seconds
43.596: [GC43.596: [DefNew: 35153K->1750K(37568K), 0.0006140 secs] 39592K->6189K(120960K), 0.0006390 secs] [Times: user=0.00 sys=0.00, real=0.00 secs] 
43.596: Total time for which application threads were stopped: 0.0007530 seconds, Stopping threads took: 0.0000630 seconds
43.740: Application time: 0.1433430 seconds
43.740: [GC43.740: [DefNew: 35156K->1749K(37568K), 0.0005950 secs] 39596K->6189K(120960K), 0.0006170 secs] [Times: user=0.00 sys=0.00, real=0.00 secs] 
43.741: Total time for which application threads were stopped: 0.0007040 seconds, Stopping threads took: 0.0000410 seconds
43.885: Application time: 0.1440490 seconds
43.885: [GC43.885: [DefNew: 35155K->1749K(37568K), 0.0006080 secs] 39595K->6189K(120960K), 0.0006310 secs] [Times: user=0.00 sys=0.00, real=0.00 secs] 
43.885: Total time for which application threads were stopped: 0.0007340 seconds, Stopping threads took: 0.0000580 seconds
44.035: Application time: 0.1498210 seconds
44.035: [GC44.035: [DefNew: 35154K->1748K(37568K), 0.0005960 secs] 39594K->6188K(120960K), 0.0006190 secs] [Times: user=0.00 sys=0.00, real=0.00 secs] 
44.036: Total time for which application threads were stopped: 0.0007500 seconds, Stopping threads took: 0.0000750 seconds
44.186: Application time: 0.1502620 seconds
44.186: [GC44.186: [DefNew: 35153K->1748K(37568K), 0.0006030 secs] 39592K->6188K(120960K), 0.0006280 secs] [Times: user=0.00 sys=0.00, real=0.01 secs] 
44.187: Total time for which application threads were stopped: 0.0007770 seconds, Stopping threads took: 0.0000990 seconds
44.337: Application time: 0.1502390 seconds
44.337: [GC44.337: [DefNew: 35153K->1748K(37568K), 0.0006370 secs] 39592K->6188K(120960K), 0.0006620 secs] [Times: user=0.00 sys=0.00, real=0.00 secs] 
44.338: Total time for which application threads were stopped: 0.0007900 seconds, Stopping threads took: 0.0000810 seconds
44.488: Application time: 0.1498850 seconds
44.488: [GC44.488: [DefNew: 35153K->1748K(37568K), 0.0006020 secs] 39592K->6188K(120960K), 0.0006260 secs] [Times: user=0.00 sys=0.00, real=0.00 secs] 
44.489: Total time for which application threads were stopped: 0.0007350 seconds, Stopping threads took: 0.0000610 seconds
44.618: Application time: 0.1295320 seconds
44.618: [GC44.618: [DefNew: 35153K->1749K(37568K), 0.0006080 secs] 39593K->6188K(120960K), 0.0006330 secs] [Times: user=0.00 sys=0.00, real=0.01 secs] 
44.619: Total time for which application threads were stopped: 0.0007920 seconds, Stopping threads took: 0.0001020 seconds
44.746: Application time: 0.1267740 seconds
44.746: [GC44.746: [DefNew: 35153K->1749K(37568K), 0.0006140 secs] 39593K->6189K(120960K), 0.0006400 secs] [Times: user=0.01 sys=0.00, real=0.00 secs] 
44.746: Total time for which application threads were stopped: 0.0007590 seconds, Stopping threads took: 0.0000670 seconds
44.877: Application time: 0.1306180 seconds
44.877: [GC44.877: [DefNew: 35157K->1744K(37568K), 0.0006090 secs] 39597K->6184K(120960K), 0.0006320 secs] [Times: user=0.00 sys=0.00, real=0.00 secs] 
44.878: Total time for which application threads were stopped: 0.0007790 seconds, Stopping threads took: 0.0001010 seconds
44.996: Application time: 0.1184930 seconds
44.996: [GC44.996: [DefNew: 35151K->1750K(37568K), 0.0005980 secs] 39591K->6190K(120960K), 0.0006210 secs] [Times: user=0.01 sys=0.00, real=0.00 secs] 
44.997: Total time for which application threads were stopped: 0.0007490 seconds, Stopping threads took: 0.0000820 seconds
45.096: Application time: 0.0984630 seconds
45.096: [GC45.096: [DefNew: 35155K->1746K(37568K), 0.0006230 secs] 39595K->6186K(120960K), 0.0006580 secs] [Times: user=0.00 sys=0.00, real=0.00 secs] 
45.096: Total time for which application threads were stopped: 0.0008260 seconds, Stopping threads took: 0.0001190 seconds
45.203: Application time: 0.1065690 seconds
45.203: [GC45.203: [DefNew: 35150K->1750K(37568K), 0.0006400 secs] 39590K->6190K(120960K), 0.0006660 secs] [Times: user=0.00 sys=0.00, real=0.00 secs] 
45.204: Total time for which application threads were stopped: 0.0009220 seconds, Stopping threads took: 0.0001980 seconds
45.345: Application time: 0.1413340 seconds
45.345: [GC45.345: [DefNew: 35156K->1749K(37568K), 0.0005970 secs] 39596K->6190K(120960K), 0.0006230 secs] [Times: user=0.00 sys=0.00, real=0.00 secs] 
45.346: Total time for which application threads were stopped: 0.0007430 seconds, Stopping threads took: 0.0000740 seconds
45.489: Application time: 0.1432400 seconds
45.489: [GC45.489: [DefNew: 35155K->1749K(37568K), 0.0006270 secs] 39596K->6189K(120960K), 0.0006550 secs] [Times: user=0.00 sys=0.00, real=0.00 secs] 
45.490: Total time for which application threads were stopped: 0.0008260 seconds, Stopping threads took: 0.0001200 seconds
45.637: Application time: 0.1465470 seconds
45.637: [GC45.637: [DefNew: 35153K->1749K(37568K), 0.0005750 secs] 39594K->6189K(120960K), 0.0005980 secs] [Times: user=0.00 sys=0.00, real=0.00 secs] 
45.637: Total time for which application threads were stopped: 0.0007140 seconds, Stopping threads took: 0.0000700 seconds
45.787: Application time: 0.1498120 seconds
45.787: [GC45.787: [DefNew: 35153K->1748K(37568K), 0.0006000 secs] 39594K->6188K(120960K), 0.0006230 secs] [Times: user=0.00 sys=0.00, real=0.00 secs] 
45.788: Total time for which application threads were stopped: 0.0007880 seconds, Stopping threads took: 0.0001070 seconds
45.938: Application time: 0.1497770 seconds
45.938: [GC45.938: [DefNew: 35152K->1748K(37568K), 0.0006300 secs] 39593K->6188K(120960K), 0.0006550 secs] [Times: user=0.00 sys=0.00, real=0.00 secs] 
45.938: Total time for which application threads were stopped: 0.0007920 seconds, Stopping threads took: 0.0000890 seconds
46.089: Application time: 0.1503300 seconds
46.089: [GC46.089: [DefNew: 35152K->1748K(37568K), 0.0006140 secs] 39593K->6188K(120960K), 0.0006360 secs] [Times: user=0.00 sys=0.00, real=0.00 secs] 
46.090: Total time for which application threads were stopped: 0.0007530 seconds, Stopping threads took: 0.0000660 seconds
46.240: Application time: 0.1500800 seconds
46.240: [GC46.240: [DefNew: 35152K->1748K(37568K), 0.0006280 secs] 39593K->6188K(120960K), 0.0006530 secs] [Times: user=0.00 sys=0.00, real=0.00 secs] 
46.240: Total time for which application threads were stopped: 0.0007910 seconds, Stopping threads took: 0.0000920 seconds
46.368: Application time: 0.1277870 seconds
46.368: [GC46.368: [DefNew: 35151K->1744K(37568K), 0.0006170 secs] 39592K->6185K(120960K), 0.0006440 secs] [Times: user=0.01 sys=0.00, real=0.00 secs] 
46.369: Total time for which application threads were stopped: 0.0007890 seconds, Stopping threads took: 0.0000870 seconds
46.496: Application time: 0.1272640 seconds
46.496: [GC46.496: [DefNew: 35149K->1749K(37568K), 0.0006270 secs] 39589K->6189K(120960K), 0.0006520 secs] [Times: user=0.00 sys=0.00, real=0.00 secs] 
46.497: Total time for which application threads were stopped: 0.0008240 seconds, Stopping threads took: 0.0001050 seconds
46.618: Application time: 0.1204340 seconds
46.618: [GC46.618: [DefNew: 35156K->1744K(37568K), 0.0006100 secs] 39596K->6185K(120960K), 0.0006350 secs] [Times: user=0.00 sys=0.00, real=0.00 secs] 
46.618: Total time for which application threads were stopped: 0.0007880 seconds, Stopping threads took: 0.0001030 seconds
46.739: Application time: 0.1205500 seconds
46.739: [GC46.739: [DefNew: 35151K->1745K(37568K), 0.0006190 secs] 39592K->6186K(120960K), 0.0006450 secs] [Times: user=0.00 sys=0.00, real=0.00 secs] 
46.740: Total time for which application threads were stopped: 0.0007940 seconds, Stopping threads took: 0.0000960 seconds
46.840: Application time: 0.1003850 seconds
46.840: [GC46.840: [DefNew: 35149K->1746K(37568K), 0.0006590 secs] 39589K->6186K(120960K), 0.0006930 secs] [Times: user=0.00 sys=0.00, real=0.00 secs] 
46.841: Total time for which application threads were stopped: 0.0008290 seconds, Stopping threads took: 0.0000870 seconds
46.955: Application time: 0.1141930 seconds
46.955: [GC46.955: [DefNew: 35154K->1750K(37568K), 0.0005980 secs] 39594K->6190K(120960K), 0.0006200 secs] [Times: user=0.00 sys=0.00, real=0.00 secs] 
46.956: Total time for which application threads were stopped: 0.0007400 seconds, Stopping threads took: 0.0000620 seconds
47.097: Application time: 0.1413760 seconds
47.099: [GC47.099: [DefNew: 35154K->1749K(37568K), 0.0006650 secs] 39594K->6190K(120960K), 0.0006940 secs] [Times: user=0.00 sys=0.00, real=0.00 secs] 
47.100: Total time for which application threads were stopped: 0.0025810 seconds, Stopping threads took: 0.0018160 seconds
47.243: Application time: 0.1431000 seconds
47.243: [GC47.243: [DefNew: 35155K->1749K(37568K), 0.0005970 secs] 39596K->6190K(120960K), 0.0006200 secs] [Times: user=0.00 sys=0.00, real=0.00 secs] 
47.244: Total time for which application threads were stopped: 0.0008150 seconds, Stopping threads took: 0.0001480 seconds
47.391: Application time: 0.1472780 seconds
47.391: [GC47.391: [DefNew: 35155K->1748K(37568K), 0.0006210 secs] 39597K->6190K(120960K), 0.0006480 secs] [Times: user=0.00 sys=0.00, real=0.00 secs] 
47.392: Total time for which application threads were stopped: 0.0007640 seconds, Stopping threads took: 0.0000660 seconds
47.541: Application time: 0.1497510 seconds
47.542: [GC47.542: [DefNew: 35153K->1748K(37568K), 0.0006030 secs] 39594K->6189K(120960K), 0.0006280 secs] [Times: user=0.00 sys=0.00, real=0.00 secs] 
47.542: Total time for which application threads were stopped: 0.0007390 seconds, Stopping threads took: 0.0000530 seconds
47.692: Application time: 0.1497290 seconds
47.692: [GC47.692: [DefNew: 35152K->1748K(37568K), 0.0006500 secs] 39594K->6189K(120960K), 0.0006770 secs] [Times: user=0.00 sys=0.00, real=0.00 secs] 
47.693: Total time for which application threads were stopped: 0.0008620 seconds, Stopping threads took: 0.0001320 seconds
47.843: Application time: 0.1504690 seconds
47.844: [GC47.844: [DefNew: 35152K->1748K(37568K), 0.0006050 secs] 39594K->6189K(120960K), 0.0006290 secs] [Times: user=0.00 sys=0.00, real=0.00 secs] 
47.844: Total time for which application threads were stopped: 0.0008790 seconds, Stopping threads took: 0.0001810 seconds
47.994: Application time: 0.1500960 seconds
47.994: [GC47.994: [DefNew: 35152K->1748K(37568K), 0.0006190 secs] 39594K->6189K(120960K), 0.0006460 secs] [Times: user=0.00 sys=0.00, real=0.00 secs] 
47.995: Total time for which application threads were stopped: 0.0007860 seconds, Stopping threads took: 0.0000800 seconds
48.113: Application time: 0.1175800 seconds
48.113: [GC48.113: [DefNew: 35152K->1744K(37568K), 0.0006040 secs] 39593K->6186K(120960K), 0.0006290 secs] [Times: user=0.00 sys=0.00, real=0.00 secs] 
48.114: Total time for which application threads were stopped: 0.0008730 seconds, Stopping threads took: 0.0001740 seconds
48.251: Application time: 0.1371220 seconds
48.251: [GC48.251: [DefNew: 35150K->1748K(37568K), 0.0006280 secs] 39592K->6190K(120960K), 0.0006540 secs] [Times: user=0.00 sys=0.00, real=0.00 secs] 
48.251: Total time for which application threads were stopped: 0.0007970 seconds, Stopping threads took: 0.0000900 seconds
48.361: Application time: 0.1096630 seconds
48.361: [GC48.361: [DefNew: 35153K->1744K(37568K), 0.0006120 secs] 39594K->6186K(120960K), 0.0006380 secs] [Times: user=0.00 sys=0.00, real=0.00 secs] 
48.362: Total time for which application threads were stopped: 0.0007750 seconds, Stopping threads took: 0.0000850 seconds
48.476: Application time: 0.1140150 seconds
48.476: [GC48.476: [DefNew: 35152K->1741K(37568K), 0.0006090 secs] 39593K->6182K(120960K), 0.0006310 secs] [Times: user=0.00 sys=0.00, real=0.00 secs] 
48.477: Total time for which application threads were stopped: 0.0007740 seconds, Stopping threads took: 0.0000960 seconds
48.581: Application time: 0.1045160 seconds
48.581: [GC48.581: [DefNew: 35133K->1622K(37568K), 0.0006120 secs] 39574K->6063K(120960K), 0.0006450 secs] [Times: user=0.00 sys=0.00, real=0.00 secs] 
48.582: Total time for which application threads were stopped: 0.0007860 seconds, Stopping threads took: 0.0000910 seconds
48.707: Application time: 0.1254880 seconds
48.708: [GC48.708: [DefNew: 35027K->1749K(37568K), 0.0006150 secs] 39468K->6190K(120960K), 0.0006400 secs] [Times: user=0.00 sys=0.00, real=0.00 secs] 
48.708: Total time for which application threads were stopped: 0.0007490 seconds, Stopping threads took: 0.0000470 seconds
48.851: Application time: 0.1425950 seconds
48.851: [GC48.851: [DefNew: 35153K->1749K(37568K), 0.0006560 secs] 39595K->6190K(120960K), 0.0006840 secs] [Times: user=0.00 sys=0.00, real=0.00 secs] 
48.852: Total time for which application threads were stopped: 0.0009140 seconds, Stopping threads took: 0.0001570 seconds
48.995: Application time: 0.1427820 seconds
48.995: [GC48.995: [DefNew: 35155K->1749K(37568K), 0.0006280 secs] 39597K->6191K(120960K), 0.0006560 secs] [Times: user=0.00 sys=0.00, real=0.00 secs] 
48.995: Total time for which application threads were stopped: 0.0007940 seconds, Stopping threads took: 0.0000890 seconds
49.143: Application time: 0.1479950 seconds
49.143: [GC49.143: [DefNew: 35153K->1748K(37568K), 0.0005960 secs] 39595K->6190K(120960K), 0.0006190 secs] [Times: user=0.00 sys=0.00, real=0.00 secs] 
49.144: Total time for which application threads were stopped: 0.0007830 seconds, Stopping threads took: 0.0001150 seconds
49.294: Application time: 0.1498730 seconds
49.294: [GC49.294: [DefNew: 35153K->1748K(37568K), 0.0006150 secs] 39595K->6189K(120960K), 0.0006420 secs] [Times: user=0.00 sys=0.00, real=0.00 secs] 
49.295: Total time for which application threads were stopped: 0.0008000 seconds, Stopping threads took: 0.0000960 seconds
49.445: Application time: 0.1503200 seconds
49.445: [GC49.445: [DefNew: 35152K->1748K(37568K), 0.0005910 secs] 39594K->6189K(120960K), 0.0006140 secs] [Times: user=0.00 sys=0.00, real=0.00 secs] 
49.446: Total time for which application threads were stopped: 0.0007470 seconds, Stopping threads took: 0.0000870 seconds
49.596: Application time: 0.1506110 seconds
49.597: [GC49.597: [DefNew: 35152K->1748K(37568K), 0.0006510 secs] 39594K->6189K(120960K), 0.0006780 secs] [Times: user=0.00 sys=0.00, real=0.00 secs] 
49.597: Total time for which application threads were stopped: 0.0008050 seconds, Stopping threads took: 0.0000750 seconds
49.739: Application time: 0.1419810 seconds
49.739: [GC49.739: [DefNew: 35155K->1744K(37568K), 0.0006050 secs] 39597K->6185K(120960K), 0.0006300 secs] [Times: user=0.00 sys=0.00, real=0.00 secs] 
49.740: Total time for which application threads were stopped: 0.0007900 seconds, Stopping threads took: 0.0001110 seconds
49.857: Application time: 0.1167390 seconds
49.857: [GC49.857: [DefNew: 35151K->1744K(37568K), 0.0006020 secs] 39593K->6186K(120960K), 0.0006240 secs] [Times: user=0.00 sys=0.00, real=0.00 secs] 
49.857: Total time for which application threads were stopped: 0.0007280 seconds, Stopping threads took: 0.0000470 seconds
50.003: Application time: 0.1451590 seconds
50.003: [GC50.003: [DefNew: 35152K->1748K(37568K), 0.0006010 secs] 39594K->6190K(120960K), 0.0006280 secs] [Times: user=0.00 sys=0.00, real=0.00 secs] 
50.003: Total time for which application threads were stopped: 0.0007560 seconds, Stopping threads took: 0.0000780 seconds
50.110: Application time: 0.1070850 seconds
50.111: [GC50.111: [DefNew: 35155K->1749K(37568K), 0.0006420 secs] 39597K->6191K(120960K), 0.0006670 secs] [Times: user=0.00 sys=0.00, real=0.00 secs] 
50.111: Total time for which application threads were stopped: 0.0007930 seconds, Stopping threads took: 0.0000790 seconds
50.216: Application time: 0.1044930 seconds
50.216: [GC50.216: [DefNew: 35156K->1746K(37568K), 0.0006430 secs] 39598K->6187K(120960K), 0.0006670 secs] [Times: user=0.00 sys=0.00, real=0.00 secs] 
50.217: Total time for which application threads were stopped: 0.0009050 seconds, Stopping threads took: 0.0001830 seconds
50.322: Application time: 0.1054540 seconds
50.322: [GC50.322: [DefNew: 35150K->1746K(37568K), 0.0006430 secs] 39592K->6188K(120960K), 0.0015680 secs] [Times: user=0.00 sys=0.00, real=0.00 secs] 
50.324: Total time for which application threads were stopped: 0.0017810 seconds, Stopping threads took: 0.0001580 seconds
50.457: Application time: 0.1333420 seconds
50.457: [GC50.457: [DefNew: 35150K->1749K(37568K), 0.0006520 secs] 39592K->6191K(120960K), 0.0006800 secs] [Times: user=0.00 sys=0.00, real=0.00 secs] 
50.458: Total time for which application threads were stopped: 0.0008470 seconds, Stopping threads took: 0.0001070 seconds
50.601: Application time: 0.1431260 seconds
50.601: [GC50.601: [DefNew: 35155K->1749K(37568K), 0.0006180 secs] 39597K->6191K(120960K), 0.0006420 secs] [Times: user=0.00 sys=0.00, real=0.00 secs] 
50.602: Total time for which application threads were stopped: 0.0008320 seconds, Stopping threads took: 0.0001390 seconds
50.746: Application time: 0.1434930 seconds
50.746: [GC50.746: [DefNew: 35152K->1749K(37568K), 0.0006120 secs] 39595K->6191K(120960K), 0.0006370 secs] [Times: user=0.00 sys=0.00, real=0.00 secs] 
50.746: Total time for which application threads were stopped: 0.0008200 seconds, Stopping threads took: 0.0001340 seconds
50.896: Application time: 0.1497670 seconds
50.896: [GC50.896: [DefNew: 35154K->1748K(37568K), 0.0006130 secs] 39596K->6190K(120960K), 0.0006410 secs] [Times: user=0.00 sys=0.00, real=0.00 secs] 
50.897: Total time for which application threads were stopped: 0.0007820 seconds, Stopping threads took: 0.0000910 seconds
51.047: Application time: 0.1498760 seconds
51.047: [GC51.047: [DefNew: 35152K->1748K(37568K), 0.0006250 secs] 39595K->6190K(120960K), 0.0006490 secs] [Times: user=0.00 sys=0.00, real=0.00 secs] 
51.048: Total time for which application threads were stopped: 0.0007900 seconds, Stopping threads took: 0.0000800 seconds
51.198: Application time: 0.1504650 seconds
51.198: [GC51.198: [DefNew: 35152K->1748K(37568K), 0.0005970 secs] 39595K->6190K(120960K), 0.0006190 secs] [Times: user=0.00 sys=0.00, real=0.01 secs] 
51.199: Total time for which application threads were stopped: 0.0007270 seconds, Stopping threads took: 0.0000620 seconds
51.349: Application time: 0.1504460 seconds
51.349: [GC51.349: [DefNew: 35152K->1748K(37568K), 0.0005950 secs] 39595K->6190K(120960K), 0.0006190 secs] [Times: user=0.00 sys=0.00, real=0.00 secs] 
51.350: Total time for which application threads were stopped: 0.0007220 seconds, Stopping threads took: 0.0000560 seconds
51.483: Application time: 0.1325270 seconds
51.483: [GC51.483: [DefNew: 35152K->1744K(37568K), 0.0006080 secs] 39594K->6186K(120960K), 0.0006330 secs] [Times: user=0.00 sys=0.00, real=0.00 secs] 
51.483: Total time for which application threads were stopped: 0.0007670 seconds, Stopping threads took: 0.0000880 seconds
51.607: Application time: 0.1238980 seconds
51.607: [GC51.607: [DefNew: 35148K->1749K(37568K), 0.0006490 secs] 39590K->6191K(120960K), 0.0006770 secs] [Times: user=0.00 sys=0.00, real=0.00 secs] 
51.608: Total time for which application threads were stopped: 0.0008580 seconds, Stopping threads took: 0.0001200 seconds
51.746: Application time: 0.1376710 seconds
51.746: [GC51.746: [DefNew: 35156K->1740K(37568K), 0.0006360 secs] 39599K->6182K(120960K), 0.0006600 secs] [Times: user=0.00 sys=0.00, real=0.00 secs] 
51.747: Total time for which application threads were stopped: 0.0007950 seconds, Stopping threads took: 0.0000890 seconds
51.860: Application time: 0.1135960 seconds
51.860: [GC51.860: [DefNew: 35146K->1749K(37568K), 0.0006050 secs] 39588K->6191K(120960K), 0.0006300 secs] [Times: user=0.00 sys=0.00, real=0.00 secs] 
51.861: Total time for which application threads were stopped: 0.0007830 seconds, Stopping threads took: 0.0001040 seconds
51.964: Application time: 0.1030070 seconds
51.967: [GC51.967: [DefNew: 35155K->1750K(37568K), 0.0006300 secs] 39597K->6193K(120960K), 0.0006630 secs] [Times: user=0.00 sys=0.00, real=0.00 secs] 
51.968: Total time for which application threads were stopped: 0.0036950 seconds, Stopping threads took: 0.0029630 seconds
52.070: Application time: 0.1022250 seconds
52.070: [GC52.070: [DefNew: 35156K->1750K(37568K), 0.0006130 secs] 39598K->6193K(120960K), 0.0006370 secs] [Times: user=0.00 sys=0.00, real=0.00 secs] 
52.071: Total time for which application threads were stopped: 0.0007330 seconds, Stopping threads took: 0.0000490 seconds
52.210: Application time: 0.1396350 seconds
52.210: [GC52.210: [DefNew: 35154K->1749K(37568K), 0.0006080 secs] 39596K->6192K(120960K), 0.0006320 secs] [Times: user=0.00 sys=0.00, real=0.00 secs] 
52.211: Total time for which application threads were stopped: 0.0007990 seconds, Stopping threads took: 0.0000910 seconds
52.354: Application time: 0.1434130 seconds
52.359: [GC52.359: [DefNew: 35154K->1749K(37568K), 0.0005970 secs] 39597K->6192K(120960K), 0.0006190 secs] [Times: user=0.00 sys=0.00, real=0.00 secs] 
52.359: Total time for which application threads were stopped: 0.0050450 seconds, Stopping threads took: 0.0043790 seconds
52.504: Application time: 0.1448800 seconds
52.504: [GC52.505: [DefNew: 35154K->1749K(37568K), 0.0006600 secs] 39597K->6192K(120960K), 0.0006880 secs] [Times: user=0.00 sys=0.00, real=0.00 secs] 
52.505: Total time for which application threads were stopped: 0.0008370 seconds, Stopping threads took: 0.0000980 seconds
52.655: Application time: 0.1500650 seconds
52.655: [GC52.655: [DefNew: 35153K->1748K(37568K), 0.0006130 secs] 39596K->6191K(120960K), 0.0006390 secs] [Times: user=0.00 sys=0.00, real=0.00 secs] 
52.656: Total time for which application threads were stopped: 0.0008010 seconds, Stopping threads took: 0.0001100 seconds
52.806: Application time: 0.1495970 seconds
52.806: [GC52.806: [DefNew: 35152K->1748K(37568K), 0.0006250 secs] 39595K->6191K(120960K), 0.0006500 secs] [Times: user=0.00 sys=0.00, real=0.00 secs] 
52.806: Total time for which application threads were stopped: 0.0007950 seconds, Stopping threads took: 0.0000910 seconds
52.957: Application time: 0.1502040 seconds
52.957: [GC52.957: [DefNew: 35152K->1748K(37568K), 0.0005990 secs] 39595K->6191K(120960K), 0.0006230 secs] [Times: user=0.00 sys=0.00, real=0.00 secs] 
52.957: Total time for which application threads were stopped: 0.0007590 seconds, Stopping threads took: 0.0000890 seconds
53.107: Application time: 0.1497680 seconds
53.107: [GC53.107: [DefNew: 35152K->1748K(37568K), 0.0005990 secs] 39595K->6191K(120960K), 0.0006220 secs] [Times: user=0.01 sys=0.00, real=0.00 secs] 
53.108: Total time for which application threads were stopped: 0.0007550 seconds, Stopping threads took: 0.0000860 seconds
53.237: Application time: 0.1295410 seconds
53.238: [GC53.238: [DefNew: 35153K->1748K(37568K), 0.0006090 secs] 39596K->6191K(120960K), 0.0006340 secs] [Times: user=0.00 sys=0.00, real=0.00 secs] 
53.238: Total time for which application threads were stopped: 0.0007450 seconds, Stopping threads took: 0.0000600 seconds
53.365: Application time: 0.1265480 seconds
53.365: [GC53.365: [DefNew: 35153K->1749K(37568K), 0.0006030 secs] 39596K->6192K(120960K), 0.0006260 secs] [Times: user=0.00 sys=0.00, real=0.00 secs] 
53.366: Total time for which application threads were stopped: 0.0007770 seconds, Stopping threads took: 0.0000980 seconds
53.489: Application time: 0.1234360 seconds
53.489: [GC53.489: [DefNew: 35155K->1740K(37568K), 0.0006040 secs] 39598K->6183K(120960K), 0.0006270 secs] [Times: user=0.00 sys=0.00, real=0.00 secs] 
53.490: Total time for which application threads were stopped: 0.0007610 seconds, Stopping threads took: 0.0000890 seconds
53.613: Application time: 0.1229070 seconds
53.613: [GC53.613: [DefNew: 35146K->1745K(37568K), 0.0005930 secs] 39589K->6188K(120960K), 0.0006150 secs] [Times: user=0.00 sys=0.00, real=0.00 secs] 
53.613: Total time for which application threads were stopped: 0.0007270 seconds, Stopping threads took: 0.0000660 seconds
53.711: Application time: 0.0976790 seconds
53.711: [GC53.711: [DefNew: 35150K->1746K(37568K), 0.0005580 secs] 39592K->6189K(120960K), 0.0005850 secs] [Times: user=0.00 sys=0.00, real=0.00 secs] 
53.712: Total time for which application threads were stopped: 0.0007230 seconds, Stopping threads took: 0.0000710 seconds
53.824: Application time: 0.1119820 seconds
53.824: [GC53.824: [DefNew: 35152K->1750K(37568K), 0.0006010 secs] 39594K->6193K(120960K), 0.0006240 secs] [Times: user=0.01 sys=0.00, real=0.00 secs] 
53.825: Total time for which application threads were stopped: 0.0007640 seconds, Stopping threads took: 0.0000930 seconds
53.966: Application time: 0.1409670 seconds
53.966: [GC53.966: [DefNew: 35156K->1749K(37568K), 0.0005990 secs] 39599K->6192K(120960K), 0.0006240 secs] [Times: user=0.00 sys=0.00, real=0.00 secs] 
53.966: Total time for which application threads were stopped: 0.0007860 seconds, Stopping threads took: 0.0001030 seconds
54.110: Application time: 0.1437030 seconds
54.110: [GC54.110: [DefNew: 35156K->1749K(37568K), 0.0006120 secs] 39599K->6192K(120960K), 0.0006350 secs] [Times: user=0.00 sys=0.00, real=0.00 secs] 
54.111: Total time for which application threads were stopped: 0.0007830 seconds, Stopping threads took: 0.0000990 seconds
54.257: Application time: 0.1458490 seconds
54.257: [GC54.257: [DefNew: 35153K->1749K(37568K), 0.0006150 secs] 39597K->6192K(120960K), 0.0006390 secs] [Times: user=0.00 sys=0.00, real=0.00 secs] 
54.257: Total time for which application threads were stopped: 0.0007460 seconds, Stopping threads took: 0.0000610 seconds
54.407: Application time: 0.1496330 seconds
54.407: [GC54.407: [DefNew: 35153K->1748K(37568K), 0.0006340 secs] 39597K->6191K(120960K), 0.0006600 secs] [Times: user=0.00 sys=0.00, real=0.00 secs] 
54.408: Total time for which application threads were stopped: 0.0007890 seconds, Stopping threads took: 0.0000820 seconds
54.558: Application time: 0.1500980 seconds
54.558: [GC54.558: [DefNew: 35152K->1748K(37568K), 0.0006270 secs] 39596K->6191K(120960K), 0.0006530 secs] [Times: user=0.00 sys=0.00, real=0.00 secs] 
54.559: Total time for which application threads were stopped: 0.0007920 seconds, Stopping threads took: 0.0000810 seconds
54.709: Application time: 0.1500390 seconds
54.709: [GC54.709: [DefNew: 35152K->1748K(37568K), 0.0006600 secs] 39596K->6191K(120960K), 0.0006890 secs] [Times: user=0.00 sys=0.00, real=0.00 secs] 
54.710: Total time for which application threads were stopped: 0.0008320 seconds, Stopping threads took: 0.0000920 seconds
54.860: Application time: 0.1503850 seconds
54.860: [GC54.860: [DefNew: 35152K->1748K(37568K), 0.0006600 secs] 39596K->6191K(120960K), 0.0006880 secs] [Times: user=0.00 sys=0.00, real=0.00 secs] 
54.861: Total time for which application threads were stopped: 0.0008360 seconds, Stopping threads took: 0.0000980 seconds
54.986: Application time: 0.1252620 seconds
54.986: [GC54.986: [DefNew: 35154K->1744K(37568K), 0.0006110 secs] 39597K->6188K(120960K), 0.0006360 secs] [Times: user=0.00 sys=0.00, real=0.01 secs] 
54.987: Total time for which application threads were stopped: 0.0007750 seconds, Stopping threads took: 0.0000930 seconds
55.116: Application time: 0.1293830 seconds
55.116: [GC55.116: [DefNew: 35151K->1749K(37568K), 0.0006100 secs] 39595K->6192K(120960K), 0.0006320 secs] [Times: user=0.00 sys=0.00, real=0.00 secs] 
55.117: Total time for which application threads were stopped: 0.0007870 seconds, Stopping threads took: 0.0000950 seconds
55.228: Application time: 0.1113440 seconds
55.229: [GC55.229: [DefNew: 35156K->1744K(37568K), 0.0006600 secs] 39599K->6188K(120960K), 0.0006890 secs] [Times: user=0.00 sys=0.00, real=0.00 secs] 
55.229: Total time for which application threads were stopped: 0.0009510 seconds, Stopping threads took: 0.0002110 seconds
55.350: Application time: 0.1210100 seconds
55.355: [GC55.355: [DefNew: 35150K->1741K(37568K), 0.0006460 secs] 39593K->6185K(120960K), 0.0016110 secs] [Times: user=0.00 sys=0.00, real=0.00 secs] 
55.357: Total time for which application threads were stopped: 0.0062950 seconds, Stopping threads took: 0.0046120 seconds
55.454: Application time: 0.0975520 seconds
55.454: [GC55.454: [DefNew: 35145K->1741K(37568K), 0.0006070 secs] 39589K->6185K(120960K), 0.0006390 secs] [Times: user=0.01 sys=0.00, real=0.00 secs] 
55.455: Total time for which application threads were stopped: 0.0007370 seconds, Stopping threads took: 0.0000510 seconds
55.579: Application time: 0.1240940 seconds
55.579: [GC55.579: [DefNew: 35147K->1749K(37568K), 0.0006540 secs] 39590K->6193K(120960K), 0.0006800 secs] [Times: user=0.00 sys=0.00, real=0.00 secs] 
55.580: Total time for which application threads were stopped: 0.0009360 seconds, Stopping threads took: 0.0002050 seconds
55.723: Application time: 0.1426860 seconds
55.723: [GC55.723: [DefNew: 35153K->1749K(37568K), 0.0006010 secs] 39597K->6193K(120960K), 0.0006230 secs] [Times: user=0.00 sys=0.00, real=0.00 secs] 
55.723: Total time for which application threads were stopped: 0.0007650 seconds, Stopping threads took: 0.0000790 seconds
55.866: Application time: 0.1423260 seconds
55.866: [GC55.866: [DefNew: 35157K->1749K(37568K), 0.0005990 secs] 39600K->6193K(120960K), 0.0006230 secs] [Times: user=0.00 sys=0.00, real=0.00 secs] 
55.866: Total time for which application threads were stopped: 0.0007500 seconds, Stopping threads took: 0.0000800 seconds
56.014: Application time: 0.1477700 seconds
56.019: [GC56.019: [DefNew: 35156K->1748K(37568K), 0.0006330 secs] 39600K->6192K(120960K), 0.0006580 secs] [Times: user=0.00 sys=0.00, real=0.00 secs] 
56.020: Total time for which application threads were stopped: 0.0052560 seconds, Stopping threads took: 0.0045510 seconds
56.170: Application time: 0.1503180 seconds
56.170: [GC56.170: [DefNew: 35153K->1748K(37568K), 0.0005960 secs] 39597K->6192K(120960K), 0.0006210 secs] [Times: user=0.00 sys=0.00, real=0.00 secs] 
56.171: Total time for which application threads were stopped: 0.0007510 seconds, Stopping threads took: 0.0000800 seconds
56.321: Application time: 0.1500200 seconds
56.321: [GC56.321: [DefNew: 35152K->1748K(37568K), 0.0006240 secs] 39596K->6192K(120960K), 0.0006500 secs] [Times: user=0.00 sys=0.00, real=0.00 secs] 
56.321: Total time for which application threads were stopped: 0.0008530 seconds, Stopping threads took: 0.0001440 seconds
56.472: Application time: 0.1502050 seconds
56.472: [GC56.472: [DefNew: 35152K->1748K(37568K), 0.0006240 secs] 39596K->6192K(120960K), 0.0006490 secs] [Times: user=0.00 sys=0.00, real=0.00 secs] 
56.473: Total time for which application threads were stopped: 0.0008600 seconds, Stopping threads took: 0.0001440 seconds
56.622: Application time: 0.1498460 seconds
56.623: [GC56.623: [DefNew: 35152K->1748K(37568K), 0.0006180 secs] 39596K->6192K(120960K), 0.0006450 secs] [Times: user=0.00 sys=0.00, real=0.00 secs] 
56.623: Total time for which application threads were stopped: 0.0008380 seconds, Stopping threads took: 0.0001230 seconds
56.739: Application time: 0.1155870 seconds
56.739: [GC56.739: [DefNew: 35152K->1744K(37568K), 0.0005930 secs] 39596K->6188K(120960K), 0.0006150 secs] [Times: user=0.00 sys=0.00, real=0.00 secs] 
56.740: Total time for which application threads were stopped: 0.0007070 seconds, Stopping threads took: 0.0000440 seconds
56.878: Application time: 0.1388230 seconds
56.878: [GC56.878: [DefNew: 35148K->1748K(37568K), 0.0006100 secs] 39592K->6192K(120960K), 0.0006320 secs] [Times: user=0.00 sys=0.00, real=0.01 secs] 
56.879: Total time for which application threads were stopped: 0.0007580 seconds, Stopping threads took: 0.0000680 seconds
56.987: Application time: 0.1074710 seconds
56.987: [GC56.987: [DefNew: 35155K->1749K(37568K), 0.0006090 secs] 39599K->6193K(120960K), 0.0006320 secs] [Times: user=0.00 sys=0.00, real=0.01 secs] 
56.987: Total time for which application threads were stopped: 0.0007620 seconds, Stopping threads took: 0.0000820 seconds
57.098: Application time: 0.1102800 seconds
57.098: [GC57.098: [DefNew: 35154K->1741K(37568K), 0.0006320 secs] 39598K->6185K(120960K), 0.0006580 secs] [Times: user=0.00 sys=0.00, real=0.00 secs] 
57.098: Total time for which application threads were stopped: 0.0008080 seconds, Stopping threads took: 0.0000980 seconds
57.198: Application time: 0.0995620 seconds
57.198: [GC57.198: [DefNew: 35146K->1746K(37568K), 0.0005920 secs] 39590K->6190K(120960K), 0.0006170 secs] [Times: user=0.00 sys=0.00, real=0.01 secs] 
57.199: Total time for which application threads were stopped: 0.0007470 seconds, Stopping threads took: 0.0000750 seconds
57.334: Application time: 0.1353780 seconds
57.334: [GC57.334: [DefNew: 35151K->1749K(37568K), 0.0006330 secs] 39595K->6193K(120960K), 0.0006610 secs] [Times: user=0.01 sys=0.00, real=0.00 secs] 
57.335: Total time for which application threads were stopped: 0.0007700 seconds, Stopping threads took: 0.0000580 seconds
57.478: Application time: 0.1430460 seconds
57.478: [GC57.478: [DefNew: 35153K->1749K(37568K), 0.0006290 secs] 39597K->6193K(120960K), 0.0006560 secs] [Times: user=0.00 sys=0.00, real=0.01 secs] 
57.479: Total time for which application threads were stopped: 0.0009060 seconds, Stopping threads took: 0.0001790 seconds
57.620: Application time: 0.1410500 seconds
57.620: [GC57.620: [DefNew: 35156K->1750K(37568K), 0.0006590 secs] 39601K->6194K(120960K), 0.0006850 secs] [Times: user=0.00 sys=0.00, real=0.00 secs] 
57.621: Total time for which application threads were stopped: 0.0008820 seconds, Stopping threads took: 0.0001480 seconds
57.771: Application time: 0.1503360 seconds
57.771: [GC57.771: [DefNew: 35154K->1748K(37568K), 0.0006080 secs] 39599K->6192K(120960K), 0.0006320 secs] [Times: user=0.00 sys=0.00, real=0.00 secs] 
57.772: Total time for which application threads were stopped: 0.0008130 seconds, Stopping threads took: 0.0001100 seconds
57.922: Application time: 0.1501270 seconds
57.922: [GC57.922: [DefNew: 35152K->1748K(37568K), 0.0006620 secs] 39597K->6192K(120960K), 0.0006900 secs] [Times: user=0.00 sys=0.00, real=0.00 secs] 
57.923: Total time for which application threads were stopped: 0.0008260 seconds, Stopping threads took: 0.0000840 seconds
58.073: Application time: 0.1499170 seconds
58.073: [GC58.073: [DefNew: 35152K->1748K(37568K), 0.0006200 secs] 39597K->6192K(120960K), 0.0006460 secs] [Times: user=0.00 sys=0.00, real=0.00 secs] 
58.074: Total time for which application threads were stopped: 0.0007690 seconds, Stopping threads took: 0.0000630 seconds
58.224: Application time: 0.1508900 seconds
58.225: [GC58.225: [DefNew: 35152K->1748K(37568K), 0.0006200 secs] 39597K->6192K(120960K), 0.0006440 secs] [Times: user=0.00 sys=0.00, real=0.00 secs] 
58.225: Total time for which application threads were stopped: 0.0007460 seconds, Stopping threads took: 0.0000500 seconds
58.367: Application time: 0.1421170 seconds
58.367: [GC58.367: [DefNew: 35154K->1744K(37568K), 0.0006520 secs] 39598K->6188K(120960K), 0.0006800 secs] [Times: user=0.00 sys=0.00, real=0.00 secs] 
58.368: Total time for which application threads were stopped: 0.0008000 seconds, Stopping threads took: 0.0000700 seconds
58.483: Application time: 0.1151200 seconds
58.483: [GC58.483: [DefNew: 35152K->1749K(37568K), 0.0006000 secs] 39596K->6193K(120960K), 0.0006230 secs] [Times: user=0.00 sys=0.00, real=0.00 secs] 
58.484: Total time for which application threads were stopped: 0.0007580 seconds, Stopping threads took: 0.0000880 seconds
58.626: Application time: 0.1423520 seconds
58.627: [GC58.627: [DefNew: 35155K->1739K(37568K), 0.0006030 secs] 39600K->6184K(120960K), 0.0006260 secs] [Times: user=0.00 sys=0.00, real=0.01 secs] 
58.627: Total time for which application threads were stopped: 0.0007670 seconds, Stopping threads took: 0.0000850 seconds
58.737: Application time: 0.1093790 seconds
58.737: [GC58.737: [DefNew: 35146K->1749K(37568K), 0.0005940 secs] 39591K->6194K(120960K), 0.0006170 secs] [Times: user=0.00 sys=0.00, real=0.00 secs] 
58.737: Total time for which application threads were stopped: 0.0007320 seconds, Stopping threads took: 0.0000690 seconds
58.841: Application time: 0.1041330 seconds
58.842: [GC58.842: [DefNew: 35157K->1750K(37568K), 0.0006770 secs] 39602K->6195K(120960K), 0.0007020 secs] [Times: user=0.00 sys=0.00, real=0.00 secs] 
58.842: Total time for which application threads were stopped: 0.0008380 seconds, Stopping threads took: 0.0000880 seconds
58.943: Application time: 0.1008860 seconds
58.943: [GC58.943: [DefNew: 35154K->1751K(37568K), 0.0006010 secs] 39599K->6195K(120960K), 0.0006350 secs] [Times: user=0.00 sys=0.00, real=0.00 secs] 
58.944: Total time for which application threads were stopped: 0.0008440 seconds, Stopping threads took: 0.0001600 seconds
59.084: Application time: 0.1399060 seconds
59.084: [GC59.084: [DefNew: 35158K->1749K(37568K), 0.0006240 secs] 39603K->6194K(120960K), 0.0006500 secs] [Times: user=0.00 sys=0.00, real=0.00 secs] 
59.085: Total time for which application threads were stopped: 0.0007560 seconds, Stopping threads took: 0.0000550 seconds
59.228: Application time: 0.1436000 seconds
59.228: [GC59.228: [DefNew: 35156K->1749K(37568K), 0.0006030 secs] 39601K->6194K(120960K), 0.0006290 secs] [Times: user=0.00 sys=0.00, real=0.00 secs] 
59.229: Total time for which application threads were stopped: 0.0007370 seconds, Stopping threads took: 0.0000470 seconds
59.374: Application time: 0.1447020 seconds
59.374: [GC59.374: [DefNew: 35155K->1749K(37568K), 0.0006010 secs] 39600K->6194K(120960K), 0.0006250 secs] [Times: user=0.00 sys=0.00, real=0.00 secs] 
59.374: Total time for which application threads were stopped: 0.0007340 seconds, Stopping threads took: 0.0000620 seconds
59.525: Application time: 0.1502950 seconds
59.525: [GC59.525: [DefNew: 35153K->1748K(37568K), 0.0006210 secs] 39598K->6193K(120960K), 0.0006470 secs] [Times: user=0.00 sys=0.00, real=0.00 secs] 
59.526: Total time for which application threads were stopped: 0.0008380 seconds, Stopping threads took: 0.0001400 seconds
59.675: Application time: 0.1498780 seconds
59.676: [GC59.676: [DefNew: 35152K->1748K(37568K), 0.0005910 secs] 39597K->6193K(120960K), 0.0006140 secs] [Times: user=0.00 sys=0.00, real=0.00 secs] 
59.676: Total time for which application threads were stopped: 0.0007470 seconds, Stopping threads took: 0.0000870 seconds
59.827: Application time: 0.1503680 seconds
59.827: [GC59.827: [DefNew: 35152K->1748K(37568K), 0.0005970 secs] 39597K->6193K(120960K), 0.0006200 secs] [Times: user=0.00 sys=0.00, real=0.01 secs] 
59.827: Total time for which application threads were stopped: 0.0007350 seconds, Stopping threads took: 0.0000600 seconds
59.977: Application time: 0.1501010 seconds
59.978: [GC59.978: [DefNew: 35152K->1748K(37568K), 0.0006030 secs] 39597K->6193K(120960K), 0.0006300 secs] [Times: user=0.00 sys=0.00, real=0.00 secs] 
59.978: Total time for which application threads were stopped: 0.0008060 seconds, Stopping threads took: 0.0001040 seconds
60.111: Application time: 0.1329760 seconds
60.111: [GC60.111: [DefNew: 35153K->1744K(37568K), 0.0006040 secs] 39598K->6189K(120960K), 0.0006270 secs] [Times: user=0.00 sys=0.00, real=0.00 secs] 
60.112: Total time for which application threads were stopped: 0.0007800 seconds, Stopping threads took: 0.0001050 seconds
60.236: Application time: 0.1239890 seconds
60.236: [GC60.236: [DefNew: 35150K->1749K(37568K), 0.0006310 secs] 39595K->6194K(120960K), 0.0006560 secs] [Times: user=0.00 sys=0.00, real=0.00 secs] 
60.237: Total time for which application threads were stopped: 0.0008020 seconds, Stopping threads took: 0.0000990 seconds
60.360: Application time: 0.1227570 seconds
60.360: [GC60.360: [DefNew: 35155K->1740K(37568K), 0.0006770 secs] 39600K->6185K(120960K), 0.0015400 secs] [Times: user=0.01 sys=0.00, real=0.00 secs] 
60.361: Total time for which application threads were stopped: 0.0017030 seconds, Stopping threads took: 0.0001030 seconds
60.490: Application time: 0.1286420 seconds
60.490: [GC60.490: [DefNew: 35145K->1749K(37568K), 0.0006470 secs] 39590K->6194K(120960K), 0.0006730 secs] [Times: user=0.00 sys=0.00, real=0.00 secs] 
60.491: Total time for which application threads were stopped: 0.0009300 seconds, Stopping threads took: 0.0001910 seconds
60.592: Application time: 0.1008180 seconds
60.592: [GC60.592: [DefNew: 35155K->1746K(37568K), 0.0006120 secs] 39600K->6191K(120960K), 0.0006370 secs] [Times: user=0.00 sys=0.00, real=0.00 secs] 
60.592: Total time for which application threads were stopped: 0.0008300 seconds, Stopping threads took: 0.0001140 seconds
60.696: Application time: 0.1032090 seconds
60.696: [GC60.696: [DefNew: 35153K->1750K(37568K), 0.0006130 secs] 39598K->6195K(120960K), 0.0006360 secs] [Times: user=0.00 sys=0.00, real=0.00 secs] 
60.696: Total time for which application threads were stopped: 0.0007660 seconds, Stopping threads took: 0.0000730 seconds
60.836: Application time: 0.1399710 seconds
60.837: [GC60.837: [DefNew: 35158K->1749K(37568K), 0.0006670 secs] 39603K->6195K(120960K), 0.0006950 secs] [Times: user=0.00 sys=0.00, real=0.00 secs] 
60.837: Total time for which application threads were stopped: 0.0008830 seconds, Stopping threads took: 0.0001140 seconds
60.981: Application time: 0.1437850 seconds
60.981: [GC60.981: [DefNew: 35153K->1749K(37568K), 0.0005960 secs] 39599K->6194K(120960K), 0.0006210 secs] [Times: user=0.00 sys=0.00, real=0.00 secs] 
60.982: Total time for which application threads were stopped: 0.0007990 seconds, Stopping threads took: 0.0001190 seconds
61.128: Application time: 0.1457230 seconds
61.128: [GC61.128: [DefNew: 35156K->1749K(37568K), 0.0006000 secs] 39602K->6194K(120960K), 0.0006220 secs] [Times: user=0.00 sys=0.00, real=0.00 secs] 
61.128: Total time for which application threads were stopped: 0.0007570 seconds, Stopping threads took: 0.0000900 seconds
61.279: Application time: 0.1503020 seconds
61.279: [GC61.279: [DefNew: 35153K->1748K(37568K), 0.0006470 secs] 39599K->6193K(120960K), 0.0006740 secs] [Times: user=0.00 sys=0.00, real=0.00 secs] 
61.279: Total time for which application threads were stopped: 0.0008220 seconds, Stopping threads took: 0.0000990 seconds
61.429: Application time: 0.1496270 seconds
61.429: [GC61.429: [DefNew: 35152K->1748K(37568K), 0.0006190 secs] 39598K->6193K(120960K), 0.0006450 secs] [Times: user=0.00 sys=0.00, real=0.00 secs] 
61.430: Total time for which application threads were stopped: 0.0007560 seconds, Stopping threads took: 0.0000600 seconds
61.580: Application time: 0.1503150 seconds
61.580: [GC61.580: [DefNew: 35152K->1748K(37568K), 0.0006060 secs] 39598K->6193K(120960K), 0.0006290 secs] [Times: user=0.00 sys=0.00, real=0.00 secs] 
61.581: Total time for which application threads were stopped: 0.0007740 seconds, Stopping threads took: 0.0000870 seconds
61.731: Application time: 0.1501200 seconds
61.731: [GC61.731: [DefNew: 35152K->1748K(37568K), 0.0005930 secs] 39598K->6193K(120960K), 0.0006160 secs] [Times: user=0.00 sys=0.00, real=0.00 secs] 
61.732: Total time for which application threads were stopped: 0.0007040 seconds, Stopping threads took: 0.0000400 seconds
61.861: Application time: 0.1291260 seconds
61.861: [GC61.861: [DefNew: 35153K->1748K(37568K), 0.0006310 secs] 39599K->6194K(120960K), 0.0006560 secs] [Times: user=0.00 sys=0.00, real=0.00 secs] 
61.862: Total time for which application threads were stopped: 0.0007880 seconds, Stopping threads took: 0.0000850 seconds
61.989: Application time: 0.1270270 seconds
61.989: [GC61.989: [DefNew: 35156K->1749K(37568K), 0.0006280 secs] 39602K->6194K(120960K), 0.0006540 secs] [Times: user=0.00 sys=0.00, real=0.00 secs] 
61.990: Total time for which application threads were stopped: 0.0008180 seconds, Stopping threads took: 0.0001120 seconds
62.099: Application time: 0.1091830 seconds
62.099: [GC62.099: [DefNew: 35155K->1745K(37568K), 0.0006510 secs] 39600K->6190K(120960K), 0.0006790 secs] [Times: user=0.00 sys=0.00, real=0.00 secs] 
62.100: Total time for which application threads were stopped: 0.0008990 seconds, Stopping threads took: 0.0001390 seconds
62.232: Application time: 0.1327510 seconds
62.232: [GC62.233: [DefNew: 35152K->1740K(37568K), 0.0005930 secs] 39597K->6186K(120960K), 0.0006160 secs] [Times: user=0.00 sys=0.00, real=0.00 secs] 
62.233: Total time for which application threads were stopped: 0.0007170 seconds, Stopping threads took: 0.0000540 seconds
62.328: Application time: 0.0946450 seconds
62.328: [GC62.328: [DefNew: 35145K->1742K(37568K), 0.0006040 secs] 39590K->6188K(120960K), 0.0006350 secs] [Times: user=0.00 sys=0.00, real=0.00 secs] 
62.328: Total time for which application threads were stopped: 0.0007260 seconds, Stopping threads took: 0.0000430 seconds
62.446: Application time: 0.1170800 seconds
62.446: [GC62.446: [DefNew: 35147K->1750K(37568K), 0.0006030 secs] 39592K->6195K(120960K), 0.0006250 secs] [Times: user=0.00 sys=0.00, real=0.00 secs] 
62.446: Total time for which application threads were stopped: 0.0007630 seconds, Stopping threads took: 0.0000700 seconds
62.589: Application time: 0.1425460 seconds
62.589: [GC62.589: [DefNew: 35154K->1749K(37568K), 0.0006290 secs] 39600K->6195K(120960K), 0.0006520 secs] [Times: user=0.00 sys=0.00, real=0.00 secs] 
62.590: Total time for which application threads were stopped: 0.0007750 seconds, Stopping threads took: 0.0000770 seconds
62.733: Application time: 0.1433900 seconds
62.733: [GC62.733: [DefNew: 35155K->1749K(37568K), 0.0006360 secs] 39601K->6195K(120960K), 0.0006620 secs] [Times: user=0.00 sys=0.00, real=0.00 secs] 
62.734: Total time for which application threads were stopped: 0.0008000 seconds, Stopping threads took: 0.0000800 seconds
62.880: Application time: 0.1463200 seconds
62.880: [GC62.880: [DefNew: 35157K->1749K(37568K), 0.0006130 secs] 39603K->6195K(120960K), 0.0006380 secs] [Times: user=0.00 sys=0.00, real=0.00 secs] 
62.881: Total time for which application threads were stopped: 0.0008480 seconds, Stopping threads took: 0.0001380 seconds
63.031: Application time: 0.1501400 seconds
63.031: [GC63.031: [DefNew: 35153K->1748K(37568K), 0.0005990 secs] 39600K->6194K(120960K), 0.0006220 secs] [Times: user=0.00 sys=0.00, real=0.00 secs] 
63.032: Total time for which application threads were stopped: 0.0007570 seconds, Stopping threads took: 0.0000680 seconds
63.182: Application time: 0.1499200 seconds
63.182: [GC63.182: [DefNew: 35152K->1748K(37568K), 0.0005980 secs] 39599K->6194K(120960K), 0.0006230 secs] [Times: user=0.00 sys=0.00, real=0.00 secs] 
63.183: Total time for which application threads were stopped: 0.0007610 seconds, Stopping threads took: 0.0000900 seconds
63.333: Application time: 0.1499270 seconds
63.333: [GC63.333: [DefNew: 35152K->1748K(37568K), 0.0006110 secs] 39599K->6194K(120960K), 0.0006370 secs] [Times: user=0.00 sys=0.00, real=0.00 secs] 
63.333: Total time for which application threads were stopped: 0.0008700 seconds, Stopping threads took: 0.0001520 seconds
63.484: Application time: 0.1501710 seconds
63.484: [GC63.484: [DefNew: 35152K->1748K(37568K), 0.0006100 secs] 39599K->6194K(120960K), 0.0006360 secs] [Times: user=0.00 sys=0.00, real=0.00 secs] 
63.484: Total time for which application threads were stopped: 0.0008300 seconds, Stopping threads took: 0.0001220 seconds
63.607: Application time: 0.1225290 seconds
63.607: [GC63.607: [DefNew: 35153K->1744K(37568K), 0.0006220 secs] 39599K->6191K(120960K), 0.0006480 secs] [Times: user=0.00 sys=0.00, real=0.00 secs] 
63.608: Total time for which application threads were stopped: 0.0007610 seconds, Stopping threads took: 0.0000630 seconds
63.740: Application time: 0.1324360 seconds
63.740: [GC63.740: [DefNew: 35152K->1748K(37568K), 0.0006080 secs] 39598K->6195K(120960K), 0.0006310 secs] [Times: user=0.00 sys=0.00, real=0.00 secs] 
63.741: Total time for which application threads were stopped: 0.0007690 seconds, Stopping threads took: 0.0000930 seconds
63.848: Application time: 0.1071720 seconds
63.848: [GC63.848: [DefNew: 35155K->1749K(37568K), 0.0006350 secs] 39602K->6195K(120960K), 0.0006590 secs] [Times: user=0.00 sys=0.00, real=0.00 secs] 
63.849: Total time for which application threads were stopped: 0.0008460 seconds, Stopping threads took: 0.0001110 seconds
63.968: Application time: 0.1185610 seconds
63.968: [GC63.968: [DefNew: 35157K->1741K(37568K), 0.0006250 secs] 39603K->6187K(120960K), 0.0006520 secs] [Times: user=0.00 sys=0.00, real=0.00 secs] 
63.968: Total time for which application threads were stopped: 0.0007900 seconds, Stopping threads took: 0.0000880 seconds
64.064: Application time: 0.0952540 seconds
64.064: [GC64.064: [DefNew: 35146K->1742K(37568K), 0.0006610 secs] 39592K->6188K(120960K), 0.0006860 secs] [Times: user=0.00 sys=0.00, real=0.00 secs] 
64.064: Total time for which application threads were stopped: 0.0008210 seconds, Stopping threads took: 0.0000890 seconds
64.194: Application time: 0.1299540 seconds
64.194: [GC64.194: [DefNew: 35146K->1749K(37568K), 0.0006030 secs] 39592K->6196K(120960K), 0.0006260 secs] [Times: user=0.00 sys=0.00, real=0.00 secs] 
64.195: Total time for which application threads were stopped: 0.0007420 seconds, Stopping threads took: 0.0000700 seconds
64.340: Application time: 0.1445650 seconds
64.340: [GC64.340: [DefNew: 35156K->1748K(37568K), 0.0006080 secs] 39603K->6195K(120960K), 0.0006310 secs] [Times: user=0.00 sys=0.00, real=0.00 secs] 
64.340: Total time for which application threads were stopped: 0.0007910 seconds, Stopping threads took: 0.0001140 seconds
64.481: Application time: 0.1404700 seconds
64.481: [GC64.481: [DefNew: 35152K->1750K(37568K), 0.0006130 secs] 39599K->6196K(120960K), 0.0006400 secs] [Times: user=0.00 sys=0.00, real=0.00 secs] 
64.482: Total time for which application threads were stopped: 0.0007750 seconds, Stopping threads took: 0.0000730 seconds
64.632: Application time: 0.1500410 seconds
64.632: [GC64.632: [DefNew: 35154K->1748K(37568K), 0.0006580 secs] 39601K->6195K(120960K), 0.0006850 secs] [Times: user=0.00 sys=0.00, real=0.00 secs] 
64.633: Total time for which application threads were stopped: 0.0008280 seconds, Stopping threads took: 0.0000920 seconds
64.783: Application time: 0.1503640 seconds
64.783: [GC64.783: [DefNew: 35152K->1748K(37568K), 0.0006260 secs] 39599K->6195K(120960K), 0.0006510 secs] [Times: user=0.00 sys=0.00, real=0.00 secs] 
64.784: Total time for which application threads were stopped: 0.0008020 seconds, Stopping threads took: 0.0001040 seconds
64.934: Application time: 0.1498030 seconds
64.934: [GC64.934: [DefNew: 35152K->1748K(37568K), 0.0006160 secs] 39599K->6195K(120960K), 0.0006410 secs] [Times: user=0.00 sys=0.00, real=0.00 secs] 
64.934: Total time for which application threads were stopped: 0.0007770 seconds, Stopping threads took: 0.0000860 seconds
65.084: Application time: 0.1500610 seconds
65.087: [GC65.087: [DefNew: 35152K->1748K(37568K), 0.0005970 secs] 39599K->6195K(120960K), 0.0006200 secs] [Times: user=0.01 sys=0.00, real=0.00 secs] 
65.087: Total time for which application threads were stopped: 0.0031130 seconds, Stopping threads took: 0.0024350 seconds
65.238: Application time: 0.1501150 seconds
65.238: [GC65.238: [DefNew: 35152K->1748K(37568K), 0.0006420 secs] 39599K->6195K(120960K), 0.0006660 secs] [Times: user=0.00 sys=0.00, real=0.00 secs] 
65.238: Total time for which application threads were stopped: 0.0008170 seconds, Stopping threads took: 0.0001040 seconds
65.352: Application time: 0.1138550 seconds
65.352: [GC65.352: [DefNew: 35155K->1744K(37568K), 0.0006190 secs] 39602K->6191K(120960K), 0.0006460 secs] [Times: user=0.01 sys=0.00, real=0.00 secs] 
65.353: Total time for which application threads were stopped: 0.0008270 seconds, Stopping threads took: 0.0001110 seconds
65.487: Application time: 0.1339550 seconds
65.487: [GC65.487: [DefNew: 35148K->1744K(37568K), 0.0006610 secs] 39595K->6191K(120960K), 0.0015780 secs] [Times: user=0.00 sys=0.00, real=0.00 secs] 
65.489: Total time for which application threads were stopped: 0.0017510 seconds, Stopping threads took: 0.0001170 seconds
65.602: Application time: 0.1127380 seconds
65.602: [GC65.602: [DefNew: 35150K->1749K(37568K), 0.0006610 secs] 39597K->6196K(120960K), 0.0006880 secs] [Times: user=0.01 sys=0.00, real=0.00 secs] 
65.602: Total time for which application threads were stopped: 0.0008460 seconds, Stopping threads took: 0.0000980 seconds
65.709: Application time: 0.1063940 seconds
65.709: [GC65.709: [DefNew: 35157K->1741K(37568K), 0.0006680 secs] 39603K->6187K(120960K), 0.0006950 secs] [Times: user=0.00 sys=0.00, real=0.00 secs] 
65.710: Total time for which application threads were stopped: 0.0008650 seconds, Stopping threads took: 0.0001180 seconds
65.808: Application time: 0.0980140 seconds
65.808: [GC65.808: [DefNew: 35149K->1751K(37568K), 0.0006070 secs] 39595K->6198K(120960K), 0.0006380 secs] [Times: user=0.00 sys=0.00, real=0.00 secs] 
65.808: Total time for which application threads were stopped: 0.0007540 seconds, Stopping threads took: 0.0000700 seconds
65.947: Application time: 0.1387990 seconds
65.947: [GC65.947: [DefNew: 35159K->1749K(37568K), 0.0006320 secs] 39606K->6197K(120960K), 0.0006570 secs] [Times: user=0.00 sys=0.00, real=0.00 secs] 
65.948: Total time for which application threads were stopped: 0.0008210 seconds, Stopping threads took: 0.0000970 seconds
66.093: Application time: 0.1448140 seconds
66.093: [GC66.093: [DefNew: 35156K->1748K(37568K), 0.0006460 secs] 39603K->6196K(120960K), 0.0006750 secs] [Times: user=0.00 sys=0.00, real=0.00 secs] 
66.094: Total time for which application threads were stopped: 0.0008880 seconds, Stopping threads took: 0.0001630 seconds
66.237: Application time: 0.1427910 seconds
66.237: [GC66.237: [DefNew: 35155K->1749K(37568K), 0.0006230 secs] 39602K->6197K(120960K), 0.0006490 secs] [Times: user=0.00 sys=0.00, real=0.00 secs] 
66.237: Total time for which application threads were stopped: 0.0008000 seconds, Stopping threads took: 0.0000900 seconds
66.387: Application time: 0.1499730 seconds
66.388: [GC66.388: [DefNew: 35154K->1748K(37568K), 0.0006380 secs] 39601K->6195K(120960K), 0.0006630 secs] [Times: user=0.01 sys=0.00, real=0.00 secs] 
66.388: Total time for which application threads were stopped: 0.0008910 seconds, Stopping threads took: 0.0001810 seconds
66.538: Application time: 0.1498760 seconds
66.538: [GC66.538: [DefNew: 35152K->1748K(37568K), 0.0006220 secs] 39600K->6195K(120960K), 0.0006470 secs] [Times: user=0.00 sys=0.00, real=0.01 secs] 
66.539: Total time for which application threads were stopped: 0.0009280 seconds, Stopping threads took: 0.0002350 seconds
66.689: Application time: 0.1501420 seconds
66.689: [GC66.689: [DefNew: 35152K->1748K(37568K), 0.0006080 secs] 39600K->6195K(120960K), 0.0006340 secs] [Times: user=0.00 sys=0.00, real=0.00 secs] 
66.690: Total time for which application threads were stopped: 0.0007410 seconds, Stopping threads took: 0.0000560 seconds
66.840: Application time: 0.1503850 seconds
66.841: [GC66.841: [DefNew: 35152K->1748K(37568K), 0.0006040 secs] 39600K->6195K(120960K), 0.0006290 secs] [Times: user=0.00 sys=0.00, real=0.00 secs] 
66.841: Total time for which application threads were stopped: 0.0008480 seconds, Stopping threads took: 0.0001370 seconds
66.982: Application time: 0.1410140 seconds
66.982: [GC66.982: [DefNew: 35154K->1744K(37568K), 0.0006100 secs] 39601K->6191K(120960K), 0.0006360 secs] [Times: user=0.00 sys=0.00, real=0.00 secs] 
66.983: Total time for which application threads were stopped: 0.0007380 seconds, Stopping threads took: 0.0000520 seconds
67.099: Application time: 0.1163770 seconds
67.099: [GC67.099: [DefNew: 35149K->1749K(37568K), 0.0006340 secs] 39596K->6196K(120960K), 0.0006600 secs] [Times: user=0.00 sys=0.00, real=0.00 secs] 
67.100: Total time for which application threads were stopped: 0.0008160 seconds, Stopping threads took: 0.0001080 seconds
67.227: Application time: 0.1267530 seconds
67.227: [GC67.227: [DefNew: 35154K->1740K(37568K), 0.0006040 secs] 39601K->6187K(120960K), 0.0006270 secs] [Times: user=0.01 sys=0.00, real=0.00 secs] 
67.228: Total time for which application threads were stopped: 0.0007170 seconds, Stopping threads took: 0.0000450 seconds
67.352: Application time: 0.1245120 seconds
67.352: [GC67.352: [DefNew: 35143K->1749K(37568K), 0.0006040 secs] 39591K->6196K(120960K), 0.0006270 secs] [Times: user=0.00 sys=0.00, real=0.00 secs] 
67.353: Total time for which application threads were stopped: 0.0007450 seconds, Stopping threads took: 0.0000570 seconds
67.456: Application time: 0.1035090 seconds
67.456: [GC67.456: [DefNew: 35156K->1750K(37568K), 0.0006170 secs] 39603K->6197K(120960K), 0.0006430 secs] [Times: user=0.00 sys=0.00, real=0.00 secs] 
67.457: Total time for which application threads were stopped: 0.0007780 seconds, Stopping threads took: 0.0000840 seconds
67.558: Application time: 0.1007030 seconds
67.558: [GC67.558: [DefNew: 35154K->1751K(37568K), 0.0006130 secs] 39601K->6198K(120960K), 0.0006470 secs] [Times: user=0.00 sys=0.00, real=0.00 secs] 
67.559: Total time for which application threads were stopped: 0.0008360 seconds, Stopping threads took: 0.0001410 seconds
67.698: Application time: 0.1398120 seconds
67.699: [GC67.699: [DefNew: 35155K->1749K(37568K), 0.0006280 secs] 39602K->6197K(120960K), 0.0006550 secs] [Times: user=0.00 sys=0.00, real=0.01 secs] 
67.699: Total time for which application threads were stopped: 0.0007910 seconds, Stopping threads took: 0.0000840 seconds
67.843: Application time: 0.1432930 seconds
67.843: [GC67.843: [DefNew: 35154K->1749K(37568K), 0.0006200 secs] 39601K->6197K(120960K), 0.0006460 secs] [Times: user=0.00 sys=0.00, real=0.00 secs] 
67.843: Total time for which application threads were stopped: 0.0007650 seconds, Stopping threads took: 0.0000670 seconds
67.988: Application time: 0.1451100 seconds
67.989: [GC67.989: [DefNew: 35154K->1749K(37568K), 0.0006050 secs] 39602K->6197K(120960K), 0.0006280 secs] [Times: user=0.00 sys=0.00, real=0.00 secs] 
67.989: Total time for which application threads were stopped: 0.0007460 seconds, Stopping threads took: 0.0000640 seconds
68.139: Application time: 0.1502670 seconds
68.140: [GC68.140: [DefNew: 35153K->1748K(37568K), 0.0006140 secs] 39601K->6196K(120960K), 0.0006400 secs] [Times: user=0.00 sys=0.00, real=0.00 secs] 
68.140: Total time for which application threads were stopped: 0.0007740 seconds, Stopping threads took: 0.0000850 seconds
68.290: Application time: 0.1499700 seconds
68.290: [GC68.290: [DefNew: 35152K->1748K(37568K), 0.0006060 secs] 39600K->6196K(120960K), 0.0006310 secs] [Times: user=0.00 sys=0.00, real=0.00 secs] 
68.291: Total time for which application threads were stopped: 0.0007710 seconds, Stopping threads took: 0.0000940 seconds
68.441: Application time: 0.1502180 seconds
68.441: [GC68.441: [DefNew: 35152K->1748K(37568K), 0.0006080 secs] 39600K->6196K(120960K), 0.0006330 secs] [Times: user=0.00 sys=0.00, real=0.00 secs] 
68.442: Total time for which application threads were stopped: 0.0007320 seconds, Stopping threads took: 0.0000480 seconds
68.592: Application time: 0.1495720 seconds
68.592: [GC68.592: [DefNew: 35152K->1748K(37568K), 0.0006440 secs] 39600K->6196K(120960K), 0.0006710 secs] [Times: user=0.00 sys=0.00, real=0.00 secs] 
68.592: Total time for which application threads were stopped: 0.0008230 seconds, Stopping threads took: 0.0000920 seconds
68.726: Application time: 0.1334280 seconds
68.726: [GC68.726: [DefNew: 35152K->1744K(37568K), 0.0006580 secs] 39600K->6192K(120960K), 0.0006860 secs] [Times: user=0.00 sys=0.00, real=0.00 secs] 
68.727: Total time for which application threads were stopped: 0.0009030 seconds, Stopping threads took: 0.0001440 seconds
68.850: Application time: 0.1229350 seconds
68.850: [GC68.850: [DefNew: 35148K->1749K(37568K), 0.0006420 secs] 39595K->6197K(120960K), 0.0006670 secs] [Times: user=0.00 sys=0.00, real=0.00 secs] 
68.850: Total time for which application threads were stopped: 0.0008440 seconds, Stopping threads took: 0.0001090 seconds
68.966: Application time: 0.1154190 seconds
68.966: [GC68.966: [DefNew: 35154K->1745K(37568K), 0.0006250 secs] 39602K->6193K(120960K), 0.0006500 secs] [Times: user=0.00 sys=0.00, real=0.01 secs] 
68.967: Total time for which application threads were stopped: 0.0008740 seconds, Stopping threads took: 0.0001510 seconds
69.101: Application time: 0.1338700 seconds
69.101: [GC69.101: [DefNew: 35151K->1744K(37568K), 0.0006100 secs] 39599K->6192K(120960K), 0.0006300 secs] [Times: user=0.00 sys=0.00, real=0.00 secs] 
69.101: Total time for which application threads were stopped: 0.0008240 seconds, Stopping threads took: 0.0001190 seconds
69.195: Application time: 0.0938730 seconds
69.195: [GC69.196: [DefNew: 35151K->1528K(37568K), 0.0006500 secs] 39599K->5976K(120960K), 0.0006740 secs] [Times: user=0.00 sys=0.00, real=0.00 secs] 
69.196: Total time for which application threads were stopped: 0.0008500 seconds, Stopping threads took: 0.0001070 seconds
69.306: Application time: 0.1095350 seconds
69.306: [GC69.306: [DefNew: 34933K->1750K(37568K), 0.0006460 secs] 39381K->6198K(120960K), 0.0006810 secs] [Times: user=0.00 sys=0.00, real=0.00 secs] 
69.307: Total time for which application threads were stopped: 0.0008220 seconds, Stopping threads took: 0.0000950 seconds
69.449: Application time: 0.1422050 seconds
69.449: [GC69.449: [DefNew: 35154K->1749K(37568K), 0.0006640 secs] 39602K->6197K(120960K), 0.0006920 secs] [Times: user=0.00 sys=0.00, real=0.00 secs] 
69.450: Total time for which application threads were stopped: 0.0008940 seconds, Stopping threads took: 0.0001500 seconds
69.593: Application time: 0.1433340 seconds
69.593: [GC69.593: [DefNew: 35153K->1749K(37568K), 0.0006030 secs] 39601K->6197K(120960K), 0.0006270 secs] [Times: user=0.00 sys=0.00, real=0.00 secs] 
69.594: Total time for which application threads were stopped: 0.0007870 seconds, Stopping threads took: 0.0000920 seconds
69.740: Application time: 0.1460200 seconds
69.740: [GC69.740: [DefNew: 35152K->1749K(37568K), 0.0006110 secs] 39601K->6197K(120960K), 0.0006320 secs] [Times: user=0.00 sys=0.00, real=0.00 secs] 
69.741: Total time for which application threads were stopped: 0.0007840 seconds, Stopping threads took: 0.0000940 seconds
69.890: Application time: 0.1498750 seconds
69.891: [GC69.891: [DefNew: 35153K->1748K(37568K), 0.0006180 secs] 39602K->6196K(120960K), 0.0006440 secs] [Times: user=0.00 sys=0.00, real=0.00 secs] 
69.891: Total time for which application threads were stopped: 0.0007870 seconds, Stopping threads took: 0.0000920 seconds
70.042: Application time: 0.1504060 seconds
70.042: [GC70.042: [DefNew: 35152K->1748K(37568K), 0.0006130 secs] 39601K->6196K(120960K), 0.0006380 secs] [Times: user=0.00 sys=0.00, real=0.00 secs] 
70.042: Total time for which application threads were stopped: 0.0008360 seconds, Stopping threads took: 0.0001480 seconds
70.194: Application time: 0.1515400 seconds
70.194: [GC70.194: [DefNew: 35152K->1748K(37568K), 0.0006040 secs] 39601K->6196K(120960K), 0.0006310 secs] [Times: user=0.00 sys=0.00, real=0.00 secs] 
70.195: Total time for which application threads were stopped: 0.0008100 seconds, Stopping threads took: 0.0001070 seconds
70.345: Application time: 0.1503700 seconds
70.345: [GC70.345: [DefNew: 35152K->1748K(37568K), 0.0005980 secs] 39601K->6196K(120960K), 0.0006210 secs] [Times: user=0.00 sys=0.00, real=0.00 secs] 
70.346: Total time for which application threads were stopped: 0.0007840 seconds, Stopping threads took: 0.0001050 seconds
70.473: Application time: 0.1269810 seconds
70.473: [GC70.473: [DefNew: 35151K->1749K(37568K), 0.0006150 secs] 39600K->6197K(120960K), 0.0006400 secs] [Times: user=0.00 sys=0.00, real=0.00 secs] 
70.474: Total time for which application threads were stopped: 0.0007610 seconds, Stopping threads took: 0.0000720 seconds
70.602: Application time: 0.1278260 seconds
70.602: [GC70.602: [DefNew: 35156K->1749K(37568K), 0.0006230 secs] 39604K->6197K(120960K), 0.0015450 secs] [Times: user=0.00 sys=0.00, real=0.00 secs] 
70.603: Total time for which application threads were stopped: 0.0016600 seconds, Stopping threads took: 0.0000590 seconds
70.712: Application time: 0.1092230 seconds
70.713: [GC70.713: [DefNew: 35156K->1745K(37568K), 0.0006550 secs] 39604K->6193K(120960K), 0.0006840 secs] [Times: user=0.01 sys=0.00, real=0.00 secs] 
70.713: Total time for which application threads were stopped: 0.0008300 seconds, Stopping threads took: 0.0000960 seconds
70.838: Application time: 0.1251520 seconds
70.839: [GC70.839: [DefNew: 35153K->1741K(37568K), 0.0006240 secs] 39601K->6190K(120960K), 0.0006470 secs] [Times: user=0.00 sys=0.00, real=0.01 secs] 
70.839: Total time for which application threads were stopped: 0.0007630 seconds, Stopping threads took: 0.0000690 seconds
70.933: Application time: 0.0937880 seconds
70.933: [GC70.933: [DefNew: 35147K->1741K(37568K), 0.0006100 secs] 39595K->6190K(120960K), 0.0006330 secs] [Times: user=0.00 sys=0.00, real=0.00 secs] 
70.934: Total time for which application threads were stopped: 0.0007930 seconds, Stopping threads took: 0.0000990 seconds
71.057: Application time: 0.1235870 seconds
71.058: [GC71.058: [DefNew: 35146K->1750K(37568K), 0.0006080 secs] 39594K->6198K(120960K), 0.0006310 secs] [Times: user=0.00 sys=0.00, real=0.00 secs] 
71.058: Total time for which application threads were stopped: 0.0009730 seconds, Stopping threads took: 0.0002740 seconds
71.203: Application time: 0.1449300 seconds
71.203: [GC71.203: [DefNew: 35155K->1748K(37568K), 0.0006150 secs] 39603K->6197K(120960K), 0.0006420 secs] [Times: user=0.00 sys=0.00, real=0.00 secs] 
71.204: Total time for which application threads were stopped: 0.0008050 seconds, Stopping threads took: 0.0001100 seconds
71.345: Application time: 0.1413260 seconds
71.346: Total time for which application threads were stopped: 0.0001170 seconds, Stopping threads took: 0.0000990 seconds
71.346: Application time: 0.0000720 seconds
71.346: [GC71.346: [DefNew: 35208K->1767K(37568K), 0.0006110 secs] 39657K->6216K(120960K), 0.0006340 secs] [Times: user=0.00 sys=0.00, real=0.00 secs] 
71.346: Total time for which application threads were stopped: 0.0007190 seconds, Stopping threads took: 0.0000510 seconds
71.495: Application time: 0.1486190 seconds
71.495: [GC71.495: [DefNew: 35173K->1748K(37568K), 0.0005950 secs] 39622K->6197K(120960K), 0.0006180 secs] [Times: user=0.00 sys=0.00, real=0.00 secs] 
71.496: Total time for which application threads were stopped: 0.0007190 seconds, Stopping threads took: 0.0000410 seconds
71.646: Application time: 0.1502940 seconds
71.646: [GC71.646: [DefNew: 35153K->1748K(37568K), 0.0006130 secs] 39602K->6197K(120960K), 0.0006440 secs] [Times: user=0.00 sys=0.00, real=0.01 secs] 
71.647: Total time for which application threads were stopped: 0.0007750 seconds, Stopping threads took: 0.0000810 seconds
71.797: Application time: 0.1502620 seconds
71.797: [GC71.797: [DefNew: 35152K->1748K(37568K), 0.0005920 secs] 39601K->6197K(120960K), 0.0006130 secs] [Times: user=0.00 sys=0.00, real=0.00 secs] 
71.798: Total time for which application threads were stopped: 0.0007620 seconds, Stopping threads took: 0.0001040 seconds
71.948: Application time: 0.1500670 seconds
71.948: [GC71.948: [DefNew: 35152K->1748K(37568K), 0.0006210 secs] 39601K->6197K(120960K), 0.0006460 secs] [Times: user=0.00 sys=0.00, real=0.00 secs] 
71.949: Total time for which application threads were stopped: 0.0007670 seconds, Stopping threads took: 0.0000690 seconds
72.098: Application time: 0.1498630 seconds
72.099: [GC72.099: [DefNew: 35152K->1748K(37568K), 0.0005920 secs] 39601K->6197K(120960K), 0.0006150 secs] [Times: user=0.00 sys=0.00, real=0.01 secs] 
72.099: Total time for which application threads were stopped: 0.0007270 seconds, Stopping threads took: 0.0000560 seconds
72.215: Application time: 0.1158860 seconds
72.215: [GC72.215: [DefNew: 35152K->1744K(37568K), 0.0006560 secs] 39601K->6193K(120960K), 0.0006850 secs] [Times: user=0.00 sys=0.00, real=0.00 secs] 
72.216: Total time for which application threads were stopped: 0.0008120 seconds, Stopping threads took: 0.0000770 seconds
72.351: Application time: 0.1350610 seconds
72.351: [GC72.351: [DefNew: 35152K->1744K(37568K), 0.0006030 secs] 39601K->6193K(120960K), 0.0006300 secs] [Times: user=0.01 sys=0.00, real=0.00 secs] 
72.352: Total time for which application threads were stopped: 0.0007620 seconds, Stopping threads took: 0.0000810 seconds
72.462: Application time: 0.1107050 seconds
72.463: [GC72.463: [DefNew: 35151K->1749K(37568K), 0.0006730 secs] 39600K->6198K(120960K), 0.0007010 secs] [Times: user=0.00 sys=0.00, real=0.00 secs] 
72.463: Total time for which application threads were stopped: 0.0008420 seconds, Stopping threads took: 0.0000890 seconds
72.576: Application time: 0.1125980 seconds
72.576: [GC72.576: [DefNew: 35155K->1741K(37568K), 0.0006340 secs] 39604K->6190K(120960K), 0.0006580 secs] [Times: user=0.00 sys=0.00, real=0.00 secs] 
72.577: Total time for which application threads were stopped: 0.0007700 seconds, Stopping threads took: 0.0000650 seconds
72.673: Application time: 0.0966280 seconds
72.673: [GC72.673: [DefNew: 35146K->1746K(37568K), 0.0006250 secs] 39595K->6195K(120960K), 0.0006590 secs] [Times: user=0.00 sys=0.00, real=0.00 secs] 
72.674: Total time for which application threads were stopped: 0.0007910 seconds, Stopping threads took: 0.0000750 seconds
72.809: Application time: 0.1351600 seconds
72.809: [GC72.809: [DefNew: 35151K->1749K(37568K), 0.0006030 secs] 39600K->6199K(120960K), 0.0006250 secs] [Times: user=0.00 sys=0.00, real=0.00 secs] 
72.810: Total time for which application threads were stopped: 0.0007440 seconds, Stopping threads took: 0.0000720 seconds
72.954: Application time: 0.1444690 seconds
72.955: [GC72.955: [DefNew: 35156K->1748K(37568K), 0.0006620 secs] 39605K->6198K(120960K), 0.0006900 secs] [Times: user=0.00 sys=0.00, real=0.00 secs] 
72.955: Total time for which application threads were stopped: 0.0008390 seconds, Stopping threads took: 0.0000780 seconds
73.096: Application time: 0.1410920 seconds
73.097: [GC73.097: [DefNew: 35153K->1750K(37568K), 0.0006210 secs] 39603K->6199K(120960K), 0.0006470 secs] [Times: user=0.01 sys=0.00, real=0.00 secs] 
73.097: Total time for which application threads were stopped: 0.0007910 seconds, Stopping threads took: 0.0000930 seconds
73.248: Application time: 0.1505850 seconds
73.248: [GC73.248: [DefNew: 35157K->1748K(37568K), 0.0006240 secs] 39606K->6197K(120960K), 0.0006490 secs] [Times: user=0.00 sys=0.00, real=0.00 secs] 
73.249: Total time for which application threads were stopped: 0.0007930 seconds, Stopping threads took: 0.0000870 seconds
73.398: Application time: 0.1496870 seconds
73.398: [GC73.398: [DefNew: 35152K->1748K(37568K), 0.0006630 secs] 39602K->6197K(120960K), 0.0006910 secs] [Times: user=0.00 sys=0.00, real=0.01 secs] 
73.399: Total time for which application threads were stopped: 0.0008360 seconds, Stopping threads took: 0.0000930 seconds
73.549: Application time: 0.1501220 seconds
73.549: [GC73.549: [DefNew: 35152K->1748K(37568K), 0.0006210 secs] 39602K->6197K(120960K), 0.0006450 secs] [Times: user=0.00 sys=0.00, real=0.00 secs] 
73.550: Total time for which application threads were stopped: 0.0007710 seconds, Stopping threads took: 0.0000760 seconds
73.700: Application time: 0.1496840 seconds
73.703: [GC73.703: [DefNew: 35152K->1748K(37568K), 0.0006470 secs] 39602K->6197K(120960K), 0.0006730 secs] [Times: user=0.00 sys=0.00, real=0.00 secs] 
73.704: Total time for which application threads were stopped: 0.0039430 seconds, Stopping threads took: 0.0032200 seconds
73.850: Application time: 0.1466560 seconds
73.850: [GC73.850: [DefNew: 35155K->1743K(37568K), 0.0006170 secs] 39604K->6193K(120960K), 0.0006430 secs] [Times: user=0.00 sys=0.00, real=0.00 secs] 
73.851: Total time for which application threads were stopped: 0.0008000 seconds, Stopping threads took: 0.0000970 seconds
73.962: Application time: 0.1106320 seconds
73.962: [GC73.962: [DefNew: 35150K->1749K(37568K), 0.0006540 secs] 39599K->6199K(120960K), 0.0006810 secs] [Times: user=0.00 sys=0.00, real=0.00 secs] 
73.963: Total time for which application threads were stopped: 0.0008260 seconds, Stopping threads took: 0.0000960 seconds
74.095: Application time: 0.1328780 seconds
74.096: [GC74.096: [DefNew: 35155K->1744K(37568K), 0.0006050 secs] 39605K->6194K(120960K), 0.0006270 secs] [Times: user=0.00 sys=0.00, real=0.00 secs] 
74.096: Total time for which application threads were stopped: 0.0007200 seconds, Stopping threads took: 0.0000470 seconds
74.216: Application time: 0.1199840 seconds
74.216: [GC74.216: [DefNew: 35148K->1749K(37568K), 0.0006320 secs] 39597K->6199K(120960K), 0.0006560 secs] [Times: user=0.01 sys=0.00, real=0.00 secs] 
74.217: Total time for which application threads were stopped: 0.0009340 seconds, Stopping threads took: 0.0002100 seconds
74.321: Application time: 0.1042050 seconds
74.321: [GC74.321: [DefNew: 35155K->1750K(37568K), 0.0006120 secs] 39605K->6200K(120960K), 0.0006370 secs] [Times: user=0.00 sys=0.00, real=0.00 secs] 
74.322: Total time for which application threads were stopped: 0.0008120 seconds, Stopping threads took: 0.0001020 seconds
74.423: Application time: 0.1006260 seconds
74.423: [GC74.423: [DefNew: 35155K->1751K(37568K), 0.0006050 secs] 39605K->6200K(120960K), 0.0006400 secs] [Times: user=0.00 sys=0.00, real=0.00 secs] 
74.424: Total time for which application threads were stopped: 0.0008010 seconds, Stopping threads took: 0.0001050 seconds
74.563: Application time: 0.1396550 seconds
74.563: [GC74.563: [DefNew: 35159K->1749K(37568K), 0.0006210 secs] 39608K->6199K(120960K), 0.0006480 secs] [Times: user=0.00 sys=0.00, real=0.00 secs] 
74.564: Total time for which application threads were stopped: 0.0007900 seconds, Stopping threads took: 0.0000920 seconds
74.707: Application time: 0.1435100 seconds
74.711: [GC74.711: [DefNew: 35156K->1749K(37568K), 0.0006120 secs] 39605K->6199K(120960K), 0.0006360 secs] [Times: user=0.00 sys=0.00, real=0.00 secs] 
74.711: Total time for which application threads were stopped: 0.0039710 seconds, Stopping threads took: 0.0032870 seconds
74.856: Application time: 0.1449460 seconds
74.857: [GC74.857: [DefNew: 35153K->1749K(37568K), 0.0006200 secs] 39603K->6199K(120960K), 0.0006450 secs] [Times: user=0.00 sys=0.00, real=0.00 secs] 
74.857: Total time for which application threads were stopped: 0.0007760 seconds, Stopping threads took: 0.0000820 seconds
75.007: Application time: 0.1501220 seconds
75.007: [GC75.007: [DefNew: 35153K->1748K(37568K), 0.0005960 secs] 39603K->6198K(120960K), 0.0006200 secs] [Times: user=0.00 sys=0.00, real=0.00 secs] 
75.008: Total time for which application threads were stopped: 0.0007330 seconds, Stopping threads took: 0.0000570 seconds
75.158: Application time: 0.1503150 seconds
75.158: [GC75.158: [DefNew: 35152K->1748K(37568K), 0.0006100 secs] 39603K->6198K(120960K), 0.0006360 secs] [Times: user=0.00 sys=0.00, real=0.01 secs] 
75.159: Total time for which application threads were stopped: 0.0007450 seconds, Stopping threads took: 0.0000590 seconds
75.310: Application time: 0.1504350 seconds
75.310: [GC75.310: [DefNew: 35152K->1748K(37568K), 0.0005890 secs] 39603K->6198K(120960K), 0.0006100 secs] [Times: user=0.00 sys=0.00, real=0.00 secs] 
75.310: Total time for which application threads were stopped: 0.0007540 seconds, Stopping threads took: 0.0000990 seconds
75.461: Application time: 0.1504200 seconds
75.461: [GC75.461: [DefNew: 35152K->1748K(37568K), 0.0006010 secs] 39603K->6198K(120960K), 0.0006220 secs] [Times: user=0.00 sys=0.00, real=0.00 secs] 
75.462: Total time for which application threads were stopped: 0.0008010 seconds, Stopping threads took: 0.0001110 seconds
75.598: Application time: 0.1366990 seconds
75.598: [GC75.598: [DefNew: 35153K->1744K(37568K), 0.0006060 secs] 39603K->6194K(120960K), 0.0006360 secs] [Times: user=0.00 sys=0.00, real=0.01 secs] 
75.599: Total time for which application threads were stopped: 0.0007990 seconds, Stopping threads took: 0.0000910 seconds
75.719: Application time: 0.1198210 seconds
75.719: [GC75.719: [DefNew: 35150K->1749K(37568K), 0.0006350 secs] 39600K->6199K(120960K), 0.0006600 secs] [Times: user=0.00 sys=0.00, real=0.00 secs] 
75.720: Total time for which application threads were stopped: 0.0008290 seconds, Stopping threads took: 0.0001210 seconds
75.843: Application time: 0.1237420 seconds
75.844: [GC75.844: [DefNew: 35156K->1745K(37568K), 0.0006010 secs] 39606K->6195K(120960K), 0.0006240 secs] [Times: user=0.00 sys=0.00, real=0.00 secs] 
75.844: Total time for which application threads were stopped: 0.0007200 seconds, Stopping threads took: 0.0000490 seconds
75.971: Application time: 0.1270420 seconds
75.971: [GC75.971: [DefNew: 35150K->1749K(37568K), 0.0006000 secs] 39600K->6199K(120960K), 0.0006250 secs] [Times: user=0.00 sys=0.00, real=0.00 secs] 
75.972: Total time for which application threads were stopped: 0.0007660 seconds, Stopping threads took: 0.0000910 seconds
76.069: Application time: 0.0967960 seconds
76.069: [GC76.069: [DefNew: 35155K->1746K(37568K), 0.0006170 secs] 39605K->6196K(120960K), 0.0006410 secs] [Times: user=0.00 sys=0.00, real=0.00 secs] 
76.070: Total time for which application threads were stopped: 0.0007750 seconds, Stopping threads took: 0.0000750 seconds
76.176: Application time: 0.1066620 seconds
76.176: [GC76.176: [DefNew: 35154K->1750K(37568K), 0.0005730 secs] 39604K->6200K(120960K), 0.0005950 secs] [Times: user=0.00 sys=0.00, real=0.00 secs] 
76.177: Total time for which application threads were stopped: 0.0007030 seconds, Stopping threads took: 0.0000540 seconds
76.318: Application time: 0.1407700 seconds
76.318: [GC76.318: [DefNew: 35156K->1749K(37568K), 0.0006050 secs] 39606K->6200K(120960K), 0.0006280 secs] [Times: user=0.00 sys=0.00, real=0.00 secs] 
76.318: Total time for which application threads were stopped: 0.0007590 seconds, Stopping threads took: 0.0000760 seconds
76.462: Application time: 0.1431170 seconds
76.462: [GC76.462: [DefNew: 35155K->1749K(37568K), 0.0006160 secs] 39606K->6199K(120960K), 0.0006410 secs] [Times: user=0.00 sys=0.00, real=0.00 secs] 
76.462: Total time for which application threads were stopped: 0.0007690 seconds, Stopping threads took: 0.0000780 seconds
76.608: Application time: 0.1453330 seconds
76.608: [GC76.608: [DefNew: 35152K->1749K(37568K), 0.0006060 secs] 39603K->6199K(120960K), 0.0006290 secs] [Times: user=0.00 sys=0.00, real=0.00 secs] 
76.608: Total time for which application threads were stopped: 0.0008120 seconds, Stopping threads took: 0.0001350 seconds
76.759: Application time: 0.1503390 seconds
76.759: [GC76.759: [DefNew: 35153K->1748K(37568K), 0.0006010 secs] 39604K->6198K(120960K), 0.0006210 secs] [Times: user=0.00 sys=0.00, real=0.00 secs] 
76.760: Total time for which application threads were stopped: 0.0007680 seconds, Stopping threads took: 0.0000910 seconds
76.910: Application time: 0.1499450 seconds
76.910: [GC76.910: [DefNew: 35152K->1748K(37568K), 0.0006430 secs] 39603K->6198K(120960K), 0.0006720 secs] [Times: user=0.00 sys=0.00, real=0.00 secs] 
76.910: Total time for which application threads were stopped: 0.0008560 seconds, Stopping threads took: 0.0001340 seconds
77.061: Application time: 0.1504110 seconds
77.061: [GC77.061: [DefNew: 35152K->1748K(37568K), 0.0006050 secs] 39603K->6198K(120960K), 0.0006290 secs] [Times: user=0.00 sys=0.00, real=0.00 secs] 
77.062: Total time for which application threads were stopped: 0.0007270 seconds, Stopping threads took: 0.0000490 seconds
77.211: Application time: 0.1499030 seconds
77.212: [GC77.212: [DefNew: 35152K->1748K(37568K), 0.0006120 secs] 39603K->6198K(120960K), 0.0006390 secs] [Times: user=0.00 sys=0.00, real=0.00 secs] 
77.212: Total time for which application threads were stopped: 0.0007840 seconds, Stopping threads took: 0.0000920 seconds
77.341: Application time: 0.1292320 seconds
77.342: [GC77.342: [DefNew: 35151K->1748K(37568K), 0.0006120 secs] 39602K->6199K(120960K), 0.0006380 secs] [Times: user=0.00 sys=0.00, real=0.00 secs] 
77.342: Total time for which application threads were stopped: 0.0007900 seconds, Stopping threads took: 0.0000900 seconds
77.468: Application time: 0.1257590 seconds
77.468: [GC77.468: [DefNew: 35154K->1749K(37568K), 0.0006220 secs] 39604K->6200K(120960K), 0.0006490 secs] [Times: user=0.00 sys=0.00, real=0.00 secs] 
77.469: Total time for which application threads were stopped: 0.0007950 seconds, Stopping threads took: 0.0000960 seconds
77.583: Application time: 0.1140610 seconds
77.583: [GC77.583: [DefNew: 35156K->1745K(37568K), 0.0006090 secs] 39607K->6195K(120960K), 0.0006330 secs] [Times: user=0.00 sys=0.00, real=0.00 secs] 
77.584: Total time for which application threads were stopped: 0.0007990 seconds, Stopping threads took: 0.0001060 seconds
77.710: Application time: 0.1268330 seconds
77.711: [GC77.711: [DefNew: 35151K->1741K(37568K), 0.0006080 secs] 39602K->6191K(120960K), 0.0006320 secs] [Times: user=0.00 sys=0.00, real=0.00 secs] 
77.711: Total time for which application threads were stopped: 0.0007430 seconds, Stopping threads took: 0.0000660 seconds
77.809: Application time: 0.0975290 seconds
77.809: [GC77.809: [DefNew: 35148K->1746K(37568K), 0.0006140 secs] 39599K->6196K(120960K), 0.0006390 secs] [Times: user=0.00 sys=0.00, real=0.00 secs] 
77.810: Total time for which application threads were stopped: 0.0008470 seconds, Stopping threads took: 0.0001290 seconds
77.925: Application time: 0.1153150 seconds
77.927: [GC77.927: [DefNew: 35152K->1750K(37568K), 0.0006620 secs] 39603K->6201K(120960K), 0.0006880 secs] [Times: user=0.00 sys=0.00, real=0.00 secs] 
77.928: Total time for which application threads were stopped: 0.0028110 seconds, Stopping threads took: 0.0020630 seconds
78.070: Application time: 0.1426260 seconds
78.071: [GC78.071: [DefNew: 35154K->1749K(37568K), 0.0006670 secs] 39605K->6200K(120960K), 0.0006950 secs] [Times: user=0.00 sys=0.00, real=0.00 secs] 
78.071: Total time for which application threads were stopped: 0.0009180 seconds, Stopping threads took: 0.0001720 seconds
78.214: Application time: 0.1430740 seconds
78.215: [GC78.215: [DefNew: 35155K->1749K(37568K), 0.0006160 secs] 39606K->6200K(120960K), 0.0006420 secs] [Times: user=0.00 sys=0.00, real=0.00 secs] 
78.215: Total time for which application threads were stopped: 0.0008520 seconds, Stopping threads took: 0.0001600 seconds
78.362: Application time: 0.1469310 seconds
78.362: [GC78.362: [DefNew: 35157K->1748K(37568K), 0.0006310 secs] 39608K->6200K(120960K), 0.0006560 secs] [Times: user=0.00 sys=0.00, real=0.00 secs] 
78.363: Total time for which application threads were stopped: 0.0007820 seconds, Stopping threads took: 0.0000760 seconds
78.513: Application time: 0.1499340 seconds
78.513: [GC78.513: [DefNew: 35153K->1748K(37568K), 0.0005910 secs] 39604K->6199K(120960K), 0.0006130 secs] [Times: user=0.00 sys=0.00, real=0.00 secs] 
78.514: Total time for which application threads were stopped: 0.0007080 seconds, Stopping threads took: 0.0000410 seconds
78.663: Application time: 0.1498290 seconds
78.664: [GC78.664: [DefNew: 35152K->1748K(37568K), 0.0005870 secs] 39604K->6199K(120960K), 0.0006100 secs] [Times: user=0.00 sys=0.00, real=0.00 secs] 
78.664: Total time for which application threads were stopped: 0.0007420 seconds, Stopping threads took: 0.0000760 seconds
78.815: Application time: 0.1504470 seconds
78.815: [GC78.815: [DefNew: 35152K->1748K(37568K), 0.0005790 secs] 39604K->6199K(120960K), 0.0005960 secs] [Times: user=0.00 sys=0.00, real=0.00 secs] 
78.815: Total time for which application threads were stopped: 0.0006880 seconds, Stopping threads took: 0.0000460 seconds
78.966: Application time: 0.1502510 seconds
78.966: [GC78.966: [DefNew: 35152K->1748K(37568K), 0.0006070 secs] 39604K->6199K(120960K), 0.0006310 secs] [Times: user=0.00 sys=0.00, real=0.00 secs] 
78.966: Total time for which application threads were stopped: 0.0008600 seconds, Stopping threads took: 0.0001560 seconds
79.085: Application time: 0.1190490 seconds
79.086: [GC79.086: [DefNew: 35154K->1744K(37568K), 0.0006140 secs] 39606K->6196K(120960K), 0.0006370 secs] [Times: user=0.00 sys=0.00, real=0.00 secs] 
79.086: Total time for which application threads were stopped: 0.0008140 seconds, Stopping threads took: 0.0001160 seconds
79.221: Application time: 0.1350540 seconds
79.221: [GC79.221: [DefNew: 35149K->1744K(37568K), 0.0006340 secs] 39600K->6195K(120960K), 0.0006590 secs] [Times: user=0.00 sys=0.00, real=0.00 secs] 
79.222: Total time for which application threads were stopped: 0.0007830 seconds, Stopping threads took: 0.0000770 seconds
79.330: Application time: 0.1083030 seconds
79.331: [GC79.331: [DefNew: 35149K->1749K(37568K), 0.0006090 secs] 39600K->6200K(120960K), 0.0006350 secs] [Times: user=0.00 sys=0.00, real=0.00 secs] 
79.331: Total time for which application threads were stopped: 0.0007550 seconds, Stopping threads took: 0.0000710 seconds
79.448: Application time: 0.1163550 seconds
79.448: [GC79.448: [DefNew: 35156K->1741K(37568K), 0.0006660 secs] 39607K->6192K(120960K), 0.0006940 secs] [Times: user=0.00 sys=0.00, real=0.00 secs] 
79.448: Total time for which application threads were stopped: 0.0008420 seconds, Stopping threads took: 0.0000980 seconds
79.547: Application time: 0.0987820 seconds
79.547: [GC79.547: [DefNew: 35148K->1582K(37568K), 0.0006450 secs] 39599K->6033K(120960K), 0.0006690 secs] [Times: user=0.00 sys=0.00, real=0.00 secs] 
79.548: Total time for which application threads were stopped: 0.0008840 seconds, Stopping threads took: 0.0001470 seconds
79.677: Application time: 0.1285420 seconds
79.677: [GC79.677: [DefNew: 34989K->1749K(37568K), 0.0006280 secs] 39441K->6201K(120960K), 0.0006540 secs] [Times: user=0.00 sys=0.00, real=0.00 secs] 
79.677: Total time for which application threads were stopped: 0.0008420 seconds, Stopping threads took: 0.0001090 seconds
79.822: Application time: 0.1441120 seconds
79.822: [GC79.822: [DefNew: 35156K->1748K(37568K), 0.0006040 secs] 39608K->6200K(120960K), 0.0006280 secs] [Times: user=0.00 sys=0.00, real=0.00 secs] 
79.822: Total time for which application threads were stopped: 0.0007950 seconds, Stopping threads took: 0.0001230 seconds
79.964: Application time: 0.1415730 seconds
79.964: [GC79.964: [DefNew: 35156K->1749K(37568K), 0.0005880 secs] 39608K->6201K(120960K), 0.0006110 secs] [Times: user=0.00 sys=0.00, real=0.00 secs] 
79.965: Total time for which application threads were stopped: 0.0008420 seconds, Stopping threads took: 0.0001860 seconds
80.114: Application time: 0.1489810 seconds
80.115: [GC80.115: [DefNew: 35156K->1748K(37568K), 0.0006080 secs] 39607K->6200K(120960K), 0.0006350 secs] [Times: user=0.00 sys=0.00, real=0.00 secs] 
80.116: Total time for which application threads were stopped: 0.0018390 seconds, Stopping threads took: 0.0011540 seconds
80.266: Application time: 0.1505920 seconds
80.266: [GC80.266: [DefNew: 35153K->1748K(37568K), 0.0006060 secs] 39604K->6200K(120960K), 0.0006300 secs] [Times: user=0.00 sys=0.00, real=0.01 secs] 
80.267: Total time for which application threads were stopped: 0.0007390 seconds, Stopping threads took: 0.0000510 seconds
80.417: Application time: 0.1498480 seconds
80.417: [GC80.417: [DefNew: 35152K->1748K(37568K), 0.0006100 secs] 39604K->6200K(120960K), 0.0006360 secs] [Times: user=0.00 sys=0.00, real=0.00 secs] 
80.418: Total time for which application threads were stopped: 0.0008210 seconds, Stopping threads took: 0.0001120 seconds
80.568: Application time: 0.1500770 seconds
80.568: [GC80.568: [DefNew: 35152K->1748K(37568K), 0.0006000 secs] 39604K->6200K(120960K), 0.0006240 secs] [Times: user=0.00 sys=0.00, real=0.00 secs] 
80.568: Total time for which application threads were stopped: 0.0007590 seconds, Stopping threads took: 0.0000680 seconds
80.718: Application time: 0.1495140 seconds
80.718: [GC80.718: [DefNew: 35152K->1748K(37568K), 0.0006050 secs] 39604K->6200K(120960K), 0.0016220 secs] [Times: user=0.00 sys=0.00, real=0.01 secs] 
80.720: Total time for which application threads were stopped: 0.0017900 seconds, Stopping threads took: 0.0000940 seconds
80.829: Application time: 0.1093020 seconds
80.829: [GC80.829: [DefNew: 35156K->1620K(37568K), 0.0006050 secs] 39608K->6072K(120960K), 0.0006310 secs] [Times: user=0.00 sys=0.00, real=0.00 secs] 
80.830: Total time for which application threads were stopped: 0.0007940 seconds, Stopping threads took: 0.0000960 seconds
80.963: Application time: 0.1329310 seconds
80.963: [GC80.963: [DefNew: 35025K->1744K(37568K), 0.0006520 secs] 39477K->6196K(120960K), 0.0006790 secs] [Times: user=0.00 sys=0.00, real=0.00 secs] 
80.964: Total time for which application threads were stopped: 0.0008570 seconds, Stopping threads took: 0.0001060 seconds
81.081: Application time: 0.1173100 seconds
81.081: [GC81.081: [DefNew: 35152K->1749K(37568K), 0.0005930 secs] 39604K->6201K(120960K), 0.0006150 secs] [Times: user=0.00 sys=0.00, real=0.00 secs] 
81.082: Total time for which application threads were stopped: 0.0007080 seconds, Stopping threads took: 0.0000470 seconds
81.185: Application time: 0.1037910 seconds
81.186: [GC81.186: [DefNew: 35157K->1750K(37568K), 0.0006220 secs] 39609K->6202K(120960K), 0.0006480 secs] [Times: user=0.00 sys=0.00, real=0.00 secs] 
81.186: Total time for which application threads were stopped: 0.0008970 seconds, Stopping threads took: 0.0001780 seconds
81.290: Application time: 0.1033640 seconds
81.290: [GC81.290: [DefNew: 35154K->1746K(37568K), 0.0006090 secs] 39606K->6198K(120960K), 0.0006410 secs] [Times: user=0.01 sys=0.00, real=0.00 secs] 
81.290: Total time for which application threads were stopped: 0.0007490 seconds, Stopping threads took: 0.0000600 seconds
81.428: Application time: 0.1373290 seconds
81.428: [GC81.428: [DefNew: 35154K->1749K(37568K), 0.0006170 secs] 39605K->6202K(120960K), 0.0006420 secs] [Times: user=0.00 sys=0.00, real=0.00 secs] 
81.429: Total time for which application threads were stopped: 0.0008160 seconds, Stopping threads took: 0.0001130 seconds
81.572: Application time: 0.1429970 seconds
81.572: [GC81.572: [DefNew: 35156K->1749K(37568K), 0.0006530 secs] 39608K->6201K(120960K), 0.0006790 secs] [Times: user=0.00 sys=0.00, real=0.00 secs] 
81.572: Total time for which application threads were stopped: 0.0008390 seconds, Stopping threads took: 0.0001100 seconds
81.716: Application time: 0.1435560 seconds
81.716: [GC81.716: [DefNew: 35155K->1749K(37568K), 0.0006090 secs] 39607K->6201K(120960K), 0.0006330 secs] [Times: user=0.00 sys=0.00, real=0.00 secs] 
81.717: Total time for which application threads were stopped: 0.0007620 seconds, Stopping threads took: 0.0000810 seconds
81.867: Application time: 0.1499300 seconds
81.867: [GC81.867: [DefNew: 35154K->1748K(37568K), 0.0005970 secs] 39606K->6200K(120960K), 0.0006190 secs] [Times: user=0.00 sys=0.00, real=0.00 secs] 
81.867: Total time for which application threads were stopped: 0.0007550 seconds, Stopping threads took: 0.0000870 seconds
82.017: Application time: 0.1495290 seconds
82.017: [GC82.017: [DefNew: 35152K->1748K(37568K), 0.0006250 secs] 39605K->6200K(120960K), 0.0006490 secs] [Times: user=0.00 sys=0.00, real=0.00 secs] 
82.018: Total time for which application threads were stopped: 0.0007850 seconds, Stopping threads took: 0.0000790 seconds
82.168: Application time: 0.1500880 seconds
82.168: [GC82.168: [DefNew: 35152K->1748K(37568K), 0.0005550 secs] 39605K->6200K(120960K), 0.0005790 secs] [Times: user=0.00 sys=0.00, real=0.00 secs] 
82.169: Total time for which application threads were stopped: 0.0006710 seconds, Stopping threads took: 0.0000460 seconds
82.319: Application time: 0.1503110 seconds
82.319: [GC82.319: [DefNew: 35152K->1748K(37568K), 0.0005970 secs] 39605K->6200K(120960K), 0.0006220 secs] [Times: user=0.00 sys=0.00, real=0.00 secs] 
82.320: Total time for which application threads were stopped: 0.0007450 seconds, Stopping threads took: 0.0000730 seconds
82.460: Application time: 0.1406210 seconds
82.460: [GC82.460: [DefNew: 35151K->1744K(37568K), 0.0005900 secs] 39604K->6196K(120960K), 0.0006150 secs] [Times: user=0.00 sys=0.00, real=0.00 secs] 
82.461: Total time for which application threads were stopped: 0.0007020 seconds, Stopping threads took: 0.0000360 seconds
82.577: Application time: 0.1158820 seconds
82.577: [GC82.577: [DefNew: 35152K->1749K(37568K), 0.0005950 secs] 39604K->6201K(120960K), 0.0006190 secs] [Times: user=0.00 sys=0.00, real=0.00 secs] 
82.578: Total time for which application threads were stopped: 0.0007670 seconds, Stopping threads took: 0.0000920 seconds
82.704: Application time: 0.1269000 seconds
82.705: [GC82.705: [DefNew: 35155K->1749K(37568K), 0.0006170 secs] 39607K->6201K(120960K), 0.0006370 secs] [Times: user=0.00 sys=0.00, real=0.00 secs] 
82.705: Total time for which application threads were stopped: 0.0007570 seconds, Stopping threads took: 0.0000740 seconds
82.829: Application time: 0.1240900 seconds
82.829: [GC82.829: [DefNew: 35153K->1749K(37568K), 0.0005890 secs] 39605K->6201K(120960K), 0.0006120 secs] [Times: user=0.00 sys=0.00, real=0.00 secs] 
82.830: Total time for which application threads were stopped: 0.0007370 seconds, Stopping threads took: 0.0000790 seconds
82.933: Application time: 0.1028000 seconds
82.933: [GC82.933: [DefNew: 35153K->1750K(37568K), 0.0006590 secs] 39605K->6203K(120960K), 0.0006860 secs] [Times: user=0.00 sys=0.00, real=0.00 secs] 
82.934: Total time for which application threads were stopped: 0.0008150 seconds, Stopping threads took: 0.0000610 seconds
83.036: Application time: 0.1023490 seconds
83.036: [GC83.036: [DefNew: 35155K->1750K(37568K), 0.0005550 secs] 39608K->6203K(120960K), 0.0005790 secs] [Times: user=0.01 sys=0.00, real=0.00 secs] 
83.037: Total time for which application threads were stopped: 0.0007800 seconds, Stopping threads took: 0.0001550 seconds
83.176: Application time: 0.1395470 seconds
83.176: [GC83.177: [DefNew: 35156K->1749K(37568K), 0.0005970 secs] 39608K->6202K(120960K), 0.0006220 secs] [Times: user=0.00 sys=0.00, real=0.00 secs] 
83.177: Total time for which application threads were stopped: 0.0007650 seconds, Stopping threads took: 0.0000850 seconds
83.321: Application time: 0.1436170 seconds
83.321: [GC83.321: [DefNew: 35153K->1749K(37568K), 0.0005930 secs] 39606K->6202K(120960K), 0.0006150 secs] [Times: user=0.00 sys=0.00, real=0.00 secs] 
83.321: Total time for which application threads were stopped: 0.0007330 seconds, Stopping threads took: 0.0000720 seconds
83.467: Application time: 0.1453610 seconds
83.467: [GC83.467: [DefNew: 35153K->1749K(37568K), 0.0006600 secs] 39606K->6202K(120960K), 0.0006860 secs] [Times: user=0.00 sys=0.00, real=0.00 secs] 
83.468: Total time for which application threads were stopped: 0.0008250 seconds, Stopping threads took: 0.0000880 seconds
83.618: Application time: 0.1502810 seconds
83.618: [GC83.618: [DefNew: 35153K->1748K(37568K), 0.0006080 secs] 39606K->6201K(120960K), 0.0006340 secs] [Times: user=0.00 sys=0.00, real=0.00 secs] 
83.619: Total time for which application threads were stopped: 0.0007440 seconds, Stopping threads took: 0.0000580 seconds
83.769: Application time: 0.1502060 seconds
83.769: [GC83.769: [DefNew: 35155K->1748K(37568K), 0.0006060 secs] 39608K->6201K(120960K), 0.0006300 secs] [Times: user=0.00 sys=0.00, real=0.00 secs] 
83.770: Total time for which application threads were stopped: 0.0007400 seconds, Stopping threads took: 0.0000480 seconds
83.920: Application time: 0.1500190 seconds
83.920: [GC83.920: [DefNew: 35152K->1748K(37568K), 0.0006010 secs] 39605K->6201K(120960K), 0.0006250 secs] [Times: user=0.00 sys=0.00, real=0.00 secs] 
83.920: Total time for which application threads were stopped: 0.0007790 seconds, Stopping threads took: 0.0001080 seconds
84.071: Application time: 0.1508360 seconds
84.071: [GC84.071: [DefNew: 35152K->1748K(37568K), 0.0005980 secs] 39605K->6201K(120960K), 0.0006210 secs] [Times: user=0.00 sys=0.00, real=0.00 secs] 
84.072: Total time for which application threads were stopped: 0.0007900 seconds, Stopping threads took: 0.0001020 seconds
84.205: Application time: 0.1324450 seconds
84.205: [GC84.205: [DefNew: 35154K->1744K(37568K), 0.0006080 secs] 39607K->6197K(120960K), 0.0006340 secs] [Times: user=0.00 sys=0.00, real=0.00 secs] 
84.205: Total time for which application threads were stopped: 0.0007600 seconds, Stopping threads took: 0.0000750 seconds
84.329: Application time: 0.1240500 seconds
84.329: [GC84.329: [DefNew: 35150K->1749K(37568K), 0.0006190 secs] 39603K->6202K(120960K), 0.0006460 secs] [Times: user=0.00 sys=0.00, real=0.00 secs] 
84.330: Total time for which application threads were stopped: 0.0007940 seconds, Stopping threads took: 0.0000850 seconds
84.450: Application time: 0.1193780 seconds
84.450: [GC84.450: [DefNew: 35155K->1745K(37568K), 0.0005910 secs] 39608K->6198K(120960K), 0.0006160 secs] [Times: user=0.00 sys=0.00, real=0.00 secs] 
84.450: Total time for which application threads were stopped: 0.0007560 seconds, Stopping threads took: 0.0000920 seconds
84.575: Application time: 0.1243330 seconds
84.575: [GC84.575: [DefNew: 35148K->1740K(37568K), 0.0006160 secs] 39601K->6193K(120960K), 0.0006420 secs] [Times: user=0.00 sys=0.00, real=0.00 secs] 
84.575: Total time for which application threads were stopped: 0.0007340 seconds, Stopping threads took: 0.0000410 seconds
84.675: Application time: 0.0995650 seconds
84.675: Total time for which application threads were stopped: 0.0001570 seconds, Stopping threads took: 0.0001360 seconds
84.675: Application time: 0.0000780 seconds
84.675: [GC84.675: [DefNew: 35247K->1764K(37568K), 0.0006320 secs] 39700K->6217K(120960K), 0.0006560 secs] [Times: user=0.00 sys=0.00, real=0.00 secs] 
84.676: Total time for which application threads were stopped: 0.0007550 seconds, Stopping threads took: 0.0000620 seconds
84.786: Application time: 0.1101670 seconds
84.786: [GC84.786: [DefNew: 35170K->1750K(37568K), 0.0006060 secs] 39623K->6203K(120960K), 0.0006300 secs] [Times: user=0.00 sys=0.00, real=0.01 secs] 
84.787: Total time for which application threads were stopped: 0.0007270 seconds, Stopping threads took: 0.0000520 seconds
84.929: Application time: 0.1421720 seconds
84.929: [GC84.929: [DefNew: 35154K->1749K(37568K), 0.0005960 secs] 39607K->6202K(120960K), 0.0006180 secs] [Times: user=0.00 sys=0.00, real=0.00 secs] 
84.930: Total time for which application threads were stopped: 0.0007470 seconds, Stopping threads took: 0.0000730 seconds
85.073: Application time: 0.1435470 seconds
85.073: [GC85.073: [DefNew: 35154K->1749K(37568K), 0.0006190 secs] 39607K->6202K(120960K), 0.0006450 secs] [Times: user=0.00 sys=0.00, real=0.00 secs] 
85.074: Total time for which application threads were stopped: 0.0007930 seconds, Stopping threads took: 0.0000960 seconds
85.220: Application time: 0.1460010 seconds
85.220: [GC85.220: [DefNew: 35155K->1749K(37568K), 0.0006390 secs] 39609K->6202K(120960K), 0.0006650 secs] [Times: user=0.00 sys=0.00, real=0.00 secs] 
85.221: Total time for which application threads were stopped: 0.0007850 seconds, Stopping threads took: 0.0000740 seconds
85.371: Application time: 0.1498830 seconds
85.371: [GC85.371: [DefNew: 35153K->1748K(37568K), 0.0006440 secs] 39607K->6201K(120960K), 0.0006680 secs] [Times: user=0.00 sys=0.00, real=0.00 secs] 
85.372: Total time for which application threads were stopped: 0.0008550 seconds, Stopping threads took: 0.0001190 seconds
85.521: Application time: 0.1497580 seconds
85.522: [GC85.522: [DefNew: 35152K->1748K(37568K), 0.0006090 secs] 39606K->6201K(120960K), 0.0006340 secs] [Times: user=0.00 sys=0.00, real=0.00 secs] 
85.522: Total time for which application threads were stopped: 0.0008000 seconds, Stopping threads took: 0.0001050 seconds
85.672: Application time: 0.1502850 seconds
85.673: [GC85.673: [DefNew: 35152K->1748K(37568K), 0.0006080 secs] 39606K->6201K(120960K), 0.0006330 secs] [Times: user=0.00 sys=0.00, real=0.00 secs] 
85.673: Total time for which application threads were stopped: 0.0007380 seconds, Stopping threads took: 0.0000530 seconds
85.824: Application time: 0.1504360 seconds
85.824: [GC85.824: [DefNew: 35152K->1748K(37568K), 0.0006060 secs] 39606K->6201K(120960K), 0.0015950 secs] [Times: user=0.00 sys=0.00, real=0.00 secs] 
85.825: Total time for which application threads were stopped: 0.0017050 seconds, Stopping threads took: 0.0000570 seconds
85.953: Application time: 0.1273340 seconds
85.953: [GC85.953: [DefNew: 35153K->1744K(37568K), 0.0006070 secs] 39606K->6198K(120960K), 0.0006300 secs] [Times: user=0.00 sys=0.00, real=0.00 secs] 
85.954: Total time for which application threads were stopped: 0.0008530 seconds, Stopping threads took: 0.0001540 seconds
86.078: Application time: 0.1245550 seconds
86.078: [GC86.078: [DefNew: 35152K->1744K(37568K), 0.0006060 secs] 39605K->6198K(120960K), 0.0006340 secs] [Times: user=0.00 sys=0.00, real=0.01 secs] 
86.079: Total time for which application threads were stopped: 0.0009240 seconds, Stopping threads took: 0.0002240 seconds
86.191: Application time: 0.1124650 seconds
86.192: [GC86.192: [DefNew: 35150K->1745K(37568K), 0.0006010 secs] 39604K->6198K(120960K), 0.0006250 secs] [Times: user=0.00 sys=0.00, real=0.00 secs] 
86.192: Total time for which application threads were stopped: 0.0008350 seconds, Stopping threads took: 0.0001540 seconds
86.311: Application time: 0.1189390 seconds
86.311: [GC86.311: [DefNew: 35148K->1741K(37568K), 0.0005990 secs] 39602K->6194K(120960K), 0.0006210 secs] [Times: user=0.00 sys=0.00, real=0.00 secs] 
86.312: Total time for which application threads were stopped: 0.0007560 seconds, Stopping threads took: 0.0000880 seconds
86.417: Application time: 0.1046020 seconds
86.417: [GC86.417: [DefNew: 35147K->1746K(37568K), 0.0006160 secs] 39600K->6199K(120960K), 0.0006500 secs] [Times: user=0.00 sys=0.00, real=0.00 secs] 
86.417: Total time for which application threads were stopped: 0.0007670 seconds, Stopping threads took: 0.0000670 seconds
86.536: Application time: 0.1181780 seconds
86.536: [GC86.536: [DefNew: 35153K->1750K(37568K), 0.0005810 secs] 39606K->6204K(120960K), 0.0006030 secs] [Times: user=0.00 sys=0.00, real=0.00 secs] 
86.536: Total time for which application threads were stopped: 0.0007300 seconds, Stopping threads took: 0.0000820 seconds
86.681: Application time: 0.1445910 seconds
86.681: [GC86.681: [DefNew: 35155K->1748K(37568K), 0.0005960 secs] 39609K->6202K(120960K), 0.0006190 secs] [Times: user=0.00 sys=0.00, real=0.00 secs] 
86.682: Total time for which application threads were stopped: 0.0007890 seconds, Stopping threads took: 0.0001080 seconds
86.824: Application time: 0.1422310 seconds
86.824: [GC86.824: [DefNew: 35153K->1749K(37568K), 0.0006010 secs] 39607K->6203K(120960K), 0.0006240 secs] [Times: user=0.00 sys=0.00, real=0.00 secs] 
86.825: Total time for which application threads were stopped: 0.0007310 seconds, Stopping threads took: 0.0000590 seconds
86.973: Application time: 0.1479710 seconds
86.973: [GC86.973: [DefNew: 35156K->1748K(37568K), 0.0006170 secs] 39610K->6202K(120960K), 0.0006390 secs] [Times: user=0.00 sys=0.00, real=0.00 secs] 
86.973: Total time for which application threads were stopped: 0.0007320 seconds, Stopping threads took: 0.0000410 seconds
87.123: Application time: 0.1494460 seconds
87.123: [GC87.123: [DefNew: 35153K->1748K(37568K), 0.0006520 secs] 39607K->6202K(120960K), 0.0006800 secs] [Times: user=0.00 sys=0.00, real=0.00 secs] 
87.124: Total time for which application threads were stopped: 0.0008430 seconds, Stopping threads took: 0.0001110 seconds
87.274: Application time: 0.1501000 seconds
87.274: [GC87.274: [DefNew: 35152K->1748K(37568K), 0.0006050 secs] 39606K->6202K(120960K), 0.0006320 secs] [Times: user=0.00 sys=0.00, real=0.00 secs] 
87.275: Total time for which application threads were stopped: 0.0007640 seconds, Stopping threads took: 0.0000720 seconds
87.424: Application time: 0.1497490 seconds
87.424: [GC87.424: [DefNew: 35152K->1748K(37568K), 0.0005950 secs] 39606K->6202K(120960K), 0.0006180 secs] [Times: user=0.00 sys=0.00, real=0.00 secs] 
87.425: Total time for which application threads were stopped: 0.0008010 seconds, Stopping threads took: 0.0001360 seconds
87.575: Application time: 0.1500650 seconds
87.575: [GC87.575: [DefNew: 35152K->1748K(37568K), 0.0005850 secs] 39606K->6202K(120960K), 0.0006080 secs] [Times: user=0.00 sys=0.00, real=0.00 secs] 
87.576: Total time for which application threads were stopped: 0.0007110 seconds, Stopping threads took: 0.0000560 seconds
87.694: Application time: 0.1182830 seconds
87.694: [GC87.694: [DefNew: 35156K->1744K(37568K), 0.0006100 secs] 39610K->6199K(120960K), 0.0006340 secs] [Times: user=0.00 sys=0.00, real=0.00 secs] 
87.695: Total time for which application threads were stopped: 0.0008500 seconds, Stopping threads took: 0.0001680 seconds
87.819: Application time: 0.1240090 seconds
87.819: [GC87.819: [DefNew: 35151K->1744K(37568K), 0.0006140 secs] 39605K->6199K(120960K), 0.0006380 secs] [Times: user=0.00 sys=0.00, real=0.00 secs] 
87.820: Total time for which application threads were stopped: 0.0007850 seconds, Stopping threads took: 0.0000660 seconds
87.938: Application time: 0.1178970 seconds
87.938: [GC87.938: [DefNew: 35150K->1749K(37568K), 0.0006040 secs] 39604K->6203K(120960K), 0.0006290 secs] [Times: user=0.00 sys=0.00, real=0.00 secs] 
87.938: Total time for which application threads were stopped: 0.0007290 seconds, Stopping threads took: 0.0000490 seconds
88.045: Application time: 0.1068490 seconds
88.046: [GC88.046: [DefNew: 35094K->1630K(37568K), 0.0005890 secs] 39548K->6084K(120960K), 0.0006130 secs] [Times: user=0.01 sys=0.00, real=0.00 secs] 
88.046: Total time for which application threads were stopped: 0.0008700 seconds, Stopping threads took: 0.0002080 seconds
88.154: Application time: 0.1079740 seconds
88.154: [GC88.154: [DefNew: 35037K->1746K(37568K), 0.0006070 secs] 39491K->6200K(120960K), 0.0006390 secs] [Times: user=0.00 sys=0.00, real=0.00 secs] 
88.155: Total time for which application threads were stopped: 0.0008040 seconds, Stopping threads took: 0.0001100 seconds
88.285: Application time: 0.1296810 seconds
88.285: [GC88.285: [DefNew: 35152K->1749K(37568K), 0.0006160 secs] 39606K->6204K(120960K), 0.0006390 secs] [Times: user=0.01 sys=0.00, real=0.00 secs] 
88.285: Total time for which application threads were stopped: 0.0007440 seconds, Stopping threads took: 0.0000580 seconds
88.429: Application time: 0.1440640 seconds
88.430: [GC88.430: [DefNew: 35153K->1749K(37568K), 0.0006490 secs] 39608K->6203K(120960K), 0.0006770 secs] [Times: user=0.00 sys=0.00, real=0.00 secs] 
88.430: Total time for which application threads were stopped: 0.0008460 seconds, Stopping threads took: 0.0001040 seconds
88.573: Application time: 0.1425540 seconds
88.573: [GC88.573: [DefNew: 35156K->1749K(37568K), 0.0006370 secs] 39611K->6204K(120960K), 0.0006610 secs] [Times: user=0.00 sys=0.00, real=0.00 secs] 
88.574: Total time for which application threads were stopped: 0.0008160 seconds, Stopping threads took: 0.0001090 seconds
88.723: Application time: 0.1488820 seconds
88.723: [GC88.723: [DefNew: 35156K->1748K(37568K), 0.0005880 secs] 39610K->6203K(120960K), 0.0006120 secs] [Times: user=0.00 sys=0.00, real=0.00 secs] 
88.723: Total time for which application threads were stopped: 0.0008190 seconds, Stopping threads took: 0.0001590 seconds
88.873: Application time: 0.1500030 seconds
88.873: [GC88.873: [DefNew: 35153K->1748K(37568K), 0.0006170 secs] 39607K->6202K(120960K), 0.0006430 secs] [Times: user=0.00 sys=0.00, real=0.00 secs] 
88.874: Total time for which application threads were stopped: 0.0007700 seconds, Stopping threads took: 0.0000750 seconds
89.024: Application time: 0.1499640 seconds
89.024: [GC89.024: [DefNew: 35152K->1748K(37568K), 0.0006300 secs] 39607K->6202K(120960K), 0.0006530 secs] [Times: user=0.00 sys=0.00, real=0.00 secs] 
89.025: Total time for which application threads were stopped: 0.0008280 seconds, Stopping threads took: 0.0001180 seconds
89.175: Application time: 0.1504400 seconds
89.175: [GC89.175: [DefNew: 35152K->1748K(37568K), 0.0006290 secs] 39607K->6202K(120960K), 0.0006560 secs] [Times: user=0.00 sys=0.00, real=0.00 secs] 
89.176: Total time for which application threads were stopped: 0.0007890 seconds, Stopping threads took: 0.0000840 seconds
89.326: Application time: 0.1497640 seconds
89.326: [GC89.326: [DefNew: 35152K->1748K(37568K), 0.0005910 secs] 39607K->6202K(120960K), 0.0006150 secs] [Times: user=0.00 sys=0.00, real=0.00 secs] 
89.327: Total time for which application threads were stopped: 0.0007750 seconds, Stopping threads took: 0.0000900 seconds
89.436: Application time: 0.1088390 seconds
89.436: [GC89.436: [DefNew: 35151K->1749K(37568K), 0.0006400 secs] 39606K->6204K(120960K), 0.0006660 secs] [Times: user=0.00 sys=0.00, real=0.00 secs] 
89.436: Total time for which application threads were stopped: 0.0008190 seconds, Stopping threads took: 0.0001060 seconds
89.562: Application time: 0.1254230 seconds
89.562: [GC89.562: [DefNew: 35155K->1749K(37568K), 0.0005930 secs] 39610K->6204K(120960K), 0.0006170 secs] [Times: user=0.00 sys=0.00, real=0.00 secs] 
89.563: Total time for which application threads were stopped: 0.0007730 seconds, Stopping threads took: 0.0000970 seconds
89.687: Application time: 0.1241840 seconds
89.687: [GC89.687: [DefNew: 35097K->1625K(37568K), 0.0006150 secs] 39552K->6080K(120960K), 0.0006400 secs] [Times: user=0.00 sys=0.00, real=0.00 secs] 
89.688: Total time for which application threads were stopped: 0.0007870 seconds, Stopping threads took: 0.0000950 seconds
89.791: Application time: 0.1032990 seconds
89.791: [GC89.791: [DefNew: 35032K->1750K(37568K), 0.0006340 secs] 39487K->6205K(120960K), 0.0006590 secs] [Times: user=0.00 sys=0.00, real=0.00 secs] 
89.792: Total time for which application threads were stopped: 0.0008010 seconds, Stopping threads took: 0.0000940 seconds
89.898: Application time: 0.1062160 seconds
89.898: [GC89.898: [DefNew: 35154K->1746K(37568K), 0.0006360 secs] 39609K->6201K(120960K), 0.0006700 secs] [Times: user=0.00 sys=0.00, real=0.00 secs] 
89.899: Total time for which application threads were stopped: 0.0008100 seconds, Stopping threads took: 0.0000880 seconds
90.033: Application time: 0.1342840 seconds
90.033: [GC90.033: [DefNew: 35151K->1750K(37568K), 0.0006230 secs] 39606K->6205K(120960K), 0.0006480 secs] [Times: user=0.00 sys=0.00, real=0.00 secs] 
90.034: Total time for which application threads were stopped: 0.0007850 seconds, Stopping threads took: 0.0000780 seconds
90.177: Application time: 0.1432560 seconds
90.177: [GC90.177: [DefNew: 35154K->1749K(37568K), 0.0005950 secs] 39609K->6204K(120960K), 0.0006190 secs] [Times: user=0.00 sys=0.00, real=0.00 secs] 
90.178: Total time for which application threads were stopped: 0.0007430 seconds, Stopping threads took: 0.0000690 seconds
90.323: Application time: 0.1448510 seconds
90.323: [GC90.323: [DefNew: 35153K->1749K(37568K), 0.0006050 secs] 39608K->6204K(120960K), 0.0006290 secs] [Times: user=0.00 sys=0.00, real=0.00 secs] 
90.323: Total time for which application threads were stopped: 0.0007340 seconds, Stopping threads took: 0.0000570 seconds
90.473: Application time: 0.1500410 seconds
90.474: [GC90.474: [DefNew: 35153K->1748K(37568K), 0.0005950 secs] 39609K->6203K(120960K), 0.0006190 secs] [Times: user=0.00 sys=0.00, real=0.00 secs] 
90.474: Total time for which application threads were stopped: 0.0008570 seconds, Stopping threads took: 0.0001700 seconds
90.624: Application time: 0.1500680 seconds
90.624: [GC90.624: [DefNew: 35152K->1748K(37568K), 0.0006010 secs] 39608K->6203K(120960K), 0.0006270 secs] [Times: user=0.00 sys=0.00, real=0.00 secs] 
90.625: Total time for which application threads were stopped: 0.0007970 seconds, Stopping threads took: 0.0001190 seconds
90.775: Application time: 0.1496850 seconds
90.775: [GC90.775: [DefNew: 35152K->1748K(37568K), 0.0006100 secs] 39608K->6203K(120960K), 0.0006350 secs] [Times: user=0.00 sys=0.00, real=0.00 secs] 
90.776: Total time for which application threads were stopped: 0.0009140 seconds, Stopping threads took: 0.0001970 seconds
90.926: Application time: 0.1502920 seconds
90.926: [GC90.926: [DefNew: 35152K->1748K(37568K), 0.0006570 secs] 39608K->6203K(120960K), 0.0016660 secs] [Times: user=0.00 sys=0.00, real=0.01 secs] 
90.928: Total time for which application threads were stopped: 0.0018470 seconds, Stopping threads took: 0.0001090 seconds
91.068: Application time: 0.1399590 seconds
91.068: [GC91.068: [DefNew: 35153K->1744K(37568K), 0.0006490 secs] 39608K->6199K(120960K), 0.0006760 secs] [Times: user=0.00 sys=0.00, real=0.00 secs] 
91.069: Total time for which application threads were stopped: 0.0008660 seconds, Stopping threads took: 0.0001180 seconds
91.186: Application time: 0.1173260 seconds
91.186: [GC91.186: [DefNew: 35149K->1749K(37568K), 0.0006210 secs] 39604K->6204K(120960K), 0.0006450 secs] [Times: user=0.00 sys=0.00, real=0.01 secs] 
91.187: Total time for which application threads were stopped: 0.0008190 seconds, Stopping threads took: 0.0001060 seconds
91.306: Application time: 0.1196780 seconds
91.307: [GC91.307: [DefNew: 35153K->1745K(37568K), 0.0006250 secs] 39608K->6200K(120960K), 0.0006520 secs] [Times: user=0.00 sys=0.00, real=0.01 secs] 
91.307: Total time for which application threads were stopped: 0.0007900 seconds, Stopping threads took: 0.0000750 seconds
91.436: Application time: 0.1292030 seconds
91.437: [GC91.437: [DefNew: 35151K->1744K(37568K), 0.0006120 secs] 39606K->6200K(120960K), 0.0006380 secs] [Times: user=0.01 sys=0.00, real=0.00 secs] 
91.437: Total time for which application threads were stopped: 0.0008050 seconds, Stopping threads took: 0.0001160 seconds
91.535: Application time: 0.0980540 seconds
91.535: [GC91.535: [DefNew: 35152K->1603K(37568K), 0.0006040 secs] 39608K->6058K(120960K), 0.0006300 secs] [Times: user=0.00 sys=0.00, real=0.00 secs] 
91.536: Total time for which application threads were stopped: 0.0007430 seconds, Stopping threads took: 0.0000560 seconds
91.643: Application time: 0.1065470 seconds
91.643: [GC91.643: [DefNew: 35010K->1750K(37568K), 0.0006040 secs] 39465K->6205K(120960K), 0.0006310 secs] [Times: user=0.00 sys=0.00, real=0.00 secs] 
91.643: Total time for which application threads were stopped: 0.0007360 seconds, Stopping threads took: 0.0000580 seconds
91.784: Application time: 0.1407260 seconds
91.784: [GC91.784: [DefNew: 35156K->1749K(37568K), 0.0006290 secs] 39611K->6205K(120960K), 0.0006540 secs] [Times: user=0.00 sys=0.00, real=0.00 secs] 
91.785: Total time for which application threads were stopped: 0.0007800 seconds, Stopping threads took: 0.0000740 seconds
91.928: Application time: 0.1435780 seconds
91.929: [GC91.929: [DefNew: 35153K->1749K(37568K), 0.0006060 secs] 39608K->6204K(120960K), 0.0006320 secs] [Times: user=0.00 sys=0.00, real=0.00 secs] 
91.929: Total time for which application threads were stopped: 0.0007940 seconds, Stopping threads took: 0.0001010 seconds
92.075: Application time: 0.1453280 seconds
92.075: [GC92.075: [DefNew: 35155K->1749K(37568K), 0.0006070 secs] 39611K->6204K(120960K), 0.0006310 secs] [Times: user=0.00 sys=0.00, real=0.00 secs] 
92.075: Total time for which application threads were stopped: 0.0007420 seconds, Stopping threads took: 0.0000640 seconds
92.226: Application time: 0.1503600 seconds
92.226: [GC92.226: [DefNew: 35153K->1748K(37568K), 0.0006290 secs] 39609K->6204K(120960K), 0.0006530 secs] [Times: user=0.00 sys=0.00, real=0.00 secs] 
92.227: Total time for which application threads were stopped: 0.0008190 seconds, Stopping threads took: 0.0001200 seconds
92.376: Application time: 0.1497800 seconds
92.376: [GC92.376: [DefNew: 35152K->1748K(37568K), 0.0006170 secs] 39608K->6204K(120960K), 0.0006400 secs] [Times: user=0.00 sys=0.00, real=0.00 secs] 
92.377: Total time for which application threads were stopped: 0.0007810 seconds, Stopping threads took: 0.0000900 seconds
92.527: Application time: 0.1501360 seconds
92.527: [GC92.527: [DefNew: 35152K->1748K(37568K), 0.0006090 secs] 39608K->6204K(120960K), 0.0006350 secs] [Times: user=0.00 sys=0.00, real=0.00 secs] 
92.528: Total time for which application threads were stopped: 0.0007480 seconds, Stopping threads took: 0.0000510 seconds
92.678: Application time: 0.1502430 seconds
92.678: [GC92.678: [DefNew: 35152K->1748K(37568K), 0.0006080 secs] 39608K->6204K(120960K), 0.0006310 secs] [Times: user=0.00 sys=0.00, real=0.01 secs] 
92.679: Total time for which application threads were stopped: 0.0007550 seconds, Stopping threads took: 0.0000770 seconds
92.809: Application time: 0.1296420 seconds
92.809: [GC92.809: [DefNew: 35153K->1748K(37568K), 0.0006110 secs] 39609K->6204K(120960K), 0.0006370 secs] [Times: user=0.00 sys=0.00, real=0.00 secs] 
92.809: Total time for which application threads were stopped: 0.0007750 seconds, Stopping threads took: 0.0000880 seconds
92.935: Application time: 0.1255900 seconds
92.935: [GC92.935: [DefNew: 35153K->1749K(37568K), 0.0006190 secs] 39609K->6205K(120960K), 0.0006450 secs] [Times: user=0.00 sys=0.00, real=0.00 secs] 
92.936: Total time for which application threads were stopped: 0.0008370 seconds, Stopping threads took: 0.0001410 seconds
93.050: Application time: 0.1140040 seconds
93.050: [GC93.050: [DefNew: 35156K->1745K(37568K), 0.0006170 secs] 39612K->6200K(120960K), 0.0006420 secs] [Times: user=0.00 sys=0.00, real=0.00 secs] 
93.051: Total time for which application threads were stopped: 0.0008050 seconds, Stopping threads took: 0.0001040 seconds
93.172: Application time: 0.1212220 seconds
93.172: [GC93.172: [DefNew: 35152K->1741K(37568K), 0.0005880 secs] 39608K->6196K(120960K), 0.0006100 secs] [Times: user=0.00 sys=0.00, real=0.00 secs] 
93.173: Total time for which application threads were stopped: 0.0007340 seconds, Stopping threads took: 0.0000770 seconds
93.273: Application time: 0.1007900 seconds
93.273: [GC93.273: [DefNew: 35146K->1746K(37568K), 0.0006030 secs] 39601K->6202K(120960K), 0.0006240 secs] [Times: user=0.00 sys=0.00, real=0.00 secs] 
93.274: Total time for which application threads were stopped: 0.0007370 seconds, Stopping threads took: 0.0000580 seconds
93.392: Application time: 0.1183400 seconds
93.393: [GC93.393: [DefNew: 35152K->1750K(37568K), 0.0005950 secs] 39607K->6206K(120960K), 0.0006160 secs] [Times: user=0.00 sys=0.00, real=0.00 secs] 
93.393: Total time for which application threads were stopped: 0.0006960 seconds, Stopping threads took: 0.0000330 seconds
93.537: Application time: 0.1434060 seconds
93.537: [GC93.537: [DefNew: 35154K->1749K(37568K), 0.0006260 secs] 39610K->6205K(120960K), 0.0006530 secs] [Times: user=0.01 sys=0.00, real=0.00 secs] 
93.537: Total time for which application threads were stopped: 0.0007890 seconds, Stopping threads took: 0.0000830 seconds
93.680: Application time: 0.1422120 seconds
93.680: [GC93.680: [DefNew: 35155K->1749K(37568K), 0.0006030 secs] 39611K->6206K(120960K), 0.0006250 secs] [Times: user=0.00 sys=0.00, real=0.00 secs] 
93.680: Total time for which application threads were stopped: 0.0007660 seconds, Stopping threads took: 0.0000800 seconds
93.827: Application time: 0.1470330 seconds
93.827: [GC93.827: [DefNew: 35153K->1748K(37568K), 0.0006090 secs] 39609K->6205K(120960K), 0.0006330 secs] [Times: user=0.00 sys=0.00, real=0.00 secs] 
93.828: Total time for which application threads were stopped: 0.0007380 seconds, Stopping threads took: 0.0000590 seconds
93.979: Application time: 0.1504370 seconds
93.979: [GC93.979: [DefNew: 35153K->1748K(37568K), 0.0006100 secs] 39609K->6204K(120960K), 0.0006360 secs] [Times: user=0.00 sys=0.00, real=0.01 secs] 
93.979: Total time for which application threads were stopped: 0.0007510 seconds, Stopping threads took: 0.0000640 seconds
94.129: Application time: 0.1494420 seconds
94.129: [GC94.129: [DefNew: 35152K->1748K(37568K), 0.0006040 secs] 39609K->6204K(120960K), 0.0006300 secs] [Times: user=0.00 sys=0.00, real=0.00 secs] 
94.130: Total time for which application threads were stopped: 0.0007980 seconds, Stopping threads took: 0.0001170 seconds
94.280: Application time: 0.1506790 seconds
94.280: [GC94.280: [DefNew: 35152K->1748K(37568K), 0.0005930 secs] 39609K->6204K(120960K), 0.0006160 secs] [Times: user=0.00 sys=0.00, real=0.00 secs] 
94.281: Total time for which application threads were stopped: 0.0007230 seconds, Stopping threads took: 0.0000490 seconds
94.432: Application time: 0.1505570 seconds
94.432: [GC94.432: [DefNew: 35152K->1748K(37568K), 0.0006430 secs] 39609K->6204K(120960K), 0.0006690 secs] [Times: user=0.00 sys=0.00, real=0.00 secs] 
94.432: Total time for which application threads were stopped: 0.0009210 seconds, Stopping threads took: 0.0002030 seconds
94.552: Application time: 0.1200640 seconds
94.553: [GC94.553: [DefNew: 35152K->1744K(37568K), 0.0005890 secs] 39609K->6201K(120960K), 0.0006110 secs] [Times: user=0.00 sys=0.00, real=0.00 secs] 
94.553: Total time for which application threads were stopped: 0.0007710 seconds, Stopping threads took: 0.0001040 seconds
94.679: Application time: 0.1262180 seconds
94.680: [GC94.680: [DefNew: 35151K->1744K(37568K), 0.0005990 secs] 39608K->6201K(120960K), 0.0006230 secs] [Times: user=0.00 sys=0.00, real=0.00 secs] 
94.680: Total time for which application threads were stopped: 0.0007310 seconds, Stopping threads took: 0.0000620 seconds
94.795: Application time: 0.1149240 seconds
94.795: [GC94.795: [DefNew: 35151K->1749K(37568K), 0.0006190 secs] 39607K->6205K(120960K), 0.0006460 secs] [Times: user=0.00 sys=0.00, real=0.00 secs] 
94.796: Total time for which application threads were stopped: 0.0007720 seconds, Stopping threads took: 0.0000650 seconds
94.911: Application time: 0.1147730 seconds
94.911: [GC94.911: [DefNew: 35153K->1740K(37568K), 0.0006410 secs] 39609K->6197K(120960K), 0.0006680 secs] [Times: user=0.00 sys=0.00, real=0.00 secs] 
94.911: Total time for which application threads were stopped: 0.0007960 seconds, Stopping threads took: 0.0000780 seconds
95.020: Application time: 0.1085140 seconds
95.020: [GC95.020: [DefNew: 35147K->1751K(37568K), 0.0006060 secs] 39603K->6207K(120960K), 0.0006380 secs] [Times: user=0.00 sys=0.00, real=0.00 secs] 
95.021: Total time for which application threads were stopped: 0.0007380 seconds, Stopping threads took: 0.0000530 seconds
95.142: Application time: 0.1214500 seconds
95.142: [GC95.142: [DefNew: 35158K->1750K(37568K), 0.0006460 secs] 39614K->6206K(120960K), 0.0006720 secs] [Times: user=0.00 sys=0.00, real=0.00 secs] 
95.143: Total time for which application threads were stopped: 0.0008480 seconds, Stopping threads took: 0.0001040 seconds
95.288: Application time: 0.1449200 seconds
95.288: [GC95.288: [DefNew: 35155K->1748K(37568K), 0.0006020 secs] 39611K->6205K(120960K), 0.0006270 secs] [Times: user=0.00 sys=0.00, real=0.00 secs] 
95.289: Total time for which application threads were stopped: 0.0008490 seconds, Stopping threads took: 0.0001520 seconds
95.432: Application time: 0.1426860 seconds
95.432: [GC95.432: [DefNew: 35155K->1749K(37568K), 0.0006560 secs] 39611K->6206K(120960K), 0.0006830 secs] [Times: user=0.00 sys=0.00, real=0.00 secs] 
95.432: Total time for which application threads were stopped: 0.0008720 seconds, Stopping threads took: 0.0001080 seconds
95.581: Application time: 0.1485970 seconds
95.581: [GC95.581: [DefNew: 35156K->1748K(37568K), 0.0005960 secs] 39613K->6205K(120960K), 0.0006190 secs] [Times: user=0.00 sys=0.00, real=0.00 secs] 
95.582: Total time for which application threads were stopped: 0.0008600 seconds, Stopping threads took: 0.0001720 seconds
95.732: Application time: 0.1501900 seconds
95.732: [GC95.732: [DefNew: 35153K->1748K(37568K), 0.0005950 secs] 39610K->6205K(120960K), 0.0006170 secs] [Times: user=0.00 sys=0.00, real=0.00 secs] 
95.733: Total time for which application threads were stopped: 0.0007900 seconds, Stopping threads took: 0.0001060 seconds
95.883: Application time: 0.1499540 seconds
95.883: [GC95.883: [DefNew: 35152K->1748K(37568K), 0.0006580 secs] 39609K->6205K(120960K), 0.0006850 secs] [Times: user=0.00 sys=0.00, real=0.00 secs] 
95.884: Total time for which application threads were stopped: 0.0008300 seconds, Stopping threads took: 0.0000930 seconds
96.034: Application time: 0.1507900 seconds
96.035: [GC96.035: [DefNew: 35152K->1748K(37568K), 0.0006120 secs] 39609K->6205K(120960K), 0.0015510 secs] [Times: user=0.00 sys=0.00, real=0.00 secs] 
96.036: Total time for which application threads were stopped: 0.0016720 seconds, Stopping threads took: 0.0000610 seconds
96.186: Application time: 0.1496920 seconds
96.186: [GC96.186: [DefNew: 35152K->1748K(37568K), 0.0005630 secs] 39609K->6205K(120960K), 0.0005870 secs] [Times: user=0.00 sys=0.00, real=0.00 secs] 
96.187: Total time for which application threads were stopped: 0.0007460 seconds, Stopping threads took: 0.0001010 seconds
96.296: Application time: 0.1099190 seconds
96.297: [GC96.297: [DefNew: 35152K->1744K(37568K), 0.0006200 secs] 39609K->6201K(120960K), 0.0006460 secs] [Times: user=0.00 sys=0.00, real=0.00 secs] 
96.297: Total time for which application threads were stopped: 0.0007850 seconds, Stopping threads took: 0.0000890 seconds
96.423: Application time: 0.1259250 seconds
96.423: [GC96.423: [DefNew: 35149K->1744K(37568K), 0.0006650 secs] 39606K->6201K(120960K), 0.0006930 secs] [Times: user=0.00 sys=0.00, real=0.00 secs] 
96.424: Total time for which application threads were stopped: 0.0008750 seconds, Stopping threads took: 0.0001100 seconds
96.548: Application time: 0.1236990 seconds
96.548: [GC96.548: [DefNew: 35151K->1749K(37568K), 0.0005960 secs] 39608K->6206K(120960K), 0.0006180 secs] [Times: user=0.00 sys=0.00, real=0.00 secs] 
96.548: Total time for which application threads were stopped: 0.0007550 seconds, Stopping threads took: 0.0000730 seconds
96.652: Application time: 0.1036720 seconds
96.652: [GC96.652: [DefNew: 35155K->1746K(37568K), 0.0006090 secs] 39612K->6202K(120960K), 0.0006310 secs] [Times: user=0.00 sys=0.00, real=0.00 secs] 
96.653: Total time for which application threads were stopped: 0.0007690 seconds, Stopping threads took: 0.0000830 seconds
96.764: Application time: 0.1108370 seconds
96.764: [GC96.764: [DefNew: 35150K->1746K(37568K), 0.0006290 secs] 39606K->6203K(120960K), 0.0006620 secs] [Times: user=0.00 sys=0.00, real=0.00 secs] 
96.765: Total time for which application threads were stopped: 0.0008110 seconds, Stopping threads took: 0.0000820 seconds
96.895: Application time: 0.1303510 seconds
96.895: [GC96.895: [DefNew: 35154K->1749K(37568K), 0.0006520 secs] 39611K->6206K(120960K), 0.0006740 secs] [Times: user=0.00 sys=0.00, real=0.00 secs] 
96.896: Total time for which application threads were stopped: 0.0009370 seconds, Stopping threads took: 0.0001930 seconds
97.038: Application time: 0.1424420 seconds
97.038: [GC97.038: [DefNew: 35157K->1749K(37568K), 0.0005670 secs] 39614K->6206K(120960K), 0.0005850 secs] [Times: user=0.00 sys=0.00, real=0.01 secs] 
97.039: Total time for which application threads were stopped: 0.0007640 seconds, Stopping threads took: 0.0001140 seconds
97.184: Application time: 0.1447940 seconds
97.184: [GC97.184: [DefNew: 35154K->1749K(37568K), 0.0006360 secs] 39611K->6206K(120960K), 0.0006620 secs] [Times: user=0.00 sys=0.00, real=0.00 secs] 
97.185: Total time for which application threads were stopped: 0.0008220 seconds, Stopping threads took: 0.0001000 seconds
97.334: Application time: 0.1488750 seconds
97.334: [GC97.334: [DefNew: 35155K->1748K(37568K), 0.0006140 secs] 39613K->6205K(120960K), 0.0006360 secs] [Times: user=0.00 sys=0.00, real=0.00 secs] 
97.334: Total time for which application threads were stopped: 0.0008130 seconds, Stopping threads took: 0.0001250 seconds
97.484: Application time: 0.1497910 seconds
97.484: [GC97.484: [DefNew: 35153K->1748K(37568K), 0.0006170 secs] 39610K->6205K(120960K), 0.0006430 secs] [Times: user=0.00 sys=0.00, real=0.00 secs] 
97.485: Total time for which application threads were stopped: 0.0007490 seconds, Stopping threads took: 0.0000540 seconds
97.635: Application time: 0.1503190 seconds
97.635: [GC97.635: [DefNew: 35152K->1748K(37568K), 0.0006110 secs] 39610K->6205K(120960K), 0.0006370 secs] [Times: user=0.00 sys=0.00, real=0.00 secs] 
97.636: Total time for which application threads were stopped: 0.0007470 seconds, Stopping threads took: 0.0000590 seconds
97.786: Application time: 0.1501600 seconds
97.786: [GC97.786: [DefNew: 35152K->1748K(37568K), 0.0006420 secs] 39610K->6205K(120960K), 0.0006670 secs] [Times: user=0.00 sys=0.00, real=0.01 secs] 
97.787: Total time for which application threads were stopped: 0.0008390 seconds, Stopping threads took: 0.0001120 seconds
97.930: Application time: 0.1434420 seconds
97.931: [GC97.931: [DefNew: 35154K->1744K(37568K), 0.0006090 secs] 39611K->6201K(120960K), 0.0006340 secs] [Times: user=0.00 sys=0.00, real=0.00 secs] 
97.931: Total time for which application threads were stopped: 0.0007480 seconds, Stopping threads took: 0.0000650 seconds
98.045: Application time: 0.1140740 seconds
98.045: [GC98.045: [DefNew: 35150K->1749K(37568K), 0.0006140 secs] 39607K->6206K(120960K), 0.0006390 secs] [Times: user=0.00 sys=0.00, real=0.00 secs] 
98.046: Total time for which application threads were stopped: 0.0007900 seconds, Stopping threads took: 0.0000780 seconds
98.173: Application time: 0.1265720 seconds
98.173: [GC98.173: [DefNew: 35156K->1749K(37568K), 0.0005640 secs] 39614K->6206K(120960K), 0.0005870 secs] [Times: user=0.00 sys=0.00, real=0.00 secs] 
98.173: Total time for which application threads were stopped: 0.0007160 seconds, Stopping threads took: 0.0000840 seconds
98.298: Application time: 0.1242340 seconds
98.298: [GC98.298: [DefNew: 35155K->1749K(37568K), 0.0006200 secs] 39612K->6207K(120960K), 0.0006460 secs] [Times: user=0.00 sys=0.00, real=0.00 secs] 
98.298: Total time for which application threads were stopped: 0.0007990 seconds, Stopping threads took: 0.0000950 seconds
98.397: Application time: 0.0983470 seconds
98.397: [GC98.397: [DefNew: 35156K->1540K(37568K), 0.0006230 secs] 39613K->5998K(120960K), 0.0006490 secs] [Times: user=0.00 sys=0.00, real=0.00 secs] 
98.398: Total time for which application threads were stopped: 0.0008270 seconds, Stopping threads took: 0.0001060 seconds
98.507: Application time: 0.1090280 seconds
98.511: [GC98.511: [DefNew: 34944K->1745K(37568K), 0.0006160 secs] 39402K->6203K(120960K), 0.0006500 secs] [Times: user=0.00 sys=0.00, real=0.00 secs] 
98.512: Total time for which application threads were stopped: 0.0050420 seconds, Stopping threads took: 0.0043230 seconds
98.650: Application time: 0.1379820 seconds
98.650: [GC98.650: [DefNew: 35152K->1749K(37568K), 0.0006110 secs] 39609K->6207K(120960K), 0.0006370 secs] [Times: user=0.00 sys=0.00, real=0.00 secs] 
98.650: Total time for which application threads were stopped: 0.0008000 seconds, Stopping threads took: 0.0001120 seconds
98.794: Application time: 0.1432430 seconds
98.794: [GC98.794: [DefNew: 35156K->1749K(37568K), 0.0006510 secs] 39613K->6207K(120960K), 0.0006780 secs] [Times: user=0.00 sys=0.00, real=0.00 secs] 
98.795: Total time for which application threads were stopped: 0.0008450 seconds, Stopping threads took: 0.0001160 seconds
98.940: Application time: 0.1452050 seconds
98.940: [GC98.940: [DefNew: 35155K->1749K(37568K), 0.0006010 secs] 39613K->6207K(120960K), 0.0006250 secs] [Times: user=0.00 sys=0.00, real=0.00 secs] 
98.941: Total time for which application threads were stopped: 0.0007650 seconds, Stopping threads took: 0.0000870 seconds
99.090: Application time: 0.1499030 seconds
99.091: [GC99.091: [DefNew: 35153K->1748K(37568K), 0.0006150 secs] 39611K->6206K(120960K), 0.0006380 secs] [Times: user=0.00 sys=0.00, real=0.00 secs] 
99.091: Total time for which application threads were stopped: 0.0007890 seconds, Stopping threads took: 0.0001030 seconds
99.241: Application time: 0.1502820 seconds
99.242: [GC99.242: [DefNew: 35155K->1748K(37568K), 0.0005980 secs] 39613K->6206K(120960K), 0.0006210 secs] [Times: user=0.00 sys=0.00, real=0.00 secs] 
99.242: Total time for which application threads were stopped: 0.0007590 seconds, Stopping threads took: 0.0000920 seconds
99.393: Application time: 0.1502830 seconds
99.393: [GC99.393: [DefNew: 35152K->1748K(37568K), 0.0006050 secs] 39610K->6206K(120960K), 0.0006290 secs] [Times: user=0.00 sys=0.00, real=0.00 secs] 
99.393: Total time for which application threads were stopped: 0.0007580 seconds, Stopping threads took: 0.0000800 seconds
99.543: Application time: 0.1499700 seconds
99.543: [GC99.543: [DefNew: 35152K->1748K(37568K), 0.0006040 secs] 39610K->6206K(120960K), 0.0006290 secs] [Times: user=0.00 sys=0.00, real=0.00 secs] 
99.544: Total time for which application threads were stopped: 0.0007490 seconds, Stopping threads took: 0.0000580 seconds
99.677: Application time: 0.1327290 seconds
99.677: [GC99.677: [DefNew: 35153K->1744K(37568K), 0.0006290 secs] 39611K->6202K(120960K), 0.0006530 secs] [Times: user=0.00 sys=0.00, real=0.00 secs] 
99.678: Total time for which application threads were stopped: 0.0007960 seconds, Stopping threads took: 0.0000960 seconds
99.800: Application time: 0.1224300 seconds
99.800: [GC99.800: [DefNew: 35147K->1749K(37568K), 0.0006080 secs] 39605K->6207K(120960K), 0.0006340 secs] [Times: user=0.00 sys=0.00, real=0.00 secs] 
99.801: Total time for which application threads were stopped: 0.0007720 seconds, Stopping threads took: 0.0000870 seconds
99.921: Application time: 0.1202220 seconds
99.921: [GC99.921: [DefNew: 35157K->1745K(37568K), 0.0006200 secs] 39615K->6203K(120960K), 0.0006450 secs] [Times: user=0.00 sys=0.00, real=0.00 secs] 
99.922: Total time for which application threads were stopped: 0.0008100 seconds, Stopping threads took: 0.0001150 seconds
100.047: Application time: 0.1250590 seconds
100.047: [GC100.047: [DefNew: 35148K->1745K(37568K), 0.0006060 secs] 39606K->6203K(120960K), 0.0006300 secs] [Times: user=0.00 sys=0.00, real=0.00 secs] 
100.048: Total time for which application threads were stopped: 0.0007540 seconds, Stopping threads took: 0.0000670 seconds
100.142: Application time: 0.0948970 seconds
100.143: [GC100.143: [DefNew: 35151K->1746K(37568K), 0.0006090 secs] 39609K->6204K(120960K), 0.0006330 secs] [Times: user=0.00 sys=0.00, real=0.00 secs] 
100.143: Total time for which application threads were stopped: 0.0007250 seconds, Stopping threads took: 0.0000430 seconds
100.260: Application time: 0.1166740 seconds
100.260: [GC100.260: [DefNew: 35154K->1750K(37568K), 0.0006070 secs] 39612K->6209K(120960K), 0.0006400 secs] [Times: user=0.00 sys=0.00, real=0.00 secs] 
100.261: Total time for which application threads were stopped: 0.0007520 seconds, Stopping threads took: 0.0000630 seconds
100.404: Application time: 0.1429480 seconds
100.404: [GC100.404: [DefNew: 35157K->1749K(37568K), 0.0006180 secs] 39615K->6207K(120960K), 0.0006430 secs] [Times: user=0.00 sys=0.00, real=0.00 secs] 
100.404: Total time for which application threads were stopped: 0.0008300 seconds, Stopping threads took: 0.0001360 seconds
100.547: Application time: 0.1428880 seconds
100.547: [GC100.547: [DefNew: 35155K->1749K(37568K), 0.0005920 secs] 39614K->6208K(120960K), 0.0006170 secs] [Times: user=0.00 sys=0.00, real=0.00 secs] 
100.548: Total time for which application threads were stopped: 0.0007540 seconds, Stopping threads took: 0.0000910 seconds
100.695: Application time: 0.1467470 seconds
100.695: [GC100.695: [DefNew: 35155K->1748K(37568K), 0.0006050 secs] 39614K->6207K(120960K), 0.0006280 secs] [Times: user=0.00 sys=0.00, real=0.00 secs] 
100.696: Total time for which application threads were stopped: 0.0007530 seconds, Stopping threads took: 0.0000700 seconds
100.845: Application time: 0.1498920 seconds
100.846: [GC100.846: [DefNew: 35156K->1748K(37568K), 0.0005930 secs] 39614K->6206K(120960K), 0.0006160 secs] [Times: user=0.00 sys=0.00, real=0.00 secs] 
100.846: Total time for which application threads were stopped: 0.0007170 seconds, Stopping threads took: 0.0000530 seconds
100.996: Application time: 0.1499190 seconds
100.996: [GC100.996: [DefNew: 35155K->1748K(37568K), 0.0006180 secs] 39613K->6206K(120960K), 0.0006430 secs] [Times: user=0.00 sys=0.00, real=0.00 secs] 
100.997: Total time for which application threads were stopped: 0.0007710 seconds, Stopping threads took: 0.0000790 seconds
101.152: Application time: 0.1555350 seconds
101.153: [GC101.153: [DefNew: 35153K->1748K(37568K), 0.0006400 secs] 39612K->6206K(120960K), 0.0006690 secs] [Times: user=0.00 sys=0.00, real=0.00 secs] 
101.153: Total time for which application threads were stopped: 0.0008050 seconds, Stopping threads took: 0.0000870 seconds
101.303: Application time: 0.1502460 seconds
101.304: [GC101.304: [DefNew: 35152K->1748K(37568K), 0.0006100 secs] 39611K->6206K(120960K), 0.0006350 secs] [Times: user=0.00 sys=0.00, real=0.00 secs] 
101.304: Total time for which application threads were stopped: 0.0008330 seconds, Stopping threads took: 0.0001380 seconds
101.421: Application time: 0.1162460 seconds
101.421: [GC101.421: [DefNew: 35154K->1744K(37568K), 0.0006110 secs] 39613K->6203K(120960K), 0.0006360 secs] [Times: user=0.00 sys=0.00, real=0.00 secs] 
101.421: Total time for which application threads were stopped: 0.0008070 seconds, Stopping threads took: 0.0001180 seconds
101.550: Application time: 0.1287960 seconds
101.550: [GC101.550: [DefNew: 35152K->1744K(37568K), 0.0006000 secs] 39611K->6203K(120960K), 0.0006240 secs] [Times: user=0.00 sys=0.00, real=0.00 secs] 
101.551: Total time for which application threads were stopped: 0.0007190 seconds, Stopping threads took: 0.0000480 seconds
101.682: Application time: 0.1309420 seconds
101.682: [GC101.682: [DefNew: 35152K->1744K(37568K), 0.0006020 secs] 39611K->6203K(120960K), 0.0006280 secs] [Times: user=0.00 sys=0.00, real=0.00 secs] 
101.683: Total time for which application threads were stopped: 0.0007590 seconds, Stopping threads took: 0.0000800 seconds
101.795: Application time: 0.1123670 seconds
101.795: [GC101.795: [DefNew: 35148K->1741K(37568K), 0.0006630 secs] 39607K->6200K(120960K), 0.0006920 secs] [Times: user=0.01 sys=0.00, real=0.00 secs] 
101.796: Total time for which application threads were stopped: 0.0008440 seconds, Stopping threads took: 0.0001020 seconds
101.893: Application time: 0.0967910 seconds
101.893: [GC101.893: [DefNew: 35038K->1622K(37568K), 0.0006200 secs] 39496K->6080K(120960K), 0.0006440 secs] [Times: user=0.00 sys=0.00, real=0.00 secs] 
101.893: Total time for which application threads were stopped: 0.0008700 seconds, Stopping threads took: 0.0001570 seconds
102.015: Application time: 0.1212140 seconds
102.015: [GC102.015: [DefNew: 35028K->1750K(37568K), 0.0006240 secs] 39487K->6208K(120960K), 0.0006490 secs] [Times: user=0.00 sys=0.00, real=0.00 secs] 
102.015: Total time for which application threads were stopped: 0.0007980 seconds, Stopping threads took: 0.0000990 seconds
102.159: Application time: 0.1434650 seconds
102.159: [GC102.159: [DefNew: 35156K->1749K(37568K), 0.0005800 secs] 39615K->6208K(120960K), 0.0006030 secs] [Times: user=0.00 sys=0.00, real=0.00 secs] 
102.160: Total time for which application threads were stopped: 0.0007450 seconds, Stopping threads took: 0.0000950 seconds
102.302: Application time: 0.1419720 seconds
102.302: [GC102.302: [DefNew: 35154K->1749K(37568K), 0.0006150 secs] 39613K->6208K(120960K), 0.0006400 secs] [Times: user=0.00 sys=0.00, real=0.00 secs] 
102.302: Total time for which application threads were stopped: 0.0007350 seconds, Stopping threads took: 0.0000470 seconds
102.450: Application time: 0.1473890 seconds
102.450: [GC102.450: [DefNew: 35153K->1748K(37568K), 0.0006140 secs] 39612K->6207K(120960K), 0.0006410 secs] [Times: user=0.00 sys=0.00, real=0.00 secs] 
102.451: Total time for which application threads were stopped: 0.0007490 seconds, Stopping threads took: 0.0000460 seconds
102.600: Application time: 0.1498570 seconds
102.601: [GC102.601: [DefNew: 35153K->1748K(37568K), 0.0006550 secs] 39612K->6207K(120960K), 0.0006810 secs] [Times: user=0.00 sys=0.00, real=0.00 secs] 
102.601: Total time for which application threads were stopped: 0.0008180 seconds, Stopping threads took: 0.0000860 seconds
102.751: Application time: 0.1499560 seconds
102.751: [GC102.751: [DefNew: 35152K->1748K(37568K), 0.0005970 secs] 39612K->6207K(120960K), 0.0006190 secs] [Times: user=0.00 sys=0.00, real=0.00 secs] 
102.752: Total time for which application threads were stopped: 0.0007710 seconds, Stopping threads took: 0.0001060 seconds
102.902: Application time: 0.1502240 seconds
102.902: [GC102.902: [DefNew: 35152K->1748K(37568K), 0.0006690 secs] 39612K->6207K(120960K), 0.0006970 secs] [Times: user=0.00 sys=0.00, real=0.00 secs] 
102.903: Total time for which application threads were stopped: 0.0008580 seconds, Stopping threads took: 0.0001090 seconds
103.053: Application time: 0.1501610 seconds
103.053: [GC103.053: [DefNew: 35152K->1748K(37568K), 0.0006190 secs] 39612K->6207K(120960K), 0.0006440 secs] [Times: user=0.00 sys=0.00, real=0.00 secs] 
103.054: Total time for which application threads were stopped: 0.0008190 seconds, Stopping threads took: 0.0001000 seconds
103.163: Application time: 0.1088330 seconds
103.163: [GC103.163: [DefNew: 35155K->1749K(37568K), 0.0006460 secs] 39614K->6208K(120960K), 0.0006740 secs] [Times: user=0.00 sys=0.00, real=0.00 secs] 
103.164: Total time for which application threads were stopped: 0.0008990 seconds, Stopping threads took: 0.0001750 seconds
103.290: Application time: 0.1257590 seconds
103.290: [GC103.290: [DefNew: 35154K->1749K(37568K), 0.0006110 secs] 39614K->6208K(120960K), 0.0006400 secs] [Times: user=0.00 sys=0.00, real=0.00 secs] 
103.290: Total time for which application threads were stopped: 0.0007620 seconds, Stopping threads took: 0.0000720 seconds
103.423: Application time: 0.1327560 seconds
103.423: [GC103.423: [DefNew: 35155K->1744K(37568K), 0.0006140 secs] 39614K->6203K(120960K), 0.0006400 secs] [Times: user=0.00 sys=0.00, real=0.00 secs] 
103.424: Total time for which application threads were stopped: 0.0007720 seconds, Stopping threads took: 0.0000820 seconds
103.531: Application time: 0.1070140 seconds
103.531: [GC103.531: [DefNew: 35152K->1741K(37568K), 0.0006470 secs] 39611K->6200K(120960K), 0.0006720 secs] [Times: user=0.00 sys=0.00, real=0.00 secs] 
103.532: Total time for which application threads were stopped: 0.0008290 seconds, Stopping threads took: 0.0001100 seconds
103.638: Application time: 0.1062060 seconds
103.638: [GC103.638: [DefNew: 35146K->1746K(37568K), 0.0006180 secs] 39605K->6205K(120960K), 0.0006500 secs] [Times: user=0.00 sys=0.00, real=0.00 secs] 
103.639: Total time for which application threads were stopped: 0.0007860 seconds, Stopping threads took: 0.0000760 seconds
103.764: Application time: 0.1251300 seconds
103.764: [GC103.764: [DefNew: 35152K->1749K(37568K), 0.0006100 secs] 39611K->6209K(120960K), 0.0006330 secs] [Times: user=0.00 sys=0.00, real=0.00 secs] 
103.765: Total time for which application threads were stopped: 0.0008000 seconds, Stopping threads took: 0.0001190 seconds
103.909: Application time: 0.1441050 seconds
103.909: [GC103.909: [DefNew: 35156K->1748K(37568K), 0.0006080 secs] 39616K->6208K(120960K), 0.0006310 secs] [Times: user=0.00 sys=0.00, real=0.00 secs] 
103.909: Total time for which application threads were stopped: 0.0007550 seconds, Stopping threads took: 0.0000770 seconds
104.052: Application time: 0.1427140 seconds
104.052: [GC104.052: [DefNew: 35154K->1749K(37568K), 0.0006080 secs] 39613K->6209K(120960K), 0.0006320 secs] [Times: user=0.00 sys=0.00, real=0.00 secs] 
104.053: Total time for which application threads were stopped: 0.0007430 seconds, Stopping threads took: 0.0000660 seconds
104.202: Application time: 0.1490100 seconds
104.202: [GC104.202: [DefNew: 35153K->1748K(37568K), 0.0006100 secs] 39613K->6208K(120960K), 0.0006360 secs] [Times: user=0.00 sys=0.00, real=0.00 secs] 
104.203: Total time for which application threads were stopped: 0.0007680 seconds, Stopping threads took: 0.0000740 seconds
104.352: Application time: 0.1493940 seconds
104.352: [GC104.352: [DefNew: 35153K->1748K(37568K), 0.0006030 secs] 39613K->6207K(120960K), 0.0006260 secs] [Times: user=0.01 sys=0.00, real=0.00 secs] 
104.353: Total time for which application threads were stopped: 0.0007730 seconds, Stopping threads took: 0.0001000 seconds
104.503: Application time: 0.1499810 seconds
104.503: [GC104.503: [DefNew: 35152K->1748K(37568K), 0.0006150 secs] 39612K->6207K(120960K), 0.0006410 secs] [Times: user=0.00 sys=0.00, real=0.00 secs] 
104.504: Total time for which application threads were stopped: 0.0007850 seconds, Stopping threads took: 0.0000950 seconds
104.655: Application time: 0.1510400 seconds
104.655: [GC104.655: [DefNew: 35156K->1748K(37568K), 0.0005840 secs] 39615K->6207K(120960K), 0.0006070 secs] [Times: user=0.00 sys=0.00, real=0.00 secs] 
104.655: Total time for which application threads were stopped: 0.0007210 seconds, Stopping threads took: 0.0000670 seconds
104.799: Application time: 0.1433500 seconds
104.799: [GC104.799: [DefNew: 35152K->1744K(37568K), 0.0006230 secs] 39611K->6203K(120960K), 0.0006490 secs] [Times: user=0.00 sys=0.00, real=0.00 secs] 
104.800: Total time for which application threads were stopped: 0.0008140 seconds, Stopping threads took: 0.0001060 seconds
104.913: Application time: 0.1134180 seconds
104.913: [GC104.913: [DefNew: 35150K->1749K(37568K), 0.0006170 secs] 39610K->6209K(120960K), 0.0006430 secs] [Times: user=0.00 sys=0.00, real=0.00 secs] 
104.914: Total time for which application threads were stopped: 0.0007760 seconds, Stopping threads took: 0.0000830 seconds
105.040: Application time: 0.1265960 seconds
105.040: [GC105.040: [DefNew: 35157K->1749K(37568K), 0.0006180 secs] 39616K->6208K(120960K), 0.0006430 secs] [Times: user=0.00 sys=0.00, real=0.00 secs] 
105.041: Total time for which application threads were stopped: 0.0007760 seconds, Stopping threads took: 0.0000820 seconds
105.168: Application time: 0.1263750 seconds
105.168: [GC105.168: [DefNew: 35154K->1749K(37568K), 0.0005530 secs] 39614K->6208K(120960K), 0.0005750 secs] [Times: user=0.00 sys=0.00, real=0.00 secs] 
105.168: Total time for which application threads were stopped: 0.0006930 seconds, Stopping threads took: 0.0000720 seconds
105.266: Application time: 0.0977930 seconds
105.266: [GC105.266: [DefNew: 35153K->1747K(37568K), 0.0006320 secs] 39612K->6206K(120960K), 0.0006580 secs] [Times: user=0.00 sys=0.00, real=0.01 secs] 
105.267: Total time for which application threads were stopped: 0.0008080 seconds, Stopping threads took: 0.0001000 seconds
105.381: Application time: 0.1137680 seconds
105.381: [GC105.381: [DefNew: 35150K->1746K(37568K), 0.0005830 secs] 39610K->6205K(120960K), 0.0006130 secs] [Times: user=0.00 sys=0.00, real=0.00 secs] 
105.381: Total time for which application threads were stopped: 0.0007030 seconds, Stopping threads took: 0.0000340 seconds
105.515: Application time: 0.1336850 seconds
105.515: [GC105.515: [DefNew: 35152K->1749K(37568K), 0.0006020 secs] 39612K->6209K(120960K), 0.0006240 secs] [Times: user=0.00 sys=0.00, real=0.00 secs] 
105.516: Total time for which application threads were stopped: 0.0007710 seconds, Stopping threads took: 0.0001000 seconds
105.657: Application time: 0.1413130 seconds
105.657: [GC105.657: [DefNew: 35154K->1749K(37568K), 0.0005910 secs] 39614K->6209K(120960K), 0.0006130 secs] [Times: user=0.00 sys=0.00, real=0.00 secs] 
105.658: Total time for which application threads were stopped: 0.0007620 seconds, Stopping threads took: 0.0001040 seconds
105.803: Application time: 0.1449890 seconds
105.803: [GC105.803: [DefNew: 35156K->1749K(37568K), 0.0006000 secs] 39616K->6209K(120960K), 0.0006220 secs] [Times: user=0.00 sys=0.00, real=0.00 secs] 
105.804: Total time for which application threads were stopped: 0.0007470 seconds, Stopping threads took: 0.0000780 seconds
105.954: Application time: 0.1502230 seconds
105.954: [GC105.954: [DefNew: 35153K->1748K(37568K), 0.0005970 secs] 39614K->6208K(120960K), 0.0006210 secs] [Times: user=0.00 sys=0.00, real=0.00 secs] 
105.955: Total time for which application threads were stopped: 0.0007440 seconds, Stopping threads took: 0.0000640 seconds
106.104: Application time: 0.1497390 seconds
106.104: [GC106.104: [DefNew: 35152K->1748K(37568K), 0.0006000 secs] 39613K->6208K(120960K), 0.0006230 secs] [Times: user=0.01 sys=0.00, real=0.00 secs] 
106.105: Total time for which application threads were stopped: 0.0007180 seconds, Stopping threads took: 0.0000490 seconds
106.255: Application time: 0.1504900 seconds
106.256: [GC106.256: [DefNew: 35152K->1748K(37568K), 0.0006030 secs] 39613K->6208K(120960K), 0.0016230 secs] [Times: user=0.00 sys=0.00, real=0.00 secs] 
106.257: Total time for which application threads were stopped: 0.0017530 seconds, Stopping threads took: 0.0000770 seconds
106.407: Application time: 0.1499590 seconds
106.407: [GC106.407: [DefNew: 35152K->1748K(37568K), 0.0005980 secs] 39613K->6208K(120960K), 0.0006210 secs] [Times: user=0.00 sys=0.00, real=0.00 secs] 
106.408: Total time for which application threads were stopped: 0.0007410 seconds, Stopping threads took: 0.0000730 seconds
106.542: Application time: 0.1336700 seconds
106.542: [GC106.542: [DefNew: 35152K->1744K(37568K), 0.0006040 secs] 39612K->6204K(120960K), 0.0006320 secs] [Times: user=0.00 sys=0.00, real=0.00 secs] 
106.542: Total time for which application threads were stopped: 0.0007840 seconds, Stopping threads took: 0.0000920 seconds
106.663: Application time: 0.1210620 seconds
106.664: [GC106.664: [DefNew: 35149K->1749K(37568K), 0.0006040 secs] 39610K->6209K(120960K), 0.0006270 secs] [Times: user=0.00 sys=0.00, real=0.00 secs] 
106.664: Total time for which application threads were stopped: 0.0007320 seconds, Stopping threads took: 0.0000580 seconds
106.791: Application time: 0.1263010 seconds
106.791: [GC106.791: [DefNew: 35155K->1749K(37568K), 0.0006150 secs] 39615K->6209K(120960K), 0.0006410 secs] [Times: user=0.00 sys=0.00, real=0.00 secs] 
106.791: Total time for which application threads were stopped: 0.0007790 seconds, Stopping threads took: 0.0000890 seconds
106.918: Application time: 0.1269810 seconds
106.918: [GC106.918: [DefNew: 35155K->1749K(37568K), 0.0006050 secs] 39615K->6209K(120960K), 0.0006300 secs] [Times: user=0.00 sys=0.00, real=0.01 secs] 
106.919: Total time for which application threads were stopped: 0.0007970 seconds, Stopping threads took: 0.0001200 seconds
107.008: Application time: 0.0885910 seconds
107.008: [GC107.008: [DefNew: 35154K->1747K(37568K), 0.0006810 secs] 39614K->6207K(120960K), 0.0007080 secs] [Times: user=0.00 sys=0.00, real=0.00 secs] 
107.009: Total time for which application threads were stopped: 0.0008410 seconds, Stopping threads took: 0.0000750 seconds
107.124: Application time: 0.1154430 seconds
107.124: [GC107.124: [DefNew: 35154K->1746K(37568K), 0.0006640 secs] 39614K->6206K(120960K), 0.0006910 secs] [Times: user=0.00 sys=0.00, real=0.00 secs] 
107.125: Total time for which application threads were stopped: 0.0008480 seconds, Stopping threads took: 0.0000960 seconds
107.266: Application time: 0.1410720 seconds
107.266: [GC107.266: [DefNew: 35152K->1749K(37568K), 0.0006080 secs] 39613K->6209K(120960K), 0.0006300 secs] [Times: user=0.00 sys=0.00, real=0.00 secs] 
107.267: Total time for which application threads were stopped: 0.0007370 seconds, Stopping threads took: 0.0000600 seconds
107.408: Application time: 0.1416390 seconds
107.408: [GC107.408: [DefNew: 35154K->1749K(37568K), 0.0006130 secs] 39615K->6210K(120960K), 0.0006390 secs] [Times: user=0.00 sys=0.00, real=0.00 secs] 
107.409: Total time for which application threads were stopped: 0.0008190 seconds, Stopping threads took: 0.0001090 seconds
107.555: Application time: 0.1463590 seconds
107.556: [GC107.556: [DefNew: 35153K->1748K(37568K), 0.0006060 secs] 39614K->6209K(120960K), 0.0006280 secs] [Times: user=0.00 sys=0.00, real=0.00 secs] 
107.556: Total time for which application threads were stopped: 0.0007320 seconds, Stopping threads took: 0.0000530 seconds
107.706: Application time: 0.1494810 seconds
107.706: [GC107.706: [DefNew: 35156K->1748K(37568K), 0.0006000 secs] 39616K->6209K(120960K), 0.0006250 secs] [Times: user=0.00 sys=0.00, real=0.00 secs] 
107.706: Total time for which application threads were stopped: 0.0007950 seconds, Stopping threads took: 0.0001110 seconds
107.856: Application time: 0.1498690 seconds
107.857: [GC107.857: [DefNew: 35152K->1748K(37568K), 0.0006200 secs] 39613K->6209K(120960K), 0.0006430 secs] [Times: user=0.00 sys=0.00, real=0.00 secs] 
107.857: Total time for which application threads were stopped: 0.0008750 seconds, Stopping threads took: 0.0001600 seconds
108.008: Application time: 0.1507440 seconds
108.008: [GC108.008: [DefNew: 35152K->1748K(37568K), 0.0006180 secs] 39613K->6209K(120960K), 0.0006430 secs] [Times: user=0.00 sys=0.00, real=0.00 secs] 
108.009: Total time for which application threads were stopped: 0.0007930 seconds, Stopping threads took: 0.0000780 seconds
108.159: Application time: 0.1500590 seconds
108.159: [GC108.159: [DefNew: 35152K->1748K(37568K), 0.0005750 secs] 39613K->6209K(120960K), 0.0005980 secs] [Times: user=0.00 sys=0.00, real=0.00 secs] 
108.160: Total time for which application threads were stopped: 0.0007290 seconds, Stopping threads took: 0.0000830 seconds
108.280: Application time: 0.1207600 seconds
108.280: [GC108.280: [DefNew: 35155K->1744K(37568K), 0.0005890 secs] 39615K->6205K(120960K), 0.0006110 secs] [Times: user=0.01 sys=0.00, real=0.00 secs] 
108.281: Total time for which application threads were stopped: 0.0007600 seconds, Stopping threads took: 0.0000910 seconds
108.406: Application time: 0.1247190 seconds
108.406: [GC108.406: [DefNew: 35148K->1744K(37568K), 0.0006000 secs] 39609K->6205K(120960K), 0.0006230 secs] [Times: user=0.00 sys=0.00, real=0.00 secs] 
108.406: Total time for which application threads were stopped: 0.0007200 seconds, Stopping threads took: 0.0000510 seconds
108.542: Application time: 0.1355770 seconds
108.542: [GC108.542: [DefNew: 35150K->1748K(37568K), 0.0006270 secs] 39611K->6209K(120960K), 0.0006530 secs] [Times: user=0.00 sys=0.00, real=0.00 secs] 
108.543: Total time for which application threads were stopped: 0.0008290 seconds, Stopping threads took: 0.0001260 seconds
108.657: Application time: 0.1144880 seconds
108.657: [GC108.657: [DefNew: 35152K->1741K(37568K), 0.0005870 secs] 39613K->6201K(120960K), 0.0006090 secs] [Times: user=0.01 sys=0.00, real=0.00 secs] 
108.658: Total time for which application threads were stopped: 0.0007140 seconds, Stopping threads took: 0.0000590 seconds
108.750: Application time: 0.0918950 seconds
108.750: [GC108.750: [DefNew: 35146K->1751K(37568K), 0.0006130 secs] 39606K->6211K(120960K), 0.0006470 secs] [Times: user=0.00 sys=0.00, real=0.00 secs] 
108.751: Total time for which application threads were stopped: 0.0007700 seconds, Stopping threads took: 0.0000760 seconds
108.872: Application time: 0.1208150 seconds
108.872: [GC108.872: [DefNew: 35157K->1750K(37568K), 0.0006010 secs] 39618K->6211K(120960K), 0.0006240 secs] [Times: user=0.00 sys=0.00, real=0.00 secs] 
108.872: Total time for which application threads were stopped: 0.0007240 seconds, Stopping threads took: 0.0000430 seconds
109.015: Application time: 0.1430860 seconds
109.016: [GC109.016: [DefNew: 35157K->1749K(37568K), 0.0006370 secs] 39618K->6210K(120960K), 0.0006620 secs] [Times: user=0.00 sys=0.00, real=0.00 secs] 
109.016: Total time for which application threads were stopped: 0.0008310 seconds, Stopping threads took: 0.0001210 seconds
109.159: Application time: 0.1423030 seconds
109.159: [GC109.159: [DefNew: 35155K->1749K(37568K), 0.0006150 secs] 39616K->6211K(120960K), 0.0006420 secs] [Times: user=0.00 sys=0.00, real=0.01 secs] 
109.159: Total time for which application threads were stopped: 0.0007480 seconds, Stopping threads took: 0.0000570 seconds
109.307: Application time: 0.1477370 seconds
109.307: [GC109.307: [DefNew: 35154K->1748K(37568K), 0.0005970 secs] 39615K->6210K(120960K), 0.0006190 secs] [Times: user=0.00 sys=0.00, real=0.00 secs] 
109.308: Total time for which application threads were stopped: 0.0007850 seconds, Stopping threads took: 0.0000990 seconds
109.458: Application time: 0.1502500 seconds
109.458: [GC109.458: [DefNew: 35153K->1748K(37568K), 0.0006070 secs] 39614K->6209K(120960K), 0.0006260 secs] [Times: user=0.00 sys=0.00, real=0.01 secs] 
109.459: Total time for which application threads were stopped: 0.0007530 seconds, Stopping threads took: 0.0000690 seconds
109.609: Application time: 0.1497020 seconds
109.609: [GC109.609: [DefNew: 35152K->1748K(37568K), 0.0005960 secs] 39614K->6209K(120960K), 0.0006200 secs] [Times: user=0.00 sys=0.00, real=0.00 secs] 
109.609: Total time for which application threads were stopped: 0.0007270 seconds, Stopping threads took: 0.0000600 seconds
109.760: Application time: 0.1508250 seconds
109.760: [GC109.760: [DefNew: 35152K->1748K(37568K), 0.0005930 secs] 39614K->6209K(120960K), 0.0006150 secs] [Times: user=0.00 sys=0.00, real=0.00 secs] 
109.761: Total time for which application threads were stopped: 0.0007120 seconds, Stopping threads took: 0.0000510 seconds
109.911: Application time: 0.1501580 seconds
109.911: [GC109.911: [DefNew: 35152K->1748K(37568K), 0.0006220 secs] 39614K->6209K(120960K), 0.0006490 secs] [Times: user=0.00 sys=0.00, real=0.00 secs] 
109.912: Total time for which application threads were stopped: 0.0007850 seconds, Stopping threads took: 0.0000850 seconds
110.022: Application time: 0.1099810 seconds
110.022: [GC110.022: [DefNew: 35152K->1744K(37568K), 0.0005980 secs] 39614K->6206K(120960K), 0.0006200 secs] [Times: user=0.00 sys=0.00, real=0.00 secs] 
110.022: Total time for which application threads were stopped: 0.0007460 seconds, Stopping threads took: 0.0000700 seconds
110.147: Application time: 0.1242780 seconds
110.147: [GC110.147: [DefNew: 35150K->1749K(37568K), 0.0006170 secs] 39612K->6211K(120960K), 0.0006420 secs] [Times: user=0.00 sys=0.00, real=0.00 secs] 
110.148: Total time for which application threads were stopped: 0.0007670 seconds, Stopping threads took: 0.0000760 seconds
110.286: Application time: 0.1384690 seconds
110.286: [GC110.286: [DefNew: 35155K->1744K(37568K), 0.0005860 secs] 39616K->6205K(120960K), 0.0006080 secs] [Times: user=0.00 sys=0.00, real=0.00 secs] 
110.287: Total time for which application threads were stopped: 0.0007120 seconds, Stopping threads took: 0.0000560 seconds
110.392: Application time: 0.1055000 seconds
110.392: [GC110.392: [DefNew: 35149K->1741K(37568K), 0.0006570 secs] 39611K->6202K(120960K), 0.0006840 secs] [Times: user=0.00 sys=0.00, real=0.00 secs] 
110.393: Total time for which application threads were stopped: 0.0008120 seconds, Stopping threads took: 0.0000780 seconds
110.499: Application time: 0.1064080 seconds
110.500: [GC110.500: [DefNew: 35147K->1750K(37568K), 0.0006030 secs] 39608K->6212K(120960K), 0.0006330 secs] [Times: user=0.00 sys=0.00, real=0.00 secs] 
110.500: Total time for which application threads were stopped: 0.0008130 seconds, Stopping threads took: 0.0001340 seconds
110.623: Application time: 0.1228270 seconds
110.623: [GC110.623: [DefNew: 35154K->1750K(37568K), 0.0006590 secs] 39615K->6211K(120960K), 0.0006870 secs] [Times: user=0.00 sys=0.00, real=0.00 secs] 
110.624: Total time for which application threads were stopped: 0.0009030 seconds, Stopping threads took: 0.0001580 seconds
110.767: Application time: 0.1432080 seconds
110.767: [GC110.767: [DefNew: 35154K->1749K(37568K), 0.0006100 secs] 39616K->6210K(120960K), 0.0006340 secs] [Times: user=0.00 sys=0.00, real=0.00 secs] 
110.768: Total time for which application threads were stopped: 0.0007710 seconds, Stopping threads took: 0.0000890 seconds
110.911: Application time: 0.1427650 seconds
110.911: [GC110.911: [DefNew: 35156K->1749K(37568K), 0.0006250 secs] 39618K->6211K(120960K), 0.0006510 secs] [Times: user=0.00 sys=0.00, real=0.00 secs] 
110.911: Total time for which application threads were stopped: 0.0007570 seconds, Stopping threads took: 0.0000560 seconds
111.060: Application time: 0.1481870 seconds
111.060: [GC111.060: [DefNew: 35155K->1748K(37568K), 0.0006110 secs] 39617K->6210K(120960K), 0.0006360 secs] [Times: user=0.00 sys=0.00, real=0.00 secs] 
111.060: Total time for which application threads were stopped: 0.0007740 seconds, Stopping threads took: 0.0000900 seconds
111.211: Application time: 0.1504160 seconds
111.211: [GC111.211: [DefNew: 35153K->1748K(37568K), 0.0006570 secs] 39615K->6210K(120960K), 0.0006850 secs] [Times: user=0.00 sys=0.00, real=0.00 secs] 
111.212: Total time for which application threads were stopped: 0.0008430 seconds, Stopping threads took: 0.0000970 seconds
111.362: Application time: 0.1501050 seconds
111.362: [GC111.362: [DefNew: 35152K->1748K(37568K), 0.0006180 secs] 39614K->6210K(120960K), 0.0006480 secs] [Times: user=0.00 sys=0.00, real=0.00 secs] 
111.363: Total time for which application threads were stopped: 0.0007630 seconds, Stopping threads took: 0.0000700 seconds
111.512: Application time: 0.1498420 seconds
111.513: [GC111.513: [DefNew: 35152K->1748K(37568K), 0.0006200 secs] 39614K->6210K(120960K), 0.0006460 secs] [Times: user=0.00 sys=0.00, real=0.00 secs] 
111.513: Total time for which application threads were stopped: 0.0008280 seconds, Stopping threads took: 0.0001090 seconds
111.663: Application time: 0.1497070 seconds
111.663: [GC111.663: [DefNew: 35152K->1748K(37568K), 0.0006100 secs] 39614K->6210K(120960K), 0.0006360 secs] [Times: user=0.01 sys=0.00, real=0.00 secs] 
111.664: Total time for which application threads were stopped: 0.0008160 seconds, Stopping threads took: 0.0001070 seconds
111.772: Application time: 0.1079360 seconds
111.772: [GC111.772: [DefNew: 35152K->1749K(37568K), 0.0005940 secs] 39614K->6211K(120960K), 0.0006170 secs] [Times: user=0.00 sys=0.00, real=0.00 secs] 
111.772: Total time for which application threads were stopped: 0.0007220 seconds, Stopping threads took: 0.0000500 seconds
111.898: Application time: 0.1252530 seconds
111.898: [GC111.898: [DefNew: 35155K->1749K(37568K), 0.0006020 secs] 39617K->6211K(120960K), 0.0006240 secs] [Times: user=0.00 sys=0.00, real=0.00 secs] 
111.898: Total time for which application threads were stopped: 0.0007330 seconds, Stopping threads took: 0.0000630 seconds
112.028: Application time: 0.1299250 seconds
112.028: [GC112.029: [DefNew: 35157K->1744K(37568K), 0.0006220 secs] 39619K->6206K(120960K), 0.0006480 secs] [Times: user=0.00 sys=0.00, real=0.00 secs] 
112.029: Total time for which application threads were stopped: 0.0007910 seconds, Stopping threads took: 0.0000920 seconds
112.128: Application time: 0.0991670 seconds
112.128: [GC112.128: [DefNew: 35148K->1751K(37568K), 0.0006030 secs] 39610K->6213K(120960K), 0.0006260 secs] [Times: user=0.00 sys=0.00, real=0.00 secs] 
112.129: Total time for which application threads were stopped: 0.0007840 seconds, Stopping threads took: 0.0001020 seconds
112.249: Application time: 0.1196790 seconds
112.249: [GC112.249: [DefNew: 35156K->1750K(37568K), 0.0006170 secs] 39618K->6212K(120960K), 0.0006440 secs] [Times: user=0.00 sys=0.00, real=0.00 secs] 
112.250: Total time for which application threads were stopped: 0.0007880 seconds, Stopping threads took: 0.0000950 seconds
112.374: Application time: 0.1239610 seconds
112.374: [GC112.374: [DefNew: 35154K->1749K(37568K), 0.0006160 secs] 39616K->6211K(120960K), 0.0006440 secs] [Times: user=0.00 sys=0.00, real=0.00 secs] 
112.374: Total time for which application threads were stopped: 0.0007910 seconds, Stopping threads took: 0.0000870 seconds
112.516: Application time: 0.1418030 seconds
112.516: [GC112.516: [DefNew: 35156K->1560K(37568K), 0.0005690 secs] 39618K->6022K(120960K), 0.0005920 secs] [Times: user=0.00 sys=0.00, real=0.00 secs] 
112.517: Total time for which application threads were stopped: 0.0007240 seconds, Stopping threads took: 0.0000850 seconds
112.662: Application time: 0.1455220 seconds
112.663: [GC112.663: [DefNew: 34965K->1748K(37568K), 0.0006310 secs] 39428K->6211K(120960K), 0.0006600 secs] [Times: user=0.00 sys=0.00, real=0.00 secs] 
112.663: Total time for which application threads were stopped: 0.0008480 seconds, Stopping threads took: 0.0001360 seconds
112.811: Application time: 0.1481420 seconds
112.811: [GC112.812: [DefNew: 35155K->1748K(37568K), 0.0006270 secs] 39617K->6211K(120960K), 0.0006520 secs] [Times: user=0.00 sys=0.00, real=0.00 secs] 
112.812: Total time for which application threads were stopped: 0.0007780 seconds, Stopping threads took: 0.0000750 seconds
112.962: Application time: 0.1496580 seconds
112.962: [GC112.962: [DefNew: 35153K->1748K(37568K), 0.0006120 secs] 39615K->6210K(120960K), 0.0006380 secs] [Times: user=0.01 sys=0.00, real=0.00 secs] 
112.963: Total time for which application threads were stopped: 0.0008160 seconds, Stopping threads took: 0.0001180 seconds
113.113: Application time: 0.1504850 seconds
113.113: [GC113.113: [DefNew: 35152K->1748K(37568K), 0.0006020 secs] 39615K->6210K(120960K), 0.0006260 secs] [Times: user=0.00 sys=0.00, real=0.00 secs] 
113.114: Total time for which application threads were stopped: 0.0007250 seconds, Stopping threads took: 0.0000520 seconds
113.264: Application time: 0.1505820 seconds
113.265: [GC113.265: [DefNew: 35152K->1748K(37568K), 0.0005920 secs] 39615K->6210K(120960K), 0.0006150 secs] [Times: user=0.00 sys=0.00, real=0.00 secs] 
113.265: Total time for which application threads were stopped: 0.0007050 seconds, Stopping threads took: 0.0000440 seconds
113.405: Application time: 0.1395760 seconds
113.405: [GC113.405: [DefNew: 35153K->1744K(37568K), 0.0006350 secs] 39616K->6206K(120960K), 0.0006600 secs] [Times: user=0.00 sys=0.00, real=0.00 secs] 
113.406: Total time for which application threads were stopped: 0.0007830 seconds, Stopping threads took: 0.0000750 seconds
113.522: Application time: 0.1163650 seconds
113.522: [GC113.522: [DefNew: 35149K->1749K(37568K), 0.0006020 secs] 39612K->6211K(120960K), 0.0006250 secs] [Times: user=0.00 sys=0.00, real=0.00 secs] 
113.523: Total time for which application threads were stopped: 0.0007400 seconds, Stopping threads took: 0.0000610 seconds
113.648: Application time: 0.1257460 seconds
113.648: [GC113.648: [DefNew: 35155K->1749K(37568K), 0.0006010 secs] 39618K->6212K(120960K), 0.0006210 secs] [Times: user=0.00 sys=0.00, real=0.00 secs] 
113.649: Total time for which application threads were stopped: 0.0007140 seconds, Stopping threads took: 0.0000450 seconds
113.776: Application time: 0.1272750 seconds
113.776: [GC113.776: [DefNew: 35155K->1749K(37568K), 0.0006000 secs] 39617K->6211K(120960K), 0.0006250 secs] [Times: user=0.00 sys=0.00, real=0.00 secs] 
113.777: Total time for which application threads were stopped: 0.0007710 seconds, Stopping threads took: 0.0000990 seconds
113.870: Application time: 0.0925280 seconds
113.870: [GC113.870: [DefNew: 35156K->1747K(37568K), 0.0006000 secs] 39619K->6209K(120960K), 0.0006230 secs] [Times: user=0.00 sys=0.00, real=0.00 secs] 
113.870: Total time for which application threads were stopped: 0.0007160 seconds, Stopping threads took: 0.0000470 seconds
113.991: Application time: 0.1210260 seconds
113.991: [GC113.992: [DefNew: 35154K->1746K(37568K), 0.0005940 secs] 39617K->6208K(120960K), 0.0006150 secs] [Times: user=0.00 sys=0.00, real=0.00 secs] 
113.992: Total time for which application threads were stopped: 0.0007220 seconds, Stopping threads took: 0.0000610 seconds
114.124: Application time: 0.1316600 seconds
114.124: [GC114.124: [DefNew: 35152K->1748K(37568K), 0.0005990 secs] 39615K->6211K(120960K), 0.0006230 secs] [Times: user=0.00 sys=0.00, real=0.00 secs] 
114.125: Total time for which application threads were stopped: 0.0007900 seconds, Stopping threads took: 0.0001090 seconds
114.266: Application time: 0.1413830 seconds
114.266: [GC114.266: [DefNew: 35154K->1749K(37568K), 0.0006500 secs] 39616K->6212K(120960K), 0.0006740 secs] [Times: user=0.01 sys=0.00, real=0.01 secs] 
114.267: Total time for which application threads were stopped: 0.0008390 seconds, Stopping threads took: 0.0001180 seconds
114.413: Application time: 0.1465480 seconds
114.413: [GC114.413: [DefNew: 35155K->1748K(37568K), 0.0005980 secs] 39618K->6212K(120960K), 0.0006210 secs] [Times: user=0.00 sys=0.00, real=0.00 secs] 
114.414: Total time for which application threads were stopped: 0.0007420 seconds, Stopping threads took: 0.0000640 seconds
114.563: Application time: 0.1485890 seconds
114.563: [GC114.563: [DefNew: 35156K->1748K(37568K), 0.0006130 secs] 39619K->6211K(120960K), 0.0006400 secs] [Times: user=0.00 sys=0.00, real=0.00 secs] 
114.564: Total time for which application threads were stopped: 0.0008370 seconds, Stopping threads took: 0.0001450 seconds
114.713: Application time: 0.1496350 seconds
114.713: [GC114.713: [DefNew: 35153K->1748K(37568K), 0.0006010 secs] 39616K->6211K(120960K), 0.0006240 secs] [Times: user=0.00 sys=0.00, real=0.00 secs] 
114.714: Total time for which application threads were stopped: 0.0007950 seconds, Stopping threads took: 0.0001120 seconds
114.864: Application time: 0.1502550 seconds
114.864: [GC114.864: [DefNew: 35152K->1748K(37568K), 0.0006150 secs] 39615K->6211K(120960K), 0.0006400 secs] [Times: user=0.00 sys=0.00, real=0.00 secs] 
114.865: Total time for which application threads were stopped: 0.0008620 seconds, Stopping threads took: 0.0001710 seconds
115.016: Application time: 0.1508360 seconds
115.016: [GC115.016: [DefNew: 35152K->1748K(37568K), 0.0005940 secs] 39615K->6211K(120960K), 0.0006180 secs] [Times: user=0.00 sys=0.00, real=0.00 secs] 
115.017: Total time for which application threads were stopped: 0.0007400 seconds, Stopping threads took: 0.0000750 seconds
115.145: Application time: 0.1284040 seconds
115.145: [GC115.145: [DefNew: 35154K->1739K(37568K), 0.0006490 secs] 39617K->6203K(120960K), 0.0006770 secs] [Times: user=0.00 sys=0.00, real=0.00 secs] 
115.146: Total time for which application threads were stopped: 0.0007930 seconds, Stopping threads took: 0.0000660 seconds
115.266: Application time: 0.1199590 seconds
115.266: [GC115.266: [DefNew: 35143K->1745K(37568K), 0.0005960 secs] 39606K->6208K(120960K), 0.0006210 secs] [Times: user=0.00 sys=0.00, real=0.00 secs] 
115.267: Total time for which application threads were stopped: 0.0007680 seconds, Stopping threads took: 0.0000890 seconds
115.400: Application time: 0.1330100 seconds
115.400: [GC115.400: [DefNew: 35152K->1748K(37568K), 0.0006490 secs] 39615K->6211K(120960K), 0.0006750 secs] [Times: user=0.00 sys=0.00, real=0.00 secs] 
115.400: Total time for which application threads were stopped: 0.0008010 seconds, Stopping threads took: 0.0000750 seconds
115.517: Application time: 0.1169540 seconds
115.517: [GC115.517: [DefNew: 35156K->1740K(37568K), 0.0005930 secs] 39619K->6203K(120960K), 0.0006160 secs] [Times: user=0.00 sys=0.00, real=0.00 secs] 
115.518: Total time for which application threads were stopped: 0.0007260 seconds, Stopping threads took: 0.0000650 seconds
115.609: Application time: 0.0912880 seconds
115.610: [GC115.610: [DefNew: 35146K->1746K(37568K), 0.0006430 secs] 39609K->6209K(120960K), 0.0006780 secs] [Times: user=0.00 sys=0.00, real=0.00 secs] 
115.610: Total time for which application threads were stopped: 0.0008290 seconds, Stopping threads took: 0.0001000 seconds
115.733: Application time: 0.1226370 seconds
115.733: [GC115.733: [DefNew: 35154K->1746K(37568K), 0.0006420 secs] 39617K->6209K(120960K), 0.0006660 secs] [Times: user=0.00 sys=0.00, real=0.00 secs] 
115.734: Total time for which application threads were stopped: 0.0008490 seconds, Stopping threads took: 0.0001140 seconds
115.873: Application time: 0.1391320 seconds
115.873: [GC115.873: [DefNew: 35150K->1749K(37568K), 0.0005920 secs] 39613K->6212K(120960K), 0.0006150 secs] [Times: user=0.00 sys=0.00, real=0.00 secs] 
115.874: Total time for which application threads were stopped: 0.0008450 seconds, Stopping threads took: 0.0001540 seconds
116.015: Application time: 0.1416940 seconds
116.016: [GC116.016: [DefNew: 35153K->1749K(37568K), 0.0006560 secs] 39616K->6213K(120960K), 0.0006840 secs] [Times: user=0.00 sys=0.00, real=0.00 secs] 
116.016: Total time for which application threads were stopped: 0.0009290 seconds, Stopping threads took: 0.0001730 seconds
116.164: Application time: 0.1477350 seconds
116.164: [GC116.164: [DefNew: 35156K->1748K(37568K), 0.0005580 secs] 39619K->6212K(120960K), 0.0005810 secs] [Times: user=0.00 sys=0.00, real=0.00 secs] 
116.165: Total time for which application threads were stopped: 0.0007040 seconds, Stopping threads took: 0.0000780 seconds
116.315: Application time: 0.1500280 seconds
116.315: [GC116.315: [DefNew: 35155K->1748K(37568K), 0.0006600 secs] 39619K->6211K(120960K), 0.0006860 secs] [Times: user=0.00 sys=0.00, real=0.00 secs] 
116.316: Total time for which application threads were stopped: 0.0008320 seconds, Stopping threads took: 0.0000940 seconds
116.465: Application time: 0.1497770 seconds
116.466: [GC116.466: [DefNew: 35152K->1748K(37568K), 0.0006100 secs] 39616K->6211K(120960K), 0.0006400 secs] [Times: user=0.00 sys=0.00, real=0.00 secs] 
116.466: Total time for which application threads were stopped: 0.0007890 seconds, Stopping threads took: 0.0000730 seconds
116.616: Application time: 0.1502590 seconds
116.617: [GC116.617: [DefNew: 35152K->1748K(37568K), 0.0006560 secs] 39616K->6211K(120960K), 0.0006840 secs] [Times: user=0.00 sys=0.00, real=0.00 secs] 
116.617: Total time for which application threads were stopped: 0.0009010 seconds, Stopping threads took: 0.0001450 seconds
116.767: Application time: 0.1501440 seconds
116.768: [GC116.768: [DefNew: 35152K->1748K(37568K), 0.0006160 secs] 39616K->6211K(120960K), 0.0006430 secs] [Times: user=0.01 sys=0.00, real=0.00 secs] 
116.768: Total time for which application threads were stopped: 0.0007580 seconds, Stopping threads took: 0.0000630 seconds
116.885: Application time: 0.1170830 seconds
116.885: [GC116.885: [DefNew: 35154K->1744K(37568K), 0.0006140 secs] 39618K->6208K(120960K), 0.0006390 secs] [Times: user=0.00 sys=0.00, real=0.00 secs] 
116.886: Total time for which application threads were stopped: 0.0007850 seconds, Stopping threads took: 0.0000940 seconds
117.007: Application time: 0.1205530 seconds
117.007: [GC117.007: [DefNew: 35150K->1744K(37568K), 0.0006160 secs] 39614K->6208K(120960K), 0.0006410 secs] [Times: user=0.00 sys=0.00, real=0.00 secs] 
117.007: Total time for which application threads were stopped: 0.0007610 seconds, Stopping threads took: 0.0000510 seconds
117.151: Application time: 0.1431590 seconds
117.151: [GC117.151: [DefNew: 35151K->1608K(37568K), 0.0005890 secs] 39614K->6071K(120960K), 0.0006130 secs] [Times: user=0.00 sys=0.00, real=0.00 secs] 
117.151: Total time for which application threads were stopped: 0.0007190 seconds, Stopping threads took: 0.0000600 seconds
117.253: Application time: 0.1018750 seconds
117.253: [GC117.253: [DefNew: 35014K->1740K(37568K), 0.0006050 secs] 39478K->6204K(120960K), 0.0006280 secs] [Times: user=0.00 sys=0.00, real=0.00 secs] 
117.254: Total time for which application threads were stopped: 0.0007450 seconds, Stopping threads took: 0.0000610 seconds
117.362: Application time: 0.1084400 seconds
117.362: [GC117.363: [DefNew: 35147K->1751K(37568K), 0.0006320 secs] 39611K->6215K(120960K), 0.0006570 secs] [Times: user=0.00 sys=0.00, real=0.00 secs] 
117.363: Total time for which application threads were stopped: 0.0007850 seconds, Stopping threads took: 0.0000790 seconds
117.499: Application time: 0.1354000 seconds
117.499: [GC117.499: [DefNew: 35155K->1750K(37568K), 0.0006400 secs] 39618K->6213K(120960K), 0.0006680 secs] [Times: user=0.00 sys=0.00, real=0.01 secs] 
117.499: Total time for which application threads were stopped: 0.0008270 seconds, Stopping threads took: 0.0001060 seconds
117.656: Application time: 0.1571070 seconds
117.657: [GC117.657: [DefNew: 35154K->1749K(37568K), 0.0006480 secs] 39618K->6213K(120960K), 0.0006710 secs] [Times: user=0.00 sys=0.00, real=0.00 secs] 
117.657: Total time for which application threads were stopped: 0.0008500 seconds, Stopping threads took: 0.0001210 seconds
117.814: Application time: 0.1566300 seconds
117.814: [GC117.814: [DefNew: 35155K->1749K(37568K), 0.0006250 secs] 39619K->6213K(120960K), 0.0006490 secs] [Times: user=0.00 sys=0.00, real=0.00 secs] 
117.815: Total time for which application threads were stopped: 0.0008250 seconds, Stopping threads took: 0.0001220 seconds
117.977: Application time: 0.1620740 seconds
117.977: [GC117.977: [DefNew: 35156K->1748K(37568K), 0.0006400 secs] 39620K->6212K(120960K), 0.0006660 secs] [Times: user=0.00 sys=0.00, real=0.00 secs] 
117.978: Total time for which application threads were stopped: 0.0007960 seconds, Stopping threads took: 0.0000760 seconds
118.142: Application time: 0.1646090 seconds
118.143: [GC118.143: [DefNew: 35153K->1748K(37568K), 0.0006300 secs] 39617K->6212K(120960K), 0.0006590 secs] [Times: user=0.00 sys=0.00, real=0.00 secs] 
118.143: Total time for which application threads were stopped: 0.0009320 seconds, Stopping threads took: 0.0002020 seconds
118.308: Application time: 0.1649360 seconds
118.308: [GC118.308: [DefNew: 35152K->1748K(37568K), 0.0006670 secs] 39617K->6212K(120960K), 0.0006960 secs] [Times: user=0.00 sys=0.00, real=0.00 secs] 
118.309: Total time for which application threads were stopped: 0.0009930 seconds, Stopping threads took: 0.0002330 seconds
118.475: Application time: 0.1656510 seconds
118.475: [GC118.475: [DefNew: 35152K->1748K(37568K), 0.0006410 secs] 39617K->6212K(120960K), 0.0006670 secs] [Times: user=0.00 sys=0.00, real=0.00 secs] 
118.476: Total time for which application threads were stopped: 0.0008030 seconds, Stopping threads took: 0.0000870 seconds
118.641: Application time: 0.1650420 seconds
118.641: [GC118.641: [DefNew: 35156K->1748K(37568K), 0.0006130 secs] 39620K->6212K(120960K), 0.0006370 secs] [Times: user=0.00 sys=0.00, real=0.00 secs] 
118.642: Total time for which application threads were stopped: 0.0008360 seconds, Stopping threads took: 0.0001490 seconds
118.761: Application time: 0.1198360 seconds
118.761: [GC118.762: [DefNew: 35155K->1749K(37568K), 0.0006030 secs] 39619K->6213K(120960K), 0.0006260 secs] [Times: user=0.00 sys=0.00, real=0.00 secs] 
118.762: Total time for which application threads were stopped: 0.0007900 seconds, Stopping threads took: 0.0000940 seconds
118.900: Application time: 0.1375010 seconds
118.900: [GC118.900: [DefNew: 35155K->1749K(37568K), 0.0006150 secs] 39619K->6213K(120960K), 0.0006390 secs] [Times: user=0.00 sys=0.00, real=0.00 secs] 
118.900: Total time for which application threads were stopped: 0.0007550 seconds, Stopping threads took: 0.0000600 seconds
119.050: Application time: 0.1495620 seconds
119.050: [GC119.050: [DefNew: 35156K->1744K(37568K), 0.0006190 secs] 39620K->6208K(120960K), 0.0006460 secs] [Times: user=0.00 sys=0.00, real=0.00 secs] 
119.051: Total time for which application threads were stopped: 0.0007760 seconds, Stopping threads took: 0.0000740 seconds
119.157: Application time: 0.1059840 seconds
119.157: [GC119.157: [DefNew: 35150K->1580K(37568K), 0.0007340 secs] 39614K->6044K(120960K), 0.0007660 secs] [Times: user=0.00 sys=0.00, real=0.00 secs] 
119.158: Total time for which application threads were stopped: 0.0008830 seconds, Stopping threads took: 0.0000670 seconds
119.284: Application time: 0.1267540 seconds
119.284: [GC119.284: [DefNew: 34984K->1751K(37568K), 0.0006220 secs] 39449K->6215K(120960K), 0.0006460 secs] [Times: user=0.00 sys=0.00, real=0.00 secs] 
119.285: Total time for which application threads were stopped: 0.0007820 seconds, Stopping threads took: 0.0000870 seconds
119.422: Application time: 0.1370720 seconds
119.422: [GC119.422: [DefNew: 35155K->1749K(37568K), 0.0006420 secs] 39619K->6213K(120960K), 0.0006690 secs] [Times: user=0.00 sys=0.00, real=0.00 secs] 
119.423: Total time for which application threads were stopped: 0.0008350 seconds, Stopping threads took: 0.0001050 seconds
119.579: Application time: 0.1556730 seconds
119.579: [GC119.579: [DefNew: 35155K->1749K(37568K), 0.0006670 secs] 39619K->6214K(120960K), 0.0006950 secs] [Times: user=0.00 sys=0.00, real=0.00 secs] 
119.580: Total time for which application threads were stopped: 0.0008310 seconds, Stopping threads took: 0.0000850 seconds
119.739: Application time: 0.1591220 seconds
119.739: [GC119.739: [DefNew: 35157K->1749K(37568K), 0.0006270 secs] 39622K->6213K(120960K), 0.0006500 secs] [Times: user=0.00 sys=0.00, real=0.00 secs] 
119.739: Total time for which application threads were stopped: 0.0007990 seconds, Stopping threads took: 0.0000990 seconds
119.901: Application time: 0.1618400 seconds
119.901: [GC119.901: [DefNew: 35153K->1748K(37568K), 0.0006260 secs] 39617K->6213K(120960K), 0.0006510 secs] [Times: user=0.00 sys=0.00, real=0.00 secs] 
119.902: Total time for which application threads were stopped: 0.0007640 seconds, Stopping threads took: 0.0000600 seconds
120.066: Application time: 0.1643300 seconds
120.067: [GC120.067: [DefNew: 35153K->1748K(37568K), 0.0006240 secs] 39618K->6213K(120960K), 0.0006470 secs] [Times: user=0.00 sys=0.00, real=0.01 secs] 
120.067: Total time for which application threads were stopped: 0.0008460 seconds, Stopping threads took: 0.0001170 seconds
120.232: Application time: 0.1650470 seconds
120.232: [GC120.232: [DefNew: 35152K->1748K(37568K), 0.0006170 secs] 39617K->6213K(120960K), 0.0006420 secs] [Times: user=0.00 sys=0.00, real=0.00 secs] 
120.233: Total time for which application threads were stopped: 0.0007580 seconds, Stopping threads took: 0.0000630 seconds
120.398: Application time: 0.1648940 seconds
120.398: [GC120.398: [DefNew: 35152K->1748K(37568K), 0.0006240 secs] 39617K->6213K(120960K), 0.0006490 secs] [Times: user=0.00 sys=0.00, real=0.01 secs] 
120.399: Total time for which application threads were stopped: 0.0008300 seconds, Stopping threads took: 0.0001090 seconds
120.562: Application time: 0.1631110 seconds
120.562: [GC120.562: [DefNew: 35155K->1743K(37568K), 0.0006460 secs] 39619K->6208K(120960K), 0.0006730 secs] [Times: user=0.00 sys=0.00, real=0.00 secs] 
120.563: Total time for which application threads were stopped: 0.0008680 seconds, Stopping threads took: 0.0001220 seconds
120.683: Application time: 0.1202520 seconds
120.683: [GC120.683: [DefNew: 35150K->1749K(37568K), 0.0006120 secs] 39615K->6214K(120960K), 0.0006360 secs] [Times: user=0.00 sys=0.00, real=0.00 secs] 
120.684: Total time for which application threads were stopped: 0.0007520 seconds, Stopping threads took: 0.0000600 seconds
120.821: Application time: 0.1375620 seconds
120.821: [GC120.821: [DefNew: 35155K->1749K(37568K), 0.0006750 secs] 39620K->6214K(120960K), 0.0007030 secs] [Times: user=0.00 sys=0.00, real=0.00 secs] 
120.822: Total time for which application threads were stopped: 0.0008310 seconds, Stopping threads took: 0.0000750 seconds
120.964: Application time: 0.1414350 seconds
120.967: [GC120.967: [DefNew: 35154K->1744K(37568K), 0.0006820 secs] 39619K->6209K(120960K), 0.0007090 secs] [Times: user=0.01 sys=0.00, real=0.00 secs] 
120.968: Total time for which application threads were stopped: 0.0040450 seconds, Stopping threads took: 0.0032810 seconds
121.068: Application time: 0.1000710 seconds
121.068: [GC121.068: [DefNew: 35148K->1747K(37568K), 0.0006310 secs] 39613K->6212K(120960K), 0.0006660 secs] [Times: user=0.00 sys=0.00, real=0.00 secs] 
121.069: Total time for which application threads were stopped: 0.0008970 seconds, Stopping threads took: 0.0001570 seconds
121.209: Application time: 0.1402270 seconds
121.209: [GC121.209: [DefNew: 35152K->1750K(37568K), 0.0006210 secs] 39617K->6215K(120960K), 0.0006440 secs] [Times: user=0.00 sys=0.00, real=0.00 secs] 
121.210: Total time for which application threads were stopped: 0.0008490 seconds, Stopping threads took: 0.0001230 seconds
121.342: Application time: 0.1322160 seconds
121.342: [GC121.342: [DefNew: 35156K->1749K(37568K), 0.0006100 secs] 39621K->6214K(120960K), 0.0006370 secs] [Times: user=0.00 sys=0.00, real=0.00 secs] 
121.343: Total time for which application threads were stopped: 0.0007900 seconds, Stopping threads took: 0.0000980 seconds
121.484: Application time: 0.1411810 seconds
121.484: [GC121.484: [DefNew: 35153K->1749K(37568K), 0.0006580 secs] 39618K->6215K(120960K), 0.0015800 secs] [Times: user=0.00 sys=0.00, real=0.00 secs] 
121.486: Total time for which application threads were stopped: 0.0017260 seconds, Stopping threads took: 0.0000930 seconds
121.632: Application time: 0.1467910 seconds
121.633: [GC121.633: [DefNew: 35153K->1748K(37568K), 0.0006040 secs] 39618K->6214K(120960K), 0.0006270 secs] [Times: user=0.00 sys=0.00, real=0.00 secs] 
121.633: Total time for which application threads were stopped: 0.0007550 seconds, Stopping threads took: 0.0000810 seconds
121.781: Application time: 0.1480850 seconds
121.781: [GC121.781: [DefNew: 35152K->1748K(37568K), 0.0006650 secs] 39617K->6214K(120960K), 0.0006940 secs] [Times: user=0.00 sys=0.00, real=0.00 secs] 
121.782: Total time for which application threads were stopped: 0.0008410 seconds, Stopping threads took: 0.0000800 seconds
121.932: Application time: 0.1500130 seconds
121.932: [GC121.932: [DefNew: 35153K->1748K(37568K), 0.0006190 secs] 39618K->6213K(120960K), 0.0006430 secs] [Times: user=0.00 sys=0.00, real=0.00 secs] 
121.933: Total time for which application threads were stopped: 0.0008110 seconds, Stopping threads took: 0.0001210 seconds
122.083: Application time: 0.1497560 seconds
122.083: [GC122.083: [DefNew: 35152K->1748K(37568K), 0.0006360 secs] 39618K->6213K(120960K), 0.0006610 secs] [Times: user=0.00 sys=0.00, real=0.00 secs] 
122.084: Total time for which application threads were stopped: 0.0008400 seconds, Stopping threads took: 0.0001130 seconds
122.234: Application time: 0.1505250 seconds
122.234: [GC122.234: [DefNew: 35152K->1748K(37568K), 0.0006050 secs] 39618K->6213K(120960K), 0.0006290 secs] [Times: user=0.00 sys=0.00, real=0.00 secs] 
122.235: Total time for which application threads were stopped: 0.0007450 seconds, Stopping threads took: 0.0000690 seconds
122.375: Application time: 0.1398040 seconds
122.375: [GC122.375: [DefNew: 35154K->1739K(37568K), 0.0006050 secs] 39619K->6205K(120960K), 0.0006260 secs] [Times: user=0.00 sys=0.00, real=0.00 secs] 
122.375: Total time for which application threads were stopped: 0.0007440 seconds, Stopping threads took: 0.0000560 seconds
122.487: Application time: 0.1115320 seconds
122.487: [GC122.487: [DefNew: 35143K->1745K(37568K), 0.0005980 secs] 39609K->6210K(120960K), 0.0006220 secs] [Times: user=0.00 sys=0.00, real=0.00 secs] 
122.488: Total time for which application threads were stopped: 0.0007640 seconds, Stopping threads took: 0.0000960 seconds
122.619: Application time: 0.1311660 seconds
122.619: [GC122.619: [DefNew: 35153K->1749K(37568K), 0.0006600 secs] 39618K->6214K(120960K), 0.0006860 secs] [Times: user=0.00 sys=0.00, real=0.00 secs] 
122.620: Total time for which application threads were stopped: 0.0008990 seconds, Stopping threads took: 0.0001630 seconds
122.741: Application time: 0.1212460 seconds
122.741: [GC122.741: [DefNew: 35155K->1745K(37568K), 0.0006140 secs] 39621K->6210K(120960K), 0.0006400 secs] [Times: user=0.00 sys=0.00, real=0.00 secs] 
122.742: Total time for which application threads were stopped: 0.0007420 seconds, Stopping threads took: 0.0000440 seconds
122.832: Application time: 0.0900140 seconds
122.832: [GC122.832: [DefNew: 35148K->1746K(37568K), 0.0006080 secs] 39613K->6212K(120960K), 0.0006310 secs] [Times: user=0.00 sys=0.00, real=0.00 secs] 
122.833: Total time for which application threads were stopped: 0.0007620 seconds, Stopping threads took: 0.0000850 seconds
122.958: Application time: 0.1259130 seconds
122.959: [GC122.959: [DefNew: 35151K->1746K(37568K), 0.0006210 secs] 39617K->6211K(120960K), 0.0006480 secs] [Times: user=0.00 sys=0.00, real=0.01 secs] 
122.959: Total time for which application threads were stopped: 0.0008110 seconds, Stopping threads took: 0.0001040 seconds
123.095: Application time: 0.1354150 seconds
123.095: [GC123.095: [DefNew: 35153K->1748K(37568K), 0.0006060 secs] 39618K->6214K(120960K), 0.0006320 secs] [Times: user=0.00 sys=0.00, real=0.00 secs] 
123.095: Total time for which application threads were stopped: 0.0007430 seconds, Stopping threads took: 0.0000630 seconds
123.235: Application time: 0.1400550 seconds
123.236: [GC123.236: [DefNew: 35153K->1750K(37568K), 0.0006090 secs] 39619K->6216K(120960K), 0.0006350 secs] [Times: user=0.00 sys=0.00, real=0.00 secs] 
123.236: Total time for which application threads were stopped: 0.0007420 seconds, Stopping threads took: 0.0000570 seconds
123.384: Application time: 0.1475940 seconds
123.384: [GC123.384: [DefNew: 35156K->1748K(37568K), 0.0006170 secs] 39622K->6214K(120960K), 0.0006380 secs] [Times: user=0.00 sys=0.00, real=0.00 secs] 
123.385: Total time for which application threads were stopped: 0.0008480 seconds, Stopping threads took: 0.0001490 seconds
123.534: Application time: 0.1496610 seconds
123.534: [GC123.534: [DefNew: 35153K->1748K(37568K), 0.0005990 secs] 39619K->6214K(120960K), 0.0006210 secs] [Times: user=0.00 sys=0.00, real=0.00 secs] 
123.535: Total time for which application threads were stopped: 0.0007340 seconds, Stopping threads took: 0.0000550 seconds
123.685: Application time: 0.1494830 seconds
123.685: [GC123.685: [DefNew: 35152K->1748K(37568K), 0.0005890 secs] 39618K->6214K(120960K), 0.0006110 secs] [Times: user=0.00 sys=0.00, real=0.00 secs] 
123.685: Total time for which application threads were stopped: 0.0007380 seconds, Stopping threads took: 0.0000720 seconds
123.835: Application time: 0.1501250 seconds
123.836: [GC123.836: [DefNew: 35152K->1748K(37568K), 0.0005980 secs] 39618K->6214K(120960K), 0.0006230 secs] [Times: user=0.00 sys=0.00, real=0.00 secs] 
123.836: Total time for which application threads were stopped: 0.0007740 seconds, Stopping threads took: 0.0000990 seconds
123.986: Application time: 0.1500120 seconds
123.986: [GC123.986: [DefNew: 35152K->1748K(37568K), 0.0006020 secs] 39618K->6214K(120960K), 0.0006270 secs] [Times: user=0.00 sys=0.00, real=0.01 secs] 
123.987: Total time for which application threads were stopped: 0.0007850 seconds, Stopping threads took: 0.0001110 seconds
124.112: Application time: 0.1248960 seconds
124.112: [GC124.112: [DefNew: 35152K->1740K(37568K), 0.0005980 secs] 39618K->6206K(120960K), 0.0006210 secs] [Times: user=0.00 sys=0.00, real=0.00 secs] 
124.113: Total time for which application threads were stopped: 0.0007750 seconds, Stopping threads took: 0.0000970 seconds
124.228: Application time: 0.1157810 seconds
124.229: [GC124.229: [DefNew: 35147K->1745K(37568K), 0.0006440 secs] 39613K->6211K(120960K), 0.0006690 secs] [Times: user=0.00 sys=0.00, real=0.00 secs] 
124.229: Total time for which application threads were stopped: 0.0007950 seconds, Stopping threads took: 0.0000790 seconds
124.370: Application time: 0.1407870 seconds
124.370: [GC124.370: [DefNew: 35151K->1748K(37568K), 0.0006070 secs] 39617K->6214K(120960K), 0.0006330 secs] [Times: user=0.00 sys=0.00, real=0.00 secs] 
124.371: Total time for which application threads were stopped: 0.0007770 seconds, Stopping threads took: 0.0000950 seconds
124.474: Application time: 0.1034940 seconds
124.474: [GC124.474: [DefNew: 35156K->1741K(37568K), 0.0006230 secs] 39622K->6206K(120960K), 0.0006580 secs] [Times: user=0.00 sys=0.00, real=0.00 secs] 
124.475: Total time for which application threads were stopped: 0.0007840 seconds, Stopping threads took: 0.0000760 seconds
124.576: Application time: 0.1007140 seconds
124.576: [GC124.576: [DefNew: 35145K->1751K(37568K), 0.0006250 secs] 39611K->6217K(120960K), 0.0006520 secs] [Times: user=0.00 sys=0.00, real=0.00 secs] 
124.577: Total time for which application threads were stopped: 0.0008030 seconds, Stopping threads took: 0.0001010 seconds
124.703: Application time: 0.1260600 seconds
124.703: [GC124.703: [DefNew: 35159K->1745K(37568K), 0.0006620 secs] 39624K->6211K(120960K), 0.0006890 secs] [Times: user=0.00 sys=0.00, real=0.00 secs] 
124.703: Total time for which application threads were stopped: 0.0008310 seconds, Stopping threads took: 0.0000800 seconds
124.844: Application time: 0.1401650 seconds
124.844: [GC124.844: [DefNew: 35152K->1749K(37568K), 0.0006490 secs] 39618K->6215K(120960K), 0.0006770 secs] [Times: user=0.00 sys=0.00, real=0.00 secs] 
124.844: Total time for which application threads were stopped: 0.0007930 seconds, Stopping threads took: 0.0000660 seconds
124.986: Application time: 0.1420160 seconds
124.987: [GC124.987: [DefNew: 35154K->1749K(37568K), 0.0006250 secs] 39620K->6216K(120960K), 0.0006520 secs] [Times: user=0.00 sys=0.00, real=0.01 secs] 
124.987: Total time for which application threads were stopped: 0.0007770 seconds, Stopping threads took: 0.0000730 seconds
125.135: Application time: 0.1481040 seconds
125.135: [GC125.135: [DefNew: 35156K->1748K(37568K), 0.0006040 secs] 39623K->6215K(120960K), 0.0006290 secs] [Times: user=0.00 sys=0.00, real=0.00 secs] 
125.136: Total time for which application threads were stopped: 0.0007520 seconds, Stopping threads took: 0.0000740 seconds
125.286: Application time: 0.1501120 seconds
125.286: [GC125.286: [DefNew: 35153K->1748K(37568K), 0.0006230 secs] 39619K->6214K(120960K), 0.0006520 secs] [Times: user=0.00 sys=0.00, real=0.01 secs] 
125.287: Total time for which application threads were stopped: 0.0008090 seconds, Stopping threads took: 0.0000950 seconds
125.437: Application time: 0.1502420 seconds
125.437: [GC125.437: [DefNew: 35152K->1748K(37568K), 0.0006430 secs] 39619K->6214K(120960K), 0.0006700 secs] [Times: user=0.00 sys=0.00, real=0.00 secs] 
125.438: Total time for which application threads were stopped: 0.0008000 seconds, Stopping threads took: 0.0000790 seconds
125.588: Application time: 0.1502450 seconds
125.588: [GC125.588: [DefNew: 35152K->1748K(37568K), 0.0006060 secs] 39619K->6214K(120960K), 0.0006310 secs] [Times: user=0.00 sys=0.00, real=0.00 secs] 
125.589: Total time for which application threads were stopped: 0.0007770 seconds, Stopping threads took: 0.0000940 seconds
125.739: Application time: 0.1499310 seconds
125.739: [GC125.739: [DefNew: 35152K->1748K(37568K), 0.0006350 secs] 39619K->6214K(120960K), 0.0006620 secs] [Times: user=0.00 sys=0.00, real=0.00 secs] 
125.740: Total time for which application threads were stopped: 0.0008080 seconds, Stopping threads took: 0.0000960 seconds
125.855: Application time: 0.1146830 seconds
125.855: [GC125.855: [DefNew: 35155K->1744K(37568K), 0.0005650 secs] 39622K->6211K(120960K), 0.0005830 secs] [Times: user=0.00 sys=0.00, real=0.00 secs] 
125.855: Total time for which application threads were stopped: 0.0007190 seconds, Stopping threads took: 0.0000820 seconds
125.976: Application time: 0.1203720 seconds
125.976: [GC125.976: [DefNew: 35150K->1749K(37568K), 0.0005990 secs] 39617K->6216K(120960K), 0.0006220 secs] [Times: user=0.01 sys=0.00, real=0.00 secs] 
125.976: Total time for which application threads were stopped: 0.0007540 seconds, Stopping threads took: 0.0000850 seconds
126.122: Application time: 0.1451750 seconds
126.122: [GC126.122: [DefNew: 35156K->1744K(37568K), 0.0006240 secs] 39623K->6210K(120960K), 0.0006490 secs] [Times: user=0.00 sys=0.00, real=0.00 secs] 
126.122: Total time for which application threads were stopped: 0.0008470 seconds, Stopping threads took: 0.0001500 seconds
126.212: Application time: 0.0892660 seconds
126.212: [GC126.212: [DefNew: 35150K->1745K(37568K), 0.0006140 secs] 39617K->6212K(120960K), 0.0006500 secs] [Times: user=0.00 sys=0.00, real=0.00 secs] 
126.212: Total time for which application threads were stopped: 0.0007420 seconds, Stopping threads took: 0.0000420 seconds
126.328: Application time: 0.1157340 seconds
126.328: [GC126.328: [DefNew: 35151K->1751K(37568K), 0.0006320 secs] 39617K->6217K(120960K), 0.0006590 secs] [Times: user=0.00 sys=0.00, real=0.00 secs] 
126.329: Total time for which application threads were stopped: 0.0008160 seconds, Stopping threads took: 0.0001060 seconds
126.452: Application time: 0.1231800 seconds
126.452: [GC126.452: [DefNew: 35154K->1750K(37568K), 0.0006320 secs] 39621K->6216K(120960K), 0.0006570 secs] [Times: user=0.00 sys=0.00, real=0.00 secs] 
126.453: Total time for which application threads were stopped: 0.0008960 seconds, Stopping threads took: 0.0001820 seconds
126.594: Application time: 0.1413280 seconds
126.594: [GC126.595: [DefNew: 35125K->1625K(37568K), 0.0006340 secs] 39591K->6092K(120960K), 0.0006650 secs] [Times: user=0.00 sys=0.00, real=0.00 secs] 
126.595: Total time for which application threads were stopped: 0.0007940 seconds, Stopping threads took: 0.0000780 seconds
126.740: Application time: 0.1448720 seconds
126.740: [GC126.740: [DefNew: 35033K->1748K(37568K), 0.0006080 secs] 39500K->6215K(120960K), 0.0006310 secs] [Times: user=0.00 sys=0.00, real=0.00 secs] 
126.741: Total time for which application threads were stopped: 0.0007500 seconds, Stopping threads took: 0.0000720 seconds
126.889: Application time: 0.1479880 seconds
126.889: [GC126.889: [DefNew: 35155K->1748K(37568K), 0.0006160 secs] 39622K->6215K(120960K), 0.0006420 secs] [Times: user=0.00 sys=0.00, real=0.00 secs] 
126.890: Total time for which application threads were stopped: 0.0008460 seconds, Stopping threads took: 0.0001540 seconds
127.039: Application time: 0.1497610 seconds
127.040: [GC127.040: [DefNew: 35153K->1748K(37568K), 0.0006330 secs] 39620K->6215K(120960K), 0.0006580 secs] [Times: user=0.00 sys=0.00, real=0.00 secs] 
127.040: Total time for which application threads were stopped: 0.0008230 seconds, Stopping threads took: 0.0001070 seconds
127.191: Application time: 0.1507900 seconds
127.191: [GC127.191: [DefNew: 35152K->1748K(37568K), 0.0006090 secs] 39619K->6215K(120960K), 0.0006360 secs] [Times: user=0.00 sys=0.00, real=0.00 secs] 
127.192: Total time for which application threads were stopped: 0.0007750 seconds, Stopping threads took: 0.0000870 seconds
127.342: Application time: 0.1502730 seconds
127.342: [GC127.342: [DefNew: 35152K->1748K(37568K), 0.0006120 secs] 39619K->6215K(120960K), 0.0006400 secs] [Times: user=0.00 sys=0.00, real=0.00 secs] 
127.343: Total time for which application threads were stopped: 0.0007670 seconds, Stopping threads took: 0.0000780 seconds
127.492: Application time: 0.1496510 seconds
127.493: [GC127.493: [DefNew: 35152K->1748K(37568K), 0.0005940 secs] 39619K->6215K(120960K), 0.0006170 secs] [Times: user=0.00 sys=0.00, real=0.00 secs] 
127.493: Total time for which application threads were stopped: 0.0007870 seconds, Stopping threads took: 0.0001230 seconds
127.602: Application time: 0.1085620 seconds
127.602: [GC127.602: [DefNew: 35155K->1749K(37568K), 0.0005940 secs] 39622K->6216K(120960K), 0.0006170 secs] [Times: user=0.00 sys=0.00, real=0.00 secs] 
127.603: Total time for which application threads were stopped: 0.0007400 seconds, Stopping threads took: 0.0000670 seconds
127.727: Application time: 0.1249090 seconds
127.728: [GC127.728: [DefNew: 35153K->1749K(37568K), 0.0006070 secs] 39620K->6216K(120960K), 0.0006280 secs] [Times: user=0.00 sys=0.00, real=0.00 secs] 
127.728: Total time for which application threads were stopped: 0.0007350 seconds, Stopping threads took: 0.0000590 seconds
127.863: Application time: 0.1346270 seconds
127.863: [GC127.863: [DefNew: 35157K->1744K(37568K), 0.0006000 secs] 39624K->6211K(120960K), 0.0006240 secs] [Times: user=0.00 sys=0.00, real=0.00 secs] 
127.864: Total time for which application threads were stopped: 0.0007450 seconds, Stopping threads took: 0.0000720 seconds
127.954: Application time: 0.0908460 seconds
127.955: [GC127.955: [DefNew: 35148K->1746K(37568K), 0.0006060 secs] 39615K->6213K(120960K), 0.0006380 secs] [Times: user=0.00 sys=0.00, real=0.00 secs] 
127.955: Total time for which application threads were stopped: 0.0007550 seconds, Stopping threads took: 0.0000710 seconds
128.076: Application time: 0.1207230 seconds
128.076: [GC128.076: [DefNew: 35151K->1750K(37568K), 0.0005980 secs] 39618K->6217K(120960K), 0.0006220 secs] [Times: user=0.00 sys=0.00, real=0.00 secs] 
128.077: Total time for which application threads were stopped: 0.0007580 seconds, Stopping threads took: 0.0000900 seconds
128.202: Application time: 0.1257830 seconds
128.203: [GC128.203: [DefNew: 35156K->1749K(37568K), 0.0006200 secs] 39623K->6216K(120960K), 0.0006480 secs] [Times: user=0.01 sys=0.00, real=0.00 secs] 
128.203: Total time for which application threads were stopped: 0.0007930 seconds, Stopping threads took: 0.0000810 seconds
128.343: Application time: 0.1400390 seconds
128.343: [GC128.343: [DefNew: 35157K->1750K(37568K), 0.0005990 secs] 39624K->6217K(120960K), 0.0006250 secs] [Times: user=0.00 sys=0.00, real=0.00 secs] 
128.344: Total time for which application threads were stopped: 0.0007200 seconds, Stopping threads took: 0.0000460 seconds
128.491: Application time: 0.1468030 seconds
128.491: [GC128.491: [DefNew: 35156K->1748K(37568K), 0.0006540 secs] 39623K->6216K(120960K), 0.0006810 secs] [Times: user=0.00 sys=0.00, real=0.00 secs] 
128.492: Total time for which application threads were stopped: 0.0008010 seconds, Stopping threads took: 0.0000680 seconds
128.639: Application time: 0.1478170 seconds
128.640: [GC128.640: [DefNew: 35155K->1748K(37568K), 0.0006150 secs] 39622K->6216K(120960K), 0.0006400 secs] [Times: user=0.00 sys=0.00, real=0.00 secs] 
128.640: Total time for which application threads were stopped: 0.0007810 seconds, Stopping threads took: 0.0000820 seconds
128.790: Application time: 0.1498670 seconds
128.790: [GC128.790: [DefNew: 35153K->1748K(37568K), 0.0006410 secs] 39620K->6215K(120960K), 0.0006660 secs] [Times: user=0.00 sys=0.00, real=0.00 secs] 
128.791: Total time for which application threads were stopped: 0.0008170 seconds, Stopping threads took: 0.0000970 seconds
128.941: Application time: 0.1499620 seconds
128.941: [GC128.941: [DefNew: 35152K->1748K(37568K), 0.0005920 secs] 39620K->6215K(120960K), 0.0006150 secs] [Times: user=0.00 sys=0.00, real=0.00 secs] 
128.942: Total time for which application threads were stopped: 0.0008800 seconds, Stopping threads took: 0.0001970 seconds
129.092: Application time: 0.1498130 seconds
129.092: [GC129.092: [DefNew: 35152K->1748K(37568K), 0.0005900 secs] 39620K->6215K(120960K), 0.0006130 secs] [Times: user=0.00 sys=0.00, real=0.00 secs] 
129.092: Total time for which application threads were stopped: 0.0007730 seconds, Stopping threads took: 0.0000930 seconds
129.236: Application time: 0.1432180 seconds
129.236: [GC129.236: [DefNew: 35152K->1744K(37568K), 0.0006240 secs] 39619K->6211K(120960K), 0.0006500 secs] [Times: user=0.00 sys=0.00, real=0.00 secs] 
129.236: Total time for which application threads were stopped: 0.0008320 seconds, Stopping threads took: 0.0001140 seconds
129.350: Application time: 0.1136620 seconds
129.350: [GC129.350: [DefNew: 35150K->1749K(37568K), 0.0006100 secs] 39618K->6217K(120960K), 0.0006340 secs] [Times: user=0.00 sys=0.00, real=0.00 secs] 
129.351: Total time for which application threads were stopped: 0.0007860 seconds, Stopping threads took: 0.0000950 seconds
129.476: Application time: 0.1252860 seconds
129.476: [GC129.476: [DefNew: 35155K->1749K(37568K), 0.0005910 secs] 39623K->6217K(120960K), 0.0006160 secs] [Times: user=0.00 sys=0.00, real=0.00 secs] 
129.477: Total time for which application threads were stopped: 0.0007850 seconds, Stopping threads took: 0.0001230 seconds
129.601: Application time: 0.1240250 seconds
129.601: [GC129.601: [DefNew: 35153K->1744K(37568K), 0.0005940 secs] 39621K->6212K(120960K), 0.0006270 secs] [Times: user=0.00 sys=0.00, real=0.00 secs] 
129.602: Total time for which application threads were stopped: 0.0007310 seconds, Stopping threads took: 0.0000580 seconds
129.693: Application time: 0.0908570 seconds
129.693: [GC129.693: [DefNew: 35151K->1746K(37568K), 0.0006060 secs] 39618K->6214K(120960K), 0.0006300 secs] [Times: user=0.00 sys=0.00, real=0.00 secs] 
129.693: Total time for which application threads were stopped: 0.0007690 seconds, Stopping threads took: 0.0000930 seconds
129.826: Application time: 0.1325160 seconds
129.826: [GC129.826: [DefNew: 35152K->1750K(37568K), 0.0006920 secs] 39619K->6218K(120960K), 0.0007140 secs] [Times: user=0.00 sys=0.00, real=0.00 secs] 
129.827: Total time for which application threads were stopped: 0.0008430 seconds, Stopping threads took: 0.0000790 seconds
129.952: Application time: 0.1251250 seconds
129.952: [GC129.952: [DefNew: 35158K->1749K(37568K), 0.0005870 secs] 39625K->6217K(120960K), 0.0006100 secs] [Times: user=0.00 sys=0.00, real=0.00 secs] 
129.953: Total time for which application threads were stopped: 0.0007940 seconds, Stopping threads took: 0.0001280 seconds
130.093: Application time: 0.1403710 seconds
130.093: [GC130.093: [DefNew: 35154K->1750K(37568K), 0.0006270 secs] 39622K->6218K(120960K), 0.0006500 secs] [Times: user=0.00 sys=0.00, real=0.00 secs] 
130.094: Total time for which application threads were stopped: 0.0007820 seconds, Stopping threads took: 0.0000830 seconds
130.242: Application time: 0.1479000 seconds
130.242: [GC130.242: [DefNew: 35156K->1748K(37568K), 0.0006130 secs] 39624K->6216K(120960K), 0.0006380 secs] [Times: user=0.00 sys=0.00, real=0.00 secs] 
130.242: Total time for which application threads were stopped: 0.0007750 seconds, Stopping threads took: 0.0000910 seconds
130.390: Application time: 0.1478840 seconds
130.390: [GC130.390: [DefNew: 35154K->1748K(37568K), 0.0006090 secs] 39623K->6216K(120960K), 0.0006330 secs] [Times: user=0.00 sys=0.00, real=0.00 secs] 
130.391: Total time for which application threads were stopped: 0.0007670 seconds, Stopping threads took: 0.0000660 seconds
130.541: Application time: 0.1501070 seconds
130.541: [GC130.541: [DefNew: 35153K->1748K(37568K), 0.0006120 secs] 39621K->6216K(120960K), 0.0006380 secs] [Times: user=0.00 sys=0.00, real=0.00 secs] 
130.542: Total time for which application threads were stopped: 0.0007960 seconds, Stopping threads took: 0.0000950 seconds
130.692: Application time: 0.1501350 seconds
130.692: [GC130.692: [DefNew: 35152K->1748K(37568K), 0.0006560 secs] 39621K->6216K(120960K), 0.0006830 secs] [Times: user=0.00 sys=0.00, real=0.00 secs] 
130.693: Total time for which application threads were stopped: 0.0009190 seconds, Stopping threads took: 0.0001820 seconds
130.843: Application time: 0.1502080 seconds
130.843: [GC130.843: [DefNew: 35152K->1748K(37568K), 0.0006450 secs] 39621K->6216K(120960K), 0.0006720 secs] [Times: user=0.01 sys=0.00, real=0.00 secs] 
130.844: Total time for which application threads were stopped: 0.0008310 seconds, Stopping threads took: 0.0001080 seconds
130.976: Application time: 0.1322510 seconds
130.976: [GC130.976: [DefNew: 35154K->1739K(37568K), 0.0005960 secs] 39622K->6208K(120960K), 0.0006190 secs] [Times: user=0.00 sys=0.00, real=0.00 secs] 
130.977: Total time for which application threads were stopped: 0.0007210 seconds, Stopping threads took: 0.0000550 seconds
131.090: Application time: 0.1128040 seconds
131.091: [GC131.091: [DefNew: 35144K->1745K(37568K), 0.0006140 secs] 39612K->6213K(120960K), 0.0006380 secs] [Times: user=0.00 sys=0.00, real=0.00 secs] 
131.092: Total time for which application threads were stopped: 0.0016880 seconds, Stopping threads took: 0.0009910 seconds
131.229: Application time: 0.1369660 seconds
131.229: [GC131.229: [DefNew: 35152K->1748K(37568K), 0.0006250 secs] 39620K->6216K(120960K), 0.0006500 secs] [Times: user=0.00 sys=0.00, real=0.00 secs] 
131.229: Total time for which application threads were stopped: 0.0008380 seconds, Stopping threads took: 0.0001400 seconds
131.337: Application time: 0.1078890 seconds
131.337: [GC131.337: [DefNew: 35154K->1741K(37568K), 0.0006090 secs] 39622K->6209K(120960K), 0.0006440 secs] [Times: user=0.00 sys=0.00, real=0.00 secs] 
131.338: Total time for which application threads were stopped: 0.0008280 seconds, Stopping threads took: 0.0001240 seconds
131.435: Application time: 0.0966120 seconds
131.435: [GC131.435: [DefNew: 35148K->1751K(37568K), 0.0006490 secs] 39616K->6219K(120960K), 0.0006740 secs] [Times: user=0.00 sys=0.00, real=0.00 secs] 
131.436: Total time for which application threads were stopped: 0.0008030 seconds, Stopping threads took: 0.0000820 seconds
131.567: Application time: 0.1315710 seconds
131.567: [GC131.567: [DefNew: 35156K->1745K(37568K), 0.0005910 secs] 39625K->6213K(120960K), 0.0006130 secs] [Times: user=0.00 sys=0.00, real=0.00 secs] 
131.568: Total time for which application threads were stopped: 0.0007390 seconds, Stopping threads took: 0.0000800 seconds
131.703: Application time: 0.1349040 seconds
131.703: [GC131.703: [DefNew: 35152K->1749K(37568K), 0.0006450 secs] 39620K->6217K(120960K), 0.0015870 secs] [Times: user=0.00 sys=0.00, real=0.00 secs] 
131.704: Total time for which application threads were stopped: 0.0017250 seconds, Stopping threads took: 0.0000800 seconds
131.846: Application time: 0.1411930 seconds
131.846: [GC131.846: [DefNew: 35154K->1750K(37568K), 0.0006090 secs] 39622K->6218K(120960K), 0.0006320 secs] [Times: user=0.00 sys=0.00, real=0.00 secs] 
131.846: Total time for which application threads were stopped: 0.0007520 seconds, Stopping threads took: 0.0000730 seconds
131.994: Application time: 0.1471740 seconds
131.994: [GC131.994: [DefNew: 35153K->1748K(37568K), 0.0006140 secs] 39622K->6217K(120960K), 0.0006390 secs] [Times: user=0.00 sys=0.00, real=0.00 secs] 
131.994: Total time for which application threads were stopped: 0.0007630 seconds, Stopping threads took: 0.0000730 seconds
132.144: Application time: 0.1497800 seconds
132.144: [GC132.144: [DefNew: 35153K->1748K(37568K), 0.0006510 secs] 39622K->6216K(120960K), 0.0006780 secs] [Times: user=0.00 sys=0.00, real=0.00 secs] 
132.145: Total time for which application threads were stopped: 0.0008260 seconds, Stopping threads took: 0.0000950 seconds
132.295: Application time: 0.1501620 seconds
132.295: [GC132.295: [DefNew: 35152K->1748K(37568K), 0.0006030 secs] 39621K->6216K(120960K), 0.0006280 secs] [Times: user=0.00 sys=0.00, real=0.00 secs] 
132.296: Total time for which application threads were stopped: 0.0007460 seconds, Stopping threads took: 0.0000600 seconds
132.446: Application time: 0.1501550 seconds
132.446: [GC132.446: [DefNew: 35152K->1748K(37568K), 0.0006440 secs] 39621K->6216K(120960K), 0.0006710 secs] [Times: user=0.00 sys=0.00, real=0.01 secs] 
132.447: Total time for which application threads were stopped: 0.0009290 seconds, Stopping threads took: 0.0002080 seconds
132.597: Application time: 0.1503590 seconds
132.597: [GC132.597: [DefNew: 35152K->1748K(37568K), 0.0006040 secs] 39621K->6216K(120960K), 0.0006270 secs] [Times: user=0.00 sys=0.00, real=0.00 secs] 
132.598: Total time for which application threads were stopped: 0.0007530 seconds, Stopping threads took: 0.0000790 seconds
132.717: Application time: 0.1186870 seconds
132.717: [GC132.717: [DefNew: 35156K->1744K(37568K), 0.0006050 secs] 39624K->6213K(120960K), 0.0006280 secs] [Times: user=0.00 sys=0.00, real=0.00 secs] 
132.718: Total time for which application threads were stopped: 0.0007730 seconds, Stopping threads took: 0.0000990 seconds
132.833: Application time: 0.1158300 seconds
132.833: [GC132.834: [DefNew: 35152K->1749K(37568K), 0.0005940 secs] 39621K->6218K(120960K), 0.0006180 secs] [Times: user=0.01 sys=0.00, real=0.00 secs] 
132.834: Total time for which application threads were stopped: 0.0007470 seconds, Stopping threads took: 0.0000720 seconds
132.980: Application time: 0.1459960 seconds
132.980: [GC132.980: [DefNew: 35156K->1748K(37568K), 0.0006410 secs] 39625K->6217K(120960K), 0.0006610 secs] [Times: user=0.00 sys=0.00, real=0.00 secs] 
132.981: Total time for which application threads were stopped: 0.0008040 seconds, Stopping threads took: 0.0000930 seconds
133.074: Application time: 0.0931830 seconds
133.074: [GC133.074: [DefNew: 35152K->1741K(37568K), 0.0006200 secs] 39620K->6209K(120960K), 0.0006520 secs] [Times: user=0.00 sys=0.00, real=0.00 secs] 
133.075: Total time for which application threads were stopped: 0.0008210 seconds, Stopping threads took: 0.0001010 seconds
133.186: Application time: 0.1108880 seconds
133.186: [GC133.186: [DefNew: 35147K->1751K(37568K), 0.0005840 secs] 39616K->6220K(120960K), 0.0006070 secs] [Times: user=0.00 sys=0.00, real=0.00 secs] 
133.187: Total time for which application threads were stopped: 0.0007240 seconds, Stopping threads took: 0.0000710 seconds
133.310: Application time: 0.1234130 seconds
133.310: [GC133.310: [DefNew: 35155K->1750K(37568K), 0.0006490 secs] 39623K->6218K(120960K), 0.0006760 secs] [Times: user=0.00 sys=0.00, real=0.00 secs] 
133.311: Total time for which application threads were stopped: 0.0008190 seconds, Stopping threads took: 0.0000920 seconds
133.467: Application time: 0.1566160 seconds
133.468: [GC133.468: [DefNew: 35156K->1749K(37568K), 0.0006100 secs] 39625K->6218K(120960K), 0.0006340 secs] [Times: user=0.00 sys=0.00, real=0.00 secs] 
133.468: Total time for which application threads were stopped: 0.0007500 seconds, Stopping threads took: 0.0000560 seconds
133.625: Application time: 0.1568880 seconds
133.625: [GC133.625: [DefNew: 35155K->1749K(37568K), 0.0006460 secs] 39624K->6218K(120960K), 0.0006720 secs] [Times: user=0.00 sys=0.00, real=0.00 secs] 
133.626: Total time for which application threads were stopped: 0.0008660 seconds, Stopping threads took: 0.0001460 seconds
133.788: Application time: 0.1621910 seconds
133.788: [GC133.788: [DefNew: 35157K->1748K(37568K), 0.0006090 secs] 39626K->6217K(120960K), 0.0006330 secs] [Times: user=0.00 sys=0.00, real=0.00 secs] 
133.789: Total time for which application threads were stopped: 0.0007680 seconds, Stopping threads took: 0.0000860 seconds
133.954: Application time: 0.1647620 seconds
133.954: [GC133.954: [DefNew: 35153K->1748K(37568K), 0.0006040 secs] 39622K->6217K(120960K), 0.0006280 secs] [Times: user=0.00 sys=0.00, real=0.00 secs] 
133.954: Total time for which application threads were stopped: 0.0007410 seconds, Stopping threads took: 0.0000650 seconds
134.119: Application time: 0.1647350 seconds
134.119: [GC134.119: [DefNew: 35152K->1748K(37568K), 0.0006090 secs] 39622K->6217K(120960K), 0.0006330 secs] [Times: user=0.00 sys=0.00, real=0.00 secs] 
134.120: Total time for which application threads were stopped: 0.0007890 seconds, Stopping threads took: 0.0001000 seconds
134.286: Application time: 0.1658110 seconds
134.286: [GC134.286: [DefNew: 35152K->1748K(37568K), 0.0006350 secs] 39622K->6217K(120960K), 0.0006610 secs] [Times: user=0.00 sys=0.00, real=0.00 secs] 
134.286: Total time for which application threads were stopped: 0.0007760 seconds, Stopping threads took: 0.0000620 seconds
134.451: Application time: 0.1642300 seconds
134.451: [GC134.451: [DefNew: 35152K->1748K(37568K), 0.0006120 secs] 39622K->6217K(120960K), 0.0006350 secs] [Times: user=0.00 sys=0.00, real=0.00 secs] 
134.451: Total time for which application threads were stopped: 0.0007430 seconds, Stopping threads took: 0.0000590 seconds
134.571: Application time: 0.1200200 seconds
134.572: Total time for which application threads were stopped: 0.0001480 seconds, Stopping threads took: 0.0001050 seconds
134.572: Application time: 0.0001250 seconds
134.572: [GC134.572: [DefNew: 35236K->1772K(37568K), 0.0006260 secs] 39705K->6241K(120960K), 0.0006490 secs] [Times: user=0.00 sys=0.00, real=0.00 secs] 
134.573: Total time for which application threads were stopped: 0.0007590 seconds, Stopping threads took: 0.0000710 seconds
134.709: Application time: 0.1369130 seconds
134.710: [GC134.710: [DefNew: 35180K->1749K(37568K), 0.0006120 secs] 39649K->6218K(120960K), 0.0006360 secs] [Times: user=0.00 sys=0.00, real=0.00 secs] 
134.710: Total time for which application threads were stopped: 0.0007460 seconds, Stopping threads took: 0.0000550 seconds
134.864: Application time: 0.1533490 seconds
134.867: [GC134.867: [DefNew: 35157K->1744K(37568K), 0.0006880 secs] 39626K->6213K(120960K), 0.0007250 secs] [Times: user=0.00 sys=0.00, real=0.00 secs] 
134.868: Total time for which application threads were stopped: 0.0040380 seconds, Stopping threads took: 0.0032590 seconds
134.967: Application time: 0.0996110 seconds
134.967: [GC134.967: [DefNew: 35150K->1750K(37568K), 0.0006470 secs] 39620K->6219K(120960K), 0.0006730 secs] [Times: user=0.00 sys=0.00, real=0.00 secs] 
134.968: Total time for which application threads were stopped: 0.0007620 seconds, Stopping threads took: 0.0000380 seconds
135.097: Application time: 0.1287660 seconds
135.097: [GC135.097: [DefNew: 35158K->1751K(37568K), 0.0006620 secs] 39627K->6220K(120960K), 0.0006890 secs] [Times: user=0.00 sys=0.00, real=0.00 secs] 
135.098: Total time for which application threads were stopped: 0.0008820 seconds, Stopping threads took: 0.0001240 seconds
135.235: Application time: 0.1376810 seconds
135.238: [GC135.238: [DefNew: 35156K->1749K(37568K), 0.0006090 secs] 39625K->6219K(120960K), 0.0006330 secs] [Times: user=0.00 sys=0.00, real=0.00 secs] 
135.238: Total time for which application threads were stopped: 0.0029420 seconds, Stopping threads took: 0.0022510 seconds
135.392: Application time: 0.1540750 seconds
135.392: [GC135.392: [DefNew: 35153K->1750K(37568K), 0.0006380 secs] 39622K->6219K(120960K), 0.0006640 secs] [Times: user=0.00 sys=0.00, real=0.00 secs] 
135.393: Total time for which application threads were stopped: 0.0007770 seconds, Stopping threads took: 0.0000600 seconds
135.554: Application time: 0.1608810 seconds
135.554: [GC135.554: [DefNew: 35154K->1748K(37568K), 0.0006460 secs] 39624K->6218K(120960K), 0.0006730 secs] [Times: user=0.00 sys=0.00, real=0.00 secs] 
135.555: Total time for which application threads were stopped: 0.0008660 seconds, Stopping threads took: 0.0001290 seconds
135.717: Application time: 0.1622060 seconds
135.717: [GC135.717: [DefNew: 35155K->1748K(37568K), 0.0006740 secs] 39624K->6218K(120960K), 0.0007030 secs] [Times: user=0.00 sys=0.00, real=0.00 secs] 
135.718: Total time for which application threads were stopped: 0.0008700 seconds, Stopping threads took: 0.0001120 seconds
135.883: Application time: 0.1652600 seconds
135.883: [GC135.883: [DefNew: 35153K->1748K(37568K), 0.0006110 secs] 39623K->6218K(120960K), 0.0006360 secs] [Times: user=0.00 sys=0.00, real=0.00 secs] 
135.884: Total time for which application threads were stopped: 0.0007770 seconds, Stopping threads took: 0.0000800 seconds
136.050: Application time: 0.1656620 seconds
136.050: [GC136.050: [DefNew: 35155K->1748K(37568K), 0.0006230 secs] 39625K->6218K(120960K), 0.0006460 secs] [Times: user=0.01 sys=0.00, real=0.00 secs] 
136.050: Total time for which application threads were stopped: 0.0007710 seconds, Stopping threads took: 0.0000750 seconds
136.216: Application time: 0.1652420 seconds
136.216: [GC136.216: [DefNew: 35152K->1748K(37568K), 0.0006240 secs] 39622K->6218K(120960K), 0.0006540 secs] [Times: user=0.00 sys=0.00, real=0.00 secs] 
136.216: Total time for which application threads were stopped: 0.0007980 seconds, Stopping threads took: 0.0000920 seconds
136.378: Application time: 0.1610940 seconds
136.378: [GC136.378: [DefNew: 35153K->1743K(37568K), 0.0006050 secs] 39622K->6213K(120960K), 0.0006290 secs] [Times: user=0.01 sys=0.00, real=0.00 secs] 
136.378: Total time for which application threads were stopped: 0.0007480 seconds, Stopping threads took: 0.0000710 seconds
136.499: Application time: 0.1206320 seconds
136.503: [GC136.503: [DefNew: 35150K->1749K(37568K), 0.0006100 secs] 39619K->6219K(120960K), 0.0006340 secs] [Times: user=0.00 sys=0.00, real=0.00 secs] 
136.504: Total time for which application threads were stopped: 0.0045940 seconds, Stopping threads took: 0.0039010 seconds
136.561: Application time: 0.0577770 seconds
136.561: Total time for which application threads were stopped: 0.0001200 seconds, Stopping threads took: 0.0000980 seconds
136.648: Application time: 0.0865200 seconds
136.648: [GC136.648: [DefNew: 35153K->1530K(37568K), 0.0005760 secs] 39623K->6000K(120960K), 0.0006090 secs] [Times: user=0.00 sys=0.00, real=0.00 secs] 
136.649: Total time for which application threads were stopped: 0.0008070 seconds, Stopping threads took: 0.0001400 seconds
136.732: Application time: 0.0834900 seconds
136.732: Total time for which application threads were stopped: 0.0001180 seconds, Stopping threads took: 0.0000720 seconds
136.797: Application time: 0.0647410 seconds
136.797: Total time for which application threads were stopped: 0.0001160 seconds, Stopping threads took: 0.0000700 seconds
136.805: Application time: 0.0079230 seconds
136.805: [GC136.805: [DefNew: 34938K->1090K(37568K), 0.0005070 secs] 39408K->5559K(120960K), 0.0005410 secs] [Times: user=0.00 sys=0.00, real=0.00 secs] 
136.806: Total time for which application threads were stopped: 0.0006260 seconds, Stopping threads took: 0.0000390 seconds
136.834: Application time: 0.0279820 seconds
136.834: Total time for which application threads were stopped: 0.0000720 seconds, Stopping threads took: 0.0000370 seconds
136.855: Application time: 0.0209870 seconds
136.855: Total time for which application threads were stopped: 0.0000410 seconds, Stopping threads took: 0.0000320 seconds
136.868: Application time: 0.0128990 seconds
136.868: Total time for which application threads were stopped: 0.0000320 seconds, Stopping threads took: 0.0000240 seconds
136.886: Application time: 0.0183240 seconds
136.886: Total time for which application threads were stopped: 0.0000270 seconds, Stopping threads took: 0.0000190 seconds
136.975: Application time: 0.0891930 seconds
136.975: Total time for which application threads were stopped: 0.0000730 seconds, Stopping threads took: 0.0000550 seconds
137.000: Application time: 0.0244560 seconds
137.000: Total time for which application threads were stopped: 0.0000890 seconds, Stopping threads took: 0.0000700 seconds
137.000: Application time: 0.0000500 seconds
137.000: [GC137.000: [DefNew: 34502K->1783K(37568K), 0.0006980 secs] 38972K->6253K(120960K), 0.0007230 secs] [Times: user=0.00 sys=0.00, real=0.00 secs] 
137.001: Total time for which application threads were stopped: 0.0007670 seconds, Stopping threads took: 0.0000050 seconds
137.129: Application time: 0.1285740 seconds
137.129: [GC137.129: [DefNew: 35191K->1760K(37568K), 0.0006830 secs] 39661K->6230K(120960K), 0.0007110 secs] [Times: user=0.00 sys=0.00, real=0.00 secs] 
137.130: Total time for which application threads were stopped: 0.0008330 seconds, Stopping threads took: 0.0000590 seconds
137.289: Application time: 0.1586770 seconds
137.289: [GC137.289: [DefNew: 35165K->1767K(37568K), 0.0006540 secs] 39635K->6237K(120960K), 0.0006800 secs] [Times: user=0.00 sys=0.00, real=0.00 secs] 
137.290: Total time for which application threads were stopped: 0.0007950 seconds, Stopping threads took: 0.0000660 seconds
137.429: Application time: 0.1390790 seconds
137.429: Total time for which application threads were stopped: 0.0001000 seconds, Stopping threads took: 0.0000800 seconds
137.429: Application time: 0.0000700 seconds
137.429: [GC137.429: [DefNew: 35180K->1769K(37568K), 0.0006560 secs] 39650K->6239K(120960K), 0.0006820 secs] [Times: user=0.00 sys=0.00, real=0.00 secs] 
137.430: Total time for which application threads were stopped: 0.0007550 seconds, Stopping threads took: 0.0000360 seconds
137.576: Application time: 0.1463800 seconds
137.576: [GC137.576: [DefNew: 35177K->1759K(37568K), 0.0006920 secs] 39647K->6229K(120960K), 0.0007180 secs] [Times: user=0.00 sys=0.00, real=0.00 secs] 
137.577: Total time for which application threads were stopped: 0.0008690 seconds, Stopping threads took: 0.0001030 seconds
137.726: Application time: 0.1489380 seconds
137.726: [GC137.726: [DefNew: 35163K->1758K(37568K), 0.0006310 secs] 39633K->6228K(120960K), 0.0006560 secs] [Times: user=0.00 sys=0.00, real=0.00 secs] 
137.727: Total time for which application threads were stopped: 0.0007580 seconds, Stopping threads took: 0.0000450 seconds
137.876: Application time: 0.1496030 seconds
137.876: [GC137.876: [DefNew: 35166K->1758K(37568K), 0.0006560 secs] 39636K->6228K(120960K), 0.0006940 secs] [Times: user=0.00 sys=0.00, real=0.00 secs] 
137.877: Total time for which application threads were stopped: 0.0008380 seconds, Stopping threads took: 0.0000930 seconds
138.027: Application time: 0.1502840 seconds
138.031: [GC138.031: [DefNew: 35165K->1758K(37568K), 0.0006730 secs] 39635K->6228K(120960K), 0.0006990 secs] [Times: user=0.00 sys=0.00, real=0.00 secs] 
138.032: Total time for which application threads were stopped: 0.0041980 seconds, Stopping threads took: 0.0034500 seconds
138.182: Application time: 0.1505320 seconds
138.182: [GC138.182: [DefNew: 35164K->1758K(37568K), 0.0006800 secs] 39634K->6228K(120960K), 0.0007050 secs] [Times: user=0.00 sys=0.00, real=0.00 secs] 
138.183: Total time for which application threads were stopped: 0.0008750 seconds, Stopping threads took: 0.0001190 seconds
138.313: Application time: 0.1299830 seconds
138.313: [GC138.313: [DefNew: 35164K->1750K(37568K), 0.0006470 secs] 39634K->6220K(120960K), 0.0006730 secs] [Times: user=0.00 sys=0.00, real=0.00 secs] 
138.314: Total time for which application threads were stopped: 0.0008540 seconds, Stopping threads took: 0.0001000 seconds
138.438: Application time: 0.1244080 seconds
138.438: [GC138.438: [DefNew: 35154K->1764K(37568K), 0.0006670 secs] 39624K->6234K(120960K), 0.0006960 secs] [Times: user=0.01 sys=0.00, real=0.01 secs] 
138.439: Total time for which application threads were stopped: 0.0008220 seconds, Stopping threads took: 0.0000730 seconds
138.588: Application time: 0.1490900 seconds
138.588: [GC138.588: [DefNew: 35170K->1758K(37568K), 0.0006900 secs] 39640K->6228K(120960K), 0.0007180 secs] [Times: user=0.00 sys=0.00, real=0.00 secs] 
138.589: Total time for which application threads were stopped: 0.0008900 seconds, Stopping threads took: 0.0001000 seconds
138.701: Application time: 0.1115010 seconds
138.701: [GC138.701: [DefNew: 35164K->1751K(37568K), 0.0007100 secs] 39634K->6221K(120960K), 0.0007390 secs] [Times: user=0.00 sys=0.00, real=0.00 secs] 
138.701: Total time for which application threads were stopped: 0.0008680 seconds, Stopping threads took: 0.0000790 seconds
138.763: Application time: 0.0619380 seconds
138.763: [GC138.763: [DefNew: 35155K->1753K(37568K), 0.0007070 secs] 39625K->6223K(120960K), 0.0007330 secs] [Times: user=0.00 sys=0.00, real=0.00 secs] 
138.764: Total time for which application threads were stopped: 0.0008610 seconds, Stopping threads took: 0.0000810 seconds
138.897: Application time: 0.1324210 seconds
138.897: [GC138.897: [DefNew: 35158K->1760K(37568K), 0.0006840 secs] 39628K->6231K(120960K), 0.0007100 secs] [Times: user=0.00 sys=0.00, real=0.00 secs] 
138.897: Total time for which application threads were stopped: 0.0008500 seconds, Stopping threads took: 0.0000800 seconds
139.043: Application time: 0.1459020 seconds
139.044: [GC139.044: [DefNew: 35166K->1748K(37568K), 0.0006420 secs] 39636K->6229K(120960K), 0.0006670 secs] [Times: user=0.00 sys=0.00, real=0.00 secs] 
139.044: Total time for which application threads were stopped: 0.0008090 seconds, Stopping threads took: 0.0000730 seconds
139.181: Application time: 0.1363480 seconds
139.181: [GC139.181: [DefNew: 35153K->1751K(37568K), 0.0005940 secs] 39634K->6232K(120960K), 0.0006160 secs] [Times: user=0.00 sys=0.00, real=0.00 secs] 
139.181: Total time for which application threads were stopped: 0.0007260 seconds, Stopping threads took: 0.0000630 seconds
139.331: Application time: 0.1499470 seconds
139.331: [GC139.331: [DefNew: 35158K->1748K(37568K), 0.0006090 secs] 39639K->6229K(120960K), 0.0006340 secs] [Times: user=0.00 sys=0.00, real=0.00 secs] 
139.332: Total time for which application threads were stopped: 0.0007830 seconds, Stopping threads took: 0.0000990 seconds
139.481: Application time: 0.1494710 seconds
139.482: [GC139.482: [DefNew: 35153K->1748K(37568K), 0.0006640 secs] 39634K->6229K(120960K), 0.0006930 secs] [Times: user=0.00 sys=0.00, real=0.00 secs] 
139.482: Total time for which application threads were stopped: 0.0009290 seconds, Stopping threads took: 0.0001530 seconds
139.633: Application time: 0.1501140 seconds
139.633: [GC139.633: [DefNew: 35154K->1748K(37568K), 0.0006060 secs] 39635K->6229K(120960K), 0.0006420 secs] [Times: user=0.00 sys=0.00, real=0.00 secs] 
139.633: Total time for which application threads were stopped: 0.0007450 seconds, Stopping threads took: 0.0000520 seconds
139.784: Application time: 0.1504380 seconds
139.784: [GC139.784: [DefNew: 35151K->1748K(37568K), 0.0006620 secs] 39632K->6229K(120960K), 0.0006890 secs] [Times: user=0.00 sys=0.00, real=0.00 secs] 
139.785: Total time for which application threads were stopped: 0.0009120 seconds, Stopping threads took: 0.0001510 seconds
139.935: Application time: 0.1501280 seconds
139.935: [GC139.935: [DefNew: 35153K->1748K(37568K), 0.0006170 secs] 39635K->6229K(120960K), 0.0006410 secs] [Times: user=0.00 sys=0.00, real=0.00 secs] 
139.936: Total time for which application threads were stopped: 0.0008460 seconds, Stopping threads took: 0.0001480 seconds
140.051: Application time: 0.1153610 seconds
140.051: [GC140.051: [DefNew: 35152K->1740K(37568K), 0.0006540 secs] 39633K->6221K(120960K), 0.0006820 secs] [Times: user=0.00 sys=0.00, real=0.00 secs] 
140.052: Total time for which application threads were stopped: 0.0008250 seconds, Stopping threads took: 0.0000830 seconds
140.192: Application time: 0.1402650 seconds
140.192: [GC140.192: [DefNew: 35146K->1749K(37568K), 0.0006060 secs] 39627K->6230K(120960K), 0.0006320 secs] [Times: user=0.00 sys=0.00, real=0.00 secs] 
140.193: Total time for which application threads were stopped: 0.0007380 seconds, Stopping threads took: 0.0000560 seconds
140.342: Application time: 0.1487650 seconds
140.342: [GC140.342: [DefNew: 35156K->1748K(37568K), 0.0006530 secs] 39637K->6229K(120960K), 0.0006770 secs] [Times: user=0.00 sys=0.00, real=0.00 secs] 
140.342: Total time for which application threads were stopped: 0.0008140 seconds, Stopping threads took: 0.0000860 seconds
140.435: Application time: 0.0930610 seconds
140.436: [GC140.436: [DefNew: 35156K->1732K(37568K), 0.0006360 secs] 39637K->6213K(120960K), 0.0006620 secs] [Times: user=0.00 sys=0.00, real=0.00 secs] 
140.436: Total time for which application threads were stopped: 0.0007760 seconds, Stopping threads took: 0.0000670 seconds
140.510: Application time: 0.0734380 seconds
140.510: [GC140.510: [DefNew: 35140K->1751K(37568K), 0.0006430 secs] 39621K->6233K(120960K), 0.0006690 secs] [Times: user=0.00 sys=0.00, real=0.00 secs] 
140.511: Total time for which application threads were stopped: 0.0008510 seconds, Stopping threads took: 0.0001350 seconds
140.649: Application time: 0.1389220 seconds
140.650: [GC140.650: [DefNew: 35157K->1750K(37568K), 0.0006080 secs] 39638K->6231K(120960K), 0.0006300 secs] [Times: user=0.00 sys=0.00, real=0.00 secs] 
140.650: Total time for which application threads were stopped: 0.0007450 seconds, Stopping threads took: 0.0000570 seconds
140.794: Application time: 0.1434790 seconds
140.794: [GC140.794: [DefNew: 35155K->1748K(37568K), 0.0006030 secs] 39636K->6230K(120960K), 0.0006260 secs] [Times: user=0.00 sys=0.00, real=0.00 secs] 
140.794: Total time for which application threads were stopped: 0.0007280 seconds, Stopping threads took: 0.0000550 seconds
140.933: Application time: 0.1381500 seconds
140.933: [GC140.933: [DefNew: 35154K->1750K(37568K), 0.0006080 secs] 39636K->6232K(120960K), 0.0006310 secs] [Times: user=0.00 sys=0.00, real=0.00 secs] 
140.933: Total time for which application threads were stopped: 0.0007320 seconds, Stopping threads took: 0.0000540 seconds
141.083: Application time: 0.1498710 seconds
141.083: [GC141.083: [DefNew: 35158K->1748K(37568K), 0.0006010 secs] 39639K->6229K(120960K), 0.0006270 secs] [Times: user=0.00 sys=0.00, real=0.00 secs] 
141.084: Total time for which application threads were stopped: 0.0008090 seconds, Stopping threads took: 0.0001330 seconds
141.234: Application time: 0.1496680 seconds
141.234: [GC141.234: [DefNew: 35153K->1748K(37568K), 0.0006000 secs] 39635K->6229K(120960K), 0.0006370 secs] [Times: user=0.00 sys=0.00, real=0.00 secs] 
141.234: Total time for which application threads were stopped: 0.0007560 seconds, Stopping threads took: 0.0000580 seconds
141.384: Application time: 0.1500610 seconds
141.385: [GC141.385: [DefNew: 35152K->1748K(37568K), 0.0006200 secs] 39634K->6229K(120960K), 0.0006460 secs] [Times: user=0.00 sys=0.00, real=0.00 secs] 
141.385: Total time for which application threads were stopped: 0.0007700 seconds, Stopping threads took: 0.0000720 seconds
141.536: Application time: 0.1505150 seconds
141.536: [GC141.536: [DefNew: 35152K->1748K(37568K), 0.0006000 secs] 39634K->6229K(120960K), 0.0006230 secs] [Times: user=0.00 sys=0.00, real=0.00 secs] 
141.536: Total time for which application threads were stopped: 0.0007510 seconds, Stopping threads took: 0.0000700 seconds
141.686: Application time: 0.1499100 seconds
141.687: [GC141.687: [DefNew: 35156K->1748K(37568K), 0.0006380 secs] 39637K->6229K(120960K), 0.0006640 secs] [Times: user=0.00 sys=0.00, real=0.01 secs] 
141.687: Total time for which application threads were stopped: 0.0008410 seconds, Stopping threads took: 0.0001100 seconds
141.796: Application time: 0.1089010 seconds
141.796: [GC141.796: [DefNew: 35155K->1749K(37568K), 0.0005900 secs] 39637K->6231K(120960K), 0.0006120 secs] [Times: user=0.00 sys=0.00, real=0.00 secs] 
141.797: Total time for which application threads were stopped: 0.0007800 seconds, Stopping threads took: 0.0000920 seconds
141.943: Application time: 0.1458070 seconds
141.943: [GC141.943: [DefNew: 35154K->1748K(37568K), 0.0006380 secs] 39635K->6230K(120960K), 0.0015790 secs] [Times: user=0.00 sys=0.00, real=0.00 secs] 
141.944: Total time for which application threads were stopped: 0.0016870 seconds, Stopping threads took: 0.0000540 seconds
142.082: Application time: 0.1375310 seconds
142.082: [GC142.082: [DefNew: 35155K->1744K(37568K), 0.0006070 secs] 39636K->6225K(120960K), 0.0006320 secs] [Times: user=0.00 sys=0.00, real=0.00 secs] 
142.083: Total time for which application threads were stopped: 0.0007390 seconds, Stopping threads took: 0.0000560 seconds
142.166: Application time: 0.0830970 seconds
142.166: [GC142.166: [DefNew: 35152K->1738K(37568K), 0.0005660 secs] 39633K->6219K(120960K), 0.0005890 secs] [Times: user=0.00 sys=0.00, real=0.00 secs] 
142.166: Total time for which application threads were stopped: 0.0006870 seconds, Stopping threads took: 0.0000540 seconds
142.257: Application time: 0.0902380 seconds
142.257: [GC142.257: [DefNew: 35144K->1751K(37568K), 0.0006000 secs] 39625K->6232K(120960K), 0.0006170 secs] [Times: user=0.00 sys=0.00, real=0.00 secs] 
142.257: Total time for which application threads were stopped: 0.0007150 seconds, Stopping threads took: 0.0000530 seconds
142.399: Application time: 0.1419560 seconds
142.400: [GC142.400: [DefNew: 35159K->1749K(37568K), 0.0006150 secs] 39640K->6231K(120960K), 0.0006430 secs] [Times: user=0.00 sys=0.00, real=0.00 secs] 
142.400: Total time for which application threads were stopped: 0.0007890 seconds, Stopping threads took: 0.0000840 seconds
142.543: Application time: 0.1425870 seconds
142.543: [GC142.543: [DefNew: 35154K->1753K(37568K), 0.0006470 secs] 39636K->6235K(120960K), 0.0006750 secs] [Times: user=0.01 sys=0.00, real=0.00 secs] 
142.544: Total time for which application threads were stopped: 0.0008010 seconds, Stopping threads took: 0.0000760 seconds
142.683: Application time: 0.1398870 seconds
142.684: [GC142.684: [DefNew: 35161K->1750K(37568K), 0.0006240 secs] 39643K->6232K(120960K), 0.0006480 secs] [Times: user=0.00 sys=0.00, real=0.00 secs] 
142.684: Total time for which application threads were stopped: 0.0007960 seconds, Stopping threads took: 0.0000970 seconds
142.834: Application time: 0.1498900 seconds
142.834: [GC142.834: [DefNew: 35154K->1748K(37568K), 0.0006160 secs] 39636K->6230K(120960K), 0.0006420 secs] [Times: user=0.00 sys=0.00, real=0.00 secs] 
142.835: Total time for which application threads were stopped: 0.0007750 seconds, Stopping threads took: 0.0000800 seconds
142.984: Application time: 0.1494200 seconds
142.984: [GC142.985: [DefNew: 35154K->1748K(37568K), 0.0006030 secs] 39636K->6230K(120960K), 0.0006350 secs] [Times: user=0.00 sys=0.00, real=0.00 secs] 
142.985: Total time for which application threads were stopped: 0.0007850 seconds, Stopping threads took: 0.0000940 seconds
143.135: Application time: 0.1500750 seconds
143.135: [GC143.135: [DefNew: 35154K->1748K(37568K), 0.0006070 secs] 39637K->6230K(120960K), 0.0006320 secs] [Times: user=0.00 sys=0.00, real=0.00 secs] 
143.136: Total time for which application threads were stopped: 0.0007680 seconds, Stopping threads took: 0.0000850 seconds
143.287: Application time: 0.1507790 seconds
143.287: [GC143.287: [DefNew: 35153K->1748K(37568K), 0.0006330 secs] 39635K->6230K(120960K), 0.0006570 secs] [Times: user=0.00 sys=0.00, real=0.00 secs] 
143.288: Total time for which application threads were stopped: 0.0007850 seconds, Stopping threads took: 0.0000810 seconds
143.437: Application time: 0.1495070 seconds
143.437: [GC143.437: [DefNew: 35152K->1748K(37568K), 0.0006040 secs] 39634K->6230K(120960K), 0.0006270 secs] [Times: user=0.00 sys=0.00, real=0.00 secs] 
143.438: Total time for which application threads were stopped: 0.0007350 seconds, Stopping threads took: 0.0000600 seconds
143.546: Application time: 0.1079130 seconds
143.546: [GC143.546: [DefNew: 35155K->1749K(37568K), 0.0006200 secs] 39637K->6231K(120960K), 0.0006470 secs] [Times: user=0.00 sys=0.00, real=0.00 secs] 
143.547: Total time for which application threads were stopped: 0.0008030 seconds, Stopping threads took: 0.0000960 seconds
143.694: Application time: 0.1473270 seconds
143.694: [GC143.694: [DefNew: 35154K->1748K(37568K), 0.0006120 secs] 39636K->6230K(120960K), 0.0006400 secs] [Times: user=0.00 sys=0.00, real=0.00 secs] 
143.695: Total time for which application threads were stopped: 0.0007750 seconds, Stopping threads took: 0.0000830 seconds
143.824: Application time: 0.1296290 seconds
143.824: [GC143.824: [DefNew: 35154K->1744K(37568K), 0.0006160 secs] 39636K->6226K(120960K), 0.0006430 secs] [Times: user=0.00 sys=0.00, real=0.00 secs] 
143.825: Total time for which application threads were stopped: 0.0007390 seconds, Stopping threads took: 0.0000440 seconds
143.896: Application time: 0.0713900 seconds
143.896: [GC143.896: [DefNew: 35151K->1739K(37568K), 0.0006090 secs] 39633K->6221K(120960K), 0.0006340 secs] [Times: user=0.00 sys=0.00, real=0.00 secs] 
143.897: Total time for which application threads were stopped: 0.0007250 seconds, Stopping threads took: 0.0000420 seconds
144.004: Application time: 0.1066930 seconds
144.004: [GC144.004: [DefNew: 35143K->1750K(37568K), 0.0006200 secs] 39626K->6232K(120960K), 0.0006450 secs] [Times: user=0.00 sys=0.00, real=0.00 secs] 
144.005: Total time for which application threads were stopped: 0.0007680 seconds, Stopping threads took: 0.0000730 seconds
144.149: Application time: 0.1444230 seconds
144.149: [GC144.149: [DefNew: 35156K->1748K(37568K), 0.0006030 secs] 39638K->6231K(120960K), 0.0006270 secs] [Times: user=0.00 sys=0.00, real=0.00 secs] 
144.150: Total time for which application threads were stopped: 0.0007400 seconds, Stopping threads took: 0.0000530 seconds
144.289: Application time: 0.1397370 seconds
144.290: [GC144.290: [DefNew: 35154K->1749K(37568K), 0.0006010 secs] 39637K->6232K(120960K), 0.0006220 secs] [Times: user=0.00 sys=0.00, real=0.00 secs] 
144.290: Total time for which application threads were stopped: 0.0007430 seconds, Stopping threads took: 0.0000710 seconds
144.435: Application time: 0.1449090 seconds
144.435: [GC144.435: [DefNew: 35153K->1749K(37568K), 0.0006000 secs] 39636K->6232K(120960K), 0.0006210 secs] [Times: user=0.00 sys=0.00, real=0.00 secs] 
144.436: Total time for which application threads were stopped: 0.0007610 seconds, Stopping threads took: 0.0000910 seconds
144.585: Application time: 0.1495460 seconds
144.586: [GC144.586: [DefNew: 35153K->1748K(37568K), 0.0006470 secs] 39635K->6231K(120960K), 0.0006750 secs] [Times: user=0.00 sys=0.00, real=0.00 secs] 
144.586: Total time for which application threads were stopped: 0.0008630 seconds, Stopping threads took: 0.0001360 seconds
144.736: Application time: 0.1495660 seconds
144.736: [GC144.736: [DefNew: 35153K->1748K(37568K), 0.0006450 secs] 39635K->6231K(120960K), 0.0006820 secs] [Times: user=0.00 sys=0.00, real=0.00 secs] 
144.737: Total time for which application threads were stopped: 0.0008260 seconds, Stopping threads took: 0.0000830 seconds
144.888: Application time: 0.1511320 seconds
144.888: [GC144.888: [DefNew: 35154K->1748K(37568K), 0.0005940 secs] 39636K->6231K(120960K), 0.0006170 secs] [Times: user=0.01 sys=0.00, real=0.00 secs] 
144.889: Total time for which application threads were stopped: 0.0007150 seconds, Stopping threads took: 0.0000530 seconds
145.038: Application time: 0.1498170 seconds
145.039: [GC145.039: [DefNew: 35156K->1748K(37568K), 0.0006130 secs] 39638K->6231K(120960K), 0.0006390 secs] [Times: user=0.00 sys=0.00, real=0.01 secs] 
145.039: Total time for which application threads were stopped: 0.0007830 seconds, Stopping threads took: 0.0000720 seconds
145.180: Application time: 0.1403660 seconds
145.180: [GC145.180: [DefNew: 35155K->1739K(37568K), 0.0006050 secs] 39638K->6222K(120960K), 0.0006350 secs] [Times: user=0.00 sys=0.00, real=0.00 secs] 
145.180: Total time for which application threads were stopped: 0.0008540 seconds, Stopping threads took: 0.0001540 seconds
145.296: Application time: 0.1153750 seconds
145.296: [GC145.296: [DefNew: 35146K->1749K(37568K), 0.0005910 secs] 39628K->6232K(120960K), 0.0006150 secs] [Times: user=0.00 sys=0.00, real=0.00 secs] 
145.297: Total time for which application threads were stopped: 0.0008180 seconds, Stopping threads took: 0.0001470 seconds
145.445: Application time: 0.1484940 seconds
145.445: [GC145.445: [DefNew: 35157K->1748K(37568K), 0.0006070 secs] 39639K->6231K(120960K), 0.0006290 secs] [Times: user=0.00 sys=0.00, real=0.00 secs] 
145.446: Total time for which application threads were stopped: 0.0007470 seconds, Stopping threads took: 0.0000700 seconds
145.561: Application time: 0.1153340 seconds
145.561: [GC145.561: [DefNew: 35155K->1740K(37568K), 0.0005840 secs] 39638K->6223K(120960K), 0.0006050 secs] [Times: user=0.00 sys=0.00, real=0.00 secs] 
145.562: Total time for which application threads were stopped: 0.0006910 seconds, Stopping threads took: 0.0000390 seconds
145.630: Application time: 0.0677350 seconds
145.630: [GC145.630: [DefNew: 35145K->1743K(37568K), 0.0006020 secs] 39628K->6226K(120960K), 0.0006260 secs] [Times: user=0.01 sys=0.00, real=0.00 secs] 
145.630: Total time for which application threads were stopped: 0.0007350 seconds, Stopping threads took: 0.0000630 seconds
145.754: Application time: 0.1236630 seconds
145.754: [GC145.754: [DefNew: 35149K->1750K(37568K), 0.0006190 secs] 39632K->6233K(120960K), 0.0006430 secs] [Times: user=0.01 sys=0.00, real=0.00 secs] 
145.755: Total time for which application threads were stopped: 0.0008220 seconds, Stopping threads took: 0.0001090 seconds
145.900: Application time: 0.1451550 seconds
145.900: [GC145.900: [DefNew: 35156K->1748K(37568K), 0.0005980 secs] 39638K->6231K(120960K), 0.0006220 secs] [Times: user=0.00 sys=0.00, real=0.00 secs] 
145.901: Total time for which application threads were stopped: 0.0008120 seconds, Stopping threads took: 0.0001340 seconds
146.038: Application time: 0.1374900 seconds
146.038: [GC146.038: [DefNew: 35155K->1750K(37568K), 0.0006170 secs] 39638K->6233K(120960K), 0.0006440 secs] [Times: user=0.00 sys=0.00, real=0.01 secs] 
146.039: Total time for which application threads were stopped: 0.0007730 seconds, Stopping threads took: 0.0000780 seconds
146.187: Application time: 0.1481610 seconds
146.187: [GC146.187: [DefNew: 35156K->1748K(37568K), 0.0005960 secs] 39640K->6232K(120960K), 0.0006190 secs] [Times: user=0.00 sys=0.00, real=0.00 secs] 
146.188: Total time for which application threads were stopped: 0.0007330 seconds, Stopping threads took: 0.0000650 seconds
146.337: Application time: 0.1492180 seconds
146.337: [GC146.337: [DefNew: 35156K->1748K(37568K), 0.0006480 secs] 39639K->6231K(120960K), 0.0006770 secs] [Times: user=0.00 sys=0.00, real=0.00 secs] 
146.338: Total time for which application threads were stopped: 0.0008200 seconds, Stopping threads took: 0.0000840 seconds
146.488: Application time: 0.1495870 seconds
146.488: [GC146.488: [DefNew: 35151K->1748K(37568K), 0.0006230 secs] 39635K->6231K(120960K), 0.0006500 secs] [Times: user=0.00 sys=0.00, real=0.00 secs] 
146.488: Total time for which application threads were stopped: 0.0008130 seconds, Stopping threads took: 0.0001010 seconds
146.639: Application time: 0.1508700 seconds
146.639: [GC146.639: [DefNew: 35152K->1748K(37568K), 0.0005790 secs] 39635K->6231K(120960K), 0.0006030 secs] [Times: user=0.00 sys=0.00, real=0.00 secs] 
146.640: Total time for which application threads were stopped: 0.0007120 seconds, Stopping threads took: 0.0000640 seconds
146.790: Application time: 0.1497360 seconds
146.790: [GC146.790: [DefNew: 35152K->1748K(37568K), 0.0006150 secs] 39635K->6231K(120960K), 0.0006400 secs] [Times: user=0.00 sys=0.00, real=0.00 secs] 
146.790: Total time for which application threads were stopped: 0.0007480 seconds, Stopping threads took: 0.0000560 seconds
146.915: Application time: 0.1245060 seconds
146.915: [GC146.915: [DefNew: 35155K->1740K(37568K), 0.0005960 secs] 39638K->6223K(120960K), 0.0006190 secs] [Times: user=0.00 sys=0.00, real=0.00 secs] 
146.916: Total time for which application threads were stopped: 0.0007280 seconds, Stopping threads took: 0.0000620 seconds
147.046: Application time: 0.1307510 seconds
147.047: [GC147.047: [DefNew: 35145K->1749K(37568K), 0.0006060 secs] 39628K->6232K(120960K), 0.0006300 secs] [Times: user=0.00 sys=0.00, real=0.01 secs] 
147.047: Total time for which application threads were stopped: 0.0007770 seconds, Stopping threads took: 0.0000910 seconds
147.196: Application time: 0.1492170 seconds
147.197: [GC147.197: [DefNew: 35157K->1748K(37568K), 0.0005880 secs] 39640K->6231K(120960K), 0.0006100 secs] [Times: user=0.00 sys=0.00, real=0.00 secs] 
147.197: Total time for which application threads were stopped: 0.0008030 seconds, Stopping threads took: 0.0001270 seconds
147.297: Application time: 0.0999270 seconds
147.297: [GC147.297: [DefNew: 35152K->1736K(37568K), 0.0006070 secs] 39636K->6220K(120960K), 0.0006300 secs] [Times: user=0.00 sys=0.00, real=0.00 secs] 
147.298: Total time for which application threads were stopped: 0.0008410 seconds, Stopping threads took: 0.0001550 seconds
147.370: Application time: 0.0722070 seconds
147.370: [GC147.370: [DefNew: 35140K->1747K(37568K), 0.0006210 secs] 39623K->6231K(120960K), 0.0006450 secs] [Times: user=0.00 sys=0.00, real=0.00 secs] 
147.371: Total time for which application threads were stopped: 0.0007400 seconds, Stopping threads took: 0.0000470 seconds
147.505: Application time: 0.1337970 seconds
147.505: [GC147.505: [DefNew: 35153K->1750K(37568K), 0.0006400 secs] 39637K->6233K(120960K), 0.0006640 secs] [Times: user=0.00 sys=0.00, real=0.00 secs] 
147.506: Total time for which application threads were stopped: 0.0008030 seconds, Stopping threads took: 0.0000920 seconds
147.650: Application time: 0.1442390 seconds
147.650: [GC147.650: [DefNew: 35153K->1748K(37568K), 0.0005980 secs] 39637K->6232K(120960K), 0.0006210 secs] [Times: user=0.00 sys=0.00, real=0.00 secs] 
147.651: Total time for which application threads were stopped: 0.0008020 seconds, Stopping threads took: 0.0001230 seconds
147.788: Application time: 0.1370320 seconds
147.788: [GC147.788: [DefNew: 35153K->1750K(37568K), 0.0006070 secs] 39637K->6234K(120960K), 0.0006300 secs] [Times: user=0.00 sys=0.00, real=0.00 secs] 
147.788: Total time for which application threads were stopped: 0.0008090 seconds, Stopping threads took: 0.0001110 seconds
147.938: Application time: 0.1497580 seconds
147.938: [GC147.938: [DefNew: 35154K->1748K(37568K), 0.0006590 secs] 39638K->6232K(120960K), 0.0006880 secs] [Times: user=0.00 sys=0.00, real=0.01 secs] 
147.939: Total time for which application threads were stopped: 0.0008430 seconds, Stopping threads took: 0.0001030 seconds
148.088: Application time: 0.1490590 seconds
148.088: [GC148.088: [DefNew: 35152K->1748K(37568K), 0.0006150 secs] 39636K->6232K(120960K), 0.0006500 secs] [Times: user=0.00 sys=0.00, real=0.00 secs] 
148.089: Total time for which application threads were stopped: 0.0007970 seconds, Stopping threads took: 0.0000960 seconds
148.239: Application time: 0.1503140 seconds
148.239: [GC148.239: [DefNew: 35152K->1748K(37568K), 0.0006010 secs] 39636K->6232K(120960K), 0.0006280 secs] [Times: user=0.00 sys=0.00, real=0.00 secs] 
148.240: Total time for which application threads were stopped: 0.0007370 seconds, Stopping threads took: 0.0000450 seconds
148.390: Application time: 0.1503260 seconds
148.390: [GC148.390: [DefNew: 35156K->1748K(37568K), 0.0005970 secs] 39640K->6232K(120960K), 0.0006180 secs] [Times: user=0.00 sys=0.00, real=0.00 secs] 
148.391: Total time for which application threads were stopped: 0.0007250 seconds, Stopping threads took: 0.0000600 seconds
148.540: Application time: 0.1493540 seconds
148.541: [GC148.541: [DefNew: 35156K->1748K(37568K), 0.0006440 secs] 39640K->6232K(120960K), 0.0006720 secs] [Times: user=0.00 sys=0.00, real=0.00 secs] 
148.541: Total time for which application threads were stopped: 0.0008090 seconds, Stopping threads took: 0.0000870 seconds
148.653: Application time: 0.1119640 seconds
148.653: [GC148.653: [DefNew: 35153K->1744K(37568K), 0.0006010 secs] 39636K->6228K(120960K), 0.0006250 secs] [Times: user=0.00 sys=0.00, real=0.00 secs] 
148.654: Total time for which application threads were stopped: 0.0007650 seconds, Stopping threads took: 0.0000850 seconds
148.797: Application time: 0.1427770 seconds
148.797: [GC148.797: [DefNew: 35151K->1748K(37568K), 0.0006610 secs] 39635K->6232K(120960K), 0.0006900 secs] [Times: user=0.00 sys=0.00, real=0.00 secs] 
148.798: Total time for which application threads were stopped: 0.0009010 seconds, Stopping threads took: 0.0001470 seconds
148.943: Application time: 0.1453370 seconds
148.943: [GC148.943: [DefNew: 35153K->1743K(37568K), 0.0006110 secs] 39637K->6227K(120960K), 0.0006370 secs] [Times: user=0.01 sys=0.00, real=0.00 secs] 
148.944: Total time for which application threads were stopped: 0.0008160 seconds, Stopping threads took: 0.0001080 seconds
149.024: Application time: 0.0801820 seconds
149.024: [GC149.024: [DefNew: 35148K->1737K(37568K), 0.0006120 secs] 39632K->6221K(120960K), 0.0006380 secs] [Times: user=0.00 sys=0.00, real=0.00 secs] 
149.025: Total time for which application threads were stopped: 0.0007380 seconds, Stopping threads took: 0.0000500 seconds
149.113: Application time: 0.0878240 seconds
149.113: [GC149.113: [DefNew: 35143K->1747K(37568K), 0.0006520 secs] 39627K->6231K(120960K), 0.0006760 secs] [Times: user=0.00 sys=0.00, real=0.00 secs] 
149.113: Total time for which application threads were stopped: 0.0008050 seconds, Stopping threads took: 0.0000810 seconds
149.254: Application time: 0.1409360 seconds
149.254: [GC149.254: [DefNew: 35153K->1749K(37568K), 0.0006030 secs] 39637K->6233K(120960K), 0.0006250 secs] [Times: user=0.00 sys=0.00, real=0.00 secs] 
149.255: Total time for which application threads were stopped: 0.0007760 seconds, Stopping threads took: 0.0001030 seconds
149.399: Application time: 0.1436400 seconds
149.399: [GC149.399: [DefNew: 35156K->1748K(37568K), 0.0006380 secs] 39640K->6233K(120960K), 0.0006630 secs] [Times: user=0.00 sys=0.00, real=0.00 secs] 
149.400: Total time for which application threads were stopped: 0.0008230 seconds, Stopping threads took: 0.0001040 seconds
149.539: Application time: 0.1391290 seconds
149.539: [GC149.539: [DefNew: 35153K->1750K(37568K), 0.0006090 secs] 39637K->6235K(120960K), 0.0006320 secs] [Times: user=0.00 sys=0.00, real=0.00 secs] 
149.539: Total time for which application threads were stopped: 0.0007590 seconds, Stopping threads took: 0.0000810 seconds
149.689: Application time: 0.1497260 seconds
149.689: [GC149.689: [DefNew: 35157K->1748K(37568K), 0.0006160 secs] 39641K->6232K(120960K), 0.0006430 secs] [Times: user=0.00 sys=0.00, real=0.00 secs] 
149.690: Total time for which application threads were stopped: 0.0007800 seconds, Stopping threads took: 0.0000870 seconds
149.839: Application time: 0.1493650 seconds
149.839: [GC149.839: [DefNew: 35152K->1748K(37568K), 0.0006040 secs] 39636K->6232K(120960K), 0.0006350 secs] [Times: user=0.00 sys=0.00, real=0.00 secs] 
149.840: Total time for which application threads were stopped: 0.0007440 seconds, Stopping threads took: 0.0000610 seconds
149.990: Application time: 0.1502950 seconds
149.990: [GC149.990: [DefNew: 35156K->1748K(37568K), 0.0006090 secs] 39640K->6232K(120960K), 0.0006340 secs] [Times: user=0.00 sys=0.00, real=0.00 secs] 
149.991: Total time for which application threads were stopped: 0.0007630 seconds, Stopping threads took: 0.0000700 seconds
150.141: Application time: 0.1500810 seconds
150.141: [GC150.141: [DefNew: 35155K->1748K(37568K), 0.0006110 secs] 39639K->6232K(120960K), 0.0006360 secs] [Times: user=0.00 sys=0.00, real=0.00 secs] 
150.142: Total time for which application threads were stopped: 0.0007840 seconds, Stopping threads took: 0.0000890 seconds
150.292: Application time: 0.1495290 seconds
150.292: [GC150.292: [DefNew: 35155K->1748K(37568K), 0.0006590 secs] 39639K->6232K(120960K), 0.0006880 secs] [Times: user=0.00 sys=0.00, real=0.00 secs] 
150.292: Total time for which application threads were stopped: 0.0008830 seconds, Stopping threads took: 0.0001210 seconds
150.401: Application time: 0.1088730 seconds
150.402: [GC150.402: [DefNew: 35152K->1749K(37568K), 0.0005950 secs] 39637K->6234K(120960K), 0.0006180 secs] [Times: user=0.00 sys=0.00, real=0.00 secs] 
150.402: Total time for which application threads were stopped: 0.0008880 seconds, Stopping threads took: 0.0002010 seconds
150.548: Application time: 0.1462050 seconds
150.548: [GC150.548: [DefNew: 35155K->1748K(37568K), 0.0006190 secs] 39640K->6233K(120960K), 0.0006460 secs] [Times: user=0.01 sys=0.00, real=0.00 secs] 
150.549: Total time for which application threads were stopped: 0.0007730 seconds, Stopping threads took: 0.0000620 seconds
150.683: Application time: 0.1337410 seconds
150.683: [GC150.683: [DefNew: 35154K->1744K(37568K), 0.0006360 secs] 39638K->6228K(120960K), 0.0006600 secs] [Times: user=0.00 sys=0.00, real=0.00 secs] 
150.684: Total time for which application threads were stopped: 0.0007820 seconds, Stopping threads took: 0.0000740 seconds
150.756: Application time: 0.0719030 seconds
150.756: [GC150.756: [DefNew: 35150K->1742K(37568K), 0.0006300 secs] 39634K->6227K(120960K), 0.0006560 secs] [Times: user=0.00 sys=0.00, real=0.00 secs] 
150.756: Total time for which application threads were stopped: 0.0007940 seconds, Stopping threads took: 0.0000860 seconds
150.859: Application time: 0.1029970 seconds
150.860: [GC150.860: [DefNew: 35149K->1751K(37568K), 0.0006320 secs] 39634K->6236K(120960K), 0.0006580 secs] [Times: user=0.00 sys=0.00, real=0.00 secs] 
150.860: Total time for which application threads were stopped: 0.0008630 seconds, Stopping threads took: 0.0001560 seconds
151.004: Application time: 0.1435980 seconds
151.004: [GC151.004: [DefNew: 35159K->1748K(37568K), 0.0006300 secs] 39643K->6233K(120960K), 0.0006550 secs] [Times: user=0.00 sys=0.00, real=0.00 secs] 
151.005: Total time for which application threads were stopped: 0.0007780 seconds, Stopping threads took: 0.0000750 seconds
151.144: Application time: 0.1395110 seconds
151.144: [GC151.144: [DefNew: 35152K->1749K(37568K), 0.0006160 secs] 39637K->6234K(120960K), 0.0006430 secs] [Times: user=0.00 sys=0.00, real=0.00 secs] 
151.145: Total time for which application threads were stopped: 0.0008100 seconds, Stopping threads took: 0.0001080 seconds
151.289: Application time: 0.1445670 seconds
151.290: [GC151.290: [DefNew: 35154K->1749K(37568K), 0.0005980 secs] 39639K->6234K(120960K), 0.0006210 secs] [Times: user=0.00 sys=0.00, real=0.00 secs] 
151.290: Total time for which application threads were stopped: 0.0007590 seconds, Stopping threads took: 0.0000920 seconds
151.440: Application time: 0.1497860 seconds
151.440: [GC151.440: [DefNew: 35153K->1748K(37568K), 0.0005920 secs] 39638K->6233K(120960K), 0.0006150 secs] [Times: user=0.00 sys=0.00, real=0.00 secs] 
151.441: Total time for which application threads were stopped: 0.0008740 seconds, Stopping threads took: 0.0001840 seconds
151.591: Application time: 0.1499790 seconds
151.591: [GC151.591: [DefNew: 35153K->1748K(37568K), 0.0006520 secs] 39638K->6233K(120960K), 0.0006790 secs] [Times: user=0.00 sys=0.00, real=0.00 secs] 
151.592: Total time for which application threads were stopped: 0.0008270 seconds, Stopping threads took: 0.0000990 seconds
151.742: Application time: 0.1502090 seconds
151.742: [GC151.742: [DefNew: 35154K->1748K(37568K), 0.0006050 secs] 39639K->6233K(120960K), 0.0006310 secs] [Times: user=0.00 sys=0.00, real=0.00 secs] 
151.743: Total time for which application threads were stopped: 0.0007660 seconds, Stopping threads took: 0.0000770 seconds
151.893: Application time: 0.1504420 seconds
151.893: [GC151.893: [DefNew: 35153K->1748K(37568K), 0.0006490 secs] 39638K->6233K(120960K), 0.0006770 secs] [Times: user=0.00 sys=0.00, real=0.00 secs] 
151.894: Total time for which application threads were stopped: 0.0008140 seconds, Stopping threads took: 0.0000870 seconds
152.041: Application time: 0.1471100 seconds
152.041: [GC152.041: [DefNew: 35153K->1743K(37568K), 0.0006170 secs] 39638K->6228K(120960K), 0.0015550 secs] [Times: user=0.00 sys=0.00, real=0.00 secs] 
152.043: Total time for which application threads were stopped: 0.0016880 seconds, Stopping threads took: 0.0000780 seconds
152.152: Application time: 0.1088340 seconds
152.152: [GC152.152: [DefNew: 35149K->1749K(37568K), 0.0006120 secs] 39634K->6234K(120960K), 0.0006370 secs] [Times: user=0.01 sys=0.00, real=0.00 secs] 
152.152: Total time for which application threads were stopped: 0.0007320 seconds, Stopping threads took: 0.0000470 seconds
152.300: Application time: 0.1478960 seconds
152.300: [GC152.300: [DefNew: 35157K->1748K(37568K), 0.0005920 secs] 39642K->6233K(120960K), 0.0006170 secs] [Times: user=0.00 sys=0.00, real=0.00 secs] 
152.301: Total time for which application threads were stopped: 0.0008000 seconds, Stopping threads took: 0.0001280 seconds
152.422: Application time: 0.1209910 seconds
152.422: [GC152.422: [DefNew: 35155K->1740K(37568K), 0.0006190 secs] 39640K->6225K(120960K), 0.0006450 secs] [Times: user=0.01 sys=0.00, real=0.00 secs] 
152.423: Total time for which application threads were stopped: 0.0007770 seconds, Stopping threads took: 0.0000820 seconds
152.493: Application time: 0.0697320 seconds
152.493: [GC152.493: [DefNew: 35147K->1747K(37568K), 0.0006220 secs] 39632K->6232K(120960K), 0.0006470 secs] [Times: user=0.00 sys=0.00, real=0.00 secs] 
152.493: Total time for which application threads were stopped: 0.0007710 seconds, Stopping threads took: 0.0000720 seconds
152.610: Application time: 0.1167050 seconds
152.610: [GC152.610: [DefNew: 35153K->1750K(37568K), 0.0006250 secs] 39638K->6235K(120960K), 0.0006510 secs] [Times: user=0.00 sys=0.00, real=0.00 secs] 
152.611: Total time for which application threads were stopped: 0.0007570 seconds, Stopping threads took: 0.0000560 seconds
152.755: Application time: 0.1437990 seconds
152.755: [GC152.755: [DefNew: 35158K->1748K(37568K), 0.0006220 secs] 39643K->6234K(120960K), 0.0006490 secs] [Times: user=0.00 sys=0.01, real=0.00 secs] 
152.755: Total time for which application threads were stopped: 0.0007840 seconds, Stopping threads took: 0.0000830 seconds
152.893: Application time: 0.1374810 seconds
152.893: [GC152.893: [DefNew: 35152K->1750K(37568K), 0.0006050 secs] 39637K->6236K(120960K), 0.0006250 secs] [Times: user=0.00 sys=0.00, real=0.00 secs] 
152.894: Total time for which application threads were stopped: 0.0007660 seconds, Stopping threads took: 0.0000860 seconds
153.041: Application time: 0.1475860 seconds
153.041: [GC153.041: [DefNew: 35154K->1748K(37568K), 0.0006130 secs] 39640K->6234K(120960K), 0.0006360 secs] [Times: user=0.00 sys=0.00, real=0.00 secs] 
153.042: Total time for which application threads were stopped: 0.0007680 seconds, Stopping threads took: 0.0000850 seconds
153.193: Application time: 0.1507390 seconds
153.193: [GC153.193: [DefNew: 35153K->1748K(37568K), 0.0005850 secs] 39638K->6233K(120960K), 0.0006170 secs] [Times: user=0.00 sys=0.00, real=0.00 secs] 
153.194: Total time for which application threads were stopped: 0.0007770 seconds, Stopping threads took: 0.0001120 seconds
153.344: Application time: 0.1501710 seconds
153.344: [GC153.344: [DefNew: 35155K->1748K(37568K), 0.0005880 secs] 39641K->6233K(120960K), 0.0006070 secs] [Times: user=0.00 sys=0.00, real=0.00 secs] 
153.344: Total time for which application threads were stopped: 0.0006960 seconds, Stopping threads took: 0.0000440 seconds
153.495: Application time: 0.1505840 seconds
153.495: [GC153.495: [DefNew: 35155K->1748K(37568K), 0.0006580 secs] 39640K->6233K(120960K), 0.0006840 secs] [Times: user=0.00 sys=0.00, real=0.00 secs] 
153.496: Total time for which application threads were stopped: 0.0008350 seconds, Stopping threads took: 0.0000860 seconds
153.646: Application time: 0.1498350 seconds
153.646: [GC153.646: [DefNew: 35152K->1748K(37568K), 0.0006020 secs] 39637K->6233K(120960K), 0.0006240 secs] [Times: user=0.00 sys=0.00, real=0.00 secs] 
153.646: Total time for which application threads were stopped: 0.0007470 seconds, Stopping threads took: 0.0000750 seconds
153.782: Application time: 0.1359210 seconds
153.782: [GC153.782: [DefNew: 35151K->1611K(37568K), 0.0006000 secs] 39637K->6097K(120960K), 0.0006250 secs] [Times: user=0.00 sys=0.00, real=0.00 secs] 
153.783: Total time for which application threads were stopped: 0.0007900 seconds, Stopping threads took: 0.0001160 seconds
153.903: Application time: 0.1195810 seconds
153.903: [GC153.903: [DefNew: 35017K->1749K(37568K), 0.0006430 secs] 39502K->6234K(120960K), 0.0006720 secs] [Times: user=0.00 sys=0.00, real=0.00 secs] 
153.904: Total time for which application threads were stopped: 0.0008710 seconds, Stopping threads took: 0.0001260 seconds
154.052: Application time: 0.1486680 seconds
154.052: [GC154.052: [DefNew: 35155K->1748K(37568K), 0.0005990 secs] 39640K->6233K(120960K), 0.0006250 secs] [Times: user=0.00 sys=0.00, real=0.00 secs] 
154.053: Total time for which application threads were stopped: 0.0008440 seconds, Stopping threads took: 0.0001510 seconds
154.157: Application time: 0.1039760 seconds
154.157: [GC154.157: [DefNew: 35152K->1736K(37568K), 0.0005850 secs] 39638K->6222K(120960K), 0.0006070 secs] [Times: user=0.00 sys=0.00, real=0.00 secs] 
154.158: Total time for which application threads were stopped: 0.0007250 seconds, Stopping threads took: 0.0000620 seconds
154.236: Application time: 0.0785600 seconds
154.236: [GC154.236: [DefNew: 35144K->1747K(37568K), 0.0006420 secs] 39630K->6232K(120960K), 0.0006660 secs] [Times: user=0.00 sys=0.00, real=0.00 secs] 
154.237: Total time for which application threads were stopped: 0.0007810 seconds, Stopping threads took: 0.0000680 seconds
154.361: Application time: 0.1239750 seconds
154.361: [GC154.361: [DefNew: 35154K->1750K(37568K), 0.0006300 secs] 39639K->6236K(120960K), 0.0006550 secs] [Times: user=0.00 sys=0.00, real=0.00 secs] 
154.362: Total time for which application threads were stopped: 0.0008060 seconds, Stopping threads took: 0.0001050 seconds
154.507: Application time: 0.1450100 seconds
154.507: [GC154.507: [DefNew: 35154K->1748K(37568K), 0.0005980 secs] 39639K->6234K(120960K), 0.0006220 secs] [Times: user=0.00 sys=0.00, real=0.00 secs] 
154.508: Total time for which application threads were stopped: 0.0007280 seconds, Stopping threads took: 0.0000590 seconds
154.645: Application time: 0.1378190 seconds
154.646: [GC154.646: [DefNew: 35153K->1750K(37568K), 0.0006200 secs] 39640K->6236K(120960K), 0.0006460 secs] [Times: user=0.00 sys=0.00, real=0.00 secs] 
154.646: Total time for which application threads were stopped: 0.0008050 seconds, Stopping threads took: 0.0000980 seconds
154.795: Application time: 0.1490600 seconds
154.795: [GC154.795: [DefNew: 35156K->1748K(37568K), 0.0006130 secs] 39642K->6234K(120960K), 0.0006370 secs] [Times: user=0.00 sys=0.00, real=0.00 secs] 
154.796: Total time for which application threads were stopped: 0.0007890 seconds, Stopping threads took: 0.0001040 seconds
154.948: Application time: 0.1517350 seconds
154.948: [GC154.948: [DefNew: 35155K->1748K(37568K), 0.0005970 secs] 39641K->6234K(120960K), 0.0006300 secs] [Times: user=0.00 sys=0.00, real=0.00 secs] 
154.949: Total time for which application threads were stopped: 0.0007550 seconds, Stopping threads took: 0.0000780 seconds
155.100: Application time: 0.1512250 seconds
155.100: [GC155.100: [DefNew: 35155K->1748K(37568K), 0.0005960 secs] 39641K->6234K(120960K), 0.0006190 secs] [Times: user=0.00 sys=0.00, real=0.00 secs] 
155.101: Total time for which application threads were stopped: 0.0007220 seconds, Stopping threads took: 0.0000580 seconds
155.252: Application time: 0.1509860 seconds
155.252: [GC155.252: [DefNew: 35154K->1748K(37568K), 0.0006570 secs] 39640K->6234K(120960K), 0.0006860 secs] [Times: user=0.01 sys=0.00, real=0.00 secs] 
155.252: Total time for which application threads were stopped: 0.0008470 seconds, Stopping threads took: 0.0000990 seconds
155.402: Application time: 0.1496880 seconds
155.402: [GC155.402: [DefNew: 35153K->1748K(37568K), 0.0005970 secs] 39639K->6234K(120960K), 0.0006200 secs] [Times: user=0.00 sys=0.00, real=0.00 secs] 
155.403: Total time for which application threads were stopped: 0.0007210 seconds, Stopping threads took: 0.0000540 seconds
155.520: Application time: 0.1173320 seconds
155.520: [GC155.520: [DefNew: 35153K->1740K(37568K), 0.0006050 secs] 39639K->6226K(120960K), 0.0006280 secs] [Times: user=0.00 sys=0.00, real=0.00 secs] 
155.521: Total time for which application threads were stopped: 0.0007330 seconds, Stopping threads took: 0.0000580 seconds
155.659: Application time: 0.1379330 seconds
155.659: [GC155.659: [DefNew: 35147K->1749K(37568K), 0.0006060 secs] 39633K->6235K(120960K), 0.0006290 secs] [Times: user=0.00 sys=0.00, real=0.00 secs] 
155.660: Total time for which application threads were stopped: 0.0007920 seconds, Stopping threads took: 0.0001160 seconds
155.808: Application time: 0.1488520 seconds
155.809: [GC155.809: [DefNew: 35156K->1584K(37568K), 0.0005790 secs] 39642K->6070K(120960K), 0.0006030 secs] [Times: user=0.00 sys=0.00, real=0.00 secs] 
155.809: Total time for which application threads were stopped: 0.0007530 seconds, Stopping threads took: 0.0000840 seconds
155.895: Application time: 0.0856350 seconds
155.895: [GC155.895: [DefNew: 34988K->1732K(37568K), 0.0006080 secs] 39474K->6218K(120960K), 0.0006320 secs] [Times: user=0.00 sys=0.00, real=0.00 secs] 
155.896: Total time for which application threads were stopped: 0.0007290 seconds, Stopping threads took: 0.0000500 seconds
155.982: Application time: 0.0867890 seconds
155.983: [GC155.983: [DefNew: 35139K->1747K(37568K), 0.0006340 secs] 39625K->6234K(120960K), 0.0006630 secs] [Times: user=0.00 sys=0.00, real=0.00 secs] 
155.983: Total time for which application threads were stopped: 0.0008090 seconds, Stopping threads took: 0.0000950 seconds
156.116: Application time: 0.1333170 seconds
156.117: [GC156.117: [DefNew: 35154K->1749K(37568K), 0.0006580 secs] 39640K->6235K(120960K), 0.0006860 secs] [Times: user=0.00 sys=0.00, real=0.00 secs] 
156.117: Total time for which application threads were stopped: 0.0008240 seconds, Stopping threads took: 0.0000880 seconds
156.261: Application time: 0.1439660 seconds
156.261: [GC156.261: [DefNew: 35156K->1748K(37568K), 0.0006020 secs] 39643K->6235K(120960K), 0.0006260 secs] [Times: user=0.00 sys=0.00, real=0.00 secs] 
156.262: Total time for which application threads were stopped: 0.0007560 seconds, Stopping threads took: 0.0000830 seconds
156.401: Application time: 0.1388030 seconds
156.401: [GC156.401: [DefNew: 35153K->1750K(37568K), 0.0006270 secs] 39639K->6237K(120960K), 0.0006520 secs] [Times: user=0.00 sys=0.00, real=0.00 secs] 
156.402: Total time for which application threads were stopped: 0.0008010 seconds, Stopping threads took: 0.0000870 seconds
156.552: Application time: 0.1498720 seconds
156.552: [GC156.552: [DefNew: 35156K->1748K(37568K), 0.0006010 secs] 39642K->6234K(120960K), 0.0006230 secs] [Times: user=0.00 sys=0.00, real=0.00 secs] 
156.552: Total time for which application threads were stopped: 0.0007440 seconds, Stopping threads took: 0.0000640 seconds
156.702: Application time: 0.1498780 seconds
156.702: [GC156.702: [DefNew: 35155K->1748K(37568K), 0.0006220 secs] 39642K->6234K(120960K), 0.0006490 secs] [Times: user=0.00 sys=0.00, real=0.00 secs] 
156.703: Total time for which application threads were stopped: 0.0007810 seconds, Stopping threads took: 0.0000800 seconds
156.853: Application time: 0.1500110 seconds
156.853: [GC156.853: [DefNew: 35152K->1748K(37568K), 0.0006060 secs] 39639K->6234K(120960K), 0.0006320 secs] [Times: user=0.00 sys=0.00, real=0.00 secs] 
156.854: Total time for which application threads were stopped: 0.0007710 seconds, Stopping threads took: 0.0000900 seconds
157.004: Application time: 0.1503410 seconds
157.007: [GC157.007: [DefNew: 35152K->1748K(37568K), 0.0006340 secs] 39639K->6234K(120960K), 0.0006580 secs] [Times: user=0.00 sys=0.00, real=0.00 secs] 
157.008: Total time for which application threads were stopped: 0.0034920 seconds, Stopping threads took: 0.0027750 seconds
157.158: Application time: 0.1503630 seconds
157.158: [GC157.158: [DefNew: 35152K->1748K(37568K), 0.0006380 secs] 39639K->6234K(120960K), 0.0016020 secs] [Times: user=0.00 sys=0.00, real=0.01 secs] 
157.160: Total time for which application threads were stopped: 0.0017780 seconds, Stopping threads took: 0.0000970 seconds
157.269: Application time: 0.1088410 seconds
157.269: [GC157.269: [DefNew: 35155K->1749K(37568K), 0.0006500 secs] 39642K->6236K(120960K), 0.0006780 secs] [Times: user=0.00 sys=0.00, real=0.00 secs] 
157.269: Total time for which application threads were stopped: 0.0008600 seconds, Stopping threads took: 0.0001110 seconds
157.415: Application time: 0.1459100 seconds
157.415: [GC157.415: [DefNew: 35156K->1748K(37568K), 0.0006400 secs] 39642K->6235K(120960K), 0.0006650 secs] [Times: user=0.00 sys=0.00, real=0.00 secs] 
157.416: Total time for which application threads were stopped: 0.0008180 seconds, Stopping threads took: 0.0001060 seconds
157.555: Application time: 0.1384040 seconds
157.555: [GC157.555: [DefNew: 35153K->1744K(37568K), 0.0006150 secs] 39640K->6230K(120960K), 0.0006420 secs] [Times: user=0.00 sys=0.00, real=0.00 secs] 
157.555: Total time for which application threads were stopped: 0.0007730 seconds, Stopping threads took: 0.0000700 seconds
157.629: Application time: 0.0739900 seconds
157.629: [GC157.629: [DefNew: 35149K->1732K(37568K), 0.0006200 secs] 39636K->6219K(120960K), 0.0006480 secs] [Times: user=0.01 sys=0.00, real=0.00 secs] 
157.630: Total time for which application threads were stopped: 0.0008280 seconds, Stopping threads took: 0.0001270 seconds
157.730: Application time: 0.0994560 seconds
157.730: [GC157.730: [DefNew: 35139K->1747K(37568K), 0.0006280 secs] 39626K->6234K(120960K), 0.0006550 secs] [Times: user=0.00 sys=0.00, real=0.00 secs] 
157.730: Total time for which application threads were stopped: 0.0008120 seconds, Stopping threads took: 0.0001070 seconds
157.872: Application time: 0.1412470 seconds
157.872: [GC157.872: [DefNew: 35152K->1749K(37568K), 0.0006080 secs] 39639K->6235K(120960K), 0.0006320 secs] [Times: user=0.00 sys=0.00, real=0.00 secs] 
157.872: Total time for which application threads were stopped: 0.0007390 seconds, Stopping threads took: 0.0000600 seconds
158.014: Application time: 0.1420540 seconds
158.015: [GC158.015: [DefNew: 35152K->1749K(37568K), 0.0006220 secs] 39639K->6236K(120960K), 0.0006470 secs] [Times: user=0.00 sys=0.00, real=0.00 secs] 
158.015: Total time for which application threads were stopped: 0.0007810 seconds, Stopping threads took: 0.0000860 seconds
158.157: Application time: 0.1418680 seconds
158.157: [GC158.157: [DefNew: 35154K->1750K(37568K), 0.0006040 secs] 39641K->6237K(120960K), 0.0006270 secs] [Times: user=0.00 sys=0.00, real=0.00 secs] 
158.158: Total time for which application threads were stopped: 0.0007800 seconds, Stopping threads took: 0.0000960 seconds
158.308: Application time: 0.1500170 seconds
158.308: [GC158.308: [DefNew: 35155K->1748K(37568K), 0.0005950 secs] 39642K->6235K(120960K), 0.0006250 secs] [Times: user=0.00 sys=0.00, real=0.00 secs] 
158.309: Total time for which application threads were stopped: 0.0007340 seconds, Stopping threads took: 0.0000640 seconds
158.458: Application time: 0.1497660 seconds
158.459: [GC158.459: [DefNew: 35152K->1748K(37568K), 0.0006550 secs] 39639K->6235K(120960K), 0.0006840 secs] [Times: user=0.00 sys=0.00, real=0.01 secs] 
158.459: Total time for which application threads were stopped: 0.0008310 seconds, Stopping threads took: 0.0000960 seconds
158.610: Application time: 0.1506060 seconds
158.610: [GC158.610: [DefNew: 35153K->1748K(37568K), 0.0006130 secs] 39640K->6235K(120960K), 0.0006400 secs] [Times: user=0.00 sys=0.00, real=0.00 secs] 
158.611: Total time for which application threads were stopped: 0.0007790 seconds, Stopping threads took: 0.0000880 seconds
158.761: Application time: 0.1504080 seconds
158.761: [GC158.761: [DefNew: 35152K->1748K(37568K), 0.0006010 secs] 39639K->6235K(120960K), 0.0006280 secs] [Times: user=0.00 sys=0.00, real=0.00 secs] 
158.762: Total time for which application threads were stopped: 0.0007640 seconds, Stopping threads took: 0.0000750 seconds
158.911: Application time: 0.1492090 seconds
158.911: [GC158.911: [DefNew: 35152K->1748K(37568K), 0.0006040 secs] 39640K->6235K(120960K), 0.0006260 secs] [Times: user=0.00 sys=0.00, real=0.00 secs] 
158.912: Total time for which application threads were stopped: 0.0007540 seconds, Stopping threads took: 0.0000810 seconds
159.021: Application time: 0.1089040 seconds
159.021: [GC159.021: [DefNew: 35156K->1749K(37568K), 0.0005970 secs] 39643K->6236K(120960K), 0.0006200 secs] [Times: user=0.00 sys=0.00, real=0.00 secs] 
159.021: Total time for which application threads were stopped: 0.0007210 seconds, Stopping threads took: 0.0000550 seconds
159.168: Application time: 0.1467310 seconds
159.168: [GC159.168: [DefNew: 35154K->1748K(37568K), 0.0005960 secs] 39642K->6235K(120960K), 0.0006210 secs] [Times: user=0.00 sys=0.00, real=0.00 secs] 
159.169: Total time for which application threads were stopped: 0.0008020 seconds, Stopping threads took: 0.0001150 seconds
159.298: Application time: 0.1291930 seconds
159.298: [GC159.298: [DefNew: 35152K->1739K(37568K), 0.0006200 secs] 39640K->6227K(120960K), 0.0006430 secs] [Times: user=0.01 sys=0.00, real=0.01 secs] 
159.299: Total time for which application threads were stopped: 0.0008220 seconds, Stopping threads took: 0.0001150 seconds
159.364: Application time: 0.0647720 seconds
159.364: [GC159.364: [DefNew: 35146K->1747K(37568K), 0.0006040 secs] 39633K->6234K(120960K), 0.0006270 secs] [Times: user=0.00 sys=0.00, real=0.00 secs] 
159.364: Total time for which application threads were stopped: 0.0007440 seconds, Stopping threads took: 0.0000600 seconds
159.479: Application time: 0.1148800 seconds
159.479: [GC159.479: [DefNew: 35154K->1751K(37568K), 0.0006200 secs] 39642K->6238K(120960K), 0.0006460 secs] [Times: user=0.00 sys=0.00, real=0.00 secs] 
159.480: Total time for which application threads were stopped: 0.0007460 seconds, Stopping threads took: 0.0000500 seconds
159.624: Application time: 0.1434930 seconds
159.624: [GC159.624: [DefNew: 35155K->1748K(37568K), 0.0006230 secs] 39642K->6236K(120960K), 0.0006490 secs] [Times: user=0.00 sys=0.00, real=0.00 secs] 
159.624: Total time for which application threads were stopped: 0.0008220 seconds, Stopping threads took: 0.0001220 seconds
159.762: Application time: 0.1370970 seconds
159.762: [GC159.762: [DefNew: 35155K->1750K(37568K), 0.0006550 secs] 39643K->6238K(120960K), 0.0006820 secs] [Times: user=0.00 sys=0.00, real=0.00 secs] 
159.762: Total time for which application threads were stopped: 0.0009410 seconds, Stopping threads took: 0.0002090 seconds
159.910: Application time: 0.1471500 seconds
159.910: [GC159.910: [DefNew: 35154K->1748K(37568K), 0.0005960 secs] 39642K->6236K(120960K), 0.0006200 secs] [Times: user=0.00 sys=0.00, real=0.00 secs] 
159.910: Total time for which application threads were stopped: 0.0007310 seconds, Stopping threads took: 0.0000560 seconds
160.060: Application time: 0.1497050 seconds
160.060: [GC160.060: [DefNew: 35155K->1748K(37568K), 0.0006100 secs] 39643K->6236K(120960K), 0.0006430 secs] [Times: user=0.00 sys=0.00, real=0.00 secs] 
160.061: Total time for which application threads were stopped: 0.0008040 seconds, Stopping threads took: 0.0001140 seconds
160.211: Application time: 0.1497950 seconds
160.211: [GC160.211: [DefNew: 35155K->1748K(37568K), 0.0006570 secs] 39643K->6236K(120960K), 0.0006850 secs] [Times: user=0.00 sys=0.00, real=0.00 secs] 
160.211: Total time for which application threads were stopped: 0.0008100 seconds, Stopping threads took: 0.0000740 seconds
160.361: Application time: 0.1498980 seconds
160.361: [GC160.362: [DefNew: 35152K->1748K(37568K), 0.0006000 secs] 39640K->6236K(120960K), 0.0006240 secs] [Times: user=0.00 sys=0.00, real=0.00 secs] 
160.362: Total time for which application threads were stopped: 0.0007520 seconds, Stopping threads took: 0.0000790 seconds
160.512: Application time: 0.1500970 seconds
160.512: [GC160.512: [DefNew: 35153K->1748K(37568K), 0.0005960 secs] 39641K->6236K(120960K), 0.0006190 secs] [Times: user=0.00 sys=0.00, real=0.00 secs] 
160.513: Total time for which application threads were stopped: 0.0007390 seconds, Stopping threads took: 0.0000610 seconds
160.654: Application time: 0.1408590 seconds
160.654: [GC160.654: [DefNew: 35154K->1739K(37568K), 0.0005990 secs] 39642K->6227K(120960K), 0.0006240 secs] [Times: user=0.00 sys=0.00, real=0.00 secs] 
160.655: Total time for which application threads were stopped: 0.0008340 seconds, Stopping threads took: 0.0001400 seconds
160.769: Application time: 0.1140590 seconds
160.769: [GC160.769: [DefNew: 35146K->1749K(37568K), 0.0006020 secs] 39634K->6237K(120960K), 0.0006240 secs] [Times: user=0.00 sys=0.00, real=0.00 secs] 
160.770: Total time for which application threads were stopped: 0.0007700 seconds, Stopping threads took: 0.0000990 seconds
160.918: Application time: 0.1488920 seconds
160.919: [GC160.919: [DefNew: 35153K->1748K(37568K), 0.0006170 secs] 39641K->6236K(120960K), 0.0006450 secs] [Times: user=0.00 sys=0.00, real=0.01 secs] 
160.919: Total time for which application threads were stopped: 0.0007750 seconds, Stopping threads took: 0.0000770 seconds
161.031: Application time: 0.1114560 seconds
161.031: [GC161.031: [DefNew: 35156K->1736K(37568K), 0.0006080 secs] 39643K->6224K(120960K), 0.0006390 secs] [Times: user=0.00 sys=0.00, real=0.00 secs] 
161.031: Total time for which application threads were stopped: 0.0007460 seconds, Stopping threads took: 0.0000450 seconds
161.107: Application time: 0.0754380 seconds
161.107: [GC161.107: [DefNew: 35143K->1751K(37568K), 0.0006570 secs] 39631K->6239K(120960K), 0.0006840 secs] [Times: user=0.00 sys=0.00, real=0.00 secs] 
161.108: Total time for which application threads were stopped: 0.0008040 seconds, Stopping threads took: 0.0000690 seconds
161.228: Application time: 0.1202540 seconds
161.228: [GC161.228: [DefNew: 35157K->1750K(37568K), 0.0006460 secs] 39645K->6238K(120960K), 0.0006710 secs] [Times: user=0.00 sys=0.00, real=0.00 secs] 
161.229: Total time for which application threads were stopped: 0.0008520 seconds, Stopping threads took: 0.0001320 seconds
161.377: Application time: 0.1478500 seconds
161.377: [GC161.377: [DefNew: 35157K->1748K(37568K), 0.0006270 secs] 39644K->6236K(120960K), 0.0006540 secs] [Times: user=0.00 sys=0.00, real=0.00 secs] 
161.377: Total time for which application threads were stopped: 0.0007670 seconds, Stopping threads took: 0.0000610 seconds
161.529: Application time: 0.1512310 seconds
161.529: [GC161.529: [DefNew: 35155K->1750K(37568K), 0.0006160 secs] 39643K->6239K(120960K), 0.0006420 secs] [Times: user=0.00 sys=0.00, real=0.00 secs] 
161.529: Total time for which application threads were stopped: 0.0008720 seconds, Stopping threads took: 0.0001580 seconds
161.692: Application time: 0.1625070 seconds
161.692: [GC161.692: [DefNew: 35154K->1748K(37568K), 0.0005900 secs] 39642K->6237K(120960K), 0.0006130 secs] [Times: user=0.00 sys=0.00, real=0.00 secs] 
161.693: Total time for which application threads were stopped: 0.0007690 seconds, Stopping threads took: 0.0000870 seconds
161.857: Application time: 0.1646460 seconds
161.858: [GC161.858: [DefNew: 35153K->1748K(37568K), 0.0006320 secs] 39641K->6236K(120960K), 0.0006580 secs] [Times: user=0.00 sys=0.00, real=0.00 secs] 
161.858: Total time for which application threads were stopped: 0.0008030 seconds, Stopping threads took: 0.0000710 seconds
162.023: Application time: 0.1650150 seconds
162.023: [GC162.023: [DefNew: 35152K->1748K(37568K), 0.0006240 secs] 39641K->6236K(120960K), 0.0006520 secs] [Times: user=0.00 sys=0.00, real=0.00 secs] 
162.024: Total time for which application threads were stopped: 0.0008390 seconds, Stopping threads took: 0.0001260 seconds
162.190: Application time: 0.1661290 seconds
162.190: [GC162.190: [DefNew: 35152K->1748K(37568K), 0.0006370 secs] 39641K->6236K(120960K), 0.0006670 secs] [Times: user=0.00 sys=0.00, real=0.00 secs] 
162.191: Total time for which application threads were stopped: 0.0008090 seconds, Stopping threads took: 0.0000890 seconds
162.355: Application time: 0.1644930 seconds
162.356: [GC162.356: [DefNew: 35152K->1748K(37568K), 0.0006060 secs] 39641K->6236K(120960K), 0.0006290 secs] [Times: user=0.01 sys=0.00, real=0.00 secs] 
162.356: Total time for which application threads were stopped: 0.0008210 seconds, Stopping threads took: 0.0001350 seconds
162.495: Application time: 0.1388490 seconds
162.495: [GC162.495: [DefNew: 35156K->1740K(37568K), 0.0006110 secs] 39644K->6228K(120960K), 0.0006350 secs] [Times: user=0.00 sys=0.00, real=0.00 secs] 
162.496: Total time for which application threads were stopped: 0.0007660 seconds, Stopping threads took: 0.0000830 seconds
162.638: Application time: 0.1421710 seconds
162.638: [GC162.638: [DefNew: 35145K->1749K(37568K), 0.0006240 secs] 39633K->6237K(120960K), 0.0006490 secs] [Times: user=0.00 sys=0.00, real=0.01 secs] 
162.639: Total time for which application threads were stopped: 0.0007760 seconds, Stopping threads took: 0.0000770 seconds
162.802: Application time: 0.1632730 seconds
162.802: [GC162.802: [DefNew: 35153K->1748K(37568K), 0.0006280 secs] 39642K->6236K(120960K), 0.0006560 secs] [Times: user=0.00 sys=0.00, real=0.00 secs] 
162.803: Total time for which application threads were stopped: 0.0007940 seconds, Stopping threads took: 0.0000860 seconds
162.905: Application time: 0.1025180 seconds
162.906: [GC162.906: [DefNew: 35155K->1736K(37568K), 0.0006190 secs] 39644K->6225K(120960K), 0.0006470 secs] [Times: user=0.00 sys=0.00, real=0.00 secs] 
162.906: Total time for which application threads were stopped: 0.0007750 seconds, Stopping threads took: 0.0000630 seconds
162.999: Application time: 0.0922710 seconds
162.999: [GC162.999: [DefNew: 35142K->1748K(37568K), 0.0006400 secs] 39630K->6236K(120960K), 0.0006640 secs] [Times: user=0.00 sys=0.00, real=0.01 secs] 
162.999: Total time for which application threads were stopped: 0.0007990 seconds, Stopping threads took: 0.0000850 seconds
163.140: Application time: 0.1407360 seconds
163.140: [GC163.140: [DefNew: 35155K->1749K(37568K), 0.0006720 secs] 39643K->6238K(120960K), 0.0007000 secs] [Times: user=0.00 sys=0.00, real=0.00 secs] 
163.141: Total time for which application threads were stopped: 0.0009060 seconds, Stopping threads took: 0.0001530 seconds
163.303: Application time: 0.1623490 seconds
163.303: [GC163.303: [DefNew: 35157K->1748K(37568K), 0.0006610 secs] 39645K->6237K(120960K), 0.0006870 secs] [Times: user=0.01 sys=0.00, real=0.00 secs] 
163.304: Total time for which application threads were stopped: 0.0008270 seconds, Stopping threads took: 0.0000910 seconds
163.456: Application time: 0.1515070 seconds
163.456: [GC163.456: [DefNew: 35155K->1750K(37568K), 0.0006070 secs] 39644K->6239K(120960K), 0.0006320 secs] [Times: user=0.00 sys=0.00, real=0.00 secs] 
163.456: Total time for which application threads were stopped: 0.0007610 seconds, Stopping threads took: 0.0000710 seconds
163.620: Application time: 0.1638000 seconds
163.620: [GC163.620: [DefNew: 35155K->1748K(37568K), 0.0006780 secs] 39644K->6237K(120960K), 0.0007060 secs] [Times: user=0.01 sys=0.00, real=0.00 secs] 
163.621: Total time for which application threads were stopped: 0.0008670 seconds, Stopping threads took: 0.0001070 seconds
163.786: Application time: 0.1645050 seconds
163.786: [GC163.786: [DefNew: 35153K->1748K(37568K), 0.0006270 secs] 39642K->6237K(120960K), 0.0006540 secs] [Times: user=0.00 sys=0.00, real=0.00 secs] 
163.786: Total time for which application threads were stopped: 0.0008760 seconds, Stopping threads took: 0.0001490 seconds
163.952: Application time: 0.1652430 seconds
163.952: [GC163.952: [DefNew: 35152K->1748K(37568K), 0.0006320 secs] 39641K->6237K(120960K), 0.0006570 secs] [Times: user=0.00 sys=0.00, real=0.00 secs] 
163.953: Total time for which application threads were stopped: 0.0008450 seconds, Stopping threads took: 0.0001150 seconds
164.125: Application time: 0.1727780 seconds
164.126: [GC164.126: [DefNew: 35155K->1748K(37568K), 0.0005770 secs] 39644K->6237K(120960K), 0.0005950 secs] [Times: user=0.01 sys=0.00, real=0.00 secs] 
164.126: Total time for which application threads were stopped: 0.0007970 seconds, Stopping threads took: 0.0001410 seconds
164.293: Application time: 0.1670860 seconds
164.293: [GC164.293: [DefNew: 35153K->1748K(37568K), 0.0006870 secs] 39642K->6237K(120960K), 0.0007150 secs] [Times: user=0.00 sys=0.00, real=0.00 secs] 
164.294: Total time for which application threads were stopped: 0.0008730 seconds, Stopping threads took: 0.0001050 seconds
164.415: Application time: 0.1211320 seconds
164.415: [GC164.415: [DefNew: 35152K->1744K(37568K), 0.0006130 secs] 39641K->6233K(120960K), 0.0006370 secs] [Times: user=0.00 sys=0.00, real=0.00 secs] 
164.416: Total time for which application threads were stopped: 0.0007730 seconds, Stopping threads took: 0.0000860 seconds
164.575: Application time: 0.1588070 seconds
164.575: [GC164.575: [DefNew: 35150K->1748K(37568K), 0.0006400 secs] 39638K->6237K(120960K), 0.0006640 secs] [Times: user=0.01 sys=0.00, real=0.00 secs] 
164.576: Total time for which application threads were stopped: 0.0008360 seconds, Stopping threads took: 0.0001230 seconds
164.736: Application time: 0.1605850 seconds
164.736: [GC164.736: [DefNew: 35154K->1743K(37568K), 0.0006380 secs] 39643K->6232K(120960K), 0.0006640 secs] [Times: user=0.00 sys=0.00, real=0.00 secs] 
164.737: Total time for which application threads were stopped: 0.0008190 seconds, Stopping threads took: 0.0000930 seconds
164.823: Application time: 0.0859490 seconds
164.823: [GC164.823: [DefNew: 35148K->1741K(37568K), 0.0006380 secs] 39637K->6230K(120960K), 0.0006640 secs] [Times: user=0.00 sys=0.00, real=0.00 secs] 
164.824: Total time for which application threads were stopped: 0.0007990 seconds, Stopping threads took: 0.0000820 seconds
164.921: Application time: 0.0972010 seconds
164.921: [GC164.921: [DefNew: 35149K->1747K(37568K), 0.0006500 secs] 39638K->6236K(120960K), 0.0006770 secs] [Times: user=0.00 sys=0.00, real=0.00 secs] 
164.922: Total time for which application threads were stopped: 0.0008090 seconds, Stopping threads took: 0.0000800 seconds
165.077: Application time: 0.1550640 seconds
165.077: [GC165.077: [DefNew: 35154K->1749K(37568K), 0.0006310 secs] 39643K->6238K(120960K), 0.0006580 secs] [Times: user=0.00 sys=0.00, real=0.00 secs] 
165.078: Total time for which application threads were stopped: 0.0008220 seconds, Stopping threads took: 0.0001120 seconds
165.235: Application time: 0.1568170 seconds
165.235: [GC165.235: [DefNew: 35153K->1748K(37568K), 0.0006300 secs] 39642K->6238K(120960K), 0.0006580 secs] [Times: user=0.00 sys=0.00, real=0.00 secs] 
165.235: Total time for which application threads were stopped: 0.0007690 seconds, Stopping threads took: 0.0000590 seconds
165.384: Application time: 0.1491130 seconds
165.385: [GC165.385: [DefNew: 35155K->1750K(37568K), 0.0006650 secs] 39644K->6239K(120960K), 0.0006930 secs] [Times: user=0.00 sys=0.00, real=0.00 secs] 
165.385: Total time for which application threads were stopped: 0.0008370 seconds, Stopping threads took: 0.0000860 seconds
165.535: Application time: 0.1493870 seconds
165.535: [GC165.535: [DefNew: 35155K->1748K(37568K), 0.0006060 secs] 39644K->6237K(120960K), 0.0006380 secs] [Times: user=0.00 sys=0.00, real=0.00 secs] 
165.535: Total time for which application threads were stopped: 0.0007690 seconds, Stopping threads took: 0.0000850 seconds
165.685: Application time: 0.1499650 seconds
165.685: [GC165.685: [DefNew: 35152K->1748K(37568K), 0.0006010 secs] 39642K->6237K(120960K), 0.0006250 secs] [Times: user=0.00 sys=0.00, real=0.00 secs] 
165.686: Total time for which application threads were stopped: 0.0007300 seconds, Stopping threads took: 0.0000580 seconds
165.836: Application time: 0.1503030 seconds
165.837: [GC165.837: [DefNew: 35152K->1748K(37568K), 0.0006470 secs] 39642K->6237K(120960K), 0.0006710 secs] [Times: user=0.00 sys=0.00, real=0.00 secs] 
165.837: Total time for which application threads were stopped: 0.0008130 seconds, Stopping threads took: 0.0000910 seconds
165.988: Application time: 0.1504830 seconds
165.988: [GC165.988: [DefNew: 35152K->1748K(37568K), 0.0005930 secs] 39642K->6237K(120960K), 0.0006160 secs] [Times: user=0.00 sys=0.00, real=0.00 secs] 
165.988: Total time for which application threads were stopped: 0.0007330 seconds, Stopping threads took: 0.0000580 seconds
166.138: Application time: 0.1492610 seconds
166.138: [GC166.138: [DefNew: 35152K->1748K(37568K), 0.0005970 secs] 39642K->6237K(120960K), 0.0006220 secs] [Times: user=0.00 sys=0.00, real=0.00 secs] 
166.138: Total time for which application threads were stopped: 0.0007730 seconds, Stopping threads took: 0.0001060 seconds
166.247: Application time: 0.1085840 seconds
166.247: [GC166.247: [DefNew: 35155K->1749K(37568K), 0.0006000 secs] 39644K->6239K(120960K), 0.0006240 secs] [Times: user=0.00 sys=0.00, real=0.00 secs] 
166.248: Total time for which application threads were stopped: 0.0007340 seconds, Stopping threads took: 0.0000640 seconds
166.394: Application time: 0.1463860 seconds
166.394: [GC166.394: [DefNew: 35154K->1748K(37568K), 0.0006530 secs] 39644K->6238K(120960K), 0.0006820 secs] [Times: user=0.00 sys=0.00, real=0.00 secs] 
166.395: Total time for which application threads were stopped: 0.0008050 seconds, Stopping threads took: 0.0000720 seconds
166.529: Application time: 0.1340210 seconds
166.529: [GC166.529: [DefNew: 35155K->1739K(37568K), 0.0005960 secs] 39644K->6229K(120960K), 0.0006190 secs] [Times: user=0.00 sys=0.00, real=0.00 secs] 
166.530: Total time for which application threads were stopped: 0.0007250 seconds, Stopping threads took: 0.0000500 seconds
166.605: Application time: 0.0750510 seconds
166.605: [GC166.605: [DefNew: 35147K->1747K(37568K), 0.0006090 secs] 39636K->6236K(120960K), 0.0006310 secs] [Times: user=0.00 sys=0.00, real=0.00 secs] 
166.606: Total time for which application threads were stopped: 0.0007530 seconds, Stopping threads took: 0.0000760 seconds
166.706: Application time: 0.1004100 seconds
166.706: [GC166.706: [DefNew: 35151K->1751K(37568K), 0.0006370 secs] 39641K->6240K(120960K), 0.0006620 secs] [Times: user=0.00 sys=0.00, real=0.01 secs] 
166.707: Total time for which application threads were stopped: 0.0008390 seconds, Stopping threads took: 0.0001240 seconds
166.850: Application time: 0.1431520 seconds
166.850: [GC166.850: [DefNew: 35158K->1749K(37568K), 0.0005920 secs] 39647K->6238K(120960K), 0.0006140 secs] [Times: user=0.00 sys=0.00, real=0.00 secs] 
166.851: Total time for which application threads were stopped: 0.0007280 seconds, Stopping threads took: 0.0000680 seconds
166.990: Application time: 0.1394400 seconds
166.990: [GC166.990: [DefNew: 35155K->1749K(37568K), 0.0006120 secs] 39645K->6240K(120960K), 0.0006370 secs] [Times: user=0.00 sys=0.00, real=0.00 secs] 
166.991: Total time for which application threads were stopped: 0.0007620 seconds, Stopping threads took: 0.0000790 seconds
167.135: Application time: 0.1440420 seconds
167.135: [GC167.135: [DefNew: 35153K->1749K(37568K), 0.0006300 secs] 39643K->6239K(120960K), 0.0006550 secs] [Times: user=0.00 sys=0.00, real=0.00 secs] 
167.136: Total time for which application threads were stopped: 0.0008400 seconds, Stopping threads took: 0.0001170 seconds
167.286: Application time: 0.1501470 seconds
167.286: [GC167.286: [DefNew: 35154K->1748K(37568K), 0.0006840 secs] 39644K->6238K(120960K), 0.0016120 secs] [Times: user=0.00 sys=0.00, real=0.01 secs] 
167.288: Total time for which application threads were stopped: 0.0017480 seconds, Stopping threads took: 0.0000800 seconds
167.438: Application time: 0.1498220 seconds
167.438: [GC167.438: [DefNew: 35152K->1748K(37568K), 0.0006100 secs] 39642K->6238K(120960K), 0.0006360 secs] [Times: user=0.00 sys=0.00, real=0.00 secs] 
167.438: Total time for which application threads were stopped: 0.0007670 seconds, Stopping threads took: 0.0000820 seconds
167.588: Application time: 0.1500960 seconds
167.589: [GC167.589: [DefNew: 35152K->1748K(37568K), 0.0005990 secs] 39642K->6238K(120960K), 0.0006240 secs] [Times: user=0.00 sys=0.00, real=0.00 secs] 
167.589: Total time for which application threads were stopped: 0.0008130 seconds, Stopping threads took: 0.0001320 seconds
167.740: Application time: 0.1506160 seconds
167.740: [GC167.740: [DefNew: 35152K->1748K(37568K), 0.0006060 secs] 39642K->6238K(120960K), 0.0006320 secs] [Times: user=0.01 sys=0.00, real=0.00 secs] 
167.741: Total time for which application threads were stopped: 0.0008560 seconds, Stopping threads took: 0.0001470 seconds
167.883: Application time: 0.1424860 seconds
167.883: [GC167.883: [DefNew: 35153K->1744K(37568K), 0.0006210 secs] 39643K->6234K(120960K), 0.0006470 secs] [Times: user=0.00 sys=0.00, real=0.00 secs] 
167.884: Total time for which application threads were stopped: 0.0007650 seconds, Stopping threads took: 0.0000660 seconds
167.998: Application time: 0.1141680 seconds
167.998: [GC167.998: [DefNew: 35147K->1749K(37568K), 0.0006010 secs] 39638K->6239K(120960K), 0.0006250 secs] [Times: user=0.00 sys=0.00, real=0.01 secs] 
167.999: Total time for which application threads were stopped: 0.0008340 seconds, Stopping threads took: 0.0001600 seconds
168.147: Application time: 0.1480650 seconds
168.147: [GC168.147: [DefNew: 35155K->1748K(37568K), 0.0006290 secs] 39645K->6238K(120960K), 0.0006530 secs] [Times: user=0.00 sys=0.00, real=0.00 secs] 
168.148: Total time for which application threads were stopped: 0.0007760 seconds, Stopping threads took: 0.0000750 seconds
168.266: Application time: 0.1183650 seconds
168.266: [GC168.266: [DefNew: 35152K->1740K(37568K), 0.0006110 secs] 39642K->6230K(120960K), 0.0006340 secs] [Times: user=0.00 sys=0.00, real=0.01 secs] 
168.267: Total time for which application threads were stopped: 0.0007730 seconds, Stopping threads took: 0.0000810 seconds
168.347: Application time: 0.0798770 seconds
168.347: [GC168.347: [DefNew: 35147K->1747K(37568K), 0.0006270 secs] 39637K->6237K(120960K), 0.0006560 secs] [Times: user=0.00 sys=0.00, real=0.00 secs] 
168.348: Total time for which application threads were stopped: 0.0008010 seconds, Stopping threads took: 0.0000950 seconds
168.458: Application time: 0.1104800 seconds
168.458: [GC168.458: [DefNew: 35153K->1750K(37568K), 0.0006260 secs] 39643K->6240K(120960K), 0.0006550 secs] [Times: user=0.00 sys=0.00, real=0.01 secs] 
168.459: Total time for which application threads were stopped: 0.0008270 seconds, Stopping threads took: 0.0001010 seconds
168.603: Application time: 0.1443870 seconds
168.603: [GC168.603: [DefNew: 35157K->1748K(37568K), 0.0005950 secs] 39647K->6239K(120960K), 0.0006160 secs] [Times: user=0.00 sys=0.00, real=0.00 secs] 
168.604: Total time for which application threads were stopped: 0.0007240 seconds, Stopping threads took: 0.0000630 seconds
168.743: Application time: 0.1389360 seconds
168.743: [GC168.743: [DefNew: 35152K->1750K(37568K), 0.0006160 secs] 39642K->6240K(120960K), 0.0006420 secs] [Times: user=0.00 sys=0.00, real=0.00 secs] 
168.744: Total time for which application threads were stopped: 0.0007630 seconds, Stopping threads took: 0.0000720 seconds
168.889: Application time: 0.1457500 seconds
168.890: [GC168.890: [DefNew: 35156K->1749K(37568K), 0.0006130 secs] 39647K->6239K(120960K), 0.0006420 secs] [Times: user=0.00 sys=0.00, real=0.00 secs] 
168.890: Total time for which application threads were stopped: 0.0007700 seconds, Stopping threads took: 0.0000690 seconds
169.040: Application time: 0.1499080 seconds
169.043: [GC169.043: [DefNew: 35153K->1748K(37568K), 0.0005960 secs] 39644K->6238K(120960K), 0.0006230 secs] [Times: user=0.00 sys=0.00, real=0.00 secs] 
169.044: Total time for which application threads were stopped: 0.0035140 seconds, Stopping threads took: 0.0028340 seconds
169.194: Application time: 0.1499200 seconds
169.194: [GC169.194: [DefNew: 35152K->1748K(37568K), 0.0005990 secs] 39643K->6238K(120960K), 0.0006240 secs] [Times: user=0.00 sys=0.00, real=0.00 secs] 
169.194: Total time for which application threads were stopped: 0.0007150 seconds, Stopping threads took: 0.0000410 seconds
169.345: Application time: 0.1502790 seconds
169.345: [GC169.345: [DefNew: 35152K->1748K(37568K), 0.0006120 secs] 39643K->6238K(120960K), 0.0006380 secs] [Times: user=0.00 sys=0.00, real=0.00 secs] 
169.345: Total time for which application threads were stopped: 0.0008470 seconds, Stopping threads took: 0.0001390 seconds
169.495: Application time: 0.1498950 seconds
169.495: [GC169.496: [DefNew: 35152K->1748K(37568K), 0.0006490 secs] 39643K->6238K(120960K), 0.0006760 secs] [Times: user=0.00 sys=0.00, real=0.00 secs] 
169.496: Total time for which application threads were stopped: 0.0008580 seconds, Stopping threads took: 0.0001210 seconds
169.625: Application time: 0.1292870 seconds
169.626: [GC169.626: [DefNew: 35152K->1739K(37568K), 0.0006010 secs] 39642K->6230K(120960K), 0.0006260 secs] [Times: user=0.01 sys=0.00, real=0.00 secs] 
169.626: Total time for which application threads were stopped: 0.0008060 seconds, Stopping threads took: 0.0001070 seconds
169.752: Application time: 0.1261010 seconds
169.753: [GC169.753: [DefNew: 35147K->1749K(37568K), 0.0005890 secs] 39638K->6240K(120960K), 0.0006120 secs] [Times: user=0.00 sys=0.00, real=0.00 secs] 
169.753: Total time for which application threads were stopped: 0.0007820 seconds, Stopping threads took: 0.0001040 seconds
169.902: Application time: 0.1485860 seconds
169.902: [GC169.902: [DefNew: 35154K->1748K(37568K), 0.0006200 secs] 39644K->6238K(120960K), 0.0006450 secs] [Times: user=0.00 sys=0.00, real=0.00 secs] 
169.903: Total time for which application threads were stopped: 0.0008180 seconds, Stopping threads took: 0.0001060 seconds
170.001: Application time: 0.0984220 seconds
170.001: [GC170.001: [DefNew: 35155K->1737K(37568K), 0.0006220 secs] 39645K->6227K(120960K), 0.0006460 secs] [Times: user=0.00 sys=0.00, real=0.00 secs] 
170.002: Total time for which application threads were stopped: 0.0008120 seconds, Stopping threads took: 0.0001100 seconds
170.088: Application time: 0.0857550 seconds
170.088: [GC170.088: [DefNew: 35141K->1747K(37568K), 0.0006450 secs] 39632K->6238K(120960K), 0.0006710 secs] [Times: user=0.00 sys=0.00, real=0.00 secs] 
170.089: Total time for which application threads were stopped: 0.0009190 seconds, Stopping threads took: 0.0001810 seconds
170.211: Application time: 0.1223530 seconds
170.211: [GC170.211: [DefNew: 35152K->1750K(37568K), 0.0006350 secs] 39643K->6240K(120960K), 0.0006600 secs] [Times: user=0.00 sys=0.00, real=0.00 secs] 
170.212: Total time for which application threads were stopped: 0.0008410 seconds, Stopping threads took: 0.0001140 seconds
170.357: Application time: 0.1452650 seconds
170.357: [GC170.357: [DefNew: 35155K->1748K(37568K), 0.0006360 secs] 39646K->6239K(120960K), 0.0006610 secs] [Times: user=0.00 sys=0.00, real=0.00 secs] 
170.358: Total time for which application threads were stopped: 0.0008200 seconds, Stopping threads took: 0.0001120 seconds
170.496: Application time: 0.1379260 seconds
170.496: [GC170.496: [DefNew: 35153K->1750K(37568K), 0.0006090 secs] 39644K->6241K(120960K), 0.0006340 secs] [Times: user=0.00 sys=0.00, real=0.00 secs] 
170.496: Total time for which application threads were stopped: 0.0007260 seconds, Stopping threads took: 0.0000440 seconds
170.644: Application time: 0.1479720 seconds
170.645: [GC170.645: [DefNew: 35157K->1748K(37568K), 0.0006170 secs] 39648K->6239K(120960K), 0.0006510 secs] [Times: user=0.00 sys=0.00, real=0.00 secs] 
170.645: Total time for which application threads were stopped: 0.0008130 seconds, Stopping threads took: 0.0001070 seconds
170.795: Application time: 0.1496450 seconds
170.795: [GC170.795: [DefNew: 35153K->1748K(37568K), 0.0006130 secs] 39644K->6239K(120960K), 0.0006390 secs] [Times: user=0.00 sys=0.00, real=0.00 secs] 
170.796: Total time for which application threads were stopped: 0.0007370 seconds, Stopping threads took: 0.0000480 seconds
170.945: Application time: 0.1497420 seconds
170.946: [GC170.946: [DefNew: 35152K->1748K(37568K), 0.0006070 secs] 39644K->6239K(120960K), 0.0006330 secs] [Times: user=0.01 sys=0.00, real=0.00 secs] 
170.946: Total time for which application threads were stopped: 0.0008620 seconds, Stopping threads took: 0.0001780 seconds
171.097: Application time: 0.1505050 seconds
171.097: [GC171.097: [DefNew: 35152K->1748K(37568K), 0.0005980 secs] 39644K->6239K(120960K), 0.0006220 secs] [Times: user=0.00 sys=0.00, real=0.00 secs] 
171.098: Total time for which application threads were stopped: 0.0008460 seconds, Stopping threads took: 0.0001690 seconds
171.248: Application time: 0.1505410 seconds
171.248: [GC171.248: [DefNew: 35152K->1748K(37568K), 0.0006450 secs] 39644K->6239K(120960K), 0.0006730 secs] [Times: user=0.00 sys=0.00, real=0.00 secs] 
171.249: Total time for which application threads were stopped: 0.0008650 seconds, Stopping threads took: 0.0001320 seconds
171.367: Application time: 0.1178740 seconds
171.367: [GC171.367: [DefNew: 35154K->1744K(37568K), 0.0006250 secs] 39646K->6236K(120960K), 0.0006500 secs] [Times: user=0.00 sys=0.00, real=0.00 secs] 
171.368: Total time for which application threads were stopped: 0.0008050 seconds, Stopping threads took: 0.0001080 seconds
171.505: Application time: 0.1375300 seconds
171.505: [GC171.505: [DefNew: 35149K->1748K(37568K), 0.0006440 secs] 39640K->6240K(120960K), 0.0006690 secs] [Times: user=0.00 sys=0.00, real=0.00 secs] 
171.506: Total time for which application threads were stopped: 0.0007980 seconds, Stopping threads took: 0.0000830 seconds
171.654: Application time: 0.1482710 seconds
171.654: [GC171.654: [DefNew: 35153K->1748K(37568K), 0.0006070 secs] 39644K->6239K(120960K), 0.0006310 secs] [Times: user=0.00 sys=0.00, real=0.00 secs] 
171.655: Total time for which application threads were stopped: 0.0008070 seconds, Stopping threads took: 0.0001290 seconds
171.734: Application time: 0.0794190 seconds
171.735: [GC171.735: [DefNew: 35152K->1742K(37568K), 0.0006120 secs] 39643K->6233K(120960K), 0.0006380 secs] [Times: user=0.00 sys=0.00, real=0.00 secs] 
171.735: Total time for which application threads were stopped: 0.0007420 seconds, Stopping threads took: 0.0000540 seconds
171.831: Application time: 0.0952950 seconds
171.831: [GC171.831: [DefNew: 35146K->1747K(37568K), 0.0006060 secs] 39637K->6238K(120960K), 0.0006300 secs] [Times: user=0.00 sys=0.00, real=0.00 secs] 
171.831: Total time for which application threads were stopped: 0.0007530 seconds, Stopping threads took: 0.0000650 seconds
171.962: Application time: 0.1308100 seconds
171.962: [GC171.962: [DefNew: 35151K->1749K(37568K), 0.0006070 secs] 39643K->6240K(120960K), 0.0006300 secs] [Times: user=0.00 sys=0.00, real=0.00 secs] 
171.963: Total time for which application threads were stopped: 0.0008520 seconds, Stopping threads took: 0.0001530 seconds
172.107: Application time: 0.1439530 seconds
172.107: [GC172.107: [DefNew: 35155K->1748K(37568K), 0.0005940 secs] 39647K->6240K(120960K), 0.0006180 secs] [Times: user=0.00 sys=0.00, real=0.00 secs] 
172.108: Total time for which application threads were stopped: 0.0007200 seconds, Stopping threads took: 0.0000560 seconds
172.248: Application time: 0.1400950 seconds
172.248: [GC172.248: [DefNew: 35152K->1750K(37568K), 0.0006420 secs] 39644K->6242K(120960K), 0.0006660 secs] [Times: user=0.00 sys=0.00, real=0.00 secs] 
172.249: Total time for which application threads were stopped: 0.0007980 seconds, Stopping threads took: 0.0000770 seconds
172.398: Application time: 0.1490200 seconds
172.398: [GC172.398: [DefNew: 35156K->1748K(37568K), 0.0006190 secs] 39648K->6240K(120960K), 0.0017810 secs] [Times: user=0.00 sys=0.00, real=0.01 secs] 
172.400: Total time for which application threads were stopped: 0.0020260 seconds, Stopping threads took: 0.0001820 seconds
172.549: Application time: 0.1497460 seconds
172.550: [GC172.550: [DefNew: 35153K->1748K(37568K), 0.0005960 secs] 39644K->6240K(120960K), 0.0006190 secs] [Times: user=0.00 sys=0.00, real=0.00 secs] 
172.550: Total time for which application threads were stopped: 0.0008310 seconds, Stopping threads took: 0.0001440 seconds
172.700: Application time: 0.1500200 seconds
172.701: [GC172.701: [DefNew: 35152K->1748K(37568K), 0.0005880 secs] 39644K->6240K(120960K), 0.0006110 secs] [Times: user=0.00 sys=0.00, real=0.00 secs] 
172.701: Total time for which application threads were stopped: 0.0009580 seconds, Stopping threads took: 0.0002790 seconds
172.852: Application time: 0.1510780 seconds
172.852: [GC172.852: [DefNew: 35152K->1748K(37568K), 0.0006040 secs] 39644K->6240K(120960K), 0.0006320 secs] [Times: user=0.00 sys=0.00, real=0.00 secs] 
172.853: Total time for which application threads were stopped: 0.0007410 seconds, Stopping threads took: 0.0000590 seconds
173.002: Application time: 0.1493670 seconds
173.002: [GC173.002: [DefNew: 35152K->1748K(37568K), 0.0006210 secs] 39644K->6240K(120960K), 0.0006450 secs] [Times: user=0.00 sys=0.00, real=0.00 secs] 
173.003: Total time for which application threads were stopped: 0.0007510 seconds, Stopping threads took: 0.0000450 seconds
173.112: Application time: 0.1090000 seconds
173.112: [GC173.112: [DefNew: 35154K->1749K(37568K), 0.0006040 secs] 39646K->6241K(120960K), 0.0006300 secs] [Times: user=0.00 sys=0.00, real=0.00 secs] 
173.113: Total time for which application threads were stopped: 0.0007870 seconds, Stopping threads took: 0.0001060 seconds
173.259: Application time: 0.1464810 seconds
173.259: [GC173.259: [DefNew: 35157K->1748K(37568K), 0.0006010 secs] 39648K->6240K(120960K), 0.0006230 secs] [Times: user=0.00 sys=0.00, real=0.00 secs] 
173.260: Total time for which application threads were stopped: 0.0007230 seconds, Stopping threads took: 0.0000540 seconds
173.398: Application time: 0.1379340 seconds
173.398: [GC173.398: [DefNew: 35153K->1744K(37568K), 0.0005950 secs] 39645K->6235K(120960K), 0.0006240 secs] [Times: user=0.00 sys=0.00, real=0.00 secs] 
173.399: Total time for which application threads were stopped: 0.0007220 seconds, Stopping threads took: 0.0000510 seconds
173.474: Application time: 0.0750870 seconds
173.474: [GC173.474: [DefNew: 35151K->1751K(37568K), 0.0006070 secs] 39643K->6243K(120960K), 0.0006300 secs] [Times: user=0.00 sys=0.00, real=0.00 secs] 
173.475: Total time for which application threads were stopped: 0.0007860 seconds, Stopping threads took: 0.0000880 seconds
173.574: Application time: 0.0990610 seconds
173.574: [GC173.574: [DefNew: 35156K->1746K(37568K), 0.0006320 secs] 39648K->6238K(120960K), 0.0006570 secs] [Times: user=0.00 sys=0.00, real=0.00 secs] 
173.575: Total time for which application threads were stopped: 0.0008640 seconds, Stopping threads took: 0.0001390 seconds
173.716: Application time: 0.1409790 seconds
173.716: [GC173.716: [DefNew: 35154K->1749K(37568K), 0.0006090 secs] 39646K->6241K(120960K), 0.0006330 secs] [Times: user=0.00 sys=0.00, real=0.00 secs] 
173.716: Total time for which application threads were stopped: 0.0007870 seconds, Stopping threads took: 0.0001070 seconds
173.857: Application time: 0.1401860 seconds
173.857: [GC173.857: [DefNew: 35153K->1749K(37568K), 0.0005950 secs] 39645K->6242K(120960K), 0.0006190 secs] [Times: user=0.00 sys=0.00, real=0.00 secs] 
173.857: Total time for which application threads were stopped: 0.0007590 seconds, Stopping threads took: 0.0000860 seconds
174.000: Application time: 0.1427830 seconds
174.000: [GC174.000: [DefNew: 35154K->1749K(37568K), 0.0006230 secs] 39646K->6242K(120960K), 0.0006570 secs] [Times: user=0.00 sys=0.00, real=0.00 secs] 
174.001: Total time for which application threads were stopped: 0.0007670 seconds, Stopping threads took: 0.0000600 seconds
174.151: Application time: 0.1499310 seconds
174.151: [GC174.151: [DefNew: 35154K->1748K(37568K), 0.0006010 secs] 39646K->6240K(120960K), 0.0006250 secs] [Times: user=0.00 sys=0.00, real=0.00 secs] 
174.152: Total time for which application threads were stopped: 0.0007460 seconds, Stopping threads took: 0.0000650 seconds
174.302: Application time: 0.1502470 seconds
174.302: [GC174.302: [DefNew: 35152K->1748K(37568K), 0.0006310 secs] 39645K->6240K(120960K), 0.0006560 secs] [Times: user=0.01 sys=0.00, real=0.00 secs] 
174.303: Total time for which application threads were stopped: 0.0008230 seconds, Stopping threads took: 0.0001200 seconds
174.453: Application time: 0.1505480 seconds
174.453: [GC174.453: [DefNew: 35152K->1748K(37568K), 0.0005930 secs] 39645K->6240K(120960K), 0.0006180 secs] [Times: user=0.00 sys=0.00, real=0.00 secs] 
174.454: Total time for which application threads were stopped: 0.0007610 seconds, Stopping threads took: 0.0000960 seconds
174.605: Application time: 0.1508760 seconds
174.605: [GC174.605: [DefNew: 35152K->1748K(37568K), 0.0006500 secs] 39645K->6240K(120960K), 0.0006770 secs] [Times: user=0.00 sys=0.00, real=0.00 secs] 
174.606: Total time for which application threads were stopped: 0.0008300 seconds, Stopping threads took: 0.0001020 seconds
174.751: Application time: 0.1458000 seconds
174.752: [GC174.752: [DefNew: 35152K->1743K(37568K), 0.0006380 secs] 39644K->6236K(120960K), 0.0006650 secs] [Times: user=0.00 sys=0.00, real=0.00 secs] 
174.752: Total time for which application threads were stopped: 0.0008020 seconds, Stopping threads took: 0.0000780 seconds
174.863: Application time: 0.1108940 seconds
174.863: [GC174.863: [DefNew: 35150K->1749K(37568K), 0.0005920 secs] 39642K->6242K(120960K), 0.0006160 secs] [Times: user=0.00 sys=0.00, real=0.00 secs] 
174.864: Total time for which application threads were stopped: 0.0008010 seconds, Stopping threads took: 0.0001390 seconds
175.011: Application time: 0.1475430 seconds
175.012: [GC175.012: [DefNew: 35153K->1748K(37568K), 0.0006030 secs] 39646K->6240K(120960K), 0.0006290 secs] [Times: user=0.00 sys=0.00, real=0.00 secs] 
175.012: Total time for which application threads were stopped: 0.0007740 seconds, Stopping threads took: 0.0000960 seconds
175.137: Application time: 0.1250180 seconds
175.137: [GC175.137: [DefNew: 35155K->1740K(37568K), 0.0005950 secs] 39647K->6232K(120960K), 0.0006190 secs] [Times: user=0.00 sys=0.00, real=0.00 secs] 
175.138: Total time for which application threads were stopped: 0.0007450 seconds, Stopping threads took: 0.0000790 seconds
175.215: Application time: 0.0770760 seconds
175.215: [GC175.215: [DefNew: 35146K->1747K(37568K), 0.0006140 secs] 39638K->6239K(120960K), 0.0006400 secs] [Times: user=0.00 sys=0.00, real=0.00 secs] 
175.216: Total time for which application threads were stopped: 0.0008360 seconds, Stopping threads took: 0.0001410 seconds
175.323: Application time: 0.1067050 seconds
175.323: [GC175.323: [DefNew: 35151K->1750K(37568K), 0.0006690 secs] 39643K->6243K(120960K), 0.0006970 secs] [Times: user=0.00 sys=0.00, real=0.00 secs] 
175.323: Total time for which application threads were stopped: 0.0008500 seconds, Stopping threads took: 0.0000870 seconds
175.468: Application time: 0.1441240 seconds
175.468: [GC175.468: [DefNew: 35155K->1748K(37568K), 0.0006360 secs] 39648K->6241K(120960K), 0.0006610 secs] [Times: user=0.00 sys=0.00, real=0.00 secs] 
175.468: Total time for which application threads were stopped: 0.0007930 seconds, Stopping threads took: 0.0000850 seconds
175.607: Application time: 0.1390170 seconds
175.608: [GC175.608: [DefNew: 35156K->1750K(37568K), 0.0006180 secs] 39649K->6243K(120960K), 0.0006430 secs] [Times: user=0.00 sys=0.00, real=0.00 secs] 
175.608: Total time for which application threads were stopped: 0.0007840 seconds, Stopping threads took: 0.0000900 seconds
175.754: Application time: 0.1458350 seconds
175.754: [GC175.754: [DefNew: 35156K->1749K(37568K), 0.0006170 secs] 39649K->6242K(120960K), 0.0006500 secs] [Times: user=0.00 sys=0.00, real=0.00 secs] 
175.755: Total time for which application threads were stopped: 0.0008400 seconds, Stopping threads took: 0.0001420 seconds
175.904: Application time: 0.1495920 seconds
175.905: [GC175.905: [DefNew: 35153K->1748K(37568K), 0.0006030 secs] 39646K->6241K(120960K), 0.0006270 secs] [Times: user=0.00 sys=0.00, real=0.00 secs] 
175.905: Total time for which application threads were stopped: 0.0008030 seconds, Stopping threads took: 0.0001190 seconds
176.055: Application time: 0.1494070 seconds
176.055: [GC176.055: [DefNew: 35152K->1748K(37568K), 0.0006090 secs] 39645K->6241K(120960K), 0.0006380 secs] [Times: user=0.00 sys=0.00, real=0.00 secs] 
176.055: Total time for which application threads were stopped: 0.0007810 seconds, Stopping threads took: 0.0000930 seconds
176.206: Application time: 0.1504690 seconds
176.206: [GC176.206: [DefNew: 35152K->1748K(37568K), 0.0006080 secs] 39645K->6241K(120960K), 0.0006350 secs] [Times: user=0.00 sys=0.00, real=0.01 secs] 
176.207: Total time for which application threads were stopped: 0.0008400 seconds, Stopping threads took: 0.0001330 seconds
176.357: Application time: 0.1503970 seconds
176.357: [GC176.357: [DefNew: 35152K->1748K(37568K), 0.0005980 secs] 39645K->6241K(120960K), 0.0006210 secs] [Times: user=0.00 sys=0.00, real=0.00 secs] 
176.358: Total time for which application threads were stopped: 0.0007870 seconds, Stopping threads took: 0.0001110 seconds
176.493: Application time: 0.1351250 seconds
176.493: [GC176.493: [DefNew: 35156K->1744K(37568K), 0.0006150 secs] 39649K->6237K(120960K), 0.0006410 secs] [Times: user=0.00 sys=0.00, real=0.00 secs] 
176.494: Total time for which application threads were stopped: 0.0008300 seconds, Stopping threads took: 0.0001110 seconds
176.614: Application time: 0.1205020 seconds
176.615: [GC176.615: [DefNew: 35149K->1749K(37568K), 0.0006170 secs] 39642K->6242K(120960K), 0.0006430 secs] [Times: user=0.00 sys=0.00, real=0.00 secs] 
176.615: Total time for which application threads were stopped: 0.0007520 seconds, Stopping threads took: 0.0000630 seconds
176.764: Application time: 0.1486160 seconds
176.764: [GC176.764: [DefNew: 35154K->1748K(37568K), 0.0006500 secs] 39647K->6241K(120960K), 0.0006790 secs] [Times: user=0.00 sys=0.00, real=0.00 secs] 
176.765: Total time for which application threads were stopped: 0.0008300 seconds, Stopping threads took: 0.0001010 seconds
176.872: Application time: 0.1074960 seconds
176.872: [GC176.872: [DefNew: 35153K->1731K(37568K), 0.0006000 secs] 39646K->6224K(120960K), 0.0006260 secs] [Times: user=0.01 sys=0.00, real=0.00 secs] 
176.873: Total time for which application threads were stopped: 0.0007130 seconds, Stopping threads took: 0.0000370 seconds
176.956: Application time: 0.0828780 seconds
176.956: [GC176.956: [DefNew: 35138K->1747K(37568K), 0.0006060 secs] 39631K->6240K(120960K), 0.0006310 secs] [Times: user=0.00 sys=0.00, real=0.00 secs] 
176.956: Total time for which application threads were stopped: 0.0007750 seconds, Stopping threads took: 0.0000940 seconds
177.072: Application time: 0.1154840 seconds
177.072: [GC177.072: [DefNew: 35154K->1750K(37568K), 0.0006470 secs] 39647K->6243K(120960K), 0.0006730 secs] [Times: user=0.00 sys=0.00, real=0.00 secs] 
177.073: Total time for which application threads were stopped: 0.0008040 seconds, Stopping threads took: 0.0000750 seconds
177.218: Application time: 0.1456030 seconds
177.218: [GC177.218: [DefNew: 35155K->1748K(37568K), 0.0006190 secs] 39648K->6241K(120960K), 0.0006460 secs] [Times: user=0.00 sys=0.00, real=0.01 secs] 
177.219: Total time for which application threads were stopped: 0.0007490 seconds, Stopping threads took: 0.0000530 seconds
177.357: Application time: 0.1375730 seconds
177.357: [GC177.357: [DefNew: 35155K->1750K(37568K), 0.0006260 secs] 39649K->6244K(120960K), 0.0006520 secs] [Times: user=0.00 sys=0.00, real=0.00 secs] 
177.358: Total time for which application threads were stopped: 0.0008050 seconds, Stopping threads took: 0.0001030 seconds
177.505: Application time: 0.1479040 seconds
177.506: [GC177.506: [DefNew: 35157K->1748K(37568K), 0.0006140 secs] 39650K->6242K(120960K), 0.0006580 secs] [Times: user=0.00 sys=0.00, real=0.00 secs] 
177.506: Total time for which application threads were stopped: 0.0008280 seconds, Stopping threads took: 0.0001020 seconds
177.656: Application time: 0.1502170 seconds
177.659: [GC177.659: [DefNew: 35153K->1748K(37568K), 0.0006520 secs] 39646K->6241K(120960K), 0.0006800 secs] [Times: user=0.00 sys=0.00, real=0.00 secs] 
177.660: Total time for which application threads were stopped: 0.0032680 seconds, Stopping threads took: 0.0025080 seconds
177.810: Application time: 0.1499870 seconds
177.810: [GC177.810: [DefNew: 35152K->1748K(37568K), 0.0006130 secs] 39646K->6241K(120960K), 0.0006400 secs] [Times: user=0.00 sys=0.00, real=0.00 secs] 
177.811: Total time for which application threads were stopped: 0.0009520 seconds, Stopping threads took: 0.0002410 seconds
177.961: Application time: 0.1505820 seconds
177.961: [GC177.961: [DefNew: 35152K->1748K(37568K), 0.0006100 secs] 39646K->6241K(120960K), 0.0006350 secs] [Times: user=0.01 sys=0.00, real=0.00 secs] 
177.962: Total time for which application threads were stopped: 0.0007340 seconds, Stopping threads took: 0.0000490 seconds
178.112: Application time: 0.1498360 seconds
178.112: [GC178.112: [DefNew: 35152K->1748K(37568K), 0.0006020 secs] 39646K->6241K(120960K), 0.0006270 secs] [Times: user=0.00 sys=0.00, real=0.00 secs] 
178.113: Total time for which application threads were stopped: 0.0007850 seconds, Stopping threads took: 0.0001130 seconds
178.238: Application time: 0.1254780 seconds
178.238: [GC178.238: [DefNew: 35153K->1744K(37568K), 0.0005930 secs] 39646K->6238K(120960K), 0.0006180 secs] [Times: user=0.00 sys=0.00, real=0.01 secs] 
178.239: Total time for which application threads were stopped: 0.0007690 seconds, Stopping threads took: 0.0000920 seconds
178.369: Application time: 0.1297200 seconds
178.369: [GC178.369: [DefNew: 35151K->1749K(37568K), 0.0006210 secs] 39645K->6242K(120960K), 0.0006480 secs] [Times: user=0.00 sys=0.00, real=0.00 secs] 
178.369: Total time for which application threads were stopped: 0.0008290 seconds, Stopping threads took: 0.0001280 seconds
178.518: Application time: 0.1488310 seconds
178.518: [GC178.518: [DefNew: 35153K->1748K(37568K), 0.0006170 secs] 39647K->6241K(120960K), 0.0006440 secs] [Times: user=0.00 sys=0.00, real=0.01 secs] 
178.519: Total time for which application threads were stopped: 0.0007830 seconds, Stopping threads took: 0.0000870 seconds
178.605: Application time: 0.0864500 seconds
178.606: [GC178.606: [DefNew: 35156K->1552K(37568K), 0.0005730 secs] 39649K->6045K(120960K), 0.0005990 secs] [Times: user=0.00 sys=0.00, real=0.00 secs] 
178.606: Total time for which application threads were stopped: 0.0007020 seconds, Stopping threads took: 0.0000530 seconds
178.697: Application time: 0.0907430 seconds
178.697: [GC178.697: [DefNew: 34956K->1747K(37568K), 0.0006340 secs] 39450K->6241K(120960K), 0.0006570 secs] [Times: user=0.00 sys=0.00, real=0.00 secs] 
178.698: Total time for which application threads were stopped: 0.0007780 seconds, Stopping threads took: 0.0000640 seconds
178.827: Application time: 0.1291310 seconds
178.827: [GC178.827: [DefNew: 35152K->1749K(37568K), 0.0006390 secs] 39645K->6242K(120960K), 0.0006640 secs] [Times: user=0.01 sys=0.00, real=0.00 secs] 
178.828: Total time for which application threads were stopped: 0.0008690 seconds, Stopping threads took: 0.0001270 seconds
178.972: Application time: 0.1444660 seconds
178.972: [GC178.972: [DefNew: 35156K->1748K(37568K), 0.0006280 secs] 39649K->6242K(120960K), 0.0006520 secs] [Times: user=0.00 sys=0.00, real=0.00 secs] 
178.973: Total time for which application threads were stopped: 0.0009140 seconds, Stopping threads took: 0.0001940 seconds
179.112: Application time: 0.1384270 seconds
179.112: [GC179.112: [DefNew: 35155K->1750K(37568K), 0.0006210 secs] 39649K->6244K(120960K), 0.0006530 secs] [Times: user=0.00 sys=0.00, real=0.00 secs] 
179.112: Total time for which application threads were stopped: 0.0007930 seconds, Stopping threads took: 0.0000950 seconds
179.261: Application time: 0.1489200 seconds
179.261: [GC179.261: [DefNew: 35157K->1748K(37568K), 0.0005900 secs] 39651K->6242K(120960K), 0.0006130 secs] [Times: user=0.00 sys=0.00, real=0.00 secs] 
179.262: Total time for which application threads were stopped: 0.0007620 seconds, Stopping threads took: 0.0000830 seconds
179.412: Application time: 0.1500260 seconds
179.412: [GC179.412: [DefNew: 35153K->1748K(37568K), 0.0005950 secs] 39647K->6242K(120960K), 0.0006170 secs] [Times: user=0.00 sys=0.00, real=0.00 secs] 
179.413: Total time for which application threads were stopped: 0.0007740 seconds, Stopping threads took: 0.0001020 seconds
179.563: Application time: 0.1499340 seconds
179.563: [GC179.563: [DefNew: 35152K->1748K(37568K), 0.0006020 secs] 39646K->6242K(120960K), 0.0006260 secs] [Times: user=0.00 sys=0.00, real=0.00 secs] 
179.563: Total time for which application threads were stopped: 0.0007340 seconds, Stopping threads took: 0.0000600 seconds
179.714: Application time: 0.1504690 seconds
179.714: [GC179.714: [DefNew: 35152K->1748K(37568K), 0.0006330 secs] 39646K->6242K(120960K), 0.0006630 secs] [Times: user=0.00 sys=0.00, real=0.00 secs] 
179.715: Total time for which application threads were stopped: 0.0007870 seconds, Stopping threads took: 0.0000770 seconds
179.864: Application time: 0.1493010 seconds
179.864: [GC179.864: [DefNew: 35152K->1748K(37568K), 0.0006020 secs] 39646K->6242K(120960K), 0.0006250 secs] [Times: user=0.01 sys=0.00, real=0.00 secs] 
179.865: Total time for which application threads were stopped: 0.0007570 seconds, Stopping threads took: 0.0000840 seconds
179.980: Application time: 0.1152520 seconds
179.980: [GC179.980: [DefNew: 35152K->1744K(37568K), 0.0006100 secs] 39646K->6238K(120960K), 0.0006330 secs] [Times: user=0.00 sys=0.00, real=0.00 secs] 
179.981: Total time for which application threads were stopped: 0.0007490 seconds, Stopping threads took: 0.0000580 seconds
180.120: Application time: 0.1395860 seconds
180.121: [GC180.121: [DefNew: 35149K->1748K(37568K), 0.0006090 secs] 39643K->6242K(120960K), 0.0006320 secs] [Times: user=0.01 sys=0.00, real=0.00 secs] 
180.121: Total time for which application threads were stopped: 0.0007720 seconds, Stopping threads took: 0.0000930 seconds
180.267: Application time: 0.1457030 seconds
180.267: [GC180.267: [DefNew: 35156K->1743K(37568K), 0.0006080 secs] 39650K->6237K(120960K), 0.0006320 secs] [Times: user=0.00 sys=0.00, real=0.00 secs] 
180.268: Total time for which application threads were stopped: 0.0007380 seconds, Stopping threads took: 0.0000600 seconds
180.342: Application time: 0.0744380 seconds
180.342: [GC180.342: [DefNew: 35150K->1742K(37568K), 0.0006270 secs] 39644K->6236K(120960K), 0.0006510 secs] [Times: user=0.01 sys=0.00, real=0.00 secs] 
180.343: Total time for which application threads were stopped: 0.0007640 seconds, Stopping threads took: 0.0000680 seconds
180.438: Application time: 0.0955610 seconds
180.439: [GC180.439: [DefNew: 35147K->1747K(37568K), 0.0006080 secs] 39641K->6241K(120960K), 0.0006310 secs] [Times: user=0.00 sys=0.00, real=0.01 secs] 
180.439: Total time for which application threads were stopped: 0.0008430 seconds, Stopping threads took: 0.0001640 seconds
180.577: Application time: 0.1379760 seconds
180.579: [GC180.579: [DefNew: 35152K->1749K(37568K), 0.0005940 secs] 39646K->6243K(120960K), 0.0006180 secs] [Times: user=0.00 sys=0.00, real=0.00 secs] 
180.580: Total time for which application threads were stopped: 0.0023390 seconds, Stopping threads took: 0.0016470 seconds
180.722: Application time: 0.1422280 seconds
180.722: [GC180.722: [DefNew: 35155K->1749K(37568K), 0.0005990 secs] 39649K->6243K(120960K), 0.0006220 secs] [Times: user=0.00 sys=0.00, real=0.00 secs] 
180.723: Total time for which application threads were stopped: 0.0007960 seconds, Stopping threads took: 0.0001270 seconds
180.863: Application time: 0.1407630 seconds
180.863: [GC180.863: [DefNew: 35152K->1750K(37568K), 0.0006030 secs] 39647K->6244K(120960K), 0.0006360 secs] [Times: user=0.00 sys=0.00, real=0.00 secs] 
180.864: Total time for which application threads were stopped: 0.0007390 seconds, Stopping threads took: 0.0000570 seconds
181.014: Application time: 0.1499080 seconds
181.014: [GC181.014: [DefNew: 35154K->1748K(37568K), 0.0005990 secs] 39649K->6242K(120960K), 0.0006210 secs] [Times: user=0.00 sys=0.00, real=0.00 secs] 
181.015: Total time for which application threads were stopped: 0.0007350 seconds, Stopping threads took: 0.0000640 seconds
181.164: Application time: 0.1496380 seconds
181.165: [GC181.165: [DefNew: 35152K->1748K(37568K), 0.0005730 secs] 39647K->6242K(120960K), 0.0005980 secs] [Times: user=0.00 sys=0.00, real=0.00 secs] 
181.165: Total time for which application threads were stopped: 0.0007580 seconds, Stopping threads took: 0.0001010 seconds
181.315: Application time: 0.1503220 seconds
181.316: [GC181.316: [DefNew: 35152K->1748K(37568K), 0.0006240 secs] 39647K->6242K(120960K), 0.0006500 secs] [Times: user=0.00 sys=0.00, real=0.00 secs] 
181.316: Total time for which application threads were stopped: 0.0007930 seconds, Stopping threads took: 0.0000910 seconds
181.467: Application time: 0.1511190 seconds
181.467: [GC181.467: [DefNew: 35155K->1748K(37568K), 0.0005370 secs] 39649K->6242K(120960K), 0.0005580 secs] [Times: user=0.01 sys=0.00, real=0.00 secs] 
181.468: Total time for which application threads were stopped: 0.0006570 seconds, Stopping threads took: 0.0000530 seconds
181.617: Application time: 0.1492440 seconds
181.617: [GC181.617: [DefNew: 35152K->1748K(37568K), 0.0006110 secs] 39647K->6242K(120960K), 0.0006370 secs] [Times: user=0.00 sys=0.00, real=0.00 secs] 
181.618: Total time for which application threads were stopped: 0.0007950 seconds, Stopping threads took: 0.0001050 seconds
181.727: Application time: 0.1086060 seconds
181.727: [GC181.727: [DefNew: 35153K->1749K(37568K), 0.0006000 secs] 39647K->6244K(120960K), 0.0006240 secs] [Times: user=0.00 sys=0.00, real=0.00 secs] 
181.727: Total time for which application threads were stopped: 0.0007860 seconds, Stopping threads took: 0.0001050 seconds
181.874: Application time: 0.1462100 seconds
181.874: [GC181.874: [DefNew: 35157K->1748K(37568K), 0.0006100 secs] 39651K->6243K(120960K), 0.0006330 secs] [Times: user=0.00 sys=0.00, real=0.00 secs] 
181.874: Total time for which application threads were stopped: 0.0007820 seconds, Stopping threads took: 0.0001010 seconds
182.007: Application time: 0.1320810 seconds
182.007: [GC182.007: [DefNew: 35156K->1575K(37568K), 0.0006030 secs] 39651K->6070K(120960K), 0.0006290 secs] [Times: user=0.00 sys=0.00, real=0.01 secs] 
182.007: Total time for which application threads were stopped: 0.0007440 seconds, Stopping threads took: 0.0000630 seconds
182.084: Application time: 0.0768050 seconds
182.084: [GC182.084: [DefNew: 34980K->1746K(37568K), 0.0006230 secs] 39474K->6241K(120960K), 0.0006490 secs] [Times: user=0.00 sys=0.00, real=0.00 secs] 
182.085: Total time for which application threads were stopped: 0.0007770 seconds, Stopping threads took: 0.0000770 seconds
182.186: Application time: 0.1013830 seconds
182.186: [GC182.186: [DefNew: 35153K->1751K(37568K), 0.0005890 secs] 39648K->6246K(120960K), 0.0006120 secs] [Times: user=0.00 sys=0.00, real=0.01 secs] 
182.187: Total time for which application threads were stopped: 0.0007340 seconds, Stopping threads took: 0.0000760 seconds
182.330: Application time: 0.1432770 seconds
182.330: [GC182.330: [DefNew: 35157K->1749K(37568K), 0.0006240 secs] 39651K->6243K(120960K), 0.0006510 secs] [Times: user=0.00 sys=0.00, real=0.00 secs] 
182.331: Total time for which application threads were stopped: 0.0008120 seconds, Stopping threads took: 0.0000990 seconds
182.470: Application time: 0.1392940 seconds
182.470: [GC182.471: [DefNew: 35111K->1621K(37568K), 0.0006220 secs] 39606K->6116K(120960K), 0.0006500 secs] [Times: user=0.00 sys=0.00, real=0.00 secs] 
182.471: Total time for which application threads were stopped: 0.0007650 seconds, Stopping threads took: 0.0000660 seconds
182.615: Application time: 0.1443190 seconds
182.616: [GC182.616: [DefNew: 35027K->1749K(37568K), 0.0006250 secs] 39522K->6244K(120960K), 0.0006690 secs] [Times: user=0.00 sys=0.00, real=0.00 secs] 
182.616: Total time for which application threads were stopped: 0.0008070 seconds, Stopping threads took: 0.0000880 seconds
182.766: Application time: 0.1497940 seconds
182.766: [GC182.766: [DefNew: 35153K->1748K(37568K), 0.0006050 secs] 39648K->6243K(120960K), 0.0006290 secs] [Times: user=0.00 sys=0.00, real=0.01 secs] 
182.767: Total time for which application threads were stopped: 0.0007480 seconds, Stopping threads took: 0.0000720 seconds
182.916: Application time: 0.1495120 seconds
182.916: [GC182.916: [DefNew: 35152K->1748K(37568K), 0.0006150 secs] 39648K->6243K(120960K), 0.0006410 secs] [Times: user=0.00 sys=0.00, real=0.00 secs] 
182.917: Total time for which application threads were stopped: 0.0007860 seconds, Stopping threads took: 0.0000820 seconds
183.067: Application time: 0.1501920 seconds
183.067: [GC183.067: [DefNew: 35152K->1748K(37568K), 0.0005900 secs] 39648K->6243K(120960K), 0.0006130 secs] [Times: user=0.01 sys=0.00, real=0.00 secs] 
183.068: Total time for which application threads were stopped: 0.0007600 seconds, Stopping threads took: 0.0001010 seconds
183.219: Application time: 0.1507710 seconds
183.219: [GC183.219: [DefNew: 35152K->1748K(37568K), 0.0006140 secs] 39648K->6243K(120960K), 0.0006430 secs] [Times: user=0.00 sys=0.00, real=0.00 secs] 
183.220: Total time for which application threads were stopped: 0.0007770 seconds, Stopping threads took: 0.0000840 seconds
183.357: Application time: 0.1378330 seconds
183.358: [GC183.358: [DefNew: 35153K->1744K(37568K), 0.0006020 secs] 39648K->6239K(120960K), 0.0006270 secs] [Times: user=0.00 sys=0.00, real=0.00 secs] 
183.358: Total time for which application threads were stopped: 0.0007520 seconds, Stopping threads took: 0.0000750 seconds
183.476: Application time: 0.1181910 seconds
183.477: [GC183.477: [DefNew: 35150K->1749K(37568K), 0.0006580 secs] 39645K->6244K(120960K), 0.0006860 secs] [Times: user=0.00 sys=0.00, real=0.00 secs] 
183.477: Total time for which application threads were stopped: 0.0008230 seconds, Stopping threads took: 0.0000760 seconds
183.625: Application time: 0.1480490 seconds
183.625: [GC183.625: [DefNew: 35155K->1748K(37568K), 0.0006010 secs] 39651K->6243K(120960K), 0.0006250 secs] [Times: user=0.00 sys=0.00, real=0.00 secs] 
183.626: Total time for which application threads were stopped: 0.0007470 seconds, Stopping threads took: 0.0000650 seconds
183.741: Application time: 0.1145310 seconds
183.741: [GC183.741: [DefNew: 35156K->1736K(37568K), 0.0006090 secs] 39651K->6231K(120960K), 0.0006340 secs] [Times: user=0.00 sys=0.00, real=0.00 secs] 
183.741: Total time for which application threads were stopped: 0.0008230 seconds, Stopping threads took: 0.0001290 seconds
183.823: Application time: 0.0815130 seconds
183.823: [GC183.823: [DefNew: 35140K->1747K(37568K), 0.0006080 secs] 39635K->6242K(120960K), 0.0006310 secs] [Times: user=0.00 sys=0.00, real=0.00 secs] 
183.824: Total time for which application threads were stopped: 0.0007390 seconds, Stopping threads took: 0.0000590 seconds
183.935: Application time: 0.1115210 seconds
183.935: [GC183.935: [DefNew: 35155K->1750K(37568K), 0.0006040 secs] 39650K->6245K(120960K), 0.0006280 secs] [Times: user=0.00 sys=0.00, real=0.00 secs] 
183.936: Total time for which application threads were stopped: 0.0008120 seconds, Stopping threads took: 0.0001180 seconds
184.080: Application time: 0.1440280 seconds
184.080: [GC184.080: [DefNew: 35154K->1748K(37568K), 0.0005950 secs] 39649K->6244K(120960K), 0.0006190 secs] [Times: user=0.00 sys=0.00, real=0.00 secs] 
184.081: Total time for which application threads were stopped: 0.0007820 seconds, Stopping threads took: 0.0000930 seconds
184.220: Application time: 0.1393720 seconds
184.220: [GC184.220: [DefNew: 35154K->1750K(37568K), 0.0006200 secs] 39649K->6245K(120960K), 0.0006450 secs] [Times: user=0.00 sys=0.00, real=0.00 secs] 
184.221: Total time for which application threads were stopped: 0.0007800 seconds, Stopping threads took: 0.0000760 seconds
184.367: Application time: 0.1457160 seconds
184.367: [GC184.367: [DefNew: 35157K->1749K(37568K), 0.0006520 secs] 39652K->6244K(120960K), 0.0006800 secs] [Times: user=0.00 sys=0.00, real=0.00 secs] 
184.368: Total time for which application threads were stopped: 0.0008350 seconds, Stopping threads took: 0.0001030 seconds
184.517: Application time: 0.1495290 seconds
184.517: [GC184.517: [DefNew: 35153K->1748K(37568K), 0.0006020 secs] 39649K->6243K(120960K), 0.0006260 secs] [Times: user=0.00 sys=0.00, real=0.00 secs] 
184.518: Total time for which application threads were stopped: 0.0007400 seconds, Stopping threads took: 0.0000680 seconds
184.667: Application time: 0.1495610 seconds
184.667: [GC184.667: [DefNew: 35152K->1748K(37568K), 0.0006040 secs] 39648K->6243K(120960K), 0.0006270 secs] [Times: user=0.00 sys=0.00, real=0.00 secs] 
184.668: Total time for which application threads were stopped: 0.0007380 seconds, Stopping threads took: 0.0000550 seconds
184.819: Application time: 0.1510430 seconds
184.819: [GC184.819: [DefNew: 35152K->1748K(37568K), 0.0006160 secs] 39648K->6243K(120960K), 0.0006420 secs] [Times: user=0.00 sys=0.00, real=0.00 secs] 
184.820: Total time for which application threads were stopped: 0.0007770 seconds, Stopping threads took: 0.0000850 seconds
184.970: Application time: 0.1497750 seconds
184.970: [GC184.970: [DefNew: 35152K->1748K(37568K), 0.0005860 secs] 39648K->6243K(120960K), 0.0006100 secs] [Times: user=0.00 sys=0.00, real=0.00 secs] 
184.970: Total time for which application threads were stopped: 0.0007010 seconds, Stopping threads took: 0.0000420 seconds
185.099: Application time: 0.1289990 seconds
185.099: [GC185.100: [DefNew: 35153K->1748K(37568K), 0.0006040 secs] 39649K->6244K(120960K), 0.0006280 secs] [Times: user=0.00 sys=0.00, real=0.00 secs] 
185.100: Total time for which application threads were stopped: 0.0007390 seconds, Stopping threads took: 0.0000640 seconds
185.226: Application time: 0.1258500 seconds
185.226: [GC185.226: [DefNew: 35156K->1749K(37568K), 0.0006590 secs] 39651K->6245K(120960K), 0.0006870 secs] [Times: user=0.00 sys=0.00, real=0.01 secs] 
185.227: Total time for which application threads were stopped: 0.0008380 seconds, Stopping threads took: 0.0000910 seconds
185.375: Application time: 0.1483920 seconds
185.375: [GC185.375: [DefNew: 35154K->1748K(37568K), 0.0005990 secs] 39649K->6243K(120960K), 0.0006230 secs] [Times: user=0.00 sys=0.00, real=0.00 secs] 
185.376: Total time for which application threads were stopped: 0.0007840 seconds, Stopping threads took: 0.0001140 seconds
185.471: Application time: 0.0950280 seconds
185.471: [GC185.471: [DefNew: 35152K->1741K(37568K), 0.0006110 secs] 39647K->6237K(120960K), 0.0006360 secs] [Times: user=0.00 sys=0.00, real=0.00 secs] 
185.472: Total time for which application threads were stopped: 0.0007670 seconds, Stopping threads took: 0.0000800 seconds
185.564: Application time: 0.0925250 seconds
185.564: [GC185.564: [DefNew: 35148K->1746K(37568K), 0.0006250 secs] 39643K->6242K(120960K), 0.0006530 secs] [Times: user=0.00 sys=0.00, real=0.00 secs] 
185.565: Total time for which application threads were stopped: 0.0007530 seconds, Stopping threads took: 0.0000500 seconds
185.683: Application time: 0.1183760 seconds
185.684: [GC185.684: [DefNew: 35151K->1750K(37568K), 0.0006130 secs] 39647K->6246K(120960K), 0.0006390 secs] [Times: user=0.00 sys=0.00, real=0.00 secs] 
185.684: Total time for which application threads were stopped: 0.0007440 seconds, Stopping threads took: 0.0000570 seconds
185.829: Application time: 0.1450530 seconds
185.829: [GC185.829: [DefNew: 35157K->1748K(37568K), 0.0006250 secs] 39653K->6244K(120960K), 0.0006510 secs] [Times: user=0.00 sys=0.00, real=0.00 secs] 
185.830: Total time for which application threads were stopped: 0.0007750 seconds, Stopping threads took: 0.0000660 seconds
185.968: Application time: 0.1380020 seconds
185.968: [GC185.968: [DefNew: 35155K->1750K(37568K), 0.0006460 secs] 39651K->6246K(120960K), 0.0006810 secs] [Times: user=0.00 sys=0.00, real=0.00 secs] 
185.969: Total time for which application threads were stopped: 0.0008020 seconds, Stopping threads took: 0.0000710 seconds
186.116: Application time: 0.1475950 seconds
186.117: [GC186.117: [DefNew: 35154K->1748K(37568K), 0.0006430 secs] 39650K->6244K(120960K), 0.0006680 secs] [Times: user=0.00 sys=0.00, real=0.00 secs] 
186.117: Total time for which application threads were stopped: 0.0008200 seconds, Stopping threads took: 0.0001060 seconds
186.267: Application time: 0.1495740 seconds
186.267: [GC186.267: [DefNew: 35153K->1748K(37568K), 0.0006060 secs] 39649K->6244K(120960K), 0.0006300 secs] [Times: user=0.00 sys=0.00, real=0.00 secs] 
186.268: Total time for which application threads were stopped: 0.0007270 seconds, Stopping threads took: 0.0000500 seconds
186.417: Application time: 0.1496180 seconds
186.417: [GC186.417: [DefNew: 35152K->1748K(37568K), 0.0005950 secs] 39649K->6244K(120960K), 0.0006180 secs] [Times: user=0.00 sys=0.00, real=0.00 secs] 
186.418: Total time for which application threads were stopped: 0.0007590 seconds, Stopping threads took: 0.0000780 seconds
186.569: Application time: 0.1513610 seconds
186.569: [GC186.569: [DefNew: 35152K->1748K(37568K), 0.0006070 secs] 39649K->6244K(120960K), 0.0006340 secs] [Times: user=0.00 sys=0.00, real=0.00 secs] 
186.570: Total time for which application threads were stopped: 0.0007650 seconds, Stopping threads took: 0.0000810 seconds
186.720: Application time: 0.1496760 seconds
186.720: [GC186.720: [DefNew: 35152K->1748K(37568K), 0.0005950 secs] 39649K->6244K(120960K), 0.0006190 secs] [Times: user=0.00 sys=0.00, real=0.00 secs] 
186.721: Total time for which application threads were stopped: 0.0008210 seconds, Stopping threads took: 0.0001350 seconds
186.842: Application time: 0.1209600 seconds
186.842: [GC186.842: [DefNew: 35154K->1744K(37568K), 0.0005930 secs] 39650K->6241K(120960K), 0.0006180 secs] [Times: user=0.00 sys=0.00, real=0.00 secs] 
186.842: Total time for which application threads were stopped: 0.0008830 seconds, Stopping threads took: 0.0002070 seconds
186.977: Application time: 0.1343580 seconds
186.977: [GC186.977: [DefNew: 35152K->1748K(37568K), 0.0005900 secs] 39648K->6245K(120960K), 0.0006130 secs] [Times: user=0.00 sys=0.00, real=0.00 secs] 
186.978: Total time for which application threads were stopped: 0.0008970 seconds, Stopping threads took: 0.0002160 seconds
187.126: Application time: 0.1481920 seconds
187.126: [GC187.126: [DefNew: 35153K->1748K(37568K), 0.0006010 secs] 39649K->6244K(120960K), 0.0006280 secs] [Times: user=0.00 sys=0.00, real=0.00 secs] 
187.127: Total time for which application threads were stopped: 0.0007430 seconds, Stopping threads took: 0.0000650 seconds
187.206: Application time: 0.0794140 seconds
187.206: [GC187.206: [DefNew: 35153K->1742K(37568K), 0.0006240 secs] 39650K->6238K(120960K), 0.0006520 secs] [Times: user=0.00 sys=0.00, real=0.01 secs] 
187.207: Total time for which application threads were stopped: 0.0007890 seconds, Stopping threads took: 0.0000780 seconds
187.303: Application time: 0.0956850 seconds
187.303: [GC187.303: [DefNew: 35148K->1747K(37568K), 0.0006160 secs] 39644K->6243K(120960K), 0.0006400 secs] [Times: user=0.00 sys=0.00, real=0.00 secs] 
187.303: Total time for which application threads were stopped: 0.0007480 seconds, Stopping threads took: 0.0000610 seconds
187.434: Application time: 0.1309250 seconds
187.434: [GC187.434: [DefNew: 35151K->1749K(37568K), 0.0006290 secs] 39647K->6245K(120960K), 0.0006570 secs] [Times: user=0.00 sys=0.00, real=0.00 secs] 
187.435: Total time for which application threads were stopped: 0.0008440 seconds, Stopping threads took: 0.0001170 seconds
187.577: Application time: 0.1423550 seconds
187.578: [GC187.578: [DefNew: 35155K->1749K(37568K), 0.0006490 secs] 39651K->6246K(120960K), 0.0006760 secs] [Times: user=0.00 sys=0.00, real=0.00 secs] 
187.578: Total time for which application threads were stopped: 0.0008410 seconds, Stopping threads took: 0.0001080 seconds
187.720: Application time: 0.1414650 seconds
187.720: [GC187.720: [DefNew: 35154K->1749K(37568K), 0.0006290 secs] 39651K->6246K(120960K), 0.0006660 secs] [Times: user=0.00 sys=0.00, real=0.00 secs] 
187.721: Total time for which application threads were stopped: 0.0009740 seconds, Stopping threads took: 0.0002610 seconds
187.869: Application time: 0.1484550 seconds
187.869: [GC187.869: [DefNew: 35156K->1748K(37568K), 0.0006150 secs] 39653K->6245K(120960K), 0.0006420 secs] [Times: user=0.00 sys=0.00, real=0.00 secs] 
187.870: Total time for which application threads were stopped: 0.0008010 seconds, Stopping threads took: 0.0001090 seconds
188.020: Application time: 0.1499520 seconds
188.020: [GC188.020: [DefNew: 35153K->1748K(37568K), 0.0006130 secs] 39649K->6245K(120960K), 0.0006400 secs] [Times: user=0.00 sys=0.00, real=0.00 secs] 
188.021: Total time for which application threads were stopped: 0.0008070 seconds, Stopping threads took: 0.0001170 seconds
188.171: Application time: 0.1506880 seconds
188.172: [GC188.172: [DefNew: 35152K->1748K(37568K), 0.0005640 secs] 39649K->6245K(120960K), 0.0005870 secs] [Times: user=0.00 sys=0.00, real=0.00 secs] 
188.172: Total time for which application threads were stopped: 0.0007130 seconds, Stopping threads took: 0.0000700 seconds
188.323: Application time: 0.1508050 seconds
188.323: [GC188.323: [DefNew: 35152K->1748K(37568K), 0.0006090 secs] 39649K->6245K(120960K), 0.0006350 secs] [Times: user=0.00 sys=0.00, real=0.00 secs] 
188.324: Total time for which application threads were stopped: 0.0007930 seconds, Stopping threads took: 0.0001060 seconds
188.473: Application time: 0.1495290 seconds
188.473: [GC188.473: [DefNew: 35152K->1748K(37568K), 0.0006040 secs] 39649K->6245K(120960K), 0.0006320 secs] [Times: user=0.00 sys=0.00, real=0.00 secs] 
188.474: Total time for which application threads were stopped: 0.0007590 seconds, Stopping threads took: 0.0000760 seconds
188.585: Application time: 0.1113370 seconds
188.585: [GC188.585: [DefNew: 35153K->1744K(37568K), 0.0006130 secs] 39650K->6241K(120960K), 0.0006370 secs] [Times: user=0.00 sys=0.00, real=0.00 secs] 
188.586: Total time for which application threads were stopped: 0.0007790 seconds, Stopping threads took: 0.0000950 seconds
188.729: Application time: 0.1432030 seconds
188.729: [GC188.730: [DefNew: 35152K->1748K(37568K), 0.0006020 secs] 39648K->6245K(120960K), 0.0006250 secs] [Times: user=0.00 sys=0.00, real=0.00 secs] 
188.730: Total time for which application threads were stopped: 0.0008120 seconds, Stopping threads took: 0.0001060 seconds
188.868: Application time: 0.1376320 seconds
188.868: [GC188.868: [DefNew: 35152K->1739K(37568K), 0.0006180 secs] 39649K->6236K(120960K), 0.0006430 secs] [Times: user=0.00 sys=0.00, real=0.00 secs] 
188.869: Total time for which application threads were stopped: 0.0008260 seconds, Stopping threads took: 0.0001350 seconds
188.943: Application time: 0.0748400 seconds
188.944: [GC188.944: [DefNew: 35029K->1626K(37568K), 0.0006090 secs] 39526K->6123K(120960K), 0.0006370 secs] [Times: user=0.01 sys=0.00, real=0.00 secs] 
188.944: Total time for which application threads were stopped: 0.0007670 seconds, Stopping threads took: 0.0000810 seconds
189.044: Application time: 0.1001870 seconds
189.045: [GC189.045: [DefNew: 35030K->1746K(37568K), 0.0006120 secs] 39527K->6243K(120960K), 0.0006360 secs] [Times: user=0.00 sys=0.00, real=0.00 secs] 
189.045: Total time for which application threads were stopped: 0.0007890 seconds, Stopping threads took: 0.0001060 seconds
189.185: Application time: 0.1394120 seconds
189.185: [GC189.185: [DefNew: 35154K->1749K(37568K), 0.0005840 secs] 39650K->6246K(120960K), 0.0006070 secs] [Times: user=0.00 sys=0.00, real=0.00 secs] 
189.185: Total time for which application threads were stopped: 0.0007280 seconds, Stopping threads took: 0.0000750 seconds
189.326: Application time: 0.1403420 seconds
189.326: [GC189.326: [DefNew: 35156K->1749K(37568K), 0.0006030 secs] 39653K->6247K(120960K), 0.0006250 secs] [Times: user=0.00 sys=0.00, real=0.00 secs] 
189.326: Total time for which application threads were stopped: 0.0007470 seconds, Stopping threads took: 0.0000530 seconds
189.480: Application time: 0.1535680 seconds
189.480: [GC189.480: [DefNew: 35155K->1749K(37568K), 0.0006200 secs] 39652K->6247K(120960K), 0.0006450 secs] [Times: user=0.00 sys=0.00, real=0.00 secs] 
189.481: Total time for which application threads were stopped: 0.0008660 seconds, Stopping threads took: 0.0001520 seconds
189.645: Application time: 0.1643750 seconds
189.647: [GC189.647: [DefNew: 35154K->1748K(37568K), 0.0006210 secs] 39651K->6245K(120960K), 0.0006470 secs] [Times: user=0.00 sys=0.00, real=0.00 secs] 
189.648: Total time for which application threads were stopped: 0.0024210 seconds, Stopping threads took: 0.0017230 seconds
189.812: Application time: 0.1643280 seconds
189.812: [GC189.812: [DefNew: 35152K->1748K(37568K), 0.0006180 secs] 39650K->6245K(120960K), 0.0006440 secs] [Times: user=0.00 sys=0.00, real=0.00 secs] 
189.813: Total time for which application threads were stopped: 0.0008590 seconds, Stopping threads took: 0.0001440 seconds
189.978: Application time: 0.1647410 seconds
189.978: [GC189.978: [DefNew: 35152K->1748K(37568K), 0.0006040 secs] 39650K->6245K(120960K), 0.0006280 secs] [Times: user=0.00 sys=0.00, real=0.00 secs] 
189.978: Total time for which application threads were stopped: 0.0007720 seconds, Stopping threads took: 0.0000750 seconds
190.143: Application time: 0.1650250 seconds
190.144: [GC190.144: [DefNew: 35152K->1748K(37568K), 0.0006150 secs] 39650K->6245K(120960K), 0.0006410 secs] [Times: user=0.00 sys=0.00, real=0.00 secs] 
190.144: Total time for which application threads were stopped: 0.0007810 seconds, Stopping threads took: 0.0000880 seconds
190.305: Application time: 0.1603530 seconds
190.305: [GC190.305: [DefNew: 35154K->1743K(37568K), 0.0006280 secs] 39652K->6241K(120960K), 0.0006540 secs] [Times: user=0.00 sys=0.00, real=0.00 secs] 
190.305: Total time for which application threads were stopped: 0.0007650 seconds, Stopping threads took: 0.0000620 seconds
190.427: Application time: 0.1221650 seconds
190.428: [GC190.428: [DefNew: 35147K->1749K(37568K), 0.0006130 secs] 39645K->6247K(120960K), 0.0006360 secs] [Times: user=0.00 sys=0.00, real=0.00 secs] 
190.428: Total time for which application threads were stopped: 0.0007460 seconds, Stopping threads took: 0.0000610 seconds
190.590: Application time: 0.1615140 seconds
190.590: [GC190.590: [DefNew: 35156K->1748K(37568K), 0.0006380 secs] 39654K->6245K(120960K), 0.0006640 secs] [Times: user=0.00 sys=0.00, real=0.00 secs] 
190.591: Total time for which application threads were stopped: 0.0008360 seconds, Stopping threads took: 0.0001120 seconds
190.725: Application time: 0.1347560 seconds
190.725: [GC190.725: [DefNew: 35152K->1740K(37568K), 0.0006180 secs] 39650K->6237K(120960K), 0.0006440 secs] [Times: user=0.00 sys=0.00, real=0.00 secs] 
190.726: Total time for which application threads were stopped: 0.0008140 seconds, Stopping threads took: 0.0001180 seconds
190.812: Application time: 0.0855980 seconds
190.812: [GC190.812: [DefNew: 35147K->1747K(37568K), 0.0006450 secs] 39645K->6244K(120960K), 0.0006710 secs] [Times: user=0.00 sys=0.00, real=0.00 secs] 
190.813: Total time for which application threads were stopped: 0.0008050 seconds, Stopping threads took: 0.0000800 seconds
190.931: Application time: 0.1180070 seconds
190.931: [GC190.931: [DefNew: 35153K->1751K(37568K), 0.0006150 secs] 39650K->6248K(120960K), 0.0006400 secs] [Times: user=0.00 sys=0.00, real=0.00 secs] 
190.931: Total time for which application threads were stopped: 0.0007420 seconds, Stopping threads took: 0.0000540 seconds
191.090: Application time: 0.1584850 seconds
191.090: [GC191.090: [DefNew: 35155K->1748K(37568K), 0.0006230 secs] 39652K->6246K(120960K), 0.0006490 secs] [Times: user=0.00 sys=0.00, real=0.00 secs] 
191.091: Total time for which application threads were stopped: 0.0008020 seconds, Stopping threads took: 0.0001000 seconds
191.243: Application time: 0.1528470 seconds
191.244: [GC191.244: [DefNew: 35152K->1750K(37568K), 0.0006260 secs] 39650K->6248K(120960K), 0.0006620 secs] [Times: user=0.00 sys=0.00, real=0.00 secs] 
191.244: Total time for which application threads were stopped: 0.0008860 seconds, Stopping threads took: 0.0001410 seconds
191.405: Application time: 0.1602140 seconds
191.405: [GC191.405: [DefNew: 35154K->1749K(37568K), 0.0005980 secs] 39652K->6247K(120960K), 0.0006190 secs] [Times: user=0.00 sys=0.00, real=0.00 secs] 
191.405: Total time for which application threads were stopped: 0.0007630 seconds, Stopping threads took: 0.0000750 seconds
191.569: Application time: 0.1641670 seconds
191.570: [GC191.570: [DefNew: 35153K->1748K(37568K), 0.0006700 secs] 39651K->6246K(120960K), 0.0006990 secs] [Times: user=0.00 sys=0.00, real=0.00 secs] 
191.570: Total time for which application threads were stopped: 0.0009410 seconds, Stopping threads took: 0.0001880 seconds
191.735: Application time: 0.1642280 seconds
191.735: [GC191.735: [DefNew: 35152K->1748K(37568K), 0.0006280 secs] 39650K->6246K(120960K), 0.0006550 secs] [Times: user=0.00 sys=0.00, real=0.00 secs] 
191.735: Total time for which application threads were stopped: 0.0008060 seconds, Stopping threads took: 0.0000990 seconds
191.900: Application time: 0.1649250 seconds
191.901: [GC191.901: [DefNew: 35152K->1748K(37568K), 0.0006500 secs] 39650K->6246K(120960K), 0.0006760 secs] [Times: user=0.00 sys=0.00, real=0.00 secs] 
191.901: Total time for which application threads were stopped: 0.0008610 seconds, Stopping threads took: 0.0001250 seconds
192.066: Application time: 0.1648290 seconds
192.066: [GC192.066: [DefNew: 35152K->1748K(37568K), 0.0006250 secs] 39650K->6246K(120960K), 0.0006500 secs] [Times: user=0.01 sys=0.00, real=0.01 secs] 
192.067: Total time for which application threads were stopped: 0.0007800 seconds, Stopping threads took: 0.0000800 seconds
192.216: Application time: 0.1489410 seconds
192.216: [GC192.216: [DefNew: 35155K->1744K(37568K), 0.0006130 secs] 39653K->6242K(120960K), 0.0006370 secs] [Times: user=0.01 sys=0.00, real=0.00 secs] 
192.217: Total time for which application threads were stopped: 0.0007680 seconds, Stopping threads took: 0.0000820 seconds
192.349: Application time: 0.1324900 seconds
192.349: [GC192.349: [DefNew: 35148K->1749K(37568K), 0.0006620 secs] 39646K->6247K(120960K), 0.0006910 secs] [Times: user=0.00 sys=0.00, real=0.00 secs] 
192.350: Total time for which application threads were stopped: 0.0008340 seconds, Stopping threads took: 0.0000900 seconds
192.513: Application time: 0.1629660 seconds
192.513: [GC192.513: [DefNew: 35153K->1748K(37568K), 0.0006440 secs] 39651K->6246K(120960K), 0.0006710 secs] [Times: user=0.00 sys=0.00, real=0.00 secs] 
192.514: Total time for which application threads were stopped: 0.0008220 seconds, Stopping threads took: 0.0000900 seconds
192.627: Application time: 0.1137240 seconds
192.628: [GC192.628: [DefNew: 35154K->1736K(37568K), 0.0006490 secs] 39652K->6234K(120960K), 0.0006750 secs] [Times: user=0.00 sys=0.00, real=0.00 secs] 
192.628: Total time for which application threads were stopped: 0.0008150 seconds, Stopping threads took: 0.0000700 seconds
192.721: Application time: 0.0927780 seconds
192.721: [GC192.721: [DefNew: 35143K->1571K(37568K), 0.0006350 secs] 39641K->6069K(120960K), 0.0006640 secs] [Times: user=0.00 sys=0.00, real=0.00 secs] 
192.722: Total time for which application threads were stopped: 0.0008450 seconds, Stopping threads took: 0.0001310 seconds
192.853: Application time: 0.1309590 seconds
192.853: [GC192.853: [DefNew: 34976K->1750K(37568K), 0.0006340 secs] 39474K->6248K(120960K), 0.0006610 secs] [Times: user=0.00 sys=0.00, real=0.00 secs] 
192.854: Total time for which application threads were stopped: 0.0008680 seconds, Stopping threads took: 0.0001340 seconds
193.012: Application time: 0.1585460 seconds
193.012: [GC193.012: [DefNew: 35157K->1748K(37568K), 0.0006210 secs] 39655K->6246K(120960K), 0.0006500 secs] [Times: user=0.00 sys=0.00, real=0.00 secs] 
193.013: Total time for which application threads were stopped: 0.0008810 seconds, Stopping threads took: 0.0001570 seconds
193.165: Application time: 0.1518700 seconds
193.165: [GC193.165: [DefNew: 35153K->1750K(37568K), 0.0006120 secs] 39651K->6249K(120960K), 0.0006460 secs] [Times: user=0.00 sys=0.00, real=0.00 secs] 
193.166: Total time for which application threads were stopped: 0.0007770 seconds, Stopping threads took: 0.0000730 seconds
193.329: Application time: 0.1628260 seconds
193.329: [GC193.329: [DefNew: 35154K->1748K(37568K), 0.0006180 secs] 39653K->6247K(120960K), 0.0006420 secs] [Times: user=0.00 sys=0.00, real=0.00 secs] 
193.329: Total time for which application threads were stopped: 0.0007640 seconds, Stopping threads took: 0.0000740 seconds
193.482: Application time: 0.1527210 seconds
193.482: [GC193.482: [DefNew: 35153K->1748K(37568K), 0.0006120 secs] 39651K->6246K(120960K), 0.0006360 secs] [Times: user=0.00 sys=0.00, real=0.00 secs] 
193.483: Total time for which application threads were stopped: 0.0008110 seconds, Stopping threads took: 0.0001070 seconds
193.633: Application time: 0.1499970 seconds
193.633: [GC193.633: [DefNew: 35152K->1748K(37568K), 0.0006020 secs] 39651K->6246K(120960K), 0.0006260 secs] [Times: user=0.00 sys=0.00, real=0.00 secs] 
193.634: Total time for which application threads were stopped: 0.0007790 seconds, Stopping threads took: 0.0000830 seconds
193.785: Application time: 0.1510990 seconds
193.785: [GC193.785: [DefNew: 35152K->1748K(37568K), 0.0006060 secs] 39651K->6246K(120960K), 0.0006320 secs] [Times: user=0.00 sys=0.00, real=0.00 secs] 
193.786: Total time for which application threads were stopped: 0.0007410 seconds, Stopping threads took: 0.0000500 seconds
193.936: Application time: 0.1503620 seconds
193.936: [GC193.936: [DefNew: 35152K->1748K(37568K), 0.0006230 secs] 39651K->6246K(120960K), 0.0006490 secs] [Times: user=0.00 sys=0.00, real=0.00 secs] 
193.937: Total time for which application threads were stopped: 0.0008500 seconds, Stopping threads took: 0.0001520 seconds
194.063: Application time: 0.1266730 seconds
194.067: [GC194.067: [DefNew: 35151K->1744K(37568K), 0.0006490 secs] 39650K->6243K(120960K), 0.0006750 secs] [Times: user=0.00 sys=0.00, real=0.00 secs] 
194.068: Total time for which application threads were stopped: 0.0042610 seconds, Stopping threads took: 0.0035150 seconds
194.197: Application time: 0.1288750 seconds
194.197: [GC194.197: [DefNew: 35149K->1749K(37568K), 0.0006120 secs] 39648K->6247K(120960K), 0.0006380 secs] [Times: user=0.01 sys=0.00, real=0.00 secs] 
194.197: Total time for which application threads were stopped: 0.0007490 seconds, Stopping threads took: 0.0000610 seconds
194.346: Application time: 0.1482970 seconds
194.346: [GC194.346: [DefNew: 35156K->1748K(37568K), 0.0005980 secs] 39654K->6246K(120960K), 0.0006230 secs] [Times: user=0.00 sys=0.00, real=0.00 secs] 
194.346: Total time for which application threads were stopped: 0.0007830 seconds, Stopping threads took: 0.0001010 seconds
194.433: Application time: 0.0865320 seconds
194.433: [GC194.433: [DefNew: 35155K->1741K(37568K), 0.0006110 secs] 39653K->6240K(120960K), 0.0006370 secs] [Times: user=0.00 sys=0.00, real=0.00 secs] 
194.434: Total time for which application threads were stopped: 0.0007600 seconds, Stopping threads took: 0.0000640 seconds
194.527: Application time: 0.0935110 seconds
194.527: [GC194.527: [DefNew: 35145K->1747K(37568K), 0.0006300 secs] 39644K->6245K(120960K), 0.0006570 secs] [Times: user=0.00 sys=0.00, real=0.00 secs] 
194.528: Total time for which application threads were stopped: 0.0007960 seconds, Stopping threads took: 0.0000880 seconds
194.653: Application time: 0.1251370 seconds
194.653: [GC194.653: [DefNew: 35151K->1749K(37568K), 0.0006150 secs] 39649K->6248K(120960K), 0.0006410 secs] [Times: user=0.01 sys=0.00, real=0.00 secs] 
194.654: Total time for which application threads were stopped: 0.0007730 seconds, Stopping threads took: 0.0000820 seconds
194.798: Application time: 0.1441760 seconds
194.798: [GC194.798: [DefNew: 35156K->1748K(37568K), 0.0006010 secs] 39655K->6247K(120960K), 0.0006240 secs] [Times: user=0.01 sys=0.00, real=0.01 secs] 
194.799: Total time for which application threads were stopped: 0.0007640 seconds, Stopping threads took: 0.0000840 seconds
194.938: Application time: 0.1389760 seconds
194.938: [GC194.938: [DefNew: 35155K->1750K(37568K), 0.0006090 secs] 39654K->6249K(120960K), 0.0006330 secs] [Times: user=0.00 sys=0.00, real=0.00 secs] 
194.939: Total time for which application threads were stopped: 0.0007660 seconds, Stopping threads took: 0.0000760 seconds
195.086: Application time: 0.1478890 seconds
195.087: [GC195.087: [DefNew: 35154K->1748K(37568K), 0.0006700 secs] 39653K->6247K(120960K), 0.0006980 secs] [Times: user=0.00 sys=0.00, real=0.01 secs] 
195.087: Total time for which application threads were stopped: 0.0008300 seconds, Stopping threads took: 0.0000790 seconds
195.237: Application time: 0.1500810 seconds
195.238: [GC195.238: [DefNew: 35153K->1748K(37568K), 0.0006060 secs] 39652K->6247K(120960K), 0.0006290 secs] [Times: user=0.00 sys=0.00, real=0.00 secs] 
195.238: Total time for which application threads were stopped: 0.0007720 seconds, Stopping threads took: 0.0000950 seconds
195.388: Application time: 0.1501360 seconds
195.388: [GC195.388: [DefNew: 35152K->1748K(37568K), 0.0006180 secs] 39651K->6247K(120960K), 0.0006450 secs] [Times: user=0.00 sys=0.00, real=0.00 secs] 
195.389: Total time for which application threads were stopped: 0.0007620 seconds, Stopping threads took: 0.0000660 seconds
195.540: Application time: 0.1509060 seconds
195.540: [GC195.540: [DefNew: 35152K->1748K(37568K), 0.0005920 secs] 39651K->6247K(120960K), 0.0006150 secs] [Times: user=0.01 sys=0.00, real=0.00 secs] 
195.541: Total time for which application threads were stopped: 0.0007200 seconds, Stopping threads took: 0.0000480 seconds
195.690: Application time: 0.1494480 seconds
195.690: [GC195.690: [DefNew: 35152K->1748K(37568K), 0.0006020 secs] 39651K->6247K(120960K), 0.0006270 secs] [Times: user=0.00 sys=0.00, real=0.00 secs] 
195.691: Total time for which application threads were stopped: 0.0007400 seconds, Stopping threads took: 0.0000680 seconds
195.809: Application time: 0.1178610 seconds
195.809: [GC195.809: [DefNew: 35151K->1744K(37568K), 0.0005930 secs] 39650K->6244K(120960K), 0.0006150 secs] [Times: user=0.00 sys=0.00, real=0.00 secs] 
195.810: Total time for which application threads were stopped: 0.0007760 seconds, Stopping threads took: 0.0001130 seconds
195.947: Application time: 0.1372060 seconds
195.947: [GC195.947: [DefNew: 35148K->1748K(37568K), 0.0006480 secs] 39647K->6248K(120960K), 0.0006730 secs] [Times: user=0.00 sys=0.00, real=0.00 secs] 
195.948: Total time for which application threads were stopped: 0.0008510 seconds, Stopping threads took: 0.0001080 seconds
196.093: Application time: 0.1454270 seconds
196.093: [GC196.093: [DefNew: 35154K->1743K(37568K), 0.0006440 secs] 39653K->6243K(120960K), 0.0006720 secs] [Times: user=0.00 sys=0.00, real=0.00 secs] 
196.094: Total time for which application threads were stopped: 0.0008200 seconds, Stopping threads took: 0.0000910 seconds
196.168: Application time: 0.0742250 seconds
196.168: [GC196.168: [DefNew: 35148K->1742K(37568K), 0.0005650 secs] 39647K->6241K(120960K), 0.0005860 secs] [Times: user=0.00 sys=0.00, real=0.00 secs] 
196.169: Total time for which application threads were stopped: 0.0006950 seconds, Stopping threads took: 0.0000650 seconds
196.266: Application time: 0.0973870 seconds
196.266: [GC196.266: [DefNew: 35146K->1747K(37568K), 0.0006190 secs] 39645K->6246K(120960K), 0.0006430 secs] [Times: user=0.00 sys=0.00, real=0.01 secs] 
196.267: Total time for which application threads were stopped: 0.0007570 seconds, Stopping threads took: 0.0000690 seconds
196.404: Application time: 0.1373210 seconds
196.404: [GC196.404: [DefNew: 35154K->1749K(37568K), 0.0006270 secs] 39653K->6248K(120960K), 0.0006540 secs] [Times: user=0.00 sys=0.00, real=0.00 secs] 
196.405: Total time for which application threads were stopped: 0.0007880 seconds, Stopping threads took: 0.0000830 seconds
196.547: Application time: 0.1419690 seconds
196.547: [GC196.547: [DefNew: 35155K->1620K(37568K), 0.0006040 secs] 39655K->6120K(120960K), 0.0006370 secs] [Times: user=0.01 sys=0.00, real=0.00 secs] 
196.548: Total time for which application threads were stopped: 0.0007920 seconds, Stopping threads took: 0.0001040 seconds
196.689: Application time: 0.1413480 seconds
196.689: [GC196.689: [DefNew: 35025K->1749K(37568K), 0.0006560 secs] 39525K->6249K(120960K), 0.0006840 secs] [Times: user=0.00 sys=0.00, real=0.00 secs] 
196.690: Total time for which application threads were stopped: 0.0008410 seconds, Stopping threads took: 0.0000990 seconds
196.840: Application time: 0.1502450 seconds
196.840: [GC196.840: [DefNew: 35155K->1748K(37568K), 0.0006020 secs] 39654K->6247K(120960K), 0.0006270 secs] [Times: user=0.00 sys=0.00, real=0.00 secs] 
196.841: Total time for which application threads were stopped: 0.0007510 seconds, Stopping threads took: 0.0000750 seconds
196.991: Application time: 0.1500500 seconds
196.991: [GC196.991: [DefNew: 35152K->1748K(37568K), 0.0005920 secs] 39652K->6247K(120960K), 0.0006170 secs] [Times: user=0.00 sys=0.00, real=0.00 secs] 
196.992: Total time for which application threads were stopped: 0.0007600 seconds, Stopping threads took: 0.0000960 seconds
197.142: Application time: 0.1498540 seconds
197.142: [GC197.142: [DefNew: 35152K->1748K(37568K), 0.0006070 secs] 39652K->6247K(120960K), 0.0006330 secs] [Times: user=0.00 sys=0.00, real=0.00 secs] 
197.142: Total time for which application threads were stopped: 0.0007520 seconds, Stopping threads took: 0.0000700 seconds
197.293: Application time: 0.1505420 seconds
197.293: [GC197.293: [DefNew: 35152K->1748K(37568K), 0.0005890 secs] 39652K->6247K(120960K), 0.0006130 secs] [Times: user=0.00 sys=0.00, real=0.00 secs] 
197.294: Total time for which application threads were stopped: 0.0007230 seconds, Stopping threads took: 0.0000550 seconds
197.442: Application time: 0.1485370 seconds
197.442: Total time for which application threads were stopped: 0.0001130 seconds, Stopping threads took: 0.0000920 seconds
197.442: Application time: 0.0000840 seconds
197.442: [GC197.442: [DefNew: 35216K->1761K(37568K), 0.0006140 secs] 39715K->6260K(120960K), 0.0006370 secs] [Times: user=0.00 sys=0.00, real=0.00 secs] 
197.443: Total time for which application threads were stopped: 0.0007130 seconds, Stopping threads took: 0.0000390 seconds
197.556: Application time: 0.1131690 seconds
197.556: [GC197.556: [DefNew: 35168K->1744K(37568K), 0.0005950 secs] 39667K->6244K(120960K), 0.0006180 secs] [Times: user=0.00 sys=0.00, real=0.00 secs] 
197.557: Total time for which application threads were stopped: 0.0007580 seconds, Stopping threads took: 0.0000940 seconds
197.702: Application time: 0.1449550 seconds
197.702: [GC197.702: [DefNew: 35150K->1748K(37568K), 0.0006540 secs] 39649K->6248K(120960K), 0.0006780 secs] [Times: user=0.00 sys=0.00, real=0.00 secs] 
197.703: Total time for which application threads were stopped: 0.0008040 seconds, Stopping threads took: 0.0000780 seconds
197.838: Application time: 0.1353930 seconds
197.838: [GC197.838: [DefNew: 35155K->1740K(37568K), 0.0006440 secs] 39654K->6239K(120960K), 0.0006750 secs] [Times: user=0.00 sys=0.00, real=0.01 secs] 
197.839: Total time for which application threads were stopped: 0.0008230 seconds, Stopping threads took: 0.0000870 seconds
197.907: Application time: 0.0682920 seconds
197.907: [GC197.907: [DefNew: 35144K->1746K(37568K), 0.0006290 secs] 39644K->6246K(120960K), 0.0006530 secs] [Times: user=0.00 sys=0.00, real=0.00 secs] 
197.908: Total time for which application threads were stopped: 0.0008230 seconds, Stopping threads took: 0.0001230 seconds
198.014: Application time: 0.1063080 seconds
198.015: [GC198.015: [DefNew: 35152K->1751K(37568K), 0.0006140 secs] 39651K->6251K(120960K), 0.0006370 secs] [Times: user=0.00 sys=0.00, real=0.00 secs] 
198.015: Total time for which application threads were stopped: 0.0007410 seconds, Stopping threads took: 0.0000570 seconds
198.159: Application time: 0.1439910 seconds
198.159: [GC198.159: [DefNew: 35158K->1748K(37568K), 0.0006450 secs] 39658K->6248K(120960K), 0.0006800 secs] [Times: user=0.00 sys=0.00, real=0.00 secs] 
198.160: Total time for which application threads were stopped: 0.0008300 seconds, Stopping threads took: 0.0000990 seconds
198.299: Application time: 0.1385180 seconds
198.299: [GC198.299: [DefNew: 35156K->1750K(37568K), 0.0006220 secs] 39656K->6250K(120960K), 0.0006480 secs] [Times: user=0.00 sys=0.00, real=0.01 secs] 
198.299: Total time for which application threads were stopped: 0.0007530 seconds, Stopping threads took: 0.0000560 seconds
198.445: Application time: 0.1452110 seconds
198.445: [GC198.445: [DefNew: 35156K->1749K(37568K), 0.0006120 secs] 39656K->6249K(120960K), 0.0006370 secs] [Times: user=0.01 sys=0.00, real=0.00 secs] 
198.445: Total time for which application threads were stopped: 0.0007610 seconds, Stopping threads took: 0.0000620 seconds
198.595: Application time: 0.1493680 seconds
198.595: [GC198.595: [DefNew: 35153K->1748K(37568K), 0.0005960 secs] 39654K->6248K(120960K), 0.0006190 secs] [Times: user=0.00 sys=0.00, real=0.00 secs] 
198.595: Total time for which application threads were stopped: 0.0007380 seconds, Stopping threads took: 0.0000690 seconds
198.745: Application time: 0.1496000 seconds
198.745: [GC198.745: [DefNew: 35152K->1748K(37568K), 0.0005980 secs] 39653K->6248K(120960K), 0.0006200 secs] [Times: user=0.00 sys=0.00, real=0.00 secs] 
198.746: Total time for which application threads were stopped: 0.0007230 seconds, Stopping threads took: 0.0000560 seconds
198.896: Application time: 0.1503680 seconds
198.896: [GC198.896: [DefNew: 35152K->1748K(37568K), 0.0006150 secs] 39653K->6248K(120960K), 0.0006420 secs] [Times: user=0.00 sys=0.00, real=0.00 secs] 
198.897: Total time for which application threads were stopped: 0.0007770 seconds, Stopping threads took: 0.0000850 seconds
199.046: Application time: 0.1496240 seconds
199.047: [GC199.047: [DefNew: 35152K->1748K(37568K), 0.0006110 secs] 39653K->6248K(120960K), 0.0006370 secs] [Times: user=0.00 sys=0.00, real=0.01 secs] 
199.047: Total time for which application threads were stopped: 0.0008100 seconds, Stopping threads took: 0.0001160 seconds
199.184: Application time: 0.1362470 seconds
199.184: [GC199.184: [DefNew: 35153K->1744K(37568K), 0.0005920 secs] 39653K->6244K(120960K), 0.0006140 secs] [Times: user=0.00 sys=0.00, real=0.00 secs] 
199.184: Total time for which application threads were stopped: 0.0007130 seconds, Stopping threads took: 0.0000530 seconds
199.305: Application time: 0.1208320 seconds
199.305: [GC199.305: [DefNew: 35148K->1749K(37568K), 0.0005900 secs] 39648K->6249K(120960K), 0.0006130 secs] [Times: user=0.00 sys=0.00, real=0.00 secs] 
199.306: Total time for which application threads were stopped: 0.0007340 seconds, Stopping threads took: 0.0000750 seconds
199.453: Application time: 0.1475210 seconds
199.453: [GC199.453: [DefNew: 35156K->1748K(37568K), 0.0006030 secs] 39656K->6248K(120960K), 0.0006250 secs] [Times: user=0.00 sys=0.00, real=0.00 secs] 
199.454: Total time for which application threads were stopped: 0.0007690 seconds, Stopping threads took: 0.0000970 seconds
199.569: Application time: 0.1145050 seconds
199.569: [GC199.569: [DefNew: 35153K->1731K(37568K), 0.0005790 secs] 39653K->6231K(120960K), 0.0006010 secs] [Times: user=0.00 sys=0.00, real=0.00 secs] 
199.569: Total time for which application threads were stopped: 0.0007270 seconds, Stopping threads took: 0.0000680 seconds
199.646: Application time: 0.0767940 seconds
199.646: [GC199.646: [DefNew: 35135K->1746K(37568K), 0.0006320 secs] 39635K->6246K(120960K), 0.0006560 secs] [Times: user=0.00 sys=0.00, real=0.01 secs] 
199.647: Total time for which application threads were stopped: 0.0007850 seconds, Stopping threads took: 0.0000770 seconds
199.763: Application time: 0.1161640 seconds
199.763: [GC199.763: [DefNew: 35150K->1751K(37568K), 0.0006570 secs] 39651K->6251K(120960K), 0.0006830 secs] [Times: user=0.00 sys=0.00, real=0.00 secs] 
199.764: Total time for which application threads were stopped: 0.0008550 seconds, Stopping threads took: 0.0001240 seconds
199.908: Application time: 0.1441070 seconds
199.911: [GC199.911: [DefNew: 35158K->1748K(37568K), 0.0006140 secs] 39658K->6249K(120960K), 0.0006510 secs] [Times: user=0.00 sys=0.00, real=0.00 secs] 
199.912: Total time for which application threads were stopped: 0.0035820 seconds, Stopping threads took: 0.0028730 seconds
200.049: Application time: 0.1373400 seconds
200.049: [GC200.049: [DefNew: 35153K->1750K(37568K), 0.0006010 secs] 39654K->6251K(120960K), 0.0006240 secs] [Times: user=0.00 sys=0.00, real=0.00 secs] 
200.050: Total time for which application threads were stopped: 0.0007820 seconds, Stopping threads took: 0.0001030 seconds
200.198: Application time: 0.1477320 seconds
200.198: [GC200.198: [DefNew: 35157K->1748K(37568K), 0.0006050 secs] 39657K->6249K(120960K), 0.0006300 secs] [Times: user=0.00 sys=0.00, real=0.00 secs] 
200.198: Total time for which application threads were stopped: 0.0008320 seconds, Stopping threads took: 0.0001340 seconds
200.348: Application time: 0.1498670 seconds
200.348: [GC200.348: [DefNew: 35153K->1748K(37568K), 0.0006010 secs] 39654K->6249K(120960K), 0.0006250 secs] [Times: user=0.00 sys=0.00, real=0.00 secs] 
200.349: Total time for which application threads were stopped: 0.0007760 seconds, Stopping threads took: 0.0001050 seconds
200.499: Application time: 0.1501900 seconds
200.499: [GC200.499: [DefNew: 35152K->1748K(37568K), 0.0006020 secs] 39653K->6249K(120960K), 0.0006280 secs] [Times: user=0.00 sys=0.00, real=0.00 secs] 
200.500: Total time for which application threads were stopped: 0.0007760 seconds, Stopping threads took: 0.0000980 seconds
200.650: Application time: 0.1501690 seconds
200.651: [GC200.651: [DefNew: 35152K->1748K(37568K), 0.0006010 secs] 39653K->6249K(120960K), 0.0006270 secs] [Times: user=0.00 sys=0.00, real=0.00 secs] 
200.651: Total time for which application threads were stopped: 0.0013400 seconds, Stopping threads took: 0.0006620 seconds
200.801: Application time: 0.1499090 seconds
200.802: [GC200.802: [DefNew: 35152K->1748K(37568K), 0.0006540 secs] 39653K->6249K(120960K), 0.0006820 secs] [Times: user=0.00 sys=0.00, real=0.00 secs] 
200.802: Total time for which application threads were stopped: 0.0008820 seconds, Stopping threads took: 0.0001360 seconds
200.932: Application time: 0.1292380 seconds
200.932: [GC200.932: [DefNew: 35153K->1748K(37568K), 0.0006020 secs] 39654K->6249K(120960K), 0.0006290 secs] [Times: user=0.00 sys=0.00, real=0.00 secs] 
200.932: Total time for which application threads were stopped: 0.0007570 seconds, Stopping threads took: 0.0000790 seconds
201.059: Application time: 0.1269870 seconds
201.059: [GC201.059: [DefNew: 35154K->1749K(37568K), 0.0006060 secs] 39655K->6249K(120960K), 0.0006310 secs] [Times: user=0.00 sys=0.00, real=0.00 secs] 
201.060: Total time for which application threads were stopped: 0.0007550 seconds, Stopping threads took: 0.0000770 seconds
201.208: Application time: 0.1478270 seconds
201.208: [GC201.208: [DefNew: 35153K->1748K(37568K), 0.0005990 secs] 39654K->6249K(120960K), 0.0006260 secs] [Times: user=0.00 sys=0.00, real=0.00 secs] 
201.209: Total time for which application threads were stopped: 0.0007500 seconds, Stopping threads took: 0.0000730 seconds
201.302: Application time: 0.0935960 seconds
201.302: [GC201.302: [DefNew: 35156K->1737K(37568K), 0.0006040 secs] 39657K->6237K(120960K), 0.0006280 secs] [Times: user=0.01 sys=0.00, real=0.00 secs] 
201.303: Total time for which application threads were stopped: 0.0007250 seconds, Stopping threads took: 0.0000440 seconds
201.395: Application time: 0.0920800 seconds
201.395: [GC201.395: [DefNew: 35144K->1751K(37568K), 0.0005950 secs] 39644K->6252K(120960K), 0.0006180 secs] [Times: user=0.00 sys=0.00, real=0.00 secs] 
201.396: Total time for which application threads were stopped: 0.0007150 seconds, Stopping threads took: 0.0000490 seconds
201.516: Application time: 0.1205250 seconds
201.516: [GC201.516: [DefNew: 35157K->1750K(37568K), 0.0006550 secs] 39658K->6251K(120960K), 0.0006830 secs] [Times: user=0.00 sys=0.00, real=0.00 secs] 
201.517: Total time for which application threads were stopped: 0.0008660 seconds, Stopping threads took: 0.0001110 seconds
201.662: Application time: 0.1449950 seconds
201.662: [GC201.662: [DefNew: 35155K->1748K(37568K), 0.0006020 secs] 39656K->6249K(120960K), 0.0006350 secs] [Times: user=0.00 sys=0.00, real=0.00 secs] 
201.663: Total time for which application threads were stopped: 0.0008750 seconds, Stopping threads took: 0.0001720 seconds
201.801: Application time: 0.1383210 seconds
201.801: [GC201.801: [DefNew: 35154K->1750K(37568K), 0.0006040 secs] 39655K->6251K(120960K), 0.0006270 secs] [Times: user=0.00 sys=0.00, real=0.00 secs] 
201.802: Total time for which application threads were stopped: 0.0008020 seconds, Stopping threads took: 0.0001060 seconds
201.950: Application time: 0.1475340 seconds
201.950: [GC201.950: [DefNew: 35154K->1748K(37568K), 0.0005980 secs] 39655K->6250K(120960K), 0.0006220 secs] [Times: user=0.00 sys=0.00, real=0.00 secs] 
201.950: Total time for which application threads were stopped: 0.0008180 seconds, Stopping threads took: 0.0001210 seconds
202.100: Application time: 0.1498670 seconds
202.100: [GC202.100: [DefNew: 35153K->1748K(37568K), 0.0006130 secs] 39654K->6249K(120960K), 0.0006390 secs] [Times: user=0.00 sys=0.00, real=0.00 secs] 
202.101: Total time for which application threads were stopped: 0.0007360 seconds, Stopping threads took: 0.0000440 seconds
202.251: Application time: 0.1497450 seconds
202.251: [GC202.251: [DefNew: 35152K->1748K(37568K), 0.0006090 secs] 39654K->6249K(120960K), 0.0006360 secs] [Times: user=0.00 sys=0.00, real=0.00 secs] 
202.252: Total time for which application threads were stopped: 0.0007510 seconds, Stopping threads took: 0.0000640 seconds
202.402: Application time: 0.1504130 seconds
202.402: [GC202.402: [DefNew: 35152K->1748K(37568K), 0.0006650 secs] 39654K->6249K(120960K), 0.0006940 secs] [Times: user=0.00 sys=0.00, real=0.00 secs] 
202.403: Total time for which application threads were stopped: 0.0008670 seconds, Stopping threads took: 0.0001210 seconds
202.553: Application time: 0.1503880 seconds
202.553: [GC202.553: [DefNew: 35152K->1748K(37568K), 0.0005930 secs] 39654K->6249K(120960K), 0.0006160 secs] [Times: user=0.00 sys=0.00, real=0.00 secs] 
202.554: Total time for which application threads were stopped: 0.0007240 seconds, Stopping threads took: 0.0000500 seconds
202.682: Application time: 0.1276680 seconds
202.682: [GC202.682: [DefNew: 35155K->1744K(37568K), 0.0006240 secs] 39657K->6246K(120960K), 0.0006500 secs] [Times: user=0.00 sys=0.00, real=0.00 secs] 
202.682: Total time for which application threads were stopped: 0.0007790 seconds, Stopping threads took: 0.0000790 seconds
202.810: Application time: 0.1277350 seconds
202.810: [GC202.810: [DefNew: 35149K->1749K(37568K), 0.0006200 secs] 39650K->6250K(120960K), 0.0006470 secs] [Times: user=0.00 sys=0.00, real=0.00 secs] 
202.811: Total time for which application threads were stopped: 0.0008710 seconds, Stopping threads took: 0.0001720 seconds
202.959: Application time: 0.1484280 seconds
202.960: [GC202.960: [DefNew: 35153K->1748K(37568K), 0.0006170 secs] 39655K->6249K(120960K), 0.0006440 secs] [Times: user=0.00 sys=0.00, real=0.00 secs] 
202.960: Total time for which application threads were stopped: 0.0009000 seconds, Stopping threads took: 0.0001840 seconds
203.035: Application time: 0.0745760 seconds
203.035: [GC203.035: [DefNew: 35156K->1742K(37568K), 0.0006560 secs] 39657K->6243K(120960K), 0.0006830 secs] [Times: user=0.00 sys=0.00, real=0.00 secs] 
203.036: Total time for which application threads were stopped: 0.0008800 seconds, Stopping threads took: 0.0001250 seconds
203.136: Application time: 0.1000190 seconds
203.136: [GC203.136: [DefNew: 35146K->1747K(37568K), 0.0005950 secs] 39648K->6248K(120960K), 0.0006180 secs] [Times: user=0.00 sys=0.00, real=0.00 secs] 
203.137: Total time for which application threads were stopped: 0.0007290 seconds, Stopping threads took: 0.0000530 seconds
203.268: Application time: 0.1311510 seconds
203.268: [GC203.268: [DefNew: 35151K->1749K(37568K), 0.0006430 secs] 39653K->6250K(120960K), 0.0006770 secs] [Times: user=0.00 sys=0.00, real=0.00 secs] 
203.269: Total time for which application threads were stopped: 0.0008290 seconds, Stopping threads took: 0.0000850 seconds
203.411: Application time: 0.1428610 seconds
203.412: [GC203.412: [DefNew: 35153K->1749K(37568K), 0.0006570 secs] 39655K->6250K(120960K), 0.0006850 secs] [Times: user=0.00 sys=0.00, real=0.00 secs] 
203.412: Total time for which application threads were stopped: 0.0008660 seconds, Stopping threads took: 0.0001310 seconds
203.553: Application time: 0.1404540 seconds
203.553: [GC203.553: [DefNew: 35154K->1750K(37568K), 0.0006060 secs] 39656K->6252K(120960K), 0.0006290 secs] [Times: user=0.00 sys=0.00, real=0.00 secs] 
203.554: Total time for which application threads were stopped: 0.0008140 seconds, Stopping threads took: 0.0001170 seconds
203.703: Application time: 0.1490530 seconds
203.703: [GC203.703: [DefNew: 35156K->1748K(37568K), 0.0006230 secs] 39658K->6250K(120960K), 0.0006490 secs] [Times: user=0.00 sys=0.00, real=0.00 secs] 
203.703: Total time for which application threads were stopped: 0.0007580 seconds, Stopping threads took: 0.0000490 seconds
203.853: Application time: 0.1500800 seconds
203.854: [GC203.854: [DefNew: 35155K->1748K(37568K), 0.0006010 secs] 39657K->6250K(120960K), 0.0006290 secs] [Times: user=0.00 sys=0.00, real=0.00 secs] 
203.854: Total time for which application threads were stopped: 0.0007870 seconds, Stopping threads took: 0.0001070 seconds
204.004: Application time: 0.1501500 seconds
204.005: [GC204.005: [DefNew: 35152K->1748K(37568K), 0.0006250 secs] 39654K->6250K(120960K), 0.0006510 secs] [Times: user=0.00 sys=0.00, real=0.00 secs] 
204.005: Total time for which application threads were stopped: 0.0007970 seconds, Stopping threads took: 0.0000980 seconds
204.156: Application time: 0.1507900 seconds
204.156: [GC204.156: [DefNew: 35152K->1748K(37568K), 0.0007310 secs] 39654K->6250K(120960K), 0.0007600 secs] [Times: user=0.00 sys=0.00, real=0.00 secs] 
204.157: Total time for which application threads were stopped: 0.0009180 seconds, Stopping threads took: 0.0001030 seconds
204.306: Application time: 0.1495840 seconds
204.307: [GC204.307: [DefNew: 35152K->1748K(37568K), 0.0006010 secs] 39654K->6250K(120960K), 0.0006250 secs] [Times: user=0.00 sys=0.00, real=0.01 secs] 
204.307: Total time for which application threads were stopped: 0.0007550 seconds, Stopping threads took: 0.0000760 seconds
204.423: Application time: 0.1160200 seconds
204.423: [GC204.423: [DefNew: 35154K->1744K(37568K), 0.0006070 secs] 39656K->6246K(120960K), 0.0006320 secs] [Times: user=0.00 sys=0.00, real=0.00 secs] 
204.424: Total time for which application threads were stopped: 0.0007350 seconds, Stopping threads took: 0.0000530 seconds
204.563: Application time: 0.1393280 seconds
204.563: [GC204.563: [DefNew: 35148K->1748K(37568K), 0.0006110 secs] 39650K->6250K(120960K), 0.0006380 secs] [Times: user=0.00 sys=0.00, real=0.00 secs] 
204.564: Total time for which application threads were stopped: 0.0007380 seconds, Stopping threads took: 0.0000490 seconds
204.704: Application time: 0.1398090 seconds
204.704: [GC204.704: [DefNew: 35156K->1739K(37568K), 0.0005960 secs] 39658K->6241K(120960K), 0.0006200 secs] [Times: user=0.00 sys=0.00, real=0.00 secs] 
204.705: Total time for which application threads were stopped: 0.0007420 seconds, Stopping threads took: 0.0000720 seconds
204.771: Application time: 0.0667010 seconds
204.771: [GC204.771: [DefNew: 35145K->1618K(37568K), 0.0006350 secs] 39647K->6120K(120960K), 0.0006590 secs] [Times: user=0.00 sys=0.00, real=0.00 secs] 
204.772: Total time for which application threads were stopped: 0.0007980 seconds, Stopping threads took: 0.0000910 seconds
204.879: Application time: 0.1064050 seconds
204.879: [GC204.879: [DefNew: 35024K->1746K(37568K), 0.0006250 secs] 39525K->6248K(120960K), 0.0006510 secs] [Times: user=0.00 sys=0.00, real=0.01 secs] 
204.879: Total time for which application threads were stopped: 0.0007410 seconds, Stopping threads took: 0.0000310 seconds
205.019: Application time: 0.1400170 seconds
205.019: [GC205.019: [DefNew: 35153K->1749K(37568K), 0.0006340 secs] 39655K->6251K(120960K), 0.0006670 secs] [Times: user=0.00 sys=0.00, real=0.00 secs] 
205.020: Total time for which application threads were stopped: 0.0008620 seconds, Stopping threads took: 0.0001490 seconds
205.160: Application time: 0.1395900 seconds
205.160: [GC205.160: [DefNew: 35152K->1749K(37568K), 0.0005980 secs] 39654K->6252K(120960K), 0.0006240 secs] [Times: user=0.00 sys=0.00, real=0.00 secs] 
205.161: Total time for which application threads were stopped: 0.0008230 seconds, Stopping threads took: 0.0001270 seconds
205.305: Application time: 0.1442350 seconds
205.305: [GC205.305: [DefNew: 35156K->1749K(37568K), 0.0006600 secs] 39658K->6251K(120960K), 0.0006870 secs] [Times: user=0.00 sys=0.00, real=0.00 secs] 
205.306: Total time for which application threads were stopped: 0.0008290 seconds, Stopping threads took: 0.0000680 seconds
205.463: Application time: 0.1570520 seconds
205.463: [GC205.463: [DefNew: 35154K->1748K(37568K), 0.0006050 secs] 39656K->6250K(120960K), 0.0006290 secs] [Times: user=0.00 sys=0.00, real=0.00 secs] 
205.463: Total time for which application threads were stopped: 0.0007750 seconds, Stopping threads took: 0.0000770 seconds
205.628: Application time: 0.1643130 seconds
205.628: [GC205.628: [DefNew: 35152K->1748K(37568K), 0.0006740 secs] 39655K->6250K(120960K), 0.0007020 secs] [Times: user=0.00 sys=0.00, real=0.00 secs] 
205.629: Total time for which application threads were stopped: 0.0008750 seconds, Stopping threads took: 0.0001190 seconds
205.794: Application time: 0.1656240 seconds
205.794: [GC205.794: [DefNew: 35152K->1748K(37568K), 0.0006170 secs] 39655K->6250K(120960K), 0.0006420 secs] [Times: user=0.00 sys=0.00, real=0.00 secs] 
205.795: Total time for which application threads were stopped: 0.0008130 seconds, Stopping threads took: 0.0001000 seconds
205.960: Application time: 0.1652190 seconds
205.961: [GC205.961: [DefNew: 35152K->1748K(37568K), 0.0006300 secs] 39655K->6250K(120960K), 0.0006570 secs] [Times: user=0.00 sys=0.00, real=0.00 secs] 
205.961: Total time for which application threads were stopped: 0.0009310 seconds, Stopping threads took: 0.0002120 seconds
206.118: Application time: 0.1563140 seconds
206.118: [GC206.118: [DefNew: 35154K->1744K(37568K), 0.0006410 secs] 39656K->6246K(120960K), 0.0006670 secs] [Times: user=0.00 sys=0.00, real=0.00 secs] 
206.118: Total time for which application threads were stopped: 0.0008130 seconds, Stopping threads took: 0.0000860 seconds
206.245: Application time: 0.1265570 seconds
206.245: [GC206.245: [DefNew: 35150K->1749K(37568K), 0.0006310 secs] 39652K->6251K(120960K), 0.0006580 secs] [Times: user=0.00 sys=0.00, real=0.00 secs] 
206.246: Total time for which application threads were stopped: 0.0007840 seconds, Stopping threads took: 0.0000750 seconds
206.408: Application time: 0.1618040 seconds
206.411: [GC206.411: [DefNew: 35153K->1748K(37568K), 0.0006680 secs] 39656K->6250K(120960K), 0.0006970 secs] [Times: user=0.00 sys=0.00, real=0.00 secs] 
206.412: Total time for which application threads were stopped: 0.0042300 seconds, Stopping threads took: 0.0034600 seconds
206.548: Application time: 0.1359380 seconds
206.548: [GC206.548: [DefNew: 35155K->1735K(37568K), 0.0006250 secs] 39658K->6238K(120960K), 0.0006550 secs] [Times: user=0.00 sys=0.00, real=0.00 secs] 
206.548: Total time for which application threads were stopped: 0.0007820 seconds, Stopping threads took: 0.0000760 seconds
206.628: Application time: 0.0791020 seconds
206.628: [GC206.628: [DefNew: 35140K->1746K(37568K), 0.0006770 secs] 39642K->6249K(120960K), 0.0007060 secs] [Times: user=0.00 sys=0.00, real=0.00 secs] 
206.629: Total time for which application threads were stopped: 0.0009260 seconds, Stopping threads took: 0.0001580 seconds
206.752: Application time: 0.1235970 seconds
206.752: [GC206.752: [DefNew: 35154K->1751K(37568K), 0.0006430 secs] 39656K->6253K(120960K), 0.0006680 secs] [Times: user=0.00 sys=0.00, real=0.00 secs] 
206.753: Total time for which application threads were stopped: 0.0008140 seconds, Stopping threads took: 0.0000960 seconds
206.911: Application time: 0.1578620 seconds
206.911: [GC206.911: [DefNew: 35158K->1748K(37568K), 0.0006290 secs] 39660K->6251K(120960K), 0.0006620 secs] [Times: user=0.00 sys=0.00, real=0.00 secs] 
206.912: Total time for which application threads were stopped: 0.0007840 seconds, Stopping threads took: 0.0000690 seconds
207.063: Application time: 0.1517210 seconds
207.063: [GC207.063: [DefNew: 35153K->1750K(37568K), 0.0006370 secs] 39656K->6253K(120960K), 0.0006630 secs] [Times: user=0.00 sys=0.00, real=0.00 secs] 
207.064: Total time for which application threads were stopped: 0.0008370 seconds, Stopping threads took: 0.0001210 seconds
207.225: Application time: 0.1609600 seconds
207.225: [GC207.225: [DefNew: 35154K->1748K(37568K), 0.0006180 secs] 39657K->6251K(120960K), 0.0006440 secs] [Times: user=0.00 sys=0.00, real=0.00 secs] 
207.226: Total time for which application threads were stopped: 0.0008040 seconds, Stopping threads took: 0.0001030 seconds
207.391: Application time: 0.1650860 seconds
207.391: [GC207.391: [DefNew: 35153K->1748K(37568K), 0.0006450 secs] 39656K->6251K(120960K), 0.0006710 secs] [Times: user=0.01 sys=0.00, real=0.00 secs] 
207.392: Total time for which application threads were stopped: 0.0008040 seconds, Stopping threads took: 0.0000840 seconds
207.556: Application time: 0.1644620 seconds
207.556: [GC207.556: [DefNew: 35152K->1748K(37568K), 0.0006720 secs] 39655K->6251K(120960K), 0.0007010 secs] [Times: user=0.00 sys=0.00, real=0.00 secs] 
207.557: Total time for which application threads were stopped: 0.0008400 seconds, Stopping threads took: 0.0000850 seconds
207.722: Application time: 0.1652660 seconds
207.723: [GC207.723: [DefNew: 35152K->1748K(37568K), 0.0006130 secs] 39655K->6251K(120960K), 0.0006390 secs] [Times: user=0.00 sys=0.00, real=0.00 secs] 
207.723: Total time for which application threads were stopped: 0.0007820 seconds, Stopping threads took: 0.0000940 seconds
207.888: Application time: 0.1648790 seconds
207.888: [GC207.888: [DefNew: 35152K->1748K(37568K), 0.0006040 secs] 39655K->6251K(120960K), 0.0006290 secs] [Times: user=0.00 sys=0.00, real=0.00 secs] 
207.889: Total time for which application threads were stopped: 0.0007510 seconds, Stopping threads took: 0.0000630 seconds
208.035: Application time: 0.1457880 seconds
208.035: [GC208.035: [DefNew: 35151K->1744K(37568K), 0.0006510 secs] 39654K->6247K(120960K), 0.0016300 secs] [Times: user=0.00 sys=0.00, real=0.00 secs] 
208.036: Total time for which application threads were stopped: 0.0017660 seconds, Stopping threads took: 0.0000780 seconds
208.172: Application time: 0.1358090 seconds
208.172: [GC208.172: [DefNew: 35150K->1749K(37568K), 0.0005690 secs] 39653K->6252K(120960K), 0.0005920 secs] [Times: user=0.00 sys=0.00, real=0.00 secs] 
208.173: Total time for which application threads were stopped: 0.0007220 seconds, Stopping threads took: 0.0000740 seconds
208.335: Application time: 0.1620000 seconds
208.335: [GC208.335: [DefNew: 35153K->1748K(37568K), 0.0006260 secs] 39656K->6251K(120960K), 0.0006550 secs] [Times: user=0.00 sys=0.00, real=0.00 secs] 
208.336: Total time for which application threads were stopped: 0.0009490 seconds, Stopping threads took: 0.0002320 seconds
208.451: Application time: 0.1146720 seconds
208.451: [GC208.451: [DefNew: 35154K->1732K(37568K), 0.0006200 secs] 39657K->6235K(120960K), 0.0006470 secs] [Times: user=0.00 sys=0.00, real=0.00 secs] 
208.451: Total time for which application threads were stopped: 0.0007610 seconds, Stopping threads took: 0.0000510 seconds
208.542: Application time: 0.0906490 seconds
208.542: [GC208.542: [DefNew: 35140K->1751K(37568K), 0.0006260 secs] 39643K->6254K(120960K), 0.0006520 secs] [Times: user=0.00 sys=0.00, real=0.00 secs] 
208.543: Total time for which application threads were stopped: 0.0008080 seconds, Stopping threads took: 0.0000900 seconds
208.675: Application time: 0.1323660 seconds
208.675: [GC208.675: [DefNew: 35155K->1750K(37568K), 0.0006230 secs] 39658K->6253K(120960K), 0.0006470 secs] [Times: user=0.00 sys=0.00, real=0.00 secs] 
208.676: Total time for which application threads were stopped: 0.0007560 seconds, Stopping threads took: 0.0000530 seconds
208.835: Application time: 0.1590640 seconds
208.835: [GC208.835: [DefNew: 35157K->1748K(37568K), 0.0006030 secs] 39660K->6252K(120960K), 0.0006230 secs] [Times: user=0.00 sys=0.00, real=0.00 secs] 
208.836: Total time for which application threads were stopped: 0.0007780 seconds, Stopping threads took: 0.0000850 seconds
208.987: Application time: 0.1514120 seconds
208.987: [GC208.987: [DefNew: 35155K->1750K(37568K), 0.0006690 secs] 39658K->6254K(120960K), 0.0006990 secs] [Times: user=0.00 sys=0.00, real=0.00 secs] 
208.988: Total time for which application threads were stopped: 0.0009060 seconds, Stopping threads took: 0.0001440 seconds
209.151: Application time: 0.1624660 seconds
209.151: [GC209.151: [DefNew: 35154K->1748K(37568K), 0.0006400 secs] 39657K->6252K(120960K), 0.0006670 secs] [Times: user=0.00 sys=0.00, real=0.00 secs] 
209.151: Total time for which application threads were stopped: 0.0008130 seconds, Stopping threads took: 0.0000940 seconds
209.316: Application time: 0.1650170 seconds
209.317: [GC209.317: [DefNew: 35153K->1748K(37568K), 0.0006450 secs] 39656K->6251K(120960K), 0.0006700 secs] [Times: user=0.00 sys=0.00, real=0.00 secs] 
209.317: Total time for which application threads were stopped: 0.0008570 seconds, Stopping threads took: 0.0001370 seconds
209.472: Application time: 0.1552650 seconds
209.473: [GC209.473: [DefNew: 35152K->1748K(37568K), 0.0006170 secs] 39656K->6251K(120960K), 0.0006450 secs] [Times: user=0.00 sys=0.00, real=0.00 secs] 
209.473: Total time for which application threads were stopped: 0.0008160 seconds, Stopping threads took: 0.0001200 seconds
209.624: Application time: 0.1507830 seconds
209.624: [GC209.624: [DefNew: 35152K->1748K(37568K), 0.0005980 secs] 39656K->6251K(120960K), 0.0006210 secs] [Times: user=0.00 sys=0.00, real=0.00 secs] 
209.625: Total time for which application threads were stopped: 0.0007250 seconds, Stopping threads took: 0.0000460 seconds
209.774: Application time: 0.1496720 seconds
209.775: [GC209.775: [DefNew: 35152K->1748K(37568K), 0.0006190 secs] 39656K->6251K(120960K), 0.0006450 secs] [Times: user=0.00 sys=0.00, real=0.00 secs] 
209.775: Total time for which application threads were stopped: 0.0007550 seconds, Stopping threads took: 0.0000590 seconds
209.904: Application time: 0.1289010 seconds
209.904: [GC209.904: [DefNew: 35151K->1748K(37568K), 0.0005970 secs] 39655K->6252K(120960K), 0.0006200 secs] [Times: user=0.00 sys=0.00, real=0.00 secs] 
209.905: Total time for which application threads were stopped: 0.0007410 seconds, Stopping threads took: 0.0000730 seconds
210.031: Application time: 0.1258620 seconds
210.035: [GC210.035: [DefNew: 35156K->1749K(37568K), 0.0006340 secs] 39660K->6253K(120960K), 0.0006590 secs] [Times: user=0.00 sys=0.00, real=0.00 secs] 
210.036: Total time for which application threads were stopped: 0.0049280 seconds, Stopping threads took: 0.0042030 seconds
210.184: Application time: 0.1487730 seconds
210.185: [GC210.185: [DefNew: 35154K->1748K(37568K), 0.0005720 secs] 39657K->6251K(120960K), 0.0005950 secs] [Times: user=0.00 sys=0.00, real=0.00 secs] 
210.185: Total time for which application threads were stopped: 0.0007510 seconds, Stopping threads took: 0.0001020 seconds
210.269: Application time: 0.0837050 seconds
210.269: [GC210.269: [DefNew: 35155K->1733K(37568K), 0.0005950 secs] 39659K->6236K(120960K), 0.0006180 secs] [Times: user=0.00 sys=0.00, real=0.00 secs] 
210.270: Total time for which application threads were stopped: 0.0007380 seconds, Stopping threads took: 0.0000640 seconds
210.367: Application time: 0.0974260 seconds
210.367: [GC210.367: [DefNew: 35140K->1747K(37568K), 0.0006650 secs] 39643K->6250K(120960K), 0.0006930 secs] [Times: user=0.00 sys=0.00, real=0.00 secs] 
210.368: Total time for which application threads were stopped: 0.0008680 seconds, Stopping threads took: 0.0001030 seconds
210.492: Application time: 0.1244350 seconds
210.493: [GC210.493: [DefNew: 35154K->1749K(37568K), 0.0006540 secs] 39658K->6253K(120960K), 0.0006900 secs] [Times: user=0.00 sys=0.00, real=0.00 secs] 
210.493: Total time for which application threads were stopped: 0.0008580 seconds, Stopping threads took: 0.0001190 seconds
210.638: Application time: 0.1443950 seconds
210.638: [GC210.638: [DefNew: 35156K->1748K(37568K), 0.0006430 secs] 39660K->6252K(120960K), 0.0006720 secs] [Times: user=0.00 sys=0.00, real=0.00 secs] 
210.638: Total time for which application threads were stopped: 0.0008360 seconds, Stopping threads took: 0.0001140 seconds
210.778: Application time: 0.1394610 seconds
210.778: [GC210.778: [DefNew: 35153K->1750K(37568K), 0.0006180 secs] 39657K->6254K(120960K), 0.0006460 secs] [Times: user=0.00 sys=0.00, real=0.01 secs] 
210.779: Total time for which application threads were stopped: 0.0008200 seconds, Stopping threads took: 0.0001170 seconds
210.927: Application time: 0.1477910 seconds
210.927: [GC210.927: [DefNew: 35154K->1748K(37568K), 0.0006140 secs] 39658K->6252K(120960K), 0.0006400 secs] [Times: user=0.00 sys=0.00, real=0.01 secs] 
210.927: Total time for which application threads were stopped: 0.0007700 seconds, Stopping threads took: 0.0000790 seconds
211.077: Application time: 0.1498690 seconds
211.077: [GC211.077: [DefNew: 35153K->1748K(37568K), 0.0005940 secs] 39657K->6252K(120960K), 0.0006200 secs] [Times: user=0.00 sys=0.00, real=0.00 secs] 
211.078: Total time for which application threads were stopped: 0.0007760 seconds, Stopping threads took: 0.0001090 seconds
211.228: Application time: 0.1503520 seconds
211.228: [GC211.228: [DefNew: 35152K->1748K(37568K), 0.0006580 secs] 39657K->6252K(120960K), 0.0006860 secs] [Times: user=0.00 sys=0.00, real=0.00 secs] 
211.229: Total time for which application threads were stopped: 0.0008380 seconds, Stopping threads took: 0.0001010 seconds
211.380: Application time: 0.1511970 seconds
211.380: [GC211.380: [DefNew: 35152K->1748K(37568K), 0.0006150 secs] 39657K->6252K(120960K), 0.0006400 secs] [Times: user=0.00 sys=0.00, real=0.00 secs] 
211.381: Total time for which application threads were stopped: 0.0007760 seconds, Stopping threads took: 0.0000750 seconds
211.531: Application time: 0.1497260 seconds
211.531: [GC211.531: [DefNew: 35152K->1748K(37568K), 0.0006170 secs] 39657K->6252K(120960K), 0.0006450 secs] [Times: user=0.00 sys=0.00, real=0.00 secs] 
211.532: Total time for which application threads were stopped: 0.0007510 seconds, Stopping threads took: 0.0000530 seconds
211.651: Application time: 0.1196440 seconds
211.651: [GC211.651: [DefNew: 35152K->1744K(37568K), 0.0006330 secs] 39657K->6249K(120960K), 0.0006580 secs] [Times: user=0.00 sys=0.00, real=0.00 secs] 
211.652: Total time for which application threads were stopped: 0.0007900 seconds, Stopping threads took: 0.0000830 seconds
211.787: Application time: 0.1354510 seconds
211.788: [GC211.788: [DefNew: 35150K->1748K(37568K), 0.0006220 secs] 39654K->6253K(120960K), 0.0006500 secs] [Times: user=0.00 sys=0.00, real=0.00 secs] 
211.788: Total time for which application threads were stopped: 0.0007780 seconds, Stopping threads took: 0.0000760 seconds
211.933: Application time: 0.1451890 seconds
211.934: [GC211.934: [DefNew: 35154K->1743K(37568K), 0.0005870 secs] 39658K->6248K(120960K), 0.0006100 secs] [Times: user=0.00 sys=0.00, real=0.00 secs] 
211.934: Total time for which application threads were stopped: 0.0007470 seconds, Stopping threads took: 0.0000810 seconds
212.002: Application time: 0.0676370 seconds
212.002: [GC212.002: [DefNew: 35150K->1742K(37568K), 0.0006030 secs] 39654K->6247K(120960K), 0.0006250 secs] [Times: user=0.00 sys=0.00, real=0.00 secs] 
212.003: Total time for which application threads were stopped: 0.0007500 seconds, Stopping threads took: 0.0000770 seconds
212.108: Application time: 0.1057340 seconds
212.108: [GC212.108: [DefNew: 35150K->1746K(37568K), 0.0006050 secs] 39654K->6251K(120960K), 0.0006270 secs] [Times: user=0.00 sys=0.00, real=0.00 secs] 
212.109: Total time for which application threads were stopped: 0.0007430 seconds, Stopping threads took: 0.0000690 seconds
212.244: Application time: 0.1351270 seconds
212.244: [GC212.244: [DefNew: 35151K->1749K(37568K), 0.0005900 secs] 39655K->6253K(120960K), 0.0006130 secs] [Times: user=0.00 sys=0.00, real=0.00 secs] 
212.245: Total time for which application threads were stopped: 0.0007330 seconds, Stopping threads took: 0.0000720 seconds
212.387: Application time: 0.1419020 seconds
212.387: [GC212.387: [DefNew: 35154K->1749K(37568K), 0.0006020 secs] 39659K->6253K(120960K), 0.0006240 secs] [Times: user=0.00 sys=0.00, real=0.00 secs] 
212.388: Total time for which application threads were stopped: 0.0007300 seconds, Stopping threads took: 0.0000610 seconds
212.529: Application time: 0.1411550 seconds
212.529: [GC212.529: [DefNew: 35154K->1750K(37568K), 0.0005950 secs] 39659K->6254K(120960K), 0.0006190 secs] [Times: user=0.00 sys=0.00, real=0.00 secs] 
212.530: Total time for which application threads were stopped: 0.0007850 seconds, Stopping threads took: 0.0001090 seconds
212.679: Application time: 0.1496140 seconds
212.679: [GC212.679: [DefNew: 35154K->1748K(37568K), 0.0006110 secs] 39659K->6252K(120960K), 0.0006370 secs] [Times: user=0.01 sys=0.00, real=0.00 secs] 
212.680: Total time for which application threads were stopped: 0.0007620 seconds, Stopping threads took: 0.0000730 seconds
212.830: Application time: 0.1498750 seconds
212.830: [GC212.830: [DefNew: 35152K->1748K(37568K), 0.0006140 secs] 39657K->6252K(120960K), 0.0006410 secs] [Times: user=0.00 sys=0.00, real=0.00 secs] 
212.831: Total time for which application threads were stopped: 0.0007700 seconds, Stopping threads took: 0.0000770 seconds
212.980: Application time: 0.1499100 seconds
212.981: [GC212.981: [DefNew: 35152K->1748K(37568K), 0.0006040 secs] 39657K->6252K(120960K), 0.0006270 secs] [Times: user=0.00 sys=0.00, real=0.00 secs] 
212.981: Total time for which application threads were stopped: 0.0008460 seconds, Stopping threads took: 0.0001510 seconds
213.132: Application time: 0.1506000 seconds
213.132: [GC213.132: [DefNew: 35152K->1748K(37568K), 0.0006160 secs] 39657K->6252K(120960K), 0.0016250 secs] [Times: user=0.00 sys=0.00, real=0.00 secs] 
213.134: Total time for which application threads were stopped: 0.0017860 seconds, Stopping threads took: 0.0000950 seconds
213.281: Application time: 0.1471250 seconds
213.281: [GC213.281: [DefNew: 35155K->1743K(37568K), 0.0006210 secs] 39660K->6248K(120960K), 0.0006460 secs] [Times: user=0.00 sys=0.00, real=0.00 secs] 
213.282: Total time for which application threads were stopped: 0.0008190 seconds, Stopping threads took: 0.0001270 seconds
213.393: Application time: 0.1117170 seconds
213.394: [GC213.394: [DefNew: 35148K->1744K(37568K), 0.0006000 secs] 39652K->6249K(120960K), 0.0006220 secs] [Times: user=0.00 sys=0.00, real=0.00 secs] 
213.394: Total time for which application threads were stopped: 0.0007700 seconds, Stopping threads took: 0.0000800 seconds
213.540: Application time: 0.1456000 seconds
213.540: [GC213.540: [DefNew: 35152K->1748K(37568K), 0.0005990 secs] 39657K->6253K(120960K), 0.0006200 secs] [Times: user=0.00 sys=0.00, real=0.00 secs] 
213.540: Total time for which application threads were stopped: 0.0007390 seconds, Stopping threads took: 0.0000720 seconds
213.673: Application time: 0.1323330 seconds
213.673: [GC213.673: [DefNew: 35154K->1735K(37568K), 0.0006160 secs] 39659K->6240K(120960K), 0.0006420 secs] [Times: user=0.00 sys=0.00, real=0.00 secs] 
213.674: Total time for which application threads were stopped: 0.0007800 seconds, Stopping threads took: 0.0000770 seconds
213.739: Application time: 0.0657160 seconds
213.739: [GC213.739: [DefNew: 35142K->1746K(37568K), 0.0006170 secs] 39647K->6251K(120960K), 0.0006430 secs] [Times: user=0.01 sys=0.00, real=0.00 secs] 
213.740: Total time for which application threads were stopped: 0.0007330 seconds, Stopping threads took: 0.0000380 seconds
213.852: Application time: 0.1122150 seconds
213.852: [GC213.852: [DefNew: 35153K->1746K(37568K), 0.0006030 secs] 39657K->6251K(120960K), 0.0006260 secs] [Times: user=0.00 sys=0.00, real=0.00 secs] 
213.853: Total time for which application threads were stopped: 0.0007280 seconds, Stopping threads took: 0.0000470 seconds
213.995: Application time: 0.1424830 seconds
213.996: [GC213.996: [DefNew: 35153K->1749K(37568K), 0.0006650 secs] 39658K->6253K(120960K), 0.0006940 secs] [Times: user=0.00 sys=0.00, real=0.00 secs] 
213.996: Total time for which application threads were stopped: 0.0008760 seconds, Stopping threads took: 0.0001300 seconds
214.134: Application time: 0.1378050 seconds
214.134: [GC214.134: [DefNew: 35154K->1750K(37568K), 0.0006070 secs] 39659K->6255K(120960K), 0.0006310 secs] [Times: user=0.01 sys=0.00, real=0.00 secs] 
214.135: Total time for which application threads were stopped: 0.0007330 seconds, Stopping threads took: 0.0000540 seconds
214.281: Application time: 0.1465940 seconds
214.282: [GC214.282: [DefNew: 35156K->1748K(37568K), 0.0006150 secs] 39661K->6254K(120960K), 0.0006430 secs] [Times: user=0.00 sys=0.00, real=0.00 secs] 
214.282: Total time for which application threads were stopped: 0.0008030 seconds, Stopping threads took: 0.0000930 seconds
214.432: Application time: 0.1495270 seconds
214.432: [GC214.432: [DefNew: 35153K->1748K(37568K), 0.0006380 secs] 39658K->6253K(120960K), 0.0006620 secs] [Times: user=0.00 sys=0.00, real=0.00 secs] 
214.433: Total time for which application threads were stopped: 0.0008390 seconds, Stopping threads took: 0.0001290 seconds
214.582: Application time: 0.1497270 seconds
214.583: [GC214.583: [DefNew: 35152K->1748K(37568K), 0.0006100 secs] 39658K->6253K(120960K), 0.0006340 secs] [Times: user=0.00 sys=0.00, real=0.00 secs] 
214.583: Total time for which application threads were stopped: 0.0007970 seconds, Stopping threads took: 0.0001140 seconds
214.733: Application time: 0.1502850 seconds
214.734: [GC214.734: [DefNew: 35152K->1748K(37568K), 0.0006060 secs] 39658K->6253K(120960K), 0.0006320 secs] [Times: user=0.00 sys=0.00, real=0.00 secs] 
214.734: Total time for which application threads were stopped: 0.0007400 seconds, Stopping threads took: 0.0000570 seconds
214.884: Application time: 0.1502390 seconds
214.885: [GC214.885: [DefNew: 35152K->1748K(37568K), 0.0006110 secs] 39658K->6253K(120960K), 0.0006360 secs] [Times: user=0.00 sys=0.00, real=0.00 secs] 
214.885: Total time for which application threads were stopped: 0.0007480 seconds, Stopping threads took: 0.0000500 seconds
215.023: Application time: 0.1375730 seconds
215.023: [GC215.023: [DefNew: 35153K->1744K(37568K), 0.0006210 secs] 39659K->6249K(120960K), 0.0006460 secs] [Times: user=0.00 sys=0.00, real=0.00 secs] 
215.024: Total time for which application threads were stopped: 0.0007690 seconds, Stopping threads took: 0.0000760 seconds
215.142: Application time: 0.1187880 seconds
215.142: [GC215.142: [DefNew: 35150K->1749K(37568K), 0.0006080 secs] 39655K->6254K(120960K), 0.0006320 secs] [Times: user=0.00 sys=0.00, real=0.00 secs] 
215.143: Total time for which application threads were stopped: 0.0007370 seconds, Stopping threads took: 0.0000580 seconds
215.291: Application time: 0.1474490 seconds
215.291: [GC215.291: [DefNew: 35155K->1748K(37568K), 0.0006240 secs] 39660K->6253K(120960K), 0.0006490 secs] [Times: user=0.00 sys=0.00, real=0.00 secs] 
215.291: Total time for which application threads were stopped: 0.0007820 seconds, Stopping threads took: 0.0000820 seconds
215.405: Application time: 0.1138090 seconds
215.405: [GC215.405: [DefNew: 35153K->1740K(37568K), 0.0005970 secs] 39658K->6246K(120960K), 0.0006210 secs] [Times: user=0.00 sys=0.00, real=0.00 secs] 
215.406: Total time for which application threads were stopped: 0.0007710 seconds, Stopping threads took: 0.0000940 seconds
215.482: Application time: 0.0761140 seconds
215.482: [GC215.482: [DefNew: 35147K->1751K(37568K), 0.0006100 secs] 39652K->6256K(120960K), 0.0006340 secs] [Times: user=0.00 sys=0.00, real=0.00 secs] 
215.483: Total time for which application threads were stopped: 0.0007270 seconds, Stopping threads took: 0.0000460 seconds
215.601: Application time: 0.1179820 seconds
215.601: [GC215.601: [DefNew: 35156K->1750K(37568K), 0.0006020 secs] 39662K->6256K(120960K), 0.0006330 secs] [Times: user=0.00 sys=0.00, real=0.00 secs] 
215.601: Total time for which application threads were stopped: 0.0007310 seconds, Stopping threads took: 0.0000520 seconds
215.745: Application time: 0.1437620 seconds
215.745: [GC215.745: [DefNew: 35157K->1748K(37568K), 0.0006100 secs] 39663K->6254K(120960K), 0.0006350 secs] [Times: user=0.00 sys=0.00, real=0.00 secs] 
215.746: Total time for which application threads were stopped: 0.0007390 seconds, Stopping threads took: 0.0000550 seconds
215.883: Application time: 0.1373720 seconds
215.884: [GC215.884: [DefNew: 35156K->1750K(37568K), 0.0006110 secs] 39661K->6256K(120960K), 0.0006340 secs] [Times: user=0.00 sys=0.00, real=0.00 secs] 
215.884: Total time for which application threads were stopped: 0.0008630 seconds, Stopping threads took: 0.0001740 seconds
216.032: Application time: 0.1474770 seconds
216.032: [GC216.032: [DefNew: 35154K->1748K(37568K), 0.0006050 secs] 39660K->6254K(120960K), 0.0006280 secs] [Times: user=0.00 sys=0.00, real=0.00 secs] 
216.032: Total time for which application threads were stopped: 0.0007650 seconds, Stopping threads took: 0.0000780 seconds
216.182: Application time: 0.1497280 seconds
216.182: [GC216.182: [DefNew: 35153K->1748K(37568K), 0.0005790 secs] 39659K->6254K(120960K), 0.0006020 secs] [Times: user=0.00 sys=0.00, real=0.00 secs] 
216.183: Total time for which application threads were stopped: 0.0007340 seconds, Stopping threads took: 0.0000870 seconds
216.333: Application time: 0.1497370 seconds
216.333: [GC216.333: [DefNew: 35152K->1748K(37568K), 0.0006410 secs] 39658K->6254K(120960K), 0.0006700 secs] [Times: user=0.00 sys=0.00, real=0.00 secs] 
216.333: Total time for which application threads were stopped: 0.0007940 seconds, Stopping threads took: 0.0000730 seconds
216.484: Application time: 0.1507480 seconds
216.484: [GC216.484: [DefNew: 35152K->1748K(37568K), 0.0006650 secs] 39658K->6254K(120960K), 0.0006920 secs] [Times: user=0.00 sys=0.00, real=0.00 secs] 
216.485: Total time for which application threads were stopped: 0.0008320 seconds, Stopping threads took: 0.0000880 seconds
216.635: Application time: 0.1501310 seconds
216.635: [GC216.635: [DefNew: 35152K->1748K(37568K), 0.0005950 secs] 39658K->6254K(120960K), 0.0006210 secs] [Times: user=0.00 sys=0.00, real=0.00 secs] 
216.636: Total time for which application threads were stopped: 0.0007750 seconds, Stopping threads took: 0.0000960 seconds
216.765: Application time: 0.1293300 seconds
216.765: [GC216.765: [DefNew: 35153K->1748K(37568K), 0.0006140 secs] 39659K->6254K(120960K), 0.0006390 secs] [Times: user=0.00 sys=0.00, real=0.00 secs] 
216.766: Total time for which application threads were stopped: 0.0007930 seconds, Stopping threads took: 0.0001040 seconds
216.893: Application time: 0.1268250 seconds
216.893: [GC216.893: [DefNew: 35154K->1749K(37568K), 0.0006180 secs] 39659K->6255K(120960K), 0.0006440 secs] [Times: user=0.00 sys=0.00, real=0.00 secs] 
216.894: Total time for which application threads were stopped: 0.0008070 seconds, Stopping threads took: 0.0001110 seconds
217.041: Application time: 0.1472540 seconds
217.041: [GC217.041: [DefNew: 35152K->1748K(37568K), 0.0006040 secs] 39658K->6254K(120960K), 0.0006280 secs] [Times: user=0.00 sys=0.00, real=0.00 secs] 
217.042: Total time for which application threads were stopped: 0.0007930 seconds, Stopping threads took: 0.0001190 seconds
217.137: Application time: 0.0948740 seconds
217.137: [GC217.137: [DefNew: 35153K->1732K(37568K), 0.0006060 secs] 39659K->6238K(120960K), 0.0006300 secs] [Times: user=0.00 sys=0.00, real=0.00 secs] 
217.137: Total time for which application threads were stopped: 0.0007490 seconds, Stopping threads took: 0.0000630 seconds
217.228: Application time: 0.0902480 seconds
217.228: [GC217.228: [DefNew: 35137K->1751K(37568K), 0.0006180 secs] 39643K->6257K(120960K), 0.0006440 secs] [Times: user=0.00 sys=0.00, real=0.00 secs] 
217.228: Total time for which application threads were stopped: 0.0007790 seconds, Stopping threads took: 0.0000870 seconds
217.350: Application time: 0.1213330 seconds
217.350: [GC217.350: [DefNew: 35158K->1750K(37568K), 0.0006240 secs] 39664K->6256K(120960K), 0.0006590 secs] [Times: user=0.00 sys=0.00, real=0.00 secs] 
217.351: Total time for which application threads were stopped: 0.0008170 seconds, Stopping threads took: 0.0001070 seconds
217.494: Application time: 0.1438730 seconds
217.495: [GC217.495: [DefNew: 35156K->1748K(37568K), 0.0006260 secs] 39662K->6254K(120960K), 0.0006520 secs] [Times: user=0.00 sys=0.00, real=0.00 secs] 
217.495: Total time for which application threads were stopped: 0.0007950 seconds, Stopping threads took: 0.0000920 seconds
217.634: Application time: 0.1382590 seconds
217.634: [GC217.634: [DefNew: 35155K->1750K(37568K), 0.0006560 secs] 39661K->6257K(120960K), 0.0006830 secs] [Times: user=0.00 sys=0.00, real=0.00 secs] 
217.634: Total time for which application threads were stopped: 0.0008450 seconds, Stopping threads took: 0.0001110 seconds
217.782: Application time: 0.1477380 seconds
217.782: [GC217.782: [DefNew: 35154K->1748K(37568K), 0.0006530 secs] 39660K->6255K(120960K), 0.0006820 secs] [Times: user=0.00 sys=0.00, real=0.00 secs] 
217.783: Total time for which application threads were stopped: 0.0008190 seconds, Stopping threads took: 0.0000710 seconds
217.933: Application time: 0.1497600 seconds
217.933: [GC217.933: [DefNew: 35155K->1748K(37568K), 0.0005910 secs] 39662K->6254K(120960K), 0.0006150 secs] [Times: user=0.00 sys=0.00, real=0.00 secs] 
217.933: Total time for which application threads were stopped: 0.0007110 seconds, Stopping threads took: 0.0000490 seconds
218.083: Application time: 0.1498970 seconds
218.083: [GC218.083: [DefNew: 35152K->1748K(37568K), 0.0005990 secs] 39659K->6254K(120960K), 0.0006220 secs] [Times: user=0.00 sys=0.00, real=0.00 secs] 
218.084: Total time for which application threads were stopped: 0.0007680 seconds, Stopping threads took: 0.0000890 seconds
218.235: Application time: 0.1507940 seconds
218.235: [GC218.235: [DefNew: 35152K->1748K(37568K), 0.0006030 secs] 39659K->6254K(120960K), 0.0015050 secs] [Times: user=0.00 sys=0.00, real=0.00 secs] 
218.237: Total time for which application threads were stopped: 0.0016930 seconds, Stopping threads took: 0.0001260 seconds
218.386: Application time: 0.1498990 seconds
218.387: [GC218.387: [DefNew: 35152K->1748K(37568K), 0.0006090 secs] 39659K->6254K(120960K), 0.0006330 secs] [Times: user=0.00 sys=0.00, real=0.01 secs] 
218.387: Total time for which application threads were stopped: 0.0007490 seconds, Stopping threads took: 0.0000590 seconds
218.512: Application time: 0.1252550 seconds
218.513: [GC218.513: [DefNew: 35152K->1744K(37568K), 0.0005920 secs] 39658K->6251K(120960K), 0.0006150 secs] [Times: user=0.00 sys=0.00, real=0.00 secs] 
218.513: Total time for which application threads were stopped: 0.0007700 seconds, Stopping threads took: 0.0001080 seconds
218.643: Application time: 0.1302600 seconds
218.644: [GC218.644: [DefNew: 35151K->1749K(37568K), 0.0006180 secs] 39658K->6255K(120960K), 0.0006440 secs] [Times: user=0.00 sys=0.00, real=0.00 secs] 
218.644: Total time for which application threads were stopped: 0.0007560 seconds, Stopping threads took: 0.0000600 seconds
218.793: Application time: 0.1488670 seconds
218.793: [GC218.793: [DefNew: 35156K->1748K(37568K), 0.0005940 secs] 39662K->6254K(120960K), 0.0006190 secs] [Times: user=0.00 sys=0.00, real=0.00 secs] 
218.794: Total time for which application threads were stopped: 0.0008470 seconds, Stopping threads took: 0.0001800 seconds
218.866: Application time: 0.0721100 seconds
218.866: [GC218.866: [DefNew: 35156K->1738K(37568K), 0.0006250 secs] 39662K->6244K(120960K), 0.0006480 secs] [Times: user=0.01 sys=0.00, real=0.01 secs] 
218.867: Total time for which application threads were stopped: 0.0007630 seconds, Stopping threads took: 0.0000670 seconds
218.973: Application time: 0.1057080 seconds
218.973: [GC218.973: [DefNew: 35144K->1747K(37568K), 0.0006030 secs] 39651K->6253K(120960K), 0.0006260 secs] [Times: user=0.00 sys=0.00, real=0.00 secs] 
218.973: Total time for which application threads were stopped: 0.0007420 seconds, Stopping threads took: 0.0000520 seconds
219.101: Application time: 0.1276290 seconds
219.101: [GC219.101: [DefNew: 35153K->1749K(37568K), 0.0006060 secs] 39659K->6255K(120960K), 0.0006280 secs] [Times: user=0.00 sys=0.00, real=0.00 secs] 
219.102: Total time for which application threads were stopped: 0.0007610 seconds, Stopping threads took: 0.0000870 seconds
219.245: Application time: 0.1432350 seconds
219.245: [GC219.245: [DefNew: 35153K->1749K(37568K), 0.0006550 secs] 39660K->6255K(120960K), 0.0006830 secs] [Times: user=0.00 sys=0.00, real=0.00 secs] 
219.246: Total time for which application threads were stopped: 0.0008200 seconds, Stopping threads took: 0.0000870 seconds
219.387: Application time: 0.1412310 seconds
219.387: [GC219.387: [DefNew: 35152K->1749K(37568K), 0.0006500 secs] 39659K->6256K(120960K), 0.0006780 secs] [Times: user=0.00 sys=0.00, real=0.00 secs] 
219.388: Total time for which application threads were stopped: 0.0009940 seconds, Stopping threads took: 0.0002450 seconds
219.536: Application time: 0.1480680 seconds
219.536: [GC219.536: [DefNew: 35156K->1748K(37568K), 0.0006870 secs] 39663K->6255K(120960K), 0.0007200 secs] [Times: user=0.00 sys=0.00, real=0.00 secs] 
219.537: Total time for which application threads were stopped: 0.0009220 seconds, Stopping threads took: 0.0001150 seconds
219.687: Application time: 0.1495620 seconds
219.687: [GC219.687: [DefNew: 35153K->1748K(37568K), 0.0006450 secs] 39660K->6255K(120960K), 0.0006700 secs] [Times: user=0.00 sys=0.00, real=0.01 secs] 
219.687: Total time for which application threads were stopped: 0.0008000 seconds, Stopping threads took: 0.0000820 seconds
219.838: Application time: 0.1503770 seconds
219.838: [GC219.838: [DefNew: 35152K->1748K(37568K), 0.0005980 secs] 39659K->6255K(120960K), 0.0006220 secs] [Times: user=0.00 sys=0.00, real=0.00 secs] 
219.839: Total time for which application threads were stopped: 0.0008790 seconds, Stopping threads took: 0.0001870 seconds
219.989: Application time: 0.1503870 seconds
219.989: [GC219.989: [DefNew: 35152K->1748K(37568K), 0.0006110 secs] 39659K->6255K(120960K), 0.0006370 secs] [Times: user=0.00 sys=0.00, real=0.00 secs] 
219.990: Total time for which application threads were stopped: 0.0008340 seconds, Stopping threads took: 0.0001360 seconds
220.140: Application time: 0.1497980 seconds
220.140: [GC220.140: [DefNew: 35152K->1748K(37568K), 0.0006460 secs] 39659K->6255K(120960K), 0.0006740 secs] [Times: user=0.00 sys=0.00, real=0.00 secs] 
220.140: Total time for which application threads were stopped: 0.0008580 seconds, Stopping threads took: 0.0001040 seconds
220.255: Application time: 0.1142180 seconds
220.255: [GC220.255: [DefNew: 35155K->1744K(37568K), 0.0006320 secs] 39662K->6251K(120960K), 0.0006560 secs] [Times: user=0.00 sys=0.00, real=0.00 secs] 
220.255: Total time for which application threads were stopped: 0.0007840 seconds, Stopping threads took: 0.0000820 seconds
220.396: Application time: 0.1408580 seconds
220.396: [GC220.396: [DefNew: 35151K->1748K(37568K), 0.0006070 secs] 39658K->6255K(120960K), 0.0006310 secs] [Times: user=0.00 sys=0.00, real=0.00 secs] 
220.397: Total time for which application threads were stopped: 0.0007650 seconds, Stopping threads took: 0.0000880 seconds
220.535: Application time: 0.1381230 seconds
220.535: [GC220.535: [DefNew: 35154K->1739K(37568K), 0.0006000 secs] 39661K->6246K(120960K), 0.0006240 secs] [Times: user=0.00 sys=0.00, real=0.00 secs] 
220.536: Total time for which application threads were stopped: 0.0007300 seconds, Stopping threads took: 0.0000610 seconds
220.600: Application time: 0.0639300 seconds
220.600: [GC220.600: [DefNew: 35145K->1742K(37568K), 0.0006210 secs] 39652K->6249K(120960K), 0.0006460 secs] [Times: user=0.00 sys=0.00, real=0.00 secs] 
220.601: Total time for which application threads were stopped: 0.0007490 seconds, Stopping threads took: 0.0000570 seconds
220.715: Application time: 0.1141790 seconds
220.715: [GC220.715: [DefNew: 35146K->1746K(37568K), 0.0006260 secs] 39653K->6253K(120960K), 0.0006610 secs] [Times: user=0.00 sys=0.00, real=0.00 secs] 
220.716: Total time for which application threads were stopped: 0.0008050 seconds, Stopping threads took: 0.0000860 seconds
220.852: Application time: 0.1363880 seconds
220.852: [GC220.852: [DefNew: 35151K->1749K(37568K), 0.0005950 secs] 39658K->6256K(120960K), 0.0006190 secs] [Times: user=0.01 sys=0.00, real=0.00 secs] 
220.853: Total time for which application threads were stopped: 0.0007300 seconds, Stopping threads took: 0.0000540 seconds
220.991: Application time: 0.1383970 seconds
220.991: [GC220.991: [DefNew: 35152K->1750K(37568K), 0.0006040 secs] 39659K->6257K(120960K), 0.0006270 secs] [Times: user=0.00 sys=0.00, real=0.00 secs] 
220.992: Total time for which application threads were stopped: 0.0007570 seconds, Stopping threads took: 0.0000830 seconds
221.137: Application time: 0.1451570 seconds
221.137: [GC221.137: [DefNew: 35155K->1749K(37568K), 0.0006070 secs] 39662K->6256K(120960K), 0.0006330 secs] [Times: user=0.00 sys=0.00, real=0.00 secs] 
221.138: Total time for which application threads were stopped: 0.0007950 seconds, Stopping threads took: 0.0001110 seconds
221.288: Application time: 0.1500570 seconds
221.288: [GC221.288: [DefNew: 35153K->1748K(37568K), 0.0006340 secs] 39661K->6255K(120960K), 0.0006600 secs] [Times: user=0.00 sys=0.00, real=0.00 secs] 
221.289: Total time for which application threads were stopped: 0.0007770 seconds, Stopping threads took: 0.0000590 seconds
221.442: Application time: 0.1533290 seconds
221.442: [GC221.442: [DefNew: 35152K->1748K(37568K), 0.0006320 secs] 39660K->6255K(120960K), 0.0006590 secs] [Times: user=0.00 sys=0.00, real=0.00 secs] 
221.443: Total time for which application threads were stopped: 0.0007780 seconds, Stopping threads took: 0.0000680 seconds
221.608: Application time: 0.1652090 seconds
221.608: [GC221.608: [DefNew: 35152K->1748K(37568K), 0.0006270 secs] 39660K->6255K(120960K), 0.0006540 secs] [Times: user=0.00 sys=0.00, real=0.00 secs] 
221.609: Total time for which application threads were stopped: 0.0007880 seconds, Stopping threads took: 0.0000810 seconds
221.773: Application time: 0.1645290 seconds
221.773: [GC221.773: [DefNew: 35152K->1748K(37568K), 0.0006300 secs] 39660K->6255K(120960K), 0.0006580 secs] [Times: user=0.00 sys=0.00, real=0.00 secs] 
221.774: Total time for which application threads were stopped: 0.0008050 seconds, Stopping threads took: 0.0000950 seconds
221.931: Application time: 0.1573370 seconds
221.932: [GC221.932: [DefNew: 35044K->1620K(37568K), 0.0006200 secs] 39552K->6127K(120960K), 0.0006450 secs] [Times: user=0.00 sys=0.00, real=0.00 secs] 
221.932: Total time for which application threads were stopped: 0.0007900 seconds, Stopping threads took: 0.0000810 seconds
222.057: Application time: 0.1243050 seconds
222.059: [GC222.059: [DefNew: 35027K->1749K(37568K), 0.0006510 secs] 39535K->6256K(120960K), 0.0006770 secs] [Times: user=0.00 sys=0.00, real=0.00 secs] 
222.060: Total time for which application threads were stopped: 0.0029540 seconds, Stopping threads took: 0.0022260 seconds
222.223: Application time: 0.1632150 seconds
222.223: [GC222.223: [DefNew: 35153K->1748K(37568K), 0.0006280 secs] 39660K->6255K(120960K), 0.0006560 secs] [Times: user=0.00 sys=0.00, real=0.00 secs] 
222.224: Total time for which application threads were stopped: 0.0007590 seconds, Stopping threads took: 0.0000510 seconds
222.358: Application time: 0.1343840 seconds
222.358: [GC222.358: [DefNew: 35152K->1740K(37568K), 0.0006490 secs] 39660K->6247K(120960K), 0.0006740 secs] [Times: user=0.00 sys=0.00, real=0.00 secs] 
222.359: Total time for which application threads were stopped: 0.0008050 seconds, Stopping threads took: 0.0000820 seconds
222.435: Application time: 0.0759480 seconds
222.435: [GC222.435: [DefNew: 35147K->1751K(37568K), 0.0006160 secs] 39654K->6259K(120960K), 0.0006430 secs] [Times: user=0.00 sys=0.00, real=0.00 secs] 
222.436: Total time for which application threads were stopped: 0.0008410 seconds, Stopping threads took: 0.0001360 seconds
222.564: Application time: 0.1284750 seconds
222.564: [GC222.564: [DefNew: 35157K->1751K(37568K), 0.0006300 secs] 39665K->6258K(120960K), 0.0006620 secs] [Times: user=0.00 sys=0.00, real=0.00 secs] 
222.565: Total time for which application threads were stopped: 0.0007970 seconds, Stopping threads took: 0.0000870 seconds
222.723: Application time: 0.1578400 seconds
222.723: [GC222.723: [DefNew: 35158K->1748K(37568K), 0.0006270 secs] 39665K->6256K(120960K), 0.0006560 secs] [Times: user=0.00 sys=0.00, real=0.00 secs] 
222.723: Total time for which application threads were stopped: 0.0007740 seconds, Stopping threads took: 0.0000680 seconds
222.874: Application time: 0.1506100 seconds
222.874: [GC222.874: [DefNew: 35156K->1750K(37568K), 0.0006400 secs] 39663K->6258K(120960K), 0.0006680 secs] [Times: user=0.00 sys=0.00, real=0.00 secs] 
222.875: Total time for which application threads were stopped: 0.0008180 seconds, Stopping threads took: 0.0000960 seconds
223.037: Application time: 0.1622440 seconds
223.037: [GC223.037: [DefNew: 35157K->1748K(37568K), 0.0006470 secs] 39665K->6256K(120960K), 0.0006740 secs] [Times: user=0.00 sys=0.00, real=0.00 secs] 
223.038: Total time for which application threads were stopped: 0.0008700 seconds, Stopping threads took: 0.0001140 seconds
223.203: Application time: 0.1649490 seconds
223.203: [GC223.203: [DefNew: 35153K->1748K(37568K), 0.0006580 secs] 39661K->6256K(120960K), 0.0006870 secs] [Times: user=0.00 sys=0.00, real=0.00 secs] 
223.204: Total time for which application threads were stopped: 0.0008730 seconds, Stopping threads took: 0.0001130 seconds
223.368: Application time: 0.1643920 seconds
223.368: [GC223.368: [DefNew: 35152K->1748K(37568K), 0.0006440 secs] 39660K->6256K(120960K), 0.0006740 secs] [Times: user=0.01 sys=0.00, real=0.00 secs] 
223.369: Total time for which application threads were stopped: 0.0007930 seconds, Stopping threads took: 0.0000650 seconds
223.534: Application time: 0.1652010 seconds
223.534: [GC223.534: [DefNew: 35152K->1748K(37568K), 0.0006120 secs] 39660K->6256K(120960K), 0.0006380 secs] [Times: user=0.00 sys=0.00, real=0.00 secs] 
223.535: Total time for which application threads were stopped: 0.0008110 seconds, Stopping threads took: 0.0001230 seconds
223.700: Application time: 0.1648060 seconds
223.700: [GC223.700: [DefNew: 35152K->1748K(37568K), 0.0006160 secs] 39660K->6256K(120960K), 0.0006410 secs] [Times: user=0.00 sys=0.00, real=0.00 secs] 
223.701: Total time for which application threads were stopped: 0.0007860 seconds, Stopping threads took: 0.0000850 seconds
223.849: Application time: 0.1481030 seconds
223.849: [GC223.849: [DefNew: 35152K->1744K(37568K), 0.0006050 secs] 39660K->6252K(120960K), 0.0006280 secs] [Times: user=0.00 sys=0.00, real=0.00 secs] 
223.849: Total time for which application threads were stopped: 0.0007510 seconds, Stopping threads took: 0.0000640 seconds
223.983: Application time: 0.1334710 seconds
223.983: [GC223.983: [DefNew: 35148K->1749K(37568K), 0.0006320 secs] 39656K->6257K(120960K), 0.0006550 secs] [Times: user=0.00 sys=0.00, real=0.00 secs] 
223.984: Total time for which application threads were stopped: 0.0008090 seconds, Stopping threads took: 0.0001060 seconds
224.146: Application time: 0.1618900 seconds
224.146: [GC224.146: [DefNew: 35156K->1748K(37568K), 0.0006280 secs] 39664K->6256K(120960K), 0.0006550 secs] [Times: user=0.00 sys=0.00, real=0.00 secs] 
224.146: Total time for which application threads were stopped: 0.0007760 seconds, Stopping threads took: 0.0000670 seconds
224.262: Application time: 0.1156070 seconds
224.262: [GC224.262: [DefNew: 35156K->1736K(37568K), 0.0006010 secs] 39664K->6244K(120960K), 0.0006250 secs] [Times: user=0.00 sys=0.00, real=0.00 secs] 
224.263: Total time for which application threads were stopped: 0.0007290 seconds, Stopping threads took: 0.0000450 seconds
224.352: Application time: 0.0888660 seconds
224.352: [GC224.352: [DefNew: 35142K->1752K(37568K), 0.0006810 secs] 39650K->6260K(120960K), 0.0007090 secs] [Times: user=0.01 sys=0.00, real=0.00 secs] 
224.353: Total time for which application threads were stopped: 0.0009510 seconds, Stopping threads took: 0.0001590 seconds
224.486: Application time: 0.1334740 seconds
224.486: [GC224.486: [DefNew: 35157K->1750K(37568K), 0.0006330 secs] 39665K->6258K(120960K), 0.0006570 secs] [Times: user=0.01 sys=0.00, real=0.01 secs] 
224.487: Total time for which application threads were stopped: 0.0008690 seconds, Stopping threads took: 0.0001520 seconds
224.646: Application time: 0.1587130 seconds
224.646: [GC224.646: [DefNew: 35156K->1748K(37568K), 0.0006150 secs] 39664K->6257K(120960K), 0.0006380 secs] [Times: user=0.01 sys=0.00, real=0.00 secs] 
224.646: Total time for which application threads were stopped: 0.0007710 seconds, Stopping threads took: 0.0000840 seconds
224.798: Application time: 0.1512200 seconds
224.798: [GC224.798: [DefNew: 35153K->1750K(37568K), 0.0006170 secs] 39662K->6259K(120960K), 0.0006410 secs] [Times: user=0.01 sys=0.00, real=0.00 secs] 
224.798: Total time for which application threads were stopped: 0.0007560 seconds, Stopping threads took: 0.0000550 seconds
224.960: Application time: 0.1621310 seconds
224.961: [GC224.961: [DefNew: 35157K->1748K(37568K), 0.0006490 secs] 39665K->6257K(120960K), 0.0006760 secs] [Times: user=0.00 sys=0.00, real=0.00 secs] 
224.961: Total time for which application threads were stopped: 0.0008460 seconds, Stopping threads took: 0.0001210 seconds
225.127: Application time: 0.1655460 seconds
225.127: [GC225.127: [DefNew: 35153K->1748K(37568K), 0.0005750 secs] 39661K->6256K(120960K), 0.0005990 secs] [Times: user=0.00 sys=0.00, real=0.00 secs] 
225.128: Total time for which application threads were stopped: 0.0008390 seconds, Stopping threads took: 0.0001920 seconds
225.293: Application time: 0.1652550 seconds
225.293: [GC225.293: [DefNew: 35155K->1748K(37568K), 0.0006420 secs] 39664K->6256K(120960K), 0.0006680 secs] [Times: user=0.00 sys=0.00, real=0.00 secs] 
225.294: Total time for which application threads were stopped: 0.0007880 seconds, Stopping threads took: 0.0000720 seconds
225.453: Application time: 0.1594800 seconds
225.453: [GC225.453: [DefNew: 35152K->1748K(37568K), 0.0006070 secs] 39661K->6256K(120960K), 0.0006320 secs] [Times: user=0.00 sys=0.00, real=0.00 secs] 
225.454: Total time for which application threads were stopped: 0.0007710 seconds, Stopping threads took: 0.0000790 seconds
225.604: Application time: 0.1497490 seconds
225.604: [GC225.604: [DefNew: 35152K->1748K(37568K), 0.0006000 secs] 39661K->6256K(120960K), 0.0006240 secs] [Times: user=0.00 sys=0.00, real=0.00 secs] 
225.605: Total time for which application threads were stopped: 0.0007420 seconds, Stopping threads took: 0.0000740 seconds
225.732: Application time: 0.1277450 seconds
225.732: [GC225.732: [DefNew: 35151K->1744K(37568K), 0.0006210 secs] 39660K->6253K(120960K), 0.0006460 secs] [Times: user=0.00 sys=0.00, real=0.00 secs] 
225.733: Total time for which application threads were stopped: 0.0008530 seconds, Stopping threads took: 0.0001400 seconds
225.860: Application time: 0.1272290 seconds
225.861: [GC225.861: [DefNew: 35151K->1749K(37568K), 0.0005910 secs] 39660K->6257K(120960K), 0.0006130 secs] [Times: user=0.01 sys=0.00, real=0.00 secs] 
225.861: Total time for which application threads were stopped: 0.0008190 seconds, Stopping threads took: 0.0001390 seconds
226.010: Application time: 0.1483710 seconds
226.010: [GC226.010: [DefNew: 35156K->1748K(37568K), 0.0005890 secs] 39664K->6256K(120960K), 0.0006120 secs] [Times: user=0.00 sys=0.00, real=0.00 secs] 
226.010: Total time for which application threads were stopped: 0.0007530 seconds, Stopping threads took: 0.0000830 seconds
226.095: Application time: 0.0846640 seconds
226.095: [GC226.095: [DefNew: 35114K->1618K(37568K), 0.0006060 secs] 39622K->6126K(120960K), 0.0006340 secs] [Times: user=0.00 sys=0.00, real=0.00 secs] 
226.096: Total time for which application threads were stopped: 0.0007750 seconds, Stopping threads took: 0.0000900 seconds
226.195: Application time: 0.0992800 seconds
226.195: Total time for which application threads were stopped: 0.0001260 seconds, Stopping threads took: 0.0001010 seconds
226.195: Application time: 0.0000580 seconds
226.195: [GC226.195: [DefNew: 35028K->1760K(37568K), 0.0006310 secs] 39536K->6269K(120960K), 0.0006670 secs] [Times: user=0.00 sys=0.00, real=0.00 secs] 
226.196: Total time for which application threads were stopped: 0.0007390 seconds, Stopping threads took: 0.0000270 seconds
226.196: Application time: 0.0000540 seconds
226.196: [GC226.196: [DefNew: 1771K->1769K(37568K), 0.0005640 secs] 6280K->6278K(120960K), 0.0005790 secs] [Times: user=0.00 sys=0.00, real=0.00 secs] 
226.197: Total time for which application threads were stopped: 0.0006480 seconds, Stopping threads took: 0.0000400 seconds
226.321: Application time: 0.1239990 seconds
226.321: [GC226.321: [DefNew: 35174K->1749K(37568K), 0.0006180 secs] 39683K->6258K(120960K), 0.0006430 secs] [Times: user=0.00 sys=0.00, real=0.00 secs] 
226.321: Total time for which application threads were stopped: 0.0007870 seconds, Stopping threads took: 0.0000930 seconds
226.465: Application time: 0.1437710 seconds
226.465: [GC226.465: [DefNew: 35155K->1748K(37568K), 0.0006100 secs] 39665K->6258K(120960K), 0.0006350 secs] [Times: user=0.00 sys=0.00, real=0.00 secs] 
226.466: Total time for which application threads were stopped: 0.0007400 seconds, Stopping threads took: 0.0000560 seconds
226.607: Application time: 0.1414670 seconds
226.608: [GC226.608: [DefNew: 35156K->1749K(37568K), 0.0006050 secs] 39666K->6259K(120960K), 0.0006280 secs] [Times: user=0.00 sys=0.00, real=0.00 secs] 
226.608: Total time for which application threads were stopped: 0.0008710 seconds, Stopping threads took: 0.0001660 seconds
226.756: Application time: 0.1481530 seconds
226.757: [GC226.757: [DefNew: 35156K->1748K(37568K), 0.0006020 secs] 39665K->6257K(120960K), 0.0006250 secs] [Times: user=0.00 sys=0.00, real=0.00 secs] 
226.757: Total time for which application threads were stopped: 0.0007830 seconds, Stopping threads took: 0.0001110 seconds
226.907: Application time: 0.1501960 seconds
226.908: [GC226.908: [DefNew: 35153K->1748K(37568K), 0.0006000 secs] 39662K->6257K(120960K), 0.0006260 secs] [Times: user=0.00 sys=0.00, real=0.00 secs] 
226.908: Total time for which application threads were stopped: 0.0007930 seconds, Stopping threads took: 0.0000960 seconds
227.061: Application time: 0.1530910 seconds
227.062: [GC227.062: [DefNew: 35153K->1748K(37568K), 0.0008430 secs] 39662K->6257K(120960K), 0.0008740 secs] [Times: user=0.00 sys=0.00, real=0.00 secs] 
227.063: Total time for which application threads were stopped: 0.0012020 seconds, Stopping threads took: 0.0002750 seconds
227.215: Application time: 0.1527620 seconds
227.215: [GC227.215: [DefNew: 35155K->1748K(37568K), 0.0006030 secs] 39664K->6257K(120960K), 0.0006270 secs] [Times: user=0.00 sys=0.00, real=0.00 secs] 
227.216: Total time for which application threads were stopped: 0.0008200 seconds, Stopping threads took: 0.0001160 seconds
227.367: Application time: 0.1504300 seconds
227.367: [GC227.367: [DefNew: 35152K->1748K(37568K), 0.0006070 secs] 39662K->6257K(120960K), 0.0006310 secs] [Times: user=0.00 sys=0.00, real=0.01 secs] 
227.367: Total time for which application threads were stopped: 0.0007580 seconds, Stopping threads took: 0.0000760 seconds
227.483: Application time: 0.1160460 seconds
227.484: [GC227.484: [DefNew: 35152K->1744K(37568K), 0.0006260 secs] 39661K->6254K(120960K), 0.0006530 secs] [Times: user=0.00 sys=0.00, real=0.00 secs] 
227.484: Total time for which application threads were stopped: 0.0008400 seconds, Stopping threads took: 0.0001140 seconds
227.623: Application time: 0.1386420 seconds
227.623: [GC227.623: [DefNew: 35151K->1748K(37568K), 0.0006480 secs] 39660K->6258K(120960K), 0.0006750 secs] [Times: user=0.00 sys=0.00, real=0.00 secs] 
227.624: Total time for which application threads were stopped: 0.0008970 seconds, Stopping threads took: 0.0001700 seconds
227.765: Application time: 0.1415020 seconds
227.765: [GC227.765: [DefNew: 35152K->1744K(37568K), 0.0005840 secs] 39661K->6253K(120960K), 0.0006080 secs] [Times: user=0.00 sys=0.00, real=0.00 secs] 
227.766: Total time for which application threads were stopped: 0.0007410 seconds, Stopping threads took: 0.0000680 seconds
227.838: Application time: 0.0720570 seconds
227.838: [GC227.838: [DefNew: 35151K->1733K(37568K), 0.0006260 secs] 39660K->6242K(120960K), 0.0006540 secs] [Times: user=0.00 sys=0.00, real=0.01 secs] 
227.839: Total time for which application threads were stopped: 0.0007820 seconds, Stopping threads took: 0.0000770 seconds
227.946: Application time: 0.1074050 seconds
227.946: [GC227.946: [DefNew: 35139K->1747K(37568K), 0.0006040 secs] 39648K->6256K(120960K), 0.0006270 secs] [Times: user=0.00 sys=0.00, real=0.01 secs] 
227.947: Total time for which application threads were stopped: 0.0007520 seconds, Stopping threads took: 0.0000780 seconds
228.079: Application time: 0.1322590 seconds
228.079: [GC228.079: [DefNew: 35153K->1748K(37568K), 0.0006050 secs] 39663K->6258K(120960K), 0.0006280 secs] [Times: user=0.00 sys=0.00, real=0.00 secs] 
228.080: Total time for which application threads were stopped: 0.0007570 seconds, Stopping threads took: 0.0000850 seconds
228.222: Application time: 0.1423970 seconds
228.222: [GC228.222: [DefNew: 35153K->1749K(37568K), 0.0006100 secs] 39663K->6258K(120960K), 0.0006350 secs] [Times: user=0.00 sys=0.00, real=0.00 secs] 
228.223: Total time for which application threads were stopped: 0.0007420 seconds, Stopping threads took: 0.0000580 seconds
228.365: Application time: 0.1421880 seconds
228.365: [GC228.365: [DefNew: 35157K->1749K(37568K), 0.0006200 secs] 39666K->6259K(120960K), 0.0006460 secs] [Times: user=0.00 sys=0.00, real=0.00 secs] 
228.366: Total time for which application threads were stopped: 0.0007900 seconds, Stopping threads took: 0.0000820 seconds
228.515: Application time: 0.1491890 seconds
228.515: [GC228.515: [DefNew: 35156K->1748K(37568K), 0.0006110 secs] 39666K->6258K(120960K), 0.0006370 secs] [Times: user=0.00 sys=0.00, real=0.00 secs] 
228.516: Total time for which application threads were stopped: 0.0007680 seconds, Stopping threads took: 0.0000790 seconds
228.666: Application time: 0.1495520 seconds
228.666: [GC228.666: [DefNew: 35153K->1748K(37568K), 0.0006320 secs] 39662K->6258K(120960K), 0.0006570 secs] [Times: user=0.01 sys=0.00, real=0.00 secs] 
228.666: Total time for which application threads were stopped: 0.0007880 seconds, Stopping threads took: 0.0000840 seconds
228.816: Application time: 0.1499270 seconds
228.816: [GC228.816: [DefNew: 35152K->1748K(37568K), 0.0006000 secs] 39662K->6258K(120960K), 0.0006240 secs] [Times: user=0.01 sys=0.00, real=0.00 secs] 
228.817: Total time for which application threads were stopped: 0.0007620 seconds, Stopping threads took: 0.0000890 seconds
228.968: Application time: 0.1509450 seconds
228.968: [GC228.968: [DefNew: 35152K->1748K(37568K), 0.0006060 secs] 39662K->6258K(120960K), 0.0006320 secs] [Times: user=0.00 sys=0.00, real=0.00 secs] 
228.969: Total time for which application threads were stopped: 0.0007830 seconds, Stopping threads took: 0.0000860 seconds
229.116: Application time: 0.1468050 seconds
229.119: [GC229.119: [DefNew: 35153K->1743K(37568K), 0.0006210 secs] 39662K->6253K(120960K), 0.0006460 secs] [Times: user=0.00 sys=0.00, real=0.00 secs] 
229.120: Total time for which application threads were stopped: 0.0038670 seconds, Stopping threads took: 0.0031750 seconds
229.230: Application time: 0.1105150 seconds
229.230: [GC229.230: [DefNew: 35151K->1749K(37568K), 0.0005970 secs] 39661K->6259K(120960K), 0.0006210 secs] [Times: user=0.00 sys=0.00, real=0.00 secs] 
229.231: Total time for which application threads were stopped: 0.0007480 seconds, Stopping threads took: 0.0000800 seconds
229.378: Application time: 0.1473690 seconds
229.378: [GC229.378: [DefNew: 35154K->1748K(37568K), 0.0006240 secs] 39663K->6258K(120960K), 0.0006530 secs] [Times: user=0.00 sys=0.00, real=0.01 secs] 
229.379: Total time for which application threads were stopped: 0.0007790 seconds, Stopping threads took: 0.0000740 seconds
229.510: Application time: 0.1312250 seconds
229.510: [GC229.510: [DefNew: 35151K->1744K(37568K), 0.0006100 secs] 39661K->6253K(120960K), 0.0006450 secs] [Times: user=0.00 sys=0.00, real=0.00 secs] 
229.511: Total time for which application threads were stopped: 0.0007530 seconds, Stopping threads took: 0.0000490 seconds
229.579: Application time: 0.0677140 seconds
229.579: [GC229.579: [DefNew: 35149K->1747K(37568K), 0.0006100 secs] 39659K->6257K(120960K), 0.0006350 secs] [Times: user=0.00 sys=0.00, real=0.00 secs] 
229.579: Total time for which application threads were stopped: 0.0007650 seconds, Stopping threads took: 0.0000760 seconds
229.693: Application time: 0.1131580 seconds
229.693: [GC229.693: [DefNew: 35155K->1746K(37568K), 0.0006300 secs] 39664K->6256K(120960K), 0.0006560 secs] [Times: user=0.00 sys=0.00, real=0.00 secs] 
229.693: Total time for which application threads were stopped: 0.0007950 seconds, Stopping threads took: 0.0000880 seconds
229.834: Application time: 0.1402540 seconds
229.834: [GC229.834: [DefNew: 35151K->1749K(37568K), 0.0006140 secs] 39661K->6259K(120960K), 0.0006390 secs] [Times: user=0.00 sys=0.00, real=0.00 secs] 
229.834: Total time for which application threads were stopped: 0.0007950 seconds, Stopping threads took: 0.0001090 seconds
229.973: Application time: 0.1389810 seconds
229.974: [GC229.974: [DefNew: 35156K->1750K(37568K), 0.0005980 secs] 39666K->6260K(120960K), 0.0006230 secs] [Times: user=0.00 sys=0.00, real=0.00 secs] 
229.974: Total time for which application threads were stopped: 0.0007660 seconds, Stopping threads took: 0.0000970 seconds
230.119: Application time: 0.1452110 seconds
230.120: [GC230.120: [DefNew: 35156K->1749K(37568K), 0.0006570 secs] 39666K->6259K(120960K), 0.0006830 secs] [Times: user=0.00 sys=0.00, real=0.00 secs] 
230.120: Total time for which application threads were stopped: 0.0008380 seconds, Stopping threads took: 0.0000930 seconds
230.270: Application time: 0.1499760 seconds
230.270: [GC230.270: [DefNew: 35153K->1748K(37568K), 0.0006050 secs] 39664K->6258K(120960K), 0.0006280 secs] [Times: user=0.00 sys=0.00, real=0.00 secs] 
230.271: Total time for which application threads were stopped: 0.0007210 seconds, Stopping threads took: 0.0000460 seconds
230.421: Application time: 0.1497410 seconds
230.421: [GC230.421: [DefNew: 35152K->1748K(37568K), 0.0006110 secs] 39663K->6258K(120960K), 0.0006330 secs] [Times: user=0.00 sys=0.00, real=0.00 secs] 
230.421: Total time for which application threads were stopped: 0.0007690 seconds, Stopping threads took: 0.0000860 seconds
230.571: Application time: 0.1499150 seconds
230.571: [GC230.571: [DefNew: 35152K->1748K(37568K), 0.0006050 secs] 39663K->6258K(120960K), 0.0006350 secs] [Times: user=0.00 sys=0.00, real=0.00 secs] 
230.572: Total time for which application threads were stopped: 0.0007540 seconds, Stopping threads took: 0.0000680 seconds
230.722: Application time: 0.1502700 seconds
230.723: [GC230.723: [DefNew: 35152K->1748K(37568K), 0.0006270 secs] 39663K->6258K(120960K), 0.0006550 secs] [Times: user=0.01 sys=0.00, real=0.00 secs] 
230.723: Total time for which application threads were stopped: 0.0008290 seconds, Stopping threads took: 0.0001140 seconds
230.861: Application time: 0.1373140 seconds
230.861: [GC230.861: [DefNew: 35155K->1744K(37568K), 0.0005980 secs] 39666K->6254K(120960K), 0.0006210 secs] [Times: user=0.00 sys=0.00, real=0.00 secs] 
230.861: Total time for which application threads were stopped: 0.0007160 seconds, Stopping threads took: 0.0000460 seconds
230.981: Application time: 0.1198140 seconds
230.981: [GC230.981: [DefNew: 35150K->1749K(37568K), 0.0006050 secs] 39660K->6259K(120960K), 0.0006290 secs] [Times: user=0.00 sys=0.00, real=0.00 secs] 
230.982: Total time for which application threads were stopped: 0.0007470 seconds, Stopping threads took: 0.0000710 seconds
231.129: Application time: 0.1475180 seconds
231.129: [GC231.129: [DefNew: 35155K->1748K(37568K), 0.0006040 secs] 39666K->6258K(120960K), 0.0006280 secs] [Times: user=0.00 sys=0.00, real=0.00 secs] 
231.130: Total time for which application threads were stopped: 0.0007590 seconds, Stopping threads took: 0.0000830 seconds
231.245: Application time: 0.1148710 seconds
231.245: [GC231.245: [DefNew: 35156K->1736K(37568K), 0.0006060 secs] 39666K->6246K(120960K), 0.0006380 secs] [Times: user=0.00 sys=0.00, real=0.00 secs] 
231.246: Total time for which application threads were stopped: 0.0007840 seconds, Stopping threads took: 0.0000840 seconds
231.320: Application time: 0.0742270 seconds
231.320: [GC231.320: [DefNew: 35143K->1751K(37568K), 0.0005930 secs] 39653K->6261K(120960K), 0.0006160 secs] [Times: user=0.00 sys=0.00, real=0.00 secs] 
231.321: Total time for which application threads were stopped: 0.0007390 seconds, Stopping threads took: 0.0000760 seconds
231.439: Application time: 0.1186120 seconds
231.439: [GC231.439: [DefNew: 35159K->1750K(37568K), 0.0006210 secs] 39669K->6261K(120960K), 0.0006470 secs] [Times: user=0.00 sys=0.00, real=0.00 secs] 
231.440: Total time for which application threads were stopped: 0.0007650 seconds, Stopping threads took: 0.0000670 seconds
231.584: Application time: 0.1440240 seconds
231.584: [GC231.584: [DefNew: 35157K->1748K(37568K), 0.0005940 secs] 39668K->6259K(120960K), 0.0006160 secs] [Times: user=0.00 sys=0.00, real=0.00 secs] 
231.585: Total time for which application threads were stopped: 0.0007130 seconds, Stopping threads took: 0.0000500 seconds
231.723: Application time: 0.1377530 seconds
231.723: [GC231.723: [DefNew: 35154K->1750K(37568K), 0.0006280 secs] 39664K->6261K(120960K), 0.0006530 secs] [Times: user=0.00 sys=0.00, real=0.00 secs] 
231.723: Total time for which application threads were stopped: 0.0007720 seconds, Stopping threads took: 0.0000690 seconds
231.871: Application time: 0.1478230 seconds
231.871: [GC231.871: [DefNew: 35157K->1748K(37568K), 0.0006030 secs] 39667K->6259K(120960K), 0.0006270 secs] [Times: user=0.00 sys=0.00, real=0.00 secs] 
231.872: Total time for which application threads were stopped: 0.0007350 seconds, Stopping threads took: 0.0000500 seconds
232.022: Application time: 0.1497440 seconds
232.022: [GC232.022: [DefNew: 35153K->1748K(37568K), 0.0005980 secs] 39664K->6259K(120960K), 0.0006210 secs] [Times: user=0.00 sys=0.00, real=0.00 secs] 
232.022: Total time for which application threads were stopped: 0.0007510 seconds, Stopping threads took: 0.0000830 seconds
232.172: Application time: 0.1496670 seconds
232.172: [GC232.172: [DefNew: 35152K->1748K(37568K), 0.0005770 secs] 39663K->6259K(120960K), 0.0006010 secs] [Times: user=0.00 sys=0.00, real=0.00 secs] 
232.173: Total time for which application threads were stopped: 0.0007000 seconds, Stopping threads took: 0.0000520 seconds
232.324: Application time: 0.1509790 seconds
232.324: [GC232.324: [DefNew: 35152K->1748K(37568K), 0.0006010 secs] 39663K->6259K(120960K), 0.0006240 secs] [Times: user=0.00 sys=0.00, real=0.00 secs] 
232.325: Total time for which application threads were stopped: 0.0007500 seconds, Stopping threads took: 0.0000800 seconds
232.475: Application time: 0.1502290 seconds
232.479: [GC232.479: [DefNew: 35152K->1748K(37568K), 0.0005980 secs] 39663K->6259K(120960K), 0.0006230 secs] [Times: user=0.00 sys=0.00, real=0.00 secs] 
232.480: Total time for which application threads were stopped: 0.0047750 seconds, Stopping threads took: 0.0040950 seconds
232.608: Application time: 0.1289360 seconds
232.609: [GC232.609: [DefNew: 35153K->1748K(37568K), 0.0006140 secs] 39664K->6259K(120960K), 0.0006380 secs] [Times: user=0.00 sys=0.00, real=0.00 secs] 
232.609: Total time for which application threads were stopped: 0.0008090 seconds, Stopping threads took: 0.0001200 seconds
232.735: Application time: 0.1260100 seconds
232.735: [GC232.735: [DefNew: 35156K->1749K(37568K), 0.0006600 secs] 39667K->6260K(120960K), 0.0006880 secs] [Times: user=0.01 sys=0.00, real=0.00 secs] 
232.736: Total time for which application threads were stopped: 0.0008230 seconds, Stopping threads took: 0.0000850 seconds
232.884: Application time: 0.1482160 seconds
232.884: [GC232.884: [DefNew: 35154K->1748K(37568K), 0.0006180 secs] 39664K->6259K(120960K), 0.0006440 secs] [Times: user=0.00 sys=0.00, real=0.00 secs] 
232.885: Total time for which application threads were stopped: 0.0007930 seconds, Stopping threads took: 0.0000890 seconds
232.980: Application time: 0.0946780 seconds
232.980: [GC232.980: [DefNew: 35153K->1737K(37568K), 0.0006110 secs] 39664K->6248K(120960K), 0.0006370 secs] [Times: user=0.00 sys=0.00, real=0.00 secs] 
232.981: Total time for which application threads were stopped: 0.0007610 seconds, Stopping threads took: 0.0000650 seconds
233.070: Application time: 0.0892510 seconds
233.070: [GC233.070: [DefNew: 35145K->1751K(37568K), 0.0006100 secs] 39656K->6262K(120960K), 0.0006340 secs] [Times: user=0.00 sys=0.00, real=0.00 secs] 
233.071: Total time for which application threads were stopped: 0.0007420 seconds, Stopping threads took: 0.0000600 seconds
233.194: Application time: 0.1229920 seconds
233.194: [GC233.194: [DefNew: 35156K->1749K(37568K), 0.0006170 secs] 39667K->6260K(120960K), 0.0006470 secs] [Times: user=0.00 sys=0.00, real=0.00 secs] 
233.194: Total time for which application threads were stopped: 0.0007810 seconds, Stopping threads took: 0.0000870 seconds
233.337: Application time: 0.1425590 seconds
233.337: [GC233.337: [DefNew: 35156K->1749K(37568K), 0.0006100 secs] 39667K->6260K(120960K), 0.0006350 secs] [Times: user=0.00 sys=0.00, real=0.00 secs] 
233.338: Total time for which application threads were stopped: 0.0007500 seconds, Stopping threads took: 0.0000680 seconds
233.478: Application time: 0.1400030 seconds
233.478: [GC233.478: [DefNew: 35152K->1750K(37568K), 0.0006060 secs] 39664K->6261K(120960K), 0.0006290 secs] [Times: user=0.00 sys=0.00, real=0.00 secs] 
233.478: Total time for which application threads were stopped: 0.0007430 seconds, Stopping threads took: 0.0000670 seconds
233.626: Application time: 0.1480940 seconds
233.627: [GC233.627: [DefNew: 35156K->1748K(37568K), 0.0006250 secs] 39668K->6260K(120960K), 0.0006520 secs] [Times: user=0.01 sys=0.00, real=0.01 secs] 
233.627: Total time for which application threads were stopped: 0.0008470 seconds, Stopping threads took: 0.0001320 seconds
233.777: Application time: 0.1500670 seconds
233.778: [GC233.778: [DefNew: 35153K->1748K(37568K), 0.0006000 secs] 39664K->6259K(120960K), 0.0006260 secs] [Times: user=0.00 sys=0.00, real=0.00 secs] 
233.778: Total time for which application threads were stopped: 0.0008500 seconds, Stopping threads took: 0.0001510 seconds
233.928: Application time: 0.1501510 seconds
233.929: [GC233.929: [DefNew: 35152K->1748K(37568K), 0.0006020 secs] 39664K->6259K(120960K), 0.0006250 secs] [Times: user=0.01 sys=0.00, real=0.00 secs] 
233.929: Total time for which application threads were stopped: 0.0007370 seconds, Stopping threads took: 0.0000650 seconds
234.080: Application time: 0.1511870 seconds
234.080: [GC234.080: [DefNew: 35152K->1748K(37568K), 0.0006330 secs] 39664K->6259K(120960K), 0.0006580 secs] [Times: user=0.01 sys=0.00, real=0.00 secs] 
234.081: Total time for which application threads were stopped: 0.0007920 seconds, Stopping threads took: 0.0000870 seconds
234.231: Application time: 0.1501390 seconds
234.231: [GC234.231: [DefNew: 35152K->1748K(37568K), 0.0006160 secs] 39664K->6259K(120960K), 0.0006450 secs] [Times: user=0.00 sys=0.00, real=0.00 secs] 
234.232: Total time for which application threads were stopped: 0.0008100 seconds, Stopping threads took: 0.0001010 seconds
234.353: Application time: 0.1209620 seconds
234.353: [GC234.353: [DefNew: 35154K->1744K(37568K), 0.0006080 secs] 39666K->6256K(120960K), 0.0006340 secs] [Times: user=0.00 sys=0.00, real=0.00 secs] 
234.354: Total time for which application threads were stopped: 0.0007300 seconds, Stopping threads took: 0.0000450 seconds
234.488: Application time: 0.1338260 seconds
234.488: [GC234.488: [DefNew: 35150K->1748K(37568K), 0.0006070 secs] 39661K->6260K(120960K), 0.0006310 secs] [Times: user=0.00 sys=0.00, real=0.00 secs] 
234.488: Total time for which application threads were stopped: 0.0007550 seconds, Stopping threads took: 0.0000740 seconds
234.629: Application time: 0.1408860 seconds
234.630: [GC234.630: [DefNew: 35154K->1744K(37568K), 0.0006020 secs] 39665K->6255K(120960K), 0.0006320 secs] [Times: user=0.00 sys=0.00, real=0.00 secs] 
234.630: Total time for which application threads were stopped: 0.0009060 seconds, Stopping threads took: 0.0002250 seconds
234.714: Application time: 0.0840990 seconds
234.714: [GC234.714: [DefNew: 35150K->1732K(37568K), 0.0006220 secs] 39662K->6244K(120960K), 0.0006450 secs] [Times: user=0.00 sys=0.00, real=0.00 secs] 
234.715: Total time for which application threads were stopped: 0.0007400 seconds, Stopping threads took: 0.0000470 seconds
234.820: Application time: 0.1054160 seconds
234.821: [GC234.821: [DefNew: 35140K->1751K(37568K), 0.0006170 secs] 39652K->6262K(120960K), 0.0006420 secs] [Times: user=0.00 sys=0.00, real=0.00 secs] 
234.821: Total time for which application threads were stopped: 0.0007800 seconds, Stopping threads took: 0.0000800 seconds
234.944: Application time: 0.1230880 seconds
234.944: [GC234.944: [DefNew: 35156K->1749K(37568K), 0.0006440 secs] 39668K->6261K(120960K), 0.0006660 secs] [Times: user=0.00 sys=0.00, real=0.00 secs] 
234.945: Total time for which application threads were stopped: 0.0008000 seconds, Stopping threads took: 0.0000860 seconds
235.089: Application time: 0.1437140 seconds
235.089: [GC235.089: [DefNew: 35154K->1748K(37568K), 0.0006170 secs] 39665K->6260K(120960K), 0.0006440 secs] [Times: user=0.00 sys=0.00, real=0.00 secs] 
235.090: Total time for which application threads were stopped: 0.0008830 seconds, Stopping threads took: 0.0001880 seconds
235.231: Application time: 0.1409220 seconds
235.231: [GC235.231: [DefNew: 35154K->1750K(37568K), 0.0006400 secs] 39665K->6262K(120960K), 0.0006660 secs] [Times: user=0.00 sys=0.00, real=0.00 secs] 
235.231: Total time for which application threads were stopped: 0.0008030 seconds, Stopping threads took: 0.0000860 seconds
235.380: Application time: 0.1482630 seconds
235.380: [GC235.380: [DefNew: 35154K->1748K(37568K), 0.0006090 secs] 39666K->6260K(120960K), 0.0006350 secs] [Times: user=0.01 sys=0.00, real=0.00 secs] 
235.380: Total time for which application threads were stopped: 0.0007770 seconds, Stopping threads took: 0.0000820 seconds
235.531: Application time: 0.1502040 seconds
235.531: [GC235.531: [DefNew: 35155K->1748K(37568K), 0.0006310 secs] 39667K->6260K(120960K), 0.0006570 secs] [Times: user=0.01 sys=0.00, real=0.00 secs] 
235.531: Total time for which application threads were stopped: 0.0007920 seconds, Stopping threads took: 0.0000870 seconds
235.681: Application time: 0.1500130 seconds
235.682: [GC235.682: [DefNew: 35152K->1748K(37568K), 0.0006040 secs] 39664K->6260K(120960K), 0.0006320 secs] [Times: user=0.00 sys=0.00, real=0.00 secs] 
235.682: Total time for which application threads were stopped: 0.0007890 seconds, Stopping threads took: 0.0001060 seconds
235.833: Application time: 0.1506140 seconds
235.833: [GC235.833: [DefNew: 35152K->1748K(37568K), 0.0006070 secs] 39664K->6260K(120960K), 0.0006340 secs] [Times: user=0.00 sys=0.00, real=0.00 secs] 
235.834: Total time for which application threads were stopped: 0.0007380 seconds, Stopping threads took: 0.0000540 seconds
235.984: Application time: 0.1498860 seconds
235.984: [GC235.984: [DefNew: 35152K->1748K(37568K), 0.0006040 secs] 39664K->6260K(120960K), 0.0006300 secs] [Times: user=0.00 sys=0.00, real=0.00 secs] 
235.984: Total time for which application threads were stopped: 0.0007820 seconds, Stopping threads took: 0.0000920 seconds
236.094: Application time: 0.1095240 seconds
236.094: [GC236.094: [DefNew: 35154K->1745K(37568K), 0.0006280 secs] 39666K->6257K(120960K), 0.0006530 secs] [Times: user=0.00 sys=0.00, real=0.00 secs] 
236.095: Total time for which application threads were stopped: 0.0007810 seconds, Stopping threads took: 0.0000780 seconds
236.240: Application time: 0.1456220 seconds
236.240: [GC236.240: [DefNew: 35150K->1748K(37568K), 0.0006330 secs] 39662K->6260K(120960K), 0.0006580 secs] [Times: user=0.00 sys=0.00, real=0.00 secs] 
236.241: Total time for which application threads were stopped: 0.0007780 seconds, Stopping threads took: 0.0000740 seconds
236.372: Application time: 0.1307620 seconds
236.372: [GC236.372: [DefNew: 35152K->1744K(37568K), 0.0006090 secs] 39664K->6256K(120960K), 0.0006420 secs] [Times: user=0.00 sys=0.00, real=0.00 secs] 
236.373: Total time for which application threads were stopped: 0.0008050 seconds, Stopping threads took: 0.0001120 seconds
236.448: Application time: 0.0755260 seconds
236.448: [GC236.448: [DefNew: 35151K->1747K(37568K), 0.0006220 secs] 39663K->6259K(120960K), 0.0006450 secs] [Times: user=0.00 sys=0.00, real=0.00 secs] 
236.449: Total time for which application threads were stopped: 0.0007550 seconds, Stopping threads took: 0.0000630 seconds
236.562: Application time: 0.1127970 seconds
236.562: [GC236.562: [DefNew: 35151K->1746K(37568K), 0.0006090 secs] 39663K->6258K(120960K), 0.0006340 secs] [Times: user=0.00 sys=0.00, real=0.00 secs] 
236.562: Total time for which application threads were stopped: 0.0007520 seconds, Stopping threads took: 0.0000570 seconds
236.696: Application time: 0.1336480 seconds
236.696: [GC236.696: [DefNew: 35151K->1749K(37568K), 0.0006240 secs] 39663K->6261K(120960K), 0.0006490 secs] [Times: user=0.00 sys=0.00, real=0.00 secs] 
236.697: Total time for which application threads were stopped: 0.0007840 seconds, Stopping threads took: 0.0000850 seconds
236.837: Application time: 0.1397120 seconds
236.837: [GC236.837: [DefNew: 35155K->1750K(37568K), 0.0005900 secs] 39667K->6262K(120960K), 0.0006130 secs] [Times: user=0.00 sys=0.00, real=0.00 secs] 
236.837: Total time for which application threads were stopped: 0.0008110 seconds, Stopping threads took: 0.0001520 seconds
236.981: Application time: 0.1441100 seconds
236.982: [GC236.982: [DefNew: 35156K->1749K(37568K), 0.0005990 secs] 39668K->6262K(120960K), 0.0006210 secs] [Times: user=0.00 sys=0.00, real=0.00 secs] 
236.982: Total time for which application threads were stopped: 0.0007300 seconds, Stopping threads took: 0.0000630 seconds
237.132: Application time: 0.1494370 seconds
237.132: [GC237.132: [DefNew: 35154K->1748K(37568K), 0.0006230 secs] 39666K->6260K(120960K), 0.0006500 secs] [Times: user=0.00 sys=0.00, real=0.00 secs] 
237.132: Total time for which application threads were stopped: 0.0007890 seconds, Stopping threads took: 0.0000790 seconds
237.282: Application time: 0.1494010 seconds
237.282: [GC237.282: [DefNew: 35152K->1748K(37568K), 0.0006560 secs] 39665K->6260K(120960K), 0.0006840 secs] [Times: user=0.00 sys=0.00, real=0.00 secs] 
237.283: Total time for which application threads were stopped: 0.0008390 seconds, Stopping threads took: 0.0001030 seconds
237.435: Application time: 0.1525720 seconds
237.435: [GC237.435: [DefNew: 35152K->1748K(37568K), 0.0006490 secs] 39665K->6260K(120960K), 0.0006730 secs] [Times: user=0.00 sys=0.00, real=0.00 secs] 
237.436: Total time for which application threads were stopped: 0.0008070 seconds, Stopping threads took: 0.0000840 seconds
237.601: Application time: 0.1653390 seconds
237.602: [GC237.602: [DefNew: 35152K->1748K(37568K), 0.0006120 secs] 39665K->6260K(120960K), 0.0006370 secs] [Times: user=0.00 sys=0.00, real=0.00 secs] 
237.602: Total time for which application threads were stopped: 0.0007930 seconds, Stopping threads took: 0.0001090 seconds
237.754: Application time: 0.1519750 seconds
237.754: [GC237.754: [DefNew: 35153K->1744K(37568K), 0.0006320 secs] 39666K->6256K(120960K), 0.0006600 secs] [Times: user=0.00 sys=0.00, real=0.00 secs] 
237.755: Total time for which application threads were stopped: 0.0007930 seconds, Stopping threads took: 0.0000630 seconds
237.886: Application time: 0.1309690 seconds
237.886: [GC237.886: [DefNew: 35148K->1749K(37568K), 0.0006310 secs] 39660K->6262K(120960K), 0.0006560 secs] [Times: user=0.00 sys=0.00, real=0.01 secs] 
237.887: Total time for which application threads were stopped: 0.0008480 seconds, Stopping threads took: 0.0001220 seconds
238.049: Application time: 0.1621840 seconds
238.049: [GC238.049: [DefNew: 35153K->1748K(37568K), 0.0006110 secs] 39666K->6261K(120960K), 0.0006350 secs] [Times: user=0.00 sys=0.00, real=0.00 secs] 
238.050: Total time for which application threads were stopped: 0.0007800 seconds, Stopping threads took: 0.0000870 seconds
238.188: Application time: 0.1379070 seconds
238.188: [GC238.188: [DefNew: 35154K->1744K(37568K), 0.0006400 secs] 39666K->6257K(120960K), 0.0006670 secs] [Times: user=0.00 sys=0.00, real=0.00 secs] 
238.189: Total time for which application threads were stopped: 0.0008570 seconds, Stopping threads took: 0.0001380 seconds
238.265: Application time: 0.0768160 seconds
238.265: [GC238.266: [DefNew: 35149K->1747K(37568K), 0.0006390 secs] 39661K->6259K(120960K), 0.0006690 secs] [Times: user=0.00 sys=0.00, real=0.00 secs] 
238.266: Total time for which application threads were stopped: 0.0008150 seconds, Stopping threads took: 0.0000790 seconds
238.391: Application time: 0.1251650 seconds
238.392: [GC238.392: [DefNew: 35155K->1605K(37568K), 0.0006400 secs] 39667K->6118K(120960K), 0.0006670 secs] [Times: user=0.00 sys=0.00, real=0.00 secs] 
238.392: Total time for which application threads were stopped: 0.0008560 seconds, Stopping threads took: 0.0001400 seconds
238.549: Application time: 0.1570840 seconds
238.549: [GC238.549: [DefNew: 35009K->1748K(37568K), 0.0006370 secs] 39522K->6261K(120960K), 0.0006650 secs] [Times: user=0.00 sys=0.00, real=0.00 secs] 
238.550: Total time for which application threads were stopped: 0.0007890 seconds, Stopping threads took: 0.0000710 seconds
238.702: Application time: 0.1520430 seconds
238.702: [GC238.702: [DefNew: 35155K->1750K(37568K), 0.0006230 secs] 39668K->6263K(120960K), 0.0006500 secs] [Times: user=0.00 sys=0.00, real=0.00 secs] 
238.703: Total time for which application threads were stopped: 0.0008130 seconds, Stopping threads took: 0.0001130 seconds
238.863: Application time: 0.1604040 seconds
238.863: [GC238.864: [DefNew: 35154K->1748K(37568K), 0.0006300 secs] 39667K->6262K(120960K), 0.0006590 secs] [Times: user=0.00 sys=0.00, real=0.00 secs] 
238.864: Total time for which application threads were stopped: 0.0008270 seconds, Stopping threads took: 0.0001040 seconds
239.029: Application time: 0.1643460 seconds
239.029: [GC239.029: [DefNew: 35153K->1748K(37568K), 0.0006150 secs] 39666K->6261K(120960K), 0.0006400 secs] [Times: user=0.00 sys=0.00, real=0.00 secs] 
239.029: Total time for which application threads were stopped: 0.0007750 seconds, Stopping threads took: 0.0000850 seconds
239.194: Application time: 0.1651180 seconds
239.195: [GC239.195: [DefNew: 35152K->1748K(37568K), 0.0006700 secs] 39666K->6261K(120960K), 0.0006980 secs] [Times: user=0.00 sys=0.00, real=0.00 secs] 
239.195: Total time for which application threads were stopped: 0.0008460 seconds, Stopping threads took: 0.0000950 seconds
239.361: Application time: 0.1653530 seconds
239.361: [GC239.361: [DefNew: 35152K->1748K(37568K), 0.0006060 secs] 39666K->6261K(120960K), 0.0006310 secs] [Times: user=0.00 sys=0.00, real=0.00 secs] 
239.361: Total time for which application threads were stopped: 0.0007440 seconds, Stopping threads took: 0.0000640 seconds
239.526: Application time: 0.1648390 seconds
239.526: [GC239.526: [DefNew: 35152K->1748K(37568K), 0.0006240 secs] 39666K->6261K(120960K), 0.0006530 secs] [Times: user=0.00 sys=0.00, real=0.01 secs] 
239.527: Total time for which application threads were stopped: 0.0008190 seconds, Stopping threads took: 0.0001000 seconds
239.668: Application time: 0.1413580 seconds
239.669: [GC239.669: [DefNew: 35151K->1748K(37568K), 0.0006630 secs] 39665K->6262K(120960K), 0.0006920 secs] [Times: user=0.00 sys=0.00, real=0.00 secs] 
239.669: Total time for which application threads were stopped: 0.0008460 seconds, Stopping threads took: 0.0001010 seconds
239.809: Application time: 0.1393250 seconds
239.809: [GC239.809: [DefNew: 35152K->1749K(37568K), 0.0006170 secs] 39665K->6262K(120960K), 0.0006410 secs] [Times: user=0.00 sys=0.00, real=0.00 secs] 
239.809: Total time for which application threads were stopped: 0.0007970 seconds, Stopping threads took: 0.0001050 seconds
239.972: Application time: 0.1622020 seconds
239.972: [GC239.972: [DefNew: 35155K->1748K(37568K), 0.0006330 secs] 39668K->6261K(120960K), 0.0006680 secs] [Times: user=0.00 sys=0.00, real=0.00 secs] 
239.972: Total time for which application threads were stopped: 0.0008650 seconds, Stopping threads took: 0.0001210 seconds
240.088: Application time: 0.1159130 seconds
240.088: [GC240.088: [DefNew: 35152K->1737K(37568K), 0.0006250 secs] 39665K->6250K(120960K), 0.0006520 secs] [Times: user=0.00 sys=0.00, real=0.00 secs] 
240.089: Total time for which application threads were stopped: 0.0007770 seconds, Stopping threads took: 0.0000640 seconds
240.179: Application time: 0.0896820 seconds
240.179: [GC240.179: [DefNew: 35144K->1751K(37568K), 0.0005780 secs] 39657K->6264K(120960K), 0.0006010 secs] [Times: user=0.00 sys=0.00, real=0.00 secs] 
240.180: Total time for which application threads were stopped: 0.0007160 seconds, Stopping threads took: 0.0000670 seconds
240.312: Application time: 0.1323970 seconds
240.312: [GC240.312: [DefNew: 35158K->1750K(37568K), 0.0006760 secs] 39672K->6263K(120960K), 0.0007050 secs] [Times: user=0.00 sys=0.00, real=0.00 secs] 
240.313: Total time for which application threads were stopped: 0.0008460 seconds, Stopping threads took: 0.0000890 seconds
240.470: Application time: 0.1569410 seconds
240.470: [GC240.470: [DefNew: 35154K->1749K(37568K), 0.0006110 secs] 39668K->6262K(120960K), 0.0006350 secs] [Times: user=0.00 sys=0.00, real=0.00 secs] 
240.470: Total time for which application threads were stopped: 0.0007470 seconds, Stopping threads took: 0.0000630 seconds
240.623: Application time: 0.1521750 seconds
240.623: [GC240.623: [DefNew: 35154K->1750K(37568K), 0.0006420 secs] 39667K->6264K(120960K), 0.0006680 secs] [Times: user=0.00 sys=0.00, real=0.00 secs] 
240.623: Total time for which application threads were stopped: 0.0007910 seconds, Stopping threads took: 0.0000570 seconds
240.786: Application time: 0.1624190 seconds
240.786: [GC240.786: [DefNew: 35154K->1748K(37568K), 0.0006150 secs] 39668K->6262K(120960K), 0.0006380 secs] [Times: user=0.00 sys=0.00, real=0.00 secs] 
240.787: Total time for which application threads were stopped: 0.0007710 seconds, Stopping threads took: 0.0000840 seconds
240.951: Application time: 0.1645480 seconds
240.951: [GC240.951: [DefNew: 35153K->1748K(37568K), 0.0006610 secs] 39667K->6261K(120960K), 0.0006900 secs] [Times: user=0.00 sys=0.00, real=0.00 secs] 
240.952: Total time for which application threads were stopped: 0.0008960 seconds, Stopping threads took: 0.0001530 seconds
241.117: Application time: 0.1649230 seconds
241.117: [GC241.117: [DefNew: 35152K->1748K(37568K), 0.0006080 secs] 39666K->6261K(120960K), 0.0006340 secs] [Times: user=0.00 sys=0.00, real=0.00 secs] 
241.118: Total time for which application threads were stopped: 0.0009500 seconds, Stopping threads took: 0.0002540 seconds
241.284: Application time: 0.1657880 seconds
241.284: [GC241.284: [DefNew: 35152K->1748K(37568K), 0.0006170 secs] 39666K->6261K(120960K), 0.0006440 secs] [Times: user=0.00 sys=0.00, real=0.00 secs] 
241.285: Total time for which application threads were stopped: 0.0007950 seconds, Stopping threads took: 0.0000920 seconds
241.446: Application time: 0.1615580 seconds
241.446: [GC241.446: [DefNew: 35152K->1748K(37568K), 0.0006150 secs] 39666K->6261K(120960K), 0.0006430 secs] [Times: user=0.00 sys=0.00, real=0.01 secs] 
241.447: Total time for which application threads were stopped: 0.0007760 seconds, Stopping threads took: 0.0000810 seconds
241.571: Application time: 0.1244780 seconds
241.571: [GC241.571: [DefNew: 35151K->1744K(37568K), 0.0006230 secs] 39665K->6258K(120960K), 0.0006460 secs] [Times: user=0.00 sys=0.00, real=0.00 secs] 
241.572: Total time for which application threads were stopped: 0.0007670 seconds, Stopping threads took: 0.0000730 seconds
241.703: Application time: 0.1304910 seconds
241.703: [GC241.703: [DefNew: 35149K->1749K(37568K), 0.0006050 secs] 39663K->6262K(120960K), 0.0006290 secs] [Times: user=0.00 sys=0.00, real=0.00 secs] 
241.703: Total time for which application threads were stopped: 0.0007320 seconds, Stopping threads took: 0.0000560 seconds
241.847: Application time: 0.1438400 seconds
241.847: [GC241.847: [DefNew: 35156K->1743K(37568K), 0.0006450 secs] 39670K->6257K(120960K), 0.0006810 secs] [Times: user=0.01 sys=0.00, real=0.00 secs] 
241.848: Total time for which application threads were stopped: 0.0009240 seconds, Stopping threads took: 0.0001810 seconds
241.939: Application time: 0.0913140 seconds
241.940: [GC241.940: [DefNew: 35151K->1585K(37568K), 0.0006090 secs] 39665K->6099K(120960K), 0.0006350 secs] [Times: user=0.00 sys=0.00, real=0.00 secs] 
241.940: Total time for which application threads were stopped: 0.0007710 seconds, Stopping threads took: 0.0000890 seconds
242.036: Application time: 0.0962930 seconds
242.039: [GC242.039: [DefNew: 34993K->1751K(37568K), 0.0006340 secs] 39507K->6265K(120960K), 0.0006590 secs] [Times: user=0.00 sys=0.00, real=0.00 secs] 
242.040: Total time for which application threads were stopped: 0.0031770 seconds, Stopping threads took: 0.0024720 seconds
242.164: Application time: 0.1246670 seconds
242.164: [GC242.164: [DefNew: 35159K->1749K(37568K), 0.0005910 secs] 39672K->6263K(120960K), 0.0006160 secs] [Times: user=0.00 sys=0.00, real=0.00 secs] 
242.165: Total time for which application threads were stopped: 0.0007690 seconds, Stopping threads took: 0.0001050 seconds
242.307: Application time: 0.1423600 seconds
242.308: [GC242.308: [DefNew: 35155K->1749K(37568K), 0.0005970 secs] 39669K->6263K(120960K), 0.0006210 secs] [Times: user=0.00 sys=0.00, real=0.00 secs] 
242.308: Total time for which application threads were stopped: 0.0007490 seconds, Stopping threads took: 0.0000800 seconds
242.449: Application time: 0.1403300 seconds
242.449: [GC242.449: [DefNew: 35156K->1750K(37568K), 0.0006060 secs] 39670K->6264K(120960K), 0.0006300 secs] [Times: user=0.00 sys=0.00, real=0.00 secs] 
242.449: Total time for which application threads were stopped: 0.0007400 seconds, Stopping threads took: 0.0000540 seconds
242.597: Application time: 0.1473340 seconds
242.597: [GC242.597: [DefNew: 35154K->1748K(37568K), 0.0006030 secs] 39668K->6262K(120960K), 0.0006250 secs] [Times: user=0.00 sys=0.00, real=0.00 secs] 
242.597: Total time for which application threads were stopped: 0.0007420 seconds, Stopping threads took: 0.0000690 seconds
242.747: Application time: 0.1495360 seconds
242.747: [GC242.747: [DefNew: 35153K->1748K(37568K), 0.0006400 secs] 39667K->6262K(120960K), 0.0006680 secs] [Times: user=0.00 sys=0.00, real=0.00 secs] 
242.748: Total time for which application threads were stopped: 0.0008140 seconds, Stopping threads took: 0.0000930 seconds
242.898: Application time: 0.1503860 seconds
242.898: [GC242.898: [DefNew: 35152K->1748K(37568K), 0.0006250 secs] 39667K->6262K(120960K), 0.0006520 secs] [Times: user=0.00 sys=0.00, real=0.01 secs] 
242.899: Total time for which application threads were stopped: 0.0007590 seconds, Stopping threads took: 0.0000570 seconds
243.049: Application time: 0.1505240 seconds
243.050: [GC243.050: [DefNew: 35152K->1748K(37568K), 0.0006270 secs] 39667K->6262K(120960K), 0.0006520 secs] [Times: user=0.00 sys=0.00, real=0.00 secs] 
243.050: Total time for which application threads were stopped: 0.0008170 seconds, Stopping threads took: 0.0001090 seconds
243.200: Application time: 0.1498710 seconds
243.200: [GC243.200: [DefNew: 35152K->1748K(37568K), 0.0006140 secs] 39667K->6262K(120960K), 0.0006420 secs] [Times: user=0.00 sys=0.00, real=0.00 secs] 
243.201: Total time for which application threads were stopped: 0.0007830 seconds, Stopping threads took: 0.0000900 seconds
243.316: Application time: 0.1146510 seconds
243.316: [GC243.316: [DefNew: 35155K->1744K(37568K), 0.0006150 secs] 39669K->6259K(120960K), 0.0016470 secs] [Times: user=0.00 sys=0.00, real=0.00 secs] 
243.317: Total time for which application threads were stopped: 0.0019150 seconds, Stopping threads took: 0.0001920 seconds
243.458: Application time: 0.1404300 seconds
243.458: [GC243.458: [DefNew: 35148K->1748K(37568K), 0.0006630 secs] 39663K->6263K(120960K), 0.0006930 secs] [Times: user=0.00 sys=0.00, real=0.01 secs] 
243.459: Total time for which application threads were stopped: 0.0009150 seconds, Stopping threads took: 0.0001630 seconds
243.592: Application time: 0.1329490 seconds
243.592: [GC243.592: [DefNew: 35152K->1744K(37568K), 0.0006450 secs] 39666K->6258K(120960K), 0.0006720 secs] [Times: user=0.00 sys=0.00, real=0.00 secs] 
243.593: Total time for which application threads were stopped: 0.0008360 seconds, Stopping threads took: 0.0000840 seconds
243.676: Application time: 0.0835780 seconds
243.676: [GC243.676: [DefNew: 35085K->1618K(37568K), 0.0006090 secs] 39600K->6132K(120960K), 0.0006350 secs] [Times: user=0.00 sys=0.00, real=0.00 secs] 
243.677: Total time for which application threads were stopped: 0.0008260 seconds, Stopping threads took: 0.0001420 seconds
243.786: Application time: 0.1093190 seconds
243.786: Total time for which application threads were stopped: 0.0001160 seconds, Stopping threads took: 0.0000960 seconds
243.786: Application time: 0.0000610 seconds
243.787: [GC243.787: [DefNew: 35147K->1769K(37568K), 0.0006270 secs] 39662K->6283K(120960K), 0.0006530 secs] [Times: user=0.00 sys=0.00, real=0.01 secs] 
243.787: Total time for which application threads were stopped: 0.0007300 seconds, Stopping threads took: 0.0000390 seconds
243.915: Application time: 0.1277980 seconds
243.915: [GC243.915: [DefNew: 35173K->1749K(37568K), 0.0006550 secs] 39687K->6263K(120960K), 0.0006820 secs] [Times: user=0.00 sys=0.00, real=0.00 secs] 
243.916: Total time for which application threads were stopped: 0.0008230 seconds, Stopping threads took: 0.0000900 seconds
244.057: Application time: 0.1411210 seconds
244.057: [GC244.057: [DefNew: 35154K->1749K(37568K), 0.0006230 secs] 39669K->6264K(120960K), 0.0006480 secs] [Times: user=0.00 sys=0.00, real=0.00 secs] 
244.058: Total time for which application threads were stopped: 0.0007600 seconds, Stopping threads took: 0.0000620 seconds
244.201: Application time: 0.1437670 seconds
244.202: [GC244.202: [DefNew: 35157K->1749K(37568K), 0.0006180 secs] 39672K->6264K(120960K), 0.0006450 secs] [Times: user=0.00 sys=0.00, real=0.00 secs] 
244.202: Total time for which application threads were stopped: 0.0007820 seconds, Stopping threads took: 0.0000770 seconds
244.350: Application time: 0.1477440 seconds
244.350: [GC244.350: [DefNew: 35157K->1748K(37568K), 0.0006490 secs] 39672K->6263K(120960K), 0.0006750 secs] [Times: user=0.00 sys=0.00, real=0.00 secs] 
244.351: Total time for which application threads were stopped: 0.0008230 seconds, Stopping threads took: 0.0001000 seconds
244.501: Application time: 0.1499890 seconds
244.501: [GC244.501: [DefNew: 35153K->1748K(37568K), 0.0006110 secs] 39668K->6263K(120960K), 0.0006370 secs] [Times: user=0.00 sys=0.00, real=0.00 secs] 
244.502: Total time for which application threads were stopped: 0.0007650 seconds, Stopping threads took: 0.0000760 seconds
244.652: Application time: 0.1501540 seconds
244.652: [GC244.652: [DefNew: 35152K->1748K(37568K), 0.0005980 secs] 39667K->6263K(120960K), 0.0006220 secs] [Times: user=0.00 sys=0.00, real=0.00 secs] 
244.653: Total time for which application threads were stopped: 0.0007920 seconds, Stopping threads took: 0.0001010 seconds
244.803: Application time: 0.1501670 seconds
244.803: [GC244.803: [DefNew: 35152K->1748K(37568K), 0.0006100 secs] 39667K->6263K(120960K), 0.0006370 secs] [Times: user=0.00 sys=0.00, real=0.00 secs] 
244.804: Total time for which application threads were stopped: 0.0008020 seconds, Stopping threads took: 0.0001040 seconds
244.950: Application time: 0.1462640 seconds
244.950: [GC244.950: [DefNew: 35153K->1743K(37568K), 0.0005880 secs] 39667K->6258K(120960K), 0.0006100 secs] [Times: user=0.00 sys=0.00, real=0.00 secs] 
244.951: Total time for which application threads were stopped: 0.0007110 seconds, Stopping threads took: 0.0000550 seconds
245.061: Application time: 0.1108410 seconds
245.061: [GC245.061: [DefNew: 35148K->1749K(37568K), 0.0006140 secs] 39663K->6264K(120960K), 0.0006400 secs] [Times: user=0.00 sys=0.00, real=0.00 secs] 
245.062: Total time for which application threads were stopped: 0.0007490 seconds, Stopping threads took: 0.0000570 seconds
245.209: Application time: 0.1465610 seconds
245.209: [GC245.209: [DefNew: 35153K->1748K(37568K), 0.0005990 secs] 39668K->6263K(120960K), 0.0006310 secs] [Times: user=0.00 sys=0.00, real=0.00 secs] 
245.209: Total time for which application threads were stopped: 0.0007370 seconds, Stopping threads took: 0.0000590 seconds
245.335: Application time: 0.1257540 seconds
245.335: [GC245.335: [DefNew: 35152K->1744K(37568K), 0.0006030 secs] 39667K->6259K(120960K), 0.0006290 secs] [Times: user=0.00 sys=0.00, real=0.00 secs] 
245.336: Total time for which application threads were stopped: 0.0007460 seconds, Stopping threads took: 0.0000570 seconds
245.413: Application time: 0.0768630 seconds
245.413: [GC245.413: [DefNew: 35151K->1747K(37568K), 0.0006120 secs] 39666K->6261K(120960K), 0.0006360 secs] [Times: user=0.00 sys=0.00, real=0.00 secs] 
245.414: Total time for which application threads were stopped: 0.0009000 seconds, Stopping threads took: 0.0002040 seconds
245.535: Application time: 0.1215720 seconds
245.535: [GC245.535: [DefNew: 35152K->1746K(37568K), 0.0006360 secs] 39667K->6261K(120960K), 0.0006630 secs] [Times: user=0.00 sys=0.00, real=0.00 secs] 
245.536: Total time for which application threads were stopped: 0.0008010 seconds, Stopping threads took: 0.0000860 seconds
245.688: Application time: 0.1517640 seconds
245.688: [GC245.688: [DefNew: 35153K->1749K(37568K), 0.0006790 secs] 39668K->6264K(120960K), 0.0007090 secs] [Times: user=0.00 sys=0.00, real=0.00 secs] 
245.689: Total time for which application threads were stopped: 0.0008490 seconds, Stopping threads took: 0.0000850 seconds
245.841: Application time: 0.1525680 seconds
245.841: [GC245.841: [DefNew: 35156K->1750K(37568K), 0.0006100 secs] 39671K->6265K(120960K), 0.0006350 secs] [Times: user=0.00 sys=0.00, real=0.00 secs] 
245.842: Total time for which application threads were stopped: 0.0007620 seconds, Stopping threads took: 0.0000680 seconds
246.002: Application time: 0.1597260 seconds
246.002: [GC246.002: [DefNew: 35154K->1749K(37568K), 0.0006120 secs] 39669K->6264K(120960K), 0.0006350 secs] [Times: user=0.00 sys=0.00, real=0.00 secs] 
246.003: Total time for which application threads were stopped: 0.0008200 seconds, Stopping threads took: 0.0001160 seconds
246.167: Application time: 0.1646110 seconds
246.167: [GC246.167: [DefNew: 35153K->1748K(37568K), 0.0006060 secs] 39669K->6263K(120960K), 0.0006310 secs] [Times: user=0.00 sys=0.00, real=0.00 secs] 
246.168: Total time for which application threads were stopped: 0.0008020 seconds, Stopping threads took: 0.0001020 seconds
246.333: Application time: 0.1645910 seconds
246.333: [GC246.333: [DefNew: 35152K->1748K(37568K), 0.0006250 secs] 39668K->6263K(120960K), 0.0006520 secs] [Times: user=0.00 sys=0.00, real=0.00 secs] 
246.333: Total time for which application threads were stopped: 0.0008050 seconds, Stopping threads took: 0.0001000 seconds
246.499: Application time: 0.1659960 seconds
246.499: [GC246.500: [DefNew: 35152K->1748K(37568K), 0.0006120 secs] 39668K->6263K(120960K), 0.0006370 secs] [Times: user=0.00 sys=0.00, real=0.00 secs] 
246.500: Total time for which application threads were stopped: 0.0007880 seconds, Stopping threads took: 0.0000940 seconds
246.665: Application time: 0.1649360 seconds
246.665: [GC246.665: [DefNew: 35152K->1748K(37568K), 0.0006100 secs] 39668K->6263K(120960K), 0.0006330 secs] [Times: user=0.00 sys=0.00, real=0.00 secs] 
246.666: Total time for which application threads were stopped: 0.0007530 seconds, Stopping threads took: 0.0000720 seconds
246.816: Application time: 0.1506540 seconds
246.817: [GC246.817: [DefNew: 35155K->1744K(37568K), 0.0006240 secs] 39671K->6259K(120960K), 0.0006510 secs] [Times: user=0.00 sys=0.00, real=0.00 secs] 
246.817: Total time for which application threads were stopped: 0.0007910 seconds, Stopping threads took: 0.0000890 seconds
246.948: Application time: 0.1310790 seconds
246.948: [GC246.949: [DefNew: 35152K->1749K(37568K), 0.0006520 secs] 39667K->6264K(120960K), 0.0006860 secs] [Times: user=0.00 sys=0.00, real=0.00 secs] 
246.949: Total time for which application threads were stopped: 0.0008240 seconds, Stopping threads took: 0.0000890 seconds
247.111: Application time: 0.1618490 seconds
247.111: [GC247.111: [DefNew: 35153K->1748K(37568K), 0.0006150 secs] 39668K->6263K(120960K), 0.0006400 secs] [Times: user=0.00 sys=0.00, real=0.00 secs] 
247.112: Total time for which application threads were stopped: 0.0007990 seconds, Stopping threads took: 0.0001000 seconds
247.234: Application time: 0.1218940 seconds
247.234: [GC247.234: [DefNew: 35152K->1736K(37568K), 0.0006220 secs] 39667K->6252K(120960K), 0.0006490 secs] [Times: user=0.00 sys=0.00, real=0.00 secs] 
247.235: Total time for which application threads were stopped: 0.0007710 seconds, Stopping threads took: 0.0000690 seconds
247.325: Application time: 0.0907710 seconds
247.325: [GC247.325: [DefNew: 35143K->1577K(37568K), 0.0005900 secs] 39659K->6093K(120960K), 0.0006140 secs] [Times: user=0.00 sys=0.00, real=0.00 secs] 
247.326: Total time for which application threads were stopped: 0.0007520 seconds, Stopping threads took: 0.0000890 seconds
247.451: Application time: 0.1251280 seconds
247.455: [GC247.455: [DefNew: 34983K->1750K(37568K), 0.0006390 secs] 39498K->6266K(120960K), 0.0006680 secs] [Times: user=0.00 sys=0.00, real=0.00 secs] 
247.456: Total time for which application threads were stopped: 0.0044630 seconds, Stopping threads took: 0.0037350 seconds
247.612: Application time: 0.1567670 seconds
247.613: [GC247.613: [DefNew: 35155K->1749K(37568K), 0.0006020 secs] 39670K->6264K(120960K), 0.0006260 secs] [Times: user=0.00 sys=0.00, real=0.00 secs] 
247.613: Total time for which application threads were stopped: 0.0007500 seconds, Stopping threads took: 0.0000670 seconds
247.766: Application time: 0.1531990 seconds
247.766: [GC247.767: [DefNew: 35152K->1750K(37568K), 0.0006420 secs] 39668K->6266K(120960K), 0.0006700 secs] [Times: user=0.00 sys=0.00, real=0.01 secs] 
247.767: Total time for which application threads were stopped: 0.0008150 seconds, Stopping threads took: 0.0000920 seconds
247.928: Application time: 0.1610240 seconds
247.928: [GC247.928: [DefNew: 35156K->1748K(37568K), 0.0006800 secs] 39672K->6264K(120960K), 0.0007080 secs] [Times: user=0.00 sys=0.00, real=0.00 secs] 
247.929: Total time for which application threads were stopped: 0.0008550 seconds, Stopping threads took: 0.0000940 seconds
248.094: Application time: 0.1647010 seconds
248.094: [GC248.094: [DefNew: 35153K->1748K(37568K), 0.0006270 secs] 39669K->6264K(120960K), 0.0006560 secs] [Times: user=0.00 sys=0.00, real=0.00 secs] 
248.095: Total time for which application threads were stopped: 0.0008040 seconds, Stopping threads took: 0.0000940 seconds
248.260: Application time: 0.1651350 seconds
248.260: [GC248.260: [DefNew: 35152K->1748K(37568K), 0.0006460 secs] 39668K->6264K(120960K), 0.0006730 secs] [Times: user=0.00 sys=0.00, real=0.00 secs] 
248.261: Total time for which application threads were stopped: 0.0008180 seconds, Stopping threads took: 0.0000840 seconds
248.426: Application time: 0.1658830 seconds
248.427: [GC248.427: [DefNew: 35152K->1748K(37568K), 0.0006310 secs] 39668K->6264K(120960K), 0.0015590 secs] [Times: user=0.00 sys=0.00, real=0.01 secs] 
248.428: Total time for which application threads were stopped: 0.0016780 seconds, Stopping threads took: 0.0000640 seconds
248.593: Application time: 0.1646170 seconds
248.593: [GC248.593: [DefNew: 35152K->1748K(37568K), 0.0006430 secs] 39668K->6264K(120960K), 0.0006680 secs] [Times: user=0.00 sys=0.00, real=0.00 secs] 
248.594: Total time for which application threads were stopped: 0.0008190 seconds, Stopping threads took: 0.0001020 seconds
248.736: Application time: 0.1421790 seconds
248.736: [GC248.736: [DefNew: 35153K->1748K(37568K), 0.0006150 secs] 39669K->6264K(120960K), 0.0006420 secs] [Times: user=0.00 sys=0.00, real=0.00 secs] 
248.736: Total time for which application threads were stopped: 0.0007350 seconds, Stopping threads took: 0.0000400 seconds
248.875: Application time: 0.1385250 seconds
248.875: [GC248.875: [DefNew: 35096K->1620K(37568K), 0.0006250 secs] 39612K->6136K(120960K), 0.0006600 secs] [Times: user=0.00 sys=0.00, real=0.00 secs] 
248.876: Total time for which application threads were stopped: 0.0008090 seconds, Stopping threads took: 0.0000870 seconds
249.037: Application time: 0.1613270 seconds
249.037: [GC249.037: [DefNew: 35027K->1743K(37568K), 0.0006150 secs] 39543K->6259K(120960K), 0.0006400 secs] [Times: user=0.00 sys=0.00, real=0.00 secs] 
249.038: Total time for which application threads were stopped: 0.0007840 seconds, Stopping threads took: 0.0000930 seconds
249.140: Application time: 0.1018720 seconds
249.140: [GC249.140: [DefNew: 35148K->1736K(37568K), 0.0006310 secs] 39664K->6252K(120960K), 0.0006570 secs] [Times: user=0.00 sys=0.00, real=0.00 secs] 
249.141: Total time for which application threads were stopped: 0.0007530 seconds, Stopping threads took: 0.0000430 seconds
249.242: Application time: 0.1017350 seconds
249.242: [GC249.242: [DefNew: 35143K->1752K(37568K), 0.0006500 secs] 39659K->6268K(120960K), 0.0006780 secs] [Times: user=0.00 sys=0.00, real=0.00 secs] 
249.243: Total time for which application threads were stopped: 0.0007820 seconds, Stopping threads took: 0.0000520 seconds
249.379: Application time: 0.1357290 seconds
249.379: [GC249.379: [DefNew: 35158K->1749K(37568K), 0.0006410 secs] 39674K->6265K(120960K), 0.0006680 secs] [Times: user=0.00 sys=0.00, real=0.00 secs] 
249.380: Total time for which application threads were stopped: 0.0008030 seconds, Stopping threads took: 0.0000740 seconds
249.526: Application time: 0.1460590 seconds
249.526: [GC249.526: [DefNew: 35155K->1749K(37568K), 0.0005990 secs] 39671K->6265K(120960K), 0.0006220 secs] [Times: user=0.00 sys=0.00, real=0.00 secs] 
249.526: Total time for which application threads were stopped: 0.0007290 seconds, Stopping threads took: 0.0000610 seconds
249.666: Application time: 0.1398430 seconds
249.666: [GC249.666: [DefNew: 35152K->1750K(37568K), 0.0006350 secs] 39669K->6266K(120960K), 0.0006610 secs] [Times: user=0.00 sys=0.00, real=0.01 secs] 
249.667: Total time for which application threads were stopped: 0.0009290 seconds, Stopping threads took: 0.0002000 seconds
249.815: Application time: 0.1479460 seconds
249.815: [GC249.815: [DefNew: 35154K->1748K(37568K), 0.0006240 secs] 39670K->6265K(120960K), 0.0006500 secs] [Times: user=0.00 sys=0.00, real=0.00 secs] 
249.816: Total time for which application threads were stopped: 0.0008280 seconds, Stopping threads took: 0.0001120 seconds
249.966: Application time: 0.1499260 seconds
249.966: [GC249.966: [DefNew: 35153K->1748K(37568K), 0.0006140 secs] 39669K->6264K(120960K), 0.0006400 secs] [Times: user=0.00 sys=0.00, real=0.00 secs] 
249.967: Total time for which application threads were stopped: 0.0007980 seconds, Stopping threads took: 0.0000990 seconds
250.117: Application time: 0.1501180 seconds
250.117: [GC250.117: [DefNew: 35152K->1748K(37568K), 0.0006010 secs] 39669K->6264K(120960K), 0.0006280 secs] [Times: user=0.00 sys=0.00, real=0.00 secs] 
250.118: Total time for which application threads were stopped: 0.0007290 seconds, Stopping threads took: 0.0000510 seconds
250.268: Application time: 0.1506790 seconds
250.268: [GC250.268: [DefNew: 35152K->1748K(37568K), 0.0006200 secs] 39669K->6264K(120960K), 0.0006440 secs] [Times: user=0.00 sys=0.00, real=0.00 secs] 
250.269: Total time for which application threads were stopped: 0.0008320 seconds, Stopping threads took: 0.0001190 seconds
250.419: Application time: 0.1499870 seconds
250.419: [GC250.419: [DefNew: 35152K->1748K(37568K), 0.0006020 secs] 39669K->6264K(120960K), 0.0006250 secs] [Times: user=0.00 sys=0.00, real=0.00 secs] 
250.420: Total time for which application threads were stopped: 0.0007570 seconds, Stopping threads took: 0.0000770 seconds
250.541: Application time: 0.1215410 seconds
250.541: [GC250.541: [DefNew: 35152K->1744K(37568K), 0.0006190 secs] 39669K->6261K(120960K), 0.0006440 secs] [Times: user=0.00 sys=0.00, real=0.00 secs] 
250.542: Total time for which application threads were stopped: 0.0008080 seconds, Stopping threads took: 0.0001030 seconds
250.675: Application time: 0.1332290 seconds
250.676: [GC250.676: [DefNew: 35152K->1748K(37568K), 0.0006430 secs] 39668K->6265K(120960K), 0.0006780 secs] [Times: user=0.01 sys=0.00, real=0.00 secs] 
250.676: Total time for which application threads were stopped: 0.0009570 seconds, Stopping threads took: 0.0002300 seconds
250.816: Application time: 0.1393580 seconds
250.816: [GC250.816: [DefNew: 35152K->1744K(37568K), 0.0006130 secs] 39668K->6260K(120960K), 0.0006390 secs] [Times: user=0.00 sys=0.00, real=0.00 secs] 
250.816: Total time for which application threads were stopped: 0.0008110 seconds, Stopping threads took: 0.0001230 seconds
250.898: Application time: 0.0819760 seconds
250.899: [GC250.899: [DefNew: 35151K->1741K(37568K), 0.0006260 secs] 39668K->6258K(120960K), 0.0006510 secs] [Times: user=0.00 sys=0.00, real=0.01 secs] 
250.899: Total time for which application threads were stopped: 0.0007610 seconds, Stopping threads took: 0.0000600 seconds
251.008: Application time: 0.1087670 seconds
251.008: [GC251.008: [DefNew: 35094K->1623K(37568K), 0.0005920 secs] 39610K->6139K(120960K), 0.0006140 secs] [Times: user=0.00 sys=0.00, real=0.00 secs] 
251.009: Total time for which application threads were stopped: 0.0007760 seconds, Stopping threads took: 0.0001170 seconds
251.132: Application time: 0.1230600 seconds
251.132: [GC251.132: [DefNew: 35028K->1749K(37568K), 0.0006180 secs] 39544K->6266K(120960K), 0.0006420 secs] [Times: user=0.00 sys=0.00, real=0.00 secs] 
251.133: Total time for which application threads were stopped: 0.0008980 seconds, Stopping threads took: 0.0001700 seconds
251.276: Application time: 0.1429630 seconds
251.279: [GC251.279: [DefNew: 35153K->1749K(37568K), 0.0006320 secs] 39670K->6266K(120960K), 0.0006570 secs] [Times: user=0.00 sys=0.00, real=0.00 secs] 
251.280: Total time for which application threads were stopped: 0.0039800 seconds, Stopping threads took: 0.0032560 seconds
251.421: Application time: 0.1414290 seconds
251.421: [GC251.421: [DefNew: 35156K->1749K(37568K), 0.0006220 secs] 39673K->6267K(120960K), 0.0006500 secs] [Times: user=0.00 sys=0.00, real=0.00 secs] 
251.422: Total time for which application threads were stopped: 0.0008070 seconds, Stopping threads took: 0.0001060 seconds
251.570: Application time: 0.1476510 seconds
251.570: [GC251.570: [DefNew: 35153K->1748K(37568K), 0.0006080 secs] 39670K->6265K(120960K), 0.0006340 secs] [Times: user=0.00 sys=0.00, real=0.00 secs] 
251.571: Total time for which application threads were stopped: 0.0009660 seconds, Stopping threads took: 0.0002740 seconds
251.720: Application time: 0.1497900 seconds
251.720: [GC251.720: [DefNew: 35153K->1748K(37568K), 0.0006240 secs] 39670K->6265K(120960K), 0.0006490 secs] [Times: user=0.00 sys=0.00, real=0.00 secs] 
251.721: Total time for which application threads were stopped: 0.0007900 seconds, Stopping threads took: 0.0000850 seconds
251.871: Application time: 0.1499590 seconds
251.871: [GC251.871: [DefNew: 35152K->1748K(37568K), 0.0006100 secs] 39669K->6265K(120960K), 0.0006360 secs] [Times: user=0.00 sys=0.00, real=0.00 secs] 
251.872: Total time for which application threads were stopped: 0.0007680 seconds, Stopping threads took: 0.0000790 seconds
252.022: Application time: 0.1504800 seconds
252.022: [GC252.022: [DefNew: 35152K->1748K(37568K), 0.0006060 secs] 39669K->6265K(120960K), 0.0006320 secs] [Times: user=0.00 sys=0.00, real=0.00 secs] 
252.023: Total time for which application threads were stopped: 0.0007920 seconds, Stopping threads took: 0.0001110 seconds
252.173: Application time: 0.1495900 seconds
252.173: [GC252.173: [DefNew: 35152K->1748K(37568K), 0.0005930 secs] 39669K->6265K(120960K), 0.0006160 secs] [Times: user=0.00 sys=0.00, real=0.00 secs] 
252.173: Total time for which application threads were stopped: 0.0007650 seconds, Stopping threads took: 0.0000980 seconds
252.287: Application time: 0.1132130 seconds
252.287: [GC252.287: [DefNew: 35155K->1744K(37568K), 0.0006090 secs] 39672K->6262K(120960K), 0.0006320 secs] [Times: user=0.00 sys=0.00, real=0.00 secs] 
252.287: Total time for which application threads were stopped: 0.0007570 seconds, Stopping threads took: 0.0000610 seconds
252.429: Application time: 0.1418550 seconds
252.429: [GC252.429: [DefNew: 35152K->1748K(37568K), 0.0005970 secs] 39669K->6266K(120960K), 0.0006200 secs] [Times: user=0.00 sys=0.00, real=0.00 secs] 
252.430: Total time for which application threads were stopped: 0.0007640 seconds, Stopping threads took: 0.0000970 seconds
252.560: Application time: 0.1299130 seconds
252.560: [GC252.560: [DefNew: 35154K->1744K(37568K), 0.0006110 secs] 39672K->6261K(120960K), 0.0006370 secs] [Times: user=0.00 sys=0.00, real=0.00 secs] 
252.561: Total time for which application threads were stopped: 0.0007460 seconds, Stopping threads took: 0.0000590 seconds
252.640: Application time: 0.0789040 seconds
252.643: [GC252.643: [DefNew: 35148K->1747K(37568K), 0.0006510 secs] 39665K->6264K(120960K), 0.0006760 secs] [Times: user=0.00 sys=0.00, real=0.00 secs] 
252.644: Total time for which application threads were stopped: 0.0039480 seconds, Stopping threads took: 0.0032040 seconds
252.755: Application time: 0.1113570 seconds
252.755: [GC252.755: [DefNew: 35151K->1746K(37568K), 0.0006140 secs] 39668K->6263K(120960K), 0.0006400 secs] [Times: user=0.00 sys=0.00, real=0.00 secs] 
252.756: Total time for which application threads were stopped: 0.0007440 seconds, Stopping threads took: 0.0000570 seconds
252.888: Application time: 0.1326760 seconds
252.888: [GC252.889: [DefNew: 35151K->1749K(37568K), 0.0005970 secs] 39668K->6266K(120960K), 0.0006200 secs] [Times: user=0.00 sys=0.00, real=0.00 secs] 
252.889: Total time for which application threads were stopped: 0.0007630 seconds, Stopping threads took: 0.0000660 seconds
253.028: Application time: 0.1392040 seconds
253.028: [GC253.028: [DefNew: 35156K->1750K(37568K), 0.0005920 secs] 39674K->6267K(120960K), 0.0006160 secs] [Times: user=0.00 sys=0.00, real=0.00 secs] 
253.029: Total time for which application threads were stopped: 0.0007070 seconds, Stopping threads took: 0.0000460 seconds
253.175: Application time: 0.1459110 seconds
253.175: [GC253.175: [DefNew: 35156K->1584K(37568K), 0.0005500 secs] 39673K->6102K(120960K), 0.0005760 secs] [Times: user=0.00 sys=0.00, real=0.00 secs] 
253.176: Total time for which application threads were stopped: 0.0007110 seconds, Stopping threads took: 0.0000870 seconds
253.325: Application time: 0.1490830 seconds
253.325: [GC253.325: [DefNew: 34991K->1748K(37568K), 0.0006040 secs] 39509K->6265K(120960K), 0.0006300 secs] [Times: user=0.00 sys=0.00, real=0.00 secs] 
253.326: Total time for which application threads were stopped: 0.0008100 seconds, Stopping threads took: 0.0001090 seconds
253.475: Application time: 0.1498590 seconds
253.476: [GC253.476: [DefNew: 35152K->1748K(37568K), 0.0006270 secs] 39670K->6265K(120960K), 0.0016550 secs] [Times: user=0.00 sys=0.00, real=0.00 secs] 
253.477: Total time for which application threads were stopped: 0.0017800 seconds, Stopping threads took: 0.0000590 seconds
253.628: Application time: 0.1506980 seconds
253.628: [GC253.628: [DefNew: 35152K->1748K(37568K), 0.0005940 secs] 39670K->6265K(120960K), 0.0006210 secs] [Times: user=0.00 sys=0.00, real=0.00 secs] 
253.629: Total time for which application threads were stopped: 0.0007220 seconds, Stopping threads took: 0.0000490 seconds
253.779: Application time: 0.1502560 seconds
253.779: [GC253.779: [DefNew: 35152K->1748K(37568K), 0.0005870 secs] 39670K->6265K(120960K), 0.0006120 secs] [Times: user=0.00 sys=0.00, real=0.00 secs] 
253.780: Total time for which application threads were stopped: 0.0008940 seconds, Stopping threads took: 0.0002150 seconds
253.924: Application time: 0.1446830 seconds
253.925: [GC253.925: [DefNew: 35155K->1743K(37568K), 0.0006130 secs] 39673K->6261K(120960K), 0.0006380 secs] [Times: user=0.00 sys=0.00, real=0.00 secs] 
253.925: Total time for which application threads were stopped: 0.0007660 seconds, Stopping threads took: 0.0000790 seconds
254.038: Application time: 0.1123770 seconds
254.038: [GC254.038: [DefNew: 35150K->1749K(37568K), 0.0005940 secs] 39668K->6267K(120960K), 0.0006250 secs] [Times: user=0.00 sys=0.00, real=0.00 secs] 
254.038: Total time for which application threads were stopped: 0.0007770 seconds, Stopping threads took: 0.0000940 seconds
254.187: Application time: 0.1482510 seconds
254.187: [GC254.187: [DefNew: 35154K->1748K(37568K), 0.0005740 secs] 39672K->6266K(120960K), 0.0005970 secs] [Times: user=0.00 sys=0.00, real=0.00 secs] 
254.187: Total time for which application threads were stopped: 0.0007070 seconds, Stopping threads took: 0.0000600 seconds
254.302: Application time: 0.1143310 seconds
254.302: [GC254.302: [DefNew: 35155K->1741K(37568K), 0.0006560 secs] 39672K->6258K(120960K), 0.0006840 secs] [Times: user=0.00 sys=0.00, real=0.00 secs] 
254.303: Total time for which application threads were stopped: 0.0008420 seconds, Stopping threads took: 0.0001070 seconds
254.388: Application time: 0.0858700 seconds
254.389: [GC254.389: [DefNew: 35145K->1746K(37568K), 0.0006070 secs] 39663K->6264K(120960K), 0.0006310 secs] [Times: user=0.00 sys=0.00, real=0.00 secs] 
254.389: Total time for which application threads were stopped: 0.0007880 seconds, Stopping threads took: 0.0001090 seconds
254.500: Application time: 0.1109430 seconds
254.500: [GC254.500: [DefNew: 35152K->1746K(37568K), 0.0006190 secs] 39670K->6264K(120960K), 0.0006460 secs] [Times: user=0.00 sys=0.00, real=0.00 secs] 
254.501: Total time for which application threads were stopped: 0.0007650 seconds, Stopping threads took: 0.0000700 seconds
254.642: Application time: 0.1412030 seconds
254.642: [GC254.642: [DefNew: 35151K->1749K(37568K), 0.0006210 secs] 39668K->6266K(120960K), 0.0006490 secs] [Times: user=0.00 sys=0.00, real=0.00 secs] 
254.643: Total time for which application threads were stopped: 0.0008900 seconds, Stopping threads took: 0.0001810 seconds
254.782: Application time: 0.1392710 seconds
254.782: [GC254.782: [DefNew: 35154K->1750K(37568K), 0.0006060 secs] 39672K->6268K(120960K), 0.0006300 secs] [Times: user=0.00 sys=0.00, real=0.00 secs] 
254.783: Total time for which application threads were stopped: 0.0008220 seconds, Stopping threads took: 0.0001450 seconds
254.929: Application time: 0.1457210 seconds
254.929: [GC254.929: [DefNew: 35156K->1749K(37568K), 0.0005860 secs] 39674K->6267K(120960K), 0.0006090 secs] [Times: user=0.00 sys=0.00, real=0.00 secs] 
254.930: Total time for which application threads were stopped: 0.0007040 seconds, Stopping threads took: 0.0000480 seconds
255.079: Application time: 0.1495330 seconds
255.079: [GC255.079: [DefNew: 35153K->1748K(37568K), 0.0006510 secs] 39672K->6266K(120960K), 0.0006800 secs] [Times: user=0.00 sys=0.00, real=0.00 secs] 
255.080: Total time for which application threads were stopped: 0.0008690 seconds, Stopping threads took: 0.0001160 seconds
255.230: Application time: 0.1499440 seconds
255.230: [GC255.230: [DefNew: 35152K->1748K(37568K), 0.0006240 secs] 39671K->6266K(120960K), 0.0006470 secs] [Times: user=0.00 sys=0.00, real=0.00 secs] 
255.231: Total time for which application threads were stopped: 0.0008370 seconds, Stopping threads took: 0.0001340 seconds
255.381: Application time: 0.1506930 seconds
255.382: [GC255.382: [DefNew: 35152K->1748K(37568K), 0.0006330 secs] 39671K->6266K(120960K), 0.0006580 secs] [Times: user=0.01 sys=0.00, real=0.00 secs] 
255.382: Total time for which application threads were stopped: 0.0007790 seconds, Stopping threads took: 0.0000750 seconds
255.532: Application time: 0.1498450 seconds
255.532: [GC255.532: [DefNew: 35152K->1748K(37568K), 0.0005970 secs] 39671K->6266K(120960K), 0.0006200 secs] [Times: user=0.00 sys=0.00, real=0.00 secs] 
255.533: Total time for which application threads were stopped: 0.0007140 seconds, Stopping threads took: 0.0000460 seconds
255.666: Application time: 0.1335640 seconds
255.666: [GC255.666: [DefNew: 35152K->1744K(37568K), 0.0006140 secs] 39670K->6262K(120960K), 0.0006410 secs] [Times: user=0.00 sys=0.00, real=0.01 secs] 
255.667: Total time for which application threads were stopped: 0.0007590 seconds, Stopping threads took: 0.0000670 seconds
255.790: Application time: 0.1229800 seconds
255.790: [GC255.790: [DefNew: 35147K->1749K(37568K), 0.0006130 secs] 39665K->6267K(120960K), 0.0006480 secs] [Times: user=0.00 sys=0.00, real=0.00 secs] 
255.791: Total time for which application threads were stopped: 0.0007830 seconds, Stopping threads took: 0.0000690 seconds
255.938: Application time: 0.1470390 seconds
255.938: [GC255.938: [DefNew: 35153K->1748K(37568K), 0.0006320 secs] 39672K->6266K(120960K), 0.0006570 secs] [Times: user=0.00 sys=0.00, real=0.00 secs] 
255.939: Total time for which application threads were stopped: 0.0008220 seconds, Stopping threads took: 0.0000970 seconds
256.035: Application time: 0.0958300 seconds
256.035: [GC256.035: [DefNew: 35154K->1736K(37568K), 0.0006150 secs] 39672K->6255K(120960K), 0.0006410 secs] [Times: user=0.00 sys=0.00, real=0.00 secs] 
256.035: Total time for which application threads were stopped: 0.0007300 seconds, Stopping threads took: 0.0000390 seconds
256.127: Application time: 0.0919010 seconds
256.127: [GC256.127: [DefNew: 35140K->1747K(37568K), 0.0006020 secs] 39658K->6265K(120960K), 0.0006260 secs] [Times: user=0.00 sys=0.00, real=0.00 secs] 
256.128: Total time for which application threads were stopped: 0.0007540 seconds, Stopping threads took: 0.0000720 seconds
256.248: Application time: 0.1201650 seconds
256.248: [GC256.248: [DefNew: 35151K->1750K(37568K), 0.0006000 secs] 39669K->6268K(120960K), 0.0006260 secs] [Times: user=0.00 sys=0.00, real=0.00 secs] 
256.249: Total time for which application threads were stopped: 0.0008760 seconds, Stopping threads took: 0.0002030 seconds
256.391: Application time: 0.1423900 seconds
256.392: [GC256.392: [DefNew: 35154K->1749K(37568K), 0.0006560 secs] 39672K->6267K(120960K), 0.0006840 secs] [Times: user=0.00 sys=0.00, real=0.00 secs] 
256.392: Total time for which application threads were stopped: 0.0008680 seconds, Stopping threads took: 0.0001230 seconds
256.533: Application time: 0.1406670 seconds
256.533: [GC256.533: [DefNew: 35156K->1749K(37568K), 0.0006060 secs] 39675K->6268K(120960K), 0.0006300 secs] [Times: user=0.00 sys=0.00, real=0.00 secs] 
256.534: Total time for which application threads were stopped: 0.0007680 seconds, Stopping threads took: 0.0000910 seconds
256.680: Application time: 0.1462480 seconds
256.680: [GC256.680: [DefNew: 35153K->1748K(37568K), 0.0006270 secs] 39672K->6267K(120960K), 0.0006530 secs] [Times: user=0.00 sys=0.00, real=0.00 secs] 
256.681: Total time for which application threads were stopped: 0.0008020 seconds, Stopping threads took: 0.0000960 seconds
256.830: Application time: 0.1496180 seconds
256.831: [GC256.831: [DefNew: 35153K->1748K(37568K), 0.0006000 secs] 39672K->6267K(120960K), 0.0006270 secs] [Times: user=0.00 sys=0.00, real=0.00 secs] 
256.831: Total time for which application threads were stopped: 0.0008160 seconds, Stopping threads took: 0.0001280 seconds
256.981: Application time: 0.1495770 seconds
256.981: [GC256.981: [DefNew: 35152K->1748K(37568K), 0.0005880 secs] 39671K->6267K(120960K), 0.0006120 secs] [Times: user=0.00 sys=0.00, real=0.00 secs] 
256.981: Total time for which application threads were stopped: 0.0007120 seconds, Stopping threads took: 0.0000440 seconds
257.132: Application time: 0.1503890 seconds
257.135: [GC257.135: [DefNew: 35152K->1748K(37568K), 0.0006440 secs] 39671K->6267K(120960K), 0.0006710 secs] [Times: user=0.00 sys=0.00, real=0.00 secs] 
257.136: Total time for which application threads were stopped: 0.0036800 seconds, Stopping threads took: 0.0029590 seconds
257.286: Application time: 0.1501330 seconds
257.286: [GC257.286: [DefNew: 35152K->1748K(37568K), 0.0006480 secs] 39671K->6267K(120960K), 0.0006760 secs] [Times: user=0.00 sys=0.00, real=0.00 secs] 
257.287: Total time for which application threads were stopped: 0.0008660 seconds, Stopping threads took: 0.0001180 seconds
257.415: Application time: 0.1284660 seconds
257.415: [GC257.415: [DefNew: 35155K->1744K(37568K), 0.0006020 secs] 39674K->6263K(120960K), 0.0006220 secs] [Times: user=0.00 sys=0.00, real=0.00 secs] 
257.416: Total time for which application threads were stopped: 0.0007990 seconds, Stopping threads took: 0.0001040 seconds
257.543: Application time: 0.1268370 seconds
257.543: [GC257.543: [DefNew: 35151K->1749K(37568K), 0.0005910 secs] 39669K->6267K(120960K), 0.0006150 secs] [Times: user=0.00 sys=0.00, real=0.00 secs] 
257.543: Total time for which application threads were stopped: 0.0007290 seconds, Stopping threads took: 0.0000510 seconds
257.683: Application time: 0.1398770 seconds
257.683: [GC257.683: [DefNew: 35155K->1744K(37568K), 0.0006450 secs] 39673K->6262K(120960K), 0.0006730 secs] [Times: user=0.00 sys=0.00, real=0.00 secs] 
257.684: Total time for which application threads were stopped: 0.0008470 seconds, Stopping threads took: 0.0001020 seconds
257.771: Application time: 0.0864720 seconds
257.771: [GC257.771: [DefNew: 35152K->1746K(37568K), 0.0006210 secs] 39670K->6264K(120960K), 0.0006440 secs] [Times: user=0.00 sys=0.00, real=0.00 secs] 
257.771: Total time for which application threads were stopped: 0.0007370 seconds, Stopping threads took: 0.0000440 seconds
257.877: Application time: 0.1055570 seconds
257.877: [GC257.877: [DefNew: 35150K->1751K(37568K), 0.0005990 secs] 39668K->6270K(120960K), 0.0006230 secs] [Times: user=0.00 sys=0.00, real=0.00 secs] 
257.878: Total time for which application threads were stopped: 0.0007530 seconds, Stopping threads took: 0.0000840 seconds
258.001: Application time: 0.1234970 seconds
258.001: [GC258.001: [DefNew: 35156K->1749K(37568K), 0.0006040 secs] 39675K->6268K(120960K), 0.0006290 secs] [Times: user=0.00 sys=0.00, real=0.00 secs] 
258.002: Total time for which application threads were stopped: 0.0007430 seconds, Stopping threads took: 0.0000670 seconds
258.143: Application time: 0.1412980 seconds
258.143: [GC258.143: [DefNew: 35155K->1749K(37568K), 0.0006110 secs] 39674K->6268K(120960K), 0.0006380 secs] [Times: user=0.00 sys=0.00, real=0.00 secs] 
258.144: Total time for which application threads were stopped: 0.0007730 seconds, Stopping threads took: 0.0000740 seconds
258.286: Application time: 0.1417210 seconds
258.286: [GC258.286: [DefNew: 35154K->1749K(37568K), 0.0006200 secs] 39673K->6269K(120960K), 0.0006460 secs] [Times: user=0.00 sys=0.00, real=0.00 secs] 
258.286: Total time for which application threads were stopped: 0.0007750 seconds, Stopping threads took: 0.0000790 seconds
258.434: Application time: 0.1472070 seconds
258.434: [GC258.434: [DefNew: 35153K->1748K(37568K), 0.0006530 secs] 39673K->6268K(120960K), 0.0006810 secs] [Times: user=0.00 sys=0.00, real=0.00 secs] 
258.434: Total time for which application threads were stopped: 0.0008160 seconds, Stopping threads took: 0.0000840 seconds
258.585: Application time: 0.1501510 seconds
258.585: [GC258.585: [DefNew: 35153K->1748K(37568K), 0.0006020 secs] 39672K->6267K(120960K), 0.0015630 secs] [Times: user=0.00 sys=0.00, real=0.00 secs] 
258.586: Total time for which application threads were stopped: 0.0016740 seconds, Stopping threads took: 0.0000580 seconds
258.736: Application time: 0.1499980 seconds
258.736: [GC258.736: [DefNew: 35152K->1748K(37568K), 0.0005970 secs] 39672K->6267K(120960K), 0.0006190 secs] [Times: user=0.00 sys=0.00, real=0.00 secs] 
258.737: Total time for which application threads were stopped: 0.0007710 seconds, Stopping threads took: 0.0000940 seconds
258.887: Application time: 0.1501070 seconds
258.887: [GC258.887: [DefNew: 35152K->1748K(37568K), 0.0005910 secs] 39672K->6267K(120960K), 0.0006150 secs] [Times: user=0.00 sys=0.00, real=0.00 secs] 
258.888: Total time for which application threads were stopped: 0.0007470 seconds, Stopping threads took: 0.0000760 seconds
259.038: Application time: 0.1495830 seconds
259.038: [GC259.038: [DefNew: 35152K->1748K(37568K), 0.0006400 secs] 39672K->6267K(120960K), 0.0006670 secs] [Times: user=0.00 sys=0.00, real=0.00 secs] 
259.038: Total time for which application threads were stopped: 0.0008050 seconds, Stopping threads took: 0.0000880 seconds
259.158: Application time: 0.1199190 seconds
259.158: [GC259.158: [DefNew: 35154K->1744K(37568K), 0.0005730 secs] 39673K->6264K(120960K), 0.0006030 secs] [Times: user=0.00 sys=0.00, real=0.01 secs] 
259.159: Total time for which application threads were stopped: 0.0007180 seconds, Stopping threads took: 0.0000690 seconds
259.295: Application time: 0.1357850 seconds
259.295: [GC259.295: [DefNew: 35152K->1748K(37568K), 0.0006280 secs] 39671K->6268K(120960K), 0.0006540 secs] [Times: user=0.00 sys=0.00, real=0.00 secs] 
259.296: Total time for which application threads were stopped: 0.0008530 seconds, Stopping threads took: 0.0001200 seconds
259.423: Application time: 0.1278640 seconds
259.424: [GC259.424: [DefNew: 35152K->1749K(37568K), 0.0005970 secs] 39672K->6268K(120960K), 0.0006210 secs] [Times: user=0.00 sys=0.00, real=0.00 secs] 
259.424: Total time for which application threads were stopped: 0.0007340 seconds, Stopping threads took: 0.0000650 seconds
259.510: Application time: 0.0854000 seconds
259.510: [GC259.510: [DefNew: 35155K->1746K(37568K), 0.0006000 secs] 39674K->6266K(120960K), 0.0006240 secs] [Times: user=0.00 sys=0.00, real=0.00 secs] 
259.510: Total time for which application threads were stopped: 0.0007560 seconds, Stopping threads took: 0.0000850 seconds
259.627: Application time: 0.1163690 seconds
259.627: [GC259.627: [DefNew: 35154K->1750K(37568K), 0.0006510 secs] 39673K->6270K(120960K), 0.0006760 secs] [Times: user=0.01 sys=0.00, real=0.00 secs] 
259.628: Total time for which application threads were stopped: 0.0008610 seconds, Stopping threads took: 0.0001360 seconds
259.750: Application time: 0.1228540 seconds
259.751: [GC259.751: [DefNew: 35154K->1749K(37568K), 0.0006160 secs] 39673K->6269K(120960K), 0.0006430 secs] [Times: user=0.00 sys=0.00, real=0.00 secs] 
259.751: Total time for which application threads were stopped: 0.0007560 seconds, Stopping threads took: 0.0000630 seconds
259.892: Application time: 0.1405810 seconds
259.892: [GC259.892: [DefNew: 35155K->1749K(37568K), 0.0006020 secs] 39675K->6269K(120960K), 0.0006250 secs] [Times: user=0.00 sys=0.00, real=0.00 secs] 
259.893: Total time for which application threads were stopped: 0.0007610 seconds, Stopping threads took: 0.0000830 seconds
260.037: Application time: 0.1448690 seconds
260.038: [GC260.038: [DefNew: 35156K->1749K(37568K), 0.0006340 secs] 39675K->6269K(120960K), 0.0006600 secs] [Times: user=0.00 sys=0.00, real=0.00 secs] 
260.038: Total time for which application threads were stopped: 0.0008260 seconds, Stopping threads took: 0.0001180 seconds
260.186: Application time: 0.1478350 seconds
260.186: [GC260.186: [DefNew: 35155K->1748K(37568K), 0.0005780 secs] 39675K->6268K(120960K), 0.0006030 secs] [Times: user=0.00 sys=0.00, real=0.01 secs] 
260.187: Total time for which application threads were stopped: 0.0006970 seconds, Stopping threads took: 0.0000460 seconds
260.336: Application time: 0.1496890 seconds
260.337: [GC260.337: [DefNew: 35153K->1748K(37568K), 0.0006040 secs] 39673K->6268K(120960K), 0.0006320 secs] [Times: user=0.00 sys=0.00, real=0.00 secs] 
260.337: Total time for which application threads were stopped: 0.0007870 seconds, Stopping threads took: 0.0001040 seconds
260.487: Application time: 0.1498900 seconds
260.487: [GC260.487: [DefNew: 35152K->1748K(37568K), 0.0006130 secs] 39672K->6268K(120960K), 0.0006390 secs] [Times: user=0.00 sys=0.00, real=0.00 secs] 
260.488: Total time for which application threads were stopped: 0.0007530 seconds, Stopping threads took: 0.0000510 seconds
260.638: Application time: 0.1504170 seconds
260.638: [GC260.638: [DefNew: 35152K->1748K(37568K), 0.0006020 secs] 39672K->6268K(120960K), 0.0006260 secs] [Times: user=0.00 sys=0.00, real=0.01 secs] 
260.639: Total time for which application threads were stopped: 0.0007310 seconds, Stopping threads took: 0.0000580 seconds
260.786: Application time: 0.1472750 seconds
260.786: [GC260.786: [DefNew: 35153K->1743K(37568K), 0.0006020 secs] 39673K->6263K(120960K), 0.0006270 secs] [Times: user=0.01 sys=0.00, real=0.01 secs] 
260.787: Total time for which application threads were stopped: 0.0007440 seconds, Stopping threads took: 0.0000700 seconds
260.898: Application time: 0.1107670 seconds
260.898: [GC260.898: [DefNew: 35149K->1587K(37568K), 0.0005930 secs] 39669K->6107K(120960K), 0.0006270 secs] [Times: user=0.00 sys=0.00, real=0.00 secs] 
260.899: Total time for which application threads were stopped: 0.0007460 seconds, Stopping threads took: 0.0000680 seconds
261.045: Application time: 0.1465510 seconds
261.045: [GC261.045: [DefNew: 34991K->1748K(37568K), 0.0006270 secs] 39511K->6268K(120960K), 0.0006500 secs] [Times: user=0.00 sys=0.00, real=0.00 secs] 
261.046: Total time for which application threads were stopped: 0.0008200 seconds, Stopping threads took: 0.0001080 seconds
261.163: Application time: 0.1174350 seconds
261.164: [GC261.164: [DefNew: 35152K->1740K(37568K), 0.0005450 secs] 39672K->6260K(120960K), 0.0005700 secs] [Times: user=0.00 sys=0.00, real=0.00 secs] 
261.164: Total time for which application threads were stopped: 0.0007210 seconds, Stopping threads took: 0.0001060 seconds
261.253: Application time: 0.0885020 seconds
261.253: [GC261.253: [DefNew: 35148K->1746K(37568K), 0.0006020 secs] 39668K->6266K(120960K), 0.0006250 secs] [Times: user=0.00 sys=0.00, real=0.00 secs] 
261.253: Total time for which application threads were stopped: 0.0007600 seconds, Stopping threads took: 0.0000840 seconds
261.369: Application time: 0.1154420 seconds
261.369: [GC261.369: [DefNew: 35154K->1746K(37568K), 0.0006060 secs] 39674K->6266K(120960K), 0.0006290 secs] [Times: user=0.00 sys=0.00, real=0.00 secs] 
261.370: Total time for which application threads were stopped: 0.0007690 seconds, Stopping threads took: 0.0000940 seconds
261.500: Application time: 0.1306310 seconds
261.500: [GC261.500: [DefNew: 35151K->1749K(37568K), 0.0006050 secs] 39671K->6269K(120960K), 0.0006290 secs] [Times: user=0.00 sys=0.00, real=0.00 secs] 
261.501: Total time for which application threads were stopped: 0.0007610 seconds, Stopping threads took: 0.0000860 seconds
261.640: Application time: 0.1388670 seconds
261.640: [GC261.640: [DefNew: 35153K->1750K(37568K), 0.0006150 secs] 39673K->6270K(120960K), 0.0006430 secs] [Times: user=0.00 sys=0.00, real=0.00 secs] 
261.641: Total time for which application threads were stopped: 0.0008660 seconds, Stopping threads took: 0.0001650 seconds
261.787: Application time: 0.1458750 seconds
261.787: [GC261.787: [DefNew: 35154K->1748K(37568K), 0.0006190 secs] 39675K->6269K(120960K), 0.0006440 secs] [Times: user=0.00 sys=0.00, real=0.00 secs] 
261.787: Total time for which application threads were stopped: 0.0007740 seconds, Stopping threads took: 0.0000770 seconds
261.936: Application time: 0.1489740 seconds
261.937: [GC261.937: [DefNew: 35155K->1748K(37568K), 0.0006610 secs] 39675K->6268K(120960K), 0.0006880 secs] [Times: user=0.00 sys=0.00, real=0.00 secs] 
261.937: Total time for which application threads were stopped: 0.0008460 seconds, Stopping threads took: 0.0001050 seconds
262.087: Application time: 0.1497080 seconds
262.087: [GC262.087: [DefNew: 35153K->1748K(37568K), 0.0005990 secs] 39673K->6268K(120960K), 0.0006230 secs] [Times: user=0.00 sys=0.00, real=0.00 secs] 
262.088: Total time for which application threads were stopped: 0.0007260 seconds, Stopping threads took: 0.0000560 seconds
262.238: Application time: 0.1505840 seconds
262.238: [GC262.238: [DefNew: 35152K->1748K(37568K), 0.0006090 secs] 39673K->6268K(120960K), 0.0006340 secs] [Times: user=0.00 sys=0.00, real=0.01 secs] 
262.239: Total time for which application threads were stopped: 0.0007610 seconds, Stopping threads took: 0.0000660 seconds
262.389: Application time: 0.1504670 seconds
262.390: [GC262.390: [DefNew: 35152K->1748K(37568K), 0.0006210 secs] 39673K->6268K(120960K), 0.0006470 secs] [Times: user=0.00 sys=0.00, real=0.00 secs] 
262.390: Total time for which application threads were stopped: 0.0007980 seconds, Stopping threads took: 0.0000990 seconds
262.528: Application time: 0.1375970 seconds
262.528: [GC262.528: [DefNew: 35155K->1744K(37568K), 0.0006070 secs] 39676K->6264K(120960K), 0.0006330 secs] [Times: user=0.00 sys=0.00, real=0.00 secs] 
262.529: Total time for which application threads were stopped: 0.0007910 seconds, Stopping threads took: 0.0000990 seconds
262.648: Application time: 0.1192520 seconds
262.648: [GC262.648: [DefNew: 35149K->1749K(37568K), 0.0006200 secs] 39669K->6269K(120960K), 0.0006450 secs] [Times: user=0.00 sys=0.00, real=0.00 secs] 
262.649: Total time for which application threads were stopped: 0.0007790 seconds, Stopping threads took: 0.0000840 seconds
262.796: Application time: 0.1469070 seconds
262.796: [GC262.796: [DefNew: 35155K->1748K(37568K), 0.0006050 secs] 39676K->6268K(120960K), 0.0006310 secs] [Times: user=0.00 sys=0.00, real=0.00 secs] 
262.796: Total time for which application threads were stopped: 0.0007690 seconds, Stopping threads took: 0.0000780 seconds
262.898: Application time: 0.1018040 seconds
262.898: [GC262.898: [DefNew: 35152K->1741K(37568K), 0.0006090 secs] 39673K->6261K(120960K), 0.0006320 secs] [Times: user=0.00 sys=0.00, real=0.01 secs] 
262.899: Total time for which application threads were stopped: 0.0007560 seconds, Stopping threads took: 0.0000750 seconds
262.992: Application time: 0.0928580 seconds
262.992: [GC262.992: [DefNew: 35146K->1746K(37568K), 0.0006410 secs] 39667K->6267K(120960K), 0.0006650 secs] [Times: user=0.00 sys=0.00, real=0.00 secs] 
262.993: Total time for which application threads were stopped: 0.0007940 seconds, Stopping threads took: 0.0000810 seconds
263.112: Application time: 0.1190980 seconds
263.112: [GC263.112: [DefNew: 35154K->1745K(37568K), 0.0006250 secs] 39674K->6266K(120960K), 0.0006510 secs] [Times: user=0.00 sys=0.00, real=0.00 secs] 
263.113: Total time for which application threads were stopped: 0.0008850 seconds, Stopping threads took: 0.0001630 seconds
263.250: Application time: 0.1372730 seconds
263.250: [GC263.250: [DefNew: 35152K->1749K(37568K), 0.0006550 secs] 39673K->6270K(120960K), 0.0006830 secs] [Times: user=0.00 sys=0.00, real=0.00 secs] 
263.251: Total time for which application threads were stopped: 0.0008240 seconds, Stopping threads took: 0.0000700 seconds
263.391: Application time: 0.1403500 seconds
263.391: [GC263.391: [DefNew: 35155K->1749K(37568K), 0.0006480 secs] 39676K->6270K(120960K), 0.0006760 secs] [Times: user=0.00 sys=0.00, real=0.00 secs] 
263.392: Total time for which application threads were stopped: 0.0009570 seconds, Stopping threads took: 0.0002210 seconds
263.539: Application time: 0.1465170 seconds
263.539: [GC263.539: [DefNew: 35155K->1748K(37568K), 0.0006000 secs] 39676K->6269K(120960K), 0.0006250 secs] [Times: user=0.00 sys=0.00, real=0.01 secs] 
263.539: Total time for which application threads were stopped: 0.0007280 seconds, Stopping threads took: 0.0000550 seconds
263.689: Application time: 0.1496740 seconds
263.689: [GC263.689: [DefNew: 35153K->1748K(37568K), 0.0006480 secs] 39674K->6269K(120960K), 0.0016450 secs] [Times: user=0.00 sys=0.00, real=0.00 secs] 
263.691: Total time for which application threads were stopped: 0.0019620 seconds, Stopping threads took: 0.0002450 seconds
263.841: Application time: 0.1497950 seconds
263.841: [GC263.841: [DefNew: 35152K->1748K(37568K), 0.0005950 secs] 39673K->6269K(120960K), 0.0006180 secs] [Times: user=0.00 sys=0.00, real=0.00 secs] 
263.841: Total time for which application threads were stopped: 0.0007460 seconds, Stopping threads took: 0.0000810 seconds
263.992: Application time: 0.1504260 seconds
263.992: [GC263.992: [DefNew: 35152K->1748K(37568K), 0.0006180 secs] 39673K->6269K(120960K), 0.0006450 secs] [Times: user=0.00 sys=0.00, real=0.00 secs] 
263.993: Total time for which application threads were stopped: 0.0008130 seconds, Stopping threads took: 0.0001080 seconds
264.142: Application time: 0.1498180 seconds
264.143: [GC264.143: [DefNew: 35152K->1748K(37568K), 0.0006130 secs] 39673K->6269K(120960K), 0.0006390 secs] [Times: user=0.00 sys=0.00, real=0.00 secs] 
264.143: Total time for which application threads were stopped: 0.0007910 seconds, Stopping threads took: 0.0001010 seconds
264.273: Application time: 0.1294930 seconds
264.273: [GC264.273: [DefNew: 35153K->1748K(37568K), 0.0006250 secs] 39674K->6269K(120960K), 0.0006590 secs] [Times: user=0.00 sys=0.00, real=0.00 secs] 
264.274: Total time for which application threads were stopped: 0.0008040 seconds, Stopping threads took: 0.0000980 seconds
264.400: Application time: 0.1266200 seconds
264.400: [GC264.400: [DefNew: 35153K->1749K(37568K), 0.0006040 secs] 39674K->6270K(120960K), 0.0006280 secs] [Times: user=0.00 sys=0.00, real=0.00 secs] 
264.401: Total time for which application threads were stopped: 0.0007810 seconds, Stopping threads took: 0.0001060 seconds
264.537: Application time: 0.1357160 seconds
264.537: [GC264.537: [DefNew: 35153K->1744K(37568K), 0.0006160 secs] 39674K->6265K(120960K), 0.0006420 secs] [Times: user=0.00 sys=0.00, real=0.00 secs] 
264.538: Total time for which application threads were stopped: 0.0007960 seconds, Stopping threads took: 0.0000920 seconds
264.634: Application time: 0.0968120 seconds
264.634: [GC264.634: [DefNew: 35149K->1741K(37568K), 0.0006230 secs] 39670K->6262K(120960K), 0.0006510 secs] [Times: user=0.00 sys=0.00, real=0.00 secs] 
264.635: Total time for which application threads were stopped: 0.0007800 seconds, Stopping threads took: 0.0000790 seconds
264.734: Application time: 0.0993780 seconds
264.735: [GC264.735: [DefNew: 35146K->1751K(37568K), 0.0006000 secs] 39667K->6272K(120960K), 0.0006240 secs] [Times: user=0.00 sys=0.00, real=0.00 secs] 
264.735: Total time for which application threads were stopped: 0.0007510 seconds, Stopping threads took: 0.0000810 seconds
264.858: Application time: 0.1230490 seconds
264.858: [GC264.858: [DefNew: 35155K->1749K(37568K), 0.0006250 secs] 39676K->6271K(120960K), 0.0006530 secs] [Times: user=0.00 sys=0.00, real=0.01 secs] 
264.859: Total time for which application threads were stopped: 0.0007900 seconds, Stopping threads took: 0.0000870 seconds
265.001: Application time: 0.1418190 seconds
265.001: [GC265.001: [DefNew: 35155K->1749K(37568K), 0.0006190 secs] 39676K->6270K(120960K), 0.0006440 secs] [Times: user=0.00 sys=0.00, real=0.00 secs] 
265.002: Total time for which application threads were stopped: 0.0007870 seconds, Stopping threads took: 0.0000930 seconds
265.142: Application time: 0.1402180 seconds
265.142: [GC265.142: [DefNew: 35152K->1750K(37568K), 0.0006130 secs] 39674K->6271K(120960K), 0.0006430 secs] [Times: user=0.00 sys=0.00, real=0.00 secs] 
265.143: Total time for which application threads were stopped: 0.0008470 seconds, Stopping threads took: 0.0001410 seconds
265.290: Application time: 0.1477320 seconds
265.291: [GC265.291: [DefNew: 35156K->1748K(37568K), 0.0006160 secs] 39678K->6270K(120960K), 0.0006420 secs] [Times: user=0.00 sys=0.00, real=0.00 secs] 
265.291: Total time for which application threads were stopped: 0.0007920 seconds, Stopping threads took: 0.0001000 seconds
265.441: Application time: 0.1499830 seconds
265.441: [GC265.441: [DefNew: 35155K->1748K(37568K), 0.0006060 secs] 39677K->6269K(120960K), 0.0006310 secs] [Times: user=0.00 sys=0.00, real=0.00 secs] 
265.442: Total time for which application threads were stopped: 0.0008080 seconds, Stopping threads took: 0.0001070 seconds
265.592: Application time: 0.1496380 seconds
265.592: [GC265.592: [DefNew: 35152K->1748K(37568K), 0.0006020 secs] 39674K->6269K(120960K), 0.0006270 secs] [Times: user=0.00 sys=0.00, real=0.00 secs] 
265.592: Total time for which application threads were stopped: 0.0007740 seconds, Stopping threads took: 0.0000980 seconds
265.743: Application time: 0.1502450 seconds
265.743: [GC265.743: [DefNew: 35152K->1748K(37568K), 0.0006070 secs] 39674K->6269K(120960K), 0.0006340 secs] [Times: user=0.00 sys=0.00, real=0.00 secs] 
265.743: Total time for which application threads were stopped: 0.0007570 seconds, Stopping threads took: 0.0000620 seconds
265.893: Application time: 0.1497060 seconds
265.893: [GC265.893: [DefNew: 35152K->1748K(37568K), 0.0005920 secs] 39674K->6269K(120960K), 0.0006140 secs] [Times: user=0.00 sys=0.00, real=0.00 secs] 
265.894: Total time for which application threads were stopped: 0.0007140 seconds, Stopping threads took: 0.0000540 seconds
266.018: Application time: 0.1236700 seconds
266.018: [GC266.018: [DefNew: 35152K->1744K(37568K), 0.0005880 secs] 39673K->6266K(120960K), 0.0006190 secs] [Times: user=0.00 sys=0.00, real=0.00 secs] 
266.018: Total time for which application threads were stopped: 0.0007170 seconds, Stopping threads took: 0.0000520 seconds
266.149: Application time: 0.1307290 seconds
266.149: [GC266.149: [DefNew: 35149K->1749K(37568K), 0.0006260 secs] 39671K->6270K(120960K), 0.0006530 secs] [Times: user=0.00 sys=0.00, real=0.00 secs] 
266.150: Total time for which application threads were stopped: 0.0007850 seconds, Stopping threads took: 0.0000810 seconds
266.278: Application time: 0.1278100 seconds
266.278: [GC266.278: [DefNew: 35154K->1749K(37568K), 0.0005810 secs] 39676K->6270K(120960K), 0.0006050 secs] [Times: user=0.00 sys=0.00, real=0.00 secs] 
266.278: Total time for which application threads were stopped: 0.0007220 seconds, Stopping threads took: 0.0000620 seconds
266.371: Application time: 0.0926160 seconds
266.371: [GC266.371: [DefNew: 35153K->1746K(37568K), 0.0005960 secs] 39675K->6268K(120960K), 0.0006190 secs] [Times: user=0.00 sys=0.00, real=0.00 secs] 
266.372: Total time for which application threads were stopped: 0.0007540 seconds, Stopping threads took: 0.0000870 seconds
266.482: Application time: 0.1098210 seconds
266.482: [GC266.482: [DefNew: 35149K->1751K(37568K), 0.0005980 secs] 39671K->6272K(120960K), 0.0006200 secs] [Times: user=0.01 sys=0.00, real=0.00 secs] 
266.482: Total time for which application threads were stopped: 0.0008090 seconds, Stopping threads took: 0.0001320 seconds
266.607: Application time: 0.1241490 seconds
266.607: [GC266.607: [DefNew: 35156K->1749K(37568K), 0.0006410 secs] 39677K->6271K(120960K), 0.0006680 secs] [Times: user=0.00 sys=0.00, real=0.01 secs] 
266.607: Total time for which application threads were stopped: 0.0008060 seconds, Stopping threads took: 0.0000910 seconds
266.746: Application time: 0.1389430 seconds
266.746: [GC266.746: [DefNew: 35156K->1750K(37568K), 0.0006490 secs] 39678K->6272K(120960K), 0.0006740 secs] [Times: user=0.00 sys=0.00, real=0.01 secs] 
266.747: Total time for which application threads were stopped: 0.0007950 seconds, Stopping threads took: 0.0000730 seconds
266.891: Application time: 0.1443510 seconds
266.892: [GC266.892: [DefNew: 35154K->1749K(37568K), 0.0006010 secs] 39676K->6271K(120960K), 0.0006250 secs] [Times: user=0.00 sys=0.00, real=0.00 secs] 
266.892: Total time for which application threads were stopped: 0.0007940 seconds, Stopping threads took: 0.0001110 seconds
267.040: Application time: 0.1476090 seconds
267.040: [GC267.040: [DefNew: 35155K->1748K(37568K), 0.0006010 secs] 39677K->6270K(120960K), 0.0006250 secs] [Times: user=0.00 sys=0.00, real=0.00 secs] 
267.041: Total time for which application threads were stopped: 0.0007860 seconds, Stopping threads took: 0.0001140 seconds
267.191: Application time: 0.1501780 seconds
267.191: [GC267.191: [DefNew: 35153K->1748K(37568K), 0.0006510 secs] 39675K->6270K(120960K), 0.0006790 secs] [Times: user=0.00 sys=0.00, real=0.00 secs] 
267.192: Total time for which application threads were stopped: 0.0008210 seconds, Stopping threads took: 0.0000920 seconds
267.341: Application time: 0.1498190 seconds
267.342: [GC267.342: [DefNew: 35152K->1748K(37568K), 0.0005940 secs] 39675K->6270K(120960K), 0.0006170 secs] [Times: user=0.00 sys=0.00, real=0.00 secs] 
267.342: Total time for which application threads were stopped: 0.0007630 seconds, Stopping threads took: 0.0001000 seconds
267.493: Application time: 0.1507900 seconds
267.493: [GC267.493: [DefNew: 35152K->1748K(37568K), 0.0006120 secs] 39675K->6270K(120960K), 0.0006380 secs] [Times: user=0.00 sys=0.00, real=0.00 secs] 
267.494: Total time for which application threads were stopped: 0.0008060 seconds, Stopping threads took: 0.0001060 seconds
267.644: Application time: 0.1497130 seconds
267.644: [GC267.644: [DefNew: 35152K->1748K(37568K), 0.0005990 secs] 39675K->6270K(120960K), 0.0006210 secs] [Times: user=0.00 sys=0.00, real=0.00 secs] 
267.644: Total time for which application threads were stopped: 0.0007690 seconds, Stopping threads took: 0.0000930 seconds
267.759: Application time: 0.1142470 seconds
267.759: [GC267.759: [DefNew: 35155K->1744K(37568K), 0.0006010 secs] 39678K->6267K(120960K), 0.0006240 secs] [Times: user=0.00 sys=0.00, real=0.01 secs] 
267.759: Total time for which application threads were stopped: 0.0007140 seconds, Stopping threads took: 0.0000420 seconds
267.900: Application time: 0.1406860 seconds
267.900: [GC267.900: [DefNew: 35149K->1748K(37568K), 0.0006580 secs] 39671K->6271K(120960K), 0.0006850 secs] [Times: user=0.00 sys=0.00, real=0.00 secs] 
267.901: Total time for which application threads were stopped: 0.0008480 seconds, Stopping threads took: 0.0001100 seconds
268.024: Application time: 0.1236860 seconds
268.027: [GC268.027: [DefNew: 35152K->1744K(37568K), 0.0006110 secs] 39674K->6266K(120960K), 0.0006360 secs] [Times: user=0.00 sys=0.00, real=0.00 secs] 
268.028: Total time for which application threads were stopped: 0.0031780 seconds, Stopping threads took: 0.0024640 seconds
268.114: Application time: 0.0865990 seconds
268.114: [GC268.114: [DefNew: 35152K->1751K(37568K), 0.0006300 secs] 39674K->6273K(120960K), 0.0006570 secs] [Times: user=0.00 sys=0.00, real=0.00 secs] 
268.115: Total time for which application threads were stopped: 0.0007970 seconds, Stopping threads took: 0.0000900 seconds
268.233: Application time: 0.1182230 seconds
268.233: [GC268.233: [DefNew: 35157K->1750K(37568K), 0.0006090 secs] 39679K->6273K(120960K), 0.0006320 secs] [Times: user=0.00 sys=0.00, real=0.00 secs] 
268.234: Total time for which application threads were stopped: 0.0007750 seconds, Stopping threads took: 0.0000870 seconds
268.359: Application time: 0.1248130 seconds
268.359: [GC268.359: [DefNew: 35157K->1749K(37568K), 0.0006290 secs] 39679K->6271K(120960K), 0.0006530 secs] [Times: user=0.00 sys=0.00, real=0.00 secs] 
268.360: Total time for which application threads were stopped: 0.0007890 seconds, Stopping threads took: 0.0000890 seconds
268.499: Application time: 0.1390690 seconds
268.499: [GC268.499: [DefNew: 35153K->1750K(37568K), 0.0006670 secs] 39676K->6272K(120960K), 0.0006950 secs] [Times: user=0.00 sys=0.00, real=0.00 secs] 
268.500: Total time for which application threads were stopped: 0.0008440 seconds, Stopping threads took: 0.0000990 seconds
268.646: Application time: 0.1459430 seconds
268.646: [GC268.646: [DefNew: 35156K->1748K(37568K), 0.0006090 secs] 39679K->6271K(120960K), 0.0006340 secs] [Times: user=0.00 sys=0.00, real=0.00 secs] 
268.646: Total time for which application threads were stopped: 0.0007360 seconds, Stopping threads took: 0.0000410 seconds
268.794: Application time: 0.1472530 seconds
268.794: [GC268.794: [DefNew: 35155K->1748K(37568K), 0.0006140 secs] 39678K->6271K(120960K), 0.0006420 secs] [Times: user=0.00 sys=0.00, real=0.00 secs] 
268.794: Total time for which application threads were stopped: 0.0007440 seconds, Stopping threads took: 0.0000540 seconds
268.944: Application time: 0.1496480 seconds
268.944: [GC268.944: [DefNew: 35153K->1748K(37568K), 0.0005930 secs] 39676K->6270K(120960K), 0.0006170 secs] [Times: user=0.00 sys=0.00, real=0.00 secs] 
268.945: Total time for which application threads were stopped: 0.0007310 seconds, Stopping threads took: 0.0000680 seconds
269.094: Application time: 0.1498610 seconds
269.095: [GC269.095: [DefNew: 35152K->1748K(37568K), 0.0005920 secs] 39675K->6270K(120960K), 0.0006160 secs] [Times: user=0.00 sys=0.00, real=0.00 secs] 
269.095: Total time for which application threads were stopped: 0.0007460 seconds, Stopping threads took: 0.0000840 seconds
269.246: Application time: 0.1504480 seconds
269.246: [GC269.246: [DefNew: 35152K->1748K(37568K), 0.0005950 secs] 39675K->6270K(120960K), 0.0006220 secs] [Times: user=0.00 sys=0.00, real=0.00 secs] 
269.246: Total time for which application threads were stopped: 0.0007690 seconds, Stopping threads took: 0.0000880 seconds
269.386: Application time: 0.1399960 seconds
269.387: [GC269.387: [DefNew: 35151K->1744K(37568K), 0.0006670 secs] 39674K->6266K(120960K), 0.0006960 secs] [Times: user=0.00 sys=0.00, real=0.01 secs] 
269.387: Total time for which application threads were stopped: 0.0008310 seconds, Stopping threads took: 0.0000840 seconds
269.510: Application time: 0.1225930 seconds
269.510: [GC269.510: [DefNew: 35149K->1749K(37568K), 0.0006090 secs] 39672K->6272K(120960K), 0.0006320 secs] [Times: user=0.00 sys=0.00, real=0.00 secs] 
269.511: Total time for which application threads were stopped: 0.0007660 seconds, Stopping threads took: 0.0000860 seconds
269.672: Application time: 0.1615620 seconds
269.672: [GC269.672: [DefNew: 35156K->1748K(37568K), 0.0006310 secs] 39679K->6271K(120960K), 0.0006580 secs] [Times: user=0.01 sys=0.00, real=0.00 secs] 
269.673: Total time for which application threads were stopped: 0.0008010 seconds, Stopping threads took: 0.0000900 seconds
269.792: Application time: 0.1191230 seconds
269.792: [GC269.792: [DefNew: 35155K->1741K(37568K), 0.0006230 secs] 39678K->6263K(120960K), 0.0006500 secs] [Times: user=0.00 sys=0.00, real=0.00 secs] 
269.793: Total time for which application threads were stopped: 0.0007980 seconds, Stopping threads took: 0.0000850 seconds
269.894: Application time: 0.1006460 seconds
269.894: [GC269.894: [DefNew: 35145K->1746K(37568K), 0.0006700 secs] 39668K->6269K(120960K), 0.0006980 secs] [Times: user=0.00 sys=0.00, real=0.00 secs] 
269.894: Total time for which application threads were stopped: 0.0008210 seconds, Stopping threads took: 0.0000710 seconds
270.031: Application time: 0.1364280 seconds
270.031: [GC270.031: [DefNew: 35152K->1745K(37568K), 0.0006250 secs] 39675K->6268K(120960K), 0.0006520 secs] [Times: user=0.00 sys=0.00, real=0.00 secs] 
270.032: Total time for which application threads were stopped: 0.0008000 seconds, Stopping threads took: 0.0000970 seconds
270.171: Application time: 0.1396030 seconds
270.171: [GC270.171: [DefNew: 35150K->1749K(37568K), 0.0005790 secs] 39673K->6272K(120960K), 0.0006030 secs] [Times: user=0.00 sys=0.00, real=0.00 secs] 
270.172: Total time for which application threads were stopped: 0.0007180 seconds, Stopping threads took: 0.0000660 seconds
270.327: Application time: 0.1551140 seconds
270.327: [GC270.327: [DefNew: 35156K->1749K(37568K), 0.0006030 secs] 39679K->6272K(120960K), 0.0006270 secs] [Times: user=0.00 sys=0.00, real=0.00 secs] 
270.328: Total time for which application threads were stopped: 0.0007680 seconds, Stopping threads took: 0.0000840 seconds
270.490: Application time: 0.1616970 seconds
270.491: [GC270.491: [DefNew: 35156K->1748K(37568K), 0.0006420 secs] 39679K->6271K(120960K), 0.0006700 secs] [Times: user=0.00 sys=0.00, real=0.00 secs] 
270.492: Total time for which application threads were stopped: 0.0020080 seconds, Stopping threads took: 0.0012840 seconds
270.654: Application time: 0.1626620 seconds
270.654: [GC270.654: [DefNew: 35153K->1748K(37568K), 0.0006130 secs] 39677K->6271K(120960K), 0.0006370 secs] [Times: user=0.00 sys=0.00, real=0.00 secs] 
270.655: Total time for which application threads were stopped: 0.0007910 seconds, Stopping threads took: 0.0001060 seconds
270.820: Application time: 0.1645210 seconds
270.820: [GC270.820: [DefNew: 35153K->1748K(37568K), 0.0006170 secs] 39676K->6271K(120960K), 0.0006410 secs] [Times: user=0.00 sys=0.00, real=0.00 secs] 
270.820: Total time for which application threads were stopped: 0.0007550 seconds, Stopping threads took: 0.0000650 seconds
270.986: Application time: 0.1652920 seconds
270.986: [GC270.986: [DefNew: 35152K->1748K(37568K), 0.0006430 secs] 39676K->6271K(120960K), 0.0006700 secs] [Times: user=0.00 sys=0.00, real=0.00 secs] 
270.986: Total time for which application threads were stopped: 0.0008800 seconds, Stopping threads took: 0.0001520 seconds
271.151: Application time: 0.1647210 seconds
271.152: [GC271.152: [DefNew: 35152K->1748K(37568K), 0.0006630 secs] 39676K->6271K(120960K), 0.0006910 secs] [Times: user=0.00 sys=0.00, real=0.00 secs] 
271.152: Total time for which application threads were stopped: 0.0010320 seconds, Stopping threads took: 0.0002870 seconds
271.295: Application time: 0.1427410 seconds
271.295: [GC271.295: [DefNew: 35151K->1748K(37568K), 0.0006370 secs] 39675K->6272K(120960K), 0.0006700 secs] [Times: user=0.00 sys=0.00, real=0.00 secs] 
271.296: Total time for which application threads were stopped: 0.0008240 seconds, Stopping threads took: 0.0001050 seconds
271.436: Application time: 0.1399730 seconds
271.436: [GC271.436: [DefNew: 35153K->1749K(37568K), 0.0006370 secs] 39676K->6272K(120960K), 0.0006620 secs] [Times: user=0.00 sys=0.00, real=0.00 secs] 
271.437: Total time for which application threads were stopped: 0.0008380 seconds, Stopping threads took: 0.0001270 seconds
271.589: Application time: 0.1528770 seconds
271.590: [GC271.590: [DefNew: 35157K->1744K(37568K), 0.0006200 secs] 39680K->6267K(120960K), 0.0006460 secs] [Times: user=0.00 sys=0.00, real=0.00 secs] 
271.590: Total time for which application threads were stopped: 0.0007800 seconds, Stopping threads took: 0.0000720 seconds
271.700: Application time: 0.1100470 seconds
271.700: [GC271.700: [DefNew: 35148K->1736K(37568K), 0.0006340 secs] 39671K->6259K(120960K), 0.0006600 secs] [Times: user=0.00 sys=0.00, real=0.00 secs] 
271.701: Total time for which application threads were stopped: 0.0007620 seconds, Stopping threads took: 0.0000500 seconds
271.810: Application time: 0.1085360 seconds
271.810: [GC271.810: [DefNew: 35143K->1746K(37568K), 0.0006170 secs] 39666K->6269K(120960K), 0.0006420 secs] [Times: user=0.00 sys=0.00, real=0.00 secs] 
271.810: Total time for which application threads were stopped: 0.0007700 seconds, Stopping threads took: 0.0000800 seconds
271.947: Application time: 0.1362500 seconds
271.947: [GC271.947: [DefNew: 35151K->1745K(37568K), 0.0006120 secs] 39674K->6269K(120960K), 0.0006370 secs] [Times: user=0.00 sys=0.00, real=0.00 secs] 
271.947: Total time for which application threads were stopped: 0.0007430 seconds, Stopping threads took: 0.0000540 seconds
272.095: Application time: 0.1479490 seconds
272.095: [GC272.096: [DefNew: 35152K->1749K(37568K), 0.0006220 secs] 39675K->6273K(120960K), 0.0006430 secs] [Times: user=0.00 sys=0.00, real=0.00 secs] 
272.096: Total time for which application threads were stopped: 0.0008060 seconds, Stopping threads took: 0.0001030 seconds
272.251: Application time: 0.1549040 seconds
272.251: [GC272.251: [DefNew: 35156K->1609K(37568K), 0.0006660 secs] 39679K->6133K(120960K), 0.0006940 secs] [Times: user=0.00 sys=0.00, real=0.00 secs] 
272.252: Total time for which application threads were stopped: 0.0008560 seconds, Stopping threads took: 0.0001100 seconds
272.413: Application time: 0.1607050 seconds
272.413: [GC272.413: [DefNew: 35015K->1748K(37568K), 0.0006200 secs] 39538K->6272K(120960K), 0.0006470 secs] [Times: user=0.00 sys=0.00, real=0.00 secs] 
272.413: Total time for which application threads were stopped: 0.0008580 seconds, Stopping threads took: 0.0001580 seconds
272.578: Application time: 0.1646260 seconds
272.578: [GC272.578: [DefNew: 35153K->1748K(37568K), 0.0006090 secs] 39677K->6272K(120960K), 0.0006320 secs] [Times: user=0.00 sys=0.00, real=0.01 secs] 
272.579: Total time for which application threads were stopped: 0.0007390 seconds, Stopping threads took: 0.0000580 seconds
272.744: Application time: 0.1647960 seconds
272.744: [GC272.744: [DefNew: 35152K->1748K(37568K), 0.0006230 secs] 39676K->6272K(120960K), 0.0006490 secs] [Times: user=0.00 sys=0.00, real=0.00 secs] 
272.744: Total time for which application threads were stopped: 0.0008360 seconds, Stopping threads took: 0.0001250 seconds
272.910: Application time: 0.1654140 seconds
272.910: [GC272.910: [DefNew: 35152K->1748K(37568K), 0.0006030 secs] 39676K->6272K(120960K), 0.0006290 secs] [Times: user=0.00 sys=0.00, real=0.00 secs] 
272.911: Total time for which application threads were stopped: 0.0007370 seconds, Stopping threads took: 0.0000600 seconds
273.075: Application time: 0.1642300 seconds
273.075: [GC273.075: [DefNew: 35152K->1748K(37568K), 0.0006120 secs] 39676K->6272K(120960K), 0.0006370 secs] [Times: user=0.00 sys=0.00, real=0.00 secs] 
273.076: Total time for which application threads were stopped: 0.0007850 seconds, Stopping threads took: 0.0000910 seconds
273.217: Application time: 0.1417360 seconds
273.218: [GC273.218: [DefNew: 35153K->1748K(37568K), 0.0006310 secs] 39677K->6272K(120960K), 0.0006590 secs] [Times: user=0.00 sys=0.00, real=0.00 secs] 
273.218: Total time for which application threads were stopped: 0.0007940 seconds, Stopping threads took: 0.0000810 seconds
273.356: Application time: 0.1381930 seconds
273.359: [GC273.359: [DefNew: 35153K->1749K(37568K), 0.0006240 secs] 39677K->6273K(120960K), 0.0006510 secs] [Times: user=0.00 sys=0.00, real=0.00 secs] 
273.360: Total time for which application threads were stopped: 0.0031550 seconds, Stopping threads took: 0.0024430 seconds
273.496: Application time: 0.1364560 seconds
273.496: [GC273.496: [DefNew: 35157K->1599K(37568K), 0.0006140 secs] 39681K->6123K(120960K), 0.0006380 secs] [Times: user=0.00 sys=0.00, real=0.00 secs] 
273.497: Total time for which application threads were stopped: 0.0007780 seconds, Stopping threads took: 0.0000710 seconds
273.592: Application time: 0.0949770 seconds
273.592: [GC273.592: [DefNew: 35005K->1746K(37568K), 0.0005980 secs] 39528K->6270K(120960K), 0.0006230 secs] [Times: user=0.00 sys=0.00, real=0.00 secs] 
273.592: Total time for which application threads were stopped: 0.0007250 seconds, Stopping threads took: 0.0000570 seconds
273.699: Application time: 0.1069750 seconds
273.700: [GC273.700: [DefNew: 35152K->1751K(37568K), 0.0006620 secs] 39676K->6274K(120960K), 0.0006890 secs] [Times: user=0.00 sys=0.00, real=0.00 secs] 
273.700: Total time for which application threads were stopped: 0.0008690 seconds, Stopping threads took: 0.0001090 seconds
273.824: Application time: 0.1241300 seconds
273.825: [GC273.825: [DefNew: 35159K->1749K(37568K), 0.0005800 secs] 39682K->6273K(120960K), 0.0005990 secs] [Times: user=0.00 sys=0.00, real=0.00 secs] 
273.825: Total time for which application threads were stopped: 0.0007330 seconds, Stopping threads took: 0.0000690 seconds
273.965: Application time: 0.1400490 seconds
273.965: [GC273.965: [DefNew: 35156K->1749K(37568K), 0.0006320 secs] 39680K->6273K(120960K), 0.0006560 secs] [Times: user=0.00 sys=0.00, real=0.00 secs] 
273.966: Total time for which application threads were stopped: 0.0008050 seconds, Stopping threads took: 0.0000910 seconds
274.108: Application time: 0.1422100 seconds
274.108: [GC274.108: [DefNew: 35154K->1749K(37568K), 0.0006140 secs] 39679K->6274K(120960K), 0.0006380 secs] [Times: user=0.00 sys=0.00, real=0.00 secs] 
274.109: Total time for which application threads were stopped: 0.0007690 seconds, Stopping threads took: 0.0000810 seconds
274.257: Application time: 0.1476560 seconds
274.257: [GC274.257: [DefNew: 35153K->1748K(37568K), 0.0006300 secs] 39677K->6273K(120960K), 0.0006560 secs] [Times: user=0.00 sys=0.00, real=0.00 secs] 
274.258: Total time for which application threads were stopped: 0.0008430 seconds, Stopping threads took: 0.0001190 seconds
274.407: Application time: 0.1494300 seconds
274.407: [GC274.407: [DefNew: 35153K->1748K(37568K), 0.0005990 secs] 39677K->6272K(120960K), 0.0006240 secs] [Times: user=0.00 sys=0.00, real=0.00 secs] 
274.408: Total time for which application threads were stopped: 0.0007540 seconds, Stopping threads took: 0.0000780 seconds
274.558: Application time: 0.1500760 seconds
274.558: [GC274.558: [DefNew: 35152K->1748K(37568K), 0.0006110 secs] 39677K->6272K(120960K), 0.0006370 secs] [Times: user=0.00 sys=0.00, real=0.00 secs] 
274.559: Total time for which application threads were stopped: 0.0007920 seconds, Stopping threads took: 0.0000910 seconds
274.709: Application time: 0.1503460 seconds
274.709: [GC274.709: [DefNew: 35152K->1748K(37568K), 0.0006450 secs] 39677K->6272K(120960K), 0.0006730 secs] [Times: user=0.00 sys=0.00, real=0.00 secs] 
274.710: Total time for which application threads were stopped: 0.0008510 seconds, Stopping threads took: 0.0001060 seconds
274.860: Application time: 0.1501440 seconds
274.860: [GC274.860: [DefNew: 35152K->1748K(37568K), 0.0006060 secs] 39677K->6272K(120960K), 0.0006310 secs] [Times: user=0.00 sys=0.00, real=0.00 secs] 
274.861: Total time for which application threads were stopped: 0.0007800 seconds, Stopping threads took: 0.0001030 seconds
274.980: Application time: 0.1194460 seconds
274.980: [GC274.980: [DefNew: 35152K->1744K(37568K), 0.0005880 secs] 39677K->6269K(120960K), 0.0006100 secs] [Times: user=0.00 sys=0.00, real=0.00 secs] 
274.981: Total time for which application threads were stopped: 0.0007380 seconds, Stopping threads took: 0.0000710 seconds
275.116: Application time: 0.1353350 seconds
275.116: [GC275.116: [DefNew: 35152K->1748K(37568K), 0.0006190 secs] 39676K->6273K(120960K), 0.0006460 secs] [Times: user=0.00 sys=0.00, real=0.00 secs] 
275.117: Total time for which application threads were stopped: 0.0008400 seconds, Stopping threads took: 0.0001220 seconds
275.245: Application time: 0.1275340 seconds
275.245: [GC275.245: [DefNew: 35152K->1749K(37568K), 0.0005990 secs] 39677K->6273K(120960K), 0.0006220 secs] [Times: user=0.00 sys=0.00, real=0.00 secs] 
275.245: Total time for which application threads were stopped: 0.0007190 seconds, Stopping threads took: 0.0000510 seconds
275.330: Application time: 0.0851080 seconds
275.331: [GC275.331: [DefNew: 35156K->1746K(37568K), 0.0006250 secs] 39680K->6271K(120960K), 0.0006500 secs] [Times: user=0.00 sys=0.00, real=0.00 secs] 
275.331: Total time for which application threads were stopped: 0.0008030 seconds, Stopping threads took: 0.0001030 seconds
275.449: Application time: 0.1174500 seconds
275.449: [GC275.449: [DefNew: 35153K->1750K(37568K), 0.0006460 secs] 39677K->6275K(120960K), 0.0006710 secs] [Times: user=0.00 sys=0.00, real=0.00 secs] 
275.450: Total time for which application threads were stopped: 0.0008530 seconds, Stopping threads took: 0.0001140 seconds
275.574: Application time: 0.1240890 seconds
275.574: [GC275.574: [DefNew: 35155K->1749K(37568K), 0.0006230 secs] 39680K->6274K(120960K), 0.0006490 secs] [Times: user=0.00 sys=0.00, real=0.00 secs] 
275.574: Total time for which application threads were stopped: 0.0008080 seconds, Stopping threads took: 0.0001090 seconds
275.713: Application time: 0.1386320 seconds
275.713: [GC275.713: [DefNew: 35156K->1750K(37568K), 0.0005900 secs] 39681K->6275K(120960K), 0.0006140 secs] [Times: user=0.00 sys=0.00, real=0.00 secs] 
275.714: Total time for which application threads were stopped: 0.0007560 seconds, Stopping threads took: 0.0000760 seconds
275.860: Application time: 0.1457110 seconds
275.860: [GC275.860: [DefNew: 35154K->1748K(37568K), 0.0006670 secs] 39679K->6273K(120960K), 0.0006950 secs] [Times: user=0.00 sys=0.00, real=0.00 secs] 
275.860: Total time for which application threads were stopped: 0.0008810 seconds, Stopping threads took: 0.0001120 seconds
276.008: Application time: 0.1476880 seconds
276.008: [GC276.008: [DefNew: 35155K->1748K(37568K), 0.0006170 secs] 39680K->6273K(120960K), 0.0006440 secs] [Times: user=0.00 sys=0.00, real=0.00 secs] 
276.009: Total time for which application threads were stopped: 0.0007650 seconds, Stopping threads took: 0.0000710 seconds
276.159: Application time: 0.1499630 seconds
276.159: [GC276.159: [DefNew: 35153K->1748K(37568K), 0.0005980 secs] 39678K->6273K(120960K), 0.0006220 secs] [Times: user=0.00 sys=0.00, real=0.00 secs] 
276.160: Total time for which application threads were stopped: 0.0007420 seconds, Stopping threads took: 0.0000730 seconds
276.310: Application time: 0.1502650 seconds
276.310: [GC276.310: [DefNew: 35152K->1748K(37568K), 0.0005900 secs] 39677K->6273K(120960K), 0.0006120 secs] [Times: user=0.00 sys=0.00, real=0.00 secs] 
276.311: Total time for which application threads were stopped: 0.0007220 seconds, Stopping threads took: 0.0000480 seconds
276.461: Application time: 0.1504490 seconds
276.461: [GC276.461: [DefNew: 35152K->1748K(37568K), 0.0006150 secs] 39677K->6273K(120960K), 0.0006400 secs] [Times: user=0.00 sys=0.00, real=0.00 secs] 
276.462: Total time for which application threads were stopped: 0.0007940 seconds, Stopping threads took: 0.0001020 seconds
276.605: Application time: 0.1430270 seconds
276.605: [GC276.605: [DefNew: 35152K->1744K(37568K), 0.0006220 secs] 39677K->6269K(120960K), 0.0006520 secs] [Times: user=0.00 sys=0.00, real=0.00 secs] 
276.606: Total time for which application threads were stopped: 0.0008190 seconds, Stopping threads took: 0.0000990 seconds
276.724: Application time: 0.1178350 seconds
276.724: [GC276.724: [DefNew: 35151K->1744K(37568K), 0.0006480 secs] 39676K->6269K(120960K), 0.0006750 secs] [Times: user=0.00 sys=0.00, real=0.00 secs] 
276.724: Total time for which application threads were stopped: 0.0008070 seconds, Stopping threads took: 0.0000820 seconds
276.868: Application time: 0.1439260 seconds
276.868: [GC276.868: [DefNew: 35149K->1748K(37568K), 0.0006080 secs] 39674K->6273K(120960K), 0.0006320 secs] [Times: user=0.00 sys=0.00, real=0.00 secs] 
276.869: Total time for which application threads were stopped: 0.0007790 seconds, Stopping threads took: 0.0000910 seconds
276.985: Application time: 0.1157040 seconds
276.985: [GC276.985: [DefNew: 35115K->1488K(37568K), 0.0005590 secs] 39640K->6013K(120960K), 0.0005810 secs] [Times: user=0.00 sys=0.00, real=0.00 secs] 
276.986: Total time for which application threads were stopped: 0.0007330 seconds, Stopping threads took: 0.0000970 seconds
277.075: Application time: 0.0899850 seconds
277.076: [GC277.076: [DefNew: 34892K->1746K(37568K), 0.0006240 secs] 39417K->6271K(120960K), 0.0006490 secs] [Times: user=0.00 sys=0.00, real=0.00 secs] 
277.076: Total time for which application threads were stopped: 0.0007950 seconds, Stopping threads took: 0.0000960 seconds
277.199: Application time: 0.1227980 seconds
277.199: [GC277.199: [DefNew: 35152K->1750K(37568K), 0.0005930 secs] 39677K->6275K(120960K), 0.0006150 secs] [Times: user=0.00 sys=0.00, real=0.00 secs] 
277.200: Total time for which application threads were stopped: 0.0007360 seconds, Stopping threads took: 0.0000760 seconds
277.323: Application time: 0.1233390 seconds
277.323: [GC277.323: [DefNew: 35154K->1749K(37568K), 0.0006110 secs] 39679K->6274K(120960K), 0.0006360 secs] [Times: user=0.00 sys=0.00, real=0.00 secs] 
277.324: Total time for which application threads were stopped: 0.0007490 seconds, Stopping threads took: 0.0000630 seconds
277.465: Application time: 0.1407150 seconds
277.465: [GC277.465: [DefNew: 35153K->1750K(37568K), 0.0006190 secs] 39678K->6275K(120960K), 0.0006430 secs] [Times: user=0.00 sys=0.00, real=0.00 secs] 
277.465: Total time for which application threads were stopped: 0.0007880 seconds, Stopping threads took: 0.0000870 seconds
277.627: Application time: 0.1615590 seconds
277.627: [GC277.627: [DefNew: 35153K->1748K(37568K), 0.0006310 secs] 39679K->6274K(120960K), 0.0006580 secs] [Times: user=0.00 sys=0.00, real=0.00 secs] 
277.628: Total time for which application threads were stopped: 0.0008330 seconds, Stopping threads took: 0.0001220 seconds
277.790: Application time: 0.1618800 seconds
277.790: [GC277.790: [DefNew: 35152K->1748K(37568K), 0.0006110 secs] 39677K->6274K(120960K), 0.0006360 secs] [Times: user=0.00 sys=0.00, real=0.00 secs] 
277.791: Total time for which application threads were stopped: 0.0008100 seconds, Stopping threads took: 0.0001260 seconds
277.955: Application time: 0.1646120 seconds
277.955: [GC277.955: [DefNew: 35153K->1748K(37568K), 0.0006140 secs] 39678K->6273K(120960K), 0.0006380 secs] [Times: user=0.00 sys=0.00, real=0.00 secs] 
277.956: Total time for which application threads were stopped: 0.0007730 seconds, Stopping threads took: 0.0000870 seconds
278.121: Application time: 0.1650690 seconds
278.121: [GC278.121: [DefNew: 35152K->1748K(37568K), 0.0006450 secs] 39678K->6273K(120960K), 0.0006710 secs] [Times: user=0.00 sys=0.00, real=0.00 secs] 
278.122: Total time for which application threads were stopped: 0.0008250 seconds, Stopping threads took: 0.0000960 seconds
278.287: Application time: 0.1648770 seconds
278.287: [GC278.287: [DefNew: 35152K->1748K(37568K), 0.0006600 secs] 39678K->6273K(120960K), 0.0006880 secs] [Times: user=0.00 sys=0.00, real=0.00 secs] 
278.288: Total time for which application threads were stopped: 0.0008530 seconds, Stopping threads took: 0.0000820 seconds
278.436: Application time: 0.1482640 seconds
278.436: [GC278.436: [DefNew: 35154K->1744K(37568K), 0.0006330 secs] 39680K->6269K(120960K), 0.0006590 secs] [Times: user=0.00 sys=0.00, real=0.00 secs] 
278.437: Total time for which application threads were stopped: 0.0009560 seconds, Stopping threads took: 0.0002230 seconds
278.571: Application time: 0.1343320 seconds
278.571: [GC278.571: [DefNew: 35149K->1749K(37568K), 0.0006310 secs] 39675K->6274K(120960K), 0.0006570 secs] [Times: user=0.00 sys=0.00, real=0.00 secs] 
278.572: Total time for which application threads were stopped: 0.0008260 seconds, Stopping threads took: 0.0001150 seconds
278.726: Application time: 0.1539230 seconds
278.726: [GC278.726: [DefNew: 35156K->1744K(37568K), 0.0006370 secs] 39682K->6269K(120960K), 0.0006640 secs] [Times: user=0.00 sys=0.00, real=0.00 secs] 
278.727: Total time for which application threads were stopped: 0.0008110 seconds, Stopping threads took: 0.0000830 seconds
278.843: Application time: 0.1164120 seconds
278.843: [GC278.843: [DefNew: 35151K->1736K(37568K), 0.0006420 secs] 39677K->6262K(120960K), 0.0006740 secs] [Times: user=0.00 sys=0.00, real=0.00 secs] 
278.844: Total time for which application threads were stopped: 0.0008050 seconds, Stopping threads took: 0.0000810 seconds
278.947: Application time: 0.1032260 seconds
278.947: [GC278.947: [DefNew: 35141K->1746K(37568K), 0.0006250 secs] 39666K->6271K(120960K), 0.0006480 secs] [Times: user=0.00 sys=0.00, real=0.00 secs] 
278.948: Total time for which application threads were stopped: 0.0007580 seconds, Stopping threads took: 0.0000610 seconds
279.092: Application time: 0.1440910 seconds
279.092: [GC279.092: [DefNew: 35152K->1745K(37568K), 0.0006410 secs] 39677K->6271K(120960K), 0.0006640 secs] [Times: user=0.00 sys=0.00, real=0.00 secs] 
279.093: Total time for which application threads were stopped: 0.0008820 seconds, Stopping threads took: 0.0001510 seconds
279.231: Application time: 0.1384740 seconds
279.231: [GC279.231: [DefNew: 35150K->1749K(37568K), 0.0006020 secs] 39676K->6275K(120960K), 0.0006260 secs] [Times: user=0.00 sys=0.00, real=0.00 secs] 
279.232: Total time for which application threads were stopped: 0.0007270 seconds, Stopping threads took: 0.0000400 seconds
279.387: Application time: 0.1548530 seconds
279.387: [GC279.387: [DefNew: 35154K->1750K(37568K), 0.0006720 secs] 39680K->6276K(120960K), 0.0007010 secs] [Times: user=0.00 sys=0.00, real=0.00 secs] 
279.388: Total time for which application threads were stopped: 0.0008570 seconds, Stopping threads took: 0.0001040 seconds
279.550: Application time: 0.1624660 seconds
279.550: [GC279.550: [DefNew: 35156K->1748K(37568K), 0.0006320 secs] 39682K->6274K(120960K), 0.0006610 secs] [Times: user=0.00 sys=0.00, real=0.00 secs] 
279.551: Total time for which application threads were stopped: 0.0008050 seconds, Stopping threads took: 0.0000920 seconds
279.713: Application time: 0.1623530 seconds
279.714: [GC279.714: [DefNew: 35154K->1748K(37568K), 0.0006760 secs] 39680K->6274K(120960K), 0.0007060 secs] [Times: user=0.00 sys=0.00, real=0.00 secs] 
279.714: Total time for which application threads were stopped: 0.0008840 seconds, Stopping threads took: 0.0001040 seconds
279.878: Application time: 0.1642040 seconds
279.879: [GC279.879: [DefNew: 35153K->1748K(37568K), 0.0006520 secs] 39679K->6274K(120960K), 0.0006800 secs] [Times: user=0.00 sys=0.00, real=0.01 secs] 
279.879: Total time for which application threads were stopped: 0.0008300 seconds, Stopping threads took: 0.0000890 seconds
280.044: Application time: 0.1649840 seconds
280.047: [GC280.047: [DefNew: 35152K->1748K(37568K), 0.0006220 secs] 39678K->6274K(120960K), 0.0006480 secs] [Times: user=0.00 sys=0.00, real=0.00 secs] 
280.048: Total time for which application threads were stopped: 0.0033380 seconds, Stopping threads took: 0.0026180 seconds
280.213: Application time: 0.1649270 seconds
280.213: [GC280.213: [DefNew: 35152K->1748K(37568K), 0.0006010 secs] 39678K->6274K(120960K), 0.0006350 secs] [Times: user=0.00 sys=0.00, real=0.00 secs] 
280.213: Total time for which application threads were stopped: 0.0008240 seconds, Stopping threads took: 0.0001400 seconds
280.355: Application time: 0.1420880 seconds
280.356: [GC280.356: [DefNew: 35153K->1748K(37568K), 0.0006180 secs] 39680K->6275K(120960K), 0.0006440 secs] [Times: user=0.00 sys=0.00, real=0.00 secs] 
280.356: Total time for which application threads were stopped: 0.0008630 seconds, Stopping threads took: 0.0001470 seconds
280.496: Application time: 0.1396800 seconds
280.496: [GC280.496: [DefNew: 35156K->1749K(37568K), 0.0006670 secs] 39682K->6275K(120960K), 0.0006960 secs] [Times: user=0.00 sys=0.00, real=0.00 secs] 
280.497: Total time for which application threads were stopped: 0.0010210 seconds, Stopping threads took: 0.0002420 seconds
280.641: Application time: 0.1444030 seconds
280.642: [GC280.642: [DefNew: 35156K->1744K(37568K), 0.0006300 secs] 39682K->6270K(120960K), 0.0006560 secs] [Times: user=0.00 sys=0.00, real=0.00 secs] 
280.642: Total time for which application threads were stopped: 0.0007950 seconds, Stopping threads took: 0.0000870 seconds
280.749: Application time: 0.1069150 seconds
280.749: [GC280.749: [DefNew: 35150K->1741K(37568K), 0.0006220 secs] 39676K->6267K(120960K), 0.0006470 secs] [Times: user=0.00 sys=0.00, real=0.00 secs] 
280.750: Total time for which application threads were stopped: 0.0008290 seconds, Stopping threads took: 0.0001110 seconds
280.863: Application time: 0.1128270 seconds
280.863: [GC280.863: [DefNew: 35147K->1751K(37568K), 0.0006140 secs] 39673K->6277K(120960K), 0.0006390 secs] [Times: user=0.00 sys=0.00, real=0.00 secs] 
280.864: Total time for which application threads were stopped: 0.0007770 seconds, Stopping threads took: 0.0000900 seconds
281.007: Application time: 0.1436900 seconds
281.007: [GC281.007: [DefNew: 35155K->1745K(37568K), 0.0006140 secs] 39681K->6271K(120960K), 0.0006390 secs] [Times: user=0.00 sys=0.00, real=0.00 secs] 
281.008: Total time for which application threads were stopped: 0.0007940 seconds, Stopping threads took: 0.0001000 seconds
281.157: Application time: 0.1486290 seconds
281.157: [GC281.157: [DefNew: 35151K->1749K(37568K), 0.0006310 secs] 39678K->6275K(120960K), 0.0006590 secs] [Times: user=0.00 sys=0.00, real=0.00 secs] 
281.158: Total time for which application threads were stopped: 0.0009320 seconds, Stopping threads took: 0.0002180 seconds
281.312: Application time: 0.1543790 seconds
281.315: [GC281.315: [DefNew: 35155K->1750K(37568K), 0.0006550 secs] 39681K->6276K(120960K), 0.0006810 secs] [Times: user=0.00 sys=0.00, real=0.00 secs] 
281.316: Total time for which application threads were stopped: 0.0036610 seconds, Stopping threads took: 0.0029120 seconds
281.476: Application time: 0.1598740 seconds
281.476: [GC281.476: [DefNew: 35156K->1748K(37568K), 0.0006150 secs] 39683K->6275K(120960K), 0.0006390 secs] [Times: user=0.00 sys=0.00, real=0.00 secs] 
281.476: Total time for which application threads were stopped: 0.0007830 seconds, Stopping threads took: 0.0000970 seconds
281.626: Application time: 0.1500590 seconds
281.627: [GC281.627: [DefNew: 35153K->1748K(37568K), 0.0006100 secs] 39679K->6274K(120960K), 0.0006370 secs] [Times: user=0.00 sys=0.00, real=0.01 secs] 
281.627: Total time for which application threads were stopped: 0.0007730 seconds, Stopping threads took: 0.0000730 seconds
281.777: Application time: 0.1502660 seconds
281.778: [GC281.778: [DefNew: 35152K->1748K(37568K), 0.0005970 secs] 39679K->6274K(120960K), 0.0006200 secs] [Times: user=0.00 sys=0.00, real=0.00 secs] 
281.778: Total time for which application threads were stopped: 0.0007180 seconds, Stopping threads took: 0.0000510 seconds
281.929: Application time: 0.1503560 seconds
281.929: [GC281.929: [DefNew: 35152K->1748K(37568K), 0.0005990 secs] 39679K->6274K(120960K), 0.0006220 secs] [Times: user=0.00 sys=0.00, real=0.00 secs] 
281.929: Total time for which application threads were stopped: 0.0007260 seconds, Stopping threads took: 0.0000550 seconds
282.079: Application time: 0.1499790 seconds
282.079: [GC282.079: [DefNew: 35152K->1748K(37568K), 0.0006040 secs] 39679K->6274K(120960K), 0.0006390 secs] [Times: user=0.00 sys=0.00, real=0.00 secs] 
282.080: Total time for which application threads were stopped: 0.0008150 seconds, Stopping threads took: 0.0001100 seconds
282.207: Application time: 0.1268410 seconds
282.207: [GC282.207: [DefNew: 35153K->1744K(37568K), 0.0006020 secs] 39680K->6271K(120960K), 0.0006280 secs] [Times: user=0.00 sys=0.00, real=0.00 secs] 
282.208: Total time for which application threads were stopped: 0.0007640 seconds, Stopping threads took: 0.0000660 seconds
282.336: Application time: 0.1280170 seconds
282.336: [GC282.336: [DefNew: 35149K->1749K(37568K), 0.0006340 secs] 39676K->6275K(120960K), 0.0006590 secs] [Times: user=0.00 sys=0.00, real=0.00 secs] 
282.337: Total time for which application threads were stopped: 0.0008420 seconds, Stopping threads took: 0.0001160 seconds
282.464: Application time: 0.1272500 seconds
282.464: [GC282.464: [DefNew: 35154K->1749K(37568K), 0.0006100 secs] 39681K->6275K(120960K), 0.0006360 secs] [Times: user=0.00 sys=0.00, real=0.00 secs] 
282.465: Total time for which application threads were stopped: 0.0007650 seconds, Stopping threads took: 0.0000780 seconds
282.553: Application time: 0.0886050 seconds
282.553: [GC282.553: [DefNew: 35155K->1746K(37568K), 0.0006220 secs] 39682K->6273K(120960K), 0.0006470 secs] [Times: user=0.00 sys=0.00, real=0.00 secs] 
282.554: Total time for which application threads were stopped: 0.0007910 seconds, Stopping threads took: 0.0000930 seconds
282.667: Application time: 0.1134610 seconds
282.668: [GC282.668: [DefNew: 35152K->1750K(37568K), 0.0005940 secs] 39678K->6277K(120960K), 0.0006180 secs] [Times: user=0.00 sys=0.00, real=0.00 secs] 
282.668: Total time for which application threads were stopped: 0.0007410 seconds, Stopping threads took: 0.0000760 seconds
282.793: Application time: 0.1245940 seconds
282.793: [GC282.793: [DefNew: 35154K->1749K(37568K), 0.0006090 secs] 39681K->6276K(120960K), 0.0006320 secs] [Times: user=0.00 sys=0.00, real=0.00 secs] 
282.794: Total time for which application threads were stopped: 0.0008500 seconds, Stopping threads took: 0.0001430 seconds
282.932: Application time: 0.1388550 seconds
282.933: [GC282.933: [DefNew: 35156K->1750K(37568K), 0.0006190 secs] 39683K->6277K(120960K), 0.0006450 secs] [Times: user=0.00 sys=0.00, real=0.00 secs] 
282.933: Total time for which application threads were stopped: 0.0007740 seconds, Stopping threads took: 0.0000790 seconds
283.078: Application time: 0.1442810 seconds
283.078: [GC283.078: [DefNew: 35157K->1749K(37568K), 0.0006340 secs] 39684K->6276K(120960K), 0.0006590 secs] [Times: user=0.00 sys=0.00, real=0.00 secs] 
283.078: Total time for which application threads were stopped: 0.0008970 seconds, Stopping threads took: 0.0001690 seconds
283.226: Application time: 0.1479630 seconds
283.227: [GC283.227: [DefNew: 35155K->1748K(37568K), 0.0006120 secs] 39682K->6275K(120960K), 0.0006360 secs] [Times: user=0.00 sys=0.00, real=0.01 secs] 
283.227: Total time for which application threads were stopped: 0.0007890 seconds, Stopping threads took: 0.0001050 seconds
283.377: Application time: 0.1499650 seconds
283.377: [GC283.377: [DefNew: 35153K->1748K(37568K), 0.0006020 secs] 39680K->6275K(120960K), 0.0006280 secs] [Times: user=0.00 sys=0.00, real=0.00 secs] 
283.378: Total time for which application threads were stopped: 0.0007680 seconds, Stopping threads took: 0.0000800 seconds
283.528: Application time: 0.1503790 seconds
283.528: [GC283.528: [DefNew: 35152K->1748K(37568K), 0.0006040 secs] 39680K->6275K(120960K), 0.0006310 secs] [Times: user=0.00 sys=0.00, real=0.00 secs] 
283.529: Total time for which application threads were stopped: 0.0007410 seconds, Stopping threads took: 0.0000580 seconds
283.679: Application time: 0.1500980 seconds
283.679: [GC283.679: [DefNew: 35152K->1748K(37568K), 0.0005850 secs] 39680K->6275K(120960K), 0.0006080 secs] [Times: user=0.00 sys=0.00, real=0.00 secs] 
283.680: Total time for which application threads were stopped: 0.0008300 seconds, Stopping threads took: 0.0001540 seconds
283.829: Application time: 0.1487050 seconds
283.829: [GC283.829: [DefNew: 35061K->1615K(37568K), 0.0005770 secs] 39588K->6142K(120960K), 0.0006090 secs] [Times: user=0.00 sys=0.00, real=0.00 secs] 
283.830: Total time for which application threads were stopped: 0.0008350 seconds, Stopping threads took: 0.0001710 seconds
283.946: Application time: 0.1165560 seconds
283.946: [GC283.946: [DefNew: 35022K->1744K(37568K), 0.0006270 secs] 39549K->6272K(120960K), 0.0015370 secs] [Times: user=0.00 sys=0.00, real=0.01 secs] 
283.948: Total time for which application threads were stopped: 0.0017970 seconds, Stopping threads took: 0.0001780 seconds
284.087: Application time: 0.1387930 seconds
284.087: [GC284.087: [DefNew: 35149K->1748K(37568K), 0.0005960 secs] 39676K->6275K(120960K), 0.0006200 secs] [Times: user=0.00 sys=0.00, real=0.00 secs] 
284.087: Total time for which application threads were stopped: 0.0007650 seconds, Stopping threads took: 0.0000890 seconds
284.210: Application time: 0.1223010 seconds
284.210: [GC284.210: [DefNew: 35154K->1740K(37568K), 0.0006190 secs] 39681K->6267K(120960K), 0.0006430 secs] [Times: user=0.00 sys=0.00, real=0.00 secs] 
284.211: Total time for which application threads were stopped: 0.0007690 seconds, Stopping threads took: 0.0000570 seconds
284.296: Application time: 0.0853420 seconds
284.296: [GC284.296: [DefNew: 35145K->1746K(37568K), 0.0006030 secs] 39672K->6273K(120960K), 0.0006270 secs] [Times: user=0.00 sys=0.00, real=0.00 secs] 
284.297: Total time for which application threads were stopped: 0.0007520 seconds, Stopping threads took: 0.0000690 seconds
284.417: Application time: 0.1207280 seconds
284.417: [GC284.417: [DefNew: 35154K->1750K(37568K), 0.0006000 secs] 39681K->6277K(120960K), 0.0006230 secs] [Times: user=0.00 sys=0.00, real=0.00 secs] 
284.418: Total time for which application threads were stopped: 0.0007370 seconds, Stopping threads took: 0.0000680 seconds
284.542: Application time: 0.1239530 seconds
284.542: [GC284.542: [DefNew: 35158K->1749K(37568K), 0.0006170 secs] 39685K->6277K(120960K), 0.0006450 secs] [Times: user=0.00 sys=0.00, real=0.00 secs] 
284.543: Total time for which application threads were stopped: 0.0008180 seconds, Stopping threads took: 0.0001100 seconds
284.682: Application time: 0.1392850 seconds
284.682: [GC284.682: [DefNew: 35157K->1750K(37568K), 0.0005980 secs] 39685K->6277K(120960K), 0.0006210 secs] [Times: user=0.01 sys=0.00, real=0.00 secs] 
284.683: Total time for which application threads were stopped: 0.0007170 seconds, Stopping threads took: 0.0000500 seconds
284.830: Application time: 0.1466840 seconds
284.830: [GC284.830: [DefNew: 35156K->1748K(37568K), 0.0006030 secs] 39683K->6276K(120960K), 0.0006260 secs] [Times: user=0.01 sys=0.00, real=0.00 secs] 
284.830: Total time for which application threads were stopped: 0.0007530 seconds, Stopping threads took: 0.0000790 seconds
284.978: Application time: 0.1473620 seconds
284.978: [GC284.978: [DefNew: 35152K->1748K(37568K), 0.0006140 secs] 39680K->6276K(120960K), 0.0006400 secs] [Times: user=0.00 sys=0.00, real=0.00 secs] 
284.978: Total time for which application threads were stopped: 0.0007550 seconds, Stopping threads took: 0.0000660 seconds
285.128: Application time: 0.1494670 seconds
285.128: [GC285.128: [DefNew: 35153K->1748K(37568K), 0.0006020 secs] 39681K->6276K(120960K), 0.0006270 secs] [Times: user=0.00 sys=0.00, real=0.00 secs] 
285.129: Total time for which application threads were stopped: 0.0007840 seconds, Stopping threads took: 0.0000800 seconds
285.279: Application time: 0.1504560 seconds
285.279: [GC285.279: [DefNew: 35152K->1748K(37568K), 0.0006070 secs] 39680K->6276K(120960K), 0.0006340 secs] [Times: user=0.00 sys=0.00, real=0.00 secs] 
285.280: Total time for which application threads were stopped: 0.0007750 seconds, Stopping threads took: 0.0000880 seconds
285.430: Application time: 0.1499130 seconds
285.430: [GC285.430: [DefNew: 35152K->1748K(37568K), 0.0006580 secs] 39680K->6276K(120960K), 0.0006950 secs] [Times: user=0.00 sys=0.00, real=0.00 secs] 
285.431: Total time for which application threads were stopped: 0.0008440 seconds, Stopping threads took: 0.0000970 seconds
285.570: Application time: 0.1389290 seconds
285.570: [GC285.570: [DefNew: 35153K->1744K(37568K), 0.0005960 secs] 39681K->6271K(120960K), 0.0006190 secs] [Times: user=0.01 sys=0.00, real=0.00 secs] 
285.570: Total time for which application threads were stopped: 0.0007660 seconds, Stopping threads took: 0.0001010 seconds
285.691: Application time: 0.1206530 seconds
285.691: [GC285.691: [DefNew: 35147K->1744K(37568K), 0.0006070 secs] 39675K->6272K(120960K), 0.0006300 secs] [Times: user=0.00 sys=0.00, real=0.00 secs] 
285.692: Total time for which application threads were stopped: 0.0007710 seconds, Stopping threads took: 0.0000840 seconds
285.830: Application time: 0.1380720 seconds
285.830: [GC285.830: [DefNew: 35152K->1744K(37568K), 0.0006120 secs] 39680K->6272K(120960K), 0.0006390 secs] [Times: user=0.00 sys=0.00, real=0.00 secs] 
285.831: Total time for which application threads were stopped: 0.0008010 seconds, Stopping threads took: 0.0001120 seconds
285.944: Application time: 0.1137810 seconds
285.945: [GC285.945: [DefNew: 35150K->1740K(37568K), 0.0006230 secs] 39678K->6268K(120960K), 0.0006490 secs] [Times: user=0.00 sys=0.00, real=0.00 secs] 
285.945: Total time for which application threads were stopped: 0.0007810 seconds, Stopping threads took: 0.0000850 seconds
286.035: Application time: 0.0893510 seconds
286.035: [GC286.035: [DefNew: 35148K->1746K(37568K), 0.0006210 secs] 39675K->6274K(120960K), 0.0006470 secs] [Times: user=0.01 sys=0.00, real=0.00 secs] 
286.035: Total time for which application threads were stopped: 0.0007570 seconds, Stopping threads took: 0.0000580 seconds
286.167: Application time: 0.1321370 seconds
286.168: [GC286.168: [DefNew: 35153K->1750K(37568K), 0.0006070 secs] 39681K->6277K(120960K), 0.0006310 secs] [Times: user=0.00 sys=0.00, real=0.00 secs] 
286.168: Total time for which application threads were stopped: 0.0007760 seconds, Stopping threads took: 0.0000770 seconds
286.292: Application time: 0.1238980 seconds
286.292: [GC286.292: [DefNew: 35155K->1749K(37568K), 0.0006270 secs] 39683K->6277K(120960K), 0.0006530 secs] [Times: user=0.00 sys=0.00, real=0.00 secs] 
286.293: Total time for which application threads were stopped: 0.0007980 seconds, Stopping threads took: 0.0000860 seconds
286.432: Application time: 0.1390800 seconds
286.432: [GC286.432: [DefNew: 35157K->1750K(37568K), 0.0006090 secs] 39685K->6278K(120960K), 0.0006320 secs] [Times: user=0.00 sys=0.00, real=0.00 secs] 
286.433: Total time for which application threads were stopped: 0.0007960 seconds, Stopping threads took: 0.0001150 seconds
286.581: Application time: 0.1478180 seconds
286.581: [GC286.581: [DefNew: 35156K->1748K(37568K), 0.0005890 secs] 39684K->6276K(120960K), 0.0006110 secs] [Times: user=0.00 sys=0.00, real=0.00 secs] 
286.581: Total time for which application threads were stopped: 0.0007540 seconds, Stopping threads took: 0.0000970 seconds
286.729: Application time: 0.1479140 seconds
286.729: [GC286.729: [DefNew: 35152K->1748K(37568K), 0.0005980 secs] 39680K->6277K(120960K), 0.0006210 secs] [Times: user=0.00 sys=0.00, real=0.00 secs] 
286.730: Total time for which application threads were stopped: 0.0007450 seconds, Stopping threads took: 0.0000780 seconds
286.880: Application time: 0.1497890 seconds
286.880: [GC286.880: [DefNew: 35153K->1748K(37568K), 0.0005940 secs] 39681K->6276K(120960K), 0.0006170 secs] [Times: user=0.00 sys=0.00, real=0.00 secs] 
286.881: Total time for which application threads were stopped: 0.0007610 seconds, Stopping threads took: 0.0000900 seconds
287.031: Application time: 0.1503610 seconds
287.031: [GC287.031: [DefNew: 35152K->1748K(37568K), 0.0005970 secs] 39681K->6276K(120960K), 0.0006200 secs] [Times: user=0.00 sys=0.00, real=0.00 secs] 
287.032: Total time for which application threads were stopped: 0.0007460 seconds, Stopping threads took: 0.0000800 seconds
287.182: Application time: 0.1506360 seconds
287.182: [GC287.183: [DefNew: 35152K->1748K(37568K), 0.0005730 secs] 39681K->6276K(120960K), 0.0006050 secs] [Times: user=0.00 sys=0.00, real=0.00 secs] 
287.183: Total time for which application threads were stopped: 0.0007360 seconds, Stopping threads took: 0.0000840 seconds
287.313: Application time: 0.1296330 seconds
287.313: [GC287.313: [DefNew: 35153K->1748K(37568K), 0.0005950 secs] 39681K->6277K(120960K), 0.0006170 secs] [Times: user=0.00 sys=0.00, real=0.00 secs] 
287.313: Total time for which application threads were stopped: 0.0007120 seconds, Stopping threads took: 0.0000480 seconds
287.441: Application time: 0.1274910 seconds
287.441: [GC287.441: [DefNew: 35156K->1749K(37568K), 0.0006450 secs] 39684K->6277K(120960K), 0.0006730 secs] [Times: user=0.00 sys=0.00, real=0.00 secs] 
287.442: Total time for which application threads were stopped: 0.0008160 seconds, Stopping threads took: 0.0000810 seconds
287.572: Application time: 0.1303880 seconds
287.572: [GC287.572: [DefNew: 35154K->1744K(37568K), 0.0005970 secs] 39682K->6272K(120960K), 0.0006210 secs] [Times: user=0.00 sys=0.00, real=0.00 secs] 
287.573: Total time for which application threads were stopped: 0.0007350 seconds, Stopping threads took: 0.0000690 seconds
287.678: Application time: 0.1050430 seconds
287.678: [GC287.678: [DefNew: 35149K->1736K(37568K), 0.0005910 secs] 39678K->6264K(120960K), 0.0006140 secs] [Times: user=0.00 sys=0.00, real=0.00 secs] 
287.679: Total time for which application threads were stopped: 0.0007320 seconds, Stopping threads took: 0.0000700 seconds
287.776: Application time: 0.0977630 seconds
287.777: [GC287.777: [DefNew: 35143K->1751K(37568K), 0.0006090 secs] 39672K->6279K(120960K), 0.0006320 secs] [Times: user=0.01 sys=0.00, real=0.00 secs] 
287.777: Total time for which application threads were stopped: 0.0007720 seconds, Stopping threads took: 0.0000930 seconds
287.914: Application time: 0.1367290 seconds
287.914: [GC287.914: [DefNew: 35156K->1745K(37568K), 0.0006150 secs] 39685K->6273K(120960K), 0.0006410 secs] [Times: user=0.00 sys=0.00, real=0.00 secs] 
287.915: Total time for which application threads were stopped: 0.0007700 seconds, Stopping threads took: 0.0000780 seconds
288.041: Application time: 0.1260930 seconds
288.041: [GC288.041: [DefNew: 35150K->1749K(37568K), 0.0006040 secs] 39678K->6278K(120960K), 0.0006270 secs] [Times: user=0.00 sys=0.00, real=0.00 secs] 
288.042: Total time for which application threads were stopped: 0.0007380 seconds, Stopping threads took: 0.0000570 seconds
288.182: Application time: 0.1400620 seconds
288.182: [GC288.182: [DefNew: 35156K->1750K(37568K), 0.0005740 secs] 39685K->6279K(120960K), 0.0005970 secs] [Times: user=0.00 sys=0.00, real=0.00 secs] 
288.182: Total time for which application threads were stopped: 0.0007150 seconds, Stopping threads took: 0.0000700 seconds
288.330: Application time: 0.1481310 seconds
288.331: [GC288.331: [DefNew: 35156K->1748K(37568K), 0.0006080 secs] 39685K->6277K(120960K), 0.0006300 secs] [Times: user=0.00 sys=0.00, real=0.00 secs] 
288.331: Total time for which application threads were stopped: 0.0007550 seconds, Stopping threads took: 0.0000780 seconds
288.480: Application time: 0.1489810 seconds
288.480: [GC288.480: [DefNew: 35152K->1748K(37568K), 0.0006010 secs] 39681K->6277K(120960K), 0.0006230 secs] [Times: user=0.00 sys=0.00, real=0.00 secs] 
288.481: Total time for which application threads were stopped: 0.0007380 seconds, Stopping threads took: 0.0000690 seconds
288.631: Application time: 0.1498700 seconds
288.631: [GC288.631: [DefNew: 35153K->1748K(37568K), 0.0005900 secs] 39681K->6277K(120960K), 0.0006130 secs] [Times: user=0.00 sys=0.00, real=0.00 secs] 
288.632: Total time for which application threads were stopped: 0.0007240 seconds, Stopping threads took: 0.0000550 seconds
288.782: Application time: 0.1503280 seconds
288.782: [GC288.782: [DefNew: 35152K->1748K(37568K), 0.0006030 secs] 39681K->6277K(120960K), 0.0006290 secs] [Times: user=0.00 sys=0.00, real=0.00 secs] 
288.783: Total time for which application threads were stopped: 0.0008030 seconds, Stopping threads took: 0.0001230 seconds
288.933: Application time: 0.1499270 seconds
288.933: [GC288.933: [DefNew: 35152K->1748K(37568K), 0.0006450 secs] 39681K->6277K(120960K), 0.0006810 secs] [Times: user=0.00 sys=0.00, real=0.00 secs] 
288.933: Total time for which application threads were stopped: 0.0008130 seconds, Stopping threads took: 0.0000840 seconds
289.063: Application time: 0.1292030 seconds
289.063: [GC289.063: [DefNew: 35153K->1748K(37568K), 0.0006230 secs] 39682K->6277K(120960K), 0.0006580 secs] [Times: user=0.00 sys=0.00, real=0.00 secs] 
289.063: Total time for which application threads were stopped: 0.0007710 seconds, Stopping threads took: 0.0000610 seconds
289.191: Application time: 0.1273730 seconds
289.191: [GC289.191: [DefNew: 35154K->1749K(37568K), 0.0006450 secs] 39683K->6278K(120960K), 0.0006720 secs] [Times: user=0.00 sys=0.00, real=0.00 secs] 
289.192: Total time for which application threads were stopped: 0.0008140 seconds, Stopping threads took: 0.0000770 seconds
289.321: Application time: 0.1291020 seconds
289.321: [GC289.321: [DefNew: 35154K->1749K(37568K), 0.0006130 secs] 39683K->6278K(120960K), 0.0006390 secs] [Times: user=0.00 sys=0.00, real=0.00 secs] 
289.321: Total time for which application threads were stopped: 0.0007580 seconds, Stopping threads took: 0.0000690 seconds
289.416: Application time: 0.0945760 seconds
289.416: [GC289.416: [DefNew: 35153K->1741K(37568K), 0.0006250 secs] 39681K->6270K(120960K), 0.0006520 secs] [Times: user=0.00 sys=0.00, real=0.00 secs] 
289.417: Total time for which application threads were stopped: 0.0007530 seconds, Stopping threads took: 0.0000520 seconds
289.525: Application time: 0.1085300 seconds
289.525: [GC289.525: [DefNew: 35147K->1751K(37568K), 0.0006100 secs] 39676K->6280K(120960K), 0.0006340 secs] [Times: user=0.00 sys=0.00, real=0.00 secs] 
289.526: Total time for which application threads were stopped: 0.0008320 seconds, Stopping threads took: 0.0001250 seconds
289.655: Application time: 0.1292200 seconds
289.656: [GC289.656: [DefNew: 35156K->1744K(37568K), 0.0006170 secs] 39685K->6273K(120960K), 0.0006420 secs] [Times: user=0.00 sys=0.00, real=0.00 secs] 
289.656: Total time for which application threads were stopped: 0.0008920 seconds, Stopping threads took: 0.0001790 seconds
289.794: Application time: 0.1375660 seconds
289.794: [GC289.794: [DefNew: 35150K->1749K(37568K), 0.0006090 secs] 39679K->6278K(120960K), 0.0006340 secs] [Times: user=0.00 sys=0.00, real=0.00 secs] 
289.795: Total time for which application threads were stopped: 0.0007500 seconds, Stopping threads took: 0.0000580 seconds
289.937: Application time: 0.1419870 seconds
289.937: [GC289.937: [DefNew: 35155K->1750K(37568K), 0.0006590 secs] 39685K->6279K(120960K), 0.0006860 secs] [Times: user=0.00 sys=0.00, real=0.00 secs] 
289.937: Total time for which application threads were stopped: 0.0008900 seconds, Stopping threads took: 0.0001520 seconds
290.089: Application time: 0.1510990 seconds
290.089: [GC290.089: [DefNew: 35153K->1748K(37568K), 0.0006300 secs] 39683K->6278K(120960K), 0.0006520 secs] [Times: user=0.00 sys=0.00, real=0.00 secs] 
290.089: Total time for which application threads were stopped: 0.0007860 seconds, Stopping threads took: 0.0000880 seconds
290.244: Application time: 0.1542670 seconds
290.244: [GC290.244: [DefNew: 35156K->1748K(37568K), 0.0006060 secs] 39685K->6277K(120960K), 0.0006320 secs] [Times: user=0.00 sys=0.00, real=0.00 secs] 
290.244: Total time for which application threads were stopped: 0.0007340 seconds, Stopping threads took: 0.0000500 seconds
290.395: Application time: 0.1503330 seconds
290.395: [GC290.395: [DefNew: 35152K->1748K(37568K), 0.0006130 secs] 39682K->6277K(120960K), 0.0006390 secs] [Times: user=0.00 sys=0.00, real=0.00 secs] 
290.396: Total time for which application threads were stopped: 0.0008330 seconds, Stopping threads took: 0.0001310 seconds
290.546: Application time: 0.1501450 seconds
290.546: [GC290.546: [DefNew: 35152K->1748K(37568K), 0.0005970 secs] 39682K->6277K(120960K), 0.0006200 secs] [Times: user=0.00 sys=0.00, real=0.00 secs] 
290.546: Total time for which application threads were stopped: 0.0007510 seconds, Stopping threads took: 0.0000760 seconds
290.695: Application time: 0.1486100 seconds
290.695: [GC290.695: [DefNew: 35153K->1743K(37568K), 0.0006160 secs] 39682K->6273K(120960K), 0.0006390 secs] [Times: user=0.00 sys=0.00, real=0.00 secs] 
290.696: Total time for which application threads were stopped: 0.0007750 seconds, Stopping threads took: 0.0000910 seconds
290.818: Application time: 0.1219170 seconds
290.819: [GC290.819: [DefNew: 35148K->1744K(37568K), 0.0005950 secs] 39677K->6274K(120960K), 0.0006190 secs] [Times: user=0.00 sys=0.00, real=0.00 secs] 
290.820: Total time for which application threads were stopped: 0.0018640 seconds, Stopping threads took: 0.0011780 seconds
290.955: Application time: 0.1350570 seconds
290.955: [GC290.955: [DefNew: 35152K->1748K(37568K), 0.0006140 secs] 39682K->6278K(120960K), 0.0006390 secs] [Times: user=0.00 sys=0.00, real=0.00 secs] 
290.955: Total time for which application threads were stopped: 0.0007840 seconds, Stopping threads took: 0.0000830 seconds
291.082: Application time: 0.1263570 seconds
291.082: [GC291.082: [DefNew: 35143K->1625K(37568K), 0.0005870 secs] 39673K->6154K(120960K), 0.0006080 secs] [Times: user=0.00 sys=0.00, real=0.00 secs] 
291.083: Total time for which application threads were stopped: 0.0007860 seconds, Stopping threads took: 0.0001100 seconds
291.167: Application time: 0.0842880 seconds
291.167: [GC291.167: [DefNew: 35030K->1742K(37568K), 0.0006100 secs] 39559K->6271K(120960K), 0.0006350 secs] [Times: user=0.00 sys=0.00, real=0.00 secs] 
291.168: Total time for which application threads were stopped: 0.0007520 seconds, Stopping threads took: 0.0000710 seconds
291.285: Application time: 0.1177290 seconds
291.286: [GC291.286: [DefNew: 35147K->1750K(37568K), 0.0005950 secs] 39676K->6280K(120960K), 0.0006190 secs] [Times: user=0.00 sys=0.00, real=0.00 secs] 
291.286: Total time for which application threads were stopped: 0.0008000 seconds, Stopping threads took: 0.0001120 seconds
291.415: Application time: 0.1286930 seconds
291.415: [GC291.415: [DefNew: 35155K->1744K(37568K), 0.0006030 secs] 39684K->6274K(120960K), 0.0006260 secs] [Times: user=0.00 sys=0.00, real=0.00 secs] 
291.416: Total time for which application threads were stopped: 0.0007500 seconds, Stopping threads took: 0.0000780 seconds
291.551: Application time: 0.1358870 seconds
291.552: [GC291.552: [DefNew: 35148K->1750K(37568K), 0.0006420 secs] 39677K->6280K(120960K), 0.0006680 secs] [Times: user=0.00 sys=0.00, real=0.00 secs] 
291.552: Total time for which application threads were stopped: 0.0008180 seconds, Stopping threads took: 0.0000940 seconds
291.698: Application time: 0.1458480 seconds
291.698: [GC291.698: [DefNew: 35154K->1748K(37568K), 0.0006130 secs] 39684K->6278K(120960K), 0.0006360 secs] [Times: user=0.00 sys=0.00, real=0.01 secs] 
291.699: Total time for which application threads were stopped: 0.0007480 seconds, Stopping threads took: 0.0000650 seconds
291.846: Application time: 0.1475010 seconds
291.847: [GC291.847: [DefNew: 35155K->1748K(37568K), 0.0006170 secs] 39685K->6278K(120960K), 0.0006390 secs] [Times: user=0.00 sys=0.00, real=0.01 secs] 
291.847: Total time for which application threads were stopped: 0.0007880 seconds, Stopping threads took: 0.0000970 seconds
291.998: Application time: 0.1508620 seconds
291.998: [GC291.998: [DefNew: 35155K->1748K(37568K), 0.0006030 secs] 39685K->6278K(120960K), 0.0006280 secs] [Times: user=0.00 sys=0.00, real=0.01 secs] 
291.999: Total time for which application threads were stopped: 0.0007340 seconds, Stopping threads took: 0.0000550 seconds
292.149: Application time: 0.1501860 seconds
292.149: [GC292.149: [DefNew: 35152K->1748K(37568K), 0.0005910 secs] 39682K->6278K(120960K), 0.0006140 secs] [Times: user=0.00 sys=0.00, real=0.00 secs] 
292.150: Total time for which application threads were stopped: 0.0007430 seconds, Stopping threads took: 0.0000710 seconds
292.300: Application time: 0.1507410 seconds
292.301: [GC292.301: [DefNew: 35152K->1748K(37568K), 0.0006040 secs] 39682K->6278K(120960K), 0.0006390 secs] [Times: user=0.00 sys=0.00, real=0.00 secs] 
292.301: Total time for which application threads were stopped: 0.0007510 seconds, Stopping threads took: 0.0000600 seconds
292.441: Application time: 0.1394740 seconds
292.441: [GC292.441: [DefNew: 35153K->1744K(37568K), 0.0005880 secs] 39683K->6274K(120960K), 0.0006100 secs] [Times: user=0.00 sys=0.00, real=0.00 secs] 
292.441: Total time for which application threads were stopped: 0.0007160 seconds, Stopping threads took: 0.0000590 seconds
292.563: Application time: 0.1213400 seconds
292.563: [GC292.563: [DefNew: 35149K->1744K(37568K), 0.0006410 secs] 39679K->6274K(120960K), 0.0006660 secs] [Times: user=0.01 sys=0.00, real=0.00 secs] 
292.564: Total time for which application threads were stopped: 0.0007840 seconds, Stopping threads took: 0.0000710 seconds
292.708: Application time: 0.1440670 seconds
292.708: [GC292.708: [DefNew: 35149K->1748K(37568K), 0.0006100 secs] 39679K->6278K(120960K), 0.0006340 secs] [Times: user=0.00 sys=0.00, real=0.00 secs] 
292.708: Total time for which application threads were stopped: 0.0008140 seconds, Stopping threads took: 0.0001010 seconds
292.824: Application time: 0.1155780 seconds
292.824: [GC292.824: [DefNew: 35156K->1745K(37568K), 0.0006020 secs] 39686K->6275K(120960K), 0.0006270 secs] [Times: user=0.00 sys=0.00, real=0.00 secs] 
292.825: Total time for which application threads were stopped: 0.0007560 seconds, Stopping threads took: 0.0000790 seconds
292.909: Application time: 0.0837550 seconds
292.909: [GC292.909: [DefNew: 35153K->1746K(37568K), 0.0006120 secs] 39683K->6276K(120960K), 0.0006360 secs] [Times: user=0.00 sys=0.00, real=0.00 secs] 
292.909: Total time for which application threads were stopped: 0.0008040 seconds, Stopping threads took: 0.0001200 seconds
293.038: Application time: 0.1288000 seconds
293.038: [GC293.038: [DefNew: 35151K->1750K(37568K), 0.0006330 secs] 39681K->6280K(120960K), 0.0006590 secs] [Times: user=0.00 sys=0.00, real=0.01 secs] 
293.039: Total time for which application threads were stopped: 0.0007770 seconds, Stopping threads took: 0.0000690 seconds
293.163: Application time: 0.1242540 seconds
293.163: [GC293.163: [DefNew: 35156K->1749K(37568K), 0.0005900 secs] 39686K->6280K(120960K), 0.0006150 secs] [Times: user=0.00 sys=0.00, real=0.00 secs] 
293.164: Total time for which application threads were stopped: 0.0007780 seconds, Stopping threads took: 0.0001140 seconds
293.303: Application time: 0.1395570 seconds
293.304: [GC293.304: [DefNew: 35153K->1750K(37568K), 0.0006130 secs] 39683K->6280K(120960K), 0.0006380 secs] [Times: user=0.00 sys=0.00, real=0.00 secs] 
293.304: Total time for which application threads were stopped: 0.0007510 seconds, Stopping threads took: 0.0000570 seconds
293.452: Application time: 0.1476040 seconds
293.452: [GC293.452: [DefNew: 35154K->1748K(37568K), 0.0006430 secs] 39684K->6279K(120960K), 0.0006680 secs] [Times: user=0.00 sys=0.00, real=0.00 secs] 
293.453: Total time for which application threads were stopped: 0.0007900 seconds, Stopping threads took: 0.0000750 seconds
293.600: Application time: 0.1473620 seconds
293.600: [GC293.600: [DefNew: 35152K->1748K(37568K), 0.0005890 secs] 39683K->6279K(120960K), 0.0006100 secs] [Times: user=0.00 sys=0.00, real=0.00 secs] 
293.601: Total time for which application threads were stopped: 0.0008870 seconds, Stopping threads took: 0.0002320 seconds
293.751: Application time: 0.1501310 seconds
293.751: [GC293.751: [DefNew: 35153K->1748K(37568K), 0.0006110 secs] 39683K->6278K(120960K), 0.0006400 secs] [Times: user=0.00 sys=0.00, real=0.00 secs] 
293.752: Total time for which application threads were stopped: 0.0008280 seconds, Stopping threads took: 0.0001280 seconds
293.902: Application time: 0.1504880 seconds
293.902: [GC293.903: [DefNew: 35152K->1748K(37568K), 0.0006010 secs] 39683K->6278K(120960K), 0.0006250 secs] [Times: user=0.00 sys=0.00, real=0.00 secs] 
293.903: Total time for which application threads were stopped: 0.0007810 seconds, Stopping threads took: 0.0000980 seconds
294.053: Application time: 0.1498880 seconds
294.053: [GC294.053: [DefNew: 35152K->1748K(37568K), 0.0006140 secs] 39683K->6278K(120960K), 0.0006490 secs] [Times: user=0.00 sys=0.00, real=0.00 secs] 
294.054: Total time for which application threads were stopped: 0.0007790 seconds, Stopping threads took: 0.0000790 seconds
294.185: Application time: 0.1310080 seconds
294.185: [GC294.185: [DefNew: 35151K->1744K(37568K), 0.0005980 secs] 39682K->6274K(120960K), 0.0006230 secs] [Times: user=0.00 sys=0.00, real=0.00 secs] 
294.186: Total time for which application threads were stopped: 0.0007380 seconds, Stopping threads took: 0.0000650 seconds
294.312: Application time: 0.1261230 seconds
294.315: [GC294.315: [DefNew: 35147K->1749K(37568K), 0.0006330 secs] 39678K->6280K(120960K), 0.0006580 secs] [Times: user=0.00 sys=0.00, real=0.00 secs] 
294.316: Total time for which application threads were stopped: 0.0038180 seconds, Stopping threads took: 0.0031130 seconds
294.452: Application time: 0.1366020 seconds
294.452: [GC294.452: [DefNew: 35155K->1744K(37568K), 0.0006540 secs] 39685K->6275K(120960K), 0.0006810 secs] [Times: user=0.00 sys=0.00, real=0.00 secs] 
294.453: Total time for which application threads were stopped: 0.0008370 seconds, Stopping threads took: 0.0000930 seconds
294.565: Application time: 0.1116640 seconds
294.565: [GC294.565: [DefNew: 35149K->1740K(37568K), 0.0006420 secs] 39680K->6271K(120960K), 0.0006700 secs] [Times: user=0.00 sys=0.00, real=0.00 secs] 
294.565: Total time for which application threads were stopped: 0.0008570 seconds, Stopping threads took: 0.0001170 seconds
294.653: Application time: 0.0871300 seconds
294.653: [GC294.653: [DefNew: 35147K->1751K(37568K), 0.0005880 secs] 39678K->6281K(120960K), 0.0006130 secs] [Times: user=0.00 sys=0.00, real=0.00 secs] 
294.653: Total time for which application threads were stopped: 0.0007690 seconds, Stopping threads took: 0.0001070 seconds
294.793: Application time: 0.1393280 seconds
294.793: [GC294.793: [DefNew: 35157K->1749K(37568K), 0.0006370 secs] 39687K->6280K(120960K), 0.0006620 secs] [Times: user=0.00 sys=0.00, real=0.00 secs] 
294.793: Total time for which application threads were stopped: 0.0007960 seconds, Stopping threads took: 0.0000810 seconds
294.917: Application time: 0.1237740 seconds
294.917: [GC294.917: [DefNew: 35157K->1749K(37568K), 0.0005990 secs] 39688K->6280K(120960K), 0.0006220 secs] [Times: user=0.00 sys=0.00, real=0.00 secs] 
294.918: Total time for which application threads were stopped: 0.0007270 seconds, Stopping threads took: 0.0000580 seconds
295.057: Application time: 0.1390300 seconds
295.057: [GC295.057: [DefNew: 35154K->1750K(37568K), 0.0006180 secs] 39685K->6281K(120960K), 0.0006440 secs] [Times: user=0.00 sys=0.00, real=0.00 secs] 
295.058: Total time for which application threads were stopped: 0.0008010 seconds, Stopping threads took: 0.0000990 seconds
295.207: Application time: 0.1492740 seconds
295.207: [GC295.207: [DefNew: 35155K->1748K(37568K), 0.0006170 secs] 39686K->6279K(120960K), 0.0016270 secs] [Times: user=0.00 sys=0.00, real=0.00 secs] 
295.209: Total time for which application threads were stopped: 0.0018280 seconds, Stopping threads took: 0.0001510 seconds
295.357: Application time: 0.1476670 seconds
295.357: [GC295.357: [DefNew: 35152K->1748K(37568K), 0.0006150 secs] 39683K->6279K(120960K), 0.0006390 secs] [Times: user=0.01 sys=0.00, real=0.00 secs] 
295.357: Total time for which application threads were stopped: 0.0008160 seconds, Stopping threads took: 0.0001270 seconds
295.508: Application time: 0.1503470 seconds
295.508: [GC295.508: [DefNew: 35153K->1748K(37568K), 0.0006370 secs] 39684K->6279K(120960K), 0.0006660 secs] [Times: user=0.00 sys=0.00, real=0.00 secs] 
295.509: Total time for which application threads were stopped: 0.0007930 seconds, Stopping threads took: 0.0000770 seconds
295.659: Application time: 0.1499850 seconds
295.659: [GC295.659: [DefNew: 35152K->1748K(37568K), 0.0006200 secs] 39684K->6279K(120960K), 0.0006480 secs] [Times: user=0.00 sys=0.00, real=0.01 secs] 
295.659: Total time for which application threads were stopped: 0.0008170 seconds, Stopping threads took: 0.0000960 seconds
295.810: Application time: 0.1502390 seconds
295.810: [GC295.810: [DefNew: 35152K->1748K(37568K), 0.0005970 secs] 39684K->6279K(120960K), 0.0006230 secs] [Times: user=0.00 sys=0.00, real=0.00 secs] 
295.810: Total time for which application threads were stopped: 0.0007700 seconds, Stopping threads took: 0.0000740 seconds
295.939: Application time: 0.1290890 seconds
295.940: [GC295.940: [DefNew: 35153K->1748K(37568K), 0.0006140 secs] 39685K->6280K(120960K), 0.0006390 secs] [Times: user=0.00 sys=0.00, real=0.00 secs] 
295.940: Total time for which application threads were stopped: 0.0007920 seconds, Stopping threads took: 0.0001020 seconds
296.067: Application time: 0.1265600 seconds
296.067: [GC296.067: [DefNew: 35155K->1749K(37568K), 0.0006150 secs] 39686K->6280K(120960K), 0.0006410 secs] [Times: user=0.00 sys=0.00, real=0.00 secs] 
296.068: Total time for which application threads were stopped: 0.0007460 seconds, Stopping threads took: 0.0000560 seconds
296.196: Application time: 0.1281260 seconds
296.196: [GC296.196: [DefNew: 35155K->1749K(37568K), 0.0005860 secs] 39686K->6280K(120960K), 0.0006100 secs] [Times: user=0.00 sys=0.00, real=0.00 secs] 
296.196: Total time for which application threads were stopped: 0.0007600 seconds, Stopping threads took: 0.0000950 seconds
296.301: Application time: 0.1041270 seconds
296.301: [GC296.301: [DefNew: 35152K->1741K(37568K), 0.0006000 secs] 39683K->6272K(120960K), 0.0006230 secs] [Times: user=0.00 sys=0.00, real=0.00 secs] 
296.301: Total time for which application threads were stopped: 0.0007520 seconds, Stopping threads took: 0.0000820 seconds
296.400: Application time: 0.0991380 seconds
296.401: [GC296.401: [DefNew: 35145K->1751K(37568K), 0.0006010 secs] 39677K->6282K(120960K), 0.0006270 secs] [Times: user=0.00 sys=0.00, real=0.00 secs] 
296.401: Total time for which application threads were stopped: 0.0007790 seconds, Stopping threads took: 0.0001000 seconds
296.546: Application time: 0.1443080 seconds
296.546: [GC296.546: [DefNew: 35156K->1748K(37568K), 0.0006090 secs] 39687K->6280K(120960K), 0.0006340 secs] [Times: user=0.00 sys=0.00, real=0.00 secs] 
296.546: Total time for which application threads were stopped: 0.0008590 seconds, Stopping threads took: 0.0001530 seconds
296.668: Application time: 0.1217460 seconds
296.668: [GC296.668: [DefNew: 35154K->1750K(37568K), 0.0006460 secs] 39685K->6281K(120960K), 0.0006720 secs] [Times: user=0.00 sys=0.00, real=0.00 secs] 
296.669: Total time for which application threads were stopped: 0.0009330 seconds, Stopping threads took: 0.0001900 seconds
296.810: Application time: 0.1410620 seconds
296.810: [GC296.810: [DefNew: 35155K->1750K(37568K), 0.0006270 secs] 39687K->6281K(120960K), 0.0006530 secs] [Times: user=0.00 sys=0.00, real=0.00 secs] 
296.811: Total time for which application threads were stopped: 0.0008010 seconds, Stopping threads took: 0.0000880 seconds
296.961: Application time: 0.1497100 seconds
296.961: [GC296.961: [DefNew: 35154K->1748K(37568K), 0.0006090 secs] 39686K->6279K(120960K), 0.0006320 secs] [Times: user=0.01 sys=0.00, real=0.00 secs] 
296.962: Total time for which application threads were stopped: 0.0007920 seconds, Stopping threads took: 0.0001110 seconds
297.109: Application time: 0.1479360 seconds
297.110: [GC297.110: [DefNew: 35151K->1748K(37568K), 0.0006010 secs] 39683K->6280K(120960K), 0.0006250 secs] [Times: user=0.01 sys=0.00, real=0.00 secs] 
297.110: Total time for which application threads were stopped: 0.0007580 seconds, Stopping threads took: 0.0000870 seconds
297.261: Application time: 0.1503130 seconds
297.261: [GC297.261: [DefNew: 35153K->1748K(37568K), 0.0006190 secs] 39685K->6279K(120960K), 0.0006470 secs] [Times: user=0.00 sys=0.00, real=0.00 secs] 
297.261: Total time for which application threads were stopped: 0.0007630 seconds, Stopping threads took: 0.0000640 seconds
297.412: Application time: 0.1508520 seconds
297.412: [GC297.412: [DefNew: 35152K->1748K(37568K), 0.0005950 secs] 39684K->6279K(120960K), 0.0006270 secs] [Times: user=0.01 sys=0.00, real=0.00 secs] 
297.413: Total time for which application threads were stopped: 0.0007400 seconds, Stopping threads took: 0.0000580 seconds
297.571: Application time: 0.1581800 seconds
297.571: [GC297.571: [DefNew: 35152K->1748K(37568K), 0.0006210 secs] 39684K->6279K(120960K), 0.0006480 secs] [Times: user=0.00 sys=0.00, real=0.00 secs] 
297.572: Total time for which application threads were stopped: 0.0007970 seconds, Stopping threads took: 0.0000980 seconds
297.706: Application time: 0.1343680 seconds
297.706: [GC297.706: [DefNew: 35155K->1744K(37568K), 0.0006260 secs] 39687K->6276K(120960K), 0.0006530 secs] [Times: user=0.00 sys=0.00, real=0.01 secs] 
297.707: Total time for which application threads were stopped: 0.0008260 seconds, Stopping threads took: 0.0001210 seconds
297.853: Application time: 0.1462050 seconds
297.853: [GC297.853: [DefNew: 35152K->1748K(37568K), 0.0006300 secs] 39683K->6280K(120960K), 0.0006540 secs] [Times: user=0.00 sys=0.00, real=0.00 secs] 
297.854: Total time for which application threads were stopped: 0.0007670 seconds, Stopping threads took: 0.0000610 seconds
297.994: Application time: 0.1401860 seconds
297.994: [GC297.994: [DefNew: 35154K->1749K(37568K), 0.0006180 secs] 39686K->6280K(120960K), 0.0006420 secs] [Times: user=0.00 sys=0.00, real=0.00 secs] 
297.995: Total time for which application threads were stopped: 0.0007900 seconds, Stopping threads took: 0.0000850 seconds
298.093: Application time: 0.0978150 seconds
298.093: [GC298.093: [DefNew: 35154K->1737K(37568K), 0.0006360 secs] 39686K->6269K(120960K), 0.0006640 secs] [Times: user=0.00 sys=0.00, real=0.00 secs] 
298.094: Total time for which application threads were stopped: 0.0007970 seconds, Stopping threads took: 0.0000590 seconds
298.217: Application time: 0.1235700 seconds
298.217: [GC298.217: [DefNew: 35141K->1751K(37568K), 0.0006090 secs] 39672K->6282K(120960K), 0.0006330 secs] [Times: user=0.00 sys=0.00, real=0.00 secs] 
298.218: Total time for which application threads were stopped: 0.0007320 seconds, Stopping threads took: 0.0000490 seconds
298.369: Application time: 0.1505860 seconds
298.369: [GC298.369: [DefNew: 35157K->1744K(37568K), 0.0006250 secs] 39688K->6276K(120960K), 0.0006520 secs] [Times: user=0.00 sys=0.00, real=0.00 secs] 
298.369: Total time for which application threads were stopped: 0.0008960 seconds, Stopping threads took: 0.0001910 seconds
298.511: Application time: 0.1420100 seconds
298.512: [GC298.512: [DefNew: 35150K->1749K(37568K), 0.0006340 secs] 39682K->6281K(120960K), 0.0006610 secs] [Times: user=0.00 sys=0.00, real=0.00 secs] 
298.512: Total time for which application threads were stopped: 0.0008820 seconds, Stopping threads took: 0.0001380 seconds
298.670: Application time: 0.1581090 seconds
298.671: [GC298.671: [DefNew: 35155K->1749K(37568K), 0.0006480 secs] 39688K->6281K(120960K), 0.0006770 secs] [Times: user=0.00 sys=0.00, real=0.00 secs] 
298.671: Total time for which application threads were stopped: 0.0008530 seconds, Stopping threads took: 0.0001220 seconds
298.833: Application time: 0.1620700 seconds
298.833: [GC298.833: [DefNew: 35155K->1748K(37568K), 0.0006050 secs] 39688K->6280K(120960K), 0.0006290 secs] [Times: user=0.00 sys=0.00, real=0.00 secs] 
298.834: Total time for which application threads were stopped: 0.0007770 seconds, Stopping threads took: 0.0000980 seconds
298.999: Application time: 0.1646830 seconds
298.999: [GC298.999: [DefNew: 35153K->1748K(37568K), 0.0006270 secs] 39685K->6280K(120960K), 0.0006530 secs] [Times: user=0.00 sys=0.00, real=0.00 secs] 
299.000: Total time for which application threads were stopped: 0.0007530 seconds, Stopping threads took: 0.0000470 seconds
299.165: Application time: 0.1653620 seconds
299.165: [GC299.165: [DefNew: 35152K->1748K(37568K), 0.0005980 secs] 39685K->6280K(120960K), 0.0006250 secs] [Times: user=0.00 sys=0.00, real=0.00 secs] 
299.166: Total time for which application threads were stopped: 0.0008100 seconds, Stopping threads took: 0.0001050 seconds
299.330: Application time: 0.1645360 seconds
299.330: [GC299.330: [DefNew: 35152K->1748K(37568K), 0.0006280 secs] 39685K->6280K(120960K), 0.0006630 secs] [Times: user=0.00 sys=0.00, real=0.00 secs] 
299.331: Total time for which application threads were stopped: 0.0007970 seconds, Stopping threads took: 0.0000800 seconds
299.493: Application time: 0.1617780 seconds
299.493: [GC299.493: [DefNew: 35153K->1743K(37568K), 0.0006540 secs] 39685K->6276K(120960K), 0.0006830 secs] [Times: user=0.00 sys=0.00, real=0.00 secs] 
299.494: Total time for which application threads were stopped: 0.0008220 seconds, Stopping threads took: 0.0000830 seconds
299.620: Application time: 0.1262000 seconds
299.620: [GC299.620: [DefNew: 35150K->1744K(37568K), 0.0006280 secs] 39683K->6277K(120960K), 0.0006550 secs] [Times: user=0.00 sys=0.00, real=0.00 secs] 
299.621: Total time for which application threads were stopped: 0.0007600 seconds, Stopping threads took: 0.0000520 seconds
299.778: Application time: 0.1569810 seconds
299.778: [GC299.778: [DefNew: 35152K->1748K(37568K), 0.0006200 secs] 39684K->6280K(120960K), 0.0006440 secs] [Times: user=0.00 sys=0.00, real=0.00 secs] 
299.778: Total time for which application threads were stopped: 0.0007730 seconds, Stopping threads took: 0.0000710 seconds
299.912: Application time: 0.1333480 seconds
299.912: [GC299.912: [DefNew: 35152K->1745K(37568K), 0.0006170 secs] 39685K->6277K(120960K), 0.0006450 secs] [Times: user=0.00 sys=0.00, real=0.00 secs] 
299.913: Total time for which application threads were stopped: 0.0008000 seconds, Stopping threads took: 0.0001040 seconds
300.000: Application time: 0.0869820 seconds
300.000: [GC300.000: [DefNew: 35152K->1746K(37568K), 0.0006130 secs] 39684K->6279K(120960K), 0.0006360 secs] [Times: user=0.01 sys=0.00, real=0.00 secs] 
300.000: Total time for which application threads were stopped: 0.0007280 seconds, Stopping threads took: 0.0000450 seconds
300.141: Application time: 0.1410180 seconds
300.141: [GC300.141: [DefNew: 35153K->1750K(37568K), 0.0006200 secs] 39685K->6282K(120960K), 0.0006460 secs] [Times: user=0.00 sys=0.00, real=0.00 secs] 
300.142: Total time for which application threads were stopped: 0.0007550 seconds, Stopping threads took: 0.0000600 seconds
300.286: Application time: 0.1439720 seconds
300.286: [GC300.286: [DefNew: 35155K->1745K(37568K), 0.0006580 secs] 39688K->6277K(120960K), 0.0016370 secs] [Times: user=0.00 sys=0.00, real=0.01 secs] 
300.288: Total time for which application threads were stopped: 0.0018620 seconds, Stopping threads took: 0.0001550 seconds
300.434: Application time: 0.1466210 seconds
300.435: [GC300.435: [DefNew: 35151K->1750K(37568K), 0.0006320 secs] 39684K->6283K(120960K), 0.0006600 secs] [Times: user=0.00 sys=0.00, real=0.00 secs] 
300.435: Total time for which application threads were stopped: 0.0008130 seconds, Stopping threads took: 0.0000990 seconds
300.597: Application time: 0.1615990 seconds
300.597: [GC300.597: [DefNew: 35154K->1748K(37568K), 0.0006150 secs] 39687K->6281K(120960K), 0.0006390 secs] [Times: user=0.00 sys=0.00, real=0.00 secs] 
300.598: Total time for which application threads were stopped: 0.0007540 seconds, Stopping threads took: 0.0000660 seconds
300.760: Application time: 0.1618440 seconds
300.760: [GC300.760: [DefNew: 35153K->1748K(37568K), 0.0006110 secs] 39685K->6281K(120960K), 0.0006350 secs] [Times: user=0.00 sys=0.00, real=0.00 secs] 
300.760: Total time for which application threads were stopped: 0.0007470 seconds, Stopping threads took: 0.0000640 seconds
300.925: Application time: 0.1652230 seconds
300.926: [GC300.926: [DefNew: 35153K->1748K(37568K), 0.0006450 secs] 39686K->6281K(120960K), 0.0006710 secs] [Times: user=0.00 sys=0.00, real=0.00 secs] 
300.926: Total time for which application threads were stopped: 0.0009200 seconds, Stopping threads took: 0.0001690 seconds
301.092: Application time: 0.1653220 seconds
301.092: [GC301.092: [DefNew: 35155K->1748K(37568K), 0.0006820 secs] 39688K->6281K(120960K), 0.0007120 secs] [Times: user=0.00 sys=0.00, real=0.00 secs] 
301.093: Total time for which application threads were stopped: 0.0008660 seconds, Stopping threads took: 0.0000910 seconds
301.258: Application time: 0.1653400 seconds
301.258: [GC301.258: [DefNew: 35152K->1748K(37568K), 0.0006090 secs] 39685K->6281K(120960K), 0.0006330 secs] [Times: user=0.00 sys=0.00, real=0.00 secs] 
301.259: Total time for which application threads were stopped: 0.0007970 seconds, Stopping threads took: 0.0001110 seconds
301.410: Application time: 0.1515190 seconds
301.410: [GC301.410: [DefNew: 35155K->1744K(37568K), 0.0006170 secs] 39688K->6277K(120960K), 0.0006430 secs] [Times: user=0.00 sys=0.00, real=0.00 secs] 
301.411: Total time for which application threads were stopped: 0.0007990 seconds, Stopping threads took: 0.0001070 seconds
301.536: Application time: 0.1251910 seconds
301.536: [GC301.536: [DefNew: 35152K->1749K(37568K), 0.0005950 secs] 39684K->6282K(120960K), 0.0006180 secs] [Times: user=0.00 sys=0.00, real=0.00 secs] 
301.537: Total time for which application threads were stopped: 0.0007550 seconds, Stopping threads took: 0.0000820 seconds
301.673: Application time: 0.1362430 seconds
301.673: [GC301.673: [DefNew: 35154K->1744K(37568K), 0.0005920 secs] 39687K->6277K(120960K), 0.0006160 secs] [Times: user=0.00 sys=0.00, real=0.00 secs] 
301.674: Total time for which application threads were stopped: 0.0007400 seconds, Stopping threads took: 0.0000780 seconds
301.791: Application time: 0.1170380 seconds
301.791: [GC301.791: [DefNew: 35148K->1740K(37568K), 0.0005900 secs] 39681K->6273K(120960K), 0.0006140 secs] [Times: user=0.00 sys=0.00, real=0.00 secs] 
301.792: Total time for which application threads were stopped: 0.0007770 seconds, Stopping threads took: 0.0001170 seconds
301.874: Application time: 0.0822570 seconds
301.874: [GC301.874: [DefNew: 35147K->1751K(37568K), 0.0006260 secs] 39680K->6284K(120960K), 0.0006520 secs] [Times: user=0.00 sys=0.00, real=0.00 secs] 
301.875: Total time for which application threads were stopped: 0.0007640 seconds, Stopping threads took: 0.0000620 seconds
302.014: Application time: 0.1388910 seconds
302.014: [GC302.014: [DefNew: 35156K->1749K(37568K), 0.0006330 secs] 39689K->6282K(120960K), 0.0006570 secs] [Times: user=0.00 sys=0.00, real=0.00 secs] 
302.015: Total time for which application threads were stopped: 0.0008340 seconds, Stopping threads took: 0.0001270 seconds
302.139: Application time: 0.1243350 seconds
302.139: [GC302.139: [DefNew: 35157K->1749K(37568K), 0.0006360 secs] 39690K->6282K(120960K), 0.0006600 secs] [Times: user=0.00 sys=0.00, real=0.00 secs] 
302.140: Total time for which application threads were stopped: 0.0008000 seconds, Stopping threads took: 0.0000850 seconds
302.278: Application time: 0.1383100 seconds
302.278: [GC302.278: [DefNew: 35156K->1750K(37568K), 0.0006290 secs] 39689K->6283K(120960K), 0.0006560 secs] [Times: user=0.00 sys=0.00, real=0.01 secs] 
302.279: Total time for which application threads were stopped: 0.0008020 seconds, Stopping threads took: 0.0000940 seconds
302.428: Application time: 0.1493140 seconds
302.428: [GC302.428: [DefNew: 35155K->1748K(37568K), 0.0006670 secs] 39688K->6281K(120960K), 0.0006960 secs] [Times: user=0.00 sys=0.00, real=0.00 secs] 
302.429: Total time for which application threads were stopped: 0.0008370 seconds, Stopping threads took: 0.0000900 seconds
302.576: Application time: 0.1471510 seconds
302.576: [GC302.576: [DefNew: 35152K->1748K(37568K), 0.0005930 secs] 39685K->6282K(120960K), 0.0006160 secs] [Times: user=0.00 sys=0.00, real=0.00 secs] 
302.577: Total time for which application threads were stopped: 0.0008270 seconds, Stopping threads took: 0.0001440 seconds
302.726: Application time: 0.1493890 seconds
302.726: [GC302.726: [DefNew: 35153K->1748K(37568K), 0.0006190 secs] 39686K->6281K(120960K), 0.0006440 secs] [Times: user=0.00 sys=0.00, real=0.01 secs] 
302.727: Total time for which application threads were stopped: 0.0007560 seconds, Stopping threads took: 0.0000520 seconds
302.877: Application time: 0.1499910 seconds
302.877: [GC302.877: [DefNew: 35152K->1748K(37568K), 0.0006010 secs] 39686K->6281K(120960K), 0.0006330 secs] [Times: user=0.00 sys=0.00, real=0.00 secs] 
302.878: Total time for which application threads were stopped: 0.0007450 seconds, Stopping threads took: 0.0000650 seconds
303.028: Application time: 0.1498330 seconds
303.028: [GC303.028: [DefNew: 35152K->1748K(37568K), 0.0006330 secs] 39686K->6281K(120960K), 0.0006570 secs] [Times: user=0.00 sys=0.00, real=0.00 secs] 
303.029: Total time for which application threads were stopped: 0.0008760 seconds, Stopping threads took: 0.0001720 seconds
303.158: Application time: 0.1294470 seconds
303.158: [GC303.158: [DefNew: 35153K->1748K(37568K), 0.0006220 secs] 39687K->6282K(120960K), 0.0006490 secs] [Times: user=0.00 sys=0.00, real=0.01 secs] 
303.159: Total time for which application threads were stopped: 0.0007650 seconds, Stopping threads took: 0.0000650 seconds
303.286: Application time: 0.1271440 seconds
303.286: [GC303.286: [DefNew: 35156K->1749K(37568K), 0.0006150 secs] 39689K->6282K(120960K), 0.0006410 secs] [Times: user=0.00 sys=0.00, real=0.00 secs] 
303.287: Total time for which application threads were stopped: 0.0007720 seconds, Stopping threads took: 0.0000680 seconds
303.414: Application time: 0.1269560 seconds
303.414: [GC303.414: [DefNew: 35154K->1749K(37568K), 0.0005880 secs] 39688K->6282K(120960K), 0.0006110 secs] [Times: user=0.00 sys=0.00, real=0.00 secs] 
303.414: Total time for which application threads were stopped: 0.0007170 seconds, Stopping threads took: 0.0000590 seconds
303.525: Application time: 0.1108100 seconds
303.525: [GC303.525: [DefNew: 35156K->1741K(37568K), 0.0006220 secs] 39690K->6274K(120960K), 0.0006490 secs] [Times: user=0.00 sys=0.00, real=0.00 secs] 
303.526: Total time for which application threads were stopped: 0.0007590 seconds, Stopping threads took: 0.0000610 seconds
303.620: Application time: 0.0941790 seconds
303.620: [GC303.620: [DefNew: 35145K->1751K(37568K), 0.0006210 secs] 39678K->6284K(120960K), 0.0006460 secs] [Times: user=0.00 sys=0.00, real=0.00 secs] 
303.621: Total time for which application threads were stopped: 0.0007970 seconds, Stopping threads took: 0.0001000 seconds
303.763: Application time: 0.1420410 seconds
303.763: [GC303.763: [DefNew: 35156K->1749K(37568K), 0.0006050 secs] 39689K->6282K(120960K), 0.0006270 secs] [Times: user=0.00 sys=0.00, real=0.00 secs] 
303.764: Total time for which application threads were stopped: 0.0008060 seconds, Stopping threads took: 0.0001120 seconds
303.888: Application time: 0.1239890 seconds
303.888: [GC303.888: [DefNew: 35156K->1749K(37568K), 0.0005980 secs] 39690K->6283K(120960K), 0.0006210 secs] [Times: user=0.00 sys=0.00, real=0.00 secs] 
303.889: Total time for which application threads were stopped: 0.0007710 seconds, Stopping threads took: 0.0000750 seconds
304.027: Application time: 0.1389600 seconds
304.028: [GC304.028: [DefNew: 35156K->1750K(37568K), 0.0006140 secs] 39690K->6284K(120960K), 0.0006400 secs] [Times: user=0.00 sys=0.00, real=0.00 secs] 
304.028: Total time for which application threads were stopped: 0.0007400 seconds, Stopping threads took: 0.0000500 seconds
304.178: Application time: 0.1495180 seconds
304.178: [GC304.178: [DefNew: 35155K->1748K(37568K), 0.0005940 secs] 39688K->6282K(120960K), 0.0006190 secs] [Times: user=0.01 sys=0.00, real=0.00 secs] 
304.179: Total time for which application threads were stopped: 0.0008110 seconds, Stopping threads took: 0.0001250 seconds
304.327: Application time: 0.1479910 seconds
304.327: [GC304.327: [DefNew: 35152K->1748K(37568K), 0.0006550 secs] 39686K->6282K(120960K), 0.0006850 secs] [Times: user=0.01 sys=0.00, real=0.01 secs] 
304.327: Total time for which application threads were stopped: 0.0008290 seconds, Stopping threads took: 0.0000930 seconds
304.478: Application time: 0.1501170 seconds
304.478: [GC304.478: [DefNew: 35153K->1748K(37568K), 0.0005920 secs] 39687K->6282K(120960K), 0.0006160 secs] [Times: user=0.00 sys=0.00, real=0.00 secs] 
304.478: Total time for which application threads were stopped: 0.0007140 seconds, Stopping threads took: 0.0000410 seconds
304.628: Application time: 0.1500770 seconds
304.628: [GC304.628: [DefNew: 35152K->1748K(37568K), 0.0006160 secs] 39686K->6282K(120960K), 0.0006510 secs] [Times: user=0.00 sys=0.00, real=0.00 secs] 
304.629: Total time for which application threads were stopped: 0.0007920 seconds, Stopping threads took: 0.0000890 seconds
304.779: Application time: 0.1499100 seconds
304.779: [GC304.779: [DefNew: 35152K->1748K(37568K), 0.0006090 secs] 39686K->6282K(120960K), 0.0006340 secs] [Times: user=0.00 sys=0.00, real=0.00 secs] 
304.780: Total time for which application threads were stopped: 0.0008360 seconds, Stopping threads took: 0.0001520 seconds
304.909: Application time: 0.1288340 seconds
304.909: [GC304.909: [DefNew: 35152K->1615K(37568K), 0.0006080 secs] 39686K->6149K(120960K), 0.0006340 secs] [Times: user=0.00 sys=0.00, real=0.00 secs] 
304.909: Total time for which application threads were stopped: 0.0007780 seconds, Stopping threads took: 0.0000940 seconds
305.036: Application time: 0.1268020 seconds
305.036: [GC305.036: [DefNew: 35019K->1749K(37568K), 0.0005950 secs] 39553K->6283K(120960K), 0.0006200 secs] [Times: user=0.00 sys=0.00, real=0.00 secs] 
305.037: Total time for which application threads were stopped: 0.0007540 seconds, Stopping threads took: 0.0000800 seconds
305.165: Application time: 0.1279230 seconds
305.165: [GC305.165: [DefNew: 35155K->1749K(37568K), 0.0006030 secs] 39689K->6282K(120960K), 0.0006280 secs] [Times: user=0.00 sys=0.00, real=0.00 secs] 
305.166: Total time for which application threads were stopped: 0.0007690 seconds, Stopping threads took: 0.0000910 seconds
305.261: Application time: 0.0956350 seconds
305.261: [GC305.261: [DefNew: 35155K->1741K(37568K), 0.0006190 secs] 39689K->6275K(120960K), 0.0006430 secs] [Times: user=0.01 sys=0.00, real=0.00 secs] 
305.262: Total time for which application threads were stopped: 0.0007850 seconds, Stopping threads took: 0.0000830 seconds
305.369: Application time: 0.1067800 seconds
305.369: [GC305.369: [DefNew: 35147K->1751K(37568K), 0.0006080 secs] 39681K->6285K(120960K), 0.0006360 secs] [Times: user=0.00 sys=0.00, real=0.00 secs] 
305.370: Total time for which application threads were stopped: 0.0008040 seconds, Stopping threads took: 0.0001020 seconds
305.516: Application time: 0.1466540 seconds
305.517: [GC305.517: [DefNew: 35158K->1749K(37568K), 0.0006670 secs] 39692K->6283K(120960K), 0.0006970 secs] [Times: user=0.00 sys=0.00, real=0.00 secs] 
305.517: Total time for which application threads were stopped: 0.0008860 seconds, Stopping threads took: 0.0001160 seconds
305.651: Application time: 0.1339480 seconds
305.651: [GC305.651: [DefNew: 35154K->1750K(37568K), 0.0006660 secs] 39688K->6284K(120960K), 0.0006950 secs] [Times: user=0.00 sys=0.00, real=0.00 secs] 
305.652: Total time for which application threads were stopped: 0.0009230 seconds, Stopping threads took: 0.0001630 seconds
305.809: Application time: 0.1568650 seconds
305.809: [GC305.809: [DefNew: 35156K->1749K(37568K), 0.0006450 secs] 39690K->6284K(120960K), 0.0006730 secs] [Times: user=0.01 sys=0.00, real=0.00 secs] 
305.810: Total time for which application threads were stopped: 0.0009350 seconds, Stopping threads took: 0.0001920 seconds
305.974: Application time: 0.1638910 seconds
305.974: [GC305.974: [DefNew: 35154K->1748K(37568K), 0.0006050 secs] 39688K->6282K(120960K), 0.0006290 secs] [Times: user=0.00 sys=0.00, real=0.00 secs] 
305.975: Total time for which application threads were stopped: 0.0007270 seconds, Stopping threads took: 0.0000500 seconds
306.137: Application time: 0.1621220 seconds
306.137: [GC306.137: [DefNew: 35151K->1748K(37568K), 0.0006610 secs] 39686K->6283K(120960K), 0.0006860 secs] [Times: user=0.00 sys=0.00, real=0.00 secs] 
306.138: Total time for which application threads were stopped: 0.0008360 seconds, Stopping threads took: 0.0001000 seconds
306.303: Application time: 0.1658150 seconds
306.307: [GC306.307: [DefNew: 35153K->1748K(37568K), 0.0006110 secs] 39687K->6282K(120960K), 0.0006360 secs] [Times: user=0.00 sys=0.00, real=0.00 secs] 
306.308: Total time for which application threads were stopped: 0.0041860 seconds, Stopping threads took: 0.0034830 seconds
306.472: Application time: 0.1648690 seconds
306.473: [GC306.473: [DefNew: 35152K->1748K(37568K), 0.0006560 secs] 39687K->6282K(120960K), 0.0006810 secs] [Times: user=0.00 sys=0.00, real=0.00 secs] 
306.473: Total time for which application threads were stopped: 0.0008350 seconds, Stopping threads took: 0.0001040 seconds
306.637: Application time: 0.1640250 seconds
306.637: [GC306.637: [DefNew: 35152K->1748K(37568K), 0.0006280 secs] 39687K->6282K(120960K), 0.0006560 secs] [Times: user=0.00 sys=0.00, real=0.00 secs] 
306.638: Total time for which application threads were stopped: 0.0008020 seconds, Stopping threads took: 0.0000930 seconds
306.769: Application time: 0.1307240 seconds
306.769: [GC306.769: [DefNew: 35151K->1744K(37568K), 0.0006170 secs] 39686K->6279K(120960K), 0.0006430 secs] [Times: user=0.00 sys=0.00, real=0.00 secs] 
306.770: Total time for which application threads were stopped: 0.0008370 seconds, Stopping threads took: 0.0001350 seconds
306.919: Application time: 0.1494480 seconds
306.919: [GC306.919: [DefNew: 35151K->1748K(37568K), 0.0006110 secs] 39686K->6283K(120960K), 0.0006370 secs] [Times: user=0.00 sys=0.00, real=0.00 secs] 
306.920: Total time for which application threads were stopped: 0.0008310 seconds, Stopping threads took: 0.0001240 seconds
307.054: Application time: 0.1341210 seconds
307.054: [GC307.054: [DefNew: 35152K->1745K(37568K), 0.0006260 secs] 39687K->6279K(120960K), 0.0006510 secs] [Times: user=0.00 sys=0.00, real=0.00 secs] 
307.055: Total time for which application threads were stopped: 0.0008190 seconds, Stopping threads took: 0.0001180 seconds
307.148: Application time: 0.0930640 seconds
307.148: [GC307.148: [DefNew: 35151K->1742K(37568K), 0.0006250 secs] 39686K->6276K(120960K), 0.0006500 secs] [Times: user=0.00 sys=0.00, real=0.00 secs] 
307.149: Total time for which application threads were stopped: 0.0007630 seconds, Stopping threads took: 0.0000640 seconds
307.283: Application time: 0.1338100 seconds
307.283: [GC307.283: [DefNew: 35147K->1750K(37568K), 0.0006330 secs] 39681K->6285K(120960K), 0.0006570 secs] [Times: user=0.00 sys=0.00, real=0.00 secs] 
307.283: Total time for which application threads were stopped: 0.0007940 seconds, Stopping threads took: 0.0000870 seconds
307.437: Application time: 0.1536110 seconds
307.437: [GC307.437: [DefNew: 35155K->1744K(37568K), 0.0006080 secs] 39690K->6279K(120960K), 0.0006330 secs] [Times: user=0.00 sys=0.00, real=0.00 secs] 
307.438: Total time for which application threads were stopped: 0.0007910 seconds, Stopping threads took: 0.0000990 seconds
307.575: Application time: 0.1375970 seconds
307.575: [GC307.575: [DefNew: 35148K->1750K(37568K), 0.0006080 secs] 39683K->6285K(120960K), 0.0006320 secs] [Times: user=0.00 sys=0.00, real=0.00 secs] 
307.576: Total time for which application threads were stopped: 0.0007740 seconds, Stopping threads took: 0.0000940 seconds
307.737: Application time: 0.1604970 seconds
307.737: [GC307.737: [DefNew: 35157K->1749K(37568K), 0.0006090 secs] 39692K->6284K(120960K), 0.0006330 secs] [Times: user=0.00 sys=0.00, real=0.00 secs] 
307.737: Total time for which application threads were stopped: 0.0007920 seconds, Stopping threads took: 0.0001090 seconds
307.900: Application time: 0.1630970 seconds
307.901: [GC307.901: [DefNew: 35155K->1748K(37568K), 0.0005980 secs] 39690K->6283K(120960K), 0.0006210 secs] [Times: user=0.00 sys=0.00, real=0.00 secs] 
307.901: Total time for which application threads were stopped: 0.0007480 seconds, Stopping threads took: 0.0000800 seconds
308.065: Application time: 0.1635100 seconds
308.065: [GC308.065: [DefNew: 35155K->1748K(37568K), 0.0006320 secs] 39690K->6283K(120960K), 0.0006610 secs] [Times: user=0.00 sys=0.00, real=0.00 secs] 
308.066: Total time for which application threads were stopped: 0.0008060 seconds, Stopping threads took: 0.0000820 seconds
308.232: Application time: 0.1661940 seconds
308.232: [GC308.232: [DefNew: 35153K->1748K(37568K), 0.0006490 secs] 39688K->6283K(120960K), 0.0006830 secs] [Times: user=0.00 sys=0.00, real=0.00 secs] 
308.233: Total time for which application threads were stopped: 0.0008650 seconds, Stopping threads took: 0.0001120 seconds
308.398: Application time: 0.1654300 seconds
308.398: [GC308.398: [DefNew: 35152K->1748K(37568K), 0.0006170 secs] 39687K->6283K(120960K), 0.0006410 secs] [Times: user=0.00 sys=0.00, real=0.01 secs] 
308.399: Total time for which application threads were stopped: 0.0007910 seconds, Stopping threads took: 0.0001000 seconds
308.555: Application time: 0.1559490 seconds
308.555: [GC308.555: [DefNew: 35155K->1744K(37568K), 0.0006050 secs] 39690K->6279K(120960K), 0.0006300 secs] [Times: user=0.00 sys=0.00, real=0.00 secs] 
308.556: Total time for which application threads were stopped: 0.0007610 seconds, Stopping threads took: 0.0000820 seconds
308.683: Application time: 0.1275000 seconds
308.683: [GC308.683: [DefNew: 35149K->1749K(37568K), 0.0006380 secs] 39684K->6284K(120960K), 0.0006650 secs] [Times: user=0.00 sys=0.00, real=0.00 secs] 
308.684: Total time for which application threads were stopped: 0.0008120 seconds, Stopping threads took: 0.0000840 seconds
308.840: Application time: 0.1560000 seconds
308.840: [GC308.840: [DefNew: 35156K->1744K(37568K), 0.0006750 secs] 39691K->6279K(120960K), 0.0007030 secs] [Times: user=0.00 sys=0.00, real=0.00 secs] 
308.841: Total time for which application threads were stopped: 0.0008390 seconds, Stopping threads took: 0.0000830 seconds
308.969: Application time: 0.1279510 seconds
308.969: [GC308.969: [DefNew: 35147K->1745K(37568K), 0.0006300 secs] 39682K->6280K(120960K), 0.0006550 secs] [Times: user=0.00 sys=0.00, real=0.00 secs] 
308.969: Total time for which application threads were stopped: 0.0007930 seconds, Stopping threads took: 0.0000880 seconds
309.060: Application time: 0.0902310 seconds
309.060: [GC309.060: [DefNew: 35151K->1746K(37568K), 0.0006330 secs] 39686K->6282K(120960K), 0.0006610 secs] [Times: user=0.00 sys=0.00, real=0.00 secs] 
309.060: Total time for which application threads were stopped: 0.0008130 seconds, Stopping threads took: 0.0000990 seconds
309.208: Application time: 0.1474530 seconds
309.208: [GC309.208: [DefNew: 35154K->1750K(37568K), 0.0006080 secs] 39689K->6285K(120960K), 0.0006330 secs] [Times: user=0.00 sys=0.00, real=0.00 secs] 
309.209: Total time for which application threads were stopped: 0.0007440 seconds, Stopping threads took: 0.0000520 seconds
309.350: Application time: 0.1409460 seconds
309.350: [GC309.350: [DefNew: 35156K->1745K(37568K), 0.0006030 secs] 39691K->6280K(120960K), 0.0006280 secs] [Times: user=0.00 sys=0.00, real=0.00 secs] 
309.350: Total time for which application threads were stopped: 0.0007880 seconds, Stopping threads took: 0.0001130 seconds
309.497: Application time: 0.1464610 seconds
309.497: [GC309.497: [DefNew: 35148K->1750K(37568K), 0.0006050 secs] 39683K->6286K(120960K), 0.0006300 secs] [Times: user=0.00 sys=0.00, real=0.00 secs] 
309.498: Total time for which application threads were stopped: 0.0008080 seconds, Stopping threads took: 0.0001070 seconds
309.645: Application time: 0.1476850 seconds
309.645: [GC309.645: [DefNew: 35157K->1748K(37568K), 0.0005950 secs] 39692K->6284K(120960K), 0.0006180 secs] [Times: user=0.00 sys=0.00, real=0.00 secs] 
309.646: Total time for which application threads were stopped: 0.0007080 seconds, Stopping threads took: 0.0000430 seconds
309.793: Application time: 0.1470910 seconds
309.793: [GC309.793: [DefNew: 35154K->1748K(37568K), 0.0006000 secs] 39690K->6284K(120960K), 0.0006240 secs] [Times: user=0.00 sys=0.00, real=0.00 secs] 
309.794: Total time for which application threads were stopped: 0.0008110 seconds, Stopping threads took: 0.0001100 seconds
309.944: Application time: 0.1497890 seconds
309.944: [GC309.944: [DefNew: 35153K->1748K(37568K), 0.0005900 secs] 39688K->6283K(120960K), 0.0006130 secs] [Times: user=0.00 sys=0.00, real=0.00 secs] 
309.945: Total time for which application threads were stopped: 0.0007480 seconds, Stopping threads took: 0.0000790 seconds
310.095: Application time: 0.1502290 seconds
310.099: [GC310.099: [DefNew: 35152K->1748K(37568K), 0.0006340 secs] 39688K->6283K(120960K), 0.0006680 secs] [Times: user=0.00 sys=0.00, real=0.00 secs] 
310.100: Total time for which application threads were stopped: 0.0047730 seconds, Stopping threads took: 0.0040560 seconds
310.250: Application time: 0.1503800 seconds
310.250: [GC310.250: [DefNew: 35152K->1748K(37568K), 0.0006290 secs] 39688K->6283K(120960K), 0.0006540 secs] [Times: user=0.00 sys=0.00, real=0.00 secs] 
310.251: Total time for which application threads were stopped: 0.0008040 seconds, Stopping threads took: 0.0000990 seconds
310.384: Application time: 0.1332140 seconds
310.384: [GC310.384: [DefNew: 35153K->1744K(37568K), 0.0006340 secs] 39689K->6279K(120960K), 0.0015240 secs] [Times: user=0.00 sys=0.00, real=0.00 secs] 
310.386: Total time for which application threads were stopped: 0.0017830 seconds, Stopping threads took: 0.0001770 seconds
310.510: Application time: 0.1238250 seconds
310.510: [GC310.510: [DefNew: 35150K->1749K(37568K), 0.0006040 secs] 39685K->6285K(120960K), 0.0006280 secs] [Times: user=0.00 sys=0.00, real=0.00 secs] 
310.510: Total time for which application threads were stopped: 0.0008040 seconds, Stopping threads took: 0.0001290 seconds
310.640: Application time: 0.1299370 seconds
310.640: [GC310.640: [DefNew: 35157K->1744K(37568K), 0.0006130 secs] 39692K->6280K(120960K), 0.0006390 secs] [Times: user=0.00 sys=0.00, real=0.00 secs] 
310.641: Total time for which application threads were stopped: 0.0007450 seconds, Stopping threads took: 0.0000550 seconds
310.755: Application time: 0.1142570 seconds
310.755: [GC310.756: [DefNew: 35151K->1745K(37568K), 0.0006190 secs] 39687K->6281K(120960K), 0.0006430 secs] [Times: user=0.00 sys=0.00, real=0.00 secs] 
310.756: Total time for which application threads were stopped: 0.0008390 seconds, Stopping threads took: 0.0001490 seconds
310.846: Application time: 0.0901770 seconds
310.846: [GC310.846: [DefNew: 35152K->1751K(37568K), 0.0005920 secs] 39687K->6286K(120960K), 0.0006160 secs] [Times: user=0.00 sys=0.00, real=0.01 secs] 
310.847: Total time for which application threads were stopped: 0.0007150 seconds, Stopping threads took: 0.0000510 seconds
310.987: Application time: 0.1398160 seconds
310.987: [GC310.987: [DefNew: 35156K->1749K(37568K), 0.0006030 secs] 39691K->6285K(120960K), 0.0006260 secs] [Times: user=0.00 sys=0.00, real=0.00 secs] 
310.988: Total time for which application threads were stopped: 0.0007710 seconds, Stopping threads took: 0.0000800 seconds
311.112: Application time: 0.1245080 seconds
311.112: [GC311.112: [DefNew: 35156K->1749K(37568K), 0.0006010 secs] 39691K->6285K(120960K), 0.0006260 secs] [Times: user=0.00 sys=0.00, real=0.00 secs] 
311.113: Total time for which application threads were stopped: 0.0007610 seconds, Stopping threads took: 0.0000870 seconds
311.252: Application time: 0.1386290 seconds
311.252: [GC311.252: [DefNew: 35155K->1750K(37568K), 0.0006000 secs] 39691K->6286K(120960K), 0.0006230 secs] [Times: user=0.00 sys=0.00, real=0.00 secs] 
311.252: Total time for which application threads were stopped: 0.0007160 seconds, Stopping threads took: 0.0000460 seconds
311.401: Application time: 0.1491560 seconds
311.402: [GC311.402: [DefNew: 35155K->1748K(37568K), 0.0006100 secs] 39691K->6284K(120960K), 0.0006350 secs] [Times: user=0.00 sys=0.00, real=0.00 secs] 
311.402: Total time for which application threads were stopped: 0.0007930 seconds, Stopping threads took: 0.0001060 seconds
311.550: Application time: 0.1473740 seconds
311.550: [GC311.550: [DefNew: 35152K->1748K(37568K), 0.0005970 secs] 39688K->6284K(120960K), 0.0006200 secs] [Times: user=0.00 sys=0.00, real=0.00 secs] 
311.550: Total time for which application threads were stopped: 0.0008210 seconds, Stopping threads took: 0.0001430 seconds
311.700: Application time: 0.1499540 seconds
311.700: [GC311.700: [DefNew: 35153K->1748K(37568K), 0.0005980 secs] 39689K->6284K(120960K), 0.0006210 secs] [Times: user=0.00 sys=0.00, real=0.00 secs] 
311.701: Total time for which application threads were stopped: 0.0007330 seconds, Stopping threads took: 0.0000580 seconds
311.851: Application time: 0.1501660 seconds
311.851: [GC311.851: [DefNew: 35152K->1748K(37568K), 0.0006030 secs] 39689K->6284K(120960K), 0.0006300 secs] [Times: user=0.00 sys=0.00, real=0.00 secs] 
311.852: Total time for which application threads were stopped: 0.0007550 seconds, Stopping threads took: 0.0000740 seconds
312.002: Application time: 0.1497190 seconds
312.002: [GC312.002: [DefNew: 35152K->1748K(37568K), 0.0006000 secs] 39689K->6284K(120960K), 0.0006230 secs] [Times: user=0.00 sys=0.00, real=0.00 secs] 
312.003: Total time for which application threads were stopped: 0.0007520 seconds, Stopping threads took: 0.0000810 seconds
312.131: Application time: 0.1289130 seconds
312.132: [GC312.132: [DefNew: 35153K->1748K(37568K), 0.0005900 secs] 39690K->6285K(120960K), 0.0006140 secs] [Times: user=0.00 sys=0.00, real=0.00 secs] 
312.132: Total time for which application threads were stopped: 0.0007570 seconds, Stopping threads took: 0.0000850 seconds
312.259: Application time: 0.1264200 seconds
312.259: [GC312.259: [DefNew: 35156K->1749K(37568K), 0.0006310 secs] 39692K->6285K(120960K), 0.0006590 secs] [Times: user=0.01 sys=0.00, real=0.01 secs] 
312.259: Total time for which application threads were stopped: 0.0007850 seconds, Stopping threads took: 0.0000780 seconds
312.387: Application time: 0.1276600 seconds
312.387: [GC312.387: [DefNew: 35155K->1749K(37568K), 0.0005890 secs] 39691K->6285K(120960K), 0.0006120 secs] [Times: user=0.00 sys=0.00, real=0.00 secs] 
312.388: Total time for which application threads were stopped: 0.0008250 seconds, Stopping threads took: 0.0001440 seconds
312.494: Application time: 0.1065280 seconds
312.495: [GC312.495: [DefNew: 35154K->1741K(37568K), 0.0006190 secs] 39691K->6277K(120960K), 0.0006470 secs] [Times: user=0.00 sys=0.00, real=0.00 secs] 
312.495: Total time for which application threads were stopped: 0.0007610 seconds, Stopping threads took: 0.0000640 seconds
312.593: Application time: 0.0981300 seconds
312.593: [GC312.593: [DefNew: 35147K->1751K(37568K), 0.0005910 secs] 39683K->6287K(120960K), 0.0006140 secs] [Times: user=0.00 sys=0.00, real=0.00 secs] 
312.594: Total time for which application threads were stopped: 0.0007000 seconds, Stopping threads took: 0.0000390 seconds
312.737: Application time: 0.1428400 seconds
312.737: [GC312.737: [DefNew: 35157K->1749K(37568K), 0.0005990 secs] 39693K->6285K(120960K), 0.0006220 secs] [Times: user=0.00 sys=0.00, real=0.00 secs] 
312.738: Total time for which application threads were stopped: 0.0007730 seconds, Stopping threads took: 0.0000730 seconds
312.861: Application time: 0.1232440 seconds
312.861: [GC312.861: [DefNew: 35154K->1749K(37568K), 0.0006170 secs] 39690K->6286K(120960K), 0.0006440 secs] [Times: user=0.00 sys=0.00, real=0.00 secs] 
312.862: Total time for which application threads were stopped: 0.0007970 seconds, Stopping threads took: 0.0001020 seconds
313.003: Application time: 0.1411310 seconds
313.003: [GC313.003: [DefNew: 35153K->1750K(37568K), 0.0006650 secs] 39690K->6286K(120960K), 0.0006930 secs] [Times: user=0.00 sys=0.00, real=0.00 secs] 
313.004: Total time for which application threads were stopped: 0.0008930 seconds, Stopping threads took: 0.0001500 seconds
313.153: Application time: 0.1495210 seconds
313.153: [GC313.153: [DefNew: 35154K->1748K(37568K), 0.0005960 secs] 39691K->6285K(120960K), 0.0006200 secs] [Times: user=0.00 sys=0.00, real=0.00 secs] 
313.154: Total time for which application threads were stopped: 0.0007250 seconds, Stopping threads took: 0.0000580 seconds
313.302: Application time: 0.1483170 seconds
313.302: [GC313.302: [DefNew: 35154K->1748K(37568K), 0.0006210 secs] 39691K->6285K(120960K), 0.0006470 secs] [Times: user=0.00 sys=0.00, real=0.00 secs] 
313.303: Total time for which application threads were stopped: 0.0007890 seconds, Stopping threads took: 0.0000820 seconds
313.453: Application time: 0.1499350 seconds
313.453: [GC313.453: [DefNew: 35153K->1748K(37568K), 0.0006080 secs] 39690K->6285K(120960K), 0.0006300 secs] [Times: user=0.00 sys=0.00, real=0.00 secs] 
313.454: Total time for which application threads were stopped: 0.0007440 seconds, Stopping threads took: 0.0000660 seconds
313.604: Application time: 0.1506040 seconds
313.604: [GC313.604: [DefNew: 35152K->1748K(37568K), 0.0006010 secs] 39689K->6285K(120960K), 0.0006270 secs] [Times: user=0.00 sys=0.00, real=0.00 secs] 
313.605: Total time for which application threads were stopped: 0.0006920 seconds, Stopping threads took: 0.0000140 seconds
313.755: Application time: 0.1495660 seconds
313.755: [GC313.755: [DefNew: 35152K->1748K(37568K), 0.0006130 secs] 39689K->6285K(120960K), 0.0006390 secs] [Times: user=0.00 sys=0.00, real=0.00 secs] 
313.755: Total time for which application threads were stopped: 0.0007560 seconds, Stopping threads took: 0.0000640 seconds
313.876: Application time: 0.1205720 seconds
313.876: [GC313.876: [DefNew: 35154K->1744K(37568K), 0.0006520 secs] 39691K->6281K(120960K), 0.0006800 secs] [Times: user=0.00 sys=0.00, real=0.00 secs] 
313.877: Total time for which application threads were stopped: 0.0008270 seconds, Stopping threads took: 0.0000890 seconds
314.012: Application time: 0.1355960 seconds
314.012: [GC314.012: [DefNew: 35149K->1748K(37568K), 0.0005960 secs] 39686K->6285K(120960K), 0.0006200 secs] [Times: user=0.01 sys=0.00, real=0.00 secs] 
314.013: Total time for which application threads were stopped: 0.0007480 seconds, Stopping threads took: 0.0000710 seconds
314.140: Application time: 0.1273690 seconds
314.141: [GC314.141: [DefNew: 35152K->1749K(37568K), 0.0006340 secs] 39689K->6285K(120960K), 0.0006590 secs] [Times: user=0.00 sys=0.00, real=0.00 secs] 
314.141: Total time for which application threads were stopped: 0.0007960 seconds, Stopping threads took: 0.0000900 seconds
314.231: Application time: 0.0902210 seconds
314.232: [GC314.232: [DefNew: 35155K->1742K(37568K), 0.0006000 secs] 39692K->6279K(120960K), 0.0006240 secs] [Times: user=0.00 sys=0.00, real=0.00 secs] 
314.232: Total time for which application threads were stopped: 0.0007270 seconds, Stopping threads took: 0.0000580 seconds
314.344: Application time: 0.1122520 seconds
314.345: [GC314.345: [DefNew: 35150K->1750K(37568K), 0.0005960 secs] 39686K->6287K(120960K), 0.0006170 secs] [Times: user=0.00 sys=0.00, real=0.00 secs] 
314.345: Total time for which application threads were stopped: 0.0007200 seconds, Stopping threads took: 0.0000560 seconds
314.489: Application time: 0.1441430 seconds
314.489: [GC314.489: [DefNew: 35155K->1748K(37568K), 0.0006030 secs] 39692K->6285K(120960K), 0.0006310 secs] [Times: user=0.00 sys=0.00, real=0.00 secs] 
314.490: Total time for which application threads were stopped: 0.0007710 seconds, Stopping threads took: 0.0000800 seconds
314.613: Application time: 0.1225730 seconds
314.613: [GC314.613: [DefNew: 35154K->1750K(37568K), 0.0006040 secs] 39691K->6287K(120960K), 0.0006270 secs] [Times: user=0.00 sys=0.00, real=0.00 secs] 
314.613: Total time for which application threads were stopped: 0.0007630 seconds, Stopping threads took: 0.0000860 seconds
314.757: Application time: 0.1435750 seconds
314.757: [GC314.757: [DefNew: 35154K->1749K(37568K), 0.0006140 secs] 39691K->6286K(120960K), 0.0006410 secs] [Times: user=0.00 sys=0.00, real=0.00 secs] 
314.758: Total time for which application threads were stopped: 0.0008090 seconds, Stopping threads took: 0.0001160 seconds
314.907: Application time: 0.1490930 seconds
314.907: [GC314.907: [DefNew: 35154K->1748K(37568K), 0.0006600 secs] 39691K->6285K(120960K), 0.0006870 secs] [Times: user=0.00 sys=0.00, real=0.00 secs] 
314.908: Total time for which application threads were stopped: 0.0008360 seconds, Stopping threads took: 0.0000950 seconds
315.056: Application time: 0.1478640 seconds
315.056: [GC315.056: [DefNew: 35154K->1748K(37568K), 0.0006500 secs] 39691K->6286K(120960K), 0.0006780 secs] [Times: user=0.00 sys=0.00, real=0.00 secs] 
315.056: Total time for which application threads were stopped: 0.0008110 seconds, Stopping threads took: 0.0000720 seconds
315.207: Application time: 0.1503720 seconds
315.207: [GC315.207: [DefNew: 35153K->1748K(37568K), 0.0006490 secs] 39690K->6285K(120960K), 0.0006850 secs] [Times: user=0.00 sys=0.00, real=0.00 secs] 
315.208: Total time for which application threads were stopped: 0.0008740 seconds, Stopping threads took: 0.0001370 seconds
315.358: Application time: 0.1501900 seconds
315.358: [GC315.358: [DefNew: 35152K->1748K(37568K), 0.0005970 secs] 39690K->6285K(120960K), 0.0006230 secs] [Times: user=0.01 sys=0.00, real=0.00 secs] 
315.359: Total time for which application threads were stopped: 0.0007560 seconds, Stopping threads took: 0.0000840 seconds
315.507: Application time: 0.1487050 seconds
315.507: [GC315.507: [DefNew: 35154K->1743K(37568K), 0.0006130 secs] 39692K->6281K(120960K), 0.0015080 secs] [Times: user=0.00 sys=0.00, real=0.00 secs] 
315.509: Total time for which application threads were stopped: 0.0016060 seconds, Stopping threads took: 0.0000430 seconds
315.619: Application time: 0.1096970 seconds
315.619: [GC315.619: [DefNew: 35149K->1587K(37568K), 0.0005850 secs] 39687K->6125K(120960K), 0.0006100 secs] [Times: user=0.00 sys=0.00, real=0.00 secs] 
315.619: Total time for which application threads were stopped: 0.0007360 seconds, Stopping threads took: 0.0000660 seconds
315.760: Application time: 0.1406240 seconds
315.760: [GC315.760: [DefNew: 34994K->1615K(37568K), 0.0006170 secs] 39531K->6153K(120960K), 0.0006420 secs] [Times: user=0.00 sys=0.00, real=0.00 secs] 
315.761: Total time for which application threads were stopped: 0.0007690 seconds, Stopping threads took: 0.0000800 seconds
315.884: Application time: 0.1229450 seconds
315.884: [GC315.884: [DefNew: 35023K->1744K(37568K), 0.0005930 secs] 39560K->6282K(120960K), 0.0006150 secs] [Times: user=0.00 sys=0.00, real=0.00 secs] 
315.884: Total time for which application threads were stopped: 0.0007210 seconds, Stopping threads took: 0.0000600 seconds
315.968: Application time: 0.0836330 seconds
315.968: [GC315.968: [DefNew: 35151K->1741K(37568K), 0.0006160 secs] 39688K->6279K(120960K), 0.0006390 secs] [Times: user=0.00 sys=0.00, real=0.00 secs] 
315.969: Total time for which application threads were stopped: 0.0007440 seconds, Stopping threads took: 0.0000570 seconds
316.096: Application time: 0.1267930 seconds
316.096: [GC316.096: [DefNew: 35146K->1750K(37568K), 0.0006380 secs] 39684K->6287K(120960K), 0.0006610 secs] [Times: user=0.00 sys=0.00, real=0.00 secs] 
316.096: Total time for which application threads were stopped: 0.0007910 seconds, Stopping threads took: 0.0000840 seconds
316.232: Application time: 0.1357690 seconds
316.235: [GC316.235: [DefNew: 35156K->1745K(37568K), 0.0006300 secs] 39693K->6282K(120960K), 0.0006540 secs] [Times: user=0.00 sys=0.00, real=0.00 secs] 
316.236: Total time for which application threads were stopped: 0.0033340 seconds, Stopping threads took: 0.0026240 seconds
316.364: Application time: 0.1286450 seconds
316.364: [GC316.364: [DefNew: 35153K->1750K(37568K), 0.0006260 secs] 39690K->6288K(120960K), 0.0006520 secs] [Times: user=0.00 sys=0.00, real=0.00 secs] 
316.365: Total time for which application threads were stopped: 0.0007610 seconds, Stopping threads took: 0.0000580 seconds
316.511: Application time: 0.1465320 seconds
316.512: [GC316.512: [DefNew: 35156K->1748K(37568K), 0.0005970 secs] 39694K->6286K(120960K), 0.0006200 secs] [Times: user=0.00 sys=0.00, real=0.00 secs] 
316.512: Total time for which application threads were stopped: 0.0008890 seconds, Stopping threads took: 0.0002010 seconds
316.660: Application time: 0.1473120 seconds
316.660: [GC316.660: [DefNew: 35152K->1748K(37568K), 0.0006260 secs] 39690K->6286K(120960K), 0.0006500 secs] [Times: user=0.00 sys=0.00, real=0.00 secs] 
316.660: Total time for which application threads were stopped: 0.0008030 seconds, Stopping threads took: 0.0001060 seconds
316.810: Application time: 0.1494550 seconds
316.810: [GC316.810: [DefNew: 35153K->1748K(37568K), 0.0006620 secs] 39691K->6286K(120960K), 0.0006900 secs] [Times: user=0.00 sys=0.00, real=0.00 secs] 
316.811: Total time for which application threads were stopped: 0.0008490 seconds, Stopping threads took: 0.0000870 seconds
316.961: Application time: 0.1503890 seconds
316.961: [GC316.961: [DefNew: 35155K->1748K(37568K), 0.0005970 secs] 39693K->6286K(120960K), 0.0006210 secs] [Times: user=0.00 sys=0.00, real=0.00 secs] 
316.962: Total time for which application threads were stopped: 0.0007560 seconds, Stopping threads took: 0.0000790 seconds
317.112: Application time: 0.1496230 seconds
317.112: [GC317.112: [DefNew: 35152K->1748K(37568K), 0.0006320 secs] 39690K->6286K(120960K), 0.0006580 secs] [Times: user=0.00 sys=0.00, real=0.00 secs] 
317.112: Total time for which application threads were stopped: 0.0008620 seconds, Stopping threads took: 0.0001550 seconds
317.251: Application time: 0.1386100 seconds
317.251: [GC317.251: [DefNew: 35155K->1744K(37568K), 0.0006490 secs] 39693K->6282K(120960K), 0.0006770 secs] [Times: user=0.00 sys=0.00, real=0.00 secs] 
317.252: Total time for which application threads were stopped: 0.0008510 seconds, Stopping threads took: 0.0001230 seconds
317.370: Application time: 0.1184820 seconds
317.371: [GC317.371: [DefNew: 35152K->1749K(37568K), 0.0006340 secs] 39690K->6287K(120960K), 0.0006560 secs] [Times: user=0.00 sys=0.00, real=0.00 secs] 
317.371: Total time for which application threads were stopped: 0.0008250 seconds, Stopping threads took: 0.0001110 seconds
317.501: Application time: 0.1296840 seconds
317.501: [GC317.501: [DefNew: 35157K->1744K(37568K), 0.0006070 secs] 39695K->6282K(120960K), 0.0006310 secs] [Times: user=0.00 sys=0.00, real=0.00 secs] 
317.502: Total time for which application threads were stopped: 0.0007540 seconds, Stopping threads took: 0.0000720 seconds
317.625: Application time: 0.1234710 seconds
317.625: [GC317.625: [DefNew: 35149K->1740K(37568K), 0.0006140 secs] 39687K->6278K(120960K), 0.0006420 secs] [Times: user=0.00 sys=0.00, real=0.00 secs] 
317.626: Total time for which application threads were stopped: 0.0008400 seconds, Stopping threads took: 0.0001270 seconds
317.708: Application time: 0.0821880 seconds
317.708: [GC317.708: [DefNew: 35144K->1751K(37568K), 0.0006110 secs] 39682K->6289K(120960K), 0.0006310 secs] [Times: user=0.00 sys=0.00, real=0.00 secs] 
317.709: Total time for which application threads were stopped: 0.0007590 seconds, Stopping threads took: 0.0000790 seconds
317.848: Application time: 0.1391320 seconds
317.848: [GC317.848: [DefNew: 35156K->1749K(37568K), 0.0006270 secs] 39694K->6287K(120960K), 0.0006540 secs] [Times: user=0.00 sys=0.00, real=0.00 secs] 
317.849: Total time for which application threads were stopped: 0.0007960 seconds, Stopping threads took: 0.0000920 seconds
317.976: Application time: 0.1273670 seconds
317.976: [GC317.976: [DefNew: 35153K->1745K(37568K), 0.0006070 secs] 39691K->6283K(120960K), 0.0006360 secs] [Times: user=0.00 sys=0.00, real=0.00 secs] 
317.977: Total time for which application threads were stopped: 0.0007840 seconds, Stopping threads took: 0.0000820 seconds
318.112: Application time: 0.1352790 seconds
318.112: [GC318.112: [DefNew: 35151K->1750K(37568K), 0.0005970 secs] 39689K->6289K(120960K), 0.0006180 secs] [Times: user=0.00 sys=0.00, real=0.00 secs] 
318.113: Total time for which application threads were stopped: 0.0007120 seconds, Stopping threads took: 0.0000460 seconds
318.262: Application time: 0.1493000 seconds
318.263: [GC318.263: [DefNew: 35155K->1748K(37568K), 0.0006600 secs] 39693K->6286K(120960K), 0.0006900 secs] [Times: user=0.00 sys=0.00, real=0.00 secs] 
318.263: Total time for which application threads were stopped: 0.0009770 seconds, Stopping threads took: 0.0002150 seconds
318.411: Application time: 0.1475520 seconds
318.415: [GC318.415: [DefNew: 35154K->1748K(37568K), 0.0005840 secs] 39693K->6287K(120960K), 0.0006070 secs] [Times: user=0.00 sys=0.00, real=0.00 secs] 
318.415: Total time for which application threads were stopped: 0.0046230 seconds, Stopping threads took: 0.0039710 seconds
318.566: Application time: 0.1500850 seconds
318.566: [GC318.566: [DefNew: 35153K->1748K(37568K), 0.0006040 secs] 39691K->6286K(120960K), 0.0006400 secs] [Times: user=0.00 sys=0.00, real=0.00 secs] 
318.566: Total time for which application threads were stopped: 0.0008010 seconds, Stopping threads took: 0.0001020 seconds
318.717: Application time: 0.1507980 seconds
318.717: [GC318.717: [DefNew: 35152K->1748K(37568K), 0.0006060 secs] 39691K->6286K(120960K), 0.0006310 secs] [Times: user=0.00 sys=0.00, real=0.00 secs] 
318.718: Total time for which application threads were stopped: 0.0007750 seconds, Stopping threads took: 0.0000940 seconds
318.868: Application time: 0.1501470 seconds
318.868: [GC318.868: [DefNew: 35152K->1748K(37568K), 0.0005910 secs] 39691K->6286K(120960K), 0.0006140 secs] [Times: user=0.00 sys=0.00, real=0.00 secs] 
318.869: Total time for which application threads were stopped: 0.0007650 seconds, Stopping threads took: 0.0001030 seconds
318.998: Application time: 0.1293240 seconds
318.998: [GC318.998: [DefNew: 35075K->1624K(37568K), 0.0005960 secs] 39613K->6163K(120960K), 0.0006200 secs] [Times: user=0.00 sys=0.00, real=0.01 secs] 
318.999: Total time for which application threads were stopped: 0.0007470 seconds, Stopping threads took: 0.0000800 seconds
319.125: Application time: 0.1263470 seconds
319.125: [GC319.125: [DefNew: 35031K->1749K(37568K), 0.0005910 secs] 39570K->6287K(120960K), 0.0006150 secs] [Times: user=0.00 sys=0.00, real=0.00 secs] 
319.126: Total time for which application threads were stopped: 0.0008210 seconds, Stopping threads took: 0.0001500 seconds
319.253: Application time: 0.1270640 seconds
319.253: [GC319.253: [DefNew: 35153K->1749K(37568K), 0.0006370 secs] 39692K->6287K(120960K), 0.0006610 secs] [Times: user=0.00 sys=0.00, real=0.00 secs] 
319.254: Total time for which application threads were stopped: 0.0008110 seconds, Stopping threads took: 0.0001020 seconds
319.369: Application time: 0.1145850 seconds
319.369: [GC319.369: [DefNew: 35155K->1745K(37568K), 0.0006180 secs] 39694K->6283K(120960K), 0.0006450 secs] [Times: user=0.00 sys=0.00, real=0.00 secs] 
319.369: Total time for which application threads were stopped: 0.0007790 seconds, Stopping threads took: 0.0000840 seconds
319.459: Application time: 0.0895720 seconds
319.459: [GC319.459: [DefNew: 35152K->1751K(37568K), 0.0005910 secs] 39691K->6290K(120960K), 0.0006140 secs] [Times: user=0.00 sys=0.00, real=0.00 secs] 
319.460: Total time for which application threads were stopped: 0.0007860 seconds, Stopping threads took: 0.0001250 seconds
319.603: Application time: 0.1430940 seconds
319.603: [GC319.603: [DefNew: 35156K->1749K(37568K), 0.0005970 secs] 39695K->6287K(120960K), 0.0006190 secs] [Times: user=0.00 sys=0.00, real=0.00 secs] 
319.604: Total time for which application threads were stopped: 0.0007440 seconds, Stopping threads took: 0.0000790 seconds
319.728: Application time: 0.1246160 seconds
319.728: [GC319.728: [DefNew: 35152K->1749K(37568K), 0.0006010 secs] 39691K->6288K(120960K), 0.0006240 secs] [Times: user=0.00 sys=0.00, real=0.00 secs] 
319.729: Total time for which application threads were stopped: 0.0007420 seconds, Stopping threads took: 0.0000650 seconds
319.867: Application time: 0.1383890 seconds
319.867: [GC319.867: [DefNew: 35154K->1750K(37568K), 0.0006220 secs] 39693K->6289K(120960K), 0.0006500 secs] [Times: user=0.00 sys=0.00, real=0.00 secs] 
319.868: Total time for which application threads were stopped: 0.0007900 seconds, Stopping threads took: 0.0000900 seconds
320.018: Application time: 0.1495580 seconds
320.018: [GC320.018: [DefNew: 35155K->1748K(37568K), 0.0006060 secs] 39694K->6287K(120960K), 0.0006320 secs] [Times: user=0.00 sys=0.00, real=0.00 secs] 
320.018: Total time for which application threads were stopped: 0.0007450 seconds, Stopping threads took: 0.0000630 seconds
320.166: Application time: 0.1473770 seconds
320.166: [GC320.166: [DefNew: 35152K->1748K(37568K), 0.0005780 secs] 39691K->6287K(120960K), 0.0006040 secs] [Times: user=0.00 sys=0.00, real=0.00 secs] 
320.166: Total time for which application threads were stopped: 0.0007320 seconds, Stopping threads took: 0.0000780 seconds
320.316: Application time: 0.1499360 seconds
320.317: [GC320.317: [DefNew: 35153K->1748K(37568K), 0.0005990 secs] 39692K->6287K(120960K), 0.0006330 secs] [Times: user=0.00 sys=0.00, real=0.00 secs] 
320.317: Total time for which application threads were stopped: 0.0008030 seconds, Stopping threads took: 0.0001160 seconds
320.467: Application time: 0.1501870 seconds
320.468: [GC320.468: [DefNew: 35152K->1748K(37568K), 0.0006090 secs] 39691K->6287K(120960K), 0.0006330 secs] [Times: user=0.00 sys=0.00, real=0.00 secs] 
320.468: Total time for which application threads were stopped: 0.0008630 seconds, Stopping threads took: 0.0001700 seconds
320.618: Application time: 0.1501610 seconds
320.619: [GC320.619: [DefNew: 35152K->1748K(37568K), 0.0005990 secs] 39691K->6287K(120960K), 0.0006220 secs] [Times: user=0.00 sys=0.00, real=0.01 secs] 
320.619: Total time for which application threads were stopped: 0.0007290 seconds, Stopping threads took: 0.0000600 seconds
320.742: Application time: 0.1228740 seconds
320.742: [GC320.742: [DefNew: 35153K->1744K(37568K), 0.0006020 secs] 39692K->6283K(120960K), 0.0006260 secs] [Times: user=0.00 sys=0.00, real=0.00 secs] 
320.743: Total time for which application threads were stopped: 0.0007970 seconds, Stopping threads took: 0.0001250 seconds
320.875: Application time: 0.1322510 seconds
320.875: [GC320.875: [DefNew: 35149K->1748K(37568K), 0.0006230 secs] 39688K->6287K(120960K), 0.0006480 secs] [Times: user=0.00 sys=0.00, real=0.00 secs] 
320.876: Total time for which application threads were stopped: 0.0008630 seconds, Stopping threads took: 0.0001350 seconds
321.003: Application time: 0.1269400 seconds
321.003: [GC321.003: [DefNew: 35154K->1749K(37568K), 0.0006100 secs] 39693K->6288K(120960K), 0.0006340 secs] [Times: user=0.00 sys=0.00, real=0.00 secs] 
321.004: Total time for which application threads were stopped: 0.0008140 seconds, Stopping threads took: 0.0001110 seconds
321.102: Application time: 0.0981560 seconds
321.102: [GC321.102: [DefNew: 35155K->1737K(37568K), 0.0006150 secs] 39694K->6276K(120960K), 0.0006410 secs] [Times: user=0.00 sys=0.00, real=0.00 secs] 
321.103: Total time for which application threads were stopped: 0.0007390 seconds, Stopping threads took: 0.0000480 seconds
321.207: Application time: 0.1041290 seconds
321.207: [GC321.207: [DefNew: 35143K->1751K(37568K), 0.0006630 secs] 39682K->6290K(120960K), 0.0006900 secs] [Times: user=0.00 sys=0.00, real=0.00 secs] 
321.208: Total time for which application threads were stopped: 0.0009060 seconds, Stopping threads took: 0.0001440 seconds
321.352: Application time: 0.1444300 seconds
321.352: [GC321.352: [DefNew: 35157K->1749K(37568K), 0.0006200 secs] 39696K->6288K(120960K), 0.0006460 secs] [Times: user=0.00 sys=0.00, real=0.00 secs] 
321.353: Total time for which application threads were stopped: 0.0007610 seconds, Stopping threads took: 0.0000640 seconds
321.477: Application time: 0.1240710 seconds
321.477: [GC321.477: [DefNew: 35154K->1749K(37568K), 0.0006140 secs] 39693K->6289K(120960K), 0.0006400 secs] [Times: user=0.00 sys=0.00, real=0.00 secs] 
321.478: Total time for which application threads were stopped: 0.0007700 seconds, Stopping threads took: 0.0000710 seconds
321.619: Application time: 0.1410470 seconds
321.619: [GC321.619: [DefNew: 35157K->1750K(37568K), 0.0006720 secs] 39696K->6289K(120960K), 0.0007010 secs] [Times: user=0.00 sys=0.00, real=0.00 secs] 
321.620: Total time for which application threads were stopped: 0.0008560 seconds, Stopping threads took: 0.0001030 seconds
321.769: Application time: 0.1491420 seconds
321.769: [GC321.769: [DefNew: 35157K->1748K(37568K), 0.0005900 secs] 39696K->6287K(120960K), 0.0006140 secs] [Times: user=0.00 sys=0.00, real=0.00 secs] 
321.770: Total time for which application threads were stopped: 0.0007860 seconds, Stopping threads took: 0.0001250 seconds
321.917: Application time: 0.1479600 seconds
321.918: [GC321.918: [DefNew: 35151K->1748K(37568K), 0.0005970 secs] 39691K->6288K(120960K), 0.0006200 secs] [Times: user=0.00 sys=0.00, real=0.00 secs] 
321.918: Total time for which application threads were stopped: 0.0007800 seconds, Stopping threads took: 0.0001030 seconds
322.068: Application time: 0.1500750 seconds
322.068: [GC322.068: [DefNew: 35153K->1748K(37568K), 0.0006030 secs] 39692K->6287K(120960K), 0.0006280 secs] [Times: user=0.00 sys=0.00, real=0.00 secs] 
322.069: Total time for which application threads were stopped: 0.0007540 seconds, Stopping threads took: 0.0000660 seconds
322.219: Application time: 0.1503040 seconds
322.220: [GC322.220: [DefNew: 35152K->1748K(37568K), 0.0006490 secs] 39692K->6287K(120960K), 0.0006770 secs] [Times: user=0.00 sys=0.00, real=0.00 secs] 
322.220: Total time for which application threads were stopped: 0.0008060 seconds, Stopping threads took: 0.0000780 seconds
322.370: Application time: 0.1498290 seconds
322.370: [GC322.370: [DefNew: 35152K->1748K(37568K), 0.0006010 secs] 39692K->6287K(120960K), 0.0006270 secs] [Times: user=0.00 sys=0.00, real=0.00 secs] 
322.371: Total time for which application threads were stopped: 0.0008060 seconds, Stopping threads took: 0.0001310 seconds
322.485: Application time: 0.1136430 seconds
322.485: [GC322.485: [DefNew: 35155K->1744K(37568K), 0.0005970 secs] 39694K->6284K(120960K), 0.0006210 secs] [Times: user=0.00 sys=0.00, real=0.00 secs] 
322.485: Total time for which application threads were stopped: 0.0007410 seconds, Stopping threads took: 0.0000720 seconds
322.620: Application time: 0.1351800 seconds
322.621: [GC322.621: [DefNew: 35148K->1744K(37568K), 0.0006270 secs] 39688K->6284K(120960K), 0.0006550 secs] [Times: user=0.00 sys=0.00, real=0.00 secs] 
322.621: Total time for which application threads were stopped: 0.0008050 seconds, Stopping threads took: 0.0000870 seconds
322.749: Application time: 0.1275870 seconds
322.749: [GC322.749: [DefNew: 35150K->1744K(37568K), 0.0005870 secs] 39689K->6284K(120960K), 0.0006110 secs] [Times: user=0.00 sys=0.00, real=0.00 secs] 
322.750: Total time for which application threads were stopped: 0.0007340 seconds, Stopping threads took: 0.0000770 seconds
322.836: Application time: 0.0866490 seconds
322.836: [GC322.836: [DefNew: 35149K->1742K(37568K), 0.0006200 secs] 39688K->6281K(120960K), 0.0006470 secs] [Times: user=0.00 sys=0.00, real=0.00 secs] 
322.837: Total time for which application threads were stopped: 0.0008520 seconds, Stopping threads took: 0.0001550 seconds
322.957: Application time: 0.1201450 seconds
322.957: [GC322.957: [DefNew: 35149K->1750K(37568K), 0.0006210 secs] 39688K->6290K(120960K), 0.0006470 secs] [Times: user=0.00 sys=0.00, real=0.00 secs] 
322.958: Total time for which application threads were stopped: 0.0007390 seconds, Stopping threads took: 0.0000410 seconds
323.102: Application time: 0.1444700 seconds
323.103: [GC323.103: [DefNew: 35155K->1748K(37568K), 0.0006090 secs] 39695K->6288K(120960K), 0.0006320 secs] [Times: user=0.00 sys=0.00, real=0.00 secs] 
323.103: Total time for which application threads were stopped: 0.0007670 seconds, Stopping threads took: 0.0000900 seconds
323.225: Application time: 0.1219170 seconds
323.225: [GC323.225: [DefNew: 35156K->1750K(37568K), 0.0006110 secs] 39696K->6290K(120960K), 0.0006330 secs] [Times: user=0.00 sys=0.00, real=0.00 secs] 
323.226: Total time for which application threads were stopped: 0.0007430 seconds, Stopping threads took: 0.0000550 seconds
323.371: Application time: 0.1449780 seconds
323.371: [GC323.371: [DefNew: 35157K->1749K(37568K), 0.0006350 secs] 39697K->6289K(120960K), 0.0006610 secs] [Times: user=0.00 sys=0.00, real=0.00 secs] 
323.372: Total time for which application threads were stopped: 0.0008550 seconds, Stopping threads took: 0.0001470 seconds
323.521: Application time: 0.1490980 seconds
323.521: [GC323.521: [DefNew: 35153K->1748K(37568K), 0.0006180 secs] 39693K->6288K(120960K), 0.0006440 secs] [Times: user=0.00 sys=0.00, real=0.00 secs] 
323.522: Total time for which application threads were stopped: 0.0007570 seconds, Stopping threads took: 0.0000610 seconds
323.670: Application time: 0.1481270 seconds
323.670: [GC323.670: [DefNew: 35154K->1748K(37568K), 0.0005940 secs] 39694K->6288K(120960K), 0.0006260 secs] [Times: user=0.00 sys=0.00, real=0.00 secs] 
323.670: Total time for which application threads were stopped: 0.0007200 seconds, Stopping threads took: 0.0000440 seconds
323.821: Application time: 0.1501300 seconds
323.821: [GC323.821: [DefNew: 35153K->1748K(37568K), 0.0005930 secs] 39693K->6288K(120960K), 0.0006180 secs] [Times: user=0.01 sys=0.00, real=0.00 secs] 
323.821: Total time for which application threads were stopped: 0.0007870 seconds, Stopping threads took: 0.0001060 seconds
323.971: Application time: 0.1498810 seconds
323.971: [GC323.971: [DefNew: 35152K->1748K(37568K), 0.0005920 secs] 39693K->6288K(120960K), 0.0006160 secs] [Times: user=0.01 sys=0.00, real=0.00 secs] 
323.972: Total time for which application threads were stopped: 0.0007440 seconds, Stopping threads took: 0.0000800 seconds
324.115: Application time: 0.1429600 seconds
324.115: [GC324.115: [DefNew: 35152K->1744K(37568K), 0.0005920 secs] 39692K->6284K(120960K), 0.0006130 secs] [Times: user=0.00 sys=0.00, real=0.00 secs] 
324.116: Total time for which application threads were stopped: 0.0007050 seconds, Stopping threads took: 0.0000470 seconds
324.230: Application time: 0.1147560 seconds
324.230: [GC324.231: [DefNew: 35148K->1749K(37568K), 0.0006460 secs] 39688K->6289K(120960K), 0.0006750 secs] [Times: user=0.00 sys=0.00, real=0.00 secs] 
324.231: Total time for which application threads were stopped: 0.0008010 seconds, Stopping threads took: 0.0000770 seconds
324.363: Application time: 0.1318100 seconds
324.363: [GC324.363: [DefNew: 35157K->1744K(37568K), 0.0006480 secs] 39697K->6284K(120960K), 0.0006750 secs] [Times: user=0.00 sys=0.00, real=0.00 secs] 
324.364: Total time for which application threads were stopped: 0.0008430 seconds, Stopping threads took: 0.0001050 seconds
324.491: Application time: 0.1270660 seconds
324.491: [GC324.491: [DefNew: 35150K->1744K(37568K), 0.0005990 secs] 39690K->6284K(120960K), 0.0006400 secs] [Times: user=0.00 sys=0.00, real=0.00 secs] 
324.492: Total time for which application threads were stopped: 0.0007740 seconds, Stopping threads took: 0.0000870 seconds
324.573: Application time: 0.0813170 seconds
324.573: [GC324.573: [DefNew: 35148K->1741K(37568K), 0.0006760 secs] 39689K->6282K(120960K), 0.0007040 secs] [Times: user=0.00 sys=0.00, real=0.00 secs] 
324.574: Total time for which application threads were stopped: 0.0008340 seconds, Stopping threads took: 0.0000800 seconds
324.708: Application time: 0.1338750 seconds
324.708: [GC324.708: [DefNew: 35146K->1750K(37568K), 0.0006250 secs] 39686K->6290K(120960K), 0.0006510 secs] [Times: user=0.00 sys=0.00, real=0.00 secs] 
324.708: Total time for which application threads were stopped: 0.0007610 seconds, Stopping threads took: 0.0000590 seconds
324.844: Application time: 0.1352230 seconds
324.844: [GC324.844: [DefNew: 35154K->1745K(37568K), 0.0006500 secs] 39694K->6285K(120960K), 0.0006780 secs] [Times: user=0.00 sys=0.00, real=0.00 secs] 
324.845: Total time for which application threads were stopped: 0.0008250 seconds, Stopping threads took: 0.0000980 seconds
324.972: Application time: 0.1272090 seconds
324.972: [GC324.972: [DefNew: 35150K->1750K(37568K), 0.0006190 secs] 39690K->6291K(120960K), 0.0006460 secs] [Times: user=0.00 sys=0.00, real=0.00 secs] 
324.973: Total time for which application threads were stopped: 0.0007940 seconds, Stopping threads took: 0.0000870 seconds
325.121: Application time: 0.1485210 seconds
325.121: [GC325.121: [DefNew: 35155K->1748K(37568K), 0.0006000 secs] 39695K->6288K(120960K), 0.0006220 secs] [Times: user=0.00 sys=0.00, real=0.00 secs] 
325.122: Total time for which application threads were stopped: 0.0007210 seconds, Stopping threads took: 0.0000530 seconds
325.269: Application time: 0.1475080 seconds
325.269: [GC325.269: [DefNew: 35154K->1748K(37568K), 0.0006050 secs] 39695K->6289K(120960K), 0.0006310 secs] [Times: user=0.00 sys=0.00, real=0.00 secs] 
325.270: Total time for which application threads were stopped: 0.0007710 seconds, Stopping threads took: 0.0000900 seconds
325.420: Application time: 0.1500590 seconds
325.420: [GC325.420: [DefNew: 35153K->1748K(37568K), 0.0006170 secs] 39694K->6288K(120960K), 0.0006510 secs] [Times: user=0.00 sys=0.00, real=0.00 secs] 
325.421: Total time for which application threads were stopped: 0.0008290 seconds, Stopping threads took: 0.0001050 seconds
325.571: Application time: 0.1499210 seconds
325.571: [GC325.571: [DefNew: 35152K->1748K(37568K), 0.0006000 secs] 39693K->6288K(120960K), 0.0006270 secs] [Times: user=0.00 sys=0.00, real=0.00 secs] 
325.572: Total time for which application threads were stopped: 0.0007910 seconds, Stopping threads took: 0.0001020 seconds
325.722: Application time: 0.1499480 seconds
325.722: [GC325.722: [DefNew: 35152K->1748K(37568K), 0.0006020 secs] 39693K->6288K(120960K), 0.0016330 secs] [Times: user=0.00 sys=0.00, real=0.00 secs] 
325.723: Total time for which application threads were stopped: 0.0017410 seconds, Stopping threads took: 0.0000540 seconds
325.858: Application time: 0.1342420 seconds
325.858: [GC325.858: [DefNew: 35154K->1744K(37568K), 0.0005990 secs] 39695K->6284K(120960K), 0.0006220 secs] [Times: user=0.01 sys=0.00, real=0.00 secs] 
325.858: Total time for which application threads were stopped: 0.0007280 seconds, Stopping threads took: 0.0000590 seconds
325.981: Application time: 0.1222750 seconds
325.981: [GC325.981: [DefNew: 35149K->1749K(37568K), 0.0006010 secs] 39690K->6290K(120960K), 0.0006250 secs] [Times: user=0.00 sys=0.00, real=0.00 secs] 
325.981: Total time for which application threads were stopped: 0.0007600 seconds, Stopping threads took: 0.0000890 seconds
326.108: Application time: 0.1270200 seconds
326.108: [GC326.109: [DefNew: 35157K->1749K(37568K), 0.0005960 secs] 39697K->6289K(120960K), 0.0006210 secs] [Times: user=0.00 sys=0.00, real=0.00 secs] 
326.109: Total time for which application threads were stopped: 0.0007290 seconds, Stopping threads took: 0.0000480 seconds
326.227: Application time: 0.1176500 seconds
326.227: [GC326.227: [DefNew: 35156K->1745K(37568K), 0.0005850 secs] 39697K->6286K(120960K), 0.0006070 secs] [Times: user=0.00 sys=0.00, real=0.00 secs] 
326.228: Total time for which application threads were stopped: 0.0007410 seconds, Stopping threads took: 0.0000670 seconds
326.317: Application time: 0.0898530 seconds
326.317: [GC326.317: [DefNew: 35151K->1751K(37568K), 0.0006200 secs] 39692K->6291K(120960K), 0.0006460 secs] [Times: user=0.00 sys=0.00, real=0.00 secs] 
326.318: Total time for which application threads were stopped: 0.0007550 seconds, Stopping threads took: 0.0000580 seconds
326.459: Application time: 0.1404550 seconds
326.459: [GC326.459: [DefNew: 35158K->1749K(37568K), 0.0006050 secs] 39699K->6290K(120960K), 0.0006300 secs] [Times: user=0.00 sys=0.00, real=0.00 secs] 
326.459: Total time for which application threads were stopped: 0.0008110 seconds, Stopping threads took: 0.0001260 seconds
326.586: Application time: 0.1263260 seconds
326.586: [GC326.586: [DefNew: 35153K->1745K(37568K), 0.0006070 secs] 39693K->6285K(120960K), 0.0006320 secs] [Times: user=0.00 sys=0.00, real=0.00 secs] 
326.587: Total time for which application threads were stopped: 0.0007960 seconds, Stopping threads took: 0.0001140 seconds
326.723: Application time: 0.1367640 seconds
326.723: [GC326.723: [DefNew: 35150K->1750K(37568K), 0.0005980 secs] 39691K->6291K(120960K), 0.0006210 secs] [Times: user=0.00 sys=0.00, real=0.00 secs] 
326.724: Total time for which application threads were stopped: 0.0007520 seconds, Stopping threads took: 0.0000750 seconds
326.873: Application time: 0.1491010 seconds
326.873: [GC326.873: [DefNew: 35155K->1748K(37568K), 0.0006120 secs] 39696K->6289K(120960K), 0.0006390 secs] [Times: user=0.00 sys=0.00, real=0.00 secs] 
326.874: Total time for which application threads were stopped: 0.0008100 seconds, Stopping threads took: 0.0001210 seconds
327.021: Application time: 0.1471130 seconds
327.021: [GC327.021: [DefNew: 35151K->1748K(37568K), 0.0006010 secs] 39693K->6289K(120960K), 0.0006240 secs] [Times: user=0.00 sys=0.00, real=0.00 secs] 
327.022: Total time for which application threads were stopped: 0.0007290 seconds, Stopping threads took: 0.0000580 seconds
327.172: Application time: 0.1500880 seconds
327.172: [GC327.172: [DefNew: 35153K->1748K(37568K), 0.0005650 secs] 39694K->6289K(120960K), 0.0005950 secs] [Times: user=0.00 sys=0.00, real=0.00 secs] 
327.173: Total time for which application threads were stopped: 0.0007240 seconds, Stopping threads took: 0.0000840 seconds
327.323: Application time: 0.1505790 seconds
327.323: [GC327.323: [DefNew: 35152K->1748K(37568K), 0.0006180 secs] 39694K->6289K(120960K), 0.0006440 secs] [Times: user=0.00 sys=0.00, real=0.00 secs] 
327.324: Total time for which application threads were stopped: 0.0007930 seconds, Stopping threads took: 0.0000880 seconds
327.473: Application time: 0.1494820 seconds
327.474: [GC327.474: [DefNew: 35152K->1748K(37568K), 0.0006060 secs] 39694K->6289K(120960K), 0.0006310 secs] [Times: user=0.00 sys=0.00, real=0.00 secs] 
327.474: Total time for which application threads were stopped: 0.0007620 seconds, Stopping threads took: 0.0000810 seconds
327.600: Application time: 0.1253690 seconds
327.600: [GC327.600: [DefNew: 35151K->1744K(37568K), 0.0006110 secs] 39693K->6285K(120960K), 0.0006370 secs] [Times: user=0.00 sys=0.00, real=0.00 secs] 
327.600: Total time for which application threads were stopped: 0.0008240 seconds, Stopping threads took: 0.0001170 seconds
327.730: Application time: 0.1296810 seconds
327.730: [GC327.730: [DefNew: 35151K->1749K(37568K), 0.0006060 secs] 39693K->6290K(120960K), 0.0006300 secs] [Times: user=0.00 sys=0.00, real=0.00 secs] 
327.731: Total time for which application threads were stopped: 0.0007940 seconds, Stopping threads took: 0.0001080 seconds
327.858: Application time: 0.1273780 seconds
327.858: [GC327.858: [DefNew: 35153K->1749K(37568K), 0.0006120 secs] 39694K->6290K(120960K), 0.0006370 secs] [Times: user=0.00 sys=0.00, real=0.01 secs] 
327.859: Total time for which application threads were stopped: 0.0007710 seconds, Stopping threads took: 0.0000760 seconds
327.967: Application time: 0.1080910 seconds
327.967: [GC327.967: [DefNew: 35121K->1621K(37568K), 0.0005990 secs] 39662K->6162K(120960K), 0.0006240 secs] [Times: user=0.00 sys=0.00, real=0.00 secs] 
327.968: Total time for which application threads were stopped: 0.0007870 seconds, Stopping threads took: 0.0001160 seconds
328.064: Application time: 0.0961470 seconds
328.064: [GC328.064: [DefNew: 35026K->1751K(37568K), 0.0006160 secs] 39567K->6292K(120960K), 0.0006420 secs] [Times: user=0.00 sys=0.00, real=0.00 secs] 
328.065: Total time for which application threads were stopped: 0.0007590 seconds, Stopping threads took: 0.0000660 seconds
328.207: Application time: 0.1418250 seconds
328.207: [GC328.207: [DefNew: 35155K->1749K(37568K), 0.0006070 secs] 39697K->6290K(120960K), 0.0006330 secs] [Times: user=0.00 sys=0.00, real=0.00 secs] 
328.207: Total time for which application threads were stopped: 0.0008010 seconds, Stopping threads took: 0.0001180 seconds
328.333: Application time: 0.1255470 seconds
328.333: [GC328.333: [DefNew: 35155K->1749K(37568K), 0.0006030 secs] 39697K->6291K(120960K), 0.0006280 secs] [Times: user=0.00 sys=0.00, real=0.00 secs] 
328.334: Total time for which application threads were stopped: 0.0007570 seconds, Stopping threads took: 0.0000830 seconds
328.474: Application time: 0.1398840 seconds
328.474: [GC328.474: [DefNew: 35156K->1750K(37568K), 0.0006180 secs] 39698K->6292K(120960K), 0.0006430 secs] [Times: user=0.00 sys=0.00, real=0.00 secs] 
328.474: Total time for which application threads were stopped: 0.0008010 seconds, Stopping threads took: 0.0000970 seconds
328.624: Application time: 0.1494250 seconds
328.624: [GC328.624: [DefNew: 35154K->1748K(37568K), 0.0005950 secs] 39696K->6290K(120960K), 0.0006180 secs] [Times: user=0.00 sys=0.00, real=0.00 secs] 
328.625: Total time for which application threads were stopped: 0.0007110 seconds, Stopping threads took: 0.0000470 seconds
328.772: Application time: 0.1472160 seconds
328.772: [GC328.772: [DefNew: 35152K->1748K(37568K), 0.0006500 secs] 39693K->6290K(120960K), 0.0006860 secs] [Times: user=0.00 sys=0.00, real=0.00 secs] 
328.773: Total time for which application threads were stopped: 0.0008120 seconds, Stopping threads took: 0.0000740 seconds
328.923: Application time: 0.1499410 seconds
328.923: [GC328.923: [DefNew: 35153K->1748K(37568K), 0.0006060 secs] 39695K->6290K(120960K), 0.0006300 secs] [Times: user=0.00 sys=0.00, real=0.00 secs] 
328.923: Total time for which application threads were stopped: 0.0008220 seconds, Stopping threads took: 0.0001250 seconds
329.074: Application time: 0.1504320 seconds
329.074: [GC329.074: [DefNew: 35152K->1748K(37568K), 0.0006460 secs] 39694K->6290K(120960K), 0.0006720 secs] [Times: user=0.00 sys=0.00, real=0.00 secs] 
329.075: Total time for which application threads were stopped: 0.0008350 seconds, Stopping threads took: 0.0001040 seconds
329.224: Application time: 0.1497240 seconds
329.225: [GC329.225: [DefNew: 35152K->1748K(37568K), 0.0005890 secs] 39694K->6290K(120960K), 0.0006120 secs] [Times: user=0.00 sys=0.00, real=0.00 secs] 
329.225: Total time for which application threads were stopped: 0.0008710 seconds, Stopping threads took: 0.0002030 seconds
329.341: Application time: 0.1155750 seconds
329.341: [GC329.341: [DefNew: 35156K->1744K(37568K), 0.0006000 secs] 39697K->6286K(120960K), 0.0006230 secs] [Times: user=0.00 sys=0.00, real=0.00 secs] 
329.342: Total time for which application threads were stopped: 0.0007380 seconds, Stopping threads took: 0.0000690 seconds
329.480: Application time: 0.1381040 seconds
329.480: [GC329.480: [DefNew: 35149K->1744K(37568K), 0.0006360 secs] 39690K->6286K(120960K), 0.0006600 secs] [Times: user=0.00 sys=0.00, real=0.00 secs] 
329.481: Total time for which application threads were stopped: 0.0008250 seconds, Stopping threads took: 0.0001170 seconds
329.608: Application time: 0.1277330 seconds
329.608: [GC329.608: [DefNew: 35150K->1749K(37568K), 0.0006240 secs] 39691K->6290K(120960K), 0.0006480 secs] [Times: user=0.01 sys=0.00, real=0.00 secs] 
329.609: Total time for which application threads were stopped: 0.0008640 seconds, Stopping threads took: 0.0001410 seconds
329.701: Application time: 0.0923440 seconds
329.702: [GC329.702: [DefNew: 35154K->1742K(37568K), 0.0006170 secs] 39696K->6284K(120960K), 0.0006420 secs] [Times: user=0.00 sys=0.00, real=0.00 secs] 
329.702: Total time for which application threads were stopped: 0.0008330 seconds, Stopping threads took: 0.0001190 seconds
329.813: Application time: 0.1104310 seconds
329.813: [GC329.813: [DefNew: 35145K->1750K(37568K), 0.0006230 secs] 39687K->6292K(120960K), 0.0006480 secs] [Times: user=0.00 sys=0.00, real=0.00 secs] 
329.814: Total time for which application threads were stopped: 0.0008100 seconds, Stopping threads took: 0.0000950 seconds
329.958: Application time: 0.1441760 seconds
329.958: [GC329.958: [DefNew: 35157K->1748K(37568K), 0.0005980 secs] 39699K->6291K(120960K), 0.0006230 secs] [Times: user=0.00 sys=0.00, real=0.00 secs] 
329.959: Total time for which application threads were stopped: 0.0007900 seconds, Stopping threads took: 0.0001100 seconds
330.081: Application time: 0.1224570 seconds
330.081: [GC330.081: [DefNew: 35156K->1750K(37568K), 0.0006030 secs] 39698K->6292K(120960K), 0.0006270 secs] [Times: user=0.00 sys=0.00, real=0.00 secs] 
330.082: Total time for which application threads were stopped: 0.0007760 seconds, Stopping threads took: 0.0001010 seconds
330.225: Application time: 0.1434970 seconds
330.225: [GC330.225: [DefNew: 35154K->1749K(37568K), 0.0006240 secs] 39696K->6291K(120960K), 0.0006510 secs] [Times: user=0.00 sys=0.00, real=0.00 secs] 
330.226: Total time for which application threads were stopped: 0.0007720 seconds, Stopping threads took: 0.0000590 seconds
330.375: Application time: 0.1489660 seconds
330.379: [GC330.379: [DefNew: 35154K->1748K(37568K), 0.0005980 secs] 39696K->6290K(120960K), 0.0006210 secs] [Times: user=0.01 sys=0.00, real=0.00 secs] 
330.379: Total time for which application threads were stopped: 0.0044460 seconds, Stopping threads took: 0.0037770 seconds
330.527: Application time: 0.1475470 seconds
330.527: [GC330.527: [DefNew: 35154K->1748K(37568K), 0.0006620 secs] 39697K->6291K(120960K), 0.0007000 secs] [Times: user=0.00 sys=0.00, real=0.00 secs] 
330.528: Total time for which application threads were stopped: 0.0008880 seconds, Stopping threads took: 0.0001150 seconds
330.678: Application time: 0.1498940 seconds
330.678: [GC330.678: [DefNew: 35153K->1748K(37568K), 0.0005840 secs] 39695K->6290K(120960K), 0.0006060 secs] [Times: user=0.00 sys=0.00, real=0.00 secs] 
330.679: Total time for which application threads were stopped: 0.0007070 seconds, Stopping threads took: 0.0000530 seconds
330.828: Application time: 0.1499630 seconds
330.829: [GC330.829: [DefNew: 35152K->1748K(37568K), 0.0006550 secs] 39695K->6290K(120960K), 0.0015510 secs] [Times: user=0.00 sys=0.00, real=0.00 secs] 
330.830: Total time for which application threads were stopped: 0.0017430 seconds, Stopping threads took: 0.0001070 seconds
330.978: Application time: 0.1481310 seconds
330.978: [GC330.979: [DefNew: 35154K->1743K(37568K), 0.0006110 secs] 39697K->6286K(120960K), 0.0006370 secs] [Times: user=0.00 sys=0.00, real=0.01 secs] 
330.979: Total time for which application threads were stopped: 0.0007910 seconds, Stopping threads took: 0.0001050 seconds
331.089: Application time: 0.1095670 seconds
331.089: [GC331.089: [DefNew: 35150K->1749K(37568K), 0.0006690 secs] 39692K->6292K(120960K), 0.0006970 secs] [Times: user=0.00 sys=0.00, real=0.00 secs] 
331.090: Total time for which application threads were stopped: 0.0008560 seconds, Stopping threads took: 0.0001080 seconds
331.225: Application time: 0.1355870 seconds
331.225: [GC331.225: [DefNew: 35155K->1744K(37568K), 0.0006000 secs] 39697K->6286K(120960K), 0.0006230 secs] [Times: user=0.01 sys=0.00, real=0.00 secs] 
331.226: Total time for which application threads were stopped: 0.0007730 seconds, Stopping threads took: 0.0000940 seconds
331.351: Application time: 0.1250990 seconds
331.351: [GC331.351: [DefNew: 35148K->1744K(37568K), 0.0005950 secs] 39690K->6287K(120960K), 0.0006200 secs] [Times: user=0.00 sys=0.00, real=0.00 secs] 
331.352: Total time for which application threads were stopped: 0.0008140 seconds, Stopping threads took: 0.0001350 seconds
331.441: Application time: 0.0892070 seconds
331.441: [GC331.441: [DefNew: 35150K->1742K(37568K), 0.0006200 secs] 39692K->6284K(120960K), 0.0006480 secs] [Times: user=0.00 sys=0.00, real=0.00 secs] 
331.442: Total time for which application threads were stopped: 0.0007660 seconds, Stopping threads took: 0.0000700 seconds
331.568: Application time: 0.1257280 seconds
331.568: [GC331.568: [DefNew: 35148K->1750K(37568K), 0.0006580 secs] 39690K->6292K(120960K), 0.0006840 secs] [Times: user=0.00 sys=0.00, real=0.00 secs] 
331.568: Total time for which application threads were stopped: 0.0008110 seconds, Stopping threads took: 0.0000760 seconds
331.712: Application time: 0.1431970 seconds
331.712: [GC331.712: [DefNew: 35157K->1744K(37568K), 0.0006310 secs] 39700K->6287K(120960K), 0.0006560 secs] [Times: user=0.00 sys=0.00, real=0.00 secs] 
331.712: Total time for which application threads were stopped: 0.0007980 seconds, Stopping threads took: 0.0000950 seconds
331.834: Application time: 0.1220880 seconds
331.835: [GC331.835: [DefNew: 35152K->1750K(37568K), 0.0006090 secs] 39694K->6293K(120960K), 0.0006330 secs] [Times: user=0.00 sys=0.00, real=0.00 secs] 
331.835: Total time for which application threads were stopped: 0.0007370 seconds, Stopping threads took: 0.0000570 seconds
331.981: Application time: 0.1459580 seconds
331.981: [GC331.981: [DefNew: 35154K->1749K(37568K), 0.0006000 secs] 39697K->6291K(120960K), 0.0006240 secs] [Times: user=0.00 sys=0.00, real=0.00 secs] 
331.982: Total time for which application threads were stopped: 0.0007810 seconds, Stopping threads took: 0.0000970 seconds
332.131: Application time: 0.1492190 seconds
332.131: [GC332.131: [DefNew: 35153K->1748K(37568K), 0.0006130 secs] 39696K->6291K(120960K), 0.0006390 secs] [Times: user=0.00 sys=0.00, real=0.00 secs] 
332.132: Total time for which application threads were stopped: 0.0007780 seconds, Stopping threads took: 0.0000890 seconds
332.280: Application time: 0.1483390 seconds
332.280: [GC332.280: [DefNew: 35154K->1748K(37568K), 0.0006280 secs] 39697K->6291K(120960K), 0.0006620 secs] [Times: user=0.00 sys=0.00, real=0.00 secs] 
332.281: Total time for which application threads were stopped: 0.0008120 seconds, Stopping threads took: 0.0001030 seconds
332.432: Application time: 0.1505010 seconds
332.432: [GC332.432: [DefNew: 35153K->1748K(37568K), 0.0005940 secs] 39696K->6291K(120960K), 0.0006200 secs] [Times: user=0.00 sys=0.00, real=0.00 secs] 
332.432: Total time for which application threads were stopped: 0.0007550 seconds, Stopping threads took: 0.0000880 seconds
332.583: Application time: 0.1503030 seconds
332.583: [GC332.583: [DefNew: 35152K->1748K(37568K), 0.0005960 secs] 39695K->6291K(120960K), 0.0006220 secs] [Times: user=0.00 sys=0.00, real=0.00 secs] 
332.583: Total time for which application threads were stopped: 0.0007800 seconds, Stopping threads took: 0.0001010 seconds
332.720: Application time: 0.1368710 seconds
332.720: [GC332.720: [DefNew: 35155K->1744K(37568K), 0.0006090 secs] 39698K->6287K(120960K), 0.0006370 secs] [Times: user=0.00 sys=0.00, real=0.00 secs] 
332.721: Total time for which application threads were stopped: 0.0007830 seconds, Stopping threads took: 0.0000950 seconds
332.841: Application time: 0.1197760 seconds
332.841: [GC332.841: [DefNew: 35151K->1749K(37568K), 0.0005900 secs] 39694K->6292K(120960K), 0.0006130 secs] [Times: user=0.00 sys=0.00, real=0.00 secs] 
332.842: Total time for which application threads were stopped: 0.0007520 seconds, Stopping threads took: 0.0000940 seconds
332.969: Application time: 0.1272140 seconds
332.969: [GC332.969: [DefNew: 35157K->1749K(37568K), 0.0006130 secs] 39700K->6292K(120960K), 0.0006390 secs] [Times: user=0.00 sys=0.00, real=0.00 secs] 
332.970: Total time for which application threads were stopped: 0.0007520 seconds, Stopping threads took: 0.0000620 seconds
333.092: Application time: 0.1226560 seconds
333.092: [GC333.092: [DefNew: 35156K->1745K(37568K), 0.0006070 secs] 39699K->6288K(120960K), 0.0006340 secs] [Times: user=0.00 sys=0.00, real=0.00 secs] 
333.093: Total time for which application threads were stopped: 0.0007600 seconds, Stopping threads took: 0.0000670 seconds
333.180: Application time: 0.0870120 seconds
333.180: [GC333.180: [DefNew: 35152K->1746K(37568K), 0.0005910 secs] 39695K->6289K(120960K), 0.0006140 secs] [Times: user=0.00 sys=0.00, real=0.00 secs] 
333.181: Total time for which application threads were stopped: 0.0008130 seconds, Stopping threads took: 0.0001330 seconds
333.319: Application time: 0.1378140 seconds
333.319: [GC333.319: [DefNew: 35152K->1749K(37568K), 0.0006070 secs] 39694K->6292K(120960K), 0.0006310 secs] [Times: user=0.00 sys=0.00, real=0.00 secs] 
333.319: Total time for which application threads were stopped: 0.0007960 seconds, Stopping threads took: 0.0001180 seconds
333.454: Application time: 0.1340720 seconds
333.454: [GC333.454: [DefNew: 35153K->1745K(37568K), 0.0006030 secs] 39696K->6288K(120960K), 0.0006280 secs] [Times: user=0.00 sys=0.00, real=0.00 secs] 
333.454: Total time for which application threads were stopped: 0.0007200 seconds, Stopping threads took: 0.0000410 seconds
333.583: Application time: 0.1289690 seconds
333.583: [GC333.583: [DefNew: 35150K->1750K(37568K), 0.0006000 secs] 39693K->6294K(120960K), 0.0006230 secs] [Times: user=0.00 sys=0.00, real=0.00 secs] 
333.584: Total time for which application threads were stopped: 0.0007540 seconds, Stopping threads took: 0.0000860 seconds
333.733: Application time: 0.1489260 seconds
333.733: [GC333.733: [DefNew: 35155K->1748K(37568K), 0.0006010 secs] 39698K->6291K(120960K), 0.0006240 secs] [Times: user=0.00 sys=0.00, real=0.00 secs] 
333.734: Total time for which application threads were stopped: 0.0007600 seconds, Stopping threads took: 0.0000790 seconds
333.881: Application time: 0.1473200 seconds
333.881: [GC333.881: [DefNew: 35154K->1748K(37568K), 0.0005790 secs] 39697K->6292K(120960K), 0.0006020 secs] [Times: user=0.00 sys=0.00, real=0.00 secs] 
333.882: Total time for which application threads were stopped: 0.0006980 seconds, Stopping threads took: 0.0000390 seconds
334.032: Application time: 0.1499750 seconds
334.032: [GC334.032: [DefNew: 35155K->1748K(37568K), 0.0005940 secs] 39699K->6291K(120960K), 0.0006170 secs] [Times: user=0.00 sys=0.00, real=0.00 secs] 
334.032: Total time for which application threads were stopped: 0.0007550 seconds, Stopping threads took: 0.0000700 seconds
334.182: Application time: 0.1500730 seconds
334.183: [GC334.183: [DefNew: 35152K->1748K(37568K), 0.0005720 secs] 39696K->6291K(120960K), 0.0005960 secs] [Times: user=0.00 sys=0.00, real=0.00 secs] 
334.183: Total time for which application threads were stopped: 0.0007000 seconds, Stopping threads took: 0.0000580 seconds
334.333: Application time: 0.1502710 seconds
334.334: [GC334.334: [DefNew: 35152K->1748K(37568K), 0.0005940 secs] 39696K->6291K(120960K), 0.0006180 secs] [Times: user=0.00 sys=0.00, real=0.00 secs] 
334.334: Total time for which application threads were stopped: 0.0007310 seconds, Stopping threads took: 0.0000570 seconds
334.464: Application time: 0.1294580 seconds
334.464: Total time for which application threads were stopped: 0.0001610 seconds, Stopping threads took: 0.0001180 seconds
334.464: Application time: 0.0001580 seconds
334.464: [GC334.464: [DefNew: 35280K->1757K(37568K), 0.0006020 secs] 39824K->6301K(120960K), 0.0006250 secs] [Times: user=0.00 sys=0.00, real=0.00 secs] 
334.465: Total time for which application threads were stopped: 0.0006930 seconds, Stopping threads took: 0.0000320 seconds
334.465: Application time: 0.0000490 seconds
334.465: [GC334.465: [DefNew: 1779K->1776K(37568K), 0.0003460 secs] 6323K->6319K(120960K), 0.0003550 secs] [Times: user=0.00 sys=0.00, real=0.00 secs] 
334.465: Total time for which application threads were stopped: 0.0004220 seconds, Stopping threads took: 0.0000420 seconds
334.592: Application time: 0.1273350 seconds
334.593: [GC334.593: [DefNew: 35180K->1749K(37568K), 0.0005870 secs] 39724K->6292K(120960K), 0.0006100 secs] [Times: user=0.00 sys=0.00, real=0.00 secs] 
334.593: Total time for which application threads were stopped: 0.0007210 seconds, Stopping threads took: 0.0000660 seconds
334.721: Application time: 0.1279050 seconds
334.721: [GC334.721: [DefNew: 35155K->1749K(37568K), 0.0005810 secs] 39698K->6292K(120960K), 0.0006030 secs] [Times: user=0.00 sys=0.00, real=0.00 secs] 
334.722: Total time for which application threads were stopped: 0.0007390 seconds, Stopping threads took: 0.0000900 seconds
334.834: Application time: 0.1126440 seconds
334.835: [GC334.835: [DefNew: 35155K->1745K(37568K), 0.0006060 secs] 39699K->6288K(120960K), 0.0006300 secs] [Times: user=0.00 sys=0.00, real=0.00 secs] 
334.835: Total time for which application threads were stopped: 0.0007400 seconds, Stopping threads took: 0.0000550 seconds
334.927: Application time: 0.0918240 seconds
334.927: [GC334.927: [DefNew: 35149K->1751K(37568K), 0.0006630 secs] 39693K->6295K(120960K), 0.0006890 secs] [Times: user=0.00 sys=0.00, real=0.00 secs] 
334.928: Total time for which application threads were stopped: 0.0008440 seconds, Stopping threads took: 0.0001030 seconds
335.071: Application time: 0.1433360 seconds
335.071: [GC335.071: [DefNew: 35158K->1748K(37568K), 0.0006210 secs] 39702K->6292K(120960K), 0.0006480 secs] [Times: user=0.00 sys=0.00, real=0.00 secs] 
335.072: Total time for which application threads were stopped: 0.0007860 seconds, Stopping threads took: 0.0000880 seconds
335.196: Application time: 0.1244320 seconds
335.197: [GC335.197: [DefNew: 35155K->1749K(37568K), 0.0006140 secs] 39699K->6293K(120960K), 0.0006400 secs] [Times: user=0.01 sys=0.00, real=0.00 secs] 
335.197: Total time for which application threads were stopped: 0.0007490 seconds, Stopping threads took: 0.0000590 seconds
335.337: Application time: 0.1393310 seconds
335.337: [GC335.337: [DefNew: 35155K->1750K(37568K), 0.0006010 secs] 39699K->6294K(120960K), 0.0006240 secs] [Times: user=0.00 sys=0.00, real=0.00 secs] 
335.337: Total time for which application threads were stopped: 0.0007780 seconds, Stopping threads took: 0.0000930 seconds
335.487: Application time: 0.1494230 seconds
335.487: [GC335.487: [DefNew: 35154K->1748K(37568K), 0.0006120 secs] 39698K->6292K(120960K), 0.0006380 secs] [Times: user=0.00 sys=0.00, real=0.00 secs] 
335.488: Total time for which application threads were stopped: 0.0008140 seconds, Stopping threads took: 0.0001250 seconds
335.635: Application time: 0.1472020 seconds
335.635: [GC335.635: [DefNew: 35154K->1748K(37568K), 0.0006080 secs] 39698K->6292K(120960K), 0.0006310 secs] [Times: user=0.00 sys=0.00, real=0.00 secs] 
335.636: Total time for which application threads were stopped: 0.0007420 seconds, Stopping threads took: 0.0000640 seconds
335.785: Application time: 0.1498280 seconds
335.785: [GC335.785: [DefNew: 35153K->1748K(37568K), 0.0006120 secs] 39697K->6292K(120960K), 0.0006390 secs] [Times: user=0.00 sys=0.00, real=0.00 secs] 
335.786: Total time for which application threads were stopped: 0.0007770 seconds, Stopping threads took: 0.0000850 seconds
335.937: Application time: 0.1504320 seconds
335.937: [GC335.937: [DefNew: 35152K->1748K(37568K), 0.0006250 secs] 39696K->6292K(120960K), 0.0015050 secs] [Times: user=0.00 sys=0.00, real=0.00 secs] 
335.938: Total time for which application threads were stopped: 0.0016570 seconds, Stopping threads took: 0.0000870 seconds
336.088: Application time: 0.1494360 seconds
336.088: [GC336.088: [DefNew: 35152K->1748K(37568K), 0.0006170 secs] 39696K->6292K(120960K), 0.0006440 secs] [Times: user=0.00 sys=0.00, real=0.00 secs] 
336.088: Total time for which application threads were stopped: 0.0007890 seconds, Stopping threads took: 0.0000930 seconds
336.207: Application time: 0.1190190 seconds
336.208: [GC336.208: [DefNew: 35154K->1744K(37568K), 0.0005970 secs] 39698K->6289K(120960K), 0.0006200 secs] [Times: user=0.00 sys=0.00, real=0.00 secs] 
336.208: Total time for which application threads were stopped: 0.0007430 seconds, Stopping threads took: 0.0000760 seconds
336.345: Application time: 0.1367300 seconds
336.345: [GC336.345: [DefNew: 35151K->1748K(37568K), 0.0006040 secs] 39695K->6293K(120960K), 0.0006260 secs] [Times: user=0.00 sys=0.00, real=0.00 secs] 
336.346: Total time for which application threads were stopped: 0.0007350 seconds, Stopping threads took: 0.0000610 seconds
336.473: Application time: 0.1271120 seconds
336.473: [GC336.473: [DefNew: 35152K->1749K(37568K), 0.0006160 secs] 39696K->6293K(120960K), 0.0006420 secs] [Times: user=0.00 sys=0.00, real=0.00 secs] 
336.474: Total time for which application threads were stopped: 0.0007680 seconds, Stopping threads took: 0.0000640 seconds
336.571: Application time: 0.0971040 seconds
336.571: [GC336.571: [DefNew: 35154K->1746K(37568K), 0.0006230 secs] 39698K->6290K(120960K), 0.0006490 secs] [Times: user=0.00 sys=0.00, real=0.00 secs] 
336.571: Total time for which application threads were stopped: 0.0007570 seconds, Stopping threads took: 0.0000530 seconds
336.678: Application time: 0.1063870 seconds
336.678: [GC336.678: [DefNew: 35153K->1750K(37568K), 0.0005880 secs] 39697K->6294K(120960K), 0.0006110 secs] [Times: user=0.00 sys=0.00, real=0.00 secs] 
336.679: Total time for which application threads were stopped: 0.0007080 seconds, Stopping threads took: 0.0000510 seconds
336.821: Application time: 0.1429600 seconds
336.822: [GC336.822: [DefNew: 35157K->1749K(37568K), 0.0006110 secs] 39701K->6293K(120960K), 0.0006370 secs] [Times: user=0.00 sys=0.00, real=0.00 secs] 
336.822: Total time for which application threads were stopped: 0.0007610 seconds, Stopping threads took: 0.0000750 seconds
336.947: Application time: 0.1248310 seconds
336.947: [GC336.947: [DefNew: 35155K->1749K(37568K), 0.0006090 secs] 39699K->6294K(120960K), 0.0006340 secs] [Times: user=0.00 sys=0.00, real=0.00 secs] 
336.948: Total time for which application threads were stopped: 0.0007410 seconds, Stopping threads took: 0.0000580 seconds
337.089: Application time: 0.1412150 seconds
337.089: [GC337.089: [DefNew: 35157K->1750K(37568K), 0.0006220 secs] 39701K->6294K(120960K), 0.0006570 secs] [Times: user=0.00 sys=0.00, real=0.00 secs] 
337.090: Total time for which application threads were stopped: 0.0007840 seconds, Stopping threads took: 0.0000690 seconds
337.239: Application time: 0.1492410 seconds
337.239: [GC337.239: [DefNew: 35154K->1748K(37568K), 0.0005950 secs] 39699K->6292K(120960K), 0.0006200 secs] [Times: user=0.00 sys=0.00, real=0.00 secs] 
337.240: Total time for which application threads were stopped: 0.0007780 seconds, Stopping threads took: 0.0001080 seconds
337.387: Application time: 0.1474970 seconds
337.387: [GC337.387: [DefNew: 35154K->1748K(37568K), 0.0006040 secs] 39699K->6293K(120960K), 0.0006280 secs] [Times: user=0.00 sys=0.00, real=0.00 secs] 
337.388: Total time for which application threads were stopped: 0.0007760 seconds, Stopping threads took: 0.0001010 seconds
337.541: Application time: 0.1526230 seconds
337.541: [GC337.541: [DefNew: 35153K->1748K(37568K), 0.0006160 secs] 39697K->6292K(120960K), 0.0006410 secs] [Times: user=0.00 sys=0.00, real=0.00 secs] 
337.542: Total time for which application threads were stopped: 0.0007870 seconds, Stopping threads took: 0.0000970 seconds
337.706: Application time: 0.1649220 seconds
337.707: [GC337.707: [DefNew: 35152K->1748K(37568K), 0.0006290 secs] 39697K->6292K(120960K), 0.0006540 secs] [Times: user=0.00 sys=0.00, real=0.01 secs] 
337.707: Total time for which application threads were stopped: 0.0007770 seconds, Stopping threads took: 0.0000600 seconds
337.872: Application time: 0.1643660 seconds
337.872: [GC337.872: [DefNew: 35152K->1748K(37568K), 0.0006280 secs] 39697K->6292K(120960K), 0.0006550 secs] [Times: user=0.00 sys=0.00, real=0.00 secs] 
337.872: Total time for which application threads were stopped: 0.0008380 seconds, Stopping threads took: 0.0001090 seconds
337.992: Application time: 0.1196330 seconds
337.992: [GC337.992: [DefNew: 35154K->1749K(37568K), 0.0006180 secs] 39699K->6294K(120960K), 0.0006420 secs] [Times: user=0.01 sys=0.00, real=0.00 secs] 
337.993: Total time for which application threads were stopped: 0.0008170 seconds, Stopping threads took: 0.0001040 seconds
338.149: Application time: 0.1556880 seconds
338.149: [GC338.149: [DefNew: 35156K->1744K(37568K), 0.0006030 secs] 39701K->6289K(120960K), 0.0006260 secs] [Times: user=0.00 sys=0.00, real=0.00 secs] 
338.149: Total time for which application threads were stopped: 0.0008510 seconds, Stopping threads took: 0.0001560 seconds
338.282: Application time: 0.1330340 seconds
338.283: [GC338.283: [DefNew: 35151K->1745K(37568K), 0.0006370 secs] 39696K->6289K(120960K), 0.0006640 secs] [Times: user=0.00 sys=0.00, real=0.00 secs] 
338.283: Total time for which application threads were stopped: 0.0008140 seconds, Stopping threads took: 0.0000890 seconds
338.385: Application time: 0.1021180 seconds
338.386: [GC338.386: [DefNew: 35150K->1741K(37568K), 0.0006270 secs] 39694K->6286K(120960K), 0.0006510 secs] [Times: user=0.00 sys=0.00, real=0.00 secs] 
338.386: Total time for which application threads were stopped: 0.0008330 seconds, Stopping threads took: 0.0001320 seconds
338.516: Application time: 0.1302110 seconds
338.517: [GC338.517: [DefNew: 35148K->1750K(37568K), 0.0006460 secs] 39692K->6295K(120960K), 0.0006720 secs] [Times: user=0.00 sys=0.00, real=0.00 secs] 
338.517: Total time for which application threads were stopped: 0.0008070 seconds, Stopping threads took: 0.0000850 seconds
338.676: Application time: 0.1584820 seconds
338.676: [GC338.676: [DefNew: 35157K->1748K(37568K), 0.0006110 secs] 39701K->6293K(120960K), 0.0006350 secs] [Times: user=0.00 sys=0.00, real=0.00 secs] 
338.676: Total time for which application threads were stopped: 0.0007380 seconds, Stopping threads took: 0.0000540 seconds
338.810: Application time: 0.1336950 seconds
338.810: [GC338.810: [DefNew: 35153K->1750K(37568K), 0.0006390 secs] 39698K->6295K(120960K), 0.0006660 secs] [Times: user=0.00 sys=0.00, real=0.00 secs] 
338.811: Total time for which application threads were stopped: 0.0008220 seconds, Stopping threads took: 0.0000920 seconds
338.970: Application time: 0.1592540 seconds
338.970: [GC338.970: [DefNew: 35154K->1749K(37568K), 0.0006250 secs] 39699K->6294K(120960K), 0.0006590 secs] [Times: user=0.00 sys=0.00, real=0.00 secs] 
338.971: Total time for which application threads were stopped: 0.0007930 seconds, Stopping threads took: 0.0000850 seconds
339.135: Application time: 0.1639750 seconds
339.135: [GC339.135: [DefNew: 35156K->1748K(37568K), 0.0006790 secs] 39701K->6293K(120960K), 0.0007080 secs] [Times: user=0.00 sys=0.00, real=0.00 secs] 
339.136: Total time for which application threads were stopped: 0.0009480 seconds, Stopping threads took: 0.0001650 seconds
339.299: Application time: 0.1625170 seconds
339.299: [GC339.299: [DefNew: 35154K->1748K(37568K), 0.0006190 secs] 39699K->6293K(120960K), 0.0006430 secs] [Times: user=0.00 sys=0.00, real=0.01 secs] 
339.299: Total time for which application threads were stopped: 0.0007510 seconds, Stopping threads took: 0.0000590 seconds
339.464: Application time: 0.1650590 seconds
339.464: [GC339.464: [DefNew: 35153K->1748K(37568K), 0.0006760 secs] 39698K->6293K(120960K), 0.0007060 secs] [Times: user=0.00 sys=0.00, real=0.00 secs] 
339.465: Total time for which application threads were stopped: 0.0008740 seconds, Stopping threads took: 0.0001060 seconds
339.630: Application time: 0.1651420 seconds
339.630: [GC339.630: [DefNew: 35152K->1748K(37568K), 0.0006260 secs] 39698K->6293K(120960K), 0.0006530 secs] [Times: user=0.00 sys=0.00, real=0.00 secs] 
339.631: Total time for which application threads were stopped: 0.0007830 seconds, Stopping threads took: 0.0000760 seconds
339.789: Application time: 0.1580160 seconds
339.789: [GC339.789: [DefNew: 35103K->1615K(37568K), 0.0005940 secs] 39648K->6160K(120960K), 0.0006190 secs] [Times: user=0.00 sys=0.00, real=0.00 secs] 
339.790: Total time for which application threads were stopped: 0.0007480 seconds, Stopping threads took: 0.0000790 seconds
339.914: Application time: 0.1239910 seconds
339.914: [GC339.914: [DefNew: 35023K->1749K(37568K), 0.0006100 secs] 39568K->6294K(120960K), 0.0006340 secs] [Times: user=0.00 sys=0.00, real=0.00 secs] 
339.915: Total time for which application threads were stopped: 0.0007490 seconds, Stopping threads took: 0.0000670 seconds
340.061: Application time: 0.1462420 seconds
340.061: [GC340.061: [DefNew: 35154K->1744K(37568K), 0.0006250 secs] 39699K->6289K(120960K), 0.0006480 secs] [Times: user=0.00 sys=0.00, real=0.00 secs] 
340.062: Total time for which application threads were stopped: 0.0007790 seconds, Stopping threads took: 0.0000720 seconds
340.196: Application time: 0.1348300 seconds
340.197: [GC340.197: [DefNew: 35148K->1744K(37568K), 0.0006110 secs] 39693K->6290K(120960K), 0.0006350 secs] [Times: user=0.00 sys=0.00, real=0.00 secs] 
340.197: Total time for which application threads were stopped: 0.0007710 seconds, Stopping threads took: 0.0000880 seconds
340.295: Application time: 0.0976560 seconds
340.295: [GC340.295: [DefNew: 35149K->1747K(37568K), 0.0006470 secs] 39694K->6292K(120960K), 0.0006740 secs] [Times: user=0.00 sys=0.00, real=0.00 secs] 
340.296: Total time for which application threads were stopped: 0.0008860 seconds, Stopping threads took: 0.0001620 seconds
340.440: Application time: 0.1440880 seconds
340.440: [GC340.440: [DefNew: 35154K->1749K(37568K), 0.0006800 secs] 39699K->6295K(120960K), 0.0007080 secs] [Times: user=0.00 sys=0.00, real=0.00 secs] 
340.441: Total time for which application threads were stopped: 0.0008290 seconds, Stopping threads took: 0.0000690 seconds
340.592: Application time: 0.1509570 seconds
340.592: [GC340.592: [DefNew: 35155K->1745K(37568K), 0.0006190 secs] 39701K->6290K(120960K), 0.0006440 secs] [Times: user=0.00 sys=0.00, real=0.00 secs] 
340.592: Total time for which application threads were stopped: 0.0007610 seconds, Stopping threads took: 0.0000570 seconds
340.732: Application time: 0.1395610 seconds
340.732: [GC340.732: [DefNew: 35150K->1750K(37568K), 0.0006140 secs] 39695K->6295K(120960K), 0.0006380 secs] [Times: user=0.00 sys=0.00, real=0.00 secs] 
340.733: Total time for which application threads were stopped: 0.0007550 seconds, Stopping threads took: 0.0000600 seconds
340.894: Application time: 0.1613560 seconds
340.894: [GC340.894: [DefNew: 35156K->1748K(37568K), 0.0006380 secs] 39701K->6294K(120960K), 0.0006650 secs] [Times: user=0.00 sys=0.00, real=0.00 secs] 
340.895: Total time for which application threads were stopped: 0.0008190 seconds, Stopping threads took: 0.0000990 seconds
341.057: Application time: 0.1623710 seconds
341.057: [GC341.057: [DefNew: 35110K->1624K(37568K), 0.0006190 secs] 39656K->6170K(120960K), 0.0006490 secs] [Times: user=0.00 sys=0.00, real=0.00 secs] 
341.058: Total time for which application threads were stopped: 0.0007910 seconds, Stopping threads took: 0.0000940 seconds
341.222: Application time: 0.1642710 seconds
341.223: [GC341.223: [DefNew: 35030K->1748K(37568K), 0.0006330 secs] 39576K->6294K(120960K), 0.0006600 secs] [Times: user=0.00 sys=0.00, real=0.00 secs] 
341.223: Total time for which application threads were stopped: 0.0008170 seconds, Stopping threads took: 0.0000940 seconds
341.388: Application time: 0.1650750 seconds
341.388: [GC341.388: [DefNew: 35152K->1748K(37568K), 0.0006480 secs] 39698K->6294K(120960K), 0.0006740 secs] [Times: user=0.00 sys=0.00, real=0.00 secs] 
341.389: Total time for which application threads were stopped: 0.0008320 seconds, Stopping threads took: 0.0001080 seconds
341.550: Application time: 0.1609250 seconds
341.550: [GC341.550: [DefNew: 35152K->1748K(37568K), 0.0006160 secs] 39698K->6294K(120960K), 0.0006430 secs] [Times: user=0.00 sys=0.00, real=0.00 secs] 
341.551: Total time for which application threads were stopped: 0.0007670 seconds, Stopping threads took: 0.0000710 seconds
341.685: Application time: 0.1343060 seconds
341.685: [GC341.685: [DefNew: 35154K->1744K(37568K), 0.0006100 secs] 39700K->6289K(120960K), 0.0006370 secs] [Times: user=0.00 sys=0.00, real=0.00 secs] 
341.686: Total time for which application threads were stopped: 0.0007520 seconds, Stopping threads took: 0.0000640 seconds
341.808: Application time: 0.1222160 seconds
341.808: [GC341.808: [DefNew: 35148K->1749K(37568K), 0.0006170 secs] 39693K->6295K(120960K), 0.0006440 secs] [Times: user=0.00 sys=0.00, real=0.00 secs] 
341.809: Total time for which application threads were stopped: 0.0008840 seconds, Stopping threads took: 0.0001810 seconds
341.936: Application time: 0.1268280 seconds
341.936: [GC341.936: [DefNew: 35154K->1749K(37568K), 0.0006110 secs] 39699K->6295K(120960K), 0.0006370 secs] [Times: user=0.00 sys=0.00, real=0.00 secs] 
341.937: Total time for which application threads were stopped: 0.0007620 seconds, Stopping threads took: 0.0000750 seconds
342.054: Application time: 0.1172300 seconds
342.054: [GC342.054: [DefNew: 35154K->1745K(37568K), 0.0006100 secs] 39699K->6291K(120960K), 0.0006360 secs] [Times: user=0.00 sys=0.00, real=0.00 secs] 
342.055: Total time for which application threads were stopped: 0.0008560 seconds, Stopping threads took: 0.0001500 seconds
342.143: Application time: 0.0885070 seconds
342.143: [GC342.143: [DefNew: 35150K->1751K(37568K), 0.0005990 secs] 39696K->6297K(120960K), 0.0006260 secs] [Times: user=0.00 sys=0.00, real=0.00 secs] 
342.144: Total time for which application threads were stopped: 0.0007330 seconds, Stopping threads took: 0.0000590 seconds
342.286: Application time: 0.1420710 seconds
342.286: [GC342.286: [DefNew: 35156K->1749K(37568K), 0.0006150 secs] 39702K->6295K(120960K), 0.0006410 secs] [Times: user=0.00 sys=0.00, real=0.01 secs] 
342.287: Total time for which application threads were stopped: 0.0007680 seconds, Stopping threads took: 0.0000590 seconds
342.416: Application time: 0.1295370 seconds
342.416: [GC342.416: [DefNew: 35155K->1745K(37568K), 0.0005950 secs] 39701K->6291K(120960K), 0.0006190 secs] [Times: user=0.00 sys=0.00, real=0.00 secs] 
342.417: Total time for which application threads were stopped: 0.0007720 seconds, Stopping threads took: 0.0000740 seconds
342.551: Application time: 0.1336550 seconds
342.551: [GC342.551: [DefNew: 35152K->1750K(37568K), 0.0006200 secs] 39698K->6296K(120960K), 0.0006550 secs] [Times: user=0.00 sys=0.00, real=0.00 secs] 
342.552: Total time for which application threads were stopped: 0.0008460 seconds, Stopping threads took: 0.0001320 seconds
342.701: Application time: 0.1493840 seconds
342.701: [GC342.701: [DefNew: 35155K->1748K(37568K), 0.0006070 secs] 39701K->6294K(120960K), 0.0006320 secs] [Times: user=0.00 sys=0.00, real=0.00 secs] 
342.702: Total time for which application threads were stopped: 0.0007370 seconds, Stopping threads took: 0.0000530 seconds
342.850: Application time: 0.1483630 seconds
342.850: [GC342.850: [DefNew: 35152K->1748K(37568K), 0.0006040 secs] 39698K->6295K(120960K), 0.0006250 secs] [Times: user=0.00 sys=0.00, real=0.00 secs] 
342.851: Total time for which application threads were stopped: 0.0007540 seconds, Stopping threads took: 0.0000600 seconds
343.001: Application time: 0.1502270 seconds
343.001: [GC343.001: [DefNew: 35153K->1748K(37568K), 0.0005980 secs] 39699K->6294K(120960K), 0.0006220 secs] [Times: user=0.00 sys=0.00, real=0.00 secs] 
343.002: Total time for which application threads were stopped: 0.0007760 seconds, Stopping threads took: 0.0000870 seconds
343.153: Application time: 0.1508680 seconds
343.153: [GC343.153: [DefNew: 35152K->1748K(37568K), 0.0006180 secs] 39699K->6294K(120960K), 0.0006440 secs] [Times: user=0.00 sys=0.00, real=0.00 secs] 
343.153: Total time for which application threads were stopped: 0.0007940 seconds, Stopping threads took: 0.0000980 seconds
343.304: Application time: 0.1502070 seconds
343.304: [GC343.304: [DefNew: 35152K->1748K(37568K), 0.0006380 secs] 39699K->6294K(120960K), 0.0006650 secs] [Times: user=0.00 sys=0.00, real=0.00 secs] 
343.305: Total time for which application threads were stopped: 0.0008280 seconds, Stopping threads took: 0.0001150 seconds
343.428: Application time: 0.1231160 seconds
343.428: [GC343.428: [DefNew: 35153K->1744K(37568K), 0.0005880 secs] 39699K->6291K(120960K), 0.0006110 secs] [Times: user=0.00 sys=0.00, real=0.00 secs] 
343.428: Total time for which application threads were stopped: 0.0007240 seconds, Stopping threads took: 0.0000660 seconds
343.560: Application time: 0.1317350 seconds
343.560: [GC343.560: [DefNew: 35152K->1748K(37568K), 0.0006120 secs] 39698K->6295K(120960K), 0.0006380 secs] [Times: user=0.00 sys=0.00, real=0.00 secs] 
343.561: Total time for which application threads were stopped: 0.0007620 seconds, Stopping threads took: 0.0000660 seconds
343.688: Application time: 0.1272910 seconds
343.688: [GC343.688: [DefNew: 35154K->1749K(37568K), 0.0006070 secs] 39701K->6295K(120960K), 0.0006330 secs] [Times: user=0.00 sys=0.00, real=0.00 secs] 
343.689: Total time for which application threads were stopped: 0.0007470 seconds, Stopping threads took: 0.0000650 seconds
343.791: Application time: 0.1020030 seconds
343.791: [GC343.791: [DefNew: 35155K->1741K(37568K), 0.0006150 secs] 39701K->6287K(120960K), 0.0006410 secs] [Times: user=0.00 sys=0.00, real=0.00 secs] 
343.792: Total time for which application threads were stopped: 0.0007330 seconds, Stopping threads took: 0.0000410 seconds
343.893: Application time: 0.1008800 seconds
343.893: [GC343.893: [DefNew: 35145K->1751K(37568K), 0.0006000 secs] 39691K->6297K(120960K), 0.0006230 secs] [Times: user=0.00 sys=0.00, real=0.00 secs] 
343.893: Total time for which application threads were stopped: 0.0007230 seconds, Stopping threads took: 0.0000530 seconds
344.036: Application time: 0.1423750 seconds
344.036: [GC344.036: [DefNew: 35156K->1749K(37568K), 0.0005930 secs] 39702K->6295K(120960K), 0.0006160 secs] [Times: user=0.00 sys=0.00, real=0.00 secs] 
344.036: Total time for which application threads were stopped: 0.0007210 seconds, Stopping threads took: 0.0000590 seconds
344.161: Application time: 0.1248180 seconds
344.161: [GC344.161: [DefNew: 35156K->1749K(37568K), 0.0006090 secs] 39703K->6296K(120960K), 0.0006340 secs] [Times: user=0.00 sys=0.00, real=0.00 secs] 
344.162: Total time for which application threads were stopped: 0.0007510 seconds, Stopping threads took: 0.0000590 seconds
344.302: Application time: 0.1405660 seconds
344.303: [GC344.303: [DefNew: 35154K->1750K(37568K), 0.0006130 secs] 39701K->6296K(120960K), 0.0006450 secs] [Times: user=0.00 sys=0.00, real=0.00 secs] 
344.303: Total time for which application threads were stopped: 0.0007580 seconds, Stopping threads took: 0.0000670 seconds
344.452: Application time: 0.1492310 seconds
344.453: [GC344.453: [DefNew: 35157K->1748K(37568K), 0.0006130 secs] 39703K->6295K(120960K), 0.0006400 secs] [Times: user=0.00 sys=0.00, real=0.00 secs] 
344.453: Total time for which application threads were stopped: 0.0008090 seconds, Stopping threads took: 0.0001210 seconds
344.601: Application time: 0.1472590 seconds
344.601: [GC344.601: [DefNew: 35151K->1748K(37568K), 0.0006200 secs] 39698K->6295K(120960K), 0.0006460 secs] [Times: user=0.00 sys=0.00, real=0.00 secs] 
344.601: Total time for which application threads were stopped: 0.0007780 seconds, Stopping threads took: 0.0000860 seconds
344.751: Application time: 0.1495340 seconds
344.751: [GC344.751: [DefNew: 35153K->1748K(37568K), 0.0006650 secs] 39700K->6295K(120960K), 0.0006930 secs] [Times: user=0.00 sys=0.00, real=0.00 secs] 
344.752: Total time for which application threads were stopped: 0.0008590 seconds, Stopping threads took: 0.0001040 seconds
344.902: Application time: 0.1499690 seconds
344.902: [GC344.902: [DefNew: 35152K->1748K(37568K), 0.0005980 secs] 39699K->6295K(120960K), 0.0006210 secs] [Times: user=0.00 sys=0.00, real=0.00 secs] 
344.902: Total time for which application threads were stopped: 0.0007320 seconds, Stopping threads took: 0.0000650 seconds
345.052: Application time: 0.1493240 seconds
345.052: [GC345.052: [DefNew: 35152K->1748K(37568K), 0.0005900 secs] 39699K->6295K(120960K), 0.0006130 secs] [Times: user=0.00 sys=0.00, real=0.00 secs] 
345.052: Total time for which application threads were stopped: 0.0007020 seconds, Stopping threads took: 0.0000420 seconds
345.166: Application time: 0.1134430 seconds
345.166: [GC345.166: [DefNew: 35155K->1744K(37568K), 0.0005750 secs] 39702K->6291K(120960K), 0.0005980 secs] [Times: user=0.00 sys=0.00, real=0.00 secs] 
345.167: Total time for which application threads were stopped: 0.0008340 seconds, Stopping threads took: 0.0001590 seconds
345.309: Application time: 0.1417830 seconds
345.309: [GC345.309: [DefNew: 35149K->1748K(37568K), 0.0006500 secs] 39696K->6295K(120960K), 0.0006760 secs] [Times: user=0.00 sys=0.00, real=0.00 secs] 
345.309: Total time for which application threads were stopped: 0.0008660 seconds, Stopping threads took: 0.0001300 seconds
345.430: Application time: 0.1210440 seconds
345.431: [GC345.431: [DefNew: 35155K->1745K(37568K), 0.0006590 secs] 39702K->6291K(120960K), 0.0006860 secs] [Times: user=0.01 sys=0.00, real=0.00 secs] 
345.431: Total time for which application threads were stopped: 0.0008160 seconds, Stopping threads took: 0.0000780 seconds
345.525: Application time: 0.0939310 seconds
345.525: [GC345.525: [DefNew: 35034K->1621K(37568K), 0.0005900 secs] 39581K->6168K(120960K), 0.0006130 secs] [Times: user=0.00 sys=0.00, real=0.00 secs] 
345.526: Total time for which application threads were stopped: 0.0007830 seconds, Stopping threads took: 0.0001240 seconds
345.640: Application time: 0.1138190 seconds
345.640: [GC345.640: [DefNew: 35027K->1750K(37568K), 0.0006000 secs] 39574K->6297K(120960K), 0.0006240 secs] [Times: user=0.00 sys=0.00, real=0.00 secs] 
345.641: Total time for which application threads were stopped: 0.0008050 seconds, Stopping threads took: 0.0001240 seconds
345.784: Application time: 0.1432400 seconds
345.784: [GC345.784: [DefNew: 35155K->1749K(37568K), 0.0006020 secs] 39702K->6296K(120960K), 0.0006260 secs] [Times: user=0.00 sys=0.00, real=0.00 secs] 
345.785: Total time for which application threads were stopped: 0.0008080 seconds, Stopping threads took: 0.0001240 seconds
345.907: Application time: 0.1227490 seconds
345.908: [GC345.908: [DefNew: 35155K->1750K(37568K), 0.0006070 secs] 39702K->6297K(120960K), 0.0006330 secs] [Times: user=0.00 sys=0.00, real=0.00 secs] 
345.908: Total time for which application threads were stopped: 0.0007810 seconds, Stopping threads took: 0.0000890 seconds
346.052: Application time: 0.1434000 seconds
346.052: [GC346.052: [DefNew: 35156K->1749K(37568K), 0.0006080 secs] 39703K->6296K(120960K), 0.0006420 secs] [Times: user=0.00 sys=0.00, real=0.00 secs] 
346.052: Total time for which application threads were stopped: 0.0007930 seconds, Stopping threads took: 0.0000940 seconds
346.202: Application time: 0.1494230 seconds
346.202: [GC346.202: [DefNew: 35156K->1748K(37568K), 0.0006570 secs] 39704K->6295K(120960K), 0.0015920 secs] [Times: user=0.00 sys=0.00, real=0.00 secs] 
346.204: Total time for which application threads were stopped: 0.0017730 seconds, Stopping threads took: 0.0001060 seconds
346.356: Application time: 0.1528790 seconds
346.357: [GC346.357: [DefNew: 35155K->1748K(37568K), 0.0006310 secs] 39702K->6296K(120960K), 0.0006570 secs] [Times: user=0.00 sys=0.00, real=0.00 secs] 
346.357: Total time for which application threads were stopped: 0.0008010 seconds, Stopping threads took: 0.0000940 seconds
346.514: Application time: 0.1569980 seconds
346.514: [GC346.514: [DefNew: 35153K->1748K(37568K), 0.0007530 secs] 39701K->6295K(120960K), 0.0007830 secs] [Times: user=0.01 sys=0.00, real=0.00 secs] 
346.515: Total time for which application threads were stopped: 0.0009400 seconds, Stopping threads took: 0.0000830 seconds
346.668: Application time: 0.1531840 seconds
346.669: [GC346.669: [DefNew: 35152K->1748K(37568K), 0.0006820 secs] 39700K->6295K(120960K), 0.0007100 secs] [Times: user=0.00 sys=0.00, real=0.00 secs] 
346.669: Total time for which application threads were stopped: 0.0008570 seconds, Stopping threads took: 0.0000900 seconds
346.825: Application time: 0.1553620 seconds
346.825: [GC346.825: [DefNew: 35154K->1744K(37568K), 0.0006020 secs] 39702K->6291K(120960K), 0.0006280 secs] [Times: user=0.00 sys=0.00, real=0.00 secs] 
346.825: Total time for which application threads were stopped: 0.0007950 seconds, Stopping threads took: 0.0001190 seconds
346.945: Application time: 0.1198440 seconds
346.945: [GC346.945: [DefNew: 35150K->1749K(37568K), 0.0006030 secs] 39697K->6296K(120960K), 0.0006260 secs] [Times: user=0.00 sys=0.00, real=0.00 secs] 
346.946: Total time for which application threads were stopped: 0.0007690 seconds, Stopping threads took: 0.0000960 seconds
347.075: Application time: 0.1288140 seconds
347.075: [GC347.075: [DefNew: 35154K->1744K(37568K), 0.0006400 secs] 39702K->6291K(120960K), 0.0006680 secs] [Times: user=0.00 sys=0.00, real=0.00 secs] 
347.076: Total time for which application threads were stopped: 0.0009900 seconds, Stopping threads took: 0.0002620 seconds
347.217: Application time: 0.1413120 seconds
347.217: [GC347.217: [DefNew: 35149K->1744K(37568K), 0.0005950 secs] 39696K->6291K(120960K), 0.0006180 secs] [Times: user=0.00 sys=0.00, real=0.00 secs] 
347.218: Total time for which application threads were stopped: 0.0007200 seconds, Stopping threads took: 0.0000550 seconds
347.292: Application time: 0.0738910 seconds
347.292: [GC347.292: [DefNew: 35151K->1742K(37568K), 0.0006700 secs] 39698K->6289K(120960K), 0.0006990 secs] [Times: user=0.00 sys=0.00, real=0.00 secs] 
347.293: Total time for which application threads were stopped: 0.0008310 seconds, Stopping threads took: 0.0000810 seconds
347.423: Application time: 0.1308340 seconds
347.424: [GC347.424: [DefNew: 35147K->1750K(37568K), 0.0006360 secs] 39695K->6297K(120960K), 0.0006620 secs] [Times: user=0.00 sys=0.00, real=0.00 secs] 
347.424: Total time for which application threads were stopped: 0.0008020 seconds, Stopping threads took: 0.0000920 seconds
347.569: Application time: 0.1447430 seconds
347.569: [GC347.569: [DefNew: 35156K->1748K(37568K), 0.0005950 secs] 39704K->6296K(120960K), 0.0006180 secs] [Times: user=0.00 sys=0.00, real=0.00 secs] 
347.570: Total time for which application threads were stopped: 0.0007520 seconds, Stopping threads took: 0.0000660 seconds
347.691: Application time: 0.1209110 seconds
347.691: [GC347.691: [DefNew: 35153K->1750K(37568K), 0.0006200 secs] 39700K->6298K(120960K), 0.0006540 secs] [Times: user=0.00 sys=0.00, real=0.00 secs] 
347.691: Total time for which application threads were stopped: 0.0007670 seconds, Stopping threads took: 0.0000490 seconds
347.838: Application time: 0.1464290 seconds
347.838: [GC347.838: [DefNew: 35154K->1748K(37568K), 0.0006040 secs] 39702K->6296K(120960K), 0.0006280 secs] [Times: user=0.01 sys=0.00, real=0.00 secs] 
347.839: Total time for which application threads were stopped: 0.0007290 seconds, Stopping threads took: 0.0000540 seconds
347.988: Application time: 0.1492140 seconds
347.988: [GC347.988: [DefNew: 35153K->1748K(37568K), 0.0006160 secs] 39701K->6296K(120960K), 0.0006430 secs] [Times: user=0.00 sys=0.00, real=0.00 secs] 
347.989: Total time for which application threads were stopped: 0.0007550 seconds, Stopping threads took: 0.0000610 seconds
348.136: Application time: 0.1475210 seconds
348.136: [GC348.136: [DefNew: 35152K->1748K(37568K), 0.0005980 secs] 39700K->6296K(120960K), 0.0006180 secs] [Times: user=0.00 sys=0.00, real=0.00 secs] 
348.137: Total time for which application threads were stopped: 0.0007330 seconds, Stopping threads took: 0.0000680 seconds
348.288: Application time: 0.1511640 seconds
348.288: [GC348.288: [DefNew: 35153K->1748K(37568K), 0.0006250 secs] 39701K->6296K(120960K), 0.0006510 secs] [Times: user=0.00 sys=0.00, real=0.00 secs] 
348.289: Total time for which application threads were stopped: 0.0008370 seconds, Stopping threads took: 0.0001090 seconds
348.439: Application time: 0.1500690 seconds
348.439: [GC348.439: [DefNew: 35152K->1748K(37568K), 0.0006280 secs] 39700K->6296K(120960K), 0.0006530 secs] [Times: user=0.00 sys=0.00, real=0.00 secs] 
348.440: Total time for which application threads were stopped: 0.0008240 seconds, Stopping threads took: 0.0001030 seconds
348.572: Application time: 0.1321390 seconds
348.572: [GC348.572: [DefNew: 35152K->1744K(37568K), 0.0006210 secs] 39700K->6292K(120960K), 0.0006480 secs] [Times: user=0.00 sys=0.00, real=0.00 secs] 
348.573: Total time for which application threads were stopped: 0.0007970 seconds, Stopping threads took: 0.0000960 seconds
348.696: Application time: 0.1229320 seconds
348.696: [GC348.696: [DefNew: 35150K->1749K(37568K), 0.0006180 secs] 39698K->6297K(120960K), 0.0006440 secs] [Times: user=0.00 sys=0.00, real=0.00 secs] 
348.696: Total time for which application threads were stopped: 0.0007800 seconds, Stopping threads took: 0.0000860 seconds
348.824: Application time: 0.1278770 seconds
348.824: [GC348.824: [DefNew: 35155K->1749K(37568K), 0.0006100 secs] 39703K->6297K(120960K), 0.0006360 secs] [Times: user=0.00 sys=0.00, real=0.00 secs] 
348.825: Total time for which application threads were stopped: 0.0007880 seconds, Stopping threads took: 0.0000900 seconds
348.953: Application time: 0.1275090 seconds
348.953: [GC348.953: [DefNew: 35154K->1740K(37568K), 0.0006040 secs] 39702K->6288K(120960K), 0.0006300 secs] [Times: user=0.00 sys=0.00, real=0.00 secs] 
348.953: Total time for which application threads were stopped: 0.0007250 seconds, Stopping threads took: 0.0000450 seconds
349.033: Application time: 0.0798380 seconds
349.033: [GC349.033: [DefNew: 35146K->1751K(37568K), 0.0006020 secs] 39694K->6299K(120960K), 0.0006260 secs] [Times: user=0.00 sys=0.00, real=0.00 secs] 
349.034: Total time for which application threads were stopped: 0.0007330 seconds, Stopping threads took: 0.0000600 seconds
349.174: Application time: 0.1404510 seconds
349.174: [GC349.174: [DefNew: 35158K->1749K(37568K), 0.0006030 secs] 39706K->6297K(120960K), 0.0006300 secs] [Times: user=0.00 sys=0.00, real=0.00 secs] 
349.175: Total time for which application threads were stopped: 0.0007350 seconds, Stopping threads took: 0.0000550 seconds
349.320: Application time: 0.1445910 seconds
349.320: [GC349.320: [DefNew: 35156K->1748K(37568K), 0.0006230 secs] 39704K->6297K(120960K), 0.0006500 secs] [Times: user=0.00 sys=0.00, real=0.00 secs] 
349.320: Total time for which application threads were stopped: 0.0007830 seconds, Stopping threads took: 0.0000810 seconds
349.440: Application time: 0.1194640 seconds
349.440: [GC349.440: [DefNew: 35153K->1750K(37568K), 0.0006260 secs] 39701K->6299K(120960K), 0.0006630 secs] [Times: user=0.00 sys=0.00, real=0.00 secs] 
349.441: Total time for which application threads were stopped: 0.0008010 seconds, Stopping threads took: 0.0000770 seconds
349.589: Application time: 0.1479700 seconds
349.589: [GC349.589: [DefNew: 35157K->1748K(37568K), 0.0005920 secs] 39705K->6297K(120960K), 0.0006140 secs] [Times: user=0.00 sys=0.00, real=0.00 secs] 
349.589: Total time for which application threads were stopped: 0.0007490 seconds, Stopping threads took: 0.0000800 seconds
349.739: Application time: 0.1492520 seconds
349.739: [GC349.739: [DefNew: 35153K->1748K(37568K), 0.0006020 secs] 39701K->6296K(120960K), 0.0006270 secs] [Times: user=0.00 sys=0.00, real=0.00 secs] 
349.739: Total time for which application threads were stopped: 0.0007810 seconds, Stopping threads took: 0.0000970 seconds
349.887: Application time: 0.1480140 seconds
349.888: [GC349.888: [DefNew: 35154K->1748K(37568K), 0.0006190 secs] 39703K->6297K(120960K), 0.0006470 secs] [Times: user=0.00 sys=0.00, real=0.00 secs] 
349.888: Total time for which application threads were stopped: 0.0008080 seconds, Stopping threads took: 0.0001000 seconds
350.039: Application time: 0.1504060 seconds
350.039: [GC350.039: [DefNew: 35153K->1748K(37568K), 0.0006200 secs] 39701K->6296K(120960K), 0.0006470 secs] [Times: user=0.00 sys=0.00, real=0.00 secs] 
350.039: Total time for which application threads were stopped: 0.0007850 seconds, Stopping threads took: 0.0000770 seconds
350.191: Application time: 0.1516420 seconds
350.191: [GC350.191: [DefNew: 35153K->1748K(37568K), 0.0006420 secs] 39701K->6296K(120960K), 0.0006690 secs] [Times: user=0.00 sys=0.00, real=0.00 secs] 
350.192: Total time for which application threads were stopped: 0.0007890 seconds, Stopping threads took: 0.0000700 seconds
350.313: Application time: 0.1211230 seconds
350.315: [GC350.315: [DefNew: 35153K->1744K(37568K), 0.0005950 secs] 39702K->6293K(120960K), 0.0006210 secs] [Times: user=0.00 sys=0.00, real=0.00 secs] 
350.315: Total time for which application threads were stopped: 0.0024350 seconds, Stopping threads took: 0.0017660 seconds
350.449: Application time: 0.1336900 seconds
350.449: [GC350.449: [DefNew: 35150K->1748K(37568K), 0.0006150 secs] 39698K->6297K(120960K), 0.0006400 secs] [Times: user=0.00 sys=0.00, real=0.00 secs] 
350.450: Total time for which application threads were stopped: 0.0008720 seconds, Stopping threads took: 0.0001850 seconds
350.578: Application time: 0.1275960 seconds
350.578: [GC350.578: [DefNew: 35154K->1749K(37568K), 0.0006040 secs] 39703K->6297K(120960K), 0.0006280 secs] [Times: user=0.00 sys=0.00, real=0.00 secs] 
350.578: Total time for which application threads were stopped: 0.0007430 seconds, Stopping threads took: 0.0000580 seconds
350.689: Application time: 0.1105140 seconds
350.689: [GC350.689: [DefNew: 35154K->1736K(37568K), 0.0006150 secs] 39703K->6285K(120960K), 0.0006390 secs] [Times: user=0.01 sys=0.00, real=0.00 secs] 
350.690: Total time for which application threads were stopped: 0.0007330 seconds, Stopping threads took: 0.0000440 seconds
350.784: Application time: 0.0941450 seconds
350.784: [GC350.784: [DefNew: 35140K->1751K(37568K), 0.0006190 secs] 39689K->6299K(120960K), 0.0006460 secs] [Times: user=0.00 sys=0.00, real=0.00 secs] 
350.785: Total time for which application threads were stopped: 0.0007570 seconds, Stopping threads took: 0.0000620 seconds
350.926: Application time: 0.1412720 seconds
350.926: [GC350.926: [DefNew: 35157K->1749K(37568K), 0.0006410 secs] 39706K->6298K(120960K), 0.0006660 secs] [Times: user=0.00 sys=0.00, real=0.00 secs] 
350.927: Total time for which application threads were stopped: 0.0008020 seconds, Stopping threads took: 0.0000890 seconds
351.073: Application time: 0.1463900 seconds
351.073: [GC351.073: [DefNew: 35154K->1748K(37568K), 0.0006300 secs] 39702K->6297K(120960K), 0.0006560 secs] [Times: user=0.00 sys=0.00, real=0.00 secs] 
351.074: Total time for which application threads were stopped: 0.0008590 seconds, Stopping threads took: 0.0001340 seconds
351.193: Application time: 0.1193630 seconds
351.193: [GC351.193: [DefNew: 35156K->1751K(37568K), 0.0005860 secs] 39705K->6300K(120960K), 0.0006180 secs] [Times: user=0.00 sys=0.00, real=0.00 secs] 
351.194: Total time for which application threads were stopped: 0.0007580 seconds, Stopping threads took: 0.0000800 seconds
351.344: Application time: 0.1495540 seconds
351.344: [GC351.344: [DefNew: 35155K->1748K(37568K), 0.0006060 secs] 39704K->6297K(120960K), 0.0016430 secs] [Times: user=0.00 sys=0.00, real=0.00 secs] 
351.345: Total time for which application threads were stopped: 0.0017950 seconds, Stopping threads took: 0.0000980 seconds
351.494: Application time: 0.1486260 seconds
351.494: [GC351.494: [DefNew: 35152K->1748K(37568K), 0.0006020 secs] 39702K->6297K(120960K), 0.0006260 secs] [Times: user=0.00 sys=0.00, real=0.00 secs] 
351.495: Total time for which application threads were stopped: 0.0007490 seconds, Stopping threads took: 0.0000760 seconds
351.643: Application time: 0.1481830 seconds
351.643: [GC351.643: [DefNew: 35152K->1748K(37568K), 0.0006160 secs] 39701K->6297K(120960K), 0.0006400 secs] [Times: user=0.00 sys=0.00, real=0.00 secs] 
351.644: Total time for which application threads were stopped: 0.0008080 seconds, Stopping threads took: 0.0001220 seconds
351.794: Application time: 0.1507830 seconds
351.795: [GC351.795: [DefNew: 35153K->1748K(37568K), 0.0006070 secs] 39702K->6297K(120960K), 0.0006300 secs] [Times: user=0.00 sys=0.00, real=0.00 secs] 
351.795: Total time for which application threads were stopped: 0.0008070 seconds, Stopping threads took: 0.0001190 seconds
351.945: Application time: 0.1500360 seconds
351.945: [GC351.945: [DefNew: 35152K->1748K(37568K), 0.0006020 secs] 39702K->6297K(120960K), 0.0006250 secs] [Times: user=0.00 sys=0.00, real=0.00 secs] 
351.946: Total time for which application threads were stopped: 0.0007310 seconds, Stopping threads took: 0.0000580 seconds
352.058: Application time: 0.1116870 seconds
352.058: [GC352.058: [DefNew: 35155K->1744K(37568K), 0.0006100 secs] 39704K->6294K(120960K), 0.0006360 secs] [Times: user=0.00 sys=0.00, real=0.00 secs] 
352.058: Total time for which application threads were stopped: 0.0007440 seconds, Stopping threads took: 0.0000580 seconds
352.200: Application time: 0.1418330 seconds
352.200: [GC352.200: [DefNew: 35149K->1744K(37568K), 0.0005780 secs] 39699K->6293K(120960K), 0.0006000 secs] [Times: user=0.00 sys=0.00, real=0.00 secs] 
352.201: Total time for which application threads were stopped: 0.0007460 seconds, Stopping threads took: 0.0001010 seconds
352.332: Application time: 0.1311040 seconds
352.332: [GC352.332: [DefNew: 35150K->1749K(37568K), 0.0005910 secs] 39699K->6298K(120960K), 0.0006140 secs] [Times: user=0.00 sys=0.00, real=0.00 secs] 
352.333: Total time for which application threads were stopped: 0.0007120 seconds, Stopping threads took: 0.0000390 seconds
352.424: Application time: 0.0914330 seconds
352.424: [GC352.425: [DefNew: 35153K->1742K(37568K), 0.0006190 secs] 39702K->6291K(120960K), 0.0006460 secs] [Times: user=0.01 sys=0.00, real=0.00 secs] 
352.425: Total time for which application threads were stopped: 0.0008350 seconds, Stopping threads took: 0.0001360 seconds
352.537: Application time: 0.1116660 seconds
352.537: [GC352.537: [DefNew: 35145K->1750K(37568K), 0.0006590 secs] 39695K->6300K(120960K), 0.0006870 secs] [Times: user=0.00 sys=0.00, real=0.00 secs] 
352.538: Total time for which application threads were stopped: 0.0008230 seconds, Stopping threads took: 0.0000870 seconds
352.682: Application time: 0.1443260 seconds
352.682: [GC352.682: [DefNew: 35155K->1748K(37568K), 0.0006120 secs] 39704K->6298K(120960K), 0.0006380 secs] [Times: user=0.00 sys=0.00, real=0.00 secs] 
352.683: Total time for which application threads were stopped: 0.0007660 seconds, Stopping threads took: 0.0000700 seconds
352.824: Application time: 0.1416990 seconds
352.825: [GC352.825: [DefNew: 35153K->1745K(37568K), 0.0006100 secs] 39702K->6294K(120960K), 0.0006350 secs] [Times: user=0.00 sys=0.00, real=0.00 secs] 
352.825: Total time for which application threads were stopped: 0.0007560 seconds, Stopping threads took: 0.0000630 seconds
352.951: Application time: 0.1256390 seconds
352.951: [GC352.951: [DefNew: 35149K->1750K(37568K), 0.0006000 secs] 39698K->6299K(120960K), 0.0006230 secs] [Times: user=0.00 sys=0.00, real=0.00 secs] 
352.952: Total time for which application threads were stopped: 0.0007730 seconds, Stopping threads took: 0.0000950 seconds
353.106: Application time: 0.1548450 seconds
353.107: [GC353.107: [DefNew: 35157K->1748K(37568K), 0.0006180 secs] 39707K->6297K(120960K), 0.0006460 secs] [Times: user=0.00 sys=0.00, real=0.01 secs] 
353.107: Total time for which application threads were stopped: 0.0007760 seconds, Stopping threads took: 0.0000800 seconds
353.255: Application time: 0.1482330 seconds
353.256: [GC353.256: [DefNew: 35154K->1748K(37568K), 0.0006040 secs] 39704K->6298K(120960K), 0.0006290 secs] [Times: user=0.00 sys=0.00, real=0.00 secs] 
353.256: Total time for which application threads were stopped: 0.0007460 seconds, Stopping threads took: 0.0000680 seconds
353.405: Application time: 0.1491000 seconds
353.405: [GC353.405: [DefNew: 35155K->1748K(37568K), 0.0006180 secs] 39704K->6298K(120960K), 0.0006440 secs] [Times: user=0.00 sys=0.00, real=0.00 secs] 
353.406: Total time for which application threads were stopped: 0.0007670 seconds, Stopping threads took: 0.0000730 seconds
353.556: Application time: 0.1502330 seconds
353.556: [GC353.556: [DefNew: 35153K->1748K(37568K), 0.0006070 secs] 39702K->6297K(120960K), 0.0006320 secs] [Times: user=0.00 sys=0.00, real=0.00 secs] 
353.557: Total time for which application threads were stopped: 0.0007600 seconds, Stopping threads took: 0.0000710 seconds
353.704: Application time: 0.1466170 seconds
353.704: [GC353.704: [DefNew: 35152K->1743K(37568K), 0.0006270 secs] 39702K->6293K(120960K), 0.0006520 secs] [Times: user=0.00 sys=0.00, real=0.00 secs] 
353.704: Total time for which application threads were stopped: 0.0007790 seconds, Stopping threads took: 0.0000810 seconds
353.815: Application time: 0.1104480 seconds
353.815: [GC353.815: [DefNew: 35150K->1749K(37568K), 0.0006090 secs] 39700K->6299K(120960K), 0.0006340 secs] [Times: user=0.00 sys=0.00, real=0.00 secs] 
353.816: Total time for which application threads were stopped: 0.0007630 seconds, Stopping threads took: 0.0000780 seconds
353.949: Application time: 0.1335690 seconds
353.949: [GC353.949: [DefNew: 35155K->1744K(37568K), 0.0006380 secs] 39705K->6294K(120960K), 0.0006620 secs] [Times: user=0.00 sys=0.00, real=0.00 secs] 
353.950: Total time for which application threads were stopped: 0.0008260 seconds, Stopping threads took: 0.0000970 seconds
354.089: Application time: 0.1392290 seconds
354.089: [GC354.089: [DefNew: 35149K->1748K(37568K), 0.0006020 secs] 39698K->6298K(120960K), 0.0006260 secs] [Times: user=0.00 sys=0.00, real=0.00 secs] 
354.090: Total time for which application threads were stopped: 0.0007430 seconds, Stopping threads took: 0.0000570 seconds
354.163: Application time: 0.0732950 seconds
354.164: [GC354.164: [DefNew: 35155K->1742K(37568K), 0.0006480 secs] 39705K->6292K(120960K), 0.0006750 secs] [Times: user=0.00 sys=0.00, real=0.00 secs] 
354.164: Total time for which application threads were stopped: 0.0008880 seconds, Stopping threads took: 0.0001410 seconds
354.294: Application time: 0.1295580 seconds
354.294: [GC354.294: [DefNew: 35147K->1750K(37568K), 0.0006140 secs] 39696K->6300K(120960K), 0.0006390 secs] [Times: user=0.00 sys=0.00, real=0.00 secs] 
354.295: Total time for which application threads were stopped: 0.0007770 seconds, Stopping threads took: 0.0000870 seconds
354.439: Application time: 0.1444740 seconds
354.439: [GC354.439: [DefNew: 35155K->1748K(37568K), 0.0006120 secs] 39705K->6298K(120960K), 0.0006350 secs] [Times: user=0.00 sys=0.00, real=0.00 secs] 
354.440: Total time for which application threads were stopped: 0.0007630 seconds, Stopping threads took: 0.0000790 seconds
354.568: Application time: 0.1278540 seconds
354.568: [GC354.568: [DefNew: 35155K->1746K(37568K), 0.0005980 secs] 39705K->6296K(120960K), 0.0006320 secs] [Times: user=0.00 sys=0.00, real=0.00 secs] 
354.569: Total time for which application threads were stopped: 0.0007990 seconds, Stopping threads took: 0.0001190 seconds
354.708: Application time: 0.1396500 seconds
354.708: [GC354.708: [DefNew: 35153K->1748K(37568K), 0.0006210 secs] 39703K->6298K(120960K), 0.0006470 secs] [Times: user=0.00 sys=0.00, real=0.00 secs] 
354.709: Total time for which application threads were stopped: 0.0007830 seconds, Stopping threads took: 0.0000780 seconds
354.858: Application time: 0.1488570 seconds
354.858: [GC354.858: [DefNew: 35153K->1748K(37568K), 0.0006020 secs] 39703K->6298K(120960K), 0.0006270 secs] [Times: user=0.00 sys=0.00, real=0.00 secs] 
354.859: Total time for which application threads were stopped: 0.0007840 seconds, Stopping threads took: 0.0001060 seconds
355.006: Application time: 0.1470060 seconds
355.006: [GC355.006: [DefNew: 35152K->1748K(37568K), 0.0006140 secs] 39702K->6298K(120960K), 0.0006410 secs] [Times: user=0.00 sys=0.00, real=0.00 secs] 
355.006: Total time for which application threads were stopped: 0.0007490 seconds, Stopping threads took: 0.0000570 seconds
355.157: Application time: 0.1504560 seconds
355.157: [GC355.157: [DefNew: 35153K->1748K(37568K), 0.0006390 secs] 39703K->6298K(120960K), 0.0006690 secs] [Times: user=0.00 sys=0.00, real=0.00 secs] 
355.158: Total time for which application threads were stopped: 0.0008390 seconds, Stopping threads took: 0.0001180 seconds
355.307: Application time: 0.1498100 seconds
355.308: [GC355.308: [DefNew: 35152K->1748K(37568K), 0.0006550 secs] 39703K->6298K(120960K), 0.0006840 secs] [Times: user=0.00 sys=0.00, real=0.00 secs] 
355.308: Total time for which application threads were stopped: 0.0008550 seconds, Stopping threads took: 0.0001100 seconds
355.445: Application time: 0.1371720 seconds
355.446: [GC355.446: [DefNew: 35155K->1744K(37568K), 0.0005930 secs] 39706K->6294K(120960K), 0.0006180 secs] [Times: user=0.01 sys=0.00, real=0.00 secs] 
355.446: Total time for which application threads were stopped: 0.0007480 seconds, Stopping threads took: 0.0000830 seconds
355.566: Application time: 0.1194720 seconds
355.566: [GC355.566: [DefNew: 35152K->1749K(37568K), 0.0006180 secs] 39702K->6299K(120960K), 0.0006430 secs] [Times: user=0.00 sys=0.00, real=0.00 secs] 
355.566: Total time for which application threads were stopped: 0.0007760 seconds, Stopping threads took: 0.0000810 seconds
355.693: Application time: 0.1267420 seconds
355.693: [GC355.693: [DefNew: 35156K->1749K(37568K), 0.0006020 secs] 39706K->6299K(120960K), 0.0006270 secs] [Times: user=0.00 sys=0.00, real=0.00 secs] 
355.694: Total time for which application threads were stopped: 0.0007540 seconds, Stopping threads took: 0.0000770 seconds
355.824: Application time: 0.1298160 seconds
355.824: [GC355.824: [DefNew: 35153K->1740K(37568K), 0.0006040 secs] 39703K->6290K(120960K), 0.0006300 secs] [Times: user=0.00 sys=0.00, real=0.00 secs] 
355.825: Total time for which application threads were stopped: 0.0007680 seconds, Stopping threads took: 0.0000750 seconds
355.904: Application time: 0.0794170 seconds
355.904: [GC355.904: [DefNew: 35144K->1751K(37568K), 0.0006050 secs] 39694K->6301K(120960K), 0.0006280 secs] [Times: user=0.00 sys=0.00, real=0.00 secs] 
355.905: Total time for which application threads were stopped: 0.0007520 seconds, Stopping threads took: 0.0000780 seconds
356.043: Application time: 0.1385560 seconds
356.043: [GC356.043: [DefNew: 35156K->1750K(37568K), 0.0006200 secs] 39706K->6300K(120960K), 0.0006450 secs] [Times: user=0.00 sys=0.00, real=0.00 secs] 
356.044: Total time for which application threads were stopped: 0.0008300 seconds, Stopping threads took: 0.0001150 seconds
356.189: Application time: 0.1450010 seconds
356.189: [GC356.189: [DefNew: 35153K->1748K(37568K), 0.0005670 secs] 39704K->6299K(120960K), 0.0005900 secs] [Times: user=0.00 sys=0.00, real=0.00 secs] 
356.190: Total time for which application threads were stopped: 0.0007000 seconds, Stopping threads took: 0.0000630 seconds
356.310: Application time: 0.1199370 seconds
356.310: [GC356.310: [DefNew: 35152K->1750K(37568K), 0.0006230 secs] 39703K->6301K(120960K), 0.0006570 secs] [Times: user=0.00 sys=0.00, real=0.00 secs] 
356.311: Total time for which application threads were stopped: 0.0008030 seconds, Stopping threads took: 0.0000950 seconds
356.458: Application time: 0.1473780 seconds
356.458: [GC356.458: [DefNew: 35157K->1748K(37568K), 0.0006300 secs] 39708K->6299K(120960K), 0.0016930 secs] [Times: user=0.01 sys=0.00, real=0.01 secs] 
356.460: Total time for which application threads were stopped: 0.0019470 seconds, Stopping threads took: 0.0001700 seconds
356.609: Application time: 0.1490120 seconds
356.609: [GC356.609: [DefNew: 35153K->1748K(37568K), 0.0006210 secs] 39703K->6299K(120960K), 0.0006480 secs] [Times: user=0.00 sys=0.00, real=0.00 secs] 
356.610: Total time for which application threads were stopped: 0.0008180 seconds, Stopping threads took: 0.0001100 seconds
356.757: Application time: 0.1472300 seconds
356.757: [GC356.757: [DefNew: 35152K->1748K(37568K), 0.0006050 secs] 39702K->6299K(120960K), 0.0006280 secs] [Times: user=0.00 sys=0.00, real=0.00 secs] 
356.758: Total time for which application threads were stopped: 0.0007740 seconds, Stopping threads took: 0.0001010 seconds
356.908: Application time: 0.1505060 seconds
356.908: [GC356.908: [DefNew: 35153K->1748K(37568K), 0.0005940 secs] 39704K->6299K(120960K), 0.0006160 secs] [Times: user=0.00 sys=0.00, real=0.00 secs] 
356.909: Total time for which application threads were stopped: 0.0007540 seconds, Stopping threads took: 0.0000900 seconds
357.059: Application time: 0.1501550 seconds
357.059: [GC357.059: [DefNew: 35152K->1748K(37568K), 0.0006040 secs] 39703K->6299K(120960K), 0.0006300 secs] [Times: user=0.00 sys=0.00, real=0.00 secs] 
357.060: Total time for which application threads were stopped: 0.0007490 seconds, Stopping threads took: 0.0000580 seconds
357.189: Application time: 0.1294920 seconds
357.190: [GC357.190: [DefNew: 35153K->1748K(37568K), 0.0006060 secs] 39704K->6299K(120960K), 0.0006290 secs] [Times: user=0.00 sys=0.00, real=0.00 secs] 
357.190: Total time for which application threads were stopped: 0.0007420 seconds, Stopping threads took: 0.0000620 seconds
357.316: Application time: 0.1258880 seconds
357.316: [GC357.316: [DefNew: 35156K->1749K(37568K), 0.0006050 secs] 39707K->6300K(120960K), 0.0006320 secs] [Times: user=0.00 sys=0.00, real=0.00 secs] 
357.317: Total time for which application threads were stopped: 0.0007420 seconds, Stopping threads took: 0.0000600 seconds
357.444: Application time: 0.1275930 seconds
357.445: [GC357.445: [DefNew: 35153K->1749K(37568K), 0.0006260 secs] 39704K->6299K(120960K), 0.0006540 secs] [Times: user=0.00 sys=0.00, real=0.00 secs] 
357.445: Total time for which application threads were stopped: 0.0008010 seconds, Stopping threads took: 0.0000960 seconds
357.559: Application time: 0.1141150 seconds
357.559: [GC357.559: [DefNew: 35154K->1736K(37568K), 0.0006410 secs] 39705K->6287K(120960K), 0.0006680 secs] [Times: user=0.00 sys=0.00, real=0.00 secs] 
357.560: Total time for which application threads were stopped: 0.0008230 seconds, Stopping threads took: 0.0001050 seconds
357.650: Application time: 0.0902660 seconds
357.651: [GC357.651: [DefNew: 35143K->1751K(37568K), 0.0006030 secs] 39694K->6302K(120960K), 0.0006270 secs] [Times: user=0.00 sys=0.00, real=0.00 secs] 
357.651: Total time for which application threads were stopped: 0.0007750 seconds, Stopping threads took: 0.0000890 seconds
357.793: Application time: 0.1416040 seconds
357.793: [GC357.793: [DefNew: 35156K->1749K(37568K), 0.0006160 secs] 39707K->6300K(120960K), 0.0006430 secs] [Times: user=0.00 sys=0.00, real=0.00 secs] 
357.794: Total time for which application threads were stopped: 0.0008370 seconds, Stopping threads took: 0.0001460 seconds
357.940: Application time: 0.1465540 seconds
357.940: [GC357.940: [DefNew: 35156K->1748K(37568K), 0.0006150 secs] 39707K->6299K(120960K), 0.0006430 secs] [Times: user=0.00 sys=0.00, real=0.00 secs] 
357.941: Total time for which application threads were stopped: 0.0007810 seconds, Stopping threads took: 0.0000780 seconds
358.061: Application time: 0.1199110 seconds
358.061: [GC358.061: [DefNew: 35154K->1750K(37568K), 0.0006090 secs] 39705K->6302K(120960K), 0.0006330 secs] [Times: user=0.00 sys=0.00, real=0.00 secs] 
358.062: Total time for which application threads were stopped: 0.0007800 seconds, Stopping threads took: 0.0001000 seconds
358.209: Application time: 0.1477860 seconds
358.210: [GC358.210: [DefNew: 35157K->1748K(37568K), 0.0006150 secs] 39708K->6299K(120960K), 0.0006430 secs] [Times: user=0.00 sys=0.00, real=0.00 secs] 
358.210: Total time for which application threads were stopped: 0.0008140 seconds, Stopping threads took: 0.0000980 seconds
358.359: Application time: 0.1490360 seconds
358.359: [GC358.359: [DefNew: 35153K->1748K(37568K), 0.0005920 secs] 39704K->6299K(120960K), 0.0006160 secs] [Times: user=0.00 sys=0.00, real=0.00 secs] 
358.360: Total time for which application threads were stopped: 0.0007620 seconds, Stopping threads took: 0.0000990 seconds
358.507: Application time: 0.1474120 seconds
358.508: [GC358.508: [DefNew: 35151K->1748K(37568K), 0.0006100 secs] 39703K->6300K(120960K), 0.0006340 secs] [Times: user=0.00 sys=0.00, real=0.00 secs] 
358.508: Total time for which application threads were stopped: 0.0007450 seconds, Stopping threads took: 0.0000650 seconds
358.659: Application time: 0.1507050 seconds
358.659: [GC358.659: [DefNew: 35153K->1748K(37568K), 0.0006080 secs] 39704K->6299K(120960K), 0.0006340 secs] [Times: user=0.00 sys=0.00, real=0.00 secs] 
358.660: Total time for which application threads were stopped: 0.0007590 seconds, Stopping threads took: 0.0000750 seconds
358.809: Application time: 0.1497120 seconds
358.810: [GC358.810: [DefNew: 35152K->1748K(37568K), 0.0006100 secs] 39704K->6299K(120960K), 0.0006370 secs] [Times: user=0.00 sys=0.00, real=0.00 secs] 
358.810: Total time for which application threads were stopped: 0.0007950 seconds, Stopping threads took: 0.0000970 seconds
358.931: Application time: 0.1204860 seconds
358.931: [GC358.931: [DefNew: 35154K->1744K(37568K), 0.0006070 secs] 39705K->6296K(120960K), 0.0006340 secs] [Times: user=0.00 sys=0.00, real=0.00 secs] 
358.931: Total time for which application threads were stopped: 0.0007520 seconds, Stopping threads took: 0.0000690 seconds
359.066: Application time: 0.1348480 seconds
359.066: [GC359.066: [DefNew: 35152K->1748K(37568K), 0.0006180 secs] 39703K->6300K(120960K), 0.0006450 secs] [Times: user=0.00 sys=0.00, real=0.01 secs] 
359.067: Total time for which application threads were stopped: 0.0007640 seconds, Stopping threads took: 0.0000680 seconds
359.194: Application time: 0.1267260 seconds
359.194: [GC359.194: [DefNew: 35154K->1749K(37568K), 0.0006380 secs] 39706K->6300K(120960K), 0.0006650 secs] [Times: user=0.00 sys=0.00, real=0.00 secs] 
359.195: Total time for which application threads were stopped: 0.0008290 seconds, Stopping threads took: 0.0001140 seconds
359.291: Application time: 0.0964360 seconds
359.291: [GC359.291: [DefNew: 35153K->1742K(37568K), 0.0006170 secs] 39704K->6293K(120960K), 0.0006420 secs] [Times: user=0.00 sys=0.00, real=0.00 secs] 
359.292: Total time for which application threads were stopped: 0.0007920 seconds, Stopping threads took: 0.0000990 seconds
359.399: Application time: 0.1072890 seconds
359.399: [GC359.399: [DefNew: 35146K->1574K(37568K), 0.0005570 secs] 39697K->6126K(120960K), 0.0005810 secs] [Times: user=0.00 sys=0.00, real=0.00 secs] 
359.400: Total time for which application threads were stopped: 0.0007050 seconds, Stopping threads took: 0.0000700 seconds
359.543: Application time: 0.1436270 seconds
359.544: [GC359.544: [DefNew: 34981K->1749K(37568K), 0.0005960 secs] 39532K->6300K(120960K), 0.0006210 secs] [Times: user=0.01 sys=0.00, real=0.00 secs] 
359.544: Total time for which application threads were stopped: 0.0007230 seconds, Stopping threads took: 0.0000550 seconds
359.687: Application time: 0.1428620 seconds
359.687: [GC359.687: [DefNew: 35155K->1749K(37568K), 0.0006120 secs] 39706K->6301K(120960K), 0.0006460 secs] [Times: user=0.00 sys=0.00, real=0.00 secs] 
359.688: Total time for which application threads were stopped: 0.0008130 seconds, Stopping threads took: 0.0001150 seconds
359.811: Application time: 0.1229460 seconds
359.811: [GC359.811: [DefNew: 35154K->1750K(37568K), 0.0006000 secs] 39706K->6302K(120960K), 0.0006230 secs] [Times: user=0.00 sys=0.00, real=0.00 secs] 
359.812: Total time for which application threads were stopped: 0.0007150 seconds, Stopping threads took: 0.0000450 seconds
359.961: Application time: 0.1493660 seconds
359.961: [GC359.961: [DefNew: 35154K->1748K(37568K), 0.0005920 secs] 39706K->6300K(120960K), 0.0006200 secs] [Times: user=0.00 sys=0.00, real=0.00 secs] 
359.962: Total time for which application threads were stopped: 0.0008030 seconds, Stopping threads took: 0.0001230 seconds
360.111: Application time: 0.1488240 seconds
360.111: [GC360.111: [DefNew: 35152K->1748K(37568K), 0.0006240 secs] 39704K->6300K(120960K), 0.0006500 secs] [Times: user=0.00 sys=0.00, real=0.00 secs] 
360.111: Total time for which application threads were stopped: 0.0007620 seconds, Stopping threads took: 0.0000630 seconds
360.260: Application time: 0.1482120 seconds
360.260: [GC360.260: [DefNew: 35154K->1748K(37568K), 0.0006070 secs] 39706K->6300K(120960K), 0.0006300 secs] [Times: user=0.00 sys=0.00, real=0.00 secs] 
360.260: Total time for which application threads were stopped: 0.0007420 seconds, Stopping threads took: 0.0000650 seconds
360.411: Application time: 0.1506080 seconds
360.411: [GC360.411: [DefNew: 35153K->1748K(37568K), 0.0005910 secs] 39705K->6300K(120960K), 0.0006140 secs] [Times: user=0.00 sys=0.00, real=0.00 secs] 
360.412: Total time for which application threads were stopped: 0.0007350 seconds, Stopping threads took: 0.0000750 seconds
360.561: Application time: 0.1497970 seconds
360.561: [GC360.562: [DefNew: 35152K->1748K(37568K), 0.0006030 secs] 39704K->6300K(120960K), 0.0006290 secs] [Times: user=0.00 sys=0.00, real=0.00 secs] 
360.562: Total time for which application threads were stopped: 0.0007490 seconds, Stopping threads took: 0.0000600 seconds
360.674: Application time: 0.1114890 seconds
360.674: [GC360.674: [DefNew: 35155K->1744K(37568K), 0.0005990 secs] 39707K->6296K(120960K), 0.0006210 secs] [Times: user=0.00 sys=0.00, real=0.00 secs] 
360.674: Total time for which application threads were stopped: 0.0007580 seconds, Stopping threads took: 0.0000820 seconds
360.808: Application time: 0.1331260 seconds
360.808: [GC360.808: [DefNew: 35151K->1744K(37568K), 0.0006000 secs] 39702K->6296K(120960K), 0.0006240 secs] [Times: user=0.00 sys=0.00, real=0.00 secs] 
360.808: Total time for which application threads were stopped: 0.0007460 seconds, Stopping threads took: 0.0000740 seconds
360.944: Application time: 0.1358130 seconds
360.944: [GC360.944: [DefNew: 35152K->1748K(37568K), 0.0006150 secs] 39704K->6300K(120960K), 0.0006400 secs] [Times: user=0.00 sys=0.00, real=0.00 secs] 
360.945: Total time for which application threads were stopped: 0.0007540 seconds, Stopping threads took: 0.0000650 seconds
361.026: Application time: 0.0811470 seconds
361.026: [GC361.026: [DefNew: 35155K->1742K(37568K), 0.0006100 secs] 39707K->6294K(120960K), 0.0006320 secs] [Times: user=0.00 sys=0.00, real=0.00 secs] 
361.027: Total time for which application threads were stopped: 0.0007260 seconds, Stopping threads took: 0.0000460 seconds
361.148: Application time: 0.1216530 seconds
361.148: [GC361.148: [DefNew: 35148K->1750K(37568K), 0.0005990 secs] 39700K->6302K(120960K), 0.0006220 secs] [Times: user=0.00 sys=0.00, real=0.00 secs] 
361.149: Total time for which application threads were stopped: 0.0007220 seconds, Stopping threads took: 0.0000460 seconds
361.294: Application time: 0.1448800 seconds
361.294: [GC361.294: [DefNew: 35156K->1748K(37568K), 0.0006200 secs] 39708K->6301K(120960K), 0.0006470 secs] [Times: user=0.00 sys=0.00, real=0.00 secs] 
361.295: Total time for which application threads were stopped: 0.0007900 seconds, Stopping threads took: 0.0000930 seconds
361.431: Application time: 0.1363580 seconds
361.431: [GC361.431: [DefNew: 35152K->1745K(37568K), 0.0005940 secs] 39705K->6297K(120960K), 0.0006270 secs] [Times: user=0.00 sys=0.00, real=0.00 secs] 
361.432: Total time for which application threads were stopped: 0.0008000 seconds, Stopping threads took: 0.0001250 seconds
361.565: Application time: 0.1331290 seconds
361.565: [GC361.565: [DefNew: 35151K->1749K(37568K), 0.0006080 secs] 39703K->6301K(120960K), 0.0006370 secs] [Times: user=0.00 sys=0.00, real=0.00 secs] 
361.566: Total time for which application threads were stopped: 0.0008230 seconds, Stopping threads took: 0.0001340 seconds
361.730: Application time: 0.1640050 seconds
361.730: [GC361.730: [DefNew: 35154K->1748K(37568K), 0.0006090 secs] 39706K->6300K(120960K), 0.0006320 secs] [Times: user=0.00 sys=0.00, real=0.00 secs] 
361.731: Total time for which application threads were stopped: 0.0007720 seconds, Stopping threads took: 0.0000790 seconds
361.893: Application time: 0.1621590 seconds
361.893: [GC361.893: [DefNew: 35154K->1748K(37568K), 0.0006190 secs] 39706K->6301K(120960K), 0.0006440 secs] [Times: user=0.00 sys=0.00, real=0.00 secs] 
361.894: Total time for which application threads were stopped: 0.0007730 seconds, Stopping threads took: 0.0000780 seconds
362.058: Application time: 0.1646770 seconds
362.058: [GC362.058: [DefNew: 35153K->1748K(37568K), 0.0006370 secs] 39705K->6300K(120960K), 0.0006640 secs] [Times: user=0.00 sys=0.00, real=0.01 secs] 
362.059: Total time for which application threads were stopped: 0.0007980 seconds, Stopping threads took: 0.0000810 seconds
362.224: Application time: 0.1651580 seconds
362.224: [GC362.224: [DefNew: 35152K->1748K(37568K), 0.0006230 secs] 39705K->6300K(120960K), 0.0006500 secs] [Times: user=0.00 sys=0.00, real=0.00 secs] 
362.225: Total time for which application threads were stopped: 0.0007820 seconds, Stopping threads took: 0.0000800 seconds
362.379: Application time: 0.1544510 seconds
362.380: [GC362.380: [DefNew: 35151K->1744K(37568K), 0.0006250 secs] 39704K->6296K(120960K), 0.0006510 secs] [Times: user=0.00 sys=0.00, real=0.00 secs] 
362.380: Total time for which application threads were stopped: 0.0007930 seconds, Stopping threads took: 0.0000820 seconds
362.508: Application time: 0.1278030 seconds
362.508: [GC362.508: [DefNew: 35151K->1749K(37568K), 0.0006090 secs] 39704K->6301K(120960K), 0.0006340 secs] [Times: user=0.01 sys=0.00, real=0.00 secs] 
362.509: Total time for which application threads were stopped: 0.0007530 seconds, Stopping threads took: 0.0000720 seconds
362.648: Application time: 0.1392550 seconds
362.648: [GC362.648: [DefNew: 35155K->1749K(37568K), 0.0006130 secs] 39707K->6301K(120960K), 0.0006370 secs] [Times: user=0.00 sys=0.00, real=0.00 secs] 
362.649: Total time for which application threads were stopped: 0.0008090 seconds, Stopping threads took: 0.0001230 seconds
362.798: Application time: 0.1492140 seconds
362.798: [GC362.798: [DefNew: 35155K->1740K(37568K), 0.0006170 secs] 39708K->6292K(120960K), 0.0006420 secs] [Times: user=0.00 sys=0.00, real=0.01 secs] 
362.799: Total time for which application threads were stopped: 0.0008010 seconds, Stopping threads took: 0.0001110 seconds
362.885: Application time: 0.0861690 seconds
362.885: [GC362.885: [DefNew: 35144K->1746K(37568K), 0.0006240 secs] 39697K->6299K(120960K), 0.0006490 secs] [Times: user=0.00 sys=0.00, real=0.00 secs] 
362.886: Total time for which application threads were stopped: 0.0007660 seconds, Stopping threads took: 0.0000600 seconds
363.032: Application time: 0.1462000 seconds
363.032: [GC363.032: [DefNew: 35153K->1750K(37568K), 0.0006150 secs] 39705K->6302K(120960K), 0.0006400 secs] [Times: user=0.01 sys=0.00, real=0.00 secs] 
363.033: Total time for which application threads were stopped: 0.0008450 seconds, Stopping threads took: 0.0001560 seconds
363.192: Application time: 0.1589230 seconds
363.192: [GC363.192: [DefNew: 35155K->1748K(37568K), 0.0006540 secs] 39707K->6301K(120960K), 0.0006810 secs] [Times: user=0.00 sys=0.00, real=0.00 secs] 
363.193: Total time for which application threads were stopped: 0.0008660 seconds, Stopping threads took: 0.0001030 seconds
363.331: Application time: 0.1379650 seconds
363.331: [GC363.331: [DefNew: 35153K->1746K(37568K), 0.0006130 secs] 39705K->6299K(120960K), 0.0006370 secs] [Times: user=0.00 sys=0.00, real=0.00 secs] 
363.331: Total time for which application threads were stopped: 0.0007460 seconds, Stopping threads took: 0.0000560 seconds
363.488: Application time: 0.1564910 seconds
363.488: [GC363.488: [DefNew: 35153K->1748K(37568K), 0.0006300 secs] 39706K->6301K(120960K), 0.0006560 secs] [Times: user=0.00 sys=0.00, real=0.00 secs] 
363.489: Total time for which application threads were stopped: 0.0008590 seconds, Stopping threads took: 0.0001210 seconds
363.655: Application time: 0.1657750 seconds
363.655: [GC363.655: [DefNew: 35153K->1748K(37568K), 0.0006230 secs] 39706K->6301K(120960K), 0.0006490 secs] [Times: user=0.00 sys=0.00, real=0.00 secs] 
363.655: Total time for which application threads were stopped: 0.0007920 seconds, Stopping threads took: 0.0000920 seconds
363.817: Application time: 0.1621690 seconds
363.818: [GC363.818: [DefNew: 35152K->1748K(37568K), 0.0006070 secs] 39705K->6301K(120960K), 0.0006330 secs] [Times: user=0.00 sys=0.00, real=0.00 secs] 
363.818: Total time for which application threads were stopped: 0.0007390 seconds, Stopping threads took: 0.0000570 seconds
363.984: Application time: 0.1653480 seconds
363.984: [GC363.984: [DefNew: 35153K->1748K(37568K), 0.0006140 secs] 39706K->6301K(120960K), 0.0006380 secs] [Times: user=0.00 sys=0.00, real=0.00 secs] 
363.984: Total time for which application threads were stopped: 0.0007990 seconds, Stopping threads took: 0.0001120 seconds
364.149: Application time: 0.1645980 seconds
364.149: [GC364.149: [DefNew: 35152K->1748K(37568K), 0.0006340 secs] 39705K->6301K(120960K), 0.0006590 secs] [Times: user=0.00 sys=0.00, real=0.00 secs] 
364.150: Total time for which application threads were stopped: 0.0008370 seconds, Stopping threads took: 0.0001190 seconds
364.292: Application time: 0.1425710 seconds
364.293: [GC364.293: [DefNew: 35124K->1629K(37568K), 0.0006040 secs] 39677K->6182K(120960K), 0.0006300 secs] [Times: user=0.00 sys=0.00, real=0.00 secs] 
364.293: Total time for which application threads were stopped: 0.0007950 seconds, Stopping threads took: 0.0001140 seconds
364.432: Application time: 0.1385610 seconds
364.432: [GC364.432: [DefNew: 35033K->1749K(37568K), 0.0006200 secs] 39587K->6302K(120960K), 0.0006440 secs] [Times: user=0.00 sys=0.00, real=0.00 secs] 
364.433: Total time for which application threads were stopped: 0.0007640 seconds, Stopping threads took: 0.0000700 seconds
364.572: Application time: 0.1395130 seconds
364.572: [GC364.572: [DefNew: 35156K->1749K(37568K), 0.0006490 secs] 39710K->6302K(120960K), 0.0006750 secs] [Times: user=0.00 sys=0.00, real=0.00 secs] 
364.573: Total time for which application threads were stopped: 0.0008280 seconds, Stopping threads took: 0.0001040 seconds
364.706: Application time: 0.1328370 seconds
364.706: Total time for which application threads were stopped: 0.0000840 seconds, Stopping threads took: 0.0000530 seconds
364.706: Application time: 0.0000580 seconds
364.706: [GC364.706: [DefNew: 35169K->1555K(37568K), 0.0006140 secs] 39722K->6108K(120960K), 0.0006380 secs] [Times: user=0.00 sys=0.00, real=0.00 secs] 
364.707: Total time for which application threads were stopped: 0.0007850 seconds, Stopping threads took: 0.0000990 seconds
364.799: Application time: 0.0923080 seconds
364.799: [GC364.799: [DefNew: 34962K->1751K(37568K), 0.0006110 secs] 39515K->6304K(120960K), 0.0006370 secs] [Times: user=0.01 sys=0.00, real=0.00 secs] 
364.800: Total time for which application threads were stopped: 0.0007370 seconds, Stopping threads took: 0.0000510 seconds
364.956: Application time: 0.1559310 seconds
364.956: [GC364.956: [DefNew: 35159K->1749K(37568K), 0.0006350 secs] 39712K->6302K(120960K), 0.0006620 secs] [Times: user=0.00 sys=0.00, real=0.00 secs] 
364.956: Total time for which application threads were stopped: 0.0008390 seconds, Stopping threads took: 0.0001160 seconds
365.117: Application time: 0.1601700 seconds
365.117: [GC365.117: [DefNew: 35156K->1748K(37568K), 0.0006100 secs] 39710K->6302K(120960K), 0.0006350 secs] [Times: user=0.00 sys=0.00, real=0.00 secs] 
365.117: Total time for which application threads were stopped: 0.0007440 seconds, Stopping threads took: 0.0000610 seconds
365.250: Application time: 0.1325420 seconds
365.250: [GC365.250: [DefNew: 35154K->1750K(37568K), 0.0006490 secs] 39708K->6304K(120960K), 0.0006750 secs] [Times: user=0.00 sys=0.00, real=0.00 secs] 
365.251: Total time for which application threads were stopped: 0.0008600 seconds, Stopping threads took: 0.0001230 seconds
365.413: Application time: 0.1622780 seconds
365.413: [GC365.413: [DefNew: 35154K->1748K(37568K), 0.0006130 secs] 39708K->6302K(120960K), 0.0006390 secs] [Times: user=0.00 sys=0.00, real=0.00 secs] 
365.414: Total time for which application threads were stopped: 0.0008210 seconds, Stopping threads took: 0.0001230 seconds
365.574: Application time: 0.1599560 seconds
365.574: [GC365.574: [DefNew: 35153K->1748K(37568K), 0.0005900 secs] 39706K->6301K(120960K), 0.0006120 secs] [Times: user=0.00 sys=0.00, real=0.00 secs] 
365.575: Total time for which application threads were stopped: 0.0007790 seconds, Stopping threads took: 0.0001210 seconds
365.722: Application time: 0.1474950 seconds
365.722: [GC365.722: [DefNew: 35152K->1748K(37568K), 0.0006060 secs] 39705K->6302K(120960K), 0.0006300 secs] [Times: user=0.00 sys=0.00, real=0.00 secs] 
365.723: Total time for which application threads were stopped: 0.0007370 seconds, Stopping threads took: 0.0000600 seconds
365.873: Application time: 0.1505710 seconds
365.874: [GC365.874: [DefNew: 35155K->1748K(37568K), 0.0006140 secs] 39709K->6301K(120960K), 0.0006390 secs] [Times: user=0.01 sys=0.00, real=0.00 secs] 
365.874: Total time for which application threads were stopped: 0.0007910 seconds, Stopping threads took: 0.0000920 seconds
366.024: Application time: 0.1498920 seconds
366.024: [GC366.024: [DefNew: 35152K->1748K(37568K), 0.0005980 secs] 39706K->6301K(120960K), 0.0006210 secs] [Times: user=0.00 sys=0.00, real=0.00 secs] 
366.025: Total time for which application threads were stopped: 0.0007220 seconds, Stopping threads took: 0.0000530 seconds
366.150: Application time: 0.1251510 seconds
366.150: [GC366.150: [DefNew: 35151K->1744K(37568K), 0.0006150 secs] 39705K->6298K(120960K), 0.0006450 secs] [Times: user=0.00 sys=0.00, real=0.00 secs] 
366.151: Total time for which application threads were stopped: 0.0007530 seconds, Stopping threads took: 0.0000570 seconds
366.281: Application time: 0.1304310 seconds
366.281: [GC366.281: [DefNew: 35149K->1749K(37568K), 0.0006080 secs] 39703K->6302K(120960K), 0.0006350 secs] [Times: user=0.00 sys=0.00, real=0.00 secs] 
366.282: Total time for which application threads were stopped: 0.0007730 seconds, Stopping threads took: 0.0000870 seconds
366.408: Application time: 0.1264530 seconds
366.409: [GC366.409: [DefNew: 35156K->1749K(37568K), 0.0005770 secs] 39710K->6302K(120960K), 0.0005950 secs] [Times: user=0.00 sys=0.00, real=0.00 secs] 
366.409: Total time for which application threads were stopped: 0.0007240 seconds, Stopping threads took: 0.0000770 seconds
366.516: Application time: 0.1073180 seconds
366.517: [GC366.517: [DefNew: 35153K->1736K(37568K), 0.0007000 secs] 39707K->6290K(120960K), 0.0007290 secs] [Times: user=0.00 sys=0.00, real=0.00 secs] 
366.517: Total time for which application threads were stopped: 0.0009180 seconds, Stopping threads took: 0.0001290 seconds
366.630: Application time: 0.1131230 seconds
366.631: [GC366.631: [DefNew: 35140K->1751K(37568K), 0.0006870 secs] 39694K->6304K(120960K), 0.0007130 secs] [Times: user=0.00 sys=0.00, real=0.00 secs] 
366.631: Total time for which application threads were stopped: 0.0008270 seconds, Stopping threads took: 0.0000610 seconds
366.786: Application time: 0.1544670 seconds
366.786: [GC366.786: [DefNew: 35158K->1749K(37568K), 0.0005950 secs] 39712K->6303K(120960K), 0.0006270 secs] [Times: user=0.00 sys=0.00, real=0.00 secs] 
366.787: Total time for which application threads were stopped: 0.0007950 seconds, Stopping threads took: 0.0001000 seconds
366.930: Application time: 0.1436640 seconds
366.930: [GC366.930: [DefNew: 35153K->1749K(37568K), 0.0006270 secs] 39707K->6303K(120960K), 0.0006530 secs] [Times: user=0.00 sys=0.00, real=0.00 secs] 
366.931: Total time for which application threads were stopped: 0.0008360 seconds, Stopping threads took: 0.0001210 seconds
367.056: Application time: 0.1249730 seconds
367.056: [GC367.056: [DefNew: 35157K->1750K(37568K), 0.0006060 secs] 39711K->6304K(120960K), 0.0006350 secs] [Times: user=0.00 sys=0.00, real=0.00 secs] 
367.057: Total time for which application threads were stopped: 0.0007650 seconds, Stopping threads took: 0.0000800 seconds
367.212: Application time: 0.1553550 seconds
367.212: [GC367.212: [DefNew: 35154K->1748K(37568K), 0.0006360 secs] 39708K->6302K(120960K), 0.0006620 secs] [Times: user=0.00 sys=0.00, real=0.00 secs] 
367.213: Total time for which application threads were stopped: 0.0007860 seconds, Stopping threads took: 0.0000740 seconds
367.362: Application time: 0.1487480 seconds
367.362: [GC367.362: [DefNew: 35153K->1748K(37568K), 0.0006220 secs] 39707K->6302K(120960K), 0.0006470 secs] [Times: user=0.00 sys=0.00, real=0.00 secs] 
367.363: Total time for which application threads were stopped: 0.0008370 seconds, Stopping threads took: 0.0001440 seconds
367.510: Application time: 0.1475540 seconds
367.510: [GC367.510: [DefNew: 35152K->1748K(37568K), 0.0006610 secs] 39706K->6302K(120960K), 0.0006880 secs] [Times: user=0.00 sys=0.00, real=0.00 secs] 
367.511: Total time for which application threads were stopped: 0.0009210 seconds, Stopping threads took: 0.0001730 seconds
367.661: Application time: 0.1500760 seconds
367.661: [GC367.661: [DefNew: 35153K->1748K(37568K), 0.0005950 secs] 39707K->6302K(120960K), 0.0006170 secs] [Times: user=0.00 sys=0.00, real=0.00 secs] 
367.662: Total time for which application threads were stopped: 0.0007200 seconds, Stopping threads took: 0.0000560 seconds
367.805: Application time: 0.1433200 seconds
367.805: [GC367.805: [DefNew: 35152K->1744K(37568K), 0.0005990 secs] 39706K->6298K(120960K), 0.0006210 secs] [Times: user=0.00 sys=0.00, real=0.00 secs] 
367.806: Total time for which application threads were stopped: 0.0008100 seconds, Stopping threads took: 0.0001210 seconds
367.940: Application time: 0.1335560 seconds
367.940: [GC367.940: [DefNew: 35149K->1748K(37568K), 0.0006210 secs] 39703K->6302K(120960K), 0.0006460 secs] [Times: user=0.01 sys=0.00, real=0.00 secs] 
367.940: Total time for which application threads were stopped: 0.0008030 seconds, Stopping threads took: 0.0001050 seconds
368.060: Application time: 0.1199100 seconds
368.060: [GC368.060: [DefNew: 35154K->1745K(37568K), 0.0006040 secs] 39708K->6299K(120960K), 0.0006290 secs] [Times: user=0.01 sys=0.00, real=0.00 secs] 
368.061: Total time for which application threads were stopped: 0.0007510 seconds, Stopping threads took: 0.0000650 seconds
368.191: Application time: 0.1303190 seconds
368.191: [GC368.191: [DefNew: 35150K->1744K(37568K), 0.0005830 secs] 39704K->6298K(120960K), 0.0006060 secs] [Times: user=0.00 sys=0.00, real=0.00 secs] 
368.192: Total time for which application threads were stopped: 0.0007590 seconds, Stopping threads took: 0.0001070 seconds
368.282: Application time: 0.0903630 seconds
368.283: [GC368.283: [DefNew: 35150K->1746K(37568K), 0.0006380 secs] 39704K->6300K(120960K), 0.0006660 secs] [Times: user=0.00 sys=0.00, real=0.00 secs] 
368.283: Total time for which application threads were stopped: 0.0008590 seconds, Stopping threads took: 0.0001460 seconds
368.400: Application time: 0.1161920 seconds
368.400: [GC368.400: [DefNew: 35153K->1750K(37568K), 0.0005940 secs] 39707K->6305K(120960K), 0.0006180 secs] [Times: user=0.00 sys=0.00, real=0.00 secs] 
368.400: Total time for which application threads were stopped: 0.0007180 seconds, Stopping threads took: 0.0000540 seconds
368.543: Application time: 0.1429660 seconds
368.543: [GC368.543: [DefNew: 35155K->1749K(37568K), 0.0006220 secs] 39710K->6303K(120960K), 0.0006570 secs] [Times: user=0.00 sys=0.00, real=0.00 secs] 
368.544: Total time for which application threads were stopped: 0.0007950 seconds, Stopping threads took: 0.0000860 seconds
368.686: Application time: 0.1418620 seconds
368.686: [GC368.686: [DefNew: 35153K->1749K(37568K), 0.0006340 secs] 39707K->6304K(120960K), 0.0006610 secs] [Times: user=0.00 sys=0.00, real=0.01 secs] 
368.687: Total time for which application threads were stopped: 0.0008970 seconds, Stopping threads took: 0.0001810 seconds
368.814: Application time: 0.1267940 seconds
368.814: [GC368.814: [DefNew: 35154K->1749K(37568K), 0.0006210 secs] 39708K->6304K(120960K), 0.0006480 secs] [Times: user=0.00 sys=0.00, real=0.00 secs] 
368.814: Total time for which application threads were stopped: 0.0007550 seconds, Stopping threads took: 0.0000570 seconds
368.962: Application time: 0.1474190 seconds
368.962: [GC368.962: [DefNew: 35154K->1748K(37568K), 0.0006060 secs] 39708K->6303K(120960K), 0.0006250 secs] [Times: user=0.00 sys=0.00, real=0.00 secs] 
368.962: Total time for which application threads were stopped: 0.0007620 seconds, Stopping threads took: 0.0000880 seconds
369.112: Application time: 0.1492630 seconds
369.112: [GC369.112: [DefNew: 35155K->1748K(37568K), 0.0006100 secs] 39710K->6303K(120960K), 0.0006360 secs] [Times: user=0.01 sys=0.00, real=0.00 secs] 
369.113: Total time for which application threads were stopped: 0.0007880 seconds, Stopping threads took: 0.0001030 seconds
369.261: Application time: 0.1484430 seconds
369.261: [GC369.261: [DefNew: 35152K->1748K(37568K), 0.0006400 secs] 39707K->6303K(120960K), 0.0006680 secs] [Times: user=0.00 sys=0.00, real=0.00 secs] 
369.262: Total time for which application threads were stopped: 0.0007870 seconds, Stopping threads took: 0.0000590 seconds
369.412: Application time: 0.1499870 seconds
369.412: [GC369.412: [DefNew: 35153K->1748K(37568K), 0.0005970 secs] 39708K->6303K(120960K), 0.0006200 secs] [Times: user=0.00 sys=0.00, real=0.00 secs] 
369.413: Total time for which application threads were stopped: 0.0007280 seconds, Stopping threads took: 0.0000610 seconds
369.546: Application time: 0.1336690 seconds
369.546: [GC369.546: [DefNew: 35152K->1744K(37568K), 0.0006030 secs] 39706K->6298K(120960K), 0.0006270 secs] [Times: user=0.00 sys=0.00, real=0.01 secs] 
369.547: Total time for which application threads were stopped: 0.0008150 seconds, Stopping threads took: 0.0001300 seconds
369.694: Application time: 0.1472940 seconds
369.694: [GC369.694: [DefNew: 35148K->1744K(37568K), 0.0006210 secs] 39703K->6299K(120960K), 0.0006460 secs] [Times: user=0.00 sys=0.00, real=0.00 secs] 
369.695: Total time for which application threads were stopped: 0.0008570 seconds, Stopping threads took: 0.0001410 seconds
369.827: Application time: 0.1314520 seconds
369.827: [GC369.827: [DefNew: 35148K->1744K(37568K), 0.0006330 secs] 39703K->6299K(120960K), 0.0006650 secs] [Times: user=0.00 sys=0.00, real=0.01 secs] 
369.827: Total time for which application threads were stopped: 0.0008060 seconds, Stopping threads took: 0.0000760 seconds
369.963: Application time: 0.1353750 seconds
369.963: [GC369.963: [DefNew: 35151K->1740K(37568K), 0.0006090 secs] 39706K->6295K(120960K), 0.0006330 secs] [Times: user=0.00 sys=0.00, real=0.00 secs] 
369.964: Total time for which application threads were stopped: 0.0007390 seconds, Stopping threads took: 0.0000580 seconds
370.075: Application time: 0.1114390 seconds
370.075: [GC370.075: [DefNew: 35144K->1748K(37568K), 0.0006980 secs] 39699K->6303K(120960K), 0.0007270 secs] [Times: user=0.00 sys=0.00, real=0.00 secs] 
370.076: Total time for which application threads were stopped: 0.0009720 seconds, Stopping threads took: 0.0001910 seconds
370.210: Application time: 0.1340100 seconds
370.210: [GC370.210: [DefNew: 35154K->1751K(37568K), 0.0006330 secs] 39709K->6306K(120960K), 0.0006610 secs] [Times: user=0.00 sys=0.00, real=0.00 secs] 
370.211: Total time for which application threads were stopped: 0.0008330 seconds, Stopping threads took: 0.0001100 seconds
370.370: Application time: 0.1592360 seconds
370.370: [GC370.370: [DefNew: 35158K->1750K(37568K), 0.0006400 secs] 39713K->6305K(120960K), 0.0006790 secs] [Times: user=0.00 sys=0.00, real=0.00 secs] 
370.371: Total time for which application threads were stopped: 0.0008020 seconds, Stopping threads took: 0.0000630 seconds
370.527: Application time: 0.1565110 seconds
370.527: [GC370.528: [DefNew: 35155K->1751K(37568K), 0.0006660 secs] 39710K->6306K(120960K), 0.0006920 secs] [Times: user=0.00 sys=0.00, real=0.00 secs] 
370.528: Total time for which application threads were stopped: 0.0008670 seconds, Stopping threads took: 0.0001250 seconds
370.666: Application time: 0.1377410 seconds
370.666: [GC370.666: [DefNew: 35159K->1751K(37568K), 0.0006360 secs] 39714K->6306K(120960K), 0.0006620 secs] [Times: user=0.00 sys=0.00, real=0.01 secs] 
370.667: Total time for which application threads were stopped: 0.0008010 seconds, Stopping threads took: 0.0000820 seconds
370.831: Application time: 0.1638370 seconds
370.831: [GC370.831: [DefNew: 35156K->1750K(37568K), 0.0006300 secs] 39711K->6305K(120960K), 0.0006540 secs] [Times: user=0.00 sys=0.00, real=0.00 secs] 
370.831: Total time for which application threads were stopped: 0.0007650 seconds, Stopping threads took: 0.0000610 seconds
370.995: Application time: 0.1641230 seconds
370.996: [GC370.996: [DefNew: 35154K->1750K(37568K), 0.0006380 secs] 39709K->6305K(120960K), 0.0006650 secs] [Times: user=0.00 sys=0.00, real=0.00 secs] 
370.996: Total time for which application threads were stopped: 0.0008310 seconds, Stopping threads took: 0.0001030 seconds
371.159: Application time: 0.1625170 seconds
371.159: [GC371.159: [DefNew: 35156K->1750K(37568K), 0.0006290 secs] 39711K->6305K(120960K), 0.0006540 secs] [Times: user=0.00 sys=0.00, real=0.00 secs] 
371.160: Total time for which application threads were stopped: 0.0008810 seconds, Stopping threads took: 0.0001540 seconds
371.325: Application time: 0.1651540 seconds
371.325: [GC371.325: [DefNew: 35155K->1750K(37568K), 0.0006120 secs] 39710K->6305K(120960K), 0.0006380 secs] [Times: user=0.00 sys=0.00, real=0.00 secs] 
371.326: Total time for which application threads were stopped: 0.0007350 seconds, Stopping threads took: 0.0000490 seconds
371.468: Application time: 0.1423260 seconds
371.468: [GC371.468: [DefNew: 35155K->1750K(37568K), 0.0006760 secs] 39711K->6306K(120960K), 0.0007050 secs] [Times: user=0.01 sys=0.00, real=0.00 secs] 
371.469: Total time for which application threads were stopped: 0.0009430 seconds, Stopping threads took: 0.0001850 seconds
371.609: Application time: 0.1404680 seconds
371.609: [GC371.609: [DefNew: 35155K->1750K(37568K), 0.0006650 secs] 39710K->6306K(120960K), 0.0016530 secs] [Times: user=0.00 sys=0.00, real=0.00 secs] 
371.611: Total time for which application threads were stopped: 0.0018020 seconds, Stopping threads took: 0.0000810 seconds
371.750: Application time: 0.1389010 seconds
371.750: [GC371.750: [DefNew: 35155K->1751K(37568K), 0.0006410 secs] 39710K->6306K(120960K), 0.0006690 secs] [Times: user=0.00 sys=0.00, real=0.00 secs] 
371.751: Total time for which application threads were stopped: 0.0008250 seconds, Stopping threads took: 0.0001040 seconds
371.872: Application time: 0.1212920 seconds
371.872: [GC371.872: [DefNew: 35157K->1742K(37568K), 0.0006420 secs] 39712K->6297K(120960K), 0.0006690 secs] [Times: user=0.00 sys=0.00, real=0.00 secs] 
371.873: Total time for which application threads were stopped: 0.0007850 seconds, Stopping threads took: 0.0000650 seconds
371.991: Application time: 0.1183480 seconds
371.991: [GC371.991: [DefNew: 35147K->1748K(37568K), 0.0006410 secs] 39702K->6303K(120960K), 0.0006680 secs] [Times: user=0.00 sys=0.00, real=0.00 secs] 
371.992: Total time for which application threads were stopped: 0.0007940 seconds, Stopping threads took: 0.0000760 seconds
372.134: Application time: 0.1414590 seconds
372.134: [GC372.134: [DefNew: 35153K->1751K(37568K), 0.0006310 secs] 39708K->6307K(120960K), 0.0006670 secs] [Times: user=0.01 sys=0.00, real=0.00 secs] 
372.134: Total time for which application threads were stopped: 0.0008240 seconds, Stopping threads took: 0.0000940 seconds
372.293: Application time: 0.1585970 seconds
372.293: [GC372.293: [DefNew: 35158K->1749K(37568K), 0.0006420 secs] 39713K->6306K(120960K), 0.0006690 secs] [Times: user=0.00 sys=0.00, real=0.00 secs] 
372.294: Total time for which application threads were stopped: 0.0007760 seconds, Stopping threads took: 0.0000560 seconds
372.446: Application time: 0.1524470 seconds
372.447: [GC372.447: [DefNew: 35153K->1745K(37568K), 0.0006340 secs] 39711K->6302K(120960K), 0.0006610 secs] [Times: user=0.00 sys=0.00, real=0.00 secs] 
372.448: Total time for which application threads were stopped: 0.0013580 seconds, Stopping threads took: 0.0006360 seconds
372.592: Application time: 0.1443660 seconds
372.592: [GC372.592: [DefNew: 35152K->1749K(37568K), 0.0006330 secs] 39710K->6306K(120960K), 0.0006600 secs] [Times: user=0.00 sys=0.00, real=0.00 secs] 
372.593: Total time for which application threads were stopped: 0.0007860 seconds, Stopping threads took: 0.0000740 seconds
372.757: Application time: 0.1637960 seconds
372.757: [GC372.757: [DefNew: 35153K->1748K(37568K), 0.0006200 secs] 39711K->6305K(120960K), 0.0006470 secs] [Times: user=0.00 sys=0.00, real=0.00 secs] 
372.757: Total time for which application threads were stopped: 0.0007960 seconds, Stopping threads took: 0.0000860 seconds
372.919: Application time: 0.1619610 seconds
372.919: [GC372.919: [DefNew: 35154K->1748K(37568K), 0.0006130 secs] 39711K->6306K(120960K), 0.0006400 secs] [Times: user=0.00 sys=0.00, real=0.00 secs] 
372.920: Total time for which application threads were stopped: 0.0008070 seconds, Stopping threads took: 0.0001140 seconds
373.085: Application time: 0.1651290 seconds
373.085: [GC373.085: [DefNew: 35153K->1748K(37568K), 0.0006180 secs] 39710K->6305K(120960K), 0.0006450 secs] [Times: user=0.00 sys=0.00, real=0.00 secs] 
373.086: Total time for which application threads were stopped: 0.0007480 seconds, Stopping threads took: 0.0000500 seconds
373.251: Application time: 0.1654840 seconds
373.252: [GC373.252: [DefNew: 35155K->1748K(37568K), 0.0006270 secs] 39713K->6305K(120960K), 0.0006540 secs] [Times: user=0.00 sys=0.00, real=0.00 secs] 
373.252: Total time for which application threads were stopped: 0.0008150 seconds, Stopping threads took: 0.0001090 seconds
373.394: Application time: 0.1415840 seconds
373.394: [GC373.394: [DefNew: 35153K->1748K(37568K), 0.0006190 secs] 39711K->6306K(120960K), 0.0006470 secs] [Times: user=0.00 sys=0.00, real=0.00 secs] 
373.395: Total time for which application threads were stopped: 0.0007840 seconds, Stopping threads took: 0.0000740 seconds
373.535: Application time: 0.1404760 seconds
373.535: [GC373.535: [DefNew: 35154K->1749K(37568K), 0.0006290 secs] 39712K->6306K(120960K), 0.0006540 secs] [Times: user=0.01 sys=0.00, real=0.00 secs] 
373.536: Total time for which application threads were stopped: 0.0007810 seconds, Stopping threads took: 0.0000750 seconds
373.663: Application time: 0.1271230 seconds
373.663: [GC373.663: [DefNew: 35154K->1749K(37568K), 0.0006130 secs] 39712K->6306K(120960K), 0.0006380 secs] [Times: user=0.00 sys=0.00, real=0.00 secs] 
373.664: Total time for which application threads were stopped: 0.0007690 seconds, Stopping threads took: 0.0000820 seconds
373.768: Application time: 0.1044900 seconds
373.768: [GC373.768: [DefNew: 35153K->1746K(37568K), 0.0006510 secs] 39710K->6304K(120960K), 0.0006770 secs] [Times: user=0.00 sys=0.00, real=0.00 secs] 
373.769: Total time for which application threads were stopped: 0.0007990 seconds, Stopping threads took: 0.0000710 seconds
373.877: Application time: 0.1079680 seconds
373.877: [GC373.877: [DefNew: 35151K->1745K(37568K), 0.0006350 secs] 39708K->6303K(120960K), 0.0006610 secs] [Times: user=0.00 sys=0.00, real=0.00 secs] 
373.878: Total time for which application threads were stopped: 0.0007920 seconds, Stopping threads took: 0.0000810 seconds
374.015: Application time: 0.1368190 seconds
374.019: [GC374.019: [DefNew: 35149K->1750K(37568K), 0.0006650 secs] 39706K->6307K(120960K), 0.0006990 secs] [Times: user=0.00 sys=0.00, real=0.00 secs] 
374.020: Total time for which application threads were stopped: 0.0048520 seconds, Stopping threads took: 0.0040960 seconds
374.164: Application time: 0.1442770 seconds
374.164: [GC374.164: [DefNew: 35156K->1749K(37568K), 0.0005870 secs] 39713K->6307K(120960K), 0.0006130 secs] [Times: user=0.00 sys=0.00, real=0.00 secs] 
374.165: Total time for which application threads were stopped: 0.0007980 seconds, Stopping threads took: 0.0001280 seconds
374.294: Application time: 0.1289570 seconds
374.294: [GC374.294: [DefNew: 35152K->1745K(37568K), 0.0006280 secs] 39710K->6303K(120960K), 0.0006530 secs] [Times: user=0.00 sys=0.00, real=0.00 secs] 
374.294: Total time for which application threads were stopped: 0.0007850 seconds, Stopping threads took: 0.0000810 seconds
374.437: Application time: 0.1425820 seconds
374.437: [GC374.437: [DefNew: 35150K->1748K(37568K), 0.0006030 secs] 39708K->6306K(120960K), 0.0006260 secs] [Times: user=0.00 sys=0.00, real=0.00 secs] 
374.438: Total time for which application threads were stopped: 0.0007620 seconds, Stopping threads took: 0.0000900 seconds
374.587: Application time: 0.1492920 seconds
374.587: [GC374.587: [DefNew: 35153K->1748K(37568K), 0.0006020 secs] 39711K->6306K(120960K), 0.0006260 secs] [Times: user=0.00 sys=0.00, real=0.00 secs] 
374.588: Total time for which application threads were stopped: 0.0007410 seconds, Stopping threads took: 0.0000590 seconds
374.735: Application time: 0.1473350 seconds
374.735: [GC374.735: [DefNew: 35152K->1748K(37568K), 0.0006140 secs] 39710K->6306K(120960K), 0.0006390 secs] [Times: user=0.00 sys=0.00, real=0.00 secs] 
374.736: Total time for which application threads were stopped: 0.0007850 seconds, Stopping threads took: 0.0000980 seconds
374.886: Application time: 0.1505040 seconds
374.887: [GC374.887: [DefNew: 35153K->1748K(37568K), 0.0006250 secs] 39711K->6306K(120960K), 0.0006510 secs] [Times: user=0.00 sys=0.00, real=0.01 secs] 
374.887: Total time for which application threads were stopped: 0.0007920 seconds, Stopping threads took: 0.0000890 seconds
375.037: Application time: 0.1498490 seconds
375.037: [GC375.037: [DefNew: 35152K->1748K(37568K), 0.0006130 secs] 39711K->6306K(120960K), 0.0006360 secs] [Times: user=0.00 sys=0.00, real=0.00 secs] 
375.038: Total time for which application threads were stopped: 0.0007340 seconds, Stopping threads took: 0.0000510 seconds
375.166: Application time: 0.1279690 seconds
375.166: [GC375.166: [DefNew: 35153K->1749K(37568K), 0.0006410 secs] 39711K->6307K(120960K), 0.0006690 secs] [Times: user=0.00 sys=0.00, real=0.00 secs] 
375.167: Total time for which application threads were stopped: 0.0008690 seconds, Stopping threads took: 0.0001400 seconds
375.290: Application time: 0.1231540 seconds
375.290: [GC375.290: [DefNew: 35156K->1744K(37568K), 0.0006060 secs] 39714K->6303K(120960K), 0.0006300 secs] [Times: user=0.00 sys=0.00, real=0.00 secs] 
375.291: Total time for which application threads were stopped: 0.0007610 seconds, Stopping threads took: 0.0000840 seconds
375.419: Application time: 0.1280050 seconds
375.419: [GC375.419: [DefNew: 35150K->1744K(37568K), 0.0006070 secs] 39708K->6302K(120960K), 0.0006330 secs] [Times: user=0.00 sys=0.00, real=0.01 secs] 
375.419: Total time for which application threads were stopped: 0.0007590 seconds, Stopping threads took: 0.0000800 seconds
375.515: Application time: 0.0956830 seconds
375.515: [GC375.515: [DefNew: 35152K->1746K(37568K), 0.0006510 secs] 39710K->6304K(120960K), 0.0006750 secs] [Times: user=0.00 sys=0.00, real=0.00 secs] 
375.516: Total time for which application threads were stopped: 0.0008090 seconds, Stopping threads took: 0.0000880 seconds
375.627: Application time: 0.1116940 seconds
375.628: [GC375.628: [DefNew: 35154K->1750K(37568K), 0.0006040 secs] 39712K->6309K(120960K), 0.0006270 secs] [Times: user=0.00 sys=0.00, real=0.00 secs] 
375.628: Total time for which application threads were stopped: 0.0007210 seconds, Stopping threads took: 0.0000480 seconds
375.771: Application time: 0.1430220 seconds
375.771: [GC375.771: [DefNew: 35156K->1749K(37568K), 0.0006050 secs] 39714K->6307K(120960K), 0.0006380 secs] [Times: user=0.00 sys=0.00, real=0.00 secs] 
375.772: Total time for which application threads were stopped: 0.0007460 seconds, Stopping threads took: 0.0000530 seconds
375.915: Application time: 0.1428150 seconds
375.915: [GC375.915: [DefNew: 35056K->1620K(37568K), 0.0006040 secs] 39614K->6179K(120960K), 0.0006280 secs] [Times: user=0.00 sys=0.00, real=0.00 secs] 
375.916: Total time for which application threads were stopped: 0.0007620 seconds, Stopping threads took: 0.0000880 seconds
376.041: Application time: 0.1252710 seconds
376.041: [GC376.041: [DefNew: 35028K->1749K(37568K), 0.0006080 secs] 39587K->6308K(120960K), 0.0006310 secs] [Times: user=0.00 sys=0.00, real=0.00 secs] 
376.042: Total time for which application threads were stopped: 0.0007650 seconds, Stopping threads took: 0.0000880 seconds
376.190: Application time: 0.1482370 seconds
376.190: [GC376.190: [DefNew: 35156K->1748K(37568K), 0.0005900 secs] 39714K->6307K(120960K), 0.0006150 secs] [Times: user=0.00 sys=0.00, real=0.00 secs] 
376.191: Total time for which application threads were stopped: 0.0007350 seconds, Stopping threads took: 0.0000740 seconds
376.340: Application time: 0.1491190 seconds
376.340: [GC376.340: [DefNew: 35153K->1748K(37568K), 0.0006070 secs] 39711K->6307K(120960K), 0.0006330 secs] [Times: user=0.00 sys=0.00, real=0.00 secs] 
376.340: Total time for which application threads were stopped: 0.0007700 seconds, Stopping threads took: 0.0000770 seconds
376.488: Application time: 0.1476010 seconds
376.488: [GC376.488: [DefNew: 35152K->1748K(37568K), 0.0005980 secs] 39711K->6307K(120960K), 0.0006210 secs] [Times: user=0.00 sys=0.00, real=0.00 secs] 
376.489: Total time for which application threads were stopped: 0.0007420 seconds, Stopping threads took: 0.0000740 seconds
376.639: Application time: 0.1499800 seconds
376.639: [GC376.639: [DefNew: 35153K->1748K(37568K), 0.0006190 secs] 39712K->6307K(120960K), 0.0016020 secs] [Times: user=0.00 sys=0.00, real=0.00 secs] 
376.641: Total time for which application threads were stopped: 0.0017510 seconds, Stopping threads took: 0.0000960 seconds
376.783: Application time: 0.1420650 seconds
376.783: [GC376.783: [DefNew: 35153K->1744K(37568K), 0.0005970 secs] 39712K->6302K(120960K), 0.0006200 secs] [Times: user=0.00 sys=0.00, real=0.00 secs] 
376.783: Total time for which application threads were stopped: 0.0007070 seconds, Stopping threads took: 0.0000390 seconds
376.910: Application time: 0.1271240 seconds
376.911: [GC376.911: [DefNew: 35148K->1744K(37568K), 0.0006170 secs] 39707K->6303K(120960K), 0.0006390 secs] [Times: user=0.00 sys=0.00, real=0.00 secs] 
376.911: Total time for which application threads were stopped: 0.0007700 seconds, Stopping threads took: 0.0000750 seconds
377.031: Application time: 0.1199720 seconds
377.031: [GC377.031: [DefNew: 35149K->1744K(37568K), 0.0006110 secs] 39708K->6303K(120960K), 0.0006330 secs] [Times: user=0.01 sys=0.00, real=0.00 secs] 
377.032: Total time for which application threads were stopped: 0.0008220 seconds, Stopping threads took: 0.0001210 seconds
377.161: Application time: 0.1286750 seconds
377.161: [GC377.161: [DefNew: 35149K->1744K(37568K), 0.0006010 secs] 39708K->6303K(120960K), 0.0006250 secs] [Times: user=0.00 sys=0.00, real=0.00 secs] 
377.161: Total time for which application threads were stopped: 0.0007610 seconds, Stopping threads took: 0.0000860 seconds
377.256: Application time: 0.0949370 seconds
377.257: [GC377.257: [DefNew: 35149K->1751K(37568K), 0.0006690 secs] 39708K->6309K(120960K), 0.0006950 secs] [Times: user=0.00 sys=0.00, real=0.00 secs] 
377.257: Total time for which application threads were stopped: 0.0008900 seconds, Stopping threads took: 0.0001420 seconds
377.379: Application time: 0.1213170 seconds
377.379: [GC377.379: [DefNew: 35155K->1750K(37568K), 0.0006710 secs] 39713K->6309K(120960K), 0.0006990 secs] [Times: user=0.00 sys=0.00, real=0.01 secs] 
377.379: Total time for which application threads were stopped: 0.0008320 seconds, Stopping threads took: 0.0000730 seconds
377.523: Application time: 0.1432560 seconds
377.523: [GC377.523: [DefNew: 35157K->1749K(37568K), 0.0006060 secs] 39716K->6308K(120960K), 0.0006300 secs] [Times: user=0.00 sys=0.00, real=0.00 secs] 
377.523: Total time for which application threads were stopped: 0.0007420 seconds, Stopping threads took: 0.0000540 seconds
377.666: Application time: 0.1422400 seconds
377.666: [GC377.666: [DefNew: 35155K->1749K(37568K), 0.0006410 secs] 39714K->6308K(120960K), 0.0006660 secs] [Times: user=0.00 sys=0.00, real=0.00 secs] 
377.666: Total time for which application threads were stopped: 0.0008170 seconds, Stopping threads took: 0.0001060 seconds
377.813: Application time: 0.1469190 seconds
377.814: [GC377.814: [DefNew: 35154K->1530K(37568K), 0.0005680 secs] 39713K->6090K(120960K), 0.0005920 secs] [Times: user=0.00 sys=0.00, real=0.00 secs] 
377.814: Total time for which application threads were stopped: 0.0007130 seconds, Stopping threads took: 0.0000730 seconds
377.971: Application time: 0.1569660 seconds
377.971: [GC377.971: [DefNew: 34938K->1529K(37568K), 0.0005950 secs] 39497K->6089K(120960K), 0.0006200 secs] [Times: user=0.00 sys=0.00, real=0.00 secs] 
377.972: Total time for which application threads were stopped: 0.0007430 seconds, Stopping threads took: 0.0000770 seconds
378.129: Application time: 0.1568870 seconds
378.129: [GC378.129: [DefNew: 34934K->1529K(37568K), 0.0005580 secs] 39494K->6089K(120960K), 0.0005810 secs] [Times: user=0.00 sys=0.00, real=0.00 secs] 
378.129: Total time for which application threads were stopped: 0.0006880 seconds, Stopping threads took: 0.0000500 seconds
378.287: Application time: 0.1574730 seconds
378.287: [GC378.287: [DefNew: 34934K->1529K(37568K), 0.0005900 secs] 39494K->6089K(120960K), 0.0006140 secs] [Times: user=0.00 sys=0.00, real=0.00 secs] 
378.288: Total time for which application threads were stopped: 0.0008310 seconds, Stopping threads took: 0.0001490 seconds
378.438: Application time: 0.1499800 seconds
378.438: [GC378.438: [DefNew: 34934K->1525K(37568K), 0.0005550 secs] 39493K->6085K(120960K), 0.0005770 secs] [Times: user=0.00 sys=0.00, real=0.00 secs] 
378.438: Total time for which application threads were stopped: 0.0007060 seconds, Stopping threads took: 0.0000820 seconds
378.488: Application time: 0.0497030 seconds
378.488: Total time for which application threads were stopped: 0.0001480 seconds, Stopping threads took: 0.0001060 seconds
378.588: Application time: 0.0997570 seconds
378.588: [GC378.588: [DefNew: 34933K->1311K(37568K), 0.0005510 secs] 39492K->5871K(120960K), 0.0005740 secs] [Times: user=0.00 sys=0.00, real=0.00 secs] 
378.589: Total time for which application threads were stopped: 0.0007450 seconds, Stopping threads took: 0.0001030 seconds
378.662: Application time: 0.0728390 seconds
378.662: Total time for which application threads were stopped: 0.0001270 seconds, Stopping threads took: 0.0000820 seconds
378.716: Application time: 0.0540960 seconds
378.716: [GC378.716: [DefNew: 34717K->1094K(37568K), 0.0004670 secs] 39276K->5653K(120960K), 0.0004880 secs] [Times: user=0.00 sys=0.00, real=0.00 secs] 
378.716: Total time for which application threads were stopped: 0.0005570 seconds, Stopping threads took: 0.0000260 seconds
378.785: Application time: 0.0690940 seconds
378.786: Total time for which application threads were stopped: 0.0001080 seconds, Stopping threads took: 0.0000770 seconds
378.797: Application time: 0.0112310 seconds
378.797: Total time for which application threads were stopped: 0.0000410 seconds, Stopping threads took: 0.0000320 seconds
378.868: Application time: 0.0716180 seconds
378.869: [GC378.869: [DefNew: 34500K->653K(37568K), 0.0003780 secs] 39060K->5212K(120960K), 0.0003990 secs] [Times: user=0.00 sys=0.00, real=0.00 secs] 
378.869: Total time for which application threads were stopped: 0.0004710 seconds, Stopping threads took: 0.0000280 seconds
378.876: Application time: 0.0071520 seconds
378.876: Total time for which application threads were stopped: 0.0000340 seconds, Stopping threads took: 0.0000220 seconds
379.008: Application time: 0.1317840 seconds
379.008: Total time for which application threads were stopped: 0.0000580 seconds, Stopping threads took: 0.0000120 seconds
379.270: Application time: 0.2623870 seconds
379.270: [GC379.270: [DefNew: 34061K->4159K(37568K), 0.0060990 secs] 38620K->9306K(120960K), 0.0061370 secs] [Times: user=0.01 sys=0.00, real=0.00 secs] 
379.277: Total time for which application threads were stopped: 0.0062400 seconds, Stopping threads took: 0.0000110 seconds
379.277: Application time: 0.0000990 seconds
379.277: Total time for which application threads were stopped: 0.0001550 seconds, Stopping threads took: 0.0001080 seconds
379.277: Application time: 0.0001240 seconds
379.277: Total time for which application threads were stopped: 0.0001460 seconds, Stopping threads took: 0.0001090 seconds
379.277: Application time: 0.0000800 seconds
379.277: Total time for which application threads were stopped: 0.0001120 seconds, Stopping threads took: 0.0000760 seconds
379.546: Application time: 0.2686980 seconds
379.546: Total time for which application threads were stopped: 0.0000440 seconds, Stopping threads took: 0.0000140 seconds
Heap
 def new generation   total 37568K, used 21506K [0x0000000080c00000, 0x00000000834c0000, 0x00000000a9750000)
  eden space 33408K,  51% used [0x0000000080c00000, 0x0000000081cf0ad0, 0x0000000082ca0000)
  from space 4160K,  99% used [0x00000000830b0000, 0x00000000834bfff8, 0x00000000834c0000)
  to   space 4160K,   0% used [0x0000000082ca0000, 0x0000000082ca0000, 0x00000000830b0000)
 tenured generation   total 83392K, used 5146K [0x00000000a9750000, 0x00000000ae8c0000, 0x00000000fae00000)
   the space 83392K,   6% used [0x00000000a9750000, 0x00000000a9c56898, 0x00000000a9c56a00, 0x00000000ae8c0000)
 compacting perm gen  total 21248K, used 13262K [0x00000000fae00000, 0x00000000fc2c0000, 0x0000000100000000)
   the space 21248K,  62% used [0x00000000fae00000, 0x00000000fbaf3978, 0x00000000fbaf3a00, 0x00000000fc2c0000)
No shared spaces configured.
379.546: Application time: 0.0001800 seconds
