Java HotSpot(TM) 64-Bit Server VM (24.80-b11) for linux-amd64 JRE (1.7.0_80-b15), built on Apr 10 2015 19:53:14 by "java_re" with gcc 4.3.0 20080428 (Red Hat 4.3.0-8)
Memory: 4k page, physical 8000092k(6543528k free), swap 8218620k(8218620k free)
CommandLine flags: -XX:InitialHeapSize=128001472 -XX:MaxHeapSize=2048023552 -XX:+PrintGC -XX:+PrintGCApplicationConcurrentTime -XX:+PrintGCApplicationStoppedTime -XX:+PrintGCDetails -XX:+PrintGCTimeStamps -XX:+UseCompressedOops -XX:+UseSerialGC 
1.006: Application time: 0.9847770 seconds
1.006: Total time for which application threads were stopped: 0.0000430 seconds, Stopping threads took: 0.0000110 seconds
4.027: Application time: 3.0206970 seconds
4.027: Total time for which application threads were stopped: 0.0000640 seconds, Stopping threads took: 0.0000110 seconds
14.760: Application time: 10.7328770 seconds
14.760: Total time for which application threads were stopped: 0.0000240 seconds, Stopping threads took: 0.0000090 seconds
14.760: Application time: 0.0000200 seconds
14.760: Total time for which application threads were stopped: 0.0000070 seconds, Stopping threads took: 0.0000030 seconds
14.761: Application time: 0.0013620 seconds
14.761: Total time for which application threads were stopped: 0.0000110 seconds, Stopping threads took: 0.0000040 seconds
14.782: Application time: 0.0202040 seconds
14.782: Total time for which application threads were stopped: 0.0000400 seconds, Stopping threads took: 0.0000100 seconds
14.796: Application time: 0.0140610 seconds
14.796: [Full GC14.796: [Tenured: 0K->3145K(83392K), 0.0088200 secs] 10876K->3145K(120896K), [Perm : 5075K->5075K(21248K)], 0.0088790 secs] [Times: user=0.01 sys=0.00, real=0.01 secs] 
14.805: Total time for which application threads were stopped: 0.0089450 seconds, Stopping threads took: 0.0000180 seconds
14.805: Application time: 0.0000760 seconds
14.805: [Full GC14.805: [Tenured: 3145K->3145K(83392K), 0.0058480 secs] 3145K->3145K(120960K), [Perm : 5075K->5075K(21248K)], 0.0058760 secs] [Times: user=0.00 sys=0.00, real=0.00 secs] 
14.811: Total time for which application threads were stopped: 0.0059370 seconds, Stopping threads took: 0.0000190 seconds
14.811: Application time: 0.0002070 seconds
14.811: Total time for which application threads were stopped: 0.0001070 seconds, Stopping threads took: 0.0000720 seconds
14.811: Application time: 0.0000840 seconds
14.811: Total time for which application threads were stopped: 0.0000780 seconds, Stopping threads took: 0.0000450 seconds
14.811: Application time: 0.0000830 seconds
14.811: Total time for which application threads were stopped: 0.0000980 seconds, Stopping threads took: 0.0000660 seconds
14.811: Application time: 0.0000340 seconds
14.811: Total time for which application threads were stopped: 0.0000190 seconds, Stopping threads took: 0.0000150 seconds
14.811: Application time: 0.0000300 seconds
14.811: Total time for which application threads were stopped: 0.0000150 seconds, Stopping threads took: 0.0000110 seconds
14.811: Application time: 0.0000150 seconds
14.811: Total time for which application threads were stopped: 0.0000130 seconds, Stopping threads took: 0.0000100 seconds
14.811: Application time: 0.0000110 seconds
14.812: Total time for which application threads were stopped: 0.0000130 seconds, Stopping threads took: 0.0000100 seconds
14.812: Application time: 0.0000110 seconds
14.812: Total time for which application threads were stopped: 0.0000130 seconds, Stopping threads took: 0.0000090 seconds
14.812: Application time: 0.0000110 seconds
14.812: Total time for which application threads were stopped: 0.0000180 seconds, Stopping threads took: 0.0000140 seconds
14.812: Application time: 0.0000110 seconds
14.812: Total time for which application threads were stopped: 0.0000120 seconds, Stopping threads took: 0.0000080 seconds
14.812: Application time: 0.0000110 seconds
14.812: Total time for which application threads were stopped: 0.0000130 seconds, Stopping threads took: 0.0000090 seconds
14.812: Application time: 0.0000100 seconds
14.812: Total time for which application threads were stopped: 0.0000130 seconds, Stopping threads took: 0.0000090 seconds
14.812: Application time: 0.0000100 seconds
14.812: Total time for which application threads were stopped: 0.0000130 seconds, Stopping threads took: 0.0000090 seconds
14.812: Application time: 0.0000100 seconds
14.812: Total time for which application threads were stopped: 0.0000120 seconds, Stopping threads took: 0.0000080 seconds
14.812: Application time: 0.0000100 seconds
14.812: Total time for which application threads were stopped: 0.0000120 seconds, Stopping threads took: 0.0000090 seconds
14.812: Application time: 0.0000100 seconds
14.812: Total time for which application threads were stopped: 0.0000130 seconds, Stopping threads took: 0.0000090 seconds
14.812: Application time: 0.0000110 seconds
14.812: Total time for which application threads were stopped: 0.0000130 seconds, Stopping threads took: 0.0000090 seconds
14.812: Application time: 0.0000110 seconds
14.812: Total time for which application threads were stopped: 0.0000140 seconds, Stopping threads took: 0.0000110 seconds
14.812: Application time: 0.0000100 seconds
14.812: Total time for which application threads were stopped: 0.0000130 seconds, Stopping threads took: 0.0000090 seconds
14.812: Application time: 0.0000100 seconds
14.812: Total time for which application threads were stopped: 0.0000190 seconds, Stopping threads took: 0.0000090 seconds
14.839: Application time: 0.0267280 seconds
14.839: [GC14.839: [DefNew: 32616K->4094K(37568K), 0.0088770 secs] 35761K->32979K(120960K), 0.0089240 secs] [Times: user=0.00 sys=0.01, real=0.01 secs] 
14.848: Total time for which application threads were stopped: 0.0089980 seconds, Stopping threads took: 0.0000140 seconds
14.848: Application time: 0.0001300 seconds
14.850: Total time for which application threads were stopped: 0.0020830 seconds, Stopping threads took: 0.0020540 seconds
14.850: Application time: 0.0001120 seconds
14.853: [GC14.853: [DefNew: 35168K->3440K(37568K), 0.0125530 secs] 64053K->63940K(120960K), 0.0126040 secs] [Times: user=0.01 sys=0.00, real=0.02 secs] 
14.866: Total time for which application threads were stopped: 0.0156810 seconds, Stopping threads took: 0.0029940 seconds
14.866: Application time: 0.0001660 seconds
14.867: Total time for which application threads were stopped: 0.0015990 seconds, Stopping threads took: 0.0015540 seconds
14.867: Application time: 0.0000740 seconds
14.867: Total time for which application threads were stopped: 0.0000620 seconds, Stopping threads took: 0.0000430 seconds
14.868: Application time: 0.0000690 seconds
14.868: Total time for which application threads were stopped: 0.0000280 seconds, Stopping threads took: 0.0000210 seconds
14.868: Application time: 0.0000310 seconds
14.868: Total time for which application threads were stopped: 0.0000160 seconds, Stopping threads took: 0.0000090 seconds
14.868: Application time: 0.0000150 seconds
14.868: Total time for which application threads were stopped: 0.0000070 seconds, Stopping threads took: 0.0000040 seconds
14.868: Application time: 0.0000140 seconds
14.868: Total time for which application threads were stopped: 0.0000130 seconds, Stopping threads took: 0.0000090 seconds
14.868: Application time: 0.0000140 seconds
14.868: Total time for which application threads were stopped: 0.0000160 seconds, Stopping threads took: 0.0000110 seconds
14.868: Application time: 0.0000130 seconds
14.868: Total time for which application threads were stopped: 0.0000160 seconds, Stopping threads took: 0.0000110 seconds
14.868: Application time: 0.0000130 seconds
14.868: Total time for which application threads were stopped: 0.0000180 seconds, Stopping threads took: 0.0000130 seconds
14.868: Application time: 0.0000120 seconds
14.868: Total time for which application threads were stopped: 0.0000160 seconds, Stopping threads took: 0.0000120 seconds
14.868: Application time: 0.0000130 seconds
14.868: Total time for which application threads were stopped: 0.0000150 seconds, Stopping threads took: 0.0000100 seconds
14.868: Application time: 0.0000120 seconds
14.868: Total time for which application threads were stopped: 0.0000170 seconds, Stopping threads took: 0.0000110 seconds
14.868: Application time: 0.0000130 seconds
14.868: Total time for which application threads were stopped: 0.0000090 seconds, Stopping threads took: 0.0000060 seconds
14.868: Application time: 0.0000130 seconds
14.868: Total time for which application threads were stopped: 0.0000190 seconds, Stopping threads took: 0.0000130 seconds
14.868: Application time: 0.0000130 seconds
14.868: Total time for which application threads were stopped: 0.0000140 seconds, Stopping threads took: 0.0000100 seconds
14.868: Application time: 0.0000130 seconds
14.868: Total time for which application threads were stopped: 0.0000180 seconds, Stopping threads took: 0.0000140 seconds
14.868: Application time: 0.0000120 seconds
14.868: Total time for which application threads were stopped: 0.0000150 seconds, Stopping threads took: 0.0000110 seconds
14.868: Application time: 0.0000130 seconds
14.868: Total time for which application threads were stopped: 0.0000180 seconds, Stopping threads took: 0.0000140 seconds
14.868: Application time: 0.0000130 seconds
14.868: Total time for which application threads were stopped: 0.0000160 seconds, Stopping threads took: 0.0000120 seconds
14.868: Application time: 0.0000130 seconds
14.868: Total time for which application threads were stopped: 0.0000180 seconds, Stopping threads took: 0.0000110 seconds
14.868: Application time: 0.0000130 seconds
14.868: Total time for which application threads were stopped: 0.0000170 seconds, Stopping threads took: 0.0000120 seconds
14.868: Application time: 0.0000130 seconds
14.868: Total time for which application threads were stopped: 0.0000150 seconds, Stopping threads took: 0.0000100 seconds
14.868: Application time: 0.0000130 seconds
14.868: Total time for which application threads were stopped: 0.0000150 seconds, Stopping threads took: 0.0000100 seconds
14.868: Application time: 0.0000150 seconds
14.868: Total time for which application threads were stopped: 0.0000150 seconds, Stopping threads took: 0.0000110 seconds
14.868: Application time: 0.0000140 seconds
14.868: Total time for which application threads were stopped: 0.0000070 seconds, Stopping threads took: 0.0000030 seconds
14.868: Application time: 0.0000130 seconds
14.868: Total time for which application threads were stopped: 0.0000210 seconds, Stopping threads took: 0.0000140 seconds
14.868: Application time: 0.0000130 seconds
14.868: Total time for which application threads were stopped: 0.0000070 seconds, Stopping threads took: 0.0000040 seconds
14.868: Application time: 0.0000140 seconds
14.868: Total time for which application threads were stopped: 0.0000100 seconds, Stopping threads took: 0.0000050 seconds
14.869: Application time: 0.0003580 seconds
14.869: Total time for which application threads were stopped: 0.0000530 seconds, Stopping threads took: 0.0000460 seconds
14.869: Application time: 0.0001620 seconds
14.869: Total time for which application threads were stopped: 0.0000600 seconds, Stopping threads took: 0.0000500 seconds
14.870: Application time: 0.0005830 seconds
14.870: Total time for which application threads were stopped: 0.0000710 seconds, Stopping threads took: 0.0000150 seconds
14.870: Application time: 0.0004190 seconds
14.870: Total time for which application threads were stopped: 0.0000480 seconds, Stopping threads took: 0.0000360 seconds
14.871: Application time: 0.0008460 seconds
14.871: Total time for which application threads were stopped: 0.0000370 seconds, Stopping threads took: 0.0000230 seconds
14.872: Application time: 0.0006390 seconds
14.872: Total time for which application threads were stopped: 0.0000650 seconds, Stopping threads took: 0.0000520 seconds
15.312: Application time: 0.4401090 seconds
15.312: Total time for which application threads were stopped: 0.0001420 seconds, Stopping threads took: 0.0000790 seconds
15.313: Application time: 0.0011480 seconds
15.313: [GC15.313: [DefNew: 37204K->4159K(37568K), 0.0047540 secs] 97704K->76135K(120960K), 0.0048010 secs] [Times: user=0.01 sys=0.00, real=0.01 secs] 
15.318: Total time for which application threads were stopped: 0.0048910 seconds, Stopping threads took: 0.0000370 seconds
15.318: Application time: 0.0000950 seconds
15.318: Total time for which application threads were stopped: 0.0001260 seconds, Stopping threads took: 0.0000780 seconds
15.670: Application time: 0.3521730 seconds
15.670: [GC15.671: [DefNew: 37417K->2238K(37568K), 0.0017930 secs] 109392K->77827K(120960K), 0.0018250 secs] [Times: user=0.00 sys=0.00, real=0.00 secs] 
15.672: Total time for which application threads were stopped: 0.0019490 seconds, Stopping threads took: 0.0000710 seconds
16.090: Application time: 0.4174570 seconds
16.090: [GC16.090: [DefNew: 35443K->2238K(37568K), 0.0006130 secs] 111031K->77827K(120960K), 0.0006470 secs] [Times: user=0.00 sys=0.00, real=0.00 secs] 
16.091: Total time for which application threads were stopped: 0.0008150 seconds, Stopping threads took: 0.0001110 seconds
16.552: Application time: 0.4610740 seconds
16.552: [GC16.552: [DefNew: 35460K->2468K(37568K), 0.0005830 secs] 111049K->78057K(120960K), 0.0006110 secs] [Times: user=0.00 sys=0.00, real=0.00 secs] 
16.552: Total time for which application threads were stopped: 0.0007380 seconds, Stopping threads took: 0.0000770 seconds
16.917: Application time: 0.3642640 seconds
16.917: [GC16.917: [DefNew: 35827K->2301K(37568K), 0.0007400 secs] 111415K->78120K(120960K), 0.0007730 secs] [Times: user=0.01 sys=0.00, real=0.00 secs] 
16.918: Total time for which application threads were stopped: 0.0009280 seconds, Stopping threads took: 0.0000860 seconds
17.337: Application time: 0.4197270 seconds
17.338: [GC17.338: [DefNew: 35656K->2903K(37568K), 0.0006510 secs] 111475K->78722K(120960K), 0.0006780 secs] [Times: user=0.00 sys=0.00, real=0.00 secs] 
17.338: Total time for which application threads were stopped: 0.0008460 seconds, Stopping threads took: 0.0001180 seconds
17.800: Application time: 0.4616210 seconds
17.800: [GC17.800: [DefNew: 36231K->2799K(37568K), 0.0006840 secs] 112049K->78617K(120960K), 0.0007150 secs] [Times: user=0.00 sys=0.00, real=0.00 secs] 
17.801: Total time for which application threads were stopped: 0.0008960 seconds, Stopping threads took: 0.0001240 seconds
18.163: Application time: 0.3623580 seconds
18.163: [GC18.163: [DefNew: 36182K->2437K(37568K), 0.0007550 secs] 112001K->78483K(120960K), 0.0007860 secs] [Times: user=0.00 sys=0.00, real=0.00 secs] 
18.164: Total time for which application threads were stopped: 0.0009720 seconds, Stopping threads took: 0.0001360 seconds
18.579: Application time: 0.4151080 seconds
18.579: [GC18.579: [DefNew: 35800K->2903K(37568K), 0.0006700 secs] 111847K->78951K(120960K), 0.0007000 secs] [Times: user=0.00 sys=0.00, real=0.00 secs] 
18.580: Total time for which application threads were stopped: 0.0009130 seconds, Stopping threads took: 0.0001520 seconds
19.027: Application time: 0.4469310 seconds
19.027: Total time for which application threads were stopped: 0.0001500 seconds, Stopping threads took: 0.0001010 seconds
19.028: Application time: 0.0004170 seconds
19.028: [GC19.028: [DefNew: 36401K->2862K(37568K), 0.0006140 secs] 112449K->78909K(120960K), 0.0006420 secs] [Times: user=0.00 sys=0.00, real=0.00 secs] 
19.028: Total time for which application threads were stopped: 0.0007620 seconds, Stopping threads took: 0.0000780 seconds
19.393: Application time: 0.3645900 seconds
19.393: [GC19.393: [DefNew: 36140K->2229K(37568K), 0.0006610 secs] 112187K->78505K(120960K), 0.0006940 secs] [Times: user=0.00 sys=0.00, real=0.01 secs] 
19.394: Total time for which application threads were stopped: 0.0008530 seconds, Stopping threads took: 0.0000940 seconds
19.820: Application time: 0.4263550 seconds
19.820: [GC19.820: [DefNew: 35568K->2706K(37568K), 0.0007110 secs] 111843K->78981K(120960K), 0.0007430 secs] [Times: user=0.00 sys=0.00, real=0.00 secs] 
19.821: Total time for which application threads were stopped: 0.0009110 seconds, Stopping threads took: 0.0001150 seconds
20.268: Application time: 0.4470940 seconds
20.268: [GC20.268: [DefNew: 35982K->2862K(37568K), 0.0006190 secs] 112257K->79137K(120960K), 0.0006550 secs] [Times: user=0.00 sys=0.00, real=0.00 secs] 
20.269: Total time for which application threads were stopped: 0.0008110 seconds, Stopping threads took: 0.0000980 seconds
20.628: Application time: 0.3587380 seconds
20.628: [GC20.628: [DefNew: 36139K->2436K(37568K), 0.0006830 secs] 112414K->78940K(120960K), 0.0007100 secs] [Times: user=0.00 sys=0.00, real=0.00 secs] 
20.629: Total time for which application threads were stopped: 0.0009790 seconds, Stopping threads took: 0.0002210 seconds
21.063: Application time: 0.4339200 seconds
21.063: Total time for which application threads were stopped: 0.0001390 seconds, Stopping threads took: 0.0001100 seconds
21.063: Application time: 0.0004990 seconds
21.063: [GC21.063: [DefNew: 35922K->2041K(37568K), 0.0005170 secs] 112425K->78544K(120960K), 0.0005460 secs] [Times: user=0.00 sys=0.00, real=0.00 secs] 
21.064: Total time for which application threads were stopped: 0.0006490 seconds, Stopping threads took: 0.0000630 seconds
21.511: Application time: 0.4471630 seconds
21.511: Total time for which application threads were stopped: 0.0001070 seconds, Stopping threads took: 0.0000880 seconds
21.511: Application time: 0.0001700 seconds
21.511: [GC21.511: [DefNew: 35584K->2467K(37568K), 0.0005970 secs] 112088K->78970K(120960K), 0.0006270 secs] [Times: user=0.00 sys=0.00, real=0.00 secs] 
21.512: Total time for which application threads were stopped: 0.0007280 seconds, Stopping threads took: 0.0000620 seconds
21.881: Application time: 0.3689580 seconds
21.881: [GC21.881: [DefNew: 35739K->2634K(37568K), 0.0007290 secs] 112243K->79366K(120960K), 0.0007620 secs] [Times: user=0.00 sys=0.00, real=0.01 secs] 
21.882: Total time for which application threads were stopped: 0.0009170 seconds, Stopping threads took: 0.0000960 seconds
22.309: Application time: 0.4273840 seconds
22.309: [GC22.310: [DefNew: 35975K->2903K(37568K), 0.0006500 secs] 112707K->79635K(120960K), 0.0006790 secs] [Times: user=0.00 sys=0.00, real=0.00 secs] 
22.310: Total time for which application threads were stopped: 0.0008500 seconds, Stopping threads took: 0.0001210 seconds
22.761: Application time: 0.4505560 seconds
22.761: [GC22.761: [DefNew: 36247K->2934K(37568K), 0.0007150 secs] 112979K->79666K(120960K), 0.0007460 secs] [Times: user=0.00 sys=0.00, real=0.01 secs] 
22.762: Total time for which application threads were stopped: 0.0009230 seconds, Stopping threads took: 0.0001160 seconds
23.167: Application time: 0.4054770 seconds
23.167: [GC23.167: [DefNew: 36337K->2635K(37568K), 0.0007660 secs] 113069K->79595K(120960K), 0.0007970 secs] [Times: user=0.00 sys=0.00, real=0.00 secs] 
23.168: Total time for which application threads were stopped: 0.0010020 seconds, Stopping threads took: 0.0001410 seconds
23.564: Application time: 0.3953640 seconds
23.564: [GC23.564: [DefNew: 36001K->2860K(37568K), 0.0006200 secs] 112960K->79820K(120960K), 0.0006460 secs] [Times: user=0.01 sys=0.00, real=0.00 secs] 
23.564: Total time for which application threads were stopped: 0.0007800 seconds, Stopping threads took: 0.0000750 seconds
23.999: Application time: 0.4344160 seconds
23.999: [GC23.999: [DefNew: 36119K->2834K(37568K), 0.0006590 secs] 113079K->79822K(120960K), 0.0006890 secs] [Times: user=0.00 sys=0.00, real=0.00 secs] 
24.000: Total time for which application threads were stopped: 0.0008650 seconds, Stopping threads took: 0.0001300 seconds
24.429: Application time: 0.4298440 seconds
24.430: [GC24.430: [DefNew: 36119K->1843K(37568K), 0.0005960 secs] 113108K->79031K(120960K), 0.0006280 secs] [Times: user=0.00 sys=0.00, real=0.00 secs] 
24.430: Total time for which application threads were stopped: 0.0007960 seconds, Stopping threads took: 0.0001090 seconds
24.819: Application time: 0.3887860 seconds
24.819: [GC24.819: [DefNew: 35189K->2662K(37568K), 0.0006390 secs] 112377K->79851K(120960K), 0.0006680 secs] [Times: user=0.00 sys=0.00, real=0.00 secs] 
24.820: Total time for which application threads were stopped: 0.0008600 seconds, Stopping threads took: 0.0001200 seconds
25.253: Application time: 0.4331040 seconds
25.253: [GC25.253: [DefNew: 35984K->3301K(37568K), 0.0007700 secs] 113173K->80517K(120960K), 0.0008090 secs] [Times: user=0.00 sys=0.00, real=0.01 secs] 
25.254: Total time for which application threads were stopped: 0.0009660 seconds, Stopping threads took: 0.0000930 seconds
25.679: Application time: 0.4255270 seconds
25.680: [GC25.680: [DefNew: 36649K->2373K(37568K), 0.0006740 secs] 113866K->79790K(120960K), 0.0007050 secs] [Times: user=0.01 sys=0.00, real=0.00 secs] 
25.680: Total time for which application threads were stopped: 0.0008560 seconds, Stopping threads took: 0.0001000 seconds
26.089: Application time: 0.4087750 seconds
26.089: [GC26.089: [DefNew: 35751K->2763K(37568K), 0.0006750 secs] 113167K->80179K(120960K), 0.0007080 secs] [Times: user=0.01 sys=0.00, real=0.00 secs] 
26.090: Total time for which application threads were stopped: 0.0008960 seconds, Stopping threads took: 0.0001270 seconds
26.510: Application time: 0.4200320 seconds
26.510: [GC26.510: [DefNew: 36135K->3074K(37568K), 0.0007350 secs] 113552K->80548K(120960K), 0.0007670 secs] [Times: user=0.00 sys=0.00, real=0.00 secs] 
26.511: Total time for which application threads were stopped: 0.0009170 seconds, Stopping threads took: 0.0001010 seconds
26.945: Application time: 0.4336360 seconds
26.945: [GC26.945: [DefNew: 36291K->2238K(37568K), 0.0006290 secs] 113764K->79883K(120960K), 0.0016600 secs] [Times: user=0.00 sys=0.00, real=0.00 secs] 
26.946: Total time for which application threads were stopped: 0.0018120 seconds, Stopping threads took: 0.0000870 seconds
27.337: Application time: 0.3903120 seconds
27.337: [GC27.337: [DefNew: 35626K->2791K(37568K), 0.0006500 secs] 113271K->80436K(120960K), 0.0006770 secs] [Times: user=0.00 sys=0.00, real=0.00 secs] 
27.338: Total time for which application threads were stopped: 0.0008320 seconds, Stopping threads took: 0.0001070 seconds
27.762: Application time: 0.4247330 seconds
27.762: [GC27.762: [DefNew: 36079K->3046K(37568K), 0.0007320 secs] 113723K->80776K(120960K), 0.0007630 secs] [Times: user=0.00 sys=0.00, real=0.00 secs] 
27.763: Total time for which application threads were stopped: 0.0009280 seconds, Stopping threads took: 0.0001060 seconds
28.197: Application time: 0.4333910 seconds
28.197: [GC28.197: [DefNew: 36452K->2833K(37568K), 0.0006660 secs] 114182K->80705K(120960K), 0.0006950 secs] [Times: user=0.00 sys=0.00, real=0.00 secs] 
28.198: Total time for which application threads were stopped: 0.0008970 seconds, Stopping threads took: 0.0001550 seconds
28.591: Application time: 0.3933260 seconds
28.591: Total time for which application threads were stopped: 0.0001200 seconds, Stopping threads took: 0.0000920 seconds
28.591: Application time: 0.0000950 seconds
28.591: [GC28.591: [DefNew: 36258K->1948K(37568K), 0.0005410 secs] 114130K->79821K(120960K), 0.0005690 secs] [Times: user=0.01 sys=0.00, real=0.00 secs] 
28.592: Total time for which application threads were stopped: 0.0006810 seconds, Stopping threads took: 0.0000710 seconds
29.016: Application time: 0.4244690 seconds
29.016: [GC29.016: [DefNew: 35147K->2467K(37568K), 0.0005680 secs] 113020K->80339K(120960K), 0.0005960 secs] [Times: user=0.00 sys=0.00, real=0.00 secs] 
29.017: Total time for which application threads were stopped: 0.0007400 seconds, Stopping threads took: 0.0000980 seconds
29.439: Application time: 0.4221610 seconds
29.439: [GC29.439: [DefNew: 35872K->2571K(37568K), 0.0006720 secs] 113744K->80672K(120960K), 0.0006980 secs] [Times: user=0.00 sys=0.00, real=0.00 secs] 
29.440: Total time for which application threads were stopped: 0.0008540 seconds, Stopping threads took: 0.0000980 seconds
29.827: Application time: 0.3870880 seconds
29.827: [GC29.827: [DefNew: 35914K->2622K(37568K), 0.0006570 secs] 114015K->80723K(120960K), 0.0006880 secs] [Times: user=0.00 sys=0.00, real=0.00 secs] 
29.828: Total time for which application threads were stopped: 0.0008480 seconds, Stopping threads took: 0.0001080 seconds
30.251: Application time: 0.4235750 seconds
30.252: [GC30.252: [DefNew: 35959K->2748K(37568K), 0.0007040 secs] 114060K->80963K(120960K), 0.0007450 secs] [Times: user=0.00 sys=0.00, real=0.00 secs] 
30.252: Total time for which application threads were stopped: 0.0009190 seconds, Stopping threads took: 0.0001160 seconds
30.681: Application time: 0.4281100 seconds
30.681: [GC30.681: [DefNew: 36025K->2238K(37568K), 0.0006700 secs] 114240K->80567K(120960K), 0.0007020 secs] [Times: user=0.00 sys=0.00, real=0.00 secs] 
30.681: Total time for which application threads were stopped: 0.0008770 seconds, Stopping threads took: 0.0001240 seconds
31.077: Application time: 0.3951550 seconds
31.077: [GC31.077: [DefNew: 35594K->2651K(37568K), 0.0006200 secs] 113923K->80979K(120960K), 0.0006510 secs] [Times: user=0.00 sys=0.00, real=0.00 secs] 
31.077: Total time for which application threads were stopped: 0.0008130 seconds, Stopping threads took: 0.0001010 seconds
31.491: Application time: 0.4138920 seconds
31.492: [GC31.492: [DefNew: 36035K->2656K(37568K), 0.0007170 secs] 114364K->81128K(120960K), 0.0007420 secs] [Times: user=0.00 sys=0.00, real=0.00 secs] 
31.492: Total time for which application threads were stopped: 0.0010220 seconds, Stopping threads took: 0.0002290 seconds
31.924: Application time: 0.4321760 seconds
31.925: [GC31.925: [DefNew: 35803K->2436K(37568K), 0.0006130 secs] 114275K->80993K(120960K), 0.0006420 secs] [Times: user=0.00 sys=0.00, real=0.00 secs] 
31.925: Total time for which application threads were stopped: 0.0009080 seconds, Stopping threads took: 0.0001900 seconds
32.318: Application time: 0.3929070 seconds
32.318: [GC32.319: [DefNew: 35792K->2651K(37568K), 0.0007220 secs] 114349K->81208K(120960K), 0.0016200 secs] [Times: user=0.00 sys=0.00, real=0.00 secs] 
32.320: Total time for which application threads were stopped: 0.0018470 seconds, Stopping threads took: 0.0001540 seconds
32.719: Application time: 0.3990140 seconds
32.719: [GC32.719: [DefNew: 35975K->2594K(37568K), 0.0007120 secs] 114532K->81293K(120960K), 0.0007410 secs] [Times: user=0.01 sys=0.00, real=0.00 secs] 
32.720: Total time for which application threads were stopped: 0.0009440 seconds, Stopping threads took: 0.0001430 seconds
33.171: Application time: 0.4509490 seconds
33.171: [GC33.171: [DefNew: 36000K->2634K(37568K), 0.0005960 secs] 114700K->81419K(120960K), 0.0006250 secs] [Times: user=0.00 sys=0.00, real=0.00 secs] 
33.172: Total time for which application threads were stopped: 0.0008060 seconds, Stopping threads took: 0.0000870 seconds
33.568: Application time: 0.3956460 seconds
33.568: [GC33.568: [DefNew: 35890K->2834K(37568K), 0.0007000 secs] 114675K->81619K(120960K), 0.0007310 secs] [Times: user=0.00 sys=0.00, real=0.00 secs] 
33.568: Total time for which application threads were stopped: 0.0009110 seconds, Stopping threads took: 0.0001210 seconds
33.967: Application time: 0.3980910 seconds
33.967: [GC33.967: [DefNew: 35988K->2662K(37568K), 0.0007200 secs] 114773K->81647K(120960K), 0.0007510 secs] [Times: user=0.00 sys=0.00, real=0.00 secs] 
33.967: Total time for which application threads were stopped: 0.0009030 seconds, Stopping threads took: 0.0001010 seconds
34.413: Application time: 0.4453540 seconds
34.413: [GC34.413: [DefNew: 35941K->2436K(37568K), 0.0005850 secs] 114926K->81449K(120960K), 0.0006140 secs] [Times: user=0.00 sys=0.00, real=0.00 secs] 
34.414: Total time for which application threads were stopped: 0.0008000 seconds, Stopping threads took: 0.0001260 seconds
34.817: Application time: 0.4037620 seconds
34.817: Total time for which application threads were stopped: 0.0001260 seconds, Stopping threads took: 0.0001030 seconds
34.820: Application time: 0.0026720 seconds
34.820: [GC34.820: [DefNew: 35879K->2472K(37568K), 0.0005430 secs] 114892K->81486K(120960K), 0.0005700 secs] [Times: user=0.00 sys=0.00, real=0.00 secs] 
34.821: Total time for which application threads were stopped: 0.0006910 seconds, Stopping threads took: 0.0000800 seconds
35.202: Application time: 0.3812080 seconds
35.202: [GC35.202: [DefNew: 35643K->2691K(37568K), 0.0006980 secs] 114656K->81875K(120960K), 0.0007340 secs] [Times: user=0.00 sys=0.00, real=0.00 secs] 
35.203: Total time for which application threads were stopped: 0.0009050 seconds, Stopping threads took: 0.0001130 seconds
35.644: Application time: 0.4415360 seconds
35.645: [GC35.645: [DefNew: 36095K->2966K(37568K), 0.0006400 secs] 115280K->82208K(120960K), 0.0006680 secs] [Times: user=0.00 sys=0.00, real=0.00 secs] 
35.645: Total time for which application threads were stopped: 0.0007900 seconds, Stopping threads took: 0.0000730 seconds
36.055: Application time: 0.4094460 seconds
36.055: [GC36.055: [DefNew: 36282K->2472K(37568K), 0.0007040 secs] 115524K->81714K(120960K), 0.0007350 secs] [Times: user=0.00 sys=0.00, real=0.00 secs] 
36.056: Total time for which application threads were stopped: 0.0009270 seconds, Stopping threads took: 0.0001340 seconds
36.462: Application time: 0.4059110 seconds
36.462: [GC36.462: [DefNew: 35840K->2888K(37568K), 0.0006940 secs] 115082K->82301K(120960K), 0.0007220 secs] [Times: user=0.00 sys=0.00, real=0.00 secs] 
36.462: Total time for which application threads were stopped: 0.0008660 seconds, Stopping threads took: 0.0000950 seconds
36.907: Application time: 0.4450460 seconds
36.908: [GC36.908: [DefNew: 36239K->2706K(37568K), 0.0006490 secs] 115651K->82175K(120960K), 0.0006780 secs] [Times: user=0.00 sys=0.00, real=0.00 secs] 
36.908: Total time for which application threads were stopped: 0.0008550 seconds, Stopping threads took: 0.0001180 seconds
37.302: Application time: 0.3938120 seconds
37.302: [GC37.302: [DefNew: 36106K->2644K(37568K), 0.0005970 secs] 115576K->82114K(120960K), 0.0006240 secs] [Times: user=0.00 sys=0.00, real=0.00 secs] 
37.303: Total time for which application threads were stopped: 0.0007540 seconds, Stopping threads took: 0.0000820 seconds
37.717: Application time: 0.4136530 seconds
37.717: [GC37.717: [DefNew: 36000K->2267K(37568K), 0.0006340 secs] 115469K->81936K(120960K), 0.0006660 secs] [Times: user=0.00 sys=0.00, real=0.00 secs] 
37.717: Total time for which application threads were stopped: 0.0008570 seconds, Stopping threads took: 0.0001290 seconds
38.141: Application time: 0.4232180 seconds
38.141: [GC38.141: [DefNew: 35673K->2769K(37568K), 0.0006560 secs] 115343K->82466K(120960K), 0.0006870 secs] [Times: user=0.00 sys=0.00, real=0.00 secs] 
38.142: Total time for which application threads were stopped: 0.0008950 seconds, Stopping threads took: 0.0001450 seconds
38.562: Application time: 0.4207740 seconds
38.562: [GC38.563: [DefNew: 35974K->2664K(37568K), 0.0006690 secs] 115672K->82362K(120960K), 0.0007010 secs] [Times: user=0.00 sys=0.00, real=0.00 secs] 
38.563: Total time for which application threads were stopped: 0.0008910 seconds, Stopping threads took: 0.0001300 seconds
38.972: Application time: 0.4083170 seconds
38.972: [GC38.972: [DefNew: 36006K->2706K(37568K), 0.0007670 secs] 115704K->82632K(120960K), 0.0007960 secs] [Times: user=0.00 sys=0.00, real=0.00 secs] 
38.973: Total time for which application threads were stopped: 0.0010330 seconds, Stopping threads took: 0.0001870 seconds
39.414: Application time: 0.4416420 seconds
39.414: [GC39.414: [DefNew: 36113K->2635K(37568K), 0.0006570 secs] 116039K->82561K(120960K), 0.0006890 secs] [Times: user=0.00 sys=0.00, real=0.00 secs] 
39.415: Total time for which application threads were stopped: 0.0008740 seconds, Stopping threads took: 0.0001250 seconds
39.811: Application time: 0.3963150 seconds
39.812: [GC39.812: [DefNew: 35777K->2664K(37568K), 0.0007140 secs] 115703K->82590K(120960K), 0.0007450 secs] [Times: user=0.00 sys=0.00, real=0.00 secs] 
39.812: Total time for which application threads were stopped: 0.0009590 seconds, Stopping threads took: 0.0001610 seconds
40.227: Application time: 0.4145650 seconds
40.227: [GC40.227: [DefNew: 35941K->2041K(37568K), 0.0006500 secs] 115867K->82195K(120960K), 0.0006790 secs] [Times: user=0.00 sys=0.00, real=0.00 secs] 
40.228: Total time for which application threads were stopped: 0.0008700 seconds, Stopping threads took: 0.0001330 seconds
40.647: Application time: 0.4193930 seconds
40.647: [GC40.647: [DefNew: 35378K->3101K(37568K), 0.0006200 secs] 115531K->83255K(120960K), 0.0006570 secs] [Times: user=0.00 sys=0.00, real=0.00 secs] 
40.648: Total time for which application threads were stopped: 0.0008360 seconds, Stopping threads took: 0.0001310 seconds
41.063: Application time: 0.4150140 seconds
41.063: Total time for which application threads were stopped: 0.0001250 seconds, Stopping threads took: 0.0000950 seconds
41.065: Application time: 0.0020720 seconds
41.065: [GC41.065: [DefNew: 36586K->2467K(37568K), 0.0006200 secs] 116740K->82620K(120960K), 0.0006490 secs] [Times: user=0.00 sys=0.00, real=0.00 secs] 
41.066: Total time for which application threads were stopped: 0.0007510 seconds, Stopping threads took: 0.0000620 seconds
41.467: Application time: 0.4011700 seconds
41.467: [GC41.467: [DefNew: 35808K->2508K(37568K), 0.0007210 secs] 115962K->82890K(120960K), 0.0007510 secs] [Times: user=0.00 sys=0.00, real=0.00 secs] 
41.468: Total time for which application threads were stopped: 0.0009090 seconds, Stopping threads took: 0.0001060 seconds
41.906: Application time: 0.4380370 seconds
41.906: Total time for which application threads were stopped: 0.0001440 seconds, Stopping threads took: 0.0001090 seconds
41.908: Application time: 0.0015660 seconds
41.908: [GC41.908: [DefNew: 36128K->2041K(37568K), 0.0004690 secs] 116510K->82423K(120960K), 0.0004940 secs] [Times: user=0.00 sys=0.00, real=0.00 secs] 
41.908: Total time for which application threads were stopped: 0.0005990 seconds, Stopping threads took: 0.0000680 seconds
42.315: Application time: 0.4067760 seconds
42.315: [GC42.315: [DefNew: 35373K->2467K(37568K), 0.0006640 secs] 115755K->82849K(120960K), 0.0006960 secs] [Times: user=0.00 sys=0.00, real=0.00 secs] 
42.316: Total time for which application threads were stopped: 0.0008470 seconds, Stopping threads took: 0.0000960 seconds
42.702: Application time: 0.3854670 seconds
42.702: [GC42.702: [DefNew: 35808K->2706K(37568K), 0.0006370 secs] 116190K->83316K(120960K), 0.0006620 secs] [Times: user=0.00 sys=0.00, real=0.00 secs] 
42.702: Total time for which application threads were stopped: 0.0008530 seconds, Stopping threads took: 0.0001360 seconds
43.156: Application time: 0.4534170 seconds
43.156: [GC43.156: [DefNew: 36005K->2069K(37568K), 0.0005680 secs] 116615K->82679K(120960K), 0.0006030 secs] [Times: user=0.00 sys=0.00, real=0.00 secs] 
43.157: Total time for which application threads were stopped: 0.0007650 seconds, Stopping threads took: 0.0001090 seconds
43.568: Application time: 0.4114290 seconds
43.568: [GC43.568: [DefNew: 35449K->2601K(37568K), 0.0005770 secs] 116059K->83212K(120960K), 0.0006050 secs] [Times: user=0.00 sys=0.00, real=0.00 secs] 
43.569: Total time for which application threads were stopped: 0.0008070 seconds, Stopping threads took: 0.0001460 seconds
43.958: Application time: 0.3893340 seconds
43.958: [GC43.958: [DefNew: 35945K->2634K(37568K), 0.0006970 secs] 116555K->83472K(120960K), 0.0007270 secs] [Times: user=0.00 sys=0.00, real=0.00 secs] 
43.959: Total time for which application threads were stopped: 0.0009300 seconds, Stopping threads took: 0.0001540 seconds
44.383: Application time: 0.4241070 seconds
44.383: [GC44.383: [DefNew: 35796K->2069K(37568K), 0.0005090 secs] 116634K->82908K(120960K), 0.0005380 secs] [Times: user=0.00 sys=0.00, real=0.00 secs] 
44.384: Total time for which application threads were stopped: 0.0007370 seconds, Stopping threads took: 0.0001340 seconds
44.801: Application time: 0.4166500 seconds
44.801: [GC44.801: [DefNew: 35315K->2664K(37568K), 0.0006360 secs] 116153K->83503K(120960K), 0.0006660 secs] [Times: user=0.00 sys=0.00, real=0.00 secs] 
44.801: Total time for which application threads were stopped: 0.0008080 seconds, Stopping threads took: 0.0000930 seconds
45.191: Application time: 0.3900800 seconds
45.192: [GC45.192: [DefNew: 36067K->2769K(37568K), 0.0007080 secs] 116905K->83835K(120960K), 0.0007390 secs] [Times: user=0.00 sys=0.00, real=0.00 secs] 
45.192: Total time for which application threads were stopped: 0.0008990 seconds, Stopping threads took: 0.0001000 seconds
45.614: Application time: 0.4221260 seconds
45.615: [GC45.615: [DefNew: 36131K->2599K(37568K), 0.0005860 secs] 117197K->83666K(120960K), 0.0006230 secs] [Times: user=0.00 sys=0.00, real=0.00 secs] 
45.615: Total time for which application threads were stopped: 0.0007700 seconds, Stopping threads took: 0.0001000 seconds
46.043: Application time: 0.4275840 seconds
46.043: [GC46.043: [DefNew: 35989K->2905K(37568K), 0.0006430 secs] 117055K->84000K(120960K), 0.0006710 secs] [Times: user=0.00 sys=0.00, real=0.00 secs] 
46.044: Total time for which application threads were stopped: 0.0008300 seconds, Stopping threads took: 0.0001050 seconds
46.427: Application time: 0.3830150 seconds
46.427: [GC46.427: [DefNew: 36310K->2832K(37568K), 0.0006640 secs] 117405K->84126K(120960K), 0.0006910 secs] [Times: user=0.00 sys=0.00, real=0.00 secs] 
46.428: Total time for which application threads were stopped: 0.0008320 seconds, Stopping threads took: 0.0000960 seconds
46.844: Application time: 0.4161660 seconds
46.844: [GC46.844: [DefNew: 36193K->2662K(37568K), 0.0005700 secs] 117488K->83957K(120960K), 0.0006000 secs] [Times: user=0.00 sys=0.00, real=0.00 secs] 
46.845: Total time for which application threads were stopped: 0.0008520 seconds, Stopping threads took: 0.0001750 seconds
47.284: Application time: 0.4393150 seconds
47.284: [GC47.284: [DefNew: 35919K->2833K(37568K), 0.0006500 secs] 117214K->84157K(120960K), 0.0006770 secs] [Times: user=0.00 sys=0.00, real=0.00 secs] 
47.285: Total time for which application threads were stopped: 0.0008470 seconds, Stopping threads took: 0.0000960 seconds
47.658: Application time: 0.3731710 seconds
47.658: [GC47.658: [DefNew: 36173K->2903K(37568K), 0.0007310 secs] 117496K->84426K(120960K), 0.0007600 secs] [Times: user=0.01 sys=0.00, real=0.00 secs] 
47.659: Total time for which application threads were stopped: 0.0009710 seconds, Stopping threads took: 0.0001530 seconds
48.081: Application time: 0.4216810 seconds
48.081: [GC48.081: [DefNew: 36265K->2734K(37568K), 0.0007040 secs] 117788K->84257K(120960K), 0.0007370 secs] [Times: user=0.00 sys=0.00, real=0.00 secs] 
48.081: Total time for which application threads were stopped: 0.0009460 seconds, Stopping threads took: 0.0001550 seconds
48.521: Application time: 0.4396860 seconds
48.521: [GC48.521: [DefNew: 36125K->2636K(37568K), 0.0007090 secs] 117648K->84187K(120960K), 0.0016480 secs] [Times: user=0.00 sys=0.00, real=0.01 secs] 
48.523: Total time for which application threads were stopped: 0.0018150 seconds, Stopping threads took: 0.0000930 seconds
48.905: Application time: 0.3819160 seconds
48.905: [GC48.905: [DefNew: 35977K->2706K(37568K), 0.0007280 secs] 117529K->84457K(120960K), 0.0007610 secs] [Times: user=0.00 sys=0.00, real=0.00 secs] 
48.906: Total time for which application threads were stopped: 0.0009910 seconds, Stopping threads took: 0.0001690 seconds
49.323: Application time: 0.4173630 seconds
49.323: [GC49.323: [DefNew: 35994K->2465K(37568K), 0.0006070 secs] 117745K->84216K(120960K), 0.0006380 secs] [Times: user=0.00 sys=0.00, real=0.00 secs] 
49.324: Total time for which application threads were stopped: 0.0008370 seconds, Stopping threads took: 0.0001380 seconds
49.764: Application time: 0.4396160 seconds
49.764: [GC49.764: [DefNew: 35721K->2636K(37568K), 0.0007030 secs] 117471K->84415K(120960K), 0.0007340 secs] [Times: user=0.00 sys=0.00, real=0.00 secs] 
49.765: Total time for which application threads were stopped: 0.0009080 seconds, Stopping threads took: 0.0001240 seconds
50.176: Application time: 0.4109870 seconds
50.176: Total time for which application threads were stopped: 0.0001170 seconds, Stopping threads took: 0.0000900 seconds
50.177: Application time: 0.0015710 seconds
50.177: [GC50.177: [DefNew: 36525K->2238K(37568K), 0.0006460 secs] 118305K->84217K(120960K), 0.0006750 secs] [Times: user=0.00 sys=0.00, real=0.00 secs] 
50.178: Total time for which application threads were stopped: 0.0007880 seconds, Stopping threads took: 0.0000720 seconds
50.592: Application time: 0.4141410 seconds
50.592: [GC50.592: [DefNew: 35596K->2662K(37568K), 0.0005900 secs] 117575K->84641K(120960K), 0.0006280 secs] [Times: user=0.00 sys=0.00, real=0.00 secs] 
50.593: Total time for which application threads were stopped: 0.0007710 seconds, Stopping threads took: 0.0000910 seconds
51.005: Application time: 0.4117300 seconds
51.005: [GC51.005: [DefNew: 35982K->3103K(37568K), 0.0006600 secs] 117961K->85111K(120960K), 0.0006880 secs] [Times: user=0.00 sys=0.00, real=0.00 secs] 
51.006: Total time for which application threads were stopped: 0.0008000 seconds, Stopping threads took: 0.0000550 seconds
51.425: Application time: 0.4196020 seconds
51.425: [GC51.425: [DefNew: 36449K->2176K(37568K), 0.0006380 secs] 118457K->84383K(120960K), 0.0006660 secs] [Times: user=0.00 sys=0.00, real=0.00 secs] 
51.426: Total time for which application threads were stopped: 0.0008500 seconds, Stopping threads took: 0.0001340 seconds
51.840: Application time: 0.4143670 seconds
51.841: [GC51.841: [DefNew: 35531K->2599K(37568K), 0.0006010 secs] 117738K->84807K(120960K), 0.0006280 secs] [Times: user=0.00 sys=0.00, real=0.00 secs] 
51.841: Total time for which application threads were stopped: 0.0008840 seconds, Stopping threads took: 0.0001920 seconds
52.283: Application time: 0.4413320 seconds
52.283: [GC52.283: [DefNew: 35921K->2833K(37568K), 0.0006970 secs] 118129K->85069K(120960K), 0.0007290 secs] [Times: user=0.00 sys=0.00, real=0.00 secs] 
52.284: Total time for which application threads were stopped: 0.0009670 seconds, Stopping threads took: 0.0001640 seconds
52.678: Application time: 0.3943950 seconds
52.678: Total time for which application threads were stopped: 0.0001250 seconds, Stopping threads took: 0.0000940 seconds
52.679: Application time: 0.0005510 seconds
52.679: [GC52.679: [DefNew: 36523K->2238K(37568K), 0.0005350 secs] 118759K->84674K(120960K), 0.0005590 secs] [Times: user=0.00 sys=0.00, real=0.00 secs] 
52.679: Total time for which application threads were stopped: 0.0006800 seconds, Stopping threads took: 0.0000600 seconds
53.101: Application time: 0.4213550 seconds
53.101: [GC53.101: [DefNew: 35550K->2170K(37568K), 0.0005080 secs] 117986K->84605K(120960K), 0.0005340 secs] [Times: user=0.00 sys=0.00, real=0.00 secs] 
53.101: Total time for which application threads were stopped: 0.0006520 seconds, Stopping threads took: 0.0000730 seconds
53.539: Application time: 0.4372660 seconds
53.539: [GC53.539: [DefNew: 35542K->1879K(37568K), 0.0005810 secs] 117977K->84372K(120960K), 0.0015660 secs] [Times: user=0.01 sys=0.00, real=0.00 secs] 
53.540: Total time for which application threads were stopped: 0.0017120 seconds, Stopping threads took: 0.0000790 seconds
53.924: Application time: 0.3838450 seconds
53.924: Total time for which application threads were stopped: 0.0001140 seconds, Stopping threads took: 0.0000950 seconds
53.924: Application time: 0.0002200 seconds
53.925: [GC53.925: [DefNew: 35488K->2607K(37568K), 0.0006210 secs] 117981K->85100K(120960K), 0.0006500 secs] [Times: user=0.00 sys=0.00, real=0.00 secs] 
53.925: Total time for which application threads were stopped: 0.0007520 seconds, Stopping threads took: 0.0000620 seconds
54.348: Application time: 0.4226300 seconds
54.348: Total time for which application threads were stopped: 0.0001220 seconds, Stopping threads took: 0.0000910 seconds
54.350: Application time: 0.0016390 seconds
54.350: [GC54.350: [DefNew: 36262K->2098K(37568K), 0.0006100 secs] 118754K->84761K(120960K), 0.0006360 secs] [Times: user=0.00 sys=0.00, real=0.00 secs] 
54.350: Total time for which application threads were stopped: 0.0007260 seconds, Stopping threads took: 0.0000440 seconds
54.789: Application time: 0.4381830 seconds
54.789: Total time for which application threads were stopped: 0.0001030 seconds, Stopping threads took: 0.0000820 seconds
54.789: Application time: 0.0005170 seconds
54.789: [GC54.789: [DefNew: 35678K->2212K(37568K), 0.0006050 secs] 118341K->84932K(120960K), 0.0006320 secs] [Times: user=0.00 sys=0.00, real=0.00 secs] 
54.790: Total time for which application threads were stopped: 0.0007120 seconds, Stopping threads took: 0.0000430 seconds
55.180: Application time: 0.3901110 seconds
55.180: [GC55.180: [DefNew: 35546K->2697K(37568K), 0.0006960 secs] 118267K->85588K(120960K), 0.0007310 secs] [Times: user=0.00 sys=0.00, real=0.00 secs] 
55.181: Total time for which application threads were stopped: 0.0008610 seconds, Stopping threads took: 0.0000670 seconds
55.597: Application time: 0.4156870 seconds
55.597: Total time for which application threads were stopped: 0.0001100 seconds, Stopping threads took: 0.0000890 seconds
55.597: Application time: 0.0000840 seconds
55.597: [GC55.597: [DefNew: 36163K->2324K(37568K), 0.0005990 secs] 119055K->85216K(120960K), 0.0006290 secs] [Times: user=0.00 sys=0.00, real=0.00 secs] 
55.597: Total time for which application threads were stopped: 0.0007240 seconds, Stopping threads took: 0.0000550 seconds
56.027: Application time: 0.4294460 seconds
56.027: [GC56.027: [DefNew: 35609K->2381K(37568K), 0.0005970 secs] 118501K->85358K(120960K), 0.0006250 secs] [Times: user=0.00 sys=0.00, real=0.00 secs] 
56.028: Total time for which application threads were stopped: 0.0008110 seconds, Stopping threads took: 0.0001290 seconds
56.452: Application time: 0.4241030 seconds
56.452: [GC56.452: [DefNew: 35786K->2769K(37568K), 0.0006550 secs] 118764K->85889K(120960K), 0.0006810 secs] [Times: user=0.00 sys=0.00, real=0.00 secs] 
56.453: Total time for which application threads were stopped: 0.0008730 seconds, Stopping threads took: 0.0001460 seconds
56.840: Application time: 0.3873680 seconds
56.840: Total time for which application threads were stopped: 0.0001080 seconds, Stopping threads took: 0.0000770 seconds
56.841: Application time: 0.0003720 seconds
56.841: [GC56.841: [DefNew: 36540K->2579K(37568K), 0.0005770 secs] 119660K->85699K(120960K), 0.0006050 secs] [Times: user=0.00 sys=0.00, real=0.00 secs] 
56.841: Total time for which application threads were stopped: 0.0007030 seconds, Stopping threads took: 0.0000570 seconds
57.262: Application time: 0.4205760 seconds
57.262: [GC57.262: [DefNew: 35972K->2396K(37568K), 0.0006200 secs] 119092K->85658K(120960K), 0.0006470 secs] [Times: user=0.00 sys=0.00, real=0.00 secs] 
57.263: Total time for which application threads were stopped: 0.0007970 seconds, Stopping threads took: 0.0001030 seconds
57.715: Application time: 0.4525800 seconds
57.715: [GC57.715: [DefNew: 35610K->1645K(37568K), 0.0005160 secs] 118873K->84993K(120960K), 0.0005440 secs] [Times: user=0.00 sys=0.00, real=0.00 secs] 
57.716: Total time for which application threads were stopped: 0.0006790 seconds, Stopping threads took: 0.0000750 seconds
58.084: Application time: 0.3685280 seconds
58.085: [GC58.085: [DefNew: 34921K->2381K(37568K), 0.0006650 secs] 118269K->85729K(120960K), 0.0006960 secs] [Times: user=0.00 sys=0.00, real=0.00 secs] 
58.085: Total time for which application threads were stopped: 0.0008630 seconds, Stopping threads took: 0.0001130 seconds
58.500: Application time: 0.4144390 seconds
58.501: [GC58.501: [DefNew: 35708K->2522K(37568K), 0.0007170 secs]58.502: [Tenured: 83490K->80038K(83584K), 0.0072890 secs] 119056K->80038K(121152K), [Perm : 5159K->5159K(21248K)], 0.0081150 secs] [Times: user=0.01 sys=0.00, real=0.01 secs] 
58.509: Total time for which application threads were stopped: 0.0097380 seconds, Stopping threads took: 0.0015560 seconds
59.155: Application time: 0.6452930 seconds
59.155: [GC59.155: [DefNew: 53346K->3264K(60096K), 0.0009620 secs] 133384K->83303K(193496K), 0.0009930 secs] [Times: user=0.01 sys=0.00, real=0.00 secs] 
59.156: Total time for which application threads were stopped: 0.0012510 seconds, Stopping threads took: 0.0001810 seconds
59.851: Application time: 0.6949450 seconds
59.851: [GC59.851: [DefNew: 56663K->3006K(60096K), 0.0009600 secs] 136702K->83044K(193496K), 0.0009900 secs] [Times: user=0.00 sys=0.00, real=0.00 secs] 
59.852: Total time for which application threads were stopped: 0.0012750 seconds, Stopping threads took: 0.0002050 seconds
60.507: Application time: 0.6548360 seconds
60.507: Total time for which application threads were stopped: 0.0001200 seconds, Stopping threads took: 0.0000930 seconds
60.508: Application time: 0.0004280 seconds
60.508: [GC60.508: [DefNew: 56521K->2871K(60096K), 0.0006940 secs] 136560K->82910K(193496K), 0.0007290 secs] [Times: user=0.00 sys=0.00, real=0.00 secs] 
60.508: Total time for which application threads were stopped: 0.0008400 seconds, Stopping threads took: 0.0000730 seconds
61.159: Application time: 0.6509160 seconds
61.160: [GC61.160: [DefNew: 56241K->3267K(60096K), 0.0008250 secs] 136280K->83306K(193496K), 0.0008560 secs] [Times: user=0.00 sys=0.00, real=0.00 secs] 
61.161: Total time for which application threads were stopped: 0.0010950 seconds, Stopping threads took: 0.0001800 seconds
61.803: Application time: 0.6421570 seconds
61.803: [GC61.803: [DefNew: 56561K->3070K(60096K), 0.0007670 secs] 136599K->83108K(193496K), 0.0007990 secs] [Times: user=0.00 sys=0.00, real=0.00 secs] 
61.804: Total time for which application threads were stopped: 0.0010020 seconds, Stopping threads took: 0.0001330 seconds
62.481: Application time: 0.6769590 seconds
62.481: [GC62.481: [DefNew: 56460K->3142K(60096K), 0.0007350 secs] 136499K->83180K(193496K), 0.0007610 secs] [Times: user=0.00 sys=0.00, real=0.00 secs] 
62.482: Total time for which application threads were stopped: 0.0009290 seconds, Stopping threads took: 0.0001130 seconds
63.129: Application time: 0.6476500 seconds
63.129: [GC63.129: [DefNew: 56479K->3142K(60096K), 0.0007820 secs] 136518K->83181K(193496K), 0.0008140 secs] [Times: user=0.00 sys=0.00, real=0.00 secs] 
63.130: Total time for which application threads were stopped: 0.0010640 seconds, Stopping threads took: 0.0001890 seconds
63.825: Application time: 0.6948000 seconds
63.825: [GC63.825: [DefNew: 56351K->2675K(60096K), 0.0007310 secs] 136390K->82714K(193496K), 0.0007630 secs] [Times: user=0.00 sys=0.00, real=0.00 secs] 
63.826: Total time for which application threads were stopped: 0.0009810 seconds, Stopping threads took: 0.0001570 seconds
64.464: Application time: 0.6381550 seconds
64.464: [GC64.464: [DefNew: 56075K->3143K(60096K), 0.0007240 secs] 136113K->83182K(193496K), 0.0016400 secs] [Times: user=0.00 sys=0.00, real=0.00 secs] 
64.466: Total time for which application threads were stopped: 0.0018030 seconds, Stopping threads took: 0.0000950 seconds
65.141: Application time: 0.6749670 seconds
65.141: [GC65.141: [DefNew: 56552K->2873K(60096K), 0.0007150 secs] 136590K->82912K(193496K), 0.0007450 secs] [Times: user=0.01 sys=0.00, real=0.01 secs] 
65.142: Total time for which application threads were stopped: 0.0010030 seconds, Stopping threads took: 0.0001800 seconds
65.788: Application time: 0.6457550 seconds
65.788: [GC65.788: [DefNew: 56281K->2946K(60096K), 0.0007560 secs] 136320K->82984K(193496K), 0.0007840 secs] [Times: user=0.00 sys=0.00, real=0.00 secs] 
65.789: Total time for which application threads were stopped: 0.0010310 seconds, Stopping threads took: 0.0001690 seconds
66.430: Application time: 0.6410910 seconds
66.430: [GC66.430: [DefNew: 56367K->3009K(60096K), 0.0007220 secs] 136406K->83047K(193496K), 0.0007530 secs] [Times: user=0.00 sys=0.00, real=0.00 secs] 
66.431: Total time for which application threads were stopped: 0.0010540 seconds, Stopping threads took: 0.0002350 seconds
67.080: Application time: 0.6492290 seconds
67.080: Total time for which application threads were stopped: 0.0001350 seconds, Stopping threads took: 0.0001010 seconds
67.081: Application time: 0.0004880 seconds
67.081: [GC67.081: [DefNew: 56736K->2865K(60096K), 0.0007050 secs] 136775K->82904K(193496K), 0.0007340 secs] [Times: user=0.00 sys=0.00, real=0.00 secs] 
67.082: Total time for which application threads were stopped: 0.0008430 seconds, Stopping threads took: 0.0000570 seconds
67.756: Application time: 0.6744610 seconds
67.756: [GC67.756: [DefNew: 56221K->3072K(60096K), 0.0006970 secs] 136260K->83111K(193496K), 0.0007230 secs] [Times: user=0.00 sys=0.00, real=0.00 secs] 
67.757: Total time for which application threads were stopped: 0.0008790 seconds, Stopping threads took: 0.0000970 seconds
68.411: Application time: 0.6535640 seconds
68.411: [GC68.411: [DefNew: 56458K->3010K(60096K), 0.0007650 secs] 136497K->83048K(193496K), 0.0008030 secs] [Times: user=0.00 sys=0.00, real=0.00 secs] 
68.412: Total time for which application threads were stopped: 0.0009590 seconds, Stopping threads took: 0.0000980 seconds
69.073: Application time: 0.6612960 seconds
69.073: Total time for which application threads were stopped: 0.0001580 seconds, Stopping threads took: 0.0001220 seconds
69.081: Application time: 0.0078180 seconds
69.081: [GC69.081: [DefNew: 56571K->1851K(60096K), 0.0006130 secs] 136610K->82294K(193496K), 0.0006400 secs] [Times: user=0.00 sys=0.00, real=0.00 secs] 
69.082: Total time for which application threads were stopped: 0.0007220 seconds, Stopping threads took: 0.0000380 seconds
69.082: Application time: 0.0000490 seconds
69.082: [GC69.082: [DefNew: 2051K->2048K(60096K), 0.0004810 secs] 82495K->82493K(193496K), 0.0004940 secs] [Times: user=0.00 sys=0.00, real=0.00 secs] 
69.082: Total time for which application threads were stopped: 0.0005900 seconds, Stopping threads took: 0.0000600 seconds
69.722: Application time: 0.6398920 seconds
69.722: [GC69.722: [DefNew: 55377K->2668K(60096K), 0.0006720 secs] 135821K->83112K(193496K), 0.0007020 secs] [Times: user=0.00 sys=0.00, real=0.00 secs] 
69.723: Total time for which application threads were stopped: 0.0009110 seconds, Stopping threads took: 0.0001250 seconds
70.386: Application time: 0.6626280 seconds
70.386: [GC70.386: [DefNew: 56055K->2605K(60096K), 0.0007120 secs] 136499K->83049K(193496K), 0.0007440 secs] [Times: user=0.00 sys=0.00, real=0.00 secs] 
70.386: Total time for which application threads were stopped: 0.0009140 seconds, Stopping threads took: 0.0001060 seconds
71.067: Application time: 0.6806800 seconds
71.067: [GC71.067: [DefNew: 55826K->2667K(60096K), 0.0006160 secs] 136271K->83112K(193496K), 0.0006450 secs] [Times: user=0.00 sys=0.00, real=0.00 secs] 
71.068: Total time for which application threads were stopped: 0.0008540 seconds, Stopping threads took: 0.0001490 seconds
71.734: Application time: 0.6662970 seconds
71.734: [GC71.734: [DefNew: 56075K->2542K(60096K), 0.0005710 secs] 136520K->82987K(193496K), 0.0005970 secs] [Times: user=0.00 sys=0.00, real=0.00 secs] 
71.735: Total time for which application threads were stopped: 0.0007460 seconds, Stopping threads took: 0.0000970 seconds
72.380: Application time: 0.6451740 seconds
72.380: [GC72.380: [DefNew: 55744K->2667K(60096K), 0.0005300 secs] 136190K->83113K(193496K), 0.0005570 secs] [Times: user=0.00 sys=0.00, real=0.00 secs] 
72.381: Total time for which application threads were stopped: 0.0007080 seconds, Stopping threads took: 0.0001000 seconds
73.043: Application time: 0.6618110 seconds
73.043: [GC73.043: [DefNew: 56003K->2668K(60096K), 0.0005420 secs] 136448K->83114K(193496K), 0.0005690 secs] [Times: user=0.00 sys=0.00, real=0.00 secs] 
73.044: Total time for which application threads were stopped: 0.0007340 seconds, Stopping threads took: 0.0000880 seconds
73.698: Application time: 0.6543840 seconds
73.698: [GC73.698: [DefNew: 56089K->3134K(60096K), 0.0006300 secs] 136535K->83581K(193496K), 0.0015890 secs] [Times: user=0.00 sys=0.00, real=0.00 secs] 
73.700: Total time for which application threads were stopped: 0.0018280 seconds, Stopping threads took: 0.0001560 seconds
74.353: Application time: 0.6531440 seconds
74.353: Total time for which application threads were stopped: 0.0001200 seconds, Stopping threads took: 0.0000930 seconds
74.354: Application time: 0.0006390 seconds
74.354: [GC74.354: [DefNew: 57338K->2865K(60096K), 0.0006280 secs] 137785K->83312K(193496K), 0.0006560 secs] [Times: user=0.00 sys=0.00, real=0.00 secs] 
74.354: Total time for which application threads were stopped: 0.0007700 seconds, Stopping threads took: 0.0000760 seconds
75.016: Application time: 0.6612960 seconds
75.016: Total time for which application threads were stopped: 0.0001050 seconds, Stopping threads took: 0.0000770 seconds
75.016: Application time: 0.0001220 seconds
75.016: [GC75.016: [DefNew: 56437K->2074K(60096K), 0.0006080 secs] 136884K->82521K(193496K), 0.0006410 secs] [Times: user=0.00 sys=0.00, real=0.00 secs] 
75.017: Total time for which application threads were stopped: 0.0007580 seconds, Stopping threads took: 0.0000770 seconds
75.667: Application time: 0.6498850 seconds
75.667: [GC75.667: [DefNew: 55320K->2668K(60096K), 0.0006160 secs] 135767K->83115K(193496K), 0.0006440 secs] [Times: user=0.00 sys=0.00, real=0.00 secs] 
75.667: Total time for which application threads were stopped: 0.0007960 seconds, Stopping threads took: 0.0000920 seconds
76.331: Application time: 0.6640900 seconds
76.332: [GC76.332: [DefNew: 55974K->2739K(60096K), 0.0006830 secs] 136421K->83187K(193496K), 0.0007120 secs] [Times: user=0.00 sys=0.00, real=0.00 secs] 
76.332: Total time for which application threads were stopped: 0.0008920 seconds, Stopping threads took: 0.0001170 seconds
76.994: Application time: 0.6619440 seconds
76.994: Total time for which application threads were stopped: 0.0001460 seconds, Stopping threads took: 0.0001120 seconds
76.995: Application time: 0.0000890 seconds
76.995: [GC76.995: [DefNew: 56243K->2462K(60096K), 0.0005490 secs] 136691K->82910K(193496K), 0.0005740 secs] [Times: user=0.00 sys=0.00, real=0.00 secs] 
76.995: Total time for which application threads were stopped: 0.0006640 seconds, Stopping threads took: 0.0000520 seconds
77.627: Application time: 0.6316930 seconds
77.627: [GC77.627: [DefNew: 55835K->2668K(60096K), 0.0006250 secs] 136283K->83116K(193496K), 0.0006560 secs] [Times: user=0.00 sys=0.00, real=0.00 secs] 
77.628: Total time for which application threads were stopped: 0.0007810 seconds, Stopping threads took: 0.0000700 seconds
78.298: Application time: 0.6707130 seconds
78.299: [GC78.299: [DefNew: 56103K->3064K(60096K), 0.0007780 secs] 136551K->83512K(193496K), 0.0008100 secs] [Times: user=0.00 sys=0.00, real=0.00 secs] 
78.299: Total time for which application threads were stopped: 0.0009920 seconds, Stopping threads took: 0.0001220 seconds
78.975: Application time: 0.6751750 seconds
78.975: [GC78.975: [DefNew: 56334K->2272K(60096K), 0.0005320 secs] 136783K->82721K(193496K), 0.0005620 secs] [Times: user=0.00 sys=0.00, real=0.00 secs] 
78.975: Total time for which application threads were stopped: 0.0007440 seconds, Stopping threads took: 0.0001280 seconds
79.650: Application time: 0.6749310 seconds
79.650: [GC79.650: [DefNew: 55621K->2865K(60096K), 0.0006940 secs] 136069K->83314K(193496K), 0.0007230 secs] [Times: user=0.00 sys=0.00, real=0.00 secs] 
79.651: Total time for which application threads were stopped: 0.0009160 seconds, Stopping threads took: 0.0001310 seconds
80.300: Application time: 0.6485790 seconds
80.300: [GC80.300: [DefNew: 56273K->2740K(60096K), 0.0006000 secs] 136722K->83189K(193496K), 0.0006250 secs] [Times: user=0.00 sys=0.00, real=0.00 secs] 
80.301: Total time for which application threads were stopped: 0.0008310 seconds, Stopping threads took: 0.0001540 seconds
80.947: Application time: 0.6468580 seconds
80.948: [GC80.948: [DefNew: 56097K->2740K(60096K), 0.0006290 secs] 136546K->83189K(193496K), 0.0006580 secs] [Times: user=0.00 sys=0.00, real=0.00 secs] 
80.948: Total time for which application threads were stopped: 0.0008710 seconds, Stopping threads took: 0.0001590 seconds
81.597: Application time: 0.6487060 seconds
81.597: Total time for which application threads were stopped: 0.0001400 seconds, Stopping threads took: 0.0001080 seconds
81.597: Application time: 0.0001520 seconds
81.597: [GC81.597: [DefNew: 56334K->2470K(60096K), 0.0006180 secs] 136783K->82920K(193496K), 0.0006470 secs] [Times: user=0.00 sys=0.00, real=0.00 secs] 
81.598: Total time for which application threads were stopped: 0.0007530 seconds, Stopping threads took: 0.0000700 seconds
82.268: Application time: 0.6700370 seconds
82.268: [GC82.268: [DefNew: 55818K->2865K(60096K), 0.0006200 secs] 136268K->83315K(193496K), 0.0006500 secs] [Times: user=0.00 sys=0.00, real=0.00 secs] 
82.269: Total time for which application threads were stopped: 0.0008440 seconds, Stopping threads took: 0.0001390 seconds
82.922: Application time: 0.6527220 seconds
82.922: [GC82.922: [DefNew: 56260K->2407K(60096K), 0.0005980 secs] 136710K->82857K(193496K), 0.0006330 secs] [Times: user=0.00 sys=0.00, real=0.00 secs] 
82.923: Total time for which application threads were stopped: 0.0008860 seconds, Stopping threads took: 0.0001980 seconds
83.570: Application time: 0.6470840 seconds
83.570: [GC83.570: [DefNew: 55715K->2470K(60096K), 0.0006060 secs] 136165K->82921K(193496K), 0.0006330 secs] [Times: user=0.00 sys=0.00, real=0.00 secs] 
83.570: Total time for which application threads were stopped: 0.0008290 seconds, Stopping threads took: 0.0001400 seconds
84.226: Application time: 0.6555070 seconds
84.226: [GC84.226: [DefNew: 55837K->2865K(60096K), 0.0006540 secs] 136288K->83316K(193496K), 0.0006840 secs] [Times: user=0.00 sys=0.00, real=0.00 secs] 
84.227: Total time for which application threads were stopped: 0.0008440 seconds, Stopping threads took: 0.0001040 seconds
84.908: Application time: 0.6813130 seconds
84.908: [GC84.908: [DefNew: 56238K->2668K(60096K), 0.0005930 secs] 136689K->83119K(193496K), 0.0006180 secs] [Times: user=0.00 sys=0.00, real=0.00 secs] 
84.909: Total time for which application threads were stopped: 0.0008400 seconds, Stopping threads took: 0.0001450 seconds
85.539: Application time: 0.6300420 seconds
85.539: [GC85.539: [DefNew: 55913K->2272K(60096K), 0.0006320 secs] 136364K->82724K(193496K), 0.0006610 secs] [Times: user=0.00 sys=0.00, real=0.00 secs] 
85.540: Total time for which application threads were stopped: 0.0008630 seconds, Stopping threads took: 0.0001220 seconds
86.184: Application time: 0.6438790 seconds
86.184: [GC86.184: [DefNew: 55653K->2805K(60096K), 0.0007420 secs] 136105K->83256K(193496K), 0.0007730 secs] [Times: user=0.00 sys=0.00, real=0.00 secs] 
86.185: Total time for which application threads were stopped: 0.0010040 seconds, Stopping threads took: 0.0001680 seconds
86.883: Application time: 0.6984650 seconds
86.883: [GC86.883: [DefNew: 56035K->2274K(60096K), 0.0005600 secs] 136486K->82726K(193496K), 0.0005880 secs] [Times: user=0.00 sys=0.00, real=0.00 secs] 
86.884: Total time for which application threads were stopped: 0.0007590 seconds, Stopping threads took: 0.0001170 seconds
87.525: Application time: 0.6410010 seconds
87.525: [GC87.525: [DefNew: 55596K->2670K(60096K), 0.0006720 secs] 136048K->83122K(193496K), 0.0007020 secs] [Times: user=0.00 sys=0.00, real=0.00 secs] 
87.526: Total time for which application threads were stopped: 0.0008690 seconds, Stopping threads took: 0.0001070 seconds
88.202: Application time: 0.6764620 seconds
88.202: [GC88.202: [DefNew: 56076K->2804K(60096K), 0.0006040 secs] 136529K->83257K(193496K), 0.0006310 secs] [Times: user=0.00 sys=0.00, real=0.00 secs] 
88.203: Total time for which application threads were stopped: 0.0007640 seconds, Stopping threads took: 0.0000770 seconds
88.852: Application time: 0.6493310 seconds
88.853: [GC88.853: [DefNew: 56206K->2472K(60096K), 0.0006640 secs] 136658K->82925K(193496K), 0.0006940 secs] [Times: user=0.00 sys=0.00, real=0.00 secs] 
88.853: Total time for which application threads were stopped: 0.0008730 seconds, Stopping threads took: 0.0001200 seconds
89.495: Application time: 0.6419210 seconds
89.495: [GC89.495: [DefNew: 55899K->2544K(60096K), 0.0006800 secs] 136352K->82997K(193496K), 0.0016330 secs] [Times: user=0.00 sys=0.00, real=0.00 secs] 
89.497: Total time for which application threads were stopped: 0.0018650 seconds, Stopping threads took: 0.0001470 seconds
90.142: Application time: 0.6450470 seconds
90.142: [GC90.142: [DefNew: 55723K->2669K(60096K), 0.0006860 secs] 136177K->83123K(193496K), 0.0007150 secs] [Times: user=0.00 sys=0.00, real=0.00 secs] 
90.143: Total time for which application threads were stopped: 0.0009470 seconds, Stopping threads took: 0.0001760 seconds
90.822: Application time: 0.6787040 seconds
90.822: [GC90.822: [DefNew: 56089K->3137K(60096K), 0.0006150 secs] 136543K->83591K(193496K), 0.0006430 secs] [Times: user=0.00 sys=0.00, real=0.00 secs] 
90.823: Total time for which application threads were stopped: 0.0008960 seconds, Stopping threads took: 0.0001900 seconds
91.469: Application time: 0.6459340 seconds
91.469: Total time for which application threads were stopped: 0.0001580 seconds, Stopping threads took: 0.0001250 seconds
91.469: Application time: 0.0005700 seconds
91.469: [GC91.469: [DefNew: 57142K->2472K(60096K), 0.0005900 secs] 137595K->82926K(193496K), 0.0006160 secs] [Times: user=0.00 sys=0.00, real=0.00 secs] 
91.470: Total time for which application threads were stopped: 0.0007150 seconds, Stopping threads took: 0.0000600 seconds
92.122: Application time: 0.6521390 seconds
92.122: [GC92.122: [DefNew: 55708K->2669K(60096K), 0.0007040 secs] 136163K->83124K(193496K), 0.0007340 secs] [Times: user=0.00 sys=0.00, real=0.00 secs] 
92.123: Total time for which application threads were stopped: 0.0009650 seconds, Stopping threads took: 0.0001720 seconds
92.810: Application time: 0.6872660 seconds
92.811: [GC92.811: [DefNew: 56041K->2274K(60096K), 0.0005710 secs] 136495K->82729K(193496K), 0.0005940 secs] [Times: user=0.00 sys=0.00, real=0.00 secs] 
92.811: Total time for which application threads were stopped: 0.0007500 seconds, Stopping threads took: 0.0000910 seconds
93.461: Application time: 0.6497280 seconds
93.461: Total time for which application threads were stopped: 0.0001040 seconds, Stopping threads took: 0.0000770 seconds
93.461: Application time: 0.0002810 seconds
93.461: [GC93.461: [DefNew: 56374K->2438K(60096K), 0.0006630 secs] 136829K->82893K(193496K), 0.0006930 secs] [Times: user=0.00 sys=0.00, real=0.01 secs] 
93.462: Total time for which application threads were stopped: 0.0007880 seconds, Stopping threads took: 0.0000570 seconds
94.126: Application time: 0.6637660 seconds
94.126: [GC94.126: [DefNew: 55758K->2660K(60096K), 0.0006660 secs] 136213K->83116K(193496K), 0.0006970 secs] [Times: user=0.00 sys=0.00, real=0.00 secs] 
94.127: Total time for which application threads were stopped: 0.0008640 seconds, Stopping threads took: 0.0001060 seconds
94.786: Application time: 0.6597210 seconds
94.787: [GC94.787: [DefNew: 55921K->2274K(60096K), 0.0006520 secs] 136376K->82730K(193496K), 0.0006820 secs] [Times: user=0.00 sys=0.00, real=0.00 secs] 
94.787: Total time for which application threads were stopped: 0.0008350 seconds, Stopping threads took: 0.0000940 seconds
95.464: Application time: 0.6766320 seconds
95.464: [GC95.464: [DefNew: 55694K->2741K(60096K), 0.0006270 secs] 136150K->83197K(193496K), 0.0006550 secs] [Times: user=0.00 sys=0.00, real=0.00 secs] 
95.465: Total time for which application threads were stopped: 0.0008340 seconds, Stopping threads took: 0.0001230 seconds
96.137: Application time: 0.6723050 seconds
96.137: Total time for which application threads were stopped: 0.0001260 seconds, Stopping threads took: 0.0000970 seconds
96.137: Application time: 0.0002750 seconds
96.138: [GC96.138: [DefNew: 56210K->2668K(60096K), 0.0006220 secs] 136666K->83126K(193496K), 0.0006530 secs] [Times: user=0.00 sys=0.00, real=0.00 secs] 
96.138: Total time for which application threads were stopped: 0.0007710 seconds, Stopping threads took: 0.0000790 seconds
96.787: Application time: 0.6486750 seconds
96.787: [GC96.787: [DefNew: 56088K->3135K(60096K), 0.0007070 secs] 136546K->83593K(193496K), 0.0007350 secs] [Times: user=0.00 sys=0.00, real=0.00 secs] 
96.788: Total time for which application threads were stopped: 0.0008920 seconds, Stopping threads took: 0.0001000 seconds
97.434: Application time: 0.6459230 seconds
97.434: [GC97.434: [DefNew: 56331K->2075K(60096K), 0.0005700 secs] 136790K->82534K(193496K), 0.0005980 secs] [Times: user=0.00 sys=0.00, real=0.00 secs] 
97.435: Total time for which application threads were stopped: 0.0007500 seconds, Stopping threads took: 0.0000920 seconds
98.098: Application time: 0.6630660 seconds
98.098: [GC98.098: [DefNew: 55411K->3063K(60096K), 0.0006270 secs] 135870K->83522K(193496K), 0.0006550 secs] [Times: user=0.00 sys=0.00, real=0.00 secs] 
98.098: Total time for which application threads were stopped: 0.0008280 seconds, Stopping threads took: 0.0001160 seconds
98.754: Application time: 0.6557680 seconds
98.754: Total time for which application threads were stopped: 0.0000930 seconds, Stopping threads took: 0.0000630 seconds
98.754: Application time: 0.0001240 seconds
98.755: [GC98.755: [DefNew: 56528K->2470K(60096K), 0.0005890 secs] 136987K->82929K(193496K), 0.0006220 secs] [Times: user=0.00 sys=0.00, real=0.00 secs] 
98.755: Total time for which application threads were stopped: 0.0007450 seconds, Stopping threads took: 0.0000830 seconds
99.406: Application time: 0.6511120 seconds
99.406: Total time for which application threads were stopped: 0.0001360 seconds, Stopping threads took: 0.0001060 seconds
99.407: Application time: 0.0004080 seconds
99.407: [GC99.407: [DefNew: 56114K->2272K(60096K), 0.0005980 secs] 136574K->82732K(193496K), 0.0006240 secs] [Times: user=0.00 sys=0.00, real=0.00 secs] 
99.408: Total time for which application threads were stopped: 0.0007330 seconds, Stopping threads took: 0.0000680 seconds
100.046: Application time: 0.6382930 seconds
100.046: [GC100.046: [DefNew: 55637K->2668K(60096K), 0.0006630 secs] 136096K->83128K(193496K), 0.0006950 secs] [Times: user=0.00 sys=0.00, real=0.00 secs] 
100.047: Total time for which application threads were stopped: 0.0008350 seconds, Stopping threads took: 0.0000810 seconds
100.727: Application time: 0.6807050 seconds
100.728: Total time for which application threads were stopped: 0.0001290 seconds, Stopping threads took: 0.0001010 seconds
100.728: Application time: 0.0005130 seconds
100.728: [GC100.728: [DefNew: 56887K->2668K(60096K), 0.0005650 secs] 137347K->83128K(193496K), 0.0005880 secs] [Times: user=0.00 sys=0.00, real=0.00 secs] 
100.729: Total time for which application threads were stopped: 0.0006750 seconds, Stopping threads took: 0.0000460 seconds
101.377: Application time: 0.6486730 seconds
101.378: [GC101.378: [DefNew: 56068K->2668K(60096K), 0.0006250 secs] 136528K->83128K(193496K), 0.0006520 secs] [Times: user=0.00 sys=0.00, real=0.00 secs] 
101.378: Total time for which application threads were stopped: 0.0008100 seconds, Stopping threads took: 0.0001000 seconds
102.039: Application time: 0.6603270 seconds
102.039: [GC102.039: [DefNew: 55980K->3333K(60096K), 0.0007790 secs] 136440K->83794K(193496K), 0.0008110 secs] [Times: user=0.00 sys=0.00, real=0.00 secs] 
102.040: Total time for which application threads were stopped: 0.0009820 seconds, Stopping threads took: 0.0001120 seconds
102.701: Application time: 0.6617910 seconds
102.701: Total time for which application threads were stopped: 0.0001240 seconds, Stopping threads took: 0.0000970 seconds
102.702: Application time: 0.0003720 seconds
102.702: [GC102.702: [DefNew: 57040K->2466K(60096K), 0.0006110 secs] 137501K->82931K(193496K), 0.0006390 secs] [Times: user=0.00 sys=0.00, real=0.00 secs] 
102.703: Total time for which application threads were stopped: 0.0007200 seconds, Stopping threads took: 0.0000440 seconds
103.383: Application time: 0.6801230 seconds
103.383: [GC103.383: [DefNew: 55790K->2862K(60096K), 0.0006230 secs] 136255K->83327K(193496K), 0.0006500 secs] [Times: user=0.00 sys=0.00, real=0.00 secs] 
103.383: Total time for which application threads were stopped: 0.0007900 seconds, Stopping threads took: 0.0000830 seconds
104.048: Application time: 0.6649720 seconds
104.049: Total time for which application threads were stopped: 0.0001180 seconds, Stopping threads took: 0.0000920 seconds
104.049: Application time: 0.0007200 seconds
104.049: [GC104.049: [DefNew: 56634K->2664K(60096K), 0.0005400 secs] 137099K->83129K(193496K), 0.0005650 secs] [Times: user=0.00 sys=0.00, real=0.00 secs] 
104.050: Total time for which application threads were stopped: 0.0006480 seconds, Stopping threads took: 0.0000420 seconds
104.684: Application time: 0.6341340 seconds
104.684: [GC104.684: [DefNew: 55972K->3132K(60096K), 0.0006770 secs] 136437K->83597K(193496K), 0.0007030 secs] [Times: user=0.01 sys=0.00, real=0.00 secs] 
104.685: Total time for which application threads were stopped: 0.0008610 seconds, Stopping threads took: 0.0000980 seconds
105.363: Application time: 0.6784460 seconds
105.363: [GC105.363: [DefNew: 56561K->2602K(60096K), 0.0006450 secs] 137026K->83067K(193496K), 0.0006840 secs] [Times: user=0.00 sys=0.00, real=0.00 secs] 
105.364: Total time for which application threads were stopped: 0.0008170 seconds, Stopping threads took: 0.0000750 seconds
106.004: Application time: 0.6398240 seconds
106.004: [GC106.004: [DefNew: 55985K->2935K(60096K), 0.0006220 secs] 136450K->83400K(193496K), 0.0006510 secs] [Times: user=0.00 sys=0.00, real=0.00 secs] 
106.005: Total time for which application threads were stopped: 0.0008010 seconds, Stopping threads took: 0.0000950 seconds
106.668: Application time: 0.6629880 seconds
106.668: [GC106.668: [DefNew: 56374K->2935K(60096K), 0.0006020 secs] 136839K->83400K(193496K), 0.0006280 secs] [Times: user=0.00 sys=0.00, real=0.00 secs] 
106.669: Total time for which application threads were stopped: 0.0007940 seconds, Stopping threads took: 0.0001080 seconds
107.324: Application time: 0.6550300 seconds
107.324: [GC107.324: [DefNew: 56235K->2864K(60096K), 0.0006690 secs] 136700K->83329K(193496K), 0.0007000 secs] [Times: user=0.00 sys=0.00, real=0.00 secs] 
107.324: Total time for which application threads were stopped: 0.0008610 seconds, Stopping threads took: 0.0000980 seconds
107.980: Application time: 0.6554360 seconds
107.980: [GC107.980: [DefNew: 56250K->2936K(60096K), 0.0006460 secs] 136715K->83401K(193496K), 0.0006780 secs] [Times: user=0.00 sys=0.00, real=0.00 secs] 
107.981: Total time for which application threads were stopped: 0.0008490 seconds, Stopping threads took: 0.0001150 seconds
108.633: Application time: 0.6518050 seconds
108.633: [GC108.633: [DefNew: 56368K->2073K(60096K), 0.0006240 secs] 136833K->82539K(193496K), 0.0006550 secs] [Times: user=0.00 sys=0.00, real=0.00 secs] 
108.633: Total time for which application threads were stopped: 0.0008680 seconds, Stopping threads took: 0.0001490 seconds
109.292: Application time: 0.6584480 seconds
109.292: [GC109.292: [DefNew: 55476K->2999K(60096K), 0.0006520 secs] 135941K->83464K(193496K), 0.0006800 secs] [Times: user=0.00 sys=0.00, real=0.00 secs] 
109.293: Total time for which application threads were stopped: 0.0009240 seconds, Stopping threads took: 0.0001800 seconds
109.955: Application time: 0.6622430 seconds
109.955: [GC109.955: [DefNew: 56200K->2074K(60096K), 0.0005800 secs] 136666K->82539K(193496K), 0.0006090 secs] [Times: user=0.00 sys=0.00, real=0.00 secs] 
109.956: Total time for which application threads were stopped: 0.0008270 seconds, Stopping threads took: 0.0001370 seconds
110.596: Application time: 0.6403100 seconds
110.596: [GC110.596: [DefNew: 55511K->2865K(60096K), 0.0006500 secs] 135977K->83330K(193496K), 0.0006820 secs] [Times: user=0.00 sys=0.00, real=0.00 secs] 
110.597: Total time for which application threads were stopped: 0.0009010 seconds, Stopping threads took: 0.0001610 seconds
111.275: Application time: 0.6781470 seconds
111.275: [GC111.276: [DefNew: 56294K->2937K(60096K), 0.0006720 secs] 136759K->83402K(193496K), 0.0007040 secs] [Times: user=0.00 sys=0.00, real=0.00 secs] 
111.276: Total time for which application threads were stopped: 0.0009630 seconds, Stopping threads took: 0.0001910 seconds
111.928: Application time: 0.6515080 seconds
111.928: Total time for which application threads were stopped: 0.0001610 seconds, Stopping threads took: 0.0001300 seconds
111.928: Application time: 0.0005110 seconds
111.929: [GC111.929: [DefNew: 56613K->2668K(60096K), 0.0006410 secs] 137079K->83133K(193496K), 0.0006670 secs] [Times: user=0.00 sys=0.00, real=0.00 secs] 
111.929: Total time for which application threads were stopped: 0.0008060 seconds, Stopping threads took: 0.0000950 seconds
112.589: Application time: 0.6598910 seconds
112.589: [GC112.589: [DefNew: 56025K->2668K(60096K), 0.0006270 secs] 136490K->83133K(193496K), 0.0006540 secs] [Times: user=0.00 sys=0.00, real=0.00 secs] 
112.590: Total time for which application threads were stopped: 0.0008030 seconds, Stopping threads took: 0.0000930 seconds
113.247: Application time: 0.6566460 seconds
113.247: Total time for which application threads were stopped: 0.0000990 seconds, Stopping threads took: 0.0000630 seconds
113.247: Application time: 0.0008270 seconds
113.248: [GC113.248: [DefNew: 56728K->3063K(60096K), 0.0006940 secs] 137193K->83529K(193496K), 0.0007300 secs] [Times: user=0.00 sys=0.00, real=0.00 secs] 
113.248: Total time for which application threads were stopped: 0.0008230 seconds, Stopping threads took: 0.0000500 seconds
113.906: Application time: 0.6574190 seconds
113.906: [GC113.906: [DefNew: 56491K->2937K(60096K), 0.0006680 secs] 136957K->83404K(193496K), 0.0006970 secs] [Times: user=0.00 sys=0.00, real=0.00 secs] 
113.907: Total time for which application threads were stopped: 0.0008540 seconds, Stopping threads took: 0.0000990 seconds
114.565: Application time: 0.6579850 seconds
114.565: [GC114.565: [DefNew: 56320K->2668K(60096K), 0.0006530 secs] 136786K->83134K(193496K), 0.0006810 secs] [Times: user=0.00 sys=0.00, real=0.00 secs] 
114.566: Total time for which application threads were stopped: 0.0009520 seconds, Stopping threads took: 0.0001930 seconds
115.229: Application time: 0.6635480 seconds
115.229: [GC115.229: [DefNew: 56107K->2668K(60096K), 0.0006690 secs] 136574K->83135K(193496K), 0.0006990 secs] [Times: user=0.00 sys=0.00, real=0.00 secs] 
115.230: Total time for which application threads were stopped: 0.0008820 seconds, Stopping threads took: 0.0001210 seconds
115.873: Application time: 0.6430210 seconds
115.873: Total time for which application threads were stopped: 0.0001400 seconds, Stopping threads took: 0.0001110 seconds
115.874: Application time: 0.0006600 seconds
115.874: [GC115.874: [DefNew: 56457K->2272K(60096K), 0.0005640 secs] 136924K->82740K(193496K), 0.0005930 secs] [Times: user=0.00 sys=0.00, real=0.00 secs] 
115.874: Total time for which application threads were stopped: 0.0006880 seconds, Stopping threads took: 0.0000540 seconds
116.527: Application time: 0.6525340 seconds
116.527: [GC116.527: [DefNew: 55667K->3063K(60096K), 0.0006850 secs] 136135K->83531K(193496K), 0.0007150 secs] [Times: user=0.01 sys=0.00, real=0.00 secs] 
116.528: Total time for which application threads were stopped: 0.0009040 seconds, Stopping threads took: 0.0001270 seconds
117.199: Application time: 0.6715920 seconds
117.200: [GC117.200: [DefNew: 56476K->2470K(60096K), 0.0005820 secs] 136943K->82938K(193496K), 0.0006080 secs] [Times: user=0.01 sys=0.00, real=0.00 secs] 
117.200: Total time for which application threads were stopped: 0.0007600 seconds, Stopping threads took: 0.0000970 seconds
117.840: Application time: 0.6399680 seconds
117.840: [GC117.840: [DefNew: 55906K->2937K(60096K), 0.0006700 secs] 136374K->83406K(193496K), 0.0007000 secs] [Times: user=0.00 sys=0.00, real=0.00 secs] 
117.841: Total time for which application threads were stopped: 0.0008610 seconds, Stopping threads took: 0.0001060 seconds
118.503: Application time: 0.6619300 seconds
118.503: Total time for which application threads were stopped: 0.0001340 seconds, Stopping threads took: 0.0001040 seconds
118.505: Application time: 0.0017670 seconds
118.505: [GC118.505: [DefNew: 56516K->2865K(60096K), 0.0006730 secs] 136984K->83334K(193496K), 0.0007030 secs] [Times: user=0.00 sys=0.00, real=0.00 secs] 
118.506: Total time for which application threads were stopped: 0.0008380 seconds, Stopping threads took: 0.0000920 seconds
119.174: Application time: 0.6682900 seconds
119.174: [GC119.174: [DefNew: 56208K->2272K(60096K), 0.0005280 secs] 136676K->82741K(193496K), 0.0005520 secs] [Times: user=0.00 sys=0.00, real=0.00 secs] 
119.175: Total time for which application threads were stopped: 0.0006890 seconds, Stopping threads took: 0.0000860 seconds
119.830: Application time: 0.6551460 seconds
119.830: Total time for which application threads were stopped: 0.0001150 seconds, Stopping threads took: 0.0000840 seconds
119.831: Application time: 0.0010950 seconds
119.831: [GC119.831: [DefNew: 55826K->2668K(60096K), 0.0006450 secs] 136294K->83137K(193496K), 0.0006830 secs] [Times: user=0.00 sys=0.00, real=0.00 secs] 
119.832: Total time for which application threads were stopped: 0.0007950 seconds, Stopping threads took: 0.0000710 seconds
120.484: Application time: 0.6525200 seconds
120.485: Total time for which application threads were stopped: 0.0000770 seconds, Stopping threads took: 0.0000520 seconds
120.485: Application time: 0.0000680 seconds
120.485: [GC120.485: [DefNew: 56121K->2470K(60096K), 0.0006430 secs] 136590K->82939K(193496K), 0.0006710 secs] [Times: user=0.00 sys=0.00, real=0.00 secs] 
120.485: Total time for which application threads were stopped: 0.0007460 seconds, Stopping threads took: 0.0000380 seconds
121.163: Application time: 0.6775880 seconds
121.163: [GC121.163: [DefNew: 55827K->2272K(60096K), 0.0005470 secs] 136297K->82742K(193496K), 0.0005770 secs] [Times: user=0.00 sys=0.00, real=0.00 secs] 
121.164: Total time for which application threads were stopped: 0.0007230 seconds, Stopping threads took: 0.0000900 seconds
121.799: Application time: 0.6354110 seconds
121.799: [GC121.799: [DefNew: 55584K->2937K(60096K), 0.0007080 secs] 136054K->83407K(193496K), 0.0007380 secs] [Times: user=0.00 sys=0.00, real=0.00 secs] 
121.800: Total time for which application threads were stopped: 0.0008550 seconds, Stopping threads took: 0.0000560 seconds
122.459: Application time: 0.6594630 seconds
122.460: [GC122.460: [DefNew: 56308K->2865K(60096K), 0.0006520 secs] 136779K->83336K(193496K), 0.0006810 secs] [Times: user=0.01 sys=0.00, real=0.00 secs] 
122.460: Total time for which application threads were stopped: 0.0008670 seconds, Stopping threads took: 0.0001290 seconds
123.124: Application time: 0.6642030 seconds
123.125: [GC123.125: [DefNew: 56236K->2668K(60096K), 0.0006080 secs] 136706K->83138K(193496K), 0.0006360 secs] [Times: user=0.00 sys=0.00, real=0.00 secs] 
123.125: Total time for which application threads were stopped: 0.0008570 seconds, Stopping threads took: 0.0001570 seconds
123.771: Application time: 0.6461240 seconds
123.772: [GC123.772: [DefNew: 55998K->2470K(60096K), 0.0005310 secs] 136468K->82941K(193496K), 0.0005530 secs] [Times: user=0.00 sys=0.00, real=0.00 secs] 
123.772: Total time for which application threads were stopped: 0.0007800 seconds, Stopping threads took: 0.0001650 seconds
124.420: Application time: 0.6475820 seconds
124.420: Total time for which application threads were stopped: 0.0002010 seconds, Stopping threads took: 0.0001730 seconds
124.420: Application time: 0.0001150 seconds
124.420: [GC124.420: [DefNew: 55956K->2668K(60096K), 0.0006330 secs] 136427K->83139K(193496K), 0.0006590 secs] [Times: user=0.00 sys=0.00, real=0.00 secs] 
124.421: Total time for which application threads were stopped: 0.0007660 seconds, Stopping threads took: 0.0000690 seconds
125.104: Application time: 0.6830200 seconds
125.104: [GC125.104: [DefNew: 56080K->2075K(60096K), 0.0005860 secs] 136551K->82546K(193496K), 0.0006130 secs] [Times: user=0.00 sys=0.00, real=0.00 secs] 
125.105: Total time for which application threads were stopped: 0.0007400 seconds, Stopping threads took: 0.0000680 seconds
125.754: Application time: 0.6497330 seconds
125.754: Total time for which application threads were stopped: 0.0000890 seconds, Stopping threads took: 0.0000610 seconds
125.755: Application time: 0.0003690 seconds
125.755: [GC125.755: [DefNew: 55675K->2865K(60096K), 0.0005970 secs] 136146K->83337K(193496K), 0.0006250 secs] [Times: user=0.01 sys=0.00, real=0.00 secs] 
125.756: Total time for which application threads were stopped: 0.0007320 seconds, Stopping threads took: 0.0000650 seconds
126.406: Application time: 0.6508780 seconds
126.407: [GC126.407: [DefNew: 56127K->2272K(60096K), 0.0006510 secs] 136599K->82745K(193496K), 0.0016280 secs] [Times: user=0.00 sys=0.00, real=0.00 secs] 
126.408: Total time for which application threads were stopped: 0.0017960 seconds, Stopping threads took: 0.0001070 seconds
127.087: Application time: 0.6784960 seconds
127.087: [GC127.087: [DefNew: 55621K->2668K(60096K), 0.0005780 secs] 136093K->83140K(193496K), 0.0006040 secs] [Times: user=0.00 sys=0.00, real=0.00 secs] 
127.088: Total time for which application threads were stopped: 0.0007870 seconds, Stopping threads took: 0.0001200 seconds
127.742: Application time: 0.6548980 seconds
127.743: [GC127.743: [DefNew: 56013K->2272K(60096K), 0.0005880 secs] 136485K->82745K(193496K), 0.0006150 secs] [Times: user=0.00 sys=0.00, real=0.00 secs] 
127.743: Total time for which application threads were stopped: 0.0008690 seconds, Stopping threads took: 0.0002000 seconds
128.405: Application time: 0.6620800 seconds
128.406: [GC128.406: [DefNew: 55621K->2668K(60096K), 0.0006310 secs] 136094K->83141K(193496K), 0.0006600 secs] [Times: user=0.00 sys=0.00, real=0.00 secs] 
128.406: Total time for which application threads were stopped: 0.0008020 seconds, Stopping threads took: 0.0000830 seconds
129.069: Application time: 0.6628590 seconds
129.069: [GC129.069: [DefNew: 55992K->2740K(60096K), 0.0006180 secs] 136464K->83213K(193496K), 0.0006440 secs] [Times: user=0.00 sys=0.00, real=0.00 secs] 
129.070: Total time for which application threads were stopped: 0.0007950 seconds, Stopping threads took: 0.0000960 seconds
129.723: Application time: 0.6531280 seconds
129.723: Total time for which application threads were stopped: 0.0001170 seconds, Stopping threads took: 0.0000900 seconds
129.723: Application time: 0.0000940 seconds
129.723: [GC129.723: [DefNew: 56595K->2137K(60096K), 0.0006070 secs] 137068K->82611K(193496K), 0.0006360 secs] [Times: user=0.00 sys=0.00, real=0.00 secs] 
129.724: Total time for which application threads were stopped: 0.0008240 seconds, Stopping threads took: 0.0001460 seconds
130.359: Application time: 0.6354110 seconds
130.360: [GC130.360: [DefNew: 55563K->2802K(60096K), 0.0006440 secs] 136037K->83277K(193496K), 0.0006720 secs] [Times: user=0.00 sys=0.00, real=0.00 secs] 
130.360: Total time for which application threads were stopped: 0.0008580 seconds, Stopping threads took: 0.0001300 seconds
131.056: Application time: 0.6953410 seconds
131.056: [GC131.056: [DefNew: 56242K->2803K(60096K), 0.0006060 secs] 136717K->83277K(193496K), 0.0006340 secs] [Times: user=0.00 sys=0.00, real=0.00 secs] 
131.056: Total time for which application threads were stopped: 0.0007770 seconds, Stopping threads took: 0.0000880 seconds
131.712: Application time: 0.6554150 seconds
131.712: Total time for which application threads were stopped: 0.0001720 seconds, Stopping threads took: 0.0001330 seconds
131.714: Application time: 0.0016490 seconds
131.714: [GC131.714: [DefNew: 56246K->2263K(60096K), 0.0005960 secs] 136721K->82738K(193496K), 0.0006230 secs] [Times: user=0.00 sys=0.00, real=0.00 secs] 
131.714: Total time for which application threads were stopped: 0.0007170 seconds, Stopping threads took: 0.0000520 seconds
132.352: Application time: 0.6374260 seconds
132.352: Total time for which application threads were stopped: 0.0001020 seconds, Stopping threads took: 0.0000700 seconds
132.352: Application time: 0.0003830 seconds
132.352: [GC132.352: [DefNew: 55871K->2470K(60096K), 0.0006690 secs] 136346K->82945K(193496K), 0.0006970 secs] [Times: user=0.00 sys=0.00, real=0.00 secs] 
132.353: Total time for which application threads were stopped: 0.0007780 seconds, Stopping threads took: 0.0000400 seconds
133.019: Application time: 0.6664280 seconds
133.020: [GC133.020: [DefNew: 55665K->2865K(60096K), 0.0005800 secs] 136140K->83341K(193496K), 0.0006080 secs] [Times: user=0.00 sys=0.00, real=0.00 secs] 
133.020: Total time for which application threads were stopped: 0.0007450 seconds, Stopping threads took: 0.0000820 seconds
133.681: Application time: 0.6606990 seconds
133.681: [GC133.681: [DefNew: 56226K->2542K(60096K), 0.0006100 secs] 136702K->83017K(193496K), 0.0006380 secs] [Times: user=0.00 sys=0.00, real=0.01 secs] 
133.682: Total time for which application threads were stopped: 0.0007690 seconds, Stopping threads took: 0.0000760 seconds
134.337: Application time: 0.6550020 seconds
134.337: [GC134.337: [DefNew: 55924K->2802K(60096K), 0.0006700 secs] 136400K->83278K(193496K), 0.0006990 secs] [Times: user=0.00 sys=0.00, real=0.00 secs] 
134.338: Total time for which application threads were stopped: 0.0008870 seconds, Stopping threads took: 0.0001140 seconds
134.997: Application time: 0.6590150 seconds
134.997: [GC134.997: [DefNew: 56208K->2668K(60096K), 0.0006800 secs] 136684K->83144K(193496K), 0.0007070 secs] [Times: user=0.00 sys=0.00, real=0.00 secs] 
134.997: Total time for which application threads were stopped: 0.0008550 seconds, Stopping threads took: 0.0000920 seconds
135.670: Application time: 0.6726820 seconds
135.670: Total time for which application threads were stopped: 0.0001240 seconds, Stopping threads took: 0.0000940 seconds
135.671: Application time: 0.0006030 seconds
135.671: [GC135.671: [DefNew: 56348K->2865K(60096K), 0.0006810 secs] 136824K->83342K(193496K), 0.0007080 secs] [Times: user=0.00 sys=0.00, real=0.00 secs] 
135.672: Total time for which application threads were stopped: 0.0008190 seconds, Stopping threads took: 0.0000730 seconds
136.420: Application time: 0.7486530 seconds
136.420: [GC136.420: [DefNew: 56302K->936K(60096K), 0.0003740 secs] 136778K->81412K(193496K), 0.0004030 secs] [Times: user=0.00 sys=0.00, real=0.00 secs] 
136.421: Total time for which application threads were stopped: 0.0005110 seconds, Stopping threads took: 0.0000500 seconds
136.853: Application time: 0.4324650 seconds
136.853: Total time for which application threads were stopped: 0.0000440 seconds, Stopping threads took: 0.0000170 seconds
137.205: Application time: 0.3519070 seconds
137.205: Total time for which application threads were stopped: 0.0000890 seconds, Stopping threads took: 0.0000610 seconds
137.206: Application time: 0.0005340 seconds
137.206: [GC137.206: [DefNew: 54779K->3071K(60096K), 0.0007560 secs] 135256K->83548K(193496K), 0.0007880 secs] [Times: user=0.01 sys=0.00, real=0.00 secs] 
137.207: Total time for which application threads were stopped: 0.0008940 seconds, Stopping threads took: 0.0000640 seconds
137.913: Application time: 0.7061320 seconds
137.913: Total time for which application threads were stopped: 0.0000950 seconds, Stopping threads took: 0.0000710 seconds
137.913: Application time: 0.0000620 seconds
137.913: [GC137.913: [DefNew: 56646K->2280K(60096K), 0.0006270 secs] 137123K->82757K(193496K), 0.0006550 secs] [Times: user=0.00 sys=0.00, real=0.01 secs] 
137.914: Total time for which application threads were stopped: 0.0007330 seconds, Stopping threads took: 0.0000410 seconds
138.548: Application time: 0.6341810 seconds
138.548: [GC138.548: [DefNew: 55678K->2282K(60096K), 0.0007450 secs] 136156K->82759K(193496K), 0.0007730 secs] [Times: user=0.00 sys=0.00, real=0.00 secs] 
138.549: Total time for which application threads were stopped: 0.0009550 seconds, Stopping threads took: 0.0001220 seconds
139.191: Application time: 0.6421570 seconds
139.191: [GC139.191: [DefNew: 55669K->2542K(60096K), 0.0007530 secs] 136147K->83020K(193496K), 0.0007880 secs] [Times: user=0.00 sys=0.00, real=0.00 secs] 
139.192: Total time for which application threads were stopped: 0.0009440 seconds, Stopping threads took: 0.0000900 seconds
139.881: Application time: 0.6884360 seconds
139.881: Total time for which application threads were stopped: 0.0001430 seconds, Stopping threads took: 0.0001070 seconds
139.881: Application time: 0.0003800 seconds
139.881: [GC139.881: [DefNew: 56049K->2084K(60096K), 0.0006280 secs] 136527K->82562K(193496K), 0.0006550 secs] [Times: user=0.00 sys=0.00, real=0.01 secs] 
139.882: Total time for which application threads were stopped: 0.0007580 seconds, Stopping threads took: 0.0000630 seconds
140.537: Application time: 0.6552070 seconds
140.537: [GC140.537: [DefNew: 55408K->2812K(60096K), 0.0007020 secs] 135887K->83290K(193496K), 0.0007320 secs] [Times: user=0.00 sys=0.00, real=0.00 secs] 
140.538: Total time for which application threads were stopped: 0.0010110 seconds, Stopping threads took: 0.0002010 seconds
141.188: Application time: 0.6501810 seconds
141.188: [GC141.188: [DefNew: 56217K->2542K(60096K), 0.0007220 secs] 136696K->83021K(193496K), 0.0007550 secs] [Times: user=0.00 sys=0.00, real=0.00 secs] 
141.189: Total time for which application threads were stopped: 0.0009600 seconds, Stopping threads took: 0.0001240 seconds
141.861: Application time: 0.6717650 seconds
141.861: [GC141.861: [DefNew: 55851K->2479K(60096K), 0.0007040 secs] 136330K->82959K(193496K), 0.0015710 secs] [Times: user=0.00 sys=0.00, real=0.01 secs] 
141.863: Total time for which application threads were stopped: 0.0017250 seconds, Stopping threads took: 0.0000890 seconds
142.534: Application time: 0.6711480 seconds
142.534: [GC142.534: [DefNew: 55764K->2677K(60096K), 0.0005820 secs] 136243K->83156K(193496K), 0.0006100 secs] [Times: user=0.00 sys=0.00, real=0.00 secs] 
142.535: Total time for which application threads were stopped: 0.0008810 seconds, Stopping threads took: 0.0002080 seconds
143.231: Application time: 0.6966980 seconds
143.232: [GC143.232: [DefNew: 56028K->2084K(60096K), 0.0005950 secs] 136508K->82564K(193496K), 0.0006230 secs] [Times: user=0.00 sys=0.00, real=0.00 secs] 
143.232: Total time for which application threads were stopped: 0.0008440 seconds, Stopping threads took: 0.0001680 seconds
143.852: Application time: 0.6197580 seconds
143.852: [GC143.852: [DefNew: 55351K->2677K(60096K), 0.0007110 secs] 135831K->83157K(193496K), 0.0007420 secs] [Times: user=0.00 sys=0.00, real=0.00 secs] 
143.853: Total time for which application threads were stopped: 0.0009080 seconds, Stopping threads took: 0.0001040 seconds
144.504: Application time: 0.6509020 seconds
144.504: Total time for which application threads were stopped: 0.0001400 seconds, Stopping threads took: 0.0001090 seconds
144.504: Application time: 0.0002740 seconds
144.504: [GC144.504: [DefNew: 56204K->3072K(60096K), 0.0007570 secs] 136684K->83553K(193496K), 0.0007850 secs] [Times: user=0.00 sys=0.00, real=0.00 secs] 
144.505: Total time for which application threads were stopped: 0.0008900 seconds, Stopping threads took: 0.0000650 seconds
145.173: Application time: 0.6680010 seconds
145.173: [GC145.173: [DefNew: 56416K->2946K(60096K), 0.0006570 secs] 136896K->83427K(193496K), 0.0006840 secs] [Times: user=0.00 sys=0.00, real=0.01 secs] 
145.174: Total time for which application threads were stopped: 0.0009170 seconds, Stopping threads took: 0.0001750 seconds
145.813: Application time: 0.6390480 seconds
145.813: [GC145.813: [DefNew: 56218K->2480K(60096K), 0.0005900 secs] 136699K->82960K(193496K), 0.0006170 secs] [Times: user=0.00 sys=0.00, real=0.01 secs] 
145.814: Total time for which application threads were stopped: 0.0007920 seconds, Stopping threads took: 0.0001210 seconds
146.457: Application time: 0.6433310 seconds
146.457: [GC146.457: [DefNew: 55875K->3010K(60096K), 0.0007160 secs] 136356K->83490K(193496K), 0.0007460 secs] [Times: user=0.00 sys=0.00, real=0.00 secs] 
146.458: Total time for which application threads were stopped: 0.0010100 seconds, Stopping threads took: 0.0001860 seconds
147.116: Application time: 0.6577720 seconds
147.116: [GC147.116: [DefNew: 56217K->2471K(60096K), 0.0006460 secs] 136698K->82961K(193496K), 0.0006760 secs] [Times: user=0.00 sys=0.00, real=0.00 secs] 
147.117: Total time for which application threads were stopped: 0.0008360 seconds, Stopping threads took: 0.0001020 seconds
147.780: Application time: 0.6633090 seconds
147.780: [GC147.780: [DefNew: 55830K->2274K(60096K), 0.0006950 secs] 136319K->82763K(193496K), 0.0007260 secs] [Times: user=0.00 sys=0.00, real=0.00 secs] 
147.781: Total time for which application threads were stopped: 0.0010050 seconds, Stopping threads took: 0.0001970 seconds
148.423: Application time: 0.6414210 seconds
148.423: [GC148.423: [DefNew: 55583K->2937K(60096K), 0.0007140 secs] 136073K->83429K(193496K), 0.0007460 secs] [Times: user=0.00 sys=0.00, real=0.00 secs] 
148.424: Total time for which application threads were stopped: 0.0009430 seconds, Stopping threads took: 0.0001160 seconds
149.074: Application time: 0.6503710 seconds
149.074: [GC149.074: [DefNew: 56371K->2803K(60096K), 0.0006850 secs] 136862K->83294K(193496K), 0.0007160 secs] [Times: user=0.00 sys=0.00, real=0.00 secs] 
149.075: Total time for which application threads were stopped: 0.0009250 seconds, Stopping threads took: 0.0001470 seconds
149.731: Application time: 0.6561630 seconds
149.731: [GC149.731: [DefNew: 56176K->3333K(60096K), 0.0006960 secs] 136667K->83825K(193496K), 0.0007250 secs] [Times: user=0.00 sys=0.00, real=0.00 secs] 
149.732: Total time for which application threads were stopped: 0.0008840 seconds, Stopping threads took: 0.0000980 seconds
150.405: Application time: 0.6729090 seconds
150.405: Total time for which application threads were stopped: 0.0001180 seconds, Stopping threads took: 0.0000910 seconds
150.406: Application time: 0.0008850 seconds
150.406: [GC150.406: [DefNew: 57020K->2466K(60096K), 0.0006120 secs] 137512K->82962K(193496K), 0.0006380 secs] [Times: user=0.00 sys=0.00, real=0.00 secs] 
150.407: Total time for which application threads were stopped: 0.0007350 seconds, Stopping threads took: 0.0000580 seconds
151.116: Application time: 0.7091350 seconds
151.116: Total time for which application threads were stopped: 0.0001370 seconds, Stopping threads took: 0.0001000 seconds
151.118: Application time: 0.0023900 seconds
151.118: [GC151.118: [DefNew: 55944K->2268K(60096K), 0.0005260 secs] 136441K->82765K(193496K), 0.0005530 secs] [Times: user=0.00 sys=0.00, real=0.00 secs] 
151.119: Total time for which application threads were stopped: 0.0006490 seconds, Stopping threads took: 0.0000560 seconds
151.748: Application time: 0.6286490 seconds
151.748: Total time for which application threads were stopped: 0.0001290 seconds, Stopping threads took: 0.0000960 seconds
151.749: Application time: 0.0015110 seconds
151.749: [GC151.749: [DefNew: 55798K->2664K(60096K), 0.0005870 secs] 136295K->83161K(193496K), 0.0006130 secs] [Times: user=0.00 sys=0.00, real=0.00 secs] 
151.750: Total time for which application threads were stopped: 0.0007080 seconds, Stopping threads took: 0.0000560 seconds
152.404: Application time: 0.6537360 seconds
152.404: [GC152.404: [DefNew: 55939K->2664K(60096K), 0.0006180 secs] 136435K->83161K(193496K), 0.0006500 secs] [Times: user=0.00 sys=0.00, real=0.00 secs] 
152.404: Total time for which application threads were stopped: 0.0008230 seconds, Stopping threads took: 0.0001160 seconds
153.077: Application time: 0.6721820 seconds
153.077: Total time for which application threads were stopped: 0.0001250 seconds, Stopping threads took: 0.0000930 seconds
153.077: Application time: 0.0004730 seconds
153.077: [GC153.077: [DefNew: 56403K->2863K(60096K), 0.0006180 secs] 136899K->83359K(193496K), 0.0006440 secs] [Times: user=0.00 sys=0.00, real=0.00 secs] 
153.078: Total time for which application threads were stopped: 0.0007340 seconds, Stopping threads took: 0.0000490 seconds
153.725: Application time: 0.6474010 seconds
153.725: [GC153.725: [DefNew: 56217K->2144K(60096K), 0.0006320 secs] 136714K->82640K(193496K), 0.0006590 secs] [Times: user=0.00 sys=0.00, real=0.00 secs] 
153.726: Total time for which application threads were stopped: 0.0007930 seconds, Stopping threads took: 0.0000780 seconds
154.362: Application time: 0.6360480 seconds
154.362: [GC154.362: [DefNew: 55398K->2863K(60096K), 0.0006170 secs] 135894K->83360K(193496K), 0.0006400 secs] [Times: user=0.00 sys=0.00, real=0.00 secs] 
154.363: Total time for which application threads were stopped: 0.0007900 seconds, Stopping threads took: 0.0000900 seconds
155.015: Application time: 0.6522100 seconds
155.015: [GC155.015: [DefNew: 56268K->2800K(60096K), 0.0005930 secs] 136764K->83297K(193496K), 0.0006210 secs] [Times: user=0.00 sys=0.00, real=0.00 secs] 
155.016: Total time for which application threads were stopped: 0.0007630 seconds, Stopping threads took: 0.0000880 seconds
155.682: Application time: 0.6658370 seconds
155.682: [GC155.682: [DefNew: 56207K->2666K(60096K), 0.0006760 secs] 136704K->83162K(193496K), 0.0007090 secs] [Times: user=0.00 sys=0.00, real=0.00 secs] 
155.683: Total time for which application threads were stopped: 0.0009050 seconds, Stopping threads took: 0.0001380 seconds
156.345: Application time: 0.6627640 seconds
156.346: [GC156.346: [DefNew: 56067K->2666K(60096K), 0.0005700 secs] 136564K->83163K(193496K), 0.0006040 secs] [Times: user=0.00 sys=0.00, real=0.00 secs] 
156.346: Total time for which application threads were stopped: 0.0007380 seconds, Stopping threads took: 0.0000780 seconds
156.996: Application time: 0.6497820 seconds
156.996: Total time for which application threads were stopped: 0.0001460 seconds, Stopping threads took: 0.0001170 seconds
156.997: Application time: 0.0006490 seconds
156.997: [GC156.997: [DefNew: 56276K->2864K(60096K), 0.0006390 secs] 136772K->83361K(193496K), 0.0006660 secs] [Times: user=0.00 sys=0.00, real=0.00 secs] 
156.998: Total time for which application threads were stopped: 0.0008050 seconds, Stopping threads took: 0.0001010 seconds
157.642: Application time: 0.6448750 seconds
157.643: [GC157.643: [DefNew: 56185K->2739K(60096K), 0.0006850 secs] 136681K->83235K(193496K), 0.0007120 secs] [Times: user=0.00 sys=0.00, real=0.00 secs] 
157.643: Total time for which application threads were stopped: 0.0008630 seconds, Stopping threads took: 0.0000950 seconds
158.329: Application time: 0.6859260 seconds
158.329: [GC158.329: [DefNew: 56031K->2272K(60096K), 0.0005400 secs] 136527K->82768K(193496K), 0.0005660 secs] [Times: user=0.00 sys=0.00, real=0.00 secs] 
158.330: Total time for which application threads were stopped: 0.0007160 seconds, Stopping threads took: 0.0000970 seconds
158.996: Application time: 0.6664250 seconds
158.997: [GC158.997: [DefNew: 55595K->2668K(60096K), 0.0005990 secs] 136091K->83164K(193496K), 0.0006270 secs] [Times: user=0.00 sys=0.00, real=0.00 secs] 
158.997: Total time for which application threads were stopped: 0.0007860 seconds, Stopping threads took: 0.0001030 seconds
159.675: Application time: 0.6781080 seconds
159.675: [GC159.675: [DefNew: 55950K->2272K(60096K), 0.0006060 secs] 136447K->82769K(193496K), 0.0006380 secs] [Times: user=0.00 sys=0.00, real=0.00 secs] 
159.676: Total time for which application threads were stopped: 0.0008280 seconds, Stopping threads took: 0.0001280 seconds
160.312: Application time: 0.6355980 seconds
160.312: [GC160.312: [DefNew: 55665K->2740K(60096K), 0.0006570 secs] 136162K->83237K(193496K), 0.0006860 secs] [Times: user=0.00 sys=0.00, real=0.00 secs] 
160.313: Total time for which application threads were stopped: 0.0009460 seconds, Stopping threads took: 0.0001820 seconds
160.965: Application time: 0.6524580 seconds
160.965: [GC160.965: [DefNew: 56151K->2668K(60096K), 0.0006580 secs] 136648K->83165K(193496K), 0.0006870 secs] [Times: user=0.00 sys=0.00, real=0.00 secs] 
160.966: Total time for which application threads were stopped: 0.0009550 seconds, Stopping threads took: 0.0002100 seconds
161.604: Application time: 0.6375800 seconds
161.604: [GC161.604: [DefNew: 56063K->3135K(60096K), 0.0007330 secs] 136560K->83633K(193496K), 0.0007650 secs] [Times: user=0.00 sys=0.00, real=0.00 secs] 
161.605: Total time for which application threads were stopped: 0.0010250 seconds, Stopping threads took: 0.0001800 seconds
162.259: Application time: 0.6547750 seconds
162.260: [GC162.260: [DefNew: 56348K->2668K(60096K), 0.0006380 secs] 136846K->83165K(193496K), 0.0006660 secs] [Times: user=0.00 sys=0.00, real=0.00 secs] 
162.260: Total time for which application threads were stopped: 0.0009880 seconds, Stopping threads took: 0.0002630 seconds
162.910: Application time: 0.6497870 seconds
162.910: [GC162.911: [DefNew: 56064K->3135K(60096K), 0.0007060 secs] 136562K->83633K(193496K), 0.0016930 secs] [Times: user=0.00 sys=0.00, real=0.00 secs] 
162.912: Total time for which application threads were stopped: 0.0019460 seconds, Stopping threads took: 0.0001900 seconds
163.570: Application time: 0.6579370 seconds
163.570: [GC163.570: [DefNew: 56564K->2605K(60096K), 0.0006410 secs] 137062K->83103K(193496K), 0.0006700 secs] [Times: user=0.00 sys=0.00, real=0.00 secs] 
163.571: Total time for which application threads were stopped: 0.0009420 seconds, Stopping threads took: 0.0002050 seconds
164.223: Application time: 0.6518900 seconds
164.223: [GC164.223: [DefNew: 55919K->3063K(60096K), 0.0007100 secs] 136417K->83562K(193496K), 0.0007450 secs] [Times: user=0.00 sys=0.00, real=0.00 secs] 
164.224: Total time for which application threads were stopped: 0.0009460 seconds, Stopping threads took: 0.0001440 seconds
164.884: Application time: 0.6598050 seconds
164.884: [GC164.884: [DefNew: 56474K->2470K(60096K), 0.0006700 secs] 136973K->82969K(193496K), 0.0007020 secs] [Times: user=0.00 sys=0.00, real=0.00 secs] 
164.885: Total time for which application threads were stopped: 0.0009710 seconds, Stopping threads took: 0.0002080 seconds
165.544: Application time: 0.6588100 seconds
165.544: Total time for which application threads were stopped: 0.0001380 seconds, Stopping threads took: 0.0001050 seconds
165.544: Application time: 0.0001310 seconds
165.544: [GC165.544: [DefNew: 56079K->2668K(60096K), 0.0005810 secs] 136578K->83167K(193496K), 0.0006090 secs] [Times: user=0.00 sys=0.00, real=0.00 secs] 
165.545: Total time for which application threads were stopped: 0.0007190 seconds, Stopping threads took: 0.0000700 seconds
166.217: Application time: 0.6724060 seconds
166.217: [GC166.217: [DefNew: 56064K->3135K(60096K), 0.0006170 secs] 136564K->83635K(193496K), 0.0006450 secs] [Times: user=0.00 sys=0.00, real=0.00 secs] 
166.218: Total time for which application threads were stopped: 0.0008050 seconds, Stopping threads took: 0.0001050 seconds
166.902: Application time: 0.6843340 seconds
166.902: Total time for which application threads were stopped: 0.0001430 seconds, Stopping threads took: 0.0001080 seconds
166.903: Application time: 0.0003960 seconds
166.903: [GC166.903: [DefNew: 56759K->2272K(60096K), 0.0006030 secs] 137259K->82772K(193496K), 0.0006330 secs] [Times: user=0.00 sys=0.00, real=0.00 secs] 
166.903: Total time for which application threads were stopped: 0.0007480 seconds, Stopping threads took: 0.0000720 seconds
167.544: Application time: 0.6410830 seconds
167.545: [GC167.545: [DefNew: 55594K->2668K(60096K), 0.0006220 secs] 136094K->83168K(193496K), 0.0006510 secs] [Times: user=0.00 sys=0.00, real=0.00 secs] 
167.545: Total time for which application threads were stopped: 0.0008420 seconds, Stopping threads took: 0.0001320 seconds
168.218: Application time: 0.6727320 seconds
168.218: [GC168.218: [DefNew: 55950K->2272K(60096K), 0.0005600 secs] 136451K->82773K(193496K), 0.0005910 secs] [Times: user=0.00 sys=0.00, real=0.00 secs] 
168.219: Total time for which application threads were stopped: 0.0007470 seconds, Stopping threads took: 0.0001030 seconds
168.871: Application time: 0.6526950 seconds
168.872: [GC168.872: [DefNew: 55595K->2865K(60096K), 0.0006760 secs] 136095K->83366K(193496K), 0.0007050 secs] [Times: user=0.00 sys=0.00, real=0.00 secs] 
168.872: Total time for which application threads were stopped: 0.0008800 seconds, Stopping threads took: 0.0001160 seconds
169.513: Application time: 0.6408160 seconds
169.513: [GC169.513: [DefNew: 56146K->2272K(60096K), 0.0005960 secs] 136647K->82773K(193496K), 0.0006260 secs] [Times: user=0.00 sys=0.00, real=0.01 secs] 
169.514: Total time for which application threads were stopped: 0.0007890 seconds, Stopping threads took: 0.0001040 seconds
170.150: Application time: 0.6357610 seconds
170.150: [GC170.150: [DefNew: 55597K->2865K(60096K), 0.0007070 secs] 136098K->83367K(193496K), 0.0007380 secs] [Times: user=0.00 sys=0.00, real=0.00 secs] 
170.151: Total time for which application threads were stopped: 0.0010400 seconds, Stopping threads took: 0.0002420 seconds
170.820: Application time: 0.6695220 seconds
170.821: [GC170.821: [DefNew: 56272K->2802K(60096K), 0.0006690 secs] 136774K->83304K(193496K), 0.0006980 secs] [Times: user=0.00 sys=0.00, real=0.00 secs] 
170.821: Total time for which application threads were stopped: 0.0009440 seconds, Stopping threads took: 0.0001650 seconds
171.477: Application time: 0.6557840 seconds
171.477: Total time for which application threads were stopped: 0.0001540 seconds, Stopping threads took: 0.0001210 seconds
171.477: Application time: 0.0002720 seconds
171.478: [GC171.478: [DefNew: 56611K->2865K(60096K), 0.0006160 secs] 137112K->83367K(193496K), 0.0006510 secs] [Times: user=0.00 sys=0.00, real=0.00 secs] 
171.478: Total time for which application threads were stopped: 0.0007690 seconds, Stopping threads took: 0.0000760 seconds
172.124: Application time: 0.6456100 seconds
172.124: [GC172.124: [DefNew: 56255K->2937K(60096K), 0.0007350 secs] 136757K->83440K(193496K), 0.0007640 secs] [Times: user=0.00 sys=0.00, real=0.00 secs] 
172.125: Total time for which application threads were stopped: 0.0009900 seconds, Stopping threads took: 0.0001650 seconds
172.786: Application time: 0.6609200 seconds
172.786: [GC172.786: [DefNew: 56153K->2865K(60096K), 0.0005730 secs] 136655K->83368K(193496K), 0.0006000 secs] [Times: user=0.00 sys=0.00, real=0.00 secs] 
172.787: Total time for which application threads were stopped: 0.0007910 seconds, Stopping threads took: 0.0001340 seconds
173.455: Application time: 0.6680250 seconds
173.455: [GC173.455: [DefNew: 56251K->2075K(60096K), 0.0006230 secs] 136754K->82578K(193496K), 0.0016860 secs] [Times: user=0.00 sys=0.00, real=0.00 secs] 
173.456: Total time for which application threads were stopped: 0.0019190 seconds, Stopping threads took: 0.0001660 seconds
174.122: Application time: 0.6652440 seconds
174.122: [GC174.122: [DefNew: 55507K->2668K(60096K), 0.0006760 secs] 136010K->83171K(193496K), 0.0007060 secs] [Times: user=0.00 sys=0.00, real=0.00 secs] 
174.123: Total time for which application threads were stopped: 0.0009710 seconds, Stopping threads took: 0.0001840 seconds
174.795: Application time: 0.6725790 seconds
174.795: [GC174.796: [DefNew: 56003K->2668K(60096K), 0.0007510 secs] 136506K->83171K(193496K), 0.0007830 secs] [Times: user=0.00 sys=0.00, real=0.00 secs] 
174.796: Total time for which application threads were stopped: 0.0010120 seconds, Stopping threads took: 0.0001610 seconds
175.464: Application time: 0.6681890 seconds
175.465: [GC175.465: [DefNew: 56077K->2605K(60096K), 0.0006660 secs] 136580K->83109K(193496K), 0.0006950 secs] [Times: user=0.00 sys=0.00, real=0.00 secs] 
175.465: Total time for which application threads were stopped: 0.0009250 seconds, Stopping threads took: 0.0001720 seconds
176.125: Application time: 0.6600300 seconds
176.126: [GC176.126: [DefNew: 55806K->2668K(60096K), 0.0005870 secs] 136310K->83172K(193496K), 0.0006160 secs] [Times: user=0.00 sys=0.00, real=0.00 secs] 
176.126: Total time for which application threads were stopped: 0.0007910 seconds, Stopping threads took: 0.0001190 seconds
176.779: Application time: 0.6531290 seconds
176.780: [GC176.780: [DefNew: 55944K->2668K(60096K), 0.0006270 secs] 136448K->83172K(193496K), 0.0006540 secs] [Times: user=0.00 sys=0.00, real=0.00 secs] 
176.780: Total time for which application threads were stopped: 0.0008140 seconds, Stopping threads took: 0.0001010 seconds
177.428: Application time: 0.6475770 seconds
177.428: [GC177.428: [DefNew: 56002K->2668K(60096K), 0.0005920 secs] 136506K->83173K(193496K), 0.0006220 secs] [Times: user=0.00 sys=0.00, real=0.00 secs] 
177.429: Total time for which application threads were stopped: 0.0007670 seconds, Stopping threads took: 0.0000890 seconds
178.081: Application time: 0.6527300 seconds
178.081: Total time for which application threads were stopped: 0.0001170 seconds, Stopping threads took: 0.0000910 seconds
178.082: Application time: 0.0002910 seconds
178.082: [GC178.082: [DefNew: 56146K->2470K(60096K), 0.0005580 secs] 136651K->82975K(193496K), 0.0005830 secs] [Times: user=0.00 sys=0.00, real=0.00 secs] 
178.082: Total time for which application threads were stopped: 0.0006890 seconds, Stopping threads took: 0.0000710 seconds
178.744: Application time: 0.6612040 seconds
178.744: [GC178.744: [DefNew: 55866K->2937K(60096K), 0.0007150 secs] 136371K->83443K(193496K), 0.0007490 secs] [Times: user=0.00 sys=0.00, real=0.00 secs] 
178.744: Total time for which application threads were stopped: 0.0009160 seconds, Stopping threads took: 0.0001090 seconds
179.402: Application time: 0.6570590 seconds
179.402: [GC179.402: [DefNew: 56312K->2470K(60096K), 0.0006160 secs] 136818K->82976K(193496K), 0.0006540 secs] [Times: user=0.00 sys=0.00, real=0.00 secs] 
179.402: Total time for which application threads were stopped: 0.0008210 seconds, Stopping threads took: 0.0001060 seconds
180.036: Application time: 0.6336780 seconds
180.036: [GC180.036: [DefNew: 55895K->3333K(60096K), 0.0007150 secs] 136401K->83839K(193496K), 0.0007460 secs] [Times: user=0.00 sys=0.00, real=0.00 secs] 
180.037: Total time for which application threads were stopped: 0.0009010 seconds, Stopping threads took: 0.0000950 seconds
180.693: Application time: 0.6561330 seconds
180.693: [GC180.693: [DefNew: 56556K->2664K(60096K), 0.0005650 secs] 137063K->83174K(193496K), 0.0005910 secs] [Times: user=0.00 sys=0.00, real=0.01 secs] 
180.694: Total time for which application threads were stopped: 0.0008640 seconds, Stopping threads took: 0.0001960 seconds
181.355: Application time: 0.6612260 seconds
181.355: [GC181.355: [DefNew: 55990K->2269K(60096K), 0.0006510 secs] 136500K->82779K(193496K), 0.0006810 secs] [Times: user=0.00 sys=0.00, real=0.00 secs] 
181.356: Total time for which application threads were stopped: 0.0008890 seconds, Stopping threads took: 0.0001260 seconds
182.028: Application time: 0.6717890 seconds
182.028: [GC182.028: [DefNew: 55593K->2862K(60096K), 0.0006340 secs] 136103K->83373K(193496K), 0.0006620 secs] [Times: user=0.00 sys=0.00, real=0.00 secs] 
182.029: Total time for which application threads were stopped: 0.0008910 seconds, Stopping threads took: 0.0001700 seconds
182.702: Application time: 0.6733750 seconds
182.702: [GC182.702: [DefNew: 56206K->2737K(60096K), 0.0005820 secs] 136716K->83247K(193496K), 0.0006100 secs] [Times: user=0.00 sys=0.00, real=0.00 secs] 
182.703: Total time for which application threads were stopped: 0.0009000 seconds, Stopping threads took: 0.0002140 seconds
183.369: Application time: 0.6658090 seconds
183.369: [GC183.369: [DefNew: 56132K->2800K(60096K), 0.0006490 secs] 136643K->83310K(193496K), 0.0006800 secs] [Times: user=0.00 sys=0.00, real=0.00 secs] 
183.370: Total time for which application threads were stopped: 0.0008870 seconds, Stopping threads took: 0.0001380 seconds
184.025: Application time: 0.6556250 seconds
184.025: [GC184.025: [DefNew: 56011K->2530K(60096K), 0.0005830 secs] 136521K->83041K(193496K), 0.0015300 secs] [Times: user=0.00 sys=0.00, real=0.00 secs] 
184.027: Total time for which application threads were stopped: 0.0016690 seconds, Stopping threads took: 0.0000780 seconds
184.677: Application time: 0.6498020 seconds
184.677: [GC184.677: [DefNew: 55860K->2738K(60096K), 0.0007000 secs] 136370K->83248K(193496K), 0.0007310 secs] [Times: user=0.00 sys=0.00, real=0.00 secs] 
184.678: Total time for which application threads were stopped: 0.0010250 seconds, Stopping threads took: 0.0002340 seconds
185.329: Application time: 0.6507370 seconds
185.329: [GC185.329: [DefNew: 55942K->2864K(60096K), 0.0006040 secs] 136452K->83374K(193496K), 0.0006270 secs] [Times: user=0.00 sys=0.00, real=0.00 secs] 
185.329: Total time for which application threads were stopped: 0.0008240 seconds, Stopping threads took: 0.0001400 seconds
185.974: Application time: 0.6449240 seconds
185.975: [GC185.975: [DefNew: 56267K->2738K(60096K), 0.0007240 secs] 136778K->83248K(193496K), 0.0007570 secs] [Times: user=0.01 sys=0.00, real=0.00 secs] 
185.975: Total time for which application threads were stopped: 0.0010050 seconds, Stopping threads took: 0.0001760 seconds
186.625: Application time: 0.6500730 seconds
186.626: Total time for which application threads were stopped: 0.0001350 seconds, Stopping threads took: 0.0001040 seconds
186.626: Application time: 0.0001080 seconds
186.626: [GC186.626: [DefNew: 56210K->2927K(60096K), 0.0006510 secs] 136720K->83437K(193496K), 0.0006800 secs] [Times: user=0.00 sys=0.00, real=0.00 secs] 
186.627: Total time for which application threads were stopped: 0.0008710 seconds, Stopping threads took: 0.0001500 seconds
187.292: Application time: 0.6655860 seconds
187.292: [GC187.292: [DefNew: 56198K->2667K(60096K), 0.0005720 secs] 136708K->83177K(193496K), 0.0006050 secs] [Times: user=0.00 sys=0.00, real=0.00 secs] 
187.293: Total time for which application threads were stopped: 0.0007600 seconds, Stopping threads took: 0.0000970 seconds
187.948: Application time: 0.6552230 seconds
187.948: [GC187.948: [DefNew: 55994K->2272K(60096K), 0.0005840 secs] 136504K->82782K(193496K), 0.0006130 secs] [Times: user=0.00 sys=0.00, real=0.00 secs] 
187.949: Total time for which application threads were stopped: 0.0007780 seconds, Stopping threads took: 0.0001050 seconds
188.586: Application time: 0.6372780 seconds
188.586: [GC188.586: [DefNew: 55550K->2668K(60096K), 0.0005510 secs] 136060K->83178K(193496K), 0.0005770 secs] [Times: user=0.00 sys=0.00, real=0.00 secs] 
188.587: Total time for which application threads were stopped: 0.0007070 seconds, Stopping threads took: 0.0000720 seconds
189.238: Application time: 0.6511670 seconds
189.238: [GC189.238: [DefNew: 56028K->3063K(60096K), 0.0007270 secs] 136538K->83573K(193496K), 0.0007590 secs] [Times: user=0.00 sys=0.00, real=0.00 secs] 
189.239: Total time for which application threads were stopped: 0.0009350 seconds, Stopping threads took: 0.0001160 seconds
189.929: Application time: 0.6896930 seconds
189.929: [GC189.929: [DefNew: 56306K->2668K(60096K), 0.0006210 secs] 136816K->83178K(193496K), 0.0006450 secs] [Times: user=0.00 sys=0.00, real=0.00 secs] 
189.930: Total time for which application threads were stopped: 0.0008640 seconds, Stopping threads took: 0.0001630 seconds
190.594: Application time: 0.6643200 seconds
190.594: [GC190.594: [DefNew: 56004K->2668K(60096K), 0.0006720 secs] 136514K->83179K(193496K), 0.0007020 secs] [Times: user=0.00 sys=0.00, real=0.00 secs] 
190.595: Total time for which application threads were stopped: 0.0009390 seconds, Stopping threads took: 0.0001550 seconds
191.266: Application time: 0.6714180 seconds
191.266: [GC191.266: [DefNew: 56013K->2542K(60096K), 0.0006000 secs] 136524K->83053K(193496K), 0.0006270 secs] [Times: user=0.00 sys=0.00, real=0.00 secs] 
191.267: Total time for which application threads were stopped: 0.0008230 seconds, Stopping threads took: 0.0001170 seconds
191.903: Application time: 0.6360960 seconds
191.903: [GC191.903: [DefNew: 55804K->2668K(60096K), 0.0006050 secs] 136315K->83179K(193496K), 0.0006340 secs] [Times: user=0.00 sys=0.00, real=0.00 secs] 
191.904: Total time for which application threads were stopped: 0.0009080 seconds, Stopping threads took: 0.0001950 seconds
192.552: Application time: 0.6480090 seconds
192.552: [GC192.552: [DefNew: 56005K->3135K(60096K), 0.0006740 secs] 136516K->83647K(193496K), 0.0007020 secs] [Times: user=0.00 sys=0.00, real=0.00 secs] 
192.553: Total time for which application threads were stopped: 0.0009900 seconds, Stopping threads took: 0.0002210 seconds
193.210: Application time: 0.6570090 seconds
193.210: [GC193.210: [DefNew: 56407K->2668K(60096K), 0.0006200 secs] 136918K->83180K(193496K), 0.0006470 secs] [Times: user=0.00 sys=0.00, real=0.00 secs] 
193.211: Total time for which application threads were stopped: 0.0008700 seconds, Stopping threads took: 0.0001680 seconds
193.866: Application time: 0.6548870 seconds
193.866: [GC193.866: [DefNew: 56007K->3135K(60096K), 0.0007500 secs] 136519K->83647K(193496K), 0.0007780 secs] [Times: user=0.00 sys=0.00, real=0.00 secs] 
193.867: Total time for which application threads were stopped: 0.0010610 seconds, Stopping threads took: 0.0002180 seconds
194.517: Application time: 0.6500500 seconds
194.517: [GC194.517: [DefNew: 56405K->2668K(60096K), 0.0006590 secs] 136917K->83180K(193496K), 0.0006920 secs] [Times: user=0.00 sys=0.00, real=0.00 secs] 
194.518: Total time for which application threads were stopped: 0.0008790 seconds, Stopping threads took: 0.0001310 seconds
195.181: Application time: 0.6632620 seconds
195.181: [GC195.181: [DefNew: 55941K->2668K(60096K), 0.0006350 secs] 136454K->83180K(193496K), 0.0006630 secs] [Times: user=0.00 sys=0.00, real=0.01 secs] 
195.182: Total time for which application threads were stopped: 0.0008260 seconds, Stopping threads took: 0.0001070 seconds
195.841: Application time: 0.6590380 seconds
195.841: [GC195.841: [DefNew: 56002K->2668K(60096K), 0.0006610 secs] 136515K->83181K(193496K), 0.0007010 secs] [Times: user=0.00 sys=0.00, real=0.01 secs] 
195.842: Total time for which application threads were stopped: 0.0009090 seconds, Stopping threads took: 0.0001370 seconds
196.490: Application time: 0.6485150 seconds
196.491: Total time for which application threads were stopped: 0.0001450 seconds, Stopping threads took: 0.0001160 seconds
196.491: Application time: 0.0001170 seconds
196.491: [GC196.491: [DefNew: 56142K->2533K(60096K), 0.0006010 secs] 136655K->83046K(193496K), 0.0006280 secs] [Times: user=0.00 sys=0.00, real=0.00 secs] 
196.491: Total time for which application threads were stopped: 0.0007270 seconds, Stopping threads took: 0.0000600 seconds
197.128: Application time: 0.6369360 seconds
197.128: [GC197.128: [DefNew: 55936K->2937K(60096K), 0.0006930 secs] 136449K->83451K(193496K), 0.0007210 secs] [Times: user=0.00 sys=0.00, real=0.00 secs] 
197.129: Total time for which application threads were stopped: 0.0008870 seconds, Stopping threads took: 0.0001070 seconds
197.812: Application time: 0.6832880 seconds
197.813: [GC197.813: [DefNew: 56319K->2668K(60096K), 0.0006360 secs] 136833K->83182K(193496K), 0.0006630 secs] [Times: user=0.00 sys=0.00, real=0.00 secs] 
197.813: Total time for which application threads were stopped: 0.0008270 seconds, Stopping threads took: 0.0001050 seconds
198.491: Application time: 0.6774120 seconds
198.491: Total time for which application threads were stopped: 0.0001220 seconds, Stopping threads took: 0.0000950 seconds
198.493: Application time: 0.0024620 seconds
198.493: [GC198.493: [DefNew: 56429K->3063K(60096K), 0.0006680 secs] 136943K->83577K(193496K), 0.0006950 secs] [Times: user=0.00 sys=0.00, real=0.01 secs] 
198.494: Total time for which application threads were stopped: 0.0008060 seconds, Stopping threads took: 0.0000720 seconds
199.160: Application time: 0.6660370 seconds
199.160: [GC199.160: [DefNew: 56408K->2470K(60096K), 0.0005620 secs] 136922K->82985K(193496K), 0.0005870 secs] [Times: user=0.00 sys=0.00, real=0.00 secs] 
199.161: Total time for which application threads were stopped: 0.0007470 seconds, Stopping threads took: 0.0001040 seconds
199.813: Application time: 0.6517450 seconds
199.813: Total time for which application threads were stopped: 0.0001210 seconds, Stopping threads took: 0.0000900 seconds
199.815: Application time: 0.0017410 seconds
199.815: [GC199.815: [DefNew: 56348K->3063K(60096K), 0.0006150 secs] 136863K->83578K(193496K), 0.0006460 secs] [Times: user=0.00 sys=0.00, real=0.00 secs] 
199.815: Total time for which application threads were stopped: 0.0007580 seconds, Stopping threads took: 0.0000710 seconds
200.467: Application time: 0.6516490 seconds
200.470: Total time for which application threads were stopped: 0.0028020 seconds, Stopping threads took: 0.0027730 seconds
200.471: Application time: 0.0012080 seconds
200.471: [GC200.471: [DefNew: 56603K->2461K(60096K), 0.0005550 secs] 137118K->82976K(193496K), 0.0005800 secs] [Times: user=0.00 sys=0.00, real=0.00 secs] 
200.472: Total time for which application threads were stopped: 0.0006740 seconds, Stopping threads took: 0.0000590 seconds
200.472: Application time: 0.0000500 seconds
200.472: [GC200.472: [DefNew: 2670K->2668K(60096K), 0.0006730 secs] 83185K->83183K(193496K), 0.0006840 secs] [Times: user=0.00 sys=0.00, real=0.00 secs] 
200.473: Total time for which application threads were stopped: 0.0008400 seconds, Stopping threads took: 0.0001180 seconds
201.140: Application time: 0.6671040 seconds
201.140: [GC201.140: [DefNew: 56076K->2604K(60096K), 0.0006660 secs] 136592K->83120K(193496K), 0.0006960 secs] [Times: user=0.00 sys=0.00, real=0.00 secs] 
201.140: Total time for which application threads were stopped: 0.0008670 seconds, Stopping threads took: 0.0001130 seconds
201.789: Application time: 0.6489790 seconds
201.790: [GC201.790: [DefNew: 55803K->2668K(60096K), 0.0006250 secs] 136319K->83184K(193496K), 0.0006570 secs] [Times: user=0.00 sys=0.00, real=0.00 secs] 
201.790: Total time for which application threads were stopped: 0.0008190 seconds, Stopping threads took: 0.0000950 seconds
202.437: Application time: 0.6468740 seconds
202.437: Total time for which application threads were stopped: 0.0000970 seconds, Stopping threads took: 0.0000720 seconds
202.442: Application time: 0.0043950 seconds
202.442: [GC202.442: [DefNew: 56144K->1454K(60096K), 0.0004400 secs] 136660K->81971K(193496K), 0.0004670 secs] [Times: user=0.00 sys=0.00, real=0.00 secs] 
202.442: Total time for which application threads were stopped: 0.0005790 seconds, Stopping threads took: 0.0000750 seconds
202.442: Application time: 0.0000640 seconds
202.442: [GC202.442: [DefNew: 1789K->1787K(60096K), 0.0004330 secs] 82306K->82304K(193496K), 0.0004430 secs] [Times: user=0.00 sys=0.00, real=0.00 secs] 
202.443: Total time for which application threads were stopped: 0.0005450 seconds, Stopping threads took: 0.0000760 seconds
203.095: Application time: 0.6516900 seconds
203.095: [GC203.095: [DefNew: 55192K->2469K(60096K), 0.0006550 secs] 135709K->82987K(193496K), 0.0006860 secs] [Times: user=0.00 sys=0.00, real=0.00 secs] 
203.095: Total time for which application threads were stopped: 0.0008550 seconds, Stopping threads took: 0.0001080 seconds
203.768: Application time: 0.6726940 seconds
203.768: Total time for which application threads were stopped: 0.0001210 seconds, Stopping threads took: 0.0000920 seconds
203.769: Application time: 0.0011680 seconds
203.769: [GC203.769: [DefNew: 56118K->2469K(60096K), 0.0005570 secs] 136635K->82987K(193496K), 0.0005860 secs] [Times: user=0.00 sys=0.00, real=0.00 secs] 
203.770: Total time for which application threads were stopped: 0.0006910 seconds, Stopping threads took: 0.0000660 seconds
204.415: Application time: 0.6450570 seconds
204.415: [GC204.415: [DefNew: 55831K->2667K(60096K), 0.0006130 secs] 136348K->83185K(193496K), 0.0006420 secs] [Times: user=0.00 sys=0.00, real=0.00 secs] 
204.416: Total time for which application threads were stopped: 0.0008140 seconds, Stopping threads took: 0.0001140 seconds
205.050: Application time: 0.6336540 seconds
205.050: [GC205.050: [DefNew: 56100K->3134K(60096K), 0.0007330 secs] 136617K->83653K(193496K), 0.0016550 secs] [Times: user=0.00 sys=0.00, real=0.00 secs] 
205.051: Total time for which application threads were stopped: 0.0018370 seconds, Stopping threads took: 0.0001150 seconds
205.735: Application time: 0.6836380 seconds
205.735: [GC205.735: [DefNew: 56515K->2667K(60096K), 0.0006950 secs] 137033K->83186K(193496K), 0.0007240 secs] [Times: user=0.00 sys=0.00, real=0.00 secs] 
205.736: Total time for which application threads were stopped: 0.0008950 seconds, Stopping threads took: 0.0001090 seconds
206.412: Application time: 0.6759180 seconds
206.412: [GC206.412: [DefNew: 56063K->3134K(60096K), 0.0007020 secs] 136581K->83653K(193496K), 0.0007340 secs] [Times: user=0.00 sys=0.00, real=0.00 secs] 
206.413: Total time for which application threads were stopped: 0.0009410 seconds, Stopping threads took: 0.0001380 seconds
207.076: Application time: 0.6630950 seconds
207.076: [GC207.076: [DefNew: 56347K->2667K(60096K), 0.0006070 secs] 136866K->83186K(193496K), 0.0006340 secs] [Times: user=0.00 sys=0.00, real=0.00 secs] 
207.077: Total time for which application threads were stopped: 0.0008050 seconds, Stopping threads took: 0.0001140 seconds
207.725: Application time: 0.6487260 seconds
207.726: Total time for which application threads were stopped: 0.0001120 seconds, Stopping threads took: 0.0000830 seconds
207.726: Application time: 0.0001880 seconds
207.726: [GC207.726: [DefNew: 56209K->2469K(60096K), 0.0005810 secs] 136728K->82989K(193496K), 0.0006080 secs] [Times: user=0.00 sys=0.00, real=0.00 secs] 
207.726: Total time for which application threads were stopped: 0.0007120 seconds, Stopping threads took: 0.0000670 seconds
208.380: Application time: 0.6531020 seconds
208.380: [GC208.380: [DefNew: 55806K->2937K(60096K), 0.0006490 secs] 136326K->83456K(193496K), 0.0006760 secs] [Times: user=0.00 sys=0.00, real=0.00 secs] 
208.380: Total time for which application threads were stopped: 0.0008570 seconds, Stopping threads took: 0.0001150 seconds
209.041: Application time: 0.6606210 seconds
209.041: [GC209.041: [DefNew: 56269K->2937K(60096K), 0.0007190 secs] 136789K->83457K(193496K), 0.0007490 secs] [Times: user=0.00 sys=0.00, real=0.01 secs] 
209.042: Total time for which application threads were stopped: 0.0009390 seconds, Stopping threads took: 0.0001300 seconds
209.694: Application time: 0.6522660 seconds
209.694: [GC209.694: [DefNew: 56139K->3062K(60096K), 0.0006800 secs] 136659K->83583K(193496K), 0.0007090 secs] [Times: user=0.00 sys=0.00, real=0.00 secs] 
209.695: Total time for which application threads were stopped: 0.0009120 seconds, Stopping threads took: 0.0001210 seconds
210.350: Application time: 0.6544080 seconds
210.350: [GC210.350: [DefNew: 56467K->2937K(60096K), 0.0006320 secs] 136987K->83457K(193496K), 0.0006680 secs] [Times: user=0.00 sys=0.00, real=0.00 secs] 
210.351: Total time for which application threads were stopped: 0.0009590 seconds, Stopping threads took: 0.0002350 seconds
211.008: Application time: 0.6575580 seconds
211.008: [GC211.008: [DefNew: 56150K->2469K(60096K), 0.0005860 secs] 136670K->82990K(193496K), 0.0006120 secs] [Times: user=0.00 sys=0.00, real=0.00 secs] 
211.009: Total time for which application threads were stopped: 0.0008390 seconds, Stopping threads took: 0.0001500 seconds
211.663: Application time: 0.6536240 seconds
211.663: [GC211.663: [DefNew: 55862K->2937K(60096K), 0.0006920 secs] 136383K->83458K(193496K), 0.0007210 secs] [Times: user=0.00 sys=0.00, real=0.00 secs] 
211.664: Total time for which application threads were stopped: 0.0009200 seconds, Stopping threads took: 0.0001430 seconds
212.318: Application time: 0.6545520 seconds
212.318: [GC212.318: [DefNew: 56277K->2470K(60096K), 0.0006510 secs] 136797K->82991K(193496K), 0.0006800 secs] [Times: user=0.00 sys=0.00, real=0.00 secs] 
212.319: Total time for which application threads were stopped: 0.0009060 seconds, Stopping threads took: 0.0001640 seconds
212.972: Application time: 0.6528730 seconds
212.972: [GC212.972: [DefNew: 55666K->3063K(60096K), 0.0007060 secs] 136186K->83584K(193496K), 0.0007350 secs] [Times: user=0.00 sys=0.00, real=0.00 secs] 
212.973: Total time for which application threads were stopped: 0.0009060 seconds, Stopping threads took: 0.0000870 seconds
213.630: Application time: 0.6570990 seconds
213.630: Total time for which application threads were stopped: 0.0001630 seconds, Stopping threads took: 0.0001150 seconds
213.630: Application time: 0.0001500 seconds
213.630: [GC213.630: [DefNew: 56714K->2335K(60096K), 0.0005970 secs] 137235K->82857K(193496K), 0.0006220 secs] [Times: user=0.00 sys=0.00, real=0.00 secs] 
213.631: Total time for which application threads were stopped: 0.0007170 seconds, Stopping threads took: 0.0000570 seconds
213.631: Application time: 0.0000350 seconds
213.631: [GC213.631: [DefNew: 2470K->2470K(60096K), 0.0006350 secs] 82992K->82992K(193496K), 0.0006470 secs] [Times: user=0.01 sys=0.00, real=0.00 secs] 
213.632: Total time for which application threads were stopped: 0.0007360 seconds, Stopping threads took: 0.0000600 seconds
214.324: Application time: 0.6927870 seconds
214.325: [GC214.325: [DefNew: 55902K->2668K(60096K), 0.0006480 secs] 136424K->83191K(193496K), 0.0006750 secs] [Times: user=0.00 sys=0.00, real=0.00 secs] 
214.325: Total time for which application threads were stopped: 0.0008340 seconds, Stopping threads took: 0.0000970 seconds
214.992: Application time: 0.6664220 seconds
214.992: [GC214.992: [DefNew: 56012K->2272K(60096K), 0.0005650 secs] 136534K->82795K(193496K), 0.0005930 secs] [Times: user=0.01 sys=0.00, real=0.00 secs] 
214.992: Total time for which application threads were stopped: 0.0007550 seconds, Stopping threads took: 0.0001070 seconds
215.635: Application time: 0.6421490 seconds
215.635: Total time for which application threads were stopped: 0.0001600 seconds, Stopping threads took: 0.0001340 seconds
215.635: Application time: 0.0000880 seconds
215.635: [GC215.635: [DefNew: 55746K->2865K(60096K), 0.0007220 secs] 136269K->83388K(193496K), 0.0007550 secs] [Times: user=0.00 sys=0.00, real=0.00 secs] 
215.636: Total time for which application threads were stopped: 0.0008920 seconds, Stopping threads took: 0.0000970 seconds
216.307: Application time: 0.6709180 seconds
216.307: Total time for which application threads were stopped: 0.0001060 seconds, Stopping threads took: 0.0000830 seconds
216.308: Application time: 0.0015790 seconds
216.308: [GC216.308: [DefNew: 56404K->2461K(60096K), 0.0006080 secs] 136927K->82984K(193496K), 0.0006360 secs] [Times: user=0.00 sys=0.00, real=0.00 secs] 
216.309: Total time for which application threads were stopped: 0.0007320 seconds, Stopping threads took: 0.0000570 seconds
216.958: Application time: 0.6492410 seconds
216.958: [GC216.959: [DefNew: 55813K->1948K(60096K), 0.0005330 secs] 136336K->82472K(193496K), 0.0005580 secs] [Times: user=0.00 sys=0.00, real=0.00 secs] 
216.959: Total time for which application threads were stopped: 0.0007040 seconds, Stopping threads took: 0.0000910 seconds
217.590: Application time: 0.6304870 seconds
217.590: [GC217.590: [DefNew: 55267K->3135K(60096K), 0.0007160 secs] 135790K->83658K(193496K), 0.0007460 secs] [Times: user=0.00 sys=0.00, real=0.00 secs] 
217.590: Total time for which application threads were stopped: 0.0009150 seconds, Stopping threads took: 0.0001100 seconds
218.268: Application time: 0.6777630 seconds
218.268: [GC218.268: [DefNew: 56552K->2469K(60096K), 0.0005480 secs] 137076K->82993K(193496K), 0.0005780 secs] [Times: user=0.00 sys=0.00, real=0.00 secs] 
218.269: Total time for which application threads were stopped: 0.0007290 seconds, Stopping threads took: 0.0000970 seconds
218.913: Application time: 0.6439060 seconds
218.913: [GC218.913: [DefNew: 55861K->2937K(60096K), 0.0007660 secs] 136386K->83461K(193496K), 0.0007990 secs] [Times: user=0.00 sys=0.00, real=0.01 secs] 
218.914: Total time for which application threads were stopped: 0.0010380 seconds, Stopping threads took: 0.0001740 seconds
219.568: Application time: 0.6544490 seconds
219.569: Total time for which application threads were stopped: 0.0001390 seconds, Stopping threads took: 0.0001050 seconds
219.570: Application time: 0.0012880 seconds
219.570: [GC219.570: [DefNew: 56523K->1858K(60096K), 0.0005020 secs] 137047K->82383K(193496K), 0.0005260 secs] [Times: user=0.00 sys=0.00, real=0.00 secs] 
219.570: Total time for which application threads were stopped: 0.0006200 seconds, Stopping threads took: 0.0000540 seconds
220.224: Application time: 0.6540400 seconds
220.225: [GC220.225: [DefNew: 55222K->2668K(60096K), 0.0006650 secs] 135747K->83192K(193496K), 0.0006970 secs] [Times: user=0.00 sys=0.00, real=0.00 secs] 
220.225: Total time for which application threads were stopped: 0.0008830 seconds, Stopping threads took: 0.0001230 seconds
220.891: Application time: 0.6659830 seconds
220.891: [GC220.892: [DefNew: 55958K->2470K(60096K), 0.0006260 secs] 136482K->82995K(193496K), 0.0006570 secs] [Times: user=0.00 sys=0.00, real=0.00 secs] 
220.892: Total time for which application threads were stopped: 0.0008360 seconds, Stopping threads took: 0.0001190 seconds
221.546: Application time: 0.6537940 seconds
221.546: Total time for which application threads were stopped: 0.0001310 seconds, Stopping threads took: 0.0001050 seconds
221.546: Application time: 0.0000560 seconds
221.546: [GC221.546: [DefNew: 55993K->2470K(60096K), 0.0005860 secs] 136518K->82995K(193496K), 0.0006120 secs] [Times: user=0.00 sys=0.00, real=0.00 secs] 
221.547: Total time for which application threads were stopped: 0.0007200 seconds, Stopping threads took: 0.0000710 seconds
222.209: Application time: 0.6617750 seconds
222.209: [GC222.209: [DefNew: 55785K->2937K(60096K), 0.0007220 secs] 136310K->83463K(193496K), 0.0007520 secs] [Times: user=0.00 sys=0.00, real=0.00 secs] 
222.210: Total time for which application threads were stopped: 0.0009540 seconds, Stopping threads took: 0.0001400 seconds
222.891: Application time: 0.6810310 seconds
222.891: [GC222.891: [DefNew: 56233K->2470K(60096K), 0.0006250 secs] 136759K->82996K(193496K), 0.0006620 secs] [Times: user=0.00 sys=0.00, real=0.00 secs] 
222.891: Total time for which application threads were stopped: 0.0008070 seconds, Stopping threads took: 0.0000920 seconds
223.546: Application time: 0.6541400 seconds
223.546: [GC223.546: [DefNew: 55866K->2937K(60096K), 0.0007230 secs] 136393K->83464K(193496K), 0.0007550 secs] [Times: user=0.00 sys=0.00, real=0.00 secs] 
223.547: Total time for which application threads were stopped: 0.0009260 seconds, Stopping threads took: 0.0001110 seconds
224.202: Application time: 0.6551990 seconds
224.202: Total time for which application threads were stopped: 0.0001240 seconds, Stopping threads took: 0.0000850 seconds
224.203: Application time: 0.0007830 seconds
224.203: [GC224.203: [DefNew: 56553K->2461K(60096K), 0.0005710 secs] 137079K->82987K(193496K), 0.0005990 secs] [Times: user=0.01 sys=0.00, real=0.00 secs] 
224.203: Total time for which application threads were stopped: 0.0007070 seconds, Stopping threads took: 0.0000690 seconds
224.855: Application time: 0.6520420 seconds
224.856: [GC224.856: [DefNew: 55795K->2470K(60096K), 0.0006230 secs] 136321K->82997K(193496K), 0.0006500 secs] [Times: user=0.00 sys=0.00, real=0.00 secs] 
224.856: Total time for which application threads were stopped: 0.0008330 seconds, Stopping threads took: 0.0001240 seconds
225.509: Application time: 0.6525050 seconds
225.509: Total time for which application threads were stopped: 0.0001220 seconds, Stopping threads took: 0.0000920 seconds
225.509: Application time: 0.0001870 seconds
225.509: [GC225.509: [DefNew: 55944K->3063K(60096K), 0.0006540 secs] 136471K->83590K(193496K), 0.0006820 secs] [Times: user=0.00 sys=0.00, real=0.00 secs] 
225.510: Total time for which application threads were stopped: 0.0007990 seconds, Stopping threads took: 0.0000740 seconds
226.160: Application time: 0.6497300 seconds
226.160: [GC226.160: [DefNew: 56466K->2937K(60096K), 0.0006990 secs] 136993K->83465K(193496K), 0.0007290 secs] [Times: user=0.01 sys=0.00, real=0.00 secs] 
226.161: Total time for which application threads were stopped: 0.0010010 seconds, Stopping threads took: 0.0002120 seconds
226.833: Application time: 0.6725150 seconds
226.833: Total time for which application threads were stopped: 0.0001520 seconds, Stopping threads took: 0.0001210 seconds
226.834: Application time: 0.0009350 seconds
226.834: [GC226.834: [DefNew: 56522K->2066K(60096K), 0.0005520 secs] 137049K->82593K(193496K), 0.0005800 secs] [Times: user=0.00 sys=0.00, real=0.00 secs] 
226.835: Total time for which application threads were stopped: 0.0006910 seconds, Stopping threads took: 0.0000750 seconds
227.464: Application time: 0.6295070 seconds
227.465: [GC227.465: [DefNew: 55428K->2668K(60096K), 0.0006210 secs] 135955K->83196K(193496K), 0.0006480 secs] [Times: user=0.00 sys=0.00, real=0.00 secs] 
227.465: Total time for which application threads were stopped: 0.0008470 seconds, Stopping threads took: 0.0001200 seconds
228.125: Application time: 0.6597670 seconds
228.125: [GC228.125: [DefNew: 56067K->2866K(60096K), 0.0006650 secs] 136595K->83394K(193496K), 0.0006960 secs] [Times: user=0.00 sys=0.00, real=0.00 secs] 
228.126: Total time for which application threads were stopped: 0.0009760 seconds, Stopping threads took: 0.0002240 seconds
228.795: Application time: 0.6691300 seconds
228.795: [GC228.795: [DefNew: 56275K->2470K(60096K), 0.0005940 secs] 136803K->82999K(193496K), 0.0006260 secs] [Times: user=0.00 sys=0.00, real=0.00 secs] 
228.796: Total time for which application threads were stopped: 0.0007930 seconds, Stopping threads took: 0.0001060 seconds
229.450: Application time: 0.6543480 seconds
229.450: [GC229.451: [DefNew: 55720K->2470K(60096K), 0.0006430 secs] 136249K->82999K(193496K), 0.0006730 secs] [Times: user=0.00 sys=0.00, real=0.00 secs] 
229.451: Total time for which application threads were stopped: 0.0009490 seconds, Stopping threads took: 0.0002160 seconds
230.111: Application time: 0.6595790 seconds
230.111: Total time for which application threads were stopped: 0.0001220 seconds, Stopping threads took: 0.0000940 seconds
230.111: Application time: 0.0000810 seconds
230.111: [GC230.111: [DefNew: 56026K->2865K(60096K), 0.0006570 secs] 136555K->83394K(193496K), 0.0006920 secs] [Times: user=0.00 sys=0.00, real=0.00 secs] 
230.112: Total time for which application threads were stopped: 0.0008320 seconds, Stopping threads took: 0.0000980 seconds
230.777: Application time: 0.6647180 seconds
230.777: [GC230.777: [DefNew: 56125K->2272K(60096K), 0.0006040 secs] 136654K->82802K(193496K), 0.0006310 secs] [Times: user=0.00 sys=0.00, real=0.00 secs] 
230.777: Total time for which application threads were stopped: 0.0007840 seconds, Stopping threads took: 0.0000930 seconds
231.442: Application time: 0.6643220 seconds
231.442: [GC231.442: [DefNew: 55623K->2668K(60096K), 0.0006620 secs] 136152K->83197K(193496K), 0.0006950 secs] [Times: user=0.00 sys=0.00, real=0.00 secs] 
231.443: Total time for which application threads were stopped: 0.0008590 seconds, Stopping threads took: 0.0001050 seconds
232.091: Application time: 0.6482270 seconds
232.091: [GC232.091: [DefNew: 56011K->2272K(60096K), 0.0005790 secs] 136541K->82803K(193496K), 0.0006100 secs] [Times: user=0.00 sys=0.00, real=0.00 secs] 
232.091: Total time for which application threads were stopped: 0.0007540 seconds, Stopping threads took: 0.0000850 seconds
232.739: Application time: 0.6476510 seconds
232.739: [GC232.739: [DefNew: 55672K->2802K(60096K), 0.0006660 secs] 136202K->83333K(193496K), 0.0006940 secs] [Times: user=0.00 sys=0.00, real=0.00 secs] 
232.740: Total time for which application threads were stopped: 0.0009500 seconds, Stopping threads took: 0.0001780 seconds
233.411: Application time: 0.6709140 seconds
233.411: Total time for which application threads were stopped: 0.0001410 seconds, Stopping threads took: 0.0001170 seconds
233.411: Application time: 0.0000800 seconds
233.411: [GC233.411: [DefNew: 56479K->2730K(60096K), 0.0006250 secs] 137009K->83261K(193496K), 0.0006540 secs] [Times: user=0.00 sys=0.00, real=0.00 secs] 
233.412: Total time for which application threads were stopped: 0.0008170 seconds, Stopping threads took: 0.0001150 seconds
234.068: Application time: 0.6560560 seconds
234.068: Total time for which application threads were stopped: 0.0001250 seconds, Stopping threads took: 0.0000950 seconds
234.069: Application time: 0.0012260 seconds
234.070: [GC234.070: [DefNew: 56550K->2470K(60096K), 0.0005480 secs] 137081K->83001K(193496K), 0.0005750 secs] [Times: user=0.00 sys=0.00, real=0.00 secs] 
234.070: Total time for which application threads were stopped: 0.0006630 seconds, Stopping threads took: 0.0000450 seconds
234.715: Application time: 0.6448870 seconds
234.715: [GC234.715: [DefNew: 55865K->2937K(60096K), 0.0006390 secs] 136396K->83469K(193496K), 0.0006670 secs] [Times: user=0.00 sys=0.00, real=0.00 secs] 
234.716: Total time for which application threads were stopped: 0.0008230 seconds, Stopping threads took: 0.0000990 seconds
235.361: Application time: 0.6449680 seconds
235.361: [GC235.361: [DefNew: 56112K->2668K(60096K), 0.0007450 secs] 136643K->83199K(193496K), 0.0007800 secs] [Times: user=0.00 sys=0.00, real=0.01 secs] 
235.362: Total time for which application threads were stopped: 0.0009360 seconds, Stopping threads took: 0.0000940 seconds
236.039: Application time: 0.6777120 seconds
236.040: [GC236.040: [DefNew: 56102K->2937K(60096K), 0.0007230 secs] 136634K->83469K(193496K), 0.0007520 secs] [Times: user=0.00 sys=0.00, real=0.00 secs] 
236.040: Total time for which application threads were stopped: 0.0009180 seconds, Stopping threads took: 0.0001070 seconds
236.694: Application time: 0.6535920 seconds
236.694: [GC236.694: [DefNew: 56166K->2272K(60096K), 0.0006720 secs] 136698K->82805K(193496K), 0.0016360 secs] [Times: user=0.00 sys=0.00, real=0.00 secs] 
236.696: Total time for which application threads were stopped: 0.0018630 seconds, Stopping threads took: 0.0001430 seconds
237.359: Application time: 0.6631000 seconds
237.359: [GC237.359: [DefNew: 55582K->2865K(60096K), 0.0006440 secs] 136114K->83398K(193496K), 0.0006740 secs] [Times: user=0.00 sys=0.00, real=0.00 secs] 
237.360: Total time for which application threads were stopped: 0.0009940 seconds, Stopping threads took: 0.0002500 seconds
238.038: Application time: 0.6776790 seconds
238.038: [GC238.038: [DefNew: 56262K->2407K(60096K), 0.0007050 secs] 136794K->82940K(193496K), 0.0007360 secs] [Times: user=0.00 sys=0.00, real=0.00 secs] 
238.039: Total time for which application threads were stopped: 0.0009710 seconds, Stopping threads took: 0.0001730 seconds
238.683: Application time: 0.6446920 seconds
238.683: [GC238.683: [DefNew: 55828K->2668K(60096K), 0.0006750 secs] 136360K->83201K(193496K), 0.0007060 secs] [Times: user=0.00 sys=0.00, real=0.00 secs] 
238.684: Total time for which application threads were stopped: 0.0008950 seconds, Stopping threads took: 0.0001290 seconds
239.372: Application time: 0.6879520 seconds
239.372: [GC239.372: [DefNew: 56013K->2272K(60096K), 0.0006240 secs] 136546K->82806K(193496K), 0.0006540 secs] [Times: user=0.00 sys=0.00, real=0.00 secs] 
239.373: Total time for which application threads were stopped: 0.0009110 seconds, Stopping threads took: 0.0001960 seconds
240.008: Application time: 0.6347050 seconds
240.008: [GC240.008: [DefNew: 55611K->2740K(60096K), 0.0006480 secs] 136145K->83273K(193496K), 0.0006770 secs] [Times: user=0.00 sys=0.00, real=0.00 secs] 
240.009: Total time for which application threads were stopped: 0.0008350 seconds, Stopping threads took: 0.0001010 seconds
240.654: Application time: 0.6458560 seconds
240.655: [GC240.655: [DefNew: 56134K->2803K(60096K), 0.0006640 secs] 136667K->83337K(193496K), 0.0006920 secs] [Times: user=0.00 sys=0.00, real=0.00 secs] 
240.655: Total time for which application threads were stopped: 0.0008420 seconds, Stopping threads took: 0.0000920 seconds
241.348: Application time: 0.6930770 seconds
241.348: Total time for which application threads were stopped: 0.0001320 seconds, Stopping threads took: 0.0000980 seconds
241.349: Application time: 0.0000900 seconds
241.349: [GC241.349: [DefNew: 56423K->2137K(60096K), 0.0005370 secs] 136957K->82672K(193496K), 0.0005640 secs] [Times: user=0.00 sys=0.00, real=0.00 secs] 
241.349: Total time for which application threads were stopped: 0.0006980 seconds, Stopping threads took: 0.0000950 seconds
241.989: Application time: 0.6392620 seconds
241.989: Total time for which application threads were stopped: 0.0001250 seconds, Stopping threads took: 0.0000920 seconds
241.989: Application time: 0.0004900 seconds
241.989: [GC241.989: [DefNew: 55606K->2272K(60096K), 0.0005760 secs] 136140K->82807K(193496K), 0.0006070 secs] [Times: user=0.00 sys=0.00, real=0.00 secs] 
241.990: Total time for which application threads were stopped: 0.0006870 seconds, Stopping threads took: 0.0000440 seconds
242.624: Application time: 0.6345140 seconds
242.624: Total time for which application threads were stopped: 0.0001060 seconds, Stopping threads took: 0.0000800 seconds
242.625: Application time: 0.0000680 seconds
242.625: [GC242.625: [DefNew: 55835K->2596K(60096K), 0.0005870 secs] 136369K->83131K(193496K), 0.0006130 secs] [Times: user=0.00 sys=0.00, real=0.00 secs] 
242.625: Total time for which application threads were stopped: 0.0006990 seconds, Stopping threads took: 0.0000480 seconds
243.274: Application time: 0.6491460 seconds
243.275: [GC243.275: [DefNew: 56030K->2865K(60096K), 0.0007650 secs] 136565K->83401K(193496K), 0.0007980 secs] [Times: user=0.00 sys=0.00, real=0.00 secs] 
243.275: Total time for which application threads were stopped: 0.0009810 seconds, Stopping threads took: 0.0001220 seconds
243.958: Application time: 0.6828090 seconds
243.958: [GC243.958: [DefNew: 56079K->2273K(60096K), 0.0005610 secs] 136614K->82808K(193496K), 0.0005870 secs] [Times: user=0.00 sys=0.00, real=0.00 secs] 
243.959: Total time for which application threads were stopped: 0.0007370 seconds, Stopping threads took: 0.0000960 seconds
244.607: Application time: 0.6477400 seconds
244.607: Total time for which application threads were stopped: 0.0001150 seconds, Stopping threads took: 0.0000840 seconds
244.608: Application time: 0.0008980 seconds
244.608: [GC244.608: [DefNew: 56287K->2470K(60096K), 0.0006760 secs] 136822K->83006K(193496K), 0.0007130 secs] [Times: user=0.00 sys=0.00, real=0.00 secs] 
244.608: Total time for which application threads were stopped: 0.0008110 seconds, Stopping threads took: 0.0000580 seconds
245.252: Application time: 0.6437700 seconds
245.252: [GC245.252: [DefNew: 55830K->2866K(60096K), 0.0006980 secs] 136366K->83402K(193496K), 0.0007280 secs] [Times: user=0.00 sys=0.00, real=0.00 secs] 
245.253: Total time for which application threads were stopped: 0.0008950 seconds, Stopping threads took: 0.0001070 seconds
245.944: Application time: 0.6903880 seconds
245.944: [GC245.944: [DefNew: 56108K->2470K(60096K), 0.0005950 secs] 136644K->83006K(193496K), 0.0006250 secs] [Times: user=0.00 sys=0.00, real=0.00 secs] 
245.944: Total time for which application threads were stopped: 0.0007800 seconds, Stopping threads took: 0.0000990 seconds
246.586: Application time: 0.6418360 seconds
246.586: [GC246.586: [DefNew: 55866K->2937K(60096K), 0.0006800 secs] 136402K->83474K(193496K), 0.0007060 secs] [Times: user=0.00 sys=0.00, real=0.00 secs] 
246.587: Total time for which application threads were stopped: 0.0010180 seconds, Stopping threads took: 0.0002560 seconds
247.268: Application time: 0.6803810 seconds
247.268: [GC247.268: [DefNew: 56346K->2668K(60096K), 0.0007080 secs] 136883K->83205K(193496K), 0.0015660 secs] [Times: user=0.00 sys=0.00, real=0.00 secs] 
247.269: Total time for which application threads were stopped: 0.0018260 seconds, Stopping threads took: 0.0001980 seconds
247.911: Application time: 0.6413220 seconds
247.911: [GC247.911: [DefNew: 55999K->2668K(60096K), 0.0006350 secs] 136536K->83205K(193496K), 0.0006630 secs] [Times: user=0.01 sys=0.00, real=0.00 secs] 
247.912: Total time for which application threads were stopped: 0.0009120 seconds, Stopping threads took: 0.0001920 seconds
248.560: Application time: 0.6488570 seconds
248.561: [GC248.561: [DefNew: 55949K->2272K(60096K), 0.0006070 secs] 136486K->82810K(193496K), 0.0006370 secs] [Times: user=0.00 sys=0.00, real=0.00 secs] 
248.561: Total time for which application threads were stopped: 0.0008260 seconds, Stopping threads took: 0.0001290 seconds
249.231: Application time: 0.6699400 seconds
249.231: [GC249.232: [DefNew: 55660K->2731K(60096K), 0.0007040 secs] 136198K->83269K(193496K), 0.0007340 secs] [Times: user=0.00 sys=0.00, real=0.00 secs] 
249.232: Total time for which application threads were stopped: 0.0009820 seconds, Stopping threads took: 0.0001860 seconds
249.892: Application time: 0.6594580 seconds
249.892: [GC249.892: [DefNew: 56037K->2272K(60096K), 0.0005360 secs] 136575K->82810K(193496K), 0.0005610 secs] [Times: user=0.00 sys=0.00, real=0.00 secs] 
249.893: Total time for which application threads were stopped: 0.0007960 seconds, Stopping threads took: 0.0001820 seconds
250.535: Application time: 0.6428710 seconds
250.536: Total time for which application threads were stopped: 0.0001290 seconds, Stopping threads took: 0.0001010 seconds
250.537: Application time: 0.0012730 seconds
250.537: [GC250.537: [DefNew: 55916K->3063K(60096K), 0.0006820 secs] 136455K->83602K(193496K), 0.0007100 secs] [Times: user=0.00 sys=0.00, real=0.00 secs] 
250.538: Total time for which application threads were stopped: 0.0008220 seconds, Stopping threads took: 0.0000720 seconds
251.185: Application time: 0.6471830 seconds
251.185: [GC251.185: [DefNew: 56442K->2605K(60096K), 0.0006410 secs] 136981K->83144K(193496K), 0.0006710 secs] [Times: user=0.00 sys=0.00, real=0.00 secs] 
251.186: Total time for which application threads were stopped: 0.0008820 seconds, Stopping threads took: 0.0001490 seconds
251.869: Application time: 0.6830910 seconds
251.869: [GC251.869: [DefNew: 55844K->2470K(60096K), 0.0005730 secs] 136383K->83009K(193496K), 0.0005990 secs] [Times: user=0.00 sys=0.00, real=0.00 secs] 
251.870: Total time for which application threads were stopped: 0.0009090 seconds, Stopping threads took: 0.0002350 seconds
252.510: Application time: 0.6401450 seconds
252.510: [GC252.510: [DefNew: 55761K->2272K(60096K), 0.0005690 secs] 136300K->82812K(193496K), 0.0006060 secs] [Times: user=0.00 sys=0.00, real=0.00 secs] 
252.511: Total time for which application threads were stopped: 0.0007650 seconds, Stopping threads took: 0.0001030 seconds
253.160: Application time: 0.6499030 seconds
253.161: [GC253.161: [DefNew: 55655K->2937K(60096K), 0.0005970 secs] 136194K->83477K(193496K), 0.0006230 secs] [Times: user=0.00 sys=0.00, real=0.00 secs] 
253.161: Total time for which application threads were stopped: 0.0008190 seconds, Stopping threads took: 0.0001190 seconds
253.840: Application time: 0.6788680 seconds
253.840: [GC253.840: [DefNew: 56312K->2740K(60096K), 0.0005870 secs] 136852K->83280K(193496K), 0.0006140 secs] [Times: user=0.00 sys=0.00, real=0.00 secs] 
253.841: Total time for which application threads were stopped: 0.0007730 seconds, Stopping threads took: 0.0001070 seconds
254.517: Application time: 0.6765140 seconds
254.518: [GC254.518: [DefNew: 56110K->2668K(60096K), 0.0006710 secs] 136650K->83208K(193496K), 0.0007040 secs] [Times: user=0.00 sys=0.00, real=0.00 secs] 
254.518: Total time for which application threads were stopped: 0.0008740 seconds, Stopping threads took: 0.0001010 seconds
255.156: Application time: 0.6380110 seconds
255.157: [GC255.157: [DefNew: 56062K->3333K(60096K), 0.0007540 secs] 136603K->83874K(193496K), 0.0007830 secs] [Times: user=0.00 sys=0.00, real=0.00 secs] 
255.157: Total time for which application threads were stopped: 0.0009510 seconds, Stopping threads took: 0.0001060 seconds
255.823: Application time: 0.6660450 seconds
255.824: [GC255.824: [DefNew: 56544K->2634K(60096K), 0.0007240 secs] 137084K->83406K(193496K), 0.0007560 secs] [Times: user=0.00 sys=0.00, real=0.00 secs] 
255.824: Total time for which application threads were stopped: 0.0009310 seconds, Stopping threads took: 0.0001160 seconds
256.472: Application time: 0.6480280 seconds
256.473: [GC256.473: [DefNew: 55980K->2269K(60096K), 0.0005270 secs] 136752K->83041K(193496K), 0.0005520 secs] [Times: user=0.00 sys=0.00, real=0.00 secs] 
256.473: Total time for which application threads were stopped: 0.0007850 seconds, Stopping threads took: 0.0001760 seconds
257.133: Application time: 0.6595490 seconds
257.133: [GC257.133: [DefNew: 55667K->2799K(60096K), 0.0006470 secs] 136439K->83572K(193496K), 0.0006740 secs] [Times: user=0.00 sys=0.00, real=0.00 secs] 
257.134: Total time for which application threads were stopped: 0.0008910 seconds, Stopping threads took: 0.0001580 seconds
257.813: Application time: 0.6794720 seconds
257.813: Total time for which application threads were stopped: 0.0001290 seconds, Stopping threads took: 0.0000950 seconds
257.815: Application time: 0.0017160 seconds
257.815: [GC257.815: [DefNew: 56619K->2269K(60096K), 0.0006090 secs] 137391K->83042K(193496K), 0.0006370 secs] [Times: user=0.01 sys=0.00, real=0.00 secs] 
257.816: Total time for which application threads were stopped: 0.0007800 seconds, Stopping threads took: 0.0001030 seconds
258.457: Application time: 0.6410260 seconds
258.457: Total time for which application threads were stopped: 0.0001390 seconds, Stopping threads took: 0.0000890 seconds
258.457: Application time: 0.0001160 seconds
258.457: [GC258.457: [DefNew: 55899K->2332K(60096K), 0.0006120 secs] 136672K->83105K(193496K), 0.0006410 secs] [Times: user=0.00 sys=0.00, real=0.00 secs] 
258.458: Total time for which application threads were stopped: 0.0007380 seconds, Stopping threads took: 0.0000590 seconds
259.104: Application time: 0.6459110 seconds
259.104: [GC259.104: [DefNew: 55719K->2468K(60096K), 0.0006510 secs] 136492K->83240K(193496K), 0.0006840 secs] [Times: user=0.00 sys=0.00, real=0.00 secs] 
259.104: Total time for which application threads were stopped: 0.0008340 seconds, Stopping threads took: 0.0000910 seconds
259.782: Application time: 0.6779900 seconds
259.783: [GC259.783: [DefNew: 55785K->2468K(60096K), 0.0006600 secs] 136558K->83240K(193496K), 0.0006890 secs] [Times: user=0.00 sys=0.00, real=0.00 secs] 
259.783: Total time for which application threads were stopped: 0.0008950 seconds, Stopping threads took: 0.0001370 seconds
260.430: Application time: 0.6462430 seconds
260.430: Total time for which application threads were stopped: 0.0001680 seconds, Stopping threads took: 0.0001370 seconds
260.430: Application time: 0.0004050 seconds
260.430: [GC260.430: [DefNew: 55964K->2270K(60096K), 0.0006070 secs] 136737K->83043K(193496K), 0.0006350 secs] [Times: user=0.00 sys=0.00, real=0.00 secs] 
260.431: Total time for which application threads were stopped: 0.0007520 seconds, Stopping threads took: 0.0000810 seconds
261.085: Application time: 0.6544400 seconds
261.085: [GC261.086: [DefNew: 55695K->3134K(60096K), 0.0006720 secs] 136468K->83906K(193496K), 0.0007010 secs] [Times: user=0.00 sys=0.00, real=0.00 secs] 
261.086: Total time for which application threads were stopped: 0.0008710 seconds, Stopping threads took: 0.0001110 seconds
261.756: Application time: 0.6697040 seconds
261.756: [GC261.756: [DefNew: 56306K->2864K(60096K), 0.0006820 secs] 137078K->83637K(193496K), 0.0007150 secs] [Times: user=0.00 sys=0.00, real=0.00 secs] 
261.757: Total time for which application threads were stopped: 0.0008720 seconds, Stopping threads took: 0.0000990 seconds
262.406: Application time: 0.6491160 seconds
262.406: [GC262.406: [DefNew: 56185K->2739K(60096K), 0.0006890 secs] 136957K->83511K(193496K), 0.0007180 secs] [Times: user=0.00 sys=0.00, real=0.00 secs] 
262.407: Total time for which application threads were stopped: 0.0008780 seconds, Stopping threads took: 0.0001010 seconds
263.082: Application time: 0.6753150 seconds
263.082: [GC263.082: [DefNew: 56024K->2865K(60096K), 0.0007260 secs] 136797K->83637K(193496K), 0.0015750 secs] [Times: user=0.00 sys=0.00, real=0.00 secs] 
263.084: Total time for which application threads were stopped: 0.0017620 seconds, Stopping threads took: 0.0001200 seconds
263.736: Application time: 0.6521490 seconds
263.736: [GC263.736: [DefNew: 56207K->2272K(60096K), 0.0005840 secs] 136979K->83045K(193496K), 0.0006120 secs] [Times: user=0.01 sys=0.00, real=0.00 secs] 
263.737: Total time for which application threads were stopped: 0.0007810 seconds, Stopping threads took: 0.0001110 seconds
264.381: Application time: 0.6441590 seconds
264.381: [GC264.381: [DefNew: 55672K->2802K(60096K), 0.0006230 secs] 136444K->83575K(193496K), 0.0006510 secs] [Times: user=0.00 sys=0.00, real=0.01 secs] 
264.382: Total time for which application threads were stopped: 0.0008290 seconds, Stopping threads took: 0.0001230 seconds
265.037: Application time: 0.6554730 seconds
265.038: [GC265.038: [DefNew: 56209K->2668K(60096K), 0.0005970 secs] 136982K->83441K(193496K), 0.0006260 secs] [Times: user=0.00 sys=0.00, real=0.00 secs] 
265.038: Total time for which application threads were stopped: 0.0008810 seconds, Stopping threads took: 0.0002000 seconds
265.710: Application time: 0.6719230 seconds
265.710: [GC265.710: [DefNew: 56016K->2542K(60096K), 0.0009810 secs] 136789K->83315K(193496K), 0.0010190 secs] [Times: user=0.00 sys=0.00, real=0.00 secs] 
265.711: Total time for which application threads were stopped: 0.0012610 seconds, Stopping threads took: 0.0001550 seconds
266.363: Application time: 0.6513220 seconds
266.363: Total time for which application threads were stopped: 0.0001260 seconds, Stopping threads took: 0.0000910 seconds
266.364: Application time: 0.0012000 seconds
266.364: [GC266.364: [DefNew: 56014K->2056K(60096K), 0.0004930 secs] 136786K->82830K(193496K), 0.0005180 secs] [Times: user=0.00 sys=0.00, real=0.00 secs] 
266.365: Total time for which application threads were stopped: 0.0006160 seconds, Stopping threads took: 0.0000610 seconds
267.006: Application time: 0.6417530 seconds
267.007: [GC267.007: [DefNew: 55496K->2272K(60096K), 0.0006300 secs] 136270K->83046K(193496K), 0.0006570 secs] [Times: user=0.00 sys=0.00, real=0.00 secs] 
267.007: Total time for which application threads were stopped: 0.0008690 seconds, Stopping threads took: 0.0001530 seconds
267.656: Application time: 0.6488980 seconds
267.656: [GC267.656: [DefNew: 55699K->3333K(60096K), 0.0008070 secs] 136472K->84107K(193496K), 0.0008510 secs] [Times: user=0.00 sys=0.00, real=0.00 secs] 
267.657: Total time for which application threads were stopped: 0.0011290 seconds, Stopping threads took: 0.0001980 seconds
268.357: Application time: 0.6998100 seconds
268.357: [GC268.357: [DefNew: 56766K->2466K(60096K), 0.0005510 secs] 137540K->83244K(193496K), 0.0005780 secs] [Times: user=0.00 sys=0.00, real=0.00 secs] 
268.358: Total time for which application threads were stopped: 0.0008320 seconds, Stopping threads took: 0.0001780 seconds
269.007: Application time: 0.6487780 seconds
269.007: [GC269.007: [DefNew: 55785K->2664K(60096K), 0.0006560 secs] 136563K->83442K(193496K), 0.0006840 secs] [Times: user=0.00 sys=0.00, real=0.00 secs] 
269.008: Total time for which application threads were stopped: 0.0009420 seconds, Stopping threads took: 0.0001760 seconds
269.662: Application time: 0.6542190 seconds
269.662: [GC269.662: [DefNew: 55973K->3132K(60096K), 0.0007130 secs] 136752K->83910K(193496K), 0.0007440 secs] [Times: user=0.00 sys=0.00, real=0.00 secs] 
269.663: Total time for which application threads were stopped: 0.0009980 seconds, Stopping threads took: 0.0001810 seconds
270.332: Application time: 0.6694540 seconds
270.332: [GC270.332: [DefNew: 56563K->2602K(60096K), 0.0006720 secs] 137341K->83380K(193496K), 0.0007010 secs] [Times: user=0.00 sys=0.00, real=0.00 secs] 
270.333: Total time for which application threads were stopped: 0.0008320 seconds, Stopping threads took: 0.0000730 seconds
270.993: Application time: 0.6594990 seconds
270.993: [GC270.993: [DefNew: 55803K->2665K(60096K), 0.0005760 secs] 136581K->83443K(193496K), 0.0006030 secs] [Times: user=0.00 sys=0.00, real=0.00 secs] 
270.993: Total time for which application threads were stopped: 0.0008350 seconds, Stopping threads took: 0.0001570 seconds
271.662: Application time: 0.6685920 seconds
271.662: [GC271.662: [DefNew: 55939K->2665K(60096K), 0.0007220 secs] 136718K->83443K(193496K), 0.0007540 secs] [Times: user=0.00 sys=0.00, real=0.00 secs] 
271.663: Total time for which application threads were stopped: 0.0009760 seconds, Stopping threads took: 0.0001630 seconds
272.313: Application time: 0.6498010 seconds
272.313: [GC272.313: [DefNew: 55997K->2666K(60096K), 0.0006550 secs] 136775K->83444K(193496K), 0.0006860 secs] [Times: user=0.00 sys=0.00, real=0.01 secs] 
272.314: Total time for which application threads were stopped: 0.0009440 seconds, Stopping threads took: 0.0001870 seconds
272.954: Application time: 0.6397500 seconds
272.954: Total time for which application threads were stopped: 0.0001400 seconds, Stopping threads took: 0.0001120 seconds
272.954: Application time: 0.0005970 seconds
272.954: [GC272.954: [DefNew: 56146K->2468K(60096K), 0.0005790 secs] 136925K->83246K(193496K), 0.0006090 secs] [Times: user=0.00 sys=0.00, real=0.00 secs] 
272.955: Total time for which application threads were stopped: 0.0007110 seconds, Stopping threads took: 0.0000650 seconds
273.617: Application time: 0.6623150 seconds
273.617: [GC273.617: [DefNew: 55792K->2864K(60096K), 0.0006280 secs] 136570K->83642K(193496K), 0.0006560 secs] [Times: user=0.00 sys=0.00, real=0.00 secs] 
273.618: Total time for which application threads were stopped: 0.0008050 seconds, Stopping threads took: 0.0000930 seconds
274.279: Application time: 0.6604900 seconds
274.279: [GC274.279: [DefNew: 56298K->3261K(60096K), 0.0006360 secs] 137076K->84039K(193496K), 0.0006640 secs] [Times: user=0.00 sys=0.00, real=0.00 secs] 
274.279: Total time for which application threads were stopped: 0.0008010 seconds, Stopping threads took: 0.0000810 seconds
274.932: Application time: 0.6528630 seconds
274.932: [GC274.932: [DefNew: 56638K->2667K(60096K), 0.0006870 secs] 137416K->83445K(193496K), 0.0007180 secs] [Times: user=0.00 sys=0.00, real=0.00 secs] 
274.933: Total time for which application threads were stopped: 0.0008570 seconds, Stopping threads took: 0.0000790 seconds
275.589: Application time: 0.6559480 seconds
275.589: [GC275.589: [DefNew: 56107K->2667K(60096K), 0.0006880 secs] 136885K->83445K(193496K), 0.0007270 secs] [Times: user=0.01 sys=0.00, real=0.00 secs] 
275.590: Total time for which application threads were stopped: 0.0008730 seconds, Stopping threads took: 0.0000850 seconds
276.271: Application time: 0.6814740 seconds
276.272: [GC276.272: [DefNew: 56039K->2470K(60096K), 0.0006150 secs] 136817K->83248K(193496K), 0.0006440 secs] [Times: user=0.01 sys=0.00, real=0.00 secs] 
276.272: Total time for which application threads were stopped: 0.0008700 seconds, Stopping threads took: 0.0001480 seconds
276.913: Application time: 0.6410610 seconds
276.914: [GC276.914: [DefNew: 55821K->2937K(60096K), 0.0006820 secs] 136599K->83716K(193496K), 0.0007110 secs] [Times: user=0.00 sys=0.00, real=0.01 secs] 
276.914: Total time for which application threads were stopped: 0.0009780 seconds, Stopping threads took: 0.0002040 seconds
277.575: Application time: 0.6602330 seconds
277.575: [GC277.575: [DefNew: 56258K->3135K(60096K), 0.0007770 secs] 137036K->83914K(193496K), 0.0008040 secs] [Times: user=0.01 sys=0.00, real=0.00 secs] 
277.576: Total time for which application threads were stopped: 0.0010800 seconds, Stopping threads took: 0.0001970 seconds
278.228: Application time: 0.6524870 seconds
278.228: [GC278.228: [DefNew: 56322K->2668K(60096K), 0.0005700 secs] 137101K->83447K(193496K), 0.0005960 secs] [Times: user=0.00 sys=0.00, real=0.00 secs] 
278.229: Total time for which application threads were stopped: 0.0008030 seconds, Stopping threads took: 0.0001520 seconds
278.916: Application time: 0.6866070 seconds
278.916: [GC278.916: [DefNew: 56034K->2075K(60096K), 0.0006750 secs] 136813K->82854K(193496K), 0.0015570 secs] [Times: user=0.00 sys=0.00, real=0.00 secs] 
278.917: Total time for which application threads were stopped: 0.0018220 seconds, Stopping threads took: 0.0001960 seconds
279.556: Application time: 0.6386220 seconds
279.556: [GC279.556: [DefNew: 55473K->2542K(60096K), 0.0006140 secs] 136252K->83322K(193496K), 0.0006410 secs] [Times: user=0.00 sys=0.00, real=0.00 secs] 
279.557: Total time for which application threads were stopped: 0.0009270 seconds, Stopping threads took: 0.0002100 seconds
280.218: Application time: 0.6608380 seconds
280.218: [GC280.218: [DefNew: 55942K->2865K(60096K), 0.0007350 secs] 136721K->83645K(193496K), 0.0007660 secs] [Times: user=0.00 sys=0.00, real=0.00 secs] 
280.219: Total time for which application threads were stopped: 0.0010450 seconds, Stopping threads took: 0.0001980 seconds
280.884: Application time: 0.6651700 seconds
280.884: [GC280.884: [DefNew: 56207K->2470K(60096K), 0.0006180 secs] 136987K->83250K(193496K), 0.0006490 secs] [Times: user=0.00 sys=0.00, real=0.00 secs] 
280.885: Total time for which application threads were stopped: 0.0008010 seconds, Stopping threads took: 0.0000910 seconds
281.532: Application time: 0.6473130 seconds
281.532: [GC281.532: [DefNew: 55825K->2272K(60096K), 0.0005670 secs] 136606K->83053K(193496K), 0.0005940 secs] [Times: user=0.00 sys=0.00, real=0.00 secs] 
281.533: Total time for which application threads were stopped: 0.0008560 seconds, Stopping threads took: 0.0001860 seconds
282.179: Application time: 0.6457190 seconds
282.179: [GC282.179: [DefNew: 55523K->2470K(60096K), 0.0005480 secs] 136303K->83251K(193496K), 0.0005740 secs] [Times: user=0.00 sys=0.00, real=0.00 secs] 
282.179: Total time for which application threads were stopped: 0.0007790 seconds, Stopping threads took: 0.0001260 seconds
282.837: Application time: 0.6574370 seconds
282.837: [GC282.837: [DefNew: 55901K->2865K(60096K), 0.0006660 secs] 136682K->83646K(193496K), 0.0006960 secs] [Times: user=0.00 sys=0.00, real=0.00 secs] 
282.838: Total time for which application threads were stopped: 0.0009790 seconds, Stopping threads took: 0.0002120 seconds
283.484: Application time: 0.6461630 seconds
283.484: [GC283.484: [DefNew: 56239K->2668K(60096K), 0.0006340 secs] 137020K->83449K(193496K), 0.0006610 secs] [Times: user=0.00 sys=0.00, real=0.00 secs] 
283.485: Total time for which application threads were stopped: 0.0009040 seconds, Stopping threads took: 0.0001580 seconds
284.156: Application time: 0.6710370 seconds
284.156: [GC284.156: [DefNew: 55999K->2470K(60096K), 0.0006300 secs] 136780K->83252K(193496K), 0.0006680 secs] [Times: user=0.00 sys=0.00, real=0.00 secs] 
284.157: Total time for which application threads were stopped: 0.0008860 seconds, Stopping threads took: 0.0001600 seconds
284.816: Application time: 0.6590950 seconds
284.816: [GC284.816: [DefNew: 55881K->2802K(60096K), 0.0007460 secs] 136663K->83584K(193496K), 0.0007770 secs] [Times: user=0.00 sys=0.00, real=0.00 secs] 
284.817: Total time for which application threads were stopped: 0.0009860 seconds, Stopping threads took: 0.0001490 seconds
285.472: Application time: 0.6555210 seconds
285.473: [GC285.473: [DefNew: 56237K->2669K(60096K), 0.0006000 secs] 137019K->83451K(193496K), 0.0006270 secs] [Times: user=0.00 sys=0.00, real=0.00 secs] 
285.473: Total time for which application threads were stopped: 0.0008180 seconds, Stopping threads took: 0.0001370 seconds
286.124: Application time: 0.6502020 seconds
286.124: [GC286.124: [DefNew: 55976K->3135K(60096K), 0.0007590 secs] 136758K->83917K(193496K), 0.0007910 secs] [Times: user=0.00 sys=0.00, real=0.00 secs] 
286.125: Total time for which application threads were stopped: 0.0010540 seconds, Stopping threads took: 0.0002030 seconds
286.794: Application time: 0.6689900 seconds
286.794: [GC286.794: [DefNew: 56532K->3198K(60096K), 0.0006730 secs] 137314K->83981K(193496K), 0.0007040 secs] [Times: user=0.00 sys=0.00, real=0.00 secs] 
286.795: Total time for which application threads were stopped: 0.0009300 seconds, Stopping threads took: 0.0001680 seconds
287.461: Application time: 0.6660350 seconds
287.461: [GC287.461: [DefNew: 56554K->2272K(60096K), 0.0006900 secs] 137337K->83055K(193496K), 0.0007220 secs] [Times: user=0.00 sys=0.00, real=0.00 secs] 
287.462: Total time for which application threads were stopped: 0.0010340 seconds, Stopping threads took: 0.0002290 seconds
288.107: Application time: 0.6453500 seconds
288.107: [GC288.107: [DefNew: 55669K->2937K(60096K), 0.0006640 secs] 136452K->83721K(193496K), 0.0006900 secs] [Times: user=0.00 sys=0.00, real=0.00 secs] 
288.108: Total time for which application threads were stopped: 0.0008880 seconds, Stopping threads took: 0.0001220 seconds
288.798: Application time: 0.6899340 seconds
288.798: [GC288.798: [DefNew: 56353K->2272K(60096K), 0.0005370 secs] 137136K->83056K(193496K), 0.0005660 secs] [Times: user=0.00 sys=0.00, real=0.00 secs] 
288.799: Total time for which application threads were stopped: 0.0007920 seconds, Stopping threads took: 0.0001640 seconds
289.444: Application time: 0.6457850 seconds
289.445: [GC289.445: [DefNew: 55665K->2740K(60096K), 0.0005860 secs] 136449K->83524K(193496K), 0.0015630 secs] [Times: user=0.01 sys=0.00, real=0.00 secs] 
289.446: Total time for which application threads were stopped: 0.0017670 seconds, Stopping threads took: 0.0001450 seconds
290.081: Application time: 0.6350570 seconds
290.081: [GC290.081: [DefNew: 56179K->2740K(60096K), 0.0006670 secs] 136964K->83524K(193496K), 0.0006950 secs] [Times: user=0.00 sys=0.00, real=0.01 secs] 
290.082: Total time for which application threads were stopped: 0.0009000 seconds, Stopping threads took: 0.0001280 seconds
290.729: Application time: 0.6469030 seconds
290.729: [GC290.729: [DefNew: 56101K->3135K(60096K), 0.0007050 secs] 136886K->83920K(193496K), 0.0007360 secs] [Times: user=0.00 sys=0.00, real=0.00 secs] 
290.730: Total time for which application threads were stopped: 0.0009240 seconds, Stopping threads took: 0.0001330 seconds
291.412: Application time: 0.6825300 seconds
291.413: [GC291.413: [DefNew: 56514K->2668K(60096K), 0.0007030 secs] 137299K->83453K(193496K), 0.0007330 secs] [Times: user=0.01 sys=0.00, real=0.00 secs] 
291.413: Total time for which application threads were stopped: 0.0010080 seconds, Stopping threads took: 0.0001980 seconds
292.062: Application time: 0.6484730 seconds
292.062: [GC292.062: [DefNew: 56041K->2470K(60096K), 0.0005380 secs] 136826K->83255K(193496K), 0.0005650 secs] [Times: user=0.00 sys=0.00, real=0.00 secs] 
292.063: Total time for which application threads were stopped: 0.0007700 seconds, Stopping threads took: 0.0001510 seconds
292.722: Application time: 0.6593450 seconds
292.722: [GC292.722: [DefNew: 55666K->2865K(60096K), 0.0006990 secs] 136451K->83651K(193496K), 0.0007290 secs] [Times: user=0.00 sys=0.00, real=0.00 secs] 
292.723: Total time for which application threads were stopped: 0.0009790 seconds, Stopping threads took: 0.0001890 seconds
293.397: Application time: 0.6740570 seconds
293.397: Total time for which application threads were stopped: 0.0001240 seconds, Stopping threads took: 0.0000910 seconds
293.399: Application time: 0.0013480 seconds
293.399: [GC293.399: [DefNew: 56476K->2658K(60096K), 0.0005990 secs] 137262K->83444K(193496K), 0.0006260 secs] [Times: user=0.00 sys=0.00, real=0.00 secs] 
293.399: Total time for which application threads were stopped: 0.0007490 seconds, Stopping threads took: 0.0000800 seconds
294.047: Application time: 0.6481460 seconds
294.048: Total time for which application threads were stopped: 0.0001310 seconds, Stopping threads took: 0.0000900 seconds
294.048: Application time: 0.0004940 seconds
294.048: [GC294.048: [DefNew: 56530K->2272K(60096K), 0.0006340 secs] 137316K->83059K(193496K), 0.0006640 secs] [Times: user=0.00 sys=0.00, real=0.00 secs] 
294.049: Total time for which application threads were stopped: 0.0007820 seconds, Stopping threads took: 0.0000730 seconds
294.703: Application time: 0.6539370 seconds
294.703: [GC294.703: [DefNew: 55682K->3333K(60096K), 0.0007070 secs] 136468K->84119K(193496K), 0.0007390 secs] [Times: user=0.00 sys=0.00, real=0.00 secs] 
294.704: Total time for which application threads were stopped: 0.0008890 seconds, Stopping threads took: 0.0000900 seconds
295.405: Application time: 0.7009340 seconds
295.405: Total time for which application threads were stopped: 0.0001190 seconds, Stopping threads took: 0.0000880 seconds
295.405: Application time: 0.0007000 seconds
295.406: [GC295.406: [DefNew: 56821K->1864K(60096K), 0.0005320 secs] 137607K->82655K(193496K), 0.0005600 secs] [Times: user=0.00 sys=0.00, real=0.00 secs] 
295.406: Total time for which application threads were stopped: 0.0006510 seconds, Stopping threads took: 0.0000540 seconds
296.041: Application time: 0.6353240 seconds
296.042: [GC296.042: [DefNew: 55192K->3131K(60096K), 0.0007040 secs] 135983K->83922K(193496K), 0.0007320 secs] [Times: user=0.00 sys=0.00, real=0.01 secs] 
296.042: Total time for which application threads were stopped: 0.0008820 seconds, Stopping threads took: 0.0000910 seconds
296.733: Application time: 0.6905150 seconds
296.733: Total time for which application threads were stopped: 0.0001240 seconds, Stopping threads took: 0.0001010 seconds
296.734: Application time: 0.0006980 seconds
296.734: [GC296.734: [DefNew: 56610K->2467K(60096K), 0.0005300 secs] 137401K->83257K(193496K), 0.0005570 secs] [Times: user=0.00 sys=0.00, real=0.00 secs] 
296.734: Total time for which application threads were stopped: 0.0006460 seconds, Stopping threads took: 0.0000520 seconds
297.382: Application time: 0.6481070 seconds
297.383: Total time for which application threads were stopped: 0.0001440 seconds, Stopping threads took: 0.0001090 seconds
297.383: Application time: 0.0003250 seconds
297.383: [GC297.383: [DefNew: 56240K->2071K(60096K), 0.0006000 secs] 137031K->82862K(193496K), 0.0006290 secs] [Times: user=0.00 sys=0.00, real=0.00 secs] 
297.384: Total time for which application threads were stopped: 0.0007020 seconds, Stopping threads took: 0.0000340 seconds
298.006: Application time: 0.6226500 seconds
298.006: Total time for which application threads were stopped: 0.0001310 seconds, Stopping threads took: 0.0001040 seconds
298.006: Application time: 0.0000680 seconds
298.007: [GC298.007: [DefNew: 55519K->2467K(60096K), 0.0006790 secs] 136310K->83258K(193496K), 0.0007070 secs] [Times: user=0.00 sys=0.00, real=0.00 secs] 
298.007: Total time for which application threads were stopped: 0.0008040 seconds, Stopping threads took: 0.0000570 seconds
298.668: Application time: 0.6608970 seconds
298.668: [GC298.668: [DefNew: 55701K->2665K(60096K), 0.0006240 secs] 136491K->83456K(193496K), 0.0006600 secs] [Times: user=0.00 sys=0.00, real=0.00 secs] 
298.669: Total time for which application threads were stopped: 0.0008750 seconds, Stopping threads took: 0.0001590 seconds
299.322: Application time: 0.6532040 seconds
299.322: [GC299.322: [DefNew: 56098K->2935K(60096K), 0.0007360 secs] 136889K->83726K(193496K), 0.0007670 secs] [Times: user=0.00 sys=0.00, real=0.00 secs] 
299.323: Total time for which application threads were stopped: 0.0008990 seconds, Stopping threads took: 0.0000700 seconds
299.982: Application time: 0.6589360 seconds
299.982: [GC299.982: [DefNew: 56106K->2666K(60096K), 0.0006580 secs] 136897K->83457K(193496K), 0.0006880 secs] [Times: user=0.00 sys=0.00, real=0.00 secs] 
299.983: Total time for which application threads were stopped: 0.0008430 seconds, Stopping threads took: 0.0000950 seconds
300.641: Application time: 0.6581450 seconds
300.641: [GC300.641: [DefNew: 56099K->2936K(60096K), 0.0006310 secs] 136890K->83727K(193496K), 0.0006580 secs] [Times: user=0.00 sys=0.00, real=0.01 secs] 
300.642: Total time for which application threads were stopped: 0.0008660 seconds, Stopping threads took: 0.0001300 seconds
301.314: Application time: 0.6719190 seconds
301.314: [GC301.314: [DefNew: 56368K->2650K(60096K), 0.0005870 secs] 137159K->83441K(193496K), 0.0006140 secs] [Times: user=0.00 sys=0.00, real=0.00 secs] 
301.315: Total time for which application threads were stopped: 0.0008840 seconds, Stopping threads took: 0.0001930 seconds
301.973: Application time: 0.6583130 seconds
301.973: [GC301.973: [DefNew: 56032K->2738K(60096K), 0.0007250 secs] 136823K->83529K(193496K), 0.0007560 secs] [Times: user=0.00 sys=0.00, real=0.01 secs] 
301.974: Total time for which application threads were stopped: 0.0010950 seconds, Stopping threads took: 0.0002590 seconds
302.599: Application time: 0.6246240 seconds
302.599: [GC302.599: [DefNew: 56074K->2739K(60096K), 0.0006840 secs] 136865K->83530K(193496K), 0.0007130 secs] [Times: user=0.00 sys=0.00, real=0.00 secs] 
302.600: Total time for which application threads were stopped: 0.0010210 seconds, Stopping threads took: 0.0002280 seconds
303.319: Application time: 0.7196430 seconds
303.320: [GC303.320: [DefNew: 56156K->2074K(60096K), 0.0005250 secs] 136947K->82865K(193496K), 0.0005510 secs] [Times: user=0.00 sys=0.00, real=0.00 secs] 
303.320: Total time for which application threads were stopped: 0.0007040 seconds, Stopping threads took: 0.0000980 seconds
303.973: Application time: 0.6524660 seconds
303.973: Total time for which application threads were stopped: 0.0001460 seconds, Stopping threads took: 0.0001110 seconds
303.974: Application time: 0.0014550 seconds
303.974: [GC303.974: [DefNew: 55607K->2263K(60096K), 0.0005610 secs] 136398K->83054K(193496K), 0.0005880 secs] [Times: user=0.00 sys=0.00, real=0.00 secs] 
303.975: Total time for which application threads were stopped: 0.0007360 seconds, Stopping threads took: 0.0000880 seconds
304.649: Application time: 0.6740030 seconds
304.649: Total time for which application threads were stopped: 0.0001830 seconds, Stopping threads took: 0.0001570 seconds
304.650: Application time: 0.0005150 seconds
304.650: [GC304.650: [DefNew: 55827K->2272K(60096K), 0.0006150 secs] 136618K->83063K(193496K), 0.0006440 secs] [Times: user=0.00 sys=0.00, real=0.00 secs] 
304.650: Total time for which application threads were stopped: 0.0007240 seconds, Stopping threads took: 0.0000420 seconds
305.281: Application time: 0.6307580 seconds
305.281: [GC305.281: [DefNew: 55709K->2866K(60096K), 0.0006270 secs] 136500K->83658K(193496K), 0.0015320 secs] [Times: user=0.00 sys=0.00, real=0.01 secs] 
305.283: Total time for which application threads were stopped: 0.0017120 seconds, Stopping threads took: 0.0001210 seconds
305.937: Application time: 0.6541780 seconds
305.937: [GC305.937: [DefNew: 56296K->3135K(60096K), 0.0006950 secs] 137088K->83927K(193496K), 0.0007330 secs] [Times: user=0.00 sys=0.00, real=0.00 secs] 
305.938: Total time for which application threads were stopped: 0.0009830 seconds, Stopping threads took: 0.0001790 seconds
306.604: Application time: 0.6660040 seconds
306.604: [GC306.604: [DefNew: 56528K->2272K(60096K), 0.0006100 secs] 137319K->83064K(193496K), 0.0006360 secs] [Times: user=0.01 sys=0.00, real=0.00 secs] 
306.605: Total time for which application threads were stopped: 0.0008080 seconds, Stopping threads took: 0.0001160 seconds
307.259: Application time: 0.6542870 seconds
307.259: [GC307.259: [DefNew: 55508K->2668K(60096K), 0.0005810 secs] 136300K->83460K(193496K), 0.0006070 secs] [Times: user=0.00 sys=0.00, real=0.00 secs] 
307.260: Total time for which application threads were stopped: 0.0008050 seconds, Stopping threads took: 0.0001210 seconds
307.908: Application time: 0.6481940 seconds
307.908: [GC307.908: [DefNew: 56101K->2937K(60096K), 0.0007880 secs] 136893K->83730K(193496K), 0.0008160 secs] [Times: user=0.00 sys=0.00, real=0.00 secs] 
307.909: Total time for which application threads were stopped: 0.0010230 seconds, Stopping threads took: 0.0001470 seconds
308.568: Application time: 0.6586770 seconds
308.568: [GC308.568: [DefNew: 56256K->3135K(60096K), 0.0007320 secs] 137049K->83928K(193496K), 0.0007610 secs] [Times: user=0.00 sys=0.00, real=0.00 secs] 
308.569: Total time for which application threads were stopped: 0.0009650 seconds, Stopping threads took: 0.0001240 seconds
309.271: Application time: 0.7021110 seconds
309.271: [GC309.271: [DefNew: 56568K->2066K(60096K), 0.0004720 secs] 137361K->82859K(193496K), 0.0004970 secs] [Times: user=0.00 sys=0.00, real=0.00 secs] 
309.272: Total time for which application threads were stopped: 0.0006700 seconds, Stopping threads took: 0.0001210 seconds
309.906: Application time: 0.6342970 seconds
309.906: Total time for which application threads were stopped: 0.0001400 seconds, Stopping threads took: 0.0001080 seconds
309.907: Application time: 0.0012950 seconds
309.907: [GC309.907: [DefNew: 55720K->2470K(60096K), 0.0006350 secs] 136514K->83264K(193496K), 0.0006630 secs] [Times: user=0.00 sys=0.00, real=0.00 secs] 
309.908: Total time for which application threads were stopped: 0.0007660 seconds, Stopping threads took: 0.0000620 seconds
310.550: Application time: 0.6416840 seconds
310.550: [GC310.550: [DefNew: 55820K->3063K(60096K), 0.0006670 secs] 136613K->83857K(193496K), 0.0006990 secs] [Times: user=0.00 sys=0.00, real=0.00 secs] 
310.551: Total time for which application threads were stopped: 0.0008500 seconds, Stopping threads took: 0.0000930 seconds
311.247: Application time: 0.6963080 seconds
311.247: [GC311.247: [DefNew: 56410K->2272K(60096K), 0.0006070 secs] 137204K->83067K(193496K), 0.0006340 secs] [Times: user=0.00 sys=0.00, real=0.00 secs] 
311.248: Total time for which application threads were stopped: 0.0007930 seconds, Stopping threads took: 0.0001040 seconds
311.900: Application time: 0.6525850 seconds
311.900: [GC311.900: [DefNew: 55610K->2937K(60096K), 0.0005730 secs] 136404K->83732K(193496K), 0.0006000 secs] [Times: user=0.00 sys=0.00, real=0.00 secs] 
311.901: Total time for which application threads were stopped: 0.0007550 seconds, Stopping threads took: 0.0000990 seconds
312.587: Application time: 0.6860440 seconds
312.587: [GC312.587: [DefNew: 56343K->2407K(60096K), 0.0006730 secs] 137138K->83202K(193496K), 0.0007040 secs] [Times: user=0.00 sys=0.00, real=0.00 secs] 
312.588: Total time for which application threads were stopped: 0.0008770 seconds, Stopping threads took: 0.0001090 seconds
313.232: Application time: 0.6444490 seconds
313.233: [GC313.233: [DefNew: 55778K->2937K(60096K), 0.0007030 secs] 136573K->83732K(193496K), 0.0007290 secs] [Times: user=0.00 sys=0.00, real=0.00 secs] 
313.233: Total time for which application threads were stopped: 0.0008740 seconds, Stopping threads took: 0.0000870 seconds
313.870: Application time: 0.6365940 seconds
313.870: [GC313.870: [DefNew: 56311K->2740K(60096K), 0.0006460 secs] 137106K->83535K(193496K), 0.0006750 secs] [Times: user=0.00 sys=0.00, real=0.00 secs] 
313.871: Total time for which application threads were stopped: 0.0008310 seconds, Stopping threads took: 0.0000910 seconds
314.523: Application time: 0.6524080 seconds
314.523: [GC314.523: [DefNew: 56173K->3333K(60096K), 0.0007620 secs] 136968K->84128K(193496K), 0.0007940 secs] [Times: user=0.00 sys=0.00, real=0.00 secs] 
314.524: Total time for which application threads were stopped: 0.0009450 seconds, Stopping threads took: 0.0000930 seconds
315.215: Application time: 0.6910700 seconds
315.215: [GC315.215: [DefNew: 56651K->1873K(60096K), 0.0005590 secs] 137446K->82673K(193496K), 0.0005840 secs] [Times: user=0.00 sys=0.00, real=0.00 secs] 
315.216: Total time for which application threads were stopped: 0.0007600 seconds, Stopping threads took: 0.0001190 seconds
315.852: Application time: 0.6365510 seconds
315.853: Total time for which application threads were stopped: 0.0001390 seconds, Stopping threads took: 0.0001150 seconds
315.854: Application time: 0.0009260 seconds
315.854: [GC315.854: [DefNew: 55388K->2259K(60096K), 0.0005210 secs] 136188K->83059K(193496K), 0.0005560 secs] [Times: user=0.00 sys=0.00, real=0.01 secs] 
315.854: Total time for which application threads were stopped: 0.0006420 seconds, Stopping threads took: 0.0000490 seconds
315.854: Application time: 0.0000290 seconds
315.854: [GC315.854: [DefNew: 2396K->2394K(60096K), 0.0005550 secs] 83196K->83194K(193496K), 0.0005660 secs] [Times: user=0.00 sys=0.00, real=0.00 secs] 
315.855: Total time for which application threads were stopped: 0.0006230 seconds, Stopping threads took: 0.0000300 seconds
316.508: Application time: 0.6529390 seconds
316.508: [GC316.508: [DefNew: 55748K->2862K(60096K), 0.0006830 secs] 136548K->83662K(193496K), 0.0007130 secs] [Times: user=0.00 sys=0.00, real=0.00 secs] 
316.509: Total time for which application threads were stopped: 0.0008620 seconds, Stopping threads took: 0.0000880 seconds
317.189: Application time: 0.6799520 seconds
317.189: [GC317.189: [DefNew: 56300K->2468K(60096K), 0.0006120 secs] 137100K->83268K(193496K), 0.0006400 secs] [Times: user=0.00 sys=0.00, real=0.00 secs] 
317.189: Total time for which application threads were stopped: 0.0008100 seconds, Stopping threads took: 0.0001170 seconds
317.832: Application time: 0.6422490 seconds
317.832: [GC317.832: [DefNew: 55841K->2467K(60096K), 0.0006240 secs] 136641K->83267K(193496K), 0.0006560 secs] [Times: user=0.00 sys=0.00, real=0.00 secs] 
317.833: Total time for which application threads were stopped: 0.0009080 seconds, Stopping threads took: 0.0001840 seconds
318.471: Application time: 0.6383920 seconds
318.471: [GC318.471: [DefNew: 55861K->3133K(60096K), 0.0007120 secs] 136661K->83933K(193496K), 0.0007390 secs] [Times: user=0.00 sys=0.00, real=0.00 secs] 
318.472: Total time for which application threads were stopped: 0.0009310 seconds, Stopping threads took: 0.0001340 seconds
319.135: Application time: 0.6629690 seconds
319.135: [GC319.135: [DefNew: 56543K->2863K(60096K), 0.0007680 secs] 137343K->83663K(193496K), 0.0008010 secs] [Times: user=0.00 sys=0.00, real=0.00 secs] 
319.136: Total time for which application threads were stopped: 0.0010370 seconds, Stopping threads took: 0.0001740 seconds
319.815: Application time: 0.6787350 seconds
319.815: [GC319.815: [DefNew: 56208K->2468K(60096K), 0.0006750 secs] 137008K->83268K(193496K), 0.0007060 secs] [Times: user=0.00 sys=0.00, real=0.00 secs] 
319.816: Total time for which application threads were stopped: 0.0008940 seconds, Stopping threads took: 0.0001290 seconds
320.485: Application time: 0.6695330 seconds
320.485: [GC320.485: [DefNew: 55890K->2936K(60096K), 0.0007120 secs] 136690K->83736K(193496K), 0.0007420 secs] [Times: user=0.00 sys=0.00, real=0.00 secs] 
320.486: Total time for which application threads were stopped: 0.0009190 seconds, Stopping threads took: 0.0001200 seconds
321.145: Application time: 0.6591060 seconds
321.145: [GC321.145: [DefNew: 56331K->2271K(60096K), 0.0006090 secs] 137131K->83071K(193496K), 0.0006410 secs] [Times: user=0.00 sys=0.00, real=0.00 secs] 
321.146: Total time for which application threads were stopped: 0.0009360 seconds, Stopping threads took: 0.0002080 seconds
321.803: Application time: 0.6572750 seconds
321.804: [GC321.804: [DefNew: 55704K->2864K(60096K), 0.0006570 secs] 136504K->83664K(193496K), 0.0006880 secs] [Times: user=0.01 sys=0.00, real=0.00 secs] 
321.804: Total time for which application threads were stopped: 0.0009010 seconds, Stopping threads took: 0.0001530 seconds
322.461: Application time: 0.6570310 seconds
322.461: [GC322.461: [DefNew: 56238K->2667K(60096K), 0.0006080 secs] 137038K->83467K(193496K), 0.0006370 secs] [Times: user=0.00 sys=0.00, real=0.01 secs] 
322.462: Total time for which application threads were stopped: 0.0008400 seconds, Stopping threads took: 0.0001460 seconds
323.119: Application time: 0.6565490 seconds
323.119: [GC323.119: [DefNew: 56100K->2866K(60096K), 0.0006230 secs] 136900K->83666K(193496K), 0.0006500 secs] [Times: user=0.00 sys=0.00, real=0.00 secs] 
323.119: Total time for which application threads were stopped: 0.0008130 seconds, Stopping threads took: 0.0001050 seconds
323.768: Application time: 0.6489980 seconds
323.769: [GC323.769: [DefNew: 56246K->2272K(60096K), 0.0005800 secs] 137046K->83072K(193496K), 0.0006060 secs] [Times: user=0.00 sys=0.00, real=0.00 secs] 
323.769: Total time for which application threads were stopped: 0.0007520 seconds, Stopping threads took: 0.0000900 seconds
324.429: Application time: 0.6593270 seconds
324.429: [GC324.429: [DefNew: 55590K->2667K(60096K), 0.0006940 secs] 136390K->83468K(193496K), 0.0007240 secs] [Times: user=0.00 sys=0.00, real=0.00 secs] 
324.429: Total time for which application threads were stopped: 0.0009330 seconds, Stopping threads took: 0.0001270 seconds
325.094: Application time: 0.6645840 seconds
325.094: Total time for which application threads were stopped: 0.0002290 seconds, Stopping threads took: 0.0001790 seconds
325.094: Application time: 0.0001280 seconds
325.095: [GC325.095: [DefNew: 56222K->2533K(60096K), 0.0006570 secs] 137023K->83333K(193496K), 0.0006860 secs] [Times: user=0.00 sys=0.00, real=0.00 secs] 
325.095: Total time for which application threads were stopped: 0.0008220 seconds, Stopping threads took: 0.0000930 seconds
325.735: Application time: 0.6397960 seconds
325.735: [GC325.735: [DefNew: 55963K->2605K(60096K), 0.0006450 secs] 136764K->83406K(193496K), 0.0006730 secs] [Times: user=0.00 sys=0.00, real=0.00 secs] 
325.736: Total time for which application threads were stopped: 0.0008380 seconds, Stopping threads took: 0.0001070 seconds
326.385: Application time: 0.6486660 seconds
326.385: [GC326.385: [DefNew: 56036K->3198K(60096K), 0.0007190 secs] 136837K->83999K(193496K), 0.0007510 secs] [Times: user=0.01 sys=0.00, real=0.00 secs] 
326.386: Total time for which application threads were stopped: 0.0010320 seconds, Stopping threads took: 0.0002160 seconds
327.076: Application time: 0.6904890 seconds
327.076: Total time for which application threads were stopped: 0.0001330 seconds, Stopping threads took: 0.0000970 seconds
327.077: Application time: 0.0007250 seconds
327.077: [GC327.077: [DefNew: 56741K->2066K(60096K), 0.0005450 secs] 137542K->82867K(193496K), 0.0005710 secs] [Times: user=0.00 sys=0.00, real=0.00 secs] 
327.078: Total time for which application threads were stopped: 0.0006800 seconds, Stopping threads took: 0.0000680 seconds
327.738: Application time: 0.6602230 seconds
327.738: [GC327.738: [DefNew: 55300K->2470K(60096K), 0.0006420 secs] 136101K->83272K(193496K), 0.0006730 secs] [Times: user=0.00 sys=0.00, real=0.00 secs] 
327.739: Total time for which application threads were stopped: 0.0008570 seconds, Stopping threads took: 0.0001120 seconds
328.397: Application time: 0.6580840 seconds
328.397: [GC328.397: [DefNew: 55910K->3064K(60096K), 0.0006470 secs] 136712K->83866K(193496K), 0.0006750 secs] [Times: user=0.00 sys=0.00, real=0.00 secs] 
328.398: Total time for which application threads were stopped: 0.0008900 seconds, Stopping threads took: 0.0001600 seconds
329.049: Application time: 0.6512600 seconds
329.049: [GC329.049: [DefNew: 56378K->2937K(60096K), 0.0007090 secs] 137180K->83740K(193496K), 0.0007510 secs] [Times: user=0.00 sys=0.00, real=0.00 secs] 
329.050: Total time for which application threads were stopped: 0.0009680 seconds, Stopping threads took: 0.0001580 seconds
329.701: Application time: 0.6510960 seconds
329.701: [GC329.701: [DefNew: 56375K->2802K(60096K), 0.0006400 secs] 137177K->83605K(193496K), 0.0006680 secs] [Times: user=0.00 sys=0.00, real=0.01 secs] 
329.702: Total time for which application threads were stopped: 0.0008850 seconds, Stopping threads took: 0.0001380 seconds
330.372: Application time: 0.6701210 seconds
330.372: [GC330.372: [DefNew: 56109K->2668K(60096K), 0.0006350 secs] 136911K->83471K(193496K), 0.0006660 secs] [Times: user=0.00 sys=0.00, real=0.00 secs] 
330.373: Total time for which application threads were stopped: 0.0008760 seconds, Stopping threads took: 0.0001410 seconds
331.021: Application time: 0.6479940 seconds
331.021: [GC331.021: [DefNew: 56042K->2470K(60096K), 0.0006520 secs] 136845K->83273K(193496K), 0.0006820 secs] [Times: user=0.00 sys=0.00, real=0.01 secs] 
331.022: Total time for which application threads were stopped: 0.0008730 seconds, Stopping threads took: 0.0001300 seconds
331.672: Application time: 0.6507350 seconds
331.673: Total time for which application threads were stopped: 0.0001240 seconds, Stopping threads took: 0.0000970 seconds
331.673: Application time: 0.0008410 seconds
331.674: [GC331.674: [DefNew: 55911K->2263K(60096K), 0.0005770 secs] 136714K->83067K(193496K), 0.0006070 secs] [Times: user=0.00 sys=0.00, real=0.01 secs] 
331.674: Total time for which application threads were stopped: 0.0006870 seconds, Stopping threads took: 0.0000390 seconds
331.674: Application time: 0.0000420 seconds
331.674: [GC331.674: [DefNew: 2466K->2255K(60096K), 0.0006320 secs] 83270K->83059K(193496K), 0.0006490 secs] [Times: user=0.00 sys=0.00, real=0.00 secs] 
331.675: Total time for which application threads were stopped: 0.0007520 seconds, Stopping threads took: 0.0000710 seconds
332.330: Application time: 0.6551220 seconds
332.330: [GC332.330: [DefNew: 55634K->2272K(60096K), 0.0005530 secs] 136438K->83076K(193496K), 0.0005800 secs] [Times: user=0.00 sys=0.00, real=0.00 secs] 
332.331: Total time for which application threads were stopped: 0.0007330 seconds, Stopping threads took: 0.0000940 seconds
332.995: Application time: 0.6640350 seconds
332.995: Total time for which application threads were stopped: 0.0001090 seconds, Stopping threads took: 0.0000820 seconds
332.996: Application time: 0.0007830 seconds
332.996: [GC332.996: [DefNew: 56172K->1868K(60096K), 0.0004780 secs] 136976K->82672K(193496K), 0.0005030 secs] [Times: user=0.00 sys=0.00, real=0.00 secs] 
332.996: Total time for which application threads were stopped: 0.0005890 seconds, Stopping threads took: 0.0000500 seconds
333.635: Application time: 0.6389710 seconds
333.635: [GC333.635: [DefNew: 55247K->2739K(60096K), 0.0006130 secs] 136052K->83544K(193496K), 0.0006400 secs] [Times: user=0.00 sys=0.00, real=0.00 secs] 
333.636: Total time for which application threads were stopped: 0.0007880 seconds, Stopping threads took: 0.0000910 seconds
334.282: Application time: 0.6464060 seconds
334.283: [GC334.283: [DefNew: 55915K->2865K(60096K), 0.0006610 secs] 136719K->83670K(193496K), 0.0006900 secs] [Times: user=0.00 sys=0.00, real=0.00 secs] 
334.283: Total time for which application threads were stopped: 0.0008630 seconds, Stopping threads took: 0.0001140 seconds
334.973: Application time: 0.6896000 seconds
334.973: [GC334.973: [DefNew: 56108K->2470K(60096K), 0.0005540 secs] 136913K->83275K(193496K), 0.0005830 secs] [Times: user=0.00 sys=0.00, real=0.01 secs] 
334.974: Total time for which application threads were stopped: 0.0007440 seconds, Stopping threads took: 0.0001060 seconds
335.651: Application time: 0.6768750 seconds
335.651: [GC335.651: [DefNew: 55834K->2668K(60096K), 0.0006870 secs] 136640K->83473K(193496K), 0.0007170 secs] [Times: user=0.00 sys=0.00, real=0.00 secs] 
335.652: Total time for which application threads were stopped: 0.0009380 seconds, Stopping threads took: 0.0001400 seconds
336.307: Application time: 0.6557150 seconds
336.307: [GC336.307: [DefNew: 56055K->2937K(60096K), 0.0006730 secs] 136860K->83743K(193496K), 0.0007030 secs] [Times: user=0.01 sys=0.00, real=0.00 secs] 
336.308: Total time for which application threads were stopped: 0.0009020 seconds, Stopping threads took: 0.0001390 seconds
336.948: Application time: 0.6397480 seconds
336.948: [GC336.948: [DefNew: 56371K->2802K(60096K), 0.0006720 secs] 137177K->83609K(193496K), 0.0007000 secs] [Times: user=0.00 sys=0.00, real=0.00 secs] 
336.949: Total time for which application threads were stopped: 0.0009560 seconds, Stopping threads took: 0.0001970 seconds
337.620: Application time: 0.6706530 seconds
337.620: [GC337.620: [DefNew: 56108K->2865K(60096K), 0.0006620 secs] 136915K->83672K(193496K), 0.0006930 secs] [Times: user=0.00 sys=0.00, real=0.00 secs] 
337.620: Total time for which application threads were stopped: 0.0009330 seconds, Stopping threads took: 0.0001700 seconds
338.294: Application time: 0.6739030 seconds
338.295: [GC338.295: [DefNew: 56233K->2668K(60096K), 0.0005740 secs] 137040K->83474K(193496K), 0.0006050 secs] [Times: user=0.00 sys=0.00, real=0.00 secs] 
338.295: Total time for which application threads were stopped: 0.0007800 seconds, Stopping threads took: 0.0001210 seconds
338.935: Application time: 0.6395280 seconds
338.935: [GC338.935: [DefNew: 56101K->2866K(60096K), 0.0006860 secs] 136908K->83673K(193496K), 0.0007120 secs] [Times: user=0.01 sys=0.00, real=0.00 secs] 
338.936: Total time for which application threads were stopped: 0.0009820 seconds, Stopping threads took: 0.0002080 seconds
339.580: Application time: 0.6442880 seconds
339.580: [GC339.580: [DefNew: 56237K->2865K(60096K), 0.0006980 secs] 137045K->83673K(193496K), 0.0007290 secs] [Times: user=0.00 sys=0.00, real=0.00 secs] 
339.581: Total time for which application threads were stopped: 0.0009940 seconds, Stopping threads took: 0.0001970 seconds
340.255: Application time: 0.6739940 seconds
340.255: [GC340.255: [DefNew: 56192K->2470K(60096K), 0.0006360 secs] 136999K->83277K(193496K), 0.0006640 secs] [Times: user=0.00 sys=0.00, real=0.00 secs] 
340.256: Total time for which application threads were stopped: 0.0009140 seconds, Stopping threads took: 0.0001940 seconds
340.908: Application time: 0.6525970 seconds
340.909: [GC340.909: [DefNew: 55820K->2937K(60096K), 0.0007270 secs] 136628K->83745K(193496K), 0.0007580 secs] [Times: user=0.00 sys=0.00, real=0.00 secs] 
340.909: Total time for which application threads were stopped: 0.0010000 seconds, Stopping threads took: 0.0001820 seconds
341.552: Application time: 0.6426270 seconds
341.552: Total time for which application threads were stopped: 0.0001460 seconds, Stopping threads took: 0.0001090 seconds
341.552: Application time: 0.0002690 seconds
341.553: [GC341.553: [DefNew: 56444K->2668K(60096K), 0.0006410 secs] 137252K->83476K(193496K), 0.0006680 secs] [Times: user=0.00 sys=0.00, real=0.00 secs] 
341.553: Total time for which application threads were stopped: 0.0007630 seconds, Stopping threads took: 0.0000560 seconds
342.215: Application time: 0.6614560 seconds
342.215: [GC342.215: [DefNew: 56101K->3063K(60096K), 0.0007240 secs] 136909K->83871K(193496K), 0.0007530 secs] [Times: user=0.01 sys=0.00, real=0.00 secs] 
342.216: Total time for which application threads were stopped: 0.0009230 seconds, Stopping threads took: 0.0001090 seconds
342.889: Application time: 0.6733230 seconds
342.889: [GC342.889: [DefNew: 56453K->2605K(60096K), 0.0006720 secs] 137261K->83414K(193496K), 0.0007020 secs] [Times: user=0.00 sys=0.00, real=0.00 secs] 
342.890: Total time for which application threads were stopped: 0.0009400 seconds, Stopping threads took: 0.0001600 seconds
343.544: Application time: 0.6545800 seconds
343.545: [GC343.545: [DefNew: 55790K->2865K(60096K), 0.0006050 secs] 136599K->83674K(193496K), 0.0006350 secs] [Times: user=0.00 sys=0.00, real=0.00 secs] 
343.545: Total time for which application threads were stopped: 0.0008500 seconds, Stopping threads took: 0.0001600 seconds
344.225: Application time: 0.6792600 seconds
344.225: [GC344.225: [DefNew: 56155K->2668K(60096K), 0.0006210 secs] 136964K->83477K(193496K), 0.0006580 secs] [Times: user=0.00 sys=0.00, real=0.00 secs] 
344.225: Total time for which application threads were stopped: 0.0008980 seconds, Stopping threads took: 0.0001850 seconds
344.874: Application time: 0.6487580 seconds
344.874: Total time for which application threads were stopped: 0.0001330 seconds, Stopping threads took: 0.0001010 seconds
344.875: Application time: 0.0008220 seconds
344.875: [GC344.875: [DefNew: 56194K->2668K(60096K), 0.0005500 secs] 137003K->83477K(193496K), 0.0005780 secs] [Times: user=0.00 sys=0.00, real=0.00 secs] 
344.876: Total time for which application threads were stopped: 0.0007570 seconds, Stopping threads took: 0.0001390 seconds
345.528: Application time: 0.6518470 seconds
345.528: [GC345.528: [DefNew: 56102K->2937K(60096K), 0.0006880 secs] 136912K->83747K(193496K), 0.0007200 secs] [Times: user=0.00 sys=0.00, real=0.00 secs] 
345.529: Total time for which application threads were stopped: 0.0009320 seconds, Stopping threads took: 0.0001540 seconds
346.196: Application time: 0.6677400 seconds
346.197: [GC346.197: [DefNew: 56306K->2865K(60096K), 0.0006080 secs] 137116K->83676K(193496K), 0.0006350 secs] [Times: user=0.00 sys=0.00, real=0.00 secs] 
346.197: Total time for which application threads were stopped: 0.0008030 seconds, Stopping threads took: 0.0001120 seconds
346.842: Application time: 0.6442490 seconds
346.842: [GC346.842: [DefNew: 56299K->2732K(60096K), 0.0006750 secs] 137109K->83542K(193496K), 0.0007070 secs] [Times: user=0.00 sys=0.00, real=0.00 secs] 
346.842: Total time for which application threads were stopped: 0.0008850 seconds, Stopping threads took: 0.0001170 seconds
347.493: Application time: 0.6503750 seconds
347.493: Total time for which application threads were stopped: 0.0001370 seconds, Stopping threads took: 0.0001100 seconds
347.494: Application time: 0.0007150 seconds
347.494: [GC347.494: [DefNew: 56316K->2461K(60096K), 0.0005640 secs] 137127K->83272K(193496K), 0.0005870 secs] [Times: user=0.00 sys=0.00, real=0.00 secs] 
347.494: Total time for which application threads were stopped: 0.0006860 seconds, Stopping threads took: 0.0000630 seconds
348.158: Application time: 0.6639510 seconds
348.158: [GC348.158: [DefNew: 55897K->2937K(60096K), 0.0006430 secs] 136708K->83748K(193496K), 0.0006710 secs] [Times: user=0.00 sys=0.00, real=0.00 secs] 
348.159: Total time for which application threads were stopped: 0.0008300 seconds, Stopping threads took: 0.0001010 seconds
348.816: Application time: 0.6564130 seconds
348.816: Total time for which application threads were stopped: 0.0001240 seconds, Stopping threads took: 0.0000960 seconds
348.816: Application time: 0.0006040 seconds
348.816: [GC348.816: [DefNew: 56693K->2066K(60096K), 0.0005450 secs] 137504K->82877K(193496K), 0.0005750 secs] [Times: user=0.00 sys=0.00, real=0.00 secs] 
348.817: Total time for which application threads were stopped: 0.0006600 seconds, Stopping threads took: 0.0000490 seconds
349.466: Application time: 0.6491340 seconds
349.466: [GC349.466: [DefNew: 55466K->2470K(60096K), 0.0006480 secs] 136277K->83282K(193496K), 0.0006770 secs] [Times: user=0.00 sys=0.00, real=0.00 secs] 
349.467: Total time for which application threads were stopped: 0.0008390 seconds, Stopping threads took: 0.0001000 seconds
350.142: Application time: 0.6750630 seconds
350.142: [GC350.142: [DefNew: 55854K->2407K(60096K), 0.0006950 secs] 136666K->83219K(193496K), 0.0007270 secs] [Times: user=0.00 sys=0.00, real=0.00 secs] 
350.143: Total time for which application threads were stopped: 0.0008790 seconds, Stopping threads took: 0.0000920 seconds
350.788: Application time: 0.6450820 seconds
350.788: [GC350.788: [DefNew: 55714K->2470K(60096K), 0.0005580 secs] 136526K->83282K(193496K), 0.0005830 secs] [Times: user=0.00 sys=0.00, real=0.00 secs] 
350.789: Total time for which application threads were stopped: 0.0007160 seconds, Stopping threads took: 0.0000760 seconds
351.441: Application time: 0.6519890 seconds
351.441: [GC351.441: [DefNew: 55893K->3333K(60096K), 0.0008160 secs] 136706K->84145K(193496K), 0.0008570 secs] [Times: user=0.00 sys=0.00, real=0.01 secs] 
351.442: Total time for which application threads were stopped: 0.0011420 seconds, Stopping threads took: 0.0002240 seconds
352.133: Application time: 0.6913590 seconds
352.133: [GC352.133: [DefNew: 56730K->2403K(60096K), 0.0005880 secs] 137542K->83220K(193496K), 0.0006160 secs] [Times: user=0.01 sys=0.00, real=0.01 secs] 
352.134: Total time for which application threads were stopped: 0.0007850 seconds, Stopping threads took: 0.0001140 seconds
352.787: Application time: 0.6531660 seconds
352.787: [GC352.787: [DefNew: 55631K->2862K(60096K), 0.0005540 secs] 136448K->83679K(193496K), 0.0005800 secs] [Times: user=0.00 sys=0.00, real=0.00 secs] 
352.788: Total time for which application threads were stopped: 0.0008110 seconds, Stopping threads took: 0.0001530 seconds
353.462: Application time: 0.6740000 seconds
353.462: [GC353.462: [DefNew: 56302K->2468K(60096K), 0.0006510 secs] 137119K->83285K(193496K), 0.0006780 secs] [Times: user=0.00 sys=0.00, real=0.00 secs] 
353.463: Total time for which application threads were stopped: 0.0008920 seconds, Stopping threads took: 0.0001560 seconds
354.106: Application time: 0.6435810 seconds
354.107: [GC354.107: [DefNew: 55641K->2269K(60096K), 0.0005920 secs] 136458K->83086K(193496K), 0.0016220 secs] [Times: user=0.00 sys=0.00, real=0.00 secs] 
354.108: Total time for which application threads were stopped: 0.0018610 seconds, Stopping threads took: 0.0001560 seconds
354.741: Application time: 0.6326690 seconds
354.741: [GC354.741: [DefNew: 55504K->2467K(60096K), 0.0005880 secs] 136321K->83284K(193496K), 0.0006150 secs] [Times: user=0.00 sys=0.00, real=0.01 secs] 
354.742: Total time for which application threads were stopped: 0.0008250 seconds, Stopping threads took: 0.0001340 seconds
355.397: Application time: 0.6549390 seconds
355.397: [GC355.397: [DefNew: 55893K->3330K(60096K), 0.0007050 secs] 136710K->84147K(193496K), 0.0007350 secs] [Times: user=0.01 sys=0.00, real=0.00 secs] 
355.398: Total time for which application threads were stopped: 0.0008980 seconds, Stopping threads took: 0.0001060 seconds
356.074: Application time: 0.6759540 seconds
356.074: [GC356.074: [DefNew: 56595K->2466K(60096K), 0.0005690 secs] 137412K->83285K(193496K), 0.0005960 secs] [Times: user=0.00 sys=0.00, real=0.00 secs] 
356.074: Total time for which application threads were stopped: 0.0007700 seconds, Stopping threads took: 0.0001190 seconds
356.714: Application time: 0.6396440 seconds
356.714: Total time for which application threads were stopped: 0.0001350 seconds, Stopping threads took: 0.0001010 seconds
356.714: Application time: 0.0003540 seconds
356.715: [GC356.715: [DefNew: 55961K->2071K(60096K), 0.0005570 secs] 136779K->82890K(193496K), 0.0005790 secs] [Times: user=0.00 sys=0.00, real=0.00 secs] 
356.715: Total time for which application threads were stopped: 0.0006770 seconds, Stopping threads took: 0.0000580 seconds
357.346: Application time: 0.6312340 seconds
357.347: Total time for which application threads were stopped: 0.0001250 seconds, Stopping threads took: 0.0000910 seconds
357.347: Application time: 0.0006250 seconds
357.347: [GC357.347: [DefNew: 55547K->2862K(60096K), 0.0006860 secs] 136366K->83681K(193496K), 0.0007140 secs] [Times: user=0.00 sys=0.00, real=0.00 secs] 
357.348: Total time for which application threads were stopped: 0.0008110 seconds, Stopping threads took: 0.0000550 seconds
358.044: Application time: 0.6960570 seconds
358.044: Total time for which application threads were stopped: 0.0001170 seconds, Stopping threads took: 0.0000870 seconds
358.045: Application time: 0.0012270 seconds
358.045: [GC358.045: [DefNew: 56479K->2269K(60096K), 0.0005420 secs] 137298K->83088K(193496K), 0.0005660 secs] [Times: user=0.00 sys=0.00, real=0.00 secs] 
358.046: Total time for which application threads were stopped: 0.0006550 seconds, Stopping threads took: 0.0000490 seconds
358.701: Application time: 0.6550760 seconds
358.701: [GC358.701: [DefNew: 55706K->2539K(60096K), 0.0006510 secs] 136524K->83358K(193496K), 0.0006860 secs] [Times: user=0.00 sys=0.00, real=0.01 secs] 
358.702: Total time for which application threads were stopped: 0.0008550 seconds, Stopping threads took: 0.0001120 seconds
359.354: Application time: 0.6525470 seconds
359.355: [GC359.355: [DefNew: 55786K->2863K(60096K), 0.0005760 secs] 136605K->83682K(193496K), 0.0006080 secs] [Times: user=0.00 sys=0.00, real=0.00 secs] 
359.355: Total time for which application threads were stopped: 0.0007710 seconds, Stopping threads took: 0.0001060 seconds
360.039: Application time: 0.6841250 seconds
360.040: [GC360.040: [DefNew: 56162K->2073K(60096K), 0.0005260 secs] 136981K->82891K(193496K), 0.0005530 secs] [Times: user=0.00 sys=0.00, real=0.00 secs] 
360.040: Total time for which application threads were stopped: 0.0007730 seconds, Stopping threads took: 0.0001580 seconds
360.691: Application time: 0.6505120 seconds
360.691: [GC360.691: [DefNew: 55453K->2738K(60096K), 0.0006000 secs] 136272K->83557K(193496K), 0.0006260 secs] [Times: user=0.00 sys=0.00, real=0.00 secs] 
360.691: Total time for which application threads were stopped: 0.0008020 seconds, Stopping threads took: 0.0001180 seconds
361.356: Application time: 0.6648220 seconds
361.357: [GC361.357: [DefNew: 56040K->2666K(60096K), 0.0006700 secs] 136858K->83485K(193496K), 0.0007020 secs] [Times: user=0.00 sys=0.00, real=0.00 secs] 
361.357: Total time for which application threads were stopped: 0.0009570 seconds, Stopping threads took: 0.0001930 seconds
362.006: Application time: 0.6485000 seconds
362.006: [GC362.006: [DefNew: 56099K->2865K(60096K), 0.0006930 secs] 136918K->83684K(193496K), 0.0007220 secs] [Times: user=0.00 sys=0.00, real=0.00 secs] 
362.007: Total time for which application threads were stopped: 0.0008990 seconds, Stopping threads took: 0.0001160 seconds
362.649: Application time: 0.6422280 seconds
362.649: [GC362.649: [DefNew: 56245K->2272K(60096K), 0.0006100 secs] 137064K->83090K(193496K), 0.0006420 secs] [Times: user=0.00 sys=0.00, real=0.00 secs] 
362.650: Total time for which application threads were stopped: 0.0008250 seconds, Stopping threads took: 0.0001240 seconds
363.317: Application time: 0.6670630 seconds
363.317: [GC363.317: [DefNew: 55705K->2865K(60096K), 0.0006380 secs] 136523K->83683K(193496K), 0.0006760 secs] [Times: user=0.00 sys=0.00, real=0.00 secs] 
363.318: Total time for which application threads were stopped: 0.0008650 seconds, Stopping threads took: 0.0001280 seconds
363.978: Application time: 0.6607080 seconds
363.979: [GC363.979: [DefNew: 56246K->2272K(60096K), 0.0006420 secs] 137065K->83091K(193496K), 0.0006700 secs] [Times: user=0.00 sys=0.00, real=0.00 secs] 
363.979: Total time for which application threads were stopped: 0.0009160 seconds, Stopping threads took: 0.0001850 seconds
364.614: Application time: 0.6350990 seconds
364.615: [GC364.615: [DefNew: 55668K->2865K(60096K), 0.0006450 secs] 136487K->83684K(193496K), 0.0006730 secs] [Times: user=0.01 sys=0.00, real=0.00 secs] 
364.615: Total time for which application threads were stopped: 0.0009190 seconds, Stopping threads took: 0.0001670 seconds
365.264: Application time: 0.6486720 seconds
365.264: Total time for which application threads were stopped: 0.0001410 seconds, Stopping threads took: 0.0001120 seconds
365.264: Application time: 0.0002100 seconds
365.264: [GC365.264: [DefNew: 56481K->2470K(60096K), 0.0006360 secs] 137300K->83289K(193496K), 0.0006640 secs] [Times: user=0.01 sys=0.00, real=0.00 secs] 
365.265: Total time for which application threads were stopped: 0.0007990 seconds, Stopping threads took: 0.0000980 seconds
365.955: Application time: 0.6898350 seconds
365.955: [GC365.955: [DefNew: 55759K->2272K(60096K), 0.0006000 secs] 136578K->83092K(193496K), 0.0006290 secs] [Times: user=0.00 sys=0.00, real=0.00 secs] 
365.956: Total time for which application threads were stopped: 0.0007910 seconds, Stopping threads took: 0.0001060 seconds
366.603: Application time: 0.6468680 seconds
366.603: [GC366.603: [DefNew: 55708K->2479K(60096K), 0.0006340 secs] 136527K->83299K(193496K), 0.0006720 secs] [Times: user=0.01 sys=0.00, real=0.00 secs] 
366.603: Total time for which application threads were stopped: 0.0008590 seconds, Stopping threads took: 0.0001310 seconds
367.248: Application time: 0.6442070 seconds
367.248: [GC367.248: [DefNew: 55805K->2865K(60096K), 0.0007440 secs] 136624K->83686K(193496K), 0.0007770 secs] [Times: user=0.00 sys=0.00, real=0.00 secs] 
367.249: Total time for which application threads were stopped: 0.0009340 seconds, Stopping threads took: 0.0000930 seconds
367.937: Application time: 0.6884030 seconds
367.937: [GC367.937: [DefNew: 56264K->2344K(60096K), 0.0005470 secs] 137084K->83165K(193496K), 0.0005730 secs] [Times: user=0.00 sys=0.00, real=0.00 secs] 
367.938: Total time for which application threads were stopped: 0.0007180 seconds, Stopping threads took: 0.0000900 seconds
368.597: Application time: 0.6591960 seconds
368.597: [GC368.597: [DefNew: 55635K->2865K(60096K), 0.0005840 secs] 136455K->83686K(193496K), 0.0006110 secs] [Times: user=0.00 sys=0.00, real=0.00 secs] 
368.598: Total time for which application threads were stopped: 0.0007520 seconds, Stopping threads took: 0.0000860 seconds
369.267: Application time: 0.6692560 seconds
369.267: [GC369.267: [DefNew: 56174K->2937K(60096K), 0.0006200 secs] 136994K->83758K(193496K), 0.0006430 secs] [Times: user=0.00 sys=0.00, real=0.00 secs] 
369.268: Total time for which application threads were stopped: 0.0008480 seconds, Stopping threads took: 0.0001470 seconds
369.917: Application time: 0.6491490 seconds
369.917: [GC369.917: [DefNew: 56312K->2740K(60096K), 0.0007080 secs] 137133K->83561K(193496K), 0.0015930 secs] [Times: user=0.00 sys=0.00, real=0.00 secs] 
369.919: Total time for which application threads were stopped: 0.0018070 seconds, Stopping threads took: 0.0001500 seconds
370.547: Application time: 0.6285580 seconds
370.547: [GC370.547: [DefNew: 56109K->2865K(60096K), 0.0006320 secs] 136930K->83687K(193496K), 0.0006570 secs] [Times: user=0.00 sys=0.00, real=0.00 secs] 
370.548: Total time for which application threads were stopped: 0.0008180 seconds, Stopping threads took: 0.0000820 seconds
371.239: Application time: 0.6904320 seconds
371.239: Total time for which application threads were stopped: 0.0001540 seconds, Stopping threads took: 0.0001230 seconds
371.240: Application time: 0.0012400 seconds
371.240: [GC371.240: [DefNew: 56642K->2865K(60096K), 0.0006570 secs] 137464K->83687K(193496K), 0.0006860 secs] [Times: user=0.00 sys=0.00, real=0.00 secs] 
371.241: Total time for which application threads were stopped: 0.0008080 seconds, Stopping threads took: 0.0000790 seconds
371.890: Application time: 0.6490810 seconds
371.894: Total time for which application threads were stopped: 0.0039930 seconds, Stopping threads took: 0.0039680 seconds
371.894: Application time: 0.0001170 seconds
371.894: [GC371.894: [DefNew: 56398K->2272K(60096K), 0.0005550 secs] 137220K->83094K(193496K), 0.0005820 secs] [Times: user=0.00 sys=0.00, real=0.00 secs] 
371.895: Total time for which application threads were stopped: 0.0007090 seconds, Stopping threads took: 0.0000920 seconds
372.519: Application time: 0.6242740 seconds
372.519: Total time for which application threads were stopped: 0.0001340 seconds, Stopping threads took: 0.0001010 seconds
372.521: Application time: 0.0016300 seconds
372.521: [GC372.521: [DefNew: 55748K->3063K(60096K), 0.0006150 secs] 136570K->83885K(193496K), 0.0006440 secs] [Times: user=0.00 sys=0.00, real=0.00 secs] 
372.521: Total time for which application threads were stopped: 0.0007510 seconds, Stopping threads took: 0.0000640 seconds
373.181: Application time: 0.6598900 seconds
373.182: Total time for which application threads were stopped: 0.0001100 seconds, Stopping threads took: 0.0000780 seconds
373.182: Application time: 0.0001350 seconds
373.182: [GC373.182: [DefNew: 56876K->2865K(60096K), 0.0006620 secs] 137699K->83688K(193496K), 0.0006990 secs] [Times: user=0.00 sys=0.00, real=0.00 secs] 
373.182: Total time for which application threads were stopped: 0.0007820 seconds, Stopping threads took: 0.0000440 seconds
373.874: Application time: 0.6913630 seconds
373.874: [GC373.874: [DefNew: 56275K->2272K(60096K), 0.0005900 secs] 137097K->83095K(193496K), 0.0006180 secs] [Times: user=0.00 sys=0.00, real=0.00 secs] 
373.875: Total time for which application threads were stopped: 0.0007480 seconds, Stopping threads took: 0.0000770 seconds
374.524: Application time: 0.6497490 seconds
374.524: Total time for which application threads were stopped: 0.0001340 seconds, Stopping threads took: 0.0001090 seconds
374.527: Application time: 0.0023820 seconds
374.527: [GC374.527: [DefNew: 55925K->2461K(60096K), 0.0006260 secs] 136748K->83284K(193496K), 0.0006560 secs] [Times: user=0.00 sys=0.00, real=0.00 secs] 
374.528: Total time for which application threads were stopped: 0.0007490 seconds, Stopping threads took: 0.0000530 seconds
375.180: Application time: 0.6521050 seconds
375.180: [GC375.180: [DefNew: 55781K->2865K(60096K), 0.0006900 secs] 136604K->83689K(193496K), 0.0007220 secs] [Times: user=0.00 sys=0.00, real=0.00 secs] 
375.181: Total time for which application threads were stopped: 0.0008850 seconds, Stopping threads took: 0.0001010 seconds
375.848: Application time: 0.6670220 seconds
375.848: Total time for which application threads were stopped: 0.0001270 seconds, Stopping threads took: 0.0001010 seconds
375.848: Application time: 0.0000650 seconds
375.848: [GC375.848: [DefNew: 56434K->3063K(60096K), 0.0006480 secs] 137257K->83887K(193496K), 0.0006740 secs] [Times: user=0.00 sys=0.00, real=0.00 secs] 
375.849: Total time for which application threads were stopped: 0.0007780 seconds, Stopping threads took: 0.0000660 seconds
376.512: Application time: 0.6633810 seconds
376.512: [GC376.512: [DefNew: 56308K->2668K(60096K), 0.0005550 secs] 137132K->83492K(193496K), 0.0005810 secs] [Times: user=0.00 sys=0.00, real=0.00 secs] 
376.513: Total time for which application threads were stopped: 0.0007400 seconds, Stopping threads took: 0.0001050 seconds
377.189: Application time: 0.6762480 seconds
377.189: [GC377.189: [DefNew: 56029K->2865K(60096K), 0.0007270 secs] 136853K->83690K(193496K), 0.0007570 secs] [Times: user=0.00 sys=0.00, real=0.00 secs] 
377.190: Total time for which application threads were stopped: 0.0009310 seconds, Stopping threads took: 0.0001160 seconds
377.840: Application time: 0.6506390 seconds
377.841: Total time for which application threads were stopped: 0.0001010 seconds, Stopping threads took: 0.0000740 seconds
377.842: Application time: 0.0012100 seconds
377.842: [GC377.842: [DefNew: 56915K->3063K(60096K), 0.0005740 secs] 137740K->83888K(193496K), 0.0005990 secs] [Times: user=0.00 sys=0.00, real=0.00 secs] 
377.843: Total time for which application threads were stopped: 0.0007050 seconds, Stopping threads took: 0.0000680 seconds
377.987: Application time: 0.1441460 seconds
377.987: Total time for which application threads were stopped: 0.0001130 seconds, Stopping threads took: 0.0000920 seconds
378.093: Application time: 0.1061560 seconds
378.093: Total time for which application threads were stopped: 0.0000990 seconds, Stopping threads took: 0.0000760 seconds
378.094: Application time: 0.0006780 seconds
378.094: Total time for which application threads were stopped: 0.0000580 seconds, Stopping threads took: 0.0000480 seconds
378.157: Application time: 0.0633580 seconds
378.157: Total time for which application threads were stopped: 0.0000720 seconds, Stopping threads took: 0.0000510 seconds
378.213: Application time: 0.0562180 seconds
378.213: Total time for which application threads were stopped: 0.0000590 seconds, Stopping threads took: 0.0000410 seconds
378.556: Application time: 0.3422790 seconds
378.556: Total time for which application threads were stopped: 0.0000540 seconds, Stopping threads took: 0.0000290 seconds
378.922: Application time: 0.3664440 seconds
378.922: [GC378.922: [DefNew: 56503K->2413K(60096K), 0.0029400 secs] 137328K->83238K(193496K), 0.0029980 secs] [Times: user=0.01 sys=0.00, real=0.00 secs] 
378.925: Total time for which application threads were stopped: 0.0030780 seconds, Stopping threads took: 0.0000140 seconds
379.442: Application time: 0.5168210 seconds
379.442: Total time for which application threads were stopped: 0.0000820 seconds, Stopping threads took: 0.0000130 seconds
379.444: Application time: 0.0018130 seconds
379.444: Total time for which application threads were stopped: 0.0000250 seconds, Stopping threads took: 0.0000110 seconds
Heap
 def new generation   total 60096K, used 40732K [0x0000000080c00000, 0x0000000084d30000, 0x00000000a9750000)
  eden space 53440K,  71% used [0x0000000080c00000, 0x000000008316bc98, 0x0000000084030000)
  from space 6656K,  36% used [0x00000000846b0000, 0x000000008490b680, 0x0000000084d30000)
  to   space 6656K,   0% used [0x0000000084030000, 0x0000000084030000, 0x00000000846b0000)
 tenured generation   total 133400K, used 80825K [0x00000000a9750000, 0x00000000b1996000, 0x00000000fae00000)
   the space 133400K,  60% used [0x00000000a9750000, 0x00000000ae63e550, 0x00000000ae63e600, 0x00000000b1996000)
 compacting perm gen  total 21248K, used 12896K [0x00000000fae00000, 0x00000000fc2c0000, 0x0000000100000000)
   the space 21248K,  60% used [0x00000000fae00000, 0x00000000fba983e0, 0x00000000fba98400, 0x00000000fc2c0000)
No shared spaces configured.
379.444: Application time: 0.0001790 seconds
