Java HotSpot(TM) 64-Bit Server VM (24.80-b11) for linux-amd64 JRE (1.7.0_80-b15), built on Apr 10 2015 19:53:14 by "java_re" with gcc 4.3.0 20080428 (Red Hat 4.3.0-8)
Memory: 4k page, physical 8000092k(6063312k free), swap 8218620k(8218620k free)
CommandLine flags: -XX:+CMSParallelRemarkEnabled -XX:InitialHeapSize=128001472 -XX:MaxHeapSize=2048023552 -XX:+PrintGC -XX:+PrintGCApplicationConcurrentTime -XX:+PrintGCApplicationStoppedTime -XX:+PrintGCDetails -XX:+PrintGCTimeStamps -XX:+UseCompressedOops -XX:+UseParallelGC 
1.009: Application time: 0.9833580 seconds
1.009: Total time for which application threads were stopped: 0.0000410 seconds, Stopping threads took: 0.0000100 seconds
4.031: Application time: 3.0219790 seconds
4.031: Total time for which application threads were stopped: 0.0000680 seconds, Stopping threads took: 0.0000100 seconds
14.721: Application time: 10.6900520 seconds
14.721: Total time for which application threads were stopped: 0.0000320 seconds, Stopping threads took: 0.0000180 seconds
14.721: Application time: 0.0000630 seconds
14.721: Total time for which application threads were stopped: 0.0000230 seconds, Stopping threads took: 0.0000080 seconds
14.723: Application time: 0.0015500 seconds
14.723: Total time for which application threads were stopped: 0.0000230 seconds, Stopping threads took: 0.0000170 seconds
14.743: Application time: 0.0201800 seconds
14.743: Total time for which application threads were stopped: 0.0000380 seconds, Stopping threads took: 0.0000090 seconds
14.755: Application time: 0.0123680 seconds
14.755: [GC [PSYoungGen: 11288K->3368K(36864K)] 11288K->3376K(119808K), 0.0022870 secs] [Times: user=0.00 sys=0.00, real=0.00 secs] 
14.758: [Full GC [PSYoungGen: 3368K->0K(36864K)] [ParOldGen: 8K->3145K(82944K)] 3376K->3145K(119808K) [PSPermGen: 5076K->5074K(21504K)], 0.0111190 secs] [Times: user=0.04 sys=0.00, real=0.01 secs] 
14.769: Total time for which application threads were stopped: 0.0135360 seconds, Stopping threads took: 0.0000170 seconds
14.769: Application time: 0.0000530 seconds
14.769: [GC [PSYoungGen: 0K->0K(36864K)] 3145K->3145K(119808K), 0.0002540 secs] [Times: user=0.00 sys=0.01, real=0.00 secs] 
14.769: [Full GC [PSYoungGen: 0K->0K(36864K)] [ParOldGen: 3145K->3145K(82944K)] 3145K->3145K(119808K) [PSPermGen: 5074K->5074K(21504K)], 0.0040860 secs] [Times: user=0.01 sys=0.00, real=0.01 secs] 
14.773: Total time for which application threads were stopped: 0.0044290 seconds, Stopping threads took: 0.0000140 seconds
14.773: Application time: 0.0000510 seconds
14.773: Total time for which application threads were stopped: 0.0000270 seconds, Stopping threads took: 0.0000170 seconds
14.773: Application time: 0.0000210 seconds
14.773: Total time for which application threads were stopped: 0.0000180 seconds, Stopping threads took: 0.0000130 seconds
14.773: Application time: 0.0000130 seconds
14.773: Total time for which application threads were stopped: 0.0000170 seconds, Stopping threads took: 0.0000120 seconds
14.773: Application time: 0.0000310 seconds
14.773: Total time for which application threads were stopped: 0.0000170 seconds, Stopping threads took: 0.0000120 seconds
14.773: Application time: 0.0000130 seconds
14.773: Total time for which application threads were stopped: 0.0000090 seconds, Stopping threads took: 0.0000050 seconds
14.773: Application time: 0.0000110 seconds
14.773: Total time for which application threads were stopped: 0.0000160 seconds, Stopping threads took: 0.0000110 seconds
14.773: Application time: 0.0000110 seconds
14.773: Total time for which application threads were stopped: 0.0000190 seconds, Stopping threads took: 0.0000150 seconds
14.773: Application time: 0.0000110 seconds
14.773: Total time for which application threads were stopped: 0.0000140 seconds, Stopping threads took: 0.0000100 seconds
14.774: Application time: 0.0000160 seconds
14.774: Total time for which application threads were stopped: 0.0000190 seconds, Stopping threads took: 0.0000150 seconds
14.774: Application time: 0.0000130 seconds
14.774: Total time for which application threads were stopped: 0.0000170 seconds, Stopping threads took: 0.0000120 seconds
14.774: Application time: 0.0000140 seconds
14.774: Total time for which application threads were stopped: 0.0000230 seconds, Stopping threads took: 0.0000190 seconds
14.774: Application time: 0.0000130 seconds
14.774: Total time for which application threads were stopped: 0.0000180 seconds, Stopping threads took: 0.0000130 seconds
14.774: Application time: 0.0000120 seconds
14.774: Total time for which application threads were stopped: 0.0000150 seconds, Stopping threads took: 0.0000110 seconds
14.774: Application time: 0.0000360 seconds
14.774: Total time for which application threads were stopped: 0.0000160 seconds, Stopping threads took: 0.0000120 seconds
14.774: Application time: 0.0000950 seconds
14.774: Total time for which application threads were stopped: 0.0000130 seconds, Stopping threads took: 0.0000100 seconds
14.774: Application time: 0.0000120 seconds
14.774: Total time for which application threads were stopped: 0.0000240 seconds, Stopping threads took: 0.0000210 seconds
14.774: Application time: 0.0000130 seconds
14.774: Total time for which application threads were stopped: 0.0000110 seconds, Stopping threads took: 0.0000060 seconds
14.774: Application time: 0.0000150 seconds
14.774: Total time for which application threads were stopped: 0.0000220 seconds, Stopping threads took: 0.0000180 seconds
14.774: Application time: 0.0000130 seconds
14.774: Total time for which application threads were stopped: 0.0000180 seconds, Stopping threads took: 0.0000140 seconds
14.774: Application time: 0.0000120 seconds
14.774: Total time for which application threads were stopped: 0.0000200 seconds, Stopping threads took: 0.0000110 seconds
14.774: Application time: 0.0003460 seconds
14.774: Total time for which application threads were stopped: 0.0000150 seconds, Stopping threads took: 0.0000060 seconds
14.837: Application time: 0.0626180 seconds
14.837: Total time for which application threads were stopped: 0.0000880 seconds, Stopping threads took: 0.0000560 seconds
14.837: Application time: 0.0001830 seconds
14.837: Total time for which application threads were stopped: 0.0000240 seconds, Stopping threads took: 0.0000110 seconds
14.837: Application time: 0.0000980 seconds
14.837: Total time for which application threads were stopped: 0.0000490 seconds, Stopping threads took: 0.0000390 seconds
14.837: Application time: 0.0000340 seconds
14.838: Total time for which application threads were stopped: 0.0000330 seconds, Stopping threads took: 0.0000210 seconds
14.838: Application time: 0.0003160 seconds
14.838: Total time for which application threads were stopped: 0.0000400 seconds, Stopping threads took: 0.0000070 seconds
14.838: Application time: 0.0005690 seconds
14.838: Total time for which application threads were stopped: 0.0000330 seconds, Stopping threads took: 0.0000210 seconds
14.838: Application time: 0.0000310 seconds
14.839: Total time for which application threads were stopped: 0.0000170 seconds, Stopping threads took: 0.0000080 seconds
14.839: Application time: 0.0000160 seconds
14.839: Total time for which application threads were stopped: 0.0000460 seconds, Stopping threads took: 0.0000350 seconds
14.850: Application time: 0.0111860 seconds
14.850: Total time for which application threads were stopped: 0.0000720 seconds, Stopping threads took: 0.0000450 seconds
14.927: Application time: 0.0774600 seconds
14.928: [GC [PSYoungGen: 31715K->4608K(36864K)] 34861K->10825K(119808K), 0.0021000 secs] [Times: user=0.01 sys=0.01, real=0.00 secs] 
14.930: Total time for which application threads were stopped: 0.0024480 seconds, Stopping threads took: 0.0002410 seconds
14.930: Application time: 0.0001260 seconds
14.930: Total time for which application threads were stopped: 0.0002450 seconds, Stopping threads took: 0.0002230 seconds
14.930: Application time: 0.0000210 seconds
14.930: Total time for which application threads were stopped: 0.0000410 seconds, Stopping threads took: 0.0000310 seconds
14.930: Application time: 0.0000170 seconds
14.930: Total time for which application threads were stopped: 0.0000350 seconds, Stopping threads took: 0.0000270 seconds
14.930: Application time: 0.0000120 seconds
14.930: Total time for which application threads were stopped: 0.0000260 seconds, Stopping threads took: 0.0000200 seconds
14.930: Application time: 0.0000140 seconds
14.930: Total time for which application threads were stopped: 0.0000300 seconds, Stopping threads took: 0.0000230 seconds
14.930: Application time: 0.0000110 seconds
14.930: Total time for which application threads were stopped: 0.0000270 seconds, Stopping threads took: 0.0000210 seconds
14.930: Application time: 0.0000110 seconds
14.930: Total time for which application threads were stopped: 0.0000240 seconds, Stopping threads took: 0.0000180 seconds
14.930: Application time: 0.0000110 seconds
14.930: Total time for which application threads were stopped: 0.0000230 seconds, Stopping threads took: 0.0000170 seconds
14.930: Application time: 0.0000110 seconds
14.930: Total time for which application threads were stopped: 0.0000250 seconds, Stopping threads took: 0.0000190 seconds
14.930: Application time: 0.0000120 seconds
14.931: Total time for which application threads were stopped: 0.0000270 seconds, Stopping threads took: 0.0000210 seconds
14.931: Application time: 0.0000120 seconds
14.931: Total time for which application threads were stopped: 0.0000250 seconds, Stopping threads took: 0.0000190 seconds
14.931: Application time: 0.0000120 seconds
14.931: Total time for which application threads were stopped: 0.0000300 seconds, Stopping threads took: 0.0000240 seconds
15.001: Application time: 0.0706010 seconds
15.003: [GC [PSYoungGen: 35657K->4608K(68608K)] 41875K->11849K(151552K), 0.0015310 secs] [Times: user=0.01 sys=0.00, real=0.00 secs] 
15.005: Total time for which application threads were stopped: 0.0034910 seconds, Stopping threads took: 0.0018570 seconds
15.132: Application time: 0.1276070 seconds
15.132: [GC [PSYoungGen: 67499K->4624K(68608K)] 74741K->11873K(151552K), 0.0012550 secs] [Times: user=0.01 sys=0.00, real=0.00 secs] 
15.134: Total time for which application threads were stopped: 0.0014490 seconds, Stopping threads took: 0.0000940 seconds
15.248: Application time: 0.1147030 seconds
15.249: [GC [PSYoungGen: 67126K->4608K(132096K)] 74375K->12889K(215040K), 0.0011840 secs] [Times: user=0.01 sys=0.00, real=0.00 secs] 
15.250: Total time for which application threads were stopped: 0.0013210 seconds, Stopping threads took: 0.0000540 seconds
15.495: Application time: 0.2456040 seconds
15.499: [GC [PSYoungGen: 131570K->4640K(132096K)] 139852K->13945K(215040K), 0.0013790 secs] [Times: user=0.01 sys=0.01, real=0.00 secs] 
15.501: Total time for which application threads were stopped: 0.0051360 seconds, Stopping threads took: 0.0036810 seconds
15.603: Application time: 0.1020140 seconds
15.603: Total time for which application threads were stopped: 0.0000860 seconds, Stopping threads took: 0.0000530 seconds
15.620: Application time: 0.0175100 seconds
15.621: Total time for which application threads were stopped: 0.0009280 seconds, Stopping threads took: 0.0009020 seconds
15.621: Application time: 0.0000630 seconds
15.621: Total time for which application threads were stopped: 0.0000430 seconds, Stopping threads took: 0.0000310 seconds
15.654: Application time: 0.0331090 seconds
15.654: Total time for which application threads were stopped: 0.0001010 seconds, Stopping threads took: 0.0000540 seconds
15.655: Application time: 0.0001430 seconds
15.655: Total time for which application threads were stopped: 0.0000560 seconds, Stopping threads took: 0.0000450 seconds
15.759: Application time: 0.1044570 seconds
15.763: [GC [PSYoungGen: 130995K->3600K(126464K)] 140301K->12905K(209408K), 0.0009320 secs] [Times: user=0.01 sys=0.00, real=0.00 secs] 
15.764: Total time for which application threads were stopped: 0.0050150 seconds, Stopping threads took: 0.0040130 seconds
15.994: Application time: 0.2294390 seconds
15.994: [GC [PSYoungGen: 125690K->6576K(124416K)] 134996K->17041K(207360K), 0.0019150 secs] [Times: user=0.01 sys=0.00, real=0.00 secs] 
15.996: Total time for which application threads were stopped: 0.0020630 seconds, Stopping threads took: 0.0000650 seconds
16.217: Application time: 0.2210710 seconds
16.217: [GC [PSYoungGen: 123559K->3552K(116736K)] 134025K->17097K(199680K), 0.0015880 secs] [Times: user=0.01 sys=0.00, real=0.00 secs] 
16.218: Total time for which application threads were stopped: 0.0017540 seconds, Stopping threads took: 0.0000660 seconds
16.438: Application time: 0.2199310 seconds
16.438: [GC [PSYoungGen: 116196K->6608K(115712K)] 129742K->20161K(198656K), 0.0017450 secs] [Times: user=0.00 sys=0.01, real=0.00 secs] 
16.440: Total time for which application threads were stopped: 0.0019130 seconds, Stopping threads took: 0.0000840 seconds
16.648: Application time: 0.2077090 seconds
16.648: [GC [PSYoungGen: 115005K->5616K(110592K)] 128559K->20201K(193536K), 0.0018130 secs] [Times: user=0.01 sys=0.00, real=0.00 secs] 
16.650: Total time for which application threads were stopped: 0.0019840 seconds, Stopping threads took: 0.0000690 seconds
16.856: Application time: 0.2063100 seconds
16.856: [GC [PSYoungGen: 110511K->5376K(107008K)] 125097K->20238K(189952K), 0.0015890 secs] [Times: user=0.01 sys=0.00, real=0.00 secs] 
16.858: Total time for which application threads were stopped: 0.0017350 seconds, Stopping threads took: 0.0000430 seconds
17.046: Application time: 0.1884120 seconds
17.047: [GC [PSYoungGen: 106752K->5568K(103424K)] 121614K->22486K(186368K), 0.0020090 secs] [Times: user=0.01 sys=0.00, real=0.00 secs] 
17.049: Total time for which application threads were stopped: 0.0021790 seconds, Stopping threads took: 0.0000710 seconds
17.239: Application time: 0.1908970 seconds
17.240: [GC [PSYoungGen: 102355K->4400K(98816K)] 119273K->21558K(181760K), 0.0012250 secs] [Times: user=0.00 sys=0.00, real=0.00 secs] 
17.241: Total time for which application threads were stopped: 0.0013560 seconds, Stopping threads took: 0.0000570 seconds
17.411: Application time: 0.1698170 seconds
17.411: [GC [PSYoungGen: 98253K->6400K(97792K)] 115412K->23598K(180736K), 0.0018320 secs] [Times: user=0.01 sys=0.00, real=0.01 secs] 
17.413: Total time for which application threads were stopped: 0.0019840 seconds, Stopping threads took: 0.0000720 seconds
17.587: Application time: 0.1742610 seconds
17.591: [GC [PSYoungGen: 97470K->7424K(95744K)] 114669K->24622K(178688K), 0.0021600 secs] [Times: user=0.01 sys=0.00, real=0.00 secs] 
17.593: Total time for which application threads were stopped: 0.0063920 seconds, Stopping threads took: 0.0041380 seconds
17.754: Application time: 0.1607080 seconds
17.754: [GC [PSYoungGen: 95488K->2528K(87552K)] 112686K->24854K(170496K), 0.0018080 secs] [Times: user=0.01 sys=0.01, real=0.00 secs] 
17.756: Total time for which application threads were stopped: 0.0019500 seconds, Stopping threads took: 0.0000570 seconds
17.924: Application time: 0.1677850 seconds
17.924: [GC [PSYoungGen: 86850K->2336K(84480K)] 109176K->24906K(167424K), 0.0007930 secs] [Times: user=0.00 sys=0.00, real=0.00 secs] 
17.925: Total time for which application threads were stopped: 0.0009070 seconds, Stopping threads took: 0.0000510 seconds
18.074: Application time: 0.1491380 seconds
18.074: [GC [PSYoungGen: 83694K->6400K(86016K)] 106264K->29010K(168960K), 0.0018480 secs] [Times: user=0.01 sys=0.00, real=0.00 secs] 
18.076: Total time for which application threads were stopped: 0.0020000 seconds, Stopping threads took: 0.0000690 seconds
18.223: Application time: 0.1476370 seconds
18.224: [GC [PSYoungGen: 85049K->6400K(83456K)] 107660K->29010K(166400K), 0.0017930 secs] [Times: user=0.00 sys=0.00, real=0.00 secs] 
18.225: Total time for which application threads were stopped: 0.0019630 seconds, Stopping threads took: 0.0000820 seconds
18.369: Application time: 0.1435030 seconds
18.369: [GC [PSYoungGen: 82953K->5360K(79872K)] 105564K->29002K(162816K), 0.0015880 secs] [Times: user=0.01 sys=0.00, real=0.00 secs] 
18.371: Total time for which application threads were stopped: 0.0017370 seconds, Stopping threads took: 0.0000650 seconds
18.512: Application time: 0.1408720 seconds
18.512: [GC [PSYoungGen: 79317K->6464K(78336K)] 102960K->30106K(161280K), 0.0017360 secs] [Times: user=0.01 sys=0.00, real=0.00 secs] 
18.513: Total time for which application threads were stopped: 0.0018670 seconds, Stopping threads took: 0.0000590 seconds
18.656: Application time: 0.1424040 seconds
18.656: [GC [PSYoungGen: 77742K->4352K(74240K)] 101385K->28235K(157184K), 0.0014040 secs] [Times: user=0.01 sys=0.00, real=0.00 secs] 
18.657: Total time for which application threads were stopped: 0.0015570 seconds, Stopping threads took: 0.0000740 seconds
18.782: Application time: 0.1246600 seconds
18.782: [GC [PSYoungGen: 73084K->6400K(74240K)] 96967K->30315K(157184K), 0.0015590 secs] [Times: user=0.00 sys=0.01, real=0.01 secs] 
18.784: Total time for which application threads were stopped: 0.0016960 seconds, Stopping threads took: 0.0000570 seconds
18.906: Application time: 0.1223080 seconds
18.906: [GC [PSYoungGen: 73231K->7392K(102400K)] 97146K->31307K(185344K), 0.0022520 secs] [Times: user=0.01 sys=0.00, real=0.00 secs] 
18.908: Total time for which application threads were stopped: 0.0024170 seconds, Stopping threads took: 0.0000820 seconds
19.090: Application time: 0.1818120 seconds
19.090: [GC [PSYoungGen: 101553K->4432K(128000K)] 125468K->28347K(210944K), 0.0013200 secs] [Times: user=0.00 sys=0.00, real=0.01 secs] 
19.092: Total time for which application threads were stopped: 0.0014530 seconds, Stopping threads took: 0.0000570 seconds
19.314: Application time: 0.2226020 seconds
19.314: [GC [PSYoungGen: 127793K->7520K(168448K)] 151708K->31583K(251392K), 0.0022470 secs] [Times: user=0.02 sys=0.00, real=0.00 secs] 
19.317: Total time for which application threads were stopped: 0.0024180 seconds, Stopping threads took: 0.0000820 seconds
19.619: Application time: 0.3027400 seconds
19.620: [GC [PSYoungGen: 167604K->5376K(159744K)] 191667K->29583K(242688K), 0.0014990 secs] [Times: user=0.00 sys=0.00, real=0.00 secs] 
19.621: Total time for which application threads were stopped: 0.0017160 seconds, Stopping threads took: 0.0001460 seconds
19.915: Application time: 0.2937630 seconds
19.919: [GC [PSYoungGen: 159365K->4624K(153088K)] 183573K->28839K(236032K), 0.0014130 secs] [Times: user=0.01 sys=0.00, real=0.00 secs] 
19.921: Total time for which application threads were stopped: 0.0056040 seconds, Stopping threads took: 0.0041020 seconds
20.193: Application time: 0.2725810 seconds
20.193: [GC [PSYoungGen: 152424K->6400K(148992K)] 176640K->30899K(231936K), 0.0017440 secs] [Times: user=0.01 sys=0.01, real=0.00 secs] 
20.195: Total time for which application threads were stopped: 0.0019130 seconds, Stopping threads took: 0.0000730 seconds
20.460: Application time: 0.2653200 seconds
20.461: [GC [PSYoungGen: 148030K->4496K(141312K)] 172530K->28995K(224256K), 0.0014410 secs] [Times: user=0.01 sys=0.00, real=0.00 secs] 
20.462: Total time for which application threads were stopped: 0.0015910 seconds, Stopping threads took: 0.0000650 seconds
20.710: Application time: 0.2475360 seconds
20.710: [GC [PSYoungGen: 140288K->5456K(137216K)] 164788K->30140K(220160K), 0.0014120 secs] [Times: user=0.01 sys=0.00, real=0.01 secs] 
20.711: Total time for which application threads were stopped: 0.0015730 seconds, Stopping threads took: 0.0000780 seconds
20.955: Application time: 0.2441500 seconds
20.955: [GC [PSYoungGen: 136925K->6368K(133120K)] 161609K->31156K(216064K), 0.0018210 secs] [Times: user=0.01 sys=0.00, real=0.00 secs] 
20.957: Total time for which application threads were stopped: 0.0019590 seconds, Stopping threads took: 0.0000570 seconds
21.197: Application time: 0.2393940 seconds
21.197: [GC [PSYoungGen: 132397K->4528K(126464K)] 157186K->29316K(209408K), 0.0012820 secs] [Times: user=0.01 sys=0.00, real=0.00 secs] 
21.198: Total time for which application threads were stopped: 0.0014290 seconds, Stopping threads took: 0.0000640 seconds
21.418: Application time: 0.2202420 seconds
21.418: [GC [PSYoungGen: 125607K->6432K(123904K)] 150395K->31472K(206848K), 0.0019340 secs] [Times: user=0.01 sys=0.01, real=0.00 secs] 
21.420: Total time for which application threads were stopped: 0.0021140 seconds, Stopping threads took: 0.0000950 seconds
21.639: Application time: 0.2181180 seconds
21.639: [GC [PSYoungGen: 123497K->6400K(119296K)] 148537K->31480K(202240K), 0.0016620 secs] [Times: user=0.00 sys=0.01, real=0.00 secs] 
21.640: Total time for which application threads were stopped: 0.0017990 seconds, Stopping threads took: 0.0000580 seconds
21.849: Application time: 0.2086710 seconds
21.849: [GC [PSYoungGen: 118295K->4480K(113152K)] 143376K->30584K(196096K), 0.0014360 secs] [Times: user=0.01 sys=0.00, real=0.00 secs] 
21.851: Total time for which application threads were stopped: 0.0016010 seconds, Stopping threads took: 0.0000830 seconds
22.054: Application time: 0.2035150 seconds
22.054: [GC [PSYoungGen: 113024K->7456K(112128K)] 139128K->33772K(195072K), 0.0020240 secs] [Times: user=0.00 sys=0.02, real=0.00 secs] 
22.056: Total time for which application threads were stopped: 0.0022120 seconds, Stopping threads took: 0.0001040 seconds
22.255: Application time: 0.1982130 seconds
22.255: [GC [PSYoungGen: 111594K->5376K(106496K)] 137911K->32792K(189440K), 0.0016580 secs] [Times: user=0.01 sys=0.00, real=0.00 secs] 
22.256: Total time for which application threads were stopped: 0.0017980 seconds, Stopping threads took: 0.0000630 seconds
22.445: Application time: 0.1886700 seconds
22.445: [GC [PSYoungGen: 106187K->7424K(104960K)] 133603K->34848K(187904K), 0.0023240 secs] [Times: user=0.01 sys=0.01, real=0.00 secs] 
22.447: Total time for which application threads were stopped: 0.0024870 seconds, Stopping threads took: 0.0000650 seconds
22.629: Application time: 0.1814310 seconds
22.629: [GC [PSYoungGen: 103836K->4512K(98304K)] 131260K->31961K(181248K), 0.0013800 secs] [Times: user=0.01 sys=0.00, real=0.00 secs] 
22.630: Total time for which application threads were stopped: 0.0015230 seconds, Stopping threads took: 0.0000670 seconds
22.797: Application time: 0.1670470 seconds
22.798: [GC [PSYoungGen: 97983K->6416K(97280K)] 125431K->34109K(180224K), 0.0020180 secs] [Times: user=0.02 sys=0.00, real=0.00 secs] 
22.800: Total time for which application threads were stopped: 0.0021610 seconds, Stopping threads took: 0.0000570 seconds
22.975: Application time: 0.1752620 seconds
22.975: [GC [PSYoungGen: 96144K->4352K(92160K)] 123837K->32101K(175104K), 0.0013330 secs] [Times: user=0.01 sys=0.00, real=0.00 secs] 
22.976: Total time for which application threads were stopped: 0.0015100 seconds, Stopping threads took: 0.0000860 seconds
23.134: Application time: 0.1578940 seconds
23.134: [GC [PSYoungGen: 91904K->5376K(90112K)] 119653K->33125K(173056K), 0.0016290 secs] [Times: user=0.01 sys=0.00, real=0.00 secs] 
23.136: Total time for which application threads were stopped: 0.0017770 seconds, Stopping threads took: 0.0000700 seconds
23.291: Application time: 0.1546670 seconds
23.291: [GC [PSYoungGen: 89349K->5536K(87552K)] 117098K->33285K(170496K), 0.0017020 secs] [Times: user=0.01 sys=0.00, real=0.01 secs] 
23.293: Total time for which application threads were stopped: 0.0018530 seconds, Stopping threads took: 0.0000760 seconds
23.449: Application time: 0.1562370 seconds
23.449: [GC [PSYoungGen: 87448K->4352K(83968K)] 115197K->32341K(166912K), 0.0014580 secs] [Times: user=0.01 sys=0.00, real=0.00 secs] 
23.450: Total time for which application threads were stopped: 0.0015930 seconds, Stopping threads took: 0.0000590 seconds
23.593: Application time: 0.1426000 seconds
23.593: [GC [PSYoungGen: 83222K->6400K(83456K)] 111211K->34429K(166400K), 0.0018280 secs] [Times: user=0.01 sys=0.00, real=0.00 secs] 
23.595: Total time for which application threads were stopped: 0.0019940 seconds, Stopping threads took: 0.0000690 seconds
23.738: Application time: 0.1426730 seconds
23.738: [GC [PSYoungGen: 83006K->6400K(100352K)] 111036K->34429K(183296K), 0.0020100 secs] [Times: user=0.02 sys=0.00, real=0.00 secs] 
23.740: Total time for which application threads were stopped: 0.0021590 seconds, Stopping threads took: 0.0000690 seconds
23.915: Application time: 0.1755610 seconds
23.916: [GC [PSYoungGen: 99692K->4544K(95232K)] 127721K->32573K(178176K), 0.0013380 secs] [Times: user=0.01 sys=0.00, real=0.00 secs] 
23.917: Total time for which application threads were stopped: 0.0014750 seconds, Stopping threads took: 0.0000620 seconds
24.080: Application time: 0.1634190 seconds
24.080: [GC [PSYoungGen: 94809K->6400K(94208K)] 122839K->34681K(177152K), 0.0021180 secs] [Times: user=0.01 sys=0.00, real=0.00 secs] 
24.083: Total time for which application threads were stopped: 0.0022770 seconds, Stopping threads took: 0.0000760 seconds
24.244: Application time: 0.1610100 seconds
24.244: [GC [PSYoungGen: 93952K->6400K(112640K)] 122233K->34721K(195584K), 0.0018990 secs] [Times: user=0.01 sys=0.00, real=0.00 secs] 
24.246: Total time for which application threads were stopped: 0.0020640 seconds, Stopping threads took: 0.0000740 seconds
24.447: Application time: 0.2008040 seconds
24.447: [GC [PSYoungGen: 111427K->4320K(107008K)] 139749K->32657K(189952K), 0.0015590 secs] [Times: user=0.01 sys=0.00, real=0.00 secs] 
24.449: Total time for which application threads were stopped: 0.0021290 seconds, Stopping threads took: 0.0005060 seconds
24.662: Application time: 0.2135490 seconds
24.662: [GC [PSYoungGen: 106720K->3408K(102400K)] 135057K->31745K(185344K), 0.0013140 secs] [Times: user=0.01 sys=0.00, real=0.01 secs] 
24.664: Total time for which application threads were stopped: 0.0014250 seconds, Stopping threads took: 0.0000330 seconds
24.844: Application time: 0.1803000 seconds
24.844: [GC [PSYoungGen: 101796K->6448K(101888K)] 130134K->35006K(184832K), 0.0020720 secs] [Times: user=0.01 sys=0.00, real=0.00 secs] 
24.846: Total time for which application threads were stopped: 0.0022470 seconds, Stopping threads took: 0.0000790 seconds
25.025: Application time: 0.1793130 seconds
25.026: [GC [PSYoungGen: 101183K->5376K(97792K)] 129741K->34010K(180736K), 0.0015510 secs] [Times: user=0.01 sys=0.00, real=0.00 secs] 
25.027: Total time for which application threads were stopped: 0.0016850 seconds, Stopping threads took: 0.0000530 seconds
25.193: Application time: 0.1653260 seconds
25.193: [GC [PSYoungGen: 96625K->6432K(95744K)] 125259K->35066K(178688K), 0.0020050 secs] [Times: user=0.01 sys=0.00, real=0.00 secs] 
25.195: Total time for which application threads were stopped: 0.0021780 seconds, Stopping threads took: 0.0000930 seconds
25.359: Application time: 0.1638880 seconds
25.359: [GC [PSYoungGen: 95015K->4496K(90624K)] 123649K->34194K(173568K), 0.0016390 secs] [Times: user=0.01 sys=0.00, real=0.00 secs] 
25.360: Total time for which application threads were stopped: 0.0017850 seconds, Stopping threads took: 0.0000630 seconds
25.519: Application time: 0.1588270 seconds
25.519: [GC [PSYoungGen: 89616K->5376K(88576K)] 119314K->35282K(171520K), 0.0018020 secs] [Times: user=0.01 sys=0.00, real=0.00 secs] 
25.521: Total time for which application threads were stopped: 0.0019430 seconds, Stopping threads took: 0.0000610 seconds
25.676: Application time: 0.1544310 seconds
25.676: [GC [PSYoungGen: 87543K->3328K(83968K)] 117449K->33290K(166912K), 0.0010220 secs] [Times: user=0.01 sys=0.00, real=0.00 secs] 
25.677: Total time for which application threads were stopped: 0.0011460 seconds, Stopping threads took: 0.0000560 seconds
25.823: Application time: 0.1467560 seconds
25.824: [GC [PSYoungGen: 83377K->4352K(82432K)] 113339K->34314K(165376K), 0.0013950 secs] [Times: user=0.01 sys=0.00, real=0.00 secs] 
25.825: Total time for which application threads were stopped: 0.0015420 seconds, Stopping threads took: 0.0000730 seconds
25.968: Application time: 0.1425550 seconds
25.968: [GC [PSYoungGen: 81592K->5504K(80896K)] 111554K->35466K(163840K), 0.0017190 secs] [Times: user=0.01 sys=0.00, real=0.00 secs] 
25.969: Total time for which application threads were stopped: 0.0018670 seconds, Stopping threads took: 0.0000650 seconds
26.109: Application time: 0.1399640 seconds
26.110: [GC [PSYoungGen: 80366K->5408K(78336K)] 110329K->35578K(161280K), 0.0017000 secs] [Times: user=0.01 sys=0.00, real=0.01 secs] 
26.111: Total time for which application threads were stopped: 0.0018480 seconds, Stopping threads took: 0.0000650 seconds
26.245: Application time: 0.1342270 seconds
26.246: [GC [PSYoungGen: 77573K->5376K(76288K)] 107743K->35630K(159232K), 0.0015210 secs] [Times: user=0.01 sys=0.00, real=0.00 secs] 
26.247: Total time for which application threads were stopped: 0.0016680 seconds, Stopping threads took: 0.0000640 seconds
26.376: Application time: 0.1292360 seconds
26.376: [GC [PSYoungGen: 75218K->4288K(73216K)] 105472K->34542K(156160K), 0.0015190 secs] [Times: user=0.01 sys=0.00, real=0.00 secs] 
26.378: Total time for which application threads were stopped: 0.0016450 seconds, Stopping threads took: 0.0000530 seconds
26.504: Application time: 0.1257120 seconds
26.504: [GC [PSYoungGen: 72066K->4352K(71168K)] 102320K->34606K(154112K), 0.0013440 secs] [Times: user=0.01 sys=0.00, real=0.00 secs] 
26.505: Total time for which application threads were stopped: 0.0014980 seconds, Stopping threads took: 0.0000660 seconds
26.626: Application time: 0.1208120 seconds
26.626: [GC [PSYoungGen: 70216K->4496K(69120K)] 100471K->34750K(152064K), 0.0014610 secs] [Times: user=0.01 sys=0.00, real=0.00 secs] 
26.628: Total time for which application threads were stopped: 0.0015900 seconds, Stopping threads took: 0.0000550 seconds
26.743: Application time: 0.1154080 seconds
26.743: [GC [PSYoungGen: 68174K->6400K(83456K)] 98429K->36863K(166400K), 0.0019100 secs] [Times: user=0.01 sys=0.00, real=0.00 secs] 
26.745: Total time for which application threads were stopped: 0.0020560 seconds, Stopping threads took: 0.0000640 seconds
26.885: Application time: 0.1396230 seconds
26.885: [GC [PSYoungGen: 82794K->7424K(84480K)] 113257K->37955K(167424K), 0.0021380 secs] [Times: user=0.02 sys=0.01, real=0.00 secs] 
26.887: Total time for which application threads were stopped: 0.0022980 seconds, Stopping threads took: 0.0000640 seconds
27.033: Application time: 0.1463500 seconds
27.034: [GC [PSYoungGen: 83922K->5312K(100352K)] 114453K->35843K(183296K), 0.0011380 secs] [Times: user=0.01 sys=0.00, real=0.00 secs] 
27.035: Total time for which application threads were stopped: 0.0013000 seconds, Stopping threads took: 0.0000750 seconds
27.205: Application time: 0.1704200 seconds
27.205: [GC [PSYoungGen: 97222K->6368K(100352K)] 127753K->36899K(183296K), 0.0015680 secs] [Times: user=0.00 sys=0.00, real=0.00 secs] 
27.207: Total time for which application threads were stopped: 0.0017370 seconds, Stopping threads took: 0.0000890 seconds
27.378: Application time: 0.1711760 seconds
27.378: [GC [PSYoungGen: 98071K->3456K(92672K)] 128602K->33987K(175616K), 0.0008420 secs] [Times: user=0.01 sys=0.00, real=0.00 secs] 
27.379: Total time for which application threads were stopped: 0.0009700 seconds, Stopping threads took: 0.0000580 seconds
27.542: Application time: 0.1631440 seconds
27.542: [GC [PSYoungGen: 92012K->5408K(91648K)] 122543K->36151K(174592K), 0.0014340 secs] [Times: user=0.00 sys=0.01, real=0.01 secs] 
27.544: Total time for which application threads were stopped: 0.0015920 seconds, Stopping threads took: 0.0000720 seconds
27.696: Application time: 0.1523300 seconds
27.696: [GC [PSYoungGen: 90737K->7424K(90624K)] 121480K->38235K(173568K), 0.0017530 secs] [Times: user=0.02 sys=0.00, real=0.00 secs] 
27.698: Total time for which application threads were stopped: 0.0019060 seconds, Stopping threads took: 0.0000700 seconds
27.859: Application time: 0.1609540 seconds
27.859: [GC [PSYoungGen: 90195K->5376K(86016K)] 121007K->36187K(168960K), 0.0017480 secs] [Times: user=0.01 sys=0.00, real=0.00 secs] 
27.861: Total time for which application threads were stopped: 0.0018930 seconds, Stopping threads took: 0.0000660 seconds
28.005: Application time: 0.1445830 seconds
28.006: [GC [PSYoungGen: 84772K->4496K(82432K)] 115584K->36331K(165376K), 0.0015090 secs] [Times: user=0.01 sys=0.01, real=0.00 secs] 
28.007: Total time for which application threads were stopped: 0.0016640 seconds, Stopping threads took: 0.0000720 seconds
28.151: Application time: 0.1440150 seconds
28.151: [GC [PSYoungGen: 81671K->5408K(80896K)] 113506K->37451K(163840K), 0.0017260 secs] [Times: user=0.01 sys=0.00, real=0.00 secs] 
28.153: Total time for which application threads were stopped: 0.0018640 seconds, Stopping threads took: 0.0000610 seconds
28.291: Application time: 0.1383120 seconds
28.291: [GC [PSYoungGen: 79920K->5376K(96256K)] 111964K->37495K(179200K), 0.0016900 secs] [Times: user=0.01 sys=0.00, real=0.00 secs] 
28.293: Total time for which application threads were stopped: 0.0018290 seconds, Stopping threads took: 0.0000600 seconds
28.457: Application time: 0.1641830 seconds
28.457: [GC [PSYoungGen: 96000K->6400K(99328K)] 128119K->38519K(182272K), 0.0018050 secs] [Times: user=0.01 sys=0.00, real=0.00 secs] 
28.459: Total time for which application threads were stopped: 0.0019470 seconds, Stopping threads took: 0.0000620 seconds
28.633: Application time: 0.1734480 seconds
28.633: [GC [PSYoungGen: 97902K->5504K(94208K)] 130022K->37623K(177152K), 0.0013120 secs] [Times: user=0.01 sys=0.00, real=0.00 secs] 
28.634: Total time for which application threads were stopped: 0.0014500 seconds, Stopping threads took: 0.0000610 seconds
28.796: Application time: 0.1619940 seconds
28.796: [GC [PSYoungGen: 93292K->4416K(90112K)] 125412K->36704K(173056K), 0.0012220 secs] [Times: user=0.01 sys=0.00, real=0.00 secs] 
28.798: Total time for which application threads were stopped: 0.0014200 seconds, Stopping threads took: 0.0001140 seconds
28.957: Application time: 0.1597920 seconds
28.957: [GC [PSYoungGen: 89225K->3328K(86016K)] 121513K->35736K(168960K), 0.0008190 secs] [Times: user=0.00 sys=0.00, real=0.00 secs] 
28.958: Total time for which application threads were stopped: 0.0009570 seconds, Stopping threads took: 0.0000680 seconds
29.109: Application time: 0.1508480 seconds
29.109: [GC [PSYoungGen: 84841K->6400K(86528K)] 117249K->38808K(169472K), 0.0018680 secs] [Times: user=0.01 sys=0.00, real=0.01 secs] 
29.111: Total time for which application threads were stopped: 0.0020560 seconds, Stopping threads took: 0.0001100 seconds
29.259: Application time: 0.1481950 seconds
29.263: [GC [PSYoungGen: 86166K->5376K(82944K)] 118574K->38808K(165888K), 0.0017420 secs] [Times: user=0.01 sys=0.01, real=0.00 secs] 
29.265: Total time for which application threads were stopped: 0.0054670 seconds, Stopping threads took: 0.0036480 seconds
29.410: Application time: 0.1455010 seconds
29.411: [GC [PSYoungGen: 81814K->4464K(79360K)] 115247K->37904K(162304K), 0.0015540 secs] [Times: user=0.01 sys=0.00, real=0.01 secs] 
29.412: Total time for which application threads were stopped: 0.0017090 seconds, Stopping threads took: 0.0000760 seconds
29.548: Application time: 0.1355380 seconds
29.548: [GC [PSYoungGen: 79031K->5392K(77824K)] 112471K->39040K(160768K), 0.0016600 secs] [Times: user=0.01 sys=0.00, real=0.00 secs] 
29.549: Total time for which application threads were stopped: 0.0018040 seconds, Stopping threads took: 0.0000680 seconds
29.684: Application time: 0.1341310 seconds
29.684: [GC [PSYoungGen: 77581K->5392K(92672K)] 111229K->39120K(175616K), 0.0016990 secs] [Times: user=0.01 sys=0.00, real=0.00 secs] 
29.685: Total time for which application threads were stopped: 0.0018240 seconds, Stopping threads took: 0.0000540 seconds
29.849: Application time: 0.1636720 seconds
29.849: [GC [PSYoungGen: 92174K->4352K(88576K)] 125903K->38080K(171520K), 0.0012250 secs] [Times: user=0.01 sys=0.00, real=0.00 secs] 
29.850: Total time for which application threads were stopped: 0.0013690 seconds, Stopping threads took: 0.0000680 seconds
30.002: Application time: 0.1520270 seconds
30.003: [GC [PSYoungGen: 87465K->6560K(88064K)] 121193K->40288K(171008K), 0.0020660 secs] [Times: user=0.02 sys=0.00, real=0.01 secs] 
30.005: Total time for which application threads were stopped: 0.0022360 seconds, Stopping threads took: 0.0000730 seconds
30.156: Application time: 0.1510820 seconds
30.156: [GC [PSYoungGen: 87954K->3360K(82432K)] 121682K->39308K(165376K), 0.0013680 secs] [Times: user=0.00 sys=0.00, real=0.00 secs] 
30.157: Total time for which application threads were stopped: 0.0015200 seconds, Stopping threads took: 0.0000670 seconds
30.301: Application time: 0.1436920 seconds
30.301: [GC [PSYoungGen: 82137K->5376K(81920K)] 118086K->41436K(164864K), 0.0017560 secs] [Times: user=0.01 sys=0.00, real=0.00 secs] 
30.303: Total time for which application threads were stopped: 0.0018910 seconds, Stopping threads took: 0.0000560 seconds
30.442: Application time: 0.1391340 seconds
30.442: [GC [PSYoungGen: 80869K->6368K(87040K)] 116930K->42428K(169984K), 0.0018490 secs] [Times: user=0.01 sys=0.00, real=0.01 secs] 
30.444: Total time for which application threads were stopped: 0.0019910 seconds, Stopping threads took: 0.0000590 seconds
30.596: Application time: 0.1519820 seconds
30.596: [GC [PSYoungGen: 86573K->5376K(88064K)] 122633K->41436K(171008K), 0.0015970 secs] [Times: user=0.01 sys=0.00, real=0.00 secs] 
30.598: Total time for which application threads were stopped: 0.0017560 seconds, Stopping threads took: 0.0000740 seconds
30.744: Application time: 0.1463830 seconds
30.744: [GC [PSYoungGen: 85212K->4528K(82432K)] 121273K->40588K(165376K), 0.0011130 secs] [Times: user=0.01 sys=0.00, real=0.00 secs] 
30.745: Total time for which application threads were stopped: 0.0012640 seconds, Stopping threads took: 0.0000760 seconds
30.887: Application time: 0.1416390 seconds
30.887: [GC [PSYoungGen: 81387K->6416K(81920K)] 117448K->42693K(164864K), 0.0017880 secs] [Times: user=0.01 sys=0.00, real=0.00 secs] 
30.889: Total time for which application threads were stopped: 0.0019350 seconds, Stopping threads took: 0.0000620 seconds
31.025: Application time: 0.1362920 seconds
31.025: [GC [PSYoungGen: 80756K->4352K(95232K)] 117033K->42753K(178176K), 0.0014680 secs] [Times: user=0.01 sys=0.00, real=0.00 secs] 
31.027: Total time for which application threads were stopped: 0.0016170 seconds, Stopping threads took: 0.0000690 seconds
31.193: Application time: 0.1656020 seconds
31.193: [GC [PSYoungGen: 94215K->7424K(98304K)] 132616K->45825K(181248K), 0.0022520 secs] [Times: user=0.01 sys=0.00, real=0.00 secs] 
31.195: Total time for which application threads were stopped: 0.0024200 seconds, Stopping threads took: 0.0000760 seconds
31.365: Application time: 0.1696540 seconds
31.365: [GC [PSYoungGen: 97487K->5504K(93184K)] 135888K->43921K(176128K), 0.0012430 secs] [Times: user=0.01 sys=0.00, real=0.00 secs] 
31.366: Total time for which application threads were stopped: 0.0013690 seconds, Stopping threads took: 0.0000570 seconds
31.525: Application time: 0.1586720 seconds
31.525: [GC [PSYoungGen: 92509K->6464K(91136K)] 130926K->45069K(174080K), 0.0016650 secs] [Times: user=0.01 sys=0.00, real=0.00 secs] 
31.526: Total time for which application threads were stopped: 0.0018070 seconds, Stopping threads took: 0.0000660 seconds
31.683: Application time: 0.1569130 seconds
31.686: [GC [PSYoungGen: 89979K->4320K(86528K)] 128584K->44069K(169472K), 0.0013060 secs] [Times: user=0.01 sys=0.00, real=0.00 secs] 
31.687: Total time for which application threads were stopped: 0.0041090 seconds, Stopping threads took: 0.0027370 seconds
31.839: Application time: 0.1518060 seconds
31.839: [GC [PSYoungGen: 85636K->5344K(84992K)] 125385K->45093K(167936K), 0.0016390 secs] [Times: user=0.01 sys=0.00, real=0.00 secs] 
31.841: Total time for which application threads were stopped: 0.0017950 seconds, Stopping threads took: 0.0000660 seconds
31.987: Application time: 0.1461730 seconds
31.987: [GC [PSYoungGen: 84629K->6464K(83456K)] 124379K->46213K(166400K), 0.0018150 secs] [Times: user=0.01 sys=0.00, real=0.00 secs] 
31.989: Total time for which application threads were stopped: 0.0019540 seconds, Stopping threads took: 0.0000580 seconds
32.126: Application time: 0.1372640 seconds
32.127: [GC [PSYoungGen: 82292K->6464K(98816K)] 122042K->46301K(181760K), 0.0021890 secs] [Times: user=0.01 sys=0.00, real=0.00 secs] 
32.129: Total time for which application threads were stopped: 0.0023830 seconds, Stopping threads took: 0.0001110 seconds
32.300: Application time: 0.1712040 seconds
32.300: [GC [PSYoungGen: 97996K->4384K(100352K)] 137834K->45389K(183296K), 0.0032500 secs] [Times: user=0.01 sys=0.00, real=0.01 secs] 
32.304: Total time for which application threads were stopped: 0.0034200 seconds, Stopping threads took: 0.0000710 seconds
32.478: Application time: 0.1748170 seconds
32.478: [GC [PSYoungGen: 100096K->5376K(103936K)] 141102K->46445K(186880K), 0.0015700 secs] [Times: user=0.01 sys=0.00, real=0.00 secs] 
32.480: Total time for which application threads were stopped: 0.0017560 seconds, Stopping threads took: 0.0001010 seconds
32.659: Application time: 0.1787360 seconds
32.659: [GC [PSYoungGen: 100689K->4368K(96768K)] 141759K->45437K(179712K), 0.0010340 secs] [Times: user=0.00 sys=0.00, real=0.00 secs] 
32.660: Total time for which application threads were stopped: 0.0011820 seconds, Stopping threads took: 0.0000800 seconds
32.830: Application time: 0.1696640 seconds
32.830: [GC [PSYoungGen: 95767K->4352K(93696K)] 136837K->45501K(176640K), 0.0012250 secs] [Times: user=0.00 sys=0.00, real=0.00 secs] 
32.831: Total time for which application threads were stopped: 0.0013380 seconds, Stopping threads took: 0.0000430 seconds
32.994: Application time: 0.1627360 seconds
32.994: [GC [PSYoungGen: 92850K->5408K(91648K)] 133999K->46710K(174592K), 0.0013600 secs] [Times: user=0.01 sys=0.00, real=0.00 secs] 
32.995: Total time for which application threads were stopped: 0.0015140 seconds, Stopping threads took: 0.0000690 seconds
33.152: Application time: 0.1566190 seconds
33.152: [GC [PSYoungGen: 90867K->6368K(89600K)] 132169K->47746K(172544K), 0.0018610 secs] [Times: user=0.01 sys=0.00, real=0.00 secs] 
33.154: Total time for which application threads were stopped: 0.0020050 seconds, Stopping threads took: 0.0000680 seconds
33.311: Application time: 0.1567690 seconds
33.311: [GC [PSYoungGen: 89013K->3328K(83968K)] 130392K->45730K(166912K), 0.0011600 secs] [Times: user=0.00 sys=0.00, real=0.01 secs] 
33.312: Total time for which application threads were stopped: 0.0013040 seconds, Stopping threads took: 0.0000620 seconds
33.456: Application time: 0.1444190 seconds
33.457: [GC [PSYoungGen: 82874K->5536K(83456K)] 125276K->47938K(166400K), 0.0017380 secs] [Times: user=0.01 sys=0.00, real=0.00 secs] 
33.458: Total time for which application threads were stopped: 0.0019030 seconds, Stopping threads took: 0.0000820 seconds
33.601: Application time: 0.1427980 seconds
33.601: [GC [PSYoungGen: 82511K->5408K(80896K)] 124914K->48022K(163840K), 0.0016720 secs] [Times: user=0.01 sys=0.00, real=0.00 secs] 
33.603: Total time for which application threads were stopped: 0.0018180 seconds, Stopping threads took: 0.0000580 seconds
33.741: Application time: 0.1377680 seconds
33.741: [GC [PSYoungGen: 79947K->5376K(78336K)] 122561K->48058K(161280K), 0.0017580 secs] [Times: user=0.01 sys=0.00, real=0.00 secs] 
33.743: Total time for which application threads were stopped: 0.0019070 seconds, Stopping threads took: 0.0000690 seconds
33.877: Application time: 0.1341770 seconds
33.877: [GC [PSYoungGen: 77531K->4352K(92160K)] 120213K->49082K(175104K), 0.0017460 secs] [Times: user=0.01 sys=0.00, real=0.00 secs] 
33.879: Total time for which application threads were stopped: 0.0019000 seconds, Stopping threads took: 0.0000700 seconds
34.037: Application time: 0.1579380 seconds
34.037: [GC [PSYoungGen: 91891K->6464K(98816K)] 136622K->51194K(181760K), 0.0019150 secs] [Times: user=0.02 sys=0.01, real=0.00 secs] 
34.039: Total time for which application threads were stopped: 0.0020560 seconds, Stopping threads took: 0.0000600 seconds
34.210: Application time: 0.1713480 seconds
34.210: [GC [PSYoungGen: 96909K->5552K(93696K)] 141640K->50358K(176640K), 0.0012850 secs] [Times: user=0.00 sys=0.00, real=0.01 secs] 
34.211: Total time for which application threads were stopped: 0.0014360 seconds, Stopping threads took: 0.0000700 seconds
34.368: Application time: 0.1569470 seconds
34.369: [GC [PSYoungGen: 92981K->7424K(111104K)] 137788K->52450K(194048K), 0.0019420 secs] [Times: user=0.01 sys=0.00, real=0.00 secs] 
34.371: Total time for which application threads were stopped: 0.0020950 seconds, Stopping threads took: 0.0000750 seconds
34.562: Application time: 0.1917650 seconds
34.562: [GC [PSYoungGen: 110294K->6368K(106496K)] 155321K->51394K(189440K), 0.0017080 secs] [Times: user=0.00 sys=0.00, real=0.01 secs] 
34.564: Total time for which application threads were stopped: 0.0018640 seconds, Stopping threads took: 0.0000780 seconds
34.749: Application time: 0.1846690 seconds
34.749: [GC [PSYoungGen: 105338K->5504K(101888K)] 150365K->50530K(184832K), 0.0018360 secs] [Times: user=0.01 sys=0.00, real=0.00 secs] 
34.751: Total time for which application threads were stopped: 0.0020030 seconds, Stopping threads took: 0.0000820 seconds
34.928: Application time: 0.1776530 seconds
34.929: [GC [PSYoungGen: 101234K->4384K(97280K)] 146261K->49579K(180224K), 0.0012430 secs] [Times: user=0.01 sys=0.00, real=0.00 secs] 
34.930: Total time for which application threads were stopped: 0.0013820 seconds, Stopping threads took: 0.0000710 seconds
35.098: Application time: 0.1682550 seconds
35.098: [GC [PSYoungGen: 97056K->7424K(97280K)] 142251K->52735K(180224K), 0.0023120 secs] [Times: user=0.01 sys=0.00, real=0.00 secs] 
35.101: Total time for which application threads were stopped: 0.0024640 seconds, Stopping threads took: 0.0000740 seconds
35.273: Application time: 0.1725320 seconds
35.273: [GC [PSYoungGen: 96812K->4320K(91136K)] 142123K->49631K(174080K), 0.0012430 secs] [Times: user=0.01 sys=0.00, real=0.00 secs] 
35.274: Total time for which application threads were stopped: 0.0013800 seconds, Stopping threads took: 0.0000560 seconds
35.430: Application time: 0.1554920 seconds
35.430: [GC [PSYoungGen: 90556K->6544K(90112K)] 135867K->51855K(173056K), 0.0019990 secs] [Times: user=0.01 sys=0.00, real=0.01 secs] 
35.432: Total time for which application threads were stopped: 0.0021380 seconds, Stopping threads took: 0.0000610 seconds
35.585: Application time: 0.1524100 seconds
35.585: [GC [PSYoungGen: 89989K->5456K(86528K)] 135300K->50939K(169472K), 0.0016440 secs] [Times: user=0.01 sys=0.00, real=0.00 secs] 
35.586: Total time for which application threads were stopped: 0.0017810 seconds, Stopping threads took: 0.0000550 seconds
35.740: Application time: 0.1539730 seconds
35.740: [GC [PSYoungGen: 85686K->2304K(80896K)] 131170K->47919K(163840K), 0.0009590 secs] [Times: user=0.00 sys=0.00, real=0.00 secs] 
35.741: Total time for which application threads were stopped: 0.0010840 seconds, Stopping threads took: 0.0000550 seconds
35.887: Application time: 0.1459240 seconds
35.887: [GC [PSYoungGen: 80614K->4368K(80384K)] 126230K->49983K(163328K), 0.0013970 secs] [Times: user=0.01 sys=0.00, real=0.00 secs] 
35.889: Total time for which application threads were stopped: 0.0015430 seconds, Stopping threads took: 0.0000570 seconds
36.025: Application time: 0.1360930 seconds
36.027: [GC [PSYoungGen: 79863K->5408K(78848K)] 125478K->51023K(161792K), 0.0017610 secs] [Times: user=0.01 sys=0.00, real=0.00 secs] 
36.029: Total time for which application threads were stopped: 0.0039680 seconds, Stopping threads took: 0.0021190 seconds
36.163: Application time: 0.1337560 seconds
36.163: [GC [PSYoungGen: 78153K->5488K(76800K)] 123769K->51151K(159744K), 0.0017500 secs] [Times: user=0.01 sys=0.00, real=0.01 secs] 
36.165: Total time for which application threads were stopped: 0.0019150 seconds, Stopping threads took: 0.0000820 seconds
36.298: Application time: 0.1332410 seconds
36.298: [GC [PSYoungGen: 75802K->3376K(72704K)] 121466K->49207K(155648K), 0.0012720 secs] [Times: user=0.01 sys=0.01, real=0.00 secs] 
36.299: Total time for which application threads were stopped: 0.0014040 seconds, Stopping threads took: 0.0000600 seconds
36.425: Application time: 0.1254140 seconds
36.425: [GC [PSYoungGen: 71764K->4352K(73216K)] 117595K->50263K(156160K), 0.0012900 secs] [Times: user=0.00 sys=0.00, real=0.00 secs] 
36.426: Total time for which application threads were stopped: 0.0014670 seconds, Stopping threads took: 0.0000890 seconds
36.543: Application time: 0.1170560 seconds
36.543: [GC [PSYoungGen: 71424K->7424K(75264K)] 117335K->53335K(158208K), 0.0022130 secs] [Times: user=0.02 sys=0.00, real=0.00 secs] 
36.546: Total time for which application threads were stopped: 0.0023870 seconds, Stopping threads took: 0.0000820 seconds
36.669: Application time: 0.1238900 seconds
36.670: [GC [PSYoungGen: 74275K->7424K(89088K)] 120187K->53335K(172032K), 0.0018060 secs] [Times: user=0.00 sys=0.00, real=0.01 secs] 
36.671: Total time for which application threads were stopped: 0.0019520 seconds, Stopping threads took: 0.0000600 seconds
36.822: Application time: 0.1509070 seconds
36.822: [GC [PSYoungGen: 86844K->4416K(89600K)] 132756K->50327K(172544K), 0.0012850 secs] [Times: user=0.01 sys=0.01, real=0.01 secs] 
36.824: Total time for which application threads were stopped: 0.0014570 seconds, Stopping threads took: 0.0001000 seconds
36.973: Application time: 0.1494470 seconds
36.973: [GC [PSYoungGen: 84263K->5376K(104960K)] 130175K->51496K(187904K), 0.0013520 secs] [Times: user=0.01 sys=0.00, real=0.00 secs] 
36.975: Total time for which application threads were stopped: 0.0015020 seconds, Stopping threads took: 0.0000640 seconds
37.150: Application time: 0.1753830 seconds
37.150: [GC [PSYoungGen: 101806K->6400K(99840K)] 147926K->52596K(182784K), 0.0015920 secs] [Times: user=0.00 sys=0.01, real=0.01 secs] 
37.152: Total time for which application threads were stopped: 0.0017710 seconds, Stopping threads took: 0.0001060 seconds
37.325: Application time: 0.1734850 seconds
37.325: [GC [PSYoungGen: 99314K->6336K(101888K)] 145510K->53556K(184832K), 0.0020760 secs] [Times: user=0.00 sys=0.01, real=0.00 secs] 
37.328: Total time for which application threads were stopped: 0.0022320 seconds, Stopping threads took: 0.0000730 seconds
37.507: Application time: 0.1795050 seconds
37.507: [GC [PSYoungGen: 100693K->4496K(96256K)] 147913K->51716K(179200K), 0.0013380 secs] [Times: user=0.01 sys=0.00, real=0.00 secs] 
37.509: Total time for which application threads were stopped: 0.0014820 seconds, Stopping threads took: 0.0000610 seconds
37.672: Application time: 0.1637170 seconds
37.672: [GC [PSYoungGen: 95697K->5280K(94208K)] 142917K->52696K(177152K), 0.0016690 secs] [Times: user=0.01 sys=0.00, real=0.00 secs] 
37.674: Total time for which application threads were stopped: 0.0018280 seconds, Stopping threads took: 0.0000810 seconds
37.842: Application time: 0.1678720 seconds
37.842: [GC [PSYoungGen: 93280K->3328K(89088K)] 140696K->50836K(172032K), 0.0011710 secs] [Times: user=0.00 sys=0.00, real=0.01 secs] 
37.843: Total time for which application threads were stopped: 0.0013220 seconds, Stopping threads took: 0.0000790 seconds
37.995: Application time: 0.1519160 seconds
37.995: [GC [PSYoungGen: 88291K->7424K(90112K)] 135799K->54932K(173056K), 0.0023290 secs] [Times: user=0.01 sys=0.00, real=0.00 secs] 
37.998: Total time for which application threads were stopped: 0.0024830 seconds, Stopping threads took: 0.0000660 seconds
38.152: Application time: 0.1539740 seconds
38.152: [GC [PSYoungGen: 88888K->3392K(83456K)] 136396K->50900K(166400K), 0.0011250 secs] [Times: user=0.00 sys=0.00, real=0.00 secs] 
38.153: Total time for which application threads were stopped: 0.0012600 seconds, Stopping threads took: 0.0000580 seconds
38.295: Application time: 0.1418440 seconds
38.295: [GC [PSYoungGen: 82511K->6448K(83968K)] 130019K->54136K(166912K), 0.0020110 secs] [Times: user=0.02 sys=0.00, real=0.00 secs] 
38.297: Total time for which application threads were stopped: 0.0021680 seconds, Stopping threads took: 0.0000720 seconds
38.438: Application time: 0.1410120 seconds
38.438: [GC [PSYoungGen: 82939K->6400K(86528K)] 130628K->54192K(169472K), 0.0020190 secs] [Times: user=0.01 sys=0.00, real=0.00 secs] 
38.440: Total time for which application threads were stopped: 0.0021620 seconds, Stopping threads took: 0.0000600 seconds
38.592: Application time: 0.1513340 seconds
38.592: [GC [PSYoungGen: 83712K->3328K(78336K)] 131504K->51120K(161280K), 0.0008630 secs] [Times: user=0.00 sys=0.00, real=0.00 secs] 
38.593: Total time for which application threads were stopped: 0.0009830 seconds, Stopping threads took: 0.0000520 seconds
38.730: Application time: 0.1377920 seconds
38.730: [GC [PSYoungGen: 78080K->4352K(76800K)] 125872K->52144K(159744K), 0.0014070 secs] [Times: user=0.01 sys=0.00, real=0.01 secs] 
38.732: Total time for which application threads were stopped: 0.0015640 seconds, Stopping threads took: 0.0000710 seconds
38.865: Application time: 0.1331410 seconds
38.865: [GC [PSYoungGen: 75997K->3392K(73728K)] 123789K->51232K(156672K), 0.0009380 secs] [Times: user=0.00 sys=0.00, real=0.00 secs] 
38.866: Total time for which application threads were stopped: 0.0010640 seconds, Stopping threads took: 0.0000580 seconds
38.990: Application time: 0.1241460 seconds
38.990: [GC [PSYoungGen: 72769K->4368K(72704K)] 120610K->52380K(155648K), 0.0014920 secs] [Times: user=0.00 sys=0.00, real=0.01 secs] 
38.992: Total time for which application threads were stopped: 0.0016260 seconds, Stopping threads took: 0.0000620 seconds
39.113: Application time: 0.1213810 seconds
39.113: [GC [PSYoungGen: 72075K->6400K(86016K)] 120088K->54481K(168960K), 0.0018550 secs] [Times: user=0.02 sys=0.00, real=0.00 secs] 
39.115: Total time for which application threads were stopped: 0.0019900 seconds, Stopping threads took: 0.0000560 seconds
39.261: Application time: 0.1459050 seconds
39.261: [GC [PSYoungGen: 83091K->4352K(79360K)] 131172K->52433K(162304K), 0.0013710 secs] [Times: user=0.01 sys=0.00, real=0.00 secs] 
39.263: Total time for which application threads were stopped: 0.0015200 seconds, Stopping threads took: 0.0000690 seconds
39.405: Application time: 0.1425610 seconds
39.405: [GC [PSYoungGen: 78400K->3296K(78336K)] 126481K->51377K(161280K), 0.0010470 secs] [Times: user=0.01 sys=0.00, real=0.00 secs] 
39.406: Total time for which application threads were stopped: 0.0011910 seconds, Stopping threads took: 0.0000810 seconds
39.534: Application time: 0.1277380 seconds
39.534: [GC [PSYoungGen: 75488K->4480K(74752K)] 123569K->52561K(157696K), 0.0014400 secs] [Times: user=0.01 sys=0.00, real=0.00 secs] 
39.536: Total time for which application threads were stopped: 0.0015750 seconds, Stopping threads took: 0.0000570 seconds
39.666: Application time: 0.1298390 seconds
39.666: [GC [PSYoungGen: 74566K->4304K(74240K)] 122647K->52593K(157184K), 0.0014160 secs] [Times: user=0.00 sys=0.00, real=0.00 secs] 
39.667: Total time for which application threads were stopped: 0.0015470 seconds, Stopping threads took: 0.0000630 seconds
39.788: Application time: 0.1211200 seconds
39.788: [GC [PSYoungGen: 72048K->7424K(76288K)] 120337K->55781K(159232K), 0.0021590 secs] [Times: user=0.02 sys=0.00, real=0.00 secs] 
39.791: Total time for which application threads were stopped: 0.0023180 seconds, Stopping threads took: 0.0000680 seconds
39.917: Application time: 0.1267420 seconds
39.917: [GC [PSYoungGen: 75391K->6400K(90624K)] 123749K->54757K(173568K), 0.0014920 secs] [Times: user=0.01 sys=0.00, real=0.00 secs] 
39.919: Total time for which application threads were stopped: 0.0016420 seconds, Stopping threads took: 0.0000730 seconds
40.073: Application time: 0.1542720 seconds
40.073: [GC [PSYoungGen: 88320K->5344K(90624K)] 136677K->53701K(173568K), 0.0014540 secs] [Times: user=0.01 sys=0.00, real=0.00 secs] 
40.075: Total time for which application threads were stopped: 0.0015990 seconds, Stopping threads took: 0.0000690 seconds
40.227: Application time: 0.1518990 seconds
40.227: [GC [PSYoungGen: 86764K->4496K(83968K)] 135121K->52853K(166912K), 0.0010740 secs] [Times: user=0.00 sys=0.01, real=0.00 secs] 
40.228: Total time for which application threads were stopped: 0.0012240 seconds, Stopping threads took: 0.0000790 seconds
40.371: Application time: 0.1433040 seconds
40.371: [GC [PSYoungGen: 83557K->7456K(103424K)] 131915K->56025K(186368K), 0.0019580 secs] [Times: user=0.01 sys=0.00, real=0.00 secs] 
40.373: Total time for which application threads were stopped: 0.0021120 seconds, Stopping threads took: 0.0000620 seconds
40.554: Application time: 0.1805750 seconds
40.554: [GC [PSYoungGen: 102159K->4352K(97280K)] 150728K->53001K(180224K), 0.0011520 secs] [Times: user=0.01 sys=0.00, real=0.00 secs] 
40.555: Total time for which application threads were stopped: 0.0012990 seconds, Stopping threads took: 0.0000690 seconds
40.722: Application time: 0.1669120 seconds
40.722: [GC [PSYoungGen: 95776K->5376K(94720K)] 144426K->54025K(177664K), 0.0016280 secs] [Times: user=0.01 sys=0.00, real=0.01 secs] 
40.724: Total time for which application threads were stopped: 0.0017650 seconds, Stopping threads took: 0.0000640 seconds
40.885: Application time: 0.1613090 seconds
40.885: [GC [PSYoungGen: 93558K->4480K(90624K)] 142207K->53129K(173568K), 0.0013700 secs] [Times: user=0.01 sys=0.00, real=0.00 secs] 
40.887: Total time for which application threads were stopped: 0.0015150 seconds, Stopping threads took: 0.0000600 seconds
41.044: Application time: 0.1571710 seconds
41.044: [GC [PSYoungGen: 89856K->7440K(94208K)] 138506K->56298K(177152K), 0.0022670 secs] [Times: user=0.02 sys=0.00, real=0.00 secs] 
41.046: Total time for which application threads were stopped: 0.0024100 seconds, Stopping threads took: 0.0000580 seconds
41.200: Application time: 0.1533240 seconds
41.200: [GC [PSYoungGen: 92800K->6368K(89600K)] 141658K->55294K(172544K), 0.0015790 secs] [Times: user=0.01 sys=0.00, real=0.00 secs] 
41.201: Total time for which application threads were stopped: 0.0017420 seconds, Stopping threads took: 0.0000780 seconds
41.359: Application time: 0.1575380 seconds
41.359: [GC [PSYoungGen: 88448K->5376K(86016K)] 137374K->54302K(168960K), 0.0014620 secs] [Times: user=0.01 sys=0.00, real=0.00 secs] 
41.361: Total time for which application threads were stopped: 0.0016250 seconds, Stopping threads took: 0.0000850 seconds
41.510: Application time: 0.1499030 seconds
41.511: [GC [PSYoungGen: 85526K->3440K(81408K)] 134452K->52366K(164352K), 0.0009730 secs] [Times: user=0.00 sys=0.00, real=0.01 secs] 
41.512: Total time for which application threads were stopped: 0.0011400 seconds, Stopping threads took: 0.0000860 seconds
41.653: Application time: 0.1409510 seconds
41.653: [GC [PSYoungGen: 80497K->6416K(81920K)] 129423K->55522K(164864K), 0.0020510 secs] [Times: user=0.01 sys=0.00, real=0.00 secs] 
41.655: Total time for which application threads were stopped: 0.0022240 seconds, Stopping threads took: 0.0000840 seconds
41.792: Application time: 0.1374350 seconds
41.792: [GC [PSYoungGen: 80904K->6400K(98304K)] 130010K->55582K(181248K), 0.0020290 secs] [Times: user=0.01 sys=0.00, real=0.00 secs] 
41.794: Total time for which application threads were stopped: 0.0021740 seconds, Stopping threads took: 0.0000570 seconds
41.956: Application time: 0.1620250 seconds
41.957: [GC [PSYoungGen: 96857K->6368K(99328K)] 146040K->55582K(182272K), 0.0020010 secs] [Times: user=0.01 sys=0.00, real=0.00 secs] 
41.959: Total time for which application threads were stopped: 0.0021570 seconds, Stopping threads took: 0.0000750 seconds
42.130: Application time: 0.1716800 seconds
42.130: [GC [PSYoungGen: 96596K->6432K(117760K)] 145810K->55646K(200704K), 0.0014410 secs] [Times: user=0.00 sys=0.01, real=0.01 secs] 
42.132: Total time for which application threads were stopped: 0.0016170 seconds, Stopping threads took: 0.0000920 seconds
42.332: Application time: 0.2000120 seconds
42.332: [GC [PSYoungGen: 115215K->6544K(111616K)] 164429K->55826K(194560K), 0.0016780 secs] [Times: user=0.01 sys=0.00, real=0.00 secs] 
42.334: Total time for which application threads were stopped: 0.0018490 seconds, Stopping threads took: 0.0000930 seconds
42.531: Application time: 0.1971940 seconds
42.531: [GC [PSYoungGen: 110652K->4384K(105984K)] 159934K->53846K(188928K), 0.0013110 secs] [Times: user=0.01 sys=0.00, real=0.00 secs] 
42.532: Total time for which application threads were stopped: 0.0014660 seconds, Stopping threads took: 0.0000830 seconds
42.718: Application time: 0.1857550 seconds
42.718: [GC [PSYoungGen: 105322K->5376K(103424K)] 154785K->54886K(186368K), 0.0016980 secs] [Times: user=0.00 sys=0.01, real=0.00 secs] 
42.720: Total time for which application threads were stopped: 0.0018530 seconds, Stopping threads took: 0.0000700 seconds
42.893: Application time: 0.1732670 seconds
42.893: [GC [PSYoungGen: 102558K->5472K(99840K)] 152069K->54982K(182784K), 0.0016140 secs] [Times: user=0.00 sys=0.00, real=0.00 secs] 
42.895: Total time for which application threads were stopped: 0.0017550 seconds, Stopping threads took: 0.0000630 seconds
43.074: Application time: 0.1787520 seconds
43.074: [GC [PSYoungGen: 99021K->4384K(95744K)] 148532K->54066K(178688K), 0.0015690 secs] [Times: user=0.01 sys=0.00, real=0.00 secs] 
43.076: Total time for which application threads were stopped: 0.0017300 seconds, Stopping threads took: 0.0000820 seconds
43.242: Application time: 0.1665090 seconds
43.242: [GC [PSYoungGen: 95103K->4320K(92672K)] 144786K->54110K(175616K), 0.0014170 secs] [Times: user=0.01 sys=0.00, real=0.01 secs] 
43.244: Total time for which application threads were stopped: 0.0015610 seconds, Stopping threads took: 0.0000590 seconds
43.408: Application time: 0.1645650 seconds
43.408: [GC [PSYoungGen: 91751K->4352K(89600K)] 141542K->54142K(172544K), 0.0015200 secs] [Times: user=0.01 sys=0.00, real=0.00 secs] 
43.410: Total time for which application threads were stopped: 0.0016620 seconds, Stopping threads took: 0.0000660 seconds
43.560: Application time: 0.1499720 seconds
43.560: [GC [PSYoungGen: 89079K->7552K(89600K)] 138870K->57351K(172544K), 0.0021100 secs] [Times: user=0.01 sys=0.00, real=0.00 secs] 
43.562: Total time for which application threads were stopped: 0.0022690 seconds, Stopping threads took: 0.0000780 seconds
43.715: Application time: 0.1532110 seconds
43.715: [GC [PSYoungGen: 88866K->5456K(84992K)] 138665K->55435K(167936K), 0.0018750 secs] [Times: user=0.01 sys=0.00, real=0.00 secs] 
43.717: Total time for which application threads were stopped: 0.0020110 seconds, Stopping threads took: 0.0000550 seconds
43.864: Application time: 0.1469820 seconds
43.864: [GC [PSYoungGen: 84523K->4352K(81408K)] 134502K->55471K(164352K), 0.0015240 secs] [Times: user=0.01 sys=0.00, real=0.00 secs] 
43.866: Total time for which application threads were stopped: 0.0016730 seconds, Stopping threads took: 0.0000640 seconds
44.008: Application time: 0.1422680 seconds
44.008: [GC [PSYoungGen: 80167K->4352K(78848K)] 131286K->55471K(161792K), 0.0013410 secs] [Times: user=0.01 sys=0.00, real=0.00 secs] 
44.010: Total time for which application threads were stopped: 0.0014890 seconds, Stopping threads took: 0.0000680 seconds
44.144: Application time: 0.1345990 seconds
44.144: [GC [PSYoungGen: 77690K->4352K(76288K)] 128809K->55471K(159232K), 0.0014240 secs] [Times: user=0.01 sys=0.00, real=0.00 secs] 
44.146: Total time for which application threads were stopped: 0.0015830 seconds, Stopping threads took: 0.0000830 seconds
44.278: Application time: 0.1325230 seconds
44.279: [GC [PSYoungGen: 75976K->6496K(80384K)] 127095K->57655K(163328K), 0.0018660 secs] [Times: user=0.01 sys=0.00, real=0.00 secs] 
44.280: Total time for which application threads were stopped: 0.0020040 seconds, Stopping threads took: 0.0000570 seconds
44.412: Application time: 0.1312190 seconds
44.412: [GC [PSYoungGen: 77755K->6432K(93696K)] 128914K->57779K(176640K), 0.0016980 secs] [Times: user=0.01 sys=0.00, real=0.00 secs] 
44.414: Total time for which application threads were stopped: 0.0018620 seconds, Stopping threads took: 0.0000700 seconds
44.572: Application time: 0.1585860 seconds
44.572: [GC [PSYoungGen: 91409K->5360K(94208K)] 142756K->56783K(177152K), 0.0014240 secs] [Times: user=0.01 sys=0.00, real=0.00 secs] 
44.574: Total time for which application threads were stopped: 0.0015630 seconds, Stopping threads took: 0.0000590 seconds
44.729: Application time: 0.1556750 seconds
44.729: [GC [PSYoungGen: 90313K->5376K(88064K)] 141737K->56799K(171008K), 0.0012040 secs] [Times: user=0.01 sys=0.00, real=0.00 secs] 
44.731: Total time for which application threads were stopped: 0.0013510 seconds, Stopping threads took: 0.0000770 seconds
44.883: Application time: 0.1525660 seconds
44.883: [GC [PSYoungGen: 87374K->6464K(86528K)] 138797K->57887K(169472K), 0.0017560 secs] [Times: user=0.01 sys=0.00, real=0.00 secs] 
44.885: Total time for which application threads were stopped: 0.0019170 seconds, Stopping threads took: 0.0000800 seconds
45.034: Application time: 0.1488110 seconds
45.034: [GC [PSYoungGen: 86039K->3440K(80896K)] 137463K->54967K(163840K), 0.0009270 secs] [Times: user=0.00 sys=0.00, real=0.00 secs] 
45.035: Total time for which application threads were stopped: 0.0010820 seconds, Stopping threads took: 0.0000780 seconds
45.176: Application time: 0.1413060 seconds
45.177: [GC [PSYoungGen: 80422K->6416K(81408K)] 131950K->58091K(164352K), 0.0020130 secs] [Times: user=0.01 sys=0.00, real=0.00 secs] 
45.179: Total time for which application threads were stopped: 0.0021630 seconds, Stopping threads took: 0.0000680 seconds
45.315: Application time: 0.1361310 seconds
45.315: [GC [PSYoungGen: 80750K->6400K(96768K)] 132426K->58115K(179712K), 0.0018780 secs] [Times: user=0.01 sys=0.00, real=0.00 secs] 
45.317: Total time for which application threads were stopped: 0.0020380 seconds, Stopping threads took: 0.0000750 seconds
45.486: Application time: 0.1697380 seconds
45.487: [GC [PSYoungGen: 96496K->3328K(90624K)] 148212K->55043K(173568K), 0.0009780 secs] [Times: user=0.00 sys=0.00, real=0.00 secs] 
45.488: Total time for which application threads were stopped: 0.0011190 seconds, Stopping threads took: 0.0000700 seconds
45.645: Application time: 0.1574470 seconds
45.645: [GC [PSYoungGen: 89657K->4448K(88576K)] 141372K->56211K(171520K), 0.0014580 secs] [Times: user=0.01 sys=0.00, real=0.00 secs] 
45.647: Total time for which application threads were stopped: 0.0016090 seconds, Stopping threads took: 0.0000650 seconds
45.794: Application time: 0.1477470 seconds
45.795: [GC [PSYoungGen: 87854K->7440K(92160K)] 139618K->59384K(175104K), 0.0023180 secs] [Times: user=0.01 sys=0.00, real=0.00 secs] 
45.797: Total time for which application threads were stopped: 0.0024790 seconds, Stopping threads took: 0.0000780 seconds
45.961: Application time: 0.1642000 seconds
45.961: [GC [PSYoungGen: 91168K->2272K(83968K)] 143112K->54304K(166912K), 0.0007250 secs] [Times: user=0.00 sys=0.00, real=0.00 secs] 
45.962: Total time for which application threads were stopped: 0.0008690 seconds, Stopping threads took: 0.0000740 seconds
46.108: Application time: 0.1456000 seconds
46.108: [GC [PSYoungGen: 83401K->6368K(85504K)] 135433K->58400K(168448K), 0.0019320 secs] [Times: user=0.01 sys=0.00, real=0.00 secs] 
46.110: Total time for which application threads were stopped: 0.0020780 seconds, Stopping threads took: 0.0000610 seconds
46.256: Application time: 0.1463330 seconds
46.256: [GC [PSYoungGen: 84853K->3440K(79872K)] 136885K->55472K(162816K), 0.0008700 secs] [Times: user=0.00 sys=0.00, real=0.00 secs] 
46.257: Total time for which application threads were stopped: 0.0010000 seconds, Stopping threads took: 0.0000550 seconds
46.395: Application time: 0.1375440 seconds
46.395: [GC [PSYoungGen: 79196K->5424K(79360K)] 131228K->57632K(162304K), 0.0018460 secs] [Times: user=0.01 sys=0.00, real=0.00 secs] 
46.397: Total time for which application threads were stopped: 0.0020000 seconds, Stopping threads took: 0.0000720 seconds
46.535: Application time: 0.1382620 seconds
46.535: [GC [PSYoungGen: 78999K->5392K(76800K)] 131208K->57684K(159744K), 0.0017150 secs] [Times: user=0.00 sys=0.00, real=0.00 secs] 
46.537: Total time for which application threads were stopped: 0.0018780 seconds, Stopping threads took: 0.0000820 seconds
46.666: Application time: 0.1288960 seconds
46.666: [GC [PSYoungGen: 76317K->5376K(89600K)] 128609K->57716K(172544K), 0.0015520 secs] [Times: user=0.01 sys=0.00, real=0.00 secs] 
46.667: Total time for which application threads were stopped: 0.0016900 seconds, Stopping threads took: 0.0000590 seconds
46.819: Application time: 0.1521210 seconds
46.819: [GC [PSYoungGen: 86057K->6400K(93184K)] 138397K->58740K(176128K), 0.0017350 secs] [Times: user=0.01 sys=0.00, real=0.00 secs] 
46.821: Total time for which application threads were stopped: 0.0018910 seconds, Stopping threads took: 0.0000700 seconds
46.983: Application time: 0.1615260 seconds
46.983: [GC [PSYoungGen: 91309K->5504K(93696K)] 143649K->57844K(176640K), 0.0016500 secs] [Times: user=0.01 sys=0.00, real=0.01 secs] 
46.985: Total time for which application threads were stopped: 0.0018100 seconds, Stopping threads took: 0.0000800 seconds
47.136: Application time: 0.1516230 seconds
47.136: [GC [PSYoungGen: 90038K->5440K(87552K)] 142378K->57968K(170496K), 0.0013330 secs] [Times: user=0.01 sys=0.00, real=0.00 secs] 
47.138: Total time for which application threads were stopped: 0.0014860 seconds, Stopping threads took: 0.0000790 seconds
47.287: Application time: 0.1493310 seconds
47.287: [GC [PSYoungGen: 87325K->7392K(105984K)] 139854K->60036K(188928K), 0.0017300 secs] [Times: user=0.01 sys=0.00, real=0.00 secs] 
47.289: Total time for which application threads were stopped: 0.0018700 seconds, Stopping threads took: 0.0000600 seconds
47.475: Application time: 0.1862510 seconds
47.475: [GC [PSYoungGen: 104870K->2272K(99328K)] 157515K->54916K(182272K), 0.0008770 secs] [Times: user=0.01 sys=0.00, real=0.00 secs] 
47.477: Total time for which application threads were stopped: 0.0016810 seconds, Stopping threads took: 0.0000660 seconds
47.653: Application time: 0.1759930 seconds
47.653: [GC [PSYoungGen: 96596K->3456K(95232K)] 149240K->56100K(178176K), 0.0011850 secs] [Times: user=0.01 sys=0.00, real=0.00 secs] 
47.654: Total time for which application threads were stopped: 0.0013450 seconds, Stopping threads took: 0.0000870 seconds
47.815: Application time: 0.1605310 seconds
47.815: [GC [PSYoungGen: 94607K->6448K(95232K)] 147252K->59273K(178176K), 0.0020480 secs] [Times: user=0.01 sys=0.00, real=0.00 secs] 
47.817: Total time for which application threads were stopped: 0.0022180 seconds, Stopping threads took: 0.0000880 seconds
47.990: Application time: 0.1726150 seconds
47.990: [GC [PSYoungGen: 95024K->4352K(90112K)] 147849K->57289K(173056K), 0.0014420 secs] [Times: user=0.01 sys=0.01, real=0.01 secs] 
47.991: Total time for which application threads were stopped: 0.0016200 seconds, Stopping threads took: 0.0000890 seconds
48.141: Application time: 0.1500540 seconds
48.143: [GC [PSYoungGen: 89638K->6368K(89088K)] 142575K->59305K(172032K), 0.0019610 secs] [Times: user=0.01 sys=0.00, real=0.00 secs] 
48.145: Total time for which application threads were stopped: 0.0038910 seconds, Stopping threads took: 0.0018510 seconds
48.297: Application time: 0.1522680 seconds
48.298: [GC [PSYoungGen: 87833K->6432K(86528K)] 140770K->59369K(169472K), 0.0019060 secs] [Times: user=0.01 sys=0.00, real=0.00 secs] 
48.299: Total time for which application threads were stopped: 0.0020720 seconds, Stopping threads took: 0.0000790 seconds
48.446: Application time: 0.1463310 seconds
48.446: [GC [PSYoungGen: 85442K->6448K(89088K)] 138379K->59521K(172032K), 0.0018380 secs] [Times: user=0.02 sys=0.00, real=0.00 secs] 
48.448: Total time for which application threads were stopped: 0.0019880 seconds, Stopping threads took: 0.0000710 seconds
48.602: Application time: 0.1537280 seconds
48.602: [GC [PSYoungGen: 86410K->3296K(81920K)] 139483K->56481K(164864K), 0.0011160 secs] [Times: user=0.00 sys=0.00, real=0.00 secs] 
48.603: Total time for which application threads were stopped: 0.0012790 seconds, Stopping threads took: 0.0000800 seconds
48.743: Application time: 0.1404140 seconds
48.743: [GC [PSYoungGen: 81130K->6400K(87552K)] 134315K->59625K(170496K), 0.0019720 secs] [Times: user=0.02 sys=0.00, real=0.00 secs] 
48.745: Total time for which application threads were stopped: 0.0021330 seconds, Stopping threads took: 0.0000770 seconds
48.886: Application time: 0.1405690 seconds
48.886: [GC [PSYoungGen: 84136K->6464K(87552K)] 137362K->59689K(170496K), 0.0018140 secs] [Times: user=0.01 sys=0.00, real=0.00 secs] 
48.888: Total time for which application threads were stopped: 0.0019940 seconds, Stopping threads took: 0.0001000 seconds
49.033: Application time: 0.1452550 seconds
49.033: [GC [PSYoungGen: 84515K->7488K(102912K)] 137740K->60781K(185856K), 0.0017820 secs] [Times: user=0.02 sys=0.00, real=0.00 secs] 
49.035: Total time for which application threads were stopped: 0.0019460 seconds, Stopping threads took: 0.0000770 seconds
49.211: Application time: 0.1761390 seconds
49.211: [GC [PSYoungGen: 100748K->4400K(103424K)] 154041K->57809K(186368K), 0.0013760 secs] [Times: user=0.00 sys=0.00, real=0.00 secs] 
49.213: Total time for which application threads were stopped: 0.0015270 seconds, Stopping threads took: 0.0000620 seconds
49.378: Application time: 0.1649510 seconds
49.378: [GC [PSYoungGen: 97240K->6400K(97280K)] 150649K->59921K(180224K), 0.0015000 secs] [Times: user=0.01 sys=0.01, real=0.00 secs] 
49.379: Total time for which application threads were stopped: 0.0016520 seconds, Stopping threads took: 0.0000730 seconds
49.552: Application time: 0.1727130 seconds
49.552: [GC [PSYoungGen: 96477K->5392K(93184K)] 149999K->58913K(176128K), 0.0014920 secs] [Times: user=0.00 sys=0.00, real=0.00 secs] 
49.554: Total time for which application threads were stopped: 0.0016400 seconds, Stopping threads took: 0.0000730 seconds
49.708: Application time: 0.1542930 seconds
49.708: [GC [PSYoungGen: 92056K->6464K(91136K)] 145578K->60025K(174080K), 0.0015980 secs] [Times: user=0.01 sys=0.00, real=0.00 secs] 
49.710: Total time for which application threads were stopped: 0.0017480 seconds, Stopping threads took: 0.0000740 seconds
49.867: Application time: 0.1573010 seconds
49.867: [GC [PSYoungGen: 90944K->7392K(109056K)] 144505K->61089K(192000K), 0.0022260 secs] [Times: user=0.01 sys=0.00, real=0.00 secs] 
49.869: Total time for which application threads were stopped: 0.0023790 seconds, Stopping threads took: 0.0000690 seconds
50.053: Application time: 0.1834810 seconds
50.053: [GC [PSYoungGen: 107981K->6368K(110592K)] 161679K->60174K(193536K), 0.0019290 secs] [Times: user=0.01 sys=0.01, real=0.00 secs] 
50.055: Total time for which application threads were stopped: 0.0020840 seconds, Stopping threads took: 0.0000610 seconds
50.247: Application time: 0.1915000 seconds
50.247: [GC [PSYoungGen: 108516K->7456K(112128K)] 162321K->61262K(195072K), 0.0021210 secs] [Times: user=0.02 sys=0.00, real=0.00 secs] 
50.249: Total time for which application threads were stopped: 0.0022800 seconds, Stopping threads took: 0.0000830 seconds
50.438: Application time: 0.1890210 seconds
50.438: [GC [PSYoungGen: 109735K->6496K(105984K)] 163540K->60374K(188928K), 0.0015930 secs] [Times: user=0.00 sys=0.01, real=0.00 secs] 
50.440: Total time for which application threads were stopped: 0.0017450 seconds, Stopping threads took: 0.0000700 seconds
50.627: Application time: 0.1873200 seconds
50.627: [GC [PSYoungGen: 105824K->4368K(100352K)] 159702K->58422K(183296K), 0.0012590 secs] [Times: user=0.00 sys=0.00, real=0.00 secs] 
50.628: Total time for which application threads were stopped: 0.0014360 seconds, Stopping threads took: 0.0000940 seconds
50.801: Application time: 0.1721380 seconds
50.801: [GC [PSYoungGen: 99734K->5376K(97792K)] 153788K->59470K(180736K), 0.0012160 secs] [Times: user=0.01 sys=0.00, real=0.00 secs] 
50.802: Total time for which application threads were stopped: 0.0013510 seconds, Stopping threads took: 0.0000570 seconds
50.972: Application time: 0.1705010 seconds
50.972: [GC [PSYoungGen: 96545K->5456K(94720K)] 150639K->59550K(177664K), 0.0017270 secs] [Times: user=0.01 sys=0.00, real=0.00 secs] 
50.974: Total time for which application threads were stopped: 0.0018940 seconds, Stopping threads took: 0.0000790 seconds
51.134: Application time: 0.1595830 seconds
51.134: [GC [PSYoungGen: 94305K->6464K(92672K)] 148399K->60706K(175616K), 0.0017810 secs] [Times: user=0.01 sys=0.00, real=0.00 secs] 
51.136: Total time for which application threads were stopped: 0.0019370 seconds, Stopping threads took: 0.0000770 seconds
51.299: Application time: 0.1628000 seconds
51.299: [GC [PSYoungGen: 91486K->4352K(87552K)] 145728K->58702K(170496K), 0.0015430 secs] [Times: user=0.01 sys=0.00, real=0.00 secs] 
51.300: Total time for which application threads were stopped: 0.0016810 seconds, Stopping threads took: 0.0000630 seconds
51.452: Application time: 0.1512310 seconds
51.452: [GC [PSYoungGen: 87037K->6400K(87040K)] 141388K->60790K(169984K), 0.0019410 secs] [Times: user=0.02 sys=0.00, real=0.00 secs] 
51.454: Total time for which application threads were stopped: 0.0020910 seconds, Stopping threads took: 0.0000690 seconds
51.601: Application time: 0.1472650 seconds
51.601: [GC [PSYoungGen: 86353K->7456K(104448K)] 140743K->61846K(187392K), 0.0022950 secs] [Times: user=0.02 sys=0.00, real=0.01 secs] 
51.603: Total time for which application threads were stopped: 0.0024550 seconds, Stopping threads took: 0.0000670 seconds
51.785: Application time: 0.1819000 seconds
51.785: [GC [PSYoungGen: 103293K->4400K(97792K)] 157683K->58862K(180736K), 0.0014150 secs] [Times: user=0.01 sys=0.00, real=0.00 secs] 
51.787: Total time for which application threads were stopped: 0.0015710 seconds, Stopping threads took: 0.0000790 seconds
51.952: Application time: 0.1656370 seconds
51.953: [GC [PSYoungGen: 97232K->6368K(105472K)] 151695K->61010K(188416K), 0.0019450 secs] [Times: user=0.02 sys=0.00, real=0.00 secs] 
51.955: Total time for which application threads were stopped: 0.0021020 seconds, Stopping threads took: 0.0000820 seconds
52.135: Application time: 0.1802110 seconds
52.135: [GC [PSYoungGen: 101800K->7424K(100352K)] 156443K->62106K(183296K), 0.0017700 secs] [Times: user=0.00 sys=0.02, real=0.00 secs] 
52.137: Total time for which application threads were stopped: 0.0019200 seconds, Stopping threads took: 0.0000680 seconds
52.303: Application time: 0.1666080 seconds
52.303: [GC [PSYoungGen: 100096K->7376K(119808K)] 154778K->62058K(202752K), 0.0020090 secs] [Times: user=0.01 sys=0.00, real=0.00 secs] 
52.305: Total time for which application threads were stopped: 0.0021660 seconds, Stopping threads took: 0.0000740 seconds
52.518: Application time: 0.2121260 seconds
52.518: [GC [PSYoungGen: 117968K->5520K(112128K)] 172650K->60282K(195072K), 0.0017550 secs] [Times: user=0.01 sys=0.00, real=0.00 secs] 
52.519: Total time for which application threads were stopped: 0.0018970 seconds, Stopping threads took: 0.0000680 seconds
52.708: Application time: 0.1880790 seconds
52.708: [GC [PSYoungGen: 111121K->6368K(109056K)] 165884K->61303K(192000K), 0.0021570 secs] [Times: user=0.01 sys=0.00, real=0.00 secs] 
52.710: Total time for which application threads were stopped: 0.0023320 seconds, Stopping threads took: 0.0000900 seconds
52.900: Application time: 0.1899090 seconds
52.900: [GC [PSYoungGen: 108295K->6400K(105472K)] 163231K->61375K(188416K), 0.0015730 secs] [Times: user=0.01 sys=0.00, real=0.00 secs] 
52.902: Total time for which application threads were stopped: 0.0017310 seconds, Stopping threads took: 0.0000840 seconds
53.084: Application time: 0.1820270 seconds
53.084: [GC [PSYoungGen: 104425K->7584K(102912K)] 159400K->62559K(185856K), 0.0024110 secs] [Times: user=0.02 sys=0.00, real=0.00 secs] 
53.086: Total time for which application threads were stopped: 0.0025690 seconds, Stopping threads took: 0.0000760 seconds
53.270: Application time: 0.1833710 seconds
53.270: [GC [PSYoungGen: 102727K->2304K(94720K)] 157703K->57443K(177664K), 0.0008820 secs] [Times: user=0.00 sys=0.00, real=0.00 secs] 
53.271: Total time for which application threads were stopped: 0.0010270 seconds, Stopping threads took: 0.0000650 seconds
53.431: Application time: 0.1607290 seconds
53.431: [GC [PSYoungGen: 94262K->6400K(95744K)] 149402K->61643K(178688K), 0.0019130 secs] [Times: user=0.01 sys=0.00, real=0.00 secs] 
53.433: Total time for which application threads were stopped: 0.0020570 seconds, Stopping threads took: 0.0000640 seconds
53.606: Application time: 0.1731120 seconds
53.607: [GC [PSYoungGen: 95111K->2304K(88576K)] 150354K->57547K(171520K), 0.0010430 secs] [Times: user=0.01 sys=0.00, real=0.00 secs] 
53.608: Total time for which application threads were stopped: 0.0011920 seconds, Stopping threads took: 0.0000820 seconds
53.757: Application time: 0.1498490 seconds
53.758: [GC [PSYoungGen: 88224K->7488K(90624K)] 143467K->62807K(173568K), 0.0023710 secs] [Times: user=0.02 sys=0.01, real=0.00 secs] 
53.760: Total time for which application threads were stopped: 0.0025370 seconds, Stopping threads took: 0.0000820 seconds
53.912: Application time: 0.1518620 seconds
53.912: [GC [PSYoungGen: 89665K->6464K(94208K)] 144984K->61899K(177152K), 0.0019060 secs] [Times: user=0.02 sys=0.00, real=0.00 secs] 
53.914: Total time for which application threads were stopped: 0.0020600 seconds, Stopping threads took: 0.0000630 seconds
54.075: Application time: 0.1610410 seconds
54.075: [GC [PSYoungGen: 90229K->4352K(86528K)] 145665K->59895K(169472K), 0.0014270 secs] [Times: user=0.01 sys=0.00, real=0.00 secs] 
54.077: Total time for which application threads were stopped: 0.0015870 seconds, Stopping threads took: 0.0000800 seconds
54.228: Application time: 0.1515110 seconds
54.228: [GC [PSYoungGen: 86128K->5344K(85504K)] 141671K->60887K(168448K), 0.0016470 secs] [Times: user=0.01 sys=0.00, real=0.00 secs] 
54.230: Total time for which application threads were stopped: 0.0017900 seconds, Stopping threads took: 0.0000580 seconds
54.372: Application time: 0.1419820 seconds
54.372: [GC [PSYoungGen: 84366K->7520K(88576K)] 139910K->63063K(171520K), 0.0021200 secs] [Times: user=0.01 sys=0.00, real=0.00 secs] 
54.374: Total time for which application threads were stopped: 0.0022740 seconds, Stopping threads took: 0.0000730 seconds
54.516: Application time: 0.1416090 seconds
54.516: [GC [PSYoungGen: 86375K->6464K(104960K)] 141919K->62156K(187904K), 0.0015310 secs] [Times: user=0.01 sys=0.00, real=0.00 secs] 
54.517: Total time for which application threads were stopped: 0.0016720 seconds, Stopping threads took: 0.0000540 seconds
54.699: Application time: 0.1811590 seconds
54.699: [GC [PSYoungGen: 100916K->5344K(104960K)] 156608K->61152K(187904K), 0.0016320 secs] [Times: user=0.01 sys=0.00, real=0.00 secs] 
54.700: Total time for which application threads were stopped: 0.0017910 seconds, Stopping threads took: 0.0000850 seconds
54.871: Application time: 0.1711010 seconds
54.872: [GC [PSYoungGen: 100159K->5376K(97792K)] 155967K->61232K(180736K), 0.0012590 secs] [Times: user=0.01 sys=0.00, real=0.00 secs] 
54.873: Total time for which application threads were stopped: 0.0013990 seconds, Stopping threads took: 0.0000690 seconds
55.043: Application time: 0.1699570 seconds
55.043: [GC [PSYoungGen: 96832K->7520K(96768K)] 152688K->63376K(179712K), 0.0019410 secs] [Times: user=0.01 sys=0.00, real=0.01 secs] 
55.045: Total time for which application threads were stopped: 0.0021170 seconds, Stopping threads took: 0.0000840 seconds
55.209: Application time: 0.1640200 seconds
55.209: [GC [PSYoungGen: 96101K->4416K(90624K)] 151957K->60428K(173568K), 0.0011020 secs] [Times: user=0.01 sys=0.00, real=0.00 secs] 
55.210: Total time for which application threads were stopped: 0.0012360 seconds, Stopping threads took: 0.0000600 seconds
55.374: Application time: 0.1642550 seconds
55.375: [GC [PSYoungGen: 90367K->6400K(89600K)] 146379K->62524K(172544K), 0.0019730 secs] [Times: user=0.01 sys=0.00, real=0.00 secs] 
55.377: Total time for which application threads were stopped: 0.0021470 seconds, Stopping threads took: 0.0000930 seconds
55.525: Application time: 0.1483530 seconds
55.525: [GC [PSYoungGen: 89210K->6400K(87040K)] 145335K->62564K(169984K), 0.0018120 secs] [Times: user=0.01 sys=0.00, real=0.00 secs] 
55.527: Total time for which application threads were stopped: 0.0019700 seconds, Stopping threads took: 0.0000810 seconds
55.679: Application time: 0.1518080 seconds
55.679: [GC [PSYoungGen: 86294K->6432K(103424K)] 142458K->62596K(186368K), 0.0034700 secs] [Times: user=0.01 sys=0.00, real=0.00 secs] 
55.682: Total time for which application threads were stopped: 0.0036210 seconds, Stopping threads took: 0.0000630 seconds
55.858: Application time: 0.1758350 seconds
55.858: [GC [PSYoungGen: 102456K->7584K(105984K)] 158620K->63824K(188928K), 0.0022110 secs] [Times: user=0.01 sys=0.00, real=0.00 secs] 
55.861: Total time for which application threads were stopped: 0.0023620 seconds, Stopping threads took: 0.0000660 seconds
56.043: Application time: 0.1819950 seconds
56.043: [GC [PSYoungGen: 104163K->4352K(106496K)] 160403K->60776K(189440K), 0.0013920 secs] [Times: user=0.00 sys=0.01, real=0.01 secs] 
56.044: Total time for which application threads were stopped: 0.0015340 seconds, Stopping threads took: 0.0000630 seconds
56.223: Application time: 0.1790100 seconds
56.223: [GC [PSYoungGen: 101350K->4320K(98304K)] 157774K->60792K(181248K), 0.0009800 secs] [Times: user=0.00 sys=0.00, real=0.00 secs] 
56.224: Total time for which application threads were stopped: 0.0011170 seconds, Stopping threads took: 0.0000640 seconds
56.399: Application time: 0.1749210 seconds
56.399: [GC [PSYoungGen: 97953K->5472K(96256K)] 154426K->61944K(179200K), 0.0016240 secs] [Times: user=0.01 sys=0.00, real=0.00 secs] 
56.401: Total time for which application threads were stopped: 0.0017550 seconds, Stopping threads took: 0.0000570 seconds
56.565: Application time: 0.1640520 seconds
56.565: [GC [PSYoungGen: 95490K->4416K(92160K)] 151963K->61032K(175104K), 0.0010680 secs] [Times: user=0.01 sys=0.00, real=0.00 secs] 
56.566: Total time for which application threads were stopped: 0.0011980 seconds, Stopping threads took: 0.0000580 seconds
56.732: Application time: 0.1656310 seconds
56.732: [GC [PSYoungGen: 91935K->4336K(89088K)] 148552K->61069K(172032K), 0.0014010 secs] [Times: user=0.01 sys=0.00, real=0.00 secs] 
56.733: Total time for which application threads were stopped: 0.0015440 seconds, Stopping threads took: 0.0000630 seconds
56.881: Application time: 0.1474050 seconds
56.881: [GC [PSYoungGen: 88262K->7392K(89600K)] 144995K->64165K(172544K), 0.0022590 secs] [Times: user=0.02 sys=0.00, real=0.01 secs] 
56.883: Total time for which application threads were stopped: 0.0024120 seconds, Stopping threads took: 0.0000690 seconds
57.038: Application time: 0.1550160 seconds
57.038: [GC [PSYoungGen: 89038K->5424K(84992K)] 145811K->62197K(167936K), 0.0019350 secs] [Times: user=0.02 sys=0.00, real=0.00 secs] 
57.040: Total time for which application threads were stopped: 0.0020840 seconds, Stopping threads took: 0.0000650 seconds
57.182: Application time: 0.1415070 seconds
57.182: [GC [PSYoungGen: 84543K->5472K(100864K)] 141316K->64373K(183808K), 0.0021870 secs] [Times: user=0.01 sys=0.01, real=0.01 secs] 
57.184: Total time for which application threads were stopped: 0.0023380 seconds, Stopping threads took: 0.0000650 seconds
57.363: Application time: 0.1788210 seconds
57.363: [GC [PSYoungGen: 100394K->6368K(103936K)] 159295K->65449K(186880K), 0.0019810 secs] [Times: user=0.01 sys=0.00, real=0.00 secs] 
57.365: Total time for which application threads were stopped: 0.0021570 seconds, Stopping threads took: 0.0000840 seconds
57.546: Application time: 0.1809800 seconds
57.546: [GC [PSYoungGen: 101418K->4320K(96768K)] 160499K->63449K(179712K), 0.0010860 secs] [Times: user=0.01 sys=0.00, real=0.00 secs] 
57.548: Total time for which application threads were stopped: 0.0016920 seconds, Stopping threads took: 0.0000690 seconds
57.715: Application time: 0.1669550 seconds
57.719: [GC [PSYoungGen: 95781K->5424K(94720K)] 154911K->64553K(177664K), 0.0014620 secs] [Times: user=0.01 sys=0.00, real=0.00 secs] 
57.721: Total time for which application threads were stopped: 0.0058850 seconds, Stopping threads took: 0.0043430 seconds
57.887: Application time: 0.1668550 seconds
57.888: [GC [PSYoungGen: 93923K->3408K(89600K)] 153052K->62617K(172544K), 0.0009080 secs] [Times: user=0.01 sys=0.00, real=0.00 secs] 
57.889: Total time for which application threads were stopped: 0.0010450 seconds, Stopping threads took: 0.0000560 seconds
58.045: Application time: 0.1567420 seconds
58.047: [GC [PSYoungGen: 89107K->6368K(89600K)] 148316K->65761K(172544K), 0.0020910 secs] [Times: user=0.01 sys=0.00, real=0.00 secs] 
58.049: Total time for which application threads were stopped: 0.0039510 seconds, Stopping threads took: 0.0017800 seconds
58.198: Application time: 0.1491400 seconds
58.199: [GC [PSYoungGen: 88720K->6400K(87040K)] 148113K->65833K(169984K), 0.0019420 secs] [Times: user=0.02 sys=0.00, real=0.00 secs] 
58.200: Total time for which application threads were stopped: 0.0021230 seconds, Stopping threads took: 0.0000970 seconds
58.349: Application time: 0.1486540 seconds
58.349: [GC [PSYoungGen: 86150K->6400K(103424K)] 145584K->65833K(186368K), 0.0019360 secs] [Times: user=0.02 sys=0.00, real=0.01 secs] 
58.351: Total time for which application threads were stopped: 0.0020860 seconds, Stopping threads took: 0.0000690 seconds
58.532: Application time: 0.1807230 seconds
58.532: [GC [PSYoungGen: 102525K->5568K(98816K)] 161959K->65001K(181760K), 0.0017110 secs] [Times: user=0.01 sys=0.00, real=0.00 secs] 
58.534: Total time for which application threads were stopped: 0.0018820 seconds, Stopping threads took: 0.0000860 seconds
58.704: Application time: 0.1705630 seconds
58.705: [GC [PSYoungGen: 97959K->4352K(94720K)] 157393K->64017K(177664K), 0.0015490 secs] [Times: user=0.01 sys=0.00, real=0.00 secs] 
58.706: Total time for which application threads were stopped: 0.0017070 seconds, Stopping threads took: 0.0000820 seconds
58.872: Application time: 0.1662660 seconds
58.873: [GC [PSYoungGen: 93727K->4320K(91648K)] 153393K->64033K(174592K), 0.0015320 secs] [Times: user=0.00 sys=0.00, real=0.00 secs] 
58.874: Total time for which application threads were stopped: 0.0016780 seconds, Stopping threads took: 0.0000720 seconds
59.032: Application time: 0.1574510 seconds
59.032: [GC [PSYoungGen: 90803K->4368K(88576K)] 150517K->64081K(171520K), 0.0014320 secs] [Times: user=0.01 sys=0.00, real=0.00 secs] 
59.033: Total time for which application threads were stopped: 0.0015920 seconds, Stopping threads took: 0.0000820 seconds
59.187: Application time: 0.1533910 seconds
59.187: [GC [PSYoungGen: 87396K->5472K(87040K)] 147109K->65234K(169984K), 0.0017380 secs] [Times: user=0.01 sys=0.00, real=0.00 secs] 
59.188: Total time for which application threads were stopped: 0.0018910 seconds, Stopping threads took: 0.0000670 seconds
59.339: Application time: 0.1506390 seconds
59.339: [GC [PSYoungGen: 86859K->4400K(83456K)] 146621K->64310K(166400K), 0.0014030 secs] [Times: user=0.01 sys=0.00, real=0.00 secs] 
59.341: Total time for which application threads were stopped: 0.0015440 seconds, Stopping threads took: 0.0000650 seconds
59.483: Application time: 0.1419880 seconds
59.483: [GC [PSYoungGen: 82307K->5376K(81920K)] 142217K->65386K(164864K), 0.0017160 secs] [Times: user=0.01 sys=0.00, real=0.01 secs] 
59.484: Total time for which application threads were stopped: 0.0018680 seconds, Stopping threads took: 0.0000750 seconds
59.626: Application time: 0.1417720 seconds
59.626: [GC [PSYoungGen: 80917K->6400K(84480K)] 140927K->66410K(167424K), 0.0018770 secs] [Times: user=0.01 sys=0.00, real=0.00 secs] 
59.628: Total time for which application threads were stopped: 0.0020190 seconds, Stopping threads took: 0.0000580 seconds
59.768: Application time: 0.1398020 seconds
59.768: [GC [PSYoungGen: 83077K->5392K(79872K)] 143087K->65402K(162816K), 0.0013280 secs] [Times: user=0.01 sys=0.00, real=0.00 secs] 
59.770: Total time for which application threads were stopped: 0.0014820 seconds, Stopping threads took: 0.0000620 seconds
59.911: Application time: 0.1410220 seconds
59.911: [GC [PSYoungGen: 79547K->4464K(76288K)] 139557K->64554K(159232K), 0.0013510 secs] [Times: user=0.00 sys=0.00, real=0.01 secs] 
59.912: Total time for which application threads were stopped: 0.0014840 seconds, Stopping threads took: 0.0000630 seconds
60.038: Application time: 0.1259820 seconds
60.038: [GC [PSYoungGen: 75341K->5376K(75264K)] 135431K->65650K(158208K), 0.0013270 secs] [Times: user=0.00 sys=0.01, real=0.00 secs] 
60.040: Total time for which application threads were stopped: 0.0014940 seconds, Stopping threads took: 0.0000890 seconds
60.169: Application time: 0.1298960 seconds
60.170: [GC [PSYoungGen: 74321K->7424K(91648K)] 134595K->67738K(174592K), 0.0021580 secs] [Times: user=0.02 sys=0.00, real=0.01 secs] 
60.172: Total time for which application threads were stopped: 0.0023400 seconds, Stopping threads took: 0.0000990 seconds
60.331: Application time: 0.1587960 seconds
60.331: [GC [PSYoungGen: 91308K->3328K(86528K)] 151622K->63642K(169472K), 0.0011630 secs] [Times: user=0.01 sys=0.00, real=0.01 secs] 
60.332: Total time for which application threads were stopped: 0.0013090 seconds, Stopping threads took: 0.0000580 seconds
60.477: Application time: 0.1449150 seconds
60.477: [GC [PSYoungGen: 84686K->7552K(89600K)] 145001K->67866K(172544K), 0.0021940 secs] [Times: user=0.01 sys=0.00, real=0.00 secs] 
60.479: Total time for which application threads were stopped: 0.0023590 seconds, Stopping threads took: 0.0000790 seconds
60.633: Application time: 0.1535420 seconds
60.633: [GC [PSYoungGen: 88960K->5440K(106496K)] 149274K->65906K(189440K), 0.0012480 secs] [Times: user=0.01 sys=0.00, real=0.00 secs] 
60.634: Total time for which application threads were stopped: 0.0013950 seconds, Stopping threads took: 0.0000710 seconds
60.813: Application time: 0.1785650 seconds
60.813: [GC [PSYoungGen: 102623K->6400K(100864K)] 163089K->66986K(183808K), 0.0015980 secs] [Times: user=0.01 sys=0.00, real=0.00 secs] 
60.814: Total time for which application threads were stopped: 0.0017600 seconds, Stopping threads took: 0.0000830 seconds
60.991: Application time: 0.1762850 seconds
60.991: [GC [PSYoungGen: 100222K->5344K(96768K)] 160809K->65978K(179712K), 0.0016230 secs] [Times: user=0.00 sys=0.01, real=0.01 secs] 
60.992: Total time for which application threads were stopped: 0.0017740 seconds, Stopping threads took: 0.0000640 seconds
61.159: Application time: 0.1663470 seconds
61.159: [GC [PSYoungGen: 95829K->6496K(94720K)] 156463K->67130K(177664K), 0.0020830 secs] [Times: user=0.02 sys=0.00, real=0.00 secs] 
61.161: Total time for which application threads were stopped: 0.0022510 seconds, Stopping threads took: 0.0000880 seconds
61.325: Application time: 0.1634820 seconds
61.325: [GC [PSYoungGen: 94108K->4448K(89600K)] 154742K->66255K(172544K), 0.0015380 secs] [Times: user=0.02 sys=0.00, real=0.00 secs] 
61.326: Total time for which application threads were stopped: 0.0017750 seconds, Stopping threads took: 0.0001550 seconds
61.482: Application time: 0.1558970 seconds
61.482: [GC [PSYoungGen: 88756K->4352K(86528K)] 150563K->66307K(169472K), 0.0014840 secs] [Times: user=0.01 sys=0.00, real=0.01 secs] 
61.484: Total time for which application threads were stopped: 0.0016200 seconds, Stopping threads took: 0.0000620 seconds
61.632: Application time: 0.1484040 seconds
61.632: [GC [PSYoungGen: 85542K->6400K(92672K)] 147497K->68355K(175616K), 0.0019430 secs] [Times: user=0.01 sys=0.00, real=0.00 secs] 
61.634: Total time for which application threads were stopped: 0.0021560 seconds, Stopping threads took: 0.0001230 seconds
61.795: Application time: 0.1610490 seconds
61.796: [GC [PSYoungGen: 91360K->3360K(85504K)] 153315K->65315K(168448K), 0.0010890 secs] [Times: user=0.00 sys=0.00, real=0.00 secs] 
61.797: Total time for which application threads were stopped: 0.0012260 seconds, Stopping threads took: 0.0000690 seconds
61.947: Application time: 0.1501030 seconds
61.947: [GC [PSYoungGen: 85087K->7552K(90112K)] 147042K->69575K(173056K), 0.0022660 secs] [Times: user=0.01 sys=0.01, real=0.00 secs] 
61.949: Total time for which application threads were stopped: 0.0024190 seconds, Stopping threads took: 0.0000720 seconds
62.100: Application time: 0.1510310 seconds
62.100: [GC [PSYoungGen: 88960K->5376K(90624K)] 150983K->67579K(173568K), 0.0015740 secs] [Times: user=0.01 sys=0.00, real=0.00 secs] 
62.102: Total time for which application threads were stopped: 0.0017110 seconds, Stopping threads took: 0.0000590 seconds
62.248: Application time: 0.1456440 seconds
62.248: [GC [PSYoungGen: 86287K->6400K(106496K)] 148491K->68643K(189440K), 0.0014400 secs] [Times: user=0.01 sys=0.00, real=0.00 secs] 
62.249: Total time for which application threads were stopped: 0.0016130 seconds, Stopping threads took: 0.0000940 seconds
62.438: Application time: 0.1887780 seconds
62.438: [GC [PSYoungGen: 104154K->2320K(96768K)] 166398K->64563K(179712K), 0.0008420 secs] [Times: user=0.00 sys=0.00, real=0.00 secs] 
62.439: Total time for which application threads were stopped: 0.0009550 seconds, Stopping threads took: 0.0000500 seconds
62.608: Application time: 0.1691120 seconds
62.608: [GC [PSYoungGen: 95951K->4416K(96256K)] 158194K->66735K(179200K), 0.0013670 secs] [Times: user=0.01 sys=0.00, real=0.00 secs] 
62.610: Total time for which application threads were stopped: 0.0015140 seconds, Stopping threads took: 0.0000720 seconds
62.779: Application time: 0.1689390 seconds
62.779: [GC [PSYoungGen: 95075K->5360K(93696K)] 157394K->67855K(176640K), 0.0018070 secs] [Times: user=0.01 sys=0.00, real=0.00 secs] 
62.781: Total time for which application threads were stopped: 0.0021060 seconds, Stopping threads took: 0.0002030 seconds
62.946: Application time: 0.1652860 seconds
62.946: [GC [PSYoungGen: 93014K->5376K(90624K)] 155510K->67903K(173568K), 0.0015380 secs] [Times: user=0.01 sys=0.00, real=0.00 secs] 
62.948: Total time for which application threads were stopped: 0.0016890 seconds, Stopping threads took: 0.0000620 seconds
63.108: Application time: 0.1600250 seconds
63.108: [GC [PSYoungGen: 89375K->2320K(84480K)] 151903K->64847K(167424K), 0.0009410 secs] [Times: user=0.01 sys=0.00, real=0.00 secs] 
63.109: Total time for which application threads were stopped: 0.0010650 seconds, Stopping threads took: 0.0000570 seconds
63.255: Application time: 0.1462440 seconds
63.255: [GC [PSYoungGen: 84131K->6448K(86016K)] 146658K->69051K(168960K), 0.0021860 secs] [Times: user=0.01 sys=0.00, real=0.00 secs] 
63.257: Total time for which application threads were stopped: 0.0023570 seconds, Stopping threads took: 0.0000900 seconds
63.403: Application time: 0.1461040 seconds
63.404: [GC [PSYoungGen: 85406K->6400K(83456K)] 148009K->69148K(166400K), 0.0020280 secs] [Times: user=0.01 sys=0.00, real=0.00 secs] 
63.406: Total time for which application threads were stopped: 0.0021780 seconds, Stopping threads took: 0.0000630 seconds
63.543: Application time: 0.1377970 seconds
63.544: [GC [PSYoungGen: 82770K->6400K(84992K)] 145518K->69216K(167936K), 0.0019440 secs] [Times: user=0.01 sys=0.00, real=0.00 secs] 
63.546: Total time for which application threads were stopped: 0.0020890 seconds, Stopping threads took: 0.0000610 seconds
63.695: Application time: 0.1497840 seconds
63.695: [GC [PSYoungGen: 83064K->5392K(86528K)] 145880K->68208K(169472K), 0.0015360 secs] [Times: user=0.01 sys=0.00, real=0.00 secs] 
63.697: Total time for which application threads were stopped: 0.0017030 seconds, Stopping threads took: 0.0000830 seconds
63.840: Application time: 0.1433280 seconds
63.840: [GC [PSYoungGen: 82309K->6464K(101888K)] 145125K->69280K(184832K), 0.0015070 secs] [Times: user=0.01 sys=0.00, real=0.00 secs] 
63.842: Total time for which application threads were stopped: 0.0016720 seconds, Stopping threads took: 0.0000790 seconds
64.012: Application time: 0.1704940 seconds
64.013: [GC [PSYoungGen: 98640K->7520K(101888K)] 161456K->70420K(184832K), 0.0018700 secs] [Times: user=0.01 sys=0.00, real=0.00 secs] 
64.015: Total time for which application threads were stopped: 0.0020250 seconds, Stopping threads took: 0.0000620 seconds
64.190: Application time: 0.1753930 seconds
64.190: [GC [PSYoungGen: 100001K->3328K(93696K)] 162901K->66400K(176640K), 0.0008730 secs] [Times: user=0.00 sys=0.00, real=0.00 secs] 
64.191: Total time for which application threads were stopped: 0.0010090 seconds, Stopping threads took: 0.0000680 seconds
64.351: Application time: 0.1599540 seconds
64.351: [GC [PSYoungGen: 93440K->8416K(115712K)] 156512K->71528K(198656K), 0.0022370 secs] [Times: user=0.01 sys=0.00, real=0.00 secs] 
64.353: Total time for which application threads were stopped: 0.0024750 seconds, Stopping threads took: 0.0001600 seconds
64.552: Application time: 0.1989200 seconds
64.552: [GC [PSYoungGen: 114012K->7520K(110080K)] 177124K->70632K(193024K), 0.0019350 secs] [Times: user=0.02 sys=0.00, real=0.00 secs] 
64.554: Total time for which application threads were stopped: 0.0020990 seconds, Stopping threads took: 0.0000870 seconds
64.747: Application time: 0.1925540 seconds
64.747: [GC [PSYoungGen: 109916K->4416K(103424K)] 173029K->67668K(186368K), 0.0016790 secs] [Times: user=0.01 sys=0.00, real=0.00 secs] 
64.749: Total time for which application threads were stopped: 0.0018550 seconds, Stopping threads took: 0.0000920 seconds
64.930: Application time: 0.1809150 seconds
64.930: [GC [PSYoungGen: 102956K->5376K(100864K)] 166208K->68772K(183808K), 0.0016930 secs] [Times: user=0.01 sys=0.00, real=0.01 secs] 
64.932: Total time for which application threads were stopped: 0.0018320 seconds, Stopping threads took: 0.0000590 seconds
65.105: Application time: 0.1731730 seconds
65.105: [GC [PSYoungGen: 100147K->6304K(98816K)] 163544K->69700K(181760K), 0.0020980 secs] [Times: user=0.01 sys=0.00, real=0.00 secs] 
65.107: Total time for which application threads were stopped: 0.0022500 seconds, Stopping threads took: 0.0000590 seconds
65.281: Application time: 0.1735880 seconds
65.281: [GC [PSYoungGen: 97752K->3456K(94208K)] 161149K->66852K(177152K), 0.0012460 secs] [Times: user=0.00 sys=0.00, real=0.00 secs] 
65.282: Total time for which application threads were stopped: 0.0013840 seconds, Stopping threads took: 0.0000620 seconds
65.440: Application time: 0.1584420 seconds
65.441: [GC [PSYoungGen: 92264K->6400K(92672K)] 155661K->70004K(175616K), 0.0020860 secs] [Times: user=0.02 sys=0.00, real=0.00 secs] 
65.443: Total time for which application threads were stopped: 0.0022400 seconds, Stopping threads took: 0.0000730 seconds
65.604: Application time: 0.1618400 seconds
65.605: [GC [PSYoungGen: 92090K->5344K(88576K)] 155695K->69017K(171520K), 0.0018930 secs] [Times: user=0.01 sys=0.00, real=0.00 secs] 
65.607: Total time for which application threads were stopped: 0.0020350 seconds, Stopping threads took: 0.0000610 seconds
65.760: Application time: 0.1532490 seconds
65.760: [GC [PSYoungGen: 87324K->6400K(92160K)] 150997K->70073K(175104K), 0.0019240 secs] [Times: user=0.01 sys=0.00, real=0.00 secs] 
65.762: Total time for which application threads were stopped: 0.0020970 seconds, Stopping threads took: 0.0000750 seconds
65.908: Application time: 0.1464290 seconds
65.908: [GC [PSYoungGen: 88585K->6416K(109056K)] 152258K->70089K(192000K), 0.0014800 secs] [Times: user=0.01 sys=0.00, real=0.00 secs] 
65.910: Total time for which application threads were stopped: 0.0016270 seconds, Stopping threads took: 0.0000680 seconds
66.097: Application time: 0.1874520 seconds
66.097: [GC [PSYoungGen: 105533K->6448K(102912K)] 169206K->70257K(185856K), 0.0017100 secs] [Times: user=0.01 sys=0.00, real=0.00 secs] 
66.099: Total time for which application threads were stopped: 0.0018640 seconds, Stopping threads took: 0.0000650 seconds
66.269: Application time: 0.1701700 seconds
66.270: [GC [PSYoungGen: 102428K->7392K(105472K)] 166237K->71345K(188416K), 0.0021750 secs] [Times: user=0.01 sys=0.00, real=0.01 secs] 
66.272: Total time for which application threads were stopped: 0.0023330 seconds, Stopping threads took: 0.0000640 seconds
66.454: Application time: 0.1827370 seconds
66.455: [GC [PSYoungGen: 104672K->7424K(106496K)] 168625K->71377K(189440K), 0.0022120 secs] [Times: user=0.01 sys=0.00, real=0.00 secs] 
66.457: Total time for which application threads were stopped: 0.0023710 seconds, Stopping threads took: 0.0000770 seconds
66.641: Application time: 0.1837780 seconds
66.641: [GC [PSYoungGen: 104627K->6528K(125440K)] 168580K->70481K(208384K), 0.0016550 secs] [Times: user=0.02 sys=0.00, real=0.00 secs] 
66.642: Total time for which application threads were stopped: 0.0018050 seconds, Stopping threads took: 0.0000640 seconds
66.852: Application time: 0.2096370 seconds
66.852: [GC [PSYoungGen: 122407K->7408K(120320K)] 186360K->71565K(203264K), 0.0018340 secs] [Times: user=0.01 sys=0.00, real=0.00 secs] 
66.854: Total time for which application threads were stopped: 0.0019910 seconds, Stopping threads took: 0.0000660 seconds
67.063: Application time: 0.2088410 seconds
67.063: [GC [PSYoungGen: 120048K->7392K(116224K)] 184205K->71625K(199168K), 0.0020040 secs] [Times: user=0.01 sys=0.00, real=0.00 secs] 
67.065: Total time for which application threads were stopped: 0.0021560 seconds, Stopping threads took: 0.0000630 seconds
67.263: Application time: 0.1977550 seconds
67.263: [GC [PSYoungGen: 115037K->6496K(111104K)] 179270K->70729K(194048K), 0.0020970 secs] [Times: user=0.01 sys=0.00, real=0.01 secs] 
67.265: Total time for which application threads were stopped: 0.0022500 seconds, Stopping threads took: 0.0000710 seconds
67.457: Application time: 0.1923890 seconds
67.458: [GC [PSYoungGen: 110886K->5472K(106496K)] 175119K->71893K(189440K), 0.0021450 secs] [Times: user=0.01 sys=0.00, real=0.00 secs] 
67.460: Total time for which application threads were stopped: 0.0023550 seconds, Stopping threads took: 0.0001190 seconds
67.653: Application time: 0.1931200 seconds
67.653: [GC [PSYoungGen: 106336K->5376K(102912K)] 172757K->71949K(185856K), 0.0018320 secs] [Times: user=0.01 sys=0.00, real=0.00 secs] 
67.655: Total time for which application threads were stopped: 0.0019680 seconds, Stopping threads took: 0.0000580 seconds
67.830: Application time: 0.1754350 seconds
67.830: [GC [PSYoungGen: 102656K->6368K(100352K)] 169229K->72941K(183296K), 0.0018630 secs] [Times: user=0.01 sys=0.00, real=0.01 secs] 
67.832: Total time for which application threads were stopped: 0.0020100 seconds, Stopping threads took: 0.0000680 seconds
68.005: Application time: 0.1727730 seconds
68.005: [GC [PSYoungGen: 99874K->5536K(96256K)] 166448K->72109K(179200K), 0.0018000 secs] [Times: user=0.00 sys=0.01, real=0.00 secs] 
68.007: Total time for which application threads were stopped: 0.0019380 seconds, Stopping threads took: 0.0000580 seconds
68.174: Application time: 0.1672020 seconds
68.174: [GC [PSYoungGen: 95843K->5440K(93184K)] 162417K->72226K(176128K), 0.0017340 secs] [Times: user=0.01 sys=0.00, real=0.00 secs] 
68.176: Total time for which application threads were stopped: 0.0019000 seconds, Stopping threads took: 0.0000840 seconds
68.336: Application time: 0.1601890 seconds
68.337: [GC [PSYoungGen: 92598K->7424K(102912K)] 159384K->74286K(185856K), 0.0021760 secs] [Times: user=0.02 sys=0.00, real=0.00 secs] 
68.339: Total time for which application threads were stopped: 0.0023310 seconds, Stopping threads took: 0.0000720 seconds
68.513: Application time: 0.1741400 seconds
68.513: [GC [PSYoungGen: 100800K->5376K(96768K)] 167662K->72238K(179712K), 0.0013810 secs] [Times: user=0.01 sys=0.00, real=0.00 secs] 
68.514: Total time for which application threads were stopped: 0.0015430 seconds, Stopping threads took: 0.0000740 seconds
68.681: Application time: 0.1662790 seconds
68.681: [GC [PSYoungGen: 96407K->6528K(111616K)] 163269K->73390K(194560K), 0.0021000 secs] [Times: user=0.01 sys=0.00, real=0.00 secs] 
68.683: Total time for which application threads were stopped: 0.0022770 seconds, Stopping threads took: 0.0000890 seconds
68.872: Application time: 0.1890230 seconds
68.872: [GC [PSYoungGen: 108491K->6432K(105984K)] 175353K->73502K(188928K), 0.0017440 secs] [Times: user=0.01 sys=0.00, real=0.00 secs] 
68.874: Total time for which application threads were stopped: 0.0019310 seconds, Stopping threads took: 0.0001030 seconds
69.062: Application time: 0.1875960 seconds
69.062: [GC [PSYoungGen: 105760K->4352K(100352K)] 172830K->71510K(183296K), 0.0015240 secs] [Times: user=0.01 sys=0.01, real=0.01 secs] 
69.063: Total time for which application threads were stopped: 0.0016920 seconds, Stopping threads took: 0.0000780 seconds
69.234: Application time: 0.1706250 seconds
69.234: [GC [PSYoungGen: 99879K->5408K(97792K)] 167037K->72566K(180736K), 0.0014300 secs] [Times: user=0.01 sys=0.00, real=0.00 secs] 
69.235: Total time for which application threads were stopped: 0.0015740 seconds, Stopping threads took: 0.0000730 seconds
69.405: Application time: 0.1698050 seconds
69.405: [GC [PSYoungGen: 96673K->5520K(94720K)] 163831K->72758K(177664K), 0.0018490 secs] [Times: user=0.01 sys=0.00, real=0.00 secs] 
69.407: Total time for which application threads were stopped: 0.0020110 seconds, Stopping threads took: 0.0000790 seconds
69.568: Application time: 0.1608720 seconds
69.568: [GC [PSYoungGen: 94280K->6432K(92672K)] 161519K->74878K(175616K), 0.0021690 secs] [Times: user=0.02 sys=0.00, real=0.00 secs] 
69.570: Total time for which application threads were stopped: 0.0023510 seconds, Stopping threads took: 0.0000800 seconds
69.736: Application time: 0.1658730 seconds
69.736: [GC [PSYoungGen: 91599K->4320K(87552K)] 160045K->72814K(170496K), 0.0015370 secs] [Times: user=0.01 sys=0.00, real=0.00 secs] 
69.738: Total time for which application threads were stopped: 0.0016810 seconds, Stopping threads took: 0.0000690 seconds
69.885: Application time: 0.1468250 seconds
69.885: [GC [PSYoungGen: 86696K->5376K(98304K)] 155191K->74894K(181248K), 0.0019290 secs] [Times: user=0.01 sys=0.00, real=0.00 secs] 
69.887: Total time for which application threads were stopped: 0.0020740 seconds, Stopping threads took: 0.0000660 seconds
70.057: Application time: 0.1703340 seconds
70.057: [GC [PSYoungGen: 97833K->7520K(100864K)] 167352K->77079K(183808K), 0.0022300 secs] [Times: user=0.02 sys=0.00, real=0.00 secs] 
70.060: Total time for which application threads were stopped: 0.0023860 seconds, Stopping threads took: 0.0000750 seconds
70.229: Application time: 0.1691690 seconds
70.229: [GC [PSYoungGen: 99587K->7456K(119808K)] 169145K->77199K(202752K), 0.0018220 secs] [Times: user=0.01 sys=0.00, real=0.00 secs] 
70.231: Total time for which application threads were stopped: 0.0020000 seconds, Stopping threads took: 0.0000870 seconds
70.434: Application time: 0.2031320 seconds
70.434: [GC [PSYoungGen: 117850K->6400K(113664K)] 187593K->76211K(196608K), 0.0016090 secs] [Times: user=0.01 sys=0.00, real=0.00 secs] 
70.436: Total time for which application threads were stopped: 0.0017560 seconds, Stopping threads took: 0.0000690 seconds
70.633: Application time: 0.1974370 seconds
70.633: [GC [PSYoungGen: 113009K->6496K(109568K)] 182820K->77331K(192512K), 0.0019770 secs] [Times: user=0.01 sys=0.01, real=0.00 secs] 
70.635: Total time for which application threads were stopped: 0.0021270 seconds, Stopping threads took: 0.0000620 seconds
70.828: Application time: 0.1928180 seconds
70.828: [GC [PSYoungGen: 108807K->5472K(104960K)] 179643K->76451K(187904K), 0.0018460 secs] [Times: user=0.01 sys=0.00, real=0.00 secs] 
70.830: Total time for which application threads were stopped: 0.0020270 seconds, Stopping threads took: 0.0000950 seconds
71.012: Application time: 0.1823470 seconds
71.013: [GC [PSYoungGen: 104114K->3328K(99328K)] 175094K->74459K(182272K), 0.0010950 secs] [Times: user=0.00 sys=0.00, real=0.00 secs] 
71.014: Total time for which application threads were stopped: 0.0012250 seconds, Stopping threads took: 0.0000640 seconds
71.186: Application time: 0.1723530 seconds
71.186: [GC [PSYoungGen: 98115K->6400K(98816K)] 169247K->77531K(181760K), 0.0018800 secs] [Times: user=0.02 sys=0.00, real=0.00 secs] 
71.188: Total time for which application threads were stopped: 0.0020250 seconds, Stopping threads took: 0.0000690 seconds
71.361: Application time: 0.1726350 seconds
71.361: [GC [PSYoungGen: 97663K->4480K(93696K)] 168795K->75611K(176640K), 0.0014380 secs] [Times: user=0.01 sys=0.00, real=0.00 secs] 
71.362: Total time for which application threads were stopped: 0.0015850 seconds, Stopping threads took: 0.0000590 seconds
71.524: Application time: 0.1618420 seconds
71.524: [GC [PSYoungGen: 93513K->5440K(91648K)] 164645K->76779K(174592K), 0.0017740 secs] [Times: user=0.01 sys=0.00, real=0.00 secs] 
71.526: Total time for which application threads were stopped: 0.0019240 seconds, Stopping threads took: 0.0000790 seconds
71.684: Application time: 0.1575220 seconds
71.684: [GC [PSYoungGen: 90719K->5376K(88576K)] 162058K->76799K(171520K), 0.0016230 secs] [Times: user=0.01 sys=0.00, real=0.00 secs] 
71.685: Total time for which application threads were stopped: 0.0017590 seconds, Stopping threads took: 0.0000570 seconds
71.842: Application time: 0.1563100 seconds
71.842: [GC [PSYoungGen: 87428K->4320K(84992K)] 158852K->75743K(167936K), 0.0015650 secs] [Times: user=0.01 sys=0.00, real=0.01 secs] 
71.843: Total time for which application threads were stopped: 0.0017230 seconds, Stopping threads took: 0.0000750 seconds
71.990: Application time: 0.1461510 seconds
71.990: [GC [PSYoungGen: 84649K->5472K(83456K)] 156073K->76895K(166400K), 0.0016200 secs] [Times: user=0.01 sys=0.00, real=0.01 secs] 
71.991: Total time for which application threads were stopped: 0.0017620 seconds, Stopping threads took: 0.0000560 seconds
72.130: Application time: 0.1388160 seconds
72.130: [GC [PSYoungGen: 82321K->6464K(89600K)] 153745K->78044K(172544K), 0.0020240 secs] [Times: user=0.01 sys=0.00, real=0.01 secs] 
72.132: Total time for which application threads were stopped: 0.0021670 seconds, Stopping threads took: 0.0000580 seconds
72.282: Application time: 0.1500640 seconds
72.282: [GC [PSYoungGen: 87516K->6416K(101888K)] 159096K->78144K(184832K), 0.0015240 secs] [Times: user=0.00 sys=0.01, real=0.01 secs] 
72.284: Total time for which application threads were stopped: 0.0016860 seconds, Stopping threads took: 0.0000790 seconds
72.460: Application time: 0.1763160 seconds
72.460: [GC [PSYoungGen: 99398K->6400K(101888K)] 171127K->78128K(184832K), 0.0018150 secs] [Times: user=0.01 sys=0.00, real=0.00 secs] 
72.462: Total time for which application threads were stopped: 0.0019740 seconds, Stopping threads took: 0.0000780 seconds
72.630: Application time: 0.1674330 seconds
72.630: [GC [PSYoungGen: 99507K->6432K(97280K)] 171235K->78160K(180224K), 0.0016440 secs] [Times: user=0.00 sys=0.02, real=0.01 secs] 
72.632: Total time for which application threads were stopped: 0.0018130 seconds, Stopping threads took: 0.0000820 seconds
72.802: Application time: 0.1704350 seconds
72.802: [GC [PSYoungGen: 96809K->6544K(94208K)] 168538K->78344K(177152K), 0.0018380 secs] [Times: user=0.00 sys=0.01, real=0.01 secs] 
72.804: Total time for which application threads were stopped: 0.0020030 seconds, Stopping threads took: 0.0000860 seconds
72.964: Application time: 0.1603430 seconds
72.964: [GC [PSYoungGen: 94050K->3328K(88064K)] 165851K->78416K(171008K), 0.0015340 secs] [Times: user=0.01 sys=0.00, real=0.00 secs] 
72.966: Total time for which application threads were stopped: 0.0016770 seconds, Stopping threads took: 0.0000650 seconds
73.123: Application time: 0.1573120 seconds
73.123: [GC [PSYoungGen: 86961K->5344K(87552K)] 162049K->80432K(170496K), 0.0017720 secs] [Times: user=0.01 sys=0.00, real=0.00 secs] 
73.125: Total time for which application threads were stopped: 0.0019140 seconds, Stopping threads took: 0.0000640 seconds
73.277: Application time: 0.1512490 seconds
73.277: [GC [PSYoungGen: 86969K->6368K(104960K)] 162057K->81456K(187904K), 0.0018890 secs] [Times: user=0.01 sys=0.00, real=0.00 secs] 
73.279: Total time for which application threads were stopped: 0.0020540 seconds, Stopping threads took: 0.0000770 seconds
73.460: Application time: 0.1810450 seconds
73.460: [GC [PSYoungGen: 104671K->4480K(99328K)] 179760K->79616K(182272K), 0.0016490 secs] [Times: user=0.01 sys=0.00, real=0.00 secs] 
73.461: Total time for which application threads were stopped: 0.0018530 seconds, Stopping threads took: 0.0001330 seconds
73.632: Application time: 0.1700900 seconds
73.632: [GC [PSYoungGen: 98425K->5408K(102912K)] 173562K->82804K(185856K), 0.0021280 secs] [Times: user=0.01 sys=0.00, real=0.00 secs] 
73.634: Total time for which application threads were stopped: 0.0022900 seconds, Stopping threads took: 0.0000780 seconds
73.817: Application time: 0.1829940 seconds
73.817: [GC [PSYoungGen: 101604K->6336K(104960K)] 179001K->83780K(187904K), 0.0018700 secs] [Times: user=0.01 sys=0.00, real=0.00 secs] 
73.819: Total time for which application threads were stopped: 0.0020410 seconds, Stopping threads took: 0.0000880 seconds
73.997: Application time: 0.1779000 seconds
73.997: [GC [PSYoungGen: 103104K->6448K(99840K)] 180548K->83893K(182784K), 0.0014770 secs] [Times: user=0.01 sys=0.00, real=0.00 secs] 
73.998: Total time for which application threads were stopped: 0.0016230 seconds, Stopping threads took: 0.0000690 seconds
74.165: Application time: 0.1668530 seconds
74.165: [GC [PSYoungGen: 98656K->5456K(95744K)] 176101K->83009K(178688K), 0.0015840 secs] [Times: user=0.01 sys=0.00, real=0.00 secs] 
74.167: Total time for which application threads were stopped: 0.0017700 seconds, Stopping threads took: 0.0000990 seconds
74.337: Application time: 0.1700230 seconds
74.337: [GC [PSYoungGen: 95511K->3328K(90624K)] 173064K->81049K(173568K), 0.0009610 secs] [Times: user=0.00 sys=0.00, real=0.00 secs] 
74.338: Total time for which application threads were stopped: 0.0011130 seconds, Stopping threads took: 0.0000740 seconds
74.498: Application time: 0.1602110 seconds
74.499: [GC [PSYoungGen: 89445K->4352K(88576K)] 167166K->82073K(171520K), 0.0013520 secs] [Times: user=0.00 sys=0.00, real=0.00 secs] 
74.500: Total time for which application threads were stopped: 0.0015180 seconds, Stopping threads took: 0.0000880 seconds
74.650: Application time: 0.1497940 seconds
74.650: [GC [PSYoungGen: 87626K->5408K(87040K)] 165347K->83129K(169984K), 0.0015560 secs] [Times: user=0.01 sys=0.00, real=0.01 secs] 
74.651: Total time for which application threads were stopped: 0.0017090 seconds, Stopping threads took: 0.0000720 seconds
74.801: Application time: 0.1494520 seconds
74.801: [GC [PSYoungGen: 86816K->7552K(86528K)] 164537K->85349K(169472K), 0.0024360 secs] [Times: user=0.01 sys=0.00, real=0.01 secs] 
74.804: Total time for which application threads were stopped: 0.0026160 seconds, Stopping threads took: 0.0000990 seconds
74.952: Application time: 0.1484060 seconds
74.952: [GC [PSYoungGen: 86093K->3328K(79872K)] 163890K->83345K(162816K), 0.0015360 secs] [Times: user=0.01 sys=0.00, real=0.00 secs] 
74.954: Total time for which application threads were stopped: 0.0016900 seconds, Stopping threads took: 0.0000580 seconds
75.094: Application time: 0.1401260 seconds
75.094: [GC [PSYoungGen: 78911K->6400K(98304K)] 158929K->86465K(181248K), 0.0020670 secs] [Times: user=0.01 sys=0.00, real=0.00 secs] 
75.096: Total time for which application threads were stopped: 0.0022150 seconds, Stopping threads took: 0.0000640 seconds
75.260: Application time: 0.1635730 seconds
75.260: [GC [PSYoungGen: 97403K->6336K(101376K)] 177469K->86401K(184320K), 0.0018330 secs] [Times: user=0.01 sys=0.00, real=0.00 secs] 
75.262: Total time for which application threads were stopped: 0.0019710 seconds, Stopping threads took: 0.0000590 seconds
75.436: Application time: 0.1749480 seconds
75.437: [GC [PSYoungGen: 99670K->6544K(102400K)] 179735K->86609K(185344K), 0.0019350 secs] [Times: user=0.01 sys=0.00, real=0.00 secs] 
75.439: Total time for which application threads were stopped: 0.0020750 seconds, Stopping threads took: 0.0000650 seconds
75.611: Application time: 0.1729130 seconds
75.612: [GC [PSYoungGen: 100022K->4384K(95232K)] 180088K->84661K(178176K), 0.0010900 secs] [Times: user=0.01 sys=0.00, real=0.00 secs] 
75.613: Total time for which application threads were stopped: 0.0012370 seconds, Stopping threads took: 0.0000680 seconds
75.781: Application time: 0.1678250 seconds
75.781: [GC [PSYoungGen: 95007K->4288K(92160K)] 175284K->84641K(175104K), 0.0013190 secs] [Times: user=0.01 sys=0.00, real=0.00 secs] 
75.782: Total time for which application threads were stopped: 0.0014670 seconds, Stopping threads took: 0.0000710 seconds
75.941: Application time: 0.1588640 seconds
75.941: [GC [PSYoungGen: 91840K->7424K(92160K)] 172193K->87777K(175104K), 0.0017340 secs] [Times: user=0.01 sys=0.00, real=0.00 secs] 
75.943: Total time for which application threads were stopped: 0.0018760 seconds, Stopping threads took: 0.0000640 seconds
76.099: Application time: 0.1562170 seconds
76.099: [GC [PSYoungGen: 91904K->6560K(108032K)] 172257K->86913K(190976K), 0.0020330 secs] [Times: user=0.01 sys=0.00, real=0.00 secs] 
76.101: Total time for which application threads were stopped: 0.0021920 seconds, Stopping threads took: 0.0000750 seconds
76.294: Application time: 0.1928460 seconds
76.294: [GC [PSYoungGen: 107286K->3376K(103424K)] 187640K->83938K(186368K), 0.0011750 secs] [Times: user=0.00 sys=0.00, real=0.00 secs] 
76.295: Total time for which application threads were stopped: 0.0013260 seconds, Stopping threads took: 0.0000710 seconds
76.468: Application time: 0.1721800 seconds
76.468: [GC [PSYoungGen: 100308K->6400K(100864K)] 180870K->87038K(183808K), 0.0021060 secs] [Times: user=0.01 sys=0.00, real=0.00 secs] 
76.470: Total time for which application threads were stopped: 0.0022580 seconds, Stopping threads took: 0.0000680 seconds
76.645: Application time: 0.1750360 seconds
76.645: [GC [PSYoungGen: 100093K->6400K(97792K)] 180731K->87038K(180736K), 0.0019930 secs] [Times: user=0.01 sys=0.00, real=0.00 secs] 
76.647: Total time for which application threads were stopped: 0.0021370 seconds, Stopping threads took: 0.0000640 seconds
76.811: Application time: 0.1636160 seconds
76.811: [GC [PSYoungGen: 97016K->7584K(101888K)] 177654K->88222K(184832K), 0.0023790 secs] [Times: user=0.02 sys=0.00, real=0.01 secs] 
76.813: Total time for which application threads were stopped: 0.0025580 seconds, Stopping threads took: 0.0000870 seconds
76.986: Application time: 0.1730480 seconds
76.986: [GC [PSYoungGen: 99430K->7488K(119296K)] 180068K->88338K(202240K), 0.0018540 secs] [Times: user=0.00 sys=0.01, real=0.00 secs] 
76.988: Total time for which application threads were stopped: 0.0020010 seconds, Stopping threads took: 0.0000640 seconds
77.189: Application time: 0.2011360 seconds
77.189: [GC [PSYoungGen: 116804K->7392K(119296K)] 197655K->88318K(202240K), 0.0019280 secs] [Times: user=0.01 sys=0.00, real=0.01 secs] 
77.191: Total time for which application threads were stopped: 0.0020730 seconds, Stopping threads took: 0.0000710 seconds
77.392: Application time: 0.2001960 seconds
77.392: [GC [PSYoungGen: 116131K->7456K(113152K)] 197058K->88382K(196096K), 0.0019010 secs] [Times: user=0.02 sys=0.00, real=0.00 secs] 
77.394: Total time for which application threads were stopped: 0.0020600 seconds, Stopping threads took: 0.0000700 seconds
77.592: Application time: 0.1979570 seconds
77.592: [GC [PSYoungGen: 112028K->6496K(108544K)] 192955K->87574K(191488K), 0.0018290 secs] [Times: user=0.01 sys=0.00, real=0.00 secs] 
77.594: Total time for which application threads were stopped: 0.0019720 seconds, Stopping threads took: 0.0000610 seconds
77.786: Application time: 0.1928920 seconds
77.787: [GC [PSYoungGen: 108160K->3312K(101888K)] 189239K->84530K(184832K), 0.0008920 secs] [Times: user=0.00 sys=0.00, real=0.00 secs] 
77.788: Total time for which application threads were stopped: 0.0010310 seconds, Stopping threads took: 0.0000710 seconds
77.958: Application time: 0.1703320 seconds
77.958: [GC [PSYoungGen: 100853K->6336K(101376K)] 182072K->87554K(184320K), 0.0021980 secs] [Times: user=0.01 sys=0.00, real=0.00 secs] 
77.960: Total time for which application threads were stopped: 0.0023720 seconds, Stopping threads took: 0.0000830 seconds
78.136: Application time: 0.1757800 seconds
78.136: [GC [PSYoungGen: 100668K->7488K(99328K)] 181887K->88706K(182272K), 0.0022490 secs] [Times: user=0.01 sys=0.00, real=0.00 secs] 
78.138: Total time for which application threads were stopped: 0.0023990 seconds, Stopping threads took: 0.0000690 seconds
78.304: Application time: 0.1658870 seconds
78.304: [GC [PSYoungGen: 98699K->7440K(117760K)] 179918K->88879K(200704K), 0.0023620 secs] [Times: user=0.02 sys=0.00, real=0.00 secs] 
78.307: Total time for which application threads were stopped: 0.0025180 seconds, Stopping threads took: 0.0000690 seconds
78.514: Application time: 0.2068420 seconds
78.514: [GC [PSYoungGen: 116903K->7424K(120320K)] 198342K->88939K(203264K), 0.0022500 secs] [Times: user=0.01 sys=0.00, real=0.00 secs] 
78.516: Total time for which application threads were stopped: 0.0023990 seconds, Stopping threads took: 0.0000570 seconds
78.726: Application time: 0.2104430 seconds
78.727: [GC [PSYoungGen: 119552K->4416K(112640K)] 201067K->85931K(195584K), 0.0013970 secs] [Times: user=0.01 sys=0.00, real=0.00 secs] 
78.728: Total time for which application threads were stopped: 0.0015460 seconds, Stopping threads took: 0.0000760 seconds
78.925: Application time: 0.1972260 seconds
78.925: [GC [PSYoungGen: 111918K->5472K(109568K)] 193433K->87139K(192512K), 0.0018050 secs] [Times: user=0.01 sys=0.01, real=0.00 secs] 
78.927: Total time for which application threads were stopped: 0.0019570 seconds, Stopping threads took: 0.0000680 seconds
79.116: Application time: 0.1892200 seconds
79.117: [GC [PSYoungGen: 109345K->6400K(107008K)] 191012K->88211K(189952K), 0.0020830 secs] [Times: user=0.01 sys=0.00, real=0.00 secs] 
79.119: Total time for which application threads were stopped: 0.0022330 seconds, Stopping threads took: 0.0000580 seconds
79.308: Application time: 0.1892310 seconds
79.308: [GC [PSYoungGen: 106088K->3328K(101888K)] 187899K->85139K(184832K), 0.0011710 secs] [Times: user=0.00 sys=0.00, real=0.00 secs] 
79.309: Total time for which application threads were stopped: 0.0012960 seconds, Stopping threads took: 0.0000530 seconds
79.491: Application time: 0.1818380 seconds
79.491: [GC [PSYoungGen: 100096K->5536K(98816K)] 181907K->87347K(181760K), 0.0017610 secs] [Times: user=0.01 sys=0.00, real=0.00 secs] 
79.493: Total time for which application threads were stopped: 0.0019080 seconds, Stopping threads took: 0.0000670 seconds
79.660: Application time: 0.1670810 seconds
79.660: [GC [PSYoungGen: 98693K->7424K(97792K)] 180505K->89443K(180736K), 0.0022680 secs] [Times: user=0.02 sys=0.00, real=0.00 secs] 
79.662: Total time for which application threads were stopped: 0.0024110 seconds, Stopping threads took: 0.0000540 seconds
79.832: Application time: 0.1699880 seconds
79.833: [GC [PSYoungGen: 97123K->5376K(92672K)] 179143K->87475K(175616K), 0.0018620 secs] [Times: user=0.01 sys=0.00, real=0.00 secs] 
79.834: Total time for which application threads were stopped: 0.0020230 seconds, Stopping threads took: 0.0000790 seconds
79.990: Application time: 0.1555010 seconds
79.990: [GC [PSYoungGen: 91888K->7424K(96768K)] 173987K->89523K(179712K), 0.0022370 secs] [Times: user=0.01 sys=0.00, real=0.01 secs] 
79.992: Total time for which application threads were stopped: 0.0024000 seconds, Stopping threads took: 0.0000810 seconds
80.155: Application time: 0.1623470 seconds
80.155: [GC [PSYoungGen: 93724K->6592K(96768K)] 175824K->88691K(179712K), 0.0019810 secs] [Times: user=0.02 sys=0.00, real=0.00 secs] 
80.157: Total time for which application threads were stopped: 0.0021360 seconds, Stopping threads took: 0.0000690 seconds
80.315: Application time: 0.1584480 seconds
80.315: [GC [PSYoungGen: 92816K->5408K(113152K)] 174916K->87712K(196096K), 0.0013400 secs] [Times: user=0.01 sys=0.01, real=0.00 secs] 
80.317: Total time for which application threads were stopped: 0.0014820 seconds, Stopping threads took: 0.0000610 seconds
80.510: Application time: 0.1930740 seconds
80.510: [GC [PSYoungGen: 109261K->6400K(107520K)] 191565K->88780K(190464K), 0.0017240 secs] [Times: user=0.01 sys=0.00, real=0.01 secs] 
80.512: Total time for which application threads were stopped: 0.0018760 seconds, Stopping threads took: 0.0000680 seconds
80.698: Application time: 0.1858050 seconds
80.698: [GC [PSYoungGen: 106519K->5376K(102912K)] 188899K->87756K(185856K), 0.0014710 secs] [Times: user=0.01 sys=0.00, real=0.00 secs] 
80.699: Total time for which application threads were stopped: 0.0016340 seconds, Stopping threads took: 0.0000880 seconds
80.869: Application time: 0.1702280 seconds
80.870: [GC [PSYoungGen: 101670K->7584K(107520K)] 184050K->89964K(190464K), 0.0023170 secs] [Times: user=0.02 sys=0.00, real=0.01 secs] 
80.872: Total time for which application threads were stopped: 0.0024900 seconds, Stopping threads took: 0.0000790 seconds
81.058: Application time: 0.1857280 seconds
81.058: [GC [PSYoungGen: 105235K->5424K(100352K)] 187615K->88008K(183296K), 0.0013220 secs] [Times: user=0.01 sys=0.00, real=0.00 secs] 
81.059: [Full GC [PSYoungGen: 5424K->0K(100352K)] [ParOldGen: 82584K->8660K(40960K)] 88008K->8660K(141312K) [PSPermGen: 5521K->5502K(21504K)], 0.0166230 secs] [Times: user=0.08 sys=0.01, real=0.02 secs] 
81.076: Total time for which application threads were stopped: 0.0181540 seconds, Stopping threads took: 0.0000850 seconds
81.252: Application time: 0.1762870 seconds
81.252: [GC [PSYoungGen: 94461K->4352K(96256K)] 103121K->13012K(137216K), 0.0014200 secs] [Times: user=0.01 sys=0.00, real=0.00 secs] 
81.254: Total time for which application threads were stopped: 0.0016260 seconds, Stopping threads took: 0.0001170 seconds
81.420: Application time: 0.1658230 seconds
81.420: [GC [PSYoungGen: 95047K->5424K(94208K)] 103707K->14084K(135168K), 0.0012540 secs] [Times: user=0.00 sys=0.00, real=0.00 secs] 
81.421: Total time for which application threads were stopped: 0.0014690 seconds, Stopping threads took: 0.0001250 seconds
81.587: Application time: 0.1660150 seconds
81.587: [GC [PSYoungGen: 93803K->5552K(91136K)] 102464K->14292K(132096K), 0.0016540 secs] [Times: user=0.01 sys=0.00, real=0.00 secs] 
81.589: Total time for which application threads were stopped: 0.0017900 seconds, Stopping threads took: 0.0000570 seconds
81.744: Application time: 0.1553170 seconds
81.744: [GC [PSYoungGen: 90371K->5344K(88064K)] 99112K->14264K(129024K), 0.0016500 secs] [Times: user=0.01 sys=0.00, real=0.00 secs] 
81.746: Total time for which application threads were stopped: 0.0017900 seconds, Stopping threads took: 0.0000590 seconds
81.894: Application time: 0.1481640 seconds
81.894: [GC [PSYoungGen: 87624K->6400K(86528K)] 96545K->15360K(127488K), 0.0020290 secs] [Times: user=0.01 sys=0.00, real=0.00 secs] 
81.896: Total time for which application threads were stopped: 0.0022040 seconds, Stopping threads took: 0.0000910 seconds
82.043: Application time: 0.1471340 seconds
82.044: [GC [PSYoungGen: 85997K->5376K(101888K)] 94957K->16384K(142848K), 0.0019900 secs] [Times: user=0.01 sys=0.00, real=0.00 secs] 
82.046: Total time for which application threads were stopped: 0.0021470 seconds, Stopping threads took: 0.0000710 seconds
82.225: Application time: 0.1789220 seconds
82.225: [GC [PSYoungGen: 101242K->5504K(104448K)] 112250K->16512K(145408K), 0.0015770 secs] [Times: user=0.01 sys=0.00, real=0.00 secs] 
82.226: Total time for which application threads were stopped: 0.0017440 seconds, Stopping threads took: 0.0000870 seconds
82.406: Application time: 0.1794110 seconds
82.406: [GC [PSYoungGen: 101446K->5408K(98304K)] 112454K->16624K(139264K), 0.0012150 secs] [Times: user=0.00 sys=0.00, real=0.00 secs] 
82.407: Total time for which application threads were stopped: 0.0013730 seconds, Stopping threads took: 0.0000740 seconds
82.574: Application time: 0.1668890 seconds
82.574: [GC [PSYoungGen: 97911K->6400K(96256K)] 109128K->17692K(137216K), 0.0016250 secs] [Times: user=0.00 sys=0.01, real=0.00 secs] 
82.576: Total time for which application threads were stopped: 0.0017840 seconds, Stopping threads took: 0.0000710 seconds
82.747: Application time: 0.1711730 seconds
82.747: [GC [PSYoungGen: 95599K->4336K(91136K)] 106891K->15628K(132096K), 0.0009850 secs] [Times: user=0.00 sys=0.00, real=0.00 secs] 
82.748: Total time for which application threads were stopped: 0.0011370 seconds, Stopping threads took: 0.0000760 seconds
82.906: Application time: 0.1583700 seconds
82.907: [GC [PSYoungGen: 89865K->4512K(88064K)] 101158K->15804K(129024K), 0.0013440 secs] [Times: user=0.00 sys=0.01, real=0.00 secs] 
82.908: Total time for which application threads were stopped: 0.0014780 seconds, Stopping threads took: 0.0000660 seconds
83.060: Application time: 0.1518250 seconds
83.060: [GC [PSYoungGen: 87674K->5392K(86528K)] 98967K->16901K(127488K), 0.0015570 secs] [Times: user=0.00 sys=0.00, real=0.00 secs] 
83.061: Total time for which application threads were stopped: 0.0017060 seconds, Stopping threads took: 0.0000770 seconds
83.210: Application time: 0.1490100 seconds
83.211: [GC [PSYoungGen: 85594K->5376K(83968K)] 97103K->16961K(124928K), 0.0018060 secs] [Times: user=0.01 sys=0.00, real=0.01 secs] 
83.212: Total time for which application threads were stopped: 0.0019590 seconds, Stopping threads took: 0.0000660 seconds
83.356: Application time: 0.1432600 seconds
83.356: [GC [PSYoungGen: 83087K->4352K(80384K)] 94673K->16961K(121344K), 0.0014640 secs] [Times: user=0.01 sys=0.00, real=0.00 secs] 
83.357: Total time for which application threads were stopped: 0.0016060 seconds, Stopping threads took: 0.0000650 seconds
83.494: Application time: 0.1362470 seconds
83.494: [GC [PSYoungGen: 80119K->6528K(97792K)] 92728K->19137K(138752K), 0.0021560 secs] [Times: user=0.01 sys=0.00, real=0.00 secs] 
83.496: Total time for which application threads were stopped: 0.0023160 seconds, Stopping threads took: 0.0000760 seconds
83.664: Application time: 0.1684330 seconds
83.664: [GC [PSYoungGen: 97391K->4464K(101376K)] 110000K->19237K(142336K), 0.0018950 secs] [Times: user=0.01 sys=0.00, real=0.00 secs] 
83.666: Total time for which application threads were stopped: 0.0020460 seconds, Stopping threads took: 0.0000630 seconds
83.849: Application time: 0.1826300 seconds
83.849: [GC [PSYoungGen: 100645K->4352K(97792K)] 115418K->19301K(138752K), 0.0013210 secs] [Times: user=0.01 sys=0.00, real=0.00 secs] 
83.850: Total time for which application threads were stopped: 0.0014710 seconds, Stopping threads took: 0.0000650 seconds
84.020: Application time: 0.1693360 seconds
84.020: [GC [PSYoungGen: 96512K->5376K(95744K)] 111461K->20325K(136704K), 0.0015300 secs] [Times: user=0.01 sys=0.00, real=0.00 secs] 
84.021: Total time for which application threads were stopped: 0.0016730 seconds, Stopping threads took: 0.0000670 seconds
84.192: Application time: 0.1701000 seconds
84.192: [GC [PSYoungGen: 95453K->4464K(91648K)] 110402K->19413K(132608K), 0.0014280 secs] [Times: user=0.01 sys=0.00, real=0.00 secs] 
84.193: Total time for which application threads were stopped: 0.0015620 seconds, Stopping threads took: 0.0000560 seconds
84.350: Application time: 0.1565010 seconds
84.350: [GC [PSYoungGen: 91272K->5456K(89600K)] 106222K->21585K(130560K), 0.0018700 secs] [Times: user=0.01 sys=0.00, real=0.01 secs] 
84.352: Total time for which application threads were stopped: 0.0020210 seconds, Stopping threads took: 0.0000590 seconds
84.505: Application time: 0.1530000 seconds
84.505: [GC [PSYoungGen: 88914K->6416K(94208K)] 105043K->22685K(135168K), 0.0018590 secs] [Times: user=0.01 sys=0.00, real=0.00 secs] 
84.507: Total time for which application threads were stopped: 0.0020060 seconds, Stopping threads took: 0.0000670 seconds
84.669: Application time: 0.1622090 seconds
84.669: [GC [PSYoungGen: 92505K->5376K(89088K)] 108774K->21645K(130048K), 0.0012250 secs] [Times: user=0.01 sys=0.00, real=0.00 secs] 
84.670: Total time for which application threads were stopped: 0.0014030 seconds, Stopping threads took: 0.0001000 seconds
84.824: Application time: 0.1541590 seconds
84.825: [GC [PSYoungGen: 88736K->6432K(87552K)] 105006K->22701K(128512K), 0.0016930 secs] [Times: user=0.01 sys=0.00, real=0.00 secs] 
84.826: Total time for which application threads were stopped: 0.0018330 seconds, Stopping threads took: 0.0000590 seconds
84.973: Application time: 0.1470310 seconds
84.973: [GC [PSYoungGen: 87106K->3456K(81920K)] 103376K->20821K(122880K), 0.0011510 secs] [Times: user=0.01 sys=0.00, real=0.00 secs] 
84.975: Total time for which application threads were stopped: 0.0012980 seconds, Stopping threads took: 0.0000680 seconds
85.117: Application time: 0.1422380 seconds
85.117: [GC [PSYoungGen: 81206K->6384K(101376K)] 98572K->23926K(142336K), 0.0020070 secs] [Times: user=0.01 sys=0.00, real=0.00 secs] 
85.119: Total time for which application threads were stopped: 0.0021440 seconds, Stopping threads took: 0.0000550 seconds
85.293: Application time: 0.1735960 seconds
85.293: [GC [PSYoungGen: 100079K->7424K(101888K)] 117621K->25006K(142848K), 0.0020650 secs] [Times: user=0.02 sys=0.00, real=0.00 secs] 
85.295: Total time for which application threads were stopped: 0.0022080 seconds, Stopping threads took: 0.0000640 seconds
85.470: Application time: 0.1754230 seconds
85.470: [GC [PSYoungGen: 101098K->5376K(96256K)] 118680K->22958K(137216K), 0.0015810 secs] [Times: user=0.01 sys=0.00, real=0.01 secs] 
85.472: Total time for which application threads were stopped: 0.0017230 seconds, Stopping threads took: 0.0000690 seconds
85.637: Application time: 0.1647940 seconds
85.637: [GC [PSYoungGen: 95132K->6544K(98816K)] 112714K->24166K(139776K), 0.0019000 secs] [Times: user=0.02 sys=0.00, real=0.00 secs] 
85.639: Total time for which application threads were stopped: 0.0020600 seconds, Stopping threads took: 0.0000670 seconds
85.809: Application time: 0.1699050 seconds
85.809: [GC [PSYoungGen: 96953K->4368K(92672K)] 114576K->22210K(133632K), 0.0013600 secs] [Times: user=0.01 sys=0.00, real=0.00 secs] 
85.810: Total time for which application threads were stopped: 0.0014860 seconds, Stopping threads took: 0.0000540 seconds
85.967: Application time: 0.1571610 seconds
85.967: [GC [PSYoungGen: 92288K->7424K(95744K)] 110131K->25306K(136704K), 0.0021350 secs] [Times: user=0.01 sys=0.00, real=0.00 secs] 
85.970: Total time for which application threads were stopped: 0.0023050 seconds, Stopping threads took: 0.0000880 seconds
86.130: Application time: 0.1599490 seconds
86.130: [GC [PSYoungGen: 94192K->7424K(96256K)] 112075K->25306K(137216K), 0.0021830 secs] [Times: user=0.02 sys=0.00, real=0.01 secs] 
86.132: Total time for which application threads were stopped: 0.0023540 seconds, Stopping threads took: 0.0000900 seconds
86.297: Application time: 0.1651190 seconds
86.297: [GC [PSYoungGen: 94373K->4528K(89088K)] 112255K->22410K(130048K), 0.0010210 secs] [Times: user=0.00 sys=0.00, real=0.00 secs] 
86.298: Total time for which application threads were stopped: 0.0011790 seconds, Stopping threads took: 0.0000790 seconds
86.453: Application time: 0.1543690 seconds
86.453: [GC [PSYoungGen: 88865K->4320K(86528K)] 106748K->22442K(127488K), 0.0014150 secs] [Times: user=0.01 sys=0.00, real=0.00 secs] 
86.454: Total time for which application threads were stopped: 0.0015430 seconds, Stopping threads took: 0.0000580 seconds
86.602: Application time: 0.1479310 seconds
86.602: [GC [PSYoungGen: 85516K->7360K(105984K)] 103639K->25522K(146944K), 0.0017770 secs] [Times: user=0.00 sys=0.01, real=0.01 secs] 
86.604: Total time for which application threads were stopped: 0.0019410 seconds, Stopping threads took: 0.0000800 seconds
86.784: Application time: 0.1797350 seconds
86.784: [GC [PSYoungGen: 103204K->6400K(105984K)] 121367K->24562K(146944K), 0.0018770 secs] [Times: user=0.01 sys=0.00, real=0.00 secs] 
86.786: Total time for which application threads were stopped: 0.0020150 seconds, Stopping threads took: 0.0000620 seconds
86.967: Application time: 0.1812800 seconds
86.967: [GC [PSYoungGen: 102260K->2464K(95744K)] 120423K->20626K(136704K), 0.0007390 secs] [Times: user=0.01 sys=0.00, real=0.00 secs] 
86.968: Total time for which application threads were stopped: 0.0008710 seconds, Stopping threads took: 0.0000620 seconds
87.136: Application time: 0.1677680 seconds
87.136: [GC [PSYoungGen: 95089K->4384K(94720K)] 113251K->22775K(135680K), 0.0013860 secs] [Times: user=0.01 sys=0.00, real=0.00 secs] 
87.137: Total time for which application threads were stopped: 0.0015340 seconds, Stopping threads took: 0.0000690 seconds
87.305: Application time: 0.1680590 seconds
87.305: [GC [PSYoungGen: 94472K->3328K(90624K)] 112863K->21767K(131584K), 0.0009040 secs] [Times: user=0.00 sys=0.00, real=0.00 secs] 
87.306: Total time for which application threads were stopped: 0.0010670 seconds, Stopping threads took: 0.0000960 seconds
87.468: Application time: 0.1614930 seconds
87.468: [GC [PSYoungGen: 90196K->4336K(88576K)] 108635K->22775K(129536K), 0.0013630 secs] [Times: user=0.01 sys=0.00, real=0.00 secs] 
87.469: Total time for which application threads were stopped: 0.0015450 seconds, Stopping threads took: 0.0001140 seconds
87.618: Application time: 0.1483470 seconds
87.618: [GC [PSYoungGen: 88051K->7552K(89088K)] 106490K->25991K(130048K), 0.0021070 secs] [Times: user=0.01 sys=0.00, real=0.00 secs] 
87.620: Total time for which application threads were stopped: 0.0022800 seconds, Stopping threads took: 0.0000820 seconds
87.776: Application time: 0.1558170 seconds
87.776: [GC [PSYoungGen: 88960K->4384K(83456K)] 107399K->23035K(124416K), 0.0015740 secs] [Times: user=0.01 sys=0.00, real=0.00 secs] 
87.778: Total time for which application threads were stopped: 0.0017270 seconds, Stopping threads took: 0.0000760 seconds
87.923: Application time: 0.1452840 seconds
87.923: [GC [PSYoungGen: 82677K->6400K(82944K)] 101328K->25127K(123904K), 0.0019500 secs] [Times: user=0.01 sys=0.01, real=0.01 secs] 
87.925: Total time for which application threads were stopped: 0.0021210 seconds, Stopping threads took: 0.0000850 seconds
88.065: Application time: 0.1395780 seconds
88.065: [GC [PSYoungGen: 81922K->6368K(98304K)] 100649K->25095K(139264K), 0.0018800 secs] [Times: user=0.01 sys=0.00, real=0.00 secs] 
88.067: Total time for which application threads were stopped: 0.0020250 seconds, Stopping threads took: 0.0000610 seconds
88.226: Application time: 0.1596100 seconds
88.226: [GC [PSYoungGen: 95418K->7488K(100352K)] 114145K->26215K(141312K), 0.0022440 secs] [Times: user=0.01 sys=0.00, real=0.00 secs] 
88.229: Total time for which application threads were stopped: 0.0024090 seconds, Stopping threads took: 0.0000690 seconds
88.401: Application time: 0.1726470 seconds
88.401: [GC [PSYoungGen: 98624K->6512K(100864K)] 117351K->25339K(141824K), 0.0019460 secs] [Times: user=0.02 sys=0.00, real=0.01 secs] 
88.403: Total time for which application threads were stopped: 0.0021050 seconds, Stopping threads took: 0.0000780 seconds
88.569: Application time: 0.1653650 seconds
88.569: [GC [PSYoungGen: 97441K->5344K(118272K)] 116269K->24347K(159232K), 0.0012560 secs] [Times: user=0.01 sys=0.00, real=0.00 secs] 
88.570: Total time for which application threads were stopped: 0.0013950 seconds, Stopping threads took: 0.0000580 seconds
88.771: Application time: 0.2006290 seconds
88.771: [GC [PSYoungGen: 114640K->7424K(113152K)] 133644K->26427K(154112K), 0.0016680 secs] [Times: user=0.00 sys=0.01, real=0.01 secs] 
88.773: Total time for which application threads were stopped: 0.0018140 seconds, Stopping threads took: 0.0000640 seconds
88.968: Application time: 0.1954750 seconds
88.968: [GC [PSYoungGen: 112145K->5536K(107520K)] 131149K->24539K(148480K), 0.0015640 secs] [Times: user=0.01 sys=0.00, real=0.00 secs] 
88.970: Total time for which application threads were stopped: 0.0017190 seconds, Stopping threads took: 0.0000780 seconds
89.159: Application time: 0.1888990 seconds
89.159: [GC [PSYoungGen: 107320K->5440K(103936K)] 126324K->24652K(144896K), 0.0017480 secs] [Times: user=0.01 sys=0.01, real=0.00 secs] 
89.161: Total time for which application threads were stopped: 0.0018890 seconds, Stopping threads took: 0.0000610 seconds
89.343: Application time: 0.1828460 seconds
89.344: [GC [PSYoungGen: 103744K->6400K(101376K)] 122956K->25688K(142336K), 0.0018620 secs] [Times: user=0.01 sys=0.00, real=0.00 secs] 
89.345: Total time for which application threads were stopped: 0.0020400 seconds, Stopping threads took: 0.0000850 seconds
89.514: Application time: 0.1687150 seconds
89.514: [GC [PSYoungGen: 100506K->7392K(107520K)] 119794K->26680K(148480K), 0.0021880 secs] [Times: user=0.01 sys=0.00, real=0.00 secs] 
89.517: Total time for which application threads were stopped: 0.0023540 seconds, Stopping threads took: 0.0000820 seconds
89.702: Application time: 0.1853190 seconds
89.702: [GC [PSYoungGen: 105567K->5568K(100352K)] 124855K->24856K(141312K), 0.0011920 secs] [Times: user=0.01 sys=0.00, real=0.01 secs] 
89.703: Total time for which application threads were stopped: 0.0013260 seconds, Stopping threads took: 0.0000590 seconds
89.879: Application time: 0.1753880 seconds
89.879: [GC [PSYoungGen: 99536K->5424K(97280K)] 118824K->24960K(138240K), 0.0019240 secs] [Times: user=0.02 sys=0.00, real=0.00 secs] 
89.881: Total time for which application threads were stopped: 0.0020840 seconds, Stopping threads took: 0.0000700 seconds
90.046: Application time: 0.1656710 seconds
90.046: [GC [PSYoungGen: 96505K->5376K(94208K)] 116041K->24952K(135168K), 0.0013170 secs] [Times: user=0.00 sys=0.00, real=0.00 secs] 
90.048: Total time for which application threads were stopped: 0.0014630 seconds, Stopping threads took: 0.0000710 seconds
90.215: Application time: 0.1673720 seconds
90.215: [GC [PSYoungGen: 93891K->4384K(90112K)] 113467K->23960K(131072K), 0.0014740 secs] [Times: user=0.01 sys=0.00, real=0.00 secs] 
90.217: Total time for which application threads were stopped: 0.0016410 seconds, Stopping threads took: 0.0000830 seconds
90.371: Application time: 0.1538220 seconds
90.371: [GC [PSYoungGen: 89302K->6480K(89088K)] 108879K->26132K(130048K), 0.0020000 secs] [Times: user=0.01 sys=0.00, real=0.01 secs] 
90.373: Total time for which application threads were stopped: 0.0021440 seconds, Stopping threads took: 0.0000570 seconds
90.523: Application time: 0.1502350 seconds
90.523: [GC [PSYoungGen: 88797K->6400K(106496K)] 108449K->26220K(147456K), 0.0019280 secs] [Times: user=0.02 sys=0.00, real=0.00 secs] 
90.525: Total time for which application threads were stopped: 0.0020880 seconds, Stopping threads took: 0.0000680 seconds
90.708: Application time: 0.1828460 seconds
90.708: [GC [PSYoungGen: 103590K->7424K(107520K)] 123411K->27284K(148480K), 0.0020860 secs] [Times: user=0.01 sys=0.00, real=0.00 secs] 
90.710: Total time for which application threads were stopped: 0.0022320 seconds, Stopping threads took: 0.0000720 seconds
90.894: Application time: 0.1840100 seconds
90.894: [GC [PSYoungGen: 105916K->4384K(99840K)] 125776K->24244K(140800K), 0.0013620 secs] [Times: user=0.00 sys=0.00, real=0.00 secs] 
90.896: Total time for which application threads were stopped: 0.0015090 seconds, Stopping threads took: 0.0000710 seconds
91.064: Application time: 0.1685350 seconds
91.064: [GC [PSYoungGen: 99205K->7552K(104448K)] 119066K->27488K(145408K), 0.0023230 secs] [Times: user=0.01 sys=0.00, real=0.00 secs] 
91.067: Total time for which application threads were stopped: 0.0024880 seconds, Stopping threads took: 0.0000680 seconds
91.244: Application time: 0.1775200 seconds
91.244: [GC [PSYoungGen: 102641K->6432K(104448K)] 122577K->26541K(145408K), 0.0018230 secs] [Times: user=0.02 sys=0.00, real=0.00 secs] 
91.246: Total time for which application threads were stopped: 0.0019770 seconds, Stopping threads took: 0.0000740 seconds
91.423: Application time: 0.1770580 seconds
91.423: [GC [PSYoungGen: 100825K->4352K(96768K)] 120934K->24501K(137728K), 0.0009450 secs] [Times: user=0.01 sys=0.00, real=0.00 secs] 
91.424: Total time for which application threads were stopped: 0.0010850 seconds, Stopping threads took: 0.0000660 seconds
91.592: Application time: 0.1674470 seconds
91.592: [GC [PSYoungGen: 96194K->5424K(94720K)] 116343K->25573K(135680K), 0.0015350 secs] [Times: user=0.01 sys=0.00, real=0.00 secs] 
91.594: Total time for which application threads were stopped: 0.0016910 seconds, Stopping threads took: 0.0000670 seconds
91.759: Application time: 0.1656500 seconds
91.759: [GC [PSYoungGen: 93688K->5440K(91648K)] 113837K->25697K(132608K), 0.0012880 secs] [Times: user=0.01 sys=0.00, real=0.00 secs] 
91.761: Total time for which application threads were stopped: 0.0014440 seconds, Stopping threads took: 0.0000800 seconds
91.915: Application time: 0.1546550 seconds
91.915: [GC [PSYoungGen: 90493K->6432K(89600K)] 110750K->26833K(130560K), 0.0021240 secs] [Times: user=0.02 sys=0.00, real=0.00 secs] 
91.918: Total time for which application threads were stopped: 0.0022740 seconds, Stopping threads took: 0.0000610 seconds
92.069: Application time: 0.1515330 seconds
92.069: [GC [PSYoungGen: 88438K->5376K(86016K)] 108839K->25825K(126976K), 0.0014760 secs] [Times: user=0.01 sys=0.00, real=0.00 secs] 
92.071: Total time for which application threads were stopped: 0.0016310 seconds, Stopping threads took: 0.0000720 seconds
92.217: Application time: 0.1466990 seconds
92.218: [GC [PSYoungGen: 85528K->6432K(103424K)] 105977K->26881K(144384K), 0.0019230 secs] [Times: user=0.01 sys=0.00, real=0.00 secs] 
92.220: Total time for which application threads were stopped: 0.0020820 seconds, Stopping threads took: 0.0000650 seconds
92.403: Application time: 0.1832220 seconds
92.403: [GC [PSYoungGen: 103198K->7584K(105472K)] 123648K->28073K(146432K), 0.0020880 secs] [Times: user=0.01 sys=0.00, real=0.01 secs] 
92.405: Total time for which application threads were stopped: 0.0022760 seconds, Stopping threads took: 0.0001130 seconds
92.588: Application time: 0.1828210 seconds
92.588: [GC [PSYoungGen: 104077K->4352K(97792K)] 124566K->25057K(138752K), 0.0014490 secs] [Times: user=0.00 sys=0.00, real=0.00 secs] 
92.589: Total time for which application threads were stopped: 0.0015860 seconds, Stopping threads took: 0.0000610 seconds
92.757: Application time: 0.1677140 seconds
92.757: [GC [PSYoungGen: 97327K->4320K(95744K)] 118033K->25081K(136704K), 0.0013670 secs] [Times: user=0.01 sys=0.00, real=0.00 secs] 
92.759: Total time for which application threads were stopped: 0.0015180 seconds, Stopping threads took: 0.0000670 seconds
92.927: Application time: 0.1686000 seconds
92.927: [GC [PSYoungGen: 94274K->6496K(93696K)] 115036K->27257K(134656K), 0.0018870 secs] [Times: user=0.01 sys=0.00, real=0.00 secs] 
92.929: Total time for which application threads were stopped: 0.0020390 seconds, Stopping threads took: 0.0000780 seconds
93.084: Application time: 0.1547970 seconds
93.084: [GC [PSYoungGen: 93046K->7520K(95232K)] 113808K->28393K(136192K), 0.0022670 secs] [Times: user=0.02 sys=0.00, real=0.00 secs] 
93.087: Total time for which application threads were stopped: 0.0024210 seconds, Stopping threads took: 0.0000690 seconds
93.257: Application time: 0.1703060 seconds
93.257: [GC [PSYoungGen: 95072K->4352K(89088K)] 115945K->25369K(130048K), 0.0012240 secs] [Times: user=0.01 sys=0.00, real=0.00 secs] 
93.258: Total time for which application threads were stopped: 0.0013610 seconds, Stopping threads took: 0.0000650 seconds
93.408: Application time: 0.1499180 seconds
93.408: [GC [PSYoungGen: 88816K->6400K(93696K)] 109834K->27458K(134656K), 0.0019140 secs] [Times: user=0.01 sys=0.00, real=0.00 secs] 
93.410: Total time for which application threads were stopped: 0.0020880 seconds, Stopping threads took: 0.0000800 seconds
93.569: Application time: 0.1588180 seconds
93.569: [GC [PSYoungGen: 90712K->2304K(84480K)] 111770K->23361K(125440K), 0.0008070 secs] [Times: user=0.00 sys=0.00, real=0.00 secs] 
93.570: Total time for which application threads were stopped: 0.0009230 seconds, Stopping threads took: 0.0000530 seconds
93.722: Application time: 0.1521050 seconds
93.722: [GC [PSYoungGen: 84197K->6528K(86016K)] 105255K->27626K(126976K), 0.0020100 secs] [Times: user=0.01 sys=0.01, real=0.01 secs] 
93.724: Total time for which application threads were stopped: 0.0021750 seconds, Stopping threads took: 0.0000710 seconds
93.871: Application time: 0.1470140 seconds
93.871: [GC [PSYoungGen: 85157K->4352K(81408K)] 106255K->25638K(122368K), 0.0014210 secs] [Times: user=0.01 sys=0.00, real=0.00 secs] 
93.873: Total time for which application threads were stopped: 0.0015610 seconds, Stopping threads took: 0.0000560 seconds
94.011: Application time: 0.1378340 seconds
94.011: [GC [PSYoungGen: 80848K->6400K(86016K)] 102134K->27762K(126976K), 0.0019660 secs] [Times: user=0.02 sys=0.00, real=0.01 secs] 
94.013: Total time for which application threads were stopped: 0.0021430 seconds, Stopping threads took: 0.0000820 seconds
94.155: Application time: 0.1420470 seconds
94.155: [GC [PSYoungGen: 83050K->5344K(86016K)] 104412K->26706K(126976K), 0.0015630 secs] [Times: user=0.01 sys=0.00, real=0.00 secs] 
94.157: Total time for which application threads were stopped: 0.0017170 seconds, Stopping threads took: 0.0000730 seconds
94.295: Application time: 0.1384990 seconds
94.295: [GC [PSYoungGen: 82094K->7440K(101376K)] 103456K->28802K(142336K), 0.0018180 secs] [Times: user=0.01 sys=0.00, real=0.00 secs] 
94.297: Total time for which application threads were stopped: 0.0019790 seconds, Stopping threads took: 0.0000770 seconds
94.475: Application time: 0.1776120 seconds
94.475: [GC [PSYoungGen: 99589K->3408K(92672K)] 120952K->24874K(133632K), 0.0010350 secs] [Times: user=0.00 sys=0.01, real=0.00 secs] 
94.476: Total time for which application threads were stopped: 0.0011730 seconds, Stopping threads took: 0.0000660 seconds
94.632: Application time: 0.1562600 seconds
94.632: [GC [PSYoungGen: 92277K->7392K(97792K)] 113743K->29046K(138752K), 0.0021330 secs] [Times: user=0.01 sys=0.00, real=0.00 secs] 
94.634: Total time for which application threads were stopped: 0.0023000 seconds, Stopping threads took: 0.0000680 seconds
94.802: Application time: 0.1677900 seconds
94.802: [GC [PSYoungGen: 95363K->6400K(98304K)] 117017K->28054K(139264K), 0.0018780 secs] [Times: user=0.01 sys=0.00, real=0.01 secs] 
94.804: Total time for which application threads were stopped: 0.0020310 seconds, Stopping threads took: 0.0000700 seconds
94.965: Application time: 0.1608790 seconds
94.965: [GC [PSYoungGen: 94945K->6464K(116224K)] 116600K->28118K(157184K), 0.0015400 secs] [Times: user=0.01 sys=0.00, real=0.00 secs] 
94.967: Total time for which application threads were stopped: 0.0016990 seconds, Stopping threads took: 0.0000740 seconds
95.164: Application time: 0.1969860 seconds
95.164: [GC [PSYoungGen: 112065K->6528K(109056K)] 133719K->28294K(150016K), 0.0016780 secs] [Times: user=0.01 sys=0.00, real=0.00 secs] 
95.166: Total time for which application threads were stopped: 0.0018390 seconds, Stopping threads took: 0.0000760 seconds
95.356: Application time: 0.1903320 seconds
95.356: [GC [PSYoungGen: 107936K->4320K(103424K)] 129702K->26254K(144384K), 0.0012250 secs] [Times: user=0.01 sys=0.00, real=0.00 secs] 
95.357: Total time for which application threads were stopped: 0.0013850 seconds, Stopping threads took: 0.0000800 seconds
95.534: Application time: 0.1766730 seconds
95.534: [GC [PSYoungGen: 102149K->5376K(100864K)] 124084K->27310K(141824K), 0.0018120 secs] [Times: user=0.01 sys=0.00, real=0.00 secs] 
95.536: Total time for which application threads were stopped: 0.0019820 seconds, Stopping threads took: 0.0000880 seconds
95.710: Application time: 0.1743090 seconds
95.710: [GC [PSYoungGen: 100596K->7520K(99840K)] 122531K->29454K(140800K), 0.0021790 secs] [Times: user=0.02 sys=0.00, real=0.01 secs] 
95.713: Total time for which application threads were stopped: 0.0023510 seconds, Stopping threads took: 0.0000800 seconds
95.885: Application time: 0.1723070 seconds
95.885: [GC [PSYoungGen: 99224K->6480K(95744K)] 121159K->28555K(136704K), 0.0020550 secs] [Times: user=0.01 sys=0.00, real=0.00 secs] 
95.887: Total time for which application threads were stopped: 0.0022070 seconds, Stopping threads took: 0.0000760 seconds
96.047: Application time: 0.1602800 seconds
96.048: [GC [PSYoungGen: 94628K->6400K(98304K)] 116703K->28623K(139264K), 0.0018510 secs] [Times: user=0.01 sys=0.00, real=0.00 secs] 
96.049: Total time for which application threads were stopped: 0.0019980 seconds, Stopping threads took: 0.0000670 seconds
96.221: Application time: 0.1717990 seconds
96.221: [GC [PSYoungGen: 97621K->5376K(94208K)] 119844K->27599K(135168K), 0.0015020 secs] [Times: user=0.01 sys=0.00, real=0.00 secs] 
96.223: Total time for which application threads were stopped: 0.0016390 seconds, Stopping threads took: 0.0000560 seconds
96.383: Application time: 0.1601350 seconds
96.383: [GC [PSYoungGen: 92932K->5472K(91136K)] 115155K->27695K(132096K), 0.0016970 secs] [Times: user=0.01 sys=0.00, real=0.00 secs] 
96.385: Total time for which application threads were stopped: 0.0018460 seconds, Stopping threads took: 0.0000670 seconds
96.545: Application time: 0.1602820 seconds
96.545: [GC [PSYoungGen: 90449K->2400K(84992K)] 112672K->24771K(125952K), 0.0008590 secs] [Times: user=0.00 sys=0.00, real=0.00 secs] 
96.546: Total time for which application threads were stopped: 0.0009890 seconds, Stopping threads took: 0.0000630 seconds
96.694: Application time: 0.1482870 seconds
96.695: [GC [PSYoungGen: 84365K->6400K(86528K)] 106736K->28923K(127488K), 0.0019810 secs] [Times: user=0.02 sys=0.00, real=0.00 secs] 
96.697: Total time for which application threads were stopped: 0.0021280 seconds, Stopping threads took: 0.0000650 seconds
96.849: Application time: 0.1523420 seconds
96.849: [GC [PSYoungGen: 85950K->3296K(80896K)] 108474K->25819K(121856K), 0.0010450 secs] [Times: user=0.01 sys=0.00, real=0.00 secs] 
96.850: Total time for which application threads were stopped: 0.0011950 seconds, Stopping threads took: 0.0000700 seconds
96.990: Application time: 0.1401150 seconds
96.990: [GC [PSYoungGen: 79981K->7392K(86016K)] 102504K->29915K(126976K), 0.0023780 secs] [Times: user=0.02 sys=0.00, real=0.01 secs] 
96.993: Total time for which application threads were stopped: 0.0025670 seconds, Stopping threads took: 0.0000930 seconds
97.134: Application time: 0.1413450 seconds
97.134: [GC [PSYoungGen: 83308K->7552K(86528K)] 105832K->30151K(127488K), 0.0020720 secs] [Times: user=0.02 sys=0.00, real=0.00 secs] 
97.136: Total time for which application threads were stopped: 0.0022350 seconds, Stopping threads took: 0.0000820 seconds
97.278: Application time: 0.1412030 seconds
97.278: [GC [PSYoungGen: 84114K->6336K(101888K)] 106713K->29107K(142848K), 0.0015260 secs] [Times: user=0.01 sys=0.00, real=0.00 secs] 
97.279: Total time for which application threads were stopped: 0.0016750 seconds, Stopping threads took: 0.0000670 seconds
97.459: Application time: 0.1799020 seconds
97.459: [GC [PSYoungGen: 97732K->2272K(91648K)] 120504K->25091K(132608K), 0.0007910 secs] [Times: user=0.01 sys=0.00, real=0.00 secs] 
97.460: Total time for which application threads were stopped: 0.0009400 seconds, Stopping threads took: 0.0000710 seconds
97.617: Application time: 0.1571240 seconds
97.617: [GC [PSYoungGen: 91360K->5344K(92160K)] 114179K->28163K(133120K), 0.0015530 secs] [Times: user=0.01 sys=0.00, real=0.00 secs] 
97.619: Total time for which application threads were stopped: 0.0016940 seconds, Stopping threads took: 0.0000670 seconds
97.780: Application time: 0.1606820 seconds
97.780: [GC [PSYoungGen: 90671K->6544K(89600K)] 113490K->29363K(130560K), 0.0019860 secs] [Times: user=0.02 sys=0.00, real=0.00 secs] 
97.782: Total time for which application threads were stopped: 0.0021240 seconds, Stopping threads took: 0.0000600 seconds
97.935: Application time: 0.1537450 seconds
97.936: [GC [PSYoungGen: 88696K->5376K(86528K)] 111516K->28404K(127488K), 0.0016660 secs] [Times: user=0.01 sys=0.00, real=0.00 secs] 
97.937: Total time for which application threads were stopped: 0.0018130 seconds, Stopping threads took: 0.0000580 seconds
98.080: Application time: 0.1424380 seconds
98.080: [GC [PSYoungGen: 85001K->7424K(89600K)] 108029K->30528K(130560K), 0.0021640 secs] [Times: user=0.01 sys=0.00, real=0.00 secs] 
98.082: Total time for which application threads were stopped: 0.0023400 seconds, Stopping threads took: 0.0000820 seconds
98.232: Application time: 0.1502530 seconds
98.232: [GC [PSYoungGen: 87178K->5376K(105472K)] 110282K->28480K(146432K), 0.0011680 secs] [Times: user=0.01 sys=0.00, real=0.00 secs] 
98.234: Total time for which application threads were stopped: 0.0017670 seconds, Stopping threads took: 0.0000550 seconds
98.413: Application time: 0.1787550 seconds
98.413: [GC [PSYoungGen: 101265K->6480K(99840K)] 124370K->29584K(140800K), 0.0016290 secs] [Times: user=0.01 sys=0.00, real=0.00 secs] 
98.415: Total time for which application threads were stopped: 0.0017940 seconds, Stopping threads took: 0.0000860 seconds
98.583: Application time: 0.1688150 seconds
98.584: [GC [PSYoungGen: 98898K->5504K(95744K)] 122002K->28760K(136704K), 0.0015570 secs] [Times: user=0.01 sys=0.00, real=0.00 secs] 
98.585: Total time for which application threads were stopped: 0.0017120 seconds, Stopping threads took: 0.0000730 seconds
98.752: Application time: 0.1671790 seconds
98.753: [GC [PSYoungGen: 94894K->6336K(99840K)] 118150K->29740K(140800K), 0.0019610 secs] [Times: user=0.01 sys=0.00, real=0.00 secs] 
98.755: Total time for which application threads were stopped: 0.0021350 seconds, Stopping threads took: 0.0000910 seconds
98.920: Application time: 0.1650860 seconds
98.920: [GC [PSYoungGen: 96306K->5376K(93184K)] 119711K->28780K(134144K), 0.0011790 secs] [Times: user=0.00 sys=0.00, real=0.00 secs] 
98.921: Total time for which application threads were stopped: 0.0013690 seconds, Stopping threads took: 0.0001130 seconds
99.085: Application time: 0.1641530 seconds
99.085: [GC [PSYoungGen: 92913K->5472K(90112K)] 116318K->28876K(131072K), 0.0016710 secs] [Times: user=0.01 sys=0.00, real=0.00 secs] 
99.087: Total time for which application threads were stopped: 0.0018450 seconds, Stopping threads took: 0.0000860 seconds
99.241: Application time: 0.1537910 seconds
99.241: [GC [PSYoungGen: 89166K->6496K(88576K)] 112571K->30036K(129536K), 0.0014920 secs] [Times: user=0.01 sys=0.00, real=0.00 secs] 
99.242: Total time for which application threads were stopped: 0.0016340 seconds, Stopping threads took: 0.0000660 seconds
99.392: Application time: 0.1498920 seconds
99.392: [GC [PSYoungGen: 87739K->5344K(84992K)] 111280K->29028K(125952K), 0.0018240 secs] [Times: user=0.01 sys=0.00, real=0.00 secs] 
99.394: Total time for which application threads were stopped: 0.0020280 seconds, Stopping threads took: 0.0001220 seconds
99.540: Application time: 0.1456900 seconds
99.540: [GC [PSYoungGen: 84026K->5376K(82432K)] 107711K->29060K(123392K), 0.0015060 secs] [Times: user=0.01 sys=0.00, real=0.00 secs] 
99.542: Total time for which application threads were stopped: 0.0016450 seconds, Stopping threads took: 0.0000620 seconds
99.685: Application time: 0.1437380 seconds
99.686: [GC [PSYoungGen: 81292K->3296K(77824K)] 104977K->26980K(118784K), 0.0012060 secs] [Times: user=0.01 sys=0.00, real=0.00 secs] 
99.687: Total time for which application threads were stopped: 0.0013550 seconds, Stopping threads took: 0.0000750 seconds
99.822: Application time: 0.1354880 seconds
99.822: [GC [PSYoungGen: 77289K->3456K(75264K)] 100974K->27188K(116224K), 0.0011520 secs] [Times: user=0.01 sys=0.00, real=0.01 secs] 
99.824: Total time for which application threads were stopped: 0.0012920 seconds, Stopping threads took: 0.0000640 seconds
99.956: Application time: 0.1323430 seconds
99.956: [GC [PSYoungGen: 74668K->3312K(73216K)] 98401K->27253K(114176K), 0.0011000 secs] [Times: user=0.00 sys=0.00, real=0.00 secs] 
99.957: Total time for which application threads were stopped: 0.0012260 seconds, Stopping threads took: 0.0000590 seconds
100.081: Application time: 0.1243080 seconds
100.082: [GC [PSYoungGen: 72890K->6400K(74240K)] 96831K->30381K(115200K), 0.0019270 secs] [Times: user=0.01 sys=0.00, real=0.01 secs] 
100.084: Total time for which application threads were stopped: 0.0020830 seconds, Stopping threads took: 0.0000740 seconds
100.206: Application time: 0.1227330 seconds
100.206: [GC [PSYoungGen: 73222K->5376K(88576K)] 97203K->29357K(129536K), 0.0016120 secs] [Times: user=0.01 sys=0.00, real=0.00 secs] 
100.208: Total time for which application threads were stopped: 0.0017690 seconds, Stopping threads took: 0.0000640 seconds
100.356: Application time: 0.1475760 seconds
100.356: [GC [PSYoungGen: 85248K->6400K(89088K)] 109229K->30381K(130048K), 0.0018480 secs] [Times: user=0.01 sys=0.00, real=0.00 secs] 
100.358: Total time for which application threads were stopped: 0.0019900 seconds, Stopping threads took: 0.0000580 seconds
100.510: Application time: 0.1520170 seconds
100.510: [GC [PSYoungGen: 86562K->3440K(81920K)] 110543K->27461K(122880K), 0.0011220 secs] [Times: user=0.00 sys=0.00, real=0.00 secs] 
100.511: Total time for which application threads were stopped: 0.0012580 seconds, Stopping threads took: 0.0000590 seconds
100.653: Application time: 0.1418020 seconds
100.653: [GC [PSYoungGen: 81189K->6400K(87040K)] 105210K->30629K(128000K), 0.0018970 secs] [Times: user=0.01 sys=0.00, real=0.00 secs] 
100.655: Total time for which application threads were stopped: 0.0020560 seconds, Stopping threads took: 0.0000710 seconds
100.801: Application time: 0.1460950 seconds
100.801: [GC [PSYoungGen: 84283K->4352K(80384K)] 108512K->28629K(121344K), 0.0011960 secs] [Times: user=0.00 sys=0.00, real=0.00 secs] 
100.802: Total time for which application threads were stopped: 0.0013320 seconds, Stopping threads took: 0.0000520 seconds
100.939: Application time: 0.1363680 seconds
100.939: [GC [PSYoungGen: 79774K->4352K(78336K)] 104051K->28629K(119296K), 0.0013890 secs] [Times: user=0.00 sys=0.00, real=0.00 secs] 
100.940: Total time for which application threads were stopped: 0.0015360 seconds, Stopping threads took: 0.0000740 seconds
101.074: Application time: 0.1341370 seconds
101.074: [GC [PSYoungGen: 76929K->4352K(75776K)] 101207K->28629K(116736K), 0.0014320 secs] [Times: user=0.01 sys=0.00, real=0.00 secs] 
101.076: Total time for which application threads were stopped: 0.0015830 seconds, Stopping threads took: 0.0000760 seconds
101.209: Application time: 0.1335510 seconds
101.209: [GC [PSYoungGen: 74822K->3376K(75264K)] 99100K->27773K(116224K), 0.0010540 secs] [Times: user=0.00 sys=0.00, real=0.00 secs] 
101.211: Total time for which application threads were stopped: 0.0011890 seconds, Stopping threads took: 0.0000650 seconds
101.333: Application time: 0.1226470 seconds
101.333: [GC [PSYoungGen: 72086K->6400K(77312K)] 96483K->30949K(118272K), 0.0020410 secs] [Times: user=0.02 sys=0.00, real=0.00 secs] 
101.335: Total time for which application threads were stopped: 0.0022330 seconds, Stopping threads took: 0.0000980 seconds
101.468: Application time: 0.1322050 seconds
101.468: [GC [PSYoungGen: 75498K->6400K(91648K)] 100048K->30989K(132608K), 0.0014950 secs] [Times: user=0.01 sys=0.00, real=0.00 secs] 
101.469: Total time for which application threads were stopped: 0.0016420 seconds, Stopping threads took: 0.0000650 seconds
101.620: Application time: 0.1502910 seconds
101.620: [GC [PSYoungGen: 88683K->4336K(91648K)] 113272K->28925K(132608K), 0.0011980 secs] [Times: user=0.01 sys=0.00, real=0.00 secs] 
101.621: Total time for which application threads were stopped: 0.0013760 seconds, Stopping threads took: 0.0001020 seconds
101.771: Application time: 0.1498730 seconds
101.771: [GC [PSYoungGen: 86548K->6464K(87040K)] 111138K->31053K(128000K), 0.0014540 secs] [Times: user=0.00 sys=0.01, real=0.01 secs] 
101.772: Total time for which application threads were stopped: 0.0016180 seconds, Stopping threads took: 0.0000810 seconds
101.923: Application time: 0.1506700 seconds
101.923: [GC [PSYoungGen: 86033K->4464K(82432K)] 110622K->29165K(123392K), 0.0013430 secs] [Times: user=0.01 sys=0.00, real=0.00 secs] 
101.925: Total time for which application threads were stopped: 0.0014880 seconds, Stopping threads took: 0.0000550 seconds
102.071: Application time: 0.1462830 seconds
102.071: [GC [PSYoungGen: 81575K->3296K(78848K)] 106276K->28181K(119808K), 0.0009750 secs] [Times: user=0.00 sys=0.00, real=0.01 secs] 
102.072: Total time for which application threads were stopped: 0.0011190 seconds, Stopping threads took: 0.0000730 seconds
102.209: Application time: 0.1367900 seconds
102.209: [GC [PSYoungGen: 77681K->4352K(77312K)] 102567K->29237K(118272K), 0.0012500 secs] [Times: user=0.01 sys=0.00, real=0.00 secs] 
102.210: Total time for which application threads were stopped: 0.0013880 seconds, Stopping threads took: 0.0000590 seconds
102.344: Application time: 0.1338070 seconds
102.344: [GC [PSYoungGen: 76552K->4288K(75264K)] 101438K->29173K(116224K), 0.0014160 secs] [Times: user=0.01 sys=0.00, real=0.00 secs] 
102.346: Total time for which application threads were stopped: 0.0015810 seconds, Stopping threads took: 0.0000860 seconds
102.476: Application time: 0.1302180 seconds
102.476: [GC [PSYoungGen: 74646K->4416K(73216K)] 99532K->29302K(114176K), 0.0014840 secs] [Times: user=0.01 sys=0.00, real=0.00 secs] 
102.477: Total time for which application threads were stopped: 0.0016260 seconds, Stopping threads took: 0.0000530 seconds
102.599: Application time: 0.1212920 seconds
102.599: [GC [PSYoungGen: 73024K->5472K(72192K)] 97910K->30494K(113152K), 0.0016730 secs] [Times: user=0.01 sys=0.00, real=0.00 secs] 
102.601: Total time for which application threads were stopped: 0.0018150 seconds, Stopping threads took: 0.0000630 seconds
102.721: Application time: 0.1202230 seconds
102.721: [GC [PSYoungGen: 72016K->7424K(85504K)] 97038K->32586K(126464K), 0.0021260 secs] [Times: user=0.01 sys=0.00, real=0.00 secs] 
102.723: Total time for which application threads were stopped: 0.0022730 seconds, Stopping threads took: 0.0000600 seconds
102.871: Application time: 0.1478320 seconds
102.875: [GC [PSYoungGen: 85248K->5376K(89088K)] 110410K->30538K(130048K), 0.0015600 secs] [Times: user=0.01 sys=0.00, real=0.00 secs] 
102.877: Total time for which application threads were stopped: 0.0058830 seconds, Stopping threads took: 0.0042390 seconds
103.027: Application time: 0.1501630 seconds
103.027: [GC [PSYoungGen: 84895K->5376K(88576K)] 110057K->30538K(129536K), 0.0015710 secs] [Times: user=0.01 sys=0.00, real=0.00 secs] 
103.029: Total time for which application threads were stopped: 0.0017460 seconds, Stopping threads took: 0.0000790 seconds
103.176: Application time: 0.1473960 seconds
103.176: [GC [PSYoungGen: 85323K->5552K(104960K)] 110485K->30714K(145920K), 0.0012690 secs] [Times: user=0.01 sys=0.00, real=0.00 secs] 
103.177: Total time for which application threads were stopped: 0.0014090 seconds, Stopping threads took: 0.0000600 seconds
103.356: Application time: 0.1789420 seconds
103.357: [GC [PSYoungGen: 102315K->4336K(97792K)] 127477K->29714K(138752K), 0.0012460 secs] [Times: user=0.01 sys=0.00, real=0.00 secs] 
103.358: Total time for which application threads were stopped: 0.0013860 seconds, Stopping threads took: 0.0000690 seconds
103.524: Application time: 0.1664250 seconds
103.524: [GC [PSYoungGen: 96871K->6400K(96768K)] 122249K->31854K(137728K), 0.0016140 secs] [Times: user=0.01 sys=0.00, real=0.00 secs] 
103.526: Total time for which application threads were stopped: 0.0017520 seconds, Stopping threads took: 0.0000590 seconds
103.697: Application time: 0.1706560 seconds
103.697: [GC [PSYoungGen: 95603K->4352K(91648K)] 121058K->29806K(132608K), 0.0014820 secs] [Times: user=0.01 sys=0.00, real=0.00 secs] 
103.698: Total time for which application threads were stopped: 0.0016270 seconds, Stopping threads took: 0.0000620 seconds
103.855: Application time: 0.1566000 seconds
103.855: [GC [PSYoungGen: 90813K->6576K(90624K)] 116268K->32030K(131584K), 0.0018400 secs] [Times: user=0.01 sys=0.00, real=0.00 secs] 
103.857: Total time for which application threads were stopped: 0.0019970 seconds, Stopping threads took: 0.0000720 seconds
104.007: Application time: 0.1496590 seconds
104.007: [GC [PSYoungGen: 89694K->7440K(94720K)] 115149K->33106K(135680K), 0.0022340 secs] [Times: user=0.02 sys=0.00, real=0.00 secs] 
104.009: Total time for which application threads were stopped: 0.0023850 seconds, Stopping threads took: 0.0000670 seconds
104.174: Application time: 0.1655040 seconds
104.175: [GC [PSYoungGen: 93632K->6400K(109568K)] 119299K->32143K(150528K), 0.0015060 secs] [Times: user=0.00 sys=0.01, real=0.00 secs] 
104.176: Total time for which application threads were stopped: 0.0017460 seconds, Stopping threads took: 0.0001530 seconds
104.359: Application time: 0.1826330 seconds
104.359: [GC [PSYoungGen: 106242K->5392K(102912K)] 131985K->31135K(143872K), 0.0014810 secs] [Times: user=0.01 sys=0.01, real=0.00 secs] 
104.360: Total time for which application threads were stopped: 0.0016340 seconds, Stopping threads took: 0.0000680 seconds
104.540: Application time: 0.1799160 seconds
104.540: [GC [PSYoungGen: 102452K->6528K(100352K)] 128195K->32271K(141312K), 0.0016610 secs] [Times: user=0.01 sys=0.00, real=0.00 secs] 
104.542: Total time for which application threads were stopped: 0.0018070 seconds, Stopping threads took: 0.0000740 seconds
104.717: Application time: 0.1750770 seconds
104.717: [GC [PSYoungGen: 99323K->5424K(96256K)] 125066K->31379K(137216K), 0.0018180 secs] [Times: user=0.01 sys=0.00, real=0.00 secs] 
104.719: Total time for which application threads were stopped: 0.0019730 seconds, Stopping threads took: 0.0000720 seconds
104.880: Application time: 0.1604250 seconds
104.883: [GC [PSYoungGen: 95385K->5376K(98816K)] 121340K->33455K(139776K), 0.0021920 secs] [Times: user=0.01 sys=0.00, real=0.00 secs] 
104.886: Total time for which application threads were stopped: 0.0058790 seconds, Stopping threads took: 0.0035820 seconds
105.062: Application time: 0.1762590 seconds
105.062: [GC [PSYoungGen: 98149K->5376K(95744K)] 126229K->33455K(136704K), 0.0016280 secs] [Times: user=0.01 sys=0.00, real=0.01 secs] 
105.064: Total time for which application threads were stopped: 0.0017870 seconds, Stopping threads took: 0.0000800 seconds
105.223: Application time: 0.1593190 seconds
105.223: [GC [PSYoungGen: 94768K->6560K(98304K)] 122847K->34639K(139264K), 0.0019160 secs] [Times: user=0.01 sys=0.00, real=0.00 secs] 
105.225: Total time for which application threads were stopped: 0.0020870 seconds, Stopping threads took: 0.0000790 seconds
105.397: Application time: 0.1720720 seconds
105.397: [GC [PSYoungGen: 96247K->5376K(98816K)] 124327K->33663K(139776K), 0.0017250 secs] [Times: user=0.01 sys=0.00, real=0.00 secs] 
105.399: Total time for which application threads were stopped: 0.0018950 seconds, Stopping threads took: 0.0000850 seconds
105.560: Application time: 0.1612280 seconds
105.560: [GC [PSYoungGen: 95319K->5376K(93184K)] 123606K->33747K(134144K), 0.0012580 secs] [Times: user=0.01 sys=0.00, real=0.00 secs] 
105.562: Total time for which application threads were stopped: 0.0013980 seconds, Stopping threads took: 0.0000650 seconds
105.726: Application time: 0.1646180 seconds
105.726: [GC [PSYoungGen: 92139K->4320K(89088K)] 120511K->32691K(130048K), 0.0012350 secs] [Times: user=0.00 sys=0.01, real=0.00 secs] 
105.728: Total time for which application threads were stopped: 0.0013800 seconds, Stopping threads took: 0.0000760 seconds
105.883: Application time: 0.1557310 seconds
105.883: [GC [PSYoungGen: 88792K->5488K(87552K)] 117164K->34883K(128512K), 0.0015550 secs] [Times: user=0.01 sys=0.00, real=0.00 secs] 
105.885: Total time for which application threads were stopped: 0.0016980 seconds, Stopping threads took: 0.0000590 seconds
106.032: Application time: 0.1469820 seconds
106.032: [GC [PSYoungGen: 86684K->6448K(86016K)] 116079K->36035K(126976K), 0.0020410 secs] [Times: user=0.01 sys=0.00, real=0.00 secs] 
106.034: Total time for which application threads were stopped: 0.0022000 seconds, Stopping threads took: 0.0000670 seconds
106.178: Application time: 0.1437740 seconds
106.178: [GC [PSYoungGen: 85008K->3328K(80384K)] 114596K->35060K(121344K), 0.0014330 secs] [Times: user=0.01 sys=0.00, real=0.00 secs] 
106.180: Total time for which application threads were stopped: 0.0015790 seconds, Stopping threads took: 0.0000740 seconds
106.323: Application time: 0.1431230 seconds
106.323: [GC [PSYoungGen: 79984K->5376K(79872K)] 111716K->37108K(120832K), 0.0016580 secs] [Times: user=0.01 sys=0.00, real=0.01 secs] 
106.324: Total time for which application threads were stopped: 0.0017960 seconds, Stopping threads took: 0.0000570 seconds
106.461: Application time: 0.1365940 seconds
106.461: [GC [PSYoungGen: 78864K->6432K(95744K)] 110596K->38164K(136704K), 0.0018630 secs] [Times: user=0.02 sys=0.00, real=0.01 secs] 
106.463: Total time for which application threads were stopped: 0.0019990 seconds, Stopping threads took: 0.0000540 seconds
106.628: Application time: 0.1646200 seconds
106.628: [GC [PSYoungGen: 95478K->6544K(100352K)] 127210K->38316K(141312K), 0.0020820 secs] [Times: user=0.01 sys=0.00, real=0.00 secs] 
106.630: Total time for which application threads were stopped: 0.0022440 seconds, Stopping threads took: 0.0000680 seconds
106.800: Application time: 0.1702310 seconds
106.800: [GC [PSYoungGen: 98704K->6432K(115200K)] 130476K->38420K(156160K), 0.0014830 secs] [Times: user=0.01 sys=0.00, real=0.00 secs] 
106.802: Total time for which application threads were stopped: 0.0016230 seconds, Stopping threads took: 0.0000630 seconds
106.999: Application time: 0.1967020 seconds
106.999: [GC [PSYoungGen: 113440K->6400K(109568K)] 145428K->38428K(150528K), 0.0016080 secs] [Times: user=0.01 sys=0.00, real=0.00 secs] 
107.000: Total time for which application threads were stopped: 0.0017580 seconds, Stopping threads took: 0.0000730 seconds
107.187: Application time: 0.1865160 seconds
107.187: [GC [PSYoungGen: 108412K->5440K(111104K)] 140440K->39516K(152064K), 0.0021410 secs] [Times: user=0.01 sys=0.00, real=0.00 secs] 
107.189: Total time for which application threads were stopped: 0.0023030 seconds, Stopping threads took: 0.0000730 seconds
107.385: Application time: 0.1955880 seconds
107.385: [GC [PSYoungGen: 110014K->6512K(108544K)] 144090K->40704K(149504K), 0.0019240 secs] [Times: user=0.01 sys=0.00, real=0.00 secs] 
107.387: Total time for which application threads were stopped: 0.0020770 seconds, Stopping threads took: 0.0000680 seconds
107.575: Application time: 0.1885150 seconds
107.575: [GC [PSYoungGen: 108090K->5376K(103936K)] 142283K->40768K(144896K), 0.0018710 secs] [Times: user=0.01 sys=0.00, real=0.00 secs] 
107.577: Total time for which application threads were stopped: 0.0020220 seconds, Stopping threads took: 0.0000750 seconds
107.763: Application time: 0.1861140 seconds
107.764: [GC [PSYoungGen: 103680K->5376K(100352K)] 139072K->40768K(141312K), 0.0017240 secs] [Times: user=0.01 sys=0.00, real=0.00 secs] 
107.765: Total time for which application threads were stopped: 0.0018950 seconds, Stopping threads took: 0.0000820 seconds
107.932: Application time: 0.1671380 seconds
107.933: [GC [PSYoungGen: 99159K->5504K(104960K)] 134552K->42944K(145920K), 0.0022560 secs] [Times: user=0.01 sys=0.00, real=0.00 secs] 
107.935: Total time for which application threads were stopped: 0.0024160 seconds, Stopping threads took: 0.0000790 seconds
108.117: Application time: 0.1824790 seconds
108.117: [GC [PSYoungGen: 104020K->6432K(107008K)] 141461K->44089K(147968K), 0.0019330 secs] [Times: user=0.01 sys=0.00, real=0.00 secs] 
108.119: Total time for which application threads were stopped: 0.0020950 seconds, Stopping threads took: 0.0000800 seconds
108.305: Application time: 0.1855600 seconds
108.307: [GC [PSYoungGen: 105666K->4352K(100352K)] 143323K->42089K(141312K), 0.0012250 secs] [Times: user=0.01 sys=0.00, real=0.00 secs] 
108.308: Total time for which application threads were stopped: 0.0033910 seconds, Stopping threads took: 0.0020840 seconds
108.485: Application time: 0.1762260 seconds
108.485: [GC [PSYoungGen: 100093K->6432K(98816K)] 137830K->44169K(139776K), 0.0016910 secs] [Times: user=0.01 sys=0.00, real=0.00 secs] 
108.486: Total time for which application threads were stopped: 0.0018600 seconds, Stopping threads took: 0.0000950 seconds
108.658: Application time: 0.1715390 seconds
108.658: [GC [PSYoungGen: 97732K->4512K(93696K)] 135469K->43313K(134656K), 0.0014210 secs] [Times: user=0.00 sys=0.00, real=0.00 secs] 
108.660: Total time for which application threads were stopped: 0.0015820 seconds, Stopping threads took: 0.0000800 seconds
108.822: Application time: 0.1625760 seconds
108.822: [GC [PSYoungGen: 93360K->6432K(92672K)] 132161K->45461K(133632K), 0.0019370 secs] [Times: user=0.00 sys=0.02, real=0.01 secs] 
108.824: [Full GC [PSYoungGen: 6432K->0K(92672K)] [ParOldGen: 39029K->10004K(44032K)] 45461K->10004K(136704K) [PSPermGen: 5503K->5503K(21504K)], 0.0065790 secs] [Times: user=0.03 sys=0.00, real=0.00 secs] 
108.831: Total time for which application threads were stopped: 0.0087310 seconds, Stopping threads took: 0.0000790 seconds
108.991: Application time: 0.1600830 seconds
108.991: [GC [PSYoungGen: 85794K->4352K(87552K)] 95799K->14356K(131584K), 0.0013260 secs] [Times: user=0.01 sys=0.00, real=0.00 secs] 
108.992: Total time for which application threads were stopped: 0.0014660 seconds, Stopping threads took: 0.0000690 seconds
109.148: Application time: 0.1553250 seconds
109.148: [GC [PSYoungGen: 86965K->5376K(86016K)] 96969K->15380K(130048K), 0.0017270 secs] [Times: user=0.01 sys=0.00, real=0.00 secs] 
109.150: Total time for which application threads were stopped: 0.0018800 seconds, Stopping threads took: 0.0000700 seconds
109.295: Application time: 0.1449500 seconds
109.295: [GC [PSYoungGen: 84937K->6560K(84480K)] 94942K->16564K(128512K), 0.0018340 secs] [Times: user=0.01 sys=0.00, real=0.00 secs] 
109.297: Total time for which application threads were stopped: 0.0019790 seconds, Stopping threads took: 0.0000610 seconds
109.438: Application time: 0.1413710 seconds
109.438: [GC [PSYoungGen: 84384K->7488K(101376K)] 94388K->17704K(145408K), 0.0025460 secs] [Times: user=0.01 sys=0.00, real=0.00 secs] 
109.441: Total time for which application threads were stopped: 0.0027020 seconds, Stopping threads took: 0.0000580 seconds
109.614: Application time: 0.1728120 seconds
109.614: [GC [PSYoungGen: 100174K->2304K(103424K)] 110390K->15672K(147456K), 0.0016050 secs] [Times: user=0.01 sys=0.00, real=0.00 secs] 
109.615: Total time for which application threads were stopped: 0.0017590 seconds, Stopping threads took: 0.0000750 seconds
109.801: Application time: 0.1861640 seconds
109.802: [GC [PSYoungGen: 102395K->4352K(101888K)] 115763K->17720K(145920K), 0.0012230 secs] [Times: user=0.01 sys=0.00, real=0.00 secs] 
109.803: Total time for which application threads were stopped: 0.0013810 seconds, Stopping threads took: 0.0000830 seconds
109.982: Application time: 0.1786950 seconds
109.982: [GC [PSYoungGen: 101172K->5520K(99328K)] 114541K->18888K(143360K), 0.0016600 secs] [Times: user=0.01 sys=0.01, real=0.01 secs] 
109.983: Total time for which application threads were stopped: 0.0018230 seconds, Stopping threads took: 0.0000820 seconds
110.156: Application time: 0.1722190 seconds
110.156: [GC [PSYoungGen: 99216K->7456K(102912K)] 112584K->21073K(146944K), 0.0022650 secs] [Times: user=0.02 sys=0.00, real=0.00 secs] 
110.158: Total time for which application threads were stopped: 0.0024190 seconds, Stopping threads took: 0.0000660 seconds
110.331: Application time: 0.1732460 seconds
110.331: [GC [PSYoungGen: 101073K->6400K(97792K)] 114690K->20057K(141824K), 0.0014710 secs] [Times: user=0.01 sys=0.00, real=0.00 secs] 
110.333: Total time for which application threads were stopped: 0.0016340 seconds, Stopping threads took: 0.0000860 seconds
110.501: Application time: 0.1686130 seconds
110.502: [GC [PSYoungGen: 96717K->5344K(93696K)] 110374K->19001K(137728K), 0.0015130 secs] [Times: user=0.00 sys=0.00, real=0.01 secs] 
110.503: Total time for which application threads were stopped: 0.0016730 seconds, Stopping threads took: 0.0000710 seconds
110.663: Application time: 0.1593860 seconds
110.663: [GC [PSYoungGen: 92874K->5536K(90624K)] 106531K->19193K(134656K), 0.0013100 secs] [Times: user=0.00 sys=0.01, real=0.01 secs] 
110.664: Total time for which application threads were stopped: 0.0014640 seconds, Stopping threads took: 0.0000750 seconds
110.823: Application time: 0.1587930 seconds
110.823: [GC [PSYoungGen: 90281K->4352K(86528K)] 103938K->18257K(130560K), 0.0014920 secs] [Times: user=0.01 sys=0.00, real=0.01 secs] 
110.824: Total time for which application threads were stopped: 0.0016510 seconds, Stopping threads took: 0.0000830 seconds
110.974: Application time: 0.1495540 seconds
110.974: [GC [PSYoungGen: 85470K->4352K(83968K)] 99376K->18313K(128000K), 0.0013550 secs] [Times: user=0.00 sys=0.00, real=0.00 secs] 
110.976: Total time for which application threads were stopped: 0.0015010 seconds, Stopping threads took: 0.0000730 seconds
111.122: Application time: 0.1467820 seconds
111.122: [GC [PSYoungGen: 83522K->6400K(83456K)] 97484K->20361K(127488K), 0.0019680 secs] [Times: user=0.01 sys=0.00, real=0.01 secs] 
111.124: Total time for which application threads were stopped: 0.0021370 seconds, Stopping threads took: 0.0000830 seconds
111.266: Application time: 0.1411420 seconds
111.266: [GC [PSYoungGen: 82292K->5504K(79872K)] 96253K->19465K(123904K), 0.0014630 secs] [Times: user=0.01 sys=0.00, real=0.00 secs] 
111.267: Total time for which application threads were stopped: 0.0016000 seconds, Stopping threads took: 0.0000620 seconds
111.401: Application time: 0.1335590 seconds
111.401: [GC [PSYoungGen: 79021K->6464K(95744K)] 92983K->20561K(139776K), 0.0020710 secs] [Times: user=0.02 sys=0.00, real=0.00 secs] 
111.403: Total time for which application threads were stopped: 0.0022340 seconds, Stopping threads took: 0.0000780 seconds
111.569: Application time: 0.1659940 seconds
111.569: [GC [PSYoungGen: 94829K->4400K(90624K)] 108927K->18613K(134656K), 0.0013770 secs] [Times: user=0.01 sys=0.00, real=0.00 secs] 
111.570: Total time for which application threads were stopped: 0.0015230 seconds, Stopping threads took: 0.0000710 seconds
111.727: Application time: 0.1566300 seconds
111.727: [GC [PSYoungGen: 89862K->5344K(88576K)] 104076K->19597K(132608K), 0.0017410 secs] [Times: user=0.01 sys=0.00, real=0.00 secs] 
111.729: Total time for which application threads were stopped: 0.0018930 seconds, Stopping threads took: 0.0000560 seconds
111.879: Application time: 0.1504470 seconds
111.880: [GC [PSYoungGen: 87738K->5376K(92160K)] 101991K->19629K(136192K), 0.0016930 secs] [Times: user=0.01 sys=0.00, real=0.00 secs] 
111.881: Total time for which application threads were stopped: 0.0018530 seconds, Stopping threads took: 0.0000730 seconds
112.042: Application time: 0.1607130 seconds
112.042: [GC [PSYoungGen: 90879K->4544K(87040K)] 105133K->18853K(131072K), 0.0014350 secs] [Times: user=0.01 sys=0.00, real=0.01 secs] 
112.044: Total time for which application threads were stopped: 0.0015810 seconds, Stopping threads took: 0.0000690 seconds
112.193: Application time: 0.1497300 seconds
112.193: [GC [PSYoungGen: 86647K->5392K(85504K)] 100956K->19910K(129536K), 0.0016320 secs] [Times: user=0.00 sys=0.00, real=0.00 secs] 
112.195: Total time for which application threads were stopped: 0.0017940 seconds, Stopping threads took: 0.0000810 seconds
112.345: Application time: 0.1496250 seconds
112.345: [GC [PSYoungGen: 84627K->4352K(81920K)] 99145K->18926K(125952K), 0.0013130 secs] [Times: user=0.01 sys=0.00, real=0.00 secs] 
112.346: Total time for which application threads were stopped: 0.0014550 seconds, Stopping threads took: 0.0000580 seconds
112.485: Application time: 0.1390680 seconds
112.485: [GC [PSYoungGen: 80894K->5376K(80384K)] 95468K->19950K(124416K), 0.0014540 secs] [Times: user=0.01 sys=0.00, real=0.00 secs] 
112.487: Total time for which application threads were stopped: 0.0015920 seconds, Stopping threads took: 0.0000650 seconds
112.623: Application time: 0.1356810 seconds
112.623: [GC [PSYoungGen: 80128K->6448K(83456K)] 94702K->21022K(127488K), 0.0018210 secs] [Times: user=0.01 sys=0.00, real=0.01 secs] 
112.625: Total time for which application threads were stopped: 0.0019660 seconds, Stopping threads took: 0.0000640 seconds
112.766: Application time: 0.1409790 seconds
112.766: [GC [PSYoungGen: 82310K->5440K(79360K)] 96884K->20158K(123392K), 0.0013150 secs] [Times: user=0.01 sys=0.00, real=0.00 secs] 
112.767: Total time for which application threads were stopped: 0.0014660 seconds, Stopping threads took: 0.0000720 seconds
112.907: Application time: 0.1396390 seconds
112.907: [GC [PSYoungGen: 79040K->7424K(95744K)] 93758K->22254K(139776K), 0.0018640 secs] [Times: user=0.00 sys=0.01, real=0.00 secs] 
112.909: Total time for which application threads were stopped: 0.0020170 seconds, Stopping threads took: 0.0000610 seconds
113.070: Application time: 0.1617290 seconds
113.071: [GC [PSYoungGen: 95395K->5376K(97280K)] 110226K->20246K(141312K), 0.0016700 secs] [Times: user=0.01 sys=0.00, real=0.01 secs] 
113.072: Total time for which application threads were stopped: 0.0018220 seconds, Stopping threads took: 0.0000740 seconds
113.237: Application time: 0.1651470 seconds
113.237: [GC [PSYoungGen: 93714K->6400K(96768K)] 108584K->21270K(140800K), 0.0019090 secs] [Times: user=0.01 sys=0.01, real=0.00 secs] 
113.239: Total time for which application threads were stopped: 0.0020660 seconds, Stopping threads took: 0.0000700 seconds
113.404: Application time: 0.1649680 seconds
113.405: [GC [PSYoungGen: 94868K->4464K(90624K)] 109738K->19374K(134656K), 0.0010490 secs] [Times: user=0.00 sys=0.00, real=0.00 secs] 
113.406: Total time for which application threads were stopped: 0.0012030 seconds, Stopping threads took: 0.0000770 seconds
113.566: Application time: 0.1606660 seconds
113.566: [GC [PSYoungGen: 90442K->2240K(85504K)] 105353K->17346K(129536K), 0.0008860 secs] [Times: user=0.00 sys=0.00, real=0.00 secs] 
113.568: Total time for which application threads were stopped: 0.0017260 seconds, Stopping threads took: 0.0000690 seconds
113.719: Application time: 0.1508580 seconds
113.719: [GC [PSYoungGen: 84450K->7424K(88064K)] 99557K->22570K(132096K), 0.0016790 secs] [Times: user=0.00 sys=0.00, real=0.00 secs] 
113.721: Total time for which application threads were stopped: 0.0018290 seconds, Stopping threads took: 0.0000740 seconds
113.872: Application time: 0.1514450 seconds
113.872: [GC [PSYoungGen: 87579K->5312K(83456K)] 102726K->20458K(127488K), 0.0018300 secs] [Times: user=0.00 sys=0.00, real=0.00 secs] 
113.874: Total time for which application threads were stopped: 0.0019960 seconds, Stopping threads took: 0.0000880 seconds
114.027: Application time: 0.1530700 seconds
114.027: [GC [PSYoungGen: 82274K->4480K(79872K)] 97421K->20650K(123904K), 0.0013730 secs] [Times: user=0.01 sys=0.00, real=0.00 secs] 
114.029: Total time for which application threads were stopped: 0.0015060 seconds, Stopping threads took: 0.0000550 seconds
114.164: Application time: 0.1352830 seconds
114.164: [GC [PSYoungGen: 78965K->6432K(97280K)] 95136K->22774K(141312K), 0.0017780 secs] [Times: user=0.01 sys=0.00, real=0.00 secs] 
114.166: Total time for which application threads were stopped: 0.0019420 seconds, Stopping threads took: 0.0000730 seconds
114.334: Application time: 0.1680870 seconds
114.334: [GC [PSYoungGen: 97056K->5376K(93184K)] 113398K->21795K(137216K), 0.0016640 secs] [Times: user=0.01 sys=0.00, real=0.00 secs] 
114.336: Total time for which application threads were stopped: 0.0018340 seconds, Stopping threads took: 0.0000940 seconds
114.494: Application time: 0.1581080 seconds
114.494: [GC [PSYoungGen: 91957K->6400K(96768K)] 108376K->22867K(140800K), 0.0019300 secs] [Times: user=0.01 sys=0.00, real=0.00 secs] 
114.496: Total time for which application threads were stopped: 0.0021130 seconds, Stopping threads took: 0.0001000 seconds
114.664: Application time: 0.1675830 seconds
114.664: [GC [PSYoungGen: 94197K->6480K(92160K)] 110664K->22947K(136192K), 0.0015220 secs] [Times: user=0.01 sys=0.00, real=0.00 secs] 
114.665: Total time for which application threads were stopped: 0.0016620 seconds, Stopping threads took: 0.0000620 seconds
114.818: Application time: 0.1526570 seconds
114.818: [GC [PSYoungGen: 91216K->6464K(111616K)] 107683K->23067K(155648K), 0.0017430 secs] [Times: user=0.00 sys=0.02, real=0.00 secs] 
114.820: Total time for which application threads were stopped: 0.0019110 seconds, Stopping threads took: 0.0000770 seconds
115.013: Application time: 0.1933110 seconds
115.013: [GC [PSYoungGen: 109372K->5344K(104960K)] 125976K->22067K(148992K), 0.0015720 secs] [Times: user=0.01 sys=0.00, real=0.00 secs] 
115.015: Total time for which application threads were stopped: 0.0017240 seconds, Stopping threads took: 0.0000760 seconds
115.198: Application time: 0.1832610 seconds
115.198: [GC [PSYoungGen: 104462K->5376K(101376K)] 121185K->22147K(145408K), 0.0018030 secs] [Times: user=0.01 sys=0.00, real=0.00 secs] 
115.200: Total time for which application threads were stopped: 0.0019490 seconds, Stopping threads took: 0.0000630 seconds
115.372: Application time: 0.1722090 seconds
115.372: [GC [PSYoungGen: 100415K->5504K(97792K)] 117186K->23299K(141824K), 0.0017330 secs] [Times: user=0.01 sys=0.00, real=0.00 secs] 
115.374: Total time for which application threads were stopped: 0.0018980 seconds, Stopping threads took: 0.0000720 seconds
115.547: Application time: 0.1729660 seconds
115.547: [GC [PSYoungGen: 97394K->5392K(94720K)] 115190K->23367K(138752K), 0.0017790 secs] [Times: user=0.01 sys=0.00, real=0.00 secs] 
115.549: Total time for which application threads were stopped: 0.0019090 seconds, Stopping threads took: 0.0000550 seconds
115.710: Application time: 0.1612820 seconds
115.711: [GC [PSYoungGen: 94260K->4352K(90624K)] 112236K->24487K(134656K), 0.0019060 secs] [Times: user=0.01 sys=0.00, real=0.01 secs] 
115.712: Total time for which application threads were stopped: 0.0020600 seconds, Stopping threads took: 0.0000720 seconds
115.874: Application time: 0.1610540 seconds
115.874: [GC [PSYoungGen: 90258K->5344K(88576K)] 110394K->25479K(132608K), 0.0017770 secs] [Times: user=0.02 sys=0.00, real=0.00 secs] 
115.876: Total time for which application threads were stopped: 0.0020080 seconds, Stopping threads took: 0.0001450 seconds
116.031: Application time: 0.1557060 seconds
116.031: [GC [PSYoungGen: 88214K->3376K(83968K)] 108350K->23511K(128000K), 0.0010690 secs] [Times: user=0.00 sys=0.00, real=0.00 secs] 
116.032: Total time for which application threads were stopped: 0.0011990 seconds, Stopping threads took: 0.0000510 seconds
116.178: Application time: 0.1458010 seconds
116.178: [GC [PSYoungGen: 83621K->5440K(83456K)] 103756K->25711K(127488K), 0.0017790 secs] [Times: user=0.01 sys=0.00, real=0.00 secs] 
116.180: Total time for which application threads were stopped: 0.0019200 seconds, Stopping threads took: 0.0000610 seconds
116.325: Application time: 0.1447340 seconds
116.325: [GC [PSYoungGen: 83264K->6368K(90112K)] 103535K->26752K(134144K), 0.0018390 secs] [Times: user=0.01 sys=0.00, real=0.00 secs] 
116.327: Total time for which application threads were stopped: 0.0019870 seconds, Stopping threads took: 0.0000700 seconds
116.480: Application time: 0.1534980 seconds
116.481: [GC [PSYoungGen: 88942K->4352K(85504K)] 109326K->24792K(129536K), 0.0013510 secs] [Times: user=0.00 sys=0.00, real=0.00 secs] 
116.482: Total time for which application threads were stopped: 0.0015080 seconds, Stopping threads took: 0.0000760 seconds
116.628: Application time: 0.1460890 seconds
116.628: [GC [PSYoungGen: 84270K->7408K(88064K)] 104710K->27848K(132096K), 0.0021630 secs] [Times: user=0.02 sys=0.00, real=0.00 secs] 
116.630: Total time for which application threads were stopped: 0.0023140 seconds, Stopping threads took: 0.0000710 seconds
116.780: Application time: 0.1497740 seconds
116.780: [GC [PSYoungGen: 86911K->4432K(88576K)] 107351K->24920K(132608K), 0.0012080 secs] [Times: user=0.01 sys=0.00, real=0.00 secs] 
116.781: Total time for which application threads were stopped: 0.0013630 seconds, Stopping threads took: 0.0000840 seconds
116.929: Application time: 0.1473170 seconds
116.929: [GC [PSYoungGen: 84816K->5392K(83456K)] 105304K->26052K(127488K), 0.0013140 secs] [Times: user=0.01 sys=0.00, real=0.00 secs] 
116.930: Total time for which application threads were stopped: 0.0014420 seconds, Stopping threads took: 0.0000600 seconds
117.074: Application time: 0.1435890 seconds
117.074: [GC [PSYoungGen: 83208K->7424K(101888K)] 103868K->28164K(145920K), 0.0018630 secs] [Times: user=0.00 sys=0.01, real=0.00 secs] 
117.076: Total time for which application threads were stopped: 0.0020190 seconds, Stopping threads took: 0.0000610 seconds
117.246: Application time: 0.1706230 seconds
117.247: [GC [PSYoungGen: 100653K->5344K(96256K)] 121393K->26084K(140288K), 0.0015100 secs] [Times: user=0.01 sys=0.01, real=0.00 secs] 
117.248: Total time for which application threads were stopped: 0.0016690 seconds, Stopping threads took: 0.0000790 seconds
117.416: Application time: 0.1682150 seconds
117.417: [GC [PSYoungGen: 95369K->5488K(93184K)] 116110K->26228K(137216K), 0.0016910 secs] [Times: user=0.01 sys=0.00, real=0.00 secs] 
117.418: Total time for which application threads were stopped: 0.0018680 seconds, Stopping threads took: 0.0001040 seconds
117.578: Application time: 0.1594650 seconds
117.578: [GC [PSYoungGen: 92392K->6400K(95744K)] 113133K->28336K(139776K), 0.0020950 secs] [Times: user=0.01 sys=0.00, real=0.00 secs] 
117.580: Total time for which application threads were stopped: 0.0022440 seconds, Stopping threads took: 0.0000560 seconds
117.744: Application time: 0.1643830 seconds
117.744: [GC [PSYoungGen: 94722K->5360K(97280K)] 116659K->27372K(141312K), 0.0016350 secs] [Times: user=0.01 sys=0.00, real=0.00 secs] 
117.746: Total time for which application threads were stopped: 0.0017990 seconds, Stopping threads took: 0.0000880 seconds
117.910: Application time: 0.1641530 seconds
117.910: [GC [PSYoungGen: 94370K->6400K(92672K)] 116383K->28452K(136704K), 0.0014540 secs] [Times: user=0.00 sys=0.01, real=0.01 secs] 
117.912: Total time for which application threads were stopped: 0.0016010 seconds, Stopping threads took: 0.0000680 seconds
118.072: Application time: 0.1598260 seconds
118.072: [GC [PSYoungGen: 91689K->5504K(88576K)] 113741K->27556K(132608K), 0.0014290 secs] [Times: user=0.00 sys=0.01, real=0.00 secs] 
118.073: Total time for which application threads were stopped: 0.0016380 seconds, Stopping threads took: 0.0001360 seconds
118.224: Application time: 0.1504310 seconds
118.224: [GC [PSYoungGen: 87951K->4384K(104448K)] 110004K->29692K(148480K), 0.0019540 secs] [Times: user=0.01 sys=0.00, real=0.00 secs] 
118.226: Total time for which application threads were stopped: 0.0021090 seconds, Stopping threads took: 0.0000600 seconds
118.411: Application time: 0.1850400 seconds
118.411: [GC [PSYoungGen: 103764K->4368K(100864K)] 129073K->29757K(144896K), 0.0013970 secs] [Times: user=0.01 sys=0.00, real=0.00 secs] 
118.413: Total time for which application threads were stopped: 0.0015910 seconds, Stopping threads took: 0.0001150 seconds
118.588: Application time: 0.1757550 seconds
118.588: [GC [PSYoungGen: 100085K->6336K(99328K)] 125474K->32797K(143360K), 0.0021540 secs] [Times: user=0.01 sys=0.00, real=0.00 secs] 
118.591: Total time for which application threads were stopped: 0.0022990 seconds, Stopping threads took: 0.0000600 seconds
118.762: Application time: 0.1710020 seconds
118.762: [GC [PSYoungGen: 98417K->5504K(95232K)] 124878K->31965K(139264K), 0.0018780 secs] [Times: user=0.01 sys=0.00, real=0.01 secs] 
118.764: Total time for which application threads were stopped: 0.0020600 seconds, Stopping threads took: 0.0000900 seconds
118.928: Application time: 0.1643050 seconds
118.928: [GC [PSYoungGen: 94660K->4384K(97792K)] 121121K->34093K(141824K), 0.0021790 secs] [Times: user=0.01 sys=0.00, real=0.00 secs] 
118.930: Total time for which application threads were stopped: 0.0023300 seconds, Stopping threads took: 0.0000680 seconds
119.100: Application time: 0.1698500 seconds
119.100: [GC [PSYoungGen: 97057K->6400K(100864K)] 126766K->36177K(144896K), 0.0018790 secs] [Times: user=0.01 sys=0.00, real=0.00 secs] 
119.102: Total time for which application threads were stopped: 0.0020200 seconds, Stopping threads took: 0.0000650 seconds
119.273: Application time: 0.1707080 seconds
119.273: [GC [PSYoungGen: 98634K->6400K(119296K)] 128412K->36217K(163328K), 0.0014600 secs] [Times: user=0.01 sys=0.00, real=0.00 secs] 
119.274: Total time for which application threads were stopped: 0.0016120 seconds, Stopping threads took: 0.0000740 seconds
119.483: Application time: 0.2083630 seconds
119.483: [GC [PSYoungGen: 117848K->4512K(112128K)] 147665K->34329K(156160K), 0.0011380 secs] [Times: user=0.01 sys=0.01, real=0.01 secs] 
119.484: Total time for which application threads were stopped: 0.0012680 seconds, Stopping threads took: 0.0000600 seconds
119.682: Application time: 0.1981050 seconds
119.682: [GC [PSYoungGen: 111803K->4384K(108032K)] 141620K->34413K(152064K), 0.0013240 secs] [Times: user=0.00 sys=0.00, real=0.01 secs] 
119.684: Total time for which application threads were stopped: 0.0014550 seconds, Stopping threads took: 0.0000640 seconds
119.872: Application time: 0.1883250 seconds
119.872: [GC [PSYoungGen: 106991K->6368K(106496K)] 137021K->36473K(150528K), 0.0020320 secs] [Times: user=0.01 sys=0.00, real=0.00 secs] 
119.874: Total time for which application threads were stopped: 0.0022130 seconds, Stopping threads took: 0.0001000 seconds
120.059: Application time: 0.1852150 seconds
120.060: [GC [PSYoungGen: 105964K->5472K(101888K)] 136069K->35577K(145920K), 0.0015080 secs] [Times: user=0.01 sys=0.00, real=0.00 secs] 
120.061: Total time for which application threads were stopped: 0.0016520 seconds, Stopping threads took: 0.0000650 seconds
120.239: Application time: 0.1780170 seconds
120.239: [GC [PSYoungGen: 100902K->5440K(98304K)] 131008K->35689K(142336K), 0.0017710 secs] [Times: user=0.01 sys=0.00, real=0.00 secs] 
120.241: Total time for which application threads were stopped: 0.0019850 seconds, Stopping threads took: 0.0001350 seconds
120.410: Application time: 0.1692620 seconds
120.410: [GC [PSYoungGen: 97891K->4384K(94208K)] 128141K->36786K(138240K), 0.0018450 secs] [Times: user=0.02 sys=0.00, real=0.01 secs] 
120.412: Total time for which application threads were stopped: 0.0020020 seconds, Stopping threads took: 0.0000650 seconds
120.579: Application time: 0.1664360 seconds
120.579: [GC [PSYoungGen: 93644K->5376K(92160K)] 126046K->37826K(136192K), 0.0017460 secs] [Times: user=0.01 sys=0.00, real=0.00 secs] 
120.581: Total time for which application threads were stopped: 0.0019080 seconds, Stopping threads took: 0.0000750 seconds
120.737: Application time: 0.1560310 seconds
120.737: [GC [PSYoungGen: 91142K->5472K(89088K)] 123592K->37922K(133120K), 0.0015860 secs] [Times: user=0.01 sys=0.00, real=0.00 secs] 
120.739: Total time for which application threads were stopped: 0.0017330 seconds, Stopping threads took: 0.0000640 seconds
120.891: Application time: 0.1523850 seconds
120.891: [GC [PSYoungGen: 88166K->5408K(86528K)] 120616K->38002K(130560K), 0.0018010 secs] [Times: user=0.01 sys=0.00, real=0.01 secs] 
120.893: Total time for which application threads were stopped: 0.0019580 seconds, Stopping threads took: 0.0000800 seconds
121.046: Application time: 0.1527400 seconds
121.046: [GC [PSYoungGen: 85790K->3296K(81920K)] 118385K->36006K(125952K), 0.0010490 secs] [Times: user=0.01 sys=0.00, real=0.00 secs] 
121.047: Total time for which application threads were stopped: 0.0011920 seconds, Stopping threads took: 0.0000620 seconds
121.191: Application time: 0.1440340 seconds
121.191: [GC [PSYoungGen: 81420K->5376K(81408K)] 114130K->38134K(125440K), 0.0017390 secs] [Times: user=0.01 sys=0.00, real=0.01 secs] 
121.193: Total time for which application threads were stopped: 0.0018910 seconds, Stopping threads took: 0.0000700 seconds
121.329: Application time: 0.1362280 seconds
121.329: [GC [PSYoungGen: 80785K->5392K(92160K)] 113543K->39174K(136192K), 0.0019370 secs] [Times: user=0.01 sys=0.00, real=0.00 secs] 
121.331: Total time for which application threads were stopped: 0.0020970 seconds, Stopping threads took: 0.0000700 seconds
121.492: Application time: 0.1605490 seconds
121.492: [GC [PSYoungGen: 91737K->6480K(93696K)] 125519K->40262K(137728K), 0.0019260 secs] [Times: user=0.01 sys=0.00, real=0.00 secs] 
121.494: Total time for which application threads were stopped: 0.0020900 seconds, Stopping threads took: 0.0000840 seconds
121.652: Application time: 0.1580350 seconds
121.652: [GC [PSYoungGen: 92058K->5392K(110592K)] 125840K->39382K(154624K), 0.0013200 secs] [Times: user=0.01 sys=0.00, real=0.00 secs] 
121.653: Total time for which application threads were stopped: 0.0014570 seconds, Stopping threads took: 0.0000560 seconds
121.843: Application time: 0.1901500 seconds
121.843: [GC [PSYoungGen: 109214K->6400K(107008K)] 143204K->40466K(151040K), 0.0015740 secs] [Times: user=0.01 sys=0.00, real=0.00 secs] 
121.845: Total time for which application threads were stopped: 0.0017100 seconds, Stopping threads took: 0.0000610 seconds
122.031: Application time: 0.1860510 seconds
122.031: [GC [PSYoungGen: 105967K->4384K(101376K)] 140033K->40498K(145408K), 0.0018890 secs] [Times: user=0.01 sys=0.00, real=0.00 secs] 
122.033: Total time for which application threads were stopped: 0.0020710 seconds, Stopping threads took: 0.0001010 seconds
122.211: Application time: 0.1782040 seconds
122.211: [GC [PSYoungGen: 100971K->6512K(107520K)] 137085K->42674K(151552K), 0.0020110 secs] [Times: user=0.01 sys=0.00, real=0.00 secs] 
122.214: Total time for which application threads were stopped: 0.0021720 seconds, Stopping threads took: 0.0000730 seconds
122.397: Application time: 0.1838990 seconds
122.398: [GC [PSYoungGen: 105649K->4352K(100864K)] 141812K->40731K(144896K), 0.0010920 secs] [Times: user=0.01 sys=0.00, real=0.00 secs] 
122.399: Total time for which application threads were stopped: 0.0012440 seconds, Stopping threads took: 0.0000750 seconds
122.574: Application time: 0.1756090 seconds
122.574: [GC [PSYoungGen: 100301K->6400K(99328K)] 136680K->42819K(143360K), 0.0018660 secs] [Times: user=0.00 sys=0.01, real=0.00 secs] 
122.576: Total time for which application threads were stopped: 0.0020300 seconds, Stopping threads took: 0.0000800 seconds
122.748: Application time: 0.1715310 seconds
122.748: [GC [PSYoungGen: 98288K->4448K(94208K)] 134707K->41891K(138240K), 0.0013400 secs] [Times: user=0.01 sys=0.00, real=0.00 secs] 
122.749: Total time for which application threads were stopped: 0.0015170 seconds, Stopping threads took: 0.0000890 seconds
122.913: Application time: 0.1636120 seconds
122.913: [GC [PSYoungGen: 93792K->5408K(92160K)] 131235K->42959K(136192K), 0.0017720 secs] [Times: user=0.01 sys=0.00, real=0.00 secs] 
122.915: Total time for which application threads were stopped: 0.0019230 seconds, Stopping threads took: 0.0000740 seconds
123.076: Application time: 0.1607830 seconds
123.076: [GC [PSYoungGen: 91218K->5376K(89088K)] 128769K->43071K(133120K), 0.0014950 secs] [Times: user=0.01 sys=0.00, real=0.00 secs] 
123.077: Total time for which application threads were stopped: 0.0016690 seconds, Stopping threads took: 0.0000980 seconds
123.231: Application time: 0.1533500 seconds
123.231: [GC [PSYoungGen: 88832K->5344K(86528K)] 126527K->43079K(130560K), 0.0017980 secs] [Times: user=0.02 sys=0.00, real=0.01 secs] 
123.233: Total time for which application threads were stopped: 0.0019440 seconds, Stopping threads took: 0.0000620 seconds
123.380: Application time: 0.1470170 seconds
123.380: [GC [PSYoungGen: 85469K->4320K(82944K)] 123204K->43079K(126976K), 0.0016710 secs] [Times: user=0.01 sys=0.00, real=0.00 secs] 
123.382: Total time for which application threads were stopped: 0.0018970 seconds, Stopping threads took: 0.0001400 seconds
123.525: Application time: 0.1436150 seconds
123.525: [GC [PSYoungGen: 81689K->6448K(100864K)] 120448K->45247K(144896K), 0.0022200 secs] [Times: user=0.01 sys=0.00, real=0.00 secs] 
123.528: Total time for which application threads were stopped: 0.0023690 seconds, Stopping threads took: 0.0000680 seconds
123.702: Application time: 0.1747100 seconds
123.702: [GC [PSYoungGen: 100064K->3360K(103424K)] 138863K->44387K(147456K), 0.0016450 secs] [Times: user=0.02 sys=0.00, real=0.01 secs] 
123.704: Total time for which application threads were stopped: 0.0017940 seconds, Stopping threads took: 0.0000650 seconds
123.884: Application time: 0.1802340 seconds
123.884: [GC [PSYoungGen: 102628K->6400K(107520K)] 143655K->47495K(151552K), 0.0018540 secs] [Times: user=0.01 sys=0.00, real=0.00 secs] 
123.886: Total time for which application threads were stopped: 0.0020210 seconds, Stopping threads took: 0.0000750 seconds
124.074: Application time: 0.1872020 seconds
124.074: [GC [PSYoungGen: 106038K->5408K(101888K)] 147134K->46503K(145920K), 0.0012260 secs] [Times: user=0.01 sys=0.00, real=0.00 secs] 
124.075: Total time for which application threads were stopped: 0.0013900 seconds, Stopping threads took: 0.0000920 seconds
124.252: Application time: 0.1774800 seconds
124.253: [GC [PSYoungGen: 100748K->5472K(98304K)] 141844K->46643K(142336K), 0.0014250 secs] [Times: user=0.01 sys=0.00, real=0.00 secs] 
124.254: Total time for which application threads were stopped: 0.0015680 seconds, Stopping threads took: 0.0000600 seconds
124.423: Application time: 0.1686460 seconds
124.423: [GC [PSYoungGen: 98018K->4352K(94208K)] 139190K->47752K(138240K), 0.0015810 secs] [Times: user=0.00 sys=0.01, real=0.01 secs] 
124.424: [Full GC [PSYoungGen: 4352K->0K(94208K)] [ParOldGen: 43399K->10014K(44544K)] 47752K->10014K(138752K) [PSPermGen: 5503K->5503K(21504K)], 0.0063790 secs] [Times: user=0.02 sys=0.00, real=0.00 secs] 
124.431: Total time for which application threads were stopped: 0.0081990 seconds, Stopping threads took: 0.0000880 seconds
124.597: Application time: 0.1666460 seconds
124.598: [GC [PSYoungGen: 89159K->4352K(91136K)] 99174K->14366K(135680K), 0.0011570 secs] [Times: user=0.01 sys=0.00, real=0.00 secs] 
124.599: Total time for which application threads were stopped: 0.0013040 seconds, Stopping threads took: 0.0000700 seconds
124.755: Application time: 0.1559130 seconds
124.755: [GC [PSYoungGen: 90154K->5408K(89088K)] 100169K->15422K(133632K), 0.0015120 secs] [Times: user=0.01 sys=0.00, real=0.00 secs] 
124.756: Total time for which application threads were stopped: 0.0016540 seconds, Stopping threads took: 0.0000710 seconds
124.908: Application time: 0.1518420 seconds
124.908: [GC [PSYoungGen: 88172K->5424K(86528K)] 98187K->15514K(131072K), 0.0017170 secs] [Times: user=0.01 sys=0.00, real=0.00 secs] 
124.910: Total time for which application threads were stopped: 0.0018740 seconds, Stopping threads took: 0.0000740 seconds
125.061: Application time: 0.1511240 seconds
125.061: [GC [PSYoungGen: 85683K->3344K(81920K)] 95774K->15627K(126464K), 0.0015220 secs] [Times: user=0.01 sys=0.00, real=0.00 secs] 
125.063: Total time for which application threads were stopped: 0.0016710 seconds, Stopping threads took: 0.0000610 seconds
125.209: Application time: 0.1464480 seconds
125.209: [GC [PSYoungGen: 81445K->4336K(80384K)] 93728K->16707K(124928K), 0.0014240 secs] [Times: user=0.01 sys=0.00, real=0.00 secs] 
125.211: Total time for which application threads were stopped: 0.0015460 seconds, Stopping threads took: 0.0000500 seconds
125.348: Application time: 0.1367960 seconds
125.348: [GC [PSYoungGen: 79788K->5376K(78848K)] 92159K->17747K(123392K), 0.0016030 secs] [Times: user=0.01 sys=0.00, real=0.00 secs] 
125.349: Total time for which application threads were stopped: 0.0017590 seconds, Stopping threads took: 0.0000710 seconds
125.483: Application time: 0.1337140 seconds
125.483: [GC [PSYoungGen: 77971K->6496K(94720K)] 90342K->18867K(139264K), 0.0021250 secs] [Times: user=0.01 sys=0.00, real=0.00 secs] 
125.485: Total time for which application threads were stopped: 0.0022740 seconds, Stopping threads took: 0.0000650 seconds
125.646: Application time: 0.1603700 seconds
125.646: [GC [PSYoungGen: 93718K->2368K(100864K)] 106089K->18979K(145408K), 0.0018760 secs] [Times: user=0.01 sys=0.00, real=0.00 secs] 
125.648: Total time for which application threads were stopped: 0.0020620 seconds, Stopping threads took: 0.0000930 seconds
125.832: Application time: 0.1840470 seconds
125.832: [GC [PSYoungGen: 100370K->6400K(105984K)] 116981K->23115K(150528K), 0.0018120 secs] [Times: user=0.01 sys=0.00, real=0.00 secs] 
125.834: Total time for which application threads were stopped: 0.0019610 seconds, Stopping threads took: 0.0000730 seconds
126.017: Application time: 0.1827830 seconds
126.017: [GC [PSYoungGen: 103734K->4352K(99328K)] 120450K->21107K(143872K), 0.0009560 secs] [Times: user=0.01 sys=0.00, real=0.00 secs] 
126.018: Total time for which application threads were stopped: 0.0011090 seconds, Stopping threads took: 0.0000820 seconds
126.189: Application time: 0.1714980 seconds
126.189: [GC [PSYoungGen: 98219K->4432K(96256K)] 114974K->21187K(140800K), 0.0011990 secs] [Times: user=0.01 sys=0.00, real=0.00 secs] 
126.191: Total time for which application threads were stopped: 0.0013450 seconds, Stopping threads took: 0.0000630 seconds
126.357: Application time: 0.1666820 seconds
126.357: [GC [PSYoungGen: 95065K->6464K(95232K)] 111820K->23391K(139776K), 0.0015180 secs] [Times: user=0.01 sys=0.00, real=0.00 secs] 
126.359: Total time for which application threads were stopped: 0.0016720 seconds, Stopping threads took: 0.0000720 seconds
126.521: Application time: 0.1619590 seconds
126.521: [GC [PSYoungGen: 94246K->5408K(91136K)] 111173K->22415K(135680K), 0.0015540 secs] [Times: user=0.00 sys=0.00, real=0.00 secs] 
126.523: Total time for which application threads were stopped: 0.0017160 seconds, Stopping threads took: 0.0000890 seconds
126.685: Application time: 0.1627170 seconds
126.685: [GC [PSYoungGen: 90135K->4352K(87040K)] 107143K->21415K(131584K), 0.0011380 secs] [Times: user=0.01 sys=0.00, real=0.00 secs] 
126.687: Total time for which application threads were stopped: 0.0012700 seconds, Stopping threads took: 0.0000590 seconds
126.834: Application time: 0.1469140 seconds
126.835: [GC [PSYoungGen: 86784K->7520K(87552K)] 103847K->24583K(132096K), 0.0024120 secs] [Times: user=0.02 sys=0.00, real=0.00 secs] 
126.838: Total time for which application threads were stopped: 0.0040080 seconds, Stopping threads took: 0.0015010 seconds
126.992: Application time: 0.1542360 seconds
126.992: [GC [PSYoungGen: 87301K->3344K(80896K)] 104364K->20555K(125440K), 0.0010730 secs] [Times: user=0.00 sys=0.00, real=0.00 secs] 
126.993: Total time for which application threads were stopped: 0.0012140 seconds, Stopping threads took: 0.0000700 seconds
127.136: Application time: 0.1427500 seconds
127.136: [GC [PSYoungGen: 80157K->5376K(80384K)] 97369K->22692K(124928K), 0.0016430 secs] [Times: user=0.00 sys=0.00, real=0.00 secs] 
127.138: Total time for which application threads were stopped: 0.0017740 seconds, Stopping threads took: 0.0000510 seconds
127.272: Application time: 0.1347750 seconds
127.275: [GC [PSYoungGen: 79693K->5344K(77824K)] 97009K->22708K(122368K), 0.0017300 secs] [Times: user=0.01 sys=0.00, real=0.00 secs] 
127.277: Total time for which application threads were stopped: 0.0045730 seconds, Stopping threads took: 0.0027600 seconds
127.411: Application time: 0.1339600 seconds
127.411: [GC [PSYoungGen: 77528K->5376K(92672K)] 94892K->22740K(137216K), 0.0017580 secs] [Times: user=0.02 sys=0.00, real=0.01 secs] 
127.413: Total time for which application threads were stopped: 0.0019240 seconds, Stopping threads took: 0.0000710 seconds
127.573: Application time: 0.1602150 seconds
127.573: [GC [PSYoungGen: 91658K->4480K(88576K)] 109022K->21844K(133120K), 0.0013710 secs] [Times: user=0.01 sys=0.00, real=0.00 secs] 
127.575: Total time for which application threads were stopped: 0.0015090 seconds, Stopping threads took: 0.0000590 seconds
127.728: Application time: 0.1534040 seconds
127.728: [GC [PSYoungGen: 88064K->5440K(87040K)] 105428K->22984K(131584K), 0.0017020 secs] [Times: user=0.01 sys=0.00, real=0.00 secs] 
127.730: Total time for which application threads were stopped: 0.0018440 seconds, Stopping threads took: 0.0000640 seconds
127.881: Application time: 0.1513570 seconds
127.881: [GC [PSYoungGen: 86828K->5376K(91648K)] 104372K->24056K(136192K), 0.0018480 secs] [Times: user=0.01 sys=0.00, real=0.01 secs] 
127.883: Total time for which application threads were stopped: 0.0019910 seconds, Stopping threads took: 0.0000610 seconds
128.042: Application time: 0.1589020 seconds
128.042: [GC [PSYoungGen: 91071K->4352K(87552K)] 109751K->23032K(132096K), 0.0012470 secs] [Times: user=0.00 sys=0.00, real=0.01 secs] 
128.043: Total time for which application threads were stopped: 0.0013860 seconds, Stopping threads took: 0.0000570 seconds
128.193: Application time: 0.1493500 seconds
128.193: [GC [PSYoungGen: 86935K->6448K(90624K)] 105615K->25128K(135168K), 0.0019460 secs] [Times: user=0.01 sys=0.00, real=0.00 secs] 
128.195: Total time for which application threads were stopped: 0.0020920 seconds, Stopping threads took: 0.0000610 seconds
128.350: Application time: 0.1551940 seconds
128.350: [GC [PSYoungGen: 89302K->5440K(90624K)] 107982K->24268K(135168K), 0.0016670 secs] [Times: user=0.01 sys=0.00, real=0.01 secs] 
128.352: Total time for which application threads were stopped: 0.0018170 seconds, Stopping threads took: 0.0000700 seconds
128.504: Application time: 0.1518260 seconds
128.504: [GC [PSYoungGen: 87857K->6416K(107520K)] 106685K->25352K(152064K), 0.0014830 secs] [Times: user=0.01 sys=0.00, real=0.00 secs] 
128.505: Total time for which application threads were stopped: 0.0016260 seconds, Stopping threads took: 0.0000620 seconds
128.691: Application time: 0.1858080 seconds
128.691: [GC [PSYoungGen: 105723K->4320K(100864K)] 124660K->23312K(145408K), 0.0010210 secs] [Times: user=0.01 sys=0.00, real=0.00 secs] 
128.692: Total time for which application threads were stopped: 0.0011610 seconds, Stopping threads took: 0.0000600 seconds
128.868: Application time: 0.1755440 seconds
128.868: [GC [PSYoungGen: 100428K->6496K(99328K)] 119421K->25488K(143872K), 0.0017170 secs] [Times: user=0.01 sys=0.00, real=0.00 secs] 
128.870: Total time for which application threads were stopped: 0.0018670 seconds, Stopping threads took: 0.0000770 seconds
129.039: Application time: 0.1693880 seconds
129.039: [GC [PSYoungGen: 98147K->5392K(95232K)] 117139K->24528K(139776K), 0.0018670 secs] [Times: user=0.01 sys=0.00, real=0.00 secs] 
129.041: Total time for which application threads were stopped: 0.0020690 seconds, Stopping threads took: 0.0001240 seconds
129.207: Application time: 0.1654270 seconds
129.207: [GC [PSYoungGen: 94627K->4384K(97280K)] 113764K->26697K(141824K), 0.0021480 secs] [Times: user=0.01 sys=0.00, real=0.00 secs] 
129.209: Total time for which application threads were stopped: 0.0023070 seconds, Stopping threads took: 0.0000600 seconds
129.379: Application time: 0.1705500 seconds
129.380: [GC [PSYoungGen: 96888K->5312K(95232K)] 119201K->27665K(139776K), 0.0016860 secs] [Times: user=0.01 sys=0.00, real=0.00 secs] 
129.381: Total time for which application threads were stopped: 0.0018390 seconds, Stopping threads took: 0.0000740 seconds
129.548: Application time: 0.1669300 seconds
129.548: [GC [PSYoungGen: 94888K->4416K(91136K)] 117241K->26769K(135680K), 0.0012780 secs] [Times: user=0.01 sys=0.00, real=0.00 secs] 
129.550: Total time for which application threads were stopped: 0.0014090 seconds, Stopping threads took: 0.0000580 seconds
129.707: Application time: 0.1575650 seconds
129.707: [GC [PSYoungGen: 90409K->6416K(90112K)] 112762K->28913K(134656K), 0.0021060 secs] [Times: user=0.01 sys=0.00, real=0.00 secs] 
129.709: Total time for which application threads were stopped: 0.0022750 seconds, Stopping threads took: 0.0000820 seconds
129.863: Application time: 0.1537190 seconds
129.863: [GC [PSYoungGen: 88949K->4384K(91136K)] 111446K->28017K(135680K), 0.0016850 secs] [Times: user=0.01 sys=0.00, real=0.00 secs] 
129.865: Total time for which application threads were stopped: 0.0018370 seconds, Stopping threads took: 0.0000700 seconds
130.023: Application time: 0.1583550 seconds
130.024: [GC [PSYoungGen: 90052K->5376K(89088K)] 113685K->29049K(133632K), 0.0015310 secs] [Times: user=0.01 sys=0.00, real=0.00 secs] 
130.025: Total time for which application threads were stopped: 0.0017070 seconds, Stopping threads took: 0.0001020 seconds
130.180: Application time: 0.1547470 seconds
130.180: [GC [PSYoungGen: 88065K->5408K(86528K)] 111739K->29081K(131072K), 0.0015310 secs] [Times: user=0.01 sys=0.00, real=0.00 secs] 
130.182: Total time for which application threads were stopped: 0.0016750 seconds, Stopping threads took: 0.0000650 seconds
130.328: Application time: 0.1466580 seconds
130.328: [GC [PSYoungGen: 85782K->5440K(90624K)] 109455K->29189K(135168K), 0.0016270 secs] [Times: user=0.01 sys=0.00, real=0.00 secs] 
130.330: Total time for which application threads were stopped: 0.0017850 seconds, Stopping threads took: 0.0000730 seconds
130.483: Application time: 0.1532840 seconds
130.483: [GC [PSYoungGen: 88188K->5424K(86528K)] 111938K->29281K(131072K), 0.0013880 secs] [Times: user=0.01 sys=0.00, real=0.00 secs] 
130.485: Total time for which application threads were stopped: 0.0015290 seconds, Stopping threads took: 0.0000590 seconds
130.632: Application time: 0.1471360 seconds
130.632: [GC [PSYoungGen: 86320K->6400K(102912K)] 110177K->30361K(147456K), 0.0016430 secs] [Times: user=0.01 sys=0.00, real=0.00 secs] 
130.634: Total time for which application threads were stopped: 0.0017910 seconds, Stopping threads took: 0.0000680 seconds
130.812: Application time: 0.1781840 seconds
130.812: [GC [PSYoungGen: 101397K->5376K(97792K)] 125359K->29337K(142336K), 0.0015230 secs] [Times: user=0.01 sys=0.00, real=0.00 secs] 
130.814: Total time for which application threads were stopped: 0.0016930 seconds, Stopping threads took: 0.0000920 seconds
130.983: Application time: 0.1694880 seconds
130.983: [GC [PSYoungGen: 97239K->6512K(95744K)] 121201K->30473K(140288K), 0.0020660 secs] [Times: user=0.01 sys=0.00, real=0.00 secs] 
130.985: Total time for which application threads were stopped: 0.0022190 seconds, Stopping threads took: 0.0000630 seconds
131.147: Application time: 0.1621140 seconds
131.148: [GC [PSYoungGen: 94863K->2368K(97280K)] 118824K->29581K(141824K), 0.0016670 secs] [Times: user=0.01 sys=0.00, real=0.00 secs] 
131.149: Total time for which application threads were stopped: 0.0018130 seconds, Stopping threads took: 0.0000630 seconds
131.326: Application time: 0.1768270 seconds
131.326: [GC [PSYoungGen: 97015K->6400K(102400K)] 124229K->33726K(146944K), 0.0018590 secs] [Times: user=0.02 sys=0.00, real=0.00 secs] 
131.328: Total time for which application threads were stopped: 0.0020240 seconds, Stopping threads took: 0.0000910 seconds
131.500: Application time: 0.1716720 seconds
131.500: [GC [PSYoungGen: 101036K->6384K(98304K)] 128362K->33710K(142848K), 0.0015090 secs] [Times: user=0.01 sys=0.00, real=0.00 secs] 
131.501: Total time for which application threads were stopped: 0.0016620 seconds, Stopping threads took: 0.0000690 seconds
131.671: Application time: 0.1697720 seconds
131.671: [GC [PSYoungGen: 97127K->5440K(94208K)] 124453K->32806K(138752K), 0.0015180 secs] [Times: user=0.01 sys=0.00, real=0.00 secs] 
131.673: Total time for which application threads were stopped: 0.0016500 seconds, Stopping threads took: 0.0000540 seconds
131.836: Application time: 0.1631930 seconds
131.836: [GC [PSYoungGen: 93797K->4416K(90112K)] 121163K->33982K(134656K), 0.0015390 secs] [Times: user=0.01 sys=0.00, real=0.00 secs] 
131.838: Total time for which application threads were stopped: 0.0016820 seconds, Stopping threads took: 0.0000630 seconds
131.993: Application time: 0.1549760 seconds
131.993: [GC [PSYoungGen: 88961K->5344K(88064K)] 118527K->35022K(132608K), 0.0014130 secs] [Times: user=0.01 sys=0.00, real=0.00 secs] 
131.994: Total time for which application threads were stopped: 0.0015520 seconds, Stopping threads took: 0.0000650 seconds
132.150: Application time: 0.1552990 seconds
132.150: [GC [PSYoungGen: 87776K->5376K(85504K)] 117454K->35054K(130048K), 0.0015630 secs] [Times: user=0.01 sys=0.00, real=0.01 secs] 
132.151: Total time for which application threads were stopped: 0.0017130 seconds, Stopping threads took: 0.0000570 seconds
132.297: Application time: 0.1455180 seconds
132.297: [GC [PSYoungGen: 85031K->6544K(83968K)] 114709K->36222K(128512K), 0.0020220 secs] [Times: user=0.01 sys=0.00, real=0.00 secs] 
132.299: Total time for which application threads were stopped: 0.0021700 seconds, Stopping threads took: 0.0000660 seconds
132.439: Application time: 0.1397050 seconds
132.439: [GC [PSYoungGen: 83335K->3360K(96768K)] 113014K->37318K(141312K), 0.0022310 secs] [Times: user=0.01 sys=0.00, real=0.00 secs] 
132.441: Total time for which application threads were stopped: 0.0023880 seconds, Stopping threads took: 0.0000740 seconds
132.614: Application time: 0.1732150 seconds
132.614: [GC [PSYoungGen: 95806K->7456K(104960K)] 129765K->41482K(149504K), 0.0022060 secs] [Times: user=0.01 sys=0.00, real=0.00 secs] 
132.617: Total time for which application threads were stopped: 0.0023540 seconds, Stopping threads took: 0.0000630 seconds
132.798: Application time: 0.1818070 seconds
132.799: [GC [PSYoungGen: 104671K->5376K(121344K)] 138698K->39450K(165888K), 0.0012020 secs] [Times: user=0.00 sys=0.00, real=0.00 secs] 
132.800: Total time for which application threads were stopped: 0.0013810 seconds, Stopping threads took: 0.0000910 seconds
133.004: Application time: 0.2045570 seconds
133.005: [GC [PSYoungGen: 117488K->5520K(114176K)] 151563K->39594K(158720K), 0.0013050 secs] [Times: user=0.00 sys=0.00, real=0.00 secs] 
133.006: Total time for which application threads were stopped: 0.0014510 seconds, Stopping threads took: 0.0000670 seconds
133.206: Application time: 0.1996550 seconds
133.206: [GC [PSYoungGen: 114055K->5392K(110080K)] 148130K->39639K(154624K), 0.0015650 secs] [Times: user=0.01 sys=0.00, real=0.00 secs] 
133.207: Total time for which application threads were stopped: 0.0017160 seconds, Stopping threads took: 0.0000750 seconds
133.401: Application time: 0.1938030 seconds
133.401: [GC [PSYoungGen: 109194K->4368K(105472K)] 143441K->38719K(150016K), 0.0014660 secs] [Times: user=0.01 sys=0.00, real=0.00 secs] 
133.403: Total time for which application threads were stopped: 0.0016180 seconds, Stopping threads took: 0.0000700 seconds
133.585: Application time: 0.1820920 seconds
133.585: [GC [PSYoungGen: 105169K->5504K(102912K)] 139520K->41903K(147456K), 0.0021830 secs] [Times: user=0.02 sys=0.00, real=0.00 secs] 
133.587: Total time for which application threads were stopped: 0.0024170 seconds, Stopping threads took: 0.0001490 seconds
133.771: Application time: 0.1841330 seconds
133.771: [GC [PSYoungGen: 102708K->4384K(98304K)] 139107K->40919K(142848K), 0.0015530 secs] [Times: user=0.01 sys=0.00, real=0.00 secs] 
133.773: Total time for which application threads were stopped: 0.0016800 seconds, Stopping threads took: 0.0000520 seconds
133.945: Application time: 0.1722120 seconds
133.945: [GC [PSYoungGen: 97244K->5392K(96256K)] 133779K->42043K(140800K), 0.0016300 secs] [Times: user=0.01 sys=0.00, real=0.00 secs] 
133.947: Total time for which application threads were stopped: 0.0017760 seconds, Stopping threads took: 0.0000570 seconds
134.116: Application time: 0.1685800 seconds
134.116: [GC [PSYoungGen: 95730K->3328K(91136K)] 132381K->40035K(135680K), 0.0011950 secs] [Times: user=0.00 sys=0.00, real=0.00 secs] 
134.117: Total time for which application threads were stopped: 0.0013150 seconds, Stopping threads took: 0.0000540 seconds
134.275: Application time: 0.1576970 seconds
134.275: [GC [PSYoungGen: 90314K->5440K(90112K)] 127021K->42147K(134656K), 0.0015740 secs] [Times: user=0.01 sys=0.00, real=0.00 secs] 
134.276: Total time for which application threads were stopped: 0.0017090 seconds, Stopping threads took: 0.0000560 seconds
134.428: Application time: 0.1512700 seconds
134.428: [GC [PSYoungGen: 89181K->5392K(87552K)] 125889K->42255K(132096K), 0.0018650 secs] [Times: user=0.01 sys=0.00, real=0.00 secs] 
134.430: Total time for which application threads were stopped: 0.0020210 seconds, Stopping threads took: 0.0000740 seconds
134.587: Application time: 0.1579010 seconds
134.588: [GC [PSYoungGen: 87014K->2304K(81920K)] 123878K->39283K(126464K), 0.0008470 secs] [Times: user=0.00 sys=0.00, real=0.00 secs] 
134.588: Total time for which application threads were stopped: 0.0009770 seconds, Stopping threads took: 0.0000560 seconds
134.731: Application time: 0.1420580 seconds
134.731: [GC [PSYoungGen: 81245K->6400K(83456K)] 118225K->43419K(128000K), 0.0019290 secs] [Times: user=0.01 sys=0.00, real=0.01 secs] 
134.733: Total time for which application threads were stopped: 0.0020830 seconds, Stopping threads took: 0.0000700 seconds
134.873: Application time: 0.1408130 seconds
134.874: [GC [PSYoungGen: 82884K->6400K(91136K)] 119904K->44443K(135680K), 0.0022020 secs] [Times: user=0.01 sys=0.00, real=0.00 secs] 
134.876: Total time for which application threads were stopped: 0.0023590 seconds, Stopping threads took: 0.0000740 seconds
135.032: Application time: 0.1565420 seconds
135.032: [GC [PSYoungGen: 90586K->4480K(92672K)] 128629K->42523K(137216K), 0.0013440 secs] [Times: user=0.01 sys=0.00, real=0.00 secs] 
135.034: Total time for which application threads were stopped: 0.0014830 seconds, Stopping threads took: 0.0000640 seconds
135.149: Application time: 0.1152540 seconds
135.149: Total time for which application threads were stopped: 0.0001120 seconds, Stopping threads took: 0.0000760 seconds
135.192: Application time: 0.0424450 seconds
135.192: [GC [PSYoungGen: 88960K->5408K(87552K)] 127003K->43631K(132096K), 0.0013130 secs] [Times: user=0.01 sys=0.00, real=0.00 secs] 
135.193: Total time for which application threads were stopped: 0.0014440 seconds, Stopping threads took: 0.0000490 seconds
135.352: Application time: 0.1586340 seconds
135.352: [GC [PSYoungGen: 86851K->5344K(84992K)] 125075K->43644K(129536K), 0.0014720 secs] [Times: user=0.01 sys=0.00, real=0.00 secs] 
135.353: Total time for which application threads were stopped: 0.0016120 seconds, Stopping threads took: 0.0000570 seconds
135.420: Application time: 0.0670650 seconds
135.420: Total time for which application threads were stopped: 0.0000900 seconds, Stopping threads took: 0.0000640 seconds
135.529: Application time: 0.1088090 seconds
135.529: [GC [PSYoungGen: 84112K->3328K(80384K)] 122412K->41628K(124928K), 0.0008590 secs] [Times: user=0.00 sys=0.00, real=0.00 secs] 
135.530: Total time for which application threads were stopped: 0.0009690 seconds, Stopping threads took: 0.0000390 seconds
135.541: Application time: 0.0110130 seconds
135.541: Total time for which application threads were stopped: 0.0000610 seconds, Stopping threads took: 0.0000380 seconds
135.561: Application time: 0.0192490 seconds
135.561: Total time for which application threads were stopped: 0.0000680 seconds, Stopping threads took: 0.0000410 seconds
135.566: Application time: 0.0057430 seconds
135.566: Total time for which application threads were stopped: 0.0000420 seconds, Stopping threads took: 0.0000290 seconds
135.670: Application time: 0.1035590 seconds
135.670: Total time for which application threads were stopped: 0.0000720 seconds, Stopping threads took: 0.0000340 seconds
135.710: Application time: 0.0398720 seconds
135.710: Total time for which application threads were stopped: 0.0000850 seconds, Stopping threads took: 0.0000490 seconds
135.762: Application time: 0.0516500 seconds
135.762: [GC [PSYoungGen: 79713K->384K(74752K)] 118013K->38692K(119296K), 0.0005600 secs] [Times: user=0.00 sys=0.00, real=0.00 secs] 
135.762: Total time for which application threads were stopped: 0.0006580 seconds, Stopping threads took: 0.0000380 seconds
135.905: Application time: 0.1428410 seconds
135.905: [GC [PSYoungGen: 74142K->1120K(73216K)] 112450K->39692K(117760K), 0.0009510 secs] [Times: user=0.00 sys=0.00, real=0.00 secs] 
135.906: Total time for which application threads were stopped: 0.0011250 seconds, Stopping threads took: 0.0000980 seconds
136.046: Application time: 0.1396250 seconds
136.046: [GC [PSYoungGen: 72401K->3296K(73216K)] 110973K->41868K(117760K), 0.0010360 secs] [Times: user=0.00 sys=0.01, real=0.00 secs] 
136.047: Total time for which application threads were stopped: 0.0011560 seconds, Stopping threads took: 0.0000530 seconds
136.172: Application time: 0.1252050 seconds
136.172: [GC [PSYoungGen: 72559K->5376K(73216K)] 111131K->43948K(117760K), 0.0015900 secs] [Times: user=0.01 sys=0.00, real=0.00 secs] 
136.174: Total time for which application threads were stopped: 0.0017990 seconds, Stopping threads took: 0.0001200 seconds
136.307: Application time: 0.1327310 seconds
136.307: [GC [PSYoungGen: 72593K->6368K(72192K)] 111165K->44940K(116736K), 0.0019360 secs] [Times: user=0.01 sys=0.00, real=0.00 secs] 
136.309: Total time for which application threads were stopped: 0.0020780 seconds, Stopping threads took: 0.0000670 seconds
136.432: Application time: 0.1230780 seconds
136.432: [GC [PSYoungGen: 70913K->4544K(82432K)] 109485K->45164K(126976K), 0.0018670 secs] [Times: user=0.01 sys=0.00, real=0.00 secs] 
136.434: Total time for which application threads were stopped: 0.0019990 seconds, Stopping threads took: 0.0000490 seconds
136.574: Application time: 0.1403220 seconds
136.574: [GC [PSYoungGen: 82001K->6400K(86016K)] 122621K->47300K(130560K), 0.0019680 secs] [Times: user=0.02 sys=0.00, real=0.00 secs] 
136.576: Total time for which application threads were stopped: 0.0021140 seconds, Stopping threads took: 0.0000660 seconds
136.722: Application time: 0.1455360 seconds
136.722: [GC [PSYoungGen: 84000K->7424K(101888K)] 124901K->48324K(146432K), 0.0016830 secs] [Times: user=0.00 sys=0.01, real=0.01 secs] 
136.724: Total time for which application threads were stopped: 0.0018670 seconds, Stopping threads took: 0.0000910 seconds
136.905: Application time: 0.1806600 seconds
136.905: [GC [PSYoungGen: 100608K->4288K(94720K)] 141508K->45188K(139264K), 0.0011810 secs] [Times: user=0.01 sys=0.00, real=0.00 secs] 
136.906: Total time for which application threads were stopped: 0.0013790 seconds, Stopping threads took: 0.0001220 seconds
137.065: Application time: 0.1589160 seconds
137.065: [GC [PSYoungGen: 93683K->7424K(98816K)] 134583K->48324K(143360K), 0.0018540 secs] [Times: user=0.01 sys=0.00, real=0.00 secs] 
137.067: Total time for which application threads were stopped: 0.0019900 seconds, Stopping threads took: 0.0000600 seconds
137.243: Application time: 0.1765780 seconds
137.243: [GC [PSYoungGen: 96017K->1456K(88064K)] 136917K->42356K(132608K), 0.0007740 secs] [Times: user=0.00 sys=0.00, real=0.00 secs] 
137.244: Total time for which application threads were stopped: 0.0009040 seconds, Stopping threads took: 0.0000570 seconds
137.395: Application time: 0.1507060 seconds
137.395: [GC [PSYoungGen: 87886K->7392K(95744K)] 128787K->48565K(140288K), 0.0022250 secs] [Times: user=0.02 sys=0.00, real=0.00 secs] 
137.397: Total time for which application threads were stopped: 0.0023810 seconds, Stopping threads took: 0.0000710 seconds
137.550: Application time: 0.1527620 seconds
137.550: [GC [PSYoungGen: 93174K->7424K(96256K)] 134347K->48597K(140800K), 0.0021800 secs] [Times: user=0.02 sys=0.00, real=0.01 secs] 
137.552: Total time for which application threads were stopped: 0.0023400 seconds, Stopping threads took: 0.0000780 seconds
137.727: Application time: 0.1740730 seconds
137.727: [GC [PSYoungGen: 93427K->4352K(87552K)] 134600K->45525K(132096K), 0.0010340 secs] [Times: user=0.00 sys=0.00, real=0.00 secs] 
137.728: Total time for which application threads were stopped: 0.0011980 seconds, Stopping threads took: 0.0000880 seconds
137.874: Application time: 0.1465760 seconds
137.874: [GC [PSYoungGen: 87130K->6624K(108544K)] 128303K->47797K(153088K), 0.0020420 secs] [Times: user=0.01 sys=0.00, real=0.00 secs] 
137.877: Total time for which application threads were stopped: 0.0022330 seconds, Stopping threads took: 0.0000980 seconds
138.062: Application time: 0.1857580 seconds
138.062: [GC [PSYoungGen: 104718K->5376K(110592K)] 145891K->46821K(155136K), 0.0014710 secs] [Times: user=0.00 sys=0.01, real=0.01 secs] 
138.064: Total time for which application threads were stopped: 0.0016240 seconds, Stopping threads took: 0.0000770 seconds
138.247: Application time: 0.1830490 seconds
138.247: [GC [PSYoungGen: 105017K->3328K(100352K)] 146463K->44773K(144896K), 0.0011280 secs] [Times: user=0.01 sys=0.00, real=0.00 secs] 
138.248: Total time for which application threads were stopped: 0.0012650 seconds, Stopping threads took: 0.0000730 seconds
138.421: Application time: 0.1728540 seconds
138.421: [GC [PSYoungGen: 99563K->7392K(100864K)] 141008K->48837K(145408K), 0.0020940 secs] [Times: user=0.00 sys=0.01, real=0.01 secs] 
138.423: Total time for which application threads were stopped: 0.0022590 seconds, Stopping threads took: 0.0000750 seconds
138.603: Application time: 0.1791440 seconds
138.603: [GC [PSYoungGen: 100052K->4528K(94720K)] 141497K->45973K(139264K), 0.0015430 secs] [Times: user=0.01 sys=0.00, real=0.01 secs] 
138.604: Total time for which application threads were stopped: 0.0017470 seconds, Stopping threads took: 0.0001300 seconds
138.763: Application time: 0.1590660 seconds
138.763: [GC [PSYoungGen: 94232K->5376K(93696K)] 135677K->47097K(138240K), 0.0017120 secs] [Times: user=0.01 sys=0.00, real=0.00 secs] 
138.765: Total time for which application threads were stopped: 0.0018620 seconds, Stopping threads took: 0.0000690 seconds
138.934: Application time: 0.1683250 seconds
138.934: [GC [PSYoungGen: 92365K->5376K(89600K)] 134086K->47097K(134144K), 0.0016600 secs] [Times: user=0.01 sys=0.00, real=0.00 secs] 
138.935: Total time for which application threads were stopped: 0.0018110 seconds, Stopping threads took: 0.0000570 seconds
139.088: Application time: 0.1531280 seconds
139.089: [GC [PSYoungGen: 89258K->5344K(87040K)] 130980K->47065K(131584K), 0.0018520 secs] [Times: user=0.01 sys=0.00, real=0.00 secs] 
139.091: Total time for which application threads were stopped: 0.0020120 seconds, Stopping threads took: 0.0000750 seconds
139.236: Application time: 0.1456130 seconds
139.236: [GC [PSYoungGen: 85912K->6624K(90112K)] 127633K->48345K(134656K), 0.0019030 secs] [Times: user=0.01 sys=0.00, real=0.00 secs] 
139.238: Total time for which application threads were stopped: 0.0020430 seconds, Stopping threads took: 0.0000610 seconds
139.386: Application time: 0.1477800 seconds
139.386: [GC [PSYoungGen: 87262K->7424K(107008K)] 128984K->49422K(151552K), 0.0017880 secs] [Times: user=0.00 sys=0.01, real=0.00 secs] 
139.388: Total time for which application threads were stopped: 0.0019380 seconds, Stopping threads took: 0.0000670 seconds
139.571: Application time: 0.1835420 seconds
139.572: [GC [PSYoungGen: 105102K->6368K(107008K)] 147100K->48366K(151552K), 0.0015540 secs] [Times: user=0.01 sys=0.00, real=0.00 secs] 
139.573: Total time for which application threads were stopped: 0.0017190 seconds, Stopping threads took: 0.0000720 seconds
139.757: Application time: 0.1838990 seconds
139.757: [GC [PSYoungGen: 103633K->5376K(99840K)] 145631K->47374K(144384K), 0.0013320 secs] [Times: user=0.01 sys=0.00, real=0.00 secs] 
139.759: Total time for which application threads were stopped: 0.0014790 seconds, Stopping threads took: 0.0000730 seconds
139.924: Application time: 0.1656880 seconds
139.924: [GC [PSYoungGen: 98999K->6624K(97792K)] 140997K->48622K(142336K), 0.0017440 secs] [Times: user=0.02 sys=0.00, real=0.00 secs] 
139.926: Total time for which application threads were stopped: 0.0019030 seconds, Stopping threads took: 0.0000770 seconds
140.100: Application time: 0.1743470 seconds
140.101: [GC [PSYoungGen: 97760K->6400K(94720K)] 139758K->48678K(139264K), 0.0016480 secs] [Times: user=0.01 sys=0.00, real=0.00 secs] 
140.102: Total time for which application threads were stopped: 0.0018250 seconds, Stopping threads took: 0.0000870 seconds
140.257: Application time: 0.1551090 seconds
140.258: [GC [PSYoungGen: 93595K->7424K(113664K)] 135873K->49702K(158208K), 0.0022380 secs] [Times: user=0.02 sys=0.00, real=0.00 secs] 
140.260: Total time for which application threads were stopped: 0.0024020 seconds, Stopping threads took: 0.0000790 seconds
140.455: Application time: 0.1951660 seconds
140.455: [GC [PSYoungGen: 112512K->6400K(115200K)] 154791K->48678K(159744K), 0.0018920 secs] [Times: user=0.01 sys=0.00, real=0.00 secs] 
140.457: Total time for which application threads were stopped: 0.0020580 seconds, Stopping threads took: 0.0000810 seconds
140.655: Application time: 0.1983080 seconds
140.655: [GC [PSYoungGen: 113365K->6656K(116224K)] 155643K->48934K(160768K), 0.0019500 secs] [Times: user=0.01 sys=0.00, real=0.00 secs] 
140.657: Total time for which application threads were stopped: 0.0021090 seconds, Stopping threads took: 0.0000670 seconds
140.854: Application time: 0.1962860 seconds
140.854: [GC [PSYoungGen: 112737K->6400K(109568K)] 155015K->48958K(154112K), 0.0016030 secs] [Times: user=0.00 sys=0.01, real=0.00 secs] 
140.856: Total time for which application threads were stopped: 0.0017770 seconds, Stopping threads took: 0.0000910 seconds
141.047: Application time: 0.1912420 seconds
141.047: [GC [PSYoungGen: 109312K->8448K(108032K)] 151870K->51006K(152576K), 0.0022710 secs] [Times: user=0.01 sys=0.00, real=0.00 secs] 
141.049: Total time for which application threads were stopped: 0.0024410 seconds, Stopping threads took: 0.0000800 seconds
141.238: Application time: 0.1884160 seconds
141.238: [GC [PSYoungGen: 107555K->2496K(98304K)] 150114K->46078K(142848K), 0.0009820 secs] [Times: user=0.01 sys=0.00, real=0.00 secs] 
141.239: [Full GC [PSYoungGen: 2496K->0K(98304K)] [ParOldGen: 43582K->6974K(40448K)] 46078K->6974K(138752K) [PSPermGen: 5528K->5528K(21504K)], 0.0060650 secs] [Times: user=0.02 sys=0.00, real=0.01 secs] 
141.245: Total time for which application threads were stopped: 0.0072400 seconds, Stopping threads took: 0.0000570 seconds
141.413: Application time: 0.1677110 seconds
141.413: [GC [PSYoungGen: 95144K->7424K(99840K)] 102119K->14399K(140288K), 0.0021440 secs] [Times: user=0.02 sys=0.00, real=0.00 secs] 
141.415: Total time for which application threads were stopped: 0.0023250 seconds, Stopping threads took: 0.0000950 seconds
141.591: Application time: 0.1757120 seconds
141.591: [GC [PSYoungGen: 99584K->6400K(95744K)] 106559K->13375K(136192K), 0.0018590 secs] [Times: user=0.01 sys=0.00, real=0.01 secs] 
141.593: Total time for which application threads were stopped: 0.0020140 seconds, Stopping threads took: 0.0000710 seconds
141.753: Application time: 0.1603900 seconds
141.753: [GC [PSYoungGen: 94721K->6336K(92672K)] 101696K->13311K(133120K), 0.0020480 secs] [Times: user=0.01 sys=0.00, real=0.00 secs] 
141.755: Total time for which application threads were stopped: 0.0022060 seconds, Stopping threads took: 0.0000680 seconds
141.919: Application time: 0.1638100 seconds
141.919: [GC [PSYoungGen: 91458K->3536K(86528K)] 98433K->10511K(126976K), 0.0010650 secs] [Times: user=0.01 sys=0.00, real=0.00 secs] 
141.920: Total time for which application threads were stopped: 0.0011960 seconds, Stopping threads took: 0.0000660 seconds
142.067: Application time: 0.1469570 seconds
142.067: [GC [PSYoungGen: 85761K->6400K(87040K)] 92736K->13655K(127488K), 0.0020390 secs] [Times: user=0.01 sys=0.00, real=0.00 secs] 
142.069: Total time for which application threads were stopped: 0.0022070 seconds, Stopping threads took: 0.0000860 seconds
142.213: Application time: 0.1438370 seconds
142.213: [GC [PSYoungGen: 85962K->7424K(104448K)] 93217K->14679K(144896K), 0.0022950 secs] [Times: user=0.01 sys=0.01, real=0.00 secs] 
142.216: Total time for which application threads were stopped: 0.0024480 seconds, Stopping threads took: 0.0000720 seconds
142.400: Application time: 0.1838480 seconds
142.400: [GC [PSYoungGen: 103904K->5312K(108544K)] 111159K->12567K(148992K), 0.0015180 secs] [Times: user=0.00 sys=0.00, real=0.00 secs] 
142.401: Total time for which application threads were stopped: 0.0016840 seconds, Stopping threads took: 0.0000780 seconds
142.582: Application time: 0.1805660 seconds
142.582: [GC [PSYoungGen: 103607K->6624K(101888K)] 110862K->13879K(142336K), 0.0015090 secs] [Times: user=0.00 sys=0.00, real=0.01 secs] 
142.583: Total time for which application threads were stopped: 0.0016550 seconds, Stopping threads took: 0.0000670 seconds
142.754: Application time: 0.1703560 seconds
142.754: [GC [PSYoungGen: 101493K->7424K(122880K)] 108749K->14959K(163328K), 0.0021210 secs] [Times: user=0.01 sys=0.00, real=0.00 secs] 
142.756: Total time for which application threads were stopped: 0.0022860 seconds, Stopping threads took: 0.0000840 seconds
142.969: Application time: 0.2130440 seconds
142.969: [GC [PSYoungGen: 120150K->4320K(114688K)] 127686K->11855K(155136K), 0.0012840 secs] [Times: user=0.01 sys=0.00, real=0.00 secs] 
142.971: Total time for which application threads were stopped: 0.0014150 seconds, Stopping threads took: 0.0000550 seconds
143.172: Application time: 0.2009640 seconds
143.172: [GC [PSYoungGen: 113643K->5376K(111104K)] 121179K->12911K(151552K), 0.0016190 secs] [Times: user=0.01 sys=0.00, real=0.00 secs] 
143.173: Total time for which application threads were stopped: 0.0017770 seconds, Stopping threads took: 0.0000860 seconds
143.363: Application time: 0.1897380 seconds
143.363: [GC [PSYoungGen: 110075K->6608K(108544K)] 117611K->14143K(148992K), 0.0018200 secs] [Times: user=0.02 sys=0.00, real=0.00 secs] 
143.365: Total time for which application threads were stopped: 0.0019730 seconds, Stopping threads took: 0.0000820 seconds
143.555: Application time: 0.1899300 seconds
143.555: [GC [PSYoungGen: 108496K->7392K(105984K)] 116031K->15200K(146432K), 0.0023420 secs] [Times: user=0.01 sys=0.00, real=0.00 secs] 
143.557: Total time for which application threads were stopped: 0.0025150 seconds, Stopping threads took: 0.0000820 seconds
143.746: Application time: 0.1887590 seconds
143.746: [GC [PSYoungGen: 104755K->3328K(98304K)] 112563K->11136K(138752K), 0.0010830 secs] [Times: user=0.00 sys=0.00, real=0.00 secs] 
143.747: Total time for which application threads were stopped: 0.0012390 seconds, Stopping threads took: 0.0000730 seconds
143.914: Application time: 0.1664700 seconds
143.915: [GC [PSYoungGen: 97064K->6624K(98304K)] 104872K->14432K(138752K), 0.0019090 secs] [Times: user=0.01 sys=0.00, real=0.00 secs] 
143.917: Total time for which application threads were stopped: 0.0031180 seconds, Stopping threads took: 0.0011300 seconds
144.089: Application time: 0.1723580 seconds
144.090: [GC [PSYoungGen: 97592K->5376K(94208K)] 105400K->13464K(134656K), 0.0018060 secs] [Times: user=0.01 sys=0.00, real=0.01 secs] 
144.091: Total time for which application threads were stopped: 0.0019750 seconds, Stopping threads took: 0.0000720 seconds
144.247: Application time: 0.1559900 seconds
144.248: [GC [PSYoungGen: 93674K->6400K(92160K)] 101762K->14488K(132608K), 0.0019100 secs] [Times: user=0.01 sys=0.00, real=0.00 secs] 
144.249: Total time for which application threads were stopped: 0.0020660 seconds, Stopping threads took: 0.0000670 seconds
144.417: Application time: 0.1670760 seconds
144.417: [GC [PSYoungGen: 91273K->3328K(87552K)] 99361K->11416K(128000K), 0.0010540 secs] [Times: user=0.01 sys=0.00, real=0.00 secs] 
144.418: Total time for which application threads were stopped: 0.0011880 seconds, Stopping threads took: 0.0000580 seconds
144.566: Application time: 0.1483940 seconds
144.566: [GC [PSYoungGen: 85746K->6576K(86528K)] 93834K->14664K(126976K), 0.0021260 secs] [Times: user=0.01 sys=0.00, real=0.00 secs] 
144.568: Total time for which application threads were stopped: 0.0022900 seconds, Stopping threads took: 0.0000770 seconds
144.715: Application time: 0.1467930 seconds
144.715: [GC [PSYoungGen: 86448K->6400K(89088K)] 94536K->14740K(129536K), 0.0017830 secs] [Times: user=0.01 sys=0.00, real=0.00 secs] 
144.717: Total time for which application threads were stopped: 0.0019270 seconds, Stopping threads took: 0.0000570 seconds
144.864: Application time: 0.1472410 seconds
144.864: [GC [PSYoungGen: 86207K->6400K(89088K)] 94548K->14772K(129536K), 0.0017680 secs] [Times: user=0.01 sys=0.00, real=0.00 secs] 
144.866: Total time for which application threads were stopped: 0.0019060 seconds, Stopping threads took: 0.0000610 seconds
145.013: Application time: 0.1468760 seconds
145.013: [GC [PSYoungGen: 86159K->5376K(82944K)] 94531K->13748K(123392K), 0.0011790 secs] [Times: user=0.01 sys=0.00, real=0.00 secs] 
145.015: Total time for which application threads were stopped: 0.0013220 seconds, Stopping threads took: 0.0000660 seconds
145.162: Application time: 0.1475750 seconds
145.162: [GC [PSYoungGen: 82392K->4352K(79360K)] 90765K->12724K(119808K), 0.0014190 secs] [Times: user=0.01 sys=0.00, real=0.01 secs] 
145.164: Total time for which application threads were stopped: 0.0015520 seconds, Stopping threads took: 0.0000550 seconds
145.302: Application time: 0.1388130 seconds
145.303: [GC [PSYoungGen: 78825K->3568K(75776K)] 87197K->11940K(116224K), 0.0008570 secs] [Times: user=0.00 sys=0.01, real=0.01 secs] 
145.303: Total time for which application threads were stopped: 0.0010010 seconds, Stopping threads took: 0.0000570 seconds
145.437: Application time: 0.1333160 seconds
145.437: [GC [PSYoungGen: 75745K->3232K(73728K)] 84117K->11861K(114176K), 0.0012380 secs] [Times: user=0.00 sys=0.00, real=0.00 secs] 
145.438: Total time for which application threads were stopped: 0.0013670 seconds, Stopping threads took: 0.0000560 seconds
145.564: Application time: 0.1257940 seconds
145.564: [GC [PSYoungGen: 72827K->7424K(89088K)] 81456K->16053K(129536K), 0.0021000 secs] [Times: user=0.01 sys=0.00, real=0.00 secs] 
145.566: Total time for which application threads were stopped: 0.0022450 seconds, Stopping threads took: 0.0000640 seconds
145.717: Application time: 0.1503610 seconds
145.717: [GC [PSYoungGen: 86948K->5344K(89600K)] 95577K->13973K(130048K), 0.0014870 secs] [Times: user=0.01 sys=0.00, real=0.00 secs] 
145.718: Total time for which application threads were stopped: 0.0016230 seconds, Stopping threads took: 0.0000580 seconds
145.860: Application time: 0.1422550 seconds
145.861: [GC [PSYoungGen: 85186K->6368K(105472K)] 93815K->14997K(145920K), 0.0015900 secs] [Times: user=0.01 sys=0.00, real=0.00 secs] 
145.862: Total time for which application threads were stopped: 0.0017590 seconds, Stopping threads took: 0.0000770 seconds
146.042: Application time: 0.1802180 seconds
146.043: [GC [PSYoungGen: 101917K->5584K(98304K)] 110546K->14213K(138752K), 0.0015720 secs] [Times: user=0.00 sys=0.00, real=0.01 secs] 
146.044: Total time for which application threads were stopped: 0.0017180 seconds, Stopping threads took: 0.0000630 seconds
146.213: Application time: 0.1688080 seconds
146.213: [GC [PSYoungGen: 97905K->6400K(96256K)] 106534K->15309K(136704K), 0.0017310 secs] [Times: user=0.01 sys=0.00, real=0.00 secs] 
146.215: Total time for which application threads were stopped: 0.0018720 seconds, Stopping threads took: 0.0000660 seconds
146.383: Application time: 0.1682390 seconds
146.383: [GC [PSYoungGen: 95561K->7424K(99840K)] 104471K->16333K(140288K), 0.0020890 secs] [Times: user=0.01 sys=0.00, real=0.00 secs] 
146.385: Total time for which application threads were stopped: 0.0022480 seconds, Stopping threads took: 0.0000680 seconds
146.547: Application time: 0.1620530 seconds
146.547: [GC [PSYoungGen: 97579K->7424K(116224K)] 106488K->16333K(156672K), 0.0017120 secs] [Times: user=0.01 sys=0.00, real=0.00 secs] 
146.549: Total time for which application threads were stopped: 0.0018620 seconds, Stopping threads took: 0.0000630 seconds
146.749: Application time: 0.1996870 seconds
146.749: [GC [PSYoungGen: 113481K->4544K(107520K)] 122390K->13453K(147968K), 0.0013060 secs] [Times: user=0.01 sys=0.00, real=0.00 secs] 
146.750: Total time for which application threads were stopped: 0.0014630 seconds, Stopping threads took: 0.0000840 seconds
146.941: Application time: 0.1907800 seconds
146.941: [GC [PSYoungGen: 107210K->4320K(104960K)] 116119K->13497K(145408K), 0.0012680 secs] [Times: user=0.00 sys=0.00, real=0.00 secs] 
146.943: Total time for which application threads were stopped: 0.0014490 seconds, Stopping threads took: 0.0000920 seconds
147.124: Application time: 0.1818660 seconds
147.125: [GC [PSYoungGen: 103339K->7424K(103424K)] 112517K->16601K(143872K), 0.0022220 secs] [Times: user=0.01 sys=0.00, real=0.00 secs] 
147.127: Total time for which application threads were stopped: 0.0023720 seconds, Stopping threads took: 0.0000640 seconds
147.308: Application time: 0.1813430 seconds
147.308: [GC [PSYoungGen: 102254K->2432K(96768K)] 111431K->11609K(137216K), 0.0008510 secs] [Times: user=0.01 sys=0.00, real=0.00 secs] 
147.309: Total time for which application threads were stopped: 0.0009720 seconds, Stopping threads took: 0.0000530 seconds
147.476: Application time: 0.1666990 seconds
147.476: [GC [PSYoungGen: 94462K->5376K(94720K)] 103640K->14834K(135168K), 0.0017710 secs] [Times: user=0.01 sys=0.00, real=0.00 secs] 
147.478: Total time for which application threads were stopped: 0.0019370 seconds, Stopping threads took: 0.0000830 seconds
147.645: Application time: 0.1672200 seconds
147.647: [GC [PSYoungGen: 93791K->3328K(92160K)] 103249K->12786K(132608K), 0.0010150 secs] [Times: user=0.00 sys=0.01, real=0.00 secs] 
147.648: Total time for which application threads were stopped: 0.0031330 seconds, Stopping threads took: 0.0020520 seconds
147.799: Application time: 0.1513420 seconds
147.800: [GC [PSYoungGen: 88695K->7424K(90624K)] 98153K->16882K(131072K), 0.0022130 secs] [Times: user=0.02 sys=0.00, real=0.00 secs] 
147.802: Total time for which application threads were stopped: 0.0023660 seconds, Stopping threads took: 0.0000690 seconds
147.957: Application time: 0.1554260 seconds
147.957: [GC [PSYoungGen: 90368K->5552K(86528K)] 99826K->15010K(126976K), 0.0016650 secs] [Times: user=0.01 sys=0.00, real=0.00 secs] 
147.959: Total time for which application threads were stopped: 0.0018050 seconds, Stopping threads took: 0.0000610 seconds
148.109: Application time: 0.1498730 seconds
148.109: [GC [PSYoungGen: 85855K->5408K(83456K)] 95313K->15090K(123904K), 0.0017820 secs] [Times: user=0.01 sys=0.00, real=0.00 secs] 
148.111: Total time for which application threads were stopped: 0.0019530 seconds, Stopping threads took: 0.0000870 seconds
148.258: Application time: 0.1473310 seconds
148.258: [GC [PSYoungGen: 82602K->2272K(81920K)] 92284K->12050K(122368K), 0.0008470 secs] [Times: user=0.00 sys=0.00, real=0.00 secs] 
148.259: Total time for which application threads were stopped: 0.0009630 seconds, Stopping threads took: 0.0000500 seconds
148.395: Application time: 0.1354290 seconds
148.395: [GC [PSYoungGen: 76618K->4320K(77312K)] 86396K->14098K(117760K), 0.0013140 secs] [Times: user=0.00 sys=0.00, real=0.00 secs] 
148.396: Total time for which application threads were stopped: 0.0015270 seconds, Stopping threads took: 0.0001370 seconds
148.531: Application time: 0.1350400 seconds
148.531: [GC [PSYoungGen: 76605K->3232K(77824K)] 86383K->13010K(118272K), 0.0011160 secs] [Times: user=0.00 sys=0.00, real=0.00 secs] 
148.533: Total time for which application threads were stopped: 0.0013320 seconds, Stopping threads took: 0.0001380 seconds
148.662: Application time: 0.1289610 seconds
148.662: [GC [PSYoungGen: 72885K->4544K(73216K)] 82663K->14322K(113664K), 0.0014430 secs] [Times: user=0.00 sys=0.00, real=0.01 secs] 
148.663: Total time for which application threads were stopped: 0.0015910 seconds, Stopping threads took: 0.0000630 seconds
148.789: Application time: 0.1263540 seconds
148.790: [GC [PSYoungGen: 72172K->3328K(73216K)] 81951K->13378K(113664K), 0.0011920 secs] [Times: user=0.00 sys=0.00, real=0.00 secs] 
148.791: Total time for which application threads were stopped: 0.0013260 seconds, Stopping threads took: 0.0000600 seconds
148.910: Application time: 0.1188350 seconds
148.910: [GC [PSYoungGen: 69325K->6400K(75264K)] 79376K->16450K(115712K), 0.0018380 secs] [Times: user=0.02 sys=0.00, real=0.01 secs] 
148.912: Total time for which application threads were stopped: 0.0019750 seconds, Stopping threads took: 0.0000550 seconds
149.032: Application time: 0.1204520 seconds
149.032: [GC [PSYoungGen: 72921K->6400K(88064K)] 82972K->16450K(128512K), 0.0014160 secs] [Times: user=0.01 sys=0.00, real=0.00 secs] 
149.034: Total time for which application threads were stopped: 0.0015550 seconds, Stopping threads took: 0.0000610 seconds
149.183: Application time: 0.1491550 seconds
149.183: [GC [PSYoungGen: 85443K->3328K(80384K)] 95494K->13378K(120832K), 0.0010110 secs] [Times: user=0.01 sys=0.00, real=0.01 secs] 
149.184: Total time for which application threads were stopped: 0.0017040 seconds, Stopping threads took: 0.0000560 seconds
149.329: Application time: 0.1440900 seconds
149.329: [GC [PSYoungGen: 80128K->3488K(79872K)] 90178K->13538K(120320K), 0.0010330 secs] [Times: user=0.01 sys=0.00, real=0.00 secs] 
149.330: Total time for which application threads were stopped: 0.0011560 seconds, Stopping threads took: 0.0000540 seconds
149.464: Application time: 0.1346420 seconds
149.464: [GC [PSYoungGen: 76746K->3328K(75264K)] 86797K->13650K(115712K), 0.0012250 secs] [Times: user=0.01 sys=0.00, real=0.00 secs] 
149.466: Total time for which application threads were stopped: 0.0013640 seconds, Stopping threads took: 0.0000650 seconds
149.598: Application time: 0.1322640 seconds
149.598: [GC [PSYoungGen: 74390K->3328K(76288K)] 84713K->13650K(116736K), 0.0010140 secs] [Times: user=0.00 sys=0.01, real=0.00 secs] 
149.599: Total time for which application threads were stopped: 0.0011430 seconds, Stopping threads took: 0.0000530 seconds
149.725: Application time: 0.1259630 seconds
149.725: [GC [PSYoungGen: 72895K->4352K(72192K)] 83218K->14674K(112640K), 0.0012530 secs] [Times: user=0.00 sys=0.00, real=0.00 secs] 
149.727: Total time for which application threads were stopped: 0.0014000 seconds, Stopping threads took: 0.0000640 seconds
149.849: Application time: 0.1224850 seconds
149.849: [GC [PSYoungGen: 71936K->6400K(75264K)] 82258K->16723K(115712K), 0.0018820 secs] [Times: user=0.02 sys=0.00, real=0.00 secs] 
149.851: Total time for which application threads were stopped: 0.0020310 seconds, Stopping threads took: 0.0000570 seconds
149.973: Application time: 0.1223540 seconds
149.973: [GC [PSYoungGen: 73472K->6496K(75776K)] 83795K->16819K(116224K), 0.0019050 secs] [Times: user=0.01 sys=0.00, real=0.00 secs] 
149.975: Total time for which application threads were stopped: 0.0020480 seconds, Stopping threads took: 0.0000580 seconds
150.103: Application time: 0.1273280 seconds
150.103: [GC [PSYoungGen: 72801K->5440K(89600K)] 83124K->15907K(130048K), 0.0012710 secs] [Times: user=0.00 sys=0.01, real=0.01 secs] 
150.104: Total time for which application threads were stopped: 0.0014440 seconds, Stopping threads took: 0.0000930 seconds
150.252: Application time: 0.1473770 seconds
150.252: [GC [PSYoungGen: 86301K->6368K(89600K)] 96768K->16983K(130048K), 0.0017450 secs] [Times: user=0.01 sys=0.00, real=0.00 secs] 
150.254: Total time for which application threads were stopped: 0.0019240 seconds, Stopping threads took: 0.0000900 seconds
150.407: Application time: 0.1531250 seconds
150.407: [GC [PSYoungGen: 87264K->5376K(105984K)] 97879K->15991K(146432K), 0.0011010 secs] [Times: user=0.00 sys=0.00, real=0.00 secs] 
150.408: Total time for which application threads were stopped: 0.0012280 seconds, Stopping threads took: 0.0000560 seconds
150.584: Application time: 0.1761600 seconds
150.584: [GC [PSYoungGen: 102649K->7424K(101376K)] 113264K->18039K(141824K), 0.0016700 secs] [Times: user=0.01 sys=0.00, real=0.00 secs] 
150.586: Total time for which application threads were stopped: 0.0018340 seconds, Stopping threads took: 0.0000860 seconds
150.764: Application time: 0.1782860 seconds
150.764: [GC [PSYoungGen: 100228K->4560K(95232K)] 110844K->15175K(135680K), 0.0013380 secs] [Times: user=0.01 sys=0.00, real=0.00 secs] 
150.766: Total time for which application threads were stopped: 0.0015010 seconds, Stopping threads took: 0.0000800 seconds
150.927: Application time: 0.1614330 seconds
150.927: [GC [PSYoungGen: 94330K->6368K(94208K)] 104945K->17255K(134656K), 0.0020650 secs] [Times: user=0.01 sys=0.00, real=0.00 secs] 
150.929: Total time for which application threads were stopped: 0.0022200 seconds, Stopping threads took: 0.0000730 seconds
151.098: Application time: 0.1682270 seconds
151.098: [GC [PSYoungGen: 93607K->2304K(88576K)] 104495K->13191K(129024K), 0.0008060 secs] [Times: user=0.00 sys=0.00, real=0.00 secs] 
151.098: Total time for which application threads were stopped: 0.0009350 seconds, Stopping threads took: 0.0000650 seconds
151.249: Application time: 0.1501000 seconds
151.249: [GC [PSYoungGen: 86784K->8448K(93696K)] 97671K->19335K(134144K), 0.0024600 secs] [Times: user=0.01 sys=0.00, real=0.01 secs] 
151.251: Total time for which application threads were stopped: 0.0026060 seconds, Stopping threads took: 0.0000580 seconds
151.402: Application time: 0.1508640 seconds
151.402: [GC [PSYoungGen: 92289K->7648K(111616K)] 103176K->18535K(152064K), 0.0018120 secs] [Times: user=0.01 sys=0.00, real=0.01 secs] 
151.404: Total time for which application threads were stopped: 0.0019850 seconds, Stopping threads took: 0.0000890 seconds
151.592: Application time: 0.1883140 seconds
151.592: [GC [PSYoungGen: 108328K->6400K(111616K)] 119216K->17568K(152064K), 0.0017350 secs] [Times: user=0.01 sys=0.00, real=0.00 secs] 
151.594: Total time for which application threads were stopped: 0.0018840 seconds, Stopping threads took: 0.0000720 seconds
151.787: Application time: 0.1928720 seconds
151.787: [GC [PSYoungGen: 107271K->5344K(103424K)] 118439K->16512K(143872K), 0.0013210 secs] [Times: user=0.01 sys=0.00, real=0.00 secs] 
151.789: Total time for which application threads were stopped: 0.0014730 seconds, Stopping threads took: 0.0000750 seconds
151.970: Application time: 0.1809700 seconds
151.970: [GC [PSYoungGen: 102871K->4352K(98816K)] 114039K->15520K(139264K), 0.0012580 secs] [Times: user=0.01 sys=0.00, real=0.00 secs] 
151.971: Total time for which application threads were stopped: 0.0014090 seconds, Stopping threads took: 0.0000730 seconds
152.136: Application time: 0.1650690 seconds
152.136: [GC [PSYoungGen: 97692K->6592K(97792K)] 108860K->17792K(138240K), 0.0015420 secs] [Times: user=0.01 sys=0.00, real=0.00 secs] 
152.138: Total time for which application threads were stopped: 0.0017020 seconds, Stopping threads took: 0.0000820 seconds
152.313: Application time: 0.1751270 seconds
152.313: [GC [PSYoungGen: 97001K->3328K(91648K)] 108201K->14764K(132096K), 0.0011850 secs] [Times: user=0.01 sys=0.00, real=0.00 secs] 
152.314: Total time for which application threads were stopped: 0.0013240 seconds, Stopping threads took: 0.0000660 seconds
152.471: Application time: 0.1572140 seconds
152.472: [GC [PSYoungGen: 91297K->6400K(91648K)] 102733K->17836K(132096K), 0.0019440 secs] [Times: user=0.01 sys=0.00, real=0.00 secs] 
152.474: Total time for which application threads were stopped: 0.0021190 seconds, Stopping threads took: 0.0000680 seconds
152.629: Application time: 0.1558990 seconds
152.630: [GC [PSYoungGen: 90546K->6400K(88576K)] 101983K->17836K(129024K), 0.0019780 secs] [Times: user=0.02 sys=0.00, real=0.01 secs] 
152.632: Total time for which application threads were stopped: 0.0021230 seconds, Stopping threads took: 0.0000580 seconds
152.787: Application time: 0.1558440 seconds
152.788: [GC [PSYoungGen: 87881K->3456K(82944K)] 99317K->14892K(123392K), 0.0010660 secs] [Times: user=0.01 sys=0.00, real=0.00 secs] 
152.789: Total time for which application threads were stopped: 0.0011930 seconds, Stopping threads took: 0.0000550 seconds
152.933: Application time: 0.1448600 seconds
152.934: [GC [PSYoungGen: 82674K->5376K(82432K)] 94110K->17092K(122880K), 0.0017910 secs] [Times: user=0.01 sys=0.00, real=0.00 secs] 
152.935: Total time for which application threads were stopped: 0.0019610 seconds, Stopping threads took: 0.0000860 seconds
153.077: Application time: 0.1411340 seconds
153.077: [GC [PSYoungGen: 82091K->5376K(79872K)] 93808K->17092K(120320K), 0.0016960 secs] [Times: user=0.01 sys=0.00, real=0.00 secs] 
153.078: Total time for which application threads were stopped: 0.0018550 seconds, Stopping threads took: 0.0000710 seconds
153.213: Application time: 0.1347690 seconds
153.213: [GC [PSYoungGen: 78641K->6400K(95232K)] 90358K->18116K(135680K), 0.0018940 secs] [Times: user=0.01 sys=0.00, real=0.00 secs] 
153.215: Total time for which application threads were stopped: 0.0020680 seconds, Stopping threads took: 0.0000830 seconds
153.368: Application time: 0.1530540 seconds
153.368: [GC [PSYoungGen: 91915K->5488K(97792K)] 103631K->17204K(138240K), 0.0015300 secs] [Times: user=0.02 sys=0.00, real=0.00 secs] 
153.370: Total time for which application threads were stopped: 0.0016760 seconds, Stopping threads took: 0.0000710 seconds
153.541: Application time: 0.1710740 seconds
153.541: [GC [PSYoungGen: 94549K->4432K(90624K)] 106266K->16336K(131072K), 0.0013990 secs] [Times: user=0.01 sys=0.00, real=0.00 secs] 
153.543: Total time for which application threads were stopped: 0.0015440 seconds, Stopping threads took: 0.0000650 seconds
153.695: Application time: 0.1523130 seconds
153.695: [GC [PSYoungGen: 89786K->7360K(94720K)] 101691K->19377K(135168K), 0.0021560 secs] [Times: user=0.01 sys=0.00, real=0.00 secs] 
153.697: Total time for which application threads were stopped: 0.0023200 seconds, Stopping threads took: 0.0000710 seconds
153.857: Application time: 0.1594970 seconds
153.857: [GC [PSYoungGen: 92585K->6400K(94720K)] 104602K->18417K(135168K), 0.0017860 secs] [Times: user=0.02 sys=0.00, real=0.00 secs] 
153.859: Total time for which application threads were stopped: 0.0019250 seconds, Stopping threads took: 0.0000580 seconds
154.021: Application time: 0.1627950 seconds
154.022: [GC [PSYoungGen: 92391K->5440K(111104K)] 104408K->17457K(151552K), 0.0012450 secs] [Times: user=0.01 sys=0.00, real=0.00 secs] 
154.023: Total time for which application threads were stopped: 0.0013840 seconds, Stopping threads took: 0.0000560 seconds
154.215: Application time: 0.1916860 seconds
154.215: [GC [PSYoungGen: 107465K->3376K(102912K)] 119482K->15525K(143360K), 0.0009760 secs] [Times: user=0.00 sys=0.00, real=0.00 secs] 
154.216: Total time for which application threads were stopped: 0.0011250 seconds, Stopping threads took: 0.0000700 seconds
154.388: Application time: 0.1727000 seconds
154.388: [GC [PSYoungGen: 102545K->6400K(102400K)] 114694K->18689K(142848K), 0.0016690 secs] [Times: user=0.01 sys=0.00, real=0.00 secs] 
154.390: Total time for which application threads were stopped: 0.0018080 seconds, Stopping threads took: 0.0000610 seconds
154.570: Application time: 0.1798920 seconds
154.570: [GC [PSYoungGen: 101965K->6400K(98816K)] 114254K->18689K(139264K), 0.0019860 secs] [Times: user=0.01 sys=0.00, real=0.01 secs] 
154.572: Total time for which application threads were stopped: 0.0021380 seconds, Stopping threads took: 0.0000710 seconds
154.746: Application time: 0.1738240 seconds
154.746: [GC [PSYoungGen: 98096K->5536K(94720K)] 110385K->17825K(135168K), 0.0015000 secs] [Times: user=0.01 sys=0.00, real=0.00 secs] 
154.748: Total time for which application threads were stopped: 0.0016330 seconds, Stopping threads took: 0.0000570 seconds
154.908: Application time: 0.1600080 seconds
154.908: [GC [PSYoungGen: 94156K->6400K(92672K)] 106445K->18933K(133120K), 0.0021480 secs] [Times: user=0.01 sys=0.00, real=0.00 secs] 
154.910: Total time for which application threads were stopped: 0.0023010 seconds, Stopping threads took: 0.0000680 seconds
155.066: Application time: 0.1559150 seconds
155.066: [GC [PSYoungGen: 92365K->5376K(96256K)] 104899K->18973K(136704K), 0.0018340 secs] [Times: user=0.01 sys=0.00, real=0.00 secs] 
155.068: Total time for which application threads were stopped: 0.0020270 seconds, Stopping threads took: 0.0000990 seconds
155.240: Application time: 0.1719980 seconds
155.240: [GC [PSYoungGen: 95543K->6368K(98816K)] 109141K->19965K(139264K), 0.0018550 secs] [Times: user=0.01 sys=0.00, real=0.00 secs] 
155.242: Total time for which application threads were stopped: 0.0020070 seconds, Stopping threads took: 0.0000750 seconds
155.404: Application time: 0.1624150 seconds
155.404: [GC [PSYoungGen: 96182K->5520K(93184K)] 109780K->19117K(133632K), 0.0012550 secs] [Times: user=0.00 sys=0.00, real=0.00 secs] 
155.406: Total time for which application threads were stopped: 0.0014050 seconds, Stopping threads took: 0.0000590 seconds
155.573: Application time: 0.1672030 seconds
155.573: [GC [PSYoungGen: 92674K->4400K(89088K)] 106271K->18177K(129536K), 0.0012880 secs] [Times: user=0.01 sys=0.00, real=0.00 secs] 
155.574: Total time for which application threads were stopped: 0.0014300 seconds, Stopping threads took: 0.0000650 seconds
155.725: Application time: 0.1502260 seconds
155.725: [GC [PSYoungGen: 88517K->6400K(88576K)] 102295K->21306K(129024K), 0.0017640 secs] [Times: user=0.01 sys=0.00, real=0.00 secs] 
155.727: Total time for which application threads were stopped: 0.0019120 seconds, Stopping threads took: 0.0000690 seconds
155.877: Application time: 0.1501230 seconds
155.877: [GC [PSYoungGen: 88103K->6336K(104960K)] 103009K->21242K(145408K), 0.0018240 secs] [Times: user=0.01 sys=0.00, real=0.00 secs] 
155.879: Total time for which application threads were stopped: 0.0019640 seconds, Stopping threads took: 0.0000610 seconds
156.061: Application time: 0.1820040 seconds
156.061: [GC [PSYoungGen: 104457K->6464K(101376K)] 119363K->21370K(141824K), 0.0018320 secs] [Times: user=0.01 sys=0.00, real=0.00 secs] 
156.063: Total time for which application threads were stopped: 0.0019930 seconds, Stopping threads took: 0.0000770 seconds
156.245: Application time: 0.1827140 seconds
156.245: [GC [PSYoungGen: 101012K->3440K(95232K)] 115918K->18482K(135680K), 0.0012510 secs] [Times: user=0.01 sys=0.00, real=0.00 secs] 
156.247: Total time for which application threads were stopped: 0.0013840 seconds, Stopping threads took: 0.0000600 seconds
156.405: Application time: 0.1580680 seconds
156.405: [GC [PSYoungGen: 94990K->7424K(96256K)] 110032K->22614K(136704K), 0.0020650 secs] [Times: user=0.01 sys=0.00, real=0.00 secs] 
156.407: Total time for which application threads were stopped: 0.0022140 seconds, Stopping threads took: 0.0000600 seconds
156.580: Application time: 0.1728380 seconds
156.583: [GC [PSYoungGen: 94993K->2272K(88064K)] 110183K->17462K(128512K), 0.0009350 secs] [Times: user=0.01 sys=0.00, real=0.00 secs] 
156.584: Total time for which application threads were stopped: 0.0041950 seconds, Stopping threads took: 0.0031830 seconds
156.735: Application time: 0.1505290 seconds
156.735: [GC [PSYoungGen: 87255K->7520K(90112K)] 102445K->22710K(130560K), 0.0022780 secs] [Times: user=0.01 sys=0.00, real=0.00 secs] 
156.737: Total time for which application threads were stopped: 0.0024310 seconds, Stopping threads took: 0.0000660 seconds
156.885: Application time: 0.1478740 seconds
156.885: [GC [PSYoungGen: 89626K->7520K(92672K)] 104816K->22850K(133120K), 0.0021910 secs] [Times: user=0.01 sys=0.00, real=0.00 secs] 
156.887: Total time for which application threads were stopped: 0.0023430 seconds, Stopping threads took: 0.0000720 seconds
157.050: Application time: 0.1627310 seconds
157.050: [GC [PSYoungGen: 90190K->3328K(83968K)] 105520K->18814K(124416K), 0.0007850 secs] [Times: user=0.01 sys=0.00, real=0.00 secs] 
157.051: Total time for which application threads were stopped: 0.0009330 seconds, Stopping threads took: 0.0000780 seconds
157.198: Application time: 0.1471850 seconds
157.198: [GC [PSYoungGen: 83018K->5376K(83456K)] 98505K->20862K(123904K), 0.0016270 secs] [Times: user=0.00 sys=0.01, real=0.00 secs] 
157.200: Total time for which application threads were stopped: 0.0017990 seconds, Stopping threads took: 0.0000780 seconds
157.341: Application time: 0.1409370 seconds
157.341: [GC [PSYoungGen: 82904K->4352K(79872K)] 98390K->19838K(120320K), 0.0012220 secs] [Times: user=0.01 sys=0.00, real=0.00 secs] 
157.342: Total time for which application threads were stopped: 0.0013820 seconds, Stopping threads took: 0.0000820 seconds
157.476: Application time: 0.1341870 seconds
157.477: [GC [PSYoungGen: 79480K->5552K(95232K)] 94966K->21038K(135680K), 0.0016840 secs] [Times: user=0.01 sys=0.00, real=0.00 secs] 
157.478: Total time for which application threads were stopped: 0.0018330 seconds, Stopping threads took: 0.0000660 seconds
157.636: Application time: 0.1577690 seconds
157.636: [GC [PSYoungGen: 90642K->6400K(99840K)] 106129K->22166K(140288K), 0.0018040 secs] [Times: user=0.01 sys=0.00, real=0.00 secs] 
157.638: Total time for which application threads were stopped: 0.0019600 seconds, Stopping threads took: 0.0000710 seconds
157.809: Application time: 0.1714210 seconds
157.810: [GC [PSYoungGen: 96194K->6400K(99840K)] 111961K->22166K(140288K), 0.0018680 secs] [Times: user=0.02 sys=0.00, real=0.01 secs] 
157.811: Total time for which application threads were stopped: 0.0020230 seconds, Stopping threads took: 0.0000600 seconds
157.974: Application time: 0.1627840 seconds
157.974: [GC [PSYoungGen: 97024K->7424K(117760K)] 112790K->23190K(158208K), 0.0015940 secs] [Times: user=0.00 sys=0.01, real=0.00 secs] 
157.976: Total time for which application threads were stopped: 0.0017360 seconds, Stopping threads took: 0.0000660 seconds
158.174: Application time: 0.1978610 seconds
158.174: [GC [PSYoungGen: 115461K->7648K(112128K)] 131228K->23415K(152576K), 0.0017850 secs] [Times: user=0.00 sys=0.01, real=0.00 secs] 
158.176: Total time for which application threads were stopped: 0.0019380 seconds, Stopping threads took: 0.0000710 seconds
158.367: Application time: 0.1915580 seconds
158.367: [GC [PSYoungGen: 111709K->7424K(114176K)] 127476K->23475K(154624K), 0.0021710 secs] [Times: user=0.02 sys=0.00, real=0.00 secs] 
158.370: Total time for which application threads were stopped: 0.0023290 seconds, Stopping threads took: 0.0000660 seconds
158.570: Application time: 0.2003920 seconds
158.570: [GC [PSYoungGen: 113653K->6400K(109056K)] 129705K->22451K(149504K), 0.0018480 secs] [Times: user=0.01 sys=0.00, real=0.01 secs] 
158.572: Total time for which application threads were stopped: 0.0020050 seconds, Stopping threads took: 0.0000740 seconds
158.762: Application time: 0.1896880 seconds
158.762: [GC [PSYoungGen: 108471K->5472K(104448K)] 124523K->21523K(144896K), 0.0017210 secs] [Times: user=0.01 sys=0.00, real=0.01 secs] 
158.764: Total time for which application threads were stopped: 0.0018790 seconds, Stopping threads took: 0.0000760 seconds
158.944: Application time: 0.1801300 seconds
158.944: [GC [PSYoungGen: 103666K->5440K(100864K)] 119717K->21627K(141312K), 0.0018790 secs] [Times: user=0.01 sys=0.00, real=0.00 secs] 
158.946: Total time for which application threads were stopped: 0.0020350 seconds, Stopping threads took: 0.0000630 seconds
159.122: Application time: 0.1759250 seconds
159.122: [GC [PSYoungGen: 100184K->5376K(97792K)] 116372K->21715K(138240K), 0.0017680 secs] [Times: user=0.01 sys=0.00, real=0.01 secs] 
159.124: Total time for which application threads were stopped: 0.0019220 seconds, Stopping threads took: 0.0000770 seconds
159.298: Application time: 0.1747940 seconds
159.299: [GC [PSYoungGen: 97097K->4352K(93696K)] 113436K->20691K(134144K), 0.0013490 secs] [Times: user=0.00 sys=0.01, real=0.00 secs] 
159.300: Total time for which application threads were stopped: 0.0015140 seconds, Stopping threads took: 0.0000830 seconds
159.457: Application time: 0.1575670 seconds
159.458: [GC [PSYoungGen: 92544K->6512K(92672K)] 108883K->22851K(133120K), 0.0020110 secs] [Times: user=0.02 sys=0.00, real=0.00 secs] 
159.460: Total time for which application threads were stopped: 0.0022160 seconds, Stopping threads took: 0.0001080 seconds
159.619: Application time: 0.1589750 seconds
159.619: [GC [PSYoungGen: 92484K->5440K(88576K)] 108823K->21959K(129024K), 0.0018220 secs] [Times: user=0.01 sys=0.00, real=0.00 secs] 
159.621: Total time for which application threads were stopped: 0.0019860 seconds, Stopping threads took: 0.0000850 seconds
159.777: Application time: 0.1566030 seconds
159.777: [GC [PSYoungGen: 88305K->4368K(86016K)] 104825K->20991K(126464K), 0.0013790 secs] [Times: user=0.01 sys=0.00, real=0.00 secs] 
159.779: Total time for which application threads were stopped: 0.0015270 seconds, Stopping threads took: 0.0000700 seconds
159.923: Application time: 0.1439260 seconds
159.923: [GC [PSYoungGen: 84207K->7424K(89088K)] 100830K->24047K(129536K), 0.0021200 secs] [Times: user=0.01 sys=0.00, real=0.01 secs] 
159.925: Total time for which application threads were stopped: 0.0022810 seconds, Stopping threads took: 0.0000790 seconds
160.072: Application time: 0.1470840 seconds
160.072: [GC [PSYoungGen: 87223K->6416K(105984K)] 103847K->23039K(146432K), 0.0014210 secs] [Times: user=0.01 sys=0.00, real=0.00 secs] 
160.074: Total time for which application threads were stopped: 0.0015770 seconds, Stopping threads took: 0.0000670 seconds
160.254: Application time: 0.1807530 seconds
160.255: [GC [PSYoungGen: 102595K->6624K(99840K)] 119219K->23247K(140288K), 0.0016020 secs] [Times: user=0.00 sys=0.01, real=0.00 secs] 
160.256: Total time for which application threads were stopped: 0.0017500 seconds, Stopping threads took: 0.0000710 seconds
160.425: Application time: 0.1690800 seconds
160.425: [GC [PSYoungGen: 99669K->6400K(102912K)] 116293K->23304K(143360K), 0.0018210 secs] [Times: user=0.01 sys=0.00, real=0.00 secs] 
160.427: Total time for which application threads were stopped: 0.0019660 seconds, Stopping threads took: 0.0000590 seconds
160.599: Application time: 0.1721660 seconds
160.600: [GC [PSYoungGen: 100195K->7424K(103424K)] 117100K->24328K(143872K), 0.0020640 secs] [Times: user=0.01 sys=0.00, real=0.00 secs] 
160.602: Total time for which application threads were stopped: 0.0022520 seconds, Stopping threads took: 0.0001010 seconds
160.780: Application time: 0.1779520 seconds
160.780: [GC [PSYoungGen: 101208K->6432K(98304K)] 118112K->23336K(138752K), 0.0014420 secs] [Times: user=0.00 sys=0.00, real=0.00 secs] 
160.781: Total time for which application threads were stopped: 0.0016030 seconds, Stopping threads took: 0.0000850 seconds
160.943: Application time: 0.1618660 seconds
160.943: [GC [PSYoungGen: 97203K->6560K(95232K)] 114107K->23540K(135680K), 0.0018590 secs] [Times: user=0.01 sys=0.00, real=0.00 secs] 
160.945: Total time for which application threads were stopped: 0.0020030 seconds, Stopping threads took: 0.0000570 seconds
161.112: Application time: 0.1666830 seconds
161.112: [GC [PSYoungGen: 94584K->5376K(91136K)] 111564K->22572K(131584K), 0.0012730 secs] [Times: user=0.01 sys=0.00, real=0.00 secs] 
161.113: Total time for which application threads were stopped: 0.0014370 seconds, Stopping threads took: 0.0000760 seconds
161.273: Application time: 0.1594520 seconds
161.273: [GC [PSYoungGen: 90408K->4352K(87040K)] 107604K->21548K(127488K), 0.0014340 secs] [Times: user=0.00 sys=0.00, real=0.00 secs] 
161.274: Total time for which application threads were stopped: 0.0015720 seconds, Stopping threads took: 0.0000600 seconds
161.425: Application time: 0.1511510 seconds
161.426: [GC [PSYoungGen: 86357K->6400K(86528K)] 103554K->23596K(126976K), 0.0017910 secs] [Times: user=0.01 sys=0.01, real=0.00 secs] 
161.427: Total time for which application threads were stopped: 0.0019290 seconds, Stopping threads took: 0.0000550 seconds
161.573: Application time: 0.1452340 seconds
161.573: [GC [PSYoungGen: 86044K->5600K(82944K)] 103241K->22796K(123392K), 0.0017820 secs] [Times: user=0.02 sys=0.00, real=0.00 secs] 
161.575: Total time for which application threads were stopped: 0.0019190 seconds, Stopping threads took: 0.0000590 seconds
161.717: Application time: 0.1422040 seconds
161.717: [GC [PSYoungGen: 82343K->5376K(98816K)] 99540K->23876K(139264K), 0.0018510 secs] [Times: user=0.01 sys=0.00, real=0.00 secs] 
161.719: Total time for which application threads were stopped: 0.0020140 seconds, Stopping threads took: 0.0000740 seconds
161.889: Application time: 0.1706250 seconds
161.889: [GC [PSYoungGen: 97994K->6368K(102400K)] 116495K->24868K(142848K), 0.0018360 secs] [Times: user=0.01 sys=0.00, real=0.01 secs] 
161.891: Total time for which application threads were stopped: 0.0019780 seconds, Stopping threads took: 0.0000640 seconds
162.069: Application time: 0.1775940 seconds
162.069: [GC [PSYoungGen: 100072K->5344K(96768K)] 118573K->23844K(137216K), 0.0012930 secs] [Times: user=0.00 sys=0.00, real=0.00 secs] 
162.070: Total time for which application threads were stopped: 0.0014410 seconds, Stopping threads took: 0.0000650 seconds
162.237: Application time: 0.1663880 seconds
162.237: [GC [PSYoungGen: 96425K->6624K(94720K)] 114926K->25124K(135168K), 0.0016900 secs] [Times: user=0.01 sys=0.00, real=0.00 secs] 
162.239: Total time for which application threads were stopped: 0.0018410 seconds, Stopping threads took: 0.0000680 seconds
162.400: Application time: 0.1616380 seconds
162.400: [GC [PSYoungGen: 94438K->4352K(89600K)] 112938K->24157K(130048K), 0.0014430 secs] [Times: user=0.01 sys=0.00, real=0.00 secs] 
162.402: Total time for which application threads were stopped: 0.0015990 seconds, Stopping threads took: 0.0000760 seconds
162.561: Application time: 0.1593670 seconds
162.561: [GC [PSYoungGen: 89340K->5376K(87552K)] 109145K->25181K(128000K), 0.0017110 secs] [Times: user=0.01 sys=0.00, real=0.01 secs] 
162.563: Total time for which application threads were stopped: 0.0018540 seconds, Stopping threads took: 0.0000620 seconds
162.712: Application time: 0.1486200 seconds
162.712: [GC [PSYoungGen: 87296K->6400K(104960K)] 107101K->26205K(145408K), 0.0018660 secs] [Times: user=0.01 sys=0.00, real=0.00 secs] 
162.714: Total time for which application threads were stopped: 0.0020170 seconds, Stopping threads took: 0.0000690 seconds
162.898: Application time: 0.1840860 seconds
162.898: [GC [PSYoungGen: 104612K->6608K(108032K)] 124418K->26413K(148480K), 0.0018390 secs] [Times: user=0.02 sys=0.00, real=0.00 secs] 
162.900: Total time for which application threads were stopped: 0.0020050 seconds, Stopping threads took: 0.0000760 seconds
163.087: Application time: 0.1870160 seconds
163.087: [GC [PSYoungGen: 105815K->4352K(100864K)] 125620K->24433K(141312K), 0.0010890 secs] [Times: user=0.00 sys=0.01, real=0.00 secs] 
163.088: Total time for which application threads were stopped: 0.0012220 seconds, Stopping threads took: 0.0000640 seconds
163.258: Application time: 0.1696070 seconds
163.258: [GC [PSYoungGen: 99687K->6368K(99328K)] 119768K->26449K(139776K), 0.0017720 secs] [Times: user=0.01 sys=0.01, real=0.00 secs] 
163.260: Total time for which application threads were stopped: 0.0019600 seconds, Stopping threads took: 0.0001090 seconds
163.434: Application time: 0.1747000 seconds
163.434: [GC [PSYoungGen: 98427K->5376K(95232K)] 118509K->25457K(135680K), 0.0013510 secs] [Times: user=0.00 sys=0.00, real=0.00 secs] 
163.436: Total time for which application threads were stopped: 0.0015410 seconds, Stopping threads took: 0.0000950 seconds
163.597: Application time: 0.1610420 seconds
163.597: [GC [PSYoungGen: 94656K->6608K(93184K)] 114737K->26689K(133632K), 0.0021500 secs] [Times: user=0.01 sys=0.01, real=0.00 secs] 
163.599: Total time for which application threads were stopped: 0.0023010 seconds, Stopping threads took: 0.0000720 seconds
163.765: Application time: 0.1653490 seconds
163.765: [GC [PSYoungGen: 92934K->4352K(88064K)] 113016K->25737K(128512K), 0.0016910 secs] [Times: user=0.01 sys=0.00, real=0.00 secs] 
163.766: Total time for which application threads were stopped: 0.0018570 seconds, Stopping threads took: 0.0000750 seconds
163.917: Application time: 0.1502200 seconds
163.917: [GC [PSYoungGen: 87597K->6400K(107008K)] 108983K->27786K(147456K), 0.0019820 secs] [Times: user=0.01 sys=0.00, real=0.00 secs] 
163.919: Total time for which application threads were stopped: 0.0021310 seconds, Stopping threads took: 0.0000620 seconds
164.107: Application time: 0.1883860 seconds
164.107: [GC [PSYoungGen: 105960K->4352K(101376K)] 127346K->25737K(141824K), 0.0012580 secs] [Times: user=0.01 sys=0.00, real=0.00 secs] 
164.109: Total time for which application threads were stopped: 0.0014170 seconds, Stopping threads took: 0.0000750 seconds
164.279: Application time: 0.1703300 seconds
164.279: [GC [PSYoungGen: 100208K->5600K(98816K)] 121594K->26986K(139264K), 0.0017840 secs] [Times: user=0.00 sys=0.00, real=0.00 secs] 
164.281: Total time for which application threads were stopped: 0.0019210 seconds, Stopping threads took: 0.0000590 seconds
164.456: Application time: 0.1748140 seconds
164.456: [GC [PSYoungGen: 98749K->6368K(103936K)] 120135K->29054K(144384K), 0.0024040 secs] [Times: user=0.02 sys=0.00, real=0.00 secs] 
164.458: Total time for which application threads were stopped: 0.0025550 seconds, Stopping threads took: 0.0000640 seconds
164.643: Application time: 0.1852960 seconds
164.644: [GC [PSYoungGen: 103527K->3280K(97280K)] 126214K->25966K(137728K), 0.0011300 secs] [Times: user=0.00 sys=0.00, real=0.00 secs] 
164.645: Total time for which application threads were stopped: 0.0012780 seconds, Stopping threads took: 0.0000650 seconds
164.812: Application time: 0.1673080 seconds
164.812: [GC [PSYoungGen: 96363K->6400K(97280K)] 119049K->29086K(137728K), 0.0018910 secs] [Times: user=0.01 sys=0.00, real=0.00 secs] 
164.814: Total time for which application threads were stopped: 0.0020440 seconds, Stopping threads took: 0.0000720 seconds
164.986: Application time: 0.1717460 seconds
164.986: [GC [PSYoungGen: 97024K->5568K(93184K)] 119710K->28254K(133632K), 0.0017970 secs] [Times: user=0.01 sys=0.00, real=0.00 secs] 
164.988: Total time for which application threads were stopped: 0.0019670 seconds, Stopping threads took: 0.0000870 seconds
165.144: Application time: 0.1562420 seconds
165.144: [GC [PSYoungGen: 92907K->5344K(90112K)] 115593K->28302K(130560K), 0.0017100 secs] [Times: user=0.01 sys=0.00, real=0.00 secs] 
165.146: Total time for which application threads were stopped: 0.0018580 seconds, Stopping threads took: 0.0000600 seconds
165.307: Application time: 0.1611520 seconds
165.307: [GC [PSYoungGen: 88929K->3344K(85504K)] 111888K->26302K(125952K), 0.0012870 secs] [Times: user=0.01 sys=0.00, real=0.00 secs] 
165.309: Total time for which application threads were stopped: 0.0014110 seconds, Stopping threads took: 0.0000540 seconds
165.460: Application time: 0.1513460 seconds
165.460: [GC [PSYoungGen: 84967K->5376K(84992K)] 107926K->28334K(125440K), 0.0016140 secs] [Times: user=0.01 sys=0.00, real=0.00 secs] 
165.462: Total time for which application threads were stopped: 0.0017530 seconds, Stopping threads took: 0.0000570 seconds
165.602: Application time: 0.1403670 seconds
165.602: [GC [PSYoungGen: 83896K->6576K(88576K)] 106855K->29534K(129024K), 0.0018870 secs] [Times: user=0.01 sys=0.00, real=0.01 secs] 
165.604: Total time for which application threads were stopped: 0.0020540 seconds, Stopping threads took: 0.0000830 seconds
165.752: Application time: 0.1479350 seconds
165.752: [GC [PSYoungGen: 87472K->7424K(102912K)] 110430K->30667K(143360K), 0.0017980 secs] [Times: user=0.01 sys=0.00, real=0.00 secs] 
165.754: Total time for which application threads were stopped: 0.0019510 seconds, Stopping threads took: 0.0000660 seconds
165.933: Application time: 0.1788440 seconds
165.933: [GC [PSYoungGen: 101308K->5376K(97280K)] 124551K->28619K(137728K), 0.0014260 secs] [Times: user=0.01 sys=0.00, real=0.00 secs] 
165.934: Total time for which application threads were stopped: 0.0015730 seconds, Stopping threads took: 0.0000670 seconds
166.097: Application time: 0.1626760 seconds
166.097: [GC [PSYoungGen: 96328K->6400K(95232K)] 119571K->29643K(135680K), 0.0017410 secs] [Times: user=0.01 sys=0.00, real=0.00 secs] 
166.099: Total time for which application threads were stopped: 0.0018910 seconds, Stopping threads took: 0.0000690 seconds
166.266: Application time: 0.1669100 seconds
166.266: [GC [PSYoungGen: 94458K->4512K(90112K)] 117701K->27755K(130560K), 0.0015970 secs] [Times: user=0.01 sys=0.00, real=0.00 secs] 
166.268: Total time for which application threads were stopped: 0.0017490 seconds, Stopping threads took: 0.0000640 seconds
166.423: Application time: 0.1552590 seconds
166.423: [GC [PSYoungGen: 89117K->4352K(87040K)] 112360K->27871K(127488K), 0.0014160 secs] [Times: user=0.01 sys=0.00, real=0.01 secs] 
166.424: Total time for which application threads were stopped: 0.0015540 seconds, Stopping threads took: 0.0000560 seconds
166.572: Application time: 0.1476140 seconds
166.572: [GC [PSYoungGen: 86293K->7424K(91648K)] 109812K->30943K(132096K), 0.0022200 secs] [Times: user=0.01 sys=0.00, real=0.00 secs] 
166.574: Total time for which application threads were stopped: 0.0024660 seconds, Stopping threads took: 0.0001630 seconds
166.735: Application time: 0.1608780 seconds
166.735: [GC [PSYoungGen: 90249K->6400K(108032K)] 113768K->29919K(148480K), 0.0014730 secs] [Times: user=0.01 sys=0.00, real=0.00 secs] 
166.737: Total time for which application threads were stopped: 0.0016130 seconds, Stopping threads took: 0.0000570 seconds
166.915: Application time: 0.1778640 seconds
166.915: [GC [PSYoungGen: 105617K->7552K(108032K)] 129136K->31071K(148480K), 0.0018000 secs] [Times: user=0.01 sys=0.00, real=0.00 secs] 
166.917: Total time for which application threads were stopped: 0.0019550 seconds, Stopping threads took: 0.0000650 seconds
167.101: Application time: 0.1844920 seconds
167.101: [GC [PSYoungGen: 106430K->5440K(101376K)] 129949K->29139K(141824K), 0.0012710 secs] [Times: user=0.00 sys=0.00, real=0.00 secs] 
167.103: Total time for which application threads were stopped: 0.0014180 seconds, Stopping threads took: 0.0000730 seconds
167.281: Application time: 0.1784570 seconds
167.281: [GC [PSYoungGen: 101184K->6368K(98816K)] 124883K->30179K(139264K), 0.0017050 secs] [Times: user=0.01 sys=0.00, real=0.01 secs] 
167.283: Total time for which application threads were stopped: 0.0018640 seconds, Stopping threads took: 0.0000790 seconds
167.451: Application time: 0.1678160 seconds
167.451: [GC [PSYoungGen: 97638K->6400K(95744K)] 121449K->31235K(136192K), 0.0017320 secs] [Times: user=0.00 sys=0.01, real=0.01 secs] 
167.453: Total time for which application threads were stopped: 0.0018910 seconds, Stopping threads took: 0.0000720 seconds
167.618: Application time: 0.1654090 seconds
167.618: [GC [PSYoungGen: 95253K->7616K(114176K)] 120088K->32451K(154624K), 0.0022800 secs] [Times: user=0.02 sys=0.00, real=0.00 secs] 
167.621: Total time for which application threads were stopped: 0.0024470 seconds, Stopping threads took: 0.0000830 seconds
167.815: Application time: 0.1948110 seconds
167.816: [GC [PSYoungGen: 113827K->5376K(115712K)] 138663K->31480K(156160K), 0.0019560 secs] [Times: user=0.02 sys=0.00, real=0.00 secs] 
167.818: Total time for which application threads were stopped: 0.0022060 seconds, Stopping threads took: 0.0001700 seconds
168.021: Application time: 0.2033760 seconds
168.021: [GC [PSYoungGen: 114771K->7424K(118784K)] 140875K->33568K(159232K), 0.0020910 secs] [Times: user=0.02 sys=0.00, real=0.01 secs] 
168.023: Total time for which application threads were stopped: 0.0022410 seconds, Stopping threads took: 0.0000600 seconds
168.225: Application time: 0.2017210 seconds
168.225: [GC [PSYoungGen: 116992K->8448K(139776K)] 143136K->34592K(180224K), 0.0020470 secs] [Times: user=0.02 sys=0.00, real=0.00 secs] 
168.227: Total time for which application threads were stopped: 0.0021940 seconds, Stopping threads took: 0.0000630 seconds
168.466: Application time: 0.2384930 seconds
168.467: [GC [PSYoungGen: 138513K->7584K(133120K)] 164657K->33804K(173568K), 0.0019610 secs] [Times: user=0.01 sys=0.00, real=0.00 secs] 
168.469: Total time for which application threads were stopped: 0.0034530 seconds, Stopping threads took: 0.0014100 seconds
168.705: Application time: 0.2356310 seconds
168.705: [GC [PSYoungGen: 133024K->6400K(127488K)] 159244K->32828K(167936K), 0.0018010 secs] [Times: user=0.01 sys=0.00, real=0.00 secs] 
168.707: Total time for which application threads were stopped: 0.0019700 seconds, Stopping threads took: 0.0000770 seconds
168.927: Application time: 0.2198710 seconds
168.927: [GC [PSYoungGen: 126396K->5504K(121856K)] 152825K->31932K(162304K), 0.0018270 secs] [Times: user=0.01 sys=0.00, real=0.00 secs] 
168.929: Total time for which application threads were stopped: 0.0019690 seconds, Stopping threads took: 0.0000650 seconds
169.141: Application time: 0.2123150 seconds
169.141: [GC [PSYoungGen: 120796K->6464K(118784K)] 147225K->33076K(159232K), 0.0019680 secs] [Times: user=0.02 sys=0.00, real=0.00 secs] 
169.143: Total time for which application threads were stopped: 0.0021170 seconds, Stopping threads took: 0.0000690 seconds
169.352: Application time: 0.2088890 seconds
169.352: [GC [PSYoungGen: 118012K->6400K(114688K)] 144624K->33116K(155136K), 0.0020030 secs] [Times: user=0.01 sys=0.00, real=0.00 secs] 
169.354: Total time for which application threads were stopped: 0.0021690 seconds, Stopping threads took: 0.0000820 seconds
169.549: Application time: 0.1948760 seconds
169.549: [GC [PSYoungGen: 113483K->5376K(109568K)] 140199K->34140K(150016K), 0.0021360 secs] [Times: user=0.01 sys=0.00, real=0.01 secs] 
169.551: Total time for which application threads were stopped: 0.0022920 seconds, Stopping threads took: 0.0000730 seconds
169.746: Application time: 0.1950590 seconds
169.746: [GC [PSYoungGen: 109273K->5616K(105984K)] 138038K->34380K(146432K), 0.0017900 secs] [Times: user=0.01 sys=0.00, real=0.00 secs] 
169.748: Total time for which application threads were stopped: 0.0019570 seconds, Stopping threads took: 0.0000860 seconds
169.935: Application time: 0.1865270 seconds
169.935: [GC [PSYoungGen: 105968K->6400K(103424K)] 134732K->35445K(143872K), 0.0018290 secs] [Times: user=0.01 sys=0.00, real=0.00 secs] 
169.937: Total time for which application threads were stopped: 0.0019910 seconds, Stopping threads took: 0.0000790 seconds
170.118: Application time: 0.1816870 seconds
170.119: [GC [PSYoungGen: 102516K->6400K(99840K)] 131561K->35445K(140288K), 0.0021110 secs] [Times: user=0.01 sys=0.00, real=0.00 secs] 
170.121: Total time for which application threads were stopped: 0.0022620 seconds, Stopping threads took: 0.0000720 seconds
170.288: Application time: 0.1673500 seconds
170.288: [GC [PSYoungGen: 99177K->4448K(94720K)] 128222K->34517K(135168K), 0.0015700 secs] [Times: user=0.01 sys=0.00, real=0.00 secs] 
170.290: Total time for which application threads were stopped: 0.0017120 seconds, Stopping threads took: 0.0000600 seconds
170.458: Application time: 0.1683310 seconds
170.458: [GC [PSYoungGen: 94063K->7488K(111616K)] 124132K->37741K(152064K), 0.0021990 secs] [Times: user=0.02 sys=0.00, real=0.00 secs] 
170.461: Total time for which application threads were stopped: 0.0023690 seconds, Stopping threads took: 0.0000730 seconds
170.650: Application time: 0.1899800 seconds
170.651: [GC [PSYoungGen: 109827K->4352K(103936K)] 140081K->34713K(144384K), 0.0012460 secs] [Times: user=0.01 sys=0.01, real=0.01 secs] 
170.652: Total time for which application threads were stopped: 0.0014070 seconds, Stopping threads took: 0.0000870 seconds
170.833: Application time: 0.1809310 seconds
170.833: [GC [PSYoungGen: 103680K->6400K(102400K)] 134041K->36761K(142848K), 0.0019630 secs] [Times: user=0.01 sys=0.00, real=0.00 secs] 
170.835: Total time for which application threads were stopped: 0.0021160 seconds, Stopping threads took: 0.0000700 seconds
171.012: Application time: 0.1767880 seconds
171.012: [GC [PSYoungGen: 102089K->6592K(98816K)] 132450K->36953K(139264K), 0.0020520 secs] [Times: user=0.01 sys=0.00, real=0.00 secs] 
171.014: Total time for which application threads were stopped: 0.0022120 seconds, Stopping threads took: 0.0000640 seconds
171.184: Application time: 0.1695980 seconds
171.184: [GC [PSYoungGen: 98714K->5344K(94720K)] 129075K->35977K(135168K), 0.0019020 secs] [Times: user=0.01 sys=0.00, real=0.00 secs] 
171.186: Total time for which application threads were stopped: 0.0020470 seconds, Stopping threads took: 0.0000690 seconds
171.351: Application time: 0.1650770 seconds
171.351: [GC [PSYoungGen: 93736K->5376K(91648K)] 124370K->36009K(132096K), 0.0015640 secs] [Times: user=0.01 sys=0.00, real=0.01 secs] 
171.352: Total time for which application threads were stopped: 0.0017200 seconds, Stopping threads took: 0.0000770 seconds
171.508: Application time: 0.1558240 seconds
171.508: [GC [PSYoungGen: 90912K->7424K(101376K)] 121546K->38057K(141824K), 0.0021370 secs] [Times: user=0.02 sys=0.00, real=0.00 secs] 
171.511: Total time for which application threads were stopped: 0.0022890 seconds, Stopping threads took: 0.0000710 seconds
171.684: Application time: 0.1730710 seconds
171.684: [GC [PSYoungGen: 99869K->6608K(112128K)] 130503K->37241K(152576K), 0.0015520 secs] [Times: user=0.01 sys=0.00, real=0.00 secs] 
171.685: Total time for which application threads were stopped: 0.0017140 seconds, Stopping threads took: 0.0000770 seconds
171.879: Application time: 0.1940720 seconds
171.880: [GC [PSYoungGen: 109419K->4320K(104448K)] 140053K->35222K(144896K), 0.0014140 secs] [Times: user=0.00 sys=0.00, real=0.00 secs] 
171.881: Total time for which application threads were stopped: 0.0015770 seconds, Stopping threads took: 0.0000910 seconds
172.056: Application time: 0.1754790 seconds
172.057: [GC [PSYoungGen: 103950K->7424K(103936K)] 134852K->38326K(144384K), 0.0021330 secs] [Times: user=0.01 sys=0.00, real=0.00 secs] 
172.059: Total time for which application threads were stopped: 0.0022890 seconds, Stopping threads took: 0.0000770 seconds
172.243: Application time: 0.1838470 seconds
172.243: [GC [PSYoungGen: 102894K->6400K(99328K)] 133796K->37302K(139776K), 0.0020000 secs] [Times: user=0.01 sys=0.00, real=0.01 secs] 
172.245: Total time for which application threads were stopped: 0.0021740 seconds, Stopping threads took: 0.0000950 seconds
172.414: Application time: 0.1696780 seconds
172.415: [GC [PSYoungGen: 98310K->3504K(93184K)] 129212K->34406K(133632K), 0.0011520 secs] [Times: user=0.00 sys=0.00, real=0.00 secs] 
172.416: Total time for which application threads were stopped: 0.0012920 seconds, Stopping threads took: 0.0000640 seconds
172.581: Application time: 0.1650530 seconds
172.581: [GC [PSYoungGen: 92861K->6400K(93184K)] 123763K->37582K(133632K), 0.0020610 secs] [Times: user=0.02 sys=0.00, real=0.00 secs] 
172.583: Total time for which application threads were stopped: 0.0022010 seconds, Stopping threads took: 0.0000550 seconds
172.737: Application time: 0.1544760 seconds
172.738: [GC [PSYoungGen: 92514K->6400K(96256K)] 123697K->37582K(136704K), 0.0019300 secs] [Times: user=0.01 sys=0.00, real=0.00 secs] 
172.740: Total time for which application threads were stopped: 0.0020810 seconds, Stopping threads took: 0.0000680 seconds
172.908: Application time: 0.1685640 seconds
172.908: [GC [PSYoungGen: 93952K->6400K(96256K)] 125134K->37582K(136704K), 0.0018730 secs] [Times: user=0.01 sys=0.00, real=0.00 secs] 
172.910: Total time for which application threads were stopped: 0.0020270 seconds, Stopping threads took: 0.0000600 seconds
173.070: Application time: 0.1594710 seconds
173.070: [GC [PSYoungGen: 93869K->6592K(113664K)] 125052K->37774K(154112K), 0.0015870 secs] [Times: user=0.01 sys=0.00, real=0.01 secs] 
173.071: Total time for which application threads were stopped: 0.0017340 seconds, Stopping threads took: 0.0000670 seconds
173.265: Application time: 0.1934930 seconds
173.265: [GC [PSYoungGen: 111531K->6400K(108032K)] 142714K->37862K(148480K), 0.0015820 secs] [Times: user=0.01 sys=0.00, real=0.00 secs] 
173.267: Total time for which application threads were stopped: 0.0017300 seconds, Stopping threads took: 0.0000760 seconds
173.455: Application time: 0.1880470 seconds
173.455: [GC [PSYoungGen: 107077K->5376K(103424K)] 138540K->36838K(143872K), 0.0016760 secs] [Times: user=0.00 sys=0.01, real=0.00 secs] 
173.456: Total time for which application threads were stopped: 0.0018360 seconds, Stopping threads took: 0.0000730 seconds
173.638: Application time: 0.1812690 seconds
173.638: [GC [PSYoungGen: 103162K->5424K(99840K)] 134625K->36886K(140288K), 0.0017290 secs] [Times: user=0.01 sys=0.00, real=0.00 secs] 
173.640: Total time for which application threads were stopped: 0.0018820 seconds, Stopping threads took: 0.0000770 seconds
173.809: Application time: 0.1698190 seconds
173.810: [GC [PSYoungGen: 99632K->6560K(103936K)] 131094K->39122K(144384K), 0.0022840 secs] [Times: user=0.01 sys=0.00, real=0.01 secs] 
173.812: Total time for which application threads were stopped: 0.0024400 seconds, Stopping threads took: 0.0000680 seconds
173.994: Application time: 0.1824740 seconds
173.994: [GC [PSYoungGen: 102902K->5360K(99328K)] 135465K->38131K(139776K), 0.0018350 secs] [Times: user=0.01 sys=0.00, real=0.00 secs] 
173.996: Total time for which application threads were stopped: 0.0020160 seconds, Stopping threads took: 0.0000930 seconds
174.166: Application time: 0.1693870 seconds
174.166: [GC [PSYoungGen: 98465K->6368K(101888K)] 131236K->39139K(142336K), 0.0018980 secs] [Times: user=0.02 sys=0.00, real=0.00 secs] 
174.168: Total time for which application threads were stopped: 0.0020470 seconds, Stopping threads took: 0.0000680 seconds
174.345: Application time: 0.1774340 seconds
174.345: [GC [PSYoungGen: 100778K->6464K(102912K)] 133549K->39235K(143360K), 0.0018600 secs] [Times: user=0.01 sys=0.00, real=0.00 secs] 
174.347: Total time for which application threads were stopped: 0.0020180 seconds, Stopping threads took: 0.0000780 seconds
174.524: Application time: 0.1766390 seconds
174.524: [GC [PSYoungGen: 100603K->3344K(95232K)] 133374K->36267K(135680K), 0.0009270 secs] [Times: user=0.01 sys=0.00, real=0.00 secs] 
174.525: Total time for which application threads were stopped: 0.0010930 seconds, Stopping threads took: 0.0000850 seconds
174.688: Application time: 0.1633540 seconds
174.688: [GC [PSYoungGen: 94339K->6304K(95232K)] 127262K->39363K(135680K), 0.0017790 secs] [Times: user=0.01 sys=0.00, real=0.00 secs] 
174.690: Total time for which application threads were stopped: 0.0019160 seconds, Stopping threads took: 0.0000620 seconds
174.861: Application time: 0.1711460 seconds
174.862: [GC [PSYoungGen: 94761K->2272K(88064K)] 127821K->35331K(128512K), 0.0007090 secs] [Times: user=0.00 sys=0.00, real=0.00 secs] 
174.862: Total time for which application threads were stopped: 0.0008450 seconds, Stopping threads took: 0.0000700 seconds
175.011: Application time: 0.1485490 seconds
175.011: [GC [PSYoungGen: 87078K->6496K(89088K)] 120138K->39555K(129536K), 0.0020490 secs] [Times: user=0.01 sys=0.00, real=0.01 secs] 
175.013: Total time for which application threads were stopped: 0.0022050 seconds, Stopping threads took: 0.0000690 seconds
175.167: Application time: 0.1539200 seconds
175.167: [GC [PSYoungGen: 88928K->5456K(85504K)] 121987K->38667K(125952K), 0.0016810 secs] [Times: user=0.01 sys=0.00, real=0.00 secs] 
175.169: Total time for which application threads were stopped: 0.0018380 seconds, Stopping threads took: 0.0000670 seconds
175.315: Application time: 0.1461330 seconds
175.315: [GC [PSYoungGen: 84439K->6368K(102912K)] 117651K->39723K(143360K), 0.0018910 secs] [Times: user=0.01 sys=0.00, real=0.00 secs] 
175.317: Total time for which application threads were stopped: 0.0020540 seconds, Stopping threads took: 0.0000780 seconds
175.492: Application time: 0.1749570 seconds
175.492: [GC [PSYoungGen: 100354K->7424K(104448K)] 133709K->40779K(144896K), 0.0020810 secs] [Times: user=0.02 sys=0.00, real=0.00 secs] 
175.494: Total time for which application threads were stopped: 0.0022260 seconds, Stopping threads took: 0.0000570 seconds
175.674: Application time: 0.1802580 seconds
175.675: [GC [PSYoungGen: 102663K->3392K(95744K)] 136018K->36747K(136192K), 0.0011230 secs] [Times: user=0.00 sys=0.00, real=0.00 secs] 
175.676: Total time for which application threads were stopped: 0.0012760 seconds, Stopping threads took: 0.0000690 seconds
175.838: Application time: 0.1621120 seconds
175.838: [GC [PSYoungGen: 94733K->6512K(101376K)] 128088K->39983K(141824K), 0.0020330 secs] [Times: user=0.01 sys=0.00, real=0.00 secs] 
175.840: Total time for which application threads were stopped: 0.0021970 seconds, Stopping threads took: 0.0000800 seconds
176.017: Application time: 0.1771030 seconds
176.017: [GC [PSYoungGen: 98609K->5376K(94720K)] 132080K->39028K(135168K), 0.0018360 secs] [Times: user=0.01 sys=0.01, real=0.00 secs] 
176.019: Total time for which application threads were stopped: 0.0019890 seconds, Stopping threads took: 0.0000750 seconds
176.175: Application time: 0.1556660 seconds
176.179: [GC [PSYoungGen: 93707K->7424K(97280K)] 127359K->41076K(137728K), 0.0022280 secs] [Times: user=0.02 sys=0.00, real=0.00 secs] 
176.181: Total time for which application threads were stopped: 0.0066060 seconds, Stopping threads took: 0.0042830 seconds
176.353: Application time: 0.1720550 seconds
176.354: [GC [PSYoungGen: 95249K->3360K(89088K)] 128901K->37012K(129536K), 0.0011410 secs] [Times: user=0.00 sys=0.00, real=0.00 secs] 
176.355: Total time for which application threads were stopped: 0.0012810 seconds, Stopping threads took: 0.0000660 seconds
176.504: Application time: 0.1494810 seconds
176.504: [GC [PSYoungGen: 88321K->6544K(94720K)] 121973K->40308K(135168K), 0.0020020 secs] [Times: user=0.01 sys=0.00, real=0.00 secs] 
176.506: Total time for which application threads were stopped: 0.0021510 seconds, Stopping threads took: 0.0000650 seconds
176.664: Application time: 0.1580530 seconds
176.665: [GC [PSYoungGen: 91718K->5344K(94720K)] 125482K->39276K(135168K), 0.0016400 secs] [Times: user=0.00 sys=0.00, real=0.00 secs] 
176.666: Total time for which application threads were stopped: 0.0017780 seconds, Stopping threads took: 0.0000600 seconds
176.833: Application time: 0.1663640 seconds
176.833: [GC [PSYoungGen: 89945K->3344K(86016K)] 123878K->37276K(126464K), 0.0008490 secs] [Times: user=0.01 sys=0.00, real=0.00 secs] 
176.834: Total time for which application threads were stopped: 0.0009890 seconds, Stopping threads took: 0.0000600 seconds
176.977: Application time: 0.1436450 seconds
176.977: [GC [PSYoungGen: 85226K->6400K(106496K)] 119159K->40332K(146944K), 0.0018900 secs] [Times: user=0.01 sys=0.00, real=0.00 secs] 
176.979: Total time for which application threads were stopped: 0.0020350 seconds, Stopping threads took: 0.0000650 seconds
177.166: Application time: 0.1867070 seconds
177.166: [GC [PSYoungGen: 103197K->3520K(97792K)] 137129K->37452K(138240K), 0.0010130 secs] [Times: user=0.00 sys=0.01, real=0.00 secs] 
177.167: Total time for which application threads were stopped: 0.0011550 seconds, Stopping threads took: 0.0000740 seconds
177.332: Application time: 0.1648130 seconds
177.332: [GC [PSYoungGen: 96598K->7392K(98304K)] 130530K->41600K(138752K), 0.0022880 secs] [Times: user=0.01 sys=0.00, real=0.00 secs] 
177.334: Total time for which application threads were stopped: 0.0024230 seconds, Stopping threads took: 0.0000580 seconds
177.507: Application time: 0.1727110 seconds
177.507: [GC [PSYoungGen: 97105K->3344K(93184K)] 131314K->37552K(133632K), 0.0010420 secs] [Times: user=0.01 sys=0.00, real=0.00 secs] 
177.508: Total time for which application threads were stopped: 0.0011790 seconds, Stopping threads took: 0.0000560 seconds
177.663: Application time: 0.1544090 seconds
177.663: [GC [PSYoungGen: 90896K->7424K(92160K)] 125104K->41632K(132608K), 0.0020870 secs] [Times: user=0.02 sys=0.00, real=0.01 secs] 
177.665: Total time for which application threads were stopped: 0.0022450 seconds, Stopping threads took: 0.0000730 seconds
177.821: Application time: 0.1564450 seconds
177.821: [GC [PSYoungGen: 91574K->5600K(94208K)] 125783K->39808K(134656K), 0.0017130 secs] [Times: user=0.01 sys=0.00, real=0.01 secs] 
177.823: Total time for which application threads were stopped: 0.0018570 seconds, Stopping threads took: 0.0000590 seconds
177.985: Application time: 0.1618380 seconds
177.985: [GC [PSYoungGen: 90783K->5376K(95232K)] 124992K->39857K(135680K), 0.0016850 secs] [Times: user=0.02 sys=0.00, real=0.00 secs] 
177.987: Total time for which application threads were stopped: 0.0018320 seconds, Stopping threads took: 0.0000580 seconds
178.138: Application time: 0.1512470 seconds
178.138: [GC [PSYoungGen: 90590K->7424K(111104K)] 125071K->41905K(151552K), 0.0016880 secs] [Times: user=0.00 sys=0.01, real=0.00 secs] 
178.140: Total time for which application threads were stopped: 0.0018510 seconds, Stopping threads took: 0.0000670 seconds
178.332: Application time: 0.1915580 seconds
178.332: [GC [PSYoungGen: 109294K->6384K(104960K)] 143775K->40865K(145408K), 0.0016820 secs] [Times: user=0.01 sys=0.00, real=0.00 secs] 
178.333: Total time for which application threads were stopped: 0.0018370 seconds, Stopping threads took: 0.0000830 seconds
178.519: Application time: 0.1856570 seconds
178.519: [GC [PSYoungGen: 104350K->3504K(100352K)] 138831K->37985K(140800K), 0.0010690 secs] [Times: user=0.00 sys=0.00, real=0.00 secs] 
178.520: Total time for which application threads were stopped: 0.0012070 seconds, Stopping threads took: 0.0000700 seconds
178.688: Application time: 0.1677490 seconds
178.688: [GC [PSYoungGen: 97586K->5376K(97280K)] 132067K->40137K(137728K), 0.0016410 secs] [Times: user=0.01 sys=0.00, real=0.00 secs] 
178.690: Total time for which application threads were stopped: 0.0017900 seconds, Stopping threads took: 0.0000690 seconds
178.864: Application time: 0.1743090 seconds
178.864: [GC [PSYoungGen: 96269K->4352K(94720K)] 131030K->39113K(135168K), 0.0013560 secs] [Times: user=0.01 sys=0.00, real=0.00 secs] 
178.866: Total time for which application threads were stopped: 0.0015010 seconds, Stopping threads took: 0.0000690 seconds
179.024: Application time: 0.1582140 seconds
179.024: [GC [PSYoungGen: 91911K->6432K(92160K)] 126672K->41193K(132608K), 0.0018700 secs] [Times: user=0.01 sys=0.00, real=0.00 secs] 
179.026: Total time for which application threads were stopped: 0.0020120 seconds, Stopping threads took: 0.0000680 seconds
179.181: Application time: 0.1551020 seconds
179.181: [GC [PSYoungGen: 91574K->6576K(89088K)] 126336K->41377K(129536K), 0.0020540 secs] [Times: user=0.00 sys=0.01, real=0.01 secs] 
179.183: Total time for which application threads were stopped: 0.0022220 seconds, Stopping threads took: 0.0000870 seconds
179.342: Application time: 0.1586200 seconds
179.342: [GC [PSYoungGen: 88758K->3328K(83456K)] 123560K->38373K(123904K), 0.0011760 secs] [Times: user=0.01 sys=0.00, real=0.01 secs] 
179.343: Total time for which application threads were stopped: 0.0013270 seconds, Stopping threads took: 0.0000680 seconds
179.486: Application time: 0.1430040 seconds
179.486: [GC [PSYoungGen: 83094K->6416K(83968K)] 118140K->41461K(124416K), 0.0019500 secs] [Times: user=0.01 sys=0.00, real=0.00 secs] 
179.488: Total time for which application threads were stopped: 0.0020930 seconds, Stopping threads took: 0.0000630 seconds
179.625: Application time: 0.1370940 seconds
179.625: [GC [PSYoungGen: 82770K->7424K(86528K)] 117816K->42469K(126976K), 0.0022380 secs] [Times: user=0.01 sys=0.00, real=0.00 secs] 
179.628: Total time for which application threads were stopped: 0.0023840 seconds, Stopping threads took: 0.0000620 seconds
179.774: Application time: 0.1461620 seconds
179.774: [GC [PSYoungGen: 84661K->4464K(101888K)] 119707K->39509K(142336K), 0.0010540 secs] [Times: user=0.00 sys=0.01, real=0.00 secs] 
179.776: Total time for which application threads were stopped: 0.0016590 seconds, Stopping threads took: 0.0000640 seconds
179.950: Application time: 0.1746070 seconds
179.950: [GC [PSYoungGen: 97600K->4368K(94720K)] 132646K->39594K(135168K), 0.0012890 secs] [Times: user=0.00 sys=0.00, real=0.01 secs] 
179.952: Total time for which application threads were stopped: 0.0014530 seconds, Stopping threads took: 0.0000750 seconds
180.116: Application time: 0.1639690 seconds
180.116: [GC [PSYoungGen: 94178K->5376K(92672K)] 129404K->40710K(133120K), 0.0014530 secs] [Times: user=0.01 sys=0.00, real=0.00 secs] 
180.117: Total time for which application threads were stopped: 0.0015960 seconds, Stopping threads took: 0.0000580 seconds
180.280: Application time: 0.1630720 seconds
180.280: [GC [PSYoungGen: 92315K->4352K(88576K)] 127649K->39686K(129024K), 0.0014170 secs] [Times: user=0.01 sys=0.00, real=0.00 secs] 
180.282: Total time for which application threads were stopped: 0.0015550 seconds, Stopping threads took: 0.0000630 seconds
180.435: Application time: 0.1530930 seconds
180.435: [GC [PSYoungGen: 87481K->7520K(92160K)] 122815K->42854K(132608K), 0.0021950 secs] [Times: user=0.01 sys=0.01, real=0.00 secs] 
180.437: Total time for which application threads were stopped: 0.0023420 seconds, Stopping threads took: 0.0000610 seconds
180.588: Application time: 0.1512300 seconds
180.589: [GC [PSYoungGen: 90976K->6528K(92672K)] 126310K->42014K(133120K), 0.0020550 secs] [Times: user=0.02 sys=0.00, real=0.00 secs] 
180.591: Total time for which application threads were stopped: 0.0022110 seconds, Stopping threads took: 0.0000620 seconds
180.749: Application time: 0.1580260 seconds
180.749: [GC [PSYoungGen: 89984K->7424K(109056K)] 125470K->43058K(149504K), 0.0017270 secs] [Times: user=0.01 sys=0.00, real=0.00 secs] 
180.751: Total time for which application threads were stopped: 0.0018840 seconds, Stopping threads took: 0.0000710 seconds
180.932: Application time: 0.1818160 seconds
180.933: [GC [PSYoungGen: 106745K->7392K(109568K)] 142379K->43026K(150016K), 0.0018250 secs] [Times: user=0.01 sys=0.00, real=0.00 secs] 
180.934: Total time for which application threads were stopped: 0.0020240 seconds, Stopping threads took: 0.0001160 seconds
181.116: Application time: 0.1820680 seconds
181.117: [GC [PSYoungGen: 107079K->7520K(128512K)] 142714K->43154K(168960K), 0.0018130 secs] [Times: user=0.02 sys=0.00, real=0.00 secs] 
181.118: Total time for which application threads were stopped: 0.0019710 seconds, Stopping threads took: 0.0000720 seconds
181.338: Application time: 0.2195980 seconds
181.338: [GC [PSYoungGen: 126304K->7520K(129024K)] 161938K->43298K(169472K), 0.0019340 secs] [Times: user=0.00 sys=0.01, real=0.00 secs] 
181.340: Total time for which application threads were stopped: 0.0022240 seconds, Stopping threads took: 0.0002050 seconds
181.563: Application time: 0.2231030 seconds
181.563: [GC [PSYoungGen: 125911K->6400K(120832K)] 161689K->42318K(161280K), 0.0015680 secs] [Times: user=0.01 sys=0.00, real=0.00 secs] 
181.565: Total time for which application threads were stopped: 0.0017060 seconds, Stopping threads took: 0.0000610 seconds
181.776: Application time: 0.2111610 seconds
181.776: [GC [PSYoungGen: 119856K->3424K(113664K)] 155775K->39342K(154112K), 0.0010780 secs] [Times: user=0.01 sys=0.00, real=0.00 secs] 
181.777: Total time for which application threads were stopped: 0.0012380 seconds, Stopping threads took: 0.0000750 seconds
181.980: Application time: 0.2028170 seconds
181.980: [GC [PSYoungGen: 113389K->3360K(109568K)] 149307K->39414K(150016K), 0.0011100 secs] [Times: user=0.00 sys=0.00, real=0.00 secs] 
181.982: Total time for which application threads were stopped: 0.0012640 seconds, Stopping threads took: 0.0000800 seconds
182.177: Application time: 0.1958290 seconds
182.178: [GC [PSYoungGen: 108866K->3328K(105984K)] 144920K->39539K(146432K), 0.0010470 secs] [Times: user=0.01 sys=0.00, real=0.00 secs] 
182.179: Total time for which application threads were stopped: 0.0011770 seconds, Stopping threads took: 0.0000590 seconds
182.362: Application time: 0.1831510 seconds
182.362: [GC [PSYoungGen: 104933K->6400K(105472K)] 141144K->42611K(145920K), 0.0017960 secs] [Times: user=0.01 sys=0.00, real=0.01 secs] 
182.364: Total time for which application threads were stopped: 0.0020010 seconds, Stopping threads took: 0.0001190 seconds
182.553: Application time: 0.1894760 seconds
182.553: [GC [PSYoungGen: 104759K->3536K(98816K)] 140970K->39747K(139264K), 0.0014000 secs] [Times: user=0.01 sys=0.00, real=0.00 secs] 
182.555: Total time for which application threads were stopped: 0.0015380 seconds, Stopping threads took: 0.0000570 seconds
182.730: Application time: 0.1754800 seconds
182.730: [GC [PSYoungGen: 98013K->3328K(95744K)] 134224K->39811K(136192K), 0.0012350 secs] [Times: user=0.01 sys=0.00, real=0.01 secs] 
182.732: Total time for which application threads were stopped: 0.0013900 seconds, Stopping threads took: 0.0000760 seconds
182.899: Application time: 0.1672550 seconds
182.899: [GC [PSYoungGen: 94839K->5328K(94720K)] 131322K->41811K(135168K), 0.0017550 secs] [Times: user=0.00 sys=0.01, real=0.00 secs] 
182.901: Total time for which application threads were stopped: 0.0019090 seconds, Stopping threads took: 0.0000620 seconds
183.068: Application time: 0.1674860 seconds
183.068: [GC [PSYoungGen: 94405K->4352K(90624K)] 130888K->40835K(131072K), 0.0013810 secs] [Times: user=0.01 sys=0.00, real=0.00 secs] 
183.070: Total time for which application threads were stopped: 0.0015280 seconds, Stopping threads took: 0.0000700 seconds
183.227: Application time: 0.1574760 seconds
183.227: [GC [PSYoungGen: 89921K->4608K(88064K)] 126404K->41091K(128512K), 0.0014120 secs] [Times: user=0.01 sys=0.00, real=0.00 secs] 
183.229: Total time for which application threads were stopped: 0.0015440 seconds, Stopping threads took: 0.0000650 seconds
183.377: Application time: 0.1485120 seconds
183.377: [GC [PSYoungGen: 86797K->5376K(86016K)] 123280K->42131K(126464K), 0.0017030 secs] [Times: user=0.00 sys=0.00, real=0.00 secs] 
183.379: Total time for which application threads were stopped: 0.0018400 seconds, Stopping threads took: 0.0000630 seconds
183.522: Application time: 0.1425600 seconds
183.522: [GC [PSYoungGen: 84947K->7424K(85504K)] 121703K->44179K(125952K), 0.0024180 secs] [Times: user=0.02 sys=0.00, real=0.01 secs] 
183.524: Total time for which application threads were stopped: 0.0025690 seconds, Stopping threads took: 0.0000630 seconds
183.671: Application time: 0.1470190 seconds
183.671: [GC [PSYoungGen: 84253K->3344K(78848K)] 121009K->40099K(119296K), 0.0010250 secs] [Times: user=0.01 sys=0.00, real=0.00 secs] 
183.673: Total time for which application threads were stopped: 0.0011820 seconds, Stopping threads took: 0.0000900 seconds
183.813: Application time: 0.1406380 seconds
183.813: [GC [PSYoungGen: 78608K->5488K(78336K)] 115363K->42243K(118784K), 0.0017660 secs] [Times: user=0.01 sys=0.00, real=0.00 secs] 
183.815: Total time for which application threads were stopped: 0.0019120 seconds, Stopping threads took: 0.0000600 seconds
183.950: Application time: 0.1349830 seconds
183.950: [GC [PSYoungGen: 78192K->5472K(95232K)] 114947K->42371K(135680K), 0.0017160 secs] [Times: user=0.01 sys=0.00, real=0.01 secs] 
183.952: Total time for which application threads were stopped: 0.0018610 seconds, Stopping threads took: 0.0000580 seconds
184.109: Application time: 0.1574440 seconds
184.110: [GC [PSYoungGen: 91129K->4352K(88064K)] 128028K->41404K(128512K), 0.0014690 secs] [Times: user=0.01 sys=0.00, real=0.00 secs] 
184.111: Total time for which application threads were stopped: 0.0016300 seconds, Stopping threads took: 0.0000750 seconds
184.261: Application time: 0.1498990 seconds
184.261: [GC [PSYoungGen: 87595K->7424K(91648K)] 124647K->44476K(132096K), 0.0021450 secs] [Times: user=0.01 sys=0.00, real=0.01 secs] 
184.263: Total time for which application threads were stopped: 0.0023010 seconds, Stopping threads took: 0.0000670 seconds
184.421: Application time: 0.1579130 seconds
184.421: [GC [PSYoungGen: 89923K->4352K(92160K)] 126974K->41404K(132608K), 0.0011830 secs] [Times: user=0.00 sys=0.00, real=0.00 secs] 
184.422: Total time for which application threads were stopped: 0.0013270 seconds, Stopping threads took: 0.0000660 seconds
184.571: Application time: 0.1484600 seconds
184.571: [GC [PSYoungGen: 87296K->6624K(107520K)] 124348K->43676K(147968K), 0.0015440 secs] [Times: user=0.01 sys=0.00, real=0.00 secs] 
184.573: Total time for which application threads were stopped: 0.0017020 seconds, Stopping threads took: 0.0000720 seconds
184.758: Application time: 0.1858600 seconds
184.759: [GC [PSYoungGen: 104971K->4352K(99840K)] 142023K->41680K(140288K), 0.0012690 secs] [Times: user=0.00 sys=0.00, real=0.00 secs] 
184.760: Total time for which application threads were stopped: 0.0014100 seconds, Stopping threads took: 0.0000590 seconds
184.932: Application time: 0.1725370 seconds
184.933: [GC [PSYoungGen: 99137K->5344K(97792K)] 136465K->42672K(138240K), 0.0015850 secs] [Times: user=0.01 sys=0.00, real=0.00 secs] 
184.934: Total time for which application threads were stopped: 0.0017370 seconds, Stopping threads took: 0.0000740 seconds
185.104: Application time: 0.1700870 seconds
185.104: [GC [PSYoungGen: 96655K->6400K(95744K)] 133983K->43728K(136192K), 0.0020570 secs] [Times: user=0.01 sys=0.00, real=0.00 secs] 
185.106: Total time for which application threads were stopped: 0.0022320 seconds, Stopping threads took: 0.0000910 seconds
185.272: Application time: 0.1651210 seconds
185.272: [GC [PSYoungGen: 95343K->4512K(90624K)] 132671K->41840K(131072K), 0.0014420 secs] [Times: user=0.01 sys=0.00, real=0.00 secs] 
185.273: Total time for which application threads were stopped: 0.0015940 seconds, Stopping threads took: 0.0000680 seconds
185.432: Application time: 0.1582910 seconds
185.432: [GC [PSYoungGen: 89852K->3328K(86528K)] 127180K->40928K(126976K), 0.0011640 secs] [Times: user=0.01 sys=0.00, real=0.00 secs] 
185.433: Total time for which application threads were stopped: 0.0013070 seconds, Stopping threads took: 0.0000690 seconds
185.586: Application time: 0.1529110 seconds
185.586: [GC [PSYoungGen: 85832K->5376K(86016K)] 123433K->42976K(126464K), 0.0018400 secs] [Times: user=0.01 sys=0.00, real=0.00 secs] 
185.588: Total time for which application threads were stopped: 0.0019780 seconds, Stopping threads took: 0.0000560 seconds
185.735: Application time: 0.1477290 seconds
185.736: [GC [PSYoungGen: 85468K->5376K(83456K)] 123069K->42976K(123904K), 0.0016250 secs] [Times: user=0.01 sys=0.00, real=0.00 secs] 
185.737: Total time for which application threads were stopped: 0.0017780 seconds, Stopping threads took: 0.0000750 seconds
185.879: Application time: 0.1422580 seconds
185.880: [GC [PSYoungGen: 82765K->5568K(80896K)] 120366K->43168K(121344K), 0.0016870 secs] [Times: user=0.01 sys=0.00, real=0.00 secs] 
185.881: Total time for which application threads were stopped: 0.0018550 seconds, Stopping threads took: 0.0000780 seconds
186.020: Application time: 0.1384590 seconds
186.020: [GC [PSYoungGen: 80261K->5408K(83968K)] 117861K->43208K(124416K), 0.0017590 secs] [Times: user=0.01 sys=0.00, real=0.00 secs] 
186.022: Total time for which application threads were stopped: 0.0019080 seconds, Stopping threads took: 0.0000630 seconds
186.157: Application time: 0.1349130 seconds
186.157: [GC [PSYoungGen: 80710K->7392K(97792K)] 118511K->45269K(138240K), 0.0018760 secs] [Times: user=0.01 sys=0.00, real=0.00 secs] 
186.159: Total time for which application threads were stopped: 0.0020300 seconds, Stopping threads took: 0.0000630 seconds
186.328: Application time: 0.1689960 seconds
186.328: [GC [PSYoungGen: 96679K->6368K(98304K)] 134556K->44245K(138752K), 0.0017000 secs] [Times: user=0.01 sys=0.00, real=0.00 secs] 
186.330: Total time for which application threads were stopped: 0.0018500 seconds, Stopping threads took: 0.0000670 seconds
186.494: Application time: 0.1640720 seconds
186.494: [GC [PSYoungGen: 95673K->6368K(116736K)] 133550K->44245K(157184K), 0.0015030 secs] [Times: user=0.01 sys=0.01, real=0.00 secs] 
186.495: Total time for which application threads were stopped: 0.0017470 seconds, Stopping threads took: 0.0001560 seconds
186.696: Application time: 0.2011610 seconds
186.697: [GC [PSYoungGen: 114224K->5520K(109568K)] 152101K->43465K(150016K), 0.0015820 secs] [Times: user=0.01 sys=0.00, real=0.00 secs] 
186.698: Total time for which application threads were stopped: 0.0017290 seconds, Stopping threads took: 0.0000700 seconds
186.889: Application time: 0.1906340 seconds
186.889: [GC [PSYoungGen: 109065K->6400K(107008K)] 147010K->44565K(147456K), 0.0017520 secs] [Times: user=0.01 sys=0.00, real=0.00 secs] 
186.891: Total time for which application threads were stopped: 0.0019190 seconds, Stopping threads took: 0.0000840 seconds
187.077: Application time: 0.1857610 seconds
187.077: [GC [PSYoungGen: 105819K->5376K(102400K)] 143984K->43541K(142848K), 0.0018140 secs] [Times: user=0.01 sys=0.00, real=0.00 secs] 
187.079: Total time for which application threads were stopped: 0.0019690 seconds, Stopping threads took: 0.0000720 seconds
187.259: Application time: 0.1804280 seconds
187.259: [GC [PSYoungGen: 101250K->3504K(96768K)] 139415K->41669K(137216K), 0.0011750 secs] [Times: user=0.01 sys=0.00, real=0.00 secs] 
187.260: Total time for which application threads were stopped: 0.0013120 seconds, Stopping threads took: 0.0000630 seconds
187.426: Application time: 0.1661560 seconds
187.427: [GC [PSYoungGen: 96688K->5376K(95744K)] 134853K->43821K(136192K), 0.0018290 secs] [Times: user=0.01 sys=0.00, real=0.00 secs] 
187.428: Total time for which application threads were stopped: 0.0019740 seconds, Stopping threads took: 0.0000660 seconds
187.600: Application time: 0.1719020 seconds
187.600: [GC [PSYoungGen: 95064K->4320K(91648K)] 133510K->42765K(132096K), 0.0013650 secs] [Times: user=0.01 sys=0.00, real=0.00 secs] 
187.602: Total time for which application threads were stopped: 0.0015120 seconds, Stopping threads took: 0.0000630 seconds
187.756: Application time: 0.1538330 seconds
187.756: [GC [PSYoungGen: 90610K->6368K(90624K)] 129056K->44813K(131072K), 0.0020460 secs] [Times: user=0.01 sys=0.00, real=0.00 secs] 
187.758: Total time for which application threads were stopped: 0.0021970 seconds, Stopping threads took: 0.0000680 seconds
187.912: Application time: 0.1544570 seconds
187.912: [GC [PSYoungGen: 90336K->5568K(94720K)] 128781K->45037K(135168K), 0.0019730 secs] [Times: user=0.01 sys=0.00, real=0.00 secs] 
187.914: Total time for which application threads were stopped: 0.0021290 seconds, Stopping threads took: 0.0000680 seconds
188.081: Application time: 0.1665470 seconds
188.081: [GC [PSYoungGen: 94230K->6432K(97280K)] 133699K->46118K(137728K), 0.0019920 secs] [Times: user=0.01 sys=0.00, real=0.01 secs] 
188.083: Total time for which application threads were stopped: 0.0021520 seconds, Stopping threads took: 0.0000770 seconds
188.247: Application time: 0.1643380 seconds
188.248: [GC [PSYoungGen: 95228K->5376K(91648K)] 134913K->45142K(132096K), 0.0012750 secs] [Times: user=0.01 sys=0.00, real=0.00 secs] 
188.249: Total time for which application threads were stopped: 0.0014200 seconds, Stopping threads took: 0.0000620 seconds
188.411: Application time: 0.1617710 seconds
188.411: [GC [PSYoungGen: 90467K->4352K(87552K)] 130233K->44118K(128000K), 0.0012120 secs] [Times: user=0.00 sys=0.00, real=0.01 secs] 
188.412: Total time for which application threads were stopped: 0.0013640 seconds, Stopping threads took: 0.0000730 seconds
188.556: Application time: 0.1443410 seconds
188.556: [GC [PSYoungGen: 86785K->5488K(86016K)] 126551K->46278K(128000K), 0.0016360 secs] [Times: user=0.01 sys=0.00, real=0.00 secs] 
188.558: Total time for which application threads were stopped: 0.0017860 seconds, Stopping threads took: 0.0000680 seconds
188.709: Application time: 0.1507010 seconds
188.709: [GC [PSYoungGen: 85711K->6464K(84480K)] 126501K->47438K(126464K), 0.0019130 secs] [Times: user=0.01 sys=0.00, real=0.00 secs] 
188.711: Total time for which application threads were stopped: 0.0020480 seconds, Stopping threads took: 0.0000610 seconds
188.856: Application time: 0.1447270 seconds
188.856: [GC [PSYoungGen: 83306K->3328K(97280K)] 124280K->47482K(143872K), 0.0016660 secs] [Times: user=0.01 sys=0.00, real=0.00 secs] 
188.857: Total time for which application threads were stopped: 0.0018180 seconds, Stopping threads took: 0.0000630 seconds
189.030: Application time: 0.1727890 seconds
189.030: [GC [PSYoungGen: 96072K->5392K(96256K)] 140226K->49546K(142848K), 0.0017050 secs] [Times: user=0.02 sys=0.00, real=0.01 secs] 
189.032: Total time for which application threads were stopped: 0.0018590 seconds, Stopping threads took: 0.0000730 seconds
189.197: Application time: 0.1652380 seconds
189.197: [GC [PSYoungGen: 95296K->5376K(93184K)] 139450K->49530K(139776K), 0.0016670 secs] [Times: user=0.00 sys=0.00, real=0.00 secs] 
189.199: Total time for which application threads were stopped: 0.0018190 seconds, Stopping threads took: 0.0000680 seconds
189.363: Application time: 0.1636840 seconds
189.363: [GC [PSYoungGen: 92283K->5552K(90112K)] 136437K->49746K(136704K), 0.0019280 secs] [Times: user=0.00 sys=0.01, real=0.01 secs] 
189.365: Total time for which application threads were stopped: 0.0021090 seconds, Stopping threads took: 0.0000860 seconds
189.517: Application time: 0.1516180 seconds
189.519: [GC [PSYoungGen: 89808K->4352K(92160K)] 134002K->51866K(140288K), 0.0021190 secs] [Times: user=0.02 sys=0.00, real=0.00 secs] 
189.521: [Full GC [PSYoungGen: 4352K->0K(92160K)] [ParOldGen: 47514K->10773K(46080K)] 51866K->10773K(138240K) [PSPermGen: 5528K->5528K(21504K)], 0.0075480 secs] [Times: user=0.04 sys=0.00, real=0.01 secs] 
189.529: Total time for which application threads were stopped: 0.0123030 seconds, Stopping threads took: 0.0025030 seconds
189.700: Application time: 0.1714780 seconds
189.700: [GC [PSYoungGen: 86977K->4352K(89088K)] 97751K->15125K(135168K), 0.0012710 secs] [Times: user=0.01 sys=0.00, real=0.00 secs] 
189.702: Total time for which application threads were stopped: 0.0014000 seconds, Stopping threads took: 0.0000550 seconds
189.854: Application time: 0.1526920 seconds
189.855: [GC [PSYoungGen: 87922K->5376K(87552K)] 98695K->16157K(133632K), 0.0016410 secs] [Times: user=0.01 sys=0.00, real=0.00 secs] 
189.856: Total time for which application threads were stopped: 0.0018300 seconds, Stopping threads took: 0.0001070 seconds
190.005: Application time: 0.1484450 seconds
190.005: [GC [PSYoungGen: 86963K->6592K(90624K)] 97745K->17373K(136704K), 0.0019150 secs] [Times: user=0.01 sys=0.00, real=0.00 secs] 
190.007: Total time for which application threads were stopped: 0.0020580 seconds, Stopping threads took: 0.0000540 seconds
190.161: Application time: 0.1540360 seconds
190.161: [GC [PSYoungGen: 89118K->6432K(105984K)] 99900K->17465K(152064K), 0.0016250 secs] [Times: user=0.02 sys=0.00, real=0.00 secs] 
190.163: Total time for which application threads were stopped: 0.0017700 seconds, Stopping threads took: 0.0000670 seconds
190.343: Application time: 0.1805930 seconds
190.343: [GC [PSYoungGen: 104518K->5376K(100352K)] 115552K->16457K(146432K), 0.0012920 secs] [Times: user=0.01 sys=0.00, real=0.00 secs] 
190.345: Total time for which application threads were stopped: 0.0014220 seconds, Stopping threads took: 0.0000540 seconds
190.520: Application time: 0.1758650 seconds
190.521: [GC [PSYoungGen: 99398K->5376K(97280K)] 110480K->17481K(143360K), 0.0017290 secs] [Times: user=0.02 sys=0.00, real=0.00 secs] 
190.522: Total time for which application threads were stopped: 0.0018860 seconds, Stopping threads took: 0.0000660 seconds
190.690: Application time: 0.1678570 seconds
190.690: [GC [PSYoungGen: 96180K->4544K(93184K)] 108286K->16650K(139264K), 0.0014030 secs] [Times: user=0.01 sys=0.00, real=0.01 secs] 
190.692: Total time for which application threads were stopped: 0.0015550 seconds, Stopping threads took: 0.0000780 seconds
190.857: Application time: 0.1652540 seconds
190.857: [GC [PSYoungGen: 92839K->5376K(91136K)] 104945K->18778K(137216K), 0.0019040 secs] [Times: user=0.01 sys=0.00, real=0.00 secs] 
190.859: Total time for which application threads were stopped: 0.0020520 seconds, Stopping threads took: 0.0000660 seconds
191.012: Application time: 0.1531980 seconds
191.012: [GC [PSYoungGen: 90749K->6368K(97280K)] 104152K->20794K(143360K), 0.0021480 secs] [Times: user=0.01 sys=0.00, real=0.00 secs] 
191.015: Total time for which application threads were stopped: 0.0022990 seconds, Stopping threads took: 0.0000650 seconds
191.182: Application time: 0.1677810 seconds
191.183: [GC [PSYoungGen: 95528K->4368K(91648K)] 109955K->18794K(137728K), 0.0010110 secs] [Times: user=0.00 sys=0.01, real=0.01 secs] 
191.184: Total time for which application threads were stopped: 0.0011860 seconds, Stopping threads took: 0.0000840 seconds
191.341: Application time: 0.1570870 seconds
191.341: [GC [PSYoungGen: 90854K->5520K(89600K)] 105280K->19946K(135680K), 0.0017400 secs] [Times: user=0.01 sys=0.00, real=0.00 secs] 
191.343: Total time for which application threads were stopped: 0.0018870 seconds, Stopping threads took: 0.0000640 seconds
191.497: Application time: 0.1547860 seconds
191.497: [GC [PSYoungGen: 88900K->5344K(87040K)] 103326K->20010K(133120K), 0.0012660 secs] [Times: user=0.01 sys=0.00, real=0.00 secs] 
191.499: Total time for which application threads were stopped: 0.0013990 seconds, Stopping threads took: 0.0000610 seconds
191.650: Application time: 0.1512250 seconds
191.650: [GC [PSYoungGen: 86752K->6400K(85504K)] 101418K->21106K(131584K), 0.0020780 secs] [Times: user=0.01 sys=0.00, real=0.01 secs] 
191.652: Total time for which application threads were stopped: 0.0022440 seconds, Stopping threads took: 0.0000790 seconds
191.798: Application time: 0.1456660 seconds
191.798: [GC [PSYoungGen: 84477K->2304K(97280K)] 99184K->20082K(143360K), 0.0015210 secs] [Times: user=0.01 sys=0.00, real=0.00 secs] 
191.800: Total time for which application threads were stopped: 0.0016820 seconds, Stopping threads took: 0.0000770 seconds
191.970: Application time: 0.1708430 seconds
191.971: [GC [PSYoungGen: 96158K->5488K(102400K)] 113937K->23266K(148480K), 0.0017570 secs] [Times: user=0.01 sys=0.00, real=0.01 secs] 
191.972: Total time for which application threads were stopped: 0.0018920 seconds, Stopping threads took: 0.0000570 seconds
192.145: Application time: 0.1728840 seconds
192.145: [GC [PSYoungGen: 99557K->6432K(98304K)] 117336K->24427K(144384K), 0.0015720 secs] [Times: user=0.01 sys=0.00, real=0.00 secs] 
192.147: Total time for which application threads were stopped: 0.0017220 seconds, Stopping threads took: 0.0000710 seconds
192.320: Application time: 0.1735250 seconds
192.321: [GC [PSYoungGen: 97872K->5376K(94208K)] 115866K->23443K(140288K), 0.0014140 secs] [Times: user=0.01 sys=0.00, real=0.00 secs] 
192.322: Total time for which application threads were stopped: 0.0016050 seconds, Stopping threads took: 0.0001050 seconds
192.482: Application time: 0.1597300 seconds
192.482: [GC [PSYoungGen: 93353K->3328K(89088K)] 111420K->24467K(135168K), 0.0017350 secs] [Times: user=0.01 sys=0.00, real=0.01 secs] 
192.484: Total time for which application threads were stopped: 0.0019120 seconds, Stopping threads took: 0.0000960 seconds
192.638: Application time: 0.1540910 seconds
192.638: [GC [PSYoungGen: 88179K->7568K(110592K)] 109318K->28707K(156672K), 0.0019340 secs] [Times: user=0.01 sys=0.01, real=0.00 secs] 
192.640: Total time for which application threads were stopped: 0.0020900 seconds, Stopping threads took: 0.0000720 seconds
192.830: Application time: 0.1902550 seconds
192.830: [GC [PSYoungGen: 109662K->5408K(104960K)] 130801K->26727K(151040K), 0.0015630 secs] [Times: user=0.00 sys=0.01, real=0.01 secs] 
192.832: Total time for which application threads were stopped: 0.0017200 seconds, Stopping threads took: 0.0000720 seconds
193.016: Application time: 0.1839680 seconds
193.016: [GC [PSYoungGen: 103747K->6400K(102400K)] 125066K->27831K(148480K), 0.0020910 secs] [Times: user=0.02 sys=0.00, real=0.00 secs] 
193.018: Total time for which application threads were stopped: 0.0022660 seconds, Stopping threads took: 0.0000890 seconds
193.194: Application time: 0.1759050 seconds
193.194: [GC [PSYoungGen: 101914K->4288K(97280K)] 123346K->27767K(143360K), 0.0018250 secs] [Times: user=0.01 sys=0.00, real=0.00 secs] 
193.196: Total time for which application threads were stopped: 0.0019720 seconds, Stopping threads took: 0.0000610 seconds
193.366: Application time: 0.1701340 seconds
193.366: [GC [PSYoungGen: 96527K->5568K(95232K)] 120006K->29047K(141312K), 0.0017440 secs] [Times: user=0.01 sys=0.00, real=0.00 secs] 
193.368: Total time for which application threads were stopped: 0.0019210 seconds, Stopping threads took: 0.0000860 seconds
193.531: Application time: 0.1630930 seconds
193.531: [GC [PSYoungGen: 94577K->6400K(102400K)] 118056K->30131K(148480K), 0.0019130 secs] [Times: user=0.02 sys=0.00, real=0.00 secs] 
193.533: Total time for which application threads were stopped: 0.0021010 seconds, Stopping threads took: 0.0000990 seconds
193.712: Application time: 0.1786970 seconds
193.712: [GC [PSYoungGen: 101445K->6368K(103936K)] 125177K->30139K(150016K), 0.0017660 secs] [Times: user=0.01 sys=0.00, real=0.00 secs] 
193.714: Total time for which application threads were stopped: 0.0019270 seconds, Stopping threads took: 0.0000850 seconds
193.895: Application time: 0.1806950 seconds
193.895: [GC [PSYoungGen: 101339K->4368K(97280K)] 125111K->28139K(143360K), 0.0010230 secs] [Times: user=0.00 sys=0.01, real=0.00 secs] 
193.896: Total time for which application threads were stopped: 0.0011670 seconds, Stopping threads took: 0.0000650 seconds
194.057: Application time: 0.1611190 seconds
194.057: [GC [PSYoungGen: 96020K->6560K(96256K)] 119792K->30331K(142336K), 0.0016870 secs] [Times: user=0.01 sys=0.00, real=0.00 secs] 
194.059: Total time for which application threads were stopped: 0.0018560 seconds, Stopping threads took: 0.0000850 seconds
194.232: Application time: 0.1732260 seconds
194.232: [GC [PSYoungGen: 96160K->4352K(91136K)] 119931K->28360K(137216K), 0.0010900 secs] [Times: user=0.00 sys=0.00, real=0.00 secs] 
194.233: Total time for which application threads were stopped: 0.0012250 seconds, Stopping threads took: 0.0000680 seconds
194.387: Application time: 0.1536520 seconds
194.387: [GC [PSYoungGen: 89893K->6400K(90112K)] 113901K->30448K(136192K), 0.0018890 secs] [Times: user=0.01 sys=0.01, real=0.00 secs] 
194.389: Total time for which application threads were stopped: 0.0020240 seconds, Stopping threads took: 0.0000560 seconds
194.541: Application time: 0.1524190 seconds
194.541: [GC [PSYoungGen: 89827K->5376K(86528K)] 113875K->30448K(132608K), 0.0018870 secs] [Times: user=0.01 sys=0.00, real=0.01 secs] 
194.543: Total time for which application threads were stopped: 0.0020600 seconds, Stopping threads took: 0.0000760 seconds
194.690: Application time: 0.1469580 seconds
194.690: [GC [PSYoungGen: 85614K->7584K(104960K)] 110686K->32656K(151040K), 0.0023000 secs] [Times: user=0.01 sys=0.00, real=0.01 secs] 
194.693: Total time for which application threads were stopped: 0.0024580 seconds, Stopping threads took: 0.0000730 seconds
194.877: Application time: 0.1840020 seconds
194.877: [GC [PSYoungGen: 104438K->4368K(98304K)] 129510K->29652K(144384K), 0.0013330 secs] [Times: user=0.01 sys=0.00, real=0.00 secs] 
194.878: Total time for which application threads were stopped: 0.0015060 seconds, Stopping threads took: 0.0000990 seconds
195.051: Application time: 0.1730900 seconds
195.051: [GC [PSYoungGen: 97660K->4320K(95232K)] 122945K->29684K(141312K), 0.0014810 secs] [Times: user=0.00 sys=0.00, real=0.00 secs] 
195.053: Total time for which application threads were stopped: 0.0017820 seconds, Stopping threads took: 0.0000700 seconds
195.216: Application time: 0.1632930 seconds
195.217: [GC [PSYoungGen: 94696K->6400K(101376K)] 120060K->31764K(147456K), 0.0019980 secs] [Times: user=0.01 sys=0.00, real=0.00 secs] 
195.219: Total time for which application threads were stopped: 0.0021440 seconds, Stopping threads took: 0.0000630 seconds
195.392: Application time: 0.1737110 seconds
195.392: [GC [PSYoungGen: 98481K->4512K(94208K)] 123846K->29876K(140288K), 0.0015840 secs] [Times: user=0.01 sys=0.00, real=0.00 secs] 
195.394: Total time for which application threads were stopped: 0.0017250 seconds, Stopping threads took: 0.0000600 seconds
195.555: Application time: 0.1605960 seconds
195.555: [GC [PSYoungGen: 93724K->6432K(98304K)] 119089K->32048K(144384K), 0.0020380 secs] [Times: user=0.02 sys=0.00, real=0.00 secs] 
195.557: Total time for which application threads were stopped: 0.0022250 seconds, Stopping threads took: 0.0000910 seconds
195.729: Application time: 0.1719610 seconds
195.729: [GC [PSYoungGen: 95663K->3328K(90112K)] 121279K->29000K(136192K), 0.0011490 secs] [Times: user=0.00 sys=0.00, real=0.00 secs] 
195.730: Total time for which application threads were stopped: 0.0013100 seconds, Stopping threads took: 0.0000760 seconds
195.889: Application time: 0.1585920 seconds
195.889: [GC [PSYoungGen: 89185K->4320K(89088K)] 114858K->29992K(135168K), 0.0013780 secs] [Times: user=0.01 sys=0.00, real=0.00 secs] 
195.890: Total time for which application threads were stopped: 0.0015410 seconds, Stopping threads took: 0.0000880 seconds
196.037: Application time: 0.1469720 seconds
196.037: [GC [PSYoungGen: 86882K->6512K(87552K)] 112554K->32184K(133632K), 0.0020420 secs] [Times: user=0.01 sys=0.00, real=0.00 secs] 
196.039: Total time for which application threads were stopped: 0.0021930 seconds, Stopping threads took: 0.0000700 seconds
196.191: Application time: 0.1520170 seconds
196.192: [GC [PSYoungGen: 86756K->5376K(89600K)] 112429K->31257K(135680K), 0.0017300 secs] [Times: user=0.01 sys=0.00, real=0.00 secs] 
196.193: Total time for which application threads were stopped: 0.0018850 seconds, Stopping threads took: 0.0000650 seconds
196.342: Application time: 0.1483560 seconds
196.342: [GC [PSYoungGen: 85833K->5392K(90112K)] 111714K->31353K(136192K), 0.0015640 secs] [Times: user=0.01 sys=0.00, real=0.01 secs] 
196.343: Total time for which application threads were stopped: 0.0017170 seconds, Stopping threads took: 0.0000750 seconds
196.496: Application time: 0.1529650 seconds
196.496: [GC [PSYoungGen: 86751K->5376K(84480K)] 112712K->31337K(130560K), 0.0011480 secs] [Times: user=0.01 sys=0.00, real=0.00 secs] 
196.498: Total time for which application threads were stopped: 0.0012930 seconds, Stopping threads took: 0.0000670 seconds
196.638: Application time: 0.1398900 seconds
196.638: [GC [PSYoungGen: 83967K->6400K(82944K)] 109928K->32361K(129024K), 0.0017710 secs] [Times: user=0.01 sys=0.00, real=0.00 secs] 
196.639: Total time for which application threads were stopped: 0.0019280 seconds, Stopping threads took: 0.0000760 seconds
196.778: Application time: 0.1388100 seconds
196.778: [GC [PSYoungGen: 82288K->3456K(95232K)] 108249K->33513K(141312K), 0.0020240 secs] [Times: user=0.01 sys=0.00, real=0.00 secs] 
196.780: Total time for which application threads were stopped: 0.0021820 seconds, Stopping threads took: 0.0000690 seconds
196.952: Application time: 0.1714750 seconds
196.952: [GC [PSYoungGen: 94403K->7424K(99840K)] 124460K->37729K(145920K), 0.0022400 secs] [Times: user=0.01 sys=0.00, real=0.00 secs] 
196.954: Total time for which application threads were stopped: 0.0024030 seconds, Stopping threads took: 0.0000810 seconds
197.119: Application time: 0.1644160 seconds
197.119: [GC [PSYoungGen: 98110K->7424K(118272K)] 128415K->37769K(164352K), 0.0017310 secs] [Times: user=0.00 sys=0.01, real=0.00 secs] 
197.121: Total time for which application threads were stopped: 0.0018780 seconds, Stopping threads took: 0.0000660 seconds
197.324: Application time: 0.2033790 seconds
197.324: [GC [PSYoungGen: 116822K->6400K(118784K)] 147167K->36745K(164864K), 0.0014220 secs] [Times: user=0.01 sys=0.00, real=0.00 secs] 
197.326: Total time for which application threads were stopped: 0.0015740 seconds, Stopping threads took: 0.0000630 seconds
197.530: Application time: 0.2039470 seconds
197.530: [GC [PSYoungGen: 115693K->5584K(111104K)] 146039K->35929K(157184K), 0.0012960 secs] [Times: user=0.00 sys=0.00, real=0.00 secs] 
197.531: Total time for which application threads were stopped: 0.0014760 seconds, Stopping threads took: 0.0000890 seconds
197.724: Application time: 0.1928790 seconds
197.724: [GC [PSYoungGen: 110534K->7424K(109568K)] 140879K->38053K(155648K), 0.0018780 secs] [Times: user=0.01 sys=0.00, real=0.00 secs] 
197.726: Total time for which application threads were stopped: 0.0020170 seconds, Stopping threads took: 0.0000600 seconds
197.915: Application time: 0.1891200 seconds
197.915: [GC [PSYoungGen: 109212K->4320K(102912K)] 139842K->36997K(148992K), 0.0016340 secs] [Times: user=0.01 sys=0.00, real=0.00 secs] 
197.917: Total time for which application threads were stopped: 0.0017840 seconds, Stopping threads took: 0.0000620 seconds
198.100: Application time: 0.1834520 seconds
198.100: [GC [PSYoungGen: 102433K->7584K(102400K)] 135111K->40261K(148480K), 0.0021320 secs] [Times: user=0.02 sys=0.00, real=0.00 secs] 
198.103: Total time for which application threads were stopped: 0.0022750 seconds, Stopping threads took: 0.0000650 seconds
198.273: Application time: 0.1704290 seconds
198.273: [GC [PSYoungGen: 101681K->6432K(98304K)] 134359K->39354K(144384K), 0.0018760 secs] [Times: user=0.01 sys=0.00, real=0.00 secs] 
198.275: Total time for which application threads were stopped: 0.0020460 seconds, Stopping threads took: 0.0000820 seconds
198.445: Application time: 0.1697820 seconds
198.445: [GC [PSYoungGen: 97239K->6400K(116736K)] 130161K->39362K(162816K), 0.0020810 secs] [Times: user=0.01 sys=0.00, real=0.00 secs] 
198.447: Total time for which application threads were stopped: 0.0022420 seconds, Stopping threads took: 0.0000660 seconds
198.649: Application time: 0.2023120 seconds
198.650: [GC [PSYoungGen: 115750K->5376K(111616K)] 148712K->39362K(157696K), 0.0018630 secs] [Times: user=0.01 sys=0.00, real=0.01 secs] 
198.651: Total time for which application threads were stopped: 0.0020510 seconds, Stopping threads took: 0.0000990 seconds
198.846: Application time: 0.1946790 seconds
198.846: [GC [PSYoungGen: 111225K->6608K(109056K)] 145211K->40594K(155136K), 0.0020090 secs] [Times: user=0.01 sys=0.00, real=0.00 secs] 
198.848: Total time for which application threads were stopped: 0.0021620 seconds, Stopping threads took: 0.0000680 seconds
199.041: Application time: 0.1927580 seconds
199.041: [GC [PSYoungGen: 108431K->4352K(103424K)] 142418K->38614K(149504K), 0.0015330 secs] [Times: user=0.00 sys=0.00, real=0.00 secs] 
199.043: Total time for which application threads were stopped: 0.0017060 seconds, Stopping threads took: 0.0000890 seconds
199.218: Application time: 0.1752540 seconds
199.218: [GC [PSYoungGen: 102688K->6400K(101888K)] 136950K->40662K(147968K), 0.0020960 secs] [Times: user=0.01 sys=0.00, real=0.00 secs] 
199.220: Total time for which application threads were stopped: 0.0022620 seconds, Stopping threads took: 0.0000870 seconds
199.395: Application time: 0.1751410 seconds
199.396: [GC [PSYoungGen: 101069K->6496K(98816K)] 135331K->40758K(144896K), 0.0019340 secs] [Times: user=0.01 sys=0.00, real=0.00 secs] 
199.398: Total time for which application threads were stopped: 0.0020970 seconds, Stopping threads took: 0.0000810 seconds
199.572: Application time: 0.1747680 seconds
199.572: [GC [PSYoungGen: 98236K->4384K(93696K)] 132499K->38818K(139776K), 0.0017460 secs] [Times: user=0.01 sys=0.00, real=0.00 secs] 
199.574: Total time for which application threads were stopped: 0.0018950 seconds, Stopping threads took: 0.0000590 seconds
199.734: Application time: 0.1594650 seconds
199.734: [GC [PSYoungGen: 92456K->6368K(103424K)] 126891K->40914K(149504K), 0.0019000 secs] [Times: user=0.01 sys=0.00, real=0.00 secs] 
199.736: Total time for which application threads were stopped: 0.0020430 seconds, Stopping threads took: 0.0000600 seconds
199.919: Application time: 0.1828400 seconds
199.919: [GC [PSYoungGen: 102525K->5376K(98816K)] 137072K->39922K(144896K), 0.0015670 secs] [Times: user=0.00 sys=0.01, real=0.00 secs] 
199.920: Total time for which application threads were stopped: 0.0017140 seconds, Stopping threads took: 0.0000670 seconds
200.082: Application time: 0.1621060 seconds
200.082: [GC [PSYoungGen: 97810K->6528K(101888K)] 132357K->41074K(147968K), 0.0021030 secs] [Times: user=0.01 sys=0.00, real=0.01 secs] 
200.085: Total time for which application threads were stopped: 0.0022690 seconds, Stopping threads took: 0.0000740 seconds
200.264: Application time: 0.1788770 seconds
200.264: [GC [PSYoungGen: 99943K->5344K(102400K)] 134489K->40095K(148480K), 0.0017010 secs] [Times: user=0.00 sys=0.00, real=0.00 secs] 
200.265: Total time for which application threads were stopped: 0.0018360 seconds, Stopping threads took: 0.0000600 seconds
200.432: Application time: 0.1670310 seconds
200.432: [GC [PSYoungGen: 98148K->5376K(96256K)] 132899K->40207K(142336K), 0.0012870 secs] [Times: user=0.01 sys=0.00, real=0.00 secs] 
200.434: Total time for which application threads were stopped: 0.0014320 seconds, Stopping threads took: 0.0000660 seconds
200.602: Application time: 0.1683030 seconds
200.602: [GC [PSYoungGen: 95160K->6400K(94208K)] 129991K->41231K(140288K), 0.0016930 secs] [Times: user=0.00 sys=0.01, real=0.01 secs] 
200.604: Total time for which application threads were stopped: 0.0018810 seconds, Stopping threads took: 0.0000960 seconds
200.762: Application time: 0.1581940 seconds
200.762: [GC [PSYoungGen: 93357K->4544K(89088K)] 128188K->41423K(135168K), 0.0015990 secs] [Times: user=0.00 sys=0.01, real=0.01 secs] 
200.764: Total time for which application threads were stopped: 0.0017400 seconds, Stopping threads took: 0.0000610 seconds
200.924: Application time: 0.1596770 seconds
200.924: [GC [PSYoungGen: 88463K->4336K(86528K)] 125342K->41427K(132608K), 0.0014660 secs] [Times: user=0.01 sys=0.00, real=0.00 secs] 
200.925: Total time for which application threads were stopped: 0.0016080 seconds, Stopping threads took: 0.0000640 seconds
201.075: Application time: 0.1494280 seconds
201.075: [GC [PSYoungGen: 85923K->5376K(84992K)] 123015K->42547K(131072K), 0.0016980 secs] [Times: user=0.01 sys=0.00, real=0.00 secs] 
201.077: Total time for which application threads were stopped: 0.0018530 seconds, Stopping threads took: 0.0000740 seconds
201.221: Application time: 0.1447090 seconds
201.221: [GC [PSYoungGen: 84117K->6400K(101888K)] 121288K->43571K(147968K), 0.0019480 secs] [Times: user=0.01 sys=0.00, real=0.01 secs] 
201.223: Total time for which application threads were stopped: 0.0021030 seconds, Stopping threads took: 0.0000650 seconds
201.403: Application time: 0.1801730 seconds
201.404: [GC [PSYoungGen: 100847K->4464K(96768K)] 138018K->41635K(142848K), 0.0012630 secs] [Times: user=0.01 sys=0.00, real=0.00 secs] 
201.405: Total time for which application threads were stopped: 0.0013980 seconds, Stopping threads took: 0.0000620 seconds
201.564: Application time: 0.1590140 seconds
201.564: [GC [PSYoungGen: 96512K->7520K(102400K)] 133683K->44839K(148480K), 0.0022610 secs] [Times: user=0.01 sys=0.00, real=0.00 secs] 
201.566: Total time for which application threads were stopped: 0.0024120 seconds, Stopping threads took: 0.0000620 seconds
201.746: Application time: 0.1795220 seconds
201.747: [GC [PSYoungGen: 100773K->6400K(97792K)] 138092K->43859K(143872K), 0.0015450 secs] [Times: user=0.01 sys=0.00, real=0.00 secs] 
201.749: Total time for which application threads were stopped: 0.0028690 seconds, Stopping threads took: 0.0012440 seconds
201.911: Application time: 0.1622780 seconds
201.911: [GC [PSYoungGen: 96847K->6400K(94720K)] 134307K->43859K(140800K), 0.0016990 secs] [Times: user=0.01 sys=0.00, real=0.00 secs] 
201.913: Total time for which application threads were stopped: 0.0018740 seconds, Stopping threads took: 0.0000920 seconds
202.080: Application time: 0.1673170 seconds
202.080: [GC [PSYoungGen: 94451K->4464K(89600K)] 131911K->42947K(135680K), 0.0013610 secs] [Times: user=0.01 sys=0.00, real=0.00 secs] 
202.082: Total time for which application threads were stopped: 0.0015180 seconds, Stopping threads took: 0.0000820 seconds
202.235: Application time: 0.1531510 seconds
202.235: [GC [PSYoungGen: 89277K->6528K(111104K)] 127760K->45164K(157184K), 0.0019350 secs] [Times: user=0.01 sys=0.01, real=0.00 secs] 
202.237: Total time for which application threads were stopped: 0.0020860 seconds, Stopping threads took: 0.0000650 seconds
202.427: Application time: 0.1901520 seconds
202.427: [GC [PSYoungGen: 108312K->6400K(111104K)] 146948K->45184K(157184K), 0.0019590 secs] [Times: user=0.01 sys=0.00, real=0.00 secs] 
202.429: Total time for which application threads were stopped: 0.0021160 seconds, Stopping threads took: 0.0000660 seconds
202.623: Application time: 0.1940620 seconds
202.623: [GC [PSYoungGen: 108110K->4352K(103424K)] 146894K->43136K(149504K), 0.0013900 secs] [Times: user=0.01 sys=0.00, real=0.00 secs] 
202.625: Total time for which application threads were stopped: 0.0015390 seconds, Stopping threads took: 0.0000640 seconds
202.798: Application time: 0.1735120 seconds
202.798: [GC [PSYoungGen: 102777K->7520K(102912K)] 141561K->46304K(148992K), 0.0021150 secs] [Times: user=0.01 sys=0.00, real=0.00 secs] 
202.801: Total time for which application threads were stopped: 0.0022580 seconds, Stopping threads took: 0.0000650 seconds
202.981: Application time: 0.1805340 seconds
202.981: [GC [PSYoungGen: 102464K->6464K(98816K)] 141249K->45420K(144896K), 0.0020410 secs] [Times: user=0.01 sys=0.00, real=0.01 secs] 
202.983: Total time for which application threads were stopped: 0.0021930 seconds, Stopping threads took: 0.0000670 seconds
203.164: Application time: 0.1805960 seconds
203.164: [GC [PSYoungGen: 98403K->2272K(93184K)] 137359K->41340K(139264K), 0.0007980 secs] [Times: user=0.01 sys=0.00, real=0.00 secs] 
203.165: Total time for which application threads were stopped: 0.0009230 seconds, Stopping threads took: 0.0000590 seconds
203.319: Application time: 0.1540650 seconds
203.319: [GC [PSYoungGen: 90767K->7424K(93696K)] 129835K->46492K(139776K), 0.0021350 secs] [Times: user=0.01 sys=0.00, real=0.00 secs] 
203.321: Total time for which application threads were stopped: 0.0022790 seconds, Stopping threads took: 0.0000570 seconds
203.478: Application time: 0.1565730 seconds
203.479: [GC [PSYoungGen: 92813K->6528K(89600K)] 131882K->45596K(135680K), 0.0018810 secs] [Times: user=0.02 sys=0.00, real=0.00 secs] 
203.481: Total time for which application threads were stopped: 0.0032790 seconds, Stopping threads took: 0.0013200 seconds
203.641: Application time: 0.1603660 seconds
203.642: [GC [PSYoungGen: 89241K->3296K(83968K)] 128310K->42552K(130048K), 0.0012910 secs] [Times: user=0.01 sys=0.00, real=0.00 secs] 
203.643: Total time for which application threads were stopped: 0.0015220 seconds, Stopping threads took: 0.0001460 seconds
203.788: Application time: 0.1449610 seconds
203.788: [GC [PSYoungGen: 83453K->7424K(90112K)] 122709K->46784K(136192K), 0.0022850 secs] [Times: user=0.01 sys=0.00, real=0.00 secs] 
203.790: Total time for which application threads were stopped: 0.0024620 seconds, Stopping threads took: 0.0000890 seconds
203.932: Application time: 0.1414040 seconds
203.932: [GC [PSYoungGen: 86965K->7424K(90112K)] 126325K->46784K(136192K), 0.0022260 secs] [Times: user=0.02 sys=0.00, real=0.00 secs] 
203.934: Total time for which application threads were stopped: 0.0024140 seconds, Stopping threads took: 0.0001050 seconds
204.081: Application time: 0.1467290 seconds
204.081: [GC [PSYoungGen: 87009K->6368K(105984K)] 126370K->45728K(152064K), 0.0015130 secs] [Times: user=0.01 sys=0.00, real=0.00 secs] 
204.083: Total time for which application threads were stopped: 0.0016550 seconds, Stopping threads took: 0.0000690 seconds
204.268: Application time: 0.1858930 seconds
204.269: [GC [PSYoungGen: 102907K->7568K(106496K)] 142268K->46928K(152576K), 0.0019620 secs] [Times: user=0.01 sys=0.00, real=0.00 secs] 
204.271: Total time for which application threads were stopped: 0.0021170 seconds, Stopping threads took: 0.0000710 seconds
204.454: Application time: 0.1836570 seconds
204.454: [GC [PSYoungGen: 103398K->3328K(96768K)] 142758K->42961K(142848K), 0.0008620 secs] [Times: user=0.00 sys=0.00, real=0.00 secs] 
204.455: Total time for which application threads were stopped: 0.0009970 seconds, Stopping threads took: 0.0000600 seconds
204.619: Application time: 0.1637720 seconds
204.619: [GC [PSYoungGen: 96355K->7424K(119808K)] 135988K->47057K(165888K), 0.0018850 secs] [Times: user=0.01 sys=0.00, real=0.00 secs] 
204.621: Total time for which application threads were stopped: 0.0020480 seconds, Stopping threads took: 0.0000920 seconds
204.821: Application time: 0.2003600 seconds
204.822: [GC [PSYoungGen: 116253K->7472K(113152K)] 155886K->47105K(159232K), 0.0017790 secs] [Times: user=0.01 sys=0.01, real=0.01 secs] 
204.823: Total time for which application threads were stopped: 0.0019410 seconds, Stopping threads took: 0.0000750 seconds
205.017: Application time: 0.1935780 seconds
205.017: [GC [PSYoungGen: 112874K->7472K(109568K)] 152507K->47297K(155648K), 0.0023850 secs] [Times: user=0.01 sys=0.00, real=0.00 secs] 
205.020: Total time for which application threads were stopped: 0.0025400 seconds, Stopping threads took: 0.0000760 seconds
205.213: Application time: 0.1935860 seconds
205.213: [GC [PSYoungGen: 108401K->6368K(104960K)] 148226K->46297K(151040K), 0.0015590 secs] [Times: user=0.01 sys=0.00, real=0.00 secs] 
205.215: Total time for which application threads were stopped: 0.0017290 seconds, Stopping threads took: 0.0000570 seconds
205.402: Application time: 0.1867860 seconds
205.402: [GC [PSYoungGen: 104658K->4368K(99328K)] 144588K->44297K(145408K), 0.0014910 secs] [Times: user=0.00 sys=0.00, real=0.01 secs] 
205.403: Total time for which application threads were stopped: 0.0016380 seconds, Stopping threads took: 0.0000600 seconds
205.569: Application time: 0.1657970 seconds
205.569: [GC [PSYoungGen: 98904K->5584K(97280K)] 138833K->45513K(143360K), 0.0016540 secs] [Times: user=0.01 sys=0.00, real=0.00 secs] 
205.571: Total time for which application threads were stopped: 0.0018010 seconds, Stopping threads took: 0.0000720 seconds
205.746: Application time: 0.1750980 seconds
205.746: [GC [PSYoungGen: 96914K->5392K(94208K)] 136843K->45565K(140288K), 0.0018620 secs] [Times: user=0.01 sys=0.00, real=0.00 secs] 
205.748: Total time for which application threads were stopped: 0.0020270 seconds, Stopping threads took: 0.0000820 seconds
205.902: Application time: 0.1539460 seconds
205.902: [GC [PSYoungGen: 93549K->7424K(98304K)] 133723K->47637K(144384K), 0.0021090 secs] [Times: user=0.01 sys=0.00, real=0.01 secs] 
205.904: Total time for which application threads were stopped: 0.0022660 seconds, Stopping threads took: 0.0000740 seconds
206.082: Application time: 0.1773010 seconds
206.082: [GC [PSYoungGen: 96512K->4368K(90624K)] 136725K->44581K(136704K), 0.0013210 secs] [Times: user=0.01 sys=0.00, real=0.00 secs] 
206.083: Total time for which application threads were stopped: 0.0014830 seconds, Stopping threads took: 0.0000730 seconds
206.235: Application time: 0.1518740 seconds
206.235: [GC [PSYoungGen: 90265K->7616K(95232K)] 130478K->47829K(141312K), 0.0021040 secs] [Times: user=0.02 sys=0.00, real=0.00 secs] 
206.237: Total time for which application threads were stopped: 0.0022440 seconds, Stopping threads took: 0.0000600 seconds
206.386: Application time: 0.1485480 seconds
206.386: [GC [PSYoungGen: 92458K->7424K(95744K)] 132672K->47878K(141824K), 0.0022110 secs] [Times: user=0.01 sys=0.00, real=0.00 secs] 
206.388: Total time for which application threads were stopped: 0.0023720 seconds, Stopping threads took: 0.0000800 seconds
206.558: Application time: 0.1695260 seconds
206.558: [GC [PSYoungGen: 92283K->5344K(112128K)] 132737K->45838K(158208K), 0.0012760 secs] [Times: user=0.00 sys=0.00, real=0.00 secs] 
206.559: Total time for which application threads were stopped: 0.0014490 seconds, Stopping threads took: 0.0000920 seconds
206.758: Application time: 0.1987250 seconds
206.758: [GC [PSYoungGen: 108256K->1248K(100864K)] 148750K->41742K(146944K), 0.0005800 secs] [Times: user=0.00 sys=0.00, real=0.00 secs] 
206.758: Total time for which application threads were stopped: 0.0007250 seconds, Stopping threads took: 0.0000700 seconds
206.927: Application time: 0.1682100 seconds
206.927: [GC [PSYoungGen: 99858K->6592K(102400K)] 140352K->47086K(148480K), 0.0016350 secs] [Times: user=0.00 sys=0.01, real=0.00 secs] 
206.928: Total time for which application threads were stopped: 0.0017680 seconds, Stopping threads took: 0.0000530 seconds
207.108: Application time: 0.1791590 seconds
207.108: [GC [PSYoungGen: 102335K->6400K(99328K)] 142829K->47138K(145408K), 0.0020130 secs] [Times: user=0.01 sys=0.00, real=0.00 secs] 
207.110: Total time for which application threads were stopped: 0.0021700 seconds, Stopping threads took: 0.0000810 seconds
207.287: Application time: 0.1777170 seconds
207.288: [GC [PSYoungGen: 99072K->5344K(95744K)] 139810K->46122K(141824K), 0.0014540 secs] [Times: user=0.00 sys=0.00, real=0.00 secs] 
207.289: Total time for which application threads were stopped: 0.0015950 seconds, Stopping threads took: 0.0000570 seconds
207.447: Application time: 0.1577990 seconds
207.447: [GC [PSYoungGen: 94151K->6400K(93184K)] 134929K->47178K(139264K), 0.0020230 secs] [Times: user=0.01 sys=0.00, real=0.00 secs] 
207.449: Total time for which application threads were stopped: 0.0021770 seconds, Stopping threads took: 0.0000710 seconds
207.606: Application time: 0.1569700 seconds
207.606: [GC [PSYoungGen: 92022K->7616K(96256K)] 132800K->48394K(142336K), 0.0020980 secs] [Times: user=0.02 sys=0.00, real=0.00 secs] 
207.608: Total time for which application threads were stopped: 0.0022480 seconds, Stopping threads took: 0.0000710 seconds
207.779: Application time: 0.1704420 seconds
207.779: [GC [PSYoungGen: 93718K->3344K(87040K)] 134496K->44370K(133120K), 0.0012070 secs] [Times: user=0.00 sys=0.00, real=0.00 secs] 
207.780: Total time for which application threads were stopped: 0.0013740 seconds, Stopping threads took: 0.0000900 seconds
207.926: Application time: 0.1460770 seconds
207.926: [GC [PSYoungGen: 86276K->6400K(94208K)] 127303K->47466K(140288K), 0.0019260 secs] [Times: user=0.02 sys=0.00, real=0.00 secs] 
207.928: Total time for which application threads were stopped: 0.0020910 seconds, Stopping threads took: 0.0000700 seconds
208.080: Application time: 0.1512510 seconds
208.080: [GC [PSYoungGen: 90170K->6400K(93696K)] 131236K->47466K(139776K), 0.0018820 secs] [Times: user=0.02 sys=0.00, real=0.00 secs] 
208.082: Total time for which application threads were stopped: 0.0020310 seconds, Stopping threads took: 0.0000690 seconds
208.248: Application time: 0.1660730 seconds
208.248: [GC [PSYoungGen: 90359K->2416K(83968K)] 131426K->43482K(130048K), 0.0007820 secs] [Times: user=0.01 sys=0.00, real=0.00 secs] 
208.249: Total time for which application threads were stopped: 0.0009130 seconds, Stopping threads took: 0.0000600 seconds
208.393: Application time: 0.1449170 seconds
208.394: [GC [PSYoungGen: 82819K->6400K(103424K)] 123886K->47703K(149504K), 0.0020380 secs] [Times: user=0.01 sys=0.00, real=0.00 secs] 
208.396: Total time for which application threads were stopped: 0.0022020 seconds, Stopping threads took: 0.0000800 seconds
208.562: Application time: 0.1662770 seconds
208.562: [GC [PSYoungGen: 99767K->6400K(107520K)] 141070K->47743K(153600K), 0.0016210 secs] [Times: user=0.01 sys=0.01, real=0.01 secs] 
208.564: Total time for which application threads were stopped: 0.0017740 seconds, Stopping threads took: 0.0000680 seconds
208.744: Application time: 0.1802420 seconds
208.744: [GC [PSYoungGen: 104075K->7392K(107520K)] 145418K->48735K(153600K), 0.0021220 secs] [Times: user=0.01 sys=0.00, real=0.00 secs] 
208.746: Total time for which application threads were stopped: 0.0022760 seconds, Stopping threads took: 0.0000770 seconds
208.935: Application time: 0.1883510 seconds
208.935: [GC [PSYoungGen: 104814K->4544K(98816K)] 146157K->45887K(144896K), 0.0011520 secs] [Times: user=0.00 sys=0.01, real=0.00 secs] 
208.936: Total time for which application threads were stopped: 0.0013160 seconds, Stopping threads took: 0.0000860 seconds
209.106: Application time: 0.1701180 seconds
209.106: [GC [PSYoungGen: 98158K->4352K(95744K)] 139501K->45943K(141824K), 0.0012980 secs] [Times: user=0.00 sys=0.01, real=0.00 secs] 
209.107: Total time for which application threads were stopped: 0.0014340 seconds, Stopping threads took: 0.0000560 seconds
209.276: Application time: 0.1686960 seconds
209.279: [GC [PSYoungGen: 94512K->7424K(95744K)] 136103K->49055K(141824K), 0.0018280 secs] [Times: user=0.01 sys=0.00, real=0.00 secs] 
209.281: Total time for which application threads were stopped: 0.0048200 seconds, Stopping threads took: 0.0029070 seconds
209.436: Application time: 0.1549870 seconds
209.436: [GC [PSYoungGen: 95405K->7424K(113664K)] 137036K->49055K(159744K), 0.0021110 secs] [Times: user=0.02 sys=0.00, real=0.00 secs] 
209.438: Total time for which application threads were stopped: 0.0023030 seconds, Stopping threads took: 0.0001080 seconds
209.638: Application time: 0.2000540 seconds
209.638: [GC [PSYoungGen: 113329K->6592K(109056K)] 154960K->48223K(155136K), 0.0018930 secs] [Times: user=0.00 sys=0.00, real=0.00 secs] 
209.640: Total time for which application threads were stopped: 0.0020440 seconds, Stopping threads took: 0.0000650 seconds
209.829: Application time: 0.1887290 seconds
209.829: [GC [PSYoungGen: 108606K->7424K(112640K)] 150237K->49291K(158720K), 0.0021570 secs] [Times: user=0.01 sys=0.00, real=0.01 secs] 
209.831: Total time for which application threads were stopped: 0.0023440 seconds, Stopping threads took: 0.0001080 seconds
210.026: Application time: 0.1943170 seconds
210.026: [GC [PSYoungGen: 109416K->7392K(106496K)] 151284K->49307K(152576K), 0.0017360 secs] [Times: user=0.00 sys=0.01, real=0.00 secs] 
210.028: Total time for which application threads were stopped: 0.0018980 seconds, Stopping threads took: 0.0000880 seconds
210.212: Application time: 0.1845740 seconds
210.212: [GC [PSYoungGen: 105479K->4416K(99840K)] 147395K->46331K(145920K), 0.0016300 secs] [Times: user=0.01 sys=0.00, real=0.00 secs] 
210.214: Total time for which application threads were stopped: 0.0017770 seconds, Stopping threads took: 0.0000580 seconds
210.381: Application time: 0.1672240 seconds
210.381: [GC [PSYoungGen: 99283K->6512K(98816K)] 141199K->48535K(144896K), 0.0014930 secs] [Times: user=0.01 sys=0.00, real=0.00 secs] 
210.383: Total time for which application threads were stopped: 0.0016400 seconds, Stopping threads took: 0.0000700 seconds
210.558: Application time: 0.1752450 seconds
210.558: [GC [PSYoungGen: 98462K->5312K(94720K)] 140486K->47516K(140800K), 0.0019260 secs] [Times: user=0.01 sys=0.00, real=0.00 secs] 
210.560: Total time for which application threads were stopped: 0.0021350 seconds, Stopping threads took: 0.0001280 seconds
210.717: Application time: 0.1568570 seconds
210.717: [GC [PSYoungGen: 93766K->7424K(114688K)] 135970K->49628K(160768K), 0.0021120 secs] [Times: user=0.01 sys=0.00, real=0.00 secs] 
210.719: Total time for which application threads were stopped: 0.0022790 seconds, Stopping threads took: 0.0000780 seconds
210.918: Application time: 0.1980980 seconds
210.918: [GC [PSYoungGen: 114131K->7552K(116736K)] 156335K->49756K(162816K), 0.0021790 secs] [Times: user=0.01 sys=0.00, real=0.00 secs] 
210.920: Total time for which application threads were stopped: 0.0023420 seconds, Stopping threads took: 0.0000770 seconds
211.121: Application time: 0.2008750 seconds
211.121: [GC [PSYoungGen: 114080K->7488K(110592K)] 156284K->49868K(156672K), 0.0017350 secs] [Times: user=0.01 sys=0.00, real=0.00 secs] 
211.123: Total time for which application threads were stopped: 0.0018710 seconds, Stopping threads took: 0.0000730 seconds
211.314: Application time: 0.1918600 seconds
211.315: [GC [PSYoungGen: 110400K->6400K(105984K)] 152780K->48884K(152064K), 0.0017550 secs] [Times: user=0.00 sys=0.01, real=0.00 secs] 
211.316: Total time for which application threads were stopped: 0.0019280 seconds, Stopping threads took: 0.0000810 seconds
211.507: Application time: 0.1906230 seconds
211.507: [GC [PSYoungGen: 105728K->3296K(99328K)] 148212K->45780K(145408K), 0.0008760 secs] [Times: user=0.00 sys=0.00, real=0.00 secs] 
211.508: Total time for which application threads were stopped: 0.0010230 seconds, Stopping threads took: 0.0000760 seconds
211.678: Application time: 0.1701010 seconds
211.678: [GC [PSYoungGen: 99033K->6592K(121856K)] 141518K->49076K(167936K), 0.0036250 secs] [Times: user=0.02 sys=0.00, real=0.00 secs] 
211.682: Total time for which application threads were stopped: 0.0037710 seconds, Stopping threads took: 0.0000660 seconds
211.897: Application time: 0.2154220 seconds
211.897: [GC [PSYoungGen: 121783K->5392K(124928K)] 164267K->48120K(171008K), 0.0016220 secs] [Times: user=0.01 sys=0.00, real=0.00 secs] 
211.899: Total time for which application threads were stopped: 0.0017730 seconds, Stopping threads took: 0.0000590 seconds
212.120: Application time: 0.2209970 seconds
212.120: [GC [PSYoungGen: 120276K->2336K(113664K)] 163005K->45120K(159744K), 0.0008650 secs] [Times: user=0.00 sys=0.00, real=0.00 secs] 
212.121: Total time for which application threads were stopped: 0.0010030 seconds, Stopping threads took: 0.0000710 seconds
212.322: Application time: 0.2006750 seconds
212.322: [GC [PSYoungGen: 113146K->2480K(113664K)] 155931K->45264K(159744K), 0.0009490 secs] [Times: user=0.01 sys=0.00, real=0.00 secs] 
212.323: Total time for which application threads were stopped: 0.0010760 seconds, Stopping threads took: 0.0000600 seconds
212.520: Application time: 0.1970540 seconds
212.520: [GC [PSYoungGen: 109488K->4384K(107520K)] 152272K->47408K(153600K), 0.0014640 secs] [Times: user=0.01 sys=0.00, real=0.00 secs] 
212.522: Total time for which application threads were stopped: 0.0016160 seconds, Stopping threads took: 0.0000690 seconds
212.706: Application time: 0.1840710 seconds
212.706: [GC [PSYoungGen: 106672K->6400K(105984K)] 149697K->49465K(152064K), 0.0019930 secs] [Times: user=0.02 sys=0.00, real=0.00 secs] 
212.708: Total time for which application threads were stopped: 0.0021400 seconds, Stopping threads took: 0.0000650 seconds
212.891: Application time: 0.1830370 seconds
212.891: [GC [PSYoungGen: 104857K->7424K(103424K)] 147922K->50489K(149504K), 0.0021940 secs] [Times: user=0.01 sys=0.00, real=0.01 secs] 
212.893: Total time for which application threads were stopped: 0.0023740 seconds, Stopping threads took: 0.0000990 seconds
213.072: Application time: 0.1787310 seconds
213.072: [GC [PSYoungGen: 102344K->5632K(98816K)] 145409K->48697K(144896K), 0.0018480 secs] [Times: user=0.01 sys=0.00, real=0.00 secs] 
213.074: Total time for which application threads were stopped: 0.0020100 seconds, Stopping threads took: 0.0000740 seconds
213.240: Application time: 0.1661950 seconds
213.240: [GC [PSYoungGen: 97503K->6400K(96256K)] 140568K->49745K(142336K), 0.0020560 secs] [Times: user=0.01 sys=0.00, real=0.00 secs] 
213.242: Total time for which application threads were stopped: 0.0022130 seconds, Stopping threads took: 0.0000760 seconds
213.413: Application time: 0.1701560 seconds
213.413: [GC [PSYoungGen: 95106K->5344K(92160K)] 138452K->48689K(138240K), 0.0016160 secs] [Times: user=0.01 sys=0.00, real=0.00 secs] 
213.414: Total time for which application threads were stopped: 0.0017750 seconds, Stopping threads took: 0.0000790 seconds
213.569: Application time: 0.1546310 seconds
213.569: [GC [PSYoungGen: 91755K->6416K(90112K)] 135100K->49761K(136192K), 0.0020600 secs] [Times: user=0.00 sys=0.00, real=0.01 secs] 
213.571: Total time for which application threads were stopped: 0.0022030 seconds, Stopping threads took: 0.0000600 seconds
213.722: Application time: 0.1505110 seconds
213.722: [GC [PSYoungGen: 88957K->6544K(92672K)] 132302K->50969K(138752K), 0.0021990 secs] [Times: user=0.01 sys=0.00, real=0.01 secs] 
213.724: Total time for which application threads were stopped: 0.0023590 seconds, Stopping threads took: 0.0000670 seconds
213.889: Application time: 0.1647970 seconds
213.889: [GC [PSYoungGen: 91181K->4384K(94720K)] 135606K->49005K(140800K), 0.0013970 secs] [Times: user=0.01 sys=0.00, real=0.00 secs] 
213.890: Total time for which application threads were stopped: 0.0015580 seconds, Stopping threads took: 0.0000870 seconds
214.042: Application time: 0.1514300 seconds
214.042: [GC [PSYoungGen: 89542K->6336K(112128K)] 134163K->50997K(158208K), 0.0013870 secs] [Times: user=0.00 sys=0.01, real=0.01 secs] 
214.043: Total time for which application threads were stopped: 0.0015490 seconds, Stopping threads took: 0.0000830 seconds
214.236: Application time: 0.1927510 seconds
214.239: [GC [PSYoungGen: 108241K->5376K(104960K)] 152903K->50037K(151040K), 0.0013060 secs] [Times: user=0.01 sys=0.00, real=0.00 secs] 
214.240: Total time for which application threads were stopped: 0.0043750 seconds, Stopping threads took: 0.0029780 seconds
214.424: Application time: 0.1832660 seconds
214.424: [GC [PSYoungGen: 104060K->3488K(100352K)] 148721K->48149K(146432K), 0.0010650 secs] [Times: user=0.00 sys=0.00, real=0.00 secs] 
214.425: Total time for which application threads were stopped: 0.0012500 seconds, Stopping threads took: 0.0001080 seconds
214.593: Application time: 0.1684910 seconds
214.594: [GC [PSYoungGen: 98984K->6400K(99328K)] 143646K->51342K(145408K), 0.0020270 secs] [Times: user=0.01 sys=0.00, real=0.00 secs] 
214.596: Total time for which application threads were stopped: 0.0021760 seconds, Stopping threads took: 0.0000640 seconds
214.774: Application time: 0.1782940 seconds
214.774: [GC [PSYoungGen: 98491K->5376K(95232K)] 143433K->50318K(141312K), 0.0016290 secs] [Times: user=0.01 sys=0.01, real=0.00 secs] 
214.776: Total time for which application threads were stopped: 0.0017850 seconds, Stopping threads took: 0.0000500 seconds
214.935: Application time: 0.1589290 seconds
214.935: [GC [PSYoungGen: 94976K->7424K(99328K)] 139918K->52366K(145408K), 0.0022530 secs] [Times: user=0.01 sys=0.00, real=0.00 secs] 
214.937: Total time for which application threads were stopped: 0.0023990 seconds, Stopping threads took: 0.0000620 seconds
215.110: Application time: 0.1733290 seconds
215.111: [GC [PSYoungGen: 97812K->4512K(92160K)] 142754K->49502K(138240K), 0.0012650 secs] [Times: user=0.00 sys=0.00, real=0.01 secs] 
215.112: Total time for which application threads were stopped: 0.0014400 seconds, Stopping threads took: 0.0001000 seconds
215.271: Application time: 0.1587580 seconds
215.271: [GC [PSYoungGen: 91146K->5376K(90112K)] 136136K->50610K(136192K), 0.0017580 secs] [Times: user=0.02 sys=0.00, real=0.01 secs] 
215.273: Total time for which application threads were stopped: 0.0019030 seconds, Stopping threads took: 0.0000650 seconds
215.429: Application time: 0.1562360 seconds
215.429: [GC [PSYoungGen: 89498K->5376K(87552K)] 134733K->50610K(133632K), 0.0012210 secs] [Times: user=0.01 sys=0.00, real=0.00 secs] 
215.430: Total time for which application threads were stopped: 0.0013700 seconds, Stopping threads took: 0.0000650 seconds
215.586: Application time: 0.1563650 seconds
215.587: [GC [PSYoungGen: 87296K->5376K(84992K)] 132530K->50610K(131072K), 0.0017490 secs] [Times: user=0.01 sys=0.00, real=0.00 secs] 
215.588: Total time for which application threads were stopped: 0.0019010 seconds, Stopping threads took: 0.0000700 seconds
215.730: Application time: 0.1414680 seconds
215.730: [GC [PSYoungGen: 84019K->6544K(100864K)] 129254K->51778K(146944K), 0.0019800 secs] [Times: user=0.01 sys=0.00, real=0.01 secs] 
215.732: Total time for which application threads were stopped: 0.0021650 seconds, Stopping threads took: 0.0001000 seconds
215.905: Application time: 0.1732350 seconds
215.905: [GC [PSYoungGen: 100648K->6400K(102400K)] 145882K->51886K(148480K), 0.0019610 secs] [Times: user=0.01 sys=0.00, real=0.00 secs] 
215.907: Total time for which application threads were stopped: 0.0021110 seconds, Stopping threads took: 0.0000670 seconds
216.080: Application time: 0.1730550 seconds
216.081: [GC [PSYoungGen: 100391K->5376K(96768K)] 145877K->50910K(142848K), 0.0012450 secs] [Times: user=0.00 sys=0.00, real=0.00 secs] 
216.082: Total time for which application threads were stopped: 0.0014250 seconds, Stopping threads took: 0.0001010 seconds
216.255: Application time: 0.1729730 seconds
216.255: [GC [PSYoungGen: 95585K->5344K(93696K)] 141119K->50878K(139776K), 0.0015080 secs] [Times: user=0.01 sys=0.00, real=0.00 secs] 
216.256: Total time for which application threads were stopped: 0.0016490 seconds, Stopping threads took: 0.0000640 seconds
216.415: Application time: 0.1582370 seconds
216.415: [GC [PSYoungGen: 93162K->4496K(89600K)] 138697K->50030K(135680K), 0.0011490 secs] [Times: user=0.00 sys=0.00, real=0.00 secs] 
216.416: Total time for which application threads were stopped: 0.0012970 seconds, Stopping threads took: 0.0000730 seconds
216.568: Application time: 0.1524570 seconds
216.569: [GC [PSYoungGen: 88571K->7424K(89600K)] 134105K->53207K(135680K), 0.0022640 secs] [Times: user=0.01 sys=0.00, real=0.00 secs] 
216.571: [Full GC [PSYoungGen: 7424K->0K(89600K)] [ParOldGen: 45782K->11007K(44032K)] 53207K->11007K(133632K) [PSPermGen: 5528K->5528K(21504K)], 0.0067550 secs] [Times: user=0.03 sys=0.00, real=0.01 secs] 
216.578: Total time for which application threads were stopped: 0.0092420 seconds, Stopping threads took: 0.0000710 seconds
216.737: Application time: 0.1590310 seconds
216.737: [GC [PSYoungGen: 81812K->3296K(82944K)] 92820K->14303K(126976K), 0.0010030 secs] [Times: user=0.01 sys=0.00, real=0.00 secs] 
216.738: Total time for which application threads were stopped: 0.0011510 seconds, Stopping threads took: 0.0000680 seconds
216.884: Application time: 0.1458940 seconds
216.884: [GC [PSYoungGen: 82535K->5376K(82432K)] 93543K->16383K(126464K), 0.0017370 secs] [Times: user=0.01 sys=0.00, real=0.00 secs] 
216.886: Total time for which application threads were stopped: 0.0019050 seconds, Stopping threads took: 0.0000920 seconds
217.028: Application time: 0.1423970 seconds
217.028: [GC [PSYoungGen: 81858K->4512K(78848K)] 92865K->15519K(122880K), 0.0014800 secs] [Times: user=0.00 sys=0.00, real=0.00 secs] 
217.030: Total time for which application threads were stopped: 0.0016140 seconds, Stopping threads took: 0.0000560 seconds
217.164: Application time: 0.1346060 seconds
217.164: [GC [PSYoungGen: 77935K->4368K(76288K)] 88943K->15575K(120320K), 0.0015900 secs] [Times: user=0.01 sys=0.00, real=0.00 secs] 
217.166: Total time for which application threads were stopped: 0.0017540 seconds, Stopping threads took: 0.0000850 seconds
217.298: Application time: 0.1322630 seconds
217.299: [GC [PSYoungGen: 75416K->4352K(74240K)] 86624K->15647K(118272K), 0.0014320 secs] [Times: user=0.01 sys=0.00, real=0.00 secs] 
217.300: Total time for which application threads were stopped: 0.0016090 seconds, Stopping threads took: 0.0000890 seconds
217.426: Application time: 0.1264620 seconds
217.427: [GC [PSYoungGen: 73858K->4352K(72192K)] 85154K->15647K(116224K), 0.0014830 secs] [Times: user=0.01 sys=0.00, real=0.00 secs] 
217.428: Total time for which application threads were stopped: 0.0016290 seconds, Stopping threads took: 0.0000700 seconds
217.552: Application time: 0.1242450 seconds
217.552: [GC [PSYoungGen: 71863K->6400K(89088K)] 83159K->17695K(133120K), 0.0018870 secs] [Times: user=0.02 sys=0.00, real=0.00 secs] 
217.554: Total time for which application threads were stopped: 0.0020450 seconds, Stopping threads took: 0.0000780 seconds
217.706: Application time: 0.1515460 seconds
217.706: [GC [PSYoungGen: 87645K->5568K(89600K)] 98940K->16863K(133632K), 0.0016480 secs] [Times: user=0.00 sys=0.01, real=0.00 secs] 
217.708: Total time for which application threads were stopped: 0.0018180 seconds, Stopping threads took: 0.0000890 seconds
217.850: Application time: 0.1427510 seconds
217.851: [GC [PSYoungGen: 86440K->7456K(105472K)] 97735K->18964K(149504K), 0.0017910 secs] [Times: user=0.00 sys=0.01, real=0.01 secs] 
217.852: Total time for which application threads were stopped: 0.0019900 seconds, Stopping threads took: 0.0001110 seconds
218.038: Application time: 0.1853040 seconds
218.038: [GC [PSYoungGen: 104736K->5376K(105984K)] 116244K->16964K(150016K), 0.0012670 secs] [Times: user=0.01 sys=0.00, real=0.00 secs] 
218.039: Total time for which application threads were stopped: 0.0014230 seconds, Stopping threads took: 0.0000800 seconds
218.221: Application time: 0.1815230 seconds
218.221: [GC [PSYoungGen: 102234K->4320K(98304K)] 113822K->15908K(142336K), 0.0010340 secs] [Times: user=0.00 sys=0.00, real=0.00 secs] 
218.222: Total time for which application threads were stopped: 0.0011890 seconds, Stopping threads took: 0.0000870 seconds
218.389: Application time: 0.1666350 seconds
218.389: [GC [PSYoungGen: 97481K->6544K(97280K)] 109069K->18132K(141312K), 0.0016730 secs] [Times: user=0.01 sys=0.00, real=0.00 secs] 
218.390: Total time for which application threads were stopped: 0.0018470 seconds, Stopping threads took: 0.0000900 seconds
218.562: Application time: 0.1713660 seconds
218.562: [GC [PSYoungGen: 96982K->5376K(93184K)] 108570K->17172K(137216K), 0.0013440 secs] [Times: user=0.00 sys=0.00, real=0.01 secs] 
218.563: Total time for which application threads were stopped: 0.0015850 seconds, Stopping threads took: 0.0001570 seconds
218.720: Application time: 0.1563990 seconds
218.720: [GC [PSYoungGen: 92326K->6400K(91136K)] 104123K->18272K(135168K), 0.0021270 secs] [Times: user=0.02 sys=0.00, real=0.00 secs] 
218.722: Total time for which application threads were stopped: 0.0022750 seconds, Stopping threads took: 0.0000610 seconds
218.873: Application time: 0.1506480 seconds
218.873: [GC [PSYoungGen: 90219K->4352K(105984K)] 102091K->19296K(150016K), 0.0020930 secs] [Times: user=0.02 sys=0.00, real=0.00 secs] 
218.875: Total time for which application threads were stopped: 0.0022470 seconds, Stopping threads took: 0.0000690 seconds
219.064: Application time: 0.1891620 seconds
219.064: [GC [PSYoungGen: 104858K->7488K(112128K)] 119803K->22432K(156160K), 0.0020170 secs] [Times: user=0.01 sys=0.00, real=0.00 secs] 
219.066: Total time for which application threads were stopped: 0.0021740 seconds, Stopping threads took: 0.0000680 seconds
219.261: Application time: 0.1949340 seconds
219.261: [GC [PSYoungGen: 110659K->6464K(107008K)] 125603K->21624K(151040K), 0.0015090 secs] [Times: user=0.01 sys=0.00, real=0.00 secs] 
219.263: Total time for which application threads were stopped: 0.0016630 seconds, Stopping threads took: 0.0000730 seconds
219.451: Application time: 0.1883330 seconds
219.451: [GC [PSYoungGen: 106643K->5376K(102400K)] 121803K->20612K(146432K), 0.0015780 secs] [Times: user=0.01 sys=0.00, real=0.00 secs] 
219.453: Total time for which application threads were stopped: 0.0017120 seconds, Stopping threads took: 0.0000590 seconds
219.628: Application time: 0.1752010 seconds
219.628: [GC [PSYoungGen: 101789K->5376K(98816K)] 117025K->21636K(142848K), 0.0014570 secs] [Times: user=0.01 sys=0.00, real=0.00 secs] 
219.630: Total time for which application threads were stopped: 0.0015990 seconds, Stopping threads took: 0.0000630 seconds
219.801: Application time: 0.1710300 seconds
219.801: [GC [PSYoungGen: 97995K->5584K(95744K)] 114255K->21844K(139776K), 0.0018770 secs] [Times: user=0.02 sys=0.00, real=0.00 secs] 
219.803: Total time for which application threads were stopped: 0.0020660 seconds, Stopping threads took: 0.0001090 seconds
219.970: Application time: 0.1669920 seconds
219.970: [GC [PSYoungGen: 95415K->5392K(92672K)] 111676K->21889K(136704K), 0.0015440 secs] [Times: user=0.01 sys=0.00, real=0.01 secs] 
219.972: Total time for which application threads were stopped: 0.0016850 seconds, Stopping threads took: 0.0000590 seconds
220.139: Application time: 0.1670040 seconds
220.139: [GC [PSYoungGen: 92006K->4320K(88576K)] 108503K->20865K(132608K), 0.0014270 secs] [Times: user=0.00 sys=0.00, real=0.00 secs] 
220.140: Total time for which application threads were stopped: 0.0015900 seconds, Stopping threads took: 0.0000700 seconds
220.289: Application time: 0.1488360 seconds
220.289: [GC [PSYoungGen: 87297K->5376K(106496K)] 103843K->23969K(150528K), 0.0021390 secs] [Times: user=0.01 sys=0.00, real=0.01 secs] 
220.291: Total time for which application threads were stopped: 0.0023130 seconds, Stopping threads took: 0.0000860 seconds
220.481: Application time: 0.1897050 seconds
220.481: [GC [PSYoungGen: 105731K->5552K(102912K)] 124324K->24145K(146944K), 0.0017300 secs] [Times: user=0.01 sys=0.00, real=0.00 secs] 
220.483: Total time for which application threads were stopped: 0.0018660 seconds, Stopping threads took: 0.0000600 seconds
220.657: Application time: 0.1737110 seconds
220.657: [GC [PSYoungGen: 101940K->4352K(98304K)] 120533K->25237K(142336K), 0.0018390 secs] [Times: user=0.02 sys=0.00, real=0.00 secs] 
220.659: Total time for which application threads were stopped: 0.0020200 seconds, Stopping threads took: 0.0000930 seconds
220.832: Application time: 0.1731260 seconds
220.832: [GC [PSYoungGen: 97182K->6400K(97280K)] 118067K->27325K(141312K), 0.0019860 secs] [Times: user=0.01 sys=0.00, real=0.00 secs] 
220.834: Total time for which application threads were stopped: 0.0021310 seconds, Stopping threads took: 0.0000640 seconds
221.001: Application time: 0.1675850 seconds
221.003: [GC [PSYoungGen: 96322K->4352K(103936K)] 117247K->27325K(147968K), 0.0019450 secs] [Times: user=0.01 sys=0.00, real=0.00 secs] 
221.005: Total time for which application threads were stopped: 0.0036830 seconds, Stopping threads took: 0.0016530 seconds
221.185: Application time: 0.1802420 seconds
221.185: [GC [PSYoungGen: 103302K->6576K(107008K)] 126276K->29549K(151040K), 0.0018450 secs] [Times: user=0.01 sys=0.00, real=0.00 secs] 
221.187: Total time for which application threads were stopped: 0.0020090 seconds, Stopping threads took: 0.0000760 seconds
221.373: Application time: 0.1857620 seconds
221.373: [GC [PSYoungGen: 105217K->5360K(101376K)] 128191K->28577K(145408K), 0.0014330 secs] [Times: user=0.00 sys=0.00, real=0.00 secs] 
221.375: Total time for which application threads were stopped: 0.0016130 seconds, Stopping threads took: 0.0001020 seconds
221.554: Application time: 0.1793040 seconds
221.554: [GC [PSYoungGen: 100778K->6400K(99328K)] 123996K->29657K(143360K), 0.0015850 secs] [Times: user=0.01 sys=0.00, real=0.00 secs] 
221.556: Total time for which application threads were stopped: 0.0017490 seconds, Stopping threads took: 0.0000940 seconds
221.726: Application time: 0.1700360 seconds
221.726: [GC [PSYoungGen: 98342K->3360K(93184K)] 121600K->28665K(137216K), 0.0013220 secs] [Times: user=0.01 sys=0.00, real=0.00 secs] 
221.727: Total time for which application threads were stopped: 0.0014720 seconds, Stopping threads took: 0.0000590 seconds
221.892: Application time: 0.1642480 seconds
221.892: [GC [PSYoungGen: 92526K->6528K(93184K)] 117832K->31910K(137216K), 0.0016290 secs] [Times: user=0.01 sys=0.00, real=0.00 secs] 
221.893: Total time for which application threads were stopped: 0.0017690 seconds, Stopping threads took: 0.0000640 seconds
222.053: Application time: 0.1597830 seconds
222.053: [GC [PSYoungGen: 92965K->6416K(90112K)] 118347K->31978K(134144K), 0.0019420 secs] [Times: user=0.02 sys=0.00, real=0.00 secs] 
222.055: Total time for which application threads were stopped: 0.0021190 seconds, Stopping threads took: 0.0000920 seconds
222.209: Application time: 0.1542540 seconds
222.210: [GC [PSYoungGen: 89595K->5376K(86528K)] 115157K->30986K(130560K), 0.0017580 secs] [Times: user=0.01 sys=0.00, real=0.01 secs] 
222.211: Total time for which application threads were stopped: 0.0019080 seconds, Stopping threads took: 0.0000740 seconds
222.358: Application time: 0.1461950 seconds
222.358: [GC [PSYoungGen: 86244K->4352K(101888K)] 111854K->33034K(145920K), 0.0021350 secs] [Times: user=0.02 sys=0.00, real=0.00 secs] 
222.360: Total time for which application threads were stopped: 0.0022930 seconds, Stopping threads took: 0.0000650 seconds
222.542: Application time: 0.1817250 seconds
222.542: [GC [PSYoungGen: 101375K->5552K(110080K)] 130057K->34234K(154112K), 0.0016370 secs] [Times: user=0.01 sys=0.00, real=0.01 secs] 
222.543: Total time for which application threads were stopped: 0.0017850 seconds, Stopping threads took: 0.0000720 seconds
222.733: Application time: 0.1892200 seconds
222.733: [GC [PSYoungGen: 107281K->5376K(103936K)] 135963K->34298K(147968K), 0.0013160 secs] [Times: user=0.01 sys=0.00, real=0.00 secs] 
222.734: Total time for which application threads were stopped: 0.0014660 seconds, Stopping threads took: 0.0000760 seconds
222.918: Application time: 0.1838980 seconds
222.918: [GC [PSYoungGen: 103412K->4320K(99328K)] 132334K->33282K(143360K), 0.0014090 secs] [Times: user=0.01 sys=0.01, real=0.00 secs] 
222.920: Total time for which application threads were stopped: 0.0015830 seconds, Stopping threads took: 0.0000890 seconds
223.091: Application time: 0.1718240 seconds
223.091: [GC [PSYoungGen: 98287K->5440K(97280K)] 127250K->35426K(141312K), 0.0014290 secs] [Times: user=0.01 sys=0.00, real=0.00 secs] 
223.093: Total time for which application threads were stopped: 0.0015580 seconds, Stopping threads took: 0.0000550 seconds
223.272: Application time: 0.1795240 seconds
223.275: [GC [PSYoungGen: 96306K->2416K(91136K)] 126292K->32518K(135168K), 0.0013270 secs] [Times: user=0.01 sys=0.00, real=0.00 secs] 
223.276: Total time for which application threads were stopped: 0.0039610 seconds, Stopping threads took: 0.0025470 seconds
223.440: Application time: 0.1640180 seconds
223.441: [GC [PSYoungGen: 90360K->6400K(92160K)] 120462K->36678K(136192K), 0.0019200 secs] [Times: user=0.01 sys=0.00, real=0.00 secs] 
223.443: Total time for which application threads were stopped: 0.0020850 seconds, Stopping threads took: 0.0000740 seconds
223.596: Application time: 0.1533290 seconds
223.596: [GC [PSYoungGen: 91722K->6400K(89088K)] 122001K->36678K(133120K), 0.0021970 secs] [Times: user=0.01 sys=0.00, real=0.00 secs] 
223.598: Total time for which application threads were stopped: 0.0023560 seconds, Stopping threads took: 0.0000780 seconds
223.757: Application time: 0.1586890 seconds
223.757: [GC [PSYoungGen: 88263K->3328K(83456K)] 118542K->33606K(127488K), 0.0009840 secs] [Times: user=0.00 sys=0.00, real=0.00 secs] 
223.758: Total time for which application threads were stopped: 0.0011240 seconds, Stopping threads took: 0.0000690 seconds
223.901: Application time: 0.1425420 seconds
223.901: [GC [PSYoungGen: 83083K->6544K(104448K)] 113361K->36899K(148480K), 0.0020120 secs] [Times: user=0.01 sys=0.00, real=0.00 secs] 
223.903: Total time for which application threads were stopped: 0.0021660 seconds, Stopping threads took: 0.0000630 seconds
224.073: Application time: 0.1698620 seconds
224.073: [GC [PSYoungGen: 102683K->7424K(104448K)] 133038K->37955K(148480K), 0.0021840 secs] [Times: user=0.02 sys=0.00, real=0.00 secs] 
224.075: Total time for which application threads were stopped: 0.0023400 seconds, Stopping threads took: 0.0000700 seconds
224.255: Application time: 0.1801140 seconds
224.255: [GC [PSYoungGen: 102856K->5376K(104960K)] 133387K->35955K(148992K), 0.0014760 secs] [Times: user=0.01 sys=0.00, real=0.00 secs] 
224.257: Total time for which application threads were stopped: 0.0016380 seconds, Stopping threads took: 0.0000880 seconds
224.435: Application time: 0.1784950 seconds
224.435: [GC [PSYoungGen: 100780K->4368K(97280K)] 131359K->34947K(141312K), 0.0010780 secs] [Times: user=0.00 sys=0.00, real=0.00 secs] 
224.436: Total time for which application threads were stopped: 0.0012190 seconds, Stopping threads took: 0.0000750 seconds
224.599: Application time: 0.1624650 seconds
224.599: [GC [PSYoungGen: 96670K->7552K(97280K)] 127249K->38207K(141312K), 0.0020510 secs] [Times: user=0.01 sys=0.00, real=0.00 secs] 
224.601: Total time for which application threads were stopped: 0.0022170 seconds, Stopping threads took: 0.0000780 seconds
224.774: Application time: 0.1732800 seconds
224.775: [GC [PSYoungGen: 96389K->4368K(91136K)] 127044K->35195K(135168K), 0.0010960 secs] [Times: user=0.01 sys=0.00, real=0.00 secs] 
224.776: Total time for which application threads were stopped: 0.0012380 seconds, Stopping threads took: 0.0000650 seconds
224.931: Application time: 0.1548520 seconds
224.931: [GC [PSYoungGen: 90789K->5344K(89088K)] 121616K->36219K(133120K), 0.0016530 secs] [Times: user=0.01 sys=0.00, real=0.01 secs] 
224.932: Total time for which application threads were stopped: 0.0017980 seconds, Stopping threads took: 0.0000650 seconds
225.081: Application time: 0.1484540 seconds
225.081: [GC [PSYoungGen: 88085K->5376K(86528K)] 118960K->36251K(130560K), 0.0016610 secs] [Times: user=0.01 sys=0.00, real=0.00 secs] 
225.083: Total time for which application threads were stopped: 0.0018070 seconds, Stopping threads took: 0.0000670 seconds
225.235: Application time: 0.1527070 seconds
225.235: [GC [PSYoungGen: 85295K->4528K(82944K)] 116170K->35403K(126976K), 0.0014630 secs] [Times: user=0.01 sys=0.00, real=0.00 secs] 
225.237: Total time for which application threads were stopped: 0.0016090 seconds, Stopping threads took: 0.0000710 seconds
225.381: Application time: 0.1438720 seconds
225.381: [GC [PSYoungGen: 82032K->5408K(81408K)] 112908K->36519K(125440K), 0.0017720 secs] [Times: user=0.02 sys=0.00, real=0.00 secs] 
225.383: Total time for which application threads were stopped: 0.0019310 seconds, Stopping threads took: 0.0000770 seconds
225.522: Application time: 0.1390160 seconds
225.522: [GC [PSYoungGen: 81028K->5376K(78848K)] 112140K->36535K(122880K), 0.0017950 secs] [Times: user=0.01 sys=0.00, real=0.01 secs] 
225.524: Total time for which application threads were stopped: 0.0019540 seconds, Stopping threads took: 0.0000760 seconds
225.656: Application time: 0.1327650 seconds
225.657: [GC [PSYoungGen: 77577K->4304K(75776K)] 108737K->35463K(119808K), 0.0013730 secs] [Times: user=0.01 sys=0.00, real=0.00 secs] 
225.658: Total time for which application threads were stopped: 0.0015490 seconds, Stopping threads took: 0.0000950 seconds
225.787: Application time: 0.1285390 seconds
225.787: [GC [PSYoungGen: 75472K->5440K(91136K)] 106631K->36599K(135168K), 0.0017790 secs] [Times: user=0.01 sys=0.00, real=0.00 secs] 
225.788: Total time for which application threads were stopped: 0.0019460 seconds, Stopping threads took: 0.0000750 seconds
225.939: Application time: 0.1504700 seconds
225.939: [GC [PSYoungGen: 90312K->6496K(93184K)] 121472K->37772K(137216K), 0.0019130 secs] [Times: user=0.01 sys=0.00, real=0.00 secs] 
225.941: Total time for which application threads were stopped: 0.0020700 seconds, Stopping threads took: 0.0000680 seconds
226.099: Application time: 0.1580650 seconds
226.099: [GC [PSYoungGen: 92733K->5408K(94208K)] 124009K->36836K(138240K), 0.0015210 secs] [Times: user=0.01 sys=0.00, real=0.00 secs] 
226.101: Total time for which application threads were stopped: 0.0016640 seconds, Stopping threads took: 0.0000660 seconds
226.261: Application time: 0.1601050 seconds
226.261: [GC [PSYoungGen: 91000K->5344K(89088K)] 122428K->36812K(133120K), 0.0012820 secs] [Times: user=0.01 sys=0.00, real=0.00 secs] 
226.262: Total time for which application threads were stopped: 0.0014440 seconds, Stopping threads took: 0.0000850 seconds
226.409: Application time: 0.1463500 seconds
226.409: [GC [PSYoungGen: 88405K->7424K(108032K)] 119873K->38892K(152064K), 0.0017330 secs] [Times: user=0.01 sys=0.00, real=0.00 secs] 
226.411: Total time for which application threads were stopped: 0.0019120 seconds, Stopping threads took: 0.0000900 seconds
226.598: Application time: 0.1874680 seconds
226.598: [GC [PSYoungGen: 107776K->6544K(108544K)] 139244K->38012K(152576K), 0.0018080 secs] [Times: user=0.02 sys=0.00, real=0.00 secs] 
226.600: Total time for which application threads were stopped: 0.0019720 seconds, Stopping threads took: 0.0000800 seconds
226.790: Application time: 0.1902020 seconds
226.790: [GC [PSYoungGen: 107156K->3312K(101376K)] 138625K->35008K(145408K), 0.0011990 secs] [Times: user=0.00 sys=0.01, real=0.01 secs] 
226.792: Total time for which application threads were stopped: 0.0013590 seconds, Stopping threads took: 0.0000880 seconds
226.961: Application time: 0.1692710 seconds
226.961: [GC [PSYoungGen: 100417K->6400K(100864K)] 132113K->38144K(144896K), 0.0018260 secs] [Times: user=0.01 sys=0.00, real=0.00 secs] 
226.963: Total time for which application threads were stopped: 0.0020130 seconds, Stopping threads took: 0.0001040 seconds
227.137: Application time: 0.1744070 seconds
227.137: [GC [PSYoungGen: 100228K->6496K(97792K)] 131973K->38240K(141824K), 0.0020020 secs] [Times: user=0.01 sys=0.00, real=0.00 secs] 
227.139: Total time for which application threads were stopped: 0.0021520 seconds, Stopping threads took: 0.0000720 seconds
227.301: Application time: 0.1620420 seconds
227.302: [GC [PSYoungGen: 97148K->5440K(93696K)] 128892K->37340K(137728K), 0.0015750 secs] [Times: user=0.01 sys=0.00, real=0.01 secs] 
227.303: Total time for which application threads were stopped: 0.0017320 seconds, Stopping threads took: 0.0000800 seconds
227.470: Application time: 0.1666650 seconds
227.470: [GC [PSYoungGen: 93504K->6400K(91648K)] 125404K->38452K(135680K), 0.0020230 secs] [Times: user=0.01 sys=0.00, real=0.01 secs] 
227.472: Total time for which application threads were stopped: 0.0021780 seconds, Stopping threads took: 0.0000660 seconds
227.624: Application time: 0.1517870 seconds
227.624: [GC [PSYoungGen: 91325K->4352K(95232K)] 123377K->39476K(139264K), 0.0020560 secs] [Times: user=0.01 sys=0.00, real=0.00 secs] 
227.626: Total time for which application threads were stopped: 0.0022000 seconds, Stopping threads took: 0.0000640 seconds
227.801: Application time: 0.1751750 seconds
227.801: [GC [PSYoungGen: 94904K->5472K(98816K)] 130029K->40596K(142848K), 0.0016160 secs] [Times: user=0.01 sys=0.00, real=0.00 secs] 
227.803: Total time for which application threads were stopped: 0.0017700 seconds, Stopping threads took: 0.0000770 seconds
227.956: Application time: 0.1534660 seconds
227.957: [GC [PSYoungGen: 95080K->7488K(116736K)] 130205K->42761K(160768K), 0.0018770 secs] [Times: user=0.01 sys=0.00, real=0.00 secs] 
227.959: Total time for which application threads were stopped: 0.0020490 seconds, Stopping threads took: 0.0000920 seconds
228.162: Application time: 0.2037570 seconds
228.162: [GC [PSYoungGen: 115940K->7424K(117248K)] 151213K->42809K(161280K), 0.0017250 secs] [Times: user=0.00 sys=0.01, real=0.01 secs] 
228.164: Total time for which application threads were stopped: 0.0018900 seconds, Stopping threads took: 0.0000790 seconds
228.363: Application time: 0.1989100 seconds
228.363: [GC [PSYoungGen: 115711K->7392K(112128K)] 151096K->42825K(156160K), 0.0016050 secs] [Times: user=0.01 sys=0.00, real=0.00 secs] 
228.365: Total time for which application threads were stopped: 0.0017560 seconds, Stopping threads took: 0.0000710 seconds
228.557: Application time: 0.1923190 seconds
228.557: [GC [PSYoungGen: 111172K->7504K(108544K)] 146605K->42937K(152576K), 0.0019020 secs] [Times: user=0.00 sys=0.00, real=0.00 secs] 
228.559: Total time for which application threads were stopped: 0.0020490 seconds, Stopping threads took: 0.0000700 seconds
228.748: Application time: 0.1883060 seconds
228.748: [GC [PSYoungGen: 108353K->3360K(100864K)] 143786K->42109K(144896K), 0.0017480 secs] [Times: user=0.02 sys=0.00, real=0.00 secs] 
228.749: Total time for which application threads were stopped: 0.0019060 seconds, Stopping threads took: 0.0000640 seconds
228.928: Application time: 0.1787990 seconds
228.928: [GC [PSYoungGen: 100538K->3296K(97280K)] 139287K->42093K(141312K), 0.0011300 secs] [Times: user=0.00 sys=0.00, real=0.00 secs] 
228.929: Total time for which application threads were stopped: 0.0012840 seconds, Stopping threads took: 0.0000860 seconds
229.095: Application time: 0.1652780 seconds
229.095: [GC [PSYoungGen: 96164K->7424K(98304K)] 134962K->46221K(142336K), 0.0020650 secs] [Times: user=0.01 sys=0.01, real=0.00 secs] 
229.097: Total time for which application threads were stopped: 0.0022120 seconds, Stopping threads took: 0.0000660 seconds
229.269: Application time: 0.1724810 seconds
229.270: [GC [PSYoungGen: 97212K->3472K(91136K)] 136010K->42269K(135168K), 0.0012090 secs] [Times: user=0.00 sys=0.00, real=0.00 secs] 
229.271: Total time for which application threads were stopped: 0.0013620 seconds, Stopping threads took: 0.0000720 seconds
229.424: Application time: 0.1534000 seconds
229.424: [GC [PSYoungGen: 90736K->6368K(91136K)] 129534K->45409K(135168K), 0.0020220 secs] [Times: user=0.01 sys=0.00, real=0.00 secs] 
229.426: Total time for which application threads were stopped: 0.0021980 seconds, Stopping threads took: 0.0000930 seconds
229.580: Application time: 0.1531940 seconds
229.580: [GC [PSYoungGen: 90230K->6400K(88576K)] 129272K->45473K(132608K), 0.0020090 secs] [Times: user=0.01 sys=0.00, real=0.00 secs] 
229.582: Total time for which application threads were stopped: 0.0021710 seconds, Stopping threads took: 0.0000820 seconds
229.738: Application time: 0.1565270 seconds
229.738: [GC [PSYoungGen: 87915K->2304K(81920K)] 126988K->41377K(125952K), 0.0008900 secs] [Times: user=0.00 sys=0.00, real=0.00 secs] 
229.739: Total time for which application threads were stopped: 0.0010210 seconds, Stopping threads took: 0.0000660 seconds
229.884: Application time: 0.1443790 seconds
229.884: [GC [PSYoungGen: 81659K->4528K(81408K)] 120733K->43601K(125440K), 0.0014130 secs] [Times: user=0.01 sys=0.00, real=0.00 secs] 
229.885: Total time for which application threads were stopped: 0.0015770 seconds, Stopping threads took: 0.0000700 seconds
230.026: Application time: 0.1404140 seconds
230.026: [GC [PSYoungGen: 81318K->5376K(79872K)] 120391K->44694K(123904K), 0.0017890 secs] [Times: user=0.01 sys=0.00, real=0.00 secs] 
230.028: Total time for which application threads were stopped: 0.0020100 seconds, Stopping threads took: 0.0001440 seconds
230.161: Application time: 0.1328860 seconds
230.161: [GC [PSYoungGen: 78632K->5376K(77312K)] 117950K->44742K(121344K), 0.0017870 secs] [Times: user=0.01 sys=0.00, real=0.00 secs] 
230.163: Total time for which application threads were stopped: 0.0019530 seconds, Stopping threads took: 0.0000810 seconds
230.295: Application time: 0.1323230 seconds
230.295: [GC [PSYoungGen: 76523K->5376K(93696K)] 115889K->44742K(137728K), 0.0015450 secs] [Times: user=0.01 sys=0.00, real=0.00 secs] 
230.297: Total time for which application threads were stopped: 0.0016990 seconds, Stopping threads took: 0.0000700 seconds
230.447: Application time: 0.1501850 seconds
230.447: [GC [PSYoungGen: 91230K->7424K(94720K)] 130596K->46790K(138752K), 0.0021380 secs] [Times: user=0.01 sys=0.00, real=0.00 secs] 
230.449: Total time for which application threads were stopped: 0.0022990 seconds, Stopping threads took: 0.0000700 seconds
230.617: Application time: 0.1675380 seconds
230.617: [GC [PSYoungGen: 93287K->2448K(85504K)] 132653K->41814K(129536K), 0.0007190 secs] [Times: user=0.00 sys=0.00, real=0.00 secs] 
230.617: Total time for which application threads were stopped: 0.0008440 seconds, Stopping threads took: 0.0000560 seconds
230.765: Application time: 0.1479320 seconds
230.766: [GC [PSYoungGen: 85307K->6368K(105984K)] 124673K->45978K(150016K), 0.0018840 secs] [Times: user=0.02 sys=0.00, real=0.00 secs] 
230.767: Total time for which application threads were stopped: 0.0020350 seconds, Stopping threads took: 0.0000630 seconds
230.943: Application time: 0.1754660 seconds
230.943: [GC [PSYoungGen: 102399K->6400K(99840K)] 142010K->46050K(143872K), 0.0016530 secs] [Times: user=0.01 sys=0.00, real=0.00 secs] 
230.945: Total time for which application threads were stopped: 0.0018320 seconds, Stopping threads took: 0.0001070 seconds
231.110: Application time: 0.1655850 seconds
231.110: [GC [PSYoungGen: 99208K->7392K(106496K)] 138858K->47042K(150528K), 0.0022070 secs] [Times: user=0.01 sys=0.00, real=0.01 secs] 
231.113: Total time for which application threads were stopped: 0.0023770 seconds, Stopping threads took: 0.0000770 seconds
231.298: Application time: 0.1857280 seconds
231.299: [GC [PSYoungGen: 103756K->4560K(98304K)] 143407K->44210K(142336K), 0.0011250 secs] [Times: user=0.00 sys=0.01, real=0.00 secs] 
231.300: Total time for which application threads were stopped: 0.0013550 seconds, Stopping threads took: 0.0001550 seconds
231.466: Application time: 0.1660640 seconds
231.466: [GC [PSYoungGen: 98067K->6400K(97280K)] 137717K->46294K(141312K), 0.0018550 secs] [Times: user=0.01 sys=0.01, real=0.00 secs] 
231.468: Total time for which application threads were stopped: 0.0020190 seconds, Stopping threads took: 0.0000890 seconds
231.638: Application time: 0.1705270 seconds
231.639: [GC [PSYoungGen: 96694K->6368K(94208K)] 136589K->46302K(138240K), 0.0015630 secs] [Times: user=0.00 sys=0.01, real=0.00 secs] 
231.640: Total time for which application threads were stopped: 0.0017650 seconds, Stopping threads took: 0.0001090 seconds
231.795: Application time: 0.1547630 seconds
231.795: [GC [PSYoungGen: 93306K->6400K(91136K)] 133241K->46334K(135168K), 0.0018530 secs] [Times: user=0.01 sys=0.00, real=0.00 secs] 
231.797: Total time for which application threads were stopped: 0.0019980 seconds, Stopping threads took: 0.0000740 seconds
231.955: Application time: 0.1578170 seconds
231.955: [GC [PSYoungGen: 90793K->5600K(104960K)] 130728K->46558K(148992K), 0.0020420 secs] [Times: user=0.02 sys=0.00, real=0.00 secs] 
231.957: Total time for which application threads were stopped: 0.0021930 seconds, Stopping threads took: 0.0000640 seconds
232.139: Application time: 0.1824110 seconds
232.140: [GC [PSYoungGen: 104892K->4368K(100352K)] 145851K->45579K(144384K), 0.0013190 secs] [Times: user=0.01 sys=0.00, real=0.00 secs] 
232.141: Total time for which application threads were stopped: 0.0014650 seconds, Stopping threads took: 0.0000660 seconds
232.315: Application time: 0.1736580 seconds
232.315: [GC [PSYoungGen: 99693K->7424K(103936K)] 140904K->48675K(147968K), 0.0021090 secs] [Times: user=0.01 sys=0.00, real=0.00 secs] 
232.317: Total time for which application threads were stopped: 0.0022680 seconds, Stopping threads took: 0.0000720 seconds
232.490: Application time: 0.1734220 seconds
232.490: [GC [PSYoungGen: 101660K->7424K(104448K)] 142911K->48675K(148480K), 0.0022430 secs] [Times: user=0.02 sys=0.00, real=0.01 secs] 
232.493: Total time for which application threads were stopped: 0.0023860 seconds, Stopping threads took: 0.0000640 seconds
232.664: Application time: 0.1714690 seconds
232.664: [GC [PSYoungGen: 101880K->7648K(124416K)] 143131K->48899K(168448K), 0.0016780 secs] [Times: user=0.01 sys=0.00, real=0.00 secs] 
232.666: Total time for which application threads were stopped: 0.0018210 seconds, Stopping threads took: 0.0000640 seconds
232.878: Application time: 0.2122750 seconds
232.878: [GC [PSYoungGen: 121552K->3264K(114176K)] 162803K->44751K(158208K), 0.0008290 secs] [Times: user=0.00 sys=0.00, real=0.00 secs] 
232.879: Total time for which application threads were stopped: 0.0009680 seconds, Stopping threads took: 0.0000700 seconds
233.082: Application time: 0.2027430 seconds
233.082: [GC [PSYoungGen: 113856K->4256K(111616K)] 155343K->45783K(155648K), 0.0012620 secs] [Times: user=0.00 sys=0.00, real=0.01 secs] 
233.083: Total time for which application threads were stopped: 0.0014080 seconds, Stopping threads took: 0.0000790 seconds
233.275: Application time: 0.1913080 seconds
233.275: [GC [PSYoungGen: 110726K->5536K(108544K)] 152253K->47063K(152576K), 0.0017180 secs] [Times: user=0.01 sys=0.00, real=0.00 secs] 
233.276: Total time for which application threads were stopped: 0.0018790 seconds, Stopping threads took: 0.0000800 seconds
233.462: Application time: 0.1855290 seconds
233.462: [GC [PSYoungGen: 108448K->7424K(107008K)] 149975K->49195K(151040K), 0.0020990 secs] [Times: user=0.02 sys=0.00, real=0.01 secs] 
233.464: Total time for which application threads were stopped: 0.0022720 seconds, Stopping threads took: 0.0000990 seconds
233.653: Application time: 0.1890920 seconds
233.654: [GC [PSYoungGen: 106256K->5376K(101376K)] 148027K->47195K(145408K), 0.0018000 secs] [Times: user=0.01 sys=0.00, real=0.00 secs] 
233.655: Total time for which application threads were stopped: 0.0019650 seconds, Stopping threads took: 0.0000810 seconds
233.831: Application time: 0.1761430 seconds
233.832: [GC [PSYoungGen: 101053K->3344K(98304K)] 142873K->45163K(142336K), 0.0012050 secs] [Times: user=0.01 sys=0.00, real=0.00 secs] 
233.833: Total time for which application threads were stopped: 0.0013560 seconds, Stopping threads took: 0.0000720 seconds
233.997: Application time: 0.1646240 seconds
233.998: [GC [PSYoungGen: 95141K->5520K(95232K)] 136961K->47416K(139264K), 0.0018110 secs] [Times: user=0.01 sys=0.00, real=0.00 secs] 
233.999: Total time for which application threads were stopped: 0.0019660 seconds, Stopping threads took: 0.0000750 seconds
234.166: Application time: 0.1668410 seconds
234.166: [GC [PSYoungGen: 94829K->4352K(92672K)] 136725K->46424K(136704K), 0.0014680 secs] [Times: user=0.00 sys=0.00, real=0.00 secs] 
234.168: Total time for which application threads were stopped: 0.0016180 seconds, Stopping threads took: 0.0000760 seconds
234.324: Application time: 0.1563350 seconds
234.324: [GC [PSYoungGen: 90103K->5376K(89088K)] 132175K->47496K(133120K), 0.0018000 secs] [Times: user=0.01 sys=0.00, real=0.00 secs] 
234.326: Total time for which application threads were stopped: 0.0019610 seconds, Stopping threads took: 0.0000780 seconds
234.475: Application time: 0.1492220 seconds
234.476: [GC [PSYoungGen: 88390K->7424K(91648K)] 130510K->49544K(135680K), 0.0021070 secs] [Times: user=0.01 sys=0.00, real=0.00 secs] 
234.478: Total time for which application threads were stopped: 0.0022810 seconds, Stopping threads took: 0.0000840 seconds
234.633: Application time: 0.1550050 seconds
234.633: [GC [PSYoungGen: 89800K->4512K(84992K)] 131920K->46632K(129024K), 0.0014920 secs] [Times: user=0.01 sys=0.00, real=0.00 secs] 
234.634: Total time for which application threads were stopped: 0.0016340 seconds, Stopping threads took: 0.0000640 seconds
234.780: Application time: 0.1451970 seconds
234.780: [GC [PSYoungGen: 84634K->6432K(89600K)] 126754K->48804K(133632K), 0.0019760 secs] [Times: user=0.01 sys=0.00, real=0.00 secs] 
234.782: Total time for which application threads were stopped: 0.0021200 seconds, Stopping threads took: 0.0000590 seconds
234.928: Application time: 0.1461440 seconds
234.928: [GC [PSYoungGen: 86553K->4352K(89600K)] 128925K->46780K(133632K), 0.0013150 secs] [Times: user=0.01 sys=0.00, real=0.00 secs] 
234.929: Total time for which application threads were stopped: 0.0014700 seconds, Stopping threads took: 0.0000750 seconds
235.073: Application time: 0.1435080 seconds
235.073: [GC [PSYoungGen: 84236K->7424K(104960K)] 126665K->49852K(148992K), 0.0017360 secs] [Times: user=0.01 sys=0.00, real=0.00 secs] 
235.075: Total time for which application threads were stopped: 0.0019090 seconds, Stopping threads took: 0.0000790 seconds
235.251: Application time: 0.1767130 seconds
235.252: [GC [PSYoungGen: 102849K->7584K(105472K)] 145277K->50012K(149504K), 0.0019520 secs] [Times: user=0.01 sys=0.00, real=0.00 secs] 
235.254: Total time for which application threads were stopped: 0.0021040 seconds, Stopping threads took: 0.0000740 seconds
235.434: Application time: 0.1805290 seconds
235.434: [GC [PSYoungGen: 103808K->3360K(96256K)] 146236K->46000K(140288K), 0.0009410 secs] [Times: user=0.01 sys=0.00, real=0.00 secs] 
235.435: Total time for which application threads were stopped: 0.0010730 seconds, Stopping threads took: 0.0000620 seconds
235.604: Application time: 0.1687960 seconds
235.604: [GC [PSYoungGen: 96000K->6400K(96256K)] 138640K->49116K(140288K), 0.0016940 secs] [Times: user=0.01 sys=0.00, real=0.00 secs] 
235.606: Total time for which application threads were stopped: 0.0018370 seconds, Stopping threads took: 0.0000630 seconds
235.769: Application time: 0.1632490 seconds
235.769: [GC [PSYoungGen: 95297K->4352K(91136K)] 138014K->47068K(135168K), 0.0011260 secs] [Times: user=0.00 sys=0.00, real=0.00 secs] 
235.770: Total time for which application threads were stopped: 0.0012650 seconds, Stopping threads took: 0.0000590 seconds
235.928: Application time: 0.1577710 seconds
235.928: [GC [PSYoungGen: 89914K->5536K(89088K)] 132631K->48252K(133120K), 0.0015310 secs] [Times: user=0.01 sys=0.00, real=0.00 secs] 
235.930: Total time for which application threads were stopped: 0.0016660 seconds, Stopping threads took: 0.0000590 seconds
236.078: Application time: 0.1478370 seconds
236.078: [GC [PSYoungGen: 88883K->5392K(86528K)] 131600K->48353K(130560K), 0.0017930 secs] [Times: user=0.01 sys=0.00, real=0.00 secs] 
236.080: Total time for which application threads were stopped: 0.0019490 seconds, Stopping threads took: 0.0000660 seconds
236.229: Application time: 0.1498410 seconds
236.229: [GC [PSYoungGen: 85332K->7424K(104448K)] 128293K->50417K(148480K), 0.0020400 secs] [Times: user=0.01 sys=0.00, real=0.01 secs] 
236.232: Total time for which application threads were stopped: 0.0022050 seconds, Stopping threads took: 0.0000740 seconds
236.402: Application time: 0.1702490 seconds
236.402: [GC [PSYoungGen: 102151K->5376K(98304K)] 145144K->48369K(142336K), 0.0015920 secs] [Times: user=0.01 sys=0.01, real=0.01 secs] 
236.404: Total time for which application threads were stopped: 0.0017480 seconds, Stopping threads took: 0.0000770 seconds
236.579: Application time: 0.1752190 seconds
236.579: [GC [PSYoungGen: 97730K->4480K(94208K)] 140723K->47473K(138240K), 0.0014460 secs] [Times: user=0.01 sys=0.00, real=0.00 secs] 
236.580: Total time for which application threads were stopped: 0.0016030 seconds, Stopping threads took: 0.0000800 seconds
236.740: Application time: 0.1593100 seconds
236.740: [GC [PSYoungGen: 93569K->5328K(92160K)] 136562K->48521K(136192K), 0.0018000 secs] [Times: user=0.01 sys=0.00, real=0.00 secs] 
236.742: Total time for which application threads were stopped: 0.0020230 seconds, Stopping threads took: 0.0001310 seconds
236.898: Application time: 0.1562670 seconds
236.898: [GC [PSYoungGen: 91856K->7424K(95232K)] 135049K->50693K(139264K), 0.0022020 secs] [Times: user=0.01 sys=0.00, real=0.00 secs] 
236.900: Total time for which application threads were stopped: 0.0023550 seconds, Stopping threads took: 0.0000700 seconds
237.065: Application time: 0.1649060 seconds
237.065: [GC [PSYoungGen: 93655K->6400K(113152K)] 136925K->49669K(157184K), 0.0014690 secs] [Times: user=0.01 sys=0.00, real=0.00 secs] 
237.067: Total time for which application threads were stopped: 0.0016040 seconds, Stopping threads took: 0.0000600 seconds
237.253: Application time: 0.1863700 seconds
237.253: [GC [PSYoungGen: 109356K->4448K(104960K)] 152625K->47717K(148992K), 0.0011120 secs] [Times: user=0.01 sys=0.00, real=0.00 secs] 
237.255: Total time for which application threads were stopped: 0.0012600 seconds, Stopping threads took: 0.0000650 seconds
237.432: Application time: 0.1771600 seconds
237.432: [GC [PSYoungGen: 103817K->7456K(104448K)] 147086K->50945K(148480K), 0.0021410 secs] [Times: user=0.01 sys=0.00, real=0.00 secs] 
237.434: Total time for which application threads were stopped: 0.0022990 seconds, Stopping threads took: 0.0000710 seconds
237.618: Application time: 0.1842120 seconds
237.618: [GC [PSYoungGen: 103913K->5376K(98816K)] 147403K->48937K(142848K), 0.0017970 secs] [Times: user=0.02 sys=0.00, real=0.00 secs] 
237.620: Total time for which application threads were stopped: 0.0019520 seconds, Stopping threads took: 0.0000790 seconds
237.791: Application time: 0.1712360 seconds
237.791: [GC [PSYoungGen: 98429K->4352K(94720K)] 141990K->47913K(138752K), 0.0012890 secs] [Times: user=0.01 sys=0.00, real=0.00 secs] 
237.793: Total time for which application threads were stopped: 0.0014330 seconds, Stopping threads took: 0.0000590 seconds
237.955: Application time: 0.1617300 seconds
237.955: [GC [PSYoungGen: 93571K->5504K(92672K)] 137133K->49065K(136704K), 0.0018480 secs] [Times: user=0.01 sys=0.00, real=0.00 secs] 
237.957: Total time for which application threads were stopped: 0.0019970 seconds, Stopping threads took: 0.0000650 seconds
238.113: Application time: 0.1562750 seconds
238.113: [GC [PSYoungGen: 91859K->6384K(90624K)] 135421K->50182K(134656K), 0.0019810 secs] [Times: user=0.01 sys=0.00, real=0.00 secs] 
238.115: [Full GC [PSYoungGen: 6384K->0K(90624K)] [ParOldGen: 43798K->10007K(43008K)] 50182K->10007K(133632K) [PSPermGen: 5528K->5528K(21504K)], 0.0066370 secs] [Times: user=0.04 sys=0.00, real=0.00 secs] 
238.122: Total time for which application threads were stopped: 0.0088120 seconds, Stopping threads took: 0.0000640 seconds
238.280: Application time: 0.1586110 seconds
238.280: [GC [PSYoungGen: 83968K->5376K(87040K)] 93975K->15383K(130048K), 0.0016080 secs] [Times: user=0.01 sys=0.00, real=0.00 secs] 
238.282: Total time for which application threads were stopped: 0.0017750 seconds, Stopping threads took: 0.0000920 seconds
238.430: Application time: 0.1481220 seconds
238.430: [GC [PSYoungGen: 86762K->5376K(84480K)] 96770K->15383K(127488K), 0.0016580 secs] [Times: user=0.01 sys=0.00, real=0.01 secs] 
238.432: Total time for which application threads were stopped: 0.0018150 seconds, Stopping threads took: 0.0000670 seconds
238.570: Application time: 0.1381050 seconds
238.570: [GC [PSYoungGen: 83410K->6512K(88064K)] 93418K->16519K(131072K), 0.0019820 secs] [Times: user=0.02 sys=0.00, real=0.01 secs] 
238.572: Total time for which application threads were stopped: 0.0021330 seconds, Stopping threads took: 0.0000640 seconds
238.716: Application time: 0.1436360 seconds
238.716: [GC [PSYoungGen: 85571K->6400K(102912K)] 95578K->16547K(145920K), 0.0015070 secs] [Times: user=0.01 sys=0.00, real=0.00 secs] 
238.718: Total time for which application threads were stopped: 0.0016640 seconds, Stopping threads took: 0.0000770 seconds
238.897: Application time: 0.1793780 seconds
238.897: [GC [PSYoungGen: 100649K->5376K(97280K)] 110797K->15668K(140288K), 0.0013310 secs] [Times: user=0.01 sys=0.00, real=0.00 secs] 
238.898: Total time for which application threads were stopped: 0.0014770 seconds, Stopping threads took: 0.0000720 seconds
239.060: Application time: 0.1617280 seconds
239.060: [GC [PSYoungGen: 96052K->6336K(95232K)] 106344K->16628K(138240K), 0.0017430 secs] [Times: user=0.01 sys=0.00, real=0.00 secs] 
239.062: Total time for which application threads were stopped: 0.0018960 seconds, Stopping threads took: 0.0000680 seconds
239.228: Application time: 0.1657090 seconds
239.228: [GC [PSYoungGen: 94237K->4400K(90112K)] 104529K->14692K(133120K), 0.0014290 secs] [Times: user=0.01 sys=0.00, real=0.00 secs] 
239.229: Total time for which application threads were stopped: 0.0015700 seconds, Stopping threads took: 0.0000650 seconds
239.382: Application time: 0.1524730 seconds
239.382: [GC [PSYoungGen: 89215K->6464K(89088K)] 99507K->16904K(132096K), 0.0018020 secs] [Times: user=0.01 sys=0.00, real=0.01 secs] 
239.384: Total time for which application threads were stopped: 0.0019460 seconds, Stopping threads took: 0.0000720 seconds
239.531: Application time: 0.1469580 seconds
239.531: [GC [PSYoungGen: 88369K->5344K(93696K)] 98809K->15928K(136704K), 0.0016040 secs] [Times: user=0.01 sys=0.00, real=0.01 secs] 
239.532: Total time for which application threads were stopped: 0.0017610 seconds, Stopping threads took: 0.0000810 seconds
239.694: Application time: 0.1611280 seconds
239.694: [GC [PSYoungGen: 90437K->5376K(88064K)] 101022K->15960K(131072K), 0.0012040 secs] [Times: user=0.01 sys=0.00, real=0.00 secs] 
239.695: Total time for which application threads were stopped: 0.0013440 seconds, Stopping threads took: 0.0000610 seconds
239.843: Application time: 0.1477960 seconds
239.843: [GC [PSYoungGen: 87781K->5376K(85504K)] 98366K->15960K(128512K), 0.0016620 secs] [Times: user=0.01 sys=0.00, real=0.01 secs] 
239.845: Total time for which application threads were stopped: 0.0018160 seconds, Stopping threads took: 0.0000750 seconds
239.987: Application time: 0.1421600 seconds
239.987: [GC [PSYoungGen: 84708K->5568K(82944K)] 95292K->17176K(125952K), 0.0016340 secs] [Times: user=0.00 sys=0.01, real=0.00 secs] 
239.988: Total time for which application threads were stopped: 0.0017920 seconds, Stopping threads took: 0.0000820 seconds
240.132: Application time: 0.1435350 seconds
240.132: [GC [PSYoungGen: 82329K->5376K(100352K)] 93938K->17228K(143360K), 0.0015400 secs] [Times: user=0.01 sys=0.00, real=0.00 secs] 
240.134: Total time for which application threads were stopped: 0.0016700 seconds, Stopping threads took: 0.0000550 seconds
240.303: Application time: 0.1696010 seconds
240.303: [GC [PSYoungGen: 97185K->5376K(95232K)] 109038K->17268K(138240K), 0.0015850 secs] [Times: user=0.01 sys=0.00, real=0.00 secs] 
240.305: Total time for which application threads were stopped: 0.0017430 seconds, Stopping threads took: 0.0000670 seconds
240.465: Application time: 0.1601600 seconds
240.465: [GC [PSYoungGen: 94090K->6400K(99328K)] 105982K->19316K(142336K), 0.0020930 secs] [Times: user=0.01 sys=0.00, real=0.00 secs] 
240.467: Total time for which application threads were stopped: 0.0022400 seconds, Stopping threads took: 0.0000670 seconds
240.638: Application time: 0.1709880 seconds
240.639: [GC [PSYoungGen: 97869K->5600K(94720K)] 110786K->18516K(137728K), 0.0012850 secs] [Times: user=0.00 sys=0.01, real=0.00 secs] 
240.640: Total time for which application threads were stopped: 0.0017580 seconds, Stopping threads took: 0.0000880 seconds
240.797: Application time: 0.1566610 seconds
240.797: [GC [PSYoungGen: 94342K->6432K(113664K)] 107259K->20621K(156672K), 0.0018910 secs] [Times: user=0.01 sys=0.00, real=0.00 secs] 
240.799: Total time for which application threads were stopped: 0.0020720 seconds, Stopping threads took: 0.0000960 seconds
240.996: Application time: 0.1971080 seconds
240.996: [GC [PSYoungGen: 112626K->5344K(108544K)] 126815K->19573K(151552K), 0.0015840 secs] [Times: user=0.01 sys=0.00, real=0.00 secs] 
240.998: Total time for which application threads were stopped: 0.0017670 seconds, Stopping threads took: 0.0000950 seconds
241.187: Application time: 0.1893920 seconds
241.187: [GC [PSYoungGen: 108164K->6368K(105984K)] 122393K->20597K(148992K), 0.0020060 secs] [Times: user=0.01 sys=0.00, real=0.00 secs] 
241.189: Total time for which application threads were stopped: 0.0021560 seconds, Stopping threads took: 0.0000710 seconds
241.373: Application time: 0.1835180 seconds
241.373: [GC [PSYoungGen: 105367K->3536K(99328K)] 119596K->19813K(142336K), 0.0014730 secs] [Times: user=0.01 sys=0.00, real=0.00 secs] 
241.374: Total time for which application threads were stopped: 0.0016140 seconds, Stopping threads took: 0.0000670 seconds
241.542: Application time: 0.1675800 seconds
241.542: [GC [PSYoungGen: 98762K->6400K(99328K)] 115039K->22957K(142336K), 0.0019730 secs] [Times: user=0.01 sys=0.00, real=0.01 secs] 
241.544: Total time for which application threads were stopped: 0.0021370 seconds, Stopping threads took: 0.0000820 seconds
241.718: Application time: 0.1738810 seconds
241.718: [GC [PSYoungGen: 98470K->5376K(95232K)] 115027K->22957K(138240K), 0.0018220 secs] [Times: user=0.02 sys=0.00, real=0.00 secs] 
241.720: Total time for which application threads were stopped: 0.0019800 seconds, Stopping threads took: 0.0000710 seconds
241.880: Application time: 0.1599030 seconds
241.880: [GC [PSYoungGen: 94976K->6400K(104448K)] 112557K->23981K(147456K), 0.0018670 secs] [Times: user=0.02 sys=0.00, real=0.00 secs] 
241.882: Total time for which application threads were stopped: 0.0020080 seconds, Stopping threads took: 0.0000580 seconds
242.058: Application time: 0.1760090 seconds
242.058: [GC [PSYoungGen: 102466K->6560K(99840K)] 120047K->24181K(142848K), 0.0015490 secs] [Times: user=0.00 sys=0.01, real=0.00 secs] 
242.060: Total time for which application threads were stopped: 0.0017060 seconds, Stopping threads took: 0.0000730 seconds
242.233: Application time: 0.1734680 seconds
242.233: [GC [PSYoungGen: 98819K->5376K(95744K)] 116440K->23241K(138752K), 0.0017960 secs] [Times: user=0.00 sys=0.00, real=0.00 secs] 
242.235: Total time for which application threads were stopped: 0.0019770 seconds, Stopping threads took: 0.0001030 seconds
242.395: Application time: 0.1597250 seconds
242.395: [GC [PSYoungGen: 94680K->4352K(91648K)] 112545K->24265K(134656K), 0.0015950 secs] [Times: user=0.01 sys=0.00, real=0.00 secs] 
242.397: Total time for which application threads were stopped: 0.0017610 seconds, Stopping threads took: 0.0000800 seconds
242.557: Application time: 0.1602000 seconds
242.557: [GC [PSYoungGen: 91043K->6368K(108032K)] 110956K->26281K(151040K), 0.0018360 secs] [Times: user=0.01 sys=0.00, real=0.00 secs] 
242.559: Total time for which application threads were stopped: 0.0019830 seconds, Stopping threads took: 0.0000630 seconds
242.739: Application time: 0.1805220 seconds
242.739: [GC [PSYoungGen: 106445K->7536K(112128K)] 126359K->27542K(155136K), 0.0019020 secs] [Times: user=0.01 sys=0.00, real=0.00 secs] 
242.741: Total time for which application threads were stopped: 0.0020770 seconds, Stopping threads took: 0.0000900 seconds
242.933: Application time: 0.1913990 seconds
242.933: [GC [PSYoungGen: 110477K->6400K(112640K)] 130483K->26626K(155648K), 0.0019380 secs] [Times: user=0.01 sys=0.00, real=0.00 secs] 
242.935: Total time for which application threads were stopped: 0.0020990 seconds, Stopping threads took: 0.0000760 seconds
243.128: Application time: 0.1927140 seconds
243.128: [GC [PSYoungGen: 110332K->6368K(107008K)] 130558K->26594K(150016K), 0.0014200 secs] [Times: user=0.01 sys=0.00, real=0.00 secs] 
243.129: Total time for which application threads were stopped: 0.0015850 seconds, Stopping threads took: 0.0000860 seconds
243.312: Application time: 0.1824070 seconds
243.312: [GC [PSYoungGen: 106044K->4528K(101376K)] 126270K->24754K(144384K), 0.0013380 secs] [Times: user=0.01 sys=0.00, real=0.00 secs] 
243.313: Total time for which application threads were stopped: 0.0015320 seconds, Stopping threads took: 0.0001050 seconds
243.484: Application time: 0.1705090 seconds
243.484: [GC [PSYoungGen: 101115K->5376K(98816K)] 121341K->27898K(141824K), 0.0018920 secs] [Times: user=0.01 sys=0.00, real=0.00 secs] 
243.486: Total time for which application threads were stopped: 0.0020500 seconds, Stopping threads took: 0.0000850 seconds
243.660: Application time: 0.1745830 seconds
243.660: [GC [PSYoungGen: 97591K->5376K(95744K)] 120113K->27946K(138752K), 0.0016660 secs] [Times: user=0.01 sys=0.00, real=0.00 secs] 
243.662: Total time for which application threads were stopped: 0.0018190 seconds, Stopping threads took: 0.0000790 seconds
243.823: Application time: 0.1611750 seconds
243.823: [GC [PSYoungGen: 94764K->5312K(92672K)] 117334K->28906K(135680K), 0.0017220 secs] [Times: user=0.01 sys=0.00, real=0.00 secs] 
243.825: Total time for which application threads were stopped: 0.0018740 seconds, Stopping threads took: 0.0000710 seconds
243.989: Application time: 0.1636630 seconds
243.989: [GC [PSYoungGen: 91536K->4528K(88576K)] 115131K->28122K(131584K), 0.0014880 secs] [Times: user=0.01 sys=0.00, real=0.00 secs] 
243.990: Total time for which application threads were stopped: 0.0016280 seconds, Stopping threads took: 0.0000640 seconds
244.141: Application time: 0.1502450 seconds
244.141: [GC [PSYoungGen: 87981K->3328K(84992K)] 111576K->27154K(128000K), 0.0011780 secs] [Times: user=0.00 sys=0.00, real=0.00 secs] 
244.142: Total time for which application threads were stopped: 0.0013060 seconds, Stopping threads took: 0.0000580 seconds
244.288: Application time: 0.1456650 seconds
244.288: [GC [PSYoungGen: 83996K->7392K(86528K)] 107823K->31266K(129536K), 0.0022010 secs] [Times: user=0.01 sys=0.00, real=0.00 secs] 
244.290: Total time for which application threads were stopped: 0.0023450 seconds, Stopping threads took: 0.0000580 seconds
244.438: Application time: 0.1479970 seconds
244.438: [GC [PSYoungGen: 85404K->3328K(79872K)] 109279K->27202K(122880K), 0.0010780 secs] [Times: user=0.01 sys=0.00, real=0.00 secs] 
244.439: Total time for which application threads were stopped: 0.0012040 seconds, Stopping threads took: 0.0000510 seconds
244.576: Application time: 0.1372200 seconds
244.577: [GC [PSYoungGen: 79213K->5440K(79360K)] 103088K->29314K(122368K), 0.0016640 secs] [Times: user=0.01 sys=0.00, real=0.00 secs] 
244.578: Total time for which application threads were stopped: 0.0018100 seconds, Stopping threads took: 0.0000630 seconds
244.713: Application time: 0.1348490 seconds
244.713: [GC [PSYoungGen: 79157K->6512K(95232K)] 103032K->30495K(138240K), 0.0020270 secs] [Times: user=0.01 sys=0.00, real=0.00 secs] 
244.715: Total time for which application threads were stopped: 0.0021740 seconds, Stopping threads took: 0.0000630 seconds
244.877: Application time: 0.1612250 seconds
244.877: [GC [PSYoungGen: 94919K->5408K(101376K)] 118901K->29527K(144384K), 0.0016900 secs] [Times: user=0.01 sys=0.00, real=0.00 secs] 
244.878: Total time for which application threads were stopped: 0.0018600 seconds, Stopping threads took: 0.0000890 seconds
245.050: Application time: 0.1715000 seconds
245.050: [GC [PSYoungGen: 97679K->4320K(94208K)] 121798K->28487K(137216K), 0.0011110 secs] [Times: user=0.01 sys=0.00, real=0.01 secs] 
245.051: Total time for which application threads were stopped: 0.0012740 seconds, Stopping threads took: 0.0000730 seconds
245.213: Application time: 0.1616050 seconds
245.213: [GC [PSYoungGen: 93651K->6336K(111104K)] 117819K->30503K(154112K), 0.0019170 secs] [Times: user=0.01 sys=0.00, real=0.00 secs] 
245.215: Total time for which application threads were stopped: 0.0020670 seconds, Stopping threads took: 0.0000640 seconds
245.403: Application time: 0.1882110 seconds
245.403: [GC [PSYoungGen: 108606K->5504K(104960K)] 132773K->29671K(147968K), 0.0015800 secs] [Times: user=0.01 sys=0.00, real=0.00 secs] 
245.405: Total time for which application threads were stopped: 0.0017450 seconds, Stopping threads took: 0.0000930 seconds
245.587: Application time: 0.1818950 seconds
245.587: [GC [PSYoungGen: 104640K->5376K(101376K)] 128807K->29823K(144384K), 0.0019370 secs] [Times: user=0.01 sys=0.01, real=0.00 secs] 
245.589: Total time for which application threads were stopped: 0.0021030 seconds, Stopping threads took: 0.0000760 seconds
245.763: Application time: 0.1738240 seconds
245.763: [GC [PSYoungGen: 101110K->5376K(98304K)] 125558K->31871K(141312K), 0.0017880 secs] [Times: user=0.01 sys=0.01, real=0.01 secs] 
245.765: Total time for which application threads were stopped: 0.0019300 seconds, Stopping threads took: 0.0000640 seconds
245.935: Application time: 0.1707540 seconds
245.935: [GC [PSYoungGen: 97441K->4416K(94208K)] 123936K->30911K(137216K), 0.0014870 secs] [Times: user=0.01 sys=0.00, real=0.00 secs] 
245.937: Total time for which application threads were stopped: 0.0016400 seconds, Stopping threads took: 0.0000760 seconds
246.097: Application time: 0.1599930 seconds
246.097: [GC [PSYoungGen: 93704K->5472K(103424K)] 120200K->34163K(146432K), 0.0021620 secs] [Times: user=0.01 sys=0.00, real=0.00 secs] 
246.099: Total time for which application threads were stopped: 0.0023140 seconds, Stopping threads took: 0.0000560 seconds
246.282: Application time: 0.1827190 seconds
246.282: [GC [PSYoungGen: 102996K->4352K(98816K)] 131687K->33191K(141824K), 0.0013370 secs] [Times: user=0.01 sys=0.00, real=0.01 secs] 
246.283: Total time for which application threads were stopped: 0.0014820 seconds, Stopping threads took: 0.0000680 seconds
246.452: Application time: 0.1683750 seconds
246.452: [GC [PSYoungGen: 98560K->6400K(97792K)] 127399K->35239K(140800K), 0.0018500 secs] [Times: user=0.01 sys=0.00, real=0.00 secs] 
246.454: Total time for which application threads were stopped: 0.0020110 seconds, Stopping threads took: 0.0000770 seconds
246.620: Application time: 0.1658570 seconds
246.620: [GC [PSYoungGen: 97449K->6528K(101376K)] 126289K->35367K(144384K), 0.0019450 secs] [Times: user=0.01 sys=0.00, real=0.00 secs] 
246.622: Total time for which application threads were stopped: 0.0021050 seconds, Stopping threads took: 0.0000680 seconds
246.795: Application time: 0.1732330 seconds
246.795: [GC [PSYoungGen: 99229K->6480K(97280K)] 128068K->35500K(140288K), 0.0016300 secs] [Times: user=0.01 sys=0.00, real=0.00 secs] 
246.797: Total time for which application threads were stopped: 0.0017960 seconds, Stopping threads took: 0.0000900 seconds
246.960: Application time: 0.1636300 seconds
246.961: [GC [PSYoungGen: 96778K->7424K(115712K)] 125798K->36548K(158720K), 0.0017800 secs] [Times: user=0.01 sys=0.00, real=0.00 secs] 
246.962: Total time for which application threads were stopped: 0.0019370 seconds, Stopping threads took: 0.0000740 seconds
247.159: Application time: 0.1969140 seconds
247.159: [GC [PSYoungGen: 114610K->6400K(110080K)] 143734K->35524K(153088K), 0.0017950 secs] [Times: user=0.02 sys=0.00, real=0.00 secs] 
247.161: Total time for which application threads were stopped: 0.0019640 seconds, Stopping threads took: 0.0000780 seconds
247.352: Application time: 0.1906730 seconds
247.355: [GC [PSYoungGen: 109824K->5568K(105472K)] 138948K->34692K(148480K), 0.0018610 secs] [Times: user=0.01 sys=0.00, real=0.00 secs] 
247.357: Total time for which application threads were stopped: 0.0050150 seconds, Stopping threads took: 0.0030750 seconds
247.541: Application time: 0.1837720 seconds
247.541: [GC [PSYoungGen: 104986K->5392K(101888K)] 134110K->35792K(144896K), 0.0017380 secs] [Times: user=0.01 sys=0.00, real=0.00 secs] 
247.543: Total time for which application threads were stopped: 0.0018900 seconds, Stopping threads took: 0.0000740 seconds
247.714: Application time: 0.1708830 seconds
247.714: [GC [PSYoungGen: 101648K->7424K(110080K)] 132048K->37864K(153088K), 0.0020540 secs] [Times: user=0.01 sys=0.01, real=0.00 secs] 
247.716: Total time for which application threads were stopped: 0.0022120 seconds, Stopping threads took: 0.0000670 seconds
247.903: Application time: 0.1868430 seconds
247.903: [GC [PSYoungGen: 108294K->5376K(103936K)] 138734K->35816K(146944K), 0.0012080 secs] [Times: user=0.00 sys=0.01, real=0.01 secs] 
247.904: Total time for which application threads were stopped: 0.0013520 seconds, Stopping threads took: 0.0000700 seconds
248.086: Application time: 0.1815510 seconds
248.086: [GC [PSYoungGen: 103420K->5568K(100352K)] 133861K->36008K(143360K), 0.0018090 secs] [Times: user=0.01 sys=0.00, real=0.00 secs] 
248.087: Total time for which application threads were stopped: 0.0019690 seconds, Stopping threads took: 0.0000840 seconds
248.262: Application time: 0.1746360 seconds
248.262: [GC [PSYoungGen: 100133K->4352K(96256K)] 130574K->35064K(139264K), 0.0011260 secs] [Times: user=0.00 sys=0.00, real=0.01 secs] 
248.263: Total time for which application threads were stopped: 0.0012920 seconds, Stopping threads took: 0.0000810 seconds
248.429: Application time: 0.1657630 seconds
248.429: [GC [PSYoungGen: 95921K->6400K(95232K)] 126634K->37112K(138240K), 0.0019940 secs] [Times: user=0.02 sys=0.00, real=0.01 secs] 
248.431: Total time for which application threads were stopped: 0.0021630 seconds, Stopping threads took: 0.0000860 seconds
248.593: Application time: 0.1616420 seconds
248.593: [GC [PSYoungGen: 94372K->4416K(90112K)] 125085K->35128K(133120K), 0.0013140 secs] [Times: user=0.01 sys=0.00, real=0.00 secs] 
248.594: Total time for which application threads were stopped: 0.0014730 seconds, Stopping threads took: 0.0000890 seconds
248.750: Application time: 0.1558770 seconds
248.750: [GC [PSYoungGen: 89845K->5472K(88064K)] 120558K->36309K(131072K), 0.0017860 secs] [Times: user=0.01 sys=0.00, real=0.01 secs] 
248.752: Total time for which application threads were stopped: 0.0019540 seconds, Stopping threads took: 0.0000800 seconds
248.901: Application time: 0.1489700 seconds
248.901: [GC [PSYoungGen: 87734K->6368K(105984K)] 118571K->37373K(148992K), 0.0019580 secs] [Times: user=0.01 sys=0.00, real=0.01 secs] 
248.903: Total time for which application threads were stopped: 0.0021240 seconds, Stopping threads took: 0.0000770 seconds
249.087: Application time: 0.1836000 seconds
249.087: [GC [PSYoungGen: 104741K->5376K(101376K)] 135746K->36381K(144384K), 0.0015490 secs] [Times: user=0.01 sys=0.00, real=0.00 secs] 
249.089: Total time for which application threads were stopped: 0.0016930 seconds, Stopping threads took: 0.0000720 seconds
249.264: Application time: 0.1752250 seconds
249.264: [GC [PSYoungGen: 101110K->4416K(97280K)] 132115K->35421K(140288K), 0.0013420 secs] [Times: user=0.01 sys=0.00, real=0.00 secs] 
249.265: Total time for which application threads were stopped: 0.0014810 seconds, Stopping threads took: 0.0000710 seconds
249.433: Application time: 0.1673080 seconds
249.433: [GC [PSYoungGen: 96688K->5504K(95232K)] 127693K->36617K(138240K), 0.0017210 secs] [Times: user=0.01 sys=0.00, real=0.00 secs] 
249.435: Total time for which application threads were stopped: 0.0018710 seconds, Stopping threads took: 0.0000590 seconds
249.598: Application time: 0.1636070 seconds
249.598: [GC [PSYoungGen: 94194K->4352K(91136K)] 125307K->35649K(134144K), 0.0013140 secs] [Times: user=0.01 sys=0.00, real=0.00 secs] 
249.600: Total time for which application threads were stopped: 0.0014550 seconds, Stopping threads took: 0.0000700 seconds
249.756: Application time: 0.1565960 seconds
249.756: [GC [PSYoungGen: 90517K->5376K(89088K)] 121815K->36673K(132096K), 0.0017570 secs] [Times: user=0.01 sys=0.00, real=0.00 secs] 
249.758: Total time for which application threads were stopped: 0.0019120 seconds, Stopping threads took: 0.0000710 seconds
249.909: Application time: 0.1510910 seconds
249.909: [GC [PSYoungGen: 88497K->5360K(86528K)] 119794K->36657K(129536K), 0.0015610 secs] [Times: user=0.01 sys=0.00, real=0.00 secs] 
249.911: Total time for which application threads were stopped: 0.0017190 seconds, Stopping threads took: 0.0000780 seconds
250.057: Application time: 0.1460960 seconds
250.057: [GC [PSYoungGen: 85943K->6576K(92160K)] 117240K->37873K(135168K), 0.0019080 secs] [Times: user=0.01 sys=0.00, real=0.00 secs] 
250.059: Total time for which application threads were stopped: 0.0020820 seconds, Stopping threads took: 0.0000790 seconds
250.219: Application time: 0.1594800 seconds
250.219: [GC [PSYoungGen: 90830K->4352K(86528K)] 122127K->35893K(129536K), 0.0011700 secs] [Times: user=0.00 sys=0.01, real=0.00 secs] 
250.220: Total time for which application threads were stopped: 0.0013410 seconds, Stopping threads took: 0.0000880 seconds
250.365: Application time: 0.1446430 seconds
250.367: [GC [PSYoungGen: 86272K->6400K(101888K)] 117813K->37981K(144896K), 0.0018460 secs] [Times: user=0.01 sys=0.00, real=0.00 secs] 
250.369: Total time for which application threads were stopped: 0.0043880 seconds, Stopping threads took: 0.0024630 seconds
250.547: Application time: 0.1777510 seconds
250.547: [GC [PSYoungGen: 100227K->3328K(94720K)] 131809K->34909K(137728K), 0.0010350 secs] [Times: user=0.00 sys=0.00, real=0.00 secs] 
250.548: Total time for which application threads were stopped: 0.0012010 seconds, Stopping threads took: 0.0000980 seconds
250.710: Application time: 0.1622080 seconds
250.710: [GC [PSYoungGen: 94024K->6544K(94720K)] 125605K->38125K(137728K), 0.0019870 secs] [Times: user=0.02 sys=0.00, real=0.01 secs] 
250.712: Total time for which application threads were stopped: 0.0021420 seconds, Stopping threads took: 0.0000750 seconds
250.875: Application time: 0.1626990 seconds
250.875: [GC [PSYoungGen: 94608K->6368K(91648K)] 126189K->38134K(134656K), 0.0016970 secs] [Times: user=0.01 sys=0.00, real=0.00 secs] 
250.877: Total time for which application threads were stopped: 0.0018510 seconds, Stopping threads took: 0.0000710 seconds
251.030: Application time: 0.1536140 seconds
251.031: [GC [PSYoungGen: 90339K->6400K(98304K)] 122105K->38242K(141312K), 0.0018850 secs] [Times: user=0.01 sys=0.00, real=0.01 secs] 
251.033: Total time for which application threads were stopped: 0.0020380 seconds, Stopping threads took: 0.0000700 seconds
251.195: Application time: 0.1622170 seconds
251.195: [GC [PSYoungGen: 96032K->5376K(92672K)] 127874K->37218K(135680K), 0.0012760 secs] [Times: user=0.00 sys=0.01, real=0.00 secs] 
251.196: Total time for which application threads were stopped: 0.0014280 seconds, Stopping threads took: 0.0000730 seconds
251.358: Application time: 0.1618950 seconds
251.358: [GC [PSYoungGen: 92416K->5520K(89600K)] 124258K->37362K(132608K), 0.0018900 secs] [Times: user=0.01 sys=0.00, real=0.00 secs] 
251.360: Total time for which application threads were stopped: 0.0020630 seconds, Stopping threads took: 0.0000800 seconds
251.508: Application time: 0.1474840 seconds
251.508: [GC [PSYoungGen: 88702K->5392K(103424K)] 120544K->38466K(146432K), 0.0016010 secs] [Times: user=0.01 sys=0.00, real=0.00 secs] 
251.509: Total time for which application threads were stopped: 0.0017600 seconds, Stopping threads took: 0.0000860 seconds
251.692: Application time: 0.1830420 seconds
251.693: [GC [PSYoungGen: 102879K->5344K(99840K)] 135953K->38486K(142848K), 0.0016620 secs] [Times: user=0.01 sys=0.00, real=0.00 secs] 
251.694: Total time for which application threads were stopped: 0.0018400 seconds, Stopping threads took: 0.0000980 seconds
251.868: Application time: 0.1738310 seconds
251.868: [GC [PSYoungGen: 99531K->5376K(96768K)] 132673K->38518K(139776K), 0.0014940 secs] [Times: user=0.01 sys=0.00, real=0.00 secs] 
251.870: Total time for which application threads were stopped: 0.0016470 seconds, Stopping threads took: 0.0000640 seconds
252.035: Application time: 0.1653560 seconds
252.035: [GC [PSYoungGen: 96336K->7552K(101376K)] 129478K->40694K(144384K), 0.0021470 secs] [Times: user=0.01 sys=0.00, real=0.00 secs] 
252.037: Total time for which application threads were stopped: 0.0022970 seconds, Stopping threads took: 0.0000650 seconds
252.209: Application time: 0.1720280 seconds
252.210: [GC [PSYoungGen: 100275K->5440K(96256K)] 133417K->38754K(139264K), 0.0013450 secs] [Times: user=0.00 sys=0.00, real=0.00 secs] 
252.211: Total time for which application threads were stopped: 0.0014870 seconds, Stopping threads took: 0.0000660 seconds
252.373: Application time: 0.1623060 seconds
252.373: [GC [PSYoungGen: 95594K->7424K(95232K)] 128908K->40842K(138240K), 0.0020130 secs] [Times: user=0.01 sys=0.00, real=0.00 secs] 
252.375: Total time for which application threads were stopped: 0.0021710 seconds, Stopping threads took: 0.0000660 seconds
252.534: Application time: 0.1587970 seconds
252.534: [GC [PSYoungGen: 94008K->2272K(108032K)] 127427K->39786K(151040K), 0.0018040 secs] [Times: user=0.01 sys=0.01, real=0.00 secs] 
252.536: Total time for which application threads were stopped: 0.0019780 seconds, Stopping threads took: 0.0000890 seconds
252.734: Application time: 0.1978640 seconds
252.734: [GC [PSYoungGen: 106842K->5568K(107520K)] 144357K->43082K(150528K), 0.0016380 secs] [Times: user=0.01 sys=0.00, real=0.00 secs] 
252.736: Total time for which application threads were stopped: 0.0017920 seconds, Stopping threads took: 0.0000740 seconds
252.919: Application time: 0.1828350 seconds
252.919: [GC [PSYoungGen: 107184K->5392K(103936K)] 144699K->43159K(146944K), 0.0017290 secs] [Times: user=0.00 sys=0.00, real=0.00 secs] 
252.921: Total time for which application threads were stopped: 0.0018780 seconds, Stopping threads took: 0.0000630 seconds
253.100: Application time: 0.1798420 seconds
253.101: [GC [PSYoungGen: 102859K->7424K(108544K)] 140626K->45231K(151552K), 0.0021420 secs] [Times: user=0.02 sys=0.00, real=0.00 secs] 
253.103: Total time for which application threads were stopped: 0.0022950 seconds, Stopping threads took: 0.0000690 seconds
253.289: Application time: 0.1862490 seconds
253.289: [GC [PSYoungGen: 107162K->5424K(102400K)] 144969K->43231K(145408K), 0.0012850 secs] [Times: user=0.00 sys=0.00, real=0.00 secs] 
253.290: Total time for which application threads were stopped: 0.0014510 seconds, Stopping threads took: 0.0000970 seconds
253.464: Application time: 0.1740780 seconds
253.465: [GC [PSYoungGen: 101323K->7520K(100864K)] 139131K->45439K(143872K), 0.0020500 secs] [Times: user=0.01 sys=0.00, real=0.00 secs] 
253.467: Total time for which application threads were stopped: 0.0021950 seconds, Stopping threads took: 0.0000630 seconds
253.635: Application time: 0.1683130 seconds
253.635: [GC [PSYoungGen: 100422K->3328K(115712K)] 138341K->45527K(158720K), 0.0020020 secs] [Times: user=0.02 sys=0.00, real=0.00 secs] 
253.637: [Full GC [PSYoungGen: 3328K->0K(115712K)] [ParOldGen: 42199K->11040K(47104K)] 45527K->11040K(162816K) [PSPermGen: 5528K->5528K(21504K)], 0.0070460 secs] [Times: user=0.03 sys=0.00, real=0.01 secs] 
253.644: Total time for which application threads were stopped: 0.0092690 seconds, Stopping threads took: 0.0000900 seconds
253.850: Application time: 0.2052660 seconds
253.850: [GC [PSYoungGen: 111514K->7392K(121344K)] 122554K->18432K(168448K), 0.0022050 secs] [Times: user=0.02 sys=0.00, real=0.01 secs] 
253.852: Total time for which application threads were stopped: 0.0023710 seconds, Stopping threads took: 0.0000820 seconds
254.056: Application time: 0.2043220 seconds
254.056: [GC [PSYoungGen: 119520K->6544K(114688K)] 130560K->17584K(161792K), 0.0014320 secs] [Times: user=0.01 sys=0.00, real=0.00 secs] 
254.058: Total time for which application threads were stopped: 0.0015860 seconds, Stopping threads took: 0.0000630 seconds
254.256: Application time: 0.1979170 seconds
254.256: [GC [PSYoungGen: 114004K->5392K(109568K)] 125044K->16632K(156672K), 0.0014990 secs] [Times: user=0.01 sys=0.00, real=0.00 secs] 
254.257: Total time for which application threads were stopped: 0.0016380 seconds, Stopping threads took: 0.0000570 seconds
254.445: Application time: 0.1873490 seconds
254.445: [GC [PSYoungGen: 108335K->6368K(107008K)] 119576K->18700K(154112K), 0.0019780 secs] [Times: user=0.01 sys=0.00, real=0.00 secs] 
254.447: Total time for which application threads were stopped: 0.0021350 seconds, Stopping threads took: 0.0000820 seconds
254.636: Application time: 0.1893700 seconds
254.636: [GC [PSYoungGen: 106211K->4432K(101376K)] 118544K->16764K(148480K), 0.0013490 secs] [Times: user=0.01 sys=0.00, real=0.00 secs] 
254.638: Total time for which application threads were stopped: 0.0015320 seconds, Stopping threads took: 0.0000950 seconds
254.811: Application time: 0.1730160 seconds
254.811: [GC [PSYoungGen: 100241K->5520K(98816K)] 112574K->17968K(145920K), 0.0015460 secs] [Times: user=0.00 sys=0.01, real=0.01 secs] 
254.812: Total time for which application threads were stopped: 0.0016910 seconds, Stopping threads took: 0.0000740 seconds
254.981: Application time: 0.1682990 seconds
254.981: [GC [PSYoungGen: 98470K->7424K(97792K)] 110919K->20057K(144896K), 0.0025030 secs] [Times: user=0.02 sys=0.00, real=0.01 secs] 
254.983: Total time for which application threads were stopped: 0.0026670 seconds, Stopping threads took: 0.0000760 seconds
255.148: Application time: 0.1641830 seconds
255.148: [GC [PSYoungGen: 97044K->4352K(91648K)] 109677K->18008K(138752K), 0.0015220 secs] [Times: user=0.01 sys=0.00, real=0.00 secs] 
255.149: Total time for which application threads were stopped: 0.0016840 seconds, Stopping threads took: 0.0000760 seconds
255.311: Application time: 0.1612690 seconds
255.311: [GC [PSYoungGen: 91206K->5456K(89600K)] 104862K->19113K(136704K), 0.0017600 secs] [Times: user=0.01 sys=0.00, real=0.01 secs] 
255.313: Total time for which application threads were stopped: 0.0019200 seconds, Stopping threads took: 0.0000770 seconds
255.463: Application time: 0.1507690 seconds
255.463: [GC [PSYoungGen: 88977K->5520K(87040K)] 102634K->19285K(134144K), 0.0015690 secs] [Times: user=0.00 sys=0.00, real=0.00 secs] 
255.465: Total time for which application threads were stopped: 0.0017020 seconds, Stopping threads took: 0.0000570 seconds
255.614: Application time: 0.1486930 seconds
255.614: [GC [PSYoungGen: 86462K->5376K(84480K)] 100227K->19313K(131584K), 0.0017950 secs] [Times: user=0.01 sys=0.00, real=0.00 secs] 
255.616: Total time for which application threads were stopped: 0.0019380 seconds, Stopping threads took: 0.0000610 seconds
255.761: Application time: 0.1452700 seconds
255.761: [GC [PSYoungGen: 83403K->4288K(80896K)] 97340K->18225K(128000K), 0.0014490 secs] [Times: user=0.01 sys=0.00, real=0.00 secs] 
255.763: Total time for which application threads were stopped: 0.0015930 seconds, Stopping threads took: 0.0000650 seconds
255.907: Application time: 0.1442900 seconds
255.907: [GC [PSYoungGen: 80294K->4368K(78336K)] 94231K->18305K(125440K), 0.0014920 secs] [Times: user=0.01 sys=0.00, real=0.00 secs] 
255.909: Total time for which application threads were stopped: 0.0017400 seconds, Stopping threads took: 0.0000680 seconds
256.041: Application time: 0.1322290 seconds
256.041: [GC [PSYoungGen: 77093K->4480K(76288K)] 91030K->18417K(123392K), 0.0014560 secs] [Times: user=0.01 sys=0.00, real=0.00 secs] 
256.042: Total time for which application threads were stopped: 0.0016050 seconds, Stopping threads took: 0.0000690 seconds
256.169: Application time: 0.1270160 seconds
256.169: [GC [PSYoungGen: 75641K->4432K(74240K)] 89578K->18549K(121344K), 0.0014420 secs] [Times: user=0.01 sys=0.00, real=0.00 secs] 
256.171: Total time for which application threads were stopped: 0.0015860 seconds, Stopping threads took: 0.0000660 seconds
256.297: Application time: 0.1261560 seconds
256.297: [GC [PSYoungGen: 73119K->4352K(72192K)] 87236K->18585K(119296K), 0.0014660 secs] [Times: user=0.01 sys=0.00, real=0.00 secs] 
256.299: Total time for which application threads were stopped: 0.0016180 seconds, Stopping threads took: 0.0000630 seconds
256.420: Application time: 0.1217040 seconds
256.421: [GC [PSYoungGen: 71814K->5344K(87040K)] 86048K->19577K(134144K), 0.0017540 secs] [Times: user=0.01 sys=0.00, real=0.00 secs] 
256.422: Total time for which application threads were stopped: 0.0019110 seconds, Stopping threads took: 0.0000780 seconds
256.572: Application time: 0.1500780 seconds
256.573: [GC [PSYoungGen: 85788K->5376K(90112K)] 100022K->19609K(137216K), 0.0014710 secs] [Times: user=0.01 sys=0.00, real=0.00 secs] 
256.574: Total time for which application threads were stopped: 0.0016160 seconds, Stopping threads took: 0.0000710 seconds
256.726: Application time: 0.1519040 seconds
256.726: [GC [PSYoungGen: 89325K->5504K(92160K)] 103559K->19737K(139264K), 0.0016880 secs] [Times: user=0.01 sys=0.00, real=0.00 secs] 
256.728: Total time for which application threads were stopped: 0.0018480 seconds, Stopping threads took: 0.0000780 seconds
256.881: Application time: 0.1526910 seconds
256.881: [GC [PSYoungGen: 89118K->5408K(107008K)] 103351K->19817K(154112K), 0.0013400 secs] [Times: user=0.00 sys=0.00, real=0.00 secs] 
256.882: Total time for which application threads were stopped: 0.0014970 seconds, Stopping threads took: 0.0000740 seconds
257.069: Application time: 0.1868960 seconds
257.069: [GC [PSYoungGen: 106079K->6336K(103936K)] 120488K->20849K(151040K), 0.0015450 secs] [Times: user=0.01 sys=0.00, real=0.00 secs] 
257.071: Total time for which application threads were stopped: 0.0016740 seconds, Stopping threads took: 0.0000550 seconds
257.249: Application time: 0.1781710 seconds
257.249: [GC [PSYoungGen: 103271K->4352K(98304K)] 117785K->19889K(145408K), 0.0015550 secs] [Times: user=0.01 sys=0.00, real=0.00 secs] 
257.250: Total time for which application threads were stopped: 0.0017160 seconds, Stopping threads took: 0.0000800 seconds
257.419: Application time: 0.1680670 seconds
257.419: [GC [PSYoungGen: 97274K->5552K(96256K)] 112812K->21089K(143360K), 0.0016670 secs] [Times: user=0.00 sys=0.00, real=0.00 secs] 
257.420: Total time for which application threads were stopped: 0.0018280 seconds, Stopping threads took: 0.0000720 seconds
257.587: Application time: 0.1665990 seconds
257.587: [GC [PSYoungGen: 96161K->5408K(93184K)] 111699K->21154K(140288K), 0.0016040 secs] [Times: user=0.01 sys=0.00, real=0.00 secs] 
257.589: Total time for which application threads were stopped: 0.0017640 seconds, Stopping threads took: 0.0000810 seconds
257.745: Application time: 0.1557930 seconds
257.745: [GC [PSYoungGen: 92181K->6400K(100864K)] 107927K->23246K(147968K), 0.0022900 secs] [Times: user=0.02 sys=0.00, real=0.00 secs] 
257.747: Total time for which application threads were stopped: 0.0024480 seconds, Stopping threads took: 0.0000670 seconds
257.924: Application time: 0.1765810 seconds
257.924: [GC [PSYoungGen: 100095K->5344K(96256K)] 116942K->22190K(143360K), 0.0013240 secs] [Times: user=0.01 sys=0.00, real=0.00 secs] 
257.925: Total time for which application threads were stopped: 0.0014920 seconds, Stopping threads took: 0.0000890 seconds
258.087: Application time: 0.1622600 seconds
258.087: [GC [PSYoungGen: 95032K->5488K(93184K)] 111878K->22334K(140288K), 0.0017160 secs] [Times: user=0.01 sys=0.00, real=0.00 secs] 
258.089: Total time for which application threads were stopped: 0.0018600 seconds, Stopping threads took: 0.0000700 seconds
258.251: Application time: 0.1618360 seconds
258.251: [GC [PSYoungGen: 92539K->3360K(88064K)] 109385K->21442K(135168K), 0.0011910 secs] [Times: user=0.01 sys=0.00, real=0.00 secs] 
258.252: Total time for which application threads were stopped: 0.0013230 seconds, Stopping threads took: 0.0000560 seconds
258.406: Application time: 0.1539200 seconds
258.406: [GC [PSYoungGen: 87254K->5344K(87552K)] 105336K->23498K(134656K), 0.0016500 secs] [Times: user=0.01 sys=0.00, real=0.00 secs] 
258.408: Total time for which application threads were stopped: 0.0017890 seconds, Stopping threads took: 0.0000630 seconds
258.555: Application time: 0.1471080 seconds
258.555: [GC [PSYoungGen: 87264K->6400K(86016K)] 105418K->24554K(133120K), 0.0016900 secs] [Times: user=0.01 sys=0.00, real=0.00 secs] 
258.557: Total time for which application threads were stopped: 0.0018570 seconds, Stopping threads took: 0.0000820 seconds
258.701: Application time: 0.1437760 seconds
258.701: [GC [PSYoungGen: 85546K->7520K(102400K)] 103700K->25674K(149504K), 0.0021170 secs] [Times: user=0.02 sys=0.00, real=0.01 secs] 
258.703: Total time for which application threads were stopped: 0.0022620 seconds, Stopping threads took: 0.0000620 seconds
258.878: Application time: 0.1748730 seconds
258.878: [GC [PSYoungGen: 102156K->6512K(103424K)] 120311K->24818K(150528K), 0.0020140 secs] [Times: user=0.01 sys=0.01, real=0.00 secs] 
258.880: Total time for which application threads were stopped: 0.0021680 seconds, Stopping threads took: 0.0000670 seconds
259.054: Application time: 0.1735470 seconds
259.054: [GC [PSYoungGen: 100766K->5344K(103424K)] 119072K->23786K(150528K), 0.0015170 secs] [Times: user=0.01 sys=0.00, real=0.00 secs] 
259.055: Total time for which application threads were stopped: 0.0016810 seconds, Stopping threads took: 0.0000860 seconds
259.226: Application time: 0.1704510 seconds
259.226: [GC [PSYoungGen: 100147K->6368K(122368K)] 118590K->24810K(169472K), 0.0015130 secs] [Times: user=0.00 sys=0.00, real=0.00 secs] 
259.227: Total time for which application threads were stopped: 0.0016710 seconds, Stopping threads took: 0.0000820 seconds
259.441: Application time: 0.2134570 seconds
259.441: [GC [PSYoungGen: 119817K->5504K(115712K)] 138260K->23947K(162816K), 0.0013560 secs] [Times: user=0.01 sys=0.00, real=0.00 secs] 
259.442: Total time for which application threads were stopped: 0.0014980 seconds, Stopping threads took: 0.0000670 seconds
259.642: Application time: 0.1997820 seconds
259.642: [GC [PSYoungGen: 115053K->6432K(112640K)] 133496K->25083K(159744K), 0.0017160 secs] [Times: user=0.00 sys=0.02, real=0.01 secs] 
259.644: Total time for which application threads were stopped: 0.0018980 seconds, Stopping threads took: 0.0001040 seconds
259.840: Application time: 0.1954560 seconds
259.840: [GC [PSYoungGen: 111544K->5376K(108032K)] 130195K->24103K(155136K), 0.0017230 secs] [Times: user=0.00 sys=0.00, real=0.00 secs] 
259.841: Total time for which application threads were stopped: 0.0018790 seconds, Stopping threads took: 0.0000660 seconds
260.027: Application time: 0.1858710 seconds
260.027: [GC [PSYoungGen: 107425K->4448K(103424K)] 126152K->25223K(150528K), 0.0018960 secs] [Times: user=0.01 sys=0.00, real=0.00 secs] 
260.029: Total time for which application threads were stopped: 0.0020390 seconds, Stopping threads took: 0.0000670 seconds
260.214: Application time: 0.1848100 seconds
260.214: [GC [PSYoungGen: 102916K->5472K(100864K)] 123691K->26399K(147968K), 0.0017210 secs] [Times: user=0.01 sys=0.00, real=0.00 secs] 
260.216: Total time for which application threads were stopped: 0.0018750 seconds, Stopping threads took: 0.0000790 seconds
260.387: Application time: 0.1707560 seconds
260.387: [GC [PSYoungGen: 100166K->4352K(96768K)] 121093K->25419K(143872K), 0.0013180 secs] [Times: user=0.01 sys=0.00, real=0.00 secs] 
260.388: Total time for which application threads were stopped: 0.0015260 seconds, Stopping threads took: 0.0001310 seconds
260.559: Application time: 0.1701840 seconds
260.559: [GC [PSYoungGen: 95777K->4352K(93696K)] 116845K->25419K(140800K), 0.0013310 secs] [Times: user=0.01 sys=0.00, real=0.00 secs] 
260.560: Total time for which application threads were stopped: 0.0014790 seconds, Stopping threads took: 0.0000730 seconds
260.720: Application time: 0.1595800 seconds
260.723: [GC [PSYoungGen: 92810K->5472K(91648K)] 113878K->26539K(138752K), 0.0016510 secs] [Times: user=0.01 sys=0.00, real=0.00 secs] 
260.725: Total time for which application threads were stopped: 0.0052120 seconds, Stopping threads took: 0.0034760 seconds
260.884: Application time: 0.1595600 seconds
260.885: [GC [PSYoungGen: 91488K->5456K(88576K)] 112555K->26703K(135680K), 0.0018190 secs] [Times: user=0.01 sys=0.00, real=0.00 secs] 
260.886: Total time for which application threads were stopped: 0.0019850 seconds, Stopping threads took: 0.0000850 seconds
261.040: Application time: 0.1537120 seconds
261.040: [GC [PSYoungGen: 87966K->4352K(84992K)] 109214K->25715K(132096K), 0.0012230 secs] [Times: user=0.01 sys=0.00, real=0.00 secs] 
261.042: Total time for which application threads were stopped: 0.0016850 seconds, Stopping threads took: 0.0000620 seconds
261.188: Application time: 0.1461070 seconds
261.188: [GC [PSYoungGen: 84336K->5344K(83456K)] 105700K->26707K(130560K), 0.0015470 secs] [Times: user=0.01 sys=0.00, real=0.00 secs] 
261.190: Total time for which application threads were stopped: 0.0017130 seconds, Stopping threads took: 0.0000930 seconds
261.330: Application time: 0.1403750 seconds
261.330: [GC [PSYoungGen: 83114K->4368K(79872K)] 104478K->26755K(126976K), 0.0015040 secs] [Times: user=0.01 sys=0.00, real=0.01 secs] 
261.332: Total time for which application threads were stopped: 0.0016520 seconds, Stopping threads took: 0.0000660 seconds
261.471: Application time: 0.1394720 seconds
261.471: [GC [PSYoungGen: 79481K->6528K(93696K)] 101868K->29980K(140800K), 0.0022900 secs] [Times: user=0.02 sys=0.00, real=0.00 secs] 
261.474: Total time for which application threads were stopped: 0.0024880 seconds, Stopping threads took: 0.0001130 seconds
261.629: Application time: 0.1552560 seconds
261.629: [GC [PSYoungGen: 92367K->7456K(97792K)] 115819K->31084K(144896K), 0.0020350 secs] [Times: user=0.01 sys=0.00, real=0.00 secs] 
261.631: Total time for which application threads were stopped: 0.0022120 seconds, Stopping threads took: 0.0000690 seconds
261.799: Application time: 0.1675190 seconds
261.799: [GC [PSYoungGen: 97551K->5376K(98304K)] 121179K->29084K(145408K), 0.0016030 secs] [Times: user=0.01 sys=0.00, real=0.00 secs] 
261.800: Total time for which application threads were stopped: 0.0017510 seconds, Stopping threads took: 0.0000660 seconds
261.964: Application time: 0.1639660 seconds
261.964: [GC [PSYoungGen: 94704K->6400K(115200K)] 118412K->30108K(162304K), 0.0014540 secs] [Times: user=0.01 sys=0.00, real=0.00 secs] 
261.966: Total time for which application threads were stopped: 0.0016040 seconds, Stopping threads took: 0.0000720 seconds
262.165: Application time: 0.1991550 seconds
262.165: [GC [PSYoungGen: 113380K->4560K(108032K)] 137089K->28268K(155136K), 0.0012380 secs] [Times: user=0.01 sys=0.00, real=0.00 secs] 
262.166: Total time for which application threads were stopped: 0.0013940 seconds, Stopping threads took: 0.0000760 seconds
262.354: Application time: 0.1875300 seconds
262.354: [GC [PSYoungGen: 107984K->5392K(105472K)] 131692K->29344K(152576K), 0.0015040 secs] [Times: user=0.00 sys=0.01, real=0.00 secs] 
262.356: Total time for which application threads were stopped: 0.0016490 seconds, Stopping threads took: 0.0000710 seconds
262.544: Application time: 0.1886140 seconds
262.547: [GC [PSYoungGen: 104986K->3328K(99840K)] 128938K->27328K(146944K), 0.0012670 secs] [Times: user=0.01 sys=0.00, real=0.00 secs] 
262.548: Total time for which application threads were stopped: 0.0041600 seconds, Stopping threads took: 0.0028220 seconds
262.720: Application time: 0.1718080 seconds
262.720: [GC [PSYoungGen: 99261K->6464K(99328K)] 123261K->31488K(146432K), 0.0020030 secs] [Times: user=0.02 sys=0.00, real=0.00 secs] 
262.722: Total time for which application threads were stopped: 0.0021760 seconds, Stopping threads took: 0.0000860 seconds
262.896: Application time: 0.1733920 seconds
262.896: [GC [PSYoungGen: 98616K->4416K(94208K)] 123640K->29548K(141312K), 0.0015440 secs] [Times: user=0.01 sys=0.00, real=0.00 secs] 
262.897: Total time for which application threads were stopped: 0.0016830 seconds, Stopping threads took: 0.0000630 seconds
263.056: Application time: 0.1585260 seconds
263.056: [GC [PSYoungGen: 93284K->5376K(92160K)] 118416K->32748K(139264K), 0.0020500 secs] [Times: user=0.01 sys=0.00, real=0.00 secs] 
263.058: Total time for which application threads were stopped: 0.0021950 seconds, Stopping threads took: 0.0000650 seconds
263.217: Application time: 0.1587410 seconds
263.217: [GC [PSYoungGen: 91187K->6400K(98816K)] 118559K->33772K(145920K), 0.0019210 secs] [Times: user=0.02 sys=0.00, real=0.00 secs] 
263.219: Total time for which application threads were stopped: 0.0020890 seconds, Stopping threads took: 0.0000750 seconds
263.382: Application time: 0.1630350 seconds
263.382: [GC [PSYoungGen: 97021K->6448K(111616K)] 124394K->33821K(158720K), 0.0015960 secs] [Times: user=0.00 sys=0.01, real=0.01 secs] 
263.384: Total time for which application threads were stopped: 0.0017720 seconds, Stopping threads took: 0.0000810 seconds
263.577: Application time: 0.1928570 seconds
263.577: [GC [PSYoungGen: 109657K->5440K(105472K)] 137030K->32929K(152576K), 0.0015880 secs] [Times: user=0.01 sys=0.00, real=0.00 secs] 
263.578: Total time for which application threads were stopped: 0.0017480 seconds, Stopping threads took: 0.0000780 seconds
263.762: Application time: 0.1830890 seconds
263.762: [GC [PSYoungGen: 104570K->5376K(101888K)] 132059K->33053K(148992K), 0.0014420 secs] [Times: user=0.00 sys=0.01, real=0.01 secs] 
263.763: Total time for which application threads were stopped: 0.0015770 seconds, Stopping threads took: 0.0000600 seconds
263.939: Application time: 0.1760020 seconds
263.939: [GC [PSYoungGen: 101011K->5280K(98304K)] 128688K->32957K(145408K), 0.0017030 secs] [Times: user=0.01 sys=0.00, real=0.00 secs] 
263.941: Total time for which application threads were stopped: 0.0018580 seconds, Stopping threads took: 0.0000730 seconds
264.110: Application time: 0.1686180 seconds
264.110: [GC [PSYoungGen: 97626K->4480K(94208K)] 125303K->32157K(141312K), 0.0012800 secs] [Times: user=0.01 sys=0.00, real=0.00 secs] 
264.111: Total time for which application threads were stopped: 0.0014340 seconds, Stopping threads took: 0.0000660 seconds
264.276: Application time: 0.1646730 seconds
264.276: [GC [PSYoungGen: 93548K->4352K(91136K)] 121225K->32241K(138240K), 0.0015020 secs] [Times: user=0.01 sys=0.00, real=0.00 secs] 
264.277: Total time for which application threads were stopped: 0.0016370 seconds, Stopping threads took: 0.0000600 seconds
264.433: Application time: 0.1557840 seconds
264.433: [GC [PSYoungGen: 90124K->5376K(89088K)] 118013K->33345K(136192K), 0.0016300 secs] [Times: user=0.01 sys=0.00, real=0.00 secs] 
264.435: Total time for which application threads were stopped: 0.0017650 seconds, Stopping threads took: 0.0000570 seconds
264.586: Application time: 0.1512070 seconds
264.586: [GC [PSYoungGen: 88832K->6400K(87552K)] 116801K->34369K(134656K), 0.0021020 secs] [Times: user=0.02 sys=0.00, real=0.00 secs] 
264.588: Total time for which application threads were stopped: 0.0022740 seconds, Stopping threads took: 0.0000770 seconds
264.737: Application time: 0.1484490 seconds
264.737: [GC [PSYoungGen: 86651K->2336K(91136K)] 114620K->34401K(138240K), 0.0018570 secs] [Times: user=0.01 sys=0.00, real=0.00 secs] 
264.739: Total time for which application threads were stopped: 0.0020010 seconds, Stopping threads took: 0.0000600 seconds
264.898: Application time: 0.1587060 seconds
264.898: [GC [PSYoungGen: 90912K->7488K(96768K)] 122977K->40681K(143872K), 0.0025680 secs] [Times: user=0.02 sys=0.00, real=0.00 secs] 
264.900: Total time for which application threads were stopped: 0.0027310 seconds, Stopping threads took: 0.0000770 seconds
265.062: Application time: 0.1615570 seconds
265.062: [GC [PSYoungGen: 95420K->5376K(113152K)] 128614K->38749K(160256K), 0.0013590 secs] [Times: user=0.01 sys=0.00, real=0.01 secs] 
265.063: Total time for which application threads were stopped: 0.0015110 seconds, Stopping threads took: 0.0000760 seconds
265.257: Application time: 0.1932750 seconds
265.257: [GC [PSYoungGen: 110361K->6400K(114176K)] 143734K->39773K(161280K), 0.0015350 secs] [Times: user=0.01 sys=0.00, real=0.00 secs] 
265.258: Total time for which application threads were stopped: 0.0017090 seconds, Stopping threads took: 0.0000890 seconds
265.452: Application time: 0.1937540 seconds
265.452: [GC [PSYoungGen: 111973K->5504K(108032K)] 145347K->38877K(155136K), 0.0012430 secs] [Times: user=0.01 sys=0.00, real=0.00 secs] 
265.454: Total time for which application threads were stopped: 0.0014090 seconds, Stopping threads took: 0.0000900 seconds
265.638: Application time: 0.1844370 seconds
265.638: [GC [PSYoungGen: 107093K->6432K(105472K)] 140467K->40022K(152576K), 0.0016910 secs] [Times: user=0.00 sys=0.01, real=0.00 secs] 
265.640: Total time for which application threads were stopped: 0.0018440 seconds, Stopping threads took: 0.0000750 seconds
265.825: Application time: 0.1852640 seconds
265.827: [GC [PSYoungGen: 105047K->4352K(99840K)] 138637K->38026K(146944K), 0.0010410 secs] [Times: user=0.01 sys=0.00, real=0.00 secs] 
265.828: Total time for which application threads were stopped: 0.0031300 seconds, Stopping threads took: 0.0020120 seconds
265.998: Application time: 0.1697310 seconds
265.998: [GC [PSYoungGen: 98736K->5312K(97792K)] 132410K->38986K(144896K), 0.0016000 secs] [Times: user=0.00 sys=0.00, real=0.00 secs] 
266.000: Total time for which application threads were stopped: 0.0017500 seconds, Stopping threads took: 0.0000700 seconds
266.169: Application time: 0.1690730 seconds
266.169: [GC [PSYoungGen: 97461K->6528K(95744K)] 131136K->40202K(142848K), 0.0018380 secs] [Times: user=0.01 sys=0.00, real=0.00 secs] 
266.171: Total time for which application threads were stopped: 0.0019740 seconds, Stopping threads took: 0.0000640 seconds
266.333: Application time: 0.1619400 seconds
266.333: [GC [PSYoungGen: 95612K->5408K(91648K)] 129286K->39298K(138752K), 0.0018830 secs] [Times: user=0.02 sys=0.00, real=0.00 secs] 
266.335: Total time for which application threads were stopped: 0.0020470 seconds, Stopping threads took: 0.0000740 seconds
266.494: Application time: 0.1592300 seconds
266.494: [GC [PSYoungGen: 90471K->3296K(86528K)] 124361K->37266K(133632K), 0.0011400 secs] [Times: user=0.01 sys=0.00, real=0.00 secs] 
266.495: Total time for which application threads were stopped: 0.0013100 seconds, Stopping threads took: 0.0000970 seconds
266.642: Application time: 0.1466150 seconds
266.642: [GC [PSYoungGen: 85221K->6400K(87040K)] 119191K->40370K(134144K), 0.0019040 secs] [Times: user=0.01 sys=0.01, real=0.01 secs] 
266.644: Total time for which application threads were stopped: 0.0020550 seconds, Stopping threads took: 0.0000680 seconds
266.791: Application time: 0.1467340 seconds
266.791: [GC [PSYoungGen: 85994K->5520K(83456K)] 119965K->39490K(130560K), 0.0016640 secs] [Times: user=0.01 sys=0.00, real=0.01 secs] 
266.792: Total time for which application threads were stopped: 0.0018120 seconds, Stopping threads took: 0.0000670 seconds
266.934: Application time: 0.1415510 seconds
266.934: [GC [PSYoungGen: 82393K->5408K(99328K)] 116364K->39586K(146432K), 0.0018120 secs] [Times: user=0.01 sys=0.00, real=0.00 secs] 
266.936: Total time for which application threads were stopped: 0.0019650 seconds, Stopping threads took: 0.0000680 seconds
267.109: Application time: 0.1727620 seconds
267.109: [GC [PSYoungGen: 98261K->5376K(107520K)] 132440K->40654K(154624K), 0.0019610 secs] [Times: user=0.01 sys=0.00, real=0.00 secs] 
267.111: Total time for which application threads were stopped: 0.0021020 seconds, Stopping threads took: 0.0000590 seconds
267.296: Application time: 0.1847580 seconds
267.299: [GC [PSYoungGen: 106690K->5376K(103936K)] 141969K->40654K(151040K), 0.0016070 secs] [Times: user=0.01 sys=0.00, real=0.00 secs] 
267.301: Total time for which application threads were stopped: 0.0051100 seconds, Stopping threads took: 0.0034260 seconds
267.476: Application time: 0.1751950 seconds
267.476: [GC [PSYoungGen: 102738K->4512K(99328K)] 138016K->40814K(146432K), 0.0016380 secs] [Times: user=0.01 sys=0.00, real=0.00 secs] 
267.478: Total time for which application threads were stopped: 0.0018120 seconds, Stopping threads took: 0.0000920 seconds
267.651: Application time: 0.1732350 seconds
267.651: [GC [PSYoungGen: 98541K->6432K(104960K)] 134844K->43967K(152064K), 0.0021570 secs] [Times: user=0.01 sys=0.00, real=0.00 secs] 
267.653: Total time for which application threads were stopped: 0.0023210 seconds, Stopping threads took: 0.0000850 seconds
267.835: Application time: 0.1818770 seconds
267.835: [GC [PSYoungGen: 103600K->4352K(98816K)] 141135K->41975K(145920K), 0.0010230 secs] [Times: user=0.00 sys=0.00, real=0.00 secs] 
267.836: Total time for which application threads were stopped: 0.0011560 seconds, Stopping threads took: 0.0000670 seconds
268.005: Application time: 0.1689500 seconds
268.005: [GC [PSYoungGen: 97792K->6400K(97792K)] 135415K->44023K(144896K), 0.0017630 secs] [Times: user=0.01 sys=0.00, real=0.00 secs] 
268.007: Total time for which application threads were stopped: 0.0019170 seconds, Stopping threads took: 0.0000670 seconds
268.173: Application time: 0.1661190 seconds
268.173: [GC [PSYoungGen: 97346K->4496K(92672K)] 134969K->42119K(139776K), 0.0010740 secs] [Times: user=0.00 sys=0.00, real=0.00 secs] 
268.175: Total time for which application threads were stopped: 0.0012240 seconds, Stopping threads took: 0.0000730 seconds
268.333: Application time: 0.1588250 seconds
268.334: [GC [PSYoungGen: 92558K->6432K(91648K)] 130181K->44271K(138752K), 0.0022080 secs] [Times: user=0.01 sys=0.00, real=0.00 secs] 
268.336: Total time for which application threads were stopped: 0.0023880 seconds, Stopping threads took: 0.0000960 seconds
268.494: Application time: 0.1579550 seconds
268.494: [GC [PSYoungGen: 91203K->4352K(87040K)] 129042K->44315K(134144K), 0.0017690 secs] [Times: user=0.01 sys=0.00, real=0.00 secs] 
268.496: Total time for which application threads were stopped: 0.0019230 seconds, Stopping threads took: 0.0000730 seconds
268.645: Application time: 0.1492560 seconds
268.645: [GC [PSYoungGen: 86619K->5376K(104448K)] 126583K->45339K(151552K), 0.0016810 secs] [Times: user=0.01 sys=0.00, real=0.00 secs] 
268.647: Total time for which application threads were stopped: 0.0018440 seconds, Stopping threads took: 0.0000750 seconds
268.829: Application time: 0.1818860 seconds
268.829: [GC [PSYoungGen: 104189K->6544K(106496K)] 144152K->46507K(153600K), 0.0018910 secs] [Times: user=0.02 sys=0.00, real=0.00 secs] 
268.831: Total time for which application threads were stopped: 0.0020550 seconds, Stopping threads took: 0.0000850 seconds
269.011: Application time: 0.1806480 seconds
269.011: [GC [PSYoungGen: 105813K->7392K(107520K)] 145777K->47559K(154624K), 0.0021820 secs] [Times: user=0.02 sys=0.00, real=0.00 secs] 
269.014: Total time for which application threads were stopped: 0.0023380 seconds, Stopping threads took: 0.0000770 seconds
269.196: Application time: 0.1821080 seconds
269.196: [GC [PSYoungGen: 106736K->6400K(127488K)] 146904K->46643K(174592K), 0.0015510 secs] [Times: user=0.01 sys=0.00, real=0.00 secs] 
269.198: Total time for which application threads were stopped: 0.0017130 seconds, Stopping threads took: 0.0000760 seconds
269.417: Application time: 0.2198020 seconds
269.417: [GC [PSYoungGen: 125089K->5440K(120320K)] 165333K->45683K(167424K), 0.0014330 secs] [Times: user=0.00 sys=0.00, real=0.00 secs] 
269.419: Total time for which application threads were stopped: 0.0015800 seconds, Stopping threads took: 0.0000630 seconds
269.629: Application time: 0.2096820 seconds
269.629: [GC [PSYoungGen: 120128K->5552K(116224K)] 160371K->46936K(163328K), 0.0018700 secs] [Times: user=0.01 sys=0.00, real=0.00 secs] 
269.631: Total time for which application threads were stopped: 0.0020200 seconds, Stopping threads took: 0.0000660 seconds
269.835: Application time: 0.2042270 seconds
269.835: [GC [PSYoungGen: 116103K->7424K(114176K)] 157487K->48984K(161280K), 0.0023680 secs] [Times: user=0.02 sys=0.00, real=0.00 secs] 
269.837: Total time for which application threads were stopped: 0.0025380 seconds, Stopping threads took: 0.0000760 seconds
270.033: Application time: 0.1960450 seconds
270.034: [GC [PSYoungGen: 113534K->3328K(106496K)] 155095K->46936K(153600K), 0.0015060 secs] [Times: user=0.01 sys=0.00, real=0.00 secs] 
270.035: Total time for which application threads were stopped: 0.0016590 seconds, Stopping threads took: 0.0000790 seconds
270.221: Application time: 0.1854770 seconds
270.221: [GC [PSYoungGen: 106232K->6576K(105984K)] 149840K->50184K(153088K), 0.0020520 secs] [Times: user=0.01 sys=0.00, real=0.00 secs] 
270.223: Total time for which application threads were stopped: 0.0022110 seconds, Stopping threads took: 0.0000740 seconds
270.400: Application time: 0.1776570 seconds
270.401: [GC [PSYoungGen: 104912K->6464K(102400K)] 148520K->50280K(149504K), 0.0019960 secs] [Times: user=0.02 sys=0.00, real=0.00 secs] 
270.403: Total time for which application threads were stopped: 0.0021500 seconds, Stopping threads took: 0.0000600 seconds
270.581: Application time: 0.1781400 seconds
270.583: [GC [PSYoungGen: 101638K->4368K(97280K)] 145455K->48272K(144384K), 0.0015830 secs] [Times: user=0.00 sys=0.00, real=0.00 secs] 
270.585: Total time for which application threads were stopped: 0.0040360 seconds, Stopping threads took: 0.0023740 seconds
270.751: Application time: 0.1662080 seconds
270.751: [GC [PSYoungGen: 96588K->6464K(96256K)] 140492K->50368K(143360K), 0.0018820 secs] [Times: user=0.02 sys=0.00, real=0.00 secs] 
270.753: Total time for which application threads were stopped: 0.0020300 seconds, Stopping threads took: 0.0000660 seconds
270.917: Application time: 0.1643960 seconds
270.918: [GC [PSYoungGen: 95544K->5504K(92160K)] 139448K->49492K(139264K), 0.0020680 secs] [Times: user=0.01 sys=0.00, real=0.00 secs] 
270.920: Total time for which application threads were stopped: 0.0022250 seconds, Stopping threads took: 0.0000650 seconds
271.077: Application time: 0.1574620 seconds
271.077: [GC [PSYoungGen: 92032K->5376K(100864K)] 136020K->49576K(147968K), 0.0016250 secs] [Times: user=0.01 sys=0.00, real=0.00 secs] 
271.079: Total time for which application threads were stopped: 0.0017630 seconds, Stopping threads took: 0.0000650 seconds
271.255: Application time: 0.1757700 seconds
271.255: [GC [PSYoungGen: 100486K->5376K(97792K)] 144687K->49576K(144896K), 0.0016460 secs] [Times: user=0.01 sys=0.00, real=0.00 secs] 
271.256: Total time for which application threads were stopped: 0.0017990 seconds, Stopping threads took: 0.0000730 seconds
271.424: Application time: 0.1674580 seconds
271.424: [GC [PSYoungGen: 96815K->5392K(94720K)] 141016K->49592K(141824K), 0.0016660 secs] [Times: user=0.01 sys=0.00, real=0.00 secs] 
271.426: Total time for which application threads were stopped: 0.0018100 seconds, Stopping threads took: 0.0000550 seconds
271.588: Application time: 0.1625530 seconds
271.588: [GC [PSYoungGen: 94237K->5472K(91648K)] 138438K->49801K(138752K), 0.0018020 secs] [Times: user=0.01 sys=0.00, real=0.00 secs] 
271.590: Total time for which application threads were stopped: 0.0019450 seconds, Stopping threads took: 0.0000630 seconds
271.745: Application time: 0.1545340 seconds
271.745: [GC [PSYoungGen: 90832K->4352K(87552K)] 135161K->50905K(134656K), 0.0015990 secs] [Times: user=0.01 sys=0.00, real=0.00 secs] 
271.746: [Full GC [PSYoungGen: 4352K->0K(87552K)] [ParOldGen: 46553K->10033K(45056K)] 50905K->10033K(132608K) [PSPermGen: 5528K->5528K(21504K)], 0.0065670 secs] [Times: user=0.03 sys=0.00, real=0.01 secs] 
271.753: Total time for which application threads were stopped: 0.0083600 seconds, Stopping threads took: 0.0000680 seconds
271.904: Application time: 0.1511240 seconds
271.904: [GC [PSYoungGen: 82296K->4368K(84992K)] 92329K->14401K(130048K), 0.0013480 secs] [Times: user=0.00 sys=0.00, real=0.00 secs] 
271.906: Total time for which application threads were stopped: 0.0014900 seconds, Stopping threads took: 0.0000690 seconds
272.056: Application time: 0.1498980 seconds
272.056: [GC [PSYoungGen: 84752K->4352K(82432K)] 94785K->14385K(127488K), 0.0012730 secs] [Times: user=0.01 sys=0.00, real=0.00 secs] 
272.057: Total time for which application threads were stopped: 0.0014350 seconds, Stopping threads took: 0.0000820 seconds
272.196: Application time: 0.1392340 seconds
272.196: [GC [PSYoungGen: 81796K->6544K(87552K)] 91829K->16577K(132608K), 0.0019550 secs] [Times: user=0.01 sys=0.00, real=0.00 secs] 
272.198: Total time for which application threads were stopped: 0.0021390 seconds, Stopping threads took: 0.0001000 seconds
272.343: Application time: 0.1443170 seconds
272.343: [GC [PSYoungGen: 85575K->4352K(81920K)] 95608K->14593K(126976K), 0.0010560 secs] [Times: user=0.00 sys=0.01, real=0.01 secs] 
272.344: Total time for which application threads were stopped: 0.0011980 seconds, Stopping threads took: 0.0000710 seconds
272.485: Application time: 0.1409850 seconds
272.485: [GC [PSYoungGen: 80860K->6368K(81408K)] 91101K->16685K(126464K), 0.0018210 secs] [Times: user=0.01 sys=0.00, real=0.00 secs] 
272.487: Total time for which application threads were stopped: 0.0019690 seconds, Stopping threads took: 0.0000700 seconds
272.622: Application time: 0.1349270 seconds
272.622: [GC [PSYoungGen: 80674K->4352K(93696K)] 90992K->17741K(138752K), 0.0019230 secs] [Times: user=0.01 sys=0.00, real=0.01 secs] 
272.624: Total time for which application threads were stopped: 0.0020830 seconds, Stopping threads took: 0.0000670 seconds
272.790: Application time: 0.1662980 seconds
272.790: [GC [PSYoungGen: 92918K->4400K(97280K)] 106308K->17789K(142336K), 0.0014000 secs] [Times: user=0.01 sys=0.00, real=0.01 secs] 
272.792: Total time for which application threads were stopped: 0.0016330 seconds, Stopping threads took: 0.0001610 seconds
272.950: Application time: 0.1581640 seconds
272.950: [GC [PSYoungGen: 92946K->6496K(113664K)] 106335K->20061K(158720K), 0.0015740 secs] [Times: user=0.00 sys=0.01, real=0.01 secs] 
272.952: Total time for which application threads were stopped: 0.0017260 seconds, Stopping threads took: 0.0000730 seconds
273.147: Application time: 0.1952860 seconds
273.147: [GC [PSYoungGen: 111565K->6416K(109056K)] 125131K->20086K(154112K), 0.0015220 secs] [Times: user=0.01 sys=0.00, real=0.00 secs] 
273.149: Total time for which application threads were stopped: 0.0016690 seconds, Stopping threads took: 0.0000630 seconds
273.339: Application time: 0.1902560 seconds
273.339: [GC [PSYoungGen: 108201K->5376K(104448K)] 121871K->19046K(149504K), 0.0015180 secs] [Times: user=0.01 sys=0.00, real=0.00 secs] 
273.341: Total time for which application threads were stopped: 0.0016940 seconds, Stopping threads took: 0.0001020 seconds
273.520: Application time: 0.1791550 seconds
273.520: [GC [PSYoungGen: 103580K->6560K(101888K)] 117250K->20230K(146944K), 0.0020530 secs] [Times: user=0.01 sys=0.00, real=0.00 secs] 
273.522: Total time for which application threads were stopped: 0.0022200 seconds, Stopping threads took: 0.0000910 seconds
273.691: Application time: 0.1693530 seconds
273.692: [GC [PSYoungGen: 101496K->4352K(104960K)] 115166K->21294K(150016K), 0.0022200 secs] [Times: user=0.02 sys=0.00, real=0.00 secs] 
273.694: Total time for which application threads were stopped: 0.0023830 seconds, Stopping threads took: 0.0000710 seconds
273.882: Application time: 0.1882840 seconds
273.882: [GC [PSYoungGen: 104195K->6368K(108544K)] 121137K->23386K(153600K), 0.0018400 secs] [Times: user=0.01 sys=0.00, real=0.01 secs] 
273.884: Total time for which application threads were stopped: 0.0020090 seconds, Stopping threads took: 0.0000920 seconds
274.072: Application time: 0.1877020 seconds
274.072: [GC [PSYoungGen: 106720K->3328K(100352K)] 123738K->20346K(145408K), 0.0008300 secs] [Times: user=0.01 sys=0.00, real=0.00 secs] 
274.073: Total time for which application threads were stopped: 0.0009550 seconds, Stopping threads took: 0.0000640 seconds
274.242: Application time: 0.1696770 seconds
274.243: [GC [PSYoungGen: 99918K->4432K(97792K)] 116937K->21490K(142848K), 0.0011950 secs] [Times: user=0.00 sys=0.01, real=0.01 secs] 
274.244: Total time for which application threads were stopped: 0.0013430 seconds, Stopping threads took: 0.0000670 seconds
274.417: Application time: 0.1731800 seconds
274.417: [GC [PSYoungGen: 97025K->5408K(95744K)] 114083K->22654K(140800K), 0.0013930 secs] [Times: user=0.01 sys=0.00, real=0.00 secs] 
274.418: Total time for which application threads were stopped: 0.0015360 seconds, Stopping threads took: 0.0000730 seconds
274.578: Application time: 0.1593630 seconds
274.578: [GC [PSYoungGen: 94573K->5344K(92672K)] 111820K->22666K(137728K), 0.0016190 secs] [Times: user=0.00 sys=0.01, real=0.00 secs] 
274.580: Total time for which application threads were stopped: 0.0017720 seconds, Stopping threads took: 0.0000730 seconds
274.745: Application time: 0.1652160 seconds
274.745: [GC [PSYoungGen: 92168K->5376K(89600K)] 109490K->22698K(134656K), 0.0014900 secs] [Times: user=0.01 sys=0.00, real=0.00 secs] 
274.747: Total time for which application threads were stopped: 0.0016580 seconds, Stopping threads took: 0.0000770 seconds
274.896: Application time: 0.1498930 seconds
274.897: [GC [PSYoungGen: 89083K->6528K(88064K)] 106405K->23890K(133120K), 0.0020740 secs] [Times: user=0.02 sys=0.00, real=0.00 secs] 
274.899: Total time for which application threads were stopped: 0.0022490 seconds, Stopping threads took: 0.0000880 seconds
275.048: Application time: 0.1497680 seconds
275.049: [GC [PSYoungGen: 87526K->3344K(82432K)] 104889K->21906K(127488K), 0.0012210 secs] [Times: user=0.01 sys=0.00, real=0.00 secs] 
275.050: Total time for which application threads were stopped: 0.0013450 seconds, Stopping threads took: 0.0000510 seconds
275.197: Application time: 0.1470440 seconds
275.197: [GC [PSYoungGen: 81557K->4288K(80896K)] 100120K->22918K(125952K), 0.0013390 secs] [Times: user=0.01 sys=0.00, real=0.00 secs] 
275.198: Total time for which application threads were stopped: 0.0014920 seconds, Stopping threads took: 0.0000760 seconds
275.334: Application time: 0.1353420 seconds
275.334: [GC [PSYoungGen: 79761K->5376K(79360K)] 98392K->24006K(124416K), 0.0016850 secs] [Times: user=0.01 sys=0.00, real=0.00 secs] 
275.336: Total time for which application threads were stopped: 0.0018510 seconds, Stopping threads took: 0.0000760 seconds
275.470: Application time: 0.1343310 seconds
275.470: [GC [PSYoungGen: 79088K->5472K(94208K)] 97719K->24103K(139264K), 0.0018120 secs] [Times: user=0.02 sys=0.00, real=0.01 secs] 
275.472: Total time for which application threads were stopped: 0.0019710 seconds, Stopping threads took: 0.0000750 seconds
275.632: Application time: 0.1600380 seconds
275.632: [GC [PSYoungGen: 93083K->4432K(98304K)] 111714K->24231K(143360K), 0.0016990 secs] [Times: user=0.01 sys=0.00, real=0.00 secs] 
275.634: Total time for which application threads were stopped: 0.0018540 seconds, Stopping threads took: 0.0000720 seconds
275.807: Application time: 0.1730680 seconds
275.807: [GC [PSYoungGen: 97883K->5376K(96256K)] 117682K->25319K(141312K), 0.0015860 secs] [Times: user=0.01 sys=0.00, real=0.00 secs] 
275.809: Total time for which application threads were stopped: 0.0017390 seconds, Stopping threads took: 0.0000740 seconds
275.969: Application time: 0.1601940 seconds
275.969: [GC [PSYoungGen: 95505K->6400K(98304K)] 115448K->27367K(143360K), 0.0022520 secs] [Times: user=0.01 sys=0.00, real=0.01 secs] 
275.971: Total time for which application threads were stopped: 0.0024190 seconds, Stopping threads took: 0.0000710 seconds
276.142: Application time: 0.1710750 seconds
276.142: [GC [PSYoungGen: 97154K->5488K(99328K)] 118121K->26455K(144384K), 0.0015720 secs] [Times: user=0.01 sys=0.00, real=0.01 secs] 
276.144: Total time for which application threads were stopped: 0.0017120 seconds, Stopping threads took: 0.0000630 seconds
276.306: Application time: 0.1621990 seconds
276.306: [GC [PSYoungGen: 97113K->7520K(116736K)] 118080K->28635K(161792K), 0.0017690 secs] [Times: user=0.00 sys=0.01, real=0.00 secs] 
276.308: Total time for which application threads were stopped: 0.0019230 seconds, Stopping threads took: 0.0000680 seconds
276.507: Application time: 0.1992030 seconds
276.507: [GC [PSYoungGen: 115789K->7424K(117248K)] 136905K->28679K(162304K), 0.0017170 secs] [Times: user=0.01 sys=0.00, real=0.00 secs] 
276.509: Total time for which application threads were stopped: 0.0018580 seconds, Stopping threads took: 0.0000610 seconds
276.708: Application time: 0.1992630 seconds
276.708: [GC [PSYoungGen: 115696K->7424K(112640K)] 136952K->28679K(157696K), 0.0016200 secs] [Times: user=0.01 sys=0.00, real=0.00 secs] 
276.710: Total time for which application threads were stopped: 0.0017630 seconds, Stopping threads took: 0.0000740 seconds
276.903: Application time: 0.1928240 seconds
276.903: [GC [PSYoungGen: 112177K->6560K(108032K)] 133433K->27815K(153088K), 0.0018430 secs] [Times: user=0.01 sys=0.00, real=0.00 secs] 
276.905: Total time for which application threads were stopped: 0.0020230 seconds, Stopping threads took: 0.0001070 seconds
277.093: Application time: 0.1880890 seconds
277.093: [GC [PSYoungGen: 107065K->4384K(102400K)] 128321K->25843K(147456K), 0.0010100 secs] [Times: user=0.00 sys=0.00, real=0.00 secs] 
277.094: Total time for which application threads were stopped: 0.0011560 seconds, Stopping threads took: 0.0000650 seconds
277.274: Application time: 0.1792780 seconds
277.274: [GC [PSYoungGen: 101394K->3296K(97792K)] 122853K->24843K(142848K), 0.0011930 secs] [Times: user=0.00 sys=0.00, real=0.00 secs] 
277.275: Total time for which application threads were stopped: 0.0013320 seconds, Stopping threads took: 0.0000610 seconds
277.441: Application time: 0.1665820 seconds
277.442: [GC [PSYoungGen: 96949K->6400K(97792K)] 118497K->27947K(142848K), 0.0018430 secs] [Times: user=0.01 sys=0.01, real=0.01 secs] 
277.443: Total time for which application threads were stopped: 0.0020100 seconds, Stopping threads took: 0.0000860 seconds
277.613: Application time: 0.1690950 seconds
277.613: [GC [PSYoungGen: 97342K->5536K(93696K)] 118890K->27132K(138752K), 0.0017830 secs] [Times: user=0.01 sys=0.00, real=0.00 secs] 
277.614: Total time for which application threads were stopped: 0.0019420 seconds, Stopping threads took: 0.0000710 seconds
277.774: Application time: 0.1591920 seconds
277.774: [GC [PSYoungGen: 92592K->5424K(90624K)] 114188K->27244K(135680K), 0.0016830 secs] [Times: user=0.01 sys=0.00, real=0.00 secs] 
277.776: Total time for which application threads were stopped: 0.0018300 seconds, Stopping threads took: 0.0000650 seconds
277.930: Application time: 0.1539960 seconds
277.930: [GC [PSYoungGen: 89630K->5376K(88064K)] 111450K->27236K(133120K), 0.0016850 secs] [Times: user=0.01 sys=0.00, real=0.01 secs] 
277.931: Total time for which application threads were stopped: 0.0018260 seconds, Stopping threads took: 0.0000640 seconds
278.082: Application time: 0.1505480 seconds
278.082: [GC [PSYoungGen: 87798K->5376K(85504K)] 109658K->27236K(130560K), 0.0016630 secs] [Times: user=0.01 sys=0.00, real=0.01 secs] 
278.084: Total time for which application threads were stopped: 0.0018200 seconds, Stopping threads took: 0.0000770 seconds
278.230: Application time: 0.1465960 seconds
278.230: [GC [PSYoungGen: 85113K->5520K(82944K)] 106973K->27380K(128000K), 0.0017870 secs] [Times: user=0.01 sys=0.01, real=0.01 secs] 
278.232: Total time for which application threads were stopped: 0.0019510 seconds, Stopping threads took: 0.0000790 seconds
278.373: Application time: 0.1406540 seconds
278.373: [GC [PSYoungGen: 82621K->4320K(79360K)] 104481K->26404K(124416K), 0.0014310 secs] [Times: user=0.01 sys=0.00, real=0.00 secs] 
278.375: Total time for which application threads were stopped: 0.0016530 seconds, Stopping threads took: 0.0001420 seconds
278.510: Application time: 0.1354040 seconds
278.510: [GC [PSYoungGen: 78686K->5376K(95744K)] 100771K->27532K(140800K), 0.0017560 secs] [Times: user=0.01 sys=0.00, real=0.01 secs] 
278.512: Total time for which application threads were stopped: 0.0019240 seconds, Stopping threads took: 0.0000820 seconds
278.680: Application time: 0.1679550 seconds
278.681: [GC [PSYoungGen: 95488K->5376K(101888K)] 117644K->27532K(146944K), 0.0017910 secs] [Times: user=0.01 sys=0.00, real=0.00 secs] 
278.683: Total time for which application threads were stopped: 0.0029890 seconds, Stopping threads took: 0.0011110 seconds
278.853: Application time: 0.1704590 seconds
278.853: [GC [PSYoungGen: 100680K->7488K(103936K)] 122836K->29644K(148992K), 0.0021730 secs] [Times: user=0.01 sys=0.00, real=0.00 secs] 
278.856: Total time for which application threads were stopped: 0.0023470 seconds, Stopping threads took: 0.0000860 seconds
279.036: Application time: 0.1807910 seconds
279.037: [GC [PSYoungGen: 103744K->4352K(97280K)] 125900K->26692K(142336K), 0.0011650 secs] [Times: user=0.01 sys=0.00, real=0.00 secs] 
279.038: Total time for which application threads were stopped: 0.0013260 seconds, Stopping threads took: 0.0000890 seconds
279.204: Application time: 0.1664640 seconds
279.204: [GC [PSYoungGen: 96602K->5376K(95232K)] 118943K->27832K(140288K), 0.0013010 secs] [Times: user=0.00 sys=0.00, real=0.00 secs] 
279.206: Total time for which application threads were stopped: 0.0014580 seconds, Stopping threads took: 0.0000750 seconds
279.376: Application time: 0.1698040 seconds
279.376: [GC [PSYoungGen: 94081K->3328K(90112K)] 116538K->25784K(135168K), 0.0007680 secs] [Times: user=0.00 sys=0.00, real=0.00 secs] 
279.376: Total time for which application threads were stopped: 0.0009300 seconds, Stopping threads took: 0.0000710 seconds
279.525: Application time: 0.1486920 seconds
279.525: [GC [PSYoungGen: 88928K->7488K(91136K)] 111385K->29944K(136192K), 0.0022450 secs] [Times: user=0.01 sys=0.00, real=0.00 secs] 
279.528: Total time for which application threads were stopped: 0.0024010 seconds, Stopping threads took: 0.0000750 seconds
279.679: Application time: 0.1519780 seconds
279.681: [GC [PSYoungGen: 90045K->5392K(105472K)] 112502K->28029K(150528K), 0.0018490 secs] [Times: user=0.01 sys=0.00, real=0.00 secs] 
279.683: Total time for which application threads were stopped: 0.0034060 seconds, Stopping threads took: 0.0014690 seconds
279.867: Application time: 0.1842010 seconds
279.867: [GC [PSYoungGen: 104704K->5376K(101888K)] 127341K->28129K(146944K), 0.0016430 secs] [Times: user=0.01 sys=0.00, real=0.00 secs] 
279.869: Total time for which application threads were stopped: 0.0017820 seconds, Stopping threads took: 0.0000710 seconds
280.049: Application time: 0.1797730 seconds
280.049: [GC [PSYoungGen: 101632K->3312K(96256K)] 124385K->26065K(141312K), 0.0010950 secs] [Times: user=0.01 sys=0.00, real=0.00 secs] 
280.050: Total time for which application threads were stopped: 0.0012460 seconds, Stopping threads took: 0.0000720 seconds
280.216: Application time: 0.1658200 seconds
280.216: [GC [PSYoungGen: 95874K->7552K(97280K)] 118627K->30305K(142336K), 0.0022910 secs] [Times: user=0.02 sys=0.00, real=0.00 secs] 
280.218: Total time for which application threads were stopped: 0.0024560 seconds, Stopping threads took: 0.0000850 seconds
280.386: Application time: 0.1677800 seconds
280.386: [GC [PSYoungGen: 97150K->4336K(91136K)] 119903K->27261K(136192K), 0.0014120 secs] [Times: user=0.00 sys=0.01, real=0.00 secs] 
280.388: Total time for which application threads were stopped: 0.0015570 seconds, Stopping threads took: 0.0000650 seconds
280.545: Application time: 0.1569490 seconds
280.545: [GC [PSYoungGen: 89957K->6336K(97792K)] 112882K->29365K(142848K), 0.0020190 secs] [Times: user=0.01 sys=0.00, real=0.00 secs] 
280.547: Total time for which application threads were stopped: 0.0021730 seconds, Stopping threads took: 0.0000650 seconds
280.712: Application time: 0.1651930 seconds
280.712: [GC [PSYoungGen: 95123K->4352K(90624K)] 118153K->27381K(135680K), 0.0009550 secs] [Times: user=0.01 sys=0.00, real=0.00 secs] 
280.713: Total time for which application threads were stopped: 0.0011160 seconds, Stopping threads took: 0.0000790 seconds
280.871: Application time: 0.1582010 seconds
280.871: [GC [PSYoungGen: 90110K->5488K(88576K)] 113140K->28517K(133632K), 0.0017630 secs] [Times: user=0.01 sys=0.00, real=0.00 secs] 
280.873: Total time for which application threads were stopped: 0.0019380 seconds, Stopping threads took: 0.0000920 seconds
281.022: Application time: 0.1484380 seconds
281.022: [GC [PSYoungGen: 87853K->6448K(87040K)] 110882K->29649K(132096K), 0.0016480 secs] [Times: user=0.01 sys=0.00, real=0.01 secs] 
281.023: Total time for which application threads were stopped: 0.0018190 seconds, Stopping threads took: 0.0000860 seconds
281.167: Application time: 0.1437130 seconds
281.167: [GC [PSYoungGen: 86238K->6400K(102912K)] 109439K->29713K(147968K), 0.0018860 secs] [Times: user=0.01 sys=0.00, real=0.00 secs] 
281.169: Total time for which application threads were stopped: 0.0020360 seconds, Stopping threads took: 0.0000710 seconds
281.346: Application time: 0.1768530 seconds
281.346: [GC [PSYoungGen: 100365K->4320K(95744K)] 123679K->27633K(140800K), 0.0012990 secs] [Times: user=0.01 sys=0.00, real=0.00 secs] 
281.347: Total time for which application threads were stopped: 0.0014780 seconds, Stopping threads took: 0.0000960 seconds
281.515: Application time: 0.1677220 seconds
281.515: [GC [PSYoungGen: 95112K->3392K(91648K)] 118426K->26705K(136704K), 0.0012040 secs] [Times: user=0.01 sys=0.00, real=0.00 secs] 
281.517: Total time for which application threads were stopped: 0.0013600 seconds, Stopping threads took: 0.0000820 seconds
281.677: Application time: 0.1606930 seconds
281.677: [GC [PSYoungGen: 90525K->4432K(89600K)] 113839K->27914K(134656K), 0.0014250 secs] [Times: user=0.01 sys=0.00, real=0.00 secs] 
281.679: Total time for which application threads were stopped: 0.0015670 seconds, Stopping threads took: 0.0000660 seconds
281.830: Application time: 0.1513120 seconds
281.830: [GC [PSYoungGen: 88934K->6400K(89088K)] 112416K->29990K(134144K), 0.0019750 secs] [Times: user=0.01 sys=0.00, real=0.01 secs] 
281.832: Total time for which application threads were stopped: 0.0021390 seconds, Stopping threads took: 0.0000810 seconds
281.986: Application time: 0.1532550 seconds
281.986: [GC [PSYoungGen: 88832K->5376K(85504K)] 112422K->28966K(130560K), 0.0015900 secs] [Times: user=0.01 sys=0.00, real=0.00 secs] 
281.987: Total time for which application threads were stopped: 0.0017550 seconds, Stopping threads took: 0.0000750 seconds
282.128: Application time: 0.1411490 seconds
282.129: [GC [PSYoungGen: 84267K->7392K(89600K)] 107857K->30982K(134656K), 0.0022800 secs] [Times: user=0.02 sys=0.00, real=0.00 secs] 
282.131: Total time for which application threads were stopped: 0.0024500 seconds, Stopping threads took: 0.0000890 seconds
282.283: Application time: 0.1523770 seconds
282.283: [GC [PSYoungGen: 88186K->3472K(82432K)] 111776K->27062K(127488K), 0.0008890 secs] [Times: user=0.00 sys=0.00, real=0.00 secs] 
282.284: Total time for which application threads were stopped: 0.0010260 seconds, Stopping threads took: 0.0000690 seconds
282.427: Application time: 0.1428360 seconds
282.427: [GC [PSYoungGen: 81603K->6400K(99840K)] 105193K->30198K(144896K), 0.0019070 secs] [Times: user=0.01 sys=0.00, real=0.00 secs] 
282.429: Total time for which application threads were stopped: 0.0020580 seconds, Stopping threads took: 0.0000680 seconds
282.596: Application time: 0.1665580 seconds
282.596: [GC [PSYoungGen: 96655K->4352K(92672K)] 120454K->28230K(137728K), 0.0013140 secs] [Times: user=0.01 sys=0.00, real=0.00 secs] 
282.597: Total time for which application threads were stopped: 0.0014980 seconds, Stopping threads took: 0.0000980 seconds
282.756: Application time: 0.1591920 seconds
282.757: [GC [PSYoungGen: 92158K->4320K(89600K)] 116037K->28198K(134656K), 0.0014260 secs] [Times: user=0.01 sys=0.00, real=0.00 secs] 
282.758: Total time for which application threads were stopped: 0.0016360 seconds, Stopping threads took: 0.0001390 seconds
282.914: Application time: 0.1561350 seconds
282.914: [GC [PSYoungGen: 89312K->6480K(89088K)] 113190K->30358K(134144K), 0.0016780 secs] [Times: user=0.00 sys=0.01, real=0.00 secs] 
282.916: Total time for which application threads were stopped: 0.0018240 seconds, Stopping threads took: 0.0000620 seconds
283.066: Application time: 0.1498760 seconds
283.066: [GC [PSYoungGen: 88085K->5456K(85504K)] 111963K->29510K(130560K), 0.0018060 secs] [Times: user=0.01 sys=0.00, real=0.00 secs] 
283.068: Total time for which application threads were stopped: 0.0019810 seconds, Stopping threads took: 0.0000920 seconds
283.215: Application time: 0.1473120 seconds
283.215: [GC [PSYoungGen: 84673K->6400K(88576K)] 108727K->31590K(133632K), 0.0020940 secs] [Times: user=0.01 sys=0.00, real=0.00 secs] 
283.217: Total time for which application threads were stopped: 0.0022540 seconds, Stopping threads took: 0.0000730 seconds
283.367: Application time: 0.1498100 seconds
283.367: [GC [PSYoungGen: 87775K->4352K(90112K)] 112966K->29542K(135168K), 0.0012840 secs] [Times: user=0.01 sys=0.00, real=0.00 secs] 
283.369: Total time for which application threads were stopped: 0.0014280 seconds, Stopping threads took: 0.0000660 seconds
283.516: Application time: 0.1473760 seconds
283.516: [GC [PSYoungGen: 85610K->4368K(83456K)] 110801K->29558K(128512K), 0.0010410 secs] [Times: user=0.00 sys=0.00, real=0.00 secs] 
283.517: Total time for which application threads were stopped: 0.0011590 seconds, Stopping threads took: 0.0000520 seconds
283.657: Application time: 0.1396300 seconds
283.657: [GC [PSYoungGen: 82354K->6480K(102400K)] 107545K->31782K(147456K), 0.0017170 secs] [Times: user=0.01 sys=0.00, real=0.00 secs] 
283.659: Total time for which application threads were stopped: 0.0018630 seconds, Stopping threads took: 0.0000540 seconds
283.835: Application time: 0.1764900 seconds
283.839: [GC [PSYoungGen: 99680K->6432K(103424K)] 124983K->31883K(148480K), 0.0018410 secs] [Times: user=0.02 sys=0.00, real=0.00 secs] 
283.841: Total time for which application threads were stopped: 0.0057380 seconds, Stopping threads took: 0.0038050 seconds
284.013: Application time: 0.1721660 seconds
284.013: [GC [PSYoungGen: 100526K->6400K(103424K)] 125977K->31883K(148480K), 0.0016830 secs] [Times: user=0.01 sys=0.00, real=0.00 secs] 
284.015: Total time for which application threads were stopped: 0.0018600 seconds, Stopping threads took: 0.0000920 seconds
284.184: Application time: 0.1693040 seconds
284.184: [GC [PSYoungGen: 100633K->6464K(98304K)] 126116K->31947K(143360K), 0.0014910 secs] [Times: user=0.01 sys=0.00, real=0.00 secs] 
284.186: Total time for which application threads were stopped: 0.0016810 seconds, Stopping threads took: 0.0001140 seconds
284.358: Application time: 0.1723340 seconds
284.358: [GC [PSYoungGen: 98112K->6480K(95232K)] 123595K->32075K(140288K), 0.0017800 secs] [Times: user=0.00 sys=0.00, real=0.00 secs] 
284.360: Total time for which application threads were stopped: 0.0019550 seconds, Stopping threads took: 0.0000770 seconds
284.522: Application time: 0.1619780 seconds
284.522: [GC [PSYoungGen: 94953K->4352K(90112K)] 120549K->30087K(135168K), 0.0009570 secs] [Times: user=0.00 sys=0.01, real=0.01 secs] 
284.523: Total time for which application threads were stopped: 0.0010870 seconds, Stopping threads took: 0.0000510 seconds
284.676: Application time: 0.1530540 seconds
284.677: [GC [PSYoungGen: 89545K->5344K(88064K)] 115280K->31127K(133120K), 0.0016770 secs] [Times: user=0.01 sys=0.00, real=0.00 secs] 
284.678: Total time for which application threads were stopped: 0.0018260 seconds, Stopping threads took: 0.0000670 seconds
284.835: Application time: 0.1568830 seconds
284.835: [GC [PSYoungGen: 87292K->2336K(82432K)] 113075K->28119K(127488K), 0.0010000 secs] [Times: user=0.00 sys=0.00, real=0.00 secs] 
284.836: Total time for which application threads were stopped: 0.0011330 seconds, Stopping threads took: 0.0000660 seconds
284.981: Application time: 0.1450920 seconds
284.982: [GC [PSYoungGen: 82105K->5408K(82944K)] 107888K->31299K(128000K), 0.0017200 secs] [Times: user=0.01 sys=0.00, real=0.01 secs] 
284.983: Total time for which application threads were stopped: 0.0018910 seconds, Stopping threads took: 0.0000780 seconds
285.120: Application time: 0.1362810 seconds
285.120: [GC [PSYoungGen: 81923K->5376K(80384K)] 107815K->31411K(125440K), 0.0016240 secs] [Times: user=0.01 sys=0.00, real=0.00 secs] 
285.121: Total time for which application threads were stopped: 0.0018010 seconds, Stopping threads took: 0.0001020 seconds
285.260: Application time: 0.1382120 seconds
285.260: [GC [PSYoungGen: 79868K->6400K(96768K)] 105904K->32475K(141824K), 0.0018810 secs] [Times: user=0.01 sys=0.00, real=0.00 secs] 
285.262: Total time for which application threads were stopped: 0.0020240 seconds, Stopping threads took: 0.0000650 seconds
285.423: Application time: 0.1613190 seconds
285.423: [GC [PSYoungGen: 95881K->6368K(97792K)] 121956K->32443K(142848K), 0.0017970 secs] [Times: user=0.01 sys=0.00, real=0.00 secs] 
285.425: Total time for which application threads were stopped: 0.0019610 seconds, Stopping threads took: 0.0000750 seconds
285.594: Application time: 0.1695790 seconds
285.595: [GC [PSYoungGen: 95800K->5536K(98304K)] 121876K->31611K(143360K), 0.0015840 secs] [Times: user=0.01 sys=0.00, real=0.00 secs] 
285.596: Total time for which application threads were stopped: 0.0017450 seconds, Stopping threads took: 0.0000790 seconds
285.753: Application time: 0.1567860 seconds
285.753: [GC [PSYoungGen: 94128K->7488K(114688K)] 120203K->33748K(159744K), 0.0018500 secs] [Times: user=0.00 sys=0.00, real=0.00 secs] 
285.755: Total time for which application threads were stopped: 0.0020560 seconds, Stopping threads took: 0.0001160 seconds
285.951: Application time: 0.1959250 seconds
285.951: [GC [PSYoungGen: 113697K->7392K(110592K)] 139957K->33772K(155648K), 0.0017140 secs] [Times: user=0.01 sys=0.00, real=0.00 secs] 
285.953: Total time for which application threads were stopped: 0.0018550 seconds, Stopping threads took: 0.0000670 seconds
286.142: Application time: 0.1886890 seconds
286.142: [GC [PSYoungGen: 110191K->6400K(105984K)] 136571K->32780K(151040K), 0.0017590 secs] [Times: user=0.00 sys=0.01, real=0.01 secs] 
286.143: Total time for which application threads were stopped: 0.0019100 seconds, Stopping threads took: 0.0000630 seconds
286.328: Application time: 0.1845220 seconds
286.328: [GC [PSYoungGen: 105636K->5568K(101376K)] 132015K->31948K(146432K), 0.0018730 secs] [Times: user=0.01 sys=0.00, real=0.00 secs] 
286.330: Total time for which application threads were stopped: 0.0020120 seconds, Stopping threads took: 0.0000600 seconds
286.505: Application time: 0.1755130 seconds
286.506: [GC [PSYoungGen: 101105K->5392K(98304K)] 127485K->32008K(143360K), 0.0016330 secs] [Times: user=0.01 sys=0.00, real=0.00 secs] 
286.507: Total time for which application threads were stopped: 0.0017940 seconds, Stopping threads took: 0.0000860 seconds
286.673: Application time: 0.1656440 seconds
286.673: [GC [PSYoungGen: 98013K->6400K(96256K)] 124629K->33056K(141312K), 0.0020290 secs] [Times: user=0.01 sys=0.00, real=0.00 secs] 
286.675: Total time for which application threads were stopped: 0.0021820 seconds, Stopping threads took: 0.0000640 seconds
286.842: Application time: 0.1671940 seconds
286.842: [GC [PSYoungGen: 95719K->5456K(92160K)] 122375K->32112K(137216K), 0.0016250 secs] [Times: user=0.01 sys=0.00, real=0.01 secs] 
286.844: Total time for which application threads were stopped: 0.0017730 seconds, Stopping threads took: 0.0000700 seconds
287.001: Application time: 0.1567230 seconds
287.001: [GC [PSYoungGen: 91925K->6432K(100352K)] 118582K->33196K(145408K), 0.0018620 secs] [Times: user=0.01 sys=0.00, real=0.00 secs] 
287.003: Total time for which application threads were stopped: 0.0020190 seconds, Stopping threads took: 0.0000800 seconds
287.173: Application time: 0.1705240 seconds
287.173: [GC [PSYoungGen: 98592K->5376K(94720K)] 125356K->32292K(139776K), 0.0011270 secs] [Times: user=0.01 sys=0.00, real=0.00 secs] 
287.175: Total time for which application threads were stopped: 0.0012820 seconds, Stopping threads took: 0.0000650 seconds
287.335: Application time: 0.1599210 seconds
287.335: [GC [PSYoungGen: 93798K->6400K(92672K)] 120715K->33356K(137728K), 0.0021060 secs] [Times: user=0.02 sys=0.00, real=0.00 secs] 
287.337: Total time for which application threads were stopped: 0.0022690 seconds, Stopping threads took: 0.0000800 seconds
287.490: Application time: 0.1532920 seconds
287.490: [GC [PSYoungGen: 91692K->4352K(103936K)] 118648K->34380K(148992K), 0.0020010 secs] [Times: user=0.01 sys=0.01, real=0.01 secs] 
287.492: Total time for which application threads were stopped: 0.0021570 seconds, Stopping threads took: 0.0000760 seconds
287.677: Application time: 0.1846250 seconds
287.677: [GC [PSYoungGen: 103680K->5568K(107520K)] 133708K->35596K(152576K), 0.0016340 secs] [Times: user=0.01 sys=0.00, real=0.00 secs] 
287.679: Total time for which application threads were stopped: 0.0018140 seconds, Stopping threads took: 0.0000990 seconds
287.862: Application time: 0.1835270 seconds
287.862: [GC [PSYoungGen: 104826K->5376K(101376K)] 134855K->35657K(146432K), 0.0013070 secs] [Times: user=0.00 sys=0.00, real=0.01 secs] 
287.864: Total time for which application threads were stopped: 0.0014690 seconds, Stopping threads took: 0.0000890 seconds
288.036: Application time: 0.1719660 seconds
288.036: [GC [PSYoungGen: 100836K->5376K(98304K)] 131117K->35705K(143360K), 0.0014380 secs] [Times: user=0.00 sys=0.00, real=0.00 secs] 
288.037: Total time for which application threads were stopped: 0.0015770 seconds, Stopping threads took: 0.0000680 seconds
288.209: Application time: 0.1716760 seconds
288.209: [GC [PSYoungGen: 97662K->4448K(94208K)] 127991K->36825K(139264K), 0.0016790 secs] [Times: user=0.01 sys=0.00, real=0.00 secs] 
288.211: Total time for which application threads were stopped: 0.0018370 seconds, Stopping threads took: 0.0000630 seconds
288.370: Application time: 0.1594960 seconds
288.370: [GC [PSYoungGen: 93376K->5472K(92160K)] 125753K->37957K(137216K), 0.0015530 secs] [Times: user=0.01 sys=0.01, real=0.01 secs] 
288.372: Total time for which application threads were stopped: 0.0016920 seconds, Stopping threads took: 0.0000580 seconds
288.535: Application time: 0.1628860 seconds
288.535: [GC [PSYoungGen: 91903K->4352K(88064K)] 124388K->36977K(133120K), 0.0013340 secs] [Times: user=0.00 sys=0.01, real=0.00 secs] 
288.536: Total time for which application threads were stopped: 0.0014830 seconds, Stopping threads took: 0.0000710 seconds
288.683: Application time: 0.1471320 seconds
288.684: [GC [PSYoungGen: 87436K->7424K(88576K)] 120061K->40089K(133632K), 0.0022100 secs] [Times: user=0.01 sys=0.00, real=0.00 secs] 
288.686: Total time for which application threads were stopped: 0.0024190 seconds, Stopping threads took: 0.0001290 seconds
288.834: Application time: 0.1484370 seconds
288.834: [GC [PSYoungGen: 87494K->3360K(100352K)] 120160K->39097K(145408K), 0.0017870 secs] [Times: user=0.01 sys=0.00, real=0.00 secs] 
288.836: Total time for which application threads were stopped: 0.0019650 seconds, Stopping threads took: 0.0000880 seconds
289.013: Application time: 0.1766000 seconds
289.013: [GC [PSYoungGen: 99262K->6592K(110080K)] 134999K->42369K(155136K), 0.0018610 secs] [Times: user=0.02 sys=0.00, real=0.00 secs] 
289.015: Total time for which application threads were stopped: 0.0020110 seconds, Stopping threads took: 0.0000730 seconds
289.202: Application time: 0.1871180 seconds
289.202: [GC [PSYoungGen: 108044K->5392K(103936K)] 143822K->41385K(148992K), 0.0012940 secs] [Times: user=0.00 sys=0.00, real=0.01 secs] 
289.204: Total time for which application threads were stopped: 0.0014440 seconds, Stopping threads took: 0.0000780 seconds
289.385: Application time: 0.1810710 seconds
289.385: [GC [PSYoungGen: 103458K->3296K(98304K)] 139452K->39329K(143360K), 0.0012640 secs] [Times: user=0.01 sys=0.00, real=0.00 secs] 
289.386: Total time for which application threads were stopped: 0.0014210 seconds, Stopping threads took: 0.0000790 seconds
289.552: Application time: 0.1661510 seconds
289.552: [GC [PSYoungGen: 97147K->6432K(98304K)] 133181K->42465K(143360K), 0.0016780 secs] [Times: user=0.01 sys=0.00, real=0.00 secs] 
289.554: Total time for which application threads were stopped: 0.0018420 seconds, Stopping threads took: 0.0000860 seconds
289.723: Application time: 0.1692340 seconds
289.723: [GC [PSYoungGen: 98080K->6432K(95232K)] 134113K->42573K(140288K), 0.0021460 secs] [Times: user=0.01 sys=0.00, real=0.00 secs] 
289.726: Total time for which application threads were stopped: 0.0022860 seconds, Stopping threads took: 0.0000600 seconds
289.887: Application time: 0.1610600 seconds
289.887: [GC [PSYoungGen: 94735K->4352K(109056K)] 130877K->42686K(154112K), 0.0020360 secs] [Times: user=0.01 sys=0.00, real=0.00 secs] 
289.889: Total time for which application threads were stopped: 0.0022040 seconds, Stopping threads took: 0.0000700 seconds
290.082: Application time: 0.1932170 seconds
290.082: [GC [PSYoungGen: 108167K->5376K(106496K)] 146501K->43750K(151552K), 0.0015600 secs] [Times: user=0.01 sys=0.00, real=0.01 secs] 
290.084: Total time for which application threads were stopped: 0.0017280 seconds, Stopping threads took: 0.0000940 seconds
290.267: Application time: 0.1834440 seconds
290.267: [GC [PSYoungGen: 106194K->5520K(102912K)] 144568K->43894K(147968K), 0.0016360 secs] [Times: user=0.01 sys=0.00, real=0.00 secs] 
290.269: Total time for which application threads were stopped: 0.0018210 seconds, Stopping threads took: 0.0001100 seconds
290.448: Application time: 0.1788570 seconds
290.448: [GC [PSYoungGen: 102800K->6464K(100352K)] 141174K->45018K(145408K), 0.0020070 secs] [Times: user=0.02 sys=0.00, real=0.00 secs] 
290.450: Total time for which application threads were stopped: 0.0021650 seconds, Stopping threads took: 0.0000630 seconds
290.622: Application time: 0.1721600 seconds
290.622: [GC [PSYoungGen: 99167K->4352K(95232K)] 137721K->44030K(140288K), 0.0015500 secs] [Times: user=0.01 sys=0.00, real=0.01 secs] 
290.624: Total time for which application threads were stopped: 0.0016950 seconds, Stopping threads took: 0.0000680 seconds
290.785: Application time: 0.1612880 seconds
290.785: [GC [PSYoungGen: 94167K->6400K(94208K)] 133845K->46078K(139264K), 0.0020380 secs] [Times: user=0.01 sys=0.00, real=0.00 secs] 
290.787: Total time for which application threads were stopped: 0.0021950 seconds, Stopping threads took: 0.0000740 seconds
290.948: Application time: 0.1610520 seconds
290.949: [GC [PSYoungGen: 93952K->5456K(98304K)] 133630K->46158K(143360K), 0.0019670 secs] [Times: user=0.01 sys=0.00, real=0.00 secs] 
290.951: Total time for which application threads were stopped: 0.0021530 seconds, Stopping threads took: 0.0000880 seconds
291.119: Application time: 0.1685220 seconds
291.119: [GC [PSYoungGen: 98128K->6464K(100864K)] 138830K->47346K(145920K), 0.0018540 secs] [Times: user=0.02 sys=0.00, real=0.00 secs] 
291.121: Total time for which application threads were stopped: 0.0020050 seconds, Stopping threads took: 0.0000730 seconds
291.292: Application time: 0.1707790 seconds
291.292: [GC [PSYoungGen: 99126K->6400K(119296K)] 140009K->47386K(164352K), 0.0014900 secs] [Times: user=0.01 sys=0.00, real=0.00 secs] 
291.294: Total time for which application threads were stopped: 0.0016380 seconds, Stopping threads took: 0.0000710 seconds
291.498: Application time: 0.2043360 seconds
291.498: [GC [PSYoungGen: 117037K->6400K(113664K)] 158023K->47386K(158720K), 0.0015740 secs] [Times: user=0.00 sys=0.01, real=0.00 secs] 
291.500: Total time for which application threads were stopped: 0.0017170 seconds, Stopping threads took: 0.0000540 seconds
291.696: Application time: 0.1963380 seconds
291.696: [GC [PSYoungGen: 113343K->5552K(108544K)] 154330K->47562K(153600K), 0.0018340 secs] [Times: user=0.01 sys=0.00, real=0.00 secs] 
291.698: Total time for which application threads were stopped: 0.0019820 seconds, Stopping threads took: 0.0000660 seconds
291.884: Application time: 0.1861940 seconds
291.884: [GC [PSYoungGen: 108013K->5408K(104960K)] 150023K->47663K(150016K), 0.0017820 secs] [Times: user=0.01 sys=0.00, real=0.00 secs] 
291.886: Total time for which application threads were stopped: 0.0019560 seconds, Stopping threads took: 0.0000980 seconds
292.068: Application time: 0.1823150 seconds
292.069: [GC [PSYoungGen: 104713K->4352K(100352K)] 146968K->46663K(145408K), 0.0012710 secs] [Times: user=0.01 sys=0.00, real=0.00 secs] 
292.070: Total time for which application threads were stopped: 0.0014400 seconds, Stopping threads took: 0.0000860 seconds
292.241: Application time: 0.1712620 seconds
292.241: [GC [PSYoungGen: 99450K->5472K(98304K)] 141761K->47783K(143360K), 0.0017920 secs] [Times: user=0.01 sys=0.00, real=0.00 secs] 
292.243: Total time for which application threads were stopped: 0.0019550 seconds, Stopping threads took: 0.0000700 seconds
292.414: Application time: 0.1709460 seconds
292.414: [GC [PSYoungGen: 97265K->5424K(95232K)] 139576K->47879K(140288K), 0.0017040 secs] [Times: user=0.01 sys=0.00, real=0.00 secs] 
292.416: Total time for which application threads were stopped: 0.0018500 seconds, Stopping threads took: 0.0000710 seconds
292.576: Application time: 0.1603540 seconds
292.576: [GC [PSYoungGen: 94561K->5344K(92160K)] 137016K->47919K(137216K), 0.0018560 secs] [Times: user=0.01 sys=0.00, real=0.00 secs] 
292.578: Total time for which application threads were stopped: 0.0020220 seconds, Stopping threads took: 0.0000770 seconds
292.738: Application time: 0.1594420 seconds
292.738: [GC [PSYoungGen: 91139K->4352K(88064K)] 133714K->46983K(133120K), 0.0012230 secs] [Times: user=0.01 sys=0.00, real=0.00 secs] 
292.739: Total time for which application threads were stopped: 0.0013830 seconds, Stopping threads took: 0.0000760 seconds
292.893: Application time: 0.1535020 seconds
292.893: [GC [PSYoungGen: 86996K->2320K(83456K)] 129627K->44951K(128512K), 0.0010100 secs] [Times: user=0.01 sys=0.00, real=0.00 secs] 
292.894: Total time for which application threads were stopped: 0.0011600 seconds, Stopping threads took: 0.0000830 seconds
293.040: Application time: 0.1463040 seconds
293.040: [GC [PSYoungGen: 83002K->5504K(83968K)] 125633K->48243K(129024K), 0.0017540 secs] [Times: user=0.01 sys=0.00, real=0.00 secs] 
293.042: Total time for which application threads were stopped: 0.0019080 seconds, Stopping threads took: 0.0000720 seconds
293.185: Application time: 0.1426290 seconds
293.185: [GC [PSYoungGen: 83506K->5376K(81408K)] 126245K->48267K(126464K), 0.0019220 secs] [Times: user=0.01 sys=0.00, real=0.00 secs] 
293.187: Total time for which application threads were stopped: 0.0020910 seconds, Stopping threads took: 0.0000770 seconds
293.323: Application time: 0.1358560 seconds
293.323: [GC [PSYoungGen: 80761K->4352K(88064K)] 123652K->49331K(133120K), 0.0019590 secs] [Times: user=0.01 sys=0.00, real=0.01 secs] 
293.325: [Full GC [PSYoungGen: 4352K->0K(88064K)] [ParOldGen: 44979K->10051K(45568K)] 49331K->10051K(133632K) [PSPermGen: 5528K->5528K(21504K)], 0.0065550 secs] [Times: user=0.03 sys=0.00, real=0.01 secs] 
293.331: Total time for which application threads were stopped: 0.0087180 seconds, Stopping threads took: 0.0000680 seconds
293.485: Application time: 0.1536630 seconds
293.485: [GC [PSYoungGen: 83440K->6400K(91136K)] 93492K->16451K(136704K), 0.0017710 secs] [Times: user=0.01 sys=0.00, real=0.00 secs] 
293.487: Total time for which application threads were stopped: 0.0019210 seconds, Stopping threads took: 0.0000760 seconds
293.639: Application time: 0.1526450 seconds
293.640: [GC [PSYoungGen: 89308K->4496K(85504K)] 99360K->14547K(131072K), 0.0009750 secs] [Times: user=0.01 sys=0.00, real=0.00 secs] 
293.641: Total time for which application threads were stopped: 0.0011170 seconds, Stopping threads took: 0.0000680 seconds
293.787: Application time: 0.1465970 seconds
293.787: [GC [PSYoungGen: 85077K->5472K(83968K)] 95128K->15704K(129536K), 0.0014650 secs] [Times: user=0.01 sys=0.00, real=0.00 secs] 
293.789: Total time for which application threads were stopped: 0.0016020 seconds, Stopping threads took: 0.0000590 seconds
293.931: Application time: 0.1418720 seconds
293.931: [GC [PSYoungGen: 83099K->5376K(81408K)] 93331K->16744K(126976K), 0.0015920 secs] [Times: user=0.00 sys=0.01, real=0.01 secs] 
293.932: Total time for which application threads were stopped: 0.0017510 seconds, Stopping threads took: 0.0000770 seconds
294.073: Application time: 0.1404830 seconds
294.073: [GC [PSYoungGen: 81012K->5376K(78848K)] 92380K->16744K(124416K), 0.0016530 secs] [Times: user=0.01 sys=0.00, real=0.00 secs] 
294.075: Total time for which application threads were stopped: 0.0017940 seconds, Stopping threads took: 0.0000660 seconds
294.207: Application time: 0.1325790 seconds
294.207: [GC [PSYoungGen: 77765K->3408K(91648K)] 89133K->16824K(137216K), 0.0015800 secs] [Times: user=0.01 sys=0.00, real=0.00 secs] 
294.209: Total time for which application threads were stopped: 0.0017300 seconds, Stopping threads took: 0.0000570 seconds
294.364: Application time: 0.1547200 seconds
294.364: [GC [PSYoungGen: 90488K->6496K(96256K)] 103905K->21012K(141824K), 0.0021990 secs] [Times: user=0.02 sys=0.00, real=0.00 secs] 
294.366: Total time for which application threads were stopped: 0.0023540 seconds, Stopping threads took: 0.0000630 seconds
294.533: Application time: 0.1670090 seconds
294.533: [GC [PSYoungGen: 94997K->6464K(113152K)] 109513K->21120K(158720K), 0.0015290 secs] [Times: user=0.01 sys=0.00, real=0.00 secs] 
294.535: Total time for which application threads were stopped: 0.0016760 seconds, Stopping threads took: 0.0000600 seconds
294.729: Application time: 0.1937640 seconds
294.729: [GC [PSYoungGen: 111394K->6416K(108544K)] 126050K->21140K(154112K), 0.0014470 secs] [Times: user=0.01 sys=0.00, real=0.00 secs] 
294.730: Total time for which application threads were stopped: 0.0015980 seconds, Stopping threads took: 0.0000730 seconds
294.913: Application time: 0.1831130 seconds
294.913: [GC [PSYoungGen: 107706K->5424K(103936K)] 122430K->20148K(149504K), 0.0015180 secs] [Times: user=0.00 sys=0.00, real=0.00 secs] 
294.915: Total time for which application threads were stopped: 0.0017310 seconds, Stopping threads took: 0.0001320 seconds
295.096: Application time: 0.1810390 seconds
295.096: [GC [PSYoungGen: 103458K->6416K(101376K)] 118183K->21248K(146944K), 0.0020920 secs] [Times: user=0.01 sys=0.00, real=0.00 secs] 
295.098: Total time for which application threads were stopped: 0.0022650 seconds, Stopping threads took: 0.0000940 seconds
295.275: Application time: 0.1768090 seconds
295.275: [GC [PSYoungGen: 100433K->3360K(95232K)] 115265K->20376K(140800K), 0.0016020 secs] [Times: user=0.01 sys=0.00, real=0.00 secs] 
295.277: Total time for which application threads were stopped: 0.0017560 seconds, Stopping threads took: 0.0000750 seconds
295.439: Application time: 0.1616580 seconds
295.439: [GC [PSYoungGen: 94065K->7424K(104448K)] 111082K->24480K(150016K), 0.0021460 secs] [Times: user=0.01 sys=0.00, real=0.00 secs] 
295.441: Total time for which application threads were stopped: 0.0023080 seconds, Stopping threads took: 0.0000700 seconds
295.620: Application time: 0.1789270 seconds
295.620: [GC [PSYoungGen: 102979K->7424K(117760K)] 120036K->24480K(163328K), 0.0018810 secs] [Times: user=0.01 sys=0.00, real=0.00 secs] 
295.622: Total time for which application threads were stopped: 0.0020660 seconds, Stopping threads took: 0.0001090 seconds
295.820: Application time: 0.1985760 seconds
295.821: [GC [PSYoungGen: 116139K->7424K(118272K)] 133196K->24629K(163840K), 0.0019870 secs] [Times: user=0.01 sys=0.00, real=0.00 secs] 
295.823: Total time for which application threads were stopped: 0.0021980 seconds, Stopping threads took: 0.0001350 seconds
296.022: Application time: 0.1989260 seconds
296.022: [GC [PSYoungGen: 115746K->7424K(112640K)] 132951K->24777K(158208K), 0.0018130 secs] [Times: user=0.00 sys=0.01, real=0.01 secs] 
296.024: Total time for which application threads were stopped: 0.0019730 seconds, Stopping threads took: 0.0000720 seconds
296.215: Application time: 0.1916770 seconds
296.215: [GC [PSYoungGen: 111552K->6384K(108032K)] 128906K->23737K(153600K), 0.0019160 secs] [Times: user=0.00 sys=0.00, real=0.00 secs] 
296.217: Total time for which application threads were stopped: 0.0021080 seconds, Stopping threads took: 0.0001120 seconds
296.409: Application time: 0.1913010 seconds
296.409: [GC [PSYoungGen: 107481K->1344K(99328K)] 124834K->18777K(144896K), 0.0007350 secs] [Times: user=0.01 sys=0.00, real=0.00 secs] 
296.409: Total time for which application threads were stopped: 0.0008760 seconds, Stopping threads took: 0.0000700 seconds
296.577: Application time: 0.1679770 seconds
296.578: [GC [PSYoungGen: 98947K->7424K(101888K)] 116380K->25041K(147456K), 0.0020310 secs] [Times: user=0.01 sys=0.00, real=0.00 secs] 
296.580: Total time for which application threads were stopped: 0.0022020 seconds, Stopping threads took: 0.0000840 seconds
296.757: Application time: 0.1774130 seconds
296.757: [GC [PSYoungGen: 101439K->7392K(98816K)] 119056K->25041K(144384K), 0.0020610 secs] [Times: user=0.01 sys=0.00, real=0.00 secs] 
296.759: Total time for which application threads were stopped: 0.0022080 seconds, Stopping threads took: 0.0000690 seconds
296.919: Application time: 0.1593590 seconds
296.919: [GC [PSYoungGen: 98341K->7488K(116736K)] 115991K->25137K(162304K), 0.0022270 secs] [Times: user=0.01 sys=0.00, real=0.00 secs] 
296.921: Total time for which application threads were stopped: 0.0023900 seconds, Stopping threads took: 0.0000770 seconds
297.120: Application time: 0.1987490 seconds
297.120: [GC [PSYoungGen: 116189K->7456K(119808K)] 133838K->25217K(165376K), 0.0022890 secs] [Times: user=0.02 sys=0.00, real=0.00 secs] 
297.122: Total time for which application threads were stopped: 0.0024550 seconds, Stopping threads took: 0.0000780 seconds
297.321: Application time: 0.1988260 seconds
297.321: [GC [PSYoungGen: 115870K->7392K(119808K)] 133632K->25293K(165376K), 0.0021420 secs] [Times: user=0.01 sys=0.00, real=0.01 secs] 
297.323: Total time for which application threads were stopped: 0.0023070 seconds, Stopping threads took: 0.0000880 seconds
297.522: Application time: 0.1986350 seconds
297.522: [GC [PSYoungGen: 115704K->7424K(141312K)] 133606K->25365K(186880K), 0.0017960 secs] [Times: user=0.00 sys=0.01, real=0.01 secs] 
297.524: Total time for which application threads were stopped: 0.0019400 seconds, Stopping threads took: 0.0000660 seconds
297.771: Application time: 0.2467960 seconds
297.771: [GC [PSYoungGen: 137542K->5552K(131072K)] 155483K->23493K(176640K), 0.0013870 secs] [Times: user=0.01 sys=0.00, real=0.01 secs] 
297.772: Total time for which application threads were stopped: 0.0015460 seconds, Stopping threads took: 0.0000690 seconds
297.997: Application time: 0.2243270 seconds
297.997: [GC [PSYoungGen: 130019K->7424K(128512K)] 147960K->25614K(174080K), 0.0018980 secs] [Times: user=0.01 sys=0.00, real=0.00 secs] 
297.999: Total time for which application threads were stopped: 0.0020400 seconds, Stopping threads took: 0.0000590 seconds
298.225: Application time: 0.2262910 seconds
298.225: [GC [PSYoungGen: 128154K->6416K(122880K)] 146344K->24646K(168448K), 0.0022500 secs] [Times: user=0.02 sys=0.00, real=0.00 secs] 
298.227: Total time for which application threads were stopped: 0.0024090 seconds, Stopping threads took: 0.0000720 seconds
298.439: Application time: 0.2115190 seconds
298.439: [GC [PSYoungGen: 121936K->5504K(117760K)] 140166K->23814K(163328K), 0.0014850 secs] [Times: user=0.00 sys=0.01, real=0.00 secs] 
298.441: Total time for which application threads were stopped: 0.0016260 seconds, Stopping threads took: 0.0000570 seconds
298.643: Application time: 0.2029450 seconds
298.644: [GC [PSYoungGen: 117255K->5392K(113664K)] 135565K->23874K(159232K), 0.0017200 secs] [Times: user=0.01 sys=0.00, real=0.00 secs] 
298.645: Total time for which application threads were stopped: 0.0018750 seconds, Stopping threads took: 0.0000760 seconds
298.841: Application time: 0.1961310 seconds
298.842: [GC [PSYoungGen: 112411K->5376K(109568K)] 130894K->23906K(155136K), 0.0016270 secs] [Times: user=0.01 sys=0.00, real=0.01 secs] 
298.843: Total time for which application threads were stopped: 0.0017720 seconds, Stopping threads took: 0.0000630 seconds
299.034: Application time: 0.1911750 seconds
299.035: [GC [PSYoungGen: 108698K->6496K(107008K)] 127229K->25026K(152576K), 0.0021490 secs] [Times: user=0.01 sys=0.00, real=0.00 secs] 
299.037: Total time for which application threads were stopped: 0.0023020 seconds, Stopping threads took: 0.0000690 seconds
299.223: Application time: 0.1863230 seconds
299.223: [GC [PSYoungGen: 106024K->2320K(99328K)] 124554K->21030K(144896K), 0.0010970 secs] [Times: user=0.00 sys=0.00, real=0.00 secs] 
299.224: Total time for which application threads were stopped: 0.0012550 seconds, Stopping threads took: 0.0000880 seconds
299.396: Application time: 0.1714070 seconds
299.396: [GC [PSYoungGen: 98906K->7424K(100864K)] 117616K->26254K(146432K), 0.0021390 secs] [Times: user=0.02 sys=0.00, real=0.00 secs] 
299.398: Total time for which application threads were stopped: 0.0022780 seconds, Stopping threads took: 0.0000620 seconds
299.571: Application time: 0.1732710 seconds
299.571: [GC [PSYoungGen: 100465K->6480K(96768K)] 119296K->25310K(142336K), 0.0020250 secs] [Times: user=0.01 sys=0.00, real=0.00 secs] 
299.573: Total time for which application threads were stopped: 0.0021900 seconds, Stopping threads took: 0.0000780 seconds
299.734: Application time: 0.1603280 seconds
299.734: [GC [PSYoungGen: 95643K->7520K(102400K)] 114474K->26426K(147968K), 0.0022490 secs] [Times: user=0.02 sys=0.00, real=0.00 secs] 
299.736: Total time for which application threads were stopped: 0.0024030 seconds, Stopping threads took: 0.0000720 seconds
299.909: Application time: 0.1725260 seconds
299.909: [GC [PSYoungGen: 99524K->6448K(96256K)] 118431K->25498K(141824K), 0.0015640 secs] [Times: user=0.01 sys=0.00, real=0.00 secs] 
299.910: Total time for which application threads were stopped: 0.0017150 seconds, Stopping threads took: 0.0000630 seconds
300.071: Application time: 0.1604450 seconds
300.071: [GC [PSYoungGen: 95170K->6336K(114688K)] 114221K->25458K(160256K), 0.0018510 secs] [Times: user=0.01 sys=0.00, real=0.00 secs] 
300.073: Total time for which application threads were stopped: 0.0020860 seconds, Stopping threads took: 0.0001530 seconds
300.268: Application time: 0.1947740 seconds
300.268: [GC [PSYoungGen: 110633K->5424K(107008K)] 129756K->24546K(152576K), 0.0015550 secs] [Times: user=0.01 sys=0.00, real=0.00 secs] 
300.269: Total time for which application threads were stopped: 0.0016950 seconds, Stopping threads took: 0.0000600 seconds
300.450: Application time: 0.1801290 seconds
300.450: [GC [PSYoungGen: 106253K->7488K(112640K)] 125376K->26711K(158208K), 0.0021820 secs] [Times: user=0.02 sys=0.00, real=0.01 secs] 
300.452: Total time for which application threads were stopped: 0.0023440 seconds, Stopping threads took: 0.0000830 seconds
300.643: Application time: 0.1911530 seconds
300.643: [GC [PSYoungGen: 110484K->5344K(105472K)] 129707K->24711K(151040K), 0.0013830 secs] [Times: user=0.01 sys=0.00, real=0.00 secs] 
300.645: Total time for which application threads were stopped: 0.0015480 seconds, Stopping threads took: 0.0000880 seconds
300.832: Application time: 0.1874610 seconds
300.832: [GC [PSYoungGen: 104622K->4352K(100864K)] 123989K->23759K(146432K), 0.0014140 secs] [Times: user=0.01 sys=0.00, real=0.00 secs] 
300.834: Total time for which application threads were stopped: 0.0015730 seconds, Stopping threads took: 0.0000730 seconds
301.002: Application time: 0.1688130 seconds
301.003: [GC [PSYoungGen: 99968K->5472K(98816K)] 119376K->24879K(144384K), 0.0012130 secs] [Times: user=0.00 sys=0.00, real=0.01 secs] 
301.004: Total time for which application threads were stopped: 0.0013610 seconds, Stopping threads took: 0.0000770 seconds
301.180: Application time: 0.1756800 seconds
301.180: [GC [PSYoungGen: 98202K->4416K(94720K)] 117609K->23959K(140288K), 0.0014830 secs] [Times: user=0.01 sys=0.00, real=0.00 secs] 
301.181: Total time for which application threads were stopped: 0.0016170 seconds, Stopping threads took: 0.0000580 seconds
301.347: Application time: 0.1659050 seconds
301.347: [GC [PSYoungGen: 94179K->4320K(91648K)] 113722K->24011K(137216K), 0.0013310 secs] [Times: user=0.01 sys=0.00, real=0.00 secs] 
301.349: Total time for which application threads were stopped: 0.0014730 seconds, Stopping threads took: 0.0000650 seconds
301.504: Application time: 0.1556100 seconds
301.504: [GC [PSYoungGen: 91146K->4320K(88576K)] 110837K->24011K(134144K), 0.0014270 secs] [Times: user=0.01 sys=0.00, real=0.00 secs] 
301.506: Total time for which application threads were stopped: 0.0015820 seconds, Stopping threads took: 0.0000760 seconds
301.658: Application time: 0.1518520 seconds
301.658: [GC [PSYoungGen: 88244K->7520K(89088K)] 107935K->27211K(134656K), 0.0021240 secs] [Times: user=0.02 sys=0.00, real=0.00 secs] 
301.660: Total time for which application threads were stopped: 0.0022840 seconds, Stopping threads took: 0.0000760 seconds
301.806: Application time: 0.1457520 seconds
301.806: [GC [PSYoungGen: 88531K->5408K(84480K)] 108223K->25251K(130048K), 0.0018320 secs] [Times: user=0.01 sys=0.00, real=0.00 secs] 
301.808: Total time for which application threads were stopped: 0.0019840 seconds, Stopping threads took: 0.0000660 seconds
301.954: Application time: 0.1461320 seconds
301.954: [GC [PSYoungGen: 83539K->5360K(97792K)] 103383K->26343K(143360K), 0.0019010 secs] [Times: user=0.01 sys=0.00, real=0.00 secs] 
301.956: Total time for which application threads were stopped: 0.0020850 seconds, Stopping threads took: 0.0000910 seconds
302.126: Application time: 0.1704170 seconds
302.126: [GC [PSYoungGen: 97248K->6400K(100864K)] 118232K->27423K(146432K), 0.0018460 secs] [Times: user=0.01 sys=0.00, real=0.00 secs] 
302.128: Total time for which application threads were stopped: 0.0020120 seconds, Stopping threads took: 0.0000850 seconds
302.298: Application time: 0.1699080 seconds
302.298: [GC [PSYoungGen: 98048K->5472K(94720K)] 119072K->26495K(140288K), 0.0013270 secs] [Times: user=0.00 sys=0.01, real=0.00 secs] 
302.300: Total time for which application threads were stopped: 0.0014840 seconds, Stopping threads took: 0.0000760 seconds
302.459: Application time: 0.1595460 seconds
302.459: [GC [PSYoungGen: 93964K->7520K(93696K)] 114988K->28692K(139264K), 0.0019090 secs] [Times: user=0.01 sys=0.00, real=0.00 secs] 
302.461: Total time for which application threads were stopped: 0.0020680 seconds, Stopping threads took: 0.0000600 seconds
302.622: Application time: 0.1606410 seconds
302.622: [GC [PSYoungGen: 92954K->3328K(86528K)] 114126K->24612K(132096K), 0.0008160 secs] [Times: user=0.01 sys=0.00, real=0.00 secs] 
302.623: Total time for which application threads were stopped: 0.0009540 seconds, Stopping threads took: 0.0000610 seconds
302.775: Application time: 0.1523440 seconds
302.775: [GC [PSYoungGen: 86101K->4256K(84992K)] 107385K->25588K(130560K), 0.0013100 secs] [Times: user=0.01 sys=0.00, real=0.00 secs] 
302.777: Total time for which application threads were stopped: 0.0014880 seconds, Stopping threads took: 0.0001060 seconds
302.923: Application time: 0.1461450 seconds
302.923: [GC [PSYoungGen: 83790K->5376K(83456K)] 105122K->26708K(129024K), 0.0016210 secs] [Times: user=0.01 sys=0.00, real=0.01 secs] 
302.925: Total time for which application threads were stopped: 0.0017670 seconds, Stopping threads took: 0.0000640 seconds
303.063: Application time: 0.1387080 seconds
303.063: [GC [PSYoungGen: 83174K->7488K(102400K)] 104506K->28896K(147968K), 0.0020860 secs] [Times: user=0.01 sys=0.00, real=0.00 secs] 
303.066: Total time for which application threads were stopped: 0.0022360 seconds, Stopping threads took: 0.0000580 seconds
303.239: Application time: 0.1733070 seconds
303.239: [GC [PSYoungGen: 101184K->5456K(103424K)] 122592K->26972K(148992K), 0.0016130 secs] [Times: user=0.01 sys=0.00, real=0.00 secs] 
303.241: Total time for which application threads were stopped: 0.0017890 seconds, Stopping threads took: 0.0000890 seconds
303.411: Application time: 0.1707820 seconds
303.412: [GC [PSYoungGen: 98963K->6400K(102912K)] 120479K->28020K(148480K), 0.0017050 secs] [Times: user=0.01 sys=0.00, real=0.00 secs] 
303.413: Total time for which application threads were stopped: 0.0018660 seconds, Stopping threads took: 0.0000820 seconds
303.587: Application time: 0.1734110 seconds
303.587: [GC [PSYoungGen: 100574K->4352K(95744K)] 122195K->25972K(141312K), 0.0010450 secs] [Times: user=0.00 sys=0.01, real=0.00 secs] 
303.588: Total time for which application threads were stopped: 0.0012200 seconds, Stopping threads took: 0.0000970 seconds
303.751: Application time: 0.1631390 seconds
303.751: [GC [PSYoungGen: 95485K->6480K(94720K)] 117105K->28176K(140288K), 0.0018470 secs] [Times: user=0.01 sys=0.00, real=0.00 secs] 
303.753: Total time for which application threads were stopped: 0.0019950 seconds, Stopping threads took: 0.0000630 seconds
303.920: Application time: 0.1666520 seconds
303.920: [GC [PSYoungGen: 94256K->4400K(89600K)] 115952K->26228K(135168K), 0.0010110 secs] [Times: user=0.01 sys=0.00, real=0.00 secs] 
303.921: Total time for which application threads were stopped: 0.0011410 seconds, Stopping threads took: 0.0000600 seconds
304.068: Application time: 0.1474490 seconds
304.068: [GC [PSYoungGen: 88805K->7424K(110592K)] 110633K->29344K(156160K), 0.0022800 secs] [Times: user=0.02 sys=0.00, real=0.00 secs] 
304.071: Total time for which application threads were stopped: 0.0024490 seconds, Stopping threads took: 0.0000810 seconds
304.263: Application time: 0.1917370 seconds
304.263: [GC [PSYoungGen: 109312K->6432K(104960K)] 131232K->28352K(150528K), 0.0018110 secs] [Times: user=0.01 sys=0.00, real=0.01 secs] 
304.265: Total time for which application threads were stopped: 0.0019790 seconds, Stopping threads took: 0.0000770 seconds
304.445: Application time: 0.1800250 seconds
304.445: [GC [PSYoungGen: 103727K->4496K(99328K)] 125647K->26508K(144896K), 0.0015320 secs] [Times: user=0.01 sys=0.00, real=0.00 secs] 
304.446: Total time for which application threads were stopped: 0.0016980 seconds, Stopping threads took: 0.0000910 seconds
304.618: Application time: 0.1712850 seconds
304.618: [GC [PSYoungGen: 99168K->5408K(97280K)] 121180K->27593K(142848K), 0.0016470 secs] [Times: user=0.01 sys=0.00, real=0.00 secs] 
304.619: Total time for which application threads were stopped: 0.0017830 seconds, Stopping threads took: 0.0000560 seconds
304.790: Application time: 0.1706850 seconds
304.790: [GC [PSYoungGen: 97056K->7424K(100864K)] 119241K->29649K(146432K), 0.0022300 secs] [Times: user=0.02 sys=0.00, real=0.01 secs] 
304.792: Total time for which application threads were stopped: 0.0024040 seconds, Stopping threads took: 0.0000740 seconds
304.957: Application time: 0.1650470 seconds
304.958: [GC [PSYoungGen: 98751K->5408K(94720K)] 120976K->27633K(140288K), 0.0011730 secs] [Times: user=0.00 sys=0.00, real=0.00 secs] 
304.959: Total time for which application threads were stopped: 0.0013210 seconds, Stopping threads took: 0.0000730 seconds
305.125: Application time: 0.1663550 seconds
305.125: [GC [PSYoungGen: 94317K->5440K(91648K)] 116542K->27785K(137216K), 0.0016890 secs] [Times: user=0.01 sys=0.00, real=0.00 secs] 
305.127: Total time for which application threads were stopped: 0.0018350 seconds, Stopping threads took: 0.0000600 seconds
305.278: Application time: 0.1513980 seconds
305.278: [GC [PSYoungGen: 91100K->6432K(89600K)] 113446K->29941K(135168K), 0.0018150 secs] [Times: user=0.00 sys=0.01, real=0.00 secs] 
305.280: Total time for which application threads were stopped: 0.0019740 seconds, Stopping threads took: 0.0000710 seconds
305.431: Application time: 0.1505140 seconds
305.431: [GC [PSYoungGen: 89376K->6400K(105984K)] 112885K->29949K(151552K), 0.0019690 secs] [Times: user=0.01 sys=0.00, real=0.01 secs] 
305.433: Total time for which application threads were stopped: 0.0021290 seconds, Stopping threads took: 0.0000620 seconds
305.615: Application time: 0.1824720 seconds
305.616: [GC [PSYoungGen: 105192K->7456K(108032K)] 128741K->31005K(153600K), 0.0020660 secs] [Times: user=0.01 sys=0.00, real=0.00 secs] 
305.618: Total time for which application threads were stopped: 0.0022130 seconds, Stopping threads took: 0.0000640 seconds
305.803: Application time: 0.1852320 seconds
305.803: [GC [PSYoungGen: 106459K->4464K(100864K)] 130009K->28089K(146432K), 0.0015610 secs] [Times: user=0.01 sys=0.00, real=0.00 secs] 
305.805: Total time for which application threads were stopped: 0.0017330 seconds, Stopping threads took: 0.0000860 seconds
305.978: Application time: 0.1734700 seconds
305.978: [GC [PSYoungGen: 99875K->5392K(98816K)] 123500K->29189K(144384K), 0.0017400 secs] [Times: user=0.01 sys=0.00, real=0.00 secs] 
305.980: Total time for which application threads were stopped: 0.0018990 seconds, Stopping threads took: 0.0000690 seconds
306.148: Application time: 0.1679960 seconds
306.148: [GC [PSYoungGen: 98261K->7424K(101888K)] 122059K->31261K(147456K), 0.0022640 secs] [Times: user=0.02 sys=0.00, real=0.00 secs] 
306.151: Total time for which application threads were stopped: 0.0025530 seconds, Stopping threads took: 0.0001980 seconds
306.326: Application time: 0.1754820 seconds
306.326: [GC [PSYoungGen: 100201K->4400K(94720K)] 124038K->28237K(140288K), 0.0010620 secs] [Times: user=0.01 sys=0.00, real=0.00 secs] 
306.327: Total time for which application threads were stopped: 0.0012010 seconds, Stopping threads took: 0.0000720 seconds
306.487: Application time: 0.1597320 seconds
306.487: [GC [PSYoungGen: 93933K->7552K(116224K)] 117771K->31501K(161792K), 0.0019590 secs] [Times: user=0.01 sys=0.00, real=0.00 secs] 
306.489: Total time for which application threads were stopped: 0.0021240 seconds, Stopping threads took: 0.0000710 seconds
306.684: Application time: 0.1953140 seconds
306.685: [GC [PSYoungGen: 113792K->6384K(110080K)] 137742K->30470K(155648K), 0.0017240 secs] [Times: user=0.01 sys=0.00, real=0.00 secs] 
306.686: Total time for which application threads were stopped: 0.0018780 seconds, Stopping threads took: 0.0000700 seconds
306.878: Application time: 0.1916990 seconds
306.878: [GC [PSYoungGen: 109177K->4368K(104448K)] 133263K->28510K(150016K), 0.0015070 secs] [Times: user=0.00 sys=0.00, real=0.00 secs] 
306.880: Total time for which application threads were stopped: 0.0016610 seconds, Stopping threads took: 0.0000740 seconds
307.063: Application time: 0.1828490 seconds
307.063: [GC [PSYoungGen: 103964K->5504K(101888K)] 128106K->29646K(147456K), 0.0016060 secs] [Times: user=0.01 sys=0.00, real=0.01 secs] 
307.064: Total time for which application threads were stopped: 0.0017650 seconds, Stopping threads took: 0.0000710 seconds
307.234: Application time: 0.1697390 seconds
307.234: [GC [PSYoungGen: 101224K->6448K(99840K)] 125366K->30770K(145408K), 0.0020640 secs] [Times: user=0.02 sys=0.00, real=0.00 secs] 
307.236: Total time for which application threads were stopped: 0.0022420 seconds, Stopping threads took: 0.0000940 seconds
307.411: Application time: 0.1750880 seconds
307.411: [GC [PSYoungGen: 99526K->4352K(94720K)] 123848K->28790K(140288K), 0.0013660 secs] [Times: user=0.00 sys=0.00, real=0.00 secs] 
307.413: Total time for which application threads were stopped: 0.0015230 seconds, Stopping threads took: 0.0000730 seconds
307.575: Application time: 0.1625920 seconds
307.576: [GC [PSYoungGen: 93985K->5376K(92672K)] 118424K->29814K(138240K), 0.0015770 secs] [Times: user=0.01 sys=0.00, real=0.00 secs] 
307.577: Total time for which application threads were stopped: 0.0017290 seconds, Stopping threads took: 0.0000670 seconds
307.736: Application time: 0.1589380 seconds
307.736: [GC [PSYoungGen: 91957K->6528K(90624K)] 116395K->30966K(136192K), 0.0020220 secs] [Times: user=0.01 sys=0.00, real=0.00 secs] 
307.738: Total time for which application threads were stopped: 0.0021720 seconds, Stopping threads took: 0.0000640 seconds
307.891: Application time: 0.1529610 seconds
307.891: [GC [PSYoungGen: 90450K->6464K(94720K)] 114889K->31074K(140288K), 0.0019960 secs] [Times: user=0.01 sys=0.00, real=0.00 secs] 
307.893: Total time for which application threads were stopped: 0.0021550 seconds, Stopping threads took: 0.0000710 seconds
308.050: Application time: 0.1567340 seconds
308.050: [GC [PSYoungGen: 91749K->5376K(88576K)] 116360K->30094K(134144K), 0.0012660 secs] [Times: user=0.00 sys=0.01, real=0.01 secs] 
308.052: Total time for which application threads were stopped: 0.0014020 seconds, Stopping threads took: 0.0000590 seconds
308.204: Application time: 0.1525290 seconds
308.204: [GC [PSYoungGen: 88040K->6400K(105984K)] 112758K->31118K(151552K), 0.0018360 secs] [Times: user=0.01 sys=0.00, real=0.00 secs] 
308.206: Total time for which application threads were stopped: 0.0019880 seconds, Stopping threads took: 0.0000570 seconds
308.383: Application time: 0.1768120 seconds
308.383: [GC [PSYoungGen: 103535K->5440K(99328K)] 128253K->30158K(144896K), 0.0015630 secs] [Times: user=0.01 sys=0.00, real=0.00 secs] 
308.385: Total time for which application threads were stopped: 0.0017070 seconds, Stopping threads took: 0.0000630 seconds
308.553: Application time: 0.1680130 seconds
308.553: [GC [PSYoungGen: 98569K->5424K(96256K)] 123287K->30278K(141824K), 0.0019160 secs] [Times: user=0.01 sys=0.00, real=0.00 secs] 
308.555: Total time for which application threads were stopped: 0.0021230 seconds, Stopping threads took: 0.0001210 seconds
308.720: Application time: 0.1653760 seconds
308.720: [GC [PSYoungGen: 95387K->5376K(93184K)] 120242K->30375K(138752K), 0.0013220 secs] [Times: user=0.01 sys=0.00, real=0.00 secs] 
308.722: Total time for which application threads were stopped: 0.0015050 seconds, Stopping threads took: 0.0000940 seconds
308.886: Application time: 0.1642560 seconds
308.886: [GC [PSYoungGen: 92693K->5344K(90112K)] 117691K->30343K(135680K), 0.0016600 secs] [Times: user=0.00 sys=0.00, real=0.00 secs] 
308.888: Total time for which application threads were stopped: 0.0018050 seconds, Stopping threads took: 0.0000660 seconds
309.035: Application time: 0.1474110 seconds
309.035: [GC [PSYoungGen: 88923K->5456K(95744K)] 113922K->32503K(141312K), 0.0021730 secs] [Times: user=0.02 sys=0.00, real=0.00 secs] 
309.037: Total time for which application threads were stopped: 0.0023350 seconds, Stopping threads took: 0.0000760 seconds
309.202: Application time: 0.1646850 seconds
309.202: [GC [PSYoungGen: 94949K->5440K(97792K)] 121996K->32635K(143360K), 0.0017190 secs] [Times: user=0.01 sys=0.00, real=0.01 secs] 
309.204: Total time for which application threads were stopped: 0.0019040 seconds, Stopping threads took: 0.0000990 seconds
309.369: Application time: 0.1653010 seconds
309.370: [GC [PSYoungGen: 94746K->6400K(115712K)] 121941K->33715K(161280K), 0.0014820 secs] [Times: user=0.01 sys=0.00, real=0.00 secs] 
309.371: Total time for which application threads were stopped: 0.0016660 seconds, Stopping threads took: 0.0000800 seconds
309.567: Application time: 0.1962810 seconds
309.567: [GC [PSYoungGen: 113494K->5376K(109568K)] 140809K->32739K(155136K), 0.0013420 secs] [Times: user=0.01 sys=0.00, real=0.00 secs] 
309.569: Total time for which application threads were stopped: 0.0014970 seconds, Stopping threads took: 0.0000730 seconds
309.758: Application time: 0.1895780 seconds
309.759: [GC [PSYoungGen: 108529K->5488K(105984K)] 135892K->33875K(151552K), 0.0017540 secs] [Times: user=0.00 sys=0.01, real=0.00 secs] 
309.760: Total time for which application threads were stopped: 0.0019010 seconds, Stopping threads took: 0.0000680 seconds
309.940: Application time: 0.1800720 seconds
309.941: [GC [PSYoungGen: 104991K->7488K(104448K)] 133378K->36051K(150016K), 0.0023250 secs] [Times: user=0.02 sys=0.00, real=0.00 secs] 
309.943: Total time for which application threads were stopped: 0.0024950 seconds, Stopping threads took: 0.0000760 seconds
310.123: Application time: 0.1801030 seconds
310.123: [GC [PSYoungGen: 103357K->2272K(95744K)] 131920K->32991K(141312K), 0.0011820 secs] [Times: user=0.00 sys=0.00, real=0.00 secs] 
310.124: Total time for which application threads were stopped: 0.0013720 seconds, Stopping threads took: 0.0001180 seconds
310.293: Application time: 0.1682390 seconds
310.293: [GC [PSYoungGen: 95121K->6432K(96768K)] 125841K->37151K(142336K), 0.0019180 secs] [Times: user=0.01 sys=0.00, real=0.00 secs] 
310.295: Total time for which application threads were stopped: 0.0020610 seconds, Stopping threads took: 0.0000580 seconds
310.458: Application time: 0.1634570 seconds
310.458: [GC [PSYoungGen: 95580K->5504K(92672K)] 126300K->36291K(138240K), 0.0016620 secs] [Times: user=0.01 sys=0.00, real=0.00 secs] 
310.460: Total time for which application threads were stopped: 0.0018090 seconds, Stopping threads took: 0.0000540 seconds
310.616: Application time: 0.1561960 seconds
310.616: [GC [PSYoungGen: 91662K->5360K(89600K)] 122450K->36287K(135168K), 0.0019810 secs] [Times: user=0.01 sys=0.00, real=0.00 secs] 
310.618: Total time for which application threads were stopped: 0.0021350 seconds, Stopping threads took: 0.0000720 seconds
310.772: Application time: 0.1534510 seconds
310.772: [GC [PSYoungGen: 88887K->5376K(97280K)] 119815K->36384K(142848K), 0.0016240 secs] [Times: user=0.01 sys=0.00, real=0.00 secs] 
310.773: Total time for which application threads were stopped: 0.0017750 seconds, Stopping threads took: 0.0000620 seconds
310.942: Application time: 0.1688730 seconds
310.942: [GC [PSYoungGen: 96855K->6400K(99328K)] 127863K->37408K(144896K), 0.0019490 secs] [Times: user=0.02 sys=0.00, real=0.01 secs] 
310.944: Total time for which application threads were stopped: 0.0021160 seconds, Stopping threads took: 0.0000750 seconds
311.109: Application time: 0.1645090 seconds
311.109: [GC [PSYoungGen: 97057K->5472K(94208K)] 128065K->36480K(139776K), 0.0012620 secs] [Times: user=0.00 sys=0.00, real=0.00 secs] 
311.110: Total time for which application threads were stopped: 0.0014190 seconds, Stopping threads took: 0.0000730 seconds
311.275: Application time: 0.1641420 seconds
311.275: [GC [PSYoungGen: 93969K->5440K(91136K)] 124977K->36632K(136704K), 0.0015130 secs] [Times: user=0.00 sys=0.01, real=0.00 secs] 
311.276: Total time for which application threads were stopped: 0.0016640 seconds, Stopping threads took: 0.0000640 seconds
311.432: Application time: 0.1561420 seconds
311.432: [GC [PSYoungGen: 90041K->4352K(87040K)] 121233K->36684K(132608K), 0.0012930 secs] [Times: user=0.01 sys=0.00, real=0.00 secs] 
311.434: Total time for which application threads were stopped: 0.0014390 seconds, Stopping threads took: 0.0000630 seconds
311.580: Application time: 0.1460710 seconds
311.580: [GC [PSYoungGen: 86379K->5376K(85504K)] 118711K->37708K(131072K), 0.0016020 secs] [Times: user=0.01 sys=0.00, real=0.00 secs] 
311.582: Total time for which application threads were stopped: 0.0017490 seconds, Stopping threads took: 0.0000620 seconds
311.727: Application time: 0.1452940 seconds
311.727: [GC [PSYoungGen: 84502K->5456K(101376K)] 116835K->38812K(146944K), 0.0019030 secs] [Times: user=0.01 sys=0.00, real=0.00 secs] 
311.729: Total time for which application threads were stopped: 0.0020600 seconds, Stopping threads took: 0.0000630 seconds
311.907: Application time: 0.1778720 seconds
311.907: [GC [PSYoungGen: 101200K->4448K(97280K)] 134556K->37936K(142848K), 0.0015560 secs] [Times: user=0.01 sys=0.00, real=0.00 secs] 
311.909: Total time for which application threads were stopped: 0.0017260 seconds, Stopping threads took: 0.0000930 seconds
312.079: Application time: 0.1704570 seconds
312.079: [GC [PSYoungGen: 96947K->4352K(94208K)] 130435K->39008K(139776K), 0.0015550 secs] [Times: user=0.01 sys=0.00, real=0.00 secs] 
312.081: Total time for which application threads were stopped: 0.0017080 seconds, Stopping threads took: 0.0000680 seconds
312.243: Application time: 0.1619440 seconds
312.243: [GC [PSYoungGen: 93389K->5376K(92160K)] 128046K->40032K(137728K), 0.0017950 secs] [Times: user=0.01 sys=0.00, real=0.01 secs] 
312.245: Total time for which application threads were stopped: 0.0019670 seconds, Stopping threads took: 0.0000800 seconds
312.403: Application time: 0.1580260 seconds
312.403: [GC [PSYoungGen: 91247K->3376K(87040K)] 125904K->38032K(132608K), 0.0009660 secs] [Times: user=0.00 sys=0.00, real=0.01 secs] 
312.404: Total time for which application threads were stopped: 0.0011040 seconds, Stopping threads took: 0.0000680 seconds
312.553: Application time: 0.1496600 seconds
312.554: [GC [PSYoungGen: 86216K->6464K(96768K)] 120873K->42320K(142336K), 0.0023170 secs] [Times: user=0.01 sys=0.00, real=0.00 secs] 
312.556: Total time for which application threads were stopped: 0.0024800 seconds, Stopping threads took: 0.0000770 seconds
312.718: Application time: 0.1616570 seconds
312.718: [GC [PSYoungGen: 95668K->6400K(107520K)] 131524K->42333K(153088K), 0.0015410 secs] [Times: user=0.00 sys=0.00, real=0.00 secs] 
312.719: Total time for which application threads were stopped: 0.0017160 seconds, Stopping threads took: 0.0000900 seconds
312.905: Application time: 0.1853640 seconds
312.905: [GC [PSYoungGen: 105729K->4352K(100864K)] 141662K->40325K(146432K), 0.0013770 secs] [Times: user=0.01 sys=0.00, real=0.00 secs] 
312.906: Total time for which application threads were stopped: 0.0015490 seconds, Stopping threads took: 0.0000900 seconds
313.082: Application time: 0.1759280 seconds
313.082: [GC [PSYoungGen: 99801K->4464K(97792K)] 135774K->40437K(143360K), 0.0013350 secs] [Times: user=0.00 sys=0.01, real=0.01 secs] 
313.084: Total time for which application threads were stopped: 0.0014940 seconds, Stopping threads took: 0.0000770 seconds
313.252: Application time: 0.1680180 seconds
313.252: [GC [PSYoungGen: 97277K->6464K(96768K)] 133250K->42617K(142336K), 0.0019680 secs] [Times: user=0.02 sys=0.00, real=0.00 secs] 
313.254: Total time for which application threads were stopped: 0.0021190 seconds, Stopping threads took: 0.0000740 seconds
313.421: Application time: 0.1667000 seconds
313.421: [GC [PSYoungGen: 96573K->5392K(92672K)] 132726K->41661K(138240K), 0.0016270 secs] [Times: user=0.01 sys=0.00, real=0.00 secs] 
313.422: Total time for which application threads were stopped: 0.0018040 seconds, Stopping threads took: 0.0000800 seconds
313.581: Application time: 0.1586680 seconds
313.581: [GC [PSYoungGen: 91460K->5376K(89600K)] 127730K->41645K(135168K), 0.0017430 secs] [Times: user=0.01 sys=0.00, real=0.00 secs] 
313.583: Total time for which application threads were stopped: 0.0019050 seconds, Stopping threads took: 0.0000830 seconds
313.730: Application time: 0.1472560 seconds
313.730: [GC [PSYoungGen: 88652K->4416K(93184K)] 124921K->43757K(138752K), 0.0022880 secs] [Times: user=0.01 sys=0.00, real=0.01 secs] 
313.733: Total time for which application threads were stopped: 0.0024430 seconds, Stopping threads took: 0.0000650 seconds
313.901: Application time: 0.1680100 seconds
313.903: [GC [PSYoungGen: 92036K->5472K(96256K)] 131378K->44965K(141824K), 0.0017790 secs] [Times: user=0.01 sys=0.00, real=0.00 secs] 
313.905: Total time for which application threads were stopped: 0.0043680 seconds, Stopping threads took: 0.0025050 seconds
314.063: Application time: 0.1576680 seconds
314.063: [GC [PSYoungGen: 93456K->6368K(112640K)] 132950K->47033K(158208K), 0.0017840 secs] [Times: user=0.00 sys=0.01, real=0.01 secs] 
314.065: Total time for which application threads were stopped: 0.0020070 seconds, Stopping threads took: 0.0001300 seconds
314.258: Application time: 0.1936800 seconds
314.258: [GC [PSYoungGen: 111474K->6400K(113152K)] 152139K->47065K(158720K), 0.0015720 secs] [Times: user=0.00 sys=0.01, real=0.00 secs] 
314.260: Total time for which application threads were stopped: 0.0017380 seconds, Stopping threads took: 0.0000840 seconds
314.458: Application time: 0.1977830 seconds
314.458: [GC [PSYoungGen: 111862K->4448K(106496K)] 152528K->45113K(152064K), 0.0011680 secs] [Times: user=0.01 sys=0.00, real=0.00 secs] 
314.459: Total time for which application threads were stopped: 0.0013760 seconds, Stopping threads took: 0.0001320 seconds
314.648: Application time: 0.1889540 seconds
314.651: [GC [PSYoungGen: 106110K->4336K(102912K)] 146776K->45185K(148480K), 0.0013740 secs] [Times: user=0.01 sys=0.00, real=0.00 secs] 
314.653: Total time for which application threads were stopped: 0.0043200 seconds, Stopping threads took: 0.0028640 seconds
314.838: Application time: 0.1859600 seconds
314.839: [GC [PSYoungGen: 102480K->2272K(97280K)] 143330K->43229K(142848K), 0.0008000 secs] [Times: user=0.00 sys=0.00, real=0.00 secs] 
314.839: Total time for which application threads were stopped: 0.0009560 seconds, Stopping threads took: 0.0000820 seconds
315.006: Application time: 0.1666150 seconds
315.006: [GC [PSYoungGen: 96805K->7424K(99328K)] 137763K->48382K(144896K), 0.0021520 secs] [Times: user=0.01 sys=0.00, real=0.00 secs] 
315.008: Total time for which application threads were stopped: 0.0023450 seconds, Stopping threads took: 0.0001090 seconds
315.182: Application time: 0.1733310 seconds
315.182: [GC [PSYoungGen: 98725K->5520K(94208K)] 139683K->46526K(139776K), 0.0016210 secs] [Times: user=0.01 sys=0.00, real=0.01 secs] 
315.184: Total time for which application threads were stopped: 0.0017900 seconds, Stopping threads took: 0.0000700 seconds
315.342: Application time: 0.1580570 seconds
315.342: [GC [PSYoungGen: 93357K->7392K(113664K)] 134363K->48602K(159232K), 0.0024120 secs] [Times: user=0.01 sys=0.00, real=0.01 secs] 
315.344: Total time for which application threads were stopped: 0.0025730 seconds, Stopping threads took: 0.0000720 seconds
315.538: Application time: 0.1937460 seconds
315.538: [GC [PSYoungGen: 113376K->5376K(114688K)] 154586K->47650K(160256K), 0.0024920 secs] [Times: user=0.02 sys=0.00, real=0.00 secs] 
315.541: Total time for which application threads were stopped: 0.0026530 seconds, Stopping threads took: 0.0000730 seconds
315.745: Application time: 0.2045160 seconds
315.745: [GC [PSYoungGen: 113962K->6528K(117760K)] 156237K->48802K(163328K), 0.0018040 secs] [Times: user=0.01 sys=0.01, real=0.00 secs] 
315.747: Total time for which application threads were stopped: 0.0019940 seconds, Stopping threads took: 0.0000980 seconds
315.946: Application time: 0.1993850 seconds
315.947: [GC [PSYoungGen: 115262K->6496K(111616K)] 157537K->48906K(157184K), 0.0016530 secs] [Times: user=0.00 sys=0.01, real=0.00 secs] 
315.948: Total time for which application threads were stopped: 0.0018100 seconds, Stopping threads took: 0.0000820 seconds
316.141: Application time: 0.1926290 seconds
316.141: [GC [PSYoungGen: 111456K->7360K(109056K)] 153866K->49910K(154624K), 0.0020330 secs] [Times: user=0.01 sys=0.01, real=0.01 secs] 
316.143: Total time for which application threads were stopped: 0.0022140 seconds, Stopping threads took: 0.0000950 seconds
316.333: Application time: 0.1900010 seconds
316.333: [GC [PSYoungGen: 108155K->3264K(101376K)] 150705K->47862K(146944K), 0.0013950 secs] [Times: user=0.00 sys=0.00, real=0.00 secs] 
316.335: [Full GC [PSYoungGen: 3264K->0K(101376K)] [ParOldGen: 44598K->9047K(44544K)] 47862K->9047K(145920K) [PSPermGen: 5530K->5530K(21504K)], 0.0064680 secs] [Times: user=0.03 sys=0.00, real=0.00 secs] 
316.341: Total time for which application threads were stopped: 0.0080690 seconds, Stopping threads took: 0.0000640 seconds
316.522: Application time: 0.1804150 seconds
316.522: [GC [PSYoungGen: 97237K->2416K(96768K)] 106285K->11464K(141312K), 0.0009230 secs] [Times: user=0.00 sys=0.00, real=0.00 secs] 
316.523: Total time for which application threads were stopped: 0.0010650 seconds, Stopping threads took: 0.0000720 seconds
316.687: Application time: 0.1647610 seconds
316.688: [GC [PSYoungGen: 96221K->7456K(98816K)] 105269K->16724K(143360K), 0.0020360 secs] [Times: user=0.01 sys=0.00, real=0.00 secs] 
316.690: Total time for which application threads were stopped: 0.0021810 seconds, Stopping threads took: 0.0000650 seconds
316.865: Application time: 0.1755980 seconds
316.865: [GC [PSYoungGen: 98189K->3296K(91648K)] 107457K->12648K(136192K), 0.0012990 secs] [Times: user=0.01 sys=0.00, real=0.00 secs] 
316.867: Total time for which application threads were stopped: 0.0014410 seconds, Stopping threads took: 0.0000600 seconds
317.021: Application time: 0.1540350 seconds
317.021: [GC [PSYoungGen: 90942K->7424K(92672K)] 100294K->16776K(137216K), 0.0019290 secs] [Times: user=0.01 sys=0.00, real=0.00 secs] 
317.023: Total time for which application threads were stopped: 0.0020830 seconds, Stopping threads took: 0.0000710 seconds
317.175: Application time: 0.1525630 seconds
317.175: [GC [PSYoungGen: 91801K->5440K(88064K)] 101153K->14792K(132608K), 0.0018620 secs] [Times: user=0.01 sys=0.00, real=0.00 secs] 
317.177: Total time for which application threads were stopped: 0.0019990 seconds, Stopping threads took: 0.0000560 seconds
317.336: Application time: 0.1584640 seconds
317.336: [GC [PSYoungGen: 87115K->3376K(83456K)] 96467K->12904K(128000K), 0.0012230 secs] [Times: user=0.00 sys=0.00, real=0.00 secs] 
317.337: Total time for which application threads were stopped: 0.0013770 seconds, Stopping threads took: 0.0000790 seconds
317.478: Application time: 0.1406290 seconds
317.478: [GC [PSYoungGen: 83243K->6368K(83968K)] 92771K->16008K(128512K), 0.0020240 secs] [Times: user=0.01 sys=0.00, real=0.00 secs] 
317.480: Total time for which application threads were stopped: 0.0021880 seconds, Stopping threads took: 0.0000680 seconds
317.619: Application time: 0.1388390 seconds
317.619: [GC [PSYoungGen: 82910K->6400K(102912K)] 92551K->16040K(147456K), 0.0017950 secs] [Times: user=0.01 sys=0.00, real=0.00 secs] 
317.621: Total time for which application threads were stopped: 0.0019570 seconds, Stopping threads took: 0.0000770 seconds
317.797: Application time: 0.1757150 seconds
317.797: [GC [PSYoungGen: 99093K->3408K(93696K)] 108733K->13048K(138240K), 0.0011260 secs] [Times: user=0.00 sys=0.00, real=0.00 secs] 
317.798: Total time for which application threads were stopped: 0.0012910 seconds, Stopping threads took: 0.0000880 seconds
317.959: Application time: 0.1608550 seconds
317.959: [GC [PSYoungGen: 93227K->7520K(99328K)] 102868K->17336K(143872K), 0.0021510 secs] [Times: user=0.01 sys=0.00, real=0.00 secs] 
317.961: Total time for which application threads were stopped: 0.0023150 seconds, Stopping threads took: 0.0000760 seconds
318.129: Application time: 0.1679460 seconds
318.129: [GC [PSYoungGen: 97120K->4304K(91136K)] 106936K->14233K(135680K), 0.0014110 secs] [Times: user=0.00 sys=0.00, real=0.00 secs] 
318.131: Total time for which application threads were stopped: 0.0015570 seconds, Stopping threads took: 0.0000690 seconds
318.289: Application time: 0.1580740 seconds
318.289: [GC [PSYoungGen: 90795K->6368K(90112K)] 100724K->16297K(134656K), 0.0018880 secs] [Times: user=0.01 sys=0.00, real=0.00 secs] 
318.291: Total time for which application threads were stopped: 0.0020530 seconds, Stopping threads took: 0.0000840 seconds
318.440: Application time: 0.1488710 seconds
318.440: [GC [PSYoungGen: 89624K->7520K(93184K)] 99553K->17449K(137728K), 0.0021330 secs] [Times: user=0.01 sys=0.00, real=0.00 secs] 
318.442: Total time for which application threads were stopped: 0.0022740 seconds, Stopping threads took: 0.0000590 seconds
318.599: Application time: 0.1572940 seconds
318.599: [GC [PSYoungGen: 90976K->4400K(85504K)] 100905K->14469K(130048K), 0.0010180 secs] [Times: user=0.01 sys=0.00, real=0.00 secs] 
318.600: Total time for which application threads were stopped: 0.0011530 seconds, Stopping threads took: 0.0000670 seconds
318.750: Application time: 0.1500220 seconds
318.750: [GC [PSYoungGen: 84439K->4336K(82944K)] 94508K->14509K(127488K), 0.0014960 secs] [Times: user=0.01 sys=0.00, real=0.01 secs] 
318.752: Total time for which application threads were stopped: 0.0016590 seconds, Stopping threads took: 0.0000660 seconds
318.892: Application time: 0.1401950 seconds
318.892: [GC [PSYoungGen: 82234K->5344K(81408K)] 92408K->15557K(125952K), 0.0013540 secs] [Times: user=0.01 sys=0.00, real=0.00 secs] 
318.894: Total time for which application threads were stopped: 0.0015040 seconds, Stopping threads took: 0.0000700 seconds
319.032: Application time: 0.1385720 seconds
319.032: [GC [PSYoungGen: 80879K->7392K(97792K)] 91092K->17605K(142336K), 0.0020950 secs] [Times: user=0.01 sys=0.00, real=0.00 secs] 
319.035: Total time for which application threads were stopped: 0.0023050 seconds, Stopping threads took: 0.0001240 seconds
319.193: Application time: 0.1589450 seconds
319.194: [GC [PSYoungGen: 95963K->6512K(100864K)] 106176K->16725K(145408K), 0.0017000 secs] [Times: user=0.01 sys=0.01, real=0.00 secs] 
319.195: Total time for which application threads were stopped: 0.0018480 seconds, Stopping threads took: 0.0000680 seconds
319.363: Application time: 0.1676350 seconds
319.363: [GC [PSYoungGen: 97022K->6496K(100864K)] 107235K->16889K(145408K), 0.0018920 secs] [Times: user=0.01 sys=0.00, real=0.00 secs] 
319.365: Total time for which application threads were stopped: 0.0020600 seconds, Stopping threads took: 0.0000720 seconds
319.529: Application time: 0.1642070 seconds
319.529: [GC [PSYoungGen: 96778K->5376K(93696K)] 107171K->15885K(138240K), 0.0011760 secs] [Times: user=0.00 sys=0.00, real=0.00 secs] 
319.531: Total time for which application threads were stopped: 0.0013240 seconds, Stopping threads took: 0.0000700 seconds
319.697: Application time: 0.1666300 seconds
319.697: [GC [PSYoungGen: 93440K->6368K(91648K)] 103949K->16877K(136192K), 0.0017760 secs] [Times: user=0.01 sys=0.00, real=0.00 secs] 
319.699: Total time for which application threads were stopped: 0.0019300 seconds, Stopping threads took: 0.0000680 seconds
319.847: Application time: 0.1478400 seconds
319.847: [GC [PSYoungGen: 90787K->6528K(108544K)] 101297K->18061K(153088K), 0.0017330 secs] [Times: user=0.01 sys=0.00, real=0.00 secs] 
319.849: Total time for which application threads were stopped: 0.0018880 seconds, Stopping threads took: 0.0000710 seconds
320.037: Application time: 0.1883760 seconds
320.037: [GC [PSYoungGen: 107785K->7408K(111104K)] 119318K->19117K(155648K), 0.0021660 secs] [Times: user=0.01 sys=0.00, real=0.00 secs] 
320.040: Total time for which application threads were stopped: 0.0023250 seconds, Stopping threads took: 0.0000670 seconds
320.231: Application time: 0.1918310 seconds
320.232: [GC [PSYoungGen: 109123K->4352K(102912K)] 120832K->16169K(147456K), 0.0010860 secs] [Times: user=0.01 sys=0.00, real=0.00 secs] 
320.233: Total time for which application threads were stopped: 0.0012560 seconds, Stopping threads took: 0.0000860 seconds
320.406: Application time: 0.1734500 seconds
320.406: [GC [PSYoungGen: 102656K->5408K(100352K)] 114473K->17225K(144896K), 0.0015280 secs] [Times: user=0.00 sys=0.00, real=0.00 secs] 
320.408: Total time for which application threads were stopped: 0.0016960 seconds, Stopping threads took: 0.0000910 seconds
320.578: Application time: 0.1698150 seconds
320.578: [GC [PSYoungGen: 99132K->7456K(99328K)] 110950K->19338K(143872K), 0.0018010 secs] [Times: user=0.00 sys=0.00, real=0.00 secs] 
320.580: Total time for which application threads were stopped: 0.0019830 seconds, Stopping threads took: 0.0000940 seconds
320.754: Application time: 0.1739370 seconds
320.754: [GC [PSYoungGen: 98680K->5360K(94208K)] 110562K->17406K(138752K), 0.0019050 secs] [Times: user=0.01 sys=0.00, real=0.00 secs] 
320.756: Total time for which application threads were stopped: 0.0020740 seconds, Stopping threads took: 0.0000810 seconds
320.913: Application time: 0.1569630 seconds
320.913: [GC [PSYoungGen: 93658K->5376K(111616K)] 105704K->19510K(156160K), 0.0021270 secs] [Times: user=0.02 sys=0.00, real=0.00 secs] 
320.915: Total time for which application threads were stopped: 0.0023000 seconds, Stopping threads took: 0.0000870 seconds
321.110: Application time: 0.1947470 seconds
321.110: [GC [PSYoungGen: 110894K->7520K(115200K)] 125028K->21654K(159744K), 0.0022580 secs] [Times: user=0.02 sys=0.00, real=0.01 secs] 
321.112: Total time for which application threads were stopped: 0.0024360 seconds, Stopping threads took: 0.0000810 seconds
321.310: Application time: 0.1976040 seconds
321.310: [GC [PSYoungGen: 113108K->5488K(108032K)] 127242K->19770K(152576K), 0.0013150 secs] [Times: user=0.00 sys=0.00, real=0.01 secs] 
321.311: Total time for which application threads were stopped: 0.0014760 seconds, Stopping threads took: 0.0000830 seconds
321.502: Application time: 0.1905440 seconds
321.502: [GC [PSYoungGen: 107888K->3328K(102400K)] 122170K->17758K(146944K), 0.0010390 secs] [Times: user=0.00 sys=0.00, real=0.00 secs] 
321.503: Total time for which application threads were stopped: 0.0011840 seconds, Stopping threads took: 0.0000710 seconds
321.678: Application time: 0.1747560 seconds
321.678: [GC [PSYoungGen: 101613K->3328K(98816K)] 116044K->17758K(143360K), 0.0008420 secs] [Times: user=0.00 sys=0.00, real=0.00 secs] 
321.679: Total time for which application threads were stopped: 0.0009960 seconds, Stopping threads took: 0.0000750 seconds
321.852: Application time: 0.1734260 seconds
321.852: [GC [PSYoungGen: 98285K->7552K(99840K)] 112716K->21982K(144384K), 0.0022150 secs] [Times: user=0.01 sys=0.00, real=0.00 secs] 
321.854: Total time for which application threads were stopped: 0.0023720 seconds, Stopping threads took: 0.0000780 seconds
322.028: Application time: 0.1732360 seconds
322.028: [GC [PSYoungGen: 98967K->6432K(95744K)] 113398K->21034K(140288K), 0.0019440 secs] [Times: user=0.01 sys=0.00, real=0.00 secs] 
322.030: Total time for which application threads were stopped: 0.0021580 seconds, Stopping threads took: 0.0001280 seconds
322.188: Application time: 0.1581040 seconds
322.188: [GC [PSYoungGen: 94770K->7424K(114176K)] 109372K->22130K(158720K), 0.0021670 secs] [Times: user=0.01 sys=0.00, real=0.00 secs] 
322.190: Total time for which application threads were stopped: 0.0023210 seconds, Stopping threads took: 0.0000580 seconds
322.387: Application time: 0.1971220 seconds
322.388: [GC [PSYoungGen: 113605K->7328K(115712K)] 128312K->22034K(160256K), 0.0021470 secs] [Times: user=0.01 sys=0.00, real=0.00 secs] 
322.390: Total time for which application threads were stopped: 0.0023600 seconds, Stopping threads took: 0.0001250 seconds
322.587: Application time: 0.1975120 seconds
322.587: [GC [PSYoungGen: 113239K->6560K(116224K)] 127946K->21266K(160768K), 0.0018470 secs] [Times: user=0.01 sys=0.00, real=0.00 secs] 
322.589: Total time for which application threads were stopped: 0.0020100 seconds, Stopping threads took: 0.0000790 seconds
322.787: Application time: 0.1973430 seconds
322.787: [GC [PSYoungGen: 111708K->3296K(105984K)] 126415K->18251K(150528K), 0.0009240 secs] [Times: user=0.00 sys=0.00, real=0.00 secs] 
322.788: Total time for which application threads were stopped: 0.0011090 seconds, Stopping threads took: 0.0001000 seconds
322.974: Application time: 0.1863490 seconds
322.974: [GC [PSYoungGen: 105239K->6416K(105472K)] 120194K->21411K(150016K), 0.0019390 secs] [Times: user=0.01 sys=0.00, real=0.00 secs] 
322.976: Total time for which application threads were stopped: 0.0020960 seconds, Stopping threads took: 0.0000750 seconds
323.148: Application time: 0.1716520 seconds
323.148: [GC [PSYoungGen: 104360K->6496K(101888K)] 119355K->21491K(146432K), 0.0015140 secs] [Times: user=0.01 sys=0.00, real=0.00 secs] 
323.150: Total time for which application threads were stopped: 0.0016680 seconds, Stopping threads took: 0.0000780 seconds
323.331: Application time: 0.1812550 seconds
323.331: [GC [PSYoungGen: 101564K->5440K(97792K)] 116559K->20579K(142336K), 0.0019050 secs] [Times: user=0.01 sys=0.00, real=0.01 secs] 
323.333: Total time for which application threads were stopped: 0.0020730 seconds, Stopping threads took: 0.0000770 seconds
323.502: Application time: 0.1692750 seconds
323.502: [GC [PSYoungGen: 97176K->3296K(92672K)] 112315K->18587K(137216K), 0.0011130 secs] [Times: user=0.00 sys=0.00, real=0.01 secs] 
323.503: Total time for which application threads were stopped: 0.0013340 seconds, Stopping threads took: 0.0001440 seconds
323.671: Application time: 0.1671190 seconds
323.671: [GC [PSYoungGen: 92022K->4320K(90624K)] 107314K->19611K(135168K), 0.0013790 secs] [Times: user=0.01 sys=0.00, real=0.01 secs] 
323.672: Total time for which application threads were stopped: 0.0016240 seconds, Stopping threads took: 0.0001650 seconds
323.826: Application time: 0.1542470 seconds
323.827: [GC [PSYoungGen: 89600K->7520K(90624K)] 104892K->22811K(135168K), 0.0021800 secs] [Times: user=0.01 sys=0.00, real=0.00 secs] 
323.829: Total time for which application threads were stopped: 0.0023580 seconds, Stopping threads took: 0.0000940 seconds
323.985: Application time: 0.1561530 seconds
323.985: [GC [PSYoungGen: 90464K->6480K(87040K)] 105755K->21911K(131584K), 0.0020870 secs] [Times: user=0.01 sys=0.01, real=0.00 secs] 
323.987: Total time for which application threads were stopped: 0.0022530 seconds, Stopping threads took: 0.0000750 seconds
324.136: Application time: 0.1489510 seconds
324.136: [GC [PSYoungGen: 86864K->4352K(82432K)] 102295K->19899K(126976K), 0.0012730 secs] [Times: user=0.01 sys=0.00, real=0.00 secs] 
324.138: Total time for which application threads were stopped: 0.0014060 seconds, Stopping threads took: 0.0000550 seconds
324.281: Application time: 0.1433280 seconds
324.281: [GC [PSYoungGen: 81417K->4352K(79872K)] 96965K->19947K(124416K), 0.0014150 secs] [Times: user=0.01 sys=0.00, real=0.00 secs] 
324.282: Total time for which application threads were stopped: 0.0015610 seconds, Stopping threads took: 0.0000660 seconds
324.417: Application time: 0.1342360 seconds
324.417: [GC [PSYoungGen: 78611K->4352K(77312K)] 94207K->19947K(121856K), 0.0014760 secs] [Times: user=0.01 sys=0.00, real=0.00 secs] 
324.418: Total time for which application threads were stopped: 0.0017040 seconds, Stopping threads took: 0.0001480 seconds
324.552: Application time: 0.1332000 seconds
324.552: [GC [PSYoungGen: 76072K->5488K(93184K)] 91668K->21083K(137728K), 0.0017070 secs] [Times: user=0.01 sys=0.00, real=0.00 secs] 
324.553: Total time for which application threads were stopped: 0.0018600 seconds, Stopping threads took: 0.0000620 seconds
324.701: Application time: 0.1477390 seconds
324.701: [GC [PSYoungGen: 88507K->7456K(95744K)] 104103K->23232K(140288K), 0.0022090 secs] [Times: user=0.02 sys=0.00, real=0.01 secs] 
324.704: Total time for which application threads were stopped: 0.0024290 seconds, Stopping threads took: 0.0001360 seconds
324.871: Application time: 0.1672160 seconds
324.871: [GC [PSYoungGen: 93713K->4352K(96256K)] 109489K->20248K(140800K), 0.0011790 secs] [Times: user=0.01 sys=0.00, real=0.01 secs] 
324.872: Total time for which application threads were stopped: 0.0013210 seconds, Stopping threads took: 0.0000680 seconds
325.026: Application time: 0.1541470 seconds
325.026: [GC [PSYoungGen: 91206K->7424K(112640K)] 107103K->23320K(157184K), 0.0017110 secs] [Times: user=0.00 sys=0.01, real=0.00 secs] 
325.028: Total time for which application threads were stopped: 0.0018710 seconds, Stopping threads took: 0.0000720 seconds
325.219: Application time: 0.1908250 seconds
325.219: [GC [PSYoungGen: 110740K->5504K(105472K)] 126636K->21400K(150016K), 0.0014710 secs] [Times: user=0.01 sys=0.00, real=0.00 secs] 
325.221: Total time for which application threads were stopped: 0.0016380 seconds, Stopping threads took: 0.0000730 seconds
325.406: Application time: 0.1848290 seconds
325.406: [GC [PSYoungGen: 104625K->3408K(101888K)] 120521K->19468K(146432K), 0.0010230 secs] [Times: user=0.00 sys=0.00, real=0.00 secs] 
325.407: Total time for which application threads were stopped: 0.0011740 seconds, Stopping threads took: 0.0000780 seconds
325.581: Application time: 0.1741540 seconds
325.581: [GC [PSYoungGen: 99363K->2304K(95744K)] 115423K->18484K(140288K), 0.0008280 secs] [Times: user=0.01 sys=0.00, real=0.00 secs] 
325.582: Total time for which application threads were stopped: 0.0009740 seconds, Stopping threads took: 0.0000720 seconds
325.756: Application time: 0.1746100 seconds
325.757: [GC [PSYoungGen: 95429K->4336K(95744K)] 111609K->20516K(140288K), 0.0013850 secs] [Times: user=0.01 sys=0.00, real=0.00 secs] 
325.758: Total time for which application threads were stopped: 0.0018050 seconds, Stopping threads took: 0.0000670 seconds
325.917: Application time: 0.1588010 seconds
325.917: [GC [PSYoungGen: 94409K->5536K(92672K)] 110590K->21716K(137216K), 0.0016140 secs] [Times: user=0.01 sys=0.00, real=0.00 secs] 
325.919: Total time for which application threads were stopped: 0.0017960 seconds, Stopping threads took: 0.0001090 seconds
326.085: Application time: 0.1665550 seconds
326.086: [GC [PSYoungGen: 92175K->2272K(90112K)] 108355K->18664K(134656K), 0.0009460 secs] [Times: user=0.01 sys=0.00, real=0.00 secs] 
326.087: Total time for which application threads were stopped: 0.0011250 seconds, Stopping threads took: 0.0001050 seconds
326.229: Application time: 0.1429090 seconds
326.230: [GC [PSYoungGen: 85367K->7424K(89088K)] 101759K->23884K(133632K), 0.0024490 secs] [Times: user=0.02 sys=0.00, real=0.01 secs] 
326.232: Total time for which application threads were stopped: 0.0026290 seconds, Stopping threads took: 0.0000920 seconds
326.385: Application time: 0.1526980 seconds
326.385: [GC [PSYoungGen: 88407K->5376K(84480K)] 104868K->21836K(129024K), 0.0017010 secs] [Times: user=0.01 sys=0.00, real=0.00 secs] 
326.387: Total time for which application threads were stopped: 0.0018480 seconds, Stopping threads took: 0.0000570 seconds
326.528: Application time: 0.1414640 seconds
326.528: [GC [PSYoungGen: 83487K->6496K(88064K)] 99948K->22956K(132608K), 0.0018940 secs] [Times: user=0.01 sys=0.00, real=0.00 secs] 
326.530: Total time for which application threads were stopped: 0.0020680 seconds, Stopping threads took: 0.0000920 seconds
326.673: Application time: 0.1430690 seconds
326.673: [GC [PSYoungGen: 84355K->7520K(103424K)] 100816K->24128K(147968K), 0.0017750 secs] [Times: user=0.01 sys=0.00, real=0.00 secs] 
326.675: Total time for which application threads were stopped: 0.0019070 seconds, Stopping threads took: 0.0000550 seconds
326.849: Application time: 0.1741780 seconds
326.849: [GC [PSYoungGen: 101728K->7456K(103936K)] 118336K->24185K(148480K), 0.0018890 secs] [Times: user=0.01 sys=0.00, real=0.01 secs] 
326.851: Total time for which application threads were stopped: 0.0020380 seconds, Stopping threads took: 0.0000740 seconds
327.029: Application time: 0.1780110 seconds
327.030: [GC [PSYoungGen: 101142K->5376K(96768K)] 117871K->22153K(141312K), 0.0011860 secs] [Times: user=0.01 sys=0.00, real=0.00 secs] 
327.031: Total time for which application threads were stopped: 0.0013490 seconds, Stopping threads took: 0.0000670 seconds
327.194: Application time: 0.1628620 seconds
327.194: [GC [PSYoungGen: 96193K->7456K(118784K)] 112970K->24233K(163328K), 0.0019370 secs] [Times: user=0.00 sys=0.01, real=0.00 secs] 
327.196: Total time for which application threads were stopped: 0.0020890 seconds, Stopping threads took: 0.0000670 seconds
327.395: Application time: 0.1989500 seconds
327.395: [GC [PSYoungGen: 116184K->7488K(119296K)] 132961K->24409K(163840K), 0.0019340 secs] [Times: user=0.01 sys=0.00, real=0.00 secs] 
327.397: Total time for which application threads were stopped: 0.0020800 seconds, Stopping threads took: 0.0000690 seconds
327.595: Application time: 0.1986000 seconds
327.595: [GC [PSYoungGen: 115771K->7392K(119296K)] 132692K->24465K(163840K), 0.0020880 secs] [Times: user=0.01 sys=0.00, real=0.00 secs] 
327.598: Total time for which application threads were stopped: 0.0022370 seconds, Stopping threads took: 0.0000620 seconds
327.798: Application time: 0.2005820 seconds
327.798: [GC [PSYoungGen: 115825K->5376K(110592K)] 132898K->22449K(155136K), 0.0012910 secs] [Times: user=0.00 sys=0.01, real=0.00 secs] 
327.800: Total time for which application threads were stopped: 0.0014480 seconds, Stopping threads took: 0.0000830 seconds
327.990: Application time: 0.1907940 seconds
327.991: [GC [PSYoungGen: 109710K->4512K(105984K)] 126783K->21625K(150528K), 0.0013940 secs] [Times: user=0.00 sys=0.01, real=0.01 secs] 
327.992: Total time for which application threads were stopped: 0.0015550 seconds, Stopping threads took: 0.0000830 seconds
328.177: Application time: 0.1847890 seconds
328.177: [GC [PSYoungGen: 105888K->6400K(104448K)] 123001K->23729K(148992K), 0.0015610 secs] [Times: user=0.01 sys=0.00, real=0.00 secs] 
328.178: Total time for which application threads were stopped: 0.0017230 seconds, Stopping threads took: 0.0000780 seconds
328.360: Application time: 0.1810800 seconds
328.360: [GC [PSYoungGen: 104192K->5376K(99840K)] 121521K->22745K(144384K), 0.0016510 secs] [Times: user=0.01 sys=0.00, real=0.00 secs] 
328.361: Total time for which application threads were stopped: 0.0017900 seconds, Stopping threads took: 0.0000620 seconds
328.533: Application time: 0.1715230 seconds
328.533: [GC [PSYoungGen: 98858K->5472K(96768K)] 116227K->22841K(141312K), 0.0016190 secs] [Times: user=0.01 sys=0.00, real=0.00 secs] 
328.535: Total time for which application threads were stopped: 0.0017740 seconds, Stopping threads took: 0.0000680 seconds
328.702: Application time: 0.1669770 seconds
328.702: [GC [PSYoungGen: 95883K->4464K(92672K)] 113253K->21981K(137216K), 0.0015770 secs] [Times: user=0.01 sys=0.00, real=0.01 secs] 
328.703: Total time for which application threads were stopped: 0.0017500 seconds, Stopping threads took: 0.0000870 seconds
328.862: Application time: 0.1583470 seconds
328.862: [GC [PSYoungGen: 92528K->5376K(90624K)] 110045K->23037K(135168K), 0.0016130 secs] [Times: user=0.00 sys=0.00, real=0.01 secs] 
328.863: Total time for which application threads were stopped: 0.0017790 seconds, Stopping threads took: 0.0000830 seconds
329.017: Application time: 0.1537130 seconds
329.017: [GC [PSYoungGen: 89522K->7424K(90112K)] 107184K->25085K(134656K), 0.0023330 secs] [Times: user=0.01 sys=0.01, real=0.00 secs] 
329.020: Total time for which application threads were stopped: 0.0025030 seconds, Stopping threads took: 0.0000860 seconds
329.176: Application time: 0.1565350 seconds
329.176: [GC [PSYoungGen: 89655K->4368K(84480K)] 107317K->23053K(129024K), 0.0015630 secs] [Times: user=0.00 sys=0.00, real=0.00 secs] 
329.178: Total time for which application threads were stopped: 0.0017120 seconds, Stopping threads took: 0.0000630 seconds
329.318: Application time: 0.1402610 seconds
329.318: [GC [PSYoungGen: 83542K->6496K(102912K)] 102228K->25294K(147456K), 0.0021080 secs] [Times: user=0.01 sys=0.00, real=0.00 secs] 
329.321: Total time for which application threads were stopped: 0.0022910 seconds, Stopping threads took: 0.0000910 seconds
329.505: Application time: 0.1844490 seconds
329.505: [GC [PSYoungGen: 102468K->3328K(99328K)] 121266K->22282K(143872K), 0.0011270 secs] [Times: user=0.00 sys=0.00, real=0.00 secs] 
329.506: Total time for which application threads were stopped: 0.0012830 seconds, Stopping threads took: 0.0000860 seconds
329.669: Application time: 0.1631580 seconds
329.671: [GC [PSYoungGen: 95601K->7392K(102400K)] 114555K->26386K(146944K), 0.0021020 secs] [Times: user=0.01 sys=0.00, real=0.00 secs] 
329.673: Total time for which application threads were stopped: 0.0038510 seconds, Stopping threads took: 0.0016670 seconds
329.849: Application time: 0.1755850 seconds
329.849: [GC [PSYoungGen: 99624K->3376K(93696K)] 118619K->22370K(138240K), 0.0008300 secs] [Times: user=0.00 sys=0.00, real=0.00 secs] 
329.850: Total time for which application threads were stopped: 0.0010300 seconds, Stopping threads took: 0.0001170 seconds
330.007: Application time: 0.1572620 seconds
330.007: [GC [PSYoungGen: 93432K->6496K(93696K)] 112426K->25590K(138240K), 0.0020230 secs] [Times: user=0.01 sys=0.00, real=0.00 secs] 
330.009: Total time for which application threads were stopped: 0.0021760 seconds, Stopping threads took: 0.0000690 seconds
330.174: Application time: 0.1650420 seconds
330.174: [GC [PSYoungGen: 93536K->4352K(88576K)] 112630K->23598K(133120K), 0.0009570 secs] [Times: user=0.00 sys=0.01, real=0.00 secs] 
330.175: Total time for which application threads were stopped: 0.0010960 seconds, Stopping threads took: 0.0000610 seconds
330.327: Application time: 0.1519290 seconds
330.328: [GC [PSYoungGen: 88319K->4320K(86016K)] 107565K->23614K(130560K), 0.0013870 secs] [Times: user=0.01 sys=0.00, real=0.00 secs] 
330.329: Total time for which application threads were stopped: 0.0015320 seconds, Stopping threads took: 0.0000670 seconds
330.473: Application time: 0.1442030 seconds
330.473: [GC [PSYoungGen: 85041K->7424K(102912K)] 104336K->26718K(147456K), 0.0021670 secs] [Times: user=0.01 sys=0.00, real=0.00 secs] 
330.475: Total time for which application threads were stopped: 0.0023400 seconds, Stopping threads took: 0.0000820 seconds
330.655: Application time: 0.1791150 seconds
330.655: [GC [PSYoungGen: 100300K->3488K(94208K)] 119595K->22782K(138752K), 0.0010660 secs] [Times: user=0.01 sys=0.00, real=0.00 secs] 
330.656: Total time for which application threads were stopped: 0.0012060 seconds, Stopping threads took: 0.0000660 seconds
330.811: Application time: 0.1557030 seconds
330.812: [GC [PSYoungGen: 94030K->6400K(94208K)] 113324K->25946K(138752K), 0.0019950 secs] [Times: user=0.01 sys=0.00, real=0.00 secs] 
330.814: Total time for which application threads were stopped: 0.0021360 seconds, Stopping threads took: 0.0000590 seconds
330.980: Application time: 0.1662330 seconds
330.980: [GC [PSYoungGen: 93474K->4320K(89088K)] 113021K->23898K(133632K), 0.0013960 secs] [Times: user=0.01 sys=0.00, real=0.00 secs] 
330.981: Total time for which application threads were stopped: 0.0015550 seconds, Stopping threads took: 0.0000740 seconds
331.132: Application time: 0.1507580 seconds
331.132: [GC [PSYoungGen: 88180K->6400K(88576K)] 107759K->25978K(133120K), 0.0019800 secs] [Times: user=0.01 sys=0.00, real=0.00 secs] 
331.134: Total time for which application threads were stopped: 0.0021230 seconds, Stopping threads took: 0.0000590 seconds
331.280: Application time: 0.1453770 seconds
331.280: [GC [PSYoungGen: 87716K->7584K(91136K)] 107294K->27162K(135680K), 0.0021210 secs] [Times: user=0.01 sys=0.00, real=0.00 secs] 
331.282: Total time for which application threads were stopped: 0.0022660 seconds, Stopping threads took: 0.0000590 seconds
331.432: Application time: 0.1503950 seconds
331.432: [GC [PSYoungGen: 88862K->5392K(108032K)] 108441K->25187K(152576K), 0.0012400 secs] [Times: user=0.01 sys=0.00, real=0.00 secs] 
331.434: Total time for which application threads were stopped: 0.0014050 seconds, Stopping threads took: 0.0000810 seconds
331.612: Application time: 0.1782090 seconds
331.612: [GC [PSYoungGen: 102718K->6304K(101376K)] 122513K->26167K(145920K), 0.0016030 secs] [Times: user=0.00 sys=0.00, real=0.00 secs] 
331.614: Total time for which application threads were stopped: 0.0017890 seconds, Stopping threads took: 0.0000950 seconds
331.795: Application time: 0.1816380 seconds
331.796: [GC [PSYoungGen: 100512K->3264K(96768K)] 120375K->23127K(141312K), 0.0009050 secs] [Times: user=0.01 sys=0.00, real=0.00 secs] 
331.796: Total time for which application threads were stopped: 0.0010530 seconds, Stopping threads took: 0.0000700 seconds
331.956: Application time: 0.1594630 seconds
331.956: [GC [PSYoungGen: 94464K->6544K(95232K)] 114327K->26407K(139776K), 0.0019360 secs] [Times: user=0.01 sys=0.00, real=0.00 secs] 
331.958: Total time for which application threads were stopped: 0.0021030 seconds, Stopping threads took: 0.0000790 seconds
332.124: Application time: 0.1664610 seconds
332.125: [GC [PSYoungGen: 95120K->4368K(91136K)] 114983K->24439K(135680K), 0.0015300 secs] [Times: user=0.01 sys=0.00, real=0.00 secs] 
332.126: Total time for which application threads were stopped: 0.0016960 seconds, Stopping threads took: 0.0000760 seconds
332.276: Application time: 0.1501210 seconds
332.276: [GC [PSYoungGen: 89011K->7392K(94720K)] 109082K->27543K(139264K), 0.0023190 secs] [Times: user=0.02 sys=0.00, real=0.00 secs] 
332.279: Total time for which application threads were stopped: 0.0024780 seconds, Stopping threads took: 0.0000690 seconds
332.437: Application time: 0.1580380 seconds
332.437: [GC [PSYoungGen: 92682K->6368K(112128K)] 112833K->26519K(156672K), 0.0014350 secs] [Times: user=0.01 sys=0.00, real=0.00 secs] 
332.438: Total time for which application threads were stopped: 0.0015790 seconds, Stopping threads took: 0.0000630 seconds
332.623: Application time: 0.1845310 seconds
332.623: [GC [PSYoungGen: 108536K->6528K(105472K)] 128688K->26679K(150016K), 0.0017000 secs] [Times: user=0.01 sys=0.00, real=0.00 secs] 
332.625: Total time for which application threads were stopped: 0.0019230 seconds, Stopping threads took: 0.0001480 seconds
332.811: Application time: 0.1858810 seconds
332.811: [GC [PSYoungGen: 104441K->4368K(99840K)] 124593K->24735K(144384K), 0.0013270 secs] [Times: user=0.00 sys=0.00, real=0.01 secs] 
332.812: Total time for which application threads were stopped: 0.0014790 seconds, Stopping threads took: 0.0000650 seconds
332.983: Application time: 0.1704640 seconds
332.983: [GC [PSYoungGen: 98581K->5344K(97792K)] 118949K->25783K(142336K), 0.0017960 secs] [Times: user=0.01 sys=0.00, real=0.01 secs] 
332.985: Total time for which application threads were stopped: 0.0020060 seconds, Stopping threads took: 0.0001260 seconds
333.151: Application time: 0.1661570 seconds
333.151: [GC [PSYoungGen: 96865K->7392K(101376K)] 117304K->27831K(145920K), 0.0022060 secs] [Times: user=0.01 sys=0.00, real=0.01 secs] 
333.153: Total time for which application threads were stopped: 0.0023570 seconds, Stopping threads took: 0.0000610 seconds
333.324: Application time: 0.1707770 seconds
333.324: [GC [PSYoungGen: 99461K->5520K(101376K)] 119901K->25959K(145920K), 0.0016680 secs] [Times: user=0.01 sys=0.00, real=0.00 secs] 
333.326: Total time for which application threads were stopped: 0.0018460 seconds, Stopping threads took: 0.0000830 seconds
333.491: Application time: 0.1652130 seconds
333.491: [GC [PSYoungGen: 96928K->7456K(119296K)] 117368K->28144K(163840K), 0.0017560 secs] [Times: user=0.01 sys=0.00, real=0.00 secs] 
333.493: Total time for which application threads were stopped: 0.0019290 seconds, Stopping threads took: 0.0000870 seconds
333.693: Application time: 0.2003230 seconds
333.693: [GC [PSYoungGen: 116815K->6400K(112640K)] 137503K->27120K(157184K), 0.0015160 secs] [Times: user=0.01 sys=0.00, real=0.00 secs] 
333.695: Total time for which application threads were stopped: 0.0016680 seconds, Stopping threads took: 0.0000710 seconds
333.888: Application time: 0.1933720 seconds
333.888: [GC [PSYoungGen: 111810K->6448K(109056K)] 132530K->27168K(153600K), 0.0016880 secs] [Times: user=0.01 sys=0.00, real=0.00 secs] 
333.890: Total time for which application threads were stopped: 0.0018510 seconds, Stopping threads took: 0.0000780 seconds
334.082: Application time: 0.1914570 seconds
334.082: [GC [PSYoungGen: 108785K->5472K(104448K)] 129505K->26308K(148992K), 0.0019320 secs] [Times: user=0.01 sys=0.00, real=0.01 secs] 
334.084: Total time for which application threads were stopped: 0.0020890 seconds, Stopping threads took: 0.0000750 seconds
334.264: Application time: 0.1797910 seconds
334.264: [GC [PSYoungGen: 104284K->6368K(101888K)] 125120K->27380K(146432K), 0.0017730 secs] [Times: user=0.01 sys=0.00, real=0.00 secs] 
334.265: Total time for which application threads were stopped: 0.0019130 seconds, Stopping threads took: 0.0000640 seconds
334.433: Application time: 0.1675750 seconds
334.433: [GC [PSYoungGen: 100743K->7424K(108544K)] 121756K->28436K(153088K), 0.0021610 secs] [Times: user=0.01 sys=0.00, real=0.00 secs] 
334.435: Total time for which application threads were stopped: 0.0023300 seconds, Stopping threads took: 0.0000770 seconds
334.621: Application time: 0.1859290 seconds
334.621: [GC [PSYoungGen: 106746K->6560K(102912K)] 127759K->27572K(147456K), 0.0015050 secs] [Times: user=0.01 sys=0.00, real=0.00 secs] 
334.623: Total time for which application threads were stopped: 0.0016840 seconds, Stopping threads took: 0.0001030 seconds
334.806: Application time: 0.1825720 seconds
334.806: [GC [PSYoungGen: 102807K->3344K(96768K)] 123820K->24564K(141312K), 0.0013200 secs] [Times: user=0.00 sys=0.01, real=0.00 secs] 
334.807: Total time for which application threads were stopped: 0.0014790 seconds, Stopping threads took: 0.0000750 seconds
334.970: Application time: 0.1632700 seconds
334.970: [GC [PSYoungGen: 96320K->6400K(96768K)] 117540K->27696K(141312K), 0.0017040 secs] [Times: user=0.00 sys=0.01, real=0.01 secs] 
334.972: Total time for which application threads were stopped: 0.0018620 seconds, Stopping threads took: 0.0000650 seconds
335.144: Application time: 0.1713710 seconds
335.144: [GC [PSYoungGen: 96138K->5376K(92672K)] 117435K->26672K(137216K), 0.0017540 secs] [Times: user=0.01 sys=0.00, real=0.00 secs] 
335.145: Total time for which application threads were stopped: 0.0019000 seconds, Stopping threads took: 0.0000640 seconds
335.297: Application time: 0.1514970 seconds
335.297: [GC [PSYoungGen: 91445K->6576K(90624K)] 112741K->27872K(135168K), 0.0018210 secs] [Times: user=0.02 sys=0.00, real=0.00 secs] 
335.299: Total time for which application threads were stopped: 0.0019920 seconds, Stopping threads took: 0.0000830 seconds
335.453: Application time: 0.1537220 seconds
335.453: [GC [PSYoungGen: 89932K->4384K(86016K)] 111229K->25881K(130560K), 0.0015800 secs] [Times: user=0.00 sys=0.00, real=0.00 secs] 
335.454: Total time for which application threads were stopped: 0.0017130 seconds, Stopping threads took: 0.0000560 seconds
335.606: Application time: 0.1515570 seconds
335.606: [GC [PSYoungGen: 84781K->5312K(84480K)] 106278K->26877K(129024K), 0.0016350 secs] [Times: user=0.00 sys=0.00, real=0.00 secs] 
335.608: Total time for which application threads were stopped: 0.0018180 seconds, Stopping threads took: 0.0000910 seconds
335.753: Application time: 0.1450440 seconds
335.753: [GC [PSYoungGen: 83559K->4256K(80896K)] 105124K->25821K(125440K), 0.0014520 secs] [Times: user=0.01 sys=0.00, real=0.00 secs] 
335.754: Total time for which application threads were stopped: 0.0015910 seconds, Stopping threads took: 0.0000600 seconds
335.890: Application time: 0.1352530 seconds
335.890: [GC [PSYoungGen: 80010K->4400K(78336K)] 101575K->25965K(122880K), 0.0016310 secs] [Times: user=0.01 sys=0.00, real=0.01 secs] 
335.891: Total time for which application threads were stopped: 0.0017990 seconds, Stopping threads took: 0.0000800 seconds
336.026: Application time: 0.1349310 seconds
336.027: [GC [PSYoungGen: 78128K->5488K(91648K)] 99693K->27169K(136192K), 0.0016630 secs] [Times: user=0.01 sys=0.00, real=0.00 secs] 
336.028: Total time for which application threads were stopped: 0.0018220 seconds, Stopping threads took: 0.0000720 seconds
336.175: Application time: 0.1468270 seconds
336.175: [GC [PSYoungGen: 87465K->7392K(96256K)] 109146K->29217K(140800K), 0.0020360 secs] [Times: user=0.01 sys=0.00, real=0.00 secs] 
336.177: Total time for which application threads were stopped: 0.0022120 seconds, Stopping threads took: 0.0000790 seconds
336.345: Application time: 0.1673090 seconds
336.345: [GC [PSYoungGen: 94471K->4352K(96768K)] 116296K->26217K(141312K), 0.0012020 secs] [Times: user=0.01 sys=0.00, real=0.00 secs] 
336.346: Total time for which application threads were stopped: 0.0013600 seconds, Stopping threads took: 0.0000800 seconds
336.504: Application time: 0.1577990 seconds
336.504: [GC [PSYoungGen: 91478K->6336K(91648K)] 113344K->28201K(136192K), 0.0015220 secs] [Times: user=0.01 sys=0.00, real=0.00 secs] 
336.505: Total time for which application threads were stopped: 0.0017460 seconds, Stopping threads took: 0.0001420 seconds
336.659: Application time: 0.1531000 seconds
336.659: [GC [PSYoungGen: 91059K->6544K(108544K)] 112925K->28409K(153088K), 0.0016330 secs] [Times: user=0.00 sys=0.01, real=0.00 secs] 
336.660: Total time for which application threads were stopped: 0.0017820 seconds, Stopping threads took: 0.0000650 seconds
336.846: Application time: 0.1858310 seconds
336.847: [GC [PSYoungGen: 108404K->6432K(104960K)] 130270K->28513K(149504K), 0.0017950 secs] [Times: user=0.01 sys=0.00, real=0.00 secs] 
336.849: Total time for which application threads were stopped: 0.0027790 seconds, Stopping threads took: 0.0008910 seconds
337.033: Application time: 0.1835360 seconds
337.033: [GC [PSYoungGen: 104710K->4352K(99328K)] 126792K->26517K(143872K), 0.0015370 secs] [Times: user=0.01 sys=0.00, real=0.00 secs] 
337.034: Total time for which application threads were stopped: 0.0016910 seconds, Stopping threads took: 0.0000790 seconds
337.208: Application time: 0.1739340 seconds
337.208: [GC [PSYoungGen: 99026K->5408K(97280K)] 121192K->27573K(141824K), 0.0015810 secs] [Times: user=0.01 sys=0.00, real=0.00 secs] 
337.210: Total time for which application threads were stopped: 0.0017190 seconds, Stopping threads took: 0.0000640 seconds
337.377: Application time: 0.1667440 seconds
337.377: [GC [PSYoungGen: 96646K->6496K(95232K)] 118811K->28737K(139776K), 0.0020740 secs] [Times: user=0.01 sys=0.00, real=0.00 secs] 
337.379: Total time for which application threads were stopped: 0.0022390 seconds, Stopping threads took: 0.0000740 seconds
337.538: Application time: 0.1595370 seconds
337.539: [GC [PSYoungGen: 95072K->6400K(97280K)] 117313K->28814K(141824K), 0.0019240 secs] [Times: user=0.02 sys=0.00, real=0.00 secs] 
337.540: Total time for which application threads were stopped: 0.0020680 seconds, Stopping threads took: 0.0000620 seconds
337.712: Application time: 0.1718620 seconds
337.712: [GC [PSYoungGen: 96190K->4352K(92160K)] 118604K->26814K(136704K), 0.0012360 secs] [Times: user=0.00 sys=0.00, real=0.00 secs] 
337.714: Total time for which application threads were stopped: 0.0013690 seconds, Stopping threads took: 0.0000540 seconds
337.869: Application time: 0.1553520 seconds
337.869: [GC [PSYoungGen: 91843K->7392K(96256K)] 114305K->29854K(140800K), 0.0021480 secs] [Times: user=0.01 sys=0.00, real=0.01 secs] 
337.871: Total time for which application threads were stopped: 0.0022970 seconds, Stopping threads took: 0.0000650 seconds
338.029: Application time: 0.1580800 seconds
338.030: [GC [PSYoungGen: 94063K->6560K(96256K)] 116525K->29062K(140800K), 0.0019420 secs] [Times: user=0.02 sys=0.00, real=0.01 secs] 
338.032: Total time for which application threads were stopped: 0.0021160 seconds, Stopping threads took: 0.0000770 seconds
338.190: Application time: 0.1580790 seconds
338.190: [GC [PSYoungGen: 93532K->6400K(113664K)] 116034K->29118K(158208K), 0.0015770 secs] [Times: user=0.01 sys=0.00, real=0.01 secs] 
338.191: Total time for which application threads were stopped: 0.0017330 seconds, Stopping threads took: 0.0000650 seconds
338.385: Application time: 0.1938560 seconds
338.385: [GC [PSYoungGen: 110357K->5344K(107008K)] 133075K->28102K(151552K), 0.0013050 secs] [Times: user=0.01 sys=0.00, real=0.00 secs] 
338.387: Total time for which application threads were stopped: 0.0014660 seconds, Stopping threads took: 0.0000770 seconds
338.571: Application time: 0.1845810 seconds
338.571: [GC [PSYoungGen: 105704K->5408K(103424K)] 128462K->28166K(147968K), 0.0015130 secs] [Times: user=0.01 sys=0.00, real=0.00 secs] 
338.573: Total time for which application threads were stopped: 0.0016680 seconds, Stopping threads took: 0.0000730 seconds
338.751: Application time: 0.1778770 seconds
338.751: [GC [PSYoungGen: 102832K->4448K(98816K)] 125591K->27294K(143360K), 0.0014600 secs] [Times: user=0.01 sys=0.00, real=0.01 secs] 
338.752: Total time for which application threads were stopped: 0.0016080 seconds, Stopping threads took: 0.0000740 seconds
338.923: Application time: 0.1705380 seconds
338.923: [GC [PSYoungGen: 98481K->6400K(97792K)] 121327K->29426K(142336K), 0.0019610 secs] [Times: user=0.02 sys=0.00, real=0.00 secs] 
338.925: Total time for which application threads were stopped: 0.0021360 seconds, Stopping threads took: 0.0000940 seconds
339.093: Application time: 0.1683390 seconds
339.094: [GC [PSYoungGen: 97536K->5312K(93696K)] 120562K->28378K(138240K), 0.0017550 secs] [Times: user=0.01 sys=0.00, real=0.00 secs] 
339.095: Total time for which application threads were stopped: 0.0019130 seconds, Stopping threads took: 0.0000670 seconds
339.257: Application time: 0.1617900 seconds
339.257: [GC [PSYoungGen: 92858K->5408K(90624K)] 115925K->28474K(135168K), 0.0015190 secs] [Times: user=0.01 sys=0.00, real=0.00 secs] 
339.259: Total time for which application threads were stopped: 0.0016690 seconds, Stopping threads took: 0.0000630 seconds
339.407: Application time: 0.1476990 seconds
339.407: [GC [PSYoungGen: 89823K->7520K(95744K)] 112890K->30702K(140288K), 0.0021800 secs] [Times: user=0.01 sys=0.00, real=0.00 secs] 
339.409: Total time for which application threads were stopped: 0.0023680 seconds, Stopping threads took: 0.0000970 seconds
339.576: Application time: 0.1669960 seconds
339.576: [GC [PSYoungGen: 94633K->4352K(89088K)] 117816K->27666K(133632K), 0.0010660 secs] [Times: user=0.01 sys=0.00, real=0.00 secs] 
339.577: Total time for which application threads were stopped: 0.0012110 seconds, Stopping threads took: 0.0000690 seconds
339.728: Application time: 0.1511160 seconds
339.728: [GC [PSYoungGen: 88255K->6400K(106496K)] 111570K->29754K(151040K), 0.0019190 secs] [Times: user=0.02 sys=0.00, real=0.00 secs] 
339.730: Total time for which application threads were stopped: 0.0020950 seconds, Stopping threads took: 0.0000850 seconds
339.915: Application time: 0.1844750 seconds
339.915: [GC [PSYoungGen: 103590K->3376K(97792K)] 126945K->26730K(142336K), 0.0010770 secs] [Times: user=0.00 sys=0.00, real=0.00 secs] 
339.916: Total time for which application threads were stopped: 0.0012240 seconds, Stopping threads took: 0.0000750 seconds
340.078: Application time: 0.1615060 seconds
340.078: [GC [PSYoungGen: 96899K->6448K(97792K)] 120254K->29915K(142336K), 0.0021020 secs] [Times: user=0.02 sys=0.00, real=0.00 secs] 
340.080: Total time for which application threads were stopped: 0.0022680 seconds, Stopping threads took: 0.0000780 seconds
340.255: Application time: 0.1751330 seconds
340.255: [GC [PSYoungGen: 97584K->3376K(91648K)] 121051K->26987K(136192K), 0.0010860 secs] [Times: user=0.00 sys=0.00, real=0.00 secs] 
340.256: Total time for which application threads were stopped: 0.0012560 seconds, Stopping threads took: 0.0000750 seconds
340.412: Application time: 0.1560920 seconds
340.412: [GC [PSYoungGen: 90710K->7392K(92672K)] 114321K->31043K(137216K), 0.0021390 secs] [Times: user=0.01 sys=0.00, real=0.00 secs] 
340.415: Total time for which application threads were stopped: 0.0022790 seconds, Stopping threads took: 0.0000580 seconds
340.571: Application time: 0.1563490 seconds
340.571: [GC [PSYoungGen: 92025K->6464K(94208K)] 115676K->30115K(138752K), 0.0018790 secs] [Times: user=0.01 sys=0.00, real=0.00 secs] 
340.573: Total time for which application threads were stopped: 0.0020410 seconds, Stopping threads took: 0.0000760 seconds
340.733: Application time: 0.1599330 seconds
340.733: [GC [PSYoungGen: 92481K->6544K(96256K)] 116132K->30267K(140800K), 0.0018950 secs] [Times: user=0.01 sys=0.00, real=0.00 secs] 
340.735: Total time for which application threads were stopped: 0.0020460 seconds, Stopping threads took: 0.0000630 seconds
340.888: Application time: 0.1527000 seconds
340.888: [GC [PSYoungGen: 93571K->7424K(113152K)] 117295K->31331K(157696K), 0.0017610 secs] [Times: user=0.02 sys=0.00, real=0.00 secs] 
340.890: Total time for which application threads were stopped: 0.0019300 seconds, Stopping threads took: 0.0000750 seconds
341.081: Application time: 0.1915460 seconds
341.081: [GC [PSYoungGen: 110443K->7392K(113664K)] 134350K->31331K(158208K), 0.0016000 secs] [Times: user=0.01 sys=0.00, real=0.00 secs] 
341.083: Total time for which application threads were stopped: 0.0017440 seconds, Stopping threads took: 0.0000660 seconds
341.275: Application time: 0.1923550 seconds
341.275: [GC [PSYoungGen: 110772K->6464K(107008K)] 134712K->30403K(151552K), 0.0014370 secs] [Times: user=0.01 sys=0.00, real=0.00 secs] 
341.277: Total time for which application threads were stopped: 0.0015950 seconds, Stopping threads took: 0.0000750 seconds
341.464: Application time: 0.1875180 seconds
341.464: [GC [PSYoungGen: 106488K->3504K(100352K)] 130427K->27559K(144896K), 0.0011220 secs] [Times: user=0.01 sys=0.00, real=0.00 secs] 
341.466: Total time for which application threads were stopped: 0.0012770 seconds, Stopping threads took: 0.0000710 seconds
341.636: Application time: 0.1704260 seconds
341.636: [GC [PSYoungGen: 99503K->4352K(97792K)] 123559K->28583K(142336K), 0.0010750 secs] [Times: user=0.01 sys=0.00, real=0.00 secs] 
341.637: Total time for which application threads were stopped: 0.0012130 seconds, Stopping threads took: 0.0000610 seconds
341.808: Application time: 0.1705790 seconds
341.808: [GC [PSYoungGen: 96548K->6368K(96768K)] 120780K->30599K(141312K), 0.0019040 secs] [Times: user=0.01 sys=0.00, real=0.00 secs] 
341.810: Total time for which application threads were stopped: 0.0020570 seconds, Stopping threads took: 0.0000710 seconds
341.975: Application time: 0.1649040 seconds
341.975: [GC [PSYoungGen: 96306K->4432K(91648K)] 120538K->28663K(136192K), 0.0013730 secs] [Times: user=0.01 sys=0.00, real=0.00 secs] 
341.976: Total time for which application threads were stopped: 0.0015230 seconds, Stopping threads took: 0.0000660 seconds
342.137: Application time: 0.1603290 seconds
342.137: [GC [PSYoungGen: 90461K->5504K(89600K)] 114693K->29888K(134144K), 0.0017860 secs] [Times: user=0.01 sys=0.00, real=0.00 secs] 
342.139: Total time for which application threads were stopped: 0.0019540 seconds, Stopping threads took: 0.0000820 seconds
342.285: Application time: 0.1463340 seconds
342.285: [GC [PSYoungGen: 89337K->7424K(108032K)] 113721K->31948K(152576K), 0.0021230 secs] [Times: user=0.02 sys=0.00, real=0.00 secs] 
342.287: Total time for which application threads were stopped: 0.0022880 seconds, Stopping threads took: 0.0000790 seconds
342.475: Application time: 0.1879080 seconds
342.475: [GC [PSYoungGen: 106221K->6368K(102400K)] 130746K->30892K(146944K), 0.0019470 secs] [Times: user=0.01 sys=0.00, real=0.00 secs] 
342.477: Total time for which application threads were stopped: 0.0021040 seconds, Stopping threads took: 0.0000640 seconds
342.653: Application time: 0.1757510 seconds
342.653: [GC [PSYoungGen: 102060K->4448K(97792K)] 126584K->28972K(142336K), 0.0014400 secs] [Times: user=0.01 sys=0.00, real=0.00 secs] 
342.655: Total time for which application threads were stopped: 0.0015770 seconds, Stopping threads took: 0.0000670 seconds
342.815: Application time: 0.1606550 seconds
342.815: [GC [PSYoungGen: 96355K->7488K(101888K)] 120879K->32196K(146432K), 0.0023330 secs] [Times: user=0.02 sys=0.00, real=0.00 secs] 
342.818: Total time for which application threads were stopped: 0.0024930 seconds, Stopping threads took: 0.0000710 seconds
342.997: Application time: 0.1797220 seconds
342.998: [GC [PSYoungGen: 100160K->4352K(94208K)] 124868K->29168K(138752K), 0.0009970 secs] [Times: user=0.00 sys=0.00, real=0.00 secs] 
342.999: Total time for which application threads were stopped: 0.0011860 seconds, Stopping threads took: 0.0000910 seconds
343.155: Application time: 0.1559590 seconds
343.155: [GC [PSYoungGen: 93234K->7424K(94208K)] 118050K->32240K(138752K), 0.0020520 secs] [Times: user=0.01 sys=0.00, real=0.00 secs] 
343.157: Total time for which application threads were stopped: 0.0022100 seconds, Stopping threads took: 0.0000720 seconds
343.315: Application time: 0.1584070 seconds
343.315: [GC [PSYoungGen: 93148K->4416K(88064K)] 117964K->29232K(132608K), 0.0011010 secs] [Times: user=0.01 sys=0.00, real=0.00 secs] 
343.316: Total time for which application threads were stopped: 0.0012590 seconds, Stopping threads took: 0.0000820 seconds
343.471: Application time: 0.1545910 seconds
343.471: [GC [PSYoungGen: 86851K->3392K(84480K)] 111667K->28360K(129024K), 0.0011760 secs] [Times: user=0.01 sys=0.00, real=0.00 secs] 
343.472: Total time for which application threads were stopped: 0.0013260 seconds, Stopping threads took: 0.0000710 seconds
343.614: Application time: 0.1412280 seconds
343.614: [GC [PSYoungGen: 83402K->5344K(83968K)] 108370K->30452K(128512K), 0.0018910 secs] [Times: user=0.01 sys=0.00, real=0.00 secs] 
343.616: Total time for which application threads were stopped: 0.0021120 seconds, Stopping threads took: 0.0001250 seconds
343.759: Application time: 0.1429120 seconds
343.759: [GC [PSYoungGen: 82927K->7424K(101888K)] 108036K->32532K(146432K), 0.0020840 secs] [Times: user=0.01 sys=0.00, real=0.00 secs] 
343.761: Total time for which application threads were stopped: 0.0022470 seconds, Stopping threads took: 0.0000770 seconds
343.936: Application time: 0.1754590 seconds
343.936: [GC [PSYoungGen: 99326K->3392K(94720K)] 124434K->28500K(139264K), 0.0010000 secs] [Times: user=0.00 sys=0.00, real=0.00 secs] 
343.938: Total time for which application threads were stopped: 0.0011510 seconds, Stopping threads took: 0.0000730 seconds
344.092: Application time: 0.1547240 seconds
344.092: [GC [PSYoungGen: 92653K->7552K(99328K)] 117762K->32765K(143872K), 0.0022100 secs] [Times: user=0.01 sys=0.00, real=0.00 secs] 
344.095: Total time for which application threads were stopped: 0.0023650 seconds, Stopping threads took: 0.0000680 seconds
344.264: Application time: 0.1689780 seconds
344.264: [GC [PSYoungGen: 96703K->4320K(91136K)] 121916K->29665K(135680K), 0.0010100 secs] [Times: user=0.00 sys=0.00, real=0.00 secs] 
344.265: Total time for which application threads were stopped: 0.0011810 seconds, Stopping threads took: 0.0000880 seconds
344.419: Application time: 0.1538000 seconds
344.419: [GC [PSYoungGen: 90392K->5376K(89088K)] 115737K->30761K(133632K), 0.0017780 secs] [Times: user=0.01 sys=0.00, real=0.00 secs] 
344.421: Total time for which application threads were stopped: 0.0019580 seconds, Stopping threads took: 0.0000910 seconds
344.570: Application time: 0.1498320 seconds
344.571: [GC [PSYoungGen: 88380K->6432K(87552K)] 113765K->31817K(132096K), 0.0014830 secs] [Times: user=0.00 sys=0.01, real=0.01 secs] 
344.572: Total time for which application threads were stopped: 0.0016420 seconds, Stopping threads took: 0.0000820 seconds
344.722: Application time: 0.1496680 seconds
344.722: [GC [PSYoungGen: 86961K->4464K(82944K)] 112346K->29905K(127488K), 0.0015470 secs] [Times: user=0.01 sys=0.00, real=0.01 secs] 
344.723: Total time for which application threads were stopped: 0.0016980 seconds, Stopping threads took: 0.0000720 seconds
344.869: Application time: 0.1457880 seconds
344.869: [GC [PSYoungGen: 82800K->6368K(99328K)] 108241K->32001K(143872K), 0.0020290 secs] [Times: user=0.02 sys=0.00, real=0.01 secs] 
344.871: Total time for which application threads were stopped: 0.0022290 seconds, Stopping threads took: 0.0001030 seconds
345.034: Application time: 0.1624170 seconds
345.034: [GC [PSYoungGen: 97608K->7424K(100864K)] 123242K->33097K(145408K), 0.0021440 secs] [Times: user=0.02 sys=0.00, real=0.00 secs] 
345.036: Total time for which application threads were stopped: 0.0023050 seconds, Stopping threads took: 0.0000710 seconds
345.212: Application time: 0.1763360 seconds
345.213: [GC [PSYoungGen: 98162K->3328K(92160K)] 123835K->29001K(136704K), 0.0008040 secs] [Times: user=0.00 sys=0.00, real=0.00 secs] 
345.213: Total time for which application threads were stopped: 0.0009510 seconds, Stopping threads took: 0.0000740 seconds
345.368: Application time: 0.1545880 seconds
345.368: [GC [PSYoungGen: 91597K->7552K(113152K)] 117270K->33265K(157696K), 0.0020730 secs] [Times: user=0.02 sys=0.00, real=0.00 secs] 
345.370: Total time for which application threads were stopped: 0.0022210 seconds, Stopping threads took: 0.0000610 seconds
345.561: Application time: 0.1905010 seconds
345.561: [GC [PSYoungGen: 110698K->5376K(105472K)] 136412K->31269K(150016K), 0.0015210 secs] [Times: user=0.01 sys=0.00, real=0.00 secs] 
345.562: Total time for which application threads were stopped: 0.0016730 seconds, Stopping threads took: 0.0000760 seconds
345.747: Application time: 0.1848470 seconds
345.747: [GC [PSYoungGen: 104473K->5312K(101888K)] 130366K->31277K(146432K), 0.0018060 secs] [Times: user=0.01 sys=0.00, real=0.00 secs] 
345.749: Total time for which application threads were stopped: 0.0019720 seconds, Stopping threads took: 0.0000870 seconds
345.921: Application time: 0.1719920 seconds
345.921: [GC [PSYoungGen: 100961K->6448K(99840K)] 126926K->32413K(144384K), 0.0016040 secs] [Times: user=0.01 sys=0.00, real=0.00 secs] 
345.923: Total time for which application threads were stopped: 0.0017500 seconds, Stopping threads took: 0.0000710 seconds
346.096: Application time: 0.1731280 seconds
346.096: [GC [PSYoungGen: 98953K->4448K(94720K)] 124919K->30489K(139264K), 0.0016080 secs] [Times: user=0.01 sys=0.00, real=0.00 secs] 
346.098: Total time for which application threads were stopped: 0.0017700 seconds, Stopping threads took: 0.0000730 seconds
346.259: Application time: 0.1610020 seconds
346.263: [GC [PSYoungGen: 94057K->6448K(93696K)] 120099K->32666K(138240K), 0.0019760 secs] [Times: user=0.02 sys=0.00, real=0.00 secs] 
346.265: Total time for which application threads were stopped: 0.0062160 seconds, Stopping threads took: 0.0041610 seconds
346.427: Application time: 0.1623410 seconds
346.428: [GC [PSYoungGen: 92708K->5376K(89600K)] 118926K->31634K(134144K), 0.0018040 secs] [Times: user=0.01 sys=0.00, real=0.00 secs] 
346.429: Total time for which application threads were stopped: 0.0019540 seconds, Stopping threads took: 0.0000670 seconds
346.577: Application time: 0.1477050 seconds
346.577: [GC [PSYoungGen: 88863K->6432K(92672K)] 115121K->32690K(137216K), 0.0018850 secs] [Times: user=0.02 sys=0.00, real=0.00 secs] 
346.579: Total time for which application threads were stopped: 0.0020990 seconds, Stopping threads took: 0.0001280 seconds
346.739: Application time: 0.1595240 seconds
346.739: [GC [PSYoungGen: 92315K->6592K(94720K)] 118573K->32890K(139264K), 0.0019400 secs] [Times: user=0.01 sys=0.00, real=0.00 secs] 
346.741: Total time for which application threads were stopped: 0.0021000 seconds, Stopping threads took: 0.0000670 seconds
346.901: Application time: 0.1603630 seconds
346.901: [GC [PSYoungGen: 91952K->4352K(87552K)] 118250K->30862K(132096K), 0.0009930 secs] [Times: user=0.01 sys=0.00, real=0.00 secs] 
346.902: Total time for which application threads were stopped: 0.0011300 seconds, Stopping threads took: 0.0000550 seconds
347.048: Application time: 0.1459350 seconds
347.048: [GC [PSYoungGen: 86520K->7424K(108032K)] 113030K->33974K(152576K), 0.0019390 secs] [Times: user=0.02 sys=0.00, real=0.00 secs] 
347.050: Total time for which application threads were stopped: 0.0021240 seconds, Stopping threads took: 0.0000990 seconds
347.239: Application time: 0.1887870 seconds
347.239: [GC [PSYoungGen: 106047K->2304K(101888K)] 132597K->28854K(146432K), 0.0008310 secs] [Times: user=0.00 sys=0.00, real=0.00 secs] 
347.240: Total time for which application threads were stopped: 0.0009690 seconds, Stopping threads took: 0.0000560 seconds
347.407: Application time: 0.1668630 seconds
347.407: [GC [PSYoungGen: 97884K->6544K(99328K)] 124434K->33134K(143872K), 0.0019910 secs] [Times: user=0.01 sys=0.00, real=0.00 secs] 
347.409: Total time for which application threads were stopped: 0.0021440 seconds, Stopping threads took: 0.0000750 seconds
347.584: Application time: 0.1747860 seconds
347.584: [GC [PSYoungGen: 98860K->5392K(95232K)] 125450K->32190K(139776K), 0.0017050 secs] [Times: user=0.00 sys=0.00, real=0.00 secs] 
347.586: Total time for which application threads were stopped: 0.0018500 seconds, Stopping threads took: 0.0000640 seconds
347.746: Application time: 0.1605600 seconds
347.746: [GC [PSYoungGen: 94855K->5376K(92160K)] 121654K->32222K(136704K), 0.0016490 secs] [Times: user=0.01 sys=0.00, real=0.00 secs] 
347.748: Total time for which application threads were stopped: 0.0018060 seconds, Stopping threads took: 0.0000650 seconds
347.910: Application time: 0.1620860 seconds
347.910: [GC [PSYoungGen: 91819K->4352K(89088K)] 118666K->31198K(133632K), 0.0014420 secs] [Times: user=0.01 sys=0.00, real=0.01 secs] 
347.912: Total time for which application threads were stopped: 0.0015960 seconds, Stopping threads took: 0.0000680 seconds
348.059: Application time: 0.1474850 seconds
348.059: [GC [PSYoungGen: 87071K->6512K(87552K)] 113918K->33398K(132096K), 0.0020280 secs] [Times: user=0.02 sys=0.00, real=0.00 secs] 
348.062: Total time for which application threads were stopped: 0.0021780 seconds, Stopping threads took: 0.0000630 seconds
348.206: Application time: 0.1445470 seconds
348.206: [GC [PSYoungGen: 86498K->7456K(89088K)] 113384K->34518K(133632K), 0.0022000 secs] [Times: user=0.02 sys=0.00, real=0.00 secs] 
348.208: Total time for which application threads were stopped: 0.0023610 seconds, Stopping threads took: 0.0000730 seconds
348.358: Application time: 0.1495800 seconds
348.358: [GC [PSYoungGen: 87495K->4288K(90112K)] 114558K->31419K(134656K), 0.0012670 secs] [Times: user=0.01 sys=0.00, real=0.00 secs] 
348.359: Total time for which application threads were stopped: 0.0014240 seconds, Stopping threads took: 0.0000670 seconds
348.511: Application time: 0.1518620 seconds
348.511: [GC [PSYoungGen: 84773K->3328K(81920K)] 111904K->30458K(126464K), 0.0007970 secs] [Times: user=0.01 sys=0.00, real=0.00 secs] 
348.512: Total time for which application threads were stopped: 0.0009350 seconds, Stopping threads took: 0.0000640 seconds
348.653: Application time: 0.1411300 seconds
348.654: [GC [PSYoungGen: 81664K->6432K(100864K)] 108794K->33563K(145408K), 0.0019370 secs] [Times: user=0.02 sys=0.00, real=0.00 secs] 
348.655: Total time for which application threads were stopped: 0.0021030 seconds, Stopping threads took: 0.0000800 seconds
348.822: Application time: 0.1665360 seconds
348.822: [GC [PSYoungGen: 97632K->4400K(93184K)] 124763K->31643K(137728K), 0.0011620 secs] [Times: user=0.01 sys=0.00, real=0.01 secs] 
348.823: Total time for which application threads were stopped: 0.0013040 seconds, Stopping threads took: 0.0000670 seconds
348.987: Application time: 0.1632500 seconds
348.987: [GC [PSYoungGen: 92067K->5408K(91136K)] 119310K->32791K(135680K), 0.0018550 secs] [Times: user=0.01 sys=0.00, real=0.00 secs] 
348.989: Total time for which application threads were stopped: 0.0020220 seconds, Stopping threads took: 0.0000720 seconds
349.141: Application time: 0.1524870 seconds
349.141: [GC [PSYoungGen: 90664K->7424K(94720K)] 118047K->34847K(139264K), 0.0020190 secs] [Times: user=0.01 sys=0.00, real=0.01 secs] 
349.143: Total time for which application threads were stopped: 0.0021720 seconds, Stopping threads took: 0.0000620 seconds
349.303: Application time: 0.1593690 seconds
349.303: [GC [PSYoungGen: 93440K->7504K(95232K)] 120863K->34927K(139776K), 0.0021220 secs] [Times: user=0.02 sys=0.00, real=0.01 secs] 
349.305: Total time for which application threads were stopped: 0.0022750 seconds, Stopping threads took: 0.0000660 seconds
349.461: Application time: 0.1560020 seconds
349.461: [GC [PSYoungGen: 92659K->6480K(113152K)] 120082K->34015K(157696K), 0.0015540 secs] [Times: user=0.01 sys=0.00, real=0.00 secs] 
349.463: Total time for which application threads were stopped: 0.0017210 seconds, Stopping threads took: 0.0000670 seconds
349.650: Application time: 0.1876350 seconds
349.650: [GC [PSYoungGen: 109063K->4288K(104448K)] 136598K->31959K(148992K), 0.0011670 secs] [Times: user=0.00 sys=0.01, real=0.01 secs] 
349.652: Total time for which application threads were stopped: 0.0013340 seconds, Stopping threads took: 0.0000830 seconds
349.832: Application time: 0.1808560 seconds
349.833: [GC [PSYoungGen: 103505K->5376K(101888K)] 131177K->33095K(146432K), 0.0014270 secs] [Times: user=0.01 sys=0.00, real=0.00 secs] 
349.834: Total time for which application threads were stopped: 0.0015990 seconds, Stopping threads took: 0.0000980 seconds
350.009: Application time: 0.1748030 seconds
350.009: [GC [PSYoungGen: 101598K->6496K(99840K)] 129317K->34215K(144384K), 0.0020400 secs] [Times: user=0.02 sys=0.00, real=0.01 secs] 
350.011: Total time for which application threads were stopped: 0.0022020 seconds, Stopping threads took: 0.0000790 seconds
350.185: Application time: 0.1736190 seconds
350.185: [GC [PSYoungGen: 99502K->4464K(95744K)] 127222K->32307K(140288K), 0.0013740 secs] [Times: user=0.01 sys=0.00, real=0.00 secs] 
350.186: Total time for which application threads were stopped: 0.0015290 seconds, Stopping threads took: 0.0000640 seconds
350.350: Application time: 0.1640880 seconds
350.350: [GC [PSYoungGen: 93624K->5376K(92672K)] 121468K->33407K(137216K), 0.0017150 secs] [Times: user=0.01 sys=0.00, real=0.01 secs] 
350.352: Total time for which application threads were stopped: 0.0018920 seconds, Stopping threads took: 0.0000910 seconds
350.510: Application time: 0.1576240 seconds
350.510: [GC [PSYoungGen: 92034K->6400K(90624K)] 120066K->34431K(135168K), 0.0018320 secs] [Times: user=0.01 sys=0.00, real=0.01 secs] 
350.512: Total time for which application threads were stopped: 0.0019790 seconds, Stopping threads took: 0.0000610 seconds
350.667: Application time: 0.1548470 seconds
350.667: [GC [PSYoungGen: 89357K->3344K(84992K)] 117389K->31375K(129536K), 0.0011920 secs] [Times: user=0.01 sys=0.00, real=0.00 secs] 
350.668: Total time for which application threads were stopped: 0.0013340 seconds, Stopping threads took: 0.0000660 seconds
350.813: Application time: 0.1451740 seconds
350.813: [GC [PSYoungGen: 84726K->6464K(85504K)] 112758K->34604K(130048K), 0.0020080 secs] [Times: user=0.00 sys=0.00, real=0.00 secs] 
350.815: Total time for which application threads were stopped: 0.0021850 seconds, Stopping threads took: 0.0000820 seconds
350.960: Application time: 0.1448840 seconds
350.960: [GC [PSYoungGen: 84585K->4256K(80896K)] 112725K->32532K(125440K), 0.0015230 secs] [Times: user=0.01 sys=0.00, real=0.00 secs] 
350.962: Total time for which application threads were stopped: 0.0017600 seconds, Stopping threads took: 0.0000680 seconds
351.099: Application time: 0.1374490 seconds
351.100: [GC [PSYoungGen: 79766K->6400K(84992K)] 108042K->34716K(129536K), 0.0019670 secs] [Times: user=0.01 sys=0.00, real=0.00 secs] 
351.102: Total time for which application threads were stopped: 0.0021900 seconds, Stopping threads took: 0.0001170 seconds
351.242: Application time: 0.1398760 seconds
351.242: [GC [PSYoungGen: 82027K->4352K(84992K)] 110343K->32668K(129536K), 0.0013380 secs] [Times: user=0.01 sys=0.00, real=0.01 secs] 
351.243: Total time for which application threads were stopped: 0.0015200 seconds, Stopping threads took: 0.0001080 seconds
351.380: Application time: 0.1365310 seconds
351.380: [GC [PSYoungGen: 80189K->6448K(100352K)] 108506K->34764K(144896K), 0.0015990 secs] [Times: user=0.01 sys=0.00, real=0.00 secs] 
351.381: Total time for which application threads were stopped: 0.0017570 seconds, Stopping threads took: 0.0000630 seconds
351.552: Application time: 0.1705450 seconds
351.552: [GC [PSYoungGen: 97377K->5472K(100352K)] 125693K->33932K(144896K), 0.0014360 secs] [Times: user=0.01 sys=0.00, real=0.00 secs] 
351.553: Total time for which application threads were stopped: 0.0015890 seconds, Stopping threads took: 0.0000770 seconds
351.715: Application time: 0.1616500 seconds
351.715: [GC [PSYoungGen: 96442K->6400K(95232K)] 124903K->35016K(139776K), 0.0014780 secs] [Times: user=0.01 sys=0.00, real=0.00 secs] 
351.717: Total time for which application threads were stopped: 0.0016380 seconds, Stopping threads took: 0.0000780 seconds
351.882: Application time: 0.1650250 seconds
351.882: [GC [PSYoungGen: 94703K->6400K(92160K)] 123319K->35016K(136704K), 0.0016810 secs] [Times: user=0.00 sys=0.01, real=0.01 secs] 
351.884: Total time for which application threads were stopped: 0.0018720 seconds, Stopping threads took: 0.0000970 seconds
352.036: Application time: 0.1523060 seconds
352.036: [GC [PSYoungGen: 91047K->4416K(87040K)] 119664K->35080K(131584K), 0.0016850 secs] [Times: user=0.01 sys=0.00, real=0.00 secs] 
352.038: Total time for which application threads were stopped: 0.0018360 seconds, Stopping threads took: 0.0000670 seconds
352.188: Application time: 0.1504800 seconds
352.188: [GC [PSYoungGen: 86219K->6544K(105984K)] 116883K->37328K(150528K), 0.0019210 secs] [Times: user=0.01 sys=0.00, real=0.00 secs] 
352.190: Total time for which application threads were stopped: 0.0020740 seconds, Stopping threads took: 0.0000700 seconds
352.371: Application time: 0.1808100 seconds
352.375: [GC [PSYoungGen: 105761K->6400K(108032K)] 136546K->37368K(152576K), 0.0019320 secs] [Times: user=0.01 sys=0.00, real=0.00 secs] 
352.377: Total time for which application threads were stopped: 0.0058860 seconds, Stopping threads took: 0.0038700 seconds
352.560: Application time: 0.1824730 seconds
352.560: [GC [PSYoungGen: 105700K->6400K(108032K)] 136668K->37368K(152576K), 0.0017930 secs] [Times: user=0.01 sys=0.00, real=0.00 secs] 
352.562: Total time for which application threads were stopped: 0.0019800 seconds, Stopping threads took: 0.0000890 seconds
352.744: Application time: 0.1825330 seconds
352.744: [GC [PSYoungGen: 104943K->6512K(102400K)] 135912K->37480K(146944K), 0.0015080 secs] [Times: user=0.01 sys=0.00, real=0.00 secs] 
352.746: Total time for which application threads were stopped: 0.0016580 seconds, Stopping threads took: 0.0000740 seconds
352.918: Application time: 0.1725840 seconds
352.918: [GC [PSYoungGen: 101601K->5440K(98304K)] 132570K->36585K(142848K), 0.0015630 secs] [Times: user=0.00 sys=0.01, real=0.00 secs] 
352.920: Total time for which application threads were stopped: 0.0017360 seconds, Stopping threads took: 0.0000920 seconds
353.092: Application time: 0.1717690 seconds
353.092: [GC [PSYoungGen: 97113K->5376K(95232K)] 128258K->37649K(139776K), 0.0015210 secs] [Times: user=0.01 sys=0.00, real=0.00 secs] 
353.094: Total time for which application threads were stopped: 0.0016760 seconds, Stopping threads took: 0.0000550 seconds
353.253: Application time: 0.1594910 seconds
353.253: [GC [PSYoungGen: 94123K->5376K(92160K)] 126396K->37649K(136704K), 0.0017850 secs] [Times: user=0.01 sys=0.00, real=0.00 secs] 
353.255: Total time for which application threads were stopped: 0.0019400 seconds, Stopping threads took: 0.0000700 seconds
353.413: Application time: 0.1579480 seconds
353.413: [GC [PSYoungGen: 91904K->5552K(89088K)] 124177K->38849K(133632K), 0.0018530 secs] [Times: user=0.02 sys=0.00, real=0.00 secs] 
353.415: Total time for which application threads were stopped: 0.0019970 seconds, Stopping threads took: 0.0000620 seconds
353.566: Application time: 0.1506410 seconds
353.566: [GC [PSYoungGen: 88085K->6416K(107008K)] 121383K->39921K(151552K), 0.0021270 secs] [Times: user=0.01 sys=0.00, real=0.00 secs] 
353.568: Total time for which application threads were stopped: 0.0022780 seconds, Stopping threads took: 0.0000660 seconds
353.753: Application time: 0.1848480 seconds
353.753: [GC [PSYoungGen: 106768K->4352K(109568K)] 140273K->39981K(154112K), 0.0018180 secs] [Times: user=0.01 sys=0.00, real=0.00 secs] 
353.755: Total time for which application threads were stopped: 0.0019910 seconds, Stopping threads took: 0.0000820 seconds
353.949: Application time: 0.1941970 seconds
353.949: [GC [PSYoungGen: 109312K->5376K(107008K)] 144941K->41005K(151552K), 0.0016340 secs] [Times: user=0.01 sys=0.00, real=0.00 secs] 
353.951: Total time for which application threads were stopped: 0.0017780 seconds, Stopping threads took: 0.0000580 seconds
354.135: Application time: 0.1840800 seconds
354.135: [GC [PSYoungGen: 106499K->5552K(103424K)] 142128K->41181K(147968K), 0.0016670 secs] [Times: user=0.01 sys=0.00, real=0.00 secs] 
354.137: Total time for which application threads were stopped: 0.0018300 seconds, Stopping threads took: 0.0000800 seconds
354.315: Application time: 0.1780860 seconds
354.315: [GC [PSYoungGen: 102677K->6416K(100864K)] 138306K->42289K(145408K), 0.0020470 secs] [Times: user=0.01 sys=0.00, real=0.00 secs] 
354.317: Total time for which application threads were stopped: 0.0022110 seconds, Stopping threads took: 0.0000730 seconds
354.486: Application time: 0.1696140 seconds
354.487: [GC [PSYoungGen: 99861K->3328K(102912K)] 135735K->43337K(147456K), 0.0022740 secs] [Times: user=0.02 sys=0.00, real=0.00 secs] 
354.489: Total time for which application threads were stopped: 0.0024500 seconds, Stopping threads took: 0.0000910 seconds
354.672: Application time: 0.1829330 seconds
354.672: [GC [PSYoungGen: 101794K->4384K(100352K)] 141804K->44393K(144896K), 0.0013750 secs] [Times: user=0.01 sys=0.00, real=0.00 secs] 
354.673: Total time for which application threads were stopped: 0.0016260 seconds, Stopping threads took: 0.0001730 seconds
354.850: Application time: 0.1768400 seconds
354.850: [GC [PSYoungGen: 99801K->4432K(97280K)] 139811K->44558K(141824K), 0.0015020 secs] [Times: user=0.01 sys=0.00, real=0.01 secs] 
354.852: Total time for which application threads were stopped: 0.0016660 seconds, Stopping threads took: 0.0000800 seconds
355.021: Application time: 0.1687750 seconds
355.021: [GC [PSYoungGen: 96988K->7456K(100864K)] 137114K->47722K(145408K), 0.0022800 secs] [Times: user=0.01 sys=0.00, real=0.01 secs] 
355.023: Total time for which application threads were stopped: 0.0024530 seconds, Stopping threads took: 0.0000830 seconds
355.191: Application time: 0.1682470 seconds
355.192: [GC [PSYoungGen: 99728K->7392K(119808K)] 139995K->47706K(164352K), 0.0017850 secs] [Times: user=0.01 sys=0.00, real=0.00 secs] 
355.193: Total time for which application threads were stopped: 0.0019460 seconds, Stopping threads took: 0.0000720 seconds
355.400: Application time: 0.2062240 seconds
355.400: [GC [PSYoungGen: 118316K->6448K(113664K)] 158630K->46762K(158208K), 0.0016320 secs] [Times: user=0.01 sys=0.00, real=0.00 secs] 
355.401: Total time for which application threads were stopped: 0.0017860 seconds, Stopping threads took: 0.0000610 seconds
355.592: Application time: 0.1906450 seconds
355.592: [GC [PSYoungGen: 112969K->6496K(115712K)] 153284K->47942K(160256K), 0.0022090 secs] [Times: user=0.01 sys=0.00, real=0.00 secs] 
355.594: Total time for which application threads were stopped: 0.0023680 seconds, Stopping threads took: 0.0000710 seconds
355.795: Application time: 0.2002630 seconds
355.797: [GC [PSYoungGen: 114803K->7424K(117760K)] 156249K->49046K(162304K), 0.0025870 secs] [Times: user=0.02 sys=0.00, real=0.00 secs] 
355.800: Total time for which application threads were stopped: 0.0052840 seconds, Stopping threads took: 0.0026120 seconds
355.998: Application time: 0.1976470 seconds
355.998: [GC [PSYoungGen: 115908K->7440K(139776K)] 157530K->49062K(184320K), 0.0018760 secs] [Times: user=0.01 sys=0.01, real=0.00 secs] 
356.000: Total time for which application threads were stopped: 0.0020620 seconds, Stopping threads took: 0.0000860 seconds
356.239: Application time: 0.2389240 seconds
356.239: [GC [PSYoungGen: 137603K->7584K(133120K)] 179226K->49282K(177664K), 0.0018910 secs] [Times: user=0.00 sys=0.01, real=0.00 secs] 
356.241: Total time for which application threads were stopped: 0.0020670 seconds, Stopping threads took: 0.0000860 seconds
356.473: Application time: 0.2327170 seconds
356.474: [GC [PSYoungGen: 133003K->6400K(127488K)] 174701K->48315K(172032K), 0.0019320 secs] [Times: user=0.01 sys=0.00, real=0.00 secs] 
356.476: Total time for which application threads were stopped: 0.0020890 seconds, Stopping threads took: 0.0000710 seconds
356.698: Application time: 0.2221140 seconds
356.698: [GC [PSYoungGen: 126517K->6496K(122880K)] 168432K->48411K(167424K), 0.0020820 secs] [Times: user=0.02 sys=0.00, real=0.00 secs] 
356.700: Total time for which application threads were stopped: 0.0022430 seconds, Stopping threads took: 0.0000670 seconds
356.907: Application time: 0.2068060 seconds
356.907: [GC [PSYoungGen: 121704K->5504K(117760K)] 163619K->49579K(162304K), 0.0022400 secs] [Times: user=0.01 sys=0.01, real=0.00 secs] 
356.909: [Full GC [PSYoungGen: 5504K->0K(117760K)] [ParOldGen: 44075K->11127K(47104K)] 49579K->11127K(164864K) [PSPermGen: 5531K->5531K(21504K)], 0.0071600 secs] [Times: user=0.03 sys=0.00, real=0.01 secs] 
356.916: Total time for which application threads were stopped: 0.0096120 seconds, Stopping threads took: 0.0000690 seconds
357.124: Application time: 0.2074130 seconds
357.124: [GC [PSYoungGen: 111606K->5344K(113664K)] 122733K->16471K(160768K), 0.0017740 secs] [Times: user=0.01 sys=0.00, real=0.00 secs] 
357.126: Total time for which application threads were stopped: 0.0019160 seconds, Stopping threads took: 0.0000600 seconds
357.322: Application time: 0.1966830 seconds
357.322: [GC [PSYoungGen: 112604K->5376K(109568K)] 123732K->16511K(156672K), 0.0016000 secs] [Times: user=0.01 sys=0.00, real=0.01 secs] 
357.324: Total time for which application threads were stopped: 0.0017810 seconds, Stopping threads took: 0.0000970 seconds
357.511: Application time: 0.1866800 seconds
357.511: [GC [PSYoungGen: 108783K->6560K(107008K)] 119918K->17735K(154112K), 0.0020960 secs] [Times: user=0.02 sys=0.00, real=0.01 secs] 
357.513: Total time for which application threads were stopped: 0.0022550 seconds, Stopping threads took: 0.0000720 seconds
357.699: Application time: 0.1854930 seconds
357.699: [GC [PSYoungGen: 106122K->5376K(102400K)] 117297K->16759K(149504K), 0.0015150 secs] [Times: user=0.01 sys=0.00, real=0.00 secs] 
357.700: Total time for which application threads were stopped: 0.0016600 seconds, Stopping threads took: 0.0000670 seconds
357.877: Application time: 0.1767010 seconds
357.877: [GC [PSYoungGen: 101240K->5376K(98816K)] 112623K->16807K(145920K), 0.0016990 secs] [Times: user=0.01 sys=0.00, real=0.00 secs] 
357.879: Total time for which application threads were stopped: 0.0018650 seconds, Stopping threads took: 0.0000750 seconds
358.043: Application time: 0.1644400 seconds
358.043: [GC [PSYoungGen: 97967K->6464K(96768K)] 109399K->17895K(143872K), 0.0019250 secs] [Times: user=0.01 sys=0.00, real=0.00 secs] 
358.045: Total time for which application threads were stopped: 0.0020860 seconds, Stopping threads took: 0.0000720 seconds
358.216: Application time: 0.1711860 seconds
358.217: [GC [PSYoungGen: 96287K->5440K(92672K)] 107718K->16971K(139776K), 0.0017860 secs] [Times: user=0.01 sys=0.00, real=0.00 secs] 
358.218: Total time for which application threads were stopped: 0.0019430 seconds, Stopping threads took: 0.0000760 seconds
358.376: Application time: 0.1577450 seconds
358.376: [GC [PSYoungGen: 92470K->5392K(89600K)] 104002K->17059K(136704K), 0.0016140 secs] [Times: user=0.01 sys=0.00, real=0.00 secs] 
358.378: Total time for which application threads were stopped: 0.0017550 seconds, Stopping threads took: 0.0000570 seconds
358.528: Application time: 0.1497510 seconds
358.528: [GC [PSYoungGen: 88336K->7392K(107008K)] 100004K->19099K(154112K), 0.0021780 secs] [Times: user=0.01 sys=0.00, real=0.00 secs] 
358.530: Total time for which application threads were stopped: 0.0023340 seconds, Stopping threads took: 0.0000640 seconds
358.711: Application time: 0.1813840 seconds
358.712: [GC [PSYoungGen: 105211K->5440K(109568K)] 116919K->17147K(156672K), 0.0015260 secs] [Times: user=0.01 sys=0.00, real=0.00 secs] 
358.713: Total time for which application threads were stopped: 0.0016880 seconds, Stopping threads took: 0.0000830 seconds
358.899: Application time: 0.1857720 seconds
358.899: [GC [PSYoungGen: 105452K->5488K(102912K)] 117160K->17308K(150016K), 0.0016290 secs] [Times: user=0.01 sys=0.00, real=0.00 secs] 
358.901: Total time for which application threads were stopped: 0.0017820 seconds, Stopping threads took: 0.0000660 seconds
359.078: Application time: 0.1775810 seconds
359.078: [GC [PSYoungGen: 102240K->4320K(98304K)] 114060K->16324K(145408K), 0.0013300 secs] [Times: user=0.01 sys=0.00, real=0.00 secs] 
359.080: Total time for which application threads were stopped: 0.0014790 seconds, Stopping threads took: 0.0000650 seconds
359.247: Application time: 0.1672890 seconds
359.247: [GC [PSYoungGen: 97899K->6368K(97280K)] 109903K->18372K(144384K), 0.0020040 secs] [Times: user=0.01 sys=0.00, real=0.00 secs] 
359.249: Total time for which application threads were stopped: 0.0021620 seconds, Stopping threads took: 0.0000780 seconds
359.418: Application time: 0.1691600 seconds
359.418: [GC [PSYoungGen: 96769K->5440K(93184K)] 108773K->17444K(140288K), 0.0015020 secs] [Times: user=0.01 sys=0.00, real=0.00 secs] 
359.420: Total time for which application threads were stopped: 0.0016940 seconds, Stopping threads took: 0.0001110 seconds
359.575: Application time: 0.1550620 seconds
359.575: [GC [PSYoungGen: 92065K->7552K(98816K)] 104069K->19660K(145920K), 0.0024130 secs] [Times: user=0.02 sys=0.00, real=0.00 secs] 
359.578: Total time for which application threads were stopped: 0.0025700 seconds, Stopping threads took: 0.0000650 seconds
359.746: Application time: 0.1680490 seconds
359.746: [GC [PSYoungGen: 98131K->5344K(93184K)] 110239K->17624K(140288K), 0.0012680 secs] [Times: user=0.01 sys=0.00, real=0.00 secs] 
359.747: Total time for which application threads were stopped: 0.0014230 seconds, Stopping threads took: 0.0000750 seconds
359.913: Application time: 0.1654460 seconds
359.913: [GC [PSYoungGen: 92159K->6400K(91136K)] 104440K->18680K(138240K), 0.0018820 secs] [Times: user=0.01 sys=0.00, real=0.00 secs] 
359.915: Total time for which application threads were stopped: 0.0020620 seconds, Stopping threads took: 0.0000930 seconds
360.064: Application time: 0.1491000 seconds
360.064: [GC [PSYoungGen: 90742K->5440K(87552K)] 103022K->18744K(134656K), 0.0014970 secs] [Times: user=0.01 sys=0.00, real=0.00 secs] 
360.065: Total time for which application threads were stopped: 0.0016390 seconds, Stopping threads took: 0.0000580 seconds
360.214: Application time: 0.1488720 seconds
360.214: [GC [PSYoungGen: 86530K->7456K(106496K)] 99835K->20868K(153600K), 0.0021550 secs] [Times: user=0.01 sys=0.00, real=0.00 secs] 
360.217: Total time for which application threads were stopped: 0.0022950 seconds, Stopping threads took: 0.0000550 seconds
360.396: Application time: 0.1798140 seconds
360.397: [GC [PSYoungGen: 105237K->7456K(107008K)] 118650K->21008K(154112K), 0.0020230 secs] [Times: user=0.01 sys=0.00, real=0.00 secs] 
360.399: Total time for which application threads were stopped: 0.0022030 seconds, Stopping threads took: 0.0000910 seconds
360.581: Application time: 0.1827240 seconds
360.582: [GC [PSYoungGen: 104786K->5344K(107008K)] 118339K->18928K(154112K), 0.0016440 secs] [Times: user=0.01 sys=0.00, real=0.01 secs] 
360.583: Total time for which application threads were stopped: 0.0018750 seconds, Stopping threads took: 0.0001430 seconds
360.763: Application time: 0.1801300 seconds
360.763: [GC [PSYoungGen: 103009K->3344K(98304K)] 116593K->16928K(145408K), 0.0008740 secs] [Times: user=0.00 sys=0.00, real=0.00 secs] 
360.764: Total time for which application threads were stopped: 0.0010000 seconds, Stopping threads took: 0.0000580 seconds
360.930: Application time: 0.1661500 seconds
360.931: [GC [PSYoungGen: 97903K->7520K(99328K)] 111488K->21220K(146432K), 0.0020190 secs] [Times: user=0.01 sys=0.00, real=0.01 secs] 
360.933: Total time for which application threads were stopped: 0.0021980 seconds, Stopping threads took: 0.0000880 seconds
361.109: Application time: 0.1764390 seconds
361.109: [GC [PSYoungGen: 99125K->3296K(92160K)] 112826K->17173K(139264K), 0.0009870 secs] [Times: user=0.00 sys=0.00, real=0.00 secs] 
361.111: Total time for which application threads were stopped: 0.0016740 seconds, Stopping threads took: 0.0000830 seconds
361.264: Application time: 0.1530680 seconds
361.264: [GC [PSYoungGen: 91123K->7424K(93184K)] 105000K->21301K(140288K), 0.0023220 secs] [Times: user=0.01 sys=0.00, real=0.00 secs] 
361.266: Total time for which application threads were stopped: 0.0024760 seconds, Stopping threads took: 0.0000650 seconds
361.421: Application time: 0.1549710 seconds
361.422: [GC [PSYoungGen: 92620K->6432K(110080K)] 106497K->20309K(157184K), 0.0018060 secs] [Times: user=0.01 sys=0.00, real=0.01 secs] 
361.423: Total time for which application threads were stopped: 0.0020340 seconds, Stopping threads took: 0.0001520 seconds
361.607: Application time: 0.1833870 seconds
361.611: [GC [PSYoungGen: 106843K->7520K(111104K)] 120720K->21501K(158208K), 0.0024290 secs] [Times: user=0.02 sys=0.00, real=0.00 secs] 
361.614: Total time for which application threads were stopped: 0.0069420 seconds, Stopping threads took: 0.0044310 seconds
361.803: Application time: 0.1893520 seconds
361.803: [GC [PSYoungGen: 108453K->6400K(131072K)] 122434K->20557K(178176K), 0.0014670 secs] [Times: user=0.01 sys=0.00, real=0.00 secs] 
361.805: Total time for which application threads were stopped: 0.0016160 seconds, Stopping threads took: 0.0000710 seconds
362.023: Application time: 0.2178820 seconds
362.023: [GC [PSYoungGen: 127312K->7424K(124416K)] 141470K->21581K(171520K), 0.0016550 secs] [Times: user=0.00 sys=0.01, real=0.01 secs] 
362.024: Total time for which application threads were stopped: 0.0018310 seconds, Stopping threads took: 0.0000970 seconds
362.248: Application time: 0.2234050 seconds
362.248: [GC [PSYoungGen: 123606K->2464K(116736K)] 137764K->16621K(163840K), 0.0008960 secs] [Times: user=0.01 sys=0.00, real=0.00 secs] 
362.249: Total time for which application threads were stopped: 0.0010640 seconds, Stopping threads took: 0.0000860 seconds
362.456: Application time: 0.2071570 seconds
362.456: [GC [PSYoungGen: 114584K->1248K(110080K)] 128741K->15641K(157184K), 0.0007670 secs] [Times: user=0.00 sys=0.00, real=0.00 secs] 
362.457: Total time for which application threads were stopped: 0.0009280 seconds, Stopping threads took: 0.0000860 seconds
362.655: Application time: 0.1979100 seconds
362.655: [GC [PSYoungGen: 109225K->1280K(111104K)] 123618K->15729K(158208K), 0.0007310 secs] [Times: user=0.00 sys=0.00, real=0.00 secs] 
362.656: Total time for which application threads were stopped: 0.0008760 seconds, Stopping threads took: 0.0000780 seconds
362.836: Application time: 0.1801570 seconds
362.839: [GC [PSYoungGen: 104946K->5504K(106496K)] 119395K->19953K(153600K), 0.0017510 secs] [Times: user=0.01 sys=0.00, real=0.00 secs] 
362.841: Total time for which application threads were stopped: 0.0050110 seconds, Stopping threads took: 0.0031740 seconds
363.025: Application time: 0.1843890 seconds
363.025: [GC [PSYoungGen: 105500K->6400K(103936K)] 119950K->21066K(151040K), 0.0020230 secs] [Times: user=0.01 sys=0.00, real=0.00 secs] 
363.028: Total time for which application threads were stopped: 0.0022590 seconds, Stopping threads took: 0.0001500 seconds
363.212: Application time: 0.1844800 seconds
363.212: [GC [PSYoungGen: 103109K->7424K(101376K)] 117775K->22158K(148480K), 0.0022100 secs] [Times: user=0.01 sys=0.00, real=0.00 secs] 
363.214: Total time for which application threads were stopped: 0.0023680 seconds, Stopping threads took: 0.0000730 seconds
363.383: Application time: 0.1688810 seconds
363.383: [GC [PSYoungGen: 101111K->6432K(97792K)] 115845K->21166K(144896K), 0.0018670 secs] [Times: user=0.02 sys=0.00, real=0.00 secs] 
363.385: Total time for which application threads were stopped: 0.0020280 seconds, Stopping threads took: 0.0000710 seconds
363.550: Application time: 0.1647630 seconds
363.550: [GC [PSYoungGen: 96034K->7584K(95232K)] 110768K->22358K(142336K), 0.0023650 secs] [Times: user=0.02 sys=0.00, real=0.01 secs] 
363.553: Total time for which application threads were stopped: 0.0025340 seconds, Stopping threads took: 0.0000840 seconds
363.712: Application time: 0.1589610 seconds
363.712: [GC [PSYoungGen: 94677K->7392K(98304K)] 109451K->22370K(145408K), 0.0022500 secs] [Times: user=0.01 sys=0.00, real=0.00 secs] 
363.714: Total time for which application threads were stopped: 0.0024030 seconds, Stopping threads took: 0.0000690 seconds
363.882: Application time: 0.1681930 seconds
363.882: [GC [PSYoungGen: 94495K->4320K(98304K)] 109474K->19330K(145408K), 0.0012990 secs] [Times: user=0.00 sys=0.00, real=0.01 secs] 
363.884: Total time for which application threads were stopped: 0.0014730 seconds, Stopping threads took: 0.0000920 seconds
364.038: Application time: 0.1546810 seconds
364.038: [GC [PSYoungGen: 91588K->6432K(91136K)] 106599K->21442K(138240K), 0.0013870 secs] [Times: user=0.00 sys=0.01, real=0.00 secs] 
364.040: Total time for which application threads were stopped: 0.0015440 seconds, Stopping threads took: 0.0000720 seconds
364.193: Application time: 0.1531420 seconds
364.193: [GC [PSYoungGen: 90183K->6512K(108032K)] 105193K->21562K(155136K), 0.0019610 secs] [Times: user=0.01 sys=0.00, real=0.00 secs] 
364.195: Total time for which application threads were stopped: 0.0021120 seconds, Stopping threads took: 0.0000660 seconds
364.379: Application time: 0.1840410 seconds
364.379: [GC [PSYoungGen: 107233K->6416K(111616K)] 122283K->21642K(158720K), 0.0017510 secs] [Times: user=0.01 sys=0.00, real=0.00 secs] 
364.381: Total time for which application threads were stopped: 0.0019200 seconds, Stopping threads took: 0.0000910 seconds
364.567: Application time: 0.1863140 seconds
364.568: [GC [PSYoungGen: 107064K->6400K(104448K)] 122290K->21702K(151552K), 0.0019190 secs] [Times: user=0.01 sys=0.00, real=0.00 secs] 
364.570: Total time for which application threads were stopped: 0.0020930 seconds, Stopping threads took: 0.0000870 seconds
364.752: Application time: 0.1829030 seconds
364.753: [GC [PSYoungGen: 104009K->5376K(99840K)] 119312K->20678K(146944K), 0.0016410 secs] [Times: user=0.01 sys=0.00, real=0.00 secs] 
364.754: Total time for which application threads were stopped: 0.0017910 seconds, Stopping threads took: 0.0000720 seconds
364.920: Application time: 0.1656360 seconds
364.920: [GC [PSYoungGen: 98796K->6496K(97792K)] 114099K->21906K(144896K), 0.0019300 secs] [Times: user=0.02 sys=0.00, real=0.00 secs] 
364.922: Total time for which application threads were stopped: 0.0020830 seconds, Stopping threads took: 0.0000720 seconds
365.091: Application time: 0.1692030 seconds
365.091: [GC [PSYoungGen: 97375K->6432K(101376K)] 112786K->21990K(148480K), 0.0019250 secs] [Times: user=0.01 sys=0.00, real=0.00 secs] 
365.093: Total time for which application threads were stopped: 0.0020950 seconds, Stopping threads took: 0.0000830 seconds
365.258: Application time: 0.1651190 seconds
365.258: [GC [PSYoungGen: 97355K->5344K(94208K)] 112914K->20942K(141312K), 0.0016190 secs] [Times: user=0.01 sys=0.00, real=0.00 secs] 
365.260: Total time for which application threads were stopped: 0.0017560 seconds, Stopping threads took: 0.0000630 seconds
365.425: Application time: 0.1648920 seconds
365.425: [GC [PSYoungGen: 93127K->4384K(91648K)] 108726K->19982K(138752K), 0.0013760 secs] [Times: user=0.01 sys=0.00, real=0.00 secs] 
365.427: Total time for which application threads were stopped: 0.0015350 seconds, Stopping threads took: 0.0000810 seconds
365.576: Application time: 0.1496230 seconds
365.576: [GC [PSYoungGen: 88987K->6496K(94720K)] 104585K->22207K(141824K), 0.0019890 secs] [Times: user=0.02 sys=0.00, real=0.00 secs] 
365.578: Total time for which application threads were stopped: 0.0021340 seconds, Stopping threads took: 0.0000580 seconds
365.735: Application time: 0.1564290 seconds
365.735: [GC [PSYoungGen: 92000K->7472K(112128K)] 107711K->23323K(159232K), 0.0017760 secs] [Times: user=0.00 sys=0.02, real=0.00 secs] 
365.737: Total time for which application threads were stopped: 0.0019550 seconds, Stopping threads took: 0.0000920 seconds
365.924: Application time: 0.1875600 seconds
365.924: [GC [PSYoungGen: 110160K->6336K(105984K)] 126012K->22227K(153088K), 0.0016140 secs] [Times: user=0.00 sys=0.00, real=0.00 secs] 
365.926: Total time for which application threads were stopped: 0.0017850 seconds, Stopping threads took: 0.0000860 seconds
366.110: Application time: 0.1838450 seconds
366.110: [GC [PSYoungGen: 105121K->6464K(102400K)] 121012K->22355K(149504K), 0.0017860 secs] [Times: user=0.01 sys=0.01, real=0.01 secs] 
366.112: Total time for which application threads were stopped: 0.0019340 seconds, Stopping threads took: 0.0000700 seconds
366.291: Application time: 0.1794700 seconds
366.291: [GC [PSYoungGen: 102132K->4480K(97280K)] 118023K->20487K(144384K), 0.0014570 secs] [Times: user=0.01 sys=0.00, real=0.00 secs] 
366.293: Total time for which application threads were stopped: 0.0016110 seconds, Stopping threads took: 0.0000640 seconds
366.457: Application time: 0.1641950 seconds
366.457: [GC [PSYoungGen: 96441K->5376K(95232K)] 112449K->21563K(142336K), 0.0015880 secs] [Times: user=0.01 sys=0.00, real=0.00 secs] 
366.459: Total time for which application threads were stopped: 0.0017320 seconds, Stopping threads took: 0.0000680 seconds
366.627: Application time: 0.1685380 seconds
366.631: [GC [PSYoungGen: 94976K->4352K(91136K)] 111163K->20539K(138240K), 0.0014600 secs] [Times: user=0.01 sys=0.00, real=0.00 secs] 
366.633: Total time for which application threads were stopped: 0.0052630 seconds, Stopping threads took: 0.0037220 seconds
366.784: Application time: 0.1511350 seconds
366.784: [GC [PSYoungGen: 89996K->6464K(90112K)] 106184K->22651K(137216K), 0.0019810 secs] [Times: user=0.01 sys=0.00, real=0.00 secs] 
366.786: Total time for which application threads were stopped: 0.0021460 seconds, Stopping threads took: 0.0000820 seconds
366.937: Application time: 0.1513560 seconds
366.937: [GC [PSYoungGen: 88963K->6464K(93184K)] 105150K->22763K(140288K), 0.0018070 secs] [Times: user=0.01 sys=0.00, real=0.00 secs] 
366.939: Total time for which application threads were stopped: 0.0019680 seconds, Stopping threads took: 0.0000730 seconds
367.098: Application time: 0.1591660 seconds
367.099: [GC [PSYoungGen: 90641K->4320K(86528K)] 106941K->20763K(133632K), 0.0010400 secs] [Times: user=0.00 sys=0.00, real=0.00 secs] 
367.100: Total time for which application threads were stopped: 0.0011960 seconds, Stopping threads took: 0.0000750 seconds
367.244: Application time: 0.1441900 seconds
367.244: [GC [PSYoungGen: 85392K->6400K(86016K)] 101836K->22883K(133120K), 0.0019720 secs] [Times: user=0.01 sys=0.00, real=0.00 secs] 
367.246: Total time for which application threads were stopped: 0.0021300 seconds, Stopping threads took: 0.0000760 seconds
367.391: Application time: 0.1453180 seconds
367.391: [GC [PSYoungGen: 85155K->5376K(82432K)] 101639K->21859K(129536K), 0.0011540 secs] [Times: user=0.00 sys=0.00, real=0.00 secs] 
367.393: Total time for which application threads were stopped: 0.0012960 seconds, Stopping threads took: 0.0000650 seconds
367.528: Application time: 0.1357310 seconds
367.528: [GC [PSYoungGen: 81280K->6528K(99840K)] 97764K->23011K(146944K), 0.0018970 secs] [Times: user=0.01 sys=0.00, real=0.00 secs] 
367.530: Total time for which application threads were stopped: 0.0020660 seconds, Stopping threads took: 0.0000740 seconds
367.704: Application time: 0.1736200 seconds
367.704: [GC [PSYoungGen: 97664K->5424K(101376K)] 114147K->22096K(148480K), 0.0015570 secs] [Times: user=0.01 sys=0.00, real=0.00 secs] 
367.706: Total time for which application threads were stopped: 0.0017100 seconds, Stopping threads took: 0.0000690 seconds
367.868: Application time: 0.1620420 seconds
367.868: [GC [PSYoungGen: 97246K->6400K(100864K)] 113918K->23184K(147968K), 0.0018960 secs] [Times: user=0.01 sys=0.00, real=0.00 secs] 
367.870: Total time for which application threads were stopped: 0.0020510 seconds, Stopping threads took: 0.0000670 seconds
368.043: Application time: 0.1731200 seconds
368.043: [GC [PSYoungGen: 98426K->5344K(95232K)] 115211K->22128K(142336K), 0.0013410 secs] [Times: user=0.00 sys=0.00, real=0.00 secs] 
368.044: Total time for which application threads were stopped: 0.0015780 seconds, Stopping threads took: 0.0001540 seconds
368.203: Application time: 0.1582080 seconds
368.203: [GC [PSYoungGen: 94314K->6528K(93184K)] 111098K->23312K(140288K), 0.0016780 secs] [Times: user=0.00 sys=0.01, real=0.01 secs] 
368.205: Total time for which application threads were stopped: 0.0018260 seconds, Stopping threads took: 0.0000610 seconds
368.369: Application time: 0.1645230 seconds
368.369: [GC [PSYoungGen: 93056K->4400K(88064K)] 109840K->21372K(135168K), 0.0011380 secs] [Times: user=0.01 sys=0.00, real=0.00 secs] 
368.370: Total time for which application threads were stopped: 0.0012990 seconds, Stopping threads took: 0.0000830 seconds
368.518: Application time: 0.1480160 seconds
368.518: [GC [PSYoungGen: 87856K->7424K(108032K)] 104828K->24508K(155136K), 0.0022550 secs] [Times: user=0.02 sys=0.01, real=0.00 secs] 
368.521: Total time for which application threads were stopped: 0.0024240 seconds, Stopping threads took: 0.0000820 seconds
368.709: Application time: 0.1886280 seconds
368.710: [GC [PSYoungGen: 106871K->5344K(102400K)] 123956K->22428K(149504K), 0.0014880 secs] [Times: user=0.01 sys=0.00, real=0.01 secs] 
368.711: Total time for which application threads were stopped: 0.0016550 seconds, Stopping threads took: 0.0000770 seconds
368.881: Application time: 0.1699880 seconds
368.881: [GC [PSYoungGen: 102112K->6528K(99840K)] 119196K->23612K(146944K), 0.0020330 secs] [Times: user=0.01 sys=0.00, real=0.01 secs] 
368.883: Total time for which application threads were stopped: 0.0021890 seconds, Stopping threads took: 0.0000780 seconds
369.056: Application time: 0.1731450 seconds
369.057: [GC [PSYoungGen: 98947K->5376K(95744K)] 116031K->22632K(142848K), 0.0015860 secs] [Times: user=0.01 sys=0.00, real=0.00 secs] 
369.058: Total time for which application threads were stopped: 0.0017370 seconds, Stopping threads took: 0.0000660 seconds
369.219: Application time: 0.1606000 seconds
369.223: [GC [PSYoungGen: 94843K->6400K(103936K)] 112099K->23768K(151040K), 0.0018870 secs] [Times: user=0.01 sys=0.00, real=0.00 secs] 
369.225: Total time for which application threads were stopped: 0.0062990 seconds, Stopping threads took: 0.0043180 seconds
369.401: Application time: 0.1757240 seconds
369.401: [GC [PSYoungGen: 101637K->7424K(100352K)] 119006K->24792K(147456K), 0.0016820 secs] [Times: user=0.01 sys=0.00, real=0.00 secs] 
369.403: Total time for which application threads were stopped: 0.0018690 seconds, Stopping threads took: 0.0001120 seconds
369.575: Application time: 0.1727820 seconds
369.576: [GC [PSYoungGen: 99308K->4496K(94208K)] 116677K->21864K(141312K), 0.0016210 secs] [Times: user=0.01 sys=0.00, real=0.00 secs] 
369.577: Total time for which application threads were stopped: 0.0017600 seconds, Stopping threads took: 0.0000600 seconds
369.735: Application time: 0.1574420 seconds
369.735: [GC [PSYoungGen: 93912K->5408K(108544K)] 111281K->25037K(155648K), 0.0020310 secs] [Times: user=0.00 sys=0.01, real=0.00 secs] 
369.737: Total time for which application threads were stopped: 0.0022260 seconds, Stopping threads took: 0.0000960 seconds
369.931: Application time: 0.1936740 seconds
369.931: [GC [PSYoungGen: 108320K->6400K(105984K)] 127949K->26105K(153088K), 0.0018210 secs] [Times: user=0.01 sys=0.00, real=0.01 secs] 
369.933: Total time for which application threads were stopped: 0.0019890 seconds, Stopping threads took: 0.0000830 seconds
370.118: Application time: 0.1855910 seconds
370.118: [GC [PSYoungGen: 105728K->5440K(101376K)] 125433K->25145K(148480K), 0.0015300 secs] [Times: user=0.01 sys=0.00, real=0.00 secs] 
370.120: Total time for which application threads were stopped: 0.0016970 seconds, Stopping threads took: 0.0000800 seconds
370.288: Application time: 0.1678680 seconds
370.288: [GC [PSYoungGen: 101104K->7504K(107008K)] 120809K->27285K(154112K), 0.0020890 secs] [Times: user=0.01 sys=0.00, real=0.00 secs] 
370.290: Total time for which application threads were stopped: 0.0022440 seconds, Stopping threads took: 0.0000680 seconds
370.472: Application time: 0.1816270 seconds
370.472: [GC [PSYoungGen: 105306K->7424K(102912K)] 125087K->27381K(150016K), 0.0016940 secs] [Times: user=0.01 sys=0.00, real=0.00 secs] 
370.473: Total time for which application threads were stopped: 0.0018480 seconds, Stopping threads took: 0.0000720 seconds
370.650: Application time: 0.1769480 seconds
370.650: [GC [PSYoungGen: 101801K->4320K(96768K)] 121758K->24317K(143872K), 0.0015210 secs] [Times: user=0.00 sys=0.01, real=0.01 secs] 
370.652: Total time for which application threads were stopped: 0.0016800 seconds, Stopping threads took: 0.0000770 seconds
370.818: Application time: 0.1655230 seconds
370.818: [GC [PSYoungGen: 96059K->5408K(94720K)] 116057K->25405K(141824K), 0.0011570 secs] [Times: user=0.01 sys=0.00, real=0.00 secs] 
370.819: Total time for which application threads were stopped: 0.0013150 seconds, Stopping threads took: 0.0000690 seconds
370.985: Application time: 0.1660330 seconds
370.985: [GC [PSYoungGen: 93711K->7472K(93696K)] 113708K->27577K(140800K), 0.0024820 secs] [Times: user=0.01 sys=0.00, real=0.00 secs] 
370.988: Total time for which application threads were stopped: 0.0026330 seconds, Stopping threads took: 0.0000630 seconds
371.143: Application time: 0.1550230 seconds
371.143: [GC [PSYoungGen: 92790K->4352K(108032K)] 112896K->27669K(155136K), 0.0022220 secs] [Times: user=0.01 sys=0.00, real=0.01 secs] 
371.145: Total time for which application threads were stopped: 0.0023850 seconds, Stopping threads took: 0.0000710 seconds
371.340: Application time: 0.1947730 seconds
371.340: [GC [PSYoungGen: 107400K->4352K(104448K)] 130718K->27709K(151552K), 0.0012670 secs] [Times: user=0.01 sys=0.00, real=0.00 secs] 
371.341: Total time for which application threads were stopped: 0.0014230 seconds, Stopping threads took: 0.0000640 seconds
371.520: Application time: 0.1786760 seconds
371.520: [GC [PSYoungGen: 104063K->6448K(102912K)] 127421K->29806K(150016K), 0.0019150 secs] [Times: user=0.01 sys=0.00, real=0.00 secs] 
371.522: Total time for which application threads were stopped: 0.0020720 seconds, Stopping threads took: 0.0000730 seconds
371.691: Application time: 0.1694470 seconds
371.692: [GC [PSYoungGen: 101703K->7552K(106496K)] 125061K->31022K(153600K), 0.0021460 secs] [Times: user=0.02 sys=0.00, real=0.00 secs] 
371.694: Total time for which application threads were stopped: 0.0023190 seconds, Stopping threads took: 0.0000900 seconds
371.879: Application time: 0.1854980 seconds
371.879: [GC [PSYoungGen: 104150K->4320K(98304K)] 127620K->27962K(145408K), 0.0010100 secs] [Times: user=0.01 sys=0.00, real=0.00 secs] 
371.880: Total time for which application threads were stopped: 0.0011720 seconds, Stopping threads took: 0.0000720 seconds
372.049: Application time: 0.1682230 seconds
372.049: [GC [PSYoungGen: 97120K->4352K(95232K)] 120762K->27994K(142336K), 0.0013870 secs] [Times: user=0.01 sys=0.00, real=0.00 secs] 
372.050: Total time for which application threads were stopped: 0.0015240 seconds, Stopping threads took: 0.0000560 seconds
372.216: Application time: 0.1655330 seconds
372.216: [GC [PSYoungGen: 94729K->6512K(94208K)] 118371K->30154K(141312K), 0.0016110 secs] [Times: user=0.01 sys=0.00, real=0.00 secs] 
372.217: Total time for which application threads were stopped: 0.0018000 seconds, Stopping threads took: 0.0001000 seconds
372.373: Application time: 0.1555620 seconds
372.373: [GC [PSYoungGen: 93868K->6448K(91136K)] 117511K->30270K(138240K), 0.0021280 secs] [Times: user=0.00 sys=0.01, real=0.00 secs] 
372.375: Total time for which application threads were stopped: 0.0022980 seconds, Stopping threads took: 0.0000880 seconds
372.537: Application time: 0.1618730 seconds
372.537: [GC [PSYoungGen: 90514K->3328K(85504K)] 114336K->27262K(132608K), 0.0011290 secs] [Times: user=0.01 sys=0.00, real=0.00 secs] 
372.538: Total time for which application threads were stopped: 0.0012870 seconds, Stopping threads took: 0.0000740 seconds
372.684: Application time: 0.1457280 seconds
372.684: [GC [PSYoungGen: 84891K->6368K(86016K)] 108826K->30302K(133120K), 0.0019990 secs] [Times: user=0.01 sys=0.00, real=0.00 secs] 
372.686: Total time for which application threads were stopped: 0.0021520 seconds, Stopping threads took: 0.0000680 seconds
372.828: Application time: 0.1419730 seconds
372.828: [GC [PSYoungGen: 85259K->7488K(101376K)] 109194K->31422K(148480K), 0.0021600 secs] [Times: user=0.01 sys=0.00, real=0.00 secs] 
372.831: Total time for which application threads were stopped: 0.0023120 seconds, Stopping threads took: 0.0000670 seconds
373.005: Application time: 0.1740710 seconds
373.005: [GC [PSYoungGen: 99356K->3424K(93184K)] 123290K->27482K(140288K), 0.0010910 secs] [Times: user=0.01 sys=0.00, real=0.00 secs] 
373.006: Total time for which application threads were stopped: 0.0012530 seconds, Stopping threads took: 0.0000890 seconds
373.165: Application time: 0.1589180 seconds
373.165: [GC [PSYoungGen: 92589K->5376K(92160K)] 116648K->29614K(139264K), 0.0016880 secs] [Times: user=0.01 sys=0.00, real=0.00 secs] 
373.167: Total time for which application threads were stopped: 0.0018470 seconds, Stopping threads took: 0.0000670 seconds
373.327: Application time: 0.1604700 seconds
373.327: [GC [PSYoungGen: 91870K->5376K(89088K)] 116108K->29614K(136192K), 0.0016450 secs] [Times: user=0.01 sys=0.00, real=0.00 secs] 
373.329: Total time for which application threads were stopped: 0.0017890 seconds, Stopping threads took: 0.0000630 seconds
373.484: Application time: 0.1553060 seconds
373.484: [GC [PSYoungGen: 88832K->5408K(86528K)] 113070K->29646K(133632K), 0.0016350 secs] [Times: user=0.00 sys=0.00, real=0.00 secs] 
373.486: Total time for which application threads were stopped: 0.0017850 seconds, Stopping threads took: 0.0000690 seconds
373.630: Application time: 0.1435180 seconds
373.630: [GC [PSYoungGen: 85675K->7520K(89600K)] 109914K->31867K(136704K), 0.0020940 secs] [Times: user=0.02 sys=0.00, real=0.01 secs] 
373.632: Total time for which application threads were stopped: 0.0022490 seconds, Stopping threads took: 0.0000700 seconds
373.777: Application time: 0.1453670 seconds
373.777: [GC [PSYoungGen: 88264K->7424K(106496K)] 112611K->31911K(153600K), 0.0016680 secs] [Times: user=0.00 sys=0.00, real=0.00 secs] 
373.779: Total time for which application threads were stopped: 0.0018210 seconds, Stopping threads took: 0.0000590 seconds
373.961: Application time: 0.1816050 seconds
373.961: [GC [PSYoungGen: 104082K->7392K(106496K)] 128570K->31919K(153600K), 0.0019210 secs] [Times: user=0.01 sys=0.00, real=0.00 secs] 
373.963: Total time for which application threads were stopped: 0.0020820 seconds, Stopping threads took: 0.0000800 seconds
374.144: Application time: 0.1808400 seconds
374.144: [GC [PSYoungGen: 104068K->5376K(99328K)] 128595K->29903K(146432K), 0.0013060 secs] [Times: user=0.01 sys=0.00, real=0.00 secs] 
374.145: Total time for which application threads were stopped: 0.0014530 seconds, Stopping threads took: 0.0000770 seconds
374.308: Application time: 0.1633130 seconds
374.308: [GC [PSYoungGen: 98302K->6512K(97280K)] 122829K->31111K(144384K), 0.0016570 secs] [Times: user=0.01 sys=0.00, real=0.00 secs] 
374.310: Total time for which application threads were stopped: 0.0018180 seconds, Stopping threads took: 0.0000670 seconds
374.484: Application time: 0.1739270 seconds
374.484: [GC [PSYoungGen: 96135K->4352K(92160K)] 120734K->29127K(139264K), 0.0011050 secs] [Times: user=0.01 sys=0.00, real=0.00 secs] 
374.485: Total time for which application threads were stopped: 0.0012500 seconds, Stopping threads took: 0.0000620 seconds
374.637: Application time: 0.1514530 seconds
374.637: [GC [PSYoungGen: 91104K->7424K(113152K)] 115880K->32239K(160256K), 0.0022390 secs] [Times: user=0.01 sys=0.00, real=0.00 secs] 
374.639: Total time for which application threads were stopped: 0.0024130 seconds, Stopping threads took: 0.0000820 seconds
374.837: Application time: 0.1973610 seconds
374.837: [GC [PSYoungGen: 112859K->5440K(107520K)] 137674K->30255K(154624K), 0.0017190 secs] [Times: user=0.01 sys=0.00, real=0.00 secs] 
374.838: Total time for which application threads were stopped: 0.0018730 seconds, Stopping threads took: 0.0000680 seconds
375.027: Application time: 0.1881240 seconds
375.027: [GC [PSYoungGen: 107328K->5472K(103936K)] 132143K->30399K(151040K), 0.0018780 secs] [Times: user=0.01 sys=0.00, real=0.00 secs] 
375.029: Total time for which application threads were stopped: 0.0020390 seconds, Stopping threads took: 0.0000780 seconds
375.211: Application time: 0.1820290 seconds
375.211: [GC [PSYoungGen: 103193K->4352K(99840K)] 128121K->29447K(146944K), 0.0014470 secs] [Times: user=0.01 sys=0.00, real=0.01 secs] 
375.212: Total time for which application threads were stopped: 0.0015860 seconds, Stopping threads took: 0.0000610 seconds
375.381: Application time: 0.1686980 seconds
375.381: [GC [PSYoungGen: 98246K->5344K(97280K)] 123341K->30439K(144384K), 0.0016660 secs] [Times: user=0.01 sys=0.00, real=0.00 secs] 
375.383: Total time for which application threads were stopped: 0.0018100 seconds, Stopping threads took: 0.0000560 seconds
375.554: Application time: 0.1710020 seconds
375.554: [GC [PSYoungGen: 96992K->4432K(94208K)] 122087K->29527K(141312K), 0.0013730 secs] [Times: user=0.01 sys=0.00, real=0.00 secs] 
375.555: Total time for which application threads were stopped: 0.0015280 seconds, Stopping threads took: 0.0000720 seconds
375.712: Application time: 0.1564520 seconds
375.712: [GC [PSYoungGen: 92006K->6528K(92160K)] 117101K->31767K(139264K), 0.0021430 secs] [Times: user=0.01 sys=0.00, real=0.00 secs] 
375.714: Total time for which application threads were stopped: 0.0023360 seconds, Stopping threads took: 0.0001060 seconds
375.867: Application time: 0.1524280 seconds
375.867: [GC [PSYoungGen: 91486K->6368K(94208K)] 116726K->31748K(141312K), 0.0019310 secs] [Times: user=0.01 sys=0.00, real=0.00 secs] 
375.869: Total time for which application threads were stopped: 0.0020970 seconds, Stopping threads took: 0.0000820 seconds
376.034: Application time: 0.1657060 seconds
376.034: [GC [PSYoungGen: 92878K->4320K(88064K)] 118259K->29700K(135168K), 0.0013610 secs] [Times: user=0.00 sys=0.00, real=0.00 secs] 
376.036: Total time for which application threads were stopped: 0.0015230 seconds, Stopping threads took: 0.0000780 seconds
376.186: Application time: 0.1496890 seconds
376.186: [GC [PSYoungGen: 86964K->6464K(92160K)] 112344K->31844K(139264K), 0.0019720 secs] [Times: user=0.01 sys=0.00, real=0.00 secs] 
376.188: Total time for which application threads were stopped: 0.0021340 seconds, Stopping threads took: 0.0000810 seconds
376.336: Application time: 0.1480550 seconds
376.336: [GC [PSYoungGen: 89696K->5456K(92160K)] 115076K->30944K(139264K), 0.0017530 secs] [Times: user=0.01 sys=0.00, real=0.00 secs] 
376.338: Total time for which application threads were stopped: 0.0019040 seconds, Stopping threads took: 0.0000680 seconds
376.369: Application time: 0.0311810 seconds
376.369: Total time for which application threads were stopped: 0.0001100 seconds, Stopping threads took: 0.0000800 seconds
376.500: Application time: 0.1313000 seconds
376.500: [GC [PSYoungGen: 88225K->4352K(85504K)] 113713K->29984K(132608K), 0.0011130 secs] [Times: user=0.01 sys=0.00, real=0.00 secs] 
376.502: Total time for which application threads were stopped: 0.0012620 seconds, Stopping threads took: 0.0000690 seconds
376.641: Application time: 0.1397520 seconds
376.641: Total time for which application threads were stopped: 0.0000830 seconds, Stopping threads took: 0.0000440 seconds
376.658: Application time: 0.0162030 seconds
376.658: [GC [PSYoungGen: 84475K->3328K(81920K)] 110107K->28968K(129024K), 0.0012410 secs] [Times: user=0.01 sys=0.00, real=0.00 secs] 
376.659: Total time for which application threads were stopped: 0.0013950 seconds, Stopping threads took: 0.0000790 seconds
376.767: Application time: 0.1082700 seconds
376.767: Total time for which application threads were stopped: 0.0000810 seconds, Stopping threads took: 0.0000460 seconds
376.786: Application time: 0.0182670 seconds
376.786: Total time for which application threads were stopped: 0.0000680 seconds, Stopping threads took: 0.0000380 seconds
376.806: Application time: 0.0205400 seconds
376.806: Total time for which application threads were stopped: 0.0000670 seconds, Stopping threads took: 0.0000360 seconds
376.842: Application time: 0.0356010 seconds
376.842: [GC [PSYoungGen: 80921K->2208K(78336K)] 106561K->27856K(125440K), 0.0007770 secs] [Times: user=0.00 sys=0.00, real=0.00 secs] 
376.843: Total time for which application threads were stopped: 0.0008900 seconds, Stopping threads took: 0.0000370 seconds
376.868: Application time: 0.0249820 seconds
376.868: Total time for which application threads were stopped: 0.0000690 seconds, Stopping threads took: 0.0000380 seconds
376.890: Application time: 0.0219060 seconds
376.890: Total time for which application threads were stopped: 0.0000520 seconds, Stopping threads took: 0.0000240 seconds
376.941: Application time: 0.0508270 seconds
376.941: Total time for which application threads were stopped: 0.0000670 seconds, Stopping threads took: 0.0000140 seconds
376.961: Application time: 0.0203850 seconds
376.961: Total time for which application threads were stopped: 0.0000840 seconds, Stopping threads took: 0.0000190 seconds
376.969: Application time: 0.0077820 seconds
376.969: Total time for which application threads were stopped: 0.0000520 seconds, Stopping threads took: 0.0000180 seconds
377.754: Application time: 0.7851230 seconds
377.754: Total time for which application threads were stopped: 0.0000890 seconds, Stopping threads took: 0.0000140 seconds
377.756: Application time: 0.0017550 seconds
377.756: Total time for which application threads were stopped: 0.0000240 seconds, Stopping threads took: 0.0000100 seconds
Heap
 PSYoungGen      total 78336K, used 72810K [0x00000000d7480000, 0x00000000dd980000, 0x0000000100000000)
  eden space 75776K, 93% used [0x00000000d7480000,0x00000000db972a68,0x00000000dbe80000)
  from space 2560K, 86% used [0x00000000dd700000,0x00000000dd928020,0x00000000dd980000)
  to   space 8704K, 0% used [0x00000000dc880000,0x00000000dc880000,0x00000000dd100000)
 ParOldGen       total 47104K, used 25648K [0x0000000085e00000, 0x0000000088c00000, 0x00000000d7480000)
  object space 47104K, 54% used [0x0000000085e00000,0x000000008770c150,0x0000000088c00000)
 PSPermGen       total 21504K, used 13250K [0x0000000080c00000, 0x0000000082100000, 0x0000000085e00000)
  object space 21504K, 61% used [0x0000000080c00000,0x00000000818f09f8,0x0000000082100000)
377.756: Application time: 0.0001510 seconds
