Java HotSpot(TM) 64-Bit Server VM (24.80-b11) for linux-amd64 JRE (1.7.0_80-b15), built on Apr 10 2015 19:53:14 by "java_re" with gcc 4.3.0 20080428 (Red Hat 4.3.0-8)
Memory: 4k page, physical 8000092k(6068716k free), swap 8218620k(8218620k free)
CommandLine flags: -XX:+CMSParallelRemarkEnabled -XX:InitialHeapSize=128001472 -XX:MaxHeapSize=2048023552 -XX:+PrintGC -XX:+PrintGCApplicationConcurrentTime -XX:+PrintGCApplicationStoppedTime -XX:+PrintGCDetails -XX:+PrintGCTimeStamps -XX:+UseCompressedOops -XX:+UseParallelGC 
1.008: Application time: 0.9853460 seconds
1.008: Total time for which application threads were stopped: 0.0000430 seconds, Stopping threads took: 0.0000100 seconds
4.029: Application time: 3.0200550 seconds
4.029: Total time for which application threads were stopped: 0.0000660 seconds, Stopping threads took: 0.0000100 seconds
14.703: Application time: 10.6739200 seconds
14.703: Total time for which application threads were stopped: 0.0000210 seconds, Stopping threads took: 0.0000070 seconds
14.703: Application time: 0.0000620 seconds
14.703: Total time for which application threads were stopped: 0.0000340 seconds, Stopping threads took: 0.0000180 seconds
14.704: Application time: 0.0014720 seconds
14.704: Total time for which application threads were stopped: 0.0000100 seconds, Stopping threads took: 0.0000040 seconds
14.723: Application time: 0.0184840 seconds
14.723: Total time for which application threads were stopped: 0.0000400 seconds, Stopping threads took: 0.0000100 seconds
14.737: Application time: 0.0140490 seconds
14.737: [GC [PSYoungGen: 11289K->3286K(36864K)] 11289K->3294K(119808K), 0.0024440 secs] [Times: user=0.00 sys=0.01, real=0.01 secs] 
14.739: [Full GC [PSYoungGen: 3286K->0K(36864K)] [ParOldGen: 8K->3145K(82944K)] 3294K->3145K(119808K) [PSPermGen: 5075K->5074K(21504K)], 0.0107030 secs] [Times: user=0.02 sys=0.02, real=0.01 secs] 
14.750: Total time for which application threads were stopped: 0.0132760 seconds, Stopping threads took: 0.0000180 seconds
14.750: Application time: 0.0000330 seconds
14.750: [GC [PSYoungGen: 0K->0K(36864K)] 3145K->3145K(119808K), 0.0003430 secs] [Times: user=0.00 sys=0.00, real=0.00 secs] 
14.750: [Full GC [PSYoungGen: 0K->0K(36864K)] [ParOldGen: 3145K->3145K(82944K)] 3145K->3145K(119808K) [PSPermGen: 5074K->5074K(21504K)], 0.0040490 secs] [Times: user=0.02 sys=0.00, real=0.00 secs] 
14.755: Total time for which application threads were stopped: 0.0044790 seconds, Stopping threads took: 0.0000050 seconds
14.755: Application time: 0.0001280 seconds
14.755: Total time for which application threads were stopped: 0.0000290 seconds, Stopping threads took: 0.0000150 seconds
14.755: Application time: 0.0000160 seconds
14.755: Total time for which application threads were stopped: 0.0000200 seconds, Stopping threads took: 0.0000140 seconds
14.755: Application time: 0.0000430 seconds
14.755: Total time for which application threads were stopped: 0.0000220 seconds, Stopping threads took: 0.0000150 seconds
14.755: Application time: 0.0000130 seconds
14.755: Total time for which application threads were stopped: 0.0000260 seconds, Stopping threads took: 0.0000190 seconds
14.755: Application time: 0.0000120 seconds
14.755: Total time for which application threads were stopped: 0.0000210 seconds, Stopping threads took: 0.0000130 seconds
14.755: Application time: 0.0000250 seconds
14.755: Total time for which application threads were stopped: 0.0000190 seconds, Stopping threads took: 0.0000130 seconds
14.755: Application time: 0.0000130 seconds
14.755: Total time for which application threads were stopped: 0.0000100 seconds, Stopping threads took: 0.0000050 seconds
14.755: Application time: 0.0000180 seconds
14.755: Total time for which application threads were stopped: 0.0000380 seconds, Stopping threads took: 0.0000310 seconds
14.755: Application time: 0.0000170 seconds
14.755: Total time for which application threads were stopped: 0.0000210 seconds, Stopping threads took: 0.0000150 seconds
14.755: Application time: 0.0000170 seconds
14.755: Total time for which application threads were stopped: 0.0000200 seconds, Stopping threads took: 0.0000150 seconds
14.755: Application time: 0.0000160 seconds
14.755: Total time for which application threads were stopped: 0.0000200 seconds, Stopping threads took: 0.0000130 seconds
14.755: Application time: 0.0000150 seconds
14.755: Total time for which application threads were stopped: 0.0000170 seconds, Stopping threads took: 0.0000110 seconds
14.755: Application time: 0.0000160 seconds
14.755: Total time for which application threads were stopped: 0.0000160 seconds, Stopping threads took: 0.0000100 seconds
14.755: Application time: 0.0000150 seconds
14.755: Total time for which application threads were stopped: 0.0000160 seconds, Stopping threads took: 0.0000100 seconds
14.755: Application time: 0.0000160 seconds
14.755: Total time for which application threads were stopped: 0.0000150 seconds, Stopping threads took: 0.0000090 seconds
14.755: Application time: 0.0000160 seconds
14.755: Total time for which application threads were stopped: 0.0000150 seconds, Stopping threads took: 0.0000090 seconds
14.755: Application time: 0.0000160 seconds
14.755: Total time for which application threads were stopped: 0.0000170 seconds, Stopping threads took: 0.0000100 seconds
14.755: Application time: 0.0000150 seconds
14.755: Total time for which application threads were stopped: 0.0000160 seconds, Stopping threads took: 0.0000100 seconds
14.755: Application time: 0.0000150 seconds
14.755: Total time for which application threads were stopped: 0.0000160 seconds, Stopping threads took: 0.0000100 seconds
14.755: Application time: 0.0000150 seconds
14.755: Total time for which application threads were stopped: 0.0000220 seconds, Stopping threads took: 0.0000040 seconds
14.756: Application time: 0.0003560 seconds
14.756: Total time for which application threads were stopped: 0.0000260 seconds, Stopping threads took: 0.0000150 seconds
14.758: Application time: 0.0021810 seconds
14.758: Total time for which application threads were stopped: 0.0000080 seconds, Stopping threads took: 0.0000040 seconds
14.758: Application time: 0.0003180 seconds
14.758: Total time for which application threads were stopped: 0.0000040 seconds, Stopping threads took: 0.0000020 seconds
14.867: Application time: 0.1083200 seconds
14.867: [GC [PSYoungGen: 31744K->5093K(36864K)] 34889K->9601K(119808K), 0.0032270 secs] [Times: user=0.01 sys=0.01, real=0.00 secs] 
14.870: Total time for which application threads were stopped: 0.0033320 seconds, Stopping threads took: 0.0000150 seconds
14.870: Application time: 0.0000700 seconds
14.870: Total time for which application threads were stopped: 0.0000280 seconds, Stopping threads took: 0.0000170 seconds
14.870: Application time: 0.0000350 seconds
14.870: Total time for which application threads were stopped: 0.0000150 seconds, Stopping threads took: 0.0000080 seconds
14.870: Application time: 0.0000560 seconds
14.870: Total time for which application threads were stopped: 0.0000280 seconds, Stopping threads took: 0.0000180 seconds
14.870: Application time: 0.0000280 seconds
14.870: Total time for which application threads were stopped: 0.0000140 seconds, Stopping threads took: 0.0000100 seconds
14.870: Application time: 0.0000250 seconds
14.870: Total time for which application threads were stopped: 0.0000150 seconds, Stopping threads took: 0.0000090 seconds
14.870: Application time: 0.0000110 seconds
14.870: Total time for which application threads were stopped: 0.0000130 seconds, Stopping threads took: 0.0000090 seconds
14.870: Application time: 0.0000100 seconds
14.870: Total time for which application threads were stopped: 0.0000100 seconds, Stopping threads took: 0.0000050 seconds
14.870: Application time: 0.0000090 seconds
14.870: Total time for which application threads were stopped: 0.0000140 seconds, Stopping threads took: 0.0000090 seconds
14.870: Application time: 0.0000080 seconds
14.870: Total time for which application threads were stopped: 0.0000210 seconds, Stopping threads took: 0.0000120 seconds
14.870: Application time: 0.0000100 seconds
14.870: Total time for which application threads were stopped: 0.0000140 seconds, Stopping threads took: 0.0000100 seconds
14.870: Application time: 0.0000090 seconds
14.870: Total time for which application threads were stopped: 0.0000130 seconds, Stopping threads took: 0.0000090 seconds
14.870: Application time: 0.0000080 seconds
14.870: Total time for which application threads were stopped: 0.0000130 seconds, Stopping threads took: 0.0000090 seconds
14.870: Application time: 0.0000080 seconds
14.870: Total time for which application threads were stopped: 0.0000100 seconds, Stopping threads took: 0.0000050 seconds
14.870: Application time: 0.0000090 seconds
14.870: Total time for which application threads were stopped: 0.0000120 seconds, Stopping threads took: 0.0000080 seconds
14.870: Application time: 0.0000090 seconds
14.871: Total time for which application threads were stopped: 0.0000140 seconds, Stopping threads took: 0.0000080 seconds
14.871: Application time: 0.0000100 seconds
14.871: Total time for which application threads were stopped: 0.0000150 seconds, Stopping threads took: 0.0000110 seconds
14.871: Application time: 0.0000080 seconds
14.871: Total time for which application threads were stopped: 0.0000170 seconds, Stopping threads took: 0.0000090 seconds
14.871: Application time: 0.0000090 seconds
14.871: Total time for which application threads were stopped: 0.0000130 seconds, Stopping threads took: 0.0000090 seconds
14.871: Application time: 0.0000090 seconds
14.871: Total time for which application threads were stopped: 0.0000130 seconds, Stopping threads took: 0.0000090 seconds
14.871: Application time: 0.0000080 seconds
14.871: Total time for which application threads were stopped: 0.0000130 seconds, Stopping threads took: 0.0000090 seconds
14.871: Application time: 0.0000090 seconds
14.871: Total time for which application threads were stopped: 0.0000070 seconds, Stopping threads took: 0.0000040 seconds
14.871: Application time: 0.0000090 seconds
14.871: Total time for which application threads were stopped: 0.0000140 seconds, Stopping threads took: 0.0000100 seconds
14.871: Application time: 0.0000080 seconds
14.871: Total time for which application threads were stopped: 0.0000150 seconds, Stopping threads took: 0.0000090 seconds
14.871: Application time: 0.0000090 seconds
14.871: Total time for which application threads were stopped: 0.0000080 seconds, Stopping threads took: 0.0000050 seconds
14.871: Application time: 0.0000090 seconds
14.871: Total time for which application threads were stopped: 0.0000150 seconds, Stopping threads took: 0.0000090 seconds
14.871: Application time: 0.0000090 seconds
14.871: Total time for which application threads were stopped: 0.0000170 seconds, Stopping threads took: 0.0000130 seconds
14.871: Application time: 0.0000090 seconds
14.871: Total time for which application threads were stopped: 0.0000070 seconds, Stopping threads took: 0.0000040 seconds
14.871: Application time: 0.0000090 seconds
14.871: Total time for which application threads were stopped: 0.0000160 seconds, Stopping threads took: 0.0000120 seconds
14.871: Application time: 0.0000080 seconds
14.871: Total time for which application threads were stopped: 0.0000170 seconds, Stopping threads took: 0.0000080 seconds
14.871: Application time: 0.0000400 seconds
14.871: Total time for which application threads were stopped: 0.0000170 seconds, Stopping threads took: 0.0000100 seconds
14.871: Application time: 0.0000110 seconds
14.871: Total time for which application threads were stopped: 0.0000140 seconds, Stopping threads took: 0.0000090 seconds
14.871: Application time: 0.0000120 seconds
14.871: Total time for which application threads were stopped: 0.0000160 seconds, Stopping threads took: 0.0000110 seconds
14.871: Application time: 0.0000110 seconds
14.871: Total time for which application threads were stopped: 0.0000150 seconds, Stopping threads took: 0.0000090 seconds
14.871: Application time: 0.0000090 seconds
14.871: Total time for which application threads were stopped: 0.0000140 seconds, Stopping threads took: 0.0000080 seconds
14.871: Application time: 0.0000100 seconds
14.871: Total time for which application threads were stopped: 0.0000140 seconds, Stopping threads took: 0.0000090 seconds
14.871: Application time: 0.0000100 seconds
14.871: Total time for which application threads were stopped: 0.0000150 seconds, Stopping threads took: 0.0000090 seconds
14.871: Application time: 0.0000280 seconds
14.871: Total time for which application threads were stopped: 0.0000170 seconds, Stopping threads took: 0.0000110 seconds
14.871: Application time: 0.0000100 seconds
14.871: Total time for which application threads were stopped: 0.0000080 seconds, Stopping threads took: 0.0000030 seconds
14.871: Application time: 0.0000110 seconds
14.871: Total time for which application threads were stopped: 0.0000130 seconds, Stopping threads took: 0.0000060 seconds
14.975: Application time: 0.1040880 seconds
14.975: [GC [PSYoungGen: 36837K->5088K(68608K)] 41345K->10876K(151552K), 0.0035730 secs] [Times: user=0.00 sys=0.00, real=0.01 secs] 
14.979: Total time for which application threads were stopped: 0.0036840 seconds, Stopping threads took: 0.0000200 seconds
14.979: Application time: 0.0000810 seconds
14.979: Total time for which application threads were stopped: 0.0000650 seconds, Stopping threads took: 0.0000460 seconds
14.979: Application time: 0.0000190 seconds
14.979: Total time for which application threads were stopped: 0.0000360 seconds, Stopping threads took: 0.0000280 seconds
14.979: Application time: 0.0000140 seconds
14.979: Total time for which application threads were stopped: 0.0000190 seconds, Stopping threads took: 0.0000110 seconds
14.979: Application time: 0.0000180 seconds
14.979: Total time for which application threads were stopped: 0.0000190 seconds, Stopping threads took: 0.0000110 seconds
14.979: Application time: 0.0000120 seconds
14.979: Total time for which application threads were stopped: 0.0000220 seconds, Stopping threads took: 0.0000150 seconds
14.979: Application time: 0.0000130 seconds
14.979: Total time for which application threads were stopped: 0.0000250 seconds, Stopping threads took: 0.0000140 seconds
14.979: Application time: 0.0000140 seconds
14.979: Total time for which application threads were stopped: 0.0000220 seconds, Stopping threads took: 0.0000140 seconds
14.979: Application time: 0.0000240 seconds
14.979: Total time for which application threads were stopped: 0.0000220 seconds, Stopping threads took: 0.0000140 seconds
14.979: Application time: 0.0000180 seconds
14.979: Total time for which application threads were stopped: 0.0000330 seconds, Stopping threads took: 0.0000120 seconds
14.979: Application time: 0.0000150 seconds
14.979: Total time for which application threads were stopped: 0.0000220 seconds, Stopping threads took: 0.0000120 seconds
14.979: Application time: 0.0000170 seconds
14.979: Total time for which application threads were stopped: 0.0000200 seconds, Stopping threads took: 0.0000120 seconds
14.979: Application time: 0.0000160 seconds
14.980: Total time for which application threads were stopped: 0.0000260 seconds, Stopping threads took: 0.0000120 seconds
14.980: Application time: 0.0000170 seconds
14.980: Total time for which application threads were stopped: 0.0000220 seconds, Stopping threads took: 0.0000150 seconds
14.980: Application time: 0.0000150 seconds
14.980: Total time for which application threads were stopped: 0.0000210 seconds, Stopping threads took: 0.0000140 seconds
14.980: Application time: 0.0000140 seconds
14.980: Total time for which application threads were stopped: 0.0000280 seconds, Stopping threads took: 0.0000150 seconds
14.980: Application time: 0.0000220 seconds
14.980: Total time for which application threads were stopped: 0.0000190 seconds, Stopping threads took: 0.0000120 seconds
14.980: Application time: 0.0000170 seconds
14.980: Total time for which application threads were stopped: 0.0000210 seconds, Stopping threads took: 0.0000140 seconds
14.980: Application time: 0.0000170 seconds
14.980: Total time for which application threads were stopped: 0.0000220 seconds, Stopping threads took: 0.0000140 seconds
14.980: Application time: 0.0000130 seconds
14.980: Total time for which application threads were stopped: 0.0000300 seconds, Stopping threads took: 0.0000220 seconds
14.980: Application time: 0.0000180 seconds
14.980: Total time for which application threads were stopped: 0.0000330 seconds, Stopping threads took: 0.0000110 seconds
15.141: Application time: 0.1613590 seconds
15.141: Total time for which application threads were stopped: 0.0000580 seconds, Stopping threads took: 0.0000090 seconds
15.524: Application time: 0.3827060 seconds
15.524: [GC [PSYoungGen: 68576K->5105K(68608K)] 74364K->26665K(151552K), 0.0087220 secs] [Times: user=0.05 sys=0.00, real=0.01 secs] 
15.533: Total time for which application threads were stopped: 0.0088810 seconds, Stopping threads took: 0.0000110 seconds
15.908: Application time: 0.3753910 seconds
15.908: [GC [PSYoungGen: 68593K->5111K(132096K)] 90153K->48189K(215040K), 0.0121300 secs] [Times: user=0.07 sys=0.02, real=0.01 secs] 
15.921: Total time for which application threads were stopped: 0.0122730 seconds, Stopping threads took: 0.0000170 seconds
16.158: Application time: 0.2370010 seconds
16.158: Total time for which application threads were stopped: 0.0000810 seconds, Stopping threads took: 0.0000150 seconds
16.526: Application time: 0.3679890 seconds
16.526: Total time for which application threads were stopped: 0.0001210 seconds, Stopping threads took: 0.0000440 seconds
16.995: Application time: 0.4689510 seconds
16.995: Total time for which application threads were stopped: 0.0001300 seconds, Stopping threads took: 0.0000250 seconds
17.340: Application time: 0.3452930 seconds
17.340: Total time for which application threads were stopped: 0.0001760 seconds, Stopping threads took: 0.0000380 seconds
17.348: Application time: 0.0073360 seconds
17.348: Total time for which application threads were stopped: 0.0000820 seconds, Stopping threads took: 0.0000620 seconds
17.419: Application time: 0.0717300 seconds
17.423: [GC [PSYoungGen: 132087K->5117K(132096K)] 175165K->71638K(215040K), 0.0138670 secs] [Times: user=0.08 sys=0.03, real=0.01 secs] 
17.436: [Full GC [PSYoungGen: 5117K->0K(132096K)] [ParOldGen: 66521K->46362K(121344K)] 71638K->46362K(253440K) [PSPermGen: 8564K->8556K(21504K)], 0.0575150 secs] [Times: user=0.34 sys=0.00, real=0.06 secs] 
17.494: Total time for which application threads were stopped: 0.0745480 seconds, Stopping threads took: 0.0029920 seconds
17.518: Application time: 0.0243940 seconds
17.519: Total time for which application threads were stopped: 0.0001550 seconds, Stopping threads took: 0.0001120 seconds
17.519: Application time: 0.0000330 seconds
17.519: Total time for which application threads were stopped: 0.0000520 seconds, Stopping threads took: 0.0000430 seconds
17.519: Application time: 0.0000140 seconds
17.519: Total time for which application threads were stopped: 0.0000290 seconds, Stopping threads took: 0.0000220 seconds
17.519: Application time: 0.0000210 seconds
17.519: Total time for which application threads were stopped: 0.0000400 seconds, Stopping threads took: 0.0000290 seconds
17.519: Application time: 0.0000180 seconds
17.519: Total time for which application threads were stopped: 0.0000320 seconds, Stopping threads took: 0.0000250 seconds
17.519: Application time: 0.0000140 seconds
17.519: Total time for which application threads were stopped: 0.0000290 seconds, Stopping threads took: 0.0000230 seconds
17.519: Application time: 0.0000130 seconds
17.519: Total time for which application threads were stopped: 0.0000270 seconds, Stopping threads took: 0.0000210 seconds
17.519: Application time: 0.0000110 seconds
17.519: Total time for which application threads were stopped: 0.0000290 seconds, Stopping threads took: 0.0000220 seconds
17.519: Application time: 0.0000100 seconds
17.519: Total time for which application threads were stopped: 0.0000240 seconds, Stopping threads took: 0.0000180 seconds
17.519: Application time: 0.0000140 seconds
17.519: Total time for which application threads were stopped: 0.0000250 seconds, Stopping threads took: 0.0000180 seconds
17.519: Application time: 0.0000160 seconds
17.519: Total time for which application threads were stopped: 0.0000290 seconds, Stopping threads took: 0.0000230 seconds
17.519: Application time: 0.0000130 seconds
17.519: Total time for which application threads were stopped: 0.0000270 seconds, Stopping threads took: 0.0000210 seconds
17.636: Application time: 0.1164510 seconds
17.636: [GC [PSYoungGen: 126976K->35299K(242688K)] 173338K->90648K(364032K), 0.0166070 secs] [Times: user=0.12 sys=0.01, real=0.02 secs] 
17.652: Total time for which application threads were stopped: 0.0167780 seconds, Stopping threads took: 0.0000590 seconds
17.973: Application time: 0.3206190 seconds
17.973: [GC [PSYoungGen: 242659K->46576K(278016K)] 298008K->166903K(399360K), 0.0563280 secs] [Times: user=0.41 sys=0.03, real=0.06 secs] 
18.030: [Full GC [PSYoungGen: 46576K->37945K(278016K)] [ParOldGen: 120327K->121300K(249344K)] 166903K->159245K(527360K) [PSPermGen: 8622K->8621K(21504K)], 0.2329600 secs] [Times: user=1.76 sys=0.00, real=0.23 secs] 
18.263: Total time for which application threads were stopped: 0.2896090 seconds, Stopping threads took: 0.0000890 seconds
19.090: Application time: 0.8274660 seconds
19.090: [GC [PSYoungGen: 269369K->59424K(352256K)] 390669K->180724K(601600K), 0.0414330 secs] [Times: user=0.31 sys=0.01, real=0.04 secs] 
19.132: Total time for which application threads were stopped: 0.0417280 seconds, Stopping threads took: 0.0000750 seconds
19.943: Application time: 0.8109080 seconds
19.943: [GC [PSYoungGen: 351776K->76848K(417280K)] 473076K->198148K(666624K), 0.0497380 secs] [Times: user=0.38 sys=0.02, real=0.05 secs] 
19.993: Total time for which application threads were stopped: 0.0500520 seconds, Stopping threads took: 0.0000740 seconds
20.319: Application time: 0.3267810 seconds
20.323: [GC [PSYoungGen: 406064K->99296K(399360K)] 527364K->277153K(648704K), 0.0891780 secs] [Times: user=0.67 sys=0.02, real=0.09 secs] 
20.412: Total time for which application threads were stopped: 0.0923630 seconds, Stopping threads took: 0.0029750 seconds
20.951: Application time: 0.5389910 seconds
20.951: [GC [PSYoungGen: 399328K->133120K(437760K)] 577185K->312081K(687104K), 0.0764780 secs] [Times: user=0.59 sys=0.01, real=0.08 secs] 
21.028: Total time for which application threads were stopped: 0.0767510 seconds, Stopping threads took: 0.0000660 seconds
21.652: Application time: 0.6245890 seconds
21.652: [GC [PSYoungGen: 433152K->118055K(481280K)] 612113K->297016K(730624K), 0.0713210 secs] [Times: user=0.54 sys=0.03, real=0.07 secs] 
21.724: Total time for which application threads were stopped: 0.0716260 seconds, Stopping threads took: 0.0000890 seconds
21.956: Application time: 0.2324250 seconds
21.956: [GC [PSYoungGen: 439079K->168193K(489472K)] 618040K->347153K(738816K), 0.0916170 secs] [Times: user=0.71 sys=0.00, real=0.10 secs] 
22.048: Total time for which application threads were stopped: 0.0918620 seconds, Stopping threads took: 0.0000570 seconds
22.455: Application time: 0.4065990 seconds
22.455: [GC [PSYoungGen: 489217K->177633K(400384K)] 668177K->370090K(649728K), 0.1026510 secs] [Times: user=0.80 sys=0.01, real=0.10 secs] 
22.558: Total time for which application threads were stopped: 0.1029090 seconds, Stopping threads took: 0.0000870 seconds
22.795: Application time: 0.2369200 seconds
22.795: [GC [PSYoungGen: 400353K->121104K(444928K)] 592810K->341191K(694272K), 0.0804320 secs] [Times: user=0.64 sys=0.00, real=0.08 secs] 
22.875: [Full GC [PSYoungGen: 121104K->0K(444928K)] [ParOldGen: 220086K->121062K(273408K)] 341191K->121062K(718336K) [PSPermGen: 8991K->8988K(21504K)], 0.1688670 secs] [Times: user=1.24 sys=0.00, real=0.17 secs] 
23.044: Total time for which application threads were stopped: 0.2495380 seconds, Stopping threads took: 0.0000800 seconds
23.159: Application time: 0.1151430 seconds
23.159: [GC [PSYoungGen: 222720K->45406K(444928K)] 343782K->166468K(718336K), 0.0266300 secs] [Times: user=0.20 sys=0.00, real=0.02 secs] 
23.186: Total time for which application threads were stopped: 0.0268580 seconds, Stopping threads took: 0.0000930 seconds
23.281: Application time: 0.0945450 seconds
23.281: [GC [PSYoungGen: 268126K->112518K(335360K)] 389188K->233580K(608768K), 0.0522100 secs] [Times: user=0.41 sys=0.00, real=0.05 secs] 
23.333: Total time for which application threads were stopped: 0.0523950 seconds, Stopping threads took: 0.0000930 seconds
23.478: Application time: 0.1449120 seconds
23.478: [GC [PSYoungGen: 335238K->127616K(441856K)] 456300K->248678K(715264K), 0.0590270 secs] [Times: user=0.47 sys=0.00, real=0.06 secs] 
23.537: Total time for which application threads were stopped: 0.0592080 seconds, Stopping threads took: 0.0000950 seconds
23.707: Application time: 0.1694480 seconds
23.711: [GC [PSYoungGen: 348800K->35161K(256512K)] 469862K->213644K(529920K), 0.0429730 secs] [Times: user=0.34 sys=0.00, real=0.04 secs] 
23.754: Total time for which application threads were stopped: 0.0470770 seconds, Stopping threads took: 0.0039300 seconds
23.871: Application time: 0.1169090 seconds
23.872: [GC [PSYoungGen: 256345K->42681K(449024K)] 434828K->251447K(722432K), 0.0378180 secs] [Times: user=0.30 sys=0.00, real=0.04 secs] 
23.910: Total time for which application threads were stopped: 0.0396330 seconds, Stopping threads took: 0.0017170 seconds
24.025: Application time: 0.1150200 seconds
24.025: [GC [PSYoungGen: 273081K->55232K(285696K)] 481847K->301940K(559104K), 0.0438780 secs] [Times: user=0.33 sys=0.01, real=0.05 secs] 
24.069: [Full GC [PSYoungGen: 55232K->0K(285696K)] [ParOldGen: 246708K->138336K(326144K)] 301940K->138336K(611840K) [PSPermGen: 9005K->9004K(21504K)], 0.1548160 secs] [Times: user=1.16 sys=0.00, real=0.15 secs] 
24.224: Total time for which application threads were stopped: 0.1989640 seconds, Stopping threads took: 0.0001220 seconds
24.344: Application time: 0.1193000 seconds
24.344: [GC [PSYoungGen: 230400K->50566K(447488K)] 368736K->188903K(773632K), 0.0394760 secs] [Times: user=0.31 sys=0.00, real=0.04 secs] 
24.383: Total time for which application threads were stopped: 0.0397950 seconds, Stopping threads took: 0.0001230 seconds
24.547: Application time: 0.1640660 seconds
24.548: [GC [PSYoungGen: 294278K->30272K(439808K)] 432615K->210973K(765952K), 0.0415620 secs] [Times: user=0.32 sys=0.01, real=0.04 secs] 
24.589: Total time for which application threads were stopped: 0.0418170 seconds, Stopping threads took: 0.0000900 seconds
24.731: Application time: 0.1420910 seconds
24.732: [GC [PSYoungGen: 273529K->40363K(463872K)] 454231K->248645K(790016K), 0.0408420 secs] [Times: user=0.32 sys=0.00, real=0.04 secs] 
24.772: Total time for which application threads were stopped: 0.0410950 seconds, Stopping threads took: 0.0001050 seconds
24.894: Application time: 0.1218660 seconds
24.894: [GC [PSYoungGen: 314795K->66370K(459264K)] 523077K->308504K(785408K), 0.0501200 secs] [Times: user=0.38 sys=0.00, real=0.05 secs] 
24.945: Total time for which application threads were stopped: 0.0502950 seconds, Stopping threads took: 0.0000560 seconds
25.113: Application time: 0.1681840 seconds
25.113: [GC [PSYoungGen: 340802K->35853K(471552K)] 582936K->326684K(797696K), 0.0421010 secs] [Times: user=0.32 sys=0.02, real=0.04 secs] 
25.155: [Full GC [PSYoungGen: 35853K->0K(471552K)] [ParOldGen: 290830K->128168K(340992K)] 326684K->128168K(812544K) [PSPermGen: 9014K->9014K(21504K)], 0.1510270 secs] [Times: user=1.13 sys=0.00, real=0.15 secs] 
25.306: Total time for which application threads were stopped: 0.1935000 seconds, Stopping threads took: 0.0001010 seconds
25.469: Application time: 0.1628100 seconds
25.469: [GC [PSYoungGen: 297984K->57824K(466432K)] 426152K->185992K(807424K), 0.0331840 secs] [Times: user=0.26 sys=0.00, real=0.03 secs] 
25.503: Total time for which application threads were stopped: 0.0334420 seconds, Stopping threads took: 0.0000990 seconds
25.660: Application time: 0.1579380 seconds
25.662: [GC [PSYoungGen: 355808K->54448K(491008K)] 483976K->228378K(832000K), 0.0533670 secs] [Times: user=0.42 sys=0.00, real=0.05 secs] 
25.716: Total time for which application threads were stopped: 0.0553580 seconds, Stopping threads took: 0.0018760 seconds
25.927: Application time: 0.2110170 seconds
25.930: [GC [PSYoungGen: 387248K->43056K(484352K)] 561178K->253646K(825344K), 0.0420620 secs] [Times: user=0.33 sys=0.00, real=0.04 secs] 
25.973: Total time for which application threads were stopped: 0.0457610 seconds, Stopping threads took: 0.0035870 seconds
26.154: Application time: 0.1810890 seconds
26.155: [GC [PSYoungGen: 375856K->66512K(509440K)] 586446K->311944K(850432K), 0.0593860 secs] [Times: user=0.47 sys=0.01, real=0.06 secs] 
26.214: Total time for which application threads were stopped: 0.0602650 seconds, Stopping threads took: 0.0007340 seconds
26.418: Application time: 0.2044460 seconds
26.419: [GC [PSYoungGen: 430032K->63072K(503296K)] 675464K->355666K(844288K), 0.0563630 secs] [Times: user=0.44 sys=0.00, real=0.05 secs] 
26.475: [Full GC [PSYoungGen: 63072K->0K(503296K)] [ParOldGen: 292594K->136421K(373760K)] 355666K->136421K(877056K) [PSPermGen: 9019K->9019K(21504K)], 0.1593100 secs] [Times: user=1.20 sys=0.00, real=0.16 secs] 
26.634: Total time for which application threads were stopped: 0.2158940 seconds, Stopping threads took: 0.0000570 seconds
26.830: Application time: 0.1961670 seconds
26.831: [GC [PSYoungGen: 363520K->65164K(519168K)] 499941K->201586K(892928K), 0.0383610 secs] [Times: user=0.30 sys=0.00, real=0.04 secs] 
26.869: Total time for which application threads were stopped: 0.0385420 seconds, Stopping threads took: 0.0000750 seconds
27.054: Application time: 0.1854000 seconds
27.055: [GC [PSYoungGen: 452236K->71928K(513536K)] 588658K->258204K(887296K), 0.0622570 secs] [Times: user=0.49 sys=0.00, real=0.06 secs] 
27.117: Total time for which application threads were stopped: 0.0624390 seconds, Stopping threads took: 0.0000900 seconds
27.283: Application time: 0.1663300 seconds
27.283: [GC [PSYoungGen: 459000K->64896K(535040K)] 645276K->300159K(908800K), 0.0559000 secs] [Times: user=0.44 sys=0.00, real=0.06 secs] 
27.339: Total time for which application threads were stopped: 0.0560760 seconds, Stopping threads took: 0.0000860 seconds
27.525: Application time: 0.1860090 seconds
27.525: [GC [PSYoungGen: 479104K->63803K(532480K)] 714367K->340875K(906240K), 0.0524160 secs] [Times: user=0.41 sys=0.00, real=0.05 secs] 
27.579: Total time for which application threads were stopped: 0.0540630 seconds, Stopping threads took: 0.0000830 seconds
27.754: Application time: 0.1748650 seconds
27.754: [GC [PSYoungGen: 478011K->72627K(542720K)] 755083K->396334K(916480K), 0.0579610 secs] [Times: user=0.45 sys=0.00, real=0.06 secs] 
27.812: [Full GC [PSYoungGen: 72627K->0K(542720K)] [ParOldGen: 323706K->133372K(392704K)] 396334K->133372K(935424K) [PSPermGen: 9028K->9028K(21504K)], 0.1531890 secs] [Times: user=1.15 sys=0.00, real=0.15 secs] 
27.966: Total time for which application threads were stopped: 0.2114080 seconds, Stopping threads took: 0.0001040 seconds
28.171: Application time: 0.2051220 seconds
28.171: [GC [PSYoungGen: 429568K->72058K(541184K)] 562940K->205430K(933888K), 0.0442250 secs] [Times: user=0.35 sys=0.00, real=0.04 secs] 
28.215: Total time for which application threads were stopped: 0.0444350 seconds, Stopping threads took: 0.0001020 seconds
28.399: Application time: 0.1838110 seconds
28.402: [GC [PSYoungGen: 501626K->70851K(553472K)] 634998K->260142K(946176K), 0.0647410 secs] [Times: user=0.52 sys=0.00, real=0.07 secs] 
28.467: Total time for which application threads were stopped: 0.0682910 seconds, Stopping threads took: 0.0034020 seconds
28.668: Application time: 0.2010070 seconds
28.668: [GC [PSYoungGen: 515267K->61086K(551936K)] 704558K->290190K(944640K), 0.0506040 secs] [Times: user=0.39 sys=0.00, real=0.05 secs] 
28.719: Total time for which application threads were stopped: 0.0508070 seconds, Stopping threads took: 0.0001190 seconds
28.905: Application time: 0.1863310 seconds
28.906: [GC [PSYoungGen: 505502K->73045K(555008K)] 734606K->338299K(947712K), 0.0526760 secs] [Times: user=0.41 sys=0.00, real=0.05 secs] 
28.958: Total time for which application threads were stopped: 0.0529250 seconds, Stopping threads took: 0.0000780 seconds
29.154: Application time: 0.1951500 seconds
29.154: [GC [PSYoungGen: 524117K->63440K(554496K)] 789371K->367707K(947200K), 0.0493960 secs] [Times: user=0.39 sys=0.00, real=0.05 secs] 
29.203: Total time for which application threads were stopped: 0.0496020 seconds, Stopping threads took: 0.0001210 seconds
29.393: Application time: 0.1897960 seconds
29.394: [GC [PSYoungGen: 514512K->76370K(559104K)] 818779K->415768K(951808K), 0.0535260 secs] [Times: user=0.42 sys=0.01, real=0.06 secs] 
29.448: [Full GC [PSYoungGen: 76370K->0K(559104K)] [ParOldGen: 339397K->135896K(405504K)] 415768K->135896K(964608K) [PSPermGen: 9048K->9048K(21504K)], 0.1612190 secs] [Times: user=1.20 sys=0.00, real=0.16 secs] 
29.609: Total time for which application threads were stopped: 0.2163830 seconds, Stopping threads took: 0.0014800 seconds
29.816: Application time: 0.2072010 seconds
29.817: [GC [PSYoungGen: 459264K->78432K(559616K)] 595160K->214329K(965120K), 0.0451260 secs] [Times: user=0.36 sys=0.00, real=0.05 secs] 
29.862: Total time for which application threads were stopped: 0.0453210 seconds, Stopping threads took: 0.0000940 seconds
30.064: Application time: 0.2022480 seconds
30.066: [GC [PSYoungGen: 537696K->73696K(565760K)] 673593K->258540K(971264K), 0.0619610 secs] [Times: user=0.49 sys=0.00, real=0.06 secs] 
30.128: Total time for which application threads were stopped: 0.0643690 seconds, Stopping threads took: 0.0023200 seconds
30.329: Application time: 0.2000740 seconds
30.329: [GC [PSYoungGen: 539104K->70688K(536576K)] 723948K->297222K(942080K), 0.0553920 secs] [Times: user=0.43 sys=0.00, real=0.05 secs] 
30.384: Total time for which application threads were stopped: 0.0556020 seconds, Stopping threads took: 0.0001140 seconds
30.582: Application time: 0.1977880 seconds
30.582: [GC [PSYoungGen: 536096K->71872K(565760K)] 762630K->336845K(971264K), 0.0545160 secs] [Times: user=0.44 sys=0.00, real=0.05 secs] 
30.637: Total time for which application threads were stopped: 0.0547200 seconds, Stopping threads took: 0.0001170 seconds
30.839: Application time: 0.2024790 seconds
30.839: [GC [PSYoungGen: 539840K->70592K(564224K)] 804813K->376763K(969728K), 0.0555560 secs] [Times: user=0.44 sys=0.00, real=0.05 secs] 
30.895: Total time for which application threads were stopped: 0.0558030 seconds, Stopping threads took: 0.0001000 seconds
31.096: Application time: 0.2012730 seconds
31.096: [GC [PSYoungGen: 538560K->69184K(568320K)] 844731K->410012K(973824K), 0.0503390 secs] [Times: user=0.40 sys=0.00, real=0.06 secs] 
31.147: Total time for which application threads were stopped: 0.0505130 seconds, Stopping threads took: 0.0000880 seconds
31.353: Application time: 0.2059180 seconds
31.353: [GC [PSYoungGen: 544832K->70912K(567296K)] 885660K->448739K(972800K), 0.0525840 secs] [Times: user=0.38 sys=0.03, real=0.05 secs] 
31.405: [Full GC [PSYoungGen: 70912K->0K(567296K)] [ParOldGen: 377826K->137341K(415744K)] 448739K->137341K(983040K) [PSPermGen: 9057K->9057K(21504K)], 0.1652070 secs] [Times: user=1.24 sys=0.00, real=0.17 secs] 
31.571: Total time for which application threads were stopped: 0.2180600 seconds, Stopping threads took: 0.0001070 seconds
31.772: Application time: 0.2013360 seconds
31.772: [GC [PSYoungGen: 475648K->80608K(570880K)] 612989K->217950K(986624K), 0.0437290 secs] [Times: user=0.34 sys=0.00, real=0.04 secs] 
31.816: Total time for which application threads were stopped: 0.0439180 seconds, Stopping threads took: 0.0001030 seconds
32.022: Application time: 0.2057140 seconds
32.022: [GC [PSYoungGen: 561376K->67936K(572928K)] 698718K->250207K(988672K), 0.0568700 secs] [Times: user=0.45 sys=0.00, real=0.06 secs] 
32.079: Total time for which application threads were stopped: 0.0570530 seconds, Stopping threads took: 0.0000820 seconds
32.281: Application time: 0.2026930 seconds
32.282: [GC [PSYoungGen: 548704K->72677K(572416K)] 730975K->289674K(988160K), 0.0523860 secs] [Times: user=0.42 sys=0.00, real=0.05 secs] 
32.334: Total time for which application threads were stopped: 0.0525920 seconds, Stopping threads took: 0.0001060 seconds
32.552: Application time: 0.2180440 seconds
32.552: [GC [PSYoungGen: 557029K->61334K(573952K)] 774026K->307460K(989696K), 0.0442910 secs] [Times: user=0.35 sys=0.00, real=0.04 secs] 
32.597: Total time for which application threads were stopped: 0.0444930 seconds, Stopping threads took: 0.0000890 seconds
32.803: Application time: 0.2060980 seconds
32.803: [GC [PSYoungGen: 545686K->74597K(577024K)] 791812K->347579K(992768K), 0.0500660 secs] [Times: user=0.40 sys=0.00, real=0.05 secs] 
32.853: Total time for which application threads were stopped: 0.0502400 seconds, Stopping threads took: 0.0000840 seconds
33.074: Application time: 0.2208590 seconds
33.074: [GC [PSYoungGen: 563045K->61378K(577536K)] 836027K->361823K(993280K), 0.0425050 secs] [Times: user=0.34 sys=0.00, real=0.04 secs] 
33.116: Total time for which application threads were stopped: 0.0426890 seconds, Stopping threads took: 0.0000780 seconds
33.322: Application time: 0.2051720 seconds
33.322: [GC [PSYoungGen: 549802K->81835K(573440K)] 850248K->412775K(989184K), 0.0535470 secs] [Times: user=0.43 sys=0.00, real=0.05 secs] 
33.375: Total time for which application threads were stopped: 0.0537450 seconds, Stopping threads took: 0.0001080 seconds
33.592: Application time: 0.2167100 seconds
33.592: [GC [PSYoungGen: 566699K->58371K(576000K)] 897639K->427062K(991744K), 0.0455730 secs] [Times: user=0.36 sys=0.00, real=0.04 secs] 
33.638: [Full GC [PSYoungGen: 58371K->0K(576000K)] [ParOldGen: 368691K->113241K(400384K)] 427062K->113241K(976384K) [PSPermGen: 9070K->9070K(21504K)], 0.1256200 secs] [Times: user=0.93 sys=0.00, real=0.13 secs] 
33.764: Total time for which application threads were stopped: 0.1714650 seconds, Stopping threads took: 0.0001060 seconds
33.960: Application time: 0.1960870 seconds
33.960: [GC [PSYoungGen: 484864K->91104K(559616K)] 598105K->210160K(960000K), 0.0508980 secs] [Times: user=0.41 sys=0.00, real=0.05 secs] 
34.011: Total time for which application threads were stopped: 0.0510720 seconds, Stopping threads took: 0.0000870 seconds
34.216: Application time: 0.2054190 seconds
34.218: [GC [PSYoungGen: 559584K->59702K(567808K)] 678640K->236596K(968192K), 0.0581340 secs] [Times: user=0.46 sys=0.00, real=0.05 secs] 
34.277: Total time for which application threads were stopped: 0.0605040 seconds, Stopping threads took: 0.0022680 seconds
34.471: Application time: 0.1947680 seconds
34.474: [GC [PSYoungGen: 528182K->81664K(566272K)] 705076K->292644K(966656K), 0.0572910 secs] [Times: user=0.45 sys=0.00, real=0.06 secs] 
34.532: Total time for which application threads were stopped: 0.0603420 seconds, Stopping threads took: 0.0029630 seconds
34.737: Application time: 0.2052070 seconds
34.737: [GC [PSYoungGen: 549120K->59559K(567296K)] 760100K->314927K(967680K), 0.0512470 secs] [Times: user=0.41 sys=0.00, real=0.06 secs] 
34.788: Total time for which application threads were stopped: 0.0514310 seconds, Stopping threads took: 0.0000910 seconds
34.982: Application time: 0.1939780 seconds
34.983: [GC [PSYoungGen: 527015K->80864K(565760K)] 782383K->370329K(966144K), 0.0554890 secs] [Times: user=0.44 sys=0.00, real=0.05 secs] 
35.038: Total time for which application threads were stopped: 0.0556640 seconds, Stopping threads took: 0.0000890 seconds
35.241: Application time: 0.2026400 seconds
35.241: [GC [PSYoungGen: 547296K->63275K(529920K)] 836761K->397826K(930304K), 0.0520980 secs] [Times: user=0.41 sys=0.00, real=0.05 secs] 
35.293: Total time for which application threads were stopped: 0.0522820 seconds, Stopping threads took: 0.0000900 seconds
35.497: Application time: 0.2037840 seconds
35.497: [GC [PSYoungGen: 529707K->78832K(566272K)] 864258K->449475K(966656K), 0.0576440 secs] [Times: user=0.45 sys=0.00, real=0.06 secs] 
35.555: [Full GC [PSYoungGen: 78832K->0K(566272K)] [ParOldGen: 370642K->136587K(446976K)] 449475K->136587K(1013248K) [PSPermGen: 9077K->9077K(21504K)], 0.1586910 secs] [Times: user=1.19 sys=0.00, real=0.16 secs] 
35.713: Total time for which application threads were stopped: 0.2166590 seconds, Stopping threads took: 0.0001020 seconds
35.924: Application time: 0.2110770 seconds
35.925: [GC [PSYoungGen: 467456K->72034K(539648K)] 604043K->208622K(986624K), 0.0422250 secs] [Times: user=0.33 sys=0.00, real=0.05 secs] 
35.967: Total time for which application threads were stopped: 0.0424240 seconds, Stopping threads took: 0.0000980 seconds
36.161: Application time: 0.1942860 seconds
36.161: [GC [PSYoungGen: 539490K->77488K(565760K)] 676078K->259482K(1012736K), 0.0621290 secs] [Times: user=0.49 sys=0.00, real=0.06 secs] 
36.224: Total time for which application threads were stopped: 0.0622970 seconds, Stopping threads took: 0.0000810 seconds
36.433: Application time: 0.2099400 seconds
36.434: [GC [PSYoungGen: 546925K->60063K(565760K)] 728920K->286043K(1012736K), 0.0510230 secs] [Times: user=0.40 sys=0.00, real=0.05 secs] 
36.485: Total time for which application threads were stopped: 0.0512450 seconds, Stopping threads took: 0.0001250 seconds
36.682: Application time: 0.1975540 seconds
36.682: [GC [PSYoungGen: 529567K->79104K(569856K)] 755547K->339393K(1016832K), 0.0552170 secs] [Times: user=0.43 sys=0.00, real=0.05 secs] 
36.738: Total time for which application threads were stopped: 0.0553900 seconds, Stopping threads took: 0.0000790 seconds
36.944: Application time: 0.2065530 seconds
36.944: [GC [PSYoungGen: 553216K->63804K(570368K)] 813505K->367826K(1017344K), 0.0522040 secs] [Times: user=0.40 sys=0.00, real=0.05 secs] 
36.997: Total time for which application threads were stopped: 0.0523870 seconds, Stopping threads took: 0.0000810 seconds
37.200: Application time: 0.2030240 seconds
37.200: [GC [PSYoungGen: 537916K->79650K(569344K)] 841938K->418879K(1016320K), 0.0576160 secs] [Times: user=0.45 sys=0.00, real=0.05 secs] 
37.257: Total time for which application threads were stopped: 0.0578050 seconds, Stopping threads took: 0.0000980 seconds
37.465: Application time: 0.2071870 seconds
37.465: [GC [PSYoungGen: 553762K->67447K(570368K)] 892991K->451056K(1017344K), 0.0540350 secs] [Times: user=0.42 sys=0.00, real=0.06 secs] 
37.519: Total time for which application threads were stopped: 0.0542470 seconds, Stopping threads took: 0.0001150 seconds
37.718: Application time: 0.1986530 seconds
37.718: [GC [PSYoungGen: 541559K->79831K(569856K)] 925168K->501980K(1016832K), 0.0576100 secs] [Times: user=0.44 sys=0.01, real=0.06 secs] 
37.775: [Full GC [PSYoungGen: 79831K->0K(569856K)] [ParOldGen: 422148K->135102K(459264K)] 501980K->135102K(1029120K) [PSPermGen: 9084K->9084K(21504K)], 0.1559020 secs] [Times: user=1.17 sys=0.00, real=0.16 secs] 
37.931: Total time for which application threads were stopped: 0.2137620 seconds, Stopping threads took: 0.0001000 seconds
38.140: Application time: 0.2083910 seconds
38.140: [GC [PSYoungGen: 475136K->78089K(570368K)] 610238K->213191K(1029632K), 0.0451770 secs] [Times: user=0.36 sys=0.00, real=0.04 secs] 
38.185: Total time for which application threads were stopped: 0.0453520 seconds, Stopping threads took: 0.0000840 seconds
38.386: Application time: 0.2006810 seconds
38.386: [GC [PSYoungGen: 553225K->82339K(569856K)] 688327K->270451K(1029120K), 0.0716100 secs] [Times: user=0.56 sys=0.00, real=0.06 secs] 
38.458: Total time for which application threads were stopped: 0.0723700 seconds, Stopping threads took: 0.0006700 seconds
38.666: Application time: 0.2077360 seconds
38.666: [GC [PSYoungGen: 556963K->65287K(570880K)] 745075K->300704K(1030144K), 0.0540510 secs] [Times: user=0.43 sys=0.00, real=0.06 secs] 
38.720: Total time for which application threads were stopped: 0.0542460 seconds, Stopping threads took: 0.0000950 seconds
38.921: Application time: 0.2007710 seconds
38.921: [GC [PSYoungGen: 539911K->79993K(570368K)] 775328K->353811K(1029632K), 0.0582570 secs] [Times: user=0.46 sys=0.00, real=0.06 secs] 
38.979: Total time for which application threads were stopped: 0.0584420 seconds, Stopping threads took: 0.0000990 seconds
39.187: Application time: 0.2073530 seconds
39.187: [GC [PSYoungGen: 554617K->69091K(543744K)] 828435K->390743K(1003008K), 0.0574540 secs] [Times: user=0.45 sys=0.00, real=0.05 secs] 
39.244: Total time for which application threads were stopped: 0.0576360 seconds, Stopping threads took: 0.0000820 seconds
39.443: Application time: 0.1987730 seconds
39.443: [GC [PSYoungGen: 543715K->76818K(570880K)] 865367K->437461K(1030144K), 0.0568430 secs] [Times: user=0.45 sys=0.00, real=0.06 secs] 
39.500: Total time for which application threads were stopped: 0.0570010 seconds, Stopping threads took: 0.0000730 seconds
39.703: Application time: 0.2033280 seconds
39.704: [GC [PSYoungGen: 552978K->73024K(569856K)] 913621K->481304K(1029120K), 0.0600920 secs] [Times: user=0.48 sys=0.00, real=0.06 secs] 
39.764: [Full GC [PSYoungGen: 73024K->0K(569856K)] [ParOldGen: 408279K->135013K(479744K)] 481304K->135013K(1049600K) [PSPermGen: 9088K->9087K(21504K)], 0.1538830 secs] [Times: user=1.14 sys=0.00, real=0.15 secs] 
39.918: Total time for which application threads were stopped: 0.2142330 seconds, Stopping threads took: 0.0000920 seconds
40.121: Application time: 0.2029370 seconds
40.121: [GC [PSYoungGen: 476160K->85937K(568320K)] 611173K->220951K(1048064K), 0.0484530 secs] [Times: user=0.39 sys=0.00, real=0.05 secs] 
40.169: Total time for which application threads were stopped: 0.0486590 seconds, Stopping threads took: 0.0001220 seconds
40.372: Application time: 0.2025100 seconds
40.372: [GC [PSYoungGen: 562097K->77728K(570880K)] 697111K->270304K(1050624K), 0.0683030 secs] [Times: user=0.55 sys=0.00, real=0.07 secs] 
40.440: Total time for which application threads were stopped: 0.0684840 seconds, Stopping threads took: 0.0000810 seconds
40.647: Application time: 0.2064130 seconds
40.647: [GC [PSYoungGen: 553888K->70548K(569344K)] 746464K->302865K(1049088K), 0.0540100 secs] [Times: user=0.43 sys=0.00, real=0.05 secs] 
40.701: Total time for which application threads were stopped: 0.0541800 seconds, Stopping threads took: 0.0000830 seconds
40.907: Application time: 0.2059490 seconds
40.907: [GC [PSYoungGen: 549268K->79248K(571392K)] 781585K->352470K(1051136K), 0.0587620 secs] [Times: user=0.46 sys=0.00, real=0.05 secs] 
40.966: Total time for which application threads were stopped: 0.0589470 seconds, Stopping threads took: 0.0000830 seconds
41.176: Application time: 0.2101300 seconds
41.176: [GC [PSYoungGen: 557968K->67469K(573440K)] 831190K->386060K(1053184K), 0.0556890 secs] [Times: user=0.43 sys=0.00, real=0.06 secs] 
41.232: Total time for which application threads were stopped: 0.0558840 seconds, Stopping threads took: 0.0001040 seconds
41.434: Application time: 0.2027520 seconds
41.438: [GC [PSYoungGen: 549261K->76912K(573952K)] 867852K->427356K(1053696K), 0.0536470 secs] [Times: user=0.43 sys=0.00, real=0.05 secs] 
41.492: Total time for which application threads were stopped: 0.0576370 seconds, Stopping threads took: 0.0038910 seconds
41.701: Application time: 0.2084710 seconds
41.701: [GC [PSYoungGen: 558704K->65427K(573952K)] 909148K->459831K(1053696K), 0.0525320 secs] [Times: user=0.41 sys=0.00, real=0.05 secs] 
41.753: Total time for which application threads were stopped: 0.0527130 seconds, Stopping threads took: 0.0000940 seconds
41.963: Application time: 0.2092850 seconds
41.963: [GC [PSYoungGen: 548755K->72560K(574464K)] 943159K->497258K(1054208K), 0.0509500 secs] [Times: user=0.41 sys=0.00, real=0.05 secs] 
42.014: [Full GC [PSYoungGen: 72560K->0K(574464K)] [ParOldGen: 424697K->126457K(486400K)] 497258K->126457K(1060864K) [PSPermGen: 9091K->9091K(21504K)], 0.1470070 secs] [Times: user=1.09 sys=0.00, real=0.15 secs] 
42.161: Total time for which application threads were stopped: 0.1981860 seconds, Stopping threads took: 0.0000650 seconds
42.364: Application time: 0.2034350 seconds
42.364: [GC [PSYoungGen: 483160K->75895K(575488K)] 609617K->202353K(1061888K), 0.0427290 secs] [Times: user=0.33 sys=0.00, real=0.05 secs] 
42.407: Total time for which application threads were stopped: 0.0429250 seconds, Stopping threads took: 0.0001030 seconds
42.617: Application time: 0.2101120 seconds
42.617: [GC [PSYoungGen: 561783K->68482K(574976K)] 688241K->232106K(1061376K), 0.0535430 secs] [Times: user=0.42 sys=0.00, real=0.06 secs] 
42.671: Total time for which application threads were stopped: 0.0537130 seconds, Stopping threads took: 0.0000690 seconds
42.882: Application time: 0.2114260 seconds
42.883: [GC [PSYoungGen: 554370K->69563K(577024K)] 717994K->267457K(1063424K), 0.0511830 secs] [Times: user=0.41 sys=0.00, real=0.05 secs] 
42.934: Total time for which application threads were stopped: 0.0513640 seconds, Stopping threads took: 0.0000870 seconds
43.141: Application time: 0.2076910 seconds
43.142: [GC [PSYoungGen: 559035K->71803K(577024K)] 756929K->302305K(1063424K), 0.0489190 secs] [Times: user=0.38 sys=0.00, real=0.05 secs] 
43.191: Total time for which application threads were stopped: 0.0491610 seconds, Stopping threads took: 0.0001450 seconds
43.400: Application time: 0.2093460 seconds
43.400: [GC [PSYoungGen: 561275K->71692K(577536K)] 791777K->331805K(1063936K), 0.0487120 secs] [Times: user=0.38 sys=0.00, real=0.05 secs] 
43.449: Total time for which application threads were stopped: 0.0489170 seconds, Stopping threads took: 0.0001160 seconds
43.662: Application time: 0.2130040 seconds
43.662: [GC [PSYoungGen: 564748K->73749K(578048K)] 824861K->370649K(1064448K), 0.0531330 secs] [Times: user=0.42 sys=0.00, real=0.05 secs] 
43.715: Total time for which application threads were stopped: 0.0533240 seconds, Stopping threads took: 0.0000890 seconds
43.922: Application time: 0.2066420 seconds
43.922: [GC [PSYoungGen: 566805K->77937K(581632K)] 863705K->409708K(1068032K), 0.0548630 secs] [Times: user=0.44 sys=0.00, real=0.05 secs] 
43.977: Total time for which application threads were stopped: 0.0550330 seconds, Stopping threads took: 0.0000810 seconds
44.190: Application time: 0.2132640 seconds
44.190: [GC [PSYoungGen: 575007K->75307K(582144K)] 906779K->451252K(1068544K), 0.0579270 secs] [Times: user=0.43 sys=0.01, real=0.06 secs] 
44.248: Total time for which application threads were stopped: 0.0581180 seconds, Stopping threads took: 0.0000910 seconds
44.460: Application time: 0.2119770 seconds
44.460: [GC [PSYoungGen: 572459K->84475K(545792K)] 948404K->501268K(1032192K), 0.0617160 secs] [Times: user=0.49 sys=0.00, real=0.06 secs] 
44.522: Total time for which application threads were stopped: 0.0619260 seconds, Stopping threads took: 0.0001200 seconds
44.722: Application time: 0.1994330 seconds
44.722: [GC [PSYoungGen: 545787K->66471K(564224K)] 962580K->537259K(1050624K), 0.0574610 secs] [Times: user=0.45 sys=0.00, real=0.06 secs] 
44.779: [Full GC [PSYoungGen: 66471K->0K(564224K)] [ParOldGen: 470787K->135272K(508416K)] 537259K->135272K(1072640K) [PSPermGen: 9097K->9097K(21504K)], 0.1626190 secs] [Times: user=1.20 sys=0.00, real=0.16 secs] 
44.942: Total time for which application threads were stopped: 0.2203330 seconds, Stopping threads took: 0.0000860 seconds
45.134: Application time: 0.1917180 seconds
45.134: [GC [PSYoungGen: 461312K->92738K(558592K)] 596584K->228011K(1067008K), 0.0516320 secs] [Times: user=0.41 sys=0.00, real=0.05 secs] 
45.186: Total time for which application threads were stopped: 0.0517980 seconds, Stopping threads took: 0.0000770 seconds
45.386: Application time: 0.2003360 seconds
45.386: [GC [PSYoungGen: 548930K->64506K(561664K)] 684203K->262423K(1070080K), 0.0645050 secs] [Times: user=0.51 sys=0.00, real=0.07 secs] 
45.451: Total time for which application threads were stopped: 0.0646820 seconds, Stopping threads took: 0.0000800 seconds
45.637: Application time: 0.1867590 seconds
45.637: [GC [PSYoungGen: 520698K->86224K(560640K)] 718615K->323644K(1069056K), 0.0614790 secs] [Times: user=0.49 sys=0.00, real=0.07 secs] 
45.699: Total time for which application threads were stopped: 0.0616430 seconds, Stopping threads took: 0.0000800 seconds
45.895: Application time: 0.1961180 seconds
45.895: [GC [PSYoungGen: 541392K->62096K(561152K)] 778812K->350697K(1069568K), 0.0552490 secs] [Times: user=0.44 sys=0.00, real=0.06 secs] 
45.950: Total time for which application threads were stopped: 0.0554170 seconds, Stopping threads took: 0.0000720 seconds
46.140: Application time: 0.1893380 seconds
46.140: [GC [PSYoungGen: 517264K->82714K(560128K)] 805865K->408550K(1068544K), 0.0594970 secs] [Times: user=0.47 sys=0.00, real=0.06 secs] 
46.199: Total time for which application threads were stopped: 0.0596690 seconds, Stopping threads took: 0.0000860 seconds
46.395: Application time: 0.1952370 seconds
46.398: [GC [PSYoungGen: 537882K->66177K(560640K)] 863718K->441324K(1069056K), 0.0563380 secs] [Times: user=0.44 sys=0.00, real=0.05 secs] 
46.455: Total time for which application threads were stopped: 0.0600860 seconds, Stopping threads took: 0.0036510 seconds
46.650: Application time: 0.1949780 seconds
46.650: [GC [PSYoungGen: 521345K->78208K(558080K)] 896492K->492372K(1066496K), 0.0577650 secs] [Times: user=0.46 sys=0.00, real=0.06 secs] 
46.708: Total time for which application threads were stopped: 0.0579460 seconds, Stopping threads took: 0.0000960 seconds
46.904: Application time: 0.1959750 seconds
46.904: [GC [PSYoungGen: 535424K->67920K(559616K)] 949588K->531213K(1068032K), 0.0573830 secs] [Times: user=0.45 sys=0.00, real=0.06 secs] 
46.961: [Full GC [PSYoungGen: 67920K->0K(559616K)] [ParOldGen: 463292K->135175K(529920K)] 531213K->135175K(1089536K) [PSPermGen: 9099K->9099K(21504K)], 0.1580940 secs] [Times: user=1.19 sys=0.00, real=0.16 secs] 
47.119: Total time for which application threads were stopped: 0.2157420 seconds, Stopping threads took: 0.0001020 seconds
47.312: Application time: 0.1922210 seconds
47.312: [GC [PSYoungGen: 457216K->88418K(561664K)] 592391K->223594K(1091584K), 0.0500090 secs] [Times: user=0.39 sys=0.00, real=0.05 secs] 
47.362: Total time for which application threads were stopped: 0.0502030 seconds, Stopping threads took: 0.0001090 seconds
47.558: Application time: 0.1960860 seconds
47.558: [GC [PSYoungGen: 548706K->68974K(563712K)] 683882K->262584K(1093632K), 0.0637960 secs] [Times: user=0.50 sys=0.00, real=0.07 secs] 
47.622: Total time for which application threads were stopped: 0.0639710 seconds, Stopping threads took: 0.0000770 seconds
47.819: Application time: 0.1972130 seconds
47.819: [GC [PSYoungGen: 529262K->79738K(559616K)] 722872K->315820K(1089536K), 0.0596890 secs] [Times: user=0.48 sys=0.00, real=0.06 secs] 
47.879: Total time for which application threads were stopped: 0.0598580 seconds, Stopping threads took: 0.0000860 seconds
48.098: Application time: 0.2190010 seconds
48.098: [GC [PSYoungGen: 541050K->55179K(562176K)] 777132K->336061K(1092096K), 0.0515210 secs] [Times: user=0.40 sys=0.00, real=0.06 secs] 
48.150: Total time for which application threads were stopped: 0.0517180 seconds, Stopping threads took: 0.0000810 seconds
48.344: Application time: 0.1945930 seconds
48.346: [GC [PSYoungGen: 516491K->80645K(565248K)] 797373K->396038K(1095168K), 0.0586700 secs] [Times: user=0.46 sys=0.00, real=0.05 secs] 
48.405: Total time for which application threads were stopped: 0.0608220 seconds, Stopping threads took: 0.0020580 seconds
48.607: Application time: 0.2020070 seconds
48.607: [GC [PSYoungGen: 544005K->57439K(565248K)] 859398K->411522K(1095168K), 0.0471410 secs] [Times: user=0.38 sys=0.00, real=0.04 secs] 
48.655: Total time for which application threads were stopped: 0.0473270 seconds, Stopping threads took: 0.0000850 seconds
48.845: Application time: 0.1908180 seconds
48.845: [GC [PSYoungGen: 520799K->79449K(564224K)] 874882K->463572K(1094144K), 0.0530630 secs] [Times: user=0.42 sys=0.00, real=0.06 secs] 
48.899: Total time for which application threads were stopped: 0.0532400 seconds, Stopping threads took: 0.0000880 seconds
49.100: Application time: 0.2009700 seconds
49.100: [GC [PSYoungGen: 542809K->58114K(564736K)] 926932K->482496K(1094656K), 0.0477940 secs] [Times: user=0.35 sys=0.00, real=0.05 secs] 
49.148: Total time for which application threads were stopped: 0.0479660 seconds, Stopping threads took: 0.0000890 seconds
49.340: Application time: 0.1924560 seconds
49.342: [GC [PSYoungGen: 521474K->79386K(565760K)] 945856K->534913K(1095680K), 0.0545020 secs] [Times: user=0.43 sys=0.00, real=0.05 secs] 
49.396: Total time for which application threads were stopped: 0.0563660 seconds, Stopping threads took: 0.0017480 seconds
49.600: Application time: 0.2038300 seconds
49.603: [GC [PSYoungGen: 543770K->62314K(526848K)] 999297K->558369K(1056768K), 0.0494110 secs] [Times: user=0.36 sys=0.01, real=0.05 secs] 
49.652: [Full GC [PSYoungGen: 62314K->0K(526848K)] [ParOldGen: 496054K->118065K(523264K)] 558369K->118065K(1050112K) [PSPermGen: 9102K->9102K(21504K)], 0.1324360 secs] [Times: user=0.98 sys=0.00, real=0.13 secs] 
49.784: Total time for which application threads were stopped: 0.1842870 seconds, Stopping threads took: 0.0022940 seconds
49.984: Application time: 0.1991210 seconds
49.984: [GC [PSYoungGen: 464384K->91705K(557568K)] 582449K->209770K(1080832K), 0.0517220 secs] [Times: user=0.41 sys=0.00, real=0.05 secs] 
50.036: Total time for which application threads were stopped: 0.0520420 seconds, Stopping threads took: 0.0002150 seconds
50.233: Application time: 0.1977210 seconds
50.234: [GC [PSYoungGen: 548921K->63033K(562176K)] 666986K->240523K(1085440K), 0.0600900 secs] [Times: user=0.48 sys=0.00, real=0.06 secs] 
50.294: Total time for which application threads were stopped: 0.0602900 seconds, Stopping threads took: 0.0001130 seconds
50.486: Application time: 0.1925380 seconds
50.486: [GC [PSYoungGen: 520249K->76666K(557568K)] 697739K->290368K(1080832K), 0.0552700 secs] [Times: user=0.43 sys=0.00, real=0.06 secs] 
50.542: Total time for which application threads were stopped: 0.0554410 seconds, Stopping threads took: 0.0000750 seconds
50.740: Application time: 0.1986430 seconds
50.740: [GC [PSYoungGen: 535418K->61433K(560640K)] 749120K->314733K(1083904K), 0.0508900 secs] [Times: user=0.39 sys=0.00, real=0.05 secs] 
50.791: Total time for which application threads were stopped: 0.0510840 seconds, Stopping threads took: 0.0001040 seconds
50.981: Application time: 0.1892820 seconds
50.981: [GC [PSYoungGen: 520185K->76816K(562176K)] 773485K->365208K(1085440K), 0.0549440 secs] [Times: user=0.43 sys=0.00, real=0.05 secs] 
51.036: Total time for which application threads were stopped: 0.0551560 seconds, Stopping threads took: 0.0001250 seconds
51.244: Application time: 0.2077710 seconds
51.244: [GC [PSYoungGen: 541200K->60898K(564224K)] 829592K->388698K(1087488K), 0.0493920 secs] [Times: user=0.39 sys=0.00, real=0.05 secs] 
51.293: Total time for which application threads were stopped: 0.0495750 seconds, Stopping threads took: 0.0000820 seconds
51.482: Application time: 0.1889450 seconds
51.482: [GC [PSYoungGen: 525282K->79376K(566784K)] 853082K->441557K(1090048K), 0.0547750 secs] [Times: user=0.44 sys=0.00, real=0.05 secs] 
51.537: Total time for which application threads were stopped: 0.0549400 seconds, Stopping threads took: 0.0000810 seconds
51.747: Application time: 0.2102250 seconds
51.750: [GC [PSYoungGen: 547344K->55024K(567296K)] 909525K->455677K(1090560K), 0.0462140 secs] [Times: user=0.36 sys=0.00, real=0.04 secs] 
51.797: Total time for which application threads were stopped: 0.0494400 seconds, Stopping threads took: 0.0031260 seconds
51.987: Application time: 0.1904190 seconds
51.987: [GC [PSYoungGen: 522992K->80624K(566272K)] 923645K->512461K(1089536K), 0.0541960 secs] [Times: user=0.43 sys=0.00, real=0.05 secs] 
52.042: Total time for which application threads were stopped: 0.0543620 seconds, Stopping threads took: 0.0000780 seconds
52.251: Application time: 0.2097410 seconds
52.254: [GC [PSYoungGen: 547056K->52192K(518656K)] 978893K->521797K(1041920K), 0.0437530 secs] [Times: user=0.34 sys=0.00, real=0.04 secs] 
52.298: Total time for which application threads were stopped: 0.0470130 seconds, Stopping threads took: 0.0031640 seconds
52.492: Application time: 0.1932960 seconds
52.492: [GC [PSYoungGen: 518624K->78210K(566272K)] 988229K->576000K(1089536K), 0.0518030 secs] [Times: user=0.40 sys=0.01, real=0.05 secs] 
52.544: [Full GC [PSYoungGen: 78210K->0K(566272K)] [ParOldGen: 497790K->133344K(550400K)] 576000K->133344K(1116672K) [PSPermGen: 9105K->9105K(21504K)], 0.1547910 secs] [Times: user=1.15 sys=0.01, real=0.16 secs] 
52.698: Total time for which application threads were stopped: 0.2068630 seconds, Stopping threads took: 0.0000870 seconds
52.903: Application time: 0.2044640 seconds
52.903: [GC [PSYoungGen: 465408K->68079K(533504K)] 598752K->201423K(1083904K), 0.0410550 secs] [Times: user=0.33 sys=0.00, real=0.04 secs] 
52.944: Total time for which application threads were stopped: 0.0412460 seconds, Stopping threads took: 0.0000890 seconds
53.133: Application time: 0.1891310 seconds
53.133: [GC [PSYoungGen: 533487K->78560K(563200K)] 666831K->255252K(1113600K), 0.0610380 secs] [Times: user=0.48 sys=0.00, real=0.06 secs] 
53.194: Total time for which application threads were stopped: 0.0612160 seconds, Stopping threads took: 0.0000820 seconds
53.400: Application time: 0.2050280 seconds
53.400: [GC [PSYoungGen: 543456K->54384K(563712K)] 720148K->267689K(1114112K), 0.0435650 secs] [Times: user=0.35 sys=0.00, real=0.04 secs] 
53.443: Total time for which application threads were stopped: 0.0437290 seconds, Stopping threads took: 0.0000770 seconds
53.635: Application time: 0.1919260 seconds
53.635: [GC [PSYoungGen: 519280K->77383K(568320K)] 732585K->320696K(1118720K), 0.0517090 secs] [Times: user=0.41 sys=0.00, real=0.06 secs] 
53.687: Total time for which application threads were stopped: 0.0519300 seconds, Stopping threads took: 0.0001200 seconds
53.895: Application time: 0.2081230 seconds
53.895: [GC [PSYoungGen: 546887K->55776K(525312K)] 790200K->334140K(1075712K), 0.0444900 secs] [Times: user=0.35 sys=0.00, real=0.05 secs] 
53.940: Total time for which application threads were stopped: 0.0446560 seconds, Stopping threads took: 0.0000790 seconds
54.132: Application time: 0.1920550 seconds
54.132: [GC [PSYoungGen: 525280K->74978K(568320K)] 803644K->379428K(1118720K), 0.0485740 secs] [Times: user=0.38 sys=0.00, real=0.05 secs] 
54.181: Total time for which application threads were stopped: 0.0487370 seconds, Stopping threads took: 0.0000770 seconds
54.387: Application time: 0.2067380 seconds
54.388: [GC [PSYoungGen: 544994K->54806K(567808K)] 849444K->392763K(1118208K), 0.0431540 secs] [Times: user=0.34 sys=0.00, real=0.04 secs] 
54.431: Total time for which application threads were stopped: 0.0433450 seconds, Stopping threads took: 0.0000910 seconds
54.622: Application time: 0.1916360 seconds
54.623: [GC [PSYoungGen: 524822K->76688K(567808K)] 862779K->445045K(1118208K), 0.0506200 secs] [Times: user=0.41 sys=0.00, real=0.05 secs] 
54.673: Total time for which application threads were stopped: 0.0507890 seconds, Stopping threads took: 0.0000830 seconds
54.880: Application time: 0.2068770 seconds
54.880: [GC [PSYoungGen: 547216K->53975K(568320K)] 915573K->447561K(1118720K), 0.0383700 secs] [Times: user=0.31 sys=0.00, real=0.04 secs] 
54.919: Total time for which application threads were stopped: 0.0385580 seconds, Stopping threads took: 0.0001010 seconds
55.109: Application time: 0.1904950 seconds
55.109: [GC [PSYoungGen: 524503K->75007K(569344K)] 918089K->497476K(1119744K), 0.0490200 secs] [Times: user=0.38 sys=0.00, real=0.04 secs] 
55.158: Total time for which application threads were stopped: 0.0492190 seconds, Stopping threads took: 0.0000900 seconds
55.372: Application time: 0.2138590 seconds
55.372: [GC [PSYoungGen: 547071K->58288K(530432K)] 969540K->514222K(1080832K), 0.0445350 secs] [Times: user=0.35 sys=0.00, real=0.04 secs] 
55.417: Total time for which application threads were stopped: 0.0447120 seconds, Stopping threads took: 0.0000900 seconds
55.612: Application time: 0.1955340 seconds
55.613: [GC [PSYoungGen: 530352K->75840K(568832K)] 986286K->560866K(1119232K), 0.0499760 secs] [Times: user=0.40 sys=0.00, real=0.05 secs] 
55.663: Total time for which application threads were stopped: 0.0501580 seconds, Stopping threads took: 0.0000840 seconds
55.872: Application time: 0.2095580 seconds
55.872: [GC [PSYoungGen: 548416K->58233K(568832K)] 1033442K->578569K(1119232K), 0.0436620 secs] [Times: user=0.34 sys=0.01, real=0.04 secs] 
55.916: [Full GC [PSYoungGen: 58233K->0K(568832K)] [ParOldGen: 520335K->117143K(545280K)] 578569K->117143K(1114112K) [PSPermGen: 9107K->9107K(21504K)], 0.1338490 secs] [Times: user=0.98 sys=0.00, real=0.14 secs] 
56.050: Total time for which application threads were stopped: 0.1777330 seconds, Stopping threads took: 0.0000620 seconds
56.243: Application time: 0.1925920 seconds
56.243: [GC [PSYoungGen: 472576K->89265K(560640K)] 589719K->206408K(1105920K), 0.0487360 secs] [Times: user=0.38 sys=0.00, real=0.05 secs] 
56.291: Total time for which application threads were stopped: 0.0489380 seconds, Stopping threads took: 0.0001020 seconds
56.493: Application time: 0.2014410 seconds
56.493: [GC [PSYoungGen: 554673K->59216K(566272K)] 671816K->229516K(1111552K), 0.0552780 secs] [Times: user=0.43 sys=0.00, real=0.06 secs] 
56.548: Total time for which application threads were stopped: 0.0554830 seconds, Stopping threads took: 0.0001150 seconds
56.747: Application time: 0.1983710 seconds
56.750: [GC [PSYoungGen: 524624K->73471K(562688K)] 694924K->271961K(1107968K), 0.0496140 secs] [Times: user=0.39 sys=0.00, real=0.05 secs] 
56.800: Total time for which application threads were stopped: 0.0533650 seconds, Stopping threads took: 0.0036490 seconds
57.002: Application time: 0.2022440 seconds
57.003: [GC [PSYoungGen: 540415K->62666K(565248K)] 738905K->298583K(1110528K), 0.0480000 secs] [Times: user=0.38 sys=0.00, real=0.05 secs] 
57.051: Total time for which application threads were stopped: 0.0481940 seconds, Stopping threads took: 0.0001070 seconds
57.250: Application time: 0.1993300 seconds
57.250: [GC [PSYoungGen: 529610K->70560K(564224K)] 765527K->336694K(1109504K), 0.0486020 secs] [Times: user=0.39 sys=0.00, real=0.05 secs] 
57.299: Total time for which application threads were stopped: 0.0487870 seconds, Stopping threads took: 0.0001010 seconds
57.498: Application time: 0.1998030 seconds
57.499: [GC [PSYoungGen: 543136K->64016K(566784K)] 809270K->362480K(1112064K), 0.0459800 secs] [Times: user=0.36 sys=0.00, real=0.04 secs] 
57.545: Total time for which application threads were stopped: 0.0461380 seconds, Stopping threads took: 0.0000580 seconds
57.743: Application time: 0.1987440 seconds
57.744: [GC [PSYoungGen: 536592K->71511K(569856K)] 835056K->399508K(1115136K), 0.0488440 secs] [Times: user=0.38 sys=0.00, real=0.05 secs] 
57.792: Total time for which application threads were stopped: 0.0490100 seconds, Stopping threads took: 0.0000780 seconds
57.999: Application time: 0.2070020 seconds
58.000: [GC [PSYoungGen: 551767K->68453K(571904K)] 879764K->433065K(1117184K), 0.0501350 secs] [Times: user=0.40 sys=0.00, real=0.05 secs] 
58.050: Total time for which application threads were stopped: 0.0503270 seconds, Stopping threads took: 0.0000900 seconds
58.250: Application time: 0.2006460 seconds
58.251: [GC [PSYoungGen: 548709K->73604K(574976K)] 913321K->468683K(1120256K), 0.0514780 secs] [Times: user=0.40 sys=0.00, real=0.05 secs] 
58.302: Total time for which application threads were stopped: 0.0516710 seconds, Stopping threads took: 0.0001030 seconds
58.509: Application time: 0.2070470 seconds
58.509: [GC [PSYoungGen: 559492K->69927K(574976K)] 954571K->503206K(1120256K), 0.0520640 secs] [Times: user=0.42 sys=0.00, real=0.05 secs] 
58.561: Total time for which application threads were stopped: 0.0522550 seconds, Stopping threads took: 0.0000920 seconds
58.767: Application time: 0.2055220 seconds
58.770: [GC [PSYoungGen: 555815K->75152K(576000K)] 989094K->547472K(1121280K), 0.0550400 secs] [Times: user=0.43 sys=0.00, real=0.05 secs] 
58.826: Total time for which application threads were stopped: 0.0586520 seconds, Stopping threads took: 0.0035240 seconds
59.035: Application time: 0.2099250 seconds
59.036: [GC [PSYoungGen: 563600K->72736K(576512K)] 1035920K->581459K(1121792K), 0.0546620 secs] [Times: user=0.43 sys=0.00, real=0.06 secs] 
59.090: [Full GC [PSYoungGen: 72736K->0K(576512K)] [ParOldGen: 508723K->132692K(580608K)] 581459K->132692K(1157120K) [PSPermGen: 9112K->9112K(21504K)], 0.1572050 secs] [Times: user=1.17 sys=0.00, real=0.16 secs] 
59.248: Total time for which application threads were stopped: 0.2121600 seconds, Stopping threads took: 0.0001250 seconds
59.449: Application time: 0.2016850 seconds
59.449: [GC [PSYoungGen: 488448K->87547K(568320K)] 621140K->222638K(1148928K), 0.0488210 secs] [Times: user=0.38 sys=0.00, real=0.04 secs] 
59.498: Total time for which application threads were stopped: 0.0490220 seconds, Stopping threads took: 0.0001130 seconds
59.710: Application time: 0.2111940 seconds
59.710: [GC [PSYoungGen: 568315K->70855K(573952K)] 703406K->260086K(1154560K), 0.0645140 secs] [Times: user=0.50 sys=0.00, real=0.06 secs] 
59.774: Total time for which application threads were stopped: 0.0647410 seconds, Stopping threads took: 0.0001270 seconds
59.969: Application time: 0.1949000 seconds
59.969: [GC [PSYoungGen: 551623K->82089K(571904K)] 740854K->313541K(1152512K), 0.0597220 secs] [Times: user=0.47 sys=0.00, real=0.06 secs] 
60.029: Total time for which application threads were stopped: 0.0599100 seconds, Stopping threads took: 0.0001000 seconds
60.241: Application time: 0.2121870 seconds
60.241: [GC [PSYoungGen: 562857K->65659K(573952K)] 794309K->341725K(1154560K), 0.0543950 secs] [Times: user=0.43 sys=0.00, real=0.05 secs] 
60.296: Total time for which application threads were stopped: 0.0546120 seconds, Stopping threads took: 0.0001150 seconds
60.498: Application time: 0.2025630 seconds
60.499: [GC [PSYoungGen: 546427K->83419K(570880K)] 822493K->398197K(1151488K), 0.0598510 secs] [Times: user=0.47 sys=0.00, real=0.06 secs] 
60.558: Total time for which application threads were stopped: 0.0600280 seconds, Stopping threads took: 0.0000900 seconds
60.770: Application time: 0.2116970 seconds
60.774: [GC [PSYoungGen: 562139K->62522K(572928K)] 876917K->422386K(1153536K), 0.0526350 secs] [Times: user=0.42 sys=0.00, real=0.06 secs] 
60.827: Total time for which application threads were stopped: 0.0569530 seconds, Stopping threads took: 0.0042180 seconds
61.024: Application time: 0.1968060 seconds
61.024: [GC [PSYoungGen: 541242K->83986K(568832K)] 901106K->482671K(1149440K), 0.0595490 secs] [Times: user=0.47 sys=0.00, real=0.06 secs] 
61.084: Total time for which application threads were stopped: 0.0597100 seconds, Stopping threads took: 0.0000740 seconds
61.299: Application time: 0.2154780 seconds
61.299: [GC [PSYoungGen: 558610K->60218K(570880K)] 957295K->505179K(1151488K), 0.0533600 secs] [Times: user=0.42 sys=0.00, real=0.05 secs] 
61.353: Total time for which application threads were stopped: 0.0535510 seconds, Stopping threads took: 0.0000900 seconds
61.548: Application time: 0.1950240 seconds
61.550: [GC [PSYoungGen: 534842K->82498K(567808K)] 979803K->560522K(1148416K), 0.0577570 secs] [Times: user=0.46 sys=0.00, real=0.06 secs] 
61.608: Total time for which application threads were stopped: 0.0605220 seconds, Stopping threads took: 0.0026760 seconds
61.817: Application time: 0.2087500 seconds
61.817: [GC [PSYoungGen: 554050K->58672K(569344K)] 1032074K->579339K(1149952K), 0.0504310 secs] [Times: user=0.40 sys=0.00, real=0.06 secs] 
61.868: Total time for which application threads were stopped: 0.0506310 seconds, Stopping threads took: 0.0000980 seconds
62.063: Application time: 0.1950370 seconds
62.063: [GC [PSYoungGen: 530224K->80679K(568320K)] 1050891K->635144K(1148928K), 0.0552390 secs] [Times: user=0.43 sys=0.01, real=0.05 secs] 
62.118: [Full GC [PSYoungGen: 80679K->0K(568320K)] [ParOldGen: 554464K->131551K(607232K)] 635144K->131551K(1175552K) [PSPermGen: 9117K->9117K(21504K)], 0.1539780 secs] [Times: user=1.15 sys=0.00, real=0.16 secs] 
62.272: Total time for which application threads were stopped: 0.2094500 seconds, Stopping threads took: 0.0000790 seconds
62.478: Application time: 0.2062150 seconds
62.479: [GC [PSYoungGen: 470528K->74000K(544768K)] 602079K->205551K(1152000K), 0.0433730 secs] [Times: user=0.34 sys=0.00, real=0.04 secs] 
62.522: Total time for which application threads were stopped: 0.0435760 seconds, Stopping threads took: 0.0000990 seconds
62.715: Application time: 0.1927250 seconds
62.718: [GC [PSYoungGen: 544528K->82084K(566784K)] 676079K->265310K(1174016K), 0.0674750 secs] [Times: user=0.53 sys=0.00, real=0.06 secs] 
62.786: Total time for which application threads were stopped: 0.0712870 seconds, Stopping threads took: 0.0037160 seconds
62.999: Application time: 0.2127090 seconds
62.999: [GC [PSYoungGen: 552100K->60400K(567808K)] 735326K->283568K(1175040K), 0.0501970 secs] [Times: user=0.39 sys=0.00, real=0.05 secs] 
63.049: Total time for which application threads were stopped: 0.0504000 seconds, Stopping threads took: 0.0000940 seconds
63.241: Application time: 0.1919520 seconds
63.241: [GC [PSYoungGen: 530416K->82628K(566784K)] 753584K->340120K(1174016K), 0.0551270 secs] [Times: user=0.44 sys=0.00, real=0.05 secs] 
63.296: Total time for which application threads were stopped: 0.0553090 seconds, Stopping threads took: 0.0000940 seconds
63.506: Application time: 0.2095630 seconds
63.506: [GC [PSYoungGen: 552132K->56096K(525824K)] 809624K->347908K(1133056K), 0.0437640 secs] [Times: user=0.35 sys=0.00, real=0.05 secs] 
63.550: Total time for which application threads were stopped: 0.0439540 seconds, Stopping threads took: 0.0000870 seconds
63.739: Application time: 0.1894960 seconds
63.742: [GC [PSYoungGen: 525600K->83399K(564736K)] 817412K->408648K(1171968K), 0.0566670 secs] [Times: user=0.44 sys=0.00, real=0.06 secs] 
63.799: Total time for which application threads were stopped: 0.0598000 seconds, Stopping threads took: 0.0030440 seconds
64.013: Application time: 0.2134190 seconds
64.013: [GC [PSYoungGen: 548807K->56144K(566272K)] 874056K->421848K(1173504K), 0.0492910 secs] [Times: user=0.39 sys=0.00, real=0.05 secs] 
64.062: Total time for which application threads were stopped: 0.0495150 seconds, Stopping threads took: 0.0001230 seconds
64.251: Application time: 0.1893680 seconds
64.252: [GC [PSYoungGen: 521552K->85229K(561152K)] 887256K->485867K(1168384K), 0.0575690 secs] [Times: user=0.46 sys=0.00, real=0.06 secs] 
64.309: Total time for which application threads were stopped: 0.0577430 seconds, Stopping threads took: 0.0000840 seconds
64.518: Application time: 0.2083550 seconds
64.518: [GC [PSYoungGen: 545517K->54816K(563712K)] 946155K->497055K(1170944K), 0.0483690 secs] [Times: user=0.38 sys=0.00, real=0.05 secs] 
64.566: Total time for which application threads were stopped: 0.0485400 seconds, Stopping threads took: 0.0000720 seconds
64.756: Application time: 0.1901210 seconds
64.757: [GC [PSYoungGen: 515104K->80061K(563200K)] 957343K->556928K(1170432K), 0.0575680 secs] [Times: user=0.45 sys=0.00, real=0.06 secs] 
64.815: Total time for which application threads were stopped: 0.0585790 seconds, Stopping threads took: 0.0009210 seconds
65.019: Application time: 0.2038280 seconds
65.019: [GC [PSYoungGen: 540349K->59142K(519680K)] 1017216K->577042K(1126912K), 0.0499230 secs] [Times: user=0.39 sys=0.00, real=0.05 secs] 
65.069: Total time for which application threads were stopped: 0.0501360 seconds, Stopping threads took: 0.0001070 seconds
65.260: Application time: 0.1916780 seconds
65.261: [GC [PSYoungGen: 519430K->80999K(562688K)] 1037330K->633630K(1169920K), 0.0579380 secs] [Times: user=0.46 sys=0.00, real=0.06 secs] 
65.319: Total time for which application threads were stopped: 0.0581270 seconds, Stopping threads took: 0.0001040 seconds
65.525: Application time: 0.2064320 seconds
65.525: [GC [PSYoungGen: 541287K->56209K(563200K)] 1093918K->649420K(1170432K), 0.0455640 secs] [Times: user=0.35 sys=0.02, real=0.05 secs] 
65.571: [Full GC [PSYoungGen: 56209K->0K(563200K)] [ParOldGen: 593211K->122238K(607744K)] 649420K->122238K(1170944K) [PSPermGen: 9118K->9118K(21504K)], 0.1425190 secs] [Times: user=1.06 sys=0.00, real=0.14 secs] 
65.713: Total time for which application threads were stopped: 0.1883140 seconds, Stopping threads took: 0.0000700 seconds
65.902: Application time: 0.1890050 seconds
65.902: [GC [PSYoungGen: 460288K->88107K(557568K)] 582526K->210345K(1165312K), 0.0470430 secs] [Times: user=0.38 sys=0.00, real=0.05 secs] 
65.950: Total time for which application threads were stopped: 0.0472030 seconds, Stopping threads took: 0.0000730 seconds
66.151: Application time: 0.2012080 seconds
66.151: [GC [PSYoungGen: 543275K->58320K(561152K)] 665513K->229348K(1168896K), 0.0533920 secs] [Times: user=0.42 sys=0.00, real=0.05 secs] 
66.204: Total time for which application threads were stopped: 0.0535690 seconds, Stopping threads took: 0.0000800 seconds
66.397: Application time: 0.1922530 seconds
66.397: [GC [PSYoungGen: 513488K->73616K(556032K)] 684516K->278459K(1163776K), 0.0541080 secs] [Times: user=0.42 sys=0.01, real=0.06 secs] 
66.451: Total time for which application threads were stopped: 0.0542930 seconds, Stopping threads took: 0.0000960 seconds
66.653: Application time: 0.2023570 seconds
66.654: [GC [PSYoungGen: 529808K->60389K(559104K)] 734651K->303928K(1166848K), 0.0477700 secs] [Times: user=0.37 sys=0.00, real=0.05 secs] 
66.702: Total time for which application threads were stopped: 0.0490100 seconds, Stopping threads took: 0.0011350 seconds
66.890: Application time: 0.1881910 seconds
66.891: [GC [PSYoungGen: 516581K->74544K(559616K)] 760120K->352240K(1167360K), 0.0530290 secs] [Times: user=0.42 sys=0.00, real=0.05 secs] 
66.944: Total time for which application threads were stopped: 0.0531980 seconds, Stopping threads took: 0.0000810 seconds
67.150: Application time: 0.2068280 seconds
67.151: [GC [PSYoungGen: 537392K->62357K(562688K)] 815088K->377535K(1170432K), 0.0491420 secs] [Times: user=0.38 sys=0.00, real=0.05 secs] 
67.200: Total time for which application threads were stopped: 0.0493280 seconds, Stopping threads took: 0.0001010 seconds
67.394: Application time: 0.1946790 seconds
67.395: [GC [PSYoungGen: 525205K->73588K(562688K)] 840383K->424661K(1170432K), 0.0533190 secs] [Times: user=0.42 sys=0.00, real=0.06 secs] 
67.448: Total time for which application threads were stopped: 0.0534900 seconds, Stopping threads took: 0.0000740 seconds
67.652: Application time: 0.2040220 seconds
67.654: [GC [PSYoungGen: 542580K->62728K(565760K)] 893653K->450099K(1173504K), 0.0484990 secs] [Times: user=0.37 sys=0.00, real=0.05 secs] 
67.703: Total time for which application threads were stopped: 0.0509550 seconds, Stopping threads took: 0.0023710 seconds
67.894: Application time: 0.1914990 seconds
67.895: [GC [PSYoungGen: 531720K->74096K(567296K)] 919091K->497360K(1175040K), 0.0527280 secs] [Times: user=0.42 sys=0.00, real=0.06 secs] 
67.947: Total time for which application threads were stopped: 0.0529000 seconds, Stopping threads took: 0.0000870 seconds
68.159: Application time: 0.2111680 seconds
68.159: [GC [PSYoungGen: 548720K->59210K(569344K)] 971984K->516020K(1177088K), 0.0464520 secs] [Times: user=0.36 sys=0.00, real=0.04 secs] 
68.205: Total time for which application threads were stopped: 0.0466420 seconds, Stopping threads took: 0.0000880 seconds
68.397: Application time: 0.1918840 seconds
68.397: [GC [PSYoungGen: 533834K->75728K(571904K)] 990644K->565132K(1179648K), 0.0519170 secs] [Times: user=0.40 sys=0.01, real=0.06 secs] 
68.449: Total time for which application threads were stopped: 0.0521090 seconds, Stopping threads took: 0.0001070 seconds
68.659: Application time: 0.2100170 seconds
68.659: [GC [PSYoungGen: 553936K->60035K(572416K)] 1043340K->577695K(1180160K), 0.0429120 secs] [Times: user=0.34 sys=0.00, real=0.04 secs] 
68.702: Total time for which application threads were stopped: 0.0431020 seconds, Stopping threads took: 0.0001010 seconds
68.906: Application time: 0.2034060 seconds
68.906: [GC [PSYoungGen: 538243K->75232K(572416K)] 1055903K->621705K(1180160K), 0.0499630 secs] [Times: user=0.39 sys=0.00, real=0.05 secs] 
68.956: Total time for which application threads were stopped: 0.0501360 seconds, Stopping threads took: 0.0000740 seconds
69.160: Application time: 0.2045290 seconds
69.161: [GC [PSYoungGen: 554464K->62695K(572416K)] 1100937K->641208K(1180160K), 0.0463430 secs] [Times: user=0.37 sys=0.00, real=0.05 secs] 
69.207: [Full GC [PSYoungGen: 62695K->0K(572416K)] [ParOldGen: 578512K->117581K(613888K)] 641208K->117581K(1186304K) [PSPermGen: 9121K->9121K(21504K)], 0.1312450 secs] [Times: user=0.96 sys=0.00, real=0.12 secs] 
69.338: Total time for which application threads were stopped: 0.1778280 seconds, Stopping threads took: 0.0000810 seconds
69.542: Application time: 0.2034200 seconds
69.542: [GC [PSYoungGen: 479232K->83357K(568832K)] 596813K->200939K(1182720K), 0.0477100 secs] [Times: user=0.37 sys=0.00, real=0.05 secs] 
69.590: Total time for which application threads were stopped: 0.0479100 seconds, Stopping threads took: 0.0001030 seconds
69.791: Application time: 0.2013060 seconds
69.791: [GC [PSYoungGen: 560029K->64158K(571904K)] 677611K->226300K(1185792K), 0.0540650 secs] [Times: user=0.43 sys=0.00, real=0.05 secs] 
69.845: Total time for which application threads were stopped: 0.0542440 seconds, Stopping threads took: 0.0000900 seconds
70.050: Application time: 0.2047030 seconds
70.050: [GC [PSYoungGen: 540830K->69187K(565248K)] 702972K->257694K(1179136K), 0.0461290 secs] [Times: user=0.36 sys=0.00, real=0.04 secs] 
70.096: Total time for which application threads were stopped: 0.0463270 seconds, Stopping threads took: 0.0000960 seconds
70.298: Application time: 0.2021830 seconds
70.298: [GC [PSYoungGen: 547395K->69437K(569344K)] 735902K->291684K(1183232K), 0.0484330 secs] [Times: user=0.38 sys=0.00, real=0.05 secs] 
70.347: Total time for which application threads were stopped: 0.0486400 seconds, Stopping threads took: 0.0001240 seconds
70.553: Application time: 0.2065070 seconds
70.554: [GC [PSYoungGen: 547645K->74561K(573952K)] 769892K->332166K(1187840K), 0.0532940 secs] [Times: user=0.42 sys=0.00, real=0.06 secs] 
70.607: Total time for which application threads were stopped: 0.0535030 seconds, Stopping threads took: 0.0001100 seconds
70.817: Application time: 0.2099970 seconds
70.817: [GC [PSYoungGen: 561473K->70731K(576000K)] 819078K->368413K(1189888K), 0.0547710 secs] [Times: user=0.43 sys=0.00, real=0.06 secs] 
70.872: Total time for which application threads were stopped: 0.0549580 seconds, Stopping threads took: 0.0000960 seconds
71.077: Application time: 0.2054330 seconds
71.078: [GC [PSYoungGen: 557643K->79280K(576512K)] 855325K->417355K(1190400K), 0.0574350 secs] [Times: user=0.46 sys=0.00, real=0.05 secs] 
71.136: Total time for which application threads were stopped: 0.0585690 seconds, Stopping threads took: 0.0010320 seconds
71.343: Application time: 0.2073750 seconds
71.343: [GC [PSYoungGen: 568240K->73926K(578048K)] 906315K->452159K(1191936K), 0.0559830 secs] [Times: user=0.44 sys=0.00, real=0.06 secs] 
71.399: Total time for which application threads were stopped: 0.0561540 seconds, Stopping threads took: 0.0000870 seconds
71.608: Application time: 0.2083290 seconds
71.608: [GC [PSYoungGen: 562886K->82320K(573440K)] 941119K->505973K(1187328K), 0.0624790 secs] [Times: user=0.50 sys=0.00, real=0.06 secs] 
71.671: Total time for which application threads were stopped: 0.0627090 seconds, Stopping threads took: 0.0000770 seconds
71.877: Application time: 0.2065170 seconds
71.877: [GC [PSYoungGen: 567184K->78237K(576000K)] 990837K->548701K(1189888K), 0.0612810 secs] [Times: user=0.49 sys=0.00, real=0.07 secs] 
71.939: Total time for which application threads were stopped: 0.0614630 seconds, Stopping threads took: 0.0000900 seconds
72.148: Application time: 0.2098730 seconds
72.149: [GC [PSYoungGen: 563101K->73232K(572928K)] 1033565K->588672K(1186816K), 0.0585180 secs] [Times: user=0.46 sys=0.00, real=0.06 secs] 
72.207: Total time for which application threads were stopped: 0.0587060 seconds, Stopping threads took: 0.0000930 seconds
72.404: Application time: 0.1965120 seconds
72.404: [GC [PSYoungGen: 558096K->77890K(574464K)] 1073536K->636216K(1188352K), 0.0589550 secs] [Times: user=0.46 sys=0.00, real=0.06 secs] 
72.463: [Full GC [PSYoungGen: 77890K->0K(574464K)] [ParOldGen: 558325K->136616K(661504K)] 636216K->136616K(1235968K) [PSPermGen: 9123K->9123K(21504K)], 0.1591260 secs] [Times: user=1.19 sys=0.00, real=0.16 secs] 
72.622: Total time for which application threads were stopped: 0.2183330 seconds, Stopping threads took: 0.0000960 seconds
72.834: Application time: 0.2117410 seconds
72.834: [GC [PSYoungGen: 484864K->82475K(573440K)] 621480K->219091K(1234944K), 0.0491010 secs] [Times: user=0.38 sys=0.00, real=0.05 secs] 
72.884: Total time for which application threads were stopped: 0.0499030 seconds, Stopping threads took: 0.0006910 seconds
73.086: Application time: 0.2022270 seconds
73.086: [GC [PSYoungGen: 566315K->81232K(565248K)] 702931K->272959K(1226752K), 0.0710140 secs] [Times: user=0.56 sys=0.00, real=0.07 secs] 
73.157: Total time for which application threads were stopped: 0.0712100 seconds, Stopping threads took: 0.0001040 seconds
73.370: Application time: 0.2126650 seconds
73.370: [GC [PSYoungGen: 565072K->66217K(574976K)] 756799K->302090K(1236480K), 0.0537690 secs] [Times: user=0.43 sys=0.00, real=0.05 secs] 
73.424: Total time for which application threads were stopped: 0.0539590 seconds, Stopping threads took: 0.0000890 seconds
73.620: Application time: 0.1961840 seconds
73.620: [GC [PSYoungGen: 548521K->81248K(563712K)] 784394K->351873K(1225216K), 0.0561700 secs] [Times: user=0.44 sys=0.00, real=0.05 secs] 
73.676: Total time for which application threads were stopped: 0.0563620 seconds, Stopping threads took: 0.0000940 seconds
73.894: Application time: 0.2174050 seconds
73.894: [GC [PSYoungGen: 563552K->63013K(573952K)] 834177K->375721K(1235456K), 0.0517560 secs] [Times: user=0.41 sys=0.00, real=0.05 secs] 
73.946: Total time for which application threads were stopped: 0.0519490 seconds, Stopping threads took: 0.0000970 seconds
74.140: Application time: 0.1940060 seconds
74.140: [GC [PSYoungGen: 543781K->86288K(567296K)] 856489K->435315K(1228800K), 0.0594060 secs] [Times: user=0.47 sys=0.00, real=0.06 secs] 
74.199: Total time for which application threads were stopped: 0.0596040 seconds, Stopping threads took: 0.0001130 seconds
74.416: Application time: 0.2172830 seconds
74.417: [GC [PSYoungGen: 567056K->56699K(568832K)] 916083K->449169K(1230336K), 0.0503390 secs] [Times: user=0.40 sys=0.00, real=0.06 secs] 
74.467: Total time for which application threads were stopped: 0.0505480 seconds, Stopping threads took: 0.0001050 seconds
74.660: Application time: 0.1928330 seconds
74.660: [GC [PSYoungGen: 529275K->83303K(556032K)] 921745K->507394K(1217536K), 0.0706070 secs] [Times: user=0.50 sys=0.00, real=0.07 secs] 
74.731: Total time for which application threads were stopped: 0.0707730 seconds, Stopping threads took: 0.0000830 seconds
74.949: Application time: 0.2182420 seconds
74.949: [GC [PSYoungGen: 555879K->56201K(566784K)] 979970K->524862K(1228288K), 0.0496590 secs] [Times: user=0.40 sys=0.00, real=0.05 secs] 
74.999: Total time for which application threads were stopped: 0.0498710 seconds, Stopping threads took: 0.0001090 seconds
75.187: Application time: 0.1878740 seconds
75.187: [GC [PSYoungGen: 524681K->82598K(551424K)] 993342K->583837K(1212928K), 0.0578080 secs] [Times: user=0.45 sys=0.00, real=0.05 secs] 
75.245: Total time for which application threads were stopped: 0.0579650 seconds, Stopping threads took: 0.0000680 seconds
75.457: Application time: 0.2120420 seconds
75.457: [GC [PSYoungGen: 551078K->55929K(566784K)] 1052317K->600799K(1228288K), 0.0502500 secs] [Times: user=0.40 sys=0.00, real=0.06 secs] 
75.507: Total time for which application threads were stopped: 0.0504430 seconds, Stopping threads took: 0.0000930 seconds
75.698: Application time: 0.1912950 seconds
75.699: [GC [PSYoungGen: 522361K->82981K(549888K)] 1067231K->660701K(1211392K), 0.0596010 secs] [Times: user=0.47 sys=0.00, real=0.05 secs] 
75.758: Total time for which application threads were stopped: 0.0597860 seconds, Stopping threads took: 0.0001020 seconds
75.966: Application time: 0.2083140 seconds
75.967: [GC [PSYoungGen: 549201K->56889K(565248K)] 1126921K->678767K(1226752K), 0.0510740 secs] [Times: user=0.38 sys=0.03, real=0.05 secs] 
76.019: [Full GC [PSYoungGen: 56889K->0K(565248K)] [ParOldGen: 621877K->125656K(667136K)] 678767K->125656K(1232384K) [PSPermGen: 9123K->9123K(21504K)], 0.1476430 secs] [Times: user=1.09 sys=0.00, real=0.14 secs] 
76.166: Total time for which application threads were stopped: 0.1997230 seconds, Stopping threads took: 0.0008350 seconds
76.358: Application time: 0.1921230 seconds
76.362: [GC [PSYoungGen: 463360K->87401K(550912K)] 589016K->213057K(1218048K), 0.0491200 secs] [Times: user=0.39 sys=0.00, real=0.05 secs] 
76.412: Total time for which application threads were stopped: 0.0532700 seconds, Stopping threads took: 0.0040570 seconds
76.621: Application time: 0.2091160 seconds
76.621: [GC [PSYoungGen: 550761K->59948K(563200K)] 676417K->236778K(1230336K), 0.0570810 secs] [Times: user=0.45 sys=0.00, real=0.05 secs] 
76.678: Total time for which application threads were stopped: 0.0572660 seconds, Stopping threads took: 0.0000840 seconds
76.869: Application time: 0.1911600 seconds
76.869: [GC [PSYoungGen: 518700K->75680K(534528K)] 695530K->286726K(1201664K), 0.0532180 secs] [Times: user=0.42 sys=0.00, real=0.05 secs] 
76.923: Total time for which application threads were stopped: 0.0533820 seconds, Stopping threads took: 0.0000770 seconds
77.119: Application time: 0.1960150 seconds
77.119: [GC [PSYoungGen: 534432K->62118K(561664K)] 745478K->315950K(1228800K), 0.0505990 secs] [Times: user=0.40 sys=0.00, real=0.05 secs] 
77.169: Total time for which application threads were stopped: 0.0507760 seconds, Stopping threads took: 0.0000910 seconds
77.360: Application time: 0.1902990 seconds
77.360: [GC [PSYoungGen: 521894K->76816K(560640K)] 775726K->365192K(1227776K), 0.0541010 secs] [Times: user=0.43 sys=0.00, real=0.05 secs] 
77.414: Total time for which application threads were stopped: 0.0542790 seconds, Stopping threads took: 0.0000800 seconds
77.614: Application time: 0.1997810 seconds
77.614: [GC [PSYoungGen: 536592K->61403K(565248K)] 824968K->393059K(1232384K), 0.0504650 secs] [Times: user=0.40 sys=0.00, real=0.05 secs] 
77.665: Total time for which application threads were stopped: 0.0512510 seconds, Stopping threads took: 0.0006970 seconds
77.860: Application time: 0.1949880 seconds
77.860: [GC [PSYoungGen: 526811K->78416K(564224K)] 858467K->444203K(1231360K), 0.0557790 secs] [Times: user=0.44 sys=0.00, real=0.05 secs] 
77.916: Total time for which application threads were stopped: 0.0559540 seconds, Stopping threads took: 0.0000870 seconds
78.120: Application time: 0.2036930 seconds
78.120: [GC [PSYoungGen: 543824K->60086K(567808K)] 909611K->468645K(1234944K), 0.0507590 secs] [Times: user=0.40 sys=0.00, real=0.05 secs] 
78.171: Total time for which application threads were stopped: 0.0509760 seconds, Stopping threads took: 0.0001120 seconds
78.362: Application time: 0.1912120 seconds
78.362: [GC [PSYoungGen: 529078K->79792K(567296K)] 937637K->520927K(1234432K), 0.0548130 secs] [Times: user=0.44 sys=0.00, real=0.05 secs] 
78.417: Total time for which application threads were stopped: 0.0549950 seconds, Stopping threads took: 0.0000960 seconds
78.621: Application time: 0.2046200 seconds
78.622: [GC [PSYoungGen: 548784K->58407K(568320K)] 989919K->541459K(1235456K), 0.0488600 secs] [Times: user=0.39 sys=0.00, real=0.05 secs] 
78.670: Total time for which application threads were stopped: 0.0490420 seconds, Stopping threads took: 0.0000830 seconds
78.866: Application time: 0.1953690 seconds
78.866: [GC [PSYoungGen: 528423K->79520K(549888K)] 1011475K->593618K(1217024K), 0.0543470 secs] [Times: user=0.43 sys=0.00, real=0.06 secs] 
78.920: Total time for which application threads were stopped: 0.0545240 seconds, Stopping threads took: 0.0000930 seconds
79.123: Application time: 0.2030770 seconds
79.124: [GC [PSYoungGen: 549536K->63173K(569344K)] 1063634K->614561K(1236480K), 0.0491220 secs] [Times: user=0.39 sys=0.00, real=0.05 secs] 
79.173: Total time for which application threads were stopped: 0.0493130 seconds, Stopping threads took: 0.0000920 seconds
79.373: Application time: 0.2002480 seconds
79.374: [GC [PSYoungGen: 533189K->74320K(544768K)] 1084577K->657442K(1211904K), 0.0525430 secs] [Times: user=0.41 sys=0.00, real=0.06 secs] 
79.427: Total time for which application threads were stopped: 0.0540220 seconds, Stopping threads took: 0.0013940 seconds
79.629: Application time: 0.2018060 seconds
79.629: [GC [PSYoungGen: 544336K->67197K(568320K)] 1127458K->690842K(1235456K), 0.0519930 secs] [Times: user=0.41 sys=0.00, real=0.05 secs] 
79.681: [Full GC [PSYoungGen: 67197K->0K(568320K)] [ParOldGen: 623645K->127029K(681984K)] 690842K->127029K(1250304K) [PSPermGen: 9124K->9124K(21504K)], 0.1484350 secs] [Times: user=1.10 sys=0.00, real=0.15 secs] 
79.830: Total time for which application threads were stopped: 0.2006750 seconds, Stopping threads took: 0.0000830 seconds
80.036: Application time: 0.2060200 seconds
80.036: [GC [PSYoungGen: 472064K->84624K(566272K)] 599093K->211653K(1248256K), 0.0483950 secs] [Times: user=0.38 sys=0.00, real=0.05 secs] 
80.084: Total time for which application threads were stopped: 0.0485680 seconds, Stopping threads took: 0.0000880 seconds
80.287: Application time: 0.2026110 seconds
80.287: [GC [PSYoungGen: 556688K->69677K(570880K)] 683717K->250849K(1252864K), 0.0635420 secs] [Times: user=0.50 sys=0.00, real=0.06 secs] 
80.350: Total time for which application threads were stopped: 0.0637290 seconds, Stopping threads took: 0.0000880 seconds
80.554: Application time: 0.2031240 seconds
80.554: [GC [PSYoungGen: 544301K->71344K(546304K)] 725473K->287381K(1228288K), 0.0515190 secs] [Times: user=0.41 sys=0.00, real=0.05 secs] 
80.606: Total time for which application threads were stopped: 0.0524840 seconds, Stopping threads took: 0.0008830 seconds
80.813: Application time: 0.2064600 seconds
80.813: [GC [PSYoungGen: 545968K->66345K(569344K)] 762005K->316710K(1251328K), 0.0491540 secs] [Times: user=0.38 sys=0.00, real=0.05 secs] 
80.862: Total time for which application threads were stopped: 0.0493510 seconds, Stopping threads took: 0.0000880 seconds
81.064: Application time: 0.2023270 seconds
81.064: [GC [PSYoungGen: 543017K->71579K(568320K)] 793382K->344941K(1250304K), 0.0460410 secs] [Times: user=0.36 sys=0.00, real=0.05 secs] 
81.110: Total time for which application threads were stopped: 0.0462190 seconds, Stopping threads took: 0.0000900 seconds
81.315: Application time: 0.2042480 seconds
81.315: [GC [PSYoungGen: 548251K->66303K(573440K)] 821613K->376230K(1255424K), 0.0493200 secs] [Times: user=0.39 sys=0.00, real=0.05 secs] 
81.364: Total time for which application threads were stopped: 0.0495090 seconds, Stopping threads took: 0.0000920 seconds
81.564: Application time: 0.1994890 seconds
81.566: [GC [PSYoungGen: 550143K->79169K(572416K)] 860070K->422724K(1254400K), 0.0539110 secs] [Times: user=0.43 sys=0.00, real=0.05 secs] 
81.620: Total time for which application threads were stopped: 0.0567100 seconds, Stopping threads took: 0.0027140 seconds
81.827: Application time: 0.2062290 seconds
81.827: [GC [PSYoungGen: 563009K->66884K(577536K)] 906564K->453836K(1259520K), 0.0523960 secs] [Times: user=0.42 sys=0.00, real=0.05 secs] 
81.879: Total time for which application threads were stopped: 0.0525970 seconds, Stopping threads took: 0.0001060 seconds
82.081: Application time: 0.2014640 seconds
82.081: [GC [PSYoungGen: 554820K->81339K(569344K)] 941772K->506982K(1251328K), 0.0578050 secs] [Times: user=0.46 sys=0.00, real=0.06 secs] 
82.139: Total time for which application threads were stopped: 0.0579850 seconds, Stopping threads took: 0.0000960 seconds
82.356: Application time: 0.2173370 seconds
82.356: [GC [PSYoungGen: 569161K->70000K(577536K)] 994803K->540823K(1259520K), 0.0559420 secs] [Times: user=0.45 sys=0.00, real=0.06 secs] 
82.412: Total time for which application threads were stopped: 0.0561270 seconds, Stopping threads took: 0.0000910 seconds
82.618: Application time: 0.2059700 seconds
82.622: [GC [PSYoungGen: 556400K->79634K(576000K)] 1027223K->594170K(1257984K), 0.0602300 secs] [Times: user=0.48 sys=0.01, real=0.06 secs] 
82.683: Total time for which application threads were stopped: 0.0646560 seconds, Stopping threads took: 0.0042940 seconds
82.893: Application time: 0.2105380 seconds
82.893: [GC [PSYoungGen: 566034K->70907K(575488K)] 1080570K->629462K(1257472K), 0.0564760 secs] [Times: user=0.44 sys=0.00, real=0.06 secs] 
82.950: Total time for which application threads were stopped: 0.0567000 seconds, Stopping threads took: 0.0001270 seconds
83.154: Application time: 0.2040540 seconds
83.154: [GC [PSYoungGen: 557819K->76736K(576000K)] 1116374K->676603K(1257984K), 0.0580040 secs] [Times: user=0.46 sys=0.00, real=0.06 secs] 
83.212: Total time for which application threads were stopped: 0.0581710 seconds, Stopping threads took: 0.0000830 seconds
83.419: Application time: 0.2066260 seconds
83.419: [GC [PSYoungGen: 563648K->73253K(574976K)] 1163515K->710646K(1256960K), 0.0535520 secs] [Times: user=0.42 sys=0.00, real=0.05 secs] 
83.473: [Full GC [PSYoungGen: 73253K->0K(574976K)] [ParOldGen: 637392K->129877K(704000K)] 710646K->129877K(1278976K) [PSPermGen: 9127K->9127K(21504K)], 0.1494970 secs] [Times: user=1.11 sys=0.00, real=0.15 secs] 
83.622: Total time for which application threads were stopped: 0.2033110 seconds, Stopping threads took: 0.0001040 seconds
83.828: Application time: 0.2061320 seconds
83.828: [GC [PSYoungGen: 488960K->87522K(576512K)] 618837K->218380K(1280512K), 0.0492720 secs] [Times: user=0.39 sys=0.00, real=0.04 secs] 
83.879: Total time for which application threads were stopped: 0.0510420 seconds, Stopping threads took: 0.0001010 seconds
84.084: Application time: 0.2045140 seconds
84.084: [GC [PSYoungGen: 576482K->75320K(576512K)] 707340K->261619K(1280512K), 0.0665200 secs] [Times: user=0.52 sys=0.00, real=0.07 secs] 
84.151: Total time for which application threads were stopped: 0.0667200 seconds, Stopping threads took: 0.0000990 seconds
84.359: Application time: 0.2082730 seconds
84.359: [GC [PSYoungGen: 561208K->71643K(557568K)] 747507K->299510K(1261568K), 0.0544970 secs] [Times: user=0.43 sys=0.00, real=0.05 secs] 
84.414: Total time for which application threads were stopped: 0.0546720 seconds, Stopping threads took: 0.0000900 seconds
84.617: Application time: 0.2038900 seconds
84.618: [GC [PSYoungGen: 557531K->75536K(576512K)] 785398K->344124K(1280512K), 0.0563110 secs] [Times: user=0.43 sys=0.00, real=0.06 secs] 
84.674: Total time for which application threads were stopped: 0.0564880 seconds, Stopping threads took: 0.0000830 seconds
84.883: Application time: 0.2095480 seconds
84.886: [GC [PSYoungGen: 562448K->71680K(575488K)] 831036K->383559K(1279488K), 0.0563860 secs] [Times: user=0.44 sys=0.00, real=0.05 secs] 
84.943: Total time for which application threads were stopped: 0.0593810 seconds, Stopping threads took: 0.0029080 seconds
85.148: Application time: 0.2052240 seconds
85.148: [GC [PSYoungGen: 558592K->78171K(576512K)] 870471K->426606K(1280512K), 0.0569400 secs] [Times: user=0.45 sys=0.00, real=0.05 secs] 
85.205: Total time for which application threads were stopped: 0.0571450 seconds, Stopping threads took: 0.0001040 seconds
85.412: Application time: 0.2063280 seconds
85.412: [GC [PSYoungGen: 566965K->69866K(576512K)] 915401K->457901K(1280512K), 0.0535280 secs] [Times: user=0.43 sys=0.00, real=0.05 secs] 
85.465: Total time for which application threads were stopped: 0.0537340 seconds, Stopping threads took: 0.0001200 seconds
85.671: Application time: 0.2055240 seconds
85.671: [GC [PSYoungGen: 558760K->77798K(578560K)] 946794K->500617K(1282560K), 0.0553110 secs] [Times: user=0.44 sys=0.00, real=0.05 secs] 
85.726: Total time for which application threads were stopped: 0.0555030 seconds, Stopping threads took: 0.0000920 seconds
85.937: Application time: 0.2108920 seconds
85.937: [GC [PSYoungGen: 569318K->67307K(579072K)] 992137K->531480K(1283072K), 0.0537220 secs] [Times: user=0.42 sys=0.00, real=0.06 secs] 
85.991: Total time for which application threads were stopped: 0.0538860 seconds, Stopping threads took: 0.0000730 seconds
86.195: Application time: 0.2035060 seconds
86.195: [GC [PSYoungGen: 558827K->75053K(578560K)] 1023000K->568687K(1282560K), 0.0510920 secs] [Times: user=0.40 sys=0.00, real=0.05 secs] 
86.246: Total time for which application threads were stopped: 0.0512930 seconds, Stopping threads took: 0.0001020 seconds
86.460: Application time: 0.2137980 seconds
86.460: [GC [PSYoungGen: 567597K->62956K(579072K)] 1061231K->593082K(1283072K), 0.0495770 secs] [Times: user=0.39 sys=0.00, real=0.05 secs] 
86.509: Total time for which application threads were stopped: 0.0497550 seconds, Stopping threads took: 0.0000800 seconds
86.711: Application time: 0.2015120 seconds
86.711: [GC [PSYoungGen: 555500K->80697K(577024K)] 1085626K->640920K(1281024K), 0.0557880 secs] [Times: user=0.44 sys=0.01, real=0.06 secs] 
86.767: Total time for which application threads were stopped: 0.0559760 seconds, Stopping threads took: 0.0000850 seconds
86.982: Application time: 0.2152090 seconds
86.982: [GC [PSYoungGen: 570681K->60543K(550912K)] 1130904K->656461K(1254912K), 0.0478650 secs] [Times: user=0.37 sys=0.01, real=0.05 secs] 
87.030: Total time for which application threads were stopped: 0.0480410 seconds, Stopping threads took: 0.0000850 seconds
87.230: Application time: 0.1996930 seconds
87.230: [GC [PSYoungGen: 550527K->85846K(570880K)] 1146445K->714270K(1274880K), 0.0577490 secs] [Times: user=0.46 sys=0.00, real=0.06 secs] 
87.288: Total time for which application threads were stopped: 0.0579290 seconds, Stopping threads took: 0.0000840 seconds
87.500: Application time: 0.2121690 seconds
87.500: [GC [PSYoungGen: 567638K->56789K(538624K)] 1196062K->717029K(1242624K), 0.0422710 secs] [Times: user=0.33 sys=0.01, real=0.04 secs] 
87.542: [Full GC [PSYoungGen: 56789K->0K(538624K)] [ParOldGen: 660239K->110061K(699392K)] 717029K->110061K(1238016K) [PSPermGen: 9127K->9127K(21504K)], 0.1192190 secs] [Times: user=0.86 sys=0.00, real=0.12 secs] 
87.662: Total time for which application threads were stopped: 0.1617450 seconds, Stopping threads took: 0.0000980 seconds
87.856: Application time: 0.1943810 seconds
87.856: [GC [PSYoungGen: 481792K->93695K(556032K)] 591853K->210800K(1255424K), 0.0526090 secs] [Times: user=0.42 sys=0.00, real=0.06 secs] 
87.909: Total time for which application threads were stopped: 0.0528100 seconds, Stopping threads took: 0.0001030 seconds
88.114: Application time: 0.2050360 seconds
88.114: [GC [PSYoungGen: 556031K->60309K(564736K)] 673136K->236211K(1264128K), 0.0598040 secs] [Times: user=0.48 sys=0.00, real=0.06 secs] 
88.174: Total time for which application threads were stopped: 0.0599870 seconds, Stopping threads took: 0.0000950 seconds
88.362: Application time: 0.1877430 seconds
88.362: [GC [PSYoungGen: 522645K->82958K(564224K)] 698547K->299323K(1263616K), 0.0608580 secs] [Times: user=0.48 sys=0.00, real=0.06 secs] 
88.423: Total time for which application threads were stopped: 0.0610580 seconds, Stopping threads took: 0.0001020 seconds
88.629: Application time: 0.2062370 seconds
88.629: [GC [PSYoungGen: 545294K->59473K(564736K)] 761659K->320532K(1264128K), 0.0513660 secs] [Times: user=0.40 sys=0.00, real=0.05 secs] 
88.681: Total time for which application threads were stopped: 0.0515350 seconds, Stopping threads took: 0.0000800 seconds
88.873: Application time: 0.1921600 seconds
88.874: [GC [PSYoungGen: 521809K->77853K(562688K)] 782868K->376388K(1262080K), 0.0565180 secs] [Times: user=0.44 sys=0.00, real=0.06 secs] 
88.931: Total time for which application threads were stopped: 0.0582770 seconds, Stopping threads took: 0.0016590 seconds
89.131: Application time: 0.1998780 seconds
89.131: [GC [PSYoungGen: 540189K->62606K(563712K)] 838724K->404279K(1263104K), 0.0519060 secs] [Times: user=0.40 sys=0.00, real=0.05 secs] 
89.183: Total time for which application threads were stopped: 0.0520920 seconds, Stopping threads took: 0.0001020 seconds
89.374: Application time: 0.1906210 seconds
89.374: [GC [PSYoungGen: 524942K->75659K(562688K)] 866615K->455311K(1262080K), 0.0552440 secs] [Times: user=0.44 sys=0.00, real=0.06 secs] 
89.429: Total time for which application threads were stopped: 0.0554370 seconds, Stopping threads took: 0.0001090 seconds
89.636: Application time: 0.2067120 seconds
89.636: [GC [PSYoungGen: 541067K->61617K(564224K)] 920719K->482509K(1263616K), 0.0512830 secs] [Times: user=0.40 sys=0.00, real=0.06 secs] 
89.687: Total time for which application threads were stopped: 0.0514770 seconds, Stopping threads took: 0.0000950 seconds
89.883: Application time: 0.1957480 seconds
89.886: [GC [PSYoungGen: 527025K->76420K(565760K)] 947917K->532092K(1265152K), 0.0563750 secs] [Times: user=0.44 sys=0.00, real=0.05 secs] 
89.943: Total time for which application threads were stopped: 0.0598680 seconds, Stopping threads took: 0.0034030 seconds
90.146: Application time: 0.2031130 seconds
90.146: [GC [PSYoungGen: 546436K->62862K(567296K)] 1002108K->558279K(1266688K), 0.0492760 secs] [Times: user=0.39 sys=0.00, real=0.05 secs] 
90.195: Total time for which application threads were stopped: 0.0494670 seconds, Stopping threads took: 0.0000900 seconds
90.394: Application time: 0.1990460 seconds
90.395: [GC [PSYoungGen: 532878K->70354K(564224K)] 1028295K->599076K(1263616K), 0.0516700 secs] [Times: user=0.40 sys=0.00, real=0.05 secs] 
90.446: Total time for which application threads were stopped: 0.0518340 seconds, Stopping threads took: 0.0000780 seconds
90.646: Application time: 0.1999620 seconds
90.646: [GC [PSYoungGen: 543901K->67437K(567296K)] 1072624K->634498K(1266688K), 0.0509980 secs] [Times: user=0.40 sys=0.00, real=0.04 secs] 
90.698: Total time for which application threads were stopped: 0.0511970 seconds, Stopping threads took: 0.0000990 seconds
90.900: Application time: 0.2020810 seconds
90.902: [GC [PSYoungGen: 541037K->68114K(568832K)] 1108098K->666390K(1268224K), 0.0493670 secs] [Times: user=0.39 sys=0.00, real=0.05 secs] 
90.952: Total time for which application threads were stopped: 0.0522750 seconds, Stopping threads took: 0.0028230 seconds
91.157: Application time: 0.2050340 seconds
91.157: [GC [PSYoungGen: 549394K->73920K(571904K)] 1147670K->707841K(1271296K), 0.0536020 secs] [Times: user=0.42 sys=0.00, real=0.06 secs] 
91.211: Total time for which application threads were stopped: 0.0538010 seconds, Stopping threads took: 0.0000950 seconds
91.416: Application time: 0.2053950 seconds
91.416: [GC [PSYoungGen: 555200K->69927K(571904K)] 1189121K->743424K(1271296K), 0.0517980 secs] [Times: user=0.42 sys=0.00, real=0.06 secs] 
91.468: [Full GC [PSYoungGen: 69927K->0K(571904K)] [ParOldGen: 673497K->129570K(736768K)] 743424K->129570K(1308672K) [PSPermGen: 9128K->9128K(21504K)], 0.1521180 secs] [Times: user=1.11 sys=0.00, real=0.15 secs] 
91.620: Total time for which application threads were stopped: 0.2041600 seconds, Stopping threads took: 0.0000910 seconds
91.823: Application time: 0.2028750 seconds
91.823: [GC [PSYoungGen: 486400K->87682K(574464K)] 615970K->217252K(1311232K), 0.0489470 secs] [Times: user=0.39 sys=0.00, real=0.05 secs] 
91.872: Total time for which application threads were stopped: 0.0491340 seconds, Stopping threads took: 0.0000860 seconds
92.075: Application time: 0.2026410 seconds
92.078: [GC [PSYoungGen: 574082K->73572K(576000K)] 703652K->261419K(1312768K), 0.0654750 secs] [Times: user=0.52 sys=0.00, real=0.06 secs] 
92.144: Total time for which application threads were stopped: 0.0690370 seconds, Stopping threads took: 0.0034750 seconds
92.347: Application time: 0.2032910 seconds
92.347: [GC [PSYoungGen: 556900K->72130K(555520K)] 744747K->290319K(1292288K), 0.0491980 secs] [Times: user=0.39 sys=0.00, real=0.04 secs] 
92.397: Total time for which application threads were stopped: 0.0494010 seconds, Stopping threads took: 0.0001020 seconds
92.601: Application time: 0.2042920 seconds
92.601: [GC [PSYoungGen: 555458K->73136K(574464K)] 773647K->334653K(1311232K), 0.0568700 secs] [Times: user=0.45 sys=0.00, real=0.05 secs] 
92.658: Total time for which application threads were stopped: 0.0570710 seconds, Stopping threads took: 0.0001130 seconds
92.861: Application time: 0.2028190 seconds
92.861: [GC [PSYoungGen: 558000K->72910K(572928K)] 819517K->371070K(1309696K), 0.0527710 secs] [Times: user=0.41 sys=0.00, real=0.05 secs] 
92.914: Total time for which application threads were stopped: 0.0529510 seconds, Stopping threads took: 0.0000830 seconds
93.126: Application time: 0.2125730 seconds
93.126: [GC [PSYoungGen: 557774K->69440K(577024K)] 855934K->408768K(1313792K), 0.0557670 secs] [Times: user=0.41 sys=0.00, real=0.05 secs] 
93.182: Total time for which application threads were stopped: 0.0559300 seconds, Stopping threads took: 0.0000680 seconds
93.383: Application time: 0.2007370 seconds
93.383: [GC [PSYoungGen: 559936K->78649K(576000K)] 899264K->451761K(1312768K), 0.0546920 secs] [Times: user=0.43 sys=0.00, real=0.05 secs] 
93.438: Total time for which application threads were stopped: 0.0548980 seconds, Stopping threads took: 0.0001070 seconds
93.661: Application time: 0.2235190 seconds
93.662: [GC [PSYoungGen: 569145K->63184K(580096K)] 942257K->474694K(1316864K), 0.0508390 secs] [Times: user=0.40 sys=0.00, real=0.05 secs] 
93.712: Total time for which application threads were stopped: 0.0510150 seconds, Stopping threads took: 0.0000890 seconds
93.911: Application time: 0.1985840 seconds
93.914: [GC [PSYoungGen: 556240K->87033K(580096K)] 967750K->538274K(1316864K), 0.0607560 secs] [Times: user=0.48 sys=0.00, real=0.06 secs] 
93.975: Total time for which application threads were stopped: 0.0642040 seconds, Stopping threads took: 0.0033250 seconds
94.201: Application time: 0.2254430 seconds
94.201: [GC [PSYoungGen: 580089K->53627K(540160K)] 1031330K->536668K(1276928K), 0.0424590 secs] [Times: user=0.34 sys=0.00, real=0.04 secs] 
94.243: Total time for which application threads were stopped: 0.0427050 seconds, Stopping threads took: 0.0001580 seconds
94.417: Application time: 0.1735850 seconds
94.418: [GC [PSYoungGen: 506747K->85847K(539136K)] 989788K->601832K(1275904K), 0.0572920 secs] [Times: user=0.46 sys=0.00, real=0.05 secs] 
94.476: Total time for which application threads were stopped: 0.0587770 seconds, Stopping threads took: 0.0013830 seconds
94.680: Application time: 0.2041610 seconds
94.682: [GC [PSYoungGen: 538967K->50576K(557056K)] 1054952K->606395K(1293824K), 0.0449610 secs] [Times: user=0.35 sys=0.00, real=0.05 secs] 
94.727: Total time for which application threads were stopped: 0.0475080 seconds, Stopping threads took: 0.0024610 seconds
94.900: Application time: 0.1726140 seconds
94.900: [GC [PSYoungGen: 499600K->82000K(558080K)] 1055419K->670902K(1294848K), 0.0559210 secs] [Times: user=0.44 sys=0.00, real=0.05 secs] 
94.956: Total time for which application threads were stopped: 0.0561160 seconds, Stopping threads took: 0.0001070 seconds
95.156: Application time: 0.1996420 seconds
95.156: [GC [PSYoungGen: 531024K->59088K(556544K)] 1119926K->691527K(1293312K), 0.0510800 secs] [Times: user=0.40 sys=0.00, real=0.06 secs] 
95.207: Total time for which application threads were stopped: 0.0512600 seconds, Stopping threads took: 0.0000760 seconds
95.387: Application time: 0.1794820 seconds
95.390: [GC [PSYoungGen: 508624K->83680K(557568K)] 1141063K->754242K(1294336K), 0.0606710 secs] [Times: user=0.48 sys=0.00, real=0.06 secs] 
95.451: Total time for which application threads were stopped: 0.0645660 seconds, Stopping threads took: 0.0038030 seconds
95.650: Application time: 0.1990010 seconds
95.650: [GC [PSYoungGen: 533216K->61360K(556544K)] 1203778K->778687K(1293312K), 0.0527970 secs] [Times: user=0.39 sys=0.02, real=0.05 secs] 
95.703: [Full GC [PSYoungGen: 61360K->0K(556544K)] [ParOldGen: 717327K->136468K(762880K)] 778687K->136468K(1319424K) [PSPermGen: 9130K->9130K(21504K)], 0.1682580 secs] [Times: user=1.25 sys=0.00, real=0.17 secs] 
95.871: Total time for which application threads were stopped: 0.2213080 seconds, Stopping threads took: 0.0001040 seconds
96.052: Application time: 0.1803650 seconds
96.054: [GC [PSYoungGen: 450560K->88863K(557568K)] 587028K->225332K(1320448K), 0.0480440 secs] [Times: user=0.38 sys=0.00, real=0.05 secs] 
96.103: Total time for which application threads were stopped: 0.0507320 seconds, Stopping threads took: 0.0025700 seconds
96.304: Application time: 0.2015320 seconds
96.304: [GC [PSYoungGen: 539423K->61140K(558592K)] 675892K->253128K(1321472K), 0.0582770 secs] [Times: user=0.47 sys=0.00, real=0.06 secs] 
96.363: Total time for which application threads were stopped: 0.0584690 seconds, Stopping threads took: 0.0001050 seconds
96.543: Application time: 0.1805980 seconds
96.543: [GC [PSYoungGen: 510164K->82053K(531456K)] 702152K->316442K(1294336K), 0.0607280 secs] [Times: user=0.49 sys=0.00, real=0.06 secs] 
96.604: Total time for which application threads were stopped: 0.0609100 seconds, Stopping threads took: 0.0000870 seconds
96.806: Application time: 0.2021170 seconds
96.806: [GC [PSYoungGen: 531077K->60261K(558080K)] 765466K->345458K(1320960K), 0.0567600 secs] [Times: user=0.45 sys=0.00, real=0.06 secs] 
96.863: Total time for which application threads were stopped: 0.0569410 seconds, Stopping threads took: 0.0000780 seconds
97.048: Application time: 0.1848060 seconds
97.048: [GC [PSYoungGen: 510309K->81437K(557056K)] 795506K->408025K(1319936K), 0.0606750 secs] [Times: user=0.48 sys=0.00, real=0.06 secs] 
97.109: Total time for which application threads were stopped: 0.0608460 seconds, Stopping threads took: 0.0000840 seconds
97.310: Application time: 0.2012140 seconds
97.310: [GC [PSYoungGen: 531485K->64234K(558080K)] 858073K->438477K(1320960K), 0.0566580 secs] [Times: user=0.45 sys=0.01, real=0.06 secs] 
97.367: Total time for which application threads were stopped: 0.0568600 seconds, Stopping threads took: 0.0001040 seconds
97.555: Application time: 0.1882550 seconds
97.555: [GC [PSYoungGen: 517354K->78378K(558592K)] 891597K->491476K(1321472K), 0.0581310 secs] [Times: user=0.47 sys=0.00, real=0.06 secs] 
97.613: Total time for which application threads were stopped: 0.0582910 seconds, Stopping threads took: 0.0000730 seconds
97.813: Application time: 0.1996760 seconds
97.814: [GC [PSYoungGen: 531498K->68202K(558592K)] 944596K->526180K(1321472K), 0.0566930 secs] [Times: user=0.45 sys=0.00, real=0.06 secs] 
97.871: Total time for which application threads were stopped: 0.0580750 seconds, Stopping threads took: 0.0012870 seconds
98.062: Application time: 0.1909930 seconds
98.062: [GC [PSYoungGen: 525699K->75495K(559616K)] 983678K->573711K(1322496K), 0.0569580 secs] [Times: user=0.45 sys=0.00, real=0.06 secs] 
98.119: Total time for which application threads were stopped: 0.0571420 seconds, Stopping threads took: 0.0000950 seconds
98.318: Application time: 0.1991090 seconds
98.319: [GC [PSYoungGen: 533223K->70288K(562176K)] 1031439K->611744K(1325056K), 0.0569400 secs] [Times: user=0.45 sys=0.00, real=0.05 secs] 
98.376: Total time for which application threads were stopped: 0.0571130 seconds, Stopping threads took: 0.0000750 seconds
98.567: Application time: 0.1915190 seconds
98.567: [GC [PSYoungGen: 535696K->77257K(563200K)] 1077152K->660138K(1326080K), 0.0579760 secs] [Times: user=0.46 sys=0.00, real=0.05 secs] 
98.625: Total time for which application threads were stopped: 0.0581550 seconds, Stopping threads took: 0.0000920 seconds
98.828: Application time: 0.2023260 seconds
98.830: [GC [PSYoungGen: 542665K->72160K(563712K)] 1125546K->699029K(1326592K), 0.0597280 secs] [Times: user=0.47 sys=0.00, real=0.06 secs] 
98.890: Total time for which application threads were stopped: 0.0626640 seconds, Stopping threads took: 0.0028300 seconds
99.083: Application time: 0.1930680 seconds
99.083: [GC [PSYoungGen: 544224K->75879K(566784K)] 1171093K->743773K(1329664K), 0.0572340 secs] [Times: user=0.45 sys=0.00, real=0.06 secs] 
99.141: Total time for which application threads were stopped: 0.0573990 seconds, Stopping threads took: 0.0000810 seconds
99.347: Application time: 0.2064790 seconds
99.347: [GC [PSYoungGen: 547943K->70032K(568320K)] 1215837K->780660K(1331200K), 0.0593210 secs] [Times: user=0.47 sys=0.00, real=0.06 secs] 
99.407: [Full GC [PSYoungGen: 70032K->0K(568320K)] [ParOldGen: 710628K->138953K(783872K)] 780660K->138953K(1352192K) [PSPermGen: 9130K->9130K(21504K)], 0.1712460 secs] [Times: user=1.27 sys=0.00, real=0.16 secs] 
99.578: Total time for which application threads were stopped: 0.2308300 seconds, Stopping threads took: 0.0000950 seconds
99.780: Application time: 0.2018090 seconds
99.782: [GC [PSYoungGen: 478720K->85655K(570880K)] 617673K->224609K(1354752K), 0.0474170 secs] [Times: user=0.38 sys=0.00, real=0.05 secs] 
99.830: Total time for which application threads were stopped: 0.0500840 seconds, Stopping threads took: 0.0025810 seconds
100.039: Application time: 0.2088510 seconds
100.039: [GC [PSYoungGen: 564375K->67307K(572928K)] 703329K->252991K(1356800K), 0.0576780 secs] [Times: user=0.45 sys=0.00, real=0.05 secs] 
100.097: Total time for which application threads were stopped: 0.0578650 seconds, Stopping threads took: 0.0000900 seconds
100.293: Application time: 0.1964980 seconds
100.293: [GC [PSYoungGen: 545003K->79844K(571904K)] 730687K->302177K(1355776K), 0.0556850 secs] [Times: user=0.44 sys=0.00, real=0.06 secs] 
100.349: Total time for which application threads were stopped: 0.0558920 seconds, Stopping threads took: 0.0001180 seconds
100.558: Application time: 0.2089180 seconds
100.558: [GC [PSYoungGen: 557540K->67783K(571392K)] 779873K->331962K(1355264K), 0.0541050 secs] [Times: user=0.42 sys=0.00, real=0.06 secs] 
100.612: Total time for which application threads were stopped: 0.0543120 seconds, Stopping threads took: 0.0001060 seconds
100.815: Application time: 0.2026650 seconds
100.815: [GC [PSYoungGen: 545991K->81433K(571904K)] 810170K->384050K(1355776K), 0.0583950 secs] [Times: user=0.46 sys=0.00, real=0.06 secs] 
100.874: Total time for which application threads were stopped: 0.0585710 seconds, Stopping threads took: 0.0000870 seconds
101.080: Application time: 0.2068290 seconds
101.080: [GC [PSYoungGen: 559641K->64918K(572928K)] 862258K->412029K(1356800K), 0.0533940 secs] [Times: user=0.42 sys=0.01, real=0.05 secs] 
101.134: Total time for which application threads were stopped: 0.0535890 seconds, Stopping threads took: 0.0000940 seconds
101.328: Application time: 0.1941900 seconds
101.330: [GC [PSYoungGen: 543126K->85252K(563712K)] 890237K->470996K(1347584K), 0.0608160 secs] [Times: user=0.49 sys=0.00, real=0.06 secs] 
101.391: Total time for which application threads were stopped: 0.0632110 seconds, Stopping threads took: 0.0023040 seconds
101.606: Application time: 0.2142650 seconds
101.606: [GC [PSYoungGen: 563460K->64634K(571392K)] 949204K->496868K(1355264K), 0.0554560 secs] [Times: user=0.44 sys=0.00, real=0.06 secs] 
101.661: Total time for which application threads were stopped: 0.0556370 seconds, Stopping threads took: 0.0000800 seconds
101.850: Application time: 0.1885960 seconds
101.850: [GC [PSYoungGen: 539770K->86155K(561664K)] 972004K->559738K(1345536K), 0.0615680 secs] [Times: user=0.49 sys=0.00, real=0.06 secs] 
101.912: Total time for which application threads were stopped: 0.0617370 seconds, Stopping threads took: 0.0000810 seconds
102.124: Application time: 0.2127030 seconds
102.124: [GC [PSYoungGen: 561291K->63472K(569344K)] 1034874K->587340K(1353216K), 0.0589170 secs] [Times: user=0.46 sys=0.00, real=0.06 secs] 
102.183: Total time for which application threads were stopped: 0.0591180 seconds, Stopping threads took: 0.0001020 seconds
102.370: Application time: 0.1862120 seconds
102.370: [GC [PSYoungGen: 534512K->89600K(561152K)] 1058380K->656597K(1345024K), 0.0661350 secs] [Times: user=0.51 sys=0.00, real=0.06 secs] 
102.436: Total time for which application threads were stopped: 0.0663260 seconds, Stopping threads took: 0.0001050 seconds
102.648: Application time: 0.2121930 seconds
102.650: [GC [PSYoungGen: 560640K->63056K(566272K)] 1127637K->681918K(1350144K), 0.0585740 secs] [Times: user=0.46 sys=0.00, real=0.06 secs] 
102.709: Total time for which application threads were stopped: 0.0609520 seconds, Stopping threads took: 0.0022750 seconds
102.896: Application time: 0.1870870 seconds
102.896: [GC [PSYoungGen: 527952K->89184K(554496K)] 1146814K->750879K(1338368K), 0.0662460 secs] [Times: user=0.52 sys=0.01, real=0.07 secs] 
102.963: Total time for which application threads were stopped: 0.0663940 seconds, Stopping threads took: 0.0000610 seconds
103.170: Application time: 0.2074040 seconds
103.170: [GC [PSYoungGen: 554080K->64432K(564224K)] 1215775K->776353K(1348096K), 0.0577230 secs] [Times: user=0.46 sys=0.00, real=0.06 secs] 
103.228: Total time for which application threads were stopped: 0.0579070 seconds, Stopping threads took: 0.0000830 seconds
103.409: Application time: 0.1807780 seconds
103.409: [GC [PSYoungGen: 524720K->89792K(550400K)] 1236641K->845860K(1334272K), 0.0636650 secs] [Times: user=0.50 sys=0.01, real=0.06 secs] 
103.473: [Full GC [PSYoungGen: 89792K->0K(550400K)] [ParOldGen: 756068K->150467K(816640K)] 845860K->150467K(1367040K) [PSPermGen: 9131K->9131K(21504K)], 0.1805740 secs] [Times: user=1.34 sys=0.00, real=0.18 secs] 
103.653: Total time for which application threads were stopped: 0.2444730 seconds, Stopping threads took: 0.0000830 seconds
103.859: Application time: 0.2056200 seconds
103.859: [GC [PSYoungGen: 460288K->72656K(563712K)] 610755K->223123K(1380352K), 0.0439980 secs] [Times: user=0.35 sys=0.00, real=0.04 secs] 
103.903: Total time for which application threads were stopped: 0.0441720 seconds, Stopping threads took: 0.0000760 seconds
104.083: Application time: 0.1795740 seconds
104.083: [GC [PSYoungGen: 530384K->90560K(561152K)] 680851K->295388K(1377792K), 0.0734430 secs] [Times: user=0.58 sys=0.00, real=0.07 secs] 
104.156: Total time for which application threads were stopped: 0.0736190 seconds, Stopping threads took: 0.0000870 seconds
104.364: Application time: 0.2079240 seconds
104.364: [GC [PSYoungGen: 548288K->61323K(561152K)] 753116K->319208K(1377792K), 0.0568530 secs] [Times: user=0.45 sys=0.00, real=0.06 secs] 
104.421: Total time for which application threads were stopped: 0.0570480 seconds, Stopping threads took: 0.0000980 seconds
104.603: Application time: 0.1819360 seconds
104.603: [GC [PSYoungGen: 516491K->88615K(544256K)] 774376K->391442K(1360896K), 0.0658130 secs] [Times: user=0.53 sys=0.00, real=0.07 secs] 
104.669: Total time for which application threads were stopped: 0.0660030 seconds, Stopping threads took: 0.0001040 seconds
104.879: Application time: 0.2101260 seconds
104.882: [GC [PSYoungGen: 543783K->58617K(559104K)] 846610K->412669K(1375744K), 0.0560710 secs] [Times: user=0.45 sys=0.00, real=0.06 secs] 
104.939: Total time for which application threads were stopped: 0.0594200 seconds, Stopping threads took: 0.0032500 seconds
105.116: Application time: 0.1775990 seconds
105.116: [GC [PSYoungGen: 509689K->89657K(541184K)] 863741K->486721K(1357824K), 0.0652820 secs] [Times: user=0.51 sys=0.00, real=0.07 secs] 
105.182: Total time for which application threads were stopped: 0.0654670 seconds, Stopping threads took: 0.0000990 seconds
105.386: Application time: 0.2043800 seconds
105.386: [GC [PSYoungGen: 540729K->59054K(557568K)] 937793K->505546K(1374208K), 0.0541820 secs] [Times: user=0.43 sys=0.00, real=0.06 secs] 
105.440: Total time for which application threads were stopped: 0.0543660 seconds, Stopping threads took: 0.0000840 seconds
105.612: Application time: 0.1719960 seconds
105.613: [GC [PSYoungGen: 506542K->83399K(557056K)] 953034K->572390K(1373696K), 0.0614600 secs] [Times: user=0.48 sys=0.00, real=0.06 secs] 
105.674: Total time for which application threads were stopped: 0.0616270 seconds, Stopping threads took: 0.0000810 seconds
105.877: Application time: 0.2031890 seconds
105.877: [GC [PSYoungGen: 530887K->64240K(555008K)] 1019878K->599666K(1371648K), 0.0567770 secs] [Times: user=0.45 sys=0.00, real=0.06 secs] 
105.934: Total time for which application threads were stopped: 0.0569720 seconds, Stopping threads took: 0.0001060 seconds
106.115: Application time: 0.1809510 seconds
106.118: [GC [PSYoungGen: 512240K->78241K(556032K)] 1047666K->657808K(1372672K), 0.0599310 secs] [Times: user=0.47 sys=0.00, real=0.06 secs] 
106.178: Total time for which application threads were stopped: 0.0632480 seconds, Stopping threads took: 0.0032170 seconds
106.372: Application time: 0.1933560 seconds
106.372: [GC [PSYoungGen: 526241K->64464K(558080K)] 1105808K->690669K(1374720K), 0.0553180 secs] [Times: user=0.44 sys=0.00, real=0.06 secs] 
106.427: Total time for which application threads were stopped: 0.0554910 seconds, Stopping threads took: 0.0000900 seconds
106.613: Application time: 0.1857580 seconds
106.613: [GC [PSYoungGen: 517584K->77501K(558080K)] 1143789K->743146K(1374720K), 0.0578710 secs] [Times: user=0.46 sys=0.00, real=0.06 secs] 
106.671: Total time for which application threads were stopped: 0.0580630 seconds, Stopping threads took: 0.0001050 seconds
106.868: Application time: 0.1965300 seconds
106.868: [GC [PSYoungGen: 530621K->67866K(560640K)] 1196266K->782542K(1377280K), 0.0582960 secs] [Times: user=0.47 sys=0.00, real=0.05 secs] 
106.926: Total time for which application threads were stopped: 0.0584740 seconds, Stopping threads took: 0.0000780 seconds
107.116: Application time: 0.1895620 seconds
107.116: [GC [PSYoungGen: 526618K->74282K(560128K)] 1241294K->826897K(1376768K), 0.0559530 secs] [Times: user=0.45 sys=0.00, real=0.06 secs] 
107.172: Total time for which application threads were stopped: 0.0561630 seconds, Stopping threads took: 0.0001210 seconds
107.375: Application time: 0.2030460 seconds
107.375: [GC [PSYoungGen: 533034K->67949K(564224K)] 1285649K->868776K(1380864K), 0.0579880 secs] [Times: user=0.43 sys=0.02, real=0.06 secs] 
107.433: [Full GC [PSYoungGen: 67949K->0K(564224K)] [ParOldGen: 800827K->133465K(819712K)] 868776K->133465K(1383936K) [PSPermGen: 9131K->9131K(21504K)], 0.1591800 secs] [Times: user=1.17 sys=0.00, real=0.16 secs] 
107.592: Total time for which application threads were stopped: 0.2174880 seconds, Stopping threads took: 0.0000880 seconds
107.790: Application time: 0.1980680 seconds
107.791: [GC [PSYoungGen: 465408K->83547K(562688K)] 598873K->217013K(1382400K), 0.0470630 secs] [Times: user=0.37 sys=0.00, real=0.04 secs] 
107.838: Total time for which application threads were stopped: 0.0472160 seconds, Stopping threads took: 0.0000660 seconds
108.036: Application time: 0.1979210 seconds
108.036: [GC [PSYoungGen: 548955K->68888K(568320K)] 682421K->259526K(1388032K), 0.0649280 secs] [Times: user=0.51 sys=0.00, real=0.07 secs] 
108.101: Total time for which application threads were stopped: 0.0651200 seconds, Stopping threads took: 0.0000930 seconds
108.302: Application time: 0.2016310 seconds
108.306: [GC [PSYoungGen: 539928K->74408K(545792K)] 730566K->301477K(1365504K), 0.0546360 secs] [Times: user=0.44 sys=0.00, real=0.05 secs] 
108.361: Total time for which application threads were stopped: 0.0587520 seconds, Stopping threads took: 0.0040300 seconds
108.564: Application time: 0.2030480 seconds
108.564: [GC [PSYoungGen: 545448K->65404K(568832K)] 772517K->337249K(1388544K), 0.0530310 secs] [Times: user=0.42 sys=0.00, real=0.05 secs] 
108.617: Total time for which application threads were stopped: 0.0532220 seconds, Stopping threads took: 0.0000860 seconds
108.814: Application time: 0.1970540 seconds
108.818: [GC [PSYoungGen: 539004K->81922K(567808K)] 810849K->388662K(1387520K), 0.0574970 secs] [Times: user=0.46 sys=0.00, real=0.05 secs] 
108.876: Total time for which application threads were stopped: 0.0615990 seconds, Stopping threads took: 0.0040100 seconds
109.080: Application time: 0.2037750 seconds
109.080: [GC [PSYoungGen: 555522K->65552K(571904K)] 862262K->422047K(1391616K), 0.0558340 secs] [Times: user=0.44 sys=0.00, real=0.05 secs] 
109.136: Total time for which application threads were stopped: 0.0560230 seconds, Stopping threads took: 0.0000940 seconds
109.333: Application time: 0.1972300 seconds
109.333: [GC [PSYoungGen: 542224K->85604K(562688K)] 898719K->478121K(1382400K), 0.0603630 secs] [Times: user=0.48 sys=0.00, real=0.06 secs] 
109.394: Total time for which application threads were stopped: 0.0605390 seconds, Stopping threads took: 0.0000870 seconds
109.602: Application time: 0.2079660 seconds
109.602: [GC [PSYoungGen: 562276K->64592K(570368K)] 954793K->510352K(1390080K), 0.0589320 secs] [Times: user=0.46 sys=0.00, real=0.06 secs] 
109.661: Total time for which application threads were stopped: 0.0591550 seconds, Stopping threads took: 0.0001180 seconds
109.856: Application time: 0.1949620 seconds
109.858: [GC [PSYoungGen: 537680K->86504K(559616K)] 983440K->568533K(1379328K), 0.0597600 secs] [Times: user=0.47 sys=0.00, real=0.05 secs] 
109.918: Total time for which application threads were stopped: 0.0625640 seconds, Stopping threads took: 0.0027140 seconds
110.127: Application time: 0.2082850 seconds
110.127: [GC [PSYoungGen: 559592K->62992K(568320K)] 1041621K->597739K(1388032K), 0.0572970 secs] [Times: user=0.46 sys=0.00, real=0.05 secs] 
110.184: Total time for which application threads were stopped: 0.0575000 seconds, Stopping threads took: 0.0000930 seconds
110.376: Application time: 0.1921020 seconds
110.378: [GC [PSYoungGen: 531850K->83652K(552960K)] 1066597K->655616K(1372672K), 0.0609700 secs] [Times: user=0.49 sys=0.00, real=0.06 secs] 
110.439: Total time for which application threads were stopped: 0.0633000 seconds, Stopping threads took: 0.0022390 seconds
110.645: Application time: 0.2054860 seconds
110.645: [GC [PSYoungGen: 552644K->66816K(568320K)] 1124608K->688534K(1388032K), 0.0591980 secs] [Times: user=0.46 sys=0.00, real=0.06 secs] 
110.704: Total time for which application threads were stopped: 0.0593920 seconds, Stopping threads took: 0.0000950 seconds
110.898: Application time: 0.1940490 seconds
110.899: [GC [PSYoungGen: 534784K->82276K(566784K)] 1156502K->742726K(1386496K), 0.0604050 secs] [Times: user=0.48 sys=0.00, real=0.06 secs] 
110.959: Total time for which application threads were stopped: 0.0605880 seconds, Stopping threads took: 0.0000900 seconds
111.171: Application time: 0.2119930 seconds
111.171: [GC [PSYoungGen: 550244K->62829K(567808K)] 1210694K->771602K(1387520K), 0.0557690 secs] [Times: user=0.45 sys=0.00, real=0.06 secs] 
111.227: Total time for which application threads were stopped: 0.0559280 seconds, Stopping threads took: 0.0000620 seconds
111.418: Application time: 0.1908440 seconds
111.418: [GC [PSYoungGen: 531309K->84080K(552960K)] 1240082K->831828K(1372672K), 0.0604880 secs] [Times: user=0.48 sys=0.00, real=0.07 secs] 
111.478: Total time for which application threads were stopped: 0.0606720 seconds, Stopping threads took: 0.0000970 seconds
111.689: Application time: 0.2106740 seconds
111.689: [GC [PSYoungGen: 552560K->61754K(567296K)] 1300308K->857225K(1387008K), 0.0548120 secs] [Times: user=0.44 sys=0.00, real=0.05 secs] 
111.744: [Full GC [PSYoungGen: 61754K->0K(567296K)] [ParOldGen: 795471K->131623K(840704K)] 857225K->131623K(1408000K) [PSPermGen: 9131K->9131K(21504K)], 0.1580390 secs] [Times: user=1.16 sys=0.00, real=0.16 secs] 
111.902: Total time for which application threads were stopped: 0.2131000 seconds, Stopping threads took: 0.0000870 seconds
112.088: Application time: 0.1859800 seconds
112.088: [GC [PSYoungGen: 466944K->91107K(558080K)] 598567K->222730K(1398784K), 0.0488020 secs] [Times: user=0.39 sys=0.00, real=0.04 secs] 
112.137: Total time for which application threads were stopped: 0.0489730 seconds, Stopping threads took: 0.0000820 seconds
112.347: Application time: 0.2094950 seconds
112.347: [GC [PSYoungGen: 558051K->62251K(563712K)] 689674K->247237K(1404416K), 0.0584950 secs] [Times: user=0.47 sys=0.00, real=0.05 secs] 
112.405: Total time for which application threads were stopped: 0.0586680 seconds, Stopping threads took: 0.0000760 seconds
112.591: Application time: 0.1853460 seconds
112.591: [GC [PSYoungGen: 522027K->82122K(563200K)] 707013K->305986K(1403904K), 0.0609700 secs] [Times: user=0.48 sys=0.00, real=0.06 secs] 
112.652: Total time for which application threads were stopped: 0.0611410 seconds, Stopping threads took: 0.0000810 seconds
112.857: Application time: 0.2052130 seconds
112.857: [GC [PSYoungGen: 541898K->59115K(563200K)] 765762K->328499K(1403904K), 0.0514650 secs] [Times: user=0.41 sys=0.00, real=0.06 secs] 
112.909: Total time for which application threads were stopped: 0.0516580 seconds, Stopping threads took: 0.0000970 seconds
113.095: Application time: 0.1864450 seconds
113.095: [GC [PSYoungGen: 518891K->82646K(563200K)] 788275K->388902K(1403904K), 0.0582340 secs] [Times: user=0.46 sys=0.00, real=0.06 secs] 
113.154: Total time for which application threads were stopped: 0.0584160 seconds, Stopping threads took: 0.0000970 seconds
113.360: Application time: 0.2066930 seconds
113.360: [GC [PSYoungGen: 542422K->57242K(563200K)] 848678K->406088K(1403904K), 0.0492810 secs] [Times: user=0.38 sys=0.00, real=0.05 secs] 
113.410: Total time for which application threads were stopped: 0.0494690 seconds, Stopping threads took: 0.0000890 seconds
113.592: Application time: 0.1820300 seconds
113.592: [GC [PSYoungGen: 516506K->83707K(543232K)] 865352K->468312K(1383936K), 0.0583900 secs] [Times: user=0.46 sys=0.00, real=0.06 secs] 
113.650: Total time for which application threads were stopped: 0.0585810 seconds, Stopping threads took: 0.0000960 seconds
113.857: Application time: 0.2068990 seconds
113.857: [GC [PSYoungGen: 542971K->56112K(562688K)] 927576K->482298K(1403392K), 0.0484510 secs] [Times: user=0.38 sys=0.00, real=0.05 secs] 
113.906: Total time for which application threads were stopped: 0.0486320 seconds, Stopping threads took: 0.0000940 seconds
114.086: Application time: 0.1802440 seconds
114.086: [GC [PSYoungGen: 513840K->81801K(562176K)] 940026K->544173K(1402880K), 0.0574270 secs] [Times: user=0.45 sys=0.00, real=0.06 secs] 
114.144: Total time for which application threads were stopped: 0.0576250 seconds, Stopping threads took: 0.0000940 seconds
114.354: Application time: 0.2103070 seconds
114.358: [GC [PSYoungGen: 539529K->57888K(562176K)] 1001901K->562439K(1402880K), 0.0497880 secs] [Times: user=0.40 sys=0.00, real=0.05 secs] 
114.408: Total time for which application threads were stopped: 0.0541910 seconds, Stopping threads took: 0.0042990 seconds
114.594: Application time: 0.1856230 seconds
114.594: [GC [PSYoungGen: 515616K->82370K(540160K)] 1020167K->622725K(1380864K), 0.0575860 secs] [Times: user=0.45 sys=0.01, real=0.06 secs] 
114.652: Total time for which application threads were stopped: 0.0578630 seconds, Stopping threads took: 0.0001800 seconds
114.859: Application time: 0.2074660 seconds
114.862: [GC [PSYoungGen: 540098K->57984K(562688K)] 1080453K->641904K(1403392K), 0.0515510 secs] [Times: user=0.41 sys=0.00, real=0.05 secs] 
114.914: Total time for which application threads were stopped: 0.0547990 seconds, Stopping threads took: 0.0031590 seconds
115.100: Application time: 0.1856650 seconds
115.100: [GC [PSYoungGen: 515200K->78262K(535552K)] 1099120K->696456K(1376256K), 0.0552320 secs] [Times: user=0.43 sys=0.00, real=0.05 secs] 
115.155: Total time for which application threads were stopped: 0.0554260 seconds, Stopping threads took: 0.0000950 seconds
115.357: Application time: 0.2014390 seconds
115.357: [GC [PSYoungGen: 535478K->61472K(562688K)] 1153672K->725044K(1403392K), 0.0540680 secs] [Times: user=0.43 sys=0.00, real=0.06 secs] 
115.411: Total time for which application threads were stopped: 0.0542400 seconds, Stopping threads took: 0.0000860 seconds
115.600: Application time: 0.1890380 seconds
115.600: [GC [PSYoungGen: 520224K->78904K(561152K)] 1183796K->777315K(1401856K), 0.0559840 secs] [Times: user=0.45 sys=0.00, real=0.05 secs] 
115.656: Total time for which application threads were stopped: 0.0561780 seconds, Stopping threads took: 0.0001070 seconds
115.854: Application time: 0.1984580 seconds
115.855: [GC [PSYoungGen: 537656K->63920K(562176K)] 1236067K->809003K(1402880K), 0.0549200 secs] [Times: user=0.43 sys=0.00, real=0.06 secs] 
115.910: Total time for which application threads were stopped: 0.0550940 seconds, Stopping threads took: 0.0000780 seconds
116.104: Application time: 0.1942590 seconds
116.104: [GC [PSYoungGen: 526256K->74776K(562688K)] 1271339K->854316K(1403392K), 0.0545740 secs] [Times: user=0.43 sys=0.00, real=0.06 secs] 
116.159: Total time for which application threads were stopped: 0.0547510 seconds, Stopping threads took: 0.0000890 seconds
116.356: Application time: 0.1975440 seconds
116.356: [GC [PSYoungGen: 537112K->63872K(564736K)] 1316652K->887637K(1405440K), 0.0531640 secs] [Times: user=0.41 sys=0.00, real=0.06 secs] 
116.409: [Full GC [PSYoungGen: 63872K->0K(564736K)] [ParOldGen: 823764K->133178K(856064K)] 887637K->133178K(1420800K) [PSPermGen: 9131K->9131K(21504K)], 0.1606790 secs] [Times: user=1.19 sys=0.00, real=0.16 secs] 
116.570: Total time for which application threads were stopped: 0.2140810 seconds, Stopping threads took: 0.0000740 seconds
116.769: Application time: 0.1982710 seconds
116.769: [GC [PSYoungGen: 467968K->83888K(565248K)] 601146K->217067K(1421312K), 0.0468160 secs] [Times: user=0.37 sys=0.00, real=0.04 secs] 
116.816: Total time for which application threads were stopped: 0.0470160 seconds, Stopping threads took: 0.0001040 seconds
117.018: Application time: 0.2021980 seconds
117.019: [GC [PSYoungGen: 551856K->63490K(568320K)] 685035K->248256K(1424384K), 0.0580120 secs] [Times: user=0.45 sys=0.00, real=0.05 secs] 
117.077: Total time for which application threads were stopped: 0.0588430 seconds, Stopping threads took: 0.0007200 seconds
117.268: Application time: 0.1918530 seconds
117.269: [GC [PSYoungGen: 532482K->74306K(543744K)] 717248K->292246K(1399808K), 0.0520850 secs] [Times: user=0.41 sys=0.00, real=0.05 secs] 
117.321: Total time for which application threads were stopped: 0.0522770 seconds, Stopping threads took: 0.0001050 seconds
117.528: Application time: 0.2077580 seconds
117.529: [GC [PSYoungGen: 543298K->63401K(567296K)] 761238K->321908K(1423360K), 0.0506290 secs] [Times: user=0.40 sys=0.00, real=0.05 secs] 
117.579: Total time for which application threads were stopped: 0.0508320 seconds, Stopping threads took: 0.0001010 seconds
117.777: Application time: 0.1977600 seconds
117.777: [GC [PSYoungGen: 533929K->76416K(566272K)] 792436K->364883K(1422336K), 0.0516720 secs] [Times: user=0.40 sys=0.00, real=0.06 secs] 
117.829: Total time for which application threads were stopped: 0.0518360 seconds, Stopping threads took: 0.0000790 seconds
118.038: Application time: 0.2086930 seconds
118.038: [GC [PSYoungGen: 546944K->61200K(570368K)] 835411K->391717K(1426432K), 0.0511190 secs] [Times: user=0.40 sys=0.00, real=0.06 secs] 
118.089: Total time for which application threads were stopped: 0.0512980 seconds, Stopping threads took: 0.0000850 seconds
118.283: Application time: 0.1941220 seconds
118.283: [GC [PSYoungGen: 536336K->81118K(569856K)] 866853K->444172K(1425920K), 0.0550840 secs] [Times: user=0.43 sys=0.00, real=0.05 secs] 
118.338: Total time for which application threads were stopped: 0.0552570 seconds, Stopping threads took: 0.0000860 seconds
118.543: Application time: 0.2051710 seconds
118.544: [GC [PSYoungGen: 556254K->61168K(571392K)] 919308K->463927K(1427456K), 0.0490890 secs] [Times: user=0.39 sys=0.00, real=0.05 secs] 
118.593: Total time for which application threads were stopped: 0.0492700 seconds, Stopping threads took: 0.0000800 seconds
118.792: Application time: 0.1992070 seconds
118.794: [GC [PSYoungGen: 536304K->84223K(559616K)] 939063K->519119K(1415680K), 0.0564950 secs] [Times: user=0.45 sys=0.00, real=0.06 secs] 
118.851: Total time for which application threads were stopped: 0.0590860 seconds, Stopping threads took: 0.0025020 seconds
119.060: Application time: 0.2085140 seconds
119.060: [GC [PSYoungGen: 559359K->63819K(570368K)] 994255K->544551K(1426432K), 0.0542910 secs] [Times: user=0.43 sys=0.00, real=0.05 secs] 
119.114: Total time for which application threads were stopped: 0.0544980 seconds, Stopping threads took: 0.0001050 seconds
119.310: Application time: 0.1963300 seconds
119.310: [GC [PSYoungGen: 535883K->82129K(568832K)] 1016615K->598225K(1424896K), 0.0586140 secs] [Times: user=0.45 sys=0.00, real=0.06 secs] 
119.369: Total time for which application threads were stopped: 0.0587690 seconds, Stopping threads took: 0.0000680 seconds
119.574: Application time: 0.2046380 seconds
119.574: [GC [PSYoungGen: 554193K->66866K(568832K)] 1070289K->630810K(1424896K), 0.0559950 secs] [Times: user=0.44 sys=0.00, real=0.06 secs] 
119.630: Total time for which application threads were stopped: 0.0561990 seconds, Stopping threads took: 0.0001050 seconds
119.827: Application time: 0.1970290 seconds
119.827: [GC [PSYoungGen: 538930K->77697K(568832K)] 1102874K->680160K(1424896K), 0.0577260 secs] [Times: user=0.45 sys=0.00, real=0.05 secs] 
119.885: Total time for which application threads were stopped: 0.0579100 seconds, Stopping threads took: 0.0000980 seconds
120.088: Application time: 0.2028370 seconds
120.090: [GC [PSYoungGen: 549761K->70736K(565248K)] 1152224K->720146K(1421312K), 0.0580080 secs] [Times: user=0.46 sys=0.00, real=0.06 secs] 
120.149: Total time for which application threads were stopped: 0.0607410 seconds, Stopping threads took: 0.0026260 seconds
120.349: Application time: 0.2005700 seconds
120.349: [GC [PSYoungGen: 544336K->75472K(567808K)] 1193746K->766576K(1423872K), 0.0592100 secs] [Times: user=0.47 sys=0.00, real=0.06 secs] 
120.408: Total time for which application threads were stopped: 0.0593690 seconds, Stopping threads took: 0.0000730 seconds
120.608: Application time: 0.1994060 seconds
120.608: [GC [PSYoungGen: 549072K->70944K(568320K)] 1240176K->806713K(1424384K), 0.0576950 secs] [Times: user=0.45 sys=0.00, real=0.05 secs] 
120.666: Total time for which application threads were stopped: 0.0578720 seconds, Stopping threads took: 0.0000820 seconds
120.867: Application time: 0.2016560 seconds
120.868: [GC [PSYoungGen: 550176K->75565K(570880K)] 1285945K->853555K(1426944K), 0.0584030 secs] [Times: user=0.46 sys=0.00, real=0.05 secs] 
120.926: Total time for which application threads were stopped: 0.0585700 seconds, Stopping threads took: 0.0000810 seconds
121.130: Application time: 0.2039770 seconds
121.130: [GC [PSYoungGen: 554797K->68992K(571904K)] 1332787K->889631K(1427968K), 0.0560040 secs] [Times: user=0.45 sys=0.00, real=0.05 secs] 
121.186: [Full GC [PSYoungGen: 68992K->0K(571904K)] [ParOldGen: 820638K->134220K(876544K)] 889631K->134220K(1448448K) [PSPermGen: 9132K->9132K(21504K)], 0.1615300 secs] [Times: user=1.19 sys=0.00, real=0.17 secs] 
121.348: Total time for which application threads were stopped: 0.2178020 seconds, Stopping threads took: 0.0001100 seconds
121.547: Application time: 0.1995960 seconds
121.547: [GC [PSYoungGen: 484352K->87479K(571904K)] 618572K->221700K(1448448K), 0.0481480 secs] [Times: user=0.38 sys=0.00, real=0.04 secs] 
121.596: Total time for which application threads were stopped: 0.0483180 seconds, Stopping threads took: 0.0000870 seconds
121.809: Application time: 0.2129720 seconds
121.809: [GC [PSYoungGen: 571831K->66816K(574464K)] 706052K->250175K(1451008K), 0.0612700 secs] [Times: user=0.49 sys=0.01, real=0.06 secs] 
121.870: Total time for which application threads were stopped: 0.0614770 seconds, Stopping threads took: 0.0001080 seconds
122.074: Application time: 0.2034790 seconds
122.074: [GC [PSYoungGen: 547584K->74311K(555520K)] 730943K->295138K(1432064K), 0.0556510 secs] [Times: user=0.45 sys=0.00, real=0.06 secs] 
122.130: Total time for which application threads were stopped: 0.0565350 seconds, Stopping threads took: 0.0007960 seconds
122.336: Application time: 0.2061400 seconds
122.338: [GC [PSYoungGen: 555079K->63662K(571904K)] 775906K->314672K(1448448K), 0.0457110 secs] [Times: user=0.36 sys=0.00, real=0.04 secs] 
122.384: Total time for which application threads were stopped: 0.0479240 seconds, Stopping threads took: 0.0021170 seconds
122.588: Application time: 0.2040400 seconds
122.590: [GC [PSYoungGen: 544430K->72722K(571904K)] 795440K->357337K(1448448K), 0.0505770 secs] [Times: user=0.40 sys=0.00, real=0.05 secs] 
122.641: Total time for which application threads were stopped: 0.0528180 seconds, Stopping threads took: 0.0021550 seconds
122.843: Application time: 0.2023660 seconds
122.844: [GC [PSYoungGen: 553490K->65793K(574976K)] 838105K->379504K(1451520K), 0.0453360 secs] [Times: user=0.36 sys=0.00, real=0.05 secs] 
122.889: Total time for which application threads were stopped: 0.0455350 seconds, Stopping threads took: 0.0001030 seconds
123.092: Application time: 0.2026100 seconds
123.092: [GC [PSYoungGen: 551169K->73082K(574464K)] 864880K->417251K(1451008K), 0.0501430 secs] [Times: user=0.40 sys=0.00, real=0.05 secs] 
123.142: Total time for which application threads were stopped: 0.0503230 seconds, Stopping threads took: 0.0000900 seconds
123.348: Application time: 0.2058410 seconds
123.348: [GC [PSYoungGen: 558458K->70641K(577024K)] 902627K->447655K(1453568K), 0.0496620 secs] [Times: user=0.39 sys=0.00, real=0.04 secs] 
123.398: Total time for which application threads were stopped: 0.0498320 seconds, Stopping threads took: 0.0000650 seconds
123.606: Application time: 0.2084610 seconds
123.606: [GC [PSYoungGen: 560113K->71861K(576000K)] 937127K->486977K(1452544K), 0.0530950 secs] [Times: user=0.41 sys=0.01, real=0.06 secs] 
123.659: Total time for which application threads were stopped: 0.0533680 seconds, Stopping threads took: 0.0001860 seconds
123.866: Application time: 0.2066470 seconds
123.866: [GC [PSYoungGen: 561333K->75286K(578048K)] 976449K->527633K(1454592K), 0.0544330 secs] [Times: user=0.43 sys=0.00, real=0.06 secs] 
123.921: Total time for which application threads were stopped: 0.0546290 seconds, Stopping threads took: 0.0000960 seconds
124.135: Application time: 0.2146310 seconds
124.135: [GC [PSYoungGen: 568342K->71062K(578048K)] 1020689K->559610K(1454592K), 0.0532420 secs] [Times: user=0.42 sys=0.00, real=0.06 secs] 
124.189: Total time for which application threads were stopped: 0.0534130 seconds, Stopping threads took: 0.0000830 seconds
124.394: Application time: 0.2049810 seconds
124.394: [GC [PSYoungGen: 564118K->80149K(579072K)] 1052666K->610454K(1455616K), 0.0594260 secs] [Times: user=0.47 sys=0.00, real=0.06 secs] 
124.453: Total time for which application threads were stopped: 0.0596210 seconds, Stopping threads took: 0.0000950 seconds
124.667: Application time: 0.2132210 seconds
124.667: [GC [PSYoungGen: 575253K->71887K(581120K)] 1105558K->644060K(1457664K), 0.0559800 secs] [Times: user=0.44 sys=0.00, real=0.05 secs] 
124.723: Total time for which application threads were stopped: 0.0561700 seconds, Stopping threads took: 0.0001030 seconds
124.932: Application time: 0.2087840 seconds
124.932: [GC [PSYoungGen: 566991K->82608K(577536K)] 1139164K->697122K(1454080K), 0.0626910 secs] [Times: user=0.49 sys=0.00, real=0.06 secs] 
124.994: Total time for which application threads were stopped: 0.0628800 seconds, Stopping threads took: 0.0000900 seconds
125.206: Application time: 0.2118870 seconds
125.206: [GC [PSYoungGen: 575664K->68800K(580096K)] 1190178K->724972K(1456640K), 0.0544880 secs] [Times: user=0.43 sys=0.00, real=0.05 secs] 
125.261: Total time for which application threads were stopped: 0.0546850 seconds, Stopping threads took: 0.0001090 seconds
125.467: Application time: 0.2060890 seconds
125.467: [GC [PSYoungGen: 561856K->81745K(576512K)] 1218028K->773708K(1453056K), 0.0588300 secs] [Times: user=0.46 sys=0.00, real=0.05 secs] 
125.526: Total time for which application threads were stopped: 0.0590260 seconds, Stopping threads took: 0.0000960 seconds
125.733: Application time: 0.2065780 seconds
125.733: [GC [PSYoungGen: 571729K->74777K(578560K)] 1263692K->813876K(1455104K), 0.0605320 secs] [Times: user=0.48 sys=0.00, real=0.06 secs] 
125.793: Total time for which application threads were stopped: 0.0606980 seconds, Stopping threads took: 0.0000780 seconds
126.001: Application time: 0.2077150 seconds
126.001: [GC [PSYoungGen: 564761K->75568K(575488K)] 1303860K->857059K(1452032K), 0.0596730 secs] [Times: user=0.48 sys=0.00, real=0.06 secs] 
126.061: Total time for which application threads were stopped: 0.0598580 seconds, Stopping threads took: 0.0000850 seconds
126.272: Application time: 0.2111310 seconds
126.272: [GC [PSYoungGen: 566576K->73024K(577536K)] 1348067K->895127K(1454080K), 0.0580680 secs] [Times: user=0.46 sys=0.00, real=0.06 secs] 
126.330: Total time for which application threads were stopped: 0.0582500 seconds, Stopping threads took: 0.0000880 seconds
126.543: Application time: 0.2130750 seconds
126.544: [GC [PSYoungGen: 564032K->71984K(578560K)] 1386135K->936201K(1455104K), 0.0579100 secs] [Times: user=0.44 sys=0.02, real=0.06 secs] 
126.602: [Full GC [PSYoungGen: 71984K->0K(578560K)] [ParOldGen: 864216K->136039K(896000K)] 936201K->136039K(1474560K) [PSPermGen: 9132K->9132K(21504K)], 0.1624870 secs] [Times: user=1.20 sys=0.00, real=0.16 secs] 
126.764: Total time for which application threads were stopped: 0.2206640 seconds, Stopping threads took: 0.0001100 seconds
126.973: Application time: 0.2085150 seconds
126.973: [GC [PSYoungGen: 495104K->84223K(579584K)] 631143K->220263K(1475584K), 0.0471170 secs] [Times: user=0.37 sys=0.00, real=0.05 secs] 
127.020: Total time for which application threads were stopped: 0.0473290 seconds, Stopping threads took: 0.0001210 seconds
127.231: Application time: 0.2108950 seconds
127.231: [GC [PSYoungGen: 579327K->73280K(580608K)] 715367K->256496K(1476608K), 0.0632050 secs] [Times: user=0.51 sys=0.00, real=0.06 secs] 
127.294: Total time for which application threads were stopped: 0.0634130 seconds, Stopping threads took: 0.0001000 seconds
127.504: Application time: 0.2100400 seconds
127.504: [GC [PSYoungGen: 566336K->74235K(567296K)] 749552K->293798K(1463296K), 0.0526300 secs] [Times: user=0.42 sys=0.00, real=0.05 secs] 
127.557: Total time for which application threads were stopped: 0.0527920 seconds, Stopping threads took: 0.0000780 seconds
127.771: Application time: 0.2141260 seconds
127.771: [GC [PSYoungGen: 567291K->69874K(578560K)] 786854K->324810K(1474560K), 0.0521270 secs] [Times: user=0.41 sys=0.00, real=0.05 secs] 
127.824: Total time for which application threads were stopped: 0.0523150 seconds, Stopping threads took: 0.0000870 seconds
128.032: Application time: 0.2087110 seconds
128.032: [GC [PSYoungGen: 562930K->72206K(578560K)] 817866K->354334K(1474560K), 0.0480810 secs] [Times: user=0.38 sys=0.00, real=0.05 secs] 
128.081: Total time for which application threads were stopped: 0.0482530 seconds, Stopping threads took: 0.0000850 seconds
128.295: Application time: 0.2144030 seconds
128.295: [GC [PSYoungGen: 565262K->66528K(580096K)] 847390K->374889K(1476096K), 0.0447820 secs] [Times: user=0.35 sys=0.00, real=0.05 secs] 
128.340: Total time for which application threads were stopped: 0.0449510 seconds, Stopping threads took: 0.0000720 seconds
128.541: Application time: 0.2013280 seconds
128.541: [GC [PSYoungGen: 562144K->78716K(580608K)] 870505K->422111K(1476608K), 0.0537590 secs] [Times: user=0.42 sys=0.00, real=0.05 secs] 
128.595: Total time for which application threads were stopped: 0.0539350 seconds, Stopping threads took: 0.0000900 seconds
128.812: Application time: 0.2168190 seconds
128.812: [GC [PSYoungGen: 574332K->72203K(581632K)] 917727K->453604K(1477632K), 0.0537520 secs] [Times: user=0.43 sys=0.00, real=0.05 secs] 
128.866: Total time for which application threads were stopped: 0.0539540 seconds, Stopping threads took: 0.0000980 seconds
129.072: Application time: 0.2064350 seconds
129.073: [GC [PSYoungGen: 568843K->77136K(581632K)] 950244K->499808K(1477632K), 0.0579960 secs] [Times: user=0.46 sys=0.00, real=0.06 secs] 
129.131: Total time for which application threads were stopped: 0.0581790 seconds, Stopping threads took: 0.0000940 seconds
129.344: Application time: 0.2131940 seconds
129.344: [GC [PSYoungGen: 573776K->73472K(580096K)] 996448K->536040K(1476096K), 0.0556110 secs] [Times: user=0.44 sys=0.00, real=0.06 secs] 
129.400: Total time for which application threads were stopped: 0.0558030 seconds, Stopping threads took: 0.0000910 seconds
129.612: Application time: 0.2123510 seconds
129.612: [GC [PSYoungGen: 570624K->75008K(581120K)] 1033192K->580144K(1477120K), 0.0587140 secs] [Times: user=0.46 sys=0.00, real=0.06 secs] 
129.671: Total time for which application threads were stopped: 0.0588850 seconds, Stopping threads took: 0.0000840 seconds
129.879: Application time: 0.2085890 seconds
129.880: [GC [PSYoungGen: 572160K->76173K(582656K)] 1077296K->621845K(1478656K), 0.0571820 secs] [Times: user=0.45 sys=0.00, real=0.05 secs] 
129.937: Total time for which application threads were stopped: 0.0573740 seconds, Stopping threads took: 0.0000920 seconds
130.162: Application time: 0.2251350 seconds
130.162: [GC [PSYoungGen: 575885K->71472K(583168K)] 1121557K->655327K(1479168K), 0.0572350 secs] [Times: user=0.45 sys=0.00, real=0.06 secs] 
130.219: Total time for which application threads were stopped: 0.0574400 seconds, Stopping threads took: 0.0001120 seconds
130.428: Application time: 0.2086910 seconds
130.428: [GC [PSYoungGen: 571184K->82941K(547328K)] 1155039K->710716K(1443328K), 0.0618850 secs] [Times: user=0.49 sys=0.00, real=0.06 secs] 
130.490: Total time for which application threads were stopped: 0.0620770 seconds, Stopping threads took: 0.0000880 seconds
130.693: Application time: 0.2026280 seconds
130.693: [GC [PSYoungGen: 547325K->63000K(527872K)] 1175100K->739027K(1423872K), 0.0558910 secs] [Times: user=0.44 sys=0.00, real=0.06 secs] 
130.749: Total time for which application threads were stopped: 0.0560520 seconds, Stopping threads took: 0.0000750 seconds
130.941: Application time: 0.1922090 seconds
130.941: [GC [PSYoungGen: 527384K->83479K(565248K)] 1203411K->797879K(1461248K), 0.0598030 secs] [Times: user=0.47 sys=0.00, real=0.06 secs] 
131.001: Total time for which application threads were stopped: 0.0599850 seconds, Stopping threads took: 0.0000810 seconds
131.202: Application time: 0.2014070 seconds
131.203: [GC [PSYoungGen: 546292K->61696K(564736K)] 1260693K->821030K(1460736K), 0.0528020 secs] [Times: user=0.42 sys=0.00, real=0.05 secs] 
131.255: Total time for which application threads were stopped: 0.0529740 seconds, Stopping threads took: 0.0000850 seconds
131.444: Application time: 0.1883580 seconds
131.446: [GC [PSYoungGen: 524544K->82048K(564736K)] 1283878K->879952K(1460736K), 0.0598570 secs] [Times: user=0.47 sys=0.00, real=0.05 secs] 
131.506: Total time for which application threads were stopped: 0.0626160 seconds, Stopping threads took: 0.0026530 seconds
131.710: Application time: 0.2040290 seconds
131.714: [GC [PSYoungGen: 544896K->62074K(564736K)] 1342800K->903483K(1460736K), 0.0554940 secs] [Times: user=0.42 sys=0.00, real=0.06 secs] 
131.770: Total time for which application threads were stopped: 0.0596110 seconds, Stopping threads took: 0.0040240 seconds
131.958: Application time: 0.1880330 seconds
131.958: [GC [PSYoungGen: 524922K->80464K(564224K)] 1366331K->961695K(1460224K), 0.0591320 secs] [Times: user=0.46 sys=0.01, real=0.06 secs] 
132.017: [Full GC [PSYoungGen: 80464K->0K(564224K)] [ParOldGen: 881230K->137494K(915968K)] 961695K->137494K(1480192K) [PSPermGen: 9133K->9133K(21504K)], 0.1573250 secs] [Times: user=1.16 sys=0.00, real=0.16 secs] 
132.175: Total time for which application threads were stopped: 0.2167080 seconds, Stopping threads took: 0.0000890 seconds
132.379: Application time: 0.2039400 seconds
132.381: [GC [PSYoungGen: 463360K->76755K(540160K)] 600854K->214250K(1456128K), 0.0466910 secs] [Times: user=0.37 sys=0.00, real=0.05 secs] 
132.428: Total time for which application threads were stopped: 0.0495000 seconds, Stopping threads took: 0.0027260 seconds
132.623: Application time: 0.1949600 seconds
132.623: [GC [PSYoungGen: 540115K->74482K(565760K)] 677610K->265057K(1481728K), 0.0662700 secs] [Times: user=0.53 sys=0.00, real=0.07 secs] 
132.690: Total time for which application threads were stopped: 0.0664720 seconds, Stopping threads took: 0.0001000 seconds
132.896: Application time: 0.2062830 seconds
132.896: [GC [PSYoungGen: 541426K->67173K(563712K)] 732001K->298435K(1479680K), 0.0535240 secs] [Times: user=0.42 sys=0.00, real=0.06 secs] 
132.950: Total time for which application threads were stopped: 0.0537210 seconds, Stopping threads took: 0.0001070 seconds
133.148: Application time: 0.1984250 seconds
133.148: [GC [PSYoungGen: 534117K->71638K(568832K)] 765379K->342867K(1484800K), 0.0538700 secs] [Times: user=0.42 sys=0.00, real=0.05 secs] 
133.202: Total time for which application threads were stopped: 0.0540760 seconds, Stopping threads took: 0.0001030 seconds
133.403: Application time: 0.2004860 seconds
133.403: [GC [PSYoungGen: 544726K->71691K(567808K)] 815955K->383117K(1483776K), 0.0536840 secs] [Times: user=0.42 sys=0.00, real=0.05 secs] 
133.457: Total time for which application threads were stopped: 0.0538640 seconds, Stopping threads took: 0.0000960 seconds
133.660: Application time: 0.2035960 seconds
133.660: [GC [PSYoungGen: 544779K->72583K(570880K)] 856205K->425997K(1486848K), 0.0566950 secs] [Times: user=0.45 sys=0.00, real=0.05 secs] 
133.717: Total time for which application threads were stopped: 0.0569030 seconds, Stopping threads took: 0.0001020 seconds
133.920: Application time: 0.2029600 seconds
133.920: [GC [PSYoungGen: 550791K->72625K(569856K)] 904205K->467475K(1485824K), 0.0558670 secs] [Times: user=0.44 sys=0.00, real=0.05 secs] 
133.976: Total time for which application threads were stopped: 0.0560360 seconds, Stopping threads took: 0.0000830 seconds
134.179: Application time: 0.2030050 seconds
134.179: [GC [PSYoungGen: 550833K->76507K(574464K)] 945683K->509438K(1490432K), 0.0558380 secs] [Times: user=0.44 sys=0.00, real=0.05 secs] 
134.235: Total time for which application threads were stopped: 0.0560260 seconds, Stopping threads took: 0.0000930 seconds
134.440: Application time: 0.2049850 seconds
134.440: [GC [PSYoungGen: 560347K->73840K(573440K)] 993278K->552053K(1489408K), 0.0580640 secs] [Times: user=0.44 sys=0.00, real=0.05 secs] 
134.498: Total time for which application threads were stopped: 0.0582800 seconds, Stopping threads took: 0.0001280 seconds
134.707: Application time: 0.2082070 seconds
134.707: [GC [PSYoungGen: 557680K->75757K(575488K)] 1035893K->583007K(1491456K), 0.0525200 secs] [Times: user=0.41 sys=0.00, real=0.05 secs] 
134.759: Total time for which application threads were stopped: 0.0527040 seconds, Stopping threads took: 0.0000910 seconds
134.966: Application time: 0.2066950 seconds
134.966: [GC [PSYoungGen: 563181K->76715K(574976K)] 1070431K->629521K(1490944K), 0.0612700 secs] [Times: user=0.48 sys=0.00, real=0.07 secs] 
135.027: Total time for which application threads were stopped: 0.0614760 seconds, Stopping threads took: 0.0001130 seconds
135.241: Application time: 0.2131330 seconds
135.241: [GC [PSYoungGen: 564139K->75250K(578560K)] 1116945K->668857K(1494528K), 0.0580770 secs] [Times: user=0.46 sys=0.00, real=0.06 secs] 
135.299: Total time for which application threads were stopped: 0.0582680 seconds, Stopping threads took: 0.0000890 seconds
135.509: Application time: 0.2098010 seconds
135.510: [GC [PSYoungGen: 567794K->80144K(578560K)] 1161401K->721647K(1494528K), 0.0636950 secs] [Times: user=0.50 sys=0.00, real=0.06 secs] 
135.574: Total time for which application threads were stopped: 0.0655720 seconds, Stopping threads took: 0.0017860 seconds
135.780: Application time: 0.2060900 seconds
135.780: [GC [PSYoungGen: 572688K->75866K(580096K)] 1214191K->763850K(1496064K), 0.0598340 secs] [Times: user=0.48 sys=0.00, real=0.06 secs] 
135.840: Total time for which application threads were stopped: 0.0600210 seconds, Stopping threads took: 0.0000880 seconds
136.055: Application time: 0.2143570 seconds
136.058: [GC [PSYoungGen: 569946K->77264K(580096K)] 1257930K->809428K(1496064K), 0.0625530 secs] [Times: user=0.49 sys=0.00, real=0.06 secs] 
136.121: Total time for which application threads were stopped: 0.0663940 seconds, Stopping threads took: 0.0037550 seconds
136.324: Application time: 0.2026840 seconds
136.324: [GC [PSYoungGen: 571344K->81095K(579584K)] 1303508K->862060K(1495552K), 0.0639300 secs] [Times: user=0.50 sys=0.00, real=0.07 secs] 
136.388: Total time for which application threads were stopped: 0.0641660 seconds, Stopping threads took: 0.0001350 seconds
136.603: Application time: 0.2150220 seconds
136.603: [GC [PSYoungGen: 575175K->69370K(563712K)] 1356140K->887773K(1479680K), 0.0546630 secs] [Times: user=0.43 sys=0.00, real=0.05 secs] 
136.658: Total time for which application threads were stopped: 0.0548170 seconds, Stopping threads took: 0.0000680 seconds
136.867: Application time: 0.2095210 seconds
136.867: [GC [PSYoungGen: 563450K->87024K(542208K)] 1381853K->948239K(1458176K), 0.0664990 secs] [Times: user=0.53 sys=0.00, real=0.06 secs] 
136.934: Total time for which application threads were stopped: 0.0666790 seconds, Stopping threads took: 0.0000810 seconds
137.137: Application time: 0.2029200 seconds
137.137: [GC [PSYoungGen: 542192K->59547K(515072K)] 1403407K->966790K(1431040K), 0.0511730 secs] [Times: user=0.40 sys=0.00, real=0.06 secs] 
137.188: [Full GC [PSYoungGen: 59547K->0K(515072K)] [ParOldGen: 907243K->128342K(930816K)] 966790K->128342K(1445888K) [PSPermGen: 9133K->9133K(21504K)], 0.1554580 secs] [Times: user=1.14 sys=0.00, real=0.15 secs] 
137.344: Total time for which application threads were stopped: 0.2068880 seconds, Stopping threads took: 0.0001010 seconds
137.525: Application time: 0.1812940 seconds
137.525: [GC [PSYoungGen: 455168K->89344K(558080K)] 583510K->217687K(1488896K), 0.0478270 secs] [Times: user=0.38 sys=0.00, real=0.05 secs] 
137.573: Total time for which application threads were stopped: 0.0480310 seconds, Stopping threads took: 0.0001060 seconds
137.782: Application time: 0.2088440 seconds
137.782: [GC [PSYoungGen: 540416K->62896K(559104K)] 668759K->244096K(1489920K), 0.0590800 secs] [Times: user=0.47 sys=0.00, real=0.06 secs] 
137.841: Total time for which application threads were stopped: 0.0592680 seconds, Stopping threads took: 0.0001000 seconds
137.852: Application time: 0.0103430 seconds
137.852: Total time for which application threads were stopped: 0.0001210 seconds, Stopping threads took: 0.0001000 seconds
137.906: Application time: 0.0541660 seconds
137.906: Total time for which application threads were stopped: 0.0001110 seconds, Stopping threads took: 0.0000900 seconds
137.944: Application time: 0.0382660 seconds
137.944: Total time for which application threads were stopped: 0.0000930 seconds, Stopping threads took: 0.0000700 seconds
138.022: Application time: 0.0773030 seconds
138.022: Total time for which application threads were stopped: 0.0000810 seconds, Stopping threads took: 0.0000610 seconds
138.028: Application time: 0.0066210 seconds
138.028: Total time for which application threads were stopped: 0.0000710 seconds, Stopping threads took: 0.0000390 seconds
138.153: Application time: 0.1244260 seconds
138.153: Total time for which application threads were stopped: 0.0000500 seconds, Stopping threads took: 0.0000200 seconds
138.169: Application time: 0.0161980 seconds
138.169: [GC [PSYoungGen: 513794K->38712K(550912K)] 694994K->249474K(1481728K), 0.0347980 secs] [Times: user=0.28 sys=0.00, real=0.03 secs] 
138.204: Total time for which application threads were stopped: 0.0349800 seconds, Stopping threads took: 0.0000920 seconds
138.361: Application time: 0.1567620 seconds
138.361: [GC [PSYoungGen: 481592K->108256K(551424K)] 692354K->346247K(1482240K), 0.0653750 secs] [Times: user=0.51 sys=0.00, real=0.07 secs] 
138.426: Total time for which application threads were stopped: 0.0655690 seconds, Stopping threads took: 0.0000940 seconds
138.644: Application time: 0.2180790 seconds
138.645: Total time for which application threads were stopped: 0.0001180 seconds, Stopping threads took: 0.0000830 seconds
138.645: Application time: 0.0002250 seconds
138.645: Total time for which application threads were stopped: 0.0000660 seconds, Stopping threads took: 0.0000530 seconds
138.653: Application time: 0.0082310 seconds
138.654: [GC [PSYoungGen: 551136K->18813K(529920K)] 789127K->290397K(1460736K), 0.0255060 secs] [Times: user=0.18 sys=0.00, real=0.03 secs] 
138.680: Total time for which application threads were stopped: 0.0268680 seconds, Stopping threads took: 0.0012760 seconds
138.808: Application time: 0.1281260 seconds
138.810: [GC [PSYoungGen: 433021K->122784K(537088K)] 704605K->410740K(1467904K), 0.0649710 secs] [Times: user=0.52 sys=0.00, real=0.06 secs] 
138.876: Total time for which application threads were stopped: 0.0673710 seconds, Stopping threads took: 0.0023150 seconds
139.089: Application time: 0.2138120 seconds
139.089: [GC [PSYoungGen: 536992K->13968K(508416K)] 824948K->359468K(1439232K), 0.0339550 secs] [Times: user=0.27 sys=0.00, real=0.03 secs] 
139.123: Total time for which application threads were stopped: 0.0341240 seconds, Stopping threads took: 0.0000810 seconds
139.237: Application time: 0.1134850 seconds
139.238: [GC [PSYoungGen: 392336K->103682K(482304K)] 737836K->461598K(1413120K), 0.0556200 secs] [Times: user=0.44 sys=0.00, real=0.05 secs] 
139.294: Total time for which application threads were stopped: 0.0571790 seconds, Stopping threads took: 0.0014590 seconds
139.481: Application time: 0.1866120 seconds
139.481: [GC [PSYoungGen: 482050K->40384K(519680K)] 839966K->456511K(1450496K), 0.0482720 secs] [Times: user=0.38 sys=0.00, real=0.05 secs] 
139.529: Total time for which application threads were stopped: 0.0484580 seconds, Stopping threads took: 0.0000910 seconds
139.690: Application time: 0.1610660 seconds
139.690: [GC [PSYoungGen: 411072K->59648K(430592K)] 827199K->512744K(1361408K), 0.0526910 secs] [Times: user=0.41 sys=0.01, real=0.05 secs] 
139.743: Total time for which application threads were stopped: 0.0528840 seconds, Stopping threads took: 0.0001060 seconds
139.877: Application time: 0.1336440 seconds
139.877: [GC [PSYoungGen: 430336K->89520K(512512K)] 883432K->594490K(1443328K), 0.0705740 secs] [Times: user=0.56 sys=0.00, real=0.08 secs] 
139.948: Total time for which application threads were stopped: 0.0707680 seconds, Stopping threads took: 0.0000930 seconds
140.144: Application time: 0.1965360 seconds
140.144: [GC [PSYoungGen: 460208K->19504K(512512K)] 965178K->576114K(1443328K), 0.0412090 secs] [Times: user=0.33 sys=0.00, real=0.04 secs] 
140.186: Total time for which application threads were stopped: 0.0414110 seconds, Stopping threads took: 0.0001130 seconds
140.295: Application time: 0.1091060 seconds
140.295: [GC [PSYoungGen: 390192K->104789K(510976K)] 946802K->679032K(1441792K), 0.0599890 secs] [Times: user=0.47 sys=0.00, real=0.06 secs] 
140.355: Total time for which application threads were stopped: 0.0601910 seconds, Stopping threads took: 0.0001140 seconds
140.533: Application time: 0.1780840 seconds
140.533: [GC [PSYoungGen: 471893K->39936K(517120K)] 1046136K->673705K(1447936K), 0.0486070 secs] [Times: user=0.39 sys=0.00, real=0.05 secs] 
140.582: Total time for which application threads were stopped: 0.0487870 seconds, Stopping threads took: 0.0000830 seconds
140.744: Application time: 0.1619500 seconds
140.744: [GC [PSYoungGen: 407040K->54988K(502272K)] 1040809K->724338K(1433088K), 0.0503600 secs] [Times: user=0.40 sys=0.00, real=0.05 secs] 
140.794: Total time for which application threads were stopped: 0.0505440 seconds, Stopping threads took: 0.0000940 seconds
140.923: Application time: 0.1291110 seconds
140.923: [GC [PSYoungGen: 424652K->95536K(510976K)] 1094002K->813782K(1441792K), 0.0730270 secs] [Times: user=0.58 sys=0.00, real=0.07 secs] 
140.997: Total time for which application threads were stopped: 0.0732090 seconds, Stopping threads took: 0.0000940 seconds
141.193: Application time: 0.1965980 seconds
141.193: [GC [PSYoungGen: 465200K->18368K(520192K)] 1183446K->793585K(1451008K), 0.0446930 secs] [Times: user=0.35 sys=0.00, real=0.04 secs] 
141.238: Total time for which application threads were stopped: 0.0448930 seconds, Stopping threads took: 0.0000940 seconds
141.363: Application time: 0.1251420 seconds
141.366: [GC [PSYoungGen: 393664K->105732K(481280K)] 1168881K->897849K(1412096K), 0.0626110 secs] [Times: user=0.50 sys=0.00, real=0.06 secs] 
141.429: Total time for which application threads were stopped: 0.0659390 seconds, Stopping threads took: 0.0032340 seconds
141.605: Application time: 0.1759000 seconds
141.605: [GC [PSYoungGen: 481028K->42640K(518144K)] 1273145K->895968K(1448960K), 0.0514820 secs] [Times: user=0.40 sys=0.01, real=0.05 secs] 
141.657: [Full GC [PSYoungGen: 42640K->0K(518144K)] [ParOldGen: 853328K->137980K(984064K)] 895968K->137980K(1502208K) [PSPermGen: 9157K->9157K(21504K)], 0.1701340 secs] [Times: user=1.27 sys=0.00, real=0.18 secs] 
141.827: Total time for which application threads were stopped: 0.2218650 seconds, Stopping threads took: 0.0000980 seconds
141.987: Application time: 0.1600510 seconds
141.987: [GC [PSYoungGen: 365056K->57923K(423424K)] 503036K->195903K(1407488K), 0.0335700 secs] [Times: user=0.27 sys=0.00, real=0.03 secs] 
142.021: Total time for which application threads were stopped: 0.0337650 seconds, Stopping threads took: 0.0000960 seconds
142.153: Application time: 0.1324200 seconds
142.153: [GC [PSYoungGen: 422979K->92912K(503808K)] 560959K->282705K(1487872K), 0.0733990 secs] [Times: user=0.59 sys=0.00, real=0.08 secs] 
142.227: Total time for which application threads were stopped: 0.0735790 seconds, Stopping threads took: 0.0000920 seconds
142.417: Application time: 0.1899520 seconds
142.417: [GC [PSYoungGen: 454896K->21264K(506880K)] 644689K->267400K(1490944K), 0.0424610 secs] [Times: user=0.33 sys=0.00, real=0.05 secs] 
142.459: Total time for which application threads were stopped: 0.0426600 seconds, Stopping threads took: 0.0001140 seconds
142.581: Application time: 0.1220400 seconds
142.582: [GC [PSYoungGen: 383248K->96080K(514048K)] 629384K->362329K(1498112K), 0.0594170 secs] [Times: user=0.47 sys=0.00, real=0.06 secs] 
142.641: Total time for which application threads were stopped: 0.0596370 seconds, Stopping threads took: 0.0001190 seconds
142.807: Application time: 0.1659160 seconds
142.807: [GC [PSYoungGen: 465232K->50944K(420352K)] 731481K->375565K(1404416K), 0.0523270 secs] [Times: user=0.41 sys=0.00, real=0.05 secs] 
142.859: Total time for which application threads were stopped: 0.0524950 seconds, Stopping threads took: 0.0000820 seconds
143.027: Application time: 0.1674790 seconds
143.027: [GC [PSYoungGen: 420096K->46703K(521216K)] 744717K->409489K(1505280K), 0.0449210 secs] [Times: user=0.36 sys=0.00, real=0.04 secs] 
143.072: Total time for which application threads were stopped: 0.0451070 seconds, Stopping threads took: 0.0001010 seconds
143.206: Application time: 0.1338020 seconds
143.206: [GC [PSYoungGen: 424559K->95345K(516608K)] 787345K->499433K(1500672K), 0.0667030 secs] [Times: user=0.53 sys=0.00, real=0.07 secs] 
143.273: Total time for which application threads were stopped: 0.0669110 seconds, Stopping threads took: 0.0001060 seconds
143.468: Application time: 0.1955770 seconds
143.468: [GC [PSYoungGen: 473201K->24272K(524800K)] 877289K->483692K(1508864K), 0.0435410 secs] [Times: user=0.35 sys=0.00, real=0.04 secs] 
143.512: Total time for which application threads were stopped: 0.0437230 seconds, Stopping threads took: 0.0000940 seconds
143.643: Application time: 0.1314530 seconds
143.644: [GC [PSYoungGen: 406224K->103899K(485888K)] 865644K->585280K(1469952K), 0.0641020 secs] [Times: user=0.51 sys=0.00, real=0.07 secs] 
143.708: Total time for which application threads were stopped: 0.0642800 seconds, Stopping threads took: 0.0000900 seconds
143.885: Application time: 0.1769960 seconds
143.885: [GC [PSYoungGen: 485851K->47248K(522240K)] 967232K->589260K(1506304K), 0.0536230 secs] [Times: user=0.42 sys=0.00, real=0.06 secs] 
143.939: Total time for which application threads were stopped: 0.0538200 seconds, Stopping threads took: 0.0000950 seconds
144.099: Application time: 0.1605480 seconds
144.099: [GC [PSYoungGen: 419472K->57189K(429568K)] 961484K->634176K(1413632K), 0.0480600 secs] [Times: user=0.38 sys=0.00, real=0.05 secs] 
144.147: Total time for which application threads were stopped: 0.0482410 seconds, Stopping threads took: 0.0000910 seconds
144.291: Application time: 0.1434800 seconds
144.291: [GC [PSYoungGen: 429413K->80121K(510976K)] 1006400K->703712K(1495040K), 0.0637130 secs] [Times: user=0.50 sys=0.00, real=0.06 secs] 
144.355: Total time for which application threads were stopped: 0.0638670 seconds, Stopping threads took: 0.0000690 seconds
144.540: Application time: 0.1849770 seconds
144.540: [GC [PSYoungGen: 453369K->29693K(509952K)] 1076960K->704621K(1494016K), 0.0444240 secs] [Times: user=0.35 sys=0.00, real=0.04 secs] 
144.584: Total time for which application threads were stopped: 0.0446150 seconds, Stopping threads took: 0.0000940 seconds
144.713: Application time: 0.1288650 seconds
144.713: [GC [PSYoungGen: 402941K->98080K(519168K)] 1077869K->798310K(1503232K), 0.0647100 secs] [Times: user=0.50 sys=0.01, real=0.06 secs] 
144.778: Total time for which application threads were stopped: 0.0648870 seconds, Stopping threads took: 0.0000880 seconds
144.954: Application time: 0.1755600 seconds
144.954: [GC [PSYoungGen: 481568K->45248K(525312K)] 1181798K->806227K(1509376K), 0.0511650 secs] [Times: user=0.41 sys=0.00, real=0.05 secs] 
145.005: Total time for which application threads were stopped: 0.0513500 seconds, Stopping threads took: 0.0000990 seconds
145.161: Application time: 0.1560690 seconds
145.161: [GC [PSYoungGen: 428736K->66302K(509952K)] 1189715K->860380K(1494016K), 0.0503850 secs] [Times: user=0.40 sys=0.00, real=0.05 secs] 
145.213: Total time for which application threads were stopped: 0.0521340 seconds, Stopping threads took: 0.0000880 seconds
145.371: Application time: 0.1577720 seconds
145.371: [GC [PSYoungGen: 453886K->74918K(518656K)] 1247964K->918387K(1502720K), 0.0626460 secs] [Times: user=0.49 sys=0.00, real=0.06 secs] 
145.434: Total time for which application threads were stopped: 0.0627980 seconds, Stopping threads took: 0.0000670 seconds
145.625: Application time: 0.1910110 seconds
145.625: [GC [PSYoungGen: 462502K->33074K(531456K)] 1305971K->923893K(1515520K), 0.0460710 secs] [Times: user=0.36 sys=0.00, real=0.05 secs] 
145.671: Total time for which application threads were stopped: 0.0463020 seconds, Stopping threads took: 0.0001440 seconds
145.817: Application time: 0.1458990 seconds
145.817: [GC [PSYoungGen: 440626K->96512K(504320K)] 1331445K->1014005K(1488384K), 0.0619660 secs] [Times: user=0.49 sys=0.00, real=0.07 secs] 
145.879: [Full GC [PSYoungGen: 96512K->0K(504320K)] [ParOldGen: 917493K->145652K(1004544K)] 1014005K->145652K(1508864K) [PSPermGen: 9157K->9157K(21504K)], 0.1757820 secs] [Times: user=1.30 sys=0.00, real=0.17 secs] 
146.055: Total time for which application threads were stopped: 0.2380040 seconds, Stopping threads took: 0.0000980 seconds
146.246: Application time: 0.1907170 seconds
146.246: [GC [PSYoungGen: 407552K->50224K(537600K)] 553204K->195877K(1542144K), 0.0376080 secs] [Times: user=0.30 sys=0.00, real=0.04 secs] 
146.283: Total time for which application threads were stopped: 0.0377960 seconds, Stopping threads took: 0.0001060 seconds
146.428: Application time: 0.1444890 seconds
146.428: [GC [PSYoungGen: 453680K->104112K(507904K)] 599333K->291121K(1512448K), 0.0733180 secs] [Times: user=0.59 sys=0.00, real=0.07 secs] 
146.502: Total time for which application threads were stopped: 0.0735430 seconds, Stopping threads took: 0.0001250 seconds
146.689: Application time: 0.1877800 seconds
146.689: [GC [PSYoungGen: 507568K->48928K(532992K)] 694577K->298253K(1537536K), 0.0543120 secs] [Times: user=0.42 sys=0.00, real=0.05 secs] 
146.744: Total time for which application threads were stopped: 0.0544820 seconds, Stopping threads took: 0.0000820 seconds
146.904: Application time: 0.1602210 seconds
146.904: [GC [PSYoungGen: 443449K->68906K(463872K)] 692774K->353960K(1468416K), 0.0536230 secs] [Times: user=0.42 sys=0.00, real=0.05 secs] 
146.958: Total time for which application threads were stopped: 0.0538010 seconds, Stopping threads took: 0.0000900 seconds
147.128: Application time: 0.1700960 seconds
147.128: [GC [PSYoungGen: 463658K->67105K(528896K)] 748712K->402217K(1533440K), 0.0596080 secs] [Times: user=0.47 sys=0.00, real=0.06 secs] 
147.188: Total time for which application threads were stopped: 0.0597990 seconds, Stopping threads took: 0.0000910 seconds
147.372: Application time: 0.1842080 seconds
147.372: [GC [PSYoungGen: 467489K->47423K(523264K)] 802601K->428985K(1527808K), 0.0511250 secs] [Times: user=0.40 sys=0.00, real=0.05 secs] 
147.423: Total time for which application threads were stopped: 0.0513500 seconds, Stopping threads took: 0.0001390 seconds
147.576: Application time: 0.1522290 seconds
147.576: [GC [PSYoungGen: 447807K->88266K(532992K)] 829369K->506558K(1537536K), 0.0630550 secs] [Times: user=0.50 sys=0.00, real=0.07 secs] 
147.639: Total time for which application threads were stopped: 0.0632290 seconds, Stopping threads took: 0.0000850 seconds
147.837: Application time: 0.1986470 seconds
147.838: [GC [PSYoungGen: 500938K->39088K(536064K)] 919230K->504010K(1540608K), 0.0437570 secs] [Times: user=0.34 sys=0.00, real=0.04 secs] 
147.882: Total time for which application threads were stopped: 0.0448570 seconds, Stopping threads took: 0.0009960 seconds
148.032: Application time: 0.1499860 seconds
148.032: [GC [PSYoungGen: 451760K->98402K(530944K)] 916682K->591827K(1535488K), 0.0612510 secs] [Times: user=0.48 sys=0.00, real=0.06 secs] 
148.094: Total time for which application threads were stopped: 0.0614440 seconds, Stopping threads took: 0.0001050 seconds
148.282: Application time: 0.1885100 seconds
148.282: [GC [PSYoungGen: 506466K->45616K(537600K)] 999891K->598195K(1542144K), 0.0522450 secs] [Times: user=0.41 sys=0.00, real=0.05 secs] 
148.335: Total time for which application threads were stopped: 0.0524140 seconds, Stopping threads took: 0.0000800 seconds
148.494: Application time: 0.1591030 seconds
148.494: [GC [PSYoungGen: 453680K->83870K(537088K)] 1006259K->669607K(1541632K), 0.0595300 secs] [Times: user=0.47 sys=0.00, real=0.06 secs] 
148.553: Total time for which application threads were stopped: 0.0597380 seconds, Stopping threads took: 0.0001070 seconds
148.739: Application time: 0.1852180 seconds
148.739: [GC [PSYoungGen: 494494K->61381K(472064K)] 1080231K->699158K(1476608K), 0.0589330 secs] [Times: user=0.45 sys=0.01, real=0.05 secs] 
148.798: Total time for which application threads were stopped: 0.0591720 seconds, Stopping threads took: 0.0001530 seconds
148.975: Application time: 0.1773750 seconds
148.975: [GC [PSYoungGen: 472005K->63105K(540672K)] 1109782K->744774K(1545216K), 0.0562580 secs] [Times: user=0.45 sys=0.00, real=0.06 secs] 
149.032: Total time for which application threads were stopped: 0.0564440 seconds, Stopping threads took: 0.0000950 seconds
149.203: Application time: 0.1712730 seconds
149.203: [GC [PSYoungGen: 480897K->73824K(535552K)] 1162566K->799960K(1540096K), 0.0595830 secs] [Times: user=0.48 sys=0.00, real=0.06 secs] 
149.263: Total time for which application threads were stopped: 0.0597510 seconds, Stopping threads took: 0.0000710 seconds
149.458: Application time: 0.1949350 seconds
149.458: [GC [PSYoungGen: 491518K->45383K(542720K)] 1217654K->814856K(1547264K), 0.0483170 secs] [Times: user=0.38 sys=0.00, real=0.05 secs] 
149.506: Total time for which application threads were stopped: 0.0484990 seconds, Stopping threads took: 0.0000930 seconds
149.667: Application time: 0.1605080 seconds
149.668: [GC [PSYoungGen: 472903K->88656K(541696K)] 1242376K->892683K(1546240K), 0.0630480 secs] [Times: user=0.50 sys=0.00, real=0.06 secs] 
149.731: Total time for which application threads were stopped: 0.0648150 seconds, Stopping threads took: 0.0016830 seconds
149.933: Application time: 0.2018060 seconds
149.933: [GC [PSYoungGen: 516176K->40592K(549376K)] 1320203K->888883K(1553920K), 0.0439460 secs] [Times: user=0.34 sys=0.00, real=0.04 secs] 
149.977: Total time for which application threads were stopped: 0.0441420 seconds, Stopping threads took: 0.0000960 seconds
150.134: Application time: 0.1568660 seconds
150.134: [GC [PSYoungGen: 471696K->100576K(531968K)] 1319987K->977681K(1536512K), 0.0646100 secs] [Times: user=0.48 sys=0.00, real=0.07 secs] 
150.199: Total time for which application threads were stopped: 0.0647920 seconds, Stopping threads took: 0.0000970 seconds
150.400: Application time: 0.2006670 seconds
150.400: [GC [PSYoungGen: 531680K->45760K(543232K)] 1408785K->977988K(1547776K), 0.0498460 secs] [Times: user=0.39 sys=0.00, real=0.05 secs] 
150.450: Total time for which application threads were stopped: 0.0500230 seconds, Stopping threads took: 0.0000860 seconds
150.605: Application time: 0.1553830 seconds
150.605: [GC [PSYoungGen: 463552K->98237K(516096K)] 1395780K->1063412K(1520640K), 0.0661430 secs] [Times: user=0.51 sys=0.01, real=0.07 secs] 
150.672: [Full GC [PSYoungGen: 98237K->0K(516096K)] [ParOldGen: 965175K->153079K(1022464K)] 1063412K->153079K(1538560K) [PSPermGen: 9157K->9157K(21504K)], 0.1812820 secs] [Times: user=1.34 sys=0.01, real=0.18 secs] 
150.853: Total time for which application threads were stopped: 0.2476760 seconds, Stopping threads took: 0.0000870 seconds
151.048: Application time: 0.1948740 seconds
151.048: [GC [PSYoungGen: 417792K->63644K(542208K)] 570871K->216724K(1564672K), 0.0426490 secs] [Times: user=0.34 sys=0.00, real=0.04 secs] 
151.091: Total time for which application threads were stopped: 0.0428510 seconds, Stopping threads took: 0.0001120 seconds
151.253: Application time: 0.1622420 seconds
151.253: [GC [PSYoungGen: 475804K->78283K(490496K)] 628884K->284578K(1512960K), 0.0681330 secs] [Times: user=0.54 sys=0.00, real=0.07 secs] 
151.321: Total time for which application threads were stopped: 0.0683340 seconds, Stopping threads took: 0.0001030 seconds
151.509: Application time: 0.1874290 seconds
151.510: [GC [PSYoungGen: 490443K->57200K(538112K)] 696738K->315102K(1560576K), 0.0558820 secs] [Times: user=0.44 sys=0.00, real=0.05 secs] 
151.566: Total time for which application threads were stopped: 0.0577840 seconds, Stopping threads took: 0.0018030 seconds
151.744: Application time: 0.1777420 seconds
151.744: [GC [PSYoungGen: 472432K->63726K(535040K)] 730334K->362574K(1557504K), 0.0544160 secs] [Times: user=0.43 sys=0.00, real=0.06 secs] 
151.799: Total time for which application threads were stopped: 0.0545850 seconds, Stopping threads took: 0.0000790 seconds
151.973: Application time: 0.1745030 seconds
151.973: [GC [PSYoungGen: 478958K->68640K(543232K)] 777806K->414213K(1565696K), 0.0584960 secs] [Times: user=0.47 sys=0.00, real=0.06 secs] 
152.032: Total time for which application threads were stopped: 0.0586630 seconds, Stopping threads took: 0.0000690 seconds
152.226: Application time: 0.1946180 seconds
152.227: [GC [PSYoungGen: 497184K->52021K(539648K)] 842757K->436519K(1562112K), 0.0474900 secs] [Times: user=0.38 sys=0.00, real=0.04 secs] 
152.274: Total time for which application threads were stopped: 0.0476500 seconds, Stopping threads took: 0.0000730 seconds
152.436: Application time: 0.1622810 seconds
152.437: [GC [PSYoungGen: 480565K->89056K(545792K)] 865063K->509642K(1568256K), 0.0634510 secs] [Times: user=0.50 sys=0.00, real=0.07 secs] 
152.500: Total time for which application threads were stopped: 0.0636460 seconds, Stopping threads took: 0.0001030 seconds
152.707: Application time: 0.2073120 seconds
152.708: [GC [PSYoungGen: 525792K->44570K(550400K)] 946378K->509012K(1572864K), 0.0441710 secs] [Times: user=0.35 sys=0.00, real=0.04 secs] 
152.752: Total time for which application threads were stopped: 0.0443550 seconds, Stopping threads took: 0.0000890 seconds
152.919: Application time: 0.1668260 seconds
152.919: [GC [PSYoungGen: 481306K->100576K(537600K)] 945748K->597301K(1560064K), 0.0655190 secs] [Times: user=0.51 sys=0.00, real=0.06 secs] 
152.984: Total time for which application threads were stopped: 0.0657110 seconds, Stopping threads took: 0.0001040 seconds
153.180: Application time: 0.1954280 seconds
153.182: [GC [PSYoungGen: 525024K->47440K(545792K)] 1021749K->599823K(1568256K), 0.0502710 secs] [Times: user=0.40 sys=0.00, real=0.05 secs] 
153.233: Total time for which application threads were stopped: 0.0530590 seconds, Stopping threads took: 0.0026990 seconds
153.391: Application time: 0.1585840 seconds
153.392: [GC [PSYoungGen: 471888K->90711K(540160K)] 1024271K->677584K(1562624K), 0.0615530 secs] [Times: user=0.49 sys=0.00, real=0.06 secs] 
153.453: Total time for which application threads were stopped: 0.0617540 seconds, Stopping threads took: 0.0000970 seconds
153.647: Application time: 0.1935850 seconds
153.647: [GC [PSYoungGen: 511063K->52000K(543744K)] 1097936K->692903K(1566208K), 0.0541650 secs] [Times: user=0.42 sys=0.00, real=0.05 secs] 
153.701: Total time for which application threads were stopped: 0.0543230 seconds, Stopping threads took: 0.0000710 seconds
153.877: Application time: 0.1758360 seconds
153.877: [GC [PSYoungGen: 472352K->81985K(542720K)] 1113255K->762658K(1565184K), 0.0630000 secs] [Times: user=0.50 sys=0.00, real=0.07 secs] 
153.940: Total time for which application threads were stopped: 0.0631830 seconds, Stopping threads took: 0.0000960 seconds
154.127: Application time: 0.1871000 seconds
154.127: [GC [PSYoungGen: 504897K->57718K(543744K)] 1185570K->793787K(1566208K), 0.0593010 secs] [Times: user=0.47 sys=0.00, real=0.06 secs] 
154.187: Total time for which application threads were stopped: 0.0594920 seconds, Stopping threads took: 0.0000890 seconds
154.368: Application time: 0.1816560 seconds
154.368: [GC [PSYoungGen: 480630K->67089K(539136K)] 1216699K->836858K(1561600K), 0.0521740 secs] [Times: user=0.42 sys=0.00, real=0.05 secs] 
154.421: Total time for which application threads were stopped: 0.0523610 seconds, Stopping threads took: 0.0000920 seconds
154.598: Application time: 0.1776460 seconds
154.598: [GC [PSYoungGen: 495633K->68746K(541696K)] 1265402K->881806K(1564160K), 0.0563370 secs] [Times: user=0.45 sys=0.00, real=0.05 secs] 
154.655: Total time for which application threads were stopped: 0.0565170 seconds, Stopping threads took: 0.0000930 seconds
154.841: Application time: 0.1861310 seconds
154.841: [GC [PSYoungGen: 497290K->61970K(550912K)] 1310350K->911704K(1573376K), 0.0517900 secs] [Times: user=0.41 sys=0.00, real=0.05 secs] 
154.893: Total time for which application threads were stopped: 0.0520000 seconds, Stopping threads took: 0.0001100 seconds
155.078: Application time: 0.1845150 seconds
155.078: [GC [PSYoungGen: 507410K->76064K(551424K)] 1357144K->964937K(1573888K), 0.0575850 secs] [Times: user=0.46 sys=0.00, real=0.06 secs] 
155.135: Total time for which application threads were stopped: 0.0577450 seconds, Stopping threads took: 0.0000730 seconds
155.331: Application time: 0.1956400 seconds
155.334: [GC [PSYoungGen: 521504K->59850K(557568K)] 1410377K->993019K(1580032K), 0.0545600 secs] [Times: user=0.44 sys=0.00, real=0.06 secs] 
155.389: Total time for which application threads were stopped: 0.0581710 seconds, Stopping threads took: 0.0035270 seconds
155.575: Application time: 0.1855170 seconds
155.575: [GC [PSYoungGen: 516042K->84112K(559104K)] 1449211K->1057159K(1581568K), 0.0621160 secs] [Times: user=0.49 sys=0.00, real=0.06 secs] 
155.637: [Full GC [PSYoungGen: 84112K->0K(559104K)] [ParOldGen: 973047K->149821K(1034240K)] 1057159K->149821K(1593344K) [PSPermGen: 9158K->9158K(21504K)], 0.1853160 secs] [Times: user=1.39 sys=0.00, real=0.19 secs] 
155.822: Total time for which application threads were stopped: 0.2476920 seconds, Stopping threads took: 0.0000930 seconds
156.024: Application time: 0.2012330 seconds
156.024: [GC [PSYoungGen: 456192K->67783K(560640K)] 606013K->217604K(1594880K), 0.0407160 secs] [Times: user=0.32 sys=0.00, real=0.04 secs] 
156.064: Total time for which application threads were stopped: 0.0409080 seconds, Stopping threads took: 0.0001060 seconds
156.244: Application time: 0.1795640 seconds
156.244: [GC [PSYoungGen: 526535K->88192K(561152K)] 676356K->287577K(1595392K), 0.0692260 secs] [Times: user=0.55 sys=0.00, real=0.07 secs] 
156.313: Total time for which application threads were stopped: 0.0694040 seconds, Stopping threads took: 0.0000830 seconds
156.519: Application time: 0.2054500 seconds
156.522: [GC [PSYoungGen: 546944K->58119K(562688K)] 746329K->306823K(1596928K), 0.0528290 secs] [Times: user=0.42 sys=0.00, real=0.05 secs] 
156.575: Total time for which application threads were stopped: 0.0564580 seconds, Stopping threads took: 0.0035420 seconds
156.756: Application time: 0.1807830 seconds
156.757: [GC [PSYoungGen: 514823K->87648K(544768K)] 763527K->376289K(1579008K), 0.0628240 secs] [Times: user=0.49 sys=0.00, real=0.07 secs] 
156.820: Total time for which application threads were stopped: 0.0636100 seconds, Stopping threads took: 0.0006820 seconds
157.025: Application time: 0.2049060 seconds
157.025: [GC [PSYoungGen: 544352K->58014K(560640K)] 832993K->394960K(1594880K), 0.0526190 secs] [Times: user=0.42 sys=0.00, real=0.05 secs] 
157.077: Total time for which application threads were stopped: 0.0527860 seconds, Stopping threads took: 0.0000790 seconds
157.254: Application time: 0.1769900 seconds
157.254: [GC [PSYoungGen: 510622K->91312K(544256K)] 847568K->469240K(1578496K), 0.0649800 secs] [Times: user=0.51 sys=0.00, real=0.07 secs] 
157.320: Total time for which application threads were stopped: 0.0651250 seconds, Stopping threads took: 0.0000600 seconds
157.526: Application time: 0.2062640 seconds
157.526: [GC [PSYoungGen: 543920K->56282K(557568K)] 921848K->484062K(1591808K), 0.0541830 secs] [Times: user=0.43 sys=0.00, real=0.06 secs] 
157.580: Total time for which application threads were stopped: 0.0544480 seconds, Stopping threads took: 0.0001590 seconds
157.757: Application time: 0.1770820 seconds
157.758: [GC [PSYoungGen: 503258K->90994K(538112K)] 931038K->559769K(1572352K), 0.0660560 secs] [Times: user=0.52 sys=0.00, real=0.07 secs] 
157.824: Total time for which application threads were stopped: 0.0662860 seconds, Stopping threads took: 0.0001280 seconds
158.030: Application time: 0.2061880 seconds
158.030: [GC [PSYoungGen: 537970K->56928K(555008K)] 1006745K->576038K(1589248K), 0.0536990 secs] [Times: user=0.43 sys=0.00, real=0.05 secs] 
158.084: Total time for which application threads were stopped: 0.0539050 seconds, Stopping threads took: 0.0001090 seconds
158.261: Application time: 0.1771930 seconds
158.261: [GC [PSYoungGen: 498784K->89488K(531456K)] 1017894K->646309K(1565696K), 0.0628760 secs] [Times: user=0.50 sys=0.00, real=0.06 secs] 
158.324: Total time for which application threads were stopped: 0.0630710 seconds, Stopping threads took: 0.0001080 seconds
158.525: Application time: 0.2013020 seconds
158.526: [GC [PSYoungGen: 531344K->54272K(553472K)] 1088165K->662919K(1587712K), 0.0539800 secs] [Times: user=0.42 sys=0.00, real=0.05 secs] 
158.580: Total time for which application threads were stopped: 0.0552100 seconds, Stopping threads took: 0.0011380 seconds
158.752: Application time: 0.1711880 seconds
158.752: [GC [PSYoungGen: 493056K->92496K(531456K)] 1101703K->735419K(1565696K), 0.0640000 secs] [Times: user=0.49 sys=0.00, real=0.06 secs] 
158.816: Total time for which application threads were stopped: 0.0641920 seconds, Stopping threads took: 0.0000950 seconds
159.017: Application time: 0.2012440 seconds
159.017: [GC [PSYoungGen: 531280K->54542K(550912K)] 1174203K->752634K(1585152K), 0.0543660 secs] [Times: user=0.43 sys=0.00, real=0.06 secs] 
159.072: Total time for which application threads were stopped: 0.0545540 seconds, Stopping threads took: 0.0001010 seconds
159.239: Application time: 0.1676310 seconds
159.242: [GC [PSYoungGen: 488206K->88706K(522752K)] 1186298K->827461K(1556992K), 0.0636980 secs] [Times: user=0.51 sys=0.00, real=0.06 secs] 
159.306: Total time for which application threads were stopped: 0.0668480 seconds, Stopping threads took: 0.0030620 seconds
159.506: Application time: 0.1998440 seconds
159.510: [GC [PSYoungGen: 522157K->52729K(549888K)] 1260911K->847354K(1584128K), 0.0571600 secs] [Times: user=0.45 sys=0.00, real=0.06 secs] 
159.568: Total time for which application threads were stopped: 0.0616690 seconds, Stopping threads took: 0.0044070 seconds
159.740: Application time: 0.1725100 seconds
159.740: [GC [PSYoungGen: 484345K->84454K(548864K)] 1278970K->920824K(1583104K), 0.0653100 secs] [Times: user=0.51 sys=0.00, real=0.06 secs] 
159.806: Total time for which application threads were stopped: 0.0655260 seconds, Stopping threads took: 0.0001300 seconds
160.005: Application time: 0.1996440 seconds
160.005: [GC [PSYoungGen: 516070K->53824K(548864K)] 1352440K->939225K(1583104K), 0.0541100 secs] [Times: user=0.43 sys=0.00, real=0.06 secs] 
160.060: Total time for which application threads were stopped: 0.0542840 seconds, Stopping threads took: 0.0000850 seconds
160.229: Application time: 0.1692260 seconds
160.229: [GC [PSYoungGen: 486464K->75754K(508416K)] 1371865K->995039K(1542656K), 0.0547270 secs] [Times: user=0.44 sys=0.00, real=0.05 secs] 
160.284: Total time for which application threads were stopped: 0.0549210 seconds, Stopping threads took: 0.0000930 seconds
160.470: Application time: 0.1862880 seconds
160.470: [GC [PSYoungGen: 508394K->65504K(551936K)] 1427679K->1028708K(1586176K), 0.0558130 secs] [Times: user=0.44 sys=0.00, real=0.05 secs] 
160.526: Total time for which application threads were stopped: 0.0559910 seconds, Stopping threads took: 0.0000900 seconds
160.713: Application time: 0.1867510 seconds
160.713: [GC [PSYoungGen: 503776K->67222K(548352K)] 1466980K->1064726K(1582592K), 0.0523510 secs] [Times: user=0.40 sys=0.02, real=0.05 secs] 
160.765: [Full GC [PSYoungGen: 67222K->0K(548352K)] [ParOldGen: 997503K->118213K(1026560K)] 1064726K->118213K(1574912K) [PSPermGen: 9158K->9158K(21504K)], 0.1319720 secs] [Times: user=0.95 sys=0.00, real=0.13 secs] 
160.897: Total time for which application threads were stopped: 0.1845760 seconds, Stopping threads took: 0.0000910 seconds
161.081: Application time: 0.1834830 seconds
161.081: [GC [PSYoungGen: 438272K->78635K(550912K)] 556485K->196849K(1577472K), 0.0432420 secs] [Times: user=0.34 sys=0.00, real=0.04 secs] 
161.124: Total time for which application threads were stopped: 0.0434540 seconds, Stopping threads took: 0.0001090 seconds
161.314: Application time: 0.1900380 seconds
161.315: [GC [PSYoungGen: 522539K->65684K(550400K)] 640753K->233874K(1576960K), 0.0583460 secs] [Times: user=0.47 sys=0.00, real=0.06 secs] 
161.373: Total time for which application threads were stopped: 0.0585720 seconds, Stopping threads took: 0.0001380 seconds
161.554: Application time: 0.1805300 seconds
161.554: [GC [PSYoungGen: 509588K->74128K(558592K)] 677778K->287552K(1585152K), 0.0587150 secs] [Times: user=0.47 sys=0.00, real=0.06 secs] 
161.612: Total time for which application threads were stopped: 0.0589080 seconds, Stopping threads took: 0.0001080 seconds
161.814: Application time: 0.2015040 seconds
161.814: [GC [PSYoungGen: 529808K->65403K(557568K)] 743232K->316181K(1584128K), 0.0512950 secs] [Times: user=0.40 sys=0.00, real=0.05 secs] 
161.865: Total time for which application threads were stopped: 0.0515000 seconds, Stopping threads took: 0.0001070 seconds
162.048: Application time: 0.1821650 seconds
162.048: [GC [PSYoungGen: 521083K->77608K(562688K)] 771861K->369768K(1589248K), 0.0583940 secs] [Times: user=0.46 sys=0.00, real=0.05 secs] 
162.106: Total time for which application threads were stopped: 0.0585500 seconds, Stopping threads took: 0.0000690 seconds
162.313: Application time: 0.2065580 seconds
162.314: [GC [PSYoungGen: 540456K->60872K(562176K)] 832616K->392084K(1588736K), 0.0490470 secs] [Times: user=0.38 sys=0.00, real=0.05 secs] 
162.364: Total time for which application threads were stopped: 0.0508250 seconds, Stopping threads took: 0.0016790 seconds
162.549: Application time: 0.1856890 seconds
162.549: [GC [PSYoungGen: 523720K->81977K(564736K)] 854932K->450629K(1591296K), 0.0588810 secs] [Times: user=0.47 sys=0.00, real=0.06 secs] 
162.608: Total time for which application threads were stopped: 0.0590640 seconds, Stopping threads took: 0.0000950 seconds
162.819: Application time: 0.2108110 seconds
162.819: [GC [PSYoungGen: 548409K->60539K(566272K)] 917061K->470065K(1592832K), 0.0494750 secs] [Times: user=0.38 sys=0.00, real=0.05 secs] 
162.869: Total time for which application threads were stopped: 0.0496620 seconds, Stopping threads took: 0.0000890 seconds
163.061: Application time: 0.1924800 seconds
163.062: [GC [PSYoungGen: 526971K->81418K(565248K)] 936497K->528085K(1591808K), 0.0596080 secs] [Times: user=0.47 sys=0.00, real=0.06 secs] 
163.122: Total time for which application threads were stopped: 0.0608400 seconds, Stopping threads took: 0.0011480 seconds
163.327: Application time: 0.2052880 seconds
163.328: [GC [PSYoungGen: 547850K->61451K(566784K)] 994517K->548111K(1593344K), 0.0496520 secs] [Times: user=0.39 sys=0.00, real=0.04 secs] 
163.377: Total time for which application threads were stopped: 0.0498380 seconds, Stopping threads took: 0.0000850 seconds
163.561: Application time: 0.1842410 seconds
163.562: [GC [PSYoungGen: 527883K->81170K(565248K)] 1014543K->604426K(1591808K), 0.0574130 secs] [Times: user=0.45 sys=0.00, real=0.06 secs] 
163.619: Total time for which application threads were stopped: 0.0575930 seconds, Stopping threads took: 0.0000960 seconds
163.825: Application time: 0.2055830 seconds
163.826: [GC [PSYoungGen: 547602K->60775K(566784K)] 1070858K->623017K(1593344K), 0.0489570 secs] [Times: user=0.38 sys=0.00, real=0.04 secs] 
163.875: Total time for which application threads were stopped: 0.0507770 seconds, Stopping threads took: 0.0017310 seconds
164.063: Application time: 0.1870800 seconds
164.063: [GC [PSYoungGen: 527207K->79722K(566784K)] 1089449K->678749K(1593344K), 0.0567840 secs] [Times: user=0.45 sys=0.00, real=0.06 secs] 
164.120: Total time for which application threads were stopped: 0.0569920 seconds, Stopping threads took: 0.0000990 seconds
164.330: Application time: 0.2105750 seconds
164.330: [GC [PSYoungGen: 547178K->61102K(528896K)] 1146205K->697147K(1555456K), 0.0486270 secs] [Times: user=0.38 sys=0.01, real=0.05 secs] 
164.379: Total time for which application threads were stopped: 0.0488170 seconds, Stopping threads took: 0.0001050 seconds
164.569: Application time: 0.1901030 seconds
164.569: [GC [PSYoungGen: 528558K->78336K(566784K)] 1164603K->750943K(1593344K), 0.0584520 secs] [Times: user=0.46 sys=0.00, real=0.06 secs] 
164.628: Total time for which application threads were stopped: 0.0586420 seconds, Stopping threads took: 0.0000900 seconds
164.835: Application time: 0.2073990 seconds
164.835: [GC [PSYoungGen: 546304K->58315K(566784K)] 1218911K->764256K(1593344K), 0.0454240 secs] [Times: user=0.36 sys=0.00, real=0.05 secs] 
164.881: Total time for which application threads were stopped: 0.0455920 seconds, Stopping threads took: 0.0000830 seconds
165.069: Application time: 0.1879140 seconds
165.069: [GC [PSYoungGen: 526283K->78784K(567296K)] 1232224K->819423K(1593856K), 0.0560830 secs] [Times: user=0.45 sys=0.00, real=0.05 secs] 
165.125: Total time for which application threads were stopped: 0.0562540 seconds, Stopping threads took: 0.0000810 seconds
165.330: Application time: 0.2050820 seconds
165.330: [GC [PSYoungGen: 547776K->58973K(567808K)] 1288415K->828519K(1594368K), 0.0441530 secs] [Times: user=0.35 sys=0.00, real=0.04 secs] 
165.374: Total time for which application threads were stopped: 0.0443330 seconds, Stopping threads took: 0.0000810 seconds
165.571: Application time: 0.1967670 seconds
165.571: [GC [PSYoungGen: 527965K->76688K(567808K)] 1297511K->879626K(1594368K), 0.0554680 secs] [Times: user=0.44 sys=0.00, real=0.06 secs] 
165.627: Total time for which application threads were stopped: 0.0556710 seconds, Stopping threads took: 0.0001130 seconds
165.832: Application time: 0.2053130 seconds
165.832: [GC [PSYoungGen: 546651K->62201K(567808K)] 1349589K->899155K(1594368K), 0.0472820 secs] [Times: user=0.37 sys=0.00, real=0.05 secs] 
165.879: Total time for which application threads were stopped: 0.0474810 seconds, Stopping threads took: 0.0000950 seconds
166.077: Application time: 0.1972580 seconds
166.077: [GC [PSYoungGen: 532217K->74064K(568320K)] 1369171K->946967K(1594880K), 0.0554170 secs] [Times: user=0.43 sys=0.00, real=0.06 secs] 
166.132: Total time for which application threads were stopped: 0.0556020 seconds, Stopping threads took: 0.0000980 seconds
166.338: Application time: 0.2051630 seconds
166.338: [GC [PSYoungGen: 546124K->66533K(567808K)] 1419028K->975219K(1594368K), 0.0504970 secs] [Times: user=0.40 sys=0.00, real=0.06 secs] 
166.388: Total time for which application threads were stopped: 0.0506960 seconds, Stopping threads took: 0.0000990 seconds
166.594: Application time: 0.2055850 seconds
166.594: [GC [PSYoungGen: 538597K->69760K(568832K)] 1447283K->1016727K(1595392K), 0.0551920 secs] [Times: user=0.44 sys=0.00, real=0.06 secs] 
166.649: Total time for which application threads were stopped: 0.0553740 seconds, Stopping threads took: 0.0000950 seconds
166.849: Application time: 0.1995300 seconds
166.850: [GC [PSYoungGen: 547456K->67911K(568832K)] 1494423K->1044789K(1595392K), 0.0482350 secs] [Times: user=0.39 sys=0.00, real=0.05 secs] 
166.899: Total time for which application threads were stopped: 0.0500500 seconds, Stopping threads took: 0.0017170 seconds
167.106: Application time: 0.2076750 seconds
167.107: [GC [PSYoungGen: 545607K->67344K(573440K)] 1522485K->1080410K(1600000K), 0.0513690 secs] [Times: user=0.40 sys=0.00, real=0.04 secs] 
167.158: [Full GC [PSYoungGen: 67344K->0K(573440K)] [ParOldGen: 1013066K->133903K(1049088K)] 1080410K->133903K(1622528K) [PSPermGen: 9158K->9158K(21504K)], 0.1631030 secs] [Times: user=1.20 sys=0.00, real=0.17 secs] 
167.321: Total time for which application threads were stopped: 0.2146740 seconds, Stopping threads took: 0.0000570 seconds
167.522: Application time: 0.2005650 seconds
167.522: [GC [PSYoungGen: 486400K->85001K(573952K)] 620303K->218905K(1623040K), 0.0460050 secs] [Times: user=0.36 sys=0.00, real=0.05 secs] 
167.568: Total time for which application threads were stopped: 0.0462110 seconds, Stopping threads took: 0.0001090 seconds
167.786: Application time: 0.2185800 seconds
167.787: [GC [PSYoungGen: 571401K->62153K(576000K)] 705305K->244898K(1625088K), 0.0576760 secs] [Times: user=0.46 sys=0.01, real=0.05 secs] 
167.844: Total time for which application threads were stopped: 0.0578700 seconds, Stopping threads took: 0.0001040 seconds
168.038: Application time: 0.1935090 seconds
168.042: [GC [PSYoungGen: 546505K->83797K(568320K)] 729250K->301383K(1617408K), 0.0563540 secs] [Times: user=0.44 sys=0.00, real=0.06 secs] 
168.099: Total time for which application threads were stopped: 0.0609850 seconds, Stopping threads took: 0.0045290 seconds
168.320: Application time: 0.2214680 seconds
168.320: [GC [PSYoungGen: 568149K->59691K(573440K)] 785735K->321901K(1622528K), 0.0518050 secs] [Times: user=0.41 sys=0.00, real=0.05 secs] 
168.372: Total time for which application threads were stopped: 0.0519950 seconds, Stopping threads took: 0.0001020 seconds
168.564: Application time: 0.1912320 seconds
168.566: [GC [PSYoungGen: 538923K->88105K(567808K)] 801133K->376410K(1616896K), 0.0545970 secs] [Times: user=0.43 sys=0.00, real=0.05 secs] 
168.621: Total time for which application threads were stopped: 0.0575640 seconds, Stopping threads took: 0.0028650 seconds
168.837: Application time: 0.2163290 seconds
168.838: [GC [PSYoungGen: 567337K->57152K(568832K)] 855642K->391477K(1617920K), 0.0499760 secs] [Times: user=0.40 sys=0.00, real=0.05 secs] 
168.889: Total time for which application threads were stopped: 0.0510770 seconds, Stopping threads took: 0.0010160 seconds
169.075: Application time: 0.1859930 seconds
169.075: [GC [PSYoungGen: 527680K->93186K(564224K)] 862005K->461505K(1613312K), 0.0610070 secs] [Times: user=0.48 sys=0.00, real=0.06 secs] 
169.136: Total time for which application threads were stopped: 0.0612080 seconds, Stopping threads took: 0.0000990 seconds
169.351: Application time: 0.2148850 seconds
169.351: [GC [PSYoungGen: 563714K->53232K(562176K)] 932033K->473919K(1611264K), 0.0519300 secs] [Times: user=0.41 sys=0.00, real=0.05 secs] 
169.403: Total time for which application threads were stopped: 0.0520940 seconds, Stopping threads took: 0.0000790 seconds
169.585: Application time: 0.1824260 seconds
169.585: [GC [PSYoungGen: 512496K->90587K(549888K)] 933183K->543322K(1598976K), 0.0596070 secs] [Times: user=0.48 sys=0.00, real=0.06 secs] 
169.645: Total time for which application threads were stopped: 0.0598070 seconds, Stopping threads took: 0.0001010 seconds
169.856: Application time: 0.2113450 seconds
169.856: [GC [PSYoungGen: 549851K->54073K(559616K)] 1002586K->559602K(1608704K), 0.0540110 secs] [Times: user=0.43 sys=0.00, real=0.06 secs] 
169.910: Total time for which application threads were stopped: 0.0541800 seconds, Stopping threads took: 0.0000800 seconds
170.087: Application time: 0.1768140 seconds
170.087: [GC [PSYoungGen: 505657K->92101K(543744K)] 1011186K->631600K(1592832K), 0.0614010 secs] [Times: user=0.48 sys=0.00, real=0.06 secs] 
170.149: Total time for which application threads were stopped: 0.0616030 seconds, Stopping threads took: 0.0000990 seconds
170.357: Application time: 0.2076640 seconds
170.357: [GC [PSYoungGen: 543685K->53339K(555520K)] 1083184K->646411K(1604608K), 0.0545110 secs] [Times: user=0.43 sys=0.00, real=0.06 secs] 
170.411: Total time for which application threads were stopped: 0.0546930 seconds, Stopping threads took: 0.0000920 seconds
170.586: Application time: 0.1747830 seconds
170.590: [GC [PSYoungGen: 496298K->82697K(555008K)] 1089370K->709750K(1604096K), 0.0578740 secs] [Times: user=0.46 sys=0.00, real=0.06 secs] 
170.648: Total time for which application threads were stopped: 0.0623190 seconds, Stopping threads took: 0.0043460 seconds
170.849: Application time: 0.2007550 seconds
170.849: [GC [PSYoungGen: 526089K->56250K(553984K)] 1153142K->733213K(1603072K), 0.0546300 secs] [Times: user=0.44 sys=0.00, real=0.05 secs] 
170.904: Total time for which application threads were stopped: 0.0548590 seconds, Stopping threads took: 0.0001260 seconds
171.082: Application time: 0.1780050 seconds
171.082: [GC [PSYoungGen: 500154K->79952K(554496K)] 1177117K->791188K(1603584K), 0.0559930 secs] [Times: user=0.45 sys=0.00, real=0.05 secs] 
171.138: Total time for which application threads were stopped: 0.0561800 seconds, Stopping threads took: 0.0000990 seconds
171.336: Application time: 0.1975950 seconds
171.336: [GC [PSYoungGen: 523856K->62288K(551424K)] 1235092K->821246K(1600512K), 0.0563930 secs] [Times: user=0.44 sys=0.00, real=0.06 secs] 
171.392: Total time for which application threads were stopped: 0.0566340 seconds, Stopping threads took: 0.0001420 seconds
171.581: Application time: 0.1885150 seconds
171.581: [GC [PSYoungGen: 508752K->71387K(553984K)] 1267710K->867585K(1603072K), 0.0545580 secs] [Times: user=0.43 sys=0.00, real=0.05 secs] 
171.636: Total time for which application threads were stopped: 0.0547310 seconds, Stopping threads took: 0.0000890 seconds
171.823: Application time: 0.1875500 seconds
171.823: [GC [PSYoungGen: 517851K->71904K(553984K)] 1314049K->913956K(1603072K), 0.0587480 secs] [Times: user=0.47 sys=0.00, real=0.06 secs] 
171.882: Total time for which application threads were stopped: 0.0589100 seconds, Stopping threads took: 0.0000780 seconds
172.079: Application time: 0.1965790 seconds
172.079: [GC [PSYoungGen: 527072K->65931K(556544K)] 1369124K->946830K(1605632K), 0.0531860 secs] [Times: user=0.41 sys=0.00, real=0.05 secs] 
172.132: Total time for which application threads were stopped: 0.0533860 seconds, Stopping threads took: 0.0001000 seconds
172.324: Application time: 0.1915470 seconds
172.324: [GC [PSYoungGen: 521099K->80304K(565760K)] 1401998K->1002948K(1614848K), 0.0612920 secs] [Times: user=0.49 sys=0.00, real=0.06 secs] 
172.385: Total time for which application threads were stopped: 0.0614680 seconds, Stopping threads took: 0.0000910 seconds
172.588: Application time: 0.2029660 seconds
172.588: [GC [PSYoungGen: 546736K->64548K(566272K)] 1469380K->1032394K(1615360K), 0.0550140 secs] [Times: user=0.44 sys=0.00, real=0.05 secs] 
172.643: Total time for which application threads were stopped: 0.0552090 seconds, Stopping threads took: 0.0000950 seconds
172.837: Application time: 0.1936760 seconds
172.837: [GC [PSYoungGen: 530980K->82480K(564736K)] 1498826K->1090101K(1613824K), 0.0627140 secs] [Times: user=0.50 sys=0.00, real=0.07 secs] 
172.900: [Full GC [PSYoungGen: 82480K->0K(564736K)] [ParOldGen: 1007621K->148068K(1096192K)] 1090101K->148068K(1660928K) [PSPermGen: 9158K->9158K(21504K)], 0.1839510 secs] [Times: user=1.36 sys=0.00, real=0.18 secs] 
173.084: Total time for which application threads were stopped: 0.2468840 seconds, Stopping threads took: 0.0000720 seconds
173.289: Application time: 0.2047260 seconds
173.289: [GC [PSYoungGen: 466432K->75365K(566272K)] 614500K->223434K(1662464K), 0.0440900 secs] [Times: user=0.35 sys=0.00, real=0.04 secs] 
173.333: Total time for which application threads were stopped: 0.0443440 seconds, Stopping threads took: 0.0001530 seconds
173.527: Application time: 0.1943100 seconds
173.527: [GC [PSYoungGen: 541797K->81104K(566272K)] 689866K->279459K(1662464K), 0.0669690 secs] [Times: user=0.53 sys=0.00, real=0.06 secs] 
173.594: Total time for which application threads were stopped: 0.0671740 seconds, Stopping threads took: 0.0001150 seconds
173.801: Application time: 0.2069120 seconds
173.801: [GC [PSYoungGen: 549072K->64897K(567296K)] 747427K->305817K(1663488K), 0.0521660 secs] [Times: user=0.42 sys=0.00, real=0.05 secs] 
173.854: Total time for which application threads were stopped: 0.0523430 seconds, Stopping threads took: 0.0000810 seconds
174.049: Application time: 0.1951790 seconds
174.049: [GC [PSYoungGen: 532865K->79872K(566784K)] 773785K->361306K(1662976K), 0.0590090 secs] [Times: user=0.47 sys=0.00, real=0.06 secs] 
174.108: Total time for which application threads were stopped: 0.0591760 seconds, Stopping threads took: 0.0000740 seconds
174.311: Application time: 0.2025840 seconds
174.314: [GC [PSYoungGen: 548864K->65918K(567296K)] 830298K->390214K(1663488K), 0.0532590 secs] [Times: user=0.42 sys=0.00, real=0.06 secs] 
174.368: Total time for which application threads were stopped: 0.0571030 seconds, Stopping threads took: 0.0037490 seconds
174.561: Application time: 0.1937190 seconds
174.562: [GC [PSYoungGen: 534910K->78464K(567808K)] 859206K->444662K(1664000K), 0.0598290 secs] [Times: user=0.47 sys=0.00, real=0.06 secs] 
174.621: Total time for which application threads were stopped: 0.0599990 seconds, Stopping threads took: 0.0000850 seconds
174.830: Application time: 0.2084270 seconds
174.830: [GC [PSYoungGen: 549504K->66283K(567808K)] 915702K->473334K(1664000K), 0.0539520 secs] [Times: user=0.43 sys=0.00, real=0.05 secs] 
174.884: Total time for which application threads were stopped: 0.0541610 seconds, Stopping threads took: 0.0001100 seconds
175.082: Application time: 0.1977840 seconds
175.082: [GC [PSYoungGen: 537323K->77264K(569856K)] 944374K->525895K(1666048K), 0.0608340 secs] [Times: user=0.48 sys=0.01, real=0.06 secs] 
175.143: Total time for which application threads were stopped: 0.0610130 seconds, Stopping threads took: 0.0000870 seconds
175.348: Application time: 0.2047390 seconds
175.348: [GC [PSYoungGen: 551376K->67102K(569344K)] 1000007K->553764K(1665536K), 0.0516020 secs] [Times: user=0.40 sys=0.00, real=0.05 secs] 
175.399: Total time for which application threads were stopped: 0.0517940 seconds, Stopping threads took: 0.0000930 seconds
175.602: Application time: 0.2027820 seconds
175.602: [GC [PSYoungGen: 541214K->74336K(570880K)] 1027876K->602129K(1667072K), 0.0597730 secs] [Times: user=0.47 sys=0.00, real=0.06 secs] 
175.662: Total time for which application threads were stopped: 0.0599570 seconds, Stopping threads took: 0.0000910 seconds
175.866: Application time: 0.2035310 seconds
175.866: [GC [PSYoungGen: 551520K->69663K(569856K)] 1079313K->634368K(1666048K), 0.0527630 secs] [Times: user=0.42 sys=0.00, real=0.06 secs] 
175.919: Total time for which application threads were stopped: 0.0529590 seconds, Stopping threads took: 0.0000820 seconds
176.123: Application time: 0.2042140 seconds
176.123: [GC [PSYoungGen: 546847K->69856K(572928K)] 1111552K->676339K(1669120K), 0.0550590 secs] [Times: user=0.43 sys=0.00, real=0.05 secs] 
176.178: Total time for which application threads were stopped: 0.0552230 seconds, Stopping threads took: 0.0000780 seconds
176.377: Application time: 0.1985700 seconds
176.377: [GC [PSYoungGen: 552160K->75763K(571904K)] 1158643K->716714K(1668096K), 0.0533810 secs] [Times: user=0.43 sys=0.00, real=0.06 secs] 
176.430: Total time for which application threads were stopped: 0.0536020 seconds, Stopping threads took: 0.0001230 seconds
176.644: Application time: 0.2132880 seconds
176.644: [GC [PSYoungGen: 558067K->62880K(576000K)] 1199018K->746825K(1672192K), 0.0535740 secs] [Times: user=0.42 sys=0.00, real=0.05 secs] 
176.697: Total time for which application threads were stopped: 0.0537590 seconds, Stopping threads took: 0.0000970 seconds
176.898: Application time: 0.2011020 seconds
176.899: [GC [PSYoungGen: 549792K->80267K(576000K)] 1233737K->790018K(1672192K), 0.0519770 secs] [Times: user=0.41 sys=0.00, real=0.05 secs] 
176.951: Total time for which application threads were stopped: 0.0521480 seconds, Stopping threads took: 0.0000720 seconds
177.170: Application time: 0.2194030 seconds
177.170: [GC [PSYoungGen: 567179K->55456K(574464K)] 1276930K->806808K(1670656K), 0.0484890 secs] [Times: user=0.38 sys=0.00, real=0.05 secs] 
177.219: Total time for which application threads were stopped: 0.0486620 seconds, Stopping threads took: 0.0000850 seconds
177.410: Application time: 0.1911560 seconds
177.410: [GC [PSYoungGen: 539296K->83762K(567808K)] 1290648K->858001K(1664000K), 0.0515920 secs] [Times: user=0.40 sys=0.00, real=0.05 secs] 
177.462: Total time for which application threads were stopped: 0.0517770 seconds, Stopping threads took: 0.0000890 seconds
177.685: Application time: 0.2231440 seconds
177.686: [GC [PSYoungGen: 567602K->52818K(570368K)] 1341841K->867748K(1666560K), 0.0477270 secs] [Times: user=0.38 sys=0.00, real=0.04 secs] 
177.734: Total time for which application threads were stopped: 0.0495090 seconds, Stopping threads took: 0.0016890 seconds
177.920: Application time: 0.1857590 seconds
177.920: [GC [PSYoungGen: 528466K->88488K(564224K)] 1343396K->932542K(1660416K), 0.0567790 secs] [Times: user=0.45 sys=0.00, real=0.05 secs] 
177.977: Total time for which application threads were stopped: 0.0569780 seconds, Stopping threads took: 0.0000950 seconds
178.201: Application time: 0.2242440 seconds
178.201: [GC [PSYoungGen: 564136K->48738K(565248K)] 1408190K->934374K(1661440K), 0.0461600 secs] [Times: user=0.36 sys=0.00, real=0.05 secs] 
178.248: Total time for which application threads were stopped: 0.0463390 seconds, Stopping threads took: 0.0000910 seconds
178.426: Application time: 0.1784630 seconds
178.426: [GC [PSYoungGen: 514146K->91581K(557056K)] 1399782K->1005366K(1653248K), 0.0575680 secs] [Times: user=0.45 sys=0.00, real=0.06 secs] 
178.484: Total time for which application threads were stopped: 0.0577540 seconds, Stopping threads took: 0.0000870 seconds
178.700: Application time: 0.2161560 seconds
178.700: [GC [PSYoungGen: 556989K->46673K(559104K)] 1470774K->1002951K(1655296K), 0.0446260 secs] [Times: user=0.36 sys=0.00, real=0.04 secs] 
178.745: Total time for which application threads were stopped: 0.0447900 seconds, Stopping threads took: 0.0000760 seconds
178.925: Application time: 0.1801160 seconds
178.925: [GC [PSYoungGen: 499793K->85899K(539136K)] 1456071K->1069056K(1635328K), 0.0566420 secs] [Times: user=0.45 sys=0.00, real=0.06 secs] 
178.982: Total time for which application threads were stopped: 0.0568210 seconds, Stopping threads took: 0.0000870 seconds
179.193: Application time: 0.2112720 seconds
179.193: [GC [PSYoungGen: 539019K->49818K(558080K)] 1522176K->1074995K(1654272K), 0.0461660 secs] [Times: user=0.36 sys=0.00, real=0.05 secs] 
179.239: Total time for which application threads were stopped: 0.0464210 seconds, Stopping threads took: 0.0000950 seconds
179.417: Application time: 0.1772430 seconds
179.417: [GC [PSYoungGen: 498330K->80323K(557568K)] 1523507K->1136310K(1653760K), 0.0533930 secs] [Times: user=0.42 sys=0.00, real=0.06 secs] 
179.470: [Full GC [PSYoungGen: 80323K->0K(557568K)] [ParOldGen: 1055986K->121460K(1089024K)] 1136310K->121460K(1646592K) [PSPermGen: 9161K->9161K(21504K)], 0.1328180 secs] [Times: user=0.95 sys=0.00, real=0.13 secs] 
179.603: Total time for which application threads were stopped: 0.1864460 seconds, Stopping threads took: 0.0000890 seconds
179.802: Application time: 0.1989460 seconds
179.802: [GC [PSYoungGen: 448512K->74037K(553472K)] 569972K->195498K(1642496K), 0.0440180 secs] [Times: user=0.35 sys=0.00, real=0.04 secs] 
179.846: Total time for which application threads were stopped: 0.0442120 seconds, Stopping threads took: 0.0000960 seconds
180.028: Application time: 0.1819760 seconds
180.030: [GC [PSYoungGen: 522549K->72657K(555520K)] 644010K->247466K(1644544K), 0.0634290 secs] [Times: user=0.51 sys=0.00, real=0.06 secs] 
180.094: Total time for which application threads were stopped: 0.0657230 seconds, Stopping threads took: 0.0022080 seconds
180.285: Application time: 0.1910520 seconds
180.285: [GC [PSYoungGen: 521169K->62288K(558080K)] 695978K->278522K(1647104K), 0.0497050 secs] [Times: user=0.39 sys=0.00, real=0.05 secs] 
180.335: Total time for which application threads were stopped: 0.0498740 seconds, Stopping threads took: 0.0000840 seconds
180.526: Application time: 0.1913690 seconds
180.530: [GC [PSYoungGen: 518480K->67113K(558592K)] 734714K->314036K(1647616K), 0.0481640 secs] [Times: user=0.38 sys=0.00, real=0.05 secs] 
180.579: Total time for which application threads were stopped: 0.0524210 seconds, Stopping threads took: 0.0041590 seconds
180.775: Application time: 0.1968550 seconds
180.776: [GC [PSYoungGen: 523305K->68976K(562176K)] 770228K->355479K(1651200K), 0.0535820 secs] [Times: user=0.42 sys=0.00, real=0.06 secs] 
180.829: Total time for which application threads were stopped: 0.0537500 seconds, Stopping threads took: 0.0000720 seconds
181.025: Application time: 0.1958080 seconds
181.025: [GC [PSYoungGen: 534384K->62958K(562176K)] 820887K->380599K(1651200K), 0.0458550 secs] [Times: user=0.34 sys=0.00, real=0.05 secs] 
181.071: Total time for which application threads were stopped: 0.0460350 seconds, Stopping threads took: 0.0000930 seconds
181.267: Application time: 0.1963840 seconds
181.268: [GC [PSYoungGen: 528366K->73440K(569344K)] 846007K->425636K(1658368K), 0.0536300 secs] [Times: user=0.43 sys=0.00, real=0.05 secs] 
181.321: Total time for which application threads were stopped: 0.0538240 seconds, Stopping threads took: 0.0000930 seconds
181.523: Application time: 0.2021760 seconds
181.524: [GC [PSYoungGen: 548064K->63726K(568832K)] 900260K->447910K(1657856K), 0.0459820 secs] [Times: user=0.37 sys=0.00, real=0.05 secs] 
181.570: Total time for which application threads were stopped: 0.0461640 seconds, Stopping threads took: 0.0000930 seconds
181.773: Application time: 0.2030940 seconds
181.773: [GC [PSYoungGen: 538350K->69200K(570880K)] 922534K->486921K(1659904K), 0.0507720 secs] [Times: user=0.40 sys=0.00, real=0.05 secs] 
181.824: Total time for which application threads were stopped: 0.0509630 seconds, Stopping threads took: 0.0000910 seconds
182.024: Application time: 0.2007810 seconds
182.025: [GC [PSYoungGen: 549456K->68352K(570880K)] 967177K->513699K(1659904K), 0.0458010 secs] [Times: user=0.36 sys=0.00, real=0.05 secs] 
182.071: Total time for which application threads were stopped: 0.0460020 seconds, Stopping threads took: 0.0001130 seconds
182.284: Application time: 0.2133440 seconds
182.284: [GC [PSYoungGen: 548608K->63920K(574976K)] 993955K->541005K(1664000K), 0.0474150 secs] [Times: user=0.36 sys=0.00, real=0.05 secs] 
182.331: Total time for which application threads were stopped: 0.0475910 seconds, Stopping threads took: 0.0000790 seconds
182.525: Application time: 0.1936280 seconds
182.525: [GC [PSYoungGen: 551344K->79615K(574464K)] 1028429K->587678K(1663488K), 0.0516630 secs] [Times: user=0.41 sys=0.00, real=0.05 secs] 
182.577: Total time for which application threads were stopped: 0.0518420 seconds, Stopping threads took: 0.0000920 seconds
182.804: Application time: 0.2269770 seconds
182.806: [GC [PSYoungGen: 567039K->52256K(575488K)] 1075102K->589912K(1664512K), 0.0411010 secs] [Times: user=0.32 sys=0.00, real=0.04 secs] 
182.848: Total time for which application threads were stopped: 0.0436910 seconds, Stopping threads took: 0.0024900 seconds
183.040: Application time: 0.1923670 seconds
183.040: [GC [PSYoungGen: 538144K->86306K(572416K)] 1075800K->654648K(1661440K), 0.0548840 secs] [Times: user=0.43 sys=0.00, real=0.05 secs] 
183.095: Total time for which application threads were stopped: 0.0550690 seconds, Stopping threads took: 0.0000980 seconds
183.321: Application time: 0.2261230 seconds
183.322: [GC [PSYoungGen: 572194K->54721K(571392K)] 1140536K->661456K(1660416K), 0.0468970 secs] [Times: user=0.37 sys=0.00, real=0.05 secs] 
183.369: Total time for which application threads were stopped: 0.0482420 seconds, Stopping threads took: 0.0012370 seconds
183.559: Application time: 0.1896390 seconds
183.559: [GC [PSYoungGen: 531393K->91253K(568320K)] 1138128K->731291K(1657344K), 0.0599450 secs] [Times: user=0.48 sys=0.00, real=0.06 secs] 
183.619: Total time for which application threads were stopped: 0.0600920 seconds, Stopping threads took: 0.0000580 seconds
183.838: Application time: 0.2191020 seconds
183.838: [GC [PSYoungGen: 567925K->56005K(565248K)] 1207963K->740732K(1654272K), 0.0492600 secs] [Times: user=0.39 sys=0.00, real=0.05 secs] 
183.888: Total time for which application threads were stopped: 0.0494580 seconds, Stopping threads took: 0.0000880 seconds
184.072: Application time: 0.1845700 seconds
184.072: [GC [PSYoungGen: 522437K->88810K(555520K)] 1207164K->811301K(1644544K), 0.0622390 secs] [Times: user=0.49 sys=0.00, real=0.06 secs] 
184.135: Total time for which application threads were stopped: 0.0624160 seconds, Stopping threads took: 0.0000800 seconds
184.351: Application time: 0.2165380 seconds
184.351: [GC [PSYoungGen: 555242K->52661K(562688K)] 1277733K->816946K(1651712K), 0.0479660 secs] [Times: user=0.37 sys=0.00, real=0.05 secs] 
184.399: Total time for which application threads were stopped: 0.0481490 seconds, Stopping threads took: 0.0000840 seconds
184.580: Application time: 0.1801470 seconds
184.580: [GC [PSYoungGen: 510901K->88685K(547328K)] 1275186K->887277K(1636352K), 0.0600450 secs] [Times: user=0.47 sys=0.00, real=0.06 secs] 
184.640: Total time for which application threads were stopped: 0.0602430 seconds, Stopping threads took: 0.0001120 seconds
184.851: Application time: 0.2110720 seconds
184.851: [GC [PSYoungGen: 546925K->48696K(559104K)] 1345517K->893060K(1648128K), 0.0476000 secs] [Times: user=0.38 sys=0.00, real=0.05 secs] 
184.899: Total time for which application threads were stopped: 0.0477990 seconds, Stopping threads took: 0.0001130 seconds
185.073: Application time: 0.1742740 seconds
185.073: [GC [PSYoungGen: 499768K->87271K(538624K)] 1344132K->961683K(1627648K), 0.0577250 secs] [Times: user=0.46 sys=0.01, real=0.06 secs] 
185.131: Total time for which application threads were stopped: 0.0579110 seconds, Stopping threads took: 0.0000860 seconds
185.338: Application time: 0.2066900 seconds
185.338: [GC [PSYoungGen: 538343K->49795K(556544K)] 1412755K->966552K(1645568K), 0.0467130 secs] [Times: user=0.37 sys=0.00, real=0.05 secs] 
185.384: Total time for which application threads were stopped: 0.0468870 seconds, Stopping threads took: 0.0000860 seconds
185.561: Application time: 0.1764650 seconds
185.562: [GC [PSYoungGen: 495235K->83191K(528896K)] 1411992K->1029087K(1617920K), 0.0563730 secs] [Times: user=0.44 sys=0.00, real=0.06 secs] 
185.619: Total time for which application threads were stopped: 0.0579850 seconds, Stopping threads took: 0.0015220 seconds
185.822: Application time: 0.2034940 seconds
185.823: [GC [PSYoungGen: 528631K->53872K(556544K)] 1474527K->1041110K(1645568K), 0.0481120 secs] [Times: user=0.39 sys=0.00, real=0.05 secs] 
185.871: Total time for which application threads were stopped: 0.0482980 seconds, Stopping threads took: 0.0000860 seconds
186.045: Application time: 0.1739300 seconds
186.045: [GC [PSYoungGen: 498288K->78114K(522752K)] 1485526K->1099245K(1611776K), 0.0555240 secs] [Times: user=0.43 sys=0.00, real=0.06 secs] 
186.102: Total time for which application threads were stopped: 0.0572300 seconds, Stopping threads took: 0.0001000 seconds
186.301: Application time: 0.1995760 seconds
186.303: [GC [PSYoungGen: 522530K->61376K(557568K)] 1543661K->1125073K(1646592K), 0.0528470 secs] [Times: user=0.41 sys=0.01, real=0.05 secs] 
186.355: [Full GC [PSYoungGen: 61376K->0K(557568K)] [ParOldGen: 1063697K->134945K(1121792K)] 1125073K->134945K(1679360K) [PSPermGen: 9161K->9161K(21504K)], 0.1640720 secs] [Times: user=1.21 sys=0.00, real=0.17 secs] 
186.520: Total time for which application threads were stopped: 0.2181060 seconds, Stopping threads took: 0.0010240 seconds
186.701: Application time: 0.1814460 seconds
186.701: [GC [PSYoungGen: 447488K->79872K(554496K)] 582433K->214818K(1676288K), 0.0439870 secs] [Times: user=0.34 sys=0.00, real=0.04 secs] 
186.745: Total time for which application threads were stopped: 0.0441750 seconds, Stopping threads took: 0.0000860 seconds
186.940: Application time: 0.1950320 seconds
186.940: [GC [PSYoungGen: 527360K->67856K(555520K)] 662306K->253685K(1677312K), 0.0612500 secs] [Times: user=0.48 sys=0.00, real=0.06 secs] 
187.002: Total time for which application threads were stopped: 0.0614200 seconds, Stopping threads took: 0.0000800 seconds
187.193: Application time: 0.1918860 seconds
187.194: [GC [PSYoungGen: 520464K->69882K(556544K)] 706293K->295916K(1678336K), 0.0533470 secs] [Times: user=0.42 sys=0.00, real=0.06 secs] 
187.247: Total time for which application threads were stopped: 0.0535410 seconds, Stopping threads took: 0.0001090 seconds
187.438: Application time: 0.1911500 seconds
187.438: [GC [PSYoungGen: 522490K->71440K(560128K)] 748524K->341486K(1681920K), 0.0573890 secs] [Times: user=0.45 sys=0.01, real=0.06 secs] 
187.496: Total time for which application threads were stopped: 0.0575910 seconds, Stopping threads took: 0.0001020 seconds
187.699: Application time: 0.2031360 seconds
187.699: [GC [PSYoungGen: 533776K->69847K(560640K)] 803822K->376909K(1682432K), 0.0533890 secs] [Times: user=0.42 sys=0.00, real=0.05 secs] 
187.752: Total time for which application threads were stopped: 0.0535610 seconds, Stopping threads took: 0.0000870 seconds
187.951: Application time: 0.1980980 seconds
187.951: [GC [PSYoungGen: 532183K->73616K(567808K)] 839245K->425727K(1689600K), 0.0584360 secs] [Times: user=0.46 sys=0.00, real=0.06 secs] 
188.009: Total time for which application threads were stopped: 0.0586300 seconds, Stopping threads took: 0.0000900 seconds
188.216: Application time: 0.2071580 seconds
188.217: [GC [PSYoungGen: 545680K->66935K(566784K)] 897791K->457961K(1688576K), 0.0529400 secs] [Times: user=0.42 sys=0.00, real=0.06 secs] 
188.270: Total time for which application threads were stopped: 0.0531370 seconds, Stopping threads took: 0.0001060 seconds
188.463: Application time: 0.1936670 seconds
188.463: [GC [PSYoungGen: 538999K->76000K(569344K)] 930025K->509241K(1691136K), 0.0596440 secs] [Times: user=0.48 sys=0.00, real=0.06 secs] 
188.523: Total time for which application threads were stopped: 0.0598530 seconds, Stopping threads took: 0.0001080 seconds
188.736: Application time: 0.2124770 seconds
188.736: [GC [PSYoungGen: 552672K->63719K(569344K)] 985913K->533217K(1691136K), 0.0496240 secs] [Times: user=0.39 sys=0.00, real=0.05 secs] 
188.785: Total time for which application threads were stopped: 0.0498180 seconds, Stopping threads took: 0.0001070 seconds
188.981: Application time: 0.1954280 seconds
188.981: [GC [PSYoungGen: 540391K->74240K(573952K)] 1009889K->581977K(1695744K), 0.0546120 secs] [Times: user=0.43 sys=0.00, real=0.05 secs] 
189.036: Total time for which application threads were stopped: 0.0548010 seconds, Stopping threads took: 0.0000890 seconds
189.242: Application time: 0.2068620 seconds
189.243: [GC [PSYoungGen: 556544K->62772K(573440K)] 1064281K->599151K(1695232K), 0.0447540 secs] [Times: user=0.36 sys=0.00, real=0.05 secs] 
189.287: Total time for which application threads were stopped: 0.0449200 seconds, Stopping threads took: 0.0000800 seconds
189.494: Application time: 0.2069780 seconds
189.494: [GC [PSYoungGen: 545076K->70096K(574464K)] 1081455K->638519K(1696256K), 0.0510930 secs] [Times: user=0.40 sys=0.00, real=0.05 secs] 
189.546: Total time for which application threads were stopped: 0.0512770 seconds, Stopping threads took: 0.0000830 seconds
189.747: Application time: 0.2018750 seconds
189.748: [GC [PSYoungGen: 555984K->69918K(574464K)] 1124407K->666365K(1696256K), 0.0474330 secs] [Times: user=0.36 sys=0.00, real=0.04 secs] 
189.795: Total time for which application threads were stopped: 0.0475950 seconds, Stopping threads took: 0.0000730 seconds
190.004: Application time: 0.2088040 seconds
190.004: [GC [PSYoungGen: 555806K->68067K(577536K)] 1152253K->689106K(1699328K), 0.0459470 secs] [Times: user=0.37 sys=0.00, real=0.05 secs] 
190.050: Total time for which application threads were stopped: 0.0461420 seconds, Stopping threads took: 0.0000940 seconds
190.252: Application time: 0.2020330 seconds
190.252: [GC [PSYoungGen: 559075K->78149K(576512K)] 1180114K->732725K(1698304K), 0.0526550 secs] [Times: user=0.42 sys=0.00, real=0.05 secs] 
190.305: Total time for which application threads were stopped: 0.0528430 seconds, Stopping threads took: 0.0000970 seconds
190.519: Application time: 0.2144550 seconds
190.523: [GC [PSYoungGen: 569157K->70362K(580096K)] 1223733K->763714K(1701888K), 0.0541660 secs] [Times: user=0.43 sys=0.01, real=0.05 secs] 
190.577: Total time for which application threads were stopped: 0.0573400 seconds, Stopping threads took: 0.0030730 seconds
190.786: Application time: 0.2096390 seconds
190.786: [GC [PSYoungGen: 564954K->78432K(580096K)] 1258306K->814621K(1701888K), 0.0596280 secs] [Times: user=0.46 sys=0.00, real=0.05 secs] 
190.846: Total time for which application threads were stopped: 0.0598140 seconds, Stopping threads took: 0.0000940 seconds
191.059: Application time: 0.2131500 seconds
191.059: [GC [PSYoungGen: 573024K->76976K(579072K)] 1309213K->856348K(1700864K), 0.0595100 secs] [Times: user=0.47 sys=0.00, real=0.06 secs] 
191.121: Total time for which application threads were stopped: 0.0612570 seconds, Stopping threads took: 0.0000870 seconds
191.325: Application time: 0.2047410 seconds
191.326: [GC [PSYoungGen: 569008K->81864K(573952K)] 1348380K->904135K(1695744K), 0.0618930 secs] [Times: user=0.50 sys=0.00, real=0.06 secs] 
191.388: Total time for which application threads were stopped: 0.0630510 seconds, Stopping threads took: 0.0010730 seconds
191.603: Application time: 0.2147110 seconds
191.603: [GC [PSYoungGen: 573896K->76110K(578048K)] 1396167K->941919K(1699840K), 0.0607790 secs] [Times: user=0.47 sys=0.00, real=0.06 secs] 
191.664: Total time for which application threads were stopped: 0.0609630 seconds, Stopping threads took: 0.0000840 seconds
191.868: Application time: 0.2041180 seconds
191.868: [GC [PSYoungGen: 564558K->78487K(577536K)] 1430367K->988285K(1699328K), 0.0622470 secs] [Times: user=0.49 sys=0.00, real=0.06 secs] 
191.931: Total time for which application threads were stopped: 0.0624280 seconds, Stopping threads took: 0.0000910 seconds
192.142: Application time: 0.2110250 seconds
192.142: [GC [PSYoungGen: 566935K->70538K(576512K)] 1476733K->1023837K(1698304K), 0.0578050 secs] [Times: user=0.46 sys=0.00, real=0.06 secs] 
192.200: Total time for which application threads were stopped: 0.0579720 seconds, Stopping threads took: 0.0000670 seconds
192.402: Application time: 0.2028490 seconds
192.403: [GC [PSYoungGen: 558986K->78470K(577024K)] 1512285K->1071324K(1698816K), 0.0610410 secs] [Times: user=0.47 sys=0.00, real=0.06 secs] 
192.464: Total time for which application threads were stopped: 0.0612050 seconds, Stopping threads took: 0.0000740 seconds
192.679: Application time: 0.2151560 seconds
192.679: [GC [PSYoungGen: 566918K->65621K(578048K)] 1559772K->1099918K(1699840K), 0.0545750 secs] [Times: user=0.42 sys=0.00, real=0.05 secs] 
192.734: Total time for which application threads were stopped: 0.0547800 seconds, Stopping threads took: 0.0001040 seconds
192.939: Application time: 0.2053300 seconds
192.939: [GC [PSYoungGen: 554581K->80320K(569344K)] 1588878K->1149765K(1691136K), 0.0588590 secs] [Times: user=0.46 sys=0.01, real=0.05 secs] 
192.998: [Full GC [PSYoungGen: 80320K->0K(569344K)] [ParOldGen: 1069444K->138980K(1147904K)] 1149765K->138980K(1717248K) [PSPermGen: 9165K->9165K(21504K)], 0.1672100 secs] [Times: user=1.24 sys=0.00, real=0.17 secs] 
193.165: Total time for which application threads were stopped: 0.2263250 seconds, Stopping threads took: 0.0000990 seconds
193.380: Application time: 0.2145040 seconds
193.382: [GC [PSYoungGen: 488960K->71803K(578560K)] 627940K->210783K(1726464K), 0.0422060 secs] [Times: user=0.34 sys=0.00, real=0.04 secs] 
193.424: Total time for which application threads were stopped: 0.0440500 seconds, Stopping threads took: 0.0017450 seconds
193.622: Application time: 0.1982380 seconds
193.622: [GC [PSYoungGen: 560251K->78690K(577024K)] 699231K->254230K(1724928K), 0.0581670 secs] [Times: user=0.46 sys=0.00, real=0.06 secs] 
193.680: Total time for which application threads were stopped: 0.0583520 seconds, Stopping threads took: 0.0001000 seconds
193.897: Application time: 0.2160880 seconds
193.897: [GC [PSYoungGen: 567138K->59128K(576000K)] 742678K->270226K(1723904K), 0.0449220 secs] [Times: user=0.36 sys=0.00, real=0.05 secs] 
193.942: Total time for which application threads were stopped: 0.0451110 seconds, Stopping threads took: 0.0000860 seconds
194.142: Application time: 0.2004660 seconds
194.142: [GC [PSYoungGen: 546040K->76810K(577024K)] 757138K->311436K(1724928K), 0.0482050 secs] [Times: user=0.39 sys=0.00, real=0.05 secs] 
194.190: Total time for which application threads were stopped: 0.0483990 seconds, Stopping threads took: 0.0000940 seconds
194.404: Application time: 0.2134590 seconds
194.406: [GC [PSYoungGen: 563722K->62018K(577024K)] 798348K->328790K(1724928K), 0.0442140 secs] [Times: user=0.35 sys=0.00, real=0.04 secs] 
194.451: Total time for which application threads were stopped: 0.0467950 seconds, Stopping threads took: 0.0024800 seconds
194.656: Application time: 0.2053800 seconds
194.656: [GC [PSYoungGen: 548854K->78425K(565760K)] 815626K->369795K(1713664K), 0.0498310 secs] [Times: user=0.39 sys=0.00, real=0.05 secs] 
194.706: Total time for which application threads were stopped: 0.0500450 seconds, Stopping threads took: 0.0001240 seconds
194.920: Application time: 0.2139220 seconds
194.920: [GC [PSYoungGen: 565193K->67394K(577024K)] 856563K->395436K(1724928K), 0.0502610 secs] [Times: user=0.39 sys=0.00, real=0.05 secs] 
194.971: Total time for which application threads were stopped: 0.0504510 seconds, Stopping threads took: 0.0000890 seconds
195.173: Application time: 0.2027280 seconds
195.173: [GC [PSYoungGen: 553794K->77475K(576512K)] 881836K->443323K(1724416K), 0.0555190 secs] [Times: user=0.44 sys=0.00, real=0.06 secs] 
195.229: Total time for which application threads were stopped: 0.0557400 seconds, Stopping threads took: 0.0001300 seconds
195.442: Application time: 0.2128570 seconds
195.442: [GC [PSYoungGen: 563875K->70163K(575488K)] 929723K->473021K(1723392K), 0.0517490 secs] [Times: user=0.41 sys=0.00, real=0.05 secs] 
195.494: Total time for which application threads were stopped: 0.0519530 seconds, Stopping threads took: 0.0001030 seconds
195.701: Application time: 0.2067500 seconds
195.701: [GC [PSYoungGen: 557075K->79035K(576000K)] 959933K->525126K(1723904K), 0.0612910 secs] [Times: user=0.48 sys=0.00, real=0.06 secs] 
195.762: Total time for which application threads were stopped: 0.0614760 seconds, Stopping threads took: 0.0001010 seconds
195.974: Application time: 0.2116240 seconds
195.974: [GC [PSYoungGen: 565947K->74235K(576512K)] 1012038K->566252K(1724416K), 0.0598510 secs] [Times: user=0.47 sys=0.00, real=0.06 secs] 
196.034: Total time for which application threads were stopped: 0.0600380 seconds, Stopping threads took: 0.0000850 seconds
196.242: Application time: 0.2081860 seconds
196.242: [GC [PSYoungGen: 562683K->80656K(577024K)] 1054700K->621326K(1724928K), 0.0642920 secs] [Times: user=0.51 sys=0.00, real=0.07 secs] 
196.306: Total time for which application threads were stopped: 0.0644740 seconds, Stopping threads took: 0.0000890 seconds
196.512: Application time: 0.2060590 seconds
196.513: [GC [PSYoungGen: 569104K->77872K(577536K)] 1109774K->667546K(1725440K), 0.0624000 secs] [Times: user=0.50 sys=0.00, real=0.06 secs] 
196.575: Total time for which application threads were stopped: 0.0625870 seconds, Stopping threads took: 0.0000870 seconds
196.788: Application time: 0.2131900 seconds
196.790: [GC [PSYoungGen: 565808K->83904K(571904K)] 1155482K->723929K(1719808K), 0.0683200 secs] [Times: user=0.53 sys=0.01, real=0.07 secs] 
196.859: Total time for which application threads were stopped: 0.0705750 seconds, Stopping threads took: 0.0021690 seconds
197.070: Application time: 0.2115930 seconds
197.071: [GC [PSYoungGen: 571840K->77392K(576000K)] 1211865K->768786K(1723904K), 0.0649950 secs] [Times: user=0.50 sys=0.00, real=0.06 secs] 
197.136: Total time for which application threads were stopped: 0.0652090 seconds, Stopping threads took: 0.0001130 seconds
197.344: Application time: 0.2087080 seconds
197.344: [GC [PSYoungGen: 561744K->77472K(562176K)] 1253138K->814529K(1710080K), 0.0628150 secs] [Times: user=0.49 sys=0.00, real=0.07 secs] 
197.407: Total time for which application threads were stopped: 0.0629900 seconds, Stopping threads took: 0.0000900 seconds
197.616: Application time: 0.2085390 seconds
197.616: [GC [PSYoungGen: 561824K->74832K(575488K)] 1298881K->856373K(1723392K), 0.0620420 secs] [Times: user=0.48 sys=0.01, real=0.06 secs] 
197.678: Total time for which application threads were stopped: 0.0622270 seconds, Stopping threads took: 0.0000810 seconds
197.889: Application time: 0.2105220 seconds
197.889: [GC [PSYoungGen: 560208K->70416K(574464K)] 1341749K->893393K(1722368K), 0.0569260 secs] [Times: user=0.45 sys=0.00, real=0.05 secs] 
197.946: Total time for which application threads were stopped: 0.0570790 seconds, Stopping threads took: 0.0000630 seconds
198.153: Application time: 0.2072310 seconds
198.154: [GC [PSYoungGen: 555792K->70528K(577024K)] 1378769K->925012K(1724928K), 0.0513660 secs] [Times: user=0.41 sys=0.00, real=0.05 secs] 
198.206: Total time for which application threads were stopped: 0.0528980 seconds, Stopping threads took: 0.0014310 seconds
198.419: Application time: 0.2131660 seconds
198.419: [GC [PSYoungGen: 558976K->63312K(576512K)] 1413460K->953358K(1724416K), 0.0490740 secs] [Times: user=0.39 sys=0.00, real=0.05 secs] 
198.468: Total time for which application threads were stopped: 0.0492260 seconds, Stopping threads took: 0.0000670 seconds
198.674: Application time: 0.2052620 seconds
198.674: [GC [PSYoungGen: 551760K->71467K(577536K)] 1441806K->984839K(1725440K), 0.0478310 secs] [Times: user=0.37 sys=0.00, real=0.05 secs] 
198.722: Total time for which application threads were stopped: 0.0480580 seconds, Stopping threads took: 0.0001230 seconds
198.937: Application time: 0.2155860 seconds
198.937: [GC [PSYoungGen: 561963K->62108K(578048K)] 1475335K->1005059K(1725952K), 0.0456730 secs] [Times: user=0.37 sys=0.00, real=0.05 secs] 
198.983: Total time for which application threads were stopped: 0.0458470 seconds, Stopping threads took: 0.0000850 seconds
199.190: Application time: 0.2065300 seconds
199.190: [GC [PSYoungGen: 552604K->74416K(578048K)] 1495555K->1038411K(1725952K), 0.0476480 secs] [Times: user=0.37 sys=0.00, real=0.04 secs] 
199.237: Total time for which application threads were stopped: 0.0478410 seconds, Stopping threads took: 0.0000880 seconds
199.455: Application time: 0.2176410 seconds
199.455: [GC [PSYoungGen: 565936K->61296K(578560K)] 1529931K->1062239K(1726464K), 0.0486190 secs] [Times: user=0.38 sys=0.00, real=0.05 secs] 
199.504: Total time for which application threads were stopped: 0.0488200 seconds, Stopping threads took: 0.0001100 seconds
199.699: Application time: 0.1953510 seconds
199.699: [GC [PSYoungGen: 552816K->85175K(572416K)] 1553759K->1112798K(1720320K), 0.0538690 secs] [Times: user=0.42 sys=0.00, real=0.05 secs] 
199.753: Total time for which application threads were stopped: 0.0540720 seconds, Stopping threads took: 0.0001010 seconds
199.978: Application time: 0.2249500 seconds
199.978: [GC [PSYoungGen: 570039K->59931K(545280K)] 1597662K->1130934K(1693184K), 0.0531980 secs] [Times: user=0.40 sys=0.00, real=0.05 secs] 
200.032: Total time for which application threads were stopped: 0.0534130 seconds, Stopping threads took: 0.0001250 seconds
200.226: Application time: 0.1944310 seconds
200.226: [GC [PSYoungGen: 544795K->91623K(535552K)] 1615798K->1201968K(1683456K), 0.0630320 secs] [Times: user=0.48 sys=0.02, real=0.07 secs] 
200.289: [Full GC [PSYoungGen: 91623K->0K(535552K)] [ParOldGen: 1110345K->138573K(1173504K)] 1201968K->138573K(1709056K) [PSPermGen: 9165K->9165K(21504K)], 0.1579020 secs] [Times: user=1.15 sys=0.00, real=0.16 secs] 
200.447: Total time for which application threads were stopped: 0.2212060 seconds, Stopping threads took: 0.0001150 seconds
200.649: Application time: 0.2015560 seconds
200.649: [GC [PSYoungGen: 443904K->68294K(555520K)] 582477K->206867K(1729024K), 0.0612590 secs] [Times: user=0.44 sys=0.00, real=0.06 secs] 
200.710: Total time for which application threads were stopped: 0.0614400 seconds, Stopping threads took: 0.0000970 seconds
200.888: Application time: 0.1774440 seconds
200.888: [GC [PSYoungGen: 512198K->86117K(554496K)] 650771K->278313K(1728000K), 0.0718540 secs] [Times: user=0.57 sys=0.00, real=0.07 secs] 
200.960: Total time for which application threads were stopped: 0.0720740 seconds, Stopping threads took: 0.0001230 seconds
201.166: Application time: 0.2064830 seconds
201.166: [GC [PSYoungGen: 532069K->52528K(556032K)] 724265K->295755K(1729536K), 0.0531160 secs] [Times: user=0.42 sys=0.01, real=0.05 secs] 
201.220: Total time for which application threads were stopped: 0.0533190 seconds, Stopping threads took: 0.0001020 seconds
201.402: Application time: 0.1828600 seconds
201.403: [GC [PSYoungGen: 498480K->86124K(555008K)] 741707K->364304K(1728512K), 0.0599880 secs] [Times: user=0.47 sys=0.00, real=0.06 secs] 
201.463: Total time for which application threads were stopped: 0.0601940 seconds, Stopping threads took: 0.0001010 seconds
201.662: Application time: 0.1997980 seconds
201.663: [GC [PSYoungGen: 530028K->55243K(555520K)] 808208K->385886K(1729024K), 0.0529190 secs] [Times: user=0.42 sys=0.00, real=0.05 secs] 
201.716: Total time for which application threads were stopped: 0.0531350 seconds, Stopping threads took: 0.0001290 seconds
201.894: Application time: 0.1780090 seconds
201.894: [GC [PSYoungGen: 499147K->77244K(550400K)] 829790K->442422K(1723904K), 0.0553960 secs] [Times: user=0.42 sys=0.00, real=0.06 secs] 
201.949: Total time for which application threads were stopped: 0.0555910 seconds, Stopping threads took: 0.0001110 seconds
202.145: Application time: 0.1954990 seconds
202.145: [GC [PSYoungGen: 521148K->61289K(552960K)] 886326K->474033K(1726464K), 0.0536480 secs] [Times: user=0.42 sys=0.00, real=0.06 secs] 
202.199: Total time for which application threads were stopped: 0.0538250 seconds, Stopping threads took: 0.0000810 seconds
202.382: Application time: 0.1834050 seconds
202.386: [GC [PSYoungGen: 505193K->73138K(549888K)] 917937K->521154K(1723392K), 0.0544900 secs] [Times: user=0.43 sys=0.00, real=0.05 secs] 
202.441: Total time for which application threads were stopped: 0.0590240 seconds, Stopping threads took: 0.0044500 seconds
202.635: Application time: 0.1938960 seconds
202.635: [GC [PSYoungGen: 523186K->63369K(554496K)] 971202K->555436K(1728000K), 0.0535730 secs] [Times: user=0.43 sys=0.00, real=0.06 secs] 
202.689: Total time for which application threads were stopped: 0.0537530 seconds, Stopping threads took: 0.0000960 seconds
202.883: Application time: 0.1947340 seconds
202.886: [GC [PSYoungGen: 513417K->72386K(555008K)] 1005484K->600066K(1728512K), 0.0544960 secs] [Times: user=0.43 sys=0.00, real=0.05 secs] 
202.941: Total time for which application threads were stopped: 0.0576400 seconds, Stopping threads took: 0.0030440 seconds
203.139: Application time: 0.1981580 seconds
203.139: [GC [PSYoungGen: 532162K->67552K(559616K)] 1059842K->639007K(1733120K), 0.0560370 secs] [Times: user=0.44 sys=0.01, real=0.05 secs] 
203.195: Total time for which application threads were stopped: 0.0562120 seconds, Stopping threads took: 0.0000860 seconds
203.388: Application time: 0.1930720 seconds
203.389: [GC [PSYoungGen: 527328K->73335K(562176K)] 1098783K->679944K(1735680K), 0.0536440 secs] [Times: user=0.43 sys=0.00, real=0.05 secs] 
203.442: Total time for which application threads were stopped: 0.0538620 seconds, Stopping threads took: 0.0001190 seconds
203.642: Application time: 0.2000770 seconds
203.643: [GC [PSYoungGen: 542839K->68064K(565760K)] 1149448K->718535K(1739264K), 0.0551350 secs] [Times: user=0.43 sys=0.00, real=0.05 secs] 
203.698: Total time for which application threads were stopped: 0.0553040 seconds, Stopping threads took: 0.0000830 seconds
203.894: Application time: 0.1960180 seconds
203.894: [GC [PSYoungGen: 537568K->74088K(567296K)] 1188039K->760125K(1740800K), 0.0537200 secs] [Times: user=0.43 sys=0.00, real=0.06 secs] 
203.948: Total time for which application threads were stopped: 0.0539160 seconds, Stopping threads took: 0.0000980 seconds
204.156: Application time: 0.2082090 seconds
204.156: [GC [PSYoungGen: 550760K->65904K(569856K)] 1236797K->795430K(1743360K), 0.0561480 secs] [Times: user=0.44 sys=0.00, real=0.06 secs] 
204.212: Total time for which application threads were stopped: 0.0563460 seconds, Stopping threads took: 0.0001080 seconds
204.406: Application time: 0.1938400 seconds
204.406: [GC [PSYoungGen: 542576K->78432K(573440K)] 1272102K->842758K(1746944K), 0.0552520 secs] [Times: user=0.44 sys=0.00, real=0.06 secs] 
204.462: Total time for which application threads were stopped: 0.0554580 seconds, Stopping threads took: 0.0000940 seconds
204.677: Application time: 0.2153080 seconds
204.677: [GC [PSYoungGen: 560224K->61760K(574464K)] 1324550K->870636K(1747968K), 0.0540480 secs] [Times: user=0.43 sys=0.00, real=0.06 secs] 
204.731: Total time for which application threads were stopped: 0.0542450 seconds, Stopping threads took: 0.0001070 seconds
204.927: Application time: 0.1957940 seconds
204.927: [GC [PSYoungGen: 543552K->81907K(570880K)] 1352428K->924220K(1744384K), 0.0567050 secs] [Times: user=0.45 sys=0.00, real=0.05 secs] 
204.984: Total time for which application threads were stopped: 0.0569070 seconds, Stopping threads took: 0.0001020 seconds
205.201: Application time: 0.2177030 seconds
205.202: [GC [PSYoungGen: 560627K->56704K(535552K)] 1402940K->942885K(1709056K), 0.0503450 secs] [Times: user=0.40 sys=0.00, real=0.05 secs] 
205.252: Total time for which application threads were stopped: 0.0505310 seconds, Stopping threads took: 0.0001010 seconds
205.445: Application time: 0.1927200 seconds
205.446: [GC [PSYoungGen: 535424K->81115K(569344K)] 1421605K->993203K(1742848K), 0.0528540 secs] [Times: user=0.42 sys=0.00, real=0.05 secs] 
205.499: Total time for which application threads were stopped: 0.0546240 seconds, Stopping threads took: 0.0016690 seconds
205.717: Application time: 0.2177030 seconds
205.717: [GC [PSYoungGen: 555739K->53808K(528896K)] 1467827K->1006711K(1702400K), 0.0492420 secs] [Times: user=0.38 sys=0.00, real=0.06 secs] 
205.767: Total time for which application threads were stopped: 0.0494480 seconds, Stopping threads took: 0.0001130 seconds
205.953: Application time: 0.1864370 seconds
205.953: [GC [PSYoungGen: 528432K->86283K(563200K)] 1481335K->1067617K(1736704K), 0.0566100 secs] [Times: user=0.44 sys=0.01, real=0.06 secs] 
206.010: Total time for which application threads were stopped: 0.0568080 seconds, Stopping threads took: 0.0000960 seconds
206.223: Application time: 0.2127410 seconds
206.223: [GC [PSYoungGen: 552715K->49920K(516608K)] 1534049K->1073791K(1690112K), 0.0466380 secs] [Times: user=0.36 sys=0.00, real=0.05 secs] 
206.269: Total time for which application threads were stopped: 0.0468220 seconds, Stopping threads took: 0.0000980 seconds
206.453: Application time: 0.1841100 seconds
206.454: [GC [PSYoungGen: 516352K->83360K(562176K)] 1540223K->1131921K(1735680K), 0.0538380 secs] [Times: user=0.43 sys=0.00, real=0.06 secs] 
206.508: Total time for which application threads were stopped: 0.0540640 seconds, Stopping threads took: 0.0001040 seconds
206.714: Application time: 0.2066240 seconds
206.714: [GC [PSYoungGen: 544672K->51344K(564224K)] 1593233K->1141796K(1737728K), 0.0470390 secs] [Times: user=0.37 sys=0.00, real=0.05 secs] 
206.761: Total time for which application threads were stopped: 0.0472100 seconds, Stopping threads took: 0.0000870 seconds
206.945: Application time: 0.1840740 seconds
206.946: [GC [PSYoungGen: 512656K->81698K(561152K)] 1603108K->1197835K(1734656K), 0.0522830 secs] [Times: user=0.41 sys=0.00, real=0.05 secs] 
206.998: Total time for which application threads were stopped: 0.0524700 seconds, Stopping threads took: 0.0001010 seconds
207.205: Application time: 0.2070980 seconds
207.205: [GC [PSYoungGen: 539938K->52960K(562688K)] 1656075K->1211866K(1736192K), 0.0476020 secs] [Times: user=0.36 sys=0.01, real=0.05 secs] 
207.253: [Full GC [PSYoungGen: 52960K->0K(562688K)] [ParOldGen: 1158905K->128518K(1185280K)] 1211866K->128518K(1747968K) [PSPermGen: 9165K->9165K(21504K)], 0.1589350 secs] [Times: user=1.16 sys=0.00, real=0.16 secs] 
207.412: Total time for which application threads were stopped: 0.2067860 seconds, Stopping threads took: 0.0000890 seconds
207.598: Application time: 0.1863780 seconds
207.598: [GC [PSYoungGen: 458240K->86960K(556032K)] 586758K->215479K(1741312K), 0.0461210 secs] [Times: user=0.36 sys=0.00, real=0.05 secs] 
207.644: Total time for which application threads were stopped: 0.0463150 seconds, Stopping threads took: 0.0001070 seconds
207.845: Application time: 0.2006080 seconds
207.845: [GC [PSYoungGen: 539056K->57040K(559616K)] 667575K->236615K(1744896K), 0.0548030 secs] [Times: user=0.44 sys=0.00, real=0.06 secs] 
207.900: Total time for which application threads were stopped: 0.0550090 seconds, Stopping threads took: 0.0001050 seconds
208.086: Application time: 0.1860630 seconds
208.086: [GC [PSYoungGen: 509136K->77687K(557056K)] 688711K->289144K(1742336K), 0.0541580 secs] [Times: user=0.42 sys=0.00, real=0.06 secs] 
208.141: Total time for which application threads were stopped: 0.0543330 seconds, Stopping threads took: 0.0000850 seconds
208.337: Application time: 0.1966990 seconds
208.337: [GC [PSYoungGen: 531319K->62032K(559104K)] 742776K->317801K(1744384K), 0.0515910 secs] [Times: user=0.41 sys=0.00, real=0.06 secs] 
208.389: Total time for which application threads were stopped: 0.0517750 seconds, Stopping threads took: 0.0000970 seconds
208.579: Application time: 0.1896790 seconds
208.579: [GC [PSYoungGen: 515664K->73088K(557568K)] 771433K->362458K(1742848K), 0.0527550 secs] [Times: user=0.42 sys=0.00, real=0.05 secs] 
208.632: Total time for which application threads were stopped: 0.0529410 seconds, Stopping threads took: 0.0000900 seconds
208.825: Application time: 0.1937000 seconds
208.826: [GC [PSYoungGen: 531328K->67712K(559616K)] 820698K->399666K(1744896K), 0.0536250 secs] [Times: user=0.43 sys=0.00, real=0.05 secs] 
208.880: Total time for which application threads were stopped: 0.0548050 seconds, Stopping threads took: 0.0010930 seconds
209.076: Application time: 0.1954150 seconds
209.078: [GC [PSYoungGen: 525952K->73184K(564736K)] 857906K->442240K(1750016K), 0.0554030 secs] [Times: user=0.44 sys=0.00, real=0.05 secs] 
209.134: Total time for which application threads were stopped: 0.0583570 seconds, Stopping threads took: 0.0028670 seconds
209.333: Application time: 0.1995190 seconds
209.334: [GC [PSYoungGen: 540640K->70304K(564736K)] 909696K->480426K(1750016K), 0.0547300 secs] [Times: user=0.43 sys=0.00, real=0.06 secs] 
209.388: Total time for which application threads were stopped: 0.0549020 seconds, Stopping threads took: 0.0000730 seconds
209.590: Application time: 0.2020820 seconds
209.591: [GC [PSYoungGen: 537760K->72800K(568320K)] 947882K->522033K(1753600K), 0.0561150 secs] [Times: user=0.45 sys=0.00, real=0.06 secs] 
209.647: Total time for which application threads were stopped: 0.0563020 seconds, Stopping threads took: 0.0000980 seconds
209.849: Application time: 0.2018060 seconds
209.849: [GC [PSYoungGen: 546912K->68080K(567296K)] 996145K->557738K(1752576K), 0.0528280 secs] [Times: user=0.42 sys=0.00, real=0.05 secs] 
209.902: Total time for which application threads were stopped: 0.0530100 seconds, Stopping threads took: 0.0000850 seconds
210.101: Application time: 0.1995370 seconds
210.102: [GC [PSYoungGen: 542192K->71136K(572416K)] 1031850K->596730K(1757696K), 0.0537140 secs] [Times: user=0.43 sys=0.00, real=0.05 secs] 
210.156: Total time for which application threads were stopped: 0.0551530 seconds, Stopping threads took: 0.0013510 seconds
210.362: Application time: 0.2061410 seconds
210.363: [GC [PSYoungGen: 552416K->65760K(570880K)] 1078010K->624598K(1756160K), 0.0494240 secs] [Times: user=0.39 sys=0.00, real=0.05 secs] 
210.412: Total time for which application threads were stopped: 0.0495990 seconds, Stopping threads took: 0.0000780 seconds
210.617: Application time: 0.2055160 seconds
210.618: [GC [PSYoungGen: 547040K->68954K(575488K)] 1105878K->655684K(1760768K), 0.0487540 secs] [Times: user=0.39 sys=0.00, real=0.06 secs] 
210.666: Total time for which application threads were stopped: 0.0489550 seconds, Stopping threads took: 0.0001130 seconds
210.877: Application time: 0.2103110 seconds
210.877: [GC [PSYoungGen: 557402K->69237K(574976K)] 1144132K->689525K(1760256K), 0.0507710 secs] [Times: user=0.41 sys=0.00, real=0.06 secs] 
210.928: Total time for which application threads were stopped: 0.0509610 seconds, Stopping threads took: 0.0000870 seconds
211.137: Application time: 0.2088580 seconds
211.137: [GC [PSYoungGen: 557685K->68907K(579072K)] 1177973K->721966K(1764352K), 0.0504960 secs] [Times: user=0.39 sys=0.00, real=0.06 secs] 
211.187: Total time for which application threads were stopped: 0.0506840 seconds, Stopping threads took: 0.0001010 seconds
211.399: Application time: 0.2114100 seconds
211.399: [GC [PSYoungGen: 564011K->66877K(578560K)] 1217070K->751962K(1763840K), 0.0505700 secs] [Times: user=0.40 sys=0.00, real=0.05 secs] 
211.449: Total time for which application threads were stopped: 0.0507870 seconds, Stopping threads took: 0.0001150 seconds
211.660: Application time: 0.2108220 seconds
211.660: [GC [PSYoungGen: 561981K->67837K(582656K)] 1247066K->775168K(1767936K), 0.0446650 secs] [Times: user=0.36 sys=0.00, real=0.04 secs] 
211.705: Total time for which application threads were stopped: 0.0448530 seconds, Stopping threads took: 0.0000970 seconds
211.918: Application time: 0.2132700 seconds
211.919: [GC [PSYoungGen: 568573K->66286K(582144K)] 1275904K->790585K(1767424K), 0.0404500 secs] [Times: user=0.32 sys=0.00, real=0.04 secs] 
211.959: Total time for which application threads were stopped: 0.0406440 seconds, Stopping threads took: 0.0000910 seconds
212.169: Application time: 0.2103020 seconds
212.169: [GC [PSYoungGen: 567022K->74753K(583680K)] 1291321K->823250K(1768960K), 0.0471230 secs] [Times: user=0.37 sys=0.00, real=0.04 secs] 
212.217: Total time for which application threads were stopped: 0.0472950 seconds, Stopping threads took: 0.0000880 seconds
212.427: Application time: 0.2105660 seconds
212.427: [GC [PSYoungGen: 577537K->74803K(584704K)] 1326034K->860719K(1769984K), 0.0540880 secs] [Times: user=0.43 sys=0.00, real=0.05 secs] 
212.482: Total time for which application threads were stopped: 0.0542580 seconds, Stopping threads took: 0.0000690 seconds
212.697: Application time: 0.2157400 seconds
212.697: [GC [PSYoungGen: 577587K->77906K(580608K)] 1363503K->903582K(1765888K), 0.0598200 secs] [Times: user=0.47 sys=0.00, real=0.06 secs] 
212.757: Total time for which application threads were stopped: 0.0599850 seconds, Stopping threads took: 0.0000810 seconds
212.970: Application time: 0.2124210 seconds
212.970: [GC [PSYoungGen: 576082K->79851K(578048K)] 1401758K->950737K(1763328K), 0.0623130 secs] [Times: user=0.49 sys=0.00, real=0.06 secs] 
213.032: Total time for which application threads were stopped: 0.0625200 seconds, Stopping threads took: 0.0001030 seconds
213.243: Application time: 0.2107250 seconds
213.243: [GC [PSYoungGen: 578027K->81521K(576512K)] 1448913K->1001293K(1761792K), 0.0653530 secs] [Times: user=0.51 sys=0.00, real=0.07 secs] 
213.308: Total time for which application threads were stopped: 0.0655110 seconds, Stopping threads took: 0.0000700 seconds
213.515: Application time: 0.2069810 seconds
213.516: [GC [PSYoungGen: 571505K->81136K(571392K)] 1491277K->1051873K(1756672K), 0.0657920 secs] [Times: user=0.52 sys=0.00, real=0.07 secs] 
213.581: Total time for which application threads were stopped: 0.0659810 seconds, Stopping threads took: 0.0000860 seconds
213.796: Application time: 0.2143350 seconds
213.796: [GC [PSYoungGen: 571120K->79440K(576000K)] 1541857K->1099765K(1761280K), 0.0676200 secs] [Times: user=0.54 sys=0.00, real=0.07 secs] 
213.864: Total time for which application threads were stopped: 0.0677840 seconds, Stopping threads took: 0.0000740 seconds
214.069: Application time: 0.2059310 seconds
214.070: [GC [PSYoungGen: 565328K->75600K(561664K)] 1585653K->1144955K(1746944K), 0.0632490 secs] [Times: user=0.50 sys=0.00, real=0.06 secs] 
214.133: Total time for which application threads were stopped: 0.0634290 seconds, Stopping threads took: 0.0000820 seconds
214.341: Application time: 0.2078130 seconds
214.341: [GC [PSYoungGen: 561488K->78112K(576000K)] 1630843K->1191318K(1761280K), 0.0633030 secs] [Times: user=0.50 sys=0.00, real=0.06 secs] 
214.404: Total time for which application threads were stopped: 0.0634910 seconds, Stopping threads took: 0.0001040 seconds
214.612: Application time: 0.2077120 seconds
214.612: [GC [PSYoungGen: 564512K->70896K(576000K)] 1677718K->1229885K(1761280K), 0.0600470 secs] [Times: user=0.48 sys=0.00, real=0.06 secs] 
214.672: [Full GC [PSYoungGen: 70896K->0K(576000K)] [ParOldGen: 1158989K->140187K(1224192K)] 1229885K->140187K(1800192K) [PSPermGen: 9165K->9165K(21504K)], 0.1744980 secs] [Times: user=1.28 sys=0.00, real=0.18 secs] 
214.847: Total time for which application threads were stopped: 0.2347880 seconds, Stopping threads took: 0.0000780 seconds
215.053: Application time: 0.2062990 seconds
215.053: [GC [PSYoungGen: 486400K->80560K(575488K)] 626587K->220748K(1799680K), 0.0452140 secs] [Times: user=0.35 sys=0.00, real=0.05 secs] 
215.098: Total time for which application threads were stopped: 0.0454050 seconds, Stopping threads took: 0.0000940 seconds
215.310: Application time: 0.2117930 seconds
215.310: [GC [PSYoungGen: 567472K->67069K(576512K)] 707660K->250460K(1800704K), 0.0574450 secs] [Times: user=0.45 sys=0.01, real=0.06 secs] 
215.368: Total time for which application threads were stopped: 0.0576480 seconds, Stopping threads took: 0.0001020 seconds
215.572: Application time: 0.2037700 seconds
215.572: [GC [PSYoungGen: 553981K->70569K(575488K)] 737372K->285498K(1799680K), 0.0491500 secs] [Times: user=0.38 sys=0.00, real=0.05 secs] 
215.621: Total time for which application threads were stopped: 0.0493290 seconds, Stopping threads took: 0.0000930 seconds
215.827: Application time: 0.2055890 seconds
215.827: [GC [PSYoungGen: 558505K->66933K(576512K)] 773434K->315846K(1800704K), 0.0481020 secs] [Times: user=0.38 sys=0.00, real=0.04 secs] 
215.875: Total time for which application threads were stopped: 0.0482870 seconds, Stopping threads took: 0.0000860 seconds
216.076: Application time: 0.2010340 seconds
216.076: [GC [PSYoungGen: 554869K->67354K(577024K)] 803782K->338032K(1801216K), 0.0424070 secs] [Times: user=0.34 sys=0.00, real=0.05 secs] 
216.118: Total time for which application threads were stopped: 0.0425880 seconds, Stopping threads took: 0.0000950 seconds
216.329: Application time: 0.2105330 seconds
216.329: [GC [PSYoungGen: 557850K->64994K(578048K)] 828528K->361072K(1802240K), 0.0431210 secs] [Times: user=0.34 sys=0.00, real=0.04 secs] 
216.372: Total time for which application threads were stopped: 0.0433090 seconds, Stopping threads took: 0.0000910 seconds
216.579: Application time: 0.2067530 seconds
216.579: [GC [PSYoungGen: 555490K->72197K(576512K)] 851568K->399709K(1800704K), 0.0488880 secs] [Times: user=0.39 sys=0.00, real=0.05 secs] 
216.628: Total time for which application threads were stopped: 0.0490550 seconds, Stopping threads took: 0.0000790 seconds
216.841: Application time: 0.2127600 seconds
216.841: [GC [PSYoungGen: 564229K->67068K(578048K)] 891741K->424129K(1802240K), 0.0473420 secs] [Times: user=0.37 sys=0.00, real=0.05 secs] 
216.888: Total time for which application threads were stopped: 0.0475320 seconds, Stopping threads took: 0.0000880 seconds
217.096: Application time: 0.2078360 seconds
217.098: [GC [PSYoungGen: 559100K->77014K(580608K)] 916161K->470336K(1804800K), 0.0542650 secs] [Times: user=0.43 sys=0.00, real=0.05 secs] 
217.153: Total time for which application threads were stopped: 0.0565030 seconds, Stopping threads took: 0.0021490 seconds
217.363: Application time: 0.2103490 seconds
217.363: [GC [PSYoungGen: 572118K->75743K(570880K)] 965440K->504138K(1795072K), 0.0529770 secs] [Times: user=0.41 sys=0.00, real=0.05 secs] 
217.416: Total time for which application threads were stopped: 0.0531640 seconds, Stopping threads took: 0.0000890 seconds
217.628: Application time: 0.2121830 seconds
217.629: [GC [PSYoungGen: 570847K->76272K(580608K)] 999242K->546611K(1804800K), 0.0576190 secs] [Times: user=0.46 sys=0.00, real=0.05 secs] 
217.686: Total time for which application threads were stopped: 0.0577870 seconds, Stopping threads took: 0.0000770 seconds
217.897: Application time: 0.2103770 seconds
217.897: [GC [PSYoungGen: 570352K->80883K(574976K)] 1040691K->595724K(1799168K), 0.0607540 secs] [Times: user=0.48 sys=0.00, real=0.06 secs] 
217.958: Total time for which application threads were stopped: 0.0609580 seconds, Stopping threads took: 0.0001040 seconds
218.168: Application time: 0.2107740 seconds
218.168: [GC [PSYoungGen: 574963K->75771K(579584K)] 1089804K->633648K(1803776K), 0.0606560 secs] [Times: user=0.48 sys=0.00, real=0.06 secs] 
218.229: Total time for which application threads were stopped: 0.0608320 seconds, Stopping threads took: 0.0000890 seconds
218.428: Application time: 0.1988050 seconds
218.428: [GC [PSYoungGen: 567291K->85952K(577536K)] 1125168K->691450K(1801728K), 0.0649130 secs] [Times: user=0.52 sys=0.00, real=0.06 secs] 
218.493: Total time for which application threads were stopped: 0.0650930 seconds, Stopping threads took: 0.0000840 seconds
218.706: Application time: 0.2133560 seconds
218.707: [GC [PSYoungGen: 577472K->75882K(577536K)] 1182970K->728111K(1801728K), 0.0613880 secs] [Times: user=0.49 sys=0.00, real=0.06 secs] 
218.768: Total time for which application threads were stopped: 0.0615590 seconds, Stopping threads took: 0.0000840 seconds
218.972: Application time: 0.2036720 seconds
218.972: [GC [PSYoungGen: 563818K->85104K(573440K)] 1216047K->787351K(1797632K), 0.0701240 secs] [Times: user=0.56 sys=0.00, real=0.07 secs] 
219.042: Total time for which application threads were stopped: 0.0703510 seconds, Stopping threads took: 0.0001230 seconds
219.251: Application time: 0.2090380 seconds
219.251: [GC [PSYoungGen: 573040K->71968K(576000K)] 1275287K->823140K(1800192K), 0.0598670 secs] [Times: user=0.47 sys=0.00, real=0.06 secs] 
219.311: Total time for which application threads were stopped: 0.0600240 seconds, Stopping threads took: 0.0000700 seconds
219.513: Application time: 0.2016590 seconds
219.514: [GC [PSYoungGen: 556320K->77008K(561664K)] 1307492K->871996K(1785856K), 0.0624430 secs] [Times: user=0.48 sys=0.00, real=0.06 secs] 
219.577: Total time for which application threads were stopped: 0.0641910 seconds, Stopping threads took: 0.0016490 seconds
219.787: Application time: 0.2101420 seconds
219.787: [GC [PSYoungGen: 561360K->73728K(575488K)] 1356348K->913254K(1799680K), 0.0598120 secs] [Times: user=0.47 sys=0.00, real=0.06 secs] 
219.847: Total time for which application threads were stopped: 0.0599980 seconds, Stopping threads took: 0.0000970 seconds
220.051: Application time: 0.2041350 seconds
220.051: [GC [PSYoungGen: 559104K->69760K(574464K)] 1398630K->952003K(1798656K), 0.0566500 secs] [Times: user=0.44 sys=0.00, real=0.06 secs] 
220.108: Total time for which application threads were stopped: 0.0568340 seconds, Stopping threads took: 0.0000870 seconds
220.316: Application time: 0.2081950 seconds
220.316: [GC [PSYoungGen: 555136K->73360K(577024K)] 1437379K->989986K(1801216K), 0.0547560 secs] [Times: user=0.44 sys=0.00, real=0.06 secs] 
220.371: Total time for which application threads were stopped: 0.0549480 seconds, Stopping threads took: 0.0001060 seconds
220.581: Application time: 0.2096260 seconds
220.581: [GC [PSYoungGen: 562320K->63680K(576512K)] 1478946K->1016063K(1800704K), 0.0496140 secs] [Times: user=0.39 sys=0.00, real=0.05 secs] 
220.631: Total time for which application threads were stopped: 0.0498160 seconds, Stopping threads took: 0.0001030 seconds
220.836: Application time: 0.2056540 seconds
220.836: [GC [PSYoungGen: 552640K->72065K(578048K)] 1505023K->1043179K(1802240K), 0.0454180 secs] [Times: user=0.36 sys=0.00, real=0.05 secs] 
220.882: Total time for which application threads were stopped: 0.0455950 seconds, Stopping threads took: 0.0000920 seconds
221.097: Application time: 0.2149670 seconds
221.098: [GC [PSYoungGen: 563399K->62613K(578560K)] 1534514K->1067432K(1802752K), 0.0486930 secs] [Times: user=0.38 sys=0.00, real=0.05 secs] 
221.147: Total time for which application threads were stopped: 0.0503060 seconds, Stopping threads took: 0.0015140 seconds
221.345: Application time: 0.1975900 seconds
221.345: [GC [PSYoungGen: 554133K->77610K(578560K)] 1558952K->1106334K(1802752K), 0.0489450 secs] [Times: user=0.39 sys=0.00, real=0.05 secs] 
221.394: Total time for which application threads were stopped: 0.0491200 seconds, Stopping threads took: 0.0000830 seconds
221.611: Application time: 0.2172160 seconds
221.611: [GC [PSYoungGen: 568618K->57874K(549376K)] 1597342K->1121561K(1773568K), 0.0459840 secs] [Times: user=0.36 sys=0.00, real=0.04 secs] 
221.657: Total time for which application threads were stopped: 0.0461750 seconds, Stopping threads took: 0.0000940 seconds
221.861: Application time: 0.2032930 seconds
221.861: [GC [PSYoungGen: 548882K->81617K(573952K)] 1612569K->1170188K(1798144K), 0.0523700 secs] [Times: user=0.41 sys=0.00, real=0.05 secs] 
221.913: Total time for which application threads were stopped: 0.0526730 seconds, Stopping threads took: 0.0001910 seconds
222.136: Application time: 0.2229780 seconds
222.136: [GC [PSYoungGen: 566481K->56128K(541184K)] 1655052K->1183018K(1765376K), 0.0478340 secs] [Times: user=0.37 sys=0.00, real=0.05 secs] 
222.184: Total time for which application threads were stopped: 0.0480260 seconds, Stopping threads took: 0.0000920 seconds
222.373: Application time: 0.1889700 seconds
222.374: [GC [PSYoungGen: 540992K->88213K(566784K)] 1667882K->1248663K(1790976K), 0.0599130 secs] [Times: user=0.47 sys=0.00, real=0.06 secs] 
222.434: Total time for which application threads were stopped: 0.0611730 seconds, Stopping threads took: 0.0011680 seconds
222.653: Application time: 0.2182210 seconds
222.653: [GC [PSYoungGen: 562837K->51585K(526336K)] 1723287K->1238420K(1750528K), 0.0399220 secs] [Times: user=0.31 sys=0.00, real=0.04 secs] 
222.693: [Full GC [PSYoungGen: 51585K->0K(526336K)] [ParOldGen: 1186834K->108206K(1203200K)] 1238420K->108206K(1729536K) [PSPermGen: 9165K->9165K(21504K)], 0.1248250 secs] [Times: user=0.89 sys=0.00, real=0.12 secs] 
222.818: Total time for which application threads were stopped: 0.1650220 seconds, Stopping threads took: 0.0001090 seconds
222.999: Application time: 0.1811780 seconds
222.999: [GC [PSYoungGen: 474624K->97766K(552960K)] 582830K->208298K(1756160K), 0.0502700 secs] [Times: user=0.40 sys=0.00, real=0.05 secs] 
223.049: Total time for which application threads were stopped: 0.0504490 seconds, Stopping threads took: 0.0000910 seconds
223.261: Application time: 0.2116130 seconds
223.261: [GC [PSYoungGen: 552934K->52960K(561152K)] 663466K->218928K(1764352K), 0.0539990 secs] [Times: user=0.43 sys=0.00, real=0.05 secs] 
223.315: Total time for which application threads were stopped: 0.0541690 seconds, Stopping threads took: 0.0000700 seconds
223.488: Application time: 0.1732640 seconds
223.488: [GC [PSYoungGen: 508123K->86533K(557056K)] 674091K->291212K(1760256K), 0.0589980 secs] [Times: user=0.46 sys=0.00, real=0.06 secs] 
223.548: Total time for which application threads were stopped: 0.0591830 seconds, Stopping threads took: 0.0000970 seconds
223.755: Application time: 0.2069840 seconds
223.755: [GC [PSYoungGen: 537605K->51760K(503296K)] 742284K->296949K(1706496K), 0.0456940 secs] [Times: user=0.35 sys=0.00, real=0.05 secs] 
223.800: Total time for which application threads were stopped: 0.0459360 seconds, Stopping threads took: 0.0001530 seconds
223.975: Application time: 0.1745930 seconds
223.975: [GC [PSYoungGen: 502832K->83423K(557568K)] 748021K->363118K(1760768K), 0.0564830 secs] [Times: user=0.45 sys=0.00, real=0.06 secs] 
224.032: Total time for which application threads were stopped: 0.0566880 seconds, Stopping threads took: 0.0001080 seconds
224.234: Application time: 0.2017530 seconds
224.234: [GC [PSYoungGen: 532447K->54736K(558080K)] 812142K->378310K(1761280K), 0.0481060 secs] [Times: user=0.38 sys=0.00, real=0.05 secs] 
224.282: Total time for which application threads were stopped: 0.0482590 seconds, Stopping threads took: 0.0000660 seconds
224.464: Application time: 0.1821730 seconds
224.464: [GC [PSYoungGen: 503760K->79286K(557056K)] 827334K->435274K(1760256K), 0.0542700 secs] [Times: user=0.42 sys=0.01, real=0.06 secs] 
224.518: Total time for which application threads were stopped: 0.0544480 seconds, Stopping threads took: 0.0000820 seconds
224.718: Application time: 0.1994300 seconds
224.718: [GC [PSYoungGen: 528822K->58340K(557568K)] 884810K->460528K(1760768K), 0.0520940 secs] [Times: user=0.41 sys=0.00, real=0.06 secs] 
224.770: Total time for which application threads were stopped: 0.0522970 seconds, Stopping threads took: 0.0000970 seconds
224.953: Application time: 0.1825330 seconds
224.953: [GC [PSYoungGen: 507876K->75392K(557056K)] 910064K->510869K(1760256K), 0.0535300 secs] [Times: user=0.43 sys=0.00, real=0.05 secs] 
225.006: Total time for which application threads were stopped: 0.0537150 seconds, Stopping threads took: 0.0000910 seconds
225.202: Application time: 0.1957150 seconds
225.210: [GC [PSYoungGen: 528000K->60032K(557568K)] 963477K->540743K(1760768K), 0.0526090 secs] [Times: user=0.41 sys=0.01, real=0.05 secs] 
225.263: Total time for which application threads were stopped: 0.0607150 seconds, Stopping threads took: 0.0080210 seconds
225.448: Application time: 0.1855280 seconds
225.448: [GC [PSYoungGen: 512640K->73320K(559104K)] 993351K->586529K(1762304K), 0.0518880 secs] [Times: user=0.41 sys=0.00, real=0.05 secs] 
225.500: Total time for which application threads were stopped: 0.0520790 seconds, Stopping threads took: 0.0000960 seconds
225.698: Application time: 0.1979940 seconds
225.699: [GC [PSYoungGen: 532072K->61671K(560128K)] 1045281K->617011K(1763328K), 0.0508010 secs] [Times: user=0.40 sys=0.00, real=0.05 secs] 
225.749: Total time for which application threads were stopped: 0.0509770 seconds, Stopping threads took: 0.0000920 seconds
225.941: Application time: 0.1919340 seconds
225.941: [GC [PSYoungGen: 520423K->70073K(560128K)] 1075763K->654832K(1763328K), 0.0497960 secs] [Times: user=0.39 sys=0.00, real=0.05 secs] 
225.991: Total time for which application threads were stopped: 0.0499730 seconds, Stopping threads took: 0.0000910 seconds
226.190: Application time: 0.1991730 seconds
226.191: [GC [PSYoungGen: 535993K->61433K(562688K)] 1120752K->684741K(1765888K), 0.0488350 secs] [Times: user=0.39 sys=0.00, real=0.05 secs] 
226.240: Total time for which application threads were stopped: 0.0490150 seconds, Stopping threads took: 0.0000840 seconds
226.432: Application time: 0.1924360 seconds
226.432: [GC [PSYoungGen: 527353K->70626K(565248K)] 1150661K->720377K(1768448K), 0.0474890 secs] [Times: user=0.37 sys=0.00, real=0.05 secs] 
226.480: Total time for which application threads were stopped: 0.0476570 seconds, Stopping threads took: 0.0000830 seconds
226.681: Application time: 0.2012250 seconds
226.681: [GC [PSYoungGen: 545250K->62160K(568320K)] 1195001K->749018K(1771520K), 0.0484520 secs] [Times: user=0.37 sys=0.00, real=0.05 secs] 
226.729: Total time for which application threads were stopped: 0.0486260 seconds, Stopping threads took: 0.0000900 seconds
226.927: Application time: 0.1973130 seconds
226.927: [GC [PSYoungGen: 536784K->73262K(570880K)] 1223642K->776562K(1774080K), 0.0440600 secs] [Times: user=0.35 sys=0.00, real=0.04 secs] 
226.971: Total time for which application threads were stopped: 0.0442410 seconds, Stopping threads took: 0.0000830 seconds
227.180: Application time: 0.2085750 seconds
227.180: [GC [PSYoungGen: 554542K->59083K(572928K)] 1257842K->799789K(1776128K), 0.0465840 secs] [Times: user=0.36 sys=0.00, real=0.04 secs] 
227.226: Total time for which application threads were stopped: 0.0467890 seconds, Stopping threads took: 0.0001130 seconds
227.421: Application time: 0.1948410 seconds
227.421: [GC [PSYoungGen: 540363K->83591K(568832K)] 1281069K->850851K(1772032K), 0.0535620 secs] [Times: user=0.43 sys=0.00, real=0.05 secs] 
227.475: Total time for which application threads were stopped: 0.0537380 seconds, Stopping threads took: 0.0000870 seconds
227.686: Application time: 0.2115020 seconds
227.687: [GC [PSYoungGen: 561287K->56155K(572416K)] 1328547K->867518K(1775616K), 0.0487720 secs] [Times: user=0.39 sys=0.00, real=0.04 secs] 
227.735: Total time for which application threads were stopped: 0.0489480 seconds, Stopping threads took: 0.0000730 seconds
227.925: Application time: 0.1892420 seconds
227.925: [GC [PSYoungGen: 533851K->89517K(561664K)] 1345214K->932843K(1764864K), 0.0606210 secs] [Times: user=0.49 sys=0.00, real=0.06 secs] 
227.986: Total time for which application threads were stopped: 0.0608250 seconds, Stopping threads took: 0.0001050 seconds
228.201: Application time: 0.2158930 seconds
228.202: [GC [PSYoungGen: 556973K->52214K(567296K)] 1400299K->945027K(1770496K), 0.0515740 secs] [Times: user=0.41 sys=0.00, real=0.05 secs] 
228.253: Total time for which application threads were stopped: 0.0517610 seconds, Stopping threads took: 0.0000840 seconds
228.436: Application time: 0.1828000 seconds
228.436: [GC [PSYoungGen: 519664K->90382K(557056K)] 1412477K->1017501K(1760256K), 0.0632690 secs] [Times: user=0.50 sys=0.00, real=0.07 secs] 
228.499: Total time for which application threads were stopped: 0.0634610 seconds, Stopping threads took: 0.0001000 seconds
228.713: Application time: 0.2137840 seconds
228.713: [GC [PSYoungGen: 547598K->51915K(562176K)] 1474717K->1029854K(1765376K), 0.0530800 secs] [Times: user=0.41 sys=0.00, real=0.06 secs] 
228.766: Total time for which application threads were stopped: 0.0532760 seconds, Stopping threads took: 0.0000940 seconds
228.949: Application time: 0.1826240 seconds
228.950: [GC [PSYoungGen: 509131K->87331K(555520K)] 1487070K->1100127K(1758720K), 0.0610760 secs] [Times: user=0.48 sys=0.00, real=0.06 secs] 
229.012: Total time for which application threads were stopped: 0.0624610 seconds, Stopping threads took: 0.0012950 seconds
229.216: Application time: 0.2047680 seconds
229.216: [GC [PSYoungGen: 538403K->54352K(559104K)] 1551199K->1118257K(1762304K), 0.0539950 secs] [Times: user=0.42 sys=0.00, real=0.06 secs] 
229.271: Total time for which application threads were stopped: 0.0541840 seconds, Stopping threads took: 0.0000880 seconds
229.455: Application time: 0.1846300 seconds
229.455: [GC [PSYoungGen: 505424K->81332K(558080K)] 1569329K->1178953K(1761280K), 0.0596630 secs] [Times: user=0.47 sys=0.00, real=0.06 secs] 
229.515: Total time for which application threads were stopped: 0.0598270 seconds, Stopping threads took: 0.0000730 seconds
229.718: Application time: 0.2031690 seconds
229.718: [GC [PSYoungGen: 532404K->54010K(559104K)] 1630025K->1199557K(1762304K), 0.0528970 secs] [Times: user=0.42 sys=0.00, real=0.06 secs] 
229.771: [Full GC [PSYoungGen: 54010K->0K(559104K)] [ParOldGen: 1145546K->125730K(1247744K)] 1199557K->125730K(1806848K) [PSPermGen: 9165K->9165K(21504K)], 0.1526460 secs] [Times: user=1.11 sys=0.00, real=0.15 secs] 
229.924: Total time for which application threads were stopped: 0.2057810 seconds, Stopping threads took: 0.0000760 seconds
230.108: Application time: 0.1841420 seconds
230.108: [GC [PSYoungGen: 451072K->88953K(552960K)] 576802K->214683K(1800704K), 0.0479890 secs] [Times: user=0.38 sys=0.00, real=0.04 secs] 
230.156: Total time for which application threads were stopped: 0.0481530 seconds, Stopping threads took: 0.0000760 seconds
230.353: Application time: 0.1967900 seconds
230.354: [GC [PSYoungGen: 534905K->58064K(556544K)] 660635K->237457K(1804288K), 0.0572890 secs] [Times: user=0.46 sys=0.00, real=0.06 secs] 
230.412: Total time for which application threads were stopped: 0.0587480 seconds, Stopping threads took: 0.0013600 seconds
230.600: Application time: 0.1882390 seconds
230.600: [GC [PSYoungGen: 504016K->74555K(551936K)] 683409K->285439K(1799680K), 0.0518510 secs] [Times: user=0.41 sys=0.00, real=0.05 secs] 
230.652: Total time for which application threads were stopped: 0.0520390 seconds, Stopping threads took: 0.0001010 seconds
230.843: Application time: 0.1904450 seconds
230.843: [GC [PSYoungGen: 522555K->64928K(555008K)] 733439K->319302K(1802752K), 0.0521110 secs] [Times: user=0.41 sys=0.00, real=0.05 secs] 
230.895: Total time for which application threads were stopped: 0.0522730 seconds, Stopping threads took: 0.0000760 seconds
231.083: Application time: 0.1884900 seconds
231.083: [GC [PSYoungGen: 512928K->71488K(555008K)] 767302K->360718K(1802752K), 0.0525280 secs] [Times: user=0.40 sys=0.00, real=0.05 secs] 
231.136: Total time for which application threads were stopped: 0.0527010 seconds, Stopping threads took: 0.0000770 seconds
231.329: Application time: 0.1932690 seconds
231.329: [GC [PSYoungGen: 527680K->72336K(557568K)] 816910K->405455K(1805312K), 0.0564470 secs] [Times: user=0.45 sys=0.00, real=0.05 secs] 
231.386: Total time for which application threads were stopped: 0.0566240 seconds, Stopping threads took: 0.0000920 seconds
231.580: Application time: 0.1940330 seconds
231.580: [GC [PSYoungGen: 528528K->72672K(561152K)] 861647K->446664K(1808896K), 0.0548930 secs] [Times: user=0.44 sys=0.00, real=0.05 secs] 
231.635: Total time for which application threads were stopped: 0.0550510 seconds, Stopping threads took: 0.0000740 seconds
231.834: Application time: 0.1994500 seconds
231.835: [GC [PSYoungGen: 539104K->72528K(563712K)] 913096K->491309K(1811456K), 0.0590160 secs] [Times: user=0.47 sys=0.00, real=0.06 secs] 
231.894: Total time for which application threads were stopped: 0.0591950 seconds, Stopping threads took: 0.0000740 seconds
232.092: Application time: 0.1981910 seconds
232.092: [GC [PSYoungGen: 538960K->73136K(565760K)] 957741K->532077K(1813504K), 0.0580200 secs] [Times: user=0.46 sys=0.00, real=0.06 secs] 
232.150: Total time for which application threads were stopped: 0.0582160 seconds, Stopping threads took: 0.0001040 seconds
232.353: Application time: 0.2032000 seconds
232.353: [GC [PSYoungGen: 547248K->74592K(568320K)] 1006189K->578320K(1816064K), 0.0602590 secs] [Times: user=0.48 sys=0.00, real=0.06 secs] 
232.414: Total time for which application threads were stopped: 0.0604520 seconds, Stopping threads took: 0.0000900 seconds
232.613: Application time: 0.1993710 seconds
232.613: [GC [PSYoungGen: 548704K->72720K(568832K)] 1052432K->613220K(1816576K), 0.0546770 secs] [Times: user=0.43 sys=0.00, real=0.06 secs] 
232.668: Total time for which application threads were stopped: 0.0548330 seconds, Stopping threads took: 0.0000690 seconds
232.874: Application time: 0.2061080 seconds
232.878: [GC [PSYoungGen: 552464K->71184K(571392K)] 1092964K->653980K(1819136K), 0.0564890 secs] [Times: user=0.45 sys=0.00, real=0.05 secs] 
232.935: Total time for which application threads were stopped: 0.0609920 seconds, Stopping threads took: 0.0044030 seconds
233.140: Application time: 0.2051190 seconds
233.140: [GC [PSYoungGen: 550928K->74753K(573952K)] 1133724K->695272K(1821696K), 0.0574770 secs] [Times: user=0.45 sys=0.00, real=0.05 secs] 
233.198: Total time for which application threads were stopped: 0.0576650 seconds, Stopping threads took: 0.0000980 seconds
233.410: Application time: 0.2123680 seconds
233.410: [GC [PSYoungGen: 560641K->66352K(574976K)] 1181160K->727458K(1822720K), 0.0536180 secs] [Times: user=0.42 sys=0.00, real=0.05 secs] 
233.464: Total time for which application threads were stopped: 0.0538200 seconds, Stopping threads took: 0.0001000 seconds
233.666: Application time: 0.2015880 seconds
233.666: [GC [PSYoungGen: 552240K->81067K(574976K)] 1213346K->776702K(1822720K), 0.0573910 secs] [Times: user=0.46 sys=0.00, real=0.06 secs] 
233.723: Total time for which application threads were stopped: 0.0575800 seconds, Stopping threads took: 0.0001010 seconds
233.944: Application time: 0.2210160 seconds
233.944: [GC [PSYoungGen: 567979K->56656K(543744K)] 1263614K->788493K(1791488K), 0.0479750 secs] [Times: user=0.38 sys=0.00, real=0.05 secs] 
233.992: Total time for which application threads were stopped: 0.0481650 seconds, Stopping threads took: 0.0000870 seconds
234.194: Application time: 0.2016340 seconds
234.194: [GC [PSYoungGen: 543568K->78902K(573952K)] 1275405K->833293K(1821696K), 0.0502450 secs] [Times: user=0.38 sys=0.00, real=0.05 secs] 
234.244: Total time for which application threads were stopped: 0.0504130 seconds, Stopping threads took: 0.0000810 seconds
234.458: Application time: 0.2138200 seconds
234.458: [GC [PSYoungGen: 561718K->54873K(538112K)] 1316109K->842923K(1785856K), 0.0443850 secs] [Times: user=0.33 sys=0.00, real=0.04 secs] 
234.503: Total time for which application threads were stopped: 0.0445740 seconds, Stopping threads took: 0.0000840 seconds
234.696: Application time: 0.1930900 seconds
234.696: [GC [PSYoungGen: 537689K->82622K(569344K)] 1325739K->892392K(1817088K), 0.0516510 secs] [Times: user=0.41 sys=0.00, real=0.06 secs] 
234.748: Total time for which application threads were stopped: 0.0518720 seconds, Stopping threads took: 0.0001220 seconds
234.962: Application time: 0.2144240 seconds
234.962: [GC [PSYoungGen: 559294K->53504K(530432K)] 1369064K->902230K(1778176K), 0.0455820 secs] [Times: user=0.36 sys=0.01, real=0.05 secs] 
235.008: Total time for which application threads were stopped: 0.0457400 seconds, Stopping threads took: 0.0000580 seconds
235.198: Application time: 0.1896320 seconds
235.198: [GC [PSYoungGen: 530176K->85888K(564224K)] 1378902K->962284K(1811968K), 0.0545810 secs] [Times: user=0.43 sys=0.00, real=0.06 secs] 
235.252: Total time for which application threads were stopped: 0.0547790 seconds, Stopping threads took: 0.0001110 seconds
235.468: Application time: 0.2155180 seconds
235.468: [GC [PSYoungGen: 554368K->51634K(520192K)] 1430764K->964774K(1767936K), 0.0446800 secs] [Times: user=0.34 sys=0.00, real=0.04 secs] 
235.513: Total time for which application threads were stopped: 0.0448830 seconds, Stopping threads took: 0.0001000 seconds
235.698: Application time: 0.1856750 seconds
235.699: [GC [PSYoungGen: 520114K->82614K(563200K)] 1433254K->1023952K(1810944K), 0.0537140 secs] [Times: user=0.42 sys=0.00, real=0.05 secs] 
235.752: Total time for which application threads were stopped: 0.0538970 seconds, Stopping threads took: 0.0000950 seconds
235.962: Application time: 0.2097930 seconds
235.962: [GC [PSYoungGen: 545974K->54395K(565248K)] 1487312K->1036693K(1812992K), 0.0473020 secs] [Times: user=0.37 sys=0.00, real=0.05 secs] 
236.010: Total time for which application threads were stopped: 0.0474660 seconds, Stopping threads took: 0.0000770 seconds
236.195: Application time: 0.1849820 seconds
236.195: [GC [PSYoungGen: 517755K->82021K(562688K)] 1500053K->1095758K(1810432K), 0.0573540 secs] [Times: user=0.44 sys=0.00, real=0.06 secs] 
236.252: Total time for which application threads were stopped: 0.0575580 seconds, Stopping threads took: 0.0001060 seconds
236.464: Application time: 0.2121520 seconds
236.464: [GC [PSYoungGen: 543289K->50679K(564224K)] 1557026K->1104578K(1811968K), 0.0469640 secs] [Times: user=0.37 sys=0.00, real=0.05 secs] 
236.511: Total time for which application threads were stopped: 0.0471440 seconds, Stopping threads took: 0.0000920 seconds
236.690: Application time: 0.1783940 seconds
236.690: [GC [PSYoungGen: 511991K->85223K(558080K)] 1565890K->1166970K(1805824K), 0.0550100 secs] [Times: user=0.44 sys=0.00, real=0.05 secs] 
236.745: Total time for which application threads were stopped: 0.0551980 seconds, Stopping threads took: 0.0000990 seconds
236.956: Application time: 0.2109900 seconds
236.956: [GC [PSYoungGen: 540391K->49170K(561152K)] 1622138K->1171609K(1808896K), 0.0452020 secs] [Times: user=0.35 sys=0.00, real=0.05 secs] 
237.001: Total time for which application threads were stopped: 0.0453840 seconds, Stopping threads took: 0.0000820 seconds
237.179: Application time: 0.1774700 seconds
237.179: [GC [PSYoungGen: 504338K->83304K(557056K)] 1626777K->1232502K(1804800K), 0.0558100 secs] [Times: user=0.43 sys=0.00, real=0.05 secs] 
237.235: Total time for which application threads were stopped: 0.0560010 seconds, Stopping threads took: 0.0001010 seconds
237.447: Application time: 0.2123880 seconds
237.447: [GC [PSYoungGen: 534376K->49216K(559104K)] 1683574K->1238625K(1806848K), 0.0452700 secs] [Times: user=0.35 sys=0.00, real=0.04 secs] 
237.493: Total time for which application threads were stopped: 0.0454350 seconds, Stopping threads took: 0.0000770 seconds
237.672: Application time: 0.1796610 seconds
237.673: [GC [PSYoungGen: 500288K->78282K(558592K)] 1689697K->1293025K(1806336K), 0.0507590 secs] [Times: user=0.40 sys=0.00, real=0.05 secs] 
237.723: [Full GC [PSYoungGen: 78282K->0K(558592K)] [ParOldGen: 1214743K->126423K(1259008K)] 1293025K->126423K(1817600K) [PSPermGen: 9165K->9165K(21504K)], 0.1457490 secs] [Times: user=1.06 sys=0.00, real=0.15 secs] 
237.869: Total time for which application threads were stopped: 0.1967860 seconds, Stopping threads took: 0.0001090 seconds
238.070: Application time: 0.2004610 seconds
238.070: [GC [PSYoungGen: 451584K->67840K(519680K)] 578007K->194263K(1778688K), 0.0412660 secs] [Times: user=0.32 sys=0.00, real=0.04 secs] 
238.111: Total time for which application threads were stopped: 0.0414730 seconds, Stopping threads took: 0.0001190 seconds
238.298: Application time: 0.1873750 seconds
238.299: [GC [PSYoungGen: 519424K->77058K(557056K)] 645847K->249338K(1816064K), 0.0615160 secs] [Times: user=0.49 sys=0.00, real=0.06 secs] 
238.360: Total time for which application threads were stopped: 0.0616890 seconds, Stopping threads took: 0.0000740 seconds
238.555: Application time: 0.1946860 seconds
238.555: [GC [PSYoungGen: 530178K->60496K(556544K)] 702458K->276018K(1815552K), 0.0504760 secs] [Times: user=0.40 sys=0.00, real=0.05 secs] 
238.606: Total time for which application threads were stopped: 0.0506390 seconds, Stopping threads took: 0.0000750 seconds
238.789: Application time: 0.1834270 seconds
238.789: [GC [PSYoungGen: 513616K->75497K(561664K)] 729138K->324746K(1820672K), 0.0528430 secs] [Times: user=0.41 sys=0.00, real=0.05 secs] 
238.842: Total time for which application threads were stopped: 0.0530280 seconds, Stopping threads took: 0.0001000 seconds
239.041: Application time: 0.1992620 seconds
239.041: [GC [PSYoungGen: 535785K->62512K(561152K)] 785034K->356185K(1820160K), 0.0530770 secs] [Times: user=0.42 sys=0.00, real=0.05 secs] 
239.095: Total time for which application threads were stopped: 0.0532700 seconds, Stopping threads took: 0.0000900 seconds
239.287: Application time: 0.1923850 seconds
239.287: [GC [PSYoungGen: 522800K->75547K(564224K)] 816473K->401854K(1823232K), 0.0534180 secs] [Times: user=0.42 sys=0.00, real=0.05 secs] 
239.340: Total time for which application threads were stopped: 0.0535840 seconds, Stopping threads took: 0.0000810 seconds
239.543: Application time: 0.2028190 seconds
239.546: [GC [PSYoungGen: 540955K->64176K(563712K)] 867262K->435965K(1822720K), 0.0552230 secs] [Times: user=0.44 sys=0.00, real=0.05 secs] 
239.602: Total time for which application threads were stopped: 0.0584470 seconds, Stopping threads took: 0.0031230 seconds
239.797: Application time: 0.1952470 seconds
239.797: [GC [PSYoungGen: 529584K->77808K(565248K)] 901373K->478835K(1824256K), 0.0534340 secs] [Times: user=0.43 sys=0.00, real=0.06 secs] 
239.851: Total time for which application threads were stopped: 0.0536070 seconds, Stopping threads took: 0.0000880 seconds
240.053: Application time: 0.2020510 seconds
240.053: [GC [PSYoungGen: 546800K->61808K(566272K)] 947827K->508705K(1825280K), 0.0531650 secs] [Times: user=0.42 sys=0.00, real=0.05 secs] 
240.106: Total time for which application threads were stopped: 0.0533380 seconds, Stopping threads took: 0.0000750 seconds
240.303: Application time: 0.1969340 seconds
240.303: [GC [PSYoungGen: 530800K->78921K(568320K)] 977697K->552875K(1827328K), 0.0530450 secs] [Times: user=0.42 sys=0.00, real=0.05 secs] 
240.356: Total time for which application threads were stopped: 0.0531980 seconds, Stopping threads took: 0.0000650 seconds
240.560: Application time: 0.2035030 seconds
240.560: [GC [PSYoungGen: 551497K->58512K(569344K)] 1025451K->579680K(1828352K), 0.0520650 secs] [Times: user=0.41 sys=0.00, real=0.05 secs] 
240.612: Total time for which application threads were stopped: 0.0522400 seconds, Stopping threads took: 0.0000760 seconds
240.805: Application time: 0.1935900 seconds
240.806: [GC [PSYoungGen: 531088K->80231K(567296K)] 1052256K->625624K(1826304K), 0.0509180 secs] [Times: user=0.40 sys=0.00, real=0.05 secs] 
240.857: Total time for which application threads were stopped: 0.0511260 seconds, Stopping threads took: 0.0001200 seconds
241.063: Application time: 0.2068880 seconds
241.064: [GC [PSYoungGen: 551783K->55952K(569344K)] 1097176K->649052K(1828352K), 0.0510040 secs] [Times: user=0.40 sys=0.00, real=0.05 secs] 
241.115: Total time for which application threads were stopped: 0.0512460 seconds, Stopping threads took: 0.0001390 seconds
241.303: Application time: 0.1881460 seconds
241.303: [GC [PSYoungGen: 527504K->82857K(564736K)] 1120604K->695002K(1823744K), 0.0498070 secs] [Times: user=0.39 sys=0.00, real=0.05 secs] 
241.353: Total time for which application threads were stopped: 0.0499940 seconds, Stopping threads took: 0.0000980 seconds
241.561: Application time: 0.2083620 seconds
241.561: [GC [PSYoungGen: 550313K->53520K(567296K)] 1162458K->713036K(1826304K), 0.0504920 secs] [Times: user=0.40 sys=0.00, real=0.05 secs] 
241.612: Total time for which application threads were stopped: 0.0506770 seconds, Stopping threads took: 0.0000930 seconds
241.804: Application time: 0.1920290 seconds
241.804: [GC [PSYoungGen: 520823K->82754K(562688K)] 1180339K->762184K(1821696K), 0.0527760 secs] [Times: user=0.41 sys=0.00, real=0.05 secs] 
241.857: Total time for which application threads were stopped: 0.0529720 seconds, Stopping threads took: 0.0000950 seconds
242.064: Application time: 0.2066960 seconds
242.066: [GC [PSYoungGen: 546114K->53264K(565248K)] 1225544K->781187K(1824256K), 0.0511310 secs] [Times: user=0.40 sys=0.00, real=0.04 secs] 
242.118: Total time for which application threads were stopped: 0.0540060 seconds, Stopping threads took: 0.0027870 seconds
242.305: Application time: 0.1874300 seconds
242.305: [GC [PSYoungGen: 516624K->78921K(564736K)] 1244547K->820904K(1823744K), 0.0472660 secs] [Times: user=0.37 sys=0.00, real=0.05 secs] 
242.353: Total time for which application threads were stopped: 0.0474650 seconds, Stopping threads took: 0.0001000 seconds
242.556: Application time: 0.2036830 seconds
242.556: [GC [PSYoungGen: 542281K->55616K(519168K)] 1284264K->843875K(1778176K), 0.0503830 secs] [Times: user=0.40 sys=0.01, real=0.06 secs] 
242.607: Total time for which application threads were stopped: 0.0505720 seconds, Stopping threads took: 0.0001030 seconds
242.793: Application time: 0.1863710 seconds
242.794: [GC [PSYoungGen: 518976K->79415K(563712K)] 1307235K->890885K(1822720K), 0.0503970 secs] [Times: user=0.40 sys=0.00, real=0.05 secs] 
242.845: Total time for which application threads were stopped: 0.0516980 seconds, Stopping threads took: 0.0012170 seconds
243.046: Application time: 0.2009030 seconds
243.046: [GC [PSYoungGen: 542263K->57392K(564736K)] 1353733K->915610K(1823744K), 0.0524960 secs] [Times: user=0.42 sys=0.00, real=0.05 secs] 
243.099: Total time for which application threads were stopped: 0.0532400 seconds, Stopping threads took: 0.0006470 seconds
243.291: Application time: 0.1916040 seconds
243.291: [GC [PSYoungGen: 520240K->80954K(563200K)] 1378458K->965744K(1822208K), 0.0544760 secs] [Times: user=0.43 sys=0.00, real=0.05 secs] 
243.345: Total time for which application threads were stopped: 0.0546360 seconds, Stopping threads took: 0.0000700 seconds
243.549: Application time: 0.2040750 seconds
243.550: [GC [PSYoungGen: 543290K->58000K(564736K)] 1428080K->990478K(1823744K), 0.0533450 secs] [Times: user=0.42 sys=0.00, real=0.05 secs] 
243.604: Total time for which application threads were stopped: 0.0545160 seconds, Stopping threads took: 0.0010710 seconds
243.797: Application time: 0.1932510 seconds
243.797: [GC [PSYoungGen: 520336K->79013K(563712K)] 1452814K->1041892K(1822720K), 0.0549850 secs] [Times: user=0.43 sys=0.00, real=0.06 secs] 
243.852: Total time for which application threads were stopped: 0.0551820 seconds, Stopping threads took: 0.0001100 seconds
244.050: Application time: 0.1980970 seconds
244.050: [GC [PSYoungGen: 541861K->60080K(523264K)] 1504740K->1070617K(1782272K), 0.0536130 secs] [Times: user=0.43 sys=0.00, real=0.05 secs] 
244.104: Total time for which application threads were stopped: 0.0537680 seconds, Stopping threads took: 0.0000700 seconds
244.298: Application time: 0.1941790 seconds
244.302: [GC [PSYoungGen: 522928K->74651K(564736K)] 1533465K->1117857K(1823744K), 0.0536680 secs] [Times: user=0.43 sys=0.00, real=0.05 secs] 
244.356: Total time for which application threads were stopped: 0.0578170 seconds, Stopping threads took: 0.0040540 seconds
244.558: Application time: 0.2018070 seconds
244.558: [GC [PSYoungGen: 539547K->66576K(564224K)] 1582753K->1153736K(1823232K), 0.0569910 secs] [Times: user=0.45 sys=0.00, real=0.06 secs] 
244.615: Total time for which application threads were stopped: 0.0571760 seconds, Stopping threads took: 0.0000950 seconds
244.815: Application time: 0.1994720 seconds
244.815: [GC [PSYoungGen: 531472K->71601K(566272K)] 1618632K->1190288K(1825280K), 0.0533980 secs] [Times: user=0.42 sys=0.00, real=0.06 secs] 
244.868: Total time for which application threads were stopped: 0.0535700 seconds, Stopping threads took: 0.0000710 seconds
245.066: Application time: 0.1974300 seconds
245.066: [GC [PSYoungGen: 541105K->64592K(564736K)] 1659792K->1225456K(1823744K), 0.0536110 secs] [Times: user=0.42 sys=0.00, real=0.06 secs] 
245.119: Total time for which application threads were stopped: 0.0538070 seconds, Stopping threads took: 0.0001060 seconds
245.319: Application time: 0.1993750 seconds
245.319: [GC [PSYoungGen: 534096K->73435K(568832K)] 1694960K->1265000K(1827840K), 0.0529450 secs] [Times: user=0.42 sys=0.00, real=0.05 secs] 
245.372: Total time for which application threads were stopped: 0.0531180 seconds, Stopping threads took: 0.0000710 seconds
245.576: Application time: 0.2044210 seconds
245.576: [GC [PSYoungGen: 549083K->63408K(568320K)] 1740648K->1295243K(1827328K), 0.0516280 secs] [Times: user=0.41 sys=0.00, real=0.06 secs] 
245.628: [Full GC [PSYoungGen: 63408K->0K(568320K)] [ParOldGen: 1231835K->134873K(1295872K)] 1295243K->134873K(1864192K) [PSPermGen: 9167K->9167K(21504K)], 0.1705130 secs] [Times: user=1.25 sys=0.00, real=0.17 secs] 
245.799: Total time for which application threads were stopped: 0.2223710 seconds, Stopping threads took: 0.0000840 seconds
246.000: Application time: 0.2015470 seconds
246.000: [GC [PSYoungGen: 475648K->81241K(569856K)] 610521K->216115K(1865728K), 0.0468800 secs] [Times: user=0.37 sys=0.00, real=0.05 secs] 
246.047: Total time for which application threads were stopped: 0.0470930 seconds, Stopping threads took: 0.0001110 seconds
246.254: Application time: 0.2069250 seconds
246.254: [GC [PSYoungGen: 559961K->61584K(572416K)] 694835K->240577K(1868288K), 0.0536300 secs] [Times: user=0.42 sys=0.00, real=0.06 secs] 
246.308: Total time for which application threads were stopped: 0.0538390 seconds, Stopping threads took: 0.0001210 seconds
246.505: Application time: 0.1972760 seconds
246.506: [GC [PSYoungGen: 540304K->72944K(570368K)] 719297K->283062K(1866240K), 0.0491120 secs] [Times: user=0.38 sys=0.00, real=0.05 secs] 
246.555: Total time for which application threads were stopped: 0.0493070 seconds, Stopping threads took: 0.0000930 seconds
246.763: Application time: 0.2086240 seconds
246.763: [GC [PSYoungGen: 553511K->59770K(572416K)] 763629K->297291K(1868288K), 0.0415050 secs] [Times: user=0.32 sys=0.00, real=0.04 secs] 
246.805: Total time for which application threads were stopped: 0.0416640 seconds, Stopping threads took: 0.0000740 seconds
247.004: Application time: 0.1990740 seconds
247.004: [GC [PSYoungGen: 540538K->72855K(573952K)] 778059K->340375K(1869824K), 0.0487340 secs] [Times: user=0.39 sys=0.00, real=0.05 secs] 
247.053: Total time for which application threads were stopped: 0.0489090 seconds, Stopping threads took: 0.0000880 seconds
247.267: Application time: 0.2137850 seconds
247.267: [GC [PSYoungGen: 557207K->64606K(574976K)] 824727K->362932K(1870848K), 0.0466440 secs] [Times: user=0.37 sys=0.00, real=0.04 secs] 
247.314: Total time for which application threads were stopped: 0.0468180 seconds, Stopping threads took: 0.0000740 seconds
247.518: Application time: 0.2046910 seconds
247.518: [GC [PSYoungGen: 548958K->71328K(574976K)] 847284K->399473K(1870848K), 0.0494830 secs] [Times: user=0.39 sys=0.00, real=0.05 secs] 
247.568: Total time for which application threads were stopped: 0.0496620 seconds, Stopping threads took: 0.0000890 seconds
247.773: Application time: 0.2051790 seconds
247.773: [GC [PSYoungGen: 558752K->70127K(575488K)] 886897K->421637K(1871360K), 0.0443280 secs] [Times: user=0.35 sys=0.00, real=0.04 secs] 
247.818: Total time for which application threads were stopped: 0.0445250 seconds, Stopping threads took: 0.0000890 seconds
248.029: Application time: 0.2114780 seconds
248.030: [GC [PSYoungGen: 557551K->64426K(577536K)] 909061K->449206K(1873408K), 0.0475420 secs] [Times: user=0.36 sys=0.00, real=0.04 secs] 
248.078: Total time for which application threads were stopped: 0.0488370 seconds, Stopping threads took: 0.0012110 seconds
248.274: Application time: 0.1961460 seconds
248.274: [GC [PSYoungGen: 556458K->84159K(576512K)] 941238K->502865K(1872384K), 0.0553360 secs] [Times: user=0.44 sys=0.00, real=0.06 secs] 
248.330: Total time for which application threads were stopped: 0.0555270 seconds, Stopping threads took: 0.0000910 seconds
248.550: Application time: 0.2201250 seconds
248.554: [GC [PSYoungGen: 576191K->62556K(578048K)] 994897K->521488K(1873920K), 0.0501800 secs] [Times: user=0.39 sys=0.00, real=0.05 secs] 
248.605: Total time for which application threads were stopped: 0.0548340 seconds, Stopping threads took: 0.0045650 seconds
248.800: Application time: 0.1949110 seconds
248.800: [GC [PSYoungGen: 550492K->89057K(577024K)] 1009424K->586315K(1872896K), 0.0606840 secs] [Times: user=0.48 sys=0.00, real=0.06 secs] 
248.860: Total time for which application threads were stopped: 0.0608700 seconds, Stopping threads took: 0.0000860 seconds
249.080: Application time: 0.2191860 seconds
249.080: [GC [PSYoungGen: 576993K->61383K(542208K)] 1074251K->605261K(1838080K), 0.0542740 secs] [Times: user=0.42 sys=0.00, real=0.05 secs] 
249.134: Total time for which application threads were stopped: 0.0544540 seconds, Stopping threads took: 0.0000910 seconds
249.317: Application time: 0.1832870 seconds
249.318: [GC [PSYoungGen: 513479K->88080K(540672K)] 1057357K->673182K(1836544K), 0.0631330 secs] [Times: user=0.50 sys=0.00, real=0.07 secs] 
249.381: Total time for which application threads were stopped: 0.0633380 seconds, Stopping threads took: 0.0001040 seconds
249.583: Application time: 0.2021810 seconds
249.583: [GC [PSYoungGen: 540176K->57522K(558080K)] 1125278K->693608K(1853952K), 0.0545720 secs] [Times: user=0.44 sys=0.00, real=0.05 secs] 
249.638: Total time for which application threads were stopped: 0.0547760 seconds, Stopping threads took: 0.0001200 seconds
249.817: Application time: 0.1796480 seconds
249.817: [GC [PSYoungGen: 506034K->82970K(557568K)] 1142120K->758117K(1853440K), 0.0604570 secs] [Times: user=0.48 sys=0.00, real=0.06 secs] 
249.878: Total time for which application threads were stopped: 0.0606680 seconds, Stopping threads took: 0.0001160 seconds
250.081: Application time: 0.2034940 seconds
250.082: [GC [PSYoungGen: 531482K->59851K(556544K)] 1206629K->782156K(1852416K), 0.0543490 secs] [Times: user=0.43 sys=0.00, real=0.05 secs] 
250.137: Total time for which application threads were stopped: 0.0553500 seconds, Stopping threads took: 0.0009020 seconds
250.319: Application time: 0.1820400 seconds
250.319: [GC [PSYoungGen: 508875K->77704K(557056K)] 1231180K->837945K(1852928K), 0.0582270 secs] [Times: user=0.45 sys=0.00, real=0.05 secs] 
250.377: Total time for which application threads were stopped: 0.0583960 seconds, Stopping threads took: 0.0000810 seconds
250.572: Application time: 0.1948480 seconds
250.574: [GC [PSYoungGen: 526728K->59570K(558080K)] 1286969K->863657K(1853952K), 0.0518490 secs] [Times: user=0.41 sys=0.00, real=0.06 secs] 
250.626: Total time for which application threads were stopped: 0.0542660 seconds, Stopping threads took: 0.0023210 seconds
250.814: Application time: 0.1873800 seconds
250.814: [GC [PSYoungGen: 512178K->77884K(558080K)] 1316265K->917574K(1853952K), 0.0568960 secs] [Times: user=0.44 sys=0.00, real=0.06 secs] 
250.871: Total time for which application threads were stopped: 0.0570850 seconds, Stopping threads took: 0.0000890 seconds
251.072: Application time: 0.2007580 seconds
251.072: [GC [PSYoungGen: 530492K->59424K(560640K)] 1370182K->941843K(1856512K), 0.0528070 secs] [Times: user=0.42 sys=0.00, real=0.05 secs] 
251.125: Total time for which application threads were stopped: 0.0529730 seconds, Stopping threads took: 0.0000810 seconds
251.316: Application time: 0.1918980 seconds
251.317: [GC [PSYoungGen: 516640K->72218K(560640K)] 1399059K->987928K(1856512K), 0.0521090 secs] [Times: user=0.41 sys=0.00, real=0.06 secs] 
251.369: Total time for which application threads were stopped: 0.0522930 seconds, Stopping threads took: 0.0000880 seconds
251.568: Application time: 0.1996150 seconds
251.569: [GC [PSYoungGen: 529434K->65936K(561664K)] 1445144K->1022635K(1857536K), 0.0539520 secs] [Times: user=0.42 sys=0.00, real=0.05 secs] 
251.623: Total time for which application threads were stopped: 0.0541560 seconds, Stopping threads took: 0.0001200 seconds
251.815: Application time: 0.1925640 seconds
251.818: [GC [PSYoungGen: 528272K->73045K(561152K)] 1484971K->1064764K(1857024K), 0.0529800 secs] [Times: user=0.42 sys=0.00, real=0.05 secs] 
251.871: Total time for which application threads were stopped: 0.0563390 seconds, Stopping threads took: 0.0032600 seconds
252.071: Application time: 0.1997280 seconds
252.071: [GC [PSYoungGen: 535381K->66608K(566272K)] 1527100K->1100426K(1862144K), 0.0547050 secs] [Times: user=0.43 sys=0.00, real=0.05 secs] 
252.126: Total time for which application threads were stopped: 0.0548890 seconds, Stopping threads took: 0.0000990 seconds
252.322: Application time: 0.1958670 seconds
252.322: [GC [PSYoungGen: 537648K->70763K(565760K)] 1571466K->1139414K(1861632K), 0.0526230 secs] [Times: user=0.42 sys=0.00, real=0.05 secs] 
252.375: Total time for which application threads were stopped: 0.0528020 seconds, Stopping threads took: 0.0000790 seconds
252.576: Application time: 0.2015880 seconds
252.577: [GC [PSYoungGen: 541803K->67424K(570880K)] 1610454K->1176267K(1866752K), 0.0539060 secs] [Times: user=0.42 sys=0.00, real=0.06 secs] 
252.630: Total time for which application threads were stopped: 0.0540860 seconds, Stopping threads took: 0.0000920 seconds
252.827: Application time: 0.1963580 seconds
252.830: [GC [PSYoungGen: 546144K->73198K(569856K)] 1654987K->1210572K(1865728K), 0.0503620 secs] [Times: user=0.40 sys=0.00, real=0.05 secs] 
252.881: Total time for which application threads were stopped: 0.0540550 seconds, Stopping threads took: 0.0035960 seconds
253.093: Application time: 0.2116970 seconds
253.093: [GC [PSYoungGen: 551918K->63536K(574976K)] 1689292K->1238612K(1870848K), 0.0520030 secs] [Times: user=0.42 sys=0.00, real=0.05 secs] 
253.145: Total time for which application threads were stopped: 0.0521890 seconds, Stopping threads took: 0.0000970 seconds
253.346: Application time: 0.2016740 seconds
253.347: [GC [PSYoungGen: 548400K->78864K(573952K)] 1723476K->1283059K(1869824K), 0.0557570 secs] [Times: user=0.43 sys=0.00, real=0.05 secs] 
253.402: Total time for which application threads were stopped: 0.0559610 seconds, Stopping threads took: 0.0000920 seconds
253.621: Application time: 0.2188850 seconds
253.621: [GC [PSYoungGen: 563728K->55088K(575488K)] 1767923K->1297246K(1871360K), 0.0473190 secs] [Times: user=0.37 sys=0.00, real=0.05 secs] 
253.669: Total time for which application threads were stopped: 0.0475020 seconds, Stopping threads took: 0.0000960 seconds
253.862: Application time: 0.1929150 seconds
253.862: [GC [PSYoungGen: 539952K->83671K(568832K)] 1782110K->1347492K(1864704K), 0.0520270 secs] [Times: user=0.40 sys=0.01, real=0.05 secs] 
253.915: [Full GC [PSYoungGen: 83671K->0K(568832K)] [ParOldGen: 1263821K->126149K(1298432K)] 1347492K->126149K(1867264K) [PSPermGen: 9167K->9167K(21504K)], 0.1455510 secs] [Times: user=1.04 sys=0.01, real=0.15 secs] 
254.060: Total time for which application threads were stopped: 0.1984360 seconds, Stopping threads took: 0.0006990 seconds
254.286: Application time: 0.2255000 seconds
254.286: [GC [PSYoungGen: 484864K->68075K(574464K)] 611013K->194224K(1872896K), 0.0440410 secs] [Times: user=0.35 sys=0.00, real=0.05 secs] 
254.330: Total time for which application threads were stopped: 0.0442170 seconds, Stopping threads took: 0.0000900 seconds
254.519: Application time: 0.1888670 seconds
254.520: [GC [PSYoungGen: 547819K->90542K(570368K)] 673968K->264002K(1868800K), 0.0687950 secs] [Times: user=0.54 sys=0.00, real=0.07 secs] 
254.589: Total time for which application threads were stopped: 0.0705840 seconds, Stopping threads took: 0.0016880 seconds
254.814: Application time: 0.2242520 seconds
254.814: [GC [PSYoungGen: 570286K->50377K(565248K)] 743746K->265858K(1863680K), 0.0456860 secs] [Times: user=0.36 sys=0.00, real=0.05 secs] 
254.859: Total time for which application threads were stopped: 0.0458810 seconds, Stopping threads took: 0.0001060 seconds
255.043: Application time: 0.1831430 seconds
255.043: [GC [PSYoungGen: 518857K->87924K(556544K)] 734338K->332317K(1854976K), 0.0557210 secs] [Times: user=0.44 sys=0.00, real=0.06 secs] 
255.099: Total time for which application threads were stopped: 0.0558960 seconds, Stopping threads took: 0.0000760 seconds
255.318: Application time: 0.2197370 seconds
255.322: [GC [PSYoungGen: 556190K->51980K(564224K)] 800583K->341489K(1862656K), 0.0492470 secs] [Times: user=0.39 sys=0.00, real=0.05 secs] 
255.371: Total time for which application threads were stopped: 0.0529590 seconds, Stopping threads took: 0.0036210 seconds
255.555: Application time: 0.1840930 seconds
255.555: [GC [PSYoungGen: 513292K->87624K(549376K)] 802801K->408745K(1847808K), 0.0587990 secs] [Times: user=0.46 sys=0.00, real=0.06 secs] 
255.614: Total time for which application threads were stopped: 0.0590240 seconds, Stopping threads took: 0.0001190 seconds
255.831: Application time: 0.2170040 seconds
255.831: [GC [PSYoungGen: 548936K->48626K(559616K)] 870057K->414911K(1858048K), 0.0469800 secs] [Times: user=0.37 sys=0.00, real=0.05 secs] 
255.878: Total time for which application threads were stopped: 0.0471540 seconds, Stopping threads took: 0.0000840 seconds
256.054: Application time: 0.1759020 seconds
256.058: [GC [PSYoungGen: 501746K->88286K(541696K)] 868031K->483063K(1840128K), 0.0562160 secs] [Times: user=0.44 sys=0.00, real=0.05 secs] 
256.115: Total time for which application threads were stopped: 0.0603220 seconds, Stopping threads took: 0.0040080 seconds
256.327: Application time: 0.2120740 seconds
256.327: [GC [PSYoungGen: 541406K->45616K(556032K)] 936183K->485244K(1854464K), 0.0448020 secs] [Times: user=0.36 sys=0.00, real=0.04 secs] 
256.372: Total time for which application threads were stopped: 0.0450050 seconds, Stopping threads took: 0.0001160 seconds
256.545: Application time: 0.1732380 seconds
256.545: [GC [PSYoungGen: 491568K->88096K(534528K)] 931196K->555098K(1832960K), 0.0556610 secs] [Times: user=0.44 sys=0.00, real=0.06 secs] 
256.601: Total time for which application threads were stopped: 0.0558530 seconds, Stopping threads took: 0.0001030 seconds
256.803: Application time: 0.2025730 seconds
256.804: [GC [PSYoungGen: 534048K->48000K(553984K)] 1001050K->563167K(1852416K), 0.0477160 secs] [Times: user=0.37 sys=0.00, real=0.05 secs] 
256.851: Total time for which application threads were stopped: 0.0478900 seconds, Stopping threads took: 0.0000730 seconds
257.027: Application time: 0.1754960 seconds
257.030: [GC [PSYoungGen: 488320K->82605K(523264K)] 1003487K->626325K(1821696K), 0.0551320 secs] [Times: user=0.43 sys=0.00, real=0.05 secs] 
257.086: Total time for which application threads were stopped: 0.0587470 seconds, Stopping threads took: 0.0035280 seconds
257.283: Application time: 0.1969580 seconds
257.283: [GC [PSYoungGen: 522925K->57984K(555520K)] 1066645K->651738K(1853952K), 0.0546130 secs] [Times: user=0.43 sys=0.00, real=0.05 secs] 
257.337: Total time for which application threads were stopped: 0.0548120 seconds, Stopping threads took: 0.0001070 seconds
257.523: Application time: 0.1859770 seconds
257.524: [GC [PSYoungGen: 499328K->74496K(516096K)] 1093082K->699292K(1814528K), 0.0538200 secs] [Times: user=0.42 sys=0.00, real=0.05 secs] 
257.577: Total time for which application threads were stopped: 0.0540090 seconds, Stopping threads took: 0.0000920 seconds
257.764: Application time: 0.1863390 seconds
257.764: [GC [PSYoungGen: 515840K->68848K(555008K)] 1140636K->742168K(1853440K), 0.0603130 secs] [Times: user=0.48 sys=0.00, real=0.06 secs] 
257.824: Total time for which application threads were stopped: 0.0605000 seconds, Stopping threads took: 0.0000880 seconds
258.009: Application time: 0.1845470 seconds
258.009: [GC [PSYoungGen: 514288K->75024K(550912K)] 1187608K->786304K(1849344K), 0.0557470 secs] [Times: user=0.44 sys=0.00, real=0.05 secs] 
258.065: Total time for which application threads were stopped: 0.0559110 seconds, Stopping threads took: 0.0000760 seconds
258.250: Application time: 0.1849770 seconds
258.250: [GC [PSYoungGen: 520464K->71696K(558592K)] 1231744K->832506K(1857024K), 0.0607750 secs] [Times: user=0.48 sys=0.00, real=0.06 secs] 
258.311: Total time for which application threads were stopped: 0.0609640 seconds, Stopping threads took: 0.0000900 seconds
258.503: Application time: 0.1926340 seconds
258.506: [GC [PSYoungGen: 526352K->76482K(556032K)] 1287162K->879817K(1854464K), 0.0594850 secs] [Times: user=0.47 sys=0.00, real=0.05 secs] 
258.566: Total time for which application threads were stopped: 0.0626890 seconds, Stopping threads took: 0.0031190 seconds
258.756: Application time: 0.1904590 seconds
258.757: [GC [PSYoungGen: 531138K->76002K(563712K)] 1334473K->929730K(1862144K), 0.0657960 secs] [Times: user=0.52 sys=0.00, real=0.07 secs] 
258.823: Total time for which application threads were stopped: 0.0666670 seconds, Stopping threads took: 0.0007610 seconds
259.022: Application time: 0.1987030 seconds
259.022: [GC [PSYoungGen: 538850K->73264K(562688K)] 1392578K->974314K(1861120K), 0.0619200 secs] [Times: user=0.49 sys=0.00, real=0.06 secs] 
259.084: Total time for which application threads were stopped: 0.0620910 seconds, Stopping threads took: 0.0000870 seconds
259.279: Application time: 0.1953580 seconds
259.279: [GC [PSYoungGen: 536112K->75739K(565248K)] 1437162K->1025549K(1863680K), 0.0656310 secs] [Times: user=0.52 sys=0.00, real=0.06 secs] 
259.345: Total time for which application threads were stopped: 0.0658290 seconds, Stopping threads took: 0.0000950 seconds
259.544: Application time: 0.1990530 seconds
259.544: [GC [PSYoungGen: 543195K->74982K(564224K)] 1493005K->1069883K(1862656K), 0.0605070 secs] [Times: user=0.48 sys=0.00, real=0.06 secs] 
259.605: Total time for which application threads were stopped: 0.0606950 seconds, Stopping threads took: 0.0001020 seconds
259.803: Application time: 0.1978540 seconds
259.803: [GC [PSYoungGen: 542438K->73232K(568832K)] 1537339K->1114570K(1867264K), 0.0601620 secs] [Times: user=0.48 sys=0.00, real=0.06 secs] 
259.863: Total time for which application threads were stopped: 0.0603330 seconds, Stopping threads took: 0.0000730 seconds
260.062: Application time: 0.1992150 seconds
260.062: [GC [PSYoungGen: 547344K->78624K(567808K)] 1588682K->1162054K(1866240K), 0.0608400 secs] [Times: user=0.48 sys=0.00, real=0.06 secs] 
260.123: Total time for which application threads were stopped: 0.0610260 seconds, Stopping threads took: 0.0000930 seconds
260.326: Application time: 0.2027350 seconds
260.330: [GC [PSYoungGen: 552568K->66727K(572416K)] 1635997K->1197556K(1870848K), 0.0598380 secs] [Times: user=0.48 sys=0.00, real=0.06 secs] 
260.390: Total time for which application threads were stopped: 0.0643260 seconds, Stopping threads took: 0.0043880 seconds
260.590: Application time: 0.1996600 seconds
260.590: [GC [PSYoungGen: 546471K->77196K(572416K)] 1677300K->1243447K(1870848K), 0.0571280 secs] [Times: user=0.46 sys=0.00, real=0.06 secs] 
260.647: Total time for which application threads were stopped: 0.0573010 seconds, Stopping threads took: 0.0000860 seconds
260.848: Application time: 0.2002770 seconds
260.848: [GC [PSYoungGen: 556621K->66091K(572416K)] 1722872K->1278121K(1870848K), 0.0561310 secs] [Times: user=0.44 sys=0.00, real=0.05 secs] 
260.904: Total time for which application threads were stopped: 0.0563140 seconds, Stopping threads took: 0.0000860 seconds
261.111: Application time: 0.2074210 seconds
261.111: [GC [PSYoungGen: 547883K->75035K(573440K)] 1759913K->1320823K(1871872K), 0.0561840 secs] [Times: user=0.44 sys=0.00, real=0.06 secs] 
261.168: [Full GC [PSYoungGen: 75035K->0K(573440K)] [ParOldGen: 1245787K->132965K(1333248K)] 1320823K->132965K(1906688K) [PSPermGen: 9167K->9167K(21504K)], 0.1596830 secs] [Times: user=1.16 sys=0.00, real=0.16 secs] 
261.327: Total time for which application threads were stopped: 0.2161120 seconds, Stopping threads took: 0.0000900 seconds
261.532: Application time: 0.2049920 seconds
261.533: [GC [PSYoungGen: 481792K->77739K(574976K)] 614757K->210705K(1908224K), 0.0435830 secs] [Times: user=0.34 sys=0.00, real=0.04 secs] 
261.576: Total time for which application threads were stopped: 0.0437870 seconds, Stopping threads took: 0.0001080 seconds
261.784: Application time: 0.2075460 seconds
261.784: [GC [PSYoungGen: 562091K->71575K(556032K)] 695057K->246674K(1889280K), 0.0574180 secs] [Times: user=0.45 sys=0.00, real=0.06 secs] 
261.841: Total time for which application threads were stopped: 0.0575780 seconds, Stopping threads took: 0.0000740 seconds
262.051: Application time: 0.2093710 seconds
262.054: [GC [PSYoungGen: 555927K->67296K(576000K)] 731026K->283569K(1909248K), 0.0546510 secs] [Times: user=0.43 sys=0.00, real=0.06 secs] 
262.109: Total time for which application threads were stopped: 0.0584340 seconds, Stopping threads took: 0.0036750 seconds
262.309: Application time: 0.2002350 seconds
262.310: [GC [PSYoungGen: 553696K->74361K(574976K)] 769969K->313816K(1908224K), 0.0466540 secs] [Times: user=0.37 sys=0.00, real=0.04 secs] 
262.357: Total time for which application threads were stopped: 0.0477590 seconds, Stopping threads took: 0.0010200 seconds
262.573: Application time: 0.2158030 seconds
262.573: [GC [PSYoungGen: 560761K->63408K(577024K)] 800216K->337615K(1910272K), 0.0481840 secs] [Times: user=0.38 sys=0.00, real=0.05 secs] 
262.621: Total time for which application threads were stopped: 0.0483650 seconds, Stopping threads took: 0.0000780 seconds
262.816: Application time: 0.1942110 seconds
262.816: [GC [PSYoungGen: 552368K->82666K(571904K)] 826575K->389221K(1905152K), 0.0547510 secs] [Times: user=0.40 sys=0.01, real=0.06 secs] 
262.871: Total time for which application threads were stopped: 0.0550470 seconds, Stopping threads took: 0.0001900 seconds
263.095: Application time: 0.2243410 seconds
263.095: [GC [PSYoungGen: 571626K->55170K(574464K)] 878181K->388141K(1907712K), 0.0411980 secs] [Times: user=0.33 sys=0.00, real=0.04 secs] 
263.136: Total time for which application threads were stopped: 0.0413830 seconds, Stopping threads took: 0.0000790 seconds
263.327: Application time: 0.1911050 seconds
263.328: [GC [PSYoungGen: 539010K->90060K(573952K)] 871981K->454488K(1907200K), 0.0574000 secs] [Times: user=0.45 sys=0.00, real=0.05 secs] 
263.385: Total time for which application threads were stopped: 0.0575780 seconds, Stopping threads took: 0.0000870 seconds
263.607: Application time: 0.2218760 seconds
263.607: [GC [PSYoungGen: 573900K->58315K(566784K)] 938328K->464758K(1900032K), 0.0499680 secs] [Times: user=0.39 sys=0.00, real=0.04 secs] 
263.657: Total time for which application threads were stopped: 0.0501400 seconds, Stopping threads took: 0.0000710 seconds
263.845: Application time: 0.1880390 seconds
263.845: [GC [PSYoungGen: 531915K->91969K(565760K)] 938358K->538367K(1899008K), 0.0627170 secs] [Times: user=0.50 sys=0.00, real=0.07 secs] 
263.908: Total time for which application threads were stopped: 0.0629040 seconds, Stopping threads took: 0.0001020 seconds
264.128: Application time: 0.2203290 seconds
264.128: [GC [PSYoungGen: 565569K->52096K(562688K)] 1011967K->545489K(1895936K), 0.0503560 secs] [Times: user=0.39 sys=0.01, real=0.05 secs] 
264.179: Total time for which application threads were stopped: 0.0505610 seconds, Stopping threads took: 0.0001010 seconds
264.354: Application time: 0.1756300 seconds
264.355: [GC [PSYoungGen: 513408K->95841K(557568K)] 1006801K->629098K(1890816K), 0.0660280 secs] [Times: user=0.51 sys=0.00, real=0.07 secs] 
264.421: Total time for which application threads were stopped: 0.0661850 seconds, Stopping threads took: 0.0000720 seconds
264.637: Application time: 0.2164340 seconds
264.637: [GC [PSYoungGen: 557153K->52304K(557568K)] 1090410K->636308K(1890816K), 0.0526540 secs] [Times: user=0.42 sys=0.00, real=0.06 secs] 
264.690: Total time for which application threads were stopped: 0.0528560 seconds, Stopping threads took: 0.0001000 seconds
264.871: Application time: 0.1805560 seconds
264.871: [GC [PSYoungGen: 501328K->91782K(541184K)] 1085332K->715620K(1874432K), 0.0654120 secs] [Times: user=0.51 sys=0.00, real=0.06 secs] 
264.936: Total time for which application threads were stopped: 0.0656070 seconds, Stopping threads took: 0.0001080 seconds
265.144: Application time: 0.2076090 seconds
265.144: [GC [PSYoungGen: 540806K->55920K(555520K)] 1164644K->732182K(1888768K), 0.0551230 secs] [Times: user=0.44 sys=0.00, real=0.06 secs] 
265.199: Total time for which application threads were stopped: 0.0553280 seconds, Stopping threads took: 0.0001040 seconds
265.377: Application time: 0.1775200 seconds
265.377: [GC [PSYoungGen: 498800K->80130K(523264K)] 1175062K->795087K(1856512K), 0.0606000 secs] [Times: user=0.49 sys=0.00, real=0.06 secs] 
265.437: Total time for which application threads were stopped: 0.0607780 seconds, Stopping threads took: 0.0000920 seconds
265.632: Application time: 0.1948220 seconds
265.634: [GC [PSYoungGen: 523010K->64619K(556544K)] 1237967K->827416K(1889792K), 0.0580930 secs] [Times: user=0.46 sys=0.00, real=0.06 secs] 
265.693: Total time for which application threads were stopped: 0.0603780 seconds, Stopping threads took: 0.0021950 seconds
265.879: Application time: 0.1859340 seconds
265.882: [GC [PSYoungGen: 510059K->77146K(553984K)] 1272856K->880974K(1887232K), 0.0592780 secs] [Times: user=0.47 sys=0.00, real=0.06 secs] 
265.942: Total time for which application threads were stopped: 0.0632490 seconds, Stopping threads took: 0.0038650 seconds
266.138: Application time: 0.1957990 seconds
266.138: [GC [PSYoungGen: 522586K->66027K(556032K)] 1326414K->916737K(1889280K), 0.0592910 secs] [Times: user=0.47 sys=0.00, real=0.06 secs] 
266.197: Total time for which application threads were stopped: 0.0595050 seconds, Stopping threads took: 0.0001280 seconds
266.385: Application time: 0.1883930 seconds
266.386: [GC [PSYoungGen: 516075K->75024K(554496K)] 1366785K->966881K(1887744K), 0.0589590 secs] [Times: user=0.47 sys=0.00, real=0.06 secs] 
266.445: Total time for which application threads were stopped: 0.0591310 seconds, Stopping threads took: 0.0000730 seconds
266.641: Application time: 0.1963450 seconds
266.641: [GC [PSYoungGen: 525072K->68512K(560128K)] 1416929K->1002153K(1893376K), 0.0574910 secs] [Times: user=0.44 sys=0.00, real=0.06 secs] 
266.699: Total time for which application threads were stopped: 0.0576640 seconds, Stopping threads took: 0.0000850 seconds
266.891: Application time: 0.1926060 seconds
266.891: [GC [PSYoungGen: 527776K->73503K(559104K)] 1461417K->1049067K(1892352K), 0.0589200 secs] [Times: user=0.47 sys=0.00, real=0.06 secs] 
266.950: Total time for which application threads were stopped: 0.0590980 seconds, Stopping threads took: 0.0000790 seconds
267.150: Application time: 0.1997340 seconds
267.154: [GC [PSYoungGen: 532767K->71312K(564736K)] 1508331K->1089990K(1897984K), 0.0589180 secs] [Times: user=0.46 sys=0.00, real=0.06 secs] 
267.213: Total time for which application threads were stopped: 0.0633610 seconds, Stopping threads took: 0.0043560 seconds
267.415: Application time: 0.2016170 seconds
267.418: [GC [PSYoungGen: 540304K->73536K(564224K)] 1558982K->1134600K(1897472K), 0.0576860 secs] [Times: user=0.46 sys=0.00, real=0.05 secs] 
267.476: Total time for which application threads were stopped: 0.0611420 seconds, Stopping threads took: 0.0033540 seconds
267.683: Application time: 0.2067690 seconds
267.683: [GC [PSYoungGen: 542528K->71392K(569856K)] 1603592K->1170593K(1903104K), 0.0565700 secs] [Times: user=0.45 sys=0.00, real=0.06 secs] 
267.740: Total time for which application threads were stopped: 0.0567440 seconds, Stopping threads took: 0.0000870 seconds
267.937: Application time: 0.1975580 seconds
267.937: [GC [PSYoungGen: 549600K->77461K(569856K)] 1648801K->1218104K(1903104K), 0.0589060 secs] [Times: user=0.47 sys=0.00, real=0.06 secs] 
267.996: Total time for which application threads were stopped: 0.0590880 seconds, Stopping threads took: 0.0000840 seconds
268.205: Application time: 0.2082410 seconds
268.205: [GC [PSYoungGen: 555669K->70522K(572416K)] 1696312K->1255331K(1905664K), 0.0590090 secs] [Times: user=0.47 sys=0.00, real=0.06 secs] 
268.264: Total time for which application threads were stopped: 0.0592190 seconds, Stopping threads took: 0.0001210 seconds
268.464: Application time: 0.2006090 seconds
268.465: [GC [PSYoungGen: 554362K->78752K(573952K)] 1739171K->1304217K(1907200K), 0.0601360 secs] [Times: user=0.48 sys=0.00, real=0.06 secs] 
268.525: Total time for which application threads were stopped: 0.0603220 seconds, Stopping threads took: 0.0000880 seconds
268.737: Application time: 0.2119300 seconds
268.737: [GC [PSYoungGen: 562592K->70071K(575488K)] 1788057K->1338702K(1908736K), 0.0599010 secs] [Times: user=0.46 sys=0.00, real=0.06 secs] 
268.797: Total time for which application threads were stopped: 0.0600830 seconds, Stopping threads took: 0.0000940 seconds
269.000: Application time: 0.2037030 seconds
269.001: [GC [PSYoungGen: 556471K->79440K(576000K)] 1825102K->1388708K(1909248K), 0.0604390 secs] [Times: user=0.48 sys=0.01, real=0.06 secs] 
269.061: [Full GC [PSYoungGen: 79440K->0K(576000K)] [ParOldGen: 1309268K->138575K(1333760K)] 1388708K->138575K(1909760K) [PSPermGen: 9167K->9167K(21504K)], 0.1651650 secs] [Times: user=1.20 sys=0.00, real=0.16 secs] 
269.226: Total time for which application threads were stopped: 0.2258450 seconds, Stopping threads took: 0.0000830 seconds
269.440: Application time: 0.2137180 seconds
269.440: [GC [PSYoungGen: 486400K->79006K(576512K)] 624975K->217581K(1910272K), 0.0466130 secs] [Times: user=0.36 sys=0.00, real=0.05 secs] 
269.487: Total time for which application threads were stopped: 0.0468130 seconds, Stopping threads took: 0.0001100 seconds
269.686: Application time: 0.1988670 seconds
269.686: [GC [PSYoungGen: 564894K->80474K(566784K)] 703469K->263167K(1900544K), 0.0639750 secs] [Times: user=0.51 sys=0.00, real=0.07 secs] 
269.750: Total time for which application threads were stopped: 0.0641560 seconds, Stopping threads took: 0.0000810 seconds
269.967: Application time: 0.2168230 seconds
269.967: [GC [PSYoungGen: 566362K->63344K(575488K)] 749055K->289191K(1909248K), 0.0517570 secs] [Times: user=0.40 sys=0.00, real=0.05 secs] 
270.019: Total time for which application threads were stopped: 0.0519130 seconds, Stopping threads took: 0.0000710 seconds
270.218: Application time: 0.1996560 seconds
270.218: [GC [PSYoungGen: 547184K->80408K(564736K)] 773031K->334928K(1898496K), 0.0549180 secs] [Times: user=0.43 sys=0.00, real=0.05 secs] 
270.273: Total time for which application threads were stopped: 0.0551380 seconds, Stopping threads took: 0.0001140 seconds
270.488: Application time: 0.2145130 seconds
270.488: [GC [PSYoungGen: 564248K->62349K(574464K)] 818768K->353762K(1908224K), 0.0490680 secs] [Times: user=0.39 sys=0.00, real=0.04 secs] 
270.537: Total time for which application threads were stopped: 0.0492350 seconds, Stopping threads took: 0.0000760 seconds
270.731: Application time: 0.1935020 seconds
270.731: [GC [PSYoungGen: 544141K->79723K(561664K)] 835554K->404549K(1895424K), 0.0548570 secs] [Times: user=0.43 sys=0.00, real=0.05 secs] 
270.786: Total time for which application threads were stopped: 0.0550360 seconds, Stopping threads took: 0.0000790 seconds
270.993: Application time: 0.2076970 seconds
270.994: [GC [PSYoungGen: 561515K->64745K(574464K)] 886341K->429037K(1908224K), 0.0503800 secs] [Times: user=0.40 sys=0.00, real=0.05 secs] 
271.044: Total time for which application threads were stopped: 0.0505420 seconds, Stopping threads took: 0.0000770 seconds
271.244: Application time: 0.2002440 seconds
271.246: [GC [PSYoungGen: 546025K->78652K(573952K)] 910317K->480756K(1907712K), 0.0585080 secs] [Times: user=0.46 sys=0.00, real=0.05 secs] 
271.305: Total time for which application threads were stopped: 0.0608150 seconds, Stopping threads took: 0.0021960 seconds
271.515: Application time: 0.2103810 seconds
271.516: [GC [PSYoungGen: 559932K->66019K(572928K)] 962036K->502748K(1906688K), 0.0498380 secs] [Times: user=0.39 sys=0.00, real=0.05 secs] 
271.565: Total time for which application threads were stopped: 0.0500180 seconds, Stopping threads took: 0.0000930 seconds
271.766: Application time: 0.2008240 seconds
271.766: [GC [PSYoungGen: 547299K->78343K(573440K)] 984028K->553151K(1907200K), 0.0572790 secs] [Times: user=0.45 sys=0.00, real=0.05 secs] 
271.824: Total time for which application threads were stopped: 0.0575030 seconds, Stopping threads took: 0.0001220 seconds
272.032: Application time: 0.2084480 seconds
272.034: [GC [PSYoungGen: 559623K->70096K(572416K)] 1034431K->586674K(1906176K), 0.0543220 secs] [Times: user=0.43 sys=0.00, real=0.06 secs] 
272.089: Total time for which application threads were stopped: 0.0565630 seconds, Stopping threads took: 0.0021550 seconds
272.293: Application time: 0.2042090 seconds
272.293: [GC [PSYoungGen: 552400K->76936K(573440K)] 1068978K->633540K(1907200K), 0.0586900 secs] [Times: user=0.47 sys=0.00, real=0.06 secs] 
272.352: Total time for which application threads were stopped: 0.0589030 seconds, Stopping threads took: 0.0001100 seconds
272.558: Application time: 0.2057820 seconds
272.558: [GC [PSYoungGen: 559240K->70431K(573440K)] 1115844K->671887K(1907200K), 0.0568210 secs] [Times: user=0.45 sys=0.00, real=0.06 secs] 
272.615: Total time for which application threads were stopped: 0.0569890 seconds, Stopping threads took: 0.0000800 seconds
272.827: Application time: 0.2119550 seconds
272.827: [GC [PSYoungGen: 555807K->73840K(574976K)] 1157263K->714219K(1908736K), 0.0575870 secs] [Times: user=0.46 sys=0.00, real=0.05 secs] 
272.884: Total time for which application threads were stopped: 0.0577720 seconds, Stopping threads took: 0.0000830 seconds
273.091: Application time: 0.2068420 seconds
273.091: [GC [PSYoungGen: 559216K->73216K(575488K)] 1199595K->757392K(1909248K), 0.0576070 secs] [Times: user=0.46 sys=0.00, real=0.06 secs] 
273.149: Total time for which application threads were stopped: 0.0577750 seconds, Stopping threads took: 0.0000820 seconds
273.357: Application time: 0.2078620 seconds
273.357: [GC [PSYoungGen: 562688K->70416K(576512K)] 1246864K->793682K(1910272K), 0.0548960 secs] [Times: user=0.43 sys=0.00, real=0.06 secs] 
273.412: Total time for which application threads were stopped: 0.0550840 seconds, Stopping threads took: 0.0000940 seconds
273.622: Application time: 0.2101190 seconds
273.626: [GC [PSYoungGen: 559888K->74912K(579072K)] 1283154K->833904K(1912832K), 0.0550050 secs] [Times: user=0.43 sys=0.00, real=0.05 secs] 
273.681: Total time for which application threads were stopped: 0.0593860 seconds, Stopping threads took: 0.0042940 seconds
273.890: Application time: 0.2084760 seconds
273.890: [GC [PSYoungGen: 568992K->67879K(579584K)] 1327984K->862109K(1913344K), 0.0509660 secs] [Times: user=0.40 sys=0.00, real=0.05 secs] 
273.941: Total time for which application threads were stopped: 0.0511650 seconds, Stopping threads took: 0.0000970 seconds
274.154: Application time: 0.2131260 seconds
274.154: [GC [PSYoungGen: 561959K->70102K(580608K)] 1356189K->888456K(1914368K), 0.0478180 secs] [Times: user=0.37 sys=0.00, real=0.05 secs] 
274.202: Total time for which application threads were stopped: 0.0479950 seconds, Stopping threads took: 0.0000910 seconds
274.409: Application time: 0.2064980 seconds
274.409: [GC [PSYoungGen: 566742K->74818K(581120K)] 1385096K->926380K(1914880K), 0.0526550 secs] [Times: user=0.42 sys=0.00, real=0.05 secs] 
274.462: Total time for which application threads were stopped: 0.0528630 seconds, Stopping threads took: 0.0001060 seconds
274.673: Application time: 0.2113910 seconds
274.673: [GC [PSYoungGen: 571458K->74614K(581632K)] 1423020K->957404K(1915392K), 0.0517170 secs] [Times: user=0.41 sys=0.00, real=0.05 secs] 
274.725: Total time for which application threads were stopped: 0.0518970 seconds, Stopping threads took: 0.0000920 seconds
274.943: Application time: 0.2181310 seconds
274.943: [GC [PSYoungGen: 573302K->75984K(582144K)] 1456092K->995938K(1915904K), 0.0567870 secs] [Times: user=0.45 sys=0.00, real=0.06 secs] 
275.000: Total time for which application threads were stopped: 0.0569550 seconds, Stopping threads took: 0.0000710 seconds
275.204: Application time: 0.2042500 seconds
275.204: [GC [PSYoungGen: 574672K->79035K(581120K)] 1494626K->1043140K(1914880K), 0.0609020 secs] [Times: user=0.49 sys=0.00, real=0.06 secs] 
275.265: Total time for which application threads were stopped: 0.0610920 seconds, Stopping threads took: 0.0001010 seconds
275.487: Application time: 0.2215810 seconds
275.487: [GC [PSYoungGen: 576187K->72103K(582144K)] 1540292K->1072636K(1915904K), 0.0583850 secs] [Times: user=0.46 sys=0.00, real=0.05 secs] 
275.546: Total time for which application threads were stopped: 0.0585730 seconds, Stopping threads took: 0.0000880 seconds
275.749: Application time: 0.2039140 seconds
275.750: [GC [PSYoungGen: 569255K->83936K(539136K)] 1569788K->1136451K(1872896K), 0.0680320 secs] [Times: user=0.54 sys=0.00, real=0.07 secs] 
275.819: Total time for which application threads were stopped: 0.0690710 seconds, Stopping threads took: 0.0009530 seconds
276.017: Application time: 0.1986140 seconds
276.017: [GC [PSYoungGen: 539104K->67195K(561152K)] 1591619K->1169429K(1894912K), 0.0598890 secs] [Times: user=0.48 sys=0.00, real=0.06 secs] 
276.077: Total time for which application threads were stopped: 0.0600730 seconds, Stopping threads took: 0.0000830 seconds
276.257: Application time: 0.1800260 seconds
276.257: [GC [PSYoungGen: 522363K->81712K(558592K)] 1624597K->1229042K(1892352K), 0.0640860 secs] [Times: user=0.51 sys=0.00, real=0.07 secs] 
276.321: Total time for which application threads were stopped: 0.0642500 seconds, Stopping threads took: 0.0000820 seconds
276.521: Application time: 0.1995970 seconds
276.521: [GC [PSYoungGen: 537392K->66576K(560128K)] 1684722K->1256449K(1893888K), 0.0559600 secs] [Times: user=0.44 sys=0.00, real=0.05 secs] 
276.577: Total time for which application threads were stopped: 0.0561370 seconds, Stopping threads took: 0.0000800 seconds
276.758: Application time: 0.1804170 seconds
276.758: [GC [PSYoungGen: 522256K->82032K(560128K)] 1712129K->1318329K(1893888K), 0.0644280 secs] [Times: user=0.51 sys=0.00, real=0.07 secs] 
276.822: Total time for which application threads were stopped: 0.0647390 seconds, Stopping threads took: 0.0002170 seconds
277.023: Application time: 0.2008410 seconds
277.023: [GC [PSYoungGen: 540784K->67664K(561664K)] 1777081K->1347871K(1895424K), 0.0570070 secs] [Times: user=0.46 sys=0.00, real=0.06 secs] 
277.080: [Full GC [PSYoungGen: 67664K->0K(561664K)] [ParOldGen: 1280207K->136399K(1333760K)] 1347871K->136399K(1895424K) [PSPermGen: 9167K->9167K(21504K)], 0.1653480 secs] [Times: user=1.20 sys=0.00, real=0.16 secs] 
277.246: Total time for which application threads were stopped: 0.2226360 seconds, Stopping threads took: 0.0001180 seconds
277.433: Application time: 0.1872720 seconds
277.433: [GC [PSYoungGen: 458752K->84215K(564224K)] 595151K->220615K(1897984K), 0.0462150 secs] [Times: user=0.37 sys=0.00, real=0.05 secs] 
277.480: Total time for which application threads were stopped: 0.0463880 seconds, Stopping threads took: 0.0000890 seconds
277.680: Application time: 0.2006830 seconds
277.680: [GC [PSYoungGen: 546551K->68944K(531456K)] 682951K->255888K(1865216K), 0.0606210 secs] [Times: user=0.48 sys=0.00, real=0.06 secs] 
277.741: Total time for which application threads were stopped: 0.0608170 seconds, Stopping threads took: 0.0000970 seconds
277.927: Application time: 0.1857820 seconds
277.927: [GC [PSYoungGen: 531280K->80094K(565248K)] 718224K->314614K(1899008K), 0.0617280 secs] [Times: user=0.49 sys=0.00, real=0.06 secs] 
277.989: Total time for which application threads were stopped: 0.0618890 seconds, Stopping threads took: 0.0000730 seconds
278.193: Application time: 0.2039340 seconds
278.194: [GC [PSYoungGen: 543966K->68688K(564224K)] 778486K->349986K(1897984K), 0.0580350 secs] [Times: user=0.46 sys=0.00, real=0.06 secs] 
278.253: Total time for which application threads were stopped: 0.0599220 seconds, Stopping threads took: 0.0017740 seconds
278.443: Application time: 0.1903930 seconds
278.443: [GC [PSYoungGen: 532560K->78578K(565248K)] 813858K->407679K(1899008K), 0.0617840 secs] [Times: user=0.49 sys=0.00, real=0.06 secs] 
278.505: Total time for which application threads were stopped: 0.0619650 seconds, Stopping threads took: 0.0000960 seconds
278.708: Application time: 0.2030690 seconds
278.708: [GC [PSYoungGen: 545522K->69776K(564736K)] 874623K->444860K(1898496K), 0.0578850 secs] [Times: user=0.46 sys=0.00, real=0.05 secs] 
278.766: Total time for which application threads were stopped: 0.0580770 seconds, Stopping threads took: 0.0000950 seconds
278.958: Application time: 0.1920230 seconds
278.962: [GC [PSYoungGen: 536720K->78187K(568320K)] 911804K->500622K(1902080K), 0.0609840 secs] [Times: user=0.48 sys=0.00, real=0.06 secs] 
279.023: Total time for which application threads were stopped: 0.0653820 seconds, Stopping threads took: 0.0043130 seconds
279.231: Application time: 0.2076980 seconds
279.231: [GC [PSYoungGen: 550251K->72224K(567808K)] 972686K->539938K(1901568K), 0.0597300 secs] [Times: user=0.47 sys=0.00, real=0.06 secs] 
279.291: Total time for which application threads were stopped: 0.0599010 seconds, Stopping threads took: 0.0000700 seconds
279.485: Application time: 0.1935920 seconds
279.485: [GC [PSYoungGen: 544288K->78027K(570368K)] 1012002K->593285K(1904128K), 0.0612250 secs] [Times: user=0.48 sys=0.00, real=0.06 secs] 
279.546: Total time for which application threads were stopped: 0.0613970 seconds, Stopping threads took: 0.0000830 seconds
279.753: Application time: 0.2069780 seconds
279.753: [GC [PSYoungGen: 554187K->72176K(569344K)] 1069445K->631555K(1903104K), 0.0599530 secs] [Times: user=0.47 sys=0.00, real=0.06 secs] 
279.813: Total time for which application threads were stopped: 0.0601290 seconds, Stopping threads took: 0.0000760 seconds
280.012: Application time: 0.1989400 seconds
280.012: [GC [PSYoungGen: 548336K->83083K(570368K)] 1107715K->689268K(1904128K), 0.0647910 secs] [Times: user=0.51 sys=0.00, real=0.06 secs] 
280.077: Total time for which application threads were stopped: 0.0649710 seconds, Stopping threads took: 0.0000930 seconds
280.286: Application time: 0.2088420 seconds
280.286: [GC [PSYoungGen: 561291K->65968K(571904K)] 1167476K->712374K(1905664K), 0.0534480 secs] [Times: user=0.42 sys=0.00, real=0.06 secs] 
280.340: Total time for which application threads were stopped: 0.0536290 seconds, Stopping threads took: 0.0000870 seconds
280.537: Application time: 0.1979150 seconds
280.538: [GC [PSYoungGen: 544176K->84346K(570368K)] 1190582K->771291K(1904128K), 0.0625840 secs] [Times: user=0.49 sys=0.00, real=0.07 secs] 
280.600: Total time for which application threads were stopped: 0.0627730 seconds, Stopping threads took: 0.0000980 seconds
280.808: Application time: 0.2077950 seconds
280.808: [GC [PSYoungGen: 561018K->66185K(571904K)] 1247963K->797915K(1905664K), 0.0561640 secs] [Times: user=0.44 sys=0.00, real=0.05 secs] 
280.864: Total time for which application threads were stopped: 0.0563700 seconds, Stopping threads took: 0.0001050 seconds
281.060: Application time: 0.1960530 seconds
281.061: [GC [PSYoungGen: 542857K->80512K(571392K)] 1274587K->853493K(1905152K), 0.0612850 secs] [Times: user=0.48 sys=0.00, real=0.06 secs] 
281.122: Total time for which application threads were stopped: 0.0614670 seconds, Stopping threads took: 0.0000960 seconds
281.328: Application time: 0.2055860 seconds
281.330: [GC [PSYoungGen: 557696K->66037K(571904K)] 1330677K->881698K(1905664K), 0.0542620 secs] [Times: user=0.43 sys=0.00, real=0.05 secs] 
281.385: Total time for which application threads were stopped: 0.0572210 seconds, Stopping threads took: 0.0028630 seconds
281.584: Application time: 0.1994230 seconds
281.584: [GC [PSYoungGen: 543221K->77744K(570368K)] 1358882K->934279K(1904128K), 0.0605540 secs] [Times: user=0.48 sys=0.00, real=0.06 secs] 
281.645: Total time for which application threads were stopped: 0.0607640 seconds, Stopping threads took: 0.0001130 seconds
281.854: Application time: 0.2093660 seconds
281.858: [GC [PSYoungGen: 555440K->67666K(571392K)] 1411975K->965753K(1905152K), 0.0551640 secs] [Times: user=0.44 sys=0.00, real=0.05 secs] 
281.914: Total time for which application threads were stopped: 0.0593690 seconds, Stopping threads took: 0.0041030 seconds
282.114: Application time: 0.2005350 seconds
282.114: [GC [PSYoungGen: 545362K->73760K(569856K)] 1443449K->1011767K(1903616K), 0.0579860 secs] [Times: user=0.46 sys=0.00, real=0.06 secs] 
282.172: Total time for which application threads were stopped: 0.0581690 seconds, Stopping threads took: 0.0000850 seconds
282.378: Application time: 0.2054310 seconds
282.378: [GC [PSYoungGen: 554016K->69664K(571904K)] 1492023K->1047646K(1905664K), 0.0555430 secs] [Times: user=0.44 sys=0.00, real=0.06 secs] 
282.434: Total time for which application threads were stopped: 0.0557350 seconds, Stopping threads took: 0.0000930 seconds
282.635: Application time: 0.2009330 seconds
282.635: [GC [PSYoungGen: 549920K->69408K(572416K)] 1527902K->1086445K(1906176K), 0.0541570 secs] [Times: user=0.43 sys=0.00, real=0.06 secs] 
282.689: Total time for which application threads were stopped: 0.0543060 seconds, Stopping threads took: 0.0000650 seconds
282.898: Application time: 0.2091060 seconds
282.898: [GC [PSYoungGen: 554272K->72048K(574464K)] 1571309K->1124607K(1908224K), 0.0546640 secs] [Times: user=0.43 sys=0.00, real=0.06 secs] 
282.953: Total time for which application threads were stopped: 0.0548580 seconds, Stopping threads took: 0.0000930 seconds
283.163: Application time: 0.2100710 seconds
283.163: [GC [PSYoungGen: 556808K->64944K(577024K)] 1609368K->1149386K(1910784K), 0.0496410 secs] [Times: user=0.40 sys=0.00, real=0.05 secs] 
283.213: Total time for which application threads were stopped: 0.0498230 seconds, Stopping threads took: 0.0000950 seconds
283.419: Application time: 0.2061670 seconds
283.419: [GC [PSYoungGen: 554416K->71541K(577536K)] 1638858K->1176780K(1911296K), 0.0478960 secs] [Times: user=0.37 sys=0.00, real=0.05 secs] 
283.467: Total time for which application threads were stopped: 0.0480870 seconds, Stopping threads took: 0.0000880 seconds
283.683: Application time: 0.2160650 seconds
283.683: [GC [PSYoungGen: 561013K->64166K(578560K)] 1666252K->1198233K(1912320K), 0.0474420 secs] [Times: user=0.37 sys=0.00, real=0.05 secs] 
283.731: Total time for which application threads were stopped: 0.0476330 seconds, Stopping threads took: 0.0001000 seconds
283.939: Application time: 0.2080090 seconds
283.939: [GC [PSYoungGen: 556172K->76019K(578560K)] 1690239K->1236110K(1912320K), 0.0512300 secs] [Times: user=0.40 sys=0.00, real=0.05 secs] 
283.990: Total time for which application threads were stopped: 0.0514180 seconds, Stopping threads took: 0.0000860 seconds
284.197: Application time: 0.2071670 seconds
284.197: [GC [PSYoungGen: 568051K->71565K(578048K)] 1728142K->1263336K(1911808K), 0.0504540 secs] [Times: user=0.40 sys=0.00, real=0.06 secs] 
284.248: Total time for which application threads were stopped: 0.0506170 seconds, Stopping threads took: 0.0000780 seconds
284.452: Application time: 0.2042010 seconds
284.452: [GC [PSYoungGen: 565133K->79499K(579072K)] 1756904K->1308791K(1912832K), 0.0578800 secs] [Times: user=0.46 sys=0.00, real=0.06 secs] 
284.510: Total time for which application threads were stopped: 0.0580610 seconds, Stopping threads took: 0.0000800 seconds
284.725: Application time: 0.2145500 seconds
284.726: [GC [PSYoungGen: 573067K->72877K(580096K)] 1802359K->1345278K(1913856K), 0.0593030 secs] [Times: user=0.47 sys=0.00, real=0.05 secs] 
284.786: Total time for which application threads were stopped: 0.0610900 seconds, Stopping threads took: 0.0016970 seconds
284.993: Application time: 0.2069750 seconds
284.993: [GC [PSYoungGen: 567469K->85484K(580096K)] 1839870K->1404598K(1913856K), 0.0675240 secs] [Times: user=0.53 sys=0.01, real=0.07 secs] 
285.060: [Full GC [PSYoungGen: 85484K->0K(580096K)] [ParOldGen: 1319113K->144267K(1333760K)] 1404598K->144267K(1913856K) [PSPermGen: 9167K->9167K(21504K)], 0.1745240 secs] [Times: user=1.28 sys=0.00, real=0.17 secs] 
285.235: Total time for which application threads were stopped: 0.2423120 seconds, Stopping threads took: 0.0000930 seconds
285.444: Application time: 0.2093270 seconds
285.445: [GC [PSYoungGen: 494592K->86064K(541184K)] 638859K->230332K(1874944K), 0.0499940 secs] [Times: user=0.40 sys=0.00, real=0.05 secs] 
285.495: Total time for which application threads were stopped: 0.0501710 seconds, Stopping threads took: 0.0000870 seconds
285.684: Application time: 0.1898080 seconds
285.686: [GC [PSYoungGen: 540208K->79602K(560640K)] 684476K->282462K(1894400K), 0.0717880 secs] [Times: user=0.56 sys=0.00, real=0.06 secs] 
285.758: Total time for which application threads were stopped: 0.0739060 seconds, Stopping threads took: 0.0020210 seconds
285.956: Application time: 0.1972460 seconds
285.958: [GC [PSYoungGen: 533746K->66934K(557056K)] 736606K->322526K(1890816K), 0.0590350 secs] [Times: user=0.47 sys=0.00, real=0.05 secs] 
286.018: Total time for which application threads were stopped: 0.0619670 seconds, Stopping threads took: 0.0028450 seconds
286.208: Application time: 0.1903970 seconds
286.208: [GC [PSYoungGen: 523638K->81856K(560128K)] 779230K->379235K(1893888K), 0.0614540 secs] [Times: user=0.49 sys=0.00, real=0.06 secs] 
286.270: Total time for which application threads were stopped: 0.0616390 seconds, Stopping threads took: 0.0000890 seconds
286.467: Application time: 0.1976620 seconds
286.467: [GC [PSYoungGen: 538560K->67416K(561664K)] 835939K->417185K(1895424K), 0.0595760 secs] [Times: user=0.47 sys=0.01, real=0.06 secs] 
286.527: Total time for which application threads were stopped: 0.0597500 seconds, Stopping threads took: 0.0000850 seconds
286.723: Application time: 0.1958950 seconds
286.726: [GC [PSYoungGen: 528728K->79689K(563200K)] 878497K->471290K(1896960K), 0.0613250 secs] [Times: user=0.48 sys=0.00, real=0.06 secs] 
286.788: Total time for which application threads were stopped: 0.0649690 seconds, Stopping threads took: 0.0035430 seconds
286.987: Application time: 0.1992400 seconds
286.987: [GC [PSYoungGen: 541001K->70353K(563200K)] 932602K->511589K(1896960K), 0.0598470 secs] [Times: user=0.48 sys=0.00, real=0.06 secs] 
287.047: Total time for which application threads were stopped: 0.0600250 seconds, Stopping threads took: 0.0000910 seconds
287.247: Application time: 0.2000630 seconds
287.247: [GC [PSYoungGen: 535249K->80203K(564224K)] 976485K->564105K(1897984K), 0.0624760 secs] [Times: user=0.50 sys=0.00, real=0.06 secs] 
287.310: Total time for which application threads were stopped: 0.0626480 seconds, Stopping threads took: 0.0000730 seconds
287.507: Application time: 0.1975370 seconds
287.510: [GC [PSYoungGen: 545099K->69632K(565760K)] 1029001K->600748K(1899520K), 0.0578270 secs] [Times: user=0.46 sys=0.00, real=0.06 secs] 
287.568: Total time for which application threads were stopped: 0.0609780 seconds, Stopping threads took: 0.0030670 seconds
287.765: Application time: 0.1961820 seconds
287.765: [GC [PSYoungGen: 539136K->78832K(566784K)] 1070252K->650341K(1900544K), 0.0590660 secs] [Times: user=0.47 sys=0.00, real=0.06 secs] 
287.824: Total time for which application threads were stopped: 0.0592430 seconds, Stopping threads took: 0.0000770 seconds
288.022: Application time: 0.1978030 seconds
288.022: [GC [PSYoungGen: 548336K->70072K(568832K)] 1119845K->690546K(1902592K), 0.0579640 secs] [Times: user=0.46 sys=0.00, real=0.06 secs] 
288.080: Total time for which application threads were stopped: 0.0581400 seconds, Stopping threads took: 0.0000920 seconds
288.283: Application time: 0.2031190 seconds
288.286: [GC [PSYoungGen: 543672K->77136K(569344K)] 1164146K->736708K(1903104K), 0.0596560 secs] [Times: user=0.48 sys=0.00, real=0.05 secs] 
288.346: Total time for which application threads were stopped: 0.0633170 seconds, Stopping threads took: 0.0035610 seconds
288.545: Application time: 0.1987360 seconds
288.545: [GC [PSYoungGen: 550736K->72936K(569344K)] 1210308K->781033K(1903104K), 0.0602380 secs] [Times: user=0.48 sys=0.00, real=0.06 secs] 
288.605: Total time for which application threads were stopped: 0.0604100 seconds, Stopping threads took: 0.0000850 seconds
288.814: Application time: 0.2082340 seconds
288.814: [GC [PSYoungGen: 550120K->74112K(569856K)] 1258217K->821255K(1903616K), 0.0583400 secs] [Times: user=0.46 sys=0.00, real=0.06 secs] 
288.872: Total time for which application threads were stopped: 0.0585400 seconds, Stopping threads took: 0.0001010 seconds
289.070: Application time: 0.1981850 seconds
289.070: [GC [PSYoungGen: 551296K->77406K(572928K)] 1298439K->871187K(1906688K), 0.0605500 secs] [Times: user=0.48 sys=0.00, real=0.06 secs] 
289.131: Total time for which application threads were stopped: 0.0607790 seconds, Stopping threads took: 0.0001420 seconds
289.342: Application time: 0.2111840 seconds
289.342: [GC [PSYoungGen: 560222K->67328K(573440K)] 1354003K->896681K(1907200K), 0.0530960 secs] [Times: user=0.41 sys=0.00, real=0.05 secs] 
289.396: Total time for which application threads were stopped: 0.0532750 seconds, Stopping threads took: 0.0000740 seconds
289.595: Application time: 0.1991450 seconds
289.595: [GC [PSYoungGen: 550144K->82608K(574464K)] 1379497K->956235K(1908224K), 0.0631580 secs] [Times: user=0.50 sys=0.00, real=0.06 secs] 
289.658: Total time for which application threads were stopped: 0.0633310 seconds, Stopping threads took: 0.0000850 seconds
289.871: Application time: 0.2133790 seconds
289.872: [GC [PSYoungGen: 566448K->65717K(549888K)] 1440075K->980842K(1883648K), 0.0547700 secs] [Times: user=0.43 sys=0.00, real=0.05 secs] 
289.926: Total time for which application threads were stopped: 0.0549490 seconds, Stopping threads took: 0.0000780 seconds
290.129: Application time: 0.2026490 seconds
290.129: [GC [PSYoungGen: 549557K->78064K(575488K)] 1464682K->1034217K(1909248K), 0.0605410 secs] [Times: user=0.48 sys=0.00, real=0.06 secs] 
290.190: Total time for which application threads were stopped: 0.0606980 seconds, Stopping threads took: 0.0000680 seconds
290.392: Application time: 0.2023830 seconds
290.392: [GC [PSYoungGen: 561392K->73122K(556544K)] 1517545K->1072215K(1890304K), 0.0575920 secs] [Times: user=0.46 sys=0.00, real=0.06 secs] 
290.450: Total time for which application threads were stopped: 0.0578150 seconds, Stopping threads took: 0.0001210 seconds
290.658: Application time: 0.2081560 seconds
290.658: [GC [PSYoungGen: 556450K->73152K(574464K)] 1555543K->1113132K(1908224K), 0.0580890 secs] [Times: user=0.46 sys=0.00, real=0.06 secs] 
290.716: Total time for which application threads were stopped: 0.0582660 seconds, Stopping threads took: 0.0000910 seconds
290.922: Application time: 0.2058210 seconds
290.922: [GC [PSYoungGen: 557504K->72501K(573440K)] 1597484K->1155076K(1907200K), 0.0584710 secs] [Times: user=0.47 sys=0.00, real=0.06 secs] 
290.981: Total time for which application threads were stopped: 0.0586550 seconds, Stopping threads took: 0.0000840 seconds
291.189: Application time: 0.2081080 seconds
291.189: [GC [PSYoungGen: 556853K->72413K(577024K)] 1639428K->1187346K(1910784K), 0.0531230 secs] [Times: user=0.42 sys=0.00, real=0.05 secs] 
291.242: Total time for which application threads were stopped: 0.0533000 seconds, Stopping threads took: 0.0000910 seconds
291.446: Application time: 0.2041290 seconds
291.446: [GC [PSYoungGen: 561373K->75568K(576000K)] 1676306K->1233455K(1909760K), 0.0588520 secs] [Times: user=0.47 sys=0.00, real=0.05 secs] 
291.505: Total time for which application threads were stopped: 0.0590470 seconds, Stopping threads took: 0.0000990 seconds
291.721: Application time: 0.2159820 seconds
291.722: [GC [PSYoungGen: 564528K->69837K(578048K)] 1722415K->1263318K(1911808K), 0.0546510 secs] [Times: user=0.43 sys=0.00, real=0.05 secs] 
291.777: Total time for which application threads were stopped: 0.0557630 seconds, Stopping threads took: 0.0010240 seconds
291.982: Application time: 0.2051070 seconds
291.982: [GC [PSYoungGen: 561869K->77232K(578048K)] 1755350K->1310971K(1911808K), 0.0591310 secs] [Times: user=0.47 sys=0.00, real=0.06 secs] 
292.042: Total time for which application threads were stopped: 0.0593290 seconds, Stopping threads took: 0.0000810 seconds
292.252: Application time: 0.2101320 seconds
292.252: [GC [PSYoungGen: 569264K->69800K(580096K)] 1803003K->1338398K(1913856K), 0.0524910 secs] [Times: user=0.41 sys=0.00, real=0.05 secs] 
292.304: Total time for which application threads were stopped: 0.0526700 seconds, Stopping threads took: 0.0000900 seconds
292.516: Application time: 0.2115120 seconds
292.516: [GC [PSYoungGen: 564904K->69312K(580608K)] 1833502K->1370942K(1914368K), 0.0524520 secs] [Times: user=0.41 sys=0.00, real=0.06 secs] 
292.569: [Full GC [PSYoungGen: 69312K->0K(580608K)] [ParOldGen: 1301629K->130655K(1333760K)] 1370942K->130655K(1914368K) [PSPermGen: 9167K->9167K(21504K)], 0.1597690 secs] [Times: user=1.16 sys=0.00, real=0.16 secs] 
292.728: Total time for which application threads were stopped: 0.2124870 seconds, Stopping threads took: 0.0001000 seconds
292.932: Application time: 0.2037620 seconds
292.934: [GC [PSYoungGen: 495104K->84535K(576000K)] 625759K->215190K(1909760K), 0.0446890 secs] [Times: user=0.35 sys=0.00, real=0.05 secs] 
292.979: Total time for which application threads were stopped: 0.0470170 seconds, Stopping threads took: 0.0022420 seconds
293.194: Application time: 0.2145590 seconds
293.194: [GC [PSYoungGen: 575543K->64213K(555520K)] 706198K->228396K(1889280K), 0.0514660 secs] [Times: user=0.41 sys=0.00, real=0.05 secs] 
293.245: Total time for which application threads were stopped: 0.0516700 seconds, Stopping threads took: 0.0001010 seconds
293.446: Application time: 0.2010990 seconds
293.450: [GC [PSYoungGen: 555221K->80583K(576512K)] 719404K->281421K(1910272K), 0.0558190 secs] [Times: user=0.44 sys=0.00, real=0.05 secs] 
293.506: Total time for which application threads were stopped: 0.0598040 seconds, Stopping threads took: 0.0038970 seconds
293.721: Application time: 0.2151080 seconds
293.722: [GC [PSYoungGen: 568519K->66282K(577536K)] 769357K->301944K(1911296K), 0.0502850 secs] [Times: user=0.39 sys=0.00, real=0.05 secs] 
293.772: Total time for which application threads were stopped: 0.0505060 seconds, Stopping threads took: 0.0001100 seconds
293.976: Application time: 0.2041240 seconds
293.976: [GC [PSYoungGen: 554218K->80027K(575488K)] 789880K->350891K(1909248K), 0.0552460 secs] [Times: user=0.43 sys=0.00, real=0.06 secs] 
294.031: Total time for which application threads were stopped: 0.0554310 seconds, Stopping threads took: 0.0000960 seconds
294.241: Application time: 0.2097090 seconds
294.241: [GC [PSYoungGen: 565915K->71612K(557568K)] 836779K->386885K(1891328K), 0.0562170 secs] [Times: user=0.45 sys=0.00, real=0.05 secs] 
294.298: Total time for which application threads were stopped: 0.0564310 seconds, Stopping threads took: 0.0001100 seconds
294.508: Application time: 0.2108110 seconds
294.509: [GC [PSYoungGen: 557500K->75466K(577024K)] 872773K->424755K(1910784K), 0.0559690 secs] [Times: user=0.43 sys=0.00, real=0.05 secs] 
294.565: Total time for which application threads were stopped: 0.0561780 seconds, Stopping threads took: 0.0001190 seconds
294.768: Application time: 0.2030210 seconds
294.768: [GC [PSYoungGen: 563402K->81136K(576000K)] 912691K->478035K(1909760K), 0.0621370 secs] [Times: user=0.50 sys=0.00, real=0.06 secs] 
294.830: Total time for which application threads were stopped: 0.0623190 seconds, Stopping threads took: 0.0000780 seconds
295.042: Application time: 0.2116740 seconds
295.042: [GC [PSYoungGen: 569072K->72119K(578048K)] 965971K->507122K(1911808K), 0.0544860 secs] [Times: user=0.43 sys=0.00, real=0.05 secs] 
295.096: Total time for which application threads were stopped: 0.0546660 seconds, Stopping threads took: 0.0000930 seconds
295.302: Application time: 0.2056010 seconds
295.302: [GC [PSYoungGen: 561079K->87104K(576512K)] 996082K->570289K(1910272K), 0.0667200 secs] [Times: user=0.53 sys=0.00, real=0.07 secs] 
295.369: Total time for which application threads were stopped: 0.0669090 seconds, Stopping threads took: 0.0000890 seconds
295.577: Application time: 0.2078850 seconds
295.577: [GC [PSYoungGen: 576064K->75394K(577024K)] 1059249K->608359K(1910784K), 0.0626940 secs] [Times: user=0.49 sys=0.00, real=0.07 secs] 
295.640: Total time for which application threads were stopped: 0.0628830 seconds, Stopping threads took: 0.0000990 seconds
295.845: Application time: 0.2053900 seconds
295.845: [GC [PSYoungGen: 561794K->77200K(563712K)] 1094759K->655819K(1897472K), 0.0616180 secs] [Times: user=0.48 sys=0.00, real=0.07 secs] 
295.907: Total time for which application threads were stopped: 0.0618160 seconds, Stopping threads took: 0.0000980 seconds
296.112: Application time: 0.2052560 seconds
296.112: [GC [PSYoungGen: 563600K->76411K(577536K)] 1142219K->701766K(1911296K), 0.0619180 secs] [Times: user=0.49 sys=0.00, real=0.06 secs] 
296.174: Total time for which application threads were stopped: 0.0620940 seconds, Stopping threads took: 0.0000890 seconds
296.383: Application time: 0.2085480 seconds
296.383: [GC [PSYoungGen: 564347K->69776K(576000K)] 1189702K->738016K(1909760K), 0.0565550 secs] [Times: user=0.45 sys=0.00, real=0.06 secs] 
296.439: Total time for which application threads were stopped: 0.0567410 seconds, Stopping threads took: 0.0000890 seconds
296.641: Application time: 0.2011840 seconds
296.641: [GC [PSYoungGen: 557712K->79993K(577024K)] 1225952K->790417K(1910784K), 0.0615900 secs] [Times: user=0.49 sys=0.00, real=0.06 secs] 
296.702: Total time for which application threads were stopped: 0.0617690 seconds, Stopping threads took: 0.0000920 seconds
296.921: Application time: 0.2183540 seconds
296.921: [GC [PSYoungGen: 568953K->61200K(577536K)] 1279377K->809503K(1911296K), 0.0508280 secs] [Times: user=0.40 sys=0.00, real=0.05 secs] 
296.972: Total time for which application threads were stopped: 0.0510060 seconds, Stopping threads took: 0.0000780 seconds
297.169: Application time: 0.1970680 seconds
297.169: [GC [PSYoungGen: 550160K->85040K(572416K)] 1298463K->869646K(1906176K), 0.0613350 secs] [Times: user=0.48 sys=0.00, real=0.06 secs] 
297.230: Total time for which application threads were stopped: 0.0615380 seconds, Stopping threads took: 0.0001040 seconds
297.442: Application time: 0.2112870 seconds
297.442: [GC [PSYoungGen: 567856K->60966K(544256K)] 1352462K->888650K(1878016K), 0.0516490 secs] [Times: user=0.41 sys=0.00, real=0.05 secs] 
297.494: Total time for which application threads were stopped: 0.0518240 seconds, Stopping threads took: 0.0000770 seconds
297.693: Application time: 0.1998910 seconds
297.694: [GC [PSYoungGen: 543782K->81648K(571904K)] 1371466K->940834K(1905664K), 0.0577670 secs] [Times: user=0.46 sys=0.00, real=0.06 secs] 
297.751: Total time for which application threads were stopped: 0.0579540 seconds, Stopping threads took: 0.0000970 seconds
297.961: Application time: 0.2095520 seconds
297.961: [GC [PSYoungGen: 560368K->59054K(538112K)] 1419554K->960884K(1871872K), 0.0509700 secs] [Times: user=0.40 sys=0.00, real=0.05 secs] 
298.012: Total time for which application threads were stopped: 0.0511740 seconds, Stopping threads took: 0.0000990 seconds
298.216: Application time: 0.2035450 seconds
298.216: [GC [PSYoungGen: 537774K->75232K(573952K)] 1439604K->1003792K(1907712K), 0.0515180 secs] [Times: user=0.40 sys=0.00, real=0.06 secs] 
298.267: Total time for which application threads were stopped: 0.0516980 seconds, Stopping threads took: 0.0000880 seconds
298.473: Application time: 0.2056800 seconds
298.473: [GC [PSYoungGen: 554464K->60337K(572416K)] 1483024K->1029082K(1906176K), 0.0494710 secs] [Times: user=0.39 sys=0.00, real=0.05 secs] 
298.523: Total time for which application threads were stopped: 0.0496420 seconds, Stopping threads took: 0.0000720 seconds
298.724: Application time: 0.2016410 seconds
298.724: [GC [PSYoungGen: 539569K->74761K(572928K)] 1508314K->1067330K(1906688K), 0.0510000 secs] [Times: user=0.39 sys=0.00, real=0.05 secs] 
298.775: Total time for which application threads were stopped: 0.0511760 seconds, Stopping threads took: 0.0000890 seconds
298.979: Application time: 0.2032380 seconds
298.979: [GC [PSYoungGen: 555017K->65529K(572928K)] 1547586K->1097252K(1906688K), 0.0515770 secs] [Times: user=0.40 sys=0.00, real=0.05 secs] 
299.030: Total time for which application threads were stopped: 0.0517520 seconds, Stopping threads took: 0.0000750 seconds
299.229: Application time: 0.1988830 seconds
299.230: [GC [PSYoungGen: 545785K->75595K(573952K)] 1577508K->1138113K(1907712K), 0.0528780 secs] [Times: user=0.42 sys=0.00, real=0.05 secs] 
299.283: Total time for which application threads were stopped: 0.0540000 seconds, Stopping threads took: 0.0010360 seconds
299.487: Application time: 0.2040480 seconds
299.488: [GC [PSYoungGen: 557899K->67581K(573440K)] 1620417K->1169345K(1907200K), 0.0525500 secs] [Times: user=0.42 sys=0.00, real=0.05 secs] 
299.540: Total time for which application threads were stopped: 0.0527310 seconds, Stopping threads took: 0.0000840 seconds
299.741: Application time: 0.2008700 seconds
299.741: [GC [PSYoungGen: 549885K->72133K(574464K)] 1651649K->1203162K(1908224K), 0.0510720 secs] [Times: user=0.40 sys=0.00, real=0.05 secs] 
299.792: Total time for which application threads were stopped: 0.0512430 seconds, Stopping threads took: 0.0000840 seconds
300.002: Application time: 0.2099660 seconds
300.006: [GC [PSYoungGen: 557971K->64617K(574464K)] 1689001K->1225321K(1908224K), 0.0479900 secs] [Times: user=0.38 sys=0.00, real=0.04 secs] 
300.054: Total time for which application threads were stopped: 0.0522510 seconds, Stopping threads took: 0.0041620 seconds
300.254: Application time: 0.1998250 seconds
300.254: [GC [PSYoungGen: 550505K->75920K(578048K)] 1711209K->1267759K(1911808K), 0.0520800 secs] [Times: user=0.41 sys=0.00, real=0.06 secs] 
300.307: Total time for which application threads were stopped: 0.0522860 seconds, Stopping threads took: 0.0001210 seconds
300.521: Application time: 0.2139350 seconds
300.521: [GC [PSYoungGen: 565904K->66025K(578048K)] 1757743K->1291681K(1911808K), 0.0496720 secs] [Times: user=0.39 sys=0.01, real=0.05 secs] 
300.570: Total time for which application threads were stopped: 0.0498610 seconds, Stopping threads took: 0.0000840 seconds
300.769: Application time: 0.1989490 seconds
300.769: [GC [PSYoungGen: 556009K->81755K(575488K)] 1781665K->1345810K(1909248K), 0.0594250 secs] [Times: user=0.47 sys=0.00, real=0.06 secs] 
300.829: Total time for which application threads were stopped: 0.0596260 seconds, Stopping threads took: 0.0001140 seconds
301.045: Application time: 0.2159650 seconds
301.045: [GC [PSYoungGen: 569691K->67803K(577536K)] 1833746K->1372221K(1911296K), 0.0545800 secs] [Times: user=0.43 sys=0.00, real=0.06 secs] 
301.100: [Full GC [PSYoungGen: 67803K->0K(577536K)] [ParOldGen: 1304418K->123829K(1333760K)] 1372221K->123829K(1911296K) [PSPermGen: 9167K->9167K(21504K)], 0.1444190 secs] [Times: user=1.03 sys=0.00, real=0.14 secs] 
301.244: Total time for which application threads were stopped: 0.1992520 seconds, Stopping threads took: 0.0000930 seconds
301.448: Application time: 0.2041340 seconds
301.448: [GC [PSYoungGen: 487936K->88544K(564224K)] 611765K->219404K(1897984K), 0.0524380 secs] [Times: user=0.41 sys=0.00, real=0.05 secs] 
301.501: Total time for which application threads were stopped: 0.0526330 seconds, Stopping threads took: 0.0001040 seconds
301.708: Application time: 0.2071090 seconds
301.708: [GC [PSYoungGen: 564192K->72083K(571392K)] 695052K->255640K(1905152K), 0.0648890 secs] [Times: user=0.51 sys=0.00, real=0.06 secs] 
301.773: Total time for which application threads were stopped: 0.0650760 seconds, Stopping threads took: 0.0000860 seconds
301.975: Application time: 0.2014150 seconds
301.975: [GC [PSYoungGen: 547731K->79995K(569856K)] 731288K->309213K(1903616K), 0.0614880 secs] [Times: user=0.48 sys=0.00, real=0.06 secs] 
302.036: Total time for which application threads were stopped: 0.0616560 seconds, Stopping threads took: 0.0000830 seconds
302.238: Application time: 0.2017630 seconds
302.238: [GC [PSYoungGen: 557179K->71200K(571392K)] 786397K->344519K(1905152K), 0.0565840 secs] [Times: user=0.45 sys=0.00, real=0.06 secs] 
302.295: Total time for which application threads were stopped: 0.0567770 seconds, Stopping threads took: 0.0000850 seconds
302.499: Application time: 0.2039040 seconds
302.499: [GC [PSYoungGen: 548384K->80848K(572928K)] 821703K->396624K(1906688K), 0.0603060 secs] [Times: user=0.48 sys=0.00, real=0.06 secs] 
302.559: Total time for which application threads were stopped: 0.0604610 seconds, Stopping threads took: 0.0000700 seconds
302.765: Application time: 0.2055820 seconds
302.765: [GC [PSYoungGen: 560592K->71580K(551424K)] 876368K->429869K(1885184K), 0.0558100 secs] [Times: user=0.44 sys=0.00, real=0.06 secs] 
302.821: Total time for which application threads were stopped: 0.0559850 seconds, Stopping threads took: 0.0000810 seconds
303.020: Application time: 0.1997830 seconds
303.021: [GC [PSYoungGen: 551324K->76128K(573440K)] 909613K->476515K(1907200K), 0.0582620 secs] [Times: user=0.46 sys=0.00, real=0.06 secs] 
303.079: Total time for which application threads were stopped: 0.0584210 seconds, Stopping threads took: 0.0000750 seconds
303.285: Application time: 0.2064900 seconds
303.286: [GC [PSYoungGen: 557408K->75034K(572416K)] 957795K->519704K(1906176K), 0.0592530 secs] [Times: user=0.47 sys=0.00, real=0.06 secs] 
303.345: Total time for which application threads were stopped: 0.0594470 seconds, Stopping threads took: 0.0000940 seconds
303.551: Application time: 0.2057300 seconds
303.551: [GC [PSYoungGen: 556314K->75152K(574464K)] 1000984K->563623K(1908224K), 0.0601900 secs] [Times: user=0.47 sys=0.00, real=0.06 secs] 
303.611: Total time for which application threads were stopped: 0.0603430 seconds, Stopping threads took: 0.0000660 seconds
303.813: Application time: 0.2023400 seconds
303.813: [GC [PSYoungGen: 560016K->76434K(573440K)] 1048487K->606976K(1907200K), 0.0580360 secs] [Times: user=0.46 sys=0.00, real=0.06 secs] 
303.871: Total time for which application threads were stopped: 0.0582160 seconds, Stopping threads took: 0.0000800 seconds
304.081: Application time: 0.2093100 seconds
304.081: [GC [PSYoungGen: 561298K->73713K(577536K)] 1091840K->647290K(1911296K), 0.0600560 secs] [Times: user=0.47 sys=0.00, real=0.06 secs] 
304.141: Total time for which application threads were stopped: 0.0602370 seconds, Stopping threads took: 0.0000900 seconds
304.350: Application time: 0.2090180 seconds
304.350: [GC [PSYoungGen: 563697K->76854K(576512K)] 1137274K->689283K(1910272K), 0.0581500 secs] [Times: user=0.46 sys=0.00, real=0.06 secs] 
304.408: Total time for which application threads were stopped: 0.0583360 seconds, Stopping threads took: 0.0000860 seconds
304.618: Application time: 0.2098750 seconds
304.622: [GC [PSYoungGen: 566838K->70706K(579072K)] 1179267K->726218K(1912832K), 0.0568280 secs] [Times: user=0.45 sys=0.00, real=0.06 secs] 
304.679: Total time for which application threads were stopped: 0.0610500 seconds, Stopping threads took: 0.0041360 seconds
304.885: Application time: 0.2060770 seconds
304.886: [GC [PSYoungGen: 563762K->74391K(579072K)] 1219274K->764779K(1912832K), 0.0536270 secs] [Times: user=0.42 sys=0.00, real=0.06 secs] 
304.939: Total time for which application threads were stopped: 0.0538230 seconds, Stopping threads took: 0.0001040 seconds
305.149: Application time: 0.2095540 seconds
305.149: [GC [PSYoungGen: 567447K->69168K(580608K)] 1257835K->801982K(1914368K), 0.0558990 secs] [Times: user=0.45 sys=0.00, real=0.05 secs] 
305.205: Total time for which application threads were stopped: 0.0560660 seconds, Stopping threads took: 0.0000770 seconds
305.412: Application time: 0.2074820 seconds
305.412: [GC [PSYoungGen: 564784K->74871K(580096K)] 1297598K->834222K(1913856K), 0.0509400 secs] [Times: user=0.40 sys=0.00, real=0.05 secs] 
305.463: Total time for which application threads were stopped: 0.0511320 seconds, Stopping threads took: 0.0000930 seconds
305.682: Application time: 0.2186430 seconds
305.682: [GC [PSYoungGen: 570487K->64861K(581120K)] 1329838K->855153K(1914880K), 0.0489560 secs] [Times: user=0.38 sys=0.00, real=0.05 secs] 
305.731: Total time for which application threads were stopped: 0.0491530 seconds, Stopping threads took: 0.0001000 seconds
305.932: Application time: 0.2007040 seconds
305.932: [GC [PSYoungGen: 562013K->84459K(581632K)] 1352305K->910269K(1915392K), 0.0583560 secs] [Times: user=0.46 sys=0.00, real=0.06 secs] 
305.991: Total time for which application threads were stopped: 0.0585380 seconds, Stopping threads took: 0.0000740 seconds
306.209: Application time: 0.2182110 seconds
306.209: [GC [PSYoungGen: 581611K->61662K(549888K)] 1407421K->926273K(1883648K), 0.0497510 secs] [Times: user=0.39 sys=0.00, real=0.05 secs] 
306.259: Total time for which application threads were stopped: 0.0499160 seconds, Stopping threads took: 0.0000810 seconds
306.442: Application time: 0.1836750 seconds
306.446: [GC [PSYoungGen: 526046K->83660K(565760K)] 1390657K->987986K(1899520K), 0.0598340 secs] [Times: user=0.48 sys=0.00, real=0.05 secs] 
306.506: Total time for which application threads were stopped: 0.0639890 seconds, Stopping threads took: 0.0040560 seconds
306.718: Application time: 0.2114980 seconds
306.718: [GC [PSYoungGen: 548044K->55988K(562688K)] 1452370K->1002043K(1896448K), 0.0508260 secs] [Times: user=0.39 sys=0.00, real=0.06 secs] 
306.769: Total time for which application threads were stopped: 0.0509850 seconds, Stopping threads took: 0.0000730 seconds
306.950: Application time: 0.1816520 seconds
306.951: [GC [PSYoungGen: 517300K->88331K(549888K)] 1463355K->1072766K(1883648K), 0.0622040 secs] [Times: user=0.49 sys=0.00, real=0.06 secs] 
307.013: Total time for which application threads were stopped: 0.0623710 seconds, Stopping threads took: 0.0000710 seconds
307.221: Application time: 0.2079890 seconds
307.221: [GC [PSYoungGen: 549541K->54467K(560128K)] 1533976K->1076668K(1893888K), 0.0469470 secs] [Times: user=0.37 sys=0.00, real=0.05 secs] 
307.268: Total time for which application threads were stopped: 0.0471300 seconds, Stopping threads took: 0.0000960 seconds
307.444: Application time: 0.1756410 seconds
307.444: [GC [PSYoungGen: 509635K->86397K(541696K)] 1531836K->1145131K(1875456K), 0.0609190 secs] [Times: user=0.48 sys=0.00, real=0.06 secs] 
307.505: Total time for which application threads were stopped: 0.0610940 seconds, Stopping threads took: 0.0000880 seconds
307.718: Application time: 0.2137870 seconds
307.719: [GC [PSYoungGen: 541565K->53344K(559104K)] 1600299K->1152661K(1892864K), 0.0490630 secs] [Times: user=0.38 sys=0.00, real=0.05 secs] 
307.768: Total time for which application threads were stopped: 0.0492500 seconds, Stopping threads took: 0.0000900 seconds
307.940: Application time: 0.1718440 seconds
307.940: [GC [PSYoungGen: 505440K->83333K(535552K)] 1604757K->1221078K(1869312K), 0.0602820 secs] [Times: user=0.48 sys=0.00, real=0.06 secs] 
308.000: Total time for which application threads were stopped: 0.0604870 seconds, Stopping threads took: 0.0001190 seconds
308.208: Application time: 0.2080500 seconds
308.208: [GC [PSYoungGen: 535429K->57056K(559616K)] 1673174K->1235434K(1893376K), 0.0504960 secs] [Times: user=0.40 sys=0.00, real=0.05 secs] 
308.259: Total time for which application threads were stopped: 0.0506920 seconds, Stopping threads took: 0.0001060 seconds
308.435: Application time: 0.1764930 seconds
308.435: [GC [PSYoungGen: 508640K->77540K(529408K)] 1687018K->1294200K(1863168K), 0.0571650 secs] [Times: user=0.46 sys=0.00, real=0.06 secs] 
308.493: Total time for which application threads were stopped: 0.0573470 seconds, Stopping threads took: 0.0000860 seconds
308.693: Application time: 0.2007590 seconds
308.694: [GC [PSYoungGen: 529124K->64272K(559104K)] 1745784K->1321073K(1892864K), 0.0542810 secs] [Times: user=0.43 sys=0.00, real=0.06 secs] 
308.749: Total time for which application threads were stopped: 0.0553550 seconds, Stopping threads took: 0.0009810 seconds
308.934: Application time: 0.1851050 seconds
308.934: [GC [PSYoungGen: 517392K->74210K(557568K)] 1774193K->1372332K(1891328K), 0.0581110 secs] [Times: user=0.45 sys=0.00, real=0.06 secs] 
308.992: [Full GC [PSYoungGen: 74210K->0K(557568K)] [ParOldGen: 1298122K->134581K(1333760K)] 1372332K->134581K(1891328K) [PSPermGen: 9167K->9167K(21504K)], 0.1564850 secs] [Times: user=1.14 sys=0.00, real=0.16 secs] 
309.149: Total time for which application threads were stopped: 0.2148360 seconds, Stopping threads took: 0.0000890 seconds
309.345: Application time: 0.1963150 seconds
309.345: [GC [PSYoungGen: 453120K->80992K(558592K)] 587701K->215573K(1892352K), 0.0476700 secs] [Times: user=0.37 sys=0.00, real=0.05 secs] 
309.393: Total time for which application threads were stopped: 0.0478610 seconds, Stopping threads took: 0.0000950 seconds
309.581: Application time: 0.1882270 seconds
309.581: [GC [PSYoungGen: 537696K->73767K(558592K)] 672277K->265170K(1892352K), 0.0660150 secs] [Times: user=0.52 sys=0.00, real=0.07 secs] 
309.647: Total time for which application threads were stopped: 0.0661980 seconds, Stopping threads took: 0.0000910 seconds
309.843: Application time: 0.1957010 seconds
309.843: [GC [PSYoungGen: 530471K->70400K(563200K)] 721874K->305311K(1896960K), 0.0562240 secs] [Times: user=0.45 sys=0.00, real=0.06 secs] 
309.899: Total time for which application threads were stopped: 0.0564170 seconds, Stopping threads took: 0.0001160 seconds
310.095: Application time: 0.1960010 seconds
310.099: [GC [PSYoungGen: 535808K->74271K(562688K)] 770719K->349930K(1896448K), 0.0560690 secs] [Times: user=0.44 sys=0.00, real=0.05 secs] 
310.155: Total time for which application threads were stopped: 0.0591520 seconds, Stopping threads took: 0.0029830 seconds
310.350: Application time: 0.1958210 seconds
310.354: [GC [PSYoungGen: 539679K->73456K(567808K)] 815338K->394274K(1901568K), 0.0588560 secs] [Times: user=0.44 sys=0.00, real=0.06 secs] 
310.413: Total time for which application threads were stopped: 0.0628940 seconds, Stopping threads took: 0.0039530 seconds
310.615: Application time: 0.2018530 seconds
310.615: [GC [PSYoungGen: 547568K->71710K(567296K)] 868386K->433510K(1901056K), 0.0556730 secs] [Times: user=0.44 sys=0.00, real=0.06 secs] 
310.671: Total time for which application threads were stopped: 0.0558690 seconds, Stopping threads took: 0.0000960 seconds
310.876: Application time: 0.2049490 seconds
310.878: [GC [PSYoungGen: 545822K->72288K(572416K)] 907622K->474928K(1906176K), 0.0575130 secs] [Times: user=0.46 sys=0.00, real=0.05 secs] 
310.936: Total time for which application threads were stopped: 0.0600030 seconds, Stopping threads took: 0.0024030 seconds
311.141: Application time: 0.2052070 seconds
311.141: [GC [PSYoungGen: 554080K->70611K(571904K)] 956720K->508687K(1905664K), 0.0517850 secs] [Times: user=0.41 sys=0.00, real=0.05 secs] 
311.193: Total time for which application threads were stopped: 0.0519940 seconds, Stopping threads took: 0.0001050 seconds
311.401: Application time: 0.2073840 seconds
311.401: [GC [PSYoungGen: 552403K->69712K(576000K)] 990479K->542096K(1909760K), 0.0517590 secs] [Times: user=0.41 sys=0.00, real=0.05 secs] 
311.453: Total time for which application threads were stopped: 0.0519340 seconds, Stopping threads took: 0.0000880 seconds
311.651: Application time: 0.1988860 seconds
311.652: [GC [PSYoungGen: 557136K->74740K(574976K)] 1029520K->586198K(1908736K), 0.0548690 secs] [Times: user=0.43 sys=0.00, real=0.06 secs] 
311.706: Total time for which application threads were stopped: 0.0550510 seconds, Stopping threads took: 0.0000790 seconds
311.928: Application time: 0.2212960 seconds
311.928: [GC [PSYoungGen: 562164K->65072K(578048K)] 1073622K->610355K(1911808K), 0.0485230 secs] [Times: user=0.39 sys=0.00, real=0.04 secs] 
311.976: Total time for which application threads were stopped: 0.0487020 seconds, Stopping threads took: 0.0000930 seconds
312.170: Application time: 0.1936640 seconds
312.170: [GC [PSYoungGen: 556080K->83536K(574976K)] 1101363K->668621K(1908736K), 0.0585850 secs] [Times: user=0.47 sys=0.00, real=0.06 secs] 
312.229: Total time for which application threads were stopped: 0.0587750 seconds, Stopping threads took: 0.0000900 seconds
312.444: Application time: 0.2152210 seconds
312.444: [GC [PSYoungGen: 574544K->65778K(578048K)] 1159629K->685451K(1911808K), 0.0497390 secs] [Times: user=0.39 sys=0.00, real=0.05 secs] 
312.494: Total time for which application threads were stopped: 0.0499430 seconds, Stopping threads took: 0.0001130 seconds
312.693: Application time: 0.1986450 seconds
312.693: [GC [PSYoungGen: 554226K->82976K(571904K)] 1173899K->744651K(1905664K), 0.0617140 secs] [Times: user=0.48 sys=0.00, real=0.06 secs] 
312.755: Total time for which application threads were stopped: 0.0619070 seconds, Stopping threads took: 0.0000760 seconds
312.964: Application time: 0.2097890 seconds
312.965: [GC [PSYoungGen: 571424K->68122K(576512K)] 1233099K->770060K(1910272K), 0.0534720 secs] [Times: user=0.42 sys=0.00, real=0.05 secs] 
313.018: Total time for which application threads were stopped: 0.0536420 seconds, Stopping threads took: 0.0000830 seconds
313.224: Application time: 0.2061680 seconds
313.224: [GC [PSYoungGen: 552986K->81888K(566784K)] 1254924K->826808K(1900544K), 0.0625920 secs] [Times: user=0.49 sys=0.00, real=0.07 secs] 
313.287: Total time for which application threads were stopped: 0.0627760 seconds, Stopping threads took: 0.0000830 seconds
313.492: Application time: 0.2053510 seconds
313.493: [GC [PSYoungGen: 566752K->73696K(576512K)] 1311672K->867549K(1910272K), 0.0606380 secs] [Times: user=0.48 sys=0.00, real=0.06 secs] 
313.553: Total time for which application threads were stopped: 0.0608390 seconds, Stopping threads took: 0.0001120 seconds
313.759: Application time: 0.2052830 seconds
313.759: [GC [PSYoungGen: 558048K->75408K(560128K)] 1351901K->911062K(1893888K), 0.0596090 secs] [Times: user=0.46 sys=0.00, real=0.05 secs] 
313.818: Total time for which application threads were stopped: 0.0597980 seconds, Stopping threads took: 0.0000870 seconds
314.018: Application time: 0.2001340 seconds
314.019: [GC [PSYoungGen: 559760K->80681K(573440K)] 1395414K->963661K(1907200K), 0.0640240 secs] [Times: user=0.51 sys=0.00, real=0.06 secs] 
314.083: Total time for which application threads were stopped: 0.0642080 seconds, Stopping threads took: 0.0000990 seconds
314.296: Application time: 0.2131440 seconds
314.296: [GC [PSYoungGen: 564521K->65264K(573952K)] 1447501K->990729K(1907712K), 0.0547060 secs] [Times: user=0.43 sys=0.00, real=0.06 secs] 
314.351: Total time for which application threads were stopped: 0.0549040 seconds, Stopping threads took: 0.0001000 seconds
314.549: Application time: 0.1978720 seconds
314.550: [GC [PSYoungGen: 549104K->83344K(573440K)] 1474569K->1050310K(1907200K), 0.0622120 secs] [Times: user=0.49 sys=0.00, real=0.06 secs] 
314.613: Total time for which application threads were stopped: 0.0641000 seconds, Stopping threads took: 0.0018000 seconds
314.828: Application time: 0.2151290 seconds
314.828: [GC [PSYoungGen: 566160K->59280K(542208K)] 1533126K->1067811K(1875968K), 0.0517230 secs] [Times: user=0.41 sys=0.00, real=0.05 secs] 
314.880: Total time for which application threads were stopped: 0.0519040 seconds, Stopping threads took: 0.0000810 seconds
315.076: Application time: 0.1965940 seconds
315.076: [GC [PSYoungGen: 542096K->85200K(568832K)] 1550627K->1129390K(1902592K), 0.0614660 secs] [Times: user=0.49 sys=0.00, real=0.06 secs] 
315.138: Total time for which application threads were stopped: 0.0616420 seconds, Stopping threads took: 0.0000850 seconds
315.349: Application time: 0.2114060 seconds
315.350: [GC [PSYoungGen: 560848K->57333K(532992K)] 1605038K->1139611K(1866752K), 0.0492430 secs] [Times: user=0.37 sys=0.01, real=0.05 secs] 
315.399: Total time for which application threads were stopped: 0.0494420 seconds, Stopping threads took: 0.0000950 seconds
315.593: Application time: 0.1941930 seconds
315.593: [GC [PSYoungGen: 532981K->82304K(567808K)] 1615259K->1193844K(1901568K), 0.0567900 secs] [Times: user=0.45 sys=0.00, real=0.06 secs] 
315.650: Total time for which application threads were stopped: 0.0569710 seconds, Stopping threads took: 0.0000920 seconds
315.855: Application time: 0.2048420 seconds
315.855: [GC [PSYoungGen: 553782K->59705K(569344K)] 1665322K->1213125K(1903104K), 0.0508830 secs] [Times: user=0.40 sys=0.00, real=0.06 secs] 
315.907: Total time for which application threads were stopped: 0.0525670 seconds, Stopping threads took: 0.0000840 seconds
316.106: Application time: 0.1983240 seconds
316.106: [GC [PSYoungGen: 531257K->80048K(568320K)] 1684677K->1263298K(1902080K), 0.0549970 secs] [Times: user=0.44 sys=0.00, real=0.05 secs] 
316.162: Total time for which application threads were stopped: 0.0557850 seconds, Stopping threads took: 0.0006780 seconds
316.368: Application time: 0.2067810 seconds
316.368: [GC [PSYoungGen: 550576K->58678K(568832K)] 1733826K->1284119K(1902592K), 0.0512190 secs] [Times: user=0.41 sys=0.00, real=0.05 secs] 
316.420: Total time for which application threads were stopped: 0.0514440 seconds, Stopping threads took: 0.0001280 seconds
316.611: Application time: 0.1912930 seconds
316.611: [GC [PSYoungGen: 529206K->79216K(568320K)] 1754647K->1332734K(1902080K), 0.0555480 secs] [Times: user=0.43 sys=0.01, real=0.06 secs] 
316.667: Total time for which application threads were stopped: 0.0557310 seconds, Stopping threads took: 0.0000950 seconds
316.876: Application time: 0.2092230 seconds
316.876: [GC [PSYoungGen: 549744K->59526K(568832K)] 1803262K->1354485K(1902592K), 0.0509620 secs] [Times: user=0.41 sys=0.00, real=0.06 secs] 
316.927: [Full GC [PSYoungGen: 59526K->0K(568832K)] [ParOldGen: 1294958K->122988K(1333760K)] 1354485K->122988K(1902592K) [PSPermGen: 9167K->9167K(21504K)], 0.1451850 secs] [Times: user=1.04 sys=0.00, real=0.14 secs] 
317.072: Total time for which application threads were stopped: 0.1964260 seconds, Stopping threads took: 0.0001100 seconds
317.268: Application time: 0.1953330 seconds
317.268: [GC [PSYoungGen: 470528K->89744K(561152K)] 593516K->212733K(1894912K), 0.0496170 secs] [Times: user=0.39 sys=0.00, real=0.04 secs] 
317.318: Total time for which application threads were stopped: 0.0497800 seconds, Stopping threads took: 0.0000740 seconds
317.518: Application time: 0.2000780 seconds
317.518: [GC [PSYoungGen: 553104K->58356K(565248K)] 676093K->238293K(1899008K), 0.0571540 secs] [Times: user=0.45 sys=0.00, real=0.06 secs] 
317.575: Total time for which application threads were stopped: 0.0573410 seconds, Stopping threads took: 0.0000870 seconds
317.765: Application time: 0.1904170 seconds
317.766: [GC [PSYoungGen: 521716K->79072K(564224K)] 701653K->286764K(1897984K), 0.0530520 secs] [Times: user=0.42 sys=0.00, real=0.06 secs] 
317.819: Total time for which application threads were stopped: 0.0532520 seconds, Stopping threads took: 0.0001090 seconds
318.022: Application time: 0.2031540 seconds
318.022: [GC [PSYoungGen: 542432K->55547K(564736K)] 750124K->304591K(1898496K), 0.0471660 secs] [Times: user=0.37 sys=0.00, real=0.05 secs] 
318.069: Total time for which application threads were stopped: 0.0473510 seconds, Stopping threads took: 0.0000840 seconds
318.258: Application time: 0.1884110 seconds
318.258: [GC [PSYoungGen: 518907K->81376K(563712K)] 767951K->356757K(1897472K), 0.0528380 secs] [Times: user=0.42 sys=0.00, real=0.05 secs] 
318.311: Total time for which application threads were stopped: 0.0538060 seconds, Stopping threads took: 0.0008810 seconds
318.517: Application time: 0.2057710 seconds
318.517: [GC [PSYoungGen: 543712K->49436K(512000K)] 819093K->361888K(1845760K), 0.0420990 secs] [Times: user=0.34 sys=0.00, real=0.05 secs] 
318.559: Total time for which application threads were stopped: 0.0422730 seconds, Stopping threads took: 0.0000860 seconds
318.747: Application time: 0.1875000 seconds
318.747: [GC [PSYoungGen: 511772K->83728K(560128K)] 824224K->420036K(1893888K), 0.0532040 secs] [Times: user=0.42 sys=0.00, real=0.05 secs] 
318.800: Total time for which application threads were stopped: 0.0533860 seconds, Stopping threads took: 0.0000880 seconds
319.007: Application time: 0.2071290 seconds
319.008: [GC [PSYoungGen: 540944K->49248K(506880K)] 877252K->426840K(1840640K), 0.0444120 secs] [Times: user=0.35 sys=0.00, real=0.04 secs] 
319.052: Total time for which application threads were stopped: 0.0445940 seconds, Stopping threads took: 0.0000930 seconds
319.236: Application time: 0.1836540 seconds
319.236: [GC [PSYoungGen: 506464K->83536K(558592K)] 884056K->488371K(1892352K), 0.0531910 secs] [Times: user=0.42 sys=0.00, real=0.06 secs] 
319.289: Total time for which application threads were stopped: 0.0533510 seconds, Stopping threads took: 0.0000720 seconds
319.490: Application time: 0.2008940 seconds
319.490: [GC [PSYoungGen: 536656K->53440K(560128K)] 941491K->500839K(1893888K), 0.0464050 secs] [Times: user=0.37 sys=0.00, real=0.04 secs] 
319.537: Total time for which application threads were stopped: 0.0465990 seconds, Stopping threads took: 0.0000960 seconds
319.717: Application time: 0.1802690 seconds
319.718: [GC [PSYoungGen: 506560K->84528K(556544K)] 953959K->565026K(1890304K), 0.0571740 secs] [Times: user=0.45 sys=0.00, real=0.05 secs] 
319.776: Total time for which application threads were stopped: 0.0588230 seconds, Stopping threads took: 0.0015620 seconds
319.972: Application time: 0.1966490 seconds
319.974: [GC [PSYoungGen: 534576K->56736K(558592K)] 1015074K->583928K(1892352K), 0.0503600 secs] [Times: user=0.39 sys=0.00, real=0.05 secs] 
320.025: Total time for which application threads were stopped: 0.0525310 seconds, Stopping threads took: 0.0020870 seconds
320.205: Application time: 0.1798220 seconds
320.205: [GC [PSYoungGen: 506784K->84864K(556032K)] 1033976K->648617K(1889792K), 0.0608570 secs] [Times: user=0.47 sys=0.00, real=0.06 secs] 
320.266: Total time for which application threads were stopped: 0.0610580 seconds, Stopping threads took: 0.0001000 seconds
320.466: Application time: 0.2006790 seconds
320.467: [GC [PSYoungGen: 533888K->62592K(512000K)] 1097641K->675268K(1845760K), 0.0560540 secs] [Times: user=0.44 sys=0.00, real=0.05 secs] 
320.523: Total time for which application threads were stopped: 0.0562010 seconds, Stopping threads took: 0.0000620 seconds
320.708: Application time: 0.1849770 seconds
320.708: [GC [PSYoungGen: 511616K->81936K(556544K)] 1124292K->735791K(1890304K), 0.0637110 secs] [Times: user=0.50 sys=0.00, real=0.06 secs] 
320.771: Total time for which application threads were stopped: 0.0639050 seconds, Stopping threads took: 0.0000920 seconds
320.965: Application time: 0.1931970 seconds
320.965: [GC [PSYoungGen: 531984K->68816K(557568K)] 1185839K->772273K(1891328K), 0.0597620 secs] [Times: user=0.47 sys=0.00, real=0.06 secs] 
321.025: Total time for which application threads were stopped: 0.0599430 seconds, Stopping threads took: 0.0000930 seconds
321.210: Application time: 0.1854140 seconds
321.214: [GC [PSYoungGen: 518806K->76571K(558080K)] 1222264K->824639K(1891840K), 0.0609020 secs] [Times: user=0.48 sys=0.00, real=0.06 secs] 
321.275: Total time for which application threads were stopped: 0.0653620 seconds, Stopping threads took: 0.0043670 seconds
321.469: Application time: 0.1937520 seconds
321.470: [GC [PSYoungGen: 531227K->76880K(557568K)] 1279295K->870994K(1891328K), 0.0616610 secs] [Times: user=0.49 sys=0.00, real=0.06 secs] 
321.532: Total time for which application threads were stopped: 0.0629740 seconds, Stopping threads took: 0.0012300 seconds
321.721: Application time: 0.1885940 seconds
321.721: [GC [PSYoungGen: 531536K->74720K(561664K)] 1325650K->914586K(1895424K), 0.0605130 secs] [Times: user=0.48 sys=0.00, real=0.06 secs] 
321.781: Total time for which application threads were stopped: 0.0606980 seconds, Stopping threads took: 0.0000850 seconds
321.973: Application time: 0.1913080 seconds
321.973: [GC [PSYoungGen: 537056K->77568K(562176K)] 1376922K->963354K(1895936K), 0.0619430 secs] [Times: user=0.50 sys=0.00, real=0.06 secs] 
322.035: Total time for which application threads were stopped: 0.0621090 seconds, Stopping threads took: 0.0000820 seconds
322.230: Application time: 0.1949250 seconds
322.230: [GC [PSYoungGen: 539904K->72704K(562176K)] 1425690K->1005507K(1895936K), 0.0608550 secs] [Times: user=0.48 sys=0.00, real=0.06 secs] 
322.291: Total time for which application threads were stopped: 0.0615760 seconds, Stopping threads took: 0.0006240 seconds
322.489: Application time: 0.1980160 seconds
322.490: [GC [PSYoungGen: 540672K->81152K(564736K)] 1473475K->1060117K(1898496K), 0.0672720 secs] [Times: user=0.54 sys=0.00, real=0.06 secs] 
322.557: Total time for which application threads were stopped: 0.0675130 seconds, Stopping threads took: 0.0001490 seconds
322.759: Application time: 0.2017410 seconds
322.759: [GC [PSYoungGen: 549120K->70800K(567808K)] 1528085K->1100495K(1901568K), 0.0612000 secs] [Times: user=0.48 sys=0.00, real=0.06 secs] 
322.820: Total time for which application threads were stopped: 0.0613830 seconds, Stopping threads took: 0.0000840 seconds
323.017: Application time: 0.1969920 seconds
323.017: [GC [PSYoungGen: 543888K->81328K(568832K)] 1573583K->1155387K(1902592K), 0.0658050 secs] [Times: user=0.53 sys=0.00, real=0.07 secs] 
323.083: Total time for which application threads were stopped: 0.0659960 seconds, Stopping threads took: 0.0001020 seconds
323.289: Application time: 0.2058010 seconds
323.289: [GC [PSYoungGen: 554416K->70989K(568832K)] 1628475K->1195159K(1902592K), 0.0629160 secs] [Times: user=0.50 sys=0.00, real=0.06 secs] 
323.352: Total time for which application threads were stopped: 0.0630960 seconds, Stopping threads took: 0.0000810 seconds
323.549: Application time: 0.1974220 seconds
323.550: [GC [PSYoungGen: 546125K->79696K(569856K)] 1670295K->1248317K(1903616K), 0.0639140 secs] [Times: user=0.50 sys=0.00, real=0.06 secs] 
323.613: Total time for which application threads were stopped: 0.0641240 seconds, Stopping threads took: 0.0001250 seconds
323.814: Application time: 0.2005020 seconds
323.814: [GC [PSYoungGen: 554832K->71872K(569344K)] 1723453K->1287959K(1903104K), 0.0601170 secs] [Times: user=0.48 sys=0.00, real=0.06 secs] 
323.874: Total time for which application threads were stopped: 0.0603240 seconds, Stopping threads took: 0.0001090 seconds
324.075: Application time: 0.2005530 seconds
324.075: [GC [PSYoungGen: 549568K->76000K(570880K)] 1765655K->1335992K(1904640K), 0.0619530 secs] [Times: user=0.50 sys=0.00, real=0.06 secs] 
324.137: Total time for which application threads were stopped: 0.0621390 seconds, Stopping threads took: 0.0000970 seconds
324.345: Application time: 0.2082030 seconds
324.345: [GC [PSYoungGen: 553696K->71536K(570368K)] 1813688K->1375129K(1904128K), 0.0601930 secs] [Times: user=0.47 sys=0.00, real=0.06 secs] 
324.406: [Full GC [PSYoungGen: 71536K->0K(570368K)] [ParOldGen: 1303593K->136145K(1333760K)] 1375129K->136145K(1904128K) [PSPermGen: 9167K->9167K(21504K)], 0.1642840 secs] [Times: user=1.20 sys=0.00, real=0.17 secs] 
324.570: Total time for which application threads were stopped: 0.2247270 seconds, Stopping threads took: 0.0000790 seconds
324.775: Application time: 0.2048290 seconds
324.775: [GC [PSYoungGen: 481792K->81200K(572416K)] 617937K->217345K(1906176K), 0.0464520 secs] [Times: user=0.36 sys=0.00, real=0.05 secs] 
324.821: Total time for which application threads were stopped: 0.0466510 seconds, Stopping threads took: 0.0001100 seconds
325.028: Application time: 0.2065160 seconds
325.028: [GC [PSYoungGen: 562992K->71488K(575488K)] 699137K->252891K(1909248K), 0.0598120 secs] [Times: user=0.47 sys=0.00, real=0.06 secs] 
325.088: Total time for which application threads were stopped: 0.0599920 seconds, Stopping threads took: 0.0000810 seconds
325.294: Application time: 0.2057240 seconds
325.294: [GC [PSYoungGen: 556352K->65152K(575488K)] 737755K->286026K(1909248K), 0.0508050 secs] [Times: user=0.40 sys=0.00, real=0.05 secs] 
325.345: Total time for which application threads were stopped: 0.0509990 seconds, Stopping threads took: 0.0001100 seconds
325.547: Application time: 0.2023140 seconds
325.547: [GC [PSYoungGen: 550016K->72229K(573440K)] 770890K->313058K(1907200K), 0.0452950 secs] [Times: user=0.36 sys=0.00, real=0.04 secs] 
325.592: Total time for which application threads were stopped: 0.0454610 seconds, Stopping threads took: 0.0000650 seconds
325.811: Application time: 0.2181410 seconds
325.811: [GC [PSYoungGen: 558117K->58304K(574976K)] 798946K->333830K(1908736K), 0.0465290 secs] [Times: user=0.35 sys=0.00, real=0.04 secs] 
325.857: Total time for which application threads were stopped: 0.0466970 seconds, Stopping threads took: 0.0000710 seconds
326.055: Application time: 0.1972350 seconds
326.055: [GC [PSYoungGen: 544168K->78085K(576000K)] 819694K->377124K(1909760K), 0.0477340 secs] [Times: user=0.37 sys=0.00, real=0.05 secs] 
326.102: Total time for which application threads were stopped: 0.0479240 seconds, Stopping threads took: 0.0000900 seconds
326.319: Application time: 0.2166670 seconds
326.319: [GC [PSYoungGen: 563973K->51458K(537600K)] 863012K->382053K(1871360K), 0.0404900 secs] [Times: user=0.32 sys=0.00, real=0.04 secs] 
326.360: Total time for which application threads were stopped: 0.0406560 seconds, Stopping threads took: 0.0000770 seconds
326.550: Application time: 0.1906740 seconds
326.551: [GC [PSYoungGen: 537157K->86237K(567296K)] 867752K->434701K(1901056K), 0.0481910 secs] [Times: user=0.38 sys=0.00, real=0.05 secs] 
326.599: Total time for which application threads were stopped: 0.0483520 seconds, Stopping threads took: 0.0000740 seconds
326.825: Application time: 0.2257470 seconds
326.825: [GC [PSYoungGen: 560861K->47367K(522240K)] 909325K->429123K(1856000K), 0.0390520 secs] [Times: user=0.31 sys=0.00, real=0.04 secs] 
326.864: Total time for which application threads were stopped: 0.0392420 seconds, Stopping threads took: 0.0000840 seconds
327.047: Application time: 0.1831520 seconds
327.047: [GC [PSYoungGen: 521991K->89039K(560128K)] 903747K->498157K(1893888K), 0.0549680 secs] [Times: user=0.43 sys=0.00, real=0.05 secs] 
327.102: Total time for which application threads were stopped: 0.0551470 seconds, Stopping threads took: 0.0000870 seconds
327.315: Application time: 0.2126790 seconds
327.315: [GC [PSYoungGen: 551375K->51352K(514048K)] 960493K->502642K(1847808K), 0.0459670 secs] [Times: user=0.37 sys=0.00, real=0.05 secs] 
327.361: Total time for which application threads were stopped: 0.0461520 seconds, Stopping threads took: 0.0000980 seconds
327.543: Application time: 0.1823880 seconds
327.543: [GC [PSYoungGen: 513688K->84943K(560128K)] 964978K->567189K(1893888K), 0.0553320 secs] [Times: user=0.44 sys=0.00, real=0.06 secs] 
327.599: Total time for which application threads were stopped: 0.0555030 seconds, Stopping threads took: 0.0000710 seconds
327.806: Application time: 0.2071520 seconds
327.806: [GC [PSYoungGen: 542159K->49339K(506880K)] 1024405K->573864K(1840640K), 0.0448380 secs] [Times: user=0.35 sys=0.00, real=0.05 secs] 
327.851: Total time for which application threads were stopped: 0.0450120 seconds, Stopping threads took: 0.0000880 seconds
328.036: Application time: 0.1846440 seconds
328.036: [GC [PSYoungGen: 506555K->86064K(556544K)] 1031080K->638995K(1890304K), 0.0552030 secs] [Times: user=0.43 sys=0.00, real=0.06 secs] 
328.091: Total time for which application threads were stopped: 0.0553750 seconds, Stopping threads took: 0.0000840 seconds
328.294: Application time: 0.2031330 seconds
328.298: [GC [PSYoungGen: 537136K->48555K(559104K)] 1090067K->643455K(1892864K), 0.0441070 secs] [Times: user=0.35 sys=0.00, real=0.04 secs] 
328.343: Total time for which application threads were stopped: 0.0484110 seconds, Stopping threads took: 0.0042030 seconds
328.520: Application time: 0.1776670 seconds
328.520: [GC [PSYoungGen: 499627K->85394K(553984K)] 1094527K->711653K(1887744K), 0.0559660 secs] [Times: user=0.44 sys=0.00, real=0.05 secs] 
328.576: Total time for which application threads were stopped: 0.0561250 seconds, Stopping threads took: 0.0000700 seconds
328.781: Application time: 0.2049880 seconds
328.781: [GC [PSYoungGen: 531346K->51008K(556544K)] 1157605K->721625K(1890304K), 0.0480740 secs] [Times: user=0.38 sys=0.00, real=0.05 secs] 
328.830: Total time for which application threads were stopped: 0.0482470 seconds, Stopping threads took: 0.0000850 seconds
329.009: Application time: 0.1797840 seconds
329.010: [GC [PSYoungGen: 496960K->81129K(555520K)] 1167577K->784120K(1889280K), 0.0561310 secs] [Times: user=0.44 sys=0.00, real=0.05 secs] 
329.066: Total time for which application threads were stopped: 0.0563420 seconds, Stopping threads took: 0.0000930 seconds
329.261: Application time: 0.1948900 seconds
329.261: [GC [PSYoungGen: 527081K->57984K(504320K)] 1230072K->807259K(1838080K), 0.0512810 secs] [Times: user=0.40 sys=0.00, real=0.05 secs] 
329.312: Total time for which application threads were stopped: 0.0514340 seconds, Stopping threads took: 0.0000660 seconds
329.492: Application time: 0.1794830 seconds
329.492: [GC [PSYoungGen: 503936K->80730K(553984K)] 1253211K->865488K(1887744K), 0.0577200 secs] [Times: user=0.46 sys=0.00, real=0.06 secs] 
329.550: Total time for which application threads were stopped: 0.0579440 seconds, Stopping threads took: 0.0001410 seconds
329.740: Application time: 0.1902330 seconds
329.740: [GC [PSYoungGen: 526682K->65552K(555008K)] 1311440K->898063K(1888768K), 0.0566800 secs] [Times: user=0.45 sys=0.00, real=0.05 secs] 
329.797: Total time for which application threads were stopped: 0.0568710 seconds, Stopping threads took: 0.0000920 seconds
329.985: Application time: 0.1881290 seconds
329.986: [GC [PSYoungGen: 511504K->76618K(556032K)] 1344015K->950259K(1889792K), 0.0599680 secs] [Times: user=0.47 sys=0.00, real=0.06 secs] 
330.046: Total time for which application threads were stopped: 0.0617100 seconds, Stopping threads took: 0.0016540 seconds
330.238: Application time: 0.1916860 seconds
330.238: [GC [PSYoungGen: 527178K->74544K(555520K)] 1400819K->994449K(1889280K), 0.0608320 secs] [Times: user=0.48 sys=0.00, real=0.07 secs] 
330.299: Total time for which application threads were stopped: 0.0610240 seconds, Stopping threads took: 0.0001040 seconds
330.487: Application time: 0.1879380 seconds
330.487: [GC [PSYoungGen: 525104K->73072K(560128K)] 1445009K->1037337K(1893888K), 0.0586020 secs] [Times: user=0.46 sys=0.00, real=0.05 secs] 
330.546: Total time for which application threads were stopped: 0.0587620 seconds, Stopping threads took: 0.0000600 seconds
330.737: Application time: 0.1911900 seconds
330.737: [GC [PSYoungGen: 531824K->77120K(559616K)] 1496089K->1087197K(1893376K), 0.0623330 secs] [Times: user=0.49 sys=0.00, real=0.07 secs] 
330.800: Total time for which application threads were stopped: 0.0624990 seconds, Stopping threads took: 0.0000780 seconds
330.994: Application time: 0.1940490 seconds
330.994: [GC [PSYoungGen: 535872K->74464K(563200K)] 1545949K->1131760K(1896960K), 0.0608030 secs] [Times: user=0.48 sys=0.00, real=0.06 secs] 
331.055: Total time for which application threads were stopped: 0.0609780 seconds, Stopping threads took: 0.0000760 seconds
331.251: Application time: 0.1964960 seconds
331.251: [GC [PSYoungGen: 540384K->78400K(564224K)] 1597680K->1183315K(1897984K), 0.0634730 secs] [Times: user=0.50 sys=0.00, real=0.06 secs] 
331.315: Total time for which application threads were stopped: 0.0636510 seconds, Stopping threads took: 0.0000920 seconds
331.516: Application time: 0.2011250 seconds
331.516: [GC [PSYoungGen: 544320K->74290K(565760K)] 1649235K->1226904K(1899520K), 0.0633990 secs] [Times: user=0.51 sys=0.00, real=0.07 secs] 
331.579: Total time for which application threads were stopped: 0.0635890 seconds, Stopping threads took: 0.0000890 seconds
331.775: Application time: 0.1955280 seconds
331.775: [GC [PSYoungGen: 544818K->77648K(567296K)] 1697432K->1279715K(1901056K), 0.0653030 secs] [Times: user=0.52 sys=0.00, real=0.07 secs] 
331.840: Total time for which application threads were stopped: 0.0654770 seconds, Stopping threads took: 0.0000850 seconds
332.044: Application time: 0.2032550 seconds
332.044: [GC [PSYoungGen: 548176K->73499K(565760K)] 1750243K->1318742K(1899520K), 0.0594120 secs] [Times: user=0.47 sys=0.00, real=0.06 secs] 
332.103: Total time for which application threads were stopped: 0.0595870 seconds, Stopping threads took: 0.0000780 seconds
332.299: Application time: 0.1955010 seconds
332.302: [GC [PSYoungGen: 547611K->77648K(568320K)] 1792854K->1370556K(1902080K), 0.0631870 secs] [Times: user=0.50 sys=0.00, real=0.06 secs] 
332.366: [Full GC [PSYoungGen: 77648K->0K(568320K)] [ParOldGen: 1292908K->146776K(1333760K)] 1370556K->146776K(1902080K) [PSPermGen: 9167K->9167K(21504K)], 0.1839780 secs] [Times: user=1.35 sys=0.00, real=0.19 secs] 
332.550: Total time for which application threads were stopped: 0.2508970 seconds, Stopping threads took: 0.0035730 seconds
332.757: Application time: 0.2073130 seconds
332.758: [GC [PSYoungGen: 474112K->77970K(571392K)] 620888K->224747K(1905152K), 0.0449690 secs] [Times: user=0.36 sys=0.00, real=0.05 secs] 
332.803: Total time for which application threads were stopped: 0.0457250 seconds, Stopping threads took: 0.0006330 seconds
333.000: Application time: 0.1975600 seconds
333.000: [GC [PSYoungGen: 557202K->78832K(572416K)] 703979K->278825K(1906176K), 0.0669240 secs] [Times: user=0.54 sys=0.00, real=0.07 secs] 
333.067: Total time for which application threads were stopped: 0.0670960 seconds, Stopping threads took: 0.0000860 seconds
333.273: Application time: 0.2056570 seconds
333.273: [GC [PSYoungGen: 558064K->68848K(571904K)] 758057K->307734K(1905664K), 0.0518560 secs] [Times: user=0.41 sys=0.00, real=0.05 secs] 
333.325: Total time for which application threads were stopped: 0.0520390 seconds, Stopping threads took: 0.0000800 seconds
333.527: Application time: 0.2020390 seconds
333.527: [GC [PSYoungGen: 549616K->73312K(572928K)] 788502K->354673K(1906688K), 0.0580390 secs] [Times: user=0.46 sys=0.00, real=0.05 secs] 
333.585: Total time for which application threads were stopped: 0.0582060 seconds, Stopping threads took: 0.0000740 seconds
333.789: Application time: 0.2039580 seconds
333.789: [GC [PSYoungGen: 554080K->72475K(572416K)] 835441K->390945K(1906176K), 0.0526920 secs] [Times: user=0.41 sys=0.00, real=0.05 secs] 
333.842: Total time for which application threads were stopped: 0.0528740 seconds, Stopping threads took: 0.0000800 seconds
334.051: Application time: 0.2092820 seconds
334.052: [GC [PSYoungGen: 556827K->68208K(573440K)] 875297K->426836K(1907200K), 0.0536750 secs] [Times: user=0.42 sys=0.00, real=0.05 secs] 
334.105: Total time for which application threads were stopped: 0.0538420 seconds, Stopping threads took: 0.0000810 seconds
334.308: Application time: 0.2026530 seconds
334.308: [GC [PSYoungGen: 552560K->73159K(574464K)] 911188K->468411K(1908224K), 0.0529940 secs] [Times: user=0.42 sys=0.00, real=0.05 secs] 
334.361: Total time for which application threads were stopped: 0.0531890 seconds, Stopping threads took: 0.0000970 seconds
334.580: Application time: 0.2186680 seconds
334.582: [GC [PSYoungGen: 562631K->62384K(576512K)] 957883K->493408K(1910272K), 0.0488470 secs] [Times: user=0.39 sys=0.00, real=0.05 secs] 
334.631: Total time for which application threads were stopped: 0.0514880 seconds, Stopping threads took: 0.0025550 seconds
334.835: Application time: 0.2041260 seconds
334.836: [GC [PSYoungGen: 551856K->76059K(579584K)] 982880K->538500K(1913344K), 0.0526000 secs] [Times: user=0.42 sys=0.00, real=0.06 secs] 
334.888: Total time for which application threads were stopped: 0.0527940 seconds, Stopping threads took: 0.0000960 seconds
335.103: Application time: 0.2144810 seconds
335.103: [GC [PSYoungGen: 568091K->58017K(550400K)] 1030532K->546254K(1884160K), 0.0409780 secs] [Times: user=0.32 sys=0.00, real=0.04 secs] 
335.144: Total time for which application threads were stopped: 0.0411680 seconds, Stopping threads took: 0.0001030 seconds
335.345: Application time: 0.2007100 seconds
335.345: [GC [PSYoungGen: 550049K->81115K(574464K)] 1038286K->592327K(1908224K), 0.0503700 secs] [Times: user=0.39 sys=0.00, real=0.05 secs] 
335.395: Total time for which application threads were stopped: 0.0505630 seconds, Stopping threads took: 0.0000910 seconds
335.610: Application time: 0.2149330 seconds
335.610: [GC [PSYoungGen: 567003K->62051K(576512K)] 1078215K->605605K(1910272K), 0.0459840 secs] [Times: user=0.35 sys=0.00, real=0.04 secs] 
335.656: Total time for which application threads were stopped: 0.0461620 seconds, Stopping threads took: 0.0000860 seconds
335.860: Application time: 0.2035950 seconds
335.860: [GC [PSYoungGen: 547939K->80197K(573952K)] 1091493K->655089K(1907712K), 0.0539480 secs] [Times: user=0.43 sys=0.00, real=0.05 secs] 
335.914: Total time for which application threads were stopped: 0.0541750 seconds, Stopping threads took: 0.0001150 seconds
336.120: Application time: 0.2063200 seconds
336.121: [GC [PSYoungGen: 564037K->68144K(575488K)] 1138929K->684993K(1909248K), 0.0526150 secs] [Times: user=0.42 sys=0.00, real=0.05 secs] 
336.173: Total time for which application threads were stopped: 0.0528130 seconds, Stopping threads took: 0.0001130 seconds
336.377: Application time: 0.2040260 seconds
336.377: [GC [PSYoungGen: 551984K->78016K(575488K)] 1168833K->730951K(1909248K), 0.0572900 secs] [Times: user=0.45 sys=0.00, real=0.06 secs] 
336.435: Total time for which application threads were stopped: 0.0574800 seconds, Stopping threads took: 0.0000890 seconds
336.646: Application time: 0.2108220 seconds
336.646: [GC [PSYoungGen: 562880K->72274K(557568K)] 1215815K->768288K(1891328K), 0.0572880 secs] [Times: user=0.46 sys=0.00, real=0.06 secs] 
336.703: Total time for which application threads were stopped: 0.0574820 seconds, Stopping threads took: 0.0001120 seconds
336.911: Application time: 0.2079910 seconds
336.914: [GC [PSYoungGen: 557138K->74918K(574976K)] 1253152K->811405K(1908736K), 0.0577430 secs] [Times: user=0.46 sys=0.00, real=0.06 secs] 
336.972: Total time for which application threads were stopped: 0.0612070 seconds, Stopping threads took: 0.0033660 seconds
337.180: Application time: 0.2075320 seconds
337.180: [GC [PSYoungGen: 560806K->74107K(574464K)] 1297293K->854622K(1908224K), 0.0582070 secs] [Times: user=0.46 sys=0.00, real=0.05 secs] 
337.238: Total time for which application threads were stopped: 0.0583970 seconds, Stopping threads took: 0.0001030 seconds
337.441: Application time: 0.2031440 seconds
337.441: [GC [PSYoungGen: 559995K->73088K(577024K)] 1340510K->893338K(1910784K), 0.0560850 secs] [Times: user=0.45 sys=0.00, real=0.05 secs] 
337.498: Total time for which application threads were stopped: 0.0562820 seconds, Stopping threads took: 0.0000950 seconds
337.706: Application time: 0.2087330 seconds
337.707: [GC [PSYoungGen: 564096K->75755K(577024K)] 1384346K->932083K(1910784K), 0.0578820 secs] [Times: user=0.45 sys=0.00, real=0.05 secs] 
337.765: Total time for which application threads were stopped: 0.0581960 seconds, Stopping threads took: 0.0002260 seconds
337.973: Application time: 0.2085000 seconds
337.973: [GC [PSYoungGen: 566763K->80695K(578048K)] 1423091K->982415K(1911808K), 0.0641340 secs] [Times: user=0.51 sys=0.00, real=0.06 secs] 
338.037: Total time for which application threads were stopped: 0.0643510 seconds, Stopping threads took: 0.0001130 seconds
338.250: Application time: 0.2125750 seconds
338.250: [GC [PSYoungGen: 572727K->73669K(579584K)] 1474447K->1020561K(1913344K), 0.0591500 secs] [Times: user=0.47 sys=0.00, real=0.06 secs] 
338.309: Total time for which application threads were stopped: 0.0593170 seconds, Stopping threads took: 0.0000850 seconds
338.517: Application time: 0.2077190 seconds
338.518: [GC [PSYoungGen: 565701K->80301K(578560K)] 1512593K->1070017K(1912320K), 0.0614690 secs] [Times: user=0.49 sys=0.00, real=0.06 secs] 
338.580: Total time for which application threads were stopped: 0.0629560 seconds, Stopping threads took: 0.0013900 seconds
338.793: Application time: 0.2130630 seconds
338.793: [GC [PSYoungGen: 572333K->71495K(579584K)] 1562049K->1101725K(1913344K), 0.0571230 secs] [Times: user=0.45 sys=0.00, real=0.06 secs] 
338.850: Total time for which application threads were stopped: 0.0573030 seconds, Stopping threads took: 0.0000900 seconds
339.060: Application time: 0.2098510 seconds
339.060: [GC [PSYoungGen: 563527K->79296K(578560K)] 1593757K->1149846K(1912320K), 0.0624390 secs] [Times: user=0.48 sys=0.00, real=0.06 secs] 
339.123: Total time for which application threads were stopped: 0.0626180 seconds, Stopping threads took: 0.0000810 seconds
339.332: Application time: 0.2096840 seconds
339.333: [GC [PSYoungGen: 571328K->72820K(579584K)] 1641878K->1188056K(1913344K), 0.0594500 secs] [Times: user=0.47 sys=0.00, real=0.06 secs] 
339.392: Total time for which application threads were stopped: 0.0596510 seconds, Stopping threads took: 0.0001050 seconds
339.607: Application time: 0.2146170 seconds
339.607: [GC [PSYoungGen: 564852K->69232K(578560K)] 1680088K->1221756K(1912320K), 0.0541310 secs] [Times: user=0.43 sys=0.00, real=0.05 secs] 
339.661: Total time for which application threads were stopped: 0.0543060 seconds, Stopping threads took: 0.0000800 seconds
339.862: Application time: 0.2005580 seconds
339.862: [GC [PSYoungGen: 562288K->79120K(579072K)] 1714812K->1273912K(1912832K), 0.0600200 secs] [Times: user=0.47 sys=0.00, real=0.06 secs] 
339.922: Total time for which application threads were stopped: 0.0601900 seconds, Stopping threads took: 0.0000830 seconds
340.139: Application time: 0.2171330 seconds
340.139: [GC [PSYoungGen: 572176K->65618K(580096K)] 1766968K->1289901K(1913856K), 0.0497890 secs] [Times: user=0.39 sys=0.00, real=0.05 secs] 
340.189: Total time for which application threads were stopped: 0.0499890 seconds, Stopping threads took: 0.0000940 seconds
340.399: Application time: 0.2101200 seconds
340.399: [GC [PSYoungGen: 558674K->81168K(574464K)] 1782957K->1341306K(1908224K), 0.0598040 secs] [Times: user=0.48 sys=0.00, real=0.06 secs] 
340.459: Total time for which application threads were stopped: 0.0599710 seconds, Stopping threads took: 0.0000780 seconds
340.669: Application time: 0.2104140 seconds
340.670: [GC [PSYoungGen: 574224K->69978K(579072K)] 1834362K->1372836K(1912832K), 0.0583590 secs] [Times: user=0.46 sys=0.00, real=0.06 secs] 
340.728: [Full GC [PSYoungGen: 69978K->0K(579072K)] [ParOldGen: 1302858K->133482K(1333760K)] 1372836K->133482K(1912832K) [PSPermGen: 9167K->9167K(21504K)], 0.1603990 secs] [Times: user=1.16 sys=0.00, real=0.16 secs] 
340.888: Total time for which application threads were stopped: 0.2190200 seconds, Stopping threads took: 0.0000860 seconds
341.098: Application time: 0.2098160 seconds
341.098: [GC [PSYoungGen: 490496K->84448K(574976K)] 623978K->217931K(1908736K), 0.0494740 secs] [Times: user=0.39 sys=0.00, real=0.05 secs] 
341.148: Total time for which application threads were stopped: 0.0496910 seconds, Stopping threads took: 0.0001310 seconds
341.354: Application time: 0.2057670 seconds
341.354: [GC [PSYoungGen: 574944K->68640K(577024K)] 708427K->260166K(1910784K), 0.0653220 secs] [Times: user=0.52 sys=0.00, real=0.07 secs] 
341.419: Total time for which application threads were stopped: 0.0655140 seconds, Stopping threads took: 0.0000920 seconds
341.626: Application time: 0.2071570 seconds
341.627: [GC [PSYoungGen: 555040K->75917K(562688K)] 746566K->295107K(1896448K), 0.0499730 secs] [Times: user=0.40 sys=0.00, real=0.04 secs] 
341.677: Total time for which application threads were stopped: 0.0501630 seconds, Stopping threads took: 0.0001030 seconds
341.890: Application time: 0.2129990 seconds
341.890: [GC [PSYoungGen: 562317K->67224K(575488K)] 781507K->327844K(1909248K), 0.0534480 secs] [Times: user=0.42 sys=0.00, real=0.05 secs] 
341.943: Total time for which application threads were stopped: 0.0536530 seconds, Stopping threads took: 0.0000870 seconds
342.137: Application time: 0.1940620 seconds
342.137: [GC [PSYoungGen: 553624K->85079K(575488K)] 814244K->382035K(1909248K), 0.0570700 secs] [Times: user=0.45 sys=0.00, real=0.06 secs] 
342.195: Total time for which application threads were stopped: 0.0572430 seconds, Stopping threads took: 0.0000850 seconds
342.416: Application time: 0.2216190 seconds
342.416: [GC [PSYoungGen: 571479K->63440K(575488K)] 868435K->404302K(1909248K), 0.0537240 secs] [Times: user=0.42 sys=0.00, real=0.06 secs] 
342.470: Total time for which application threads were stopped: 0.0539070 seconds, Stopping threads took: 0.0000810 seconds
342.658: Application time: 0.1883390 seconds
342.659: [GC [PSYoungGen: 547280K->87955K(571904K)] 888142K->469710K(1905664K), 0.0611010 secs] [Times: user=0.49 sys=0.00, real=0.06 secs] 
342.720: Total time for which application threads were stopped: 0.0612830 seconds, Stopping threads took: 0.0000910 seconds
342.945: Application time: 0.2248830 seconds
342.945: [GC [PSYoungGen: 571795K->62762K(571904K)] 953550K->487788K(1905664K), 0.0527980 secs] [Times: user=0.41 sys=0.00, real=0.05 secs] 
342.998: Total time for which application threads were stopped: 0.0529790 seconds, Stopping threads took: 0.0000830 seconds
343.182: Application time: 0.1840240 seconds
343.182: [GC [PSYoungGen: 539434K->88512K(565248K)] 964460K->558183K(1899008K), 0.0637120 secs] [Times: user=0.51 sys=0.00, real=0.06 secs] 
343.246: Total time for which application threads were stopped: 0.0638860 seconds, Stopping threads took: 0.0000860 seconds
343.470: Application time: 0.2246910 seconds
343.470: [GC [PSYoungGen: 565184K->57610K(567296K)] 1034855K->563644K(1901056K), 0.0484820 secs] [Times: user=0.36 sys=0.01, real=0.05 secs] 
343.519: Total time for which application threads were stopped: 0.0486500 seconds, Stopping threads took: 0.0000670 seconds
343.697: Application time: 0.1777630 seconds
343.697: [GC [PSYoungGen: 526090K->88272K(557056K)] 1032124K->637064K(1890816K), 0.0632650 secs] [Times: user=0.50 sys=0.00, real=0.07 secs] 
343.760: Total time for which application threads were stopped: 0.0634370 seconds, Stopping threads took: 0.0000850 seconds
343.979: Application time: 0.2193320 seconds
343.980: [GC [PSYoungGen: 556752K->54717K(563712K)] 1105544K->639285K(1897472K), 0.0457690 secs] [Times: user=0.36 sys=0.00, real=0.04 secs] 
344.025: Total time for which application threads were stopped: 0.0459510 seconds, Stopping threads took: 0.0000870 seconds
344.204: Application time: 0.1786610 seconds
344.204: [GC [PSYoungGen: 516029K->89520K(550912K)] 1100597K->715615K(1884672K), 0.0634750 secs] [Times: user=0.50 sys=0.00, real=0.07 secs] 
344.268: Total time for which application threads were stopped: 0.0636520 seconds, Stopping threads took: 0.0000880 seconds
344.482: Application time: 0.2142400 seconds
344.482: [GC [PSYoungGen: 550832K->53854K(560128K)] 1176927K->720488K(1893888K), 0.0478260 secs] [Times: user=0.38 sys=0.00, real=0.05 secs] 
344.530: Total time for which application threads were stopped: 0.0480510 seconds, Stopping threads took: 0.0001210 seconds
344.700: Application time: 0.1701030 seconds
344.700: [GC [PSYoungGen: 507998K->87168K(541696K)] 1174632K->794590K(1875456K), 0.0621470 secs] [Times: user=0.49 sys=0.00, real=0.06 secs] 
344.762: Total time for which application threads were stopped: 0.0623330 seconds, Stopping threads took: 0.0000880 seconds
344.972: Application time: 0.2093570 seconds
344.972: [GC [PSYoungGen: 541312K->56368K(559104K)] 1248734K->805372K(1892864K), 0.0494390 secs] [Times: user=0.39 sys=0.00, real=0.05 secs] 
345.021: Total time for which application threads were stopped: 0.0496030 seconds, Stopping threads took: 0.0000730 seconds
345.197: Application time: 0.1755130 seconds
345.197: [GC [PSYoungGen: 506928K->84455K(535040K)] 1255932K->874674K(1868800K), 0.0616990 secs] [Times: user=0.49 sys=0.00, real=0.07 secs] 
345.259: Total time for which application threads were stopped: 0.0618780 seconds, Stopping threads took: 0.0000760 seconds
345.465: Application time: 0.2062750 seconds
345.465: [GC [PSYoungGen: 535015K->60048K(559104K)] 1325234K->892998K(1892864K), 0.0534170 secs] [Times: user=0.43 sys=0.00, real=0.06 secs] 
345.519: Total time for which application threads were stopped: 0.0535910 seconds, Stopping threads took: 0.0000830 seconds
345.699: Application time: 0.1802420 seconds
345.699: [GC [PSYoungGen: 510096K->80809K(530944K)] 1343046K->954140K(1864704K), 0.0602280 secs] [Times: user=0.47 sys=0.00, real=0.06 secs] 
345.759: Total time for which application threads were stopped: 0.0604050 seconds, Stopping threads took: 0.0000820 seconds
345.959: Application time: 0.1997030 seconds
345.959: [GC [PSYoungGen: 530857K->65376K(559616K)] 1404188K->984331K(1893376K), 0.0571200 secs] [Times: user=0.45 sys=0.00, real=0.05 secs] 
346.016: Total time for which application threads were stopped: 0.0572790 seconds, Stopping threads took: 0.0000720 seconds
346.213: Application time: 0.1970660 seconds
346.213: [GC [PSYoungGen: 517472K->69333K(521728K)] 1436427K->1027909K(1855488K), 0.0561920 secs] [Times: user=0.45 sys=0.00, real=0.06 secs] 
346.270: Total time for which application threads were stopped: 0.0563800 seconds, Stopping threads took: 0.0000860 seconds
346.459: Application time: 0.1895150 seconds
346.459: [GC [PSYoungGen: 521429K->77008K(557568K)] 1480005K->1078475K(1891328K), 0.0598680 secs] [Times: user=0.47 sys=0.00, real=0.06 secs] 
346.519: Total time for which application threads were stopped: 0.0600490 seconds, Stopping threads took: 0.0000970 seconds
346.720: Application time: 0.2006510 seconds
346.720: [GC [PSYoungGen: 532176K->59817K(556544K)] 1533643K->1103404K(1890304K), 0.0534480 secs] [Times: user=0.42 sys=0.00, real=0.05 secs] 
346.774: Total time for which application threads were stopped: 0.0536370 seconds, Stopping threads took: 0.0000890 seconds
346.960: Application time: 0.1868070 seconds
346.961: [GC [PSYoungGen: 514985K->83648K(562688K)] 1558572K->1164056K(1896448K), 0.0622210 secs] [Times: user=0.48 sys=0.00, real=0.06 secs] 
347.023: Total time for which application threads were stopped: 0.0623950 seconds, Stopping threads took: 0.0000860 seconds
347.222: Application time: 0.1997190 seconds
347.223: [GC [PSYoungGen: 545472K->61717K(564224K)] 1625880K->1186490K(1897984K), 0.0535440 secs] [Times: user=0.42 sys=0.00, real=0.05 secs] 
347.276: Total time for which application threads were stopped: 0.0537390 seconds, Stopping threads took: 0.0000980 seconds
347.468: Application time: 0.1916720 seconds
347.468: [GC [PSYoungGen: 523541K->82848K(563712K)] 1648314K->1246769K(1897472K), 0.0626190 secs] [Times: user=0.49 sys=0.00, real=0.06 secs] 
347.531: Total time for which application threads were stopped: 0.0627880 seconds, Stopping threads took: 0.0000850 seconds
347.735: Application time: 0.2044770 seconds
347.735: [GC [PSYoungGen: 545184K->60907K(564736K)] 1709105K->1269721K(1898496K), 0.0546730 secs] [Times: user=0.43 sys=0.00, real=0.06 secs] 
347.790: Total time for which application threads were stopped: 0.0548520 seconds, Stopping threads took: 0.0000780 seconds
347.974: Application time: 0.1835980 seconds
347.974: [GC [PSYoungGen: 523243K->85904K(560640K)] 1732057K->1333497K(1894400K), 0.0640290 secs] [Times: user=0.51 sys=0.00, real=0.06 secs] 
348.038: Total time for which application threads were stopped: 0.0642100 seconds, Stopping threads took: 0.0000920 seconds
348.241: Application time: 0.2031090 seconds
348.241: [GC [PSYoungGen: 545168K->58880K(563200K)] 1792761K->1351245K(1896960K), 0.0527090 secs] [Times: user=0.42 sys=0.00, real=0.05 secs] 
348.294: [Full GC [PSYoungGen: 58880K->0K(563200K)] [ParOldGen: 1292364K->133616K(1333760K)] 1351245K->133616K(1896960K) [PSPermGen: 9168K->9168K(21504K)], 0.1669380 secs] [Times: user=1.22 sys=0.00, real=0.17 secs] 
348.461: Total time for which application threads were stopped: 0.2199010 seconds, Stopping threads took: 0.0000900 seconds
348.644: Application time: 0.1830670 seconds
348.644: [GC [PSYoungGen: 459264K->89456K(557568K)] 592880K->223073K(1891328K), 0.0474690 secs] [Times: user=0.38 sys=0.00, real=0.05 secs] 
348.692: Total time for which application threads were stopped: 0.0476600 seconds, Stopping threads took: 0.0001030 seconds
348.894: Application time: 0.2024600 seconds
348.898: [GC [PSYoungGen: 543600K->61296K(560640K)] 677217K->246666K(1894400K), 0.0562940 secs] [Times: user=0.44 sys=0.01, real=0.05 secs] 
348.955: Total time for which application threads were stopped: 0.0607630 seconds, Stopping threads took: 0.0043710 seconds
349.138: Application time: 0.1829420 seconds
349.138: [GC [PSYoungGen: 515440K->84416K(559616K)] 700810K->310814K(1893376K), 0.0608010 secs] [Times: user=0.48 sys=0.00, real=0.07 secs] 
349.199: Total time for which application threads were stopped: 0.0609980 seconds, Stopping threads took: 0.0001060 seconds
349.396: Application time: 0.1976500 seconds
349.397: [GC [PSYoungGen: 538560K->63472K(517632K)] 764958K->338857K(1851392K), 0.0550060 secs] [Times: user=0.44 sys=0.00, real=0.06 secs] 
349.452: Total time for which application threads were stopped: 0.0551760 seconds, Stopping threads took: 0.0000770 seconds
349.634: Application time: 0.1823420 seconds
349.634: [GC [PSYoungGen: 517616K->84864K(558592K)] 793001K->402306K(1892352K), 0.0624450 secs] [Times: user=0.50 sys=0.00, real=0.06 secs] 
349.697: Total time for which application threads were stopped: 0.0626340 seconds, Stopping threads took: 0.0000900 seconds
349.896: Application time: 0.1994290 seconds
349.896: [GC [PSYoungGen: 538496K->66976K(560128K)] 855938K->436001K(1893888K), 0.0601830 secs] [Times: user=0.47 sys=0.00, real=0.06 secs] 
349.956: Total time for which application threads were stopped: 0.0603550 seconds, Stopping threads took: 0.0000860 seconds
350.145: Application time: 0.1886440 seconds
350.147: [GC [PSYoungGen: 520608K->81927K(560128K)] 889633K->493898K(1893888K), 0.0633330 secs] [Times: user=0.50 sys=0.00, real=0.06 secs] 
350.210: Total time for which application threads were stopped: 0.0648700 seconds, Stopping threads took: 0.0014390 seconds
350.406: Application time: 0.1961060 seconds
350.406: [GC [PSYoungGen: 537607K->70608K(560128K)] 949578K->532805K(1893888K), 0.0596400 secs] [Times: user=0.47 sys=0.00, real=0.06 secs] 
350.466: Total time for which application threads were stopped: 0.0598140 seconds, Stopping threads took: 0.0000880 seconds
350.659: Application time: 0.1931880 seconds
350.659: [GC [PSYoungGen: 526288K->77387K(561152K)] 988485K->583866K(1894912K), 0.0608970 secs] [Times: user=0.48 sys=0.00, real=0.06 secs] 
350.720: Total time for which application threads were stopped: 0.0611040 seconds, Stopping threads took: 0.0001040 seconds
350.912: Application time: 0.1917390 seconds
350.912: [GC [PSYoungGen: 536651K->74688K(560128K)] 1043130K->628468K(1893888K), 0.0603180 secs] [Times: user=0.48 sys=0.00, real=0.06 secs] 
350.972: Total time for which application threads were stopped: 0.0604920 seconds, Stopping threads took: 0.0000870 seconds
351.167: Application time: 0.1948100 seconds
351.167: [GC [PSYoungGen: 533952K->75104K(564224K)] 1087732K->675346K(1897984K), 0.0606220 secs] [Times: user=0.48 sys=0.00, real=0.06 secs] 
351.228: Total time for which application threads were stopped: 0.0608020 seconds, Stopping threads took: 0.0000780 seconds
351.429: Application time: 0.2014090 seconds
351.429: [GC [PSYoungGen: 541536K->74042K(562688K)] 1141778K->721241K(1896448K), 0.0601450 secs] [Times: user=0.47 sys=0.00, real=0.06 secs] 
351.490: Total time for which application threads were stopped: 0.0603000 seconds, Stopping threads took: 0.0000690 seconds
351.685: Application time: 0.1957730 seconds
351.686: [GC [PSYoungGen: 540474K->78384K(567808K)] 1187673K->772918K(1901568K), 0.0634380 secs] [Times: user=0.50 sys=0.00, real=0.07 secs] 
351.749: Total time for which application threads were stopped: 0.0636270 seconds, Stopping threads took: 0.0000930 seconds
351.954: Application time: 0.2051090 seconds
351.954: [GC [PSYoungGen: 551984K->71819K(567296K)] 1246518K->814087K(1901056K), 0.0612350 secs] [Times: user=0.48 sys=0.00, real=0.06 secs] 
352.016: Total time for which application threads were stopped: 0.0614110 seconds, Stopping threads took: 0.0000900 seconds
352.214: Application time: 0.1981660 seconds
352.214: [GC [PSYoungGen: 545419K->80288K(570880K)] 1287687K->866730K(1904640K), 0.0636760 secs] [Times: user=0.51 sys=0.00, real=0.06 secs] 
352.278: Total time for which application threads were stopped: 0.0638670 seconds, Stopping threads took: 0.0000900 seconds
352.484: Application time: 0.2059660 seconds
352.484: [GC [PSYoungGen: 559008K->69831K(571392K)] 1345450K->903340K(1905152K), 0.0589830 secs] [Times: user=0.47 sys=0.00, real=0.06 secs] 
352.543: Total time for which application threads were stopped: 0.0591780 seconds, Stopping threads took: 0.0001090 seconds
352.743: Application time: 0.2005440 seconds
352.743: [GC [PSYoungGen: 548551K->77760K(573952K)] 1382060K->948293K(1907712K), 0.0586760 secs] [Times: user=0.46 sys=0.00, real=0.06 secs] 
352.802: Total time for which application threads were stopped: 0.0588680 seconds, Stopping threads took: 0.0000920 seconds
353.015: Application time: 0.2123970 seconds
353.015: [GC [PSYoungGen: 560576K->65456K(573952K)] 1431109K->978222K(1907712K), 0.0547700 secs] [Times: user=0.44 sys=0.00, real=0.06 secs] 
353.070: Total time for which application threads were stopped: 0.0549500 seconds, Stopping threads took: 0.0000930 seconds
353.265: Application time: 0.1959270 seconds
353.266: [GC [PSYoungGen: 548272K->83008K(571904K)] 1461038K->1034088K(1905664K), 0.0615670 secs] [Times: user=0.49 sys=0.00, real=0.07 secs] 
353.327: Total time for which application threads were stopped: 0.0617670 seconds, Stopping threads took: 0.0000970 seconds
353.542: Application time: 0.2147520 seconds
353.542: [GC [PSYoungGen: 563776K->60928K(542208K)] 1514856K->1055269K(1875968K), 0.0536570 secs] [Times: user=0.43 sys=0.00, real=0.05 secs] 
353.596: Total time for which application threads were stopped: 0.0538460 seconds, Stopping threads took: 0.0000940 seconds
353.798: Application time: 0.2021140 seconds
353.798: [GC [PSYoungGen: 541696K->83291K(570368K)] 1536037K->1114441K(1904128K), 0.0612510 secs] [Times: user=0.49 sys=0.00, real=0.07 secs] 
353.859: Total time for which application threads were stopped: 0.0614370 seconds, Stopping threads took: 0.0000820 seconds
354.067: Application time: 0.2077820 seconds
354.067: [GC [PSYoungGen: 559963K->59218K(536064K)] 1591113K->1131015K(1869824K), 0.0502300 secs] [Times: user=0.40 sys=0.00, real=0.04 secs] 
354.118: Total time for which application threads were stopped: 0.0504130 seconds, Stopping threads took: 0.0000960 seconds
354.312: Application time: 0.1944840 seconds
354.312: [GC [PSYoungGen: 535890K->82320K(569344K)] 1607687K->1188928K(1903104K), 0.0587390 secs] [Times: user=0.46 sys=0.00, real=0.06 secs] 
354.371: Total time for which application threads were stopped: 0.0589270 seconds, Stopping threads took: 0.0000920 seconds
354.578: Application time: 0.2074640 seconds
354.579: [GC [PSYoungGen: 555920K->61321K(570368K)] 1662528K->1211476K(1904128K), 0.0523830 secs] [Times: user=0.41 sys=0.00, real=0.05 secs] 
354.631: Total time for which application threads were stopped: 0.0525420 seconds, Stopping threads took: 0.0000730 seconds
354.830: Application time: 0.1989690 seconds
354.830: [GC [PSYoungGen: 534921K->79440K(570368K)] 1685076K->1264837K(1904128K), 0.0582920 secs] [Times: user=0.47 sys=0.00, real=0.06 secs] 
354.888: Total time for which application threads were stopped: 0.0584760 seconds, Stopping threads took: 0.0000820 seconds
355.094: Application time: 0.2051050 seconds
355.094: [GC [PSYoungGen: 553040K->63885K(537600K)] 1738437K->1291097K(1871360K), 0.0539850 secs] [Times: user=0.43 sys=0.00, real=0.06 secs] 
355.148: Total time for which application threads were stopped: 0.0541860 seconds, Stopping threads took: 0.0001120 seconds
355.347: Application time: 0.1990010 seconds
355.350: [GC [PSYoungGen: 537485K->79072K(569856K)] 1764697K->1342460K(1903616K), 0.0603260 secs] [Times: user=0.47 sys=0.00, real=0.06 secs] 
355.411: Total time for which application threads were stopped: 0.0640640 seconds, Stopping threads took: 0.0036370 seconds
355.620: Application time: 0.2089940 seconds
355.620: [GC [PSYoungGen: 552489K->63947K(569856K)] 1815877K->1364488K(1903616K), 0.0519160 secs] [Times: user=0.41 sys=0.00, real=0.05 secs] 
355.672: [Full GC [PSYoungGen: 63947K->0K(569856K)] [ParOldGen: 1300541K->123551K(1333760K)] 1364488K->123551K(1903616K) [PSPermGen: 9168K->9168K(21504K)], 0.1439280 secs] [Times: user=1.03 sys=0.00, real=0.14 secs] 
355.816: Total time for which application threads were stopped: 0.1961140 seconds, Stopping threads took: 0.0001200 seconds
356.010: Application time: 0.1940760 seconds
356.010: [GC [PSYoungGen: 473600K->89088K(564224K)] 597151K->212640K(1897984K), 0.0485160 secs] [Times: user=0.38 sys=0.00, real=0.05 secs] 
356.059: Total time for which application threads were stopped: 0.0486900 seconds, Stopping threads took: 0.0000780 seconds
356.257: Application time: 0.1980090 seconds
356.257: [GC [PSYoungGen: 557568K->66686K(567808K)] 681120K->246577K(1901568K), 0.0614320 secs] [Times: user=0.48 sys=0.00, real=0.06 secs] 
356.318: Total time for which application threads were stopped: 0.0616300 seconds, Stopping threads took: 0.0001020 seconds
356.520: Application time: 0.2019110 seconds
356.520: [GC [PSYoungGen: 535166K->76112K(563712K)] 715057K->293292K(1897472K), 0.0579750 secs] [Times: user=0.46 sys=0.00, real=0.06 secs] 
356.578: Total time for which application threads were stopped: 0.0581850 seconds, Stopping threads took: 0.0001060 seconds
356.775: Application time: 0.1961010 seconds
356.775: [GC [PSYoungGen: 545616K->68782K(566272K)] 762796K->328711K(1900032K), 0.0537520 secs] [Times: user=0.43 sys=0.00, real=0.06 secs] 
356.828: Total time for which application threads were stopped: 0.0539160 seconds, Stopping threads took: 0.0000780 seconds
357.029: Application time: 0.2008510 seconds
357.029: [GC [PSYoungGen: 538286K->73360K(565248K)] 798215K->372606K(1899008K), 0.0555760 secs] [Times: user=0.44 sys=0.00, real=0.05 secs] 
357.085: Total time for which application threads were stopped: 0.0557730 seconds, Stopping threads took: 0.0000970 seconds
357.287: Application time: 0.2018680 seconds
357.287: [GC [PSYoungGen: 548496K->72185K(568320K)] 847742K->413231K(1902080K), 0.0580220 secs] [Times: user=0.45 sys=0.00, real=0.05 secs] 
357.345: Total time for which application threads were stopped: 0.0582110 seconds, Stopping threads took: 0.0000960 seconds
357.554: Application time: 0.2090920 seconds
357.554: [GC [PSYoungGen: 547321K->69824K(570880K)] 888367K->449992K(1904640K), 0.0550840 secs] [Times: user=0.43 sys=0.00, real=0.06 secs] 
357.610: Total time for which application threads were stopped: 0.0552700 seconds, Stopping threads took: 0.0000880 seconds
357.810: Application time: 0.2007470 seconds
357.810: [GC [PSYoungGen: 552640K->75803K(572928K)] 932808K->495544K(1906688K), 0.0560540 secs] [Times: user=0.44 sys=0.00, real=0.06 secs] 
357.867: Total time for which application threads were stopped: 0.0562260 seconds, Stopping threads took: 0.0000870 seconds
358.074: Application time: 0.2070540 seconds
358.074: [GC [PSYoungGen: 558619K->64554K(575488K)] 978360K->518040K(1909248K), 0.0484040 secs] [Times: user=0.39 sys=0.00, real=0.05 secs] 
358.122: Total time for which application threads were stopped: 0.0485910 seconds, Stopping threads took: 0.0000880 seconds
358.321: Application time: 0.1988980 seconds
358.321: [GC [PSYoungGen: 551978K->78592K(576512K)] 1005464K->568666K(1910272K), 0.0555350 secs] [Times: user=0.44 sys=0.00, real=0.05 secs] 
358.377: Total time for which application threads were stopped: 0.0557310 seconds, Stopping threads took: 0.0001110 seconds
358.589: Application time: 0.2125310 seconds
358.590: [GC [PSYoungGen: 566016K->64402K(577536K)] 1056090K->589981K(1911296K), 0.0492800 secs] [Times: user=0.39 sys=0.00, real=0.05 secs] 
358.640: Total time for which application threads were stopped: 0.0503940 seconds, Stopping threads took: 0.0010120 seconds
358.848: Application time: 0.2080650 seconds
358.848: [GC [PSYoungGen: 551826K->79184K(566784K)] 1077405K->637668K(1900544K), 0.0558990 secs] [Times: user=0.44 sys=0.00, real=0.05 secs] 
358.904: Total time for which application threads were stopped: 0.0560810 seconds, Stopping threads took: 0.0000990 seconds
359.116: Application time: 0.2119130 seconds
359.116: [GC [PSYoungGen: 566608K->65434K(577024K)] 1125092K->665523K(1910784K), 0.0524940 secs] [Times: user=0.42 sys=0.00, real=0.06 secs] 
359.169: Total time for which application threads were stopped: 0.0526840 seconds, Stopping threads took: 0.0000920 seconds
359.370: Application time: 0.2010610 seconds
359.370: [GC [PSYoungGen: 551834K->77993K(576512K)] 1151923K->704942K(1910272K), 0.0514690 secs] [Times: user=0.41 sys=0.00, real=0.05 secs] 
359.421: Total time for which application threads were stopped: 0.0516610 seconds, Stopping threads took: 0.0001040 seconds
359.625: Application time: 0.2042120 seconds
359.626: [GC [PSYoungGen: 564393K->66323K(575488K)] 1191342K->735181K(1909248K), 0.0518080 secs] [Times: user=0.41 sys=0.00, real=0.05 secs] 
359.677: Total time for which application threads were stopped: 0.0520160 seconds, Stopping threads took: 0.0000970 seconds
359.881: Application time: 0.2038690 seconds
359.881: [GC [PSYoungGen: 552723K->76460K(576000K)] 1221581K->772244K(1909760K), 0.0508990 secs] [Times: user=0.40 sys=0.00, real=0.05 secs] 
359.932: Total time for which application threads were stopped: 0.0511010 seconds, Stopping threads took: 0.0001140 seconds
360.145: Application time: 0.2122430 seconds
360.145: [GC [PSYoungGen: 562860K->67616K(576512K)] 1258644K->807992K(1910272K), 0.0562660 secs] [Times: user=0.44 sys=0.00, real=0.06 secs] 
360.201: Total time for which application threads were stopped: 0.0564580 seconds, Stopping threads took: 0.0000860 seconds
360.400: Application time: 0.1990600 seconds
360.400: [GC [PSYoungGen: 555552K->81835K(569856K)] 1295928K->858008K(1903616K), 0.0571690 secs] [Times: user=0.45 sys=0.00, real=0.05 secs] 
360.458: Total time for which application threads were stopped: 0.0573290 seconds, Stopping threads took: 0.0000710 seconds
360.676: Application time: 0.2188920 seconds
360.677: [GC [PSYoungGen: 569771K->66912K(577024K)] 1345944K->886751K(1910784K), 0.0567950 secs] [Times: user=0.45 sys=0.00, real=0.06 secs] 
360.733: Total time for which application threads were stopped: 0.0570040 seconds, Stopping threads took: 0.0001030 seconds
360.932: Application time: 0.1988560 seconds
360.932: [GC [PSYoungGen: 553312K->85022K(571904K)] 1373151K->945167K(1905664K), 0.0611480 secs] [Times: user=0.49 sys=0.00, real=0.06 secs] 
360.994: Total time for which application threads were stopped: 0.0613370 seconds, Stopping threads took: 0.0001000 seconds
361.209: Application time: 0.2158560 seconds
361.210: [GC [PSYoungGen: 571422K->64193K(574464K)] 1431567K->961659K(1908224K), 0.0510850 secs] [Times: user=0.40 sys=0.00, real=0.05 secs] 
361.261: Total time for which application threads were stopped: 0.0512670 seconds, Stopping threads took: 0.0000820 seconds
361.454: Application time: 0.1931730 seconds
361.454: [GC [PSYoungGen: 545473K->86608K(568320K)] 1442939K->1024953K(1902080K), 0.0624680 secs] [Times: user=0.49 sys=0.00, real=0.06 secs] 
361.517: Total time for which application threads were stopped: 0.0626380 seconds, Stopping threads took: 0.0000810 seconds
361.730: Application time: 0.2134720 seconds
361.730: [GC [PSYoungGen: 567888K->62584K(571392K)] 1506233K->1038790K(1905152K), 0.0517160 secs] [Times: user=0.41 sys=0.00, real=0.05 secs] 
361.782: Total time for which application threads were stopped: 0.0519070 seconds, Stopping threads took: 0.0000930 seconds
361.975: Application time: 0.1933510 seconds
361.978: [GC [PSYoungGen: 538232K->86811K(562688K)] 1514438K->1103290K(1896448K), 0.0629370 secs] [Times: user=0.50 sys=0.00, real=0.06 secs] 
362.041: Total time for which application threads were stopped: 0.0660840 seconds, Stopping threads took: 0.0030590 seconds
362.249: Application time: 0.2076220 seconds
362.249: [GC [PSYoungGen: 562459K->62354K(568832K)] 1578938K->1126048K(1902592K), 0.0559040 secs] [Times: user=0.44 sys=0.00, real=0.05 secs] 
362.305: Total time for which application threads were stopped: 0.0561100 seconds, Stopping threads took: 0.0001030 seconds
362.499: Application time: 0.1935900 seconds
362.499: [GC [PSYoungGen: 532370K->82998K(553472K)] 1596064K->1184438K(1887232K), 0.0618990 secs] [Times: user=0.49 sys=0.00, real=0.06 secs] 
362.561: Total time for which application threads were stopped: 0.0621000 seconds, Stopping threads took: 0.0001060 seconds
362.766: Application time: 0.2053520 seconds
362.766: [GC [PSYoungGen: 553014K->61625K(568320K)] 1654454K->1209744K(1902080K), 0.0553800 secs] [Times: user=0.43 sys=0.00, real=0.06 secs] 
362.822: Total time for which application threads were stopped: 0.0555740 seconds, Stopping threads took: 0.0000900 seconds
363.019: Application time: 0.1971070 seconds
363.019: [GC [PSYoungGen: 530617K->80521K(567808K)] 1678736K->1264027K(1901568K), 0.0606970 secs] [Times: user=0.48 sys=0.00, real=0.06 secs] 
363.080: Total time for which application threads were stopped: 0.0609010 seconds, Stopping threads took: 0.0001050 seconds
363.281: Application time: 0.2015770 seconds
363.281: [GC [PSYoungGen: 549513K->66577K(565760K)] 1733019K->1297073K(1899520K), 0.0577690 secs] [Times: user=0.46 sys=0.00, real=0.06 secs] 
363.339: Total time for which application threads were stopped: 0.0579450 seconds, Stopping threads took: 0.0000760 seconds
363.537: Application time: 0.1979380 seconds
363.538: [GC [PSYoungGen: 535569K->73550K(566784K)] 1766065K->1339419K(1900544K), 0.0561800 secs] [Times: user=0.45 sys=0.00, real=0.05 secs] 
363.595: Total time for which application threads were stopped: 0.0574080 seconds, Stopping threads took: 0.0011390 seconds
363.791: Application time: 0.1961520 seconds
363.791: [GC [PSYoungGen: 542542K->71240K(566272K)] 1808411K->1383009K(1900032K), 0.0581260 secs] [Times: user=0.46 sys=0.00, real=0.06 secs] 
363.849: [Full GC [PSYoungGen: 71240K->0K(566272K)] [ParOldGen: 1311768K->135510K(1333760K)] 1383009K->135510K(1900032K) [PSPermGen: 9168K->9168K(21504K)], 0.1612520 secs] [Times: user=1.18 sys=0.00, real=0.16 secs] 
364.010: Total time for which application threads were stopped: 0.2196400 seconds, Stopping threads took: 0.0001000 seconds
364.212: Application time: 0.2016590 seconds
364.212: [GC [PSYoungGen: 473600K->84603K(567296K)] 609110K->220114K(1901056K), 0.0496050 secs] [Times: user=0.39 sys=0.00, real=0.05 secs] 
364.262: Total time for which application threads were stopped: 0.0498030 seconds, Stopping threads took: 0.0001100 seconds
364.462: Application time: 0.2000760 seconds
364.462: [GC [PSYoungGen: 558203K->74642K(571392K)] 693714K->269027K(1905152K), 0.0686740 secs] [Times: user=0.54 sys=0.00, real=0.07 secs] 
364.531: Total time for which application threads were stopped: 0.0688680 seconds, Stopping threads took: 0.0000900 seconds
364.738: Application time: 0.2066570 seconds
364.738: [GC [PSYoungGen: 551314K->70201K(570880K)] 745699K->303387K(1904640K), 0.0535810 secs] [Times: user=0.42 sys=0.00, real=0.06 secs] 
364.791: Total time for which application threads were stopped: 0.0537400 seconds, Stopping threads took: 0.0000750 seconds
364.989: Application time: 0.1980630 seconds
364.989: [GC [PSYoungGen: 546873K->76159K(571904K)] 780059K->353269K(1905664K), 0.0583890 secs] [Times: user=0.47 sys=0.00, real=0.06 secs] 
365.048: Total time for which application threads were stopped: 0.0585820 seconds, Stopping threads took: 0.0000860 seconds
365.254: Application time: 0.2057210 seconds
365.254: [GC [PSYoungGen: 555391K->70443K(570880K)] 832501K->389183K(1904640K), 0.0548750 secs] [Times: user=0.43 sys=0.00, real=0.06 secs] 
365.309: Total time for which application threads were stopped: 0.0550500 seconds, Stopping threads took: 0.0000880 seconds
365.510: Application time: 0.2013300 seconds
365.510: [GC [PSYoungGen: 549675K->73664K(573952K)] 868415K->433457K(1907712K), 0.0565130 secs] [Times: user=0.45 sys=0.00, real=0.06 secs] 
365.567: Total time for which application threads were stopped: 0.0567230 seconds, Stopping threads took: 0.0001080 seconds
365.773: Application time: 0.2066270 seconds
365.774: [GC [PSYoungGen: 558016K->72034K(573440K)] 917809K->472882K(1907200K), 0.0553470 secs] [Times: user=0.44 sys=0.00, real=0.06 secs] 
365.829: Total time for which application threads were stopped: 0.0555300 seconds, Stopping threads took: 0.0000980 seconds
366.034: Application time: 0.2048830 seconds
366.034: [GC [PSYoungGen: 556386K->74557K(577024K)] 957234K->510131K(1910784K), 0.0534860 secs] [Times: user=0.42 sys=0.00, real=0.06 secs] 
366.087: Total time for which application threads were stopped: 0.0536830 seconds, Stopping threads took: 0.0000970 seconds
366.297: Application time: 0.2091380 seconds
366.297: [GC [PSYoungGen: 564029K->67088K(576000K)] 999603K->538020K(1909760K), 0.0504460 secs] [Times: user=0.40 sys=0.00, real=0.06 secs] 
366.347: Total time for which application threads were stopped: 0.0506150 seconds, Stopping threads took: 0.0000830 seconds
366.551: Application time: 0.2037430 seconds
366.551: [GC [PSYoungGen: 556560K->79513K(578560K)] 1027492K->586641K(1912320K), 0.0562210 secs] [Times: user=0.44 sys=0.00, real=0.06 secs] 
366.607: Total time for which application threads were stopped: 0.0563830 seconds, Stopping threads took: 0.0000660 seconds
366.823: Application time: 0.2161060 seconds
366.824: [GC [PSYoungGen: 571545K->67629K(579584K)] 1078673K->614074K(1913344K), 0.0538560 secs] [Times: user=0.42 sys=0.00, real=0.05 secs] 
366.878: Total time for which application threads were stopped: 0.0540450 seconds, Stopping threads took: 0.0000970 seconds
367.082: Application time: 0.2049100 seconds
367.083: [GC [PSYoungGen: 559661K->77577K(579072K)] 1106106K->661402K(1912832K), 0.0579420 secs] [Times: user=0.45 sys=0.00, real=0.06 secs] 
367.141: Total time for which application threads were stopped: 0.0581410 seconds, Stopping threads took: 0.0000940 seconds
367.352: Application time: 0.2118150 seconds
367.353: [GC [PSYoungGen: 569609K->67200K(579584K)] 1153434K->685570K(1913344K), 0.0499390 secs] [Times: user=0.40 sys=0.00, real=0.05 secs] 
367.403: Total time for which application threads were stopped: 0.0501180 seconds, Stopping threads took: 0.0000930 seconds
367.610: Application time: 0.2071420 seconds
367.610: [GC [PSYoungGen: 559232K->73574K(577536K)] 1177602K->728061K(1911296K), 0.0541020 secs] [Times: user=0.43 sys=0.00, real=0.05 secs] 
367.664: Total time for which application threads were stopped: 0.0542970 seconds, Stopping threads took: 0.0000930 seconds
367.878: Application time: 0.2137550 seconds
367.878: [GC [PSYoungGen: 566118K->68765K(578560K)] 1220605K->753641K(1912320K), 0.0490240 secs] [Times: user=0.39 sys=0.00, real=0.06 secs] 
367.927: Total time for which application threads were stopped: 0.0492170 seconds, Stopping threads took: 0.0001050 seconds
368.134: Application time: 0.2070030 seconds
368.134: [GC [PSYoungGen: 561309K->77255K(580608K)] 1246185K->796772K(1914368K), 0.0558660 secs] [Times: user=0.44 sys=0.00, real=0.06 secs] 
368.190: Total time for which application threads were stopped: 0.0560750 seconds, Stopping threads took: 0.0001040 seconds
368.399: Application time: 0.2087010 seconds
368.399: [GC [PSYoungGen: 572359K->73651K(568832K)] 1291876K->828068K(1902592K), 0.0540760 secs] [Times: user=0.42 sys=0.00, real=0.05 secs] 
368.453: Total time for which application threads were stopped: 0.0542630 seconds, Stopping threads took: 0.0000990 seconds
368.661: Application time: 0.2080060 seconds
368.661: [GC [PSYoungGen: 568755K->78864K(579584K)] 1323172K->876274K(1913344K), 0.0597740 secs] [Times: user=0.48 sys=0.00, real=0.06 secs] 
368.721: Total time for which application threads were stopped: 0.0599750 seconds, Stopping threads took: 0.0001070 seconds
368.925: Application time: 0.2042360 seconds
368.925: [GC [PSYoungGen: 573456K->83509K(578560K)] 1370866K->927419K(1912320K), 0.0632630 secs] [Times: user=0.50 sys=0.00, real=0.07 secs] 
368.989: Total time for which application threads were stopped: 0.0634290 seconds, Stopping threads took: 0.0000780 seconds
369.205: Application time: 0.2168270 seconds
369.206: [GC [PSYoungGen: 578101K->75568K(579584K)] 1422011K->969787K(1913344K), 0.0639310 secs] [Times: user=0.51 sys=0.00, real=0.06 secs] 
369.270: Total time for which application threads were stopped: 0.0649680 seconds, Stopping threads took: 0.0009340 seconds
369.472: Application time: 0.2015970 seconds
369.472: [GC [PSYoungGen: 566576K->87392K(578560K)] 1460795K->1030819K(1912320K), 0.0692500 secs] [Times: user=0.55 sys=0.00, real=0.07 secs] 
369.541: Total time for which application threads were stopped: 0.0694140 seconds, Stopping threads took: 0.0000790 seconds
369.764: Application time: 0.2226180 seconds
369.764: [GC [PSYoungGen: 578400K->67552K(574464K)] 1521827K->1059496K(1908224K), 0.0594890 secs] [Times: user=0.47 sys=0.00, real=0.06 secs] 
369.824: Total time for which application threads were stopped: 0.0596800 seconds, Stopping threads took: 0.0000890 seconds
370.019: Application time: 0.1956760 seconds
370.022: [GC [PSYoungGen: 553440K->90592K(576512K)] 1545384K->1129554K(1910272K), 0.0694230 secs] [Times: user=0.54 sys=0.00, real=0.07 secs] 
370.092: Total time for which application threads were stopped: 0.0725050 seconds, Stopping threads took: 0.0029950 seconds
370.313: Application time: 0.2205850 seconds
370.313: [GC [PSYoungGen: 576480K->59053K(531456K)] 1615442K->1142179K(1865216K), 0.0532930 secs] [Times: user=0.42 sys=0.00, real=0.05 secs] 
370.366: Total time for which application threads were stopped: 0.0535040 seconds, Stopping threads took: 0.0001130 seconds
370.536: Application time: 0.1699760 seconds
370.536: [GC [PSYoungGen: 499885K->86832K(553984K)] 1583011K->1209468K(1887744K), 0.0632620 secs] [Times: user=0.50 sys=0.00, real=0.07 secs] 
370.599: Total time for which application threads were stopped: 0.0634520 seconds, Stopping threads took: 0.0001010 seconds
370.794: Application time: 0.1942410 seconds
370.794: [GC [PSYoungGen: 527664K->60096K(553472K)] 1650300K->1232922K(1887232K), 0.0555840 secs] [Times: user=0.44 sys=0.00, real=0.06 secs] 
370.849: Total time for which application threads were stopped: 0.0557470 seconds, Stopping threads took: 0.0000790 seconds
371.022: Application time: 0.1726900 seconds
371.022: [GC [PSYoungGen: 501440K->88784K(553984K)] 1674266K->1303096K(1887744K), 0.0658840 secs] [Times: user=0.52 sys=0.00, real=0.07 secs] 
371.088: Total time for which application threads were stopped: 0.0660600 seconds, Stopping threads took: 0.0000800 seconds
371.283: Application time: 0.1943940 seconds
371.286: [GC [PSYoungGen: 530128K->64288K(553984K)] 1744440K->1332664K(1887744K), 0.0610350 secs] [Times: user=0.49 sys=0.00, real=0.06 secs] 
371.348: Total time for which application threads were stopped: 0.0649140 seconds, Stopping threads took: 0.0037950 seconds
371.525: Application time: 0.1778620 seconds
371.526: [GC [PSYoungGen: 505632K->83819K(525312K)] 1774008K->1396581K(1859072K), 0.0656400 secs] [Times: user=0.52 sys=0.00, real=0.07 secs] 
371.591: [Full GC [PSYoungGen: 83819K->0K(525312K)] [ParOldGen: 1312761K->143434K(1333760K)] 1396581K->143434K(1859072K) [PSPermGen: 9168K->9168K(21504K)], 0.1663230 secs] [Times: user=1.21 sys=0.00, real=0.16 secs] 
371.758: Total time for which application threads were stopped: 0.2322070 seconds, Stopping threads took: 0.0000880 seconds
371.953: Application time: 0.1957000 seconds
371.953: [GC [PSYoungGen: 441344K->77291K(556032K)] 584778K->220725K(1889792K), 0.0468030 secs] [Times: user=0.37 sys=0.00, real=0.05 secs] 
372.000: Total time for which application threads were stopped: 0.0470170 seconds, Stopping threads took: 0.0001240 seconds
372.180: Application time: 0.1795010 seconds
372.180: [GC [PSYoungGen: 522219K->83695K(552960K)] 665653K->286342K(1886720K), 0.0729240 secs] [Times: user=0.58 sys=0.00, real=0.07 secs] 
372.253: Total time for which application threads were stopped: 0.0731030 seconds, Stopping threads took: 0.0000770 seconds
372.451: Application time: 0.1981260 seconds
372.451: [GC [PSYoungGen: 528623K->61120K(554496K)] 731270K->316052K(1888256K), 0.0573410 secs] [Times: user=0.45 sys=0.00, real=0.06 secs] 
372.509: Total time for which application threads were stopped: 0.0575080 seconds, Stopping threads took: 0.0000860 seconds
372.682: Application time: 0.1733950 seconds
372.682: [GC [PSYoungGen: 508608K->83520K(555008K)] 763540K->382122K(1888768K), 0.0619100 secs] [Times: user=0.49 sys=0.00, real=0.06 secs] 
372.744: Total time for which application threads were stopped: 0.0621080 seconds, Stopping threads took: 0.0001020 seconds
372.947: Application time: 0.2030290 seconds
372.947: [GC [PSYoungGen: 531008K->60571K(559616K)] 829610K->410583K(1893376K), 0.0560460 secs] [Times: user=0.44 sys=0.00, real=0.05 secs] 
373.003: Total time for which application threads were stopped: 0.0562410 seconds, Stopping threads took: 0.0001100 seconds
373.184: Application time: 0.1810390 seconds
373.185: [GC [PSYoungGen: 513179K->84304K(559616K)] 863191K->480645K(1893376K), 0.0652870 secs] [Times: user=0.52 sys=0.00, real=0.07 secs] 
373.250: Total time for which application threads were stopped: 0.0654760 seconds, Stopping threads took: 0.0000850 seconds
373.455: Application time: 0.2051180 seconds
373.455: [GC [PSYoungGen: 536821K->57303K(560128K)] 933162K->504543K(1893888K), 0.0549470 secs] [Times: user=0.43 sys=0.00, real=0.06 secs] 
373.510: Total time for which application threads were stopped: 0.0551250 seconds, Stopping threads took: 0.0000920 seconds
373.688: Application time: 0.1783140 seconds
373.689: [GC [PSYoungGen: 510423K->85484K(538624K)] 957663K->576448K(1872384K), 0.0632850 secs] [Times: user=0.50 sys=0.00, real=0.06 secs] 
373.752: Total time for which application threads were stopped: 0.0635050 seconds, Stopping threads took: 0.0001210 seconds
373.964: Application time: 0.2119320 seconds
373.964: [GC [PSYoungGen: 538604K->52987K(558080K)] 1029568K->593050K(1891840K), 0.0531190 secs] [Times: user=0.42 sys=0.00, real=0.05 secs] 
374.017: Total time for which application threads were stopped: 0.0532910 seconds, Stopping threads took: 0.0000820 seconds
374.196: Application time: 0.1789590 seconds
374.196: [GC [PSYoungGen: 503035K->85449K(535552K)] 1043098K->664758K(1869312K), 0.0610750 secs] [Times: user=0.48 sys=0.00, real=0.06 secs] 
374.257: Total time for which application threads were stopped: 0.0612420 seconds, Stopping threads took: 0.0000660 seconds
374.463: Application time: 0.2058990 seconds
374.463: [GC [PSYoungGen: 535497K->53065K(557568K)] 1114806K->679340K(1891328K), 0.0513840 secs] [Times: user=0.40 sys=0.01, real=0.05 secs] 
374.515: Total time for which application threads were stopped: 0.0515530 seconds, Stopping threads took: 0.0000810 seconds
374.695: Application time: 0.1805670 seconds
374.696: [GC [PSYoungGen: 501065K->79964K(528384K)] 1127340K->741842K(1862144K), 0.0588560 secs] [Times: user=0.46 sys=0.00, real=0.06 secs] 
374.754: Total time for which application threads were stopped: 0.0590350 seconds, Stopping threads took: 0.0000900 seconds
374.958: Application time: 0.2039470 seconds
374.959: [GC [PSYoungGen: 527964K->57136K(558080K)] 1189842K->762780K(1891840K), 0.0529130 secs] [Times: user=0.41 sys=0.00, real=0.05 secs] 
375.011: Total time for which application threads were stopped: 0.0530890 seconds, Stopping threads took: 0.0000780 seconds
375.198: Application time: 0.1866400 seconds
375.198: [GC [PSYoungGen: 506160K->72460K(521728K)] 1211804K->811592K(1855488K), 0.0521720 secs] [Times: user=0.42 sys=0.00, real=0.06 secs] 
375.250: Total time for which application threads were stopped: 0.0523430 seconds, Stopping threads took: 0.0000860 seconds
375.447: Application time: 0.1969420 seconds
375.450: [GC [PSYoungGen: 521484K->65744K(557568K)] 1260616K->846833K(1891328K), 0.0545050 secs] [Times: user=0.43 sys=0.00, real=0.05 secs] 
375.505: Total time for which application threads were stopped: 0.0575770 seconds, Stopping threads took: 0.0029850 seconds
375.696: Application time: 0.1914030 seconds
375.697: [GC [PSYoungGen: 518352K->68840K(555008K)] 1299441K->884351K(1888768K), 0.0507130 secs] [Times: user=0.40 sys=0.00, real=0.06 secs] 
375.747: Total time for which application threads were stopped: 0.0508930 seconds, Stopping threads took: 0.0000820 seconds
375.937: Application time: 0.1899610 seconds
375.938: [GC [PSYoungGen: 521448K->71008K(561664K)] 1336959K->927829K(1895424K), 0.0562760 secs] [Times: user=0.45 sys=0.00, real=0.05 secs] 
375.995: Total time for which application threads were stopped: 0.0575140 seconds, Stopping threads took: 0.0011530 seconds
376.188: Application time: 0.1929120 seconds
376.188: [GC [PSYoungGen: 533856K->69895K(559616K)] 1390677K->964312K(1893376K), 0.0530510 secs] [Times: user=0.42 sys=0.00, real=0.05 secs] 
376.241: Total time for which application threads were stopped: 0.0532290 seconds, Stopping threads took: 0.0000910 seconds
376.435: Application time: 0.1939610 seconds
376.435: [GC [PSYoungGen: 532743K->73984K(567808K)] 1427160K->1010578K(1901568K), 0.0593010 secs] [Times: user=0.46 sys=0.01, real=0.06 secs] 
376.494: Total time for which application threads were stopped: 0.0595170 seconds, Stopping threads took: 0.0001130 seconds
376.697: Application time: 0.2021570 seconds
376.697: [GC [PSYoungGen: 547072K->69065K(566272K)] 1483666K->1045749K(1900032K), 0.0547070 secs] [Times: user=0.43 sys=0.00, real=0.06 secs] 
376.752: Total time for which application threads were stopped: 0.0549630 seconds, Stopping threads took: 0.0001720 seconds
376.955: Application time: 0.2036000 seconds
376.955: [GC [PSYoungGen: 542153K->72896K(572416K)] 1518837K->1089820K(1906176K), 0.0581960 secs] [Times: user=0.46 sys=0.00, real=0.06 secs] 
377.014: Total time for which application threads were stopped: 0.0584000 seconds, Stopping threads took: 0.0000940 seconds
377.217: Application time: 0.2031180 seconds
377.217: [GC [PSYoungGen: 553664K->70939K(570880K)] 1570588K->1128131K(1904640K), 0.0556610 secs] [Times: user=0.44 sys=0.00, real=0.06 secs] 
377.273: Total time for which application threads were stopped: 0.0558750 seconds, Stopping threads took: 0.0001270 seconds
377.483: Application time: 0.2107400 seconds
377.483: [GC [PSYoungGen: 551707K->67744K(575488K)] 1608899K->1162400K(1909248K), 0.0554930 secs] [Times: user=0.43 sys=0.00, real=0.06 secs] 
377.539: Total time for which application threads were stopped: 0.0556960 seconds, Stopping threads took: 0.0000980 seconds
377.744: Application time: 0.2053370 seconds
377.746: [GC [PSYoungGen: 554656K->73830K(573952K)] 1649312K->1205907K(1907712K), 0.0562030 secs] [Times: user=0.44 sys=0.00, real=0.05 secs] 
377.803: Total time for which application threads were stopped: 0.0584150 seconds, Stopping threads took: 0.0021150 seconds
378.018: Application time: 0.2157270 seconds
378.019: [GC [PSYoungGen: 560742K->61882K(578048K)] 1692819K->1224099K(1911808K), 0.0476140 secs] [Times: user=0.38 sys=0.00, real=0.04 secs] 
378.066: Total time for which application threads were stopped: 0.0478090 seconds, Stopping threads took: 0.0000930 seconds
378.265: Application time: 0.1986940 seconds
378.265: [GC [PSYoungGen: 553402K->77552K(578048K)] 1715619K->1271992K(1911808K), 0.0545440 secs] [Times: user=0.43 sys=0.00, real=0.06 secs] 
378.320: Total time for which application threads were stopped: 0.0547160 seconds, Stopping threads took: 0.0000860 seconds
378.531: Application time: 0.2115040 seconds
378.531: [GC [PSYoungGen: 569072K->63949K(579584K)] 1763512K->1290011K(1913344K), 0.0480960 secs] [Times: user=0.38 sys=0.01, real=0.05 secs] 
378.579: Total time for which application threads were stopped: 0.0482820 seconds, Stopping threads took: 0.0000810 seconds
378.584: Application time: 0.0040420 seconds
378.584: Total time for which application threads were stopped: 0.0001010 seconds, Stopping threads took: 0.0000790 seconds
378.674: Application time: 0.0908190 seconds
378.675: Total time for which application threads were stopped: 0.0001140 seconds, Stopping threads took: 0.0000910 seconds
378.718: Application time: 0.0439310 seconds
378.719: Total time for which application threads were stopped: 0.0000860 seconds, Stopping threads took: 0.0000650 seconds
378.738: Application time: 0.0198200 seconds
378.738: Total time for which application threads were stopped: 0.0000810 seconds, Stopping threads took: 0.0000600 seconds
378.749: Application time: 0.0102390 seconds
378.749: Total time for which application threads were stopped: 0.0000760 seconds, Stopping threads took: 0.0000550 seconds
378.752: Application time: 0.0036070 seconds
378.752: Total time for which application threads were stopped: 0.0000610 seconds, Stopping threads took: 0.0000400 seconds
379.101: Application time: 0.3487190 seconds
379.101: Total time for which application threads were stopped: 0.0000590 seconds, Stopping threads took: 0.0000130 seconds
379.165: Application time: 0.0633410 seconds
379.165: Total time for which application threads were stopped: 0.0000350 seconds, Stopping threads took: 0.0000090 seconds
379.178: Application time: 0.0129670 seconds
379.178: Total time for which application threads were stopped: 0.0001910 seconds, Stopping threads took: 0.0000080 seconds
379.841: Application time: 0.6634670 seconds
379.841: Total time for which application threads were stopped: 0.0000930 seconds, Stopping threads took: 0.0000130 seconds
Heap
 PSYoungGen      total 579584K, used 544053K [0x00000000d7480000, 0x0000000100000000, 0x0000000100000000)
  eden space 491520K, 97% used [0x00000000d7480000,0x00000000f495a258,0x00000000f5480000)
  from space 88064K, 72% used [0x00000000faa00000,0x00000000fe873500,0x0000000100000000)
  to   space 87552K, 0% used [0x00000000f5480000,0x00000000f5480000,0x00000000faa00000)
 ParOldGen       total 1333760K, used 1226062K [0x0000000085e00000, 0x00000000d7480000, 0x00000000d7480000)
  object space 1333760K, 91% used [0x0000000085e00000,0x00000000d0b539f8,0x00000000d7480000)
 PSPermGen       total 21504K, used 16750K [0x0000000080c00000, 0x0000000082100000, 0x0000000085e00000)
  object space 21504K, 77% used [0x0000000080c00000,0x0000000081c5bad0,0x0000000082100000)
379.842: Application time: 0.0001640 seconds
