Java HotSpot(TM) 64-Bit Server VM (24.80-b11) for linux-amd64 JRE (1.7.0_80-b15), built on Apr 10 2015 19:53:14 by "java_re" with gcc 4.3.0 20080428 (Red Hat 4.3.0-8)
Memory: 4k page, physical 8000092k(5830208k free), swap 8218620k(8218620k free)
CommandLine flags: -XX:+CMSParallelRemarkEnabled -XX:InitialHeapSize=128001472 -XX:MaxHeapSize=2048023552 -XX:+PrintGC -XX:+PrintGCApplicationConcurrentTime -XX:+PrintGCApplicationStoppedTime -XX:+PrintGCDetails -XX:+PrintGCTimeStamps -XX:+UseCompressedOops -XX:+UseParallelGC 
1.007: Application time: 0.9860260 seconds
1.007: Total time for which application threads were stopped: 0.0000440 seconds, Stopping threads took: 0.0000110 seconds
4.026: Application time: 3.0193300 seconds
4.026: Total time for which application threads were stopped: 0.0000640 seconds, Stopping threads took: 0.0000100 seconds
14.698: Application time: 10.6719010 seconds
14.698: Total time for which application threads were stopped: 0.0000230 seconds, Stopping threads took: 0.0000080 seconds
14.698: Application time: 0.0000890 seconds
14.698: Total time for which application threads were stopped: 0.0000100 seconds, Stopping threads took: 0.0000040 seconds
14.700: Application time: 0.0014270 seconds
14.700: Total time for which application threads were stopped: 0.0000100 seconds, Stopping threads took: 0.0000040 seconds
14.717: Application time: 0.0176430 seconds
14.717: Total time for which application threads were stopped: 0.0000440 seconds, Stopping threads took: 0.0000100 seconds
14.730: Application time: 0.0121790 seconds
14.730: [GC [PSYoungGen: 11288K->3361K(36864K)] 11288K->3369K(119808K), 0.0021160 secs] [Times: user=0.01 sys=0.01, real=0.00 secs] 
14.732: [Full GC [PSYoungGen: 3361K->0K(36864K)] [ParOldGen: 8K->3145K(82944K)] 3369K->3145K(119808K) [PSPermGen: 5076K->5074K(21504K)], 0.0110750 secs] [Times: user=0.03 sys=0.00, real=0.02 secs] 
14.743: Total time for which application threads were stopped: 0.0133070 seconds, Stopping threads took: 0.0000050 seconds
14.743: Application time: 0.0000400 seconds
14.743: [GC [PSYoungGen: 0K->0K(36864K)] 3145K->3145K(119808K), 0.0002960 secs] [Times: user=0.00 sys=0.00, real=0.00 secs] 
14.743: [Full GC [PSYoungGen: 0K->0K(36864K)] [ParOldGen: 3145K->3145K(82944K)] 3145K->3145K(119808K) [PSPermGen: 5074K->5074K(21504K)], 0.0039540 secs] [Times: user=0.01 sys=0.01, real=0.00 secs] 
14.747: Total time for which application threads were stopped: 0.0043520 seconds, Stopping threads took: 0.0000150 seconds
14.747: Application time: 0.0000550 seconds
14.747: Total time for which application threads were stopped: 0.0000230 seconds, Stopping threads took: 0.0000140 seconds
14.747: Application time: 0.0000250 seconds
14.747: Total time for which application threads were stopped: 0.0000160 seconds, Stopping threads took: 0.0000120 seconds
14.747: Application time: 0.0000140 seconds
14.747: Total time for which application threads were stopped: 0.0000150 seconds, Stopping threads took: 0.0000100 seconds
14.748: Application time: 0.0000130 seconds
14.748: Total time for which application threads were stopped: 0.0000170 seconds, Stopping threads took: 0.0000120 seconds
14.748: Application time: 0.0000130 seconds
14.748: Total time for which application threads were stopped: 0.0000170 seconds, Stopping threads took: 0.0000130 seconds
14.748: Application time: 0.0000110 seconds
14.748: Total time for which application threads were stopped: 0.0000160 seconds, Stopping threads took: 0.0000110 seconds
14.748: Application time: 0.0000110 seconds
14.748: Total time for which application threads were stopped: 0.0000130 seconds, Stopping threads took: 0.0000090 seconds
14.748: Application time: 0.0000390 seconds
14.748: Total time for which application threads were stopped: 0.0000180 seconds, Stopping threads took: 0.0000130 seconds
14.748: Application time: 0.0000310 seconds
14.748: Total time for which application threads were stopped: 0.0000170 seconds, Stopping threads took: 0.0000120 seconds
14.748: Application time: 0.0000110 seconds
14.748: Total time for which application threads were stopped: 0.0000180 seconds, Stopping threads took: 0.0000130 seconds
14.748: Application time: 0.0000120 seconds
14.748: Total time for which application threads were stopped: 0.0000190 seconds, Stopping threads took: 0.0000140 seconds
14.748: Application time: 0.0000160 seconds
14.748: Total time for which application threads were stopped: 0.0000180 seconds, Stopping threads took: 0.0000130 seconds
14.748: Application time: 0.0000140 seconds
14.748: Total time for which application threads were stopped: 0.0000180 seconds, Stopping threads took: 0.0000140 seconds
14.748: Application time: 0.0000130 seconds
14.748: Total time for which application threads were stopped: 0.0000180 seconds, Stopping threads took: 0.0000140 seconds
14.748: Application time: 0.0000140 seconds
14.748: Total time for which application threads were stopped: 0.0000210 seconds, Stopping threads took: 0.0000170 seconds
14.748: Application time: 0.0000140 seconds
14.748: Total time for which application threads were stopped: 0.0000180 seconds, Stopping threads took: 0.0000130 seconds
14.748: Application time: 0.0002050 seconds
14.748: Total time for which application threads were stopped: 0.0000200 seconds, Stopping threads took: 0.0000120 seconds
14.748: Application time: 0.0000200 seconds
14.748: Total time for which application threads were stopped: 0.0000150 seconds, Stopping threads took: 0.0000100 seconds
14.748: Application time: 0.0000150 seconds
14.748: Total time for which application threads were stopped: 0.0000150 seconds, Stopping threads took: 0.0000100 seconds
14.748: Application time: 0.0000130 seconds
14.748: Total time for which application threads were stopped: 0.0000150 seconds, Stopping threads took: 0.0000100 seconds
14.748: Application time: 0.0000130 seconds
14.748: Total time for which application threads were stopped: 0.0000180 seconds, Stopping threads took: 0.0000060 seconds
14.750: Application time: 0.0021420 seconds
14.750: Total time for which application threads were stopped: 0.0000350 seconds, Stopping threads took: 0.0000290 seconds
14.751: Application time: 0.0001490 seconds
14.751: Total time for which application threads were stopped: 0.0000590 seconds, Stopping threads took: 0.0000380 seconds
14.752: Application time: 0.0008880 seconds
14.752: Total time for which application threads were stopped: 0.0000490 seconds, Stopping threads took: 0.0000380 seconds
14.758: Application time: 0.0065320 seconds
14.758: Total time for which application threads were stopped: 0.0000580 seconds, Stopping threads took: 0.0000390 seconds
14.855: Application time: 0.0969340 seconds
14.858: [GC [PSYoungGen: 31582K->5088K(36864K)] 34727K->10281K(119808K), 0.0017930 secs] [Times: user=0.01 sys=0.01, real=0.00 secs] 
14.859: Total time for which application threads were stopped: 0.0042210 seconds, Stopping threads took: 0.0023260 seconds
14.866: Application time: 0.0061270 seconds
14.866: Total time for which application threads were stopped: 0.0000640 seconds, Stopping threads took: 0.0000460 seconds
14.866: Application time: 0.0000580 seconds
14.866: Total time for which application threads were stopped: 0.0001430 seconds, Stopping threads took: 0.0001280 seconds
14.866: Application time: 0.0000320 seconds
14.866: Total time for which application threads were stopped: 0.0000400 seconds, Stopping threads took: 0.0000340 seconds
14.866: Application time: 0.0000140 seconds
14.866: Total time for which application threads were stopped: 0.0000250 seconds, Stopping threads took: 0.0000200 seconds
14.866: Application time: 0.0000170 seconds
14.866: Total time for which application threads were stopped: 0.0000310 seconds, Stopping threads took: 0.0000240 seconds
14.866: Application time: 0.0000160 seconds
14.866: Total time for which application threads were stopped: 0.0000300 seconds, Stopping threads took: 0.0000240 seconds
14.866: Application time: 0.0000110 seconds
14.866: Total time for which application threads were stopped: 0.0000230 seconds, Stopping threads took: 0.0000190 seconds
14.866: Application time: 0.0000110 seconds
14.866: Total time for which application threads were stopped: 0.0000230 seconds, Stopping threads took: 0.0000190 seconds
14.866: Application time: 0.0000100 seconds
14.866: Total time for which application threads were stopped: 0.0000240 seconds, Stopping threads took: 0.0000190 seconds
14.866: Application time: 0.0000100 seconds
14.866: Total time for which application threads were stopped: 0.0000250 seconds, Stopping threads took: 0.0000190 seconds
14.866: Application time: 0.0000090 seconds
14.866: Total time for which application threads were stopped: 0.0000210 seconds, Stopping threads took: 0.0000160 seconds
14.866: Application time: 0.0000110 seconds
14.866: Total time for which application threads were stopped: 0.0000200 seconds, Stopping threads took: 0.0000150 seconds
14.866: Application time: 0.0000100 seconds
14.866: Total time for which application threads were stopped: 0.0000210 seconds, Stopping threads took: 0.0000170 seconds
14.866: Application time: 0.0000100 seconds
14.866: Total time for which application threads were stopped: 0.0000240 seconds, Stopping threads took: 0.0000190 seconds
14.936: Application time: 0.0700090 seconds
14.936: [GC [PSYoungGen: 36672K->5056K(68608K)] 41866K->11273K(151552K), 0.0013190 secs] [Times: user=0.01 sys=0.00, real=0.00 secs] 
14.938: Total time for which application threads were stopped: 0.0014500 seconds, Stopping threads took: 0.0000510 seconds
15.087: Application time: 0.1490610 seconds
15.087: [GC [PSYoungGen: 68144K->5024K(68608K)] 74362K->12777K(151552K), 0.0014700 secs] [Times: user=0.01 sys=0.01, real=0.00 secs] 
15.088: Total time for which application threads were stopped: 0.0016240 seconds, Stopping threads took: 0.0000760 seconds
15.242: Application time: 0.1535770 seconds
15.242: [GC [PSYoungGen: 68235K->5024K(132096K)] 75989K->13289K(215040K), 0.0012320 secs] [Times: user=0.01 sys=0.00, real=0.00 secs] 
15.243: Total time for which application threads were stopped: 0.0014080 seconds, Stopping threads took: 0.0000890 seconds
15.543: Application time: 0.2998620 seconds
15.543: [GC [PSYoungGen: 131531K->4992K(132096K)] 139797K->14281K(215040K), 0.0013860 secs] [Times: user=0.01 sys=0.00, real=0.00 secs] 
15.545: Total time for which application threads were stopped: 0.0015340 seconds, Stopping threads took: 0.0000670 seconds
15.857: Application time: 0.3118960 seconds
15.857: [GC [PSYoungGen: 131656K->6032K(128512K)] 140945K->15321K(211456K), 0.0013000 secs] [Times: user=0.00 sys=0.01, real=0.00 secs] 
15.858: Total time for which application threads were stopped: 0.0014430 seconds, Stopping threads took: 0.0000620 seconds
16.151: Application time: 0.2927810 seconds
16.151: [GC [PSYoungGen: 128336K->1888K(119808K)] 137626K->15321K(202752K), 0.0015330 secs] [Times: user=0.01 sys=0.01, real=0.00 secs] 
16.153: Total time for which application threads were stopped: 0.0018000 seconds, Stopping threads took: 0.0001910 seconds
16.453: Application time: 0.2997930 seconds
16.453: [GC [PSYoungGen: 119521K->1920K(115200K)] 132955K->15353K(198144K), 0.0008120 secs] [Times: user=0.01 sys=0.00, real=0.01 secs] 
16.454: Total time for which application threads were stopped: 0.0011150 seconds, Stopping threads took: 0.0002250 seconds
16.738: Application time: 0.2848160 seconds
16.739: [GC [PSYoungGen: 114812K->1936K(111104K)] 128245K->15393K(194048K), 0.0007710 secs] [Times: user=0.01 sys=0.00, real=0.00 secs] 
16.740: Total time for which application threads were stopped: 0.0019880 seconds, Stopping threads took: 0.0002440 seconds
17.013: Application time: 0.2724910 seconds
17.013: [GC [PSYoungGen: 110609K->1968K(107008K)] 124067K->15449K(189952K), 0.0009550 secs] [Times: user=0.01 sys=0.00, real=0.01 secs] 
17.014: Total time for which application threads were stopped: 0.0011250 seconds, Stopping threads took: 0.0000820 seconds
17.276: Application time: 0.2623270 seconds
17.276: [GC [PSYoungGen: 106510K->2816K(104448K)] 119992K->16574K(187392K), 0.0010670 secs] [Times: user=0.01 sys=0.00, real=0.00 secs] 
17.278: Total time for which application threads were stopped: 0.0012040 seconds, Stopping threads took: 0.0000590 seconds
17.533: Application time: 0.2554180 seconds
17.533: [GC [PSYoungGen: 103842K->1472K(99328K)] 117600K->15230K(182272K), 0.0006860 secs] [Times: user=0.00 sys=0.00, real=0.01 secs] 
17.534: Total time for which application threads were stopped: 0.0009480 seconds, Stopping threads took: 0.0001900 seconds
17.779: Application time: 0.2454740 seconds
17.780: [GC [PSYoungGen: 98760K->2304K(96768K)] 112518K->16338K(179712K), 0.0008640 secs] [Times: user=0.01 sys=0.00, real=0.00 secs] 
17.780: Total time for which application threads were stopped: 0.0010290 seconds, Stopping threads took: 0.0000920 seconds
18.020: Application time: 0.2395810 seconds
18.020: [GC [PSYoungGen: 96505K->1792K(93184K)] 110540K->15826K(176128K), 0.0007590 secs] [Times: user=0.00 sys=0.00, real=0.00 secs] 
18.021: Total time for which application threads were stopped: 0.0008890 seconds, Stopping threads took: 0.0000660 seconds
18.249: Application time: 0.2277670 seconds
18.249: [GC [PSYoungGen: 92506K->1408K(89600K)] 106540K->15442K(172544K), 0.0006630 secs] [Times: user=0.00 sys=0.00, real=0.00 secs] 
18.250: Total time for which application threads were stopped: 0.0009470 seconds, Stopping threads took: 0.0002060 seconds
18.471: Application time: 0.2215420 seconds
18.471: [GC [PSYoungGen: 89430K->768K(86016K)] 103464K->15066K(168960K), 0.0005590 secs] [Times: user=0.00 sys=0.00, real=0.00 secs] 
18.472: Total time for which application threads were stopped: 0.0006870 seconds, Stopping threads took: 0.0000670 seconds
18.683: Application time: 0.2107380 seconds
18.683: [GC [PSYoungGen: 85693K->2816K(89088K)] 99992K->17114K(172032K), 0.0008860 secs] [Times: user=0.00 sys=0.00, real=0.00 secs] 
18.684: Total time for which application threads were stopped: 0.0010810 seconds, Stopping threads took: 0.0001210 seconds
18.889: Application time: 0.2052160 seconds
18.889: [GC [PSYoungGen: 84272K->1952K(81408K)] 98570K->16250K(164352K), 0.0008220 secs] [Times: user=0.01 sys=0.00, real=0.00 secs] 
18.890: Total time for which application threads were stopped: 0.0009910 seconds, Stopping threads took: 0.0000710 seconds
19.089: Application time: 0.1991970 seconds
19.089: [GC [PSYoungGen: 81221K->1792K(78848K)] 95519K->16362K(161792K), 0.0007640 secs] [Times: user=0.00 sys=0.00, real=0.00 secs] 
19.090: Total time for which application threads were stopped: 0.0008900 seconds, Stopping threads took: 0.0000580 seconds
19.285: Application time: 0.1948540 seconds
19.285: [GC [PSYoungGen: 78488K->1248K(75776K)] 93059K->15818K(158720K), 0.0006010 secs] [Times: user=0.00 sys=0.00, real=0.00 secs] 
19.286: Total time for which application threads were stopped: 0.0007240 seconds, Stopping threads took: 0.0000550 seconds
19.469: Application time: 0.1838900 seconds
19.470: [GC [PSYoungGen: 75403K->1920K(73728K)] 89974K->16515K(156672K), 0.0007230 secs] [Times: user=0.01 sys=0.00, real=0.00 secs] 
19.470: Total time for which application threads were stopped: 0.0008740 seconds, Stopping threads took: 0.0000720 seconds
19.650: Application time: 0.1800020 seconds
19.650: [GC [PSYoungGen: 73550K->2304K(72192K)] 88145K->17147K(155136K), 0.0009670 secs] [Times: user=0.00 sys=0.00, real=0.00 secs] 
19.651: Total time for which application threads were stopped: 0.0010980 seconds, Stopping threads took: 0.0000600 seconds
19.826: Application time: 0.1743550 seconds
19.826: [GC [PSYoungGen: 71795K->2784K(70656K)] 86638K->17675K(153600K), 0.0009880 secs] [Times: user=0.01 sys=0.00, real=0.00 secs] 
19.827: Total time for which application threads were stopped: 0.0011270 seconds, Stopping threads took: 0.0000650 seconds
19.997: Application time: 0.1699490 seconds
19.997: [GC [PSYoungGen: 70223K->1792K(67584K)] 85114K->16683K(150528K), 0.0007510 secs] [Times: user=0.00 sys=0.00, real=0.00 secs] 
19.998: Total time for which application threads were stopped: 0.0010080 seconds, Stopping threads took: 0.0001810 seconds
20.161: Application time: 0.1631620 seconds
20.161: [GC [PSYoungGen: 67194K->2992K(66560K)] 82085K->17883K(149504K), 0.0010090 secs] [Times: user=0.00 sys=0.00, real=0.01 secs] 
20.162: Total time for which application threads were stopped: 0.0012300 seconds, Stopping threads took: 0.0001390 seconds
20.322: Application time: 0.1597290 seconds
20.322: [GC [PSYoungGen: 66389K->1280K(62976K)] 81280K->16419K(145920K), 0.0006980 secs] [Times: user=0.01 sys=0.00, real=0.00 secs] 
20.323: Total time for which application threads were stopped: 0.0008250 seconds, Stopping threads took: 0.0000590 seconds
20.478: Application time: 0.1554980 seconds
20.478: [GC [PSYoungGen: 62536K->1248K(61440K)] 77675K->16443K(144384K), 0.0005650 secs] [Times: user=0.00 sys=0.00, real=0.00 secs] 
20.479: Total time for which application threads were stopped: 0.0006880 seconds, Stopping threads took: 0.0000590 seconds
20.629: Application time: 0.1502040 seconds
20.629: [GC [PSYoungGen: 60957K->2272K(60928K)] 76153K->17467K(143872K), 0.0009010 secs] [Times: user=0.01 sys=0.00, real=0.00 secs] 
20.630: Total time for which application threads were stopped: 0.0010510 seconds, Stopping threads took: 0.0000670 seconds
20.776: Application time: 0.1460420 seconds
20.776: [GC [PSYoungGen: 60403K->1376K(58368K)] 75598K->16587K(141312K), 0.0006580 secs] [Times: user=0.00 sys=0.00, real=0.00 secs] 
20.777: Total time for which application threads were stopped: 0.0007850 seconds, Stopping threads took: 0.0000600 seconds
20.921: Application time: 0.1441550 seconds
20.921: [GC [PSYoungGen: 58164K->768K(56320K)] 73376K->16187K(139264K), 0.0005230 secs] [Times: user=0.00 sys=0.00, real=0.01 secs] 
20.922: Total time for which application threads were stopped: 0.0006500 seconds, Stopping threads took: 0.0000650 seconds
21.060: Application time: 0.1382750 seconds
21.060: [GC [PSYoungGen: 55840K->2784K(56832K)] 71260K->18283K(139776K), 0.0009500 secs] [Times: user=0.01 sys=0.00, real=0.00 secs] 
21.061: Total time for which application threads were stopped: 0.0010880 seconds, Stopping threads took: 0.0000610 seconds
21.196: Application time: 0.1351350 seconds
21.197: [GC [PSYoungGen: 56321K->2304K(54784K)] 71821K->17803K(137728K), 0.0008150 secs] [Times: user=0.00 sys=0.00, real=0.00 secs] 
21.197: Total time for which application threads were stopped: 0.0009630 seconds, Stopping threads took: 0.0000700 seconds
21.328: Application time: 0.1310150 seconds
21.329: [GC [PSYoungGen: 54294K->1792K(52736K)] 69794K->17291K(135680K), 0.0006790 secs] [Times: user=0.00 sys=0.00, real=0.00 secs] 
21.329: Total time for which application threads were stopped: 0.0008100 seconds, Stopping threads took: 0.0000610 seconds
21.455: Application time: 0.1252620 seconds
21.455: [GC [PSYoungGen: 52193K->1888K(51200K)] 67693K->17387K(134144K), 0.0008080 secs] [Times: user=0.00 sys=0.00, real=0.00 secs] 
21.456: Total time for which application threads were stopped: 0.0010450 seconds, Stopping threads took: 0.0001680 seconds
21.579: Application time: 0.1230820 seconds
21.579: [GC [PSYoungGen: 50944K->2288K(50688K)] 66444K->17996K(133632K), 0.0008670 secs] [Times: user=0.00 sys=0.00, real=0.00 secs] 
21.580: Total time for which application threads were stopped: 0.0010100 seconds, Stopping threads took: 0.0000700 seconds
21.699: Application time: 0.1196100 seconds
21.699: [GC [PSYoungGen: 50162K->2304K(49664K)] 65870K->18100K(132608K), 0.0008560 secs] [Times: user=0.00 sys=0.00, real=0.00 secs] 
21.700: Total time for which application threads were stopped: 0.0009950 seconds, Stopping threads took: 0.0000620 seconds
21.818: Application time: 0.1181670 seconds
21.819: [GC [PSYoungGen: 49152K->1792K(48128K)] 64948K->17588K(131072K), 0.0007000 secs] [Times: user=0.00 sys=0.00, real=0.00 secs] 
21.819: Total time for which application threads were stopped: 0.0009100 seconds, Stopping threads took: 0.0001430 seconds
21.935: Application time: 0.1154390 seconds
21.935: [GC [PSYoungGen: 47611K->1280K(46592K)] 63408K->17076K(129536K), 0.0005860 secs] [Times: user=0.01 sys=0.00, real=0.00 secs] 
21.936: Total time for which application threads were stopped: 0.0008240 seconds, Stopping threads took: 0.0001740 seconds
22.049: Application time: 0.1133640 seconds
22.049: [GC [PSYoungGen: 46225K->1248K(45568K)] 62021K->17044K(128512K), 0.0006260 secs] [Times: user=0.00 sys=0.00, real=0.00 secs] 
22.050: Total time for which application threads were stopped: 0.0009040 seconds, Stopping threads took: 0.0002150 seconds
22.158: Application time: 0.1082110 seconds
22.158: [GC [PSYoungGen: 44804K->2352K(45568K)] 60600K->18216K(128512K), 0.0008900 secs] [Times: user=0.00 sys=0.00, real=0.00 secs] 
22.159: Total time for which application threads were stopped: 0.0010420 seconds, Stopping threads took: 0.0000810 seconds
22.268: Application time: 0.1089040 seconds
22.268: [GC [PSYoungGen: 45245K->1280K(43520K)] 61110K->17296K(126464K), 0.0006640 secs] [Times: user=0.00 sys=0.00, real=0.00 secs] 
22.269: Total time for which application threads were stopped: 0.0007930 seconds, Stopping threads took: 0.0000550 seconds
22.373: Application time: 0.1043410 seconds
22.373: [GC [PSYoungGen: 42985K->1216K(42496K)] 59001K->17328K(125440K), 0.0006060 secs] [Times: user=0.00 sys=0.00, real=0.01 secs] 
22.374: Total time for which application threads were stopped: 0.0007380 seconds, Stopping threads took: 0.0000680 seconds
22.477: Application time: 0.1026550 seconds
22.477: [GC [PSYoungGen: 41895K->704K(40960K)] 58007K->16816K(123904K), 0.0005030 secs] [Times: user=0.00 sys=0.00, real=0.00 secs] 
22.477: Total time for which application threads were stopped: 0.0006290 seconds, Stopping threads took: 0.0000690 seconds
22.574: Application time: 0.0970810 seconds
22.574: [GC [PSYoungGen: 40325K->3296K(42496K)] 56438K->19408K(125440K), 0.0011710 secs] [Times: user=0.01 sys=0.00, real=0.00 secs] 
22.576: Total time for which application threads were stopped: 0.0013250 seconds, Stopping threads took: 0.0000750 seconds
22.676: Application time: 0.1000110 seconds
22.676: [GC [PSYoungGen: 41927K->736K(38912K)] 58040K->16848K(121856K), 0.0005830 secs] [Times: user=0.00 sys=0.00, real=0.00 secs] 
22.676: Total time for which application threads were stopped: 0.0007060 seconds, Stopping threads took: 0.0000630 seconds
22.770: Application time: 0.0937060 seconds
22.770: [GC [PSYoungGen: 38622K->1280K(38400K)] 54735K->17392K(121344K), 0.0006200 secs] [Times: user=0.01 sys=0.00, real=0.00 secs] 
22.771: Total time for which application threads were stopped: 0.0007500 seconds, Stopping threads took: 0.0000590 seconds
22.864: Application time: 0.0927140 seconds
22.864: [GC [PSYoungGen: 38064K->784K(37376K)] 54176K->17036K(120320K), 0.0005500 secs] [Times: user=0.00 sys=0.00, real=0.00 secs] 
22.864: Total time for which application threads were stopped: 0.0006640 seconds, Stopping threads took: 0.0000520 seconds
22.952: Application time: 0.0878910 seconds
22.952: [GC [PSYoungGen: 36885K->2784K(38912K)] 53138K->19136K(121856K), 0.0009560 secs] [Times: user=0.01 sys=0.00, real=0.00 secs] 
22.953: Total time for which application threads were stopped: 0.0011680 seconds, Stopping threads took: 0.0001370 seconds
23.043: Application time: 0.0902370 seconds
23.044: [GC [PSYoungGen: 38307K->2304K(37888K)] 54660K->18712K(120832K), 0.0008510 secs] [Times: user=0.01 sys=0.00, real=0.00 secs] 
23.044: Total time for which application threads were stopped: 0.0009920 seconds, Stopping threads took: 0.0000720 seconds
23.137: Application time: 0.0927720 seconds
23.137: [GC [PSYoungGen: 37315K->704K(35840K)] 53724K->17112K(118784K), 0.0004860 secs] [Times: user=0.00 sys=0.00, real=0.00 secs] 
23.138: Total time for which application threads were stopped: 0.0006160 seconds, Stopping threads took: 0.0000730 seconds
23.222: Application time: 0.0837750 seconds
23.222: [GC [PSYoungGen: 35191K->1760K(36352K)] 51599K->18168K(119296K), 0.0006950 secs] [Times: user=0.00 sys=0.00, real=0.00 secs] 
23.222: Total time for which application threads were stopped: 0.0008260 seconds, Stopping threads took: 0.0000660 seconds
23.307: Application time: 0.0843050 seconds
23.307: [GC [PSYoungGen: 35733K->2816K(36864K)] 52142K->19224K(119808K), 0.0010180 secs] [Times: user=0.00 sys=0.00, real=0.00 secs] 
23.308: Total time for which application threads were stopped: 0.0011580 seconds, Stopping threads took: 0.0000560 seconds
23.392: Application time: 0.0844840 seconds
23.393: [GC [PSYoungGen: 36435K->2816K(36352K)] 52844K->19224K(119296K), 0.0010850 secs] [Times: user=0.01 sys=0.00, real=0.01 secs] 
23.394: Total time for which application threads were stopped: 0.0012360 seconds, Stopping threads took: 0.0000730 seconds
23.478: Application time: 0.0842200 seconds
23.478: [GC [PSYoungGen: 36076K->2384K(35328K)] 52485K->19900K(118272K), 0.0011280 secs] [Times: user=0.00 sys=0.00, real=0.00 secs] 
23.479: Total time for which application threads were stopped: 0.0012790 seconds, Stopping threads took: 0.0000720 seconds
23.562: Application time: 0.0824550 seconds
23.562: [GC [PSYoungGen: 34977K->2304K(34816K)] 52494K->19969K(117760K), 0.0009030 secs] [Times: user=0.00 sys=0.00, real=0.00 secs] 
23.563: Total time for which application threads were stopped: 0.0011330 seconds, Stopping threads took: 0.0001570 seconds
23.644: Application time: 0.0816020 seconds
23.644: [GC [PSYoungGen: 34227K->2272K(34304K)] 51892K->20025K(117248K), 0.0009290 secs] [Times: user=0.00 sys=0.00, real=0.00 secs] 
23.645: Total time for which application threads were stopped: 0.0010620 seconds, Stopping threads took: 0.0000650 seconds
23.725: Application time: 0.0797240 seconds
23.725: [GC [PSYoungGen: 33681K->1792K(33280K)] 51434K->19545K(116224K), 0.0007250 secs] [Times: user=0.00 sys=0.00, real=0.00 secs] 
23.726: Total time for which application threads were stopped: 0.0009250 seconds, Stopping threads took: 0.0001340 seconds
23.803: Application time: 0.0772090 seconds
23.803: [GC [PSYoungGen: 32683K->2304K(33280K)] 50436K->20057K(116224K), 0.0008630 secs] [Times: user=0.00 sys=0.00, real=0.00 secs] 
23.804: Total time for which application threads were stopped: 0.0010090 seconds, Stopping threads took: 0.0000740 seconds
23.882: Application time: 0.0782050 seconds
23.883: [GC [PSYoungGen: 32685K->1216K(31744K)] 50438K->18969K(114688K), 0.0006580 secs] [Times: user=0.00 sys=0.00, real=0.00 secs] 
23.883: Total time for which application threads were stopped: 0.0008550 seconds, Stopping threads took: 0.0001240 seconds
23.958: Application time: 0.0745690 seconds
23.958: [GC [PSYoungGen: 31080K->1792K(31744K)] 48833K->19545K(114688K), 0.0006850 secs] [Times: user=0.00 sys=0.00, real=0.00 secs] 
23.959: Total time for which application threads were stopped: 0.0008120 seconds, Stopping threads took: 0.0000560 seconds
24.034: Application time: 0.0757390 seconds
24.035: [GC [PSYoungGen: 31144K->1280K(30720K)] 48897K->19033K(113664K), 0.0006230 secs] [Times: user=0.00 sys=0.00, real=0.00 secs] 
24.035: Total time for which application threads were stopped: 0.0007500 seconds, Stopping threads took: 0.0000660 seconds
24.107: Application time: 0.0717770 seconds
24.107: [GC [PSYoungGen: 30429K->1280K(30208K)] 48182K->19033K(113152K), 0.0006330 secs] [Times: user=0.00 sys=0.00, real=0.00 secs] 
24.108: Total time for which application threads were stopped: 0.0007570 seconds, Stopping threads took: 0.0000600 seconds
24.179: Application time: 0.0713330 seconds
24.179: [GC [PSYoungGen: 29757K->1248K(29696K)] 47510K->19141K(112640K), 0.0006940 secs] [Times: user=0.00 sys=0.00, real=0.00 secs] 
24.180: Total time for which application threads were stopped: 0.0008160 seconds, Stopping threads took: 0.0000550 seconds
24.250: Application time: 0.0696400 seconds
24.250: [GC [PSYoungGen: 29205K->1792K(29696K)] 47098K->19769K(112640K), 0.0008170 secs] [Times: user=0.01 sys=0.00, real=0.00 secs] 
24.251: Total time for which application threads were stopped: 0.0009560 seconds, Stopping threads took: 0.0000710 seconds
24.318: Application time: 0.0677770 seconds
24.318: [GC [PSYoungGen: 29072K->2816K(36352K)] 47049K->20873K(119296K), 0.0011530 secs] [Times: user=0.01 sys=0.00, real=0.00 secs] 
24.320: Total time for which application threads were stopped: 0.0012880 seconds, Stopping threads took: 0.0000610 seconds
24.402: Application time: 0.0821000 seconds
24.402: [GC [PSYoungGen: 35765K->2240K(42496K)] 53822K->20809K(125440K), 0.0010660 secs] [Times: user=0.01 sys=0.00, real=0.00 secs] 
24.403: Total time for which application threads were stopped: 0.0012190 seconds, Stopping threads took: 0.0000610 seconds
24.505: Application time: 0.1016030 seconds
24.505: [GC [PSYoungGen: 41891K->1760K(40960K)] 60460K->20329K(123904K), 0.0008200 secs] [Times: user=0.00 sys=0.00, real=0.00 secs] 
24.506: Total time for which application threads were stopped: 0.0016250 seconds, Stopping threads took: 0.0000750 seconds
24.601: Application time: 0.0944490 seconds
24.601: [GC [PSYoungGen: 40357K->2816K(50176K)] 58927K->21897K(133120K), 0.0012290 secs] [Times: user=0.01 sys=0.00, real=0.01 secs] 
24.602: Total time for which application threads were stopped: 0.0013660 seconds, Stopping threads took: 0.0000620 seconds
24.721: Application time: 0.1189060 seconds
24.721: [GC [PSYoungGen: 49718K->1760K(48128K)] 68799K->20841K(131072K), 0.0009660 secs] [Times: user=0.00 sys=0.00, real=0.00 secs] 
24.722: Total time for which application threads were stopped: 0.0016230 seconds, Stopping threads took: 0.0005880 seconds
24.837: Application time: 0.1149260 seconds
24.838: [GC [PSYoungGen: 47472K->2464K(57856K)] 66554K->23097K(140800K), 0.0014210 secs] [Times: user=0.01 sys=0.00, real=0.00 secs] 
24.839: Total time for which application threads were stopped: 0.0015760 seconds, Stopping threads took: 0.0000730 seconds
24.981: Application time: 0.1424070 seconds
24.982: [GC [PSYoungGen: 57718K->1248K(55296K)] 78352K->22085K(138240K), 0.0006550 secs] [Times: user=0.00 sys=0.00, real=0.00 secs] 
24.982: Total time for which application threads were stopped: 0.0007990 seconds, Stopping threads took: 0.0000720 seconds
25.118: Application time: 0.1353050 seconds
25.118: [GC [PSYoungGen: 54787K->1248K(53760K)] 75624K->22185K(136704K), 0.0006790 secs] [Times: user=0.00 sys=0.00, real=0.00 secs] 
25.118: Total time for which application threads were stopped: 0.0008020 seconds, Stopping threads took: 0.0000590 seconds
25.248: Application time: 0.1297100 seconds
25.248: [GC [PSYoungGen: 53234K->1760K(52736K)] 74171K->22697K(135680K), 0.0007320 secs] [Times: user=0.00 sys=0.01, real=0.00 secs] 
25.249: Total time for which application threads were stopped: 0.0008670 seconds, Stopping threads took: 0.0000700 seconds
25.375: Application time: 0.1261670 seconds
25.375: [GC [PSYoungGen: 52204K->1792K(51200K)] 73141K->22729K(134144K), 0.0007510 secs] [Times: user=0.00 sys=0.00, real=0.00 secs] 
25.376: Total time for which application threads were stopped: 0.0008920 seconds, Stopping threads took: 0.0000740 seconds
25.499: Application time: 0.1230860 seconds
25.499: [GC [PSYoungGen: 50647K->2416K(50688K)] 71585K->23353K(133632K), 0.0009980 secs] [Times: user=0.00 sys=0.00, real=0.00 secs] 
25.500: Total time for which application threads were stopped: 0.0011560 seconds, Stopping threads took: 0.0000800 seconds
25.620: Application time: 0.1197990 seconds
25.620: [GC [PSYoungGen: 50444K->2848K(50176K)] 71382K->24002K(133120K), 0.0011590 secs] [Times: user=0.01 sys=0.00, real=0.00 secs] 
25.621: Total time for which application threads were stopped: 0.0012950 seconds, Stopping threads took: 0.0000590 seconds
25.741: Application time: 0.1200320 seconds
25.741: [GC [PSYoungGen: 49700K->1248K(47616K)] 70854K->22502K(130560K), 0.0006930 secs] [Times: user=0.00 sys=0.00, real=0.00 secs] 
25.742: Total time for which application threads were stopped: 0.0008450 seconds, Stopping threads took: 0.0000800 seconds
25.857: Application time: 0.1152870 seconds
25.858: [GC [PSYoungGen: 47067K->736K(46080K)] 68321K->21990K(129024K), 0.0005070 secs] [Times: user=0.00 sys=0.00, real=0.00 secs] 
25.858: Total time for which application threads were stopped: 0.0006410 seconds, Stopping threads took: 0.0000710 seconds
25.972: Application time: 0.1140780 seconds
25.972: [GC [PSYoungGen: 45523K->1280K(45568K)] 66777K->22534K(128512K), 0.0006480 secs] [Times: user=0.00 sys=0.00, real=0.00 secs] 
25.973: Total time for which application threads were stopped: 0.0007730 seconds, Stopping threads took: 0.0000600 seconds
26.082: Application time: 0.1086110 seconds
26.082: [GC [PSYoungGen: 45115K->2304K(45568K)] 66369K->23558K(128512K), 0.0009760 secs] [Times: user=0.00 sys=0.00, real=0.00 secs] 
26.083: Total time for which application threads were stopped: 0.0011250 seconds, Stopping threads took: 0.0000720 seconds
26.189: Application time: 0.1065480 seconds
26.189: [GC [PSYoungGen: 44916K->1872K(44032K)] 66170K->23174K(126976K), 0.0008780 secs] [Times: user=0.00 sys=0.00, real=0.00 secs] 
26.190: Total time for which application threads were stopped: 0.0010130 seconds, Stopping threads took: 0.0000660 seconds
26.296: Application time: 0.1052320 seconds
26.296: [GC [PSYoungGen: 43733K->1792K(43008K)] 65035K->23270K(125952K), 0.0008130 secs] [Times: user=0.01 sys=0.00, real=0.00 secs] 
26.296: Total time for which application threads were stopped: 0.0009390 seconds, Stopping threads took: 0.0000570 seconds
26.400: Application time: 0.1038890 seconds
26.400: [GC [PSYoungGen: 42471K->1280K(41472K)] 63949K->22846K(124416K), 0.0006360 secs] [Times: user=0.00 sys=0.00, real=0.00 secs] 
26.401: Total time for which application threads were stopped: 0.0007700 seconds, Stopping threads took: 0.0000680 seconds
26.498: Application time: 0.0973610 seconds
26.499: [GC [PSYoungGen: 40910K->2816K(41984K)] 62476K->24382K(124928K), 0.0010600 secs] [Times: user=0.01 sys=0.00, real=0.00 secs] 
26.500: Total time for which application threads were stopped: 0.0012020 seconds, Stopping threads took: 0.0000670 seconds
26.599: Application time: 0.0991320 seconds
26.599: [GC [PSYoungGen: 41439K->1248K(39424K)] 63005K->22814K(122368K), 0.0006470 secs] [Times: user=0.00 sys=0.00, real=0.00 secs] 
26.600: Total time for which application threads were stopped: 0.0007850 seconds, Stopping threads took: 0.0000670 seconds
26.694: Application time: 0.0944040 seconds
26.694: [GC [PSYoungGen: 38819K->2272K(39424K)] 60385K->23838K(122368K), 0.0009090 secs] [Times: user=0.01 sys=0.00, real=0.00 secs] 
26.695: Total time for which application threads were stopped: 0.0010460 seconds, Stopping threads took: 0.0000680 seconds
26.787: Application time: 0.0923990 seconds
26.788: [GC [PSYoungGen: 39056K->1792K(38400K)] 60623K->23358K(121344K), 0.0008270 secs] [Times: user=0.00 sys=0.00, real=0.00 secs] 
26.788: Total time for which application threads were stopped: 0.0009630 seconds, Stopping threads took: 0.0000670 seconds
26.881: Application time: 0.0923740 seconds
26.881: [GC [PSYoungGen: 38058K->2240K(38400K)] 59625K->23910K(121344K), 0.0009810 secs] [Times: user=0.00 sys=0.00, real=0.01 secs] 
26.882: Total time for which application threads were stopped: 0.0011190 seconds, Stopping threads took: 0.0000650 seconds
26.973: Application time: 0.0913060 seconds
26.973: [GC [PSYoungGen: 37922K->768K(36352K)] 59592K->22566K(119296K), 0.0005590 secs] [Times: user=0.00 sys=0.00, real=0.01 secs] 
26.974: Total time for which application threads were stopped: 0.0006860 seconds, Stopping threads took: 0.0000670 seconds
27.060: Application time: 0.0861490 seconds
27.060: [GC [PSYoungGen: 35765K->2240K(37376K)] 57563K->24102K(120320K), 0.0010150 secs] [Times: user=0.00 sys=0.00, real=0.00 secs] 
27.061: Total time for which application threads were stopped: 0.0012150 seconds, Stopping threads took: 0.0001290 seconds
27.149: Application time: 0.0878840 seconds
27.149: [GC [PSYoungGen: 36735K->1760K(36352K)] 58598K->23622K(119296K), 0.0008180 secs] [Times: user=0.01 sys=0.00, real=0.00 secs] 
27.150: Total time for which application threads were stopped: 0.0009680 seconds, Stopping threads took: 0.0000700 seconds
27.237: Application time: 0.0871430 seconds
27.237: [GC [PSYoungGen: 35737K->1792K(35840K)] 57600K->23654K(118784K), 0.0007100 secs] [Times: user=0.00 sys=0.00, real=0.00 secs] 
27.238: Total time for which application threads were stopped: 0.0008360 seconds, Stopping threads took: 0.0000600 seconds
27.321: Application time: 0.0827060 seconds
27.321: [GC [PSYoungGen: 35253K->2272K(35840K)] 57115K->24134K(118784K), 0.0009320 secs] [Times: user=0.00 sys=0.00, real=0.01 secs] 
27.322: Total time for which application threads were stopped: 0.0010820 seconds, Stopping threads took: 0.0000710 seconds
27.406: Application time: 0.0836920 seconds
27.406: [GC [PSYoungGen: 35303K->1248K(34304K)] 57166K->23110K(117248K), 0.0005900 secs] [Times: user=0.00 sys=0.00, real=0.00 secs] 
27.406: Total time for which application threads were stopped: 0.0007340 seconds, Stopping threads took: 0.0000820 seconds
27.488: Application time: 0.0820710 seconds
27.489: [GC [PSYoungGen: 33994K->1840K(34304K)] 55857K->23766K(117248K), 0.0008030 secs] [Times: user=0.01 sys=0.00, real=0.00 secs] 
27.489: Total time for which application threads were stopped: 0.0009470 seconds, Stopping threads took: 0.0000770 seconds
27.572: Application time: 0.0828030 seconds
27.572: [GC [PSYoungGen: 33921K->736K(32768K)] 55848K->22818K(115712K), 0.0005560 secs] [Times: user=0.00 sys=0.00, real=0.00 secs] 
27.573: Total time for which application threads were stopped: 0.0006790 seconds, Stopping threads took: 0.0000620 seconds
27.649: Application time: 0.0758330 seconds
27.649: [GC [PSYoungGen: 32213K->2784K(34304K)] 54295K->24942K(117248K), 0.0011090 secs] [Times: user=0.00 sys=0.00, real=0.00 secs] 
27.650: Total time for which application threads were stopped: 0.0012610 seconds, Stopping threads took: 0.0000780 seconds
27.731: Application time: 0.0806880 seconds
27.731: [GC [PSYoungGen: 33683K->1248K(32256K)] 55842K->23454K(115200K), 0.0005960 secs] [Times: user=0.00 sys=0.00, real=0.00 secs] 
27.731: Total time for which application threads were stopped: 0.0007380 seconds, Stopping threads took: 0.0000710 seconds
27.806: Application time: 0.0748020 seconds
27.806: [GC [PSYoungGen: 31622K->2304K(32768K)] 53829K->24510K(115712K), 0.0009330 secs] [Times: user=0.00 sys=0.00, real=0.00 secs] 
27.807: Total time for which application threads were stopped: 0.0010630 seconds, Stopping threads took: 0.0000590 seconds
27.887: Application time: 0.0795350 seconds
27.887: [GC [PSYoungGen: 32168K->1792K(31744K)] 54375K->23998K(114688K), 0.0007740 secs] [Times: user=0.00 sys=0.00, real=0.00 secs] 
27.888: Total time for which application threads were stopped: 0.0009310 seconds, Stopping threads took: 0.0000680 seconds
27.962: Application time: 0.0738320 seconds
27.962: [GC [PSYoungGen: 31140K->2304K(31744K)] 53347K->24510K(114688K), 0.0009640 secs] [Times: user=0.01 sys=0.00, real=0.00 secs] 
27.963: Total time for which application threads were stopped: 0.0011030 seconds, Stopping threads took: 0.0000650 seconds
28.034: Application time: 0.0718000 seconds
28.035: [GC [PSYoungGen: 31140K->2304K(31232K)] 53347K->24510K(114176K), 0.0008870 secs] [Times: user=0.00 sys=0.00, real=0.00 secs] 
28.035: Total time for which application threads were stopped: 0.0010300 seconds, Stopping threads took: 0.0000730 seconds
28.113: Application time: 0.0775130 seconds
28.113: [GC [PSYoungGen: 30783K->1792K(30208K)] 52989K->23998K(113152K), 0.0008740 secs] [Times: user=0.01 sys=0.00, real=0.01 secs] 
28.114: Total time for which application threads were stopped: 0.0010100 seconds, Stopping threads took: 0.0000610 seconds
28.194: Application time: 0.0802180 seconds
28.194: [GC [PSYoungGen: 29830K->1312K(29184K)] 52037K->23598K(112128K), 0.0007060 secs] [Times: user=0.00 sys=0.00, real=0.00 secs] 
28.195: Total time for which application threads were stopped: 0.0008590 seconds, Stopping threads took: 0.0000860 seconds
28.262: Application time: 0.0673050 seconds
28.262: [GC [PSYoungGen: 28746K->1280K(28672K)] 51033K->23671K(111616K), 0.0006590 secs] [Times: user=0.01 sys=0.00, real=0.00 secs] 
28.263: Total time for which application threads were stopped: 0.0008010 seconds, Stopping threads took: 0.0000690 seconds
28.328: Application time: 0.0652850 seconds
28.329: [GC [PSYoungGen: 28118K->2272K(35328K)] 50509K->24743K(118272K), 0.0009560 secs] [Times: user=0.01 sys=0.00, real=0.00 secs] 
28.330: Total time for which application threads were stopped: 0.0011150 seconds, Stopping threads took: 0.0000840 seconds
28.411: Application time: 0.0813590 seconds
28.411: [GC [PSYoungGen: 34707K->2272K(41984K)] 57178K->24799K(124928K), 0.0010050 secs] [Times: user=0.00 sys=0.00, real=0.00 secs] 
28.412: Total time for which application threads were stopped: 0.0011390 seconds, Stopping threads took: 0.0000610 seconds
28.509: Application time: 0.0973670 seconds
28.510: [GC [PSYoungGen: 41394K->1248K(39936K)] 63921K->23775K(122880K), 0.0006360 secs] [Times: user=0.00 sys=0.00, real=0.00 secs] 
28.510: Total time for which application threads were stopped: 0.0007800 seconds, Stopping threads took: 0.0000810 seconds
28.604: Application time: 0.0941140 seconds
28.604: [GC [PSYoungGen: 39338K->1248K(38912K)] 61865K->23775K(121856K), 0.0006420 secs] [Times: user=0.00 sys=0.00, real=0.00 secs] 
28.605: Total time for which application threads were stopped: 0.0007670 seconds, Stopping threads took: 0.0000600 seconds
28.696: Application time: 0.0907630 seconds
28.696: [GC [PSYoungGen: 38307K->1696K(38912K)] 60835K->24223K(121856K), 0.0007780 secs] [Times: user=0.01 sys=0.00, real=0.00 secs] 
28.697: Total time for which application threads were stopped: 0.0009060 seconds, Stopping threads took: 0.0000580 seconds
28.786: Application time: 0.0895230 seconds
28.786: [GC [PSYoungGen: 38394K->2848K(39424K)] 60921K->25887K(122368K), 0.0013240 secs] [Times: user=0.01 sys=0.00, real=0.00 secs] 
28.788: Total time for which application threads were stopped: 0.0014780 seconds, Stopping threads took: 0.0000720 seconds
28.878: Application time: 0.0899220 seconds
28.878: [GC [PSYoungGen: 39118K->1312K(37376K)] 62157K->25971K(120320K), 0.0010320 secs] [Times: user=0.01 sys=0.00, real=0.00 secs] 
28.879: Total time for which application threads were stopped: 0.0011740 seconds, Stopping threads took: 0.0000700 seconds
28.969: Application time: 0.0899160 seconds
28.969: [GC [PSYoungGen: 37069K->2320K(45568K)] 61728K->27095K(128512K), 0.0011370 secs] [Times: user=0.00 sys=0.00, real=0.00 secs] 
28.970: Total time for which application threads were stopped: 0.0012730 seconds, Stopping threads took: 0.0000570 seconds
29.077: Application time: 0.1067110 seconds
29.077: [GC [PSYoungGen: 45038K->1728K(44032K)] 69814K->26623K(126976K), 0.0008380 secs] [Times: user=0.01 sys=0.00, real=0.00 secs] 
29.078: Total time for which application threads were stopped: 0.0009730 seconds, Stopping threads took: 0.0000660 seconds
29.182: Application time: 0.1042440 seconds
29.182: [GC [PSYoungGen: 43416K->1760K(43008K)] 68312K->26655K(125952K), 0.0007990 secs] [Times: user=0.00 sys=0.00, real=0.00 secs] 
29.183: Total time for which application threads were stopped: 0.0009280 seconds, Stopping threads took: 0.0000620 seconds
29.284: Application time: 0.1007880 seconds
29.284: [GC [PSYoungGen: 42418K->1728K(41984K)] 67313K->26623K(124928K), 0.0007770 secs] [Times: user=0.00 sys=0.00, real=0.00 secs] 
29.285: Total time for which application threads were stopped: 0.0009280 seconds, Stopping threads took: 0.0000840 seconds
29.383: Application time: 0.0981200 seconds
29.383: [GC [PSYoungGen: 41360K->2304K(41472K)] 66255K->27199K(124416K), 0.0009440 secs] [Times: user=0.00 sys=0.00, real=0.00 secs] 
29.384: Total time for which application threads were stopped: 0.0010920 seconds, Stopping threads took: 0.0000690 seconds
29.481: Application time: 0.0972730 seconds
29.481: [GC [PSYoungGen: 41209K->1280K(39424K)] 66104K->26175K(122368K), 0.0006740 secs] [Times: user=0.00 sys=0.00, real=0.01 secs] 
29.482: Total time for which application threads were stopped: 0.0008060 seconds, Stopping threads took: 0.0000710 seconds
29.574: Application time: 0.0923070 seconds
29.574: [GC [PSYoungGen: 39022K->2800K(39936K)] 63918K->27815K(122880K), 0.0011830 secs] [Times: user=0.01 sys=0.00, real=0.00 secs] 
29.576: Total time for which application threads were stopped: 0.0013180 seconds, Stopping threads took: 0.0000600 seconds
29.667: Application time: 0.0910260 seconds
29.667: [GC [PSYoungGen: 39504K->1760K(38400K)] 64520K->27887K(121344K), 0.0011170 secs] [Times: user=0.01 sys=0.00, real=0.00 secs] 
29.668: Total time for which application threads were stopped: 0.0012510 seconds, Stopping threads took: 0.0000620 seconds
29.758: Application time: 0.0906120 seconds
29.759: [GC [PSYoungGen: 37798K->1760K(37888K)] 63925K->27979K(120832K), 0.0008210 secs] [Times: user=0.00 sys=0.00, real=0.00 secs] 
29.759: Total time for which application threads were stopped: 0.0009490 seconds, Stopping threads took: 0.0000630 seconds
29.846: Application time: 0.0868890 seconds
29.846: [GC [PSYoungGen: 37277K->2272K(37888K)] 63497K->28491K(120832K), 0.0009320 secs] [Times: user=0.01 sys=0.00, real=0.00 secs] 
29.847: Total time for which application threads were stopped: 0.0010760 seconds, Stopping threads took: 0.0000730 seconds
29.935: Application time: 0.0872730 seconds
29.935: [GC [PSYoungGen: 37279K->1728K(36864K)] 63499K->27947K(119808K), 0.0007930 secs] [Times: user=0.01 sys=0.00, real=0.00 secs] 
29.936: Total time for which application threads were stopped: 0.0009320 seconds, Stopping threads took: 0.0000650 seconds
30.022: Application time: 0.0867070 seconds
30.022: [GC [PSYoungGen: 36219K->1760K(36352K)] 62439K->27979K(119296K), 0.0007170 secs] [Times: user=0.00 sys=0.00, real=0.00 secs] 
30.023: Total time for which application threads were stopped: 0.0008650 seconds, Stopping threads took: 0.0000860 seconds
30.108: Application time: 0.0844130 seconds
30.108: [GC [PSYoungGen: 35888K->2832K(36864K)] 62108K->29051K(119808K), 0.0011560 secs] [Times: user=0.00 sys=0.00, real=0.00 secs] 
30.109: Total time for which application threads were stopped: 0.0013060 seconds, Stopping threads took: 0.0000750 seconds
30.193: Application time: 0.0838330 seconds
30.193: [GC [PSYoungGen: 36530K->1312K(34816K)] 62750K->29147K(117760K), 0.0010140 secs] [Times: user=0.00 sys=0.00, real=0.01 secs] 
30.194: Total time for which application threads were stopped: 0.0012610 seconds, Stopping threads took: 0.0001710 seconds
30.275: Application time: 0.0813230 seconds
30.275: [GC [PSYoungGen: 34418K->2848K(43008K)] 62254K->30784K(125952K), 0.0011680 secs] [Times: user=0.01 sys=0.00, real=0.00 secs] 
30.277: Total time for which application threads were stopped: 0.0013020 seconds, Stopping threads took: 0.0000600 seconds
30.376: Application time: 0.0996370 seconds
30.376: [GC [PSYoungGen: 42562K->1760K(40960K)] 70498K->29784K(123904K), 0.0007920 secs] [Times: user=0.00 sys=0.00, real=0.00 secs] 
30.377: Total time for which application threads were stopped: 0.0009430 seconds, Stopping threads took: 0.0000830 seconds
30.472: Application time: 0.0949350 seconds
30.472: [GC [PSYoungGen: 40360K->2752K(50176K)] 68384K->30816K(133120K), 0.0012170 secs] [Times: user=0.00 sys=0.01, real=0.01 secs] 
30.474: Total time for which application threads were stopped: 0.0013690 seconds, Stopping threads took: 0.0000670 seconds
30.591: Application time: 0.1177490 seconds
30.591: [GC [PSYoungGen: 49595K->1728K(48128K)] 77659K->29792K(131072K), 0.0008050 secs] [Times: user=0.00 sys=0.00, real=0.00 secs] 
30.592: Total time for which application threads were stopped: 0.0009250 seconds, Stopping threads took: 0.0000540 seconds
30.707: Application time: 0.1148530 seconds
30.707: [GC [PSYoungGen: 47609K->1760K(47104K)] 75673K->29824K(130048K), 0.0007890 secs] [Times: user=0.00 sys=0.00, real=0.00 secs] 
30.708: Total time for which application threads were stopped: 0.0009200 seconds, Stopping threads took: 0.0000660 seconds
30.819: Application time: 0.1113870 seconds
30.819: [GC [PSYoungGen: 46769K->1264K(45568K)] 74833K->29392K(128512K), 0.0007070 secs] [Times: user=0.01 sys=0.00, real=0.00 secs] 
30.820: Total time for which application threads were stopped: 0.0008350 seconds, Stopping threads took: 0.0000660 seconds
30.929: Application time: 0.1084120 seconds
30.929: [GC [PSYoungGen: 45243K->1792K(45056K)] 73371K->30032K(128000K), 0.0008460 secs] [Times: user=0.01 sys=0.00, real=0.00 secs] 
30.930: Total time for which application threads were stopped: 0.0009740 seconds, Stopping threads took: 0.0000590 seconds
31.035: Application time: 0.1051190 seconds
31.035: [GC [PSYoungGen: 44583K->2784K(45056K)] 72823K->31132K(128000K), 0.0011460 secs] [Times: user=0.01 sys=0.00, real=0.00 secs] 
31.036: Total time for which application threads were stopped: 0.0012950 seconds, Stopping threads took: 0.0000580 seconds
31.139: Application time: 0.1025600 seconds
31.139: [GC [PSYoungGen: 44470K->3296K(44544K)] 72819K->31684K(127488K), 0.0013460 secs] [Times: user=0.01 sys=0.00, real=0.00 secs] 
31.140: Total time for which application threads were stopped: 0.0014810 seconds, Stopping threads took: 0.0000580 seconds
31.241: Application time: 0.1013470 seconds
31.242: [GC [PSYoungGen: 43958K->1216K(41472K)] 72347K->31140K(124416K), 0.0009840 secs] [Times: user=0.00 sys=0.00, real=0.00 secs] 
31.243: Total time for which application threads were stopped: 0.0011400 seconds, Stopping threads took: 0.0000830 seconds
31.343: Application time: 0.1007380 seconds
31.343: [GC [PSYoungGen: 40852K->1760K(40960K)] 70776K->31684K(123904K), 0.0007650 secs] [Times: user=0.00 sys=0.00, real=0.00 secs] 
31.344: Total time for which application threads were stopped: 0.0009010 seconds, Stopping threads took: 0.0000670 seconds
31.439: Application time: 0.0943300 seconds
31.439: [GC [PSYoungGen: 40518K->2304K(40448K)] 70443K->32228K(123392K), 0.0009640 secs] [Times: user=0.01 sys=0.00, real=0.00 secs] 
31.440: Total time for which application threads were stopped: 0.0011080 seconds, Stopping threads took: 0.0000710 seconds
31.535: Application time: 0.0953350 seconds
31.535: [GC [PSYoungGen: 40117K->1808K(38912K)] 70041K->31824K(121856K), 0.0009050 secs] [Times: user=0.00 sys=0.00, real=0.00 secs] 
31.536: Total time for which application threads were stopped: 0.0010460 seconds, Stopping threads took: 0.0000750 seconds
31.627: Application time: 0.0914380 seconds
31.628: [GC [PSYoungGen: 38514K->1248K(37888K)] 68531K->31376K(120832K), 0.0007010 secs] [Times: user=0.01 sys=0.00, real=0.00 secs] 
31.628: Total time for which application threads were stopped: 0.0008390 seconds, Stopping threads took: 0.0000620 seconds
31.718: Application time: 0.0900110 seconds
31.718: [GC [PSYoungGen: 37360K->1248K(37376K)] 67488K->31456K(120320K), 0.0006290 secs] [Times: user=0.00 sys=0.00, real=0.00 secs] 
31.719: Total time for which application threads were stopped: 0.0007830 seconds, Stopping threads took: 0.0000900 seconds
31.806: Application time: 0.0865430 seconds
31.806: [GC [PSYoungGen: 36761K->2784K(38400K)] 66970K->33040K(121344K), 0.0011020 secs] [Times: user=0.01 sys=0.00, real=0.00 secs] 
31.807: Total time for which application threads were stopped: 0.0012420 seconds, Stopping threads took: 0.0000660 seconds
31.895: Application time: 0.0881420 seconds
31.895: [GC [PSYoungGen: 37793K->1760K(36864K)] 68050K->32016K(119808K), 0.0007460 secs] [Times: user=0.00 sys=0.00, real=0.00 secs] 
31.896: Total time for which application threads were stopped: 0.0009820 seconds, Stopping threads took: 0.0001670 seconds
31.982: Application time: 0.0855650 seconds
31.982: [GC [PSYoungGen: 36249K->2240K(37376K)] 66506K->32496K(120320K), 0.0009400 secs] [Times: user=0.01 sys=0.00, real=0.00 secs] 
31.983: Total time for which application threads were stopped: 0.0010830 seconds, Stopping threads took: 0.0000740 seconds
32.067: Application time: 0.0847180 seconds
32.067: [GC [PSYoungGen: 36378K->1232K(35328K)] 66635K->31488K(118272K), 0.0006100 secs] [Times: user=0.01 sys=0.00, real=0.00 secs] 
32.068: Total time for which application threads were stopped: 0.0007290 seconds, Stopping threads took: 0.0000540 seconds
32.150: Application time: 0.0821740 seconds
32.150: [GC [PSYoungGen: 34924K->2320K(36352K)] 65181K->32664K(119296K), 0.0009770 secs] [Times: user=0.00 sys=0.00, real=0.00 secs] 
32.151: Total time for which application threads were stopped: 0.0011390 seconds, Stopping threads took: 0.0000800 seconds
32.234: Application time: 0.0823970 seconds
32.234: [GC [PSYoungGen: 35422K->2816K(35840K)] 65766K->33272K(118784K), 0.0011320 secs] [Times: user=0.01 sys=0.00, real=0.00 secs] 
32.235: Total time for which application threads were stopped: 0.0012780 seconds, Stopping threads took: 0.0000720 seconds
32.315: Application time: 0.0794030 seconds
32.315: [GC [PSYoungGen: 35323K->3296K(35840K)] 65780K->33841K(118784K), 0.0013490 secs] [Times: user=0.01 sys=0.00, real=0.00 secs] 
32.316: Total time for which application threads were stopped: 0.0014880 seconds, Stopping threads took: 0.0000590 seconds
32.396: Application time: 0.0803080 seconds
32.396: [GC [PSYoungGen: 35217K->2784K(36352K)] 65762K->33377K(119296K), 0.0010980 secs] [Times: user=0.01 sys=0.00, real=0.00 secs] 
32.398: Total time for which application threads were stopped: 0.0012350 seconds, Stopping threads took: 0.0000620 seconds
32.478: Application time: 0.0808480 seconds
32.479: [GC [PSYoungGen: 34709K->1760K(43008K)] 65302K->32353K(125952K), 0.0005980 secs] [Times: user=0.01 sys=0.00, real=0.00 secs] 
32.479: Total time for which application threads were stopped: 0.0007340 seconds, Stopping threads took: 0.0000720 seconds
32.575: Application time: 0.0961760 seconds
32.576: [GC [PSYoungGen: 40364K->1760K(39936K)] 70957K->32353K(122880K), 0.0007490 secs] [Times: user=0.00 sys=0.00, real=0.00 secs] 
32.576: Total time for which application threads were stopped: 0.0009820 seconds, Stopping threads took: 0.0001650 seconds
32.670: Application time: 0.0940290 seconds
32.670: [GC [PSYoungGen: 39334K->2272K(39936K)] 69927K->32865K(122880K), 0.0008500 secs] [Times: user=0.01 sys=0.00, real=0.00 secs] 
32.671: Total time for which application threads were stopped: 0.0010140 seconds, Stopping threads took: 0.0000840 seconds
32.762: Application time: 0.0905020 seconds
32.762: [GC [PSYoungGen: 38976K->1760K(38400K)] 69569K->32353K(121344K), 0.0007990 secs] [Times: user=0.00 sys=0.00, real=0.00 secs] 
32.763: Total time for which application threads were stopped: 0.0009860 seconds, Stopping threads took: 0.0001180 seconds
32.854: Application time: 0.0914570 seconds
32.854: [GC [PSYoungGen: 38032K->1264K(38912K)] 68625K->31929K(121856K), 0.0006330 secs] [Times: user=0.00 sys=0.00, real=0.00 secs] 
32.855: Total time for which application threads were stopped: 0.0007660 seconds, Stopping threads took: 0.0000680 seconds
32.944: Application time: 0.0886530 seconds
32.944: [GC [PSYoungGen: 36938K->1280K(36864K)] 67603K->32061K(119808K), 0.0006610 secs] [Times: user=0.01 sys=0.00, real=0.00 secs] 
32.945: Total time for which application threads were stopped: 0.0008050 seconds, Stopping threads took: 0.0000800 seconds
33.030: Application time: 0.0851910 seconds
33.030: [GC [PSYoungGen: 36359K->2816K(38400K)] 67141K->33669K(121344K), 0.0010850 secs] [Times: user=0.00 sys=0.00, real=0.00 secs] 
33.031: Total time for which application threads were stopped: 0.0012230 seconds, Stopping threads took: 0.0000640 seconds
33.119: Application time: 0.0883810 seconds
33.119: [GC [PSYoungGen: 37313K->1216K(35840K)] 68167K->32125K(118784K), 0.0005990 secs] [Times: user=0.00 sys=0.00, real=0.00 secs] 
33.120: Total time for which application threads were stopped: 0.0007840 seconds, Stopping threads took: 0.0001230 seconds
33.203: Application time: 0.0828540 seconds
33.203: [GC [PSYoungGen: 35189K->2272K(37376K)] 66098K->33181K(120320K), 0.0008990 secs] [Times: user=0.00 sys=0.00, real=0.00 secs] 
33.204: Total time for which application threads were stopped: 0.0010500 seconds, Stopping threads took: 0.0000750 seconds
33.288: Application time: 0.0838700 seconds
33.288: [GC [PSYoungGen: 35739K->1216K(34816K)] 66649K->32125K(117760K), 0.0006110 secs] [Times: user=0.00 sys=0.00, real=0.00 secs] 
33.289: Total time for which application threads were stopped: 0.0007410 seconds, Stopping threads took: 0.0000680 seconds
33.371: Application time: 0.0825960 seconds
33.371: [GC [PSYoungGen: 34245K->704K(36352K)] 65155K->31613K(119296K), 0.0004770 secs] [Times: user=0.01 sys=0.00, real=0.00 secs] 
33.372: Total time for which application threads were stopped: 0.0006080 seconds, Stopping threads took: 0.0000710 seconds
33.452: Application time: 0.0802400 seconds
33.452: [GC [PSYoungGen: 33285K->1744K(34304K)] 64195K->32717K(117248K), 0.0008020 secs] [Times: user=0.00 sys=0.00, real=0.00 secs] 
33.453: Total time for which application threads were stopped: 0.0009390 seconds, Stopping threads took: 0.0000610 seconds
33.531: Application time: 0.0782190 seconds
33.531: [GC [PSYoungGen: 33813K->2272K(34816K)] 64786K->33317K(117760K), 0.0009480 secs] [Times: user=0.00 sys=0.00, real=0.00 secs] 
33.532: Total time for which application threads were stopped: 0.0010840 seconds, Stopping threads took: 0.0000620 seconds
33.611: Application time: 0.0789040 seconds
33.611: [GC [PSYoungGen: 33835K->1776K(33280K)] 64881K->32893K(116224K), 0.0007920 secs] [Times: user=0.01 sys=0.00, real=0.00 secs] 
33.612: Total time for which application threads were stopped: 0.0009290 seconds, Stopping threads took: 0.0000690 seconds
33.688: Application time: 0.0762710 seconds
33.689: [GC [PSYoungGen: 32735K->2272K(33792K)] 63852K->33469K(116736K), 0.0009610 secs] [Times: user=0.00 sys=0.00, real=0.00 secs] 
33.690: Total time for which application threads were stopped: 0.0011020 seconds, Stopping threads took: 0.0000700 seconds
33.765: Application time: 0.0758110 seconds
33.765: [GC [PSYoungGen: 32636K->2752K(34304K)] 63834K->33997K(117248K), 0.0010990 secs] [Times: user=0.00 sys=0.00, real=0.00 secs] 
33.767: Total time for which application threads were stopped: 0.0012530 seconds, Stopping threads took: 0.0000630 seconds
33.844: Application time: 0.0771480 seconds
33.844: [GC [PSYoungGen: 33129K->1760K(32256K)] 64374K->33005K(115200K), 0.0006330 secs] [Times: user=0.00 sys=0.00, real=0.00 secs] 
33.845: Total time for which application threads were stopped: 0.0007590 seconds, Stopping threads took: 0.0000590 seconds
33.918: Application time: 0.0735720 seconds
33.918: [GC [PSYoungGen: 31604K->2784K(38912K)] 62849K->34029K(121856K), 0.0010630 secs] [Times: user=0.01 sys=0.00, real=0.00 secs] 
33.919: Total time for which application threads were stopped: 0.0012040 seconds, Stopping threads took: 0.0000700 seconds
34.008: Application time: 0.0890270 seconds
34.008: [GC [PSYoungGen: 37798K->704K(37888K)] 69043K->31949K(120832K), 0.0005350 secs] [Times: user=0.00 sys=0.00, real=0.00 secs] 
34.009: Total time for which application threads were stopped: 0.0006630 seconds, Stopping threads took: 0.0000680 seconds
34.093: Application time: 0.0837170 seconds
34.093: [GC [PSYoungGen: 35346K->2304K(36864K)] 66591K->33549K(119808K), 0.0009680 secs] [Times: user=0.01 sys=0.00, real=0.01 secs] 
34.095: Total time for which application threads were stopped: 0.0018670 seconds, Stopping threads took: 0.0000750 seconds
34.180: Application time: 0.0851720 seconds
34.180: [GC [PSYoungGen: 36518K->1808K(36352K)] 67764K->33149K(119296K), 0.0007860 secs] [Times: user=0.00 sys=0.00, real=0.00 secs] 
34.181: Total time for which application threads were stopped: 0.0009130 seconds, Stopping threads took: 0.0000570 seconds
34.264: Application time: 0.0834920 seconds
34.264: [GC [PSYoungGen: 35426K->2240K(35840K)] 66767K->33681K(118784K), 0.0010380 secs] [Times: user=0.00 sys=0.00, real=0.00 secs] 
34.265: Total time for which application threads were stopped: 0.0011710 seconds, Stopping threads took: 0.0000590 seconds
34.347: Application time: 0.0819160 seconds
34.347: [GC [PSYoungGen: 35267K->2304K(35840K)] 66709K->33829K(118784K), 0.0009360 secs] [Times: user=0.00 sys=0.00, real=0.00 secs] 
34.348: Total time for which application threads were stopped: 0.0010830 seconds, Stopping threads took: 0.0000680 seconds
34.429: Application time: 0.0806430 seconds
34.429: [GC [PSYoungGen: 34737K->2240K(36352K)] 66263K->33813K(119296K), 0.0010020 secs] [Times: user=0.00 sys=0.01, real=0.00 secs] 
34.430: Total time for which application threads were stopped: 0.0011410 seconds, Stopping threads took: 0.0000670 seconds
34.512: Application time: 0.0816830 seconds
34.512: [GC [PSYoungGen: 34677K->1760K(34304K)] 66251K->33333K(117248K), 0.0006390 secs] [Times: user=0.00 sys=0.00, real=0.00 secs] 
34.513: Total time for which application threads were stopped: 0.0007720 seconds, Stopping threads took: 0.0000670 seconds
34.592: Application time: 0.0797460 seconds
34.593: [GC [PSYoungGen: 33685K->704K(32768K)] 65259K->32277K(115712K), 0.0004970 secs] [Times: user=0.00 sys=0.00, real=0.00 secs] 
34.593: Total time for which application threads were stopped: 0.0007090 seconds, Stopping threads took: 0.0001520 seconds
34.668: Application time: 0.0749610 seconds
34.668: [GC [PSYoungGen: 32092K->2272K(33792K)] 63666K->33845K(116736K), 0.0007820 secs] [Times: user=0.01 sys=0.00, real=0.00 secs] 
34.669: Total time for which application threads were stopped: 0.0010000 seconds, Stopping threads took: 0.0001460 seconds
34.747: Application time: 0.0780820 seconds
34.747: [GC [PSYoungGen: 33321K->1248K(32256K)] 64895K->32821K(115200K), 0.0006560 secs] [Times: user=0.01 sys=0.00, real=0.00 secs] 
34.748: Total time for which application threads were stopped: 0.0007830 seconds, Stopping threads took: 0.0000630 seconds
34.823: Application time: 0.0751140 seconds
34.823: [GC [PSYoungGen: 31847K->1808K(32256K)] 63421K->33461K(115200K), 0.0008210 secs] [Times: user=0.00 sys=0.00, real=0.00 secs] 
34.824: Total time for which application threads were stopped: 0.0009470 seconds, Stopping threads took: 0.0000590 seconds
34.897: Application time: 0.0728800 seconds
34.897: [GC [PSYoungGen: 31813K->2304K(32256K)] 63467K->34074K(115200K), 0.0010150 secs] [Times: user=0.00 sys=0.00, real=0.00 secs] 
34.898: Total time for which application threads were stopped: 0.0011640 seconds, Stopping threads took: 0.0000690 seconds
34.970: Application time: 0.0724250 seconds
34.971: [GC [PSYoungGen: 31640K->2272K(33792K)] 63410K->34106K(116736K), 0.0010960 secs] [Times: user=0.01 sys=0.00, real=0.00 secs] 
34.972: Total time for which application threads were stopped: 0.0012730 seconds, Stopping threads took: 0.0000950 seconds
35.047: Application time: 0.0750370 seconds
35.047: [GC [PSYoungGen: 32721K->2240K(34304K)] 64555K->34074K(117248K), 0.0008950 secs] [Times: user=0.00 sys=0.00, real=0.00 secs] 
35.048: Total time for which application threads were stopped: 0.0010460 seconds, Stopping threads took: 0.0000820 seconds
35.125: Application time: 0.0768760 seconds
35.125: [GC [PSYoungGen: 32617K->1248K(31744K)] 64451K->33138K(114688K), 0.0005400 secs] [Times: user=0.00 sys=0.00, real=0.00 secs] 
35.125: Total time for which application threads were stopped: 0.0006590 seconds, Stopping threads took: 0.0000550 seconds
35.198: Application time: 0.0731200 seconds
35.199: [GC [PSYoungGen: 31096K->1760K(31744K)] 62986K->33650K(114688K), 0.0007460 secs] [Times: user=0.00 sys=0.00, real=0.00 secs] 
35.199: Total time for which application threads were stopped: 0.0008790 seconds, Stopping threads took: 0.0000660 seconds
35.271: Application time: 0.0720410 seconds
35.271: [GC [PSYoungGen: 31092K->2272K(31744K)] 62982K->34162K(114688K), 0.0007830 secs] [Times: user=0.00 sys=0.00, real=0.00 secs] 
35.272: Total time for which application threads were stopped: 0.0009230 seconds, Stopping threads took: 0.0000690 seconds
35.343: Application time: 0.0709690 seconds
35.343: [GC [PSYoungGen: 31168K->2784K(36352K)] 63058K->34674K(119296K), 0.0010710 secs] [Times: user=0.00 sys=0.00, real=0.00 secs] 
35.344: Total time for which application threads were stopped: 0.0012050 seconds, Stopping threads took: 0.0000610 seconds
35.424: Application time: 0.0797740 seconds
35.424: [GC [PSYoungGen: 35374K->2816K(38912K)] 67264K->34746K(121856K), 0.0009970 secs] [Times: user=0.00 sys=0.00, real=0.00 secs] 
35.425: Total time for which application threads were stopped: 0.0011490 seconds, Stopping threads took: 0.0000690 seconds
35.516: Application time: 0.0902230 seconds
35.516: [GC [PSYoungGen: 38064K->720K(38400K)] 69994K->32730K(121344K), 0.0005490 secs] [Times: user=0.01 sys=0.00, real=0.00 secs] 
35.516: Total time for which application threads were stopped: 0.0006620 seconds, Stopping threads took: 0.0000540 seconds
35.600: Application time: 0.0836840 seconds
35.600: [GC [PSYoungGen: 35283K->2272K(36864K)] 67293K->34398K(119808K), 0.0009570 secs] [Times: user=0.00 sys=0.00, real=0.00 secs] 
35.601: Total time for which application threads were stopped: 0.0010900 seconds, Stopping threads took: 0.0000640 seconds
35.686: Application time: 0.0847870 seconds
35.686: [GC [PSYoungGen: 36326K->2752K(37888K)] 68452K->34934K(120832K), 0.0011850 secs] [Times: user=0.00 sys=0.00, real=0.00 secs] 
35.687: Total time for which application threads were stopped: 0.0013290 seconds, Stopping threads took: 0.0000710 seconds
35.775: Application time: 0.0878460 seconds
35.775: [GC [PSYoungGen: 36735K->704K(34816K)] 68918K->32934K(117760K), 0.0004820 secs] [Times: user=0.00 sys=0.00, real=0.00 secs] 
35.776: Total time for which application threads were stopped: 0.0006430 seconds, Stopping threads took: 0.0000970 seconds
35.859: Application time: 0.0831000 seconds
35.859: [GC [PSYoungGen: 34167K->1248K(34816K)] 66397K->33478K(117760K), 0.0005610 secs] [Times: user=0.00 sys=0.00, real=0.00 secs] 
35.860: Total time for which application threads were stopped: 0.0007830 seconds, Stopping threads took: 0.0001590 seconds
35.941: Application time: 0.0814260 seconds
35.941: [GC [PSYoungGen: 34193K->1760K(34816K)] 66423K->33990K(117760K), 0.0006750 secs] [Times: user=0.00 sys=0.00, real=0.01 secs] 
35.942: Total time for which application threads were stopped: 0.0008220 seconds, Stopping threads took: 0.0000670 seconds
36.023: Application time: 0.0815330 seconds
36.023: [GC [PSYoungGen: 34267K->2304K(34816K)] 66497K->34534K(117760K), 0.0009320 secs] [Times: user=0.01 sys=0.00, real=0.00 secs] 
36.024: Total time for which application threads were stopped: 0.0010640 seconds, Stopping threads took: 0.0000590 seconds
36.104: Application time: 0.0799970 seconds
36.105: [GC [PSYoungGen: 34382K->1792K(33792K)] 66612K->34070K(116736K), 0.0007810 secs] [Times: user=0.00 sys=0.00, real=0.00 secs] 
36.105: Total time for which application threads were stopped: 0.0009220 seconds, Stopping threads took: 0.0000750 seconds
36.185: Application time: 0.0792460 seconds
36.185: [GC [PSYoungGen: 33428K->1792K(33280K)] 65706K->34154K(116224K), 0.0008440 secs] [Times: user=0.00 sys=0.00, real=0.00 secs] 
36.186: Total time for which application threads were stopped: 0.0009740 seconds, Stopping threads took: 0.0000650 seconds
36.262: Application time: 0.0763230 seconds
36.262: [GC [PSYoungGen: 32755K->1728K(32768K)] 65117K->34194K(115712K), 0.0008790 secs] [Times: user=0.00 sys=0.00, real=0.00 secs] 
36.263: Total time for which application threads were stopped: 0.0010090 seconds, Stopping threads took: 0.0000640 seconds
36.339: Application time: 0.0757830 seconds
36.339: [GC [PSYoungGen: 32088K->2784K(34816K)] 64555K->35298K(117760K), 0.0010870 secs] [Times: user=0.00 sys=0.00, real=0.00 secs] 
36.340: Total time for which application threads were stopped: 0.0012270 seconds, Stopping threads took: 0.0000600 seconds
36.418: Application time: 0.0782300 seconds
36.418: [GC [PSYoungGen: 33759K->1248K(32256K)] 66274K->33762K(115200K), 0.0005530 secs] [Times: user=0.00 sys=0.00, real=0.00 secs] 
36.419: Total time for which application threads were stopped: 0.0007730 seconds, Stopping threads took: 0.0001570 seconds
36.492: Application time: 0.0730610 seconds
36.492: [GC [PSYoungGen: 31600K->3296K(38400K)] 64114K->36362K(121344K), 0.0034230 secs] [Times: user=0.03 sys=0.00, real=0.01 secs] 
36.496: Total time for which application threads were stopped: 0.0035860 seconds, Stopping threads took: 0.0000780 seconds
36.584: Application time: 0.0888150 seconds
36.584: [GC [PSYoungGen: 37798K->1216K(40960K)] 70864K->34282K(123904K), 0.0005950 secs] [Times: user=0.00 sys=0.00, real=0.00 secs] 
36.585: Total time for which application threads were stopped: 0.0007260 seconds, Stopping threads took: 0.0000700 seconds
36.677: Application time: 0.0916480 seconds
36.677: [GC [PSYoungGen: 37842K->1248K(40960K)] 70908K->34314K(123904K), 0.0006110 secs] [Times: user=0.00 sys=0.00, real=0.00 secs] 
36.677: Total time for which application threads were stopped: 0.0007410 seconds, Stopping threads took: 0.0000630 seconds
36.766: Application time: 0.0889200 seconds
36.767: [GC [PSYoungGen: 37946K->2816K(48640K)] 71012K->35922K(131584K), 0.0009690 secs] [Times: user=0.01 sys=0.00, real=0.00 secs] 
36.768: Total time for which application threads were stopped: 0.0011220 seconds, Stopping threads took: 0.0000690 seconds
36.879: Application time: 0.1117690 seconds
36.879: [GC [PSYoungGen: 47309K->2816K(48640K)] 80416K->36006K(131584K), 0.0010540 secs] [Times: user=0.00 sys=0.00, real=0.00 secs] 
36.881: Total time for which application threads were stopped: 0.0011890 seconds, Stopping threads took: 0.0000610 seconds
36.993: Application time: 0.1122580 seconds
36.993: [GC [PSYoungGen: 47155K->2272K(57856K)] 80346K->35570K(140800K), 0.0008160 secs] [Times: user=0.00 sys=0.00, real=0.01 secs] 
36.994: Total time for which application threads were stopped: 0.0009750 seconds, Stopping threads took: 0.0000770 seconds
37.127: Application time: 0.1336980 seconds
37.128: [GC [PSYoungGen: 55879K->2304K(54784K)] 89178K->35658K(137728K), 0.0008280 secs] [Times: user=0.00 sys=0.00, real=0.00 secs] 
37.128: Total time for which application threads were stopped: 0.0009580 seconds, Stopping threads took: 0.0000610 seconds
37.260: Application time: 0.1316920 seconds
37.260: [GC [PSYoungGen: 54292K->1728K(53248K)] 87647K->35130K(136192K), 0.0007540 secs] [Times: user=0.00 sys=0.00, real=0.00 secs] 
37.261: Total time for which application threads were stopped: 0.0008910 seconds, Stopping threads took: 0.0000690 seconds
37.388: Application time: 0.1270920 seconds
37.388: [GC [PSYoungGen: 52331K->1248K(50688K)] 85734K->34650K(133632K), 0.0006650 secs] [Times: user=0.00 sys=0.00, real=0.00 secs] 
37.389: Total time for which application threads were stopped: 0.0007850 seconds, Stopping threads took: 0.0000550 seconds
37.508: Application time: 0.1192470 seconds
37.508: [GC [PSYoungGen: 49938K->2352K(50688K)] 83341K->35839K(133632K), 0.0009940 secs] [Times: user=0.01 sys=0.00, real=0.00 secs] 
37.509: Total time for which application threads were stopped: 0.0012440 seconds, Stopping threads took: 0.0001690 seconds
37.630: Application time: 0.1204260 seconds
37.630: [GC [PSYoungGen: 50306K->1248K(48640K)] 83793K->34891K(131584K), 0.0006880 secs] [Times: user=0.00 sys=0.00, real=0.00 secs] 
37.631: Total time for which application threads were stopped: 0.0008340 seconds, Stopping threads took: 0.0000820 seconds
37.745: Application time: 0.1141660 seconds
37.745: [GC [PSYoungGen: 48149K->2784K(49664K)] 81792K->36467K(132608K), 0.0010870 secs] [Times: user=0.01 sys=0.00, real=0.00 secs] 
37.746: Total time for which application threads were stopped: 0.0012400 seconds, Stopping threads took: 0.0000810 seconds
37.862: Application time: 0.1161810 seconds
37.862: [GC [PSYoungGen: 48587K->2784K(48128K)] 82270K->36515K(131072K), 0.0011340 secs] [Times: user=0.00 sys=0.00, real=0.00 secs] 
37.863: Total time for which application threads were stopped: 0.0012800 seconds, Stopping threads took: 0.0000730 seconds
37.975: Application time: 0.1117710 seconds
37.975: [GC [PSYoungGen: 47637K->2272K(47104K)] 81368K->36003K(130048K), 0.0008730 secs] [Times: user=0.01 sys=0.00, real=0.00 secs] 
37.976: Total time for which application threads were stopped: 0.0010030 seconds, Stopping threads took: 0.0000630 seconds
38.089: Application time: 0.1126090 seconds
38.089: [GC [PSYoungGen: 46179K->736K(44032K)] 79910K->34523K(126976K), 0.0005200 secs] [Times: user=0.00 sys=0.00, real=0.00 secs] 
38.090: Total time for which application threads were stopped: 0.0006500 seconds, Stopping threads took: 0.0000610 seconds
38.194: Application time: 0.1040990 seconds
38.194: [GC [PSYoungGen: 43681K->2336K(45056K)] 77468K->36207K(128000K), 0.0010050 secs] [Times: user=0.01 sys=0.00, real=0.00 secs] 
38.195: Total time for which application threads were stopped: 0.0011490 seconds, Stopping threads took: 0.0000740 seconds
38.300: Application time: 0.1055800 seconds
38.300: [GC [PSYoungGen: 44102K->2304K(43520K)] 77974K->36291K(126464K), 0.0009950 secs] [Times: user=0.00 sys=0.01, real=0.01 secs] 
38.302: Total time for which application threads were stopped: 0.0011350 seconds, Stopping threads took: 0.0000650 seconds
38.403: Application time: 0.1018120 seconds
38.403: [GC [PSYoungGen: 43044K->1760K(41984K)] 77032K->35803K(124928K), 0.0008530 secs] [Times: user=0.00 sys=0.00, real=0.00 secs] 
38.404: Total time for which application threads were stopped: 0.0009890 seconds, Stopping threads took: 0.0000670 seconds
38.505: Application time: 0.1003650 seconds
38.505: [GC [PSYoungGen: 41390K->2240K(41472K)] 75433K->36323K(124416K), 0.0009590 secs] [Times: user=0.01 sys=0.00, real=0.00 secs] 
38.506: Total time for which application threads were stopped: 0.0010990 seconds, Stopping threads took: 0.0000670 seconds
38.603: Application time: 0.0973360 seconds
38.603: [GC [PSYoungGen: 40848K->1216K(40448K)] 74931K->35299K(123392K), 0.0006340 secs] [Times: user=0.00 sys=0.00, real=0.00 secs] 
38.604: Total time for which application threads were stopped: 0.0007650 seconds, Stopping threads took: 0.0000560 seconds
38.699: Application time: 0.0953370 seconds
38.699: [GC [PSYoungGen: 38948K->1280K(38400K)] 73032K->35363K(121344K), 0.0006490 secs] [Times: user=0.00 sys=0.00, real=0.00 secs] 
38.700: Total time for which application threads were stopped: 0.0007770 seconds, Stopping threads took: 0.0000640 seconds
38.792: Application time: 0.0916120 seconds
38.792: [GC [PSYoungGen: 37908K->704K(39424K)] 71991K->34875K(122368K), 0.0004970 secs] [Times: user=0.01 sys=0.00, real=0.00 secs] 
38.792: Total time for which application threads were stopped: 0.0006150 seconds, Stopping threads took: 0.0000540 seconds
38.878: Application time: 0.0853180 seconds
38.878: [GC [PSYoungGen: 36960K->3360K(39424K)] 71131K->38083K(122368K), 0.0014580 secs] [Times: user=0.01 sys=0.00, real=0.00 secs] 
38.879: Total time for which application threads were stopped: 0.0016050 seconds, Stopping threads took: 0.0000700 seconds
38.971: Application time: 0.0920260 seconds
38.971: [GC [PSYoungGen: 38964K->2208K(38912K)] 73687K->37039K(121856K), 0.0011280 secs] [Times: user=0.00 sys=0.00, real=0.00 secs] 
38.972: Total time for which application threads were stopped: 0.0013050 seconds, Stopping threads took: 0.0000940 seconds
39.060: Application time: 0.0870640 seconds
39.060: [GC [PSYoungGen: 37294K->1792K(36864K)] 72125K->36679K(119808K), 0.0008050 secs] [Times: user=0.00 sys=0.00, real=0.00 secs] 
39.061: Total time for which application threads were stopped: 0.0009440 seconds, Stopping threads took: 0.0000690 seconds
39.147: Application time: 0.0861930 seconds
39.147: [GC [PSYoungGen: 36281K->1728K(36864K)] 71169K->36663K(119808K), 0.0008920 secs] [Times: user=0.01 sys=0.00, real=0.00 secs] 
39.148: Total time for which application threads were stopped: 0.0017680 seconds, Stopping threads took: 0.0000900 seconds
39.230: Application time: 0.0817020 seconds
39.230: [GC [PSYoungGen: 35703K->2784K(37376K)] 70639K->37719K(120320K), 0.0010850 secs] [Times: user=0.01 sys=0.00, real=0.00 secs] 
39.231: Total time for which application threads were stopped: 0.0012450 seconds, Stopping threads took: 0.0000900 seconds
39.314: Application time: 0.0827820 seconds
39.314: [GC [PSYoungGen: 36324K->2816K(37888K)] 71259K->37751K(120832K), 0.0010790 secs] [Times: user=0.01 sys=0.00, real=0.00 secs] 
39.315: Total time for which application threads were stopped: 0.0012790 seconds, Stopping threads took: 0.0001250 seconds
39.399: Application time: 0.0838940 seconds
39.399: [GC [PSYoungGen: 36357K->3296K(37888K)] 71293K->38271K(120832K), 0.0012700 secs] [Times: user=0.01 sys=0.00, real=0.00 secs] 
39.401: Total time for which application threads were stopped: 0.0014220 seconds, Stopping threads took: 0.0000760 seconds
39.486: Application time: 0.0848100 seconds
39.486: [GC [PSYoungGen: 36922K->1792K(45056K)] 71898K->36823K(128000K), 0.0006610 secs] [Times: user=0.01 sys=0.00, real=0.00 secs] 
39.486: Total time for which application threads were stopped: 0.0007830 seconds, Stopping threads took: 0.0000550 seconds
39.587: Application time: 0.1004580 seconds
39.587: [GC [PSYoungGen: 42683K->2864K(45056K)] 77715K->37983K(128000K), 0.0010560 secs] [Times: user=0.01 sys=0.00, real=0.00 secs] 
39.588: Total time for which application threads were stopped: 0.0012230 seconds, Stopping threads took: 0.0000860 seconds
39.691: Application time: 0.1029990 seconds
39.691: [GC [PSYoungGen: 43526K->2272K(42496K)] 78646K->37492K(125440K), 0.0008260 secs] [Times: user=0.01 sys=0.00, real=0.00 secs] 
39.692: Total time for which application threads were stopped: 0.0009710 seconds, Stopping threads took: 0.0000640 seconds
39.790: Application time: 0.0982170 seconds
39.790: [GC [PSYoungGen: 41986K->1248K(40448K)] 77206K->36468K(123392K), 0.0006180 secs] [Times: user=0.00 sys=0.00, real=0.00 secs] 
39.791: Total time for which application threads were stopped: 0.0008550 seconds, Stopping threads took: 0.0001750 seconds
39.886: Application time: 0.0948200 seconds
39.886: [GC [PSYoungGen: 39848K->2272K(40448K)] 75068K->37548K(123392K), 0.0008370 secs] [Times: user=0.01 sys=0.00, real=0.00 secs] 
39.887: Total time for which application threads were stopped: 0.0011140 seconds, Stopping threads took: 0.0002040 seconds
39.981: Application time: 0.0939560 seconds
39.981: [GC [PSYoungGen: 39928K->1760K(38912K)] 75204K->37036K(121856K), 0.0007120 secs] [Times: user=0.00 sys=0.00, real=0.01 secs] 
39.982: Total time for which application threads were stopped: 0.0008690 seconds, Stopping threads took: 0.0000940 seconds
40.074: Application time: 0.0925700 seconds
40.075: [GC [PSYoungGen: 38464K->1792K(38400K)] 73740K->37132K(121344K), 0.0007740 secs] [Times: user=0.01 sys=0.00, real=0.00 secs] 
40.075: Total time for which application threads were stopped: 0.0009850 seconds, Stopping threads took: 0.0001430 seconds
40.165: Application time: 0.0890950 seconds
40.165: [GC [PSYoungGen: 38060K->1808K(37888K)] 73400K->37240K(120832K), 0.0008670 secs] [Times: user=0.00 sys=0.00, real=0.00 secs] 
40.166: Total time for which application threads were stopped: 0.0009940 seconds, Stopping threads took: 0.0000590 seconds
40.255: Application time: 0.0898300 seconds
40.255: [GC [PSYoungGen: 37401K->2816K(38400K)] 72834K->38364K(121344K), 0.0011130 secs] [Times: user=0.00 sys=0.00, real=0.00 secs] 
40.257: Total time for which application threads were stopped: 0.0012590 seconds, Stopping threads took: 0.0000600 seconds
40.347: Application time: 0.0903240 seconds
40.347: [GC [PSYoungGen: 37830K->736K(35840K)] 73378K->36340K(118784K), 0.0005810 secs] [Times: user=0.00 sys=0.00, real=0.00 secs] 
40.348: Total time for which application threads were stopped: 0.0008480 seconds, Stopping threads took: 0.0002070 seconds
40.433: Application time: 0.0850060 seconds
40.433: [GC [PSYoungGen: 35302K->1760K(36352K)] 70906K->37364K(119296K), 0.0008530 secs] [Times: user=0.00 sys=0.00, real=0.01 secs] 
40.434: Total time for which application threads were stopped: 0.0009840 seconds, Stopping threads took: 0.0000640 seconds
40.521: Application time: 0.0870440 seconds
40.521: [GC [PSYoungGen: 35737K->1728K(35840K)] 71342K->37396K(118784K), 0.0007860 secs] [Times: user=0.01 sys=0.00, real=0.01 secs] 
40.522: Total time for which application threads were stopped: 0.0009490 seconds, Stopping threads took: 0.0000940 seconds
40.605: Application time: 0.0833420 seconds
40.605: [GC [PSYoungGen: 35189K->2208K(36352K)] 70857K->37876K(119296K), 0.0009430 secs] [Times: user=0.00 sys=0.00, real=0.00 secs] 
40.606: Total time for which application threads were stopped: 0.0010880 seconds, Stopping threads took: 0.0000740 seconds
40.690: Application time: 0.0842500 seconds
40.691: [GC [PSYoungGen: 35242K->736K(33792K)] 70910K->36404K(116736K), 0.0004940 secs] [Times: user=0.00 sys=0.00, real=0.00 secs] 
40.691: Total time for which application threads were stopped: 0.0006090 seconds, Stopping threads took: 0.0000530 seconds
40.771: Application time: 0.0797420 seconds
40.771: [GC [PSYoungGen: 33315K->2256K(35328K)] 68983K->37964K(118272K), 0.0010180 secs] [Times: user=0.00 sys=0.00, real=0.00 secs] 
40.772: Total time for which application threads were stopped: 0.0011580 seconds, Stopping threads took: 0.0000610 seconds
40.853: Application time: 0.0806120 seconds
40.853: [GC [PSYoungGen: 34407K->2320K(34304K)] 70116K->38108K(117248K), 0.0010210 secs] [Times: user=0.00 sys=0.00, real=0.01 secs] 
40.854: Total time for which application threads were stopped: 0.0011550 seconds, Stopping threads took: 0.0000640 seconds
40.932: Application time: 0.0785380 seconds
40.932: [GC [PSYoungGen: 33807K->1248K(34304K)] 69596K->37156K(117248K), 0.0006650 secs] [Times: user=0.01 sys=0.00, real=0.00 secs] 
40.933: Total time for which application threads were stopped: 0.0008090 seconds, Stopping threads took: 0.0000820 seconds
41.011: Application time: 0.0780580 seconds
41.011: [GC [PSYoungGen: 32124K->2272K(33280K)] 68033K->38228K(116224K), 0.0009470 secs] [Times: user=0.00 sys=0.00, real=0.00 secs] 
41.012: Total time for which application threads were stopped: 0.0010760 seconds, Stopping threads took: 0.0000600 seconds
41.090: Application time: 0.0777130 seconds
41.090: [GC [PSYoungGen: 32719K->1760K(33280K)] 68675K->37716K(116224K), 0.0007820 secs] [Times: user=0.01 sys=0.00, real=0.00 secs] 
41.091: Total time for which application threads were stopped: 0.0009930 seconds, Stopping threads took: 0.0001460 seconds
41.164: Application time: 0.0732820 seconds
41.164: [GC [PSYoungGen: 31612K->1728K(31744K)] 67569K->37732K(114688K), 0.0008610 secs] [Times: user=0.00 sys=0.00, real=0.00 secs] 
41.165: Total time for which application threads were stopped: 0.0010330 seconds, Stopping threads took: 0.0001030 seconds
41.239: Application time: 0.0733430 seconds
41.239: [GC [PSYoungGen: 31066K->1760K(31232K)] 67071K->37764K(114176K), 0.0008230 secs] [Times: user=0.00 sys=0.00, real=0.00 secs] 
41.240: Total time for which application threads were stopped: 0.0009540 seconds, Stopping threads took: 0.0000660 seconds
41.311: Application time: 0.0717480 seconds
41.312: [GC [PSYoungGen: 30656K->2304K(32256K)] 66661K->38308K(115200K), 0.0008880 secs] [Times: user=0.00 sys=0.00, real=0.00 secs] 
41.312: Total time for which application threads were stopped: 0.0011150 seconds, Stopping threads took: 0.0001500 seconds
41.384: Application time: 0.0716140 seconds
41.384: [GC [PSYoungGen: 31200K->2784K(38912K)] 67205K->38828K(121856K), 0.0009140 secs] [Times: user=0.01 sys=0.00, real=0.00 secs] 
41.385: Total time for which application threads were stopped: 0.0010530 seconds, Stopping threads took: 0.0000660 seconds
41.474: Application time: 0.0890540 seconds
41.474: [GC [PSYoungGen: 37952K->1216K(36352K)] 73997K->37316K(119296K), 0.0005650 secs] [Times: user=0.00 sys=0.00, real=0.00 secs] 
41.475: Total time for which application threads were stopped: 0.0006890 seconds, Stopping threads took: 0.0000580 seconds
41.561: Application time: 0.0857450 seconds
41.561: [GC [PSYoungGen: 35860K->2288K(37376K)] 71961K->38476K(120320K), 0.0009530 secs] [Times: user=0.00 sys=0.00, real=0.01 secs] 
41.562: Total time for which application threads were stopped: 0.0010920 seconds, Stopping threads took: 0.0000670 seconds
41.645: Application time: 0.0832840 seconds
41.645: [GC [PSYoungGen: 36344K->2304K(36352K)] 72532K->38580K(119296K), 0.0009760 secs] [Times: user=0.01 sys=0.00, real=0.00 secs] 
41.646: Total time for which application threads were stopped: 0.0011130 seconds, Stopping threads took: 0.0000650 seconds
41.730: Application time: 0.0840630 seconds
41.730: [GC [PSYoungGen: 35844K->2816K(37376K)] 72120K->39140K(120320K), 0.0010520 secs] [Times: user=0.00 sys=0.00, real=0.00 secs] 
41.731: Total time for which application threads were stopped: 0.0011940 seconds, Stopping threads took: 0.0000670 seconds
41.817: Application time: 0.0856450 seconds
41.817: [GC [PSYoungGen: 36283K->1760K(35328K)] 72608K->38140K(118272K), 0.0008140 secs] [Times: user=0.00 sys=0.00, real=0.00 secs] 
41.818: Total time for which application threads were stopped: 0.0009460 seconds, Stopping threads took: 0.0000610 seconds
41.901: Application time: 0.0830130 seconds
41.901: [GC [PSYoungGen: 34711K->1248K(35840K)] 71092K->37628K(118784K), 0.0006120 secs] [Times: user=0.01 sys=0.00, real=0.01 secs] 
41.902: Total time for which application threads were stopped: 0.0007910 seconds, Stopping threads took: 0.0001150 seconds
41.981: Application time: 0.0796740 seconds
41.982: [GC [PSYoungGen: 33747K->2784K(35328K)] 70127K->39164K(118272K), 0.0011140 secs] [Times: user=0.01 sys=0.00, real=0.00 secs] 
41.983: Total time for which application threads were stopped: 0.0012370 seconds, Stopping threads took: 0.0000510 seconds
42.062: Application time: 0.0788160 seconds
42.062: [GC [PSYoungGen: 34779K->2752K(35328K)] 71160K->39180K(118272K), 0.0011520 secs] [Times: user=0.00 sys=0.00, real=0.00 secs] 
42.063: Total time for which application threads were stopped: 0.0013170 seconds, Stopping threads took: 0.0000870 seconds
42.143: Application time: 0.0801730 seconds
42.143: [GC [PSYoungGen: 34318K->1760K(35840K)] 70746K->38236K(118784K), 0.0007940 secs] [Times: user=0.00 sys=0.00, real=0.00 secs] 
42.144: Total time for which application threads were stopped: 0.0009210 seconds, Stopping threads took: 0.0000600 seconds
42.223: Application time: 0.0792510 seconds
42.223: [GC [PSYoungGen: 33330K->208K(31744K)] 69807K->36772K(114688K), 0.0004190 secs] [Times: user=0.00 sys=0.00, real=0.00 secs] 
42.224: Total time for which application threads were stopped: 0.0005400 seconds, Stopping threads took: 0.0000640 seconds
42.298: Application time: 0.0738650 seconds
42.298: [GC [PSYoungGen: 31154K->2272K(34816K)] 67719K->38925K(117760K), 0.0009140 secs] [Times: user=0.01 sys=0.00, real=0.00 secs] 
42.299: Total time for which application threads were stopped: 0.0010590 seconds, Stopping threads took: 0.0000760 seconds
42.373: Application time: 0.0748320 seconds
42.374: [GC [PSYoungGen: 32636K->2784K(38400K)] 69289K->39477K(121344K), 0.0010240 secs] [Times: user=0.01 sys=0.00, real=0.00 secs] 
42.375: Total time for which application threads were stopped: 0.0011920 seconds, Stopping threads took: 0.0000660 seconds
42.461: Application time: 0.0862580 seconds
42.461: [GC [PSYoungGen: 36844K->1760K(35840K)] 73537K->38453K(118784K), 0.0007710 secs] [Times: user=0.00 sys=0.00, real=0.01 secs] 
42.462: Total time for which application threads were stopped: 0.0009010 seconds, Stopping threads took: 0.0000630 seconds
42.545: Application time: 0.0830650 seconds
42.545: [GC [PSYoungGen: 35223K->1760K(35840K)] 71916K->38509K(118784K), 0.0007900 secs] [Times: user=0.00 sys=0.00, real=0.00 secs] 
42.546: Total time for which application threads were stopped: 0.0009700 seconds, Stopping threads took: 0.0001120 seconds
42.626: Application time: 0.0804340 seconds
42.626: [GC [PSYoungGen: 34705K->2272K(35328K)] 71454K->39021K(118272K), 0.0009340 secs] [Times: user=0.00 sys=0.00, real=0.00 secs] 
42.627: Total time for which application threads were stopped: 0.0010700 seconds, Stopping threads took: 0.0000660 seconds
42.710: Application time: 0.0829840 seconds
42.711: [GC [PSYoungGen: 34861K->2304K(35328K)] 71610K->39053K(118272K), 0.0009470 secs] [Times: user=0.01 sys=0.00, real=0.00 secs] 
42.712: Total time for which application threads were stopped: 0.0011550 seconds, Stopping threads took: 0.0001390 seconds
42.793: Application time: 0.0817220 seconds
42.793: [GC [PSYoungGen: 34377K->2304K(35840K)] 71126K->39133K(118784K), 0.0009570 secs] [Times: user=0.01 sys=0.00, real=0.01 secs] 
42.794: Total time for which application threads were stopped: 0.0010970 seconds, Stopping threads took: 0.0000690 seconds
42.876: Application time: 0.0819180 seconds
42.876: [GC [PSYoungGen: 34384K->1280K(33280K)] 71213K->38189K(116224K), 0.0005730 secs] [Times: user=0.00 sys=0.00, real=0.00 secs] 
42.877: Total time for which application threads were stopped: 0.0007180 seconds, Stopping threads took: 0.0000700 seconds
42.953: Application time: 0.0764320 seconds
42.954: [GC [PSYoungGen: 32746K->2816K(40448K)] 69656K->39809K(123392K), 0.0011160 secs] [Times: user=0.01 sys=0.00, real=0.00 secs] 
42.955: Total time for which application threads were stopped: 0.0012710 seconds, Stopping threads took: 0.0000790 seconds
43.047: Application time: 0.0922630 seconds
43.047: [GC [PSYoungGen: 39368K->1760K(38400K)] 76361K->38817K(121344K), 0.0007310 secs] [Times: user=0.00 sys=0.00, real=0.00 secs] 
43.048: Total time for which application threads were stopped: 0.0008770 seconds, Stopping threads took: 0.0000720 seconds
43.139: Application time: 0.0909100 seconds
43.139: [GC [PSYoungGen: 37873K->1248K(37376K)] 74931K->38305K(120320K), 0.0006580 secs] [Times: user=0.00 sys=0.00, real=0.00 secs] 
43.140: Total time for which application threads were stopped: 0.0007850 seconds, Stopping threads took: 0.0000620 seconds
43.224: Application time: 0.0849620 seconds
43.225: [GC [PSYoungGen: 36759K->3296K(38912K)] 73817K->40385K(121856K), 0.0011080 secs] [Times: user=0.01 sys=0.00, real=0.00 secs] 
43.226: Total time for which application threads were stopped: 0.0012620 seconds, Stopping threads took: 0.0000760 seconds
43.317: Application time: 0.0912010 seconds
43.317: [GC [PSYoungGen: 38386K->1760K(36864K)] 75475K->38849K(119808K), 0.0007390 secs] [Times: user=0.00 sys=0.00, real=0.00 secs] 
43.318: Total time for which application threads were stopped: 0.0008640 seconds, Stopping threads took: 0.0000610 seconds
43.402: Application time: 0.0839270 seconds
43.402: [GC [PSYoungGen: 36328K->2304K(37888K)] 73417K->39433K(120832K), 0.0009730 secs] [Times: user=0.00 sys=0.00, real=0.00 secs] 
43.403: Total time for which application threads were stopped: 0.0011210 seconds, Stopping threads took: 0.0000700 seconds
43.487: Application time: 0.0843450 seconds
43.487: [GC [PSYoungGen: 36514K->2848K(38400K)] 73644K->40017K(121344K), 0.0011290 secs] [Times: user=0.01 sys=0.00, real=0.00 secs] 
43.489: Total time for which application threads were stopped: 0.0012670 seconds, Stopping threads took: 0.0000660 seconds
43.576: Application time: 0.0879690 seconds
43.577: [GC [PSYoungGen: 36914K->224K(34304K)] 74083K->37517K(117248K), 0.0003810 secs] [Times: user=0.00 sys=0.00, real=0.00 secs] 
43.577: Total time for which application threads were stopped: 0.0005130 seconds, Stopping threads took: 0.0000720 seconds
43.658: Application time: 0.0814770 seconds
43.659: [GC [PSYoungGen: 33763K->736K(37376K)] 71057K->38093K(120320K), 0.0004480 secs] [Times: user=0.00 sys=0.00, real=0.00 secs] 
43.659: Total time for which application threads were stopped: 0.0005750 seconds, Stopping threads took: 0.0000670 seconds
43.741: Application time: 0.0824390 seconds
43.742: [GC [PSYoungGen: 33763K->736K(33792K)] 71121K->38149K(116736K), 0.0004720 secs] [Times: user=0.01 sys=0.00, real=0.00 secs] 
43.742: Total time for which application threads were stopped: 0.0005880 seconds, Stopping threads took: 0.0000530 seconds
43.822: Application time: 0.0803160 seconds
43.822: [GC [PSYoungGen: 33169K->736K(33280K)] 70582K->38229K(116224K), 0.0005000 secs] [Times: user=0.00 sys=0.00, real=0.00 secs] 
43.823: Total time for which application threads were stopped: 0.0006360 seconds, Stopping threads took: 0.0000750 seconds
43.900: Application time: 0.0766000 seconds
43.900: [GC [PSYoungGen: 32640K->2208K(34304K)] 70134K->39701K(117248K), 0.0009430 secs] [Times: user=0.01 sys=0.00, real=0.00 secs] 
43.901: Total time for which application threads were stopped: 0.0011480 seconds, Stopping threads took: 0.0001350 seconds
43.981: Application time: 0.0804270 seconds
43.981: [GC [PSYoungGen: 33695K->704K(32256K)] 71189K->38197K(115200K), 0.0005070 secs] [Times: user=0.00 sys=0.00, real=0.01 secs] 
43.982: Total time for which application threads were stopped: 0.0007000 seconds, Stopping threads took: 0.0001230 seconds
44.058: Application time: 0.0756470 seconds
44.058: [GC [PSYoungGen: 31654K->2304K(34304K)] 69148K->39837K(117248K), 0.0009380 secs] [Times: user=0.01 sys=0.00, real=0.00 secs] 
44.059: Total time for which application threads were stopped: 0.0011400 seconds, Stopping threads took: 0.0001300 seconds
44.137: Application time: 0.0779940 seconds
44.137: [GC [PSYoungGen: 32841K->1232K(31744K)] 70375K->38821K(114688K), 0.0006390 secs] [Times: user=0.00 sys=0.00, real=0.00 secs] 
44.137: Total time for which application threads were stopped: 0.0007840 seconds, Stopping threads took: 0.0000810 seconds
44.210: Application time: 0.0724830 seconds
44.210: [GC [PSYoungGen: 31232K->2848K(33280K)] 68822K->40517K(116224K), 0.0012470 secs] [Times: user=0.01 sys=0.00, real=0.00 secs] 
44.211: Total time for which application threads were stopped: 0.0013850 seconds, Stopping threads took: 0.0000600 seconds
44.284: Application time: 0.0722200 seconds
44.284: [GC [PSYoungGen: 32262K->2784K(33792K)] 69932K->40533K(116736K), 0.0011320 secs] [Times: user=0.00 sys=0.00, real=0.00 secs] 
44.285: Total time for which application threads were stopped: 0.0012670 seconds, Stopping threads took: 0.0000610 seconds
44.362: Application time: 0.0768060 seconds
44.362: [GC [PSYoungGen: 32141K->160K(29696K)] 69891K->37965K(112640K), 0.0004170 secs] [Times: user=0.00 sys=0.00, real=0.00 secs] 
44.362: Total time for which application threads were stopped: 0.0005390 seconds, Stopping threads took: 0.0000630 seconds
44.434: Application time: 0.0713780 seconds
44.434: [GC [PSYoungGen: 29058K->224K(33280K)] 66864K->38029K(116224K), 0.0003560 secs] [Times: user=0.00 sys=0.00, real=0.00 secs] 
44.434: Total time for which application threads were stopped: 0.0005310 seconds, Stopping threads took: 0.0001190 seconds
44.502: Application time: 0.0675000 seconds
44.502: [GC [PSYoungGen: 28519K->2816K(31232K)] 66325K->40669K(114176K), 0.0010460 secs] [Times: user=0.00 sys=0.00, real=0.00 secs] 
44.503: Total time for which application threads were stopped: 0.0013070 seconds, Stopping threads took: 0.0001770 seconds
44.574: Application time: 0.0706940 seconds
44.574: [GC [PSYoungGen: 30608K->2784K(34816K)] 68462K->40637K(117760K), 0.0011090 secs] [Times: user=0.01 sys=0.00, real=0.00 secs] 
44.575: Total time for which application threads were stopped: 0.0012530 seconds, Stopping threads took: 0.0000710 seconds
44.650: Application time: 0.0753590 seconds
44.650: [GC [PSYoungGen: 32719K->2272K(38400K)] 70572K->40125K(121344K), 0.0008470 secs] [Times: user=0.01 sys=0.00, real=0.00 secs] 
44.651: Total time for which application threads were stopped: 0.0010070 seconds, Stopping threads took: 0.0000900 seconds
44.735: Application time: 0.0841940 seconds
44.736: [GC [PSYoungGen: 35894K->1744K(38400K)] 73748K->39661K(121344K), 0.0007600 secs] [Times: user=0.00 sys=0.00, real=0.00 secs] 
44.736: Total time for which application threads were stopped: 0.0008860 seconds, Stopping threads took: 0.0000590 seconds
44.819: Application time: 0.0823240 seconds
44.819: [GC [PSYoungGen: 35440K->2336K(45568K)] 73358K->40334K(128512K), 0.0008470 secs] [Times: user=0.01 sys=0.00, real=0.00 secs] 
44.820: Total time for which application threads were stopped: 0.0009940 seconds, Stopping threads took: 0.0000770 seconds
44.922: Application time: 0.1022040 seconds
44.922: [GC [PSYoungGen: 43000K->1216K(41472K)] 80998K->39338K(124416K), 0.0005860 secs] [Times: user=0.00 sys=0.00, real=0.00 secs] 
44.923: Total time for which application threads were stopped: 0.0007090 seconds, Stopping threads took: 0.0000570 seconds
45.022: Application time: 0.0990740 seconds
45.022: [GC [PSYoungGen: 40924K->1792K(41984K)] 79046K->39914K(124928K), 0.0006870 secs] [Times: user=0.00 sys=0.00, real=0.00 secs] 
45.022: Total time for which application threads were stopped: 0.0008480 seconds, Stopping threads took: 0.0000870 seconds
45.118: Application time: 0.0954970 seconds
45.118: [GC [PSYoungGen: 40472K->2304K(40448K)] 78594K->40474K(123392K), 0.0009580 secs] [Times: user=0.01 sys=0.00, real=0.00 secs] 
45.119: Total time for which application threads were stopped: 0.0012080 seconds, Stopping threads took: 0.0001800 seconds
45.214: Application time: 0.0944330 seconds
45.214: [GC [PSYoungGen: 39880K->2208K(39936K)] 78050K->40426K(122880K), 0.0008640 secs] [Times: user=0.01 sys=0.00, real=0.00 secs] 
45.215: Total time for which application threads were stopped: 0.0010020 seconds, Stopping threads took: 0.0000690 seconds
45.305: Application time: 0.0903690 seconds
45.305: [GC [PSYoungGen: 38753K->2784K(39424K)] 76972K->41002K(122368K), 0.0011200 secs] [Times: user=0.00 sys=0.00, real=0.00 secs] 
45.306: Total time for which application threads were stopped: 0.0012710 seconds, Stopping threads took: 0.0000730 seconds
45.398: Application time: 0.0914790 seconds
45.398: [GC [PSYoungGen: 39056K->1792K(39424K)] 77275K->40010K(122368K), 0.0007920 secs] [Times: user=0.00 sys=0.00, real=0.00 secs] 
45.399: Total time for which application threads were stopped: 0.0009240 seconds, Stopping threads took: 0.0000680 seconds
45.486: Application time: 0.0876080 seconds
45.486: [GC [PSYoungGen: 37546K->1808K(37376K)] 75764K->40138K(120320K), 0.0008490 secs] [Times: user=0.01 sys=0.00, real=0.00 secs] 
45.487: Total time for which application threads were stopped: 0.0009880 seconds, Stopping threads took: 0.0000710 seconds
45.575: Application time: 0.0877800 seconds
45.575: [GC [PSYoungGen: 36809K->2784K(38400K)] 75139K->41222K(121344K), 0.0011170 secs] [Times: user=0.01 sys=0.00, real=0.00 secs] 
45.576: Total time for which application threads were stopped: 0.0012680 seconds, Stopping threads took: 0.0000680 seconds
45.664: Application time: 0.0880260 seconds
45.664: [GC [PSYoungGen: 37360K->1248K(35840K)] 75798K->39686K(118784K), 0.0006140 secs] [Times: user=0.00 sys=0.00, real=0.00 secs] 
45.665: Total time for which application threads were stopped: 0.0007460 seconds, Stopping threads took: 0.0000680 seconds
45.750: Application time: 0.0848460 seconds
45.750: [GC [PSYoungGen: 35275K->1216K(37376K)] 73714K->39702K(120320K), 0.0007350 secs] [Times: user=0.01 sys=0.00, real=0.00 secs] 
45.751: Total time for which application threads were stopped: 0.0008660 seconds, Stopping threads took: 0.0000670 seconds
45.833: Application time: 0.0818770 seconds
45.833: [GC [PSYoungGen: 34703K->2272K(35840K)] 73189K->40766K(118784K), 0.0009350 secs] [Times: user=0.00 sys=0.00, real=0.01 secs] 
45.834: Total time for which application threads were stopped: 0.0010660 seconds, Stopping threads took: 0.0000620 seconds
45.917: Application time: 0.0829390 seconds
45.917: [GC [PSYoungGen: 35223K->1760K(35328K)] 73718K->40302K(118272K), 0.0008220 secs] [Times: user=0.01 sys=0.00, real=0.00 secs] 
45.918: Total time for which application threads were stopped: 0.0009620 seconds, Stopping threads took: 0.0000720 seconds
46.000: Application time: 0.0826730 seconds
46.000: [GC [PSYoungGen: 34275K->1248K(33792K)] 72818K->39790K(116736K), 0.0006280 secs] [Times: user=0.01 sys=0.00, real=0.00 secs] 
46.001: Total time for which application threads were stopped: 0.0007550 seconds, Stopping threads took: 0.0000640 seconds
46.079: Application time: 0.0780750 seconds
46.079: [GC [PSYoungGen: 33396K->1792K(34816K)] 71938K->40382K(117760K), 0.0007790 secs] [Times: user=0.01 sys=0.00, real=0.00 secs] 
46.080: Total time for which application threads were stopped: 0.0009200 seconds, Stopping threads took: 0.0000640 seconds
46.157: Application time: 0.0769870 seconds
46.157: [GC [PSYoungGen: 33337K->3328K(35328K)] 71927K->42038K(118272K), 0.0013110 secs] [Times: user=0.01 sys=0.00, real=0.00 secs] 
46.159: Total time for which application threads were stopped: 0.0014620 seconds, Stopping threads took: 0.0000740 seconds
46.240: Application time: 0.0813840 seconds
46.240: [GC [PSYoungGen: 34741K->1760K(33280K)] 73452K->40558K(116224K), 0.0006960 secs] [Times: user=0.01 sys=0.00, real=0.00 secs] 
46.241: Total time for which application threads were stopped: 0.0008270 seconds, Stopping threads took: 0.0000640 seconds
46.317: Application time: 0.0759080 seconds
46.317: [GC [PSYoungGen: 32719K->2304K(40960K)] 71517K->41102K(123904K), 0.0009060 secs] [Times: user=0.00 sys=0.00, real=0.00 secs] 
46.318: Total time for which application threads were stopped: 0.0010620 seconds, Stopping threads took: 0.0000830 seconds
46.409: Application time: 0.0911270 seconds
46.409: [GC [PSYoungGen: 39366K->2272K(39424K)] 78164K->41126K(122368K), 0.0009030 secs] [Times: user=0.00 sys=0.01, real=0.00 secs] 
46.410: Total time for which application threads were stopped: 0.0010470 seconds, Stopping threads took: 0.0000720 seconds
46.502: Application time: 0.0920920 seconds
46.502: [GC [PSYoungGen: 38900K->1792K(38400K)] 77755K->40646K(121344K), 0.0007820 secs] [Times: user=0.01 sys=0.00, real=0.00 secs] 
46.503: Total time for which application threads were stopped: 0.0009260 seconds, Stopping threads took: 0.0000700 seconds
46.593: Application time: 0.0904000 seconds
46.593: [GC [PSYoungGen: 37830K->736K(38912K)] 76684K->39646K(121856K), 0.0005160 secs] [Times: user=0.00 sys=0.00, real=0.00 secs] 
46.594: Total time for which application threads were stopped: 0.0006520 seconds, Stopping threads took: 0.0000640 seconds
46.680: Application time: 0.0864860 seconds
46.681: [GC [PSYoungGen: 36327K->2304K(37888K)] 75238K->41214K(120832K), 0.0009440 secs] [Times: user=0.00 sys=0.00, real=0.01 secs] 
46.682: Total time for which application threads were stopped: 0.0010850 seconds, Stopping threads took: 0.0000680 seconds
46.772: Application time: 0.0905380 seconds
46.772: [GC [PSYoungGen: 37548K->1248K(37888K)] 76458K->40222K(120832K), 0.0006640 secs] [Times: user=0.00 sys=0.00, real=0.00 secs] 
46.773: Total time for which application threads were stopped: 0.0007920 seconds, Stopping threads took: 0.0000660 seconds
46.856: Application time: 0.0830360 seconds
46.856: [GC [PSYoungGen: 35893K->1792K(36352K)] 74868K->40890K(119296K), 0.0008240 secs] [Times: user=0.00 sys=0.00, real=0.00 secs] 
46.857: Total time for which application threads were stopped: 0.0009790 seconds, Stopping threads took: 0.0000870 seconds
46.942: Application time: 0.0851630 seconds
46.942: [GC [PSYoungGen: 35845K->2304K(36864K)] 74944K->41486K(119808K), 0.0009260 secs] [Times: user=0.01 sys=0.00, real=0.00 secs] 
46.943: Total time for which application threads were stopped: 0.0010650 seconds, Stopping threads took: 0.0000690 seconds
47.027: Application time: 0.0834060 seconds
47.027: [GC [PSYoungGen: 35765K->2784K(36352K)] 74948K->42014K(119296K), 0.0011040 secs] [Times: user=0.00 sys=0.00, real=0.00 secs] 
47.028: Total time for which application threads were stopped: 0.0012540 seconds, Stopping threads took: 0.0000730 seconds
47.110: Application time: 0.0820750 seconds
47.110: [GC [PSYoungGen: 35807K->3328K(36352K)] 75038K->42559K(119296K), 0.0012710 secs] [Times: user=0.01 sys=0.00, real=0.00 secs] 
47.111: Total time for which application threads were stopped: 0.0014380 seconds, Stopping threads took: 0.0000800 seconds
47.193: Application time: 0.0813390 seconds
47.193: [GC [PSYoungGen: 35765K->2784K(36864K)] 74996K->42055K(119808K), 0.0011010 secs] [Times: user=0.01 sys=0.00, real=0.01 secs] 
47.194: Total time for which application threads were stopped: 0.0012360 seconds, Stopping threads took: 0.0000630 seconds
47.275: Application time: 0.0810460 seconds
47.275: [GC [PSYoungGen: 35221K->2272K(43520K)] 74492K->41543K(126464K), 0.0007630 secs] [Times: user=0.01 sys=0.00, real=0.00 secs] 
47.276: Total time for which application threads were stopped: 0.0009050 seconds, Stopping threads took: 0.0000690 seconds
47.377: Application time: 0.1011770 seconds
47.377: [GC [PSYoungGen: 41554K->256K(38912K)] 80825K->39526K(121856K), 0.0003880 secs] [Times: user=0.01 sys=0.00, real=0.00 secs] 
47.378: Total time for which application threads were stopped: 0.0005190 seconds, Stopping threads took: 0.0000650 seconds
47.471: Application time: 0.0933540 seconds
47.471: [GC [PSYoungGen: 38494K->2320K(40448K)] 77765K->41671K(123392K), 0.0009240 secs] [Times: user=0.01 sys=0.00, real=0.00 secs] 
47.472: Total time for which application threads were stopped: 0.0010630 seconds, Stopping threads took: 0.0000650 seconds
47.564: Application time: 0.0921180 seconds
47.564: [GC [PSYoungGen: 39536K->2816K(39936K)] 78887K->42251K(122880K), 0.0011400 secs] [Times: user=0.01 sys=0.00, real=0.00 secs] 
47.565: Total time for which application threads were stopped: 0.0012920 seconds, Stopping threads took: 0.0000780 seconds
47.657: Application time: 0.0912760 seconds
47.657: [GC [PSYoungGen: 39442K->2816K(39936K)] 78877K->42331K(122880K), 0.0010760 secs] [Times: user=0.00 sys=0.01, real=0.00 secs] 
47.658: Total time for which application threads were stopped: 0.0012310 seconds, Stopping threads took: 0.0000730 seconds
47.749: Application time: 0.0909360 seconds
47.749: [GC [PSYoungGen: 38854K->1760K(37888K)] 78369K->41339K(120832K), 0.0008240 secs] [Times: user=0.01 sys=0.00, real=0.00 secs] 
47.750: Total time for which application threads were stopped: 0.0009510 seconds, Stopping threads took: 0.0000610 seconds
47.840: Application time: 0.0898320 seconds
47.840: [GC [PSYoungGen: 37360K->1248K(38912K)] 76939K->40827K(121856K), 0.0006060 secs] [Times: user=0.01 sys=0.00, real=0.00 secs] 
47.840: Total time for which application threads were stopped: 0.0007470 seconds, Stopping threads took: 0.0000770 seconds
47.927: Application time: 0.0865130 seconds
47.927: [GC [PSYoungGen: 36251K->1696K(36864K)] 75830K->41323K(119808K), 0.0007690 secs] [Times: user=0.00 sys=0.00, real=0.00 secs] 
47.928: Total time for which application threads were stopped: 0.0009290 seconds, Stopping threads took: 0.0000940 seconds
48.013: Application time: 0.0852910 seconds
48.013: [GC [PSYoungGen: 36339K->2784K(37888K)] 75967K->42411K(120832K), 0.0011460 secs] [Times: user=0.01 sys=0.00, real=0.01 secs] 
48.014: Total time for which application threads were stopped: 0.0012930 seconds, Stopping threads took: 0.0000710 seconds
48.100: Application time: 0.0859940 seconds
48.101: [GC [PSYoungGen: 36922K->1792K(35840K)] 76549K->41499K(118784K), 0.0008750 secs] [Times: user=0.01 sys=0.00, real=0.00 secs] 
48.101: Total time for which application threads were stopped: 0.0010120 seconds, Stopping threads took: 0.0000700 seconds
48.185: Application time: 0.0834410 seconds
48.185: [GC [PSYoungGen: 35412K->1760K(36864K)] 75119K->41547K(119808K), 0.0008270 secs] [Times: user=0.00 sys=0.01, real=0.00 secs] 
48.186: Total time for which application threads were stopped: 0.0009820 seconds, Stopping threads took: 0.0000780 seconds
48.266: Application time: 0.0802770 seconds
48.266: [GC [PSYoungGen: 34705K->2272K(35328K)] 74492K->42147K(118272K), 0.0010110 secs] [Times: user=0.00 sys=0.00, real=0.00 secs] 
48.267: Total time for which application threads were stopped: 0.0011570 seconds, Stopping threads took: 0.0000730 seconds
48.347: Application time: 0.0801050 seconds
48.348: [GC [PSYoungGen: 34779K->2816K(35840K)] 74654K->42691K(118784K), 0.0010830 secs] [Times: user=0.01 sys=0.00, real=0.00 secs] 
48.349: Total time for which application threads were stopped: 0.0012270 seconds, Stopping threads took: 0.0000710 seconds
48.429: Application time: 0.0803210 seconds
48.429: [GC [PSYoungGen: 34737K->1760K(36352K)] 74612K->41691K(119296K), 0.0007770 secs] [Times: user=0.00 sys=0.00, real=0.00 secs] 
48.430: Total time for which application threads were stopped: 0.0009630 seconds, Stopping threads took: 0.0001190 seconds
48.511: Application time: 0.0810710 seconds
48.511: [GC [PSYoungGen: 33761K->1760K(33792K)] 73692K->41691K(116736K), 0.0006620 secs] [Times: user=0.01 sys=0.00, real=0.00 secs] 
48.512: Total time for which application threads were stopped: 0.0007900 seconds, Stopping threads took: 0.0000640 seconds
48.590: Application time: 0.0782090 seconds
48.590: [GC [PSYoungGen: 33165K->1184K(32768K)] 73096K->41179K(115712K), 0.0007320 secs] [Times: user=0.01 sys=0.00, real=0.00 secs] 
48.591: Total time for which application threads were stopped: 0.0008550 seconds, Stopping threads took: 0.0000580 seconds
48.667: Application time: 0.0763370 seconds
48.667: [GC [PSYoungGen: 32138K->2304K(33280K)] 72134K->42299K(116224K), 0.0008060 secs] [Times: user=0.00 sys=0.00, real=0.00 secs] 
48.668: Total time for which application threads were stopped: 0.0009360 seconds, Stopping threads took: 0.0000590 seconds
48.746: Application time: 0.0775980 seconds
48.746: [GC [PSYoungGen: 32917K->1280K(31744K)] 72912K->41331K(114688K), 0.0007070 secs] [Times: user=0.00 sys=0.00, real=0.00 secs] 
48.747: Total time for which application threads were stopped: 0.0008710 seconds, Stopping threads took: 0.0000890 seconds
48.821: Application time: 0.0744700 seconds
48.821: [GC [PSYoungGen: 31210K->1248K(31232K)] 71262K->41419K(114176K), 0.0007280 secs] [Times: user=0.00 sys=0.00, real=0.01 secs] 
48.822: Total time for which application threads were stopped: 0.0008550 seconds, Stopping threads took: 0.0000560 seconds
48.894: Application time: 0.0716180 seconds
48.894: [GC [PSYoungGen: 30656K->1760K(31232K)] 70827K->41971K(114176K), 0.0008720 secs] [Times: user=0.00 sys=0.00, real=0.00 secs] 
48.895: Total time for which application threads were stopped: 0.0010580 seconds, Stopping threads took: 0.0001170 seconds
48.966: Application time: 0.0714440 seconds
48.966: [GC [PSYoungGen: 30658K->2240K(33792K)] 70869K->42483K(116736K), 0.0009920 secs] [Times: user=0.01 sys=0.00, real=0.00 secs] 
48.967: Total time for which application threads were stopped: 0.0011250 seconds, Stopping threads took: 0.0000600 seconds
49.045: Application time: 0.0774100 seconds
49.045: [GC [PSYoungGen: 32100K->1248K(31232K)] 72344K->41555K(114176K), 0.0006430 secs] [Times: user=0.00 sys=0.00, real=0.00 secs] 
49.045: Total time for which application threads were stopped: 0.0007630 seconds, Stopping threads took: 0.0000550 seconds
49.117: Application time: 0.0716880 seconds
49.117: [GC [PSYoungGen: 30658K->1792K(32256K)] 70966K->42099K(115200K), 0.0007810 secs] [Times: user=0.00 sys=0.00, real=0.00 secs] 
49.118: Total time for which application threads were stopped: 0.0009200 seconds, Stopping threads took: 0.0000720 seconds
49.188: Application time: 0.0704660 seconds
49.189: [GC [PSYoungGen: 30610K->2208K(32768K)] 70917K->42563K(115712K), 0.0009330 secs] [Times: user=0.01 sys=0.00, real=0.00 secs] 
49.190: Total time for which application threads were stopped: 0.0010730 seconds, Stopping threads took: 0.0000660 seconds
49.262: Application time: 0.0728760 seconds
49.263: [GC [PSYoungGen: 31028K->2208K(38912K)] 71384K->42563K(121856K), 0.0008680 secs] [Times: user=0.01 sys=0.00, real=0.00 secs] 
49.264: Total time for which application threads were stopped: 0.0017110 seconds, Stopping threads took: 0.0000670 seconds
49.351: Application time: 0.0872200 seconds
49.351: [GC [PSYoungGen: 37372K->1792K(36864K)] 77727K->42147K(119808K), 0.0008240 secs] [Times: user=0.00 sys=0.00, real=0.00 secs] 
49.352: Total time for which application threads were stopped: 0.0009880 seconds, Stopping threads took: 0.0000940 seconds
49.439: Application time: 0.0864310 seconds
49.439: [GC [PSYoungGen: 36440K->1760K(36864K)] 76796K->42203K(119808K), 0.0007540 secs] [Times: user=0.00 sys=0.00, real=0.00 secs] 
49.440: Total time for which application threads were stopped: 0.0009090 seconds, Stopping threads took: 0.0000850 seconds
49.524: Application time: 0.0840460 seconds
49.524: [GC [PSYoungGen: 35892K->2272K(36352K)] 76336K->42791K(119296K), 0.0009880 secs] [Times: user=0.01 sys=0.00, real=0.00 secs] 
49.525: Total time for which application threads were stopped: 0.0011210 seconds, Stopping threads took: 0.0000600 seconds
49.612: Application time: 0.0866870 seconds
49.612: [GC [PSYoungGen: 35817K->1248K(35840K)] 76337K->41855K(118784K), 0.0006670 secs] [Times: user=0.01 sys=0.00, real=0.00 secs] 
49.612: Total time for which application threads were stopped: 0.0008980 seconds, Stopping threads took: 0.0001660 seconds
49.695: Application time: 0.0821550 seconds
49.695: [GC [PSYoungGen: 34197K->1184K(34304K)] 74805K->41839K(117248K), 0.0007050 secs] [Times: user=0.01 sys=0.00, real=0.00 secs] 
49.695: Total time for which application threads were stopped: 0.0008330 seconds, Stopping threads took: 0.0000640 seconds
49.774: Application time: 0.0790220 seconds
49.775: [GC [PSYoungGen: 33609K->2272K(34816K)] 74265K->42928K(117760K), 0.0009210 secs] [Times: user=0.00 sys=0.00, real=0.00 secs] 
49.776: Total time for which application threads were stopped: 0.0010720 seconds, Stopping threads took: 0.0000660 seconds
49.856: Application time: 0.0801760 seconds
49.856: [GC [PSYoungGen: 34269K->2304K(34816K)] 74925K->42960K(117760K), 0.0009090 secs] [Times: user=0.01 sys=0.00, real=0.00 secs] 
49.857: Total time for which application threads were stopped: 0.0010490 seconds, Stopping threads took: 0.0000710 seconds
49.935: Application time: 0.0786810 seconds
49.936: [GC [PSYoungGen: 33709K->1760K(33280K)] 74365K->42480K(116224K), 0.0008080 secs] [Times: user=0.00 sys=0.00, real=0.00 secs] 
49.936: Total time for which application threads were stopped: 0.0009340 seconds, Stopping threads took: 0.0000570 seconds
50.015: Application time: 0.0784790 seconds
50.015: [GC [PSYoungGen: 32805K->1248K(32256K)] 73525K->41968K(115200K), 0.0006350 secs] [Times: user=0.00 sys=0.00, real=0.00 secs] 
50.016: Total time for which application threads were stopped: 0.0007500 seconds, Stopping threads took: 0.0000520 seconds
50.091: Application time: 0.0750240 seconds
50.091: [GC [PSYoungGen: 31765K->2288K(32768K)] 72485K->43088K(115712K), 0.0010500 secs] [Times: user=0.00 sys=0.00, real=0.00 secs] 
50.092: Total time for which application threads were stopped: 0.0012030 seconds, Stopping threads took: 0.0000810 seconds
50.165: Application time: 0.0736150 seconds
50.166: [GC [PSYoungGen: 32214K->2304K(33280K)] 73014K->43184K(116224K), 0.0009720 secs] [Times: user=0.01 sys=0.00, real=0.00 secs] 
50.167: Total time for which application threads were stopped: 0.0011450 seconds, Stopping threads took: 0.0000990 seconds
50.242: Application time: 0.0756960 seconds
50.242: [GC [PSYoungGen: 32243K->1760K(38912K)] 73123K->42696K(121856K), 0.0007150 secs] [Times: user=0.00 sys=0.00, real=0.00 secs] 
50.243: Total time for which application threads were stopped: 0.0008400 seconds, Stopping threads took: 0.0000560 seconds
50.331: Application time: 0.0878610 seconds
50.331: [GC [PSYoungGen: 37868K->2784K(39424K)] 78804K->43760K(122368K), 0.0009960 secs] [Times: user=0.01 sys=0.00, real=0.00 secs] 
50.332: Total time for which application threads were stopped: 0.0011610 seconds, Stopping threads took: 0.0000760 seconds
50.424: Application time: 0.0917530 seconds
50.424: [GC [PSYoungGen: 38822K->1760K(37888K)] 79798K->42792K(120832K), 0.0006820 secs] [Times: user=0.00 sys=0.00, real=0.00 secs] 
50.425: Total time for which application threads were stopped: 0.0008170 seconds, Stopping threads took: 0.0000660 seconds
50.515: Application time: 0.0898230 seconds
50.515: [GC [PSYoungGen: 37360K->752K(36352K)] 78392K->41784K(119296K), 0.0005160 secs] [Times: user=0.00 sys=0.00, real=0.00 secs] 
50.515: Total time for which application threads were stopped: 0.0006780 seconds, Stopping threads took: 0.0001020 seconds
50.600: Application time: 0.0847450 seconds
50.600: [GC [PSYoungGen: 35753K->2272K(37376K)] 76785K->43360K(120320K), 0.0008090 secs] [Times: user=0.01 sys=0.00, real=0.00 secs] 
50.601: Total time for which application threads were stopped: 0.0009590 seconds, Stopping threads took: 0.0000750 seconds
50.687: Application time: 0.0865630 seconds
50.688: [GC [PSYoungGen: 36920K->2304K(36864K)] 78008K->43392K(119808K), 0.0009740 secs] [Times: user=0.00 sys=0.00, real=0.00 secs] 
50.689: Total time for which application threads were stopped: 0.0011240 seconds, Stopping threads took: 0.0000760 seconds
50.774: Application time: 0.0858620 seconds
50.775: [GC [PSYoungGen: 36440K->1792K(35840K)] 77528K->42960K(118784K), 0.0007670 secs] [Times: user=0.01 sys=0.00, real=0.00 secs] 
50.775: Total time for which application threads were stopped: 0.0008900 seconds, Stopping threads took: 0.0000550 seconds
50.857: Application time: 0.0819170 seconds
50.857: [GC [PSYoungGen: 35410K->2304K(35840K)] 76578K->43552K(118784K), 0.0009900 secs] [Times: user=0.01 sys=0.00, real=0.00 secs] 
50.858: Total time for which application threads were stopped: 0.0011350 seconds, Stopping threads took: 0.0000600 seconds
50.939: Application time: 0.0808770 seconds
50.939: [GC [PSYoungGen: 35249K->2784K(35840K)] 76497K->44104K(118784K), 0.0010550 secs] [Times: user=0.01 sys=0.00, real=0.00 secs] 
50.941: Total time for which application threads were stopped: 0.0011920 seconds, Stopping threads took: 0.0000610 seconds
51.022: Application time: 0.0819360 seconds
51.023: [GC [PSYoungGen: 35300K->2304K(39424K)] 76620K->43624K(122368K), 0.0009240 secs] [Times: user=0.01 sys=0.00, real=0.00 secs] 
51.024: Total time for which application threads were stopped: 0.0010670 seconds, Stopping threads took: 0.0000720 seconds
51.114: Application time: 0.0901790 seconds
51.114: [GC [PSYoungGen: 37830K->736K(36352K)] 79150K->42112K(119296K), 0.0005770 secs] [Times: user=0.00 sys=0.00, real=0.00 secs] 
51.114: Total time for which application threads were stopped: 0.0006930 seconds, Stopping threads took: 0.0000550 seconds
51.199: Application time: 0.0849870 seconds
51.199: [GC [PSYoungGen: 35812K->2816K(37888K)] 77188K->44192K(120832K), 0.0010910 secs] [Times: user=0.01 sys=0.00, real=0.00 secs] 
51.201: Total time for which application threads were stopped: 0.0012420 seconds, Stopping threads took: 0.0000730 seconds
51.288: Application time: 0.0877860 seconds
51.288: [GC [PSYoungGen: 37311K->1696K(36352K)] 78688K->43112K(119296K), 0.0008250 secs] [Times: user=0.00 sys=0.00, real=0.00 secs] 
51.289: Total time for which application threads were stopped: 0.0009530 seconds, Stopping threads took: 0.0000600 seconds
51.372: Application time: 0.0824100 seconds
51.372: [GC [PSYoungGen: 35900K->3392K(38400K)] 77316K->44808K(121344K), 0.0013910 secs] [Times: user=0.01 sys=0.00, real=0.00 secs] 
51.373: Total time for which application threads were stopped: 0.0015450 seconds, Stopping threads took: 0.0000660 seconds
51.462: Application time: 0.0885690 seconds
51.462: [GC [PSYoungGen: 37970K->1280K(35840K)] 79386K->42812K(118784K), 0.0005990 secs] [Times: user=0.00 sys=0.00, real=0.00 secs] 
51.463: Total time for which application threads were stopped: 0.0007300 seconds, Stopping threads took: 0.0000690 seconds
51.546: Application time: 0.0836860 seconds
51.546: [GC [PSYoungGen: 35412K->1792K(35840K)] 76944K->43388K(118784K), 0.0008010 secs] [Times: user=0.01 sys=0.00, real=0.00 secs] 
51.547: Total time for which application threads were stopped: 0.0009360 seconds, Stopping threads took: 0.0000650 seconds
51.630: Application time: 0.0827280 seconds
51.630: [GC [PSYoungGen: 35331K->2272K(35840K)] 76928K->43948K(118784K), 0.0008420 secs] [Times: user=0.00 sys=0.00, real=0.00 secs] 
51.631: Total time for which application threads were stopped: 0.0009780 seconds, Stopping threads took: 0.0000670 seconds
51.712: Application time: 0.0813940 seconds
51.712: [GC [PSYoungGen: 35221K->2272K(35328K)] 76898K->43996K(118272K), 0.0010000 secs] [Times: user=0.00 sys=0.00, real=0.01 secs] 
51.713: Total time for which application threads were stopped: 0.0011460 seconds, Stopping threads took: 0.0000730 seconds
51.795: Application time: 0.0810560 seconds
51.795: [GC [PSYoungGen: 34709K->1760K(34304K)] 76434K->43484K(117248K), 0.0008090 secs] [Times: user=0.01 sys=0.00, real=0.00 secs] 
51.796: Total time for which application threads were stopped: 0.0009990 seconds, Stopping threads took: 0.0001230 seconds
51.875: Application time: 0.0789520 seconds
51.875: [GC [PSYoungGen: 33757K->1792K(33792K)] 75482K->43516K(116736K), 0.0008150 secs] [Times: user=0.00 sys=0.00, real=0.00 secs] 
51.875: Total time for which application threads were stopped: 0.0009580 seconds, Stopping threads took: 0.0000690 seconds
51.953: Application time: 0.0778260 seconds
51.953: [GC [PSYoungGen: 33193K->1696K(33792K)] 74917K->43460K(116736K), 0.0007920 secs] [Times: user=0.01 sys=0.00, real=0.01 secs] 
51.954: Total time for which application threads were stopped: 0.0009300 seconds, Stopping threads took: 0.0000700 seconds
52.031: Application time: 0.0765770 seconds
52.031: [GC [PSYoungGen: 32811K->2304K(34816K)] 74576K->44068K(117760K), 0.0010330 secs] [Times: user=0.00 sys=0.00, real=0.00 secs] 
52.032: Total time for which application threads were stopped: 0.0011750 seconds, Stopping threads took: 0.0000710 seconds
52.110: Application time: 0.0779190 seconds
52.110: [GC [PSYoungGen: 33279K->736K(31744K)] 75044K->42624K(114688K), 0.0005220 secs] [Times: user=0.00 sys=0.00, real=0.00 secs] 
52.111: Total time for which application threads were stopped: 0.0006610 seconds, Stopping threads took: 0.0000760 seconds
52.183: Application time: 0.0725780 seconds
52.183: [GC [PSYoungGen: 31248K->2240K(38912K)] 73137K->44176K(121856K), 0.0010480 secs] [Times: user=0.00 sys=0.00, real=0.00 secs] 
52.184: Total time for which application threads were stopped: 0.0012070 seconds, Stopping threads took: 0.0000840 seconds
52.271: Application time: 0.0866720 seconds
52.271: [GC [PSYoungGen: 37245K->2272K(37376K)] 79182K->44289K(120320K), 0.0008630 secs] [Times: user=0.00 sys=0.00, real=0.00 secs] 
52.272: Total time for which application threads were stopped: 0.0010110 seconds, Stopping threads took: 0.0000750 seconds
52.359: Application time: 0.0864760 seconds
52.359: [GC [PSYoungGen: 36846K->1280K(35840K)] 78863K->43296K(118784K), 0.0006470 secs] [Times: user=0.00 sys=0.00, real=0.00 secs] 
52.359: Total time for which application threads were stopped: 0.0007850 seconds, Stopping threads took: 0.0000750 seconds
52.443: Application time: 0.0838190 seconds
52.443: [GC [PSYoungGen: 35253K->2208K(36864K)] 77270K->44273K(119808K), 0.0008960 secs] [Times: user=0.00 sys=0.00, real=0.00 secs] 
52.444: Total time for which application threads were stopped: 0.0010470 seconds, Stopping threads took: 0.0000710 seconds
52.525: Application time: 0.0810190 seconds
52.525: [GC [PSYoungGen: 35748K->2784K(37376K)] 77813K->44849K(120320K), 0.0011100 secs] [Times: user=0.01 sys=0.01, real=0.00 secs] 
52.526: Total time for which application threads were stopped: 0.0012530 seconds, Stopping threads took: 0.0000680 seconds
52.608: Application time: 0.0817810 seconds
52.608: [GC [PSYoungGen: 36245K->3328K(44032K)] 78310K->45433K(126976K), 0.0011200 secs] [Times: user=0.01 sys=0.00, real=0.00 secs] 
52.610: Total time for which application threads were stopped: 0.0012860 seconds, Stopping threads took: 0.0000880 seconds
52.711: Application time: 0.1016070 seconds
52.711: [GC [PSYoungGen: 43279K->1808K(41472K)] 85384K->43913K(124416K), 0.0007410 secs] [Times: user=0.00 sys=0.00, real=0.00 secs] 
52.712: Total time for which application threads were stopped: 0.0008610 seconds, Stopping threads took: 0.0000550 seconds
52.810: Application time: 0.0982280 seconds
52.810: [GC [PSYoungGen: 41084K->1248K(41472K)] 83189K->43501K(124416K), 0.0007320 secs] [Times: user=0.01 sys=0.00, real=0.00 secs] 
52.811: Total time for which application threads were stopped: 0.0008650 seconds, Stopping threads took: 0.0000660 seconds
52.905: Application time: 0.0938540 seconds
52.905: [GC [PSYoungGen: 39336K->1696K(39424K)] 81589K->44037K(122368K), 0.0008660 secs] [Times: user=0.01 sys=0.00, real=0.00 secs] 
52.906: Total time for which application threads were stopped: 0.0009900 seconds, Stopping threads took: 0.0000570 seconds
53.000: Application time: 0.0936870 seconds
53.000: [GC [PSYoungGen: 38838K->1248K(39936K)] 81179K->43589K(122880K), 0.0006300 secs] [Times: user=0.01 sys=0.00, real=0.00 secs] 
53.000: Total time for which application threads were stopped: 0.0007780 seconds, Stopping threads took: 0.0000760 seconds
53.091: Application time: 0.0903520 seconds
53.091: [GC [PSYoungGen: 37793K->1760K(38400K)] 80135K->44157K(121344K), 0.0007740 secs] [Times: user=0.00 sys=0.00, real=0.00 secs] 
53.092: Total time for which application threads were stopped: 0.0009080 seconds, Stopping threads took: 0.0000650 seconds
53.180: Application time: 0.0879160 seconds
53.180: [GC [PSYoungGen: 37867K->2816K(39424K)] 80265K->45213K(122368K), 0.0010080 secs] [Times: user=0.00 sys=0.00, real=0.00 secs] 
53.181: Total time for which application threads were stopped: 0.0011470 seconds, Stopping threads took: 0.0000680 seconds
53.272: Application time: 0.0914500 seconds
53.272: [GC [PSYoungGen: 38418K->1792K(37376K)] 80815K->44245K(120320K), 0.0007670 secs] [Times: user=0.01 sys=0.00, real=0.00 secs] 
53.273: Total time for which application threads were stopped: 0.0008980 seconds, Stopping threads took: 0.0000650 seconds
53.358: Application time: 0.0853450 seconds
53.359: [GC [PSYoungGen: 36950K->2848K(38400K)] 79403K->45349K(121344K), 0.0011190 secs] [Times: user=0.01 sys=0.00, real=0.00 secs] 
53.360: Total time for which application threads were stopped: 0.0012630 seconds, Stopping threads took: 0.0000690 seconds
53.447: Application time: 0.0870170 seconds
53.447: [GC [PSYoungGen: 37424K->1248K(35840K)] 79925K->43833K(118784K), 0.0006440 secs] [Times: user=0.00 sys=0.00, real=0.00 secs] 
53.447: Total time for which application threads were stopped: 0.0007640 seconds, Stopping threads took: 0.0000570 seconds
53.532: Application time: 0.0847860 seconds
53.532: [GC [PSYoungGen: 35380K->1792K(36352K)] 77965K->44433K(119296K), 0.0008610 secs] [Times: user=0.00 sys=0.00, real=0.00 secs] 
53.533: Total time for which application threads were stopped: 0.0010140 seconds, Stopping threads took: 0.0000740 seconds
53.616: Application time: 0.0827270 seconds
53.616: [GC [PSYoungGen: 35333K->1792K(35328K)] 77975K->44513K(118272K), 0.0007690 secs] [Times: user=0.01 sys=0.00, real=0.00 secs] 
53.617: Total time for which application threads were stopped: 0.0009190 seconds, Stopping threads took: 0.0000840 seconds
53.700: Application time: 0.0829380 seconds
53.700: [GC [PSYoungGen: 34741K->1760K(35840K)] 77463K->44545K(118784K), 0.0007680 secs] [Times: user=0.01 sys=0.00, real=0.00 secs] 
53.701: Total time for which application threads were stopped: 0.0009030 seconds, Stopping threads took: 0.0000670 seconds
53.783: Application time: 0.0819410 seconds
53.783: [GC [PSYoungGen: 34197K->1248K(33792K)] 76983K->44033K(116736K), 0.0006130 secs] [Times: user=0.00 sys=0.00, real=0.00 secs] 
53.783: Total time for which application threads were stopped: 0.0007420 seconds, Stopping threads took: 0.0000650 seconds
53.864: Application time: 0.0806150 seconds
53.864: [GC [PSYoungGen: 33247K->224K(34816K)] 76033K->43009K(117760K), 0.0003980 secs] [Times: user=0.00 sys=0.00, real=0.00 secs] 
53.865: Total time for which application threads were stopped: 0.0005750 seconds, Stopping threads took: 0.0001170 seconds
53.940: Application time: 0.0753570 seconds
53.940: [GC [PSYoungGen: 31686K->2816K(34816K)] 74472K->45641K(117760K), 0.0010920 secs] [Times: user=0.01 sys=0.00, real=0.00 secs] 
53.941: Total time for which application threads were stopped: 0.0012310 seconds, Stopping threads took: 0.0000640 seconds
54.020: Application time: 0.0786390 seconds
54.020: [GC [PSYoungGen: 33874K->736K(34304K)] 76699K->43609K(117248K), 0.0005670 secs] [Times: user=0.00 sys=0.00, real=0.00 secs] 
54.021: Total time for which application threads were stopped: 0.0006850 seconds, Stopping threads took: 0.0000550 seconds
54.096: Application time: 0.0751650 seconds
54.096: [GC [PSYoungGen: 31174K->1792K(32256K)] 74048K->44753K(115200K), 0.0008400 secs] [Times: user=0.01 sys=0.00, real=0.00 secs] 
54.097: Total time for which application threads were stopped: 0.0009860 seconds, Stopping threads took: 0.0000700 seconds
54.170: Application time: 0.0736750 seconds
54.171: [GC [PSYoungGen: 31796K->2272K(32768K)] 74758K->45281K(115712K), 0.0009830 secs] [Times: user=0.00 sys=0.00, real=0.00 secs] 
54.172: Total time for which application threads were stopped: 0.0011230 seconds, Stopping threads took: 0.0000680 seconds
54.244: Application time: 0.0726370 seconds
54.244: [GC [PSYoungGen: 31604K->2784K(33280K)] 74614K->45873K(116224K), 0.0011340 secs] [Times: user=0.01 sys=0.00, real=0.00 secs] 
54.245: Total time for which application threads were stopped: 0.0012940 seconds, Stopping threads took: 0.0000740 seconds
54.318: Application time: 0.0727250 seconds
54.318: [GC [PSYoungGen: 32194K->3296K(39936K)] 75284K->46385K(122880K), 0.0011180 secs] [Times: user=0.01 sys=0.00, real=0.00 secs] 
54.320: Total time for which application threads were stopped: 0.0017410 seconds, Stopping threads took: 0.0000730 seconds
54.409: Application time: 0.0895160 seconds
54.410: [GC [PSYoungGen: 38822K->1728K(39936K)] 81911K->44881K(122880K), 0.0008390 secs] [Times: user=0.01 sys=0.00, real=0.00 secs] 
54.410: Total time for which application threads were stopped: 0.0009910 seconds, Stopping threads took: 0.0000860 seconds
54.499: Application time: 0.0880820 seconds
54.499: [GC [PSYoungGen: 37324K->2304K(47104K)] 80477K->45457K(130048K), 0.0008430 secs] [Times: user=0.00 sys=0.00, real=0.00 secs] 
54.500: Total time for which application threads were stopped: 0.0010040 seconds, Stopping threads took: 0.0000830 seconds
54.607: Application time: 0.1072120 seconds
54.607: [GC [PSYoungGen: 45100K->1792K(44032K)] 88254K->45001K(126976K), 0.0006970 secs] [Times: user=0.00 sys=0.00, real=0.00 secs] 
54.608: Total time for which application threads were stopped: 0.0008290 seconds, Stopping threads took: 0.0000540 seconds
54.709: Application time: 0.1013350 seconds
54.709: [GC [PSYoungGen: 43713K->2336K(44032K)] 86922K->45593K(126976K), 0.0009560 secs] [Times: user=0.00 sys=0.00, real=0.00 secs] 
54.710: Total time for which application threads were stopped: 0.0011040 seconds, Stopping threads took: 0.0000730 seconds
54.811: Application time: 0.1013800 seconds
54.812: [GC [PSYoungGen: 43152K->2288K(42496K)] 86410K->45662K(125440K), 0.0011010 secs] [Times: user=0.01 sys=0.00, real=0.00 secs] 
54.813: Total time for which application threads were stopped: 0.0012440 seconds, Stopping threads took: 0.0000740 seconds
54.913: Application time: 0.0998870 seconds
54.913: [GC [PSYoungGen: 41926K->736K(42496K)] 85300K->44198K(125440K), 0.0004710 secs] [Times: user=0.00 sys=0.00, real=0.00 secs] 
54.913: Total time for which application threads were stopped: 0.0005930 seconds, Stopping threads took: 0.0000640 seconds
55.008: Application time: 0.0947720 seconds
55.008: [GC [PSYoungGen: 39412K->2304K(40448K)] 82874K->45766K(123392K), 0.0010160 secs] [Times: user=0.01 sys=0.00, real=0.00 secs] 
55.009: Total time for which application threads were stopped: 0.0011500 seconds, Stopping threads took: 0.0000610 seconds
55.102: Application time: 0.0925870 seconds
55.102: [GC [PSYoungGen: 39878K->2784K(39936K)] 83340K->46294K(122880K), 0.0010940 secs] [Times: user=0.01 sys=0.00, real=0.00 secs] 
55.103: Total time for which application threads were stopped: 0.0012370 seconds, Stopping threads took: 0.0000700 seconds
55.193: Application time: 0.0902870 seconds
55.193: [GC [PSYoungGen: 39410K->2816K(39424K)] 82920K->46326K(122368K), 0.0012020 secs] [Times: user=0.00 sys=0.00, real=0.01 secs] 
55.195: Total time for which application threads were stopped: 0.0013600 seconds, Stopping threads took: 0.0000770 seconds
55.285: Application time: 0.0906820 seconds
55.285: [GC [PSYoungGen: 38928K->2784K(40448K)] 82438K->46342K(123392K), 0.0011540 secs] [Times: user=0.01 sys=0.00, real=0.00 secs] 
55.287: Total time for which application threads were stopped: 0.0012970 seconds, Stopping threads took: 0.0000660 seconds
55.377: Application time: 0.0902940 seconds
55.377: [GC [PSYoungGen: 39054K->2288K(40448K)] 82612K->45894K(123392K), 0.0009820 secs] [Times: user=0.00 sys=0.01, real=0.00 secs] 
55.378: Total time for which application threads were stopped: 0.0011300 seconds, Stopping threads took: 0.0000770 seconds
55.468: Application time: 0.0897760 seconds
55.468: [GC [PSYoungGen: 38402K->1760K(37888K)] 82008K->45478K(120832K), 0.0007620 secs] [Times: user=0.01 sys=0.00, real=0.00 secs] 
55.469: Total time for which application threads were stopped: 0.0008880 seconds, Stopping threads took: 0.0000580 seconds
55.557: Application time: 0.0880140 seconds
55.557: [GC [PSYoungGen: 37357K->1760K(37376K)] 81076K->45542K(120320K), 0.0008370 secs] [Times: user=0.00 sys=0.00, real=0.00 secs] 
55.558: Total time for which application threads were stopped: 0.0009690 seconds, Stopping threads took: 0.0000620 seconds
55.645: Application time: 0.0870970 seconds
55.645: [GC [PSYoungGen: 36845K->1248K(36352K)] 80628K->45078K(119296K), 0.0005800 secs] [Times: user=0.00 sys=0.00, real=0.00 secs] 
55.645: Total time for which application threads were stopped: 0.0007160 seconds, Stopping threads took: 0.0000730 seconds
55.730: Application time: 0.0841480 seconds
55.730: [GC [PSYoungGen: 35733K->2752K(37376K)] 79563K->46622K(120320K), 0.0011790 secs] [Times: user=0.00 sys=0.00, real=0.00 secs] 
55.731: Total time for which application threads were stopped: 0.0013310 seconds, Stopping threads took: 0.0000680 seconds
55.814: Application time: 0.0826150 seconds
55.814: [GC [PSYoungGen: 36725K->3808K(40448K)] 80595K->47678K(123392K), 0.0015180 secs] [Times: user=0.01 sys=0.00, real=0.00 secs] 
55.815: Total time for which application threads were stopped: 0.0016700 seconds, Stopping threads took: 0.0000720 seconds
55.907: Application time: 0.0915810 seconds
55.907: [GC [PSYoungGen: 40002K->2848K(40960K)] 83872K->46718K(123904K), 0.0011420 secs] [Times: user=0.00 sys=0.00, real=0.00 secs] 
55.908: Total time for which application threads were stopped: 0.0012900 seconds, Stopping threads took: 0.0000790 seconds
55.999: Application time: 0.0907290 seconds
55.999: [GC [PSYoungGen: 39040K->2304K(47616K)] 82910K->46262K(130560K), 0.0008420 secs] [Times: user=0.01 sys=0.00, real=0.00 secs] 
56.000: Total time for which application threads were stopped: 0.0009880 seconds, Stopping threads took: 0.0000750 seconds
56.111: Application time: 0.1111060 seconds
56.111: [GC [PSYoungGen: 46133K->704K(44032K)] 90091K->44742K(126976K), 0.0004770 secs] [Times: user=0.00 sys=0.00, real=0.00 secs] 
56.112: Total time for which application threads were stopped: 0.0006030 seconds, Stopping threads took: 0.0000680 seconds
56.214: Application time: 0.1027440 seconds
56.214: [GC [PSYoungGen: 43568K->2784K(45568K)] 87607K->46870K(128512K), 0.0010980 secs] [Times: user=0.01 sys=0.00, real=0.00 secs] 
56.215: Total time for which application threads were stopped: 0.0012460 seconds, Stopping threads took: 0.0000760 seconds
56.319: Application time: 0.1032170 seconds
56.319: [GC [PSYoungGen: 44549K->3296K(46592K)] 88635K->47458K(129536K), 0.0013440 secs] [Times: user=0.01 sys=0.00, real=0.00 secs] 
56.320: Total time for which application threads were stopped: 0.0014990 seconds, Stopping threads took: 0.0000670 seconds
56.424: Application time: 0.1037940 seconds
56.424: [GC [PSYoungGen: 44986K->2208K(43520K)] 89149K->46410K(126464K), 0.0008370 secs] [Times: user=0.01 sys=0.00, real=0.00 secs] 
56.425: Total time for which application threads were stopped: 0.0010390 seconds, Stopping threads took: 0.0001320 seconds
56.526: Application time: 0.1007970 seconds
56.526: [GC [PSYoungGen: 42950K->1760K(41984K)] 87153K->45962K(124928K), 0.0008570 secs] [Times: user=0.01 sys=0.00, real=0.00 secs] 
56.527: Total time for which application threads were stopped: 0.0009870 seconds, Stopping threads took: 0.0000600 seconds
56.628: Application time: 0.1007190 seconds
56.628: [GC [PSYoungGen: 41549K->1792K(40960K)] 85751K->46042K(123904K), 0.0007530 secs] [Times: user=0.00 sys=0.00, real=0.00 secs] 
56.628: Total time for which application threads were stopped: 0.0008860 seconds, Stopping threads took: 0.0000680 seconds
56.723: Application time: 0.0944570 seconds
56.723: [GC [PSYoungGen: 40550K->2256K(40448K)] 84801K->46590K(123392K), 0.0008880 secs] [Times: user=0.00 sys=0.00, real=0.00 secs] 
56.724: Total time for which application threads were stopped: 0.0010250 seconds, Stopping threads took: 0.0000680 seconds
56.816: Application time: 0.0915720 seconds
56.816: [GC [PSYoungGen: 39984K->3360K(40448K)] 84319K->47766K(123392K), 0.0013590 secs] [Times: user=0.01 sys=0.00, real=0.00 secs] 
56.817: Total time for which application threads were stopped: 0.0014990 seconds, Stopping threads took: 0.0000590 seconds
56.909: Application time: 0.0916970 seconds
56.909: [GC [PSYoungGen: 39914K->1760K(38400K)] 84320K->46246K(121344K), 0.0009140 secs] [Times: user=0.01 sys=0.00, real=0.00 secs] 
56.910: Total time for which application threads were stopped: 0.0011520 seconds, Stopping threads took: 0.0001600 seconds
57.000: Application time: 0.0899190 seconds
57.000: [GC [PSYoungGen: 37872K->1792K(37888K)] 82358K->46278K(120832K), 0.0008150 secs] [Times: user=0.00 sys=0.00, real=0.00 secs] 
57.001: Total time for which application threads were stopped: 0.0009430 seconds, Stopping threads took: 0.0000560 seconds
57.087: Application time: 0.0864210 seconds
57.087: [GC [PSYoungGen: 37305K->3296K(43008K)] 81792K->47822K(125952K), 0.0013060 secs] [Times: user=0.01 sys=0.00, real=0.00 secs] 
57.089: Total time for which application threads were stopped: 0.0014410 seconds, Stopping threads took: 0.0000600 seconds
57.185: Application time: 0.0959970 seconds
57.185: [GC [PSYoungGen: 41984K->1760K(39936K)] 86511K->46286K(122880K), 0.0006940 secs] [Times: user=0.00 sys=0.00, real=0.00 secs] 
57.185: Total time for which application threads were stopped: 0.0008170 seconds, Stopping threads took: 0.0000560 seconds
57.280: Application time: 0.0942130 seconds
57.280: [GC [PSYoungGen: 39494K->1280K(38400K)] 84021K->45862K(121344K), 0.0006880 secs] [Times: user=0.01 sys=0.00, real=0.00 secs] 
57.280: Total time for which application threads were stopped: 0.0008070 seconds, Stopping threads took: 0.0000570 seconds
57.368: Application time: 0.0880190 seconds
57.369: [GC [PSYoungGen: 37978K->2848K(39424K)] 82561K->47510K(122368K), 0.0011860 secs] [Times: user=0.01 sys=0.00, real=0.00 secs] 
57.370: Total time for which application threads were stopped: 0.0013180 seconds, Stopping threads took: 0.0000590 seconds
57.460: Application time: 0.0899270 seconds
57.460: [GC [PSYoungGen: 39040K->2304K(38400K)] 83703K->47047K(121344K), 0.0010950 secs] [Times: user=0.00 sys=0.00, real=0.00 secs] 
57.461: Total time for which application threads were stopped: 0.0012440 seconds, Stopping threads took: 0.0000700 seconds
57.549: Application time: 0.0883090 seconds
57.549: [GC [PSYoungGen: 37827K->1184K(38400K)] 82570K->46015K(121344K), 0.0006720 secs] [Times: user=0.00 sys=0.00, real=0.00 secs] 
57.550: Total time for which application threads were stopped: 0.0007960 seconds, Stopping threads took: 0.0000580 seconds
57.635: Application time: 0.0853280 seconds
57.635: [GC [PSYoungGen: 36259K->3296K(39424K)] 81090K->48127K(122368K), 0.0012820 secs] [Times: user=0.00 sys=0.00, real=0.00 secs] 
57.637: Total time for which application threads were stopped: 0.0014340 seconds, Stopping threads took: 0.0000750 seconds
57.725: Application time: 0.0882530 seconds
57.725: [GC [PSYoungGen: 38306K->1760K(36864K)] 83137K->46647K(119808K), 0.0007030 secs] [Times: user=0.00 sys=0.00, real=0.00 secs] 
57.726: Total time for which application threads were stopped: 0.0009050 seconds, Stopping threads took: 0.0001340 seconds
57.812: Application time: 0.0858940 seconds
57.812: [GC [PSYoungGen: 36251K->2272K(36864K)] 81138K->47159K(119808K), 0.0009690 secs] [Times: user=0.00 sys=0.00, real=0.00 secs] 
57.813: Total time for which application threads were stopped: 0.0011000 seconds, Stopping threads took: 0.0000620 seconds
57.896: Application time: 0.0827920 seconds
57.896: [GC [PSYoungGen: 36404K->2816K(36864K)] 81291K->47703K(119808K), 0.0009960 secs] [Times: user=0.00 sys=0.00, real=0.00 secs] 
57.897: Total time for which application threads were stopped: 0.0011600 seconds, Stopping threads took: 0.0000900 seconds
57.982: Application time: 0.0846230 seconds
57.982: [GC [PSYoungGen: 36438K->2320K(42496K)] 81325K->47287K(125440K), 0.0009190 secs] [Times: user=0.00 sys=0.00, real=0.00 secs] 
57.983: Total time for which application threads were stopped: 0.0010640 seconds, Stopping threads took: 0.0000670 seconds
58.079: Application time: 0.0965450 seconds
58.079: [GC [PSYoungGen: 40492K->1216K(38912K)] 85459K->46263K(121856K), 0.0006990 secs] [Times: user=0.01 sys=0.00, real=0.00 secs] 
58.080: Total time for which application threads were stopped: 0.0008370 seconds, Stopping threads took: 0.0000750 seconds
58.172: Application time: 0.0918130 seconds
58.172: [GC [PSYoungGen: 38432K->1808K(38912K)] 83479K->46911K(121856K), 0.0008080 secs] [Times: user=0.01 sys=0.00, real=0.00 secs] 
58.173: Total time for which application threads were stopped: 0.0009500 seconds, Stopping threads took: 0.0000720 seconds
58.263: Application time: 0.0900560 seconds
58.263: [GC [PSYoungGen: 38358K->1216K(39424K)] 83461K->46407K(122368K), 0.0006680 secs] [Times: user=0.00 sys=0.00, real=0.00 secs] 
58.264: Total time for which application threads were stopped: 0.0007870 seconds, Stopping threads took: 0.0000580 seconds
58.355: Application time: 0.0916430 seconds
58.355: [GC [PSYoungGen: 37331K->224K(36352K)] 82523K->45415K(119296K), 0.0004110 secs] [Times: user=0.01 sys=0.00, real=0.00 secs] 
58.356: Total time for which application threads were stopped: 0.0005380 seconds, Stopping threads took: 0.0000630 seconds
58.439: Application time: 0.0832000 seconds
58.439: [GC [PSYoungGen: 35733K->2784K(38912K)] 80924K->48015K(121856K), 0.0011950 secs] [Times: user=0.01 sys=0.00, real=0.00 secs] 
58.440: Total time for which application threads were stopped: 0.0013360 seconds, Stopping threads took: 0.0000670 seconds
58.530: Application time: 0.0900900 seconds
58.531: [GC [PSYoungGen: 37954K->704K(35840K)] 83185K->45935K(118784K), 0.0005160 secs] [Times: user=0.00 sys=0.00, real=0.00 secs] 
58.531: Total time for which application threads were stopped: 0.0006410 seconds, Stopping threads took: 0.0000610 seconds
58.614: Application time: 0.0829610 seconds
58.614: [GC [PSYoungGen: 35267K->2304K(37888K)] 80499K->47627K(120832K), 0.0009730 secs] [Times: user=0.01 sys=0.00, real=0.00 secs] 
58.615: Total time for which application threads were stopped: 0.0011140 seconds, Stopping threads took: 0.0000710 seconds
58.698: Application time: 0.0828750 seconds
58.698: [GC [PSYoungGen: 36434K->3360K(38400K)] 81757K->48723K(121344K), 0.0013250 secs] [Times: user=0.01 sys=0.00, real=0.00 secs] 
58.700: Total time for which application threads were stopped: 0.0014790 seconds, Stopping threads took: 0.0000760 seconds
58.785: Application time: 0.0859810 seconds
58.786: [GC [PSYoungGen: 37426K->768K(34816K)] 82789K->46211K(117760K), 0.0005360 secs] [Times: user=0.00 sys=0.00, real=0.00 secs] 
58.786: Total time for which application threads were stopped: 0.0006650 seconds, Stopping threads took: 0.0000680 seconds
58.868: Application time: 0.0819100 seconds
58.868: [GC [PSYoungGen: 34299K->2272K(35840K)] 79743K->47763K(118784K), 0.0009380 secs] [Times: user=0.01 sys=0.00, real=0.00 secs] 
58.869: Total time for which application threads were stopped: 0.0010740 seconds, Stopping threads took: 0.0000670 seconds
58.951: Application time: 0.0818710 seconds
58.951: [GC [PSYoungGen: 35300K->1728K(34816K)] 80791K->47267K(117760K), 0.0008330 secs] [Times: user=0.00 sys=0.00, real=0.00 secs] 
58.952: Total time for which application threads were stopped: 0.0010310 seconds, Stopping threads took: 0.0001320 seconds
59.032: Application time: 0.0799710 seconds
59.034: [GC [PSYoungGen: 34161K->2240K(34816K)] 79700K->47819K(117760K), 0.0009910 secs] [Times: user=0.00 sys=0.00, real=0.00 secs] 
59.035: Total time for which application threads were stopped: 0.0025300 seconds, Stopping threads took: 0.0014550 seconds
59.116: Application time: 0.0815240 seconds
59.116: [GC [PSYoungGen: 34161K->1760K(33792K)] 79741K->47339K(116736K), 0.0008260 secs] [Times: user=0.01 sys=0.00, real=0.00 secs] 
59.117: Total time for which application threads were stopped: 0.0009650 seconds, Stopping threads took: 0.0000720 seconds
59.196: Application time: 0.0791300 seconds
59.196: [GC [PSYoungGen: 33321K->1280K(32768K)] 78901K->46859K(115712K), 0.0006680 secs] [Times: user=0.00 sys=0.00, real=0.00 secs] 
59.197: Total time for which application threads were stopped: 0.0007950 seconds, Stopping threads took: 0.0000640 seconds
59.271: Application time: 0.0740450 seconds
59.271: [GC [PSYoungGen: 32234K->2272K(34304K)] 77814K->47923K(117248K), 0.0009620 secs] [Times: user=0.01 sys=0.00, real=0.00 secs] 
59.272: Total time for which application threads were stopped: 0.0010900 seconds, Stopping threads took: 0.0000560 seconds
59.348: Application time: 0.0759170 seconds
59.348: [GC [PSYoungGen: 32801K->1792K(32256K)] 78453K->47507K(115200K), 0.0008930 secs] [Times: user=0.00 sys=0.00, real=0.00 secs] 
59.349: Total time for which application threads were stopped: 0.0010250 seconds, Stopping threads took: 0.0000670 seconds
59.425: Application time: 0.0754370 seconds
59.425: [GC [PSYoungGen: 31718K->2304K(33792K)] 77434K->48107K(116736K), 0.0009800 secs] [Times: user=0.00 sys=0.00, real=0.00 secs] 
59.426: Total time for which application threads were stopped: 0.0011450 seconds, Stopping threads took: 0.0000940 seconds
59.502: Application time: 0.0763060 seconds
59.502: [GC [PSYoungGen: 32243K->736K(30720K)] 78047K->46603K(113664K), 0.0005250 secs] [Times: user=0.00 sys=0.00, real=0.00 secs] 
59.503: Total time for which application threads were stopped: 0.0007000 seconds, Stopping threads took: 0.0001150 seconds
59.574: Application time: 0.0714050 seconds
59.574: [GC [PSYoungGen: 30068K->1760K(32256K)] 75935K->47691K(115200K), 0.0007810 secs] [Times: user=0.00 sys=0.00, real=0.00 secs] 
59.575: Total time for which application threads were stopped: 0.0009210 seconds, Stopping threads took: 0.0000610 seconds
59.646: Application time: 0.0706700 seconds
59.646: [GC [PSYoungGen: 30654K->2784K(32768K)] 76586K->48715K(115712K), 0.0011400 secs] [Times: user=0.01 sys=0.00, real=0.00 secs] 
59.647: Total time for which application threads were stopped: 0.0013100 seconds, Stopping threads took: 0.0000950 seconds
59.719: Application time: 0.0722160 seconds
59.719: [GC [PSYoungGen: 31604K->2816K(38400K)] 77536K->48787K(121344K), 0.0009610 secs] [Times: user=0.01 sys=0.00, real=0.00 secs] 
59.720: Total time for which application threads were stopped: 0.0011080 seconds, Stopping threads took: 0.0000750 seconds
59.808: Application time: 0.0872610 seconds
59.808: [GC [PSYoungGen: 37313K->1216K(38912K)] 83285K->47187K(121856K), 0.0006770 secs] [Times: user=0.00 sys=0.00, real=0.00 secs] 
59.808: Total time for which application threads were stopped: 0.0008150 seconds, Stopping threads took: 0.0000770 seconds
59.893: Application time: 0.0848910 seconds
59.893: [GC [PSYoungGen: 35862K->1760K(36352K)] 81833K->47731K(119296K), 0.0007070 secs] [Times: user=0.00 sys=0.00, real=0.01 secs] 
59.894: Total time for which application threads were stopped: 0.0008410 seconds, Stopping threads took: 0.0000670 seconds
59.985: Application time: 0.0910320 seconds
59.985: [GC [PSYoungGen: 35892K->1280K(35328K)] 81863K->47331K(118272K), 0.0006870 secs] [Times: user=0.00 sys=0.00, real=0.00 secs] 
59.986: Total time for which application threads were stopped: 0.0008170 seconds, Stopping threads took: 0.0000640 seconds
60.069: Application time: 0.0826090 seconds
60.069: [GC [PSYoungGen: 34894K->2320K(35840K)] 80945K->48452K(118784K), 0.0008570 secs] [Times: user=0.00 sys=0.00, real=0.00 secs] 
60.070: Total time for which application threads were stopped: 0.0009880 seconds, Stopping threads took: 0.0000600 seconds
60.150: Application time: 0.0803070 seconds
60.150: [GC [PSYoungGen: 35347K->2304K(35328K)] 81479K->48524K(118272K), 0.0010000 secs] [Times: user=0.01 sys=0.00, real=0.00 secs] 
60.151: Total time for which application threads were stopped: 0.0011430 seconds, Stopping threads took: 0.0000610 seconds
60.233: Application time: 0.0820060 seconds
60.233: [GC [PSYoungGen: 34737K->2272K(34816K)] 80957K->48540K(117760K), 0.0008750 secs] [Times: user=0.01 sys=0.00, real=0.01 secs] 
60.234: Total time for which application threads were stopped: 0.0010130 seconds, Stopping threads took: 0.0000670 seconds
60.315: Application time: 0.0808270 seconds
60.315: [GC [PSYoungGen: 34276K->1280K(33280K)] 80544K->47548K(116224K), 0.0006490 secs] [Times: user=0.01 sys=0.00, real=0.00 secs] 
60.316: Total time for which application threads were stopped: 0.0007880 seconds, Stopping threads took: 0.0000720 seconds
60.390: Application time: 0.0747820 seconds
60.391: [GC [PSYoungGen: 32668K->2784K(37376K)] 78936K->49100K(120320K), 0.0010980 secs] [Times: user=0.01 sys=0.00, real=0.00 secs] 
60.392: Total time for which application threads were stopped: 0.0013450 seconds, Stopping threads took: 0.0001720 seconds
60.475: Application time: 0.0834970 seconds
60.475: [GC [PSYoungGen: 36249K->2272K(37888K)] 82565K->48588K(120832K), 0.0009260 secs] [Times: user=0.00 sys=0.00, real=0.00 secs] 
60.476: Total time for which application threads were stopped: 0.0010700 seconds, Stopping threads took: 0.0000720 seconds
60.560: Application time: 0.0835410 seconds
60.560: [GC [PSYoungGen: 35892K->2304K(44544K)] 82208K->48620K(127488K), 0.0009210 secs] [Times: user=0.01 sys=0.00, real=0.00 secs] 
60.561: Total time for which application threads were stopped: 0.0011580 seconds, Stopping threads took: 0.0001580 seconds
60.663: Application time: 0.1015080 seconds
60.663: [GC [PSYoungGen: 43199K->2320K(42496K)] 89515K->48716K(125440K), 0.0008990 secs] [Times: user=0.00 sys=0.00, real=0.00 secs] 
60.664: Total time for which application threads were stopped: 0.0010330 seconds, Stopping threads took: 0.0000510 seconds
60.761: Application time: 0.0977670 seconds
60.762: [GC [PSYoungGen: 42030K->2272K(41472K)] 88426K->48784K(124416K), 0.0009480 secs] [Times: user=0.00 sys=0.00, real=0.00 secs] 
60.762: Total time for which application threads were stopped: 0.0011010 seconds, Stopping threads took: 0.0000840 seconds
60.857: Application time: 0.0949370 seconds
60.858: [GC [PSYoungGen: 40954K->2304K(40448K)] 87466K->48864K(123392K), 0.0009950 secs] [Times: user=0.01 sys=0.00, real=0.00 secs] 
60.859: Total time for which application threads were stopped: 0.0011230 seconds, Stopping threads took: 0.0000570 seconds
60.951: Application time: 0.0928790 seconds
60.952: [GC [PSYoungGen: 39958K->2304K(39424K)] 86518K->48920K(122368K), 0.0009720 secs] [Times: user=0.01 sys=0.00, real=0.00 secs] 
60.953: Total time for which application threads were stopped: 0.0011140 seconds, Stopping threads took: 0.0000690 seconds
61.045: Application time: 0.0922670 seconds
61.045: [GC [PSYoungGen: 38849K->2784K(39424K)] 85466K->49448K(122368K), 0.0011540 secs] [Times: user=0.01 sys=0.00, real=0.00 secs] 
61.046: Total time for which application threads were stopped: 0.0013070 seconds, Stopping threads took: 0.0000810 seconds
61.135: Application time: 0.0889860 seconds
61.135: [GC [PSYoungGen: 38822K->1760K(38912K)] 85486K->48424K(121856K), 0.0007710 secs] [Times: user=0.00 sys=0.00, real=0.00 secs] 
61.136: Total time for which application threads were stopped: 0.0009370 seconds, Stopping threads took: 0.0000980 seconds
61.227: Application time: 0.0907620 seconds
61.227: [GC [PSYoungGen: 37442K->224K(35840K)] 84106K->46888K(118784K), 0.0004390 secs] [Times: user=0.00 sys=0.00, real=0.00 secs] 
61.227: Total time for which application threads were stopped: 0.0005650 seconds, Stopping threads took: 0.0000630 seconds
61.312: Application time: 0.0850990 seconds
61.313: [GC [PSYoungGen: 35377K->2304K(37888K)] 82042K->49048K(120832K), 0.0010660 secs] [Times: user=0.00 sys=0.00, real=0.01 secs] 
61.314: Total time for which application threads were stopped: 0.0012140 seconds, Stopping threads took: 0.0000770 seconds
61.401: Application time: 0.0871660 seconds
61.401: [GC [PSYoungGen: 36956K->1280K(35840K)] 83701K->48112K(118784K), 0.0007050 secs] [Times: user=0.00 sys=0.00, real=0.01 secs] 
61.402: Total time for which application threads were stopped: 0.0008660 seconds, Stopping threads took: 0.0000970 seconds
61.484: Application time: 0.0820990 seconds
61.484: [GC [PSYoungGen: 35331K->2304K(36864K)] 82164K->49216K(119808K), 0.0009890 secs] [Times: user=0.01 sys=0.00, real=0.00 secs] 
61.485: Total time for which application threads were stopped: 0.0011290 seconds, Stopping threads took: 0.0000720 seconds
61.569: Application time: 0.0843850 seconds
61.569: [GC [PSYoungGen: 35759K->3328K(37376K)] 82671K->50280K(120320K), 0.0013240 secs] [Times: user=0.01 sys=0.00, real=0.00 secs] 
61.571: Total time for which application threads were stopped: 0.0014850 seconds, Stopping threads took: 0.0000810 seconds
61.659: Application time: 0.0881640 seconds
61.659: [GC [PSYoungGen: 36878K->704K(34304K)] 83830K->47656K(117248K), 0.0004850 secs] [Times: user=0.00 sys=0.00, real=0.00 secs] 
61.660: Total time for which application threads were stopped: 0.0006040 seconds, Stopping threads took: 0.0000590 seconds
61.740: Application time: 0.0805120 seconds
61.740: [GC [PSYoungGen: 33653K->672K(33792K)] 80606K->47688K(116736K), 0.0005540 secs] [Times: user=0.00 sys=0.00, real=0.00 secs] 
61.741: Total time for which application threads were stopped: 0.0007050 seconds, Stopping threads took: 0.0000820 seconds
61.821: Application time: 0.0802030 seconds
61.821: [GC [PSYoungGen: 33101K->1248K(33792K)] 80117K->48264K(116736K), 0.0005920 secs] [Times: user=0.00 sys=0.00, real=0.01 secs] 
61.822: Total time for which application threads were stopped: 0.0007200 seconds, Stopping threads took: 0.0000620 seconds
61.899: Application time: 0.0768770 seconds
61.899: [GC [PSYoungGen: 33313K->2240K(34304K)] 80330K->49256K(117248K), 0.0009700 secs] [Times: user=0.00 sys=0.00, real=0.00 secs] 
61.900: Total time for which application threads were stopped: 0.0011120 seconds, Stopping threads took: 0.0000690 seconds
61.979: Application time: 0.0793250 seconds
61.979: [GC [PSYoungGen: 33880K->1808K(33280K)] 80897K->48916K(116224K), 0.0007890 secs] [Times: user=0.01 sys=0.00, real=0.00 secs] 
61.980: Total time for which application threads were stopped: 0.0009130 seconds, Stopping threads took: 0.0000600 seconds
62.055: Application time: 0.0751770 seconds
62.055: [GC [PSYoungGen: 32767K->2240K(33280K)] 79875K->49448K(116224K), 0.0010310 secs] [Times: user=0.01 sys=0.00, real=0.00 secs] 
62.056: Total time for which application threads were stopped: 0.0011630 seconds, Stopping threads took: 0.0000580 seconds
62.133: Application time: 0.0767950 seconds
62.133: [GC [PSYoungGen: 32687K->2288K(34816K)] 79895K->49544K(117760K), 0.0009650 secs] [Times: user=0.01 sys=0.00, real=0.01 secs] 
62.134: Total time for which application threads were stopped: 0.0010990 seconds, Stopping threads took: 0.0000620 seconds
62.211: Application time: 0.0771460 seconds
62.211: [GC [PSYoungGen: 33177K->1728K(32768K)] 80433K->49032K(115712K), 0.0008150 secs] [Times: user=0.01 sys=0.00, real=0.00 secs] 
62.212: Total time for which application threads were stopped: 0.0009440 seconds, Stopping threads took: 0.0000620 seconds
62.286: Application time: 0.0741110 seconds
62.287: [GC [PSYoungGen: 32166K->2752K(33792K)] 79471K->50056K(116736K), 0.0011920 secs] [Times: user=0.01 sys=0.00, real=0.00 secs] 
62.288: Total time for which application threads were stopped: 0.0013510 seconds, Stopping threads took: 0.0000770 seconds
62.362: Application time: 0.0745600 seconds
62.362: [GC [PSYoungGen: 32604K->2784K(34304K)] 79909K->50136K(117248K), 0.0011070 secs] [Times: user=0.01 sys=0.00, real=0.00 secs] 
62.364: Total time for which application threads were stopped: 0.0012470 seconds, Stopping threads took: 0.0000670 seconds
62.440: Application time: 0.0762150 seconds
62.440: [GC [PSYoungGen: 32649K->1248K(40448K)] 80002K->48600K(123392K), 0.0005560 secs] [Times: user=0.00 sys=0.00, real=0.00 secs] 
62.441: Total time for which application threads were stopped: 0.0007200 seconds, Stopping threads took: 0.0001010 seconds
62.528: Application time: 0.0877910 seconds
62.529: [GC [PSYoungGen: 37358K->1248K(37376K)] 84711K->48600K(120320K), 0.0006240 secs] [Times: user=0.01 sys=0.00, real=0.00 secs] 
62.529: Total time for which application threads were stopped: 0.0008510 seconds, Stopping threads took: 0.0001640 seconds
62.616: Application time: 0.0872520 seconds
62.617: [GC [PSYoungGen: 36998K->2864K(39936K)] 84351K->50264K(122880K), 0.0010670 secs] [Times: user=0.01 sys=0.00, real=0.00 secs] 
62.618: Total time for which application threads were stopped: 0.0012270 seconds, Stopping threads took: 0.0000850 seconds
62.708: Application time: 0.0903940 seconds
62.708: [GC [PSYoungGen: 38546K->1280K(36864K)] 85947K->48801K(119808K), 0.0006930 secs] [Times: user=0.00 sys=0.00, real=0.00 secs] 
62.709: Total time for which application threads were stopped: 0.0008050 seconds, Stopping threads took: 0.0000510 seconds
62.793: Application time: 0.0843290 seconds
62.793: [GC [PSYoungGen: 36358K->2816K(39424K)] 83879K->50413K(122368K), 0.0011380 secs] [Times: user=0.01 sys=0.00, real=0.01 secs] 
62.795: Total time for which application threads were stopped: 0.0012970 seconds, Stopping threads took: 0.0000760 seconds
62.885: Application time: 0.0906860 seconds
62.885: [GC [PSYoungGen: 37830K->736K(35840K)] 85427K->48413K(118784K), 0.0005060 secs] [Times: user=0.00 sys=0.00, real=0.00 secs] 
62.886: Total time for which application threads were stopped: 0.0006220 seconds, Stopping threads took: 0.0000530 seconds
62.968: Application time: 0.0825910 seconds
62.969: [GC [PSYoungGen: 35302K->1792K(37888K)] 82979K->49469K(120832K), 0.0007700 secs] [Times: user=0.00 sys=0.00, real=0.00 secs] 
62.969: Total time for which application threads were stopped: 0.0008980 seconds, Stopping threads took: 0.0000590 seconds
63.053: Application time: 0.0833050 seconds
63.053: [GC [PSYoungGen: 35765K->2720K(36864K)] 83442K->50437K(119808K), 0.0011530 secs] [Times: user=0.01 sys=0.00, real=0.01 secs] 
63.054: Total time for which application threads were stopped: 0.0013110 seconds, Stopping threads took: 0.0000830 seconds
63.136: Application time: 0.0824750 seconds
63.137: [GC [PSYoungGen: 36181K->3328K(37376K)] 83898K->51045K(120320K), 0.0012610 secs] [Times: user=0.01 sys=0.00, real=0.00 secs] 
63.138: Total time for which application threads were stopped: 0.0013990 seconds, Stopping threads took: 0.0000600 seconds
63.219: Application time: 0.0813950 seconds
63.219: [GC [PSYoungGen: 36434K->3328K(37888K)] 84151K->51045K(120832K), 0.0012890 secs] [Times: user=0.00 sys=0.00, real=0.00 secs] 
63.221: Total time for which application threads were stopped: 0.0014360 seconds, Stopping threads took: 0.0000700 seconds
63.303: Application time: 0.0818540 seconds
63.303: [GC [PSYoungGen: 36514K->2816K(44544K)] 84231K->50613K(127488K), 0.0010340 secs] [Times: user=0.01 sys=0.00, real=0.00 secs] 
63.304: Total time for which application threads were stopped: 0.0011790 seconds, Stopping threads took: 0.0000640 seconds
63.403: Application time: 0.0996300 seconds
63.403: [GC [PSYoungGen: 42528K->2272K(44544K)] 90326K->50181K(127488K), 0.0009660 secs] [Times: user=0.01 sys=0.00, real=0.00 secs] 
63.404: Total time for which application threads were stopped: 0.0011030 seconds, Stopping threads took: 0.0000670 seconds
63.503: Application time: 0.0989230 seconds
63.503: [GC [PSYoungGen: 41986K->1216K(40448K)] 89895K->49181K(123392K), 0.0005960 secs] [Times: user=0.00 sys=0.00, real=0.00 secs] 
63.504: Total time for which application threads were stopped: 0.0007160 seconds, Stopping threads took: 0.0000600 seconds
63.599: Application time: 0.0948100 seconds
63.599: [GC [PSYoungGen: 39894K->2304K(40448K)] 87859K->50325K(123392K), 0.0009650 secs] [Times: user=0.01 sys=0.00, real=0.00 secs] 
63.600: Total time for which application threads were stopped: 0.0011130 seconds, Stopping threads took: 0.0000770 seconds
63.693: Application time: 0.0935020 seconds
63.694: [GC [PSYoungGen: 39878K->2752K(39936K)] 87899K->50805K(122880K), 0.0009870 secs] [Times: user=0.00 sys=0.00, real=0.00 secs] 
63.695: Total time for which application threads were stopped: 0.0011380 seconds, Stopping threads took: 0.0000740 seconds
63.787: Application time: 0.0922850 seconds
63.787: [GC [PSYoungGen: 39302K->2272K(38912K)] 87355K->50325K(121856K), 0.0010180 secs] [Times: user=0.00 sys=0.00, real=0.00 secs] 
63.788: Total time for which application threads were stopped: 0.0011580 seconds, Stopping threads took: 0.0000700 seconds
63.878: Application time: 0.0901370 seconds
63.878: [GC [PSYoungGen: 38386K->1760K(37888K)] 86439K->49813K(120832K), 0.0007250 secs] [Times: user=0.00 sys=0.00, real=0.00 secs] 
63.879: Total time for which application threads were stopped: 0.0008730 seconds, Stopping threads took: 0.0000720 seconds
63.967: Application time: 0.0882300 seconds
63.967: [GC [PSYoungGen: 37592K->1792K(37376K)] 85646K->49893K(120320K), 0.0009320 secs] [Times: user=0.00 sys=0.00, real=0.00 secs] 
63.968: Total time for which application threads were stopped: 0.0010790 seconds, Stopping threads took: 0.0000750 seconds
64.055: Application time: 0.0865420 seconds
64.055: [GC [PSYoungGen: 36874K->2304K(37376K)] 84975K->50553K(120320K), 0.0010060 secs] [Times: user=0.01 sys=0.00, real=0.00 secs] 
64.056: Total time for which application threads were stopped: 0.0011460 seconds, Stopping threads took: 0.0000660 seconds
64.142: Application time: 0.0859470 seconds
64.142: [GC [PSYoungGen: 36872K->2784K(41472K)] 85121K->51081K(124416K), 0.0011470 secs] [Times: user=0.01 sys=0.00, real=0.00 secs] 
64.143: Total time for which application threads were stopped: 0.0013140 seconds, Stopping threads took: 0.0000870 seconds
64.236: Application time: 0.0926860 seconds
64.236: [GC [PSYoungGen: 39848K->2272K(39424K)] 88145K->50625K(122368K), 0.0008820 secs] [Times: user=0.00 sys=0.00, real=0.00 secs] 
64.237: Total time for which application threads were stopped: 0.0010190 seconds, Stopping threads took: 0.0000670 seconds
64.329: Application time: 0.0917770 seconds
64.329: [GC [PSYoungGen: 38898K->2304K(38912K)] 87251K->50657K(121856K), 0.0009480 secs] [Times: user=0.00 sys=0.00, real=0.00 secs] 
64.330: Total time for which application threads were stopped: 0.0010940 seconds, Stopping threads took: 0.0000740 seconds
64.420: Application time: 0.0905410 seconds
64.421: [GC [PSYoungGen: 38340K->1696K(37888K)] 86693K->50113K(120832K), 0.0008110 secs] [Times: user=0.01 sys=0.00, real=0.00 secs] 
64.421: Total time for which application threads were stopped: 0.0009540 seconds, Stopping threads took: 0.0000600 seconds
64.509: Application time: 0.0873540 seconds
64.509: [GC [PSYoungGen: 37294K->1792K(37376K)] 85711K->50209K(120320K), 0.0008110 secs] [Times: user=0.00 sys=0.00, real=0.00 secs] 
64.510: Total time for which application threads were stopped: 0.0009990 seconds, Stopping threads took: 0.0001220 seconds
64.597: Application time: 0.0875690 seconds
64.597: [GC [PSYoungGen: 37028K->2816K(37888K)] 85445K->51273K(120832K), 0.0012220 secs] [Times: user=0.01 sys=0.00, real=0.00 secs] 
64.599: Total time for which application threads were stopped: 0.0013750 seconds, Stopping threads took: 0.0000760 seconds
64.686: Application time: 0.0876840 seconds
64.687: [GC [PSYoungGen: 37392K->1248K(35840K)] 85850K->49841K(118784K), 0.0007810 secs] [Times: user=0.01 sys=0.00, real=0.00 secs] 
64.687: Total time for which application threads were stopped: 0.0009260 seconds, Stopping threads took: 0.0000800 seconds
64.773: Application time: 0.0852280 seconds
64.773: [GC [PSYoungGen: 35305K->736K(36864K)] 83899K->49377K(119808K), 0.0004910 secs] [Times: user=0.00 sys=0.00, real=0.00 secs] 
64.773: Total time for which application threads were stopped: 0.0006830 seconds, Stopping threads took: 0.0001280 seconds
64.856: Application time: 0.0828180 seconds
64.856: [GC [PSYoungGen: 34275K->1216K(34816K)] 82917K->49913K(117760K), 0.0006220 secs] [Times: user=0.01 sys=0.00, real=0.00 secs] 
64.857: Total time for which application threads were stopped: 0.0007560 seconds, Stopping threads took: 0.0000690 seconds
64.939: Application time: 0.0822750 seconds
64.939: [GC [PSYoungGen: 34243K->1216K(35328K)] 82941K->49977K(118272K), 0.0007300 secs] [Times: user=0.01 sys=0.00, real=0.00 secs] 
64.941: Total time for which application threads were stopped: 0.0017280 seconds, Stopping threads took: 0.0000640 seconds
65.021: Application time: 0.0797960 seconds
65.021: [GC [PSYoungGen: 33645K->1760K(34304K)] 82407K->50577K(117248K), 0.0008220 secs] [Times: user=0.01 sys=0.00, real=0.01 secs] 
65.022: Total time for which application threads were stopped: 0.0010270 seconds, Stopping threads took: 0.0001350 seconds
65.101: Application time: 0.0790320 seconds
65.101: [GC [PSYoungGen: 33668K->2816K(35328K)] 82486K->51633K(118272K), 0.0010960 secs] [Times: user=0.01 sys=0.00, real=0.01 secs] 
65.102: Total time for which application threads were stopped: 0.0012480 seconds, Stopping threads took: 0.0000750 seconds
65.182: Application time: 0.0795520 seconds
65.182: [GC [PSYoungGen: 34308K->1216K(32768K)] 83125K->50033K(115712K), 0.0007060 secs] [Times: user=0.01 sys=0.00, real=0.00 secs] 
65.182: Total time for which application threads were stopped: 0.0009160 seconds, Stopping threads took: 0.0001470 seconds
65.258: Application time: 0.0758440 seconds
65.258: [GC [PSYoungGen: 32405K->2384K(33792K)] 81223K->51258K(116736K), 0.0010380 secs] [Times: user=0.01 sys=0.00, real=0.00 secs] 
65.260: Total time for which application threads were stopped: 0.0012450 seconds, Stopping threads took: 0.0001360 seconds
65.337: Application time: 0.0770400 seconds
65.337: [GC [PSYoungGen: 32761K->1248K(31744K)] 81635K->50270K(114688K), 0.0006780 secs] [Times: user=0.00 sys=0.00, real=0.00 secs] 
65.337: Total time for which application threads were stopped: 0.0009090 seconds, Stopping threads took: 0.0001660 seconds
65.410: Application time: 0.0727160 seconds
65.410: [GC [PSYoungGen: 31174K->1792K(32768K)] 80196K->50814K(115712K), 0.0007900 secs] [Times: user=0.01 sys=0.00, real=0.00 secs] 
65.411: Total time for which application threads were stopped: 0.0009350 seconds, Stopping threads took: 0.0000770 seconds
65.487: Application time: 0.0755640 seconds
65.487: [GC [PSYoungGen: 31202K->2304K(31744K)] 80224K->51374K(114688K), 0.0009660 secs] [Times: user=0.00 sys=0.00, real=0.00 secs] 
65.488: Total time for which application threads were stopped: 0.0011230 seconds, Stopping threads took: 0.0000760 seconds
65.558: Application time: 0.0704250 seconds
65.558: [GC [PSYoungGen: 31124K->2272K(32768K)] 80194K->51398K(115712K), 0.0009290 secs] [Times: user=0.00 sys=0.00, real=0.00 secs] 
65.559: Total time for which application threads were stopped: 0.0010570 seconds, Stopping threads took: 0.0000560 seconds
65.632: Application time: 0.0727900 seconds
65.632: [GC [PSYoungGen: 31174K->1760K(32768K)] 80300K->50886K(115712K), 0.0008260 secs] [Times: user=0.01 sys=0.00, real=0.00 secs] 
65.633: Total time for which application threads were stopped: 0.0009600 seconds, Stopping threads took: 0.0000690 seconds
65.704: Application time: 0.0714170 seconds
65.705: [GC [PSYoungGen: 30580K->1760K(38912K)] 79706K->50950K(121856K), 0.0006880 secs] [Times: user=0.00 sys=0.00, real=0.00 secs] 
65.705: Total time for which application threads were stopped: 0.0008290 seconds, Stopping threads took: 0.0000740 seconds
65.793: Application time: 0.0874670 seconds
65.793: [GC [PSYoungGen: 36765K->1760K(36864K)] 85955K->50950K(119808K), 0.0007420 secs] [Times: user=0.00 sys=0.00, real=0.01 secs] 
65.794: Total time for which application threads were stopped: 0.0008750 seconds, Stopping threads took: 0.0000660 seconds
65.879: Application time: 0.0850500 seconds
65.879: [GC [PSYoungGen: 36325K->2784K(37376K)] 85516K->51974K(120320K), 0.0010670 secs] [Times: user=0.01 sys=0.00, real=0.00 secs] 
65.880: Total time for which application threads were stopped: 0.0012100 seconds, Stopping threads took: 0.0000670 seconds
65.967: Application time: 0.0866080 seconds
65.967: [GC [PSYoungGen: 37078K->1840K(35840K)] 86268K->51078K(118784K), 0.0008220 secs] [Times: user=0.01 sys=0.00, real=0.00 secs] 
65.968: Total time for which application threads were stopped: 0.0009780 seconds, Stopping threads took: 0.0000880 seconds
66.054: Application time: 0.0863180 seconds
66.054: [GC [PSYoungGen: 35386K->768K(36352K)] 84624K->50158K(119296K), 0.0005650 secs] [Times: user=0.00 sys=0.00, real=0.00 secs] 
66.055: Total time for which application threads were stopped: 0.0006880 seconds, Stopping threads took: 0.0000530 seconds
66.137: Application time: 0.0820410 seconds
66.137: [GC [PSYoungGen: 33795K->736K(33792K)] 83185K->50182K(116736K), 0.0004940 secs] [Times: user=0.00 sys=0.00, real=0.00 secs] 
66.137: Total time for which application threads were stopped: 0.0006180 seconds, Stopping threads took: 0.0000620 seconds
66.219: Application time: 0.0814810 seconds
66.219: [GC [PSYoungGen: 33173K->160K(35328K)] 82619K->49662K(118272K), 0.0004770 secs] [Times: user=0.00 sys=0.00, real=0.00 secs] 
66.219: Total time for which application threads were stopped: 0.0005920 seconds, Stopping threads took: 0.0000560 seconds
66.295: Application time: 0.0756230 seconds
66.295: [GC [PSYoungGen: 32134K->2784K(35328K)] 81637K->52286K(118272K), 0.0011100 secs] [Times: user=0.00 sys=0.00, real=0.00 secs] 
66.296: Total time for which application threads were stopped: 0.0012590 seconds, Stopping threads took: 0.0000720 seconds
66.376: Application time: 0.0795250 seconds
66.376: [GC [PSYoungGen: 34193K->1760K(33792K)] 83695K->51326K(116736K), 0.0008130 secs] [Times: user=0.00 sys=0.00, real=0.00 secs] 
66.377: Total time for which application threads were stopped: 0.0009520 seconds, Stopping threads took: 0.0000690 seconds
66.453: Application time: 0.0763160 seconds
66.453: [GC [PSYoungGen: 32640K->2272K(33280K)] 82207K->51838K(116224K), 0.0009700 secs] [Times: user=0.01 sys=0.00, real=0.01 secs] 
66.454: Total time for which application threads were stopped: 0.0011040 seconds, Stopping threads took: 0.0000640 seconds
66.530: Application time: 0.0762740 seconds
66.530: [GC [PSYoungGen: 32719K->2304K(34304K)] 82285K->51870K(117248K), 0.0009460 secs] [Times: user=0.01 sys=0.00, real=0.00 secs] 
66.531: Total time for which application threads were stopped: 0.0010830 seconds, Stopping threads took: 0.0000670 seconds
66.608: Application time: 0.0762610 seconds
66.608: [GC [PSYoungGen: 32990K->1856K(34304K)] 82556K->51470K(117248K), 0.0007980 secs] [Times: user=0.00 sys=0.00, real=0.00 secs] 
66.609: Total time for which application threads were stopped: 0.0009360 seconds, Stopping threads took: 0.0000650 seconds
66.684: Application time: 0.0753200 seconds
66.684: [GC [PSYoungGen: 32216K->2784K(39936K)] 81830K->52542K(122880K), 0.0010110 secs] [Times: user=0.01 sys=0.00, real=0.00 secs] 
66.685: Total time for which application threads were stopped: 0.0011580 seconds, Stopping threads took: 0.0000720 seconds
66.776: Application time: 0.0909770 seconds
66.776: [GC [PSYoungGen: 38976K->2272K(40448K)] 88734K->52030K(123392K), 0.0009460 secs] [Times: user=0.00 sys=0.00, real=0.00 secs] 
66.777: Total time for which application threads were stopped: 0.0010800 seconds, Stopping threads took: 0.0000630 seconds
66.868: Application time: 0.0910270 seconds
66.868: [GC [PSYoungGen: 38310K->1248K(37376K)] 88068K->51110K(120320K), 0.0005840 secs] [Times: user=0.00 sys=0.00, real=0.00 secs] 
66.869: Total time for which application threads were stopped: 0.0007160 seconds, Stopping threads took: 0.0000690 seconds
66.955: Application time: 0.0860020 seconds
66.955: [GC [PSYoungGen: 36842K->1792K(37376K)] 86704K->51654K(120320K), 0.0007990 secs] [Times: user=0.01 sys=0.00, real=0.00 secs] 
66.956: Total time for which application threads were stopped: 0.0010020 seconds, Stopping threads took: 0.0001360 seconds
67.044: Application time: 0.0878760 seconds
67.044: [GC [PSYoungGen: 36799K->1760K(36864K)] 86662K->51678K(119808K), 0.0007270 secs] [Times: user=0.01 sys=0.00, real=0.00 secs] 
67.045: Total time for which application threads were stopped: 0.0008620 seconds, Stopping threads took: 0.0000640 seconds
67.130: Application time: 0.0857970 seconds
67.131: [GC [PSYoungGen: 36253K->1248K(35840K)] 86172K->51166K(118784K), 0.0006430 secs] [Times: user=0.01 sys=0.00, real=0.00 secs] 
67.131: Total time for which application threads were stopped: 0.0007870 seconds, Stopping threads took: 0.0000710 seconds
67.215: Application time: 0.0835780 seconds
67.215: [GC [PSYoungGen: 35378K->2304K(36352K)] 85297K->52222K(119296K), 0.0010500 secs] [Times: user=0.00 sys=0.00, real=0.00 secs] 
67.216: Total time for which application threads were stopped: 0.0011880 seconds, Stopping threads took: 0.0000620 seconds
67.299: Application time: 0.0831740 seconds
67.299: [GC [PSYoungGen: 36000K->2864K(36352K)] 85919K->52846K(119296K), 0.0012290 secs] [Times: user=0.01 sys=0.00, real=0.00 secs] 
67.301: Total time for which application threads were stopped: 0.0013850 seconds, Stopping threads took: 0.0000810 seconds
67.384: Application time: 0.0829860 seconds
67.384: [GC [PSYoungGen: 35892K->1792K(38400K)] 85874K->52914K(121344K), 0.0011070 secs] [Times: user=0.01 sys=0.00, real=0.00 secs] 
67.385: Total time for which application threads were stopped: 0.0012370 seconds, Stopping threads took: 0.0000570 seconds
67.475: Application time: 0.0904210 seconds
67.475: [GC [PSYoungGen: 37906K->2304K(39936K)] 89029K->53474K(122880K), 0.0009600 secs] [Times: user=0.01 sys=0.00, real=0.00 secs] 
67.476: Total time for which application threads were stopped: 0.0011360 seconds, Stopping threads took: 0.0001050 seconds
67.567: Application time: 0.0908400 seconds
67.567: [GC [PSYoungGen: 38337K->2272K(38400K)] 89508K->53491K(121344K), 0.0008220 secs] [Times: user=0.00 sys=0.00, real=0.00 secs] 
67.568: Total time for which application threads were stopped: 0.0009700 seconds, Stopping threads took: 0.0000700 seconds
67.659: Application time: 0.0904050 seconds
67.659: [GC [PSYoungGen: 37876K->736K(36352K)] 89095K->51954K(119296K), 0.0005930 secs] [Times: user=0.00 sys=0.00, real=0.00 secs] 
67.659: Total time for which application threads were stopped: 0.0007390 seconds, Stopping threads took: 0.0000780 seconds
67.743: Application time: 0.0836930 seconds
67.743: [GC [PSYoungGen: 35729K->3328K(38400K)] 86948K->54587K(121344K), 0.0011080 secs] [Times: user=0.01 sys=0.00, real=0.00 secs] 
67.744: Total time for which application threads were stopped: 0.0012540 seconds, Stopping threads took: 0.0000710 seconds
67.834: Application time: 0.0894130 seconds
67.834: [GC [PSYoungGen: 37906K->1216K(35840K)] 89165K->52475K(118784K), 0.0007600 secs] [Times: user=0.00 sys=0.00, real=0.00 secs] 
67.835: Total time for which application threads were stopped: 0.0008850 seconds, Stopping threads took: 0.0000610 seconds
67.919: Application time: 0.0846580 seconds
67.919: [GC [PSYoungGen: 35424K->2336K(36352K)] 86683K->53643K(119296K), 0.0009170 secs] [Times: user=0.01 sys=0.00, real=0.00 secs] 
67.920: Total time for which application threads were stopped: 0.0010400 seconds, Stopping threads took: 0.0000540 seconds
68.003: Application time: 0.0830200 seconds
68.003: [GC [PSYoungGen: 35875K->2816K(39936K)] 87182K->54231K(122880K), 0.0011690 secs] [Times: user=0.01 sys=0.00, real=0.00 secs] 
68.005: Total time for which application threads were stopped: 0.0013080 seconds, Stopping threads took: 0.0000660 seconds
68.097: Application time: 0.0926290 seconds
68.097: [GC [PSYoungGen: 38418K->1280K(36864K)] 89833K->52759K(119808K), 0.0006010 secs] [Times: user=0.01 sys=0.00, real=0.00 secs] 
68.098: Total time for which application threads were stopped: 0.0007650 seconds, Stopping threads took: 0.0001000 seconds
68.183: Application time: 0.0854420 seconds
68.184: [GC [PSYoungGen: 36361K->2304K(37376K)] 87840K->53839K(120320K), 0.0010030 secs] [Times: user=0.01 sys=0.00, real=0.00 secs] 
68.185: Total time for which application threads were stopped: 0.0012230 seconds, Stopping threads took: 0.0001320 seconds
68.271: Application time: 0.0863720 seconds
68.271: [GC [PSYoungGen: 36874K->1760K(36352K)] 88409K->53351K(119296K), 0.0008500 secs] [Times: user=0.00 sys=0.00, real=0.00 secs] 
68.272: Total time for which application threads were stopped: 0.0010550 seconds, Stopping threads took: 0.0001380 seconds
68.356: Application time: 0.0835150 seconds
68.356: [GC [PSYoungGen: 35735K->2784K(39424K)] 87326K->54423K(122368K), 0.0011330 secs] [Times: user=0.01 sys=0.00, real=0.00 secs] 
68.357: Total time for which application threads were stopped: 0.0012810 seconds, Stopping threads took: 0.0000760 seconds
68.446: Application time: 0.0890260 seconds
68.446: [GC [PSYoungGen: 37796K->1184K(36352K)] 89435K->52823K(119296K), 0.0005820 secs] [Times: user=0.00 sys=0.00, real=0.00 secs] 
68.447: Total time for which application threads were stopped: 0.0007280 seconds, Stopping threads took: 0.0000830 seconds
68.531: Application time: 0.0843320 seconds
68.531: [GC [PSYoungGen: 35825K->2816K(43008K)] 87465K->54455K(125952K), 0.0011800 secs] [Times: user=0.00 sys=0.00, real=0.00 secs] 
68.532: Total time for which application threads were stopped: 0.0013120 seconds, Stopping threads took: 0.0000600 seconds
68.632: Application time: 0.0992160 seconds
68.632: [GC [PSYoungGen: 41665K->272K(38400K)] 93304K->52007K(121344K), 0.0004450 secs] [Times: user=0.00 sys=0.00, real=0.00 secs] 
68.632: Total time for which application threads were stopped: 0.0005590 seconds, Stopping threads took: 0.0000530 seconds
68.724: Application time: 0.0918730 seconds
68.724: [GC [PSYoungGen: 37924K->768K(40960K)] 89659K->52631K(123904K), 0.0005110 secs] [Times: user=0.01 sys=0.00, real=0.00 secs] 
68.725: Total time for which application threads were stopped: 0.0006360 seconds, Stopping threads took: 0.0000560 seconds
68.815: Application time: 0.0906980 seconds
68.815: [GC [PSYoungGen: 37391K->1248K(38400K)] 89255K->53175K(121344K), 0.0006810 secs] [Times: user=0.01 sys=0.00, real=0.00 secs] 
68.816: Total time for which application threads were stopped: 0.0007980 seconds, Stopping threads took: 0.0000530 seconds
68.904: Application time: 0.0883430 seconds
68.905: [GC [PSYoungGen: 37279K->1728K(37888K)] 89207K->53711K(120832K), 0.0008510 secs] [Times: user=0.00 sys=0.00, real=0.00 secs] 
68.905: Total time for which application threads were stopped: 0.0010470 seconds, Stopping threads took: 0.0001290 seconds
68.994: Application time: 0.0881780 seconds
68.994: [GC [PSYoungGen: 37324K->2272K(38912K)] 89307K->54255K(121856K), 0.0009550 secs] [Times: user=0.00 sys=0.00, real=0.00 secs] 
68.995: Total time for which application threads were stopped: 0.0011530 seconds, Stopping threads took: 0.0001260 seconds
69.083: Application time: 0.0881240 seconds
69.083: [GC [PSYoungGen: 37281K->1248K(36352K)] 89265K->53295K(119296K), 0.0006480 secs] [Times: user=0.00 sys=0.00, real=0.00 secs] 
69.084: Total time for which application threads were stopped: 0.0007570 seconds, Stopping threads took: 0.0000510 seconds
69.168: Application time: 0.0847740 seconds
69.169: [GC [PSYoungGen: 35814K->2272K(37376K)] 87861K->54319K(120320K), 0.0009660 secs] [Times: user=0.00 sys=0.00, real=0.00 secs] 
69.170: Total time for which application threads were stopped: 0.0011600 seconds, Stopping threads took: 0.0001210 seconds
69.253: Application time: 0.0836590 seconds
69.253: [GC [PSYoungGen: 36484K->2272K(36352K)] 88532K->54367K(119296K), 0.0010450 secs] [Times: user=0.00 sys=0.01, real=0.01 secs] 
69.255: Total time for which application threads were stopped: 0.0012000 seconds, Stopping threads took: 0.0000720 seconds
69.339: Application time: 0.0844290 seconds
69.339: [GC [PSYoungGen: 35818K->1248K(36352K)] 87913K->53467K(119296K), 0.0006790 secs] [Times: user=0.00 sys=0.00, real=0.00 secs] 
69.340: Total time for which application threads were stopped: 0.0008000 seconds, Stopping threads took: 0.0000570 seconds
69.421: Application time: 0.0815370 seconds
69.421: [GC [PSYoungGen: 34275K->1216K(34304K)] 86495K->53507K(117248K), 0.0007150 secs] [Times: user=0.00 sys=0.00, real=0.01 secs] 
69.422: Total time for which application threads were stopped: 0.0008450 seconds, Stopping threads took: 0.0000630 seconds
69.503: Application time: 0.0809810 seconds
69.503: [GC [PSYoungGen: 33731K->736K(35328K)] 86023K->53099K(118272K), 0.0005190 secs] [Times: user=0.00 sys=0.00, real=0.00 secs] 
69.504: Total time for which application threads were stopped: 0.0006420 seconds, Stopping threads took: 0.0000620 seconds
69.581: Application time: 0.0769140 seconds
69.581: [GC [PSYoungGen: 32636K->2784K(35328K)] 85000K->55195K(118272K), 0.0011590 secs] [Times: user=0.00 sys=0.00, real=0.01 secs] 
69.582: Total time for which application threads were stopped: 0.0013790 seconds, Stopping threads took: 0.0001440 seconds
69.663: Application time: 0.0812880 seconds
69.663: [GC [PSYoungGen: 34271K->1792K(33792K)] 86683K->54203K(116736K), 0.0008220 secs] [Times: user=0.01 sys=0.00, real=0.00 secs] 
69.664: Total time for which application threads were stopped: 0.0009580 seconds, Stopping threads took: 0.0000690 seconds
69.741: Application time: 0.0762220 seconds
69.741: [GC [PSYoungGen: 32672K->2272K(33280K)] 85084K->54731K(116224K), 0.0009900 secs] [Times: user=0.00 sys=0.00, real=0.01 secs] 
69.742: Total time for which application threads were stopped: 0.0011340 seconds, Stopping threads took: 0.0000720 seconds
69.817: Application time: 0.0756260 seconds
69.817: [GC [PSYoungGen: 32727K->1280K(33280K)] 85187K->53739K(116224K), 0.0006310 secs] [Times: user=0.00 sys=0.00, real=0.00 secs] 
69.818: Total time for which application threads were stopped: 0.0008290 seconds, Stopping threads took: 0.0001240 seconds
69.894: Application time: 0.0755770 seconds
69.894: [GC [PSYoungGen: 31206K->1792K(31744K)] 83666K->54315K(114688K), 0.0008170 secs] [Times: user=0.00 sys=0.00, real=0.00 secs] 
69.895: Total time for which application threads were stopped: 0.0009530 seconds, Stopping threads took: 0.0000580 seconds
69.967: Application time: 0.0728370 seconds
69.968: [GC [PSYoungGen: 31365K->1808K(32256K)] 83889K->54379K(115200K), 0.0008590 secs] [Times: user=0.01 sys=0.00, real=0.00 secs] 
69.969: Total time for which application threads were stopped: 0.0017100 seconds, Stopping threads took: 0.0000690 seconds
70.042: Application time: 0.0724280 seconds
70.042: [GC [PSYoungGen: 30706K->1792K(30720K)] 83278K->54483K(113664K), 0.0008900 secs] [Times: user=0.01 sys=0.00, real=0.00 secs] 
70.043: Total time for which application threads were stopped: 0.0010520 seconds, Stopping threads took: 0.0000920 seconds
70.113: Application time: 0.0708070 seconds
70.114: [GC [PSYoungGen: 30176K->1792K(31744K)] 82868K->54532K(114688K), 0.0008370 secs] [Times: user=0.00 sys=0.00, real=0.00 secs] 
70.114: Total time for which application threads were stopped: 0.0009640 seconds, Stopping threads took: 0.0000560 seconds
70.184: Application time: 0.0692340 seconds
70.184: [GC [PSYoungGen: 30098K->1760K(31744K)] 82838K->54556K(114688K), 0.0007760 secs] [Times: user=0.01 sys=0.00, real=0.00 secs] 
70.185: Total time for which application threads were stopped: 0.0009040 seconds, Stopping threads took: 0.0000590 seconds
70.254: Application time: 0.0698380 seconds
70.255: [GC [PSYoungGen: 30062K->2816K(37376K)] 82858K->55612K(120320K), 0.0009730 secs] [Times: user=0.00 sys=0.00, real=0.00 secs] 
70.256: Total time for which application threads were stopped: 0.0011120 seconds, Stopping threads took: 0.0000610 seconds
70.340: Application time: 0.0845750 seconds
70.340: [GC [PSYoungGen: 36870K->3328K(37888K)] 89666K->56124K(120832K), 0.0011650 secs] [Times: user=0.01 sys=0.00, real=0.00 secs] 
70.341: Total time for which application threads were stopped: 0.0013270 seconds, Stopping threads took: 0.0000700 seconds
70.429: Application time: 0.0874470 seconds
70.429: [GC [PSYoungGen: 37313K->1248K(45056K)] 90109K->54100K(128000K), 0.0006060 secs] [Times: user=0.00 sys=0.00, real=0.00 secs] 
70.430: Total time for which application threads were stopped: 0.0007320 seconds, Stopping threads took: 0.0000590 seconds
70.531: Application time: 0.1014800 seconds
70.531: [GC [PSYoungGen: 42578K->1280K(41984K)] 95430K->54132K(124928K), 0.0005900 secs] [Times: user=0.01 sys=0.00, real=0.00 secs] 
70.532: Total time for which application threads were stopped: 0.0007080 seconds, Stopping threads took: 0.0000530 seconds
70.630: Application time: 0.0979760 seconds
70.630: [GC [PSYoungGen: 41659K->1808K(41984K)] 94511K->54740K(124928K), 0.0007970 secs] [Times: user=0.00 sys=0.00, real=0.00 secs] 
70.631: Total time for which application threads were stopped: 0.0010030 seconds, Stopping threads took: 0.0001400 seconds
70.728: Application time: 0.0970030 seconds
70.728: [GC [PSYoungGen: 41002K->1792K(40448K)] 93934K->54848K(123392K), 0.0008590 secs] [Times: user=0.00 sys=0.00, real=0.00 secs] 
70.729: Total time for which application threads were stopped: 0.0010240 seconds, Stopping threads took: 0.0000980 seconds
70.825: Application time: 0.0958010 seconds
70.825: [GC [PSYoungGen: 39966K->672K(39936K)] 93022K->53776K(122880K), 0.0005550 secs] [Times: user=0.00 sys=0.00, real=0.00 secs] 
70.825: Total time for which application threads were stopped: 0.0006790 seconds, Stopping threads took: 0.0000630 seconds
70.917: Application time: 0.0919340 seconds
70.917: [GC [PSYoungGen: 37731K->1248K(38400K)] 90836K->54416K(121344K), 0.0006500 secs] [Times: user=0.00 sys=0.00, real=0.00 secs] 
70.918: Total time for which application threads were stopped: 0.0007940 seconds, Stopping threads took: 0.0000680 seconds
71.012: Application time: 0.0936980 seconds
71.012: [GC [PSYoungGen: 37878K->256K(39424K)] 91046K->53424K(122368K), 0.0004080 secs] [Times: user=0.00 sys=0.00, real=0.00 secs] 
71.012: Total time for which application threads were stopped: 0.0005710 seconds, Stopping threads took: 0.0001030 seconds
71.097: Application time: 0.0849970 seconds
71.097: [GC [PSYoungGen: 36277K->3264K(39424K)] 89445K->56480K(122368K), 0.0013530 secs] [Times: user=0.01 sys=0.00, real=0.00 secs] 
71.099: Total time for which application threads were stopped: 0.0015170 seconds, Stopping threads took: 0.0000780 seconds
71.188: Application time: 0.0887380 seconds
71.188: [GC [PSYoungGen: 38944K->2304K(38912K)] 92160K->55520K(121856K), 0.0009590 secs] [Times: user=0.00 sys=0.00, real=0.00 secs] 
71.189: Total time for which application threads were stopped: 0.0010960 seconds, Stopping threads took: 0.0000660 seconds
71.279: Application time: 0.0901160 seconds
71.279: [GC [PSYoungGen: 37470K->1280K(36352K)] 90687K->54584K(119296K), 0.0006850 secs] [Times: user=0.00 sys=0.00, real=0.00 secs] 
71.280: Total time for which application threads were stopped: 0.0009150 seconds, Stopping threads took: 0.0001650 seconds
71.364: Application time: 0.0844860 seconds
71.364: [GC [PSYoungGen: 35923K->2336K(37888K)] 89228K->55720K(120832K), 0.0009810 secs] [Times: user=0.00 sys=0.00, real=0.00 secs] 
71.365: Total time for which application threads were stopped: 0.0011240 seconds, Stopping threads took: 0.0000710 seconds
71.449: Application time: 0.0841520 seconds
71.450: [GC [PSYoungGen: 36390K->2304K(36352K)] 89774K->55776K(119296K), 0.0010020 secs] [Times: user=0.01 sys=0.00, real=0.00 secs] 
71.451: Total time for which application threads were stopped: 0.0011380 seconds, Stopping threads took: 0.0000540 seconds
71.534: Application time: 0.0829230 seconds
71.534: [GC [PSYoungGen: 35765K->2784K(37888K)] 89238K->56296K(120832K), 0.0011360 secs] [Times: user=0.01 sys=0.00, real=0.00 secs] 
71.535: Total time for which application threads were stopped: 0.0012790 seconds, Stopping threads took: 0.0000700 seconds
71.618: Application time: 0.0827880 seconds
71.618: [GC [PSYoungGen: 36325K->2784K(37888K)] 89838K->56296K(120832K), 0.0010830 secs] [Times: user=0.00 sys=0.00, real=0.00 secs] 
71.619: Total time for which application threads were stopped: 0.0012220 seconds, Stopping threads took: 0.0000670 seconds
71.701: Application time: 0.0819420 seconds
71.701: [GC [PSYoungGen: 36245K->3264K(44544K)] 89758K->56816K(127488K), 0.0012060 secs] [Times: user=0.00 sys=0.00, real=0.01 secs] 
71.702: Total time for which application threads were stopped: 0.0013490 seconds, Stopping threads took: 0.0000620 seconds
71.802: Application time: 0.1000460 seconds
71.802: [GC [PSYoungGen: 43492K->2304K(45056K)] 97045K->55856K(128000K), 0.0009570 secs] [Times: user=0.01 sys=0.00, real=0.00 secs] 
71.803: Total time for which application threads were stopped: 0.0011010 seconds, Stopping threads took: 0.0000730 seconds
71.904: Application time: 0.1005400 seconds
71.904: [GC [PSYoungGen: 42687K->1792K(41472K)] 96240K->55400K(124416K), 0.0007130 secs] [Times: user=0.01 sys=0.00, real=0.00 secs] 
71.905: Total time for which application threads were stopped: 0.0008410 seconds, Stopping threads took: 0.0000580 seconds
72.002: Application time: 0.0976780 seconds
72.002: [GC [PSYoungGen: 40990K->1248K(39936K)] 94599K->54972K(122880K), 0.0007750 secs] [Times: user=0.00 sys=0.00, real=0.00 secs] 
72.003: Total time for which application threads were stopped: 0.0009120 seconds, Stopping threads took: 0.0000570 seconds
72.097: Application time: 0.0935060 seconds
72.097: [GC [PSYoungGen: 39412K->2240K(39936K)] 93137K->56004K(122880K), 0.0008740 secs] [Times: user=0.00 sys=0.01, real=0.00 secs] 
72.098: Total time for which application threads were stopped: 0.0010290 seconds, Stopping threads took: 0.0000810 seconds
72.194: Application time: 0.0961850 seconds
72.194: [GC [PSYoungGen: 39386K->736K(37888K)] 93151K->54556K(120832K), 0.0006000 secs] [Times: user=0.00 sys=0.00, real=0.00 secs] 
72.195: Total time for which application threads were stopped: 0.0007460 seconds, Stopping threads took: 0.0000820 seconds
72.285: Application time: 0.0902990 seconds
72.285: [GC [PSYoungGen: 37362K->256K(36864K)] 91182K->54148K(119808K), 0.0005200 secs] [Times: user=0.00 sys=0.00, real=0.00 secs] 
72.286: Total time for which application threads were stopped: 0.0006840 seconds, Stopping threads took: 0.0001020 seconds
72.372: Application time: 0.0867150 seconds
72.373: [GC [PSYoungGen: 36279K->3296K(39424K)] 90172K->57228K(122368K), 0.0013810 secs] [Times: user=0.00 sys=0.00, real=0.01 secs] 
72.374: Total time for which application threads were stopped: 0.0015190 seconds, Stopping threads took: 0.0000600 seconds
72.463: Application time: 0.0893010 seconds
72.463: [GC [PSYoungGen: 38900K->1792K(37376K)] 92833K->55724K(120320K), 0.0008480 secs] [Times: user=0.00 sys=0.00, real=0.00 secs] 
72.464: Total time for which application threads were stopped: 0.0009790 seconds, Stopping threads took: 0.0000650 seconds
72.553: Application time: 0.0884150 seconds
72.553: [GC [PSYoungGen: 37034K->1280K(36352K)] 90967K->55252K(119296K), 0.0006660 secs] [Times: user=0.00 sys=0.00, real=0.01 secs] 
72.553: Total time for which application threads were stopped: 0.0008060 seconds, Stopping threads took: 0.0000660 seconds
72.640: Application time: 0.0864710 seconds
72.640: [GC [PSYoungGen: 35769K->1728K(37888K)] 89742K->55816K(120832K), 0.0008170 secs] [Times: user=0.00 sys=0.00, real=0.00 secs] 
72.641: Total time for which application threads were stopped: 0.0009510 seconds, Stopping threads took: 0.0000650 seconds
72.723: Application time: 0.0825940 seconds
72.724: [GC [PSYoungGen: 35858K->2784K(36864K)] 89947K->56873K(119808K), 0.0011680 secs] [Times: user=0.00 sys=0.00, real=0.00 secs] 
72.725: Total time for which application threads were stopped: 0.0013070 seconds, Stopping threads took: 0.0000670 seconds
72.813: Application time: 0.0880190 seconds
72.813: [GC [PSYoungGen: 36331K->768K(36864K)] 90420K->54957K(119808K), 0.0005420 secs] [Times: user=0.00 sys=0.00, real=0.01 secs] 
72.814: Total time for which application threads were stopped: 0.0007050 seconds, Stopping threads took: 0.0001010 seconds
72.897: Application time: 0.0830930 seconds
72.898: [GC [PSYoungGen: 33717K->1248K(34304K)] 87906K->55501K(117248K), 0.0006460 secs] [Times: user=0.01 sys=0.00, real=0.00 secs] 
72.898: Total time for which application threads were stopped: 0.0015560 seconds, Stopping threads took: 0.0008440 seconds
72.976: Application time: 0.0779670 seconds
72.976: [GC [PSYoungGen: 33742K->2784K(35840K)] 87996K->57037K(118784K), 0.0010780 secs] [Times: user=0.00 sys=0.00, real=0.00 secs] 
72.977: Total time for which application threads were stopped: 0.0012860 seconds, Stopping threads took: 0.0001280 seconds
73.055: Application time: 0.0777080 seconds
73.055: [GC [PSYoungGen: 34705K->2752K(36352K)] 88958K->57045K(119296K), 0.0011470 secs] [Times: user=0.00 sys=0.00, real=0.00 secs] 
73.056: Total time for which application threads were stopped: 0.0012990 seconds, Stopping threads took: 0.0000720 seconds
73.138: Application time: 0.0818700 seconds
73.138: [GC [PSYoungGen: 34834K->1792K(42496K)] 89127K->56085K(125440K), 0.0007920 secs] [Times: user=0.00 sys=0.00, real=0.00 secs] 
73.139: Total time for which application threads were stopped: 0.0009330 seconds, Stopping threads took: 0.0000750 seconds
73.235: Application time: 0.0958910 seconds
73.235: [GC [PSYoungGen: 40548K->2816K(43008K)] 94841K->57189K(125952K), 0.0011340 secs] [Times: user=0.01 sys=0.00, real=0.00 secs] 
73.236: Total time for which application threads were stopped: 0.0012690 seconds, Stopping threads took: 0.0000580 seconds
73.335: Application time: 0.0981500 seconds
73.335: [GC [PSYoungGen: 41504K->1280K(39424K)] 95877K->55749K(122368K), 0.0006040 secs] [Times: user=0.01 sys=0.00, real=0.00 secs] 
73.335: Total time for which application threads were stopped: 0.0007340 seconds, Stopping threads took: 0.0000620 seconds
73.428: Application time: 0.0929220 seconds
73.428: [GC [PSYoungGen: 38932K->1760K(38912K)] 93401K->56285K(121856K), 0.0007680 secs] [Times: user=0.00 sys=0.00, real=0.00 secs] 
73.429: Total time for which application threads were stopped: 0.0009010 seconds, Stopping threads took: 0.0000660 seconds
73.522: Application time: 0.0925080 seconds
73.522: [GC [PSYoungGen: 38388K->1264K(37888K)] 92913K->55837K(120832K), 0.0006580 secs] [Times: user=0.00 sys=0.00, real=0.00 secs] 
73.522: Total time for which application threads were stopped: 0.0007880 seconds, Stopping threads took: 0.0000590 seconds
73.610: Application time: 0.0872300 seconds
73.610: [GC [PSYoungGen: 37291K->2784K(38912K)] 91865K->57405K(121856K), 0.0010330 secs] [Times: user=0.01 sys=0.00, real=0.00 secs] 
73.611: Total time for which application threads were stopped: 0.0011860 seconds, Stopping threads took: 0.0000700 seconds
73.702: Application time: 0.0909940 seconds
73.702: [GC [PSYoungGen: 38388K->1280K(36864K)] 93009K->55901K(119808K), 0.0006800 secs] [Times: user=0.00 sys=0.00, real=0.00 secs] 
73.703: Total time for which application threads were stopped: 0.0008050 seconds, Stopping threads took: 0.0000620 seconds
73.787: Application time: 0.0845740 seconds
73.787: [GC [PSYoungGen: 36356K->3328K(38400K)] 90977K->57989K(121344K), 0.0013800 secs] [Times: user=0.01 sys=0.00, real=0.00 secs] 
73.789: Total time for which application threads were stopped: 0.0015340 seconds, Stopping threads took: 0.0000760 seconds
73.877: Application time: 0.0884020 seconds
73.877: [GC [PSYoungGen: 38064K->768K(36864K)] 92726K->55493K(119808K), 0.0005560 secs] [Times: user=0.00 sys=0.01, real=0.00 secs] 
73.878: Total time for which application threads were stopped: 0.0006790 seconds, Stopping threads took: 0.0000580 seconds
73.963: Application time: 0.0849090 seconds
73.963: [GC [PSYoungGen: 34741K->1728K(35840K)] 89466K->56573K(118784K), 0.0008890 secs] [Times: user=0.00 sys=0.00, real=0.00 secs] 
73.964: Total time for which application threads were stopped: 0.0010200 seconds, Stopping threads took: 0.0000630 seconds
74.048: Application time: 0.0845170 seconds
74.048: [GC [PSYoungGen: 35346K->2304K(36864K)] 90191K->57149K(119808K), 0.0010060 secs] [Times: user=0.00 sys=0.00, real=0.00 secs] 
74.049: Total time for which application threads were stopped: 0.0011610 seconds, Stopping threads took: 0.0000750 seconds
74.129: Application time: 0.0797250 seconds
74.129: [GC [PSYoungGen: 35323K->3296K(37376K)] 90169K->58217K(120320K), 0.0013680 secs] [Times: user=0.01 sys=0.00, real=0.00 secs] 
74.131: Total time for which application threads were stopped: 0.0015180 seconds, Stopping threads took: 0.0000630 seconds
74.213: Application time: 0.0823990 seconds
74.213: [GC [PSYoungGen: 36245K->3328K(44544K)] 91167K->58289K(127488K), 0.0011440 secs] [Times: user=0.00 sys=0.00, real=0.01 secs] 
74.214: Total time for which application threads were stopped: 0.0012940 seconds, Stopping threads took: 0.0000720 seconds
74.316: Application time: 0.1018000 seconds
74.316: [GC [PSYoungGen: 43044K->1792K(44544K)] 98006K->56753K(127488K), 0.0008110 secs] [Times: user=0.01 sys=0.00, real=0.00 secs] 
74.317: Total time for which application threads were stopped: 0.0009390 seconds, Stopping threads took: 0.0000610 seconds
74.418: Application time: 0.1011540 seconds
74.418: [GC [PSYoungGen: 41428K->672K(39936K)] 96390K->55705K(122880K), 0.0005450 secs] [Times: user=0.00 sys=0.00, real=0.00 secs] 
74.419: Total time for which application threads were stopped: 0.0006810 seconds, Stopping threads took: 0.0000750 seconds
74.513: Application time: 0.0942830 seconds
74.513: [GC [PSYoungGen: 39426K->1808K(39936K)] 94460K->56841K(122880K), 0.0008270 secs] [Times: user=0.00 sys=0.00, real=0.01 secs] 
74.514: Total time for which application threads were stopped: 0.0009910 seconds, Stopping threads took: 0.0000960 seconds
74.608: Application time: 0.0933030 seconds
74.608: [GC [PSYoungGen: 39540K->2304K(39424K)] 94574K->57417K(122368K), 0.0009390 secs] [Times: user=0.01 sys=0.00, real=0.00 secs] 
74.609: Total time for which application threads were stopped: 0.0010840 seconds, Stopping threads took: 0.0000720 seconds
74.700: Application time: 0.0917880 seconds
74.701: [GC [PSYoungGen: 39010K->1808K(38400K)] 94124K->57009K(121344K), 0.0007940 secs] [Times: user=0.01 sys=0.00, real=0.00 secs] 
74.701: Total time for which application threads were stopped: 0.0009480 seconds, Stopping threads took: 0.0000740 seconds
74.791: Application time: 0.0898360 seconds
74.791: [GC [PSYoungGen: 37920K->1248K(37376K)] 93121K->56529K(120320K), 0.0007660 secs] [Times: user=0.00 sys=0.00, real=0.00 secs] 
74.792: Total time for which application threads were stopped: 0.0009560 seconds, Stopping threads took: 0.0001270 seconds
74.881: Application time: 0.0886040 seconds
74.881: [GC [PSYoungGen: 36767K->1760K(37376K)] 92049K->57089K(120320K), 0.0008390 secs] [Times: user=0.00 sys=0.00, real=0.01 secs] 
74.882: Total time for which application threads were stopped: 0.0009710 seconds, Stopping threads took: 0.0000630 seconds
74.968: Application time: 0.0863670 seconds
74.968: [GC [PSYoungGen: 36840K->2784K(37888K)] 92169K->58113K(120832K), 0.0012050 secs] [Times: user=0.00 sys=0.00, real=0.00 secs] 
74.970: Total time for which application threads were stopped: 0.0018070 seconds, Stopping threads took: 0.0001510 seconds
75.059: Application time: 0.0893680 seconds
75.059: [GC [PSYoungGen: 37279K->1760K(36352K)] 92609K->57145K(119296K), 0.0009300 secs] [Times: user=0.00 sys=0.00, real=0.00 secs] 
75.060: Total time for which application threads were stopped: 0.0010620 seconds, Stopping threads took: 0.0000610 seconds
75.144: Application time: 0.0837100 seconds
75.144: [GC [PSYoungGen: 35889K->2800K(38400K)] 91275K->58185K(121344K), 0.0011450 secs] [Times: user=0.01 sys=0.00, real=0.00 secs] 
75.145: Total time for which application threads were stopped: 0.0012780 seconds, Stopping threads took: 0.0000600 seconds
75.229: Application time: 0.0838560 seconds
75.229: [GC [PSYoungGen: 36934K->2816K(38400K)] 92320K->58281K(121344K), 0.0011490 secs] [Times: user=0.00 sys=0.00, real=0.00 secs] 
75.231: Total time for which application threads were stopped: 0.0013040 seconds, Stopping threads took: 0.0000710 seconds
75.316: Application time: 0.0857730 seconds
75.316: [GC [PSYoungGen: 36793K->2304K(45568K)] 92259K->57850K(128512K), 0.0008540 secs] [Times: user=0.01 sys=0.00, real=0.00 secs] 
75.317: Total time for which application threads were stopped: 0.0010320 seconds, Stopping threads took: 0.0001050 seconds
75.420: Application time: 0.1022110 seconds
75.420: [GC [PSYoungGen: 43635K->2816K(45568K)] 99181K->58362K(128512K), 0.0010660 secs] [Times: user=0.01 sys=0.00, real=0.00 secs] 
75.421: Total time for which application threads were stopped: 0.0012040 seconds, Stopping threads took: 0.0000610 seconds
75.525: Application time: 0.1037450 seconds
75.525: [GC [PSYoungGen: 44068K->2816K(54272K)] 99614K->58438K(137216K), 0.0010280 secs] [Times: user=0.00 sys=0.00, real=0.00 secs] 
75.526: Total time for which application threads were stopped: 0.0011670 seconds, Stopping threads took: 0.0000620 seconds
75.650: Application time: 0.1244680 seconds
75.650: [GC [PSYoungGen: 52826K->2272K(51200K)] 108448K->57950K(134144K), 0.0008810 secs] [Times: user=0.00 sys=0.00, real=0.00 secs] 
75.651: Total time for which application threads were stopped: 0.0010110 seconds, Stopping threads took: 0.0000550 seconds
75.775: Application time: 0.1234720 seconds
75.775: [GC [PSYoungGen: 50744K->736K(50688K)] 106422K->56470K(133632K), 0.0005910 secs] [Times: user=0.00 sys=0.00, real=0.00 secs] 
75.775: Total time for which application threads were stopped: 0.0007200 seconds, Stopping threads took: 0.0000580 seconds
75.891: Application time: 0.1152390 seconds
75.891: [GC [PSYoungGen: 48305K->2880K(49664K)] 104040K->58654K(132608K), 0.0012230 secs] [Times: user=0.01 sys=0.00, real=0.00 secs] 
75.892: Total time for which application threads were stopped: 0.0013720 seconds, Stopping threads took: 0.0000720 seconds
76.008: Application time: 0.1162930 seconds
76.008: [GC [PSYoungGen: 49195K->3296K(49664K)] 104969K->59186K(132608K), 0.0013140 secs] [Times: user=0.00 sys=0.00, real=0.00 secs] 
76.010: Total time for which application threads were stopped: 0.0014540 seconds, Stopping threads took: 0.0000610 seconds
76.125: Application time: 0.1157750 seconds
76.126: [GC [PSYoungGen: 48834K->1280K(46080K)] 104725K->57170K(129024K), 0.0006860 secs] [Times: user=0.01 sys=0.00, real=0.00 secs] 
76.126: Total time for which application threads were stopped: 0.0008090 seconds, Stopping threads took: 0.0000510 seconds
76.234: Application time: 0.1078980 seconds
76.234: [GC [PSYoungGen: 45530K->3328K(47104K)] 101420K->59330K(130048K), 0.0013900 secs] [Times: user=0.01 sys=0.00, real=0.00 secs] 
76.236: Total time for which application threads were stopped: 0.0015380 seconds, Stopping threads took: 0.0000690 seconds
76.345: Application time: 0.1092170 seconds
76.345: [GC [PSYoungGen: 46643K->1792K(44544K)] 102645K->57794K(127488K), 0.0008470 secs] [Times: user=0.00 sys=0.00, real=0.00 secs] 
76.346: Total time for which application threads were stopped: 0.0009810 seconds, Stopping threads took: 0.0000580 seconds
76.450: Application time: 0.1042150 seconds
76.450: [GC [PSYoungGen: 44070K->2304K(45056K)] 100073K->58354K(128000K), 0.0010200 secs] [Times: user=0.00 sys=0.00, real=0.00 secs] 
76.451: Total time for which application threads were stopped: 0.0011610 seconds, Stopping threads took: 0.0000670 seconds
76.554: Application time: 0.1023510 seconds
76.554: [GC [PSYoungGen: 43717K->1248K(41984K)] 99768K->57346K(124928K), 0.0007700 secs] [Times: user=0.01 sys=0.00, real=0.00 secs] 
76.555: Total time for which application threads were stopped: 0.0008910 seconds, Stopping threads took: 0.0000540 seconds
76.655: Application time: 0.1002900 seconds
76.655: [GC [PSYoungGen: 41392K->1760K(42496K)] 97490K->57962K(125440K), 0.0008460 secs] [Times: user=0.00 sys=0.00, real=0.00 secs] 
76.656: Total time for which application threads were stopped: 0.0009800 seconds, Stopping threads took: 0.0000660 seconds
76.752: Application time: 0.0958490 seconds
76.752: [GC [PSYoungGen: 41030K->2800K(41472K)] 97233K->59002K(124416K), 0.0011900 secs] [Times: user=0.01 sys=0.00, real=0.00 secs] 
76.753: Total time for which application threads were stopped: 0.0013370 seconds, Stopping threads took: 0.0000720 seconds
76.849: Application time: 0.0961540 seconds
76.849: [GC [PSYoungGen: 40970K->2304K(40448K)] 97173K->58594K(123392K), 0.0010240 secs] [Times: user=0.00 sys=0.00, real=0.00 secs] 
76.850: Total time for which application threads were stopped: 0.0011800 seconds, Stopping threads took: 0.0000710 seconds
76.941: Application time: 0.0906320 seconds
76.941: [GC [PSYoungGen: 39366K->1760K(38912K)] 95656K->58114K(121856K), 0.0008250 secs] [Times: user=0.00 sys=0.00, real=0.01 secs] 
76.942: Total time for which application threads were stopped: 0.0010340 seconds, Stopping threads took: 0.0001420 seconds
77.032: Application time: 0.0903070 seconds
77.032: [GC [PSYoungGen: 38384K->2752K(39936K)] 94738K->59106K(122880K), 0.0011800 secs] [Times: user=0.01 sys=0.00, real=0.01 secs] 
77.034: Total time for which application threads were stopped: 0.0013320 seconds, Stopping threads took: 0.0000780 seconds
77.124: Application time: 0.0907150 seconds
77.125: [GC [PSYoungGen: 38946K->1792K(37888K)] 95301K->58202K(120832K), 0.0008510 secs] [Times: user=0.00 sys=0.00, real=0.00 secs] 
77.125: Total time for which application threads were stopped: 0.0009880 seconds, Stopping threads took: 0.0000660 seconds
77.212: Application time: 0.0862860 seconds
77.212: [GC [PSYoungGen: 37462K->3328K(39936K)] 93872K->59818K(122880K), 0.0014040 secs] [Times: user=0.01 sys=0.00, real=0.00 secs] 
77.213: Total time for which application threads were stopped: 0.0015600 seconds, Stopping threads took: 0.0000770 seconds
77.304: Application time: 0.0908770 seconds
77.304: [GC [PSYoungGen: 38852K->2304K(39936K)] 95342K->58878K(122880K), 0.0009730 secs] [Times: user=0.01 sys=0.00, real=0.00 secs] 
77.305: Total time for which application threads were stopped: 0.0011010 seconds, Stopping threads took: 0.0000580 seconds
77.394: Application time: 0.0888760 seconds
77.394: [GC [PSYoungGen: 37984K->1280K(36864K)] 94559K->57854K(119808K), 0.0005960 secs] [Times: user=0.00 sys=0.00, real=0.00 secs] 
77.395: Total time for which application threads were stopped: 0.0008020 seconds, Stopping threads took: 0.0001350 seconds
77.481: Application time: 0.0863280 seconds
77.481: [GC [PSYoungGen: 36362K->1760K(36864K)] 92936K->58426K(119808K), 0.0008570 secs] [Times: user=0.01 sys=0.00, real=0.01 secs] 
77.482: Total time for which application threads were stopped: 0.0009940 seconds, Stopping threads took: 0.0000670 seconds
77.568: Application time: 0.0853690 seconds
77.568: [GC [PSYoungGen: 36251K->1760K(36352K)] 92918K->58490K(119296K), 0.0007600 secs] [Times: user=0.00 sys=0.00, real=0.00 secs] 
77.568: Total time for which application threads were stopped: 0.0008910 seconds, Stopping threads took: 0.0000620 seconds
77.651: Application time: 0.0826370 seconds
77.651: [GC [PSYoungGen: 35811K->2816K(36864K)] 92542K->59546K(119808K), 0.0011870 secs] [Times: user=0.00 sys=0.00, real=0.00 secs] 
77.652: Total time for which application threads were stopped: 0.0013400 seconds, Stopping threads took: 0.0000770 seconds
77.738: Application time: 0.0852850 seconds
77.738: [GC [PSYoungGen: 36281K->1760K(35328K)] 93012K->58554K(118272K), 0.0008590 secs] [Times: user=0.00 sys=0.00, real=0.00 secs] 
77.739: Total time for which application threads were stopped: 0.0010180 seconds, Stopping threads took: 0.0000910 seconds
77.820: Application time: 0.0812690 seconds
77.820: [GC [PSYoungGen: 34940K->2880K(38400K)] 91735K->59675K(121344K), 0.0011560 secs] [Times: user=0.01 sys=0.00, real=0.00 secs] 
77.821: Total time for which application threads were stopped: 0.0012920 seconds, Stopping threads took: 0.0000600 seconds
77.906: Application time: 0.0848750 seconds
77.906: [GC [PSYoungGen: 36938K->2304K(44032K)] 93733K->59215K(126976K), 0.0008550 secs] [Times: user=0.00 sys=0.00, real=0.00 secs] 
77.907: Total time for which application threads were stopped: 0.0010080 seconds, Stopping threads took: 0.0000750 seconds
78.006: Application time: 0.0988260 seconds
78.006: [GC [PSYoungGen: 41936K->2176K(41472K)] 98847K->59127K(124416K), 0.0009700 secs] [Times: user=0.00 sys=0.00, real=0.00 secs] 
78.007: Total time for which application threads were stopped: 0.0011090 seconds, Stopping threads took: 0.0000640 seconds
78.107: Application time: 0.0996920 seconds
78.107: [GC [PSYoungGen: 40943K->768K(41472K)] 97894K->57719K(124416K), 0.0005470 secs] [Times: user=0.00 sys=0.00, real=0.00 secs] 
78.108: Total time for which application threads were stopped: 0.0006730 seconds, Stopping threads took: 0.0000650 seconds
78.200: Application time: 0.0927360 seconds
78.200: [GC [PSYoungGen: 38420K->1248K(38400K)] 95371K->58287K(121344K), 0.0007080 secs] [Times: user=0.00 sys=0.00, real=0.00 secs] 
78.201: Total time for which application threads were stopped: 0.0008400 seconds, Stopping threads took: 0.0000670 seconds
78.291: Application time: 0.0900360 seconds
78.291: [GC [PSYoungGen: 37872K->1760K(38912K)] 94911K->58855K(121856K), 0.0008480 secs] [Times: user=0.01 sys=0.00, real=0.00 secs] 
78.292: Total time for which application threads were stopped: 0.0009820 seconds, Stopping threads took: 0.0000650 seconds
78.383: Application time: 0.0910510 seconds
78.383: [GC [PSYoungGen: 37795K->1248K(37376K)] 94891K->58407K(120320K), 0.0006530 secs] [Times: user=0.01 sys=0.00, real=0.00 secs] 
78.384: Total time for which application threads were stopped: 0.0007870 seconds, Stopping threads took: 0.0000690 seconds
78.471: Application time: 0.0866850 seconds
78.471: [GC [PSYoungGen: 36916K->3360K(38912K)] 94075K->60519K(121856K), 0.0013210 secs] [Times: user=0.01 sys=0.00, real=0.00 secs] 
78.472: Total time for which application threads were stopped: 0.0015710 seconds, Stopping threads took: 0.0001640 seconds
78.562: Application time: 0.0899080 seconds
78.562: [GC [PSYoungGen: 38528K->1760K(36864K)] 95687K->59007K(119808K), 0.0008210 secs] [Times: user=0.00 sys=0.00, real=0.00 secs] 
78.563: Total time for which application threads were stopped: 0.0009480 seconds, Stopping threads took: 0.0000630 seconds
78.649: Application time: 0.0856880 seconds
78.649: [GC [PSYoungGen: 36247K->2272K(37888K)] 93494K->59599K(120832K), 0.0010000 secs] [Times: user=0.01 sys=0.00, real=0.00 secs] 
78.650: Total time for which application threads were stopped: 0.0011780 seconds, Stopping threads took: 0.0001080 seconds
78.735: Application time: 0.0850800 seconds
78.735: [GC [PSYoungGen: 36408K->2304K(36352K)] 93735K->59631K(119296K), 0.0010110 secs] [Times: user=0.01 sys=0.00, real=0.00 secs] 
78.736: Total time for which application threads were stopped: 0.0011600 seconds, Stopping threads took: 0.0000720 seconds
78.820: Application time: 0.0838520 seconds
78.820: [GC [PSYoungGen: 35846K->2272K(38400K)] 93173K->59675K(121344K), 0.0010530 secs] [Times: user=0.01 sys=0.00, real=0.00 secs] 
78.821: Total time for which application threads were stopped: 0.0012600 seconds, Stopping threads took: 0.0001360 seconds
78.905: Application time: 0.0833000 seconds
78.905: [GC [PSYoungGen: 36249K->2304K(37888K)] 93653K->59755K(120832K), 0.0009730 secs] [Times: user=0.01 sys=0.00, real=0.00 secs] 
78.906: Total time for which application threads were stopped: 0.0011230 seconds, Stopping threads took: 0.0000760 seconds
78.992: Application time: 0.0861610 seconds
78.992: [GC [PSYoungGen: 36361K->1280K(35328K)] 93813K->58731K(118272K), 0.0005920 secs] [Times: user=0.00 sys=0.00, real=0.00 secs] 
78.993: Total time for which application threads were stopped: 0.0007920 seconds, Stopping threads took: 0.0001250 seconds
79.078: Application time: 0.0850280 seconds
79.078: [GC [PSYoungGen: 34747K->672K(34304K)] 92199K->58171K(117248K), 0.0005340 secs] [Times: user=0.00 sys=0.00, real=0.00 secs] 
79.078: Total time for which application threads were stopped: 0.0006570 seconds, Stopping threads took: 0.0000600 seconds
79.159: Application time: 0.0807290 seconds
79.159: [GC [PSYoungGen: 33930K->1296K(34304K)] 91429K->58795K(117248K), 0.0007160 secs] [Times: user=0.00 sys=0.00, real=0.00 secs] 
79.160: Total time for which application threads were stopped: 0.0008460 seconds, Stopping threads took: 0.0000620 seconds
79.239: Application time: 0.0793480 seconds
79.239: [GC [PSYoungGen: 33721K->2208K(34816K)] 91220K->59851K(117760K), 0.0010580 secs] [Times: user=0.01 sys=0.00, real=0.00 secs] 
79.241: Total time for which application threads were stopped: 0.0012000 seconds, Stopping threads took: 0.0000720 seconds
79.320: Application time: 0.0794630 seconds
79.320: [GC [PSYoungGen: 34129K->1792K(33792K)] 91773K->59435K(116736K), 0.0008370 secs] [Times: user=0.01 sys=0.00, real=0.00 secs] 
79.321: Total time for which application threads were stopped: 0.0009670 seconds, Stopping threads took: 0.0000620 seconds
79.401: Application time: 0.0796490 seconds
79.401: [GC [PSYoungGen: 33353K->1280K(32768K)] 90997K->58923K(115712K), 0.0007290 secs] [Times: user=0.00 sys=0.00, real=0.01 secs] 
79.401: Total time for which application threads were stopped: 0.0008650 seconds, Stopping threads took: 0.0000710 seconds
79.477: Application time: 0.0753740 seconds
79.477: [GC [PSYoungGen: 32230K->2816K(35840K)] 89874K->60539K(118784K), 0.0011840 secs] [Times: user=0.01 sys=0.00, real=0.00 secs] 
79.478: Total time for which application threads were stopped: 0.0013260 seconds, Stopping threads took: 0.0000670 seconds
79.561: Application time: 0.0823870 seconds
79.561: [GC [PSYoungGen: 34741K->1664K(35840K)] 92465K->59435K(118784K), 0.0008500 secs] [Times: user=0.00 sys=0.00, real=0.01 secs] 
79.562: Total time for which application threads were stopped: 0.0009880 seconds, Stopping threads took: 0.0000620 seconds
79.643: Application time: 0.0809790 seconds
79.643: [GC [PSYoungGen: 33663K->1248K(33280K)] 91435K->59019K(116224K), 0.0006010 secs] [Times: user=0.00 sys=0.00, real=0.00 secs] 
79.643: Total time for which application threads were stopped: 0.0007350 seconds, Stopping threads took: 0.0000700 seconds
79.719: Application time: 0.0755280 seconds
79.719: [GC [PSYoungGen: 32632K->3296K(40448K)] 90404K->61107K(123392K), 0.0012880 secs] [Times: user=0.00 sys=0.00, real=0.00 secs] 
79.720: Total time for which application threads were stopped: 0.0014430 seconds, Stopping threads took: 0.0000770 seconds
79.812: Application time: 0.0915640 seconds
79.812: [GC [PSYoungGen: 40002K->2816K(42496K)] 97814K->60627K(125440K), 0.0010910 secs] [Times: user=0.00 sys=0.00, real=0.00 secs] 
79.813: Total time for which application threads were stopped: 0.0012370 seconds, Stopping threads took: 0.0000630 seconds
79.908: Application time: 0.0949270 seconds
79.908: [GC [PSYoungGen: 41060K->3328K(42496K)] 98872K->61223K(125440K), 0.0013050 secs] [Times: user=0.01 sys=0.00, real=0.00 secs] 
79.909: Total time for which application threads were stopped: 0.0014600 seconds, Stopping threads took: 0.0000700 seconds
80.008: Application time: 0.0983470 seconds
80.008: [GC [PSYoungGen: 41506K->736K(38400K)] 99402K->58719K(121344K), 0.0005700 secs] [Times: user=0.01 sys=0.00, real=0.00 secs] 
80.009: Total time for which application threads were stopped: 0.0016290 seconds, Stopping threads took: 0.0000680 seconds
80.100: Application time: 0.0909690 seconds
80.101: [GC [PSYoungGen: 37872K->1792K(41472K)] 95856K->59823K(124416K), 0.0008650 secs] [Times: user=0.01 sys=0.00, real=0.00 secs] 
80.101: Total time for which application threads were stopped: 0.0010150 seconds, Stopping threads took: 0.0000750 seconds
80.192: Application time: 0.0902070 seconds
80.192: [GC [PSYoungGen: 38414K->2784K(39424K)] 96446K->60864K(122368K), 0.0010300 secs] [Times: user=0.01 sys=0.00, real=0.00 secs] 
80.193: Total time for which application threads were stopped: 0.0011620 seconds, Stopping threads took: 0.0000580 seconds
80.284: Application time: 0.0911420 seconds
80.284: [GC [PSYoungGen: 38900K->1792K(37888K)] 96980K->59928K(120832K), 0.0008340 secs] [Times: user=0.00 sys=0.00, real=0.00 secs] 
80.285: Total time for which application threads were stopped: 0.0009550 seconds, Stopping threads took: 0.0000540 seconds
80.375: Application time: 0.0897780 seconds
80.375: [GC [PSYoungGen: 37311K->1728K(37376K)] 95447K->59912K(120320K), 0.0008390 secs] [Times: user=0.01 sys=0.00, real=0.00 secs] 
80.376: Total time for which application threads were stopped: 0.0009810 seconds, Stopping threads took: 0.0000740 seconds
80.461: Application time: 0.0854410 seconds
80.461: [GC [PSYoungGen: 36886K->2832K(41472K)] 95070K->61016K(124416K), 0.0011690 secs] [Times: user=0.01 sys=0.00, real=0.01 secs] 
80.462: Total time for which application threads were stopped: 0.0013160 seconds, Stopping threads took: 0.0000740 seconds
80.556: Application time: 0.0938440 seconds
80.556: [GC [PSYoungGen: 40050K->2240K(39424K)] 98234K->60504K(122368K), 0.0009150 secs] [Times: user=0.00 sys=0.00, real=0.00 secs] 
80.557: Total time for which application threads were stopped: 0.0010810 seconds, Stopping threads took: 0.0000920 seconds
80.647: Application time: 0.0899640 seconds
80.647: [GC [PSYoungGen: 38787K->2784K(45056K)] 97052K->61128K(128000K), 0.0011530 secs] [Times: user=0.01 sys=0.00, real=0.00 secs] 
80.649: Total time for which application threads were stopped: 0.0013030 seconds, Stopping threads took: 0.0000680 seconds
80.751: Application time: 0.1019790 seconds
80.751: [GC [PSYoungGen: 43603K->2304K(42496K)] 101947K->60648K(125440K), 0.0008610 secs] [Times: user=0.00 sys=0.00, real=0.00 secs] 
80.752: Total time for which application threads were stopped: 0.0010160 seconds, Stopping threads took: 0.0000840 seconds
80.854: Application time: 0.1023100 seconds
80.854: [GC [PSYoungGen: 42018K->1248K(40448K)] 100362K->59680K(123392K), 0.0007600 secs] [Times: user=0.01 sys=0.00, real=0.00 secs] 
80.855: Total time for which application threads were stopped: 0.0009050 seconds, Stopping threads took: 0.0000800 seconds
80.948: Application time: 0.0935990 seconds
80.949: [GC [PSYoungGen: 39926K->2272K(40448K)] 98358K->60752K(123392K), 0.0009710 secs] [Times: user=0.01 sys=0.00, real=0.00 secs] 
80.950: Total time for which application threads were stopped: 0.0011190 seconds, Stopping threads took: 0.0000710 seconds
81.044: Application time: 0.0940780 seconds
81.044: [GC [PSYoungGen: 39848K->2272K(39424K)] 98328K->60808K(122368K), 0.0010430 secs] [Times: user=0.01 sys=0.00, real=0.00 secs] 
81.045: Total time for which application threads were stopped: 0.0011910 seconds, Stopping threads took: 0.0000780 seconds
81.137: Application time: 0.0920160 seconds
81.137: [GC [PSYoungGen: 38976K->2304K(38912K)] 97512K->60840K(121856K), 0.0010300 secs] [Times: user=0.01 sys=0.00, real=0.00 secs] 
81.138: Total time for which application threads were stopped: 0.0011710 seconds, Stopping threads took: 0.0000690 seconds
81.227: Application time: 0.0889430 seconds
81.227: [GC [PSYoungGen: 38490K->3344K(40960K)] 97026K->61956K(123904K), 0.0013780 secs] [Times: user=0.01 sys=0.00, real=0.00 secs] 
81.228: Total time for which application threads were stopped: 0.0015350 seconds, Stopping threads took: 0.0000650 seconds
81.321: Application time: 0.0928180 seconds
81.321: [GC [PSYoungGen: 40406K->3296K(48128K)] 99018K->61984K(131072K), 0.0012180 secs] [Times: user=0.01 sys=0.00, real=0.01 secs] 
81.323: Total time for which application threads were stopped: 0.0013590 seconds, Stopping threads took: 0.0000640 seconds
81.434: Application time: 0.1114080 seconds
81.434: [GC [PSYoungGen: 47205K->1248K(44544K)] 105894K->59936K(127488K), 0.0006690 secs] [Times: user=0.01 sys=0.00, real=0.00 secs] 
81.435: Total time for which application threads were stopped: 0.0008710 seconds, Stopping threads took: 0.0001390 seconds
81.542: Application time: 0.1067550 seconds
81.542: [GC [PSYoungGen: 44042K->1728K(45056K)] 102731K->60492K(128000K), 0.0008640 secs] [Times: user=0.00 sys=0.00, real=0.00 secs] 
81.543: Total time for which application threads were stopped: 0.0010520 seconds, Stopping threads took: 0.0001170 seconds
81.646: Application time: 0.1032280 seconds
81.646: [GC [PSYoungGen: 43492K->2304K(43520K)] 102257K->61116K(126464K), 0.0010200 secs] [Times: user=0.01 sys=0.00, real=0.00 secs] 
81.647: Total time for which application threads were stopped: 0.0011580 seconds, Stopping threads took: 0.0000650 seconds
81.748: Application time: 0.1005060 seconds
81.748: [GC [PSYoungGen: 43042K->2304K(43008K)] 101855K->61164K(125952K), 0.0008820 secs] [Times: user=0.00 sys=0.00, real=0.00 secs] 
81.749: Total time for which application threads were stopped: 0.0010270 seconds, Stopping threads took: 0.0000620 seconds
81.848: Application time: 0.0991030 seconds
81.848: [GC [PSYoungGen: 42171K->2368K(41472K)] 101031K->61276K(124416K), 0.0010480 secs] [Times: user=0.00 sys=0.00, real=0.00 secs] 
81.849: Total time for which application threads were stopped: 0.0011890 seconds, Stopping threads took: 0.0000680 seconds
81.944: Application time: 0.0950830 seconds
81.944: [GC [PSYoungGen: 40972K->2272K(40448K)] 99880K->61288K(123392K), 0.0010380 secs] [Times: user=0.01 sys=0.00, real=0.00 secs] 
81.945: Total time for which application threads were stopped: 0.0011750 seconds, Stopping threads took: 0.0000630 seconds
82.040: Application time: 0.0946980 seconds
82.040: [GC [PSYoungGen: 39926K->1728K(38912K)] 98943K->60744K(121856K), 0.0009240 secs] [Times: user=0.00 sys=0.00, real=0.00 secs] 
82.041: Total time for which application threads were stopped: 0.0011260 seconds, Stopping threads took: 0.0001340 seconds
82.132: Application time: 0.0908030 seconds
82.132: [GC [PSYoungGen: 38356K->1760K(39424K)] 97373K->60832K(122368K), 0.0007880 secs] [Times: user=0.00 sys=0.00, real=0.00 secs] 
82.133: Total time for which application threads were stopped: 0.0009090 seconds, Stopping threads took: 0.0000550 seconds
82.222: Application time: 0.0896730 seconds
82.223: [GC [PSYoungGen: 37873K->1280K(37376K)] 96946K->60408K(120320K), 0.0006850 secs] [Times: user=0.00 sys=0.00, real=0.00 secs] 
82.223: Total time for which application threads were stopped: 0.0008150 seconds, Stopping threads took: 0.0000680 seconds
82.310: Application time: 0.0864240 seconds
82.310: [GC [PSYoungGen: 36873K->2304K(38400K)] 96002K->61480K(121344K), 0.0010050 secs] [Times: user=0.01 sys=0.00, real=0.00 secs] 
82.311: Total time for which application threads were stopped: 0.0011560 seconds, Stopping threads took: 0.0000700 seconds
82.399: Application time: 0.0883160 seconds
82.399: [GC [PSYoungGen: 37392K->1280K(36352K)] 96568K->60520K(119296K), 0.0006770 secs] [Times: user=0.01 sys=0.00, real=0.00 secs] 
82.400: Total time for which application threads were stopped: 0.0008210 seconds, Stopping threads took: 0.0000760 seconds
82.485: Application time: 0.0854730 seconds
82.486: [GC [PSYoungGen: 35925K->1792K(37376K)] 95166K->61080K(120320K), 0.0009070 secs] [Times: user=0.00 sys=0.00, real=0.00 secs] 
82.487: Total time for which application threads were stopped: 0.0010290 seconds, Stopping threads took: 0.0000570 seconds
82.572: Application time: 0.0856140 seconds
82.572: [GC [PSYoungGen: 35848K->1792K(35840K)] 95136K->61160K(118784K), 0.0008480 secs] [Times: user=0.00 sys=0.00, real=0.00 secs] 
82.573: Total time for which application threads were stopped: 0.0009890 seconds, Stopping threads took: 0.0000710 seconds
82.655: Application time: 0.0822820 seconds
82.656: [GC [PSYoungGen: 35257K->1216K(36352K)] 94626K->60656K(119296K), 0.0006840 secs] [Times: user=0.01 sys=0.00, real=0.00 secs] 
82.656: Total time for which application threads were stopped: 0.0008160 seconds, Stopping threads took: 0.0000650 seconds
82.737: Application time: 0.0812360 seconds
82.738: [GC [PSYoungGen: 34313K->2256K(35328K)] 93754K->61697K(118272K), 0.0010420 secs] [Times: user=0.01 sys=0.00, real=0.00 secs] 
82.739: Total time for which application threads were stopped: 0.0011680 seconds, Stopping threads took: 0.0000580 seconds
82.819: Application time: 0.0804340 seconds
82.819: [GC [PSYoungGen: 34767K->2272K(35328K)] 94208K->61785K(118272K), 0.0009850 secs] [Times: user=0.01 sys=0.00, real=0.00 secs] 
82.820: Total time for which application threads were stopped: 0.0011330 seconds, Stopping threads took: 0.0000660 seconds
82.902: Application time: 0.0815290 seconds
82.902: [GC [PSYoungGen: 34193K->1760K(33792K)] 93706K->61337K(116736K), 0.0008470 secs] [Times: user=0.00 sys=0.00, real=0.00 secs] 
82.903: Total time for which application threads were stopped: 0.0009720 seconds, Stopping threads took: 0.0000540 seconds
82.981: Application time: 0.0781040 seconds
82.981: [GC [PSYoungGen: 33235K->2304K(35328K)] 92812K->61881K(118272K), 0.0009460 secs] [Times: user=0.01 sys=0.00, real=0.01 secs] 
82.982: Total time for which application threads were stopped: 0.0010670 seconds, Stopping threads took: 0.0000520 seconds
83.062: Application time: 0.0800180 seconds
83.062: [GC [PSYoungGen: 33795K->704K(32256K)] 93373K->60329K(115200K), 0.0006030 secs] [Times: user=0.00 sys=0.00, real=0.00 secs] 
83.063: Total time for which application threads were stopped: 0.0007150 seconds, Stopping threads took: 0.0000530 seconds
83.139: Application time: 0.0761060 seconds
83.139: [GC [PSYoungGen: 31658K->1792K(33792K)] 91284K->61473K(116736K), 0.0008550 secs] [Times: user=0.01 sys=0.00, real=0.00 secs] 
83.140: Total time for which application threads were stopped: 0.0010560 seconds, Stopping threads took: 0.0001340 seconds
83.216: Application time: 0.0757830 seconds
83.216: [GC [PSYoungGen: 32315K->2320K(34304K)] 91996K->62057K(117248K), 0.0009850 secs] [Times: user=0.01 sys=0.00, real=0.00 secs] 
83.217: Total time for which application threads were stopped: 0.0011320 seconds, Stopping threads took: 0.0000740 seconds
83.294: Application time: 0.0775700 seconds
83.294: [GC [PSYoungGen: 32695K->1248K(31744K)] 92432K->61073K(114688K), 0.0005960 secs] [Times: user=0.01 sys=0.00, real=0.00 secs] 
83.295: Total time for which application threads were stopped: 0.0007410 seconds, Stopping threads took: 0.0000810 seconds
83.369: Application time: 0.0737650 seconds
83.369: [GC [PSYoungGen: 31178K->1792K(31744K)] 91004K->61617K(114688K), 0.0008450 secs] [Times: user=0.00 sys=0.00, real=0.00 secs] 
83.370: Total time for which application threads were stopped: 0.0009780 seconds, Stopping threads took: 0.0000580 seconds
83.442: Application time: 0.0724310 seconds
83.442: [GC [PSYoungGen: 31206K->1760K(31232K)] 91031K->61641K(114176K), 0.0007240 secs] [Times: user=0.00 sys=0.00, real=0.00 secs] 
83.443: Total time for which application threads were stopped: 0.0008680 seconds, Stopping threads took: 0.0000750 seconds
83.515: Application time: 0.0722610 seconds
83.515: [GC [PSYoungGen: 30658K->1728K(30720K)] 90539K->61665K(113664K), 0.0009280 secs] [Times: user=0.00 sys=0.00, real=0.00 secs] 
83.516: Total time for which application threads were stopped: 0.0010710 seconds, Stopping threads took: 0.0000760 seconds
83.589: Application time: 0.0721080 seconds
83.589: [GC [PSYoungGen: 30032K->2240K(35328K)] 89969K->62225K(118272K), 0.0009650 secs] [Times: user=0.01 sys=0.00, real=0.00 secs] 
83.590: Total time for which application threads were stopped: 0.0011000 seconds, Stopping threads took: 0.0000620 seconds
83.671: Application time: 0.0810010 seconds
83.671: [GC [PSYoungGen: 34751K->2304K(35840K)] 94737K->62289K(118784K), 0.0009750 secs] [Times: user=0.01 sys=0.00, real=0.00 secs] 
83.672: Total time for which application threads were stopped: 0.0011040 seconds, Stopping threads took: 0.0000570 seconds
83.753: Application time: 0.0813860 seconds
83.753: [GC [PSYoungGen: 34897K->1792K(42496K)] 94883K->61825K(125440K), 0.0007120 secs] [Times: user=0.00 sys=0.00, real=0.01 secs] 
83.754: Total time for which application threads were stopped: 0.0008390 seconds, Stopping threads took: 0.0000610 seconds
83.850: Application time: 0.0957320 seconds
83.850: [GC [PSYoungGen: 41058K->2848K(42496K)] 101092K->63981K(125440K), 0.0013160 secs] [Times: user=0.01 sys=0.00, real=0.00 secs] 
83.851: Total time for which application threads were stopped: 0.0014660 seconds, Stopping threads took: 0.0000700 seconds
83.950: Application time: 0.0987550 seconds
83.950: [GC [PSYoungGen: 41974K->1792K(40448K)] 103108K->63005K(123392K), 0.0007290 secs] [Times: user=0.01 sys=0.00, real=0.00 secs] 
83.951: Total time for which application threads were stopped: 0.0008810 seconds, Stopping threads took: 0.0000720 seconds
84.045: Application time: 0.0944630 seconds
84.045: [GC [PSYoungGen: 39956K->2816K(40448K)] 101169K->64029K(123392K), 0.0010670 secs] [Times: user=0.00 sys=0.00, real=0.00 secs] 
84.046: Total time for which application threads were stopped: 0.0012070 seconds, Stopping threads took: 0.0000640 seconds
84.140: Application time: 0.0938730 seconds
84.140: [GC [PSYoungGen: 39962K->1248K(38400K)] 101175K->62517K(121344K), 0.0006060 secs] [Times: user=0.01 sys=0.00, real=0.00 secs] 
84.141: Total time for which application threads were stopped: 0.0007290 seconds, Stopping threads took: 0.0000590 seconds
84.234: Application time: 0.0925620 seconds
84.234: [GC [PSYoungGen: 37876K->768K(37376K)] 99145K->62093K(120320K), 0.0005920 secs] [Times: user=0.00 sys=0.00, real=0.00 secs] 
84.234: Total time for which application threads were stopped: 0.0007150 seconds, Stopping threads took: 0.0000590 seconds
84.321: Application time: 0.0869990 seconds
84.321: [GC [PSYoungGen: 36869K->3296K(39424K)] 98195K->64661K(122368K), 0.0013090 secs] [Times: user=0.01 sys=0.00, real=0.00 secs] 
84.323: Total time for which application threads were stopped: 0.0014630 seconds, Stopping threads took: 0.0000730 seconds
84.413: Application time: 0.0897960 seconds
84.413: [GC [PSYoungGen: 38978K->1760K(37376K)] 100344K->63181K(120320K), 0.0009550 secs] [Times: user=0.01 sys=0.00, real=0.01 secs] 
84.414: Total time for which application threads were stopped: 0.0010960 seconds, Stopping threads took: 0.0000730 seconds
84.502: Application time: 0.0883620 seconds
84.502: [GC [PSYoungGen: 36922K->1792K(36864K)] 98344K->63293K(119808K), 0.0008290 secs] [Times: user=0.00 sys=0.00, real=0.00 secs] 
84.503: Total time for which application threads were stopped: 0.0009580 seconds, Stopping threads took: 0.0000520 seconds
84.588: Application time: 0.0853870 seconds
84.589: [GC [PSYoungGen: 36281K->2272K(36864K)] 97783K->63857K(119808K), 0.0010290 secs] [Times: user=0.01 sys=0.00, real=0.00 secs] 
84.590: Total time for which application threads were stopped: 0.0011710 seconds, Stopping threads took: 0.0000680 seconds
84.676: Application time: 0.0860400 seconds
84.676: [GC [PSYoungGen: 36327K->2304K(36352K)] 97913K->63889K(119296K), 0.0009500 secs] [Times: user=0.00 sys=0.00, real=0.00 secs] 
84.677: Total time for which application threads were stopped: 0.0010950 seconds, Stopping threads took: 0.0000720 seconds
84.761: Application time: 0.0840930 seconds
84.761: [GC [PSYoungGen: 35767K->2240K(40960K)] 97353K->63865K(123904K), 0.0009960 secs] [Times: user=0.00 sys=0.00, real=0.01 secs] 
84.762: Total time for which application threads were stopped: 0.0011320 seconds, Stopping threads took: 0.0000600 seconds
84.854: Application time: 0.0923980 seconds
84.854: [GC [PSYoungGen: 39456K->2784K(44544K)] 101082K->64409K(127488K), 0.0010080 secs] [Times: user=0.01 sys=0.00, real=0.00 secs] 
84.856: Total time for which application threads were stopped: 0.0011560 seconds, Stopping threads took: 0.0000750 seconds
84.956: Application time: 0.1007980 seconds
84.956: [GC [PSYoungGen: 43522K->2784K(44544K)] 105148K->64481K(127488K), 0.0012730 secs] [Times: user=0.01 sys=0.00, real=0.00 secs] 
84.958: Total time for which application threads were stopped: 0.0014250 seconds, Stopping threads took: 0.0000720 seconds
85.061: Application time: 0.1030940 seconds
85.061: [GC [PSYoungGen: 43526K->1696K(41984K)] 105224K->63433K(124928K), 0.0008390 secs] [Times: user=0.00 sys=0.01, real=0.01 secs] 
85.063: Total time for which application threads were stopped: 0.0018200 seconds, Stopping threads took: 0.0001650 seconds
85.162: Application time: 0.0994850 seconds
85.162: [GC [PSYoungGen: 41487K->1280K(40448K)] 103225K->63065K(123392K), 0.0006660 secs] [Times: user=0.01 sys=0.00, real=0.00 secs] 
85.163: Total time for which application threads were stopped: 0.0008510 seconds, Stopping threads took: 0.0001200 seconds
85.259: Application time: 0.0958520 seconds
85.259: [GC [PSYoungGen: 39958K->2272K(40448K)] 101744K->64130K(123392K), 0.0008690 secs] [Times: user=0.01 sys=0.00, real=0.00 secs] 
85.260: Total time for which application threads were stopped: 0.0010090 seconds, Stopping threads took: 0.0000670 seconds
85.353: Application time: 0.0926850 seconds
85.353: [GC [PSYoungGen: 39924K->2816K(39936K)] 101782K->64722K(122880K), 0.0011880 secs] [Times: user=0.00 sys=0.01, real=0.01 secs] 
85.354: Total time for which application threads were stopped: 0.0013280 seconds, Stopping threads took: 0.0000670 seconds
85.445: Application time: 0.0909570 seconds
85.445: [GC [PSYoungGen: 39444K->1760K(38400K)] 101350K->64226K(121344K), 0.0009190 secs] [Times: user=0.00 sys=0.00, real=0.00 secs] 
85.446: Total time for which application threads were stopped: 0.0010530 seconds, Stopping threads took: 0.0000630 seconds
85.535: Application time: 0.0889400 seconds
85.535: [GC [PSYoungGen: 37874K->1760K(37888K)] 100340K->64282K(120832K), 0.0008560 secs] [Times: user=0.01 sys=0.00, real=0.00 secs] 
85.536: Total time for which application threads were stopped: 0.0009950 seconds, Stopping threads took: 0.0000660 seconds
85.626: Application time: 0.0898430 seconds
85.626: [GC [PSYoungGen: 37358K->1792K(37376K)] 99880K->64370K(120320K), 0.0008600 secs] [Times: user=0.00 sys=0.00, real=0.00 secs] 
85.627: Total time for which application threads were stopped: 0.0009980 seconds, Stopping threads took: 0.0000650 seconds
85.713: Application time: 0.0858920 seconds
85.713: [GC [PSYoungGen: 36873K->2304K(37376K)] 99452K->64930K(120320K), 0.0010510 secs] [Times: user=0.00 sys=0.01, real=0.01 secs] 
85.714: Total time for which application threads were stopped: 0.0012090 seconds, Stopping threads took: 0.0000860 seconds
85.800: Application time: 0.0866770 seconds
85.801: [GC [PSYoungGen: 36956K->1248K(35840K)] 99582K->63930K(118784K), 0.0007980 secs] [Times: user=0.00 sys=0.00, real=0.00 secs] 
85.801: Total time for which application threads were stopped: 0.0009150 seconds, Stopping threads took: 0.0000550 seconds
85.886: Application time: 0.0841940 seconds
85.886: [GC [PSYoungGen: 35301K->1760K(35840K)] 97984K->64538K(118784K), 0.0008650 secs] [Times: user=0.01 sys=0.00, real=0.00 secs] 
85.887: Total time for which application threads were stopped: 0.0010000 seconds, Stopping threads took: 0.0000610 seconds
85.972: Application time: 0.0856860 seconds
85.972: [GC [PSYoungGen: 35227K->608K(34304K)] 98006K->63434K(117248K), 0.0007080 secs] [Times: user=0.00 sys=0.00, real=0.00 secs] 
85.973: Total time for which application threads were stopped: 0.0008630 seconds, Stopping threads took: 0.0000860 seconds
86.054: Application time: 0.0811710 seconds
86.054: [GC [PSYoungGen: 33631K->1280K(34304K)] 96458K->64106K(117248K), 0.0006620 secs] [Times: user=0.00 sys=0.00, real=0.00 secs] 
86.055: Total time for which application threads were stopped: 0.0007990 seconds, Stopping threads took: 0.0000700 seconds
86.137: Application time: 0.0817210 seconds
86.137: [GC [PSYoungGen: 33791K->1216K(34816K)] 96617K->64090K(117760K), 0.0007470 secs] [Times: user=0.00 sys=0.01, real=0.00 secs] 
86.138: Total time for which application threads were stopped: 0.0009040 seconds, Stopping threads took: 0.0000780 seconds
86.223: Application time: 0.0856110 seconds
86.226: [GC [PSYoungGen: 33209K->1728K(33792K)] 96083K->64658K(116736K), 0.0008660 secs] [Times: user=0.01 sys=0.00, real=0.00 secs] 
86.226: Total time for which application threads were stopped: 0.0030690 seconds, Stopping threads took: 0.0021320 seconds
86.309: Application time: 0.0822140 seconds
86.309: [GC [PSYoungGen: 33211K->1280K(33280K)] 96141K->64266K(116224K), 0.0007390 secs] [Times: user=0.00 sys=0.00, real=0.00 secs] 
86.310: Total time for which application threads were stopped: 0.0008850 seconds, Stopping threads took: 0.0000790 seconds
86.385: Application time: 0.0753430 seconds
86.385: [GC [PSYoungGen: 32226K->2816K(34304K)] 95212K->66346K(117248K), 0.0013260 secs] [Times: user=0.00 sys=0.00, real=0.00 secs] 
86.386: Total time for which application threads were stopped: 0.0014760 seconds, Stopping threads took: 0.0000740 seconds
86.464: Application time: 0.0779670 seconds
86.464: [GC [PSYoungGen: 33791K->1792K(32768K)] 97322K->65378K(115712K), 0.0007480 secs] [Times: user=0.00 sys=0.00, real=0.00 secs] 
86.465: Total time for which application threads were stopped: 0.0008950 seconds, Stopping threads took: 0.0000790 seconds
86.539: Application time: 0.0734370 seconds
86.539: [GC [PSYoungGen: 32309K->2848K(39936K)] 95895K->66482K(122880K), 0.0010950 secs] [Times: user=0.01 sys=0.00, real=0.00 secs] 
86.540: Total time for which application threads were stopped: 0.0012350 seconds, Stopping threads took: 0.0000630 seconds
86.631: Application time: 0.0909160 seconds
86.631: [GC [PSYoungGen: 38884K->2240K(40448K)] 102518K->65954K(123392K), 0.0009590 secs] [Times: user=0.01 sys=0.00, real=0.00 secs] 
86.632: Total time for which application threads were stopped: 0.0011090 seconds, Stopping threads took: 0.0000770 seconds
86.722: Application time: 0.0901480 seconds
86.722: [GC [PSYoungGen: 38788K->2304K(40448K)] 102502K->66018K(123392K), 0.0009780 secs] [Times: user=0.01 sys=0.00, real=0.00 secs] 
86.723: Total time for which application threads were stopped: 0.0011620 seconds, Stopping threads took: 0.0001070 seconds
86.814: Application time: 0.0910950 seconds
86.814: [GC [PSYoungGen: 39086K->2320K(48128K)] 102801K->66034K(131072K), 0.0008340 secs] [Times: user=0.01 sys=0.00, real=0.00 secs] 
86.815: Total time for which application threads were stopped: 0.0009720 seconds, Stopping threads took: 0.0000670 seconds
86.927: Application time: 0.1115080 seconds
86.927: [GC [PSYoungGen: 46583K->1248K(45056K)] 110297K->65074K(128000K), 0.0006230 secs] [Times: user=0.00 sys=0.00, real=0.00 secs] 
86.928: Total time for which application threads were stopped: 0.0007630 seconds, Stopping threads took: 0.0000760 seconds
87.035: Application time: 0.1075550 seconds
87.035: [GC [PSYoungGen: 44631K->2304K(45056K)] 108457K->66130K(128000K), 0.0009350 secs] [Times: user=0.00 sys=0.00, real=0.00 secs] 
87.036: Total time for which application threads were stopped: 0.0010740 seconds, Stopping threads took: 0.0000680 seconds
87.141: Application time: 0.1047240 seconds
87.141: [GC [PSYoungGen: 44584K->2304K(44032K)] 108411K->66218K(126976K), 0.0010380 secs] [Times: user=0.01 sys=0.00, real=0.01 secs] 
87.142: Total time for which application threads were stopped: 0.0011790 seconds, Stopping threads took: 0.0000670 seconds
87.245: Application time: 0.1028170 seconds
87.245: [GC [PSYoungGen: 43636K->1824K(43008K)] 107551K->65786K(125952K), 0.0008220 secs] [Times: user=0.00 sys=0.00, real=0.00 secs] 
87.246: Total time for which application threads were stopped: 0.0010340 seconds, Stopping threads took: 0.0001310 seconds
87.345: Application time: 0.0993300 seconds
87.345: [GC [PSYoungGen: 41968K->2272K(41984K)] 105931K->66314K(124928K), 0.0010040 secs] [Times: user=0.00 sys=0.01, real=0.00 secs] 
87.346: Total time for which application threads were stopped: 0.0011390 seconds, Stopping threads took: 0.0000650 seconds
87.444: Application time: 0.0976630 seconds
87.444: [GC [PSYoungGen: 41468K->2304K(40960K)] 105511K->66346K(123904K), 0.0010320 secs] [Times: user=0.01 sys=0.00, real=0.00 secs] 
87.445: Total time for which application threads were stopped: 0.0011840 seconds, Stopping threads took: 0.0000800 seconds
87.538: Application time: 0.0929340 seconds
87.538: [GC [PSYoungGen: 40544K->3296K(41984K)] 104587K->67386K(124928K), 0.0013750 secs] [Times: user=0.01 sys=0.00, real=0.00 secs] 
87.540: Total time for which application threads were stopped: 0.0015880 seconds, Stopping threads took: 0.0001350 seconds
87.638: Application time: 0.0979500 seconds
87.638: [GC [PSYoungGen: 41474K->1280K(38912K)] 105565K->65466K(121856K), 0.0006760 secs] [Times: user=0.01 sys=0.00, real=0.00 secs] 
87.639: Total time for which application threads were stopped: 0.0008440 seconds, Stopping threads took: 0.0000980 seconds
87.731: Application time: 0.0919710 seconds
87.731: [GC [PSYoungGen: 38498K->1280K(38400K)] 102685K->65522K(121344K), 0.0007250 secs] [Times: user=0.00 sys=0.00, real=0.00 secs] 
87.731: Total time for which application threads were stopped: 0.0008500 seconds, Stopping threads took: 0.0000620 seconds
87.822: Application time: 0.0908600 seconds
87.822: [GC [PSYoungGen: 37908K->736K(37376K)] 102151K->65075K(120320K), 0.0005840 secs] [Times: user=0.00 sys=0.00, real=0.00 secs] 
87.823: Total time for which application threads were stopped: 0.0007170 seconds, Stopping threads took: 0.0000650 seconds
87.910: Application time: 0.0867730 seconds
87.910: [GC [PSYoungGen: 36838K->3328K(39424K)] 101177K->67707K(122368K), 0.0013450 secs] [Times: user=0.01 sys=0.00, real=0.00 secs] 
87.911: Total time for which application threads were stopped: 0.0014990 seconds, Stopping threads took: 0.0000740 seconds
88.002: Application time: 0.0906410 seconds
88.002: [GC [PSYoungGen: 38854K->1792K(37376K)] 103233K->66227K(120320K), 0.0008940 secs] [Times: user=0.01 sys=0.00, real=0.00 secs] 
88.003: Total time for which application threads were stopped: 0.0010270 seconds, Stopping threads took: 0.0000620 seconds
88.087: Application time: 0.0844840 seconds
88.088: [GC [PSYoungGen: 36871K->2816K(40960K)] 101306K->67251K(123904K), 0.0011670 secs] [Times: user=0.01 sys=0.00, real=0.00 secs] 
88.089: Total time for which application threads were stopped: 0.0013090 seconds, Stopping threads took: 0.0000640 seconds
88.182: Application time: 0.0929430 seconds
88.182: [GC [PSYoungGen: 39522K->2304K(38912K)] 103957K->66787K(121856K), 0.0008700 secs] [Times: user=0.01 sys=0.00, real=0.00 secs] 
88.183: Total time for which application threads were stopped: 0.0010180 seconds, Stopping threads took: 0.0000750 seconds
88.273: Application time: 0.0902880 seconds
88.273: [GC [PSYoungGen: 38340K->1664K(37888K)] 102823K->66223K(120832K), 0.0009320 secs] [Times: user=0.00 sys=0.01, real=0.01 secs] 
88.274: Total time for which application threads were stopped: 0.0010740 seconds, Stopping threads took: 0.0000710 seconds
88.364: Application time: 0.0896250 seconds
88.364: [GC [PSYoungGen: 37418K->1792K(37376K)] 101978K->66351K(120320K), 0.0008940 secs] [Times: user=0.01 sys=0.00, real=0.00 secs] 
88.365: Total time for which application threads were stopped: 0.0010380 seconds, Stopping threads took: 0.0000660 seconds
88.452: Application time: 0.0876730 seconds
88.453: [GC [PSYoungGen: 36799K->1248K(36352K)] 101359K->65927K(119296K), 0.0007380 secs] [Times: user=0.00 sys=0.00, real=0.00 secs] 
88.453: Total time for which application threads were stopped: 0.0008800 seconds, Stopping threads took: 0.0000710 seconds
88.538: Application time: 0.0842260 seconds
88.538: [GC [PSYoungGen: 35892K->2304K(36864K)] 100571K->66983K(119808K), 0.0011210 secs] [Times: user=0.01 sys=0.00, real=0.00 secs] 
88.539: Total time for which application threads were stopped: 0.0012710 seconds, Stopping threads took: 0.0000760 seconds
88.622: Application time: 0.0835160 seconds
88.622: [GC [PSYoungGen: 36279K->2720K(38400K)] 100958K->67475K(121344K), 0.0012430 secs] [Times: user=0.00 sys=0.00, real=0.00 secs] 
88.624: Total time for which application threads were stopped: 0.0013950 seconds, Stopping threads took: 0.0000780 seconds
88.711: Application time: 0.0877130 seconds
88.712: [GC [PSYoungGen: 37292K->2304K(45568K)] 102047K->67059K(128512K), 0.0008400 secs] [Times: user=0.00 sys=0.00, real=0.00 secs] 
88.712: Total time for which application threads were stopped: 0.0009700 seconds, Stopping threads took: 0.0000600 seconds
88.815: Application time: 0.1028000 seconds
88.815: [GC [PSYoungGen: 43556K->1760K(42496K)] 108312K->66563K(125440K), 0.0007650 secs] [Times: user=0.01 sys=0.00, real=0.00 secs] 
88.816: Total time for which application threads were stopped: 0.0009600 seconds, Stopping threads took: 0.0001240 seconds
88.915: Application time: 0.0992840 seconds
88.916: [GC [PSYoungGen: 41986K->1792K(41984K)] 106790K->66643K(124928K), 0.0007740 secs] [Times: user=0.00 sys=0.00, real=0.00 secs] 
88.916: Total time for which application threads were stopped: 0.0009260 seconds, Stopping threads took: 0.0000740 seconds
89.015: Application time: 0.0991020 seconds
89.016: [GC [PSYoungGen: 41138K->3376K(41984K)] 105990K->68267K(124928K), 0.0013480 secs] [Times: user=0.01 sys=0.00, real=0.00 secs] 
89.017: Total time for which application threads were stopped: 0.0014880 seconds, Stopping threads took: 0.0000580 seconds
89.113: Application time: 0.0964730 seconds
89.114: [GC [PSYoungGen: 41472K->1696K(39936K)] 106363K->66711K(122880K), 0.0008160 secs] [Times: user=0.01 sys=0.00, real=0.00 secs] 
89.114: Total time for which application threads were stopped: 0.0009420 seconds, Stopping threads took: 0.0000570 seconds
89.205: Application time: 0.0907810 seconds
89.205: [GC [PSYoungGen: 38910K->2832K(39936K)] 103926K->67847K(122880K), 0.0011720 secs] [Times: user=0.01 sys=0.00, real=0.00 secs] 
89.207: Total time for which application threads were stopped: 0.0013720 seconds, Stopping threads took: 0.0001280 seconds
89.298: Application time: 0.0914070 seconds
89.298: [GC [PSYoungGen: 39382K->2304K(39936K)] 104397K->67399K(122880K), 0.0010240 secs] [Times: user=0.01 sys=0.00, real=0.00 secs] 
89.299: Total time for which application threads were stopped: 0.0011950 seconds, Stopping threads took: 0.0000990 seconds
89.390: Application time: 0.0905300 seconds
89.390: [GC [PSYoungGen: 38418K->1792K(37888K)] 103513K->66887K(120832K), 0.0008430 secs] [Times: user=0.01 sys=0.00, real=0.00 secs] 
89.391: Total time for which application threads were stopped: 0.0009770 seconds, Stopping threads took: 0.0000680 seconds
89.476: Application time: 0.0852710 seconds
89.476: [GC [PSYoungGen: 37386K->2816K(39936K)] 102481K->67951K(122880K), 0.0011790 secs] [Times: user=0.01 sys=0.00, real=0.00 secs] 
89.477: Total time for which application threads were stopped: 0.0014620 seconds, Stopping threads took: 0.0001960 seconds
89.569: Application time: 0.0912420 seconds
89.569: [GC [PSYoungGen: 38420K->1248K(36864K)] 103556K->66447K(119808K), 0.0007080 secs] [Times: user=0.00 sys=0.00, real=0.00 secs] 
89.569: Total time for which application threads were stopped: 0.0008430 seconds, Stopping threads took: 0.0000690 seconds
89.655: Application time: 0.0859270 seconds
89.656: [GC [PSYoungGen: 36408K->1792K(38400K)] 101607K->67055K(121344K), 0.0008490 secs] [Times: user=0.00 sys=0.00, real=0.00 secs] 
89.656: Total time for which application threads were stopped: 0.0009800 seconds, Stopping threads took: 0.0000630 seconds
89.744: Application time: 0.0873920 seconds
89.746: [GC [PSYoungGen: 36364K->1280K(35840K)] 101627K->66631K(118784K), 0.0007470 secs] [Times: user=0.00 sys=0.00, real=0.00 secs] 
89.746: Total time for which application threads were stopped: 0.0025140 seconds, Stopping threads took: 0.0017030 seconds
89.830: Application time: 0.0840560 seconds
89.830: [GC [PSYoungGen: 35333K->1792K(36352K)] 100685K->67191K(119296K), 0.0008560 secs] [Times: user=0.00 sys=0.00, real=0.00 secs] 
89.831: Total time for which application threads were stopped: 0.0009970 seconds, Stopping threads took: 0.0000700 seconds
89.914: Application time: 0.0822900 seconds
89.914: [GC [PSYoungGen: 35331K->2272K(35840K)] 100731K->67727K(118784K), 0.0009790 secs] [Times: user=0.00 sys=0.00, real=0.00 secs] 
89.915: Total time for which application threads were stopped: 0.0011170 seconds, Stopping threads took: 0.0000640 seconds
89.997: Application time: 0.0819950 seconds
89.997: [GC [PSYoungGen: 35219K->2304K(35840K)] 100675K->67807K(118784K), 0.0010180 secs] [Times: user=0.01 sys=0.00, real=0.00 secs] 
89.998: Total time for which application threads were stopped: 0.0012000 seconds, Stopping threads took: 0.0001020 seconds
90.078: Application time: 0.0795500 seconds
90.078: [GC [PSYoungGen: 34811K->2784K(36352K)] 100315K->68287K(119296K), 0.0011880 secs] [Times: user=0.00 sys=0.00, real=0.00 secs] 
90.079: Total time for which application threads were stopped: 0.0016170 seconds, Stopping threads took: 0.0000670 seconds
90.162: Application time: 0.0825280 seconds
90.162: [GC [PSYoungGen: 35299K->2304K(43008K)] 100803K->67855K(125952K), 0.0008810 secs] [Times: user=0.00 sys=0.00, real=0.00 secs] 
90.163: Total time for which application threads were stopped: 0.0010420 seconds, Stopping threads took: 0.0000850 seconds
90.260: Application time: 0.0972080 seconds
90.260: [GC [PSYoungGen: 41504K->1248K(39936K)] 107056K->66863K(122880K), 0.0006520 secs] [Times: user=0.00 sys=0.00, real=0.00 secs] 
90.261: Total time for which application threads were stopped: 0.0007970 seconds, Stopping threads took: 0.0000790 seconds
90.354: Application time: 0.0930250 seconds
90.354: [GC [PSYoungGen: 39570K->1808K(39936K)] 105186K->67488K(122880K), 0.0008360 secs] [Times: user=0.00 sys=0.00, real=0.00 secs] 
90.355: Total time for which application threads were stopped: 0.0009640 seconds, Stopping threads took: 0.0000550 seconds
90.447: Application time: 0.0923720 seconds
90.447: [GC [PSYoungGen: 38946K->2272K(39424K)] 104626K->68068K(122368K), 0.0010610 secs] [Times: user=0.00 sys=0.00, real=0.00 secs] 
90.448: Total time for which application threads were stopped: 0.0011940 seconds, Stopping threads took: 0.0000610 seconds
90.539: Application time: 0.0910510 seconds
90.539: [GC [PSYoungGen: 38900K->1760K(39424K)] 104696K->67604K(122368K), 0.0007730 secs] [Times: user=0.01 sys=0.00, real=0.00 secs] 
90.540: Total time for which application threads were stopped: 0.0009140 seconds, Stopping threads took: 0.0000660 seconds
90.630: Application time: 0.0900680 seconds
90.630: [GC [PSYoungGen: 37795K->1216K(37376K)] 103640K->67116K(120320K), 0.0007220 secs] [Times: user=0.00 sys=0.00, real=0.00 secs] 
90.631: Total time for which application threads were stopped: 0.0008510 seconds, Stopping threads took: 0.0000640 seconds
90.718: Application time: 0.0864670 seconds
90.718: [GC [PSYoungGen: 36808K->2752K(38400K)] 102708K->68652K(121344K), 0.0012210 secs] [Times: user=0.01 sys=0.00, real=0.00 secs] 
90.719: Total time for which application threads were stopped: 0.0013750 seconds, Stopping threads took: 0.0000780 seconds
90.807: Application time: 0.0876930 seconds
90.807: [GC [PSYoungGen: 37842K->1248K(36352K)] 103742K->67212K(119296K), 0.0006980 secs] [Times: user=0.00 sys=0.00, real=0.00 secs] 
90.808: Total time for which application threads were stopped: 0.0008280 seconds, Stopping threads took: 0.0000650 seconds
90.893: Application time: 0.0854270 seconds
90.893: [GC [PSYoungGen: 35814K->1728K(37376K)] 101778K->67740K(120320K), 0.0008670 secs] [Times: user=0.00 sys=0.00, real=0.01 secs] 
90.894: Total time for which application threads were stopped: 0.0010500 seconds, Stopping threads took: 0.0001070 seconds
90.979: Application time: 0.0848350 seconds
90.979: [GC [PSYoungGen: 35862K->2320K(36352K)] 101874K->68388K(119296K), 0.0009570 secs] [Times: user=0.00 sys=0.00, real=0.00 secs] 
90.980: Total time for which application threads were stopped: 0.0010890 seconds, Stopping threads took: 0.0000600 seconds
91.063: Application time: 0.0830890 seconds
91.063: [GC [PSYoungGen: 35862K->2240K(36352K)] 101930K->68388K(119296K), 0.0010330 secs] [Times: user=0.00 sys=0.00, real=0.00 secs] 
91.064: Total time for which application threads were stopped: 0.0011720 seconds, Stopping threads took: 0.0000640 seconds
91.147: Application time: 0.0825110 seconds
91.147: [GC [PSYoungGen: 35267K->2272K(36864K)] 101416K->68468K(119808K), 0.0009860 secs] [Times: user=0.01 sys=0.00, real=0.00 secs] 
91.148: Total time for which application threads were stopped: 0.0011160 seconds, Stopping threads took: 0.0000600 seconds
91.229: Application time: 0.0810450 seconds
91.229: [GC [PSYoungGen: 35299K->2304K(43520K)] 101496K->68548K(126464K), 0.0008800 secs] [Times: user=0.00 sys=0.00, real=0.00 secs] 
91.230: Total time for which application threads were stopped: 0.0010270 seconds, Stopping threads took: 0.0000730 seconds
91.329: Application time: 0.0993830 seconds
91.329: [GC [PSYoungGen: 41938K->1728K(40960K)] 108182K->68020K(123904K), 0.0008330 secs] [Times: user=0.00 sys=0.00, real=0.00 secs] 
91.330: Total time for which application threads were stopped: 0.0009590 seconds, Stopping threads took: 0.0000580 seconds
91.424: Application time: 0.0933530 seconds
91.424: [GC [PSYoungGen: 40404K->3328K(42496K)] 106696K->69620K(125440K), 0.0012960 secs] [Times: user=0.01 sys=0.00, real=0.00 secs] 
91.425: Total time for which application threads were stopped: 0.0014510 seconds, Stopping threads took: 0.0000730 seconds
91.525: Application time: 0.1003670 seconds
91.526: [GC [PSYoungGen: 42099K->704K(38912K)] 108391K->67044K(121856K), 0.0005840 secs] [Times: user=0.00 sys=0.00, real=0.00 secs] 
91.526: Total time for which application threads were stopped: 0.0007070 seconds, Stopping threads took: 0.0000620 seconds
91.618: Application time: 0.0918200 seconds
91.618: [GC [PSYoungGen: 38356K->1280K(39936K)] 104696K->67708K(122880K), 0.0006920 secs] [Times: user=0.01 sys=0.00, real=0.00 secs] 
91.619: Total time for which application threads were stopped: 0.0008310 seconds, Stopping threads took: 0.0000650 seconds
91.709: Application time: 0.0903240 seconds
91.709: [GC [PSYoungGen: 37980K->2304K(38912K)] 104408K->68780K(121856K), 0.0011260 secs] [Times: user=0.00 sys=0.01, real=0.00 secs] 
91.710: Total time for which application threads were stopped: 0.0012620 seconds, Stopping threads took: 0.0000650 seconds
91.798: Application time: 0.0871120 seconds
91.798: [GC [PSYoungGen: 38416K->2304K(38912K)] 104892K->68860K(121856K), 0.0009590 secs] [Times: user=0.00 sys=0.00, real=0.00 secs] 
91.799: Total time for which application threads were stopped: 0.0011910 seconds, Stopping threads took: 0.0001600 seconds
91.889: Application time: 0.0898870 seconds
91.889: [GC [PSYoungGen: 37906K->1248K(36864K)] 104462K->67860K(119808K), 0.0007400 secs] [Times: user=0.01 sys=0.00, real=0.00 secs] 
91.890: Total time for which application threads were stopped: 0.0009860 seconds, Stopping threads took: 0.0001800 seconds
91.976: Application time: 0.0861440 seconds
91.976: [GC [PSYoungGen: 36251K->1760K(37888K)] 102864K->68428K(120832K), 0.0007940 secs] [Times: user=0.01 sys=0.00, real=0.00 secs] 
91.977: Total time for which application threads were stopped: 0.0009200 seconds, Stopping threads took: 0.0000590 seconds
92.061: Application time: 0.0846090 seconds
92.061: [GC [PSYoungGen: 36329K->1760K(36352K)] 102998K->68428K(119296K), 0.0008310 secs] [Times: user=0.01 sys=0.00, real=0.01 secs] 
92.062: Total time for which application threads were stopped: 0.0009710 seconds, Stopping threads took: 0.0000680 seconds
92.145: Application time: 0.0826360 seconds
92.145: [GC [PSYoungGen: 35733K->2784K(36864K)] 102402K->69500K(119808K), 0.0011740 secs] [Times: user=0.01 sys=0.00, real=0.00 secs] 
92.146: Total time for which application threads were stopped: 0.0013210 seconds, Stopping threads took: 0.0000650 seconds
92.233: Application time: 0.0866890 seconds
92.233: [GC [PSYoungGen: 36412K->720K(34304K)] 103129K->67436K(117248K), 0.0006330 secs] [Times: user=0.00 sys=0.00, real=0.01 secs] 
92.234: Total time for which application threads were stopped: 0.0007530 seconds, Stopping threads took: 0.0000590 seconds
92.315: Application time: 0.0814500 seconds
92.315: [GC [PSYoungGen: 33904K->816K(35840K)] 100620K->67628K(118784K), 0.0005830 secs] [Times: user=0.01 sys=0.00, real=0.00 secs] 
92.316: Total time for which application threads were stopped: 0.0007090 seconds, Stopping threads took: 0.0000640 seconds
92.395: Application time: 0.0796900 seconds
92.396: [GC [PSYoungGen: 33249K->736K(33280K)] 100062K->67668K(116224K), 0.0005540 secs] [Times: user=0.01 sys=0.00, real=0.00 secs] 
92.396: Total time for which application threads were stopped: 0.0006850 seconds, Stopping threads took: 0.0000640 seconds
92.473: Application time: 0.0770750 seconds
92.473: [GC [PSYoungGen: 32710K->3328K(35328K)] 99643K->70260K(118272K), 0.0013470 secs] [Times: user=0.01 sys=0.00, real=0.01 secs] 
92.475: Total time for which application threads were stopped: 0.0014950 seconds, Stopping threads took: 0.0000700 seconds
92.553: Application time: 0.0782570 seconds
92.553: [GC [PSYoungGen: 34815K->2304K(35840K)] 101748K->69284K(118784K), 0.0009900 secs] [Times: user=0.00 sys=0.00, real=0.01 secs] 
92.554: Total time for which application threads were stopped: 0.0011250 seconds, Stopping threads took: 0.0000630 seconds
92.634: Application time: 0.0797210 seconds
92.634: [GC [PSYoungGen: 33709K->1792K(33280K)] 100690K->68828K(116224K), 0.0007500 secs] [Times: user=0.01 sys=0.00, real=0.00 secs] 
92.635: Total time for which application threads were stopped: 0.0009340 seconds, Stopping threads took: 0.0001170 seconds
92.712: Application time: 0.0772060 seconds
92.712: [GC [PSYoungGen: 32759K->1280K(32256K)] 99796K->68316K(115200K), 0.0006900 secs] [Times: user=0.01 sys=0.00, real=0.00 secs] 
92.713: Total time for which application threads were stopped: 0.0008300 seconds, Stopping threads took: 0.0000660 seconds
92.787: Application time: 0.0742940 seconds
92.787: [GC [PSYoungGen: 31636K->2784K(38912K)] 98673K->69860K(121856K), 0.0010360 secs] [Times: user=0.01 sys=0.00, real=0.00 secs] 
92.788: Total time for which application threads were stopped: 0.0011820 seconds, Stopping threads took: 0.0000710 seconds
92.877: Application time: 0.0887780 seconds
92.877: [GC [PSYoungGen: 37442K->128K(34816K)] 104519K->67204K(117760K), 0.0004820 secs] [Times: user=0.00 sys=0.00, real=0.00 secs] 
92.878: Total time for which application threads were stopped: 0.0006210 seconds, Stopping threads took: 0.0000770 seconds
92.961: Application time: 0.0831460 seconds
92.961: [GC [PSYoungGen: 34257K->1296K(37376K)] 101334K->68453K(120320K), 0.0006940 secs] [Times: user=0.00 sys=0.00, real=0.01 secs] 
92.962: Total time for which application threads were stopped: 0.0008270 seconds, Stopping threads took: 0.0000670 seconds
93.046: Application time: 0.0840830 seconds
93.046: [GC [PSYoungGen: 34835K->1760K(35328K)] 101992K->68997K(118272K), 0.0009040 secs] [Times: user=0.00 sys=0.00, real=0.00 secs] 
93.047: Total time for which application threads were stopped: 0.0010300 seconds, Stopping threads took: 0.0000570 seconds
93.128: Application time: 0.0815370 seconds
93.128: [GC [PSYoungGen: 34787K->1760K(35328K)] 102024K->69045K(118272K), 0.0008880 secs] [Times: user=0.01 sys=0.00, real=0.00 secs] 
93.129: Total time for which application threads were stopped: 0.0010190 seconds, Stopping threads took: 0.0000620 seconds
93.208: Application time: 0.0789800 seconds
93.208: [GC [PSYoungGen: 34275K->1280K(33792K)] 101560K->68629K(116736K), 0.0006740 secs] [Times: user=0.00 sys=0.00, real=0.00 secs] 
93.209: Total time for which application threads were stopped: 0.0008070 seconds, Stopping threads took: 0.0000670 seconds
93.290: Application time: 0.0807720 seconds
93.290: [GC [PSYoungGen: 33197K->704K(34816K)] 100546K->68109K(117760K), 0.0006130 secs] [Times: user=0.00 sys=0.00, real=0.00 secs] 
93.291: Total time for which application threads were stopped: 0.0007660 seconds, Stopping threads took: 0.0000790 seconds
93.367: Application time: 0.0764020 seconds
93.367: [GC [PSYoungGen: 32178K->1760K(33280K)] 99584K->69165K(116224K), 0.0008280 secs] [Times: user=0.00 sys=0.00, real=0.00 secs] 
93.368: Total time for which application threads were stopped: 0.0009640 seconds, Stopping threads took: 0.0000650 seconds
93.445: Application time: 0.0773000 seconds
93.445: [GC [PSYoungGen: 32644K->1760K(33792K)] 100050K->69221K(116736K), 0.0008160 secs] [Times: user=0.00 sys=0.00, real=0.00 secs] 
93.446: Total time for which application threads were stopped: 0.0009570 seconds, Stopping threads took: 0.0000750 seconds
93.520: Application time: 0.0739870 seconds
93.521: [GC [PSYoungGen: 32279K->2816K(34304K)] 99740K->70277K(117248K), 0.0012090 secs] [Times: user=0.01 sys=0.00, real=0.01 secs] 
93.522: Total time for which application threads were stopped: 0.0014420 seconds, Stopping threads took: 0.0001570 seconds
93.601: Application time: 0.0789860 seconds
93.601: [GC [PSYoungGen: 33358K->768K(31232K)] 100819K->68321K(114176K), 0.0005910 secs] [Times: user=0.00 sys=0.01, real=0.01 secs] 
93.601: Total time for which application threads were stopped: 0.0007100 seconds, Stopping threads took: 0.0000560 seconds
93.676: Application time: 0.0750180 seconds
93.677: [GC [PSYoungGen: 30694K->1760K(31744K)] 98248K->69393K(114688K), 0.0008580 secs] [Times: user=0.00 sys=0.00, real=0.00 secs] 
93.677: Total time for which application threads were stopped: 0.0009970 seconds, Stopping threads took: 0.0000670 seconds
93.750: Application time: 0.0725490 seconds
93.750: [GC [PSYoungGen: 31170K->2304K(37376K)] 98803K->69977K(120320K), 0.0008800 secs] [Times: user=0.01 sys=0.00, real=0.00 secs] 
93.751: Total time for which application threads were stopped: 0.0010180 seconds, Stopping threads took: 0.0000670 seconds
93.833: Application time: 0.0821040 seconds
93.833: [GC [PSYoungGen: 35765K->2272K(37376K)] 103438K->70001K(120320K), 0.0009840 secs] [Times: user=0.01 sys=0.00, real=0.01 secs] 
93.834: Total time for which application threads were stopped: 0.0012130 seconds, Stopping threads took: 0.0001480 seconds
93.917: Application time: 0.0829830 seconds
93.917: [GC [PSYoungGen: 35816K->2304K(44544K)] 103545K->70033K(127488K), 0.0008360 secs] [Times: user=0.01 sys=0.00, real=0.00 secs] 
93.918: Total time for which application threads were stopped: 0.0009840 seconds, Stopping threads took: 0.0000760 seconds
94.021: Application time: 0.1024710 seconds
94.021: [GC [PSYoungGen: 43044K->1792K(41984K)] 110774K->69569K(124928K), 0.0007100 secs] [Times: user=0.01 sys=0.00, real=0.01 secs] 
94.022: Total time for which application threads were stopped: 0.0008410 seconds, Stopping threads took: 0.0000600 seconds
94.116: Application time: 0.0947750 seconds
94.117: [GC [PSYoungGen: 41420K->2720K(41984K)] 109197K->70545K(124928K), 0.0011750 secs] [Times: user=0.01 sys=0.00, real=0.00 secs] 
94.118: Total time for which application threads were stopped: 0.0013300 seconds, Stopping threads took: 0.0000780 seconds
94.217: Application time: 0.0990540 seconds
94.217: [GC [PSYoungGen: 41486K->1248K(39424K)] 109312K->69073K(122368K), 0.0007590 secs] [Times: user=0.01 sys=0.00, real=0.00 secs] 
94.218: Total time for which application threads were stopped: 0.0009000 seconds, Stopping threads took: 0.0000710 seconds
94.311: Application time: 0.0928340 seconds
94.311: [GC [PSYoungGen: 39056K->1808K(39424K)] 106882K->69713K(122368K), 0.0009250 secs] [Times: user=0.00 sys=0.00, real=0.00 secs] 
94.312: Total time for which application threads were stopped: 0.0010560 seconds, Stopping threads took: 0.0000630 seconds
94.403: Application time: 0.0917900 seconds
94.404: [GC [PSYoungGen: 38356K->1792K(38400K)] 106261K->69809K(121344K), 0.0008620 secs] [Times: user=0.00 sys=0.00, real=0.00 secs] 
94.404: Total time for which application threads were stopped: 0.0009990 seconds, Stopping threads took: 0.0000560 seconds
94.492: Application time: 0.0873830 seconds
94.492: [GC [PSYoungGen: 37900K->2816K(38912K)] 105917K->70833K(121856K), 0.0011720 secs] [Times: user=0.01 sys=0.00, real=0.00 secs] 
94.493: Total time for which application threads were stopped: 0.0013190 seconds, Stopping threads took: 0.0000730 seconds
94.583: Application time: 0.0893970 seconds
94.583: [GC [PSYoungGen: 38416K->2208K(39424K)] 106433K->70273K(122368K), 0.0010260 secs] [Times: user=0.01 sys=0.00, real=0.00 secs] 
94.584: Total time for which application threads were stopped: 0.0011560 seconds, Stopping threads took: 0.0000610 seconds
94.673: Application time: 0.0893820 seconds
94.673: [GC [PSYoungGen: 37731K->1248K(36864K)] 105797K->69377K(119808K), 0.0006270 secs] [Times: user=0.00 sys=0.00, real=0.01 secs] 
94.674: Total time for which application threads were stopped: 0.0007670 seconds, Stopping threads took: 0.0000720 seconds
94.759: Application time: 0.0850850 seconds
94.759: [GC [PSYoungGen: 36328K->2272K(37376K)] 104457K->70401K(120320K), 0.0010000 secs] [Times: user=0.01 sys=0.00, real=0.00 secs] 
94.760: Total time for which application threads were stopped: 0.0011420 seconds, Stopping threads took: 0.0000690 seconds
94.845: Application time: 0.0847280 seconds
94.845: [GC [PSYoungGen: 36838K->3328K(43008K)] 104967K->71497K(125952K), 0.0011660 secs] [Times: user=0.00 sys=0.01, real=0.00 secs] 
94.846: Total time for which application threads were stopped: 0.0013060 seconds, Stopping threads took: 0.0000620 seconds
94.946: Application time: 0.0999270 seconds
94.946: [GC [PSYoungGen: 42687K->1776K(40448K)] 110857K->69993K(123392K), 0.0009000 secs] [Times: user=0.01 sys=0.00, real=0.00 secs] 
94.947: Total time for which application threads were stopped: 0.0010470 seconds, Stopping threads took: 0.0000690 seconds
95.042: Application time: 0.0946600 seconds
95.042: [GC [PSYoungGen: 39944K->1760K(39936K)] 108162K->70093K(122880K), 0.0008860 secs] [Times: user=0.01 sys=0.00, real=0.00 secs] 
95.043: Total time for which application threads were stopped: 0.0010130 seconds, Stopping threads took: 0.0000600 seconds
95.136: Application time: 0.0928700 seconds
95.136: [GC [PSYoungGen: 38902K->1248K(38400K)] 107236K->69621K(121344K), 0.0007120 secs] [Times: user=0.00 sys=0.00, real=0.00 secs] 
95.137: Total time for which application threads were stopped: 0.0016980 seconds, Stopping threads took: 0.0000530 seconds
95.228: Application time: 0.0909080 seconds
95.228: [GC [PSYoungGen: 37876K->736K(39424K)] 106250K->69181K(122368K), 0.0005710 secs] [Times: user=0.00 sys=0.00, real=0.00 secs] 
95.229: Total time for which application threads were stopped: 0.0006960 seconds, Stopping threads took: 0.0000650 seconds
95.316: Application time: 0.0872580 seconds
95.316: [GC [PSYoungGen: 36763K->2272K(38400K)] 105209K->70765K(121344K), 0.0009910 secs] [Times: user=0.01 sys=0.00, real=0.00 secs] 
95.317: Total time for which application threads were stopped: 0.0011560 seconds, Stopping threads took: 0.0000920 seconds
95.406: Application time: 0.0881630 seconds
95.406: [GC [PSYoungGen: 37870K->2304K(38400K)] 106364K->70797K(121344K), 0.0010010 secs] [Times: user=0.01 sys=0.00, real=0.00 secs] 
95.407: Total time for which application threads were stopped: 0.0011560 seconds, Stopping threads took: 0.0000850 seconds
95.493: Application time: 0.0866580 seconds
95.493: [GC [PSYoungGen: 37390K->1728K(36864K)] 105883K->70269K(119808K), 0.0008460 secs] [Times: user=0.00 sys=0.00, real=0.00 secs] 
95.494: Total time for which application threads were stopped: 0.0009930 seconds, Stopping threads took: 0.0000690 seconds
95.580: Application time: 0.0859960 seconds
95.580: [GC [PSYoungGen: 36370K->3280K(37888K)] 104912K->71862K(120832K), 0.0013950 secs] [Times: user=0.01 sys=0.00, real=0.01 secs] 
95.582: Total time for which application threads were stopped: 0.0015450 seconds, Stopping threads took: 0.0000710 seconds
95.669: Application time: 0.0868620 seconds
95.669: [GC [PSYoungGen: 37422K->1280K(35328K)] 106004K->69950K(118272K), 0.0007150 secs] [Times: user=0.01 sys=0.00, real=0.00 secs] 
95.670: Total time for which application threads were stopped: 0.0008900 seconds, Stopping threads took: 0.0001100 seconds
95.752: Application time: 0.0821220 seconds
95.752: [GC [PSYoungGen: 34819K->1792K(35840K)] 103489K->70534K(118784K), 0.0009030 secs] [Times: user=0.00 sys=0.00, real=0.00 secs] 
95.753: Total time for which application threads were stopped: 0.0010280 seconds, Stopping threads took: 0.0000570 seconds
95.834: Application time: 0.0812410 seconds
95.834: [GC [PSYoungGen: 34815K->2304K(36864K)] 103557K->71102K(119808K), 0.0009700 secs] [Times: user=0.01 sys=0.00, real=0.00 secs] 
95.835: Total time for which application threads were stopped: 0.0011110 seconds, Stopping threads took: 0.0000720 seconds
95.918: Application time: 0.0824520 seconds
95.918: [GC [PSYoungGen: 35253K->2240K(35328K)] 104051K->71086K(118272K), 0.0008430 secs] [Times: user=0.01 sys=0.00, real=0.00 secs] 
95.919: Total time for which application threads were stopped: 0.0009860 seconds, Stopping threads took: 0.0000750 seconds
96.002: Application time: 0.0832790 seconds
96.002: [GC [PSYoungGen: 34755K->1792K(34304K)] 103601K->70638K(117248K), 0.0009220 secs] [Times: user=0.01 sys=0.00, real=0.00 secs] 
96.003: Total time for which application threads were stopped: 0.0010560 seconds, Stopping threads took: 0.0000540 seconds
96.081: Application time: 0.0778820 seconds
96.081: [GC [PSYoungGen: 33705K->2304K(34304K)] 102551K->71198K(117248K), 0.0008800 secs] [Times: user=0.00 sys=0.00, real=0.01 secs] 
96.082: Total time for which application threads were stopped: 0.0010200 seconds, Stopping threads took: 0.0000660 seconds
96.161: Application time: 0.0792950 seconds
96.161: [GC [PSYoungGen: 33709K->1664K(33280K)] 102603K->70558K(116224K), 0.0008670 secs] [Times: user=0.00 sys=0.00, real=0.01 secs] 
96.162: Total time for which application threads were stopped: 0.0010070 seconds, Stopping threads took: 0.0000680 seconds
96.239: Application time: 0.0770420 seconds
96.239: [GC [PSYoungGen: 32783K->1248K(32256K)] 101678K->70142K(115200K), 0.0007770 secs] [Times: user=0.00 sys=0.00, real=0.00 secs] 
96.240: Total time for which application threads were stopped: 0.0009170 seconds, Stopping threads took: 0.0000760 seconds
96.314: Application time: 0.0739270 seconds
96.314: [GC [PSYoungGen: 31773K->1760K(32256K)] 100667K->70770K(115200K), 0.0008860 secs] [Times: user=0.01 sys=0.00, real=0.00 secs] 
96.315: Total time for which application threads were stopped: 0.0010190 seconds, Stopping threads took: 0.0000630 seconds
96.389: Application time: 0.0735540 seconds
96.389: [GC [PSYoungGen: 31682K->2816K(35328K)] 100693K->71906K(118272K), 0.0011830 secs] [Times: user=0.01 sys=0.00, real=0.00 secs] 
96.390: Total time for which application threads were stopped: 0.0013300 seconds, Stopping threads took: 0.0000720 seconds
96.471: Application time: 0.0806340 seconds
96.471: [GC [PSYoungGen: 34221K->2304K(35328K)] 103311K->71442K(118272K), 0.0009920 secs] [Times: user=0.01 sys=0.00, real=0.00 secs] 
96.472: Total time for which application threads were stopped: 0.0011400 seconds, Stopping threads took: 0.0000790 seconds
96.550: Application time: 0.0778750 seconds
96.550: [GC [PSYoungGen: 33791K->1280K(41984K)] 102930K->70418K(124928K), 0.0006040 secs] [Times: user=0.00 sys=0.00, real=0.00 secs] 
96.550: Total time for which application threads were stopped: 0.0007560 seconds, Stopping threads took: 0.0000780 seconds
96.645: Application time: 0.0944880 seconds
96.645: [GC [PSYoungGen: 39368K->1696K(39424K)] 108506K->70874K(122368K), 0.0007790 secs] [Times: user=0.00 sys=0.00, real=0.00 secs] 
96.646: Total time for which application threads were stopped: 0.0009130 seconds, Stopping threads took: 0.0000650 seconds
96.737: Application time: 0.0911830 seconds
96.737: [GC [PSYoungGen: 38833K->2304K(39936K)] 108012K->71482K(122880K), 0.0009290 secs] [Times: user=0.00 sys=0.01, real=0.00 secs] 
96.738: Total time for which application threads were stopped: 0.0010690 seconds, Stopping threads took: 0.0000620 seconds
96.828: Application time: 0.0904100 seconds
96.829: [GC [PSYoungGen: 38854K->1760K(38400K)] 108032K->70994K(121344K), 0.0008100 secs] [Times: user=0.01 sys=0.00, real=0.00 secs] 
96.829: Total time for which application threads were stopped: 0.0009470 seconds, Stopping threads took: 0.0000700 seconds
96.920: Application time: 0.0902230 seconds
96.920: [GC [PSYoungGen: 38028K->1792K(37888K)] 107263K->71026K(120832K), 0.0008140 secs] [Times: user=0.00 sys=0.00, real=0.00 secs] 
96.921: Total time for which application threads were stopped: 0.0009520 seconds, Stopping threads took: 0.0000680 seconds
97.009: Application time: 0.0883500 seconds
97.009: [GC [PSYoungGen: 37470K->1216K(36864K)] 106704K->70570K(119808K), 0.0007860 secs] [Times: user=0.00 sys=0.00, real=0.00 secs] 
97.010: Total time for which application threads were stopped: 0.0009140 seconds, Stopping threads took: 0.0000620 seconds
97.095: Application time: 0.0855430 seconds
97.095: [GC [PSYoungGen: 36294K->2816K(37888K)] 105648K->72250K(120832K), 0.0011810 secs] [Times: user=0.01 sys=0.00, real=0.00 secs] 
97.097: Total time for which application threads were stopped: 0.0013340 seconds, Stopping threads took: 0.0000710 seconds
97.185: Application time: 0.0883770 seconds
97.185: [GC [PSYoungGen: 37390K->1760K(36352K)] 106824K->71250K(119296K), 0.0008510 secs] [Times: user=0.00 sys=0.00, real=0.00 secs] 
97.186: Total time for which application threads were stopped: 0.0009790 seconds, Stopping threads took: 0.0000580 seconds
97.271: Application time: 0.0846420 seconds
97.271: [GC [PSYoungGen: 35737K->1792K(36864K)] 105228K->71338K(119808K), 0.0008350 secs] [Times: user=0.00 sys=0.00, real=0.00 secs] 
97.272: Total time for which application threads were stopped: 0.0009730 seconds, Stopping threads took: 0.0000680 seconds
97.354: Application time: 0.0823600 seconds
97.354: [GC [PSYoungGen: 35331K->2304K(35840K)] 104878K->71850K(118784K), 0.0010100 secs] [Times: user=0.01 sys=0.00, real=0.00 secs] 
97.355: Total time for which application threads were stopped: 0.0011470 seconds, Stopping threads took: 0.0000650 seconds
97.437: Application time: 0.0822060 seconds
97.437: [GC [PSYoungGen: 35253K->2272K(36864K)] 104800K->71866K(119808K), 0.0010100 secs] [Times: user=0.01 sys=0.00, real=0.00 secs] 
97.439: Total time for which application threads were stopped: 0.0011480 seconds, Stopping threads took: 0.0000660 seconds
97.520: Application time: 0.0814810 seconds
97.520: [GC [PSYoungGen: 35295K->2784K(36864K)] 104890K->72378K(119808K), 0.0011450 secs] [Times: user=0.01 sys=0.00, real=0.00 secs] 
97.521: Total time for which application threads were stopped: 0.0012990 seconds, Stopping threads took: 0.0000820 seconds
97.604: Application time: 0.0822930 seconds
97.604: [GC [PSYoungGen: 36047K->2864K(43520K)] 105641K->72498K(126464K), 0.0011030 secs] [Times: user=0.00 sys=0.00, real=0.00 secs] 
97.605: Total time for which application threads were stopped: 0.0012490 seconds, Stopping threads took: 0.0000660 seconds
97.704: Application time: 0.0993240 seconds
97.704: [GC [PSYoungGen: 42578K->1792K(43520K)] 112213K->71582K(126464K), 0.0007980 secs] [Times: user=0.00 sys=0.00, real=0.00 secs] 
97.705: Total time for which application threads were stopped: 0.0009360 seconds, Stopping threads took: 0.0000660 seconds
97.805: Application time: 0.1003000 seconds
97.806: [GC [PSYoungGen: 41428K->736K(39936K)] 111219K->70598K(122880K), 0.0005780 secs] [Times: user=0.00 sys=0.00, real=0.00 secs] 
97.806: Total time for which application threads were stopped: 0.0008070 seconds, Stopping threads took: 0.0001710 seconds
97.902: Application time: 0.0954470 seconds
97.902: [GC [PSYoungGen: 39414K->1776K(39936K)] 109277K->71638K(122880K), 0.0008120 secs] [Times: user=0.00 sys=0.00, real=0.00 secs] 
97.903: Total time for which application threads were stopped: 0.0009460 seconds, Stopping threads took: 0.0000650 seconds
97.996: Application time: 0.0931650 seconds
97.996: [GC [PSYoungGen: 39428K->2304K(39424K)] 109291K->72207K(122368K), 0.0008720 secs] [Times: user=0.00 sys=0.00, real=0.00 secs] 
97.997: Total time for which application threads were stopped: 0.0010190 seconds, Stopping threads took: 0.0000720 seconds
98.088: Application time: 0.0914040 seconds
98.088: [GC [PSYoungGen: 38852K->2208K(38912K)] 108754K->72151K(121856K), 0.0010710 secs] [Times: user=0.00 sys=0.00, real=0.00 secs] 
98.089: Total time for which application threads were stopped: 0.0012210 seconds, Stopping threads took: 0.0000700 seconds
98.180: Application time: 0.0903050 seconds
98.180: [GC [PSYoungGen: 38322K->1792K(37888K)] 108265K->71735K(120832K), 0.0007740 secs] [Times: user=0.01 sys=0.00, real=0.00 secs] 
98.181: Total time for which application threads were stopped: 0.0009340 seconds, Stopping threads took: 0.0000850 seconds
98.270: Application time: 0.0895590 seconds
98.270: [GC [PSYoungGen: 37627K->784K(36352K)] 107570K->70783K(119296K), 0.0006250 secs] [Times: user=0.01 sys=0.00, real=0.00 secs] 
98.271: Total time for which application threads were stopped: 0.0008170 seconds, Stopping threads took: 0.0001300 seconds
98.358: Application time: 0.0870600 seconds
98.358: [GC [PSYoungGen: 35787K->1728K(36864K)] 105786K->71879K(119808K), 0.0009150 secs] [Times: user=0.00 sys=0.00, real=0.00 secs] 
98.359: Total time for which application threads were stopped: 0.0010480 seconds, Stopping threads took: 0.0000620 seconds
98.443: Application time: 0.0835120 seconds
98.443: [GC [PSYoungGen: 36289K->3232K(41984K)] 106441K->73383K(124928K), 0.0014230 secs] [Times: user=0.01 sys=0.00, real=0.00 secs] 
98.444: Total time for which application threads were stopped: 0.0015820 seconds, Stopping threads took: 0.0000820 seconds
98.545: Application time: 0.1011140 seconds
98.545: [GC [PSYoungGen: 41410K->704K(38400K)] 111561K->70903K(121344K), 0.0005610 secs] [Times: user=0.00 sys=0.00, real=0.00 secs] 
98.546: Total time for which application threads were stopped: 0.0006870 seconds, Stopping threads took: 0.0000640 seconds
98.638: Application time: 0.0915120 seconds
98.638: [GC [PSYoungGen: 37765K->736K(37888K)] 107965K->70999K(120832K), 0.0005500 secs] [Times: user=0.00 sys=0.00, real=0.00 secs] 
98.638: Total time for which application threads were stopped: 0.0006730 seconds, Stopping threads took: 0.0000630 seconds
98.727: Application time: 0.0889430 seconds
98.727: [GC [PSYoungGen: 37355K->2240K(38912K)] 107619K->72503K(121856K), 0.0009540 secs] [Times: user=0.00 sys=0.00, real=0.00 secs] 
98.728: Total time for which application threads were stopped: 0.0010980 seconds, Stopping threads took: 0.0000660 seconds
98.818: Application time: 0.0892680 seconds
98.818: [GC [PSYoungGen: 38276K->1728K(37888K)] 108539K->72039K(120832K), 0.0008870 secs] [Times: user=0.00 sys=0.00, real=0.00 secs] 
98.819: Total time for which application threads were stopped: 0.0010200 seconds, Stopping threads took: 0.0000680 seconds
98.908: Application time: 0.0894090 seconds
98.908: [GC [PSYoungGen: 37478K->2864K(38912K)] 107789K->73175K(121856K), 0.0012140 secs] [Times: user=0.01 sys=0.00, real=0.00 secs] 
98.909: Total time for which application threads were stopped: 0.0013470 seconds, Stopping threads took: 0.0000580 seconds
98.998: Application time: 0.0883470 seconds
98.998: [GC [PSYoungGen: 38028K->2208K(39424K)] 108340K->72619K(122368K), 0.0010850 secs] [Times: user=0.01 sys=0.00, real=0.00 secs] 
98.999: Total time for which application threads were stopped: 0.0012350 seconds, Stopping threads took: 0.0000790 seconds
99.088: Application time: 0.0894840 seconds
99.089: [GC [PSYoungGen: 37292K->1760K(36864K)] 107703K->72243K(119808K), 0.0007730 secs] [Times: user=0.01 sys=0.00, real=0.00 secs] 
99.089: Total time for which application threads were stopped: 0.0009350 seconds, Stopping threads took: 0.0000940 seconds
99.175: Application time: 0.0854070 seconds
99.175: [GC [PSYoungGen: 36330K->2272K(36864K)] 106813K->72787K(119808K), 0.0010140 secs] [Times: user=0.01 sys=0.00, real=0.00 secs] 
99.176: Total time for which application threads were stopped: 0.0011450 seconds, Stopping threads took: 0.0000580 seconds
99.261: Application time: 0.0846650 seconds
99.261: [GC [PSYoungGen: 36251K->1792K(35840K)] 106767K->72363K(118784K), 0.0007750 secs] [Times: user=0.00 sys=0.00, real=0.01 secs] 
99.262: Total time for which application threads were stopped: 0.0009120 seconds, Stopping threads took: 0.0000620 seconds
99.347: Application time: 0.0853560 seconds
99.347: [GC [PSYoungGen: 35331K->2272K(35840K)] 105903K->72843K(118784K), 0.0010310 secs] [Times: user=0.00 sys=0.00, real=0.00 secs] 
99.348: Total time for which application threads were stopped: 0.0011720 seconds, Stopping threads took: 0.0000670 seconds
99.430: Application time: 0.0815070 seconds
99.430: [GC [PSYoungGen: 35221K->2304K(40960K)] 105793K->72923K(123904K), 0.0010070 secs] [Times: user=0.01 sys=0.00, real=0.00 secs] 
99.431: Total time for which application threads were stopped: 0.0011420 seconds, Stopping threads took: 0.0000660 seconds
99.526: Application time: 0.0950440 seconds
99.526: [GC [PSYoungGen: 39956K->2816K(41472K)] 110575K->73435K(124416K), 0.0011700 secs] [Times: user=0.00 sys=0.00, real=0.00 secs] 
99.527: Total time for which application threads were stopped: 0.0013150 seconds, Stopping threads took: 0.0000710 seconds
99.619: Application time: 0.0923180 seconds
99.619: [GC [PSYoungGen: 40704K->2896K(48640K)] 111323K->73563K(131584K), 0.0010550 secs] [Times: user=0.01 sys=0.00, real=0.00 secs] 
99.621: Total time for which application threads were stopped: 0.0011900 seconds, Stopping threads took: 0.0000600 seconds
99.732: Application time: 0.1117540 seconds
99.732: [GC [PSYoungGen: 47751K->2304K(46592K)] 118418K->73119K(129536K), 0.0009330 secs] [Times: user=0.01 sys=0.00, real=0.00 secs] 
99.733: Total time for which application threads were stopped: 0.0010730 seconds, Stopping threads took: 0.0000690 seconds
99.845: Application time: 0.1113030 seconds
99.845: [GC [PSYoungGen: 46131K->1184K(45568K)] 116946K->72047K(128512K), 0.0006750 secs] [Times: user=0.00 sys=0.00, real=0.00 secs] 
99.846: Total time for which application threads were stopped: 0.0008190 seconds, Stopping threads took: 0.0000700 seconds
99.951: Application time: 0.1051860 seconds
99.951: [GC [PSYoungGen: 43898K->1760K(44032K)] 114762K->72679K(126976K), 0.0008620 secs] [Times: user=0.00 sys=0.00, real=0.00 secs] 
99.952: Total time for which application threads were stopped: 0.0009880 seconds, Stopping threads took: 0.0000580 seconds
100.057: Application time: 0.1051810 seconds
100.057: [GC [PSYoungGen: 43526K->1792K(43520K)] 114446K->72711K(126464K), 0.0008730 secs] [Times: user=0.01 sys=0.00, real=0.00 secs] 
100.058: Total time for which application threads were stopped: 0.0010090 seconds, Stopping threads took: 0.0000660 seconds
100.160: Application time: 0.1017750 seconds
100.160: [GC [PSYoungGen: 42454K->1216K(41472K)] 113374K->72191K(124416K), 0.0006890 secs] [Times: user=0.00 sys=0.00, real=0.00 secs] 
100.161: Total time for which application threads were stopped: 0.0017060 seconds, Stopping threads took: 0.0000610 seconds
100.259: Application time: 0.0971770 seconds
100.259: [GC [PSYoungGen: 40645K->1808K(41472K)] 111620K->72783K(124416K), 0.0009220 secs] [Times: user=0.00 sys=0.00, real=0.00 secs] 
100.260: Total time for which application threads were stopped: 0.0011760 seconds, Stopping threads took: 0.0001830 seconds
100.354: Application time: 0.0939250 seconds
100.354: [GC [PSYoungGen: 40484K->3328K(41472K)] 111460K->74448K(124416K), 0.0013720 secs] [Times: user=0.01 sys=0.00, real=0.00 secs] 
100.355: Total time for which application threads were stopped: 0.0015230 seconds, Stopping threads took: 0.0000600 seconds
100.448: Application time: 0.0931410 seconds
100.448: [GC [PSYoungGen: 40982K->3328K(41984K)] 112102K->74488K(124928K), 0.0013910 secs] [Times: user=0.01 sys=0.00, real=0.00 secs] 
100.450: Total time for which application threads were stopped: 0.0015420 seconds, Stopping threads took: 0.0000740 seconds
100.548: Application time: 0.0980030 seconds
100.548: [GC [PSYoungGen: 41506K->736K(38400K)] 112666K->71936K(121344K), 0.0005740 secs] [Times: user=0.01 sys=0.00, real=0.00 secs] 
100.549: Total time for which application threads were stopped: 0.0007620 seconds, Stopping threads took: 0.0001260 seconds
100.640: Application time: 0.0908560 seconds
100.640: [GC [PSYoungGen: 37872K->1792K(40448K)] 109072K->73048K(123392K), 0.0008410 secs] [Times: user=0.01 sys=0.00, real=0.00 secs] 
100.640: Total time for which application threads were stopped: 0.0009750 seconds, Stopping threads took: 0.0000640 seconds
100.730: Application time: 0.0900020 seconds
100.731: [GC [PSYoungGen: 38339K->1664K(38400K)] 109596K->72968K(121344K), 0.0008520 secs] [Times: user=0.00 sys=0.00, real=0.00 secs] 
100.731: Total time for which application threads were stopped: 0.0009870 seconds, Stopping threads took: 0.0000680 seconds
100.822: Application time: 0.0903500 seconds
100.822: [GC [PSYoungGen: 37702K->736K(39424K)] 109006K->72040K(122368K), 0.0005360 secs] [Times: user=0.01 sys=0.00, real=0.00 secs] 
100.822: Total time for which application threads were stopped: 0.0006610 seconds, Stopping threads took: 0.0000660 seconds
100.906: Application time: 0.0837210 seconds
100.906: [GC [PSYoungGen: 36558K->3376K(39424K)] 107863K->74680K(122368K), 0.0013800 secs] [Times: user=0.01 sys=0.00, real=0.00 secs] 
100.908: Total time for which application threads were stopped: 0.0015410 seconds, Stopping threads took: 0.0000740 seconds
100.998: Application time: 0.0904430 seconds
100.998: [GC [PSYoungGen: 38468K->1280K(37888K)] 109772K->72732K(120832K), 0.0007550 secs] [Times: user=0.01 sys=0.00, real=0.00 secs] 
100.999: Total time for which application threads were stopped: 0.0008890 seconds, Stopping threads took: 0.0000700 seconds
101.086: Application time: 0.0874040 seconds
101.087: [GC [PSYoungGen: 35850K->1280K(35840K)] 107302K->72788K(118784K), 0.0007230 secs] [Times: user=0.00 sys=0.00, real=0.00 secs] 
101.087: Total time for which application threads were stopped: 0.0008500 seconds, Stopping threads took: 0.0000650 seconds
101.171: Application time: 0.0836620 seconds
101.171: [GC [PSYoungGen: 35335K->1248K(37376K)] 106844K->72820K(120320K), 0.0007050 secs] [Times: user=0.01 sys=0.00, real=0.00 secs] 
101.172: Total time for which application threads were stopped: 0.0008360 seconds, Stopping threads took: 0.0000640 seconds
101.253: Application time: 0.0810360 seconds
101.253: [GC [PSYoungGen: 34705K->1760K(35328K)] 106277K->73388K(118272K), 0.0008450 secs] [Times: user=0.01 sys=0.00, real=0.01 secs] 
101.254: Total time for which application threads were stopped: 0.0010120 seconds, Stopping threads took: 0.0000950 seconds
101.336: Application time: 0.0820670 seconds
101.336: [GC [PSYoungGen: 34787K->2304K(36352K)] 106416K->73932K(119296K), 0.0010560 secs] [Times: user=0.00 sys=0.00, real=0.00 secs] 
101.337: Total time for which application threads were stopped: 0.0012020 seconds, Stopping threads took: 0.0000730 seconds
101.418: Application time: 0.0809920 seconds
101.418: [GC [PSYoungGen: 34741K->1664K(34304K)] 106369K->73340K(117248K), 0.0009130 secs] [Times: user=0.00 sys=0.00, real=0.00 secs] 
101.419: Total time for which application threads were stopped: 0.0010700 seconds, Stopping threads took: 0.0000770 seconds
101.498: Application time: 0.0792120 seconds
101.499: [GC [PSYoungGen: 33585K->1280K(34816K)] 105261K->72956K(117760K), 0.0006760 secs] [Times: user=0.00 sys=0.00, real=0.00 secs] 
101.499: Total time for which application threads were stopped: 0.0008520 seconds, Stopping threads took: 0.0001100 seconds
101.575: Application time: 0.0755100 seconds
101.575: [GC [PSYoungGen: 32983K->2832K(35328K)] 104660K->74508K(118272K), 0.0011770 secs] [Times: user=0.01 sys=0.00, real=0.00 secs] 
101.576: Total time for which application threads were stopped: 0.0013180 seconds, Stopping threads took: 0.0000660 seconds
101.655: Application time: 0.0789800 seconds
101.655: [GC [PSYoungGen: 34319K->1792K(41472K)] 105995K->73628K(124416K), 0.0007760 secs] [Times: user=0.00 sys=0.00, real=0.00 secs] 
101.656: Total time for which application threads were stopped: 0.0009250 seconds, Stopping threads took: 0.0000720 seconds
101.751: Application time: 0.0950150 seconds
101.751: [GC [PSYoungGen: 39958K->2272K(41984K)] 111795K->74164K(124928K), 0.0010250 secs] [Times: user=0.01 sys=0.00, real=0.00 secs] 
101.752: Total time for which application threads were stopped: 0.0011670 seconds, Stopping threads took: 0.0000660 seconds
101.847: Application time: 0.0944950 seconds
101.847: [GC [PSYoungGen: 40442K->1792K(39424K)] 112335K->73740K(122368K), 0.0007540 secs] [Times: user=0.01 sys=0.00, real=0.00 secs] 
101.848: Total time for which application threads were stopped: 0.0008890 seconds, Stopping threads took: 0.0000670 seconds
101.939: Application time: 0.0914620 seconds
101.939: [GC [PSYoungGen: 38852K->2304K(39424K)] 110800K->74308K(122368K), 0.0009050 secs] [Times: user=0.00 sys=0.00, real=0.00 secs] 
101.940: Total time for which application threads were stopped: 0.0010560 seconds, Stopping threads took: 0.0000720 seconds
102.031: Application time: 0.0913570 seconds
102.032: [GC [PSYoungGen: 38930K->2304K(38912K)] 110934K->74308K(121856K), 0.0008700 secs] [Times: user=0.00 sys=0.00, real=0.00 secs] 
102.033: Total time for which application threads were stopped: 0.0010230 seconds, Stopping threads took: 0.0000800 seconds
102.122: Application time: 0.0891800 seconds
102.122: [GC [PSYoungGen: 38337K->2304K(38400K)] 110342K->74364K(121344K), 0.0010260 secs] [Times: user=0.00 sys=0.00, real=0.00 secs] 
102.123: Total time for which application threads were stopped: 0.0011790 seconds, Stopping threads took: 0.0000800 seconds
102.212: Application time: 0.0891110 seconds
102.212: [GC [PSYoungGen: 37984K->1280K(36864K)] 110045K->73340K(119808K), 0.0007060 secs] [Times: user=0.01 sys=0.00, real=0.00 secs] 
102.213: Total time for which application threads were stopped: 0.0008400 seconds, Stopping threads took: 0.0000700 seconds
102.298: Application time: 0.0849200 seconds
102.298: [GC [PSYoungGen: 36514K->2816K(37888K)] 108575K->74952K(120832K), 0.0011590 secs] [Times: user=0.00 sys=0.00, real=0.00 secs] 
102.299: Total time for which application threads were stopped: 0.0013120 seconds, Stopping threads took: 0.0000760 seconds
102.387: Application time: 0.0877790 seconds
102.387: [GC [PSYoungGen: 37392K->1280K(35840K)] 109529K->73532K(118784K), 0.0007620 secs] [Times: user=0.00 sys=0.00, real=0.00 secs] 
102.388: Total time for which application threads were stopped: 0.0008970 seconds, Stopping threads took: 0.0000710 seconds
102.472: Application time: 0.0847230 seconds
102.473: [GC [PSYoungGen: 35333K->1760K(35840K)] 107586K->74068K(118784K), 0.0008830 secs] [Times: user=0.00 sys=0.00, real=0.01 secs] 
102.473: Total time for which application threads were stopped: 0.0010180 seconds, Stopping threads took: 0.0000580 seconds
102.557: Application time: 0.0833330 seconds
102.557: [GC [PSYoungGen: 35223K->1792K(35328K)] 107532K->74164K(118272K), 0.0008930 secs] [Times: user=0.01 sys=0.00, real=0.00 secs] 
102.558: Total time for which application threads were stopped: 0.0010290 seconds, Stopping threads took: 0.0000650 seconds
102.639: Application time: 0.0808330 seconds
102.639: [GC [PSYoungGen: 34819K->1792K(34816K)] 107192K->74164K(117760K), 0.0008800 secs] [Times: user=0.00 sys=0.00, real=0.00 secs] 
102.640: Total time for which application threads were stopped: 0.0010150 seconds, Stopping threads took: 0.0000680 seconds
102.722: Application time: 0.0824240 seconds
102.722: [GC [PSYoungGen: 34225K->1792K(34304K)] 106598K->74220K(117248K), 0.0008820 secs] [Times: user=0.00 sys=0.00, real=0.00 secs] 
102.723: Total time for which application threads were stopped: 0.0010170 seconds, Stopping threads took: 0.0000670 seconds
102.804: Application time: 0.0806690 seconds
102.804: [GC [PSYoungGen: 33713K->1280K(33280K)] 106142K->73708K(116224K), 0.0006790 secs] [Times: user=0.00 sys=0.00, real=0.00 secs] 
102.805: Total time for which application threads were stopped: 0.0008040 seconds, Stopping threads took: 0.0000610 seconds
102.880: Application time: 0.0751000 seconds
102.880: [GC [PSYoungGen: 32824K->2816K(34304K)] 105253K->75244K(117248K), 0.0011810 secs] [Times: user=0.01 sys=0.00, real=0.00 secs] 
102.881: Total time for which application threads were stopped: 0.0013270 seconds, Stopping threads took: 0.0000730 seconds
102.962: Application time: 0.0806960 seconds
102.966: [GC [PSYoungGen: 33952K->768K(31744K)] 106381K->73289K(114688K), 0.0005920 secs] [Times: user=0.00 sys=0.00, real=0.00 secs] 
102.966: Total time for which application threads were stopped: 0.0043820 seconds, Stopping threads took: 0.0037300 seconds
103.040: Application time: 0.0739900 seconds
103.040: [GC [PSYoungGen: 31202K->2304K(34304K)] 103723K->74937K(117248K), 0.0010520 secs] [Times: user=0.01 sys=0.00, real=0.00 secs] 
103.041: Total time for which application threads were stopped: 0.0012270 seconds, Stopping threads took: 0.0000960 seconds
103.115: Application time: 0.0739970 seconds
103.115: [GC [PSYoungGen: 32742K->3328K(34304K)] 105375K->76001K(117248K), 0.0013400 secs] [Times: user=0.01 sys=0.00, real=0.00 secs] 
103.117: Total time for which application threads were stopped: 0.0014910 seconds, Stopping threads took: 0.0000730 seconds
103.195: Application time: 0.0776910 seconds
103.195: [GC [PSYoungGen: 33713K->1216K(40960K)] 106386K->73937K(123904K), 0.0006860 secs] [Times: user=0.00 sys=0.00, real=0.00 secs] 
103.195: Total time for which application threads were stopped: 0.0008150 seconds, Stopping threads took: 0.0000610 seconds
103.287: Application time: 0.0913110 seconds
103.287: [GC [PSYoungGen: 37761K->1792K(40960K)] 110483K->74513K(123904K), 0.0008020 secs] [Times: user=0.01 sys=0.00, real=0.00 secs] 
103.288: Total time for which application threads were stopped: 0.0009360 seconds, Stopping threads took: 0.0000660 seconds
103.376: Application time: 0.0884130 seconds
103.376: [GC [PSYoungGen: 38416K->2304K(48128K)] 111137K->75025K(131072K), 0.0008670 secs] [Times: user=0.00 sys=0.00, real=0.00 secs] 
103.377: Total time for which application threads were stopped: 0.0010150 seconds, Stopping threads took: 0.0000760 seconds
103.491: Application time: 0.1137670 seconds
103.491: [GC [PSYoungGen: 46566K->1248K(45056K)] 119288K->74025K(128000K), 0.0006050 secs] [Times: user=0.00 sys=0.00, real=0.00 secs] 
103.492: Total time for which application threads were stopped: 0.0007320 seconds, Stopping threads took: 0.0000650 seconds
103.596: Application time: 0.1043950 seconds
103.596: [GC [PSYoungGen: 44274K->2336K(45056K)] 117051K->75113K(128000K), 0.0009700 secs] [Times: user=0.00 sys=0.00, real=0.00 secs] 
103.597: Total time for which application threads were stopped: 0.0011290 seconds, Stopping threads took: 0.0000790 seconds
103.701: Application time: 0.1040760 seconds
103.701: [GC [PSYoungGen: 44693K->2800K(44544K)] 117470K->75721K(127488K), 0.0012620 secs] [Times: user=0.00 sys=0.00, real=0.01 secs] 
103.703: Total time for which application threads were stopped: 0.0014190 seconds, Stopping threads took: 0.0000790 seconds
103.807: Application time: 0.1044950 seconds
103.807: [GC [PSYoungGen: 44055K->2304K(43520K)] 116976K->75301K(126464K), 0.0009750 secs] [Times: user=0.01 sys=0.00, real=0.00 secs] 
103.808: Total time for which application threads were stopped: 0.0011110 seconds, Stopping threads took: 0.0000590 seconds
103.910: Application time: 0.1021870 seconds
103.910: [GC [PSYoungGen: 42454K->1248K(40960K)] 115451K->74309K(123904K), 0.0007290 secs] [Times: user=0.00 sys=0.00, real=0.00 secs] 
103.911: Total time for which application threads were stopped: 0.0008620 seconds, Stopping threads took: 0.0000680 seconds
104.007: Application time: 0.0955400 seconds
104.007: [GC [PSYoungGen: 40438K->2816K(41472K)] 113499K->75877K(124416K), 0.0011940 secs] [Times: user=0.01 sys=0.00, real=0.00 secs] 
104.008: Total time for which application threads were stopped: 0.0013290 seconds, Stopping threads took: 0.0000610 seconds
104.103: Application time: 0.0948380 seconds
104.103: [GC [PSYoungGen: 40908K->2208K(39936K)] 113969K->75309K(122880K), 0.0010310 secs] [Times: user=0.00 sys=0.00, real=0.00 secs] 
104.104: Total time for which application threads were stopped: 0.0011800 seconds, Stopping threads took: 0.0000630 seconds
104.196: Application time: 0.0916600 seconds
104.196: [GC [PSYoungGen: 39428K->1792K(39424K)] 112530K->74893K(122368K), 0.0009750 secs] [Times: user=0.00 sys=0.00, real=0.00 secs] 
104.197: Total time for which application threads were stopped: 0.0011020 seconds, Stopping threads took: 0.0000600 seconds
104.289: Application time: 0.0918480 seconds
104.289: [GC [PSYoungGen: 38496K->1776K(38400K)] 111598K->74949K(121344K), 0.0008940 secs] [Times: user=0.00 sys=0.00, real=0.00 secs] 
104.290: Total time for which application threads were stopped: 0.0010270 seconds, Stopping threads took: 0.0000660 seconds
104.380: Application time: 0.0904810 seconds
104.380: [GC [PSYoungGen: 37968K->1280K(38912K)] 111141K->74541K(121856K), 0.0007160 secs] [Times: user=0.00 sys=0.00, real=0.00 secs] 
104.381: Total time for which application threads were stopped: 0.0008420 seconds, Stopping threads took: 0.0000590 seconds
104.469: Application time: 0.0876350 seconds
104.469: [GC [PSYoungGen: 36873K->2304K(37888K)] 110135K->75645K(120832K), 0.0010430 secs] [Times: user=0.01 sys=0.00, real=0.00 secs] 
104.470: Total time for which application threads were stopped: 0.0011810 seconds, Stopping threads took: 0.0000660 seconds
104.557: Application time: 0.0872240 seconds
104.557: [GC [PSYoungGen: 37311K->1760K(37888K)] 110653K->75157K(120832K), 0.0008600 secs] [Times: user=0.00 sys=0.00, real=0.00 secs] 
104.558: Total time for which application threads were stopped: 0.0009900 seconds, Stopping threads took: 0.0000580 seconds
104.644: Application time: 0.0860650 seconds
104.644: [GC [PSYoungGen: 36332K->1280K(35840K)] 109729K->74677K(118784K), 0.0006990 secs] [Times: user=0.00 sys=0.00, real=0.00 secs] 
104.645: Total time for which application threads were stopped: 0.0008360 seconds, Stopping threads took: 0.0000660 seconds
104.729: Application time: 0.0836650 seconds
104.729: [GC [PSYoungGen: 35255K->1760K(36864K)] 108653K->75213K(119808K), 0.0008480 secs] [Times: user=0.01 sys=0.00, real=0.00 secs] 
104.730: Total time for which application threads were stopped: 0.0009870 seconds, Stopping threads took: 0.0000710 seconds
104.812: Application time: 0.0820310 seconds
104.812: [GC [PSYoungGen: 35223K->1664K(35328K)] 108677K->75117K(118272K), 0.0009340 secs] [Times: user=0.01 sys=0.00, real=0.00 secs] 
104.813: Total time for which application threads were stopped: 0.0010610 seconds, Stopping threads took: 0.0000570 seconds
104.895: Application time: 0.0825200 seconds
104.895: [GC [PSYoungGen: 34770K->1792K(35328K)] 108223K->75245K(118272K), 0.0008590 secs] [Times: user=0.00 sys=0.00, real=0.00 secs] 
104.896: Total time for which application threads were stopped: 0.0009980 seconds, Stopping threads took: 0.0000670 seconds
104.978: Application time: 0.0820820 seconds
104.978: [GC [PSYoungGen: 34542K->1344K(33792K)] 107996K->74889K(116736K), 0.0006580 secs] [Times: user=0.00 sys=0.00, real=0.00 secs] 
104.979: Total time for which application threads were stopped: 0.0007720 seconds, Stopping threads took: 0.0000510 seconds
105.056: Application time: 0.0771070 seconds
105.056: [GC [PSYoungGen: 33252K->2304K(34304K)] 106798K->75998K(117248K), 0.0010510 secs] [Times: user=0.00 sys=0.01, real=0.00 secs] 
105.058: Total time for which application threads were stopped: 0.0012260 seconds, Stopping threads took: 0.0000990 seconds
105.136: Application time: 0.0782540 seconds
105.136: [GC [PSYoungGen: 33787K->1792K(33280K)] 107481K->75485K(116224K), 0.0008310 secs] [Times: user=0.00 sys=0.00, real=0.00 secs] 
105.137: Total time for which application threads were stopped: 0.0009560 seconds, Stopping threads took: 0.0000570 seconds
105.212: Application time: 0.0756510 seconds
105.212: [GC [PSYoungGen: 32672K->2240K(34304K)] 106366K->75982K(117248K), 0.0011000 secs] [Times: user=0.00 sys=0.00, real=0.01 secs] 
105.214: Total time for which application threads were stopped: 0.0017370 seconds, Stopping threads took: 0.0000570 seconds
105.294: Application time: 0.0794800 seconds
105.294: [GC [PSYoungGen: 33207K->1792K(34304K)] 106949K->75534K(117248K), 0.0008110 secs] [Times: user=0.00 sys=0.00, real=0.00 secs] 
105.295: Total time for which application threads were stopped: 0.0009330 seconds, Stopping threads took: 0.0000560 seconds
105.369: Application time: 0.0746720 seconds
105.369: [GC [PSYoungGen: 32668K->2784K(40448K)] 106410K->76566K(123392K), 0.0010250 secs] [Times: user=0.01 sys=0.00, real=0.00 secs] 
105.370: Total time for which application threads were stopped: 0.0011720 seconds, Stopping threads took: 0.0000700 seconds
105.464: Application time: 0.0936130 seconds
105.464: [GC [PSYoungGen: 39846K->2816K(40960K)] 113628K->76598K(123904K), 0.0010050 secs] [Times: user=0.01 sys=0.00, real=0.00 secs] 
105.465: Total time for which application threads were stopped: 0.0011500 seconds, Stopping threads took: 0.0000720 seconds
105.559: Application time: 0.0933750 seconds
105.559: [GC [PSYoungGen: 40038K->1792K(38912K)] 113820K->75574K(121856K), 0.0007320 secs] [Times: user=0.00 sys=0.00, real=0.00 secs] 
105.559: Total time for which application threads were stopped: 0.0008610 seconds, Stopping threads took: 0.0000590 seconds
105.650: Application time: 0.0908530 seconds
105.650: [GC [PSYoungGen: 38651K->1856K(38400K)] 112433K->75726K(121344K), 0.0008100 secs] [Times: user=0.00 sys=0.00, real=0.00 secs] 
105.651: Total time for which application threads were stopped: 0.0009690 seconds, Stopping threads took: 0.0000890 seconds
105.740: Application time: 0.0892590 seconds
105.741: [GC [PSYoungGen: 37887K->2816K(38912K)] 111757K->76822K(121856K), 0.0010950 secs] [Times: user=0.00 sys=0.00, real=0.01 secs] 
105.742: Total time for which application threads were stopped: 0.0012430 seconds, Stopping threads took: 0.0000640 seconds
105.832: Application time: 0.0898270 seconds
105.832: [GC [PSYoungGen: 38418K->1792K(37376K)] 112424K->75798K(120320K), 0.0009100 secs] [Times: user=0.00 sys=0.00, real=0.00 secs] 
105.833: Total time for which application threads were stopped: 0.0010490 seconds, Stopping threads took: 0.0000710 seconds
105.918: Application time: 0.0855950 seconds
105.918: [GC [PSYoungGen: 36793K->2304K(42496K)] 110799K->76870K(125440K), 0.0011370 secs] [Times: user=0.00 sys=0.00, real=0.00 secs] 
105.920: Total time for which application threads were stopped: 0.0013130 seconds, Stopping threads took: 0.0001030 seconds
106.021: Application time: 0.1015190 seconds
106.021: [GC [PSYoungGen: 42018K->1776K(40960K)] 116585K->76342K(123904K), 0.0007750 secs] [Times: user=0.00 sys=0.01, real=0.01 secs] 
106.022: Total time for which application threads were stopped: 0.0009100 seconds, Stopping threads took: 0.0000660 seconds
106.116: Application time: 0.0945440 seconds
106.117: [GC [PSYoungGen: 40378K->2304K(40448K)] 114944K->76918K(123392K), 0.0010330 secs] [Times: user=0.00 sys=0.00, real=0.00 secs] 
106.118: Total time for which application threads were stopped: 0.0011660 seconds, Stopping threads took: 0.0000590 seconds
106.211: Application time: 0.0931430 seconds
106.211: [GC [PSYoungGen: 40034K->2832K(41472K)] 114649K->77446K(124416K), 0.0011790 secs] [Times: user=0.01 sys=0.00, real=0.00 secs] 
106.212: Total time for which application threads were stopped: 0.0013290 seconds, Stopping threads took: 0.0000720 seconds
106.309: Application time: 0.0969280 seconds
106.309: [GC [PSYoungGen: 40217K->256K(37376K)] 114831K->74966K(120320K), 0.0004700 secs] [Times: user=0.01 sys=0.00, real=0.00 secs] 
106.310: Total time for which application threads were stopped: 0.0006640 seconds, Stopping threads took: 0.0001280 seconds
106.397: Application time: 0.0873640 seconds
106.397: [GC [PSYoungGen: 36791K->3296K(46080K)] 111502K->78150K(129024K), 0.0013880 secs] [Times: user=0.00 sys=0.00, real=0.00 secs] 
106.399: Total time for which application threads were stopped: 0.0015460 seconds, Stopping threads took: 0.0000800 seconds
106.508: Application time: 0.1088890 seconds
106.508: [GC [PSYoungGen: 45587K->768K(42496K)] 120441K->75622K(125440K), 0.0005650 secs] [Times: user=0.00 sys=0.00, real=0.00 secs] 
106.508: Total time for which application threads were stopped: 0.0007080 seconds, Stopping threads took: 0.0000740 seconds
106.611: Application time: 0.1025930 seconds
106.611: [GC [PSYoungGen: 41944K->736K(41472K)] 116799K->75662K(124416K), 0.0005480 secs] [Times: user=0.00 sys=0.00, real=0.00 secs] 
106.612: Total time for which application threads were stopped: 0.0007540 seconds, Stopping threads took: 0.0001390 seconds
106.710: Application time: 0.0980010 seconds
106.710: [GC [PSYoungGen: 40952K->2816K(42496K)] 115878K->77742K(125440K), 0.0010730 secs] [Times: user=0.01 sys=0.00, real=0.00 secs] 
106.711: Total time for which application threads were stopped: 0.0012360 seconds, Stopping threads took: 0.0000890 seconds
106.810: Application time: 0.0988260 seconds
106.810: [GC [PSYoungGen: 42018K->1248K(39936K)] 116945K->76238K(122880K), 0.0007340 secs] [Times: user=0.00 sys=0.00, real=0.00 secs] 
106.811: Total time for which application threads were stopped: 0.0008670 seconds, Stopping threads took: 0.0000610 seconds
106.904: Application time: 0.0934160 seconds
106.904: [GC [PSYoungGen: 39492K->1792K(40448K)] 114483K->76846K(123392K), 0.0009140 secs] [Times: user=0.00 sys=0.00, real=0.00 secs] 
106.905: Total time for which application threads were stopped: 0.0011480 seconds, Stopping threads took: 0.0001650 seconds
106.998: Application time: 0.0933190 seconds
106.999: [GC [PSYoungGen: 39086K->2368K(39424K)] 114141K->77494K(122368K), 0.0011040 secs] [Times: user=0.00 sys=0.00, real=0.00 secs] 
107.000: Total time for which application threads were stopped: 0.0012410 seconds, Stopping threads took: 0.0000660 seconds
107.090: Application time: 0.0898830 seconds
107.090: [GC [PSYoungGen: 38992K->2784K(39936K)] 114119K->78018K(122880K), 0.0012330 secs] [Times: user=0.01 sys=0.00, real=0.00 secs] 
107.091: Total time for which application threads were stopped: 0.0013830 seconds, Stopping threads took: 0.0000750 seconds
107.180: Application time: 0.0891300 seconds
107.180: [GC [PSYoungGen: 38818K->2816K(40448K)] 114052K->78098K(123392K), 0.0011860 secs] [Times: user=0.01 sys=0.00, real=0.00 secs] 
107.181: Total time for which application threads were stopped: 0.0013320 seconds, Stopping threads took: 0.0000720 seconds
107.272: Application time: 0.0910650 seconds
107.273: [GC [PSYoungGen: 38852K->1792K(37888K)] 114134K->77074K(120832K), 0.0007380 secs] [Times: user=0.00 sys=0.00, real=0.00 secs] 
107.273: Total time for which application threads were stopped: 0.0008990 seconds, Stopping threads took: 0.0000970 seconds
107.364: Application time: 0.0903600 seconds
107.364: [GC [PSYoungGen: 37396K->768K(36352K)] 112679K->76050K(119296K), 0.0005890 secs] [Times: user=0.01 sys=0.00, real=0.00 secs] 
107.364: Total time for which application threads were stopped: 0.0007300 seconds, Stopping threads took: 0.0000650 seconds
107.450: Application time: 0.0854910 seconds
107.450: [GC [PSYoungGen: 35767K->2240K(37376K)] 111050K->77554K(120320K), 0.0008930 secs] [Times: user=0.01 sys=0.00, real=0.00 secs] 
107.451: Total time for which application threads were stopped: 0.0010360 seconds, Stopping threads took: 0.0000690 seconds
107.537: Application time: 0.0863360 seconds
107.537: [GC [PSYoungGen: 36886K->2832K(37376K)] 112201K->78146K(120320K), 0.0012780 secs] [Times: user=0.00 sys=0.00, real=0.00 secs] 
107.539: Total time for which application threads were stopped: 0.0014230 seconds, Stopping threads took: 0.0000710 seconds
107.625: Application time: 0.0862320 seconds
107.625: [GC [PSYoungGen: 37048K->1776K(35840K)] 112363K->77178K(118784K), 0.0009210 secs] [Times: user=0.01 sys=0.00, real=0.00 secs] 
107.626: Total time for which application threads were stopped: 0.0010520 seconds, Stopping threads took: 0.0000610 seconds
107.708: Application time: 0.0820090 seconds
107.708: [GC [PSYoungGen: 35313K->2272K(39936K)] 110716K->77791K(122880K), 0.0010850 secs] [Times: user=0.01 sys=0.00, real=0.00 secs] 
107.709: Total time for which application threads were stopped: 0.0012460 seconds, Stopping threads took: 0.0000850 seconds
107.798: Application time: 0.0884990 seconds
107.798: [GC [PSYoungGen: 37869K->2304K(45056K)] 113388K->77871K(128000K), 0.0009010 secs] [Times: user=0.00 sys=0.00, real=0.00 secs] 
107.799: Total time for which application threads were stopped: 0.0010360 seconds, Stopping threads took: 0.0000620 seconds
107.901: Application time: 0.1026550 seconds
107.902: [GC [PSYoungGen: 42964K->2240K(45056K)] 118531K->77855K(128000K), 0.0010780 secs] [Times: user=0.00 sys=0.00, real=0.00 secs] 
107.903: Total time for which application threads were stopped: 0.0012210 seconds, Stopping threads took: 0.0000630 seconds
108.007: Application time: 0.1039320 seconds
108.007: [GC [PSYoungGen: 42980K->1792K(41984K)] 118596K->77407K(124928K), 0.0007360 secs] [Times: user=0.00 sys=0.00, real=0.00 secs] 
108.008: Total time for which application threads were stopped: 0.0008680 seconds, Stopping threads took: 0.0000610 seconds
108.106: Application time: 0.0989370 seconds
108.107: [GC [PSYoungGen: 41426K->1248K(40448K)] 117041K->76927K(123392K), 0.0006850 secs] [Times: user=0.01 sys=0.00, real=0.00 secs] 
108.107: Total time for which application threads were stopped: 0.0009010 seconds, Stopping threads took: 0.0001520 seconds
108.202: Application time: 0.0944650 seconds
108.202: [GC [PSYoungGen: 40004K->2304K(40448K)] 115683K->77983K(123392K), 0.0008990 secs] [Times: user=0.01 sys=0.00, real=0.00 secs] 
108.203: Total time for which application threads were stopped: 0.0010340 seconds, Stopping threads took: 0.0000630 seconds
108.298: Application time: 0.0947350 seconds
108.298: [GC [PSYoungGen: 40114K->2352K(39424K)] 115793K->78115K(122368K), 0.0011000 secs] [Times: user=0.00 sys=0.00, real=0.00 secs] 
108.299: Total time for which application threads were stopped: 0.0012430 seconds, Stopping threads took: 0.0000690 seconds
108.390: Application time: 0.0915750 seconds
108.391: [GC [PSYoungGen: 39056K->1824K(38400K)] 114819K->77699K(121344K), 0.0008600 secs] [Times: user=0.00 sys=0.00, real=0.00 secs] 
108.391: Total time for which application threads were stopped: 0.0010520 seconds, Stopping threads took: 0.0001230 seconds
108.482: Application time: 0.0902450 seconds
108.482: [GC [PSYoungGen: 37859K->1760K(37888K)] 113735K->77723K(120832K), 0.0008750 secs] [Times: user=0.01 sys=0.00, real=0.00 secs] 
108.483: Total time for which application threads were stopped: 0.0010260 seconds, Stopping threads took: 0.0000720 seconds
108.574: Application time: 0.0911100 seconds
108.574: [GC [PSYoungGen: 37283K->736K(36352K)] 113247K->76699K(119296K), 0.0006690 secs] [Times: user=0.00 sys=0.00, real=0.00 secs] 
108.575: Total time for which application threads were stopped: 0.0007930 seconds, Stopping threads took: 0.0000620 seconds
108.660: Application time: 0.0849430 seconds
108.660: [GC [PSYoungGen: 35814K->2304K(37376K)] 111777K->78267K(120320K), 0.0010110 secs] [Times: user=0.01 sys=0.00, real=0.00 secs] 
108.661: Total time for which application threads were stopped: 0.0011560 seconds, Stopping threads took: 0.0000730 seconds
108.748: Application time: 0.0868470 seconds
108.748: [GC [PSYoungGen: 36799K->1248K(35840K)] 112763K->77267K(118784K), 0.0007400 secs] [Times: user=0.00 sys=0.00, real=0.00 secs] 
108.749: Total time for which application threads were stopped: 0.0009470 seconds, Stopping threads took: 0.0001430 seconds
108.832: Application time: 0.0835690 seconds
108.832: [GC [PSYoungGen: 35303K->1248K(35328K)] 111323K->77267K(118272K), 0.0007190 secs] [Times: user=0.01 sys=0.00, real=0.00 secs] 
108.833: Total time for which application threads were stopped: 0.0008490 seconds, Stopping threads took: 0.0000660 seconds
108.915: Application time: 0.0824690 seconds
108.916: [GC [PSYoungGen: 34866K->1792K(35328K)] 110885K->77851K(118272K), 0.0009090 secs] [Times: user=0.00 sys=0.00, real=0.00 secs] 
108.916: Total time for which application threads were stopped: 0.0010430 seconds, Stopping threads took: 0.0000660 seconds
109.000: Application time: 0.0840110 seconds
109.001: [GC [PSYoungGen: 34976K->1856K(34816K)] 111035K->77995K(117760K), 0.0009470 secs] [Times: user=0.01 sys=0.00, real=0.01 secs] 
109.002: Total time for which application threads were stopped: 0.0010850 seconds, Stopping threads took: 0.0000590 seconds
109.083: Application time: 0.0815830 seconds
109.083: [GC [PSYoungGen: 34367K->1280K(34816K)] 110506K->77539K(117760K), 0.0007270 secs] [Times: user=0.00 sys=0.00, real=0.00 secs] 
109.084: Total time for which application threads were stopped: 0.0009260 seconds, Stopping threads took: 0.0001320 seconds
109.162: Application time: 0.0779660 seconds
109.162: [GC [PSYoungGen: 33188K->2816K(34816K)] 109448K->79123K(117760K), 0.0011800 secs] [Times: user=0.01 sys=0.00, real=0.00 secs] 
109.163: Total time for which application threads were stopped: 0.0013190 seconds, Stopping threads took: 0.0000670 seconds
109.242: Application time: 0.0784950 seconds
109.242: [GC [PSYoungGen: 34225K->1760K(34304K)] 110533K->78067K(117248K), 0.0008140 secs] [Times: user=0.01 sys=0.00, real=0.00 secs] 
109.243: Total time for which application threads were stopped: 0.0009490 seconds, Stopping threads took: 0.0000690 seconds
109.320: Application time: 0.0769970 seconds
109.320: [GC [PSYoungGen: 32715K->2816K(34816K)] 109022K->79123K(117760K), 0.0011800 secs] [Times: user=0.01 sys=0.00, real=0.00 secs] 
109.321: Total time for which application threads were stopped: 0.0013260 seconds, Stopping threads took: 0.0000740 seconds
109.399: Application time: 0.0782870 seconds
109.400: [GC [PSYoungGen: 33709K->1792K(41472K)] 110016K->78163K(124416K), 0.0007370 secs] [Times: user=0.00 sys=0.00, real=0.00 secs] 
109.400: Total time for which application threads were stopped: 0.0008600 seconds, Stopping threads took: 0.0000560 seconds
109.493: Application time: 0.0927680 seconds
109.493: [GC [PSYoungGen: 39448K->1280K(38400K)] 115819K->77651K(121344K), 0.0006940 secs] [Times: user=0.01 sys=0.00, real=0.01 secs] 
109.494: Total time for which application threads were stopped: 0.0008230 seconds, Stopping threads took: 0.0000600 seconds
109.586: Application time: 0.0923140 seconds
109.586: [GC [PSYoungGen: 37984K->1280K(39424K)] 114356K->77715K(122368K), 0.0006610 secs] [Times: user=0.00 sys=0.00, real=0.00 secs] 
109.587: Total time for which application threads were stopped: 0.0007900 seconds, Stopping threads took: 0.0000550 seconds
109.675: Application time: 0.0884830 seconds
109.676: [GC [PSYoungGen: 37544K->2336K(38400K)] 113980K->78851K(121344K), 0.0010900 secs] [Times: user=0.00 sys=0.00, real=0.00 secs] 
109.677: Total time for which application threads were stopped: 0.0012290 seconds, Stopping threads took: 0.0000650 seconds
109.766: Application time: 0.0888410 seconds
109.766: [GC [PSYoungGen: 37936K->1792K(38400K)] 114452K->78415K(121344K), 0.0008300 secs] [Times: user=0.01 sys=0.00, real=0.00 secs] 
109.767: Total time for which application threads were stopped: 0.0009680 seconds, Stopping threads took: 0.0000670 seconds
109.853: Application time: 0.0863460 seconds
109.853: [GC [PSYoungGen: 36793K->2304K(37376K)] 113417K->78983K(120320K), 0.0010380 secs] [Times: user=0.00 sys=0.00, real=0.01 secs] 
109.854: Total time for which application threads were stopped: 0.0012230 seconds, Stopping threads took: 0.0001120 seconds
109.942: Application time: 0.0881500 seconds
109.942: [GC [PSYoungGen: 36799K->1792K(36352K)] 113479K->78471K(119296K), 0.0008680 secs] [Times: user=0.00 sys=0.00, real=0.00 secs] 
109.943: Total time for which application threads were stopped: 0.0010230 seconds, Stopping threads took: 0.0000850 seconds
110.027: Application time: 0.0836540 seconds
110.027: [GC [PSYoungGen: 35843K->2816K(37376K)] 112523K->79495K(120320K), 0.0011620 secs] [Times: user=0.01 sys=0.00, real=0.00 secs] 
110.028: Total time for which application threads were stopped: 0.0013870 seconds, Stopping threads took: 0.0001520 seconds
110.116: Application time: 0.0877660 seconds
110.116: [GC [PSYoungGen: 36876K->1792K(35840K)] 113555K->78527K(118784K), 0.0007540 secs] [Times: user=0.00 sys=0.00, real=0.00 secs] 
110.117: Total time for which application threads were stopped: 0.0009200 seconds, Stopping threads took: 0.0000850 seconds
110.201: Application time: 0.0836640 seconds
110.201: [GC [PSYoungGen: 35335K->1200K(34816K)] 112071K->77983K(117760K), 0.0007320 secs] [Times: user=0.00 sys=0.00, real=0.01 secs] 
110.202: Total time for which application threads were stopped: 0.0008670 seconds, Stopping threads took: 0.0000690 seconds
110.283: Application time: 0.0815480 seconds
110.283: [GC [PSYoungGen: 34298K->2336K(35328K)] 111082K->79168K(118272K), 0.0009250 secs] [Times: user=0.01 sys=0.00, real=0.00 secs] 
110.285: Total time for which application threads were stopped: 0.0018350 seconds, Stopping threads took: 0.0001420 seconds
110.366: Application time: 0.0812520 seconds
110.366: [GC [PSYoungGen: 34926K->2336K(40960K)] 111758K->79248K(123904K), 0.0010650 secs] [Times: user=0.01 sys=0.00, real=0.00 secs] 
110.368: Total time for which application threads were stopped: 0.0013390 seconds, Stopping threads took: 0.0002010 seconds
110.464: Application time: 0.0960830 seconds
110.464: [GC [PSYoungGen: 39480K->1280K(38400K)] 116392K->78272K(121344K), 0.0007060 secs] [Times: user=0.00 sys=0.00, real=0.00 secs] 
110.464: Total time for which application threads were stopped: 0.0008310 seconds, Stopping threads took: 0.0000610 seconds
110.554: Application time: 0.0895260 seconds
110.554: [GC [PSYoungGen: 37823K->2304K(38912K)] 114815K->79344K(121856K), 0.0010290 secs] [Times: user=0.01 sys=0.00, real=0.00 secs] 
110.555: Total time for which application threads were stopped: 0.0011670 seconds, Stopping threads took: 0.0000650 seconds
110.646: Application time: 0.0908680 seconds
110.646: [GC [PSYoungGen: 38335K->2752K(39936K)] 115376K->79792K(122880K), 0.0011580 secs] [Times: user=0.01 sys=0.00, real=0.00 secs] 
110.647: Total time for which application threads were stopped: 0.0013140 seconds, Stopping threads took: 0.0000740 seconds
110.739: Application time: 0.0913010 seconds
110.739: [GC [PSYoungGen: 38866K->1792K(37888K)] 115906K->78832K(120832K), 0.0008740 secs] [Times: user=0.01 sys=0.00, real=0.00 secs] 
110.740: Total time for which application threads were stopped: 0.0010950 seconds, Stopping threads took: 0.0001560 seconds
110.831: Application time: 0.0910290 seconds
110.831: [GC [PSYoungGen: 37396K->736K(38400K)] 114436K->77840K(121344K), 0.0005700 secs] [Times: user=0.01 sys=0.00, real=0.00 secs] 
110.831: Total time for which application threads were stopped: 0.0006980 seconds, Stopping threads took: 0.0000660 seconds
110.918: Application time: 0.0862750 seconds
110.918: [GC [PSYoungGen: 35890K->2816K(38400K)] 112994K->79960K(121344K), 0.0012010 secs] [Times: user=0.00 sys=0.00, real=0.00 secs] 
110.919: Total time for which application threads were stopped: 0.0013520 seconds, Stopping threads took: 0.0000760 seconds
111.007: Application time: 0.0878740 seconds
111.007: [GC [PSYoungGen: 37546K->1824K(36864K)] 114691K->79048K(119808K), 0.0009460 secs] [Times: user=0.01 sys=0.00, real=0.00 secs] 
111.008: Total time for which application threads were stopped: 0.0010780 seconds, Stopping threads took: 0.0000580 seconds
111.093: Application time: 0.0853370 seconds
111.094: [GC [PSYoungGen: 35882K->1248K(35328K)] 113106K->78584K(118272K), 0.0007320 secs] [Times: user=0.01 sys=0.00, real=0.00 secs] 
111.094: Total time for which application threads were stopped: 0.0008830 seconds, Stopping threads took: 0.0000850 seconds
111.178: Application time: 0.0839750 seconds
111.178: [GC [PSYoungGen: 34709K->1760K(36352K)] 112045K->79160K(119296K), 0.0008690 secs] [Times: user=0.01 sys=0.00, real=0.00 secs] 
111.179: Total time for which application threads were stopped: 0.0010020 seconds, Stopping threads took: 0.0000570 seconds
111.263: Application time: 0.0834100 seconds
111.263: [GC [PSYoungGen: 34709K->1248K(34304K)] 112109K->78648K(117248K), 0.0006910 secs] [Times: user=0.01 sys=0.00, real=0.00 secs] 
111.264: Total time for which application threads were stopped: 0.0008480 seconds, Stopping threads took: 0.0000890 seconds
111.344: Application time: 0.0804610 seconds
111.344: [GC [PSYoungGen: 33751K->2784K(35328K)] 111151K->80184K(118272K), 0.0011770 secs] [Times: user=0.01 sys=0.00, real=0.00 secs] 
111.345: Total time for which application threads were stopped: 0.0013240 seconds, Stopping threads took: 0.0000710 seconds
111.424: Application time: 0.0789440 seconds
111.424: [GC [PSYoungGen: 34701K->2816K(35840K)] 112101K->80264K(118784K), 0.0011910 secs] [Times: user=0.00 sys=0.00, real=0.00 secs] 
111.426: Total time for which application threads were stopped: 0.0014340 seconds, Stopping threads took: 0.0001680 seconds
111.507: Application time: 0.0814580 seconds
111.507: [GC [PSYoungGen: 34811K->2240K(41984K)] 112259K->79688K(124928K), 0.0008910 secs] [Times: user=0.00 sys=0.00, real=0.00 secs] 
111.508: Total time for which application threads were stopped: 0.0010870 seconds, Stopping threads took: 0.0001270 seconds
111.607: Application time: 0.0991820 seconds
111.608: [GC [PSYoungGen: 41008K->704K(38912K)] 118457K->78200K(121856K), 0.0005470 secs] [Times: user=0.01 sys=0.00, real=0.00 secs] 
111.608: Total time for which application threads were stopped: 0.0006720 seconds, Stopping threads took: 0.0000630 seconds
111.702: Application time: 0.0940780 seconds
111.702: [GC [PSYoungGen: 38512K->1296K(38912K)] 116009K->78880K(121856K), 0.0007070 secs] [Times: user=0.00 sys=0.00, real=0.00 secs] 
111.703: Total time for which application threads were stopped: 0.0008490 seconds, Stopping threads took: 0.0000660 seconds
111.792: Application time: 0.0892460 seconds
111.792: [GC [PSYoungGen: 37919K->1728K(38400K)] 115504K->79436K(121344K), 0.0008980 secs] [Times: user=0.01 sys=0.00, real=0.00 secs] 
111.793: Total time for which application threads were stopped: 0.0010270 seconds, Stopping threads took: 0.0000590 seconds
111.883: Application time: 0.0894170 seconds
111.883: [GC [PSYoungGen: 37759K->2272K(38912K)] 115468K->80028K(121856K), 0.0010120 secs] [Times: user=0.01 sys=0.00, real=0.00 secs] 
111.884: Total time for which application threads were stopped: 0.0011920 seconds, Stopping threads took: 0.0001060 seconds
111.976: Application time: 0.0918650 seconds
111.976: [GC [PSYoungGen: 37798K->704K(36352K)] 115554K->78460K(119296K), 0.0005070 secs] [Times: user=0.00 sys=0.00, real=0.00 secs] 
111.976: Total time for which application threads were stopped: 0.0006160 seconds, Stopping threads took: 0.0000490 seconds
112.062: Application time: 0.0852960 seconds
112.062: [GC [PSYoungGen: 35780K->2816K(38400K)] 113536K->80572K(121344K), 0.0011610 secs] [Times: user=0.01 sys=0.00, real=0.00 secs] 
112.063: Total time for which application threads were stopped: 0.0013100 seconds, Stopping threads took: 0.0000730 seconds
112.153: Application time: 0.0900470 seconds
112.153: [GC [PSYoungGen: 37392K->1248K(35840K)] 115148K->79068K(118784K), 0.0007090 secs] [Times: user=0.00 sys=0.01, real=0.01 secs] 
112.154: Total time for which application threads were stopped: 0.0008490 seconds, Stopping threads took: 0.0000730 seconds
112.238: Application time: 0.0838700 seconds
112.238: [GC [PSYoungGen: 35378K->2320K(37376K)] 113199K->80188K(120320K), 0.0010560 secs] [Times: user=0.00 sys=0.00, real=0.00 secs] 
112.239: Total time for which application threads were stopped: 0.0012060 seconds, Stopping threads took: 0.0000690 seconds
112.321: Application time: 0.0825290 seconds
112.322: [GC [PSYoungGen: 35940K->2304K(35840K)] 113808K->80244K(118784K), 0.0010420 secs] [Times: user=0.01 sys=0.00, real=0.00 secs] 
112.323: Total time for which application threads were stopped: 0.0011830 seconds, Stopping threads took: 0.0000690 seconds
112.405: Application time: 0.0826570 seconds
112.405: [GC [PSYoungGen: 35410K->2336K(37376K)] 113350K->80360K(120320K), 0.0010350 secs] [Times: user=0.01 sys=0.00, real=0.00 secs] 
112.407: Total time for which application threads were stopped: 0.0011830 seconds, Stopping threads took: 0.0000700 seconds
112.489: Application time: 0.0822990 seconds
112.489: [GC [PSYoungGen: 35281K->2816K(37376K)] 113306K->80920K(120320K), 0.0012060 secs] [Times: user=0.01 sys=0.00, real=0.00 secs] 
112.490: Total time for which application threads were stopped: 0.0013860 seconds, Stopping threads took: 0.0000960 seconds
112.573: Application time: 0.0828570 seconds
112.573: [GC [PSYoungGen: 35765K->2816K(44032K)] 113870K->80920K(126976K), 0.0010090 secs] [Times: user=0.00 sys=0.00, real=0.01 secs] 
112.574: Total time for which application threads were stopped: 0.0011430 seconds, Stopping threads took: 0.0000580 seconds
112.674: Application time: 0.1000690 seconds
112.674: [GC [PSYoungGen: 42528K->2256K(44032K)] 120633K->80360K(126976K), 0.0010910 secs] [Times: user=0.01 sys=0.00, real=0.00 secs] 
112.676: Total time for which application threads were stopped: 0.0012390 seconds, Stopping threads took: 0.0000760 seconds
112.775: Application time: 0.0999420 seconds
112.776: [GC [PSYoungGen: 41888K->2240K(52224K)] 119993K->80392K(135168K), 0.0008440 secs] [Times: user=0.00 sys=0.00, real=0.00 secs] 
112.776: Total time for which application threads were stopped: 0.0009840 seconds, Stopping threads took: 0.0000650 seconds
112.896: Application time: 0.1198370 seconds
112.896: [GC [PSYoungGen: 50336K->3296K(52224K)] 128489K->81449K(135168K), 0.0012600 secs] [Times: user=0.01 sys=0.00, real=0.00 secs] 
112.898: Total time for which application threads were stopped: 0.0014070 seconds, Stopping threads took: 0.0000730 seconds
113.021: Application time: 0.1234640 seconds
113.021: [GC [PSYoungGen: 51413K->1248K(48640K)] 129566K->79521K(131584K), 0.0007270 secs] [Times: user=0.01 sys=0.00, real=0.01 secs] 
113.022: Total time for which application threads were stopped: 0.0008590 seconds, Stopping threads took: 0.0000620 seconds
113.138: Application time: 0.1160720 seconds
113.138: [GC [PSYoungGen: 48153K->2240K(48640K)] 126426K->80629K(131584K), 0.0010090 secs] [Times: user=0.01 sys=0.00, real=0.00 secs] 
113.139: Total time for which application threads were stopped: 0.0011520 seconds, Stopping threads took: 0.0000700 seconds
113.254: Application time: 0.1146570 seconds
113.254: [GC [PSYoungGen: 48043K->2208K(47616K)] 126432K->80637K(130560K), 0.0010460 secs] [Times: user=0.00 sys=0.00, real=0.00 secs] 
113.255: Total time for which application threads were stopped: 0.0011910 seconds, Stopping threads took: 0.0000740 seconds
113.369: Application time: 0.1139670 seconds
113.369: [GC [PSYoungGen: 47065K->1184K(45568K)] 125494K->79613K(128512K), 0.0007900 secs] [Times: user=0.00 sys=0.00, real=0.00 secs] 
113.370: Total time for which application threads were stopped: 0.0009220 seconds, Stopping threads took: 0.0000560 seconds
113.477: Application time: 0.1067600 seconds
113.477: [GC [PSYoungGen: 44922K->2784K(46080K)] 123351K->81253K(129024K), 0.0011810 secs] [Times: user=0.00 sys=0.00, real=0.00 secs] 
113.478: Total time for which application threads were stopped: 0.0013590 seconds, Stopping threads took: 0.0001050 seconds
113.585: Application time: 0.1064170 seconds
113.585: [GC [PSYoungGen: 45735K->2816K(45056K)] 124204K->81285K(128000K), 0.0012060 secs] [Times: user=0.00 sys=0.01, real=0.00 secs] 
113.586: Total time for which application threads were stopped: 0.0013610 seconds, Stopping threads took: 0.0000830 seconds
113.691: Application time: 0.1047850 seconds
113.691: [GC [PSYoungGen: 44741K->2336K(43520K)] 123210K->80913K(126464K), 0.0010150 secs] [Times: user=0.01 sys=0.00, real=0.00 secs] 
113.692: Total time for which application threads were stopped: 0.0012110 seconds, Stopping threads took: 0.0001260 seconds
113.793: Application time: 0.1012670 seconds
113.793: [GC [PSYoungGen: 43072K->2816K(43008K)] 121650K->81501K(125952K), 0.0012570 secs] [Times: user=0.01 sys=0.00, real=0.01 secs] 
113.795: Total time for which application threads were stopped: 0.0014010 seconds, Stopping threads took: 0.0000710 seconds
113.895: Application time: 0.1004290 seconds
113.895: [GC [PSYoungGen: 42452K->1792K(40960K)] 121137K->80533K(123904K), 0.0008550 secs] [Times: user=0.00 sys=0.00, real=0.00 secs] 
113.896: Total time for which application threads were stopped: 0.0010000 seconds, Stopping threads took: 0.0000690 seconds
113.992: Application time: 0.0959390 seconds
113.992: [GC [PSYoungGen: 40396K->1696K(39936K)] 119137K->80437K(122880K), 0.0008890 secs] [Times: user=0.00 sys=0.00, real=0.00 secs] 
113.993: Total time for which application threads were stopped: 0.0010240 seconds, Stopping threads took: 0.0000660 seconds
114.087: Application time: 0.0937060 seconds
114.087: [GC [PSYoungGen: 39348K->2240K(39424K)] 118089K->80981K(122368K), 0.0010590 secs] [Times: user=0.01 sys=0.00, real=0.00 secs] 
114.088: Total time for which application threads were stopped: 0.0012220 seconds, Stopping threads took: 0.0000890 seconds
114.181: Application time: 0.0931800 seconds
114.181: [GC [PSYoungGen: 38866K->1792K(38400K)] 117607K->80589K(121344K), 0.0009700 secs] [Times: user=0.01 sys=0.00, real=0.01 secs] 
114.182: Total time for which application threads were stopped: 0.0011540 seconds, Stopping threads took: 0.0001130 seconds
114.271: Application time: 0.0888750 seconds
114.271: [GC [PSYoungGen: 38062K->1744K(37888K)] 116860K->80597K(120832K), 0.0009790 secs] [Times: user=0.00 sys=0.00, real=0.00 secs] 
114.272: Total time for which application threads were stopped: 0.0011090 seconds, Stopping threads took: 0.0000650 seconds
114.361: Application time: 0.0883000 seconds
114.361: [GC [PSYoungGen: 37420K->1760K(37376K)] 116274K->80733K(120320K), 0.0009600 secs] [Times: user=0.00 sys=0.00, real=0.01 secs] 
114.362: Total time for which application threads were stopped: 0.0011110 seconds, Stopping threads took: 0.0000840 seconds
114.449: Application time: 0.0870040 seconds
114.449: [GC [PSYoungGen: 36840K->2784K(40960K)] 115813K->81825K(123904K), 0.0012340 secs] [Times: user=0.01 sys=0.00, real=0.00 secs] 
114.450: Total time for which application threads were stopped: 0.0014140 seconds, Stopping threads took: 0.0000960 seconds
114.542: Application time: 0.0918660 seconds
114.542: [GC [PSYoungGen: 39846K->2752K(40960K)] 118887K->81833K(123904K), 0.0011960 secs] [Times: user=0.00 sys=0.00, real=0.00 secs] 
114.543: Total time for which application threads were stopped: 0.0013390 seconds, Stopping threads took: 0.0000710 seconds
114.636: Application time: 0.0930690 seconds
114.636: [GC [PSYoungGen: 39816K->2272K(48640K)] 118897K->81353K(131584K), 0.0008450 secs] [Times: user=0.00 sys=0.00, real=0.00 secs] 
114.637: Total time for which application threads were stopped: 0.0009840 seconds, Stopping threads took: 0.0000680 seconds
114.749: Application time: 0.1114930 seconds
114.749: [GC [PSYoungGen: 47125K->1728K(46080K)] 126206K->80809K(129024K), 0.0007540 secs] [Times: user=0.01 sys=0.00, real=0.00 secs] 
114.750: Total time for which application threads were stopped: 0.0009050 seconds, Stopping threads took: 0.0000850 seconds
114.860: Application time: 0.1100920 seconds
114.860: [GC [PSYoungGen: 45551K->1760K(45568K)] 124632K->80905K(128512K), 0.0009690 secs] [Times: user=0.00 sys=0.00, real=0.00 secs] 
114.861: Total time for which application threads were stopped: 0.0011100 seconds, Stopping threads took: 0.0000710 seconds
114.965: Application time: 0.1044010 seconds
114.965: [GC [PSYoungGen: 44711K->1792K(44032K)] 123857K->80993K(126976K), 0.0009360 secs] [Times: user=0.00 sys=0.00, real=0.00 secs] 
114.966: Total time for which application threads were stopped: 0.0011160 seconds, Stopping threads took: 0.0000910 seconds
115.072: Application time: 0.1052310 seconds
115.072: [GC [PSYoungGen: 43716K->1312K(43520K)] 122918K->80637K(126464K), 0.0007850 secs] [Times: user=0.01 sys=0.00, real=0.00 secs] 
115.073: Total time for which application threads were stopped: 0.0010250 seconds, Stopping threads took: 0.0001690 seconds
115.173: Application time: 0.0998780 seconds
115.173: [GC [PSYoungGen: 41966K->2816K(43008K)] 121292K->82258K(125952K), 0.0011600 secs] [Times: user=0.01 sys=0.00, real=0.01 secs] 
115.174: Total time for which application threads were stopped: 0.0013030 seconds, Stopping threads took: 0.0000710 seconds
115.275: Application time: 0.1009720 seconds
115.275: [GC [PSYoungGen: 42452K->1792K(40960K)] 121894K->81234K(123904K), 0.0008450 secs] [Times: user=0.00 sys=0.00, real=0.00 secs] 
115.276: Total time for which application threads were stopped: 0.0009880 seconds, Stopping threads took: 0.0000690 seconds
115.370: Application time: 0.0944960 seconds
115.370: [GC [PSYoungGen: 40468K->3328K(41472K)] 119910K->82770K(124416K), 0.0013830 secs] [Times: user=0.01 sys=0.00, real=0.00 secs] 
115.372: Total time for which application threads were stopped: 0.0015350 seconds, Stopping threads took: 0.0000730 seconds
115.465: Application time: 0.0935570 seconds
115.466: [GC [PSYoungGen: 40904K->3328K(41984K)] 120346K->82810K(124928K), 0.0013710 secs] [Times: user=0.01 sys=0.00, real=0.00 secs] 
115.467: Total time for which application threads were stopped: 0.0015260 seconds, Stopping threads took: 0.0000710 seconds
115.565: Application time: 0.0977970 seconds
115.565: [GC [PSYoungGen: 41656K->1760K(42496K)] 121138K->81242K(125440K), 0.0008860 secs] [Times: user=0.00 sys=0.00, real=0.00 secs] 
115.566: Total time for which application threads were stopped: 0.0010620 seconds, Stopping threads took: 0.0001070 seconds
115.661: Application time: 0.0949210 seconds
115.661: [GC [PSYoungGen: 40006K->2304K(39936K)] 119488K->81902K(122880K), 0.0009230 secs] [Times: user=0.00 sys=0.00, real=0.01 secs] 
115.662: Total time for which application threads were stopped: 0.0010600 seconds, Stopping threads took: 0.0000650 seconds
115.754: Application time: 0.0919940 seconds
115.754: [GC [PSYoungGen: 39522K->2320K(48640K)] 119120K->81998K(131584K), 0.0010120 secs] [Times: user=0.00 sys=0.00, real=0.00 secs] 
115.755: Total time for which application threads were stopped: 0.0011530 seconds, Stopping threads took: 0.0000700 seconds
115.866: Application time: 0.1110940 seconds
115.866: [GC [PSYoungGen: 46576K->2784K(46592K)] 126255K->82538K(129536K), 0.0011150 secs] [Times: user=0.01 sys=0.00, real=0.00 secs] 
115.867: Total time for which application threads were stopped: 0.0012640 seconds, Stopping threads took: 0.0000770 seconds
115.976: Application time: 0.1086130 seconds
115.976: [GC [PSYoungGen: 46016K->2272K(45056K)] 125771K->82026K(128000K), 0.0010610 secs] [Times: user=0.01 sys=0.00, real=0.00 secs] 
115.977: Total time for which application threads were stopped: 0.0012160 seconds, Stopping threads took: 0.0000740 seconds
116.084: Application time: 0.1064870 seconds
116.084: [GC [PSYoungGen: 44555K->1728K(43520K)] 124309K->81482K(126464K), 0.0007720 secs] [Times: user=0.00 sys=0.00, real=0.00 secs] 
116.085: Total time for which application threads were stopped: 0.0009120 seconds, Stopping threads took: 0.0000710 seconds
116.186: Application time: 0.1017290 seconds
116.186: [GC [PSYoungGen: 42978K->2304K(43008K)] 122732K->82098K(125952K), 0.0010280 secs] [Times: user=0.01 sys=0.00, real=0.00 secs] 
116.187: Total time for which application threads were stopped: 0.0011680 seconds, Stopping threads took: 0.0000680 seconds
116.289: Application time: 0.1017520 seconds
116.289: [GC [PSYoungGen: 42689K->1312K(41984K)] 122483K->81162K(124928K), 0.0007480 secs] [Times: user=0.00 sys=0.00, real=0.00 secs] 
116.290: Total time for which application threads were stopped: 0.0008900 seconds, Stopping threads took: 0.0000780 seconds
116.388: Application time: 0.0974960 seconds
116.388: [GC [PSYoungGen: 40662K->1808K(40448K)] 120513K->81774K(123392K), 0.0009200 secs] [Times: user=0.01 sys=0.00, real=0.00 secs] 
116.389: Total time for which application threads were stopped: 0.0010530 seconds, Stopping threads took: 0.0000650 seconds
116.483: Application time: 0.0946170 seconds
116.483: [GC [PSYoungGen: 39894K->2720K(40448K)] 119860K->82798K(123392K), 0.0012670 secs] [Times: user=0.01 sys=0.00, real=0.00 secs] 
116.485: Total time for which application threads were stopped: 0.0014140 seconds, Stopping threads took: 0.0000630 seconds
116.576: Application time: 0.0914890 seconds
116.576: [GC [PSYoungGen: 39782K->2816K(41472K)] 119860K->82894K(124416K), 0.0012130 secs] [Times: user=0.01 sys=0.00, real=0.00 secs] 
116.578: Total time for which application threads were stopped: 0.0014400 seconds, Stopping threads took: 0.0001540 seconds
116.674: Application time: 0.0966290 seconds
116.674: [GC [PSYoungGen: 40480K->224K(37376K)] 120559K->80302K(120320K), 0.0004950 secs] [Times: user=0.00 sys=0.00, real=0.00 secs] 
116.675: Total time for which application threads were stopped: 0.0006630 seconds, Stopping threads took: 0.0001100 seconds
116.763: Application time: 0.0882080 seconds
116.763: [GC [PSYoungGen: 36763K->2304K(40448K)] 116842K->82430K(123392K), 0.0009790 secs] [Times: user=0.00 sys=0.00, real=0.00 secs] 
116.764: Total time for which application threads were stopped: 0.0011640 seconds, Stopping threads took: 0.0001120 seconds
116.854: Application time: 0.0897790 seconds
116.854: [GC [PSYoungGen: 38414K->2816K(38912K)] 118540K->82942K(121856K), 0.0010190 secs] [Times: user=0.01 sys=0.00, real=0.00 secs] 
116.855: Total time for which application threads were stopped: 0.0011680 seconds, Stopping threads took: 0.0000730 seconds
116.945: Application time: 0.0894170 seconds
116.945: [GC [PSYoungGen: 38572K->2320K(37888K)] 118699K->82502K(120832K), 0.0011470 secs] [Times: user=0.01 sys=0.00, real=0.00 secs] 
116.946: Total time for which application threads were stopped: 0.0012890 seconds, Stopping threads took: 0.0000690 seconds
117.036: Application time: 0.0901540 seconds
117.036: [GC [PSYoungGen: 37410K->768K(35840K)] 117592K->81070K(118784K), 0.0006270 secs] [Times: user=0.00 sys=0.00, real=0.00 secs] 
117.037: Total time for which application threads were stopped: 0.0007520 seconds, Stopping threads took: 0.0000530 seconds
117.120: Application time: 0.0834650 seconds
117.120: [GC [PSYoungGen: 35409K->2304K(36864K)] 115712K->82662K(119808K), 0.0010670 secs] [Times: user=0.01 sys=0.00, real=0.01 secs] 
117.122: Total time for which application threads were stopped: 0.0012300 seconds, Stopping threads took: 0.0000890 seconds
117.208: Application time: 0.0868870 seconds
117.209: [GC [PSYoungGen: 36285K->736K(36352K)] 116644K->81190K(119296K), 0.0006090 secs] [Times: user=0.00 sys=0.00, real=0.00 secs] 
117.209: Total time for which application threads were stopped: 0.0007620 seconds, Stopping threads took: 0.0000910 seconds
117.292: Application time: 0.0831080 seconds
117.292: [GC [PSYoungGen: 34199K->1280K(34816K)] 114654K->81734K(117760K), 0.0006870 secs] [Times: user=0.00 sys=0.00, real=0.00 secs] 
117.293: Total time for which application threads were stopped: 0.0008210 seconds, Stopping threads took: 0.0000660 seconds
117.376: Application time: 0.0826170 seconds
117.376: [GC [PSYoungGen: 34307K->1280K(36352K)] 114762K->81734K(119296K), 0.0006930 secs] [Times: user=0.01 sys=0.00, real=0.00 secs] 
117.377: Total time for which application threads were stopped: 0.0008110 seconds, Stopping threads took: 0.0000540 seconds
117.455: Application time: 0.0787460 seconds
117.455: [GC [PSYoungGen: 33713K->1248K(33792K)] 114168K->81766K(116736K), 0.0007430 secs] [Times: user=0.00 sys=0.00, real=0.00 secs] 
117.456: Total time for which application threads were stopped: 0.0009180 seconds, Stopping threads took: 0.0001090 seconds
117.535: Application time: 0.0791440 seconds
117.536: [GC [PSYoungGen: 33315K->2304K(34816K)] 113834K->82822K(117760K), 0.0010310 secs] [Times: user=0.01 sys=0.00, real=0.00 secs] 
117.537: Total time for which application threads were stopped: 0.0011600 seconds, Stopping threads took: 0.0000580 seconds
117.614: Application time: 0.0776500 seconds
117.614: [GC [PSYoungGen: 33866K->1808K(33280K)] 114384K->82410K(116224K), 0.0009210 secs] [Times: user=0.01 sys=0.00, real=0.00 secs] 
117.615: Total time for which application threads were stopped: 0.0011840 seconds, Stopping threads took: 0.0001860 seconds
117.692: Application time: 0.0763500 seconds
117.692: [GC [PSYoungGen: 32767K->2304K(34816K)] 113369K->82979K(117760K), 0.0010750 secs] [Times: user=0.00 sys=0.00, real=0.00 secs] 
117.693: Total time for which application threads were stopped: 0.0012140 seconds, Stopping threads took: 0.0000680 seconds
117.770: Application time: 0.0770620 seconds
117.770: [GC [PSYoungGen: 33351K->1760K(34816K)] 114026K->82483K(117760K), 0.0008950 secs] [Times: user=0.00 sys=0.00, real=0.00 secs] 
117.771: Total time for which application threads were stopped: 0.0010280 seconds, Stopping threads took: 0.0000620 seconds
117.848: Application time: 0.0767900 seconds
117.848: [GC [PSYoungGen: 32640K->2304K(41472K)] 113363K->83099K(124416K), 0.0008690 secs] [Times: user=0.00 sys=0.00, real=0.00 secs] 
117.849: Total time for which application threads were stopped: 0.0010070 seconds, Stopping threads took: 0.0000670 seconds
117.941: Application time: 0.0920280 seconds
117.941: [GC [PSYoungGen: 39880K->2304K(41472K)] 120675K->83099K(124416K), 0.0009180 secs] [Times: user=0.00 sys=0.01, real=0.01 secs] 
117.942: Total time for which application threads were stopped: 0.0010590 seconds, Stopping threads took: 0.0000690 seconds
118.036: Application time: 0.0941070 seconds
118.036: [GC [PSYoungGen: 39956K->2720K(49152K)] 120751K->83515K(132096K), 0.0010980 secs] [Times: user=0.00 sys=0.00, real=0.00 secs] 
118.037: Total time for which application threads were stopped: 0.0013180 seconds, Stopping threads took: 0.0001430 seconds
118.149: Application time: 0.1113300 seconds
118.149: [GC [PSYoungGen: 48081K->3328K(49152K)] 128876K->84675K(132096K), 0.0013200 secs] [Times: user=0.00 sys=0.01, real=0.00 secs] 
118.150: Total time for which application threads were stopped: 0.0014700 seconds, Stopping threads took: 0.0000660 seconds
118.263: Application time: 0.1123820 seconds
118.263: [GC [PSYoungGen: 48775K->3360K(58368K)] 130122K->84747K(141312K), 0.0011600 secs] [Times: user=0.00 sys=0.00, real=0.00 secs] 
118.264: Total time for which application threads were stopped: 0.0013100 seconds, Stopping threads took: 0.0000790 seconds
118.396: Application time: 0.1324700 seconds
118.396: [GC [PSYoungGen: 57202K->3296K(58880K)] 138589K->84767K(141824K), 0.0012420 secs] [Times: user=0.01 sys=0.00, real=0.00 secs] 
118.398: Total time for which application threads were stopped: 0.0013840 seconds, Stopping threads took: 0.0000710 seconds
118.533: Application time: 0.1350880 seconds
118.533: [GC [PSYoungGen: 57340K->2272K(55296K)] 138812K->83887K(138240K), 0.0009150 secs] [Times: user=0.00 sys=0.01, real=0.01 secs] 
118.534: Total time for which application threads were stopped: 0.0011180 seconds, Stopping threads took: 0.0001340 seconds
118.665: Application time: 0.1315220 seconds
118.666: [GC [PSYoungGen: 54856K->1248K(52736K)] 136472K->82863K(135680K), 0.0007300 secs] [Times: user=0.00 sys=0.00, real=0.00 secs] 
118.666: Total time for which application threads were stopped: 0.0008770 seconds, Stopping threads took: 0.0000690 seconds
118.790: Application time: 0.1236190 seconds
118.790: [GC [PSYoungGen: 52276K->2816K(52736K)] 133891K->84471K(135680K), 0.0010120 secs] [Times: user=0.00 sys=0.00, real=0.00 secs] 
118.791: Total time for which application threads were stopped: 0.0011660 seconds, Stopping threads took: 0.0000840 seconds
118.912: Application time: 0.1210940 seconds
118.912: [GC [PSYoungGen: 52390K->2304K(51200K)] 134045K->84007K(134144K), 0.0011460 secs] [Times: user=0.00 sys=0.00, real=0.01 secs] 
118.914: Total time for which application threads were stopped: 0.0012790 seconds, Stopping threads took: 0.0000610 seconds
119.035: Application time: 0.1216880 seconds
119.035: [GC [PSYoungGen: 50923K->2336K(50176K)] 132626K->84119K(133120K), 0.0010140 secs] [Times: user=0.00 sys=0.00, real=0.00 secs] 
119.036: Total time for which application threads were stopped: 0.0011570 seconds, Stopping threads took: 0.0000700 seconds
119.154: Application time: 0.1175160 seconds
119.154: [GC [PSYoungGen: 49774K->1280K(48128K)] 131557K->83187K(131072K), 0.0008240 secs] [Times: user=0.01 sys=0.00, real=0.00 secs] 
119.155: Total time for which application threads were stopped: 0.0009590 seconds, Stopping threads took: 0.0000670 seconds
119.270: Application time: 0.1147010 seconds
119.270: [GC [PSYoungGen: 47599K->1248K(47104K)] 129506K->83219K(130048K), 0.0008160 secs] [Times: user=0.01 sys=0.00, real=0.00 secs] 
119.271: Total time for which application threads were stopped: 0.0009700 seconds, Stopping threads took: 0.0000750 seconds
119.382: Application time: 0.1114830 seconds
119.382: [GC [PSYoungGen: 46611K->1248K(46080K)] 128582K->83219K(129024K), 0.0007560 secs] [Times: user=0.00 sys=0.00, real=0.00 secs] 
119.383: Total time for which application threads were stopped: 0.0009490 seconds, Stopping threads took: 0.0001280 seconds
119.493: Application time: 0.1102040 seconds
119.493: [GC [PSYoungGen: 45663K->1760K(45568K)] 127635K->83787K(128512K), 0.0009070 secs] [Times: user=0.00 sys=0.00, real=0.01 secs] 
119.494: Total time for which application threads were stopped: 0.0010480 seconds, Stopping threads took: 0.0000730 seconds
119.598: Application time: 0.1041040 seconds
119.598: [GC [PSYoungGen: 45139K->3840K(46592K)] 127166K->85963K(129536K), 0.0015550 secs] [Times: user=0.01 sys=0.00, real=0.00 secs] 
119.600: Total time for which application threads were stopped: 0.0017080 seconds, Stopping threads took: 0.0000780 seconds
119.709: Application time: 0.1092860 seconds
119.709: [GC [PSYoungGen: 46211K->768K(42496K)] 128335K->82979K(125440K), 0.0006890 secs] [Times: user=0.00 sys=0.01, real=0.00 secs] 
119.710: Total time for which application threads were stopped: 0.0008290 seconds, Stopping threads took: 0.0000700 seconds
119.812: Application time: 0.1023150 seconds
119.813: [GC [PSYoungGen: 42020K->768K(41472K)] 124232K->83075K(124416K), 0.0005730 secs] [Times: user=0.00 sys=0.00, real=0.00 secs] 
119.813: Total time for which application threads were stopped: 0.0007190 seconds, Stopping threads took: 0.0000730 seconds
119.911: Application time: 0.0980110 seconds
119.911: [GC [PSYoungGen: 40914K->736K(40448K)] 123222K->83107K(123392K), 0.0006960 secs] [Times: user=0.00 sys=0.00, real=0.00 secs] 
119.912: Total time for which application threads were stopped: 0.0008180 seconds, Stopping threads took: 0.0000600 seconds
120.007: Application time: 0.0951010 seconds
120.007: [GC [PSYoungGen: 39924K->2752K(41472K)] 122296K->85123K(124416K), 0.0012160 secs] [Times: user=0.01 sys=0.00, real=0.00 secs] 
120.008: Total time for which application threads were stopped: 0.0013720 seconds, Stopping threads took: 0.0000790 seconds
120.104: Application time: 0.0951320 seconds
120.104: [GC [PSYoungGen: 40842K->2816K(40448K)] 123214K->85235K(123392K), 0.0012700 secs] [Times: user=0.01 sys=0.00, real=0.00 secs] 
120.105: Total time for which application threads were stopped: 0.0014230 seconds, Stopping threads took: 0.0000770 seconds
120.197: Application time: 0.0914600 seconds
120.197: [GC [PSYoungGen: 40112K->2848K(39936K)] 122532K->85268K(122880K), 0.0013040 secs] [Times: user=0.01 sys=0.00, real=0.00 secs] 
120.198: Total time for which application threads were stopped: 0.0014400 seconds, Stopping threads took: 0.0000600 seconds
120.290: Application time: 0.0922360 seconds
120.290: [GC [PSYoungGen: 39476K->2304K(41472K)] 121896K->84840K(124416K), 0.0010790 secs] [Times: user=0.01 sys=0.00, real=0.00 secs] 
120.291: Total time for which application threads were stopped: 0.0012220 seconds, Stopping threads took: 0.0000700 seconds
120.385: Application time: 0.0935860 seconds
120.385: [GC [PSYoungGen: 39524K->1760K(38912K)] 122060K->84336K(121856K), 0.0009220 secs] [Times: user=0.00 sys=0.00, real=0.00 secs] 
120.387: Total time for which application threads were stopped: 0.0017260 seconds, Stopping threads took: 0.0001180 seconds
120.479: Application time: 0.0918450 seconds
120.479: [GC [PSYoungGen: 38388K->1248K(39424K)] 120964K->83908K(122368K), 0.0007930 secs] [Times: user=0.00 sys=0.00, real=0.00 secs] 
120.480: Total time for which application threads were stopped: 0.0009430 seconds, Stopping threads took: 0.0000860 seconds
120.568: Application time: 0.0887390 seconds
120.568: [GC [PSYoungGen: 37277K->2272K(38400K)] 119937K->84980K(121344K), 0.0010610 secs] [Times: user=0.01 sys=0.00, real=0.00 secs] 
120.570: Total time for which application threads were stopped: 0.0012930 seconds, Stopping threads took: 0.0001600 seconds
120.657: Application time: 0.0878540 seconds
120.658: [GC [PSYoungGen: 37872K->1792K(38912K)] 120580K->84500K(121856K), 0.0008920 secs] [Times: user=0.01 sys=0.00, real=0.00 secs] 
120.658: Total time for which application threads were stopped: 0.0010220 seconds, Stopping threads took: 0.0000610 seconds
120.745: Application time: 0.0860810 seconds
120.745: [GC [PSYoungGen: 36795K->2272K(39424K)] 119503K->85028K(122368K), 0.0010450 secs] [Times: user=0.00 sys=0.00, real=0.00 secs] 
120.746: Total time for which application threads were stopped: 0.0011740 seconds, Stopping threads took: 0.0000590 seconds
120.834: Application time: 0.0887000 seconds
120.835: [GC [PSYoungGen: 37438K->1216K(36352K)] 120194K->83972K(119296K), 0.0006480 secs] [Times: user=0.00 sys=0.00, real=0.00 secs] 
120.835: Total time for which application threads were stopped: 0.0008250 seconds, Stopping threads took: 0.0001110 seconds
120.920: Application time: 0.0851180 seconds
120.920: [GC [PSYoungGen: 35860K->2304K(36864K)] 118616K->85148K(119808K), 0.0010920 secs] [Times: user=0.01 sys=0.00, real=0.01 secs] 
120.922: [Full GC [PSYoungGen: 2304K->0K(36864K)] [ParOldGen: 82844K->8569K(40448K)] 85148K->8569K(77312K) [PSPermGen: 5149K->5149K(21504K)], 0.0147930 secs] [Times: user=0.07 sys=0.00, real=0.01 secs] 
120.936: Total time for which application threads were stopped: 0.0161110 seconds, Stopping threads took: 0.0000940 seconds
121.016: Application time: 0.0796700 seconds
121.016: [GC [PSYoungGen: 34130K->2848K(43008K)] 42699K->11417K(83456K), 0.0010660 secs] [Times: user=0.00 sys=0.00, real=0.00 secs] 
121.017: Total time for which application threads were stopped: 0.0011980 seconds, Stopping threads took: 0.0000610 seconds
121.109: Application time: 0.0920390 seconds
121.110: [GC [PSYoungGen: 41534K->1280K(39424K)] 50104K->9929K(79872K), 0.0006530 secs] [Times: user=0.00 sys=0.00, real=0.00 secs] 
121.110: Total time for which application threads were stopped: 0.0008750 seconds, Stopping threads took: 0.0001590 seconds
121.197: Application time: 0.0872560 seconds
121.198: [GC [PSYoungGen: 38856K->1792K(39936K)] 47505K->10497K(80384K), 0.0007260 secs] [Times: user=0.00 sys=0.00, real=0.00 secs] 
121.198: Total time for which application threads were stopped: 0.0008510 seconds, Stopping threads took: 0.0000560 seconds
121.285: Application time: 0.0870880 seconds
121.286: [GC [PSYoungGen: 38420K->1280K(37888K)] 47125K->9985K(78336K), 0.0006380 secs] [Times: user=0.00 sys=0.00, real=0.00 secs] 
121.286: Total time for which application threads were stopped: 0.0007610 seconds, Stopping threads took: 0.0000640 seconds
121.371: Application time: 0.0844890 seconds
121.371: [GC [PSYoungGen: 37309K->2304K(38912K)] 46015K->11065K(79360K), 0.0008810 secs] [Times: user=0.00 sys=0.00, real=0.00 secs] 
121.372: Total time for which application threads were stopped: 0.0010150 seconds, Stopping threads took: 0.0000660 seconds
121.455: Application time: 0.0832400 seconds
121.455: [GC [PSYoungGen: 37901K->2304K(37888K)] 46663K->11065K(78336K), 0.0009360 secs] [Times: user=0.00 sys=0.00, real=0.00 secs] 
121.456: Total time for which application threads were stopped: 0.0010740 seconds, Stopping threads took: 0.0000590 seconds
121.540: Application time: 0.0841830 seconds
121.540: [GC [PSYoungGen: 37542K->2368K(37888K)] 46303K->11177K(78336K), 0.0009670 secs] [Times: user=0.00 sys=0.00, real=0.00 secs] 
121.541: Total time for which application threads were stopped: 0.0011250 seconds, Stopping threads took: 0.0000860 seconds
121.624: Application time: 0.0829290 seconds
121.624: [GC [PSYoungGen: 36863K->1280K(35840K)] 45673K->10201K(76288K), 0.0006270 secs] [Times: user=0.00 sys=0.00, real=0.00 secs] 
121.625: Total time for which application threads were stopped: 0.0008640 seconds, Stopping threads took: 0.0001720 seconds
121.704: Application time: 0.0789890 seconds
121.704: [GC [PSYoungGen: 35488K->2320K(36864K)] 44409K->11241K(77312K), 0.0009210 secs] [Times: user=0.01 sys=0.00, real=0.00 secs] 
121.705: Total time for which application threads were stopped: 0.0010870 seconds, Stopping threads took: 0.0000970 seconds
121.786: Application time: 0.0804510 seconds
121.786: [GC [PSYoungGen: 35785K->1792K(35328K)] 44707K->10833K(75776K), 0.0007610 secs] [Times: user=0.00 sys=0.00, real=0.00 secs] 
121.787: Total time for which application threads were stopped: 0.0008870 seconds, Stopping threads took: 0.0000620 seconds
121.865: Application time: 0.0783190 seconds
121.865: [GC [PSYoungGen: 34733K->2304K(35840K)] 43775K->11345K(76288K), 0.0009140 secs] [Times: user=0.00 sys=0.00, real=0.00 secs] 
121.866: Total time for which application threads were stopped: 0.0011210 seconds, Stopping threads took: 0.0001380 seconds
121.941: Application time: 0.0747050 seconds
121.941: [GC [PSYoungGen: 34819K->2304K(34816K)] 43861K->11345K(75264K), 0.0009140 secs] [Times: user=0.00 sys=0.00, real=0.01 secs] 
121.942: Total time for which application threads were stopped: 0.0010750 seconds, Stopping threads took: 0.0000900 seconds
122.020: Application time: 0.0779040 seconds
122.020: [GC [PSYoungGen: 34219K->2784K(35840K)] 43260K->11865K(76288K), 0.0010710 secs] [Times: user=0.00 sys=0.00, real=0.00 secs] 
122.021: Total time for which application threads were stopped: 0.0012600 seconds, Stopping threads took: 0.0001000 seconds
122.099: Application time: 0.0776760 seconds
122.099: [GC [PSYoungGen: 34864K->1792K(35840K)] 43945K->10873K(76288K), 0.0007020 secs] [Times: user=0.00 sys=0.00, real=0.00 secs] 
122.100: Total time for which application threads were stopped: 0.0009890 seconds, Stopping threads took: 0.0002210 seconds
122.174: Application time: 0.0747060 seconds
122.174: [GC [PSYoungGen: 33861K->2320K(42496K)] 42943K->11473K(82944K), 0.0007970 secs] [Times: user=0.00 sys=0.00, real=0.00 secs] 
122.175: Total time for which application threads were stopped: 0.0009220 seconds, Stopping threads took: 0.0000550 seconds
122.268: Application time: 0.0930030 seconds
122.268: [GC [PSYoungGen: 41006K->1280K(39424K)] 50160K->10521K(79872K), 0.0005710 secs] [Times: user=0.00 sys=0.00, real=0.00 secs] 
122.269: Total time for which application threads were stopped: 0.0006920 seconds, Stopping threads took: 0.0000570 seconds
122.356: Application time: 0.0874370 seconds
122.357: [GC [PSYoungGen: 39010K->1792K(39424K)] 48252K->11089K(79872K), 0.0007150 secs] [Times: user=0.00 sys=0.00, real=0.00 secs] 
122.357: Total time for which application threads were stopped: 0.0008630 seconds, Stopping threads took: 0.0000800 seconds
122.443: Application time: 0.0861110 seconds
122.443: [GC [PSYoungGen: 38335K->2784K(39424K)] 47633K->12158K(79872K), 0.0010800 secs] [Times: user=0.01 sys=0.00, real=0.00 secs] 
122.445: Total time for which application threads were stopped: 0.0012360 seconds, Stopping threads took: 0.0000840 seconds
122.532: Application time: 0.0870180 seconds
122.532: [GC [PSYoungGen: 38900K->1792K(38912K)] 48274K->11166K(79360K), 0.0006230 secs] [Times: user=0.00 sys=0.00, real=0.00 secs] 
122.532: Total time for which application threads were stopped: 0.0007840 seconds, Stopping threads took: 0.0000820 seconds
122.618: Application time: 0.0858120 seconds
122.618: [GC [PSYoungGen: 37315K->736K(36352K)] 46689K->10150K(76800K), 0.0005330 secs] [Times: user=0.00 sys=0.00, real=0.00 secs] 
122.619: Total time for which application threads were stopped: 0.0006580 seconds, Stopping threads took: 0.0000640 seconds
122.699: Application time: 0.0803930 seconds
122.699: [GC [PSYoungGen: 35813K->2304K(37888K)] 45227K->11718K(78336K), 0.0008700 secs] [Times: user=0.01 sys=0.00, real=0.00 secs] 
122.700: Total time for which application threads were stopped: 0.0010110 seconds, Stopping threads took: 0.0000690 seconds
122.783: Application time: 0.0823550 seconds
122.783: [GC [PSYoungGen: 36952K->1792K(36352K)] 46366K->11254K(76800K), 0.0007710 secs] [Times: user=0.00 sys=0.00, real=0.00 secs] 
122.784: Total time for which application threads were stopped: 0.0009570 seconds, Stopping threads took: 0.0001190 seconds
122.865: Application time: 0.0811850 seconds
122.865: [GC [PSYoungGen: 35851K->1280K(36864K)] 45314K->10830K(77312K), 0.0006190 secs] [Times: user=0.00 sys=0.00, real=0.00 secs] 
122.866: Total time for which application threads were stopped: 0.0007780 seconds, Stopping threads took: 0.0000860 seconds
122.946: Application time: 0.0807870 seconds
122.946: [GC [PSYoungGen: 34896K->1792K(35328K)] 44446K->11390K(75776K), 0.0007590 secs] [Times: user=0.01 sys=0.00, real=0.00 secs] 
122.947: Total time for which application threads were stopped: 0.0008920 seconds, Stopping threads took: 0.0000690 seconds
123.025: Application time: 0.0773420 seconds
123.025: [GC [PSYoungGen: 34817K->2304K(35840K)] 44415K->11990K(76288K), 0.0009420 secs] [Times: user=0.01 sys=0.00, real=0.00 secs] 
123.026: Total time for which application threads were stopped: 0.0010760 seconds, Stopping threads took: 0.0000640 seconds
123.103: Application time: 0.0774160 seconds
123.103: [GC [PSYoungGen: 34741K->1792K(34304K)] 44427K->11526K(74752K), 0.0007350 secs] [Times: user=0.00 sys=0.00, real=0.00 secs] 
123.104: Total time for which application threads were stopped: 0.0008720 seconds, Stopping threads took: 0.0000640 seconds
123.181: Application time: 0.0767660 seconds
123.181: [GC [PSYoungGen: 33795K->736K(34816K)] 43530K->10470K(75264K), 0.0004480 secs] [Times: user=0.01 sys=0.00, real=0.00 secs] 
123.181: Total time for which application threads were stopped: 0.0005760 seconds, Stopping threads took: 0.0000660 seconds
123.252: Application time: 0.0710620 seconds
123.252: [GC [PSYoungGen: 32120K->2816K(34304K)] 41854K->12598K(74752K), 0.0010920 secs] [Times: user=0.00 sys=0.00, real=0.01 secs] 
123.254: Total time for which application threads were stopped: 0.0012400 seconds, Stopping threads took: 0.0000750 seconds
123.328: Application time: 0.0742420 seconds
123.328: [GC [PSYoungGen: 33791K->1248K(33792K)] 43573K->11030K(74240K), 0.0005570 secs] [Times: user=0.00 sys=0.00, real=0.00 secs] 
123.329: Total time for which application threads were stopped: 0.0006870 seconds, Stopping threads took: 0.0000670 seconds
123.400: Application time: 0.0715150 seconds
123.400: [GC [PSYoungGen: 31686K->2272K(32768K)] 41469K->12094K(73216K), 0.0009860 secs] [Times: user=0.01 sys=0.00, real=0.00 secs] 
123.401: Total time for which application threads were stopped: 0.0011310 seconds, Stopping threads took: 0.0000750 seconds
123.472: Application time: 0.0708490 seconds
123.472: [GC [PSYoungGen: 32289K->1280K(32768K)] 42111K->11158K(73216K), 0.0005910 secs] [Times: user=0.01 sys=0.00, real=0.00 secs] 
123.473: Total time for which application threads were stopped: 0.0007210 seconds, Stopping threads took: 0.0000650 seconds
123.542: Application time: 0.0688160 seconds
123.542: [GC [PSYoungGen: 30768K->1792K(31232K)] 40647K->11770K(71680K), 0.0007630 secs] [Times: user=0.00 sys=0.00, real=0.00 secs] 
123.542: Total time for which application threads were stopped: 0.0008950 seconds, Stopping threads took: 0.0000640 seconds
123.611: Application time: 0.0684170 seconds
123.611: [GC [PSYoungGen: 30690K->1792K(30720K)] 40668K->11850K(71168K), 0.0007980 secs] [Times: user=0.00 sys=0.00, real=0.00 secs] 
123.612: Total time for which application threads were stopped: 0.0009440 seconds, Stopping threads took: 0.0000690 seconds
123.678: Application time: 0.0666360 seconds
123.679: [GC [PSYoungGen: 30100K->1280K(29696K)] 40158K->11394K(70144K), 0.0006010 secs] [Times: user=0.01 sys=0.00, real=0.00 secs] 
123.679: Total time for which application threads were stopped: 0.0007280 seconds, Stopping threads took: 0.0000640 seconds
123.744: Application time: 0.0645200 seconds
123.744: [GC [PSYoungGen: 29068K->1792K(30208K)] 39182K->11906K(70656K), 0.0007800 secs] [Times: user=0.01 sys=0.00, real=0.00 secs] 
123.745: Total time for which application threads were stopped: 0.0009310 seconds, Stopping threads took: 0.0000840 seconds
123.809: Application time: 0.0638500 seconds
123.809: [GC [PSYoungGen: 29148K->2304K(30720K)] 39262K->12418K(71168K), 0.0008870 secs] [Times: user=0.00 sys=0.00, real=0.00 secs] 
123.810: Total time for which application threads were stopped: 0.0010300 seconds, Stopping threads took: 0.0000730 seconds
123.874: Application time: 0.0639620 seconds
123.874: [GC [PSYoungGen: 29582K->2304K(36352K)] 39696K->12474K(76800K), 0.0007490 secs] [Times: user=0.00 sys=0.00, real=0.00 secs] 
123.874: Total time for which application threads were stopped: 0.0009020 seconds, Stopping threads took: 0.0000860 seconds
123.951: Application time: 0.0768150 seconds
123.951: [GC [PSYoungGen: 35323K->2752K(36352K)] 45494K->13434K(76800K), 0.0012030 secs] [Times: user=0.01 sys=0.00, real=0.00 secs] 
123.953: Total time for which application threads were stopped: 0.0013520 seconds, Stopping threads took: 0.0000720 seconds
124.031: Application time: 0.0787770 seconds
124.031: [GC [PSYoungGen: 35782K->2816K(43520K)] 46464K->13546K(83968K), 0.0009090 secs] [Times: user=0.00 sys=0.00, real=0.00 secs] 
124.032: Total time for which application threads were stopped: 0.0010480 seconds, Stopping threads took: 0.0000690 seconds
124.126: Application time: 0.0938540 seconds
124.126: [GC [PSYoungGen: 42609K->1792K(43520K)] 53339K->12570K(83968K), 0.0006440 secs] [Times: user=0.01 sys=0.00, real=0.00 secs] 
124.127: Total time for which application threads were stopped: 0.0008410 seconds, Stopping threads took: 0.0001210 seconds
124.220: Application time: 0.0932780 seconds
124.222: [GC [PSYoungGen: 41658K->1792K(40960K)] 52437K->12658K(81408K), 0.0006690 secs] [Times: user=0.01 sys=0.00, real=0.00 secs] 
124.222: Total time for which application threads were stopped: 0.0018200 seconds, Stopping threads took: 0.0010820 seconds
124.312: Application time: 0.0897440 seconds
124.312: [GC [PSYoungGen: 40394K->2272K(40448K)] 51260K->13246K(80896K), 0.0008840 secs] [Times: user=0.01 sys=0.00, real=0.00 secs] 
124.313: Total time for which application threads were stopped: 0.0010250 seconds, Stopping threads took: 0.0000720 seconds
124.402: Application time: 0.0893760 seconds
124.402: [GC [PSYoungGen: 39928K->1760K(38912K)] 50903K->12734K(79360K), 0.0006570 secs] [Times: user=0.01 sys=0.00, real=0.00 secs] 
124.403: Total time for which application threads were stopped: 0.0007940 seconds, Stopping threads took: 0.0000700 seconds
124.489: Application time: 0.0858280 seconds
124.489: [GC [PSYoungGen: 38307K->1728K(38400K)] 49282K->12750K(78848K), 0.0007620 secs] [Times: user=0.01 sys=0.00, real=0.00 secs] 
124.490: Total time for which application threads were stopped: 0.0008940 seconds, Stopping threads took: 0.0000640 seconds
124.573: Application time: 0.0831670 seconds
124.573: [GC [PSYoungGen: 37835K->2784K(38912K)] 48858K->13806K(79360K), 0.0010270 secs] [Times: user=0.01 sys=0.00, real=0.01 secs] 
124.574: Total time for which application threads were stopped: 0.0011800 seconds, Stopping threads took: 0.0000820 seconds
124.660: Application time: 0.0859350 seconds
124.660: [GC [PSYoungGen: 38384K->2272K(37888K)] 49407K->13334K(78336K), 0.0010170 secs] [Times: user=0.00 sys=0.00, real=0.00 secs] 
124.661: Total time for which application threads were stopped: 0.0011560 seconds, Stopping threads took: 0.0000570 seconds
124.745: Application time: 0.0835550 seconds
124.745: [GC [PSYoungGen: 37438K->1280K(36352K)] 48501K->12390K(76800K), 0.0006040 secs] [Times: user=0.00 sys=0.00, real=0.00 secs] 
124.746: Total time for which application threads were stopped: 0.0007270 seconds, Stopping threads took: 0.0000590 seconds
124.825: Application time: 0.0797440 seconds
124.825: [GC [PSYoungGen: 35926K->1760K(36352K)] 47037K->12942K(76800K), 0.0008510 secs] [Times: user=0.00 sys=0.00, real=0.00 secs] 
124.826: Total time for which application threads were stopped: 0.0009950 seconds, Stopping threads took: 0.0000760 seconds
124.907: Application time: 0.0804420 seconds
124.907: [GC [PSYoungGen: 35814K->2304K(36352K)] 46997K->13575K(76800K), 0.0009340 secs] [Times: user=0.01 sys=0.00, real=0.00 secs] 
124.908: Total time for which application threads were stopped: 0.0010730 seconds, Stopping threads took: 0.0000670 seconds
124.988: Application time: 0.0805650 seconds
124.989: [GC [PSYoungGen: 35771K->1280K(34816K)] 47042K->12615K(75264K), 0.0006610 secs] [Times: user=0.01 sys=0.00, real=0.00 secs] 
124.989: Total time for which application threads were stopped: 0.0007950 seconds, Stopping threads took: 0.0000640 seconds
125.066: Application time: 0.0771290 seconds
125.066: [GC [PSYoungGen: 34307K->1280K(34304K)] 45642K->12615K(74752K), 0.0006580 secs] [Times: user=0.00 sys=0.00, real=0.00 secs] 
125.067: Total time for which application threads were stopped: 0.0007970 seconds, Stopping threads took: 0.0000750 seconds
125.145: Application time: 0.0780110 seconds
125.145: [GC [PSYoungGen: 33713K->1280K(33792K)] 45048K->12671K(74240K), 0.0005890 secs] [Times: user=0.00 sys=0.00, real=0.00 secs] 
125.146: Total time for which application threads were stopped: 0.0007160 seconds, Stopping threads took: 0.0000630 seconds
125.223: Application time: 0.0766830 seconds
125.223: [GC [PSYoungGen: 33283K->256K(34816K)] 44674K->11647K(75264K), 0.0003720 secs] [Times: user=0.00 sys=0.00, real=0.00 secs] 
125.223: Total time for which application threads were stopped: 0.0004980 seconds, Stopping threads took: 0.0000610 seconds
125.297: Application time: 0.0735660 seconds
125.297: [GC [PSYoungGen: 31724K->1792K(33280K)] 43115K->13247K(73728K), 0.0008020 secs] [Times: user=0.00 sys=0.00, real=0.00 secs] 
125.298: Total time for which application threads were stopped: 0.0009360 seconds, Stopping threads took: 0.0000670 seconds
125.370: Application time: 0.0725900 seconds
125.370: [GC [PSYoungGen: 32829K->2288K(33792K)] 44284K->13783K(74240K), 0.0009520 secs] [Times: user=0.01 sys=0.00, real=0.00 secs] 
125.371: Total time for which application threads were stopped: 0.0010810 seconds, Stopping threads took: 0.0000580 seconds
125.443: Application time: 0.0720590 seconds
125.443: [GC [PSYoungGen: 32739K->1792K(32256K)] 44234K->13371K(72704K), 0.0008010 secs] [Times: user=0.01 sys=0.00, real=0.00 secs] 
125.445: Total time for which application threads were stopped: 0.0016370 seconds, Stopping threads took: 0.0000610 seconds
125.516: Application time: 0.0712750 seconds
125.516: [GC [PSYoungGen: 31801K->1792K(31744K)] 43380K->13411K(72192K), 0.0008020 secs] [Times: user=0.00 sys=0.00, real=0.00 secs] 
125.517: Total time for which application threads were stopped: 0.0010310 seconds, Stopping threads took: 0.0001630 seconds
125.586: Application time: 0.0691860 seconds
125.587: [GC [PSYoungGen: 31128K->1792K(31232K)] 42747K->13499K(71680K), 0.0007530 secs] [Times: user=0.01 sys=0.00, real=0.00 secs] 
125.587: Total time for which application threads were stopped: 0.0009020 seconds, Stopping threads took: 0.0000810 seconds
125.656: Application time: 0.0687970 seconds
125.656: [GC [PSYoungGen: 30612K->1792K(31232K)] 42319K->13499K(71680K), 0.0007350 secs] [Times: user=0.00 sys=0.00, real=0.00 secs] 
125.657: Total time for which application threads were stopped: 0.0009600 seconds, Stopping threads took: 0.0001610 seconds
125.723: Application time: 0.0657810 seconds
125.723: [GC [PSYoungGen: 30170K->2816K(31744K)] 41877K->15035K(72192K), 0.0012480 secs] [Times: user=0.01 sys=0.00, real=0.00 secs] 
125.724: Total time for which application threads were stopped: 0.0014040 seconds, Stopping threads took: 0.0000790 seconds
125.792: Application time: 0.0674140 seconds
125.792: [GC [PSYoungGen: 31124K->2816K(38400K)] 43343K->15075K(78848K), 0.0009030 secs] [Times: user=0.00 sys=0.00, real=0.00 secs] 
125.793: Total time for which application threads were stopped: 0.0010590 seconds, Stopping threads took: 0.0000750 seconds
125.876: Application time: 0.0834570 seconds
125.876: [GC [PSYoungGen: 37468K->1280K(38400K)] 49727K->13539K(78848K), 0.0005460 secs] [Times: user=0.00 sys=0.00, real=0.00 secs] 
125.877: Total time for which application threads were stopped: 0.0006920 seconds, Stopping threads took: 0.0000830 seconds
125.958: Application time: 0.0811420 seconds
125.958: [GC [PSYoungGen: 35767K->2816K(45568K)] 48026K->15147K(86016K), 0.0009080 secs] [Times: user=0.01 sys=0.00, real=0.00 secs] 
125.959: Total time for which application threads were stopped: 0.0010660 seconds, Stopping threads took: 0.0000820 seconds
126.061: Application time: 0.1013810 seconds
126.061: [GC [PSYoungGen: 44749K->256K(41472K)] 57081K->12587K(81920K), 0.0003640 secs] [Times: user=0.00 sys=0.00, real=0.00 secs] 
126.061: Total time for which application threads were stopped: 0.0004740 seconds, Stopping threads took: 0.0000540 seconds
126.154: Application time: 0.0931380 seconds
126.154: [GC [PSYoungGen: 41058K->3360K(43520K)] 53390K->15795K(83968K), 0.0012700 secs] [Times: user=0.01 sys=0.00, real=0.00 secs] 
126.156: Total time for which application threads were stopped: 0.0014560 seconds, Stopping threads took: 0.0001080 seconds
126.251: Application time: 0.0956550 seconds
126.251: [GC [PSYoungGen: 42998K->2304K(41472K)] 55434K->14827K(81920K), 0.0008910 secs] [Times: user=0.00 sys=0.00, real=0.00 secs] 
126.252: Total time for which application threads were stopped: 0.0010310 seconds, Stopping threads took: 0.0000710 seconds
126.343: Application time: 0.0911450 seconds
126.344: [GC [PSYoungGen: 40984K->2784K(40960K)] 53508K->15307K(81408K), 0.0009740 secs] [Times: user=0.01 sys=0.00, real=0.00 secs] 
126.345: Total time for which application threads were stopped: 0.0011260 seconds, Stopping threads took: 0.0000710 seconds
126.435: Application time: 0.0902840 seconds
126.435: [GC [PSYoungGen: 40368K->768K(37888K)] 52891K->13355K(78336K), 0.0005030 secs] [Times: user=0.00 sys=0.00, real=0.00 secs] 
126.436: Total time for which application threads were stopped: 0.0006350 seconds, Stopping threads took: 0.0000740 seconds
126.521: Application time: 0.0856510 seconds
126.521: [GC [PSYoungGen: 37468K->1792K(39936K)] 50056K->14379K(80384K), 0.0007570 secs] [Times: user=0.00 sys=0.00, real=0.01 secs] 
126.522: Total time for which application threads were stopped: 0.0008960 seconds, Stopping threads took: 0.0000720 seconds
126.607: Application time: 0.0853700 seconds
126.608: [GC [PSYoungGen: 37906K->1248K(37376K)] 50493K->13907K(77824K), 0.0006840 secs] [Times: user=0.01 sys=0.00, real=0.00 secs] 
126.608: Total time for which application threads were stopped: 0.0008240 seconds, Stopping threads took: 0.0000790 seconds
126.691: Application time: 0.0828350 seconds
126.691: [GC [PSYoungGen: 36916K->3360K(39424K)] 49576K->16059K(79872K), 0.0013770 secs] [Times: user=0.01 sys=0.00, real=0.00 secs] 
126.693: Total time for which application threads were stopped: 0.0015190 seconds, Stopping threads took: 0.0000630 seconds
126.777: Application time: 0.0842370 seconds
126.777: [GC [PSYoungGen: 38530K->1280K(36352K)] 51230K->14067K(76800K), 0.0006320 secs] [Times: user=0.00 sys=0.00, real=0.00 secs] 
126.778: Total time for which application threads were stopped: 0.0007620 seconds, Stopping threads took: 0.0000650 seconds
126.858: Application time: 0.0806310 seconds
126.858: [GC [PSYoungGen: 35767K->2304K(37888K)] 48555K->15179K(78336K), 0.0009330 secs] [Times: user=0.00 sys=0.00, real=0.00 secs] 
126.859: Total time for which application threads were stopped: 0.0010870 seconds, Stopping threads took: 0.0000740 seconds
126.940: Application time: 0.0804050 seconds
126.940: [GC [PSYoungGen: 36281K->2304K(36352K)] 49157K->15179K(76800K), 0.0008850 secs] [Times: user=0.00 sys=0.00, real=0.00 secs] 
126.941: Total time for which application threads were stopped: 0.0010260 seconds, Stopping threads took: 0.0000690 seconds
127.021: Application time: 0.0798550 seconds
127.021: [GC [PSYoungGen: 35846K->2304K(36864K)] 48721K->15179K(77312K), 0.0009070 secs] [Times: user=0.00 sys=0.00, real=0.01 secs] 
127.022: Total time for which application threads were stopped: 0.0010480 seconds, Stopping threads took: 0.0000710 seconds
127.101: Application time: 0.0792920 seconds
127.101: [GC [PSYoungGen: 35329K->1792K(34816K)] 48205K->14723K(75264K), 0.0007440 secs] [Times: user=0.01 sys=0.00, real=0.01 secs] 
127.102: Total time for which application threads were stopped: 0.0008740 seconds, Stopping threads took: 0.0000650 seconds
127.179: Application time: 0.0774440 seconds
127.179: [GC [PSYoungGen: 34307K->1280K(35840K)] 47239K->14275K(76288K), 0.0006100 secs] [Times: user=0.00 sys=0.00, real=0.00 secs] 
127.180: Total time for which application threads were stopped: 0.0007700 seconds, Stopping threads took: 0.0000910 seconds
127.254: Application time: 0.0740510 seconds
127.254: [GC [PSYoungGen: 33263K->2304K(34304K)] 46258K->15347K(74752K), 0.0009300 secs] [Times: user=0.01 sys=0.00, real=0.00 secs] 
127.255: Total time for which application threads were stopped: 0.0011300 seconds, Stopping threads took: 0.0001280 seconds
127.331: Application time: 0.0760650 seconds
127.331: [GC [PSYoungGen: 33867K->2304K(36352K)] 46911K->15396K(76800K), 0.0009510 secs] [Times: user=0.00 sys=0.00, real=0.00 secs] 
127.332: Total time for which application threads were stopped: 0.0011070 seconds, Stopping threads took: 0.0000850 seconds
127.409: Application time: 0.0761120 seconds
127.409: [GC [PSYoungGen: 34382K->1792K(33792K)] 47474K->14964K(74240K), 0.0007840 secs] [Times: user=0.00 sys=0.00, real=0.00 secs] 
127.409: Total time for which application threads were stopped: 0.0009540 seconds, Stopping threads took: 0.0000950 seconds
127.483: Application time: 0.0737850 seconds
127.483: [GC [PSYoungGen: 33188K->2304K(35328K)] 46360K->15560K(75776K), 0.0008960 secs] [Times: user=0.01 sys=0.00, real=0.00 secs] 
127.484: Total time for which application threads were stopped: 0.0010270 seconds, Stopping threads took: 0.0000610 seconds
127.561: Application time: 0.0764700 seconds
127.561: [GC [PSYoungGen: 33713K->1280K(32768K)] 46969K->14536K(73216K), 0.0005800 secs] [Times: user=0.00 sys=0.00, real=0.01 secs] 
127.561: Total time for which application threads were stopped: 0.0007120 seconds, Stopping threads took: 0.0000690 seconds
127.633: Application time: 0.0710980 seconds
127.633: [GC [PSYoungGen: 32235K->2304K(33792K)] 45491K->15560K(74240K), 0.0009070 secs] [Times: user=0.01 sys=0.00, real=0.01 secs] 
127.634: Total time for which application threads were stopped: 0.0010430 seconds, Stopping threads took: 0.0000640 seconds
127.706: Application time: 0.0728200 seconds
127.707: [GC [PSYoungGen: 32672K->1792K(32256K)] 45928K->15104K(72704K), 0.0007450 secs] [Times: user=0.01 sys=0.00, real=0.00 secs] 
127.707: Total time for which application threads were stopped: 0.0009050 seconds, Stopping threads took: 0.0000930 seconds
127.777: Application time: 0.0693330 seconds
127.777: [GC [PSYoungGen: 31799K->2272K(33792K)] 45111K->15584K(74240K), 0.0008870 secs] [Times: user=0.01 sys=0.00, real=0.00 secs] 
127.778: Total time for which application threads were stopped: 0.0010230 seconds, Stopping threads took: 0.0000650 seconds
127.850: Application time: 0.0727820 seconds
127.851: [GC [PSYoungGen: 32132K->1280K(31232K)] 45445K->14672K(71680K), 0.0006120 secs] [Times: user=0.00 sys=0.00, real=0.00 secs] 
127.851: Total time for which application threads were stopped: 0.0007350 seconds, Stopping threads took: 0.0000600 seconds
127.920: Application time: 0.0686160 seconds
127.920: [GC [PSYoungGen: 30846K->1792K(32256K)] 44238K->15184K(72704K), 0.0007870 secs] [Times: user=0.00 sys=0.00, real=0.00 secs] 
127.921: Total time for which application threads were stopped: 0.0009220 seconds, Stopping threads took: 0.0000570 seconds
127.989: Application time: 0.0683180 seconds
127.989: [GC [PSYoungGen: 30612K->1792K(30720K)] 44004K->15300K(71168K), 0.0008200 secs] [Times: user=0.00 sys=0.00, real=0.00 secs] 
127.990: Total time for which application threads were stopped: 0.0009610 seconds, Stopping threads took: 0.0000720 seconds
128.058: Application time: 0.0680230 seconds
128.058: [GC [PSYoungGen: 30258K->1280K(30720K)] 43767K->14788K(71168K), 0.0006120 secs] [Times: user=0.00 sys=0.00, real=0.00 secs] 
128.059: Total time for which application threads were stopped: 0.0007470 seconds, Stopping threads took: 0.0000700 seconds
128.124: Application time: 0.0647430 seconds
128.124: [GC [PSYoungGen: 29070K->1792K(29696K)] 42578K->15388K(70144K), 0.0007690 secs] [Times: user=0.01 sys=0.00, real=0.00 secs] 
128.124: Total time for which application threads were stopped: 0.0009100 seconds, Stopping threads took: 0.0000710 seconds
128.190: Application time: 0.0653050 seconds
128.190: [GC [PSYoungGen: 29068K->2304K(30720K)] 42664K->15900K(71168K), 0.0008740 secs] [Times: user=0.00 sys=0.00, real=0.00 secs] 
128.191: Total time for which application threads were stopped: 0.0010110 seconds, Stopping threads took: 0.0000660 seconds
128.256: Application time: 0.0652060 seconds
128.256: [GC [PSYoungGen: 29662K->1280K(28672K)] 43258K->14876K(69120K), 0.0006170 secs] [Times: user=0.01 sys=0.00, real=0.00 secs] 
128.257: Total time for which application threads were stopped: 0.0007860 seconds, Stopping threads took: 0.0001050 seconds
128.320: Application time: 0.0633870 seconds
128.320: [GC [PSYoungGen: 28044K->1792K(30208K)] 41640K->15444K(70656K), 0.0007220 secs] [Times: user=0.01 sys=0.00, real=0.00 secs] 
128.321: Total time for which application threads were stopped: 0.0009660 seconds, Stopping threads took: 0.0001780 seconds
128.384: Application time: 0.0630350 seconds
128.384: [GC [PSYoungGen: 28632K->2272K(30208K)] 42284K->15924K(70656K), 0.0008660 secs] [Times: user=0.01 sys=0.00, real=0.00 secs] 
128.385: Total time for which application threads were stopped: 0.0010050 seconds, Stopping threads took: 0.0000710 seconds
128.448: Application time: 0.0628780 seconds
128.448: [GC [PSYoungGen: 29116K->1760K(35840K)] 42768K->15460K(76288K), 0.0007010 secs] [Times: user=0.00 sys=0.00, real=0.00 secs] 
128.449: Total time for which application threads were stopped: 0.0008320 seconds, Stopping threads took: 0.0000560 seconds
128.527: Application time: 0.0779480 seconds
128.527: [GC [PSYoungGen: 34275K->1248K(33792K)] 47976K->14996K(74240K), 0.0006090 secs] [Times: user=0.01 sys=0.00, real=0.00 secs] 
128.528: Total time for which application threads were stopped: 0.0007340 seconds, Stopping threads took: 0.0000600 seconds
128.602: Application time: 0.0741920 seconds
128.602: [GC [PSYoungGen: 33319K->1792K(34304K)] 47068K->15588K(74752K), 0.0007160 secs] [Times: user=0.00 sys=0.00, real=0.00 secs] 
128.603: Total time for which application threads were stopped: 0.0008390 seconds, Stopping threads took: 0.0000550 seconds
128.677: Application time: 0.0746380 seconds
128.677: [GC [PSYoungGen: 33345K->1776K(33280K)] 47142K->15656K(73728K), 0.0007500 secs] [Times: user=0.00 sys=0.00, real=0.00 secs] 
128.678: Total time for which application threads were stopped: 0.0009360 seconds, Stopping threads took: 0.0001200 seconds
128.750: Application time: 0.0718010 seconds
128.750: [GC [PSYoungGen: 32656K->2240K(34304K)] 46537K->16188K(74752K), 0.0009060 secs] [Times: user=0.00 sys=0.00, real=0.00 secs] 
128.751: Total time for which application threads were stopped: 0.0010860 seconds, Stopping threads took: 0.0001080 seconds
128.825: Application time: 0.0741150 seconds
128.825: [GC [PSYoungGen: 33215K->1248K(32256K)] 47164K->15196K(72704K), 0.0006080 secs] [Times: user=0.00 sys=0.00, real=0.00 secs] 
128.826: Total time for which application threads were stopped: 0.0007450 seconds, Stopping threads took: 0.0000750 seconds
128.898: Application time: 0.0716000 seconds
128.898: [GC [PSYoungGen: 31608K->2304K(32768K)] 45557K->16300K(73216K), 0.0008630 secs] [Times: user=0.01 sys=0.00, real=0.00 secs] 
128.899: Total time for which application threads were stopped: 0.0010010 seconds, Stopping threads took: 0.0000700 seconds
128.968: Application time: 0.0690310 seconds
128.968: [GC [PSYoungGen: 32226K->2816K(33280K)] 46223K->17324K(73728K), 0.0012770 secs] [Times: user=0.00 sys=0.00, real=0.00 secs] 
128.969: Total time for which application threads were stopped: 0.0014330 seconds, Stopping threads took: 0.0000730 seconds
129.043: Application time: 0.0739330 seconds
129.043: [GC [PSYoungGen: 32763K->736K(39936K)] 47272K->15292K(80384K), 0.0004930 secs] [Times: user=0.01 sys=0.00, real=0.00 secs] 
129.044: Total time for which application threads were stopped: 0.0006370 seconds, Stopping threads took: 0.0000820 seconds
129.127: Application time: 0.0830550 seconds
129.127: [GC [PSYoungGen: 36765K->2304K(39936K)] 51322K->16916K(80384K), 0.0008590 secs] [Times: user=0.01 sys=0.00, real=0.00 secs] 
129.128: Total time for which application threads were stopped: 0.0010860 seconds, Stopping threads took: 0.0001500 seconds
129.214: Application time: 0.0859350 seconds
129.214: [GC [PSYoungGen: 38574K->1792K(37888K)] 53187K->16404K(78336K), 0.0006800 secs] [Times: user=0.01 sys=0.00, real=0.00 secs] 
129.215: Total time for which application threads were stopped: 0.0008190 seconds, Stopping threads took: 0.0000690 seconds
129.300: Application time: 0.0853700 seconds
129.300: [GC [PSYoungGen: 37466K->2304K(37888K)] 52079K->17032K(78336K), 0.0008520 secs] [Times: user=0.00 sys=0.00, real=0.00 secs] 
129.301: Total time for which application threads were stopped: 0.0010000 seconds, Stopping threads took: 0.0000770 seconds
129.382: Application time: 0.0809750 seconds
129.382: [GC [PSYoungGen: 37309K->2304K(37376K)] 52038K->17112K(77824K), 0.0007860 secs] [Times: user=0.01 sys=0.00, real=0.00 secs] 
129.383: Total time for which application threads were stopped: 0.0009270 seconds, Stopping threads took: 0.0000710 seconds
129.465: Application time: 0.0818050 seconds
129.465: [GC [PSYoungGen: 36874K->2304K(36864K)] 51683K->17112K(77312K), 0.0008520 secs] [Times: user=0.01 sys=0.00, real=0.00 secs] 
129.466: Total time for which application threads were stopped: 0.0009850 seconds, Stopping threads took: 0.0000600 seconds
129.546: Application time: 0.0801600 seconds
129.546: [GC [PSYoungGen: 36281K->2272K(36352K)] 51090K->17129K(76800K), 0.0008770 secs] [Times: user=0.00 sys=0.00, real=0.00 secs] 
129.547: Total time for which application threads were stopped: 0.0010060 seconds, Stopping threads took: 0.0000580 seconds
129.625: Application time: 0.0782540 seconds
129.625: [GC [PSYoungGen: 35813K->2304K(35840K)] 50670K->17161K(76288K), 0.0009010 secs] [Times: user=0.00 sys=0.00, real=0.00 secs] 
129.626: Total time for which application threads were stopped: 0.0010360 seconds, Stopping threads took: 0.0000660 seconds
129.704: Application time: 0.0776440 seconds
129.704: [GC [PSYoungGen: 35331K->2304K(35328K)] 50188K->17201K(75776K), 0.0008840 secs] [Times: user=0.01 sys=0.00, real=0.00 secs] 
129.705: Total time for which application threads were stopped: 0.0010170 seconds, Stopping threads took: 0.0000640 seconds
129.781: Application time: 0.0763770 seconds
129.781: [GC [PSYoungGen: 34815K->2272K(39936K)] 49712K->17201K(80384K), 0.0009100 secs] [Times: user=0.00 sys=0.00, real=0.01 secs] 
129.782: Total time for which application threads were stopped: 0.0010430 seconds, Stopping threads took: 0.0000650 seconds
129.868: Application time: 0.0858580 seconds
129.868: [GC [PSYoungGen: 38464K->1760K(37888K)] 53393K->16737K(78336K), 0.0007440 secs] [Times: user=0.00 sys=0.00, real=0.00 secs] 
129.869: Total time for which application threads were stopped: 0.0008810 seconds, Stopping threads took: 0.0000690 seconds
129.953: Application time: 0.0844640 seconds
129.954: [GC [PSYoungGen: 37440K->768K(36352K)] 52417K->15841K(76800K), 0.0005350 secs] [Times: user=0.00 sys=0.00, real=0.00 secs] 
129.954: Total time for which application threads were stopped: 0.0007640 seconds, Stopping threads took: 0.0001730 seconds
130.036: Application time: 0.0821960 seconds
130.036: [GC [PSYoungGen: 35765K->2304K(37376K)] 50838K->17449K(77824K), 0.0009630 secs] [Times: user=0.00 sys=0.00, real=0.00 secs] 
130.037: Total time for which application threads were stopped: 0.0011020 seconds, Stopping threads took: 0.0000710 seconds
130.119: Application time: 0.0814110 seconds
130.119: [GC [PSYoungGen: 36872K->2784K(37376K)] 52017K->17929K(77824K), 0.0010990 secs] [Times: user=0.00 sys=0.00, real=0.00 secs] 
130.120: Total time for which application threads were stopped: 0.0012510 seconds, Stopping threads took: 0.0000700 seconds
130.199: Application time: 0.0787930 seconds
130.199: [GC [PSYoungGen: 36839K->2752K(37888K)] 51985K->17945K(78336K), 0.0011130 secs] [Times: user=0.01 sys=0.00, real=0.00 secs] 
130.200: Total time for which application threads were stopped: 0.0012470 seconds, Stopping threads took: 0.0000610 seconds
130.284: Application time: 0.0839140 seconds
130.284: [GC [PSYoungGen: 37249K->1280K(35840K)] 52443K->16545K(76288K), 0.0005950 secs] [Times: user=0.00 sys=0.00, real=0.00 secs] 
130.285: Total time for which application threads were stopped: 0.0007230 seconds, Stopping threads took: 0.0000650 seconds
130.364: Application time: 0.0790000 seconds
130.364: [GC [PSYoungGen: 35336K->1280K(36864K)] 50601K->16545K(77312K), 0.0005800 secs] [Times: user=0.00 sys=0.00, real=0.00 secs] 
130.364: Total time for which application threads were stopped: 0.0007170 seconds, Stopping threads took: 0.0000750 seconds
130.444: Application time: 0.0790930 seconds
130.444: [GC [PSYoungGen: 34897K->1760K(35328K)] 50163K->17065K(75776K), 0.0008040 secs] [Times: user=0.00 sys=0.00, real=0.00 secs] 
130.445: Total time for which application threads were stopped: 0.0009430 seconds, Stopping threads took: 0.0000710 seconds
130.522: Application time: 0.0778430 seconds
130.522: [GC [PSYoungGen: 34865K->1776K(35840K)] 50171K->17153K(76288K), 0.0007920 secs] [Times: user=0.00 sys=0.00, real=0.00 secs] 
130.523: Total time for which application threads were stopped: 0.0009430 seconds, Stopping threads took: 0.0000850 seconds
130.600: Application time: 0.0763150 seconds
130.600: [GC [PSYoungGen: 34287K->1792K(34304K)] 49665K->17257K(74752K), 0.0007630 secs] [Times: user=0.00 sys=0.00, real=0.00 secs] 
130.601: Total time for which application threads were stopped: 0.0008880 seconds, Stopping threads took: 0.0000560 seconds
130.676: Application time: 0.0752080 seconds
130.676: [GC [PSYoungGen: 33709K->1792K(33792K)] 49174K->17313K(74240K), 0.0008080 secs] [Times: user=0.01 sys=0.00, real=0.00 secs] 
130.677: Total time for which application threads were stopped: 0.0009570 seconds, Stopping threads took: 0.0000710 seconds
130.752: Application time: 0.0748240 seconds
130.752: [GC [PSYoungGen: 33271K->1792K(33280K)] 48792K->17313K(73728K), 0.0007260 secs] [Times: user=0.00 sys=0.00, real=0.00 secs] 
130.752: Total time for which application threads were stopped: 0.0008650 seconds, Stopping threads took: 0.0000680 seconds
130.824: Application time: 0.0720170 seconds
130.825: [GC [PSYoungGen: 32755K->1792K(33280K)] 48276K->17369K(73728K), 0.0007730 secs] [Times: user=0.00 sys=0.00, real=0.00 secs] 
130.825: Total time for which application threads were stopped: 0.0009750 seconds, Stopping threads took: 0.0001310 seconds
130.896: Application time: 0.0706980 seconds
130.896: [GC [PSYoungGen: 32156K->2304K(32768K)] 47734K->17937K(73216K), 0.0009110 secs] [Times: user=0.00 sys=0.00, real=0.00 secs] 
130.897: Total time for which application threads were stopped: 0.0010440 seconds, Stopping threads took: 0.0000670 seconds
130.969: Application time: 0.0717400 seconds
130.969: [GC [PSYoungGen: 32230K->2784K(32768K)] 47864K->18417K(73216K), 0.0012430 secs] [Times: user=0.00 sys=0.00, real=0.00 secs] 
130.970: Total time for which application threads were stopped: 0.0013960 seconds, Stopping threads took: 0.0000720 seconds
131.042: Application time: 0.0721340 seconds
131.042: [GC [PSYoungGen: 32132K->1280K(33280K)] 47766K->16969K(73728K), 0.0005850 secs] [Times: user=0.00 sys=0.00, real=0.00 secs] 
131.043: Total time for which application threads were stopped: 0.0007120 seconds, Stopping threads took: 0.0000670 seconds
131.112: Application time: 0.0687230 seconds
131.112: [GC [PSYoungGen: 30846K->1792K(38400K)] 46536K->17481K(78848K), 0.0006520 secs] [Times: user=0.01 sys=0.00, real=0.00 secs] 
131.113: Total time for which application threads were stopped: 0.0007910 seconds, Stopping threads took: 0.0000730 seconds
131.197: Application time: 0.0841640 seconds
131.197: [GC [PSYoungGen: 37464K->2832K(38912K)] 53153K->18629K(79360K), 0.0010360 secs] [Times: user=0.00 sys=0.00, real=0.00 secs] 
131.198: Total time for which application threads were stopped: 0.0011840 seconds, Stopping threads took: 0.0000680 seconds
131.283: Application time: 0.0852800 seconds
131.283: [GC [PSYoungGen: 38356K->1792K(37376K)] 54153K->17685K(77824K), 0.0006450 secs] [Times: user=0.01 sys=0.00, real=0.00 secs] 
131.284: Total time for which application threads were stopped: 0.0007750 seconds, Stopping threads took: 0.0000570 seconds
131.368: Application time: 0.0837860 seconds
131.368: [GC [PSYoungGen: 36876K->1248K(36352K)] 52769K->17141K(76800K), 0.0006320 secs] [Times: user=0.00 sys=0.00, real=0.00 secs] 
131.369: Total time for which application threads were stopped: 0.0008220 seconds, Stopping threads took: 0.0001290 seconds
131.451: Application time: 0.0827160 seconds
131.451: [GC [PSYoungGen: 35818K->1760K(36352K)] 51711K->17693K(76800K), 0.0006900 secs] [Times: user=0.00 sys=0.00, real=0.00 secs] 
131.452: Total time for which application threads were stopped: 0.0008230 seconds, Stopping threads took: 0.0000650 seconds
131.530: Application time: 0.0781750 seconds
131.530: [GC [PSYoungGen: 35733K->2752K(36864K)] 51667K->18725K(77312K), 0.0011430 secs] [Times: user=0.00 sys=0.00, real=0.00 secs] 
131.532: Total time for which application threads were stopped: 0.0012880 seconds, Stopping threads took: 0.0000680 seconds
131.610: Application time: 0.0782080 seconds
131.610: [GC [PSYoungGen: 36294K->2304K(40448K)] 52267K->18789K(80896K), 0.0010380 secs] [Times: user=0.01 sys=0.00, real=0.00 secs] 
131.611: Total time for which application threads were stopped: 0.0013010 seconds, Stopping threads took: 0.0001910 seconds
131.704: Application time: 0.0931110 seconds
131.704: [GC [PSYoungGen: 40042K->1280K(38400K)] 56528K->17813K(78848K), 0.0006070 secs] [Times: user=0.00 sys=0.00, real=0.00 secs] 
131.705: Total time for which application threads were stopped: 0.0007390 seconds, Stopping threads took: 0.0000620 seconds
131.790: Application time: 0.0851650 seconds
131.790: [GC [PSYoungGen: 37984K->1280K(39424K)] 54518K->17901K(79872K), 0.0006420 secs] [Times: user=0.00 sys=0.00, real=0.00 secs] 
131.791: Total time for which application threads were stopped: 0.0008550 seconds, Stopping threads took: 0.0001480 seconds
131.875: Application time: 0.0844510 seconds
131.876: [GC [PSYoungGen: 37388K->2272K(38400K)] 54010K->18970K(78848K), 0.0009330 secs] [Times: user=0.00 sys=0.00, real=0.00 secs] 
131.877: Total time for which application threads were stopped: 0.0010740 seconds, Stopping threads took: 0.0000730 seconds
131.960: Application time: 0.0835780 seconds
131.960: [GC [PSYoungGen: 37791K->2304K(38400K)] 54489K->19058K(78848K), 0.0009200 secs] [Times: user=0.01 sys=0.00, real=0.00 secs] 
131.961: Total time for which application threads were stopped: 0.0010590 seconds, Stopping threads took: 0.0000710 seconds
132.044: Application time: 0.0829900 seconds
132.044: [GC [PSYoungGen: 37387K->2304K(37376K)] 54141K->19058K(77824K), 0.0009260 secs] [Times: user=0.00 sys=0.00, real=0.00 secs] 
132.045: Total time for which application threads were stopped: 0.0010660 seconds, Stopping threads took: 0.0000700 seconds
132.128: Application time: 0.0825240 seconds
132.128: [GC [PSYoungGen: 36878K->1280K(37376K)] 53632K->18074K(77824K), 0.0005910 secs] [Times: user=0.01 sys=0.00, real=0.00 secs] 
132.129: Total time for which application threads were stopped: 0.0007260 seconds, Stopping threads took: 0.0000720 seconds
132.211: Application time: 0.0822450 seconds
132.211: [GC [PSYoungGen: 35333K->1792K(35840K)] 52127K->18634K(76288K), 0.0007610 secs] [Times: user=0.01 sys=0.00, real=0.00 secs] 
132.212: Total time for which application threads were stopped: 0.0009020 seconds, Stopping threads took: 0.0000700 seconds
132.291: Application time: 0.0790710 seconds
132.291: [GC [PSYoungGen: 35257K->1280K(36352K)] 52099K->18170K(76800K), 0.0006070 secs] [Times: user=0.00 sys=0.00, real=0.00 secs] 
132.291: Total time for which application threads were stopped: 0.0007440 seconds, Stopping threads took: 0.0000740 seconds
132.369: Application time: 0.0778640 seconds
132.369: [GC [PSYoungGen: 34464K->1280K(34304K)] 51354K->18170K(74752K), 0.0006210 secs] [Times: user=0.00 sys=0.00, real=0.00 secs] 
132.370: Total time for which application threads were stopped: 0.0007590 seconds, Stopping threads took: 0.0000690 seconds
132.446: Application time: 0.0756030 seconds
132.446: [GC [PSYoungGen: 33779K->2816K(35328K)] 50669K->19814K(75776K), 0.0011460 secs] [Times: user=0.01 sys=0.00, real=0.00 secs] 
132.447: Total time for which application threads were stopped: 0.0012850 seconds, Stopping threads took: 0.0000650 seconds
132.523: Application time: 0.0761720 seconds
132.523: [GC [PSYoungGen: 34820K->1792K(33792K)] 51818K->18838K(74240K), 0.0007500 secs] [Times: user=0.01 sys=0.00, real=0.00 secs] 
132.524: Total time for which application threads were stopped: 0.0008770 seconds, Stopping threads took: 0.0000600 seconds
132.599: Application time: 0.0750600 seconds
132.599: [GC [PSYoungGen: 33275K->1248K(34304K)] 50321K->18350K(74752K), 0.0005840 secs] [Times: user=0.00 sys=0.00, real=0.00 secs] 
132.600: Total time for which application threads were stopped: 0.0007190 seconds, Stopping threads took: 0.0000740 seconds
132.673: Application time: 0.0732980 seconds
132.673: [GC [PSYoungGen: 32132K->1248K(32256K)] 49235K->18398K(72704K), 0.0006030 secs] [Times: user=0.00 sys=0.00, real=0.01 secs] 
132.674: Total time for which application threads were stopped: 0.0007270 seconds, Stopping threads took: 0.0000650 seconds
132.744: Application time: 0.0701580 seconds
132.744: [GC [PSYoungGen: 31684K->2816K(33280K)] 48835K->19966K(73728K), 0.0010770 secs] [Times: user=0.00 sys=0.00, real=0.00 secs] 
132.745: Total time for which application threads were stopped: 0.0012370 seconds, Stopping threads took: 0.0000720 seconds
132.816: Application time: 0.0712400 seconds
132.817: [GC [PSYoungGen: 32747K->2816K(33792K)] 49897K->20006K(74240K), 0.0011020 secs] [Times: user=0.01 sys=0.00, real=0.00 secs] 
132.818: Total time for which application threads were stopped: 0.0012450 seconds, Stopping threads took: 0.0000710 seconds
132.890: Application time: 0.0718530 seconds
132.890: [GC [PSYoungGen: 32672K->2304K(39424K)] 49863K->19542K(79872K), 0.0007740 secs] [Times: user=0.00 sys=0.00, real=0.00 secs] 
132.891: Total time for which application threads were stopped: 0.0009140 seconds, Stopping threads took: 0.0000710 seconds
132.977: Application time: 0.0868690 seconds
132.978: [GC [PSYoungGen: 38492K->2832K(39936K)] 55730K->20070K(80384K), 0.0009110 secs] [Times: user=0.01 sys=0.00, real=0.00 secs] 
132.978: Total time for which application threads were stopped: 0.0010540 seconds, Stopping threads took: 0.0000720 seconds
133.065: Application time: 0.0862130 seconds
133.065: [GC [PSYoungGen: 39026K->1792K(37888K)] 56265K->19110K(78336K), 0.0006930 secs] [Times: user=0.01 sys=0.00, real=0.00 secs] 
133.065: Total time for which application threads were stopped: 0.0008190 seconds, Stopping threads took: 0.0000600 seconds
133.149: Application time: 0.0832890 seconds
133.149: [GC [PSYoungGen: 37387K->2304K(37888K)] 54706K->19710K(78336K), 0.0008900 secs] [Times: user=0.00 sys=0.01, real=0.00 secs] 
133.150: Total time for which application threads were stopped: 0.0010460 seconds, Stopping threads took: 0.0000830 seconds
133.235: Application time: 0.0852780 seconds
133.235: [GC [PSYoungGen: 37394K->768K(35840K)] 54800K->18230K(76288K), 0.0005220 secs] [Times: user=0.00 sys=0.00, real=0.00 secs] 
133.236: Total time for which application threads were stopped: 0.0006610 seconds, Stopping threads took: 0.0000790 seconds
133.318: Application time: 0.0818710 seconds
133.318: [GC [PSYoungGen: 35333K->1760K(38400K)] 52796K->19270K(78848K), 0.0007070 secs] [Times: user=0.00 sys=0.00, real=0.00 secs] 
133.318: Total time for which application threads were stopped: 0.0008580 seconds, Stopping threads took: 0.0000760 seconds
133.398: Application time: 0.0790680 seconds
133.398: [GC [PSYoungGen: 35733K->2816K(36864K)] 53244K->20374K(77312K), 0.0010960 secs] [Times: user=0.01 sys=0.00, real=0.00 secs] 
133.399: Total time for which application threads were stopped: 0.0012380 seconds, Stopping threads took: 0.0000710 seconds
133.479: Application time: 0.0797580 seconds
133.479: [GC [PSYoungGen: 36362K->1728K(35328K)] 53920K->19286K(75776K), 0.0008760 secs] [Times: user=0.00 sys=0.00, real=0.00 secs] 
133.480: Total time for which application threads were stopped: 0.0010870 seconds, Stopping threads took: 0.0001360 seconds
133.558: Application time: 0.0786550 seconds
133.558: [GC [PSYoungGen: 34677K->1792K(34816K)] 52236K->19398K(75264K), 0.0007400 secs] [Times: user=0.01 sys=0.00, real=0.00 secs] 
133.559: Total time for which application threads were stopped: 0.0009510 seconds, Stopping threads took: 0.0001450 seconds
133.636: Application time: 0.0771330 seconds
133.637: [GC [PSYoungGen: 34455K->2336K(34816K)] 52062K->19942K(75264K), 0.0009890 secs] [Times: user=0.00 sys=0.00, real=0.00 secs] 
133.638: Total time for which application threads were stopped: 0.0011360 seconds, Stopping threads took: 0.0000750 seconds
133.713: Application time: 0.0758130 seconds
133.714: [GC [PSYoungGen: 34339K->1216K(34304K)] 51946K->18938K(74752K), 0.0006430 secs] [Times: user=0.00 sys=0.00, real=0.00 secs] 
133.714: Total time for which application threads were stopped: 0.0008900 seconds, Stopping threads took: 0.0001810 seconds
133.789: Application time: 0.0750280 seconds
133.789: [GC [PSYoungGen: 32691K->1760K(33280K)] 50413K->19546K(73728K), 0.0007520 secs] [Times: user=0.00 sys=0.00, real=0.00 secs] 
133.790: Total time for which application threads were stopped: 0.0008820 seconds, Stopping threads took: 0.0000630 seconds
133.860: Application time: 0.0694880 seconds
133.860: [GC [PSYoungGen: 32628K->3296K(34304K)] 50415K->21626K(74752K), 0.0014940 secs] [Times: user=0.01 sys=0.00, real=0.00 secs] 
133.861: Total time for which application threads were stopped: 0.0016760 seconds, Stopping threads took: 0.0000930 seconds
133.938: Application time: 0.0767490 seconds
133.938: [GC [PSYoungGen: 33842K->1248K(34816K)] 52172K->19578K(75264K), 0.0006010 secs] [Times: user=0.01 sys=0.00, real=0.00 secs] 
133.939: Total time for which application threads were stopped: 0.0007360 seconds, Stopping threads took: 0.0000710 seconds
134.008: Application time: 0.0696450 seconds
134.009: [GC [PSYoungGen: 31604K->2816K(40960K)] 49935K->21226K(81408K), 0.0009200 secs] [Times: user=0.01 sys=0.00, real=0.00 secs] 
134.010: Total time for which application threads were stopped: 0.0010530 seconds, Stopping threads took: 0.0000610 seconds
134.098: Application time: 0.0880980 seconds
134.098: [GC [PSYoungGen: 39446K->1760K(40960K)] 57857K->20170K(81408K), 0.0007480 secs] [Times: user=0.00 sys=0.00, real=0.00 secs] 
134.098: Total time for which application threads were stopped: 0.0008730 seconds, Stopping threads took: 0.0000600 seconds
134.185: Application time: 0.0860380 seconds
134.185: [GC [PSYoungGen: 38305K->2272K(38912K)] 56716K->20722K(79360K), 0.0007920 secs] [Times: user=0.00 sys=0.00, real=0.00 secs] 
134.185: Total time for which application threads were stopped: 0.0009400 seconds, Stopping threads took: 0.0000650 seconds
134.271: Application time: 0.0850860 seconds
134.271: [GC [PSYoungGen: 38460K->2816K(47104K)] 56911K->21266K(87552K), 0.0010210 secs] [Times: user=0.01 sys=0.00, real=0.00 secs] 
134.272: Total time for which application threads were stopped: 0.0011640 seconds, Stopping threads took: 0.0000710 seconds
134.374: Application time: 0.1026570 seconds
134.374: [GC [PSYoungGen: 45693K->1792K(44032K)] 64144K->20334K(84480K), 0.0007900 secs] [Times: user=0.00 sys=0.00, real=0.00 secs] 
134.375: Total time for which application threads were stopped: 0.0009330 seconds, Stopping threads took: 0.0000680 seconds
134.475: Application time: 0.0999340 seconds
134.475: [GC [PSYoungGen: 43563K->704K(41984K)] 62106K->19335K(82432K), 0.0004930 secs] [Times: user=0.00 sys=0.00, real=0.00 secs] 
134.476: Total time for which application threads were stopped: 0.0006180 seconds, Stopping threads took: 0.0000660 seconds
134.572: Application time: 0.0963050 seconds
134.572: [GC [PSYoungGen: 41520K->768K(43008K)] 60151K->19455K(83456K), 0.0005020 secs] [Times: user=0.00 sys=0.00, real=0.00 secs] 
134.573: Total time for which application threads were stopped: 0.0006270 seconds, Stopping threads took: 0.0000640 seconds
134.664: Application time: 0.0910890 seconds
134.664: [GC [PSYoungGen: 40394K->2304K(41472K)] 59081K->21079K(81920K), 0.0009410 secs] [Times: user=0.00 sys=0.00, real=0.00 secs] 
134.665: Total time for which application threads were stopped: 0.0011000 seconds, Stopping threads took: 0.0000880 seconds
134.757: Application time: 0.0921070 seconds
134.757: [GC [PSYoungGen: 40988K->1216K(40960K)] 59763K->19991K(81408K), 0.0005810 secs] [Times: user=0.00 sys=0.00, real=0.00 secs] 
134.758: Total time for which application threads were stopped: 0.0007420 seconds, Stopping threads took: 0.0000990 seconds
134.845: Application time: 0.0874290 seconds
134.845: [GC [PSYoungGen: 38870K->1760K(38912K)] 57645K->20583K(79360K), 0.0008180 secs] [Times: user=0.00 sys=0.00, real=0.00 secs] 
134.846: Total time for which application threads were stopped: 0.0010470 seconds, Stopping threads took: 0.0001600 seconds
134.932: Application time: 0.0853410 seconds
134.932: [GC [PSYoungGen: 38460K->2816K(39936K)] 57283K->21671K(80384K), 0.0010870 secs] [Times: user=0.01 sys=0.00, real=0.00 secs] 
134.933: Total time for which application threads were stopped: 0.0012370 seconds, Stopping threads took: 0.0000700 seconds
135.018: Application time: 0.0848300 seconds
135.018: [GC [PSYoungGen: 39008K->2320K(38400K)] 57863K->21259K(78848K), 0.0009310 secs] [Times: user=0.00 sys=0.00, real=0.00 secs] 
135.019: Total time for which application threads were stopped: 0.0010760 seconds, Stopping threads took: 0.0000730 seconds
135.104: Application time: 0.0851330 seconds
135.104: [GC [PSYoungGen: 37846K->768K(38912K)] 56785K->19803K(79360K), 0.0004580 secs] [Times: user=0.00 sys=0.00, real=0.00 secs] 
135.105: Total time for which application threads were stopped: 0.0005840 seconds, Stopping threads took: 0.0000640 seconds
135.186: Application time: 0.0812710 seconds
135.186: [GC [PSYoungGen: 35924K->2304K(37376K)] 54959K->21339K(77824K), 0.0009610 secs] [Times: user=0.01 sys=0.00, real=0.00 secs] 
135.187: Total time for which application threads were stopped: 0.0011100 seconds, Stopping threads took: 0.0000770 seconds
135.268: Application time: 0.0811680 seconds
135.268: [GC [PSYoungGen: 36795K->2304K(37888K)] 55831K->21423K(78336K), 0.0009140 secs] [Times: user=0.00 sys=0.00, real=0.00 secs] 
135.269: Total time for which application threads were stopped: 0.0010570 seconds, Stopping threads took: 0.0000720 seconds
135.338: Application time: 0.0686040 seconds
135.338: Total time for which application threads were stopped: 0.0002060 seconds, Stopping threads took: 0.0001810 seconds
135.349: Application time: 0.0114500 seconds
135.349: [GC [PSYoungGen: 36327K->2816K(36864K)] 55447K->21935K(77312K), 0.0010610 secs] [Times: user=0.01 sys=0.00, real=0.00 secs] 
135.351: Total time for which application threads were stopped: 0.0011810 seconds, Stopping threads took: 0.0000470 seconds
135.435: Application time: 0.0843050 seconds
135.435: [GC [PSYoungGen: 36275K->2784K(37888K)] 55394K->21919K(78336K), 0.0010500 secs] [Times: user=0.00 sys=0.00, real=0.00 secs] 
135.436: Total time for which application threads were stopped: 0.0011930 seconds, Stopping threads took: 0.0000620 seconds
135.460: Application time: 0.0243090 seconds
135.460: Total time for which application threads were stopped: 0.0000740 seconds, Stopping threads took: 0.0000510 seconds
135.489: Application time: 0.0280400 seconds
135.489: Total time for which application threads were stopped: 0.0000580 seconds, Stopping threads took: 0.0000390 seconds
135.541: Application time: 0.0526400 seconds
135.541: [GC [PSYoungGen: 36398K->1184K(34816K)] 55533K->20319K(75264K), 0.0006210 secs] [Times: user=0.00 sys=0.00, real=0.01 secs] 
135.543: Total time for which application threads were stopped: 0.0017060 seconds, Stopping threads took: 0.0000390 seconds
135.552: Application time: 0.0090670 seconds
135.552: Total time for which application threads were stopped: 0.0000540 seconds, Stopping threads took: 0.0000330 seconds
135.602: Application time: 0.0499630 seconds
135.602: Total time for which application threads were stopped: 0.0000630 seconds, Stopping threads took: 0.0000370 seconds
135.698: Application time: 0.0957250 seconds
135.698: Total time for which application threads were stopped: 0.0000600 seconds, Stopping threads took: 0.0000330 seconds
135.741: Application time: 0.0431500 seconds
135.741: Total time for which application threads were stopped: 0.0000550 seconds, Stopping threads took: 0.0000230 seconds
135.741: Application time: 0.0001150 seconds
135.741: [GC [PSYoungGen: 34222K->752K(36352K)] 53358K->19903K(76800K), 0.0005100 secs] [Times: user=0.00 sys=0.00, real=0.01 secs] 
135.742: Total time for which application threads were stopped: 0.0006160 seconds, Stopping threads took: 0.0000610 seconds
135.808: Application time: 0.0665490 seconds
135.808: [GC [PSYoungGen: 33165K->3920K(36864K)] 52316K->27311K(77312K), 0.0024230 secs] [Times: user=0.01 sys=0.01, real=0.00 secs] 
135.811: Total time for which application threads were stopped: 0.0025780 seconds, Stopping threads took: 0.0000670 seconds
135.890: Application time: 0.0793390 seconds
135.890: [GC [PSYoungGen: 36546K->3328K(43520K)] 59938K->30472K(83968K), 0.0018940 secs] [Times: user=0.01 sys=0.00, real=0.00 secs] 
135.892: Total time for which application threads were stopped: 0.0020490 seconds, Stopping threads took: 0.0000720 seconds
135.991: Application time: 0.0991160 seconds
135.992: [GC [PSYoungGen: 42017K->704K(44032K)] 69161K->27847K(84480K), 0.0005660 secs] [Times: user=0.00 sys=0.00, real=0.00 secs] 
135.992: Total time for which application threads were stopped: 0.0007870 seconds, Stopping threads took: 0.0001410 seconds
136.090: Application time: 0.0973480 seconds
136.090: [GC [PSYoungGen: 39350K->1728K(51200K)] 66494K->28871K(91648K), 0.0008130 secs] [Times: user=0.01 sys=0.00, real=0.00 secs] 
136.091: Total time for which application threads were stopped: 0.0009630 seconds, Stopping threads took: 0.0000710 seconds
136.223: Application time: 0.1322390 seconds
136.226: [GC [PSYoungGen: 48654K->1216K(51712K)] 75798K->28359K(92160K), 0.0006260 secs] [Times: user=0.00 sys=0.00, real=0.00 secs] 
136.226: Total time for which application threads were stopped: 0.0034230 seconds, Stopping threads took: 0.0027310 seconds
136.342: Application time: 0.1153400 seconds
136.342: [GC [PSYoungGen: 48091K->1792K(48128K)] 75235K->28935K(88576K), 0.0007170 secs] [Times: user=0.00 sys=0.00, real=0.00 secs] 
136.342: Total time for which application threads were stopped: 0.0008480 seconds, Stopping threads took: 0.0000630 seconds
136.455: Application time: 0.1129770 seconds
136.455: [GC [PSYoungGen: 47590K->1888K(47104K)] 74734K->29032K(87552K), 0.0007780 secs] [Times: user=0.00 sys=0.00, real=0.00 secs] 
136.456: Total time for which application threads were stopped: 0.0009170 seconds, Stopping threads took: 0.0000670 seconds
136.566: Application time: 0.1098200 seconds
136.566: [GC [PSYoungGen: 46835K->1792K(46080K)] 73979K->29136K(86528K), 0.0008020 secs] [Times: user=0.00 sys=0.00, real=0.00 secs] 
136.567: Total time for which application threads were stopped: 0.0009550 seconds, Stopping threads took: 0.0000720 seconds
136.675: Application time: 0.1077730 seconds
136.675: [GC [PSYoungGen: 45543K->2240K(45568K)] 72887K->29660K(86016K), 0.0009360 secs] [Times: user=0.00 sys=0.00, real=0.00 secs] 
136.676: Total time for which application threads were stopped: 0.0010700 seconds, Stopping threads took: 0.0000650 seconds
136.782: Application time: 0.1063850 seconds
136.782: [GC [PSYoungGen: 44962K->1760K(44032K)] 72382K->29180K(84480K), 0.0008170 secs] [Times: user=0.01 sys=0.00, real=0.00 secs] 
136.783: Total time for which application threads were stopped: 0.0009630 seconds, Stopping threads took: 0.0000750 seconds
136.887: Application time: 0.1035150 seconds
136.887: [GC [PSYoungGen: 43451K->1760K(43008K)] 70871K->29180K(83456K), 0.0007170 secs] [Times: user=0.01 sys=0.00, real=0.00 secs] 
136.888: Total time for which application threads were stopped: 0.0008600 seconds, Stopping threads took: 0.0000730 seconds
136.988: Application time: 0.1008270 seconds
136.989: [GC [PSYoungGen: 42420K->1728K(41984K)] 69840K->29148K(82432K), 0.0007840 secs] [Times: user=0.00 sys=0.00, real=0.00 secs] 
136.989: Total time for which application threads were stopped: 0.0009390 seconds, Stopping threads took: 0.0000820 seconds
137.085: Application time: 0.0955230 seconds
137.085: [GC [PSYoungGen: 41231K->3424K(42496K)] 68651K->30844K(82944K), 0.0012650 secs] [Times: user=0.00 sys=0.00, real=0.00 secs] 
137.086: Total time for which application threads were stopped: 0.0014490 seconds, Stopping threads took: 0.0000980 seconds
137.187: Application time: 0.1006580 seconds
137.187: [GC [PSYoungGen: 42271K->1264K(39424K)] 69691K->28856K(79872K), 0.0007010 secs] [Times: user=0.00 sys=0.00, real=0.00 secs] 
137.188: Total time for which application threads were stopped: 0.0008390 seconds, Stopping threads took: 0.0000670 seconds
137.280: Application time: 0.0923780 seconds
137.280: [GC [PSYoungGen: 38838K->1760K(38912K)] 66430K->29464K(79360K), 0.0008190 secs] [Times: user=0.01 sys=0.00, real=0.00 secs] 
137.281: Total time for which application threads were stopped: 0.0009720 seconds, Stopping threads took: 0.0000810 seconds
137.371: Application time: 0.0898750 seconds
137.371: [GC [PSYoungGen: 38310K->1216K(37888K)] 66014K->28920K(78336K), 0.0007730 secs] [Times: user=0.01 sys=0.00, real=0.00 secs] 
137.372: Total time for which application threads were stopped: 0.0009420 seconds, Stopping threads took: 0.0000950 seconds
137.463: Application time: 0.0906090 seconds
137.463: [GC [PSYoungGen: 37249K->1184K(37376K)] 64954K->28888K(77824K), 0.0006470 secs] [Times: user=0.00 sys=0.00, real=0.00 secs] 
137.463: Total time for which application threads were stopped: 0.0007700 seconds, Stopping threads took: 0.0000560 seconds
137.549: Application time: 0.0855470 seconds
137.549: [GC [PSYoungGen: 36697K->2784K(38400K)] 64402K->30488K(78848K), 0.0010770 secs] [Times: user=0.00 sys=0.00, real=0.00 secs] 
137.550: Total time for which application threads were stopped: 0.0012320 seconds, Stopping threads took: 0.0000830 seconds
137.637: Application time: 0.0870020 seconds
137.637: [GC [PSYoungGen: 37793K->1760K(36864K)] 65498K->29464K(77312K), 0.0008470 secs] [Times: user=0.00 sys=0.00, real=0.00 secs] 
137.638: Total time for which application threads were stopped: 0.0009950 seconds, Stopping threads took: 0.0000710 seconds
137.724: Application time: 0.0858340 seconds
137.724: [GC [PSYoungGen: 36482K->2816K(37376K)] 64186K->30520K(77824K), 0.0011570 secs] [Times: user=0.01 sys=0.00, real=0.00 secs] 
137.725: Total time for which application threads were stopped: 0.0013040 seconds, Stopping threads took: 0.0000790 seconds
137.810: Application time: 0.0844810 seconds
137.810: [GC [PSYoungGen: 36677K->1328K(35328K)] 64382K->29144K(75776K), 0.0007270 secs] [Times: user=0.00 sys=0.00, real=0.00 secs] 
137.811: Total time for which application threads were stopped: 0.0008750 seconds, Stopping threads took: 0.0000790 seconds
137.893: Application time: 0.0819580 seconds
137.893: [GC [PSYoungGen: 34789K->1728K(35840K)] 62606K->29732K(76288K), 0.0008500 secs] [Times: user=0.00 sys=0.00, real=0.01 secs] 
137.894: Total time for which application threads were stopped: 0.0009910 seconds, Stopping threads took: 0.0000700 seconds
137.976: Application time: 0.0819250 seconds
137.976: [GC [PSYoungGen: 34677K->1696K(34816K)] 62682K->29700K(75264K), 0.0006900 secs] [Times: user=0.01 sys=0.00, real=0.00 secs] 
137.976: Total time for which application threads were stopped: 0.0008090 seconds, Stopping threads took: 0.0000590 seconds
138.057: Application time: 0.0804930 seconds
138.057: [GC [PSYoungGen: 34133K->1216K(35328K)] 62138K->29220K(75776K), 0.0006120 secs] [Times: user=0.00 sys=0.00, real=0.00 secs] 
138.058: Total time for which application threads were stopped: 0.0008400 seconds, Stopping threads took: 0.0001650 seconds
138.136: Application time: 0.0783650 seconds
138.136: [GC [PSYoungGen: 33133K->1216K(33280K)] 61138K->29220K(73728K), 0.0006060 secs] [Times: user=0.00 sys=0.00, real=0.00 secs] 
138.137: Total time for which application threads were stopped: 0.0007230 seconds, Stopping threads took: 0.0000560 seconds
138.213: Application time: 0.0760080 seconds
138.213: [GC [PSYoungGen: 32604K->2784K(34304K)] 60609K->30788K(74752K), 0.0010840 secs] [Times: user=0.01 sys=0.00, real=0.01 secs] 
138.214: Total time for which application threads were stopped: 0.0012420 seconds, Stopping threads took: 0.0000760 seconds
138.294: Application time: 0.0794880 seconds
138.294: [GC [PSYoungGen: 33681K->1216K(32256K)] 61686K->29220K(72704K), 0.0006160 secs] [Times: user=0.01 sys=0.00, real=0.00 secs] 
138.294: Total time for which application threads were stopped: 0.0008560 seconds, Stopping threads took: 0.0001780 seconds
138.367: Application time: 0.0720770 seconds
138.367: [GC [PSYoungGen: 31654K->2240K(33280K)] 59659K->30244K(73728K), 0.0009010 secs] [Times: user=0.01 sys=0.00, real=0.00 secs] 
138.368: Total time for which application threads were stopped: 0.0010800 seconds, Stopping threads took: 0.0001110 seconds
138.441: Application time: 0.0730800 seconds
138.441: [GC [PSYoungGen: 31967K->2384K(33792K)] 59972K->30436K(74240K), 0.0010090 secs] [Times: user=0.01 sys=0.00, real=0.01 secs] 
138.442: Total time for which application threads were stopped: 0.0011570 seconds, Stopping threads took: 0.0000760 seconds
138.518: Application time: 0.0766120 seconds
138.519: [GC [PSYoungGen: 32397K->1792K(31744K)] 60450K->30017K(72192K), 0.0007210 secs] [Times: user=0.00 sys=0.00, real=0.00 secs] 
138.519: Total time for which application threads were stopped: 0.0008690 seconds, Stopping threads took: 0.0000770 seconds
138.594: Application time: 0.0743990 seconds
138.594: [GC [PSYoungGen: 31124K->2272K(38400K)] 59349K->30585K(78848K), 0.0009250 secs] [Times: user=0.00 sys=0.00, real=0.00 secs] 
138.595: Total time for which application threads were stopped: 0.0010630 seconds, Stopping threads took: 0.0000650 seconds
138.678: Application time: 0.0831220 seconds
138.678: [GC [PSYoungGen: 36763K->2272K(39424K)] 65076K->30585K(79872K), 0.0009000 secs] [Times: user=0.00 sys=0.00, real=0.00 secs] 
138.679: Total time for which application threads were stopped: 0.0010420 seconds, Stopping threads took: 0.0000730 seconds
138.768: Application time: 0.0888400 seconds
138.768: [GC [PSYoungGen: 37791K->2240K(39424K)] 66104K->30553K(79872K), 0.0008700 secs] [Times: user=0.01 sys=0.00, real=0.00 secs] 
138.769: Total time for which application threads were stopped: 0.0010200 seconds, Stopping threads took: 0.0000760 seconds
138.856: Application time: 0.0871140 seconds
138.856: [GC [PSYoungGen: 37761K->1728K(37376K)] 66074K->30041K(77824K), 0.0007000 secs] [Times: user=0.00 sys=0.00, real=0.00 secs] 
138.857: Total time for which application threads were stopped: 0.0008410 seconds, Stopping threads took: 0.0000780 seconds
138.943: Application time: 0.0863030 seconds
138.943: [GC [PSYoungGen: 36731K->2272K(37376K)] 65044K->30585K(77824K), 0.0008270 secs] [Times: user=0.00 sys=0.00, real=0.00 secs] 
138.944: Total time for which application threads were stopped: 0.0009700 seconds, Stopping threads took: 0.0000780 seconds
139.030: Application time: 0.0856660 seconds
139.030: [GC [PSYoungGen: 36922K->1792K(36352K)] 65235K->30105K(76800K), 0.0007050 secs] [Times: user=0.00 sys=0.00, real=0.00 secs] 
139.031: Total time for which application threads were stopped: 0.0008570 seconds, Stopping threads took: 0.0000830 seconds
139.114: Application time: 0.0837220 seconds
139.114: [GC [PSYoungGen: 35729K->864K(34816K)] 64042K->29265K(75264K), 0.0006270 secs] [Times: user=0.00 sys=0.00, real=0.00 secs] 
139.115: Total time for which application threads were stopped: 0.0007630 seconds, Stopping threads took: 0.0000720 seconds
139.199: Application time: 0.0840300 seconds
139.199: [GC [PSYoungGen: 34325K->1184K(34816K)] 62726K->29801K(75264K), 0.0007110 secs] [Times: user=0.01 sys=0.00, real=0.00 secs] 
139.200: Total time for which application threads were stopped: 0.0008430 seconds, Stopping threads took: 0.0000650 seconds
139.281: Application time: 0.0812530 seconds
139.281: [GC [PSYoungGen: 34133K->1184K(34304K)] 62750K->29801K(74752K), 0.0006400 secs] [Times: user=0.00 sys=0.00, real=0.01 secs] 
139.282: Total time for which application threads were stopped: 0.0007900 seconds, Stopping threads took: 0.0000670 seconds
139.360: Application time: 0.0782060 seconds
139.360: [GC [PSYoungGen: 33613K->1760K(34304K)] 62230K->30377K(74752K), 0.0007810 secs] [Times: user=0.01 sys=0.00, real=0.00 secs] 
139.361: Total time for which application threads were stopped: 0.0009150 seconds, Stopping threads took: 0.0000680 seconds
139.439: Application time: 0.0779080 seconds
139.439: [GC [PSYoungGen: 33673K->2304K(34304K)] 62290K->30921K(74752K), 0.0009290 secs] [Times: user=0.01 sys=0.00, real=0.00 secs] 
139.440: Total time for which application threads were stopped: 0.0010580 seconds, Stopping threads took: 0.0000620 seconds
139.519: Application time: 0.0791870 seconds
139.519: [GC [PSYoungGen: 33705K->2272K(33792K)] 62322K->30889K(74240K), 0.0008530 secs] [Times: user=0.01 sys=0.00, real=0.00 secs] 
139.520: Total time for which application threads were stopped: 0.0009820 seconds, Stopping threads took: 0.0000600 seconds
139.597: Application time: 0.0764300 seconds
139.597: [GC [PSYoungGen: 33161K->1728K(32768K)] 61778K->30345K(73216K), 0.0008260 secs] [Times: user=0.00 sys=0.00, real=0.00 secs] 
139.598: Total time for which application threads were stopped: 0.0009610 seconds, Stopping threads took: 0.0000660 seconds
139.672: Application time: 0.0739420 seconds
139.672: [GC [PSYoungGen: 32171K->2288K(33280K)] 60788K->30905K(73728K), 0.0008780 secs] [Times: user=0.01 sys=0.00, real=0.00 secs] 
139.673: Total time for which application threads were stopped: 0.0010130 seconds, Stopping threads took: 0.0000690 seconds
139.747: Application time: 0.0748460 seconds
139.748: [GC [PSYoungGen: 32016K->1840K(31744K)] 60633K->30513K(72192K), 0.0008700 secs] [Times: user=0.00 sys=0.00, real=0.00 secs] 
139.749: Total time for which application threads were stopped: 0.0010360 seconds, Stopping threads took: 0.0000990 seconds
139.821: Application time: 0.0726670 seconds
139.821: [GC [PSYoungGen: 31341K->704K(31744K)] 60014K->29557K(72192K), 0.0005620 secs] [Times: user=0.00 sys=0.00, real=0.01 secs] 
139.822: Total time for which application threads were stopped: 0.0007130 seconds, Stopping threads took: 0.0000810 seconds
139.894: Application time: 0.0722080 seconds
139.894: [GC [PSYoungGen: 29528K->672K(31744K)] 58381K->29605K(72192K), 0.0004750 secs] [Times: user=0.00 sys=0.00, real=0.00 secs] 
139.895: Total time for which application threads were stopped: 0.0005840 seconds, Stopping threads took: 0.0000510 seconds
139.965: Application time: 0.0707740 seconds
139.966: [GC [PSYoungGen: 28972K->2272K(31232K)] 57905K->31205K(71680K), 0.0008930 secs] [Times: user=0.00 sys=0.00, real=0.00 secs] 
139.967: Total time for which application threads were stopped: 0.0010480 seconds, Stopping threads took: 0.0000860 seconds
140.034: Application time: 0.0676890 seconds
140.034: [GC [PSYoungGen: 30060K->3296K(31744K)] 58993K->32229K(72192K), 0.0012600 secs] [Times: user=0.01 sys=0.00, real=0.00 secs] 
140.036: Total time for which application threads were stopped: 0.0014050 seconds, Stopping threads took: 0.0000710 seconds
140.107: Application time: 0.0709900 seconds
140.107: [GC [PSYoungGen: 31092K->2304K(37888K)] 60025K->31237K(78336K), 0.0007200 secs] [Times: user=0.00 sys=0.00, real=0.00 secs] 
140.107: Total time for which application threads were stopped: 0.0008600 seconds, Stopping threads took: 0.0000690 seconds
140.192: Application time: 0.0842150 seconds
140.192: [GC [PSYoungGen: 35771K->1216K(34816K)] 64705K->30149K(75264K), 0.0005780 secs] [Times: user=0.00 sys=0.00, real=0.00 secs] 
140.192: Total time for which application threads were stopped: 0.0007570 seconds, Stopping threads took: 0.0001160 seconds
140.274: Application time: 0.0817180 seconds
140.274: [GC [PSYoungGen: 34165K->1216K(35840K)] 63099K->30149K(76288K), 0.0005670 secs] [Times: user=0.00 sys=0.00, real=0.00 secs] 
140.275: Total time for which application threads were stopped: 0.0007070 seconds, Stopping threads took: 0.0000790 seconds
140.357: Application time: 0.0819880 seconds
140.357: [GC [PSYoungGen: 33807K->128K(35840K)] 62741K->29061K(76288K), 0.0004210 secs] [Times: user=0.00 sys=0.00, real=0.00 secs] 
140.357: Total time for which application threads were stopped: 0.0005810 seconds, Stopping threads took: 0.0000850 seconds
140.434: Application time: 0.0764890 seconds
140.434: [GC [PSYoungGen: 31907K->2912K(35328K)] 60840K->31921K(75776K), 0.0010700 secs] [Times: user=0.01 sys=0.00, real=0.00 secs] 
140.435: Total time for which application threads were stopped: 0.0012160 seconds, Stopping threads took: 0.0000770 seconds
140.513: Application time: 0.0778960 seconds
140.513: [GC [PSYoungGen: 34399K->1760K(33280K)] 63409K->30929K(73728K), 0.0008410 secs] [Times: user=0.01 sys=0.00, real=0.01 secs] 
140.514: Total time for which application threads were stopped: 0.0009720 seconds, Stopping threads took: 0.0000670 seconds
140.590: Application time: 0.0755530 seconds
140.590: [GC [PSYoungGen: 32640K->2208K(34304K)] 61810K->31417K(74752K), 0.0009280 secs] [Times: user=0.00 sys=0.00, real=0.00 secs] 
140.591: Total time for which application threads were stopped: 0.0016970 seconds, Stopping threads took: 0.0000710 seconds
140.667: Application time: 0.0759020 seconds
140.667: [GC [PSYoungGen: 32580K->1760K(32256K)] 61790K->30969K(72704K), 0.0008270 secs] [Times: user=0.00 sys=0.00, real=0.00 secs] 
140.668: Total time for which application threads were stopped: 0.0009970 seconds, Stopping threads took: 0.0001050 seconds
140.743: Application time: 0.0743240 seconds
140.743: [GC [PSYoungGen: 31608K->2240K(33792K)] 60818K->31449K(74240K), 0.0009480 secs] [Times: user=0.00 sys=0.00, real=0.00 secs] 
140.744: Total time for which application threads were stopped: 0.0010950 seconds, Stopping threads took: 0.0000740 seconds
140.818: Application time: 0.0741890 seconds
140.818: [GC [PSYoungGen: 32100K->1216K(31232K)] 61310K->30425K(71680K), 0.0006190 secs] [Times: user=0.00 sys=0.00, real=0.00 secs] 
140.819: Total time for which application threads were stopped: 0.0007430 seconds, Stopping threads took: 0.0000640 seconds
140.894: Application time: 0.0750570 seconds
140.894: [GC [PSYoungGen: 30548K->1760K(32256K)] 59758K->30969K(72704K), 0.0007530 secs] [Times: user=0.00 sys=0.00, real=0.00 secs] 
140.895: Total time for which application threads were stopped: 0.0008950 seconds, Stopping threads took: 0.0000670 seconds
140.966: Application time: 0.0715180 seconds
140.966: [GC [PSYoungGen: 30582K->1728K(30720K)] 59792K->30937K(71168K), 0.0007730 secs] [Times: user=0.00 sys=0.00, real=0.00 secs] 
140.967: Total time for which application threads were stopped: 0.0008980 seconds, Stopping threads took: 0.0000590 seconds
141.039: Application time: 0.0721460 seconds
141.039: [GC [PSYoungGen: 30271K->1248K(30208K)] 59480K->30457K(70656K), 0.0006740 secs] [Times: user=0.00 sys=0.00, real=0.00 secs] 
141.040: Total time for which application threads were stopped: 0.0008010 seconds, Stopping threads took: 0.0000650 seconds
141.108: Application time: 0.0680940 seconds
141.108: [GC [PSYoungGen: 29407K->1312K(29184K)] 58617K->30641K(69632K), 0.0007040 secs] [Times: user=0.00 sys=0.00, real=0.00 secs] 
141.109: Total time for which application threads were stopped: 0.0009360 seconds, Stopping threads took: 0.0001680 seconds
141.176: Application time: 0.0670350 seconds
141.176: [GC [PSYoungGen: 28608K->2784K(30208K)] 57938K->32270K(70656K), 0.0011220 secs] [Times: user=0.00 sys=0.00, real=0.00 secs] 
141.177: Total time for which application threads were stopped: 0.0012700 seconds, Stopping threads took: 0.0000740 seconds
141.245: Application time: 0.0672930 seconds
141.245: [GC [PSYoungGen: 29552K->1728K(30720K)] 59038K->31246K(71168K), 0.0008240 secs] [Times: user=0.00 sys=0.01, real=0.00 secs] 
141.245: Total time for which application threads were stopped: 0.0009720 seconds, Stopping threads took: 0.0000860 seconds
141.311: Application time: 0.0651060 seconds
141.311: [GC [PSYoungGen: 28488K->2752K(36352K)] 58006K->32270K(76800K), 0.0009230 secs] [Times: user=0.01 sys=0.00, real=0.00 secs] 
141.312: Total time for which application threads were stopped: 0.0010620 seconds, Stopping threads took: 0.0000640 seconds
141.394: Application time: 0.0819810 seconds
141.394: [GC [PSYoungGen: 35187K->1728K(36352K)] 64705K->31246K(76800K), 0.0007210 secs] [Times: user=0.01 sys=0.00, real=0.00 secs] 
141.395: Total time for which application threads were stopped: 0.0008870 seconds, Stopping threads took: 0.0001010 seconds
141.477: Application time: 0.0822820 seconds
141.477: [GC [PSYoungGen: 34167K->1216K(33792K)] 63685K->30734K(74240K), 0.0005360 secs] [Times: user=0.00 sys=0.00, real=0.00 secs] 
141.477: Total time for which application threads were stopped: 0.0006680 seconds, Stopping threads took: 0.0000620 seconds
141.556: Application time: 0.0783290 seconds
141.556: [GC [PSYoungGen: 33129K->1728K(33792K)] 62647K->31246K(74240K), 0.0007530 secs] [Times: user=0.01 sys=0.00, real=0.00 secs] 
141.557: Total time for which application threads were stopped: 0.0008830 seconds, Stopping threads took: 0.0000650 seconds
141.637: Application time: 0.0798170 seconds
141.637: [GC [PSYoungGen: 33133K->1216K(32768K)] 62651K->30734K(73216K), 0.0005660 secs] [Times: user=0.00 sys=0.00, real=0.00 secs] 
141.637: Total time for which application threads were stopped: 0.0006910 seconds, Stopping threads took: 0.0000590 seconds
141.711: Application time: 0.0742810 seconds
141.712: [GC [PSYoungGen: 32325K->2848K(33792K)] 61843K->32366K(74240K), 0.0010220 secs] [Times: user=0.01 sys=0.00, real=0.00 secs] 
141.713: Total time for which application threads were stopped: 0.0011550 seconds, Stopping threads took: 0.0000610 seconds
141.786: Application time: 0.0734450 seconds
141.786: [GC [PSYoungGen: 33087K->1936K(36864K)] 62606K->33106K(77312K), 0.0012090 secs] [Times: user=0.00 sys=0.00, real=0.00 secs] 
141.787: Total time for which application threads were stopped: 0.0013490 seconds, Stopping threads took: 0.0000720 seconds
141.876: Application time: 0.0889710 seconds
141.877: [GC [PSYoungGen: 36435K->1248K(38400K)] 67606K->32598K(78848K), 0.0006760 secs] [Times: user=0.00 sys=0.00, real=0.00 secs] 
141.877: Total time for which application threads were stopped: 0.0008080 seconds, Stopping threads took: 0.0000650 seconds
141.960: Application time: 0.0828890 seconds
141.960: [GC [PSYoungGen: 35733K->2784K(45568K)] 67084K->34134K(86016K), 0.0008700 secs] [Times: user=0.01 sys=0.00, real=0.00 secs] 
141.961: Total time for which application threads were stopped: 0.0010030 seconds, Stopping threads took: 0.0000640 seconds
142.064: Application time: 0.1024130 seconds
142.064: [GC [PSYoungGen: 44472K->2752K(44032K)] 75823K->34102K(84480K), 0.0010000 secs] [Times: user=0.00 sys=0.00, real=0.00 secs] 
142.065: Total time for which application threads were stopped: 0.0011450 seconds, Stopping threads took: 0.0000660 seconds
142.166: Application time: 0.1015080 seconds
142.166: [GC [PSYoungGen: 43416K->1760K(41984K)] 74767K->33110K(82432K), 0.0007940 secs] [Times: user=0.01 sys=0.00, real=0.00 secs] 
142.167: Total time for which application threads were stopped: 0.0009310 seconds, Stopping threads took: 0.0000660 seconds
142.266: Application time: 0.0983990 seconds
142.266: [GC [PSYoungGen: 41392K->1696K(40960K)] 72742K->33046K(81408K), 0.0007920 secs] [Times: user=0.00 sys=0.00, real=0.00 secs] 
142.266: Total time for which application threads were stopped: 0.0009700 seconds, Stopping threads took: 0.0001090 seconds
142.362: Application time: 0.0955650 seconds
142.362: [GC [PSYoungGen: 40534K->2352K(40448K)] 71885K->33702K(80896K), 0.0009690 secs] [Times: user=0.00 sys=0.00, real=0.00 secs] 
142.363: Total time for which application threads were stopped: 0.0011630 seconds, Stopping threads took: 0.0001260 seconds
142.455: Application time: 0.0922080 seconds
142.456: [GC [PSYoungGen: 39804K->2384K(39424K)] 71155K->33850K(79872K), 0.0010140 secs] [Times: user=0.01 sys=0.00, real=0.00 secs] 
142.457: Total time for which application threads were stopped: 0.0011520 seconds, Stopping threads took: 0.0000690 seconds
142.547: Application time: 0.0903940 seconds
142.547: [GC [PSYoungGen: 38930K->2784K(39424K)] 70396K->34422K(79872K), 0.0011300 secs] [Times: user=0.01 sys=0.00, real=0.00 secs] 
142.548: Total time for which application threads were stopped: 0.0012910 seconds, Stopping threads took: 0.0000890 seconds
142.640: Application time: 0.0914170 seconds
142.640: [GC [PSYoungGen: 38820K->2240K(38400K)] 70458K->33878K(78848K), 0.0009150 secs] [Times: user=0.00 sys=0.00, real=0.00 secs] 
142.641: Total time for which application threads were stopped: 0.0010670 seconds, Stopping threads took: 0.0000750 seconds
142.729: Application time: 0.0879690 seconds
142.729: [GC [PSYoungGen: 37759K->2272K(38400K)] 69398K->33910K(78848K), 0.0009200 secs] [Times: user=0.00 sys=0.00, real=0.00 secs] 
142.730: Total time for which application threads were stopped: 0.0010620 seconds, Stopping threads took: 0.0000690 seconds
142.817: Application time: 0.0874550 seconds
142.817: [GC [PSYoungGen: 37281K->1248K(36352K)] 68920K->32886K(76800K), 0.0006590 secs] [Times: user=0.01 sys=0.00, real=0.00 secs] 
142.818: Total time for which application threads were stopped: 0.0007900 seconds, Stopping threads took: 0.0000620 seconds
142.903: Application time: 0.0854120 seconds
142.904: [GC [PSYoungGen: 35737K->1760K(37376K)] 67376K->33398K(77824K), 0.0007730 secs] [Times: user=0.00 sys=0.00, real=0.00 secs] 
142.904: Total time for which application threads were stopped: 0.0009210 seconds, Stopping threads took: 0.0000800 seconds
142.988: Application time: 0.0835630 seconds
142.988: [GC [PSYoungGen: 35813K->2208K(36352K)] 67452K->33846K(76800K), 0.0009130 secs] [Times: user=0.00 sys=0.00, real=0.00 secs] 
142.989: Total time for which application threads were stopped: 0.0010490 seconds, Stopping threads took: 0.0000630 seconds
143.072: Application time: 0.0828040 seconds
143.072: [GC [PSYoungGen: 35982K->2336K(36352K)] 67621K->34022K(76800K), 0.0010320 secs] [Times: user=0.01 sys=0.00, real=0.00 secs] 
143.073: Total time for which application threads were stopped: 0.0011710 seconds, Stopping threads took: 0.0000680 seconds
143.157: Application time: 0.0836490 seconds
143.157: [GC [PSYoungGen: 35522K->1824K(34816K)] 67209K->33663K(75264K), 0.0008310 secs] [Times: user=0.01 sys=0.00, real=0.00 secs] 
143.158: Total time for which application threads were stopped: 0.0010280 seconds, Stopping threads took: 0.0001270 seconds
143.238: Application time: 0.0805030 seconds
143.238: [GC [PSYoungGen: 34261K->1728K(35328K)] 66100K->33691K(75776K), 0.0008290 secs] [Times: user=0.00 sys=0.00, real=0.00 secs] 
143.239: Total time for which application threads were stopped: 0.0009670 seconds, Stopping threads took: 0.0000720 seconds
143.317: Application time: 0.0777360 seconds
143.317: [GC [PSYoungGen: 33645K->1728K(33792K)] 65608K->33691K(74240K), 0.0008310 secs] [Times: user=0.00 sys=0.00, real=0.00 secs] 
143.318: Total time for which application threads were stopped: 0.0009650 seconds, Stopping threads took: 0.0000680 seconds
143.395: Application time: 0.0769310 seconds
143.395: [GC [PSYoungGen: 33120K->2272K(33792K)] 65083K->34235K(74240K), 0.0009150 secs] [Times: user=0.01 sys=0.00, real=0.00 secs] 
143.396: Total time for which application threads were stopped: 0.0010770 seconds, Stopping threads took: 0.0000940 seconds
143.474: Application time: 0.0783340 seconds
143.474: [GC [PSYoungGen: 33165K->1728K(32768K)] 65128K->33691K(73216K), 0.0007860 secs] [Times: user=0.01 sys=0.00, real=0.00 secs] 
143.475: Total time for which application threads were stopped: 0.0009550 seconds, Stopping threads took: 0.0000990 seconds
143.550: Application time: 0.0745370 seconds
143.550: [GC [PSYoungGen: 32092K->2272K(33792K)] 64055K->34235K(74240K), 0.0009450 secs] [Times: user=0.01 sys=0.00, real=0.00 secs] 
143.551: Total time for which application threads were stopped: 0.0010810 seconds, Stopping threads took: 0.0000690 seconds
143.627: Application time: 0.0761550 seconds
143.630: [GC [PSYoungGen: 32644K->1184K(31744K)] 64608K->33147K(72192K), 0.0006500 secs] [Times: user=0.01 sys=0.00, real=0.00 secs] 
143.630: Total time for which application threads were stopped: 0.0032840 seconds, Stopping threads took: 0.0025590 seconds
143.704: Application time: 0.0732920 seconds
143.704: [GC [PSYoungGen: 31265K->1760K(32256K)] 63228K->33723K(72704K), 0.0008150 secs] [Times: user=0.01 sys=0.00, real=0.00 secs] 
143.705: Total time for which application threads were stopped: 0.0010260 seconds, Stopping threads took: 0.0001370 seconds
143.776: Application time: 0.0713140 seconds
143.776: [GC [PSYoungGen: 30975K->1856K(32768K)] 62938K->33947K(73216K), 0.0008570 secs] [Times: user=0.01 sys=0.00, real=0.00 secs] 
143.777: Total time for which application threads were stopped: 0.0009910 seconds, Stopping threads took: 0.0000590 seconds
143.850: Application time: 0.0734880 seconds
143.850: [GC [PSYoungGen: 31192K->1696K(31232K)] 63283K->33943K(71680K), 0.0007140 secs] [Times: user=0.01 sys=0.00, real=0.00 secs] 
143.851: Total time for which application threads were stopped: 0.0008420 seconds, Stopping threads took: 0.0000630 seconds
143.923: Application time: 0.0716660 seconds
143.926: [GC [PSYoungGen: 30516K->1696K(30720K)] 62763K->33943K(71168K), 0.0008240 secs] [Times: user=0.00 sys=0.00, real=0.00 secs] 
143.926: Total time for which application threads were stopped: 0.0035690 seconds, Stopping threads took: 0.0026770 seconds
143.998: Application time: 0.0716200 seconds
143.998: [GC [PSYoungGen: 30004K->1760K(30208K)] 62251K->34007K(70656K), 0.0006740 secs] [Times: user=0.00 sys=0.00, real=0.00 secs] 
143.999: Total time for which application threads were stopped: 0.0008490 seconds, Stopping threads took: 0.0001120 seconds
144.068: Application time: 0.0693950 seconds
144.068: [GC [PSYoungGen: 29552K->1728K(29696K)] 61799K->33975K(70144K), 0.0008550 secs] [Times: user=0.00 sys=0.00, real=0.00 secs] 
144.069: Total time for which application threads were stopped: 0.0010020 seconds, Stopping threads took: 0.0000790 seconds
144.136: Application time: 0.0666160 seconds
144.136: [GC [PSYoungGen: 29004K->2208K(34304K)] 61251K->34455K(74752K), 0.0008890 secs] [Times: user=0.00 sys=0.00, real=0.00 secs] 
144.137: Total time for which application threads were stopped: 0.0010740 seconds, Stopping threads took: 0.0001160 seconds
144.215: Application time: 0.0783820 seconds
144.215: [GC [PSYoungGen: 33613K->1696K(34816K)] 65860K->33943K(75264K), 0.0008320 secs] [Times: user=0.00 sys=0.00, real=0.00 secs] 
144.216: Total time for which application threads were stopped: 0.0009720 seconds, Stopping threads took: 0.0000600 seconds
144.294: Application time: 0.0776830 seconds
144.294: [GC [PSYoungGen: 33097K->1760K(33280K)] 65344K->34007K(73728K), 0.0007120 secs] [Times: user=0.01 sys=0.00, real=0.00 secs] 
144.295: Total time for which application threads were stopped: 0.0008510 seconds, Stopping threads took: 0.0000710 seconds
144.371: Application time: 0.0760910 seconds
144.371: [GC [PSYoungGen: 32875K->2320K(33280K)] 65123K->34567K(73728K), 0.0008240 secs] [Times: user=0.00 sys=0.00, real=0.00 secs] 
144.372: Total time for which application threads were stopped: 0.0009570 seconds, Stopping threads took: 0.0000690 seconds
144.446: Application time: 0.0738920 seconds
144.446: [GC [PSYoungGen: 32563K->848K(37888K)] 64811K->34747K(78336K), 0.0009860 secs] [Times: user=0.01 sys=0.00, real=0.00 secs] 
144.447: Total time for which application threads were stopped: 0.0011240 seconds, Stopping threads took: 0.0000680 seconds
144.538: Application time: 0.0910560 seconds
144.538: [GC [PSYoungGen: 37398K->1760K(38400K)] 71297K->35827K(78848K), 0.0007580 secs] [Times: user=0.00 sys=0.00, real=0.00 secs] 
144.539: Total time for which application threads were stopped: 0.0009010 seconds, Stopping threads took: 0.0000710 seconds
144.627: Application time: 0.0876150 seconds
144.627: [GC [PSYoungGen: 37793K->1696K(38400K)] 71861K->35763K(78848K), 0.0007720 secs] [Times: user=0.00 sys=0.00, real=0.00 secs] 
144.627: Total time for which application threads were stopped: 0.0009340 seconds, Stopping threads took: 0.0000930 seconds
144.714: Application time: 0.0867690 seconds
144.714: [GC [PSYoungGen: 37213K->2240K(37888K)] 71281K->36307K(78336K), 0.0009420 secs] [Times: user=0.00 sys=0.00, real=0.00 secs] 
144.715: Total time for which application threads were stopped: 0.0010700 seconds, Stopping threads took: 0.0000600 seconds
144.803: Application time: 0.0876310 seconds
144.803: [GC [PSYoungGen: 37247K->1728K(37376K)] 71315K->35795K(77824K), 0.0007740 secs] [Times: user=0.00 sys=0.00, real=0.00 secs] 
144.804: Total time for which application threads were stopped: 0.0009080 seconds, Stopping threads took: 0.0000590 seconds
144.888: Application time: 0.0839800 seconds
144.888: [GC [PSYoungGen: 36217K->2272K(36864K)] 70285K->36339K(77312K), 0.0009040 secs] [Times: user=0.01 sys=0.00, real=0.00 secs] 
144.889: Total time for which application threads were stopped: 0.0010400 seconds, Stopping threads took: 0.0000660 seconds
144.974: Application time: 0.0852620 seconds
144.974: [GC [PSYoungGen: 36253K->1184K(36352K)] 70321K->35251K(76800K), 0.0006340 secs] [Times: user=0.00 sys=0.00, real=0.00 secs] 
144.975: Total time for which application threads were stopped: 0.0007560 seconds, Stopping threads took: 0.0000550 seconds
145.055: Application time: 0.0805220 seconds
145.056: [GC [PSYoungGen: 34516K->2416K(35840K)] 68583K->36483K(76288K), 0.0009410 secs] [Times: user=0.00 sys=0.00, real=0.00 secs] 
145.056: Total time for which application threads were stopped: 0.0010790 seconds, Stopping threads took: 0.0000700 seconds
145.138: Application time: 0.0814870 seconds
145.138: [GC [PSYoungGen: 35600K->2352K(35328K)] 69668K->36604K(75776K), 0.0009760 secs] [Times: user=0.00 sys=0.00, real=0.00 secs] 
145.139: Total time for which application threads were stopped: 0.0011060 seconds, Stopping threads took: 0.0000580 seconds
145.220: Application time: 0.0806700 seconds
145.220: [GC [PSYoungGen: 34785K->2272K(34816K)] 69037K->36632K(75264K), 0.0009400 secs] [Times: user=0.01 sys=0.00, real=0.00 secs] 
145.221: Total time for which application threads were stopped: 0.0010750 seconds, Stopping threads took: 0.0000620 seconds
145.298: Application time: 0.0775890 seconds
145.299: [GC [PSYoungGen: 34189K->2272K(35328K)] 68549K->36632K(75776K), 0.0009080 secs] [Times: user=0.00 sys=0.00, real=0.00 secs] 
145.299: Total time for which application threads were stopped: 0.0010440 seconds, Stopping threads took: 0.0000630 seconds
145.381: Application time: 0.0814740 seconds
145.381: [GC [PSYoungGen: 34197K->1248K(33280K)] 68557K->35608K(73728K), 0.0006300 secs] [Times: user=0.00 sys=0.01, real=0.01 secs] 
145.382: Total time for which application threads were stopped: 0.0007750 seconds, Stopping threads took: 0.0000660 seconds
145.458: Application time: 0.0758640 seconds
145.458: [GC [PSYoungGen: 32636K->2784K(34304K)] 66996K->37144K(74752K), 0.0010740 secs] [Times: user=0.01 sys=0.00, real=0.00 secs] 
145.459: Total time for which application threads were stopped: 0.0012140 seconds, Stopping threads took: 0.0000680 seconds
145.536: Application time: 0.0773230 seconds
145.536: [GC [PSYoungGen: 33677K->1760K(34816K)] 68037K->36120K(75264K), 0.0007470 secs] [Times: user=0.00 sys=0.00, real=0.00 secs] 
145.537: Total time for which application threads were stopped: 0.0008860 seconds, Stopping threads took: 0.0000710 seconds
145.613: Application time: 0.0755410 seconds
145.613: [GC [PSYoungGen: 32636K->2720K(41472K)] 66996K->37080K(81920K), 0.0009850 secs] [Times: user=0.00 sys=0.00, real=0.01 secs] 
145.614: Total time for which application threads were stopped: 0.0018310 seconds, Stopping threads took: 0.0001410 seconds
145.708: Application time: 0.0932740 seconds
145.708: [GC [PSYoungGen: 40595K->2336K(41472K)] 74955K->36696K(81920K), 0.0008690 secs] [Times: user=0.01 sys=0.00, real=0.00 secs] 
145.709: Total time for which application threads were stopped: 0.0010360 seconds, Stopping threads took: 0.0001010 seconds
145.802: Application time: 0.0937520 seconds
145.803: [GC [PSYoungGen: 39727K->2352K(39424K)] 74087K->36840K(79872K), 0.0009090 secs] [Times: user=0.00 sys=0.00, real=0.00 secs] 
145.804: Total time for which application threads were stopped: 0.0010730 seconds, Stopping threads took: 0.0000860 seconds
145.893: Application time: 0.0892320 seconds
145.893: [GC [PSYoungGen: 38895K->3296K(48128K)] 73384K->37948K(88576K), 0.0010960 secs] [Times: user=0.00 sys=0.01, real=0.01 secs] 
145.894: Total time for which application threads were stopped: 0.0012520 seconds, Stopping threads took: 0.0000760 seconds
146.005: Application time: 0.1111960 seconds
146.005: [GC [PSYoungGen: 47557K->2752K(46592K)] 82209K->37404K(87040K), 0.0010310 secs] [Times: user=0.01 sys=0.00, real=0.00 secs] 
146.006: Total time for which application threads were stopped: 0.0011750 seconds, Stopping threads took: 0.0000730 seconds
146.115: Application time: 0.1086290 seconds
146.115: [GC [PSYoungGen: 45988K->1216K(44032K)] 80641K->35868K(84480K), 0.0006910 secs] [Times: user=0.00 sys=0.00, real=0.00 secs] 
146.116: Total time for which application threads were stopped: 0.0008220 seconds, Stopping threads took: 0.0000660 seconds
146.218: Application time: 0.1019690 seconds
146.218: [GC [PSYoungGen: 43412K->2784K(44544K)] 78064K->37436K(84992K), 0.0010520 secs] [Times: user=0.01 sys=0.00, real=0.00 secs] 
146.219: Total time for which application threads were stopped: 0.0012180 seconds, Stopping threads took: 0.0000950 seconds
146.323: Application time: 0.1043030 seconds
146.323: [GC [PSYoungGen: 44197K->1792K(42496K)] 78849K->36444K(82944K), 0.0008260 secs] [Times: user=0.00 sys=0.00, real=0.00 secs] 
146.324: Total time for which application threads were stopped: 0.0009620 seconds, Stopping threads took: 0.0000670 seconds
146.421: Application time: 0.0966860 seconds
146.421: [GC [PSYoungGen: 41813K->2352K(42496K)] 76465K->37112K(82944K), 0.0010640 secs] [Times: user=0.00 sys=0.00, real=0.01 secs] 
146.422: Total time for which application threads were stopped: 0.0012060 seconds, Stopping threads took: 0.0000600 seconds
146.519: Application time: 0.0966730 seconds
146.519: [GC [PSYoungGen: 41472K->1760K(40448K)] 76232K->36692K(80896K), 0.0009200 secs] [Times: user=0.00 sys=0.00, real=0.00 secs] 
146.520: Total time for which application threads were stopped: 0.0010480 seconds, Stopping threads took: 0.0000610 seconds
146.613: Application time: 0.0934910 seconds
146.614: [GC [PSYoungGen: 39852K->1184K(39936K)] 74784K->36116K(80384K), 0.0006430 secs] [Times: user=0.00 sys=0.00, real=0.00 secs] 
146.614: Total time for which application threads were stopped: 0.0008050 seconds, Stopping threads took: 0.0000930 seconds
146.705: Application time: 0.0910810 seconds
146.705: [GC [PSYoungGen: 38243K->1696K(38912K)] 73176K->36628K(79360K), 0.0007930 secs] [Times: user=0.00 sys=0.00, real=0.00 secs] 
146.706: Total time for which application threads were stopped: 0.0009340 seconds, Stopping threads took: 0.0000720 seconds
146.796: Application time: 0.0895030 seconds
146.796: [GC [PSYoungGen: 38237K->3328K(39936K)] 73170K->38260K(80384K), 0.0011780 secs] [Times: user=0.01 sys=0.00, real=0.00 secs] 
146.797: Total time for which application threads were stopped: 0.0013310 seconds, Stopping threads took: 0.0000810 seconds
146.890: Application time: 0.0931870 seconds
146.890: [GC [PSYoungGen: 39368K->1696K(37888K)] 74300K->36628K(78336K), 0.0008280 secs] [Times: user=0.01 sys=0.00, real=0.00 secs] 
146.891: Total time for which application threads were stopped: 0.0009820 seconds, Stopping threads took: 0.0000940 seconds
146.981: Application time: 0.0895910 seconds
146.981: [GC [PSYoungGen: 37454K->704K(38912K)] 72387K->35636K(79360K), 0.0005410 secs] [Times: user=0.00 sys=0.00, real=0.01 secs] 
146.982: Total time for which application threads were stopped: 0.0007170 seconds, Stopping threads took: 0.0001030 seconds
147.067: Application time: 0.0852990 seconds
147.067: [GC [PSYoungGen: 35582K->1824K(36864K)] 70515K->36872K(77312K), 0.0008330 secs] [Times: user=0.00 sys=0.00, real=0.00 secs] 
147.068: Total time for which application threads were stopped: 0.0009690 seconds, Stopping threads took: 0.0000720 seconds
147.151: Application time: 0.0832380 seconds
147.151: [GC [PSYoungGen: 36311K->2784K(37888K)] 71360K->38013K(78336K), 0.0011460 secs] [Times: user=0.00 sys=0.00, real=0.00 secs] 
147.152: Total time for which application threads were stopped: 0.0012950 seconds, Stopping threads took: 0.0000800 seconds
147.240: Application time: 0.0873040 seconds
147.240: [GC [PSYoungGen: 36765K->1216K(35328K)] 71994K->36445K(75776K), 0.0006500 secs] [Times: user=0.01 sys=0.00, real=0.00 secs] 
147.241: Total time for which application threads were stopped: 0.0008690 seconds, Stopping threads took: 0.0001510 seconds
147.324: Application time: 0.0833270 seconds
147.324: [GC [PSYoungGen: 34681K->1216K(36864K)] 69910K->36445K(77312K), 0.0006200 secs] [Times: user=0.01 sys=0.00, real=0.00 secs] 
147.325: Total time for which application threads were stopped: 0.0007500 seconds, Stopping threads took: 0.0000650 seconds
147.406: Application time: 0.0812600 seconds
147.406: [GC [PSYoungGen: 34161K->1728K(34816K)] 69390K->36957K(75264K), 0.0008250 secs] [Times: user=0.00 sys=0.00, real=0.00 secs] 
147.407: Total time for which application threads were stopped: 0.0009620 seconds, Stopping threads took: 0.0000590 seconds
147.487: Application time: 0.0799140 seconds
147.487: [GC [PSYoungGen: 34161K->1664K(35328K)] 69390K->36893K(75776K), 0.0007450 secs] [Times: user=0.00 sys=0.00, real=0.00 secs] 
147.488: Total time for which application threads were stopped: 0.0009010 seconds, Stopping threads took: 0.0000790 seconds
147.567: Application time: 0.0796880 seconds
147.567: [GC [PSYoungGen: 33581K->1696K(33792K)] 68810K->36925K(74240K), 0.0007860 secs] [Times: user=0.00 sys=0.00, real=0.00 secs] 
147.568: Total time for which application threads were stopped: 0.0009090 seconds, Stopping threads took: 0.0000590 seconds
147.645: Application time: 0.0771950 seconds
147.646: [GC [PSYoungGen: 33331K->1792K(34304K)] 68560K->37021K(74752K), 0.0007960 secs] [Times: user=0.01 sys=0.00, real=0.00 secs] 
147.646: Total time for which application threads were stopped: 0.0009200 seconds, Stopping threads took: 0.0000600 seconds
147.724: Application time: 0.0774710 seconds
147.724: [GC [PSYoungGen: 32993K->1312K(32256K)] 68222K->36665K(72704K), 0.0006860 secs] [Times: user=0.00 sys=0.00, real=0.00 secs] 
147.725: Total time for which application threads were stopped: 0.0008190 seconds, Stopping threads took: 0.0000630 seconds
147.800: Application time: 0.0748230 seconds
147.800: [GC [PSYoungGen: 31754K->1760K(32256K)] 67107K->37261K(72704K), 0.0009090 secs] [Times: user=0.01 sys=0.00, real=0.00 secs] 
147.801: Total time for which application threads were stopped: 0.0010490 seconds, Stopping threads took: 0.0000720 seconds
147.874: Application time: 0.0736710 seconds
147.874: [GC [PSYoungGen: 31608K->2208K(32256K)] 67109K->37749K(72704K), 0.0009540 secs] [Times: user=0.00 sys=0.00, real=0.00 secs] 
147.875: Total time for which application threads were stopped: 0.0010910 seconds, Stopping threads took: 0.0000640 seconds
147.947: Application time: 0.0719580 seconds
147.947: [GC [PSYoungGen: 31544K->2240K(32768K)] 67085K->37781K(73216K), 0.0009610 secs] [Times: user=0.00 sys=0.00, real=0.00 secs] 
147.948: Total time for which application threads were stopped: 0.0010920 seconds, Stopping threads took: 0.0000640 seconds
148.021: Application time: 0.0725320 seconds
148.021: [GC [PSYoungGen: 31572K->2752K(32768K)] 67113K->38293K(73216K), 0.0010830 secs] [Times: user=0.01 sys=0.00, real=0.01 secs] 
148.022: Total time for which application threads were stopped: 0.0012550 seconds, Stopping threads took: 0.0000870 seconds
148.095: Application time: 0.0726140 seconds
148.095: [GC [PSYoungGen: 32084K->3296K(38912K)] 67625K->38837K(79360K), 0.0010250 secs] [Times: user=0.00 sys=0.00, real=0.00 secs] 
148.096: Total time for which application threads were stopped: 0.0011760 seconds, Stopping threads took: 0.0000780 seconds
148.186: Application time: 0.0898680 seconds
148.186: [GC [PSYoungGen: 38310K->1184K(39424K)] 73851K->36725K(79872K), 0.0005890 secs] [Times: user=0.01 sys=0.00, real=0.00 secs] 
148.187: Total time for which application threads were stopped: 0.0007250 seconds, Stopping threads took: 0.0000660 seconds
148.272: Application time: 0.0851750 seconds
148.272: [GC [PSYoungGen: 36183K->2784K(46592K)] 71724K->38325K(87040K), 0.0009010 secs] [Times: user=0.00 sys=0.00, real=0.00 secs] 
148.273: Total time for which application threads were stopped: 0.0010520 seconds, Stopping threads took: 0.0000780 seconds
148.376: Application time: 0.1029860 seconds
148.376: [GC [PSYoungGen: 44941K->2864K(44544K)] 80482K->38405K(84992K), 0.0009660 secs] [Times: user=0.00 sys=0.00, real=0.00 secs] 
148.377: Total time for which application threads were stopped: 0.0011110 seconds, Stopping threads took: 0.0000750 seconds
148.479: Application time: 0.1025010 seconds
148.480: [GC [PSYoungGen: 44195K->2784K(43520K)] 79736K->38525K(83968K), 0.0011000 secs] [Times: user=0.01 sys=0.00, real=0.00 secs] 
148.481: Total time for which application threads were stopped: 0.0012410 seconds, Stopping threads took: 0.0000690 seconds
148.582: Application time: 0.1016130 seconds
148.582: [GC [PSYoungGen: 42932K->2240K(41984K)] 78674K->38061K(82432K), 0.0010460 secs] [Times: user=0.01 sys=0.00, real=0.00 secs] 
148.583: Total time for which application threads were stopped: 0.0011990 seconds, Stopping threads took: 0.0000740 seconds
148.683: Application time: 0.0991130 seconds
148.683: [GC [PSYoungGen: 41364K->672K(41472K)] 77186K->36493K(81920K), 0.0005480 secs] [Times: user=0.00 sys=0.00, real=0.00 secs] 
148.683: Total time for which application threads were stopped: 0.0007060 seconds, Stopping threads took: 0.0000930 seconds
148.779: Application time: 0.0952750 seconds
148.779: [GC [PSYoungGen: 38758K->1696K(39424K)] 74579K->37517K(79872K), 0.0008050 secs] [Times: user=0.01 sys=0.00, real=0.00 secs] 
148.780: Total time for which application threads were stopped: 0.0009570 seconds, Stopping threads took: 0.0000820 seconds
148.871: Application time: 0.0914210 seconds
148.871: [GC [PSYoungGen: 38758K->1696K(40448K)] 74579K->37517K(80896K), 0.0007760 secs] [Times: user=0.00 sys=0.00, real=0.00 secs] 
148.872: Total time for which application threads were stopped: 0.0009140 seconds, Stopping threads took: 0.0000720 seconds
148.963: Application time: 0.0908980 seconds
148.963: [GC [PSYoungGen: 38402K->1280K(37888K)] 74224K->37101K(78336K), 0.0006660 secs] [Times: user=0.00 sys=0.00, real=0.00 secs] 
148.964: Total time for which application threads were stopped: 0.0008060 seconds, Stopping threads took: 0.0000730 seconds
149.050: Application time: 0.0866460 seconds
149.050: [GC [PSYoungGen: 37628K->2896K(39424K)] 73450K->38797K(79872K), 0.0011430 secs] [Times: user=0.01 sys=0.00, real=0.00 secs] 
149.051: Total time for which application threads were stopped: 0.0012860 seconds, Stopping threads took: 0.0000720 seconds
149.142: Application time: 0.0903690 seconds
149.142: [GC [PSYoungGen: 38562K->2784K(38400K)] 74463K->38837K(78848K), 0.0011530 secs] [Times: user=0.01 sys=0.00, real=0.00 secs] 
149.143: Total time for which application threads were stopped: 0.0013130 seconds, Stopping threads took: 0.0000800 seconds
149.232: Application time: 0.0885060 seconds
149.232: [GC [PSYoungGen: 37798K->704K(38400K)] 73851K->36849K(78848K), 0.0005530 secs] [Times: user=0.00 sys=0.00, real=0.00 secs] 
149.232: Total time for which application threads were stopped: 0.0007380 seconds, Stopping threads took: 0.0001200 seconds
149.317: Application time: 0.0845750 seconds
149.317: [GC [PSYoungGen: 35189K->2208K(36864K)] 71335K->38353K(77312K), 0.0009330 secs] [Times: user=0.00 sys=0.00, real=0.00 secs] 
149.318: Total time for which application threads were stopped: 0.0010880 seconds, Stopping threads took: 0.0000860 seconds
149.402: Application time: 0.0841340 seconds
149.402: [GC [PSYoungGen: 36181K->3264K(37888K)] 72327K->39409K(78336K), 0.0011920 secs] [Times: user=0.00 sys=0.00, real=0.00 secs] 
149.404: Total time for which application threads were stopped: 0.0013580 seconds, Stopping threads took: 0.0000910 seconds
149.489: Application time: 0.0853600 seconds
149.489: [GC [PSYoungGen: 36735K->1216K(34816K)] 72881K->37361K(75264K), 0.0007100 secs] [Times: user=0.01 sys=0.00, real=0.00 secs] 
149.490: Total time for which application threads were stopped: 0.0009700 seconds, Stopping threads took: 0.0001900 seconds
149.572: Application time: 0.0823630 seconds
149.572: [GC [PSYoungGen: 34165K->1248K(36352K)] 70311K->37393K(76800K), 0.0006460 secs] [Times: user=0.01 sys=0.00, real=0.00 secs] 
149.573: Total time for which application threads were stopped: 0.0007920 seconds, Stopping threads took: 0.0000770 seconds
149.652: Application time: 0.0786150 seconds
149.652: [GC [PSYoungGen: 33907K->2288K(34816K)] 70053K->38433K(75264K), 0.0009310 secs] [Times: user=0.01 sys=0.00, real=0.00 secs] 
149.653: Total time for which application threads were stopped: 0.0010810 seconds, Stopping threads took: 0.0000740 seconds
149.731: Application time: 0.0786610 seconds
149.732: [GC [PSYoungGen: 34080K->2368K(36352K)] 70225K->38626K(76800K), 0.0011040 secs] [Times: user=0.00 sys=0.01, real=0.00 secs] 
149.733: Total time for which application threads were stopped: 0.0012410 seconds, Stopping threads took: 0.0000700 seconds
149.812: Application time: 0.0791480 seconds
149.812: [GC [PSYoungGen: 34289K->1696K(36352K)] 70547K->38126K(76800K), 0.0008320 secs] [Times: user=0.00 sys=0.00, real=0.00 secs] 
149.813: Total time for which application threads were stopped: 0.0009730 seconds, Stopping threads took: 0.0000770 seconds
149.895: Application time: 0.0817890 seconds
149.895: [GC [PSYoungGen: 33619K->736K(32768K)] 70049K->37166K(73216K), 0.0005060 secs] [Times: user=0.00 sys=0.00, real=0.00 secs] 
149.895: Total time for which application threads were stopped: 0.0006360 seconds, Stopping threads took: 0.0000690 seconds
149.972: Application time: 0.0772420 seconds
149.973: [GC [PSYoungGen: 32116K->3296K(39936K)] 68546K->39726K(80384K), 0.0012930 secs] [Times: user=0.01 sys=0.00, real=0.01 secs] 
149.974: Total time for which application threads were stopped: 0.0014260 seconds, Stopping threads took: 0.0000580 seconds
150.063: Application time: 0.0887890 seconds
150.063: [GC [PSYoungGen: 38822K->1728K(37376K)] 75252K->38158K(77824K), 0.0007110 secs] [Times: user=0.00 sys=0.00, real=0.00 secs] 
150.064: Total time for which application threads were stopped: 0.0008630 seconds, Stopping threads took: 0.0000850 seconds
150.151: Application time: 0.0875780 seconds
150.151: [GC [PSYoungGen: 36727K->2240K(37376K)] 73157K->38670K(77824K), 0.0009340 secs] [Times: user=0.01 sys=0.00, real=0.00 secs] 
150.152: Total time for which application threads were stopped: 0.0011710 seconds, Stopping threads took: 0.0001680 seconds
150.239: Application time: 0.0870620 seconds
150.239: [GC [PSYoungGen: 36739K->1184K(37376K)] 73170K->37614K(77824K), 0.0006580 secs] [Times: user=0.01 sys=0.00, real=0.00 secs] 
150.240: Total time for which application threads were stopped: 0.0008110 seconds, Stopping threads took: 0.0000740 seconds
150.324: Application time: 0.0838590 seconds
150.324: [GC [PSYoungGen: 35392K->2336K(36352K)] 71822K->38766K(76800K), 0.0009760 secs] [Times: user=0.00 sys=0.00, real=0.00 secs] 
150.325: Total time for which application threads were stopped: 0.0011190 seconds, Stopping threads took: 0.0000700 seconds
150.408: Application time: 0.0827110 seconds
150.408: [GC [PSYoungGen: 35676K->2368K(36864K)] 72106K->38906K(77312K), 0.0009640 secs] [Times: user=0.01 sys=0.00, real=0.00 secs] 
150.409: Total time for which application threads were stopped: 0.0011240 seconds, Stopping threads took: 0.0000930 seconds
150.491: Application time: 0.0816070 seconds
150.491: [GC [PSYoungGen: 35317K->2208K(37376K)] 71855K->38918K(77824K), 0.0009610 secs] [Times: user=0.01 sys=0.00, real=0.00 secs] 
150.492: Total time for which application threads were stopped: 0.0011240 seconds, Stopping threads took: 0.0000880 seconds
150.573: Application time: 0.0813400 seconds
150.573: [GC [PSYoungGen: 35157K->2272K(35328K)] 71868K->38982K(75776K), 0.0007960 secs] [Times: user=0.00 sys=0.00, real=0.01 secs] 
150.574: Total time for which application threads were stopped: 0.0009450 seconds, Stopping threads took: 0.0000740 seconds
150.655: Application time: 0.0812140 seconds
150.655: [GC [PSYoungGen: 34705K->2240K(43008K)] 71416K->38950K(83456K), 0.0009420 secs] [Times: user=0.01 sys=0.00, real=0.00 secs] 
150.657: Total time for which application threads were stopped: 0.0016620 seconds, Stopping threads took: 0.0000800 seconds
150.755: Application time: 0.0977510 seconds
150.755: [GC [PSYoungGen: 41358K->2272K(40960K)] 78068K->38982K(81408K), 0.0008890 secs] [Times: user=0.01 sys=0.00, real=0.00 secs] 
150.756: Total time for which application threads were stopped: 0.0010970 seconds, Stopping threads took: 0.0001300 seconds
150.851: Application time: 0.0949060 seconds
150.851: [GC [PSYoungGen: 40364K->1664K(39424K)] 77074K->38374K(79872K), 0.0007950 secs] [Times: user=0.00 sys=0.00, real=0.00 secs] 
150.852: Total time for which application threads were stopped: 0.0009410 seconds, Stopping threads took: 0.0000730 seconds
150.943: Application time: 0.0913550 seconds
150.943: [GC [PSYoungGen: 38804K->1696K(39936K)] 75514K->38406K(80384K), 0.0009270 secs] [Times: user=0.01 sys=0.00, real=0.00 secs] 
150.944: Total time for which application threads were stopped: 0.0011620 seconds, Stopping threads took: 0.0001690 seconds
151.034: Application time: 0.0902450 seconds
151.034: [GC [PSYoungGen: 38120K->1792K(38400K)] 74831K->38558K(78848K), 0.0008240 secs] [Times: user=0.00 sys=0.00, real=0.00 secs] 
151.035: Total time for which application threads were stopped: 0.0009510 seconds, Stopping threads took: 0.0000600 seconds
151.124: Application time: 0.0890280 seconds
151.125: [GC [PSYoungGen: 37982K->1248K(38912K)] 74749K->38190K(79360K), 0.0007430 secs] [Times: user=0.01 sys=0.00, real=0.00 secs] 
151.125: Total time for which application threads were stopped: 0.0009450 seconds, Stopping threads took: 0.0001300 seconds
151.212: Application time: 0.0866650 seconds
151.212: [GC [PSYoungGen: 36765K->2208K(37888K)] 73708K->39238K(78336K), 0.0009350 secs] [Times: user=0.00 sys=0.00, real=0.00 secs] 
151.213: Total time for which application threads were stopped: 0.0011330 seconds, Stopping threads took: 0.0001290 seconds
151.304: Application time: 0.0905460 seconds
151.304: [GC [PSYoungGen: 37219K->672K(37888K)] 74250K->37702K(78336K), 0.0005350 secs] [Times: user=0.00 sys=0.00, real=0.00 secs] 
151.304: Total time for which application threads were stopped: 0.0006710 seconds, Stopping threads took: 0.0000640 seconds
151.388: Application time: 0.0832830 seconds
151.388: [GC [PSYoungGen: 35159K->1664K(36352K)] 72190K->38694K(76800K), 0.0007470 secs] [Times: user=0.00 sys=0.00, real=0.00 secs] 
151.389: Total time for which application threads were stopped: 0.0008940 seconds, Stopping threads took: 0.0000770 seconds
151.472: Application time: 0.0834190 seconds
151.472: [GC [PSYoungGen: 35637K->2752K(36864K)] 72668K->39782K(77312K), 0.0010440 secs] [Times: user=0.00 sys=0.00, real=0.00 secs] 
151.473: Total time for which application threads were stopped: 0.0012050 seconds, Stopping threads took: 0.0000910 seconds
151.556: Application time: 0.0825070 seconds
151.556: [GC [PSYoungGen: 36215K->2784K(36352K)] 73246K->39814K(76800K), 0.0010530 secs] [Times: user=0.00 sys=0.00, real=0.00 secs] 
151.557: Total time for which application threads were stopped: 0.0012040 seconds, Stopping threads took: 0.0000820 seconds
151.641: Application time: 0.0840700 seconds
151.641: [GC [PSYoungGen: 35972K->1280K(35840K)] 73003K->38310K(76288K), 0.0006850 secs] [Times: user=0.00 sys=0.00, real=0.01 secs] 
151.642: Total time for which application threads were stopped: 0.0009370 seconds, Stopping threads took: 0.0001810 seconds
151.718: Application time: 0.0765970 seconds
151.719: [GC [PSYoungGen: 33575K->2912K(36352K)] 70606K->40042K(76800K), 0.0011510 secs] [Times: user=0.01 sys=0.00, real=0.00 secs] 
151.720: Total time for which application threads were stopped: 0.0012910 seconds, Stopping threads took: 0.0000690 seconds
151.800: Application time: 0.0807420 seconds
151.801: [GC [PSYoungGen: 35345K->2784K(43520K)] 72476K->40087K(83968K), 0.0009400 secs] [Times: user=0.01 sys=0.00, real=0.01 secs] 
151.802: Total time for which application threads were stopped: 0.0010880 seconds, Stopping threads took: 0.0000750 seconds
151.901: Application time: 0.0989850 seconds
151.901: [GC [PSYoungGen: 41908K->1152K(39936K)] 79211K->38455K(80384K), 0.0006560 secs] [Times: user=0.00 sys=0.00, real=0.01 secs] 
151.902: Total time for which application threads were stopped: 0.0009740 seconds, Stopping threads took: 0.0002360 seconds
151.996: Application time: 0.0942110 seconds
151.996: [GC [PSYoungGen: 39238K->2240K(40448K)] 76541K->39543K(80896K), 0.0009090 secs] [Times: user=0.01 sys=0.00, real=0.00 secs] 
151.997: Total time for which application threads were stopped: 0.0010600 seconds, Stopping threads took: 0.0000770 seconds
152.087: Application time: 0.0903150 seconds
152.087: [GC [PSYoungGen: 39302K->2272K(39424K)] 76605K->39575K(79872K), 0.0009280 secs] [Times: user=0.00 sys=0.00, real=0.00 secs] 
152.088: Total time for which application threads were stopped: 0.0010880 seconds, Stopping threads took: 0.0000870 seconds
152.179: Application time: 0.0910880 seconds
152.179: [GC [PSYoungGen: 38822K->1760K(38912K)] 76125K->39063K(79360K), 0.0007640 secs] [Times: user=0.01 sys=0.00, real=0.00 secs] 
152.180: Total time for which application threads were stopped: 0.0009100 seconds, Stopping threads took: 0.0000770 seconds
152.269: Application time: 0.0891090 seconds
152.269: [GC [PSYoungGen: 37954K->720K(39424K)] 75257K->38023K(79872K), 0.0005090 secs] [Times: user=0.00 sys=0.00, real=0.00 secs] 
152.270: Total time for which application threads were stopped: 0.0006600 seconds, Stopping threads took: 0.0000780 seconds
152.356: Application time: 0.0864880 seconds
152.357: [GC [PSYoungGen: 36542K->3424K(38912K)] 73845K->40807K(79360K), 0.0012390 secs] [Times: user=0.01 sys=0.00, real=0.00 secs] 
152.358: Total time for which application threads were stopped: 0.0013980 seconds, Stopping threads took: 0.0000850 seconds
152.445: Application time: 0.0872960 seconds
152.445: [GC [PSYoungGen: 38590K->2288K(37376K)] 75973K->39807K(77824K), 0.0010030 secs] [Times: user=0.00 sys=0.01, real=0.00 secs] 
152.446: Total time for which application threads were stopped: 0.0011590 seconds, Stopping threads took: 0.0000770 seconds
152.534: Application time: 0.0877560 seconds
152.534: [GC [PSYoungGen: 36783K->1216K(37888K)] 74303K->38811K(78336K), 0.0007430 secs] [Times: user=0.01 sys=0.00, real=0.00 secs] 
152.535: Total time for which application threads were stopped: 0.0008850 seconds, Stopping threads took: 0.0000700 seconds
152.617: Application time: 0.0818350 seconds
152.617: [GC [PSYoungGen: 35189K->2176K(36352K)] 72785K->39771K(76800K), 0.0009120 secs] [Times: user=0.01 sys=0.00, real=0.00 secs] 
152.618: Total time for which application threads were stopped: 0.0010490 seconds, Stopping threads took: 0.0000670 seconds
152.702: Application time: 0.0839270 seconds
152.702: [GC [PSYoungGen: 35641K->1760K(36864K)] 73237K->39355K(77312K), 0.0007960 secs] [Times: user=0.00 sys=0.00, real=0.00 secs] 
152.703: Total time for which application threads were stopped: 0.0009330 seconds, Stopping threads took: 0.0000680 seconds
152.785: Application time: 0.0820390 seconds
152.785: [GC [PSYoungGen: 34709K->1728K(34816K)] 72305K->39323K(75264K), 0.0008290 secs] [Times: user=0.00 sys=0.00, real=0.00 secs] 
152.786: Total time for which application threads were stopped: 0.0009630 seconds, Stopping threads took: 0.0000650 seconds
152.867: Application time: 0.0813810 seconds
152.867: [GC [PSYoungGen: 34165K->1184K(35328K)] 71761K->38779K(75776K), 0.0006480 secs] [Times: user=0.00 sys=0.00, real=0.00 secs] 
152.868: Total time for which application threads were stopped: 0.0007760 seconds, Stopping threads took: 0.0000640 seconds
152.945: Application time: 0.0775080 seconds
152.946: [GC [PSYoungGen: 33332K->1760K(33792K)] 70927K->39355K(74240K), 0.0008030 secs] [Times: user=0.01 sys=0.00, real=0.00 secs] 
152.946: Total time for which application threads were stopped: 0.0010130 seconds, Stopping threads took: 0.0001200 seconds
153.026: Application time: 0.0792010 seconds
153.026: [GC [PSYoungGen: 33474K->1840K(34304K)] 71069K->39559K(74752K), 0.0008750 secs] [Times: user=0.00 sys=0.00, real=0.00 secs] 
153.027: Total time for which application threads were stopped: 0.0010270 seconds, Stopping threads took: 0.0000850 seconds
153.106: Application time: 0.0792180 seconds
153.106: [GC [PSYoungGen: 32805K->1760K(32768K)] 70524K->39623K(73216K), 0.0008680 secs] [Times: user=0.00 sys=0.00, real=0.00 secs] 
153.107: Total time for which application threads were stopped: 0.0010070 seconds, Stopping threads took: 0.0000700 seconds
153.181: Application time: 0.0745090 seconds
153.182: [GC [PSYoungGen: 32128K->1664K(32768K)] 69992K->39583K(73216K), 0.0008360 secs] [Times: user=0.01 sys=0.00, real=0.00 secs] 
153.182: Total time for which application threads were stopped: 0.0009930 seconds, Stopping threads took: 0.0000950 seconds
153.257: Application time: 0.0742160 seconds
153.257: [GC [PSYoungGen: 31516K->1760K(31744K)] 69436K->39679K(72192K), 0.0007710 secs] [Times: user=0.00 sys=0.00, real=0.00 secs] 
153.258: Total time for which application threads were stopped: 0.0009080 seconds, Stopping threads took: 0.0000710 seconds
153.329: Application time: 0.0715590 seconds
153.329: [GC [PSYoungGen: 31096K->1664K(31744K)] 69016K->39583K(72192K), 0.0007790 secs] [Times: user=0.00 sys=0.00, real=0.00 secs] 
153.330: Total time for which application threads were stopped: 0.0009060 seconds, Stopping threads took: 0.0000600 seconds
153.401: Application time: 0.0709050 seconds
153.401: [GC [PSYoungGen: 30484K->1728K(30720K)] 68404K->39647K(71168K), 0.0007660 secs] [Times: user=0.00 sys=0.00, real=0.01 secs] 
153.402: Total time for which application threads were stopped: 0.0009030 seconds, Stopping threads took: 0.0000720 seconds
153.473: Application time: 0.0709340 seconds
153.473: [GC [PSYoungGen: 30034K->1760K(30720K)] 67953K->39679K(71168K), 0.0007690 secs] [Times: user=0.00 sys=0.00, real=0.01 secs] 
153.474: Total time for which application threads were stopped: 0.0009020 seconds, Stopping threads took: 0.0000580 seconds
153.543: Application time: 0.0696430 seconds
153.543: [GC [PSYoungGen: 29550K->1728K(29696K)] 67469K->39647K(70144K), 0.0008180 secs] [Times: user=0.00 sys=0.00, real=0.00 secs] 
153.544: Total time for which application threads were stopped: 0.0009820 seconds, Stopping threads took: 0.0000920 seconds
153.612: Application time: 0.0676380 seconds
153.612: [GC [PSYoungGen: 29240K->2272K(29696K)] 67160K->40191K(70144K), 0.0009600 secs] [Times: user=0.01 sys=0.00, real=0.00 secs] 
153.613: Total time for which application threads were stopped: 0.0010930 seconds, Stopping threads took: 0.0000660 seconds
153.680: Application time: 0.0670920 seconds
153.680: [GC [PSYoungGen: 29275K->1280K(30208K)] 67194K->39323K(70656K), 0.0006740 secs] [Times: user=0.00 sys=0.00, real=0.00 secs] 
153.681: Total time for which application threads were stopped: 0.0007920 seconds, Stopping threads took: 0.0000580 seconds
153.746: Application time: 0.0649720 seconds
153.746: [GC [PSYoungGen: 28196K->2272K(35840K)] 66240K->40431K(76288K), 0.0008960 secs] [Times: user=0.00 sys=0.00, real=0.00 secs] 
153.747: Total time for which application threads were stopped: 0.0010360 seconds, Stopping threads took: 0.0000700 seconds
153.827: Application time: 0.0805370 seconds
153.828: [GC [PSYoungGen: 34709K->1760K(35840K)] 72869K->40000K(76288K), 0.0007160 secs] [Times: user=0.00 sys=0.00, real=0.00 secs] 
153.828: Total time for which application threads were stopped: 0.0009250 seconds, Stopping threads took: 0.0001450 seconds
153.908: Application time: 0.0800200 seconds
153.908: [GC [PSYoungGen: 34189K->2272K(42496K)] 72429K->40512K(82944K), 0.0007740 secs] [Times: user=0.00 sys=0.00, real=0.00 secs] 
153.909: Total time for which application threads were stopped: 0.0009110 seconds, Stopping threads took: 0.0000660 seconds
154.007: Application time: 0.0973720 seconds
154.007: [GC [PSYoungGen: 41390K->2272K(40960K)] 79630K->40512K(81408K), 0.0007800 secs] [Times: user=0.00 sys=0.00, real=0.00 secs] 
154.008: Total time for which application threads were stopped: 0.0009290 seconds, Stopping threads took: 0.0000670 seconds
154.101: Application time: 0.0937160 seconds
154.101: [GC [PSYoungGen: 40362K->2272K(39936K)] 78602K->40512K(80384K), 0.0009130 secs] [Times: user=0.01 sys=0.00, real=0.01 secs] 
154.102: Total time for which application threads were stopped: 0.0010520 seconds, Stopping threads took: 0.0000700 seconds
154.194: Application time: 0.0919960 seconds
154.194: [GC [PSYoungGen: 39334K->2240K(39424K)] 77574K->40480K(79872K), 0.0009170 secs] [Times: user=0.01 sys=0.00, real=0.00 secs] 
154.195: Total time for which application threads were stopped: 0.0010660 seconds, Stopping threads took: 0.0000820 seconds
154.287: Application time: 0.0919800 seconds
154.288: [GC [PSYoungGen: 39023K->1808K(38400K)] 77263K->40560K(78848K), 0.0008710 secs] [Times: user=0.00 sys=0.00, real=0.00 secs] 
154.288: Total time for which application threads were stopped: 0.0010080 seconds, Stopping threads took: 0.0000710 seconds
154.376: Application time: 0.0875090 seconds
154.376: [GC [PSYoungGen: 37718K->2400K(38400K)] 76470K->41268K(78848K), 0.0010380 secs] [Times: user=0.01 sys=0.00, real=0.00 secs] 
154.377: Total time for which application threads were stopped: 0.0011870 seconds, Stopping threads took: 0.0000750 seconds
154.465: Application time: 0.0878960 seconds
154.465: [GC [PSYoungGen: 37919K->2240K(37888K)] 76788K->41292K(78336K), 0.0009710 secs] [Times: user=0.00 sys=0.00, real=0.00 secs] 
154.466: Total time for which application threads were stopped: 0.0011080 seconds, Stopping threads took: 0.0000680 seconds
154.556: Application time: 0.0900000 seconds
154.556: [GC [PSYoungGen: 37251K->704K(35840K)] 76304K->39756K(76288K), 0.0005560 secs] [Times: user=0.00 sys=0.00, real=0.00 secs] 
154.557: Total time for which application threads were stopped: 0.0006950 seconds, Stopping threads took: 0.0000620 seconds
154.641: Application time: 0.0841110 seconds
154.641: [GC [PSYoungGen: 35191K->1696K(36864K)] 74243K->40748K(77312K), 0.0007920 secs] [Times: user=0.00 sys=0.00, real=0.01 secs] 
154.642: Total time for which application threads were stopped: 0.0009490 seconds, Stopping threads took: 0.0000860 seconds
154.725: Application time: 0.0829270 seconds
154.725: [GC [PSYoungGen: 35669K->2752K(36864K)] 74721K->41804K(77312K), 0.0010330 secs] [Times: user=0.01 sys=0.00, real=0.00 secs] 
154.726: Total time for which application threads were stopped: 0.0011850 seconds, Stopping threads took: 0.0000810 seconds
154.808: Application time: 0.0821270 seconds
154.808: [GC [PSYoungGen: 36211K->3296K(37376K)] 75263K->42348K(77824K), 0.0011880 secs] [Times: user=0.00 sys=0.00, real=0.00 secs] 
154.809: Total time for which application threads were stopped: 0.0013430 seconds, Stopping threads took: 0.0000840 seconds
154.896: Application time: 0.0860940 seconds
154.896: [GC [PSYoungGen: 36769K->672K(36864K)] 75822K->39724K(77312K), 0.0004830 secs] [Times: user=0.00 sys=0.00, real=0.00 secs] 
154.896: Total time for which application threads were stopped: 0.0006040 seconds, Stopping threads took: 0.0000560 seconds
154.978: Application time: 0.0822340 seconds
154.979: [GC [PSYoungGen: 33856K->224K(36352K)] 72908K->39276K(76800K), 0.0003950 secs] [Times: user=0.00 sys=0.00, real=0.00 secs] 
154.979: Total time for which application threads were stopped: 0.0005560 seconds, Stopping threads took: 0.0001050 seconds
155.055: Application time: 0.0758110 seconds
155.055: [GC [PSYoungGen: 32511K->3424K(36352K)] 71563K->42600K(76800K), 0.0012770 secs] [Times: user=0.01 sys=0.00, real=0.00 secs] 
155.056: Total time for which application threads were stopped: 0.0014230 seconds, Stopping threads took: 0.0000750 seconds
155.138: Application time: 0.0814990 seconds
155.138: [GC [PSYoungGen: 35349K->2272K(37376K)] 74526K->41624K(77824K), 0.0009380 secs] [Times: user=0.00 sys=0.00, real=0.00 secs] 
155.139: Total time for which application threads were stopped: 0.0010870 seconds, Stopping threads took: 0.0000690 seconds
155.221: Application time: 0.0819560 seconds
155.221: [GC [PSYoungGen: 34701K->2752K(36864K)] 74053K->42104K(77312K), 0.0011160 secs] [Times: user=0.01 sys=0.00, real=0.01 secs] 
155.222: Total time for which application threads were stopped: 0.0012880 seconds, Stopping threads took: 0.0001010 seconds
155.303: Application time: 0.0806830 seconds
155.303: [GC [PSYoungGen: 35189K->2272K(43008K)] 74542K->41624K(83456K), 0.0007950 secs] [Times: user=0.00 sys=0.00, real=0.00 secs] 
155.304: Total time for which application threads were stopped: 0.0009340 seconds, Stopping threads took: 0.0000710 seconds
155.401: Application time: 0.0968270 seconds
155.401: [GC [PSYoungGen: 41390K->2208K(43520K)] 80742K->41560K(83968K), 0.0009470 secs] [Times: user=0.00 sys=0.00, real=0.01 secs] 
155.402: Total time for which application threads were stopped: 0.0012430 seconds, Stopping threads took: 0.0002340 seconds
155.500: Application time: 0.0983160 seconds
155.500: [GC [PSYoungGen: 41328K->1696K(40448K)] 80680K->41048K(80896K), 0.0006660 secs] [Times: user=0.00 sys=0.00, real=0.00 secs] 
155.501: Total time for which application threads were stopped: 0.0008260 seconds, Stopping threads took: 0.0000910 seconds
155.595: Application time: 0.0941270 seconds
155.595: [GC [PSYoungGen: 40016K->2832K(40448K)] 79369K->42184K(80896K), 0.0010530 secs] [Times: user=0.00 sys=0.00, real=0.00 secs] 
155.596: Total time for which application threads were stopped: 0.0011980 seconds, Stopping threads took: 0.0000750 seconds
155.688: Application time: 0.0921100 seconds
155.688: [GC [PSYoungGen: 40128K->2816K(39936K)] 79481K->42284K(80384K), 0.0010200 secs] [Times: user=0.00 sys=0.01, real=0.00 secs] 
155.690: Total time for which application threads were stopped: 0.0016380 seconds, Stopping threads took: 0.0000640 seconds
155.780: Application time: 0.0900410 seconds
155.780: [GC [PSYoungGen: 39522K->2304K(38912K)] 78990K->41888K(79360K), 0.0010720 secs] [Times: user=0.01 sys=0.00, real=0.00 secs] 
155.781: Total time for which application threads were stopped: 0.0012180 seconds, Stopping threads took: 0.0000750 seconds
155.871: Application time: 0.0899700 seconds
155.871: [GC [PSYoungGen: 38340K->1728K(37888K)] 77924K->41396K(78336K), 0.0008470 secs] [Times: user=0.00 sys=0.00, real=0.00 secs] 
155.872: Total time for which application threads were stopped: 0.0010670 seconds, Stopping threads took: 0.0001520 seconds
155.960: Application time: 0.0873530 seconds
155.960: [GC [PSYoungGen: 37247K->1696K(37376K)] 76916K->41364K(77824K), 0.0009240 secs] [Times: user=0.00 sys=0.00, real=0.00 secs] 
155.961: Total time for which application threads were stopped: 0.0010700 seconds, Stopping threads took: 0.0000800 seconds
156.048: Application time: 0.0871290 seconds
156.048: [GC [PSYoungGen: 36701K->1696K(36864K)] 76370K->41364K(77312K), 0.0008330 secs] [Times: user=0.00 sys=0.00, real=0.00 secs] 
156.049: Total time for which application threads were stopped: 0.0009740 seconds, Stopping threads took: 0.0000730 seconds
156.133: Application time: 0.0844150 seconds
156.133: [GC [PSYoungGen: 36185K->1728K(36352K)] 75854K->41396K(76800K), 0.0008410 secs] [Times: user=0.01 sys=0.00, real=0.01 secs] 
156.134: Total time for which application threads were stopped: 0.0010550 seconds, Stopping threads took: 0.0001430 seconds
156.218: Application time: 0.0839800 seconds
156.218: [GC [PSYoungGen: 35705K->2208K(36352K)] 75374K->41876K(76800K), 0.0009160 secs] [Times: user=0.01 sys=0.00, real=0.00 secs] 
156.219: Total time for which application threads were stopped: 0.0010920 seconds, Stopping threads took: 0.0000970 seconds
156.304: Application time: 0.0843370 seconds
156.304: [GC [PSYoungGen: 35906K->2272K(35840K)] 75575K->41940K(76288K), 0.0009870 secs] [Times: user=0.01 sys=0.00, real=0.00 secs] 
156.305: Total time for which application threads were stopped: 0.0011340 seconds, Stopping threads took: 0.0000790 seconds
156.383: Application time: 0.0778060 seconds
156.383: [GC [PSYoungGen: 35092K->2912K(36864K)] 74761K->42697K(77312K), 0.0012060 secs] [Times: user=0.01 sys=0.00, real=0.00 secs] 
156.384: Total time for which application threads were stopped: 0.0013440 seconds, Stopping threads took: 0.0000660 seconds
156.470: Application time: 0.0861320 seconds
156.470: [GC [PSYoungGen: 36381K->1216K(34816K)] 76166K->41177K(75264K), 0.0006650 secs] [Times: user=0.01 sys=0.00, real=0.00 secs] 
156.471: Total time for which application threads were stopped: 0.0009120 seconds, Stopping threads took: 0.0001790 seconds
156.553: Application time: 0.0819910 seconds
156.553: [GC [PSYoungGen: 34165K->640K(36352K)] 74126K->40601K(76800K), 0.0005100 secs] [Times: user=0.01 sys=0.00, real=0.01 secs] 
156.554: Total time for which application threads were stopped: 0.0006970 seconds, Stopping threads took: 0.0001260 seconds
156.631: Application time: 0.0773570 seconds
156.631: [GC [PSYoungGen: 33065K->2176K(34816K)] 73026K->42137K(75264K), 0.0009400 secs] [Times: user=0.00 sys=0.00, real=0.00 secs] 
156.632: Total time for which application threads were stopped: 0.0010630 seconds, Stopping threads took: 0.0000540 seconds
156.710: Application time: 0.0781310 seconds
156.710: [GC [PSYoungGen: 34089K->2784K(35328K)] 74050K->42745K(75776K), 0.0010950 secs] [Times: user=0.00 sys=0.00, real=0.00 secs] 
156.712: Total time for which application threads were stopped: 0.0012410 seconds, Stopping threads took: 0.0000730 seconds
156.791: Application time: 0.0792010 seconds
156.791: [GC [PSYoungGen: 34189K->2240K(35840K)] 74150K->42201K(76288K), 0.0009180 secs] [Times: user=0.00 sys=0.00, real=0.00 secs] 
156.792: Total time for which application threads were stopped: 0.0010540 seconds, Stopping threads took: 0.0000590 seconds
156.872: Application time: 0.0797720 seconds
156.872: [GC [PSYoungGen: 33653K->736K(32256K)] 73614K->40697K(72704K), 0.0005000 secs] [Times: user=0.00 sys=0.00, real=0.00 secs] 
156.872: Total time for which application threads were stopped: 0.0006290 seconds, Stopping threads took: 0.0000690 seconds
156.945: Application time: 0.0728740 seconds
156.945: [GC [PSYoungGen: 31837K->3360K(39424K)] 71798K->43321K(79872K), 0.0012720 secs] [Times: user=0.00 sys=0.00, real=0.00 secs] 
156.947: Total time for which application threads were stopped: 0.0014390 seconds, Stopping threads took: 0.0000950 seconds
157.037: Application time: 0.0900970 seconds
157.037: [GC [PSYoungGen: 38251K->1296K(41984K)] 78212K->41389K(82432K), 0.0006910 secs] [Times: user=0.00 sys=0.00, real=0.00 secs] 
157.037: Total time for which application threads were stopped: 0.0008400 seconds, Stopping threads took: 0.0000730 seconds
157.130: Application time: 0.0921700 seconds
157.130: [GC [PSYoungGen: 38872K->1152K(38400K)] 78965K->41433K(78848K), 0.0007010 secs] [Times: user=0.00 sys=0.00, real=0.00 secs] 
157.130: [Full GC [PSYoungGen: 1152K->0K(38400K)] [ParOldGen: 40281K->7580K(38912K)] 41433K->7580K(77312K) [PSPermGen: 5182K->5182K(21504K)], 0.0058980 secs] [Times: user=0.03 sys=0.00, real=0.01 secs] 
157.136: Total time for which application threads were stopped: 0.0067820 seconds, Stopping threads took: 0.0000620 seconds
157.227: Application time: 0.0909480 seconds
157.227: [GC [PSYoungGen: 36547K->1280K(39936K)] 44128K->8860K(78848K), 0.0005170 secs] [Times: user=0.00 sys=0.00, real=0.00 secs] 
157.228: Total time for which application threads were stopped: 0.0006370 seconds, Stopping threads took: 0.0000590 seconds
157.317: Application time: 0.0894970 seconds
157.318: [GC [PSYoungGen: 37311K->1792K(37888K)] 44892K->9372K(76800K), 0.0006900 secs] [Times: user=0.00 sys=0.00, real=0.00 secs] 
157.318: Total time for which application threads were stopped: 0.0008340 seconds, Stopping threads took: 0.0000700 seconds
157.407: Application time: 0.0882370 seconds
157.407: [GC [PSYoungGen: 37311K->1728K(37888K)] 44892K->9308K(76800K), 0.0006650 secs] [Times: user=0.01 sys=0.00, real=0.00 secs] 
157.407: Total time for which application threads were stopped: 0.0008200 seconds, Stopping threads took: 0.0000890 seconds
157.494: Application time: 0.0870270 seconds
157.495: [GC [PSYoungGen: 36733K->1792K(36864K)] 44314K->9372K(75776K), 0.0007110 secs] [Times: user=0.01 sys=0.00, real=0.00 secs] 
157.495: Total time for which application threads were stopped: 0.0009350 seconds, Stopping threads took: 0.0001600 seconds
157.580: Application time: 0.0843340 seconds
157.580: [GC [PSYoungGen: 36516K->2352K(37376K)] 44097K->9933K(76288K), 0.0009540 secs] [Times: user=0.01 sys=0.00, real=0.00 secs] 
157.581: Total time for which application threads were stopped: 0.0010950 seconds, Stopping threads took: 0.0000710 seconds
157.666: Application time: 0.0848040 seconds
157.666: [GC [PSYoungGen: 36407K->2240K(36352K)] 43988K->9925K(75264K), 0.0010030 secs] [Times: user=0.00 sys=0.00, real=0.00 secs] 
157.667: Total time for which application threads were stopped: 0.0011450 seconds, Stopping threads took: 0.0000720 seconds
157.749: Application time: 0.0823330 seconds
157.749: [GC [PSYoungGen: 36010K->3424K(36864K)] 43695K->11149K(75776K), 0.0013880 secs] [Times: user=0.01 sys=0.00, real=0.00 secs] 
157.751: Total time for which application threads were stopped: 0.0015560 seconds, Stopping threads took: 0.0000910 seconds
157.833: Application time: 0.0823770 seconds
157.833: [GC [PSYoungGen: 36375K->2816K(37376K)] 44100K->10685K(76288K), 0.0011280 secs] [Times: user=0.01 sys=0.00, real=0.01 secs] 
157.834: Total time for which application threads were stopped: 0.0013110 seconds, Stopping threads took: 0.0001030 seconds
157.918: Application time: 0.0839390 seconds
157.918: [GC [PSYoungGen: 35767K->2304K(44032K)] 43636K->10173K(82944K), 0.0007270 secs] [Times: user=0.01 sys=0.00, real=0.00 secs] 
157.919: Total time for which application threads were stopped: 0.0008590 seconds, Stopping threads took: 0.0000630 seconds
158.017: Application time: 0.0983670 seconds
158.018: [GC [PSYoungGen: 41938K->1792K(40960K)] 49807K->9661K(79872K), 0.0006820 secs] [Times: user=0.00 sys=0.00, real=0.00 secs] 
158.018: Total time for which application threads were stopped: 0.0008840 seconds, Stopping threads took: 0.0001370 seconds
158.114: Application time: 0.0954280 seconds
158.114: [GC [PSYoungGen: 40396K->1792K(39936K)] 48265K->9661K(78848K), 0.0006820 secs] [Times: user=0.00 sys=0.00, real=0.00 secs] 
158.115: Total time for which application threads were stopped: 0.0008180 seconds, Stopping threads took: 0.0000700 seconds
158.208: Application time: 0.0935690 seconds
158.208: [GC [PSYoungGen: 39366K->2240K(39424K)] 47235K->10109K(78336K), 0.0009490 secs] [Times: user=0.00 sys=0.00, real=0.00 secs] 
158.209: Total time for which application threads were stopped: 0.0010810 seconds, Stopping threads took: 0.0000640 seconds
158.300: Application time: 0.0910700 seconds
158.300: [GC [PSYoungGen: 39104K->1296K(39424K)] 46973K->9165K(78336K), 0.0005970 secs] [Times: user=0.00 sys=0.00, real=0.00 secs] 
158.301: Total time for which application threads were stopped: 0.0007190 seconds, Stopping threads took: 0.0000580 seconds
158.390: Application time: 0.0889080 seconds
158.390: [GC [PSYoungGen: 37644K->768K(36864K)] 45514K->8785K(75776K), 0.0005330 secs] [Times: user=0.01 sys=0.00, real=0.00 secs] 
158.391: Total time for which application threads were stopped: 0.0006540 seconds, Stopping threads took: 0.0000530 seconds
158.479: Application time: 0.0880120 seconds
158.479: [GC [PSYoungGen: 36283K->1696K(38400K)] 44301K->9849K(77312K), 0.0007790 secs] [Times: user=0.00 sys=0.00, real=0.00 secs] 
158.480: Total time for which application threads were stopped: 0.0009250 seconds, Stopping threads took: 0.0000790 seconds
158.565: Application time: 0.0856850 seconds
158.565: [GC [PSYoungGen: 36697K->2816K(38400K)] 44851K->10969K(77312K), 0.0010410 secs] [Times: user=0.00 sys=0.00, real=0.00 secs] 
158.566: Total time for which application threads were stopped: 0.0012170 seconds, Stopping threads took: 0.0001050 seconds
158.654: Application time: 0.0875510 seconds
158.654: [GC [PSYoungGen: 37313K->1280K(36864K)] 45467K->9433K(75776K), 0.0005550 secs] [Times: user=0.00 sys=0.00, real=0.00 secs] 
158.655: Total time for which application threads were stopped: 0.0006790 seconds, Stopping threads took: 0.0000560 seconds
158.739: Application time: 0.0840400 seconds
158.739: [GC [PSYoungGen: 35257K->1280K(35328K)] 43411K->9433K(74240K), 0.0005950 secs] [Times: user=0.00 sys=0.00, real=0.00 secs] 
158.739: Total time for which application threads were stopped: 0.0007170 seconds, Stopping threads took: 0.0000600 seconds
158.822: Application time: 0.0829350 seconds
158.823: [GC [PSYoungGen: 34741K->1792K(36352K)] 42895K->9945K(75264K), 0.0007230 secs] [Times: user=0.01 sys=0.00, real=0.00 secs] 
158.823: Total time for which application threads were stopped: 0.0008520 seconds, Stopping threads took: 0.0000640 seconds
158.905: Application time: 0.0818480 seconds
158.905: [GC [PSYoungGen: 34967K->2880K(35840K)] 43121K->11033K(74752K), 0.0010940 secs] [Times: user=0.01 sys=0.00, real=0.00 secs] 
158.906: Total time for which application threads were stopped: 0.0012510 seconds, Stopping threads took: 0.0000780 seconds
158.988: Application time: 0.0817820 seconds
158.988: [GC [PSYoungGen: 35474K->2336K(35328K)] 43627K->10605K(74240K), 0.0009470 secs] [Times: user=0.00 sys=0.00, real=0.00 secs] 
158.989: Total time for which application threads were stopped: 0.0010890 seconds, Stopping threads took: 0.0000740 seconds
159.069: Application time: 0.0800300 seconds
159.069: [GC [PSYoungGen: 34494K->1280K(33280K)] 42763K->9637K(72192K), 0.0006340 secs] [Times: user=0.00 sys=0.00, real=0.00 secs] 
159.070: Total time for which application threads were stopped: 0.0008720 seconds, Stopping threads took: 0.0001740 seconds
159.147: Application time: 0.0772040 seconds
159.147: [GC [PSYoungGen: 32672K->2304K(34304K)] 41030K->10765K(73216K), 0.0009830 secs] [Times: user=0.01 sys=0.00, real=0.00 secs] 
159.148: Total time for which application threads were stopped: 0.0011270 seconds, Stopping threads took: 0.0000730 seconds
159.226: Application time: 0.0773130 seconds
159.226: [GC [PSYoungGen: 33193K->1792K(32768K)] 41654K->10253K(71680K), 0.0007380 secs] [Times: user=0.01 sys=0.00, real=0.00 secs] 
159.227: Total time for which application threads were stopped: 0.0008780 seconds, Stopping threads took: 0.0000710 seconds
159.302: Application time: 0.0748770 seconds
159.302: [GC [PSYoungGen: 32160K->1760K(33280K)] 40622K->10221K(72192K), 0.0007200 secs] [Times: user=0.01 sys=0.00, real=0.00 secs] 
159.302: Total time for which application threads were stopped: 0.0008570 seconds, Stopping threads took: 0.0000750 seconds
159.379: Application time: 0.0762640 seconds
159.379: [GC [PSYoungGen: 31610K->2304K(32256K)] 40072K->10765K(71168K), 0.0008890 secs] [Times: user=0.00 sys=0.00, real=0.00 secs] 
159.380: Total time for which application threads were stopped: 0.0010450 seconds, Stopping threads took: 0.0000850 seconds
159.452: Application time: 0.0727550 seconds
159.453: [GC [PSYoungGen: 31644K->1792K(32256K)] 40106K->10253K(71168K), 0.0007390 secs] [Times: user=0.01 sys=0.00, real=0.00 secs] 
159.453: Total time for which application threads were stopped: 0.0008850 seconds, Stopping threads took: 0.0000700 seconds
159.526: Application time: 0.0727840 seconds
159.530: [GC [PSYoungGen: 30616K->1248K(30208K)] 39078K->9709K(69120K), 0.0005910 secs] [Times: user=0.00 sys=0.00, real=0.00 secs] 
159.530: Total time for which application threads were stopped: 0.0040040 seconds, Stopping threads took: 0.0033500 seconds
159.598: Application time: 0.0679060 seconds
159.598: [GC [PSYoungGen: 29784K->2320K(31232K)] 38246K->10781K(70144K), 0.0009430 secs] [Times: user=0.00 sys=0.00, real=0.00 secs] 
159.599: Total time for which application threads were stopped: 0.0010840 seconds, Stopping threads took: 0.0000730 seconds
159.669: Application time: 0.0696360 seconds
159.669: [GC [PSYoungGen: 30270K->1792K(29696K)] 38732K->10365K(68608K), 0.0008070 secs] [Times: user=0.00 sys=0.00, real=0.00 secs] 
159.670: Total time for which application threads were stopped: 0.0009370 seconds, Stopping threads took: 0.0000650 seconds
159.736: Application time: 0.0664590 seconds
159.736: [GC [PSYoungGen: 29300K->2864K(31232K)] 37874K->11522K(70144K), 0.0011150 secs] [Times: user=0.01 sys=0.00, real=0.00 secs] 
159.737: Total time for which application threads were stopped: 0.0012610 seconds, Stopping threads took: 0.0000640 seconds
159.807: Application time: 0.0696590 seconds
159.807: [GC [PSYoungGen: 30148K->1280K(31232K)] 38806K->10062K(70144K), 0.0006520 secs] [Times: user=0.00 sys=0.00, real=0.00 secs] 
159.808: Total time for which application threads were stopped: 0.0007930 seconds, Stopping threads took: 0.0000770 seconds
159.874: Application time: 0.0658300 seconds
159.874: [GC [PSYoungGen: 28552K->2816K(36864K)] 37334K->11598K(75776K), 0.0008830 secs] [Times: user=0.01 sys=0.00, real=0.00 secs] 
159.875: Total time for which application threads were stopped: 0.0010220 seconds, Stopping threads took: 0.0000670 seconds
159.957: Application time: 0.0819050 seconds
159.957: [GC [PSYoungGen: 35771K->1280K(36864K)] 44553K->10062K(75776K), 0.0005920 secs] [Times: user=0.01 sys=0.00, real=0.00 secs] 
159.957: Total time for which application threads were stopped: 0.0007380 seconds, Stopping threads took: 0.0000780 seconds
160.040: Application time: 0.0825750 seconds
160.040: [GC [PSYoungGen: 34221K->2304K(35328K)] 43003K->11086K(74240K), 0.0007600 secs] [Times: user=0.00 sys=0.00, real=0.00 secs] 
160.041: Total time for which application threads were stopped: 0.0008900 seconds, Stopping threads took: 0.0000630 seconds
160.125: Application time: 0.0841160 seconds
160.125: [GC [PSYoungGen: 34739K->1280K(33792K)] 43521K->10062K(72704K), 0.0006610 secs] [Times: user=0.00 sys=0.00, real=0.00 secs] 
160.126: Total time for which application threads were stopped: 0.0007850 seconds, Stopping threads took: 0.0000590 seconds
160.203: Application time: 0.0775740 seconds
160.203: [GC [PSYoungGen: 33180K->3328K(35328K)] 41962K->12110K(74240K), 0.0010230 secs] [Times: user=0.01 sys=0.00, real=0.00 secs] 
160.205: Total time for which application threads were stopped: 0.0011680 seconds, Stopping threads took: 0.0000730 seconds
160.283: Application time: 0.0781830 seconds
160.283: [GC [PSYoungGen: 35050K->2368K(39936K)] 43832K->11150K(78848K), 0.0008630 secs] [Times: user=0.01 sys=0.00, real=0.00 secs] 
160.284: Total time for which application threads were stopped: 0.0010080 seconds, Stopping threads took: 0.0000760 seconds
160.374: Application time: 0.0898090 seconds
160.374: [GC [PSYoungGen: 38124K->1824K(37376K)] 46906K->10754K(76288K), 0.0007590 secs] [Times: user=0.00 sys=0.00, real=0.00 secs] 
160.374: Total time for which application threads were stopped: 0.0008910 seconds, Stopping threads took: 0.0000660 seconds
160.460: Application time: 0.0854220 seconds
160.460: [GC [PSYoungGen: 36905K->2304K(37376K)] 45835K->11350K(76288K), 0.0009900 secs] [Times: user=0.01 sys=0.00, real=0.00 secs] 
160.461: Total time for which application threads were stopped: 0.0011290 seconds, Stopping threads took: 0.0000620 seconds
160.546: Application time: 0.0847460 seconds
160.546: [GC [PSYoungGen: 36795K->2304K(36864K)] 45842K->11406K(75776K), 0.0008970 secs] [Times: user=0.00 sys=0.00, real=0.00 secs] 
160.547: Total time for which application threads were stopped: 0.0010340 seconds, Stopping threads took: 0.0000680 seconds
160.632: Application time: 0.0857030 seconds
160.633: [GC [PSYoungGen: 36283K->1792K(35840K)] 45386K->10894K(74752K), 0.0007490 secs] [Times: user=0.00 sys=0.00, real=0.00 secs] 
160.633: Total time for which application threads were stopped: 0.0008890 seconds, Stopping threads took: 0.0000760 seconds
160.717: Application time: 0.0832000 seconds
160.717: [GC [PSYoungGen: 35255K->1792K(36352K)] 44358K->10894K(75264K), 0.0007450 secs] [Times: user=0.00 sys=0.00, real=0.00 secs] 
160.717: Total time for which application threads were stopped: 0.0008950 seconds, Stopping threads took: 0.0000760 seconds
160.799: Application time: 0.0816010 seconds
160.799: [GC [PSYoungGen: 34737K->1728K(34816K)] 43839K->10830K(73728K), 0.0008080 secs] [Times: user=0.01 sys=0.00, real=0.00 secs] 
160.800: Total time for which application threads were stopped: 0.0009990 seconds, Stopping threads took: 0.0001180 seconds
160.880: Application time: 0.0794620 seconds
160.880: [GC [PSYoungGen: 34159K->2272K(35328K)] 43261K->11374K(74240K), 0.0008970 secs] [Times: user=0.01 sys=0.00, real=0.00 secs] 
160.881: Total time for which application threads were stopped: 0.0011010 seconds, Stopping threads took: 0.0001360 seconds
160.959: Application time: 0.0787110 seconds
160.959: [GC [PSYoungGen: 34070K->1856K(33792K)] 43172K->10958K(72704K), 0.0007590 secs] [Times: user=0.00 sys=0.00, real=0.00 secs] 
160.960: Total time for which application threads were stopped: 0.0009030 seconds, Stopping threads took: 0.0000730 seconds
161.038: Application time: 0.0779660 seconds
161.038: [GC [PSYoungGen: 33411K->2320K(34304K)] 42513K->11606K(73216K), 0.0009790 secs] [Times: user=0.01 sys=0.00, real=0.00 secs] 
161.039: Total time for which application threads were stopped: 0.0011180 seconds, Stopping threads took: 0.0000590 seconds
161.117: Application time: 0.0774200 seconds
161.117: [GC [PSYoungGen: 33287K->1792K(32768K)] 42573K->11162K(71680K), 0.0008470 secs] [Times: user=0.00 sys=0.00, real=0.00 secs] 
161.118: Total time for which application threads were stopped: 0.0010120 seconds, Stopping threads took: 0.0000970 seconds
161.194: Application time: 0.0759230 seconds
161.194: [GC [PSYoungGen: 32156K->2304K(32768K)] 41527K->11722K(71680K), 0.0008600 secs] [Times: user=0.00 sys=0.00, real=0.00 secs] 
161.195: Total time for which application threads were stopped: 0.0009840 seconds, Stopping threads took: 0.0000570 seconds
161.267: Application time: 0.0723390 seconds
161.267: [GC [PSYoungGen: 32148K->2816K(33280K)] 41567K->12746K(72192K), 0.0012240 secs] [Times: user=0.01 sys=0.00, real=0.00 secs] 
161.268: Total time for which application threads were stopped: 0.0013700 seconds, Stopping threads took: 0.0000720 seconds
161.347: Application time: 0.0786940 seconds
161.347: [GC [PSYoungGen: 32693K->160K(39936K)] 42624K->10090K(78848K), 0.0005020 secs] [Times: user=0.00 sys=0.00, real=0.00 secs] 
161.348: Total time for which application threads were stopped: 0.0006360 seconds, Stopping threads took: 0.0000800 seconds
161.436: Application time: 0.0880400 seconds
161.436: [GC [PSYoungGen: 36185K->2304K(38400K)] 46116K->12234K(77312K), 0.0007260 secs] [Times: user=0.01 sys=0.00, real=0.00 secs] 
161.437: Total time for which application threads were stopped: 0.0008840 seconds, Stopping threads took: 0.0000870 seconds
161.526: Application time: 0.0888580 seconds
161.526: [GC [PSYoungGen: 37823K->2304K(38400K)] 47754K->12234K(77312K), 0.0007430 secs] [Times: user=0.00 sys=0.00, real=0.00 secs] 
161.526: Total time for which application threads were stopped: 0.0008730 seconds, Stopping threads took: 0.0000620 seconds
161.611: Application time: 0.0845150 seconds
161.611: [GC [PSYoungGen: 37186K->2384K(37376K)] 47117K->12314K(76288K), 0.0009290 secs] [Times: user=0.00 sys=0.00, real=0.00 secs] 
161.612: Total time for which application threads were stopped: 0.0010850 seconds, Stopping threads took: 0.0000780 seconds
161.700: Application time: 0.0879670 seconds
161.700: [GC [PSYoungGen: 36957K->1280K(37376K)] 46888K->11394K(76288K), 0.0006020 secs] [Times: user=0.00 sys=0.00, real=0.00 secs] 
161.701: Total time for which application threads were stopped: 0.0007270 seconds, Stopping threads took: 0.0000610 seconds
161.785: Application time: 0.0840400 seconds
161.785: [GC [PSYoungGen: 35409K->2304K(36352K)] 45524K->12466K(75264K), 0.0009330 secs] [Times: user=0.00 sys=0.00, real=0.00 secs] 
161.786: Total time for which application threads were stopped: 0.0010700 seconds, Stopping threads took: 0.0000670 seconds
161.869: Application time: 0.0827130 seconds
161.869: [GC [PSYoungGen: 35769K->1792K(36352K)] 45932K->12043K(75264K), 0.0007500 secs] [Times: user=0.01 sys=0.00, real=0.00 secs] 
161.869: Total time for which application threads were stopped: 0.0008930 seconds, Stopping threads took: 0.0000770 seconds
161.951: Application time: 0.0811220 seconds
161.951: [GC [PSYoungGen: 34741K->1792K(34816K)] 44992K->12043K(73728K), 0.0007190 secs] [Times: user=0.01 sys=0.00, real=0.00 secs] 
161.951: Total time for which application threads were stopped: 0.0008520 seconds, Stopping threads took: 0.0000670 seconds
162.034: Application time: 0.0828930 seconds
162.034: [GC [PSYoungGen: 34229K->1280K(35328K)] 44480K->11530K(74240K), 0.0006490 secs] [Times: user=0.01 sys=0.00, real=0.00 secs] 
162.035: Total time for which application threads were stopped: 0.0007720 seconds, Stopping threads took: 0.0000620 seconds
162.112: Application time: 0.0773440 seconds
162.113: [GC [PSYoungGen: 33197K->1280K(33280K)] 43448K->11530K(72192K), 0.0005830 secs] [Times: user=0.01 sys=0.00, real=0.00 secs] 
162.113: Total time for which application threads were stopped: 0.0007210 seconds, Stopping threads took: 0.0000690 seconds
162.189: Application time: 0.0763320 seconds
162.190: [GC [PSYoungGen: 32751K->2304K(34304K)] 43002K->12555K(73216K), 0.0009120 secs] [Times: user=0.00 sys=0.00, real=0.00 secs] 
162.190: Total time for which application threads were stopped: 0.0010450 seconds, Stopping threads took: 0.0000590 seconds
162.268: Application time: 0.0773940 seconds
162.268: [GC [PSYoungGen: 33506K->1840K(32768K)] 43757K->12139K(71680K), 0.0007530 secs] [Times: user=0.00 sys=0.00, real=0.00 secs] 
162.269: Total time for which application threads were stopped: 0.0009320 seconds, Stopping threads took: 0.0001140 seconds
162.341: Application time: 0.0719890 seconds
162.341: [GC [PSYoungGen: 32274K->3328K(34304K)] 42573K->13767K(73216K), 0.0013290 secs] [Times: user=0.01 sys=0.00, real=0.01 secs] 
162.342: Total time for which application threads were stopped: 0.0015060 seconds, Stopping threads took: 0.0000990 seconds
162.422: Application time: 0.0800100 seconds
162.422: [GC [PSYoungGen: 33869K->1280K(31744K)] 44309K->11767K(70656K), 0.0006320 secs] [Times: user=0.00 sys=0.00, real=0.00 secs] 
162.423: Total time for which application threads were stopped: 0.0007540 seconds, Stopping threads took: 0.0000580 seconds
162.496: Application time: 0.0730760 seconds
162.496: [GC [PSYoungGen: 31128K->1728K(32768K)] 41615K->12295K(71680K), 0.0007300 secs] [Times: user=0.00 sys=0.00, real=0.00 secs] 
162.497: Total time for which application threads were stopped: 0.0008620 seconds, Stopping threads took: 0.0000650 seconds
162.570: Application time: 0.0728090 seconds
162.570: [GC [PSYoungGen: 31062K->2304K(33280K)] 41629K->12871K(72192K), 0.0009480 secs] [Times: user=0.00 sys=0.00, real=0.00 secs] 
162.571: Total time for which application threads were stopped: 0.0010830 seconds, Stopping threads took: 0.0000660 seconds
162.642: Application time: 0.0709170 seconds
162.642: [GC [PSYoungGen: 31640K->2304K(39424K)] 42207K->12871K(78336K), 0.0007330 secs] [Times: user=0.00 sys=0.00, real=0.00 secs] 
162.643: Total time for which application threads were stopped: 0.0009370 seconds, Stopping threads took: 0.0001250 seconds
162.734: Application time: 0.0914460 seconds
162.734: [GC [PSYoungGen: 37827K->1280K(36864K)] 48395K->11847K(75776K), 0.0005360 secs] [Times: user=0.01 sys=0.00, real=0.00 secs] 
162.735: Total time for which application threads were stopped: 0.0006570 seconds, Stopping threads took: 0.0000570 seconds
162.821: Application time: 0.0864280 seconds
162.821: [GC [PSYoungGen: 36283K->1760K(37888K)] 46851K->12327K(76800K), 0.0007140 secs] [Times: user=0.00 sys=0.00, real=0.00 secs] 
162.822: Total time for which application threads were stopped: 0.0008610 seconds, Stopping threads took: 0.0000750 seconds
162.906: Application time: 0.0838420 seconds
162.906: [GC [PSYoungGen: 36558K->3440K(38400K)] 47125K->14007K(77312K), 0.0012450 secs] [Times: user=0.01 sys=0.00, real=0.00 secs] 
162.907: Total time for which application threads were stopped: 0.0013950 seconds, Stopping threads took: 0.0000740 seconds
162.996: Application time: 0.0886610 seconds
162.996: [GC [PSYoungGen: 38098K->736K(35328K)] 48665K->11455K(74240K), 0.0005120 secs] [Times: user=0.00 sys=0.00, real=0.00 secs] 
162.997: Total time for which application threads were stopped: 0.0006230 seconds, Stopping threads took: 0.0000530 seconds
163.079: Application time: 0.0824860 seconds
163.079: [GC [PSYoungGen: 34865K->1792K(37888K)] 45585K->12599K(76800K), 0.0007790 secs] [Times: user=0.01 sys=0.00, real=0.00 secs] 
163.080: Total time for which application threads were stopped: 0.0009220 seconds, Stopping threads took: 0.0000750 seconds
163.164: Application time: 0.0842370 seconds
163.164: [GC [PSYoungGen: 35255K->1792K(35328K)] 46063K->12687K(74240K), 0.0006620 secs] [Times: user=0.01 sys=0.00, real=0.00 secs] 
163.165: Total time for which application threads were stopped: 0.0008050 seconds, Stopping threads took: 0.0000660 seconds
163.247: Application time: 0.0813750 seconds
163.247: [GC [PSYoungGen: 34741K->1792K(34816K)] 45637K->12687K(73728K), 0.0006890 secs] [Times: user=0.00 sys=0.00, real=0.00 secs] 
163.247: Total time for which application threads were stopped: 0.0008320 seconds, Stopping threads took: 0.0000750 seconds
163.330: Application time: 0.0822230 seconds
163.330: [GC [PSYoungGen: 34229K->1280K(33792K)] 45125K->12175K(72704K), 0.0005710 secs] [Times: user=0.00 sys=0.00, real=0.00 secs] 
163.330: Total time for which application threads were stopped: 0.0006910 seconds, Stopping threads took: 0.0000580 seconds
163.409: Application time: 0.0788990 seconds
163.409: [GC [PSYoungGen: 33197K->1248K(33280K)] 44092K->12143K(72192K), 0.0006160 secs] [Times: user=0.00 sys=0.00, real=0.00 secs] 
163.410: Total time for which application threads were stopped: 0.0008760 seconds, Stopping threads took: 0.0001980 seconds
163.486: Application time: 0.0757180 seconds
163.486: [GC [PSYoungGen: 32640K->2304K(33792K)] 43536K->13199K(72704K), 0.0009080 secs] [Times: user=0.00 sys=0.00, real=0.00 secs] 
163.487: Total time for which application threads were stopped: 0.0010380 seconds, Stopping threads took: 0.0000600 seconds
163.564: Application time: 0.0774020 seconds
163.564: [GC [PSYoungGen: 33501K->2336K(33280K)] 44397K->13231K(72192K), 0.0009930 secs] [Times: user=0.01 sys=0.00, real=0.00 secs] 
163.565: Total time for which application threads were stopped: 0.0011260 seconds, Stopping threads took: 0.0000640 seconds
163.641: Application time: 0.0758210 seconds
163.641: [GC [PSYoungGen: 32787K->1792K(32768K)] 43682K->12831K(71680K), 0.0007840 secs] [Times: user=0.01 sys=0.00, real=0.01 secs] 
163.642: Total time for which application threads were stopped: 0.0009190 seconds, Stopping threads took: 0.0000670 seconds
163.716: Application time: 0.0736940 seconds
163.716: [GC [PSYoungGen: 31881K->1808K(31744K)] 42921K->12895K(70656K), 0.0008220 secs] [Times: user=0.00 sys=0.00, real=0.00 secs] 
163.717: Total time for which application threads were stopped: 0.0009550 seconds, Stopping threads took: 0.0000550 seconds
163.789: Application time: 0.0725480 seconds
163.789: [GC [PSYoungGen: 31140K->2304K(32256K)] 42228K->13507K(71168K), 0.0009270 secs] [Times: user=0.00 sys=0.00, real=0.00 secs] 
163.790: Total time for which application threads were stopped: 0.0010740 seconds, Stopping threads took: 0.0000770 seconds
163.861: Application time: 0.0710100 seconds
163.862: [GC [PSYoungGen: 31122K->2816K(32768K)] 42326K->14019K(71680K), 0.0010350 secs] [Times: user=0.01 sys=0.00, real=0.00 secs] 
163.863: Total time for which application threads were stopped: 0.0011810 seconds, Stopping threads took: 0.0000740 seconds
163.934: Application time: 0.0710710 seconds
163.934: [GC [PSYoungGen: 31636K->2816K(38912K)] 42840K->14019K(77824K), 0.0009710 secs] [Times: user=0.00 sys=0.00, real=0.00 secs] 
163.935: Total time for which application threads were stopped: 0.0011180 seconds, Stopping threads took: 0.0000760 seconds
164.024: Application time: 0.0896080 seconds
164.024: [GC [PSYoungGen: 37828K->1280K(36352K)] 49031K->12483K(75264K), 0.0005410 secs] [Times: user=0.01 sys=0.00, real=0.00 secs] 
164.025: Total time for which application threads were stopped: 0.0006680 seconds, Stopping threads took: 0.0000660 seconds
164.108: Application time: 0.0825970 seconds
164.108: [GC [PSYoungGen: 35769K->1792K(37376K)] 46973K->12995K(76288K), 0.0007000 secs] [Times: user=0.00 sys=0.00, real=0.00 secs] 
164.108: Total time for which application threads were stopped: 0.0008270 seconds, Stopping threads took: 0.0000590 seconds
164.193: Application time: 0.0846150 seconds
164.193: [GC [PSYoungGen: 35849K->1280K(35328K)] 47053K->12483K(74240K), 0.0005830 secs] [Times: user=0.00 sys=0.00, real=0.01 secs] 
164.194: Total time for which application threads were stopped: 0.0007090 seconds, Stopping threads took: 0.0000660 seconds
164.277: Application time: 0.0827680 seconds
164.277: [GC [PSYoungGen: 35050K->2336K(36352K)] 46254K->13587K(75264K), 0.0009770 secs] [Times: user=0.00 sys=0.00, real=0.00 secs] 
164.278: Total time for which application threads were stopped: 0.0011270 seconds, Stopping threads took: 0.0000690 seconds
164.359: Application time: 0.0817360 seconds
164.360: [GC [PSYoungGen: 35443K->1760K(34816K)] 46695K->13172K(73728K), 0.0008160 secs] [Times: user=0.01 sys=0.00, real=0.00 secs] 
164.360: Total time for which application threads were stopped: 0.0009660 seconds, Stopping threads took: 0.0000830 seconds
164.441: Application time: 0.0806800 seconds
164.441: [GC [PSYoungGen: 34275K->1280K(35328K)] 45687K->12780K(74240K), 0.0005750 secs] [Times: user=0.00 sys=0.01, real=0.01 secs] 
164.442: Total time for which application threads were stopped: 0.0007040 seconds, Stopping threads took: 0.0000650 seconds
164.520: Application time: 0.0779660 seconds
164.520: [GC [PSYoungGen: 33184K->2816K(34816K)] 44684K->14364K(73728K), 0.0010790 secs] [Times: user=0.00 sys=0.00, real=0.00 secs] 
164.521: Total time for which application threads were stopped: 0.0012240 seconds, Stopping threads took: 0.0000730 seconds
164.600: Application time: 0.0787510 seconds
164.600: [GC [PSYoungGen: 34225K->1760K(34304K)] 45773K->13308K(73216K), 0.0007370 secs] [Times: user=0.00 sys=0.00, real=0.00 secs] 
164.601: Total time for which application threads were stopped: 0.0008670 seconds, Stopping threads took: 0.0000640 seconds
164.675: Application time: 0.0747160 seconds
164.675: [GC [PSYoungGen: 32632K->3328K(34816K)] 44180K->14876K(73728K), 0.0012420 secs] [Times: user=0.01 sys=0.00, real=0.00 secs] 
164.677: Total time for which application threads were stopped: 0.0013890 seconds, Stopping threads took: 0.0000690 seconds
164.756: Application time: 0.0791720 seconds
164.756: [GC [PSYoungGen: 34229K->1280K(32256K)] 45777K->12828K(71168K), 0.0005370 secs] [Times: user=0.01 sys=0.00, real=0.00 secs] 
164.757: Total time for which application threads were stopped: 0.0006610 seconds, Stopping threads took: 0.0000620 seconds
164.832: Application time: 0.0750520 seconds
164.832: [GC [PSYoungGen: 31722K->1792K(32256K)] 43270K->13340K(71168K), 0.0007470 secs] [Times: user=0.00 sys=0.00, real=0.00 secs] 
164.832: Total time for which application threads were stopped: 0.0008830 seconds, Stopping threads took: 0.0000590 seconds
164.904: Application time: 0.0718540 seconds
164.904: [GC [PSYoungGen: 31870K->3392K(38400K)] 43418K->14980K(77312K), 0.0011160 secs] [Times: user=0.01 sys=0.00, real=0.00 secs] 
164.906: Total time for which application threads were stopped: 0.0012670 seconds, Stopping threads took: 0.0000750 seconds
164.994: Application time: 0.0888680 seconds
164.995: [GC [PSYoungGen: 38048K->1264K(35840K)] 49636K->12956K(74752K), 0.0006450 secs] [Times: user=0.00 sys=0.00, real=0.00 secs] 
164.995: Total time for which application threads were stopped: 0.0007690 seconds, Stopping threads took: 0.0000590 seconds
165.080: Application time: 0.0845740 seconds
165.080: [GC [PSYoungGen: 35395K->1792K(37376K)] 47087K->13564K(76288K), 0.0007680 secs] [Times: user=0.01 sys=0.00, real=0.00 secs] 
165.081: Total time for which application threads were stopped: 0.0009080 seconds, Stopping threads took: 0.0000720 seconds
165.164: Application time: 0.0828050 seconds
165.164: [GC [PSYoungGen: 35255K->1792K(35328K)] 47027K->13644K(74240K), 0.0007490 secs] [Times: user=0.01 sys=0.00, real=0.00 secs] 
165.164: Total time for which application threads were stopped: 0.0009260 seconds, Stopping threads took: 0.0001110 seconds
165.246: Application time: 0.0819770 seconds
165.247: [GC [PSYoungGen: 34745K->768K(36352K)] 46598K->12620K(75264K), 0.0004670 secs] [Times: user=0.00 sys=0.00, real=0.00 secs] 
165.247: Total time for which application threads were stopped: 0.0005920 seconds, Stopping threads took: 0.0000650 seconds
165.327: Application time: 0.0802300 seconds
165.327: [GC [PSYoungGen: 33201K->768K(33280K)] 45053K->12620K(72192K), 0.0004400 secs] [Times: user=0.00 sys=0.00, real=0.00 secs] 
165.328: Total time for which application threads were stopped: 0.0005600 seconds, Stopping threads took: 0.0000610 seconds
165.405: Application time: 0.0769770 seconds
165.405: [GC [PSYoungGen: 32664K->2816K(35328K)] 44516K->14668K(74240K), 0.0010570 secs] [Times: user=0.01 sys=0.00, real=0.00 secs] 
165.406: Total time for which application threads were stopped: 0.0012660 seconds, Stopping threads took: 0.0001290 seconds
165.486: Application time: 0.0796400 seconds
165.486: [GC [PSYoungGen: 34305K->1792K(33280K)] 46157K->13644K(72192K), 0.0007460 secs] [Times: user=0.01 sys=0.00, real=0.00 secs] 
165.487: Total time for which application threads were stopped: 0.0008690 seconds, Stopping threads took: 0.0000580 seconds
165.561: Application time: 0.0745520 seconds
165.561: [GC [PSYoungGen: 32903K->2864K(34304K)] 44755K->14756K(73216K), 0.0011240 secs] [Times: user=0.01 sys=0.00, real=0.01 secs] 
165.562: Total time for which application threads were stopped: 0.0012710 seconds, Stopping threads took: 0.0000710 seconds
165.638: Application time: 0.0754060 seconds
165.638: [GC [PSYoungGen: 33315K->2304K(34816K)] 45207K->14308K(73728K), 0.0009310 secs] [Times: user=0.01 sys=0.00, real=0.00 secs] 
165.639: Total time for which application threads were stopped: 0.0011130 seconds, Stopping threads took: 0.0001120 seconds
165.715: Application time: 0.0757210 seconds
165.715: [GC [PSYoungGen: 32912K->1792K(32256K)] 44916K->13836K(71168K), 0.0006670 secs] [Times: user=0.00 sys=0.00, real=0.00 secs] 
165.716: Total time for which application threads were stopped: 0.0016450 seconds, Stopping threads took: 0.0000590 seconds
165.790: Application time: 0.0734100 seconds
165.790: [GC [PSYoungGen: 31640K->2304K(38912K)] 43684K->14452K(77824K), 0.0009290 secs] [Times: user=0.00 sys=0.00, real=0.00 secs] 
165.791: Total time for which application threads were stopped: 0.0011730 seconds, Stopping threads took: 0.0001720 seconds
165.877: Application time: 0.0857630 seconds
165.877: [GC [PSYoungGen: 36797K->1792K(36352K)] 48946K->13940K(75264K), 0.0007320 secs] [Times: user=0.00 sys=0.00, real=0.00 secs] 
165.878: Total time for which application threads were stopped: 0.0008700 seconds, Stopping threads took: 0.0000720 seconds
165.961: Application time: 0.0833400 seconds
165.961: [GC [PSYoungGen: 35767K->2304K(36352K)] 47916K->14452K(75264K), 0.0009600 secs] [Times: user=0.01 sys=0.00, real=0.01 secs] 
165.962: Total time for which application threads were stopped: 0.0011100 seconds, Stopping threads took: 0.0000680 seconds
166.046: Application time: 0.0844120 seconds
166.047: [GC [PSYoungGen: 35767K->2304K(35840K)] 47916K->14452K(74752K), 0.0008390 secs] [Times: user=0.00 sys=0.00, real=0.00 secs] 
166.047: Total time for which application threads were stopped: 0.0009660 seconds, Stopping threads took: 0.0000600 seconds
166.129: Application time: 0.0811730 seconds
166.129: [GC [PSYoungGen: 35332K->2304K(35328K)] 47480K->14452K(74240K), 0.0009070 secs] [Times: user=0.01 sys=0.00, real=0.00 secs] 
166.130: Total time for which application threads were stopped: 0.0010480 seconds, Stopping threads took: 0.0000690 seconds
166.209: Application time: 0.0798760 seconds
166.210: [GC [PSYoungGen: 34972K->2320K(36352K)] 47120K->14516K(75264K), 0.0009500 secs] [Times: user=0.00 sys=0.00, real=0.00 secs] 
166.211: Total time for which application threads were stopped: 0.0010880 seconds, Stopping threads took: 0.0000680 seconds
166.292: Application time: 0.0810280 seconds
166.292: [GC [PSYoungGen: 34836K->1792K(34304K)] 47032K->14092K(73216K), 0.0007670 secs] [Times: user=0.00 sys=0.00, real=0.00 secs] 
166.293: Total time for which application threads were stopped: 0.0009010 seconds, Stopping threads took: 0.0000690 seconds
166.369: Application time: 0.0768180 seconds
166.369: [GC [PSYoungGen: 33859K->2800K(35840K)] 46159K->15148K(74752K), 0.0010720 secs] [Times: user=0.01 sys=0.00, real=0.00 secs] 
166.371: Total time for which application threads were stopped: 0.0012460 seconds, Stopping threads took: 0.0000960 seconds
166.450: Application time: 0.0791440 seconds
166.450: [GC [PSYoungGen: 34795K->2816K(35840K)] 47144K->15236K(74752K), 0.0010680 secs] [Times: user=0.01 sys=0.00, real=0.00 secs] 
166.451: Total time for which application threads were stopped: 0.0012130 seconds, Stopping threads took: 0.0000730 seconds
166.532: Application time: 0.0805730 seconds
166.532: [GC [PSYoungGen: 34741K->1792K(42496K)] 47162K->14268K(81408K), 0.0006220 secs] [Times: user=0.00 sys=0.00, real=0.00 secs] 
166.532: Total time for which application threads were stopped: 0.0008250 seconds, Stopping threads took: 0.0001290 seconds
166.629: Application time: 0.0968230 seconds
166.629: [GC [PSYoungGen: 40396K->1792K(39936K)] 52873K->14268K(78848K), 0.0006760 secs] [Times: user=0.00 sys=0.00, real=0.00 secs] 
166.630: Total time for which application threads were stopped: 0.0008140 seconds, Stopping threads took: 0.0000710 seconds
166.721: Application time: 0.0912350 seconds
166.721: [GC [PSYoungGen: 39366K->2304K(39424K)] 51842K->14780K(78336K), 0.0008680 secs] [Times: user=0.00 sys=0.01, real=0.01 secs] 
166.722: Total time for which application threads were stopped: 0.0010150 seconds, Stopping threads took: 0.0000780 seconds
166.815: Application time: 0.0926910 seconds
166.815: [GC [PSYoungGen: 38934K->1280K(37888K)] 51411K->13756K(76800K), 0.0005960 secs] [Times: user=0.01 sys=0.00, real=0.00 secs] 
166.816: Total time for which application threads were stopped: 0.0007370 seconds, Stopping threads took: 0.0000790 seconds
166.901: Application time: 0.0855610 seconds
166.901: [GC [PSYoungGen: 37539K->3392K(39424K)] 50016K->15908K(78336K), 0.0012460 secs] [Times: user=0.00 sys=0.00, real=0.01 secs] 
166.903: Total time for which application threads were stopped: 0.0014090 seconds, Stopping threads took: 0.0000850 seconds
166.993: Application time: 0.0899820 seconds
166.993: [GC [PSYoungGen: 38994K->2304K(37888K)] 51511K->14929K(76800K), 0.0009360 secs] [Times: user=0.00 sys=0.01, real=0.01 secs] 
166.994: Total time for which application threads were stopped: 0.0010700 seconds, Stopping threads took: 0.0000650 seconds
167.082: Application time: 0.0880420 seconds
167.082: [GC [PSYoungGen: 37548K->1280K(38400K)] 50173K->13953K(77312K), 0.0006300 secs] [Times: user=0.01 sys=0.00, real=0.00 secs] 
167.082: Total time for which application threads were stopped: 0.0007650 seconds, Stopping threads took: 0.0000630 seconds
167.167: Application time: 0.0847960 seconds
167.167: [GC [PSYoungGen: 35771K->1280K(35840K)] 48444K->14081K(74752K), 0.0005890 secs] [Times: user=0.00 sys=0.00, real=0.00 secs] 
167.168: Total time for which application threads were stopped: 0.0007200 seconds, Stopping threads took: 0.0000660 seconds
167.252: Application time: 0.0839400 seconds
167.252: [GC [PSYoungGen: 35255K->1792K(36352K)] 48056K->14593K(75264K), 0.0007710 secs] [Times: user=0.00 sys=0.00, real=0.00 secs] 
167.253: Total time for which application threads were stopped: 0.0009080 seconds, Stopping threads took: 0.0000690 seconds
167.333: Application time: 0.0805760 seconds
167.334: [GC [PSYoungGen: 35253K->2304K(35840K)] 48054K->15105K(74752K), 0.0009010 secs] [Times: user=0.00 sys=0.00, real=0.00 secs] 
167.334: Total time for which application threads were stopped: 0.0010370 seconds, Stopping threads took: 0.0000690 seconds
167.415: Application time: 0.0803270 seconds
167.415: [GC [PSYoungGen: 35327K->2816K(36352K)] 48128K->15617K(75264K), 0.0010460 secs] [Times: user=0.01 sys=0.00, real=0.00 secs] 
167.416: Total time for which application threads were stopped: 0.0011910 seconds, Stopping threads took: 0.0000750 seconds
167.496: Application time: 0.0804430 seconds
167.497: [GC [PSYoungGen: 35406K->2816K(36864K)] 48207K->15665K(75776K), 0.0011260 secs] [Times: user=0.01 sys=0.00, real=0.00 secs] 
167.498: Total time for which application threads were stopped: 0.0012690 seconds, Stopping threads took: 0.0000700 seconds
167.580: Application time: 0.0823740 seconds
167.580: [GC [PSYoungGen: 35331K->2304K(43520K)] 48180K->15233K(82432K), 0.0007940 secs] [Times: user=0.00 sys=0.00, real=0.00 secs] 
167.581: Total time for which application threads were stopped: 0.0009250 seconds, Stopping threads took: 0.0000610 seconds
167.677: Application time: 0.0963000 seconds
167.677: [GC [PSYoungGen: 41658K->1792K(40448K)] 54588K->14761K(79360K), 0.0007230 secs] [Times: user=0.00 sys=0.00, real=0.00 secs] 
167.678: Total time for which application threads were stopped: 0.0008750 seconds, Stopping threads took: 0.0000700 seconds
167.774: Application time: 0.0957740 seconds
167.774: [GC [PSYoungGen: 39962K->1280K(39936K)] 52931K->14353K(78848K), 0.0006020 secs] [Times: user=0.00 sys=0.00, real=0.00 secs] 
167.775: Total time for which application threads were stopped: 0.0007490 seconds, Stopping threads took: 0.0000830 seconds
167.867: Application time: 0.0919260 seconds
167.867: [GC [PSYoungGen: 38342K->1280K(37888K)] 51415K->14409K(76800K), 0.0006110 secs] [Times: user=0.00 sys=0.00, real=0.00 secs] 
167.867: Total time for which application threads were stopped: 0.0007310 seconds, Stopping threads took: 0.0000590 seconds
167.957: Application time: 0.0893050 seconds
167.957: [GC [PSYoungGen: 37315K->256K(39424K)] 50445K->13385K(78336K), 0.0003370 secs] [Times: user=0.00 sys=0.00, real=0.00 secs] 
167.957: Total time for which application threads were stopped: 0.0005310 seconds, Stopping threads took: 0.0001360 seconds
168.044: Application time: 0.0869270 seconds
168.044: [GC [PSYoungGen: 35847K->2240K(37888K)] 48977K->15369K(76800K), 0.0009460 secs] [Times: user=0.01 sys=0.00, real=0.00 secs] 
168.045: Total time for which application threads were stopped: 0.0010930 seconds, Stopping threads took: 0.0000750 seconds
168.134: Application time: 0.0890860 seconds
168.135: [GC [PSYoungGen: 37247K->1280K(37376K)] 50377K->14465K(76288K), 0.0006280 secs] [Times: user=0.00 sys=0.00, real=0.00 secs] 
168.135: Total time for which application threads were stopped: 0.0008320 seconds, Stopping threads took: 0.0001440 seconds
168.221: Application time: 0.0854260 seconds
168.221: [GC [PSYoungGen: 36006K->1280K(35840K)] 49191K->14465K(74752K), 0.0006070 secs] [Times: user=0.00 sys=0.00, real=0.00 secs] 
168.221: Total time for which application threads were stopped: 0.0008150 seconds, Stopping threads took: 0.0001310 seconds
168.306: Application time: 0.0847820 seconds
168.306: [GC [PSYoungGen: 35333K->1792K(36864K)] 48519K->15101K(75776K), 0.0007650 secs] [Times: user=0.01 sys=0.00, real=0.00 secs] 
168.307: Total time for which application threads were stopped: 0.0009610 seconds, Stopping threads took: 0.0001280 seconds
168.390: Application time: 0.0829170 seconds
168.390: [GC [PSYoungGen: 35494K->1280K(34816K)] 48804K->14637K(73728K), 0.0006600 secs] [Times: user=0.00 sys=0.00, real=0.00 secs] 
168.391: Total time for which application threads were stopped: 0.0007900 seconds, Stopping threads took: 0.0000660 seconds
168.473: Application time: 0.0821300 seconds
168.473: [GC [PSYoungGen: 34225K->1792K(35840K)] 47582K->15261K(74752K), 0.0007870 secs] [Times: user=0.00 sys=0.00, real=0.01 secs] 
168.474: Total time for which application threads were stopped: 0.0009320 seconds, Stopping threads took: 0.0000760 seconds
168.554: Application time: 0.0799620 seconds
168.554: [GC [PSYoungGen: 34221K->2208K(34816K)] 47690K->15677K(73728K), 0.0009480 secs] [Times: user=0.01 sys=0.00, real=0.00 secs] 
168.555: Total time for which application threads were stopped: 0.0010730 seconds, Stopping threads took: 0.0000550 seconds
168.636: Application time: 0.0809890 seconds
168.636: [GC [PSYoungGen: 34133K->1280K(34816K)] 47603K->14749K(73728K), 0.0006030 secs] [Times: user=0.01 sys=0.00, real=0.00 secs] 
168.637: Total time for which application threads were stopped: 0.0007290 seconds, Stopping threads took: 0.0000540 seconds
168.710: Application time: 0.0737730 seconds
168.711: [GC [PSYoungGen: 32746K->2816K(34304K)] 46216K->16285K(73216K), 0.0010730 secs] [Times: user=0.00 sys=0.00, real=0.00 secs] 
168.712: Total time for which application threads were stopped: 0.0012270 seconds, Stopping threads took: 0.0000810 seconds
168.790: Application time: 0.0785370 seconds
168.790: [GC [PSYoungGen: 33709K->1792K(33792K)] 47178K->15317K(72704K), 0.0007470 secs] [Times: user=0.01 sys=0.00, real=0.00 secs] 
168.791: Total time for which application threads were stopped: 0.0008820 seconds, Stopping threads took: 0.0000570 seconds
168.865: Application time: 0.0740350 seconds
168.865: [GC [PSYoungGen: 32393K->2320K(32768K)] 45918K->15845K(71680K), 0.0009420 secs] [Times: user=0.00 sys=0.00, real=0.00 secs] 
168.866: Total time for which application threads were stopped: 0.0010760 seconds, Stopping threads took: 0.0000630 seconds
168.940: Application time: 0.0741090 seconds
168.940: [GC [PSYoungGen: 32259K->1280K(32768K)] 45785K->14929K(71680K), 0.0006170 secs] [Times: user=0.00 sys=0.00, real=0.00 secs] 
168.941: Total time for which application threads were stopped: 0.0007380 seconds, Stopping threads took: 0.0000590 seconds
169.015: Application time: 0.0739070 seconds
169.015: [GC [PSYoungGen: 30768K->1280K(30720K)] 44418K->14977K(69632K), 0.0006310 secs] [Times: user=0.00 sys=0.00, real=0.00 secs] 
169.016: Total time for which application threads were stopped: 0.0007890 seconds, Stopping threads took: 0.0000960 seconds
169.086: Application time: 0.0706530 seconds
169.087: [GC [PSYoungGen: 30178K->2304K(32768K)] 43876K->16089K(71680K), 0.0010150 secs] [Times: user=0.00 sys=0.00, real=0.00 secs] 
169.088: Total time for which application threads were stopped: 0.0011420 seconds, Stopping threads took: 0.0000580 seconds
169.159: Application time: 0.0710370 seconds
169.159: [GC [PSYoungGen: 31124K->2304K(32768K)] 44910K->16137K(71680K), 0.0008880 secs] [Times: user=0.00 sys=0.00, real=0.00 secs] 
169.160: Total time for which application threads were stopped: 0.0010320 seconds, Stopping threads took: 0.0000750 seconds
169.230: Application time: 0.0698520 seconds
169.230: [GC [PSYoungGen: 31120K->3328K(38400K)] 44954K->17161K(77312K), 0.0010580 secs] [Times: user=0.01 sys=0.00, real=0.00 secs] 
169.231: Total time for which application threads were stopped: 0.0012090 seconds, Stopping threads took: 0.0000740 seconds
169.317: Application time: 0.0864230 seconds
169.317: [GC [PSYoungGen: 37823K->2272K(38912K)] 51657K->16105K(77824K), 0.0008690 secs] [Times: user=0.00 sys=0.00, real=0.00 secs] 
169.318: Total time for which application threads were stopped: 0.0010180 seconds, Stopping threads took: 0.0000710 seconds
169.404: Application time: 0.0862610 seconds
169.405: [GC [PSYoungGen: 36845K->1280K(35840K)] 50679K->15113K(74752K), 0.0005380 secs] [Times: user=0.00 sys=0.00, real=0.00 secs] 
169.405: Total time for which application threads were stopped: 0.0006630 seconds, Stopping threads took: 0.0000630 seconds
169.489: Application time: 0.0837650 seconds
169.489: [GC [PSYoungGen: 35405K->2832K(44032K)] 49239K->16714K(82944K), 0.0010490 secs] [Times: user=0.01 sys=0.00, real=0.00 secs] 
169.490: Total time for which application threads were stopped: 0.0011960 seconds, Stopping threads took: 0.0000740 seconds
169.590: Application time: 0.1002890 seconds
169.590: [GC [PSYoungGen: 43060K->1792K(41472K)] 56942K->15754K(80384K), 0.0007080 secs] [Times: user=0.00 sys=0.00, real=0.00 secs] 
169.591: Total time for which application threads were stopped: 0.0008520 seconds, Stopping threads took: 0.0000790 seconds
169.688: Application time: 0.0966900 seconds
169.688: [GC [PSYoungGen: 41146K->1280K(39936K)] 55108K->15290K(78848K), 0.0006330 secs] [Times: user=0.00 sys=0.00, real=0.00 secs] 
169.689: Total time for which application threads were stopped: 0.0007680 seconds, Stopping threads took: 0.0000720 seconds
169.783: Application time: 0.0944200 seconds
169.783: [GC [PSYoungGen: 39444K->2272K(39936K)] 53454K->16382K(78848K), 0.0008810 secs] [Times: user=0.01 sys=0.00, real=0.00 secs] 
169.784: Total time for which application threads were stopped: 0.0010310 seconds, Stopping threads took: 0.0000770 seconds
169.876: Application time: 0.0918990 seconds
169.876: [GC [PSYoungGen: 39336K->1792K(38400K)] 53446K->15950K(77312K), 0.0008580 secs] [Times: user=0.00 sys=0.00, real=0.00 secs] 
169.877: Total time for which application threads were stopped: 0.0010200 seconds, Stopping threads took: 0.0000830 seconds
169.968: Application time: 0.0909800 seconds
169.968: [GC [PSYoungGen: 37908K->736K(38912K)] 52066K->14894K(77824K), 0.0004580 secs] [Times: user=0.00 sys=0.00, real=0.00 secs] 
169.969: Total time for which application threads were stopped: 0.0005780 seconds, Stopping threads took: 0.0000620 seconds
170.054: Application time: 0.0855220 seconds
170.054: [GC [PSYoungGen: 36247K->2816K(38912K)] 50405K->17022K(77824K), 0.0010460 secs] [Times: user=0.00 sys=0.00, real=0.00 secs] 
170.055: Total time for which application threads were stopped: 0.0011810 seconds, Stopping threads took: 0.0000610 seconds
170.143: Application time: 0.0881480 seconds
170.144: [GC [PSYoungGen: 37980K->2304K(38400K)] 52186K->16510K(77312K), 0.0008720 secs] [Times: user=0.00 sys=0.00, real=0.00 secs] 
170.144: Total time for which application threads were stopped: 0.0010080 seconds, Stopping threads took: 0.0000660 seconds
170.229: Application time: 0.0843080 seconds
170.229: [GC [PSYoungGen: 36873K->2304K(36864K)] 51080K->16582K(75776K), 0.0009530 secs] [Times: user=0.00 sys=0.00, real=0.00 secs] 
170.230: Total time for which application threads were stopped: 0.0011140 seconds, Stopping threads took: 0.0000890 seconds
170.315: Application time: 0.0853610 seconds
170.315: [GC [PSYoungGen: 36442K->1280K(36352K)] 50720K->15614K(75264K), 0.0006360 secs] [Times: user=0.01 sys=0.00, real=0.00 secs] 
170.316: Total time for which application threads were stopped: 0.0008590 seconds, Stopping threads took: 0.0001610 seconds
170.398: Application time: 0.0821660 seconds
170.398: [GC [PSYoungGen: 34893K->2288K(35840K)] 49228K->16698K(74752K), 0.0009550 secs] [Times: user=0.00 sys=0.00, real=0.00 secs] 
170.399: Total time for which application threads were stopped: 0.0011880 seconds, Stopping threads took: 0.0001520 seconds
170.482: Application time: 0.0823330 seconds
170.482: [GC [PSYoungGen: 35239K->1280K(35840K)] 49649K->15778K(74752K), 0.0006010 secs] [Times: user=0.00 sys=0.00, real=0.00 secs] 
170.483: Total time for which application threads were stopped: 0.0007400 seconds, Stopping threads took: 0.0000720 seconds
170.564: Application time: 0.0809640 seconds
170.564: [GC [PSYoungGen: 33711K->1792K(34304K)] 48209K->16290K(73216K), 0.0007270 secs] [Times: user=0.00 sys=0.00, real=0.00 secs] 
170.564: Total time for which application threads were stopped: 0.0008590 seconds, Stopping threads took: 0.0000670 seconds
170.643: Application time: 0.0787720 seconds
170.643: [GC [PSYoungGen: 33787K->1792K(34816K)] 48286K->16290K(73728K), 0.0007410 secs] [Times: user=0.01 sys=0.00, real=0.00 secs] 
170.644: Total time for which application threads were stopped: 0.0008760 seconds, Stopping threads took: 0.0000680 seconds
170.721: Application time: 0.0773020 seconds
170.721: [GC [PSYoungGen: 33188K->2272K(33792K)] 47687K->16818K(72704K), 0.0009540 secs] [Times: user=0.00 sys=0.00, real=0.01 secs] 
170.723: Total time for which application threads were stopped: 0.0016780 seconds, Stopping threads took: 0.0000620 seconds
170.802: Application time: 0.0791840 seconds
170.802: [GC [PSYoungGen: 33243K->1280K(33792K)] 47790K->15826K(72704K), 0.0006130 secs] [Times: user=0.00 sys=0.00, real=0.00 secs] 
170.803: Total time for which application threads were stopped: 0.0007310 seconds, Stopping threads took: 0.0000570 seconds
170.878: Application time: 0.0754180 seconds
170.878: [GC [PSYoungGen: 31805K->1280K(31744K)] 46351K->15882K(70656K), 0.0006630 secs] [Times: user=0.00 sys=0.00, real=0.00 secs] 
170.879: Total time for which application threads were stopped: 0.0007940 seconds, Stopping threads took: 0.0000570 seconds
170.952: Application time: 0.0725030 seconds
170.952: [GC [PSYoungGen: 31202K->2304K(32768K)] 45804K->16986K(71680K), 0.0009350 secs] [Times: user=0.01 sys=0.00, real=0.00 secs] 
170.953: Total time for which application threads were stopped: 0.0010770 seconds, Stopping threads took: 0.0000630 seconds
171.025: Application time: 0.0725350 seconds
171.025: [GC [PSYoungGen: 31793K->2816K(33280K)] 46475K->17546K(72192K), 0.0011010 secs] [Times: user=0.00 sys=0.00, real=0.00 secs] 
171.026: Total time for which application threads were stopped: 0.0012360 seconds, Stopping threads took: 0.0000610 seconds
171.100: Application time: 0.0738690 seconds
171.100: [GC [PSYoungGen: 32230K->2816K(38912K)] 46961K->17622K(77824K), 0.0009400 secs] [Times: user=0.01 sys=0.00, real=0.00 secs] 
171.101: Total time for which application threads were stopped: 0.0010870 seconds, Stopping threads took: 0.0000670 seconds
171.189: Application time: 0.0880090 seconds
171.190: [GC [PSYoungGen: 37828K->1248K(36352K)] 52634K->16102K(75264K), 0.0005630 secs] [Times: user=0.00 sys=0.00, real=0.00 secs] 
171.190: Total time for which application threads were stopped: 0.0006920 seconds, Stopping threads took: 0.0000660 seconds
171.276: Application time: 0.0856720 seconds
171.276: [GC [PSYoungGen: 35813K->2304K(36864K)] 50668K->17158K(75776K), 0.0009050 secs] [Times: user=0.00 sys=0.00, real=0.00 secs] 
171.277: Total time for which application threads were stopped: 0.0010420 seconds, Stopping threads took: 0.0000680 seconds
171.361: Application time: 0.0838720 seconds
171.361: [GC [PSYoungGen: 36281K->2272K(36352K)] 51136K->17166K(75264K), 0.0009370 secs] [Times: user=0.00 sys=0.00, real=0.01 secs] 
171.362: Total time for which application threads were stopped: 0.0010910 seconds, Stopping threads took: 0.0000830 seconds
171.446: Application time: 0.0844880 seconds
171.446: [GC [PSYoungGen: 35735K->1792K(36352K)] 50630K->16686K(75264K), 0.0006780 secs] [Times: user=0.00 sys=0.00, real=0.00 secs] 
171.447: Total time for which application threads were stopped: 0.0008210 seconds, Stopping threads took: 0.0000780 seconds
171.529: Application time: 0.0818290 seconds
171.529: [GC [PSYoungGen: 34889K->2816K(36864K)] 49784K->17710K(75776K), 0.0011130 secs] [Times: user=0.01 sys=0.00, real=0.00 secs] 
171.530: Total time for which application threads were stopped: 0.0012680 seconds, Stopping threads took: 0.0000700 seconds
171.612: Application time: 0.0815300 seconds
171.612: [GC [PSYoungGen: 35928K->1280K(34304K)] 50822K->16246K(73216K), 0.0005830 secs] [Times: user=0.00 sys=0.00, real=0.00 secs] 
171.612: Total time for which application threads were stopped: 0.0007100 seconds, Stopping threads took: 0.0000630 seconds
171.692: Application time: 0.0790480 seconds
171.692: [GC [PSYoungGen: 33853K->3360K(41472K)] 48820K->18406K(80384K), 0.0012590 secs] [Times: user=0.01 sys=0.00, real=0.00 secs] 
171.693: Total time for which application threads were stopped: 0.0014090 seconds, Stopping threads took: 0.0000730 seconds
171.786: Application time: 0.0927260 seconds
171.786: [GC [PSYoungGen: 41016K->2784K(43520K)] 56063K->17906K(82432K), 0.0010650 secs] [Times: user=0.01 sys=0.00, real=0.00 secs] 
171.787: Total time for which application threads were stopped: 0.0012260 seconds, Stopping threads took: 0.0000880 seconds
171.886: Application time: 0.0992140 seconds
171.886: [GC [PSYoungGen: 41986K->1248K(39936K)] 57109K->16426K(78848K), 0.0005750 secs] [Times: user=0.00 sys=0.00, real=0.00 secs] 
171.887: Total time for which application threads were stopped: 0.0007550 seconds, Stopping threads took: 0.0001180 seconds
171.981: Application time: 0.0945020 seconds
171.981: [GC [PSYoungGen: 39338K->1280K(40448K)] 54517K->16515K(79360K), 0.0005190 secs] [Times: user=0.00 sys=0.00, real=0.00 secs] 
171.982: Total time for which application threads were stopped: 0.0006490 seconds, Stopping threads took: 0.0000710 seconds
172.075: Application time: 0.0928150 seconds
172.075: [GC [PSYoungGen: 38342K->1280K(37888K)] 53577K->16515K(76800K), 0.0006160 secs] [Times: user=0.00 sys=0.00, real=0.00 secs] 
172.076: Total time for which application threads were stopped: 0.0007640 seconds, Stopping threads took: 0.0000800 seconds
172.165: Application time: 0.0893520 seconds
172.165: [GC [PSYoungGen: 37470K->1280K(39424K)] 52705K->16515K(78336K), 0.0005980 secs] [Times: user=0.00 sys=0.01, real=0.00 secs] 
172.166: Total time for which application threads were stopped: 0.0007220 seconds, Stopping threads took: 0.0000590 seconds
172.251: Application time: 0.0854600 seconds
172.251: [GC [PSYoungGen: 36950K->2784K(38400K)] 52185K->18111K(77312K), 0.0011080 secs] [Times: user=0.00 sys=0.00, real=0.00 secs] 
172.252: Total time for which application threads were stopped: 0.0012450 seconds, Stopping threads took: 0.0000660 seconds
172.341: Application time: 0.0887560 seconds
172.341: [GC [PSYoungGen: 37874K->1280K(38400K)] 53201K->16687K(77312K), 0.0006330 secs] [Times: user=0.01 sys=0.00, real=0.01 secs] 
172.342: Total time for which application threads were stopped: 0.0007770 seconds, Stopping threads took: 0.0000800 seconds
172.427: Application time: 0.0847180 seconds
172.427: [GC [PSYoungGen: 35924K->2304K(36864K)] 51331K->17751K(75776K), 0.0009430 secs] [Times: user=0.01 sys=0.00, real=0.00 secs] 
172.428: Total time for which application threads were stopped: 0.0010820 seconds, Stopping threads took: 0.0000690 seconds
172.511: Application time: 0.0834690 seconds
172.511: [GC [PSYoungGen: 36279K->2816K(37376K)] 51726K->18347K(76288K), 0.0010980 secs] [Times: user=0.00 sys=0.00, real=0.00 secs] 
172.512: Total time for which application threads were stopped: 0.0012430 seconds, Stopping threads took: 0.0000700 seconds
172.596: Application time: 0.0838910 seconds
172.597: [GC [PSYoungGen: 36360K->1792K(35328K)] 51891K->17323K(74240K), 0.0007330 secs] [Times: user=0.01 sys=0.00, real=0.00 secs] 
172.597: Total time for which application threads were stopped: 0.0009340 seconds, Stopping threads took: 0.0001310 seconds
172.678: Application time: 0.0806720 seconds
172.678: [GC [PSYoungGen: 34741K->2304K(36352K)] 50272K->17891K(75264K), 0.0009190 secs] [Times: user=0.01 sys=0.00, real=0.00 secs] 
172.679: Total time for which application threads were stopped: 0.0010610 seconds, Stopping threads took: 0.0000740 seconds
172.761: Application time: 0.0821050 seconds
172.761: [GC [PSYoungGen: 34737K->2304K(34816K)] 50324K->17891K(73728K), 0.0009210 secs] [Times: user=0.00 sys=0.00, real=0.01 secs] 
172.762: Total time for which application threads were stopped: 0.0010630 seconds, Stopping threads took: 0.0000730 seconds
172.842: Application time: 0.0800940 seconds
172.842: [GC [PSYoungGen: 34382K->1792K(34304K)] 49969K->17379K(73216K), 0.0008140 secs] [Times: user=0.01 sys=0.00, real=0.00 secs] 
172.843: Total time for which application threads were stopped: 0.0009470 seconds, Stopping threads took: 0.0000660 seconds
172.921: Application time: 0.0776220 seconds
172.921: [GC [PSYoungGen: 33349K->1792K(33280K)] 48936K->17467K(72192K), 0.0008100 secs] [Times: user=0.00 sys=0.00, real=0.01 secs] 
172.922: Total time for which application threads were stopped: 0.0009540 seconds, Stopping threads took: 0.0000770 seconds
172.998: Application time: 0.0758010 seconds
172.998: [GC [PSYoungGen: 32746K->2784K(34816K)] 48422K->18535K(73728K), 0.0011480 secs] [Times: user=0.00 sys=0.00, real=0.00 secs] 
172.999: Total time for which application threads were stopped: 0.0012810 seconds, Stopping threads took: 0.0000590 seconds
173.076: Application time: 0.0774240 seconds
173.076: [GC [PSYoungGen: 33833K->1792K(34816K)] 49585K->17599K(73728K), 0.0007260 secs] [Times: user=0.01 sys=0.00, real=0.00 secs] 
173.077: Total time for which application threads were stopped: 0.0008650 seconds, Stopping threads took: 0.0000710 seconds
173.153: Application time: 0.0759310 seconds
173.153: [GC [PSYoungGen: 32672K->2208K(41472K)] 48480K->18099K(80384K), 0.0007880 secs] [Times: user=0.00 sys=0.00, real=0.01 secs] 
173.154: Total time for which application threads were stopped: 0.0009560 seconds, Stopping threads took: 0.0000830 seconds
173.250: Application time: 0.0963540 seconds
173.251: [GC [PSYoungGen: 39868K->768K(37888K)] 55760K->16659K(76800K), 0.0004560 secs] [Times: user=0.00 sys=0.00, real=0.00 secs] 
173.251: Total time for which application threads were stopped: 0.0005690 seconds, Stopping threads took: 0.0000520 seconds
173.340: Application time: 0.0891610 seconds
173.340: [GC [PSYoungGen: 37311K->1792K(39424K)] 53203K->17739K(78336K), 0.0006930 secs] [Times: user=0.01 sys=0.00, real=0.00 secs] 
173.341: Total time for which application threads were stopped: 0.0008320 seconds, Stopping threads took: 0.0000720 seconds
173.431: Application time: 0.0898700 seconds
173.431: [GC [PSYoungGen: 37823K->2304K(38400K)] 53771K->18251K(77312K), 0.0008930 secs] [Times: user=0.01 sys=0.00, real=0.00 secs] 
173.432: Total time for which application threads were stopped: 0.0010240 seconds, Stopping threads took: 0.0000610 seconds
173.522: Application time: 0.0905030 seconds
173.523: [GC [PSYoungGen: 38060K->1808K(38400K)] 54008K->17755K(77312K), 0.0007260 secs] [Times: user=0.00 sys=0.00, real=0.00 secs] 
173.523: Total time for which application threads were stopped: 0.0008540 seconds, Stopping threads took: 0.0000640 seconds
173.609: Application time: 0.0855780 seconds
173.609: [GC [PSYoungGen: 36887K->2816K(37888K)] 52835K->18871K(76800K), 0.0011710 secs] [Times: user=0.00 sys=0.00, real=0.00 secs] 
173.610: Total time for which application threads were stopped: 0.0013180 seconds, Stopping threads took: 0.0000720 seconds
173.699: Application time: 0.0892440 seconds
173.702: [GC [PSYoungGen: 37472K->736K(37376K)] 53527K->16839K(76288K), 0.0005000 secs] [Times: user=0.00 sys=0.00, real=0.00 secs] 
173.702: Total time for which application threads were stopped: 0.0026270 seconds, Stopping threads took: 0.0020620 seconds
173.784: Application time: 0.0822010 seconds
173.784: [GC [PSYoungGen: 34783K->2304K(36352K)] 50887K->18487K(75264K), 0.0009330 secs] [Times: user=0.00 sys=0.00, real=0.00 secs] 
173.785: Total time for which application threads were stopped: 0.0010670 seconds, Stopping threads took: 0.0000640 seconds
173.868: Application time: 0.0828680 seconds
173.868: [GC [PSYoungGen: 35843K->2816K(36864K)] 52027K->19047K(75776K), 0.0010790 secs] [Times: user=0.00 sys=0.00, real=0.00 secs] 
173.869: Total time for which application threads were stopped: 0.0012180 seconds, Stopping threads took: 0.0000680 seconds
173.952: Application time: 0.0825890 seconds
173.952: [GC [PSYoungGen: 35767K->2304K(35328K)] 51999K->18583K(74240K), 0.0008890 secs] [Times: user=0.00 sys=0.00, real=0.00 secs] 
173.953: Total time for which application threads were stopped: 0.0010240 seconds, Stopping threads took: 0.0000670 seconds
174.033: Application time: 0.0804540 seconds
174.034: [GC [PSYoungGen: 34733K->2816K(36864K)] 51013K->19095K(75776K), 0.0011070 secs] [Times: user=0.00 sys=0.00, real=0.00 secs] 
174.035: Total time for which application threads were stopped: 0.0013450 seconds, Stopping threads took: 0.0001650 seconds
174.117: Application time: 0.0817230 seconds
174.117: [GC [PSYoungGen: 35333K->1760K(36864K)] 51613K->18039K(75776K), 0.0007110 secs] [Times: user=0.00 sys=0.00, real=0.00 secs] 
174.117: Total time for which application threads were stopped: 0.0008310 seconds, Stopping threads took: 0.0000580 seconds
174.201: Application time: 0.0832070 seconds
174.201: [GC [PSYoungGen: 34356K->736K(33280K)] 50635K->17063K(72192K), 0.0005060 secs] [Times: user=0.01 sys=0.00, real=0.01 secs] 
174.202: Total time for which application threads were stopped: 0.0010880 seconds, Stopping threads took: 0.0005220 seconds
174.277: Application time: 0.0756650 seconds
174.277: [GC [PSYoungGen: 32712K->3328K(40448K)] 49040K->19724K(79360K), 0.0012780 secs] [Times: user=0.01 sys=0.00, real=0.00 secs] 
174.279: Total time for which application threads were stopped: 0.0014330 seconds, Stopping threads took: 0.0000650 seconds
174.370: Application time: 0.0911340 seconds
174.370: [GC [PSYoungGen: 39524K->1792K(37888K)] 55920K->18227K(76800K), 0.0007020 secs] [Times: user=0.00 sys=0.00, real=0.00 secs] 
174.371: Total time for which application threads were stopped: 0.0008250 seconds, Stopping threads took: 0.0000580 seconds
174.459: Application time: 0.0880520 seconds
174.459: [GC [PSYoungGen: 37389K->1792K(37376K)] 53825K->18316K(76288K), 0.0008180 secs] [Times: user=0.01 sys=0.00, real=0.00 secs] 
174.460: Total time for which application threads were stopped: 0.0010540 seconds, Stopping threads took: 0.0001690 seconds
174.546: Application time: 0.0863220 seconds
174.546: [GC [PSYoungGen: 36873K->2304K(38400K)] 53397K->18884K(77312K), 0.0009230 secs] [Times: user=0.00 sys=0.00, real=0.00 secs] 
174.547: Total time for which application threads were stopped: 0.0010710 seconds, Stopping threads took: 0.0000750 seconds
174.632: Application time: 0.0847160 seconds
174.632: [GC [PSYoungGen: 36799K->1280K(35840K)] 53379K->17908K(74752K), 0.0005670 secs] [Times: user=0.01 sys=0.00, real=0.00 secs] 
174.633: Total time for which application threads were stopped: 0.0006930 seconds, Stopping threads took: 0.0000620 seconds
174.717: Application time: 0.0844260 seconds
174.717: [GC [PSYoungGen: 35253K->2304K(37376K)] 51881K->18932K(76288K), 0.0008810 secs] [Times: user=0.01 sys=0.00, real=0.00 secs] 
174.718: Total time for which application threads were stopped: 0.0010240 seconds, Stopping threads took: 0.0000720 seconds
174.801: Application time: 0.0828940 seconds
174.801: [GC [PSYoungGen: 35928K->1280K(34816K)] 52556K->17908K(73728K), 0.0006490 secs] [Times: user=0.00 sys=0.00, real=0.01 secs] 
174.802: Total time for which application threads were stopped: 0.0008790 seconds, Stopping threads took: 0.0001590 seconds
174.883: Application time: 0.0812340 seconds
174.883: [GC [PSYoungGen: 34301K->2304K(35840K)] 50929K->19012K(74752K), 0.0009590 secs] [Times: user=0.01 sys=0.00, real=0.00 secs] 
174.884: Total time for which application threads were stopped: 0.0011030 seconds, Stopping threads took: 0.0000720 seconds
174.965: Application time: 0.0807400 seconds
174.965: [GC [PSYoungGen: 34898K->1792K(34304K)] 51606K->18556K(73216K), 0.0007980 secs] [Times: user=0.01 sys=0.00, real=0.00 secs] 
174.966: Total time for which application threads were stopped: 0.0009380 seconds, Stopping threads took: 0.0000760 seconds
175.046: Application time: 0.0804860 seconds
175.047: [GC [PSYoungGen: 33866K->1792K(34816K)] 50630K->18636K(73728K), 0.0007900 secs] [Times: user=0.00 sys=0.00, real=0.00 secs] 
175.047: Total time for which application threads were stopped: 0.0009400 seconds, Stopping threads took: 0.0000840 seconds
175.123: Application time: 0.0756290 seconds
175.123: [GC [PSYoungGen: 33188K->2304K(33792K)] 50033K->19220K(72704K), 0.0009330 secs] [Times: user=0.00 sys=0.00, real=0.00 secs] 
175.124: Total time for which application threads were stopped: 0.0010750 seconds, Stopping threads took: 0.0000720 seconds
175.201: Application time: 0.0769330 seconds
175.201: [GC [PSYoungGen: 33267K->2304K(33792K)] 50183K->19220K(72704K), 0.0009270 secs] [Times: user=0.00 sys=0.00, real=0.01 secs] 
175.202: Total time for which application threads were stopped: 0.0010830 seconds, Stopping threads took: 0.0000840 seconds
175.279: Application time: 0.0764750 seconds
175.279: [GC [PSYoungGen: 32681K->1280K(31744K)] 49597K->18244K(70656K), 0.0005920 secs] [Times: user=0.00 sys=0.00, real=0.00 secs] 
175.279: Total time for which application threads were stopped: 0.0007160 seconds, Stopping threads took: 0.0000600 seconds
175.352: Application time: 0.0726710 seconds
175.352: [GC [PSYoungGen: 31124K->2304K(32768K)] 48088K->19268K(71680K), 0.0009190 secs] [Times: user=0.01 sys=0.00, real=0.00 secs] 
175.353: Total time for which application threads were stopped: 0.0010770 seconds, Stopping threads took: 0.0000780 seconds
175.428: Application time: 0.0751950 seconds
175.428: [GC [PSYoungGen: 31644K->1792K(31232K)] 48608K->18756K(70144K), 0.0007370 secs] [Times: user=0.00 sys=0.00, real=0.00 secs] 
175.429: Total time for which application threads were stopped: 0.0009040 seconds, Stopping threads took: 0.0000940 seconds
175.499: Application time: 0.0698390 seconds
175.499: [GC [PSYoungGen: 30768K->1792K(31744K)] 47733K->18756K(70656K), 0.0007610 secs] [Times: user=0.00 sys=0.00, real=0.00 secs] 
175.500: Total time for which application threads were stopped: 0.0008870 seconds, Stopping threads took: 0.0000600 seconds
175.571: Application time: 0.0706700 seconds
175.571: [GC [PSYoungGen: 30178K->1280K(29696K)] 47142K->18324K(68608K), 0.0006270 secs] [Times: user=0.00 sys=0.00, real=0.00 secs] 
175.571: Total time for which application threads were stopped: 0.0007640 seconds, Stopping threads took: 0.0000720 seconds
175.639: Application time: 0.0673580 seconds
175.639: [GC [PSYoungGen: 29220K->3360K(31744K)] 46264K->20444K(70656K), 0.0012710 secs] [Times: user=0.01 sys=0.00, real=0.00 secs] 
175.640: Total time for which application threads were stopped: 0.0014290 seconds, Stopping threads took: 0.0000810 seconds
175.710: Application time: 0.0697550 seconds
175.710: [GC [PSYoungGen: 31236K->2304K(31744K)] 48321K->19468K(70656K), 0.0009360 secs] [Times: user=0.01 sys=0.00, real=0.00 secs] 
175.711: Total time for which application threads were stopped: 0.0010940 seconds, Stopping threads took: 0.0000870 seconds
175.781: Application time: 0.0699960 seconds
175.781: [GC [PSYoungGen: 30256K->1280K(37376K)] 47421K->18492K(76288K), 0.0005940 secs] [Times: user=0.00 sys=0.00, real=0.01 secs] 
175.782: Total time for which application threads were stopped: 0.0007360 seconds, Stopping threads took: 0.0000780 seconds
175.865: Application time: 0.0832720 seconds
175.865: [GC [PSYoungGen: 34741K->1792K(37376K)] 51954K->19092K(76288K), 0.0007590 secs] [Times: user=0.00 sys=0.00, real=0.00 secs] 
175.866: Total time for which application threads were stopped: 0.0008960 seconds, Stopping threads took: 0.0000590 seconds
175.951: Application time: 0.0847190 seconds
175.951: [GC [PSYoungGen: 35257K->1280K(34816K)] 52558K->18580K(73728K), 0.0005290 secs] [Times: user=0.00 sys=0.00, real=0.00 secs] 
175.951: Total time for which application threads were stopped: 0.0006520 seconds, Stopping threads took: 0.0000600 seconds
176.033: Application time: 0.0821370 seconds
176.033: [GC [PSYoungGen: 34229K->1216K(34304K)] 51530K->18516K(73216K), 0.0005420 secs] [Times: user=0.01 sys=0.00, real=0.00 secs] 
176.034: Total time for which application threads were stopped: 0.0006730 seconds, Stopping threads took: 0.0000620 seconds
176.116: Application time: 0.0815540 seconds
176.116: [GC [PSYoungGen: 33810K->768K(33280K)] 51110K->18068K(72192K), 0.0004980 secs] [Times: user=0.00 sys=0.00, real=0.00 secs] 
176.116: Total time for which application threads were stopped: 0.0006160 seconds, Stopping threads took: 0.0000600 seconds
176.193: Application time: 0.0763790 seconds
176.194: [GC [PSYoungGen: 32753K->1792K(33792K)] 50053K->19172K(72704K), 0.0006530 secs] [Times: user=0.01 sys=0.00, real=0.00 secs] 
176.194: Total time for which application threads were stopped: 0.0016350 seconds, Stopping threads took: 0.0009150 seconds
176.274: Application time: 0.0793440 seconds
176.274: [GC [PSYoungGen: 33277K->1792K(33280K)] 50658K->19228K(72192K), 0.0007650 secs] [Times: user=0.00 sys=0.00, real=0.00 secs] 
176.274: Total time for which application threads were stopped: 0.0008880 seconds, Stopping threads took: 0.0000570 seconds
176.351: Application time: 0.0770590 seconds
176.352: [GC [PSYoungGen: 32829K->2304K(33280K)] 50266K->19788K(72192K), 0.0009570 secs] [Times: user=0.01 sys=0.00, real=0.00 secs] 
176.353: Total time for which application threads were stopped: 0.0011970 seconds, Stopping threads took: 0.0001710 seconds
176.429: Application time: 0.0761750 seconds
176.429: [GC [PSYoungGen: 32833K->1792K(32256K)] 50318K->19372K(71168K), 0.0007390 secs] [Times: user=0.00 sys=0.01, real=0.00 secs] 
176.430: Total time for which application threads were stopped: 0.0008820 seconds, Stopping threads took: 0.0000640 seconds
176.502: Application time: 0.0726290 seconds
176.503: [GC [PSYoungGen: 31640K->2304K(32256K)] 49221K->19964K(71168K), 0.0009690 secs] [Times: user=0.00 sys=0.00, real=0.00 secs] 
176.504: Total time for which application threads were stopped: 0.0011250 seconds, Stopping threads took: 0.0000840 seconds
176.576: Application time: 0.0723870 seconds
176.576: [GC [PSYoungGen: 31640K->1792K(34304K)] 49301K->19964K(73216K), 0.0009060 secs] [Times: user=0.00 sys=0.00, real=0.00 secs] 
176.577: Total time for which application threads were stopped: 0.0010430 seconds, Stopping threads took: 0.0000700 seconds
176.657: Application time: 0.0803210 seconds
176.657: [GC [PSYoungGen: 33717K->1280K(33280K)] 51890K->19452K(72192K), 0.0005750 secs] [Times: user=0.01 sys=0.00, real=0.00 secs] 
176.658: Total time for which application threads were stopped: 0.0006980 seconds, Stopping threads took: 0.0000630 seconds
176.734: Application time: 0.0765150 seconds
176.735: [GC [PSYoungGen: 32672K->2304K(33792K)] 50845K->20476K(72704K), 0.0008860 secs] [Times: user=0.00 sys=0.00, real=0.00 secs] 
176.736: Total time for which application threads were stopped: 0.0011120 seconds, Stopping threads took: 0.0001560 seconds
176.812: Application time: 0.0768840 seconds
176.813: [GC [PSYoungGen: 33349K->1792K(32768K)] 51522K->19964K(71680K), 0.0007930 secs] [Times: user=0.00 sys=0.00, real=0.01 secs] 
176.814: Total time for which application threads were stopped: 0.0010080 seconds, Stopping threads took: 0.0001480 seconds
176.888: Application time: 0.0747470 seconds
176.888: [GC [PSYoungGen: 32234K->2304K(33792K)] 50407K->20552K(72704K), 0.0009380 secs] [Times: user=0.01 sys=0.00, real=0.00 secs] 
176.889: Total time for which application threads were stopped: 0.0010760 seconds, Stopping threads took: 0.0000690 seconds
176.966: Application time: 0.0765190 seconds
176.966: [GC [PSYoungGen: 32750K->2272K(33792K)] 50999K->20561K(72704K), 0.0009160 secs] [Times: user=0.01 sys=0.00, real=0.00 secs] 
176.967: Total time for which application threads were stopped: 0.0010630 seconds, Stopping threads took: 0.0000700 seconds
177.043: Application time: 0.0763100 seconds
177.043: [GC [PSYoungGen: 32801K->1792K(39936K)] 51090K->20121K(78848K), 0.0007280 secs] [Times: user=0.01 sys=0.00, real=0.00 secs] 
177.044: Total time for which application threads were stopped: 0.0008590 seconds, Stopping threads took: 0.0000620 seconds
177.134: Application time: 0.0903950 seconds
177.135: [GC [PSYoungGen: 38498K->1248K(37888K)] 56827K->19653K(76800K), 0.0006260 secs] [Times: user=0.00 sys=0.00, real=0.00 secs] 
177.135: Total time for which application threads were stopped: 0.0007570 seconds, Stopping threads took: 0.0000680 seconds
177.222: Application time: 0.0867080 seconds
177.222: [GC [PSYoungGen: 37277K->2272K(38400K)] 55682K->20757K(77312K), 0.0008940 secs] [Times: user=0.00 sys=0.00, real=0.00 secs] 
177.223: Total time for which application threads were stopped: 0.0010250 seconds, Stopping threads took: 0.0000590 seconds
177.312: Application time: 0.0888140 seconds
177.312: [GC [PSYoungGen: 37793K->1792K(37376K)] 56279K->20277K(76288K), 0.0007240 secs] [Times: user=0.01 sys=0.00, real=0.00 secs] 
177.313: Total time for which application threads were stopped: 0.0008450 seconds, Stopping threads took: 0.0000570 seconds
177.398: Application time: 0.0856830 seconds
177.398: [GC [PSYoungGen: 36795K->2304K(37376K)] 55280K->20789K(76288K), 0.0008630 secs] [Times: user=0.00 sys=0.00, real=0.00 secs] 
177.399: Total time for which application threads were stopped: 0.0009900 seconds, Stopping threads took: 0.0000570 seconds
177.484: Application time: 0.0844950 seconds
177.484: [GC [PSYoungGen: 36954K->1792K(36352K)] 55439K->20277K(75264K), 0.0007800 secs] [Times: user=0.00 sys=0.00, real=0.00 secs] 
177.485: Total time for which application threads were stopped: 0.0009250 seconds, Stopping threads took: 0.0000650 seconds
177.568: Application time: 0.0829770 seconds
177.568: [GC [PSYoungGen: 35921K->2848K(36864K)] 54406K->21413K(75776K), 0.0010750 secs] [Times: user=0.00 sys=0.00, real=0.00 secs] 
177.569: Total time for which application threads were stopped: 0.0012150 seconds, Stopping threads took: 0.0000600 seconds
177.653: Application time: 0.0836930 seconds
177.653: [GC [PSYoungGen: 36392K->2304K(35840K)] 54957K->20949K(74752K), 0.0009400 secs] [Times: user=0.00 sys=0.00, real=0.01 secs] 
177.654: Total time for which application threads were stopped: 0.0010890 seconds, Stopping threads took: 0.0000810 seconds
177.735: Application time: 0.0811830 seconds
177.735: [GC [PSYoungGen: 35484K->2848K(36864K)] 54129K->21533K(75776K), 0.0011160 secs] [Times: user=0.01 sys=0.00, real=0.00 secs] 
177.736: Total time for which application threads were stopped: 0.0012570 seconds, Stopping threads took: 0.0000700 seconds
177.819: Application time: 0.0829170 seconds
177.819: [GC [PSYoungGen: 35797K->2784K(36864K)] 54482K->21581K(75776K), 0.0010970 secs] [Times: user=0.01 sys=0.00, real=0.00 secs] 
177.820: Total time for which application threads were stopped: 0.0012390 seconds, Stopping threads took: 0.0000710 seconds
177.903: Application time: 0.0829720 seconds
177.903: [GC [PSYoungGen: 35737K->1792K(43520K)] 54535K->20589K(82432K), 0.0006250 secs] [Times: user=0.00 sys=0.00, real=0.00 secs] 
177.904: Total time for which application threads were stopped: 0.0007700 seconds, Stopping threads took: 0.0000750 seconds
178.002: Application time: 0.0979800 seconds
178.002: [GC [PSYoungGen: 41420K->2816K(41984K)] 60217K->21613K(80896K), 0.0009390 secs] [Times: user=0.01 sys=0.00, real=0.00 secs] 
178.003: Total time for which application threads were stopped: 0.0010880 seconds, Stopping threads took: 0.0000670 seconds
178.098: Application time: 0.0951000 seconds
178.098: [GC [PSYoungGen: 41578K->2304K(40448K)] 60375K->21101K(79360K), 0.0009150 secs] [Times: user=0.00 sys=0.00, real=0.00 secs] 
178.099: Total time for which application threads were stopped: 0.0010610 seconds, Stopping threads took: 0.0000770 seconds
178.191: Application time: 0.0921490 seconds
178.192: [GC [PSYoungGen: 39958K->2304K(39424K)] 58755K->21181K(78336K), 0.0009740 secs] [Times: user=0.01 sys=0.00, real=0.00 secs] 
178.193: Total time for which application threads were stopped: 0.0011270 seconds, Stopping threads took: 0.0000850 seconds
178.283: Application time: 0.0908010 seconds
178.283: [GC [PSYoungGen: 38930K->2304K(40448K)] 57807K->21237K(79360K), 0.0013100 secs] [Times: user=0.01 sys=0.00, real=0.00 secs] 
178.285: Total time for which application threads were stopped: 0.0014370 seconds, Stopping threads took: 0.0000580 seconds
178.376: Application time: 0.0910640 seconds
178.376: [GC [PSYoungGen: 39678K->2352K(40960K)] 58612K->21333K(79872K), 0.0009850 secs] [Times: user=0.00 sys=0.00, real=0.00 secs] 
178.377: Total time for which application threads were stopped: 0.0011160 seconds, Stopping threads took: 0.0000610 seconds
178.467: Application time: 0.0902470 seconds
178.467: [GC [PSYoungGen: 39412K->2816K(48640K)] 58393K->21933K(87552K), 0.0009610 secs] [Times: user=0.00 sys=0.00, real=0.00 secs] 
178.468: Total time for which application threads were stopped: 0.0011060 seconds, Stopping threads took: 0.0000740 seconds
178.579: Application time: 0.1102360 seconds
178.579: [GC [PSYoungGen: 47595K->1792K(46080K)] 66712K->20909K(84992K), 0.0006210 secs] [Times: user=0.00 sys=0.00, real=0.00 secs] 
178.579: Total time for which application threads were stopped: 0.0007620 seconds, Stopping threads took: 0.0000650 seconds
178.688: Application time: 0.1086530 seconds
178.688: [GC [PSYoungGen: 45536K->1792K(45568K)] 64654K->20909K(84480K), 0.0007120 secs] [Times: user=0.01 sys=0.00, real=0.00 secs] 
178.689: Total time for which application threads were stopped: 0.0008560 seconds, Stopping threads took: 0.0000760 seconds
178.792: Application time: 0.1029380 seconds
178.792: [GC [PSYoungGen: 44658K->3360K(45568K)] 63776K->22477K(84480K), 0.0012180 secs] [Times: user=0.01 sys=0.00, real=0.00 secs] 
178.793: Total time for which application threads were stopped: 0.0013710 seconds, Stopping threads took: 0.0000760 seconds
178.898: Application time: 0.1052510 seconds
178.899: [GC [PSYoungGen: 45211K->1280K(43520K)] 64329K->20485K(82432K), 0.0006300 secs] [Times: user=0.00 sys=0.00, real=0.00 secs] 
178.899: Total time for which application threads were stopped: 0.0007690 seconds, Stopping threads took: 0.0000780 seconds
178.998: Application time: 0.0985590 seconds
178.998: [GC [PSYoungGen: 42092K->2848K(43008K)] 61298K->22137K(81920K), 0.0011490 secs] [Times: user=0.01 sys=0.00, real=0.00 secs] 
178.999: Total time for which application threads were stopped: 0.0012850 seconds, Stopping threads took: 0.0000590 seconds
179.100: Application time: 0.1008380 seconds
179.100: [GC [PSYoungGen: 42642K->1280K(41984K)] 61932K->20649K(80896K), 0.0006530 secs] [Times: user=0.01 sys=0.00, real=0.00 secs] 
179.101: Total time for which application threads were stopped: 0.0008000 seconds, Stopping threads took: 0.0000730 seconds
179.195: Application time: 0.0940950 seconds
179.195: [GC [PSYoungGen: 39878K->2784K(40960K)] 59247K->22230K(79872K), 0.0011820 secs] [Times: user=0.00 sys=0.00, real=0.00 secs] 
179.196: Total time for which application threads were stopped: 0.0013300 seconds, Stopping threads took: 0.0000720 seconds
179.289: Application time: 0.0926660 seconds
179.290: [GC [PSYoungGen: 40362K->2304K(39936K)] 59808K->21750K(78848K), 0.0009450 secs] [Times: user=0.01 sys=0.00, real=0.00 secs] 
179.291: Total time for which application threads were stopped: 0.0017080 seconds, Stopping threads took: 0.0006930 seconds
179.382: Application time: 0.0912260 seconds
179.382: [GC [PSYoungGen: 38854K->1792K(38400K)] 58300K->21238K(77312K), 0.0007240 secs] [Times: user=0.00 sys=0.00, real=0.00 secs] 
179.383: Total time for which application threads were stopped: 0.0008650 seconds, Stopping threads took: 0.0000780 seconds
179.474: Application time: 0.0913610 seconds
179.474: [GC [PSYoungGen: 37986K->768K(39424K)] 57432K->20213K(78336K), 0.0004880 secs] [Times: user=0.00 sys=0.00, real=0.00 secs] 
179.475: Total time for which application threads were stopped: 0.0006080 seconds, Stopping threads took: 0.0000570 seconds
179.561: Application time: 0.0859640 seconds
179.561: [GC [PSYoungGen: 36433K->3312K(38912K)] 55879K->22838K(77824K), 0.0013030 secs] [Times: user=0.01 sys=0.00, real=0.01 secs] 
179.562: Total time for which application threads were stopped: 0.0014530 seconds, Stopping threads took: 0.0000720 seconds
179.651: Application time: 0.0885980 seconds
179.651: [GC [PSYoungGen: 38482K->1280K(38400K)] 58008K->20894K(77312K), 0.0006190 secs] [Times: user=0.00 sys=0.00, real=0.00 secs] 
179.651: Total time for which application threads were stopped: 0.0008770 seconds, Stopping threads took: 0.0001900 seconds
179.738: Application time: 0.0862210 seconds
179.738: [GC [PSYoungGen: 35926K->1792K(36352K)] 55540K->21478K(75264K), 0.0008180 secs] [Times: user=0.01 sys=0.00, real=0.00 secs] 
179.739: Total time for which application threads were stopped: 0.0009580 seconds, Stopping threads took: 0.0000730 seconds
179.822: Application time: 0.0833640 seconds
179.822: [GC [PSYoungGen: 35767K->2304K(37376K)] 55453K->22078K(76288K), 0.0009360 secs] [Times: user=0.00 sys=0.00, real=0.00 secs] 
179.823: Total time for which application threads were stopped: 0.0010760 seconds, Stopping threads took: 0.0000700 seconds
179.904: Application time: 0.0810960 seconds
179.904: [GC [PSYoungGen: 35761K->3328K(37888K)] 55535K->23102K(76800K), 0.0012540 secs] [Times: user=0.01 sys=0.00, real=0.00 secs] 
179.906: Total time for which application threads were stopped: 0.0014000 seconds, Stopping threads took: 0.0000700 seconds
179.992: Application time: 0.0863470 seconds
179.992: [GC [PSYoungGen: 36797K->1792K(35328K)] 56572K->21566K(74240K), 0.0006370 secs] [Times: user=0.00 sys=0.00, real=0.00 secs] 
179.993: Total time for which application threads were stopped: 0.0007750 seconds, Stopping threads took: 0.0000710 seconds
180.075: Application time: 0.0824910 seconds
180.075: [GC [PSYoungGen: 34900K->1280K(34304K)] 54674K->21054K(73216K), 0.0006500 secs] [Times: user=0.00 sys=0.00, real=0.00 secs] 
180.076: Total time for which application threads were stopped: 0.0007870 seconds, Stopping threads took: 0.0000640 seconds
180.156: Application time: 0.0798160 seconds
180.158: [GC [PSYoungGen: 33713K->1280K(33792K)] 53487K->21134K(72704K), 0.0006220 secs] [Times: user=0.00 sys=0.00, real=0.00 secs] 
180.158: Total time for which application threads were stopped: 0.0023770 seconds, Stopping threads took: 0.0016820 seconds
180.236: Application time: 0.0778360 seconds
180.236: [GC [PSYoungGen: 33341K->2816K(34816K)] 53195K->22670K(73728K), 0.0011130 secs] [Times: user=0.00 sys=0.00, real=0.00 secs] 
180.237: Total time for which application threads were stopped: 0.0012650 seconds, Stopping threads took: 0.0000780 seconds
180.318: Application time: 0.0805650 seconds
180.318: [GC [PSYoungGen: 34386K->1280K(32768K)] 54240K->21214K(71680K), 0.0007170 secs] [Times: user=0.00 sys=0.00, real=0.00 secs] 
180.319: Total time for which application threads were stopped: 0.0009490 seconds, Stopping threads took: 0.0001680 seconds
180.394: Application time: 0.0749480 seconds
180.394: [GC [PSYoungGen: 32309K->2816K(35328K)] 52243K->22822K(74240K), 0.0011120 secs] [Times: user=0.01 sys=0.00, real=0.00 secs] 
180.395: Total time for which application threads were stopped: 0.0013530 seconds, Stopping threads took: 0.0001650 seconds
180.475: Application time: 0.0800280 seconds
180.475: [GC [PSYoungGen: 33709K->1792K(32768K)] 53715K->21878K(71680K), 0.0007960 secs] [Times: user=0.00 sys=0.00, real=0.00 secs] 
180.476: Total time for which application threads were stopped: 0.0009360 seconds, Stopping threads took: 0.0000700 seconds
180.551: Application time: 0.0747140 seconds
180.551: [GC [PSYoungGen: 32160K->1792K(32256K)] 52247K->21878K(71168K), 0.0007650 secs] [Times: user=0.00 sys=0.00, real=0.00 secs] 
180.552: Total time for which application threads were stopped: 0.0008940 seconds, Stopping threads took: 0.0000630 seconds
180.624: Application time: 0.0725770 seconds
180.624: [GC [PSYoungGen: 31636K->2784K(38400K)] 51722K->22870K(77312K), 0.0010820 secs] [Times: user=0.00 sys=0.01, real=0.00 secs] 
180.626: Total time for which application threads were stopped: 0.0012160 seconds, Stopping threads took: 0.0000610 seconds
180.710: Application time: 0.0848210 seconds
180.710: [GC [PSYoungGen: 36763K->2304K(38400K)] 56850K->22390K(77312K), 0.0010040 secs] [Times: user=0.00 sys=0.00, real=0.00 secs] 
180.711: Total time for which application threads were stopped: 0.0011460 seconds, Stopping threads took: 0.0000590 seconds
180.796: Application time: 0.0845440 seconds
180.796: [GC [PSYoungGen: 36440K->1744K(45568K)] 56527K->21830K(84480K), 0.0006720 secs] [Times: user=0.00 sys=0.00, real=0.00 secs] 
180.797: Total time for which application threads were stopped: 0.0008190 seconds, Stopping threads took: 0.0000780 seconds
180.898: Application time: 0.1011720 seconds
180.898: [GC [PSYoungGen: 43068K->3360K(45568K)] 63155K->23522K(84480K), 0.0010970 secs] [Times: user=0.01 sys=0.00, real=0.00 secs] 
180.899: Total time for which application threads were stopped: 0.0012450 seconds, Stopping threads took: 0.0000730 seconds
181.003: Application time: 0.1033060 seconds
181.003: [GC [PSYoungGen: 44696K->1792K(42496K)] 64859K->22034K(81408K), 0.0006800 secs] [Times: user=0.00 sys=0.00, real=0.00 secs] 
181.003: Total time for which application threads were stopped: 0.0008730 seconds, Stopping threads took: 0.0001290 seconds
181.102: Application time: 0.0989070 seconds
181.102: [GC [PSYoungGen: 42090K->2848K(42496K)] 62333K->23162K(81408K), 0.0010490 secs] [Times: user=0.01 sys=0.00, real=0.00 secs] 
181.104: Total time for which application threads were stopped: 0.0011880 seconds, Stopping threads took: 0.0000650 seconds
181.202: Application time: 0.0984370 seconds
181.202: [GC [PSYoungGen: 41968K->2304K(40960K)] 62283K->22706K(79872K), 0.0008460 secs] [Times: user=0.01 sys=0.00, real=0.00 secs] 
181.203: Total time for which application threads were stopped: 0.0009840 seconds, Stopping threads took: 0.0000710 seconds
181.295: Application time: 0.0922890 seconds
181.295: [GC [PSYoungGen: 40388K->3840K(49664K)] 60790K->24242K(88576K), 0.0014220 secs] [Times: user=0.01 sys=0.00, real=0.00 secs] 
181.297: Total time for which application threads were stopped: 0.0016050 seconds, Stopping threads took: 0.0000960 seconds
181.410: Application time: 0.1132870 seconds
181.410: [GC [PSYoungGen: 49287K->3360K(50688K)] 69690K->23762K(89600K), 0.0012540 secs] [Times: user=0.01 sys=0.00, real=0.00 secs] 
181.412: Total time for which application threads were stopped: 0.0013920 seconds, Stopping threads took: 0.0000590 seconds
181.527: Application time: 0.1152670 seconds
181.527: [GC [PSYoungGen: 49257K->1280K(46592K)] 69660K->21770K(85504K), 0.0006030 secs] [Times: user=0.00 sys=0.00, real=0.00 secs] 
181.528: Total time for which application threads were stopped: 0.0007330 seconds, Stopping threads took: 0.0000680 seconds
181.635: Application time: 0.1075230 seconds
181.635: [GC [PSYoungGen: 46279K->3392K(47616K)] 66770K->23922K(86528K), 0.0013700 secs] [Times: user=0.01 sys=0.00, real=0.00 secs] 
181.637: Total time for which application threads were stopped: 0.0015370 seconds, Stopping threads took: 0.0000910 seconds
181.747: Application time: 0.1100680 seconds
181.747: [GC [PSYoungGen: 47299K->1760K(45056K)] 67830K->22394K(83968K), 0.0008550 secs] [Times: user=0.00 sys=0.00, real=0.00 secs] 
181.748: Total time for which application threads were stopped: 0.0009840 seconds, Stopping threads took: 0.0000640 seconds
181.853: Application time: 0.1054690 seconds
181.853: [GC [PSYoungGen: 44476K->1792K(45568K)] 65111K->22507K(84480K), 0.0007920 secs] [Times: user=0.00 sys=0.00, real=0.01 secs] 
181.854: Total time for which application threads were stopped: 0.0009450 seconds, Stopping threads took: 0.0000730 seconds
181.957: Application time: 0.1029060 seconds
181.957: [GC [PSYoungGen: 43478K->2272K(43520K)] 64193K->22987K(82432K), 0.0009230 secs] [Times: user=0.00 sys=0.00, real=0.00 secs] 
181.958: Total time for which application threads were stopped: 0.0010580 seconds, Stopping threads took: 0.0000660 seconds
182.061: Application time: 0.1033350 seconds
182.062: [GC [PSYoungGen: 43092K->768K(43520K)] 63807K->21482K(82432K), 0.0005120 secs] [Times: user=0.01 sys=0.00, real=0.00 secs] 
182.062: Total time for which application threads were stopped: 0.0006490 seconds, Stopping threads took: 0.0000780 seconds
182.159: Application time: 0.0966130 seconds
182.159: [GC [PSYoungGen: 40474K->2304K(41472K)] 61189K->23107K(80384K), 0.0009830 secs] [Times: user=0.01 sys=0.00, real=0.00 secs] 
182.160: Total time for which application threads were stopped: 0.0011160 seconds, Stopping threads took: 0.0000630 seconds
182.254: Application time: 0.0938400 seconds
182.254: [GC [PSYoungGen: 41064K->2304K(40448K)] 61867K->23155K(79360K), 0.0010190 secs] [Times: user=0.00 sys=0.00, real=0.00 secs] 
182.255: Total time for which application threads were stopped: 0.0011620 seconds, Stopping threads took: 0.0000730 seconds
182.350: Application time: 0.0949700 seconds
182.350: [GC [PSYoungGen: 40034K->2816K(39936K)] 60885K->23747K(78848K), 0.0011810 secs] [Times: user=0.01 sys=0.00, real=0.00 secs] 
182.351: Total time for which application threads were stopped: 0.0013270 seconds, Stopping threads took: 0.0000730 seconds
182.441: Application time: 0.0898930 seconds
182.441: [GC [PSYoungGen: 39444K->2304K(39936K)] 60375K->23315K(78848K), 0.0009710 secs] [Times: user=0.00 sys=0.00, real=0.01 secs] 
182.442: Total time for which application threads were stopped: 0.0011300 seconds, Stopping threads took: 0.0000780 seconds
182.532: Application time: 0.0898470 seconds
182.532: [GC [PSYoungGen: 38337K->2304K(38400K)] 59349K->23363K(77312K), 0.0009210 secs] [Times: user=0.00 sys=0.00, real=0.00 secs] 
182.533: Total time for which application threads were stopped: 0.0010620 seconds, Stopping threads took: 0.0000740 seconds
182.621: Application time: 0.0882330 seconds
182.621: [GC [PSYoungGen: 37825K->1760K(38912K)] 58885K->22819K(77824K), 0.0007630 secs] [Times: user=0.00 sys=0.00, real=0.01 secs] 
182.622: Total time for which application threads were stopped: 0.0009030 seconds, Stopping threads took: 0.0000680 seconds
182.711: Application time: 0.0889980 seconds
182.711: [GC [PSYoungGen: 36850K->256K(35328K)] 57909K->21315K(74240K), 0.0003640 secs] [Times: user=0.01 sys=0.00, real=0.00 secs] 
182.712: Total time for which application threads were stopped: 0.0005010 seconds, Stopping threads took: 0.0000810 seconds
182.795: Application time: 0.0836530 seconds
182.795: [GC [PSYoungGen: 34819K->1760K(37888K)] 55878K->22867K(76800K), 0.0008380 secs] [Times: user=0.00 sys=0.00, real=0.00 secs] 
182.796: Total time for which application threads were stopped: 0.0009670 seconds, Stopping threads took: 0.0000620 seconds
182.880: Application time: 0.0833400 seconds
182.880: [GC [PSYoungGen: 35894K->1792K(35840K)] 57001K->22947K(74752K), 0.0008290 secs] [Times: user=0.01 sys=0.00, real=0.00 secs] 
182.881: Total time for which application threads were stopped: 0.0009640 seconds, Stopping threads took: 0.0000670 seconds
182.965: Application time: 0.0843180 seconds
182.965: [GC [PSYoungGen: 35414K->1280K(36352K)] 56569K->22515K(75264K), 0.0006490 secs] [Times: user=0.00 sys=0.00, real=0.00 secs] 
182.966: Total time for which application threads were stopped: 0.0007880 seconds, Stopping threads took: 0.0000660 seconds
183.047: Application time: 0.0813220 seconds
183.047: [GC [PSYoungGen: 34303K->1792K(34816K)] 55538K->23115K(73728K), 0.0008350 secs] [Times: user=0.01 sys=0.00, real=0.00 secs] 
183.048: Total time for which application threads were stopped: 0.0009790 seconds, Stopping threads took: 0.0000750 seconds
183.130: Application time: 0.0820020 seconds
183.130: [GC [PSYoungGen: 34307K->1248K(35328K)] 55630K->22627K(74240K), 0.0006120 secs] [Times: user=0.00 sys=0.00, real=0.00 secs] 
183.131: Total time for which application threads were stopped: 0.0007400 seconds, Stopping threads took: 0.0000640 seconds
183.209: Application time: 0.0784360 seconds
183.209: [GC [PSYoungGen: 33169K->768K(32768K)] 54548K->22211K(71680K), 0.0005110 secs] [Times: user=0.00 sys=0.00, real=0.00 secs] 
183.210: Total time for which application threads were stopped: 0.0006380 seconds, Stopping threads took: 0.0000650 seconds
183.286: Application time: 0.0766450 seconds
183.287: [GC [PSYoungGen: 32156K->2304K(34304K)] 53600K->23747K(73216K), 0.0009210 secs] [Times: user=0.01 sys=0.00, real=0.00 secs] 
183.288: Total time for which application threads were stopped: 0.0010710 seconds, Stopping threads took: 0.0000800 seconds
183.366: Application time: 0.0779950 seconds
183.366: [GC [PSYoungGen: 33271K->1792K(32768K)] 54714K->23235K(71680K), 0.0007430 secs] [Times: user=0.00 sys=0.00, real=0.00 secs] 
183.366: Total time for which application threads were stopped: 0.0008800 seconds, Stopping threads took: 0.0000680 seconds
183.442: Application time: 0.0752430 seconds
183.442: [GC [PSYoungGen: 32239K->1792K(33280K)] 53682K->23299K(72192K), 0.0007900 secs] [Times: user=0.01 sys=0.00, real=0.00 secs] 
183.443: Total time for which application threads were stopped: 0.0009520 seconds, Stopping threads took: 0.0000950 seconds
183.517: Application time: 0.0740990 seconds
183.517: [GC [PSYoungGen: 31718K->2304K(32256K)] 53226K->23859K(71168K), 0.0009540 secs] [Times: user=0.01 sys=0.00, real=0.00 secs] 
183.518: Total time for which application threads were stopped: 0.0011200 seconds, Stopping threads took: 0.0000830 seconds
183.590: Application time: 0.0723890 seconds
183.590: [GC [PSYoungGen: 31793K->2832K(33280K)] 53348K->24435K(72192K), 0.0011350 secs] [Times: user=0.00 sys=0.00, real=0.00 secs] 
183.592: Total time for which application threads were stopped: 0.0012940 seconds, Stopping threads took: 0.0000860 seconds
183.666: Application time: 0.0746950 seconds
183.666: [GC [PSYoungGen: 32333K->1808K(33280K)] 53937K->23499K(72192K), 0.0007570 secs] [Times: user=0.01 sys=0.00, real=0.00 secs] 
183.667: Total time for which application threads were stopped: 0.0008850 seconds, Stopping threads took: 0.0000620 seconds
183.740: Application time: 0.0724380 seconds
183.740: [GC [PSYoungGen: 31218K->2304K(39424K)] 52910K->24079K(78336K), 0.0007990 secs] [Times: user=0.00 sys=0.00, real=0.00 secs] 
183.740: Total time for which application threads were stopped: 0.0009250 seconds, Stopping threads took: 0.0000550 seconds
183.829: Application time: 0.0886810 seconds
183.829: [GC [PSYoungGen: 37827K->1280K(36864K)] 59603K->23119K(75776K), 0.0006120 secs] [Times: user=0.00 sys=0.00, real=0.00 secs] 
183.830: Total time for which application threads were stopped: 0.0007870 seconds, Stopping threads took: 0.0001130 seconds
183.916: Application time: 0.0863170 seconds
183.916: [GC [PSYoungGen: 36281K->2304K(37888K)] 58121K->24143K(76800K), 0.0008460 secs] [Times: user=0.01 sys=0.00, real=0.00 secs] 
183.917: Total time for which application threads were stopped: 0.0009910 seconds, Stopping threads took: 0.0000730 seconds
184.002: Application time: 0.0851700 seconds
184.003: [GC [PSYoungGen: 36875K->1792K(36352K)] 58715K->23631K(75264K), 0.0007490 secs] [Times: user=0.00 sys=0.00, real=0.00 secs] 
184.003: Total time for which application threads were stopped: 0.0008930 seconds, Stopping threads took: 0.0000740 seconds
184.088: Application time: 0.0850060 seconds
184.088: [GC [PSYoungGen: 35846K->2304K(36864K)] 57685K->24183K(75776K), 0.0009130 secs] [Times: user=0.01 sys=0.00, real=0.00 secs] 
184.089: Total time for which application threads were stopped: 0.0010620 seconds, Stopping threads took: 0.0000630 seconds
184.172: Application time: 0.0825200 seconds
184.172: [GC [PSYoungGen: 35843K->2816K(37376K)] 57723K->24743K(76288K), 0.0011320 secs] [Times: user=0.01 sys=0.00, real=0.00 secs] 
184.173: Total time for which application threads were stopped: 0.0012660 seconds, Stopping threads took: 0.0000610 seconds
184.256: Application time: 0.0832660 seconds
184.257: [GC [PSYoungGen: 36440K->1792K(35328K)] 58368K->23775K(74240K), 0.0006630 secs] [Times: user=0.00 sys=0.00, real=0.00 secs] 
184.257: Total time for which application threads were stopped: 0.0007890 seconds, Stopping threads took: 0.0000590 seconds
184.339: Application time: 0.0819560 seconds
184.339: [GC [PSYoungGen: 34898K->1776K(34816K)] 56882K->23831K(73728K), 0.0008180 secs] [Times: user=0.01 sys=0.00, real=0.00 secs] 
184.340: Total time for which application threads were stopped: 0.0009550 seconds, Stopping threads took: 0.0000670 seconds
184.421: Application time: 0.0807050 seconds
184.421: [GC [PSYoungGen: 34283K->2304K(34816K)] 56339K->24440K(73728K), 0.0008240 secs] [Times: user=0.00 sys=0.01, real=0.01 secs] 
184.422: Total time for which application threads were stopped: 0.0009730 seconds, Stopping threads took: 0.0000790 seconds
184.501: Application time: 0.0790920 seconds
184.501: [GC [PSYoungGen: 34221K->1792K(33792K)] 56357K->23976K(72704K), 0.0007730 secs] [Times: user=0.00 sys=0.01, real=0.01 secs] 
184.502: Total time for which application threads were stopped: 0.0009240 seconds, Stopping threads took: 0.0000820 seconds
184.579: Application time: 0.0774440 seconds
184.580: [GC [PSYoungGen: 33193K->2304K(33792K)] 55377K->24488K(72704K), 0.0009190 secs] [Times: user=0.00 sys=0.00, real=0.00 secs] 
184.580: Total time for which application threads were stopped: 0.0011550 seconds, Stopping threads took: 0.0001650 seconds
184.657: Application time: 0.0766100 seconds
184.657: [GC [PSYoungGen: 33193K->1792K(32768K)] 55377K->23976K(71680K), 0.0008310 secs] [Times: user=0.01 sys=0.00, real=0.00 secs] 
184.658: Total time for which application threads were stopped: 0.0010260 seconds, Stopping threads took: 0.0001160 seconds
184.734: Application time: 0.0754960 seconds
184.734: [GC [PSYoungGen: 32315K->1792K(32256K)] 54499K->23976K(71168K), 0.0007990 secs] [Times: user=0.01 sys=0.00, real=0.00 secs] 
184.735: Total time for which application threads were stopped: 0.0010020 seconds, Stopping threads took: 0.0001360 seconds
184.808: Application time: 0.0737880 seconds
184.808: [GC [PSYoungGen: 31722K->2304K(35328K)] 53906K->24572K(74240K), 0.0009200 secs] [Times: user=0.00 sys=0.00, real=0.00 secs] 
184.809: Total time for which application threads were stopped: 0.0010770 seconds, Stopping threads took: 0.0000680 seconds
184.890: Application time: 0.0801680 seconds
184.890: [GC [PSYoungGen: 34377K->2304K(34304K)] 56645K->24612K(73216K), 0.0007900 secs] [Times: user=0.00 sys=0.00, real=0.00 secs] 
184.891: Total time for which application threads were stopped: 0.0009430 seconds, Stopping threads took: 0.0000820 seconds
184.968: Application time: 0.0772060 seconds
184.968: [GC [PSYoungGen: 33783K->1792K(33280K)] 56091K->24188K(72192K), 0.0008210 secs] [Times: user=0.00 sys=0.00, real=0.00 secs] 
184.969: Total time for which application threads were stopped: 0.0010180 seconds, Stopping threads took: 0.0001300 seconds
185.048: Application time: 0.0794440 seconds
185.050: [GC [PSYoungGen: 32761K->1792K(32768K)] 55157K->24244K(71680K), 0.0007340 secs] [Times: user=0.00 sys=0.00, real=0.00 secs] 
185.051: Total time for which application threads were stopped: 0.0022490 seconds, Stopping threads took: 0.0014450 seconds
185.124: Application time: 0.0737130 seconds
185.124: [GC [PSYoungGen: 32230K->2816K(36864K)] 54682K->25308K(75776K), 0.0011110 secs] [Times: user=0.00 sys=0.00, real=0.00 secs] 
185.125: Total time for which application threads were stopped: 0.0012620 seconds, Stopping threads took: 0.0000780 seconds
185.211: Application time: 0.0856230 seconds
185.211: [GC [PSYoungGen: 36285K->1280K(34816K)] 58778K->23828K(73728K), 0.0005520 secs] [Times: user=0.00 sys=0.00, real=0.00 secs] 
185.212: Total time for which application threads were stopped: 0.0007800 seconds, Stopping threads took: 0.0001590 seconds
185.294: Application time: 0.0817560 seconds
185.294: [GC [PSYoungGen: 34225K->1792K(34816K)] 56773K->24340K(73728K), 0.0007630 secs] [Times: user=0.01 sys=0.00, real=0.00 secs] 
185.295: Total time for which application threads were stopped: 0.0009030 seconds, Stopping threads took: 0.0000730 seconds
185.375: Application time: 0.0801840 seconds
185.375: [GC [PSYoungGen: 34301K->2304K(34816K)] 56849K->24852K(73728K), 0.0009190 secs] [Times: user=0.01 sys=0.00, real=0.00 secs] 
185.376: Total time for which application threads were stopped: 0.0010520 seconds, Stopping threads took: 0.0000610 seconds
185.456: Application time: 0.0802410 seconds
185.456: [GC [PSYoungGen: 34386K->1280K(33280K)] 56934K->23892K(72192K), 0.0006290 secs] [Times: user=0.00 sys=0.00, real=0.00 secs] 
185.457: Total time for which application threads were stopped: 0.0007570 seconds, Stopping threads took: 0.0000650 seconds
185.534: Application time: 0.0776190 seconds
185.535: [GC [PSYoungGen: 32755K->1792K(33280K)] 55367K->24484K(72192K), 0.0008160 secs] [Times: user=0.01 sys=0.00, real=0.00 secs] 
185.535: Total time for which application threads were stopped: 0.0009440 seconds, Stopping threads took: 0.0000580 seconds
185.613: Application time: 0.0773980 seconds
185.613: [GC [PSYoungGen: 32750K->2304K(33280K)] 55443K->25052K(72192K), 0.0009650 secs] [Times: user=0.00 sys=0.00, real=0.01 secs] 
185.614: Total time for which application threads were stopped: 0.0011070 seconds, Stopping threads took: 0.0000740 seconds
185.689: Application time: 0.0754260 seconds
185.689: [GC [PSYoungGen: 32829K->2304K(33792K)] 55577K->25108K(72704K), 0.0009460 secs] [Times: user=0.00 sys=0.00, real=0.00 secs] 
185.690: Total time for which application threads were stopped: 0.0010860 seconds, Stopping threads took: 0.0000660 seconds
185.770: Application time: 0.0793190 seconds
185.770: [GC [PSYoungGen: 32755K->1792K(32256K)] 55559K->24684K(71168K), 0.0007960 secs] [Times: user=0.00 sys=0.00, real=0.00 secs] 
185.771: Total time for which application threads were stopped: 0.0009440 seconds, Stopping threads took: 0.0000700 seconds
185.843: Application time: 0.0724140 seconds
185.843: [GC [PSYoungGen: 31636K->2784K(32768K)] 54528K->25716K(71680K), 0.0011320 secs] [Times: user=0.01 sys=0.00, real=0.00 secs] 
185.844: Total time for which application threads were stopped: 0.0012930 seconds, Stopping threads took: 0.0000870 seconds
185.925: Application time: 0.0809570 seconds
185.925: [GC [PSYoungGen: 32130K->1760K(33280K)] 55063K->24692K(72192K), 0.0007980 secs] [Times: user=0.01 sys=0.00, real=0.00 secs] 
185.926: Total time for which application threads were stopped: 0.0010050 seconds, Stopping threads took: 0.0001350 seconds
185.999: Application time: 0.0725850 seconds
185.999: [GC [PSYoungGen: 31096K->2304K(39424K)] 54028K->25236K(78336K), 0.0007550 secs] [Times: user=0.01 sys=0.00, real=0.00 secs] 
186.000: Total time for which application threads were stopped: 0.0008900 seconds, Stopping threads took: 0.0000660 seconds
186.090: Application time: 0.0900950 seconds
186.090: [GC [PSYoungGen: 37903K->1792K(37376K)] 60836K->24724K(76288K), 0.0007250 secs] [Times: user=0.00 sys=0.00, real=0.00 secs] 
186.091: Total time for which application threads were stopped: 0.0008550 seconds, Stopping threads took: 0.0000630 seconds
186.177: Application time: 0.0861930 seconds
186.177: [GC [PSYoungGen: 37030K->1808K(37376K)] 59962K->24788K(76288K), 0.0007510 secs] [Times: user=0.00 sys=0.00, real=0.00 secs] 
186.178: Total time for which application threads were stopped: 0.0009710 seconds, Stopping threads took: 0.0001490 seconds
186.264: Application time: 0.0856490 seconds
186.264: [GC [PSYoungGen: 36377K->2304K(36864K)] 59358K->25400K(75776K), 0.0009670 secs] [Times: user=0.01 sys=0.00, real=0.00 secs] 
186.265: Total time for which application threads were stopped: 0.0011050 seconds, Stopping threads took: 0.0000690 seconds
186.351: Application time: 0.0859180 seconds
186.351: [GC [PSYoungGen: 36442K->1280K(36352K)] 59538K->24432K(75264K), 0.0005890 secs] [Times: user=0.01 sys=0.00, real=0.00 secs] 
186.351: Total time for which application threads were stopped: 0.0007260 seconds, Stopping threads took: 0.0000630 seconds
186.433: Application time: 0.0821130 seconds
186.434: [GC [PSYoungGen: 34815K->2304K(35840K)] 57968K->25536K(74752K), 0.0009790 secs] [Times: user=0.01 sys=0.00, real=0.00 secs] 
186.435: Total time for which application threads were stopped: 0.0011130 seconds, Stopping threads took: 0.0000630 seconds
186.516: Application time: 0.0809640 seconds
186.516: [GC [PSYoungGen: 35253K->2304K(35328K)] 58486K->25584K(74240K), 0.0009400 secs] [Times: user=0.00 sys=0.00, real=0.00 secs] 
186.517: Total time for which application threads were stopped: 0.0010740 seconds, Stopping threads took: 0.0000610 seconds
186.596: Application time: 0.0792610 seconds
186.596: [GC [PSYoungGen: 34733K->2816K(35840K)] 58014K->26096K(74752K), 0.0010880 secs] [Times: user=0.00 sys=0.00, real=0.00 secs] 
186.597: Total time for which application threads were stopped: 0.0012320 seconds, Stopping threads took: 0.0000710 seconds
186.677: Application time: 0.0797260 seconds
186.677: [GC [PSYoungGen: 35331K->2304K(43008K)] 58612K->25584K(81920K), 0.0007770 secs] [Times: user=0.00 sys=0.00, real=0.00 secs] 
186.678: Total time for which application threads were stopped: 0.0009220 seconds, Stopping threads took: 0.0000780 seconds
186.776: Application time: 0.0983330 seconds
186.776: [GC [PSYoungGen: 41580K->1760K(40448K)] 64861K->25080K(79360K), 0.0006670 secs] [Times: user=0.01 sys=0.00, real=0.00 secs] 
186.777: Total time for which application threads were stopped: 0.0007990 seconds, Stopping threads took: 0.0000670 seconds
186.871: Application time: 0.0941090 seconds
186.871: [GC [PSYoungGen: 39928K->1792K(39936K)] 63249K->25196K(78848K), 0.0007400 secs] [Times: user=0.00 sys=0.00, real=0.00 secs] 
186.872: Total time for which application threads were stopped: 0.0008770 seconds, Stopping threads took: 0.0000600 seconds
186.964: Application time: 0.0920440 seconds
186.964: [GC [PSYoungGen: 38932K->1792K(38400K)] 62336K->25244K(77312K), 0.0008470 secs] [Times: user=0.00 sys=0.00, real=0.00 secs] 
186.965: Total time for which application threads were stopped: 0.0010030 seconds, Stopping threads took: 0.0000870 seconds
187.055: Application time: 0.0902260 seconds
187.055: [GC [PSYoungGen: 37982K->1792K(38400K)] 61435K->25284K(77312K), 0.0008150 secs] [Times: user=0.01 sys=0.00, real=0.00 secs] 
187.056: Total time for which application threads were stopped: 0.0009580 seconds, Stopping threads took: 0.0000700 seconds
187.145: Application time: 0.0889100 seconds
187.145: [GC [PSYoungGen: 37394K->736K(38400K)] 60887K->24317K(77312K), 0.0004830 secs] [Times: user=0.00 sys=0.00, real=0.00 secs] 
187.146: Total time for which application threads were stopped: 0.0006100 seconds, Stopping threads took: 0.0000670 seconds
187.230: Application time: 0.0841170 seconds
187.230: [GC [PSYoungGen: 35735K->2304K(37888K)] 59316K->25933K(76800K), 0.0008930 secs] [Times: user=0.01 sys=0.00, real=0.00 secs] 
187.231: Total time for which application threads were stopped: 0.0010290 seconds, Stopping threads took: 0.0000650 seconds
187.316: Application time: 0.0856260 seconds
187.317: [GC [PSYoungGen: 36795K->2304K(36864K)] 60424K->25933K(75776K), 0.0008840 secs] [Times: user=0.00 sys=0.00, real=0.00 secs] 
187.317: Total time for which application threads were stopped: 0.0010160 seconds, Stopping threads took: 0.0000620 seconds
187.405: Application time: 0.0875360 seconds
187.405: [GC [PSYoungGen: 36365K->768K(36864K)] 59994K->24397K(75776K), 0.0004690 secs] [Times: user=0.00 sys=0.00, real=0.00 secs] 
187.406: Total time for which application threads were stopped: 0.0006280 seconds, Stopping threads took: 0.0000880 seconds
187.487: Application time: 0.0813390 seconds
187.487: [GC [PSYoungGen: 34460K->1792K(35328K)] 58089K->25469K(74240K), 0.0008280 secs] [Times: user=0.00 sys=0.00, real=0.00 secs] 
187.488: Total time for which application threads were stopped: 0.0009580 seconds, Stopping threads took: 0.0000600 seconds
187.569: Application time: 0.0806640 seconds
187.569: [GC [PSYoungGen: 34819K->1792K(34816K)] 58497K->25577K(73728K), 0.0008600 secs] [Times: user=0.00 sys=0.00, real=0.00 secs] 
187.570: Total time for which application threads were stopped: 0.0009900 seconds, Stopping threads took: 0.0000560 seconds
187.650: Application time: 0.0804310 seconds
187.650: [GC [PSYoungGen: 34299K->1792K(34304K)] 58084K->25625K(73216K), 0.0007930 secs] [Times: user=0.00 sys=0.00, real=0.00 secs] 
187.651: Total time for which application threads were stopped: 0.0009650 seconds, Stopping threads took: 0.0001030 seconds
187.728: Application time: 0.0772340 seconds
187.728: [GC [PSYoungGen: 33783K->2784K(34816K)] 57616K->26649K(73728K), 0.0011000 secs] [Times: user=0.01 sys=0.01, real=0.00 secs] 
187.729: Total time for which application threads were stopped: 0.0012420 seconds, Stopping threads took: 0.0000680 seconds
187.808: Application time: 0.0784960 seconds
187.808: [GC [PSYoungGen: 34267K->2304K(35328K)] 58132K->26225K(74240K), 0.0009350 secs] [Times: user=0.01 sys=0.00, real=0.00 secs] 
187.809: Total time for which application threads were stopped: 0.0010790 seconds, Stopping threads took: 0.0000760 seconds
187.888: Application time: 0.0786980 seconds
187.888: [GC [PSYoungGen: 33713K->1280K(32768K)] 57634K->25265K(71680K), 0.0005540 secs] [Times: user=0.00 sys=0.00, real=0.00 secs] 
187.888: Total time for which application threads were stopped: 0.0006720 seconds, Stopping threads took: 0.0000550 seconds
187.964: Application time: 0.0756370 seconds
187.964: [GC [PSYoungGen: 32152K->2816K(39936K)] 56137K->26801K(78848K), 0.0010370 secs] [Times: user=0.01 sys=0.00, real=0.00 secs] 
187.965: Total time for which application threads were stopped: 0.0011940 seconds, Stopping threads took: 0.0000750 seconds
188.055: Application time: 0.0896230 seconds
188.055: [GC [PSYoungGen: 38930K->2304K(38400K)] 62915K->26289K(77312K), 0.0008780 secs] [Times: user=0.00 sys=0.00, real=0.00 secs] 
188.056: Total time for which application threads were stopped: 0.0010120 seconds, Stopping threads took: 0.0000640 seconds
188.146: Application time: 0.0900430 seconds
188.146: [GC [PSYoungGen: 38062K->1280K(36864K)] 62048K->25329K(75776K), 0.0006690 secs] [Times: user=0.00 sys=0.00, real=0.00 secs] 
188.147: Total time for which application threads were stopped: 0.0007850 seconds, Stopping threads took: 0.0000510 seconds
188.232: Application time: 0.0850670 seconds
188.232: [GC [PSYoungGen: 36358K->2816K(37888K)] 60407K->26981K(76800K), 0.0009960 secs] [Times: user=0.00 sys=0.00, real=0.00 secs] 
188.233: Total time for which application threads were stopped: 0.0011410 seconds, Stopping threads took: 0.0000700 seconds
188.319: Application time: 0.0865810 seconds
188.320: [GC [PSYoungGen: 37389K->1280K(35840K)] 61555K->25509K(74752K), 0.0006360 secs] [Times: user=0.01 sys=0.00, real=0.00 secs] 
188.320: Total time for which application threads were stopped: 0.0008090 seconds, Stopping threads took: 0.0001090 seconds
188.403: Application time: 0.0831740 seconds
188.404: [GC [PSYoungGen: 35333K->2304K(36864K)] 59563K->26573K(75776K), 0.0009500 secs] [Times: user=0.01 sys=0.00, real=0.00 secs] 
188.405: Total time for which application threads were stopped: 0.0010860 seconds, Stopping threads took: 0.0000670 seconds
188.486: Application time: 0.0813240 seconds
188.486: [GC [PSYoungGen: 35844K->2816K(37376K)] 60113K->27133K(76288K), 0.0011050 secs] [Times: user=0.01 sys=0.00, real=0.00 secs] 
188.487: Total time for which application threads were stopped: 0.0012470 seconds, Stopping threads took: 0.0000580 seconds
188.571: Application time: 0.0835170 seconds
188.571: [GC [PSYoungGen: 36285K->1280K(34816K)] 60603K->25653K(73728K), 0.0005770 secs] [Times: user=0.01 sys=0.00, real=0.00 secs] 
188.571: Total time for which application threads were stopped: 0.0008050 seconds, Stopping threads took: 0.0001660 seconds
188.655: Application time: 0.0833550 seconds
188.655: [GC [PSYoungGen: 34310K->768K(33792K)] 58683K->25141K(72704K), 0.0005140 secs] [Times: user=0.01 sys=0.00, real=0.00 secs] 
188.655: Total time for which application threads were stopped: 0.0006330 seconds, Stopping threads took: 0.0000600 seconds
188.735: Application time: 0.0791740 seconds
188.735: [GC [PSYoungGen: 33275K->1280K(33792K)] 57648K->25701K(72704K), 0.0005560 secs] [Times: user=0.00 sys=0.00, real=0.00 secs] 
188.735: Total time for which application threads were stopped: 0.0006900 seconds, Stopping threads took: 0.0000710 seconds
188.815: Application time: 0.0794750 seconds
188.815: [GC [PSYoungGen: 33355K->1280K(33280K)] 57777K->25749K(72192K), 0.0006410 secs] [Times: user=0.00 sys=0.00, real=0.00 secs] 
188.816: Total time for which application threads were stopped: 0.0007670 seconds, Stopping threads took: 0.0000630 seconds
188.891: Application time: 0.0751770 seconds
188.891: [GC [PSYoungGen: 32742K->3328K(34816K)] 57212K->27865K(73728K), 0.0012410 secs] [Times: user=0.01 sys=0.00, real=0.00 secs] 
188.892: Total time for which application threads were stopped: 0.0013860 seconds, Stopping threads took: 0.0000700 seconds
188.971: Application time: 0.0792760 seconds
188.972: [GC [PSYoungGen: 34307K->1248K(32256K)] 58845K->25825K(71168K), 0.0008520 secs] [Times: user=0.00 sys=0.00, real=0.00 secs] 
188.973: Total time for which application threads were stopped: 0.0012310 seconds, Stopping threads took: 0.0003000 seconds
189.048: Application time: 0.0753790 seconds
189.048: [GC [PSYoungGen: 31686K->2304K(33280K)] 56264K->26929K(72192K), 0.0009500 secs] [Times: user=0.00 sys=0.00, real=0.00 secs] 
189.049: Total time for which application threads were stopped: 0.0010980 seconds, Stopping threads took: 0.0000640 seconds
189.121: Application time: 0.0721680 seconds
189.121: [GC [PSYoungGen: 32226K->3328K(34304K)] 56852K->27993K(73216K), 0.0013170 secs] [Times: user=0.01 sys=0.00, real=0.01 secs] 
189.123: Total time for which application threads were stopped: 0.0014690 seconds, Stopping threads took: 0.0000760 seconds
189.200: Application time: 0.0771170 seconds
189.202: [GC [PSYoungGen: 33197K->1280K(39936K)] 57863K->26001K(78848K), 0.0005580 secs] [Times: user=0.01 sys=0.00, real=0.00 secs] 
189.202: Total time for which application threads were stopped: 0.0022300 seconds, Stopping threads took: 0.0016110 seconds
189.290: Application time: 0.0877750 seconds
189.290: [GC [PSYoungGen: 37309K->1792K(37888K)] 62031K->26513K(76800K), 0.0007480 secs] [Times: user=0.00 sys=0.00, real=0.00 secs] 
189.291: Total time for which application threads were stopped: 0.0009680 seconds, Stopping threads took: 0.0001470 seconds
189.379: Application time: 0.0881140 seconds
189.382: [GC [PSYoungGen: 37393K->1248K(38912K)] 62115K->25969K(77824K), 0.0006030 secs] [Times: user=0.00 sys=0.00, real=0.00 secs] 
189.382: Total time for which application threads were stopped: 0.0031750 seconds, Stopping threads took: 0.0025070 seconds
189.469: Application time: 0.0865620 seconds
189.469: [GC [PSYoungGen: 36482K->2848K(37888K)] 61204K->27617K(76800K), 0.0011300 secs] [Times: user=0.00 sys=0.00, real=0.00 secs] 
189.470: Total time for which application threads were stopped: 0.0012780 seconds, Stopping threads took: 0.0000720 seconds
189.558: Application time: 0.0882880 seconds
189.558: [GC [PSYoungGen: 37424K->1280K(37888K)] 62193K->26174K(76800K), 0.0005770 secs] [Times: user=0.00 sys=0.00, real=0.00 secs] 
189.559: Total time for which application threads were stopped: 0.0007080 seconds, Stopping threads took: 0.0000610 seconds
189.642: Application time: 0.0829600 seconds
189.642: [GC [PSYoungGen: 35335K->1248K(35328K)] 60229K->26190K(74240K), 0.0006530 secs] [Times: user=0.01 sys=0.00, real=0.00 secs] 
189.643: Total time for which application threads were stopped: 0.0008100 seconds, Stopping threads took: 0.0000890 seconds
189.725: Application time: 0.0826300 seconds
189.726: [GC [PSYoungGen: 34788K->1792K(36864K)] 59730K->26790K(75776K), 0.0007650 secs] [Times: user=0.00 sys=0.00, real=0.00 secs] 
189.726: Total time for which application threads were stopped: 0.0009160 seconds, Stopping threads took: 0.0000820 seconds
189.808: Application time: 0.0818520 seconds
189.808: [GC [PSYoungGen: 34819K->1728K(34816K)] 59817K->26766K(73728K), 0.0008200 secs] [Times: user=0.00 sys=0.00, real=0.00 secs] 
189.809: Total time for which application threads were stopped: 0.0009560 seconds, Stopping threads took: 0.0000700 seconds
189.888: Application time: 0.0791220 seconds
189.888: [GC [PSYoungGen: 34157K->2272K(35328K)] 59195K->27358K(74240K), 0.0009260 secs] [Times: user=0.01 sys=0.00, real=0.00 secs] 
189.889: Total time for which application threads were stopped: 0.0010610 seconds, Stopping threads took: 0.0000640 seconds
189.967: Application time: 0.0776780 seconds
189.967: [GC [PSYoungGen: 34263K->2784K(35840K)] 59349K->27870K(74752K), 0.0011530 secs] [Times: user=0.01 sys=0.00, real=0.00 secs] 
189.968: Total time for which application threads were stopped: 0.0013010 seconds, Stopping threads took: 0.0000770 seconds
190.050: Application time: 0.0816450 seconds
190.050: [GC [PSYoungGen: 34788K->1792K(33792K)] 59874K->26918K(72704K), 0.0007280 secs] [Times: user=0.00 sys=0.00, real=0.00 secs] 
190.051: Total time for which application threads were stopped: 0.0008620 seconds, Stopping threads took: 0.0000680 seconds
190.129: Application time: 0.0784500 seconds
190.129: [GC [PSYoungGen: 33353K->1280K(32768K)] 58480K->26462K(71680K), 0.0006730 secs] [Times: user=0.01 sys=0.00, real=0.00 secs] 
190.130: Total time for which application threads were stopped: 0.0008150 seconds, Stopping threads took: 0.0000680 seconds
190.203: Application time: 0.0732370 seconds
190.203: [GC [PSYoungGen: 32226K->3328K(39424K)] 57408K->28578K(78336K), 0.0011410 secs] [Times: user=0.01 sys=0.00, real=0.00 secs] 
190.205: Total time for which application threads were stopped: 0.0012910 seconds, Stopping threads took: 0.0000730 seconds
190.294: Application time: 0.0893760 seconds
190.294: [GC [PSYoungGen: 38934K->1280K(36864K)] 64184K->26578K(75776K), 0.0005980 secs] [Times: user=0.00 sys=0.00, real=0.00 secs] 
190.295: Total time for which application threads were stopped: 0.0007240 seconds, Stopping threads took: 0.0000630 seconds
190.379: Application time: 0.0846040 seconds
190.379: [GC [PSYoungGen: 36357K->2784K(39424K)] 61655K->28122K(78336K), 0.0011020 secs] [Times: user=0.01 sys=0.00, real=0.00 secs] 
190.381: Total time for which application threads were stopped: 0.0012550 seconds, Stopping threads took: 0.0000790 seconds
190.469: Application time: 0.0885160 seconds
190.469: [GC [PSYoungGen: 37872K->1792K(36864K)] 63210K->27178K(75776K), 0.0007900 secs] [Times: user=0.01 sys=0.00, real=0.00 secs] 
190.470: Total time for which application threads were stopped: 0.0009310 seconds, Stopping threads took: 0.0000730 seconds
190.553: Application time: 0.0830380 seconds
190.553: [GC [PSYoungGen: 36281K->2304K(37888K)] 61668K->27746K(76800K), 0.0009450 secs] [Times: user=0.01 sys=0.00, real=0.01 secs] 
190.554: Total time for which application threads were stopped: 0.0010900 seconds, Stopping threads took: 0.0000750 seconds
190.638: Application time: 0.0834880 seconds
190.638: [GC [PSYoungGen: 36356K->3232K(38400K)] 61798K->28674K(77312K), 0.0013100 secs] [Times: user=0.00 sys=0.00, real=0.00 secs] 
190.639: Total time for which application threads were stopped: 0.0014900 seconds, Stopping threads took: 0.0000950 seconds
190.727: Application time: 0.0874590 seconds
190.727: [GC [PSYoungGen: 37376K->768K(34816K)] 62818K->26274K(73728K), 0.0005090 secs] [Times: user=0.01 sys=0.00, real=0.00 secs] 
190.727: Total time for which application threads were stopped: 0.0006230 seconds, Stopping threads took: 0.0000520 seconds
190.808: Application time: 0.0807370 seconds
190.808: [GC [PSYoungGen: 34307K->1280K(34816K)] 59814K->26894K(73728K), 0.0006230 secs] [Times: user=0.01 sys=0.00, real=0.00 secs] 
190.809: Total time for which application threads were stopped: 0.0007510 seconds, Stopping threads took: 0.0000620 seconds
190.889: Application time: 0.0807540 seconds
190.890: [GC [PSYoungGen: 34305K->1280K(34304K)] 59920K->26958K(73216K), 0.0006380 secs] [Times: user=0.00 sys=0.00, real=0.00 secs] 
190.890: Total time for which application threads were stopped: 0.0007670 seconds, Stopping threads took: 0.0000650 seconds
190.970: Application time: 0.0793350 seconds
190.970: [GC [PSYoungGen: 33789K->1280K(33792K)] 59467K->27006K(72704K), 0.0008040 secs] [Times: user=0.00 sys=0.00, real=0.00 secs] 
190.971: Total time for which application threads were stopped: 0.0010330 seconds, Stopping threads took: 0.0001440 seconds
191.049: Application time: 0.0786610 seconds
191.049: [GC [PSYoungGen: 33267K->2304K(34304K)] 58993K->28070K(73216K), 0.0010030 secs] [Times: user=0.00 sys=0.00, real=0.00 secs] 
191.050: Total time for which application threads were stopped: 0.0011350 seconds, Stopping threads took: 0.0000610 seconds
191.129: Application time: 0.0782150 seconds
191.129: [GC [PSYoungGen: 33783K->2304K(33792K)] 59549K->28118K(72704K), 0.0009930 secs] [Times: user=0.00 sys=0.01, real=0.00 secs] 
191.130: Total time for which application threads were stopped: 0.0011340 seconds, Stopping threads took: 0.0000710 seconds
191.206: Application time: 0.0766160 seconds
191.206: [GC [PSYoungGen: 33193K->1792K(33280K)] 59007K->27662K(72192K), 0.0008080 secs] [Times: user=0.01 sys=0.00, real=0.00 secs] 
191.207: Total time for which application threads were stopped: 0.0009400 seconds, Stopping threads took: 0.0000590 seconds
191.281: Application time: 0.0738180 seconds
191.281: [GC [PSYoungGen: 32230K->2816K(34304K)] 58101K->28686K(73216K), 0.0011110 secs] [Times: user=0.00 sys=0.00, real=0.01 secs] 
191.282: Total time for which application threads were stopped: 0.0012520 seconds, Stopping threads took: 0.0000680 seconds
191.358: Application time: 0.0758150 seconds
191.358: [GC [PSYoungGen: 33271K->1792K(40960K)] 59141K->27710K(79872K), 0.0006650 secs] [Times: user=0.00 sys=0.00, real=0.00 secs] 
191.359: Total time for which application threads were stopped: 0.0008000 seconds, Stopping threads took: 0.0000680 seconds
191.449: Application time: 0.0903240 seconds
191.449: [GC [PSYoungGen: 38496K->1792K(38400K)] 64415K->27758K(77312K), 0.0007440 secs] [Times: user=0.00 sys=0.00, real=0.00 secs] 
191.450: Total time for which application threads were stopped: 0.0008770 seconds, Stopping threads took: 0.0000670 seconds
191.539: Application time: 0.0888390 seconds
191.539: [GC [PSYoungGen: 37902K->2304K(38912K)] 63868K->28350K(77824K), 0.0008660 secs] [Times: user=0.00 sys=0.00, real=0.00 secs] 
191.540: Total time for which application threads were stopped: 0.0009950 seconds, Stopping threads took: 0.0000580 seconds
191.628: Application time: 0.0879890 seconds
191.628: [GC [PSYoungGen: 37902K->2304K(37888K)] 63949K->28390K(76800K), 0.0009550 secs] [Times: user=0.00 sys=0.00, real=0.00 secs] 
191.629: Total time for which application threads were stopped: 0.0010850 seconds, Stopping threads took: 0.0000580 seconds
191.717: Application time: 0.0882300 seconds
191.717: [GC [PSYoungGen: 37389K->1696K(37888K)] 63476K->27830K(76800K), 0.0007190 secs] [Times: user=0.00 sys=0.00, real=0.00 secs] 
191.718: Total time for which application threads were stopped: 0.0008710 seconds, Stopping threads took: 0.0000740 seconds
191.805: Application time: 0.0865960 seconds
191.805: [GC [PSYoungGen: 36265K->1792K(36352K)] 62400K->27982K(75264K), 0.0007900 secs] [Times: user=0.01 sys=0.00, real=0.00 secs] 
191.806: Total time for which application threads were stopped: 0.0009320 seconds, Stopping threads took: 0.0000730 seconds
191.890: Application time: 0.0844040 seconds
191.890: [GC [PSYoungGen: 35769K->1792K(36864K)] 61960K->28038K(75776K), 0.0007740 secs] [Times: user=0.01 sys=0.00, real=0.00 secs] 
191.891: Total time for which application threads were stopped: 0.0009090 seconds, Stopping threads took: 0.0000710 seconds
191.974: Application time: 0.0827860 seconds
191.974: [GC [PSYoungGen: 35410K->2304K(35840K)] 61657K->28550K(74752K), 0.0009020 secs] [Times: user=0.00 sys=0.00, real=0.00 secs] 
191.975: Total time for which application threads were stopped: 0.0010520 seconds, Stopping threads took: 0.0000810 seconds
192.057: Application time: 0.0821720 seconds
192.057: [GC [PSYoungGen: 35332K->2304K(35840K)] 61578K->28635K(74752K), 0.0009780 secs] [Times: user=0.00 sys=0.00, real=0.00 secs] 
192.058: Total time for which application threads were stopped: 0.0011160 seconds, Stopping threads took: 0.0000660 seconds
192.140: Application time: 0.0816110 seconds
192.140: [GC [PSYoungGen: 34815K->2304K(34816K)] 61146K->28675K(73728K), 0.0009620 secs] [Times: user=0.00 sys=0.00, real=0.00 secs] 
192.141: Total time for which application threads were stopped: 0.0010920 seconds, Stopping threads took: 0.0000610 seconds
192.219: Application time: 0.0776610 seconds
192.219: [GC [PSYoungGen: 34295K->2784K(35840K)] 60666K->29195K(74752K), 0.0011000 secs] [Times: user=0.00 sys=0.00, real=0.00 secs] 
192.220: Total time for which application threads were stopped: 0.0012570 seconds, Stopping threads took: 0.0000750 seconds
192.301: Application time: 0.0809320 seconds
192.301: [GC [PSYoungGen: 34783K->2304K(35840K)] 61194K->28755K(74752K), 0.0009120 secs] [Times: user=0.00 sys=0.00, real=0.01 secs] 
192.302: Total time for which application threads were stopped: 0.0010560 seconds, Stopping threads took: 0.0000750 seconds
192.381: Application time: 0.0796220 seconds
192.382: [GC [PSYoungGen: 34303K->1792K(42496K)] 60754K->28299K(81408K), 0.0006510 secs] [Times: user=0.00 sys=0.00, real=0.00 secs] 
192.382: Total time for which application threads were stopped: 0.0007860 seconds, Stopping threads took: 0.0000690 seconds
192.479: Application time: 0.0968720 seconds
192.479: [GC [PSYoungGen: 40470K->2816K(40960K)] 66977K->29371K(79872K), 0.0009730 secs] [Times: user=0.01 sys=0.00, real=0.00 secs] 
192.480: Total time for which application threads were stopped: 0.0011150 seconds, Stopping threads took: 0.0000680 seconds
192.573: Application time: 0.0927270 seconds
192.573: [GC [PSYoungGen: 40392K->2816K(41472K)] 66947K->29419K(80384K), 0.0010800 secs] [Times: user=0.00 sys=0.01, real=0.01 secs] 
192.574: Total time for which application threads were stopped: 0.0012460 seconds, Stopping threads took: 0.0000920 seconds
192.670: Application time: 0.0953880 seconds
192.670: [GC [PSYoungGen: 41066K->1728K(39424K)] 67669K->28331K(78336K), 0.0008130 secs] [Times: user=0.01 sys=0.00, real=0.00 secs] 
192.671: Total time for which application threads were stopped: 0.0009470 seconds, Stopping threads took: 0.0000670 seconds
192.764: Application time: 0.0933300 seconds
192.764: [GC [PSYoungGen: 38946K->1280K(38912K)] 65549K->27963K(77824K), 0.0006670 secs] [Times: user=0.01 sys=0.00, real=0.00 secs] 
192.765: Total time for which application threads were stopped: 0.0008350 seconds, Stopping threads took: 0.0000950 seconds
192.855: Application time: 0.0906420 seconds
192.855: [GC [PSYoungGen: 37391K->1792K(37888K)] 64075K->28563K(76800K), 0.0008120 secs] [Times: user=0.00 sys=0.00, real=0.00 secs] 
192.856: Total time for which application threads were stopped: 0.0009430 seconds, Stopping threads took: 0.0000650 seconds
192.945: Application time: 0.0884130 seconds
192.945: [GC [PSYoungGen: 37390K->1760K(38400K)] 64161K->28571K(77312K), 0.0008390 secs] [Times: user=0.01 sys=0.00, real=0.00 secs] 
192.946: Total time for which application threads were stopped: 0.0009840 seconds, Stopping threads took: 0.0000760 seconds
193.032: Application time: 0.0865620 seconds
193.032: [GC [PSYoungGen: 36840K->2816K(37888K)] 63651K->29675K(76800K), 0.0011540 secs] [Times: user=0.00 sys=0.00, real=0.01 secs] 
193.034: Total time for which application threads were stopped: 0.0013010 seconds, Stopping threads took: 0.0000750 seconds
193.121: Application time: 0.0876360 seconds
193.121: [GC [PSYoungGen: 37392K->1280K(37376K)] 64251K->28195K(76288K), 0.0006400 secs] [Times: user=0.00 sys=0.00, real=0.01 secs] 
193.122: Total time for which application threads were stopped: 0.0007690 seconds, Stopping threads took: 0.0000650 seconds
193.206: Application time: 0.0841020 seconds
193.206: [GC [PSYoungGen: 35255K->1280K(35328K)] 62171K->28251K(74240K), 0.0006260 secs] [Times: user=0.01 sys=0.00, real=0.00 secs] 
193.207: Total time for which application threads were stopped: 0.0007800 seconds, Stopping threads took: 0.0000910 seconds
193.292: Application time: 0.0847210 seconds
193.292: [GC [PSYoungGen: 34901K->1280K(36352K)] 61873K->28251K(75264K), 0.0006200 secs] [Times: user=0.01 sys=0.00, real=0.00 secs] 
193.292: Total time for which application threads were stopped: 0.0007560 seconds, Stopping threads took: 0.0000650 seconds
193.373: Application time: 0.0804340 seconds
193.373: [GC [PSYoungGen: 34225K->1792K(34816K)] 61196K->28839K(73728K), 0.0008200 secs] [Times: user=0.01 sys=0.00, real=0.01 secs] 
193.374: Total time for which application threads were stopped: 0.0009550 seconds, Stopping threads took: 0.0000670 seconds
193.453: Application time: 0.0796350 seconds
193.453: [GC [PSYoungGen: 34369K->3296K(35840K)] 61416K->30343K(74752K), 0.0013800 secs] [Times: user=0.01 sys=0.00, real=0.00 secs] 
193.455: Total time for which application threads were stopped: 0.0015430 seconds, Stopping threads took: 0.0000850 seconds
193.535: Application time: 0.0803220 seconds
193.535: [GC [PSYoungGen: 35300K->2304K(36352K)] 62347K->29431K(75264K), 0.0009270 secs] [Times: user=0.00 sys=0.00, real=0.00 secs] 
193.536: Total time for which application threads were stopped: 0.0010530 seconds, Stopping threads took: 0.0000590 seconds
193.617: Application time: 0.0805110 seconds
193.617: [GC [PSYoungGen: 34307K->1280K(33280K)] 61435K->28455K(72192K), 0.0005770 secs] [Times: user=0.00 sys=0.00, real=0.00 secs] 
193.618: Total time for which application threads were stopped: 0.0007260 seconds, Stopping threads took: 0.0000860 seconds
193.694: Application time: 0.0760450 seconds
193.694: [GC [PSYoungGen: 32751K->2304K(40960K)] 59926K->29535K(79872K), 0.0009280 secs] [Times: user=0.01 sys=0.00, real=0.00 secs] 
193.695: Total time for which application threads were stopped: 0.0010900 seconds, Stopping threads took: 0.0000930 seconds
193.787: Application time: 0.0922970 seconds
193.787: [GC [PSYoungGen: 39442K->2752K(41472K)] 66673K->30031K(80384K), 0.0010320 secs] [Times: user=0.00 sys=0.00, real=0.00 secs] 
193.788: Total time for which application threads were stopped: 0.0011540 seconds, Stopping threads took: 0.0000550 seconds
193.882: Application time: 0.0934340 seconds
193.882: [GC [PSYoungGen: 40330K->2272K(39424K)] 67609K->29591K(78336K), 0.0009560 secs] [Times: user=0.01 sys=0.00, real=0.00 secs] 
193.883: Total time for which application threads were stopped: 0.0011050 seconds, Stopping threads took: 0.0000740 seconds
193.975: Application time: 0.0923090 seconds
193.975: [GC [PSYoungGen: 38978K->1792K(39424K)] 66298K->29111K(78336K), 0.0006640 secs] [Times: user=0.00 sys=0.00, real=0.00 secs] 
193.976: Total time for which application threads were stopped: 0.0007860 seconds, Stopping threads took: 0.0000530 seconds
194.065: Application time: 0.0890620 seconds
194.065: [GC [PSYoungGen: 37908K->768K(36864K)] 65227K->28187K(75776K), 0.0004860 secs] [Times: user=0.01 sys=0.00, real=0.00 secs] 
194.065: Total time for which application threads were stopped: 0.0006410 seconds, Stopping threads took: 0.0000840 seconds
194.151: Application time: 0.0858220 seconds
194.151: [GC [PSYoungGen: 36357K->2816K(38912K)] 63777K->30283K(77824K), 0.0010920 secs] [Times: user=0.01 sys=0.00, real=0.00 secs] 
194.153: Total time for which application threads were stopped: 0.0012350 seconds, Stopping threads took: 0.0000720 seconds
194.241: Application time: 0.0880610 seconds
194.241: [GC [PSYoungGen: 37904K->1760K(36864K)] 65372K->29267K(75776K), 0.0007610 secs] [Times: user=0.01 sys=0.00, real=0.01 secs] 
194.241: Total time for which application threads were stopped: 0.0008860 seconds, Stopping threads took: 0.0000570 seconds
194.327: Application time: 0.0859960 seconds
194.328: [GC [PSYoungGen: 36329K->1728K(36864K)] 63837K->29275K(75776K), 0.0008150 secs] [Times: user=0.01 sys=0.00, real=0.00 secs] 
194.329: Total time for which application threads were stopped: 0.0010270 seconds, Stopping threads took: 0.0001430 seconds
194.412: Application time: 0.0831680 seconds
194.412: [GC [PSYoungGen: 35779K->2304K(36352K)] 63327K->29899K(75264K), 0.0009480 secs] [Times: user=0.01 sys=0.00, real=0.00 secs] 
194.413: Total time for which application threads were stopped: 0.0011090 seconds, Stopping threads took: 0.0000740 seconds
194.496: Application time: 0.0828330 seconds
194.496: [GC [PSYoungGen: 35845K->2304K(36352K)] 63441K->29939K(75264K), 0.0009300 secs] [Times: user=0.01 sys=0.00, real=0.00 secs] 
194.497: Total time for which application threads were stopped: 0.0011550 seconds, Stopping threads took: 0.0001560 seconds
194.578: Application time: 0.0807280 seconds
194.578: [GC [PSYoungGen: 35405K->2848K(36864K)] 63041K->30532K(75776K), 0.0011390 secs] [Times: user=0.01 sys=0.00, real=0.00 secs] 
194.579: Total time for which application threads were stopped: 0.0013040 seconds, Stopping threads took: 0.0000920 seconds
194.661: Application time: 0.0818490 seconds
194.661: [GC [PSYoungGen: 35797K->2816K(44032K)] 63481K->30584K(82944K), 0.0009480 secs] [Times: user=0.00 sys=0.01, real=0.01 secs] 
194.662: Total time for which application threads were stopped: 0.0011070 seconds, Stopping threads took: 0.0000850 seconds
194.761: Application time: 0.0993120 seconds
194.761: [GC [PSYoungGen: 42613K->704K(39936K)] 70381K->28472K(78848K), 0.0004560 secs] [Times: user=0.00 sys=0.00, real=0.01 secs] 
194.762: Total time for which application threads were stopped: 0.0005850 seconds, Stopping threads took: 0.0000690 seconds
194.855: Application time: 0.0938230 seconds
194.856: [GC [PSYoungGen: 39380K->2272K(40960K)] 67148K->30112K(79872K), 0.0009270 secs] [Times: user=0.00 sys=0.00, real=0.00 secs] 
194.857: Total time for which application threads were stopped: 0.0010600 seconds, Stopping threads took: 0.0000580 seconds
194.950: Application time: 0.0933040 seconds
194.950: [GC [PSYoungGen: 39928K->1760K(38912K)] 67768K->29656K(77824K), 0.0008370 secs] [Times: user=0.00 sys=0.00, real=0.00 secs] 
194.951: Total time for which application threads were stopped: 0.0009870 seconds, Stopping threads took: 0.0000700 seconds
195.044: Application time: 0.0927960 seconds
195.046: [GC [PSYoungGen: 38386K->1792K(38912K)] 66282K->29752K(77824K), 0.0007780 secs] [Times: user=0.00 sys=0.00, real=0.00 secs] 
195.046: Total time for which application threads were stopped: 0.0026730 seconds, Stopping threads took: 0.0018270 seconds
195.135: Application time: 0.0888660 seconds
195.135: [GC [PSYoungGen: 37904K->1280K(37376K)] 65864K->29296K(76288K), 0.0006450 secs] [Times: user=0.00 sys=0.00, real=0.00 secs] 
195.136: Total time for which application threads were stopped: 0.0008410 seconds, Stopping threads took: 0.0001350 seconds
195.224: Application time: 0.0877870 seconds
195.224: [GC [PSYoungGen: 36871K->3328K(38912K)] 64887K->31384K(77824K), 0.0012770 secs] [Times: user=0.00 sys=0.00, real=0.00 secs] 
195.225: Total time for which application threads were stopped: 0.0014310 seconds, Stopping threads took: 0.0000780 seconds
195.315: Application time: 0.0895930 seconds
195.315: [GC [PSYoungGen: 38418K->1248K(36352K)] 66474K->29360K(75264K), 0.0006070 secs] [Times: user=0.00 sys=0.00, real=0.00 secs] 
195.316: Total time for which application threads were stopped: 0.0007560 seconds, Stopping threads took: 0.0000880 seconds
195.399: Application time: 0.0838530 seconds
195.400: [GC [PSYoungGen: 35816K->2272K(37888K)] 63928K->30424K(76800K), 0.0010070 secs] [Times: user=0.01 sys=0.00, real=0.00 secs] 
195.401: Total time for which application threads were stopped: 0.0011490 seconds, Stopping threads took: 0.0000700 seconds
195.484: Application time: 0.0834010 seconds
195.484: [GC [PSYoungGen: 36326K->2816K(38400K)] 64478K->31016K(77312K), 0.0011240 secs] [Times: user=0.00 sys=0.00, real=0.00 secs] 
195.485: Total time for which application threads were stopped: 0.0012780 seconds, Stopping threads took: 0.0000720 seconds
195.573: Application time: 0.0873300 seconds
195.573: [GC [PSYoungGen: 36952K->2288K(36352K)] 65152K->30536K(75264K), 0.0008400 secs] [Times: user=0.01 sys=0.00, real=0.01 secs] 
195.574: Total time for which application threads were stopped: 0.0009840 seconds, Stopping threads took: 0.0000740 seconds
195.658: Application time: 0.0842420 seconds
195.658: [GC [PSYoungGen: 35751K->2304K(35840K)] 64000K->30640K(74752K), 0.0009830 secs] [Times: user=0.00 sys=0.00, real=0.00 secs] 
195.659: Total time for which application threads were stopped: 0.0011180 seconds, Stopping threads took: 0.0000650 seconds
195.742: Application time: 0.0826410 seconds
195.742: [GC [PSYoungGen: 35332K->2272K(35328K)] 63668K->30608K(74240K), 0.0008920 secs] [Times: user=0.01 sys=0.00, real=0.00 secs] 
195.743: Total time for which application threads were stopped: 0.0010250 seconds, Stopping threads took: 0.0000600 seconds
195.822: Application time: 0.0795700 seconds
195.822: [GC [PSYoungGen: 34787K->1792K(34304K)] 63124K->30184K(73216K), 0.0008320 secs] [Times: user=0.01 sys=0.00, real=0.00 secs] 
195.823: Total time for which application threads were stopped: 0.0009680 seconds, Stopping threads took: 0.0000700 seconds
195.904: Application time: 0.0803190 seconds
195.904: [GC [PSYoungGen: 33787K->1792K(33792K)] 62179K->30232K(72704K), 0.0008320 secs] [Times: user=0.01 sys=0.00, real=0.00 secs] 
195.904: Total time for which application threads were stopped: 0.0009620 seconds, Stopping threads took: 0.0000650 seconds
195.982: Application time: 0.0773230 seconds
195.982: [GC [PSYoungGen: 33267K->2272K(33792K)] 61707K->30744K(72704K), 0.0009700 secs] [Times: user=0.01 sys=0.00, real=0.00 secs] 
195.983: Total time for which application threads were stopped: 0.0011180 seconds, Stopping threads took: 0.0000800 seconds
196.060: Application time: 0.0774270 seconds
196.060: [GC [PSYoungGen: 33227K->2816K(36864K)] 61699K->31840K(75776K), 0.0013220 secs] [Times: user=0.00 sys=0.00, real=0.01 secs] 
196.062: Total time for which application threads were stopped: 0.0014740 seconds, Stopping threads took: 0.0000670 seconds
196.145: Application time: 0.0836510 seconds
196.146: [GC [PSYoungGen: 36364K->1792K(37376K)] 65388K->30872K(76288K), 0.0007820 secs] [Times: user=0.01 sys=0.00, real=0.00 secs] 
196.146: Total time for which application threads were stopped: 0.0009590 seconds, Stopping threads took: 0.0001090 seconds
196.229: Application time: 0.0825860 seconds
196.229: [GC [PSYoungGen: 35331K->2304K(44544K)] 64412K->31440K(83456K), 0.0008010 secs] [Times: user=0.00 sys=0.00, real=0.00 secs] 
196.230: Total time for which application threads were stopped: 0.0009390 seconds, Stopping threads took: 0.0000680 seconds
196.331: Application time: 0.1011260 seconds
196.331: [GC [PSYoungGen: 43042K->2304K(42496K)] 72179K->31488K(81408K), 0.0008150 secs] [Times: user=0.00 sys=0.00, real=0.00 secs] 
196.332: Total time for which application threads were stopped: 0.0009520 seconds, Stopping threads took: 0.0000620 seconds
196.430: Application time: 0.0979420 seconds
196.430: [GC [PSYoungGen: 42018K->1248K(41472K)] 71203K->30480K(80384K), 0.0005990 secs] [Times: user=0.00 sys=0.00, real=0.00 secs] 
196.431: Total time for which application threads were stopped: 0.0007390 seconds, Stopping threads took: 0.0000760 seconds
196.526: Application time: 0.0948300 seconds
196.526: [GC [PSYoungGen: 40006K->1728K(39936K)] 69239K->31008K(78848K), 0.0008250 secs] [Times: user=0.00 sys=0.00, real=0.00 secs] 
196.527: Total time for which application threads were stopped: 0.0009680 seconds, Stopping threads took: 0.0000770 seconds
196.619: Application time: 0.0923820 seconds
196.619: [GC [PSYoungGen: 39380K->2304K(39424K)] 68660K->31668K(78336K), 0.0009650 secs] [Times: user=0.01 sys=0.00, real=0.00 secs] 
196.620: Total time for which application threads were stopped: 0.0011030 seconds, Stopping threads took: 0.0000570 seconds
196.711: Application time: 0.0905650 seconds
196.711: [GC [PSYoungGen: 38852K->2304K(38912K)] 68216K->31716K(77824K), 0.0009400 secs] [Times: user=0.01 sys=0.00, real=0.00 secs] 
196.712: Total time for which application threads were stopped: 0.0010810 seconds, Stopping threads took: 0.0000740 seconds
196.802: Application time: 0.0906090 seconds
196.802: [GC [PSYoungGen: 38498K->1280K(38912K)] 67911K->30692K(77824K), 0.0006400 secs] [Times: user=0.00 sys=0.00, real=0.00 secs] 
196.803: Total time for which application threads were stopped: 0.0007710 seconds, Stopping threads took: 0.0000660 seconds
196.891: Application time: 0.0874580 seconds
196.891: [GC [PSYoungGen: 36877K->1280K(36864K)] 66290K->30788K(75776K), 0.0006580 secs] [Times: user=0.01 sys=0.00, real=0.00 secs] 
196.891: Total time for which application threads were stopped: 0.0007810 seconds, Stopping threads took: 0.0000590 seconds
196.977: Application time: 0.0861350 seconds
196.978: [GC [PSYoungGen: 36359K->2240K(37888K)] 65868K->31788K(76800K), 0.0009360 secs] [Times: user=0.00 sys=0.00, real=0.00 secs] 
196.979: Total time for which application threads were stopped: 0.0010760 seconds, Stopping threads took: 0.0000730 seconds
197.063: Application time: 0.0840590 seconds
197.063: [GC [PSYoungGen: 36806K->2816K(37376K)] 66354K->32404K(76288K), 0.0011260 secs] [Times: user=0.01 sys=0.00, real=0.00 secs] 
197.064: Total time for which application threads were stopped: 0.0012750 seconds, Stopping threads took: 0.0000760 seconds
197.150: Application time: 0.0863280 seconds
197.150: [GC [PSYoungGen: 36954K->1792K(36864K)] 66543K->31436K(75776K), 0.0007990 secs] [Times: user=0.01 sys=0.00, real=0.00 secs] 
197.151: Total time for which application threads were stopped: 0.0009460 seconds, Stopping threads took: 0.0000740 seconds
197.235: Application time: 0.0837020 seconds
197.235: [GC [PSYoungGen: 35253K->2304K(35840K)] 64898K->32029K(74752K), 0.0009580 secs] [Times: user=0.00 sys=0.00, real=0.00 secs] 
197.236: Total time for which application threads were stopped: 0.0010960 seconds, Stopping threads took: 0.0000700 seconds
197.317: Application time: 0.0815210 seconds
197.318: [GC [PSYoungGen: 35331K->2304K(35840K)] 65056K->32029K(74752K), 0.0009530 secs] [Times: user=0.01 sys=0.00, real=0.00 secs] 
197.319: Total time for which application threads were stopped: 0.0010880 seconds, Stopping threads took: 0.0000660 seconds
197.398: Application time: 0.0793440 seconds
197.398: [GC [PSYoungGen: 34815K->2304K(36352K)] 64540K->32069K(75264K), 0.0009340 secs] [Times: user=0.01 sys=0.00, real=0.00 secs] 
197.399: Total time for which application threads were stopped: 0.0010850 seconds, Stopping threads took: 0.0000790 seconds
197.480: Application time: 0.0810380 seconds
197.480: [GC [PSYoungGen: 34815K->2272K(43008K)] 64580K->32077K(81920K), 0.0008230 secs] [Times: user=0.00 sys=0.00, real=0.00 secs] 
197.481: Total time for which application threads were stopped: 0.0009720 seconds, Stopping threads took: 0.0000720 seconds
197.578: Application time: 0.0968090 seconds
197.578: [GC [PSYoungGen: 41546K->2304K(40960K)] 71351K->32149K(79872K), 0.0008510 secs] [Times: user=0.00 sys=0.00, real=0.00 secs] 
197.579: Total time for which application threads were stopped: 0.0009790 seconds, Stopping threads took: 0.0000610 seconds
197.674: Application time: 0.0948200 seconds
197.674: [GC [PSYoungGen: 40476K->1280K(39936K)] 70321K->31205K(78848K), 0.0006020 secs] [Times: user=0.00 sys=0.00, real=0.00 secs] 
197.674: Total time for which application threads were stopped: 0.0007290 seconds, Stopping threads took: 0.0000530 seconds
197.767: Application time: 0.0930960 seconds
197.768: [GC [PSYoungGen: 38413K->2304K(38912K)] 68339K->32269K(77824K), 0.0009740 secs] [Times: user=0.00 sys=0.00, real=0.00 secs] 
197.769: Total time for which application threads were stopped: 0.0011160 seconds, Stopping threads took: 0.0000710 seconds
197.857: Application time: 0.0889620 seconds
197.858: [GC [PSYoungGen: 38416K->2304K(38912K)] 68381K->32317K(77824K), 0.0009690 secs] [Times: user=0.01 sys=0.00, real=0.00 secs] 
197.859: Total time for which application threads were stopped: 0.0011250 seconds, Stopping threads took: 0.0000870 seconds
197.947: Application time: 0.0880820 seconds
197.947: [GC [PSYoungGen: 37901K->2256K(37888K)] 67915K->32325K(76800K), 0.0009630 secs] [Times: user=0.01 sys=0.00, real=0.00 secs] 
197.948: Total time for which application threads were stopped: 0.0010990 seconds, Stopping threads took: 0.0000660 seconds
198.037: Application time: 0.0891900 seconds
198.037: [GC [PSYoungGen: 37344K->1248K(37888K)] 67413K->31357K(76800K), 0.0006750 secs] [Times: user=0.00 sys=0.00, real=0.00 secs] 
198.038: Total time for which application threads were stopped: 0.0008000 seconds, Stopping threads took: 0.0000620 seconds
198.121: Application time: 0.0830710 seconds
198.121: [GC [PSYoungGen: 35811K->2816K(37376K)] 65920K->32973K(76288K), 0.0011430 secs] [Times: user=0.01 sys=0.00, real=0.01 secs] 
198.122: Total time for which application threads were stopped: 0.0012930 seconds, Stopping threads took: 0.0000760 seconds
198.208: Application time: 0.0854690 seconds
198.208: [GC [PSYoungGen: 36873K->2304K(36864K)] 67031K->32509K(75776K), 0.0009330 secs] [Times: user=0.00 sys=0.00, real=0.00 secs] 
198.209: Total time for which application threads were stopped: 0.0010790 seconds, Stopping threads took: 0.0000690 seconds
198.292: Application time: 0.0833350 seconds
198.292: [GC [PSYoungGen: 35844K->2784K(37376K)] 66049K->33037K(76288K), 0.0011300 secs] [Times: user=0.01 sys=0.00, real=0.00 secs] 
198.293: Total time for which application threads were stopped: 0.0012740 seconds, Stopping threads took: 0.0000710 seconds
198.377: Application time: 0.0832230 seconds
198.377: [GC [PSYoungGen: 36328K->2304K(44544K)] 66581K->32613K(83456K), 0.0008080 secs] [Times: user=0.01 sys=0.00, real=0.00 secs] 
198.378: Total time for which application threads were stopped: 0.0009580 seconds, Stopping threads took: 0.0000760 seconds
198.479: Application time: 0.1018520 seconds
198.479: [GC [PSYoungGen: 43123K->1792K(41984K)] 73432K->32149K(80896K), 0.0006750 secs] [Times: user=0.01 sys=0.00, real=0.00 secs] 
198.480: Total time for which application threads were stopped: 0.0008160 seconds, Stopping threads took: 0.0000730 seconds
198.579: Application time: 0.0985790 seconds
198.579: [GC [PSYoungGen: 41500K->2304K(41472K)] 71857K->32741K(80384K), 0.0010600 secs] [Times: user=0.00 sys=0.00, real=0.00 secs] 
198.580: Total time for which application threads were stopped: 0.0013060 seconds, Stopping threads took: 0.0001740 seconds
198.677: Application time: 0.0967870 seconds
198.677: [GC [PSYoungGen: 40912K->1280K(39424K)] 71349K->31773K(78336K), 0.0006550 secs] [Times: user=0.01 sys=0.00, real=0.00 secs] 
198.678: Total time for which application threads were stopped: 0.0007790 seconds, Stopping threads took: 0.0000560 seconds
198.771: Application time: 0.0932040 seconds
198.771: [GC [PSYoungGen: 39012K->768K(39424K)] 69506K->31261K(78336K), 0.0005200 secs] [Times: user=0.01 sys=0.00, real=0.00 secs] 
198.772: Total time for which application threads were stopped: 0.0006910 seconds, Stopping threads took: 0.0001020 seconds
198.861: Application time: 0.0895050 seconds
198.861: [GC [PSYoungGen: 37313K->1792K(38400K)] 67807K->32365K(77312K), 0.0008080 secs] [Times: user=0.01 sys=0.00, real=0.01 secs] 
198.862: Total time for which application threads were stopped: 0.0009440 seconds, Stopping threads took: 0.0000680 seconds
198.950: Application time: 0.0879480 seconds
198.950: [GC [PSYoungGen: 37980K->2304K(38912K)] 68554K->32877K(77824K), 0.0009420 secs] [Times: user=0.01 sys=0.00, real=0.00 secs] 
198.951: Total time for which application threads were stopped: 0.0010680 seconds, Stopping threads took: 0.0000570 seconds
199.041: Application time: 0.0895360 seconds
199.041: [GC [PSYoungGen: 37986K->768K(36352K)] 68559K->31429K(75264K), 0.0005110 secs] [Times: user=0.00 sys=0.00, real=0.00 secs] 
199.041: Total time for which application threads were stopped: 0.0006380 seconds, Stopping threads took: 0.0000660 seconds
199.127: Application time: 0.0861200 seconds
199.127: [GC [PSYoungGen: 35847K->1696K(37888K)] 66509K->32417K(76800K), 0.0008580 secs] [Times: user=0.00 sys=0.00, real=0.00 secs] 
199.128: Total time for which application threads were stopped: 0.0009900 seconds, Stopping threads took: 0.0000630 seconds
199.213: Application time: 0.0843620 seconds
199.213: [GC [PSYoungGen: 36267K->1248K(35840K)] 66989K->32033K(74752K), 0.0006300 secs] [Times: user=0.00 sys=0.00, real=0.00 secs] 
199.213: Total time for which application threads were stopped: 0.0007570 seconds, Stopping threads took: 0.0000630 seconds
199.297: Application time: 0.0834070 seconds
199.297: [GC [PSYoungGen: 35221K->2304K(36864K)] 66007K->33145K(75776K), 0.0009490 secs] [Times: user=0.00 sys=0.00, real=0.00 secs] 
199.298: Total time for which application threads were stopped: 0.0011060 seconds, Stopping threads took: 0.0000790 seconds
199.382: Application time: 0.0839300 seconds
199.382: [GC [PSYoungGen: 35848K->1760K(35328K)] 66689K->32601K(74240K), 0.0008450 secs] [Times: user=0.00 sys=0.00, real=0.00 secs] 
199.383: Total time for which application threads were stopped: 0.0009770 seconds, Stopping threads took: 0.0000680 seconds
199.465: Application time: 0.0820890 seconds
199.465: [GC [PSYoungGen: 34789K->1280K(34816K)] 65631K->32169K(73728K), 0.0006930 secs] [Times: user=0.00 sys=0.00, real=0.00 secs] 
199.466: Total time for which application threads were stopped: 0.0008240 seconds, Stopping threads took: 0.0000660 seconds
199.544: Application time: 0.0784980 seconds
199.544: [GC [PSYoungGen: 33783K->2304K(35328K)] 64673K->33241K(74240K), 0.0009080 secs] [Times: user=0.00 sys=0.00, real=0.00 secs] 
199.545: Total time for which application threads were stopped: 0.0011040 seconds, Stopping threads took: 0.0001240 seconds
199.624: Application time: 0.0785280 seconds
199.624: [GC [PSYoungGen: 34299K->2304K(34816K)] 65237K->33289K(73728K), 0.0009300 secs] [Times: user=0.01 sys=0.00, real=0.00 secs] 
199.625: Total time for which application threads were stopped: 0.0010670 seconds, Stopping threads took: 0.0000660 seconds
199.706: Application time: 0.0809830 seconds
199.706: [GC [PSYoungGen: 33873K->752K(32256K)] 64859K->31793K(71168K), 0.0005590 secs] [Times: user=0.00 sys=0.00, real=0.00 secs] 
199.707: Total time for which application threads were stopped: 0.0007510 seconds, Stopping threads took: 0.0001260 seconds
199.782: Application time: 0.0749330 seconds
199.782: [GC [PSYoungGen: 31624K->2272K(33792K)] 62666K->33386K(72704K), 0.0009790 secs] [Times: user=0.00 sys=0.00, real=0.00 secs] 
199.783: Total time for which application threads were stopped: 0.0011120 seconds, Stopping threads took: 0.0000640 seconds
199.857: Application time: 0.0743720 seconds
199.857: [GC [PSYoungGen: 32797K->2288K(32768K)] 63911K->33402K(71680K), 0.0009270 secs] [Times: user=0.00 sys=0.00, real=0.00 secs] 
199.858: Total time for which application threads were stopped: 0.0010750 seconds, Stopping threads took: 0.0000620 seconds
199.931: Application time: 0.0729970 seconds
199.931: [GC [PSYoungGen: 32140K->2240K(33792K)] 63254K->33442K(72704K), 0.0009300 secs] [Times: user=0.00 sys=0.00, real=0.00 secs] 
199.932: Total time for which application threads were stopped: 0.0010700 seconds, Stopping threads took: 0.0000690 seconds
200.009: Application time: 0.0766070 seconds
200.009: [GC [PSYoungGen: 32100K->1280K(31232K)] 63303K->32482K(70144K), 0.0006300 secs] [Times: user=0.01 sys=0.00, real=0.00 secs] 
200.010: Total time for which application threads were stopped: 0.0007600 seconds, Stopping threads took: 0.0000670 seconds
200.080: Application time: 0.0706720 seconds
200.080: [GC [PSYoungGen: 30684K->3328K(32768K)] 61886K->34530K(71680K), 0.0013240 secs] [Times: user=0.01 sys=0.00, real=0.01 secs] 
200.082: Total time for which application threads were stopped: 0.0014900 seconds, Stopping threads took: 0.0000890 seconds
200.152: Application time: 0.0705490 seconds
200.152: [GC [PSYoungGen: 32226K->3328K(33280K)] 63428K->34562K(72192K), 0.0012870 secs] [Times: user=0.01 sys=0.00, real=0.01 secs] 
200.154: Total time for which application threads were stopped: 0.0014440 seconds, Stopping threads took: 0.0000800 seconds
200.227: Application time: 0.0730170 seconds
200.227: [GC [PSYoungGen: 32311K->2304K(39424K)] 63545K->33586K(78336K), 0.0008200 secs] [Times: user=0.00 sys=0.00, real=0.00 secs] 
200.228: Total time for which application threads were stopped: 0.0010100 seconds, Stopping threads took: 0.0001210 seconds
200.316: Application time: 0.0877100 seconds
200.316: [GC [PSYoungGen: 37390K->2304K(39424K)] 68672K->33670K(78336K), 0.0009410 secs] [Times: user=0.01 sys=0.00, real=0.00 secs] 
200.317: Total time for which application threads were stopped: 0.0010800 seconds, Stopping threads took: 0.0000690 seconds
200.405: Application time: 0.0887780 seconds
200.406: [GC [PSYoungGen: 37394K->768K(46592K)] 68760K->32190K(85504K), 0.0005130 secs] [Times: user=0.00 sys=0.00, real=0.00 secs] 
200.406: Total time for which application threads were stopped: 0.0006450 seconds, Stopping threads took: 0.0000630 seconds
200.511: Application time: 0.1048780 seconds
200.511: [GC [PSYoungGen: 43127K->768K(42496K)] 74549K->32238K(81408K), 0.0005200 secs] [Times: user=0.00 sys=0.00, real=0.00 secs] 
200.512: Total time for which application threads were stopped: 0.0006350 seconds, Stopping threads took: 0.0000550 seconds
200.612: Application time: 0.1002820 seconds
200.612: [GC [PSYoungGen: 41940K->1248K(43520K)] 73410K->32810K(82432K), 0.0005780 secs] [Times: user=0.00 sys=0.00, real=0.00 secs] 
200.613: Total time for which application threads were stopped: 0.0007030 seconds, Stopping threads took: 0.0000630 seconds
200.711: Application time: 0.0986680 seconds
200.711: [GC [PSYoungGen: 41468K->2304K(41984K)] 73030K->33866K(80896K), 0.0009130 secs] [Times: user=0.00 sys=0.00, real=0.00 secs] 
200.712: Total time for which application threads were stopped: 0.0010450 seconds, Stopping threads took: 0.0000620 seconds
200.812: Application time: 0.0994170 seconds
200.812: [GC [PSYoungGen: 41504K->1280K(41472K)] 73066K->32890K(80384K), 0.0006120 secs] [Times: user=0.00 sys=0.00, real=0.00 secs] 
200.812: Total time for which application threads were stopped: 0.0007450 seconds, Stopping threads took: 0.0000670 seconds
200.905: Application time: 0.0925550 seconds
200.905: [GC [PSYoungGen: 39524K->1216K(38912K)] 71134K->32866K(77824K), 0.0007200 secs] [Times: user=0.00 sys=0.00, real=0.00 secs] 
200.907: Total time for which application threads were stopped: 0.0017280 seconds, Stopping threads took: 0.0001270 seconds
200.998: Application time: 0.0908660 seconds
200.998: [GC [PSYoungGen: 38356K->1792K(38400K)] 70006K->33522K(77312K), 0.0008780 secs] [Times: user=0.00 sys=0.00, real=0.00 secs] 
200.999: Total time for which application threads were stopped: 0.0010220 seconds, Stopping threads took: 0.0000670 seconds
201.088: Application time: 0.0896660 seconds
201.088: [GC [PSYoungGen: 37902K->2304K(38400K)] 69632K->34090K(77312K), 0.0009520 secs] [Times: user=0.01 sys=0.00, real=0.00 secs] 
201.089: Total time for which application threads were stopped: 0.0010940 seconds, Stopping threads took: 0.0000700 seconds
201.178: Application time: 0.0884960 seconds
201.178: [GC [PSYoungGen: 37984K->1280K(38400K)] 69770K->33114K(77312K), 0.0006650 secs] [Times: user=0.00 sys=0.00, real=0.00 secs] 
201.179: Total time for which application threads were stopped: 0.0007940 seconds, Stopping threads took: 0.0000660 seconds
201.264: Application time: 0.0851470 seconds
201.264: [GC [PSYoungGen: 36283K->1792K(36864K)] 68118K->33702K(75776K), 0.0007980 secs] [Times: user=0.01 sys=0.00, real=0.00 secs] 
201.265: Total time for which application threads were stopped: 0.0009260 seconds, Stopping threads took: 0.0000600 seconds
201.348: Application time: 0.0832210 seconds
201.348: [GC [PSYoungGen: 36279K->2816K(37376K)] 68190K->34726K(76288K), 0.0011070 secs] [Times: user=0.00 sys=0.00, real=0.00 secs] 
201.349: Total time for which application threads were stopped: 0.0012370 seconds, Stopping threads took: 0.0000580 seconds
201.435: Application time: 0.0853620 seconds
201.435: [GC [PSYoungGen: 36952K->2304K(36352K)] 68863K->34214K(75264K), 0.0009760 secs] [Times: user=0.01 sys=0.00, real=0.00 secs] 
201.436: Total time for which application threads were stopped: 0.0011180 seconds, Stopping threads took: 0.0000750 seconds
201.517: Application time: 0.0812030 seconds
201.517: [GC [PSYoungGen: 35765K->2784K(36864K)] 67676K->34778K(75776K), 0.0011210 secs] [Times: user=0.01 sys=0.00, real=0.00 secs] 
201.518: Total time for which application threads were stopped: 0.0012830 seconds, Stopping threads took: 0.0000750 seconds
201.599: Application time: 0.0811790 seconds
201.600: [GC [PSYoungGen: 35970K->2304K(37376K)] 67965K->34298K(76288K), 0.0009610 secs] [Times: user=0.00 sys=0.00, real=0.00 secs] 
201.601: Total time for which application threads were stopped: 0.0011850 seconds, Stopping threads took: 0.0001550 seconds
201.682: Application time: 0.0817130 seconds
201.682: [GC [PSYoungGen: 35332K->2304K(43008K)] 67326K->34410K(81920K), 0.0008670 secs] [Times: user=0.00 sys=0.00, real=0.00 secs] 
201.683: Total time for which application threads were stopped: 0.0010210 seconds, Stopping threads took: 0.0000840 seconds
201.782: Application time: 0.0990220 seconds
201.782: [GC [PSYoungGen: 41938K->1792K(40960K)] 74045K->33962K(79872K), 0.0007620 secs] [Times: user=0.01 sys=0.00, real=0.00 secs] 
201.783: Total time for which application threads were stopped: 0.0008970 seconds, Stopping threads took: 0.0000690 seconds
201.880: Application time: 0.0967590 seconds
201.880: [GC [PSYoungGen: 40554K->1280K(40448K)] 72725K->33450K(79360K), 0.0006070 secs] [Times: user=0.00 sys=0.00, real=0.00 secs] 
201.881: Total time for which application threads were stopped: 0.0007380 seconds, Stopping threads took: 0.0000640 seconds
201.973: Application time: 0.0919790 seconds
201.973: [GC [PSYoungGen: 38854K->1792K(38912K)] 71024K->34058K(77824K), 0.0008450 secs] [Times: user=0.01 sys=0.00, real=0.01 secs] 
201.974: Total time for which application threads were stopped: 0.0009730 seconds, Stopping threads took: 0.0000600 seconds
202.063: Application time: 0.0894520 seconds
202.063: [GC [PSYoungGen: 38494K->2304K(39424K)] 70761K->34570K(78336K), 0.0008940 secs] [Times: user=0.01 sys=0.00, real=0.00 secs] 
202.064: Total time for which application threads were stopped: 0.0010430 seconds, Stopping threads took: 0.0000700 seconds
202.152: Application time: 0.0875030 seconds
202.152: [GC [PSYoungGen: 38335K->2816K(38912K)] 70602K->35163K(77824K), 0.0011440 secs] [Times: user=0.01 sys=0.00, real=0.00 secs] 
202.153: Total time for which application threads were stopped: 0.0012910 seconds, Stopping threads took: 0.0000740 seconds
202.243: Application time: 0.0895750 seconds
202.243: [GC [PSYoungGen: 38574K->1808K(38400K)] 70921K->34154K(77312K), 0.0008770 secs] [Times: user=0.01 sys=0.00, real=0.00 secs] 
202.244: Total time for which application threads were stopped: 0.0010180 seconds, Stopping threads took: 0.0000690 seconds
202.329: Application time: 0.0850960 seconds
202.329: [GC [PSYoungGen: 36809K->2816K(38912K)] 69156K->35271K(77824K), 0.0011460 secs] [Times: user=0.00 sys=0.00, real=0.00 secs] 
202.330: Total time for which application threads were stopped: 0.0012900 seconds, Stopping threads took: 0.0000690 seconds
202.418: Application time: 0.0883550 seconds
202.418: [GC [PSYoungGen: 37906K->1280K(36352K)] 70361K->33735K(75264K), 0.0005790 secs] [Times: user=0.00 sys=0.00, real=0.00 secs] 
202.419: Total time for which application threads were stopped: 0.0007170 seconds, Stopping threads took: 0.0000730 seconds
202.504: Application time: 0.0847190 seconds
202.504: [GC [PSYoungGen: 35924K->2272K(36864K)] 68379K->34767K(75776K), 0.0009740 secs] [Times: user=0.00 sys=0.00, real=0.00 secs] 
202.505: Total time for which application threads were stopped: 0.0011110 seconds, Stopping threads took: 0.0000670 seconds
202.588: Application time: 0.0830060 seconds
202.588: [GC [PSYoungGen: 36249K->2304K(36352K)] 68744K->34879K(75264K), 0.0008720 secs] [Times: user=0.00 sys=0.00, real=0.00 secs] 
202.589: Total time for which application threads were stopped: 0.0010290 seconds, Stopping threads took: 0.0000760 seconds
202.672: Application time: 0.0831920 seconds
202.672: [GC [PSYoungGen: 35769K->1664K(35328K)] 68344K->34239K(74240K), 0.0009230 secs] [Times: user=0.00 sys=0.00, real=0.00 secs] 
202.673: Total time for which application threads were stopped: 0.0010610 seconds, Stopping threads took: 0.0000710 seconds
202.756: Application time: 0.0824720 seconds
202.756: [GC [PSYoungGen: 34770K->1792K(34816K)] 67345K->34367K(73728K), 0.0008000 secs] [Times: user=0.00 sys=0.00, real=0.00 secs] 
202.757: Total time for which application threads were stopped: 0.0009290 seconds, Stopping threads took: 0.0000610 seconds
202.837: Application time: 0.0805510 seconds
202.837: [GC [PSYoungGen: 34309K->768K(33280K)] 66884K->33427K(72192K), 0.0005470 secs] [Times: user=0.00 sys=0.00, real=0.00 secs] 
202.838: Total time for which application threads were stopped: 0.0006720 seconds, Stopping threads took: 0.0000650 seconds
202.917: Application time: 0.0790320 seconds
202.917: [GC [PSYoungGen: 32841K->768K(33280K)] 65501K->33467K(72192K), 0.0005640 secs] [Times: user=0.00 sys=0.01, real=0.00 secs] 
202.918: Total time for which application threads were stopped: 0.0006910 seconds, Stopping threads took: 0.0000640 seconds
202.994: Application time: 0.0766570 seconds
202.994: [GC [PSYoungGen: 32235K->2304K(33792K)] 64934K->35091K(72704K), 0.0009520 secs] [Times: user=0.00 sys=0.00, real=0.00 secs] 
202.995: Total time for which application threads were stopped: 0.0010920 seconds, Stopping threads took: 0.0000720 seconds
203.070: Application time: 0.0743820 seconds
203.070: [GC [PSYoungGen: 33180K->3328K(34304K)] 65967K->36155K(73216K), 0.0013200 secs] [Times: user=0.00 sys=0.00, real=0.00 secs] 
203.071: Total time for which application threads were stopped: 0.0014680 seconds, Stopping threads took: 0.0000730 seconds
203.148: Application time: 0.0765290 seconds
203.148: [GC [PSYoungGen: 33869K->1280K(31744K)] 66697K->34107K(70656K), 0.0005990 secs] [Times: user=0.00 sys=0.00, real=0.00 secs] 
203.148: Total time for which application threads were stopped: 0.0007320 seconds, Stopping threads took: 0.0000590 seconds
203.220: Application time: 0.0717960 seconds
203.220: [GC [PSYoungGen: 31124K->2304K(34304K)] 63951K->35211K(73216K), 0.0009400 secs] [Times: user=0.00 sys=0.00, real=0.00 secs] 
203.221: Total time for which application threads were stopped: 0.0010830 seconds, Stopping threads took: 0.0000720 seconds
203.295: Application time: 0.0741850 seconds
203.296: [GC [PSYoungGen: 32146K->3840K(34304K)] 65053K->36747K(73216K), 0.0014620 secs] [Times: user=0.01 sys=0.00, real=0.00 secs] 
203.297: Total time for which application threads were stopped: 0.0016150 seconds, Stopping threads took: 0.0000760 seconds
203.374: Application time: 0.0767310 seconds
203.374: [GC [PSYoungGen: 33796K->768K(40960K)] 66703K->33675K(79872K), 0.0005030 secs] [Times: user=0.00 sys=0.00, real=0.00 secs] 
203.374: Total time for which application threads were stopped: 0.0006240 seconds, Stopping threads took: 0.0000600 seconds
203.461: Application time: 0.0863910 seconds
203.461: [GC [PSYoungGen: 36869K->3328K(40960K)] 69777K->36275K(79872K), 0.0012760 secs] [Times: user=0.01 sys=0.00, real=0.01 secs] 
203.462: Total time for which application threads were stopped: 0.0014260 seconds, Stopping threads took: 0.0000750 seconds
203.553: Application time: 0.0904660 seconds
203.553: [GC [PSYoungGen: 39600K->2304K(48640K)] 72548K->35283K(87552K), 0.0008500 secs] [Times: user=0.00 sys=0.00, real=0.01 secs] 
203.554: Total time for which application threads were stopped: 0.0009940 seconds, Stopping threads took: 0.0000730 seconds
203.664: Application time: 0.1102710 seconds
203.664: [GC [PSYoungGen: 46131K->1280K(44544K)] 79110K->34375K(83456K), 0.0005830 secs] [Times: user=0.00 sys=0.00, real=0.00 secs] 
203.665: Total time for which application threads were stopped: 0.0007280 seconds, Stopping threads took: 0.0000690 seconds
203.768: Application time: 0.1034290 seconds
203.768: [GC [PSYoungGen: 43990K->2816K(45568K)] 77086K->35951K(84480K), 0.0010530 secs] [Times: user=0.00 sys=0.00, real=0.00 secs] 
203.769: Total time for which application threads were stopped: 0.0012130 seconds, Stopping threads took: 0.0000840 seconds
203.874: Application time: 0.1046690 seconds
203.874: [GC [PSYoungGen: 44667K->1264K(42496K)] 77802K->34399K(81408K), 0.0006590 secs] [Times: user=0.00 sys=0.00, real=0.00 secs] 
203.875: Total time for which application threads were stopped: 0.0008190 seconds, Stopping threads took: 0.0000960 seconds
203.976: Application time: 0.1010770 seconds
203.976: [GC [PSYoungGen: 41924K->1280K(43520K)] 75060K->34503K(82432K), 0.0005790 secs] [Times: user=0.01 sys=0.00, real=0.00 secs] 
203.977: Total time for which application threads were stopped: 0.0007060 seconds, Stopping threads took: 0.0000630 seconds
204.074: Application time: 0.0974140 seconds
204.074: [GC [PSYoungGen: 41068K->1280K(40448K)] 74292K->34503K(79360K), 0.0006990 secs] [Times: user=0.00 sys=0.00, real=0.00 secs] 
204.075: Total time for which application threads were stopped: 0.0008730 seconds, Stopping threads took: 0.0001110 seconds
204.170: Application time: 0.0951190 seconds
204.170: [GC [PSYoungGen: 40040K->1280K(40960K)] 73264K->34599K(79872K), 0.0006670 secs] [Times: user=0.01 sys=0.00, real=0.00 secs] 
204.171: Total time for which application threads were stopped: 0.0009550 seconds, Stopping threads took: 0.0002160 seconds
204.262: Application time: 0.0910880 seconds
204.262: [GC [PSYoungGen: 38932K->1792K(38912K)] 72252K->35203K(77824K), 0.0008030 secs] [Times: user=0.01 sys=0.00, real=0.00 secs] 
204.263: Total time for which application threads were stopped: 0.0009400 seconds, Stopping threads took: 0.0000680 seconds
204.353: Application time: 0.0900750 seconds
204.353: [GC [PSYoungGen: 38418K->1792K(38912K)] 71830K->35251K(77824K), 0.0008530 secs] [Times: user=0.00 sys=0.00, real=0.01 secs] 
204.354: Total time for which application threads were stopped: 0.0009770 seconds, Stopping threads took: 0.0000580 seconds
204.443: Application time: 0.0891380 seconds
204.443: [GC [PSYoungGen: 37906K->1280K(37376K)] 71365K->34787K(76288K), 0.0006390 secs] [Times: user=0.00 sys=0.00, real=0.00 secs] 
204.444: Total time for which application threads were stopped: 0.0007650 seconds, Stopping threads took: 0.0000650 seconds
204.530: Application time: 0.0859350 seconds
204.530: [GC [PSYoungGen: 36873K->2272K(38400K)] 70381K->35819K(77312K), 0.0009900 secs] [Times: user=0.00 sys=0.00, real=0.00 secs] 
204.531: Total time for which application threads were stopped: 0.0011250 seconds, Stopping threads took: 0.0000670 seconds
204.618: Application time: 0.0865960 seconds
204.618: [GC [PSYoungGen: 37277K->2304K(37376K)] 70825K->35899K(76288K), 0.0009680 secs] [Times: user=0.01 sys=0.00, real=0.00 secs] 
204.619: Total time for which application threads were stopped: 0.0011090 seconds, Stopping threads took: 0.0000610 seconds
204.703: Application time: 0.0846040 seconds
204.704: [GC [PSYoungGen: 36952K->2304K(37376K)] 70548K->35899K(76288K), 0.0009620 secs] [Times: user=0.01 sys=0.00, real=0.00 secs] 
204.704: Total time for which application threads were stopped: 0.0011030 seconds, Stopping threads took: 0.0000640 seconds
204.789: Application time: 0.0843520 seconds
204.789: [GC [PSYoungGen: 36357K->2240K(36352K)] 69953K->35916K(75264K), 0.0009900 secs] [Times: user=0.01 sys=0.00, real=0.00 secs] 
204.790: Total time for which application threads were stopped: 0.0012000 seconds, Stopping threads took: 0.0001370 seconds
204.873: Application time: 0.0825500 seconds
204.873: [GC [PSYoungGen: 35862K->2304K(36352K)] 69538K->36020K(75264K), 0.0009970 secs] [Times: user=0.00 sys=0.00, real=0.01 secs] 
204.874: Total time for which application threads were stopped: 0.0011330 seconds, Stopping threads took: 0.0000670 seconds
204.955: Application time: 0.0816050 seconds
204.955: [GC [PSYoungGen: 35257K->1216K(34304K)] 68973K->35020K(73216K), 0.0007100 secs] [Times: user=0.01 sys=0.01, real=0.00 secs] 
204.956: Total time for which application threads were stopped: 0.0008490 seconds, Stopping threads took: 0.0000770 seconds
205.037: Application time: 0.0807130 seconds
205.037: [GC [PSYoungGen: 33723K->1792K(35328K)] 67527K->35596K(74240K), 0.0008030 secs] [Times: user=0.00 sys=0.00, real=0.00 secs] 
205.038: Total time for which application threads were stopped: 0.0009440 seconds, Stopping threads took: 0.0000740 seconds
205.114: Application time: 0.0765290 seconds
205.114: [GC [PSYoungGen: 33775K->3328K(35840K)] 67579K->37172K(74752K), 0.0013050 secs] [Times: user=0.00 sys=0.00, real=0.00 secs] 
205.116: Total time for which application threads were stopped: 0.0014430 seconds, Stopping threads took: 0.0000630 seconds
205.195: Application time: 0.0787460 seconds
205.195: [GC [PSYoungGen: 35327K->2816K(43008K)] 69172K->36708K(81920K), 0.0009600 secs] [Times: user=0.01 sys=0.00, real=0.00 secs] 
205.196: Total time for which application threads were stopped: 0.0011030 seconds, Stopping threads took: 0.0000700 seconds
205.294: Application time: 0.0979090 seconds
205.294: [GC [PSYoungGen: 41426K->1280K(39424K)] 75318K->35236K(78336K), 0.0005920 secs] [Times: user=0.00 sys=0.00, real=0.00 secs] 
205.294: Total time for which application threads were stopped: 0.0007260 seconds, Stopping threads took: 0.0000630 seconds
205.386: Application time: 0.0919030 seconds
205.386: [GC [PSYoungGen: 39010K->1792K(39936K)] 72966K->35748K(78848K), 0.0007540 secs] [Times: user=0.01 sys=0.00, real=0.00 secs] 
205.387: Total time for which application threads were stopped: 0.0008820 seconds, Stopping threads took: 0.0000600 seconds
205.480: Application time: 0.0927910 seconds
205.480: [GC [PSYoungGen: 38420K->1248K(37888K)] 72376K->35288K(76800K), 0.0006980 secs] [Times: user=0.00 sys=0.00, real=0.00 secs] 
205.481: Total time for which application threads were stopped: 0.0008370 seconds, Stopping threads took: 0.0000740 seconds
205.566: Application time: 0.0855800 seconds
205.566: [GC [PSYoungGen: 37429K->3360K(39424K)] 71469K->37432K(78336K), 0.0012740 secs] [Times: user=0.01 sys=0.00, real=0.00 secs] 
205.568: Total time for which application threads were stopped: 0.0014220 seconds, Stopping threads took: 0.0000680 seconds
205.659: Application time: 0.0910270 seconds
205.659: [GC [PSYoungGen: 38964K->1760K(37376K)] 73036K->35912K(76288K), 0.0008090 secs] [Times: user=0.01 sys=0.00, real=0.00 secs] 
205.660: Total time for which application threads were stopped: 0.0009470 seconds, Stopping threads took: 0.0000710 seconds
205.743: Application time: 0.0837080 seconds
205.744: [GC [PSYoungGen: 36759K->3328K(38912K)] 70912K->37520K(77824K), 0.0012670 secs] [Times: user=0.01 sys=0.00, real=0.00 secs] 
205.745: Total time for which application threads were stopped: 0.0014200 seconds, Stopping threads took: 0.0000750 seconds
205.835: Application time: 0.0902670 seconds
205.835: [GC [PSYoungGen: 37986K->768K(35328K)] 72179K->34960K(74240K), 0.0004810 secs] [Times: user=0.00 sys=0.00, real=0.00 secs] 
205.836: Total time for which application threads were stopped: 0.0006050 seconds, Stopping threads took: 0.0000570 seconds
205.918: Application time: 0.0819480 seconds
205.918: [GC [PSYoungGen: 34743K->1280K(36864K)] 68936K->35556K(75776K), 0.0007140 secs] [Times: user=0.01 sys=0.00, real=0.00 secs] 
205.919: Total time for which application threads were stopped: 0.0017020 seconds, Stopping threads took: 0.0000560 seconds
206.004: Application time: 0.0844530 seconds
206.004: [GC [PSYoungGen: 34743K->1280K(34816K)] 69020K->35556K(73728K), 0.0006340 secs] [Times: user=0.00 sys=0.00, real=0.00 secs] 
206.005: Total time for which application threads were stopped: 0.0007670 seconds, Stopping threads took: 0.0000680 seconds
206.085: Application time: 0.0801550 seconds
206.085: [GC [PSYoungGen: 34464K->1280K(36352K)] 68740K->35556K(75264K), 0.0006580 secs] [Times: user=0.00 sys=0.00, real=0.00 secs] 
206.086: Total time for which application threads were stopped: 0.0008120 seconds, Stopping threads took: 0.0000890 seconds
206.163: Application time: 0.0778940 seconds
206.164: [GC [PSYoungGen: 33783K->2304K(34816K)] 68059K->36696K(73728K), 0.0009710 secs] [Times: user=0.01 sys=0.00, real=0.00 secs] 
206.165: Total time for which application threads were stopped: 0.0011240 seconds, Stopping threads took: 0.0000840 seconds
206.243: Application time: 0.0780510 seconds
206.243: [GC [PSYoungGen: 34299K->2304K(35328K)] 68692K->36744K(74240K), 0.0009610 secs] [Times: user=0.01 sys=0.00, real=0.00 secs] 
206.244: Total time for which application threads were stopped: 0.0011210 seconds, Stopping threads took: 0.0000910 seconds
206.323: Application time: 0.0790970 seconds
206.323: [GC [PSYoungGen: 33787K->1760K(33280K)] 68228K->36248K(72192K), 0.0008030 secs] [Times: user=0.01 sys=0.00, real=0.00 secs] 
206.324: Total time for which application threads were stopped: 0.0009440 seconds, Stopping threads took: 0.0000750 seconds
206.401: Application time: 0.0768880 seconds
206.401: [GC [PSYoungGen: 32640K->2304K(34304K)] 67129K->36848K(73216K), 0.0009600 secs] [Times: user=0.00 sys=0.00, real=0.01 secs] 
206.402: Total time for which application threads were stopped: 0.0011080 seconds, Stopping threads took: 0.0000700 seconds
206.478: Application time: 0.0757730 seconds
206.478: [GC [PSYoungGen: 32755K->1792K(32256K)] 67300K->36336K(71168K), 0.0008680 secs] [Times: user=0.00 sys=0.00, real=0.00 secs] 
206.479: Total time for which application threads were stopped: 0.0009950 seconds, Stopping threads took: 0.0000590 seconds
206.552: Application time: 0.0738620 seconds
206.553: [GC [PSYoungGen: 31720K->2272K(33792K)] 66265K->36856K(72704K), 0.0011010 secs] [Times: user=0.01 sys=0.00, real=0.01 secs] 
206.554: Total time for which application threads were stopped: 0.0012330 seconds, Stopping threads took: 0.0000600 seconds
206.627: Application time: 0.0729670 seconds
206.627: [GC [PSYoungGen: 32120K->2816K(33792K)] 66705K->37448K(72704K), 0.0011160 secs] [Times: user=0.01 sys=0.00, real=0.00 secs] 
206.628: Total time for which application threads were stopped: 0.0012650 seconds, Stopping threads took: 0.0000740 seconds
206.702: Application time: 0.0741780 seconds
206.702: [GC [PSYoungGen: 32903K->2848K(40448K)] 67536K->37480K(79360K), 0.0009860 secs] [Times: user=0.01 sys=0.00, real=0.00 secs] 
206.703: Total time for which application threads were stopped: 0.0012850 seconds, Stopping threads took: 0.0002270 seconds
206.793: Application time: 0.0892220 seconds
206.793: [GC [PSYoungGen: 38882K->2784K(40448K)] 73514K->37520K(79360K), 0.0011360 secs] [Times: user=0.01 sys=0.00, real=0.01 secs] 
206.794: Total time for which application threads were stopped: 0.0012790 seconds, Stopping threads took: 0.0000670 seconds
206.884: Application time: 0.0905160 seconds
206.885: [GC [PSYoungGen: 38978K->1792K(48128K)] 73715K->36528K(87040K), 0.0006750 secs] [Times: user=0.00 sys=0.00, real=0.00 secs] 
206.885: Total time for which application threads were stopped: 0.0008220 seconds, Stopping threads took: 0.0000750 seconds
206.994: Application time: 0.1085570 seconds
206.994: [GC [PSYoungGen: 45610K->2304K(45568K)] 80347K->37132K(84480K), 0.0008380 secs] [Times: user=0.00 sys=0.00, real=0.00 secs] 
206.995: Total time for which application threads were stopped: 0.0010280 seconds, Stopping threads took: 0.0001090 seconds
207.102: Application time: 0.1071450 seconds
207.102: [GC [PSYoungGen: 45106K->768K(45056K)] 79935K->35652K(83968K), 0.0005260 secs] [Times: user=0.00 sys=0.00, real=0.00 secs] 
207.103: Total time for which application threads were stopped: 0.0007060 seconds, Stopping threads took: 0.0001190 seconds
207.204: Application time: 0.1017370 seconds
207.205: [GC [PSYoungGen: 42528K->2304K(43520K)] 77413K->37237K(82432K), 0.0009680 secs] [Times: user=0.00 sys=0.00, real=0.00 secs] 
207.206: Total time for which application threads were stopped: 0.0011150 seconds, Stopping threads took: 0.0000740 seconds
207.304: Application time: 0.0988220 seconds
207.304: [GC [PSYoungGen: 42960K->3328K(43520K)] 77893K->38301K(82432K), 0.0012960 secs] [Times: user=0.00 sys=0.00, real=0.00 secs] 
207.306: Total time for which application threads were stopped: 0.0014470 seconds, Stopping threads took: 0.0000740 seconds
207.405: Application time: 0.0995720 seconds
207.405: [GC [PSYoungGen: 43201K->1760K(40960K)] 78174K->36733K(79872K), 0.0008690 secs] [Times: user=0.00 sys=0.00, real=0.00 secs] 
207.406: Total time for which application threads were stopped: 0.0010030 seconds, Stopping threads took: 0.0000650 seconds
207.502: Application time: 0.0955500 seconds
207.502: [GC [PSYoungGen: 40442K->1792K(40960K)] 75415K->36881K(79872K), 0.0008350 secs] [Times: user=0.00 sys=0.00, real=0.00 secs] 
207.503: Total time for which application threads were stopped: 0.0009780 seconds, Stopping threads took: 0.0000630 seconds
207.593: Application time: 0.0905880 seconds
207.594: [GC [PSYoungGen: 39444K->2304K(39424K)] 74533K->37449K(78336K), 0.0009960 secs] [Times: user=0.00 sys=0.00, real=0.00 secs] 
207.595: Total time for which application threads were stopped: 0.0011420 seconds, Stopping threads took: 0.0000730 seconds
207.684: Application time: 0.0892780 seconds
207.684: [GC [PSYoungGen: 38932K->1792K(38912K)] 74077K->36985K(77824K), 0.0008520 secs] [Times: user=0.00 sys=0.00, real=0.00 secs] 
207.685: Total time for which application threads were stopped: 0.0010280 seconds, Stopping threads took: 0.0001100 seconds
207.774: Application time: 0.0890310 seconds
207.774: [GC [PSYoungGen: 37900K->2816K(39424K)] 73093K->38057K(78336K), 0.0011120 secs] [Times: user=0.00 sys=0.00, real=0.00 secs] 
207.775: Total time for which application threads were stopped: 0.0012580 seconds, Stopping threads took: 0.0000730 seconds
207.863: Application time: 0.0882490 seconds
207.864: [GC [PSYoungGen: 38418K->1792K(38912K)] 73659K->37081K(77824K), 0.0007920 secs] [Times: user=0.00 sys=0.00, real=0.00 secs] 
207.864: Total time for which application threads were stopped: 0.0009220 seconds, Stopping threads took: 0.0000650 seconds
207.950: Application time: 0.0859740 seconds
207.951: [GC [PSYoungGen: 36795K->2304K(37376K)] 72085K->37649K(76288K), 0.0010120 secs] [Times: user=0.00 sys=0.00, real=0.00 secs] 
207.952: Total time for which application threads were stopped: 0.0011480 seconds, Stopping threads took: 0.0000680 seconds
208.039: Application time: 0.0873870 seconds
208.039: [GC [PSYoungGen: 37037K->768K(37888K)] 72382K->36113K(76800K), 0.0005210 secs] [Times: user=0.00 sys=0.00, real=0.00 secs] 
208.040: Total time for which application threads were stopped: 0.0006530 seconds, Stopping threads took: 0.0000600 seconds
208.122: Application time: 0.0821460 seconds
208.122: [GC [PSYoungGen: 34743K->1280K(35328K)] 70088K->36749K(74240K), 0.0007030 secs] [Times: user=0.00 sys=0.00, real=0.00 secs] 
208.123: Total time for which application threads were stopped: 0.0008420 seconds, Stopping threads took: 0.0000750 seconds
208.205: Application time: 0.0824840 seconds
208.205: [GC [PSYoungGen: 34900K->1280K(36352K)] 70369K->36749K(75264K), 0.0006690 secs] [Times: user=0.01 sys=0.00, real=0.00 secs] 
208.206: Total time for which application threads were stopped: 0.0007900 seconds, Stopping threads took: 0.0000550 seconds
208.287: Application time: 0.0810590 seconds
208.287: [GC [PSYoungGen: 34307K->1280K(34304K)] 69777K->36837K(73216K), 0.0006510 secs] [Times: user=0.01 sys=0.00, real=0.00 secs] 
208.288: Total time for which application threads were stopped: 0.0007800 seconds, Stopping threads took: 0.0000640 seconds
208.369: Application time: 0.0812140 seconds
208.369: [GC [PSYoungGen: 33719K->256K(35328K)] 69277K->35869K(74240K), 0.0004020 secs] [Times: user=0.00 sys=0.00, real=0.00 secs] 
208.369: Total time for which application threads were stopped: 0.0005430 seconds, Stopping threads took: 0.0000740 seconds
208.443: Application time: 0.0733670 seconds
208.443: [GC [PSYoungGen: 32305K->3328K(35328K)] 67918K->38941K(74240K), 0.0012900 secs] [Times: user=0.01 sys=0.00, real=0.00 secs] 
208.444: Total time for which application threads were stopped: 0.0014380 seconds, Stopping threads took: 0.0000720 seconds
208.524: Application time: 0.0796900 seconds
208.524: [GC [PSYoungGen: 34741K->1792K(34816K)] 70355K->37501K(73728K), 0.0007810 secs] [Times: user=0.00 sys=0.00, real=0.00 secs] 
208.525: Total time for which application threads were stopped: 0.0009180 seconds, Stopping threads took: 0.0000710 seconds
208.599: Application time: 0.0739410 seconds
208.599: [GC [PSYoungGen: 32742K->3328K(35328K)] 68452K->39037K(74240K), 0.0013020 secs] [Times: user=0.01 sys=0.00, real=0.00 secs] 
208.600: Total time for which application threads were stopped: 0.0014560 seconds, Stopping threads took: 0.0000710 seconds
208.678: Application time: 0.0774680 seconds
208.678: [GC [PSYoungGen: 34386K->1280K(41472K)] 70095K->37029K(80384K), 0.0006040 secs] [Times: user=0.00 sys=0.00, real=0.00 secs] 
208.678: Total time for which application threads were stopped: 0.0007300 seconds, Stopping threads took: 0.0000650 seconds
208.770: Application time: 0.0915430 seconds
208.770: [GC [PSYoungGen: 38854K->1792K(38912K)] 74603K->37621K(77824K), 0.0007630 secs] [Times: user=0.00 sys=0.00, real=0.00 secs] 
208.771: Total time for which application threads were stopped: 0.0008930 seconds, Stopping threads took: 0.0000640 seconds
208.861: Application time: 0.0900270 seconds
208.861: [GC [PSYoungGen: 38492K->2304K(39936K)] 74321K->38133K(78848K), 0.0008680 secs] [Times: user=0.00 sys=0.01, real=0.01 secs] 
208.862: Total time for which application threads were stopped: 0.0010450 seconds, Stopping threads took: 0.0001080 seconds
208.950: Application time: 0.0875260 seconds
208.950: [GC [PSYoungGen: 38418K->2304K(38400K)] 74247K->38213K(77312K), 0.0009570 secs] [Times: user=0.01 sys=0.00, real=0.00 secs] 
208.951: Total time for which application threads were stopped: 0.0010980 seconds, Stopping threads took: 0.0000680 seconds
209.042: Application time: 0.0909640 seconds
209.042: [GC [PSYoungGen: 37828K->1216K(38912K)] 73737K->37181K(77824K), 0.0005780 secs] [Times: user=0.00 sys=0.00, real=0.00 secs] 
209.042: Total time for which application threads were stopped: 0.0007070 seconds, Stopping threads took: 0.0000650 seconds
209.125: Application time: 0.0831120 seconds
209.126: [GC [PSYoungGen: 36373K->2304K(37376K)] 72339K->38269K(76288K), 0.0009760 secs] [Times: user=0.01 sys=0.00, real=0.00 secs] 
209.127: Total time for which application threads were stopped: 0.0011360 seconds, Stopping threads took: 0.0000790 seconds
209.212: Application time: 0.0854880 seconds
209.212: [GC [PSYoungGen: 36791K->2816K(38912K)] 72757K->38853K(77824K), 0.0011070 secs] [Times: user=0.01 sys=0.00, real=0.00 secs] 
209.213: Total time for which application threads were stopped: 0.0012540 seconds, Stopping threads took: 0.0000720 seconds
209.301: Application time: 0.0874370 seconds
209.301: [GC [PSYoungGen: 37394K->704K(35328K)] 73432K->36741K(74240K), 0.0005060 secs] [Times: user=0.00 sys=0.00, real=0.00 secs] 
209.301: Total time for which application threads were stopped: 0.0006400 seconds, Stopping threads took: 0.0000690 seconds
209.383: Application time: 0.0820250 seconds
209.384: [GC [PSYoungGen: 34833K->1792K(37376K)] 70871K->37885K(76288K), 0.0008110 secs] [Times: user=0.00 sys=0.00, real=0.00 secs] 
209.384: Total time for which application threads were stopped: 0.0009500 seconds, Stopping threads took: 0.0000740 seconds
209.467: Application time: 0.0822980 seconds
209.467: [GC [PSYoungGen: 35251K->2304K(35840K)] 71345K->38469K(74752K), 0.0010060 secs] [Times: user=0.00 sys=0.00, real=0.00 secs] 
209.468: Total time for which application threads were stopped: 0.0011340 seconds, Stopping threads took: 0.0000540 seconds
209.548: Application time: 0.0797720 seconds
209.548: [GC [PSYoungGen: 35409K->2304K(36352K)] 71575K->38469K(75264K), 0.0009650 secs] [Times: user=0.01 sys=0.00, real=0.00 secs] 
209.549: Total time for which application threads were stopped: 0.0011100 seconds, Stopping threads took: 0.0000740 seconds
209.630: Application time: 0.0809160 seconds
209.630: [GC [PSYoungGen: 34819K->1792K(34304K)] 70985K->38038K(73216K), 0.0008500 secs] [Times: user=0.01 sys=0.00, real=0.00 secs] 
209.631: Total time for which application threads were stopped: 0.0009970 seconds, Stopping threads took: 0.0000710 seconds
209.710: Application time: 0.0793710 seconds
209.710: [GC [PSYoungGen: 33787K->1760K(34816K)] 70033K->38046K(73728K), 0.0008460 secs] [Times: user=0.01 sys=0.00, real=0.00 secs] 
209.711: Total time for which application threads were stopped: 0.0009750 seconds, Stopping threads took: 0.0000640 seconds
209.789: Application time: 0.0782930 seconds
209.789: [GC [PSYoungGen: 33235K->2304K(35328K)] 69521K->38630K(74240K), 0.0009590 secs] [Times: user=0.01 sys=0.00, real=0.00 secs] 
209.790: Total time for which application threads were stopped: 0.0010970 seconds, Stopping threads took: 0.0000650 seconds
209.870: Application time: 0.0794010 seconds
209.870: [GC [PSYoungGen: 33717K->768K(32256K)] 70043K->37142K(71168K), 0.0005270 secs] [Times: user=0.01 sys=0.00, real=0.00 secs] 
209.870: Total time for which application threads were stopped: 0.0006550 seconds, Stopping threads took: 0.0000680 seconds
209.945: Application time: 0.0748860 seconds
209.945: [GC [PSYoungGen: 31718K->2304K(33280K)] 68092K->38678K(72192K), 0.0009550 secs] [Times: user=0.01 sys=0.00, real=0.00 secs] 
209.946: Total time for which application threads were stopped: 0.0011710 seconds, Stopping threads took: 0.0001420 seconds
210.022: Application time: 0.0756950 seconds
210.022: [GC [PSYoungGen: 32829K->2304K(32768K)] 69203K->38710K(71680K), 0.0008590 secs] [Times: user=0.01 sys=0.00, real=0.00 secs] 
210.023: Total time for which application threads were stopped: 0.0010050 seconds, Stopping threads took: 0.0000740 seconds
210.100: Application time: 0.0764290 seconds
210.100: [GC [PSYoungGen: 32169K->768K(30720K)] 68575K->37270K(69632K), 0.0005390 secs] [Times: user=0.00 sys=0.00, real=0.00 secs] 
210.100: Total time for which application threads were stopped: 0.0006530 seconds, Stopping threads took: 0.0000530 seconds
210.173: Application time: 0.0722780 seconds
210.173: [GC [PSYoungGen: 30256K->1280K(30720K)] 66758K->37782K(69632K), 0.0007140 secs] [Times: user=0.00 sys=0.00, real=0.00 secs] 
210.173: Total time for which application threads were stopped: 0.0008450 seconds, Stopping threads took: 0.0000590 seconds
210.244: Application time: 0.0707090 seconds
210.244: [GC [PSYoungGen: 30178K->1280K(30208K)] 66680K->37854K(69120K), 0.0006700 secs] [Times: user=0.00 sys=0.00, real=0.00 secs] 
210.245: Total time for which application threads were stopped: 0.0008060 seconds, Stopping threads took: 0.0000670 seconds
210.314: Application time: 0.0694350 seconds
210.314: [GC [PSYoungGen: 29584K->1792K(30720K)] 66158K->38422K(69632K), 0.0008140 secs] [Times: user=0.00 sys=0.00, real=0.00 secs] 
210.315: Total time for which application threads were stopped: 0.0010090 seconds, Stopping threads took: 0.0001280 seconds
210.383: Application time: 0.0678080 seconds
210.383: [GC [PSYoungGen: 29660K->2304K(30208K)] 66290K->38934K(69120K), 0.0009670 secs] [Times: user=0.01 sys=0.00, real=0.00 secs] 
210.384: Total time for which application threads were stopped: 0.0011130 seconds, Stopping threads took: 0.0000760 seconds
210.456: Application time: 0.0714300 seconds
210.456: [GC [PSYoungGen: 29666K->672K(30208K)] 66296K->37350K(69120K), 0.0005840 secs] [Times: user=0.00 sys=0.00, real=0.00 secs] 
210.456: Total time for which application threads were stopped: 0.0007040 seconds, Stopping threads took: 0.0000600 seconds
210.520: Application time: 0.0639220 seconds
210.520: [GC [PSYoungGen: 27429K->2304K(30720K)] 64108K->39038K(69632K), 0.0009620 secs] [Times: user=0.01 sys=0.00, real=0.00 secs] 
210.521: Total time for which application threads were stopped: 0.0011070 seconds, Stopping threads took: 0.0000740 seconds
210.590: Application time: 0.0688550 seconds
210.590: [GC [PSYoungGen: 29150K->1248K(36352K)] 65884K->37982K(75264K), 0.0006530 secs] [Times: user=0.00 sys=0.00, real=0.00 secs] 
210.591: Total time for which application threads were stopped: 0.0007760 seconds, Stopping threads took: 0.0000590 seconds
210.669: Application time: 0.0782400 seconds
210.669: [GC [PSYoungGen: 33753K->1760K(34304K)] 70487K->38542K(73216K), 0.0007810 secs] [Times: user=0.00 sys=0.00, real=0.00 secs] 
210.670: Total time for which application threads were stopped: 0.0009280 seconds, Stopping threads took: 0.0000800 seconds
210.750: Application time: 0.0801070 seconds
210.750: [GC [PSYoungGen: 33753K->2272K(35840K)] 70535K->39094K(74752K), 0.0010110 secs] [Times: user=0.00 sys=0.01, real=0.00 secs] 
210.752: Total time for which application threads were stopped: 0.0011640 seconds, Stopping threads took: 0.0000720 seconds
210.831: Application time: 0.0797290 seconds
210.831: [GC [PSYoungGen: 34271K->1792K(35840K)] 71093K->38662K(74752K), 0.0007980 secs] [Times: user=0.00 sys=0.00, real=0.00 secs] 
210.832: Total time for which application threads were stopped: 0.0009330 seconds, Stopping threads took: 0.0000700 seconds
210.912: Application time: 0.0797210 seconds
210.912: [GC [PSYoungGen: 33865K->1760K(33792K)] 70736K->38670K(72704K), 0.0006860 secs] [Times: user=0.00 sys=0.00, real=0.00 secs] 
210.913: Total time for which application threads were stopped: 0.0008140 seconds, Stopping threads took: 0.0000620 seconds
210.992: Application time: 0.0794890 seconds
210.992: [GC [PSYoungGen: 33165K->1216K(32768K)] 70075K->38214K(71680K), 0.0006420 secs] [Times: user=0.00 sys=0.00, real=0.01 secs] 
210.994: Total time for which application threads were stopped: 0.0016020 seconds, Stopping threads took: 0.0000660 seconds
211.069: Application time: 0.0753600 seconds
211.069: [GC [PSYoungGen: 32170K->2304K(33280K)] 69169K->39302K(72192K), 0.0008950 secs] [Times: user=0.00 sys=0.00, real=0.00 secs] 
211.070: Total time for which application threads were stopped: 0.0010590 seconds, Stopping threads took: 0.0000920 seconds
211.145: Application time: 0.0749150 seconds
211.145: [GC [PSYoungGen: 32746K->2816K(39424K)] 69745K->39854K(78336K), 0.0011100 secs] [Times: user=0.01 sys=0.00, real=0.00 secs] 
211.146: Total time for which application threads were stopped: 0.0012730 seconds, Stopping threads took: 0.0000880 seconds
211.236: Application time: 0.0893760 seconds
211.236: [GC [PSYoungGen: 38930K->2304K(40448K)] 75968K->39382K(79360K), 0.0009180 secs] [Times: user=0.01 sys=0.00, real=0.00 secs] 
211.237: Total time for which application threads were stopped: 0.0010530 seconds, Stopping threads took: 0.0000660 seconds
211.329: Application time: 0.0918560 seconds
211.329: [GC [PSYoungGen: 39012K->1280K(37888K)] 76091K->38414K(76800K), 0.0006520 secs] [Times: user=0.00 sys=0.00, real=0.00 secs] 
211.329: Total time for which application threads were stopped: 0.0007870 seconds, Stopping threads took: 0.0000650 seconds
211.415: Application time: 0.0859520 seconds
211.416: [GC [PSYoungGen: 37305K->3328K(39424K)] 74440K->40538K(78336K), 0.0013220 secs] [Times: user=0.01 sys=0.00, real=0.00 secs] 
211.417: Total time for which application threads were stopped: 0.0014870 seconds, Stopping threads took: 0.0000820 seconds
211.505: Application time: 0.0885430 seconds
211.506: [GC [PSYoungGen: 38932K->1760K(39936K)] 76143K->38970K(78848K), 0.0008430 secs] [Times: user=0.00 sys=0.00, real=0.00 secs] 
211.506: Total time for which application threads were stopped: 0.0009660 seconds, Stopping threads took: 0.0000580 seconds
211.592: Application time: 0.0859510 seconds
211.593: [GC [PSYoungGen: 37432K->2832K(46080K)] 74643K->40090K(84992K), 0.0010010 secs] [Times: user=0.00 sys=0.00, real=0.01 secs] 
211.594: Total time for which application threads were stopped: 0.0011480 seconds, Stopping threads took: 0.0000720 seconds
211.698: Application time: 0.1049370 seconds
211.699: [GC [PSYoungGen: 45117K->1792K(43520K)] 82375K->39138K(82432K), 0.0007600 secs] [Times: user=0.00 sys=0.00, real=0.00 secs] 
211.699: Total time for which application threads were stopped: 0.0008950 seconds, Stopping threads took: 0.0000650 seconds
211.801: Application time: 0.1016160 seconds
211.801: [GC [PSYoungGen: 43044K->1792K(42496K)] 80391K->39194K(81408K), 0.0008260 secs] [Times: user=0.00 sys=0.01, real=0.01 secs] 
211.802: Total time for which application threads were stopped: 0.0009680 seconds, Stopping threads took: 0.0000750 seconds
211.900: Application time: 0.0978300 seconds
211.900: [GC [PSYoungGen: 42018K->1280K(40960K)] 79421K->38738K(79872K), 0.0006640 secs] [Times: user=0.00 sys=0.00, real=0.00 secs] 
211.901: Total time for which application threads were stopped: 0.0008110 seconds, Stopping threads took: 0.0000730 seconds
211.996: Application time: 0.0952760 seconds
211.996: [GC [PSYoungGen: 40546K->2784K(41984K)] 78005K->40282K(80896K), 0.0010500 secs] [Times: user=0.00 sys=0.00, real=0.00 secs] 
211.997: Total time for which application threads were stopped: 0.0012620 seconds, Stopping threads took: 0.0001390 seconds
212.095: Application time: 0.0975090 seconds
212.095: [GC [PSYoungGen: 40886K->256K(37888K)] 78385K->37850K(76800K), 0.0004340 secs] [Times: user=0.01 sys=0.00, real=0.00 secs] 
212.095: Total time for which application threads were stopped: 0.0005570 seconds, Stopping threads took: 0.0000610 seconds
212.184: Application time: 0.0885000 seconds
212.184: [GC [PSYoungGen: 37468K->1792K(38400K)] 75063K->39386K(77312K), 0.0008770 secs] [Times: user=0.01 sys=0.00, real=0.00 secs] 
212.185: Total time for which application threads were stopped: 0.0010000 seconds, Stopping threads took: 0.0000560 seconds
212.275: Application time: 0.0902090 seconds
212.275: [GC [PSYoungGen: 37903K->1792K(37888K)] 75498K->39475K(76800K), 0.0008130 secs] [Times: user=0.01 sys=0.00, real=0.00 secs] 
212.276: Total time for which application threads were stopped: 0.0009530 seconds, Stopping threads took: 0.0000730 seconds
212.363: Application time: 0.0872610 seconds
212.363: [GC [PSYoungGen: 37387K->2272K(38400K)] 75070K->40003K(77312K), 0.0010350 secs] [Times: user=0.00 sys=0.00, real=0.00 secs] 
212.364: Total time for which application threads were stopped: 0.0011780 seconds, Stopping threads took: 0.0000680 seconds
212.451: Application time: 0.0870400 seconds
212.451: [GC [PSYoungGen: 37356K->2304K(37376K)] 75087K->40091K(76288K), 0.0009900 secs] [Times: user=0.01 sys=0.00, real=0.00 secs] 
212.453: Total time for which application threads were stopped: 0.0011290 seconds, Stopping threads took: 0.0000580 seconds
212.537: Application time: 0.0840690 seconds
212.537: [GC [PSYoungGen: 36870K->3328K(37888K)] 74657K->41155K(76800K), 0.0013390 secs] [Times: user=0.01 sys=0.00, real=0.00 secs] 
212.538: Total time for which application threads were stopped: 0.0014960 seconds, Stopping threads took: 0.0000800 seconds
212.626: Application time: 0.0877360 seconds
212.626: [GC [PSYoungGen: 37394K->704K(34816K)] 75221K->38587K(73728K), 0.0005310 secs] [Times: user=0.00 sys=0.00, real=0.00 secs] 
212.626: Total time for which application threads were stopped: 0.0006760 seconds, Stopping threads took: 0.0000820 seconds
212.710: Application time: 0.0831420 seconds
212.710: [GC [PSYoungGen: 34246K->736K(36864K)] 72129K->38667K(75776K), 0.0005300 secs] [Times: user=0.01 sys=0.00, real=0.00 secs] 
212.710: Total time for which application threads were stopped: 0.0006470 seconds, Stopping threads took: 0.0000550 seconds
212.792: Application time: 0.0819400 seconds
212.792: [GC [PSYoungGen: 33765K->224K(33280K)] 71696K->38203K(72192K), 0.0004300 secs] [Times: user=0.00 sys=0.00, real=0.00 secs] 
212.793: Total time for which application threads were stopped: 0.0005470 seconds, Stopping threads took: 0.0000590 seconds
212.868: Application time: 0.0753860 seconds
212.868: [GC [PSYoungGen: 32708K->3840K(36352K)] 70687K->41859K(75264K), 0.0015570 secs] [Times: user=0.00 sys=0.00, real=0.00 secs] 
212.870: Total time for which application threads were stopped: 0.0017240 seconds, Stopping threads took: 0.0000880 seconds
212.951: Application time: 0.0810600 seconds
212.951: [GC [PSYoungGen: 35846K->2304K(36864K)] 73865K->40371K(75776K), 0.0009660 secs] [Times: user=0.01 sys=0.00, real=0.00 secs] 
212.952: Total time for which application threads were stopped: 0.0011150 seconds, Stopping threads took: 0.0000770 seconds
213.033: Application time: 0.0807190 seconds
213.033: [GC [PSYoungGen: 34303K->1280K(33280K)] 72370K->39403K(72192K), 0.0005940 secs] [Times: user=0.01 sys=0.00, real=0.01 secs] 
213.034: Total time for which application threads were stopped: 0.0008070 seconds, Stopping threads took: 0.0001370 seconds
213.110: Application time: 0.0760220 seconds
213.110: [GC [PSYoungGen: 32751K->2752K(40448K)] 70874K->40923K(79360K), 0.0011990 secs] [Times: user=0.00 sys=0.00, real=0.00 secs] 
213.111: Total time for which application threads were stopped: 0.0013460 seconds, Stopping threads took: 0.0000700 seconds
213.200: Application time: 0.0888990 seconds
213.200: [GC [PSYoungGen: 38352K->2304K(43008K)] 76523K->40515K(81920K), 0.0009540 secs] [Times: user=0.01 sys=0.00, real=0.00 secs] 
213.201: Total time for which application threads were stopped: 0.0010890 seconds, Stopping threads took: 0.0000610 seconds
213.294: Application time: 0.0932670 seconds
213.294: [GC [PSYoungGen: 40472K->1792K(43008K)] 78683K->40043K(81920K), 0.0008070 secs] [Times: user=0.01 sys=0.00, real=0.00 secs] 
213.295: Total time for which application threads were stopped: 0.0009660 seconds, Stopping threads took: 0.0000910 seconds
213.388: Application time: 0.0927700 seconds
213.388: [GC [PSYoungGen: 39958K->2816K(49664K)] 78209K->41115K(88576K), 0.0009880 secs] [Times: user=0.01 sys=0.00, real=0.00 secs] 
213.389: Total time for which application threads were stopped: 0.0011340 seconds, Stopping threads took: 0.0000730 seconds
213.502: Application time: 0.1128170 seconds
213.502: [GC [PSYoungGen: 48263K->2304K(47104K)] 86563K->40651K(86016K), 0.0008420 secs] [Times: user=0.00 sys=0.00, real=0.00 secs] 
213.503: Total time for which application threads were stopped: 0.0009750 seconds, Stopping threads took: 0.0000620 seconds
213.611: Application time: 0.1084370 seconds
213.611: [GC [PSYoungGen: 46645K->1280K(46592K)] 84992K->39707K(85504K), 0.0006350 secs] [Times: user=0.01 sys=0.00, real=0.00 secs] 
213.612: Total time for which application threads were stopped: 0.0007810 seconds, Stopping threads took: 0.0000720 seconds
213.718: Application time: 0.1062000 seconds
213.718: [GC [PSYoungGen: 44585K->2304K(45056K)] 83012K->40779K(83968K), 0.0009890 secs] [Times: user=0.01 sys=0.00, real=0.00 secs] 
213.719: Total time for which application threads were stopped: 0.0011310 seconds, Stopping threads took: 0.0000720 seconds
213.824: Application time: 0.1045990 seconds
213.824: [GC [PSYoungGen: 44667K->1216K(44544K)] 83143K->39731K(83456K), 0.0006730 secs] [Times: user=0.01 sys=0.00, real=0.00 secs] 
213.825: Total time for which application threads were stopped: 0.0008060 seconds, Stopping threads took: 0.0000690 seconds
213.927: Application time: 0.1021160 seconds
213.927: [GC [PSYoungGen: 42386K->2240K(43008K)] 80901K->40835K(81920K), 0.0010460 secs] [Times: user=0.01 sys=0.00, real=0.00 secs] 
213.928: Total time for which application threads were stopped: 0.0011940 seconds, Stopping threads took: 0.0000690 seconds
214.027: Application time: 0.0987860 seconds
214.027: [GC [PSYoungGen: 42540K->2768K(42496K)] 81136K->41363K(81408K), 0.0012520 secs] [Times: user=0.01 sys=0.00, real=0.00 secs] 
214.028: Total time for which application threads were stopped: 0.0013990 seconds, Stopping threads took: 0.0000730 seconds
214.127: Application time: 0.0989890 seconds
214.127: [GC [PSYoungGen: 41970K->1280K(39936K)] 80566K->39967K(78848K), 0.0007070 secs] [Times: user=0.00 sys=0.00, real=0.00 secs] 
214.128: Total time for which application threads were stopped: 0.0008430 seconds, Stopping threads took: 0.0000630 seconds
214.221: Application time: 0.0925220 seconds
214.221: [GC [PSYoungGen: 39444K->2304K(40448K)] 78132K->41039K(79360K), 0.0010110 secs] [Times: user=0.01 sys=0.00, real=0.01 secs] 
214.222: Total time for which application threads were stopped: 0.0011570 seconds, Stopping threads took: 0.0000720 seconds
214.315: Application time: 0.0932140 seconds
214.315: [GC [PSYoungGen: 39524K->1792K(38400K)] 78259K->40567K(77312K), 0.0008280 secs] [Times: user=0.01 sys=0.00, real=0.00 secs] 
214.316: Total time for which application threads were stopped: 0.0009490 seconds, Stopping threads took: 0.0000550 seconds
214.405: Application time: 0.0889330 seconds
214.405: [GC [PSYoungGen: 37982K->1744K(38400K)] 76758K->40591K(77312K), 0.0008780 secs] [Times: user=0.00 sys=0.00, real=0.00 secs] 
214.406: [Full GC [PSYoungGen: 1744K->0K(38400K)] [ParOldGen: 38847K->8141K(38912K)] 40591K->8141K(77312K) [PSPermGen: 5182K->5182K(21504K)], 0.0047260 secs] [Times: user=0.02 sys=0.00, real=0.00 secs] 
214.411: Total time for which application threads were stopped: 0.0057900 seconds, Stopping threads took: 0.0000680 seconds
214.501: Application time: 0.0897870 seconds
214.501: [GC [PSYoungGen: 35519K->1760K(37376K)] 43661K->9901K(76288K), 0.0007360 secs] [Times: user=0.00 sys=0.00, real=0.00 secs] 
214.501: Total time for which application threads were stopped: 0.0008710 seconds, Stopping threads took: 0.0000630 seconds
214.587: Application time: 0.0852190 seconds
214.587: [GC [PSYoungGen: 36761K->2272K(37888K)] 44903K->10413K(76800K), 0.0008900 secs] [Times: user=0.01 sys=0.00, real=0.00 secs] 
214.588: Total time for which application threads were stopped: 0.0010270 seconds, Stopping threads took: 0.0000680 seconds
214.673: Application time: 0.0855640 seconds
214.673: [GC [PSYoungGen: 36920K->2336K(36864K)] 45061K->10477K(75776K), 0.0009090 secs] [Times: user=0.00 sys=0.00, real=0.01 secs] 
214.674: Total time for which application threads were stopped: 0.0010680 seconds, Stopping threads took: 0.0000740 seconds
214.758: Application time: 0.0838760 seconds
214.758: [GC [PSYoungGen: 36313K->2304K(36864K)] 44455K->10533K(75776K), 0.0009170 secs] [Times: user=0.01 sys=0.00, real=0.00 secs] 
214.759: Total time for which application threads were stopped: 0.0011510 seconds, Stopping threads took: 0.0001650 seconds
214.842: Application time: 0.0825770 seconds
214.842: [GC [PSYoungGen: 35924K->2304K(35840K)] 44154K->10533K(74752K), 0.0009150 secs] [Times: user=0.00 sys=0.00, real=0.00 secs] 
214.843: Total time for which application threads were stopped: 0.0010890 seconds, Stopping threads took: 0.0001060 seconds
214.924: Application time: 0.0806840 seconds
214.924: [GC [PSYoungGen: 35327K->2784K(36864K)] 43557K->11089K(75776K), 0.0010690 secs] [Times: user=0.00 sys=0.00, real=0.00 secs] 
214.925: Total time for which application threads were stopped: 0.0012120 seconds, Stopping threads took: 0.0000720 seconds
215.008: Application time: 0.0827790 seconds
215.008: [GC [PSYoungGen: 35815K->1792K(34816K)] 44121K->10153K(73728K), 0.0007770 secs] [Times: user=0.01 sys=0.00, real=0.00 secs] 
215.009: Total time for which application threads were stopped: 0.0009500 seconds, Stopping threads took: 0.0001040 seconds
215.088: Application time: 0.0793420 seconds
215.088: [GC [PSYoungGen: 34386K->1280K(35328K)] 42747K->9697K(74240K), 0.0006210 secs] [Times: user=0.00 sys=0.00, real=0.00 secs] 
215.089: Total time for which application threads were stopped: 0.0008150 seconds, Stopping threads took: 0.0001230 seconds
215.166: Application time: 0.0776700 seconds
215.167: [GC [PSYoungGen: 33193K->1792K(33792K)] 41610K->10289K(72704K), 0.0007550 secs] [Times: user=0.01 sys=0.00, real=0.00 secs] 
215.167: Total time for which application threads were stopped: 0.0008840 seconds, Stopping threads took: 0.0000620 seconds
215.244: Application time: 0.0770990 seconds
215.245: [GC [PSYoungGen: 33188K->2304K(34304K)] 41686K->10801K(73216K), 0.0008890 secs] [Times: user=0.00 sys=0.01, real=0.00 secs] 
215.246: Total time for which application threads were stopped: 0.0010430 seconds, Stopping threads took: 0.0000720 seconds
215.323: Application time: 0.0777910 seconds
215.323: [GC [PSYoungGen: 33345K->1760K(32768K)] 41843K->10257K(71680K), 0.0007370 secs] [Times: user=0.00 sys=0.00, real=0.00 secs] 
215.324: Total time for which application threads were stopped: 0.0008870 seconds, Stopping threads took: 0.0000850 seconds
215.401: Application time: 0.0766160 seconds
215.401: [GC [PSYoungGen: 32132K->1248K(33280K)] 40630K->9829K(72192K), 0.0005880 secs] [Times: user=0.00 sys=0.00, real=0.01 secs] 
215.402: Total time for which application threads were stopped: 0.0007830 seconds, Stopping threads took: 0.0001310 seconds
215.474: Application time: 0.0726930 seconds
215.474: [GC [PSYoungGen: 31176K->2304K(32256K)] 39758K->10886K(71168K), 0.0009000 secs] [Times: user=0.01 sys=0.00, real=0.00 secs] 
215.475: Total time for which application threads were stopped: 0.0010350 seconds, Stopping threads took: 0.0000670 seconds
215.548: Application time: 0.0725770 seconds
215.548: [GC [PSYoungGen: 31718K->2304K(32256K)] 40300K->10942K(71168K), 0.0009330 secs] [Times: user=0.01 sys=0.00, real=0.00 secs] 
215.549: Total time for which application threads were stopped: 0.0010750 seconds, Stopping threads took: 0.0000710 seconds
215.621: Application time: 0.0718580 seconds
215.621: [GC [PSYoungGen: 31285K->1792K(30720K)] 39923K->10470K(69632K), 0.0007550 secs] [Times: user=0.00 sys=0.00, real=0.01 secs] 
215.622: Total time for which application threads were stopped: 0.0008870 seconds, Stopping threads took: 0.0000680 seconds
215.693: Application time: 0.0716070 seconds
215.693: [GC [PSYoungGen: 30180K->1248K(31232K)] 38858K->10014K(70144K), 0.0006540 secs] [Times: user=0.00 sys=0.00, real=0.00 secs] 
215.694: Total time for which application threads were stopped: 0.0007840 seconds, Stopping threads took: 0.0000630 seconds
215.763: Application time: 0.0685050 seconds
215.763: [GC [PSYoungGen: 29116K->1792K(29696K)] 37882K->10606K(68608K), 0.0007920 secs] [Times: user=0.01 sys=0.00, real=0.00 secs] 
215.764: Total time for which application threads were stopped: 0.0009310 seconds, Stopping threads took: 0.0000660 seconds
215.831: Application time: 0.0672710 seconds
215.831: [GC [PSYoungGen: 29068K->2304K(30720K)] 37882K->11174K(69632K), 0.0008860 secs] [Times: user=0.00 sys=0.00, real=0.00 secs] 
215.832: Total time for which application threads were stopped: 0.0010250 seconds, Stopping threads took: 0.0000720 seconds
215.900: Application time: 0.0679900 seconds
215.900: [GC [PSYoungGen: 29584K->1792K(29184K)] 38454K->10662K(68096K), 0.0007180 secs] [Times: user=0.01 sys=0.00, real=0.00 secs] 
215.901: Total time for which application threads were stopped: 0.0008480 seconds, Stopping threads took: 0.0000670 seconds
215.968: Application time: 0.0677080 seconds
215.969: [GC [PSYoungGen: 28634K->1760K(29184K)] 37504K->10630K(68096K), 0.0007350 secs] [Times: user=0.00 sys=0.00, real=0.00 secs] 
215.969: Total time for which application threads were stopped: 0.0008580 seconds, Stopping threads took: 0.0000540 seconds
216.034: Application time: 0.0647700 seconds
216.034: [GC [PSYoungGen: 28084K->2816K(29696K)] 36954K->11734K(68608K), 0.0010930 secs] [Times: user=0.00 sys=0.00, real=0.00 secs] 
216.035: Total time for which application threads were stopped: 0.0012360 seconds, Stopping threads took: 0.0000720 seconds
216.101: Application time: 0.0660120 seconds
216.102: [GC [PSYoungGen: 29070K->1792K(34816K)] 37988K->10766K(73728K), 0.0006520 secs] [Times: user=0.00 sys=0.00, real=0.00 secs] 
216.102: Total time for which application threads were stopped: 0.0009150 seconds, Stopping threads took: 0.0001950 seconds
216.181: Application time: 0.0783930 seconds
216.181: [GC [PSYoungGen: 33863K->2304K(35328K)] 42837K->11278K(74240K), 0.0009190 secs] [Times: user=0.00 sys=0.00, real=0.01 secs] 
216.182: Total time for which application threads were stopped: 0.0010480 seconds, Stopping threads took: 0.0000570 seconds
216.262: Application time: 0.0800090 seconds
216.262: [GC [PSYoungGen: 34295K->2816K(42496K)] 43269K->11866K(81408K), 0.0009180 secs] [Times: user=0.01 sys=0.00, real=0.00 secs] 
216.263: Total time for which application threads were stopped: 0.0010550 seconds, Stopping threads took: 0.0000650 seconds
216.361: Application time: 0.0981140 seconds
216.361: [GC [PSYoungGen: 41583K->1280K(39424K)] 50633K->10386K(78336K), 0.0005540 secs] [Times: user=0.00 sys=0.00, real=0.01 secs] 
216.362: Total time for which application threads were stopped: 0.0006990 seconds, Stopping threads took: 0.0000710 seconds
216.455: Application time: 0.0932630 seconds
216.455: [GC [PSYoungGen: 38932K->1792K(39424K)] 48038K->10986K(78336K), 0.0007380 secs] [Times: user=0.00 sys=0.00, real=0.00 secs] 
216.456: Total time for which application threads were stopped: 0.0008690 seconds, Stopping threads took: 0.0000630 seconds
216.546: Application time: 0.0902810 seconds
216.546: [GC [PSYoungGen: 38340K->1792K(38400K)] 47534K->11034K(77312K), 0.0007140 secs] [Times: user=0.01 sys=0.00, real=0.00 secs] 
216.547: Total time for which application threads were stopped: 0.0008470 seconds, Stopping threads took: 0.0000660 seconds
216.634: Application time: 0.0875370 seconds
216.634: [GC [PSYoungGen: 37898K->3328K(39424K)] 47140K->12570K(78336K), 0.0011750 secs] [Times: user=0.01 sys=0.00, real=0.00 secs] 
216.636: Total time for which application threads were stopped: 0.0013160 seconds, Stopping threads took: 0.0000640 seconds
216.726: Application time: 0.0905120 seconds
216.726: [GC [PSYoungGen: 38930K->2272K(37888K)] 48172K->11546K(76800K), 0.0010250 secs] [Times: user=0.00 sys=0.00, real=0.00 secs] 
216.727: Total time for which application threads were stopped: 0.0011590 seconds, Stopping threads took: 0.0000670 seconds
216.815: Application time: 0.0873470 seconds
216.815: [GC [PSYoungGen: 37358K->1792K(37888K)] 46632K->11106K(76800K), 0.0007650 secs] [Times: user=0.01 sys=0.00, real=0.00 secs] 
216.816: Total time for which application threads were stopped: 0.0009060 seconds, Stopping threads took: 0.0000770 seconds
216.901: Application time: 0.0851670 seconds
216.901: [GC [PSYoungGen: 36362K->1792K(36352K)] 45676K->11154K(75264K), 0.0007710 secs] [Times: user=0.00 sys=0.00, real=0.01 secs] 
216.902: Total time for which application threads were stopped: 0.0009190 seconds, Stopping threads took: 0.0000700 seconds
216.987: Application time: 0.0853490 seconds
216.987: [GC [PSYoungGen: 35999K->2352K(36864K)] 45362K->11754K(75776K), 0.0009320 secs] [Times: user=0.00 sys=0.00, real=0.00 secs] 
216.988: Total time for which application threads were stopped: 0.0010660 seconds, Stopping threads took: 0.0000650 seconds
217.071: Application time: 0.0829920 seconds
217.071: [GC [PSYoungGen: 35891K->2816K(37376K)] 45294K->12318K(76288K), 0.0010950 secs] [Times: user=0.00 sys=0.00, real=0.00 secs] 
217.072: Total time for which application threads were stopped: 0.0012370 seconds, Stopping threads took: 0.0000710 seconds
217.155: Application time: 0.0830150 seconds
217.155: [GC [PSYoungGen: 36277K->3328K(44032K)] 45780K->12870K(82944K), 0.0010400 secs] [Times: user=0.01 sys=0.00, real=0.00 secs] 
217.157: Total time for which application threads were stopped: 0.0011950 seconds, Stopping threads took: 0.0000820 seconds
217.258: Application time: 0.1016090 seconds
217.258: [GC [PSYoungGen: 43478K->2304K(41984K)] 53021K->11846K(80896K), 0.0008450 secs] [Times: user=0.00 sys=0.00, real=0.00 secs] 
217.259: Total time for which application threads were stopped: 0.0009910 seconds, Stopping threads took: 0.0000700 seconds
217.358: Application time: 0.0991520 seconds
217.358: [GC [PSYoungGen: 41582K->1248K(41984K)] 51125K->10790K(80896K), 0.0005990 secs] [Times: user=0.00 sys=0.00, real=0.00 secs] 
217.359: Total time for which application threads were stopped: 0.0007480 seconds, Stopping threads took: 0.0000870 seconds
217.457: Application time: 0.0978500 seconds
217.457: [GC [PSYoungGen: 39420K->224K(37888K)] 48963K->9862K(76800K), 0.0003940 secs] [Times: user=0.00 sys=0.00, real=0.00 secs] 
217.457: Total time for which application threads were stopped: 0.0005260 seconds, Stopping threads took: 0.0000610 seconds
217.550: Application time: 0.0923580 seconds
217.550: [GC [PSYoungGen: 37364K->224K(39424K)] 47003K->9910K(78336K), 0.0004130 secs] [Times: user=0.00 sys=0.00, real=0.00 secs] 
217.550: Total time for which application threads were stopped: 0.0005280 seconds, Stopping threads took: 0.0000550 seconds
217.637: Application time: 0.0866540 seconds
217.637: [GC [PSYoungGen: 36482K->2864K(39936K)] 46169K->12598K(78848K), 0.0011270 secs] [Times: user=0.01 sys=0.00, real=0.00 secs] 
217.638: Total time for which application threads were stopped: 0.0012620 seconds, Stopping threads took: 0.0000580 seconds
217.727: Application time: 0.0887330 seconds
217.727: [GC [PSYoungGen: 38390K->1248K(38400K)] 48124K->11102K(77312K), 0.0005960 secs] [Times: user=0.00 sys=0.00, real=0.00 secs] 
217.728: Total time for which application threads were stopped: 0.0007210 seconds, Stopping threads took: 0.0000610 seconds
217.814: Application time: 0.0865450 seconds
217.814: [GC [PSYoungGen: 36327K->2304K(37376K)] 46182K->12158K(76288K), 0.0009150 secs] [Times: user=0.01 sys=0.00, real=0.00 secs] 
217.815: Total time for which application threads were stopped: 0.0010600 seconds, Stopping threads took: 0.0000760 seconds
217.900: Application time: 0.0842470 seconds
217.902: [GC [PSYoungGen: 36795K->2304K(37888K)] 46650K->12214K(76800K), 0.0009280 secs] [Times: user=0.00 sys=0.00, real=0.00 secs] 
217.902: Total time for which application threads were stopped: 0.0029120 seconds, Stopping threads took: 0.0019140 seconds
217.990: Application time: 0.0871350 seconds
217.990: [GC [PSYoungGen: 36441K->1280K(35328K)] 46352K->11190K(74240K), 0.0005900 secs] [Times: user=0.00 sys=0.00, real=0.00 secs] 
217.990: Total time for which application threads were stopped: 0.0007250 seconds, Stopping threads took: 0.0000670 seconds
218.073: Application time: 0.0821820 seconds
218.073: [GC [PSYoungGen: 34741K->1792K(36864K)] 44652K->11799K(75776K), 0.0007410 secs] [Times: user=0.01 sys=0.00, real=0.00 secs] 
218.073: Total time for which application threads were stopped: 0.0008660 seconds, Stopping threads took: 0.0000560 seconds
218.155: Application time: 0.0815440 seconds
218.155: [GC [PSYoungGen: 34819K->1728K(34816K)] 44826K->11735K(73728K), 0.0008940 secs] [Times: user=0.00 sys=0.00, real=0.00 secs] 
218.156: Total time for which application threads were stopped: 0.0010220 seconds, Stopping threads took: 0.0000640 seconds
218.236: Application time: 0.0799710 seconds
218.236: [GC [PSYoungGen: 34317K->1792K(35328K)] 44324K->11839K(74240K), 0.0007600 secs] [Times: user=0.01 sys=0.00, real=0.00 secs] 
218.237: Total time for which application threads were stopped: 0.0009060 seconds, Stopping threads took: 0.0000810 seconds
218.315: Application time: 0.0780170 seconds
218.315: [GC [PSYoungGen: 33865K->1728K(33792K)] 43912K->11855K(72704K), 0.0007570 secs] [Times: user=0.00 sys=0.00, real=0.00 secs] 
218.316: Total time for which application threads were stopped: 0.0009640 seconds, Stopping threads took: 0.0001410 seconds
218.393: Application time: 0.0772410 seconds
218.393: [GC [PSYoungGen: 33129K->1792K(33280K)] 43256K->12015K(72192K), 0.0008020 secs] [Times: user=0.01 sys=0.00, real=0.01 secs] 
218.394: Total time for which application threads were stopped: 0.0009390 seconds, Stopping threads took: 0.0000700 seconds
218.469: Application time: 0.0746360 seconds
218.469: [GC [PSYoungGen: 32746K->2816K(33792K)] 42969K->13039K(72704K), 0.0010870 secs] [Times: user=0.01 sys=0.00, real=0.00 secs] 
218.470: Total time for which application threads were stopped: 0.0012370 seconds, Stopping threads took: 0.0000780 seconds
218.546: Application time: 0.0761000 seconds
218.546: [GC [PSYoungGen: 33189K->2304K(34304K)] 43412K->12583K(73216K), 0.0008880 secs] [Times: user=0.00 sys=0.00, real=0.00 secs] 
218.547: Total time for which application threads were stopped: 0.0010290 seconds, Stopping threads took: 0.0000650 seconds
218.623: Application time: 0.0764250 seconds
218.624: [GC [PSYoungGen: 32837K->1248K(31744K)] 43117K->11527K(70656K), 0.0005580 secs] [Times: user=0.00 sys=0.00, real=0.00 secs] 
218.624: Total time for which application threads were stopped: 0.0006770 seconds, Stopping threads took: 0.0000560 seconds
218.697: Application time: 0.0727860 seconds
218.697: [GC [PSYoungGen: 31096K->1760K(32768K)] 41375K->12127K(71680K), 0.0007550 secs] [Times: user=0.01 sys=0.00, real=0.00 secs] 
218.698: Total time for which application threads were stopped: 0.0008870 seconds, Stopping threads took: 0.0000640 seconds
218.770: Application time: 0.0717540 seconds
218.770: [GC [PSYoungGen: 31092K->2272K(31744K)] 41459K->12639K(70656K), 0.0008980 secs] [Times: user=0.01 sys=0.00, real=0.00 secs] 
218.771: Total time for which application threads were stopped: 0.0010240 seconds, Stopping threads took: 0.0000620 seconds
218.842: Application time: 0.0711270 seconds
218.842: [GC [PSYoungGen: 31170K->2304K(32768K)] 41537K->12671K(71680K), 0.0008770 secs] [Times: user=0.01 sys=0.00, real=0.00 secs] 
218.843: Total time for which application threads were stopped: 0.0010190 seconds, Stopping threads took: 0.0000730 seconds
218.913: Application time: 0.0704170 seconds
218.913: [GC [PSYoungGen: 31358K->2320K(32768K)] 41726K->12735K(71680K), 0.0009170 secs] [Times: user=0.01 sys=0.00, real=0.01 secs] 
218.914: Total time for which application threads were stopped: 0.0010630 seconds, Stopping threads took: 0.0000760 seconds
218.987: Application time: 0.0725900 seconds
218.987: [GC [PSYoungGen: 31226K->1248K(30208K)] 41642K->11775K(69120K), 0.0005560 secs] [Times: user=0.00 sys=0.00, real=0.00 secs] 
218.987: Total time for which application threads were stopped: 0.0006850 seconds, Stopping threads took: 0.0000660 seconds
219.055: Application time: 0.0675600 seconds
219.055: [GC [PSYoungGen: 29552K->1280K(29696K)] 40079K->11879K(68608K), 0.0006120 secs] [Times: user=0.00 sys=0.00, real=0.00 secs] 
219.056: Total time for which application threads were stopped: 0.0008610 seconds, Stopping threads took: 0.0001750 seconds
219.124: Application time: 0.0679530 seconds
219.124: [GC [PSYoungGen: 29148K->2304K(30208K)] 39747K->12903K(69120K), 0.0008330 secs] [Times: user=0.00 sys=0.00, real=0.00 secs] 
219.125: Total time for which application threads were stopped: 0.0009720 seconds, Stopping threads took: 0.0000690 seconds
219.195: Application time: 0.0696870 seconds
219.195: [GC [PSYoungGen: 29588K->768K(28160K)] 40187K->11423K(67072K), 0.0004990 secs] [Times: user=0.00 sys=0.00, real=0.00 secs] 
219.195: Total time for which application threads were stopped: 0.0006210 seconds, Stopping threads took: 0.0000600 seconds
219.257: Application time: 0.0622600 seconds
219.258: [GC [PSYoungGen: 27523K->2816K(32768K)] 38179K->13471K(71680K), 0.0010510 secs] [Times: user=0.01 sys=0.00, real=0.00 secs] 
219.259: Total time for which application threads were stopped: 0.0011960 seconds, Stopping threads took: 0.0000720 seconds
219.330: Application time: 0.0716990 seconds
219.330: [GC [PSYoungGen: 31797K->2304K(32768K)] 42452K->12959K(71680K), 0.0009210 secs] [Times: user=0.00 sys=0.00, real=0.00 secs] 
219.331: Total time for which application threads were stopped: 0.0010570 seconds, Stopping threads took: 0.0000660 seconds
219.403: Application time: 0.0717440 seconds
219.403: [GC [PSYoungGen: 31128K->1696K(38912K)] 41783K->12435K(77824K), 0.0006130 secs] [Times: user=0.00 sys=0.00, real=0.00 secs] 
219.404: Total time for which application threads were stopped: 0.0007550 seconds, Stopping threads took: 0.0000700 seconds
219.489: Application time: 0.0852990 seconds
219.489: [GC [PSYoungGen: 36773K->3328K(38912K)] 47513K->14067K(77824K), 0.0011590 secs] [Times: user=0.00 sys=0.01, real=0.00 secs] 
219.490: Total time for which application threads were stopped: 0.0012980 seconds, Stopping threads took: 0.0000630 seconds
219.579: Application time: 0.0882320 seconds
219.579: [GC [PSYoungGen: 38640K->768K(35840K)] 49380K->11555K(74752K), 0.0005160 secs] [Times: user=0.00 sys=0.00, real=0.00 secs] 
219.579: Total time for which application threads were stopped: 0.0006960 seconds, Stopping threads took: 0.0001140 seconds
219.664: Application time: 0.0841020 seconds
219.664: [GC [PSYoungGen: 35269K->2304K(36864K)] 46057K->13219K(75776K), 0.0008810 secs] [Times: user=0.01 sys=0.00, real=0.00 secs] 
219.665: Total time for which application threads were stopped: 0.0010140 seconds, Stopping threads took: 0.0000590 seconds
219.749: Application time: 0.0848730 seconds
219.750: [GC [PSYoungGen: 36362K->1792K(35840K)] 47277K->12723K(74752K), 0.0006790 secs] [Times: user=0.00 sys=0.00, real=0.00 secs] 
219.750: Total time for which application threads were stopped: 0.0008340 seconds, Stopping threads took: 0.0000880 seconds
219.833: Application time: 0.0830560 seconds
219.833: [GC [PSYoungGen: 35255K->1792K(35328K)] 46187K->12779K(74240K), 0.0007690 secs] [Times: user=0.00 sys=0.00, real=0.01 secs] 
219.834: Total time for which application threads were stopped: 0.0009090 seconds, Stopping threads took: 0.0000730 seconds
219.916: Application time: 0.0822120 seconds
219.917: [GC [PSYoungGen: 34745K->768K(33792K)] 45733K->11755K(72704K), 0.0004610 secs] [Times: user=0.00 sys=0.00, real=0.00 secs] 
219.917: Total time for which application threads were stopped: 0.0005860 seconds, Stopping threads took: 0.0000640 seconds
219.997: Application time: 0.0795000 seconds
219.997: [GC [PSYoungGen: 33345K->2304K(34816K)] 44333K->13291K(73728K), 0.0009710 secs] [Times: user=0.01 sys=0.00, real=0.00 secs] 
219.998: Total time for which application threads were stopped: 0.0011120 seconds, Stopping threads took: 0.0000710 seconds
220.077: Application time: 0.0795570 seconds
220.077: [GC [PSYoungGen: 34221K->1792K(33792K)] 45209K->12871K(72704K), 0.0008080 secs] [Times: user=0.01 sys=0.00, real=0.00 secs] 
220.078: Total time for which application threads were stopped: 0.0009580 seconds, Stopping threads took: 0.0000820 seconds
220.157: Application time: 0.0784460 seconds
220.157: [GC [PSYoungGen: 33277K->1280K(32768K)] 44357K->12359K(71680K), 0.0005920 secs] [Times: user=0.00 sys=0.00, real=0.00 secs] 
220.157: Total time for which application threads were stopped: 0.0008290 seconds, Stopping threads took: 0.0001660 seconds
220.233: Application time: 0.0754940 seconds
220.233: [GC [PSYoungGen: 32389K->2880K(33792K)] 43468K->14007K(72704K), 0.0011460 secs] [Times: user=0.00 sys=0.00, real=0.01 secs] 
220.234: Total time for which application threads were stopped: 0.0012960 seconds, Stopping threads took: 0.0000740 seconds
220.310: Application time: 0.0755850 seconds
220.310: [GC [PSYoungGen: 33331K->2304K(34304K)] 44458K->13548K(73216K), 0.0009460 secs] [Times: user=0.00 sys=0.00, real=0.00 secs] 
220.311: Total time for which application threads were stopped: 0.0011320 seconds, Stopping threads took: 0.0001150 seconds
220.389: Application time: 0.0780620 seconds
220.389: [GC [PSYoungGen: 32685K->768K(31232K)] 43929K->12060K(70144K), 0.0004960 secs] [Times: user=0.00 sys=0.00, real=0.00 secs] 
220.390: Total time for which application threads were stopped: 0.0006190 seconds, Stopping threads took: 0.0000550 seconds
220.462: Application time: 0.0721220 seconds
220.462: [GC [PSYoungGen: 30686K->2816K(37376K)] 41978K->14108K(76288K), 0.0010800 secs] [Times: user=0.00 sys=0.00, real=0.00 secs] 
220.463: Total time for which application threads were stopped: 0.0012220 seconds, Stopping threads took: 0.0000700 seconds
220.544: Application time: 0.0813760 seconds
220.544: [GC [PSYoungGen: 35767K->2304K(40448K)] 47059K->13644K(79360K), 0.0008100 secs] [Times: user=0.01 sys=0.00, real=0.00 secs] 
220.545: Total time for which application threads were stopped: 0.0009540 seconds, Stopping threads took: 0.0000740 seconds
220.635: Application time: 0.0896500 seconds
220.635: [GC [PSYoungGen: 38496K->1760K(37888K)] 49836K->13100K(76800K), 0.0007280 secs] [Times: user=0.01 sys=0.00, real=0.00 secs] 
220.636: Total time for which application threads were stopped: 0.0008550 seconds, Stopping threads took: 0.0000580 seconds
220.725: Application time: 0.0888580 seconds
220.725: [GC [PSYoungGen: 37281K->1280K(37888K)] 48621K->12716K(76800K), 0.0005920 secs] [Times: user=0.00 sys=0.00, real=0.00 secs] 
220.725: Total time for which application threads were stopped: 0.0007300 seconds, Stopping threads took: 0.0000680 seconds
220.810: Application time: 0.0849890 seconds
220.810: [GC [PSYoungGen: 36437K->2304K(37376K)] 47873K->13740K(76288K), 0.0009130 secs] [Times: user=0.01 sys=0.00, real=0.00 secs] 
220.811: Total time for which application threads were stopped: 0.0010550 seconds, Stopping threads took: 0.0000720 seconds
220.899: Application time: 0.0870810 seconds
220.899: [GC [PSYoungGen: 37034K->1312K(37376K)] 48470K->12820K(76288K), 0.0005760 secs] [Times: user=0.00 sys=0.00, real=0.00 secs] 
220.899: Total time for which application threads were stopped: 0.0007970 seconds, Stopping threads took: 0.0001620 seconds
220.983: Application time: 0.0834770 seconds
220.983: [GC [PSYoungGen: 35287K->1792K(35840K)] 46795K->13420K(74752K), 0.0007670 secs] [Times: user=0.00 sys=0.00, real=0.00 secs] 
220.984: Total time for which application threads were stopped: 0.0009010 seconds, Stopping threads took: 0.0000670 seconds
221.067: Application time: 0.0829130 seconds
221.067: [GC [PSYoungGen: 35251K->2240K(36352K)] 46879K->13868K(75264K), 0.0009130 secs] [Times: user=0.00 sys=0.00, real=0.00 secs] 
221.068: Total time for which application threads were stopped: 0.0017660 seconds, Stopping threads took: 0.0001210 seconds
221.151: Application time: 0.0822630 seconds
221.151: [GC [PSYoungGen: 35272K->1280K(34304K)] 46900K->12908K(73216K), 0.0006110 secs] [Times: user=0.00 sys=0.00, real=0.00 secs] 
221.151: Total time for which application threads were stopped: 0.0007430 seconds, Stopping threads took: 0.0000710 seconds
221.230: Application time: 0.0789610 seconds
221.230: [GC [PSYoungGen: 33705K->2304K(35328K)] 45333K->13972K(74240K), 0.0008990 secs] [Times: user=0.01 sys=0.00, real=0.00 secs] 
221.231: Total time for which application threads were stopped: 0.0010560 seconds, Stopping threads took: 0.0000790 seconds
221.310: Application time: 0.0786540 seconds
221.310: [GC [PSYoungGen: 34373K->2816K(34816K)] 46041K->14484K(73728K), 0.0010760 secs] [Times: user=0.01 sys=0.00, real=0.00 secs] 
221.311: Total time for which application threads were stopped: 0.0012200 seconds, Stopping threads took: 0.0000690 seconds
221.392: Application time: 0.0803880 seconds
221.392: [GC [PSYoungGen: 34229K->1280K(34304K)] 45897K->13028K(73216K), 0.0006010 secs] [Times: user=0.01 sys=0.00, real=0.00 secs] 
221.392: Total time for which application threads were stopped: 0.0007300 seconds, Stopping threads took: 0.0000680 seconds
221.466: Application time: 0.0732900 seconds
221.466: [GC [PSYoungGen: 32306K->3360K(34816K)] 44055K->15108K(73728K), 0.0012710 secs] [Times: user=0.00 sys=0.00, real=0.00 secs] 
221.467: Total time for which application threads were stopped: 0.0014200 seconds, Stopping threads took: 0.0000740 seconds
221.544: Application time: 0.0773340 seconds
221.545: [GC [PSYoungGen: 34409K->2272K(41984K)] 46158K->14096K(80896K), 0.0007790 secs] [Times: user=0.01 sys=0.00, real=0.00 secs] 
221.545: Total time for which application threads were stopped: 0.0009210 seconds, Stopping threads took: 0.0000710 seconds
221.639: Application time: 0.0939950 seconds
221.639: [GC [PSYoungGen: 39924K->2784K(41984K)] 51748K->14684K(80896K), 0.0010390 secs] [Times: user=0.00 sys=0.00, real=0.00 secs] 
221.641: Total time for which application threads were stopped: 0.0011980 seconds, Stopping threads took: 0.0000770 seconds
221.735: Application time: 0.0943720 seconds
221.735: [GC [PSYoungGen: 40362K->2272K(39424K)] 52262K->14204K(78336K), 0.0007650 secs] [Times: user=0.00 sys=0.00, real=0.00 secs] 
221.736: Total time for which application threads were stopped: 0.0009060 seconds, Stopping threads took: 0.0000670 seconds
221.828: Application time: 0.0920640 seconds
221.828: [GC [PSYoungGen: 38900K->1792K(38400K)] 50832K->13724K(77312K), 0.0006820 secs] [Times: user=0.00 sys=0.00, real=0.00 secs] 
221.829: Total time for which application threads were stopped: 0.0008060 seconds, Stopping threads took: 0.0000590 seconds
221.919: Application time: 0.0902030 seconds
221.919: [GC [PSYoungGen: 37827K->1280K(37376K)] 49760K->13276K(76288K), 0.0005410 secs] [Times: user=0.01 sys=0.00, real=0.00 secs] 
221.920: Total time for which application threads were stopped: 0.0006590 seconds, Stopping threads took: 0.0000560 seconds
222.006: Application time: 0.0864110 seconds
222.006: [GC [PSYoungGen: 36954K->1776K(37376K)] 48950K->13772K(76288K), 0.0007370 secs] [Times: user=0.00 sys=0.00, real=0.00 secs] 
222.007: Total time for which application threads were stopped: 0.0008780 seconds, Stopping threads took: 0.0000730 seconds
222.094: Application time: 0.0867920 seconds
222.094: [GC [PSYoungGen: 36936K->2304K(37376K)] 48932K->14384K(76288K), 0.0009380 secs] [Times: user=0.01 sys=0.00, real=0.00 secs] 
222.095: Total time for which application threads were stopped: 0.0010780 seconds, Stopping threads took: 0.0000690 seconds
222.182: Application time: 0.0873200 seconds
222.182: [GC [PSYoungGen: 36873K->2272K(36864K)] 48954K->14440K(75776K), 0.0009870 secs] [Times: user=0.01 sys=0.00, real=0.00 secs] 
222.183: Total time for which application threads were stopped: 0.0011270 seconds, Stopping threads took: 0.0000680 seconds
222.267: Application time: 0.0837170 seconds
222.267: [GC [PSYoungGen: 36402K->2304K(39936K)] 48571K->15544K(78848K), 0.0012880 secs] [Times: user=0.01 sys=0.00, real=0.00 secs] 
222.268: Total time for which application threads were stopped: 0.0014370 seconds, Stopping threads took: 0.0000610 seconds
222.360: Application time: 0.0916410 seconds
222.360: [GC [PSYoungGen: 39366K->3328K(40960K)] 52606K->16648K(79872K), 0.0012500 secs] [Times: user=0.01 sys=0.00, real=0.00 secs] 
222.361: Total time for which application threads were stopped: 0.0013940 seconds, Stopping threads took: 0.0000690 seconds
222.452: Application time: 0.0907870 seconds
222.452: [GC [PSYoungGen: 40468K->3328K(49152K)] 53789K->16648K(88064K), 0.0010310 secs] [Times: user=0.00 sys=0.00, real=0.00 secs] 
222.453: Total time for which application threads were stopped: 0.0011800 seconds, Stopping threads took: 0.0000750 seconds
222.566: Application time: 0.1124190 seconds
222.566: [GC [PSYoungGen: 48107K->2272K(46592K)] 61428K->15640K(85504K), 0.0008190 secs] [Times: user=0.00 sys=0.00, real=0.00 secs] 
222.567: Total time for which application threads were stopped: 0.0009600 seconds, Stopping threads took: 0.0000680 seconds
222.676: Application time: 0.1091190 seconds
222.676: [GC [PSYoungGen: 46177K->1280K(46080K)] 59546K->14648K(84992K), 0.0005700 secs] [Times: user=0.00 sys=0.00, real=0.00 secs] 
222.677: Total time for which application threads were stopped: 0.0007080 seconds, Stopping threads took: 0.0000700 seconds
222.780: Application time: 0.1032130 seconds
222.780: [GC [PSYoungGen: 44147K->2816K(45056K)] 57515K->16261K(83968K), 0.0011220 secs] [Times: user=0.01 sys=0.00, real=0.00 secs] 
222.781: Total time for which application threads were stopped: 0.0012860 seconds, Stopping threads took: 0.0000810 seconds
222.887: Application time: 0.1054670 seconds
222.887: [GC [PSYoungGen: 44745K->1296K(44032K)] 58190K->14821K(82944K), 0.0006390 secs] [Times: user=0.00 sys=0.00, real=0.00 secs] 
222.887: Total time for which application threads were stopped: 0.0008710 seconds, Stopping threads took: 0.0001700 seconds
222.988: Application time: 0.1005390 seconds
222.988: [GC [PSYoungGen: 41954K->1760K(41984K)] 55479K->15405K(80896K), 0.0008040 secs] [Times: user=0.00 sys=0.00, real=0.00 secs] 
222.989: Total time for which application threads were stopped: 0.0009360 seconds, Stopping threads took: 0.0000660 seconds
223.087: Application time: 0.0985550 seconds
223.088: [GC [PSYoungGen: 41392K->1792K(41984K)] 55037K->15437K(80896K), 0.0007340 secs] [Times: user=0.01 sys=0.00, real=0.00 secs] 
223.088: Total time for which application threads were stopped: 0.0008660 seconds, Stopping threads took: 0.0000630 seconds
223.182: Application time: 0.0937510 seconds
223.182: [GC [PSYoungGen: 40470K->2816K(40960K)] 54115K->16461K(79872K), 0.0011180 secs] [Times: user=0.00 sys=0.00, real=0.00 secs] 
223.183: Total time for which application threads were stopped: 0.0012500 seconds, Stopping threads took: 0.0000590 seconds
223.277: Application time: 0.0934120 seconds
223.277: [GC [PSYoungGen: 40474K->1760K(39936K)] 54119K->15445K(78848K), 0.0009090 secs] [Times: user=0.00 sys=0.00, real=0.00 secs] 
223.278: Total time for which application threads were stopped: 0.0010910 seconds, Stopping threads took: 0.0001150 seconds
223.369: Application time: 0.0909910 seconds
223.369: [GC [PSYoungGen: 38388K->1280K(37888K)] 52073K->15013K(76800K), 0.0005970 secs] [Times: user=0.00 sys=0.00, real=0.00 secs] 
223.370: Total time for which application threads were stopped: 0.0007800 seconds, Stopping threads took: 0.0001120 seconds
223.456: Application time: 0.0861350 seconds
223.456: [GC [PSYoungGen: 37463K->2848K(39424K)] 51197K->16629K(78336K), 0.0011090 secs] [Times: user=0.01 sys=0.00, real=0.00 secs] 
223.457: Total time for which application threads were stopped: 0.0012570 seconds, Stopping threads took: 0.0000740 seconds
223.546: Application time: 0.0889260 seconds
223.546: [GC [PSYoungGen: 38606K->1792K(37376K)] 52387K->15657K(76288K), 0.0007820 secs] [Times: user=0.00 sys=0.00, real=0.00 secs] 
223.547: Total time for which application threads were stopped: 0.0009280 seconds, Stopping threads took: 0.0000800 seconds
223.634: Application time: 0.0874640 seconds
223.634: [GC [PSYoungGen: 36799K->1280K(38400K)] 50665K->15265K(77312K), 0.0006140 secs] [Times: user=0.00 sys=0.00, real=0.00 secs] 
223.635: Total time for which application threads were stopped: 0.0007320 seconds, Stopping threads took: 0.0000560 seconds
223.719: Application time: 0.0841820 seconds
223.719: [GC [PSYoungGen: 35769K->1792K(36352K)] 49755K->15777K(75264K), 0.0007870 secs] [Times: user=0.01 sys=0.00, real=0.00 secs] 
223.720: Total time for which application threads were stopped: 0.0009190 seconds, Stopping threads took: 0.0000650 seconds
223.803: Application time: 0.0826220 seconds
223.803: [GC [PSYoungGen: 35845K->2304K(36864K)] 49831K->16289K(75776K), 0.0009180 secs] [Times: user=0.00 sys=0.00, real=0.00 secs] 
223.804: Total time for which application threads were stopped: 0.0010590 seconds, Stopping threads took: 0.0000670 seconds
223.887: Application time: 0.0833960 seconds
223.887: [GC [PSYoungGen: 35767K->2304K(35840K)] 49753K->16337K(74752K), 0.0009320 secs] [Times: user=0.01 sys=0.00, real=0.00 secs] 
223.888: Total time for which application threads were stopped: 0.0010810 seconds, Stopping threads took: 0.0000720 seconds
223.969: Application time: 0.0806660 seconds
223.969: [GC [PSYoungGen: 35410K->2304K(35840K)] 49443K->16337K(74752K), 0.0010790 secs] [Times: user=0.01 sys=0.00, real=0.00 secs] 
223.970: Total time for which application threads were stopped: 0.0012200 seconds, Stopping threads took: 0.0000620 seconds
224.049: Application time: 0.0787610 seconds
224.049: [GC [PSYoungGen: 34807K->3328K(36352K)] 48840K->17437K(75264K), 0.0013150 secs] [Times: user=0.01 sys=0.00, real=0.00 secs] 
224.050: Total time for which application threads were stopped: 0.0014670 seconds, Stopping threads took: 0.0000760 seconds
224.131: Application time: 0.0809740 seconds
224.134: [GC [PSYoungGen: 35843K->2304K(43520K)] 49953K->16461K(82432K), 0.0007980 secs] [Times: user=0.00 sys=0.00, real=0.00 secs] 
224.134: Total time for which application threads were stopped: 0.0029280 seconds, Stopping threads took: 0.0020530 seconds
224.233: Application time: 0.0985780 seconds
224.233: [GC [PSYoungGen: 41663K->1280K(39936K)] 55821K->15485K(78848K), 0.0006260 secs] [Times: user=0.00 sys=0.00, real=0.01 secs] 
224.234: Total time for which application threads were stopped: 0.0008010 seconds, Stopping threads took: 0.0001080 seconds
224.326: Application time: 0.0922620 seconds
224.326: [GC [PSYoungGen: 39364K->2752K(42496K)] 53569K->17069K(81408K), 0.0011100 secs] [Times: user=0.01 sys=0.00, real=0.00 secs] 
224.327: Total time for which application threads were stopped: 0.0012530 seconds, Stopping threads took: 0.0000690 seconds
224.422: Application time: 0.0951930 seconds
224.423: [GC [PSYoungGen: 40926K->704K(38400K)] 55244K->15021K(77312K), 0.0004570 secs] [Times: user=0.00 sys=0.00, real=0.00 secs] 
224.423: Total time for which application threads were stopped: 0.0006480 seconds, Stopping threads took: 0.0001230 seconds
224.513: Application time: 0.0899370 seconds
224.513: [GC [PSYoungGen: 37763K->1792K(39424K)] 52081K->16157K(78336K), 0.0006960 secs] [Times: user=0.00 sys=0.00, real=0.01 secs] 
224.514: Total time for which application threads were stopped: 0.0008320 seconds, Stopping threads took: 0.0000690 seconds
224.602: Application time: 0.0884840 seconds
224.602: [GC [PSYoungGen: 37900K->2752K(38912K)] 52265K->17117K(77824K), 0.0011360 secs] [Times: user=0.00 sys=0.00, real=0.00 secs] 
224.604: Total time for which application threads were stopped: 0.0012960 seconds, Stopping threads took: 0.0000860 seconds
224.693: Application time: 0.0891490 seconds
224.693: [GC [PSYoungGen: 38432K->1792K(38912K)] 52798K->16205K(77824K), 0.0007280 secs] [Times: user=0.00 sys=0.00, real=0.01 secs] 
224.694: Total time for which application threads were stopped: 0.0008650 seconds, Stopping threads took: 0.0000700 seconds
224.780: Application time: 0.0862170 seconds
224.780: [GC [PSYoungGen: 36870K->3296K(39424K)] 51283K->17781K(78336K), 0.0013710 secs] [Times: user=0.01 sys=0.00, real=0.00 secs] 
224.781: Total time for which application threads were stopped: 0.0015310 seconds, Stopping threads took: 0.0000780 seconds
224.870: Application time: 0.0885780 seconds
224.870: [GC [PSYoungGen: 38544K->1264K(36352K)] 53030K->15797K(75264K), 0.0005480 secs] [Times: user=0.01 sys=0.00, real=0.00 secs] 
224.871: Total time for which application threads were stopped: 0.0006730 seconds, Stopping threads took: 0.0000630 seconds
224.955: Application time: 0.0844850 seconds
224.955: [GC [PSYoungGen: 35753K->1792K(36352K)] 50287K->16429K(75264K), 0.0007890 secs] [Times: user=0.01 sys=0.00, real=0.00 secs] 
224.956: Total time for which application threads were stopped: 0.0009420 seconds, Stopping threads took: 0.0000730 seconds
225.039: Application time: 0.0826620 seconds
225.039: [GC [PSYoungGen: 35765K->2816K(36864K)] 50403K->17453K(75776K), 0.0009790 secs] [Times: user=0.00 sys=0.00, real=0.00 secs] 
225.040: Total time for which application threads were stopped: 0.0011180 seconds, Stopping threads took: 0.0000640 seconds
225.123: Application time: 0.0835390 seconds
225.124: [GC [PSYoungGen: 36361K->1280K(34816K)] 50999K->15917K(73728K), 0.0006620 secs] [Times: user=0.00 sys=0.00, real=0.00 secs] 
225.124: Total time for which application threads were stopped: 0.0008110 seconds, Stopping threads took: 0.0000850 seconds
225.206: Application time: 0.0817930 seconds
225.206: [GC [PSYoungGen: 34231K->1248K(34304K)] 48869K->15925K(73216K), 0.0006830 secs] [Times: user=0.00 sys=0.00, real=0.00 secs] 
225.207: Total time for which application threads were stopped: 0.0008110 seconds, Stopping threads took: 0.0000670 seconds
225.286: Application time: 0.0787590 seconds
225.286: [GC [PSYoungGen: 33819K->3328K(36864K)] 48497K->18006K(75776K), 0.0013430 secs] [Times: user=0.01 sys=0.00, real=0.00 secs] 
225.287: Total time for which application threads were stopped: 0.0015030 seconds, Stopping threads took: 0.0000840 seconds
225.366: Application time: 0.0786370 seconds
225.366: [GC [PSYoungGen: 35844K->2816K(44032K)] 50521K->17574K(82944K), 0.0009470 secs] [Times: user=0.01 sys=0.00, real=0.00 secs] 
225.367: Total time for which application threads were stopped: 0.0010850 seconds, Stopping threads took: 0.0000670 seconds
225.470: Application time: 0.1028770 seconds
225.470: [GC [PSYoungGen: 42099K->768K(39424K)] 56857K->15590K(78336K), 0.0004700 secs] [Times: user=0.00 sys=0.00, real=0.00 secs] 
225.470: Total time for which application threads were stopped: 0.0005910 seconds, Stopping threads took: 0.0000550 seconds
225.562: Application time: 0.0921230 seconds
225.563: [GC [PSYoungGen: 39010K->1792K(39936K)] 53832K->16702K(78848K), 0.0007590 secs] [Times: user=0.00 sys=0.00, real=0.00 secs] 
225.563: Total time for which application threads were stopped: 0.0008880 seconds, Stopping threads took: 0.0000610 seconds
225.655: Application time: 0.0916100 seconds
225.655: [GC [PSYoungGen: 38852K->2304K(38912K)] 53762K->17298K(77824K), 0.0009330 secs] [Times: user=0.01 sys=0.00, real=0.00 secs] 
225.656: Total time for which application threads were stopped: 0.0011220 seconds, Stopping threads took: 0.0001190 seconds
225.745: Application time: 0.0886570 seconds
225.745: [GC [PSYoungGen: 38337K->2304K(39424K)] 53332K->17298K(78336K), 0.0007790 secs] [Times: user=0.00 sys=0.00, real=0.00 secs] 
225.746: Total time for which application threads were stopped: 0.0009190 seconds, Stopping threads took: 0.0000710 seconds
225.836: Application time: 0.0904080 seconds
225.836: [GC [PSYoungGen: 37906K->1248K(36864K)] 52900K->16242K(75776K), 0.0006430 secs] [Times: user=0.00 sys=0.00, real=0.00 secs] 
225.837: Total time for which application threads were stopped: 0.0007690 seconds, Stopping threads took: 0.0000650 seconds
225.922: Application time: 0.0852380 seconds
225.922: [GC [PSYoungGen: 36404K->2304K(38400K)] 51398K->17338K(77312K), 0.0009410 secs] [Times: user=0.01 sys=0.00, real=0.00 secs] 
225.923: Total time for which application threads were stopped: 0.0011050 seconds, Stopping threads took: 0.0000970 seconds
226.009: Application time: 0.0855580 seconds
226.009: [GC [PSYoungGen: 36871K->2816K(37376K)] 51906K->17930K(76288K), 0.0011120 secs] [Times: user=0.00 sys=0.00, real=0.00 secs] 
226.010: Total time for which application threads were stopped: 0.0012750 seconds, Stopping threads took: 0.0000760 seconds
226.093: Application time: 0.0834390 seconds
226.094: [GC [PSYoungGen: 36869K->3296K(37888K)] 51984K->18450K(76800K), 0.0013090 secs] [Times: user=0.01 sys=0.00, real=0.00 secs] 
226.095: Total time for which application threads were stopped: 0.0017070 seconds, Stopping threads took: 0.0000700 seconds
226.180: Application time: 0.0849340 seconds
226.180: [GC [PSYoungGen: 36924K->1280K(34816K)] 52078K->16498K(73728K), 0.0006340 secs] [Times: user=0.00 sys=0.00, real=0.00 secs] 
226.181: Total time for which application threads were stopped: 0.0007620 seconds, Stopping threads took: 0.0000640 seconds
226.261: Application time: 0.0805390 seconds
226.262: [GC [PSYoungGen: 34295K->2816K(37888K)] 49513K->18114K(76800K), 0.0011030 secs] [Times: user=0.01 sys=0.00, real=0.00 secs] 
226.263: Total time for which application threads were stopped: 0.0012530 seconds, Stopping threads took: 0.0000770 seconds
226.345: Application time: 0.0826950 seconds
226.345: [GC [PSYoungGen: 35769K->1792K(37888K)] 51068K->17138K(76800K), 0.0008110 secs] [Times: user=0.01 sys=0.00, real=0.00 secs] 
226.346: Total time for which application threads were stopped: 0.0009430 seconds, Stopping threads took: 0.0000670 seconds
226.429: Application time: 0.0822750 seconds
226.429: [GC [PSYoungGen: 34819K->1792K(34816K)] 50166K->17138K(73728K), 0.0006430 secs] [Times: user=0.00 sys=0.00, real=0.00 secs] 
226.429: Total time for which application threads were stopped: 0.0007660 seconds, Stopping threads took: 0.0000570 seconds
226.508: Application time: 0.0783010 seconds
226.508: [GC [PSYoungGen: 34213K->3328K(41984K)] 49559K->18714K(80896K), 0.0012320 secs] [Times: user=0.00 sys=0.00, real=0.00 secs] 
226.509: Total time for which application threads were stopped: 0.0013780 seconds, Stopping threads took: 0.0000670 seconds
226.604: Application time: 0.0953860 seconds
226.605: [GC [PSYoungGen: 41064K->1792K(38912K)] 56451K->17178K(77824K), 0.0007340 secs] [Times: user=0.01 sys=0.00, real=0.00 secs] 
226.605: Total time for which application threads were stopped: 0.0009220 seconds, Stopping threads took: 0.0001140 seconds
226.695: Application time: 0.0897000 seconds
226.695: [GC [PSYoungGen: 38416K->2720K(41984K)] 53802K->18174K(80896K), 0.0011820 secs] [Times: user=0.00 sys=0.00, real=0.00 secs] 
226.696: Total time for which application threads were stopped: 0.0013180 seconds, Stopping threads took: 0.0000620 seconds
226.790: Application time: 0.0931530 seconds
226.790: [GC [PSYoungGen: 40374K->2816K(48128K)] 55829K->18310K(87040K), 0.0010040 secs] [Times: user=0.00 sys=0.00, real=0.00 secs] 
226.791: Total time for which application threads were stopped: 0.0011650 seconds, Stopping threads took: 0.0000860 seconds
226.901: Application time: 0.1101170 seconds
226.901: [GC [PSYoungGen: 46801K->1280K(44544K)] 62296K->16814K(83456K), 0.0006020 secs] [Times: user=0.00 sys=0.00, real=0.01 secs] 
226.902: Total time for which application threads were stopped: 0.0007260 seconds, Stopping threads took: 0.0000590 seconds
227.006: Application time: 0.1048980 seconds
227.007: [GC [PSYoungGen: 43990K->2816K(46080K)] 59525K->18450K(84992K), 0.0009910 secs] [Times: user=0.01 sys=0.00, real=0.00 secs] 
227.008: Total time for which application threads were stopped: 0.0011380 seconds, Stopping threads took: 0.0000730 seconds
227.111: Application time: 0.1034520 seconds
227.111: [GC [PSYoungGen: 44582K->2304K(43520K)] 60217K->17938K(82432K), 0.0009500 secs] [Times: user=0.01 sys=0.00, real=0.00 secs] 
227.112: Total time for which application threads were stopped: 0.0011600 seconds, Stopping threads took: 0.0001340 seconds
227.215: Application time: 0.1023820 seconds
227.215: [GC [PSYoungGen: 43124K->1808K(43008K)] 58759K->17498K(81920K), 0.0007680 secs] [Times: user=0.00 sys=0.00, real=0.00 secs] 
227.216: Total time for which application threads were stopped: 0.0013600 seconds, Stopping threads took: 0.0005240 seconds
227.313: Application time: 0.0975510 seconds
227.314: [GC [PSYoungGen: 41518K->1792K(40960K)] 57209K->17554K(79872K), 0.0007940 secs] [Times: user=0.00 sys=0.00, real=0.00 secs] 
227.314: Total time for which application threads were stopped: 0.0009170 seconds, Stopping threads took: 0.0000590 seconds
227.410: Application time: 0.0957640 seconds
227.410: [GC [PSYoungGen: 40398K->1216K(40960K)] 56161K->17042K(79872K), 0.0005950 secs] [Times: user=0.00 sys=0.00, real=0.00 secs] 
227.411: Total time for which application threads were stopped: 0.0007320 seconds, Stopping threads took: 0.0000720 seconds
227.504: Application time: 0.0932520 seconds
227.504: [GC [PSYoungGen: 39022K->2304K(39424K)] 54849K->18130K(78336K), 0.0009590 secs] [Times: user=0.00 sys=0.00, real=0.00 secs] 
227.505: Total time for which application threads were stopped: 0.0011220 seconds, Stopping threads took: 0.0000930 seconds
227.595: Application time: 0.0900960 seconds
227.595: [GC [PSYoungGen: 38930K->2272K(39936K)] 54756K->18206K(78848K), 0.0009480 secs] [Times: user=0.00 sys=0.00, real=0.00 secs] 
227.596: Total time for which application threads were stopped: 0.0010790 seconds, Stopping threads took: 0.0000610 seconds
227.688: Application time: 0.0911530 seconds
227.688: [GC [PSYoungGen: 38308K->1760K(37888K)] 54242K->17735K(76800K), 0.0007730 secs] [Times: user=0.01 sys=0.00, real=0.00 secs] 
227.689: Total time for which application threads were stopped: 0.0009170 seconds, Stopping threads took: 0.0000700 seconds
227.777: Application time: 0.0885090 seconds
227.777: [GC [PSYoungGen: 37364K->256K(38912K)] 53339K->16230K(77824K), 0.0003490 secs] [Times: user=0.00 sys=0.00, real=0.00 secs] 
227.778: Total time for which application threads were stopped: 0.0004870 seconds, Stopping threads took: 0.0000790 seconds
227.862: Application time: 0.0841000 seconds
227.862: [GC [PSYoungGen: 35412K->1792K(36864K)] 51387K->17823K(75776K), 0.0008100 secs] [Times: user=0.00 sys=0.00, real=0.00 secs] 
227.863: Total time for which application threads were stopped: 0.0009450 seconds, Stopping threads took: 0.0000690 seconds
227.949: Application time: 0.0865950 seconds
227.949: [GC [PSYoungGen: 36283K->1792K(37376K)] 52314K->17903K(76288K), 0.0007790 secs] [Times: user=0.01 sys=0.00, real=0.00 secs] 
227.950: Total time for which application threads were stopped: 0.0009160 seconds, Stopping threads took: 0.0000680 seconds
228.033: Application time: 0.0832400 seconds
228.033: [GC [PSYoungGen: 35847K->1792K(35840K)] 51958K->17903K(74752K), 0.0008160 secs] [Times: user=0.00 sys=0.00, real=0.00 secs] 
228.034: Total time for which application threads were stopped: 0.0009550 seconds, Stopping threads took: 0.0000670 seconds
228.117: Application time: 0.0823950 seconds
228.117: [GC [PSYoungGen: 35331K->2272K(36352K)] 51443K->18431K(75264K), 0.0009340 secs] [Times: user=0.00 sys=0.00, real=0.00 secs] 
228.118: Total time for which application threads were stopped: 0.0011050 seconds, Stopping threads took: 0.0001010 seconds
228.200: Application time: 0.0821050 seconds
228.200: [GC [PSYoungGen: 35376K->2304K(35328K)] 51535K->18503K(74240K), 0.0009400 secs] [Times: user=0.01 sys=0.00, real=0.00 secs] 
228.201: Total time for which application threads were stopped: 0.0010910 seconds, Stopping threads took: 0.0000700 seconds
228.280: Application time: 0.0789780 seconds
228.280: [GC [PSYoungGen: 34817K->1760K(35328K)] 51017K->18047K(74240K), 0.0007830 secs] [Times: user=0.01 sys=0.00, real=0.00 secs] 
228.281: Total time for which application threads were stopped: 0.0009370 seconds, Stopping threads took: 0.0000870 seconds
228.360: Application time: 0.0793050 seconds
228.360: [GC [PSYoungGen: 33673K->2304K(34304K)] 49960K->18639K(73216K), 0.0009040 secs] [Times: user=0.01 sys=0.00, real=0.00 secs] 
228.361: Total time for which application threads were stopped: 0.0010460 seconds, Stopping threads took: 0.0000720 seconds
228.440: Application time: 0.0788360 seconds
228.440: [GC [PSYoungGen: 33791K->1248K(34304K)] 50127K->17583K(73216K), 0.0006010 secs] [Times: user=0.00 sys=0.00, real=0.00 secs] 
228.441: Total time for which application threads were stopped: 0.0007290 seconds, Stopping threads took: 0.0000660 seconds
228.514: Application time: 0.0736420 seconds
228.515: [GC [PSYoungGen: 32276K->2816K(34816K)] 48612K->19191K(73728K), 0.0010950 secs] [Times: user=0.00 sys=0.00, real=0.00 secs] 
228.516: Total time for which application threads were stopped: 0.0012410 seconds, Stopping threads took: 0.0000740 seconds
228.593: Application time: 0.0770740 seconds
228.593: [GC [PSYoungGen: 33709K->1792K(32768K)] 50084K->18255K(71680K), 0.0006590 secs] [Times: user=0.00 sys=0.00, real=0.01 secs] 
228.594: Total time for which application threads were stopped: 0.0007890 seconds, Stopping threads took: 0.0000640 seconds
228.668: Application time: 0.0748620 seconds
228.669: [GC [PSYoungGen: 32239K->1792K(32256K)] 48702K->18255K(71168K), 0.0007790 secs] [Times: user=0.00 sys=0.00, real=0.00 secs] 
228.669: Total time for which application threads were stopped: 0.0009200 seconds, Stopping threads took: 0.0000750 seconds
228.742: Application time: 0.0728440 seconds
228.742: [GC [PSYoungGen: 31636K->2816K(38400K)] 48099K->19319K(77312K), 0.0009220 secs] [Times: user=0.00 sys=0.00, real=0.00 secs] 
228.743: Total time for which application threads were stopped: 0.0010810 seconds, Stopping threads took: 0.0000750 seconds
228.831: Application time: 0.0881850 seconds
228.832: [GC [PSYoungGen: 37548K->1280K(35840K)] 54051K->17783K(74752K), 0.0006200 secs] [Times: user=0.00 sys=0.00, real=0.00 secs] 
228.832: Total time for which application threads were stopped: 0.0007410 seconds, Stopping threads took: 0.0000580 seconds
228.915: Application time: 0.0825430 seconds
228.915: [GC [PSYoungGen: 35333K->1792K(36864K)] 51836K->18407K(75776K), 0.0008050 secs] [Times: user=0.01 sys=0.00, real=0.00 secs] 
228.916: Total time for which application threads were stopped: 0.0009340 seconds, Stopping threads took: 0.0000670 seconds
228.999: Application time: 0.0827960 seconds
228.999: [GC [PSYoungGen: 35253K->2304K(35840K)] 51869K->18975K(74752K), 0.0009150 secs] [Times: user=0.01 sys=0.00, real=0.00 secs] 
229.000: Total time for which application threads were stopped: 0.0010600 seconds, Stopping threads took: 0.0000770 seconds
229.081: Application time: 0.0812710 seconds
229.081: [GC [PSYoungGen: 35332K->2304K(35840K)] 52003K->18975K(74752K), 0.0009290 secs] [Times: user=0.00 sys=0.00, real=0.01 secs] 
229.082: Total time for which application threads were stopped: 0.0010660 seconds, Stopping threads took: 0.0000690 seconds
229.163: Application time: 0.0806830 seconds
229.163: [GC [PSYoungGen: 34893K->2304K(36352K)] 51565K->19023K(75264K), 0.0010690 secs] [Times: user=0.01 sys=0.00, real=0.00 secs] 
229.164: Total time for which application threads were stopped: 0.0012240 seconds, Stopping threads took: 0.0000730 seconds
229.246: Application time: 0.0822080 seconds
229.246: [GC [PSYoungGen: 34743K->768K(33280K)] 51463K->17579K(72192K), 0.0005000 secs] [Times: user=0.00 sys=0.00, real=0.00 secs] 
229.247: Total time for which application threads were stopped: 0.0007040 seconds, Stopping threads took: 0.0001370 seconds
229.323: Application time: 0.0760870 seconds
229.323: [GC [PSYoungGen: 32751K->2816K(40448K)] 49562K->19627K(79360K), 0.0010900 secs] [Times: user=0.00 sys=0.00, real=0.00 secs] 
229.324: Total time for which application threads were stopped: 0.0012380 seconds, Stopping threads took: 0.0000750 seconds
229.416: Application time: 0.0916590 seconds
229.416: [GC [PSYoungGen: 39366K->2304K(38912K)] 56177K->19171K(77824K), 0.0008060 secs] [Times: user=0.00 sys=0.00, real=0.00 secs] 
229.417: Total time for which application threads were stopped: 0.0009410 seconds, Stopping threads took: 0.0000660 seconds
229.505: Application time: 0.0888000 seconds
229.506: [GC [PSYoungGen: 38575K->1792K(37888K)] 55442K->18659K(76800K), 0.0008170 secs] [Times: user=0.00 sys=0.00, real=0.00 secs] 
229.506: Total time for which application threads were stopped: 0.0009410 seconds, Stopping threads took: 0.0000560 seconds
229.595: Application time: 0.0883780 seconds
229.595: [GC [PSYoungGen: 37388K->2304K(37888K)] 54255K->19279K(76800K), 0.0008570 secs] [Times: user=0.01 sys=0.00, real=0.00 secs] 
229.596: Total time for which application threads were stopped: 0.0010000 seconds, Stopping threads took: 0.0000720 seconds
229.683: Application time: 0.0875070 seconds
229.683: [GC [PSYoungGen: 37313K->1216K(36352K)] 54289K->18247K(75264K), 0.0006260 secs] [Times: user=0.00 sys=0.00, real=0.00 secs] 
229.684: Total time for which application threads were stopped: 0.0007700 seconds, Stopping threads took: 0.0000850 seconds
229.768: Application time: 0.0842260 seconds
229.768: [GC [PSYoungGen: 35784K->1792K(37376K)] 52815K->18823K(76288K), 0.0007600 secs] [Times: user=0.01 sys=0.00, real=0.00 secs] 
229.769: Total time for which application threads were stopped: 0.0009050 seconds, Stopping threads took: 0.0000710 seconds
229.854: Application time: 0.0846960 seconds
229.854: [GC [PSYoungGen: 35924K->2272K(36352K)] 52956K->19343K(75264K), 0.0010170 secs] [Times: user=0.01 sys=0.00, real=0.00 secs] 
229.855: Total time for which application threads were stopped: 0.0011520 seconds, Stopping threads took: 0.0000650 seconds
229.937: Application time: 0.0824020 seconds
229.938: [GC [PSYoungGen: 35735K->2304K(36352K)] 52807K->19463K(75264K), 0.0009400 secs] [Times: user=0.01 sys=0.00, real=0.00 secs] 
229.939: Total time for which application threads were stopped: 0.0010700 seconds, Stopping threads took: 0.0000630 seconds
230.021: Application time: 0.0823190 seconds
230.021: [GC [PSYoungGen: 35331K->2272K(35328K)] 52491K->19431K(74240K), 0.0009190 secs] [Times: user=0.00 sys=0.00, real=0.01 secs] 
230.022: Total time for which application threads were stopped: 0.0010660 seconds, Stopping threads took: 0.0000770 seconds
230.104: Application time: 0.0820010 seconds
230.104: [GC [PSYoungGen: 34870K->704K(35328K)] 52030K->17919K(74240K), 0.0004680 secs] [Times: user=0.00 sys=0.00, real=0.00 secs] 
230.105: Total time for which application threads were stopped: 0.0006940 seconds, Stopping threads took: 0.0001670 seconds
230.181: Application time: 0.0763830 seconds
230.181: [GC [PSYoungGen: 32678K->3328K(35840K)] 49894K->20620K(74752K), 0.0012950 secs] [Times: user=0.01 sys=0.00, real=0.01 secs] 
230.182: Total time for which application threads were stopped: 0.0014490 seconds, Stopping threads took: 0.0000780 seconds
230.263: Application time: 0.0804220 seconds
230.263: [GC [PSYoungGen: 35329K->2304K(43008K)] 52621K->19644K(81920K), 0.0007730 secs] [Times: user=0.01 sys=0.00, real=0.00 secs] 
230.264: Total time for which application threads were stopped: 0.0009150 seconds, Stopping threads took: 0.0000740 seconds
230.360: Application time: 0.0964010 seconds
230.360: [GC [PSYoungGen: 40986K->2304K(40448K)] 58326K->19692K(79360K), 0.0008150 secs] [Times: user=0.00 sys=0.00, real=0.00 secs] 
230.361: Total time for which application threads were stopped: 0.0009580 seconds, Stopping threads took: 0.0000670 seconds
230.455: Application time: 0.0934140 seconds
230.455: [GC [PSYoungGen: 39882K->1792K(39424K)] 57270K->19236K(78336K), 0.0006650 secs] [Times: user=0.00 sys=0.00, real=0.00 secs] 
230.455: Total time for which application threads were stopped: 0.0008050 seconds, Stopping threads took: 0.0000740 seconds
230.546: Application time: 0.0902110 seconds
230.546: [GC [PSYoungGen: 38496K->1792K(38400K)] 55940K->19236K(77312K), 0.0007700 secs] [Times: user=0.01 sys=0.00, real=0.00 secs] 
230.547: Total time for which application threads were stopped: 0.0009060 seconds, Stopping threads took: 0.0000690 seconds
230.634: Application time: 0.0877240 seconds
230.634: [GC [PSYoungGen: 37900K->2816K(38912K)] 55344K->20344K(77824K), 0.0011420 secs] [Times: user=0.00 sys=0.00, real=0.00 secs] 
230.636: Total time for which application threads were stopped: 0.0012880 seconds, Stopping threads took: 0.0000710 seconds
230.725: Application time: 0.0893730 seconds
230.725: [GC [PSYoungGen: 38340K->1792K(37376K)] 55868K->19376K(76288K), 0.0007360 secs] [Times: user=0.00 sys=0.00, real=0.00 secs] 
230.726: Total time for which application threads were stopped: 0.0008690 seconds, Stopping threads took: 0.0000680 seconds
230.812: Application time: 0.0862780 seconds
230.812: [GC [PSYoungGen: 36949K->2304K(37888K)] 54533K->19888K(76800K), 0.0009400 secs] [Times: user=0.01 sys=0.00, real=0.00 secs] 
230.813: Total time for which application threads were stopped: 0.0011170 seconds, Stopping threads took: 0.0001070 seconds
230.899: Application time: 0.0855540 seconds
230.899: [GC [PSYoungGen: 36956K->1808K(36352K)] 54540K->19472K(75264K), 0.0008060 secs] [Times: user=0.01 sys=0.00, real=0.00 secs] 
230.900: Total time for which application threads were stopped: 0.0009390 seconds, Stopping threads took: 0.0000570 seconds
230.986: Application time: 0.0864950 seconds
230.986: [GC [PSYoungGen: 35862K->2304K(36864K)] 53526K->20056K(75776K), 0.0009090 secs] [Times: user=0.01 sys=0.00, real=0.00 secs] 
230.987: Total time for which application threads were stopped: 0.0010380 seconds, Stopping threads took: 0.0000620 seconds
231.071: Application time: 0.0837710 seconds
231.071: [GC [PSYoungGen: 35773K->768K(34304K)] 53526K->18576K(73216K), 0.0004690 secs] [Times: user=0.00 sys=0.00, real=0.00 secs] 
231.072: Total time for which application threads were stopped: 0.0005900 seconds, Stopping threads took: 0.0000590 seconds
231.154: Application time: 0.0829260 seconds
231.155: [GC [PSYoungGen: 33795K->768K(35840K)] 51604K->18576K(74752K), 0.0006030 secs] [Times: user=0.00 sys=0.00, real=0.00 secs] 
231.156: Total time for which application threads were stopped: 0.0017270 seconds, Stopping threads took: 0.0000950 seconds
231.237: Application time: 0.0805880 seconds
231.237: [GC [PSYoungGen: 33275K->1248K(33792K)] 51083K->19104K(72704K), 0.0006110 secs] [Times: user=0.00 sys=0.00, real=0.00 secs] 
231.238: Total time for which application threads were stopped: 0.0008210 seconds, Stopping threads took: 0.0001420 seconds
231.316: Application time: 0.0781900 seconds
231.316: [GC [PSYoungGen: 33239K->1792K(34816K)] 51095K->19696K(73728K), 0.0008610 secs] [Times: user=0.01 sys=0.00, real=0.00 secs] 
231.317: Total time for which application threads were stopped: 0.0009980 seconds, Stopping threads took: 0.0000680 seconds
231.395: Application time: 0.0785230 seconds
231.395: [GC [PSYoungGen: 33197K->1248K(32768K)] 51101K->19200K(71680K), 0.0006030 secs] [Times: user=0.00 sys=0.00, real=0.00 secs] 
231.396: Total time for which application threads were stopped: 0.0007500 seconds, Stopping threads took: 0.0000810 seconds
231.472: Application time: 0.0761140 seconds
231.472: [GC [PSYoungGen: 32280K->2320K(33792K)] 50233K->20272K(72704K), 0.0009150 secs] [Times: user=0.00 sys=0.00, real=0.00 secs] 
231.473: Total time for which application threads were stopped: 0.0010630 seconds, Stopping threads took: 0.0000660 seconds
231.547: Application time: 0.0734480 seconds
231.547: [GC [PSYoungGen: 32845K->2336K(32768K)] 50797K->20368K(71680K), 0.0009540 secs] [Times: user=0.01 sys=0.00, real=0.00 secs] 
231.548: Total time for which application threads were stopped: 0.0011000 seconds, Stopping threads took: 0.0000750 seconds
231.620: Application time: 0.0726160 seconds
231.621: [GC [PSYoungGen: 32258K->3328K(33280K)] 50291K->21436K(72192K), 0.0013380 secs] [Times: user=0.01 sys=0.00, real=0.01 secs] 
231.622: Total time for which application threads were stopped: 0.0014910 seconds, Stopping threads took: 0.0000770 seconds
231.696: Application time: 0.0742120 seconds
231.696: [GC [PSYoungGen: 32672K->2272K(33792K)] 50781K->20412K(72704K), 0.0009140 secs] [Times: user=0.00 sys=0.00, real=0.00 secs] 
231.697: Total time for which application threads were stopped: 0.0010430 seconds, Stopping threads took: 0.0000610 seconds
231.770: Application time: 0.0732480 seconds
231.771: [GC [PSYoungGen: 31612K->1792K(38912K)] 49753K->19932K(77824K), 0.0006220 secs] [Times: user=0.00 sys=0.00, real=0.00 secs] 
231.771: Total time for which application threads were stopped: 0.0007580 seconds, Stopping threads took: 0.0000690 seconds
231.860: Application time: 0.0890550 seconds
231.860: [GC [PSYoungGen: 37470K->1280K(36864K)] 55610K->19420K(75776K), 0.0005920 secs] [Times: user=0.01 sys=0.00, real=0.00 secs] 
231.861: Total time for which application threads were stopped: 0.0007290 seconds, Stopping threads took: 0.0000740 seconds
231.945: Application time: 0.0838890 seconds
231.945: [GC [PSYoungGen: 36277K->3328K(38400K)] 54418K->21536K(77312K), 0.0012050 secs] [Times: user=0.00 sys=0.00, real=0.00 secs] 
231.946: Total time for which application threads were stopped: 0.0013590 seconds, Stopping threads took: 0.0000790 seconds
232.035: Application time: 0.0886440 seconds
232.035: [GC [PSYoungGen: 37906K->1280K(35840K)] 56114K->19488K(74752K), 0.0005970 secs] [Times: user=0.00 sys=0.00, real=0.00 secs] 
232.036: Total time for which application threads were stopped: 0.0007510 seconds, Stopping threads took: 0.0000810 seconds
232.117: Application time: 0.0817770 seconds
232.118: [GC [PSYoungGen: 35412K->1776K(37376K)] 53620K->20040K(76288K), 0.0007470 secs] [Times: user=0.00 sys=0.00, real=0.00 secs] 
232.118: Total time for which application threads were stopped: 0.0008870 seconds, Stopping threads took: 0.0000760 seconds
232.201: Application time: 0.0826120 seconds
232.201: [GC [PSYoungGen: 35315K->2272K(35840K)] 53580K->20612K(74752K), 0.0009450 secs] [Times: user=0.00 sys=0.00, real=0.01 secs] 
232.202: Total time for which application threads were stopped: 0.0010750 seconds, Stopping threads took: 0.0000600 seconds
232.283: Application time: 0.0808040 seconds
232.283: [GC [PSYoungGen: 35377K->2304K(35328K)] 53718K->20692K(74240K), 0.0009340 secs] [Times: user=0.01 sys=0.00, real=0.00 secs] 
232.284: Total time for which application threads were stopped: 0.0010780 seconds, Stopping threads took: 0.0000740 seconds
232.364: Application time: 0.0796420 seconds
232.364: [GC [PSYoungGen: 34733K->2816K(36352K)] 53122K->21284K(75264K), 0.0010900 secs] [Times: user=0.01 sys=0.00, real=0.00 secs] 
232.365: Total time for which application threads were stopped: 0.0012520 seconds, Stopping threads took: 0.0000800 seconds
232.447: Application time: 0.0817330 seconds
232.447: [GC [PSYoungGen: 35251K->2304K(43520K)] 53720K->20772K(82432K), 0.0007410 secs] [Times: user=0.01 sys=0.00, real=0.00 secs] 
232.447: Total time for which application threads were stopped: 0.0008770 seconds, Stopping threads took: 0.0000700 seconds
232.545: Application time: 0.0978800 seconds
232.545: [GC [PSYoungGen: 41585K->736K(39424K)] 60054K->19204K(78336K), 0.0004660 secs] [Times: user=0.00 sys=0.01, real=0.00 secs] 
232.546: Total time for which application threads were stopped: 0.0006000 seconds, Stopping threads took: 0.0000650 seconds
232.638: Application time: 0.0916430 seconds
232.638: [GC [PSYoungGen: 38900K->1792K(39424K)] 57369K->20356K(78336K), 0.0007510 secs] [Times: user=0.01 sys=0.00, real=0.00 secs] 
232.638: Total time for which application threads were stopped: 0.0008800 seconds, Stopping threads took: 0.0000570 seconds
232.730: Application time: 0.0918790 seconds
232.730: [GC [PSYoungGen: 38934K->1216K(37888K)] 57499K->19828K(76800K), 0.0006740 secs] [Times: user=0.01 sys=0.00, real=0.00 secs] 
232.731: Total time for which application threads were stopped: 0.0008020 seconds, Stopping threads took: 0.0000650 seconds
232.820: Application time: 0.0892720 seconds
232.820: [GC [PSYoungGen: 37328K->1248K(38912K)] 55941K->19917K(77824K), 0.0005600 secs] [Times: user=0.00 sys=0.00, real=0.00 secs] 
232.821: Total time for which application threads were stopped: 0.0006850 seconds, Stopping threads took: 0.0000600 seconds
232.907: Application time: 0.0854570 seconds
232.907: [GC [PSYoungGen: 36998K->2336K(37888K)] 55667K->21045K(76800K), 0.0009780 secs] [Times: user=0.00 sys=0.00, real=0.00 secs] 
232.908: Total time for which application threads were stopped: 0.0011270 seconds, Stopping threads took: 0.0000760 seconds
232.996: Application time: 0.0882310 seconds
232.996: [GC [PSYoungGen: 37345K->1248K(37888K)] 56054K->20061K(76800K), 0.0005780 secs] [Times: user=0.01 sys=0.00, real=0.00 secs] 
232.997: Total time for which application threads were stopped: 0.0007030 seconds, Stopping threads took: 0.0000640 seconds
233.079: Application time: 0.0826110 seconds
233.079: [GC [PSYoungGen: 35733K->2816K(37888K)] 54546K->21629K(76800K), 0.0010870 secs] [Times: user=0.00 sys=0.00, real=0.00 secs] 
233.080: Total time for which application threads were stopped: 0.0012450 seconds, Stopping threads took: 0.0000770 seconds
233.166: Application time: 0.0855420 seconds
233.166: [GC [PSYoungGen: 36953K->1792K(36352K)] 55767K->20605K(75264K), 0.0007490 secs] [Times: user=0.00 sys=0.00, real=0.00 secs] 
233.167: Total time for which application threads were stopped: 0.0008820 seconds, Stopping threads took: 0.0000650 seconds
233.249: Application time: 0.0820900 seconds
233.249: [GC [PSYoungGen: 35255K->1760K(35328K)] 54068K->20665K(74240K), 0.0007610 secs] [Times: user=0.00 sys=0.00, real=0.00 secs] 
233.250: Total time for which application threads were stopped: 0.0009000 seconds, Stopping threads took: 0.0000740 seconds
233.331: Application time: 0.0813000 seconds
233.331: [GC [PSYoungGen: 34790K->1280K(35840K)] 53695K->20185K(74752K), 0.0006580 secs] [Times: user=0.01 sys=0.00, real=0.00 secs] 
233.332: Total time for which application threads were stopped: 0.0007870 seconds, Stopping threads took: 0.0000640 seconds
233.413: Application time: 0.0810290 seconds
233.413: [GC [PSYoungGen: 33791K->1280K(33792K)] 52696K->20233K(72704K), 0.0006330 secs] [Times: user=0.00 sys=0.00, real=0.01 secs] 
233.414: Total time for which application threads were stopped: 0.0007680 seconds, Stopping threads took: 0.0000660 seconds
233.493: Application time: 0.0795770 seconds
233.493: [GC [PSYoungGen: 33271K->1760K(34816K)] 52224K->20753K(73728K), 0.0008230 secs] [Times: user=0.00 sys=0.00, real=0.01 secs] 
233.494: Total time for which application threads were stopped: 0.0009650 seconds, Stopping threads took: 0.0000770 seconds
233.571: Application time: 0.0764490 seconds
233.571: [GC [PSYoungGen: 33393K->2352K(33792K)] 52386K->21401K(72704K), 0.0009790 secs] [Times: user=0.01 sys=0.00, real=0.00 secs] 
233.572: Total time for which application threads were stopped: 0.0011210 seconds, Stopping threads took: 0.0000710 seconds
233.648: Application time: 0.0762980 seconds
233.648: [GC [PSYoungGen: 33245K->1280K(33792K)] 52294K->20449K(72704K), 0.0006460 secs] [Times: user=0.00 sys=0.00, real=0.00 secs] 
233.649: Total time for which application threads were stopped: 0.0007770 seconds, Stopping threads took: 0.0000600 seconds
233.722: Application time: 0.0730200 seconds
233.722: [GC [PSYoungGen: 31636K->2816K(34304K)] 50805K->21985K(73216K), 0.0010790 secs] [Times: user=0.00 sys=0.00, real=0.00 secs] 
233.723: Total time for which application threads were stopped: 0.0012170 seconds, Stopping threads took: 0.0000630 seconds
233.801: Application time: 0.0781930 seconds
233.801: [GC [PSYoungGen: 33353K->1280K(31744K)] 52523K->20449K(70656K), 0.0005290 secs] [Times: user=0.00 sys=0.00, real=0.00 secs] 
233.802: Total time for which application threads were stopped: 0.0006520 seconds, Stopping threads took: 0.0000560 seconds
233.874: Application time: 0.0717890 seconds
233.874: [GC [PSYoungGen: 31124K->2240K(32256K)] 50293K->21485K(71168K), 0.0009590 secs] [Times: user=0.00 sys=0.00, real=0.00 secs] 
233.875: Total time for which application threads were stopped: 0.0010940 seconds, Stopping threads took: 0.0000660 seconds
233.947: Application time: 0.0722090 seconds
233.947: [GC [PSYoungGen: 31650K->2816K(37376K)] 50896K->22061K(76288K), 0.0009190 secs] [Times: user=0.00 sys=0.00, real=0.00 secs] 
233.948: Total time for which application threads were stopped: 0.0010540 seconds, Stopping threads took: 0.0000660 seconds
234.031: Application time: 0.0831140 seconds
234.031: [GC [PSYoungGen: 36358K->2752K(37376K)] 55603K->22037K(76288K), 0.0010950 secs] [Times: user=0.00 sys=0.00, real=0.00 secs] 
234.033: Total time for which application threads were stopped: 0.0012400 seconds, Stopping threads took: 0.0000710 seconds
234.116: Application time: 0.0838580 seconds
234.117: [GC [PSYoungGen: 36296K->2304K(45056K)] 55581K->21629K(83968K), 0.0008110 secs] [Times: user=0.00 sys=0.00, real=0.00 secs] 
234.117: Total time for which application threads were stopped: 0.0010560 seconds, Stopping threads took: 0.0001670 seconds
234.218: Application time: 0.1004280 seconds
234.218: [GC [PSYoungGen: 43200K->1760K(41984K)] 62526K->21125K(80896K), 0.0007710 secs] [Times: user=0.00 sys=0.00, real=0.00 secs] 
234.219: Total time for which application threads were stopped: 0.0009130 seconds, Stopping threads took: 0.0000710 seconds
234.317: Application time: 0.0983470 seconds
234.317: [GC [PSYoungGen: 41390K->2304K(41472K)] 60755K->21785K(80384K), 0.0009690 secs] [Times: user=0.00 sys=0.01, real=0.00 secs] 
234.318: Total time for which application threads were stopped: 0.0011090 seconds, Stopping threads took: 0.0000700 seconds
234.414: Application time: 0.0959060 seconds
234.414: [GC [PSYoungGen: 40910K->1792K(39936K)] 60391K->21273K(78848K), 0.0007510 secs] [Times: user=0.00 sys=0.00, real=0.00 secs] 
234.415: Total time for which application threads were stopped: 0.0009000 seconds, Stopping threads took: 0.0000850 seconds
234.508: Application time: 0.0926660 seconds
234.508: [GC [PSYoungGen: 39522K->2288K(39424K)] 59003K->21769K(78336K), 0.0010500 secs] [Times: user=0.01 sys=0.00, real=0.00 secs] 
234.509: Total time for which application threads were stopped: 0.0011800 seconds, Stopping threads took: 0.0000590 seconds
234.600: Application time: 0.0906710 seconds
234.600: [GC [PSYoungGen: 38838K->1792K(38400K)] 58319K->21345K(77312K), 0.0007490 secs] [Times: user=0.00 sys=0.00, real=0.00 secs] 
234.600: Total time for which application threads were stopped: 0.0008680 seconds, Stopping threads took: 0.0000560 seconds
234.691: Application time: 0.0910000 seconds
234.692: [GC [PSYoungGen: 37982K->1248K(38912K)] 57536K->20801K(77824K), 0.0006060 secs] [Times: user=0.00 sys=0.00, real=0.00 secs] 
234.692: Total time for which application threads were stopped: 0.0007580 seconds, Stopping threads took: 0.0000820 seconds
234.776: Application time: 0.0836530 seconds
234.776: [GC [PSYoungGen: 36836K->3296K(39424K)] 56389K->23441K(78336K), 0.0015830 secs] [Times: user=0.01 sys=0.00, real=0.00 secs] 
234.778: Total time for which application threads were stopped: 0.0017440 seconds, Stopping threads took: 0.0000740 seconds
234.868: Application time: 0.0905580 seconds
234.868: [GC [PSYoungGen: 39058K->1792K(37376K)] 59204K->21985K(76288K), 0.0006830 secs] [Times: user=0.00 sys=0.00, real=0.00 secs] 
234.869: Total time for which application threads were stopped: 0.0008180 seconds, Stopping threads took: 0.0000700 seconds
234.952: Application time: 0.0830260 seconds
234.952: [GC [PSYoungGen: 36789K->3328K(45568K)] 56983K->24138K(84480K), 0.0013810 secs] [Times: user=0.01 sys=0.00, real=0.01 secs] 
234.954: Total time for which application threads were stopped: 0.0015370 seconds, Stopping threads took: 0.0000780 seconds
235.060: Application time: 0.1066000 seconds
235.060: [GC [PSYoungGen: 45020K->2816K(46592K)] 65830K->23626K(85504K), 0.0010200 secs] [Times: user=0.01 sys=0.00, real=0.00 secs] 
235.061: Total time for which application threads were stopped: 0.0011590 seconds, Stopping threads took: 0.0000680 seconds
235.168: Application time: 0.1064240 seconds
235.168: [GC [PSYoungGen: 45183K->768K(42496K)] 65993K->21577K(81408K), 0.0004490 secs] [Times: user=0.00 sys=0.00, real=0.00 secs] 
235.168: Total time for which application threads were stopped: 0.0005760 seconds, Stopping threads took: 0.0000650 seconds
235.268: Application time: 0.0991860 seconds
235.268: [GC [PSYoungGen: 41932K->2816K(43520K)] 62742K->23698K(82432K), 0.0010490 secs] [Times: user=0.00 sys=0.00, real=0.00 secs] 
235.269: Total time for which application threads were stopped: 0.0012300 seconds, Stopping threads took: 0.0001100 seconds
235.370: Application time: 0.1007580 seconds
235.370: [GC [PSYoungGen: 43123K->2304K(41984K)] 64005K->23186K(80896K), 0.0009700 secs] [Times: user=0.00 sys=0.00, real=0.00 secs] 
235.371: Total time for which application threads were stopped: 0.0011200 seconds, Stopping threads took: 0.0000720 seconds
235.468: Application time: 0.0977310 seconds
235.468: [GC [PSYoungGen: 41578K->2304K(41472K)] 62460K->23266K(80384K), 0.0009820 secs] [Times: user=0.00 sys=0.00, real=0.00 secs] 
235.469: Total time for which application threads were stopped: 0.0011280 seconds, Stopping threads took: 0.0000730 seconds
235.564: Application time: 0.0940400 seconds
235.564: [GC [PSYoungGen: 40550K->2272K(39936K)] 61512K->23302K(78848K), 0.0009770 secs] [Times: user=0.00 sys=0.00, real=0.00 secs] 
235.565: Total time for which application threads were stopped: 0.0011360 seconds, Stopping threads took: 0.0000890 seconds
235.656: Application time: 0.0909850 seconds
235.656: [GC [PSYoungGen: 39332K->2816K(39424K)] 60362K->23918K(78336K), 0.0011490 secs] [Times: user=0.01 sys=0.00, real=0.00 secs] 
235.657: Total time for which application threads were stopped: 0.0012860 seconds, Stopping threads took: 0.0000640 seconds
235.749: Application time: 0.0916790 seconds
235.749: [GC [PSYoungGen: 38934K->1216K(37376K)] 60036K->22318K(76288K), 0.0006030 secs] [Times: user=0.00 sys=0.00, real=0.00 secs] 
235.749: Total time for which application threads were stopped: 0.0007240 seconds, Stopping threads took: 0.0000590 seconds
235.835: Application time: 0.0859330 seconds
235.835: [GC [PSYoungGen: 36807K->2816K(38912K)] 57910K->23958K(77824K), 0.0010450 secs] [Times: user=0.01 sys=0.00, real=0.00 secs] 
235.836: Total time for which application threads were stopped: 0.0011780 seconds, Stopping threads took: 0.0000620 seconds
235.926: Application time: 0.0893470 seconds
235.926: [GC [PSYoungGen: 37825K->1760K(36864K)] 58968K->22950K(75776K), 0.0007830 secs] [Times: user=0.01 sys=0.00, real=0.00 secs] 
235.927: Total time for which application threads were stopped: 0.0009110 seconds, Stopping threads took: 0.0000560 seconds
236.011: Application time: 0.0847380 seconds
236.012: [GC [PSYoungGen: 36406K->2304K(37888K)] 57596K->23494K(76800K), 0.0009510 secs] [Times: user=0.01 sys=0.00, real=0.00 secs] 
236.013: Total time for which application threads were stopped: 0.0010890 seconds, Stopping threads took: 0.0000650 seconds
236.097: Application time: 0.0840490 seconds
236.097: [GC [PSYoungGen: 36361K->1760K(35840K)] 57552K->23038K(74752K), 0.0008280 secs] [Times: user=0.01 sys=0.00, real=0.00 secs] 
236.098: Total time for which application threads were stopped: 0.0009610 seconds, Stopping threads took: 0.0000650 seconds
236.180: Application time: 0.0826040 seconds
236.180: [GC [PSYoungGen: 35377K->2304K(35840K)] 56656K->23622K(74752K), 0.0010380 secs] [Times: user=0.00 sys=0.00, real=0.00 secs] 
236.181: Total time for which application threads were stopped: 0.0012090 seconds, Stopping threads took: 0.0000980 seconds
236.264: Application time: 0.0827510 seconds
236.264: [GC [PSYoungGen: 35329K->2304K(35328K)] 56647K->23702K(74240K), 0.0009560 secs] [Times: user=0.01 sys=0.00, real=0.00 secs] 
236.265: Total time for which application threads were stopped: 0.0010950 seconds, Stopping threads took: 0.0000680 seconds
236.347: Application time: 0.0815660 seconds
236.347: [GC [PSYoungGen: 34741K->1792K(35328K)] 56140K->23238K(74240K), 0.0007550 secs] [Times: user=0.00 sys=0.00, real=0.00 secs] 
236.348: Total time for which application threads were stopped: 0.0008800 seconds, Stopping threads took: 0.0000600 seconds
236.426: Application time: 0.0784970 seconds
236.426: [GC [PSYoungGen: 33783K->2272K(34304K)] 55229K->23718K(73216K), 0.0009250 secs] [Times: user=0.00 sys=0.00, real=0.00 secs] 
236.427: Total time for which application threads were stopped: 0.0010550 seconds, Stopping threads took: 0.0000590 seconds
236.505: Application time: 0.0774400 seconds
236.505: [GC [PSYoungGen: 33751K->2304K(35328K)] 55197K->23798K(74240K), 0.0009130 secs] [Times: user=0.00 sys=0.01, real=0.00 secs] 
236.506: Total time for which application threads were stopped: 0.0010640 seconds, Stopping threads took: 0.0000740 seconds
236.583: Application time: 0.0773380 seconds
236.583: [GC [PSYoungGen: 33705K->2272K(35328K)] 55199K->23806K(74240K), 0.0009350 secs] [Times: user=0.01 sys=0.00, real=0.00 secs] 
236.584: Total time for which application threads were stopped: 0.0011610 seconds, Stopping threads took: 0.0001600 seconds
236.663: Application time: 0.0782860 seconds
236.663: [GC [PSYoungGen: 33829K->2304K(41984K)] 55363K->23838K(80896K), 0.0007690 secs] [Times: user=0.01 sys=0.00, real=0.00 secs] 
236.663: Total time for which application threads were stopped: 0.0009000 seconds, Stopping threads took: 0.0000600 seconds
236.758: Application time: 0.0947730 seconds
236.758: [GC [PSYoungGen: 40472K->2304K(39936K)] 62007K->23918K(78848K), 0.0008630 secs] [Times: user=0.00 sys=0.00, real=0.00 secs] 
236.759: Total time for which application threads were stopped: 0.0009980 seconds, Stopping threads took: 0.0000630 seconds
236.851: Application time: 0.0914960 seconds
236.851: [GC [PSYoungGen: 39520K->2320K(40448K)] 61135K->24494K(79360K), 0.0010710 secs] [Times: user=0.01 sys=0.00, real=0.00 secs] 
236.852: Total time for which application threads were stopped: 0.0012090 seconds, Stopping threads took: 0.0000650 seconds
236.947: Application time: 0.0950890 seconds
236.947: [GC [PSYoungGen: 39978K->1760K(38912K)] 62152K->24006K(77824K), 0.0007940 secs] [Times: user=0.00 sys=0.00, real=0.00 secs] 
236.948: Total time for which application threads were stopped: 0.0009150 seconds, Stopping threads took: 0.0000560 seconds
237.037: Application time: 0.0889800 seconds
237.037: [GC [PSYoungGen: 38310K->1248K(39424K)] 60556K->23542K(78336K), 0.0006030 secs] [Times: user=0.01 sys=0.00, real=0.00 secs] 
237.038: Total time for which application threads were stopped: 0.0007430 seconds, Stopping threads took: 0.0000710 seconds
237.129: Application time: 0.0912970 seconds
237.129: [GC [PSYoungGen: 37359K->1280K(37376K)] 59654K->23574K(76288K), 0.0005810 secs] [Times: user=0.00 sys=0.00, real=0.00 secs] 
237.130: Total time for which application threads were stopped: 0.0007220 seconds, Stopping threads took: 0.0000690 seconds
237.216: Application time: 0.0862810 seconds
237.216: [GC [PSYoungGen: 36874K->2304K(38400K)] 59168K->24646K(77312K), 0.0009500 secs] [Times: user=0.00 sys=0.00, real=0.00 secs] 
237.217: Total time for which application threads were stopped: 0.0011740 seconds, Stopping threads took: 0.0001550 seconds
237.305: Application time: 0.0876320 seconds
237.305: [GC [PSYoungGen: 37472K->768K(35840K)] 59815K->23150K(74752K), 0.0004750 secs] [Times: user=0.00 sys=0.00, real=0.00 secs] 
237.305: Total time for which application threads were stopped: 0.0006070 seconds, Stopping threads took: 0.0000730 seconds
237.390: Application time: 0.0841270 seconds
237.390: [GC [PSYoungGen: 35331K->2304K(37376K)] 57714K->24766K(76288K), 0.0009590 secs] [Times: user=0.00 sys=0.00, real=0.00 secs] 
237.391: Total time for which application threads were stopped: 0.0010920 seconds, Stopping threads took: 0.0000600 seconds
237.474: Application time: 0.0834540 seconds
237.474: [GC [PSYoungGen: 36359K->2304K(36352K)] 58822K->24814K(75264K), 0.0009420 secs] [Times: user=0.01 sys=0.00, real=0.00 secs] 
237.475: Total time for which application threads were stopped: 0.0010700 seconds, Stopping threads took: 0.0000590 seconds
237.559: Application time: 0.0840040 seconds
237.559: [GC [PSYoungGen: 35924K->2304K(36352K)] 58435K->24862K(75264K), 0.0009700 secs] [Times: user=0.00 sys=0.00, real=0.00 secs] 
237.560: Total time for which application threads were stopped: 0.0011200 seconds, Stopping threads took: 0.0000700 seconds
237.642: Application time: 0.0819000 seconds
237.642: [GC [PSYoungGen: 35253K->2304K(35328K)] 57812K->24943K(74240K), 0.0009500 secs] [Times: user=0.00 sys=0.00, real=0.00 secs] 
237.643: Total time for which application threads were stopped: 0.0010870 seconds, Stopping threads took: 0.0000690 seconds
237.724: Application time: 0.0808700 seconds
237.724: [GC [PSYoungGen: 34741K->1760K(35328K)] 57380K->24399K(74240K), 0.0008060 secs] [Times: user=0.00 sys=0.00, real=0.00 secs] 
237.725: Total time for which application threads were stopped: 0.0009330 seconds, Stopping threads took: 0.0000600 seconds
237.805: Application time: 0.0794650 seconds
237.805: [GC [PSYoungGen: 33837K->1248K(33280K)] 56476K->23887K(72192K), 0.0006350 secs] [Times: user=0.00 sys=0.00, real=0.00 secs] 
237.805: Total time for which application threads were stopped: 0.0007590 seconds, Stopping threads took: 0.0000600 seconds
237.881: Application time: 0.0760850 seconds
237.881: [GC [PSYoungGen: 32640K->2304K(34304K)] 55279K->25031K(73216K), 0.0009390 secs] [Times: user=0.01 sys=0.00, real=0.00 secs] 
237.882: Total time for which application threads were stopped: 0.0010990 seconds, Stopping threads took: 0.0000840 seconds
237.963: Application time: 0.0807100 seconds
237.963: [GC [PSYoungGen: 33275K->1248K(32256K)] 56002K->23975K(71168K), 0.0006020 secs] [Times: user=0.00 sys=0.00, real=0.00 secs] 
237.964: Total time for which application threads were stopped: 0.0007470 seconds, Stopping threads took: 0.0000800 seconds
238.037: Application time: 0.0729320 seconds
238.037: [GC [PSYoungGen: 31762K->2816K(34304K)] 54489K->25583K(73216K), 0.0011370 secs] [Times: user=0.01 sys=0.00, real=0.00 secs] 
238.038: Total time for which application threads were stopped: 0.0012790 seconds, Stopping threads took: 0.0000670 seconds
238.117: Application time: 0.0784730 seconds
238.117: [GC [PSYoungGen: 33279K->736K(31232K)] 56046K->23579K(70144K), 0.0006200 secs] [Times: user=0.00 sys=0.00, real=0.00 secs] 
238.117: Total time for which application threads were stopped: 0.0007560 seconds, Stopping threads took: 0.0000650 seconds
238.190: Application time: 0.0724930 seconds
238.190: [GC [PSYoungGen: 30740K->1264K(32768K)] 53584K->24155K(71680K), 0.0006080 secs] [Times: user=0.00 sys=0.00, real=0.00 secs] 
238.191: Total time for which application threads were stopped: 0.0007340 seconds, Stopping threads took: 0.0000650 seconds
238.263: Application time: 0.0728760 seconds
238.264: [GC [PSYoungGen: 30596K->1760K(31232K)] 53487K->24731K(70144K), 0.0008640 secs] [Times: user=0.01 sys=0.00, real=0.00 secs] 
238.265: Total time for which application threads were stopped: 0.0011290 seconds, Stopping threads took: 0.0002000 seconds
238.338: Application time: 0.0731320 seconds
238.338: [GC [PSYoungGen: 30584K->1216K(31744K)] 53555K->24187K(70656K), 0.0006300 secs] [Times: user=0.00 sys=0.00, real=0.00 secs] 
238.339: Total time for which application threads were stopped: 0.0008210 seconds, Stopping threads took: 0.0001230 seconds
238.407: Application time: 0.0687840 seconds
238.407: [GC [PSYoungGen: 29516K->2816K(32256K)] 52487K->25787K(71168K), 0.0010700 secs] [Times: user=0.01 sys=0.00, real=0.00 secs] 
238.409: Total time for which application threads were stopped: 0.0012160 seconds, Stopping threads took: 0.0000730 seconds
238.480: Application time: 0.0714550 seconds
238.480: [GC [PSYoungGen: 31278K->2832K(37888K)] 54250K->25803K(76800K), 0.0009460 secs] [Times: user=0.01 sys=0.00, real=0.00 secs] 
238.481: Total time for which application threads were stopped: 0.0010940 seconds, Stopping threads took: 0.0000750 seconds
238.569: Application time: 0.0882530 seconds
238.569: [GC [PSYoungGen: 36820K->224K(34304K)] 59791K->23291K(73216K), 0.0004030 secs] [Times: user=0.01 sys=0.00, real=0.00 secs] 
238.570: Total time for which application threads were stopped: 0.0005320 seconds, Stopping threads took: 0.0000710 seconds
238.653: Application time: 0.0827520 seconds
238.653: [GC [PSYoungGen: 33920K->768K(36864K)] 56987K->23835K(75776K), 0.0004910 secs] [Times: user=0.00 sys=0.00, real=0.00 secs] 
238.653: Total time for which application threads were stopped: 0.0007150 seconds, Stopping threads took: 0.0001580 seconds
238.736: Application time: 0.0826740 seconds
238.736: [GC [PSYoungGen: 33713K->1280K(34304K)] 56780K->24459K(73216K), 0.0006330 secs] [Times: user=0.00 sys=0.00, real=0.00 secs] 
238.737: Total time for which application threads were stopped: 0.0007700 seconds, Stopping threads took: 0.0000710 seconds
238.815: Application time: 0.0781480 seconds
238.815: [GC [PSYoungGen: 33783K->2304K(35840K)] 56962K->25483K(74752K), 0.0008670 secs] [Times: user=0.01 sys=0.00, real=0.00 secs] 
238.816: Total time for which application threads were stopped: 0.0010000 seconds, Stopping threads took: 0.0000640 seconds
238.894: Application time: 0.0782070 seconds
238.894: [GC [PSYoungGen: 34377K->2304K(34304K)] 57557K->25539K(73216K), 0.0009460 secs] [Times: user=0.01 sys=0.00, real=0.00 secs] 
238.895: Total time for which application threads were stopped: 0.0010920 seconds, Stopping threads took: 0.0000780 seconds
238.975: Application time: 0.0798770 seconds
238.975: [GC [PSYoungGen: 33713K->1184K(34816K)] 56948K->24487K(73728K), 0.0005420 secs] [Times: user=0.00 sys=0.00, real=0.00 secs] 
238.976: Total time for which application threads were stopped: 0.0006710 seconds, Stopping threads took: 0.0000670 seconds
239.053: Application time: 0.0766840 seconds
239.053: [GC [PSYoungGen: 32060K->2240K(33280K)] 55364K->25543K(72192K), 0.0009140 secs] [Times: user=0.00 sys=0.00, real=0.01 secs] 
239.054: Total time for which application threads were stopped: 0.0010670 seconds, Stopping threads took: 0.0000850 seconds
239.128: Application time: 0.0743020 seconds
239.128: [GC [PSYoungGen: 32773K->1248K(32768K)] 56077K->24551K(71680K), 0.0006500 secs] [Times: user=0.00 sys=0.00, real=0.00 secs] 
239.129: Total time for which application threads were stopped: 0.0008050 seconds, Stopping threads took: 0.0000930 seconds
239.201: Application time: 0.0727970 seconds
239.202: [GC [PSYoungGen: 31092K->2304K(32256K)] 54395K->25679K(71168K), 0.0009710 secs] [Times: user=0.01 sys=0.00, real=0.00 secs] 
239.203: Total time for which application threads were stopped: 0.0011900 seconds, Stopping threads took: 0.0001370 seconds
239.278: Application time: 0.0753690 seconds
239.278: [GC [PSYoungGen: 31805K->1280K(32256K)] 55181K->24655K(71168K), 0.0006010 secs] [Times: user=0.00 sys=0.00, real=0.00 secs] 
239.279: Total time for which application threads were stopped: 0.0007340 seconds, Stopping threads took: 0.0000600 seconds
239.349: Application time: 0.0701600 seconds
239.349: [GC [PSYoungGen: 30176K->1760K(30720K)] 53552K->25207K(69632K), 0.0008260 secs] [Times: user=0.00 sys=0.00, real=0.00 secs] 
239.350: Total time for which application threads were stopped: 0.0009580 seconds, Stopping threads took: 0.0000650 seconds
239.421: Application time: 0.0711900 seconds
239.421: [GC [PSYoungGen: 30066K->1728K(31232K)] 53513K->25231K(70144K), 0.0007550 secs] [Times: user=0.01 sys=0.00, real=0.01 secs] 
239.422: Total time for which application threads were stopped: 0.0008900 seconds, Stopping threads took: 0.0000670 seconds
239.491: Application time: 0.0685670 seconds
239.491: [GC [PSYoungGen: 29598K->1792K(29696K)] 53101K->25295K(68608K), 0.0008050 secs] [Times: user=0.00 sys=0.00, real=0.00 secs] 
239.492: Total time for which application threads were stopped: 0.0009490 seconds, Stopping threads took: 0.0000740 seconds
239.559: Application time: 0.0676830 seconds
239.559: [GC [PSYoungGen: 29230K->736K(29696K)] 52734K->24295K(68608K), 0.0005060 secs] [Times: user=0.00 sys=0.00, real=0.00 secs] 
239.560: Total time for which application threads were stopped: 0.0006230 seconds, Stopping threads took: 0.0000570 seconds
239.627: Application time: 0.0667440 seconds
239.627: [GC [PSYoungGen: 27495K->1792K(28672K)] 51055K->25447K(67584K), 0.0007750 secs] [Times: user=0.01 sys=0.00, real=0.00 secs] 
239.627: Total time for which application threads were stopped: 0.0009110 seconds, Stopping threads took: 0.0000680 seconds
239.690: Application time: 0.0627380 seconds
239.690: [GC [PSYoungGen: 28037K->2816K(29184K)] 51693K->26471K(68096K), 0.0010760 secs] [Times: user=0.01 sys=0.00, real=0.00 secs] 
239.691: Total time for which application threads were stopped: 0.0012250 seconds, Stopping threads took: 0.0000740 seconds
239.758: Application time: 0.0666870 seconds
239.758: [GC [PSYoungGen: 28558K->1248K(29696K)] 52213K->24903K(68608K), 0.0005680 secs] [Times: user=0.00 sys=0.00, real=0.00 secs] 
239.759: Total time for which application threads were stopped: 0.0007030 seconds, Stopping threads took: 0.0000610 seconds
239.821: Application time: 0.0620370 seconds
239.821: [GC [PSYoungGen: 27140K->1280K(27136K)] 50796K->24935K(66048K), 0.0005410 secs] [Times: user=0.00 sys=0.00, real=0.01 secs] 
239.822: Total time for which application threads were stopped: 0.0006780 seconds, Stopping threads took: 0.0000720 seconds
239.884: Application time: 0.0620860 seconds
239.884: [GC [PSYoungGen: 26499K->1792K(33280K)] 50155K->25527K(72192K), 0.0007280 secs] [Times: user=0.00 sys=0.00, real=0.00 secs] 
239.885: Total time for which application threads were stopped: 0.0008570 seconds, Stopping threads took: 0.0000630 seconds
239.959: Application time: 0.0742050 seconds
239.959: [GC [PSYoungGen: 31363K->1792K(31232K)] 55098K->25527K(70144K), 0.0006790 secs] [Times: user=0.00 sys=0.00, real=0.00 secs] 
239.960: Total time for which application threads were stopped: 0.0008110 seconds, Stopping threads took: 0.0000670 seconds
240.031: Application time: 0.0713580 seconds
240.031: [GC [PSYoungGen: 30612K->1760K(30720K)] 54348K->25619K(69632K), 0.0007920 secs] [Times: user=0.00 sys=0.00, real=0.00 secs] 
240.032: Total time for which application threads were stopped: 0.0009290 seconds, Stopping threads took: 0.0000680 seconds
240.101: Application time: 0.0695250 seconds
240.101: [GC [PSYoungGen: 30144K->1760K(30720K)] 54004K->25619K(69632K), 0.0007380 secs] [Times: user=0.00 sys=0.00, real=0.00 secs] 
240.102: Total time for which application threads were stopped: 0.0008850 seconds, Stopping threads took: 0.0000760 seconds
240.171: Application time: 0.0684350 seconds
240.171: [GC [PSYoungGen: 29628K->2304K(31232K)] 53488K->26204K(70144K), 0.0009320 secs] [Times: user=0.00 sys=0.00, real=0.00 secs] 
240.172: Total time for which application threads were stopped: 0.0010680 seconds, Stopping threads took: 0.0000680 seconds
240.242: Application time: 0.0706920 seconds
240.243: [GC [PSYoungGen: 30176K->1760K(29696K)] 54076K->25700K(68608K), 0.0006700 secs] [Times: user=0.00 sys=0.00, real=0.00 secs] 
240.243: Total time for which application threads were stopped: 0.0008280 seconds, Stopping threads took: 0.0000930 seconds
240.311: Application time: 0.0676610 seconds
240.311: [GC [PSYoungGen: 29040K->1248K(28672K)] 52980K->25244K(67584K), 0.0006490 secs] [Times: user=0.01 sys=0.00, real=0.00 secs] 
240.312: Total time for which application threads were stopped: 0.0007830 seconds, Stopping threads took: 0.0000640 seconds
240.376: Application time: 0.0647860 seconds
240.377: [GC [PSYoungGen: 28005K->2816K(34304K)] 52001K->26812K(73216K), 0.0009380 secs] [Times: user=0.00 sys=0.00, real=0.00 secs] 
240.378: Total time for which application threads were stopped: 0.0010950 seconds, Stopping threads took: 0.0000840 seconds
240.455: Application time: 0.0775960 seconds
240.455: [GC [PSYoungGen: 33865K->1792K(34304K)] 57861K->25788K(73216K), 0.0007450 secs] [Times: user=0.01 sys=0.00, real=0.00 secs] 
240.456: Total time for which application threads were stopped: 0.0008680 seconds, Stopping threads took: 0.0000590 seconds
240.533: Application time: 0.0767460 seconds
240.533: [GC [PSYoungGen: 32681K->1248K(32256K)] 56677K->25328K(71168K), 0.0006170 secs] [Times: user=0.00 sys=0.00, real=0.01 secs] 
240.534: Total time for which application threads were stopped: 0.0007420 seconds, Stopping threads took: 0.0000590 seconds
240.608: Application time: 0.0745900 seconds
240.608: [GC [PSYoungGen: 31764K->2288K(32768K)] 55845K->26368K(71680K), 0.0008420 secs] [Times: user=0.00 sys=0.00, real=0.00 secs] 
240.609: Total time for which application threads were stopped: 0.0009970 seconds, Stopping threads took: 0.0000860 seconds
240.683: Application time: 0.0739050 seconds
240.683: [GC [PSYoungGen: 32214K->2304K(32256K)] 56294K->26472K(71168K), 0.0007950 secs] [Times: user=0.00 sys=0.00, real=0.00 secs] 
240.684: Total time for which application threads were stopped: 0.0009490 seconds, Stopping threads took: 0.0000840 seconds
240.758: Application time: 0.0739580 seconds
240.758: [GC [PSYoungGen: 31729K->1248K(30720K)] 55897K->25464K(69632K), 0.0006540 secs] [Times: user=0.01 sys=0.00, real=0.00 secs] 
240.759: Total time for which application threads were stopped: 0.0007870 seconds, Stopping threads took: 0.0000710 seconds
240.830: Application time: 0.0712090 seconds
240.830: [GC [PSYoungGen: 30146K->1248K(30208K)] 54362K->25512K(69120K), 0.0006060 secs] [Times: user=0.00 sys=0.00, real=0.00 secs] 
240.831: Total time for which application threads were stopped: 0.0007580 seconds, Stopping threads took: 0.0000790 seconds
240.900: Application time: 0.0691050 seconds
240.900: [GC [PSYoungGen: 29628K->2304K(30720K)] 53892K->26616K(69632K), 0.0009670 secs] [Times: user=0.00 sys=0.00, real=0.00 secs] 
240.901: Total time for which application threads were stopped: 0.0011090 seconds, Stopping threads took: 0.0000720 seconds
240.970: Application time: 0.0687760 seconds
240.971: [GC [PSYoungGen: 30096K->2304K(33792K)] 54408K->26672K(72704K), 0.0010630 secs] [Times: user=0.01 sys=0.00, real=0.00 secs] 
240.972: Total time for which application threads were stopped: 0.0024090 seconds, Stopping threads took: 0.0012620 seconds
241.050: Application time: 0.0781370 seconds
241.050: [GC [PSYoungGen: 33201K->736K(31744K)] 57569K->25104K(70656K), 0.0004520 secs] [Times: user=0.01 sys=0.00, real=0.00 secs] 
241.051: Total time for which application threads were stopped: 0.0005760 seconds, Stopping threads took: 0.0000630 seconds
241.125: Application time: 0.0740690 seconds
241.125: [GC [PSYoungGen: 31252K->1792K(33280K)] 55621K->26160K(72192K), 0.0007460 secs] [Times: user=0.00 sys=0.00, real=0.00 secs] 
241.126: Total time for which application threads were stopped: 0.0008760 seconds, Stopping threads took: 0.0000600 seconds
241.199: Application time: 0.0736320 seconds
241.200: [GC [PSYoungGen: 31714K->2784K(33792K)] 56083K->27228K(72704K), 0.0011390 secs] [Times: user=0.01 sys=0.00, real=0.00 secs] 
241.201: Total time for which application threads were stopped: 0.0016620 seconds, Stopping threads took: 0.0000680 seconds
241.275: Application time: 0.0736070 seconds
241.275: [GC [PSYoungGen: 32715K->2816K(39936K)] 57159K->27308K(78848K), 0.0009330 secs] [Times: user=0.00 sys=0.00, real=0.00 secs] 
241.276: Total time for which application threads were stopped: 0.0011560 seconds, Stopping threads took: 0.0001500 seconds
241.366: Application time: 0.0903210 seconds
241.366: [GC [PSYoungGen: 38930K->2304K(39936K)] 63422K->26844K(78848K), 0.0008850 secs] [Times: user=0.00 sys=0.00, real=0.00 secs] 
241.367: Total time for which application threads were stopped: 0.0010320 seconds, Stopping threads took: 0.0000690 seconds
241.458: Application time: 0.0909300 seconds
241.458: [GC [PSYoungGen: 38420K->1280K(37376K)] 62960K->25868K(76288K), 0.0005580 secs] [Times: user=0.00 sys=0.00, real=0.00 secs] 
241.459: Total time for which application threads were stopped: 0.0006900 seconds, Stopping threads took: 0.0000660 seconds
241.545: Application time: 0.0862470 seconds
241.545: [GC [PSYoungGen: 36950K->2816K(38400K)] 61538K->27452K(77312K), 0.0010340 secs] [Times: user=0.00 sys=0.01, real=0.00 secs] 
241.546: Total time for which application threads were stopped: 0.0011850 seconds, Stopping threads took: 0.0000770 seconds
241.636: Application time: 0.0893680 seconds
241.636: [GC [PSYoungGen: 37828K->1280K(36352K)] 62464K->26004K(75264K), 0.0005940 secs] [Times: user=0.01 sys=0.00, real=0.00 secs] 
241.636: Total time for which application threads were stopped: 0.0007380 seconds, Stopping threads took: 0.0000750 seconds
241.719: Application time: 0.0830200 seconds
241.720: [GC [PSYoungGen: 35767K->2272K(36864K)] 60492K->26996K(75776K), 0.0008710 secs] [Times: user=0.00 sys=0.00, real=0.00 secs] 
241.720: Total time for which application threads were stopped: 0.0010120 seconds, Stopping threads took: 0.0000700 seconds
241.805: Application time: 0.0844730 seconds
241.805: [GC [PSYoungGen: 36404K->2832K(36864K)] 61128K->27556K(75776K), 0.0011350 secs] [Times: user=0.01 sys=0.00, real=0.00 secs] 
241.806: Total time for which application threads were stopped: 0.0012730 seconds, Stopping threads took: 0.0000630 seconds
241.891: Application time: 0.0851660 seconds
241.892: [GC [PSYoungGen: 36377K->1696K(35328K)] 61102K->26496K(74240K), 0.0009290 secs] [Times: user=0.00 sys=0.00, real=0.00 secs] 
241.892: Total time for which application threads were stopped: 0.0011540 seconds, Stopping threads took: 0.0001470 seconds
241.974: Application time: 0.0819270 seconds
241.975: [GC [PSYoungGen: 34797K->2304K(35328K)] 59598K->27152K(74240K), 0.0009480 secs] [Times: user=0.00 sys=0.00, real=0.00 secs] 
241.975: Total time for which application threads were stopped: 0.0010750 seconds, Stopping threads took: 0.0000580 seconds
242.056: Application time: 0.0800640 seconds
242.056: [GC [PSYoungGen: 34737K->2272K(37888K)] 59586K->27192K(76800K), 0.0009290 secs] [Times: user=0.01 sys=0.00, real=0.00 secs] 
242.057: Total time for which application threads were stopped: 0.0010590 seconds, Stopping threads took: 0.0000580 seconds
242.140: Application time: 0.0837920 seconds
242.141: [GC [PSYoungGen: 36329K->1792K(35840K)] 61250K->26712K(74752K), 0.0006560 secs] [Times: user=0.00 sys=0.00, real=0.00 secs] 
242.141: Total time for which application threads were stopped: 0.0008010 seconds, Stopping threads took: 0.0000780 seconds
242.223: Application time: 0.0821130 seconds
242.223: [GC [PSYoungGen: 35410K->2288K(35840K)] 60331K->27256K(74752K), 0.0009870 secs] [Times: user=0.00 sys=0.00, real=0.00 secs] 
242.224: Total time for which application threads were stopped: 0.0011530 seconds, Stopping threads took: 0.0000950 seconds
242.307: Application time: 0.0823180 seconds
242.307: [GC [PSYoungGen: 35237K->2272K(35328K)] 60206K->27320K(74240K), 0.0008600 secs] [Times: user=0.01 sys=0.00, real=0.00 secs] 
242.308: Total time for which application threads were stopped: 0.0009990 seconds, Stopping threads took: 0.0000660 seconds
242.388: Application time: 0.0800460 seconds
242.388: [GC [PSYoungGen: 34701K->2784K(39424K)] 59750K->27832K(78336K), 0.0011770 secs] [Times: user=0.00 sys=0.00, real=0.00 secs] 
242.389: Total time for which application threads were stopped: 0.0013370 seconds, Stopping threads took: 0.0000860 seconds
242.479: Application time: 0.0895300 seconds
242.479: [GC [PSYoungGen: 38462K->2304K(43008K)] 63511K->27352K(81920K), 0.0008350 secs] [Times: user=0.00 sys=0.00, real=0.00 secs] 
242.480: Total time for which application threads were stopped: 0.0009750 seconds, Stopping threads took: 0.0000580 seconds
242.577: Application time: 0.0969190 seconds
242.577: [GC [PSYoungGen: 41500K->1760K(40448K)] 66549K->26896K(79360K), 0.0007890 secs] [Times: user=0.00 sys=0.00, real=0.00 secs] 
242.578: Total time for which application threads were stopped: 0.0009820 seconds, Stopping threads took: 0.0001290 seconds
242.671: Application time: 0.0936670 seconds
242.671: [GC [PSYoungGen: 40006K->2304K(39936K)] 65143K->27496K(78848K), 0.0009480 secs] [Times: user=0.01 sys=0.00, real=0.00 secs] 
242.672: Total time for which application threads were stopped: 0.0010880 seconds, Stopping threads took: 0.0000700 seconds
242.765: Application time: 0.0931000 seconds
242.766: [GC [PSYoungGen: 39448K->1280K(37888K)] 64641K->26553K(76800K), 0.0006400 secs] [Times: user=0.01 sys=0.00, real=0.00 secs] 
242.766: Total time for which application threads were stopped: 0.0007650 seconds, Stopping threads took: 0.0000640 seconds
242.855: Application time: 0.0886000 seconds
242.855: [GC [PSYoungGen: 37392K->1248K(38912K)] 62665K->26569K(77824K), 0.0006330 secs] [Times: user=0.01 sys=0.00, real=0.00 secs] 
242.856: Total time for which application threads were stopped: 0.0008320 seconds, Stopping threads took: 0.0001370 seconds
242.944: Application time: 0.0880470 seconds
242.944: [GC [PSYoungGen: 36845K->1248K(36864K)] 62166K->26617K(75776K), 0.0006490 secs] [Times: user=0.00 sys=0.00, real=0.00 secs] 
242.944: Total time for which application threads were stopped: 0.0007710 seconds, Stopping threads took: 0.0000600 seconds
243.030: Application time: 0.0857290 seconds
243.030: [GC [PSYoungGen: 36249K->2272K(37888K)] 61618K->27697K(76800K), 0.0008940 secs] [Times: user=0.00 sys=0.00, real=0.00 secs] 
243.031: Total time for which application threads were stopped: 0.0010230 seconds, Stopping threads took: 0.0000500 seconds
243.118: Application time: 0.0870810 seconds
243.118: [GC [PSYoungGen: 36920K->2272K(36864K)] 62345K->27697K(75776K), 0.0009990 secs] [Times: user=0.00 sys=0.00, real=0.00 secs] 
243.119: Total time for which application threads were stopped: 0.0011340 seconds, Stopping threads took: 0.0000670 seconds
243.206: Application time: 0.0868010 seconds
243.206: [GC [PSYoungGen: 36331K->1280K(36864K)] 61756K->26793K(75776K), 0.0006650 secs] [Times: user=0.01 sys=0.00, real=0.00 secs] 
243.207: Total time for which application threads were stopped: 0.0007970 seconds, Stopping threads took: 0.0000640 seconds
243.289: Application time: 0.0816940 seconds
243.289: [GC [PSYoungGen: 34819K->1792K(35328K)] 60333K->27361K(74240K), 0.0007910 secs] [Times: user=0.00 sys=0.00, real=0.00 secs] 
243.290: Total time for which application threads were stopped: 0.0009310 seconds, Stopping threads took: 0.0000720 seconds
243.372: Application time: 0.0824960 seconds
243.372: [GC [PSYoungGen: 34821K->1216K(35840K)] 60390K->26825K(74752K), 0.0006380 secs] [Times: user=0.00 sys=0.00, real=0.00 secs] 
243.373: Total time for which application threads were stopped: 0.0007610 seconds, Stopping threads took: 0.0000580 seconds
243.453: Application time: 0.0798570 seconds
243.453: [GC [PSYoungGen: 33723K->1760K(34304K)] 59332K->27409K(73216K), 0.0008650 secs] [Times: user=0.00 sys=0.00, real=0.01 secs] 
243.454: Total time for which application threads were stopped: 0.0009930 seconds, Stopping threads took: 0.0000620 seconds
243.532: Application time: 0.0780900 seconds
243.532: [GC [PSYoungGen: 33753K->2272K(34816K)] 59402K->27961K(73728K), 0.0010010 secs] [Times: user=0.00 sys=0.00, real=0.00 secs] 
243.533: Total time for which application threads were stopped: 0.0011510 seconds, Stopping threads took: 0.0000620 seconds
243.612: Application time: 0.0788270 seconds
243.612: [GC [PSYoungGen: 33755K->1760K(33280K)] 59444K->27497K(72192K), 0.0008010 secs] [Times: user=0.00 sys=0.00, real=0.00 secs] 
243.613: Total time for which application threads were stopped: 0.0009430 seconds, Stopping threads took: 0.0000720 seconds
243.687: Application time: 0.0742290 seconds
243.687: [GC [PSYoungGen: 32632K->2816K(33792K)] 58369K->29105K(72704K), 0.0012880 secs] [Times: user=0.01 sys=0.00, real=0.00 secs] 
243.689: Total time for which application threads were stopped: 0.0014450 seconds, Stopping threads took: 0.0000800 seconds
243.767: Application time: 0.0783880 seconds
243.767: [GC [PSYoungGen: 33362K->768K(31232K)] 59651K->27057K(70144K), 0.0004740 secs] [Times: user=0.00 sys=0.00, real=0.00 secs] 
243.767: Total time for which application threads were stopped: 0.0005870 seconds, Stopping threads took: 0.0000530 seconds
243.839: Application time: 0.0719680 seconds
243.840: [GC [PSYoungGen: 30690K->1760K(32768K)] 56979K->28129K(71680K), 0.0007920 secs] [Times: user=0.00 sys=0.00, real=0.00 secs] 
243.840: Total time for which application threads were stopped: 0.0009260 seconds, Stopping threads took: 0.0000660 seconds
243.912: Application time: 0.0714560 seconds
243.912: [GC [PSYoungGen: 31096K->1760K(31232K)] 57465K->28177K(70144K), 0.0008080 secs] [Times: user=0.01 sys=0.00, real=0.00 secs] 
243.913: Total time for which application threads were stopped: 0.0009610 seconds, Stopping threads took: 0.0000860 seconds
243.988: Application time: 0.0750130 seconds
243.988: [GC [PSYoungGen: 30744K->768K(31744K)] 57162K->27185K(70656K), 0.0004570 secs] [Times: user=0.01 sys=0.00, real=0.00 secs] 
243.988: Total time for which application threads were stopped: 0.0005750 seconds, Stopping threads took: 0.0000550 seconds
244.057: Application time: 0.0686400 seconds
244.057: [GC [PSYoungGen: 29072K->1248K(29696K)] 55489K->27761K(68608K), 0.0006640 secs] [Times: user=0.00 sys=0.00, real=0.00 secs] 
244.058: Total time for which application threads were stopped: 0.0008210 seconds, Stopping threads took: 0.0000820 seconds
244.125: Application time: 0.0674210 seconds
244.125: [GC [PSYoungGen: 29116K->1792K(30208K)] 55630K->28305K(69120K), 0.0007720 secs] [Times: user=0.00 sys=0.00, real=0.00 secs] 
244.126: Total time for which application threads were stopped: 0.0009160 seconds, Stopping threads took: 0.0000740 seconds
244.192: Application time: 0.0660560 seconds
244.192: [GC [PSYoungGen: 29146K->2304K(30720K)] 55659K->28865K(69632K), 0.0009370 secs] [Times: user=0.01 sys=0.00, real=0.00 secs] 
244.193: Total time for which application threads were stopped: 0.0011360 seconds, Stopping threads took: 0.0001280 seconds
244.261: Application time: 0.0673200 seconds
244.261: [GC [PSYoungGen: 29658K->2304K(35840K)] 56219K->28913K(74752K), 0.0008170 secs] [Times: user=0.01 sys=0.00, real=0.01 secs] 
244.262: Total time for which application threads were stopped: 0.0010230 seconds, Stopping threads took: 0.0001350 seconds
244.344: Application time: 0.0820480 seconds
244.344: [GC [PSYoungGen: 34745K->1248K(33792K)] 61355K->27913K(72704K), 0.0005890 secs] [Times: user=0.01 sys=0.00, real=0.00 secs] 
244.345: Total time for which application threads were stopped: 0.0007190 seconds, Stopping threads took: 0.0000680 seconds
244.422: Application time: 0.0771120 seconds
244.422: [GC [PSYoungGen: 33305K->3360K(35840K)] 59970K->30025K(74752K), 0.0012550 secs] [Times: user=0.01 sys=0.00, real=0.00 secs] 
244.423: Total time for which application threads were stopped: 0.0014070 seconds, Stopping threads took: 0.0000730 seconds
244.504: Application time: 0.0807250 seconds
244.504: [GC [PSYoungGen: 35366K->1792K(35840K)] 62031K->28545K(74752K), 0.0007880 secs] [Times: user=0.01 sys=0.00, real=0.00 secs] 
244.505: Total time for which application threads were stopped: 0.0009160 seconds, Stopping threads took: 0.0000630 seconds
244.585: Application time: 0.0803870 seconds
244.585: [GC [PSYoungGen: 33717K->768K(32768K)] 60471K->27585K(71680K), 0.0005210 secs] [Times: user=0.00 sys=0.00, real=0.00 secs] 
244.586: Total time for which application threads were stopped: 0.0006550 seconds, Stopping threads took: 0.0000650 seconds
244.661: Application time: 0.0754820 seconds
244.661: [GC [PSYoungGen: 32313K->2304K(33792K)] 59130K->29121K(72704K), 0.0009450 secs] [Times: user=0.01 sys=0.00, real=0.01 secs] 
244.662: Total time for which application threads were stopped: 0.0010850 seconds, Stopping threads took: 0.0000690 seconds
244.740: Application time: 0.0775820 seconds
244.740: [GC [PSYoungGen: 33193K->1760K(32768K)] 60010K->28653K(71680K), 0.0006770 secs] [Times: user=0.00 sys=0.00, real=0.00 secs] 
244.741: Total time for which application threads were stopped: 0.0008570 seconds, Stopping threads took: 0.0001120 seconds
244.815: Application time: 0.0746340 seconds
244.815: [GC [PSYoungGen: 32207K->1792K(32256K)] 59100K->28685K(71168K), 0.0007030 secs] [Times: user=0.00 sys=0.00, real=0.00 secs] 
244.816: Total time for which application threads were stopped: 0.0008420 seconds, Stopping threads took: 0.0000710 seconds
244.892: Application time: 0.0758230 seconds
244.892: [GC [PSYoungGen: 31807K->1280K(31232K)] 58700K->28221K(70144K), 0.0006860 secs] [Times: user=0.00 sys=0.00, real=0.00 secs] 
244.893: Total time for which application threads were stopped: 0.0008260 seconds, Stopping threads took: 0.0000780 seconds
244.965: Application time: 0.0724870 seconds
244.965: [GC [PSYoungGen: 30612K->1696K(31232K)] 57554K->28709K(70144K), 0.0007920 secs] [Times: user=0.01 sys=0.00, real=0.00 secs] 
244.966: Total time for which application threads were stopped: 0.0009260 seconds, Stopping threads took: 0.0000630 seconds
245.037: Application time: 0.0709410 seconds
245.037: [GC [PSYoungGen: 30598K->1280K(30208K)] 57612K->28293K(69120K), 0.0006940 secs] [Times: user=0.00 sys=0.01, real=0.00 secs] 
245.038: Total time for which application threads were stopped: 0.0008260 seconds, Stopping threads took: 0.0000650 seconds
245.107: Application time: 0.0686270 seconds
245.107: [GC [PSYoungGen: 29736K->2272K(30720K)] 56750K->29333K(69632K), 0.0009790 secs] [Times: user=0.00 sys=0.00, real=0.00 secs] 
245.108: Total time for which application threads were stopped: 0.0011870 seconds, Stopping threads took: 0.0001300 seconds
245.179: Application time: 0.0708280 seconds
245.179: [GC [PSYoungGen: 30072K->1248K(29696K)] 57134K->28389K(68608K), 0.0006510 secs] [Times: user=0.00 sys=0.00, real=0.00 secs] 
245.179: Total time for which application threads were stopped: 0.0007830 seconds, Stopping threads took: 0.0000670 seconds
245.244: Application time: 0.0645810 seconds
245.244: [GC [PSYoungGen: 28517K->2816K(30720K)] 55659K->30470K(69632K), 0.0012720 secs] [Times: user=0.01 sys=0.00, real=0.00 secs] 
245.245: Total time for which application threads were stopped: 0.0014290 seconds, Stopping threads took: 0.0000780 seconds
245.316: Application time: 0.0706820 seconds
245.316: [GC [PSYoungGen: 30257K->1792K(36864K)] 57911K->29446K(75776K), 0.0006630 secs] [Times: user=0.01 sys=0.00, real=0.00 secs] 
245.317: Total time for which application threads were stopped: 0.0008120 seconds, Stopping threads took: 0.0000830 seconds
245.398: Application time: 0.0806730 seconds
245.398: [GC [PSYoungGen: 34741K->1760K(36864K)] 62395K->29494K(75776K), 0.0007740 secs] [Times: user=0.01 sys=0.00, real=0.00 secs] 
245.399: Total time for which application threads were stopped: 0.0009230 seconds, Stopping threads took: 0.0000760 seconds
245.481: Application time: 0.0823220 seconds
245.481: [GC [PSYoungGen: 34868K->1280K(34304K)] 62602K->29014K(73216K), 0.0005900 secs] [Times: user=0.00 sys=0.00, real=0.01 secs] 
245.482: Total time for which application threads were stopped: 0.0007130 seconds, Stopping threads took: 0.0000580 seconds
245.562: Application time: 0.0806650 seconds
245.562: [GC [PSYoungGen: 33797K->224K(32768K)] 61532K->28046K(71680K), 0.0004580 secs] [Times: user=0.00 sys=0.00, real=0.00 secs] 
245.563: Total time for which application threads were stopped: 0.0006930 seconds, Stopping threads took: 0.0001730 seconds
245.639: Application time: 0.0762040 seconds
245.639: [GC [PSYoungGen: 32120K->2784K(34816K)] 59942K->30646K(73728K), 0.0010040 secs] [Times: user=0.00 sys=0.00, real=0.00 secs] 
245.640: Total time for which application threads were stopped: 0.0011580 seconds, Stopping threads took: 0.0000690 seconds
245.721: Application time: 0.0809100 seconds
245.721: [GC [PSYoungGen: 34354K->1280K(32768K)] 62216K->29142K(71680K), 0.0006530 secs] [Times: user=0.00 sys=0.00, real=0.01 secs] 
245.722: Total time for which application threads were stopped: 0.0007860 seconds, Stopping threads took: 0.0000680 seconds
245.795: Application time: 0.0729180 seconds
245.795: [GC [PSYoungGen: 32226K->2816K(36864K)] 60088K->31266K(75776K), 0.0012370 secs] [Times: user=0.01 sys=0.00, real=0.00 secs] 
245.796: Total time for which application threads were stopped: 0.0013960 seconds, Stopping threads took: 0.0000800 seconds
245.880: Application time: 0.0835310 seconds
245.880: [GC [PSYoungGen: 36279K->3328K(37376K)] 64729K->31818K(76288K), 0.0012190 secs] [Times: user=0.01 sys=0.00, real=0.00 secs] 
245.881: Total time for which application threads were stopped: 0.0013670 seconds, Stopping threads took: 0.0000720 seconds
245.964: Application time: 0.0829460 seconds
245.964: [GC [PSYoungGen: 36946K->3872K(44544K)] 65436K->32362K(83456K), 0.0012790 secs] [Times: user=0.01 sys=0.00, real=0.00 secs] 
245.966: Total time for which application threads were stopped: 0.0014330 seconds, Stopping threads took: 0.0000760 seconds
246.067: Application time: 0.1011290 seconds
246.067: [GC [PSYoungGen: 44022K->2816K(45056K)] 72512K->31386K(83968K), 0.0009270 secs] [Times: user=0.00 sys=0.00, real=0.00 secs] 
246.068: Total time for which application threads were stopped: 0.0010740 seconds, Stopping threads took: 0.0000750 seconds
246.169: Application time: 0.1010020 seconds
246.169: [GC [PSYoungGen: 43123K->1792K(53248K)] 71693K->30362K(92160K), 0.0007170 secs] [Times: user=0.00 sys=0.00, real=0.00 secs] 
246.170: Total time for which application threads were stopped: 0.0008640 seconds, Stopping threads took: 0.0000700 seconds
246.289: Application time: 0.1197060 seconds
246.290: [GC [PSYoungGen: 50251K->2272K(50176K)] 78822K->30918K(89088K), 0.0008700 secs] [Times: user=0.01 sys=0.00, real=0.00 secs] 
246.291: Total time for which application threads were stopped: 0.0017270 seconds, Stopping threads took: 0.0000820 seconds
246.411: Application time: 0.1200750 seconds
246.411: [GC [PSYoungGen: 49783K->1792K(49152K)] 78430K->30486K(88064K), 0.0007410 secs] [Times: user=0.01 sys=0.00, real=0.00 secs] 
246.412: Total time for which application threads were stopped: 0.0008850 seconds, Stopping threads took: 0.0000790 seconds
246.527: Application time: 0.1151130 seconds
246.527: [GC [PSYoungGen: 48193K->1280K(47104K)] 76888K->30054K(86016K), 0.0006860 secs] [Times: user=0.00 sys=0.00, real=0.00 secs] 
246.528: Total time for which application threads were stopped: 0.0008510 seconds, Stopping threads took: 0.0000990 seconds
246.643: Application time: 0.1144180 seconds
246.643: [GC [PSYoungGen: 46731K->256K(47616K)] 75506K->29094K(86528K), 0.0004440 secs] [Times: user=0.00 sys=0.00, real=0.00 secs] 
246.643: Total time for which application threads were stopped: 0.0005690 seconds, Stopping threads took: 0.0000660 seconds
246.748: Application time: 0.1044670 seconds
246.748: [GC [PSYoungGen: 44504K->2720K(46592K)] 73343K->31638K(85504K), 0.0011240 secs] [Times: user=0.01 sys=0.00, real=0.00 secs] 
246.749: Total time for which application threads were stopped: 0.0013200 seconds, Stopping threads took: 0.0001110 seconds
246.861: Application time: 0.1117370 seconds
246.861: [GC [PSYoungGen: 46113K->1248K(45056K)] 75032K->30166K(83968K), 0.0006190 secs] [Times: user=0.01 sys=0.00, real=0.00 secs] 
246.861: Total time for which application threads were stopped: 0.0007490 seconds, Stopping threads took: 0.0000660 seconds
246.964: Application time: 0.1026990 seconds
246.964: [GC [PSYoungGen: 43603K->2304K(44032K)] 72521K->31302K(82944K), 0.0010260 secs] [Times: user=0.01 sys=0.00, real=0.00 secs] 
246.965: Total time for which application threads were stopped: 0.0011820 seconds, Stopping threads took: 0.0000870 seconds
247.067: Application time: 0.1022460 seconds
247.068: [GC [PSYoungGen: 43554K->2816K(44544K)] 72553K->31894K(83456K), 0.0010970 secs] [Times: user=0.00 sys=0.00, real=0.00 secs] 
247.069: Total time for which application threads were stopped: 0.0012410 seconds, Stopping threads took: 0.0000730 seconds
247.171: Application time: 0.1019550 seconds
247.171: [GC [PSYoungGen: 43044K->1792K(41472K)] 72123K->30926K(80384K), 0.0008620 secs] [Times: user=0.00 sys=0.00, real=0.00 secs] 
247.172: Total time for which application threads were stopped: 0.0009930 seconds, Stopping threads took: 0.0000620 seconds
247.266: Application time: 0.0946850 seconds
247.267: [GC [PSYoungGen: 40982K->3328K(42496K)] 70117K->32502K(81408K), 0.0012800 secs] [Times: user=0.01 sys=0.00, real=0.00 secs] 
247.268: Total time for which application threads were stopped: 0.0014440 seconds, Stopping threads took: 0.0000780 seconds
247.367: Application time: 0.0988360 seconds
247.367: [GC [PSYoungGen: 41506K->736K(38400K)] 70681K->29966K(77312K), 0.0005510 secs] [Times: user=0.00 sys=0.00, real=0.00 secs] 
247.367: Total time for which application threads were stopped: 0.0006880 seconds, Stopping threads took: 0.0000690 seconds
247.456: Application time: 0.0890380 seconds
247.457: [GC [PSYoungGen: 37868K->2816K(39936K)] 67099K->32094K(78848K), 0.0011250 secs] [Times: user=0.01 sys=0.00, real=0.00 secs] 
247.458: Total time for which application threads were stopped: 0.0012600 seconds, Stopping threads took: 0.0000630 seconds
247.549: Application time: 0.0915210 seconds
247.549: [GC [PSYoungGen: 38930K->2304K(38400K)] 68209K->31630K(77312K), 0.0009590 secs] [Times: user=0.01 sys=0.00, real=0.00 secs] 
247.550: Total time for which application threads were stopped: 0.0011340 seconds, Stopping threads took: 0.0001060 seconds
247.643: Application time: 0.0923110 seconds
247.643: [GC [PSYoungGen: 37986K->736K(39424K)] 67313K->30118K(78336K), 0.0005660 secs] [Times: user=0.00 sys=0.00, real=0.00 secs] 
247.643: Total time for which application threads were stopped: 0.0007180 seconds, Stopping threads took: 0.0000880 seconds
247.727: Application time: 0.0836670 seconds
247.727: [GC [PSYoungGen: 35735K->2272K(37376K)] 65118K->31743K(76288K), 0.0009980 secs] [Times: user=0.00 sys=0.00, real=0.00 secs] 
247.728: Total time for which application threads were stopped: 0.0011550 seconds, Stopping threads took: 0.0000860 seconds
247.815: Application time: 0.0866930 seconds
247.815: [GC [PSYoungGen: 36920K->2272K(37376K)] 66391K->31743K(76288K), 0.0010160 secs] [Times: user=0.00 sys=0.00, real=0.00 secs] 
247.816: Total time for which application threads were stopped: 0.0011610 seconds, Stopping threads took: 0.0000650 seconds
247.900: Application time: 0.0841650 seconds
247.900: [GC [PSYoungGen: 36327K->2304K(36352K)] 65798K->31855K(75264K), 0.0009700 secs] [Times: user=0.01 sys=0.00, real=0.00 secs] 
247.901: Total time for which application threads were stopped: 0.0010980 seconds, Stopping threads took: 0.0000580 seconds
247.986: Application time: 0.0851550 seconds
247.987: [GC [PSYoungGen: 35850K->1232K(36864K)] 65401K->30855K(75776K), 0.0006330 secs] [Times: user=0.00 sys=0.00, real=0.00 secs] 
247.987: Total time for which application threads were stopped: 0.0007660 seconds, Stopping threads took: 0.0000690 seconds
248.071: Application time: 0.0841610 seconds
248.072: [GC [PSYoungGen: 34181K->768K(33792K)] 63804K->30439K(72704K), 0.0004960 secs] [Times: user=0.00 sys=0.00, real=0.00 secs] 
248.072: Total time for which application threads were stopped: 0.0006580 seconds, Stopping threads took: 0.0001020 seconds
248.152: Application time: 0.0804000 seconds
248.153: [GC [PSYoungGen: 33358K->704K(35840K)] 63029K->30375K(74752K), 0.0004930 secs] [Times: user=0.00 sys=0.00, real=0.00 secs] 
248.153: Total time for which application threads were stopped: 0.0006240 seconds, Stopping threads took: 0.0000630 seconds
248.230: Application time: 0.0772630 seconds
248.230: [GC [PSYoungGen: 32695K->1248K(33280K)] 62366K->31007K(72192K), 0.0007120 secs] [Times: user=0.00 sys=0.00, real=0.00 secs] 
248.231: Total time for which application threads were stopped: 0.0008480 seconds, Stopping threads took: 0.0000690 seconds
248.306: Application time: 0.0744870 seconds
248.306: [GC [PSYoungGen: 32712K->3296K(35328K)] 62471K->33103K(74240K), 0.0013010 secs] [Times: user=0.01 sys=0.00, real=0.00 secs] 
248.307: Total time for which application threads were stopped: 0.0014420 seconds, Stopping threads took: 0.0000660 seconds
248.385: Application time: 0.0778280 seconds
248.385: [GC [PSYoungGen: 34183K->2784K(35840K)] 63990K->32639K(74752K), 0.0011530 secs] [Times: user=0.01 sys=0.00, real=0.00 secs] 
248.386: Total time for which application threads were stopped: 0.0013940 seconds, Stopping threads took: 0.0001590 seconds
248.464: Application time: 0.0776910 seconds
248.464: [GC [PSYoungGen: 33829K->1792K(41472K)] 63685K->31647K(80384K), 0.0006860 secs] [Times: user=0.01 sys=0.00, real=0.00 secs] 
248.465: Total time for which application threads were stopped: 0.0008890 seconds, Stopping threads took: 0.0001370 seconds
248.558: Application time: 0.0933310 seconds
248.558: [GC [PSYoungGen: 39370K->1760K(38912K)] 69225K->31703K(77824K), 0.0007680 secs] [Times: user=0.01 sys=0.00, real=0.00 secs] 
248.559: Total time for which application threads were stopped: 0.0009010 seconds, Stopping threads took: 0.0000640 seconds
248.650: Application time: 0.0904180 seconds
248.650: [GC [PSYoungGen: 38462K->2304K(39936K)] 68405K->32247K(78848K), 0.0008380 secs] [Times: user=0.01 sys=0.00, real=0.00 secs] 
248.651: Total time for which application threads were stopped: 0.0010020 seconds, Stopping threads took: 0.0000950 seconds
248.740: Application time: 0.0897600 seconds
248.741: [GC [PSYoungGen: 38340K->1152K(37376K)] 68283K->31167K(76288K), 0.0006280 secs] [Times: user=0.01 sys=0.00, real=0.00 secs] 
248.741: Total time for which application threads were stopped: 0.0008050 seconds, Stopping threads took: 0.0001090 seconds
248.829: Application time: 0.0873500 seconds
248.829: [GC [PSYoungGen: 36826K->2272K(38912K)] 66841K->32287K(77824K), 0.0010180 secs] [Times: user=0.01 sys=0.00, real=0.00 secs] 
248.830: Total time for which application threads were stopped: 0.0011680 seconds, Stopping threads took: 0.0000780 seconds
248.921: Application time: 0.0918040 seconds
248.923: [GC [PSYoungGen: 37438K->752K(35840K)] 67453K->30847K(74752K), 0.0006100 secs] [Times: user=0.00 sys=0.00, real=0.00 secs] 
248.924: Total time for which application threads were stopped: 0.0023820 seconds, Stopping threads took: 0.0016880 seconds
249.008: Application time: 0.0837740 seconds
249.008: [GC [PSYoungGen: 35233K->2816K(37888K)] 65328K->32987K(76800K), 0.0011550 secs] [Times: user=0.01 sys=0.00, real=0.00 secs] 
249.009: Total time for which application threads were stopped: 0.0013020 seconds, Stopping threads took: 0.0000720 seconds
249.095: Application time: 0.0861530 seconds
249.095: [GC [PSYoungGen: 36954K->1792K(35840K)] 67126K->31963K(74752K), 0.0007850 secs] [Times: user=0.00 sys=0.00, real=0.00 secs] 
249.096: Total time for which application threads were stopped: 0.0009230 seconds, Stopping threads took: 0.0000700 seconds
249.179: Application time: 0.0832310 seconds
249.179: [GC [PSYoungGen: 35255K->1760K(35840K)] 65427K->32019K(74752K), 0.0008680 secs] [Times: user=0.00 sys=0.00, real=0.00 secs] 
249.180: Total time for which application threads were stopped: 0.0011040 seconds, Stopping threads took: 0.0001700 seconds
249.260: Application time: 0.0799330 seconds
249.260: [GC [PSYoungGen: 34701K->2784K(36864K)] 64960K->33043K(75776K), 0.0011090 secs] [Times: user=0.01 sys=0.00, real=0.01 secs] 
249.262: Total time for which application threads were stopped: 0.0012420 seconds, Stopping threads took: 0.0000600 seconds
249.345: Application time: 0.0832450 seconds
249.345: [GC [PSYoungGen: 35894K->1728K(34816K)] 66153K->31987K(73728K), 0.0006960 secs] [Times: user=0.01 sys=0.00, real=0.00 secs] 
249.346: Total time for which application threads were stopped: 0.0008250 seconds, Stopping threads took: 0.0000620 seconds
249.426: Application time: 0.0805850 seconds
249.426: [GC [PSYoungGen: 34243K->1248K(33792K)] 64503K->31603K(72704K), 0.0007220 secs] [Times: user=0.00 sys=0.00, real=0.00 secs] 
249.427: Total time for which application threads were stopped: 0.0008500 seconds, Stopping threads took: 0.0000570 seconds
249.504: Application time: 0.0769900 seconds
249.504: [GC [PSYoungGen: 33304K->2848K(34816K)] 63660K->33251K(73728K), 0.0010020 secs] [Times: user=0.01 sys=0.00, real=0.00 secs] 
249.505: Total time for which application threads were stopped: 0.0012110 seconds, Stopping threads took: 0.0001350 seconds
249.585: Application time: 0.0793740 seconds
249.585: [GC [PSYoungGen: 34339K->1792K(33280K)] 64743K->32275K(72192K), 0.0008630 secs] [Times: user=0.01 sys=0.00, real=0.00 secs] 
249.586: Total time for which application threads were stopped: 0.0009960 seconds, Stopping threads took: 0.0000630 seconds
249.660: Application time: 0.0745800 seconds
249.660: [GC [PSYoungGen: 32668K->2784K(37376K)] 63152K->33315K(76288K), 0.0011320 secs] [Times: user=0.00 sys=0.00, real=0.01 secs] 
249.661: Total time for which application threads were stopped: 0.0012770 seconds, Stopping threads took: 0.0000710 seconds
249.745: Application time: 0.0837560 seconds
249.745: [GC [PSYoungGen: 36404K->2832K(37888K)] 66935K->33363K(76800K), 0.0011080 secs] [Times: user=0.01 sys=0.00, real=0.00 secs] 
249.746: Total time for which application threads were stopped: 0.0012430 seconds, Stopping threads took: 0.0000620 seconds
249.829: Application time: 0.0828200 seconds
249.829: [GC [PSYoungGen: 36295K->2304K(45056K)] 66827K->32915K(83968K), 0.0008090 secs] [Times: user=0.01 sys=0.00, real=0.00 secs] 
249.830: Total time for which application threads were stopped: 0.0010180 seconds, Stopping threads took: 0.0001420 seconds
249.931: Application time: 0.1005730 seconds
249.931: [GC [PSYoungGen: 42966K->2208K(42496K)] 73578K->32819K(81408K), 0.0008100 secs] [Times: user=0.00 sys=0.00, real=0.00 secs] 
249.932: Total time for which application threads were stopped: 0.0009530 seconds, Stopping threads took: 0.0000650 seconds
250.032: Application time: 0.1002490 seconds
250.032: [GC [PSYoungGen: 41998K->1760K(40960K)] 72610K->32371K(79872K), 0.0007630 secs] [Times: user=0.01 sys=0.00, real=0.00 secs] 
250.033: Total time for which application threads were stopped: 0.0009180 seconds, Stopping threads took: 0.0000830 seconds
250.127: Application time: 0.0942850 seconds
250.127: [GC [PSYoungGen: 40520K->1792K(39936K)] 71132K->32483K(78848K), 0.0008870 secs] [Times: user=0.00 sys=0.00, real=0.00 secs] 
250.128: Total time for which application threads were stopped: 0.0010160 seconds, Stopping threads took: 0.0000640 seconds
250.221: Application time: 0.0925900 seconds
250.221: [GC [PSYoungGen: 39444K->2304K(39424K)] 70136K->33071K(78336K), 0.0009850 secs] [Times: user=0.00 sys=0.01, real=0.01 secs] 
250.222: Total time for which application threads were stopped: 0.0011310 seconds, Stopping threads took: 0.0000740 seconds
250.314: Application time: 0.0919140 seconds
250.314: [GC [PSYoungGen: 38932K->1792K(38400K)] 69700K->32616K(77312K), 0.0007830 secs] [Times: user=0.00 sys=0.00, real=0.00 secs] 
250.315: Total time for which application threads were stopped: 0.0009180 seconds, Stopping threads took: 0.0000680 seconds
250.405: Application time: 0.0898300 seconds
250.405: [GC [PSYoungGen: 37982K->1760K(38912K)] 68806K->32624K(77824K), 0.0008370 secs] [Times: user=0.00 sys=0.00, real=0.00 secs] 
250.406: Total time for which application threads were stopped: 0.0009740 seconds, Stopping threads took: 0.0000700 seconds
250.495: Application time: 0.0888820 seconds
250.495: [GC [PSYoungGen: 37277K->1792K(37376K)] 68141K->32744K(76288K), 0.0007960 secs] [Times: user=0.01 sys=0.00, real=0.00 secs] 
250.496: Total time for which application threads were stopped: 0.0009380 seconds, Stopping threads took: 0.0000620 seconds
250.584: Application time: 0.0880250 seconds
250.584: [GC [PSYoungGen: 36799K->1280K(37888K)] 67751K->32232K(76800K), 0.0006050 secs] [Times: user=0.00 sys=0.00, real=0.00 secs] 
250.584: Total time for which application threads were stopped: 0.0007370 seconds, Stopping threads took: 0.0000710 seconds
250.668: Application time: 0.0837740 seconds
250.668: [GC [PSYoungGen: 35919K->2832K(37376K)] 66872K->33784K(76288K), 0.0011660 secs] [Times: user=0.00 sys=0.00, real=0.00 secs] 
250.669: Total time for which application threads were stopped: 0.0013040 seconds, Stopping threads took: 0.0000630 seconds
250.754: Application time: 0.0847790 seconds
250.754: [GC [PSYoungGen: 36886K->3328K(37376K)] 67838K->34356K(76288K), 0.0013100 secs] [Times: user=0.01 sys=0.00, real=0.00 secs] 
250.756: Total time for which application threads were stopped: 0.0014520 seconds, Stopping threads took: 0.0000670 seconds
250.841: Application time: 0.0858190 seconds
250.842: [GC [PSYoungGen: 36954K->1792K(37888K)] 67982K->32860K(76800K), 0.0007830 secs] [Times: user=0.01 sys=0.00, real=0.00 secs] 
250.842: Total time for which application threads were stopped: 0.0009260 seconds, Stopping threads took: 0.0000740 seconds
250.925: Application time: 0.0826170 seconds
250.925: [GC [PSYoungGen: 35332K->2304K(35840K)] 66400K->33460K(74752K), 0.0008330 secs] [Times: user=0.00 sys=0.00, real=0.00 secs] 
250.926: Total time for which application threads were stopped: 0.0009680 seconds, Stopping threads took: 0.0000650 seconds
251.008: Application time: 0.0823210 seconds
251.008: [GC [PSYoungGen: 35255K->1792K(34816K)] 66411K->32996K(73728K), 0.0008260 secs] [Times: user=0.01 sys=0.00, real=0.00 secs] 
251.009: Total time for which application threads were stopped: 0.0009720 seconds, Stopping threads took: 0.0000710 seconds
251.089: Application time: 0.0795560 seconds
251.089: [GC [PSYoungGen: 34377K->2304K(34816K)] 65582K->33508K(73728K), 0.0008530 secs] [Times: user=0.01 sys=0.01, real=0.00 secs] 
251.090: Total time for which application threads were stopped: 0.0010010 seconds, Stopping threads took: 0.0000770 seconds
251.170: Application time: 0.0797860 seconds
251.170: [GC [PSYoungGen: 34225K->1728K(33792K)] 65429K->32992K(72704K), 0.0008590 secs] [Times: user=0.01 sys=0.00, real=0.00 secs] 
251.171: Total time for which application threads were stopped: 0.0009820 seconds, Stopping threads took: 0.0000570 seconds
251.248: Application time: 0.0773220 seconds
251.248: [GC [PSYoungGen: 33124K->2272K(39424K)] 64389K->33536K(78336K), 0.0009240 secs] [Times: user=0.00 sys=0.00, real=0.00 secs] 
251.249: Total time for which application threads were stopped: 0.0010710 seconds, Stopping threads took: 0.0000760 seconds
251.339: Application time: 0.0899950 seconds
251.339: [GC [PSYoungGen: 38466K->1248K(37376K)] 69730K->32512K(76288K), 0.0006370 secs] [Times: user=0.01 sys=0.00, real=0.00 secs] 
251.341: Total time for which application threads were stopped: 0.0017700 seconds, Stopping threads took: 0.0000570 seconds
251.427: Application time: 0.0866260 seconds
251.427: [GC [PSYoungGen: 36840K->2816K(38400K)] 68104K->34156K(77312K), 0.0011740 secs] [Times: user=0.01 sys=0.00, real=0.00 secs] 
251.429: Total time for which application threads were stopped: 0.0013400 seconds, Stopping threads took: 0.0000910 seconds
251.517: Application time: 0.0881620 seconds
251.517: [GC [PSYoungGen: 37982K->1792K(36864K)] 69322K->33180K(75776K), 0.0008190 secs] [Times: user=0.01 sys=0.00, real=0.00 secs] 
251.518: Total time for which application threads were stopped: 0.0009600 seconds, Stopping threads took: 0.0000620 seconds
251.601: Application time: 0.0834690 seconds
251.601: [GC [PSYoungGen: 36358K->2784K(38400K)] 67746K->34244K(77312K), 0.0012030 secs] [Times: user=0.01 sys=0.00, real=0.01 secs] 
251.603: Total time for which application threads were stopped: 0.0013630 seconds, Stopping threads took: 0.0000880 seconds
251.690: Application time: 0.0873920 seconds
251.690: [GC [PSYoungGen: 37281K->1280K(35840K)] 68742K->32788K(74752K), 0.0006410 secs] [Times: user=0.01 sys=0.00, real=0.00 secs] 
251.691: Total time for which application threads were stopped: 0.0007660 seconds, Stopping threads took: 0.0000620 seconds
251.776: Application time: 0.0848160 seconds
251.776: [GC [PSYoungGen: 35410K->1792K(36864K)] 66918K->33300K(75776K), 0.0007910 secs] [Times: user=0.01 sys=0.00, real=0.00 secs] 
251.777: Total time for which application threads were stopped: 0.0009270 seconds, Stopping threads took: 0.0000670 seconds
251.858: Application time: 0.0817540 seconds
251.858: [GC [PSYoungGen: 35251K->2272K(35840K)] 66760K->33860K(74752K), 0.0009810 secs] [Times: user=0.00 sys=0.00, real=0.00 secs] 
251.859: Total time for which application threads were stopped: 0.0011360 seconds, Stopping threads took: 0.0000820 seconds
251.941: Application time: 0.0815340 seconds
251.941: [GC [PSYoungGen: 35302K->1792K(35840K)] 66890K->33380K(74752K), 0.0007930 secs] [Times: user=0.00 sys=0.00, real=0.01 secs] 
251.942: Total time for which application threads were stopped: 0.0009510 seconds, Stopping threads took: 0.0000890 seconds
252.024: Application time: 0.0815500 seconds
252.024: [GC [PSYoungGen: 34307K->1280K(33792K)] 65896K->32924K(72704K), 0.0006190 secs] [Times: user=0.01 sys=0.00, real=0.00 secs] 
252.024: Total time for which application threads were stopped: 0.0007620 seconds, Stopping threads took: 0.0000710 seconds
252.104: Application time: 0.0795680 seconds
252.104: [GC [PSYoungGen: 33357K->768K(34816K)] 65002K->32468K(73728K), 0.0005190 secs] [Times: user=0.01 sys=0.00, real=0.00 secs] 
252.104: Total time for which application threads were stopped: 0.0006370 seconds, Stopping threads took: 0.0000520 seconds
252.178: Application time: 0.0734890 seconds
252.178: [GC [PSYoungGen: 32232K->2816K(34304K)] 63933K->34600K(73216K), 0.0011620 secs] [Times: user=0.01 sys=0.00, real=0.00 secs] 
252.179: Total time for which application threads were stopped: 0.0013300 seconds, Stopping threads took: 0.0000920 seconds
252.260: Application time: 0.0803010 seconds
252.260: [GC [PSYoungGen: 33793K->736K(34304K)] 65578K->32576K(73216K), 0.0004950 secs] [Times: user=0.00 sys=0.00, real=0.00 secs] 
252.260: Total time for which application threads were stopped: 0.0006270 seconds, Stopping threads took: 0.0000730 seconds
252.335: Application time: 0.0750230 seconds
252.335: [GC [PSYoungGen: 31098K->1792K(32256K)] 62939K->33688K(71168K), 0.0008240 secs] [Times: user=0.00 sys=0.00, real=0.00 secs] 
252.336: Total time for which application threads were stopped: 0.0010480 seconds, Stopping threads took: 0.0001600 seconds
252.409: Application time: 0.0729020 seconds
252.409: [GC [PSYoungGen: 31720K->2304K(32768K)] 63617K->34200K(71680K), 0.0009820 secs] [Times: user=0.00 sys=0.01, real=0.00 secs] 
252.410: Total time for which application threads were stopped: 0.0011170 seconds, Stopping threads took: 0.0000650 seconds
252.483: Application time: 0.0731180 seconds
252.484: [GC [PSYoungGen: 31718K->2304K(33280K)] 63615K->34248K(72192K), 0.0009240 secs] [Times: user=0.00 sys=0.00, real=0.00 secs] 
252.485: Total time for which application threads were stopped: 0.0010610 seconds, Stopping threads took: 0.0000680 seconds
252.556: Application time: 0.0718860 seconds
252.557: [GC [PSYoungGen: 31636K->2784K(38912K)] 63581K->34768K(77824K), 0.0009710 secs] [Times: user=0.00 sys=0.00, real=0.00 secs] 
252.558: Total time for which application threads were stopped: 0.0011300 seconds, Stopping threads took: 0.0000740 seconds
252.647: Application time: 0.0893160 seconds
252.647: [GC [PSYoungGen: 37952K->1280K(36352K)] 69937K->33264K(75264K), 0.0006140 secs] [Times: user=0.00 sys=0.00, real=0.00 secs] 
252.648: Total time for which application threads were stopped: 0.0007350 seconds, Stopping threads took: 0.0000580 seconds
252.732: Application time: 0.0845950 seconds
252.732: [GC [PSYoungGen: 35846K->2304K(36864K)] 67830K->34373K(75776K), 0.0009580 secs] [Times: user=0.00 sys=0.00, real=0.00 secs] 
252.733: Total time for which application threads were stopped: 0.0010880 seconds, Stopping threads took: 0.0000610 seconds
252.819: Application time: 0.0858160 seconds
252.819: [GC [PSYoungGen: 36440K->1792K(35840K)] 68509K->33909K(74752K), 0.0008170 secs] [Times: user=0.00 sys=0.00, real=0.00 secs] 
252.820: Total time for which application threads were stopped: 0.0009420 seconds, Stopping threads took: 0.0000580 seconds
252.904: Application time: 0.0834670 seconds
252.904: [GC [PSYoungGen: 35253K->2304K(36352K)] 67370K->34509K(75264K), 0.0008980 secs] [Times: user=0.01 sys=0.00, real=0.00 secs] 
252.905: Total time for which application threads were stopped: 0.0010420 seconds, Stopping threads took: 0.0000710 seconds
252.986: Application time: 0.0813310 seconds
252.986: [GC [PSYoungGen: 35332K->2240K(36864K)] 67537K->34445K(75776K), 0.0009970 secs] [Times: user=0.01 sys=0.00, real=0.00 secs] 
252.987: Total time for which application threads were stopped: 0.0011340 seconds, Stopping threads took: 0.0000640 seconds
253.071: Application time: 0.0840260 seconds
253.071: [GC [PSYoungGen: 35265K->2288K(35328K)] 67470K->34541K(74240K), 0.0008440 secs] [Times: user=0.00 sys=0.00, real=0.00 secs] 
253.072: Total time for which application threads were stopped: 0.0010150 seconds, Stopping threads took: 0.0000900 seconds
253.153: Application time: 0.0804900 seconds
253.153: [GC [PSYoungGen: 34797K->1696K(34304K)] 67050K->33989K(73216K), 0.0009060 secs] [Times: user=0.00 sys=0.00, real=0.01 secs] 
253.154: Total time for which application threads were stopped: 0.0010770 seconds, Stopping threads took: 0.0000990 seconds
253.232: Application time: 0.0784000 seconds
253.232: [GC [PSYoungGen: 33613K->2272K(34304K)] 65906K->34613K(73216K), 0.0008180 secs] [Times: user=0.00 sys=0.00, real=0.00 secs] 
253.233: Total time for which application threads were stopped: 0.0010070 seconds, Stopping threads took: 0.0001210 seconds
253.311: Application time: 0.0782870 seconds
253.311: [GC [PSYoungGen: 33829K->2304K(39936K)] 66170K->34645K(78848K), 0.0009050 secs] [Times: user=0.00 sys=0.00, real=0.00 secs] 
253.312: Total time for which application threads were stopped: 0.0010460 seconds, Stopping threads took: 0.0000710 seconds
253.402: Application time: 0.0900430 seconds
253.403: [GC [PSYoungGen: 38494K->2304K(38400K)] 70835K->34733K(77312K), 0.0009000 secs] [Times: user=0.01 sys=0.00, real=0.00 secs] 
253.403: Total time for which application threads were stopped: 0.0010300 seconds, Stopping threads took: 0.0000580 seconds
253.493: Application time: 0.0898130 seconds
253.493: [GC [PSYoungGen: 37906K->1280K(36864K)] 70335K->33797K(75776K), 0.0006950 secs] [Times: user=0.00 sys=0.00, real=0.01 secs] 
253.494: Total time for which application threads were stopped: 0.0008270 seconds, Stopping threads took: 0.0000650 seconds
253.581: Application time: 0.0864550 seconds
253.581: [GC [PSYoungGen: 36279K->2816K(37888K)] 68796K->35381K(76800K), 0.0011100 secs] [Times: user=0.01 sys=0.00, real=0.01 secs] 
253.582: Total time for which application threads were stopped: 0.0012740 seconds, Stopping threads took: 0.0000800 seconds
253.668: Application time: 0.0862960 seconds
253.668: [GC [PSYoungGen: 37385K->2816K(38400K)] 69951K->35381K(77312K), 0.0011210 secs] [Times: user=0.00 sys=0.00, real=0.00 secs] 
253.669: Total time for which application threads were stopped: 0.0012710 seconds, Stopping threads took: 0.0000770 seconds
253.758: Application time: 0.0890450 seconds
253.759: [GC [PSYoungGen: 37394K->768K(35328K)] 69959K->33381K(74240K), 0.0005280 secs] [Times: user=0.01 sys=0.00, real=0.00 secs] 
253.759: Total time for which application threads were stopped: 0.0006530 seconds, Stopping threads took: 0.0000620 seconds
253.842: Application time: 0.0825540 seconds
253.842: [GC [PSYoungGen: 34819K->1792K(37888K)] 67432K->34453K(76800K), 0.0007780 secs] [Times: user=0.00 sys=0.00, real=0.00 secs] 
253.843: Total time for which application threads were stopped: 0.0009170 seconds, Stopping threads took: 0.0000750 seconds
253.925: Application time: 0.0819430 seconds
253.925: [GC [PSYoungGen: 35327K->2784K(36352K)] 67988K->35485K(75264K), 0.0010080 secs] [Times: user=0.00 sys=0.00, real=0.00 secs] 
253.926: Total time for which application threads were stopped: 0.0011570 seconds, Stopping threads took: 0.0000750 seconds
254.008: Application time: 0.0827360 seconds
254.009: [GC [PSYoungGen: 35811K->2816K(41472K)] 68513K->35557K(80384K), 0.0011280 secs] [Times: user=0.01 sys=0.00, real=0.00 secs] 
254.010: Total time for which application threads were stopped: 0.0012810 seconds, Stopping threads took: 0.0000780 seconds
254.101: Application time: 0.0918020 seconds
254.102: [GC [PSYoungGen: 40034K->2832K(44032K)] 72775K->35613K(82944K), 0.0010410 secs] [Times: user=0.01 sys=0.00, real=0.00 secs] 
254.103: Total time for which application threads were stopped: 0.0011890 seconds, Stopping threads took: 0.0000640 seconds
254.204: Application time: 0.1008900 seconds
254.204: [GC [PSYoungGen: 42544K->1792K(40960K)] 75326K->34661K(79872K), 0.0007930 secs] [Times: user=0.00 sys=0.00, real=0.00 secs] 
254.205: Total time for which application threads were stopped: 0.0010140 seconds, Stopping threads took: 0.0001520 seconds
254.300: Application time: 0.0953810 seconds
254.300: [GC [PSYoungGen: 40476K->1792K(40960K)] 73346K->34717K(79872K), 0.0007930 secs] [Times: user=0.01 sys=0.00, real=0.00 secs] 
254.301: Total time for which application threads were stopped: 0.0009580 seconds, Stopping threads took: 0.0000940 seconds
254.392: Application time: 0.0908640 seconds
254.392: [GC [PSYoungGen: 39438K->3840K(41984K)] 72363K->36805K(80896K), 0.0015350 secs] [Times: user=0.01 sys=0.00, real=0.01 secs] 
254.394: Total time for which application threads were stopped: 0.0016900 seconds, Stopping threads took: 0.0000750 seconds
254.491: Application time: 0.0977170 seconds
254.491: [GC [PSYoungGen: 41504K->1248K(38400K)] 74470K->34269K(77312K), 0.0005810 secs] [Times: user=0.00 sys=0.00, real=0.00 secs] 
254.492: Total time for which application threads were stopped: 0.0007100 seconds, Stopping threads took: 0.0000660 seconds
254.582: Application time: 0.0902440 seconds
254.582: [GC [PSYoungGen: 37874K->1216K(37888K)] 70895K->34293K(76800K), 0.0006490 secs] [Times: user=0.00 sys=0.00, real=0.00 secs] 
254.583: Total time for which application threads were stopped: 0.0007720 seconds, Stopping threads took: 0.0000580 seconds
254.669: Application time: 0.0859110 seconds
254.669: [GC [PSYoungGen: 37321K->2752K(38912K)] 70399K->35869K(77824K), 0.0010600 secs] [Times: user=0.00 sys=0.01, real=0.00 secs] 
254.670: Total time for which application threads were stopped: 0.0012410 seconds, Stopping threads took: 0.0001020 seconds
254.761: Application time: 0.0904510 seconds
254.761: [GC [PSYoungGen: 38432K->1792K(37376K)] 71549K->34957K(76288K), 0.0008920 secs] [Times: user=0.00 sys=0.00, real=0.01 secs] 
254.762: Total time for which application threads were stopped: 0.0010250 seconds, Stopping threads took: 0.0000630 seconds
254.848: Application time: 0.0859180 seconds
254.848: [GC [PSYoungGen: 36871K->2784K(37888K)] 70037K->36025K(76800K), 0.0011700 secs] [Times: user=0.00 sys=0.00, real=0.00 secs] 
254.849: Total time for which application threads were stopped: 0.0013310 seconds, Stopping threads took: 0.0000880 seconds
254.937: Application time: 0.0882950 seconds
254.937: [GC [PSYoungGen: 37358K->1792K(36352K)] 70599K->35081K(75264K), 0.0008720 secs] [Times: user=0.00 sys=0.00, real=0.00 secs] 
254.938: Total time for which application threads were stopped: 0.0010070 seconds, Stopping threads took: 0.0000710 seconds
255.022: Application time: 0.0837200 seconds
255.022: [GC [PSYoungGen: 35769K->1728K(36352K)] 69059K->35065K(75264K), 0.0007880 secs] [Times: user=0.00 sys=0.00, real=0.00 secs] 
255.023: Total time for which application threads were stopped: 0.0009260 seconds, Stopping threads took: 0.0000700 seconds
255.106: Application time: 0.0829980 seconds
255.106: [GC [PSYoungGen: 35265K->2272K(35840K)] 68603K->35609K(74752K), 0.0009580 secs] [Times: user=0.01 sys=0.00, real=0.00 secs] 
255.107: Total time for which application threads were stopped: 0.0011040 seconds, Stopping threads took: 0.0000750 seconds
255.188: Application time: 0.0815170 seconds
255.189: [GC [PSYoungGen: 35377K->2272K(37376K)] 68715K->35657K(76288K), 0.0009910 secs] [Times: user=0.01 sys=0.00, real=0.00 secs] 
255.190: Total time for which application threads were stopped: 0.0011380 seconds, Stopping threads took: 0.0000640 seconds
255.270: Application time: 0.0806700 seconds
255.270: [GC [PSYoungGen: 35217K->2304K(37376K)] 68603K->35761K(76288K), 0.0009430 secs] [Times: user=0.01 sys=0.00, real=0.00 secs] 
255.271: Total time for which application threads were stopped: 0.0011200 seconds, Stopping threads took: 0.0001100 seconds
255.354: Application time: 0.0823770 seconds
255.354: [GC [PSYoungGen: 35327K->3328K(43008K)] 68785K->36786K(81920K), 0.0011050 secs] [Times: user=0.00 sys=0.00, real=0.00 secs] 
255.355: Total time for which application threads were stopped: 0.0012610 seconds, Stopping threads took: 0.0000810 seconds
255.453: Application time: 0.0984890 seconds
255.454: [GC [PSYoungGen: 42608K->1792K(43520K)] 76066K->35298K(82432K), 0.0007950 secs] [Times: user=0.01 sys=0.00, real=0.00 secs] 
255.454: Total time for which application threads were stopped: 0.0009240 seconds, Stopping threads took: 0.0000610 seconds
255.552: Application time: 0.0976860 seconds
255.552: [GC [PSYoungGen: 40988K->1792K(40448K)] 74494K->35382K(79360K), 0.0006850 secs] [Times: user=0.00 sys=0.00, real=0.00 secs] 
255.553: Total time for which application threads were stopped: 0.0008180 seconds, Stopping threads took: 0.0000690 seconds
255.647: Application time: 0.0944140 seconds
255.647: [GC [PSYoungGen: 39960K->1760K(39424K)] 73550K->35390K(78336K), 0.0008030 secs] [Times: user=0.00 sys=0.00, real=0.00 secs] 
255.648: Total time for which application threads were stopped: 0.0009420 seconds, Stopping threads took: 0.0000710 seconds
255.740: Application time: 0.0918270 seconds
255.740: [GC [PSYoungGen: 38898K->2304K(38912K)] 72528K->35974K(77824K), 0.0008220 secs] [Times: user=0.01 sys=0.00, real=0.00 secs] 
255.741: Total time for which application threads were stopped: 0.0009590 seconds, Stopping threads took: 0.0000560 seconds
255.832: Application time: 0.0904830 seconds
255.832: [GC [PSYoungGen: 38422K->768K(36864K)] 72092K->34510K(75776K), 0.0005260 secs] [Times: user=0.00 sys=0.00, real=0.00 secs] 
255.832: Total time for which application threads were stopped: 0.0007240 seconds, Stopping threads took: 0.0001400 seconds
255.917: Application time: 0.0850930 seconds
255.917: [GC [PSYoungGen: 36355K->3328K(38912K)] 70097K->37102K(77824K), 0.0013070 secs] [Times: user=0.01 sys=0.00, real=0.00 secs] 
255.919: Total time for which application threads were stopped: 0.0014600 seconds, Stopping threads took: 0.0000740 seconds
256.009: Application time: 0.0904920 seconds
256.009: [GC [PSYoungGen: 38498K->1280K(36352K)] 72272K->35094K(75264K), 0.0007480 secs] [Times: user=0.00 sys=0.00, real=0.00 secs] 
256.010: Total time for which application threads were stopped: 0.0008800 seconds, Stopping threads took: 0.0000670 seconds
256.093: Application time: 0.0831600 seconds
256.093: [GC [PSYoungGen: 35843K->2784K(37376K)] 69657K->36674K(76288K), 0.0011180 secs] [Times: user=0.00 sys=0.00, real=0.00 secs] 
256.095: Total time for which application threads were stopped: 0.0012650 seconds, Stopping threads took: 0.0000680 seconds
256.179: Application time: 0.0848370 seconds
256.180: [GC [PSYoungGen: 36839K->2784K(40448K)] 70730K->36714K(79360K), 0.0011980 secs] [Times: user=0.01 sys=0.00, real=0.00 secs] 
256.181: Total time for which application threads were stopped: 0.0013420 seconds, Stopping threads took: 0.0000680 seconds
256.271: Application time: 0.0896980 seconds
256.271: [GC [PSYoungGen: 38898K->2304K(45568K)] 72828K->36282K(84480K), 0.0008200 secs] [Times: user=0.00 sys=0.00, real=0.00 secs] 
256.271: Total time for which application threads were stopped: 0.0009650 seconds, Stopping threads took: 0.0000630 seconds
256.375: Application time: 0.1038560 seconds
256.375: [GC [PSYoungGen: 43480K->1792K(42496K)] 77458K->35818K(81408K), 0.0008200 secs] [Times: user=0.01 sys=0.00, real=0.00 secs] 
256.376: Total time for which application threads were stopped: 0.0009520 seconds, Stopping threads took: 0.0000660 seconds
256.476: Application time: 0.0995220 seconds
256.476: [GC [PSYoungGen: 42092K->2304K(42496K)] 76119K->36330K(81408K), 0.0008980 secs] [Times: user=0.01 sys=0.00, real=0.00 secs] 
256.477: Total time for which application threads were stopped: 0.0010420 seconds, Stopping threads took: 0.0000730 seconds
256.574: Application time: 0.0972500 seconds
256.574: [GC [PSYoungGen: 41504K->1280K(39936K)] 75530K->35402K(78848K), 0.0006630 secs] [Times: user=0.00 sys=0.00, real=0.00 secs] 
256.575: Total time for which application threads were stopped: 0.0008660 seconds, Stopping threads took: 0.0001410 seconds
256.669: Application time: 0.0935740 seconds
256.669: [GC [PSYoungGen: 39522K->2304K(40448K)] 73645K->36466K(79360K), 0.0010050 secs] [Times: user=0.00 sys=0.00, real=0.00 secs] 
256.670: Total time for which application threads were stopped: 0.0011690 seconds, Stopping threads took: 0.0000920 seconds
256.763: Application time: 0.0929500 seconds
256.763: [GC [PSYoungGen: 39444K->2304K(38912K)] 73606K->36538K(77824K), 0.0010440 secs] [Times: user=0.01 sys=0.00, real=0.00 secs] 
256.764: Total time for which application threads were stopped: 0.0011780 seconds, Stopping threads took: 0.0000620 seconds
256.854: Application time: 0.0900750 seconds
256.854: [GC [PSYoungGen: 38416K->2304K(38912K)] 72650K->36586K(77824K), 0.0009570 secs] [Times: user=0.01 sys=0.00, real=0.00 secs] 
256.855: Total time for which application threads were stopped: 0.0011080 seconds, Stopping threads took: 0.0000730 seconds
256.943: Application time: 0.0875400 seconds
256.943: [GC [PSYoungGen: 37900K->2784K(38400K)] 72182K->37114K(77312K), 0.0011380 secs] [Times: user=0.01 sys=0.00, real=0.00 secs] 
256.944: Total time for which application threads were stopped: 0.0012800 seconds, Stopping threads took: 0.0000700 seconds
257.033: Application time: 0.0891480 seconds
257.033: [GC [PSYoungGen: 37793K->1728K(37888K)] 72124K->36114K(76800K), 0.0008370 secs] [Times: user=0.01 sys=0.00, real=0.01 secs] 
257.034: Total time for which application threads were stopped: 0.0009710 seconds, Stopping threads took: 0.0000650 seconds
257.119: Application time: 0.0850080 seconds
257.119: [GC [PSYoungGen: 36297K->1760K(36352K)] 70684K->36146K(75264K), 0.0007950 secs] [Times: user=0.01 sys=0.00, real=0.00 secs] 
257.120: Total time for which application threads were stopped: 0.0009290 seconds, Stopping threads took: 0.0000690 seconds
257.205: Application time: 0.0847980 seconds
257.205: [GC [PSYoungGen: 35894K->1824K(36864K)] 70281K->36250K(75776K), 0.0008240 secs] [Times: user=0.00 sys=0.01, real=0.00 secs] 
257.206: Total time for which application threads were stopped: 0.0009610 seconds, Stopping threads took: 0.0000680 seconds
257.290: Application time: 0.0839420 seconds
257.290: [GC [PSYoungGen: 35448K->768K(34304K)] 69875K->35282K(73216K), 0.0005540 secs] [Times: user=0.00 sys=0.00, real=0.00 secs] 
257.290: Total time for which application threads were stopped: 0.0007200 seconds, Stopping threads took: 0.0001050 seconds
257.372: Application time: 0.0815280 seconds
257.372: [GC [PSYoungGen: 33791K->1248K(35840K)] 68306K->35866K(74752K), 0.0006470 secs] [Times: user=0.01 sys=0.00, real=0.00 secs] 
257.373: Total time for which application threads were stopped: 0.0007820 seconds, Stopping threads took: 0.0000630 seconds
257.451: Application time: 0.0783600 seconds
257.451: [GC [PSYoungGen: 33668K->2816K(35840K)] 68287K->37482K(74752K), 0.0010860 secs] [Times: user=0.01 sys=0.00, real=0.00 secs] 
257.452: Total time for which application threads were stopped: 0.0012190 seconds, Stopping threads took: 0.0000600 seconds
257.532: Application time: 0.0795280 seconds
257.532: [GC [PSYoungGen: 34817K->1792K(34304K)] 69484K->36458K(73216K), 0.0008030 secs] [Times: user=0.00 sys=0.00, real=0.00 secs] 
257.533: Total time for which application threads were stopped: 0.0009330 seconds, Stopping threads took: 0.0000630 seconds
257.615: Application time: 0.0821910 seconds
257.615: [GC [PSYoungGen: 33283K->256K(34816K)] 67950K->34978K(73728K), 0.0004140 secs] [Times: user=0.00 sys=0.00, real=0.00 secs] 
257.615: Total time for which application threads were stopped: 0.0005320 seconds, Stopping threads took: 0.0000620 seconds
257.691: Application time: 0.0758950 seconds
257.691: [GC [PSYoungGen: 31128K->1696K(33280K)] 65851K->36458K(72192K), 0.0008290 secs] [Times: user=0.01 sys=0.00, real=0.00 secs] 
257.692: Total time for which application threads were stopped: 0.0009650 seconds, Stopping threads took: 0.0000680 seconds
257.767: Application time: 0.0748030 seconds
257.767: [GC [PSYoungGen: 32138K->2304K(32768K)] 66901K->37066K(71680K), 0.0009500 secs] [Times: user=0.01 sys=0.00, real=0.00 secs] 
257.768: Total time for which application threads were stopped: 0.0010940 seconds, Stopping threads took: 0.0000710 seconds
257.842: Application time: 0.0739020 seconds
257.842: [GC [PSYoungGen: 32236K->2304K(32768K)] 66999K->37114K(71680K), 0.0009760 secs] [Times: user=0.00 sys=0.00, real=0.00 secs] 
257.843: Total time for which application threads were stopped: 0.0011150 seconds, Stopping threads took: 0.0000670 seconds
257.917: Application time: 0.0735430 seconds
257.917: [GC [PSYoungGen: 31793K->2816K(33280K)] 66603K->37675K(72192K), 0.0011420 secs] [Times: user=0.01 sys=0.00, real=0.00 secs] 
257.918: Total time for which application threads were stopped: 0.0012950 seconds, Stopping threads took: 0.0000690 seconds
257.991: Application time: 0.0730530 seconds
257.991: [GC [PSYoungGen: 32243K->1280K(39936K)] 67102K->36219K(78848K), 0.0005460 secs] [Times: user=0.00 sys=0.00, real=0.00 secs] 
257.992: Total time for which application threads were stopped: 0.0007620 seconds, Stopping threads took: 0.0001540 seconds
258.080: Application time: 0.0878790 seconds
258.080: [GC [PSYoungGen: 36873K->2272K(39936K)] 71812K->37259K(78848K), 0.0009130 secs] [Times: user=0.01 sys=0.00, real=0.00 secs] 
258.081: Total time for which application threads were stopped: 0.0010520 seconds, Stopping threads took: 0.0000660 seconds
258.169: Application time: 0.0884880 seconds
258.169: [GC [PSYoungGen: 37872K->1792K(37376K)] 72859K->36827K(76288K), 0.0007070 secs] [Times: user=0.00 sys=0.00, real=0.00 secs] 
258.170: Total time for which application threads were stopped: 0.0008460 seconds, Stopping threads took: 0.0000690 seconds
258.257: Application time: 0.0868570 seconds
258.257: [GC [PSYoungGen: 36797K->1792K(36864K)] 71832K->36883K(75776K), 0.0007290 secs] [Times: user=0.00 sys=0.00, real=0.00 secs] 
258.258: Total time for which application threads were stopped: 0.0008880 seconds, Stopping threads took: 0.0000900 seconds
258.342: Application time: 0.0844360 seconds
258.343: [GC [PSYoungGen: 36360K->2304K(36864K)] 71451K->37395K(75776K), 0.0008320 secs] [Times: user=0.00 sys=0.00, real=0.00 secs] 
258.343: Total time for which application threads were stopped: 0.0010610 seconds, Stopping threads took: 0.0001570 seconds
258.429: Application time: 0.0854670 seconds
258.429: [GC [PSYoungGen: 36360K->2304K(36352K)] 71451K->37451K(75264K), 0.0009890 secs] [Times: user=0.00 sys=0.01, real=0.00 secs] 
258.430: Total time for which application threads were stopped: 0.0011590 seconds, Stopping threads took: 0.0000910 seconds
258.511: Application time: 0.0808940 seconds
258.511: [GC [PSYoungGen: 35845K->2304K(35840K)] 70992K->37499K(74752K), 0.0009370 secs] [Times: user=0.01 sys=0.00, real=0.00 secs] 
258.512: Total time for which application threads were stopped: 0.0010830 seconds, Stopping threads took: 0.0000750 seconds
258.594: Application time: 0.0822760 seconds
258.594: [GC [PSYoungGen: 35484K->2816K(40960K)] 70679K->38059K(79872K), 0.0010950 secs] [Times: user=0.01 sys=0.00, real=0.00 secs] 
258.596: Total time for which application threads were stopped: 0.0012410 seconds, Stopping threads took: 0.0000740 seconds
258.689: Application time: 0.0937400 seconds
258.689: [GC [PSYoungGen: 39884K->1280K(37888K)] 75127K->36647K(76800K), 0.0006600 secs] [Times: user=0.00 sys=0.00, real=0.00 secs] 
258.690: Total time for which application threads were stopped: 0.0007890 seconds, Stopping threads took: 0.0000590 seconds
258.779: Application time: 0.0886890 seconds
258.779: [GC [PSYoungGen: 37392K->1280K(37376K)] 72759K->36647K(76288K), 0.0006420 secs] [Times: user=0.00 sys=0.00, real=0.00 secs] 
258.780: Total time for which application threads were stopped: 0.0007760 seconds, Stopping threads took: 0.0000690 seconds
258.866: Application time: 0.0867000 seconds
258.866: [GC [PSYoungGen: 36876K->1760K(37376K)] 72243K->37175K(76288K), 0.0008330 secs] [Times: user=0.01 sys=0.00, real=0.00 secs] 
258.867: Total time for which application threads were stopped: 0.0009780 seconds, Stopping threads took: 0.0000780 seconds
258.955: Application time: 0.0874760 seconds
258.955: [GC [PSYoungGen: 36845K->1216K(36352K)] 72261K->36679K(75264K), 0.0006580 secs] [Times: user=0.00 sys=0.00, real=0.00 secs] 
258.956: Total time for which application threads were stopped: 0.0008120 seconds, Stopping threads took: 0.0000830 seconds
259.042: Application time: 0.0861830 seconds
259.042: [GC [PSYoungGen: 35705K->1728K(37376K)] 71169K->37231K(76288K), 0.0007920 secs] [Times: user=0.00 sys=0.00, real=0.00 secs] 
259.043: Total time for which application threads were stopped: 0.0009270 seconds, Stopping threads took: 0.0000680 seconds
259.125: Application time: 0.0823330 seconds
259.125: [GC [PSYoungGen: 35782K->2304K(36352K)] 71285K->37807K(75264K), 0.0009740 secs] [Times: user=0.00 sys=0.00, real=0.00 secs] 
259.126: Total time for which application threads were stopped: 0.0011120 seconds, Stopping threads took: 0.0000690 seconds
259.209: Application time: 0.0828750 seconds
259.209: [GC [PSYoungGen: 36000K->2864K(36352K)] 71503K->38415K(75264K), 0.0011730 secs] [Times: user=0.00 sys=0.00, real=0.00 secs] 
259.210: Total time for which application threads were stopped: 0.0013140 seconds, Stopping threads took: 0.0000660 seconds
259.293: Application time: 0.0824620 seconds
259.293: [GC [PSYoungGen: 35893K->2304K(36864K)] 71445K->37975K(75776K), 0.0009740 secs] [Times: user=0.01 sys=0.00, real=0.01 secs] 
259.294: Total time for which application threads were stopped: 0.0011380 seconds, Stopping threads took: 0.0000930 seconds
259.374: Application time: 0.0805180 seconds
259.375: [GC [PSYoungGen: 35331K->2304K(43520K)] 71003K->38031K(82432K), 0.0008610 secs] [Times: user=0.01 sys=0.00, real=0.00 secs] 
259.375: Total time for which application threads were stopped: 0.0010030 seconds, Stopping threads took: 0.0000720 seconds
259.475: Application time: 0.0997500 seconds
259.475: [GC [PSYoungGen: 41936K->2304K(41472K)] 77663K->38071K(80384K), 0.0008490 secs] [Times: user=0.00 sys=0.00, real=0.00 secs] 
259.476: Total time for which application threads were stopped: 0.0009890 seconds, Stopping threads took: 0.0000590 seconds
259.572: Application time: 0.0955100 seconds
259.572: [GC [PSYoungGen: 40988K->1792K(40448K)] 76755K->37559K(79360K), 0.0007450 secs] [Times: user=0.00 sys=0.00, real=0.00 secs] 
259.573: Total time for which application threads were stopped: 0.0008860 seconds, Stopping threads took: 0.0000740 seconds
259.664: Application time: 0.0916280 seconds
259.664: [GC [PSYoungGen: 39444K->2272K(39424K)] 75211K->38079K(78336K), 0.0009890 secs] [Times: user=0.01 sys=0.00, real=0.00 secs] 
259.665: Total time for which application threads were stopped: 0.0011320 seconds, Stopping threads took: 0.0000770 seconds
259.754: Application time: 0.0891310 seconds
259.755: [GC [PSYoungGen: 38896K->2816K(39424K)] 74703K->38671K(78336K), 0.0011130 secs] [Times: user=0.01 sys=0.00, real=0.00 secs] 
259.756: Total time for which application threads were stopped: 0.0012590 seconds, Stopping threads took: 0.0000740 seconds
259.847: Application time: 0.0910130 seconds
259.847: [GC [PSYoungGen: 39088K->1824K(37888K)] 74944K->37727K(76800K), 0.0008200 secs] [Times: user=0.00 sys=0.00, real=0.00 secs] 
259.848: Total time for which application threads were stopped: 0.0010350 seconds, Stopping threads took: 0.0001510 seconds
259.937: Application time: 0.0897120 seconds
259.938: [GC [PSYoungGen: 37428K->256K(38400K)] 73332K->36263K(77312K), 0.0004510 secs] [Times: user=0.01 sys=0.00, real=0.00 secs] 
259.938: Total time for which application threads were stopped: 0.0005650 seconds, Stopping threads took: 0.0000550 seconds
260.023: Application time: 0.0845960 seconds
260.023: [GC [PSYoungGen: 35253K->2304K(37376K)] 71261K->38359K(76288K), 0.0009690 secs] [Times: user=0.00 sys=0.00, real=0.00 secs] 
260.024: Total time for which application threads were stopped: 0.0011140 seconds, Stopping threads took: 0.0000690 seconds
260.108: Application time: 0.0844820 seconds
260.108: [GC [PSYoungGen: 36871K->2784K(37888K)] 72927K->38839K(76800K), 0.0011330 secs] [Times: user=0.01 sys=0.00, real=0.00 secs] 
260.109: Total time for which application threads were stopped: 0.0012740 seconds, Stopping threads took: 0.0000690 seconds
260.194: Application time: 0.0848590 seconds
260.194: [GC [PSYoungGen: 36843K->1792K(35840K)] 72899K->37895K(74752K), 0.0008260 secs] [Times: user=0.00 sys=0.00, real=0.00 secs] 
260.195: Total time for which application threads were stopped: 0.0009650 seconds, Stopping threads took: 0.0000710 seconds
260.278: Application time: 0.0827410 seconds
260.278: [GC [PSYoungGen: 35253K->1728K(36352K)] 71357K->37879K(75264K), 0.0007950 secs] [Times: user=0.00 sys=0.00, real=0.00 secs] 
260.279: Total time for which application threads were stopped: 0.0010360 seconds, Stopping threads took: 0.0001800 seconds
260.360: Application time: 0.0813210 seconds
260.361: [GC [PSYoungGen: 34760K->1248K(34304K)] 70911K->37399K(73216K), 0.0006350 secs] [Times: user=0.00 sys=0.00, real=0.00 secs] 
260.361: Total time for which application threads were stopped: 0.0007980 seconds, Stopping threads took: 0.0000980 seconds
260.443: Application time: 0.0818350 seconds
260.443: [GC [PSYoungGen: 33842K->720K(35328K)] 69993K->36919K(74240K), 0.0005120 secs] [Times: user=0.00 sys=0.00, real=0.00 secs] 
260.444: Total time for which application threads were stopped: 0.0006400 seconds, Stopping threads took: 0.0000640 seconds
260.519: Application time: 0.0753560 seconds
260.519: [GC [PSYoungGen: 32776K->2832K(35328K)] 68976K->39108K(74240K), 0.0011160 secs] [Times: user=0.00 sys=0.00, real=0.00 secs] 
260.520: Total time for which application threads were stopped: 0.0012620 seconds, Stopping threads took: 0.0000710 seconds
260.601: Application time: 0.0807030 seconds
260.601: [GC [PSYoungGen: 34324K->1280K(34816K)] 70600K->37636K(73728K), 0.0006480 secs] [Times: user=0.00 sys=0.00, real=0.01 secs] 
260.602: Total time for which application threads were stopped: 0.0007780 seconds, Stopping threads took: 0.0000590 seconds
260.676: Application time: 0.0741510 seconds
260.676: [GC [PSYoungGen: 32152K->2816K(35328K)] 68508K->39220K(74240K), 0.0011120 secs] [Times: user=0.00 sys=0.00, real=0.00 secs] 
260.677: Total time for which application threads were stopped: 0.0012580 seconds, Stopping threads took: 0.0000710 seconds
260.757: Application time: 0.0801120 seconds
260.757: [GC [PSYoungGen: 33795K->736K(31744K)] 70200K->37140K(70656K), 0.0004870 secs] [Times: user=0.01 sys=0.00, real=0.00 secs] 
260.758: Total time for which application threads were stopped: 0.0006210 seconds, Stopping threads took: 0.0000650 seconds
260.832: Application time: 0.0736700 seconds
260.832: [GC [PSYoungGen: 31170K->2304K(32768K)] 67574K->38764K(71680K), 0.0009660 secs] [Times: user=0.00 sys=0.00, real=0.00 secs] 
260.833: Total time for which application threads were stopped: 0.0011090 seconds, Stopping threads took: 0.0000720 seconds
260.906: Application time: 0.0735630 seconds
260.906: [GC [PSYoungGen: 32152K->2752K(38400K)] 68612K->39252K(77312K), 0.0010250 secs] [Times: user=0.01 sys=0.00, real=0.00 secs] 
260.907: Total time for which application threads were stopped: 0.0011680 seconds, Stopping threads took: 0.0000700 seconds
260.991: Application time: 0.0839700 seconds
260.992: [GC [PSYoungGen: 36810K->2304K(38400K)] 73310K->38804K(77312K), 0.0009510 secs] [Times: user=0.01 sys=0.00, real=0.00 secs] 
260.993: Total time for which application threads were stopped: 0.0011980 seconds, Stopping threads took: 0.0001690 seconds
261.078: Application time: 0.0858290 seconds
261.079: [GC [PSYoungGen: 36438K->2304K(45568K)] 72938K->38852K(84480K), 0.0008230 secs] [Times: user=0.00 sys=0.00, real=0.00 secs] 
261.079: Total time for which application threads were stopped: 0.0009780 seconds, Stopping threads took: 0.0000850 seconds
261.182: Application time: 0.1024160 seconds
261.182: [GC [PSYoungGen: 43637K->1760K(42496K)] 80185K->38380K(81408K), 0.0007510 secs] [Times: user=0.00 sys=0.00, real=0.00 secs] 
261.183: Total time for which application threads were stopped: 0.0008820 seconds, Stopping threads took: 0.0000510 seconds
261.283: Application time: 0.1001260 seconds
261.283: [GC [PSYoungGen: 41982K->2304K(42496K)] 78602K->39004K(81408K), 0.0009220 secs] [Times: user=0.01 sys=0.00, real=0.00 secs] 
261.284: Total time for which application threads were stopped: 0.0010550 seconds, Stopping threads took: 0.0000590 seconds
261.381: Application time: 0.0968440 seconds
261.381: [GC [PSYoungGen: 41502K->1696K(40448K)] 78202K->38444K(79360K), 0.0009030 secs] [Times: user=0.01 sys=0.00, real=0.01 secs] 
261.383: Total time for which application threads were stopped: 0.0017430 seconds, Stopping threads took: 0.0000600 seconds
261.477: Application time: 0.0944310 seconds
261.477: [GC [PSYoungGen: 39784K->2240K(39936K)] 76532K->39036K(78848K), 0.0010020 secs] [Times: user=0.00 sys=0.00, real=0.00 secs] 
261.478: Total time for which application threads were stopped: 0.0011420 seconds, Stopping threads took: 0.0000690 seconds
261.569: Application time: 0.0911560 seconds
261.569: [GC [PSYoungGen: 39378K->2304K(38912K)] 76174K->39100K(77824K), 0.0009620 secs] [Times: user=0.01 sys=0.00, real=0.00 secs] 
261.570: Total time for which application threads were stopped: 0.0011960 seconds, Stopping threads took: 0.0001600 seconds
261.661: Application time: 0.0906930 seconds
261.661: [GC [PSYoungGen: 38420K->1792K(38912K)] 75216K->38636K(77824K), 0.0007910 secs] [Times: user=0.00 sys=0.00, real=0.01 secs] 
261.662: Total time for which application threads were stopped: 0.0009310 seconds, Stopping threads took: 0.0000740 seconds
261.748: Application time: 0.0854110 seconds
261.748: [GC [PSYoungGen: 37464K->2816K(38400K)] 74308K->39700K(77312K), 0.0011720 secs] [Times: user=0.01 sys=0.00, real=0.00 secs] 
261.749: Total time for which application threads were stopped: 0.0013360 seconds, Stopping threads took: 0.0000750 seconds
261.839: Application time: 0.0899370 seconds
261.839: [GC [PSYoungGen: 37984K->1264K(37888K)] 74868K->38228K(76800K), 0.0007280 secs] [Times: user=0.00 sys=0.00, real=0.00 secs] 
261.840: Total time for which application threads were stopped: 0.0008530 seconds, Stopping threads took: 0.0000620 seconds
261.923: Application time: 0.0836890 seconds
261.923: [GC [PSYoungGen: 35753K->1792K(36352K)] 72718K->38844K(75264K), 0.0008100 secs] [Times: user=0.00 sys=0.00, real=0.00 secs] 
261.924: Total time for which application threads were stopped: 0.0009380 seconds, Stopping threads took: 0.0000620 seconds
262.007: Application time: 0.0826420 seconds
262.007: [GC [PSYoungGen: 35843K->2816K(37888K)] 72896K->39868K(76800K), 0.0011130 secs] [Times: user=0.01 sys=0.00, real=0.00 secs] 
262.008: Total time for which application threads were stopped: 0.0012520 seconds, Stopping threads took: 0.0000660 seconds
262.092: Application time: 0.0841640 seconds
262.092: [GC [PSYoungGen: 36870K->3328K(37888K)] 73922K->40420K(76800K), 0.0013380 secs] [Times: user=0.01 sys=0.00, real=0.01 secs] 
262.094: Total time for which application threads were stopped: 0.0014800 seconds, Stopping threads took: 0.0000650 seconds
262.180: Application time: 0.0866050 seconds
262.181: [GC [PSYoungGen: 37392K->1280K(45568K)] 74484K->38428K(84480K), 0.0005710 secs] [Times: user=0.00 sys=0.00, real=0.00 secs] 
262.181: Total time for which application threads were stopped: 0.0007020 seconds, Stopping threads took: 0.0000660 seconds
262.282: Application time: 0.1013140 seconds
262.283: [GC [PSYoungGen: 42454K->1280K(41984K)] 79603K->38484K(80896K), 0.0006140 secs] [Times: user=0.00 sys=0.00, real=0.00 secs] 
262.283: Total time for which application threads were stopped: 0.0007560 seconds, Stopping threads took: 0.0000700 seconds
262.378: Application time: 0.0951050 seconds
262.378: [GC [PSYoungGen: 41651K->3904K(44032K)] 78855K->41108K(82944K), 0.0013770 secs] [Times: user=0.01 sys=0.00, real=0.00 secs] 
262.380: Total time for which application threads were stopped: 0.0015210 seconds, Stopping threads took: 0.0000650 seconds
262.479: Application time: 0.0992040 seconds
262.479: [GC [PSYoungGen: 43620K->2304K(41472K)] 80825K->39632K(80384K), 0.0009840 secs] [Times: user=0.00 sys=0.00, real=0.00 secs] 
262.480: Total time for which application threads were stopped: 0.0011200 seconds, Stopping threads took: 0.0000620 seconds
262.575: Application time: 0.0947970 seconds
262.575: [GC [PSYoungGen: 40982K->2816K(43520K)] 78311K->40192K(82432K), 0.0011060 secs] [Times: user=0.01 sys=0.00, real=0.00 secs] 
262.576: Total time for which application threads were stopped: 0.0012690 seconds, Stopping threads took: 0.0000910 seconds
262.673: Application time: 0.0972640 seconds
262.674: [GC [PSYoungGen: 41508K->736K(38912K)] 78885K->38176K(77824K), 0.0005320 secs] [Times: user=0.00 sys=0.00, real=0.00 secs] 
262.674: Total time for which application threads were stopped: 0.0007640 seconds, Stopping threads took: 0.0001670 seconds
262.765: Application time: 0.0909530 seconds
262.765: [GC [PSYoungGen: 38384K->2304K(40448K)] 75825K->39792K(79360K), 0.0009640 secs] [Times: user=0.00 sys=0.00, real=0.00 secs] 
262.766: Total time for which application threads were stopped: 0.0011640 seconds, Stopping threads took: 0.0001300 seconds
262.857: Application time: 0.0905900 seconds
262.857: [GC [PSYoungGen: 38930K->2304K(38912K)] 76418K->39840K(77824K), 0.0010320 secs] [Times: user=0.01 sys=0.00, real=0.00 secs] 
262.858: Total time for which application threads were stopped: 0.0012890 seconds, Stopping threads took: 0.0001770 seconds
262.948: Application time: 0.0897760 seconds
262.948: [GC [PSYoungGen: 38342K->1280K(39424K)] 75878K->38872K(78336K), 0.0006310 secs] [Times: user=0.00 sys=0.00, real=0.00 secs] 
262.949: Total time for which application threads were stopped: 0.0007540 seconds, Stopping threads took: 0.0000580 seconds
263.039: Application time: 0.0898690 seconds
263.039: [GC [PSYoungGen: 37039K->256K(35840K)] 74631K->37848K(74752K), 0.0004330 secs] [Times: user=0.00 sys=0.00, real=0.00 secs] 
263.039: Total time for which application threads were stopped: 0.0005560 seconds, Stopping threads took: 0.0000650 seconds
263.122: Application time: 0.0824490 seconds
263.122: [GC [PSYoungGen: 35331K->2304K(38400K)] 72924K->40005K(77312K), 0.0009990 secs] [Times: user=0.01 sys=0.00, real=0.00 secs] 
263.123: Total time for which application threads were stopped: 0.0011430 seconds, Stopping threads took: 0.0000730 seconds
263.207: Application time: 0.0841040 seconds
263.207: [GC [PSYoungGen: 36868K->3840K(38912K)] 74569K->41573K(77824K), 0.0015030 secs] [Times: user=0.01 sys=0.00, real=0.00 secs] 
263.209: Total time for which application threads were stopped: 0.0016530 seconds, Stopping threads took: 0.0000750 seconds
263.297: Application time: 0.0887230 seconds
263.297: [GC [PSYoungGen: 38420K->1248K(35840K)] 76153K->39029K(74752K), 0.0006380 secs] [Times: user=0.00 sys=0.00, real=0.00 secs] 
263.298: Total time for which application threads were stopped: 0.0007680 seconds, Stopping threads took: 0.0000620 seconds
263.382: Application time: 0.0836180 seconds
263.382: [GC [PSYoungGen: 35301K->1760K(35840K)] 73083K->39597K(74752K), 0.0008080 secs] [Times: user=0.00 sys=0.00, real=0.00 secs] 
263.383: Total time for which application threads were stopped: 0.0009640 seconds, Stopping threads took: 0.0000810 seconds
263.466: Application time: 0.0838090 seconds
263.467: [GC [PSYoungGen: 35223K->1664K(35328K)] 73060K->39541K(74240K), 0.0007400 secs] [Times: user=0.00 sys=0.00, real=0.00 secs] 
263.467: Total time for which application threads were stopped: 0.0008830 seconds, Stopping threads took: 0.0000680 seconds
263.548: Application time: 0.0805160 seconds
263.548: [GC [PSYoungGen: 34691K->1792K(34816K)] 72569K->39669K(73728K), 0.0008210 secs] [Times: user=0.00 sys=0.00, real=0.00 secs] 
263.549: Total time for which application threads were stopped: 0.0010030 seconds, Stopping threads took: 0.0001150 seconds
263.628: Application time: 0.0787400 seconds
263.628: [GC [PSYoungGen: 34299K->1728K(34304K)] 72176K->39653K(73216K), 0.0009510 secs] [Times: user=0.01 sys=0.00, real=0.00 secs] 
263.629: Total time for which application threads were stopped: 0.0011140 seconds, Stopping threads took: 0.0000970 seconds
263.708: Application time: 0.0790250 seconds
263.708: [GC [PSYoungGen: 33807K->1792K(33792K)] 71733K->39765K(72704K), 0.0008580 secs] [Times: user=0.00 sys=0.00, real=0.00 secs] 
263.709: Total time for which application threads were stopped: 0.0010800 seconds, Stopping threads took: 0.0001550 seconds
263.786: Application time: 0.0767590 seconds
263.786: [GC [PSYoungGen: 33267K->2304K(35840K)] 71240K->40357K(74752K), 0.0009720 secs] [Times: user=0.00 sys=0.00, real=0.00 secs] 
263.787: Total time for which application threads were stopped: 0.0011310 seconds, Stopping threads took: 0.0000860 seconds
263.868: Application time: 0.0816760 seconds
263.869: [GC [PSYoungGen: 34303K->1792K(33792K)] 72357K->39885K(72704K), 0.0008170 secs] [Times: user=0.01 sys=0.00, real=0.00 secs] 
263.869: Total time for which application threads were stopped: 0.0009530 seconds, Stopping threads took: 0.0000700 seconds
263.945: Application time: 0.0756510 seconds
263.945: [GC [PSYoungGen: 33260K->3328K(34816K)] 71354K->41461K(73728K), 0.0013270 secs] [Times: user=0.01 sys=0.00, real=0.00 secs] 
263.946: Total time for which application threads were stopped: 0.0014800 seconds, Stopping threads took: 0.0000700 seconds
264.026: Application time: 0.0799990 seconds
264.027: [GC [PSYoungGen: 34229K->1216K(35328K)] 72362K->39413K(74240K), 0.0006100 secs] [Times: user=0.00 sys=0.00, real=0.00 secs] 
264.027: Total time for which application threads were stopped: 0.0007450 seconds, Stopping threads took: 0.0000670 seconds
264.101: Application time: 0.0734230 seconds
264.101: [GC [PSYoungGen: 32166K->2816K(41984K)] 70363K->41013K(80896K), 0.0009760 secs] [Times: user=0.00 sys=0.00, real=0.01 secs] 
264.102: Total time for which application threads were stopped: 0.0011170 seconds, Stopping threads took: 0.0000680 seconds
264.198: Application time: 0.0964740 seconds
264.198: [GC [PSYoungGen: 40474K->1792K(41984K)] 78671K->40045K(80896K), 0.0007660 secs] [Times: user=0.01 sys=0.00, real=0.00 secs] 
264.199: Total time for which application threads were stopped: 0.0008940 seconds, Stopping threads took: 0.0000630 seconds
264.290: Application time: 0.0912100 seconds
264.290: [GC [PSYoungGen: 39440K->3328K(49664K)] 77693K->41621K(88576K), 0.0011180 secs] [Times: user=0.00 sys=0.00, real=0.00 secs] 
264.292: Total time for which application threads were stopped: 0.0012780 seconds, Stopping threads took: 0.0000860 seconds
264.407: Application time: 0.1153360 seconds
264.407: [GC [PSYoungGen: 48782K->2304K(47104K)] 87075K->40645K(86016K), 0.0008340 secs] [Times: user=0.00 sys=0.00, real=0.00 secs] 
264.408: Total time for which application threads were stopped: 0.0009680 seconds, Stopping threads took: 0.0000610 seconds
264.518: Application time: 0.1097850 seconds
264.518: [GC [PSYoungGen: 46721K->1792K(46592K)] 85062K->40221K(85504K), 0.0007740 secs] [Times: user=0.00 sys=0.00, real=0.00 secs] 
264.519: Total time for which application threads were stopped: 0.0009230 seconds, Stopping threads took: 0.0000730 seconds
264.624: Application time: 0.1057790 seconds
264.625: [GC [PSYoungGen: 45097K->2816K(45568K)] 83526K->41325K(84480K), 0.0011520 secs] [Times: user=0.00 sys=0.01, real=0.00 secs] 
264.626: Total time for which application threads were stopped: 0.0012850 seconds, Stopping threads took: 0.0000610 seconds
264.733: Application time: 0.1067860 seconds
264.733: [GC [PSYoungGen: 45103K->1280K(44544K)] 83612K->39845K(83456K), 0.0006850 secs] [Times: user=0.00 sys=0.00, real=0.00 secs] 
264.733: Total time for which application threads were stopped: 0.0009220 seconds, Stopping threads took: 0.0001670 seconds
264.836: Application time: 0.1026260 seconds
264.836: [GC [PSYoungGen: 42524K->3328K(44032K)] 81090K->41933K(82944K), 0.0012670 secs] [Times: user=0.00 sys=0.00, real=0.00 secs] 
264.837: Total time for which application threads were stopped: 0.0014090 seconds, Stopping threads took: 0.0000620 seconds
264.940: Application time: 0.1026890 seconds
264.940: [GC [PSYoungGen: 43556K->2304K(41984K)] 82162K->40957K(80896K), 0.0010010 secs] [Times: user=0.00 sys=0.00, real=0.00 secs] 
264.941: Total time for which application threads were stopped: 0.0011280 seconds, Stopping threads took: 0.0000540 seconds
265.036: Application time: 0.0947930 seconds
265.036: [GC [PSYoungGen: 41574K->3360K(43520K)] 80228K->42053K(82432K), 0.0013400 secs] [Times: user=0.01 sys=0.00, real=0.00 secs] 
265.038: Total time for which application threads were stopped: 0.0014950 seconds, Stopping threads took: 0.0000700 seconds
265.138: Application time: 0.1000530 seconds
265.138: [GC [PSYoungGen: 42640K->1792K(40448K)] 81334K->40565K(79360K), 0.0007090 secs] [Times: user=0.00 sys=0.00, real=0.00 secs] 
265.138: Total time for which application threads were stopped: 0.0008320 seconds, Stopping threads took: 0.0000580 seconds
265.232: Application time: 0.0935010 seconds
265.232: [GC [PSYoungGen: 39882K->1792K(39424K)] 78655K->40653K(78336K), 0.0008120 secs] [Times: user=0.00 sys=0.00, real=0.00 secs] 
265.233: [Full GC [PSYoungGen: 1792K->0K(39424K)] [ParOldGen: 38861K->8462K(38400K)] 40653K->8462K(77824K) [PSPermGen: 5184K->5184K(21504K)], 0.0049080 secs] [Times: user=0.02 sys=0.00, real=0.01 secs] 
265.238: Total time for which application threads were stopped: 0.0058980 seconds, Stopping threads took: 0.0000640 seconds
265.330: Application time: 0.0921460 seconds
265.330: [GC [PSYoungGen: 37140K->1792K(38400K)] 45602K->10254K(76800K), 0.0006860 secs] [Times: user=0.01 sys=0.00, real=0.00 secs] 
265.331: Total time for which application threads were stopped: 0.0008720 seconds, Stopping threads took: 0.0001210 seconds
265.419: Application time: 0.0881380 seconds
265.419: [GC [PSYoungGen: 37900K->2816K(38912K)] 46362K->11318K(77312K), 0.0011220 secs] [Times: user=0.01 sys=0.00, real=0.00 secs] 
265.420: Total time for which application threads were stopped: 0.0012870 seconds, Stopping threads took: 0.0000930 seconds
265.509: Application time: 0.0882460 seconds
265.509: [GC [PSYoungGen: 38414K->2816K(38400K)] 46916K->11366K(76800K), 0.0010870 secs] [Times: user=0.01 sys=0.00, real=0.00 secs] 
265.510: Total time for which application threads were stopped: 0.0012480 seconds, Stopping threads took: 0.0000930 seconds
265.598: Application time: 0.0883540 seconds
265.598: [GC [PSYoungGen: 37904K->1792K(36864K)] 46454K->10398K(75264K), 0.0008110 secs] [Times: user=0.01 sys=0.00, real=0.00 secs] 
265.599: Total time for which application threads were stopped: 0.0009460 seconds, Stopping threads took: 0.0000640 seconds
265.685: Application time: 0.0862300 seconds
265.685: [GC [PSYoungGen: 36435K->2848K(37376K)] 45042K->11494K(75776K), 0.0011140 secs] [Times: user=0.01 sys=0.00, real=0.00 secs] 
265.687: Total time for which application threads were stopped: 0.0012600 seconds, Stopping threads took: 0.0000760 seconds
265.772: Application time: 0.0858430 seconds
265.773: [GC [PSYoungGen: 36831K->1248K(35328K)] 45478K->9986K(73728K), 0.0006980 secs] [Times: user=0.01 sys=0.00, real=0.00 secs] 
265.773: Total time for which application threads were stopped: 0.0008300 seconds, Stopping threads took: 0.0000680 seconds
265.854: Application time: 0.0807970 seconds
265.854: [GC [PSYoungGen: 34857K->2816K(36352K)] 43596K->11554K(74752K), 0.0011090 secs] [Times: user=0.01 sys=0.00, real=0.00 secs] 
265.855: Total time for which application threads were stopped: 0.0012520 seconds, Stopping threads took: 0.0000700 seconds
265.938: Application time: 0.0823320 seconds
265.938: [GC [PSYoungGen: 35843K->2752K(37888K)] 44582K->11558K(76288K), 0.0011760 secs] [Times: user=0.01 sys=0.00, real=0.00 secs] 
265.939: Total time for which application threads were stopped: 0.0013230 seconds, Stopping threads took: 0.0000740 seconds
266.023: Application time: 0.0844520 seconds
266.024: [GC [PSYoungGen: 36295K->2304K(44032K)] 45102K->11158K(82432K), 0.0007410 secs] [Times: user=0.01 sys=0.00, real=0.00 secs] 
266.024: Total time for which application threads were stopped: 0.0009000 seconds, Stopping threads took: 0.0000930 seconds
266.122: Application time: 0.0973390 seconds
266.122: [GC [PSYoungGen: 41934K->2816K(44032K)] 50789K->11718K(82432K), 0.0010710 secs] [Times: user=0.00 sys=0.00, real=0.00 secs] 
266.123: Total time for which application threads were stopped: 0.0012200 seconds, Stopping threads took: 0.0000690 seconds
266.222: Application time: 0.0991880 seconds
266.222: [GC [PSYoungGen: 42609K->1792K(40960K)] 51511K->10694K(79360K), 0.0006450 secs] [Times: user=0.00 sys=0.00, real=0.00 secs] 
266.223: Total time for which application threads were stopped: 0.0007860 seconds, Stopping threads took: 0.0000720 seconds
266.317: Application time: 0.0945340 seconds
266.318: [GC [PSYoungGen: 40546K->3360K(41472K)] 49449K->12338K(79872K), 0.0011480 secs] [Times: user=0.00 sys=0.00, real=0.00 secs] 
266.319: Total time for which application threads were stopped: 0.0012910 seconds, Stopping threads took: 0.0000680 seconds
266.412: Application time: 0.0929620 seconds
266.412: [GC [PSYoungGen: 40938K->2784K(39936K)] 49917K->11838K(78336K), 0.0010170 secs] [Times: user=0.00 sys=0.00, real=0.00 secs] 
266.413: Total time for which application threads were stopped: 0.0011600 seconds, Stopping threads took: 0.0000700 seconds
266.504: Application time: 0.0910580 seconds
266.504: [GC [PSYoungGen: 39490K->2304K(38912K)] 48545K->11358K(77312K), 0.0009880 secs] [Times: user=0.01 sys=0.00, real=0.00 secs] 
266.505: Total time for which application threads were stopped: 0.0011150 seconds, Stopping threads took: 0.0000580 seconds
266.593: Application time: 0.0880170 seconds
266.593: [GC [PSYoungGen: 38335K->2816K(46080K)] 47390K->11943K(84480K), 0.0010550 secs] [Times: user=0.00 sys=0.00, real=0.01 secs] 
266.594: Total time for which application threads were stopped: 0.0012030 seconds, Stopping threads took: 0.0000770 seconds
266.704: Application time: 0.1096760 seconds
266.704: [GC [PSYoungGen: 45692K->1744K(44032K)] 54819K->10871K(82432K), 0.0007640 secs] [Times: user=0.00 sys=0.00, real=0.00 secs] 
266.705: Total time for which application threads were stopped: 0.0009110 seconds, Stopping threads took: 0.0000700 seconds
266.806: Application time: 0.1013140 seconds
266.806: [GC [PSYoungGen: 43430K->2304K(44032K)] 52557K->11511K(82432K), 0.0009290 secs] [Times: user=0.01 sys=0.00, real=0.00 secs] 
266.807: Total time for which application threads were stopped: 0.0010560 seconds, Stopping threads took: 0.0000560 seconds
266.908: Application time: 0.1009570 seconds
266.908: [GC [PSYoungGen: 43122K->1792K(41984K)] 52329K->10999K(80384K), 0.0008140 secs] [Times: user=0.00 sys=0.00, real=0.00 secs] 
266.909: Total time for which application threads were stopped: 0.0009540 seconds, Stopping threads took: 0.0000770 seconds
267.008: Application time: 0.0993260 seconds
267.009: [GC [PSYoungGen: 41579K->2336K(41984K)] 50786K->11619K(80384K), 0.0009400 secs] [Times: user=0.01 sys=0.00, real=0.00 secs] 
267.010: Total time for which application threads were stopped: 0.0010820 seconds, Stopping threads took: 0.0000680 seconds
267.105: Application time: 0.0958690 seconds
267.106: [GC [PSYoungGen: 40944K->1280K(39424K)] 50227K->10659K(77824K), 0.0006440 secs] [Times: user=0.00 sys=0.00, real=0.00 secs] 
267.106: Total time for which application threads were stopped: 0.0008550 seconds, Stopping threads took: 0.0001460 seconds
267.202: Application time: 0.0952760 seconds
267.202: [GC [PSYoungGen: 39014K->736K(39936K)] 48393K->10115K(78336K), 0.0004690 secs] [Times: user=0.00 sys=0.00, real=0.00 secs] 
267.202: Total time for which application threads were stopped: 0.0005950 seconds, Stopping threads took: 0.0000600 seconds
267.292: Application time: 0.0897920 seconds
267.292: [GC [PSYoungGen: 37358K->1792K(38400K)] 46737K->11251K(76800K), 0.0007690 secs] [Times: user=0.00 sys=0.00, real=0.00 secs] 
267.293: Total time for which application threads were stopped: 0.0009070 seconds, Stopping threads took: 0.0000660 seconds
267.382: Application time: 0.0888390 seconds
267.382: [GC [PSYoungGen: 37906K->1216K(39424K)] 47365K->10723K(77824K), 0.0005980 secs] [Times: user=0.00 sys=0.00, real=0.00 secs] 
267.382: Total time for which application threads were stopped: 0.0007210 seconds, Stopping threads took: 0.0000590 seconds
267.469: Application time: 0.0864880 seconds
267.469: [GC [PSYoungGen: 36729K->2816K(38400K)] 46237K->12371K(76800K), 0.0010910 secs] [Times: user=0.01 sys=0.00, real=0.00 secs] 
267.470: Total time for which application threads were stopped: 0.0012500 seconds, Stopping threads took: 0.0000880 seconds
267.558: Application time: 0.0882430 seconds
267.559: [GC [PSYoungGen: 37984K->1280K(38400K)] 47539K->10835K(76800K), 0.0005920 secs] [Times: user=0.00 sys=0.00, real=0.00 secs] 
267.559: Total time for which application threads were stopped: 0.0007180 seconds, Stopping threads took: 0.0000640 seconds
267.644: Application time: 0.0849250 seconds
267.644: [GC [PSYoungGen: 35850K->1280K(35840K)] 45405K->10907K(74240K), 0.0006040 secs] [Times: user=0.00 sys=0.00, real=0.00 secs] 
267.645: Total time for which application threads were stopped: 0.0007440 seconds, Stopping threads took: 0.0000740 seconds
267.728: Application time: 0.0831070 seconds
267.728: [GC [PSYoungGen: 35331K->2304K(37376K)] 44959K->11979K(75776K), 0.0009080 secs] [Times: user=0.01 sys=0.00, real=0.00 secs] 
267.729: Total time for which application threads were stopped: 0.0010430 seconds, Stopping threads took: 0.0000670 seconds
267.813: Application time: 0.0840770 seconds
267.813: [GC [PSYoungGen: 35924K->2304K(35840K)] 45599K->12027K(74240K), 0.0009500 secs] [Times: user=0.01 sys=0.00, real=0.01 secs] 
267.814: Total time for which application threads were stopped: 0.0010980 seconds, Stopping threads took: 0.0000660 seconds
267.896: Application time: 0.0814900 seconds
267.896: [GC [PSYoungGen: 35255K->1760K(35328K)] 44979K->11571K(73728K), 0.0007950 secs] [Times: user=0.01 sys=0.00, real=0.00 secs] 
267.897: Total time for which application threads were stopped: 0.0009410 seconds, Stopping threads took: 0.0000750 seconds
267.979: Application time: 0.0820010 seconds
267.979: [GC [PSYoungGen: 34275K->1280K(33792K)] 44087K->11091K(72192K), 0.0005250 secs] [Times: user=0.00 sys=0.00, real=0.00 secs] 
267.979: Total time for which application threads were stopped: 0.0006370 seconds, Stopping threads took: 0.0000490 seconds
268.055: Application time: 0.0761150 seconds
268.055: [GC [PSYoungGen: 33254K->3296K(35328K)] 43066K->13659K(73728K), 0.0015110 secs] [Times: user=0.01 sys=0.00, real=0.00 secs] 
268.057: Total time for which application threads were stopped: 0.0016600 seconds, Stopping threads took: 0.0000700 seconds
268.135: Application time: 0.0784030 seconds
268.136: [GC [PSYoungGen: 34783K->2816K(35840K)] 45147K->13227K(74240K), 0.0010660 secs] [Times: user=0.01 sys=0.00, real=0.00 secs] 
268.137: Total time for which application threads were stopped: 0.0012300 seconds, Stopping threads took: 0.0000910 seconds
268.215: Application time: 0.0782960 seconds
268.215: [GC [PSYoungGen: 34303K->1792K(42496K)] 44715K->12267K(80896K), 0.0006380 secs] [Times: user=0.00 sys=0.00, real=0.00 secs] 
268.216: Total time for which application threads were stopped: 0.0007780 seconds, Stopping threads took: 0.0000760 seconds
268.311: Application time: 0.0956090 seconds
268.311: [GC [PSYoungGen: 39960K->1728K(39424K)] 50436K->12251K(77824K), 0.0006970 secs] [Times: user=0.00 sys=0.00, real=0.00 secs] 
268.312: Total time for which application threads were stopped: 0.0008320 seconds, Stopping threads took: 0.0000660 seconds
268.405: Application time: 0.0924760 seconds
268.405: [GC [PSYoungGen: 38868K->1792K(38400K)] 49392K->12363K(76800K), 0.0007380 secs] [Times: user=0.00 sys=0.01, real=0.00 secs] 
268.406: Total time for which application threads were stopped: 0.0008950 seconds, Stopping threads took: 0.0000760 seconds
268.495: Application time: 0.0894310 seconds
268.495: [GC [PSYoungGen: 37986K->736K(39424K)] 48558K->11355K(77824K), 0.0004500 secs] [Times: user=0.00 sys=0.00, real=0.00 secs] 
268.496: Total time for which application threads were stopped: 0.0005730 seconds, Stopping threads took: 0.0000640 seconds
268.583: Application time: 0.0876940 seconds
268.583: [GC [PSYoungGen: 36253K->1280K(37888K)] 46873K->11987K(76288K), 0.0005980 secs] [Times: user=0.00 sys=0.00, real=0.00 secs] 
268.584: Total time for which application threads were stopped: 0.0007190 seconds, Stopping threads took: 0.0000590 seconds
268.668: Application time: 0.0843170 seconds
268.668: [GC [PSYoungGen: 36358K->2816K(38400K)] 47065K->13523K(76800K), 0.0010730 secs] [Times: user=0.01 sys=0.00, real=0.00 secs] 
268.669: Total time for which application threads were stopped: 0.0012220 seconds, Stopping threads took: 0.0000780 seconds
268.757: Application time: 0.0878380 seconds
268.757: [GC [PSYoungGen: 37468K->1792K(37888K)] 48176K->12547K(76288K), 0.0007420 secs] [Times: user=0.00 sys=0.00, real=0.00 secs] 
268.758: Total time for which application threads were stopped: 0.0008730 seconds, Stopping threads took: 0.0000680 seconds
268.842: Application time: 0.0842880 seconds
268.843: [GC [PSYoungGen: 35847K->1248K(35328K)] 46603K->12075K(73728K), 0.0006370 secs] [Times: user=0.00 sys=0.00, real=0.00 secs] 
268.843: Total time for which application threads were stopped: 0.0008370 seconds, Stopping threads took: 0.0001330 seconds
268.926: Application time: 0.0822400 seconds
268.926: [GC [PSYoungGen: 34709K->2304K(36352K)] 45537K->13179K(74752K), 0.0008920 secs] [Times: user=0.01 sys=0.00, real=0.00 secs] 
268.927: Total time for which application threads were stopped: 0.0010380 seconds, Stopping threads took: 0.0000710 seconds
269.007: Application time: 0.0805370 seconds
269.007: [GC [PSYoungGen: 35406K->2816K(36352K)] 46282K->13691K(74752K), 0.0010790 secs] [Times: user=0.01 sys=0.00, real=0.00 secs] 
269.008: Total time for which application threads were stopped: 0.0012230 seconds, Stopping threads took: 0.0000720 seconds
269.090: Application time: 0.0816990 seconds
269.090: [GC [PSYoungGen: 35331K->2304K(35840K)] 46207K->13268K(74240K), 0.0009080 secs] [Times: user=0.01 sys=0.00, real=0.00 secs] 
269.091: Total time for which application threads were stopped: 0.0010310 seconds, Stopping threads took: 0.0000550 seconds
269.170: Application time: 0.0793430 seconds
269.171: [GC [PSYoungGen: 34301K->1280K(33280K)] 45265K->12300K(71680K), 0.0005970 secs] [Times: user=0.00 sys=0.00, real=0.00 secs] 
269.171: Total time for which application threads were stopped: 0.0007820 seconds, Stopping threads took: 0.0001240 seconds
269.248: Application time: 0.0765410 seconds
269.248: [GC [PSYoungGen: 32674K->2816K(34816K)] 43694K->13884K(73216K), 0.0010710 secs] [Times: user=0.00 sys=0.00, real=0.00 secs] 
269.249: Total time for which application threads were stopped: 0.0012330 seconds, Stopping threads took: 0.0000870 seconds
269.326: Application time: 0.0768980 seconds
269.326: [GC [PSYoungGen: 33787K->1280K(32256K)] 44855K->12348K(70656K), 0.0005920 secs] [Times: user=0.00 sys=0.00, real=0.00 secs] 
269.327: Total time for which application threads were stopped: 0.0007530 seconds, Stopping threads took: 0.0001000 seconds
269.403: Application time: 0.0764230 seconds
269.403: [GC [PSYoungGen: 31801K->2320K(33792K)] 42869K->13444K(72192K), 0.0009320 secs] [Times: user=0.01 sys=0.00, real=0.00 secs] 
269.404: Total time for which application threads were stopped: 0.0010630 seconds, Stopping threads took: 0.0000610 seconds
269.477: Application time: 0.0730330 seconds
269.477: [GC [PSYoungGen: 32172K->2304K(34304K)] 43296K->13516K(72704K), 0.0009300 secs] [Times: user=0.01 sys=0.00, real=0.00 secs] 
269.478: Total time for which application threads were stopped: 0.0010920 seconds, Stopping threads took: 0.0000710 seconds
269.552: Application time: 0.0738230 seconds
269.552: [GC [PSYoungGen: 32238K->1760K(31744K)] 43451K->12972K(70144K), 0.0006850 secs] [Times: user=0.00 sys=0.00, real=0.00 secs] 
269.553: Total time for which application threads were stopped: 0.0008260 seconds, Stopping threads took: 0.0000750 seconds
269.626: Application time: 0.0732580 seconds
269.626: [GC [PSYoungGen: 31178K->1216K(30720K)] 42390K->12468K(69120K), 0.0006190 secs] [Times: user=0.00 sys=0.00, real=0.00 secs] 
269.627: Total time for which application threads were stopped: 0.0007490 seconds, Stopping threads took: 0.0000670 seconds
269.698: Application time: 0.0711380 seconds
269.698: [GC [PSYoungGen: 30112K->1792K(30720K)] 41364K->13092K(69120K), 0.0007480 secs] [Times: user=0.00 sys=0.00, real=0.00 secs] 
269.699: Total time for which application threads were stopped: 0.0009060 seconds, Stopping threads took: 0.0000910 seconds
269.770: Application time: 0.0705070 seconds
269.770: [GC [PSYoungGen: 30176K->1760K(30208K)] 41476K->13116K(68608K), 0.0008270 secs] [Times: user=0.00 sys=0.00, real=0.00 secs] 
269.770: Total time for which application threads were stopped: 0.0009660 seconds, Stopping threads took: 0.0000690 seconds
269.838: Application time: 0.0675200 seconds
269.838: [GC [PSYoungGen: 29628K->2304K(34304K)] 40984K->13708K(72704K), 0.0008920 secs] [Times: user=0.01 sys=0.00, real=0.00 secs] 
269.839: Total time for which application threads were stopped: 0.0010330 seconds, Stopping threads took: 0.0000700 seconds
269.915: Application time: 0.0755470 seconds
269.915: [GC [PSYoungGen: 32676K->1216K(31744K)] 44081K->12676K(70144K), 0.0005840 secs] [Times: user=0.00 sys=0.00, real=0.00 secs] 
269.915: Total time for which application threads were stopped: 0.0007350 seconds, Stopping threads took: 0.0000880 seconds
269.989: Application time: 0.0740300 seconds
269.989: [GC [PSYoungGen: 31151K->1280K(32768K)] 42611K->12740K(71168K), 0.0005810 secs] [Times: user=0.01 sys=0.00, real=0.00 secs] 
269.990: Total time for which application threads were stopped: 0.0007100 seconds, Stopping threads took: 0.0000550 seconds
270.064: Application time: 0.0740570 seconds
270.064: [GC [PSYoungGen: 30772K->1280K(30720K)] 42233K->12788K(69120K), 0.0006210 secs] [Times: user=0.00 sys=0.00, real=0.00 secs] 
270.065: Total time for which application threads were stopped: 0.0007480 seconds, Stopping threads took: 0.0000610 seconds
270.136: Application time: 0.0710130 seconds
270.136: [GC [PSYoungGen: 30100K->1280K(31744K)] 41608K->12876K(70144K), 0.0006070 secs] [Times: user=0.00 sys=0.00, real=0.00 secs] 
270.137: Total time for which application threads were stopped: 0.0007410 seconds, Stopping threads took: 0.0000690 seconds
270.205: Application time: 0.0682090 seconds
270.205: [GC [PSYoungGen: 29662K->1792K(30208K)] 41258K->13388K(68608K), 0.0007890 secs] [Times: user=0.00 sys=0.00, real=0.00 secs] 
270.206: Total time for which application threads were stopped: 0.0009190 seconds, Stopping threads took: 0.0000640 seconds
270.275: Application time: 0.0697420 seconds
270.276: [GC [PSYoungGen: 29664K->1280K(30208K)] 41260K->12940K(68608K), 0.0005980 secs] [Times: user=0.00 sys=0.00, real=0.00 secs] 
270.276: Total time for which application threads were stopped: 0.0007320 seconds, Stopping threads took: 0.0000710 seconds
270.340: Application time: 0.0641410 seconds
270.340: [GC [PSYoungGen: 28630K->2816K(30720K)] 40290K->14524K(69120K), 0.0010910 secs] [Times: user=0.01 sys=0.00, real=0.01 secs] 
270.342: Total time for which application threads were stopped: 0.0012350 seconds, Stopping threads took: 0.0000700 seconds
270.411: Application time: 0.0694620 seconds
270.411: [GC [PSYoungGen: 30176K->1792K(29184K)] 41884K->13556K(67584K), 0.0006370 secs] [Times: user=0.01 sys=0.00, real=0.00 secs] 
270.412: Total time for which application threads were stopped: 0.0007710 seconds, Stopping threads took: 0.0000670 seconds
270.475: Application time: 0.0630460 seconds
270.475: [GC [PSYoungGen: 28628K->3328K(35328K)] 40392K->15124K(73728K), 0.0011940 secs] [Times: user=0.01 sys=0.00, real=0.00 secs] 
270.476: Total time for which application threads were stopped: 0.0013460 seconds, Stopping threads took: 0.0000790 seconds
270.558: Application time: 0.0817200 seconds
270.558: [GC [PSYoungGen: 34737K->2304K(36352K)] 46533K->14140K(74752K), 0.0008630 secs] [Times: user=0.01 sys=0.00, real=0.00 secs] 
270.559: Total time for which application threads were stopped: 0.0010270 seconds, Stopping threads took: 0.0000820 seconds
270.637: Application time: 0.0781910 seconds
270.637: [GC [PSYoungGen: 34811K->2816K(36352K)] 46647K->14652K(74752K), 0.0010450 secs] [Times: user=0.00 sys=0.00, real=0.00 secs] 
270.638: Total time for which application threads were stopped: 0.0012080 seconds, Stopping threads took: 0.0000920 seconds
270.718: Application time: 0.0795170 seconds
270.718: [GC [PSYoungGen: 35403K->2832K(43520K)] 47240K->14708K(81920K), 0.0009460 secs] [Times: user=0.00 sys=0.00, real=0.00 secs] 
270.719: Total time for which application threads were stopped: 0.0011520 seconds, Stopping threads took: 0.0001320 seconds
270.819: Application time: 0.1001210 seconds
270.819: [GC [PSYoungGen: 41958K->768K(39424K)] 53835K->12740K(77824K), 0.0004950 secs] [Times: user=0.01 sys=0.00, real=0.00 secs] 
270.820: Total time for which application threads were stopped: 0.0006140 seconds, Stopping threads took: 0.0000610 seconds
270.914: Application time: 0.0938150 seconds
270.914: [GC [PSYoungGen: 38932K->1696K(40448K)] 50905K->13668K(78848K), 0.0006780 secs] [Times: user=0.00 sys=0.00, real=0.00 secs] 
270.914: Total time for which application threads were stopped: 0.0008130 seconds, Stopping threads took: 0.0000690 seconds
271.007: Application time: 0.0926250 seconds
271.007: [GC [PSYoungGen: 38916K->1280K(37888K)] 50888K->13308K(76288K), 0.0006380 secs] [Times: user=0.00 sys=0.00, real=0.00 secs] 
271.008: Total time for which application threads were stopped: 0.0007620 seconds, Stopping threads took: 0.0000600 seconds
271.094: Application time: 0.0861120 seconds
271.094: [GC [PSYoungGen: 37386K->2816K(39424K)] 49414K->14928K(77824K), 0.0010000 secs] [Times: user=0.01 sys=0.00, real=0.00 secs] 
271.095: Total time for which application threads were stopped: 0.0011900 seconds, Stopping threads took: 0.0001080 seconds
271.185: Application time: 0.0902920 seconds
271.186: [GC [PSYoungGen: 38418K->1792K(37376K)] 50530K->13968K(75776K), 0.0007450 secs] [Times: user=0.01 sys=0.00, real=0.00 secs] 
271.186: Total time for which application threads were stopped: 0.0008870 seconds, Stopping threads took: 0.0000740 seconds
271.272: Application time: 0.0860620 seconds
271.272: [GC [PSYoungGen: 36877K->1280K(38400K)] 49054K->13504K(76800K), 0.0006200 secs] [Times: user=0.00 sys=0.00, real=0.00 secs] 
271.273: Total time for which application threads were stopped: 0.0007560 seconds, Stopping threads took: 0.0000740 seconds
271.358: Application time: 0.0849190 seconds
271.358: [GC [PSYoungGen: 35922K->2816K(37376K)] 48146K->15080K(75776K), 0.0011380 secs] [Times: user=0.01 sys=0.00, real=0.00 secs] 
271.359: Total time for which application threads were stopped: 0.0012850 seconds, Stopping threads took: 0.0000740 seconds
271.445: Application time: 0.0857120 seconds
271.445: [GC [PSYoungGen: 36799K->1280K(37376K)] 49064K->13628K(75776K), 0.0006130 secs] [Times: user=0.00 sys=0.00, real=0.00 secs] 
271.447: Total time for which application threads were stopped: 0.0017580 seconds, Stopping threads took: 0.0000730 seconds
271.528: Application time: 0.0807900 seconds
271.528: [GC [PSYoungGen: 34819K->1792K(35328K)] 47168K->14140K(73728K), 0.0008230 secs] [Times: user=0.00 sys=0.00, real=0.00 secs] 
271.529: Total time for which application threads were stopped: 0.0009570 seconds, Stopping threads took: 0.0000690 seconds
271.610: Application time: 0.0813010 seconds
271.610: [GC [PSYoungGen: 34817K->1792K(35840K)] 47166K->14188K(74240K), 0.0007480 secs] [Times: user=0.01 sys=0.00, real=0.00 secs] 
271.611: Total time for which application threads were stopped: 0.0008900 seconds, Stopping threads took: 0.0000580 seconds
271.691: Application time: 0.0807220 seconds
271.692: [GC [PSYoungGen: 34303K->1792K(34304K)] 46700K->14244K(72704K), 0.0008080 secs] [Times: user=0.01 sys=0.00, real=0.00 secs] 
271.692: Total time for which application threads were stopped: 0.0009440 seconds, Stopping threads took: 0.0000710 seconds
271.772: Application time: 0.0797030 seconds
271.772: [GC [PSYoungGen: 33791K->1248K(34816K)] 46244K->13757K(73216K), 0.0006110 secs] [Times: user=0.01 sys=0.00, real=0.00 secs] 
271.773: Total time for which application threads were stopped: 0.0007480 seconds, Stopping threads took: 0.0000730 seconds
271.848: Application time: 0.0750600 seconds
271.848: [GC [PSYoungGen: 32715K->2816K(34304K)] 45224K->15373K(72704K), 0.0010800 secs] [Times: user=0.00 sys=0.00, real=0.00 secs] 
271.849: Total time for which application threads were stopped: 0.0012310 seconds, Stopping threads took: 0.0000770 seconds
271.930: Application time: 0.0806890 seconds
271.930: [GC [PSYoungGen: 33713K->1280K(33792K)] 46270K->13885K(72192K), 0.0005900 secs] [Times: user=0.00 sys=0.00, real=0.00 secs] 
271.931: Total time for which application threads were stopped: 0.0007120 seconds, Stopping threads took: 0.0000620 seconds
272.004: Application time: 0.0729950 seconds
272.004: [GC [PSYoungGen: 31874K->2864K(34304K)] 44479K->15469K(72704K), 0.0011110 secs] [Times: user=0.01 sys=0.00, real=0.00 secs] 
272.005: Total time for which application threads were stopped: 0.0013290 seconds, Stopping threads took: 0.0001450 seconds
272.082: Application time: 0.0775540 seconds
272.083: [GC [PSYoungGen: 33245K->1280K(31744K)] 45850K->14001K(70144K), 0.0005860 secs] [Times: user=0.00 sys=0.00, real=0.00 secs] 
272.083: Total time for which application threads were stopped: 0.0007330 seconds, Stopping threads took: 0.0000840 seconds
272.155: Application time: 0.0721960 seconds
272.156: [GC [PSYoungGen: 31128K->1792K(31744K)] 43849K->14513K(70144K), 0.0007360 secs] [Times: user=0.00 sys=0.00, real=0.00 secs] 
272.156: Total time for which application threads were stopped: 0.0008670 seconds, Stopping threads took: 0.0000600 seconds
272.228: Application time: 0.0720760 seconds
272.228: [GC [PSYoungGen: 31202K->2304K(31744K)] 43923K->15025K(70144K), 0.0007930 secs] [Times: user=0.00 sys=0.00, real=0.00 secs] 
272.229: Total time for which application threads were stopped: 0.0009330 seconds, Stopping threads took: 0.0000710 seconds
272.301: Application time: 0.0717770 seconds
272.301: [GC [PSYoungGen: 31282K->2304K(36864K)] 44004K->15065K(75264K), 0.0009050 secs] [Times: user=0.00 sys=0.00, real=0.01 secs] 
272.302: Total time for which application threads were stopped: 0.0010430 seconds, Stopping threads took: 0.0000700 seconds
272.383: Application time: 0.0811740 seconds
272.383: [GC [PSYoungGen: 35253K->2304K(38912K)] 48014K->15145K(77312K), 0.0008620 secs] [Times: user=0.00 sys=0.00, real=0.00 secs] 
272.384: Total time for which application threads were stopped: 0.0009920 seconds, Stopping threads took: 0.0000600 seconds
272.472: Application time: 0.0878390 seconds
272.472: [GC [PSYoungGen: 37468K->1792K(36864K)] 50309K->14633K(75264K), 0.0007360 secs] [Times: user=0.00 sys=0.00, real=0.00 secs] 
272.473: Total time for which application threads were stopped: 0.0009050 seconds, Stopping threads took: 0.0001050 seconds
272.560: Application time: 0.0873690 seconds
272.560: [GC [PSYoungGen: 36285K->1280K(37376K)] 49127K->14201K(75776K), 0.0005720 secs] [Times: user=0.00 sys=0.00, real=0.00 secs] 
272.561: Total time for which application threads were stopped: 0.0006980 seconds, Stopping threads took: 0.0000640 seconds
272.644: Application time: 0.0828620 seconds
272.644: [GC [PSYoungGen: 35490K->1792K(35840K)] 48411K->14713K(74240K), 0.0007440 secs] [Times: user=0.01 sys=0.00, real=0.00 secs] 
272.645: Total time for which application threads were stopped: 0.0008750 seconds, Stopping threads took: 0.0000620 seconds
272.728: Application time: 0.0826940 seconds
272.728: [GC [PSYoungGen: 35255K->1792K(35328K)] 48176K->14829K(73728K), 0.0008170 secs] [Times: user=0.00 sys=0.00, real=0.00 secs] 
272.728: Total time for which application threads were stopped: 0.0009630 seconds, Stopping threads took: 0.0000670 seconds
272.811: Application time: 0.0820180 seconds
272.811: [GC [PSYoungGen: 34741K->1760K(34816K)] 47779K->14797K(73216K), 0.0007550 secs] [Times: user=0.00 sys=0.00, real=0.00 secs] 
272.811: Total time for which application threads were stopped: 0.0008850 seconds, Stopping threads took: 0.0000640 seconds
272.890: Application time: 0.0783900 seconds
272.890: [GC [PSYoungGen: 34275K->1184K(34816K)] 47313K->14221K(73216K), 0.0005860 secs] [Times: user=0.00 sys=0.00, real=0.00 secs] 
272.891: Total time for which application threads were stopped: 0.0007140 seconds, Stopping threads took: 0.0000650 seconds
272.968: Application time: 0.0777980 seconds
272.968: [GC [PSYoungGen: 33240K->2848K(35328K)] 46278K->16437K(73728K), 0.0014600 secs] [Times: user=0.01 sys=0.00, real=0.00 secs] 
272.970: Total time for which application threads were stopped: 0.0016190 seconds, Stopping threads took: 0.0000760 seconds
273.051: Application time: 0.0807510 seconds
273.051: [GC [PSYoungGen: 34773K->2272K(42496K)] 48363K->15937K(80896K), 0.0008680 secs] [Times: user=0.01 sys=0.00, real=0.00 secs] 
273.052: Total time for which application threads were stopped: 0.0010050 seconds, Stopping threads took: 0.0000680 seconds
273.149: Application time: 0.0971490 seconds
273.149: [GC [PSYoungGen: 41028K->3360K(42496K)] 54694K->17025K(80896K), 0.0011210 secs] [Times: user=0.00 sys=0.00, real=0.00 secs] 
273.150: Total time for which application threads were stopped: 0.0012680 seconds, Stopping threads took: 0.0000690 seconds
273.249: Application time: 0.0989330 seconds
273.249: [GC [PSYoungGen: 42050K->1280K(39424K)] 55716K->15017K(77824K), 0.0005750 secs] [Times: user=0.00 sys=0.01, real=0.00 secs] 
273.250: Total time for which application threads were stopped: 0.0007190 seconds, Stopping threads took: 0.0000660 seconds
273.343: Application time: 0.0930310 seconds
273.343: [GC [PSYoungGen: 39010K->1792K(38912K)] 52748K->15585K(77312K), 0.0007270 secs] [Times: user=0.01 sys=0.00, real=0.00 secs] 
273.344: Total time for which application threads were stopped: 0.0008650 seconds, Stopping threads took: 0.0000690 seconds
273.435: Application time: 0.0912030 seconds
273.435: [GC [PSYoungGen: 38342K->1248K(37888K)] 52135K->15117K(76288K), 0.0006390 secs] [Times: user=0.00 sys=0.00, real=0.00 secs] 
273.436: Total time for which application threads were stopped: 0.0007630 seconds, Stopping threads took: 0.0000580 seconds
273.524: Application time: 0.0883120 seconds
273.524: [GC [PSYoungGen: 37275K->2816K(38912K)] 51145K->16685K(77312K), 0.0010790 secs] [Times: user=0.01 sys=0.00, real=0.00 secs] 
273.525: Total time for which application threads were stopped: 0.0012250 seconds, Stopping threads took: 0.0000740 seconds
273.615: Application time: 0.0902400 seconds
273.616: [GC [PSYoungGen: 38498K->1280K(36864K)] 52367K->15149K(75264K), 0.0005940 secs] [Times: user=0.01 sys=0.00, real=0.00 secs] 
273.616: Total time for which application threads were stopped: 0.0007250 seconds, Stopping threads took: 0.0000680 seconds
273.701: Application time: 0.0844090 seconds
273.701: [GC [PSYoungGen: 36355K->3328K(38400K)] 50225K->17273K(76800K), 0.0013170 secs] [Times: user=0.01 sys=0.00, real=0.01 secs] 
273.702: Total time for which application threads were stopped: 0.0014690 seconds, Stopping threads took: 0.0000770 seconds
273.791: Application time: 0.0885790 seconds
273.791: [GC [PSYoungGen: 37906K->1248K(35840K)] 51851K->15241K(74240K), 0.0007350 secs] [Times: user=0.01 sys=0.00, real=0.00 secs] 
273.791: Total time for which application threads were stopped: 0.0008790 seconds, Stopping threads took: 0.0000700 seconds
273.874: Application time: 0.0826310 seconds
273.874: [GC [PSYoungGen: 35301K->1792K(35840K)] 49295K->15833K(74240K), 0.0007930 secs] [Times: user=0.00 sys=0.00, real=0.00 secs] 
273.875: Total time for which application threads were stopped: 0.0009510 seconds, Stopping threads took: 0.0000860 seconds
273.959: Application time: 0.0834430 seconds
273.959: [GC [PSYoungGen: 35485K->2320K(35840K)] 49527K->16409K(74240K), 0.0009640 secs] [Times: user=0.00 sys=0.00, real=0.00 secs] 
273.960: Total time for which application threads were stopped: 0.0011070 seconds, Stopping threads took: 0.0000720 seconds
274.042: Application time: 0.0824700 seconds
274.042: [GC [PSYoungGen: 35265K->2784K(37376K)] 49355K->16986K(75776K), 0.0011190 secs] [Times: user=0.01 sys=0.00, real=0.00 secs] 
274.043: Total time for which application threads were stopped: 0.0012610 seconds, Stopping threads took: 0.0000690 seconds
274.126: Application time: 0.0822230 seconds
274.126: [GC [PSYoungGen: 35737K->1792K(34816K)] 49939K->15994K(73216K), 0.0006130 secs] [Times: user=0.01 sys=0.00, real=0.00 secs] 
274.126: Total time for which application threads were stopped: 0.0007460 seconds, Stopping threads took: 0.0000720 seconds
274.206: Application time: 0.0795120 seconds
274.206: [GC [PSYoungGen: 34303K->1792K(34304K)] 48505K->15994K(72704K), 0.0007820 secs] [Times: user=0.01 sys=0.00, real=0.00 secs] 
274.207: Total time for which application threads were stopped: 0.0009160 seconds, Stopping threads took: 0.0000630 seconds
274.286: Application time: 0.0788850 seconds
274.286: [GC [PSYoungGen: 33779K->2816K(34816K)] 47981K->17050K(73216K), 0.0009830 secs] [Times: user=0.00 sys=0.00, real=0.00 secs] 
274.287: Total time for which application threads were stopped: 0.0011320 seconds, Stopping threads took: 0.0000760 seconds
274.365: Application time: 0.0781430 seconds
274.365: [GC [PSYoungGen: 34303K->1792K(33280K)] 48537K->16074K(71680K), 0.0008150 secs] [Times: user=0.00 sys=0.00, real=0.00 secs] 
274.366: Total time for which application threads were stopped: 0.0009720 seconds, Stopping threads took: 0.0000780 seconds
274.444: Application time: 0.0777540 seconds
274.444: [GC [PSYoungGen: 32755K->1728K(32768K)] 47037K->16050K(71168K), 0.0008070 secs] [Times: user=0.00 sys=0.00, real=0.00 secs] 
274.445: Total time for which application threads were stopped: 0.0009310 seconds, Stopping threads took: 0.0000580 seconds
274.520: Application time: 0.0751330 seconds
274.520: [GC [PSYoungGen: 32253K->1792K(32256K)] 46575K->16170K(70656K), 0.0008190 secs] [Times: user=0.01 sys=0.00, real=0.00 secs] 
274.521: Total time for which application threads were stopped: 0.0009530 seconds, Stopping threads took: 0.0000680 seconds
274.593: Application time: 0.0723060 seconds
274.593: [GC [PSYoungGen: 31640K->2272K(34816K)] 46018K->16730K(73216K), 0.0009370 secs] [Times: user=0.01 sys=0.00, real=0.01 secs] 
274.594: Total time for which application threads were stopped: 0.0010770 seconds, Stopping threads took: 0.0000720 seconds
274.671: Application time: 0.0772610 seconds
274.671: [GC [PSYoungGen: 33317K->1792K(32768K)] 47775K->16250K(71168K), 0.0007750 secs] [Times: user=0.00 sys=0.00, real=0.00 secs] 
274.672: Total time for which application threads were stopped: 0.0009060 seconds, Stopping threads took: 0.0000670 seconds
274.747: Application time: 0.0746090 seconds
274.747: [GC [PSYoungGen: 32160K->1792K(33280K)] 46618K->16346K(71680K), 0.0007680 secs] [Times: user=0.00 sys=0.00, real=0.00 secs] 
274.748: Total time for which application threads were stopped: 0.0009670 seconds, Stopping threads took: 0.0001320 seconds
274.820: Application time: 0.0720230 seconds
274.820: [GC [PSYoungGen: 31636K->2304K(33792K)] 46190K->16858K(72192K), 0.0008990 secs] [Times: user=0.00 sys=0.00, real=0.00 secs] 
274.821: Total time for which application threads were stopped: 0.0010990 seconds, Stopping threads took: 0.0001340 seconds
274.897: Application time: 0.0761400 seconds
274.897: [GC [PSYoungGen: 32329K->752K(30720K)] 46883K->15306K(69120K), 0.0004680 secs] [Times: user=0.00 sys=0.00, real=0.00 secs] 
274.898: Total time for which application threads were stopped: 0.0006010 seconds, Stopping threads took: 0.0000630 seconds
274.968: Application time: 0.0704950 seconds
274.968: [GC [PSYoungGen: 30160K->1792K(31232K)] 44714K->16434K(69632K), 0.0007630 secs] [Times: user=0.00 sys=0.00, real=0.00 secs] 
274.969: Total time for which application threads were stopped: 0.0008980 seconds, Stopping threads took: 0.0000670 seconds
275.040: Application time: 0.0707330 seconds
275.040: [GC [PSYoungGen: 30610K->2304K(31232K)] 45252K->17002K(69632K), 0.0008200 secs] [Times: user=0.01 sys=0.00, real=0.00 secs] 
275.041: Total time for which application threads were stopped: 0.0009540 seconds, Stopping threads took: 0.0000640 seconds
275.110: Application time: 0.0693280 seconds
275.110: [GC [PSYoungGen: 30688K->2304K(35840K)] 45386K->17002K(74240K), 0.0009050 secs] [Times: user=0.01 sys=0.00, real=0.00 secs] 
275.111: Total time for which application threads were stopped: 0.0010390 seconds, Stopping threads took: 0.0000630 seconds
275.190: Application time: 0.0791720 seconds
275.190: [GC [PSYoungGen: 34377K->2304K(38400K)] 49076K->17050K(76800K), 0.0008390 secs] [Times: user=0.00 sys=0.00, real=0.00 secs] 
275.191: Total time for which application threads were stopped: 0.0009730 seconds, Stopping threads took: 0.0000640 seconds
275.276: Application time: 0.0845300 seconds
275.276: [GC [PSYoungGen: 36872K->2816K(38400K)] 51618K->17638K(76800K), 0.0011010 secs] [Times: user=0.01 sys=0.00, real=0.00 secs] 
275.277: Total time for which application threads were stopped: 0.0012450 seconds, Stopping threads took: 0.0000720 seconds
275.367: Application time: 0.0902710 seconds
275.367: [GC [PSYoungGen: 37394K->768K(35328K)] 52216K->15638K(73728K), 0.0005100 secs] [Times: user=0.00 sys=0.00, real=0.00 secs] 
275.368: Total time for which application threads were stopped: 0.0006380 seconds, Stopping threads took: 0.0000680 seconds
275.450: Application time: 0.0823100 seconds
275.450: [GC [PSYoungGen: 34741K->1728K(35840K)] 49612K->16638K(74240K), 0.0008830 secs] [Times: user=0.00 sys=0.00, real=0.00 secs] 
275.451: Total time for which application threads were stopped: 0.0010290 seconds, Stopping threads took: 0.0000660 seconds
275.535: Application time: 0.0833950 seconds
275.535: [GC [PSYoungGen: 35267K->2304K(35840K)] 50178K->17214K(74240K), 0.0007890 secs] [Times: user=0.00 sys=0.00, real=0.00 secs] 
275.536: Total time for which application threads were stopped: 0.0009240 seconds, Stopping threads took: 0.0000650 seconds
275.619: Application time: 0.0830290 seconds
275.619: [GC [PSYoungGen: 35336K->1280K(34304K)] 50246K->16238K(72704K), 0.0006530 secs] [Times: user=0.00 sys=0.00, real=0.00 secs] 
275.619: Total time for which application threads were stopped: 0.0007780 seconds, Stopping threads took: 0.0000620 seconds
275.702: Application time: 0.0830410 seconds
275.703: [GC [PSYoungGen: 33795K->768K(33280K)] 48754K->15782K(71680K), 0.0005200 secs] [Times: user=0.01 sys=0.00, real=0.00 secs] 
275.703: Total time for which application threads were stopped: 0.0006470 seconds, Stopping threads took: 0.0000680 seconds
275.779: Application time: 0.0757390 seconds
275.779: [GC [PSYoungGen: 32742K->3296K(35328K)] 47757K->18350K(73728K), 0.0013260 secs] [Times: user=0.01 sys=0.00, real=0.00 secs] 
275.780: Total time for which application threads were stopped: 0.0014710 seconds, Stopping threads took: 0.0000700 seconds
275.861: Application time: 0.0801870 seconds
275.861: [GC [PSYoungGen: 34862K->2304K(35840K)] 49916K->17398K(74240K), 0.0009240 secs] [Times: user=0.00 sys=0.00, real=0.01 secs] 
275.862: Total time for which application threads were stopped: 0.0010750 seconds, Stopping threads took: 0.0000830 seconds
275.942: Application time: 0.0803440 seconds
275.942: [GC [PSYoungGen: 34815K->2304K(36864K)] 49910K->17478K(75264K), 0.0009330 secs] [Times: user=0.01 sys=0.00, real=0.00 secs] 
275.943: Total time for which application threads were stopped: 0.0010970 seconds, Stopping threads took: 0.0000920 seconds
276.022: Application time: 0.0789300 seconds
276.022: [GC [PSYoungGen: 34811K->2816K(43520K)] 49986K->18038K(81920K), 0.0009120 secs] [Times: user=0.00 sys=0.00, real=0.00 secs] 
276.023: Total time for which application threads were stopped: 0.0010760 seconds, Stopping threads took: 0.0000750 seconds
276.123: Application time: 0.0995150 seconds
276.123: [GC [PSYoungGen: 41940K->1280K(39936K)] 57163K->16558K(78336K), 0.0005810 secs] [Times: user=0.00 sys=0.00, real=0.00 secs] 
276.123: Total time for which application threads were stopped: 0.0007320 seconds, Stopping threads took: 0.0000860 seconds
276.217: Application time: 0.0934650 seconds
276.217: [GC [PSYoungGen: 39526K->1280K(40448K)] 54805K->16558K(78848K), 0.0005550 secs] [Times: user=0.00 sys=0.00, real=0.00 secs] 
276.217: Total time for which application threads were stopped: 0.0006850 seconds, Stopping threads took: 0.0000670 seconds
276.310: Application time: 0.0921210 seconds
276.310: [GC [PSYoungGen: 38420K->1280K(37888K)] 53698K->16646K(76288K), 0.0006270 secs] [Times: user=0.00 sys=0.00, real=0.00 secs] 
276.310: Total time for which application threads were stopped: 0.0007580 seconds, Stopping threads took: 0.0000690 seconds
276.397: Application time: 0.0862890 seconds
276.397: [GC [PSYoungGen: 37384K->3328K(39424K)] 52750K->18734K(77824K), 0.0011950 secs] [Times: user=0.00 sys=0.00, real=0.00 secs] 
276.398: Total time for which application threads were stopped: 0.0013400 seconds, Stopping threads took: 0.0000680 seconds
276.488: Application time: 0.0899690 seconds
276.488: [GC [PSYoungGen: 39008K->2320K(37888K)] 54415K->17766K(76288K), 0.0010010 secs] [Times: user=0.00 sys=0.00, real=0.00 secs] 
276.490: Total time for which application threads were stopped: 0.0016530 seconds, Stopping threads took: 0.0000750 seconds
276.575: Application time: 0.0858120 seconds
276.576: [GC [PSYoungGen: 37323K->2816K(38400K)] 52770K->18335K(76800K), 0.0011060 secs] [Times: user=0.01 sys=0.00, real=0.00 secs] 
276.577: Total time for which application threads were stopped: 0.0012620 seconds, Stopping threads took: 0.0000710 seconds
276.665: Application time: 0.0879700 seconds
276.665: [GC [PSYoungGen: 37470K->1280K(35840K)] 52989K->16798K(74240K), 0.0006230 secs] [Times: user=0.00 sys=0.00, real=0.00 secs] 
276.665: Total time for which application threads were stopped: 0.0007520 seconds, Stopping threads took: 0.0000690 seconds
276.750: Application time: 0.0841780 seconds
276.750: [GC [PSYoungGen: 35259K->672K(37376K)] 50778K->16263K(75776K), 0.0004890 secs] [Times: user=0.00 sys=0.00, real=0.00 secs] 
276.750: Total time for which application threads were stopped: 0.0006120 seconds, Stopping threads took: 0.0000620 seconds
276.832: Application time: 0.0820950 seconds
276.832: [GC [PSYoungGen: 34125K->2304K(35840K)] 49716K->17895K(74240K), 0.0009080 secs] [Times: user=0.00 sys=0.00, real=0.00 secs] 
276.833: Total time for which application threads were stopped: 0.0010390 seconds, Stopping threads took: 0.0000620 seconds
276.915: Application time: 0.0814090 seconds
276.915: [GC [PSYoungGen: 35410K->2320K(36352K)] 51001K->17911K(74752K), 0.0009170 secs] [Times: user=0.01 sys=0.00, real=0.00 secs] 
276.916: Total time for which application threads were stopped: 0.0010730 seconds, Stopping threads took: 0.0000830 seconds
276.996: Application time: 0.0797550 seconds
276.996: [GC [PSYoungGen: 34825K->2816K(36864K)] 50416K->18483K(75264K), 0.0011060 secs] [Times: user=0.01 sys=0.00, real=0.00 secs] 
276.997: Total time for which application threads were stopped: 0.0012410 seconds, Stopping threads took: 0.0000620 seconds
277.078: Application time: 0.0814750 seconds
277.078: [GC [PSYoungGen: 35410K->2304K(34816K)] 51077K->18019K(73216K), 0.0007920 secs] [Times: user=0.00 sys=0.00, real=0.00 secs] 
277.079: Total time for which application threads were stopped: 0.0009360 seconds, Stopping threads took: 0.0000670 seconds
277.161: Application time: 0.0814570 seconds
277.161: [GC [PSYoungGen: 34310K->768K(32768K)] 50025K->16583K(71168K), 0.0005360 secs] [Times: user=0.00 sys=0.00, real=0.00 secs] 
277.161: Total time for which application threads were stopped: 0.0006610 seconds, Stopping threads took: 0.0000680 seconds
277.236: Application time: 0.0742230 seconds
277.236: [GC [PSYoungGen: 32156K->2304K(33792K)] 47971K->18167K(72192K), 0.0008650 secs] [Times: user=0.00 sys=0.00, real=0.00 secs] 
277.237: Total time for which application threads were stopped: 0.0010000 seconds, Stopping threads took: 0.0000640 seconds
277.316: Application time: 0.0795110 seconds
277.316: [GC [PSYoungGen: 33358K->768K(31744K)] 49221K->16631K(70144K), 0.0005160 secs] [Times: user=0.01 sys=0.00, real=0.00 secs] 
277.317: Total time for which application threads were stopped: 0.0006460 seconds, Stopping threads took: 0.0000730 seconds
277.391: Application time: 0.0744170 seconds
277.391: [GC [PSYoungGen: 31128K->1792K(32256K)] 46991K->17743K(70656K), 0.0008970 secs] [Times: user=0.01 sys=0.00, real=0.00 secs] 
277.392: Total time for which application threads were stopped: 0.0010400 seconds, Stopping threads took: 0.0000730 seconds
277.464: Application time: 0.0722670 seconds
277.465: [GC [PSYoungGen: 31640K->2304K(32256K)] 47591K->18255K(70656K), 0.0009120 secs] [Times: user=0.01 sys=0.00, real=0.00 secs] 
277.466: Total time for which application threads were stopped: 0.0010550 seconds, Stopping threads took: 0.0000720 seconds
277.539: Application time: 0.0730000 seconds
277.539: [GC [PSYoungGen: 31800K->1792K(31744K)] 47752K->17743K(70144K), 0.0008080 secs] [Times: user=0.00 sys=0.00, real=0.00 secs] 
277.539: Total time for which application threads were stopped: 0.0009400 seconds, Stopping threads took: 0.0000690 seconds
277.610: Application time: 0.0705310 seconds
277.610: [GC [PSYoungGen: 30608K->2816K(32768K)] 46559K->18843K(71168K), 0.0011040 secs] [Times: user=0.01 sys=0.00, real=0.00 secs] 
277.611: Total time for which application threads were stopped: 0.0012570 seconds, Stopping threads took: 0.0000740 seconds
277.683: Application time: 0.0715400 seconds
277.683: [GC [PSYoungGen: 31712K->3328K(39424K)] 47740K->19355K(77824K), 0.0010680 secs] [Times: user=0.01 sys=0.00, real=0.00 secs] 
277.684: Total time for which application threads were stopped: 0.0012110 seconds, Stopping threads took: 0.0000690 seconds
277.773: Application time: 0.0890880 seconds
277.773: [GC [PSYoungGen: 38500K->752K(35840K)] 54527K->16827K(74240K), 0.0004560 secs] [Times: user=0.00 sys=0.00, real=0.01 secs] 
277.774: Total time for which application threads were stopped: 0.0006210 seconds, Stopping threads took: 0.0001050 seconds
277.860: Application time: 0.0860560 seconds
277.860: [GC [PSYoungGen: 35317K->1760K(37888K)] 51393K->17915K(76288K), 0.0007490 secs] [Times: user=0.00 sys=0.00, real=0.00 secs] 
277.861: Total time for which application threads were stopped: 0.0008880 seconds, Stopping threads took: 0.0000690 seconds
277.945: Application time: 0.0842200 seconds
277.945: [GC [PSYoungGen: 35892K->2320K(36352K)] 52047K->18515K(74752K), 0.0009650 secs] [Times: user=0.00 sys=0.00, real=0.00 secs] 
277.946: Total time for which application threads were stopped: 0.0011070 seconds, Stopping threads took: 0.0000700 seconds
278.030: Application time: 0.0837980 seconds
278.030: [GC [PSYoungGen: 35785K->1792K(36864K)] 51981K->18083K(75264K), 0.0007050 secs] [Times: user=0.00 sys=0.00, real=0.00 secs] 
278.031: Total time for which application threads were stopped: 0.0008450 seconds, Stopping threads took: 0.0000720 seconds
278.114: Application time: 0.0829010 seconds
278.114: [GC [PSYoungGen: 34737K->2304K(35328K)] 51029K->18595K(73728K), 0.0009440 secs] [Times: user=0.01 sys=0.00, real=0.00 secs] 
278.115: Total time for which application threads were stopped: 0.0010810 seconds, Stopping threads took: 0.0000570 seconds
278.198: Application time: 0.0830590 seconds
278.198: [GC [PSYoungGen: 34822K->1280K(35840K)] 51113K->17571K(74240K), 0.0005530 secs] [Times: user=0.00 sys=0.00, real=0.00 secs] 
278.198: Total time for which application threads were stopped: 0.0006750 seconds, Stopping threads took: 0.0000590 seconds
278.279: Application time: 0.0806850 seconds
278.279: [GC [PSYoungGen: 33279K->768K(32768K)] 49570K->17115K(71168K), 0.0004690 secs] [Times: user=0.00 sys=0.00, real=0.00 secs] 
278.280: Total time for which application threads were stopped: 0.0006680 seconds, Stopping threads took: 0.0001330 seconds
278.357: Application time: 0.0773220 seconds
278.357: [GC [PSYoungGen: 32312K->2272K(34816K)] 48660K->18651K(73216K), 0.0009220 secs] [Times: user=0.00 sys=0.00, real=0.00 secs] 
278.358: Total time for which application threads were stopped: 0.0010800 seconds, Stopping threads took: 0.0000840 seconds
278.437: Application time: 0.0785230 seconds
278.437: [GC [PSYoungGen: 33247K->768K(31744K)] 49627K->17251K(70144K), 0.0004950 secs] [Times: user=0.00 sys=0.00, real=0.00 secs] 
278.437: Total time for which application threads were stopped: 0.0006150 seconds, Stopping threads took: 0.0000600 seconds
278.513: Application time: 0.0757300 seconds
278.513: [GC [PSYoungGen: 31208K->1792K(32768K)] 47692K->18323K(71168K), 0.0008480 secs] [Times: user=0.00 sys=0.00, real=0.01 secs] 
278.514: Total time for which application threads were stopped: 0.0009890 seconds, Stopping threads took: 0.0000720 seconds
278.585: Application time: 0.0714520 seconds
278.586: [GC [PSYoungGen: 31718K->2304K(32256K)] 48250K->18875K(70656K), 0.0009390 secs] [Times: user=0.01 sys=0.00, real=0.00 secs] 
278.587: Total time for which application threads were stopped: 0.0010780 seconds, Stopping threads took: 0.0000720 seconds
278.660: Application time: 0.0731230 seconds
278.660: [GC [PSYoungGen: 31722K->1792K(32256K)] 48294K->18411K(70656K), 0.0007840 secs] [Times: user=0.01 sys=0.00, real=0.00 secs] 
278.661: Total time for which application threads were stopped: 0.0009410 seconds, Stopping threads took: 0.0000850 seconds
278.731: Application time: 0.0706170 seconds
278.731: [GC [PSYoungGen: 30612K->2304K(31232K)] 47232K->18979K(69632K), 0.0009190 secs] [Times: user=0.00 sys=0.00, real=0.00 secs] 
278.732: Total time for which application threads were stopped: 0.0010640 seconds, Stopping threads took: 0.0000740 seconds
278.802: Application time: 0.0700790 seconds
278.802: [GC [PSYoungGen: 30610K->2304K(32256K)] 47286K->18979K(70656K), 0.0009040 secs] [Times: user=0.01 sys=0.00, real=0.00 secs] 
278.803: Total time for which application threads were stopped: 0.0010480 seconds, Stopping threads took: 0.0000750 seconds
278.873: Application time: 0.0697360 seconds
278.873: [GC [PSYoungGen: 30768K->1792K(32256K)] 47444K->18467K(70656K), 0.0007440 secs] [Times: user=0.00 sys=0.00, real=0.01 secs] 
278.874: Total time for which application threads were stopped: 0.0008700 seconds, Stopping threads took: 0.0000600 seconds
278.944: Application time: 0.0696510 seconds
278.944: [GC [PSYoungGen: 30096K->2304K(38400K)] 46772K->19067K(76800K), 0.0007680 secs] [Times: user=0.00 sys=0.00, real=0.00 secs] 
278.945: Total time for which application threads were stopped: 0.0009050 seconds, Stopping threads took: 0.0000690 seconds
279.030: Application time: 0.0858560 seconds
279.031: [GC [PSYoungGen: 36952K->2320K(38400K)] 53716K->19083K(76800K), 0.0008540 secs] [Times: user=0.01 sys=0.00, real=0.00 secs] 
279.031: Total time for which application threads were stopped: 0.0009930 seconds, Stopping threads took: 0.0000680 seconds
279.117: Application time: 0.0859540 seconds
279.118: [GC [PSYoungGen: 36894K->1280K(35840K)] 53657K->18131K(74240K), 0.0006120 secs] [Times: user=0.00 sys=0.00, real=0.00 secs] 
279.118: Total time for which application threads were stopped: 0.0007400 seconds, Stopping threads took: 0.0000640 seconds
279.202: Application time: 0.0840310 seconds
279.202: [GC [PSYoungGen: 35333K->1760K(35840K)] 52185K->18660K(74240K), 0.0006990 secs] [Times: user=0.01 sys=0.00, real=0.00 secs] 
279.203: Total time for which application threads were stopped: 0.0008610 seconds, Stopping threads took: 0.0000870 seconds
279.286: Application time: 0.0829440 seconds
279.286: [GC [PSYoungGen: 35377K->2304K(35840K)] 52277K->19252K(74240K), 0.0008300 secs] [Times: user=0.00 sys=0.00, real=0.00 secs] 
279.287: Total time for which application threads were stopped: 0.0009670 seconds, Stopping threads took: 0.0000680 seconds
279.369: Application time: 0.0823510 seconds
279.369: [GC [PSYoungGen: 35257K->1280K(34304K)] 52205K->18316K(72704K), 0.0006640 secs] [Times: user=0.01 sys=0.00, real=0.00 secs] 
279.370: Total time for which application threads were stopped: 0.0007950 seconds, Stopping threads took: 0.0000650 seconds
279.451: Application time: 0.0812530 seconds
279.451: [GC [PSYoungGen: 33709K->1280K(33792K)] 50745K->18316K(72192K), 0.0006130 secs] [Times: user=0.00 sys=0.00, real=0.00 secs] 
279.452: Total time for which application threads were stopped: 0.0007760 seconds, Stopping threads took: 0.0001010 seconds
279.531: Application time: 0.0784330 seconds
279.531: [GC [PSYoungGen: 33271K->2304K(34304K)] 50307K->19340K(72704K), 0.0009420 secs] [Times: user=0.01 sys=0.00, real=0.00 secs] 
279.532: Total time for which application threads were stopped: 0.0010730 seconds, Stopping threads took: 0.0000620 seconds
279.611: Application time: 0.0788860 seconds
279.611: [GC [PSYoungGen: 33865K->1792K(33280K)] 50901K->18876K(71680K), 0.0007450 secs] [Times: user=0.00 sys=0.00, real=0.00 secs] 
279.611: Total time for which application threads were stopped: 0.0008720 seconds, Stopping threads took: 0.0000600 seconds
279.688: Application time: 0.0763440 seconds
279.688: [GC [PSYoungGen: 32750K->2304K(33280K)] 49834K->19476K(71680K), 0.0009320 secs] [Times: user=0.01 sys=0.00, real=0.00 secs] 
279.689: Total time for which application threads were stopped: 0.0010570 seconds, Stopping threads took: 0.0000540 seconds
279.765: Application time: 0.0759270 seconds
279.765: [GC [PSYoungGen: 32751K->1792K(32256K)] 49923K->19004K(70656K), 0.0007690 secs] [Times: user=0.00 sys=0.00, real=0.00 secs] 
279.766: Total time for which application threads were stopped: 0.0009710 seconds, Stopping threads took: 0.0001300 seconds
279.840: Application time: 0.0739830 seconds
279.840: [GC [PSYoungGen: 31722K->2304K(32256K)] 48935K->19572K(70656K), 0.0009460 secs] [Times: user=0.00 sys=0.00, real=0.00 secs] 
279.841: Total time for which application threads were stopped: 0.0010830 seconds, Stopping threads took: 0.0000660 seconds
279.913: Application time: 0.0720170 seconds
279.913: [GC [PSYoungGen: 31716K->2304K(32256K)] 48985K->19628K(70656K), 0.0009560 secs] [Times: user=0.00 sys=0.00, real=0.01 secs] 
279.914: Total time for which application threads were stopped: 0.0011610 seconds, Stopping threads took: 0.0001370 seconds
279.987: Application time: 0.0727220 seconds
279.987: [GC [PSYoungGen: 31714K->3296K(33280K)] 49038K->20660K(71680K), 0.0012930 secs] [Times: user=0.01 sys=0.00, real=0.00 secs] 
279.988: Total time for which application threads were stopped: 0.0014540 seconds, Stopping threads took: 0.0000840 seconds
280.066: Application time: 0.0774540 seconds
280.066: [GC [PSYoungGen: 32659K->256K(38912K)] 50023K->17668K(77312K), 0.0003630 secs] [Times: user=0.00 sys=0.00, real=0.00 secs] 
280.066: Total time for which application threads were stopped: 0.0005130 seconds, Stopping threads took: 0.0000930 seconds
280.151: Application time: 0.0847700 seconds
280.154: [GC [PSYoungGen: 35255K->1792K(36864K)] 52667K->19204K(75264K), 0.0006900 secs] [Times: user=0.00 sys=0.00, real=0.00 secs] 
280.154: Total time for which application threads were stopped: 0.0033510 seconds, Stopping threads took: 0.0025910 seconds
280.238: Application time: 0.0838130 seconds
280.238: [GC [PSYoungGen: 36434K->3360K(37888K)] 53846K->20772K(76288K), 0.0011240 secs] [Times: user=0.01 sys=0.00, real=0.00 secs] 
280.239: Total time for which application threads were stopped: 0.0012650 seconds, Stopping threads took: 0.0000660 seconds
280.325: Application time: 0.0858810 seconds
280.325: [GC [PSYoungGen: 37500K->1808K(35840K)] 54912K->19308K(74240K), 0.0007740 secs] [Times: user=0.00 sys=0.00, real=0.00 secs] 
280.326: Total time for which application threads were stopped: 0.0009140 seconds, Stopping threads took: 0.0000640 seconds
280.408: Application time: 0.0822710 seconds
280.409: [GC [PSYoungGen: 35348K->2304K(36864K)] 52848K->19892K(75264K), 0.0009360 secs] [Times: user=0.00 sys=0.01, real=0.00 secs] 
280.410: Total time for which application threads were stopped: 0.0011170 seconds, Stopping threads took: 0.0001040 seconds
280.490: Application time: 0.0809270 seconds
280.491: [GC [PSYoungGen: 35251K->2304K(37376K)] 52839K->19940K(75776K), 0.0009020 secs] [Times: user=0.00 sys=0.00, real=0.00 secs] 
280.491: Total time for which application threads were stopped: 0.0010390 seconds, Stopping threads took: 0.0000700 seconds
280.573: Application time: 0.0818980 seconds
280.573: [GC [PSYoungGen: 35332K->2304K(35328K)] 52968K->19940K(73728K), 0.0007930 secs] [Times: user=0.00 sys=0.00, real=0.00 secs] 
280.574: Total time for which application threads were stopped: 0.0009300 seconds, Stopping threads took: 0.0000640 seconds
280.655: Application time: 0.0810010 seconds
280.655: [GC [PSYoungGen: 34893K->2320K(43008K)] 52530K->20004K(81408K), 0.0009100 secs] [Times: user=0.01 sys=0.00, real=0.00 secs] 
280.656: Total time for which application threads were stopped: 0.0010460 seconds, Stopping threads took: 0.0000640 seconds
280.753: Application time: 0.0963670 seconds
280.753: [GC [PSYoungGen: 41438K->2304K(40960K)] 59122K->20076K(79360K), 0.0008820 secs] [Times: user=0.00 sys=0.00, real=0.01 secs] 
280.754: Total time for which application threads were stopped: 0.0010210 seconds, Stopping threads took: 0.0000680 seconds
280.848: Application time: 0.0942060 seconds
280.848: [GC [PSYoungGen: 40394K->2304K(39936K)] 58166K->20076K(78336K), 0.0009140 secs] [Times: user=0.00 sys=0.00, real=0.00 secs] 
280.849: Total time for which application threads were stopped: 0.0010510 seconds, Stopping threads took: 0.0000590 seconds
280.939: Application time: 0.0896400 seconds
280.939: [GC [PSYoungGen: 39598K->2864K(39424K)] 57371K->20636K(77824K), 0.0010300 secs] [Times: user=0.01 sys=0.00, real=0.00 secs] 
280.940: Total time for which application threads were stopped: 0.0011760 seconds, Stopping threads took: 0.0000720 seconds
281.030: Application time: 0.0904790 seconds
281.030: [GC [PSYoungGen: 38978K->2304K(38400K)] 56750K->20204K(76800K), 0.0009860 secs] [Times: user=0.00 sys=0.00, real=0.00 secs] 
281.031: Total time for which application threads were stopped: 0.0011260 seconds, Stopping threads took: 0.0000700 seconds
281.118: Application time: 0.0861750 seconds
281.118: [GC [PSYoungGen: 37900K->2816K(39424K)] 55800K->20764K(77824K), 0.0011180 secs] [Times: user=0.00 sys=0.00, real=0.00 secs] 
281.119: Total time for which application threads were stopped: 0.0012780 seconds, Stopping threads took: 0.0000890 seconds
281.210: Application time: 0.0908230 seconds
281.210: [GC [PSYoungGen: 38420K->1280K(36864K)] 56369K->19276K(75264K), 0.0006300 secs] [Times: user=0.00 sys=0.00, real=0.00 secs] 
281.210: Total time for which application threads were stopped: 0.0007560 seconds, Stopping threads took: 0.0000590 seconds
281.295: Application time: 0.0841290 seconds
281.295: [GC [PSYoungGen: 36435K->2832K(38400K)] 54432K->20868K(76800K), 0.0011060 secs] [Times: user=0.01 sys=0.00, real=0.00 secs] 
281.296: Total time for which application threads were stopped: 0.0012560 seconds, Stopping threads took: 0.0000750 seconds
281.382: Application time: 0.0864090 seconds
281.382: [GC [PSYoungGen: 37329K->1248K(35840K)] 55366K->19364K(74240K), 0.0005790 secs] [Times: user=0.00 sys=0.00, real=0.00 secs] 
281.383: Total time for which application threads were stopped: 0.0007170 seconds, Stopping threads took: 0.0000720 seconds
281.465: Application time: 0.0821300 seconds
281.465: [GC [PSYoungGen: 35217K->2816K(37376K)] 53334K->20932K(75776K), 0.0010810 secs] [Times: user=0.01 sys=0.00, real=0.00 secs] 
281.466: Total time for which application threads were stopped: 0.0012870 seconds, Stopping threads took: 0.0001350 seconds
281.551: Application time: 0.0844600 seconds
281.551: [GC [PSYoungGen: 36437K->2304K(37888K)] 54554K->20420K(76288K), 0.0009480 secs] [Times: user=0.01 sys=0.00, real=0.00 secs] 
281.552: Total time for which application threads were stopped: 0.0010870 seconds, Stopping threads took: 0.0000690 seconds
281.635: Application time: 0.0828300 seconds
281.635: [GC [PSYoungGen: 35923K->2320K(35840K)] 54040K->20508K(74240K), 0.0008220 secs] [Times: user=0.01 sys=0.00, real=0.00 secs] 
281.636: Total time for which application threads were stopped: 0.0009540 seconds, Stopping threads took: 0.0000640 seconds
281.718: Application time: 0.0818170 seconds
281.718: [GC [PSYoungGen: 35345K->2304K(42496K)] 53534K->20565K(80896K), 0.0009350 secs] [Times: user=0.01 sys=0.00, real=0.00 secs] 
281.719: Total time for which application threads were stopped: 0.0011720 seconds, Stopping threads took: 0.0001650 seconds
281.817: Application time: 0.0985260 seconds
281.817: [GC [PSYoungGen: 41940K->1280K(41472K)] 60201K->19589K(79872K), 0.0005790 secs] [Times: user=0.01 sys=0.00, real=0.00 secs] 
281.818: Total time for which application threads were stopped: 0.0007130 seconds, Stopping threads took: 0.0000740 seconds
281.912: Application time: 0.0936620 seconds
281.912: [GC [PSYoungGen: 40036K->2304K(40448K)] 58345K->20613K(78848K), 0.0009580 secs] [Times: user=0.00 sys=0.00, real=0.00 secs] 
281.913: Total time for which application threads were stopped: 0.0011060 seconds, Stopping threads took: 0.0000690 seconds
282.005: Application time: 0.0927100 seconds
282.006: [GC [PSYoungGen: 39956K->2816K(39936K)] 58265K->21201K(78336K), 0.0010580 secs] [Times: user=0.00 sys=0.00, real=0.00 secs] 
282.007: Total time for which application threads were stopped: 0.0012060 seconds, Stopping threads took: 0.0000750 seconds
282.099: Application time: 0.0920560 seconds
282.099: [GC [PSYoungGen: 39366K->2304K(38912K)] 57751K->20729K(77312K), 0.0009580 secs] [Times: user=0.01 sys=0.00, real=0.00 secs] 
282.100: Total time for which application threads were stopped: 0.0010870 seconds, Stopping threads took: 0.0000580 seconds
282.188: Application time: 0.0879870 seconds
282.188: [GC [PSYoungGen: 38574K->1824K(38912K)] 56999K->20249K(77312K), 0.0007870 secs] [Times: user=0.00 sys=0.00, real=0.00 secs] 
282.189: Total time for which application threads were stopped: 0.0010120 seconds, Stopping threads took: 0.0001590 seconds
282.279: Application time: 0.0903240 seconds
282.279: [GC [PSYoungGen: 37345K->1280K(36864K)] 55771K->19833K(75264K), 0.0006060 secs] [Times: user=0.00 sys=0.00, real=0.00 secs] 
282.280: Total time for which application threads were stopped: 0.0007170 seconds, Stopping threads took: 0.0000500 seconds
282.364: Application time: 0.0838020 seconds
282.364: [GC [PSYoungGen: 36434K->3360K(38400K)] 54987K->21913K(76800K), 0.0012590 secs] [Times: user=0.01 sys=0.00, real=0.00 secs] 
282.365: Total time for which application threads were stopped: 0.0014010 seconds, Stopping threads took: 0.0000660 seconds
282.455: Application time: 0.0895610 seconds
282.455: [GC [PSYoungGen: 37862K->768K(35328K)] 56415K->19417K(73728K), 0.0004490 secs] [Times: user=0.00 sys=0.00, real=0.00 secs] 
282.455: Total time for which application threads were stopped: 0.0005680 seconds, Stopping threads took: 0.0000530 seconds
282.536: Application time: 0.0812700 seconds
282.537: [GC [PSYoungGen: 34819K->1792K(37376K)] 53469K->20441K(75776K), 0.0007550 secs] [Times: user=0.01 sys=0.00, real=0.00 secs] 
282.537: Total time for which application threads were stopped: 0.0008880 seconds, Stopping threads took: 0.0000650 seconds
282.623: Application time: 0.0851760 seconds
282.623: [GC [PSYoungGen: 35414K->1280K(34816K)] 54063K->19985K(73216K), 0.0006160 secs] [Times: user=0.00 sys=0.00, real=0.00 secs] 
282.623: Total time for which application threads were stopped: 0.0007500 seconds, Stopping threads took: 0.0000700 seconds
282.706: Application time: 0.0824450 seconds
282.706: [GC [PSYoungGen: 34231K->768K(36352K)] 52936K->19569K(74752K), 0.0005160 secs] [Times: user=0.00 sys=0.00, real=0.00 secs] 
282.706: Total time for which application threads were stopped: 0.0006430 seconds, Stopping threads took: 0.0000610 seconds
282.784: Application time: 0.0772720 seconds
282.784: [GC [PSYoungGen: 33188K->2304K(34816K)] 51990K->21105K(73216K), 0.0009190 secs] [Times: user=0.00 sys=0.00, real=0.00 secs] 
282.785: Total time for which application threads were stopped: 0.0010570 seconds, Stopping threads took: 0.0000620 seconds
282.864: Application time: 0.0795630 seconds
282.864: [GC [PSYoungGen: 34453K->2848K(35328K)] 53255K->21649K(73728K), 0.0011710 secs] [Times: user=0.01 sys=0.00, real=0.00 secs] 
282.866: Total time for which application threads were stopped: 0.0013110 seconds, Stopping threads took: 0.0000660 seconds
282.945: Application time: 0.0791890 seconds
282.945: [GC [PSYoungGen: 34253K->2304K(33792K)] 53054K->21221K(72192K), 0.0009560 secs] [Times: user=0.01 sys=0.00, real=0.00 secs] 
282.946: Total time for which application threads were stopped: 0.0010990 seconds, Stopping threads took: 0.0000730 seconds
283.022: Application time: 0.0762450 seconds
283.022: [GC [PSYoungGen: 33345K->2304K(35328K)] 52263K->21221K(73728K), 0.0009140 secs] [Times: user=0.00 sys=0.00, real=0.00 secs] 
283.023: Total time for which application threads were stopped: 0.0010520 seconds, Stopping threads took: 0.0000590 seconds
283.101: Application time: 0.0778000 seconds
283.101: [GC [PSYoungGen: 33193K->1792K(35328K)] 52110K->20797K(73728K), 0.0007720 secs] [Times: user=0.01 sys=0.00, real=0.01 secs] 
283.102: Total time for which application threads were stopped: 0.0009010 seconds, Stopping threads took: 0.0000650 seconds
283.177: Application time: 0.0755260 seconds
283.178: [GC [PSYoungGen: 32672K->2304K(33280K)] 51678K->21309K(71680K), 0.0007730 secs] [Times: user=0.00 sys=0.00, real=0.00 secs] 
283.178: Total time for which application threads were stopped: 0.0009250 seconds, Stopping threads took: 0.0000820 seconds
283.254: Application time: 0.0759430 seconds
283.254: [GC [PSYoungGen: 32841K->736K(31232K)] 51846K->19741K(69632K), 0.0005450 secs] [Times: user=0.00 sys=0.00, real=0.00 secs] 
283.255: Total time for which application threads were stopped: 0.0006670 seconds, Stopping threads took: 0.0000560 seconds
283.330: Application time: 0.0747110 seconds
283.330: [GC [PSYoungGen: 30662K->1280K(31232K)] 49668K->20377K(69632K), 0.0006470 secs] [Times: user=0.00 sys=0.00, real=0.00 secs] 
283.330: Total time for which application threads were stopped: 0.0007770 seconds, Stopping threads took: 0.0000660 seconds
283.401: Application time: 0.0710210 seconds
283.402: [GC [PSYoungGen: 30614K->1792K(31232K)] 49712K->20953K(69632K), 0.0007770 secs] [Times: user=0.01 sys=0.00, real=0.00 secs] 
283.402: Total time for which application threads were stopped: 0.0009700 seconds, Stopping threads took: 0.0001270 seconds
283.474: Application time: 0.0711040 seconds
283.474: [GC [PSYoungGen: 30612K->1792K(30720K)] 49773K->20953K(69120K), 0.0008070 secs] [Times: user=0.01 sys=0.00, real=0.00 secs] 
283.474: Total time for which application threads were stopped: 0.0009310 seconds, Stopping threads took: 0.0000580 seconds
283.545: Application time: 0.0702150 seconds
283.545: [GC [PSYoungGen: 30330K->2320K(33792K)] 49492K->21481K(72192K), 0.0009590 secs] [Times: user=0.01 sys=0.00, real=0.00 secs] 
283.546: Total time for which application threads were stopped: 0.0010990 seconds, Stopping threads took: 0.0000580 seconds
283.620: Application time: 0.0744050 seconds
283.620: [GC [PSYoungGen: 32176K->1792K(31744K)] 51338K->21065K(70144K), 0.0006800 secs] [Times: user=0.00 sys=0.00, real=0.00 secs] 
283.621: Total time for which application threads were stopped: 0.0008340 seconds, Stopping threads took: 0.0000860 seconds
283.693: Application time: 0.0719780 seconds
283.693: [GC [PSYoungGen: 31282K->1792K(31232K)] 50556K->21065K(69632K), 0.0008100 secs] [Times: user=0.01 sys=0.00, real=0.01 secs] 
283.694: Total time for which application threads were stopped: 0.0010120 seconds, Stopping threads took: 0.0001300 seconds
283.765: Application time: 0.0713730 seconds
283.766: [GC [PSYoungGen: 30612K->2304K(35328K)] 49885K->21661K(73728K), 0.0008980 secs] [Times: user=0.00 sys=0.00, real=0.00 secs] 
283.766: Total time for which application threads were stopped: 0.0010460 seconds, Stopping threads took: 0.0000790 seconds
283.845: Application time: 0.0786440 seconds
283.845: [GC [PSYoungGen: 34217K->2816K(35840K)] 53574K->22173K(74240K), 0.0011040 secs] [Times: user=0.01 sys=0.00, real=0.00 secs] 
283.846: Total time for which application threads were stopped: 0.0012640 seconds, Stopping threads took: 0.0000840 seconds
283.928: Application time: 0.0812160 seconds
283.928: [GC [PSYoungGen: 34978K->1280K(33280K)] 54336K->20637K(71680K), 0.0005400 secs] [Times: user=0.00 sys=0.00, real=0.00 secs] 
283.928: Total time for which application threads were stopped: 0.0006640 seconds, Stopping threads took: 0.0000620 seconds
284.004: Application time: 0.0761420 seconds
284.005: [GC [PSYoungGen: 32670K->2304K(40448K)] 52028K->21777K(78848K), 0.0009250 secs] [Times: user=0.00 sys=0.00, real=0.00 secs] 
284.005: Total time for which application threads were stopped: 0.0010760 seconds, Stopping threads took: 0.0000720 seconds
284.096: Application time: 0.0910050 seconds
284.097: [GC [PSYoungGen: 38854K->2304K(38912K)] 58328K->21777K(77312K), 0.0008570 secs] [Times: user=0.01 sys=0.00, real=0.00 secs] 
284.097: Total time for which application threads were stopped: 0.0010050 seconds, Stopping threads took: 0.0000700 seconds
284.189: Application time: 0.0912270 seconds
284.189: [GC [PSYoungGen: 38496K->1760K(37888K)] 57970K->21233K(76288K), 0.0008440 secs] [Times: user=0.01 sys=0.00, real=0.00 secs] 
284.190: Total time for which application threads were stopped: 0.0009760 seconds, Stopping threads took: 0.0000640 seconds
284.277: Application time: 0.0874960 seconds
284.277: [GC [PSYoungGen: 37355K->2304K(38400K)] 56829K->21858K(76800K), 0.0008390 secs] [Times: user=0.00 sys=0.00, real=0.00 secs] 
284.278: Total time for which application threads were stopped: 0.0009830 seconds, Stopping threads took: 0.0000700 seconds
284.366: Application time: 0.0882390 seconds
284.367: [GC [PSYoungGen: 37470K->1248K(36352K)] 57024K->20850K(74752K), 0.0006370 secs] [Times: user=0.00 sys=0.00, real=0.00 secs] 
284.367: Total time for which application threads were stopped: 0.0007630 seconds, Stopping threads took: 0.0000630 seconds
284.450: Application time: 0.0827900 seconds
284.450: [GC [PSYoungGen: 35735K->2304K(37376K)] 55337K->21986K(75776K), 0.0009080 secs] [Times: user=0.01 sys=0.00, real=0.00 secs] 
284.451: Total time for which application threads were stopped: 0.0010480 seconds, Stopping threads took: 0.0000700 seconds
284.535: Application time: 0.0842760 seconds
284.535: [GC [PSYoungGen: 36438K->2304K(36352K)] 56120K->21986K(74752K), 0.0009180 secs] [Times: user=0.00 sys=0.00, real=0.00 secs] 
284.536: Total time for which application threads were stopped: 0.0010380 seconds, Stopping threads took: 0.0000540 seconds
284.618: Application time: 0.0820220 seconds
284.618: [GC [PSYoungGen: 35843K->2816K(37376K)] 55525K->22582K(75776K), 0.0011110 secs] [Times: user=0.01 sys=0.00, real=0.00 secs] 
284.620: Total time for which application threads were stopped: 0.0012510 seconds, Stopping threads took: 0.0000600 seconds
284.701: Application time: 0.0812040 seconds
284.701: [GC [PSYoungGen: 36277K->3328K(37376K)] 56043K->23134K(75776K), 0.0012620 secs] [Times: user=0.00 sys=0.00, real=0.01 secs] 
284.702: Total time for which application threads were stopped: 0.0014150 seconds, Stopping threads took: 0.0000740 seconds
284.788: Application time: 0.0858860 seconds
284.788: [GC [PSYoungGen: 36878K->1280K(34816K)] 56684K->21086K(73216K), 0.0005550 secs] [Times: user=0.00 sys=0.00, real=0.00 secs] 
284.789: Total time for which application threads were stopped: 0.0006770 seconds, Stopping threads took: 0.0000610 seconds
284.869: Application time: 0.0800830 seconds
284.869: [GC [PSYoungGen: 34377K->2304K(42496K)] 54183K->22166K(80896K), 0.0009380 secs] [Times: user=0.01 sys=0.00, real=0.00 secs] 
284.870: Total time for which application threads were stopped: 0.0010960 seconds, Stopping threads took: 0.0000880 seconds
284.964: Application time: 0.0937780 seconds
284.964: [GC [PSYoungGen: 40392K->2784K(44032K)] 60254K->22722K(82432K), 0.0010670 secs] [Times: user=0.00 sys=0.00, real=0.00 secs] 
284.965: Total time for which application threads were stopped: 0.0012800 seconds, Stopping threads took: 0.0001330 seconds
285.064: Application time: 0.0985050 seconds
285.064: [GC [PSYoungGen: 42576K->1792K(40960K)] 62514K->21730K(79360K), 0.0007410 secs] [Times: user=0.00 sys=0.00, real=0.00 secs] 
285.064: Total time for which application threads were stopped: 0.0008700 seconds, Stopping threads took: 0.0000600 seconds
285.160: Application time: 0.0953410 seconds
285.160: [GC [PSYoungGen: 40396K->1760K(39936K)] 60334K->21782K(78336K), 0.0007820 secs] [Times: user=0.01 sys=0.00, real=0.00 secs] 
285.161: Total time for which application threads were stopped: 0.0009210 seconds, Stopping threads took: 0.0000610 seconds
285.254: Application time: 0.0931010 seconds
285.254: [GC [PSYoungGen: 39568K->2320K(39424K)] 59591K->22342K(77824K), 0.0009470 secs] [Times: user=0.01 sys=0.00, real=0.00 secs] 
285.255: Total time for which application threads were stopped: 0.0010850 seconds, Stopping threads took: 0.0000660 seconds
285.346: Application time: 0.0909120 seconds
285.346: [GC [PSYoungGen: 38870K->1792K(39424K)] 58892K->21922K(77824K), 0.0007790 secs] [Times: user=0.01 sys=0.00, real=0.00 secs] 
285.347: Total time for which application threads were stopped: 0.0009140 seconds, Stopping threads took: 0.0000680 seconds
285.437: Application time: 0.0899660 seconds
285.437: [GC [PSYoungGen: 37906K->1280K(37376K)] 58036K->21410K(75776K), 0.0006170 secs] [Times: user=0.00 sys=0.00, real=0.00 secs] 
285.438: Total time for which application threads were stopped: 0.0008430 seconds, Stopping threads took: 0.0001630 seconds
285.526: Application time: 0.0884330 seconds
285.526: [GC [PSYoungGen: 36958K->688K(38400K)] 57088K->20866K(76800K), 0.0005310 secs] [Times: user=0.00 sys=0.00, real=0.00 secs] 
285.527: Total time for which application threads were stopped: 0.0006520 seconds, Stopping threads took: 0.0000590 seconds
285.611: Application time: 0.0843060 seconds
285.611: [GC [PSYoungGen: 35687K->2272K(37376K)] 55866K->22530K(75776K), 0.0009810 secs] [Times: user=0.01 sys=0.00, real=0.00 secs] 
285.612: Total time for which application threads were stopped: 0.0011280 seconds, Stopping threads took: 0.0000740 seconds
285.698: Application time: 0.0861090 seconds
285.698: [GC [PSYoungGen: 36920K->2304K(37376K)] 57179K->22562K(75776K), 0.0009470 secs] [Times: user=0.00 sys=0.00, real=0.00 secs] 
285.699: Total time for which application threads were stopped: 0.0010890 seconds, Stopping threads took: 0.0000630 seconds
285.782: Application time: 0.0826300 seconds
285.782: [GC [PSYoungGen: 36277K->3328K(37888K)] 56536K->23654K(76288K), 0.0012910 secs] [Times: user=0.01 sys=0.00, real=0.00 secs] 
285.783: Total time for which application threads were stopped: 0.0014530 seconds, Stopping threads took: 0.0000850 seconds
285.872: Application time: 0.0881980 seconds
285.872: [GC [PSYoungGen: 37472K->768K(34816K)] 57799K->21094K(73216K), 0.0005060 secs] [Times: user=0.00 sys=0.00, real=0.00 secs] 
285.872: Total time for which application threads were stopped: 0.0006370 seconds, Stopping threads took: 0.0000680 seconds
285.953: Application time: 0.0804380 seconds
285.953: [GC [PSYoungGen: 34305K->1792K(35328K)] 54632K->22206K(73728K), 0.0007640 secs] [Times: user=0.00 sys=0.00, real=0.01 secs] 
285.954: Total time for which application threads were stopped: 0.0009030 seconds, Stopping threads took: 0.0000750 seconds
286.036: Application time: 0.0827700 seconds
286.036: [GC [PSYoungGen: 34737K->1792K(34816K)] 55152K->22262K(73216K), 0.0006830 secs] [Times: user=0.00 sys=0.00, real=0.00 secs] 
286.037: Total time for which application threads were stopped: 0.0008540 seconds, Stopping threads took: 0.0001040 seconds
286.117: Application time: 0.0800620 seconds
286.117: [GC [PSYoungGen: 34303K->2304K(34816K)] 54774K->22774K(73216K), 0.0009490 secs] [Times: user=0.01 sys=0.01, real=0.00 secs] 
286.118: Total time for which application threads were stopped: 0.0010930 seconds, Stopping threads took: 0.0000720 seconds
286.198: Application time: 0.0792330 seconds
286.198: [GC [PSYoungGen: 34377K->2272K(34304K)] 54848K->22782K(72704K), 0.0009400 secs] [Times: user=0.00 sys=0.00, real=0.00 secs] 
286.199: Total time for which application threads were stopped: 0.0010820 seconds, Stopping threads took: 0.0000720 seconds
286.276: Application time: 0.0773150 seconds
286.276: [GC [PSYoungGen: 33673K->2304K(33792K)] 54183K->22890K(72192K), 0.0009600 secs] [Times: user=0.01 sys=0.00, real=0.00 secs] 
286.277: Total time for which application threads were stopped: 0.0011170 seconds, Stopping threads took: 0.0000740 seconds
286.355: Application time: 0.0775200 seconds
286.355: [GC [PSYoungGen: 33349K->1760K(32768K)] 53936K->22346K(71168K), 0.0007800 secs] [Times: user=0.00 sys=0.00, real=0.00 secs] 
286.356: Total time for which application threads were stopped: 0.0009190 seconds, Stopping threads took: 0.0000700 seconds
286.430: Application time: 0.0746480 seconds
286.430: [GC [PSYoungGen: 32120K->2816K(35840K)] 52707K->23475K(74240K), 0.0010990 secs] [Times: user=0.01 sys=0.00, real=0.00 secs] 
286.431: Total time for which application threads were stopped: 0.0012520 seconds, Stopping threads took: 0.0000810 seconds
286.512: Application time: 0.0809770 seconds
286.512: [GC [PSYoungGen: 34897K->1792K(33792K)] 55556K->22450K(72192K), 0.0006520 secs] [Times: user=0.00 sys=0.00, real=0.00 secs] 
286.513: Total time for which application threads were stopped: 0.0007810 seconds, Stopping threads took: 0.0000630 seconds
286.589: Application time: 0.0755230 seconds
286.589: [GC [PSYoungGen: 33263K->2784K(38912K)] 53922K->23519K(77312K), 0.0011080 secs] [Times: user=0.01 sys=0.00, real=0.00 secs] 
286.591: Total time for which application threads were stopped: 0.0018180 seconds, Stopping threads took: 0.0001570 seconds
286.678: Application time: 0.0871040 seconds
286.678: [GC [PSYoungGen: 37791K->2304K(41984K)] 58526K->23087K(80384K), 0.0007910 secs] [Times: user=0.00 sys=0.00, real=0.00 secs] 
286.679: Total time for which application threads were stopped: 0.0009180 seconds, Stopping threads took: 0.0000560 seconds
286.774: Application time: 0.0956570 seconds
286.774: [GC [PSYoungGen: 40474K->1792K(39424K)] 61257K->22575K(77824K), 0.0007410 secs] [Times: user=0.00 sys=0.00, real=0.00 secs] 
286.775: Total time for which application threads were stopped: 0.0008690 seconds, Stopping threads took: 0.0000590 seconds
286.867: Application time: 0.0918270 seconds
286.867: [GC [PSYoungGen: 39010K->1792K(38912K)] 59793K->22631K(77312K), 0.0007900 secs] [Times: user=0.01 sys=0.00, real=0.00 secs] 
286.868: Total time for which application threads were stopped: 0.0009550 seconds, Stopping threads took: 0.0000840 seconds
286.956: Application time: 0.0877670 seconds
286.956: [GC [PSYoungGen: 37900K->2816K(38912K)] 58739K->23723K(77312K), 0.0011170 secs] [Times: user=0.01 sys=0.00, real=0.00 secs] 
286.957: Total time for which application threads were stopped: 0.0012720 seconds, Stopping threads took: 0.0000820 seconds
287.045: Application time: 0.0884220 seconds
287.045: [GC [PSYoungGen: 38416K->2272K(39424K)] 59323K->23211K(77824K), 0.0010060 secs] [Times: user=0.00 sys=0.00, real=0.00 secs] 
287.046: Total time for which application threads were stopped: 0.0011770 seconds, Stopping threads took: 0.0000790 seconds
287.136: Application time: 0.0895940 seconds
287.136: [GC [PSYoungGen: 37796K->1248K(36864K)] 58735K->22243K(75264K), 0.0006560 secs] [Times: user=0.00 sys=0.00, real=0.00 secs] 
287.137: Total time for which application threads were stopped: 0.0007860 seconds, Stopping threads took: 0.0000680 seconds
287.221: Application time: 0.0845780 seconds
287.222: [GC [PSYoungGen: 36403K->2816K(37888K)] 57398K->23811K(76288K), 0.0011080 secs] [Times: user=0.00 sys=0.00, real=0.00 secs] 
287.223: Total time for which application threads were stopped: 0.0012510 seconds, Stopping threads took: 0.0000720 seconds
287.311: Application time: 0.0882630 seconds
287.311: [GC [PSYoungGen: 37394K->768K(37888K)] 58389K->21851K(76288K), 0.0004740 secs] [Times: user=0.01 sys=0.00, real=0.00 secs] 
287.312: Total time for which application threads were stopped: 0.0006060 seconds, Stopping threads took: 0.0000640 seconds
287.394: Application time: 0.0828270 seconds
287.395: [GC [PSYoungGen: 34815K->2304K(37376K)] 55898K->23435K(75776K), 0.0009230 secs] [Times: user=0.00 sys=0.00, real=0.00 secs] 
287.395: Total time for which application threads were stopped: 0.0010750 seconds, Stopping threads took: 0.0000760 seconds
287.481: Application time: 0.0852860 seconds
287.481: [GC [PSYoungGen: 35773K->768K(34304K)] 56905K->21955K(72704K), 0.0004690 secs] [Times: user=0.00 sys=0.00, real=0.00 secs] 
287.481: Total time for which application threads were stopped: 0.0005840 seconds, Stopping threads took: 0.0000560 seconds
287.562: Application time: 0.0808000 seconds
287.562: [GC [PSYoungGen: 33869K->1280K(36352K)] 55057K->22467K(74752K), 0.0006080 secs] [Times: user=0.01 sys=0.00, real=0.00 secs] 
287.563: Total time for which application threads were stopped: 0.0007280 seconds, Stopping threads took: 0.0000570 seconds
287.641: Application time: 0.0777910 seconds
287.641: [GC [PSYoungGen: 33853K->3360K(35840K)] 55040K->24623K(74240K), 0.0013140 secs] [Times: user=0.01 sys=0.00, real=0.01 secs] 
287.642: Total time for which application threads were stopped: 0.0014620 seconds, Stopping threads took: 0.0000650 seconds
287.723: Application time: 0.0806800 seconds
287.723: [GC [PSYoungGen: 35285K->2272K(36352K)] 56549K->23611K(74752K), 0.0009470 secs] [Times: user=0.01 sys=0.00, real=0.00 secs] 
287.724: Total time for which application threads were stopped: 0.0010820 seconds, Stopping threads took: 0.0000610 seconds
287.804: Application time: 0.0805740 seconds
287.805: [GC [PSYoungGen: 34199K->768K(32768K)] 55539K->22107K(71168K), 0.0004880 secs] [Times: user=0.00 sys=0.00, real=0.00 secs] 
287.805: Total time for which application threads were stopped: 0.0007300 seconds, Stopping threads took: 0.0001800 seconds
287.882: Application time: 0.0766220 seconds
287.882: [GC [PSYoungGen: 32316K->2304K(34816K)] 53656K->23643K(73216K), 0.0009220 secs] [Times: user=0.01 sys=0.00, real=0.00 secs] 
287.883: Total time for which application threads were stopped: 0.0010600 seconds, Stopping threads took: 0.0000700 seconds
287.959: Application time: 0.0756520 seconds
287.959: [GC [PSYoungGen: 33269K->2304K(33280K)] 54608K->23723K(71680K), 0.0009440 secs] [Times: user=0.01 sys=0.00, real=0.00 secs] 
287.960: Total time for which application threads were stopped: 0.0010880 seconds, Stopping threads took: 0.0000650 seconds
288.036: Application time: 0.0763710 seconds
288.036: [GC [PSYoungGen: 32759K->1280K(33792K)] 54178K->22747K(72192K), 0.0006130 secs] [Times: user=0.00 sys=0.00, real=0.00 secs] 
288.037: Total time for which application threads were stopped: 0.0007460 seconds, Stopping threads took: 0.0000670 seconds
288.111: Application time: 0.0742350 seconds
288.111: [GC [PSYoungGen: 31124K->2304K(32256K)] 52591K->23827K(70656K), 0.0009480 secs] [Times: user=0.01 sys=0.00, real=0.00 secs] 
288.112: Total time for which application threads were stopped: 0.0010850 seconds, Stopping threads took: 0.0000640 seconds
288.185: Application time: 0.0731790 seconds
288.185: [GC [PSYoungGen: 31805K->1280K(32768K)] 53328K->22803K(71168K), 0.0006290 secs] [Times: user=0.01 sys=0.00, real=0.00 secs] 
288.186: Total time for which application threads were stopped: 0.0007630 seconds, Stopping threads took: 0.0000710 seconds
288.258: Application time: 0.0718820 seconds
288.258: [GC [PSYoungGen: 30100K->1280K(30208K)] 51623K->22891K(68608K), 0.0006620 secs] [Times: user=0.00 sys=0.00, real=0.00 secs] 
288.259: Total time for which application threads were stopped: 0.0008020 seconds, Stopping threads took: 0.0000740 seconds
288.327: Application time: 0.0685630 seconds
288.327: [GC [PSYoungGen: 29738K->2304K(31232K)] 51350K->23915K(69632K), 0.0009440 secs] [Times: user=0.01 sys=0.00, real=0.00 secs] 
288.328: Total time for which application threads were stopped: 0.0010810 seconds, Stopping threads took: 0.0000660 seconds
288.396: Application time: 0.0680160 seconds
288.396: [GC [PSYoungGen: 30096K->2240K(31744K)] 51707K->23919K(70144K), 0.0009270 secs] [Times: user=0.00 sys=0.00, real=0.00 secs] 
288.397: Total time for which application threads were stopped: 0.0010720 seconds, Stopping threads took: 0.0000700 seconds
288.469: Application time: 0.0711450 seconds
288.469: [GC [PSYoungGen: 30034K->1792K(29696K)] 51714K->23471K(68096K), 0.0006560 secs] [Times: user=0.01 sys=0.00, real=0.00 secs] 
288.469: Total time for which application threads were stopped: 0.0008010 seconds, Stopping threads took: 0.0000670 seconds
288.534: Application time: 0.0649790 seconds
288.535: [GC [PSYoungGen: 29220K->3360K(35840K)] 50899K->25039K(74240K), 0.0013360 secs] [Times: user=0.01 sys=0.00, real=0.00 secs] 
288.536: Total time for which application threads were stopped: 0.0014850 seconds, Stopping threads took: 0.0000750 seconds
288.617: Application time: 0.0806900 seconds
288.617: [GC [PSYoungGen: 35364K->2304K(37376K)] 57043K->24067K(75776K), 0.0009310 secs] [Times: user=0.01 sys=0.00, real=0.00 secs] 
288.618: Total time for which application threads were stopped: 0.0010690 seconds, Stopping threads took: 0.0000690 seconds
288.699: Application time: 0.0816580 seconds
288.699: [GC [PSYoungGen: 35334K->1792K(37376K)] 57097K->23611K(75776K), 0.0008290 secs] [Times: user=0.00 sys=0.00, real=0.00 secs] 
288.700: Total time for which application threads were stopped: 0.0009620 seconds, Stopping threads took: 0.0000660 seconds
288.781: Application time: 0.0805660 seconds
288.781: [GC [PSYoungGen: 34741K->1792K(43008K)] 56561K->23659K(81408K), 0.0006460 secs] [Times: user=0.00 sys=0.00, real=0.01 secs] 
288.782: Total time for which application threads were stopped: 0.0007860 seconds, Stopping threads took: 0.0000730 seconds
288.881: Application time: 0.0997840 seconds
288.882: [GC [PSYoungGen: 41580K->1792K(40960K)] 63448K->23659K(79360K), 0.0006560 secs] [Times: user=0.01 sys=0.00, real=0.00 secs] 
288.882: Total time for which application threads were stopped: 0.0007900 seconds, Stopping threads took: 0.0000660 seconds
288.976: Application time: 0.0942270 seconds
288.977: [GC [PSYoungGen: 40550K->2272K(40448K)] 62418K->24200K(78848K), 0.0008160 secs] [Times: user=0.00 sys=0.00, real=0.00 secs] 
288.977: Total time for which application threads were stopped: 0.0009520 seconds, Stopping threads took: 0.0000540 seconds
289.070: Application time: 0.0922920 seconds
289.070: [GC [PSYoungGen: 39848K->2304K(39424K)] 61776K->24304K(77824K), 0.0009450 secs] [Times: user=0.00 sys=0.00, real=0.00 secs] 
289.071: Total time for which application threads were stopped: 0.0010850 seconds, Stopping threads took: 0.0000670 seconds
289.162: Application time: 0.0916100 seconds
289.162: [GC [PSYoungGen: 38852K->2304K(39424K)] 60852K->24304K(77824K), 0.0008590 secs] [Times: user=0.01 sys=0.00, real=0.00 secs] 
289.163: Total time for which application threads were stopped: 0.0010020 seconds, Stopping threads took: 0.0000720 seconds
289.254: Application time: 0.0902040 seconds
289.254: [GC [PSYoungGen: 38576K->1232K(37376K)] 60576K->23232K(75776K), 0.0006470 secs] [Times: user=0.00 sys=0.00, real=0.00 secs] 
289.254: Total time for which application threads were stopped: 0.0007580 seconds, Stopping threads took: 0.0000510 seconds
289.339: Application time: 0.0849660 seconds
289.339: [GC [PSYoungGen: 36824K->2816K(38400K)] 58824K->24924K(76800K), 0.0011340 secs] [Times: user=0.01 sys=0.00, real=0.00 secs] 
289.341: Total time for which application threads were stopped: 0.0012740 seconds, Stopping threads took: 0.0000630 seconds
289.428: Application time: 0.0877440 seconds
289.428: [GC [PSYoungGen: 37825K->1792K(36864K)] 59934K->23964K(75264K), 0.0007860 secs] [Times: user=0.00 sys=0.00, real=0.00 secs] 
289.429: Total time for which application threads were stopped: 0.0009410 seconds, Stopping threads took: 0.0000880 seconds
289.514: Application time: 0.0850270 seconds
289.514: [GC [PSYoungGen: 36438K->2288K(37376K)] 58610K->24460K(75776K), 0.0009600 secs] [Times: user=0.01 sys=0.00, real=0.00 secs] 
289.515: Total time for which application threads were stopped: 0.0011020 seconds, Stopping threads took: 0.0000640 seconds
289.598: Application time: 0.0828940 seconds
289.598: [GC [PSYoungGen: 36346K->1792K(35840K)] 58518K->24052K(74240K), 0.0008160 secs] [Times: user=0.00 sys=0.00, real=0.00 secs] 
289.599: Total time for which application threads were stopped: 0.0009500 seconds, Stopping threads took: 0.0000630 seconds
289.684: Application time: 0.0845480 seconds
289.684: [GC [PSYoungGen: 35336K->1280K(36352K)] 57596K->23604K(74752K), 0.0006260 secs] [Times: user=0.00 sys=0.00, real=0.00 secs] 
289.685: Total time for which application threads were stopped: 0.0007510 seconds, Stopping threads took: 0.0000590 seconds
289.766: Application time: 0.0810190 seconds
289.766: [GC [PSYoungGen: 34219K->2304K(35328K)] 56543K->24676K(73728K), 0.0009280 secs] [Times: user=0.00 sys=0.00, real=0.00 secs] 
289.767: Total time for which application threads were stopped: 0.0010590 seconds, Stopping threads took: 0.0000580 seconds
289.846: Application time: 0.0796040 seconds
289.846: [GC [PSYoungGen: 34890K->2816K(36352K)] 57262K->25188K(74752K), 0.0011000 secs] [Times: user=0.01 sys=0.00, real=0.00 secs] 
289.847: Total time for which application threads were stopped: 0.0012410 seconds, Stopping threads took: 0.0000670 seconds
289.929: Application time: 0.0814160 seconds
289.929: [GC [PSYoungGen: 35414K->1248K(33792K)] 57786K->23688K(72192K), 0.0006640 secs] [Times: user=0.00 sys=0.00, real=0.00 secs] 
289.930: Total time for which application threads were stopped: 0.0007990 seconds, Stopping threads took: 0.0000700 seconds
290.010: Application time: 0.0806240 seconds
290.010: [GC [PSYoungGen: 33169K->768K(34816K)] 55609K->23296K(73216K), 0.0004900 secs] [Times: user=0.00 sys=0.00, real=0.00 secs] 
290.011: Total time for which application threads were stopped: 0.0006160 seconds, Stopping threads took: 0.0000650 seconds
290.087: Application time: 0.0760860 seconds
290.087: [GC [PSYoungGen: 32156K->2304K(33792K)] 54685K->24832K(72192K), 0.0009170 secs] [Times: user=0.00 sys=0.00, real=0.00 secs] 
290.088: Total time for which application threads were stopped: 0.0010650 seconds, Stopping threads took: 0.0000710 seconds
290.165: Application time: 0.0769220 seconds
290.165: [GC [PSYoungGen: 33357K->768K(33792K)] 55886K->23296K(72192K), 0.0005000 secs] [Times: user=0.00 sys=0.00, real=0.00 secs] 
290.166: Total time for which application threads were stopped: 0.0006230 seconds, Stopping threads took: 0.0000640 seconds
290.240: Application time: 0.0747960 seconds
290.241: [GC [PSYoungGen: 31206K->1792K(32256K)] 53735K->24408K(70656K), 0.0007860 secs] [Times: user=0.00 sys=0.00, real=0.00 secs] 
290.241: Total time for which application threads were stopped: 0.0009350 seconds, Stopping threads took: 0.0000810 seconds
290.314: Application time: 0.0726380 seconds
290.314: [GC [PSYoungGen: 31722K->1792K(32768K)] 54339K->24464K(71168K), 0.0007870 secs] [Times: user=0.01 sys=0.00, real=0.00 secs] 
290.315: Total time for which application threads were stopped: 0.0009180 seconds, Stopping threads took: 0.0000640 seconds
290.387: Application time: 0.0724240 seconds
290.387: [GC [PSYoungGen: 31124K->2240K(31744K)] 53796K->24952K(70144K), 0.0010000 secs] [Times: user=0.00 sys=0.00, real=0.00 secs] 
290.389: Total time for which application threads were stopped: 0.0011390 seconds, Stopping threads took: 0.0000690 seconds
290.460: Application time: 0.0719850 seconds
290.461: [GC [PSYoungGen: 31060K->2304K(32768K)] 53772K->25016K(71168K), 0.0009070 secs] [Times: user=0.00 sys=0.00, real=0.01 secs] 
290.462: Total time for which application threads were stopped: 0.0010490 seconds, Stopping threads took: 0.0000730 seconds
290.534: Application time: 0.0727210 seconds
290.534: [GC [PSYoungGen: 31288K->1280K(30208K)] 54001K->23992K(68608K), 0.0006330 secs] [Times: user=0.00 sys=0.00, real=0.00 secs] 
290.535: Total time for which application threads were stopped: 0.0007720 seconds, Stopping threads took: 0.0000740 seconds
290.605: Application time: 0.0696740 seconds
290.605: [GC [PSYoungGen: 29742K->1280K(31232K)] 52455K->24088K(69632K), 0.0006550 secs] [Times: user=0.00 sys=0.01, real=0.00 secs] 
290.606: Total time for which application threads were stopped: 0.0007960 seconds, Stopping threads took: 0.0000680 seconds
290.672: Application time: 0.0661010 seconds
290.672: [GC [PSYoungGen: 29066K->2752K(31744K)] 51874K->25640K(70144K), 0.0011420 secs] [Times: user=0.01 sys=0.00, real=0.00 secs] 
290.673: Total time for which application threads were stopped: 0.0012940 seconds, Stopping threads took: 0.0000750 seconds
290.743: Application time: 0.0698120 seconds
290.743: [GC [PSYoungGen: 30548K->1792K(37376K)] 53437K->24680K(75776K), 0.0006140 secs] [Times: user=0.01 sys=0.00, real=0.00 secs] 
290.743: Total time for which application threads were stopped: 0.0007480 seconds, Stopping threads took: 0.0000680 seconds
290.828: Application time: 0.0841940 seconds
290.828: [GC [PSYoungGen: 35338K->768K(34304K)] 58226K->23656K(72704K), 0.0004510 secs] [Times: user=0.00 sys=0.00, real=0.00 secs] 
290.828: Total time for which application threads were stopped: 0.0005710 seconds, Stopping threads took: 0.0000610 seconds
290.909: Application time: 0.0808140 seconds
290.909: [GC [PSYoungGen: 33869K->1280K(35840K)] 56758K->24216K(74240K), 0.0006100 secs] [Times: user=0.00 sys=0.00, real=0.00 secs] 
290.910: Total time for which application threads were stopped: 0.0007510 seconds, Stopping threads took: 0.0000740 seconds
290.989: Application time: 0.0794790 seconds
290.989: [GC [PSYoungGen: 33787K->1248K(33792K)] 56724K->24268K(72192K), 0.0006450 secs] [Times: user=0.00 sys=0.01, real=0.00 secs] 
290.990: Total time for which application threads were stopped: 0.0008420 seconds, Stopping threads took: 0.0001300 seconds
291.068: Application time: 0.0775200 seconds
291.068: [GC [PSYoungGen: 33161K->2304K(34816K)] 56181K->25372K(73216K), 0.0008670 secs] [Times: user=0.01 sys=0.00, real=0.00 secs] 
291.069: Total time for which application threads were stopped: 0.0010040 seconds, Stopping threads took: 0.0000650 seconds
291.147: Application time: 0.0786000 seconds
291.147: [GC [PSYoungGen: 33709K->1760K(33280K)] 56778K->24828K(71680K), 0.0007720 secs] [Times: user=0.01 sys=0.00, real=0.00 secs] 
291.148: Total time for which application threads were stopped: 0.0009280 seconds, Stopping threads took: 0.0000810 seconds
291.224: Application time: 0.0756930 seconds
291.224: [GC [PSYoungGen: 32875K->2320K(33792K)] 55944K->25388K(72192K), 0.0009360 secs] [Times: user=0.01 sys=0.00, real=0.00 secs] 
291.225: Total time for which application threads were stopped: 0.0010680 seconds, Stopping threads took: 0.0000630 seconds
291.302: Application time: 0.0766670 seconds
291.302: [GC [PSYoungGen: 32775K->1280K(31744K)] 55844K->24464K(70144K), 0.0006590 secs] [Times: user=0.01 sys=0.00, real=0.00 secs] 
291.302: Total time for which application threads were stopped: 0.0008020 seconds, Stopping threads took: 0.0000810 seconds
291.375: Application time: 0.0726220 seconds
291.375: [GC [PSYoungGen: 31128K->1792K(31744K)] 54313K->25025K(70144K), 0.0008010 secs] [Times: user=0.01 sys=0.00, real=0.00 secs] 
291.376: Total time for which application threads were stopped: 0.0009360 seconds, Stopping threads took: 0.0000670 seconds
291.451: Application time: 0.0747470 seconds
291.451: [GC [PSYoungGen: 31136K->736K(30208K)] 54369K->23968K(68608K), 0.0004720 secs] [Times: user=0.00 sys=0.00, real=0.00 secs] 
291.451: Total time for which application threads were stopped: 0.0005940 seconds, Stopping threads took: 0.0000600 seconds
291.522: Application time: 0.0711570 seconds
291.523: [GC [PSYoungGen: 29712K->768K(31232K)] 52945K->24000K(69632K), 0.0005150 secs] [Times: user=0.00 sys=0.00, real=0.00 secs] 
291.523: Total time for which application threads were stopped: 0.0006410 seconds, Stopping threads took: 0.0000650 seconds
291.591: Application time: 0.0674170 seconds
291.591: [GC [PSYoungGen: 29148K->1760K(30208K)] 52381K->25073K(68608K), 0.0008130 secs] [Times: user=0.00 sys=0.00, real=0.00 secs] 
291.592: Total time for which application threads were stopped: 0.0017410 seconds, Stopping threads took: 0.0000750 seconds
291.660: Application time: 0.0680530 seconds
291.660: [GC [PSYoungGen: 29630K->1792K(30208K)] 52943K->25161K(68608K), 0.0007810 secs] [Times: user=0.01 sys=0.00, real=0.00 secs] 
291.661: Total time for which application threads were stopped: 0.0009420 seconds, Stopping threads took: 0.0000860 seconds
291.730: Application time: 0.0684780 seconds
291.730: [GC [PSYoungGen: 29068K->2304K(29696K)] 52437K->25721K(68096K), 0.0009370 secs] [Times: user=0.00 sys=0.00, real=0.00 secs] 
291.731: Total time for which application threads were stopped: 0.0010780 seconds, Stopping threads took: 0.0000720 seconds
291.798: Application time: 0.0667510 seconds
291.798: [GC [PSYoungGen: 29070K->1792K(30208K)] 52487K->25209K(68608K), 0.0007720 secs] [Times: user=0.01 sys=0.00, real=0.00 secs] 
291.799: Total time for which application threads were stopped: 0.0009040 seconds, Stopping threads took: 0.0000640 seconds
291.865: Application time: 0.0662730 seconds
291.865: [GC [PSYoungGen: 28793K->1280K(28160K)] 52210K->24697K(66560K), 0.0006470 secs] [Times: user=0.00 sys=0.00, real=0.00 secs] 
291.866: Total time for which application threads were stopped: 0.0007860 seconds, Stopping threads took: 0.0000740 seconds
291.930: Application time: 0.0643430 seconds
291.930: [GC [PSYoungGen: 27604K->2304K(29696K)] 51021K->25833K(68096K), 0.0009560 secs] [Times: user=0.01 sys=0.00, real=0.00 secs] 
291.931: Total time for which application threads were stopped: 0.0011020 seconds, Stopping threads took: 0.0000750 seconds
291.997: Application time: 0.0659800 seconds
291.997: [GC [PSYoungGen: 28560K->768K(27136K)] 52089K->24345K(65536K), 0.0004900 secs] [Times: user=0.01 sys=0.00, real=0.00 secs] 
291.998: Total time for which application threads were stopped: 0.0006110 seconds, Stopping threads took: 0.0000610 seconds
292.061: Application time: 0.0638790 seconds
292.062: [GC [PSYoungGen: 26501K->1280K(28160K)] 50079K->24857K(66560K), 0.0006160 secs] [Times: user=0.00 sys=0.00, real=0.00 secs] 
292.062: Total time for which application threads were stopped: 0.0007390 seconds, Stopping threads took: 0.0000590 seconds
292.124: Application time: 0.0614420 seconds
292.124: [GC [PSYoungGen: 26499K->1792K(27136K)] 50077K->25369K(65536K), 0.0007620 secs] [Times: user=0.01 sys=0.00, real=0.00 secs] 
292.125: Total time for which application threads were stopped: 0.0008990 seconds, Stopping threads took: 0.0000690 seconds
292.185: Application time: 0.0608390 seconds
292.186: [GC [PSYoungGen: 26658K->1280K(27136K)] 50235K->24857K(65536K), 0.0007060 secs] [Times: user=0.00 sys=0.00, real=0.00 secs] 
292.186: Total time for which application threads were stopped: 0.0008410 seconds, Stopping threads took: 0.0000620 seconds
292.247: Application time: 0.0610170 seconds
292.247: [GC [PSYoungGen: 25552K->1248K(25600K)] 49129K->24905K(64000K), 0.0006510 secs] [Times: user=0.00 sys=0.00, real=0.00 secs] 
292.248: Total time for which application threads were stopped: 0.0007740 seconds, Stopping threads took: 0.0000540 seconds
292.303: Application time: 0.0547480 seconds
292.303: [GC [PSYoungGen: 24997K->2816K(26624K)] 48654K->27025K(65024K), 0.0012750 secs] [Times: user=0.01 sys=0.00, real=0.00 secs] 
292.304: Total time for which application threads were stopped: 0.0014220 seconds, Stopping threads took: 0.0000720 seconds
292.363: Application time: 0.0584590 seconds
292.363: [GC [PSYoungGen: 25985K->2304K(27136K)] 50195K->26561K(65536K), 0.0009110 secs] [Times: user=0.00 sys=0.00, real=0.00 secs] 
292.364: Total time for which application threads were stopped: 0.0010560 seconds, Stopping threads took: 0.0000780 seconds
292.423: Application time: 0.0592050 seconds
292.423: [GC [PSYoungGen: 25475K->768K(32256K)] 49733K->25025K(70656K), 0.0004830 secs] [Times: user=0.00 sys=0.00, real=0.00 secs] 
292.424: Total time for which application threads were stopped: 0.0006000 seconds, Stopping threads took: 0.0000600 seconds
292.493: Application time: 0.0690800 seconds
292.493: [GC [PSYoungGen: 29228K->1280K(32256K)] 53486K->25537K(70656K), 0.0006230 secs] [Times: user=0.00 sys=0.00, real=0.00 secs] 
292.493: Total time for which application threads were stopped: 0.0007560 seconds, Stopping threads took: 0.0000610 seconds
292.562: Application time: 0.0689870 seconds
292.563: [GC [PSYoungGen: 29738K->2304K(38400K)] 53995K->26645K(76800K), 0.0007930 secs] [Times: user=0.01 sys=0.00, real=0.00 secs] 
292.563: Total time for which application threads were stopped: 0.0010050 seconds, Stopping threads took: 0.0001410 seconds
292.650: Application time: 0.0870590 seconds
292.651: [GC [PSYoungGen: 36799K->1280K(35840K)] 61141K->25709K(74240K), 0.0006140 secs] [Times: user=0.00 sys=0.00, real=0.00 secs] 
292.651: Total time for which application threads were stopped: 0.0007330 seconds, Stopping threads took: 0.0000550 seconds
292.735: Application time: 0.0842600 seconds
292.736: [GC [PSYoungGen: 35255K->1792K(35840K)] 59685K->26221K(74240K), 0.0007510 secs] [Times: user=0.01 sys=0.00, real=0.00 secs] 
292.736: Total time for which application threads were stopped: 0.0008890 seconds, Stopping threads took: 0.0000610 seconds
292.818: Application time: 0.0820720 seconds
292.819: [GC [PSYoungGen: 35410K->2304K(36352K)] 59839K->26733K(74752K), 0.0008840 secs] [Times: user=0.01 sys=0.00, real=0.00 secs] 
292.819: Total time for which application threads were stopped: 0.0010200 seconds, Stopping threads took: 0.0000690 seconds
292.901: Application time: 0.0817900 seconds
292.901: [GC [PSYoungGen: 35331K->2304K(35840K)] 59761K->26813K(74240K), 0.0009020 secs] [Times: user=0.00 sys=0.01, real=0.01 secs] 
292.902: Total time for which application threads were stopped: 0.0010380 seconds, Stopping threads took: 0.0000660 seconds
292.985: Application time: 0.0826870 seconds
292.985: [GC [PSYoungGen: 34821K->1280K(33792K)] 59331K->25845K(72192K), 0.0006110 secs] [Times: user=0.00 sys=0.00, real=0.00 secs] 
292.986: Total time for which application threads were stopped: 0.0007470 seconds, Stopping threads took: 0.0000740 seconds
293.063: Application time: 0.0774470 seconds
293.063: [GC [PSYoungGen: 33188K->2304K(34816K)] 57754K->26917K(73216K), 0.0008820 secs] [Times: user=0.01 sys=0.00, real=0.00 secs] 
293.064: Total time for which application threads were stopped: 0.0011060 seconds, Stopping threads took: 0.0001550 seconds
293.142: Application time: 0.0780550 seconds
293.142: [GC [PSYoungGen: 33779K->2816K(35328K)] 58392K->27429K(73728K), 0.0011100 secs] [Times: user=0.01 sys=0.00, real=0.00 secs] 
293.144: Total time for which application threads were stopped: 0.0012550 seconds, Stopping threads took: 0.0000710 seconds
293.224: Application time: 0.0806810 seconds
293.224: [GC [PSYoungGen: 34464K->1280K(32768K)] 59077K->25941K(71168K), 0.0005590 secs] [Times: user=0.01 sys=0.00, real=0.00 secs] 
293.225: Total time for which application threads were stopped: 0.0006780 seconds, Stopping threads took: 0.0000550 seconds
293.298: Application time: 0.0734940 seconds
293.299: [GC [PSYoungGen: 32148K->3328K(39936K)] 56809K->28101K(78336K), 0.0012970 secs] [Times: user=0.00 sys=0.00, real=0.00 secs] 
293.300: Total time for which application threads were stopped: 0.0014600 seconds, Stopping threads took: 0.0000740 seconds
293.391: Application time: 0.0912580 seconds
293.391: [GC [PSYoungGen: 39366K->2304K(41984K)] 64139K->27077K(80384K), 0.0008560 secs] [Times: user=0.01 sys=0.00, real=0.00 secs] 
293.392: Total time for which application threads were stopped: 0.0009930 seconds, Stopping threads took: 0.0000700 seconds
293.486: Application time: 0.0935190 seconds
293.486: [GC [PSYoungGen: 40038K->1792K(38912K)] 64812K->26565K(77312K), 0.0007280 secs] [Times: user=0.00 sys=0.00, real=0.00 secs] 
293.487: Total time for which application threads were stopped: 0.0008430 seconds, Stopping threads took: 0.0000510 seconds
293.576: Application time: 0.0893270 seconds
293.576: [GC [PSYoungGen: 38413K->2816K(40960K)] 63187K->27653K(79360K), 0.0010140 secs] [Times: user=0.01 sys=0.00, real=0.00 secs] 
293.577: Total time for which application threads were stopped: 0.0011690 seconds, Stopping threads took: 0.0000800 seconds
293.670: Application time: 0.0929490 seconds
293.670: [GC [PSYoungGen: 39442K->2816K(40960K)] 64279K->27701K(79360K), 0.0010760 secs] [Times: user=0.01 sys=0.00, real=0.00 secs] 
293.671: Total time for which application threads were stopped: 0.0012090 seconds, Stopping threads took: 0.0000650 seconds
293.765: Application time: 0.0934760 seconds
293.765: [GC [PSYoungGen: 39448K->1280K(37888K)] 64334K->26221K(76288K), 0.0005650 secs] [Times: user=0.01 sys=0.00, real=0.00 secs] 
293.765: Total time for which application threads were stopped: 0.0007610 seconds, Stopping threads took: 0.0001320 seconds
293.854: Application time: 0.0882870 seconds
293.854: [GC [PSYoungGen: 37466K->2304K(38400K)] 62408K->27294K(76800K), 0.0009650 secs] [Times: user=0.01 sys=0.00, real=0.00 secs] 
293.855: Total time for which application threads were stopped: 0.0011160 seconds, Stopping threads took: 0.0000720 seconds
293.944: Application time: 0.0887600 seconds
293.944: [GC [PSYoungGen: 37901K->2304K(37888K)] 62891K->27374K(76288K), 0.0008390 secs] [Times: user=0.00 sys=0.00, real=0.00 secs] 
293.945: Total time for which application threads were stopped: 0.0009810 seconds, Stopping threads took: 0.0000710 seconds
294.032: Application time: 0.0878270 seconds
294.032: [GC [PSYoungGen: 37315K->768K(35840K)] 62385K->25902K(74240K), 0.0005800 secs] [Times: user=0.00 sys=0.00, real=0.00 secs] 
294.033: Total time for which application threads were stopped: 0.0007030 seconds, Stopping threads took: 0.0000620 seconds
294.117: Application time: 0.0841520 seconds
294.117: [GC [PSYoungGen: 35255K->1792K(36352K)] 60389K->26926K(74752K), 0.0007870 secs] [Times: user=0.00 sys=0.00, real=0.00 secs] 
294.118: Total time for which application threads were stopped: 0.0009260 seconds, Stopping threads took: 0.0000720 seconds
294.203: Application time: 0.0848430 seconds
294.203: [GC [PSYoungGen: 35926K->1792K(35840K)] 61060K->26926K(74240K), 0.0008120 secs] [Times: user=0.01 sys=0.00, real=0.00 secs] 
294.204: Total time for which application threads were stopped: 0.0009490 seconds, Stopping threads took: 0.0000710 seconds
294.287: Application time: 0.0828060 seconds
294.287: [GC [PSYoungGen: 35331K->2272K(35840K)] 60465K->27486K(74240K), 0.0009660 secs] [Times: user=0.00 sys=0.00, real=0.00 secs] 
294.288: Total time for which application threads were stopped: 0.0010950 seconds, Stopping threads took: 0.0000600 seconds
294.370: Application time: 0.0821830 seconds
294.370: [GC [PSYoungGen: 35300K->2304K(35328K)] 60514K->27566K(73728K), 0.0009680 secs] [Times: user=0.00 sys=0.00, real=0.00 secs] 
294.371: Total time for which application threads were stopped: 0.0011070 seconds, Stopping threads took: 0.0000570 seconds
294.453: Application time: 0.0816170 seconds
294.453: [GC [PSYoungGen: 34819K->1792K(35328K)] 60081K->27110K(73728K), 0.0007630 secs] [Times: user=0.00 sys=0.00, real=0.01 secs] 
294.454: Total time for which application threads were stopped: 0.0009040 seconds, Stopping threads took: 0.0000720 seconds
294.533: Application time: 0.0789740 seconds
294.533: [GC [PSYoungGen: 33859K->2848K(35840K)] 59178K->28214K(74240K), 0.0011260 secs] [Times: user=0.00 sys=0.00, real=0.01 secs] 
294.534: Total time for which application threads were stopped: 0.0012720 seconds, Stopping threads took: 0.0000730 seconds
294.612: Application time: 0.0783290 seconds
294.612: [GC [PSYoungGen: 34843K->2784K(41984K)] 60209K->28226K(80384K), 0.0009750 secs] [Times: user=0.01 sys=0.00, real=0.00 secs] 
294.613: Total time for which application threads were stopped: 0.0011170 seconds, Stopping threads took: 0.0000680 seconds
294.711: Application time: 0.0980020 seconds
294.712: [GC [PSYoungGen: 40878K->1792K(39424K)] 66320K->27282K(77824K), 0.0007850 secs] [Times: user=0.00 sys=0.00, real=0.00 secs] 
294.712: Total time for which application threads were stopped: 0.0009360 seconds, Stopping threads took: 0.0000830 seconds
294.803: Application time: 0.0906790 seconds
294.803: [GC [PSYoungGen: 38932K->1792K(38912K)] 64422K->27282K(77312K), 0.0006960 secs] [Times: user=0.01 sys=0.00, real=0.00 secs] 
294.804: Total time for which application threads were stopped: 0.0008250 seconds, Stopping threads took: 0.0000530 seconds
294.894: Application time: 0.0902500 seconds
294.894: [GC [PSYoungGen: 37982K->1760K(37888K)] 63472K->27306K(76288K), 0.0007860 secs] [Times: user=0.00 sys=0.00, real=0.00 secs] 
294.895: Total time for which application threads were stopped: 0.0009390 seconds, Stopping threads took: 0.0000810 seconds
294.983: Application time: 0.0876650 seconds
294.983: [GC [PSYoungGen: 37356K->2304K(38400K)] 62902K->27934K(76800K), 0.0008770 secs] [Times: user=0.01 sys=0.00, real=0.00 secs] 
294.984: Total time for which application threads were stopped: 0.0010190 seconds, Stopping threads took: 0.0000720 seconds
295.072: Application time: 0.0884030 seconds
295.072: [GC [PSYoungGen: 37390K->1792K(36864K)] 63020K->27478K(75264K), 0.0007910 secs] [Times: user=0.00 sys=0.00, real=0.00 secs] 
295.073: Total time for which application threads were stopped: 0.0009140 seconds, Stopping threads took: 0.0000580 seconds
295.158: Application time: 0.0849060 seconds
295.158: [GC [PSYoungGen: 36440K->1776K(37376K)] 62126K->27518K(75776K), 0.0007490 secs] [Times: user=0.01 sys=0.00, real=0.00 secs] 
295.159: Total time for which application threads were stopped: 0.0008700 seconds, Stopping threads took: 0.0000570 seconds
295.242: Application time: 0.0833770 seconds
295.242: [GC [PSYoungGen: 35825K->2784K(36864K)] 61568K->28602K(75264K), 0.0011940 secs] [Times: user=0.01 sys=0.00, real=0.00 secs] 
295.244: Total time for which application threads were stopped: 0.0013400 seconds, Stopping threads took: 0.0000710 seconds
295.329: Application time: 0.0853900 seconds
295.329: [GC [PSYoungGen: 36249K->2304K(36352K)] 62068K->28178K(74752K), 0.0009580 secs] [Times: user=0.01 sys=0.00, real=0.00 secs] 
295.330: Total time for which application threads were stopped: 0.0010950 seconds, Stopping threads took: 0.0000710 seconds
295.410: Application time: 0.0804490 seconds
295.411: [GC [PSYoungGen: 35249K->2784K(36864K)] 61124K->28658K(75264K), 0.0010680 secs] [Times: user=0.01 sys=0.00, real=0.00 secs] 
295.412: Total time for which application threads were stopped: 0.0012200 seconds, Stopping threads took: 0.0000740 seconds
295.495: Application time: 0.0836300 seconds
295.495: [GC [PSYoungGen: 35891K->2304K(43520K)] 61766K->28178K(81920K), 0.0007630 secs] [Times: user=0.00 sys=0.00, real=0.00 secs] 
295.496: Total time for which application threads were stopped: 0.0009250 seconds, Stopping threads took: 0.0000900 seconds
295.596: Application time: 0.0996230 seconds
295.596: [GC [PSYoungGen: 42016K->1792K(40960K)] 67891K->27754K(79360K), 0.0007200 secs] [Times: user=0.00 sys=0.00, real=0.00 secs] 
295.597: Total time for which application threads were stopped: 0.0008570 seconds, Stopping threads took: 0.0000710 seconds
295.694: Application time: 0.0972090 seconds
295.694: [GC [PSYoungGen: 40472K->2304K(40448K)] 66434K->28306K(78848K), 0.0008910 secs] [Times: user=0.00 sys=0.00, real=0.00 secs] 
295.695: Total time for which application threads were stopped: 0.0010410 seconds, Stopping threads took: 0.0000800 seconds
295.787: Application time: 0.0919260 seconds
295.787: [GC [PSYoungGen: 39960K->1792K(38912K)] 65963K->27858K(77312K), 0.0008320 secs] [Times: user=0.00 sys=0.00, real=0.00 secs] 
295.788: Total time for which application threads were stopped: 0.0009690 seconds, Stopping threads took: 0.0000690 seconds
295.879: Application time: 0.0912040 seconds
295.879: [GC [PSYoungGen: 38498K->1280K(39424K)] 64565K->27394K(77824K), 0.0006370 secs] [Times: user=0.00 sys=0.00, real=0.00 secs] 
295.880: Total time for which application threads were stopped: 0.0007670 seconds, Stopping threads took: 0.0000650 seconds
295.967: Application time: 0.0874530 seconds
295.967: [GC [PSYoungGen: 37383K->3296K(39424K)] 63498K->29494K(77824K), 0.0013280 secs] [Times: user=0.01 sys=0.00, real=0.00 secs] 
295.969: Total time for which application threads were stopped: 0.0014890 seconds, Stopping threads took: 0.0000760 seconds
296.060: Application time: 0.0909020 seconds
296.060: [GC [PSYoungGen: 38822K->1792K(37888K)] 65020K->28054K(76288K), 0.0008100 secs] [Times: user=0.00 sys=0.00, real=0.00 secs] 
296.061: Total time for which application threads were stopped: 0.0009410 seconds, Stopping threads took: 0.0000610 seconds
296.147: Application time: 0.0862020 seconds
296.147: [GC [PSYoungGen: 36872K->2816K(38400K)] 63134K->29078K(76800K), 0.0011030 secs] [Times: user=0.01 sys=0.00, real=0.00 secs] 
296.148: Total time for which application threads were stopped: 0.0012520 seconds, Stopping threads took: 0.0000750 seconds
296.236: Application time: 0.0875370 seconds
296.236: [GC [PSYoungGen: 37472K->768K(37888K)] 63735K->27086K(76288K), 0.0005630 secs] [Times: user=0.01 sys=0.00, real=0.00 secs] 
296.236: Total time for which application threads were stopped: 0.0006870 seconds, Stopping threads took: 0.0000620 seconds
296.321: Application time: 0.0845800 seconds
296.321: [GC [PSYoungGen: 34822K->1280K(35328K)] 61140K->27702K(73728K), 0.0006240 secs] [Times: user=0.00 sys=0.00, real=0.01 secs] 
296.322: Total time for which application threads were stopped: 0.0008210 seconds, Stopping threads took: 0.0001320 seconds
296.403: Application time: 0.0812540 seconds
296.403: [GC [PSYoungGen: 34817K->1760K(35840K)] 61240K->28231K(74240K), 0.0008150 secs] [Times: user=0.01 sys=0.00, real=0.00 secs] 
296.404: Total time for which application threads were stopped: 0.0010870 seconds, Stopping threads took: 0.0002060 seconds
296.486: Application time: 0.0821240 seconds
296.486: [GC [PSYoungGen: 34783K->2304K(35328K)] 61254K->28823K(73728K), 0.0009430 secs] [Times: user=0.01 sys=0.00, real=0.00 secs] 
296.487: Total time for which application threads were stopped: 0.0010850 seconds, Stopping threads took: 0.0000680 seconds
296.566: Application time: 0.0789130 seconds
296.566: [GC [PSYoungGen: 34885K->3360K(35840K)] 61404K->29919K(74240K), 0.0013010 secs] [Times: user=0.01 sys=0.00, real=0.00 secs] 
296.568: Total time for which application threads were stopped: 0.0014540 seconds, Stopping threads took: 0.0000760 seconds
296.648: Application time: 0.0799520 seconds
296.648: [GC [PSYoungGen: 35281K->2720K(36352K)] 61840K->29355K(74752K), 0.0012720 secs] [Times: user=0.01 sys=0.00, real=0.00 secs] 
296.651: Total time for which application threads were stopped: 0.0032610 seconds, Stopping threads took: 0.0000690 seconds
296.731: Application time: 0.0799260 seconds
296.731: [GC [PSYoungGen: 34643K->1792K(43008K)] 61278K->28427K(81408K), 0.0006800 secs] [Times: user=0.01 sys=0.00, real=0.00 secs] 
296.732: Total time for which application threads were stopped: 0.0008040 seconds, Stopping threads took: 0.0000580 seconds
296.826: Application time: 0.0948270 seconds
296.827: [GC [PSYoungGen: 40552K->1792K(39936K)] 67187K->28427K(78336K), 0.0007300 secs] [Times: user=0.00 sys=0.00, real=0.00 secs] 
296.827: Total time for which application threads were stopped: 0.0008810 seconds, Stopping threads took: 0.0000840 seconds
296.922: Application time: 0.0951060 seconds
296.923: [GC [PSYoungGen: 39444K->2304K(39936K)] 66079K->29019K(78336K), 0.0008880 secs] [Times: user=0.01 sys=0.00, real=0.00 secs] 
296.923: Total time for which application threads were stopped: 0.0010230 seconds, Stopping threads took: 0.0000670 seconds
297.016: Application time: 0.0924210 seconds
297.016: [GC [PSYoungGen: 39012K->1280K(37888K)] 65727K->28051K(76288K), 0.0006140 secs] [Times: user=0.00 sys=0.00, real=0.00 secs] 
297.017: Total time for which application threads were stopped: 0.0007420 seconds, Stopping threads took: 0.0000600 seconds
297.106: Application time: 0.0894360 seconds
297.106: [GC [PSYoungGen: 37313K->1248K(39424K)] 64085K->28107K(77824K), 0.0006650 secs] [Times: user=0.00 sys=0.00, real=0.00 secs] 
297.107: Total time for which application threads were stopped: 0.0008740 seconds, Stopping threads took: 0.0001430 seconds
297.195: Application time: 0.0881740 seconds
297.195: [GC [PSYoungGen: 36924K->1280K(36864K)] 63783K->28139K(75264K), 0.0006760 secs] [Times: user=0.00 sys=0.00, real=0.00 secs] 
297.196: Total time for which application threads were stopped: 0.0008060 seconds, Stopping threads took: 0.0000580 seconds
297.282: Application time: 0.0857580 seconds
297.282: [GC [PSYoungGen: 36358K->2816K(38400K)] 63217K->29747K(76800K), 0.0011210 secs] [Times: user=0.01 sys=0.00, real=0.00 secs] 
297.283: Total time for which application threads were stopped: 0.0012640 seconds, Stopping threads took: 0.0000700 seconds
297.370: Application time: 0.0868980 seconds
297.370: [GC [PSYoungGen: 37313K->1280K(35840K)] 64245K->28267K(74240K), 0.0006090 secs] [Times: user=0.00 sys=0.00, real=0.00 secs] 
297.371: Total time for which application threads were stopped: 0.0007380 seconds, Stopping threads took: 0.0000670 seconds
297.456: Application time: 0.0849900 seconds
297.456: [GC [PSYoungGen: 35331K->2304K(37376K)] 62319K->29291K(75776K), 0.0009170 secs] [Times: user=0.00 sys=0.00, real=0.00 secs] 
297.457: Total time for which application threads were stopped: 0.0010540 seconds, Stopping threads took: 0.0000680 seconds
297.539: Application time: 0.0819010 seconds
297.539: [GC [PSYoungGen: 35921K->2304K(35840K)] 62909K->29331K(74240K), 0.0009530 secs] [Times: user=0.00 sys=0.00, real=0.00 secs] 
297.540: Total time for which application threads were stopped: 0.0010950 seconds, Stopping threads took: 0.0000640 seconds
297.622: Application time: 0.0820350 seconds
297.622: [GC [PSYoungGen: 35253K->2304K(35328K)] 62281K->29419K(73728K), 0.0010000 secs] [Times: user=0.00 sys=0.00, real=0.00 secs] 
297.623: Total time for which application threads were stopped: 0.0011370 seconds, Stopping threads took: 0.0000690 seconds
297.704: Application time: 0.0816070 seconds
297.706: [GC [PSYoungGen: 34897K->1792K(34304K)] 62013K->28907K(72704K), 0.0008830 secs] [Times: user=0.01 sys=0.00, real=0.00 secs] 
297.706: Total time for which application threads were stopped: 0.0020230 seconds, Stopping threads took: 0.0010770 seconds
297.785: Application time: 0.0784940 seconds
297.785: [GC [PSYoungGen: 33705K->2272K(35840K)] 60820K->29475K(74240K), 0.0009640 secs] [Times: user=0.00 sys=0.00, real=0.00 secs] 
297.786: Total time for which application threads were stopped: 0.0012540 seconds, Stopping threads took: 0.0002170 seconds
297.866: Application time: 0.0801260 seconds
297.866: [GC [PSYoungGen: 34345K->2304K(35840K)] 61549K->29507K(74240K), 0.0009260 secs] [Times: user=0.01 sys=0.00, real=0.00 secs] 
297.867: Total time for which application threads were stopped: 0.0010600 seconds, Stopping threads took: 0.0000660 seconds
297.950: Application time: 0.0823550 seconds
297.950: [GC [PSYoungGen: 34308K->1280K(33280K)] 61511K->28555K(71680K), 0.0005840 secs] [Times: user=0.00 sys=0.00, real=0.00 secs] 
297.950: Total time for which application threads were stopped: 0.0007240 seconds, Stopping threads took: 0.0000770 seconds
298.027: Application time: 0.0760370 seconds
298.027: [GC [PSYoungGen: 32664K->3328K(40448K)] 59940K->30643K(78848K), 0.0012710 secs] [Times: user=0.01 sys=0.00, real=0.00 secs] 
298.028: Total time for which application threads were stopped: 0.0014190 seconds, Stopping threads took: 0.0000720 seconds
298.119: Application time: 0.0915140 seconds
298.120: [GC [PSYoungGen: 39956K->2816K(42496K)] 67271K->30131K(80896K), 0.0009960 secs] [Times: user=0.01 sys=0.00, real=0.00 secs] 
298.121: Total time for which application threads were stopped: 0.0011490 seconds, Stopping threads took: 0.0000700 seconds
298.216: Application time: 0.0955100 seconds
298.216: [GC [PSYoungGen: 41064K->2304K(42496K)] 68380K->29675K(80896K), 0.0009390 secs] [Times: user=0.00 sys=0.00, real=0.00 secs] 
298.217: Total time for which application threads were stopped: 0.0010830 seconds, Stopping threads took: 0.0000720 seconds
298.310: Application time: 0.0931660 seconds
298.310: [GC [PSYoungGen: 40546K->3328K(50176K)] 67917K->30775K(88576K), 0.0011500 secs] [Times: user=0.00 sys=0.00, real=0.00 secs] 
298.312: Total time for which application threads were stopped: 0.0012960 seconds, Stopping threads took: 0.0000710 seconds
298.428: Application time: 0.1167750 seconds
298.429: [GC [PSYoungGen: 49143K->1792K(47104K)] 76591K->29327K(85504K), 0.0006780 secs] [Times: user=0.00 sys=0.00, real=0.00 secs] 
298.429: Total time for which application threads were stopped: 0.0008040 seconds, Stopping threads took: 0.0000600 seconds
298.540: Application time: 0.1106910 seconds
298.540: [GC [PSYoungGen: 46719K->2304K(47104K)] 74254K->29839K(85504K), 0.0009100 secs] [Times: user=0.00 sys=0.00, real=0.00 secs] 
298.541: Total time for which application threads were stopped: 0.0010450 seconds, Stopping threads took: 0.0000650 seconds
298.651: Application time: 0.1098680 seconds
298.651: [GC [PSYoungGen: 46129K->1792K(45056K)] 73664K->29407K(83456K), 0.0008320 secs] [Times: user=0.00 sys=0.00, real=0.00 secs] 
298.652: Total time for which application threads were stopped: 0.0010520 seconds, Stopping threads took: 0.0001410 seconds
298.759: Application time: 0.1073280 seconds
298.759: [GC [PSYoungGen: 44510K->1280K(45056K)] 72126K->28959K(83456K), 0.0006320 secs] [Times: user=0.00 sys=0.00, real=0.00 secs] 
298.760: Total time for which application threads were stopped: 0.0007640 seconds, Stopping threads took: 0.0000690 seconds
298.861: Application time: 0.1011220 seconds
298.861: [GC [PSYoungGen: 43200K->1760K(43008K)] 70880K->29439K(81408K), 0.0008210 secs] [Times: user=0.01 sys=0.00, real=0.01 secs] 
298.862: Total time for which application threads were stopped: 0.0009560 seconds, Stopping threads took: 0.0000670 seconds
298.963: Application time: 0.1011170 seconds
298.964: [GC [PSYoungGen: 42574K->2272K(42496K)] 70254K->30048K(80896K), 0.0010710 secs] [Times: user=0.00 sys=0.00, real=0.00 secs] 
298.966: Total time for which application threads were stopped: 0.0023690 seconds, Stopping threads took: 0.0012270 seconds
299.066: Application time: 0.1002630 seconds
299.066: [GC [PSYoungGen: 41906K->1792K(40960K)] 69682K->29664K(79360K), 0.0008460 secs] [Times: user=0.00 sys=0.00, real=0.00 secs] 
299.067: Total time for which application threads were stopped: 0.0009790 seconds, Stopping threads took: 0.0000680 seconds
299.160: Application time: 0.0934540 seconds
299.160: [GC [PSYoungGen: 40392K->2816K(40960K)] 68264K->30688K(79360K), 0.0011340 secs] [Times: user=0.01 sys=0.00, real=0.01 secs] 
299.162: Total time for which application threads were stopped: 0.0013050 seconds, Stopping threads took: 0.0000830 seconds
299.256: Application time: 0.0943960 seconds
299.256: [GC [PSYoungGen: 40627K->2880K(39936K)] 68499K->30752K(78336K), 0.0011200 secs] [Times: user=0.01 sys=0.00, real=0.00 secs] 
299.257: Total time for which application threads were stopped: 0.0012660 seconds, Stopping threads took: 0.0000700 seconds
299.348: Application time: 0.0909710 seconds
299.348: [GC [PSYoungGen: 39430K->2304K(38912K)] 67302K->30284K(77312K), 0.0009870 secs] [Times: user=0.00 sys=0.00, real=0.00 secs] 
299.349: Total time for which application threads were stopped: 0.0011200 seconds, Stopping threads took: 0.0000620 seconds
299.439: Application time: 0.0896190 seconds
299.439: [GC [PSYoungGen: 38416K->2304K(38400K)] 66396K->30284K(76800K), 0.0009670 secs] [Times: user=0.01 sys=0.00, real=0.00 secs] 
299.440: Total time for which application threads were stopped: 0.0011020 seconds, Stopping threads took: 0.0000660 seconds
299.530: Application time: 0.0900320 seconds
299.530: [GC [PSYoungGen: 37982K->1792K(38400K)] 65962K->29828K(76800K), 0.0008080 secs] [Times: user=0.01 sys=0.00, real=0.00 secs] 
299.531: Total time for which application threads were stopped: 0.0009380 seconds, Stopping threads took: 0.0000660 seconds
299.617: Application time: 0.0858870 seconds
299.617: [GC [PSYoungGen: 36872K->2816K(38912K)] 64908K->30928K(77312K), 0.0011580 secs] [Times: user=0.00 sys=0.00, real=0.00 secs] 
299.618: Total time for which application threads were stopped: 0.0013100 seconds, Stopping threads took: 0.0000790 seconds
299.709: Application time: 0.0904840 seconds
299.709: [GC [PSYoungGen: 37906K->1280K(36352K)] 66018K->29448K(74752K), 0.0005670 secs] [Times: user=0.00 sys=0.00, real=0.00 secs] 
299.709: Total time for which application threads were stopped: 0.0007260 seconds, Stopping threads took: 0.0000690 seconds
299.792: Application time: 0.0824250 seconds
299.792: [GC [PSYoungGen: 35765K->2784K(37376K)] 63933K->30992K(75776K), 0.0011310 secs] [Times: user=0.01 sys=0.00, real=0.00 secs] 
299.793: Total time for which application threads were stopped: 0.0012980 seconds, Stopping threads took: 0.0000900 seconds
299.880: Application time: 0.0864350 seconds
299.880: [GC [PSYoungGen: 36924K->1280K(35328K)] 65132K->29488K(73728K), 0.0006220 secs] [Times: user=0.00 sys=0.00, real=0.00 secs] 
299.880: Total time for which application threads were stopped: 0.0007460 seconds, Stopping threads took: 0.0000560 seconds
299.964: Application time: 0.0832980 seconds
299.964: [GC [PSYoungGen: 34821K->1248K(34816K)] 63030K->29548K(73216K), 0.0006710 secs] [Times: user=0.00 sys=0.00, real=0.00 secs] 
299.964: Total time for which application threads were stopped: 0.0007950 seconds, Stopping threads took: 0.0000600 seconds
300.047: Application time: 0.0825480 seconds
300.047: [GC [PSYoungGen: 34201K->256K(33792K)] 62502K->28620K(72192K), 0.0004860 secs] [Times: user=0.00 sys=0.00, real=0.00 secs] 
300.048: Total time for which application threads were stopped: 0.0006030 seconds, Stopping threads took: 0.0000590 seconds
300.123: Application time: 0.0752450 seconds
300.123: [GC [PSYoungGen: 32738K->3808K(36864K)] 61103K->32172K(75264K), 0.0014750 secs] [Times: user=0.01 sys=0.00, real=0.00 secs] 
300.125: Total time for which application threads were stopped: 0.0016320 seconds, Stopping threads took: 0.0000760 seconds
300.206: Application time: 0.0811430 seconds
300.206: [GC [PSYoungGen: 36402K->3328K(44032K)] 64766K->31732K(82432K), 0.0011550 secs] [Times: user=0.01 sys=0.00, real=0.00 secs] 
300.207: Total time for which application threads were stopped: 0.0013000 seconds, Stopping threads took: 0.0000730 seconds
300.306: Application time: 0.0990180 seconds
300.306: [GC [PSYoungGen: 42608K->1792K(44032K)] 71013K->30280K(82432K), 0.0008140 secs] [Times: user=0.00 sys=0.00, real=0.00 secs] 
300.307: Total time for which application threads were stopped: 0.0009650 seconds, Stopping threads took: 0.0000760 seconds
300.403: Application time: 0.0963600 seconds
300.403: [GC [PSYoungGen: 40906K->2816K(52224K)] 69394K->31368K(90624K), 0.0009430 secs] [Times: user=0.01 sys=0.00, real=0.00 secs] 
300.404: Total time for which application threads were stopped: 0.0010870 seconds, Stopping threads took: 0.0000690 seconds
300.522: Application time: 0.1171780 seconds
300.526: [GC [PSYoungGen: 50254K->1760K(48640K)] 78806K->30312K(87040K), 0.0006600 secs] [Times: user=0.01 sys=0.00, real=0.00 secs] 
300.526: Total time for which application threads were stopped: 0.0046960 seconds, Stopping threads took: 0.0039680 seconds
300.639: Application time: 0.1131810 seconds
300.640: [GC [PSYoungGen: 48229K->2832K(49152K)] 76781K->31432K(87552K), 0.0011150 secs] [Times: user=0.01 sys=0.00, real=0.00 secs] 
300.641: Total time for which application threads were stopped: 0.0012540 seconds, Stopping threads took: 0.0000620 seconds
300.752: Application time: 0.1108350 seconds
300.752: [GC [PSYoungGen: 48201K->2304K(47104K)] 76802K->30992K(85504K), 0.0009570 secs] [Times: user=0.00 sys=0.00, real=0.00 secs] 
300.753: Total time for which application threads were stopped: 0.0010900 seconds, Stopping threads took: 0.0000610 seconds
300.864: Application time: 0.1111670 seconds
300.864: [GC [PSYoungGen: 46727K->736K(47104K)] 75416K->29480K(85504K), 0.0005950 secs] [Times: user=0.00 sys=0.00, real=0.00 secs] 
300.865: Total time for which application threads were stopped: 0.0007480 seconds, Stopping threads took: 0.0000800 seconds
300.968: Application time: 0.1033910 seconds
300.968: [GC [PSYoungGen: 44115K->2848K(45568K)] 72859K->31668K(83968K), 0.0011630 secs] [Times: user=0.01 sys=0.00, real=0.00 secs] 
300.969: Total time for which application threads were stopped: 0.0013220 seconds, Stopping threads took: 0.0000870 seconds
301.075: Application time: 0.1052520 seconds
301.075: [GC [PSYoungGen: 45052K->2240K(44032K)] 73873K->31128K(82432K), 0.0009790 secs] [Times: user=0.00 sys=0.00, real=0.00 secs] 
301.076: Total time for which application threads were stopped: 0.0011150 seconds, Stopping threads took: 0.0000650 seconds
301.177: Application time: 0.1017350 seconds
301.177: [GC [PSYoungGen: 43492K->2304K(43008K)] 72381K->31192K(81408K), 0.0009880 secs] [Times: user=0.01 sys=0.00, real=0.00 secs] 
301.179: Total time for which application threads were stopped: 0.0011310 seconds, Stopping threads took: 0.0000740 seconds
301.275: Application time: 0.0964450 seconds
301.275: [GC [PSYoungGen: 42524K->3328K(43520K)] 71413K->32257K(81920K), 0.0012710 secs] [Times: user=0.01 sys=0.00, real=0.00 secs] 
301.276: Total time for which application threads were stopped: 0.0014340 seconds, Stopping threads took: 0.0000840 seconds
301.378: Application time: 0.1013480 seconds
301.378: [GC [PSYoungGen: 42532K->1248K(39936K)] 71461K->30225K(78336K), 0.0007030 secs] [Times: user=0.00 sys=0.00, real=0.00 secs] 
301.379: Total time for which application threads were stopped: 0.0009310 seconds, Stopping threads took: 0.0001580 seconds
301.472: Application time: 0.0929370 seconds
301.472: [GC [PSYoungGen: 39492K->1792K(39936K)] 68469K->30809K(78336K), 0.0008550 secs] [Times: user=0.01 sys=0.00, real=0.00 secs] 
301.473: Total time for which application threads were stopped: 0.0009950 seconds, Stopping threads took: 0.0000710 seconds
301.566: Application time: 0.0932100 seconds
301.566: [GC [PSYoungGen: 39012K->1280K(37888K)] 68029K->30401K(76288K), 0.0006730 secs] [Times: user=0.01 sys=0.00, real=0.00 secs] 
301.567: Total time for which application threads were stopped: 0.0008100 seconds, Stopping threads took: 0.0000720 seconds
301.656: Application time: 0.0897730 seconds
301.657: [GC [PSYoungGen: 37392K->1248K(39424K)] 66513K->30441K(77824K), 0.0006670 secs] [Times: user=0.00 sys=0.00, real=0.00 secs] 
301.659: Total time for which application threads were stopped: 0.0030120 seconds, Stopping threads took: 0.0001410 seconds
301.748: Application time: 0.0883600 seconds
301.748: [GC [PSYoungGen: 36765K->1792K(37376K)] 65958K->31041K(75776K), 0.0007910 secs] [Times: user=0.01 sys=0.00, real=0.00 secs] 
301.749: Total time for which application threads were stopped: 0.0009620 seconds, Stopping threads took: 0.0001040 seconds
301.837: Application time: 0.0878930 seconds
301.837: [GC [PSYoungGen: 36797K->1792K(38400K)] 66046K->31041K(76800K), 0.0007580 secs] [Times: user=0.01 sys=0.00, real=0.00 secs] 
301.838: Total time for which application threads were stopped: 0.0009020 seconds, Stopping threads took: 0.0000780 seconds
301.924: Application time: 0.0863340 seconds
301.924: [GC [PSYoungGen: 36440K->1792K(36352K)] 65689K->31041K(74752K), 0.0008240 secs] [Times: user=0.01 sys=0.00, real=0.00 secs] 
301.925: Total time for which application threads were stopped: 0.0009620 seconds, Stopping threads took: 0.0000640 seconds
302.009: Application time: 0.0844120 seconds
302.009: [GC [PSYoungGen: 35848K->1792K(36864K)] 65097K->31125K(75264K), 0.0008190 secs] [Times: user=0.00 sys=0.00, real=0.00 secs] 
302.010: Total time for which application threads were stopped: 0.0009510 seconds, Stopping threads took: 0.0000640 seconds
302.092: Application time: 0.0815840 seconds
302.092: [GC [PSYoungGen: 35331K->2304K(35840K)] 64665K->31685K(74240K), 0.0009640 secs] [Times: user=0.00 sys=0.00, real=0.00 secs] 
302.093: Total time for which application threads were stopped: 0.0011080 seconds, Stopping threads took: 0.0000740 seconds
302.176: Application time: 0.0826430 seconds
302.176: [GC [PSYoungGen: 35492K->1296K(35840K)] 64873K->30725K(74240K), 0.0007420 secs] [Times: user=0.01 sys=0.00, real=0.00 secs] 
302.176: Total time for which application threads were stopped: 0.0008640 seconds, Stopping threads took: 0.0000570 seconds
302.257: Application time: 0.0809730 seconds
302.257: [GC [PSYoungGen: 33729K->1280K(33792K)] 63158K->30829K(72192K), 0.0006610 secs] [Times: user=0.00 sys=0.00, real=0.00 secs] 
302.258: Total time for which application threads were stopped: 0.0008020 seconds, Stopping threads took: 0.0000700 seconds
302.338: Application time: 0.0798550 seconds
302.338: [GC [PSYoungGen: 33275K->1280K(34816K)] 62824K->30829K(73216K), 0.0006370 secs] [Times: user=0.01 sys=0.00, real=0.00 secs] 
302.339: Total time for which application threads were stopped: 0.0007710 seconds, Stopping threads took: 0.0000700 seconds
302.414: Application time: 0.0755580 seconds
302.414: [GC [PSYoungGen: 32668K->2816K(34304K)] 62218K->32413K(72704K), 0.0011220 secs] [Times: user=0.01 sys=0.00, real=0.00 secs] 
302.416: Total time for which application threads were stopped: 0.0012680 seconds, Stopping threads took: 0.0000690 seconds
302.492: Application time: 0.0760490 seconds
302.492: [GC [PSYoungGen: 33705K->1792K(33792K)] 63302K->31389K(72192K), 0.0007710 secs] [Times: user=0.00 sys=0.00, real=0.00 secs] 
302.493: Total time for which application threads were stopped: 0.0009750 seconds, Stopping threads took: 0.0001320 seconds
302.570: Application time: 0.0770550 seconds
302.570: [GC [PSYoungGen: 32325K->1280K(31744K)] 61923K->30877K(70144K), 0.0006340 secs] [Times: user=0.00 sys=0.00, real=0.00 secs] 
302.571: Total time for which application threads were stopped: 0.0007630 seconds, Stopping threads took: 0.0000650 seconds
302.644: Application time: 0.0736810 seconds
302.644: [GC [PSYoungGen: 31206K->1792K(32768K)] 60803K->31469K(71168K), 0.0008030 secs] [Times: user=0.00 sys=0.00, real=0.00 secs] 
302.645: Total time for which application threads were stopped: 0.0009400 seconds, Stopping threads took: 0.0000660 seconds
302.718: Application time: 0.0724500 seconds
302.718: [GC [PSYoungGen: 31128K->1792K(31232K)] 60805K->31509K(69632K), 0.0008260 secs] [Times: user=0.01 sys=0.00, real=0.00 secs] 
302.719: Total time for which application threads were stopped: 0.0010200 seconds, Stopping threads took: 0.0001300 seconds
302.790: Application time: 0.0715280 seconds
302.790: [GC [PSYoungGen: 30766K->2288K(32256K)] 60484K->32005K(70656K), 0.0009380 secs] [Times: user=0.00 sys=0.00, real=0.00 secs] 
302.791: Total time for which application threads were stopped: 0.0010620 seconds, Stopping threads took: 0.0000590 seconds
302.863: Application time: 0.0717490 seconds
302.863: [GC [PSYoungGen: 31264K->2320K(32256K)] 60982K->32125K(70656K), 0.0009740 secs] [Times: user=0.01 sys=0.00, real=0.00 secs] 
302.864: Total time for which application threads were stopped: 0.0011080 seconds, Stopping threads took: 0.0000640 seconds
302.935: Application time: 0.0709910 seconds
302.935: [GC [PSYoungGen: 31140K->2304K(38912K)] 60945K->32197K(77312K), 0.0007850 secs] [Times: user=0.00 sys=0.00, real=0.00 secs] 
302.936: Total time for which application threads were stopped: 0.0009240 seconds, Stopping threads took: 0.0000670 seconds
303.026: Application time: 0.0899590 seconds
303.026: [GC [PSYoungGen: 37394K->768K(35840K)] 67288K->30661K(74240K), 0.0005060 secs] [Times: user=0.01 sys=0.00, real=0.00 secs] 
303.027: Total time for which application threads were stopped: 0.0006410 seconds, Stopping threads took: 0.0000650 seconds
303.111: Application time: 0.0844810 seconds
303.111: [GC [PSYoungGen: 35255K->1792K(37376K)] 65149K->31741K(75776K), 0.0007350 secs] [Times: user=0.00 sys=0.00, real=0.00 secs] 
303.112: Total time for which application threads were stopped: 0.0008730 seconds, Stopping threads took: 0.0000720 seconds
303.195: Application time: 0.0832660 seconds
303.195: [GC [PSYoungGen: 35926K->1792K(35840K)] 65876K->31741K(74240K), 0.0008220 secs] [Times: user=0.00 sys=0.00, real=0.00 secs] 
303.196: Total time for which application threads were stopped: 0.0009820 seconds, Stopping threads took: 0.0000900 seconds
303.280: Application time: 0.0838050 seconds
303.280: [GC [PSYoungGen: 35333K->1792K(35840K)] 65283K->31817K(74240K), 0.0007080 secs] [Times: user=0.01 sys=0.00, real=0.00 secs] 
303.281: Total time for which application threads were stopped: 0.0008330 seconds, Stopping threads took: 0.0000570 seconds
303.363: Application time: 0.0824110 seconds
303.363: [GC [PSYoungGen: 34741K->1792K(34816K)] 64767K->31865K(73216K), 0.0008060 secs] [Times: user=0.00 sys=0.00, real=0.00 secs] 
303.364: Total time for which application threads were stopped: 0.0009460 seconds, Stopping threads took: 0.0000740 seconds
303.446: Application time: 0.0815710 seconds
303.446: [GC [PSYoungGen: 34307K->1280K(34816K)] 64381K->31353K(73216K), 0.0005550 secs] [Times: user=0.00 sys=0.00, real=0.00 secs] 
303.446: Total time for which application threads were stopped: 0.0006920 seconds, Stopping threads took: 0.0000760 seconds
303.525: Application time: 0.0789980 seconds
303.526: [GC [PSYoungGen: 33427K->1808K(33792K)] 63501K->31929K(72192K), 0.0008020 secs] [Times: user=0.00 sys=0.00, real=0.00 secs] 
303.526: Total time for which application threads were stopped: 0.0009350 seconds, Stopping threads took: 0.0000650 seconds
303.603: Application time: 0.0770140 seconds
303.604: [GC [PSYoungGen: 33204K->2304K(33792K)] 63326K->32541K(72192K), 0.0009570 secs] [Times: user=0.01 sys=0.00, real=0.00 secs] 
303.605: Total time for which application threads were stopped: 0.0011020 seconds, Stopping threads took: 0.0000620 seconds
303.681: Application time: 0.0765620 seconds
303.681: [GC [PSYoungGen: 33273K->1728K(32768K)] 63511K->31965K(71168K), 0.0007990 secs] [Times: user=0.00 sys=0.00, real=0.01 secs] 
303.682: Total time for which application threads were stopped: 0.0009360 seconds, Stopping threads took: 0.0000670 seconds
303.758: Application time: 0.0761130 seconds
303.758: [GC [PSYoungGen: 32096K->1248K(32768K)] 62334K->31533K(71168K), 0.0006400 secs] [Times: user=0.01 sys=0.00, real=0.00 secs] 
303.759: Total time for which application threads were stopped: 0.0007930 seconds, Stopping threads took: 0.0000900 seconds
303.832: Application time: 0.0734310 seconds
303.832: [GC [PSYoungGen: 31178K->1760K(31744K)] 61464K->32046K(70144K), 0.0007700 secs] [Times: user=0.01 sys=0.00, real=0.00 secs] 
303.833: Total time for which application threads were stopped: 0.0009050 seconds, Stopping threads took: 0.0000690 seconds
303.908: Application time: 0.0744570 seconds
303.908: [GC [PSYoungGen: 31183K->768K(31744K)] 61469K->31118K(70144K), 0.0005180 secs] [Times: user=0.00 sys=0.00, real=0.00 secs] 
303.908: Total time for which application threads were stopped: 0.0006460 seconds, Stopping threads took: 0.0000690 seconds
303.979: Application time: 0.0705100 seconds
303.979: [GC [PSYoungGen: 29664K->1280K(30208K)] 60014K->31678K(68608K), 0.0005700 secs] [Times: user=0.01 sys=0.00, real=0.00 secs] 
303.980: Total time for which application threads were stopped: 0.0006970 seconds, Stopping threads took: 0.0000650 seconds
304.049: Application time: 0.0690620 seconds
304.049: [GC [PSYoungGen: 29584K->1792K(30720K)] 59982K->32246K(69120K), 0.0007970 secs] [Times: user=0.00 sys=0.00, real=0.00 secs] 
304.050: Total time for which application threads were stopped: 0.0009390 seconds, Stopping threads took: 0.0000730 seconds
304.119: Application time: 0.0692620 seconds
304.119: [GC [PSYoungGen: 29819K->1792K(29696K)] 60273K->32246K(68096K), 0.0007920 secs] [Times: user=0.01 sys=0.00, real=0.00 secs] 
304.120: Total time for which application threads were stopped: 0.0009280 seconds, Stopping threads took: 0.0000610 seconds
304.188: Application time: 0.0677890 seconds
304.188: [GC [PSYoungGen: 29150K->1280K(28672K)] 59604K->31858K(67072K), 0.0007040 secs] [Times: user=0.01 sys=0.00, real=0.00 secs] 
304.188: Total time for which application threads were stopped: 0.0008420 seconds, Stopping threads took: 0.0000720 seconds
304.253: Application time: 0.0646650 seconds
304.253: [GC [PSYoungGen: 28039K->2304K(29696K)] 58618K->32930K(68096K), 0.0009380 secs] [Times: user=0.00 sys=0.00, real=0.01 secs] 
304.254: Total time for which application threads were stopped: 0.0010700 seconds, Stopping threads took: 0.0000610 seconds
304.322: Application time: 0.0681450 seconds
304.322: [GC [PSYoungGen: 29154K->256K(27136K)] 59780K->30882K(65536K), 0.0003950 secs] [Times: user=0.00 sys=0.00, real=0.00 secs] 
304.323: Total time for which application threads were stopped: 0.0005220 seconds, Stopping threads took: 0.0000640 seconds
304.385: Application time: 0.0622890 seconds
304.385: [GC [PSYoungGen: 26499K->1760K(29184K)] 57126K->32434K(67584K), 0.0007400 secs] [Times: user=0.00 sys=0.00, real=0.00 secs] 
304.386: Total time for which application threads were stopped: 0.0008770 seconds, Stopping threads took: 0.0000690 seconds
304.449: Application time: 0.0634750 seconds
304.450: [GC [PSYoungGen: 27493K->2272K(33280K)] 58168K->32946K(71680K), 0.0009040 secs] [Times: user=0.01 sys=0.00, real=0.00 secs] 
304.450: Total time for which application threads were stopped: 0.0010360 seconds, Stopping threads took: 0.0000600 seconds
304.523: Application time: 0.0723980 seconds
304.523: [GC [PSYoungGen: 32277K->2832K(33280K)] 62951K->33506K(71680K), 0.0010820 secs] [Times: user=0.01 sys=0.00, real=0.00 secs] 
304.524: Total time for which application threads were stopped: 0.0012330 seconds, Stopping threads took: 0.0000790 seconds
304.600: Application time: 0.0759870 seconds
304.600: [GC [PSYoungGen: 32693K->1792K(39936K)] 63367K->32546K(78336K), 0.0006780 secs] [Times: user=0.01 sys=0.00, real=0.00 secs] 
304.601: Total time for which application threads were stopped: 0.0008210 seconds, Stopping threads took: 0.0000740 seconds
304.689: Application time: 0.0881050 seconds
304.689: [GC [PSYoungGen: 37904K->1792K(37888K)] 68658K->32546K(76288K), 0.0006690 secs] [Times: user=0.00 sys=0.01, real=0.00 secs] 
304.690: Total time for which application threads were stopped: 0.0008250 seconds, Stopping threads took: 0.0000770 seconds
304.779: Application time: 0.0894400 seconds
304.779: [GC [PSYoungGen: 37546K->1792K(37888K)] 68300K->32602K(76288K), 0.0007360 secs] [Times: user=0.00 sys=0.00, real=0.00 secs] 
304.780: Total time for which application threads were stopped: 0.0008660 seconds, Stopping threads took: 0.0000610 seconds
304.865: Application time: 0.0845450 seconds
304.865: [GC [PSYoungGen: 36873K->2304K(37376K)] 67684K->33226K(75776K), 0.0009620 secs] [Times: user=0.00 sys=0.00, real=0.00 secs] 
304.866: Total time for which application threads were stopped: 0.0011070 seconds, Stopping threads took: 0.0000720 seconds
304.950: Application time: 0.0844160 seconds
304.950: [GC [PSYoungGen: 36793K->2816K(37376K)] 67716K->33778K(75776K), 0.0010670 secs] [Times: user=0.01 sys=0.00, real=0.00 secs] 
304.951: Total time for which application threads were stopped: 0.0012010 seconds, Stopping threads took: 0.0000600 seconds
305.037: Application time: 0.0853750 seconds
305.037: [GC [PSYoungGen: 36871K->2304K(37888K)] 67834K->33266K(76288K), 0.0009380 secs] [Times: user=0.00 sys=0.00, real=0.00 secs] 
305.038: Total time for which application threads were stopped: 0.0010780 seconds, Stopping threads took: 0.0000690 seconds
305.123: Application time: 0.0852980 seconds
305.123: [GC [PSYoungGen: 36287K->768K(34816K)] 67250K->31786K(73216K), 0.0005130 secs] [Times: user=0.00 sys=0.00, real=0.00 secs] 
305.124: Total time for which application threads were stopped: 0.0006420 seconds, Stopping threads took: 0.0000680 seconds
305.206: Application time: 0.0817470 seconds
305.206: [GC [PSYoungGen: 34385K->1280K(34816K)] 65404K->32298K(73216K), 0.0006330 secs] [Times: user=0.01 sys=0.00, real=0.00 secs] 
305.206: Total time for which application threads were stopped: 0.0007740 seconds, Stopping threads took: 0.0000650 seconds
305.289: Application time: 0.0822890 seconds
305.289: [GC [PSYoungGen: 34310K->704K(33792K)] 65328K->31798K(72192K), 0.0005110 secs] [Times: user=0.00 sys=0.00, real=0.00 secs] 
305.289: Total time for which application threads were stopped: 0.0006360 seconds, Stopping threads took: 0.0000620 seconds
305.367: Application time: 0.0772960 seconds
305.367: [GC [PSYoungGen: 33199K->2816K(35328K)] 64293K->33950K(73728K), 0.0011080 secs] [Times: user=0.01 sys=0.00, real=0.00 secs] 
305.368: Total time for which application threads were stopped: 0.0013680 seconds, Stopping threads took: 0.0001860 seconds
305.448: Application time: 0.0802660 seconds
305.448: [GC [PSYoungGen: 34897K->1792K(33792K)] 66032K->32966K(72192K), 0.0008140 secs] [Times: user=0.00 sys=0.00, real=0.00 secs] 
305.449: Total time for which application threads were stopped: 0.0009680 seconds, Stopping threads took: 0.0000890 seconds
305.527: Application time: 0.0776050 seconds
305.527: [GC [PSYoungGen: 33267K->2272K(33792K)] 64441K->33530K(72192K), 0.0010110 secs] [Times: user=0.01 sys=0.00, real=0.00 secs] 
305.528: Total time for which application threads were stopped: 0.0011530 seconds, Stopping threads took: 0.0000720 seconds
305.605: Application time: 0.0768460 seconds
305.605: [GC [PSYoungGen: 33161K->1792K(32768K)] 64419K->33106K(71168K), 0.0008270 secs] [Times: user=0.01 sys=0.00, real=0.00 secs] 
305.606: Total time for which application threads were stopped: 0.0010160 seconds, Stopping threads took: 0.0001200 seconds
305.680: Application time: 0.0741380 seconds
305.680: [GC [PSYoungGen: 32234K->2304K(34816K)] 63549K->33618K(73216K), 0.0010080 secs] [Times: user=0.01 sys=0.00, real=0.00 secs] 
305.681: Total time for which application threads were stopped: 0.0011420 seconds, Stopping threads took: 0.0000640 seconds
305.758: Application time: 0.0766330 seconds
305.758: [GC [PSYoungGen: 33188K->2240K(40448K)] 64503K->33586K(78848K), 0.0009030 secs] [Times: user=0.00 sys=0.00, real=0.00 secs] 
305.759: Total time for which application threads were stopped: 0.0010400 seconds, Stopping threads took: 0.0000550 seconds
305.848: Application time: 0.0895690 seconds
305.849: [GC [PSYoungGen: 38864K->2304K(40448K)] 70210K->33650K(78848K), 0.0009240 secs] [Times: user=0.00 sys=0.00, real=0.00 secs] 
305.850: Total time for which application threads were stopped: 0.0011360 seconds, Stopping threads took: 0.0001410 seconds
305.941: Application time: 0.0917510 seconds
305.941: [GC [PSYoungGen: 38934K->1792K(38400K)] 70281K->33178K(76800K), 0.0006990 secs] [Times: user=0.01 sys=0.00, real=0.01 secs] 
305.942: Total time for which application threads were stopped: 0.0008320 seconds, Stopping threads took: 0.0000650 seconds
306.032: Application time: 0.0902790 seconds
306.033: [GC [PSYoungGen: 38064K->752K(36864K)] 69451K->32186K(75264K), 0.0005690 secs] [Times: user=0.00 sys=0.00, real=0.00 secs] 
306.033: Total time for which application threads were stopped: 0.0007540 seconds, Stopping threads took: 0.0001220 seconds
306.121: Application time: 0.0880670 seconds
306.121: [GC [PSYoungGen: 36430K->256K(35840K)] 67864K->31830K(74240K), 0.0004280 secs] [Times: user=0.00 sys=0.00, real=0.01 secs] 
306.122: Total time for which application threads were stopped: 0.0005440 seconds, Stopping threads took: 0.0000580 seconds
306.205: Application time: 0.0834620 seconds
306.205: [GC [PSYoungGen: 35253K->2304K(38400K)] 66828K->33951K(76800K), 0.0008800 secs] [Times: user=0.00 sys=0.00, real=0.00 secs] 
306.206: Total time for which application threads were stopped: 0.0010210 seconds, Stopping threads took: 0.0000690 seconds
306.295: Application time: 0.0891870 seconds
306.296: [GC [PSYoungGen: 36878K->768K(35328K)] 68525K->32415K(73728K), 0.0005120 secs] [Times: user=0.01 sys=0.00, real=0.00 secs] 
306.296: Total time for which application threads were stopped: 0.0006500 seconds, Stopping threads took: 0.0000680 seconds
306.377: Application time: 0.0813240 seconds
306.378: [GC [PSYoungGen: 34741K->1792K(35840K)] 66388K->33495K(74240K), 0.0007730 secs] [Times: user=0.00 sys=0.00, real=0.00 secs] 
306.378: Total time for which application threads were stopped: 0.0009840 seconds, Stopping threads took: 0.0001430 seconds
306.459: Application time: 0.0802950 seconds
306.459: [GC [PSYoungGen: 35241K->3328K(38400K)] 66944K->35543K(76800K), 0.0014620 secs] [Times: user=0.01 sys=0.00, real=0.00 secs] 
306.460: Total time for which application threads were stopped: 0.0016180 seconds, Stopping threads took: 0.0000780 seconds
306.551: Application time: 0.0905250 seconds
306.551: [GC [PSYoungGen: 37986K->1280K(35840K)] 70201K->33495K(74240K), 0.0006160 secs] [Times: user=0.00 sys=0.00, real=0.00 secs] 
306.552: Total time for which application threads were stopped: 0.0007490 seconds, Stopping threads took: 0.0000640 seconds
306.634: Application time: 0.0822030 seconds
306.634: [GC [PSYoungGen: 35334K->1760K(36352K)] 67549K->34055K(74752K), 0.0008880 secs] [Times: user=0.00 sys=0.00, real=0.00 secs] 
306.635: Total time for which application threads were stopped: 0.0010140 seconds, Stopping threads took: 0.0000600 seconds
306.716: Application time: 0.0810430 seconds
306.716: [GC [PSYoungGen: 35369K->3264K(37376K)] 67664K->35615K(75776K), 0.0014240 secs] [Times: user=0.00 sys=0.00, real=0.00 secs] 
306.718: Total time for which application threads were stopped: 0.0017450 seconds, Stopping threads took: 0.0000700 seconds
306.804: Application time: 0.0867290 seconds
306.805: [GC [PSYoungGen: 36894K->736K(34304K)] 69245K->33159K(72704K), 0.0005790 secs] [Times: user=0.00 sys=0.00, real=0.00 secs] 
306.805: Total time for which application threads were stopped: 0.0008100 seconds, Stopping threads took: 0.0001630 seconds
306.883: Application time: 0.0782290 seconds
306.883: [GC [PSYoungGen: 33664K->3328K(41984K)] 66088K->35827K(80384K), 0.0013220 secs] [Times: user=0.00 sys=0.00, real=0.00 secs] 
306.885: Total time for which application threads were stopped: 0.0014900 seconds, Stopping threads took: 0.0000900 seconds
306.980: Application time: 0.0952670 seconds
306.980: [GC [PSYoungGen: 40986K->2304K(44544K)] 73485K->34803K(82944K), 0.0007980 secs] [Times: user=0.01 sys=0.00, real=0.00 secs] 
306.981: Total time for which application threads were stopped: 0.0009310 seconds, Stopping threads took: 0.0000640 seconds
307.081: Application time: 0.0996230 seconds
307.081: [GC [PSYoungGen: 41938K->1792K(40960K)] 74437K->34347K(79360K), 0.0007590 secs] [Times: user=0.00 sys=0.00, real=0.01 secs] 
307.082: Total time for which application threads were stopped: 0.0008990 seconds, Stopping threads took: 0.0000730 seconds
307.177: Application time: 0.0954370 seconds
307.177: [GC [PSYoungGen: 40472K->2304K(40960K)] 73027K->34859K(79360K), 0.0008590 secs] [Times: user=0.00 sys=0.01, real=0.00 secs] 
307.178: Total time for which application threads were stopped: 0.0009990 seconds, Stopping threads took: 0.0000700 seconds
307.272: Application time: 0.0942060 seconds
307.272: [GC [PSYoungGen: 39962K->1280K(38400K)] 72517K->33891K(76800K), 0.0006620 secs] [Times: user=0.00 sys=0.00, real=0.00 secs] 
307.273: Total time for which application threads were stopped: 0.0008070 seconds, Stopping threads took: 0.0000800 seconds
307.363: Application time: 0.0900430 seconds
307.363: [GC [PSYoungGen: 37980K->2320K(39936K)] 70591K->34979K(78336K), 0.0008850 secs] [Times: user=0.01 sys=0.00, real=0.00 secs] 
307.364: Total time for which application threads were stopped: 0.0010370 seconds, Stopping threads took: 0.0000730 seconds
307.454: Application time: 0.0898060 seconds
307.454: [GC [PSYoungGen: 38590K->1760K(37888K)] 71249K->34491K(76288K), 0.0008040 secs] [Times: user=0.00 sys=0.00, real=0.00 secs] 
307.455: Total time for which application threads were stopped: 0.0009260 seconds, Stopping threads took: 0.0000560 seconds
307.543: Application time: 0.0877450 seconds
307.543: [GC [PSYoungGen: 37279K->1792K(37888K)] 70011K->34639K(76288K), 0.0008700 secs] [Times: user=0.01 sys=0.00, real=0.00 secs] 
307.544: Total time for which application threads were stopped: 0.0009920 seconds, Stopping threads took: 0.0000550 seconds
307.630: Application time: 0.0866120 seconds
307.630: [GC [PSYoungGen: 36874K->2304K(37376K)] 69721K->35151K(75776K), 0.0010110 secs] [Times: user=0.01 sys=0.00, real=0.00 secs] 
307.631: Total time for which application threads were stopped: 0.0011540 seconds, Stopping threads took: 0.0000720 seconds
307.717: Application time: 0.0852700 seconds
307.717: [GC [PSYoungGen: 36797K->1792K(37376K)] 69645K->34679K(75776K), 0.0007920 secs] [Times: user=0.00 sys=0.00, real=0.00 secs] 
307.718: Total time for which application threads were stopped: 0.0009270 seconds, Stopping threads took: 0.0000700 seconds
307.802: Application time: 0.0846050 seconds
307.802: [GC [PSYoungGen: 35769K->1792K(35840K)] 68657K->34679K(74240K), 0.0007900 secs] [Times: user=0.00 sys=0.00, real=0.00 secs] 
307.803: Total time for which application threads were stopped: 0.0009160 seconds, Stopping threads took: 0.0000550 seconds
307.885: Application time: 0.0821140 seconds
307.885: [GC [PSYoungGen: 35405K->2304K(36352K)] 68293K->35191K(74752K), 0.0009710 secs] [Times: user=0.01 sys=0.00, real=0.00 secs] 
307.886: Total time for which application threads were stopped: 0.0011470 seconds, Stopping threads took: 0.0000970 seconds
307.967: Application time: 0.0807170 seconds
307.967: [GC [PSYoungGen: 35409K->2816K(36864K)] 68297K->35775K(75264K), 0.0011300 secs] [Times: user=0.01 sys=0.00, real=0.00 secs] 
307.968: Total time for which application threads were stopped: 0.0012760 seconds, Stopping threads took: 0.0000700 seconds
308.051: Application time: 0.0823330 seconds
308.051: [GC [PSYoungGen: 35843K->2304K(43520K)] 68803K->35339K(81920K), 0.0008280 secs] [Times: user=0.00 sys=0.00, real=0.00 secs] 
308.052: Total time for which application threads were stopped: 0.0009850 seconds, Stopping threads took: 0.0000850 seconds
308.150: Application time: 0.0982740 seconds
308.150: [GC [PSYoungGen: 42094K->1792K(40960K)] 75130K->34867K(79360K), 0.0006950 secs] [Times: user=0.00 sys=0.00, real=0.00 secs] 
308.151: Total time for which application threads were stopped: 0.0008780 seconds, Stopping threads took: 0.0001150 seconds
308.246: Application time: 0.0948510 seconds
308.246: [GC [PSYoungGen: 40474K->1280K(40448K)] 73550K->34443K(78848K), 0.0006270 secs] [Times: user=0.00 sys=0.00, real=0.00 secs] 
308.247: Total time for which application threads were stopped: 0.0008400 seconds, Stopping threads took: 0.0001490 seconds
308.339: Application time: 0.0929490 seconds
308.340: [GC [PSYoungGen: 38858K->1280K(38400K)] 72021K->34499K(76800K), 0.0006750 secs] [Times: user=0.00 sys=0.00, real=0.00 secs] 
308.340: Total time for which application threads were stopped: 0.0007990 seconds, Stopping threads took: 0.0000590 seconds
308.428: Application time: 0.0877140 seconds
308.428: [GC [PSYoungGen: 37819K->3328K(39936K)] 71039K->36547K(78336K), 0.0012060 secs] [Times: user=0.01 sys=0.00, real=0.00 secs] 
308.429: Total time for which application threads were stopped: 0.0013550 seconds, Stopping threads took: 0.0000600 seconds
308.520: Application time: 0.0904480 seconds
308.520: [GC [PSYoungGen: 39444K->2272K(38400K)] 72664K->35491K(76800K), 0.0010000 secs] [Times: user=0.01 sys=0.00, real=0.00 secs] 
308.521: Total time for which application threads were stopped: 0.0011380 seconds, Stopping threads took: 0.0000700 seconds
308.610: Application time: 0.0889190 seconds
308.610: [GC [PSYoungGen: 37948K->2288K(37888K)] 71168K->35555K(76288K), 0.0010160 secs] [Times: user=0.01 sys=0.00, real=0.00 secs] 
308.611: Total time for which application threads were stopped: 0.0011690 seconds, Stopping threads took: 0.0000800 seconds
308.699: Application time: 0.0882210 seconds
308.699: [GC [PSYoungGen: 37452K->1792K(36864K)] 70719K->35127K(75264K), 0.0008120 secs] [Times: user=0.00 sys=0.00, real=0.00 secs] 
308.700: Total time for which application threads were stopped: 0.0009310 seconds, Stopping threads took: 0.0000530 seconds
308.785: Application time: 0.0849390 seconds
308.785: [GC [PSYoungGen: 36438K->2320K(37376K)] 69774K->35728K(75776K), 0.0010060 secs] [Times: user=0.01 sys=0.00, real=0.00 secs] 
308.786: Total time for which application threads were stopped: 0.0011450 seconds, Stopping threads took: 0.0000660 seconds
308.869: Application time: 0.0830280 seconds
308.869: [GC [PSYoungGen: 36295K->2816K(37888K)] 69703K->36296K(76288K), 0.0011410 secs] [Times: user=0.01 sys=0.00, real=0.00 secs] 
308.871: Total time for which application threads were stopped: 0.0012890 seconds, Stopping threads took: 0.0000730 seconds
308.956: Application time: 0.0858870 seconds
308.957: [GC [PSYoungGen: 36876K->1792K(35840K)] 70356K->35272K(74240K), 0.0006820 secs] [Times: user=0.00 sys=0.00, real=0.00 secs] 
308.957: Total time for which application threads were stopped: 0.0008210 seconds, Stopping threads took: 0.0000570 seconds
309.040: Application time: 0.0831790 seconds
309.041: [GC [PSYoungGen: 35257K->1216K(34816K)] 68737K->34752K(73216K), 0.0006730 secs] [Times: user=0.00 sys=0.00, real=0.00 secs] 
309.041: Total time for which application threads were stopped: 0.0008490 seconds, Stopping threads took: 0.0001130 seconds
309.122: Application time: 0.0808670 seconds
309.122: [GC [PSYoungGen: 34153K->2816K(35840K)] 67689K->36352K(74240K), 0.0009490 secs] [Times: user=0.00 sys=0.00, real=0.00 secs] 
309.123: Total time for which application threads were stopped: 0.0010920 seconds, Stopping threads took: 0.0000710 seconds
309.204: Application time: 0.0803800 seconds
309.204: [GC [PSYoungGen: 35331K->2304K(34816K)] 68868K->35840K(73216K), 0.0010310 secs] [Times: user=0.01 sys=0.00, real=0.00 secs] 
309.205: Total time for which application threads were stopped: 0.0011600 seconds, Stopping threads took: 0.0000600 seconds
309.284: Application time: 0.0793200 seconds
309.284: [GC [PSYoungGen: 34455K->2352K(38912K)] 67991K->35936K(77312K), 0.0009910 secs] [Times: user=0.01 sys=0.00, real=0.00 secs] 
309.285: Total time for which application threads were stopped: 0.0011460 seconds, Stopping threads took: 0.0000830 seconds
309.374: Application time: 0.0889180 seconds
309.374: [GC [PSYoungGen: 37952K->1792K(37376K)] 71536K->35488K(75776K), 0.0007910 secs] [Times: user=0.00 sys=0.00, real=0.00 secs] 
309.375: Total time for which application threads were stopped: 0.0009270 seconds, Stopping threads took: 0.0000640 seconds
309.461: Application time: 0.0860020 seconds
309.461: [GC [PSYoungGen: 36951K->1776K(37888K)] 70648K->35528K(76288K), 0.0008220 secs] [Times: user=0.01 sys=0.00, real=0.01 secs] 
309.462: Total time for which application threads were stopped: 0.0009940 seconds, Stopping threads took: 0.0000950 seconds
309.550: Application time: 0.0879760 seconds
309.550: [GC [PSYoungGen: 36349K->1280K(35840K)] 70102K->35120K(74240K), 0.0006120 secs] [Times: user=0.00 sys=0.00, real=0.00 secs] 
309.551: Total time for which application threads were stopped: 0.0007380 seconds, Stopping threads took: 0.0000630 seconds
309.634: Application time: 0.0829320 seconds
309.634: [GC [PSYoungGen: 35253K->2304K(36864K)] 69093K->36200K(75264K), 0.0009580 secs] [Times: user=0.00 sys=0.00, real=0.00 secs] 
309.635: Total time for which application threads were stopped: 0.0011020 seconds, Stopping threads took: 0.0000730 seconds
309.718: Application time: 0.0835840 seconds
309.719: [GC [PSYoungGen: 35769K->1792K(35328K)] 69666K->35688K(73728K), 0.0007700 secs] [Times: user=0.00 sys=0.00, real=0.00 secs] 
309.719: Total time for which application threads were stopped: 0.0009570 seconds, Stopping threads took: 0.0001220 seconds
309.802: Application time: 0.0829310 seconds
309.802: [GC [PSYoungGen: 34745K->704K(35840K)] 68642K->34600K(74240K), 0.0005330 secs] [Times: user=0.00 sys=0.00, real=0.00 secs] 
309.803: Total time for which application threads were stopped: 0.0006640 seconds, Stopping threads took: 0.0000680 seconds
309.881: Application time: 0.0779060 seconds
309.881: [GC [PSYoungGen: 33357K->2848K(35328K)] 67253K->36744K(73728K), 0.0011640 secs] [Times: user=0.01 sys=0.00, real=0.01 secs] 
309.882: Total time for which application threads were stopped: 0.0013270 seconds, Stopping threads took: 0.0000880 seconds
309.961: Application time: 0.0788300 seconds
309.961: [GC [PSYoungGen: 34847K->2304K(35840K)] 68744K->36312K(74240K), 0.0009890 secs] [Times: user=0.00 sys=0.00, real=0.01 secs] 
309.962: Total time for which application threads were stopped: 0.0011360 seconds, Stopping threads took: 0.0000770 seconds
310.045: Application time: 0.0824870 seconds
310.045: [GC [PSYoungGen: 34385K->1280K(33280K)] 68394K->35336K(71680K), 0.0006770 secs] [Times: user=0.00 sys=0.00, real=0.00 secs] 
310.046: Total time for which application threads were stopped: 0.0008120 seconds, Stopping threads took: 0.0000630 seconds
310.120: Application time: 0.0740720 seconds
310.120: [GC [PSYoungGen: 32742K->3328K(34816K)] 66799K->37452K(73216K), 0.0013000 secs] [Times: user=0.01 sys=0.00, real=0.00 secs] 
310.121: Total time for which application threads were stopped: 0.0014450 seconds, Stopping threads took: 0.0000710 seconds
310.202: Application time: 0.0807680 seconds
310.202: [GC [PSYoungGen: 34229K->1280K(35328K)] 68354K->35468K(73728K), 0.0006020 secs] [Times: user=0.00 sys=0.00, real=0.00 secs] 
310.203: Total time for which application threads were stopped: 0.0007330 seconds, Stopping threads took: 0.0000700 seconds
310.278: Application time: 0.0751510 seconds
310.278: [GC [PSYoungGen: 32232K->2816K(41984K)] 66421K->37004K(80384K), 0.0009510 secs] [Times: user=0.01 sys=0.00, real=0.00 secs] 
310.279: Total time for which application threads were stopped: 0.0010940 seconds, Stopping threads took: 0.0000710 seconds
310.372: Application time: 0.0935880 seconds
310.373: [GC [PSYoungGen: 40394K->2304K(41984K)] 74582K->36540K(80384K), 0.0008770 secs] [Times: user=0.00 sys=0.00, real=0.00 secs] 
310.373: Total time for which application threads were stopped: 0.0010110 seconds, Stopping threads took: 0.0000620 seconds
310.467: Application time: 0.0933590 seconds
310.467: [GC [PSYoungGen: 39882K->1792K(38912K)] 74118K->36028K(77312K), 0.0006570 secs] [Times: user=0.00 sys=0.00, real=0.00 secs] 
310.468: Total time for which application threads were stopped: 0.0007850 seconds, Stopping threads took: 0.0000570 seconds
310.558: Application time: 0.0903450 seconds
310.558: [GC [PSYoungGen: 38572K->2336K(38912K)] 72809K->36572K(77312K), 0.0009560 secs] [Times: user=0.00 sys=0.00, real=0.00 secs] 
310.559: Total time for which application threads were stopped: 0.0010980 seconds, Stopping threads took: 0.0000640 seconds
310.649: Application time: 0.0897520 seconds
310.649: [GC [PSYoungGen: 38446K->2752K(38912K)] 72682K->37100K(77312K), 0.0010180 secs] [Times: user=0.00 sys=0.00, real=0.00 secs] 
310.650: Total time for which application threads were stopped: 0.0011630 seconds, Stopping threads took: 0.0000720 seconds
310.739: Application time: 0.0887520 seconds
310.739: [GC [PSYoungGen: 38434K->1216K(36864K)] 72783K->35604K(75264K), 0.0007350 secs] [Times: user=0.00 sys=0.00, real=0.00 secs] 
310.740: Total time for which application threads were stopped: 0.0009830 seconds, Stopping threads took: 0.0001820 seconds
310.824: Application time: 0.0840370 seconds
310.824: [GC [PSYoungGen: 36293K->2816K(37888K)] 70682K->37280K(76288K), 0.0011700 secs] [Times: user=0.01 sys=0.00, real=0.00 secs] 
310.825: Total time for which application threads were stopped: 0.0013190 seconds, Stopping threads took: 0.0000740 seconds
310.911: Application time: 0.0857180 seconds
310.911: [GC [PSYoungGen: 37389K->1792K(36352K)] 71854K->36304K(74752K), 0.0008700 secs] [Times: user=0.00 sys=0.00, real=0.00 secs] 
310.912: Total time for which application threads were stopped: 0.0010070 seconds, Stopping threads took: 0.0000680 seconds
310.996: Application time: 0.0846700 seconds
310.997: [GC [PSYoungGen: 35765K->2304K(36352K)] 70278K->36864K(74752K), 0.0009170 secs] [Times: user=0.00 sys=0.00, real=0.00 secs] 
310.998: Total time for which application threads were stopped: 0.0010640 seconds, Stopping threads took: 0.0000760 seconds
311.081: Application time: 0.0830740 seconds
311.081: [GC [PSYoungGen: 35763K->2720K(37888K)] 70324K->37280K(76288K), 0.0011190 secs] [Times: user=0.01 sys=0.00, real=0.01 secs] 
311.082: Total time for which application threads were stopped: 0.0012890 seconds, Stopping threads took: 0.0000870 seconds
311.165: Application time: 0.0827230 seconds
311.165: [GC [PSYoungGen: 36264K->2304K(45056K)] 70825K->36864K(83456K), 0.0008050 secs] [Times: user=0.00 sys=0.00, real=0.00 secs] 
311.166: Total time for which application threads were stopped: 0.0009620 seconds, Stopping threads took: 0.0000860 seconds
311.268: Application time: 0.1028810 seconds
311.269: [GC [PSYoungGen: 43125K->1280K(41472K)] 77685K->35888K(79872K), 0.0006380 secs] [Times: user=0.01 sys=0.00, real=0.00 secs] 
311.269: Total time for which application threads were stopped: 0.0007660 seconds, Stopping threads took: 0.0000590 seconds
311.367: Application time: 0.0978300 seconds
311.367: [GC [PSYoungGen: 41144K->1808K(40960K)] 75753K->36509K(79360K), 0.0007870 secs] [Times: user=0.00 sys=0.00, real=0.00 secs] 
311.368: Total time for which application threads were stopped: 0.0009420 seconds, Stopping threads took: 0.0000860 seconds
311.464: Application time: 0.0961400 seconds
311.464: [GC [PSYoungGen: 40488K->2304K(40448K)] 75189K->37109K(78848K), 0.0010020 secs] [Times: user=0.00 sys=0.01, real=0.00 secs] 
311.465: Total time for which application threads were stopped: 0.0011500 seconds, Stopping threads took: 0.0000710 seconds
311.559: Application time: 0.0938050 seconds
311.559: [GC [PSYoungGen: 39962K->1280K(39424K)] 74767K->36133K(77824K), 0.0006930 secs] [Times: user=0.01 sys=0.00, real=0.00 secs] 
311.560: Total time for which application threads were stopped: 0.0008350 seconds, Stopping threads took: 0.0000770 seconds
311.648: Application time: 0.0881370 seconds
311.648: [GC [PSYoungGen: 37821K->2816K(39936K)] 72675K->37717K(78336K), 0.0011180 secs] [Times: user=0.01 sys=0.00, real=0.00 secs] 
311.649: Total time for which application threads were stopped: 0.0012640 seconds, Stopping threads took: 0.0000670 seconds
311.739: Application time: 0.0898940 seconds
311.739: [GC [PSYoungGen: 38854K->1760K(38400K)] 73755K->36661K(76800K), 0.0007650 secs] [Times: user=0.00 sys=0.00, real=0.00 secs] 
311.741: Total time for which application threads were stopped: 0.0017010 seconds, Stopping threads took: 0.0000550 seconds
311.826: Application time: 0.0854990 seconds
311.827: [GC [PSYoungGen: 37349K->3328K(39424K)] 72251K->38741K(77824K), 0.0014770 secs] [Times: user=0.01 sys=0.00, real=0.00 secs] 
311.828: Total time for which application threads were stopped: 0.0016350 seconds, Stopping threads took: 0.0000770 seconds
311.920: Application time: 0.0917320 seconds
311.920: [GC [PSYoungGen: 39006K->2304K(47104K)] 74419K->37765K(85504K), 0.0009890 secs] [Times: user=0.01 sys=0.00, real=0.00 secs] 
311.921: Total time for which application threads were stopped: 0.0011870 seconds, Stopping threads took: 0.0001170 seconds
312.030: Application time: 0.1085270 seconds
312.030: [GC [PSYoungGen: 45259K->1792K(44032K)] 80720K->37341K(82432K), 0.0007320 secs] [Times: user=0.01 sys=0.00, real=0.00 secs] 
312.030: Total time for which application threads were stopped: 0.0008660 seconds, Stopping threads took: 0.0000660 seconds
312.133: Application time: 0.1030870 seconds
312.134: [GC [PSYoungGen: 43558K->1792K(43008K)] 79108K->37453K(81408K), 0.0008000 secs] [Times: user=0.00 sys=0.00, real=0.00 secs] 
312.134: Total time for which application threads were stopped: 0.0009730 seconds, Stopping threads took: 0.0001060 seconds
312.234: Application time: 0.0999760 seconds
312.235: [GC [PSYoungGen: 42530K->1792K(41984K)] 78192K->37493K(80384K), 0.0008170 secs] [Times: user=0.01 sys=0.00, real=0.00 secs] 
312.235: Total time for which application threads were stopped: 0.0010020 seconds, Stopping threads took: 0.0001100 seconds
312.332: Application time: 0.0964270 seconds
312.332: [GC [PSYoungGen: 41422K->2304K(41472K)] 77123K->38053K(79872K), 0.0009560 secs] [Times: user=0.00 sys=0.00, real=0.00 secs] 
312.333: Total time for which application threads were stopped: 0.0011070 seconds, Stopping threads took: 0.0000750 seconds
312.430: Application time: 0.0966670 seconds
312.430: [GC [PSYoungGen: 40988K->1792K(39936K)] 76738K->37541K(78336K), 0.0007690 secs] [Times: user=0.00 sys=0.00, real=0.00 secs] 
312.431: Total time for which application threads were stopped: 0.0009060 seconds, Stopping threads took: 0.0000700 seconds
312.522: Application time: 0.0917490 seconds
312.522: [GC [PSYoungGen: 39366K->2304K(39424K)] 75115K->38109K(77824K), 0.0009740 secs] [Times: user=0.01 sys=0.00, real=0.00 secs] 
312.523: Total time for which application threads were stopped: 0.0011210 seconds, Stopping threads took: 0.0000730 seconds
312.614: Application time: 0.0906830 seconds
312.614: [GC [PSYoungGen: 39084K->2880K(39424K)] 74890K->38685K(77824K), 0.0011550 secs] [Times: user=0.01 sys=0.00, real=0.00 secs] 
312.615: Total time for which application threads were stopped: 0.0013040 seconds, Stopping threads took: 0.0000740 seconds
312.707: Application time: 0.0915130 seconds
312.707: [GC [PSYoungGen: 39074K->1792K(38912K)] 74879K->37721K(77312K), 0.0008430 secs] [Times: user=0.01 sys=0.00, real=0.00 secs] 
312.708: Total time for which application threads were stopped: 0.0009660 seconds, Stopping threads took: 0.0000570 seconds
312.797: Application time: 0.0892260 seconds
312.797: [GC [PSYoungGen: 37396K->256K(38912K)] 73325K->36265K(77312K), 0.0004230 secs] [Times: user=0.00 sys=0.00, real=0.00 secs] 
312.798: Total time for which application threads were stopped: 0.0005660 seconds, Stopping threads took: 0.0000760 seconds
312.884: Application time: 0.0861020 seconds
312.884: [GC [PSYoungGen: 35331K->2304K(37376K)] 71341K->38361K(75776K), 0.0010940 secs] [Times: user=0.01 sys=0.00, real=0.00 secs] 
312.885: Total time for which application threads were stopped: 0.0012370 seconds, Stopping threads took: 0.0000710 seconds
312.970: Application time: 0.0846060 seconds
312.970: [GC [PSYoungGen: 36797K->1664K(36352K)] 72855K->37769K(74752K), 0.0010710 secs] [Times: user=0.00 sys=0.00, real=0.00 secs] 
312.971: Total time for which application threads were stopped: 0.0013320 seconds, Stopping threads took: 0.0001670 seconds
313.056: Application time: 0.0845710 seconds
313.056: [GC [PSYoungGen: 35639K->2304K(36864K)] 71745K->38409K(75264K), 0.0009550 secs] [Times: user=0.00 sys=0.00, real=0.00 secs] 
313.057: Total time for which application threads were stopped: 0.0011060 seconds, Stopping threads took: 0.0000790 seconds
313.138: Application time: 0.0811220 seconds
313.138: [GC [PSYoungGen: 35844K->2816K(37376K)] 71949K->38921K(75776K), 0.0010990 secs] [Times: user=0.01 sys=0.00, real=0.00 secs] 
313.139: Total time for which application threads were stopped: 0.0012340 seconds, Stopping threads took: 0.0000630 seconds
313.223: Application time: 0.0838560 seconds
313.223: [GC [PSYoungGen: 36362K->1792K(35328K)] 72467K->37945K(73728K), 0.0006830 secs] [Times: user=0.00 sys=0.00, real=0.00 secs] 
313.224: Total time for which application threads were stopped: 0.0008210 seconds, Stopping threads took: 0.0000740 seconds
313.305: Application time: 0.0809690 seconds
313.305: [GC [PSYoungGen: 34898K->1792K(34816K)] 71051K->37993K(73216K), 0.0008180 secs] [Times: user=0.00 sys=0.00, real=0.00 secs] 
313.306: Total time for which application threads were stopped: 0.0009730 seconds, Stopping threads took: 0.0000780 seconds
313.386: Application time: 0.0805510 seconds
313.386: [GC [PSYoungGen: 34385K->1280K(33792K)] 70587K->37561K(72192K), 0.0006210 secs] [Times: user=0.00 sys=0.00, real=0.00 secs] 
313.387: Total time for which application threads were stopped: 0.0007380 seconds, Stopping threads took: 0.0000530 seconds
313.464: Application time: 0.0773250 seconds
313.464: [GC [PSYoungGen: 33267K->2304K(34304K)] 69548K->38665K(72704K), 0.0009920 secs] [Times: user=0.00 sys=0.00, real=0.00 secs] 
313.465: Total time for which application threads were stopped: 0.0011320 seconds, Stopping threads took: 0.0000690 seconds
313.542: Application time: 0.0761970 seconds
313.542: [GC [PSYoungGen: 33779K->2816K(38912K)] 70140K->39226K(77312K), 0.0012720 secs] [Times: user=0.01 sys=0.00, real=0.00 secs] 
313.543: Total time for which application threads were stopped: 0.0014090 seconds, Stopping threads took: 0.0000600 seconds
313.631: Application time: 0.0878530 seconds
313.631: [GC [PSYoungGen: 37825K->1792K(38912K)] 74235K->38250K(77312K), 0.0007620 secs] [Times: user=0.01 sys=0.00, real=0.00 secs] 
313.632: Total time for which application threads were stopped: 0.0008960 seconds, Stopping threads took: 0.0000680 seconds
313.718: Application time: 0.0858500 seconds
313.718: [GC [PSYoungGen: 36873K->2304K(46080K)] 73331K->38762K(84480K), 0.0008070 secs] [Times: user=0.01 sys=0.00, real=0.00 secs] 
313.719: Total time for which application threads were stopped: 0.0009570 seconds, Stopping threads took: 0.0000730 seconds
313.825: Application time: 0.1059780 seconds
313.825: [GC [PSYoungGen: 44508K->1792K(43520K)] 80966K->38306K(81920K), 0.0006640 secs] [Times: user=0.00 sys=0.00, real=0.00 secs] 
313.825: Total time for which application threads were stopped: 0.0007930 seconds, Stopping threads took: 0.0000560 seconds
313.928: Application time: 0.1024520 seconds
313.928: [GC [PSYoungGen: 43200K->1792K(43008K)] 79714K->38306K(81408K), 0.0007460 secs] [Times: user=0.00 sys=0.00, real=0.00 secs] 
313.929: Total time for which application threads were stopped: 0.0008810 seconds, Stopping threads took: 0.0000660 seconds
314.028: Application time: 0.0989520 seconds
314.028: [GC [PSYoungGen: 42090K->2304K(41984K)] 78604K->38938K(80384K), 0.0010350 secs] [Times: user=0.01 sys=0.00, real=0.00 secs] 
314.029: Total time for which application threads were stopped: 0.0012450 seconds, Stopping threads took: 0.0001370 seconds
314.128: Application time: 0.0993850 seconds
314.128: [GC [PSYoungGen: 41504K->1792K(40960K)] 78138K->38514K(79360K), 0.0008400 secs] [Times: user=0.01 sys=0.00, real=0.00 secs] 
314.129: Total time for which application threads were stopped: 0.0009740 seconds, Stopping threads took: 0.0000660 seconds
314.223: Application time: 0.0933480 seconds
314.223: [GC [PSYoungGen: 39958K->2304K(39936K)] 76680K->39074K(78336K), 0.0009630 secs] [Times: user=0.00 sys=0.00, real=0.00 secs] 
314.224: Total time for which application threads were stopped: 0.0011060 seconds, Stopping threads took: 0.0000730 seconds
314.315: Application time: 0.0915660 seconds
314.315: [GC [PSYoungGen: 39368K->1792K(38400K)] 76138K->38618K(76800K), 0.0008380 secs] [Times: user=0.01 sys=0.00, real=0.00 secs] 
314.316: Total time for which application threads were stopped: 0.0009660 seconds, Stopping threads took: 0.0000580 seconds
314.407: Application time: 0.0904860 seconds
314.407: [GC [PSYoungGen: 37908K->768K(36864K)] 74734K->37594K(75264K), 0.0004750 secs] [Times: user=0.00 sys=0.00, real=0.00 secs] 
314.407: Total time for which application threads were stopped: 0.0006060 seconds, Stopping threads took: 0.0000630 seconds
314.493: Application time: 0.0853490 seconds
314.493: [GC [PSYoungGen: 36279K->2816K(38400K)] 73105K->39682K(76800K), 0.0011340 secs] [Times: user=0.00 sys=0.00, real=0.01 secs] 
314.494: Total time for which application threads were stopped: 0.0012710 seconds, Stopping threads took: 0.0000640 seconds
314.583: Application time: 0.0885720 seconds
314.583: [GC [PSYoungGen: 37984K->1280K(36352K)] 74850K->38146K(74752K), 0.0006820 secs] [Times: user=0.00 sys=0.00, real=0.00 secs] 
314.583: Total time for which application threads were stopped: 0.0008100 seconds, Stopping threads took: 0.0000630 seconds
314.669: Application time: 0.0854470 seconds
314.669: [GC [PSYoungGen: 36004K->1808K(37376K)] 72870K->38762K(75776K), 0.0008870 secs] [Times: user=0.00 sys=0.00, real=0.00 secs] 
314.670: Total time for which application threads were stopped: 0.0010290 seconds, Stopping threads took: 0.0000700 seconds
314.752: Application time: 0.0826610 seconds
314.753: [GC [PSYoungGen: 35859K->2816K(36864K)] 72814K->39878K(75264K), 0.0011760 secs] [Times: user=0.00 sys=0.00, real=0.01 secs] 
314.754: Total time for which application threads were stopped: 0.0013120 seconds, Stopping threads took: 0.0000620 seconds
314.837: Application time: 0.0832330 seconds
314.837: [GC [PSYoungGen: 36277K->3328K(36864K)] 73340K->40430K(75264K), 0.0013330 secs] [Times: user=0.01 sys=0.00, real=0.00 secs] 
314.839: Total time for which application threads were stopped: 0.0014830 seconds, Stopping threads took: 0.0000750 seconds
314.921: Application time: 0.0822160 seconds
314.921: [GC [PSYoungGen: 36358K->2816K(37376K)] 73460K->39918K(75776K), 0.0011370 secs] [Times: user=0.01 sys=0.00, real=0.01 secs] 
314.922: Total time for which application threads were stopped: 0.0012790 seconds, Stopping threads took: 0.0000600 seconds
315.005: Application time: 0.0826390 seconds
315.005: [GC [PSYoungGen: 35843K->2816K(44032K)] 72946K->39958K(82432K), 0.0009870 secs] [Times: user=0.00 sys=0.00, real=0.00 secs] 
315.006: Total time for which application threads were stopped: 0.0011350 seconds, Stopping threads took: 0.0000740 seconds
315.105: Application time: 0.0988250 seconds
315.105: [GC [PSYoungGen: 42452K->1728K(44032K)] 79595K->38918K(82432K), 0.0007840 secs] [Times: user=0.00 sys=0.00, real=0.00 secs] 
315.106: Total time for which application threads were stopped: 0.0009200 seconds, Stopping threads took: 0.0000680 seconds
315.206: Application time: 0.1000580 seconds
315.206: [GC [PSYoungGen: 41440K->1280K(40448K)] 78631K->38470K(78848K), 0.0005890 secs] [Times: user=0.00 sys=0.00, real=0.00 secs] 
315.206: Total time for which application threads were stopped: 0.0007070 seconds, Stopping threads took: 0.0000560 seconds
315.301: Application time: 0.0943520 seconds
315.301: [GC [PSYoungGen: 40038K->1792K(39936K)] 77228K->39038K(78336K), 0.0008360 secs] [Times: user=0.00 sys=0.00, real=0.01 secs] 
315.302: Total time for which application threads were stopped: 0.0009640 seconds, Stopping threads took: 0.0000580 seconds
315.394: Application time: 0.0925820 seconds
315.394: [GC [PSYoungGen: 39522K->2304K(39424K)] 76768K->39638K(77824K), 0.0008810 secs] [Times: user=0.01 sys=0.00, real=0.00 secs] 
315.395: Total time for which application threads were stopped: 0.0010230 seconds, Stopping threads took: 0.0000690 seconds
315.487: Application time: 0.0918430 seconds
315.487: [GC [PSYoungGen: 38930K->2304K(38912K)] 76265K->39726K(77312K), 0.0009660 secs] [Times: user=0.01 sys=0.00, real=0.00 secs] 
315.488: Total time for which application threads were stopped: 0.0011150 seconds, Stopping threads took: 0.0000680 seconds
315.580: Application time: 0.0918620 seconds
315.580: [GC [PSYoungGen: 38422K->768K(36864K)] 75844K->38238K(75264K), 0.0005830 secs] [Times: user=0.00 sys=0.00, real=0.00 secs] 
315.581: Total time for which application threads were stopped: 0.0007050 seconds, Stopping threads took: 0.0000560 seconds
315.665: Application time: 0.0842340 seconds
315.665: [GC [PSYoungGen: 36358K->2816K(38400K)] 73828K->40334K(76800K), 0.0011530 secs] [Times: user=0.00 sys=0.00, real=0.00 secs] 
315.666: Total time for which application threads were stopped: 0.0013030 seconds, Stopping threads took: 0.0000710 seconds
315.756: Application time: 0.0893540 seconds
315.756: [GC [PSYoungGen: 37828K->1280K(36352K)] 75346K->38854K(74752K), 0.0006780 secs] [Times: user=0.00 sys=0.00, real=0.00 secs] 
315.756: Total time for which application threads were stopped: 0.0008230 seconds, Stopping threads took: 0.0000800 seconds
315.840: Application time: 0.0836530 seconds
315.840: [GC [PSYoungGen: 35767K->2240K(36864K)] 73342K->39814K(75264K), 0.0009570 secs] [Times: user=0.00 sys=0.00, real=0.00 secs] 
315.841: Total time for which application threads were stopped: 0.0010900 seconds, Stopping threads took: 0.0000620 seconds
315.926: Application time: 0.0847620 seconds
315.926: [GC [PSYoungGen: 36452K->2320K(37376K)] 74027K->39894K(75776K), 0.0009830 secs] [Times: user=0.01 sys=0.00, real=0.00 secs] 
315.927: Total time for which application threads were stopped: 0.0011140 seconds, Stopping threads took: 0.0000610 seconds
316.010: Application time: 0.0831420 seconds
316.010: [GC [PSYoungGen: 35941K->1824K(35328K)] 73516K->39522K(73728K), 0.0008700 secs] [Times: user=0.01 sys=0.00, real=0.00 secs] 
316.011: Total time for which application threads were stopped: 0.0011070 seconds, Stopping threads took: 0.0001630 seconds
316.094: Application time: 0.0827750 seconds
316.094: [GC [PSYoungGen: 34853K->1280K(35840K)] 72552K->39074K(74240K), 0.0006550 secs] [Times: user=0.01 sys=0.00, real=0.00 secs] 
316.095: Total time for which application threads were stopped: 0.0007800 seconds, Stopping threads took: 0.0000590 seconds
316.177: Application time: 0.0818220 seconds
316.177: [GC [PSYoungGen: 33717K->768K(33280K)] 71512K->38619K(71680K), 0.0005000 secs] [Times: user=0.00 sys=0.00, real=0.00 secs] 
316.177: Total time for which application threads were stopped: 0.0006300 seconds, Stopping threads took: 0.0000710 seconds
316.254: Application time: 0.0764130 seconds
316.254: [GC [PSYoungGen: 32747K->2816K(35328K)] 70598K->40667K(73728K), 0.0011110 secs] [Times: user=0.01 sys=0.00, real=0.00 secs] 
316.255: Total time for which application threads were stopped: 0.0012880 seconds, Stopping threads took: 0.0001010 seconds
316.336: Application time: 0.0813700 seconds
316.337: [GC [PSYoungGen: 34307K->1248K(32768K)] 72158K->39147K(71168K), 0.0006400 secs] [Times: user=0.01 sys=0.00, real=0.00 secs] 
316.337: Total time for which application threads were stopped: 0.0007670 seconds, Stopping threads took: 0.0000640 seconds
316.410: Application time: 0.0727320 seconds
316.410: [GC [PSYoungGen: 32116K->3328K(35328K)] 70015K->41267K(73728K), 0.0013100 secs] [Times: user=0.01 sys=0.00, real=0.00 secs] 
316.411: Total time for which application threads were stopped: 0.0014660 seconds, Stopping threads took: 0.0000780 seconds
316.492: Application time: 0.0803450 seconds
316.492: [GC [PSYoungGen: 34229K->1280K(32256K)] 72168K->39219K(70656K), 0.0006270 secs] [Times: user=0.00 sys=0.00, real=0.00 secs] 
316.493: Total time for which application threads were stopped: 0.0007590 seconds, Stopping threads took: 0.0000700 seconds
316.568: Application time: 0.0750780 seconds
316.568: [GC [PSYoungGen: 31722K->1792K(33792K)] 69662K->39731K(72192K), 0.0008060 secs] [Times: user=0.00 sys=0.00, real=0.00 secs] 
316.569: Total time for which application threads were stopped: 0.0009530 seconds, Stopping threads took: 0.0000650 seconds
316.644: Application time: 0.0753010 seconds
316.644: [GC [PSYoungGen: 31957K->1840K(31744K)] 69896K->39827K(70144K), 0.0008270 secs] [Times: user=0.00 sys=0.00, real=0.00 secs] 
316.645: Total time for which application threads were stopped: 0.0009530 seconds, Stopping threads took: 0.0000560 seconds
316.718: Application time: 0.0727690 seconds
316.718: [GC [PSYoungGen: 31176K->1792K(34304K)] 69163K->39923K(72704K), 0.0008220 secs] [Times: user=0.01 sys=0.00, real=0.00 secs] 
316.719: Total time for which application threads were stopped: 0.0010420 seconds, Stopping threads took: 0.0001520 seconds
316.792: Application time: 0.0738300 seconds
316.793: [GC [PSYoungGen: 31723K->1792K(33792K)] 69854K->39923K(72192K), 0.0008080 secs] [Times: user=0.00 sys=0.00, real=0.01 secs] 
316.794: Total time for which application threads were stopped: 0.0017130 seconds, Stopping threads took: 0.0000580 seconds
316.869: Application time: 0.0750250 seconds
316.869: [GC [PSYoungGen: 31648K->1280K(31232K)] 69780K->39459K(69632K), 0.0005780 secs] [Times: user=0.00 sys=0.00, real=0.00 secs] 
316.870: Total time for which application threads were stopped: 0.0007240 seconds, Stopping threads took: 0.0000830 seconds
316.942: Application time: 0.0722150 seconds
316.942: [GC [PSYoungGen: 30690K->1792K(31232K)] 68869K->39971K(69632K), 0.0008190 secs] [Times: user=0.01 sys=0.00, real=0.00 secs] 
316.943: Total time for which application threads were stopped: 0.0009430 seconds, Stopping threads took: 0.0000550 seconds
317.016: Application time: 0.0729080 seconds
317.016: [GC [PSYoungGen: 30690K->1792K(30720K)] 68869K->40019K(69120K), 0.0007760 secs] [Times: user=0.00 sys=0.00, real=0.00 secs] 
317.017: Total time for which application threads were stopped: 0.0009060 seconds, Stopping threads took: 0.0000640 seconds
317.084: Application time: 0.0674180 seconds
317.084: [GC [PSYoungGen: 30092K->2816K(35840K)] 68319K->41595K(75264K), 0.0012970 secs] [Times: user=0.01 sys=0.00, real=0.00 secs] 
317.086: Total time for which application threads were stopped: 0.0014520 seconds, Stopping threads took: 0.0000700 seconds
317.167: Application time: 0.0811890 seconds
317.167: [GC [PSYoungGen: 35253K->2816K(38400K)] 74033K->41595K(77824K), 0.0009690 secs] [Times: user=0.00 sys=0.00, real=0.00 secs] 
317.168: Total time for which application threads were stopped: 0.0011140 seconds, Stopping threads took: 0.0000710 seconds
317.255: Application time: 0.0866720 seconds
317.255: [GC [PSYoungGen: 37546K->1824K(38400K)] 76326K->40603K(77824K), 0.0008080 secs] [Times: user=0.00 sys=0.00, real=0.00 secs] 
317.256: Total time for which application threads were stopped: 0.0009440 seconds, Stopping threads took: 0.0000720 seconds
317.341: Application time: 0.0856920 seconds
317.342: [GC [PSYoungGen: 36471K->1808K(45568K)] 75251K->40703K(84992K), 0.0007240 secs] [Times: user=0.00 sys=0.00, real=0.00 secs] 
317.342: Total time for which application threads were stopped: 0.0008560 seconds, Stopping threads took: 0.0000610 seconds
317.446: Application time: 0.1037930 seconds
317.446: [GC [PSYoungGen: 43575K->1216K(42496K)] 82470K->40199K(81920K), 0.0006030 secs] [Times: user=0.00 sys=0.00, real=0.00 secs] 
317.447: Total time for which application threads were stopped: 0.0008000 seconds, Stopping threads took: 0.0001330 seconds
317.547: Application time: 0.1002520 seconds
317.547: [GC [PSYoungGen: 41956K->1280K(42496K)] 80940K->40327K(81920K), 0.0006100 secs] [Times: user=0.00 sys=0.00, real=0.00 secs] 
317.548: Total time for which application threads were stopped: 0.0007440 seconds, Stopping threads took: 0.0000690 seconds
317.645: Application time: 0.0974000 seconds
317.645: [GC [PSYoungGen: 40986K->2304K(41472K)] 80033K->41407K(80896K), 0.0009930 secs] [Times: user=0.01 sys=0.00, real=0.00 secs] 
317.646: Total time for which application threads were stopped: 0.0011380 seconds, Stopping threads took: 0.0000630 seconds
317.743: Application time: 0.0962630 seconds
317.743: [GC [PSYoungGen: 40908K->2304K(40448K)] 80011K->41455K(79872K), 0.0008950 secs] [Times: user=0.00 sys=0.00, real=0.00 secs] 
317.744: Total time for which application threads were stopped: 0.0010300 seconds, Stopping threads took: 0.0000660 seconds
317.836: Application time: 0.0925350 seconds
317.836: [GC [PSYoungGen: 39958K->2304K(39424K)] 79109K->41455K(78848K), 0.0010070 secs] [Times: user=0.01 sys=0.00, real=0.00 secs] 
317.837: Total time for which application threads were stopped: 0.0011430 seconds, Stopping threads took: 0.0000660 seconds
317.928: Application time: 0.0909740 seconds
317.928: [GC [PSYoungGen: 39008K->2272K(39424K)] 78159K->41471K(78848K), 0.0009710 secs] [Times: user=0.00 sys=0.01, real=0.00 secs] 
317.929: Total time for which application threads were stopped: 0.0011190 seconds, Stopping threads took: 0.0000670 seconds
318.021: Application time: 0.0919090 seconds
318.022: [GC [PSYoungGen: 38464K->1824K(37888K)] 77663K->41103K(77312K), 0.0008270 secs] [Times: user=0.00 sys=0.00, real=0.00 secs] 
318.022: [Full GC [PSYoungGen: 1824K->0K(37888K)] [ParOldGen: 39279K->8507K(37888K)] 41103K->8507K(75776K) [PSPermGen: 5186K->5186K(21504K)], 0.0051310 secs] [Times: user=0.02 sys=0.00, real=0.00 secs] 
318.028: Total time for which application threads were stopped: 0.0061570 seconds, Stopping threads took: 0.0000790 seconds
318.116: Application time: 0.0885190 seconds
318.116: [GC [PSYoungGen: 35597K->1792K(38400K)] 44105K->10299K(76288K), 0.0007430 secs] [Times: user=0.01 sys=0.00, real=0.00 secs] 
318.117: Total time for which application threads were stopped: 0.0008710 seconds, Stopping threads took: 0.0000590 seconds
318.203: Application time: 0.0856740 seconds
318.203: [GC [PSYoungGen: 36875K->1792K(36864K)] 45383K->10355K(74752K), 0.0007680 secs] [Times: user=0.01 sys=0.00, real=0.00 secs] 
318.204: Total time for which application threads were stopped: 0.0009830 seconds, Stopping threads took: 0.0001440 seconds
318.290: Application time: 0.0859380 seconds
318.290: [GC [PSYoungGen: 36359K->2272K(36864K)] 44923K->10875K(74752K), 0.0009300 secs] [Times: user=0.01 sys=0.00, real=0.00 secs] 
318.291: Total time for which application threads were stopped: 0.0010820 seconds, Stopping threads took: 0.0000820 seconds
318.376: Application time: 0.0850610 seconds
318.376: [GC [PSYoungGen: 36249K->2304K(36352K)] 44853K->10963K(74240K), 0.0008780 secs] [Times: user=0.00 sys=0.00, real=0.00 secs] 
318.377: Total time for which application threads were stopped: 0.0010060 seconds, Stopping threads took: 0.0000610 seconds
318.461: Application time: 0.0838670 seconds
318.461: [GC [PSYoungGen: 35771K->1280K(35840K)] 44431K->9939K(73728K), 0.0005800 secs] [Times: user=0.01 sys=0.00, real=0.00 secs] 
318.461: Total time for which application threads were stopped: 0.0007150 seconds, Stopping threads took: 0.0000710 seconds
318.543: Application time: 0.0813540 seconds
318.543: [GC [PSYoungGen: 34303K->1280K(34304K)] 42963K->9939K(72192K), 0.0005820 secs] [Times: user=0.00 sys=0.00, real=0.00 secs] 
318.543: Total time for which application threads were stopped: 0.0007550 seconds, Stopping threads took: 0.0001110 seconds
318.625: Application time: 0.0814070 seconds
318.625: [GC [PSYoungGen: 33876K->736K(35328K)] 42535K->9443K(73216K), 0.0004450 secs] [Times: user=0.00 sys=0.00, real=0.00 secs] 
318.625: Total time for which application threads were stopped: 0.0005910 seconds, Stopping threads took: 0.0000870 seconds
318.704: Application time: 0.0782110 seconds
318.704: [GC [PSYoungGen: 32803K->1808K(33792K)] 41511K->10615K(71680K), 0.0007940 secs] [Times: user=0.01 sys=0.00, real=0.00 secs] 
318.705: Total time for which application threads were stopped: 0.0009310 seconds, Stopping threads took: 0.0000620 seconds
318.783: Application time: 0.0780300 seconds
318.783: [GC [PSYoungGen: 33287K->1248K(33792K)] 42095K->10127K(71680K), 0.0005990 secs] [Times: user=0.00 sys=0.00, real=0.00 secs] 
318.783: Total time for which application threads were stopped: 0.0007440 seconds, Stopping threads took: 0.0000810 seconds
318.859: Application time: 0.0758960 seconds
318.859: [GC [PSYoungGen: 32124K->2816K(33792K)] 41004K->11735K(71680K), 0.0010510 secs] [Times: user=0.01 sys=0.00, real=0.00 secs] 
318.860: Total time for which application threads were stopped: 0.0012070 seconds, Stopping threads took: 0.0000810 seconds
318.937: Application time: 0.0766900 seconds
318.937: [GC [PSYoungGen: 33349K->1792K(33280K)] 42269K->10711K(71168K), 0.0007360 secs] [Times: user=0.00 sys=0.00, real=0.00 secs] 
318.938: Total time for which application threads were stopped: 0.0008740 seconds, Stopping threads took: 0.0000720 seconds
319.013: Application time: 0.0749480 seconds
319.013: [GC [PSYoungGen: 31640K->1792K(31744K)] 40560K->10799K(69632K), 0.0008330 secs] [Times: user=0.00 sys=0.00, real=0.01 secs] 
319.014: Total time for which application threads were stopped: 0.0009900 seconds, Stopping threads took: 0.0000860 seconds
319.086: Application time: 0.0718960 seconds
319.086: [GC [PSYoungGen: 31132K->1792K(31744K)] 40140K->10799K(69632K), 0.0007330 secs] [Times: user=0.00 sys=0.00, real=0.00 secs] 
319.087: Total time for which application threads were stopped: 0.0008680 seconds, Stopping threads took: 0.0000700 seconds
319.158: Application time: 0.0715680 seconds
319.158: [GC [PSYoungGen: 30688K->2304K(31232K)] 39696K->11311K(69120K), 0.0008960 secs] [Times: user=0.01 sys=0.00, real=0.00 secs] 
319.159: Total time for which application threads were stopped: 0.0010290 seconds, Stopping threads took: 0.0000620 seconds
319.230: Application time: 0.0706430 seconds
319.230: [GC [PSYoungGen: 30686K->2816K(31232K)] 39694K->11864K(69120K), 0.0010950 secs] [Times: user=0.00 sys=0.00, real=0.00 secs] 
319.231: Total time for which application threads were stopped: 0.0012430 seconds, Stopping threads took: 0.0000660 seconds
319.299: Application time: 0.0680430 seconds
319.299: [GC [PSYoungGen: 30688K->2304K(31744K)] 39736K->11408K(69632K), 0.0009050 secs] [Times: user=0.00 sys=0.00, real=0.00 secs] 
319.300: Total time for which application threads were stopped: 0.0010610 seconds, Stopping threads took: 0.0000860 seconds
319.371: Application time: 0.0702490 seconds
319.371: [GC [PSYoungGen: 30256K->1792K(37376K)] 39360K->10944K(75264K), 0.0006440 secs] [Times: user=0.00 sys=0.00, real=0.00 secs] 
319.371: Total time for which application threads were stopped: 0.0007750 seconds, Stopping threads took: 0.0000640 seconds
319.454: Application time: 0.0823820 seconds
319.454: [GC [PSYoungGen: 35334K->1792K(37376K)] 44486K->11024K(75264K), 0.0007300 secs] [Times: user=0.00 sys=0.00, real=0.00 secs] 
319.455: Total time for which application threads were stopped: 0.0008700 seconds, Stopping threads took: 0.0000650 seconds
319.537: Application time: 0.0819790 seconds
319.537: [GC [PSYoungGen: 35253K->1792K(35328K)] 44485K->11088K(73216K), 0.0006250 secs] [Times: user=0.00 sys=0.00, real=0.00 secs] 
319.537: Total time for which application threads were stopped: 0.0008220 seconds, Stopping threads took: 0.0001340 seconds
319.619: Application time: 0.0818680 seconds
319.619: [GC [PSYoungGen: 34899K->1792K(34816K)] 44195K->11088K(72704K), 0.0006650 secs] [Times: user=0.01 sys=0.00, real=0.00 secs] 
319.620: Total time for which application threads were stopped: 0.0008130 seconds, Stopping threads took: 0.0000820 seconds
319.699: Application time: 0.0787800 seconds
319.699: [GC [PSYoungGen: 34217K->2304K(34816K)] 43513K->12192K(72704K), 0.0010120 secs] [Times: user=0.00 sys=0.00, real=0.00 secs] 
319.700: Total time for which application threads were stopped: 0.0011580 seconds, Stopping threads took: 0.0000740 seconds
319.780: Application time: 0.0800460 seconds
319.780: [GC [PSYoungGen: 34225K->2304K(34304K)] 44113K->12192K(72192K), 0.0009010 secs] [Times: user=0.01 sys=0.00, real=0.00 secs] 
319.781: Total time for which application threads were stopped: 0.0010430 seconds, Stopping threads took: 0.0000650 seconds
319.858: Application time: 0.0772850 seconds
319.858: [GC [PSYoungGen: 33783K->1280K(32768K)] 43671K->12192K(70656K), 0.0008270 secs] [Times: user=0.00 sys=0.00, real=0.00 secs] 
319.859: Total time for which application threads were stopped: 0.0009580 seconds, Stopping threads took: 0.0000640 seconds
319.937: Application time: 0.0776070 seconds
319.937: [GC [PSYoungGen: 32325K->1792K(32768K)] 43237K->12760K(70656K), 0.0007310 secs] [Times: user=0.00 sys=0.01, real=0.00 secs] 
319.938: Total time for which application threads were stopped: 0.0008630 seconds, Stopping threads took: 0.0000640 seconds
320.014: Application time: 0.0759990 seconds
320.014: [GC [PSYoungGen: 32309K->2816K(37888K)] 43277K->13852K(75776K), 0.0011110 secs] [Times: user=0.01 sys=0.00, real=0.00 secs] 
320.015: Total time for which application threads were stopped: 0.0012680 seconds, Stopping threads took: 0.0000850 seconds
320.103: Application time: 0.0882100 seconds
320.103: [GC [PSYoungGen: 37394K->768K(35328K)] 48430K->11876K(73216K), 0.0004620 secs] [Times: user=0.01 sys=0.00, real=0.00 secs] 
320.104: Total time for which application threads were stopped: 0.0005780 seconds, Stopping threads took: 0.0000550 seconds
320.187: Application time: 0.0829420 seconds
320.187: [GC [PSYoungGen: 34821K->1280K(36864K)] 45930K->12436K(74752K), 0.0006130 secs] [Times: user=0.00 sys=0.00, real=0.00 secs] 
320.188: Total time for which application threads were stopped: 0.0007330 seconds, Stopping threads took: 0.0000590 seconds
320.271: Application time: 0.0829690 seconds
320.271: [GC [PSYoungGen: 34817K->1792K(35328K)] 45974K->13004K(73216K), 0.0008020 secs] [Times: user=0.00 sys=0.00, real=0.00 secs] 
320.271: Total time for which application threads were stopped: 0.0009320 seconds, Stopping threads took: 0.0000620 seconds
320.354: Application time: 0.0820850 seconds
320.354: [GC [PSYoungGen: 34739K->1248K(35328K)] 45951K->12508K(73216K), 0.0005960 secs] [Times: user=0.00 sys=0.00, real=0.00 secs] 
320.354: Total time for which application threads were stopped: 0.0007680 seconds, Stopping threads took: 0.0000980 seconds
320.436: Application time: 0.0815180 seconds
320.436: [GC [PSYoungGen: 33685K->1280K(33792K)] 44946K->12540K(71680K), 0.0005800 secs] [Times: user=0.00 sys=0.00, real=0.00 secs] 
320.437: Total time for which application threads were stopped: 0.0006960 seconds, Stopping threads took: 0.0000530 seconds
320.512: Application time: 0.0758500 seconds
320.513: [GC [PSYoungGen: 33262K->2816K(34816K)] 44523K->14076K(72704K), 0.0010190 secs] [Times: user=0.01 sys=0.00, real=0.01 secs] 
320.514: Total time for which application threads were stopped: 0.0011840 seconds, Stopping threads took: 0.0000910 seconds
320.592: Application time: 0.0785240 seconds
320.592: [GC [PSYoungGen: 34377K->2272K(33792K)] 45638K->13580K(71680K), 0.0009240 secs] [Times: user=0.00 sys=0.00, real=0.00 secs] 
320.593: Total time for which application threads were stopped: 0.0010620 seconds, Stopping threads took: 0.0000680 seconds
320.670: Application time: 0.0763900 seconds
320.670: [GC [PSYoungGen: 33313K->2304K(33792K)] 44622K->13700K(71680K), 0.0009440 secs] [Times: user=0.01 sys=0.00, real=0.00 secs] 
320.671: Total time for which application threads were stopped: 0.0010780 seconds, Stopping threads took: 0.0000620 seconds
320.748: Application time: 0.0769340 seconds
320.748: [GC [PSYoungGen: 32759K->1280K(31744K)] 44155K->12772K(69632K), 0.0006110 secs] [Times: user=0.01 sys=0.00, real=0.00 secs] 
320.748: Total time for which application threads were stopped: 0.0007340 seconds, Stopping threads took: 0.0000610 seconds
320.821: Application time: 0.0730550 seconds
320.821: [GC [PSYoungGen: 31206K->1792K(32768K)] 42699K->13324K(70656K), 0.0007220 secs] [Times: user=0.00 sys=0.00, real=0.00 secs] 
320.822: Total time for which application threads were stopped: 0.0008670 seconds, Stopping threads took: 0.0000710 seconds
320.896: Application time: 0.0736700 seconds
320.896: [GC [PSYoungGen: 31206K->1792K(31232K)] 42739K->13380K(69120K), 0.0008050 secs] [Times: user=0.01 sys=0.00, real=0.00 secs] 
320.897: Total time for which application threads were stopped: 0.0009390 seconds, Stopping threads took: 0.0000610 seconds
320.969: Application time: 0.0724320 seconds
320.969: [GC [PSYoungGen: 30612K->1760K(31232K)] 42201K->13396K(69120K), 0.0008800 secs] [Times: user=0.00 sys=0.00, real=0.00 secs] 
320.970: Total time for which application threads were stopped: 0.0010230 seconds, Stopping threads took: 0.0000700 seconds
321.040: Application time: 0.0695600 seconds
321.040: [GC [PSYoungGen: 30066K->1728K(30208K)] 41702K->13364K(68096K), 0.0008300 secs] [Times: user=0.00 sys=0.00, real=0.00 secs] 
321.041: Total time for which application threads were stopped: 0.0009750 seconds, Stopping threads took: 0.0000800 seconds
321.110: Application time: 0.0690580 seconds
321.110: [GC [PSYoungGen: 29518K->2304K(31232K)] 41154K->13940K(69120K), 0.0008600 secs] [Times: user=0.01 sys=0.00, real=0.00 secs] 
321.111: Total time for which application threads were stopped: 0.0009900 seconds, Stopping threads took: 0.0000610 seconds
321.179: Application time: 0.0676170 seconds
321.179: [GC [PSYoungGen: 30172K->2816K(31232K)] 41809K->14452K(69120K), 0.0010900 secs] [Times: user=0.01 sys=0.00, real=0.00 secs] 
321.180: Total time for which application threads were stopped: 0.0012280 seconds, Stopping threads took: 0.0000650 seconds
321.250: Application time: 0.0699420 seconds
321.250: [GC [PSYoungGen: 30692K->1760K(36352K)] 42329K->13452K(74240K), 0.0006350 secs] [Times: user=0.00 sys=0.00, real=0.00 secs] 
321.250: Total time for which application threads were stopped: 0.0007940 seconds, Stopping threads took: 0.0000970 seconds
321.333: Application time: 0.0825100 seconds
321.333: [GC [PSYoungGen: 35455K->2304K(36864K)] 47148K->14036K(74752K), 0.0008400 secs] [Times: user=0.00 sys=0.01, real=0.01 secs] 
321.334: Total time for which application threads were stopped: 0.0009840 seconds, Stopping threads took: 0.0000730 seconds
321.417: Application time: 0.0827740 seconds
321.417: [GC [PSYoungGen: 35846K->2272K(44544K)] 47578K->14112K(82432K), 0.0008020 secs] [Times: user=0.00 sys=0.00, real=0.00 secs] 
321.418: Total time for which application threads were stopped: 0.0010990 seconds, Stopping threads took: 0.0002160 seconds
321.520: Application time: 0.1019240 seconds
321.520: [GC [PSYoungGen: 43014K->1216K(41472K)] 54855K->13112K(79360K), 0.0005830 secs] [Times: user=0.00 sys=0.00, real=0.00 secs] 
321.521: Total time for which application threads were stopped: 0.0007170 seconds, Stopping threads took: 0.0000700 seconds
321.617: Application time: 0.0965250 seconds
321.617: [GC [PSYoungGen: 40918K->3328K(42496K)] 52815K->15257K(80384K), 0.0011920 secs] [Times: user=0.00 sys=0.01, real=0.00 secs] 
321.618: Total time for which application threads were stopped: 0.0013590 seconds, Stopping threads took: 0.0000830 seconds
321.718: Application time: 0.0991730 seconds
321.718: [GC [PSYoungGen: 41942K->736K(38912K)] 53871K->12729K(76800K), 0.0004570 secs] [Times: user=0.00 sys=0.00, real=0.00 secs] 
321.718: Total time for which application threads were stopped: 0.0005820 seconds, Stopping threads took: 0.0000650 seconds
321.812: Application time: 0.0935860 seconds
321.812: [GC [PSYoungGen: 38307K->1792K(38912K)] 50300K->13785K(76800K), 0.0007380 secs] [Times: user=0.00 sys=0.00, real=0.00 secs] 
321.813: Total time for which application threads were stopped: 0.0016450 seconds, Stopping threads took: 0.0000600 seconds
321.901: Application time: 0.0879250 seconds
321.901: [GC [PSYoungGen: 38492K->2816K(38912K)] 50485K->14809K(76800K), 0.0010590 secs] [Times: user=0.01 sys=0.00, real=0.01 secs] 
321.903: Total time for which application threads were stopped: 0.0012080 seconds, Stopping threads took: 0.0000740 seconds
321.993: Application time: 0.0901530 seconds
321.993: [GC [PSYoungGen: 38572K->2352K(38912K)] 50565K->14417K(76800K), 0.0009400 secs] [Times: user=0.00 sys=0.00, real=0.01 secs] 
321.994: Total time for which application threads were stopped: 0.0010990 seconds, Stopping threads took: 0.0000810 seconds
322.079: Application time: 0.0855500 seconds
322.079: [GC [PSYoungGen: 37434K->2816K(37888K)] 49499K->14989K(75776K), 0.0011170 secs] [Times: user=0.01 sys=0.00, real=0.00 secs] 
322.081: Total time for which application threads were stopped: 0.0012600 seconds, Stopping threads took: 0.0000660 seconds
322.168: Application time: 0.0876740 seconds
322.168: [GC [PSYoungGen: 37387K->2304K(37888K)] 49561K->14517K(75776K), 0.0009470 secs] [Times: user=0.01 sys=0.00, real=0.00 secs] 
322.169: Total time for which application threads were stopped: 0.0011880 seconds, Stopping threads took: 0.0001630 seconds
322.257: Application time: 0.0874690 seconds
322.257: [GC [PSYoungGen: 36363K->1216K(35328K)] 48577K->13469K(73216K), 0.0006710 secs] [Times: user=0.00 sys=0.01, real=0.00 secs] 
322.258: Total time for which application threads were stopped: 0.0008040 seconds, Stopping threads took: 0.0000690 seconds
322.339: Application time: 0.0814610 seconds
322.339: [GC [PSYoungGen: 34677K->1760K(35840K)] 46930K->14069K(73728K), 0.0007790 secs] [Times: user=0.01 sys=0.00, real=0.00 secs] 
322.340: Total time for which application threads were stopped: 0.0009100 seconds, Stopping threads took: 0.0000640 seconds
322.420: Application time: 0.0803070 seconds
322.421: [GC [PSYoungGen: 34707K->1792K(34816K)] 47016K->14101K(72704K), 0.0007350 secs] [Times: user=0.00 sys=0.00, real=0.00 secs] 
322.421: Total time for which application threads were stopped: 0.0008740 seconds, Stopping threads took: 0.0000750 seconds
322.502: Application time: 0.0805000 seconds
322.502: [GC [PSYoungGen: 34299K->2304K(35328K)] 46608K->14613K(73216K), 0.0008940 secs] [Times: user=0.01 sys=0.00, real=0.00 secs] 
322.503: Total time for which application threads were stopped: 0.0010380 seconds, Stopping threads took: 0.0000690 seconds
322.582: Application time: 0.0796490 seconds
322.583: [GC [PSYoungGen: 34307K->1248K(33280K)] 46616K->13613K(71168K), 0.0005890 secs] [Times: user=0.00 sys=0.00, real=0.00 secs] 
322.583: Total time for which application threads were stopped: 0.0007210 seconds, Stopping threads took: 0.0000670 seconds
322.661: Application time: 0.0774800 seconds
322.661: [GC [PSYoungGen: 32879K->1808K(34304K)] 45245K->14229K(72192K), 0.0007410 secs] [Times: user=0.00 sys=0.00, real=0.01 secs] 
322.662: Total time for which application threads were stopped: 0.0008640 seconds, Stopping threads took: 0.0000550 seconds
322.738: Application time: 0.0760010 seconds
322.738: [GC [PSYoungGen: 32849K->1792K(32768K)] 45270K->14333K(70656K), 0.0008020 secs] [Times: user=0.01 sys=0.00, real=0.00 secs] 
322.738: Total time for which application threads were stopped: 0.0009330 seconds, Stopping threads took: 0.0000610 seconds
322.814: Application time: 0.0751660 seconds
322.814: [GC [PSYoungGen: 32160K->1792K(32256K)] 44702K->14429K(70144K), 0.0007960 secs] [Times: user=0.00 sys=0.00, real=0.00 secs] 
322.815: Total time for which application threads were stopped: 0.0009380 seconds, Stopping threads took: 0.0000780 seconds
322.889: Application time: 0.0741390 seconds
322.889: [GC [PSYoungGen: 31718K->2272K(32768K)] 44356K->14909K(70656K), 0.0008770 secs] [Times: user=0.01 sys=0.00, real=0.00 secs] 
322.890: Total time for which application threads were stopped: 0.0010190 seconds, Stopping threads took: 0.0000750 seconds
322.961: Application time: 0.0709160 seconds
322.961: [GC [PSYoungGen: 31604K->2784K(33280K)] 44241K->15461K(71168K), 0.0010980 secs] [Times: user=0.01 sys=0.00, real=0.01 secs] 
322.962: Total time for which application threads were stopped: 0.0012500 seconds, Stopping threads took: 0.0000790 seconds
323.037: Application time: 0.0752770 seconds
323.037: [GC [PSYoungGen: 32128K->1760K(33280K)] 44806K->14437K(71168K), 0.0007080 secs] [Times: user=0.01 sys=0.00, real=0.00 secs] 
323.038: Total time for which application threads were stopped: 0.0008950 seconds, Stopping threads took: 0.0001050 seconds
323.109: Application time: 0.0713090 seconds
323.110: [GC [PSYoungGen: 31092K->2304K(39424K)] 43769K->14981K(77312K), 0.0007430 secs] [Times: user=0.00 sys=0.00, real=0.00 secs] 
323.110: Total time for which application threads were stopped: 0.0008980 seconds, Stopping threads took: 0.0000860 seconds
323.199: Application time: 0.0887200 seconds
323.199: [GC [PSYoungGen: 37902K->1792K(37376K)] 50579K->14469K(75264K), 0.0006510 secs] [Times: user=0.00 sys=0.00, real=0.00 secs] 
323.200: Total time for which application threads were stopped: 0.0008140 seconds, Stopping threads took: 0.0000940 seconds
323.287: Application time: 0.0871750 seconds
323.287: [GC [PSYoungGen: 36958K->1248K(37888K)] 49635K->13973K(75776K), 0.0005720 secs] [Times: user=0.00 sys=0.00, real=0.00 secs] 
323.288: Total time for which application threads were stopped: 0.0007000 seconds, Stopping threads took: 0.0000670 seconds
323.371: Application time: 0.0837280 seconds
323.372: [GC [PSYoungGen: 35972K->1792K(36352K)] 48698K->14601K(74240K), 0.0008210 secs] [Times: user=0.01 sys=0.00, real=0.00 secs] 
323.372: Total time for which application threads were stopped: 0.0009600 seconds, Stopping threads took: 0.0000720 seconds
323.456: Application time: 0.0836600 seconds
323.456: [GC [PSYoungGen: 35847K->1792K(36352K)] 48657K->14721K(74240K), 0.0006730 secs] [Times: user=0.00 sys=0.00, real=0.00 secs] 
323.457: Total time for which application threads were stopped: 0.0008050 seconds, Stopping threads took: 0.0000650 seconds
323.541: Application time: 0.0843050 seconds
323.541: [GC [PSYoungGen: 35337K->672K(34304K)] 48267K->13649K(72192K), 0.0004950 secs] [Times: user=0.01 sys=0.00, real=0.01 secs] 
323.542: Total time for which application threads were stopped: 0.0006300 seconds, Stopping threads took: 0.0000640 seconds
323.623: Application time: 0.0807640 seconds
323.623: [GC [PSYoungGen: 33613K->1792K(35328K)] 46591K->14817K(73216K), 0.0007520 secs] [Times: user=0.00 sys=0.00, real=0.00 secs] 
323.623: Total time for which application threads were stopped: 0.0008880 seconds, Stopping threads took: 0.0000710 seconds
323.704: Application time: 0.0806290 seconds
323.704: [GC [PSYoungGen: 34229K->1216K(33792K)] 47255K->14241K(71680K), 0.0005890 secs] [Times: user=0.00 sys=0.00, real=0.00 secs] 
323.705: Total time for which application threads were stopped: 0.0007220 seconds, Stopping threads took: 0.0000720 seconds
323.782: Application time: 0.0768500 seconds
323.782: [GC [PSYoungGen: 33124K->2240K(34304K)] 46150K->15265K(72192K), 0.0009140 secs] [Times: user=0.01 sys=0.00, real=0.00 secs] 
323.783: Total time for which application threads were stopped: 0.0011080 seconds, Stopping threads took: 0.0001290 seconds
323.860: Application time: 0.0772300 seconds
323.860: [GC [PSYoungGen: 33721K->2272K(33792K)] 46747K->15297K(71680K), 0.0009000 secs] [Times: user=0.00 sys=0.00, real=0.00 secs] 
323.861: Total time for which application threads were stopped: 0.0010270 seconds, Stopping threads took: 0.0000590 seconds
323.938: Application time: 0.0771930 seconds
323.938: [GC [PSYoungGen: 33239K->1792K(33280K)] 46264K->14865K(71168K), 0.0007490 secs] [Times: user=0.00 sys=0.00, real=0.00 secs] 
323.939: Total time for which application threads were stopped: 0.0008810 seconds, Stopping threads took: 0.0000670 seconds
324.017: Application time: 0.0775080 seconds
324.017: [GC [PSYoungGen: 32482K->768K(31232K)] 45555K->13889K(69120K), 0.0005100 secs] [Times: user=0.00 sys=0.00, real=0.00 secs] 
324.017: Total time for which application threads were stopped: 0.0006410 seconds, Stopping threads took: 0.0000690 seconds
324.089: Application time: 0.0715490 seconds
324.089: [GC [PSYoungGen: 30690K->1792K(32256K)] 43812K->15066K(70144K), 0.0008040 secs] [Times: user=0.01 sys=0.00, real=0.00 secs] 
324.090: Total time for which application threads were stopped: 0.0009410 seconds, Stopping threads took: 0.0000590 seconds
324.163: Application time: 0.0728110 seconds
324.163: [GC [PSYoungGen: 31128K->1760K(31232K)] 44402K->15090K(69120K), 0.0007370 secs] [Times: user=0.00 sys=0.00, real=0.00 secs] 
324.163: Total time for which application threads were stopped: 0.0008710 seconds, Stopping threads took: 0.0000670 seconds
324.234: Application time: 0.0709220 seconds
324.234: [GC [PSYoungGen: 30658K->1792K(31232K)] 43988K->15122K(69120K), 0.0007270 secs] [Times: user=0.00 sys=0.00, real=0.00 secs] 
324.235: Total time for which application threads were stopped: 0.0008620 seconds, Stopping threads took: 0.0000700 seconds
324.305: Application time: 0.0699880 seconds
324.305: [GC [PSYoungGen: 30100K->1280K(29696K)] 43430K->14666K(67584K), 0.0006120 secs] [Times: user=0.00 sys=0.00, real=0.00 secs] 
324.306: Total time for which application threads were stopped: 0.0008010 seconds, Stopping threads took: 0.0001260 seconds
324.373: Application time: 0.0673190 seconds
324.373: [GC [PSYoungGen: 29068K->2272K(30208K)] 42454K->15658K(68096K), 0.0008990 secs] [Times: user=0.01 sys=0.00, real=0.00 secs] 
324.374: Total time for which application threads were stopped: 0.0010390 seconds, Stopping threads took: 0.0000690 seconds
324.442: Application time: 0.0673740 seconds
324.442: [GC [PSYoungGen: 29552K->1792K(29184K)] 42938K->15178K(67072K), 0.0007310 secs] [Times: user=0.00 sys=0.00, real=0.00 secs] 
324.443: Total time for which application threads were stopped: 0.0008670 seconds, Stopping threads took: 0.0000690 seconds
324.510: Application time: 0.0668970 seconds
324.510: [GC [PSYoungGen: 28636K->1248K(29184K)] 42022K->14634K(67072K), 0.0006160 secs] [Times: user=0.00 sys=0.00, real=0.00 secs] 
324.510: Total time for which application threads were stopped: 0.0007470 seconds, Stopping threads took: 0.0000650 seconds
324.573: Application time: 0.0624060 seconds
324.573: [GC [PSYoungGen: 27570K->2816K(29696K)] 40956K->16242K(67584K), 0.0011040 secs] [Times: user=0.01 sys=0.00, real=0.01 secs] 
324.574: Total time for which application threads were stopped: 0.0012500 seconds, Stopping threads took: 0.0000710 seconds
324.641: Application time: 0.0669290 seconds
324.641: [GC [PSYoungGen: 29304K->1792K(35328K)] 42730K->15266K(73216K), 0.0006480 secs] [Times: user=0.00 sys=0.00, real=0.01 secs] 
324.642: Total time for which application threads were stopped: 0.0007820 seconds, Stopping threads took: 0.0000590 seconds
324.720: Application time: 0.0785780 seconds
324.720: [GC [PSYoungGen: 33861K->2272K(35328K)] 47335K->15854K(73216K), 0.0008970 secs] [Times: user=0.00 sys=0.00, real=0.00 secs] 
324.721: Total time for which application threads were stopped: 0.0010230 seconds, Stopping threads took: 0.0000550 seconds
324.800: Application time: 0.0785970 seconds
324.800: [GC [PSYoungGen: 34193K->1792K(33792K)] 47775K->15470K(71680K), 0.0006690 secs] [Times: user=0.00 sys=0.00, real=0.00 secs] 
324.801: Total time for which application threads were stopped: 0.0008040 seconds, Stopping threads took: 0.0000710 seconds
324.879: Application time: 0.0780350 seconds
324.879: [GC [PSYoungGen: 33269K->2304K(33792K)] 46947K->15982K(71680K), 0.0007770 secs] [Times: user=0.01 sys=0.00, real=0.00 secs] 
324.880: Total time for which application threads were stopped: 0.0009100 seconds, Stopping threads took: 0.0000660 seconds
324.957: Application time: 0.0775110 seconds
324.957: [GC [PSYoungGen: 33193K->1760K(32768K)] 46871K->15486K(70656K), 0.0006210 secs] [Times: user=0.00 sys=0.00, real=0.00 secs] 
324.958: Total time for which application threads were stopped: 0.0007590 seconds, Stopping threads took: 0.0000730 seconds
325.031: Application time: 0.0728170 seconds
325.031: [GC [PSYoungGen: 32120K->2816K(33280K)] 45846K->16542K(71168K), 0.0010280 secs] [Times: user=0.00 sys=0.00, real=0.00 secs] 
325.032: Total time for which application threads were stopped: 0.0011740 seconds, Stopping threads took: 0.0000710 seconds
325.108: Application time: 0.0761910 seconds
325.108: [GC [PSYoungGen: 32681K->1216K(31232K)] 46407K->14942K(69120K), 0.0005940 secs] [Times: user=0.01 sys=0.00, real=0.00 secs] 
325.109: Total time for which application threads were stopped: 0.0007250 seconds, Stopping threads took: 0.0000690 seconds
325.181: Application time: 0.0724690 seconds
325.181: [GC [PSYoungGen: 30626K->1760K(31232K)] 44352K->15486K(69120K), 0.0007730 secs] [Times: user=0.00 sys=0.01, real=0.01 secs] 
325.182: Total time for which application threads were stopped: 0.0009280 seconds, Stopping threads took: 0.0000790 seconds
325.253: Application time: 0.0704630 seconds
325.253: [GC [PSYoungGen: 30738K->1792K(30720K)] 44464K->15566K(68608K), 0.0007920 secs] [Times: user=0.00 sys=0.00, real=0.01 secs] 
325.254: Total time for which application threads were stopped: 0.0009840 seconds, Stopping threads took: 0.0001260 seconds
325.324: Application time: 0.0707760 seconds
325.325: [GC [PSYoungGen: 30332K->1808K(30208K)] 44107K->15662K(68096K), 0.0008080 secs] [Times: user=0.00 sys=0.00, real=0.00 secs] 
325.325: Total time for which application threads were stopped: 0.0009380 seconds, Stopping threads took: 0.0000620 seconds
325.395: Application time: 0.0700290 seconds
325.396: [GC [PSYoungGen: 29680K->1248K(29184K)] 43534K->15226K(67072K), 0.0006510 secs] [Times: user=0.01 sys=0.00, real=0.00 secs] 
325.396: Total time for which application threads were stopped: 0.0007840 seconds, Stopping threads took: 0.0000730 seconds
325.462: Application time: 0.0655560 seconds
325.462: [GC [PSYoungGen: 28522K->2304K(33280K)] 42500K->16330K(71168K), 0.0008930 secs] [Times: user=0.00 sys=0.00, real=0.00 secs] 
325.463: Total time for which application threads were stopped: 0.0010320 seconds, Stopping threads took: 0.0000700 seconds
325.536: Application time: 0.0731180 seconds
325.536: [GC [PSYoungGen: 32230K->2784K(35840K)] 46257K->16810K(73728K), 0.0009450 secs] [Times: user=0.00 sys=0.00, real=0.00 secs] 
325.537: Total time for which application threads were stopped: 0.0010880 seconds, Stopping threads took: 0.0000710 seconds
325.621: Application time: 0.0840130 seconds
325.621: [GC [PSYoungGen: 35221K->1760K(36352K)] 49248K->15842K(74240K), 0.0007610 secs] [Times: user=0.00 sys=0.00, real=0.01 secs] 
325.622: Total time for which application threads were stopped: 0.0008990 seconds, Stopping threads took: 0.0000740 seconds
325.701: Application time: 0.0795160 seconds
325.702: [GC [PSYoungGen: 34193K->1792K(34304K)] 48276K->15874K(72192K), 0.0006250 secs] [Times: user=0.01 sys=0.00, real=0.00 secs] 
325.702: Total time for which application threads were stopped: 0.0007710 seconds, Stopping threads took: 0.0000730 seconds
325.780: Application time: 0.0781540 seconds
325.780: [GC [PSYoungGen: 33713K->1248K(33280K)] 47796K->15330K(71168K), 0.0005930 secs] [Times: user=0.00 sys=0.00, real=0.00 secs] 
325.781: Total time for which application threads were stopped: 0.0007240 seconds, Stopping threads took: 0.0000670 seconds
325.859: Application time: 0.0779550 seconds
325.859: [GC [PSYoungGen: 32718K->2304K(33792K)] 46801K->16386K(71680K), 0.0007640 secs] [Times: user=0.01 sys=0.00, real=0.00 secs] 
325.860: Total time for which application threads were stopped: 0.0009030 seconds, Stopping threads took: 0.0000700 seconds
325.938: Application time: 0.0778180 seconds
325.938: [GC [PSYoungGen: 33432K->1264K(32256K)] 47514K->15402K(70144K), 0.0006840 secs] [Times: user=0.00 sys=0.00, real=0.00 secs] 
325.939: Total time for which application threads were stopped: 0.0009060 seconds, Stopping threads took: 0.0001600 seconds
326.015: Application time: 0.0767010 seconds
326.015: [GC [PSYoungGen: 31793K->768K(31232K)] 45931K->15034K(69120K), 0.0005660 secs] [Times: user=0.00 sys=0.00, real=0.00 secs] 
326.016: Total time for which application threads were stopped: 0.0006800 seconds, Stopping threads took: 0.0000530 seconds
326.088: Application time: 0.0723910 seconds
326.089: [GC [PSYoungGen: 30690K->1760K(33280K)] 44957K->16098K(71168K), 0.0007480 secs] [Times: user=0.00 sys=0.00, real=0.00 secs] 
326.089: Total time for which application threads were stopped: 0.0008880 seconds, Stopping threads took: 0.0000730 seconds
326.162: Application time: 0.0729890 seconds
326.162: [GC [PSYoungGen: 31178K->1280K(30720K)] 45517K->15674K(68608K), 0.0006510 secs] [Times: user=0.01 sys=0.00, real=0.00 secs] 
326.163: Total time for which application threads were stopped: 0.0007830 seconds, Stopping threads took: 0.0000690 seconds
326.235: Application time: 0.0717670 seconds
326.235: [GC [PSYoungGen: 30098K->1248K(30208K)] 44493K->15698K(68096K), 0.0005980 secs] [Times: user=0.00 sys=0.00, real=0.00 secs] 
326.236: Total time for which application threads were stopped: 0.0007460 seconds, Stopping threads took: 0.0000790 seconds
326.305: Application time: 0.0692490 seconds
326.305: [GC [PSYoungGen: 29554K->1792K(30208K)] 44004K->16242K(68096K), 0.0007500 secs] [Times: user=0.01 sys=0.00, real=0.00 secs] 
326.306: Total time for which application threads were stopped: 0.0008770 seconds, Stopping threads took: 0.0000630 seconds
326.374: Application time: 0.0685250 seconds
326.374: [GC [PSYoungGen: 29582K->2304K(30208K)] 44032K->16754K(68096K), 0.0009280 secs] [Times: user=0.00 sys=0.00, real=0.00 secs] 
326.375: Total time for which application threads were stopped: 0.0010740 seconds, Stopping threads took: 0.0000760 seconds
326.445: Application time: 0.0697940 seconds
326.446: [GC [PSYoungGen: 29586K->1280K(29184K)] 44037K->15730K(67072K), 0.0006810 secs] [Times: user=0.01 sys=0.00, real=0.00 secs] 
326.446: Total time for which application threads were stopped: 0.0010650 seconds, Stopping threads took: 0.0003160 seconds
326.512: Application time: 0.0652970 seconds
326.512: [GC [PSYoungGen: 28118K->2304K(29184K)] 42568K->16754K(67072K), 0.0009260 secs] [Times: user=0.00 sys=0.00, real=0.00 secs] 
326.513: Total time for which application threads were stopped: 0.0010670 seconds, Stopping threads took: 0.0000710 seconds
326.576: Application time: 0.0636340 seconds
326.576: [GC [PSYoungGen: 28708K->2768K(29184K)] 43159K->17274K(67072K), 0.0011530 secs] [Times: user=0.00 sys=0.00, real=0.00 secs] 
326.578: Total time for which application threads were stopped: 0.0013050 seconds, Stopping threads took: 0.0000790 seconds
326.645: Application time: 0.0672650 seconds
326.645: [GC [PSYoungGen: 28668K->768K(29696K)] 43175K->15370K(67584K), 0.0004580 secs] [Times: user=0.01 sys=0.00, real=0.00 secs] 
326.645: Total time for which application threads were stopped: 0.0005900 seconds, Stopping threads took: 0.0000740 seconds
326.708: Application time: 0.0622530 seconds
326.708: [GC [PSYoungGen: 26658K->1280K(27136K)] 41261K->15979K(65024K), 0.0005670 secs] [Times: user=0.00 sys=0.00, real=0.00 secs] 
326.708: Total time for which application threads were stopped: 0.0006990 seconds, Stopping threads took: 0.0000690 seconds
326.770: Application time: 0.0617490 seconds
326.770: [GC [PSYoungGen: 26501K->1280K(26624K)] 41200K->16075K(64512K), 0.0006000 secs] [Times: user=0.00 sys=0.00, real=0.00 secs] 
326.771: Total time for which application threads were stopped: 0.0007290 seconds, Stopping threads took: 0.0000610 seconds
326.832: Application time: 0.0612730 seconds
326.832: [GC [PSYoungGen: 26061K->2304K(32256K)] 40856K->17099K(70144K), 0.0023590 secs] [Times: user=0.00 sys=0.00, real=0.01 secs] 
326.835: Total time for which application threads were stopped: 0.0025010 seconds, Stopping threads took: 0.0000700 seconds
326.906: Application time: 0.0711130 seconds
326.906: [GC [PSYoungGen: 30614K->1760K(32256K)] 45409K->16619K(70144K), 0.0007290 secs] [Times: user=0.00 sys=0.00, real=0.00 secs] 
326.907: Total time for which application threads were stopped: 0.0008690 seconds, Stopping threads took: 0.0000710 seconds
326.978: Application time: 0.0715160 seconds
326.978: [GC [PSYoungGen: 30066K->1760K(30208K)] 44925K->16619K(68096K), 0.0005580 secs] [Times: user=0.00 sys=0.00, real=0.00 secs] 
326.979: Total time for which application threads were stopped: 0.0006720 seconds, Stopping threads took: 0.0000510 seconds
327.047: Application time: 0.0686590 seconds
327.048: [GC [PSYoungGen: 29554K->1280K(29184K)] 44413K->16139K(67072K), 0.0005760 secs] [Times: user=0.00 sys=0.00, real=0.00 secs] 
327.048: Total time for which application threads were stopped: 0.0007100 seconds, Stopping threads took: 0.0000710 seconds
327.115: Application time: 0.0668260 seconds
327.115: [GC [PSYoungGen: 28554K->2304K(29696K)] 43413K->17163K(67584K), 0.0007770 secs] [Times: user=0.01 sys=0.00, real=0.00 secs] 
327.116: Total time for which application threads were stopped: 0.0009110 seconds, Stopping threads took: 0.0000660 seconds
327.184: Application time: 0.0682930 seconds
327.184: [GC [PSYoungGen: 29230K->768K(27648K)] 44089K->15627K(65536K), 0.0005200 secs] [Times: user=0.00 sys=0.00, real=0.00 secs] 
327.185: Total time for which application threads were stopped: 0.0006510 seconds, Stopping threads took: 0.0000690 seconds
327.247: Application time: 0.0619760 seconds
327.247: [GC [PSYoungGen: 27090K->2304K(28672K)] 41949K->17251K(66560K), 0.0009500 secs] [Times: user=0.01 sys=0.00, real=0.00 secs] 
327.248: Total time for which application threads were stopped: 0.0010790 seconds, Stopping threads took: 0.0000570 seconds
327.313: Application time: 0.0649410 seconds
327.313: [GC [PSYoungGen: 28198K->1776K(32256K)] 43145K->16771K(70144K), 0.0007560 secs] [Times: user=0.00 sys=0.00, real=0.01 secs] 
327.314: Total time for which application threads were stopped: 0.0008960 seconds, Stopping threads took: 0.0000690 seconds
327.384: Application time: 0.0700480 seconds
327.384: [GC [PSYoungGen: 30240K->1248K(29696K)] 45236K->16331K(67584K), 0.0006170 secs] [Times: user=0.01 sys=0.00, real=0.00 secs] 
327.385: Total time for which application threads were stopped: 0.0007380 seconds, Stopping threads took: 0.0000550 seconds
327.453: Application time: 0.0683070 seconds
327.453: [GC [PSYoungGen: 29034K->2816K(33280K)] 44117K->17971K(71168K), 0.0010950 secs] [Times: user=0.01 sys=0.00, real=0.01 secs] 
327.454: Total time for which application threads were stopped: 0.0012450 seconds, Stopping threads took: 0.0000750 seconds
327.531: Application time: 0.0765060 seconds
327.531: [GC [PSYoungGen: 32763K->768K(30720K)] 47918K->15923K(68608K), 0.0004800 secs] [Times: user=0.00 sys=0.00, real=0.00 secs] 
327.531: Total time for which application threads were stopped: 0.0006020 seconds, Stopping threads took: 0.0000620 seconds
327.601: Application time: 0.0702290 seconds
327.602: [GC [PSYoungGen: 30096K->2304K(34816K)] 45251K->17507K(72704K), 0.0008700 secs] [Times: user=0.01 sys=0.00, real=0.00 secs] 
327.602: Total time for which application threads were stopped: 0.0010190 seconds, Stopping threads took: 0.0000820 seconds
327.681: Application time: 0.0784820 seconds
327.681: [GC [PSYoungGen: 33193K->1792K(32768K)] 48396K->16995K(70656K), 0.0006300 secs] [Times: user=0.00 sys=0.00, real=0.01 secs] 
327.682: Total time for which application threads were stopped: 0.0007740 seconds, Stopping threads took: 0.0000770 seconds
327.755: Application time: 0.0730060 seconds
327.755: [GC [PSYoungGen: 32148K->3328K(37888K)] 47351K->18531K(75776K), 0.0012180 secs] [Times: user=0.01 sys=0.00, real=0.00 secs] 
327.756: Total time for which application threads were stopped: 0.0013670 seconds, Stopping threads took: 0.0000750 seconds
327.844: Application time: 0.0874780 seconds
327.844: [GC [PSYoungGen: 37468K->1792K(41472K)] 52671K->16995K(79360K), 0.0006660 secs] [Times: user=0.00 sys=0.00, real=0.00 secs] 
327.844: Total time for which application threads were stopped: 0.0008020 seconds, Stopping threads took: 0.0000620 seconds
327.935: Application time: 0.0908250 seconds
327.935: [GC [PSYoungGen: 39008K->2304K(38912K)] 54211K->17591K(76800K), 0.0008430 secs] [Times: user=0.00 sys=0.00, real=0.00 secs] 
327.936: Total time for which application threads were stopped: 0.0009670 seconds, Stopping threads took: 0.0000550 seconds
328.026: Application time: 0.0902760 seconds
328.027: [GC [PSYoungGen: 38572K->2304K(38912K)] 53859K->17671K(76800K), 0.0010040 secs] [Times: user=0.01 sys=0.00, real=0.00 secs] 
328.028: Total time for which application threads were stopped: 0.0011410 seconds, Stopping threads took: 0.0000700 seconds
328.117: Application time: 0.0892060 seconds
328.117: [GC [PSYoungGen: 37825K->1248K(36864K)] 53193K->16723K(74752K), 0.0006110 secs] [Times: user=0.01 sys=0.00, real=0.00 secs] 
328.118: Total time for which application threads were stopped: 0.0007640 seconds, Stopping threads took: 0.0000930 seconds
328.203: Application time: 0.0852100 seconds
328.203: [GC [PSYoungGen: 36327K->2816K(38400K)] 51803K->18291K(76288K), 0.0010700 secs] [Times: user=0.00 sys=0.00, real=0.00 secs] 
328.204: Total time for which application threads were stopped: 0.0012030 seconds, Stopping threads took: 0.0000600 seconds
328.290: Application time: 0.0855710 seconds
328.290: [GC [PSYoungGen: 37307K->2784K(38912K)] 52783K->18307K(76800K), 0.0010770 secs] [Times: user=0.00 sys=0.00, real=0.00 secs] 
328.291: Total time for which application threads were stopped: 0.0012120 seconds, Stopping threads took: 0.0000630 seconds
328.377: Application time: 0.0863720 seconds
328.377: [GC [PSYoungGen: 37277K->2304K(36864K)] 52801K->17827K(74752K), 0.0007600 secs] [Times: user=0.00 sys=0.00, real=0.00 secs] 
328.378: Total time for which application threads were stopped: 0.0009000 seconds, Stopping threads took: 0.0000630 seconds
328.464: Application time: 0.0862250 seconds
328.465: [GC [PSYoungGen: 36363K->1248K(35328K)] 51887K->16771K(73216K), 0.0006530 secs] [Times: user=0.00 sys=0.00, real=0.00 secs] 
328.465: Total time for which application threads were stopped: 0.0009300 seconds, Stopping threads took: 0.0002130 seconds
328.548: Application time: 0.0831100 seconds
328.548: [GC [PSYoungGen: 34861K->2288K(35840K)] 50385K->17851K(73728K), 0.0008480 secs] [Times: user=0.00 sys=0.00, real=0.00 secs] 
328.549: Total time for which application threads were stopped: 0.0009830 seconds, Stopping threads took: 0.0000660 seconds
328.631: Application time: 0.0816650 seconds
328.631: [GC [PSYoungGen: 35317K->1728K(34816K)] 50881K->17375K(72704K), 0.0008710 secs] [Times: user=0.01 sys=0.00, real=0.00 secs] 
328.632: Total time for which application threads were stopped: 0.0009940 seconds, Stopping threads took: 0.0000580 seconds
328.714: Application time: 0.0815800 seconds
328.714: [GC [PSYoungGen: 34399K->1248K(33792K)] 50047K->16943K(71680K), 0.0006990 secs] [Times: user=0.00 sys=0.00, real=0.00 secs] 
328.714: Total time for which application threads were stopped: 0.0008280 seconds, Stopping threads took: 0.0000630 seconds
328.794: Application time: 0.0795730 seconds
328.794: [GC [PSYoungGen: 33165K->1248K(33280K)] 48861K->17063K(71168K), 0.0006200 secs] [Times: user=0.01 sys=0.00, real=0.00 secs] 
328.795: Total time for which application threads were stopped: 0.0007380 seconds, Stopping threads took: 0.0000550 seconds
328.870: Application time: 0.0752310 seconds
328.870: [GC [PSYoungGen: 32706K->2752K(34304K)] 48522K->18567K(72192K), 0.0011470 secs] [Times: user=0.00 sys=0.00, real=0.00 secs] 
328.871: Total time for which application threads were stopped: 0.0013520 seconds, Stopping threads took: 0.0001340 seconds
328.950: Application time: 0.0790090 seconds
328.950: [GC [PSYoungGen: 33653K->1760K(32768K)] 49469K->17631K(70656K), 0.0007970 secs] [Times: user=0.00 sys=0.00, real=0.00 secs] 
328.951: Total time for which application threads were stopped: 0.0009440 seconds, Stopping threads took: 0.0000640 seconds
329.026: Application time: 0.0751540 seconds
329.026: [GC [PSYoungGen: 32124K->2304K(33280K)] 47996K->18175K(71168K), 0.0008850 secs] [Times: user=0.00 sys=0.00, real=0.00 secs] 
329.027: Total time for which application threads were stopped: 0.0010200 seconds, Stopping threads took: 0.0000690 seconds
329.102: Application time: 0.0744210 seconds
329.102: [GC [PSYoungGen: 32234K->2304K(33792K)] 48106K->18175K(71680K), 0.0009000 secs] [Times: user=0.00 sys=0.00, real=0.00 secs] 
329.103: Total time for which application threads were stopped: 0.0010520 seconds, Stopping threads took: 0.0000820 seconds
329.178: Application time: 0.0754440 seconds
329.178: [GC [PSYoungGen: 32243K->1280K(31232K)] 48114K->17215K(69120K), 0.0005460 secs] [Times: user=0.00 sys=0.00, real=0.00 secs] 
329.179: Total time for which application threads were stopped: 0.0006750 seconds, Stopping threads took: 0.0000670 seconds
329.252: Application time: 0.0726790 seconds
329.252: [GC [PSYoungGen: 30698K->768K(30208K)] 46634K->16759K(68096K), 0.0004910 secs] [Times: user=0.00 sys=0.00, real=0.00 secs] 
329.252: Total time for which application threads were stopped: 0.0006060 seconds, Stopping threads took: 0.0000530 seconds
329.325: Application time: 0.0725150 seconds
329.325: [GC [PSYoungGen: 29742K->1248K(30208K)] 45734K->17287K(68096K), 0.0005970 secs] [Times: user=0.01 sys=0.00, real=0.00 secs] 
329.326: Total time for which application threads were stopped: 0.0007320 seconds, Stopping threads took: 0.0000720 seconds
329.393: Application time: 0.0679180 seconds
329.394: [GC [PSYoungGen: 29706K->2320K(30720K)] 45746K->18440K(68608K), 0.0009800 secs] [Times: user=0.00 sys=0.00, real=0.00 secs] 
329.395: Total time for which application threads were stopped: 0.0011380 seconds, Stopping threads took: 0.0000850 seconds
329.464: Application time: 0.0695150 seconds
329.464: [GC [PSYoungGen: 30110K->2816K(33280K)] 46230K->19016K(71168K), 0.0010930 secs] [Times: user=0.01 sys=0.00, real=0.00 secs] 
329.465: Total time for which application threads were stopped: 0.0012420 seconds, Stopping threads took: 0.0000640 seconds
329.539: Application time: 0.0735170 seconds
329.539: [GC [PSYoungGen: 32230K->2816K(33792K)] 48430K->19016K(71680K), 0.0010720 secs] [Times: user=0.01 sys=0.00, real=0.00 secs] 
329.540: Total time for which application threads were stopped: 0.0012130 seconds, Stopping threads took: 0.0000700 seconds
329.613: Application time: 0.0731200 seconds
329.613: [GC [PSYoungGen: 32152K->2816K(39936K)] 48352K->19056K(77824K), 0.0009190 secs] [Times: user=0.00 sys=0.01, real=0.01 secs] 
329.614: Total time for which application threads were stopped: 0.0010670 seconds, Stopping threads took: 0.0000730 seconds
329.704: Application time: 0.0900750 seconds
329.704: [GC [PSYoungGen: 38342K->1216K(39936K)] 54582K->17456K(77824K), 0.0006500 secs] [Times: user=0.00 sys=0.00, real=0.00 secs] 
329.705: Total time for which application threads were stopped: 0.0007770 seconds, Stopping threads took: 0.0000620 seconds
329.793: Application time: 0.0877570 seconds
329.793: [GC [PSYoungGen: 36809K->2304K(37888K)] 53049K->18544K(75776K), 0.0007700 secs] [Times: user=0.00 sys=0.00, real=0.01 secs] 
329.794: Total time for which application threads were stopped: 0.0009180 seconds, Stopping threads took: 0.0000770 seconds
329.882: Application time: 0.0879320 seconds
329.882: [GC [PSYoungGen: 37387K->2304K(37376K)] 53627K->18584K(75264K), 0.0010310 secs] [Times: user=0.01 sys=0.00, real=0.00 secs] 
329.883: Total time for which application threads were stopped: 0.0011670 seconds, Stopping threads took: 0.0000670 seconds
329.969: Application time: 0.0859880 seconds
329.969: [GC [PSYoungGen: 36955K->1280K(43520K)] 53236K->17608K(81408K), 0.0010080 secs] [Times: user=0.00 sys=0.00, real=0.00 secs] 
329.970: Total time for which application threads were stopped: 0.0012170 seconds, Stopping threads took: 0.0001100 seconds
330.069: Application time: 0.0985690 seconds
330.069: [GC [PSYoungGen: 41142K->2320K(41472K)] 57470K->18736K(79360K), 0.0009960 secs] [Times: user=0.01 sys=0.00, real=0.00 secs] 
330.070: Total time for which application threads were stopped: 0.0011390 seconds, Stopping threads took: 0.0000740 seconds
330.168: Application time: 0.0981020 seconds
330.168: [GC [PSYoungGen: 40926K->1760K(39936K)] 57342K->18292K(77824K), 0.0007380 secs] [Times: user=0.00 sys=0.00, real=0.00 secs] 
330.169: Total time for which application threads were stopped: 0.0008650 seconds, Stopping threads took: 0.0000600 seconds
330.264: Application time: 0.0947360 seconds
330.264: [GC [PSYoungGen: 39416K->1248K(38400K)] 55948K->17780K(76288K), 0.0006130 secs] [Times: user=0.00 sys=0.00, real=0.00 secs] 
330.264: Total time for which application threads were stopped: 0.0007530 seconds, Stopping threads took: 0.0000780 seconds
330.356: Application time: 0.0916980 seconds
330.356: [GC [PSYoungGen: 37798K->736K(38400K)] 54330K->17332K(76288K), 0.0005010 secs] [Times: user=0.00 sys=0.00, real=0.00 secs] 
330.357: Total time for which application threads were stopped: 0.0006320 seconds, Stopping threads took: 0.0000700 seconds
330.442: Application time: 0.0850010 seconds
330.442: [GC [PSYoungGen: 36325K->2816K(38912K)] 52922K->19412K(76800K), 0.0010420 secs] [Times: user=0.00 sys=0.00, real=0.00 secs] 
330.443: Total time for which application threads were stopped: 0.0011830 seconds, Stopping threads took: 0.0000700 seconds
330.532: Application time: 0.0889920 seconds
330.532: [GC [PSYoungGen: 37906K->1280K(38400K)] 54502K->17924K(76288K), 0.0005750 secs] [Times: user=0.00 sys=0.00, real=0.00 secs] 
330.533: Total time for which application threads were stopped: 0.0007130 seconds, Stopping threads took: 0.0000660 seconds
330.618: Application time: 0.0857080 seconds
330.618: [GC [PSYoungGen: 35924K->2304K(36864K)] 52568K->18988K(74752K), 0.0009420 secs] [Times: user=0.01 sys=0.00, real=0.00 secs] 
330.619: Total time for which application threads were stopped: 0.0010950 seconds, Stopping threads took: 0.0000830 seconds
330.705: Application time: 0.0852650 seconds
330.705: [GC [PSYoungGen: 36518K->1792K(36352K)] 53203K->18552K(74240K), 0.0008140 secs] [Times: user=0.00 sys=0.00, real=0.00 secs] 
330.706: Total time for which application threads were stopped: 0.0009450 seconds, Stopping threads took: 0.0000660 seconds
330.789: Application time: 0.0839330 seconds
330.790: [GC [PSYoungGen: 35255K->1792K(35328K)] 52016K->18660K(73216K), 0.0007730 secs] [Times: user=0.00 sys=0.00, real=0.00 secs] 
330.790: Total time for which application threads were stopped: 0.0009050 seconds, Stopping threads took: 0.0000670 seconds
330.871: Application time: 0.0806670 seconds
330.871: [GC [PSYoungGen: 34813K->2288K(35840K)] 51682K->19156K(73728K), 0.0009060 secs] [Times: user=0.00 sys=0.00, real=0.00 secs] 
330.872: Total time for which application threads were stopped: 0.0010400 seconds, Stopping threads took: 0.0000670 seconds
330.953: Application time: 0.0812630 seconds
330.953: [GC [PSYoungGen: 34717K->2816K(35328K)] 51585K->19732K(73216K), 0.0010850 secs] [Times: user=0.01 sys=0.00, real=0.00 secs] 
330.955: Total time for which application threads were stopped: 0.0012250 seconds, Stopping threads took: 0.0000630 seconds
331.034: Application time: 0.0793210 seconds
331.034: [GC [PSYoungGen: 34815K->2272K(34816K)] 51732K->19188K(72704K), 0.0009270 secs] [Times: user=0.01 sys=0.00, real=0.00 secs] 
331.035: Total time for which application threads were stopped: 0.0010940 seconds, Stopping threads took: 0.0000870 seconds
331.112: Application time: 0.0769250 seconds
331.112: [GC [PSYoungGen: 33669K->2816K(35328K)] 50585K->19764K(73216K), 0.0010750 secs] [Times: user=0.01 sys=0.00, real=0.00 secs] 
331.113: Total time for which application threads were stopped: 0.0012340 seconds, Stopping threads took: 0.0000830 seconds
331.191: Application time: 0.0782280 seconds
331.191: [GC [PSYoungGen: 34299K->2304K(41472K)] 51248K->19252K(79360K), 0.0007840 secs] [Times: user=0.01 sys=0.00, real=0.00 secs] 
331.192: Total time for which application threads were stopped: 0.0009210 seconds, Stopping threads took: 0.0000610 seconds
331.286: Application time: 0.0938800 seconds
331.286: [GC [PSYoungGen: 40550K->2304K(39936K)] 57499K->19300K(77824K), 0.0008300 secs] [Times: user=0.00 sys=0.00, real=0.00 secs] 
331.287: Total time for which application threads were stopped: 0.0009730 seconds, Stopping threads took: 0.0000690 seconds
331.380: Application time: 0.0931300 seconds
331.380: [GC [PSYoungGen: 39600K->2336K(38912K)] 56597K->19404K(76800K), 0.0009100 secs] [Times: user=0.00 sys=0.00, real=0.00 secs] 
331.381: Total time for which application threads were stopped: 0.0010450 seconds, Stopping threads took: 0.0000620 seconds
331.471: Application time: 0.0901420 seconds
331.472: [GC [PSYoungGen: 38372K->1760K(37888K)] 55440K->18940K(75776K), 0.0007780 secs] [Times: user=0.01 sys=0.00, real=0.00 secs] 
331.472: Total time for which application threads were stopped: 0.0009170 seconds, Stopping threads took: 0.0000720 seconds
331.559: Application time: 0.0867390 seconds
331.559: [GC [PSYoungGen: 37353K->2816K(38400K)] 54534K->19996K(76288K), 0.0010580 secs] [Times: user=0.01 sys=0.00, real=0.00 secs] 
331.560: Total time for which application threads were stopped: 0.0012140 seconds, Stopping threads took: 0.0000720 seconds
331.650: Application time: 0.0900440 seconds
331.651: [GC [PSYoungGen: 37828K->1248K(36352K)] 55008K->18476K(74240K), 0.0006000 secs] [Times: user=0.00 sys=0.00, real=0.00 secs] 
331.651: Total time for which application threads were stopped: 0.0007370 seconds, Stopping threads took: 0.0000720 seconds
331.735: Application time: 0.0842320 seconds
331.735: [GC [PSYoungGen: 35813K->2304K(37376K)] 53042K->19532K(75264K), 0.0009150 secs] [Times: user=0.01 sys=0.00, real=0.00 secs] 
331.736: Total time for which application threads were stopped: 0.0010510 seconds, Stopping threads took: 0.0000650 seconds
331.820: Application time: 0.0833840 seconds
331.820: [GC [PSYoungGen: 36357K->2304K(36352K)] 53586K->19581K(74240K), 0.0009390 secs] [Times: user=0.01 sys=0.00, real=0.00 secs] 
331.821: Total time for which application threads were stopped: 0.0011500 seconds, Stopping threads took: 0.0001430 seconds
331.905: Application time: 0.0835820 seconds
331.905: [GC [PSYoungGen: 35848K->2304K(36352K)] 53124K->19637K(74240K), 0.0009250 secs] [Times: user=0.00 sys=0.00, real=0.00 secs] 
331.906: Total time for which application threads were stopped: 0.0010700 seconds, Stopping threads took: 0.0000720 seconds
331.989: Application time: 0.0834270 seconds
331.989: [GC [PSYoungGen: 35412K->1808K(34816K)] 52745K->19189K(72704K), 0.0007560 secs] [Times: user=0.00 sys=0.00, real=0.00 secs] 
331.990: Total time for which application threads were stopped: 0.0009080 seconds, Stopping threads took: 0.0000860 seconds
332.073: Application time: 0.0830520 seconds
332.073: [GC [PSYoungGen: 34402K->1280K(35328K)] 51783K->18745K(73216K), 0.0006530 secs] [Times: user=0.00 sys=0.00, real=0.01 secs] 
332.074: Total time for which application threads were stopped: 0.0007860 seconds, Stopping threads took: 0.0000600 seconds
332.153: Application time: 0.0788170 seconds
332.153: [GC [PSYoungGen: 33197K->1216K(33280K)] 50662K->18769K(71168K), 0.0006120 secs] [Times: user=0.00 sys=0.00, real=0.00 secs] 
332.153: Total time for which application threads were stopped: 0.0007720 seconds, Stopping threads took: 0.0000950 seconds
332.231: Application time: 0.0779430 seconds
332.231: [GC [PSYoungGen: 32691K->1792K(34304K)] 50244K->19345K(72192K), 0.0007520 secs] [Times: user=0.01 sys=0.00, real=0.00 secs] 
332.232: Total time for which application threads were stopped: 0.0008750 seconds, Stopping threads took: 0.0000570 seconds
332.308: Application time: 0.0757720 seconds
332.308: [GC [PSYoungGen: 32746K->2816K(33792K)] 50300K->20417K(71680K), 0.0010820 secs] [Times: user=0.01 sys=0.00, real=0.00 secs] 
332.309: Total time for which application threads were stopped: 0.0012590 seconds, Stopping threads took: 0.0001070 seconds
332.388: Application time: 0.0782770 seconds
332.388: [GC [PSYoungGen: 33201K->736K(33280K)] 50802K->18385K(71168K), 0.0004950 secs] [Times: user=0.01 sys=0.00, real=0.00 secs] 
332.388: Total time for which application threads were stopped: 0.0006200 seconds, Stopping threads took: 0.0000670 seconds
332.461: Application time: 0.0728830 seconds
332.461: [GC [PSYoungGen: 30658K->1760K(31744K)] 48307K->19409K(69632K), 0.0007400 secs] [Times: user=0.00 sys=0.00, real=0.01 secs] 
332.462: Total time for which application threads were stopped: 0.0008660 seconds, Stopping threads took: 0.0000620 seconds
332.535: Application time: 0.0731940 seconds
332.535: [GC [PSYoungGen: 31178K->1248K(32256K)] 48828K->18953K(70144K), 0.0005980 secs] [Times: user=0.00 sys=0.00, real=0.00 secs] 
332.536: Total time for which application threads were stopped: 0.0007160 seconds, Stopping threads took: 0.0000580 seconds
332.607: Application time: 0.0713600 seconds
332.607: [GC [PSYoungGen: 30146K->1248K(30208K)] 47851K->19001K(68096K), 0.0005960 secs] [Times: user=0.00 sys=0.00, real=0.00 secs] 
332.608: Total time for which application threads were stopped: 0.0007290 seconds, Stopping threads took: 0.0000640 seconds
332.679: Application time: 0.0713160 seconds
332.679: [GC [PSYoungGen: 29712K->736K(31232K)] 47466K->18529K(69120K), 0.0004880 secs] [Times: user=0.00 sys=0.00, real=0.00 secs] 
332.680: Total time for which application threads were stopped: 0.0006130 seconds, Stopping threads took: 0.0000690 seconds
332.747: Application time: 0.0671620 seconds
332.747: [GC [PSYoungGen: 28598K->2816K(30720K)] 46391K->20681K(68608K), 0.0011080 secs] [Times: user=0.00 sys=0.00, real=0.00 secs] 
332.748: Total time for which application threads were stopped: 0.0012480 seconds, Stopping threads took: 0.0000670 seconds
332.816: Application time: 0.0675100 seconds
332.816: [GC [PSYoungGen: 30096K->2304K(31232K)] 47961K->20217K(69120K), 0.0009100 secs] [Times: user=0.01 sys=0.00, real=0.00 secs] 
332.817: Total time for which application threads were stopped: 0.0010520 seconds, Stopping threads took: 0.0000740 seconds
332.885: Application time: 0.0682170 seconds
332.885: [GC [PSYoungGen: 29660K->2304K(31232K)] 47573K->20217K(69120K), 0.0008900 secs] [Times: user=0.00 sys=0.01, real=0.00 secs] 
332.886: Total time for which application threads were stopped: 0.0010240 seconds, Stopping threads took: 0.0000620 seconds
332.955: Application time: 0.0690130 seconds
332.955: [GC [PSYoungGen: 29660K->2304K(36864K)] 47573K->20265K(74752K), 0.0007720 secs] [Times: user=0.00 sys=0.00, real=0.00 secs] 
332.956: Total time for which application threads were stopped: 0.0009050 seconds, Stopping threads took: 0.0000620 seconds
333.039: Application time: 0.0825940 seconds
333.039: [GC [PSYoungGen: 35255K->1728K(36864K)] 53217K->19729K(74752K), 0.0007590 secs] [Times: user=0.00 sys=0.00, real=0.00 secs] 
333.039: Total time for which application threads were stopped: 0.0008840 seconds, Stopping threads took: 0.0000560 seconds
333.121: Application time: 0.0815600 seconds
333.121: [GC [PSYoungGen: 34673K->2304K(35328K)] 52674K->20305K(73216K), 0.0008060 secs] [Times: user=0.00 sys=0.00, real=0.01 secs] 
333.122: Total time for which application threads were stopped: 0.0009670 seconds, Stopping threads took: 0.0000840 seconds
333.202: Application time: 0.0802190 seconds
333.202: [GC [PSYoungGen: 34895K->2320K(34816K)] 52897K->20321K(72704K), 0.0008260 secs] [Times: user=0.01 sys=0.00, real=0.00 secs] 
333.203: Total time for which application threads were stopped: 0.0009620 seconds, Stopping threads took: 0.0000650 seconds
333.284: Application time: 0.0804180 seconds
333.284: [GC [PSYoungGen: 34319K->1792K(33792K)] 52321K->19881K(71680K), 0.0006710 secs] [Times: user=0.00 sys=0.00, real=0.00 secs] 
333.284: Total time for which application threads were stopped: 0.0008100 seconds, Stopping threads took: 0.0000730 seconds
333.360: Application time: 0.0752440 seconds
333.360: [GC [PSYoungGen: 33338K->3360K(39936K)] 51428K->21489K(77824K), 0.0012660 secs] [Times: user=0.00 sys=0.00, real=0.00 secs] 
333.361: Total time for which application threads were stopped: 0.0014240 seconds, Stopping threads took: 0.0000770 seconds
333.453: Application time: 0.0922870 seconds
333.454: [GC [PSYoungGen: 39478K->1792K(37888K)] 57607K->20001K(75776K), 0.0006910 secs] [Times: user=0.00 sys=0.00, real=0.00 secs] 
333.454: Total time for which application threads were stopped: 0.0008720 seconds, Stopping threads took: 0.0001150 seconds
333.540: Application time: 0.0862100 seconds
333.541: [GC [PSYoungGen: 37386K->2816K(40960K)] 55595K->21065K(78848K), 0.0011030 secs] [Times: user=0.00 sys=0.01, real=0.01 secs] 
333.542: Total time for which application threads were stopped: 0.0012500 seconds, Stopping threads took: 0.0000720 seconds
333.634: Application time: 0.0925290 seconds
333.634: [GC [PSYoungGen: 39956K->2304K(38912K)] 58206K->20609K(76800K), 0.0007840 secs] [Times: user=0.00 sys=0.00, real=0.00 secs] 
333.635: Total time for which application threads were stopped: 0.0009990 seconds, Stopping threads took: 0.0001360 seconds
333.724: Application time: 0.0892080 seconds
333.725: [GC [PSYoungGen: 38342K->1760K(37888K)] 56647K->20113K(75776K), 0.0007840 secs] [Times: user=0.01 sys=0.00, real=0.00 secs] 
333.725: Total time for which application threads were stopped: 0.0009340 seconds, Stopping threads took: 0.0000830 seconds
333.814: Application time: 0.0883550 seconds
333.814: [GC [PSYoungGen: 37358K->1728K(37376K)] 55711K->20081K(75264K), 0.0007690 secs] [Times: user=0.01 sys=0.00, real=0.00 secs] 
333.815: Total time for which application threads were stopped: 0.0009010 seconds, Stopping threads took: 0.0000670 seconds
333.904: Application time: 0.0891490 seconds
333.904: [GC [PSYoungGen: 36810K->1792K(36864K)] 55163K->20193K(74752K), 0.0007820 secs] [Times: user=0.00 sys=0.00, real=0.00 secs] 
333.905: Total time for which application threads were stopped: 0.0009470 seconds, Stopping threads took: 0.0000970 seconds
333.990: Application time: 0.0854690 seconds
333.990: [GC [PSYoungGen: 36437K->2304K(36864K)] 54839K->20753K(74752K), 0.0009220 secs] [Times: user=0.01 sys=0.00, real=0.00 secs] 
333.991: Total time for which application threads were stopped: 0.0010770 seconds, Stopping threads took: 0.0000870 seconds
334.076: Application time: 0.0845920 seconds
334.076: [GC [PSYoungGen: 36359K->2304K(36352K)] 54809K->20841K(74240K), 0.0010320 secs] [Times: user=0.00 sys=0.00, real=0.00 secs] 
334.077: Total time for which application threads were stopped: 0.0011690 seconds, Stopping threads took: 0.0000640 seconds
334.160: Application time: 0.0829510 seconds
334.160: [GC [PSYoungGen: 35847K->1792K(35328K)] 54385K->20385K(73216K), 0.0007830 secs] [Times: user=0.01 sys=0.00, real=0.00 secs] 
334.161: Total time for which application threads were stopped: 0.0009570 seconds, Stopping threads took: 0.0000970 seconds
334.244: Application time: 0.0830500 seconds
334.244: [GC [PSYoungGen: 34898K->1792K(34816K)] 53491K->20433K(72704K), 0.0007940 secs] [Times: user=0.01 sys=0.00, real=0.00 secs] 
334.245: Total time for which application threads were stopped: 0.0009390 seconds, Stopping threads took: 0.0000770 seconds
334.327: Application time: 0.0817840 seconds
334.327: [GC [PSYoungGen: 34223K->1760K(35328K)] 52865K->20482K(73216K), 0.0007490 secs] [Times: user=0.01 sys=0.00, real=0.00 secs] 
334.328: Total time for which application threads were stopped: 0.0008810 seconds, Stopping threads took: 0.0000650 seconds
334.406: Application time: 0.0786650 seconds
334.406: [GC [PSYoungGen: 33677K->1760K(33792K)] 52399K->20482K(71680K), 0.0007980 secs] [Times: user=0.00 sys=0.00, real=0.00 secs] 
334.407: Total time for which application threads were stopped: 0.0009270 seconds, Stopping threads took: 0.0000650 seconds
334.485: Application time: 0.0780490 seconds
334.485: [GC [PSYoungGen: 33239K->1792K(33792K)] 51961K->20514K(71680K), 0.0007350 secs] [Times: user=0.00 sys=0.01, real=0.00 secs] 
334.486: Total time for which application threads were stopped: 0.0008740 seconds, Stopping threads took: 0.0000700 seconds
334.563: Application time: 0.0772300 seconds
334.564: [GC [PSYoungGen: 32757K->1760K(32768K)] 51479K->20538K(70656K), 0.0007810 secs] [Times: user=0.01 sys=0.00, real=0.00 secs] 
334.564: Total time for which application threads were stopped: 0.0009110 seconds, Stopping threads took: 0.0000640 seconds
334.639: Application time: 0.0749560 seconds
334.639: [GC [PSYoungGen: 32206K->1792K(32768K)] 50984K->20618K(70656K), 0.0007930 secs] [Times: user=0.00 sys=0.00, real=0.00 secs] 
334.640: Total time for which application threads were stopped: 0.0010050 seconds, Stopping threads took: 0.0001420 seconds
334.714: Application time: 0.0735960 seconds
334.714: [GC [PSYoungGen: 31801K->1744K(31744K)] 50627K->20610K(69632K), 0.0007780 secs] [Times: user=0.00 sys=0.00, real=0.00 secs] 
334.715: Total time for which application threads were stopped: 0.0009240 seconds, Stopping threads took: 0.0000700 seconds
334.787: Application time: 0.0726860 seconds
334.788: [GC [PSYoungGen: 31162K->1280K(31744K)] 50028K->20226K(69632K), 0.0006630 secs] [Times: user=0.01 sys=0.00, real=0.00 secs] 
334.788: Total time for which application threads were stopped: 0.0008920 seconds, Stopping threads took: 0.0001640 seconds
334.861: Application time: 0.0722780 seconds
334.861: [GC [PSYoungGen: 30176K->1792K(30720K)] 49122K->20794K(68608K), 0.0007670 secs] [Times: user=0.01 sys=0.00, real=0.01 secs] 
334.862: Total time for which application threads were stopped: 0.0009180 seconds, Stopping threads took: 0.0000850 seconds
334.930: Application time: 0.0686130 seconds
334.930: [GC [PSYoungGen: 30176K->1792K(30720K)] 49178K->20842K(68608K), 0.0007630 secs] [Times: user=0.00 sys=0.00, real=0.00 secs] 
334.931: Total time for which application threads were stopped: 0.0008980 seconds, Stopping threads took: 0.0000690 seconds
335.000: Application time: 0.0686880 seconds
335.000: [GC [PSYoungGen: 29578K->2816K(31232K)] 48628K->22410K(69120K), 0.0012720 secs] [Times: user=0.01 sys=0.00, real=0.00 secs] 
335.001: Total time for which application threads were stopped: 0.0014140 seconds, Stopping threads took: 0.0000680 seconds
335.071: Application time: 0.0698790 seconds
335.071: [GC [PSYoungGen: 30612K->2304K(36864K)] 50206K->21898K(74752K), 0.0008040 secs] [Times: user=0.00 sys=0.00, real=0.00 secs] 
335.073: Total time for which application threads were stopped: 0.0017100 seconds, Stopping threads took: 0.0000920 seconds
335.157: Application time: 0.0839960 seconds
335.157: [GC [PSYoungGen: 35845K->2304K(36864K)] 55439K->21898K(74752K), 0.0008620 secs] [Times: user=0.00 sys=0.00, real=0.00 secs] 
335.158: Total time for which application threads were stopped: 0.0010140 seconds, Stopping threads took: 0.0000800 seconds
335.240: Application time: 0.0819350 seconds
335.240: [GC [PSYoungGen: 35846K->2304K(44032K)] 55440K->21938K(81920K), 0.0007720 secs] [Times: user=0.01 sys=0.00, real=0.00 secs] 
335.241: Total time for which application threads were stopped: 0.0009360 seconds, Stopping threads took: 0.0000800 seconds
335.343: Application time: 0.1024280 seconds
335.343: [GC [PSYoungGen: 43199K->2336K(42496K)] 62833K->22010K(80384K), 0.0007810 secs] [Times: user=0.00 sys=0.00, real=0.00 secs] 
335.344: Total time for which application threads were stopped: 0.0009350 seconds, Stopping threads took: 0.0000850 seconds
335.443: Application time: 0.0984520 seconds
335.443: [GC [PSYoungGen: 41968K->1760K(40960K)] 61642K->21546K(78848K), 0.0008070 secs] [Times: user=0.00 sys=0.00, real=0.00 secs] 
335.444: Total time for which application threads were stopped: 0.0010070 seconds, Stopping threads took: 0.0001360 seconds
335.538: Application time: 0.0941720 seconds
335.538: [GC [PSYoungGen: 40596K->2272K(40448K)] 60383K->22058K(78336K), 0.0009770 secs] [Times: user=0.01 sys=0.00, real=0.00 secs] 
335.539: Total time for which application threads were stopped: 0.0011320 seconds, Stopping threads took: 0.0000860 seconds
335.633: Application time: 0.0943240 seconds
335.633: [GC [PSYoungGen: 39852K->1792K(38912K)] 59638K->21690K(76800K), 0.0007380 secs] [Times: user=0.01 sys=0.00, real=0.01 secs] 
335.634: Total time for which application threads were stopped: 0.0008740 seconds, Stopping threads took: 0.0000630 seconds
335.724: Application time: 0.0901040 seconds
335.724: [GC [PSYoungGen: 38337K->2304K(38400K)] 58236K->22202K(76288K), 0.0009390 secs] [Times: user=0.00 sys=0.00, real=0.00 secs] 
335.725: Total time for which application threads were stopped: 0.0010850 seconds, Stopping threads took: 0.0000750 seconds
335.815: Application time: 0.0896620 seconds
335.815: [GC [PSYoungGen: 37904K->1792K(37376K)] 57802K->21690K(75264K), 0.0007360 secs] [Times: user=0.00 sys=0.00, real=0.00 secs] 
335.816: Total time for which application threads were stopped: 0.0008730 seconds, Stopping threads took: 0.0000640 seconds
335.903: Application time: 0.0868490 seconds
335.903: [GC [PSYoungGen: 36876K->1792K(36864K)] 56774K->21746K(74752K), 0.0007920 secs] [Times: user=0.00 sys=0.00, real=0.00 secs] 
335.904: Total time for which application threads were stopped: 0.0009270 seconds, Stopping threads took: 0.0000700 seconds
335.987: Application time: 0.0834560 seconds
335.987: [GC [PSYoungGen: 36434K->2336K(36864K)] 56388K->23354K(74752K), 0.0012510 secs] [Times: user=0.00 sys=0.00, real=0.00 secs] 
335.988: Total time for which application threads were stopped: 0.0013930 seconds, Stopping threads took: 0.0000690 seconds
336.076: Application time: 0.0875930 seconds
336.076: [GC [PSYoungGen: 36400K->1280K(35328K)] 57418K->22386K(73216K), 0.0006900 secs] [Times: user=0.00 sys=0.00, real=0.00 secs] 
336.077: Total time for which application threads were stopped: 0.0009330 seconds, Stopping threads took: 0.0001820 seconds
336.159: Application time: 0.0822390 seconds
336.159: [GC [PSYoungGen: 34897K->1792K(35840K)] 56004K->22938K(73728K), 0.0007800 secs] [Times: user=0.01 sys=0.00, real=0.00 secs] 
336.160: Total time for which application threads were stopped: 0.0009220 seconds, Stopping threads took: 0.0000730 seconds
336.240: Application time: 0.0803390 seconds
336.241: [GC [PSYoungGen: 34811K->2816K(36352K)] 55958K->24042K(74240K), 0.0011220 secs] [Times: user=0.00 sys=0.01, real=0.01 secs] 
336.242: Total time for which application threads were stopped: 0.0013680 seconds, Stopping threads took: 0.0001690 seconds
336.323: Application time: 0.0815290 seconds
336.323: [GC [PSYoungGen: 35757K->3328K(43520K)] 56984K->25106K(81408K), 0.0012670 secs] [Times: user=0.01 sys=0.00, real=0.00 secs] 
336.325: Total time for which application threads were stopped: 0.0014400 seconds, Stopping threads took: 0.0000780 seconds
336.424: Application time: 0.0994000 seconds
336.424: [GC [PSYoungGen: 42964K->2304K(43520K)] 64743K->24082K(81408K), 0.0007670 secs] [Times: user=0.00 sys=0.00, real=0.00 secs] 
336.425: Total time for which application threads were stopped: 0.0009980 seconds, Stopping threads took: 0.0001620 seconds
336.526: Application time: 0.1012970 seconds
336.527: [GC [PSYoungGen: 42016K->2304K(41472K)] 63795K->24082K(79360K), 0.0007740 secs] [Times: user=0.01 sys=0.00, real=0.00 secs] 
336.527: Total time for which application threads were stopped: 0.0009100 seconds, Stopping threads took: 0.0000660 seconds
336.622: Application time: 0.0945940 seconds
336.622: [GC [PSYoungGen: 41062K->2832K(40960K)] 62841K->24658K(78848K), 0.0009960 secs] [Times: user=0.01 sys=0.00, real=0.00 secs] 
336.623: Total time for which application threads were stopped: 0.0011470 seconds, Stopping threads took: 0.0000750 seconds
336.717: Application time: 0.0943250 seconds
336.718: [GC [PSYoungGen: 40566K->1792K(38912K)] 62393K->24210K(76800K), 0.0008580 secs] [Times: user=0.01 sys=0.00, real=0.00 secs] 
336.718: Total time for which application threads were stopped: 0.0010070 seconds, Stopping threads took: 0.0000780 seconds
336.809: Application time: 0.0908650 seconds
336.809: [GC [PSYoungGen: 38494K->2816K(38912K)] 60913K->25315K(76800K), 0.0011820 secs] [Times: user=0.01 sys=0.00, real=0.00 secs] 
336.811: Total time for which application threads were stopped: 0.0013290 seconds, Stopping threads took: 0.0000700 seconds
336.899: Application time: 0.0884220 seconds
336.899: [GC [PSYoungGen: 38414K->2272K(45568K)] 60913K->25363K(83456K), 0.0011050 secs] [Times: user=0.00 sys=0.00, real=0.00 secs] 
336.900: Total time for which application threads were stopped: 0.0012570 seconds, Stopping threads took: 0.0000700 seconds
337.007: Application time: 0.1062770 seconds
337.007: [GC [PSYoungGen: 44986K->3296K(47104K)] 68077K->26435K(84992K), 0.0012820 secs] [Times: user=0.01 sys=0.00, real=0.00 secs] 
337.008: Total time for which application threads were stopped: 0.0014220 seconds, Stopping threads took: 0.0000650 seconds
337.117: Application time: 0.1087920 seconds
337.117: [GC [PSYoungGen: 46613K->1280K(55808K)] 69752K->24419K(93696K), 0.0012020 secs] [Times: user=0.01 sys=0.00, real=0.00 secs] 
337.118: Total time for which application threads were stopped: 0.0013250 seconds, Stopping threads took: 0.0000590 seconds
337.244: Application time: 0.1255260 seconds
337.244: [GC [PSYoungGen: 52906K->1760K(52224K)] 76045K->24947K(90112K), 0.0006520 secs] [Times: user=0.00 sys=0.00, real=0.00 secs] 
337.244: Total time for which application threads were stopped: 0.0007920 seconds, Stopping threads took: 0.0000720 seconds
337.367: Application time: 0.1222030 seconds
337.367: [GC [PSYoungGen: 51845K->2288K(51200K)] 75032K->25547K(89088K), 0.0008670 secs] [Times: user=0.00 sys=0.00, real=0.00 secs] 
337.368: Total time for which application threads were stopped: 0.0010160 seconds, Stopping threads took: 0.0000760 seconds
337.487: Application time: 0.1189210 seconds
337.487: [GC [PSYoungGen: 50824K->2848K(50688K)] 74083K->26183K(88576K), 0.0011240 secs] [Times: user=0.01 sys=0.00, real=0.00 secs] 
337.488: Total time for which application threads were stopped: 0.0012820 seconds, Stopping threads took: 0.0000720 seconds
337.606: Application time: 0.1180000 seconds
337.606: [GC [PSYoungGen: 50290K->1280K(48640K)] 73625K->24703K(86528K), 0.0006620 secs] [Times: user=0.01 sys=0.00, real=0.00 secs] 
337.607: Total time for which application threads were stopped: 0.0009210 seconds, Stopping threads took: 0.0001980 seconds
337.721: Application time: 0.1139400 seconds
337.721: [GC [PSYoungGen: 47590K->2272K(48128K)] 71014K->25727K(86016K), 0.0009610 secs] [Times: user=0.00 sys=0.00, real=0.01 secs] 
337.722: Total time for which application threads were stopped: 0.0011100 seconds, Stopping threads took: 0.0000760 seconds
337.835: Application time: 0.1133070 seconds
337.835: [GC [PSYoungGen: 47641K->1760K(46592K)] 71096K->25215K(84480K), 0.0008760 secs] [Times: user=0.01 sys=0.00, real=0.00 secs] 
337.836: Total time for which application threads were stopped: 0.0010130 seconds, Stopping threads took: 0.0000670 seconds
337.944: Application time: 0.1080030 seconds
337.944: [GC [PSYoungGen: 46173K->2240K(46080K)] 69628K->25735K(83968K), 0.0011090 secs] [Times: user=0.00 sys=0.00, real=0.00 secs] 
337.945: Total time for which application threads were stopped: 0.0012500 seconds, Stopping threads took: 0.0000610 seconds
338.055: Application time: 0.1097610 seconds
338.055: [GC [PSYoungGen: 45709K->1824K(45056K)] 69204K->25403K(82944K), 0.0008540 secs] [Times: user=0.00 sys=0.00, real=0.00 secs] 
338.056: Total time for which application threads were stopped: 0.0010050 seconds, Stopping threads took: 0.0000720 seconds
338.161: Application time: 0.1044100 seconds
338.161: [GC [PSYoungGen: 44104K->1264K(43008K)] 67684K->24963K(80896K), 0.0006800 secs] [Times: user=0.00 sys=0.00, real=0.01 secs] 
338.161: Total time for which application threads were stopped: 0.0008430 seconds, Stopping threads took: 0.0000970 seconds
338.263: Application time: 0.1015730 seconds
338.263: [GC [PSYoungGen: 42514K->2304K(43008K)] 66214K->26051K(80896K), 0.0009540 secs] [Times: user=0.00 sys=0.00, real=0.00 secs] 
338.264: Total time for which application threads were stopped: 0.0011090 seconds, Stopping threads took: 0.0000810 seconds
338.363: Application time: 0.0993200 seconds
338.364: [GC [PSYoungGen: 42450K->2304K(41984K)] 66198K->26107K(79872K), 0.0009410 secs] [Times: user=0.00 sys=0.00, real=0.00 secs] 
338.365: Total time for which application threads were stopped: 0.0010930 seconds, Stopping threads took: 0.0000780 seconds
338.462: Application time: 0.0976850 seconds
338.462: [GC [PSYoungGen: 41504K->768K(40960K)] 65308K->24571K(78848K), 0.0005070 secs] [Times: user=0.01 sys=0.00, real=0.00 secs] 
338.463: Total time for which application threads were stopped: 0.0006390 seconds, Stopping threads took: 0.0000740 seconds
338.556: Application time: 0.0926010 seconds
338.556: [GC [PSYoungGen: 39008K->2832K(40448K)] 62812K->26683K(78336K), 0.0011560 secs] [Times: user=0.00 sys=0.00, real=0.00 secs] 
338.557: Total time for which application threads were stopped: 0.0013070 seconds, Stopping threads took: 0.0000670 seconds
338.650: Application time: 0.0931960 seconds
338.650: [GC [PSYoungGen: 40056K->1216K(38400K)] 63908K->25155K(76288K), 0.0006780 secs] [Times: user=0.00 sys=0.00, real=0.00 secs] 
338.651: Total time for which application threads were stopped: 0.0007950 seconds, Stopping threads took: 0.0000520 seconds
338.740: Application time: 0.0887210 seconds
338.740: [GC [PSYoungGen: 37325K->1792K(37888K)] 61265K->25811K(75776K), 0.0007860 secs] [Times: user=0.01 sys=0.00, real=0.00 secs] 
338.740: Total time for which application threads were stopped: 0.0009200 seconds, Stopping threads took: 0.0000670 seconds
338.828: Application time: 0.0871670 seconds
338.828: [GC [PSYoungGen: 37386K->2816K(38912K)] 61405K->26875K(76800K), 0.0010910 secs] [Times: user=0.01 sys=0.00, real=0.00 secs] 
338.829: Total time for which application threads were stopped: 0.0012300 seconds, Stopping threads took: 0.0000630 seconds
338.918: Application time: 0.0895830 seconds
338.919: [GC [PSYoungGen: 37908K->736K(35840K)] 61968K->24867K(73728K), 0.0004680 secs] [Times: user=0.00 sys=0.00, real=0.00 secs] 
338.919: Total time for which application threads were stopped: 0.0005740 seconds, Stopping threads took: 0.0000490 seconds
339.004: Application time: 0.0852810 seconds
339.004: [GC [PSYoungGen: 35223K->1792K(36864K)] 59355K->25971K(74752K), 0.0007790 secs] [Times: user=0.00 sys=0.00, real=0.00 secs] 
339.005: Total time for which application threads were stopped: 0.0009000 seconds, Stopping threads took: 0.0000560 seconds
339.088: Application time: 0.0828860 seconds
339.088: [GC [PSYoungGen: 35765K->2816K(37376K)] 59945K->26995K(75264K), 0.0010470 secs] [Times: user=0.00 sys=0.00, real=0.00 secs] 
339.089: Total time for which application threads were stopped: 0.0011950 seconds, Stopping threads took: 0.0000660 seconds
339.172: Application time: 0.0827500 seconds
339.172: [GC [PSYoungGen: 36356K->3328K(37888K)] 60535K->27507K(75776K), 0.0012930 secs] [Times: user=0.01 sys=0.00, real=0.01 secs] 
339.173: Total time for which application threads were stopped: 0.0014430 seconds, Stopping threads took: 0.0000740 seconds
339.260: Application time: 0.0866450 seconds
339.260: [GC [PSYoungGen: 36950K->2832K(37888K)] 61130K->27059K(75776K), 0.0010840 secs] [Times: user=0.00 sys=0.00, real=0.00 secs] 
339.261: Total time for which application threads were stopped: 0.0012320 seconds, Stopping threads took: 0.0000740 seconds
339.345: Application time: 0.0833080 seconds
339.345: [GC [PSYoungGen: 36528K->3392K(44544K)] 60756K->27700K(82432K), 0.0011460 secs] [Times: user=0.00 sys=0.01, real=0.00 secs] 
339.346: Total time for which application threads were stopped: 0.0012790 seconds, Stopping threads took: 0.0000570 seconds
339.446: Application time: 0.1004080 seconds
339.446: [GC [PSYoungGen: 43620K->2304K(45056K)] 67928K->26720K(82944K), 0.0008860 secs] [Times: user=0.00 sys=0.00, real=0.00 secs] 
339.447: Total time for which application threads were stopped: 0.0010370 seconds, Stopping threads took: 0.0000780 seconds
339.549: Application time: 0.1019400 seconds
339.549: [GC [PSYoungGen: 42452K->1760K(41472K)] 66868K->26216K(79360K), 0.0006670 secs] [Times: user=0.00 sys=0.00, real=0.00 secs] 
339.550: Total time for which application threads were stopped: 0.0008090 seconds, Stopping threads took: 0.0000670 seconds
339.647: Application time: 0.0968840 seconds
339.647: [GC [PSYoungGen: 40954K->2304K(40960K)] 65410K->26760K(78848K), 0.0010390 secs] [Times: user=0.00 sys=0.00, real=0.00 secs] 
339.648: Total time for which application threads were stopped: 0.0011870 seconds, Stopping threads took: 0.0000700 seconds
339.742: Application time: 0.0939370 seconds
339.742: [GC [PSYoungGen: 40394K->2304K(39936K)] 64850K->26816K(77824K), 0.0007870 secs] [Times: user=0.00 sys=0.00, real=0.00 secs] 
339.743: Total time for which application threads were stopped: 0.0009240 seconds, Stopping threads took: 0.0000670 seconds
339.837: Application time: 0.0936790 seconds
339.837: [GC [PSYoungGen: 39528K->768K(37376K)] 64040K->25280K(75264K), 0.0005450 secs] [Times: user=0.00 sys=0.00, real=0.00 secs] 
339.837: Total time for which application threads were stopped: 0.0006950 seconds, Stopping threads took: 0.0000860 seconds
339.924: Application time: 0.0863750 seconds
339.924: [GC [PSYoungGen: 36870K->3296K(39424K)] 61382K->27892K(77312K), 0.0013000 secs] [Times: user=0.01 sys=0.00, real=0.00 secs] 
339.925: Total time for which application threads were stopped: 0.0014460 seconds, Stopping threads took: 0.0000700 seconds
340.017: Application time: 0.0915290 seconds
340.017: [GC [PSYoungGen: 39057K->1808K(37376K)] 63653K->26460K(75264K), 0.0009050 secs] [Times: user=0.00 sys=0.00, real=0.00 secs] 
340.018: Total time for which application threads were stopped: 0.0010440 seconds, Stopping threads took: 0.0000690 seconds
340.105: Application time: 0.0867490 seconds
340.105: [GC [PSYoungGen: 36809K->2816K(37888K)] 61462K->27568K(75776K), 0.0010910 secs] [Times: user=0.00 sys=0.01, real=0.00 secs] 
340.106: Total time for which application threads were stopped: 0.0018100 seconds, Stopping threads took: 0.0000640 seconds
340.194: Application time: 0.0878250 seconds
340.194: [GC [PSYoungGen: 37392K->1248K(35840K)] 62144K->26000K(73728K), 0.0006950 secs] [Times: user=0.00 sys=0.00, real=0.00 secs] 
340.195: Total time for which application threads were stopped: 0.0009150 seconds, Stopping threads took: 0.0001480 seconds
340.278: Application time: 0.0830870 seconds
340.278: [GC [PSYoungGen: 35299K->2304K(36864K)] 60051K->27104K(74752K), 0.0009610 secs] [Times: user=0.00 sys=0.00, real=0.00 secs] 
340.279: Total time for which application threads were stopped: 0.0011040 seconds, Stopping threads took: 0.0000730 seconds
340.363: Application time: 0.0836690 seconds
340.363: [GC [PSYoungGen: 35769K->1792K(35328K)] 60570K->26640K(73216K), 0.0007720 secs] [Times: user=0.00 sys=0.00, real=0.00 secs] 
340.364: Total time for which application threads were stopped: 0.0009310 seconds, Stopping threads took: 0.0000920 seconds
340.447: Application time: 0.0828450 seconds
340.447: [GC [PSYoungGen: 34737K->2304K(36352K)] 59585K->27152K(74240K), 0.0009030 secs] [Times: user=0.00 sys=0.00, real=0.00 secs] 
340.448: Total time for which application threads were stopped: 0.0010290 seconds, Stopping threads took: 0.0000600 seconds
340.528: Application time: 0.0803710 seconds
340.528: [GC [PSYoungGen: 34893K->2304K(34816K)] 59742K->27152K(72704K), 0.0009310 secs] [Times: user=0.01 sys=0.00, real=0.00 secs] 
340.529: Total time for which application threads were stopped: 0.0010680 seconds, Stopping threads took: 0.0000680 seconds
340.611: Application time: 0.0814330 seconds
340.611: [GC [PSYoungGen: 34385K->1248K(35328K)] 59234K->26176K(73216K), 0.0006270 secs] [Times: user=0.00 sys=0.00, real=0.00 secs] 
340.612: Total time for which application threads were stopped: 0.0007580 seconds, Stopping threads took: 0.0000680 seconds
340.686: Application time: 0.0747330 seconds
340.686: [GC [PSYoungGen: 32790K->3360K(35840K)] 57719K->28356K(73728K), 0.0013070 secs] [Times: user=0.01 sys=0.00, real=0.00 secs] 
340.688: Total time for which application threads were stopped: 0.0014550 seconds, Stopping threads took: 0.0000750 seconds
340.768: Application time: 0.0806880 seconds
340.768: [GC [PSYoungGen: 34773K->1792K(42496K)] 59770K->26868K(80384K), 0.0006540 secs] [Times: user=0.00 sys=0.00, real=0.00 secs] 
340.769: Total time for which application threads were stopped: 0.0007980 seconds, Stopping threads took: 0.0000590 seconds
340.863: Application time: 0.0935750 seconds
340.863: [GC [PSYoungGen: 39958K->2304K(39936K)] 65035K->27380K(77824K), 0.0008890 secs] [Times: user=0.01 sys=0.00, real=0.00 secs] 
340.864: Total time for which application threads were stopped: 0.0010350 seconds, Stopping threads took: 0.0000760 seconds
340.957: Application time: 0.0928640 seconds
340.957: [GC [PSYoungGen: 39446K->1792K(39424K)] 64522K->26908K(77312K), 0.0007030 secs] [Times: user=0.00 sys=0.00, real=0.00 secs] 
340.958: Total time for which application threads were stopped: 0.0008550 seconds, Stopping threads took: 0.0000860 seconds
341.048: Application time: 0.0900950 seconds
341.048: [GC [PSYoungGen: 37830K->704K(36864K)] 62946K->25876K(74752K), 0.0004640 secs] [Times: user=0.00 sys=0.00, real=0.00 secs] 
341.048: Total time for which application threads were stopped: 0.0005980 seconds, Stopping threads took: 0.0000720 seconds
341.135: Application time: 0.0866750 seconds
341.135: [GC [PSYoungGen: 36296K->2304K(38912K)] 61468K->27476K(76800K), 0.0008720 secs] [Times: user=0.00 sys=0.00, real=0.00 secs] 
341.136: Total time for which application threads were stopped: 0.0010110 seconds, Stopping threads took: 0.0000700 seconds
341.224: Application time: 0.0878510 seconds
341.224: [GC [PSYoungGen: 37466K->2288K(37376K)] 62639K->27508K(75264K), 0.0010100 secs] [Times: user=0.01 sys=0.00, real=0.00 secs] 
341.225: Total time for which application threads were stopped: 0.0011570 seconds, Stopping threads took: 0.0000780 seconds
341.311: Application time: 0.0864250 seconds
341.311: [GC [PSYoungGen: 36862K->1280K(36864K)] 62083K->26580K(74752K), 0.0006890 secs] [Times: user=0.00 sys=0.00, real=0.00 secs] 
341.312: Total time for which application threads were stopped: 0.0008310 seconds, Stopping threads took: 0.0000700 seconds
341.397: Application time: 0.0843700 seconds
341.397: [GC [PSYoungGen: 35411K->1792K(35840K)] 60712K->27132K(73728K), 0.0007880 secs] [Times: user=0.00 sys=0.00, real=0.00 secs] 
341.397: Total time for which application threads were stopped: 0.0009280 seconds, Stopping threads took: 0.0000700 seconds
341.479: Application time: 0.0813050 seconds
341.479: [GC [PSYoungGen: 35332K->2240K(36352K)] 60672K->27656K(74240K), 0.0010110 secs] [Times: user=0.01 sys=0.00, real=0.00 secs] 
341.480: Total time for which application threads were stopped: 0.0011500 seconds, Stopping threads took: 0.0000690 seconds
341.561: Application time: 0.0811650 seconds
341.561: [GC [PSYoungGen: 35181K->3328K(36864K)] 60598K->28785K(74752K), 0.0012910 secs] [Times: user=0.00 sys=0.00, real=0.01 secs] 
341.563: Total time for which application threads were stopped: 0.0014390 seconds, Stopping threads took: 0.0000740 seconds
341.645: Application time: 0.0823940 seconds
341.645: [GC [PSYoungGen: 36358K->2816K(44032K)] 61815K->28272K(81920K), 0.0009350 secs] [Times: user=0.00 sys=0.00, real=0.00 secs] 
341.646: Total time for which application threads were stopped: 0.0010710 seconds, Stopping threads took: 0.0000630 seconds
341.745: Application time: 0.0990450 seconds
341.745: [GC [PSYoungGen: 42452K->1760K(40960K)] 67909K->27264K(78848K), 0.0007370 secs] [Times: user=0.00 sys=0.00, real=0.00 secs] 
341.746: Total time for which application threads were stopped: 0.0008650 seconds, Stopping threads took: 0.0000580 seconds
341.841: Application time: 0.0950560 seconds
341.841: [GC [PSYoungGen: 40518K->2304K(40960K)] 66023K->27809K(78848K), 0.0009140 secs] [Times: user=0.00 sys=0.00, real=0.01 secs] 
341.842: Total time for which application threads were stopped: 0.0010760 seconds, Stopping threads took: 0.0000810 seconds
341.936: Application time: 0.0943490 seconds
341.937: [GC [PSYoungGen: 40038K->2320K(39424K)] 65543K->27905K(77312K), 0.0010310 secs] [Times: user=0.00 sys=0.01, real=0.00 secs] 
341.938: Total time for which application threads were stopped: 0.0011720 seconds, Stopping threads took: 0.0000700 seconds
342.029: Application time: 0.0917860 seconds
342.029: [GC [PSYoungGen: 39026K->1792K(38400K)] 64611K->27457K(76288K), 0.0008070 secs] [Times: user=0.00 sys=0.00, real=0.00 secs] 
342.030: Total time for which application threads were stopped: 0.0009480 seconds, Stopping threads took: 0.0000700 seconds
342.116: Application time: 0.0860250 seconds
342.117: [GC [PSYoungGen: 37307K->2272K(37888K)] 62972K->28017K(75776K), 0.0009930 secs] [Times: user=0.01 sys=0.00, real=0.00 secs] 
342.118: Total time for which application threads were stopped: 0.0011980 seconds, Stopping threads took: 0.0001340 seconds
342.206: Application time: 0.0884250 seconds
342.206: [GC [PSYoungGen: 37360K->1760K(37888K)] 63105K->27505K(75776K), 0.0007680 secs] [Times: user=0.00 sys=0.00, real=0.00 secs] 
342.207: Total time for which application threads were stopped: 0.0008930 seconds, Stopping threads took: 0.0000560 seconds
342.292: Application time: 0.0849600 seconds
342.292: [GC [PSYoungGen: 36327K->2304K(36864K)] 62072K->28089K(74752K), 0.0009840 secs] [Times: user=0.00 sys=0.00, real=0.00 secs] 
342.293: Total time for which application threads were stopped: 0.0011260 seconds, Stopping threads took: 0.0000700 seconds
342.377: Application time: 0.0836680 seconds
342.377: [GC [PSYoungGen: 36281K->2304K(36864K)] 62066K->28137K(74752K), 0.0009360 secs] [Times: user=0.00 sys=0.00, real=0.00 secs] 
342.378: Total time for which application threads were stopped: 0.0010960 seconds, Stopping threads took: 0.0000810 seconds
342.460: Application time: 0.0822270 seconds
342.460: [GC [PSYoungGen: 35845K->2304K(35840K)] 61678K->28137K(73728K), 0.0009100 secs] [Times: user=0.01 sys=0.00, real=0.00 secs] 
342.461: Total time for which application threads were stopped: 0.0010530 seconds, Stopping threads took: 0.0000720 seconds
342.543: Application time: 0.0817540 seconds
342.543: [GC [PSYoungGen: 35490K->1824K(35840K)] 61323K->27705K(73728K), 0.0008130 secs] [Times: user=0.01 sys=0.00, real=0.00 secs] 
342.544: Total time for which application threads were stopped: 0.0009490 seconds, Stopping threads took: 0.0000700 seconds
342.624: Application time: 0.0806510 seconds
342.625: [GC [PSYoungGen: 34257K->1792K(34304K)] 60138K->27785K(72192K), 0.0007780 secs] [Times: user=0.01 sys=0.00, real=0.00 secs] 
342.625: Total time for which application threads were stopped: 0.0009500 seconds, Stopping threads took: 0.0001060 seconds
342.703: Application time: 0.0775700 seconds
342.703: [GC [PSYoungGen: 33861K->2288K(36352K)] 59855K->28281K(74240K), 0.0010390 secs] [Times: user=0.00 sys=0.00, real=0.00 secs] 
342.704: Total time for which application threads were stopped: 0.0011730 seconds, Stopping threads took: 0.0000600 seconds
342.786: Application time: 0.0816270 seconds
342.786: [GC [PSYoungGen: 34721K->2304K(35840K)] 60714K->28385K(73728K), 0.0009080 secs] [Times: user=0.01 sys=0.00, real=0.00 secs] 
342.787: Total time for which application threads were stopped: 0.0010380 seconds, Stopping threads took: 0.0000560 seconds
342.866: Application time: 0.0790880 seconds
342.866: [GC [PSYoungGen: 34815K->2304K(42496K)] 60897K->28385K(80384K), 0.0007760 secs] [Times: user=0.01 sys=0.00, real=0.00 secs] 
342.867: Total time for which application threads were stopped: 0.0009140 seconds, Stopping threads took: 0.0000670 seconds
342.964: Application time: 0.0975400 seconds
342.964: [GC [PSYoungGen: 41502K->1792K(40448K)] 67584K->27929K(78336K), 0.0006440 secs] [Times: user=0.00 sys=0.00, real=0.00 secs] 
342.965: Total time for which application threads were stopped: 0.0007800 seconds, Stopping threads took: 0.0000590 seconds
343.060: Application time: 0.0947180 seconds
343.060: [GC [PSYoungGen: 39880K->2208K(39936K)] 66017K->28385K(77824K), 0.0008730 secs] [Times: user=0.01 sys=0.00, real=0.00 secs] 
343.061: Total time for which application threads were stopped: 0.0010330 seconds, Stopping threads took: 0.0000900 seconds
343.151: Application time: 0.0905760 seconds
343.152: [GC [PSYoungGen: 39426K->2304K(38912K)] 65604K->28481K(76800K), 0.0009440 secs] [Times: user=0.01 sys=0.00, real=0.00 secs] 
343.152: Total time for which application threads were stopped: 0.0010980 seconds, Stopping threads took: 0.0000750 seconds
343.243: Application time: 0.0908020 seconds
343.243: [GC [PSYoungGen: 38500K->256K(37888K)] 64678K->26537K(75776K), 0.0003960 secs] [Times: user=0.01 sys=0.00, real=0.00 secs] 
343.244: Total time for which application threads were stopped: 0.0005970 seconds, Stopping threads took: 0.0001440 seconds
343.331: Application time: 0.0867910 seconds
343.331: [GC [PSYoungGen: 35926K->2288K(37888K)] 62207K->28649K(75776K), 0.0009440 secs] [Times: user=0.00 sys=0.00, real=0.00 secs] 
343.332: Total time for which application threads were stopped: 0.0010870 seconds, Stopping threads took: 0.0000760 seconds
343.416: Application time: 0.0845210 seconds
343.416: [GC [PSYoungGen: 37291K->2816K(37888K)] 63653K->29249K(75776K), 0.0011100 secs] [Times: user=0.01 sys=0.00, real=0.00 secs] 
343.418: Total time for which application threads were stopped: 0.0012660 seconds, Stopping threads took: 0.0000820 seconds
343.505: Application time: 0.0874250 seconds
343.505: [GC [PSYoungGen: 37390K->1760K(36352K)] 63823K->28193K(74240K), 0.0007770 secs] [Times: user=0.00 sys=0.00, real=0.00 secs] 
343.506: Total time for which application threads were stopped: 0.0009450 seconds, Stopping threads took: 0.0000940 seconds
343.589: Application time: 0.0834590 seconds
343.590: [GC [PSYoungGen: 35815K->1792K(36864K)] 62249K->28273K(74752K), 0.0007630 secs] [Times: user=0.01 sys=0.00, real=0.00 secs] 
343.590: Total time for which application threads were stopped: 0.0009870 seconds, Stopping threads took: 0.0001610 seconds
343.673: Application time: 0.0827260 seconds
343.673: [GC [PSYoungGen: 35249K->2816K(36352K)] 61731K->29345K(74240K), 0.0011170 secs] [Times: user=0.01 sys=0.00, real=0.01 secs] 
343.674: Total time for which application threads were stopped: 0.0012700 seconds, Stopping threads took: 0.0000790 seconds
343.758: Application time: 0.0836350 seconds
343.758: [GC [PSYoungGen: 35846K->1728K(35840K)] 62375K->28257K(73728K), 0.0008540 secs] [Times: user=0.01 sys=0.00, real=0.00 secs] 
343.759: Total time for which application threads were stopped: 0.0009800 seconds, Stopping threads took: 0.0000610 seconds
343.837: Application time: 0.0780110 seconds
343.837: [GC [PSYoungGen: 34387K->2864K(36352K)] 60917K->29441K(74240K), 0.0011550 secs] [Times: user=0.01 sys=0.00, real=0.00 secs] 
343.838: Total time for which application threads were stopped: 0.0013030 seconds, Stopping threads took: 0.0000740 seconds
343.920: Application time: 0.0817910 seconds
343.920: [GC [PSYoungGen: 35301K->2304K(43008K)] 61879K->29001K(80896K), 0.0007910 secs] [Times: user=0.01 sys=0.00, real=0.00 secs] 
343.921: Total time for which application threads were stopped: 0.0009320 seconds, Stopping threads took: 0.0000690 seconds
344.020: Application time: 0.0988140 seconds
344.020: [GC [PSYoungGen: 41582K->1280K(39936K)] 68280K->27977K(77824K), 0.0005950 secs] [Times: user=0.00 sys=0.00, real=0.00 secs] 
344.021: Total time for which application threads were stopped: 0.0007300 seconds, Stopping threads took: 0.0000600 seconds
344.114: Application time: 0.0932420 seconds
344.114: [GC [PSYoungGen: 39366K->2304K(39936K)] 66063K->29073K(77824K), 0.0008830 secs] [Times: user=0.00 sys=0.00, real=0.00 secs] 
344.115: Total time for which application threads were stopped: 0.0010230 seconds, Stopping threads took: 0.0000710 seconds
344.207: Application time: 0.0924860 seconds
344.207: [GC [PSYoungGen: 39446K->1792K(38400K)] 66216K->28561K(76288K), 0.0007820 secs] [Times: user=0.01 sys=0.00, real=0.00 secs] 
344.208: Total time for which application threads were stopped: 0.0009230 seconds, Stopping threads took: 0.0000740 seconds
344.296: Application time: 0.0880290 seconds
344.297: [GC [PSYoungGen: 37901K->2304K(38912K)] 64671K->29113K(76800K), 0.0008630 secs] [Times: user=0.00 sys=0.00, real=0.00 secs] 
344.297: Total time for which application threads were stopped: 0.0010930 seconds, Stopping threads took: 0.0001590 seconds
344.385: Application time: 0.0877830 seconds
344.385: [GC [PSYoungGen: 37823K->2272K(37888K)] 64633K->29138K(75776K), 0.0009820 secs] [Times: user=0.00 sys=0.00, real=0.00 secs] 
344.386: Total time for which application threads were stopped: 0.0011230 seconds, Stopping threads took: 0.0000710 seconds
344.474: Application time: 0.0872380 seconds
344.474: [GC [PSYoungGen: 37526K->768K(37888K)] 64392K->27633K(75776K), 0.0005740 secs] [Times: user=0.00 sys=0.00, real=0.00 secs] 
344.474: Total time for which application threads were stopped: 0.0007010 seconds, Stopping threads took: 0.0000680 seconds
344.559: Application time: 0.0847520 seconds
344.559: [GC [PSYoungGen: 35323K->1792K(36352K)] 62189K->28770K(74240K), 0.0007980 secs] [Times: user=0.00 sys=0.00, real=0.00 secs] 
344.560: Total time for which application threads were stopped: 0.0009370 seconds, Stopping threads took: 0.0000640 seconds
344.643: Application time: 0.0828250 seconds
344.643: [GC [PSYoungGen: 35846K->2304K(36864K)] 62824K->29330K(74752K), 0.0009370 secs] [Times: user=0.01 sys=0.00, real=0.00 secs] 
344.644: Total time for which application threads were stopped: 0.0011110 seconds, Stopping threads took: 0.0001040 seconds
344.726: Application time: 0.0818490 seconds
344.726: [GC [PSYoungGen: 35843K->2816K(36352K)] 62869K->29882K(74240K), 0.0011060 secs] [Times: user=0.01 sys=0.00, real=0.00 secs] 
344.727: Total time for which application threads were stopped: 0.0012420 seconds, Stopping threads took: 0.0000590 seconds
344.809: Application time: 0.0821290 seconds
344.809: [GC [PSYoungGen: 35767K->2272K(36864K)] 62833K->29386K(74752K), 0.0009560 secs] [Times: user=0.00 sys=0.00, real=0.00 secs] 
344.810: Total time for which application threads were stopped: 0.0011760 seconds, Stopping threads took: 0.0001500 seconds
344.892: Application time: 0.0813020 seconds
344.892: [GC [PSYoungGen: 35299K->2304K(36864K)] 62413K->29418K(74752K), 0.0008950 secs] [Times: user=0.01 sys=0.00, real=0.00 secs] 
344.893: Total time for which application threads were stopped: 0.0010340 seconds, Stopping threads took: 0.0000700 seconds
344.976: Application time: 0.0836000 seconds
344.976: [GC [PSYoungGen: 35336K->1248K(34304K)] 62450K->28418K(72192K), 0.0005200 secs] [Times: user=0.01 sys=0.00, real=0.00 secs] 
344.977: Total time for which application threads were stopped: 0.0006350 seconds, Stopping threads took: 0.0000550 seconds
345.057: Application time: 0.0800960 seconds
345.057: [GC [PSYoungGen: 33681K->736K(33280K)] 60851K->27954K(71168K), 0.0005070 secs] [Times: user=0.00 sys=0.00, real=0.00 secs] 
345.058: Total time for which application threads were stopped: 0.0006930 seconds, Stopping threads took: 0.0001190 seconds
345.134: Application time: 0.0766270 seconds
345.134: [GC [PSYoungGen: 32871K->3392K(35328K)] 60089K->30610K(73216K), 0.0010750 secs] [Times: user=0.00 sys=0.00, real=0.00 secs] 
345.136: Total time for which application threads were stopped: 0.0012290 seconds, Stopping threads took: 0.0000730 seconds
345.214: Application time: 0.0781000 seconds
345.214: [GC [PSYoungGen: 34883K->1760K(33280K)] 62101K->29094K(71168K), 0.0009290 secs] [Times: user=0.00 sys=0.00, real=0.00 secs] 
345.215: Total time for which application threads were stopped: 0.0010510 seconds, Stopping threads took: 0.0000520 seconds
345.291: Application time: 0.0762950 seconds
345.291: [GC [PSYoungGen: 32719K->2304K(33280K)] 60053K->29686K(71168K), 0.0009400 secs] [Times: user=0.01 sys=0.00, real=0.00 secs] 
345.292: Total time for which application threads were stopped: 0.0011120 seconds, Stopping threads took: 0.0001030 seconds
345.367: Application time: 0.0750760 seconds
345.367: [GC [PSYoungGen: 32751K->2304K(36352K)] 60133K->29742K(74240K), 0.0009420 secs] [Times: user=0.01 sys=0.00, real=0.00 secs] 
345.368: Total time for which application threads were stopped: 0.0010840 seconds, Stopping threads took: 0.0000710 seconds
345.448: Application time: 0.0794460 seconds
345.448: [GC [PSYoungGen: 34221K->2304K(40448K)] 61659K->29798K(78336K), 0.0007990 secs] [Times: user=0.00 sys=0.00, real=0.00 secs] 
345.449: Total time for which application threads were stopped: 0.0009360 seconds, Stopping threads took: 0.0000590 seconds
345.539: Application time: 0.0900570 seconds
345.539: [GC [PSYoungGen: 38932K->1792K(37888K)] 66426K->29286K(75776K), 0.0007480 secs] [Times: user=0.01 sys=0.00, real=0.00 secs] 
345.540: Total time for which application threads were stopped: 0.0008810 seconds, Stopping threads took: 0.0000640 seconds
345.627: Application time: 0.0876070 seconds
345.627: [GC [PSYoungGen: 37387K->2304K(38400K)] 64882K->29846K(76288K), 0.0009290 secs] [Times: user=0.00 sys=0.00, real=0.00 secs] 
345.628: Total time for which application threads were stopped: 0.0010680 seconds, Stopping threads took: 0.0000680 seconds
345.715: Application time: 0.0866020 seconds
345.715: [GC [PSYoungGen: 37309K->1792K(36864K)] 64852K->29398K(74752K), 0.0007710 secs] [Times: user=0.00 sys=0.00, real=0.00 secs] 
345.716: Total time for which application threads were stopped: 0.0009400 seconds, Stopping threads took: 0.0000920 seconds
345.801: Application time: 0.0849040 seconds
345.801: [GC [PSYoungGen: 36518K->2320K(37376K)] 64125K->29926K(75264K), 0.0009640 secs] [Times: user=0.00 sys=0.00, real=0.01 secs] 
345.802: Total time for which application threads were stopped: 0.0010990 seconds, Stopping threads took: 0.0000650 seconds
345.887: Application time: 0.0848220 seconds
345.887: [GC [PSYoungGen: 36375K->2240K(36352K)] 63982K->29950K(74240K), 0.0009870 secs] [Times: user=0.01 sys=0.00, real=0.00 secs] 
345.888: Total time for which application threads were stopped: 0.0011300 seconds, Stopping threads took: 0.0000700 seconds
345.971: Application time: 0.0830650 seconds
345.972: [GC [PSYoungGen: 35783K->1792K(36352K)] 63494K->29558K(74240K), 0.0009220 secs] [Times: user=0.00 sys=0.00, real=0.00 secs] 
345.972: Total time for which application threads were stopped: 0.0016110 seconds, Stopping threads took: 0.0006120 seconds
346.053: Application time: 0.0807940 seconds
346.053: [GC [PSYoungGen: 34819K->1792K(34816K)] 62586K->29622K(72704K), 0.0007920 secs] [Times: user=0.00 sys=0.00, real=0.01 secs] 
346.054: Total time for which application threads were stopped: 0.0009330 seconds, Stopping threads took: 0.0000740 seconds
346.135: Application time: 0.0803750 seconds
346.135: [GC [PSYoungGen: 34221K->2304K(35328K)] 62051K->30190K(73216K), 0.0009430 secs] [Times: user=0.00 sys=0.00, real=0.00 secs] 
346.136: Total time for which application threads were stopped: 0.0010910 seconds, Stopping threads took: 0.0000760 seconds
346.214: Application time: 0.0786830 seconds
346.214: [GC [PSYoungGen: 34305K->1792K(33792K)] 62192K->29678K(71680K), 0.0008010 secs] [Times: user=0.01 sys=0.00, real=0.00 secs] 
346.215: Total time for which application threads were stopped: 0.0009500 seconds, Stopping threads took: 0.0000820 seconds
346.293: Application time: 0.0778830 seconds
346.293: [GC [PSYoungGen: 33267K->2304K(34816K)] 61153K->30246K(72704K), 0.0009430 secs] [Times: user=0.00 sys=0.00, real=0.01 secs] 
346.294: Total time for which application threads were stopped: 0.0011730 seconds, Stopping threads took: 0.0001500 seconds
346.371: Application time: 0.0768430 seconds
346.371: [GC [PSYoungGen: 33701K->2816K(34816K)] 61643K->30806K(72704K), 0.0011540 secs] [Times: user=0.00 sys=0.00, real=0.00 secs] 
346.373: Total time for which application threads were stopped: 0.0013050 seconds, Stopping threads took: 0.0000800 seconds
346.452: Application time: 0.0797370 seconds
346.452: [GC [PSYoungGen: 34456K->2320K(41984K)] 62446K->30310K(79872K), 0.0007850 secs] [Times: user=0.01 sys=0.00, real=0.00 secs] 
346.453: Total time for which application threads were stopped: 0.0009310 seconds, Stopping threads took: 0.0000780 seconds
346.547: Application time: 0.0939240 seconds
346.547: [GC [PSYoungGen: 40488K->1792K(39424K)] 68479K->29894K(77312K), 0.0007000 secs] [Times: user=0.00 sys=0.00, real=0.00 secs] 
346.548: Total time for which application threads were stopped: 0.0008730 seconds, Stopping threads took: 0.0001040 seconds
346.638: Application time: 0.0899410 seconds
346.638: [GC [PSYoungGen: 38930K->2816K(40960K)] 67033K->30958K(78848K), 0.0010550 secs] [Times: user=0.01 sys=0.00, real=0.00 secs] 
346.639: Total time for which application threads were stopped: 0.0012030 seconds, Stopping threads took: 0.0000760 seconds
346.731: Application time: 0.0921870 seconds
346.731: [GC [PSYoungGen: 39958K->2272K(38912K)] 68101K->30454K(76800K), 0.0009630 secs] [Times: user=0.00 sys=0.00, real=0.00 secs] 
346.732: Total time for which application threads were stopped: 0.0011560 seconds, Stopping threads took: 0.0001190 seconds
346.823: Application time: 0.0908190 seconds
346.823: [GC [PSYoungGen: 38386K->1792K(38912K)] 66569K->30014K(76800K), 0.0007370 secs] [Times: user=0.00 sys=0.00, real=0.00 secs] 
346.824: Total time for which application threads were stopped: 0.0008720 seconds, Stopping threads took: 0.0000580 seconds
346.912: Application time: 0.0876220 seconds
346.912: [GC [PSYoungGen: 37313K->1248K(36864K)] 65536K->29534K(74752K), 0.0006240 secs] [Times: user=0.01 sys=0.00, real=0.00 secs] 
346.913: Total time for which application threads were stopped: 0.0007450 seconds, Stopping threads took: 0.0000570 seconds
346.999: Application time: 0.0863830 seconds
346.999: [GC [PSYoungGen: 36329K->1792K(37888K)] 64616K->30079K(75776K), 0.0007810 secs] [Times: user=0.01 sys=0.00, real=0.00 secs] 
347.000: Total time for which application threads were stopped: 0.0009210 seconds, Stopping threads took: 0.0000690 seconds
347.085: Application time: 0.0848990 seconds
347.085: [GC [PSYoungGen: 36437K->2320K(36864K)] 64724K->30647K(74752K), 0.0009660 secs] [Times: user=0.01 sys=0.00, real=0.00 secs] 
347.086: Total time for which application threads were stopped: 0.0011090 seconds, Stopping threads took: 0.0000690 seconds
347.169: Application time: 0.0832910 seconds
347.169: [GC [PSYoungGen: 36451K->2848K(37888K)] 64778K->31251K(75776K), 0.0011590 secs] [Times: user=0.00 sys=0.00, real=0.00 secs] 
347.170: Total time for which application threads were stopped: 0.0013200 seconds, Stopping threads took: 0.0000850 seconds
347.255: Application time: 0.0841460 seconds
347.255: [GC [PSYoungGen: 36821K->3328K(37888K)] 65224K->32311K(75776K), 0.0014670 secs] [Times: user=0.01 sys=0.00, real=0.00 secs] 
347.256: Total time for which application threads were stopped: 0.0016200 seconds, Stopping threads took: 0.0000770 seconds
347.342: Application time: 0.0860310 seconds
347.342: [GC [PSYoungGen: 37470K->1792K(45568K)] 66453K->30775K(83456K), 0.0006580 secs] [Times: user=0.00 sys=0.00, real=0.00 secs] 
347.343: Total time for which application threads were stopped: 0.0007960 seconds, Stopping threads took: 0.0000630 seconds
347.445: Application time: 0.1018710 seconds
347.445: [GC [PSYoungGen: 42964K->2304K(43008K)] 71947K->31367K(80896K), 0.0008500 secs] [Times: user=0.01 sys=0.01, real=0.00 secs] 
347.446: Total time for which application threads were stopped: 0.0009960 seconds, Stopping threads took: 0.0000730 seconds
347.547: Application time: 0.1010410 seconds
347.547: [GC [PSYoungGen: 42532K->1248K(41984K)] 71596K->30311K(79872K), 0.0005950 secs] [Times: user=0.01 sys=0.00, real=0.00 secs] 
347.548: Total time for which application threads were stopped: 0.0007180 seconds, Stopping threads took: 0.0000560 seconds
347.643: Application time: 0.0956790 seconds
347.643: [GC [PSYoungGen: 40438K->2816K(41472K)] 69501K->31927K(79360K), 0.0010760 secs] [Times: user=0.01 sys=0.00, real=0.00 secs] 
347.645: Total time for which application threads were stopped: 0.0012070 seconds, Stopping threads took: 0.0000580 seconds
347.739: Application time: 0.0944020 seconds
347.739: [GC [PSYoungGen: 41064K->2272K(39936K)] 70175K->31431K(77824K), 0.0009630 secs] [Times: user=0.01 sys=0.00, real=0.00 secs] 
347.740: Total time for which application threads were stopped: 0.0011020 seconds, Stopping threads took: 0.0000680 seconds
347.832: Application time: 0.0920840 seconds
347.832: [GC [PSYoungGen: 39492K->1776K(38400K)] 68652K->31015K(76288K), 0.0008800 secs] [Times: user=0.01 sys=0.00, real=0.00 secs] 
347.833: Total time for which application threads were stopped: 0.0010240 seconds, Stopping threads took: 0.0000700 seconds
347.923: Application time: 0.0900610 seconds
347.923: [GC [PSYoungGen: 37811K->1216K(38912K)] 67051K->30551K(76800K), 0.0006370 secs] [Times: user=0.00 sys=0.00, real=0.00 secs] 
347.924: Total time for which application threads were stopped: 0.0007670 seconds, Stopping threads took: 0.0000560 seconds
348.013: Application time: 0.0887770 seconds
348.013: [GC [PSYoungGen: 36890K->1792K(37376K)] 66225K->31127K(75264K), 0.0007940 secs] [Times: user=0.00 sys=0.00, real=0.01 secs] 
348.014: Total time for which application threads were stopped: 0.0010230 seconds, Stopping threads took: 0.0001610 seconds
348.100: Application time: 0.0860370 seconds
348.100: [GC [PSYoungGen: 36795K->2304K(37888K)] 66131K->31731K(75776K), 0.0009430 secs] [Times: user=0.01 sys=0.00, real=0.00 secs] 
348.101: Total time for which application threads were stopped: 0.0010990 seconds, Stopping threads took: 0.0000840 seconds
348.186: Application time: 0.0846130 seconds
348.186: [GC [PSYoungGen: 36872K->2816K(37376K)] 66299K->32243K(75264K), 0.0011450 secs] [Times: user=0.01 sys=0.00, real=0.00 secs] 
348.187: Total time for which application threads were stopped: 0.0013060 seconds, Stopping threads took: 0.0000910 seconds
348.273: Application time: 0.0862040 seconds
348.273: [GC [PSYoungGen: 36874K->1760K(36864K)] 66301K->31243K(74752K), 0.0008010 secs] [Times: user=0.00 sys=0.00, real=0.01 secs] 
348.274: Total time for which application threads were stopped: 0.0009690 seconds, Stopping threads took: 0.0001000 seconds
348.356: Application time: 0.0823590 seconds
348.357: [GC [PSYoungGen: 35299K->2816K(37376K)] 64783K->32347K(75264K), 0.0011310 secs] [Times: user=0.00 sys=0.00, real=0.00 secs] 
348.358: Total time for which application threads were stopped: 0.0012760 seconds, Stopping threads took: 0.0000720 seconds
348.440: Application time: 0.0824960 seconds
348.440: [GC [PSYoungGen: 36438K->2304K(44544K)] 65969K->31875K(82432K), 0.0008130 secs] [Times: user=0.01 sys=0.00, real=0.00 secs] 
348.441: Total time for which application threads were stopped: 0.0009580 seconds, Stopping threads took: 0.0000680 seconds
348.543: Application time: 0.1019790 seconds
348.543: [GC [PSYoungGen: 43044K->1728K(41984K)] 72616K->31383K(79872K), 0.0007380 secs] [Times: user=0.01 sys=0.00, real=0.00 secs] 
348.544: Total time for which application threads were stopped: 0.0008750 seconds, Stopping threads took: 0.0000680 seconds
348.641: Application time: 0.0973900 seconds
348.642: [GC [PSYoungGen: 41432K->3328K(42496K)] 71088K->33023K(80384K), 0.0012270 secs] [Times: user=0.01 sys=0.00, real=0.00 secs] 
348.643: Total time for which application threads were stopped: 0.0013810 seconds, Stopping threads took: 0.0000780 seconds
348.742: Application time: 0.0987880 seconds
348.742: [GC [PSYoungGen: 42020K->768K(38912K)] 71716K->30527K(76800K), 0.0004770 secs] [Times: user=0.00 sys=0.00, real=0.00 secs] 
348.742: Total time for which application threads were stopped: 0.0006010 seconds, Stopping threads took: 0.0000640 seconds
348.834: Application time: 0.0920060 seconds
348.834: [GC [PSYoungGen: 38339K->1792K(39936K)] 68099K->31607K(77824K), 0.0007260 secs] [Times: user=0.00 sys=0.00, real=0.00 secs] 
348.835: Total time for which application threads were stopped: 0.0008630 seconds, Stopping threads took: 0.0000690 seconds
348.922: Application time: 0.0870520 seconds
348.922: [GC [PSYoungGen: 38490K->3360K(39424K)] 68305K->33175K(77312K), 0.0013130 secs] [Times: user=0.00 sys=0.00, real=0.00 secs] 
348.924: Total time for which application threads were stopped: 0.0014600 seconds, Stopping threads took: 0.0000720 seconds
349.014: Application time: 0.0906030 seconds
349.014: [GC [PSYoungGen: 38962K->2304K(38400K)] 68777K->32211K(76288K), 0.0010180 secs] [Times: user=0.00 sys=0.00, real=0.00 secs] 
349.015: Total time for which application threads were stopped: 0.0011620 seconds, Stopping threads took: 0.0000620 seconds
349.103: Application time: 0.0879430 seconds
349.103: [GC [PSYoungGen: 37468K->1792K(36864K)] 67376K->31739K(74752K), 0.0008170 secs] [Times: user=0.01 sys=0.00, real=0.00 secs] 
349.104: Total time for which application threads were stopped: 0.0009510 seconds, Stopping threads took: 0.0000670 seconds
349.191: Application time: 0.0868210 seconds
349.191: [GC [PSYoungGen: 36363K->1280K(37888K)] 66311K->31315K(75776K), 0.0006420 secs] [Times: user=0.01 sys=0.00, real=0.00 secs] 
349.192: Total time for which application threads were stopped: 0.0007660 seconds, Stopping threads took: 0.0000600 seconds
349.275: Application time: 0.0836130 seconds
349.276: [GC [PSYoungGen: 35335K->1280K(35328K)] 65371K->31363K(73216K), 0.0006050 secs] [Times: user=0.00 sys=0.00, real=0.00 secs] 
349.276: Total time for which application threads were stopped: 0.0007280 seconds, Stopping threads took: 0.0000600 seconds
349.358: Application time: 0.0820440 seconds
349.358: [GC [PSYoungGen: 34819K->1760K(36864K)] 64903K->31892K(74752K), 0.0008420 secs] [Times: user=0.01 sys=0.00, real=0.00 secs] 
349.359: Total time for which application threads were stopped: 0.0009760 seconds, Stopping threads took: 0.0000670 seconds
349.442: Application time: 0.0827680 seconds
349.442: [GC [PSYoungGen: 34711K->1248K(34304K)] 64843K->31444K(72192K), 0.0006830 secs] [Times: user=0.00 sys=0.00, real=0.00 secs] 
349.443: Total time for which application threads were stopped: 0.0008300 seconds, Stopping threads took: 0.0000840 seconds
349.521: Application time: 0.0786120 seconds
349.522: [GC [PSYoungGen: 33755K->1792K(35328K)] 63951K->31988K(73216K), 0.0007690 secs] [Times: user=0.01 sys=0.00, real=0.00 secs] 
349.522: Total time for which application threads were stopped: 0.0009170 seconds, Stopping threads took: 0.0000740 seconds
349.600: Application time: 0.0775540 seconds
349.600: [GC [PSYoungGen: 33779K->2816K(35328K)] 63975K->33060K(73216K), 0.0011060 secs] [Times: user=0.01 sys=0.00, real=0.00 secs] 
349.601: Total time for which application threads were stopped: 0.0012500 seconds, Stopping threads took: 0.0000740 seconds
349.684: Application time: 0.0830130 seconds
349.684: [GC [PSYoungGen: 34307K->1264K(33792K)] 64551K->31556K(71680K), 0.0006420 secs] [Times: user=0.00 sys=0.00, real=0.00 secs] 
349.685: Total time for which application threads were stopped: 0.0007640 seconds, Stopping threads took: 0.0000600 seconds
349.758: Application time: 0.0726190 seconds
349.758: [GC [PSYoungGen: 32289K->3360K(34816K)] 62581K->33692K(72704K), 0.0013180 secs] [Times: user=0.01 sys=0.00, real=0.00 secs] 
349.759: Total time for which application threads were stopped: 0.0014590 seconds, Stopping threads took: 0.0000640 seconds
349.838: Application time: 0.0793050 seconds
349.838: [GC [PSYoungGen: 34335K->1792K(41984K)] 64667K->32196K(79872K), 0.0007540 secs] [Times: user=0.01 sys=0.00, real=0.00 secs] 
349.839: Total time for which application threads were stopped: 0.0008860 seconds, Stopping threads took: 0.0000670 seconds
349.934: Application time: 0.0947510 seconds
349.934: [GC [PSYoungGen: 39368K->1792K(38912K)] 69772K->32244K(76800K), 0.0007650 secs] [Times: user=0.01 sys=0.00, real=0.00 secs] 
349.935: Total time for which application threads were stopped: 0.0009080 seconds, Stopping threads took: 0.0000750 seconds
350.023: Application time: 0.0876840 seconds
350.023: [GC [PSYoungGen: 38492K->2768K(40960K)] 68944K->33220K(78848K), 0.0010550 secs] [Times: user=0.00 sys=0.00, real=0.00 secs] 
350.024: Total time for which application threads were stopped: 0.0012090 seconds, Stopping threads took: 0.0000710 seconds
350.115: Application time: 0.0911380 seconds
350.115: [GC [PSYoungGen: 39316K->2816K(40960K)] 69768K->33344K(78848K), 0.0011190 secs] [Times: user=0.01 sys=0.00, real=0.00 secs] 
350.116: Total time for which application threads were stopped: 0.0012670 seconds, Stopping threads took: 0.0000730 seconds
350.209: Application time: 0.0924030 seconds
350.209: [GC [PSYoungGen: 39444K->2272K(48640K)] 69972K->32800K(86528K), 0.0008700 secs] [Times: user=0.00 sys=0.00, real=0.00 secs] 
350.210: Total time for which application threads were stopped: 0.0017110 seconds, Stopping threads took: 0.0000760 seconds
350.321: Application time: 0.1107050 seconds
350.321: [GC [PSYoungGen: 46687K->2304K(46080K)] 77215K->32880K(83968K), 0.0008420 secs] [Times: user=0.00 sys=0.00, real=0.01 secs] 
350.322: Total time for which application threads were stopped: 0.0009710 seconds, Stopping threads took: 0.0000560 seconds
350.430: Application time: 0.1077160 seconds
350.430: [GC [PSYoungGen: 45771K->1824K(44544K)] 76347K->32476K(82432K), 0.0008910 secs] [Times: user=0.01 sys=0.00, real=0.00 secs] 
350.431: Total time for which application threads were stopped: 0.0010290 seconds, Stopping threads took: 0.0000710 seconds
350.538: Application time: 0.1075870 seconds
350.538: [GC [PSYoungGen: 44026K->1792K(43520K)] 74679K->32568K(81408K), 0.0008140 secs] [Times: user=0.00 sys=0.00, real=0.00 secs] 
350.539: Total time for which application threads were stopped: 0.0009660 seconds, Stopping threads took: 0.0000750 seconds
350.643: Application time: 0.1041870 seconds
350.644: [GC [PSYoungGen: 43046K->1280K(43008K)] 73823K->32056K(80896K), 0.0006970 secs] [Times: user=0.00 sys=0.00, real=0.00 secs] 
350.644: Total time for which application threads were stopped: 0.0008230 seconds, Stopping threads took: 0.0000610 seconds
350.742: Application time: 0.0978120 seconds
350.742: [GC [PSYoungGen: 41498K->2816K(42496K)] 72275K->33632K(80384K), 0.0011030 secs] [Times: user=0.01 sys=0.00, real=0.00 secs] 
350.743: Total time for which application threads were stopped: 0.0013860 seconds, Stopping threads took: 0.0002100 seconds
350.843: Application time: 0.0997050 seconds
350.843: [GC [PSYoungGen: 41938K->1760K(40448K)] 72754K->32632K(78336K), 0.0007800 secs] [Times: user=0.00 sys=0.00, real=0.00 secs] 
350.844: Total time for which application threads were stopped: 0.0009310 seconds, Stopping threads took: 0.0000850 seconds
350.940: Application time: 0.0956870 seconds
350.940: [GC [PSYoungGen: 40078K->2880K(40448K)] 70951K->33752K(78336K), 0.0011110 secs] [Times: user=0.00 sys=0.00, real=0.00 secs] 
350.941: Total time for which application threads were stopped: 0.0012810 seconds, Stopping threads took: 0.0000950 seconds
351.034: Application time: 0.0924380 seconds
351.034: [GC [PSYoungGen: 40022K->2272K(38912K)] 70894K->33252K(76800K), 0.0010830 secs] [Times: user=0.01 sys=0.00, real=0.00 secs] 
351.035: Total time for which application threads were stopped: 0.0012510 seconds, Stopping threads took: 0.0000980 seconds
351.124: Application time: 0.0890430 seconds
351.124: [GC [PSYoungGen: 38462K->2304K(38400K)] 69443K->33332K(76288K), 0.0009930 secs] [Times: user=0.00 sys=0.00, real=0.00 secs] 
351.125: Total time for which application threads were stopped: 0.0011670 seconds, Stopping threads took: 0.0000930 seconds
351.214: Application time: 0.0894600 seconds
351.215: [GC [PSYoungGen: 37825K->1792K(38400K)] 68854K->32908K(76288K), 0.0007890 secs] [Times: user=0.00 sys=0.00, real=0.00 secs] 
351.215: Total time for which application threads were stopped: 0.0009430 seconds, Stopping threads took: 0.0000890 seconds
351.301: Application time: 0.0858420 seconds
351.301: [GC [PSYoungGen: 36875K->1760K(36864K)] 67992K->32876K(74752K), 0.0007830 secs] [Times: user=0.00 sys=0.00, real=0.01 secs] 
351.302: Total time for which application threads were stopped: 0.0009090 seconds, Stopping threads took: 0.0000590 seconds
351.388: Application time: 0.0861650 seconds
351.388: [GC [PSYoungGen: 36323K->2816K(37376K)] 67440K->33972K(75264K), 0.0011170 secs] [Times: user=0.01 sys=0.00, real=0.00 secs] 
351.390: Total time for which application threads were stopped: 0.0012660 seconds, Stopping threads took: 0.0000750 seconds
351.476: Application time: 0.0859120 seconds
351.476: [GC [PSYoungGen: 36795K->1792K(35840K)] 67952K->32996K(73728K), 0.0007770 secs] [Times: user=0.00 sys=0.00, real=0.00 secs] 
351.476: Total time for which application threads were stopped: 0.0009090 seconds, Stopping threads took: 0.0000650 seconds
351.559: Application time: 0.0828650 seconds
351.559: [GC [PSYoungGen: 35329K->2304K(36352K)] 66534K->33508K(74240K), 0.0009550 secs] [Times: user=0.01 sys=0.00, real=0.00 secs] 
351.560: Total time for which application threads were stopped: 0.0010980 seconds, Stopping threads took: 0.0000690 seconds
351.642: Application time: 0.0816770 seconds
351.642: [GC [PSYoungGen: 35410K->2320K(35328K)] 66614K->33564K(73216K), 0.0009580 secs] [Times: user=0.01 sys=0.00, real=0.00 secs] 
351.643: Total time for which application threads were stopped: 0.0011280 seconds, Stopping threads took: 0.0000910 seconds
351.724: Application time: 0.0805670 seconds
351.724: [GC [PSYoungGen: 34911K->1792K(35328K)] 66156K->33116K(73216K), 0.0008140 secs] [Times: user=0.00 sys=0.00, real=0.00 secs] 
351.725: Total time for which application threads were stopped: 0.0009340 seconds, Stopping threads took: 0.0000550 seconds
351.804: Application time: 0.0797460 seconds
351.805: [GC [PSYoungGen: 33791K->1280K(33280K)] 65116K->32685K(71168K), 0.0006530 secs] [Times: user=0.01 sys=0.00, real=0.00 secs] 
351.805: Total time for which application threads were stopped: 0.0007840 seconds, Stopping threads took: 0.0000670 seconds
351.881: Application time: 0.0761380 seconds
351.882: [GC [PSYoungGen: 32672K->2304K(34304K)] 64077K->33757K(72192K), 0.0009440 secs] [Times: user=0.00 sys=0.00, real=0.00 secs] 
351.882: Total time for which application threads were stopped: 0.0011150 seconds, Stopping threads took: 0.0001020 seconds
351.959: Application time: 0.0768550 seconds
351.959: [GC [PSYoungGen: 33267K->2304K(34816K)] 64720K->33757K(72704K), 0.0009190 secs] [Times: user=0.00 sys=0.00, real=0.00 secs] 
351.960: Total time for which application threads were stopped: 0.0010550 seconds, Stopping threads took: 0.0000680 seconds
352.038: Application time: 0.0779040 seconds
352.038: [GC [PSYoungGen: 33271K->1792K(32768K)] 64724K->33301K(70656K), 0.0006790 secs] [Times: user=0.00 sys=0.00, real=0.00 secs] 
352.039: Total time for which application threads were stopped: 0.0008150 seconds, Stopping threads took: 0.0000670 seconds
352.115: Application time: 0.0755800 seconds
352.115: [GC [PSYoungGen: 32160K->1728K(32256K)] 63669K->33277K(70144K), 0.0008160 secs] [Times: user=0.00 sys=0.00, real=0.00 secs] 
352.116: Total time for which application threads were stopped: 0.0009540 seconds, Stopping threads took: 0.0000720 seconds
352.191: Application time: 0.0751610 seconds
352.191: [GC [PSYoungGen: 31584K->1280K(31232K)] 63133K->32829K(69120K), 0.0005710 secs] [Times: user=0.00 sys=0.00, real=0.00 secs] 
352.192: Total time for which application threads were stopped: 0.0007130 seconds, Stopping threads took: 0.0000730 seconds
352.264: Application time: 0.0721170 seconds
352.264: [GC [PSYoungGen: 30849K->1792K(31232K)] 62398K->33341K(69120K), 0.0007820 secs] [Times: user=0.01 sys=0.00, real=0.00 secs] 
352.265: Total time for which application threads were stopped: 0.0009140 seconds, Stopping threads took: 0.0000680 seconds
352.337: Application time: 0.0722420 seconds
352.337: [GC [PSYoungGen: 30612K->1760K(30720K)] 62161K->33425K(68608K), 0.0008510 secs] [Times: user=0.00 sys=0.00, real=0.00 secs] 
352.338: Total time for which application threads were stopped: 0.0009910 seconds, Stopping threads took: 0.0000720 seconds
352.408: Application time: 0.0703850 seconds
352.408: [GC [PSYoungGen: 30224K->1280K(29696K)] 61889K->32945K(67584K), 0.0006820 secs] [Times: user=0.00 sys=0.00, real=0.00 secs] 
352.409: Total time for which application threads were stopped: 0.0008080 seconds, Stopping threads took: 0.0000600 seconds
352.476: Application time: 0.0665540 seconds
352.476: [GC [PSYoungGen: 29144K->2816K(32768K)] 60809K->34565K(70656K), 0.0011370 secs] [Times: user=0.00 sys=0.00, real=0.00 secs] 
352.477: Total time for which application threads were stopped: 0.0012800 seconds, Stopping threads took: 0.0000720 seconds
352.550: Application time: 0.0732090 seconds
352.550: [GC [PSYoungGen: 32160K->1760K(33280K)] 63910K->33549K(71168K), 0.0007780 secs] [Times: user=0.00 sys=0.00, real=0.00 secs] 
352.551: Total time for which application threads were stopped: 0.0009110 seconds, Stopping threads took: 0.0000640 seconds
352.623: Application time: 0.0718550 seconds
352.623: [GC [PSYoungGen: 31170K->2304K(39424K)] 62960K->34093K(77312K), 0.0007860 secs] [Times: user=0.00 sys=0.00, real=0.00 secs] 
352.624: Total time for which application threads were stopped: 0.0009300 seconds, Stopping threads took: 0.0000710 seconds
352.714: Application time: 0.0900350 seconds
352.714: [GC [PSYoungGen: 37902K->2272K(39424K)] 69691K->34109K(77312K), 0.0008850 secs] [Times: user=0.01 sys=0.00, real=0.00 secs] 
352.715: Total time for which application threads were stopped: 0.0010310 seconds, Stopping threads took: 0.0000680 seconds
352.803: Application time: 0.0886380 seconds
352.804: [GC [PSYoungGen: 37795K->1280K(36864K)] 69633K->33181K(74752K), 0.0005760 secs] [Times: user=0.00 sys=0.00, real=0.00 secs] 
352.804: Total time for which application threads were stopped: 0.0007120 seconds, Stopping threads took: 0.0000730 seconds
352.891: Application time: 0.0864610 seconds
352.891: [GC [PSYoungGen: 36516K->2336K(37376K)] 68417K->34237K(75264K), 0.0008660 secs] [Times: user=0.01 sys=0.00, real=0.00 secs] 
352.892: Total time for which application threads were stopped: 0.0010030 seconds, Stopping threads took: 0.0000670 seconds
352.977: Application time: 0.0856650 seconds
352.977: [GC [PSYoungGen: 36825K->2816K(37376K)] 68727K->34817K(75264K), 0.0009170 secs] [Times: user=0.00 sys=0.00, real=0.00 secs] 
352.978: Total time for which application threads were stopped: 0.0010630 seconds, Stopping threads took: 0.0000730 seconds
353.067: Application time: 0.0890000 seconds
353.067: [GC [PSYoungGen: 36958K->736K(34816K)] 68959K->32737K(72704K), 0.0005760 secs] [Times: user=0.00 sys=0.00, real=0.00 secs] 
353.068: Total time for which application threads were stopped: 0.0007020 seconds, Stopping threads took: 0.0000640 seconds
353.149: Application time: 0.0811510 seconds
353.149: [GC [PSYoungGen: 34275K->1280K(34816K)] 66277K->33369K(72704K), 0.0007170 secs] [Times: user=0.01 sys=0.00, real=0.00 secs] 
353.150: Total time for which application threads were stopped: 0.0008490 seconds, Stopping threads took: 0.0000630 seconds
353.232: Application time: 0.0823170 seconds
353.233: [GC [PSYoungGen: 34229K->1216K(34304K)] 66319K->33337K(72192K), 0.0007140 secs] [Times: user=0.00 sys=0.00, real=0.00 secs] 
353.233: Total time for which application threads were stopped: 0.0009410 seconds, Stopping threads took: 0.0001500 seconds
353.312: Application time: 0.0790000 seconds
353.312: [GC [PSYoungGen: 33723K->1760K(34304K)] 65845K->33881K(72192K), 0.0007730 secs] [Times: user=0.00 sys=0.00, real=0.00 secs] 
353.313: Total time for which application threads were stopped: 0.0009260 seconds, Stopping threads took: 0.0000850 seconds
353.393: Application time: 0.0795800 seconds
353.393: [GC [PSYoungGen: 33757K->1728K(33792K)] 65878K->33905K(71680K), 0.0007990 secs] [Times: user=0.01 sys=0.00, real=0.01 secs] 
353.394: Total time for which application threads were stopped: 0.0009340 seconds, Stopping threads took: 0.0000690 seconds
353.472: Application time: 0.0784860 seconds
353.472: [GC [PSYoungGen: 33133K->1248K(33280K)] 65310K->33473K(71168K), 0.0006760 secs] [Times: user=0.00 sys=0.00, real=0.00 secs] 
353.473: Total time for which application threads were stopped: 0.0008080 seconds, Stopping threads took: 0.0000660 seconds
353.549: Application time: 0.0760510 seconds
353.549: [GC [PSYoungGen: 32359K->2320K(33792K)] 64585K->34545K(71680K), 0.0009300 secs] [Times: user=0.00 sys=0.00, real=0.00 secs] 
353.550: Total time for which application threads were stopped: 0.0010580 seconds, Stopping threads took: 0.0000590 seconds
353.625: Application time: 0.0744550 seconds
353.625: [GC [PSYoungGen: 32680K->3264K(34304K)] 64906K->35605K(72192K), 0.0013340 secs] [Times: user=0.01 sys=0.00, real=0.00 secs] 
353.626: Total time for which application threads were stopped: 0.0014950 seconds, Stopping threads took: 0.0000830 seconds
353.704: Application time: 0.0774710 seconds
353.704: [GC [PSYoungGen: 33727K->1248K(31744K)] 66069K->33589K(69632K), 0.0005940 secs] [Times: user=0.00 sys=0.00, real=0.00 secs] 
353.704: Total time for which application threads were stopped: 0.0007320 seconds, Stopping threads took: 0.0000760 seconds
353.777: Application time: 0.0723120 seconds
353.777: [GC [PSYoungGen: 31248K->2304K(33792K)] 63590K->34685K(71680K), 0.0009540 secs] [Times: user=0.00 sys=0.00, real=0.00 secs] 
353.778: Total time for which application threads were stopped: 0.0011080 seconds, Stopping threads took: 0.0000740 seconds
353.852: Application time: 0.0739630 seconds
353.852: [GC [PSYoungGen: 32152K->2816K(33792K)] 64534K->35273K(71680K), 0.0010910 secs] [Times: user=0.01 sys=0.00, real=0.00 secs] 
353.853: Total time for which application threads were stopped: 0.0012360 seconds, Stopping threads took: 0.0000720 seconds
353.929: Application time: 0.0758690 seconds
353.929: [GC [PSYoungGen: 32755K->1792K(39424K)] 65213K->34249K(77312K), 0.0007090 secs] [Times: user=0.00 sys=0.00, real=0.00 secs] 
353.930: Total time for which application threads were stopped: 0.0008590 seconds, Stopping threads took: 0.0000840 seconds
354.020: Application time: 0.0905510 seconds
354.020: [GC [PSYoungGen: 37908K->672K(39424K)] 70365K->33177K(77312K), 0.0004730 secs] [Times: user=0.00 sys=0.00, real=0.00 secs] 
354.021: Total time for which application threads were stopped: 0.0006550 seconds, Stopping threads took: 0.0001210 seconds
354.108: Application time: 0.0867380 seconds
354.108: [GC [PSYoungGen: 36185K->2304K(38912K)] 68691K->34849K(76800K), 0.0008980 secs] [Times: user=0.00 sys=0.00, real=0.00 secs] 
354.109: Total time for which application threads were stopped: 0.0010380 seconds, Stopping threads took: 0.0000700 seconds
354.196: Application time: 0.0873650 seconds
354.196: [GC [PSYoungGen: 37390K->1792K(36864K)] 69936K->34337K(74752K), 0.0007660 secs] [Times: user=0.01 sys=0.00, real=0.00 secs] 
354.197: Total time for which application threads were stopped: 0.0009000 seconds, Stopping threads took: 0.0000670 seconds
354.283: Application time: 0.0857390 seconds
354.283: [GC [PSYoungGen: 36439K->1808K(37376K)] 68985K->34402K(75264K), 0.0007750 secs] [Times: user=0.00 sys=0.00, real=0.00 secs] 
354.284: Total time for which application threads were stopped: 0.0009110 seconds, Stopping threads took: 0.0000600 seconds
354.367: Application time: 0.0836060 seconds
354.367: [GC [PSYoungGen: 35781K->2784K(36864K)] 68375K->35450K(74752K), 0.0011490 secs] [Times: user=0.00 sys=0.00, real=0.00 secs] 
354.369: Total time for which application threads were stopped: 0.0013160 seconds, Stopping threads took: 0.0000930 seconds
354.451: Application time: 0.0828460 seconds
354.452: [GC [PSYoungGen: 36484K->2304K(36352K)] 69150K->34970K(74240K), 0.0009260 secs] [Times: user=0.00 sys=0.00, real=0.00 secs] 
354.452: Total time for which application threads were stopped: 0.0010570 seconds, Stopping threads took: 0.0000630 seconds
354.534: Application time: 0.0816240 seconds
354.534: [GC [PSYoungGen: 35249K->2784K(36864K)] 67915K->35558K(74752K), 0.0010470 secs] [Times: user=0.01 sys=0.00, real=0.00 secs] 
354.535: Total time for which application threads were stopped: 0.0011730 seconds, Stopping threads took: 0.0000550 seconds
354.617: Application time: 0.0820840 seconds
354.617: [GC [PSYoungGen: 35811K->2816K(44032K)] 68585K->35590K(81920K), 0.0009230 secs] [Times: user=0.01 sys=0.00, real=0.00 secs] 
354.618: Total time for which application threads were stopped: 0.0010800 seconds, Stopping threads took: 0.0000780 seconds
354.720: Application time: 0.1016120 seconds
354.720: [GC [PSYoungGen: 42530K->1792K(40960K)] 75305K->34614K(78848K), 0.0007360 secs] [Times: user=0.00 sys=0.00, real=0.00 secs] 
354.721: Total time for which application threads were stopped: 0.0008730 seconds, Stopping threads took: 0.0000680 seconds
354.815: Application time: 0.0944340 seconds
354.815: [GC [PSYoungGen: 40394K->2304K(40448K)] 73216K->35182K(78336K), 0.0009210 secs] [Times: user=0.01 sys=0.00, real=0.00 secs] 
354.816: Total time for which application threads were stopped: 0.0010710 seconds, Stopping threads took: 0.0000680 seconds
354.910: Application time: 0.0940320 seconds
354.911: [GC [PSYoungGen: 40112K->2304K(39424K)] 72990K->35182K(77312K), 0.0010280 secs] [Times: user=0.01 sys=0.00, real=0.00 secs] 
354.912: Total time for which application threads were stopped: 0.0012170 seconds, Stopping threads took: 0.0001180 seconds
355.002: Application time: 0.0903130 seconds
355.002: [GC [PSYoungGen: 38851K->2816K(38912K)] 71730K->35810K(76800K), 0.0010200 secs] [Times: user=0.00 sys=0.00, real=0.00 secs] 
355.003: Total time for which application threads were stopped: 0.0011530 seconds, Stopping threads took: 0.0000570 seconds
355.092: Application time: 0.0892890 seconds
355.093: [GC [PSYoungGen: 38572K->2304K(37888K)] 71566K->35298K(75776K), 0.0010230 secs] [Times: user=0.00 sys=0.00, real=0.01 secs] 
355.094: Total time for which application threads were stopped: 0.0011660 seconds, Stopping threads took: 0.0000680 seconds
355.182: Application time: 0.0879890 seconds
355.182: [GC [PSYoungGen: 37313K->1248K(37888K)] 70308K->34346K(75776K), 0.0006670 secs] [Times: user=0.00 sys=0.00, real=0.00 secs] 
355.183: Total time for which application threads were stopped: 0.0009040 seconds, Stopping threads took: 0.0001700 seconds
355.268: Application time: 0.0851140 seconds
355.268: [GC [PSYoungGen: 35816K->1760K(36352K)] 68914K->34858K(74240K), 0.0008170 secs] [Times: user=0.00 sys=0.00, real=0.00 secs] 
355.269: Total time for which application threads were stopped: 0.0017480 seconds, Stopping threads took: 0.0000750 seconds
355.354: Application time: 0.0844040 seconds
355.354: [GC [PSYoungGen: 35815K->1744K(36864K)] 68914K->34898K(74752K), 0.0007640 secs] [Times: user=0.01 sys=0.00, real=0.00 secs] 
355.355: Total time for which application threads were stopped: 0.0009080 seconds, Stopping threads took: 0.0000710 seconds
355.436: Application time: 0.0815830 seconds
355.436: [GC [PSYoungGen: 35205K->2304K(35840K)] 68360K->35514K(73728K), 0.0009470 secs] [Times: user=0.00 sys=0.00, real=0.00 secs] 
355.437: Total time for which application threads were stopped: 0.0011200 seconds, Stopping threads took: 0.0001020 seconds
355.519: Application time: 0.0818290 seconds
355.519: [GC [PSYoungGen: 35331K->2304K(35840K)] 68542K->35514K(73728K), 0.0009530 secs] [Times: user=0.00 sys=0.00, real=0.00 secs] 
355.520: Total time for which application threads were stopped: 0.0010850 seconds, Stopping threads took: 0.0000630 seconds
355.602: Application time: 0.0816610 seconds
355.602: [GC [PSYoungGen: 34898K->1792K(34304K)] 68108K->35050K(72192K), 0.0007970 secs] [Times: user=0.00 sys=0.00, real=0.00 secs] 
355.603: Total time for which application threads were stopped: 0.0009250 seconds, Stopping threads took: 0.0000610 seconds
355.682: Application time: 0.0786870 seconds
355.682: [GC [PSYoungGen: 33709K->1696K(34816K)] 66967K->35042K(72704K), 0.0008430 secs] [Times: user=0.01 sys=0.00, real=0.00 secs] 
355.683: Total time for which application threads were stopped: 0.0016060 seconds, Stopping threads took: 0.0006930 seconds
355.759: Application time: 0.0760000 seconds
355.759: [GC [PSYoungGen: 33327K->2320K(35328K)] 66674K->35666K(73216K), 0.0009670 secs] [Times: user=0.01 sys=0.00, real=0.00 secs] 
355.760: Total time for which application threads were stopped: 0.0011240 seconds, Stopping threads took: 0.0000870 seconds
355.838: Application time: 0.0772260 seconds
355.838: [GC [PSYoungGen: 33723K->2304K(41984K)] 67069K->35774K(79872K), 0.0008080 secs] [Times: user=0.00 sys=0.00, real=0.00 secs] 
355.839: Total time for which application threads were stopped: 0.0009540 seconds, Stopping threads took: 0.0000740 seconds
355.935: Application time: 0.0959990 seconds
355.935: [GC [PSYoungGen: 40478K->768K(38400K)] 73949K->34238K(76288K), 0.0005060 secs] [Times: user=0.00 sys=0.00, real=0.00 secs] 
355.935: Total time for which application threads were stopped: 0.0006400 seconds, Stopping threads took: 0.0000640 seconds
356.025: Application time: 0.0899520 seconds
356.025: [GC [PSYoungGen: 37904K->1792K(38912K)] 71374K->35318K(76800K), 0.0007750 secs] [Times: user=0.00 sys=0.01, real=0.00 secs] 
356.026: Total time for which application threads were stopped: 0.0009050 seconds, Stopping threads took: 0.0000620 seconds
356.116: Application time: 0.0894970 seconds
356.116: [GC [PSYoungGen: 37902K->2304K(38400K)] 71428K->35870K(76288K), 0.0009530 secs] [Times: user=0.01 sys=0.00, real=0.00 secs] 
356.117: Total time for which application threads were stopped: 0.0011880 seconds, Stopping threads took: 0.0001610 seconds
356.207: Application time: 0.0898720 seconds
356.207: [GC [PSYoungGen: 37906K->1280K(38400K)] 71472K->34910K(76288K), 0.0005920 secs] [Times: user=0.00 sys=0.00, real=0.00 secs] 
356.207: Total time for which application threads were stopped: 0.0007220 seconds, Stopping threads took: 0.0000670 seconds
356.290: Application time: 0.0831730 seconds
356.291: [GC [PSYoungGen: 36357K->2816K(37888K)] 69988K->36478K(75776K), 0.0011250 secs] [Times: user=0.00 sys=0.00, real=0.00 secs] 
356.292: Total time for which application threads were stopped: 0.0012690 seconds, Stopping threads took: 0.0000710 seconds
356.380: Application time: 0.0878740 seconds
356.380: [GC [PSYoungGen: 37546K->1792K(37376K)] 71209K->35502K(75264K), 0.0007880 secs] [Times: user=0.00 sys=0.00, real=0.00 secs] 
356.381: Total time for which application threads were stopped: 0.0009150 seconds, Stopping threads took: 0.0000610 seconds
356.465: Application time: 0.0848200 seconds
356.466: [GC [PSYoungGen: 35769K->1760K(35840K)] 69480K->35594K(73728K), 0.0007900 secs] [Times: user=0.00 sys=0.00, real=0.00 secs] 
356.466: Total time for which application threads were stopped: 0.0010270 seconds, Stopping threads took: 0.0001630 seconds
356.549: Application time: 0.0827920 seconds
356.549: [GC [PSYoungGen: 35223K->1792K(36352K)] 69058K->35626K(74240K), 0.0007660 secs] [Times: user=0.00 sys=0.00, real=0.00 secs] 
356.550: Total time for which application threads were stopped: 0.0009070 seconds, Stopping threads took: 0.0000730 seconds
356.632: Application time: 0.0814240 seconds
356.632: [GC [PSYoungGen: 34811K->2816K(35840K)] 68646K->36650K(73728K), 0.0011200 secs] [Times: user=0.00 sys=0.00, real=0.00 secs] 
356.633: Total time for which application threads were stopped: 0.0012560 seconds, Stopping threads took: 0.0000640 seconds
356.712: Application time: 0.0795270 seconds
356.712: [GC [PSYoungGen: 35325K->3328K(35840K)] 69160K->37203K(73728K), 0.0013460 secs] [Times: user=0.00 sys=0.00, real=0.01 secs] 
356.714: Total time for which application threads were stopped: 0.0015000 seconds, Stopping threads took: 0.0000750 seconds
356.795: Application time: 0.0808960 seconds
356.795: [GC [PSYoungGen: 35332K->2304K(36352K)] 69206K->36227K(74240K), 0.0009480 secs] [Times: user=0.01 sys=0.00, real=0.00 secs] 
356.796: Total time for which application threads were stopped: 0.0010950 seconds, Stopping threads took: 0.0000790 seconds
356.873: Application time: 0.0774430 seconds
356.873: [GC [PSYoungGen: 34295K->2816K(41984K)] 68218K->36787K(79872K), 0.0010050 secs] [Times: user=0.00 sys=0.00, real=0.01 secs] 
356.874: Total time for which application threads were stopped: 0.0011380 seconds, Stopping threads took: 0.0000580 seconds
356.969: Application time: 0.0949980 seconds
356.970: [GC [PSYoungGen: 40984K->2752K(42496K)] 74955K->36763K(80384K), 0.0013400 secs] [Times: user=0.01 sys=0.00, real=0.00 secs] 
356.971: Total time for which application threads were stopped: 0.0015280 seconds, Stopping threads took: 0.0000720 seconds
357.068: Application time: 0.0966390 seconds
357.068: [GC [PSYoungGen: 41083K->1280K(50176K)] 75094K->35347K(88064K), 0.0006420 secs] [Times: user=0.00 sys=0.00, real=0.00 secs] 
357.068: Total time for which application threads were stopped: 0.0007780 seconds, Stopping threads took: 0.0000680 seconds
357.181: Application time: 0.1121760 seconds
357.181: [GC [PSYoungGen: 47078K->1792K(47104K)] 81146K->35975K(84992K), 0.0006850 secs] [Times: user=0.00 sys=0.00, real=0.00 secs] 
357.181: Total time for which application threads were stopped: 0.0008180 seconds, Stopping threads took: 0.0000650 seconds
357.291: Application time: 0.1094650 seconds
357.291: [GC [PSYoungGen: 46649K->1280K(47104K)] 80832K->35463K(84992K), 0.0005950 secs] [Times: user=0.00 sys=0.00, real=0.00 secs] 
357.292: Total time for which application threads were stopped: 0.0007950 seconds, Stopping threads took: 0.0001360 seconds
357.398: Application time: 0.1064450 seconds
357.398: [GC [PSYoungGen: 45181K->1280K(44544K)] 79364K->35503K(82432K), 0.0006450 secs] [Times: user=0.00 sys=0.00, real=0.00 secs] 
357.399: Total time for which application threads were stopped: 0.0008030 seconds, Stopping threads took: 0.0000940 seconds
357.503: Application time: 0.1042670 seconds
357.503: [GC [PSYoungGen: 43992K->2304K(44544K)] 78215K->36615K(82432K), 0.0009110 secs] [Times: user=0.00 sys=0.00, real=0.00 secs] 
357.504: Total time for which application threads were stopped: 0.0010620 seconds, Stopping threads took: 0.0000710 seconds
357.606: Application time: 0.1018670 seconds
357.606: [GC [PSYoungGen: 44149K->2304K(43520K)] 78460K->36615K(81408K), 0.0010240 secs] [Times: user=0.01 sys=0.00, real=0.00 secs] 
357.607: Total time for which application threads were stopped: 0.0011560 seconds, Stopping threads took: 0.0000620 seconds
357.709: Application time: 0.1021740 seconds
357.709: [GC [PSYoungGen: 43198K->2336K(42496K)] 77510K->36723K(80384K), 0.0010510 secs] [Times: user=0.01 sys=0.00, real=0.00 secs] 
357.711: Total time for which application threads were stopped: 0.0011880 seconds, Stopping threads took: 0.0000660 seconds
357.810: Application time: 0.0993210 seconds
357.810: [GC [PSYoungGen: 41972K->1216K(40448K)] 76359K->35723K(78336K), 0.0006960 secs] [Times: user=0.01 sys=0.00, real=0.00 secs] 
357.811: Total time for which application threads were stopped: 0.0008270 seconds, Stopping threads took: 0.0000650 seconds
357.905: Application time: 0.0939090 seconds
357.905: [GC [PSYoungGen: 39814K->2816K(41472K)] 74321K->37323K(79360K), 0.0010860 secs] [Times: user=0.01 sys=0.00, real=0.00 secs] 
357.906: Total time for which application threads were stopped: 0.0012260 seconds, Stopping threads took: 0.0000640 seconds
357.999: Application time: 0.0929120 seconds
357.999: [GC [PSYoungGen: 40470K->2784K(39936K)] 74977K->37291K(77824K), 0.0011430 secs] [Times: user=0.00 sys=0.00, real=0.00 secs] 
358.000: Total time for which application threads were stopped: 0.0012830 seconds, Stopping threads took: 0.0000600 seconds
358.093: Application time: 0.0931700 seconds
358.093: [GC [PSYoungGen: 39496K->768K(38912K)] 74004K->35339K(76800K), 0.0005320 secs] [Times: user=0.00 sys=0.00, real=0.01 secs] 
358.094: Total time for which application threads were stopped: 0.0007580 seconds, Stopping threads took: 0.0001570 seconds
358.180: Application time: 0.0863900 seconds
358.180: [GC [PSYoungGen: 36283K->1728K(37376K)] 70855K->36371K(75264K), 0.0009260 secs] [Times: user=0.01 sys=0.00, real=0.01 secs] 
358.181: Total time for which application threads were stopped: 0.0010880 seconds, Stopping threads took: 0.0000870 seconds
358.267: Application time: 0.0853810 seconds
358.267: [GC [PSYoungGen: 36885K->2304K(38400K)] 71529K->36947K(76288K), 0.0009580 secs] [Times: user=0.01 sys=0.00, real=0.00 secs] 
358.268: Total time for which application threads were stopped: 0.0011640 seconds, Stopping threads took: 0.0001380 seconds
358.355: Application time: 0.0866010 seconds
358.355: [GC [PSYoungGen: 36956K->1280K(35840K)] 71600K->36003K(73728K), 0.0006990 secs] [Times: user=0.00 sys=0.00, real=0.00 secs] 
358.355: Total time for which application threads were stopped: 0.0008550 seconds, Stopping threads took: 0.0000920 seconds
358.439: Application time: 0.0839540 seconds
358.440: [GC [PSYoungGen: 35335K->1792K(36352K)] 70059K->36595K(74240K), 0.0008470 secs] [Times: user=0.00 sys=0.00, real=0.00 secs] 
358.440: Total time for which application threads were stopped: 0.0009890 seconds, Stopping threads took: 0.0000750 seconds
358.524: Application time: 0.0835230 seconds
358.524: [GC [PSYoungGen: 35253K->2304K(35840K)] 70057K->37163K(73728K), 0.0010230 secs] [Times: user=0.00 sys=0.00, real=0.00 secs] 
358.525: Total time for which application threads were stopped: 0.0011740 seconds, Stopping threads took: 0.0000710 seconds
358.608: Application time: 0.0826850 seconds
358.608: [GC [PSYoungGen: 35333K->1792K(35840K)] 70193K->36651K(73728K), 0.0008300 secs] [Times: user=0.00 sys=0.00, real=0.00 secs] 
358.609: Total time for which application threads were stopped: 0.0010900 seconds, Stopping threads took: 0.0001890 seconds
358.691: Application time: 0.0824950 seconds
358.692: [GC [PSYoungGen: 34388K->768K(33280K)] 69247K->35675K(71168K), 0.0005300 secs] [Times: user=0.00 sys=0.00, real=0.00 secs] 
358.692: Total time for which application threads were stopped: 0.0006700 seconds, Stopping threads took: 0.0000800 seconds
358.767: Application time: 0.0747050 seconds
358.767: [GC [PSYoungGen: 32664K->3328K(35328K)] 67572K->38303K(73216K), 0.0013160 secs] [Times: user=0.01 sys=0.00, real=0.00 secs] 
358.768: Total time for which application threads were stopped: 0.0014600 seconds, Stopping threads took: 0.0000710 seconds
358.849: Application time: 0.0805680 seconds
358.849: [GC [PSYoungGen: 34741K->1792K(33280K)] 69717K->36767K(71168K), 0.0007550 secs] [Times: user=0.01 sys=0.00, real=0.00 secs] 
358.850: Total time for which application threads were stopped: 0.0008910 seconds, Stopping threads took: 0.0000680 seconds
358.924: Application time: 0.0747790 seconds
358.925: [GC [PSYoungGen: 32822K->3360K(35328K)] 67798K->38335K(73216K), 0.0013340 secs] [Times: user=0.01 sys=0.00, real=0.00 secs] 
358.926: Total time for which application threads were stopped: 0.0014780 seconds, Stopping threads took: 0.0000700 seconds
359.004: Application time: 0.0777010 seconds
359.004: [GC [PSYoungGen: 34335K->1728K(35328K)] 69311K->36787K(73216K), 0.0007460 secs] [Times: user=0.01 sys=0.00, real=0.00 secs] 
359.005: Total time for which application threads were stopped: 0.0008700 seconds, Stopping threads took: 0.0000590 seconds
359.082: Application time: 0.0772850 seconds
359.082: [GC [PSYoungGen: 32769K->1744K(41984K)] 67829K->36843K(79872K), 0.0006790 secs] [Times: user=0.01 sys=0.00, real=0.00 secs] 
359.083: Total time for which application threads were stopped: 0.0008780 seconds, Stopping threads took: 0.0001320 seconds
359.176: Application time: 0.0931160 seconds
359.176: [GC [PSYoungGen: 39322K->1248K(38400K)] 74422K->36436K(76288K), 0.0006130 secs] [Times: user=0.00 sys=0.00, real=0.00 secs] 
359.177: Total time for which application threads were stopped: 0.0007470 seconds, Stopping threads took: 0.0000600 seconds
359.267: Application time: 0.0899480 seconds
359.267: [GC [PSYoungGen: 37871K->1792K(37888K)] 73059K->36980K(75776K), 0.0007580 secs] [Times: user=0.01 sys=0.00, real=0.00 secs] 
359.267: Total time for which application threads were stopped: 0.0009020 seconds, Stopping threads took: 0.0000750 seconds
359.355: Application time: 0.0874720 seconds
359.355: [GC [PSYoungGen: 37466K->2304K(37888K)] 72654K->37540K(75776K), 0.0009700 secs] [Times: user=0.00 sys=0.00, real=0.00 secs] 
359.356: Total time for which application threads were stopped: 0.0011090 seconds, Stopping threads took: 0.0000660 seconds
359.442: Application time: 0.0859200 seconds
359.442: [GC [PSYoungGen: 37307K->2816K(38400K)] 72543K->38128K(76288K), 0.0010400 secs] [Times: user=0.01 sys=0.00, real=0.00 secs] 
359.443: Total time for which application threads were stopped: 0.0011820 seconds, Stopping threads took: 0.0000660 seconds
359.531: Application time: 0.0882470 seconds
359.531: [GC [PSYoungGen: 37394K->768K(35328K)] 72706K->36080K(73216K), 0.0004840 secs] [Times: user=0.01 sys=0.00, real=0.00 secs] 
359.532: Total time for which application threads were stopped: 0.0006030 seconds, Stopping threads took: 0.0000590 seconds
359.614: Application time: 0.0823090 seconds
359.614: [GC [PSYoungGen: 34813K->2816K(37376K)] 70125K->38176K(75264K), 0.0011240 secs] [Times: user=0.01 sys=0.00, real=0.00 secs] 
359.616: Total time for which application threads were stopped: 0.0012960 seconds, Stopping threads took: 0.0000990 seconds
359.702: Application time: 0.0859690 seconds
359.702: [GC [PSYoungGen: 36520K->1280K(34816K)] 71880K->36696K(72704K), 0.0006740 secs] [Times: user=0.00 sys=0.00, real=0.00 secs] 
359.702: Total time for which application threads were stopped: 0.0007980 seconds, Stopping threads took: 0.0000500 seconds
359.782: Application time: 0.0800670 seconds
359.783: [GC [PSYoungGen: 34221K->2304K(36352K)] 69637K->37836K(74240K), 0.0009830 secs] [Times: user=0.01 sys=0.00, real=0.00 secs] 
359.784: Total time for which application threads were stopped: 0.0011220 seconds, Stopping threads took: 0.0000690 seconds
359.864: Application time: 0.0803100 seconds
359.864: [GC [PSYoungGen: 34729K->3328K(36864K)] 70261K->38860K(74752K), 0.0012720 secs] [Times: user=0.00 sys=0.00, real=0.00 secs] 
359.865: Total time for which application threads were stopped: 0.0014170 seconds, Stopping threads took: 0.0000710 seconds
359.947: Application time: 0.0816050 seconds
359.947: [GC [PSYoungGen: 35846K->2304K(43520K)] 71378K->37836K(81408K), 0.0007820 secs] [Times: user=0.00 sys=0.00, real=0.00 secs] 
359.948: Total time for which application threads were stopped: 0.0009200 seconds, Stopping threads took: 0.0000700 seconds
360.047: Application time: 0.0994740 seconds
360.047: [GC [PSYoungGen: 41587K->224K(38912K)] 77119K->35804K(76800K), 0.0004270 secs] [Times: user=0.00 sys=0.00, real=0.00 secs] 
360.048: Total time for which application threads were stopped: 0.0005370 seconds, Stopping threads took: 0.0000530 seconds
360.143: Application time: 0.0950690 seconds
360.143: [GC [PSYoungGen: 38312K->768K(39936K)] 73892K->36420K(77824K), 0.0005290 secs] [Times: user=0.01 sys=0.00, real=0.00 secs] 
360.144: Total time for which application threads were stopped: 0.0006510 seconds, Stopping threads took: 0.0000620 seconds
360.234: Application time: 0.0901940 seconds
360.234: [GC [PSYoungGen: 37982K->1792K(38400K)] 73634K->37444K(76288K), 0.0008150 secs] [Times: user=0.00 sys=0.00, real=0.00 secs] 
360.235: Total time for which application threads were stopped: 0.0009520 seconds, Stopping threads took: 0.0000610 seconds
360.323: Application time: 0.0880280 seconds
360.323: [GC [PSYoungGen: 37821K->2816K(39424K)] 73474K->38540K(77312K), 0.0010450 secs] [Times: user=0.00 sys=0.00, real=0.00 secs] 
360.324: Total time for which application threads were stopped: 0.0011950 seconds, Stopping threads took: 0.0000730 seconds
360.415: Application time: 0.0912380 seconds
360.415: [GC [PSYoungGen: 38578K->768K(36352K)] 74302K->36492K(74240K), 0.0004990 secs] [Times: user=0.00 sys=0.00, real=0.00 secs] 
360.416: Total time for which application threads were stopped: 0.0006140 seconds, Stopping threads took: 0.0000540 seconds
360.503: Application time: 0.0867580 seconds
360.503: [GC [PSYoungGen: 35767K->2304K(38400K)] 71492K->38144K(76288K), 0.0009690 secs] [Times: user=0.00 sys=0.00, real=0.00 secs] 
360.504: Total time for which application threads were stopped: 0.0011170 seconds, Stopping threads took: 0.0000750 seconds
360.589: Application time: 0.0858390 seconds
360.590: [GC [PSYoungGen: 36877K->1280K(35840K)] 72718K->37120K(73728K), 0.0007310 secs] [Times: user=0.00 sys=0.00, real=0.00 secs] 
360.590: Total time for which application threads were stopped: 0.0009250 seconds, Stopping threads took: 0.0001290 seconds
360.675: Application time: 0.0841850 seconds
360.675: [GC [PSYoungGen: 35413K->1264K(37376K)] 71254K->37152K(75264K), 0.0006460 secs] [Times: user=0.01 sys=0.00, real=0.00 secs] 
360.675: Total time for which application threads were stopped: 0.0007710 seconds, Stopping threads took: 0.0000590 seconds
360.758: Application time: 0.0825960 seconds
360.758: [GC [PSYoungGen: 34725K->1760K(35328K)] 70614K->37736K(73216K), 0.0008680 secs] [Times: user=0.00 sys=0.00, real=0.00 secs] 
360.759: Total time for which application threads were stopped: 0.0010240 seconds, Stopping threads took: 0.0000730 seconds
360.841: Application time: 0.0816040 seconds
360.841: [GC [PSYoungGen: 34709K->1792K(35840K)] 70686K->37768K(73728K), 0.0007700 secs] [Times: user=0.00 sys=0.01, real=0.01 secs] 
360.842: Total time for which application threads were stopped: 0.0009200 seconds, Stopping threads took: 0.0000730 seconds
360.921: Application time: 0.0795240 seconds
360.921: [GC [PSYoungGen: 34377K->2304K(34816K)] 70354K->38280K(72704K), 0.0009610 secs] [Times: user=0.00 sys=0.00, real=0.01 secs] 
360.922: Total time for which application threads were stopped: 0.0011010 seconds, Stopping threads took: 0.0000680 seconds
361.004: Application time: 0.0813870 seconds
361.004: [GC [PSYoungGen: 34303K->1792K(34816K)] 70280K->37864K(72704K), 0.0007920 secs] [Times: user=0.01 sys=0.00, real=0.00 secs] 
361.005: Total time for which application threads were stopped: 0.0009970 seconds, Stopping threads took: 0.0001390 seconds
361.082: Application time: 0.0772000 seconds
361.082: [GC [PSYoungGen: 33345K->2304K(33792K)] 69418K->38424K(71680K), 0.0009850 secs] [Times: user=0.01 sys=0.00, real=0.00 secs] 
361.083: Total time for which application threads were stopped: 0.0011200 seconds, Stopping threads took: 0.0000630 seconds
361.162: Application time: 0.0788710 seconds
361.162: [GC [PSYoungGen: 33193K->1792K(33792K)] 69313K->37992K(71680K), 0.0008010 secs] [Times: user=0.01 sys=0.00, real=0.00 secs] 
361.163: Total time for which application threads were stopped: 0.0009310 seconds, Stopping threads took: 0.0000620 seconds
361.237: Application time: 0.0746620 seconds
361.237: [GC [PSYoungGen: 32234K->2304K(34304K)] 68435K->38504K(72192K), 0.0009450 secs] [Times: user=0.01 sys=0.00, real=0.00 secs] 
361.238: Total time for which application threads were stopped: 0.0011070 seconds, Stopping threads took: 0.0000880 seconds
361.314: Application time: 0.0755570 seconds
361.314: [GC [PSYoungGen: 32750K->2304K(40448K)] 68951K->38560K(78336K), 0.0009100 secs] [Times: user=0.01 sys=0.00, real=0.00 secs] 
361.315: Total time for which application threads were stopped: 0.0010530 seconds, Stopping threads took: 0.0000640 seconds
361.405: Application time: 0.0901450 seconds
361.405: [GC [PSYoungGen: 38928K->2784K(40448K)] 75185K->39080K(78336K), 0.0010320 secs] [Times: user=0.00 sys=0.00, real=0.00 secs] 
361.406: Total time for which application threads were stopped: 0.0011860 seconds, Stopping threads took: 0.0000810 seconds
361.497: Application time: 0.0904140 seconds
361.497: [GC [PSYoungGen: 39330K->3328K(47616K)] 75626K->39664K(85504K), 0.0011030 secs] [Times: user=0.00 sys=0.01, real=0.00 secs] 
361.498: Total time for which application threads were stopped: 0.0012550 seconds, Stopping threads took: 0.0000740 seconds
361.608: Application time: 0.1096330 seconds
361.608: [GC [PSYoungGen: 47233K->2304K(45568K)] 83570K->38640K(83456K), 0.0008220 secs] [Times: user=0.01 sys=0.00, real=0.00 secs] 
361.609: Total time for which application threads were stopped: 0.0009610 seconds, Stopping threads took: 0.0000700 seconds
361.713: Application time: 0.1043780 seconds
361.713: [GC [PSYoungGen: 45255K->2320K(44544K)] 81592K->38733K(82432K), 0.0010240 secs] [Times: user=0.00 sys=0.00, real=0.01 secs] 
361.714: Total time for which application threads were stopped: 0.0011600 seconds, Stopping threads took: 0.0000610 seconds
361.816: Application time: 0.1020180 seconds
361.816: [GC [PSYoungGen: 44006K->2752K(44032K)] 80419K->39277K(81920K), 0.0012080 secs] [Times: user=0.00 sys=0.00, real=0.00 secs] 
361.818: Total time for which application threads were stopped: 0.0014560 seconds, Stopping threads took: 0.0001600 seconds
361.917: Application time: 0.0996830 seconds
361.917: [GC [PSYoungGen: 43569K->2832K(45056K)] 80094K->39357K(82944K), 0.0010730 secs] [Times: user=0.01 sys=0.00, real=0.00 secs] 
361.919: Total time for which application threads were stopped: 0.0012140 seconds, Stopping threads took: 0.0000630 seconds
362.023: Application time: 0.1041190 seconds
362.023: [GC [PSYoungGen: 44086K->2272K(43008K)] 80611K->38885K(80896K), 0.0010200 secs] [Times: user=0.00 sys=0.00, real=0.00 secs] 
362.024: Total time for which application threads were stopped: 0.0011580 seconds, Stopping threads took: 0.0000650 seconds
362.124: Application time: 0.1002230 seconds
362.124: [GC [PSYoungGen: 42422K->1248K(43008K)] 79035K->37917K(80896K), 0.0006210 secs] [Times: user=0.01 sys=0.00, real=0.00 secs] 
362.125: Total time for which application threads were stopped: 0.0007410 seconds, Stopping threads took: 0.0000560 seconds
362.220: Application time: 0.0948400 seconds
362.220: [GC [PSYoungGen: 40516K->2800K(41472K)] 77185K->39469K(79360K), 0.0011420 secs] [Times: user=0.01 sys=0.00, real=0.00 secs] 
362.221: Total time for which application threads were stopped: 0.0012760 seconds, Stopping threads took: 0.0000620 seconds
362.317: Application time: 0.0958000 seconds
362.318: [GC [PSYoungGen: 40892K->2304K(39936K)] 77561K->39053K(77824K), 0.0010110 secs] [Times: user=0.01 sys=0.00, real=0.00 secs] 
362.319: Total time for which application threads were stopped: 0.0018380 seconds, Stopping threads took: 0.0007480 seconds
362.409: Application time: 0.0900020 seconds
362.409: [GC [PSYoungGen: 39598K->2864K(39424K)] 76347K->39613K(77312K), 0.0011520 secs] [Times: user=0.01 sys=0.00, real=0.00 secs] 
362.410: Total time for which application threads were stopped: 0.0013000 seconds, Stopping threads took: 0.0000740 seconds
362.501: Application time: 0.0908180 seconds
362.501: [GC [PSYoungGen: 38900K->2272K(40960K)] 75649K->39125K(78848K), 0.0009840 secs] [Times: user=0.01 sys=0.00, real=0.01 secs] 
362.502: Total time for which application threads were stopped: 0.0011410 seconds, Stopping threads took: 0.0000850 seconds
362.595: Application time: 0.0929880 seconds
362.595: [GC [PSYoungGen: 39492K->1792K(38400K)] 76345K->38645K(76288K), 0.0008070 secs] [Times: user=0.01 sys=0.00, real=0.00 secs] 
362.596: Total time for which application threads were stopped: 0.0009370 seconds, Stopping threads took: 0.0000640 seconds
362.684: Application time: 0.0882110 seconds
362.684: [GC [PSYoungGen: 37904K->1792K(38912K)] 74757K->38721K(76800K), 0.0008160 secs] [Times: user=0.01 sys=0.00, real=0.00 secs] 
362.685: Total time for which application threads were stopped: 0.0009460 seconds, Stopping threads took: 0.0000600 seconds
362.773: Application time: 0.0879630 seconds
362.773: [GC [PSYoungGen: 37313K->1280K(36864K)] 74243K->38265K(74752K), 0.0006740 secs] [Times: user=0.00 sys=0.00, real=0.01 secs] 
362.774: Total time for which application threads were stopped: 0.0007990 seconds, Stopping threads took: 0.0000630 seconds
362.859: Application time: 0.0854850 seconds
362.859: [GC [PSYoungGen: 36281K->2272K(37888K)] 73267K->39257K(75776K), 0.0009310 secs] [Times: user=0.00 sys=0.00, real=0.00 secs] 
362.860: Total time for which application threads were stopped: 0.0010760 seconds, Stopping threads took: 0.0000630 seconds
362.945: Application time: 0.0847110 seconds
362.945: [GC [PSYoungGen: 36918K->2848K(37376K)] 73903K->39833K(75264K), 0.0011740 secs] [Times: user=0.01 sys=0.00, real=0.00 secs] 
362.946: Total time for which application threads were stopped: 0.0013230 seconds, Stopping threads took: 0.0000720 seconds
363.030: Application time: 0.0834320 seconds
363.030: [GC [PSYoungGen: 37060K->2880K(37376K)] 74046K->39945K(75264K), 0.0012010 secs] [Times: user=0.00 sys=0.00, real=0.00 secs] 
363.031: Total time for which application threads were stopped: 0.0013600 seconds, Stopping threads took: 0.0000850 seconds
363.117: Application time: 0.0856640 seconds
363.117: [GC [PSYoungGen: 36349K->768K(34304K)] 73415K->37961K(72192K), 0.0004960 secs] [Times: user=0.00 sys=0.00, real=0.00 secs] 
363.117: Total time for which application threads were stopped: 0.0006200 seconds, Stopping threads took: 0.0000650 seconds
363.197: Application time: 0.0793490 seconds
363.197: [GC [PSYoungGen: 33859K->2304K(36352K)] 71052K->39497K(74240K), 0.0009820 secs] [Times: user=0.01 sys=0.00, real=0.00 secs] 
363.198: Total time for which application threads were stopped: 0.0011310 seconds, Stopping threads took: 0.0000770 seconds
363.278: Application time: 0.0800550 seconds
363.278: [GC [PSYoungGen: 34735K->2816K(36864K)] 71929K->40089K(74752K), 0.0011410 secs] [Times: user=0.01 sys=0.00, real=0.00 secs] 
363.279: Total time for which application threads were stopped: 0.0013040 seconds, Stopping threads took: 0.0000840 seconds
363.359: Application time: 0.0797870 seconds
363.359: [GC [PSYoungGen: 35327K->2816K(43520K)] 72601K->40089K(81408K), 0.0009450 secs] [Times: user=0.00 sys=0.00, real=0.00 secs] 
363.360: Total time for which application threads were stopped: 0.0010950 seconds, Stopping threads took: 0.0000760 seconds
363.459: Application time: 0.0985420 seconds
363.459: [GC [PSYoungGen: 41940K->1216K(39936K)] 79214K->38529K(77824K), 0.0006200 secs] [Times: user=0.00 sys=0.00, real=0.00 secs] 
363.459: Total time for which application threads were stopped: 0.0007720 seconds, Stopping threads took: 0.0000790 seconds
363.552: Application time: 0.0928820 seconds
363.552: [GC [PSYoungGen: 39382K->1792K(40448K)] 76695K->39105K(78336K), 0.0007150 secs] [Times: user=0.00 sys=0.00, real=0.00 secs] 
363.553: Total time for which application threads were stopped: 0.0008530 seconds, Stopping threads took: 0.0000690 seconds
363.647: Application time: 0.0936120 seconds
363.647: [GC [PSYoungGen: 39012K->1280K(37888K)] 76326K->38657K(75776K), 0.0006870 secs] [Times: user=0.00 sys=0.00, real=0.00 secs] 
363.648: Total time for which application threads were stopped: 0.0008090 seconds, Stopping threads took: 0.0000550 seconds
363.736: Application time: 0.0886070 seconds
363.736: [GC [PSYoungGen: 37466K->2320K(39424K)] 74844K->39785K(77312K), 0.0008940 secs] [Times: user=0.00 sys=0.00, real=0.00 secs] 
363.737: Total time for which application threads were stopped: 0.0010290 seconds, Stopping threads took: 0.0000590 seconds
363.825: Application time: 0.0881690 seconds
363.826: [GC [PSYoungGen: 37918K->2304K(37888K)] 75383K->39845K(75776K), 0.0009810 secs] [Times: user=0.01 sys=0.00, real=0.00 secs] 
363.827: Total time for which application threads were stopped: 0.0011220 seconds, Stopping threads took: 0.0000720 seconds
363.915: Application time: 0.0886270 seconds
363.915: [GC [PSYoungGen: 37390K->1792K(37376K)] 74931K->39381K(75264K), 0.0008380 secs] [Times: user=0.01 sys=0.00, real=0.00 secs] 
363.916: Total time for which application threads were stopped: 0.0009680 seconds, Stopping threads took: 0.0000610 seconds
363.999: Application time: 0.0830970 seconds
363.999: [GC [PSYoungGen: 36358K->2784K(37888K)] 73947K->40413K(75776K), 0.0011730 secs] [Times: user=0.00 sys=0.00, real=0.00 secs] 
364.001: Total time for which application threads were stopped: 0.0013310 seconds, Stopping threads took: 0.0000740 seconds
364.088: Application time: 0.0872640 seconds
364.088: [GC [PSYoungGen: 36765K->1792K(36352K)] 74395K->39485K(74240K), 0.0007990 secs] [Times: user=0.00 sys=0.00, real=0.00 secs] 
364.089: Total time for which application threads were stopped: 0.0009250 seconds, Stopping threads took: 0.0000590 seconds
364.171: Application time: 0.0825550 seconds
364.171: [GC [PSYoungGen: 35253K->2304K(35840K)] 72947K->39998K(73728K), 0.0009270 secs] [Times: user=0.00 sys=0.00, real=0.00 secs] 
364.172: Total time for which application threads were stopped: 0.0010680 seconds, Stopping threads took: 0.0000710 seconds
364.254: Application time: 0.0817810 seconds
364.254: [GC [PSYoungGen: 35411K->1792K(35840K)] 73105K->39485K(73728K), 0.0008180 secs] [Times: user=0.01 sys=0.00, real=0.00 secs] 
364.255: Total time for which application threads were stopped: 0.0009520 seconds, Stopping threads took: 0.0000670 seconds
364.335: Application time: 0.0797660 seconds
364.335: [GC [PSYoungGen: 34303K->1760K(34304K)] 71997K->39534K(72192K), 0.0007970 secs] [Times: user=0.00 sys=0.00, real=0.00 secs] 
364.336: [Full GC [PSYoungGen: 1760K->0K(34304K)] [ParOldGen: 37774K->8269K(37376K)] 39534K->8269K(71680K) [PSPermGen: 5186K->5186K(21504K)], 0.0055630 secs] [Times: user=0.03 sys=0.00, real=0.01 secs] 
364.342: Total time for which application threads were stopped: 0.0066330 seconds, Stopping threads took: 0.0001600 seconds
364.422: Application time: 0.0806570 seconds
364.422: [GC [PSYoungGen: 32077K->1280K(34816K)] 40346K->9549K(72192K), 0.0006300 secs] [Times: user=0.00 sys=0.00, real=0.00 secs] 
364.423: Total time for which application threads were stopped: 0.0007500 seconds, Stopping threads took: 0.0000600 seconds
364.499: Application time: 0.0759610 seconds
364.499: [GC [PSYoungGen: 32746K->2816K(34304K)] 41015K->11149K(71680K), 0.0011150 secs] [Times: user=0.01 sys=0.00, real=0.00 secs] 
364.500: Total time for which application threads were stopped: 0.0012530 seconds, Stopping threads took: 0.0000670 seconds
364.577: Application time: 0.0769760 seconds
364.577: [GC [PSYoungGen: 33779K->2304K(34816K)] 42112K->10693K(72192K), 0.0009180 secs] [Times: user=0.00 sys=0.00, real=0.00 secs] 
364.578: Total time for which application threads were stopped: 0.0011350 seconds, Stopping threads took: 0.0001430 seconds
364.655: Application time: 0.0770420 seconds
364.656: [GC [PSYoungGen: 33197K->1760K(32768K)] 41586K->10205K(70144K), 0.0007270 secs] [Times: user=0.00 sys=0.00, real=0.00 secs] 
364.656: Total time for which application threads were stopped: 0.0010140 seconds, Stopping threads took: 0.0002220 seconds
364.731: Application time: 0.0746570 seconds
364.731: [GC [PSYoungGen: 32198K->2784K(34304K)] 40643K->11229K(71680K), 0.0010900 secs] [Times: user=0.01 sys=0.00, real=0.00 secs] 
364.732: Total time for which application threads were stopped: 0.0012470 seconds, Stopping threads took: 0.0000890 seconds
364.811: Application time: 0.0784340 seconds
364.811: [GC [PSYoungGen: 33165K->1248K(31744K)] 41610K->9757K(69120K), 0.0005750 secs] [Times: user=0.01 sys=0.00, real=0.00 secs] 
364.811: Total time for which application threads were stopped: 0.0007070 seconds, Stopping threads took: 0.0000680 seconds
364.883: Application time: 0.0719380 seconds
364.883: [GC [PSYoungGen: 31092K->2304K(33792K)] 39601K->10813K(71168K), 0.0008680 secs] [Times: user=0.01 sys=0.00, real=0.00 secs] 
364.884: Total time for which application threads were stopped: 0.0010210 seconds, Stopping threads took: 0.0000850 seconds
364.958: Application time: 0.0738050 seconds
364.958: [GC [PSYoungGen: 32387K->2848K(33792K)] 40896K->11357K(71168K), 0.0010680 secs] [Times: user=0.00 sys=0.00, real=0.00 secs] 
364.959: Total time for which application threads were stopped: 0.0012110 seconds, Stopping threads took: 0.0000720 seconds
365.033: Application time: 0.0741130 seconds
365.034: [GC [PSYoungGen: 32857K->2816K(40448K)] 41366K->11433K(77824K), 0.0009360 secs] [Times: user=0.00 sys=0.00, real=0.00 secs] 
365.035: Total time for which application threads were stopped: 0.0010900 seconds, Stopping threads took: 0.0000790 seconds
365.123: Application time: 0.0887610 seconds
365.123: [GC [PSYoungGen: 38926K->2816K(40448K)] 47543K->11505K(77824K), 0.0010220 secs] [Times: user=0.00 sys=0.00, real=0.00 secs] 
365.125: Total time for which application threads were stopped: 0.0011980 seconds, Stopping threads took: 0.0000950 seconds
365.215: Application time: 0.0904860 seconds
365.215: [GC [PSYoungGen: 38932K->2304K(48128K)] 47621K->11049K(85504K), 0.0007560 secs] [Times: user=0.00 sys=0.00, real=0.00 secs] 
365.216: Total time for which application threads were stopped: 0.0008910 seconds, Stopping threads took: 0.0000670 seconds
365.324: Application time: 0.1079970 seconds
365.324: [GC [PSYoungGen: 46048K->2304K(45568K)] 54794K->11097K(82944K), 0.0007900 secs] [Times: user=0.01 sys=0.00, real=0.00 secs] 
365.326: Total time for which application threads were stopped: 0.0017780 seconds, Stopping threads took: 0.0000610 seconds
365.431: Application time: 0.1053580 seconds
365.431: [GC [PSYoungGen: 45098K->2272K(44544K)] 53892K->11065K(81920K), 0.0008340 secs] [Times: user=0.00 sys=0.00, real=0.00 secs] 
365.432: Total time for which application threads were stopped: 0.0009740 seconds, Stopping threads took: 0.0000730 seconds
365.535: Application time: 0.1031090 seconds
365.535: [GC [PSYoungGen: 43962K->1792K(43008K)] 52756K->10641K(80384K), 0.0007590 secs] [Times: user=0.00 sys=0.00, real=0.00 secs] 
365.536: Total time for which application threads were stopped: 0.0009940 seconds, Stopping threads took: 0.0001700 seconds
365.636: Application time: 0.1000030 seconds
365.636: [GC [PSYoungGen: 42684K->2352K(42496K)] 51534K->11201K(79872K), 0.0009370 secs] [Times: user=0.00 sys=0.00, real=0.00 secs] 
365.637: Total time for which application threads were stopped: 0.0010840 seconds, Stopping threads took: 0.0000640 seconds
365.737: Application time: 0.0999010 seconds
365.737: [GC [PSYoungGen: 42222K->752K(39936K)] 51072K->9709K(77312K), 0.0005470 secs] [Times: user=0.01 sys=0.00, real=0.00 secs] 
365.738: Total time for which application threads were stopped: 0.0007030 seconds, Stopping threads took: 0.0000970 seconds
365.831: Application time: 0.0930640 seconds
365.831: [GC [PSYoungGen: 39354K->1792K(40448K)] 48311K->10869K(77824K), 0.0007450 secs] [Times: user=0.00 sys=0.00, real=0.00 secs] 
365.832: Total time for which application threads were stopped: 0.0008830 seconds, Stopping threads took: 0.0000710 seconds
365.924: Application time: 0.0923130 seconds
365.924: [GC [PSYoungGen: 39444K->1760K(38912K)] 48522K->10837K(76288K), 0.0007560 secs] [Times: user=0.00 sys=0.00, real=0.00 secs] 
365.925: Total time for which application threads were stopped: 0.0009430 seconds, Stopping threads took: 0.0001190 seconds
366.018: Application time: 0.0925200 seconds
366.018: [GC [PSYoungGen: 38392K->768K(38400K)] 47470K->9893K(75776K), 0.0005240 secs] [Times: user=0.00 sys=0.00, real=0.00 secs] 
366.018: Total time for which application threads were stopped: 0.0006450 seconds, Stopping threads took: 0.0000610 seconds
366.103: Application time: 0.0850340 seconds
366.103: [GC [PSYoungGen: 36279K->2816K(38400K)] 45405K->11981K(75776K), 0.0010910 secs] [Times: user=0.00 sys=0.00, real=0.00 secs] 
366.104: Total time for which application threads were stopped: 0.0012250 seconds, Stopping threads took: 0.0000630 seconds
366.192: Application time: 0.0873970 seconds
366.192: [GC [PSYoungGen: 37825K->1728K(37888K)] 46991K->10893K(75264K), 0.0007630 secs] [Times: user=0.00 sys=0.00, real=0.00 secs] 
366.193: Total time for which application threads were stopped: 0.0008940 seconds, Stopping threads took: 0.0000570 seconds
366.278: Application time: 0.0853480 seconds
366.278: [GC [PSYoungGen: 36452K->1744K(36352K)] 45617K->10909K(73728K), 0.0008310 secs] [Times: user=0.00 sys=0.00, real=0.00 secs] 
366.279: Total time for which application threads were stopped: 0.0010190 seconds, Stopping threads took: 0.0001230 seconds
366.364: Application time: 0.0849190 seconds
366.364: [GC [PSYoungGen: 35958K->1792K(36864K)] 45124K->11065K(74240K), 0.0008280 secs] [Times: user=0.00 sys=0.00, real=0.00 secs] 
366.365: Total time for which application threads were stopped: 0.0009550 seconds, Stopping threads took: 0.0000610 seconds
366.446: Application time: 0.0811190 seconds
366.446: [GC [PSYoungGen: 35253K->2304K(35840K)] 44527K->11690K(73216K), 0.0009240 secs] [Times: user=0.01 sys=0.00, real=0.00 secs] 
366.447: Total time for which application threads were stopped: 0.0010730 seconds, Stopping threads took: 0.0000800 seconds
366.530: Application time: 0.0832980 seconds
366.531: [GC [PSYoungGen: 35333K->1792K(35840K)] 44719K->11178K(73216K), 0.0007300 secs] [Times: user=0.00 sys=0.00, real=0.00 secs] 
366.531: Total time for which application threads were stopped: 0.0008640 seconds, Stopping threads took: 0.0000650 seconds
366.611: Application time: 0.0793330 seconds
366.611: [GC [PSYoungGen: 34217K->2304K(34816K)] 43603K->11738K(72192K), 0.0008990 secs] [Times: user=0.00 sys=0.00, real=0.00 secs] 
366.612: Total time for which application threads were stopped: 0.0010910 seconds, Stopping threads took: 0.0001250 seconds
366.691: Application time: 0.0790950 seconds
366.691: [GC [PSYoungGen: 34307K->1792K(33792K)] 43741K->11226K(71168K), 0.0007630 secs] [Times: user=0.01 sys=0.00, real=0.00 secs] 
366.692: Total time for which application threads were stopped: 0.0008940 seconds, Stopping threads took: 0.0000670 seconds
366.770: Application time: 0.0782040 seconds
366.770: [GC [PSYoungGen: 33197K->1248K(34304K)] 42631K->10730K(71680K), 0.0005620 secs] [Times: user=0.01 sys=0.00, real=0.00 secs] 
366.771: Total time for which application threads were stopped: 0.0007100 seconds, Stopping threads took: 0.0000650 seconds
366.845: Application time: 0.0744470 seconds
366.845: [GC [PSYoungGen: 32124K->2304K(33792K)] 41606K->11786K(71168K), 0.0008810 secs] [Times: user=0.01 sys=0.00, real=0.00 secs] 
366.846: Total time for which application threads were stopped: 0.0010260 seconds, Stopping threads took: 0.0000750 seconds
366.921: Application time: 0.0748550 seconds
366.921: [GC [PSYoungGen: 32907K->2304K(32768K)] 42389K->11786K(70144K), 0.0009320 secs] [Times: user=0.00 sys=0.00, real=0.01 secs] 
366.922: Total time for which application threads were stopped: 0.0010720 seconds, Stopping threads took: 0.0000710 seconds
366.995: Application time: 0.0724840 seconds
366.995: [GC [PSYoungGen: 32317K->1792K(31744K)] 41799K->11386K(69120K), 0.0008520 secs] [Times: user=0.00 sys=0.00, real=0.00 secs] 
366.996: Total time for which application threads were stopped: 0.0010190 seconds, Stopping threads took: 0.0000990 seconds
367.069: Application time: 0.0735940 seconds
367.069: [GC [PSYoungGen: 31210K->1280K(30720K)] 40804K->10962K(68096K), 0.0006250 secs] [Times: user=0.00 sys=0.00, real=0.00 secs] 
367.070: Total time for which application threads were stopped: 0.0007530 seconds, Stopping threads took: 0.0000580 seconds
367.140: Application time: 0.0704190 seconds
367.140: [GC [PSYoungGen: 30102K->1280K(31232K)] 39784K->11002K(68608K), 0.0006200 secs] [Times: user=0.00 sys=0.00, real=0.00 secs] 
367.141: Total time for which application threads were stopped: 0.0007480 seconds, Stopping threads took: 0.0000610 seconds
367.209: Application time: 0.0680570 seconds
367.209: [GC [PSYoungGen: 29660K->2304K(31232K)] 39382K->12026K(68608K), 0.0009020 secs] [Times: user=0.00 sys=0.00, real=0.00 secs] 
367.210: Total time for which application threads were stopped: 0.0010640 seconds, Stopping threads took: 0.0000930 seconds
367.279: Application time: 0.0683730 seconds
367.279: [GC [PSYoungGen: 30096K->2304K(31744K)] 39818K->12074K(69120K), 0.0008790 secs] [Times: user=0.01 sys=0.00, real=0.00 secs] 
367.280: Total time for which application threads were stopped: 0.0010230 seconds, Stopping threads took: 0.0000640 seconds
367.349: Application time: 0.0696920 seconds
367.349: [GC [PSYoungGen: 30176K->1792K(31744K)] 39946K->11562K(69120K), 0.0007080 secs] [Times: user=0.00 sys=0.00, real=0.00 secs] 
367.350: Total time for which application threads were stopped: 0.0008470 seconds, Stopping threads took: 0.0000690 seconds
367.418: Application time: 0.0677870 seconds
367.418: [GC [PSYoungGen: 29586K->1280K(29184K)] 39356K->11106K(66560K), 0.0005180 secs] [Times: user=0.00 sys=0.00, real=0.00 secs] 
367.419: Total time for which application threads were stopped: 0.0006360 seconds, Stopping threads took: 0.0000590 seconds
367.484: Application time: 0.0657650 seconds
367.485: [GC [PSYoungGen: 28551K->2272K(35328K)] 38378K->12098K(72704K), 0.0009340 secs] [Times: user=0.00 sys=0.00, real=0.00 secs] 
367.485: Total time for which application threads were stopped: 0.0010970 seconds, Stopping threads took: 0.0000950 seconds
367.565: Application time: 0.0792280 seconds
367.565: [GC [PSYoungGen: 34197K->1792K(33792K)] 44023K->11618K(71168K), 0.0007610 secs] [Times: user=0.00 sys=0.00, real=0.00 secs] 
367.566: Total time for which application threads were stopped: 0.0008860 seconds, Stopping threads took: 0.0000590 seconds
367.641: Application time: 0.0754160 seconds
367.641: [GC [PSYoungGen: 33065K->2400K(35328K)] 42891K->12226K(72704K), 0.0009460 secs] [Times: user=0.01 sys=0.00, real=0.01 secs] 
367.642: Total time for which application threads were stopped: 0.0011780 seconds, Stopping threads took: 0.0001630 seconds
367.722: Application time: 0.0799300 seconds
367.722: [GC [PSYoungGen: 34401K->1280K(33280K)] 44228K->11286K(70656K), 0.0005710 secs] [Times: user=0.00 sys=0.00, real=0.00 secs] 
367.723: Total time for which application threads were stopped: 0.0007140 seconds, Stopping threads took: 0.0000780 seconds
367.798: Application time: 0.0753010 seconds
367.798: [GC [PSYoungGen: 32664K->2752K(39936K)] 42670K->13310K(77312K), 0.0012440 secs] [Times: user=0.01 sys=0.00, real=0.00 secs] 
367.800: Total time for which application threads were stopped: 0.0013960 seconds, Stopping threads took: 0.0000670 seconds
367.890: Application time: 0.0903290 seconds
367.890: [GC [PSYoungGen: 39384K->1760K(37888K)] 49943K->12318K(75264K), 0.0006780 secs] [Times: user=0.01 sys=0.00, real=0.00 secs] 
367.891: Total time for which application threads were stopped: 0.0008230 seconds, Stopping threads took: 0.0000790 seconds
367.981: Application time: 0.0899860 seconds
367.981: [GC [PSYoungGen: 37281K->1216K(36864K)] 47840K->11814K(74240K), 0.0006580 secs] [Times: user=0.00 sys=0.00, real=0.01 secs] 
367.981: Total time for which application threads were stopped: 0.0008070 seconds, Stopping threads took: 0.0000850 seconds
368.066: Application time: 0.0842860 seconds
368.066: [GC [PSYoungGen: 36295K->1760K(36864K)] 46894K->12358K(74240K), 0.0007050 secs] [Times: user=0.01 sys=0.00, real=0.00 secs] 
368.067: Total time for which application threads were stopped: 0.0008990 seconds, Stopping threads took: 0.0001290 seconds
368.153: Application time: 0.0862410 seconds
368.153: [GC [PSYoungGen: 36255K->1248K(35840K)] 46854K->11902K(73216K), 0.0005710 secs] [Times: user=0.00 sys=0.00, real=0.01 secs] 
368.154: Total time for which application threads were stopped: 0.0007100 seconds, Stopping threads took: 0.0000730 seconds
368.236: Application time: 0.0825000 seconds
368.236: [GC [PSYoungGen: 35380K->1792K(36352K)] 46034K->12446K(73728K), 0.0007340 secs] [Times: user=0.01 sys=0.00, real=0.00 secs] 
368.237: Total time for which application threads were stopped: 0.0008680 seconds, Stopping threads took: 0.0000680 seconds
368.319: Application time: 0.0818090 seconds
368.319: [GC [PSYoungGen: 35564K->2832K(36352K)] 46218K->13566K(73728K), 0.0011000 secs] [Times: user=0.01 sys=0.00, real=0.00 secs] 
368.320: Total time for which application threads were stopped: 0.0012440 seconds, Stopping threads took: 0.0000610 seconds
368.402: Application time: 0.0817120 seconds
368.402: [GC [PSYoungGen: 35783K->2304K(35840K)] 46518K->13186K(73216K), 0.0009550 secs] [Times: user=0.01 sys=0.00, real=0.00 secs] 
368.403: Total time for which application threads were stopped: 0.0010850 seconds, Stopping threads took: 0.0000620 seconds
368.482: Application time: 0.0794350 seconds
368.482: [GC [PSYoungGen: 34819K->1792K(34304K)] 45702K->12674K(71680K), 0.0007920 secs] [Times: user=0.01 sys=0.00, real=0.00 secs] 
368.483: Total time for which application threads were stopped: 0.0009240 seconds, Stopping threads took: 0.0000680 seconds
368.561: Application time: 0.0775930 seconds
368.561: [GC [PSYoungGen: 33705K->2304K(34816K)] 44587K->13234K(72192K), 0.0009330 secs] [Times: user=0.00 sys=0.00, real=0.01 secs] 
368.562: Total time for which application threads were stopped: 0.0010880 seconds, Stopping threads took: 0.0000850 seconds
368.642: Application time: 0.0805570 seconds
368.643: [GC [PSYoungGen: 33713K->1280K(32768K)] 44644K->12210K(70144K), 0.0005710 secs] [Times: user=0.00 sys=0.00, real=0.00 secs] 
368.643: Total time for which application threads were stopped: 0.0007000 seconds, Stopping threads took: 0.0000680 seconds
368.716: Application time: 0.0729960 seconds
368.716: [GC [PSYoungGen: 32230K->2816K(34816K)] 43161K->13746K(72192K), 0.0010620 secs] [Times: user=0.01 sys=0.00, real=0.00 secs] 
368.717: Total time for which application threads were stopped: 0.0012800 seconds, Stopping threads took: 0.0001380 seconds
368.797: Application time: 0.0800180 seconds
368.798: [GC [PSYoungGen: 33713K->1280K(32256K)] 44644K->12266K(69632K), 0.0005910 secs] [Times: user=0.01 sys=0.00, real=0.00 secs] 
368.798: Total time for which application threads were stopped: 0.0007290 seconds, Stopping threads took: 0.0000750 seconds
368.872: Application time: 0.0739070 seconds
368.872: [GC [PSYoungGen: 31722K->1792K(33280K)] 42709K->12778K(70656K), 0.0007600 secs] [Times: user=0.00 sys=0.00, real=0.00 secs] 
368.873: Total time for which application threads were stopped: 0.0009340 seconds, Stopping threads took: 0.0000920 seconds
368.947: Application time: 0.0735730 seconds
368.947: [GC [PSYoungGen: 31878K->1808K(31744K)] 42865K->12850K(69120K), 0.0007760 secs] [Times: user=0.00 sys=0.00, real=0.00 secs] 
368.948: Total time for which application threads were stopped: 0.0009030 seconds, Stopping threads took: 0.0000590 seconds
369.020: Application time: 0.0727860 seconds
369.020: [GC [PSYoungGen: 31296K->2304K(33280K)] 42339K->13463K(70656K), 0.0009400 secs] [Times: user=0.01 sys=0.00, real=0.00 secs] 
369.021: Total time for which application threads were stopped: 0.0010730 seconds, Stopping threads took: 0.0000630 seconds
369.094: Application time: 0.0723640 seconds
369.094: [GC [PSYoungGen: 31636K->2304K(33280K)] 42795K->13551K(70656K), 0.0008710 secs] [Times: user=0.00 sys=0.00, real=0.00 secs] 
369.095: Total time for which application threads were stopped: 0.0010190 seconds, Stopping threads took: 0.0000850 seconds
369.167: Application time: 0.0724250 seconds
369.167: [GC [PSYoungGen: 31718K->2304K(39424K)] 42965K->13551K(76800K), 0.0007610 secs] [Times: user=0.01 sys=0.00, real=0.00 secs] 
369.168: Total time for which application threads were stopped: 0.0009210 seconds, Stopping threads took: 0.0000920 seconds
369.258: Application time: 0.0903480 seconds
369.259: [GC [PSYoungGen: 37829K->1280K(36864K)] 49077K->12583K(74240K), 0.0005660 secs] [Times: user=0.00 sys=0.00, real=0.00 secs] 
369.259: Total time for which application threads were stopped: 0.0006930 seconds, Stopping threads took: 0.0000640 seconds
369.344: Application time: 0.0852220 seconds
369.344: [GC [PSYoungGen: 36359K->2304K(37888K)] 47662K->13607K(75264K), 0.0008600 secs] [Times: user=0.00 sys=0.00, real=0.00 secs] 
369.345: Total time for which application threads were stopped: 0.0009970 seconds, Stopping threads took: 0.0000650 seconds
369.431: Application time: 0.0853640 seconds
369.431: [GC [PSYoungGen: 36793K->2816K(37376K)] 48096K->14167K(74752K), 0.0010680 secs] [Times: user=0.01 sys=0.00, real=0.00 secs] 
369.432: Total time for which application threads were stopped: 0.0012170 seconds, Stopping threads took: 0.0000700 seconds
369.518: Application time: 0.0858300 seconds
369.518: [GC [PSYoungGen: 36797K->1728K(36864K)] 48148K->13079K(74240K), 0.0006860 secs] [Times: user=0.00 sys=0.00, real=0.00 secs] 
369.519: Total time for which application threads were stopped: 0.0008370 seconds, Stopping threads took: 0.0000820 seconds
369.601: Application time: 0.0828000 seconds
369.602: [GC [PSYoungGen: 35500K->1808K(35328K)] 46851K->13159K(72704K), 0.0007770 secs] [Times: user=0.01 sys=0.00, real=0.00 secs] 
369.602: Total time for which application threads were stopped: 0.0009700 seconds, Stopping threads took: 0.0001280 seconds
369.683: Application time: 0.0802720 seconds
369.683: [GC [PSYoungGen: 34910K->2816K(36864K)] 46261K->14303K(74240K), 0.0011000 secs] [Times: user=0.01 sys=0.00, real=0.00 secs] 
369.684: Total time for which application threads were stopped: 0.0012450 seconds, Stopping threads took: 0.0000720 seconds
369.765: Application time: 0.0809440 seconds
369.765: [GC [PSYoungGen: 35761K->3296K(36864K)] 47248K->14859K(74240K), 0.0012790 secs] [Times: user=0.01 sys=0.00, real=0.00 secs] 
369.766: Total time for which application threads were stopped: 0.0014250 seconds, Stopping threads took: 0.0000720 seconds
369.850: Application time: 0.0837630 seconds
369.850: [GC [PSYoungGen: 36323K->2816K(44032K)] 47887K->14379K(81408K), 0.0010940 secs] [Times: user=0.00 sys=0.00, real=0.00 secs] 
369.851: Total time for which application threads were stopped: 0.0012460 seconds, Stopping threads took: 0.0000720 seconds
369.951: Application time: 0.0999660 seconds
369.951: [GC [PSYoungGen: 42452K->1792K(44032K)] 54015K->13411K(81408K), 0.0006810 secs] [Times: user=0.01 sys=0.00, real=0.00 secs] 
369.952: Total time for which application threads were stopped: 0.0008100 seconds, Stopping threads took: 0.0000540 seconds
370.047: Application time: 0.0954020 seconds
370.048: [GC [PSYoungGen: 41498K->2816K(41984K)] 53118K->14435K(79360K), 0.0009230 secs] [Times: user=0.00 sys=0.00, real=0.00 secs] 
370.049: Total time for which application threads were stopped: 0.0010720 seconds, Stopping threads took: 0.0000750 seconds
370.146: Application time: 0.0972780 seconds
370.146: [GC [PSYoungGen: 41422K->2304K(40448K)] 53041K->13963K(77824K), 0.0008570 secs] [Times: user=0.00 sys=0.00, real=0.00 secs] 
370.147: Total time for which application threads were stopped: 0.0010300 seconds, Stopping threads took: 0.0001000 seconds
370.240: Application time: 0.0928400 seconds
370.240: [GC [PSYoungGen: 40034K->2304K(39424K)] 51693K->13963K(76800K), 0.0008010 secs] [Times: user=0.01 sys=0.00, real=0.00 secs] 
370.241: Total time for which application threads were stopped: 0.0010240 seconds, Stopping threads took: 0.0001520 seconds
370.331: Application time: 0.0905060 seconds
370.331: [GC [PSYoungGen: 39167K->2336K(38400K)] 50826K->14067K(75776K), 0.0010270 secs] [Times: user=0.00 sys=0.00, real=0.00 secs] 
370.333: Total time for which application threads were stopped: 0.0016880 seconds, Stopping threads took: 0.0000750 seconds
370.424: Application time: 0.0914900 seconds
370.425: [GC [PSYoungGen: 37862K->768K(36352K)] 49593K->12651K(73728K), 0.0005310 secs] [Times: user=0.00 sys=0.00, real=0.00 secs] 
370.425: Total time for which application threads were stopped: 0.0006520 seconds, Stopping threads took: 0.0000590 seconds
370.511: Application time: 0.0856410 seconds
370.511: [GC [PSYoungGen: 35847K->1792K(36864K)] 47731K->13675K(74240K), 0.0006620 secs] [Times: user=0.00 sys=0.00, real=0.00 secs] 
370.512: Total time for which application threads were stopped: 0.0008170 seconds, Stopping threads took: 0.0000830 seconds
370.597: Application time: 0.0851300 seconds
370.597: [GC [PSYoungGen: 36281K->2272K(36864K)] 48165K->14203K(74240K), 0.0009400 secs] [Times: user=0.01 sys=0.00, real=0.00 secs] 
370.598: Total time for which application threads were stopped: 0.0010750 seconds, Stopping threads took: 0.0000640 seconds
370.681: Application time: 0.0835440 seconds
370.681: [GC [PSYoungGen: 36329K->1792K(35840K)] 48261K->13723K(73216K), 0.0008100 secs] [Times: user=0.00 sys=0.00, real=0.01 secs] 
370.682: Total time for which application threads were stopped: 0.0009520 seconds, Stopping threads took: 0.0000710 seconds
370.765: Application time: 0.0823720 seconds
370.765: [GC [PSYoungGen: 35253K->2304K(35840K)] 47185K->14283K(73216K), 0.0008750 secs] [Times: user=0.01 sys=0.00, real=0.00 secs] 
370.766: Total time for which application threads were stopped: 0.0010160 seconds, Stopping threads took: 0.0000690 seconds
370.850: Application time: 0.0841420 seconds
370.850: [GC [PSYoungGen: 35414K->1280K(34304K)] 47393K->13259K(71680K), 0.0006620 secs] [Times: user=0.01 sys=0.00, real=0.00 secs] 
370.851: Total time for which application threads were stopped: 0.0007920 seconds, Stopping threads took: 0.0000660 seconds
370.927: Application time: 0.0768580 seconds
370.928: [GC [PSYoungGen: 33853K->3360K(38400K)] 45832K->15415K(75776K), 0.0013260 secs] [Times: user=0.01 sys=0.00, real=0.00 secs] 
370.929: Total time for which application threads were stopped: 0.0014670 seconds, Stopping threads took: 0.0000660 seconds
371.019: Application time: 0.0898830 seconds
371.019: [GC [PSYoungGen: 38018K->768K(35328K)] 50074K->12927K(72704K), 0.0004680 secs] [Times: user=0.00 sys=0.00, real=0.00 secs] 
371.019: Total time for which application threads were stopped: 0.0005960 seconds, Stopping threads took: 0.0000570 seconds
371.101: Application time: 0.0814990 seconds
371.101: [GC [PSYoungGen: 34733K->2816K(37376K)] 46893K->15055K(74752K), 0.0011120 secs] [Times: user=0.01 sys=0.00, real=0.01 secs] 
371.102: Total time for which application threads were stopped: 0.0012580 seconds, Stopping threads took: 0.0000730 seconds
371.187: Application time: 0.0850080 seconds
371.187: [GC [PSYoungGen: 36364K->1280K(34816K)] 48604K->13519K(72192K), 0.0005940 secs] [Times: user=0.00 sys=0.00, real=0.00 secs] 
371.188: Total time for which application threads were stopped: 0.0007680 seconds, Stopping threads took: 0.0001050 seconds
371.270: Application time: 0.0816550 seconds
371.270: [GC [PSYoungGen: 34225K->1792K(36352K)] 46465K->14071K(73728K), 0.0007540 secs] [Times: user=0.01 sys=0.00, real=0.00 secs] 
371.270: Total time for which application threads were stopped: 0.0008830 seconds, Stopping threads took: 0.0000620 seconds
371.351: Application time: 0.0800250 seconds
371.351: [GC [PSYoungGen: 34308K->1280K(33792K)] 46587K->13559K(71168K), 0.0005950 secs] [Times: user=0.00 sys=0.00, real=0.00 secs] 
371.351: Total time for which application threads were stopped: 0.0007120 seconds, Stopping threads took: 0.0000540 seconds
371.431: Application time: 0.0793960 seconds
371.431: [GC [PSYoungGen: 33197K->768K(35328K)] 45477K->13103K(72704K), 0.0004590 secs] [Times: user=0.01 sys=0.00, real=0.00 secs] 
371.431: Total time for which application threads were stopped: 0.0006250 seconds, Stopping threads took: 0.0001050 seconds
371.507: Application time: 0.0760810 seconds
371.507: [GC [PSYoungGen: 32313K->2816K(34304K)] 44648K->15152K(71680K), 0.0010850 secs] [Times: user=0.01 sys=0.00, real=0.00 secs] 
371.509: Total time for which application threads were stopped: 0.0012330 seconds, Stopping threads took: 0.0000760 seconds
371.586: Application time: 0.0770020 seconds
371.586: [GC [PSYoungGen: 33783K->2304K(34304K)] 46119K->14716K(71680K), 0.0009290 secs] [Times: user=0.00 sys=0.00, real=0.00 secs] 
371.587: Total time for which application threads were stopped: 0.0010740 seconds, Stopping threads took: 0.0000700 seconds
371.659: Application time: 0.0722730 seconds
371.659: [GC [PSYoungGen: 32894K->3856K(34816K)] 45306K->16316K(72192K), 0.0014830 secs] [Times: user=0.01 sys=0.00, real=0.00 secs] 
371.661: Total time for which application threads were stopped: 0.0016360 seconds, Stopping threads took: 0.0000770 seconds
371.739: Application time: 0.0781350 seconds
371.739: [GC [PSYoungGen: 34245K->1280K(41472K)] 46705K->13860K(78848K), 0.0005180 secs] [Times: user=0.00 sys=0.00, real=0.00 secs] 
371.739: Total time for which application threads were stopped: 0.0006470 seconds, Stopping threads took: 0.0000640 seconds
371.830: Application time: 0.0909360 seconds
371.830: [GC [PSYoungGen: 37906K->1280K(37376K)] 50486K->13860K(74752K), 0.0005830 secs] [Times: user=0.00 sys=0.00, real=0.00 secs] 
371.831: Total time for which application threads were stopped: 0.0007010 seconds, Stopping threads took: 0.0000550 seconds
371.918: Application time: 0.0869320 seconds
371.918: [GC [PSYoungGen: 36795K->2304K(38400K)] 49375K->14940K(75776K), 0.0008120 secs] [Times: user=0.00 sys=0.00, real=0.00 secs] 
371.919: Total time for which application threads were stopped: 0.0009430 seconds, Stopping threads took: 0.0000600 seconds
372.007: Application time: 0.0881010 seconds
372.007: [GC [PSYoungGen: 37389K->1792K(36864K)] 50026K->14428K(74240K), 0.0007320 secs] [Times: user=0.00 sys=0.00, real=0.00 secs] 
372.008: Total time for which application threads were stopped: 0.0008550 seconds, Stopping threads took: 0.0000580 seconds
372.094: Application time: 0.0858030 seconds
372.094: [GC [PSYoungGen: 36283K->1760K(37888K)] 48919K->14452K(75264K), 0.0006940 secs] [Times: user=0.00 sys=0.00, real=0.00 secs] 
372.094: Total time for which application threads were stopped: 0.0008370 seconds, Stopping threads took: 0.0000670 seconds
372.179: Application time: 0.0848220 seconds
372.179: [GC [PSYoungGen: 35892K->1792K(35840K)] 48584K->14484K(73216K), 0.0007540 secs] [Times: user=0.00 sys=0.00, real=0.00 secs] 
372.180: Total time for which application threads were stopped: 0.0008770 seconds, Stopping threads took: 0.0000580 seconds
372.263: Application time: 0.0832190 seconds
372.263: [GC [PSYoungGen: 35412K->1808K(35840K)] 48104K->14580K(73216K), 0.0008000 secs] [Times: user=0.00 sys=0.00, real=0.00 secs] 
372.264: Total time for which application threads were stopped: 0.0009340 seconds, Stopping threads took: 0.0000690 seconds
372.345: Application time: 0.0805370 seconds
372.345: [GC [PSYoungGen: 34914K->1808K(34816K)] 47686K->14676K(72192K), 0.0007940 secs] [Times: user=0.00 sys=0.00, real=0.00 secs] 
372.346: Total time for which application threads were stopped: 0.0009290 seconds, Stopping threads took: 0.0000700 seconds
372.427: Application time: 0.0809510 seconds
372.427: [GC [PSYoungGen: 34237K->2272K(35328K)] 47105K->15220K(72704K), 0.0009540 secs] [Times: user=0.01 sys=0.00, real=0.00 secs] 
372.428: Total time for which application threads were stopped: 0.0010940 seconds, Stopping threads took: 0.0000700 seconds
372.507: Application time: 0.0791900 seconds
372.507: [GC [PSYoungGen: 34271K->1792K(33792K)] 47219K->14740K(71168K), 0.0007560 secs] [Times: user=0.00 sys=0.00, real=0.00 secs] 
372.508: Total time for which application threads were stopped: 0.0009070 seconds, Stopping threads took: 0.0000850 seconds
372.587: Application time: 0.0794930 seconds
372.588: [GC [PSYoungGen: 33201K->736K(34304K)] 46149K->13724K(71680K), 0.0004530 secs] [Times: user=0.00 sys=0.00, real=0.00 secs] 
372.588: Total time for which application threads were stopped: 0.0005840 seconds, Stopping threads took: 0.0000700 seconds
372.662: Application time: 0.0735900 seconds
372.662: [GC [PSYoungGen: 31682K->2768K(33792K)] 44670K->15756K(71168K), 0.0010760 secs] [Times: user=0.00 sys=0.00, real=0.00 secs] 
372.663: Total time for which application threads were stopped: 0.0012190 seconds, Stopping threads took: 0.0000660 seconds
372.741: Application time: 0.0783500 seconds
372.741: [GC [PSYoungGen: 33157K->224K(33792K)] 46146K->13276K(71168K), 0.0003500 secs] [Times: user=0.00 sys=0.00, real=0.01 secs] 
372.742: Total time for which application threads were stopped: 0.0004580 seconds, Stopping threads took: 0.0000500 seconds
372.814: Application time: 0.0719850 seconds
372.814: [GC [PSYoungGen: 30224K->1216K(31232K)] 43277K->14268K(68608K), 0.0006400 secs] [Times: user=0.01 sys=0.00, real=0.00 secs] 
372.814: Total time for which application threads were stopped: 0.0007680 seconds, Stopping threads took: 0.0000650 seconds
372.887: Application time: 0.0728380 seconds
372.887: [GC [PSYoungGen: 30548K->1760K(32256K)] 43600K->14892K(69632K), 0.0008100 secs] [Times: user=0.00 sys=0.00, real=0.00 secs] 
372.888: Total time for which application threads were stopped: 0.0009450 seconds, Stopping threads took: 0.0000660 seconds
372.960: Application time: 0.0718650 seconds
372.960: [GC [PSYoungGen: 30819K->1280K(30208K)] 43951K->14412K(67584K), 0.0006510 secs] [Times: user=0.01 sys=0.00, real=0.00 secs] 
372.961: Total time for which application threads were stopped: 0.0008100 seconds, Stopping threads took: 0.0000980 seconds
373.032: Application time: 0.0710030 seconds
373.032: [GC [PSYoungGen: 29666K->736K(31232K)] 42798K->13976K(68608K), 0.0004900 secs] [Times: user=0.01 sys=0.00, real=0.00 secs] 
373.032: Total time for which application threads were stopped: 0.0006160 seconds, Stopping threads took: 0.0000660 seconds
373.099: Application time: 0.0668730 seconds
373.099: [GC [PSYoungGen: 28517K->3328K(31744K)] 41758K->16608K(69120K), 0.0012070 secs] [Times: user=0.01 sys=0.00, real=0.00 secs] 
373.101: Total time for which application threads were stopped: 0.0013380 seconds, Stopping threads took: 0.0000600 seconds
373.171: Application time: 0.0704890 seconds
373.171: [GC [PSYoungGen: 31202K->2272K(37888K)] 44483K->15552K(75264K), 0.0008130 secs] [Times: user=0.00 sys=0.00, real=0.00 secs] 
373.172: Total time for which application threads were stopped: 0.0009660 seconds, Stopping threads took: 0.0000740 seconds
373.254: Application time: 0.0821780 seconds
373.254: [GC [PSYoungGen: 35733K->2784K(37888K)] 49014K->16104K(75264K), 0.0010760 secs] [Times: user=0.01 sys=0.00, real=0.00 secs] 
373.256: Total time for which application threads were stopped: 0.0012100 seconds, Stopping threads took: 0.0000610 seconds
373.338: Application time: 0.0824390 seconds
373.338: [GC [PSYoungGen: 36325K->2816K(45056K)] 49646K->16136K(82432K), 0.0009280 secs] [Times: user=0.00 sys=0.00, real=0.00 secs] 
373.339: Total time for which application threads were stopped: 0.0010710 seconds, Stopping threads took: 0.0000650 seconds
373.442: Application time: 0.1031650 seconds
373.442: [GC [PSYoungGen: 43558K->1792K(41984K)] 56879K->15152K(79360K), 0.0006280 secs] [Times: user=0.00 sys=0.00, real=0.00 secs] 
373.443: Total time for which application threads were stopped: 0.0007780 seconds, Stopping threads took: 0.0000830 seconds
373.544: Application time: 0.1008770 seconds
373.544: [GC [PSYoungGen: 41506K->768K(41984K)] 54867K->14168K(79360K), 0.0005550 secs] [Times: user=0.00 sys=0.00, real=0.00 secs] 
373.545: Total time for which application threads were stopped: 0.0006750 seconds, Stopping threads took: 0.0000570 seconds
373.637: Application time: 0.0921900 seconds
373.637: [GC [PSYoungGen: 39600K->2352K(40448K)] 53001K->15800K(77824K), 0.0009630 secs] [Times: user=0.01 sys=0.00, real=0.00 secs] 
373.638: Total time for which application threads were stopped: 0.0011610 seconds, Stopping threads took: 0.0001260 seconds
373.733: Application time: 0.0954930 seconds
373.734: [GC [PSYoungGen: 40006K->1792K(39936K)] 53454K->15344K(77312K), 0.0007470 secs] [Times: user=0.00 sys=0.00, real=0.00 secs] 
373.734: Total time for which application threads were stopped: 0.0009470 seconds, Stopping threads took: 0.0001240 seconds
373.823: Application time: 0.0889360 seconds
373.823: [GC [PSYoungGen: 38414K->3328K(39424K)] 51967K->16920K(76800K), 0.0013130 secs] [Times: user=0.00 sys=0.00, real=0.00 secs] 
373.825: Total time for which application threads were stopped: 0.0014590 seconds, Stopping threads took: 0.0000690 seconds
373.914: Application time: 0.0894120 seconds
373.914: [GC [PSYoungGen: 38850K->2816K(39424K)] 52442K->16449K(76800K), 0.0010760 secs] [Times: user=0.01 sys=0.00, real=0.00 secs] 
373.915: Total time for which application threads were stopped: 0.0012140 seconds, Stopping threads took: 0.0000670 seconds
374.005: Application time: 0.0898290 seconds
374.005: [GC [PSYoungGen: 38418K->1792K(37376K)] 52051K->15424K(74752K), 0.0007590 secs] [Times: user=0.00 sys=0.00, real=0.00 secs] 
374.006: Total time for which application threads were stopped: 0.0008930 seconds, Stopping threads took: 0.0000640 seconds
374.096: Application time: 0.0895990 seconds
374.096: [GC [PSYoungGen: 36877K->736K(38400K)] 50510K->14416K(75776K), 0.0004670 secs] [Times: user=0.00 sys=0.00, real=0.00 secs] 
374.096: Total time for which application threads were stopped: 0.0005800 seconds, Stopping threads took: 0.0000540 seconds
374.181: Application time: 0.0845640 seconds
374.181: [GC [PSYoungGen: 35299K->2304K(36864K)] 48980K->16033K(74240K), 0.0009690 secs] [Times: user=0.00 sys=0.00, real=0.01 secs] 
374.182: Total time for which application threads were stopped: 0.0011120 seconds, Stopping threads took: 0.0000740 seconds
374.266: Application time: 0.0844810 seconds
374.267: [GC [PSYoungGen: 36438K->2320K(37376K)] 50167K->16089K(74752K), 0.0009270 secs] [Times: user=0.01 sys=0.00, real=0.00 secs] 
374.268: Total time for which application threads were stopped: 0.0010730 seconds, Stopping threads took: 0.0000690 seconds
374.351: Application time: 0.0831700 seconds
374.351: [GC [PSYoungGen: 35941K->1792K(35328K)] 49710K->15657K(72704K), 0.0007700 secs] [Times: user=0.00 sys=0.00, real=0.00 secs] 
374.352: Total time for which application threads were stopped: 0.0009000 seconds, Stopping threads took: 0.0000620 seconds
374.433: Application time: 0.0818140 seconds
374.434: [GC [PSYoungGen: 34741K->1792K(36352K)] 48606K->15745K(73728K), 0.0007610 secs] [Times: user=0.01 sys=0.00, real=0.00 secs] 
374.434: Total time for which application threads were stopped: 0.0009160 seconds, Stopping threads took: 0.0000870 seconds
374.516: Application time: 0.0811910 seconds
374.516: [GC [PSYoungGen: 34307K->1280K(33792K)] 48260K->15233K(71168K), 0.0006250 secs] [Times: user=0.00 sys=0.00, real=0.00 secs] 
374.516: Total time for which application threads were stopped: 0.0007720 seconds, Stopping threads took: 0.0000850 seconds
374.596: Application time: 0.0795750 seconds
374.596: [GC [PSYoungGen: 33197K->768K(34816K)] 47150K->14777K(72192K), 0.0004590 secs] [Times: user=0.01 sys=0.00, real=0.00 secs] 
374.597: Total time for which application threads were stopped: 0.0006220 seconds, Stopping threads took: 0.0001030 seconds
374.672: Application time: 0.0752460 seconds
374.672: [GC [PSYoungGen: 32234K->2816K(34816K)] 46243K->16825K(72192K), 0.0010470 secs] [Times: user=0.00 sys=0.00, real=0.00 secs] 
374.673: Total time for which application threads were stopped: 0.0011910 seconds, Stopping threads took: 0.0000710 seconds
374.750: Application time: 0.0769080 seconds
374.750: [GC [PSYoungGen: 33779K->2784K(34304K)] 47788K->16833K(71680K), 0.0010660 secs] [Times: user=0.00 sys=0.00, real=0.00 secs] 
374.751: Total time for which application threads were stopped: 0.0012190 seconds, Stopping threads took: 0.0000830 seconds
374.829: Application time: 0.0778180 seconds
374.829: [GC [PSYoungGen: 33239K->1792K(32256K)] 47288K->15889K(69632K), 0.0007930 secs] [Times: user=0.01 sys=0.00, real=0.00 secs] 
374.830: Total time for which application threads were stopped: 0.0009350 seconds, Stopping threads took: 0.0000690 seconds
374.905: Application time: 0.0749680 seconds
374.906: [GC [PSYoungGen: 31725K->1728K(33280K)] 45822K->15873K(70656K), 0.0008270 secs] [Times: user=0.01 sys=0.00, real=0.00 secs] 
374.907: Total time for which application threads were stopped: 0.0023120 seconds, Stopping threads took: 0.0014160 seconds
374.983: Application time: 0.0759400 seconds
374.983: [GC [PSYoungGen: 31303K->1808K(31232K)] 45448K->16009K(68608K), 0.0008060 secs] [Times: user=0.00 sys=0.00, real=0.00 secs] 
374.984: Total time for which application threads were stopped: 0.0009790 seconds, Stopping threads took: 0.0001070 seconds
375.056: Application time: 0.0716850 seconds
375.056: [GC [PSYoungGen: 30624K->2816K(32256K)] 44825K->17133K(69632K), 0.0011190 secs] [Times: user=0.00 sys=0.00, real=0.00 secs] 
375.057: Total time for which application threads were stopped: 0.0012630 seconds, Stopping threads took: 0.0000720 seconds
375.125: Application time: 0.0684960 seconds
375.126: [GC [PSYoungGen: 31122K->2816K(32768K)] 45439K->17133K(70144K), 0.0010530 secs] [Times: user=0.01 sys=0.00, real=0.00 secs] 
375.127: Total time for which application threads were stopped: 0.0013560 seconds, Stopping threads took: 0.0002280 seconds
375.199: Application time: 0.0717110 seconds
375.199: [GC [PSYoungGen: 31204K->2304K(38912K)] 45521K->16621K(76288K), 0.0007670 secs] [Times: user=0.01 sys=0.00, real=0.00 secs] 
375.199: Total time for which application threads were stopped: 0.0008960 seconds, Stopping threads took: 0.0000590 seconds
375.283: Application time: 0.0834880 seconds
375.283: [GC [PSYoungGen: 36793K->2784K(38912K)] 51111K->17141K(76288K), 0.0009920 secs] [Times: user=0.00 sys=0.00, real=0.00 secs] 
375.284: Total time for which application threads were stopped: 0.0011290 seconds, Stopping threads took: 0.0000630 seconds
375.371: Application time: 0.0868900 seconds
375.371: [GC [PSYoungGen: 37358K->1792K(46080K)] 51715K->16149K(83456K), 0.0006510 secs] [Times: user=0.00 sys=0.00, real=0.00 secs] 
375.372: Total time for which application threads were stopped: 0.0008670 seconds, Stopping threads took: 0.0001370 seconds
375.476: Application time: 0.1044600 seconds
375.476: [GC [PSYoungGen: 43641K->768K(41984K)] 57998K->15181K(79360K), 0.0004920 secs] [Times: user=0.00 sys=0.00, real=0.00 secs] 
375.477: Total time for which application threads were stopped: 0.0006080 seconds, Stopping threads took: 0.0000550 seconds
375.576: Application time: 0.0995340 seconds
375.577: [GC [PSYoungGen: 41502K->1792K(43008K)] 55915K->16285K(80384K), 0.0007100 secs] [Times: user=0.01 sys=0.00, real=0.00 secs] 
375.577: Total time for which application threads were stopped: 0.0008530 seconds, Stopping threads took: 0.0000760 seconds
375.675: Application time: 0.0974170 seconds
375.675: [GC [PSYoungGen: 41656K->2320K(41472K)] 56150K->16869K(78848K), 0.0009320 secs] [Times: user=0.00 sys=0.00, real=0.00 secs] 
375.676: Total time for which application threads were stopped: 0.0010780 seconds, Stopping threads took: 0.0000670 seconds
375.772: Application time: 0.0963470 seconds
375.772: [GC [PSYoungGen: 40926K->1792K(39936K)] 55475K->16469K(77312K), 0.0007420 secs] [Times: user=0.01 sys=0.00, real=0.00 secs] 
375.773: Total time for which application threads were stopped: 0.0008860 seconds, Stopping threads took: 0.0000760 seconds
375.866: Application time: 0.0933520 seconds
375.866: [GC [PSYoungGen: 39448K->1280K(38400K)] 54126K->15957K(75776K), 0.0006090 secs] [Times: user=0.01 sys=0.00, real=0.00 secs] 
375.867: Total time for which application threads were stopped: 0.0007400 seconds, Stopping threads took: 0.0000660 seconds
375.958: Application time: 0.0908440 seconds
375.958: [GC [PSYoungGen: 37830K->736K(38400K)] 52507K->15469K(75776K), 0.0004770 secs] [Times: user=0.00 sys=0.00, real=0.00 secs] 
375.959: Total time for which application threads were stopped: 0.0006160 seconds, Stopping threads took: 0.0000690 seconds
376.045: Application time: 0.0864620 seconds
376.045: [GC [PSYoungGen: 36328K->2304K(37888K)] 51061K->17037K(75264K), 0.0009230 secs] [Times: user=0.01 sys=0.00, real=0.00 secs] 
376.046: Total time for which application threads were stopped: 0.0011140 seconds, Stopping threads took: 0.0001210 seconds
376.134: Application time: 0.0879340 seconds
376.134: [GC [PSYoungGen: 37468K->1792K(37888K)] 52202K->16565K(75264K), 0.0007780 secs] [Times: user=0.00 sys=0.00, real=0.00 secs] 
376.135: Total time for which application threads were stopped: 0.0009130 seconds, Stopping threads took: 0.0000660 seconds
376.218: Application time: 0.0831640 seconds
376.218: [GC [PSYoungGen: 36357K->2816K(37376K)] 51131K->17669K(74752K), 0.0010980 secs] [Times: user=0.01 sys=0.00, real=0.00 secs] 
376.219: Total time for which application threads were stopped: 0.0012320 seconds, Stopping threads took: 0.0000630 seconds
376.287: Application time: 0.0671050 seconds
376.287: Total time for which application threads were stopped: 0.0000830 seconds, Stopping threads took: 0.0000590 seconds
376.306: Application time: 0.0196570 seconds
376.306: [GC [PSYoungGen: 37004K->1248K(36864K)] 51858K->16149K(74240K), 0.0006300 secs] [Times: user=0.00 sys=0.00, real=0.00 secs] 
376.307: Total time for which application threads were stopped: 0.0007730 seconds, Stopping threads took: 0.0000790 seconds
376.397: Application time: 0.0899340 seconds
376.397: [GC [PSYoungGen: 34707K->1248K(34816K)] 49609K->16237K(72192K), 0.0006200 secs] [Times: user=0.01 sys=0.00, real=0.00 secs] 
376.398: Total time for which application threads were stopped: 0.0007500 seconds, Stopping threads took: 0.0000630 seconds
376.465: Application time: 0.0673710 seconds
376.465: Total time for which application threads were stopped: 0.0000860 seconds, Stopping threads took: 0.0000480 seconds
376.487: Application time: 0.0216270 seconds
376.487: [GC [PSYoungGen: 34243K->736K(35840K)] 49233K->15725K(73216K), 0.0004960 secs] [Times: user=0.00 sys=0.00, real=0.00 secs] 
376.487: Total time for which application threads were stopped: 0.0006090 seconds, Stopping threads took: 0.0000510 seconds
376.581: Application time: 0.0933750 seconds
376.581: [GC [PSYoungGen: 33161K->1216K(33792K)] 48151K->16213K(71168K), 0.0006220 secs] [Times: user=0.00 sys=0.00, real=0.01 secs] 
376.582: Total time for which application threads were stopped: 0.0007350 seconds, Stopping threads took: 0.0000480 seconds
376.626: Application time: 0.0447860 seconds
376.626: Total time for which application threads were stopped: 0.0000950 seconds, Stopping threads took: 0.0000700 seconds
376.634: Application time: 0.0075930 seconds
376.634: Total time for which application threads were stopped: 0.0000660 seconds, Stopping threads took: 0.0000490 seconds
376.660: Application time: 0.0263330 seconds
376.660: Total time for which application threads were stopped: 0.0000590 seconds, Stopping threads took: 0.0000340 seconds
376.699: Application time: 0.0385740 seconds
376.699: [GC [PSYoungGen: 33281K->672K(34816K)] 48279K->15669K(72192K), 0.0004720 secs] [Times: user=0.00 sys=0.00, real=0.00 secs] 
376.700: Total time for which application threads were stopped: 0.0005670 seconds, Stopping threads took: 0.0000350 seconds
376.772: Application time: 0.0720780 seconds
376.772: Total time for which application threads were stopped: 0.0000660 seconds, Stopping threads took: 0.0000400 seconds
376.906: Application time: 0.1343530 seconds
376.906: [GC [PSYoungGen: 32416K->858K(32256K)] 47413K->15864K(69632K), 0.0008750 secs] [Times: user=0.00 sys=0.00, real=0.00 secs] 
376.907: Total time for which application threads were stopped: 0.0009560 seconds, Stopping threads took: 0.0000120 seconds
376.907: Application time: 0.0000510 seconds
376.907: Total time for which application threads were stopped: 0.0000230 seconds, Stopping threads took: 0.0000140 seconds
376.907: Application time: 0.0000160 seconds
376.907: Total time for which application threads were stopped: 0.0000180 seconds, Stopping threads took: 0.0000120 seconds
376.907: Application time: 0.0000100 seconds
376.907: Total time for which application threads were stopped: 0.0000180 seconds, Stopping threads took: 0.0000130 seconds
376.907: Application time: 0.0000080 seconds
376.907: Total time for which application threads were stopped: 0.0000160 seconds, Stopping threads took: 0.0000120 seconds
376.907: Application time: 0.0000080 seconds
376.907: Total time for which application threads were stopped: 0.0000150 seconds, Stopping threads took: 0.0000100 seconds
376.907: Application time: 0.0000090 seconds
376.907: Total time for which application threads were stopped: 0.0000140 seconds, Stopping threads took: 0.0000100 seconds
376.907: Application time: 0.0000080 seconds
376.907: Total time for which application threads were stopped: 0.0000140 seconds, Stopping threads took: 0.0000090 seconds
376.907: Application time: 0.0000090 seconds
376.907: Total time for which application threads were stopped: 0.0000170 seconds, Stopping threads took: 0.0000120 seconds
376.907: Application time: 0.0000080 seconds
376.907: Total time for which application threads were stopped: 0.0000150 seconds, Stopping threads took: 0.0000100 seconds
376.907: Application time: 0.0000080 seconds
376.907: Total time for which application threads were stopped: 0.0000140 seconds, Stopping threads took: 0.0000090 seconds
376.907: Application time: 0.0000080 seconds
376.907: Total time for which application threads were stopped: 0.0000140 seconds, Stopping threads took: 0.0000100 seconds
376.907: Application time: 0.0000080 seconds
376.907: Total time for which application threads were stopped: 0.0000130 seconds, Stopping threads took: 0.0000090 seconds
376.907: Application time: 0.0000090 seconds
376.907: Total time for which application threads were stopped: 0.0000140 seconds, Stopping threads took: 0.0000100 seconds
376.907: Application time: 0.0000080 seconds
376.907: Total time for which application threads were stopped: 0.0000140 seconds, Stopping threads took: 0.0000100 seconds
376.908: Application time: 0.0000080 seconds
376.908: Total time for which application threads were stopped: 0.0000160 seconds, Stopping threads took: 0.0000120 seconds
376.908: Application time: 0.0000080 seconds
376.908: Total time for which application threads were stopped: 0.0000150 seconds, Stopping threads took: 0.0000100 seconds
376.930: Application time: 0.0225410 seconds
376.930: Total time for which application threads were stopped: 0.0000460 seconds, Stopping threads took: 0.0000080 seconds
377.537: Application time: 0.6071750 seconds
377.537: [GC [PSYoungGen: 32090K->3557K(32768K)] 47096K->22642K(70144K), 0.0041980 secs] [Times: user=0.03 sys=0.00, real=0.01 secs] 
377.542: Total time for which application threads were stopped: 0.0043200 seconds, Stopping threads took: 0.0000100 seconds
377.542: Application time: 0.0001270 seconds
377.542: Total time for which application threads were stopped: 0.0002180 seconds, Stopping threads took: 0.0001930 seconds
377.542: Application time: 0.0000810 seconds
377.542: Total time for which application threads were stopped: 0.0000880 seconds, Stopping threads took: 0.0000740 seconds
377.542: Application time: 0.0000400 seconds
377.542: Total time for which application threads were stopped: 0.0000340 seconds, Stopping threads took: 0.0000210 seconds
377.542: Application time: 0.0000270 seconds
377.542: Total time for which application threads were stopped: 0.0000270 seconds, Stopping threads took: 0.0000180 seconds
377.542: Application time: 0.0000270 seconds
377.542: Total time for which application threads were stopped: 0.0000250 seconds, Stopping threads took: 0.0000140 seconds
377.542: Application time: 0.0000320 seconds
377.542: Total time for which application threads were stopped: 0.0000160 seconds, Stopping threads took: 0.0000100 seconds
377.542: Application time: 0.0000110 seconds
377.542: Total time for which application threads were stopped: 0.0000150 seconds, Stopping threads took: 0.0000100 seconds
377.542: Application time: 0.0000100 seconds
377.542: Total time for which application threads were stopped: 0.0000150 seconds, Stopping threads took: 0.0000100 seconds
377.542: Application time: 0.0000090 seconds
377.542: Total time for which application threads were stopped: 0.0000150 seconds, Stopping threads took: 0.0000100 seconds
377.542: Application time: 0.0000090 seconds
377.542: Total time for which application threads were stopped: 0.0000150 seconds, Stopping threads took: 0.0000100 seconds
377.542: Application time: 0.0000090 seconds
377.543: Total time for which application threads were stopped: 0.0000150 seconds, Stopping threads took: 0.0000100 seconds
377.543: Application time: 0.0000090 seconds
377.543: Total time for which application threads were stopped: 0.0000150 seconds, Stopping threads took: 0.0000090 seconds
377.543: Application time: 0.0000130 seconds
377.543: Total time for which application threads were stopped: 0.0000170 seconds, Stopping threads took: 0.0000130 seconds
377.543: Application time: 0.0000090 seconds
377.543: Total time for which application threads were stopped: 0.0000160 seconds, Stopping threads took: 0.0000110 seconds
377.543: Application time: 0.0000090 seconds
377.543: Total time for which application threads were stopped: 0.0000150 seconds, Stopping threads took: 0.0000100 seconds
377.543: Application time: 0.0000090 seconds
377.543: Total time for which application threads were stopped: 0.0000100 seconds, Stopping threads took: 0.0000050 seconds
377.543: Application time: 0.0000100 seconds
377.543: Total time for which application threads were stopped: 0.0000170 seconds, Stopping threads took: 0.0000120 seconds
377.543: Application time: 0.0000090 seconds
377.543: Total time for which application threads were stopped: 0.0000180 seconds, Stopping threads took: 0.0000130 seconds
377.543: Application time: 0.0000090 seconds
377.543: Total time for which application threads were stopped: 0.0000170 seconds, Stopping threads took: 0.0000120 seconds
377.543: Application time: 0.0000090 seconds
377.543: Total time for which application threads were stopped: 0.0000160 seconds, Stopping threads took: 0.0000110 seconds
377.543: Application time: 0.0000090 seconds
377.543: Total time for which application threads were stopped: 0.0000170 seconds, Stopping threads took: 0.0000120 seconds
377.543: Application time: 0.0000090 seconds
377.543: Total time for which application threads were stopped: 0.0000170 seconds, Stopping threads took: 0.0000120 seconds
377.543: Application time: 0.0000100 seconds
377.543: Total time for which application threads were stopped: 0.0000150 seconds, Stopping threads took: 0.0000100 seconds
377.543: Application time: 0.0000110 seconds
377.543: Total time for which application threads were stopped: 0.0000180 seconds, Stopping threads took: 0.0000080 seconds
377.543: Application time: 0.0001790 seconds
377.543: Total time for which application threads were stopped: 0.0000150 seconds, Stopping threads took: 0.0000060 seconds
377.543: Application time: 0.0000370 seconds
377.543: Total time for which application threads were stopped: 0.0000130 seconds, Stopping threads took: 0.0000040 seconds
377.543: Application time: 0.0000280 seconds
377.543: Total time for which application threads were stopped: 0.0000130 seconds, Stopping threads took: 0.0000040 seconds
377.543: Application time: 0.0001010 seconds
377.543: Total time for which application threads were stopped: 0.0000110 seconds, Stopping threads took: 0.0000040 seconds
377.543: Application time: 0.0000190 seconds
377.543: Total time for which application threads were stopped: 0.0000200 seconds, Stopping threads took: 0.0000120 seconds
377.756: Application time: 0.2128740 seconds
377.756: Total time for which application threads were stopped: 0.0000690 seconds, Stopping threads took: 0.0000140 seconds
377.758: Application time: 0.0018080 seconds
377.758: Total time for which application threads were stopped: 0.0000230 seconds, Stopping threads took: 0.0000100 seconds
Heap
 PSYoungGen      total 32768K, used 20174K [0x00000000d7480000, 0x00000000d9d80000, 0x0000000100000000)
  eden space 29184K, 56% used [0x00000000d7480000,0x00000000d84ba460,0x00000000d9100000)
  from space 3584K, 99% used [0x00000000d9680000,0x00000000d99f9490,0x00000000d9a00000)
  to   space 5632K, 0% used [0x00000000d9100000,0x00000000d9100000,0x00000000d9680000)
 ParOldGen       total 37376K, used 19085K [0x0000000085e00000, 0x0000000088280000, 0x00000000d7480000)
  object space 37376K, 51% used [0x0000000085e00000,0x00000000870a3418,0x0000000088280000)
 PSPermGen       total 21504K, used 12935K [0x0000000080c00000, 0x0000000082100000, 0x0000000085e00000)
  object space 21504K, 60% used [0x0000000080c00000,0x00000000818a1ef0,0x0000000082100000)
377.758: Application time: 0.0001610 seconds
